[0.004s][warning][gc] -XX:+PrintGCDetails is deprecated. Will use -Xlog:gc* instead.
[0.010s][debug  ][gc,heap] Minimum heap 2147483648  Initial heap 2147483648  Maximum heap 2147483648
[0.010s][info   ][gc     ] Using Parallel
[0.010s][debug  ][gc,heap,coops] Heap address: 0x0000000080000000, size: 2048 MB, Compressed Oops mode: 32-bit
[0.015s][info   ][gc,init      ] Version: 17.0.2+8-86 (release)
[0.015s][info   ][gc,init      ] CPUs: 12 total, 12 available
[0.015s][info   ][gc,init      ] Memory: 14188M
[0.015s][info   ][gc,init      ] Large Page Support: Disabled
[0.015s][info   ][gc,init      ] NUMA Support: Disabled
[0.015s][info   ][gc,init      ] Compressed Oops: Enabled (32-bit)
[0.015s][info   ][gc,init      ] Alignments: Space 512K, Generation 512K, Heap 2M
[0.015s][info   ][gc,init      ] Heap Min Capacity: 2G
[0.016s][info   ][gc,init      ] Heap Initial Capacity: 2G
[0.016s][info   ][gc,init      ] Heap Max Capacity: 2G
[0.016s][info   ][gc,init      ] Pre-touch: Disabled
[0.016s][info   ][gc,init      ] Parallel Workers: 10
[0.016s][info   ][gc,metaspace ] CDS archive(s) mapped at: [0x0000000800000000-0x0000000800bc0000-0x0000000800bc0000), size 12320768, SharedBaseAddress: 0x0000000800000000, ArchiveRelocationMode: 0.
[0.016s][info   ][gc,metaspace ] Compressed class space mapped at: 0x0000000800c00000-0x0000000840c00000, reserved size: 1073741824
[0.016s][info   ][gc,metaspace ] Narrow klass base: 0x0000000800000000, Narrow klass shift: 0, Narrow klass range: 0x100000000
[0.352s][debug  ][gc,heap      ] GC(0) Heap before GC invocations=1 (full 0):
[0.353s][debug  ][gc,heap      ] GC(0)  PSYoungGen      total 229376K, used 189809K [0x00000000f0000000, 0x0000000100000000, 0x0000000100000000)
[0.353s][debug  ][gc,heap      ] GC(0)   eden space 196608K, 96% used [0x00000000f0000000,0x00000000fb95c500,0x00000000fc000000)
[0.353s][debug  ][gc,heap      ] GC(0)   from space 32768K, 0% used [0x00000000fe000000,0x00000000fe000000,0x0000000100000000)
[0.353s][debug  ][gc,heap      ] GC(0)   to   space 32768K, 0% used [0x00000000fc000000,0x00000000fc000000,0x00000000fe000000)
[0.353s][debug  ][gc,heap      ] GC(0)  ParOldGen       total 1835008K, used 0K [0x0000000080000000, 0x00000000f0000000, 0x00000000f0000000)
[0.353s][debug  ][gc,heap      ] GC(0)   object space 1835008K, 0% used [0x0000000080000000,0x0000000080000000,0x00000000f0000000)
[0.353s][debug  ][gc,heap      ] GC(0)  Metaspace       used 715K, committed 896K, reserved 1056768K
[0.353s][debug  ][gc,heap      ] GC(0)   class space    used 59K, committed 128K, reserved 1048576K
[0.353s][debug  ][gc,tlab      ] GC(0) TLAB totals: thrds: 4  refills: 4 max: 1 slow allocs: 18 max 18 waste: 89.8% gc: 14463392B max: 4026448B slow: 0B max: 0B
[0.353s][info   ][gc,start     ] GC(0) Pause Young (Allocation Failure)
[0.353s][debug  ][gc,phases,start] GC(0) Scavenge
[0.367s][debug  ][gc,phases      ] GC(0) Scavenge 13.773ms
[0.367s][debug  ][gc,phases,start] GC(0) Reference Processing
[0.367s][debug  ][gc,ref         ] GC(0) Skipped phase 1 of Reference Processing: no references
[0.367s][debug  ][gc,ref         ] GC(0) ReferenceProcessor::execute queues: 1, RefProcThreadModel::Single, marks_oops_alive: false
[0.367s][debug  ][gc,ref         ] GC(0) Skipped phase 3 of Reference Processing: no references
[0.367s][debug  ][gc,ref         ] GC(0) ReferenceProcessor::execute queues: 1, RefProcThreadModel::Single, marks_oops_alive: false
[0.367s][debug  ][gc,phases,ref  ] GC(0) Reference Processing: 0.1ms
[0.367s][debug  ][gc,phases,ref  ] GC(0)   Reconsider SoftReferences: 0.0ms
[0.367s][debug  ][gc,phases,ref  ] GC(0)     SoftRef (ms):                  skipped
[0.367s][debug  ][gc,phases,ref  ] GC(0)   Notify Soft/WeakReferences: 0.0ms
[0.367s][debug  ][gc,phases,ref  ] GC(0)     SoftRef (ms):                  Min:  0.0, Avg:  0.0, Max:  0.0, Diff:  0.0, Sum:  0.0, Workers: 10
[0.367s][debug  ][gc,phases,ref  ] GC(0)     WeakRef (ms):                  Min:  0.0, Avg:  0.0, Max:  0.0, Diff:  0.0, Sum:  0.0, Workers: 10
[0.367s][debug  ][gc,phases,ref  ] GC(0)     FinalRef (ms):                 Min:  0.0, Avg:  0.0, Max:  0.0, Diff:  0.0, Sum:  0.0, Workers: 10
[0.367s][debug  ][gc,phases,ref  ] GC(0)     Total (ms):                    Min:  0.0, Avg:  0.0, Max:  0.0, Diff:  0.0, Sum:  0.0, Workers: 10
[0.367s][debug  ][gc,phases,ref  ] GC(0)   Notify and keep alive finalizable: 0.0ms
[0.367s][debug  ][gc,phases,ref  ] GC(0)     FinalRef (ms):                 skipped
[0.367s][debug  ][gc,phases,ref  ] GC(0)   Notify PhantomReferences: 0.0ms
[0.368s][debug  ][gc,phases,ref  ] GC(0)     PhantomRef (ms):               Min:  0.0, Avg:  0.0, Max:  0.0, Diff:  0.0, Sum:  0.0, Workers: 10
[0.368s][debug  ][gc,phases,ref  ] GC(0)   SoftReference:
[0.368s][debug  ][gc,phases,ref  ] GC(0)     Discovered: 0
[0.368s][debug  ][gc,phases,ref  ] GC(0)     Cleared: 0
[0.368s][debug  ][gc,phases,ref  ] GC(0)   WeakReference:
[0.368s][debug  ][gc,phases,ref  ] GC(0)     Discovered: 85
[0.368s][debug  ][gc,phases,ref  ] GC(0)     Cleared: 62
[0.368s][debug  ][gc,phases,ref  ] GC(0)   FinalReference:
[0.368s][debug  ][gc,phases,ref  ] GC(0)     Discovered: 0
[0.368s][debug  ][gc,phases,ref  ] GC(0)     Cleared: 0
[0.368s][debug  ][gc,phases,ref  ] GC(0)   PhantomReference:
[0.368s][debug  ][gc,phases,ref  ] GC(0)     Discovered: 20
[0.368s][debug  ][gc,phases,ref  ] GC(0)     Cleared: 5
[0.368s][debug  ][gc,phases      ] GC(0) Reference Processing 0.757ms
[0.368s][debug  ][gc,phases,start] GC(0) Weak Processing
[0.368s][debug  ][gc,phases      ] GC(0)   VM Weak                        Min:  0.0, Avg:  0.0, Max:  0.0, Diff:  0.0, Sum:  0.0, Workers: 3
[0.368s][debug  ][gc,phases      ] GC(0)     Dead                           Min: 0, Avg:  0.0, Max: 0, Diff: 0, Sum: 0, Workers: 3
[0.368s][debug  ][gc,phases      ] GC(0)     Total                          Min: 0, Avg:  2.3, Max: 7, Diff: 7, Sum: 7, Workers: 3
[0.368s][debug  ][gc,phases      ] GC(0)   ObjectSynchronizer Weak        Min:  0.0, Avg:  0.0, Max:  0.0, Diff:  0.0, Sum:  0.0, Workers: 3
[0.368s][debug  ][gc,phases      ] GC(0)     Dead                           Min: 0, Avg:  0.0, Max: 0, Diff: 0, Sum: 0, Workers: 3
[0.368s][debug  ][gc,phases      ] GC(0)     Total                          Min: 0, Avg:  1.0, Max: 3, Diff: 3, Sum: 3, Workers: 3
[0.368s][debug  ][gc,phases      ] GC(0)   JVMTI Tag Weak OopStorage      Min:  0.0, Avg:  0.0, Max:  0.0, Diff:  0.0, Sum:  0.0, Workers: 3
[0.368s][debug  ][gc,phases      ] GC(0)     Dead                           Min: 0, Avg:  0.0, Max: 0, Diff: 0, Sum: 0, Workers: 3
[0.368s][debug  ][gc,phases      ] GC(0)     Total                          Min: 0, Avg:  0.0, Max: 0, Diff: 0, Sum: 0, Workers: 3
[0.368s][debug  ][gc,phases      ] GC(0)   StringTable Weak               Min:  0.0, Avg:  0.0, Max:  0.0, Diff:  0.0, Sum:  0.1, Workers: 3
[0.368s][debug  ][gc,phases      ] GC(0)     Dead                           Min: 0, Avg:  1.3, Max: 2, Diff: 2, Sum: 4, Workers: 3
[0.368s][debug  ][gc,phases      ] GC(0)     Total                          Min: 701, Avg: 873.7, Max: 1088, Diff: 387, Sum: 2621, Workers: 3
[0.368s][debug  ][gc,phases      ] GC(0)   ResolvedMethodTable Weak       Min:  0.0, Avg:  0.0, Max:  0.0, Diff:  0.0, Sum:  0.0, Workers: 3
[0.368s][debug  ][gc,phases      ] GC(0)     Dead                           Min: 0, Avg:  0.3, Max: 1, Diff: 1, Sum: 1, Workers: 3
[0.368s][debug  ][gc,phases      ] GC(0)     Total                          Min: 0, Avg: 27.7, Max: 64, Diff: 64, Sum: 83, Workers: 3
[0.368s][debug  ][gc,phases      ] GC(0)   JNI Weak                       Min:  0.0, Avg:  0.0, Max:  0.0, Diff:  0.0, Sum:  0.0, Workers: 3
[0.368s][debug  ][gc,phases      ] GC(0)     Dead                           Min: 0, Avg:  0.0, Max: 0, Diff: 0, Sum: 0, Workers: 3
[0.368s][debug  ][gc,phases      ] GC(0)     Total                          Min: 0, Avg:  0.0, Max: 0, Diff: 0, Sum: 0, Workers: 3
[0.368s][debug  ][gc,phases      ] GC(0)   StringDedup Table Weak         Min:  0.0, Avg:  0.0, Max:  0.0, Diff:  0.0, Sum:  0.0, Workers: 3
[0.368s][debug  ][gc,phases      ] GC(0)     Dead                           Min: 0, Avg:  0.0, Max: 0, Diff: 0, Sum: 0, Workers: 3
[0.368s][debug  ][gc,phases      ] GC(0)     Total                          Min: 0, Avg:  0.0, Max: 0, Diff: 0, Sum: 0, Workers: 3
[0.368s][debug  ][gc,phases      ] GC(0)   StringDedup Requests0 Weak     Min:  0.0, Avg:  0.0, Max:  0.0, Diff:  0.0, Sum:  0.0, Workers: 3
[0.368s][debug  ][gc,phases      ] GC(0)     Dead                           Min: 0, Avg:  0.0, Max: 0, Diff: 0, Sum: 0, Workers: 3
[0.368s][debug  ][gc,phases      ] GC(0)     Total                          Min: 0, Avg:  0.0, Max: 0, Diff: 0, Sum: 0, Workers: 3
[0.369s][debug  ][gc,phases      ] GC(0)   StringDedup Requests1 Weak     Min:  0.0, Avg:  0.0, Max:  0.0, Diff:  0.0, Sum:  0.0, Workers: 3
[0.369s][debug  ][gc,phases      ] GC(0)     Dead                           Min: 0, Avg:  0.0, Max: 0, Diff: 0, Sum: 0, Workers: 3
[0.369s][debug  ][gc,phases      ] GC(0)     Total                          Min: 0, Avg:  0.0, Max: 0, Diff: 0, Sum: 0, Workers: 3
[0.369s][debug  ][gc,phases      ] GC(0)   Weak JFR Old Object Samples    Min:  0.0, Avg:  0.0, Max:  0.0, Diff:  0.0, Sum:  0.0, Workers: 3
[0.369s][debug  ][gc,phases      ] GC(0)     Dead                           Min: 0, Avg:  0.0, Max: 0, Diff: 0, Sum: 0, Workers: 3
[0.369s][debug  ][gc,phases      ] GC(0)     Total                          Min: 0, Avg:  0.0, Max: 0, Diff: 0, Sum: 0, Workers: 3
[0.369s][debug  ][gc,phases      ] GC(0) Weak Processing 0.845ms
[0.369s][debug  ][gc,ergo        ] GC(0) AdaptiveSizeStart:  collection: 1 
[0.369s][debug  ][gc,age         ] GC(0) Desired survivor size 33554432 bytes, new threshold 7 (max threshold 15)
[0.369s][debug  ][gc,ergo        ] GC(0) PSAdaptiveSizePolicy::compute_eden_space_size limits: desired_eden_size: 402653184 old_eden_size: 201326592 eden_limit: 201326592 cur_eden: 201326592 max_eden_size: 201326592 avg_young_live: 32530496
[0.369s][debug  ][gc,ergo        ] GC(0) PSAdaptiveSizePolicy::compute_eden_space_size: costs minor_time: 0.044607 major_cost: 0.000000 mutator_cost: 0.955393 throughput_goal: 0.990000
[0.369s][debug  ][gc,ergo        ] GC(0) Live_space: 300965952 free_space: 402653184
[0.369s][debug  ][gc,ergo        ] GC(0) Old eden_size: 201326592 desired_eden_size: 201326592
[0.369s][debug  ][gc,ergo        ] GC(0) AdaptiveSizeStop: collection: 1 
[0.369s][info   ][gc,heap        ] GC(0) PSYoungGen: 189809K(229376K)->31768K(229376K) Eden: 189809K(196608K)->0K(196608K) From: 0K(32768K)->31768K(32768K)
[0.369s][info   ][gc,heap        ] GC(0) ParOldGen: 0K(1835008K)->143368K(1835008K)
[0.369s][info   ][gc,metaspace   ] GC(0) Metaspace: 715K(896K)->715K(896K) NonClass: 655K(768K)->655K(768K) Class: 59K(128K)->59K(128K)
[0.369s][info   ][gc             ] GC(0) Pause Young (Allocation Failure) 185M->171M(2016M) 16.074ms
[0.369s][info   ][gc,cpu         ] GC(0) User=0.05s Sys=0.08s Real=0.02s
[0.369s][debug  ][gc,heap        ] GC(0) Heap after GC invocations=1 (full 0):
[0.369s][debug  ][gc,heap        ] GC(0)  PSYoungGen      total 229376K, used 31768K [0x00000000f0000000, 0x0000000100000000, 0x0000000100000000)
[0.369s][debug  ][gc,heap        ] GC(0)   eden space 196608K, 0% used [0x00000000f0000000,0x00000000f0000000,0x00000000fc000000)
[0.369s][debug  ][gc,heap        ] GC(0)   from space 32768K, 96% used [0x00000000fc000000,0x00000000fdf06040,0x00000000fe000000)
[0.369s][debug  ][gc,heap        ] GC(0)   to   space 32768K, 0% used [0x00000000fe000000,0x00000000fe000000,0x0000000100000000)
[0.369s][debug  ][gc,heap        ] GC(0)  ParOldGen       total 1835008K, used 143368K [0x0000000080000000, 0x00000000f0000000, 0x00000000f0000000)
[0.369s][debug  ][gc,heap        ] GC(0)   object space 1835008K, 7% used [0x0000000080000000,0x0000000088c020e0,0x00000000f0000000)
[0.369s][debug  ][gc,heap        ] GC(0)  Metaspace       used 715K, committed 896K, reserved 1056768K
[0.369s][debug  ][gc,heap        ] GC(0)   class space    used 59K, committed 128K, reserved 1048576K
[0.369s][debug  ][gc,task,time   ] GC(0) VM-Thread 3524455 3670369 3691958
[0.653s][debug  ][gc,heap        ] GC(1) Heap before GC invocations=2 (full 0):
[0.653s][debug  ][gc,heap        ] GC(1)  PSYoungGen      total 229376K, used 219857K [0x00000000f0000000, 0x0000000100000000, 0x0000000100000000)
[0.653s][debug  ][gc,heap        ] GC(1)   eden space 196608K, 95% used [0x00000000f0000000,0x00000000fb7ae610,0x00000000fc000000)
[0.653s][debug  ][gc,heap        ] GC(1)   from space 32768K, 96% used [0x00000000fc000000,0x00000000fdf06040,0x00000000fe000000)
[0.653s][debug  ][gc,heap        ] GC(1)   to   space 32768K, 0% used [0x00000000fe000000,0x00000000fe000000,0x0000000100000000)
[0.653s][debug  ][gc,heap        ] GC(1)  ParOldGen       total 1835008K, used 143368K [0x0000000080000000, 0x00000000f0000000, 0x00000000f0000000)
[0.653s][debug  ][gc,heap        ] GC(1)   object space 1835008K, 7% used [0x0000000080000000,0x0000000088c020e0,0x00000000f0000000)
[0.653s][debug  ][gc,heap        ] GC(1)  Metaspace       used 715K, committed 896K, reserved 1056768K
[0.653s][debug  ][gc,heap        ] GC(1)   class space    used 59K, committed 128K, reserved 1048576K
[0.653s][debug  ][gc,tlab        ] GC(1) TLAB totals: thrds: 1  refills: 1 max: 1 slow allocs: 17 max 17 waste: 26.9% gc: 3859328B max: 3859328B slow: 0B max: 0B
[0.653s][info   ][gc,start       ] GC(1) Pause Young (Allocation Failure)
[0.653s][debug  ][gc,phases,start] GC(1) Scavenge
[0.671s][debug  ][gc,phases      ] GC(1) Scavenge 18.478ms
[0.671s][debug  ][gc,phases,start] GC(1) Reference Processing
[0.672s][debug  ][gc,ref         ] GC(1) Skipped phase 1 of Reference Processing: no references
[0.672s][debug  ][gc,ref         ] GC(1) ReferenceProcessor::execute queues: 1, RefProcThreadModel::Single, marks_oops_alive: false
[0.672s][debug  ][gc,ref         ] GC(1) Skipped phase 3 of Reference Processing: no references
[0.672s][debug  ][gc,ref         ] GC(1) ReferenceProcessor::execute queues: 1, RefProcThreadModel::Single, marks_oops_alive: false
[0.672s][debug  ][gc,phases,ref  ] GC(1) Reference Processing: 0.1ms
[0.672s][debug  ][gc,phases,ref  ] GC(1)   Reconsider SoftReferences: 0.0ms
[0.672s][debug  ][gc,phases,ref  ] GC(1)     SoftRef (ms):                  skipped
[0.672s][debug  ][gc,phases,ref  ] GC(1)   Notify Soft/WeakReferences: 0.0ms
[0.672s][debug  ][gc,phases,ref  ] GC(1)     SoftRef (ms):                  Min:  0.0, Avg:  0.0, Max:  0.0, Diff:  0.0, Sum:  0.0, Workers: 10
[0.672s][debug  ][gc,phases,ref  ] GC(1)     WeakRef (ms):                  Min:  0.0, Avg:  0.0, Max:  0.0, Diff:  0.0, Sum:  0.0, Workers: 10
[0.672s][debug  ][gc,phases,ref  ] GC(1)     FinalRef (ms):                 Min:  0.0, Avg:  0.0, Max:  0.0, Diff:  0.0, Sum:  0.0, Workers: 10
[0.672s][debug  ][gc,phases,ref  ] GC(1)     Total (ms):                    Min:  0.0, Avg:  0.0, Max:  0.0, Diff:  0.0, Sum:  0.0, Workers: 10
[0.672s][debug  ][gc,phases,ref  ] GC(1)   Notify and keep alive finalizable: 0.0ms
[0.672s][debug  ][gc,phases,ref  ] GC(1)     FinalRef (ms):                 skipped
[0.672s][debug  ][gc,phases,ref  ] GC(1)   Notify PhantomReferences: 0.0ms
[0.672s][debug  ][gc,phases,ref  ] GC(1)     PhantomRef (ms):               Min:  0.0, Avg:  0.0, Max:  0.0, Diff:  0.0, Sum:  0.0, Workers: 10
[0.672s][debug  ][gc,phases,ref  ] GC(1)   SoftReference:
[0.672s][debug  ][gc,phases,ref  ] GC(1)     Discovered: 0
[0.672s][debug  ][gc,phases,ref  ] GC(1)     Cleared: 0
[0.672s][debug  ][gc,phases,ref  ] GC(1)   WeakReference:
[0.672s][debug  ][gc,phases,ref  ] GC(1)     Discovered: 37
[0.672s][debug  ][gc,phases,ref  ] GC(1)     Cleared: 37
[0.672s][debug  ][gc,phases,ref  ] GC(1)   FinalReference:
[0.672s][debug  ][gc,phases,ref  ] GC(1)     Discovered: 0
[0.672s][debug  ][gc,phases,ref  ] GC(1)     Cleared: 0
[0.672s][debug  ][gc,phases,ref  ] GC(1)   PhantomReference:
[0.672s][debug  ][gc,phases,ref  ] GC(1)     Discovered: 5
[0.672s][debug  ][gc,phases,ref  ] GC(1)     Cleared: 5
[0.672s][debug  ][gc,phases      ] GC(1) Reference Processing 0.676ms
[0.672s][debug  ][gc,phases,start] GC(1) Weak Processing
[0.672s][debug  ][gc,phases      ] GC(1)   VM Weak                        Min:  0.0, Avg:  0.0, Max:  0.0, Diff:  0.0, Sum:  0.0, Workers: 3
[0.672s][debug  ][gc,phases      ] GC(1)     Dead                           Min: 0, Avg:  0.0, Max: 0, Diff: 0, Sum: 0, Workers: 3
[0.672s][debug  ][gc,phases      ] GC(1)     Total                          Min: 0, Avg:  2.3, Max: 7, Diff: 7, Sum: 7, Workers: 3
[0.672s][debug  ][gc,phases      ] GC(1)   ObjectSynchronizer Weak        Min:  0.0, Avg:  0.0, Max:  0.0, Diff:  0.0, Sum:  0.0, Workers: 3
[0.672s][debug  ][gc,phases      ] GC(1)     Dead                           Min: 0, Avg:  0.0, Max: 0, Diff: 0, Sum: 0, Workers: 3
[0.672s][debug  ][gc,phases      ] GC(1)     Total                          Min: 0, Avg:  1.0, Max: 3, Diff: 3, Sum: 3, Workers: 3
[0.673s][debug  ][gc,phases      ] GC(1)   JVMTI Tag Weak OopStorage      Min:  0.0, Avg:  0.0, Max:  0.0, Diff:  0.0, Sum:  0.0, Workers: 3
[0.673s][debug  ][gc,phases      ] GC(1)     Dead                           Min: 0, Avg:  0.0, Max: 0, Diff: 0, Sum: 0, Workers: 3
[0.673s][debug  ][gc,phases      ] GC(1)     Total                          Min: 0, Avg:  0.0, Max: 0, Diff: 0, Sum: 0, Workers: 3
[0.673s][debug  ][gc,phases      ] GC(1)   StringTable Weak               Min:  0.0, Avg:  0.0, Max:  0.0, Diff:  0.0, Sum:  0.1, Workers: 3
[0.673s][debug  ][gc,phases      ] GC(1)     Dead                           Min: 0, Avg:  0.0, Max: 0, Diff: 0, Sum: 0, Workers: 3
[0.673s][debug  ][gc,phases      ] GC(1)     Total                          Min: 765, Avg: 873.7, Max: 960, Diff: 195, Sum: 2621, Workers: 3
[0.673s][debug  ][gc,phases      ] GC(1)   ResolvedMethodTable Weak       Min:  0.0, Avg:  0.0, Max:  0.0, Diff:  0.0, Sum:  0.0, Workers: 3
[0.673s][debug  ][gc,phases      ] GC(1)     Dead                           Min: 0, Avg:  0.0, Max: 0, Diff: 0, Sum: 0, Workers: 3
[0.673s][debug  ][gc,phases      ] GC(1)     Total                          Min: 0, Avg: 27.7, Max: 64, Diff: 64, Sum: 83, Workers: 3
[0.673s][debug  ][gc,phases      ] GC(1)   JNI Weak                       Min:  0.0, Avg:  0.0, Max:  0.0, Diff:  0.0, Sum:  0.0, Workers: 3
[0.673s][debug  ][gc,phases      ] GC(1)     Dead                           Min: 0, Avg:  0.0, Max: 0, Diff: 0, Sum: 0, Workers: 3
[0.673s][debug  ][gc,phases      ] GC(1)     Total                          Min: 0, Avg:  0.0, Max: 0, Diff: 0, Sum: 0, Workers: 3
[0.673s][debug  ][gc,phases      ] GC(1)   StringDedup Table Weak         Min:  0.0, Avg:  0.0, Max:  0.0, Diff:  0.0, Sum:  0.0, Workers: 3
[0.673s][debug  ][gc,phases      ] GC(1)     Dead                           Min: 0, Avg:  0.0, Max: 0, Diff: 0, Sum: 0, Workers: 3
[0.673s][debug  ][gc,phases      ] GC(1)     Total                          Min: 0, Avg:  0.0, Max: 0, Diff: 0, Sum: 0, Workers: 3
[0.673s][debug  ][gc,phases      ] GC(1)   StringDedup Requests0 Weak     Min:  0.0, Avg:  0.0, Max:  0.0, Diff:  0.0, Sum:  0.0, Workers: 3
[0.673s][debug  ][gc,phases      ] GC(1)     Dead                           Min: 0, Avg:  0.0, Max: 0, Diff: 0, Sum: 0, Workers: 3
[0.673s][debug  ][gc,phases      ] GC(1)     Total                          Min: 0, Avg:  0.0, Max: 0, Diff: 0, Sum: 0, Workers: 3
[0.673s][debug  ][gc,phases      ] GC(1)   StringDedup Requests1 Weak     Min:  0.0, Avg:  0.0, Max:  0.0, Diff:  0.0, Sum:  0.0, Workers: 3
[0.673s][debug  ][gc,phases      ] GC(1)     Dead                           Min: 0, Avg:  0.0, Max: 0, Diff: 0, Sum: 0, Workers: 3
[0.673s][debug  ][gc,phases      ] GC(1)     Total                          Min: 0, Avg:  0.0, Max: 0, Diff: 0, Sum: 0, Workers: 3
[0.673s][debug  ][gc,phases      ] GC(1)   Weak JFR Old Object Samples    Min:  0.0, Avg:  0.0, Max:  0.0, Diff:  0.0, Sum:  0.0, Workers: 3
[0.673s][debug  ][gc,phases      ] GC(1)     Dead                           Min: 0, Avg:  0.0, Max: 0, Diff: 0, Sum: 0, Workers: 3
[0.673s][debug  ][gc,phases      ] GC(1)     Total                          Min: 0, Avg:  0.0, Max: 0, Diff: 0, Sum: 0, Workers: 3
[0.673s][debug  ][gc,phases      ] GC(1) Weak Processing 0.796ms
[0.673s][debug  ][gc,ergo        ] GC(1) AdaptiveSizeStart:  collection: 2 
[0.673s][debug  ][gc,age         ] GC(1) Desired survivor size 33554432 bytes, new threshold 7 (max threshold 15)
[0.673s][debug  ][gc,ergo        ] GC(1) PSAdaptiveSizePolicy::compute_eden_space_size limits: desired_eden_size: 402653184 old_eden_size: 201326592 eden_limit: 201326592 cur_eden: 201326592 max_eden_size: 201326592 avg_young_live: 32546880
[0.673s][debug  ][gc,ergo        ] GC(1) PSAdaptiveSizePolicy::compute_eden_space_size: costs minor_time: 0.055331 major_cost: 0.000000 mutator_cost: 0.944669 throughput_goal: 0.990000
[0.673s][debug  ][gc,ergo        ] GC(1) Live_space: 300982336 free_space: 402653184
[0.673s][debug  ][gc,ergo        ] GC(1) Old eden_size: 201326592 desired_eden_size: 201326592
[0.673s][debug  ][gc,ergo        ] GC(1) AdaptiveSizeStop: collection: 2 
[0.673s][info   ][gc,heap        ] GC(1) PSYoungGen: 219857K(229376K)->31800K(229376K) Eden: 188089K(196608K)->0K(196608K) From: 31768K(32768K)->31800K(32768K)
[0.673s][info   ][gc,heap        ] GC(1) ParOldGen: 143368K(1835008K)->327696K(1835008K)
[0.673s][info   ][gc,metaspace   ] GC(1) Metaspace: 715K(896K)->715K(896K) NonClass: 656K(768K)->656K(768K) Class: 59K(128K)->59K(128K)
[0.673s][info   ][gc             ] GC(1) Pause Young (Allocation Failure) 354M->351M(2016M) 20.399ms
[0.673s][info   ][gc,cpu         ] GC(1) User=0.02s Sys=0.14s Real=0.02s
[0.673s][debug  ][gc,heap        ] GC(1) Heap after GC invocations=2 (full 0):
[0.673s][debug  ][gc,heap        ] GC(1)  PSYoungGen      total 229376K, used 31800K [0x00000000f0000000, 0x0000000100000000, 0x0000000100000000)
[0.673s][debug  ][gc,heap        ] GC(1)   eden space 196608K, 0% used [0x00000000f0000000,0x00000000f0000000,0x00000000fc000000)
[0.673s][debug  ][gc,heap        ] GC(1)   from space 32768K, 97% used [0x00000000fe000000,0x00000000fff0e040,0x0000000100000000)
[0.673s][debug  ][gc,heap        ] GC(1)   to   space 32768K, 0% used [0x00000000fc000000,0x00000000fc000000,0x00000000fe000000)
[0.673s][debug  ][gc,heap        ] GC(1)  ParOldGen       total 1835008K, used 327696K [0x0000000080000000, 0x00000000f0000000, 0x00000000f0000000)
[0.674s][debug  ][gc,heap        ] GC(1)   object space 1835008K, 17% used [0x0000000080000000,0x0000000094004200,0x00000000f0000000)
[0.674s][debug  ][gc,heap        ] GC(1)  Metaspace       used 715K, committed 896K, reserved 1056768K
[0.674s][debug  ][gc,heap        ] GC(1)   class space    used 59K, committed 128K, reserved 1048576K
[0.674s][debug  ][gc,task,time   ] GC(1) VM-Thread 6525579 6714928 6735795
[0.956s][debug  ][gc,heap        ] GC(2) Heap before GC invocations=3 (full 0):
[0.956s][debug  ][gc,heap        ] GC(2)  PSYoungGen      total 229376K, used 219854K [0x00000000f0000000, 0x0000000100000000, 0x0000000100000000)
[0.956s][debug  ][gc,heap        ] GC(2)   eden space 196608K, 95% used [0x00000000f0000000,0x00000000fb7a5b40,0x00000000fc000000)
[0.956s][debug  ][gc,heap        ] GC(2)   from space 32768K, 97% used [0x00000000fe000000,0x00000000fff0e040,0x0000000100000000)
[0.956s][debug  ][gc,heap        ] GC(2)   to   space 32768K, 0% used [0x00000000fc000000,0x00000000fc000000,0x00000000fe000000)
[0.956s][debug  ][gc,heap        ] GC(2)  ParOldGen       total 1835008K, used 327696K [0x0000000080000000, 0x00000000f0000000, 0x00000000f0000000)
[0.956s][debug  ][gc,heap        ] GC(2)   object space 1835008K, 17% used [0x0000000080000000,0x0000000094004200,0x00000000f0000000)
[0.956s][debug  ][gc,heap        ] GC(2)  Metaspace       used 715K, committed 896K, reserved 1056768K
[0.956s][debug  ][gc,heap        ] GC(2)   class space    used 59K, committed 128K, reserved 1048576K
[0.956s][debug  ][gc,tlab        ] GC(2) TLAB totals: thrds: 1  refills: 1 max: 1 slow allocs: 17 max 17 waste: 26.7% gc: 3823848B max: 3823848B slow: 0B max: 0B
[0.956s][info   ][gc,start       ] GC(2) Pause Young (Allocation Failure)
[0.956s][debug  ][gc,phases,start] GC(2) Scavenge
[0.975s][debug  ][gc,phases      ] GC(2) Scavenge 18.754ms
[0.975s][debug  ][gc,phases,start] GC(2) Reference Processing
[0.975s][debug  ][gc,ref         ] GC(2) Skipped phase 1 of Reference Processing: no references
[0.975s][debug  ][gc,ref         ] GC(2) ReferenceProcessor::execute queues: 1, RefProcThreadModel::Single, marks_oops_alive: false
[0.975s][debug  ][gc,ref         ] GC(2) Skipped phase 3 of Reference Processing: no references
[0.975s][debug  ][gc,ref         ] GC(2) ReferenceProcessor::execute queues: 1, RefProcThreadModel::Single, marks_oops_alive: false
[0.975s][debug  ][gc,phases,ref  ] GC(2) Reference Processing: 0.1ms
[0.975s][debug  ][gc,phases,ref  ] GC(2)   Reconsider SoftReferences: 0.0ms
[0.975s][debug  ][gc,phases,ref  ] GC(2)     SoftRef (ms):                  skipped
[0.975s][debug  ][gc,phases,ref  ] GC(2)   Notify Soft/WeakReferences: 0.0ms
[0.975s][debug  ][gc,phases,ref  ] GC(2)     SoftRef (ms):                  Min:  0.0, Avg:  0.0, Max:  0.0, Diff:  0.0, Sum:  0.0, Workers: 10
[0.975s][debug  ][gc,phases,ref  ] GC(2)     WeakRef (ms):                  Min:  0.0, Avg:  0.0, Max:  0.0, Diff:  0.0, Sum:  0.0, Workers: 10
[0.975s][debug  ][gc,phases,ref  ] GC(2)     FinalRef (ms):                 Min:  0.0, Avg:  0.0, Max:  0.0, Diff:  0.0, Sum:  0.0, Workers: 10
[0.975s][debug  ][gc,phases,ref  ] GC(2)     Total (ms):                    Min:  0.0, Avg:  0.0, Max:  0.0, Diff:  0.0, Sum:  0.0, Workers: 10
[0.975s][debug  ][gc,phases,ref  ] GC(2)   Notify and keep alive finalizable: 0.0ms
[0.975s][debug  ][gc,phases,ref  ] GC(2)     FinalRef (ms):                 skipped
[0.975s][debug  ][gc,phases,ref  ] GC(2)   Notify PhantomReferences: 0.0ms
[0.975s][debug  ][gc,phases,ref  ] GC(2)     PhantomRef (ms):               Min:  0.0, Avg:  0.0, Max:  0.0, Diff:  0.0, Sum:  0.0, Workers: 10
[0.975s][debug  ][gc,phases,ref  ] GC(2)   SoftReference:
[0.975s][debug  ][gc,phases,ref  ] GC(2)     Discovered: 0
[0.975s][debug  ][gc,phases,ref  ] GC(2)     Cleared: 0
[0.975s][debug  ][gc,phases,ref  ] GC(2)   WeakReference:
[0.975s][debug  ][gc,phases,ref  ] GC(2)     Discovered: 3
[0.975s][debug  ][gc,phases,ref  ] GC(2)     Cleared: 3
[0.975s][debug  ][gc,phases,ref  ] GC(2)   FinalReference:
[0.975s][debug  ][gc,phases,ref  ] GC(2)     Discovered: 0
[0.975s][debug  ][gc,phases,ref  ] GC(2)     Cleared: 0
[0.976s][debug  ][gc,phases,ref  ] GC(2)   PhantomReference:
[0.976s][debug  ][gc,phases,ref  ] GC(2)     Discovered: 3
[0.976s][debug  ][gc,phases,ref  ] GC(2)     Cleared: 3
[0.976s][debug  ][gc,phases      ] GC(2) Reference Processing 0.681ms
[0.976s][debug  ][gc,phases,start] GC(2) Weak Processing
[0.976s][debug  ][gc,phases      ] GC(2)   VM Weak                        Min:  0.0, Avg:  0.0, Max:  0.0, Diff:  0.0, Sum:  0.0, Workers: 3
[0.976s][debug  ][gc,phases      ] GC(2)     Dead                           Min: 0, Avg:  0.0, Max: 0, Diff: 0, Sum: 0, Workers: 3
[0.976s][debug  ][gc,phases      ] GC(2)     Total                          Min: 0, Avg:  2.3, Max: 7, Diff: 7, Sum: 7, Workers: 3
[0.976s][debug  ][gc,phases      ] GC(2)   ObjectSynchronizer Weak        Min:  0.0, Avg:  0.0, Max:  0.0, Diff:  0.0, Sum:  0.0, Workers: 3
[0.976s][debug  ][gc,phases      ] GC(2)     Dead                           Min: 0, Avg:  0.0, Max: 0, Diff: 0, Sum: 0, Workers: 3
[0.976s][debug  ][gc,phases      ] GC(2)     Total                          Min: 0, Avg:  1.0, Max: 3, Diff: 3, Sum: 3, Workers: 3
[0.976s][debug  ][gc,phases      ] GC(2)   JVMTI Tag Weak OopStorage      Min:  0.0, Avg:  0.0, Max:  0.0, Diff:  0.0, Sum:  0.0, Workers: 3
[0.976s][debug  ][gc,phases      ] GC(2)     Dead                           Min: 0, Avg:  0.0, Max: 0, Diff: 0, Sum: 0, Workers: 3
[0.976s][debug  ][gc,phases      ] GC(2)     Total                          Min: 0, Avg:  0.0, Max: 0, Diff: 0, Sum: 0, Workers: 3
[0.976s][debug  ][gc,phases      ] GC(2)   StringTable Weak               Min:  0.0, Avg:  0.0, Max:  0.0, Diff:  0.0, Sum:  0.1, Workers: 3
[0.976s][debug  ][gc,phases      ] GC(2)     Dead                           Min: 0, Avg:  0.0, Max: 0, Diff: 0, Sum: 0, Workers: 3
[0.976s][debug  ][gc,phases      ] GC(2)     Total                          Min: 765, Avg: 873.7, Max: 960, Diff: 195, Sum: 2621, Workers: 3
[0.976s][debug  ][gc,phases      ] GC(2)   ResolvedMethodTable Weak       Min:  0.0, Avg:  0.0, Max:  0.0, Diff:  0.0, Sum:  0.0, Workers: 3
[0.976s][debug  ][gc,phases      ] GC(2)     Dead                           Min: 0, Avg:  0.0, Max: 0, Diff: 0, Sum: 0, Workers: 3
[0.976s][debug  ][gc,phases      ] GC(2)     Total                          Min: 0, Avg: 27.7, Max: 64, Diff: 64, Sum: 83, Workers: 3
[0.976s][debug  ][gc,phases      ] GC(2)   JNI Weak                       Min:  0.0, Avg:  0.0, Max:  0.0, Diff:  0.0, Sum:  0.0, Workers: 3
[0.976s][debug  ][gc,phases      ] GC(2)     Dead                           Min: 0, Avg:  0.0, Max: 0, Diff: 0, Sum: 0, Workers: 3
[0.976s][debug  ][gc,phases      ] GC(2)     Total                          Min: 0, Avg:  0.0, Max: 0, Diff: 0, Sum: 0, Workers: 3
[0.976s][debug  ][gc,phases      ] GC(2)   StringDedup Table Weak         Min:  0.0, Avg:  0.0, Max:  0.0, Diff:  0.0, Sum:  0.0, Workers: 3
[0.976s][debug  ][gc,phases      ] GC(2)     Dead                           Min: 0, Avg:  0.0, Max: 0, Diff: 0, Sum: 0, Workers: 3
[0.976s][debug  ][gc,phases      ] GC(2)     Total                          Min: 0, Avg:  0.0, Max: 0, Diff: 0, Sum: 0, Workers: 3
[0.976s][debug  ][gc,phases      ] GC(2)   StringDedup Requests0 Weak     Min:  0.0, Avg:  0.0, Max:  0.0, Diff:  0.0, Sum:  0.0, Workers: 3
[0.976s][debug  ][gc,phases      ] GC(2)     Dead                           Min: 0, Avg:  0.0, Max: 0, Diff: 0, Sum: 0, Workers: 3
[0.976s][debug  ][gc,phases      ] GC(2)     Total                          Min: 0, Avg:  0.0, Max: 0, Diff: 0, Sum: 0, Workers: 3
[0.976s][debug  ][gc,phases      ] GC(2)   StringDedup Requests1 Weak     Min:  0.0, Avg:  0.0, Max:  0.0, Diff:  0.0, Sum:  0.0, Workers: 3
[0.976s][debug  ][gc,phases      ] GC(2)     Dead                           Min: 0, Avg:  0.0, Max: 0, Diff: 0, Sum: 0, Workers: 3
[0.976s][debug  ][gc,phases      ] GC(2)     Total                          Min: 0, Avg:  0.0, Max: 0, Diff: 0, Sum: 0, Workers: 3
[0.976s][debug  ][gc,phases      ] GC(2)   Weak JFR Old Object Samples    Min:  0.0, Avg:  0.0, Max:  0.0, Diff:  0.0, Sum:  0.0, Workers: 3
[0.976s][debug  ][gc,phases      ] GC(2)     Dead                           Min: 0, Avg:  0.0, Max: 0, Diff: 0, Sum: 0, Workers: 3
[0.976s][debug  ][gc,phases      ] GC(2)     Total                          Min: 0, Avg:  0.0, Max: 0, Diff: 0, Sum: 0, Workers: 3
[0.976s][debug  ][gc,phases      ] GC(2) Weak Processing 0.787ms
[0.976s][debug  ][gc,ergo        ] GC(2) AdaptiveSizeStart:  collection: 3 
[0.976s][debug  ][gc,age         ] GC(2) Desired survivor size 33554432 bytes, new threshold 7 (max threshold 15)
[0.976s][debug  ][gc,ergo        ] GC(2) PSAdaptiveSizePolicy::compute_eden_space_size limits: desired_eden_size: 402653184 old_eden_size: 201326592 eden_limit: 201326592 cur_eden: 201326592 max_eden_size: 201326592 avg_young_live: 32552298
[0.976s][debug  ][gc,ergo        ] GC(2) PSAdaptiveSizePolicy::compute_eden_space_size: costs minor_time: 0.059191 major_cost: 0.000000 mutator_cost: 0.940809 throughput_goal: 0.990000
[0.977s][debug  ][gc,ergo        ] GC(2) Live_space: 300987744 free_space: 402653184
[0.977s][debug  ][gc,ergo        ] GC(2) Old eden_size: 201326592 desired_eden_size: 201326592
[0.977s][debug  ][gc,ergo        ] GC(2) AdaptiveSizeStop: collection: 3 
[0.977s][info   ][gc,heap        ] GC(2) PSYoungGen: 219854K(229376K)->31800K(229376K) Eden: 188054K(196608K)->0K(196608K) From: 31800K(32768K)->31800K(32768K)
[0.977s][info   ][gc,heap        ] GC(2) ParOldGen: 327696K(1835008K)->512016K(1835008K)
[0.977s][info   ][gc,metaspace   ] GC(2) Metaspace: 715K(896K)->715K(896K) NonClass: 656K(768K)->656K(768K) Class: 59K(128K)->59K(128K)
[0.977s][info   ][gc             ] GC(2) Pause Young (Allocation Failure) 534M->531M(2016M) 20.646ms
[0.977s][info   ][gc,cpu         ] GC(2) User=0.12s Sys=0.17s Real=0.02s
[0.977s][debug  ][gc,heap        ] GC(2) Heap after GC invocations=3 (full 0):
[0.977s][debug  ][gc,heap        ] GC(2)  PSYoungGen      total 229376K, used 31800K [0x00000000f0000000, 0x0000000100000000, 0x0000000100000000)
[0.977s][debug  ][gc,heap        ] GC(2)   eden space 196608K, 0% used [0x00000000f0000000,0x00000000f0000000,0x00000000fc000000)
[0.977s][debug  ][gc,heap        ] GC(2)   from space 32768K, 97% used [0x00000000fc000000,0x00000000fdf0e060,0x00000000fe000000)
[0.977s][debug  ][gc,heap        ] GC(2)   to   space 32768K, 0% used [0x00000000fe000000,0x00000000fe000000,0x0000000100000000)
[0.977s][debug  ][gc,heap        ] GC(2)  ParOldGen       total 1835008K, used 512016K [0x0000000080000000, 0x00000000f0000000, 0x00000000f0000000)
[0.977s][debug  ][gc,heap        ] GC(2)   object space 1835008K, 27% used [0x0000000080000000,0x000000009f404320,0x00000000f0000000)
[0.977s][debug  ][gc,heap        ] GC(2)  Metaspace       used 715K, committed 896K, reserved 1056768K
[0.977s][debug  ][gc,heap        ] GC(2)   class space    used 59K, committed 128K, reserved 1048576K
[0.977s][debug  ][gc,task,time   ] GC(2) VM-Thread 9556126 9749005 9769879
[1.257s][debug  ][gc,heap        ] GC(3) Heap before GC invocations=4 (full 0):
[1.257s][debug  ][gc,heap        ] GC(3)  PSYoungGen      total 229376K, used 225795K [0x00000000f0000000, 0x0000000100000000, 0x0000000100000000)
[1.257s][debug  ][gc,heap        ] GC(3)   eden space 196608K, 98% used [0x00000000f0000000,0x00000000fbd72c20,0x00000000fc000000)
[1.257s][debug  ][gc,heap        ] GC(3)   from space 32768K, 97% used [0x00000000fc000000,0x00000000fdf0e060,0x00000000fe000000)
[1.257s][debug  ][gc,heap        ] GC(3)   to   space 32768K, 0% used [0x00000000fe000000,0x00000000fe000000,0x0000000100000000)
[1.257s][debug  ][gc,heap        ] GC(3)  ParOldGen       total 1835008K, used 512016K [0x0000000080000000, 0x00000000f0000000, 0x00000000f0000000)
[1.257s][debug  ][gc,heap        ] GC(3)   object space 1835008K, 27% used [0x0000000080000000,0x000000009f404320,0x00000000f0000000)
[1.257s][debug  ][gc,heap        ] GC(3)  Metaspace       used 947K, committed 1152K, reserved 1056768K
[1.257s][debug  ][gc,heap        ] GC(3)   class space    used 74K, committed 192K, reserved 1048576K
[1.257s][debug  ][gc,tlab        ] GC(3) TLAB totals: thrds: 3  refills: 3 max: 1 slow allocs: 17 max 17 waste: 44.9% gc: 9165144B max: 3867008B slow: 0B max: 0B
[1.257s][info   ][gc,start       ] GC(3) Pause Young (Allocation Failure)
[1.257s][debug  ][gc,phases,start] GC(3) Scavenge
[1.275s][debug  ][gc,phases      ] GC(3) Scavenge 18.229ms
[1.276s][debug  ][gc,phases,start] GC(3) Reference Processing
[1.276s][debug  ][gc,ref         ] GC(3) Skipped phase 1 of Reference Processing: no references
[1.276s][debug  ][gc,ref         ] GC(3) ReferenceProcessor::execute queues: 1, RefProcThreadModel::Single, marks_oops_alive: false
[1.276s][debug  ][gc,ref         ] GC(3) Skipped phase 3 of Reference Processing: no references
[1.276s][debug  ][gc,ref         ] GC(3) ReferenceProcessor::execute queues: 1, RefProcThreadModel::Single, marks_oops_alive: false
[1.276s][debug  ][gc,phases,ref  ] GC(3) Reference Processing: 0.1ms
[1.276s][debug  ][gc,phases,ref  ] GC(3)   Reconsider SoftReferences: 0.0ms
[1.276s][debug  ][gc,phases,ref  ] GC(3)     SoftRef (ms):                  skipped
[1.276s][debug  ][gc,phases,ref  ] GC(3)   Notify Soft/WeakReferences: 0.0ms
[1.276s][debug  ][gc,phases,ref  ] GC(3)     SoftRef (ms):                  Min:  0.0, Avg:  0.0, Max:  0.0, Diff:  0.0, Sum:  0.0, Workers: 10
[1.276s][debug  ][gc,phases,ref  ] GC(3)     WeakRef (ms):                  Min:  0.0, Avg:  0.0, Max:  0.0, Diff:  0.0, Sum:  0.0, Workers: 10
[1.276s][debug  ][gc,phases,ref  ] GC(3)     FinalRef (ms):                 Min:  0.0, Avg:  0.0, Max:  0.0, Diff:  0.0, Sum:  0.0, Workers: 10
[1.276s][debug  ][gc,phases,ref  ] GC(3)     Total (ms):                    Min:  0.0, Avg:  0.0, Max:  0.0, Diff:  0.0, Sum:  0.0, Workers: 10
[1.276s][debug  ][gc,phases,ref  ] GC(3)   Notify and keep alive finalizable: 0.0ms
[1.276s][debug  ][gc,phases,ref  ] GC(3)     FinalRef (ms):                 skipped
[1.276s][debug  ][gc,phases,ref  ] GC(3)   Notify PhantomReferences: 0.0ms
[1.276s][debug  ][gc,phases,ref  ] GC(3)     PhantomRef (ms):               Min:  0.0, Avg:  0.0, Max:  0.0, Diff:  0.0, Sum:  0.0, Workers: 10
[1.276s][debug  ][gc,phases,ref  ] GC(3)   SoftReference:
[1.276s][debug  ][gc,phases,ref  ] GC(3)     Discovered: 0
[1.276s][debug  ][gc,phases,ref  ] GC(3)     Cleared: 0
[1.276s][debug  ][gc,phases,ref  ] GC(3)   WeakReference:
[1.276s][debug  ][gc,phases,ref  ] GC(3)     Discovered: 69
[1.276s][debug  ][gc,phases,ref  ] GC(3)     Cleared: 64
[1.276s][debug  ][gc,phases,ref  ] GC(3)   FinalReference:
[1.276s][debug  ][gc,phases,ref  ] GC(3)     Discovered: 0
[1.276s][debug  ][gc,phases,ref  ] GC(3)     Cleared: 0
[1.276s][debug  ][gc,phases,ref  ] GC(3)   PhantomReference:
[1.276s][debug  ][gc,phases,ref  ] GC(3)     Discovered: 9
[1.276s][debug  ][gc,phases,ref  ] GC(3)     Cleared: 4
[1.276s][debug  ][gc,phases      ] GC(3) Reference Processing 0.680ms
[1.276s][debug  ][gc,phases,start] GC(3) Weak Processing
[1.276s][debug  ][gc,phases      ] GC(3)   VM Weak                        Min:  0.0, Avg:  0.0, Max:  0.0, Diff:  0.0, Sum:  0.0, Workers: 5
[1.276s][debug  ][gc,phases      ] GC(3)     Dead                           Min: 0, Avg:  0.0, Max: 0, Diff: 0, Sum: 0, Workers: 5
[1.276s][debug  ][gc,phases      ] GC(3)     Total                          Min: 0, Avg:  1.6, Max: 8, Diff: 8, Sum: 8, Workers: 5
[1.276s][debug  ][gc,phases      ] GC(3)   ObjectSynchronizer Weak        Min:  0.0, Avg:  0.0, Max:  0.0, Diff:  0.0, Sum:  0.0, Workers: 5
[1.276s][debug  ][gc,phases      ] GC(3)     Dead                           Min: 0, Avg:  0.0, Max: 0, Diff: 0, Sum: 0, Workers: 5
[1.276s][debug  ][gc,phases      ] GC(3)     Total                          Min: 0, Avg:  0.6, Max: 3, Diff: 3, Sum: 3, Workers: 5
[1.276s][debug  ][gc,phases      ] GC(3)   JVMTI Tag Weak OopStorage      Min:  0.0, Avg:  0.0, Max:  0.0, Diff:  0.0, Sum:  0.0, Workers: 5
[1.276s][debug  ][gc,phases      ] GC(3)     Dead                           Min: 0, Avg:  0.0, Max: 0, Diff: 0, Sum: 0, Workers: 5
[1.276s][debug  ][gc,phases      ] GC(3)     Total                          Min: 0, Avg:  0.0, Max: 0, Diff: 0, Sum: 0, Workers: 5
[1.277s][debug  ][gc,phases      ] GC(3)   StringTable Weak               Min:  0.0, Avg:  0.0, Max:  0.0, Diff:  0.0, Sum:  0.2, Workers: 5
[1.277s][debug  ][gc,phases      ] GC(3)     Dead                           Min: 0, Avg:  0.2, Max: 1, Diff: 1, Sum: 1, Workers: 5
[1.277s][debug  ][gc,phases      ] GC(3)     Total                          Min: 512, Avg: 949.2, Max: 1280, Diff: 768, Sum: 4746, Workers: 5
[1.277s][debug  ][gc,phases      ] GC(3)   ResolvedMethodTable Weak       Min:  0.0, Avg:  0.0, Max:  0.0, Diff:  0.0, Sum:  0.0, Workers: 5
[1.277s][debug  ][gc,phases      ] GC(3)     Dead                           Min: 0, Avg:  0.0, Max: 0, Diff: 0, Sum: 0, Workers: 5
[1.277s][debug  ][gc,phases      ] GC(3)     Total                          Min: 0, Avg: 18.4, Max: 64, Diff: 64, Sum: 92, Workers: 5
[1.277s][debug  ][gc,phases      ] GC(3)   JNI Weak                       Min:  0.0, Avg:  0.0, Max:  0.0, Diff:  0.0, Sum:  0.0, Workers: 5
[1.277s][debug  ][gc,phases      ] GC(3)     Dead                           Min: 0, Avg:  0.0, Max: 0, Diff: 0, Sum: 0, Workers: 5
[1.277s][debug  ][gc,phases      ] GC(3)     Total                          Min: 0, Avg:  0.0, Max: 0, Diff: 0, Sum: 0, Workers: 5
[1.277s][debug  ][gc,phases      ] GC(3)   StringDedup Table Weak         Min:  0.0, Avg:  0.0, Max:  0.0, Diff:  0.0, Sum:  0.0, Workers: 5
[1.277s][debug  ][gc,phases      ] GC(3)     Dead                           Min: 0, Avg:  0.0, Max: 0, Diff: 0, Sum: 0, Workers: 5
[1.277s][debug  ][gc,phases      ] GC(3)     Total                          Min: 0, Avg:  0.0, Max: 0, Diff: 0, Sum: 0, Workers: 5
[1.277s][debug  ][gc,phases      ] GC(3)   StringDedup Requests0 Weak     Min:  0.0, Avg:  0.0, Max:  0.0, Diff:  0.0, Sum:  0.0, Workers: 5
[1.277s][debug  ][gc,phases      ] GC(3)     Dead                           Min: 0, Avg:  0.0, Max: 0, Diff: 0, Sum: 0, Workers: 5
[1.277s][debug  ][gc,phases      ] GC(3)     Total                          Min: 0, Avg:  0.0, Max: 0, Diff: 0, Sum: 0, Workers: 5
[1.277s][debug  ][gc,phases      ] GC(3)   StringDedup Requests1 Weak     Min:  0.0, Avg:  0.0, Max:  0.0, Diff:  0.0, Sum:  0.0, Workers: 5
[1.277s][debug  ][gc,phases      ] GC(3)     Dead                           Min: 0, Avg:  0.0, Max: 0, Diff: 0, Sum: 0, Workers: 5
[1.277s][debug  ][gc,phases      ] GC(3)     Total                          Min: 0, Avg:  0.0, Max: 0, Diff: 0, Sum: 0, Workers: 5
[1.277s][debug  ][gc,phases      ] GC(3)   Weak JFR Old Object Samples    Min:  0.0, Avg:  0.0, Max:  0.0, Diff:  0.0, Sum:  0.0, Workers: 5
[1.277s][debug  ][gc,phases      ] GC(3)     Dead                           Min: 0, Avg:  0.0, Max: 0, Diff: 0, Sum: 0, Workers: 5
[1.277s][debug  ][gc,phases      ] GC(3)     Total                          Min: 0, Avg:  0.0, Max: 0, Diff: 0, Sum: 0, Workers: 5
[1.277s][debug  ][gc,phases      ] GC(3) Weak Processing 0.773ms
[1.277s][debug  ][gc,ergo        ] GC(3) AdaptiveSizeStart:  collection: 4 
[1.277s][debug  ][gc,age         ] GC(3) Desired survivor size 33554432 bytes, new threshold 7 (max threshold 15)
[1.277s][debug  ][gc,ergo        ] GC(3) PSAdaptiveSizePolicy::compute_eden_space_size limits: desired_eden_size: 402653184 old_eden_size: 201326592 eden_limit: 201326592 cur_eden: 201326592 max_eden_size: 201326592 avg_young_live: 32682020
[1.277s][debug  ][gc,ergo        ] GC(3) PSAdaptiveSizePolicy::compute_eden_space_size: costs minor_time: 0.060864 major_cost: 0.000000 mutator_cost: 0.939136 throughput_goal: 0.990000
[1.277s][debug  ][gc,ergo        ] GC(3) Live_space: 301117472 free_space: 402653184
[1.277s][debug  ][gc,ergo        ] GC(3) Old eden_size: 201326592 desired_eden_size: 201326592
[1.277s][debug  ][gc,ergo        ] GC(3) AdaptiveSizeStop: collection: 4 
[1.277s][info   ][gc,heap        ] GC(3) PSYoungGen: 225795K(229376K)->32296K(229376K) Eden: 193995K(196608K)->0K(196608K) From: 31800K(32768K)->32296K(32768K)
[1.277s][info   ][gc,heap        ] GC(3) ParOldGen: 512016K(1835008K)->696345K(1835008K)
[1.277s][info   ][gc,metaspace   ] GC(3) Metaspace: 947K(1152K)->947K(1152K) NonClass: 872K(960K)->872K(960K) Class: 74K(192K)->74K(192K)
[1.277s][info   ][gc             ] GC(3) Pause Young (Allocation Failure) 720M->711M(2016M) 20.098ms
[1.277s][info   ][gc,cpu         ] GC(3) User=0.03s Sys=0.11s Real=0.02s
[1.277s][debug  ][gc,heap        ] GC(3) Heap after GC invocations=4 (full 0):
[1.277s][debug  ][gc,heap        ] GC(3)  PSYoungGen      total 229376K, used 32296K [0x00000000f0000000, 0x0000000100000000, 0x0000000100000000)
[1.277s][debug  ][gc,heap        ] GC(3)   eden space 196608K, 0% used [0x00000000f0000000,0x00000000f0000000,0x00000000fc000000)
[1.277s][debug  ][gc,heap        ] GC(3)   from space 32768K, 98% used [0x00000000fe000000,0x00000000fff8a050,0x0000000100000000)
[1.277s][debug  ][gc,heap        ] GC(3)   to   space 32768K, 0% used [0x00000000fc000000,0x00000000fc000000,0x00000000fe000000)
[1.277s][debug  ][gc,heap        ] GC(3)  ParOldGen       total 1835008K, used 696345K [0x0000000080000000, 0x00000000f0000000, 0x00000000f0000000)
[1.277s][debug  ][gc,heap        ] GC(3)   object space 1835008K, 37% used [0x0000000080000000,0x00000000aa806440,0x00000000f0000000)
[1.277s][debug  ][gc,heap        ] GC(3)  Metaspace       used 947K, committed 1152K, reserved 1056768K
[1.277s][debug  ][gc,heap        ] GC(3)   class space    used 74K, committed 192K, reserved 1048576K
[1.278s][debug  ][gc,task,time   ] GC(3) VM-Thread 12567004 12755038 12775080
[1.558s][debug  ][gc,heap        ] GC(4) Heap before GC invocations=5 (full 0):
[1.558s][debug  ][gc,heap        ] GC(4)  PSYoungGen      total 229376K, used 220378K [0x00000000f0000000, 0x0000000100000000, 0x0000000100000000)
[1.558s][debug  ][gc,heap        ] GC(4)   eden space 196608K, 95% used [0x00000000f0000000,0x00000000fb7aca30,0x00000000fc000000)
[1.558s][debug  ][gc,heap        ] GC(4)   from space 32768K, 98% used [0x00000000fe000000,0x00000000fff8a050,0x0000000100000000)
[1.558s][debug  ][gc,heap        ] GC(4)   to   space 32768K, 0% used [0x00000000fc000000,0x00000000fc000000,0x00000000fe000000)
[1.558s][debug  ][gc,heap        ] GC(4)  ParOldGen       total 1835008K, used 696345K [0x0000000080000000, 0x00000000f0000000, 0x00000000f0000000)
[1.558s][debug  ][gc,heap        ] GC(4)   object space 1835008K, 37% used [0x0000000080000000,0x00000000aa806440,0x00000000f0000000)
[1.558s][debug  ][gc,heap        ] GC(4)  Metaspace       used 947K, committed 1152K, reserved 1056768K
[1.558s][debug  ][gc,heap        ] GC(4)   class space    used 74K, committed 192K, reserved 1048576K
[1.558s][debug  ][gc,tlab        ] GC(4) TLAB totals: thrds: 1  refills: 1 max: 1 slow allocs: 17 max 17 waste: 26.9% gc: 3852104B max: 3852104B slow: 0B max: 0B
[1.558s][info   ][gc,start       ] GC(4) Pause Young (Allocation Failure)
[1.558s][debug  ][gc,phases,start] GC(4) Scavenge
[1.577s][debug  ][gc,phases      ] GC(4) Scavenge 18.790ms
[1.577s][debug  ][gc,phases,start] GC(4) Reference Processing
[1.577s][debug  ][gc,ref         ] GC(4) Skipped phase 1 of Reference Processing: no references
[1.577s][debug  ][gc,ref         ] GC(4) ReferenceProcessor::execute queues: 1, RefProcThreadModel::Single, marks_oops_alive: false
[1.577s][debug  ][gc,ref         ] GC(4) Skipped phase 3 of Reference Processing: no references
[1.577s][debug  ][gc,ref         ] GC(4) ReferenceProcessor::execute queues: 1, RefProcThreadModel::Single, marks_oops_alive: false
[1.577s][debug  ][gc,phases,ref  ] GC(4) Reference Processing: 0.1ms
[1.577s][debug  ][gc,phases,ref  ] GC(4)   Reconsider SoftReferences: 0.0ms
[1.577s][debug  ][gc,phases,ref  ] GC(4)     SoftRef (ms):                  skipped
[1.577s][debug  ][gc,phases,ref  ] GC(4)   Notify Soft/WeakReferences: 0.0ms
[1.577s][debug  ][gc,phases,ref  ] GC(4)     SoftRef (ms):                  Min:  0.0, Avg:  0.0, Max:  0.0, Diff:  0.0, Sum:  0.0, Workers: 10
[1.577s][debug  ][gc,phases,ref  ] GC(4)     WeakRef (ms):                  Min:  0.0, Avg:  0.0, Max:  0.0, Diff:  0.0, Sum:  0.0, Workers: 10
[1.577s][debug  ][gc,phases,ref  ] GC(4)     FinalRef (ms):                 Min:  0.0, Avg:  0.0, Max:  0.0, Diff:  0.0, Sum:  0.0, Workers: 10
[1.577s][debug  ][gc,phases,ref  ] GC(4)     Total (ms):                    Min:  0.0, Avg:  0.0, Max:  0.0, Diff:  0.0, Sum:  0.0, Workers: 10
[1.577s][debug  ][gc,phases,ref  ] GC(4)   Notify and keep alive finalizable: 0.0ms
[1.577s][debug  ][gc,phases,ref  ] GC(4)     FinalRef (ms):                 skipped
[1.578s][debug  ][gc,phases,ref  ] GC(4)   Notify PhantomReferences: 0.0ms
[1.578s][debug  ][gc,phases,ref  ] GC(4)     PhantomRef (ms):               Min:  0.0, Avg:  0.0, Max:  0.0, Diff:  0.0, Sum:  0.0, Workers: 10
[1.578s][debug  ][gc,phases,ref  ] GC(4)   SoftReference:
[1.578s][debug  ][gc,phases,ref  ] GC(4)     Discovered: 0
[1.578s][debug  ][gc,phases,ref  ] GC(4)     Cleared: 0
[1.578s][debug  ][gc,phases,ref  ] GC(4)   WeakReference:
[1.578s][debug  ][gc,phases,ref  ] GC(4)     Discovered: 3
[1.578s][debug  ][gc,phases,ref  ] GC(4)     Cleared: 3
[1.578s][debug  ][gc,phases,ref  ] GC(4)   FinalReference:
[1.578s][debug  ][gc,phases,ref  ] GC(4)     Discovered: 0
[1.578s][debug  ][gc,phases,ref  ] GC(4)     Cleared: 0
[1.578s][debug  ][gc,phases,ref  ] GC(4)   PhantomReference:
[1.578s][debug  ][gc,phases,ref  ] GC(4)     Discovered: 4
[1.578s][debug  ][gc,phases,ref  ] GC(4)     Cleared: 4
[1.578s][debug  ][gc,phases      ] GC(4) Reference Processing 0.758ms
[1.578s][debug  ][gc,phases,start] GC(4) Weak Processing
[1.578s][debug  ][gc,phases      ] GC(4)   VM Weak                        Min:  0.0, Avg:  0.0, Max:  0.0, Diff:  0.0, Sum:  0.0, Workers: 5
[1.578s][debug  ][gc,phases      ] GC(4)     Dead                           Min: 0, Avg:  0.0, Max: 0, Diff: 0, Sum: 0, Workers: 5
[1.578s][debug  ][gc,phases      ] GC(4)     Total                          Min: 0, Avg:  1.6, Max: 8, Diff: 8, Sum: 8, Workers: 5
[1.578s][debug  ][gc,phases      ] GC(4)   ObjectSynchronizer Weak        Min:  0.0, Avg:  0.0, Max:  0.0, Diff:  0.0, Sum:  0.0, Workers: 5
[1.578s][debug  ][gc,phases      ] GC(4)     Dead                           Min: 0, Avg:  0.0, Max: 0, Diff: 0, Sum: 0, Workers: 5
[1.578s][debug  ][gc,phases      ] GC(4)     Total                          Min: 0, Avg:  0.6, Max: 3, Diff: 3, Sum: 3, Workers: 5
[1.578s][debug  ][gc,phases      ] GC(4)   JVMTI Tag Weak OopStorage      Min:  0.0, Avg:  0.0, Max:  0.0, Diff:  0.0, Sum:  0.0, Workers: 5
[1.578s][debug  ][gc,phases      ] GC(4)     Dead                           Min: 0, Avg:  0.0, Max: 0, Diff: 0, Sum: 0, Workers: 5
[1.578s][debug  ][gc,phases      ] GC(4)     Total                          Min: 0, Avg:  0.0, Max: 0, Diff: 0, Sum: 0, Workers: 5
[1.578s][debug  ][gc,phases      ] GC(4)   StringTable Weak               Min:  0.0, Avg:  0.0, Max:  0.0, Diff:  0.0, Sum:  0.2, Workers: 5
[1.578s][debug  ][gc,phases      ] GC(4)     Dead                           Min: 0, Avg:  0.0, Max: 0, Diff: 0, Sum: 0, Workers: 5
[1.578s][debug  ][gc,phases      ] GC(4)     Total                          Min: 768, Avg: 949.2, Max: 1088, Diff: 320, Sum: 4746, Workers: 5
[1.578s][debug  ][gc,phases      ] GC(4)   ResolvedMethodTable Weak       Min:  0.0, Avg:  0.0, Max:  0.0, Diff:  0.0, Sum:  0.0, Workers: 5
[1.578s][debug  ][gc,phases      ] GC(4)     Dead                           Min: 0, Avg:  0.0, Max: 0, Diff: 0, Sum: 0, Workers: 5
[1.578s][debug  ][gc,phases      ] GC(4)     Total                          Min: 0, Avg: 18.4, Max: 64, Diff: 64, Sum: 92, Workers: 5
[1.578s][debug  ][gc,phases      ] GC(4)   JNI Weak                       Min:  0.0, Avg:  0.0, Max:  0.0, Diff:  0.0, Sum:  0.0, Workers: 5
[1.578s][debug  ][gc,phases      ] GC(4)     Dead                           Min: 0, Avg:  0.0, Max: 0, Diff: 0, Sum: 0, Workers: 5
[1.578s][debug  ][gc,phases      ] GC(4)     Total                          Min: 0, Avg:  0.0, Max: 0, Diff: 0, Sum: 0, Workers: 5
[1.578s][debug  ][gc,phases      ] GC(4)   StringDedup Table Weak         Min:  0.0, Avg:  0.0, Max:  0.0, Diff:  0.0, Sum:  0.0, Workers: 5
[1.579s][debug  ][gc,phases      ] GC(4)     Dead                           Min: 0, Avg:  0.0, Max: 0, Diff: 0, Sum: 0, Workers: 5
[1.579s][debug  ][gc,phases      ] GC(4)     Total                          Min: 0, Avg:  0.0, Max: 0, Diff: 0, Sum: 0, Workers: 5
[1.579s][debug  ][gc,phases      ] GC(4)   StringDedup Requests0 Weak     Min:  0.0, Avg:  0.0, Max:  0.0, Diff:  0.0, Sum:  0.0, Workers: 5
[1.579s][debug  ][gc,phases      ] GC(4)     Dead                           Min: 0, Avg:  0.0, Max: 0, Diff: 0, Sum: 0, Workers: 5
[1.579s][debug  ][gc,phases      ] GC(4)     Total                          Min: 0, Avg:  0.0, Max: 0, Diff: 0, Sum: 0, Workers: 5
[1.579s][debug  ][gc,phases      ] GC(4)   StringDedup Requests1 Weak     Min:  0.0, Avg:  0.0, Max:  0.0, Diff:  0.0, Sum:  0.0, Workers: 5
[1.579s][debug  ][gc,phases      ] GC(4)     Dead                           Min: 0, Avg:  0.0, Max: 0, Diff: 0, Sum: 0, Workers: 5
[1.579s][debug  ][gc,phases      ] GC(4)     Total                          Min: 0, Avg:  0.0, Max: 0, Diff: 0, Sum: 0, Workers: 5
[1.579s][debug  ][gc,phases      ] GC(4)   Weak JFR Old Object Samples    Min:  0.0, Avg:  0.0, Max:  0.0, Diff:  0.0, Sum:  0.0, Workers: 5
[1.579s][debug  ][gc,phases      ] GC(4)     Dead                           Min: 0, Avg:  0.0, Max: 0, Diff: 0, Sum: 0, Workers: 5
[1.579s][debug  ][gc,phases      ] GC(4)     Total                          Min: 0, Avg:  0.0, Max: 0, Diff: 0, Sum: 0, Workers: 5
[1.579s][debug  ][gc,phases      ] GC(4) Weak Processing 0.923ms
[1.579s][debug  ][gc,ergo        ] GC(4) AdaptiveSizeStart:  collection: 5 
[1.579s][debug  ][gc,ergo        ] GC(4) avg_survived_padded_avg: 33185432.000000
[1.579s][debug  ][gc,ergo        ] GC(4) avg_promoted_padded_avg: 212686688.000000  avg_pretenured_padded_avg: 0.000000  tenuring_thresh: 6  target_size: 33554432
[1.579s][debug  ][gc,age         ] GC(4) Desired survivor size 33554432 bytes, new threshold 6 (max threshold 15)
[1.579s][debug  ][gc,ergo        ] GC(4) PSAdaptiveSizePolicy::compute_eden_space_size limits: desired_eden_size: 402653184 old_eden_size: 201326592 eden_limit: 201326592 cur_eden: 201326592 max_eden_size: 201326592 avg_young_live: 32756580
[1.579s][debug  ][gc,ergo        ] GC(4) PSAdaptiveSizePolicy::compute_eden_space_size: costs minor_time: 0.062712 major_cost: 0.000000 mutator_cost: 0.937288 throughput_goal: 0.990000
[1.579s][debug  ][gc,ergo        ] GC(4) Live_space: 301192032 free_space: 402653184
[1.579s][debug  ][gc,ergo        ] GC(4) Old eden_size: 201326592 desired_eden_size: 201326592
[1.579s][debug  ][gc,ergo        ] GC(4) AdaptiveSizeStop: collection: 5 
[1.579s][info   ][gc,heap        ] GC(4) PSYoungGen: 220378K(229376K)->32280K(229376K) Eden: 188082K(196608K)->0K(196608K) From: 32296K(32768K)->32280K(32768K)
[1.579s][info   ][gc,heap        ] GC(4) ParOldGen: 696345K(1835008K)->880665K(1835008K)
[1.579s][info   ][gc,metaspace   ] GC(4) Metaspace: 947K(1152K)->947K(1152K) NonClass: 872K(960K)->872K(960K) Class: 74K(192K)->74K(192K)
[1.579s][info   ][gc             ] GC(4) Pause Young (Allocation Failure) 895M->891M(2016M) 20.942ms
[1.579s][info   ][gc,cpu         ] GC(4) User=0.03s Sys=0.11s Real=0.02s
[1.579s][debug  ][gc,heap        ] GC(4) Heap after GC invocations=5 (full 0):
[1.579s][debug  ][gc,heap        ] GC(4)  PSYoungGen      total 229376K, used 32280K [0x00000000f0000000, 0x0000000100000000, 0x0000000100000000)
[1.579s][debug  ][gc,heap        ] GC(4)   eden space 196608K, 0% used [0x00000000f0000000,0x00000000f0000000,0x00000000fc000000)
[1.579s][debug  ][gc,heap        ] GC(4)   from space 32768K, 98% used [0x00000000fc000000,0x00000000fdf86060,0x00000000fe000000)
[1.579s][debug  ][gc,heap        ] GC(4)   to   space 32768K, 0% used [0x00000000fe000000,0x00000000fe000000,0x0000000100000000)
[1.579s][debug  ][gc,heap        ] GC(4)  ParOldGen       total 1835008K, used 880665K [0x0000000080000000, 0x00000000f0000000, 0x00000000f0000000)
[1.579s][debug  ][gc,heap        ] GC(4)   object space 1835008K, 47% used [0x0000000080000000,0x00000000b5c06560,0x00000000f0000000)
[1.579s][debug  ][gc,heap        ] GC(4)  Metaspace       used 947K, committed 1152K, reserved 1056768K
[1.579s][debug  ][gc,heap        ] GC(4)   class space    used 74K, committed 192K, reserved 1048576K
[1.579s][debug  ][gc,task,time   ] GC(4) VM-Thread 15576885 15770827 15793579
[1.875s][debug  ][gc,heap        ] GC(5) Heap before GC invocations=6 (full 0):
[1.875s][debug  ][gc,heap        ] GC(5)  PSYoungGen      total 229376K, used 221672K [0x00000000f0000000, 0x0000000100000000, 0x0000000100000000)
[1.875s][debug  ][gc,heap        ] GC(5)   eden space 196608K, 96% used [0x00000000f0000000,0x00000000fb8f41c8,0x00000000fc000000)
[1.875s][debug  ][gc,heap        ] GC(5)   from space 32768K, 98% used [0x00000000fc000000,0x00000000fdf86060,0x00000000fe000000)
[1.875s][debug  ][gc,heap        ] GC(5)   to   space 32768K, 0% used [0x00000000fe000000,0x00000000fe000000,0x0000000100000000)
[1.875s][debug  ][gc,heap        ] GC(5)  ParOldGen       total 1835008K, used 880665K [0x0000000080000000, 0x00000000f0000000, 0x00000000f0000000)
[1.875s][debug  ][gc,heap        ] GC(5)   object space 1835008K, 47% used [0x0000000080000000,0x00000000b5c06560,0x00000000f0000000)
[1.875s][debug  ][gc,heap        ] GC(5)  Metaspace       used 1019K, committed 1152K, reserved 1056768K
[1.875s][debug  ][gc,heap        ] GC(5)   class space    used 83K, committed 192K, reserved 1048576K
[1.875s][debug  ][gc,tlab        ] GC(5) TLAB totals: thrds: 2  refills: 2 max: 1 slow allocs: 17 max 17 waste: 31.0% gc: 4856832B max: 3548408B slow: 0B max: 0B
[1.875s][info   ][gc,start       ] GC(5) Pause Young (Allocation Failure)
[1.875s][debug  ][gc,phases,start] GC(5) Scavenge
[1.882s][debug  ][gc,phases      ] GC(5) Scavenge 7.149ms
[1.883s][debug  ][gc,phases,start] GC(5) Reference Processing
[1.883s][debug  ][gc,ref         ] GC(5) Skipped phase 1 of Reference Processing: no references
[1.883s][debug  ][gc,ref         ] GC(5) ReferenceProcessor::execute queues: 1, RefProcThreadModel::Single, marks_oops_alive: false
[1.883s][debug  ][gc,ref         ] GC(5) Skipped phase 3 of Reference Processing: no references
[1.883s][debug  ][gc,ref         ] GC(5) ReferenceProcessor::execute queues: 1, RefProcThreadModel::Single, marks_oops_alive: false
[1.883s][debug  ][gc,phases,ref  ] GC(5) Reference Processing: 0.2ms
[1.883s][debug  ][gc,phases,ref  ] GC(5)   Reconsider SoftReferences: 0.0ms
[1.883s][debug  ][gc,phases,ref  ] GC(5)     SoftRef (ms):                  skipped
[1.883s][debug  ][gc,phases,ref  ] GC(5)   Notify Soft/WeakReferences: 0.1ms
[1.883s][debug  ][gc,phases,ref  ] GC(5)     SoftRef (ms):                  Min:  0.0, Avg:  0.0, Max:  0.0, Diff:  0.0, Sum:  0.0, Workers: 10
[1.883s][debug  ][gc,phases,ref  ] GC(5)     WeakRef (ms):                  Min:  0.0, Avg:  0.0, Max:  0.0, Diff:  0.0, Sum:  0.0, Workers: 10
[1.883s][debug  ][gc,phases,ref  ] GC(5)     FinalRef (ms):                 Min:  0.0, Avg:  0.0, Max:  0.0, Diff:  0.0, Sum:  0.0, Workers: 10
[1.883s][debug  ][gc,phases,ref  ] GC(5)     Total (ms):                    Min:  0.0, Avg:  0.0, Max:  0.0, Diff:  0.0, Sum:  0.0, Workers: 10
[1.883s][debug  ][gc,phases,ref  ] GC(5)   Notify and keep alive finalizable: 0.0ms
[1.883s][debug  ][gc,phases,ref  ] GC(5)     FinalRef (ms):                 skipped
[1.883s][debug  ][gc,phases,ref  ] GC(5)   Notify PhantomReferences: 0.0ms
[1.883s][debug  ][gc,phases,ref  ] GC(5)     PhantomRef (ms):               Min:  0.0, Avg:  0.0, Max:  0.0, Diff:  0.0, Sum:  0.0, Workers: 10
[1.883s][debug  ][gc,phases,ref  ] GC(5)   SoftReference:
[1.883s][debug  ][gc,phases,ref  ] GC(5)     Discovered: 0
[1.883s][debug  ][gc,phases,ref  ] GC(5)     Cleared: 0
[1.883s][debug  ][gc,phases,ref  ] GC(5)   WeakReference:
[1.883s][debug  ][gc,phases,ref  ] GC(5)     Discovered: 124
[1.883s][debug  ][gc,phases,ref  ] GC(5)     Cleared: 103
[1.883s][debug  ][gc,phases,ref  ] GC(5)   FinalReference:
[1.883s][debug  ][gc,phases,ref  ] GC(5)     Discovered: 0
[1.883s][debug  ][gc,phases,ref  ] GC(5)     Cleared: 0
[1.883s][debug  ][gc,phases,ref  ] GC(5)   PhantomReference:
[1.883s][debug  ][gc,phases,ref  ] GC(5)     Discovered: 14
[1.883s][debug  ][gc,phases,ref  ] GC(5)     Cleared: 4
[1.884s][debug  ][gc,phases      ] GC(5) Reference Processing 0.957ms
[1.884s][debug  ][gc,phases,start] GC(5) Weak Processing
[1.884s][debug  ][gc,phases      ] GC(5)   VM Weak                        Min:  0.0, Avg:  0.0, Max:  0.0, Diff:  0.0, Sum:  0.0, Workers: 6
[1.884s][debug  ][gc,phases      ] GC(5)     Dead                           Min: 0, Avg:  0.0, Max: 0, Diff: 0, Sum: 0, Workers: 6
[1.884s][debug  ][gc,phases      ] GC(5)     Total                          Min: 0, Avg:  1.3, Max: 8, Diff: 8, Sum: 8, Workers: 6
[1.884s][debug  ][gc,phases      ] GC(5)   ObjectSynchronizer Weak        Min:  0.0, Avg:  0.0, Max:  0.0, Diff:  0.0, Sum:  0.0, Workers: 6
[1.884s][debug  ][gc,phases      ] GC(5)     Dead                           Min: 0, Avg:  0.0, Max: 0, Diff: 0, Sum: 0, Workers: 6
[1.884s][debug  ][gc,phases      ] GC(5)     Total                          Min: 0, Avg:  0.5, Max: 3, Diff: 3, Sum: 3, Workers: 6
[1.884s][debug  ][gc,phases      ] GC(5)   JVMTI Tag Weak OopStorage      Min:  0.0, Avg:  0.0, Max:  0.0, Diff:  0.0, Sum:  0.0, Workers: 6
[1.884s][debug  ][gc,phases      ] GC(5)     Dead                           Min: 0, Avg:  0.0, Max: 0, Diff: 0, Sum: 0, Workers: 6
[1.884s][debug  ][gc,phases      ] GC(5)     Total                          Min: 0, Avg:  0.0, Max: 0, Diff: 0, Sum: 0, Workers: 6
[1.884s][debug  ][gc,phases      ] GC(5)   StringTable Weak               Min:  0.0, Avg:  0.0, Max:  0.0, Diff:  0.0, Sum:  0.2, Workers: 6
[1.884s][debug  ][gc,phases      ] GC(5)     Dead                           Min: 0, Avg:  0.5, Max: 2, Diff: 2, Sum: 3, Workers: 6
[1.884s][debug  ][gc,phases      ] GC(5)     Total                          Min: 576, Avg: 892.2, Max: 1472, Diff: 896, Sum: 5353, Workers: 6
[1.884s][debug  ][gc,phases      ] GC(5)   ResolvedMethodTable Weak       Min:  0.0, Avg:  0.0, Max:  0.0, Diff:  0.0, Sum:  0.0, Workers: 6
[1.884s][debug  ][gc,phases      ] GC(5)     Dead                           Min: 0, Avg:  0.0, Max: 0, Diff: 0, Sum: 0, Workers: 6
[1.884s][debug  ][gc,phases      ] GC(5)     Total                          Min: 0, Avg: 21.7, Max: 64, Diff: 64, Sum: 130, Workers: 6
[1.884s][debug  ][gc,phases      ] GC(5)   JNI Weak                       Min:  0.0, Avg:  0.0, Max:  0.0, Diff:  0.0, Sum:  0.0, Workers: 6
[1.884s][debug  ][gc,phases      ] GC(5)     Dead                           Min: 0, Avg:  0.0, Max: 0, Diff: 0, Sum: 0, Workers: 6
[1.884s][debug  ][gc,phases      ] GC(5)     Total                          Min: 0, Avg:  0.0, Max: 0, Diff: 0, Sum: 0, Workers: 6
[1.884s][debug  ][gc,phases      ] GC(5)   StringDedup Table Weak         Min:  0.0, Avg:  0.0, Max:  0.0, Diff:  0.0, Sum:  0.0, Workers: 6
[1.884s][debug  ][gc,phases      ] GC(5)     Dead                           Min: 0, Avg:  0.0, Max: 0, Diff: 0, Sum: 0, Workers: 6
[1.884s][debug  ][gc,phases      ] GC(5)     Total                          Min: 0, Avg:  0.0, Max: 0, Diff: 0, Sum: 0, Workers: 6
[1.884s][debug  ][gc,phases      ] GC(5)   StringDedup Requests0 Weak     Min:  0.0, Avg:  0.0, Max:  0.0, Diff:  0.0, Sum:  0.0, Workers: 6
[1.884s][debug  ][gc,phases      ] GC(5)     Dead                           Min: 0, Avg:  0.0, Max: 0, Diff: 0, Sum: 0, Workers: 6
[1.884s][debug  ][gc,phases      ] GC(5)     Total                          Min: 0, Avg:  0.0, Max: 0, Diff: 0, Sum: 0, Workers: 6
[1.884s][debug  ][gc,phases      ] GC(5)   StringDedup Requests1 Weak     Min:  0.0, Avg:  0.0, Max:  0.0, Diff:  0.0, Sum:  0.0, Workers: 6
[1.884s][debug  ][gc,phases      ] GC(5)     Dead                           Min: 0, Avg:  0.0, Max: 0, Diff: 0, Sum: 0, Workers: 6
[1.884s][debug  ][gc,phases      ] GC(5)     Total                          Min: 0, Avg:  0.0, Max: 0, Diff: 0, Sum: 0, Workers: 6
[1.885s][debug  ][gc,phases      ] GC(5)   Weak JFR Old Object Samples    Min:  0.0, Avg:  0.0, Max:  0.0, Diff:  0.0, Sum:  0.0, Workers: 6
[1.885s][debug  ][gc,phases      ] GC(5)     Dead                           Min: 0, Avg:  0.0, Max: 0, Diff: 0, Sum: 0, Workers: 6
[1.885s][debug  ][gc,phases      ] GC(5)     Total                          Min: 0, Avg:  0.0, Max: 0, Diff: 0, Sum: 0, Workers: 6
[1.885s][debug  ][gc,phases      ] GC(5) Weak Processing 1.055ms
[1.885s][debug  ][gc,ergo        ] GC(5) AdaptiveSizeStart:  collection: 6 
[1.885s][debug  ][gc,ergo        ] GC(5) avg_survived_padded_avg: 33432404.000000
[1.885s][debug  ][gc,ergo        ] GC(5) avg_promoted_padded_avg: 241158592.000000  avg_pretenured_padded_avg: 0.000000  tenuring_thresh: 5  target_size: 33554432
[1.885s][debug  ][gc,age         ] GC(5) Desired survivor size 33554432 bytes, new threshold 5 (max threshold 15)
[1.885s][debug  ][gc,ergo        ] GC(5) PSAdaptiveSizePolicy::compute_eden_space_size limits: desired_eden_size: 402653184 old_eden_size: 201326592 eden_limit: 201326592 cur_eden: 201326592 max_eden_size: 201326592 avg_young_live: 32846236
[1.885s][debug  ][gc,ergo        ] GC(5) PSAdaptiveSizePolicy::compute_eden_space_size: costs minor_time: 0.054642 major_cost: 0.000000 mutator_cost: 0.945358 throughput_goal: 0.990000
[1.885s][debug  ][gc,ergo        ] GC(5) Live_space: 301281696 free_space: 402653184
[1.885s][debug  ][gc,ergo        ] GC(5) Old eden_size: 201326592 desired_eden_size: 201326592
[1.885s][debug  ][gc,ergo        ] GC(5) AdaptiveSizeStop: collection: 6 
[1.885s][info   ][gc,heap        ] GC(5) PSYoungGen: 221672K(229376K)->32536K(229376K) Eden: 189392K(196608K)->0K(196608K) From: 32280K(32768K)->32536K(32768K)
[1.885s][info   ][gc,heap        ] GC(5) ParOldGen: 880665K(1835008K)->921633K(1835008K)
[1.885s][info   ][gc,metaspace   ] GC(5) Metaspace: 1019K(1152K)->1019K(1152K) NonClass: 935K(960K)->935K(960K) Class: 83K(192K)->83K(192K)
[1.885s][info   ][gc             ] GC(5) Pause Young (Allocation Failure) 1076M->931M(2016M) 9.787ms
[1.885s][info   ][gc,cpu         ] GC(5) User=0.05s Sys=0.05s Real=0.01s
[1.885s][debug  ][gc,heap        ] GC(5) Heap after GC invocations=6 (full 0):
[1.885s][debug  ][gc,heap        ] GC(5)  PSYoungGen      total 229376K, used 32536K [0x00000000f0000000, 0x0000000100000000, 0x0000000100000000)
[1.885s][debug  ][gc,heap        ] GC(5)   eden space 196608K, 0% used [0x00000000f0000000,0x00000000f0000000,0x00000000fc000000)
[1.885s][debug  ][gc,heap        ] GC(5)   from space 32768K, 99% used [0x00000000fe000000,0x00000000fffc6040,0x0000000100000000)
[1.885s][debug  ][gc,heap        ] GC(5)   to   space 32768K, 0% used [0x00000000fc000000,0x00000000fc000000,0x00000000fe000000)
[1.885s][debug  ][gc,heap        ] GC(5)  ParOldGen       total 1835008K, used 921633K [0x0000000080000000, 0x00000000f0000000, 0x00000000f0000000)
[1.885s][debug  ][gc,heap        ] GC(5)   object space 1835008K, 50% used [0x0000000080000000,0x00000000b84085a0,0x00000000f0000000)
[1.885s][debug  ][gc,heap        ] GC(5)  Metaspace       used 1019K, committed 1152K, reserved 1056768K
[1.885s][debug  ][gc,heap        ] GC(5)   class space    used 83K, committed 192K, reserved 1048576K
[1.885s][debug  ][gc,task,time   ] GC(5) VM-Thread 18748121 18825662 18853794
[2.176s][debug  ][gc,heap        ] GC(6) Heap before GC invocations=7 (full 0):
[2.176s][debug  ][gc,heap        ] GC(6)  PSYoungGen      total 229376K, used 220661K [0x00000000f0000000, 0x0000000100000000, 0x0000000100000000)
[2.176s][debug  ][gc,heap        ] GC(6)   eden space 196608K, 95% used [0x00000000f0000000,0x00000000fb7b77a0,0x00000000fc000000)
[2.176s][debug  ][gc,heap        ] GC(6)   from space 32768K, 99% used [0x00000000fe000000,0x00000000fffc6040,0x0000000100000000)
[2.176s][debug  ][gc,heap        ] GC(6)   to   space 32768K, 0% used [0x00000000fc000000,0x00000000fc000000,0x00000000fe000000)
[2.176s][debug  ][gc,heap        ] GC(6)  ParOldGen       total 1835008K, used 921633K [0x0000000080000000, 0x00000000f0000000, 0x00000000f0000000)
[2.176s][debug  ][gc,heap        ] GC(6)   object space 1835008K, 50% used [0x0000000080000000,0x00000000b84085a0,0x00000000f0000000)
[2.176s][debug  ][gc,heap        ] GC(6)  Metaspace       used 1019K, committed 1152K, reserved 1056768K
[2.176s][debug  ][gc,heap        ] GC(6)   class space    used 83K, committed 192K, reserved 1048576K
[2.176s][debug  ][gc,tlab        ] GC(6) TLAB totals: thrds: 1  refills: 1 max: 1 slow allocs: 17 max 17 waste: 27.1% gc: 3896960B max: 3896960B slow: 0B max: 0B
[2.176s][info   ][gc,start       ] GC(6) Pause Young (Allocation Failure)
[2.176s][debug  ][gc,phases,start] GC(6) Scavenge
[2.195s][debug  ][gc,phases      ] GC(6) Scavenge 18.998ms
[2.195s][debug  ][gc,phases,start] GC(6) Reference Processing
[2.195s][debug  ][gc,ref         ] GC(6) Skipped phase 1 of Reference Processing: no references
[2.195s][debug  ][gc,ref         ] GC(6) ReferenceProcessor::execute queues: 1, RefProcThreadModel::Single, marks_oops_alive: false
[2.195s][debug  ][gc,ref         ] GC(6) Skipped phase 3 of Reference Processing: no references
[2.195s][debug  ][gc,ref         ] GC(6) Skipped phase 4 of Reference Processing: no references
[2.195s][debug  ][gc,phases,ref  ] GC(6) Reference Processing: 0.1ms
[2.195s][debug  ][gc,phases,ref  ] GC(6)   Reconsider SoftReferences: 0.0ms
[2.196s][debug  ][gc,phases,ref  ] GC(6)     SoftRef (ms):                  skipped
[2.196s][debug  ][gc,phases,ref  ] GC(6)   Notify Soft/WeakReferences: 0.0ms
[2.196s][debug  ][gc,phases,ref  ] GC(6)     SoftRef (ms):                  Min:  0.0, Avg:  0.0, Max:  0.0, Diff:  0.0, Sum:  0.0, Workers: 10
[2.196s][debug  ][gc,phases,ref  ] GC(6)     WeakRef (ms):                  Min:  0.0, Avg:  0.0, Max:  0.0, Diff:  0.0, Sum:  0.0, Workers: 10
[2.196s][debug  ][gc,phases,ref  ] GC(6)     FinalRef (ms):                 Min:  0.0, Avg:  0.0, Max:  0.0, Diff:  0.0, Sum:  0.0, Workers: 10
[2.196s][debug  ][gc,phases,ref  ] GC(6)     Total (ms):                    Min:  0.0, Avg:  0.0, Max:  0.0, Diff:  0.0, Sum:  0.0, Workers: 10
[2.196s][debug  ][gc,phases,ref  ] GC(6)   Notify and keep alive finalizable: 0.0ms
[2.196s][debug  ][gc,phases,ref  ] GC(6)     FinalRef (ms):                 skipped
[2.196s][debug  ][gc,phases,ref  ] GC(6)   Notify PhantomReferences: 0.0ms
[2.196s][debug  ][gc,phases,ref  ] GC(6)     PhantomRef (ms):               skipped
[2.196s][debug  ][gc,phases,ref  ] GC(6)   SoftReference:
[2.196s][debug  ][gc,phases,ref  ] GC(6)     Discovered: 0
[2.196s][debug  ][gc,phases,ref  ] GC(6)     Cleared: 0
[2.196s][debug  ][gc,phases,ref  ] GC(6)   WeakReference:
[2.196s][debug  ][gc,phases,ref  ] GC(6)     Discovered: 49
[2.196s][debug  ][gc,phases,ref  ] GC(6)     Cleared: 49
[2.196s][debug  ][gc,phases,ref  ] GC(6)   FinalReference:
[2.196s][debug  ][gc,phases,ref  ] GC(6)     Discovered: 0
[2.196s][debug  ][gc,phases,ref  ] GC(6)     Cleared: 0
[2.196s][debug  ][gc,phases,ref  ] GC(6)   PhantomReference:
[2.196s][debug  ][gc,phases,ref  ] GC(6)     Discovered: 0
[2.196s][debug  ][gc,phases,ref  ] GC(6)     Cleared: 0
[2.196s][debug  ][gc,phases      ] GC(6) Reference Processing 0.674ms
[2.196s][debug  ][gc,phases,start] GC(6) Weak Processing
[2.196s][debug  ][gc,phases      ] GC(6)   VM Weak                        Min:  0.0, Avg:  0.0, Max:  0.0, Diff:  0.0, Sum:  0.0, Workers: 6
[2.196s][debug  ][gc,phases      ] GC(6)     Dead                           Min: 0, Avg:  0.0, Max: 0, Diff: 0, Sum: 0, Workers: 6
[2.196s][debug  ][gc,phases      ] GC(6)     Total                          Min: 0, Avg:  1.3, Max: 8, Diff: 8, Sum: 8, Workers: 6
[2.196s][debug  ][gc,phases      ] GC(6)   ObjectSynchronizer Weak        Min:  0.0, Avg:  0.0, Max:  0.0, Diff:  0.0, Sum:  0.0, Workers: 6
[2.196s][debug  ][gc,phases      ] GC(6)     Dead                           Min: 0, Avg:  0.0, Max: 0, Diff: 0, Sum: 0, Workers: 6
[2.196s][debug  ][gc,phases      ] GC(6)     Total                          Min: 0, Avg:  0.5, Max: 3, Diff: 3, Sum: 3, Workers: 6
[2.196s][debug  ][gc,phases      ] GC(6)   JVMTI Tag Weak OopStorage      Min:  0.0, Avg:  0.0, Max:  0.0, Diff:  0.0, Sum:  0.0, Workers: 6
[2.196s][debug  ][gc,phases      ] GC(6)     Dead                           Min: 0, Avg:  0.0, Max: 0, Diff: 0, Sum: 0, Workers: 6
[2.196s][debug  ][gc,phases      ] GC(6)     Total                          Min: 0, Avg:  0.0, Max: 0, Diff: 0, Sum: 0, Workers: 6
[2.196s][debug  ][gc,phases      ] GC(6)   StringTable Weak               Min:  0.0, Avg:  0.0, Max:  0.0, Diff:  0.0, Sum:  0.2, Workers: 6
[2.196s][debug  ][gc,phases      ] GC(6)     Dead                           Min: 0, Avg:  0.0, Max: 0, Diff: 0, Sum: 0, Workers: 6
[2.196s][debug  ][gc,phases      ] GC(6)     Total                          Min: 448, Avg: 892.2, Max: 1472, Diff: 1024, Sum: 5353, Workers: 6
[2.196s][debug  ][gc,phases      ] GC(6)   ResolvedMethodTable Weak       Min:  0.0, Avg:  0.0, Max:  0.0, Diff:  0.0, Sum:  0.0, Workers: 6
[2.196s][debug  ][gc,phases      ] GC(6)     Dead                           Min: 0, Avg:  0.0, Max: 0, Diff: 0, Sum: 0, Workers: 6
[2.196s][debug  ][gc,phases      ] GC(6)     Total                          Min: 0, Avg: 21.7, Max: 64, Diff: 64, Sum: 130, Workers: 6
[2.196s][debug  ][gc,phases      ] GC(6)   JNI Weak                       Min:  0.0, Avg:  0.0, Max:  0.0, Diff:  0.0, Sum:  0.0, Workers: 6
[2.196s][debug  ][gc,phases      ] GC(6)     Dead                           Min: 0, Avg:  0.0, Max: 0, Diff: 0, Sum: 0, Workers: 6
[2.196s][debug  ][gc,phases      ] GC(6)     Total                          Min: 0, Avg:  0.0, Max: 0, Diff: 0, Sum: 0, Workers: 6
[2.197s][debug  ][gc,phases      ] GC(6)   StringDedup Table Weak         Min:  0.0, Avg:  0.0, Max:  0.0, Diff:  0.0, Sum:  0.0, Workers: 6
[2.197s][debug  ][gc,phases      ] GC(6)     Dead                           Min: 0, Avg:  0.0, Max: 0, Diff: 0, Sum: 0, Workers: 6
[2.197s][debug  ][gc,phases      ] GC(6)     Total                          Min: 0, Avg:  0.0, Max: 0, Diff: 0, Sum: 0, Workers: 6
[2.197s][debug  ][gc,phases      ] GC(6)   StringDedup Requests0 Weak     Min:  0.0, Avg:  0.0, Max:  0.0, Diff:  0.0, Sum:  0.0, Workers: 6
[2.197s][debug  ][gc,phases      ] GC(6)     Dead                           Min: 0, Avg:  0.0, Max: 0, Diff: 0, Sum: 0, Workers: 6
[2.197s][debug  ][gc,phases      ] GC(6)     Total                          Min: 0, Avg:  0.0, Max: 0, Diff: 0, Sum: 0, Workers: 6
[2.197s][debug  ][gc,phases      ] GC(6)   StringDedup Requests1 Weak     Min:  0.0, Avg:  0.0, Max:  0.0, Diff:  0.0, Sum:  0.0, Workers: 6
[2.197s][debug  ][gc,phases      ] GC(6)     Dead                           Min: 0, Avg:  0.0, Max: 0, Diff: 0, Sum: 0, Workers: 6
[2.197s][debug  ][gc,phases      ] GC(6)     Total                          Min: 0, Avg:  0.0, Max: 0, Diff: 0, Sum: 0, Workers: 6
[2.197s][debug  ][gc,phases      ] GC(6)   Weak JFR Old Object Samples    Min:  0.0, Avg:  0.0, Max:  0.0, Diff:  0.0, Sum:  0.0, Workers: 6
[2.197s][debug  ][gc,phases      ] GC(6)     Dead                           Min: 0, Avg:  0.0, Max: 0, Diff: 0, Sum: 0, Workers: 6
[2.197s][debug  ][gc,phases      ] GC(6)     Total                          Min: 0, Avg:  0.0, Max: 0, Diff: 0, Sum: 0, Workers: 6
[2.197s][debug  ][gc,phases      ] GC(6) Weak Processing 0.757ms
[2.197s][debug  ][gc,ergo        ] GC(6) AdaptiveSizeStart:  collection: 7 
[2.197s][debug  ][gc,ergo        ] GC(6) avg_survived_padded_avg: 33432868.000000
[2.197s][debug  ][gc,ergo        ] GC(6) avg_promoted_padded_avg: 245349808.000000  avg_pretenured_padded_avg: 0.000000  tenuring_thresh: 4  target_size: 33554432
[2.197s][debug  ][gc,age         ] GC(6) Desired survivor size 33554432 bytes, new threshold 4 (max threshold 15)
[2.197s][debug  ][gc,ergo        ] GC(6) PSAdaptiveSizePolicy::compute_eden_space_size limits: desired_eden_size: 402653184 old_eden_size: 201326592 eden_limit: 201326592 cur_eden: 201326592 max_eden_size: 201326592 avg_young_live: 32794000
[2.197s][debug  ][gc,ergo        ] GC(6) PSAdaptiveSizePolicy::compute_eden_space_size: costs minor_time: 0.057438 major_cost: 0.000000 mutator_cost: 0.942562 throughput_goal: 0.990000
[2.197s][debug  ][gc,ergo        ] GC(6) Live_space: 301229440 free_space: 402653184
[2.197s][debug  ][gc,ergo        ] GC(6) Old eden_size: 201326592 desired_eden_size: 201326592
[2.197s][debug  ][gc,ergo        ] GC(6) AdaptiveSizeStop: collection: 7 
[2.197s][info   ][gc,heap        ] GC(6) PSYoungGen: 220661K(229376K)->31712K(229376K) Eden: 188125K(196608K)->0K(196608K) From: 32536K(32768K)->31712K(32768K)
[2.197s][info   ][gc,heap        ] GC(6) ParOldGen: 921633K(1835008K)->1106907K(1835008K)
[2.197s][info   ][gc,metaspace   ] GC(6) Metaspace: 1019K(1152K)->1019K(1152K) NonClass: 935K(960K)->935K(960K) Class: 83K(192K)->83K(192K)
[2.197s][info   ][gc             ] GC(6) Pause Young (Allocation Failure) 1115M->1111M(2016M) 20.888ms
[2.197s][info   ][gc,cpu         ] GC(6) User=0.20s Sys=0.08s Real=0.02s
[2.197s][debug  ][gc,heap        ] GC(6) Heap after GC invocations=7 (full 0):
[2.197s][debug  ][gc,heap        ] GC(6)  PSYoungGen      total 229376K, used 31712K [0x00000000f0000000, 0x0000000100000000, 0x0000000100000000)
[2.197s][debug  ][gc,heap        ] GC(6)   eden space 196608K, 0% used [0x00000000f0000000,0x00000000f0000000,0x00000000fc000000)
[2.197s][debug  ][gc,heap        ] GC(6)   from space 32768K, 96% used [0x00000000fc000000,0x00000000fdef8030,0x00000000fe000000)
[2.197s][debug  ][gc,heap        ] GC(6)   to   space 32768K, 0% used [0x00000000fe000000,0x00000000fe000000,0x0000000100000000)
[2.197s][debug  ][gc,heap        ] GC(6)  ParOldGen       total 1835008K, used 1106907K [0x0000000080000000, 0x00000000f0000000, 0x00000000f0000000)
[2.197s][debug  ][gc,heap        ] GC(6)   object space 1835008K, 60% used [0x0000000080000000,0x00000000c38f6d18,0x00000000f0000000)
[2.197s][debug  ][gc,heap        ] GC(6)  Metaspace       used 1019K, committed 1152K, reserved 1056768K
[2.197s][debug  ][gc,heap        ] GC(6)   class space    used 83K, committed 192K, reserved 1048576K
[2.197s][debug  ][gc,task,time   ] GC(6) VM-Thread 21757384 21953378 21973606
[2.492s][debug  ][gc,heap        ] GC(7) Heap before GC invocations=8 (full 0):
[2.492s][debug  ][gc,heap        ] GC(7)  PSYoungGen      total 229376K, used 219856K [0x00000000f0000000, 0x0000000100000000, 0x0000000100000000)
[2.492s][debug  ][gc,heap        ] GC(7)   eden space 196608K, 95% used [0x00000000f0000000,0x00000000fb7bc308,0x00000000fc000000)
[2.492s][debug  ][gc,heap        ] GC(7)   from space 32768K, 96% used [0x00000000fc000000,0x00000000fdef8030,0x00000000fe000000)
[2.492s][debug  ][gc,heap        ] GC(7)   to   space 32768K, 0% used [0x00000000fe000000,0x00000000fe000000,0x0000000100000000)
[2.492s][debug  ][gc,heap        ] GC(7)  ParOldGen       total 1835008K, used 1106907K [0x0000000080000000, 0x00000000f0000000, 0x00000000f0000000)
[2.492s][debug  ][gc,heap        ] GC(7)   object space 1835008K, 60% used [0x0000000080000000,0x00000000c38f6d18,0x00000000f0000000)
[2.492s][debug  ][gc,heap        ] GC(7)  Metaspace       used 1019K, committed 1152K, reserved 1056768K
[2.492s][debug  ][gc,heap        ] GC(7)   class space    used 83K, committed 192K, reserved 1048576K
[2.492s][debug  ][gc,tlab        ] GC(7) TLAB totals: thrds: 1  refills: 1 max: 1 slow allocs: 17 max 17 waste: 27.2% gc: 3916264B max: 3916264B slow: 0B max: 0B
[2.492s][info   ][gc,start       ] GC(7) Pause Young (Allocation Failure)
[2.492s][debug  ][gc,phases,start] GC(7) Scavenge
[2.519s][debug  ][gc,phases      ] GC(7) Scavenge 26.580ms
[2.519s][debug  ][gc,phases,start] GC(7) Reference Processing
[2.519s][debug  ][gc,ref         ] GC(7) Skipped phase 1 of Reference Processing: no references
[2.519s][debug  ][gc,ref         ] GC(7) ReferenceProcessor::execute queues: 1, RefProcThreadModel::Single, marks_oops_alive: false
[2.519s][debug  ][gc,ref         ] GC(7) Skipped phase 3 of Reference Processing: no references
[2.519s][debug  ][gc,ref         ] GC(7) Skipped phase 4 of Reference Processing: no references
[2.519s][debug  ][gc,phases,ref  ] GC(7) Reference Processing: 0.1ms
[2.519s][debug  ][gc,phases,ref  ] GC(7)   Reconsider SoftReferences: 0.0ms
[2.519s][debug  ][gc,phases,ref  ] GC(7)     SoftRef (ms):                  skipped
[2.519s][debug  ][gc,phases,ref  ] GC(7)   Notify Soft/WeakReferences: 0.0ms
[2.519s][debug  ][gc,phases,ref  ] GC(7)     SoftRef (ms):                  Min:  0.0, Avg:  0.0, Max:  0.0, Diff:  0.0, Sum:  0.0, Workers: 10
[2.519s][debug  ][gc,phases,ref  ] GC(7)     WeakRef (ms):                  Min:  0.0, Avg:  0.0, Max:  0.0, Diff:  0.0, Sum:  0.0, Workers: 10
[2.519s][debug  ][gc,phases,ref  ] GC(7)     FinalRef (ms):                 Min:  0.0, Avg:  0.0, Max:  0.0, Diff:  0.0, Sum:  0.0, Workers: 10
[2.519s][debug  ][gc,phases,ref  ] GC(7)     Total (ms):                    Min:  0.0, Avg:  0.0, Max:  0.0, Diff:  0.0, Sum:  0.0, Workers: 10
[2.519s][debug  ][gc,phases,ref  ] GC(7)   Notify and keep alive finalizable: 0.0ms
[2.519s][debug  ][gc,phases,ref  ] GC(7)     FinalRef (ms):                 skipped
[2.519s][debug  ][gc,phases,ref  ] GC(7)   Notify PhantomReferences: 0.0ms
[2.519s][debug  ][gc,phases,ref  ] GC(7)     PhantomRef (ms):               skipped
[2.519s][debug  ][gc,phases,ref  ] GC(7)   SoftReference:
[2.519s][debug  ][gc,phases,ref  ] GC(7)     Discovered: 0
[2.519s][debug  ][gc,phases,ref  ] GC(7)     Cleared: 0
[2.519s][debug  ][gc,phases,ref  ] GC(7)   WeakReference:
[2.520s][debug  ][gc,phases,ref  ] GC(7)     Discovered: 21
[2.520s][debug  ][gc,phases,ref  ] GC(7)     Cleared: 21
[2.520s][debug  ][gc,phases,ref  ] GC(7)   FinalReference:
[2.520s][debug  ][gc,phases,ref  ] GC(7)     Discovered: 0
[2.520s][debug  ][gc,phases,ref  ] GC(7)     Cleared: 0
[2.520s][debug  ][gc,phases,ref  ] GC(7)   PhantomReference:
[2.520s][debug  ][gc,phases,ref  ] GC(7)     Discovered: 0
[2.520s][debug  ][gc,phases,ref  ] GC(7)     Cleared: 0
[2.520s][debug  ][gc,phases      ] GC(7) Reference Processing 0.744ms
[2.520s][debug  ][gc,phases,start] GC(7) Weak Processing
[2.520s][debug  ][gc,phases      ] GC(7)   VM Weak                        Min:  0.0, Avg:  0.0, Max:  0.0, Diff:  0.0, Sum:  0.0, Workers: 6
[2.520s][debug  ][gc,phases      ] GC(7)     Dead                           Min: 0, Avg:  0.0, Max: 0, Diff: 0, Sum: 0, Workers: 6
[2.520s][debug  ][gc,phases      ] GC(7)     Total                          Min: 0, Avg:  1.3, Max: 8, Diff: 8, Sum: 8, Workers: 6
[2.520s][debug  ][gc,phases      ] GC(7)   ObjectSynchronizer Weak        Min:  0.0, Avg:  0.0, Max:  0.0, Diff:  0.0, Sum:  0.0, Workers: 6
[2.520s][debug  ][gc,phases      ] GC(7)     Dead                           Min: 0, Avg:  0.0, Max: 0, Diff: 0, Sum: 0, Workers: 6
[2.520s][debug  ][gc,phases      ] GC(7)     Total                          Min: 0, Avg:  0.5, Max: 3, Diff: 3, Sum: 3, Workers: 6
[2.520s][debug  ][gc,phases      ] GC(7)   JVMTI Tag Weak OopStorage      Min:  0.0, Avg:  0.0, Max:  0.0, Diff:  0.0, Sum:  0.0, Workers: 6
[2.520s][debug  ][gc,phases      ] GC(7)     Dead                           Min: 0, Avg:  0.0, Max: 0, Diff: 0, Sum: 0, Workers: 6
[2.520s][debug  ][gc,phases      ] GC(7)     Total                          Min: 0, Avg:  0.0, Max: 0, Diff: 0, Sum: 0, Workers: 6
[2.520s][debug  ][gc,phases      ] GC(7)   StringTable Weak               Min:  0.0, Avg:  0.0, Max:  0.0, Diff:  0.0, Sum:  0.1, Workers: 6
[2.520s][debug  ][gc,phases      ] GC(7)     Dead                           Min: 0, Avg:  0.0, Max: 0, Diff: 0, Sum: 0, Workers: 6
[2.520s][debug  ][gc,phases      ] GC(7)     Total                          Min: 704, Avg: 892.2, Max: 1194, Diff: 490, Sum: 5353, Workers: 6
[2.520s][debug  ][gc,phases      ] GC(7)   ResolvedMethodTable Weak       Min:  0.0, Avg:  0.0, Max:  0.0, Diff:  0.0, Sum:  0.0, Workers: 6
[2.520s][debug  ][gc,phases      ] GC(7)     Dead                           Min: 0, Avg:  0.0, Max: 0, Diff: 0, Sum: 0, Workers: 6
[2.520s][debug  ][gc,phases      ] GC(7)     Total                          Min: 0, Avg: 21.7, Max: 64, Diff: 64, Sum: 130, Workers: 6
[2.520s][debug  ][gc,phases      ] GC(7)   JNI Weak                       Min:  0.0, Avg:  0.0, Max:  0.0, Diff:  0.0, Sum:  0.0, Workers: 6
[2.520s][debug  ][gc,phases      ] GC(7)     Dead                           Min: 0, Avg:  0.0, Max: 0, Diff: 0, Sum: 0, Workers: 6
[2.520s][debug  ][gc,phases      ] GC(7)     Total                          Min: 0, Avg:  0.0, Max: 0, Diff: 0, Sum: 0, Workers: 6
[2.520s][debug  ][gc,phases      ] GC(7)   StringDedup Table Weak         Min:  0.0, Avg:  0.0, Max:  0.0, Diff:  0.0, Sum:  0.0, Workers: 6
[2.520s][debug  ][gc,phases      ] GC(7)     Dead                           Min: 0, Avg:  0.0, Max: 0, Diff: 0, Sum: 0, Workers: 6
[2.520s][debug  ][gc,phases      ] GC(7)     Total                          Min: 0, Avg:  0.0, Max: 0, Diff: 0, Sum: 0, Workers: 6
[2.520s][debug  ][gc,phases      ] GC(7)   StringDedup Requests0 Weak     Min:  0.0, Avg:  0.0, Max:  0.0, Diff:  0.0, Sum:  0.0, Workers: 6
[2.520s][debug  ][gc,phases      ] GC(7)     Dead                           Min: 0, Avg:  0.0, Max: 0, Diff: 0, Sum: 0, Workers: 6
[2.520s][debug  ][gc,phases      ] GC(7)     Total                          Min: 0, Avg:  0.0, Max: 0, Diff: 0, Sum: 0, Workers: 6
[2.520s][debug  ][gc,phases      ] GC(7)   StringDedup Requests1 Weak     Min:  0.0, Avg:  0.0, Max:  0.0, Diff:  0.0, Sum:  0.0, Workers: 6
[2.520s][debug  ][gc,phases      ] GC(7)     Dead                           Min: 0, Avg:  0.0, Max: 0, Diff: 0, Sum: 0, Workers: 6
[2.520s][debug  ][gc,phases      ] GC(7)     Total                          Min: 0, Avg:  0.0, Max: 0, Diff: 0, Sum: 0, Workers: 6
[2.520s][debug  ][gc,phases      ] GC(7)   Weak JFR Old Object Samples    Min:  0.0, Avg:  0.0, Max:  0.0, Diff:  0.0, Sum:  0.0, Workers: 6
[2.520s][debug  ][gc,phases      ] GC(7)     Dead                           Min: 0, Avg:  0.0, Max: 0, Diff: 0, Sum: 0, Workers: 6
[2.520s][debug  ][gc,phases      ] GC(7)     Total                          Min: 0, Avg:  0.0, Max: 0, Diff: 0, Sum: 0, Workers: 6
[2.520s][debug  ][gc,phases      ] GC(7) Weak Processing 0.745ms
[2.520s][debug  ][gc,ergo        ] GC(7) AdaptiveSizeStart:  collection: 8 
[2.520s][debug  ][gc,ergo        ] GC(7) avg_survived_padded_avg: 33554776.000000
[2.521s][debug  ][gc,ergo        ] GC(7) avg_promoted_padded_avg: 247086048.000000  avg_pretenured_padded_avg: 0.000000  tenuring_thresh: 3  target_size: 34078720
[2.521s][debug  ][gc,age         ] GC(7) Desired survivor size 34078720 bytes, new threshold 3 (max threshold 15)
[2.521s][debug  ][gc,ergo        ] GC(7) PSAdaptiveSizePolicy::compute_eden_space_size limits: desired_eden_size: 402653184 old_eden_size: 201326592 eden_limit: 201326592 cur_eden: 201326592 max_eden_size: 201326592 avg_young_live: 32672924
[2.521s][debug  ][gc,ergo        ] GC(7) PSAdaptiveSizePolicy::compute_eden_space_size: costs minor_time: 0.064859 major_cost: 0.000000 mutator_cost: 0.935141 throughput_goal: 0.990000
[2.521s][debug  ][gc,ergo        ] GC(7) Live_space: 301108384 free_space: 402653184
[2.521s][debug  ][gc,ergo        ] GC(7) Old eden_size: 201326592 desired_eden_size: 201326592
[2.521s][debug  ][gc,ergo        ] GC(7) AdaptiveSizeStop: collection: 8 
[2.521s][info   ][gc,heap        ] GC(7) PSYoungGen: 219856K(229376K)->31040K(228352K) Eden: 188144K(196608K)->0K(195584K) From: 31712K(32768K)->31040K(32768K)
[2.521s][info   ][gc,heap        ] GC(7) ParOldGen: 1106907K(1835008K)->1291775K(1835008K)
[2.521s][info   ][gc,metaspace   ] GC(7) Metaspace: 1019K(1152K)->1019K(1152K) NonClass: 935K(960K)->935K(960K) Class: 83K(192K)->83K(192K)
[2.521s][info   ][gc             ] GC(7) Pause Young (Allocation Failure) 1295M->1291M(2015M) 28.540ms
[2.521s][info   ][gc,cpu         ] GC(7) User=0.02s Sys=0.03s Real=0.03s
[2.521s][debug  ][gc,heap        ] GC(7) Heap after GC invocations=8 (full 0):
[2.521s][debug  ][gc,heap        ] GC(7)  PSYoungGen      total 228352K, used 31040K [0x00000000f0000000, 0x0000000100000000, 0x0000000100000000)
[2.521s][debug  ][gc,heap        ] GC(7)   eden space 195584K, 0% used [0x00000000f0000000,0x00000000f0000000,0x00000000fbf00000)
[2.521s][debug  ][gc,heap        ] GC(7)   from space 32768K, 94% used [0x00000000fe000000,0x00000000ffe50030,0x0000000100000000)
[2.521s][debug  ][gc,heap        ] GC(7)   to   space 33280K, 0% used [0x00000000fbf00000,0x00000000fbf00000,0x00000000fdf80000)
[2.521s][debug  ][gc,heap        ] GC(7)  ParOldGen       total 1835008K, used 1291775K [0x0000000080000000, 0x00000000f0000000, 0x00000000f0000000)
[2.521s][debug  ][gc,heap        ] GC(7)   object space 1835008K, 70% used [0x0000000080000000,0x00000000ced7fdc8,0x00000000f0000000)
[2.521s][debug  ][gc,heap        ] GC(7)  Metaspace       used 1019K, committed 1152K, reserved 1056768K
[2.521s][debug  ][gc,heap        ] GC(7)   class space    used 83K, committed 192K, reserved 1048576K
[2.521s][debug  ][gc,task,time   ] GC(7) VM-Thread 24918508 25189410 25210222
[2.810s][debug  ][gc,heap        ] GC(8) Heap before GC invocations=9 (full 0):
[2.810s][debug  ][gc,heap        ] GC(8)  PSYoungGen      total 228352K, used 219174K [0x00000000f0000000, 0x0000000100000000, 0x0000000100000000)
[2.810s][debug  ][gc,heap        ] GC(8)   eden space 195584K, 96% used [0x00000000f0000000,0x00000000fb7b9a00,0x00000000fbf00000)
[2.810s][debug  ][gc,heap        ] GC(8)   from space 32768K, 94% used [0x00000000fe000000,0x00000000ffe50030,0x0000000100000000)
[2.810s][debug  ][gc,heap        ] GC(8)   to   space 33280K, 0% used [0x00000000fbf00000,0x00000000fbf00000,0x00000000fdf80000)
[2.810s][debug  ][gc,heap        ] GC(8)  ParOldGen       total 1835008K, used 1291775K [0x0000000080000000, 0x00000000f0000000, 0x00000000f0000000)
[2.810s][debug  ][gc,heap        ] GC(8)   object space 1835008K, 70% used [0x0000000080000000,0x00000000ced7fdc8,0x00000000f0000000)
[2.810s][debug  ][gc,heap        ] GC(8)  Metaspace       used 1019K, committed 1152K, reserved 1056768K
[2.810s][debug  ][gc,heap        ] GC(8)   class space    used 83K, committed 192K, reserved 1048576K
[2.810s][debug  ][gc,tlab        ] GC(8) TLAB totals: thrds: 1  refills: 1 max: 1 slow allocs: 17 max 17 waste: 27.1% gc: 3905760B max: 3905760B slow: 0B max: 0B
[2.810s][info   ][gc,start       ] GC(8) Pause Young (Allocation Failure)
[2.810s][debug  ][gc,phases,start] GC(8) Scavenge
[2.835s][debug  ][gc,phases      ] GC(8) Scavenge 24.508ms
[2.835s][debug  ][gc,phases,start] GC(8) Reference Processing
[2.835s][debug  ][gc,ref         ] GC(8) Skipped phase 1 of Reference Processing: no references
[2.835s][debug  ][gc,ref         ] GC(8) Skipped phase 2 of Reference Processing: no references
[2.835s][debug  ][gc,ref         ] GC(8) Skipped phase 3 of Reference Processing: no references
[2.835s][debug  ][gc,ref         ] GC(8) Skipped phase 4 of Reference Processing: no references
[2.835s][debug  ][gc,phases,ref  ] GC(8) Reference Processing: 0.1ms
[2.835s][debug  ][gc,phases,ref  ] GC(8)   Reconsider SoftReferences: 0.0ms
[2.835s][debug  ][gc,phases,ref  ] GC(8)     SoftRef (ms):                  skipped
[2.835s][debug  ][gc,phases,ref  ] GC(8)   Notify Soft/WeakReferences: 0.0ms
[2.835s][debug  ][gc,phases,ref  ] GC(8)     SoftRef (ms):                  skipped
[2.835s][debug  ][gc,phases,ref  ] GC(8)     WeakRef (ms):                  skipped
[2.835s][debug  ][gc,phases,ref  ] GC(8)     FinalRef (ms):                 skipped
[2.835s][debug  ][gc,phases,ref  ] GC(8)     Total (ms):                    skipped
[2.835s][debug  ][gc,phases,ref  ] GC(8)   Notify and keep alive finalizable: 0.0ms
[2.835s][debug  ][gc,phases,ref  ] GC(8)     FinalRef (ms):                 skipped
[2.835s][debug  ][gc,phases,ref  ] GC(8)   Notify PhantomReferences: 0.0ms
[2.835s][debug  ][gc,phases,ref  ] GC(8)     PhantomRef (ms):               skipped
[2.835s][debug  ][gc,phases,ref  ] GC(8)   SoftReference:
[2.835s][debug  ][gc,phases,ref  ] GC(8)     Discovered: 0
[2.835s][debug  ][gc,phases,ref  ] GC(8)     Cleared: 0
[2.836s][debug  ][gc,phases,ref  ] GC(8)   WeakReference:
[2.836s][debug  ][gc,phases,ref  ] GC(8)     Discovered: 0
[2.836s][debug  ][gc,phases,ref  ] GC(8)     Cleared: 0
[2.836s][debug  ][gc,phases,ref  ] GC(8)   FinalReference:
[2.836s][debug  ][gc,phases,ref  ] GC(8)     Discovered: 0
[2.836s][debug  ][gc,phases,ref  ] GC(8)     Cleared: 0
[2.836s][debug  ][gc,phases,ref  ] GC(8)   PhantomReference:
[2.836s][debug  ][gc,phases,ref  ] GC(8)     Discovered: 0
[2.836s][debug  ][gc,phases,ref  ] GC(8)     Cleared: 0
[2.836s][debug  ][gc,phases      ] GC(8) Reference Processing 0.625ms
[2.836s][debug  ][gc,phases,start] GC(8) Weak Processing
[2.836s][debug  ][gc,phases      ] GC(8)   VM Weak                        Min:  0.0, Avg:  0.0, Max:  0.0, Diff:  0.0, Sum:  0.0, Workers: 6
[2.836s][debug  ][gc,phases      ] GC(8)     Dead                           Min: 0, Avg:  0.0, Max: 0, Diff: 0, Sum: 0, Workers: 6
[2.836s][debug  ][gc,phases      ] GC(8)     Total                          Min: 0, Avg:  1.3, Max: 8, Diff: 8, Sum: 8, Workers: 6
[2.836s][debug  ][gc,phases      ] GC(8)   ObjectSynchronizer Weak        Min:  0.0, Avg:  0.0, Max:  0.0, Diff:  0.0, Sum:  0.0, Workers: 6
[2.836s][debug  ][gc,phases      ] GC(8)     Dead                           Min: 0, Avg:  0.0, Max: 0, Diff: 0, Sum: 0, Workers: 6
[2.836s][debug  ][gc,phases      ] GC(8)     Total                          Min: 0, Avg:  0.5, Max: 3, Diff: 3, Sum: 3, Workers: 6
[2.836s][debug  ][gc,phases      ] GC(8)   JVMTI Tag Weak OopStorage      Min:  0.0, Avg:  0.0, Max:  0.0, Diff:  0.0, Sum:  0.0, Workers: 6
[2.836s][debug  ][gc,phases      ] GC(8)     Dead                           Min: 0, Avg:  0.0, Max: 0, Diff: 0, Sum: 0, Workers: 6
[2.836s][debug  ][gc,phases      ] GC(8)     Total                          Min: 0, Avg:  0.0, Max: 0, Diff: 0, Sum: 0, Workers: 6
[2.836s][debug  ][gc,phases      ] GC(8)   StringTable Weak               Min:  0.0, Avg:  0.0, Max:  0.0, Diff:  0.0, Sum:  0.1, Workers: 6
[2.836s][debug  ][gc,phases      ] GC(8)     Dead                           Min: 0, Avg:  0.0, Max: 0, Diff: 0, Sum: 0, Workers: 6
[2.836s][debug  ][gc,phases      ] GC(8)     Total                          Min: 767, Avg: 892.2, Max: 1280, Diff: 513, Sum: 5353, Workers: 6
[2.836s][debug  ][gc,phases      ] GC(8)   ResolvedMethodTable Weak       Min:  0.0, Avg:  0.0, Max:  0.0, Diff:  0.0, Sum:  0.0, Workers: 6
[2.836s][debug  ][gc,phases      ] GC(8)     Dead                           Min: 0, Avg:  0.0, Max: 0, Diff: 0, Sum: 0, Workers: 6
[2.836s][debug  ][gc,phases      ] GC(8)     Total                          Min: 0, Avg: 21.7, Max: 66, Diff: 66, Sum: 130, Workers: 6
[2.836s][debug  ][gc,phases      ] GC(8)   JNI Weak                       Min:  0.0, Avg:  0.0, Max:  0.0, Diff:  0.0, Sum:  0.0, Workers: 6
[2.836s][debug  ][gc,phases      ] GC(8)     Dead                           Min: 0, Avg:  0.0, Max: 0, Diff: 0, Sum: 0, Workers: 6
[2.836s][debug  ][gc,phases      ] GC(8)     Total                          Min: 0, Avg:  0.0, Max: 0, Diff: 0, Sum: 0, Workers: 6
[2.836s][debug  ][gc,phases      ] GC(8)   StringDedup Table Weak         Min:  0.0, Avg:  0.0, Max:  0.0, Diff:  0.0, Sum:  0.0, Workers: 6
[2.836s][debug  ][gc,phases      ] GC(8)     Dead                           Min: 0, Avg:  0.0, Max: 0, Diff: 0, Sum: 0, Workers: 6
[2.836s][debug  ][gc,phases      ] GC(8)     Total                          Min: 0, Avg:  0.0, Max: 0, Diff: 0, Sum: 0, Workers: 6
[2.836s][debug  ][gc,phases      ] GC(8)   StringDedup Requests0 Weak     Min:  0.0, Avg:  0.0, Max:  0.0, Diff:  0.0, Sum:  0.0, Workers: 6
[2.836s][debug  ][gc,phases      ] GC(8)     Dead                           Min: 0, Avg:  0.0, Max: 0, Diff: 0, Sum: 0, Workers: 6
[2.836s][debug  ][gc,phases      ] GC(8)     Total                          Min: 0, Avg:  0.0, Max: 0, Diff: 0, Sum: 0, Workers: 6
[2.836s][debug  ][gc,phases      ] GC(8)   StringDedup Requests1 Weak     Min:  0.0, Avg:  0.0, Max:  0.0, Diff:  0.0, Sum:  0.0, Workers: 6
[2.836s][debug  ][gc,phases      ] GC(8)     Dead                           Min: 0, Avg:  0.0, Max: 0, Diff: 0, Sum: 0, Workers: 6
[2.836s][debug  ][gc,phases      ] GC(8)     Total                          Min: 0, Avg:  0.0, Max: 0, Diff: 0, Sum: 0, Workers: 6
[2.836s][debug  ][gc,phases      ] GC(8)   Weak JFR Old Object Samples    Min:  0.0, Avg:  0.0, Max:  0.0, Diff:  0.0, Sum:  0.0, Workers: 6
[2.836s][debug  ][gc,phases      ] GC(8)     Dead                           Min: 0, Avg:  0.0, Max: 0, Diff: 0, Sum: 0, Workers: 6
[2.836s][debug  ][gc,phases      ] GC(8)     Total                          Min: 0, Avg:  0.0, Max: 0, Diff: 0, Sum: 0, Workers: 6
[2.836s][debug  ][gc,phases      ] GC(8) Weak Processing 0.732ms
[2.836s][debug  ][gc,ergo        ] GC(8) AdaptiveSizeStart:  collection: 9 
[2.837s][debug  ][gc,ergo        ] GC(8) avg_survived_padded_avg: 33681076.000000
[2.837s][debug  ][gc,ergo        ] GC(8) avg_promoted_padded_avg: 247527200.000000  avg_pretenured_padded_avg: 0.000000  tenuring_thresh: 2  target_size: 34078720
[2.837s][debug  ][gc,age         ] GC(8) Desired survivor size 34078720 bytes, new threshold 2 (max threshold 15)
[2.837s][debug  ][gc,ergo        ] GC(8) PSAdaptiveSizePolicy::compute_eden_space_size limits: desired_eden_size: 320864256 old_eden_size: 201326592 eden_limit: 200802304 cur_eden: 200278016 max_eden_size: 200802304 avg_young_live: 32539208
[2.837s][debug  ][gc,ergo        ] GC(8) PSAdaptiveSizePolicy::compute_eden_space_size: costs minor_time: 0.069202 major_cost: 0.000000 mutator_cost: 0.930798 throughput_goal: 0.990000
[2.837s][debug  ][gc,ergo        ] GC(8) Live_space: 300974656 free_space: 402653184
[2.837s][debug  ][gc,ergo        ] GC(8) Old eden_size: 201326592 desired_eden_size: 200802304
[2.837s][debug  ][gc,ergo        ] GC(8) AdaptiveSizeStop: collection: 9 
[2.837s][info   ][gc,heap        ] GC(8) PSYoungGen: 219174K(228352K)->30720K(228864K) Eden: 188134K(195584K)->0K(195584K) From: 31040K(32768K)->30720K(33280K)
[2.837s][info   ][gc,heap        ] GC(8) ParOldGen: 1291775K(1835008K)->1476386K(1835008K)
[2.837s][info   ][gc,metaspace   ] GC(8) Metaspace: 1019K(1152K)->1019K(1152K) NonClass: 935K(960K)->935K(960K) Class: 83K(192K)->83K(192K)
[2.837s][info   ][gc             ] GC(8) Pause Young (Allocation Failure) 1475M->1471M(2015M) 26.326ms
[2.837s][info   ][gc,cpu         ] GC(8) User=0.06s Sys=0.14s Real=0.03s
[2.837s][debug  ][gc,heap        ] GC(8) Heap after GC invocations=9 (full 0):
[2.837s][debug  ][gc,heap        ] GC(8)  PSYoungGen      total 228864K, used 30720K [0x00000000f0000000, 0x0000000100000000, 0x0000000100000000)
[2.837s][debug  ][gc,heap        ] GC(8)   eden space 195584K, 0% used [0x00000000f0000000,0x00000000f0000000,0x00000000fbf00000)
[2.837s][debug  ][gc,heap        ] GC(8)   from space 33280K, 92% used [0x00000000fbf00000,0x00000000fdd00030,0x00000000fdf80000)
[2.837s][debug  ][gc,heap        ] GC(8)   to   space 33280K, 0% used [0x00000000fdf80000,0x00000000fdf80000,0x0000000100000000)
[2.837s][debug  ][gc,heap        ] GC(8)  ParOldGen       total 1835008K, used 1476386K [0x0000000080000000, 0x00000000f0000000, 0x00000000f0000000)
[2.837s][debug  ][gc,heap        ] GC(8)   object space 1835008K, 80% used [0x0000000080000000,0x00000000da1c8aa8,0x00000000f0000000)
[2.837s][debug  ][gc,heap        ] GC(8)  Metaspace       used 1019K, committed 1152K, reserved 1056768K
[2.837s][debug  ][gc,heap        ] GC(8)   class space    used 83K, committed 192K, reserved 1048576K
[2.837s][debug  ][gc,task,time   ] GC(8) VM-Thread 28100029 28350792 28370353
[3.128s][debug  ][gc,heap        ] GC(9) Heap before GC invocations=10 (full 0):
[3.128s][debug  ][gc,heap        ] GC(9)  PSYoungGen      total 228864K, used 218860K [0x00000000f0000000, 0x0000000100000000, 0x0000000100000000)
[3.128s][debug  ][gc,heap        ] GC(9)   eden space 195584K, 96% used [0x00000000f0000000,0x00000000fb7bb368,0x00000000fbf00000)
[3.128s][debug  ][gc,heap        ] GC(9)   from space 33280K, 92% used [0x00000000fbf00000,0x00000000fdd00030,0x00000000fdf80000)
[3.128s][debug  ][gc,heap        ] GC(9)   to   space 33280K, 0% used [0x00000000fdf80000,0x00000000fdf80000,0x0000000100000000)
[3.128s][debug  ][gc,heap        ] GC(9)  ParOldGen       total 1835008K, used 1476386K [0x0000000080000000, 0x00000000f0000000, 0x00000000f0000000)
[3.128s][debug  ][gc,heap        ] GC(9)   object space 1835008K, 80% used [0x0000000080000000,0x00000000da1c8aa8,0x00000000f0000000)
[3.128s][debug  ][gc,heap        ] GC(9)  Metaspace       used 1019K, committed 1152K, reserved 1056768K
[3.128s][debug  ][gc,heap        ] GC(9)   class space    used 83K, committed 192K, reserved 1048576K
[3.129s][debug  ][gc,tlab        ] GC(9) TLAB totals: thrds: 1  refills: 1 max: 1 slow allocs: 17 max 17 waste: 27.2% gc: 3912264B max: 3912264B slow: 0B max: 0B
[3.129s][info   ][gc,start       ] GC(9) Pause Young (Allocation Failure)
[3.129s][debug  ][gc,phases,start] GC(9) Scavenge
[3.147s][debug  ][gc,phases      ] GC(9) Scavenge 18.596ms
[3.147s][debug  ][gc,phases,start] GC(9) Reference Processing
[3.147s][debug  ][gc,ref         ] GC(9) Skipped phase 1 of Reference Processing: no references
[3.147s][debug  ][gc,ref         ] GC(9) Skipped phase 2 of Reference Processing: no references
[3.147s][debug  ][gc,ref         ] GC(9) Skipped phase 3 of Reference Processing: no references
[3.147s][debug  ][gc,ref         ] GC(9) Skipped phase 4 of Reference Processing: no references
[3.147s][debug  ][gc,phases,ref  ] GC(9) Reference Processing: 0.1ms
[3.147s][debug  ][gc,phases,ref  ] GC(9)   Reconsider SoftReferences: 0.0ms
[3.147s][debug  ][gc,phases,ref  ] GC(9)     SoftRef (ms):                  skipped
[3.147s][debug  ][gc,phases,ref  ] GC(9)   Notify Soft/WeakReferences: 0.0ms
[3.148s][debug  ][gc,phases,ref  ] GC(9)     SoftRef (ms):                  skipped
[3.148s][debug  ][gc,phases,ref  ] GC(9)     WeakRef (ms):                  skipped
[3.148s][debug  ][gc,phases,ref  ] GC(9)     FinalRef (ms):                 skipped
[3.148s][debug  ][gc,phases,ref  ] GC(9)     Total (ms):                    skipped
[3.148s][debug  ][gc,phases,ref  ] GC(9)   Notify and keep alive finalizable: 0.0ms
[3.148s][debug  ][gc,phases,ref  ] GC(9)     FinalRef (ms):                 skipped
[3.148s][debug  ][gc,phases,ref  ] GC(9)   Notify PhantomReferences: 0.0ms
[3.148s][debug  ][gc,phases,ref  ] GC(9)     PhantomRef (ms):               skipped
[3.148s][debug  ][gc,phases,ref  ] GC(9)   SoftReference:
[3.148s][debug  ][gc,phases,ref  ] GC(9)     Discovered: 0
[3.148s][debug  ][gc,phases,ref  ] GC(9)     Cleared: 0
[3.148s][debug  ][gc,phases,ref  ] GC(9)   WeakReference:
[3.148s][debug  ][gc,phases,ref  ] GC(9)     Discovered: 0
[3.148s][debug  ][gc,phases,ref  ] GC(9)     Cleared: 0
[3.148s][debug  ][gc,phases,ref  ] GC(9)   FinalReference:
[3.148s][debug  ][gc,phases,ref  ] GC(9)     Discovered: 0
[3.148s][debug  ][gc,phases,ref  ] GC(9)     Cleared: 0
[3.148s][debug  ][gc,phases,ref  ] GC(9)   PhantomReference:
[3.148s][debug  ][gc,phases,ref  ] GC(9)     Discovered: 0
[3.148s][debug  ][gc,phases,ref  ] GC(9)     Cleared: 0
[3.148s][debug  ][gc,phases      ] GC(9) Reference Processing 0.634ms
[3.148s][debug  ][gc,phases,start] GC(9) Weak Processing
[3.148s][debug  ][gc,phases      ] GC(9)   VM Weak                        Min:  0.0, Avg:  0.0, Max:  0.0, Diff:  0.0, Sum:  0.0, Workers: 6
[3.148s][debug  ][gc,phases      ] GC(9)     Dead                           Min: 0, Avg:  0.0, Max: 0, Diff: 0, Sum: 0, Workers: 6
[3.148s][debug  ][gc,phases      ] GC(9)     Total                          Min: 0, Avg:  1.3, Max: 8, Diff: 8, Sum: 8, Workers: 6
[3.148s][debug  ][gc,phases      ] GC(9)   ObjectSynchronizer Weak        Min:  0.0, Avg:  0.0, Max:  0.0, Diff:  0.0, Sum:  0.0, Workers: 6
[3.148s][debug  ][gc,phases      ] GC(9)     Dead                           Min: 0, Avg:  0.0, Max: 0, Diff: 0, Sum: 0, Workers: 6
[3.148s][debug  ][gc,phases      ] GC(9)     Total                          Min: 0, Avg:  0.5, Max: 3, Diff: 3, Sum: 3, Workers: 6
[3.148s][debug  ][gc,phases      ] GC(9)   JVMTI Tag Weak OopStorage      Min:  0.0, Avg:  0.0, Max:  0.0, Diff:  0.0, Sum:  0.0, Workers: 6
[3.148s][debug  ][gc,phases      ] GC(9)     Dead                           Min: 0, Avg:  0.0, Max: 0, Diff: 0, Sum: 0, Workers: 6
[3.148s][debug  ][gc,phases      ] GC(9)     Total                          Min: 0, Avg:  0.0, Max: 0, Diff: 0, Sum: 0, Workers: 6
[3.148s][debug  ][gc,phases      ] GC(9)   StringTable Weak               Min:  0.0, Avg:  0.0, Max:  0.0, Diff:  0.0, Sum:  0.0, Workers: 6
[3.148s][debug  ][gc,phases      ] GC(9)     Dead                           Min: 0, Avg:  0.0, Max: 0, Diff: 0, Sum: 0, Workers: 6
[3.148s][debug  ][gc,phases      ] GC(9)     Total                          Min: 768, Avg: 892.2, Max: 1152, Diff: 384, Sum: 5353, Workers: 6
[3.148s][debug  ][gc,phases      ] GC(9)   ResolvedMethodTable Weak       Min:  0.0, Avg:  0.0, Max:  0.0, Diff:  0.0, Sum:  0.0, Workers: 6
[3.148s][debug  ][gc,phases      ] GC(9)     Dead                           Min: 0, Avg:  0.0, Max: 0, Diff: 0, Sum: 0, Workers: 6
[3.148s][debug  ][gc,phases      ] GC(9)     Total                          Min: 0, Avg: 21.7, Max: 64, Diff: 64, Sum: 130, Workers: 6
[3.148s][debug  ][gc,phases      ] GC(9)   JNI Weak                       Min:  0.0, Avg:  0.0, Max:  0.0, Diff:  0.0, Sum:  0.0, Workers: 6
[3.149s][debug  ][gc,phases      ] GC(9)     Dead                           Min: 0, Avg:  0.0, Max: 0, Diff: 0, Sum: 0, Workers: 6
[3.149s][debug  ][gc,phases      ] GC(9)     Total                          Min: 0, Avg:  0.0, Max: 0, Diff: 0, Sum: 0, Workers: 6
[3.149s][debug  ][gc,phases      ] GC(9)   StringDedup Table Weak         Min:  0.0, Avg:  0.0, Max:  0.0, Diff:  0.0, Sum:  0.0, Workers: 6
[3.149s][debug  ][gc,phases      ] GC(9)     Dead                           Min: 0, Avg:  0.0, Max: 0, Diff: 0, Sum: 0, Workers: 6
[3.149s][debug  ][gc,phases      ] GC(9)     Total                          Min: 0, Avg:  0.0, Max: 0, Diff: 0, Sum: 0, Workers: 6
[3.149s][debug  ][gc,phases      ] GC(9)   StringDedup Requests0 Weak     Min:  0.0, Avg:  0.0, Max:  0.0, Diff:  0.0, Sum:  0.0, Workers: 6
[3.149s][debug  ][gc,phases      ] GC(9)     Dead                           Min: 0, Avg:  0.0, Max: 0, Diff: 0, Sum: 0, Workers: 6
[3.149s][debug  ][gc,phases      ] GC(9)     Total                          Min: 0, Avg:  0.0, Max: 0, Diff: 0, Sum: 0, Workers: 6
[3.149s][debug  ][gc,phases      ] GC(9)   StringDedup Requests1 Weak     Min:  0.0, Avg:  0.0, Max:  0.0, Diff:  0.0, Sum:  0.0, Workers: 6
[3.149s][debug  ][gc,phases      ] GC(9)     Dead                           Min: 0, Avg:  0.0, Max: 0, Diff: 0, Sum: 0, Workers: 6
[3.149s][debug  ][gc,phases      ] GC(9)     Total                          Min: 0, Avg:  0.0, Max: 0, Diff: 0, Sum: 0, Workers: 6
[3.149s][debug  ][gc,phases      ] GC(9)   Weak JFR Old Object Samples    Min:  0.0, Avg:  0.0, Max:  0.0, Diff:  0.0, Sum:  0.0, Workers: 6
[3.149s][debug  ][gc,phases      ] GC(9)     Dead                           Min: 0, Avg:  0.0, Max: 0, Diff: 0, Sum: 0, Workers: 6
[3.149s][debug  ][gc,phases      ] GC(9)     Total                          Min: 0, Avg:  0.0, Max: 0, Diff: 0, Sum: 0, Workers: 6
[3.149s][debug  ][gc,phases      ] GC(9) Weak Processing 0.873ms
[3.149s][debug  ][gc,ergo        ] GC(9) AdaptiveSizeStart:  collection: 10 
[3.149s][debug  ][gc,ergo        ] GC(9) avg_survived_padded_avg: 33750808.000000
[3.149s][debug  ][gc,ergo        ] GC(9) avg_promoted_padded_avg: 247153344.000000  avg_pretenured_padded_avg: 0.000000  tenuring_thresh: 1  target_size: 34078720
[3.149s][debug  ][gc,age         ] GC(9) Desired survivor size 34078720 bytes, new threshold 1 (max threshold 15)
[3.149s][debug  ][gc,ergo        ] GC(9) PSAdaptiveSizePolicy::compute_eden_space_size limits: desired_eden_size: 320864256 old_eden_size: 200802304 eden_limit: 200278016 cur_eden: 200278016 max_eden_size: 200278016 avg_young_live: 32431018
[3.149s][debug  ][gc,ergo        ] GC(9) PSAdaptiveSizePolicy::compute_eden_space_size: costs minor_time: 0.068088 major_cost: 0.000000 mutator_cost: 0.931912 throughput_goal: 0.990000
[3.149s][debug  ][gc,ergo        ] GC(9) Live_space: 300866464 free_space: 402128896
[3.149s][debug  ][gc,ergo        ] GC(9) Old eden_size: 200802304 desired_eden_size: 200278016
[3.149s][debug  ][gc,ergo        ] GC(9) AdaptiveSizeStop: collection: 10 
[3.149s][info   ][gc,heap        ] GC(9) PSYoungGen: 218860K(228864K)->30720K(228864K) Eden: 188140K(195584K)->0K(195584K) From: 30720K(33280K)->30720K(33280K)
[3.149s][info   ][gc,heap        ] GC(9) ParOldGen: 1476386K(1835008K)->1660706K(1835008K)
[3.149s][info   ][gc,metaspace   ] GC(9) Metaspace: 1019K(1152K)->1019K(1152K) NonClass: 935K(960K)->935K(960K) Class: 83K(192K)->83K(192K)
[3.149s][info   ][gc             ] GC(9) Pause Young (Allocation Failure) 1655M->1651M(2015M) 20.572ms
[3.149s][info   ][gc,cpu         ] GC(9) User=0.12s Sys=0.17s Real=0.02s
[3.149s][debug  ][gc,heap        ] GC(9) Heap after GC invocations=10 (full 0):
[3.149s][debug  ][gc,heap        ] GC(9)  PSYoungGen      total 228864K, used 30720K [0x00000000f0000000, 0x0000000100000000, 0x0000000100000000)
[3.149s][debug  ][gc,heap        ] GC(9)   eden space 195584K, 0% used [0x00000000f0000000,0x00000000f0000000,0x00000000fbf00000)
[3.149s][debug  ][gc,heap        ] GC(9)   from space 33280K, 92% used [0x00000000fdf80000,0x00000000ffd80030,0x0000000100000000)
[3.149s][debug  ][gc,heap        ] GC(9)   to   space 33280K, 0% used [0x00000000fbf00000,0x00000000fbf00000,0x00000000fdf80000)
[3.149s][debug  ][gc,heap        ] GC(9)  ParOldGen       total 1835008K, used 1660706K [0x0000000080000000, 0x00000000f0000000, 0x00000000f0000000)
[3.149s][debug  ][gc,heap        ] GC(9)   object space 1835008K, 90% used [0x0000000080000000,0x00000000e55c8bc8,0x00000000f0000000)
[3.149s][debug  ][gc,heap        ] GC(9)  Metaspace       used 1019K, committed 1152K, reserved 1056768K
[3.149s][debug  ][gc,heap        ] GC(9)   class space    used 83K, committed 192K, reserved 1048576K
[3.149s][debug  ][gc,task,time   ] GC(9) VM-Thread 31281072 31473134 31494202
[3.149s][debug  ][gc,phases,start] GC(10) Pre Compact
[3.149s][debug  ][gc,heap        ] GC(10) Heap before GC invocations=11 (full 1):
[3.149s][debug  ][gc,heap        ] GC(10)  PSYoungGen      total 228864K, used 30720K [0x00000000f0000000, 0x0000000100000000, 0x0000000100000000)
[3.150s][debug  ][gc,heap        ] GC(10)   eden space 195584K, 0% used [0x00000000f0000000,0x00000000f0000000,0x00000000fbf00000)
[3.150s][debug  ][gc,heap        ] GC(10)   from space 33280K, 92% used [0x00000000fdf80000,0x00000000ffd80030,0x0000000100000000)
[3.150s][debug  ][gc,heap        ] GC(10)   to   space 33280K, 0% used [0x00000000fbf00000,0x00000000fbf00000,0x00000000fdf80000)
[3.150s][debug  ][gc,heap        ] GC(10)  ParOldGen       total 1835008K, used 1660706K [0x0000000080000000, 0x00000000f0000000, 0x00000000f0000000)
[3.150s][debug  ][gc,heap        ] GC(10)   object space 1835008K, 90% used [0x0000000080000000,0x00000000e55c8bc8,0x00000000f0000000)
[3.150s][debug  ][gc,heap        ] GC(10)  Metaspace       used 1019K, committed 1152K, reserved 1056768K
[3.150s][debug  ][gc,heap        ] GC(10)   class space    used 83K, committed 192K, reserved 1048576K
[3.150s][debug  ][gc,phases      ] GC(10) Pre Compact 0.224ms
[3.150s][info   ][gc,start       ] GC(10) Pause Full (Ergonomics)
[3.150s][info   ][gc,phases,start] GC(10) Marking Phase
[3.150s][debug  ][gc,phases,start] GC(10) Par Mark
[3.150s][debug  ][gc,phases      ] GC(10) Par Mark 0.470ms
[3.150s][debug  ][gc,phases,start] GC(10) Reference Processing
[3.150s][debug  ][gc,ref         ] GC(10) Skipped phase 1 of Reference Processing: no references
[3.150s][debug  ][gc,ref         ] GC(10) ReferenceProcessor::execute queues: 1, RefProcThreadModel::Single, marks_oops_alive: false
[3.150s][debug  ][gc,ref         ] GC(10) Skipped phase 3 of Reference Processing: no references
[3.150s][debug  ][gc,ref         ] GC(10) ReferenceProcessor::execute queues: 1, RefProcThreadModel::Single, marks_oops_alive: false
[3.150s][debug  ][gc,phases,ref  ] GC(10) Reference Processing: 0.1ms
[3.150s][debug  ][gc,phases,ref  ] GC(10)   Reconsider SoftReferences: 0.0ms
[3.150s][debug  ][gc,phases,ref  ] GC(10)     SoftRef (ms):                  skipped
[3.151s][debug  ][gc,phases,ref  ] GC(10)   Notify Soft/WeakReferences: 0.0ms
[3.151s][debug  ][gc,phases,ref  ] GC(10)     SoftRef (ms):                  Min:  0.0, Avg:  0.0, Max:  0.0, Diff:  0.0, Sum:  0.0, Workers: 10
[3.151s][debug  ][gc,phases,ref  ] GC(10)     WeakRef (ms):                  Min:  0.0, Avg:  0.0, Max:  0.0, Diff:  0.0, Sum:  0.0, Workers: 10
[3.151s][debug  ][gc,phases,ref  ] GC(10)     FinalRef (ms):                 Min:  0.0, Avg:  0.0, Max:  0.0, Diff:  0.0, Sum:  0.0, Workers: 10
[3.151s][debug  ][gc,phases,ref  ] GC(10)     Total (ms):                    Min:  0.0, Avg:  0.0, Max:  0.0, Diff:  0.0, Sum:  0.0, Workers: 10
[3.151s][debug  ][gc,phases,ref  ] GC(10)   Notify and keep alive finalizable: 0.0ms
[3.151s][debug  ][gc,phases,ref  ] GC(10)     FinalRef (ms):                 skipped
[3.151s][debug  ][gc,phases,ref  ] GC(10)   Notify PhantomReferences: 0.0ms
[3.151s][debug  ][gc,phases,ref  ] GC(10)     PhantomRef (ms):               Min:  0.0, Avg:  0.0, Max:  0.0, Diff:  0.0, Sum:  0.0, Workers: 10
[3.151s][debug  ][gc,phases,ref  ] GC(10)   SoftReference:
[3.151s][debug  ][gc,phases,ref  ] GC(10)     Discovered: 0
[3.151s][debug  ][gc,phases,ref  ] GC(10)     Cleared: 0
[3.151s][debug  ][gc,phases,ref  ] GC(10)   WeakReference:
[3.151s][debug  ][gc,phases,ref  ] GC(10)     Discovered: 104
[3.151s][debug  ][gc,phases,ref  ] GC(10)     Cleared: 104
[3.151s][debug  ][gc,phases,ref  ] GC(10)   FinalReference:
[3.151s][debug  ][gc,phases,ref  ] GC(10)     Discovered: 0
[3.151s][debug  ][gc,phases,ref  ] GC(10)     Cleared: 0
[3.151s][debug  ][gc,phases,ref  ] GC(10)   PhantomReference:
[3.151s][debug  ][gc,phases,ref  ] GC(10)     Discovered: 5
[3.151s][debug  ][gc,phases,ref  ] GC(10)     Cleared: 5
[3.151s][debug  ][gc,phases      ] GC(10) Reference Processing 0.720ms
[3.151s][debug  ][gc,phases,start] GC(10) Weak Processing
[3.151s][debug  ][gc,phases      ] GC(10)   VM Weak                        Min:  0.0, Avg:  0.0, Max:  0.0, Diff:  0.0, Sum:  0.0, Workers: 6
[3.151s][debug  ][gc,phases      ] GC(10)     Dead                           Min: 0, Avg:  0.0, Max: 0, Diff: 0, Sum: 0, Workers: 6
[3.151s][debug  ][gc,phases      ] GC(10)     Total                          Min: 0, Avg:  1.3, Max: 8, Diff: 8, Sum: 8, Workers: 6
[3.151s][debug  ][gc,phases      ] GC(10)   ObjectSynchronizer Weak        Min:  0.0, Avg:  0.0, Max:  0.0, Diff:  0.0, Sum:  0.0, Workers: 6
[3.151s][debug  ][gc,phases      ] GC(10)     Dead                           Min: 0, Avg:  0.0, Max: 0, Diff: 0, Sum: 0, Workers: 6
[3.151s][debug  ][gc,phases      ] GC(10)     Total                          Min: 0, Avg:  0.5, Max: 3, Diff: 3, Sum: 3, Workers: 6
[3.151s][debug  ][gc,phases      ] GC(10)   JVMTI Tag Weak OopStorage      Min:  0.0, Avg:  0.0, Max:  0.0, Diff:  0.0, Sum:  0.0, Workers: 6
[3.151s][debug  ][gc,phases      ] GC(10)     Dead                           Min: 0, Avg:  0.0, Max: 0, Diff: 0, Sum: 0, Workers: 6
[3.151s][debug  ][gc,phases      ] GC(10)     Total                          Min: 0, Avg:  0.0, Max: 0, Diff: 0, Sum: 0, Workers: 6
[3.151s][debug  ][gc,phases      ] GC(10)   StringTable Weak               Min:  0.0, Avg:  0.0, Max:  0.0, Diff:  0.0, Sum:  0.0, Workers: 6
[3.151s][debug  ][gc,phases      ] GC(10)     Dead                           Min: 0, Avg:  0.0, Max: 0, Diff: 0, Sum: 0, Workers: 6
[3.151s][debug  ][gc,phases      ] GC(10)     Total                          Min: 640, Avg: 892.2, Max: 1152, Diff: 512, Sum: 5353, Workers: 6
[3.151s][debug  ][gc,phases      ] GC(10)   ResolvedMethodTable Weak       Min:  0.0, Avg:  0.0, Max:  0.0, Diff:  0.0, Sum:  0.0, Workers: 6
[3.151s][debug  ][gc,phases      ] GC(10)     Dead                           Min: 0, Avg:  0.0, Max: 0, Diff: 0, Sum: 0, Workers: 6
[3.151s][debug  ][gc,phases      ] GC(10)     Total                          Min: 0, Avg: 21.7, Max: 64, Diff: 64, Sum: 130, Workers: 6
[3.151s][debug  ][gc,phases      ] GC(10)   JNI Weak                       Min:  0.0, Avg:  0.0, Max:  0.0, Diff:  0.0, Sum:  0.0, Workers: 6
[3.152s][debug  ][gc,phases      ] GC(10)     Dead                           Min: 0, Avg:  0.0, Max: 0, Diff: 0, Sum: 0, Workers: 6
[3.152s][debug  ][gc,phases      ] GC(10)     Total                          Min: 0, Avg:  0.0, Max: 0, Diff: 0, Sum: 0, Workers: 6
[3.152s][debug  ][gc,phases      ] GC(10)   StringDedup Table Weak         Min:  0.0, Avg:  0.0, Max:  0.0, Diff:  0.0, Sum:  0.0, Workers: 6
[3.152s][debug  ][gc,phases      ] GC(10)     Dead                           Min: 0, Avg:  0.0, Max: 0, Diff: 0, Sum: 0, Workers: 6
[3.152s][debug  ][gc,phases      ] GC(10)     Total                          Min: 0, Avg:  0.0, Max: 0, Diff: 0, Sum: 0, Workers: 6
[3.152s][debug  ][gc,phases      ] GC(10)   StringDedup Requests0 Weak     Min:  0.0, Avg:  0.0, Max:  0.0, Diff:  0.0, Sum:  0.0, Workers: 6
[3.152s][debug  ][gc,phases      ] GC(10)     Dead                           Min: 0, Avg:  0.0, Max: 0, Diff: 0, Sum: 0, Workers: 6
[3.152s][debug  ][gc,phases      ] GC(10)     Total                          Min: 0, Avg:  0.0, Max: 0, Diff: 0, Sum: 0, Workers: 6
[3.152s][debug  ][gc,phases      ] GC(10)   StringDedup Requests1 Weak     Min:  0.0, Avg:  0.0, Max:  0.0, Diff:  0.0, Sum:  0.0, Workers: 6
[3.152s][debug  ][gc,phases      ] GC(10)     Dead                           Min: 0, Avg:  0.0, Max: 0, Diff: 0, Sum: 0, Workers: 6
[3.152s][debug  ][gc,phases      ] GC(10)     Total                          Min: 0, Avg:  0.0, Max: 0, Diff: 0, Sum: 0, Workers: 6
[3.152s][debug  ][gc,phases      ] GC(10)   Weak JFR Old Object Samples    Min:  0.0, Avg:  0.0, Max:  0.0, Diff:  0.0, Sum:  0.0, Workers: 6
[3.152s][debug  ][gc,phases      ] GC(10)     Dead                           Min: 0, Avg:  0.0, Max: 0, Diff: 0, Sum: 0, Workers: 6
[3.152s][debug  ][gc,phases      ] GC(10)     Total                          Min: 0, Avg:  0.0, Max: 0, Diff: 0, Sum: 0, Workers: 6
[3.152s][debug  ][gc,phases      ] GC(10) Weak Processing 0.845ms
[3.152s][debug  ][gc,phases,start] GC(10) Class Unloading
[3.152s][debug  ][gc,phases,start] GC(10) ClassLoaderData
[3.152s][debug  ][gc,phases      ] GC(10) ClassLoaderData 0.024ms
[3.152s][debug  ][gc,phases,start] GC(10) Trigger cleanups
[3.152s][debug  ][gc,phases      ] GC(10) Trigger cleanups 0.021ms
[3.152s][debug  ][gc,phases      ] GC(10) Class Unloading 0.266ms
[3.152s][info   ][gc,phases      ] GC(10) Marking Phase 2.438ms
[3.152s][info   ][gc,phases,start] GC(10) Summary Phase
[3.152s][info   ][gc,phases      ] GC(10) Summary Phase 0.047ms
[3.152s][info   ][gc,phases,start] GC(10) Adjust Roots
[3.153s][info   ][gc,phases      ] GC(10) Adjust Roots 0.311ms
[3.153s][info   ][gc,phases,start] GC(10) Compaction Phase
[3.242s][info   ][gc,phases      ] GC(10) Compaction Phase 89.229ms
[3.242s][info   ][gc,phases,start] GC(10) Post Compact
[3.255s][info   ][gc,phases      ] GC(10) Post Compact 13.331ms
[3.255s][debug  ][gc,ergo        ] GC(10) AdaptiveSizeStart: collection: 11 
[3.255s][debug  ][gc,ergo        ] GC(10) PSAdaptiveSizePolicy::compute_eden_space_size limits: desired_eden_size: 281812471 old_eden_size: 200278016 eden_limit: 200278016 cur_eden: 200278016 max_eden_size: 200278016 avg_young_live: 29187916
[3.255s][debug  ][gc,ergo        ] GC(10) PSAdaptiveSizePolicy::compute_eden_space_size: costs minor_time: 0.068088 major_cost: 0.032611 mutator_cost: 0.899300 throughput_goal: 0.990000
[3.255s][debug  ][gc,ergo        ] GC(10) Live_space: 297623360 free_space: 401604608
[3.255s][debug  ][gc,ergo        ] GC(10) Old eden_size: 200278016 desired_eden_size: 200278016
[3.256s][debug  ][gc,ergo        ] GC(10) PSAdaptiveSizePolicy::compute_old_gen_free_space: costs minor_time: 0.068088 major_cost: 0.032611  mutator_cost: 0.899300 throughput_goal: 0.990000
[3.256s][debug  ][gc,ergo        ] GC(10) Live_space: 1127673856 free_space: 401604608
[3.256s][debug  ][gc,ergo        ] GC(10) Old promo_size: 201326592 desired_promo_size: 266862592
[3.273s][debug  ][gc             ] GC(10) Shrinking ParOldGen from 1835008K by 522240K to 1312768K
[3.273s][debug  ][gc,ergo        ] GC(10) AdaptiveSizeStop: collection: 11 
[3.273s][info   ][gc,heap        ] GC(10) PSYoungGen: 30720K(228864K)->0K(228864K) Eden: 0K(195584K)->0K(195584K) From: 30720K(33280K)->0K(33280K)
[3.273s][info   ][gc,heap        ] GC(10) ParOldGen: 1660706K(1835008K)->810596K(1312768K)
[3.273s][info   ][gc,metaspace   ] GC(10) Metaspace: 1019K(1152K)->1019K(1152K) NonClass: 935K(960K)->935K(960K) Class: 83K(192K)->83K(192K)
[3.273s][info   ][gc             ] GC(10) Pause Full (Ergonomics) 1651M->791M(1505M) 123.484ms
[3.273s][info   ][gc,cpu         ] GC(10) User=0.88s Sys=0.05s Real=0.12s
[3.273s][debug  ][gc,heap        ] GC(10) Heap after GC invocations=11 (full 1):
[3.273s][debug  ][gc,heap        ] GC(10)  PSYoungGen      total 228864K, used 0K [0x00000000f0000000, 0x0000000100000000, 0x0000000100000000)
[3.273s][debug  ][gc,heap        ] GC(10)   eden space 195584K, 0% used [0x00000000f0000000,0x00000000f0000000,0x00000000fbf00000)
[3.273s][debug  ][gc,heap        ] GC(10)   from space 33280K, 0% used [0x00000000fbf00000,0x00000000fbf00000,0x00000000fdf80000)
[3.273s][debug  ][gc,heap        ] GC(10)   to   space 33280K, 0% used [0x00000000fdf80000,0x00000000fdf80000,0x0000000100000000)
[3.273s][debug  ][gc,heap        ] GC(10)  ParOldGen       total 1312768K, used 810596K [0x0000000080000000, 0x00000000d0200000, 0x00000000f0000000)
[3.273s][debug  ][gc,heap        ] GC(10)   object space 1312768K, 61% used [0x0000000080000000,0x00000000b1799070,0x00000000d0200000)
[3.273s][debug  ][gc,heap        ] GC(10)  Metaspace       used 1019K, committed 1152K, reserved 1056768K
[3.273s][debug  ][gc,heap        ] GC(10)   class space    used 83K, committed 192K, reserved 1048576K
[3.273s][debug  ][gc,task,time   ] GC(10) VM-Thread 31497188 31526036 32732346
[3.557s][debug  ][gc,heap        ] GC(11) Heap before GC invocations=12 (full 1):
[3.557s][debug  ][gc,heap        ] GC(11)  PSYoungGen      total 228864K, used 188144K [0x00000000f0000000, 0x0000000100000000, 0x0000000100000000)
[3.557s][debug  ][gc,heap        ] GC(11)   eden space 195584K, 96% used [0x00000000f0000000,0x00000000fb7bc3c0,0x00000000fbf00000)
[3.557s][debug  ][gc,heap        ] GC(11)   from space 33280K, 0% used [0x00000000fbf00000,0x00000000fbf00000,0x00000000fdf80000)
[3.557s][debug  ][gc,heap        ] GC(11)   to   space 33280K, 0% used [0x00000000fdf80000,0x00000000fdf80000,0x0000000100000000)
[3.557s][debug  ][gc,heap        ] GC(11)  ParOldGen       total 1312768K, used 810596K [0x0000000080000000, 0x00000000d0200000, 0x00000000f0000000)
[3.557s][debug  ][gc,heap        ] GC(11)   object space 1312768K, 61% used [0x0000000080000000,0x00000000b1799070,0x00000000d0200000)
[3.557s][debug  ][gc,heap        ] GC(11)  Metaspace       used 1021K, committed 1216K, reserved 1056768K
[3.557s][debug  ][gc,heap        ] GC(11)   class space    used 83K, committed 192K, reserved 1048576K
[3.557s][debug  ][gc,tlab        ] GC(11) TLAB totals: thrds: 1  refills: 1 max: 1 slow allocs: 17 max 17 waste: 27.2% gc: 3916448B max: 3916448B slow: 0B max: 0B
[3.557s][info   ][gc,start       ] GC(11) Pause Young (Allocation Failure)
[3.557s][debug  ][gc,phases,start] GC(11) Scavenge
[3.570s][debug  ][gc,phases      ] GC(11) Scavenge 12.833ms
[3.570s][debug  ][gc,phases,start] GC(11) Reference Processing
[3.570s][debug  ][gc,ref         ] GC(11) Skipped phase 1 of Reference Processing: no references
[3.570s][debug  ][gc,ref         ] GC(11) Skipped phase 2 of Reference Processing: no references
[3.570s][debug  ][gc,ref         ] GC(11) Skipped phase 3 of Reference Processing: no references
[3.570s][debug  ][gc,ref         ] GC(11) Skipped phase 4 of Reference Processing: no references
[3.570s][debug  ][gc,phases,ref  ] GC(11) Reference Processing: 0.1ms
[3.570s][debug  ][gc,phases,ref  ] GC(11)   Reconsider SoftReferences: 0.0ms
[3.570s][debug  ][gc,phases,ref  ] GC(11)     SoftRef (ms):                  skipped
[3.570s][debug  ][gc,phases,ref  ] GC(11)   Notify Soft/WeakReferences: 0.0ms
[3.570s][debug  ][gc,phases,ref  ] GC(11)     SoftRef (ms):                  skipped
[3.570s][debug  ][gc,phases,ref  ] GC(11)     WeakRef (ms):                  skipped
[3.570s][debug  ][gc,phases,ref  ] GC(11)     FinalRef (ms):                 skipped
[3.570s][debug  ][gc,phases,ref  ] GC(11)     Total (ms):                    skipped
[3.570s][debug  ][gc,phases,ref  ] GC(11)   Notify and keep alive finalizable: 0.0ms
[3.570s][debug  ][gc,phases,ref  ] GC(11)     FinalRef (ms):                 skipped
[3.571s][debug  ][gc,phases,ref  ] GC(11)   Notify PhantomReferences: 0.0ms
[3.571s][debug  ][gc,phases,ref  ] GC(11)     PhantomRef (ms):               skipped
[3.571s][debug  ][gc,phases,ref  ] GC(11)   SoftReference:
[3.571s][debug  ][gc,phases,ref  ] GC(11)     Discovered: 0
[3.571s][debug  ][gc,phases,ref  ] GC(11)     Cleared: 0
[3.571s][debug  ][gc,phases,ref  ] GC(11)   WeakReference:
[3.571s][debug  ][gc,phases,ref  ] GC(11)     Discovered: 0
[3.571s][debug  ][gc,phases,ref  ] GC(11)     Cleared: 0
[3.571s][debug  ][gc,phases,ref  ] GC(11)   FinalReference:
[3.571s][debug  ][gc,phases,ref  ] GC(11)     Discovered: 0
[3.571s][debug  ][gc,phases,ref  ] GC(11)     Cleared: 0
[3.571s][debug  ][gc,phases,ref  ] GC(11)   PhantomReference:
[3.571s][debug  ][gc,phases,ref  ] GC(11)     Discovered: 0
[3.571s][debug  ][gc,phases,ref  ] GC(11)     Cleared: 0
[3.571s][debug  ][gc,phases      ] GC(11) Reference Processing 0.887ms
[3.571s][debug  ][gc,phases,start] GC(11) Weak Processing
[3.571s][debug  ][gc,phases      ] GC(11)   VM Weak                        Min:  0.0, Avg:  0.0, Max:  0.0, Diff:  0.0, Sum:  0.0, Workers: 6
[3.571s][debug  ][gc,phases      ] GC(11)     Dead                           Min: 0, Avg:  0.0, Max: 0, Diff: 0, Sum: 0, Workers: 6
[3.571s][debug  ][gc,phases      ] GC(11)     Total                          Min: 0, Avg:  1.3, Max: 8, Diff: 8, Sum: 8, Workers: 6
[3.571s][debug  ][gc,phases      ] GC(11)   ObjectSynchronizer Weak        Min:  0.0, Avg:  0.0, Max:  0.0, Diff:  0.0, Sum:  0.0, Workers: 6
[3.571s][debug  ][gc,phases      ] GC(11)     Dead                           Min: 0, Avg:  0.0, Max: 0, Diff: 0, Sum: 0, Workers: 6
[3.571s][debug  ][gc,phases      ] GC(11)     Total                          Min: 0, Avg:  0.5, Max: 3, Diff: 3, Sum: 3, Workers: 6
[3.571s][debug  ][gc,phases      ] GC(11)   JVMTI Tag Weak OopStorage      Min:  0.0, Avg:  0.0, Max:  0.0, Diff:  0.0, Sum:  0.0, Workers: 6
[3.571s][debug  ][gc,phases      ] GC(11)     Dead                           Min: 0, Avg:  0.0, Max: 0, Diff: 0, Sum: 0, Workers: 6
[3.571s][debug  ][gc,phases      ] GC(11)     Total                          Min: 0, Avg:  0.0, Max: 0, Diff: 0, Sum: 0, Workers: 6
[3.571s][debug  ][gc,phases      ] GC(11)   StringTable Weak               Min:  0.0, Avg:  0.0, Max:  0.0, Diff:  0.0, Sum:  0.0, Workers: 6
[3.571s][debug  ][gc,phases      ] GC(11)     Dead                           Min: 0, Avg:  0.0, Max: 0, Diff: 0, Sum: 0, Workers: 6
[3.571s][debug  ][gc,phases      ] GC(11)     Total                          Min: 640, Avg: 892.2, Max: 1280, Diff: 640, Sum: 5353, Workers: 6
[3.571s][debug  ][gc,phases      ] GC(11)   ResolvedMethodTable Weak       Min:  0.0, Avg:  0.0, Max:  0.0, Diff:  0.0, Sum:  0.0, Workers: 6
[3.571s][debug  ][gc,phases      ] GC(11)     Dead                           Min: 0, Avg:  0.0, Max: 0, Diff: 0, Sum: 0, Workers: 6
[3.571s][debug  ][gc,phases      ] GC(11)     Total                          Min: 0, Avg: 21.7, Max: 64, Diff: 64, Sum: 130, Workers: 6
[3.572s][debug  ][gc,phases      ] GC(11)   JNI Weak                       Min:  0.0, Avg:  0.0, Max:  0.0, Diff:  0.0, Sum:  0.0, Workers: 6
[3.572s][debug  ][gc,phases      ] GC(11)     Dead                           Min: 0, Avg:  0.0, Max: 0, Diff: 0, Sum: 0, Workers: 6
[3.572s][debug  ][gc,phases      ] GC(11)     Total                          Min: 0, Avg:  0.0, Max: 0, Diff: 0, Sum: 0, Workers: 6
[3.572s][debug  ][gc,phases      ] GC(11)   StringDedup Table Weak         Min:  0.0, Avg:  0.0, Max:  0.0, Diff:  0.0, Sum:  0.0, Workers: 6
[3.572s][debug  ][gc,phases      ] GC(11)     Dead                           Min: 0, Avg:  0.0, Max: 0, Diff: 0, Sum: 0, Workers: 6
[3.572s][debug  ][gc,phases      ] GC(11)     Total                          Min: 0, Avg:  0.0, Max: 0, Diff: 0, Sum: 0, Workers: 6
[3.572s][debug  ][gc,phases      ] GC(11)   StringDedup Requests0 Weak     Min:  0.0, Avg:  0.0, Max:  0.0, Diff:  0.0, Sum:  0.0, Workers: 6
[3.572s][debug  ][gc,phases      ] GC(11)     Dead                           Min: 0, Avg:  0.0, Max: 0, Diff: 0, Sum: 0, Workers: 6
[3.572s][debug  ][gc,phases      ] GC(11)     Total                          Min: 0, Avg:  0.0, Max: 0, Diff: 0, Sum: 0, Workers: 6
[3.572s][debug  ][gc,phases      ] GC(11)   StringDedup Requests1 Weak     Min:  0.0, Avg:  0.0, Max:  0.0, Diff:  0.0, Sum:  0.0, Workers: 6
[3.572s][debug  ][gc,phases      ] GC(11)     Dead                           Min: 0, Avg:  0.0, Max: 0, Diff: 0, Sum: 0, Workers: 6
[3.572s][debug  ][gc,phases      ] GC(11)     Total                          Min: 0, Avg:  0.0, Max: 0, Diff: 0, Sum: 0, Workers: 6
[3.572s][debug  ][gc,phases      ] GC(11)   Weak JFR Old Object Samples    Min:  0.0, Avg:  0.0, Max:  0.0, Diff:  0.0, Sum:  0.0, Workers: 6
[3.572s][debug  ][gc,phases      ] GC(11)     Dead                           Min: 0, Avg:  0.0, Max: 0, Diff: 0, Sum: 0, Workers: 6
[3.572s][debug  ][gc,phases      ] GC(11)     Total                          Min: 0, Avg:  0.0, Max: 0, Diff: 0, Sum: 0, Workers: 6
[3.572s][debug  ][gc,phases      ] GC(11) Weak Processing 0.891ms
[3.572s][debug  ][gc,ergo        ] GC(11) AdaptiveSizeStart:  collection: 12 
[3.572s][debug  ][gc,ergo        ] GC(11) avg_survived_padded_avg: 33784356.000000
[3.572s][debug  ][gc,ergo        ] GC(11) avg_promoted_padded_avg: 241706160.000000  avg_pretenured_padded_avg: 0.000000  tenuring_thresh: 1  target_size: 34078720
[3.572s][debug  ][gc,age         ] GC(11) Desired survivor size 34078720 bytes, new threshold 1 (max threshold 15)
[3.572s][debug  ][gc,ergo        ] GC(11) PSAdaptiveSizePolicy::compute_eden_space_size limits: desired_eden_size: 278301227 old_eden_size: 200278016 eden_limit: 200278016 cur_eden: 200278016 max_eden_size: 200278016 avg_young_live: 29414858
[3.572s][debug  ][gc,ergo        ] GC(11) PSAdaptiveSizePolicy::compute_eden_space_size: costs minor_time: 0.059781 major_cost: 0.032611 mutator_cost: 0.907608 throughput_goal: 0.990000
[3.572s][debug  ][gc,ergo        ] GC(11) Live_space: 1127900800 free_space: 467140608
[3.572s][debug  ][gc,ergo        ] GC(11) Old eden_size: 200278016 desired_eden_size: 200278016
[3.572s][debug  ][gc,ergo        ] GC(11) AdaptiveSizeStop: collection: 12 
[3.572s][info   ][gc,heap        ] GC(11) PSYoungGen: 188144K(228864K)->30720K(228864K) Eden: 188144K(195584K)->0K(195584K) From: 0K(33280K)->30720K(33280K)
[3.572s][info   ][gc,heap        ] GC(11) ParOldGen: 810596K(1312768K)->964196K(1312768K)
[3.572s][info   ][gc,metaspace   ] GC(11) Metaspace: 1021K(1216K)->1021K(1216K) NonClass: 937K(1024K)->937K(1024K) Class: 83K(192K)->83K(192K)
[3.572s][info   ][gc             ] GC(11) Pause Young (Allocation Failure) 975M->971M(1505M) 15.199ms
[3.572s][info   ][gc,cpu         ] GC(11) User=0.12s Sys=0.00s Real=0.02s
[3.572s][debug  ][gc,heap        ] GC(11) Heap after GC invocations=12 (full 1):
[3.572s][debug  ][gc,heap        ] GC(11)  PSYoungGen      total 228864K, used 30720K [0x00000000f0000000, 0x0000000100000000, 0x0000000100000000)
[3.572s][debug  ][gc,heap        ] GC(11)   eden space 195584K, 0% used [0x00000000f0000000,0x00000000f0000000,0x00000000fbf00000)
[3.572s][debug  ][gc,heap        ] GC(11)   from space 33280K, 92% used [0x00000000fdf80000,0x00000000ffd80030,0x0000000100000000)
[3.572s][debug  ][gc,heap        ] GC(11)   to   space 33280K, 0% used [0x00000000fbf00000,0x00000000fbf00000,0x00000000fdf80000)
[3.573s][debug  ][gc,heap        ] GC(11)  ParOldGen       total 1312768K, used 964196K [0x0000000080000000, 0x00000000d0200000, 0x00000000f0000000)
[3.573s][debug  ][gc,heap        ] GC(11)   object space 1312768K, 73% used [0x0000000080000000,0x00000000bad99160,0x00000000d0200000)
[3.573s][debug  ][gc,heap        ] GC(11)  Metaspace       used 1021K, committed 1216K, reserved 1056768K
[3.573s][debug  ][gc,heap        ] GC(11)   class space    used 83K, committed 192K, reserved 1048576K
[3.573s][debug  ][gc,task,time   ] GC(11) VM-Thread 35566998 35700781 35726104
[3.858s][debug  ][gc,heap        ] GC(12) Heap before GC invocations=13 (full 1):
[3.858s][debug  ][gc,heap        ] GC(12)  PSYoungGen      total 228864K, used 218793K [0x00000000f0000000, 0x0000000100000000, 0x0000000100000000)
[3.858s][debug  ][gc,heap        ] GC(12)   eden space 195584K, 96% used [0x00000000f0000000,0x00000000fb7aa430,0x00000000fbf00000)
[3.858s][debug  ][gc,heap        ] GC(12)   from space 33280K, 92% used [0x00000000fdf80000,0x00000000ffd80030,0x0000000100000000)
[3.858s][debug  ][gc,heap        ] GC(12)   to   space 33280K, 0% used [0x00000000fbf00000,0x00000000fbf00000,0x00000000fdf80000)
[3.858s][debug  ][gc,heap        ] GC(12)  ParOldGen       total 1312768K, used 964196K [0x0000000080000000, 0x00000000d0200000, 0x00000000f0000000)
[3.858s][debug  ][gc,heap        ] GC(12)   object space 1312768K, 73% used [0x0000000080000000,0x00000000bad99160,0x00000000d0200000)
[3.858s][debug  ][gc,heap        ] GC(12)  Metaspace       used 1021K, committed 1216K, reserved 1056768K
[3.858s][debug  ][gc,heap        ] GC(12)   class space    used 83K, committed 192K, reserved 1048576K
[3.858s][debug  ][gc,tlab        ] GC(12) TLAB totals: thrds: 1  refills: 1 max: 1 slow allocs: 17 max 17 waste: 26.8% gc: 3841664B max: 3841664B slow: 0B max: 0B
[3.858s][info   ][gc,start       ] GC(12) Pause Young (Allocation Failure)
[3.858s][debug  ][gc,phases,start] GC(12) Scavenge
[3.869s][debug  ][gc,phases      ] GC(12) Scavenge 10.715ms
[3.869s][debug  ][gc,phases,start] GC(12) Reference Processing
[3.869s][debug  ][gc,ref         ] GC(12) Skipped phase 1 of Reference Processing: no references
[3.869s][debug  ][gc,ref         ] GC(12) Skipped phase 2 of Reference Processing: no references
[3.869s][debug  ][gc,ref         ] GC(12) Skipped phase 3 of Reference Processing: no references
[3.869s][debug  ][gc,ref         ] GC(12) Skipped phase 4 of Reference Processing: no references
[3.869s][debug  ][gc,phases,ref  ] GC(12) Reference Processing: 0.1ms
[3.869s][debug  ][gc,phases,ref  ] GC(12)   Reconsider SoftReferences: 0.0ms
[3.869s][debug  ][gc,phases,ref  ] GC(12)     SoftRef (ms):                  skipped
[3.869s][debug  ][gc,phases,ref  ] GC(12)   Notify Soft/WeakReferences: 0.0ms
[3.869s][debug  ][gc,phases,ref  ] GC(12)     SoftRef (ms):                  skipped
[3.869s][debug  ][gc,phases,ref  ] GC(12)     WeakRef (ms):                  skipped
[3.869s][debug  ][gc,phases,ref  ] GC(12)     FinalRef (ms):                 skipped
[3.869s][debug  ][gc,phases,ref  ] GC(12)     Total (ms):                    skipped
[3.870s][debug  ][gc,phases,ref  ] GC(12)   Notify and keep alive finalizable: 0.0ms
[3.870s][debug  ][gc,phases,ref  ] GC(12)     FinalRef (ms):                 skipped
[3.870s][debug  ][gc,phases,ref  ] GC(12)   Notify PhantomReferences: 0.0ms
[3.870s][debug  ][gc,phases,ref  ] GC(12)     PhantomRef (ms):               skipped
[3.870s][debug  ][gc,phases,ref  ] GC(12)   SoftReference:
[3.870s][debug  ][gc,phases,ref  ] GC(12)     Discovered: 0
[3.870s][debug  ][gc,phases,ref  ] GC(12)     Cleared: 0
[3.870s][debug  ][gc,phases,ref  ] GC(12)   WeakReference:
[3.870s][debug  ][gc,phases,ref  ] GC(12)     Discovered: 0
[3.870s][debug  ][gc,phases,ref  ] GC(12)     Cleared: 0
[3.870s][debug  ][gc,phases,ref  ] GC(12)   FinalReference:
[3.870s][debug  ][gc,phases,ref  ] GC(12)     Discovered: 0
[3.870s][debug  ][gc,phases,ref  ] GC(12)     Cleared: 0
[3.870s][debug  ][gc,phases,ref  ] GC(12)   PhantomReference:
[3.870s][debug  ][gc,phases,ref  ] GC(12)     Discovered: 0
[3.870s][debug  ][gc,phases,ref  ] GC(12)     Cleared: 0
[3.870s][debug  ][gc,phases      ] GC(12) Reference Processing 0.751ms
[3.870s][debug  ][gc,phases,start] GC(12) Weak Processing
[3.870s][debug  ][gc,phases      ] GC(12)   VM Weak                        Min:  0.0, Avg:  0.0, Max:  0.0, Diff:  0.0, Sum:  0.0, Workers: 6
[3.870s][debug  ][gc,phases      ] GC(12)     Dead                           Min: 0, Avg:  0.0, Max: 0, Diff: 0, Sum: 0, Workers: 6
[3.870s][debug  ][gc,phases      ] GC(12)     Total                          Min: 0, Avg:  1.3, Max: 8, Diff: 8, Sum: 8, Workers: 6
[3.870s][debug  ][gc,phases      ] GC(12)   ObjectSynchronizer Weak        Min:  0.0, Avg:  0.0, Max:  0.0, Diff:  0.0, Sum:  0.0, Workers: 6
[3.870s][debug  ][gc,phases      ] GC(12)     Dead                           Min: 0, Avg:  0.0, Max: 0, Diff: 0, Sum: 0, Workers: 6
[3.870s][debug  ][gc,phases      ] GC(12)     Total                          Min: 0, Avg:  0.5, Max: 3, Diff: 3, Sum: 3, Workers: 6
[3.870s][debug  ][gc,phases      ] GC(12)   JVMTI Tag Weak OopStorage      Min:  0.0, Avg:  0.0, Max:  0.0, Diff:  0.0, Sum:  0.0, Workers: 6
[3.870s][debug  ][gc,phases      ] GC(12)     Dead                           Min: 0, Avg:  0.0, Max: 0, Diff: 0, Sum: 0, Workers: 6
[3.870s][debug  ][gc,phases      ] GC(12)     Total                          Min: 0, Avg:  0.0, Max: 0, Diff: 0, Sum: 0, Workers: 6
[3.870s][debug  ][gc,phases      ] GC(12)   StringTable Weak               Min:  0.0, Avg:  0.0, Max:  0.0, Diff:  0.0, Sum:  0.0, Workers: 6
[3.870s][debug  ][gc,phases      ] GC(12)     Dead                           Min: 0, Avg:  0.0, Max: 0, Diff: 0, Sum: 0, Workers: 6
[3.870s][debug  ][gc,phases      ] GC(12)     Total                          Min: 682, Avg: 892.2, Max: 1024, Diff: 342, Sum: 5353, Workers: 6
[3.870s][debug  ][gc,phases      ] GC(12)   ResolvedMethodTable Weak       Min:  0.0, Avg:  0.0, Max:  0.0, Diff:  0.0, Sum:  0.0, Workers: 6
[3.870s][debug  ][gc,phases      ] GC(12)     Dead                           Min: 0, Avg:  0.0, Max: 0, Diff: 0, Sum: 0, Workers: 6
[3.870s][debug  ][gc,phases      ] GC(12)     Total                          Min: 0, Avg: 21.7, Max: 64, Diff: 64, Sum: 130, Workers: 6
[3.870s][debug  ][gc,phases      ] GC(12)   JNI Weak                       Min:  0.0, Avg:  0.0, Max:  0.0, Diff:  0.0, Sum:  0.0, Workers: 6
[3.870s][debug  ][gc,phases      ] GC(12)     Dead                           Min: 0, Avg:  0.0, Max: 0, Diff: 0, Sum: 0, Workers: 6
[3.870s][debug  ][gc,phases      ] GC(12)     Total                          Min: 0, Avg:  0.0, Max: 0, Diff: 0, Sum: 0, Workers: 6
[3.871s][debug  ][gc,phases      ] GC(12)   StringDedup Table Weak         Min:  0.0, Avg:  0.0, Max:  0.0, Diff:  0.0, Sum:  0.0, Workers: 6
[3.871s][debug  ][gc,phases      ] GC(12)     Dead                           Min: 0, Avg:  0.0, Max: 0, Diff: 0, Sum: 0, Workers: 6
[3.871s][debug  ][gc,phases      ] GC(12)     Total                          Min: 0, Avg:  0.0, Max: 0, Diff: 0, Sum: 0, Workers: 6
[3.871s][debug  ][gc,phases      ] GC(12)   StringDedup Requests0 Weak     Min:  0.0, Avg:  0.0, Max:  0.0, Diff:  0.0, Sum:  0.0, Workers: 6
[3.871s][debug  ][gc,phases      ] GC(12)     Dead                           Min: 0, Avg:  0.0, Max: 0, Diff: 0, Sum: 0, Workers: 6
[3.871s][debug  ][gc,phases      ] GC(12)     Total                          Min: 0, Avg:  0.0, Max: 0, Diff: 0, Sum: 0, Workers: 6
[3.871s][debug  ][gc,phases      ] GC(12)   StringDedup Requests1 Weak     Min:  0.0, Avg:  0.0, Max:  0.0, Diff:  0.0, Sum:  0.0, Workers: 6
[3.871s][debug  ][gc,phases      ] GC(12)     Dead                           Min: 0, Avg:  0.0, Max: 0, Diff: 0, Sum: 0, Workers: 6
[3.871s][debug  ][gc,phases      ] GC(12)     Total                          Min: 0, Avg:  0.0, Max: 0, Diff: 0, Sum: 0, Workers: 6
[3.871s][debug  ][gc,phases      ] GC(12)   Weak JFR Old Object Samples    Min:  0.0, Avg:  0.0, Max:  0.0, Diff:  0.0, Sum:  0.0, Workers: 6
[3.871s][debug  ][gc,phases      ] GC(12)     Dead                           Min: 0, Avg:  0.0, Max: 0, Diff: 0, Sum: 0, Workers: 6
[3.871s][debug  ][gc,phases      ] GC(12)     Total                          Min: 0, Avg:  0.0, Max: 0, Diff: 0, Sum: 0, Workers: 6
[3.871s][debug  ][gc,phases      ] GC(12) Weak Processing 0.885ms
[3.871s][debug  ][gc,ergo        ] GC(12) AdaptiveSizeStart:  collection: 13 
[3.871s][debug  ][gc,ergo        ] GC(12) avg_survived_padded_avg: 33788256.000000
[3.871s][debug  ][gc,ergo        ] GC(12) avg_promoted_padded_avg: 241797456.000000  avg_pretenured_padded_avg: 0.000000  tenuring_thresh: 1  target_size: 34078720
[3.871s][debug  ][gc,age         ] GC(12) Desired survivor size 34078720 bytes, new threshold 1 (max threshold 15)
[3.871s][debug  ][gc,ergo        ] GC(12) PSAdaptiveSizePolicy::compute_eden_space_size limits: desired_eden_size: 276124296 old_eden_size: 200278016 eden_limit: 200278016 cur_eden: 200278016 max_eden_size: 200278016 avg_young_live: 29619104
[3.871s][debug  ][gc,ergo        ] GC(12) PSAdaptiveSizePolicy::compute_eden_space_size: costs minor_time: 0.055285 major_cost: 0.032611 mutator_cost: 0.912103 throughput_goal: 0.990000
[3.871s][debug  ][gc,ergo        ] GC(12) Live_space: 1128105088 free_space: 467140608
[3.871s][debug  ][gc,ergo        ] GC(12) Old eden_size: 200278016 desired_eden_size: 200278016
[3.871s][debug  ][gc,ergo        ] GC(12) AdaptiveSizeStop: collection: 13 
[3.871s][info   ][gc,heap        ] GC(12) PSYoungGen: 218793K(228864K)->30720K(228864K) Eden: 188073K(195584K)->0K(195584K) From: 30720K(33280K)->30720K(33280K)
[3.871s][info   ][gc,heap        ] GC(12) ParOldGen: 964196K(1312768K)->1087076K(1312768K)
[3.871s][info   ][gc,metaspace   ] GC(12) Metaspace: 1021K(1216K)->1021K(1216K) NonClass: 937K(1024K)->937K(1024K) Class: 83K(192K)->83K(192K)
[3.871s][info   ][gc             ] GC(12) Pause Young (Allocation Failure) 1155M->1091M(1505M) 12.904ms
[3.871s][info   ][gc,cpu         ] GC(12) User=0.16s Sys=0.00s Real=0.01s
[3.871s][debug  ][gc,heap        ] GC(12) Heap after GC invocations=13 (full 1):
[3.871s][debug  ][gc,heap        ] GC(12)  PSYoungGen      total 228864K, used 30720K [0x00000000f0000000, 0x0000000100000000, 0x0000000100000000)
[3.871s][debug  ][gc,heap        ] GC(12)   eden space 195584K, 0% used [0x00000000f0000000,0x00000000f0000000,0x00000000fbf00000)
[3.871s][debug  ][gc,heap        ] GC(12)   from space 33280K, 92% used [0x00000000fbf00000,0x00000000fdd00030,0x00000000fdf80000)
[3.871s][debug  ][gc,heap        ] GC(12)   to   space 33280K, 0% used [0x00000000fdf80000,0x00000000fdf80000,0x0000000100000000)
[3.871s][debug  ][gc,heap        ] GC(12)  ParOldGen       total 1312768K, used 1087076K [0x0000000080000000, 0x00000000d0200000, 0x00000000f0000000)
[3.871s][debug  ][gc,heap        ] GC(12)   object space 1312768K, 82% used [0x0000000080000000,0x00000000c2599220,0x00000000d0200000)
[3.871s][debug  ][gc,heap        ] GC(12)  Metaspace       used 1021K, committed 1216K, reserved 1056768K
[3.871s][debug  ][gc,heap        ] GC(12)   class space    used 83K, committed 192K, reserved 1048576K
[3.872s][debug  ][gc,task,time   ] GC(12) VM-Thread 38577963 38691690 38715112
[3.872s][debug  ][gc,phases,start] GC(13) Pre Compact
[3.872s][debug  ][gc,heap        ] GC(13) Heap before GC invocations=14 (full 2):
[3.872s][debug  ][gc,heap        ] GC(13)  PSYoungGen      total 228864K, used 30720K [0x00000000f0000000, 0x0000000100000000, 0x0000000100000000)
[3.872s][debug  ][gc,heap        ] GC(13)   eden space 195584K, 0% used [0x00000000f0000000,0x00000000f0000000,0x00000000fbf00000)
[3.872s][debug  ][gc,heap        ] GC(13)   from space 33280K, 92% used [0x00000000fbf00000,0x00000000fdd00030,0x00000000fdf80000)
[3.872s][debug  ][gc,heap        ] GC(13)   to   space 33280K, 0% used [0x00000000fdf80000,0x00000000fdf80000,0x0000000100000000)
[3.872s][debug  ][gc,heap        ] GC(13)  ParOldGen       total 1312768K, used 1087076K [0x0000000080000000, 0x00000000d0200000, 0x00000000f0000000)
[3.872s][debug  ][gc,heap        ] GC(13)   object space 1312768K, 82% used [0x0000000080000000,0x00000000c2599220,0x00000000d0200000)
[3.872s][debug  ][gc,heap        ] GC(13)  Metaspace       used 1021K, committed 1216K, reserved 1056768K
[3.872s][debug  ][gc,heap        ] GC(13)   class space    used 83K, committed 192K, reserved 1048576K
[3.872s][debug  ][gc,phases      ] GC(13) Pre Compact 0.267ms
[3.872s][info   ][gc,start       ] GC(13) Pause Full (Ergonomics)
[3.872s][info   ][gc,phases,start] GC(13) Marking Phase
[3.872s][debug  ][gc,phases,start] GC(13) Par Mark
[3.872s][debug  ][gc,phases      ] GC(13) Par Mark 0.529ms
[3.872s][debug  ][gc,phases,start] GC(13) Reference Processing
[3.872s][debug  ][gc,ref         ] GC(13) Skipped phase 1 of Reference Processing: no references
[3.873s][debug  ][gc,ref         ] GC(13) ReferenceProcessor::execute queues: 1, RefProcThreadModel::Single, marks_oops_alive: false
[3.873s][debug  ][gc,ref         ] GC(13) Skipped phase 3 of Reference Processing: no references
[3.873s][debug  ][gc,ref         ] GC(13) ReferenceProcessor::execute queues: 1, RefProcThreadModel::Single, marks_oops_alive: false
[3.873s][debug  ][gc,phases,ref  ] GC(13) Reference Processing: 0.1ms
[3.873s][debug  ][gc,phases,ref  ] GC(13)   Reconsider SoftReferences: 0.0ms
[3.873s][debug  ][gc,phases,ref  ] GC(13)     SoftRef (ms):                  skipped
[3.873s][debug  ][gc,phases,ref  ] GC(13)   Notify Soft/WeakReferences: 0.0ms
[3.873s][debug  ][gc,phases,ref  ] GC(13)     SoftRef (ms):                  Min:  0.0, Avg:  0.0, Max:  0.0, Diff:  0.0, Sum:  0.0, Workers: 10
[3.873s][debug  ][gc,phases,ref  ] GC(13)     WeakRef (ms):                  Min:  0.0, Avg:  0.0, Max:  0.0, Diff:  0.0, Sum:  0.0, Workers: 10
[3.873s][debug  ][gc,phases,ref  ] GC(13)     FinalRef (ms):                 Min:  0.0, Avg:  0.0, Max:  0.0, Diff:  0.0, Sum:  0.0, Workers: 10
[3.873s][debug  ][gc,phases,ref  ] GC(13)     Total (ms):                    Min:  0.0, Avg:  0.0, Max:  0.0, Diff:  0.0, Sum:  0.0, Workers: 10
[3.873s][debug  ][gc,phases,ref  ] GC(13)   Notify and keep alive finalizable: 0.0ms
[3.873s][debug  ][gc,phases,ref  ] GC(13)     FinalRef (ms):                 skipped
[3.873s][debug  ][gc,phases,ref  ] GC(13)   Notify PhantomReferences: 0.0ms
[3.873s][debug  ][gc,phases,ref  ] GC(13)     PhantomRef (ms):               Min:  0.0, Avg:  0.0, Max:  0.0, Diff:  0.0, Sum:  0.0, Workers: 10
[3.873s][debug  ][gc,phases,ref  ] GC(13)   SoftReference:
[3.873s][debug  ][gc,phases,ref  ] GC(13)     Discovered: 0
[3.873s][debug  ][gc,phases,ref  ] GC(13)     Cleared: 0
[3.873s][debug  ][gc,phases,ref  ] GC(13)   WeakReference:
[3.873s][debug  ][gc,phases,ref  ] GC(13)     Discovered: 64
[3.873s][debug  ][gc,phases,ref  ] GC(13)     Cleared: 64
[3.873s][debug  ][gc,phases,ref  ] GC(13)   FinalReference:
[3.873s][debug  ][gc,phases,ref  ] GC(13)     Discovered: 0
[3.873s][debug  ][gc,phases,ref  ] GC(13)     Cleared: 0
[3.873s][debug  ][gc,phases,ref  ] GC(13)   PhantomReference:
[3.873s][debug  ][gc,phases,ref  ] GC(13)     Discovered: 5
[3.873s][debug  ][gc,phases,ref  ] GC(13)     Cleared: 5
[3.873s][debug  ][gc,phases      ] GC(13) Reference Processing 0.769ms
[3.873s][debug  ][gc,phases,start] GC(13) Weak Processing
[3.873s][debug  ][gc,phases      ] GC(13)   VM Weak                        Min:  0.0, Avg:  0.0, Max:  0.0, Diff:  0.0, Sum:  0.0, Workers: 6
[3.873s][debug  ][gc,phases      ] GC(13)     Dead                           Min: 0, Avg:  0.0, Max: 0, Diff: 0, Sum: 0, Workers: 6
[3.873s][debug  ][gc,phases      ] GC(13)     Total                          Min: 0, Avg:  1.3, Max: 8, Diff: 8, Sum: 8, Workers: 6
[3.873s][debug  ][gc,phases      ] GC(13)   ObjectSynchronizer Weak        Min:  0.0, Avg:  0.0, Max:  0.0, Diff:  0.0, Sum:  0.0, Workers: 6
[3.873s][debug  ][gc,phases      ] GC(13)     Dead                           Min: 0, Avg:  0.0, Max: 0, Diff: 0, Sum: 0, Workers: 6
[3.873s][debug  ][gc,phases      ] GC(13)     Total                          Min: 0, Avg:  0.5, Max: 3, Diff: 3, Sum: 3, Workers: 6
[3.873s][debug  ][gc,phases      ] GC(13)   JVMTI Tag Weak OopStorage      Min:  0.0, Avg:  0.0, Max:  0.0, Diff:  0.0, Sum:  0.0, Workers: 6
[3.873s][debug  ][gc,phases      ] GC(13)     Dead                           Min: 0, Avg:  0.0, Max: 0, Diff: 0, Sum: 0, Workers: 6
[3.874s][debug  ][gc,phases      ] GC(13)     Total                          Min: 0, Avg:  0.0, Max: 0, Diff: 0, Sum: 0, Workers: 6
[3.874s][debug  ][gc,phases      ] GC(13)   StringTable Weak               Min:  0.0, Avg:  0.0, Max:  0.0, Diff:  0.0, Sum:  0.0, Workers: 6
[3.874s][debug  ][gc,phases      ] GC(13)     Dead                           Min: 0, Avg:  0.0, Max: 0, Diff: 0, Sum: 0, Workers: 6
[3.874s][debug  ][gc,phases      ] GC(13)     Total                          Min: 704, Avg: 892.2, Max: 960, Diff: 256, Sum: 5353, Workers: 6
[3.874s][debug  ][gc,phases      ] GC(13)   ResolvedMethodTable Weak       Min:  0.0, Avg:  0.0, Max:  0.0, Diff:  0.0, Sum:  0.0, Workers: 6
[3.874s][debug  ][gc,phases      ] GC(13)     Dead                           Min: 0, Avg:  0.0, Max: 0, Diff: 0, Sum: 0, Workers: 6
[3.874s][debug  ][gc,phases      ] GC(13)     Total                          Min: 0, Avg: 21.7, Max: 64, Diff: 64, Sum: 130, Workers: 6
[3.874s][debug  ][gc,phases      ] GC(13)   JNI Weak                       Min:  0.0, Avg:  0.0, Max:  0.0, Diff:  0.0, Sum:  0.0, Workers: 6
[3.874s][debug  ][gc,phases      ] GC(13)     Dead                           Min: 0, Avg:  0.0, Max: 0, Diff: 0, Sum: 0, Workers: 6
[3.874s][debug  ][gc,phases      ] GC(13)     Total                          Min: 0, Avg:  0.0, Max: 0, Diff: 0, Sum: 0, Workers: 6
[3.874s][debug  ][gc,phases      ] GC(13)   StringDedup Table Weak         Min:  0.0, Avg:  0.0, Max:  0.0, Diff:  0.0, Sum:  0.0, Workers: 6
[3.874s][debug  ][gc,phases      ] GC(13)     Dead                           Min: 0, Avg:  0.0, Max: 0, Diff: 0, Sum: 0, Workers: 6
[3.874s][debug  ][gc,phases      ] GC(13)     Total                          Min: 0, Avg:  0.0, Max: 0, Diff: 0, Sum: 0, Workers: 6
[3.874s][debug  ][gc,phases      ] GC(13)   StringDedup Requests0 Weak     Min:  0.0, Avg:  0.0, Max:  0.0, Diff:  0.0, Sum:  0.0, Workers: 6
[3.874s][debug  ][gc,phases      ] GC(13)     Dead                           Min: 0, Avg:  0.0, Max: 0, Diff: 0, Sum: 0, Workers: 6
[3.874s][debug  ][gc,phases      ] GC(13)     Total                          Min: 0, Avg:  0.0, Max: 0, Diff: 0, Sum: 0, Workers: 6
[3.874s][debug  ][gc,phases      ] GC(13)   StringDedup Requests1 Weak     Min:  0.0, Avg:  0.0, Max:  0.0, Diff:  0.0, Sum:  0.0, Workers: 6
[3.874s][debug  ][gc,phases      ] GC(13)     Dead                           Min: 0, Avg:  0.0, Max: 0, Diff: 0, Sum: 0, Workers: 6
[3.874s][debug  ][gc,phases      ] GC(13)     Total                          Min: 0, Avg:  0.0, Max: 0, Diff: 0, Sum: 0, Workers: 6
[3.874s][debug  ][gc,phases      ] GC(13)   Weak JFR Old Object Samples    Min:  0.0, Avg:  0.0, Max:  0.0, Diff:  0.0, Sum:  0.0, Workers: 6
[3.874s][debug  ][gc,phases      ] GC(13)     Dead                           Min: 0, Avg:  0.0, Max: 0, Diff: 0, Sum: 0, Workers: 6
[3.874s][debug  ][gc,phases      ] GC(13)     Total                          Min: 0, Avg:  0.0, Max: 0, Diff: 0, Sum: 0, Workers: 6
[3.874s][debug  ][gc,phases      ] GC(13) Weak Processing 0.907ms
[3.874s][debug  ][gc,phases,start] GC(13) Class Unloading
[3.874s][debug  ][gc,phases,start] GC(13) ClassLoaderData
[3.874s][debug  ][gc,phases      ] GC(13) ClassLoaderData 0.024ms
[3.874s][debug  ][gc,phases,start] GC(13) Trigger cleanups
[3.874s][debug  ][gc,phases      ] GC(13) Trigger cleanups 0.023ms
[3.874s][debug  ][gc,phases      ] GC(13) Class Unloading 0.286ms
[3.874s][info   ][gc,phases      ] GC(13) Marking Phase 2.631ms
[3.875s][info   ][gc,phases,start] GC(13) Summary Phase
[3.875s][info   ][gc,phases      ] GC(13) Summary Phase 0.032ms
[3.875s][info   ][gc,phases,start] GC(13) Adjust Roots
[3.875s][info   ][gc,phases      ] GC(13) Adjust Roots 0.344ms
[3.875s][info   ][gc,phases,start] GC(13) Compaction Phase
[3.892s][info   ][gc,phases      ] GC(13) Compaction Phase 16.618ms
[3.892s][info   ][gc,phases,start] GC(13) Post Compact
[3.895s][info   ][gc,phases      ] GC(13) Post Compact 3.702ms
[3.896s][debug  ][gc,ergo        ] GC(13) AdaptiveSizeStart: collection: 14 
[3.896s][debug  ][gc,ergo        ] GC(13) PSAdaptiveSizePolicy::compute_eden_space_size limits: desired_eden_size: 274292927 old_eden_size: 200278016 eden_limit: 200278016 cur_eden: 200278016 max_eden_size: 200278016 avg_young_live: 26657192
[3.896s][debug  ][gc,ergo        ] GC(13) PSAdaptiveSizePolicy::compute_eden_space_size: costs minor_time: 0.055285 major_cost: 0.034786 mutator_cost: 0.909928 throughput_goal: 0.990000
[3.896s][debug  ][gc,ergo        ] GC(13) Live_space: 1125143168 free_space: 467140608
[3.896s][debug  ][gc,ergo        ] GC(13) Old eden_size: 200278016 desired_eden_size: 200278016
[3.896s][debug  ][gc,ergo        ] GC(13) PSAdaptiveSizePolicy::compute_old_gen_free_space: costs minor_time: 0.055285 major_cost: 0.034786  mutator_cost: 0.909928 throughput_goal: 0.990000
[3.896s][debug  ][gc,ergo        ] GC(13) Live_space: 789598272 free_space: 467140608
[3.896s][debug  ][gc,ergo        ] GC(13) Old promo_size: 266862592 desired_promo_size: 370147328
[3.924s][debug  ][gc             ] GC(13) Shrinking ParOldGen from 1312768K by 559616K to 753152K
[3.924s][debug  ][gc,ergo        ] GC(13) AdaptiveSizeStop: collection: 14 
[3.924s][info   ][gc,heap        ] GC(13) PSYoungGen: 30720K(228864K)->0K(228864K) Eden: 0K(195584K)->0K(195584K) From: 30720K(33280K)->0K(33280K)
[3.924s][info   ][gc,heap        ] GC(13) ParOldGen: 1087076K(1312768K)->155235K(753152K)
[3.924s][info   ][gc,metaspace   ] GC(13) Metaspace: 1021K(1216K)->1021K(1216K) NonClass: 937K(1024K)->937K(1024K) Class: 83K(192K)->83K(192K)
[3.924s][info   ][gc             ] GC(13) Pause Full (Ergonomics) 1091M->151M(959M) 51.911ms
[3.924s][info   ][gc,cpu         ] GC(13) User=0.16s Sys=0.03s Real=0.05s
[3.924s][debug  ][gc,heap        ] GC(13) Heap after GC invocations=14 (full 2):
[3.924s][debug  ][gc,heap        ] GC(13)  PSYoungGen      total 228864K, used 0K [0x00000000f0000000, 0x0000000100000000, 0x0000000100000000)
[3.924s][debug  ][gc,heap        ] GC(13)   eden space 195584K, 0% used [0x00000000f0000000,0x00000000f0000000,0x00000000fbf00000)
[3.924s][debug  ][gc,heap        ] GC(13)   from space 33280K, 0% used [0x00000000fdf80000,0x00000000fdf80000,0x0000000100000000)
[3.924s][debug  ][gc,heap        ] GC(13)   to   space 33280K, 0% used [0x00000000fbf00000,0x00000000fbf00000,0x00000000fdf80000)
[3.924s][debug  ][gc,heap        ] GC(13)  ParOldGen       total 753152K, used 155235K [0x0000000080000000, 0x00000000adf80000, 0x00000000f0000000)
[3.924s][debug  ][gc,heap        ] GC(13)   object space 753152K, 20% used [0x0000000080000000,0x0000000089798c70,0x00000000adf80000)
[3.924s][debug  ][gc,heap        ] GC(13)  Metaspace       used 1021K, committed 1216K, reserved 1056768K
[3.924s][debug  ][gc,heap        ] GC(13)   class space    used 83K, committed 192K, reserved 1048576K
[3.924s][debug  ][gc,task,time   ] GC(13) VM-Thread 38718655 38749875 39238079
[4.207s][debug  ][gc,heap        ] GC(14) Heap before GC invocations=15 (full 2):
[4.207s][debug  ][gc,heap        ] GC(14)  PSYoungGen      total 228864K, used 188101K [0x00000000f0000000, 0x0000000100000000, 0x0000000100000000)
[4.207s][debug  ][gc,heap        ] GC(14)   eden space 195584K, 96% used [0x00000000f0000000,0x00000000fb7b1568,0x00000000fbf00000)
[4.207s][debug  ][gc,heap        ] GC(14)   from space 33280K, 0% used [0x00000000fdf80000,0x00000000fdf80000,0x0000000100000000)
[4.207s][debug  ][gc,heap        ] GC(14)   to   space 33280K, 0% used [0x00000000fbf00000,0x00000000fbf00000,0x00000000fdf80000)
[4.207s][debug  ][gc,heap        ] GC(14)  ParOldGen       total 753152K, used 155235K [0x0000000080000000, 0x00000000adf80000, 0x00000000f0000000)
[4.207s][debug  ][gc,heap        ] GC(14)   object space 753152K, 20% used [0x0000000080000000,0x0000000089798c70,0x00000000adf80000)
[4.207s][debug  ][gc,heap        ] GC(14)  Metaspace       used 1021K, committed 1216K, reserved 1056768K
[4.207s][debug  ][gc,heap        ] GC(14)   class space    used 83K, committed 192K, reserved 1048576K
[4.207s][debug  ][gc,tlab        ] GC(14) TLAB totals: thrds: 1  refills: 1 max: 1 slow allocs: 17 max 17 waste: 27.0% gc: 3871816B max: 3871816B slow: 0B max: 0B
[4.207s][info   ][gc,start       ] GC(14) Pause Young (Allocation Failure)
[4.207s][debug  ][gc,phases,start] GC(14) Scavenge
[4.220s][debug  ][gc,phases      ] GC(14) Scavenge 12.678ms
[4.220s][debug  ][gc,phases,start] GC(14) Reference Processing
[4.220s][debug  ][gc,ref         ] GC(14) Skipped phase 1 of Reference Processing: no references
[4.220s][debug  ][gc,ref         ] GC(14) Skipped phase 2 of Reference Processing: no references
[4.220s][debug  ][gc,ref         ] GC(14) Skipped phase 3 of Reference Processing: no references
[4.220s][debug  ][gc,ref         ] GC(14) Skipped phase 4 of Reference Processing: no references
[4.220s][debug  ][gc,phases,ref  ] GC(14) Reference Processing: 0.1ms
[4.220s][debug  ][gc,phases,ref  ] GC(14)   Reconsider SoftReferences: 0.0ms
[4.220s][debug  ][gc,phases,ref  ] GC(14)     SoftRef (ms):                  skipped
[4.220s][debug  ][gc,phases,ref  ] GC(14)   Notify Soft/WeakReferences: 0.0ms
[4.220s][debug  ][gc,phases,ref  ] GC(14)     SoftRef (ms):                  skipped
[4.220s][debug  ][gc,phases,ref  ] GC(14)     WeakRef (ms):                  skipped
[4.220s][debug  ][gc,phases,ref  ] GC(14)     FinalRef (ms):                 skipped
[4.220s][debug  ][gc,phases,ref  ] GC(14)     Total (ms):                    skipped
[4.221s][debug  ][gc,phases,ref  ] GC(14)   Notify and keep alive finalizable: 0.0ms
[4.221s][debug  ][gc,phases,ref  ] GC(14)     FinalRef (ms):                 skipped
[4.221s][debug  ][gc,phases,ref  ] GC(14)   Notify PhantomReferences: 0.0ms
[4.221s][debug  ][gc,phases,ref  ] GC(14)     PhantomRef (ms):               skipped
[4.221s][debug  ][gc,phases,ref  ] GC(14)   SoftReference:
[4.221s][debug  ][gc,phases,ref  ] GC(14)     Discovered: 0
[4.221s][debug  ][gc,phases,ref  ] GC(14)     Cleared: 0
[4.221s][debug  ][gc,phases,ref  ] GC(14)   WeakReference:
[4.221s][debug  ][gc,phases,ref  ] GC(14)     Discovered: 0
[4.221s][debug  ][gc,phases,ref  ] GC(14)     Cleared: 0
[4.221s][debug  ][gc,phases,ref  ] GC(14)   FinalReference:
[4.221s][debug  ][gc,phases,ref  ] GC(14)     Discovered: 0
[4.221s][debug  ][gc,phases,ref  ] GC(14)     Cleared: 0
[4.221s][debug  ][gc,phases,ref  ] GC(14)   PhantomReference:
[4.221s][debug  ][gc,phases,ref  ] GC(14)     Discovered: 0
[4.221s][debug  ][gc,phases,ref  ] GC(14)     Cleared: 0
[4.221s][debug  ][gc,phases      ] GC(14) Reference Processing 0.781ms
[4.221s][debug  ][gc,phases,start] GC(14) Weak Processing
[4.221s][debug  ][gc,phases      ] GC(14)   VM Weak                        Min:  0.0, Avg:  0.0, Max:  0.0, Diff:  0.0, Sum:  0.0, Workers: 6
[4.221s][debug  ][gc,phases      ] GC(14)     Dead                           Min: 0, Avg:  0.0, Max: 0, Diff: 0, Sum: 0, Workers: 6
[4.221s][debug  ][gc,phases      ] GC(14)     Total                          Min: 0, Avg:  1.3, Max: 8, Diff: 8, Sum: 8, Workers: 6
[4.221s][debug  ][gc,phases      ] GC(14)   ObjectSynchronizer Weak        Min:  0.0, Avg:  0.0, Max:  0.0, Diff:  0.0, Sum:  0.0, Workers: 6
[4.221s][debug  ][gc,phases      ] GC(14)     Dead                           Min: 0, Avg:  0.0, Max: 0, Diff: 0, Sum: 0, Workers: 6
[4.221s][debug  ][gc,phases      ] GC(14)     Total                          Min: 0, Avg:  0.5, Max: 3, Diff: 3, Sum: 3, Workers: 6
[4.221s][debug  ][gc,phases      ] GC(14)   JVMTI Tag Weak OopStorage      Min:  0.0, Avg:  0.0, Max:  0.0, Diff:  0.0, Sum:  0.0, Workers: 6
[4.221s][debug  ][gc,phases      ] GC(14)     Dead                           Min: 0, Avg:  0.0, Max: 0, Diff: 0, Sum: 0, Workers: 6
[4.221s][debug  ][gc,phases      ] GC(14)     Total                          Min: 0, Avg:  0.0, Max: 0, Diff: 0, Sum: 0, Workers: 6
[4.221s][debug  ][gc,phases      ] GC(14)   StringTable Weak               Min:  0.0, Avg:  0.0, Max:  0.0, Diff:  0.0, Sum:  0.1, Workers: 6
[4.221s][debug  ][gc,phases      ] GC(14)     Dead                           Min: 0, Avg:  0.0, Max: 0, Diff: 0, Sum: 0, Workers: 6
[4.221s][debug  ][gc,phases      ] GC(14)     Total                          Min: 192, Avg: 892.2, Max: 1216, Diff: 1024, Sum: 5353, Workers: 6
[4.221s][debug  ][gc,phases      ] GC(14)   ResolvedMethodTable Weak       Min:  0.0, Avg:  0.0, Max:  0.0, Diff:  0.0, Sum:  0.0, Workers: 6
[4.221s][debug  ][gc,phases      ] GC(14)     Dead                           Min: 0, Avg:  0.0, Max: 0, Diff: 0, Sum: 0, Workers: 6
[4.221s][debug  ][gc,phases      ] GC(14)     Total                          Min: 0, Avg: 21.7, Max: 64, Diff: 64, Sum: 130, Workers: 6
[4.221s][debug  ][gc,phases      ] GC(14)   JNI Weak                       Min:  0.0, Avg:  0.0, Max:  0.0, Diff:  0.0, Sum:  0.0, Workers: 6
[4.221s][debug  ][gc,phases      ] GC(14)     Dead                           Min: 0, Avg:  0.0, Max: 0, Diff: 0, Sum: 0, Workers: 6
[4.221s][debug  ][gc,phases      ] GC(14)     Total                          Min: 0, Avg:  0.0, Max: 0, Diff: 0, Sum: 0, Workers: 6
[4.222s][debug  ][gc,phases      ] GC(14)   StringDedup Table Weak         Min:  0.0, Avg:  0.0, Max:  0.0, Diff:  0.0, Sum:  0.0, Workers: 6
[4.222s][debug  ][gc,phases      ] GC(14)     Dead                           Min: 0, Avg:  0.0, Max: 0, Diff: 0, Sum: 0, Workers: 6
[4.222s][debug  ][gc,phases      ] GC(14)     Total                          Min: 0, Avg:  0.0, Max: 0, Diff: 0, Sum: 0, Workers: 6
[4.222s][debug  ][gc,phases      ] GC(14)   StringDedup Requests0 Weak     Min:  0.0, Avg:  0.0, Max:  0.0, Diff:  0.0, Sum:  0.0, Workers: 6
[4.222s][debug  ][gc,phases      ] GC(14)     Dead                           Min: 0, Avg:  0.0, Max: 0, Diff: 0, Sum: 0, Workers: 6
[4.222s][debug  ][gc,phases      ] GC(14)     Total                          Min: 0, Avg:  0.0, Max: 0, Diff: 0, Sum: 0, Workers: 6
[4.222s][debug  ][gc,phases      ] GC(14)   StringDedup Requests1 Weak     Min:  0.0, Avg:  0.0, Max:  0.0, Diff:  0.0, Sum:  0.0, Workers: 6
[4.222s][debug  ][gc,phases      ] GC(14)     Dead                           Min: 0, Avg:  0.0, Max: 0, Diff: 0, Sum: 0, Workers: 6
[4.222s][debug  ][gc,phases      ] GC(14)     Total                          Min: 0, Avg:  0.0, Max: 0, Diff: 0, Sum: 0, Workers: 6
[4.222s][debug  ][gc,phases      ] GC(14)   Weak JFR Old Object Samples    Min:  0.0, Avg:  0.0, Max:  0.0, Diff:  0.0, Sum:  0.0, Workers: 6
[4.222s][debug  ][gc,phases      ] GC(14)     Dead                           Min: 0, Avg:  0.0, Max: 0, Diff: 0, Sum: 0, Workers: 6
[4.222s][debug  ][gc,phases      ] GC(14)     Total                          Min: 0, Avg:  0.0, Max: 0, Diff: 0, Sum: 0, Workers: 6
[4.222s][debug  ][gc,phases      ] GC(14) Weak Processing 0.892ms
[4.222s][debug  ][gc,ergo        ] GC(14) AdaptiveSizeStart:  collection: 15 
[4.222s][debug  ][gc,ergo        ] GC(14) avg_survived_padded_avg: 33768108.000000
[4.222s][debug  ][gc,ergo        ] GC(14) avg_promoted_padded_avg: 235363968.000000  avg_pretenured_padded_avg: 0.000000  tenuring_thresh: 1  target_size: 34078720
[4.222s][debug  ][gc,age         ] GC(14) Desired survivor size 34078720 bytes, new threshold 1 (max threshold 15)
[4.222s][debug  ][gc,ergo        ] GC(14) PSAdaptiveSizePolicy::compute_eden_space_size limits: desired_eden_size: 272408566 old_eden_size: 200278016 eden_limit: 200278016 cur_eden: 200278016 max_eden_size: 200278016 avg_young_live: 27137204
[4.222s][debug  ][gc,ergo        ] GC(14) PSAdaptiveSizePolicy::compute_eden_space_size: costs minor_time: 0.051783 major_cost: 0.034786 mutator_cost: 0.913431 throughput_goal: 0.990000
[4.222s][debug  ][gc,ergo        ] GC(14) Live_space: 790078336 free_space: 570425344
[4.222s][debug  ][gc,ergo        ] GC(14) Old eden_size: 200278016 desired_eden_size: 200278016
[4.222s][debug  ][gc,ergo        ] GC(14) AdaptiveSizeStop: collection: 15 
[4.222s][info   ][gc,heap        ] GC(14) PSYoungGen: 188101K(228864K)->30720K(228864K) Eden: 188101K(195584K)->0K(195584K) From: 0K(33280K)->30720K(33280K)
[4.222s][info   ][gc,heap        ] GC(14) ParOldGen: 155235K(753152K)->308835K(753152K)
[4.222s][info   ][gc,metaspace   ] GC(14) Metaspace: 1021K(1216K)->1021K(1216K) NonClass: 937K(1024K)->937K(1024K) Class: 83K(192K)->83K(192K)
[4.222s][info   ][gc             ] GC(14) Pause Young (Allocation Failure) 335M->331M(959M) 14.883ms
[4.222s][info   ][gc,cpu         ] GC(14) User=0.16s Sys=0.00s Real=0.01s
[4.222s][debug  ][gc,heap        ] GC(14) Heap after GC invocations=15 (full 2):
[4.222s][debug  ][gc,heap        ] GC(14)  PSYoungGen      total 228864K, used 30720K [0x00000000f0000000, 0x0000000100000000, 0x0000000100000000)
[4.222s][debug  ][gc,heap        ] GC(14)   eden space 195584K, 0% used [0x00000000f0000000,0x00000000f0000000,0x00000000fbf00000)
[4.222s][debug  ][gc,heap        ] GC(14)   from space 33280K, 92% used [0x00000000fbf00000,0x00000000fdd00030,0x00000000fdf80000)
[4.222s][debug  ][gc,heap        ] GC(14)   to   space 33280K, 0% used [0x00000000fdf80000,0x00000000fdf80000,0x0000000100000000)
[4.222s][debug  ][gc,heap        ] GC(14)  ParOldGen       total 753152K, used 308835K [0x0000000080000000, 0x00000000adf80000, 0x00000000f0000000)
[4.222s][debug  ][gc,heap        ] GC(14)   object space 753152K, 41% used [0x0000000080000000,0x0000000092d98d60,0x00000000adf80000)
[4.222s][debug  ][gc,heap        ] GC(14)  Metaspace       used 1021K, committed 1216K, reserved 1056768K
[4.223s][debug  ][gc,heap        ] GC(14)   class space    used 83K, committed 192K, reserved 1048576K
[4.223s][debug  ][gc,task,time   ] GC(14) VM-Thread 42068871 42201566 42225341
[4.509s][debug  ][gc,heap        ] GC(15) Heap before GC invocations=16 (full 2):
[4.509s][debug  ][gc,heap        ] GC(15)  PSYoungGen      total 228864K, used 218765K [0x00000000f0000000, 0x0000000100000000, 0x0000000100000000)
[4.509s][debug  ][gc,heap        ] GC(15)   eden space 195584K, 96% used [0x00000000f0000000,0x00000000fb7a3408,0x00000000fbf00000)
[4.509s][debug  ][gc,heap        ] GC(15)   from space 33280K, 92% used [0x00000000fbf00000,0x00000000fdd00030,0x00000000fdf80000)
[4.509s][debug  ][gc,heap        ] GC(15)   to   space 33280K, 0% used [0x00000000fdf80000,0x00000000fdf80000,0x0000000100000000)
[4.509s][debug  ][gc,heap        ] GC(15)  ParOldGen       total 753152K, used 308835K [0x0000000080000000, 0x00000000adf80000, 0x00000000f0000000)
[4.509s][debug  ][gc,heap        ] GC(15)   object space 753152K, 41% used [0x0000000080000000,0x0000000092d98d60,0x00000000adf80000)
[4.509s][debug  ][gc,heap        ] GC(15)  Metaspace       used 1021K, committed 1216K, reserved 1056768K
[4.509s][debug  ][gc,heap        ] GC(15)   class space    used 83K, committed 192K, reserved 1048576K
[4.509s][debug  ][gc,tlab        ] GC(15) TLAB totals: thrds: 1  refills: 1 max: 1 slow allocs: 17 max 17 waste: 26.7% gc: 3814120B max: 3814120B slow: 0B max: 0B
[4.509s][info   ][gc,start       ] GC(15) Pause Young (Allocation Failure)
[4.510s][debug  ][gc,phases,start] GC(15) Scavenge
[4.524s][debug  ][gc,phases      ] GC(15) Scavenge 14.892ms
[4.525s][debug  ][gc,phases,start] GC(15) Reference Processing
[4.525s][debug  ][gc,ref         ] GC(15) Skipped phase 1 of Reference Processing: no references
[4.525s][debug  ][gc,ref         ] GC(15) Skipped phase 2 of Reference Processing: no references
[4.525s][debug  ][gc,ref         ] GC(15) Skipped phase 3 of Reference Processing: no references
[4.525s][debug  ][gc,ref         ] GC(15) Skipped phase 4 of Reference Processing: no references
[4.525s][debug  ][gc,phases,ref  ] GC(15) Reference Processing: 0.1ms
[4.525s][debug  ][gc,phases,ref  ] GC(15)   Reconsider SoftReferences: 0.0ms
[4.525s][debug  ][gc,phases,ref  ] GC(15)     SoftRef (ms):                  skipped
[4.525s][debug  ][gc,phases,ref  ] GC(15)   Notify Soft/WeakReferences: 0.0ms
[4.525s][debug  ][gc,phases,ref  ] GC(15)     SoftRef (ms):                  skipped
[4.525s][debug  ][gc,phases,ref  ] GC(15)     WeakRef (ms):                  skipped
[4.525s][debug  ][gc,phases,ref  ] GC(15)     FinalRef (ms):                 skipped
[4.525s][debug  ][gc,phases,ref  ] GC(15)     Total (ms):                    skipped
[4.525s][debug  ][gc,phases,ref  ] GC(15)   Notify and keep alive finalizable: 0.0ms
[4.525s][debug  ][gc,phases,ref  ] GC(15)     FinalRef (ms):                 skipped
[4.525s][debug  ][gc,phases,ref  ] GC(15)   Notify PhantomReferences: 0.0ms
[4.525s][debug  ][gc,phases,ref  ] GC(15)     PhantomRef (ms):               skipped
[4.525s][debug  ][gc,phases,ref  ] GC(15)   SoftReference:
[4.525s][debug  ][gc,phases,ref  ] GC(15)     Discovered: 0
[4.525s][debug  ][gc,phases,ref  ] GC(15)     Cleared: 0
[4.525s][debug  ][gc,phases,ref  ] GC(15)   WeakReference:
[4.525s][debug  ][gc,phases,ref  ] GC(15)     Discovered: 0
[4.525s][debug  ][gc,phases,ref  ] GC(15)     Cleared: 0
[4.525s][debug  ][gc,phases,ref  ] GC(15)   FinalReference:
[4.525s][debug  ][gc,phases,ref  ] GC(15)     Discovered: 0
[4.525s][debug  ][gc,phases,ref  ] GC(15)     Cleared: 0
[4.525s][debug  ][gc,phases,ref  ] GC(15)   PhantomReference:
[4.525s][debug  ][gc,phases,ref  ] GC(15)     Discovered: 0
[4.525s][debug  ][gc,phases,ref  ] GC(15)     Cleared: 0
[4.525s][debug  ][gc,phases      ] GC(15) Reference Processing 0.788ms
[4.525s][debug  ][gc,phases,start] GC(15) Weak Processing
[4.525s][debug  ][gc,phases      ] GC(15)   VM Weak                        Min:  0.0, Avg:  0.0, Max:  0.0, Diff:  0.0, Sum:  0.0, Workers: 6
[4.525s][debug  ][gc,phases      ] GC(15)     Dead                           Min: 0, Avg:  0.0, Max: 0, Diff: 0, Sum: 0, Workers: 6
[4.525s][debug  ][gc,phases      ] GC(15)     Total                          Min: 0, Avg:  1.3, Max: 8, Diff: 8, Sum: 8, Workers: 6
[4.525s][debug  ][gc,phases      ] GC(15)   ObjectSynchronizer Weak        Min:  0.0, Avg:  0.0, Max:  0.0, Diff:  0.0, Sum:  0.0, Workers: 6
[4.526s][debug  ][gc,phases      ] GC(15)     Dead                           Min: 0, Avg:  0.0, Max: 0, Diff: 0, Sum: 0, Workers: 6
[4.526s][debug  ][gc,phases      ] GC(15)     Total                          Min: 0, Avg:  0.5, Max: 3, Diff: 3, Sum: 3, Workers: 6
[4.526s][debug  ][gc,phases      ] GC(15)   JVMTI Tag Weak OopStorage      Min:  0.0, Avg:  0.0, Max:  0.0, Diff:  0.0, Sum:  0.0, Workers: 6
[4.526s][debug  ][gc,phases      ] GC(15)     Dead                           Min: 0, Avg:  0.0, Max: 0, Diff: 0, Sum: 0, Workers: 6
[4.526s][debug  ][gc,phases      ] GC(15)     Total                          Min: 0, Avg:  0.0, Max: 0, Diff: 0, Sum: 0, Workers: 6
[4.526s][debug  ][gc,phases      ] GC(15)   StringTable Weak               Min:  0.0, Avg:  0.0, Max:  0.0, Diff:  0.0, Sum:  0.0, Workers: 6
[4.526s][debug  ][gc,phases      ] GC(15)     Dead                           Min: 0, Avg:  0.0, Max: 0, Diff: 0, Sum: 0, Workers: 6
[4.526s][debug  ][gc,phases      ] GC(15)     Total                          Min: 809, Avg: 892.2, Max: 960, Diff: 151, Sum: 5353, Workers: 6
[4.526s][debug  ][gc,phases      ] GC(15)   ResolvedMethodTable Weak       Min:  0.0, Avg:  0.0, Max:  0.0, Diff:  0.0, Sum:  0.0, Workers: 6
[4.526s][debug  ][gc,phases      ] GC(15)     Dead                           Min: 0, Avg:  0.0, Max: 0, Diff: 0, Sum: 0, Workers: 6
[4.526s][debug  ][gc,phases      ] GC(15)     Total                          Min: 0, Avg: 21.7, Max: 64, Diff: 64, Sum: 130, Workers: 6
[4.526s][debug  ][gc,phases      ] GC(15)   JNI Weak                       Min:  0.0, Avg:  0.0, Max:  0.0, Diff:  0.0, Sum:  0.0, Workers: 6
[4.526s][debug  ][gc,phases      ] GC(15)     Dead                           Min: 0, Avg:  0.0, Max: 0, Diff: 0, Sum: 0, Workers: 6
[4.526s][debug  ][gc,phases      ] GC(15)     Total                          Min: 0, Avg:  0.0, Max: 0, Diff: 0, Sum: 0, Workers: 6
[4.526s][debug  ][gc,phases      ] GC(15)   StringDedup Table Weak         Min:  0.0, Avg:  0.0, Max:  0.0, Diff:  0.0, Sum:  0.0, Workers: 6
[4.526s][debug  ][gc,phases      ] GC(15)     Dead                           Min: 0, Avg:  0.0, Max: 0, Diff: 0, Sum: 0, Workers: 6
[4.526s][debug  ][gc,phases      ] GC(15)     Total                          Min: 0, Avg:  0.0, Max: 0, Diff: 0, Sum: 0, Workers: 6
[4.526s][debug  ][gc,phases      ] GC(15)   StringDedup Requests0 Weak     Min:  0.0, Avg:  0.0, Max:  0.0, Diff:  0.0, Sum:  0.0, Workers: 6
[4.526s][debug  ][gc,phases      ] GC(15)     Dead                           Min: 0, Avg:  0.0, Max: 0, Diff: 0, Sum: 0, Workers: 6
[4.526s][debug  ][gc,phases      ] GC(15)     Total                          Min: 0, Avg:  0.0, Max: 0, Diff: 0, Sum: 0, Workers: 6
[4.526s][debug  ][gc,phases      ] GC(15)   StringDedup Requests1 Weak     Min:  0.0, Avg:  0.0, Max:  0.0, Diff:  0.0, Sum:  0.0, Workers: 6
[4.526s][debug  ][gc,phases      ] GC(15)     Dead                           Min: 0, Avg:  0.0, Max: 0, Diff: 0, Sum: 0, Workers: 6
[4.526s][debug  ][gc,phases      ] GC(15)     Total                          Min: 0, Avg:  0.0, Max: 0, Diff: 0, Sum: 0, Workers: 6
[4.526s][debug  ][gc,phases      ] GC(15)   Weak JFR Old Object Samples    Min:  0.0, Avg:  0.0, Max:  0.0, Diff:  0.0, Sum:  0.0, Workers: 6
[4.526s][debug  ][gc,phases      ] GC(15)     Dead                           Min: 0, Avg:  0.0, Max: 0, Diff: 0, Sum: 0, Workers: 6
[4.526s][debug  ][gc,phases      ] GC(15)     Total                          Min: 0, Avg:  0.0, Max: 0, Diff: 0, Sum: 0, Workers: 6
[4.526s][debug  ][gc,phases      ] GC(15) Weak Processing 0.827ms
[4.526s][debug  ][gc,ergo        ] GC(15) AdaptiveSizeStart:  collection: 16 
[4.526s][debug  ][gc,ergo        ] GC(15) avg_survived_padded_avg: 33728680.000000
[4.526s][debug  ][gc,ergo        ] GC(15) avg_promoted_padded_avg: 237379600.000000  avg_pretenured_padded_avg: 0.000000  tenuring_thresh: 1  target_size: 34078720
[4.526s][debug  ][gc,age         ] GC(15) Desired survivor size 34078720 bytes, new threshold 1 (max threshold 15)
[4.526s][debug  ][gc,ergo        ] GC(15) PSAdaptiveSizePolicy::compute_eden_space_size limits: desired_eden_size: 272812743 old_eden_size: 200278016 eden_limit: 200278016 cur_eden: 200278016 max_eden_size: 200278016 avg_young_live: 27569214
[4.526s][debug  ][gc,ergo        ] GC(15) PSAdaptiveSizePolicy::compute_eden_space_size: costs minor_time: 0.052511 major_cost: 0.034786 mutator_cost: 0.912703 throughput_goal: 0.990000
[4.526s][debug  ][gc,ergo        ] GC(15) Live_space: 790510336 free_space: 570425344
[4.526s][debug  ][gc,ergo        ] GC(15) Old eden_size: 200278016 desired_eden_size: 200278016
[4.526s][debug  ][gc,ergo        ] GC(15) AdaptiveSizeStop: collection: 16 
[4.526s][info   ][gc,heap        ] GC(15) PSYoungGen: 218765K(228864K)->30720K(228864K) Eden: 188045K(195584K)->0K(195584K) From: 30720K(33280K)->30720K(33280K)
[4.526s][info   ][gc,heap        ] GC(15) ParOldGen: 308835K(753152K)->493155K(753152K)
[4.526s][info   ][gc,metaspace   ] GC(15) Metaspace: 1021K(1216K)->1021K(1216K) NonClass: 937K(1024K)->937K(1024K) Class: 83K(192K)->83K(192K)
[4.526s][info   ][gc             ] GC(15) Pause Young (Allocation Failure) 515M->511M(959M) 17.002ms
[4.527s][info   ][gc,cpu         ] GC(15) User=0.16s Sys=0.00s Real=0.02s
[4.527s][debug  ][gc,heap        ] GC(15) Heap after GC invocations=16 (full 2):
[4.527s][debug  ][gc,heap        ] GC(15)  PSYoungGen      total 228864K, used 30720K [0x00000000f0000000, 0x0000000100000000, 0x0000000100000000)
[4.527s][debug  ][gc,heap        ] GC(15)   eden space 195584K, 0% used [0x00000000f0000000,0x00000000f0000000,0x00000000fbf00000)
[4.527s][debug  ][gc,heap        ] GC(15)   from space 33280K, 92% used [0x00000000fdf80000,0x00000000ffd80030,0x0000000100000000)
[4.527s][debug  ][gc,heap        ] GC(15)   to   space 33280K, 0% used [0x00000000fbf00000,0x00000000fbf00000,0x00000000fdf80000)
[4.527s][debug  ][gc,heap        ] GC(15)  ParOldGen       total 753152K, used 493155K [0x0000000080000000, 0x00000000adf80000, 0x00000000f0000000)
[4.527s][debug  ][gc,heap        ] GC(15)   object space 753152K, 65% used [0x0000000080000000,0x000000009e198e80,0x00000000adf80000)
[4.527s][debug  ][gc,heap        ] GC(15)  Metaspace       used 1021K, committed 1216K, reserved 1056768K
[4.527s][debug  ][gc,heap        ] GC(15)   class space    used 83K, committed 192K, reserved 1048576K
[4.527s][debug  ][gc,task,time   ] GC(15) VM-Thread 45090166 45245033 45267339
[4.810s][debug  ][gc,heap        ] GC(16) Heap before GC invocations=17 (full 2):
[4.810s][debug  ][gc,heap        ] GC(16)  PSYoungGen      total 228864K, used 218803K [0x00000000f0000000, 0x0000000100000000, 0x0000000100000000)
[4.810s][debug  ][gc,heap        ] GC(16)   eden space 195584K, 96% used [0x00000000f0000000,0x00000000fb7acd48,0x00000000fbf00000)
[4.810s][debug  ][gc,heap        ] GC(16)   from space 33280K, 92% used [0x00000000fdf80000,0x00000000ffd80030,0x0000000100000000)
[4.810s][debug  ][gc,heap        ] GC(16)   to   space 33280K, 0% used [0x00000000fbf00000,0x00000000fbf00000,0x00000000fdf80000)
[4.810s][debug  ][gc,heap        ] GC(16)  ParOldGen       total 753152K, used 493155K [0x0000000080000000, 0x00000000adf80000, 0x00000000f0000000)
[4.810s][debug  ][gc,heap        ] GC(16)   object space 753152K, 65% used [0x0000000080000000,0x000000009e198e80,0x00000000adf80000)
[4.810s][debug  ][gc,heap        ] GC(16)  Metaspace       used 1021K, committed 1216K, reserved 1056768K
[4.810s][debug  ][gc,heap        ] GC(16)   class space    used 83K, committed 192K, reserved 1048576K
[4.810s][debug  ][gc,tlab        ] GC(16) TLAB totals: thrds: 1  refills: 1 max: 1 slow allocs: 17 max 17 waste: 26.9% gc: 3853352B max: 3853352B slow: 0B max: 0B
[4.810s][info   ][gc,start       ] GC(16) Pause Young (Allocation Failure)
[4.810s][debug  ][gc,phases,start] GC(16) Scavenge
[4.825s][debug  ][gc,phases      ] GC(16) Scavenge 14.976ms
[4.826s][debug  ][gc,phases,start] GC(16) Reference Processing
[4.826s][debug  ][gc,ref         ] GC(16) Skipped phase 1 of Reference Processing: no references
[4.826s][debug  ][gc,ref         ] GC(16) Skipped phase 2 of Reference Processing: no references
[4.826s][debug  ][gc,ref         ] GC(16) Skipped phase 3 of Reference Processing: no references
[4.826s][debug  ][gc,ref         ] GC(16) Skipped phase 4 of Reference Processing: no references
[4.826s][debug  ][gc,phases,ref  ] GC(16) Reference Processing: 0.1ms
[4.826s][debug  ][gc,phases,ref  ] GC(16)   Reconsider SoftReferences: 0.0ms
[4.826s][debug  ][gc,phases,ref  ] GC(16)     SoftRef (ms):                  skipped
[4.826s][debug  ][gc,phases,ref  ] GC(16)   Notify Soft/WeakReferences: 0.0ms
[4.826s][debug  ][gc,phases,ref  ] GC(16)     SoftRef (ms):                  skipped
[4.826s][debug  ][gc,phases,ref  ] GC(16)     WeakRef (ms):                  skipped
[4.826s][debug  ][gc,phases,ref  ] GC(16)     FinalRef (ms):                 skipped
[4.826s][debug  ][gc,phases,ref  ] GC(16)     Total (ms):                    skipped
[4.826s][debug  ][gc,phases,ref  ] GC(16)   Notify and keep alive finalizable: 0.0ms
[4.826s][debug  ][gc,phases,ref  ] GC(16)     FinalRef (ms):                 skipped
[4.826s][debug  ][gc,phases,ref  ] GC(16)   Notify PhantomReferences: 0.0ms
[4.826s][debug  ][gc,phases,ref  ] GC(16)     PhantomRef (ms):               skipped
[4.826s][debug  ][gc,phases,ref  ] GC(16)   SoftReference:
[4.826s][debug  ][gc,phases,ref  ] GC(16)     Discovered: 0
[4.826s][debug  ][gc,phases,ref  ] GC(16)     Cleared: 0
[4.826s][debug  ][gc,phases,ref  ] GC(16)   WeakReference:
[4.826s][debug  ][gc,phases,ref  ] GC(16)     Discovered: 0
[4.826s][debug  ][gc,phases,ref  ] GC(16)     Cleared: 0
[4.826s][debug  ][gc,phases,ref  ] GC(16)   FinalReference:
[4.826s][debug  ][gc,phases,ref  ] GC(16)     Discovered: 0
[4.826s][debug  ][gc,phases,ref  ] GC(16)     Cleared: 0
[4.826s][debug  ][gc,phases,ref  ] GC(16)   PhantomReference:
[4.826s][debug  ][gc,phases,ref  ] GC(16)     Discovered: 0
[4.826s][debug  ][gc,phases,ref  ] GC(16)     Cleared: 0
[4.826s][debug  ][gc,phases      ] GC(16) Reference Processing 0.672ms
[4.826s][debug  ][gc,phases,start] GC(16) Weak Processing
[4.826s][debug  ][gc,phases      ] GC(16)   VM Weak                        Min:  0.0, Avg:  0.0, Max:  0.0, Diff:  0.0, Sum:  0.0, Workers: 6
[4.826s][debug  ][gc,phases      ] GC(16)     Dead                           Min: 0, Avg:  0.0, Max: 0, Diff: 0, Sum: 0, Workers: 6
[4.826s][debug  ][gc,phases      ] GC(16)     Total                          Min: 0, Avg:  1.3, Max: 8, Diff: 8, Sum: 8, Workers: 6
[4.826s][debug  ][gc,phases      ] GC(16)   ObjectSynchronizer Weak        Min:  0.0, Avg:  0.0, Max:  0.0, Diff:  0.0, Sum:  0.0, Workers: 6
[4.826s][debug  ][gc,phases      ] GC(16)     Dead                           Min: 0, Avg:  0.0, Max: 0, Diff: 0, Sum: 0, Workers: 6
[4.826s][debug  ][gc,phases      ] GC(16)     Total                          Min: 0, Avg:  0.5, Max: 3, Diff: 3, Sum: 3, Workers: 6
[4.826s][debug  ][gc,phases      ] GC(16)   JVMTI Tag Weak OopStorage      Min:  0.0, Avg:  0.0, Max:  0.0, Diff:  0.0, Sum:  0.0, Workers: 6
[4.826s][debug  ][gc,phases      ] GC(16)     Dead                           Min: 0, Avg:  0.0, Max: 0, Diff: 0, Sum: 0, Workers: 6
[4.827s][debug  ][gc,phases      ] GC(16)     Total                          Min: 0, Avg:  0.0, Max: 0, Diff: 0, Sum: 0, Workers: 6
[4.827s][debug  ][gc,phases      ] GC(16)   StringTable Weak               Min:  0.0, Avg:  0.0, Max:  0.0, Diff:  0.0, Sum:  0.0, Workers: 6
[4.827s][debug  ][gc,phases      ] GC(16)     Dead                           Min: 0, Avg:  0.0, Max: 0, Diff: 0, Sum: 0, Workers: 6
[4.827s][debug  ][gc,phases      ] GC(16)     Total                          Min: 640, Avg: 892.2, Max: 1130, Diff: 490, Sum: 5353, Workers: 6
[4.827s][debug  ][gc,phases      ] GC(16)   ResolvedMethodTable Weak       Min:  0.0, Avg:  0.0, Max:  0.0, Diff:  0.0, Sum:  0.0, Workers: 6
[4.827s][debug  ][gc,phases      ] GC(16)     Dead                           Min: 0, Avg:  0.0, Max: 0, Diff: 0, Sum: 0, Workers: 6
[4.827s][debug  ][gc,phases      ] GC(16)     Total                          Min: 0, Avg: 21.7, Max: 64, Diff: 64, Sum: 130, Workers: 6
[4.827s][debug  ][gc,phases      ] GC(16)   JNI Weak                       Min:  0.0, Avg:  0.0, Max:  0.0, Diff:  0.0, Sum:  0.0, Workers: 6
[4.827s][debug  ][gc,phases      ] GC(16)     Dead                           Min: 0, Avg:  0.0, Max: 0, Diff: 0, Sum: 0, Workers: 6
[4.827s][debug  ][gc,phases      ] GC(16)     Total                          Min: 0, Avg:  0.0, Max: 0, Diff: 0, Sum: 0, Workers: 6
[4.827s][debug  ][gc,phases      ] GC(16)   StringDedup Table Weak         Min:  0.0, Avg:  0.0, Max:  0.0, Diff:  0.0, Sum:  0.0, Workers: 6
[4.827s][debug  ][gc,phases      ] GC(16)     Dead                           Min: 0, Avg:  0.0, Max: 0, Diff: 0, Sum: 0, Workers: 6
[4.827s][debug  ][gc,phases      ] GC(16)     Total                          Min: 0, Avg:  0.0, Max: 0, Diff: 0, Sum: 0, Workers: 6
[4.827s][debug  ][gc,phases      ] GC(16)   StringDedup Requests0 Weak     Min:  0.0, Avg:  0.0, Max:  0.0, Diff:  0.0, Sum:  0.0, Workers: 6
[4.827s][debug  ][gc,phases      ] GC(16)     Dead                           Min: 0, Avg:  0.0, Max: 0, Diff: 0, Sum: 0, Workers: 6
[4.827s][debug  ][gc,phases      ] GC(16)     Total                          Min: 0, Avg:  0.0, Max: 0, Diff: 0, Sum: 0, Workers: 6
[4.827s][debug  ][gc,phases      ] GC(16)   StringDedup Requests1 Weak     Min:  0.0, Avg:  0.0, Max:  0.0, Diff:  0.0, Sum:  0.0, Workers: 6
[4.827s][debug  ][gc,phases      ] GC(16)     Dead                           Min: 0, Avg:  0.0, Max: 0, Diff: 0, Sum: 0, Workers: 6
[4.827s][debug  ][gc,phases      ] GC(16)     Total                          Min: 0, Avg:  0.0, Max: 0, Diff: 0, Sum: 0, Workers: 6
[4.827s][debug  ][gc,phases      ] GC(16)   Weak JFR Old Object Samples    Min:  0.0, Avg:  0.0, Max:  0.0, Diff:  0.0, Sum:  0.0, Workers: 6
[4.827s][debug  ][gc,phases      ] GC(16)     Dead                           Min: 0, Avg:  0.0, Max: 0, Diff: 0, Sum: 0, Workers: 6
[4.827s][debug  ][gc,phases      ] GC(16)     Total                          Min: 0, Avg:  0.0, Max: 0, Diff: 0, Sum: 0, Workers: 6
[4.827s][debug  ][gc,phases      ] GC(16) Weak Processing 0.757ms
[4.827s][debug  ][gc,ergo        ] GC(16) AdaptiveSizeStart:  collection: 17 
[4.827s][debug  ][gc,ergo        ] GC(16) avg_survived_padded_avg: 33674028.000000
[4.827s][debug  ][gc,ergo        ] GC(16) avg_promoted_padded_avg: 238525904.000000  avg_pretenured_padded_avg: 0.000000  tenuring_thresh: 1  target_size: 34078720
[4.827s][debug  ][gc,age         ] GC(16) Desired survivor size 34078720 bytes, new threshold 1 (max threshold 15)
[4.827s][debug  ][gc,ergo        ] GC(16) PSAdaptiveSizePolicy::compute_eden_space_size limits: desired_eden_size: 273149523 old_eden_size: 200278016 eden_limit: 200278016 cur_eden: 200278016 max_eden_size: 200278016 avg_young_live: 27958026
[4.827s][debug  ][gc,ergo        ] GC(16) PSAdaptiveSizePolicy::compute_eden_space_size: costs minor_time: 0.053127 major_cost: 0.034786 mutator_cost: 0.912087 throughput_goal: 0.990000
[4.827s][debug  ][gc,ergo        ] GC(16) Live_space: 790899072 free_space: 570425344
[4.827s][debug  ][gc,ergo        ] GC(16) Old eden_size: 200278016 desired_eden_size: 200278016
[4.827s][debug  ][gc,ergo        ] GC(16) AdaptiveSizeStop: collection: 17 
[4.827s][info   ][gc,heap        ] GC(16) PSYoungGen: 218803K(228864K)->30720K(228864K) Eden: 188083K(195584K)->0K(195584K) From: 30720K(33280K)->30720K(33280K)
[4.827s][info   ][gc,heap        ] GC(16) ParOldGen: 493155K(753152K)->677475K(753152K)
[4.827s][info   ][gc,metaspace   ] GC(16) Metaspace: 1021K(1216K)->1021K(1216K) NonClass: 937K(1024K)->937K(1024K) Class: 83K(192K)->83K(192K)
[4.827s][info   ][gc             ] GC(16) Pause Young (Allocation Failure) 695M->691M(959M) 16.879ms
[4.827s][info   ][gc,cpu         ] GC(16) User=0.16s Sys=0.00s Real=0.02s
[4.827s][debug  ][gc,heap        ] GC(16) Heap after GC invocations=17 (full 2):
[4.827s][debug  ][gc,heap        ] GC(16)  PSYoungGen      total 228864K, used 30720K [0x00000000f0000000, 0x0000000100000000, 0x0000000100000000)
[4.827s][debug  ][gc,heap        ] GC(16)   eden space 195584K, 0% used [0x00000000f0000000,0x00000000f0000000,0x00000000fbf00000)
[4.827s][debug  ][gc,heap        ] GC(16)   from space 33280K, 92% used [0x00000000fbf00000,0x00000000fdd00030,0x00000000fdf80000)
[4.827s][debug  ][gc,heap        ] GC(16)   to   space 33280K, 0% used [0x00000000fdf80000,0x00000000fdf80000,0x0000000100000000)
[4.827s][debug  ][gc,heap        ] GC(16)  ParOldGen       total 753152K, used 677475K [0x0000000080000000, 0x00000000adf80000, 0x00000000f0000000)
[4.827s][debug  ][gc,heap        ] GC(16)   object space 753152K, 89% used [0x0000000080000000,0x00000000a9598fa0,0x00000000adf80000)
[4.828s][debug  ][gc,heap        ] GC(16)  Metaspace       used 1021K, committed 1216K, reserved 1056768K
[4.828s][debug  ][gc,heap        ] GC(16)   class space    used 83K, committed 192K, reserved 1048576K
[4.828s][debug  ][gc,task,time   ] GC(16) VM-Thread 48100011 48255382 48275731
[4.828s][debug  ][gc,phases,start] GC(17) Pre Compact
[4.828s][debug  ][gc,heap        ] GC(17) Heap before GC invocations=18 (full 3):
[4.828s][debug  ][gc,heap        ] GC(17)  PSYoungGen      total 228864K, used 30720K [0x00000000f0000000, 0x0000000100000000, 0x0000000100000000)
[4.828s][debug  ][gc,heap        ] GC(17)   eden space 195584K, 0% used [0x00000000f0000000,0x00000000f0000000,0x00000000fbf00000)
[4.828s][debug  ][gc,heap        ] GC(17)   from space 33280K, 92% used [0x00000000fbf00000,0x00000000fdd00030,0x00000000fdf80000)
[4.828s][debug  ][gc,heap        ] GC(17)   to   space 33280K, 0% used [0x00000000fdf80000,0x00000000fdf80000,0x0000000100000000)
[4.828s][debug  ][gc,heap        ] GC(17)  ParOldGen       total 753152K, used 677475K [0x0000000080000000, 0x00000000adf80000, 0x00000000f0000000)
[4.828s][debug  ][gc,heap        ] GC(17)   object space 753152K, 89% used [0x0000000080000000,0x00000000a9598fa0,0x00000000adf80000)
[4.828s][debug  ][gc,heap        ] GC(17)  Metaspace       used 1021K, committed 1216K, reserved 1056768K
[4.828s][debug  ][gc,heap        ] GC(17)   class space    used 83K, committed 192K, reserved 1048576K
[4.828s][debug  ][gc,phases      ] GC(17) Pre Compact 0.232ms
[4.828s][info   ][gc,start       ] GC(17) Pause Full (Ergonomics)
[4.828s][info   ][gc,phases,start] GC(17) Marking Phase
[4.828s][debug  ][gc,phases,start] GC(17) Par Mark
[4.828s][debug  ][gc,phases      ] GC(17) Par Mark 0.501ms
[4.828s][debug  ][gc,phases,start] GC(17) Reference Processing
[4.828s][debug  ][gc,ref         ] GC(17) Skipped phase 1 of Reference Processing: no references
[4.828s][debug  ][gc,ref         ] GC(17) ReferenceProcessor::execute queues: 1, RefProcThreadModel::Single, marks_oops_alive: false
[4.829s][debug  ][gc,ref         ] GC(17) Skipped phase 3 of Reference Processing: no references
[4.829s][debug  ][gc,ref         ] GC(17) ReferenceProcessor::execute queues: 1, RefProcThreadModel::Single, marks_oops_alive: false
[4.829s][debug  ][gc,phases,ref  ] GC(17) Reference Processing: 0.1ms
[4.829s][debug  ][gc,phases,ref  ] GC(17)   Reconsider SoftReferences: 0.0ms
[4.829s][debug  ][gc,phases,ref  ] GC(17)     SoftRef (ms):                  skipped
[4.829s][debug  ][gc,phases,ref  ] GC(17)   Notify Soft/WeakReferences: 0.0ms
[4.829s][debug  ][gc,phases,ref  ] GC(17)     SoftRef (ms):                  Min:  0.0, Avg:  0.0, Max:  0.0, Diff:  0.0, Sum:  0.0, Workers: 10
[4.829s][debug  ][gc,phases,ref  ] GC(17)     WeakRef (ms):                  Min:  0.0, Avg:  0.0, Max:  0.0, Diff:  0.0, Sum:  0.0, Workers: 10
[4.829s][debug  ][gc,phases,ref  ] GC(17)     FinalRef (ms):                 Min:  0.0, Avg:  0.0, Max:  0.0, Diff:  0.0, Sum:  0.0, Workers: 10
[4.829s][debug  ][gc,phases,ref  ] GC(17)     Total (ms):                    Min:  0.0, Avg:  0.0, Max:  0.0, Diff:  0.0, Sum:  0.0, Workers: 10
[4.829s][debug  ][gc,phases,ref  ] GC(17)   Notify and keep alive finalizable: 0.0ms
[4.829s][debug  ][gc,phases,ref  ] GC(17)     FinalRef (ms):                 skipped
[4.829s][debug  ][gc,phases,ref  ] GC(17)   Notify PhantomReferences: 0.0ms
[4.829s][debug  ][gc,phases,ref  ] GC(17)     PhantomRef (ms):               Min:  0.0, Avg:  0.0, Max:  0.0, Diff:  0.0, Sum:  0.0, Workers: 10
[4.829s][debug  ][gc,phases,ref  ] GC(17)   SoftReference:
[4.829s][debug  ][gc,phases,ref  ] GC(17)     Discovered: 0
[4.829s][debug  ][gc,phases,ref  ] GC(17)     Cleared: 0
[4.829s][debug  ][gc,phases,ref  ] GC(17)   WeakReference:
[4.829s][debug  ][gc,phases,ref  ] GC(17)     Discovered: 75
[4.829s][debug  ][gc,phases,ref  ] GC(17)     Cleared: 75
[4.829s][debug  ][gc,phases,ref  ] GC(17)   FinalReference:
[4.829s][debug  ][gc,phases,ref  ] GC(17)     Discovered: 0
[4.829s][debug  ][gc,phases,ref  ] GC(17)     Cleared: 0
[4.829s][debug  ][gc,phases,ref  ] GC(17)   PhantomReference:
[4.829s][debug  ][gc,phases,ref  ] GC(17)     Discovered: 3
[4.829s][debug  ][gc,phases,ref  ] GC(17)     Cleared: 3
[4.829s][debug  ][gc,phases      ] GC(17) Reference Processing 0.649ms
[4.829s][debug  ][gc,phases,start] GC(17) Weak Processing
[4.829s][debug  ][gc,phases      ] GC(17)   VM Weak                        Min:  0.0, Avg:  0.0, Max:  0.0, Diff:  0.0, Sum:  0.0, Workers: 6
[4.829s][debug  ][gc,phases      ] GC(17)     Dead                           Min: 0, Avg:  0.0, Max: 0, Diff: 0, Sum: 0, Workers: 6
[4.829s][debug  ][gc,phases      ] GC(17)     Total                          Min: 0, Avg:  1.3, Max: 8, Diff: 8, Sum: 8, Workers: 6
[4.829s][debug  ][gc,phases      ] GC(17)   ObjectSynchronizer Weak        Min:  0.0, Avg:  0.0, Max:  0.0, Diff:  0.0, Sum:  0.0, Workers: 6
[4.829s][debug  ][gc,phases      ] GC(17)     Dead                           Min: 0, Avg:  0.0, Max: 0, Diff: 0, Sum: 0, Workers: 6
[4.829s][debug  ][gc,phases      ] GC(17)     Total                          Min: 0, Avg:  0.5, Max: 3, Diff: 3, Sum: 3, Workers: 6
[4.829s][debug  ][gc,phases      ] GC(17)   JVMTI Tag Weak OopStorage      Min:  0.0, Avg:  0.0, Max:  0.0, Diff:  0.0, Sum:  0.0, Workers: 6
[4.829s][debug  ][gc,phases      ] GC(17)     Dead                           Min: 0, Avg:  0.0, Max: 0, Diff: 0, Sum: 0, Workers: 6
[4.829s][debug  ][gc,phases      ] GC(17)     Total                          Min: 0, Avg:  0.0, Max: 0, Diff: 0, Sum: 0, Workers: 6
[4.829s][debug  ][gc,phases      ] GC(17)   StringTable Weak               Min:  0.0, Avg:  0.0, Max:  0.0, Diff:  0.0, Sum:  0.0, Workers: 6
[4.829s][debug  ][gc,phases      ] GC(17)     Dead                           Min: 0, Avg:  0.0, Max: 0, Diff: 0, Sum: 0, Workers: 6
[4.829s][debug  ][gc,phases      ] GC(17)     Total                          Min: 639, Avg: 892.2, Max: 1258, Diff: 619, Sum: 5353, Workers: 6
[4.829s][debug  ][gc,phases      ] GC(17)   ResolvedMethodTable Weak       Min:  0.0, Avg:  0.0, Max:  0.0, Diff:  0.0, Sum:  0.0, Workers: 6
[4.829s][debug  ][gc,phases      ] GC(17)     Dead                           Min: 0, Avg:  0.0, Max: 0, Diff: 0, Sum: 0, Workers: 6
[4.829s][debug  ][gc,phases      ] GC(17)     Total                          Min: 0, Avg: 21.7, Max: 64, Diff: 64, Sum: 130, Workers: 6
[4.830s][debug  ][gc,phases      ] GC(17)   JNI Weak                       Min:  0.0, Avg:  0.0, Max:  0.0, Diff:  0.0, Sum:  0.0, Workers: 6
[4.830s][debug  ][gc,phases      ] GC(17)     Dead                           Min: 0, Avg:  0.0, Max: 0, Diff: 0, Sum: 0, Workers: 6
[4.830s][debug  ][gc,phases      ] GC(17)     Total                          Min: 0, Avg:  0.0, Max: 0, Diff: 0, Sum: 0, Workers: 6
[4.830s][debug  ][gc,phases      ] GC(17)   StringDedup Table Weak         Min:  0.0, Avg:  0.0, Max:  0.0, Diff:  0.0, Sum:  0.0, Workers: 6
[4.830s][debug  ][gc,phases      ] GC(17)     Dead                           Min: 0, Avg:  0.0, Max: 0, Diff: 0, Sum: 0, Workers: 6
[4.830s][debug  ][gc,phases      ] GC(17)     Total                          Min: 0, Avg:  0.0, Max: 0, Diff: 0, Sum: 0, Workers: 6
[4.830s][debug  ][gc,phases      ] GC(17)   StringDedup Requests0 Weak     Min:  0.0, Avg:  0.0, Max:  0.0, Diff:  0.0, Sum:  0.0, Workers: 6
[4.830s][debug  ][gc,phases      ] GC(17)     Dead                           Min: 0, Avg:  0.0, Max: 0, Diff: 0, Sum: 0, Workers: 6
[4.830s][debug  ][gc,phases      ] GC(17)     Total                          Min: 0, Avg:  0.0, Max: 0, Diff: 0, Sum: 0, Workers: 6
[4.830s][debug  ][gc,phases      ] GC(17)   StringDedup Requests1 Weak     Min:  0.0, Avg:  0.0, Max:  0.0, Diff:  0.0, Sum:  0.0, Workers: 6
[4.830s][debug  ][gc,phases      ] GC(17)     Dead                           Min: 0, Avg:  0.0, Max: 0, Diff: 0, Sum: 0, Workers: 6
[4.830s][debug  ][gc,phases      ] GC(17)     Total                          Min: 0, Avg:  0.0, Max: 0, Diff: 0, Sum: 0, Workers: 6
[4.830s][debug  ][gc,phases      ] GC(17)   Weak JFR Old Object Samples    Min:  0.0, Avg:  0.0, Max:  0.0, Diff:  0.0, Sum:  0.0, Workers: 6
[4.830s][debug  ][gc,phases      ] GC(17)     Dead                           Min: 0, Avg:  0.0, Max: 0, Diff: 0, Sum: 0, Workers: 6
[4.830s][debug  ][gc,phases      ] GC(17)     Total                          Min: 0, Avg:  0.0, Max: 0, Diff: 0, Sum: 0, Workers: 6
[4.830s][debug  ][gc,phases      ] GC(17) Weak Processing 0.795ms
[4.830s][debug  ][gc,phases,start] GC(17) Class Unloading
[4.830s][debug  ][gc,phases,start] GC(17) ClassLoaderData
[4.830s][debug  ][gc,phases      ] GC(17) ClassLoaderData 0.022ms
[4.830s][debug  ][gc,phases,start] GC(17) Trigger cleanups
[4.830s][debug  ][gc,phases      ] GC(17) Trigger cleanups 0.021ms
[4.830s][debug  ][gc,phases      ] GC(17) Class Unloading 0.266ms
[4.830s][info   ][gc,phases      ] GC(17) Marking Phase 2.339ms
[4.830s][info   ][gc,phases,start] GC(17) Summary Phase
[4.830s][info   ][gc,phases      ] GC(17) Summary Phase 0.030ms
[4.830s][info   ][gc,phases,start] GC(17) Adjust Roots
[4.830s][info   ][gc,phases      ] GC(17) Adjust Roots 0.152ms
[4.831s][info   ][gc,phases,start] GC(17) Compaction Phase
[4.834s][info   ][gc,phases      ] GC(17) Compaction Phase 3.467ms
[4.834s][info   ][gc,phases,start] GC(17) Post Compact
[4.836s][info   ][gc,phases      ] GC(17) Post Compact 2.233ms
[4.836s][debug  ][gc,ergo        ] GC(17) AdaptiveSizeStart: collection: 18 
[4.836s][debug  ][gc,ergo        ] GC(17) PSAdaptiveSizePolicy::compute_eden_space_size limits: desired_eden_size: 280964108 old_eden_size: 200278016 eden_limit: 200278016 cur_eden: 200278016 max_eden_size: 200278016 avg_young_live: 25162224
[4.836s][debug  ][gc,ergo        ] GC(17) PSAdaptiveSizePolicy::compute_eden_space_size: costs minor_time: 0.053127 major_cost: 0.026272 mutator_cost: 0.920601 throughput_goal: 0.990000
[4.836s][debug  ][gc,ergo        ] GC(17) Live_space: 788103296 free_space: 570425344
[4.836s][debug  ][gc,ergo        ] GC(17) Old eden_size: 200278016 desired_eden_size: 200278016
[4.836s][debug  ][gc,ergo        ] GC(17) PSAdaptiveSizePolicy::compute_old_gen_free_space: costs minor_time: 0.053127 major_cost: 0.026272  mutator_cost: 0.920601 throughput_goal: 0.990000
[4.836s][debug  ][gc,ergo        ] GC(17) Live_space: 864230016 free_space: 570425344
[4.836s][debug  ][gc,ergo        ] GC(17) Old promo_size: 370147328 desired_promo_size: 444071936
[4.838s][debug  ][gc             ] GC(17) Expanding ParOldGen from 753152K by 622080K to 1375232K
[4.838s][debug  ][gc,ergo        ] GC(17) AdaptiveSizeStop: collection: 18 
[4.838s][info   ][gc,heap        ] GC(17) PSYoungGen: 30720K(228864K)->0K(228864K) Eden: 0K(195584K)->0K(195584K) From: 30720K(33280K)->0K(33280K)
[4.838s][info   ][gc,heap        ] GC(17) ParOldGen: 677475K(753152K)->708195K(1375232K)
[4.838s][info   ][gc,metaspace   ] GC(17) Metaspace: 1021K(1216K)->1021K(1216K) NonClass: 937K(1024K)->937K(1024K) Class: 83K(192K)->83K(192K)
[4.838s][info   ][gc             ] GC(17) Pause Full (Ergonomics) 691M->691M(1566M) 10.038ms
[4.838s][info   ][gc,cpu         ] GC(17) User=0.14s Sys=0.00s Real=0.01s
[4.838s][debug  ][gc,heap        ] GC(17) Heap after GC invocations=18 (full 3):
[4.838s][debug  ][gc,heap        ] GC(17)  PSYoungGen      total 228864K, used 0K [0x00000000f0000000, 0x0000000100000000, 0x0000000100000000)
[4.838s][debug  ][gc,heap        ] GC(17)   eden space 195584K, 0% used [0x00000000f0000000,0x00000000f0000000,0x00000000fbf00000)
[4.838s][debug  ][gc,heap        ] GC(17)   from space 33280K, 0% used [0x00000000fdf80000,0x00000000fdf80000,0x0000000100000000)
[4.838s][debug  ][gc,heap        ] GC(17)   to   space 33280K, 0% used [0x00000000fbf00000,0x00000000fbf00000,0x00000000fdf80000)
[4.838s][debug  ][gc,heap        ] GC(17)  ParOldGen       total 1375232K, used 708195K [0x0000000080000000, 0x00000000d3f00000, 0x00000000f0000000)
[4.838s][debug  ][gc,heap        ] GC(17)   object space 1375232K, 51% used [0x0000000080000000,0x00000000ab398fd0,0x00000000d3f00000)
[4.838s][debug  ][gc,heap        ] GC(17)  Metaspace       used 1021K, committed 1216K, reserved 1056768K
[4.838s][debug  ][gc,heap        ] GC(17)   class space    used 83K, committed 192K, reserved 1048576K
[4.838s][debug  ][gc,task,time   ] GC(17) VM-Thread 48278830 48305021 48379505
[5.128s][debug  ][gc,heap        ] GC(18) Heap before GC invocations=19 (full 3):
[5.129s][debug  ][gc,heap        ] GC(18)  PSYoungGen      total 228864K, used 188107K [0x00000000f0000000, 0x0000000100000000, 0x0000000100000000)
[5.129s][debug  ][gc,heap        ] GC(18)   eden space 195584K, 96% used [0x00000000f0000000,0x00000000fb7b2fd0,0x00000000fbf00000)
[5.129s][debug  ][gc,heap        ] GC(18)   from space 33280K, 0% used [0x00000000fdf80000,0x00000000fdf80000,0x0000000100000000)
[5.129s][debug  ][gc,heap        ] GC(18)   to   space 33280K, 0% used [0x00000000fbf00000,0x00000000fbf00000,0x00000000fdf80000)
[5.129s][debug  ][gc,heap        ] GC(18)  ParOldGen       total 1375232K, used 708195K [0x0000000080000000, 0x00000000d3f00000, 0x00000000f0000000)
[5.129s][debug  ][gc,heap        ] GC(18)   object space 1375232K, 51% used [0x0000000080000000,0x00000000ab398fd0,0x00000000d3f00000)
[5.129s][debug  ][gc,heap        ] GC(18)  Metaspace       used 1021K, committed 1216K, reserved 1056768K
[5.129s][debug  ][gc,heap        ] GC(18)   class space    used 83K, committed 192K, reserved 1048576K
[5.129s][debug  ][gc,tlab        ] GC(18) TLAB totals: thrds: 1  refills: 1 max: 1 slow allocs: 17 max 17 waste: 27.0% gc: 3878576B max: 3878576B slow: 0B max: 0B
[5.129s][info   ][gc,start       ] GC(18) Pause Young (Allocation Failure)
[5.129s][debug  ][gc,phases,start] GC(18) Scavenge
[5.145s][debug  ][gc,phases      ] GC(18) Scavenge 15.746ms
[5.145s][debug  ][gc,phases,start] GC(18) Reference Processing
[5.145s][debug  ][gc,ref         ] GC(18) Skipped phase 1 of Reference Processing: no references
[5.145s][debug  ][gc,ref         ] GC(18) Skipped phase 2 of Reference Processing: no references
[5.145s][debug  ][gc,ref         ] GC(18) Skipped phase 3 of Reference Processing: no references
[5.145s][debug  ][gc,ref         ] GC(18) Skipped phase 4 of Reference Processing: no references
[5.145s][debug  ][gc,phases,ref  ] GC(18) Reference Processing: 0.1ms
[5.145s][debug  ][gc,phases,ref  ] GC(18)   Reconsider SoftReferences: 0.0ms
[5.145s][debug  ][gc,phases,ref  ] GC(18)     SoftRef (ms):                  skipped
[5.145s][debug  ][gc,phases,ref  ] GC(18)   Notify Soft/WeakReferences: 0.0ms
[5.145s][debug  ][gc,phases,ref  ] GC(18)     SoftRef (ms):                  skipped
[5.145s][debug  ][gc,phases,ref  ] GC(18)     WeakRef (ms):                  skipped
[5.145s][debug  ][gc,phases,ref  ] GC(18)     FinalRef (ms):                 skipped
[5.145s][debug  ][gc,phases,ref  ] GC(18)     Total (ms):                    skipped
[5.145s][debug  ][gc,phases,ref  ] GC(18)   Notify and keep alive finalizable: 0.0ms
[5.145s][debug  ][gc,phases,ref  ] GC(18)     FinalRef (ms):                 skipped
[5.145s][debug  ][gc,phases,ref  ] GC(18)   Notify PhantomReferences: 0.0ms
[5.145s][debug  ][gc,phases,ref  ] GC(18)     PhantomRef (ms):               skipped
[5.145s][debug  ][gc,phases,ref  ] GC(18)   SoftReference:
[5.146s][debug  ][gc,phases,ref  ] GC(18)     Discovered: 0
[5.146s][debug  ][gc,phases,ref  ] GC(18)     Cleared: 0
[5.146s][debug  ][gc,phases,ref  ] GC(18)   WeakReference:
[5.146s][debug  ][gc,phases,ref  ] GC(18)     Discovered: 0
[5.146s][debug  ][gc,phases,ref  ] GC(18)     Cleared: 0
[5.146s][debug  ][gc,phases,ref  ] GC(18)   FinalReference:
[5.146s][debug  ][gc,phases,ref  ] GC(18)     Discovered: 0
[5.146s][debug  ][gc,phases,ref  ] GC(18)     Cleared: 0
[5.146s][debug  ][gc,phases,ref  ] GC(18)   PhantomReference:
[5.146s][debug  ][gc,phases,ref  ] GC(18)     Discovered: 0
[5.146s][debug  ][gc,phases,ref  ] GC(18)     Cleared: 0
[5.146s][debug  ][gc,phases      ] GC(18) Reference Processing 0.874ms
[5.146s][debug  ][gc,phases,start] GC(18) Weak Processing
[5.146s][debug  ][gc,phases      ] GC(18)   VM Weak                        Min:  0.0, Avg:  0.0, Max:  0.0, Diff:  0.0, Sum:  0.0, Workers: 6
[5.146s][debug  ][gc,phases      ] GC(18)     Dead                           Min: 0, Avg:  0.0, Max: 0, Diff: 0, Sum: 0, Workers: 6
[5.146s][debug  ][gc,phases      ] GC(18)     Total                          Min: 0, Avg:  1.3, Max: 8, Diff: 8, Sum: 8, Workers: 6
[5.146s][debug  ][gc,phases      ] GC(18)   ObjectSynchronizer Weak        Min:  0.0, Avg:  0.0, Max:  0.0, Diff:  0.0, Sum:  0.0, Workers: 6
[5.146s][debug  ][gc,phases      ] GC(18)     Dead                           Min: 0, Avg:  0.0, Max: 0, Diff: 0, Sum: 0, Workers: 6
[5.146s][debug  ][gc,phases      ] GC(18)     Total                          Min: 0, Avg:  0.5, Max: 3, Diff: 3, Sum: 3, Workers: 6
[5.146s][debug  ][gc,phases      ] GC(18)   JVMTI Tag Weak OopStorage      Min:  0.0, Avg:  0.0, Max:  0.0, Diff:  0.0, Sum:  0.0, Workers: 6
[5.146s][debug  ][gc,phases      ] GC(18)     Dead                           Min: 0, Avg:  0.0, Max: 0, Diff: 0, Sum: 0, Workers: 6
[5.146s][debug  ][gc,phases      ] GC(18)     Total                          Min: 0, Avg:  0.0, Max: 0, Diff: 0, Sum: 0, Workers: 6
[5.146s][debug  ][gc,phases      ] GC(18)   StringTable Weak               Min:  0.0, Avg:  0.0, Max:  0.0, Diff:  0.0, Sum:  0.0, Workers: 6
[5.146s][debug  ][gc,phases      ] GC(18)     Dead                           Min: 0, Avg:  0.0, Max: 0, Diff: 0, Sum: 0, Workers: 6
[5.146s][debug  ][gc,phases      ] GC(18)     Total                          Min: 682, Avg: 892.2, Max: 1088, Diff: 406, Sum: 5353, Workers: 6
[5.146s][debug  ][gc,phases      ] GC(18)   ResolvedMethodTable Weak       Min:  0.0, Avg:  0.0, Max:  0.0, Diff:  0.0, Sum:  0.0, Workers: 6
[5.146s][debug  ][gc,phases      ] GC(18)     Dead                           Min: 0, Avg:  0.0, Max: 0, Diff: 0, Sum: 0, Workers: 6
[5.146s][debug  ][gc,phases      ] GC(18)     Total                          Min: 0, Avg: 21.7, Max: 64, Diff: 64, Sum: 130, Workers: 6
[5.146s][debug  ][gc,phases      ] GC(18)   JNI Weak                       Min:  0.0, Avg:  0.0, Max:  0.0, Diff:  0.0, Sum:  0.0, Workers: 6
[5.146s][debug  ][gc,phases      ] GC(18)     Dead                           Min: 0, Avg:  0.0, Max: 0, Diff: 0, Sum: 0, Workers: 6
[5.146s][debug  ][gc,phases      ] GC(18)     Total                          Min: 0, Avg:  0.0, Max: 0, Diff: 0, Sum: 0, Workers: 6
[5.146s][debug  ][gc,phases      ] GC(18)   StringDedup Table Weak         Min:  0.0, Avg:  0.0, Max:  0.0, Diff:  0.0, Sum:  0.0, Workers: 6
[5.146s][debug  ][gc,phases      ] GC(18)     Dead                           Min: 0, Avg:  0.0, Max: 0, Diff: 0, Sum: 0, Workers: 6
[5.146s][debug  ][gc,phases      ] GC(18)     Total                          Min: 0, Avg:  0.0, Max: 0, Diff: 0, Sum: 0, Workers: 6
[5.146s][debug  ][gc,phases      ] GC(18)   StringDedup Requests0 Weak     Min:  0.0, Avg:  0.0, Max:  0.0, Diff:  0.0, Sum:  0.0, Workers: 6
[5.146s][debug  ][gc,phases      ] GC(18)     Dead                           Min: 0, Avg:  0.0, Max: 0, Diff: 0, Sum: 0, Workers: 6
[5.146s][debug  ][gc,phases      ] GC(18)     Total                          Min: 0, Avg:  0.0, Max: 0, Diff: 0, Sum: 0, Workers: 6
[5.146s][debug  ][gc,phases      ] GC(18)   StringDedup Requests1 Weak     Min:  0.0, Avg:  0.0, Max:  0.0, Diff:  0.0, Sum:  0.0, Workers: 6
[5.146s][debug  ][gc,phases      ] GC(18)     Dead                           Min: 0, Avg:  0.0, Max: 0, Diff: 0, Sum: 0, Workers: 6
[5.146s][debug  ][gc,phases      ] GC(18)     Total                          Min: 0, Avg:  0.0, Max: 0, Diff: 0, Sum: 0, Workers: 6
[5.147s][debug  ][gc,phases      ] GC(18)   Weak JFR Old Object Samples    Min:  0.0, Avg:  0.0, Max:  0.0, Diff:  0.0, Sum:  0.0, Workers: 6
[5.147s][debug  ][gc,phases      ] GC(18)     Dead                           Min: 0, Avg:  0.0, Max: 0, Diff: 0, Sum: 0, Workers: 6
[5.147s][debug  ][gc,phases      ] GC(18)     Total                          Min: 0, Avg:  0.0, Max: 0, Diff: 0, Sum: 0, Workers: 6
[5.147s][debug  ][gc,phases      ] GC(18) Weak Processing 0.797ms
[5.147s][debug  ][gc,ergo        ] GC(18) AdaptiveSizeStart:  collection: 19 
[5.147s][debug  ][gc,ergo        ] GC(18) avg_survived_padded_avg: 33607592.000000
[5.147s][debug  ][gc,ergo        ] GC(18) avg_promoted_padded_avg: 233486592.000000  avg_pretenured_padded_avg: 0.000000  tenuring_thresh: 1  target_size: 34078720
[5.147s][debug  ][gc,age         ] GC(18) Desired survivor size 34078720 bytes, new threshold 1 (max threshold 15)
[5.147s][debug  ][gc,ergo        ] GC(18) PSAdaptiveSizePolicy::compute_eden_space_size limits: desired_eden_size: 281188316 old_eden_size: 200278016 eden_limit: 200278016 cur_eden: 200278016 max_eden_size: 200278016 avg_young_live: 25791732
[5.147s][debug  ][gc,ergo        ] GC(18) PSAdaptiveSizePolicy::compute_eden_space_size: costs minor_time: 0.053576 major_cost: 0.026272 mutator_cost: 0.920153 throughput_goal: 0.990000
[5.147s][debug  ][gc,ergo        ] GC(18) Live_space: 864859520 free_space: 644349952
[5.147s][debug  ][gc,ergo        ] GC(18) Old eden_size: 200278016 desired_eden_size: 200278016
[5.147s][debug  ][gc,ergo        ] GC(18) AdaptiveSizeStop: collection: 19 
[5.147s][info   ][gc,heap        ] GC(18) PSYoungGen: 188107K(228864K)->30720K(228864K) Eden: 188107K(195584K)->0K(195584K) From: 0K(33280K)->30720K(33280K)
[5.147s][info   ][gc,heap        ] GC(18) ParOldGen: 708195K(1375232K)->861796K(1375232K)
[5.147s][info   ][gc,metaspace   ] GC(18) Metaspace: 1021K(1216K)->1021K(1216K) NonClass: 937K(1024K)->937K(1024K) Class: 83K(192K)->83K(192K)
[5.147s][info   ][gc             ] GC(18) Pause Young (Allocation Failure) 875M->871M(1566M) 17.907ms
[5.147s][info   ][gc,cpu         ] GC(18) User=0.17s Sys=0.00s Real=0.02s
[5.147s][debug  ][gc,heap        ] GC(18) Heap after GC invocations=19 (full 3):
[5.147s][debug  ][gc,heap        ] GC(18)  PSYoungGen      total 228864K, used 30720K [0x00000000f0000000, 0x0000000100000000, 0x0000000100000000)
[5.147s][debug  ][gc,heap        ] GC(18)   eden space 195584K, 0% used [0x00000000f0000000,0x00000000f0000000,0x00000000fbf00000)
[5.147s][debug  ][gc,heap        ] GC(18)   from space 33280K, 92% used [0x00000000fbf00000,0x00000000fdd00030,0x00000000fdf80000)
[5.147s][debug  ][gc,heap        ] GC(18)   to   space 33280K, 0% used [0x00000000fdf80000,0x00000000fdf80000,0x0000000100000000)
[5.147s][debug  ][gc,heap        ] GC(18)  ParOldGen       total 1375232K, used 861796K [0x0000000080000000, 0x00000000d3f00000, 0x00000000f0000000)
[5.147s][debug  ][gc,heap        ] GC(18)   object space 1375232K, 62% used [0x0000000080000000,0x00000000b49990c0,0x00000000d3f00000)
[5.147s][debug  ][gc,heap        ] GC(18)  Metaspace       used 1021K, committed 1216K, reserved 1056768K
[5.147s][debug  ][gc,heap        ] GC(18)   class space    used 83K, committed 192K, reserved 1048576K
[5.147s][debug  ][gc,task,time   ] GC(18) VM-Thread 51284788 51448883 51471530
[5.431s][debug  ][gc,heap        ] GC(19) Heap before GC invocations=20 (full 3):
[5.431s][debug  ][gc,heap        ] GC(19)  PSYoungGen      total 228864K, used 218769K [0x00000000f0000000, 0x0000000100000000, 0x0000000100000000)
[5.431s][debug  ][gc,heap        ] GC(19)   eden space 195584K, 96% used [0x00000000f0000000,0x00000000fb7a4508,0x00000000fbf00000)
[5.431s][debug  ][gc,heap        ] GC(19)   from space 33280K, 92% used [0x00000000fbf00000,0x00000000fdd00030,0x00000000fdf80000)
[5.431s][debug  ][gc,heap        ] GC(19)   to   space 33280K, 0% used [0x00000000fdf80000,0x00000000fdf80000,0x0000000100000000)
[5.431s][debug  ][gc,heap        ] GC(19)  ParOldGen       total 1375232K, used 861796K [0x0000000080000000, 0x00000000d3f00000, 0x00000000f0000000)
[5.431s][debug  ][gc,heap        ] GC(19)   object space 1375232K, 62% used [0x0000000080000000,0x00000000b49990c0,0x00000000d3f00000)
[5.431s][debug  ][gc,heap        ] GC(19)  Metaspace       used 1021K, committed 1216K, reserved 1056768K
[5.431s][debug  ][gc,heap        ] GC(19)   class space    used 83K, committed 192K, reserved 1048576K
[5.431s][debug  ][gc,tlab        ] GC(19) TLAB totals: thrds: 1  refills: 1 max: 1 slow allocs: 17 max 17 waste: 26.7% gc: 3817304B max: 3817304B slow: 0B max: 0B
[5.431s][info   ][gc,start       ] GC(19) Pause Young (Allocation Failure)
[5.431s][debug  ][gc,phases,start] GC(19) Scavenge
[5.437s][debug  ][gc,phases      ] GC(19) Scavenge 5.917ms
[5.437s][debug  ][gc,phases,start] GC(19) Reference Processing
[5.437s][debug  ][gc,ref         ] GC(19) Skipped phase 1 of Reference Processing: no references
[5.437s][debug  ][gc,ref         ] GC(19) Skipped phase 2 of Reference Processing: no references
[5.437s][debug  ][gc,ref         ] GC(19) Skipped phase 3 of Reference Processing: no references
[5.437s][debug  ][gc,ref         ] GC(19) Skipped phase 4 of Reference Processing: no references
[5.437s][debug  ][gc,phases,ref  ] GC(19) Reference Processing: 0.1ms
[5.437s][debug  ][gc,phases,ref  ] GC(19)   Reconsider SoftReferences: 0.0ms
[5.437s][debug  ][gc,phases,ref  ] GC(19)     SoftRef (ms):                  skipped
[5.437s][debug  ][gc,phases,ref  ] GC(19)   Notify Soft/WeakReferences: 0.0ms
[5.437s][debug  ][gc,phases,ref  ] GC(19)     SoftRef (ms):                  skipped
[5.438s][debug  ][gc,phases,ref  ] GC(19)     WeakRef (ms):                  skipped
[5.438s][debug  ][gc,phases,ref  ] GC(19)     FinalRef (ms):                 skipped
[5.438s][debug  ][gc,phases,ref  ] GC(19)     Total (ms):                    skipped
[5.438s][debug  ][gc,phases,ref  ] GC(19)   Notify and keep alive finalizable: 0.0ms
[5.438s][debug  ][gc,phases,ref  ] GC(19)     FinalRef (ms):                 skipped
[5.438s][debug  ][gc,phases,ref  ] GC(19)   Notify PhantomReferences: 0.0ms
[5.438s][debug  ][gc,phases,ref  ] GC(19)     PhantomRef (ms):               skipped
[5.438s][debug  ][gc,phases,ref  ] GC(19)   SoftReference:
[5.438s][debug  ][gc,phases,ref  ] GC(19)     Discovered: 0
[5.438s][debug  ][gc,phases,ref  ] GC(19)     Cleared: 0
[5.438s][debug  ][gc,phases,ref  ] GC(19)   WeakReference:
[5.438s][debug  ][gc,phases,ref  ] GC(19)     Discovered: 0
[5.438s][debug  ][gc,phases,ref  ] GC(19)     Cleared: 0
[5.438s][debug  ][gc,phases,ref  ] GC(19)   FinalReference:
[5.438s][debug  ][gc,phases,ref  ] GC(19)     Discovered: 0
[5.438s][debug  ][gc,phases,ref  ] GC(19)     Cleared: 0
[5.438s][debug  ][gc,phases,ref  ] GC(19)   PhantomReference:
[5.438s][debug  ][gc,phases,ref  ] GC(19)     Discovered: 0
[5.438s][debug  ][gc,phases,ref  ] GC(19)     Cleared: 0
[5.438s][debug  ][gc,phases      ] GC(19) Reference Processing 0.912ms
[5.438s][debug  ][gc,phases,start] GC(19) Weak Processing
[5.438s][debug  ][gc,phases      ] GC(19)   VM Weak                        Min:  0.0, Avg:  0.0, Max:  0.0, Diff:  0.0, Sum:  0.0, Workers: 6
[5.438s][debug  ][gc,phases      ] GC(19)     Dead                           Min: 0, Avg:  0.0, Max: 0, Diff: 0, Sum: 0, Workers: 6
[5.438s][debug  ][gc,phases      ] GC(19)     Total                          Min: 0, Avg:  1.3, Max: 8, Diff: 8, Sum: 8, Workers: 6
[5.438s][debug  ][gc,phases      ] GC(19)   ObjectSynchronizer Weak        Min:  0.0, Avg:  0.0, Max:  0.0, Diff:  0.0, Sum:  0.0, Workers: 6
[5.438s][debug  ][gc,phases      ] GC(19)     Dead                           Min: 0, Avg:  0.0, Max: 0, Diff: 0, Sum: 0, Workers: 6
[5.438s][debug  ][gc,phases      ] GC(19)     Total                          Min: 0, Avg:  0.5, Max: 3, Diff: 3, Sum: 3, Workers: 6
[5.438s][debug  ][gc,phases      ] GC(19)   JVMTI Tag Weak OopStorage      Min:  0.0, Avg:  0.0, Max:  0.0, Diff:  0.0, Sum:  0.0, Workers: 6
[5.438s][debug  ][gc,phases      ] GC(19)     Dead                           Min: 0, Avg:  0.0, Max: 0, Diff: 0, Sum: 0, Workers: 6
[5.438s][debug  ][gc,phases      ] GC(19)     Total                          Min: 0, Avg:  0.0, Max: 0, Diff: 0, Sum: 0, Workers: 6
[5.439s][debug  ][gc,phases      ] GC(19)   StringTable Weak               Min:  0.0, Avg:  0.0, Max:  0.0, Diff:  0.0, Sum:  0.0, Workers: 6
[5.439s][debug  ][gc,phases      ] GC(19)     Dead                           Min: 0, Avg:  0.0, Max: 0, Diff: 0, Sum: 0, Workers: 6
[5.439s][debug  ][gc,phases      ] GC(19)     Total                          Min: 704, Avg: 892.2, Max: 1216, Diff: 512, Sum: 5353, Workers: 6
[5.439s][debug  ][gc,phases      ] GC(19)   ResolvedMethodTable Weak       Min:  0.0, Avg:  0.0, Max:  0.0, Diff:  0.0, Sum:  0.0, Workers: 6
[5.439s][debug  ][gc,phases      ] GC(19)     Dead                           Min: 0, Avg:  0.0, Max: 0, Diff: 0, Sum: 0, Workers: 6
[5.439s][debug  ][gc,phases      ] GC(19)     Total                          Min: 0, Avg: 21.7, Max: 64, Diff: 64, Sum: 130, Workers: 6
[5.439s][debug  ][gc,phases      ] GC(19)   JNI Weak                       Min:  0.0, Avg:  0.0, Max:  0.0, Diff:  0.0, Sum:  0.0, Workers: 6
[5.439s][debug  ][gc,phases      ] GC(19)     Dead                           Min: 0, Avg:  0.0, Max: 0, Diff: 0, Sum: 0, Workers: 6
[5.439s][debug  ][gc,phases      ] GC(19)     Total                          Min: 0, Avg:  0.0, Max: 0, Diff: 0, Sum: 0, Workers: 6
[5.439s][debug  ][gc,phases      ] GC(19)   StringDedup Table Weak         Min:  0.0, Avg:  0.0, Max:  0.0, Diff:  0.0, Sum:  0.0, Workers: 6
[5.439s][debug  ][gc,phases      ] GC(19)     Dead                           Min: 0, Avg:  0.0, Max: 0, Diff: 0, Sum: 0, Workers: 6
[5.439s][debug  ][gc,phases      ] GC(19)     Total                          Min: 0, Avg:  0.0, Max: 0, Diff: 0, Sum: 0, Workers: 6
[5.439s][debug  ][gc,phases      ] GC(19)   StringDedup Requests0 Weak     Min:  0.0, Avg:  0.0, Max:  0.0, Diff:  0.0, Sum:  0.0, Workers: 6
[5.439s][debug  ][gc,phases      ] GC(19)     Dead                           Min: 0, Avg:  0.0, Max: 0, Diff: 0, Sum: 0, Workers: 6
[5.439s][debug  ][gc,phases      ] GC(19)     Total                          Min: 0, Avg:  0.0, Max: 0, Diff: 0, Sum: 0, Workers: 6
[5.439s][debug  ][gc,phases      ] GC(19)   StringDedup Requests1 Weak     Min:  0.0, Avg:  0.0, Max:  0.0, Diff:  0.0, Sum:  0.0, Workers: 6
[5.439s][debug  ][gc,phases      ] GC(19)     Dead                           Min: 0, Avg:  0.0, Max: 0, Diff: 0, Sum: 0, Workers: 6
[5.439s][debug  ][gc,phases      ] GC(19)     Total                          Min: 0, Avg:  0.0, Max: 0, Diff: 0, Sum: 0, Workers: 6
[5.439s][debug  ][gc,phases      ] GC(19)   Weak JFR Old Object Samples    Min:  0.0, Avg:  0.0, Max:  0.0, Diff:  0.0, Sum:  0.0, Workers: 6
[5.439s][debug  ][gc,phases      ] GC(19)     Dead                           Min: 0, Avg:  0.0, Max: 0, Diff: 0, Sum: 0, Workers: 6
[5.439s][debug  ][gc,phases      ] GC(19)     Total                          Min: 0, Avg:  0.0, Max: 0, Diff: 0, Sum: 0, Workers: 6
[5.439s][debug  ][gc,phases      ] GC(19) Weak Processing 0.965ms
[5.439s][debug  ][gc,ergo        ] GC(19) AdaptiveSizeStart:  collection: 20 
[5.439s][debug  ][gc,ergo        ] GC(19) avg_survived_padded_avg: 33532278.000000
[5.439s][debug  ][gc,ergo        ] GC(19) avg_promoted_padded_avg: 251816304.000000  avg_pretenured_padded_avg: 0.000000  tenuring_thresh: 1  target_size: 33554432
[5.439s][debug  ][gc,age         ] GC(19) Desired survivor size 33554432 bytes, new threshold 1 (max threshold 15)
[5.439s][debug  ][gc,ergo        ] GC(19) PSAdaptiveSizePolicy::compute_eden_space_size limits: desired_eden_size: 251718511 old_eden_size: 200278016 eden_limit: 200278016 cur_eden: 200278016 max_eden_size: 200278016 avg_young_live: 26358292
[5.439s][debug  ][gc,ergo        ] GC(19) PSAdaptiveSizePolicy::compute_eden_space_size: costs minor_time: 0.046965 major_cost: 0.026272 mutator_cost: 0.926764 throughput_goal: 0.990000
[5.439s][debug  ][gc,ergo        ] GC(19) Live_space: 865426048 free_space: 644349952
[5.439s][debug  ][gc,ergo        ] GC(19) Old eden_size: 200278016 desired_eden_size: 200278016
[5.439s][debug  ][gc,ergo        ] GC(19) AdaptiveSizeStop: collection: 20 
[5.439s][info   ][gc,heap        ] GC(19) PSYoungGen: 218769K(228864K)->30720K(229376K) Eden: 188049K(195584K)->0K(196096K) From: 30720K(33280K)->30720K(33280K)
[5.440s][info   ][gc,heap        ] GC(19) ParOldGen: 861796K(1375232K)->882276K(1375232K)
[5.440s][info   ][gc,metaspace   ] GC(19) Metaspace: 1021K(1216K)->1021K(1216K) NonClass: 937K(1024K)->937K(1024K) Class: 83K(192K)->83K(192K)
[5.440s][info   ][gc             ] GC(19) Pause Young (Allocation Failure) 1055M->891M(1567M) 8.445ms
[5.440s][info   ][gc,cpu         ] GC(19) User=0.00s Sys=0.00s Real=0.01s
[5.440s][debug  ][gc,heap        ] GC(19) Heap after GC invocations=20 (full 3):
[5.440s][debug  ][gc,heap        ] GC(19)  PSYoungGen      total 229376K, used 30720K [0x00000000f0000000, 0x0000000100000000, 0x0000000100000000)
[5.440s][debug  ][gc,heap        ] GC(19)   eden space 196096K, 0% used [0x00000000f0000000,0x00000000f0000000,0x00000000fbf80000)
[5.440s][debug  ][gc,heap        ] GC(19)   from space 33280K, 92% used [0x00000000fdf80000,0x00000000ffd80030,0x0000000100000000)
[5.440s][debug  ][gc,heap        ] GC(19)   to   space 32768K, 0% used [0x00000000fbf80000,0x00000000fbf80000,0x00000000fdf80000)
[5.440s][debug  ][gc,heap        ] GC(19)  ParOldGen       total 1375232K, used 882276K [0x0000000080000000, 0x00000000d3f00000, 0x00000000f0000000)
[5.440s][debug  ][gc,heap        ] GC(19)   object space 1375232K, 64% used [0x0000000080000000,0x00000000b5d990e0,0x00000000d3f00000)
[5.440s][debug  ][gc,heap        ] GC(19)  Metaspace       used 1021K, committed 1216K, reserved 1056768K
[5.440s][debug  ][gc,heap        ] GC(19)   class space    used 83K, committed 192K, reserved 1048576K
[5.440s][debug  ][gc,task,time   ] GC(19) VM-Thread 54306008 54371756 54398891
[5.732s][debug  ][gc,heap        ] GC(20) Heap before GC invocations=21 (full 3):
[5.732s][debug  ][gc,heap        ] GC(20)  PSYoungGen      total 229376K, used 218815K [0x00000000f0000000, 0x0000000100000000, 0x0000000100000000)
[5.732s][debug  ][gc,heap        ] GC(20)   eden space 196096K, 95% used [0x00000000f0000000,0x00000000fb7affa8,0x00000000fbf80000)
[5.732s][debug  ][gc,heap        ] GC(20)   from space 33280K, 92% used [0x00000000fdf80000,0x00000000ffd80030,0x0000000100000000)
[5.732s][debug  ][gc,heap        ] GC(20)   to   space 32768K, 0% used [0x00000000fbf80000,0x00000000fbf80000,0x00000000fdf80000)
[5.732s][debug  ][gc,heap        ] GC(20)  ParOldGen       total 1375232K, used 882276K [0x0000000080000000, 0x00000000d3f00000, 0x00000000f0000000)
[5.732s][debug  ][gc,heap        ] GC(20)   object space 1375232K, 64% used [0x0000000080000000,0x00000000b5d990e0,0x00000000d3f00000)
[5.732s][debug  ][gc,heap        ] GC(20)  Metaspace       used 1021K, committed 1216K, reserved 1056768K
[5.732s][debug  ][gc,heap        ] GC(20)   class space    used 83K, committed 192K, reserved 1048576K
[5.732s][debug  ][gc,tlab        ] GC(20) TLAB totals: thrds: 1  refills: 1 max: 1 slow allocs: 17 max 17 waste: 26.9% gc: 3866248B max: 3866248B slow: 0B max: 0B
[5.732s][info   ][gc,start       ] GC(20) Pause Young (Allocation Failure)
[5.732s][debug  ][gc,phases,start] GC(20) Scavenge
[5.750s][debug  ][gc,phases      ] GC(20) Scavenge 17.894ms
[5.750s][debug  ][gc,phases,start] GC(20) Reference Processing
[5.750s][debug  ][gc,ref         ] GC(20) Skipped phase 1 of Reference Processing: no references
[5.750s][debug  ][gc,ref         ] GC(20) Skipped phase 2 of Reference Processing: no references
[5.750s][debug  ][gc,ref         ] GC(20) Skipped phase 3 of Reference Processing: no references
[5.750s][debug  ][gc,ref         ] GC(20) Skipped phase 4 of Reference Processing: no references
[5.750s][debug  ][gc,phases,ref  ] GC(20) Reference Processing: 0.2ms
[5.750s][debug  ][gc,phases,ref  ] GC(20)   Reconsider SoftReferences: 0.0ms
[5.750s][debug  ][gc,phases,ref  ] GC(20)     SoftRef (ms):                  skipped
[5.750s][debug  ][gc,phases,ref  ] GC(20)   Notify Soft/WeakReferences: 0.1ms
[5.750s][debug  ][gc,phases,ref  ] GC(20)     SoftRef (ms):                  skipped
[5.751s][debug  ][gc,phases,ref  ] GC(20)     WeakRef (ms):                  skipped
[5.751s][debug  ][gc,phases,ref  ] GC(20)     FinalRef (ms):                 skipped
[5.751s][debug  ][gc,phases,ref  ] GC(20)     Total (ms):                    skipped
[5.751s][debug  ][gc,phases,ref  ] GC(20)   Notify and keep alive finalizable: 0.0ms
[5.751s][debug  ][gc,phases,ref  ] GC(20)     FinalRef (ms):                 skipped
[5.751s][debug  ][gc,phases,ref  ] GC(20)   Notify PhantomReferences: 0.0ms
[5.751s][debug  ][gc,phases,ref  ] GC(20)     PhantomRef (ms):               skipped
[5.751s][debug  ][gc,phases,ref  ] GC(20)   SoftReference:
[5.751s][debug  ][gc,phases,ref  ] GC(20)     Discovered: 0
[5.751s][debug  ][gc,phases,ref  ] GC(20)     Cleared: 0
[5.751s][debug  ][gc,phases,ref  ] GC(20)   WeakReference:
[5.751s][debug  ][gc,phases,ref  ] GC(20)     Discovered: 0
[5.751s][debug  ][gc,phases,ref  ] GC(20)     Cleared: 0
[5.751s][debug  ][gc,phases,ref  ] GC(20)   FinalReference:
[5.751s][debug  ][gc,phases,ref  ] GC(20)     Discovered: 0
[5.751s][debug  ][gc,phases,ref  ] GC(20)     Cleared: 0
[5.751s][debug  ][gc,phases,ref  ] GC(20)   PhantomReference:
[5.751s][debug  ][gc,phases,ref  ] GC(20)     Discovered: 0
[5.751s][debug  ][gc,phases,ref  ] GC(20)     Cleared: 0
[5.751s][debug  ][gc,phases      ] GC(20) Reference Processing 0.782ms
[5.751s][debug  ][gc,phases,start] GC(20) Weak Processing
[5.751s][debug  ][gc,phases      ] GC(20)   VM Weak                        Min:  0.0, Avg:  0.0, Max:  0.0, Diff:  0.0, Sum:  0.0, Workers: 6
[5.751s][debug  ][gc,phases      ] GC(20)     Dead                           Min: 0, Avg:  0.0, Max: 0, Diff: 0, Sum: 0, Workers: 6
[5.751s][debug  ][gc,phases      ] GC(20)     Total                          Min: 0, Avg:  1.3, Max: 8, Diff: 8, Sum: 8, Workers: 6
[5.751s][debug  ][gc,phases      ] GC(20)   ObjectSynchronizer Weak        Min:  0.0, Avg:  0.0, Max:  0.0, Diff:  0.0, Sum:  0.0, Workers: 6
[5.751s][debug  ][gc,phases      ] GC(20)     Dead                           Min: 0, Avg:  0.0, Max: 0, Diff: 0, Sum: 0, Workers: 6
[5.751s][debug  ][gc,phases      ] GC(20)     Total                          Min: 0, Avg:  0.5, Max: 3, Diff: 3, Sum: 3, Workers: 6
[5.751s][debug  ][gc,phases      ] GC(20)   JVMTI Tag Weak OopStorage      Min:  0.0, Avg:  0.0, Max:  0.0, Diff:  0.0, Sum:  0.0, Workers: 6
[5.751s][debug  ][gc,phases      ] GC(20)     Dead                           Min: 0, Avg:  0.0, Max: 0, Diff: 0, Sum: 0, Workers: 6
[5.751s][debug  ][gc,phases      ] GC(20)     Total                          Min: 0, Avg:  0.0, Max: 0, Diff: 0, Sum: 0, Workers: 6
[5.751s][debug  ][gc,phases      ] GC(20)   StringTable Weak               Min:  0.0, Avg:  0.0, Max:  0.0, Diff:  0.0, Sum:  0.0, Workers: 6
[5.751s][debug  ][gc,phases      ] GC(20)     Dead                           Min: 0, Avg:  0.0, Max: 0, Diff: 0, Sum: 0, Workers: 6
[5.751s][debug  ][gc,phases      ] GC(20)     Total                          Min: 704, Avg: 892.2, Max: 1152, Diff: 448, Sum: 5353, Workers: 6
[5.751s][debug  ][gc,phases      ] GC(20)   ResolvedMethodTable Weak       Min:  0.0, Avg:  0.0, Max:  0.0, Diff:  0.0, Sum:  0.0, Workers: 6
[5.751s][debug  ][gc,phases      ] GC(20)     Dead                           Min: 0, Avg:  0.0, Max: 0, Diff: 0, Sum: 0, Workers: 6
[5.751s][debug  ][gc,phases      ] GC(20)     Total                          Min: 0, Avg: 21.7, Max: 64, Diff: 64, Sum: 130, Workers: 6
[5.751s][debug  ][gc,phases      ] GC(20)   JNI Weak                       Min:  0.0, Avg:  0.0, Max:  0.0, Diff:  0.0, Sum:  0.0, Workers: 6
[5.751s][debug  ][gc,phases      ] GC(20)     Dead                           Min: 0, Avg:  0.0, Max: 0, Diff: 0, Sum: 0, Workers: 6
[5.751s][debug  ][gc,phases      ] GC(20)     Total                          Min: 0, Avg:  0.0, Max: 0, Diff: 0, Sum: 0, Workers: 6
[5.751s][debug  ][gc,phases      ] GC(20)   StringDedup Table Weak         Min:  0.0, Avg:  0.0, Max:  0.0, Diff:  0.0, Sum:  0.0, Workers: 6
[5.752s][debug  ][gc,phases      ] GC(20)     Dead                           Min: 0, Avg:  0.0, Max: 0, Diff: 0, Sum: 0, Workers: 6
[5.752s][debug  ][gc,phases      ] GC(20)     Total                          Min: 0, Avg:  0.0, Max: 0, Diff: 0, Sum: 0, Workers: 6
[5.752s][debug  ][gc,phases      ] GC(20)   StringDedup Requests0 Weak     Min:  0.0, Avg:  0.0, Max:  0.0, Diff:  0.0, Sum:  0.0, Workers: 6
[5.752s][debug  ][gc,phases      ] GC(20)     Dead                           Min: 0, Avg:  0.0, Max: 0, Diff: 0, Sum: 0, Workers: 6
[5.752s][debug  ][gc,phases      ] GC(20)     Total                          Min: 0, Avg:  0.0, Max: 0, Diff: 0, Sum: 0, Workers: 6
[5.752s][debug  ][gc,phases      ] GC(20)   StringDedup Requests1 Weak     Min:  0.0, Avg:  0.0, Max:  0.0, Diff:  0.0, Sum:  0.0, Workers: 6
[5.752s][debug  ][gc,phases      ] GC(20)     Dead                           Min: 0, Avg:  0.0, Max: 0, Diff: 0, Sum: 0, Workers: 6
[5.752s][debug  ][gc,phases      ] GC(20)     Total                          Min: 0, Avg:  0.0, Max: 0, Diff: 0, Sum: 0, Workers: 6
[5.752s][debug  ][gc,phases      ] GC(20)   Weak JFR Old Object Samples    Min:  0.0, Avg:  0.0, Max:  0.0, Diff:  0.0, Sum:  0.0, Workers: 6
[5.752s][debug  ][gc,phases      ] GC(20)     Dead                           Min: 0, Avg:  0.0, Max: 0, Diff: 0, Sum: 0, Workers: 6
[5.752s][debug  ][gc,phases      ] GC(20)     Total                          Min: 0, Avg:  0.0, Max: 0, Diff: 0, Sum: 0, Workers: 6
[5.752s][debug  ][gc,phases      ] GC(20) Weak Processing 0.766ms
[5.752s][debug  ][gc,ergo        ] GC(20) AdaptiveSizeStart:  collection: 21 
[5.752s][debug  ][gc,ergo        ] GC(20) avg_survived_padded_avg: 33450522.000000
[5.752s][debug  ][gc,ergo        ] GC(20) avg_promoted_padded_avg: 255184528.000000  avg_pretenured_padded_avg: 0.000000  tenuring_thresh: 1  target_size: 33554432
[5.752s][debug  ][gc,age         ] GC(20) Desired survivor size 33554432 bytes, new threshold 1 (max threshold 15)
[5.752s][debug  ][gc,ergo        ] GC(20) PSAdaptiveSizePolicy::compute_eden_space_size limits: desired_eden_size: 254043999 old_eden_size: 200278016 eden_limit: 200802304 cur_eden: 200802304 max_eden_size: 200802304 avg_young_live: 26868194
[5.752s][debug  ][gc,ergo        ] GC(20) PSAdaptiveSizePolicy::compute_eden_space_size: costs minor_time: 0.050866 major_cost: 0.026272 mutator_cost: 0.922862 throughput_goal: 0.990000
[5.752s][debug  ][gc,ergo        ] GC(20) Live_space: 865936000 free_space: 644349952
[5.752s][debug  ][gc,ergo        ] GC(20) Old eden_size: 200278016 desired_eden_size: 200802304
[5.752s][debug  ][gc,ergo        ] GC(20) AdaptiveSizeStop: collection: 21 
[5.752s][info   ][gc,heap        ] GC(20) PSYoungGen: 218815K(229376K)->30720K(228864K) Eden: 188095K(196096K)->0K(196096K) From: 30720K(33280K)->30720K(32768K)
[5.752s][info   ][gc,heap        ] GC(20) ParOldGen: 882276K(1375232K)->1066596K(1375232K)
[5.752s][info   ][gc,metaspace   ] GC(20) Metaspace: 1021K(1216K)->1021K(1216K) NonClass: 937K(1024K)->937K(1024K) Class: 83K(192K)->83K(192K)
[5.752s][info   ][gc             ] GC(20) Pause Young (Allocation Failure) 1075M->1071M(1566M) 19.909ms
[5.752s][info   ][gc,cpu         ] GC(20) User=0.03s Sys=0.12s Real=0.02s
[5.752s][debug  ][gc,heap        ] GC(20) Heap after GC invocations=21 (full 3):
[5.752s][debug  ][gc,heap        ] GC(20)  PSYoungGen      total 228864K, used 30720K [0x00000000f0000000, 0x0000000100000000, 0x0000000100000000)
[5.752s][debug  ][gc,heap        ] GC(20)   eden space 196096K, 0% used [0x00000000f0000000,0x00000000f0000000,0x00000000fbf80000)
[5.752s][debug  ][gc,heap        ] GC(20)   from space 32768K, 93% used [0x00000000fbf80000,0x00000000fdd80030,0x00000000fdf80000)
[5.752s][debug  ][gc,heap        ] GC(20)   to   space 32768K, 0% used [0x00000000fe000000,0x00000000fe000000,0x0000000100000000)
[5.752s][debug  ][gc,heap        ] GC(20)  ParOldGen       total 1375232K, used 1066596K [0x0000000080000000, 0x00000000d3f00000, 0x00000000f0000000)
[5.752s][debug  ][gc,heap        ] GC(20)   object space 1375232K, 77% used [0x0000000080000000,0x00000000c1199200,0x00000000d3f00000)
[5.752s][debug  ][gc,heap        ] GC(20)  Metaspace       used 1021K, committed 1216K, reserved 1056768K
[5.752s][debug  ][gc,heap        ] GC(20)   class space    used 83K, committed 192K, reserved 1048576K
[5.752s][debug  ][gc,task,time   ] GC(20) VM-Thread 57316953 57501738 57523542
[6.031s][debug  ][gc,heap        ] GC(21) Heap before GC invocations=22 (full 3):
[6.031s][debug  ][gc,heap        ] GC(21)  PSYoungGen      total 228864K, used 218839K [0x00000000f0000000, 0x0000000100000000, 0x0000000100000000)
[6.031s][debug  ][gc,heap        ] GC(21)   eden space 196096K, 95% used [0x00000000f0000000,0x00000000fb7b5e48,0x00000000fbf80000)
[6.031s][debug  ][gc,heap        ] GC(21)   from space 32768K, 93% used [0x00000000fbf80000,0x00000000fdd80030,0x00000000fdf80000)
[6.031s][debug  ][gc,heap        ] GC(21)   to   space 32768K, 0% used [0x00000000fe000000,0x00000000fe000000,0x0000000100000000)
[6.031s][debug  ][gc,heap        ] GC(21)  ParOldGen       total 1375232K, used 1066596K [0x0000000080000000, 0x00000000d3f00000, 0x00000000f0000000)
[6.031s][debug  ][gc,heap        ] GC(21)   object space 1375232K, 77% used [0x0000000080000000,0x00000000c1199200,0x00000000d3f00000)
[6.031s][debug  ][gc,heap        ] GC(21)  Metaspace       used 1021K, committed 1216K, reserved 1056768K
[6.031s][debug  ][gc,heap        ] GC(21)   class space    used 83K, committed 192K, reserved 1048576K
[6.031s][debug  ][gc,tlab        ] GC(21) TLAB totals: thrds: 1  refills: 1 max: 1 slow allocs: 17 max 17 waste: 27.1% gc: 3890472B max: 3890472B slow: 0B max: 0B
[6.031s][info   ][gc,start       ] GC(21) Pause Young (Allocation Failure)
[6.031s][debug  ][gc,phases,start] GC(21) Scavenge
[6.050s][debug  ][gc,phases      ] GC(21) Scavenge 18.288ms
[6.050s][debug  ][gc,phases,start] GC(21) Reference Processing
[6.050s][debug  ][gc,ref         ] GC(21) Skipped phase 1 of Reference Processing: no references
[6.050s][debug  ][gc,ref         ] GC(21) Skipped phase 2 of Reference Processing: no references
[6.050s][debug  ][gc,ref         ] GC(21) Skipped phase 3 of Reference Processing: no references
[6.050s][debug  ][gc,ref         ] GC(21) Skipped phase 4 of Reference Processing: no references
[6.050s][debug  ][gc,phases,ref  ] GC(21) Reference Processing: 0.1ms
[6.050s][debug  ][gc,phases,ref  ] GC(21)   Reconsider SoftReferences: 0.0ms
[6.050s][debug  ][gc,phases,ref  ] GC(21)     SoftRef (ms):                  skipped
[6.050s][debug  ][gc,phases,ref  ] GC(21)   Notify Soft/WeakReferences: 0.0ms
[6.050s][debug  ][gc,phases,ref  ] GC(21)     SoftRef (ms):                  skipped
[6.050s][debug  ][gc,phases,ref  ] GC(21)     WeakRef (ms):                  skipped
[6.050s][debug  ][gc,phases,ref  ] GC(21)     FinalRef (ms):                 skipped
[6.050s][debug  ][gc,phases,ref  ] GC(21)     Total (ms):                    skipped
[6.050s][debug  ][gc,phases,ref  ] GC(21)   Notify and keep alive finalizable: 0.0ms
[6.050s][debug  ][gc,phases,ref  ] GC(21)     FinalRef (ms):                 skipped
[6.050s][debug  ][gc,phases,ref  ] GC(21)   Notify PhantomReferences: 0.0ms
[6.050s][debug  ][gc,phases,ref  ] GC(21)     PhantomRef (ms):               skipped
[6.050s][debug  ][gc,phases,ref  ] GC(21)   SoftReference:
[6.050s][debug  ][gc,phases,ref  ] GC(21)     Discovered: 0
[6.050s][debug  ][gc,phases,ref  ] GC(21)     Cleared: 0
[6.050s][debug  ][gc,phases,ref  ] GC(21)   WeakReference:
[6.050s][debug  ][gc,phases,ref  ] GC(21)     Discovered: 0
[6.050s][debug  ][gc,phases,ref  ] GC(21)     Cleared: 0
[6.050s][debug  ][gc,phases,ref  ] GC(21)   FinalReference:
[6.050s][debug  ][gc,phases,ref  ] GC(21)     Discovered: 0
[6.050s][debug  ][gc,phases,ref  ] GC(21)     Cleared: 0
[6.050s][debug  ][gc,phases,ref  ] GC(21)   PhantomReference:
[6.050s][debug  ][gc,phases,ref  ] GC(21)     Discovered: 0
[6.050s][debug  ][gc,phases,ref  ] GC(21)     Cleared: 0
[6.050s][debug  ][gc,phases      ] GC(21) Reference Processing 0.695ms
[6.050s][debug  ][gc,phases,start] GC(21) Weak Processing
[6.050s][debug  ][gc,phases      ] GC(21)   VM Weak                        Min:  0.0, Avg:  0.0, Max:  0.0, Diff:  0.0, Sum:  0.0, Workers: 6
[6.051s][debug  ][gc,phases      ] GC(21)     Dead                           Min: 0, Avg:  0.0, Max: 0, Diff: 0, Sum: 0, Workers: 6
[6.051s][debug  ][gc,phases      ] GC(21)     Total                          Min: 0, Avg:  1.3, Max: 8, Diff: 8, Sum: 8, Workers: 6
[6.051s][debug  ][gc,phases      ] GC(21)   ObjectSynchronizer Weak        Min:  0.0, Avg:  0.0, Max:  0.0, Diff:  0.0, Sum:  0.0, Workers: 6
[6.051s][debug  ][gc,phases      ] GC(21)     Dead                           Min: 0, Avg:  0.0, Max: 0, Diff: 0, Sum: 0, Workers: 6
[6.051s][debug  ][gc,phases      ] GC(21)     Total                          Min: 0, Avg:  0.5, Max: 3, Diff: 3, Sum: 3, Workers: 6
[6.051s][debug  ][gc,phases      ] GC(21)   JVMTI Tag Weak OopStorage      Min:  0.0, Avg:  0.0, Max:  0.0, Diff:  0.0, Sum:  0.0, Workers: 6
[6.051s][debug  ][gc,phases      ] GC(21)     Dead                           Min: 0, Avg:  0.0, Max: 0, Diff: 0, Sum: 0, Workers: 6
[6.051s][debug  ][gc,phases      ] GC(21)     Total                          Min: 0, Avg:  0.0, Max: 0, Diff: 0, Sum: 0, Workers: 6
[6.051s][debug  ][gc,phases      ] GC(21)   StringTable Weak               Min:  0.0, Avg:  0.0, Max:  0.0, Diff:  0.0, Sum:  0.0, Workers: 6
[6.051s][debug  ][gc,phases      ] GC(21)     Dead                           Min: 0, Avg:  0.0, Max: 0, Diff: 0, Sum: 0, Workers: 6
[6.051s][debug  ][gc,phases      ] GC(21)     Total                          Min: 832, Avg: 892.2, Max: 960, Diff: 128, Sum: 5353, Workers: 6
[6.051s][debug  ][gc,phases      ] GC(21)   ResolvedMethodTable Weak       Min:  0.0, Avg:  0.0, Max:  0.0, Diff:  0.0, Sum:  0.0, Workers: 6
[6.051s][debug  ][gc,phases      ] GC(21)     Dead                           Min: 0, Avg:  0.0, Max: 0, Diff: 0, Sum: 0, Workers: 6
[6.051s][debug  ][gc,phases      ] GC(21)     Total                          Min: 0, Avg: 21.7, Max: 64, Diff: 64, Sum: 130, Workers: 6
[6.051s][debug  ][gc,phases      ] GC(21)   JNI Weak                       Min:  0.0, Avg:  0.0, Max:  0.0, Diff:  0.0, Sum:  0.0, Workers: 6
[6.051s][debug  ][gc,phases      ] GC(21)     Dead                           Min: 0, Avg:  0.0, Max: 0, Diff: 0, Sum: 0, Workers: 6
[6.051s][debug  ][gc,phases      ] GC(21)     Total                          Min: 0, Avg:  0.0, Max: 0, Diff: 0, Sum: 0, Workers: 6
[6.051s][debug  ][gc,phases      ] GC(21)   StringDedup Table Weak         Min:  0.0, Avg:  0.0, Max:  0.0, Diff:  0.0, Sum:  0.0, Workers: 6
[6.051s][debug  ][gc,phases      ] GC(21)     Dead                           Min: 0, Avg:  0.0, Max: 0, Diff: 0, Sum: 0, Workers: 6
[6.051s][debug  ][gc,phases      ] GC(21)     Total                          Min: 0, Avg:  0.0, Max: 0, Diff: 0, Sum: 0, Workers: 6
[6.051s][debug  ][gc,phases      ] GC(21)   StringDedup Requests0 Weak     Min:  0.0, Avg:  0.0, Max:  0.0, Diff:  0.0, Sum:  0.0, Workers: 6
[6.051s][debug  ][gc,phases      ] GC(21)     Dead                           Min: 0, Avg:  0.0, Max: 0, Diff: 0, Sum: 0, Workers: 6
[6.051s][debug  ][gc,phases      ] GC(21)     Total                          Min: 0, Avg:  0.0, Max: 0, Diff: 0, Sum: 0, Workers: 6
[6.051s][debug  ][gc,phases      ] GC(21)   StringDedup Requests1 Weak     Min:  0.0, Avg:  0.0, Max:  0.0, Diff:  0.0, Sum:  0.0, Workers: 6
[6.051s][debug  ][gc,phases      ] GC(21)     Dead                           Min: 0, Avg:  0.0, Max: 0, Diff: 0, Sum: 0, Workers: 6
[6.051s][debug  ][gc,phases      ] GC(21)     Total                          Min: 0, Avg:  0.0, Max: 0, Diff: 0, Sum: 0, Workers: 6
[6.051s][debug  ][gc,phases      ] GC(21)   Weak JFR Old Object Samples    Min:  0.0, Avg:  0.0, Max:  0.0, Diff:  0.0, Sum:  0.0, Workers: 6
[6.051s][debug  ][gc,phases      ] GC(21)     Dead                           Min: 0, Avg:  0.0, Max: 0, Diff: 0, Sum: 0, Workers: 6
[6.051s][debug  ][gc,phases      ] GC(21)     Total                          Min: 0, Avg:  0.0, Max: 0, Diff: 0, Sum: 0, Workers: 6
[6.051s][debug  ][gc,phases      ] GC(21) Weak Processing 0.947ms
[6.051s][debug  ][gc,ergo        ] GC(21) AdaptiveSizeStart:  collection: 22 
[6.051s][debug  ][gc,ergo        ] GC(21) avg_survived_padded_avg: 33364366.000000
[6.051s][debug  ][gc,ergo        ] GC(21) avg_promoted_padded_avg: 257248384.000000  avg_pretenured_padded_avg: 0.000000  tenuring_thresh: 1  target_size: 33554432
[6.051s][debug  ][gc,age         ] GC(21) Desired survivor size 33554432 bytes, new threshold 1 (max threshold 15)
[6.051s][debug  ][gc,ergo        ] GC(21) PSAdaptiveSizePolicy::compute_eden_space_size limits: desired_eden_size: 255404726 old_eden_size: 200802304 eden_limit: 201326592 cur_eden: 200802304 max_eden_size: 201326592 avg_young_live: 27327106
[6.051s][debug  ][gc,ergo        ] GC(21) PSAdaptiveSizePolicy::compute_eden_space_size: costs minor_time: 0.054882 major_cost: 0.026272 mutator_cost: 0.918846 throughput_goal: 0.990000
[6.052s][debug  ][gc,ergo        ] GC(21) Live_space: 866394880 free_space: 644874240
[6.052s][debug  ][gc,ergo        ] GC(21) Old eden_size: 200802304 desired_eden_size: 201326592
[6.052s][debug  ][gc,ergo        ] GC(21) AdaptiveSizeStop: collection: 22 
[6.052s][info   ][gc,heap        ] GC(21) PSYoungGen: 218839K(228864K)->30720K(229376K) Eden: 188119K(196096K)->0K(196608K) From: 30720K(32768K)->30720K(32768K)
[6.052s][info   ][gc,heap        ] GC(21) ParOldGen: 1066596K(1375232K)->1250916K(1375232K)
[6.052s][info   ][gc,metaspace   ] GC(21) Metaspace: 1021K(1216K)->1021K(1216K) NonClass: 937K(1024K)->937K(1024K) Class: 83K(192K)->83K(192K)
[6.052s][info   ][gc             ] GC(21) Pause Young (Allocation Failure) 1255M->1251M(1567M) 20.388ms
[6.052s][info   ][gc,cpu         ] GC(21) User=0.03s Sys=0.12s Real=0.02s
[6.052s][debug  ][gc,heap        ] GC(21) Heap after GC invocations=22 (full 3):
[6.052s][debug  ][gc,heap        ] GC(21)  PSYoungGen      total 229376K, used 30720K [0x00000000f0000000, 0x0000000100000000, 0x0000000100000000)
[6.052s][debug  ][gc,heap        ] GC(21)   eden space 196608K, 0% used [0x00000000f0000000,0x00000000f0000000,0x00000000fc000000)
[6.052s][debug  ][gc,heap        ] GC(21)   from space 32768K, 93% used [0x00000000fe000000,0x00000000ffe00030,0x0000000100000000)
[6.052s][debug  ][gc,heap        ] GC(21)   to   space 32768K, 0% used [0x00000000fc000000,0x00000000fc000000,0x00000000fe000000)
[6.052s][debug  ][gc,heap        ] GC(21)  ParOldGen       total 1375232K, used 1250916K [0x0000000080000000, 0x00000000d3f00000, 0x00000000f0000000)
[6.052s][debug  ][gc,heap        ] GC(21)   object space 1375232K, 90% used [0x0000000080000000,0x00000000cc599320,0x00000000d3f00000)
[6.052s][debug  ][gc,heap        ] GC(21)  Metaspace       used 1021K, committed 1216K, reserved 1056768K
[6.052s][debug  ][gc,heap        ] GC(21)   class space    used 83K, committed 192K, reserved 1048576K
[6.052s][debug  ][gc,task,time   ] GC(21) VM-Thread 60308176 60496860 60519312
[6.052s][debug  ][gc,phases,start] GC(22) Pre Compact
[6.052s][debug  ][gc,heap        ] GC(22) Heap before GC invocations=23 (full 4):
[6.052s][debug  ][gc,heap        ] GC(22)  PSYoungGen      total 229376K, used 30720K [0x00000000f0000000, 0x0000000100000000, 0x0000000100000000)
[6.052s][debug  ][gc,heap        ] GC(22)   eden space 196608K, 0% used [0x00000000f0000000,0x00000000f0000000,0x00000000fc000000)
[6.052s][debug  ][gc,heap        ] GC(22)   from space 32768K, 93% used [0x00000000fe000000,0x00000000ffe00030,0x0000000100000000)
[6.052s][debug  ][gc,heap        ] GC(22)   to   space 32768K, 0% used [0x00000000fc000000,0x00000000fc000000,0x00000000fe000000)
[6.052s][debug  ][gc,heap        ] GC(22)  ParOldGen       total 1375232K, used 1250916K [0x0000000080000000, 0x00000000d3f00000, 0x00000000f0000000)
[6.052s][debug  ][gc,heap        ] GC(22)   object space 1375232K, 90% used [0x0000000080000000,0x00000000cc599320,0x00000000d3f00000)
[6.052s][debug  ][gc,heap        ] GC(22)  Metaspace       used 1021K, committed 1216K, reserved 1056768K
[6.052s][debug  ][gc,heap        ] GC(22)   class space    used 83K, committed 192K, reserved 1048576K
[6.052s][debug  ][gc,phases      ] GC(22) Pre Compact 0.260ms
[6.052s][info   ][gc,start       ] GC(22) Pause Full (Ergonomics)
[6.052s][info   ][gc,phases,start] GC(22) Marking Phase
[6.052s][debug  ][gc,phases,start] GC(22) Par Mark
[6.053s][debug  ][gc,phases      ] GC(22) Par Mark 0.492ms
[6.053s][debug  ][gc,phases,start] GC(22) Reference Processing
[6.053s][debug  ][gc,ref         ] GC(22) Skipped phase 1 of Reference Processing: no references
[6.053s][debug  ][gc,ref         ] GC(22) ReferenceProcessor::execute queues: 1, RefProcThreadModel::Single, marks_oops_alive: false
[6.053s][debug  ][gc,ref         ] GC(22) Skipped phase 3 of Reference Processing: no references
[6.053s][debug  ][gc,ref         ] GC(22) ReferenceProcessor::execute queues: 1, RefProcThreadModel::Single, marks_oops_alive: false
[6.053s][debug  ][gc,phases,ref  ] GC(22) Reference Processing: 0.1ms
[6.053s][debug  ][gc,phases,ref  ] GC(22)   Reconsider SoftReferences: 0.0ms
[6.053s][debug  ][gc,phases,ref  ] GC(22)     SoftRef (ms):                  skipped
[6.053s][debug  ][gc,phases,ref  ] GC(22)   Notify Soft/WeakReferences: 0.0ms
[6.053s][debug  ][gc,phases,ref  ] GC(22)     SoftRef (ms):                  Min:  0.0, Avg:  0.0, Max:  0.0, Diff:  0.0, Sum:  0.0, Workers: 10
[6.053s][debug  ][gc,phases,ref  ] GC(22)     WeakRef (ms):                  Min:  0.0, Avg:  0.0, Max:  0.0, Diff:  0.0, Sum:  0.0, Workers: 10
[6.053s][debug  ][gc,phases,ref  ] GC(22)     FinalRef (ms):                 Min:  0.0, Avg:  0.0, Max:  0.0, Diff:  0.0, Sum:  0.0, Workers: 10
[6.053s][debug  ][gc,phases,ref  ] GC(22)     Total (ms):                    Min:  0.0, Avg:  0.0, Max:  0.0, Diff:  0.0, Sum:  0.0, Workers: 10
[6.053s][debug  ][gc,phases,ref  ] GC(22)   Notify and keep alive finalizable: 0.0ms
[6.053s][debug  ][gc,phases,ref  ] GC(22)     FinalRef (ms):                 skipped
[6.053s][debug  ][gc,phases,ref  ] GC(22)   Notify PhantomReferences: 0.0ms
[6.053s][debug  ][gc,phases,ref  ] GC(22)     PhantomRef (ms):               Min:  0.0, Avg:  0.0, Max:  0.0, Diff:  0.0, Sum:  0.0, Workers: 10
[6.053s][debug  ][gc,phases,ref  ] GC(22)   SoftReference:
[6.053s][debug  ][gc,phases,ref  ] GC(22)     Discovered: 0
[6.053s][debug  ][gc,phases,ref  ] GC(22)     Cleared: 0
[6.053s][debug  ][gc,phases,ref  ] GC(22)   WeakReference:
[6.053s][debug  ][gc,phases,ref  ] GC(22)     Discovered: 65
[6.053s][debug  ][gc,phases,ref  ] GC(22)     Cleared: 65
[6.053s][debug  ][gc,phases,ref  ] GC(22)   FinalReference:
[6.053s][debug  ][gc,phases,ref  ] GC(22)     Discovered: 0
[6.053s][debug  ][gc,phases,ref  ] GC(22)     Cleared: 0
[6.053s][debug  ][gc,phases,ref  ] GC(22)   PhantomReference:
[6.053s][debug  ][gc,phases,ref  ] GC(22)     Discovered: 3
[6.053s][debug  ][gc,phases,ref  ] GC(22)     Cleared: 3
[6.053s][debug  ][gc,phases      ] GC(22) Reference Processing 0.635ms
[6.053s][debug  ][gc,phases,start] GC(22) Weak Processing
[6.054s][debug  ][gc,phases      ] GC(22)   VM Weak                        Min:  0.0, Avg:  0.0, Max:  0.0, Diff:  0.0, Sum:  0.0, Workers: 6
[6.054s][debug  ][gc,phases      ] GC(22)     Dead                           Min: 0, Avg:  0.0, Max: 0, Diff: 0, Sum: 0, Workers: 6
[6.054s][debug  ][gc,phases      ] GC(22)     Total                          Min: 0, Avg:  1.3, Max: 8, Diff: 8, Sum: 8, Workers: 6
[6.054s][debug  ][gc,phases      ] GC(22)   ObjectSynchronizer Weak        Min:  0.0, Avg:  0.0, Max:  0.0, Diff:  0.0, Sum:  0.0, Workers: 6
[6.054s][debug  ][gc,phases      ] GC(22)     Dead                           Min: 0, Avg:  0.0, Max: 0, Diff: 0, Sum: 0, Workers: 6
[6.054s][debug  ][gc,phases      ] GC(22)     Total                          Min: 0, Avg:  0.5, Max: 3, Diff: 3, Sum: 3, Workers: 6
[6.054s][debug  ][gc,phases      ] GC(22)   JVMTI Tag Weak OopStorage      Min:  0.0, Avg:  0.0, Max:  0.0, Diff:  0.0, Sum:  0.0, Workers: 6
[6.054s][debug  ][gc,phases      ] GC(22)     Dead                           Min: 0, Avg:  0.0, Max: 0, Diff: 0, Sum: 0, Workers: 6
[6.054s][debug  ][gc,phases      ] GC(22)     Total                          Min: 0, Avg:  0.0, Max: 0, Diff: 0, Sum: 0, Workers: 6
[6.054s][debug  ][gc,phases      ] GC(22)   StringTable Weak               Min:  0.0, Avg:  0.0, Max:  0.0, Diff:  0.0, Sum:  0.0, Workers: 6
[6.054s][debug  ][gc,phases      ] GC(22)     Dead                           Min: 0, Avg:  0.0, Max: 0, Diff: 0, Sum: 0, Workers: 6
[6.054s][debug  ][gc,phases      ] GC(22)     Total                          Min: 640, Avg: 892.2, Max: 1322, Diff: 682, Sum: 5353, Workers: 6
[6.054s][debug  ][gc,phases      ] GC(22)   ResolvedMethodTable Weak       Min:  0.0, Avg:  0.0, Max:  0.0, Diff:  0.0, Sum:  0.0, Workers: 6
[6.054s][debug  ][gc,phases      ] GC(22)     Dead                           Min: 0, Avg:  0.0, Max: 0, Diff: 0, Sum: 0, Workers: 6
[6.054s][debug  ][gc,phases      ] GC(22)     Total                          Min: 0, Avg: 21.7, Max: 64, Diff: 64, Sum: 130, Workers: 6
[6.054s][debug  ][gc,phases      ] GC(22)   JNI Weak                       Min:  0.0, Avg:  0.0, Max:  0.0, Diff:  0.0, Sum:  0.0, Workers: 6
[6.054s][debug  ][gc,phases      ] GC(22)     Dead                           Min: 0, Avg:  0.0, Max: 0, Diff: 0, Sum: 0, Workers: 6
[6.054s][debug  ][gc,phases      ] GC(22)     Total                          Min: 0, Avg:  0.0, Max: 0, Diff: 0, Sum: 0, Workers: 6
[6.054s][debug  ][gc,phases      ] GC(22)   StringDedup Table Weak         Min:  0.0, Avg:  0.0, Max:  0.0, Diff:  0.0, Sum:  0.0, Workers: 6
[6.054s][debug  ][gc,phases      ] GC(22)     Dead                           Min: 0, Avg:  0.0, Max: 0, Diff: 0, Sum: 0, Workers: 6
[6.054s][debug  ][gc,phases      ] GC(22)     Total                          Min: 0, Avg:  0.0, Max: 0, Diff: 0, Sum: 0, Workers: 6
[6.054s][debug  ][gc,phases      ] GC(22)   StringDedup Requests0 Weak     Min:  0.0, Avg:  0.0, Max:  0.0, Diff:  0.0, Sum:  0.0, Workers: 6
[6.054s][debug  ][gc,phases      ] GC(22)     Dead                           Min: 0, Avg:  0.0, Max: 0, Diff: 0, Sum: 0, Workers: 6
[6.054s][debug  ][gc,phases      ] GC(22)     Total                          Min: 0, Avg:  0.0, Max: 0, Diff: 0, Sum: 0, Workers: 6
[6.054s][debug  ][gc,phases      ] GC(22)   StringDedup Requests1 Weak     Min:  0.0, Avg:  0.0, Max:  0.0, Diff:  0.0, Sum:  0.0, Workers: 6
[6.054s][debug  ][gc,phases      ] GC(22)     Dead                           Min: 0, Avg:  0.0, Max: 0, Diff: 0, Sum: 0, Workers: 6
[6.054s][debug  ][gc,phases      ] GC(22)     Total                          Min: 0, Avg:  0.0, Max: 0, Diff: 0, Sum: 0, Workers: 6
[6.054s][debug  ][gc,phases      ] GC(22)   Weak JFR Old Object Samples    Min:  0.0, Avg:  0.0, Max:  0.0, Diff:  0.0, Sum:  0.0, Workers: 6
[6.054s][debug  ][gc,phases      ] GC(22)     Dead                           Min: 0, Avg:  0.0, Max: 0, Diff: 0, Sum: 0, Workers: 6
[6.054s][debug  ][gc,phases      ] GC(22)     Total                          Min: 0, Avg:  0.0, Max: 0, Diff: 0, Sum: 0, Workers: 6
[6.054s][debug  ][gc,phases      ] GC(22) Weak Processing 0.752ms
[6.054s][debug  ][gc,phases,start] GC(22) Class Unloading
[6.054s][debug  ][gc,phases,start] GC(22) ClassLoaderData
[6.054s][debug  ][gc,phases      ] GC(22) ClassLoaderData 0.022ms
[6.054s][debug  ][gc,phases,start] GC(22) Trigger cleanups
[6.054s][debug  ][gc,phases      ] GC(22) Trigger cleanups 0.021ms
[6.054s][debug  ][gc,phases      ] GC(22) Class Unloading 0.258ms
[6.055s][info   ][gc,phases      ] GC(22) Marking Phase 2.256ms
[6.055s][info   ][gc,phases,start] GC(22) Summary Phase
[6.055s][info   ][gc,phases      ] GC(22) Summary Phase 0.034ms
[6.055s][info   ][gc,phases,start] GC(22) Adjust Roots
[6.055s][info   ][gc,phases      ] GC(22) Adjust Roots 0.157ms
[6.055s][info   ][gc,phases,start] GC(22) Compaction Phase
[6.101s][info   ][gc,phases      ] GC(22) Compaction Phase 46.078ms
[6.101s][info   ][gc,phases,start] GC(22) Post Compact
[6.105s][info   ][gc,phases      ] GC(22) Post Compact 3.768ms
[6.105s][debug  ][gc,ergo        ] GC(22) AdaptiveSizeStart: collection: 23 
[6.105s][debug  ][gc,ergo        ] GC(22) PSAdaptiveSizePolicy::compute_eden_space_size limits: desired_eden_size: 253492511 old_eden_size: 201326592 eden_limit: 201326592 cur_eden: 201326592 max_eden_size: 201326592 avg_young_live: 24594396
[6.105s][debug  ][gc,ergo        ] GC(22) PSAdaptiveSizePolicy::compute_eden_space_size: costs minor_time: 0.054882 major_cost: 0.030062 mutator_cost: 0.915056 throughput_goal: 0.990000
[6.105s][debug  ][gc,ergo        ] GC(22) Live_space: 863662208 free_space: 645398528
[6.105s][debug  ][gc,ergo        ] GC(22) Old eden_size: 201326592 desired_eden_size: 201326592
[6.105s][debug  ][gc,ergo        ] GC(22) PSAdaptiveSizePolicy::compute_old_gen_free_space: costs minor_time: 0.054882 major_cost: 0.030062  mutator_cost: 0.915056 throughput_goal: 0.990000
[6.105s][debug  ][gc,ergo        ] GC(22) Live_space: 828901824 free_space: 645398528
[6.105s][debug  ][gc,ergo        ] GC(22) Old promo_size: 444071936 desired_promo_size: 538968064
[6.108s][debug  ][gc             ] GC(22) Shrinking ParOldGen from 1375232K by 176128K to 1199104K
[6.108s][debug  ][gc,ergo        ] GC(22) AdaptiveSizeStop: collection: 23 
[6.108s][info   ][gc,heap        ] GC(22) PSYoungGen: 30720K(229376K)->0K(229376K) Eden: 0K(196608K)->0K(196608K) From: 30720K(32768K)->0K(32768K)
[6.108s][info   ][gc,heap        ] GC(22) ParOldGen: 1250916K(1375232K)->421475K(1199104K)
[6.108s][info   ][gc,metaspace   ] GC(22) Metaspace: 1021K(1216K)->1021K(1216K) NonClass: 937K(1024K)->937K(1024K) Class: 83K(192K)->83K(192K)
[6.108s][info   ][gc             ] GC(22) Pause Full (Ergonomics) 1251M->411M(1395M) 55.981ms
[6.108s][info   ][gc,cpu         ] GC(22) User=0.47s Sys=0.00s Real=0.06s
[6.108s][debug  ][gc,heap        ] GC(22) Heap after GC invocations=23 (full 4):
[6.108s][debug  ][gc,heap        ] GC(22)  PSYoungGen      total 229376K, used 0K [0x00000000f0000000, 0x0000000100000000, 0x0000000100000000)
[6.108s][debug  ][gc,heap        ] GC(22)   eden space 196608K, 0% used [0x00000000f0000000,0x00000000f0000000,0x00000000fc000000)
[6.108s][debug  ][gc,heap        ] GC(22)   from space 32768K, 0% used [0x00000000fc000000,0x00000000fc000000,0x00000000fe000000)
[6.108s][debug  ][gc,heap        ] GC(22)   to   space 32768K, 0% used [0x00000000fe000000,0x00000000fe000000,0x0000000100000000)
[6.108s][debug  ][gc,heap        ] GC(22)  ParOldGen       total 1199104K, used 421475K [0x0000000080000000, 0x00000000c9300000, 0x00000000f0000000)
[6.108s][debug  ][gc,heap        ] GC(22)   object space 1199104K, 35% used [0x0000000080000000,0x0000000099b98e10,0x00000000c9300000)
[6.108s][debug  ][gc,heap        ] GC(22)  Metaspace       used 1021K, committed 1216K, reserved 1056768K
[6.108s][debug  ][gc,heap        ] GC(22)   class space    used 83K, committed 192K, reserved 1048576K
[6.108s][debug  ][gc,task,time   ] GC(22) VM-Thread 60522653 60548108 61082763
[6.395s][debug  ][gc,heap        ] GC(23) Heap before GC invocations=24 (full 4):
[6.395s][debug  ][gc,heap        ] GC(23)  PSYoungGen      total 229376K, used 188144K [0x00000000f0000000, 0x0000000100000000, 0x0000000100000000)
[6.395s][debug  ][gc,heap        ] GC(23)   eden space 196608K, 95% used [0x00000000f0000000,0x00000000fb7bc2e8,0x00000000fc000000)
[6.395s][debug  ][gc,heap        ] GC(23)   from space 32768K, 0% used [0x00000000fc000000,0x00000000fc000000,0x00000000fe000000)
[6.396s][debug  ][gc,heap        ] GC(23)   to   space 32768K, 0% used [0x00000000fe000000,0x00000000fe000000,0x0000000100000000)
[6.396s][debug  ][gc,heap        ] GC(23)  ParOldGen       total 1199104K, used 421475K [0x0000000080000000, 0x00000000c9300000, 0x00000000f0000000)
[6.396s][debug  ][gc,heap        ] GC(23)   object space 1199104K, 35% used [0x0000000080000000,0x0000000099b98e10,0x00000000c9300000)
[6.396s][debug  ][gc,heap        ] GC(23)  Metaspace       used 1021K, committed 1216K, reserved 1056768K
[6.396s][debug  ][gc,heap        ] GC(23)   class space    used 83K, committed 192K, reserved 1048576K
[6.396s][debug  ][gc,tlab        ] GC(23) TLAB totals: thrds: 1  refills: 1 max: 1 slow allocs: 17 max 17 waste: 27.2% gc: 3916232B max: 3916232B slow: 0B max: 0B
[6.396s][info   ][gc,start       ] GC(23) Pause Young (Allocation Failure)
[6.396s][debug  ][gc,phases,start] GC(23) Scavenge
[6.409s][debug  ][gc,phases      ] GC(23) Scavenge 12.839ms
[6.409s][debug  ][gc,phases,start] GC(23) Reference Processing
[6.409s][debug  ][gc,ref         ] GC(23) Skipped phase 1 of Reference Processing: no references
[6.409s][debug  ][gc,ref         ] GC(23) Skipped phase 2 of Reference Processing: no references
[6.409s][debug  ][gc,ref         ] GC(23) Skipped phase 3 of Reference Processing: no references
[6.409s][debug  ][gc,ref         ] GC(23) Skipped phase 4 of Reference Processing: no references
[6.409s][debug  ][gc,phases,ref  ] GC(23) Reference Processing: 0.1ms
[6.409s][debug  ][gc,phases,ref  ] GC(23)   Reconsider SoftReferences: 0.0ms
[6.409s][debug  ][gc,phases,ref  ] GC(23)     SoftRef (ms):                  skipped
[6.409s][debug  ][gc,phases,ref  ] GC(23)   Notify Soft/WeakReferences: 0.0ms
[6.409s][debug  ][gc,phases,ref  ] GC(23)     SoftRef (ms):                  skipped
[6.409s][debug  ][gc,phases,ref  ] GC(23)     WeakRef (ms):                  skipped
[6.409s][debug  ][gc,phases,ref  ] GC(23)     FinalRef (ms):                 skipped
[6.409s][debug  ][gc,phases,ref  ] GC(23)     Total (ms):                    skipped
[6.409s][debug  ][gc,phases,ref  ] GC(23)   Notify and keep alive finalizable: 0.0ms
[6.409s][debug  ][gc,phases,ref  ] GC(23)     FinalRef (ms):                 skipped
[6.409s][debug  ][gc,phases,ref  ] GC(23)   Notify PhantomReferences: 0.0ms
[6.409s][debug  ][gc,phases,ref  ] GC(23)     PhantomRef (ms):               skipped
[6.409s][debug  ][gc,phases,ref  ] GC(23)   SoftReference:
[6.409s][debug  ][gc,phases,ref  ] GC(23)     Discovered: 0
[6.409s][debug  ][gc,phases,ref  ] GC(23)     Cleared: 0
[6.409s][debug  ][gc,phases,ref  ] GC(23)   WeakReference:
[6.409s][debug  ][gc,phases,ref  ] GC(23)     Discovered: 0
[6.409s][debug  ][gc,phases,ref  ] GC(23)     Cleared: 0
[6.410s][debug  ][gc,phases,ref  ] GC(23)   FinalReference:
[6.410s][debug  ][gc,phases,ref  ] GC(23)     Discovered: 0
[6.410s][debug  ][gc,phases,ref  ] GC(23)     Cleared: 0
[6.410s][debug  ][gc,phases,ref  ] GC(23)   PhantomReference:
[6.410s][debug  ][gc,phases,ref  ] GC(23)     Discovered: 0
[6.410s][debug  ][gc,phases,ref  ] GC(23)     Cleared: 0
[6.410s][debug  ][gc,phases      ] GC(23) Reference Processing 0.931ms
[6.410s][debug  ][gc,phases,start] GC(23) Weak Processing
[6.410s][debug  ][gc,phases      ] GC(23)   VM Weak                        Min:  0.0, Avg:  0.0, Max:  0.0, Diff:  0.0, Sum:  0.0, Workers: 6
[6.410s][debug  ][gc,phases      ] GC(23)     Dead                           Min: 0, Avg:  0.0, Max: 0, Diff: 0, Sum: 0, Workers: 6
[6.410s][debug  ][gc,phases      ] GC(23)     Total                          Min: 0, Avg:  1.3, Max: 8, Diff: 8, Sum: 8, Workers: 6
[6.410s][debug  ][gc,phases      ] GC(23)   ObjectSynchronizer Weak        Min:  0.0, Avg:  0.0, Max:  0.0, Diff:  0.0, Sum:  0.0, Workers: 6
[6.410s][debug  ][gc,phases      ] GC(23)     Dead                           Min: 0, Avg:  0.0, Max: 0, Diff: 0, Sum: 0, Workers: 6
[6.410s][debug  ][gc,phases      ] GC(23)     Total                          Min: 0, Avg:  0.5, Max: 3, Diff: 3, Sum: 3, Workers: 6
[6.410s][debug  ][gc,phases      ] GC(23)   JVMTI Tag Weak OopStorage      Min:  0.0, Avg:  0.0, Max:  0.0, Diff:  0.0, Sum:  0.0, Workers: 6
[6.410s][debug  ][gc,phases      ] GC(23)     Dead                           Min: 0, Avg:  0.0, Max: 0, Diff: 0, Sum: 0, Workers: 6
[6.410s][debug  ][gc,phases      ] GC(23)     Total                          Min: 0, Avg:  0.0, Max: 0, Diff: 0, Sum: 0, Workers: 6
[6.410s][debug  ][gc,phases      ] GC(23)   StringTable Weak               Min:  0.0, Avg:  0.0, Max:  0.0, Diff:  0.0, Sum:  0.0, Workers: 6
[6.410s][debug  ][gc,phases      ] GC(23)     Dead                           Min: 0, Avg:  0.0, Max: 0, Diff: 0, Sum: 0, Workers: 6
[6.410s][debug  ][gc,phases      ] GC(23)     Total                          Min: 639, Avg: 892.2, Max: 1216, Diff: 577, Sum: 5353, Workers: 6
[6.410s][debug  ][gc,phases      ] GC(23)   ResolvedMethodTable Weak       Min:  0.0, Avg:  0.0, Max:  0.0, Diff:  0.0, Sum:  0.0, Workers: 6
[6.410s][debug  ][gc,phases      ] GC(23)     Dead                           Min: 0, Avg:  0.0, Max: 0, Diff: 0, Sum: 0, Workers: 6
[6.410s][debug  ][gc,phases      ] GC(23)     Total                          Min: 0, Avg: 21.7, Max: 64, Diff: 64, Sum: 130, Workers: 6
[6.410s][debug  ][gc,phases      ] GC(23)   JNI Weak                       Min:  0.0, Avg:  0.0, Max:  0.0, Diff:  0.0, Sum:  0.0, Workers: 6
[6.410s][debug  ][gc,phases      ] GC(23)     Dead                           Min: 0, Avg:  0.0, Max: 0, Diff: 0, Sum: 0, Workers: 6
[6.410s][debug  ][gc,phases      ] GC(23)     Total                          Min: 0, Avg:  0.0, Max: 0, Diff: 0, Sum: 0, Workers: 6
[6.410s][debug  ][gc,phases      ] GC(23)   StringDedup Table Weak         Min:  0.0, Avg:  0.0, Max:  0.0, Diff:  0.0, Sum:  0.0, Workers: 6
[6.410s][debug  ][gc,phases      ] GC(23)     Dead                           Min: 0, Avg:  0.0, Max: 0, Diff: 0, Sum: 0, Workers: 6
[6.410s][debug  ][gc,phases      ] GC(23)     Total                          Min: 0, Avg:  0.0, Max: 0, Diff: 0, Sum: 0, Workers: 6
[6.410s][debug  ][gc,phases      ] GC(23)   StringDedup Requests0 Weak     Min:  0.0, Avg:  0.0, Max:  0.0, Diff:  0.0, Sum:  0.0, Workers: 6
[6.410s][debug  ][gc,phases      ] GC(23)     Dead                           Min: 0, Avg:  0.0, Max: 0, Diff: 0, Sum: 0, Workers: 6
[6.411s][debug  ][gc,phases      ] GC(23)     Total                          Min: 0, Avg:  0.0, Max: 0, Diff: 0, Sum: 0, Workers: 6
[6.411s][debug  ][gc,phases      ] GC(23)   StringDedup Requests1 Weak     Min:  0.0, Avg:  0.0, Max:  0.0, Diff:  0.0, Sum:  0.0, Workers: 6
[6.411s][debug  ][gc,phases      ] GC(23)     Dead                           Min: 0, Avg:  0.0, Max: 0, Diff: 0, Sum: 0, Workers: 6
[6.411s][debug  ][gc,phases      ] GC(23)     Total                          Min: 0, Avg:  0.0, Max: 0, Diff: 0, Sum: 0, Workers: 6
[6.411s][debug  ][gc,phases      ] GC(23)   Weak JFR Old Object Samples    Min:  0.0, Avg:  0.0, Max:  0.0, Diff:  0.0, Sum:  0.0, Workers: 6
[6.411s][debug  ][gc,phases      ] GC(23)     Dead                           Min: 0, Avg:  0.0, Max: 0, Diff: 0, Sum: 0, Workers: 6
[6.411s][debug  ][gc,phases      ] GC(23)     Total                          Min: 0, Avg:  0.0, Max: 0, Diff: 0, Sum: 0, Workers: 6
[6.411s][debug  ][gc,phases      ] GC(23) Weak Processing 0.956ms
[6.411s][debug  ][gc,ergo        ] GC(23) AdaptiveSizeStart:  collection: 24 
[6.411s][debug  ][gc,ergo        ] GC(23) avg_survived_padded_avg: 33275510.000000
[6.411s][debug  ][gc,ergo        ] GC(23) avg_promoted_padded_avg: 247908576.000000  avg_pretenured_padded_avg: 0.000000  tenuring_thresh: 1  target_size: 33554432
[6.411s][debug  ][gc,age         ] GC(23) Desired survivor size 33554432 bytes, new threshold 1 (max threshold 15)
[6.411s][debug  ][gc,ergo        ] GC(23) PSAdaptiveSizePolicy::compute_eden_space_size limits: desired_eden_size: 252314047 old_eden_size: 201326592 eden_limit: 201326592 cur_eden: 201326592 max_eden_size: 201326592 avg_young_live: 25280688
[6.411s][debug  ][gc,ergo        ] GC(23) PSAdaptiveSizePolicy::compute_eden_space_size: costs minor_time: 0.051518 major_cost: 0.030062 mutator_cost: 0.918420 throughput_goal: 0.990000
[6.411s][debug  ][gc,ergo        ] GC(23) Live_space: 829588096 free_space: 740294656
[6.411s][debug  ][gc,ergo        ] GC(23) Old eden_size: 201326592 desired_eden_size: 201326592
[6.411s][debug  ][gc,ergo        ] GC(23) AdaptiveSizeStop: collection: 24 
[6.411s][info   ][gc,heap        ] GC(23) PSYoungGen: 188144K(229376K)->30720K(229376K) Eden: 188144K(196608K)->0K(196608K) From: 0K(32768K)->30720K(32768K)
[6.411s][info   ][gc,heap        ] GC(23) ParOldGen: 421475K(1199104K)->575075K(1199104K)
[6.411s][info   ][gc,metaspace   ] GC(23) Metaspace: 1021K(1216K)->1021K(1216K) NonClass: 937K(1024K)->937K(1024K) Class: 83K(192K)->83K(192K)
[6.411s][info   ][gc             ] GC(23) Pause Young (Allocation Failure) 595M->591M(1395M) 15.286ms
[6.411s][info   ][gc,cpu         ] GC(23) User=0.00s Sys=0.00s Real=0.02s
[6.411s][debug  ][gc,heap        ] GC(23) Heap after GC invocations=24 (full 4):
[6.411s][debug  ][gc,heap        ] GC(23)  PSYoungGen      total 229376K, used 30720K [0x00000000f0000000, 0x0000000100000000, 0x0000000100000000)
[6.411s][debug  ][gc,heap        ] GC(23)   eden space 196608K, 0% used [0x00000000f0000000,0x00000000f0000000,0x00000000fc000000)
[6.411s][debug  ][gc,heap        ] GC(23)   from space 32768K, 93% used [0x00000000fe000000,0x00000000ffe00030,0x0000000100000000)
[6.411s][debug  ][gc,heap        ] GC(23)   to   space 32768K, 0% used [0x00000000fc000000,0x00000000fc000000,0x00000000fe000000)
[6.411s][debug  ][gc,heap        ] GC(23)  ParOldGen       total 1199104K, used 575075K [0x0000000080000000, 0x00000000c9300000, 0x00000000f0000000)
[6.411s][debug  ][gc,heap        ] GC(23)   object space 1199104K, 47% used [0x0000000080000000,0x00000000a3198f00,0x00000000c9300000)
[6.411s][debug  ][gc,heap        ] GC(23)  Metaspace       used 1021K, committed 1216K, reserved 1056768K
[6.411s][debug  ][gc,heap        ] GC(23)   class space    used 83K, committed 192K, reserved 1048576K
[6.411s][debug  ][gc,task,time   ] GC(23) VM-Thread 63953143 64087691 64114235
[6.696s][debug  ][gc,heap        ] GC(24) Heap before GC invocations=25 (full 4):
[6.697s][debug  ][gc,heap        ] GC(24)  PSYoungGen      total 229376K, used 218799K [0x00000000f0000000, 0x0000000100000000, 0x0000000100000000)
[6.697s][debug  ][gc,heap        ] GC(24)   eden space 196608K, 95% used [0x00000000f0000000,0x00000000fb7abe30,0x00000000fc000000)
[6.697s][debug  ][gc,heap        ] GC(24)   from space 32768K, 93% used [0x00000000fe000000,0x00000000ffe00030,0x0000000100000000)
[6.697s][debug  ][gc,heap        ] GC(24)   to   space 32768K, 0% used [0x00000000fc000000,0x00000000fc000000,0x00000000fe000000)
[6.697s][debug  ][gc,heap        ] GC(24)  ParOldGen       total 1199104K, used 575075K [0x0000000080000000, 0x00000000c9300000, 0x00000000f0000000)
[6.697s][debug  ][gc,heap        ] GC(24)   object space 1199104K, 47% used [0x0000000080000000,0x00000000a3198f00,0x00000000c9300000)
[6.697s][debug  ][gc,heap        ] GC(24)  Metaspace       used 1021K, committed 1216K, reserved 1056768K
[6.697s][debug  ][gc,heap        ] GC(24)   class space    used 83K, committed 192K, reserved 1048576K
[6.697s][debug  ][gc,tlab        ] GC(24) TLAB totals: thrds: 1  refills: 1 max: 1 slow allocs: 17 max 17 waste: 26.9% gc: 3849488B max: 3849488B slow: 0B max: 0B
[6.697s][info   ][gc,start       ] GC(24) Pause Young (Allocation Failure)
[6.697s][debug  ][gc,phases,start] GC(24) Scavenge
[6.712s][debug  ][gc,phases      ] GC(24) Scavenge 15.083ms
[6.712s][debug  ][gc,phases,start] GC(24) Reference Processing
[6.712s][debug  ][gc,ref         ] GC(24) Skipped phase 1 of Reference Processing: no references
[6.712s][debug  ][gc,ref         ] GC(24) Skipped phase 2 of Reference Processing: no references
[6.712s][debug  ][gc,ref         ] GC(24) Skipped phase 3 of Reference Processing: no references
[6.712s][debug  ][gc,ref         ] GC(24) Skipped phase 4 of Reference Processing: no references
[6.712s][debug  ][gc,phases,ref  ] GC(24) Reference Processing: 0.1ms
[6.712s][debug  ][gc,phases,ref  ] GC(24)   Reconsider SoftReferences: 0.0ms
[6.712s][debug  ][gc,phases,ref  ] GC(24)     SoftRef (ms):                  skipped
[6.712s][debug  ][gc,phases,ref  ] GC(24)   Notify Soft/WeakReferences: 0.0ms
[6.712s][debug  ][gc,phases,ref  ] GC(24)     SoftRef (ms):                  skipped
[6.712s][debug  ][gc,phases,ref  ] GC(24)     WeakRef (ms):                  skipped
[6.712s][debug  ][gc,phases,ref  ] GC(24)     FinalRef (ms):                 skipped
[6.712s][debug  ][gc,phases,ref  ] GC(24)     Total (ms):                    skipped
[6.712s][debug  ][gc,phases,ref  ] GC(24)   Notify and keep alive finalizable: 0.0ms
[6.712s][debug  ][gc,phases,ref  ] GC(24)     FinalRef (ms):                 skipped
[6.713s][debug  ][gc,phases,ref  ] GC(24)   Notify PhantomReferences: 0.0ms
[6.713s][debug  ][gc,phases,ref  ] GC(24)     PhantomRef (ms):               skipped
[6.713s][debug  ][gc,phases,ref  ] GC(24)   SoftReference:
[6.713s][debug  ][gc,phases,ref  ] GC(24)     Discovered: 0
[6.713s][debug  ][gc,phases,ref  ] GC(24)     Cleared: 0
[6.713s][debug  ][gc,phases,ref  ] GC(24)   WeakReference:
[6.713s][debug  ][gc,phases,ref  ] GC(24)     Discovered: 0
[6.713s][debug  ][gc,phases,ref  ] GC(24)     Cleared: 0
[6.713s][debug  ][gc,phases,ref  ] GC(24)   FinalReference:
[6.713s][debug  ][gc,phases,ref  ] GC(24)     Discovered: 0
[6.713s][debug  ][gc,phases,ref  ] GC(24)     Cleared: 0
[6.713s][debug  ][gc,phases,ref  ] GC(24)   PhantomReference:
[6.713s][debug  ][gc,phases,ref  ] GC(24)     Discovered: 0
[6.713s][debug  ][gc,phases,ref  ] GC(24)     Cleared: 0
[6.713s][debug  ][gc,phases      ] GC(24) Reference Processing 0.758ms
[6.713s][debug  ][gc,phases,start] GC(24) Weak Processing
[6.713s][debug  ][gc,phases      ] GC(24)   VM Weak                        Min:  0.0, Avg:  0.0, Max:  0.0, Diff:  0.0, Sum:  0.0, Workers: 6
[6.713s][debug  ][gc,phases      ] GC(24)     Dead                           Min: 0, Avg:  0.0, Max: 0, Diff: 0, Sum: 0, Workers: 6
[6.713s][debug  ][gc,phases      ] GC(24)     Total                          Min: 0, Avg:  1.3, Max: 8, Diff: 8, Sum: 8, Workers: 6
[6.713s][debug  ][gc,phases      ] GC(24)   ObjectSynchronizer Weak        Min:  0.0, Avg:  0.0, Max:  0.0, Diff:  0.0, Sum:  0.0, Workers: 6
[6.713s][debug  ][gc,phases      ] GC(24)     Dead                           Min: 0, Avg:  0.0, Max: 0, Diff: 0, Sum: 0, Workers: 6
[6.713s][debug  ][gc,phases      ] GC(24)     Total                          Min: 0, Avg:  0.5, Max: 3, Diff: 3, Sum: 3, Workers: 6
[6.713s][debug  ][gc,phases      ] GC(24)   JVMTI Tag Weak OopStorage      Min:  0.0, Avg:  0.0, Max:  0.0, Diff:  0.0, Sum:  0.0, Workers: 6
[6.713s][debug  ][gc,phases      ] GC(24)     Dead                           Min: 0, Avg:  0.0, Max: 0, Diff: 0, Sum: 0, Workers: 6
[6.713s][debug  ][gc,phases      ] GC(24)     Total                          Min: 0, Avg:  0.0, Max: 0, Diff: 0, Sum: 0, Workers: 6
[6.713s][debug  ][gc,phases      ] GC(24)   StringTable Weak               Min:  0.0, Avg:  0.0, Max:  0.0, Diff:  0.0, Sum:  0.0, Workers: 6
[6.713s][debug  ][gc,phases      ] GC(24)     Dead                           Min: 0, Avg:  0.0, Max: 0, Diff: 0, Sum: 0, Workers: 6
[6.713s][debug  ][gc,phases      ] GC(24)     Total                          Min: 767, Avg: 892.2, Max: 1024, Diff: 257, Sum: 5353, Workers: 6
[6.713s][debug  ][gc,phases      ] GC(24)   ResolvedMethodTable Weak       Min:  0.0, Avg:  0.0, Max:  0.0, Diff:  0.0, Sum:  0.0, Workers: 6
[6.713s][debug  ][gc,phases      ] GC(24)     Dead                           Min: 0, Avg:  0.0, Max: 0, Diff: 0, Sum: 0, Workers: 6
[6.713s][debug  ][gc,phases      ] GC(24)     Total                          Min: 0, Avg: 21.7, Max: 64, Diff: 64, Sum: 130, Workers: 6
[6.713s][debug  ][gc,phases      ] GC(24)   JNI Weak                       Min:  0.0, Avg:  0.0, Max:  0.0, Diff:  0.0, Sum:  0.0, Workers: 6
[6.713s][debug  ][gc,phases      ] GC(24)     Dead                           Min: 0, Avg:  0.0, Max: 0, Diff: 0, Sum: 0, Workers: 6
[6.713s][debug  ][gc,phases      ] GC(24)     Total                          Min: 0, Avg:  0.0, Max: 0, Diff: 0, Sum: 0, Workers: 6
[6.713s][debug  ][gc,phases      ] GC(24)   StringDedup Table Weak         Min:  0.0, Avg:  0.0, Max:  0.0, Diff:  0.0, Sum:  0.0, Workers: 6
[6.713s][debug  ][gc,phases      ] GC(24)     Dead                           Min: 0, Avg:  0.0, Max: 0, Diff: 0, Sum: 0, Workers: 6
[6.713s][debug  ][gc,phases      ] GC(24)     Total                          Min: 0, Avg:  0.0, Max: 0, Diff: 0, Sum: 0, Workers: 6
[6.713s][debug  ][gc,phases      ] GC(24)   StringDedup Requests0 Weak     Min:  0.0, Avg:  0.0, Max:  0.0, Diff:  0.0, Sum:  0.0, Workers: 6
[6.713s][debug  ][gc,phases      ] GC(24)     Dead                           Min: 0, Avg:  0.0, Max: 0, Diff: 0, Sum: 0, Workers: 6
[6.714s][debug  ][gc,phases      ] GC(24)     Total                          Min: 0, Avg:  0.0, Max: 0, Diff: 0, Sum: 0, Workers: 6
[6.714s][debug  ][gc,phases      ] GC(24)   StringDedup Requests1 Weak     Min:  0.0, Avg:  0.0, Max:  0.0, Diff:  0.0, Sum:  0.0, Workers: 6
[6.714s][debug  ][gc,phases      ] GC(24)     Dead                           Min: 0, Avg:  0.0, Max: 0, Diff: 0, Sum: 0, Workers: 6
[6.714s][debug  ][gc,phases      ] GC(24)     Total                          Min: 0, Avg:  0.0, Max: 0, Diff: 0, Sum: 0, Workers: 6
[6.714s][debug  ][gc,phases      ] GC(24)   Weak JFR Old Object Samples    Min:  0.0, Avg:  0.0, Max:  0.0, Diff:  0.0, Sum:  0.0, Workers: 6
[6.714s][debug  ][gc,phases      ] GC(24)     Dead                           Min: 0, Avg:  0.0, Max: 0, Diff: 0, Sum: 0, Workers: 6
[6.714s][debug  ][gc,phases      ] GC(24)     Total                          Min: 0, Avg:  0.0, Max: 0, Diff: 0, Sum: 0, Workers: 6
[6.714s][debug  ][gc,phases      ] GC(24) Weak Processing 0.819ms
[6.714s][debug  ][gc,ergo        ] GC(24) AdaptiveSizeStart:  collection: 25 
[6.714s][debug  ][gc,ergo        ] GC(24) avg_survived_padded_avg: 33185356.000000
[6.714s][debug  ][gc,ergo        ] GC(24) avg_promoted_padded_avg: 249894864.000000  avg_pretenured_padded_avg: 0.000000  tenuring_thresh: 1  target_size: 33554432
[6.714s][debug  ][gc,age         ] GC(24) Desired survivor size 33554432 bytes, new threshold 1 (max threshold 15)
[6.714s][debug  ][gc,ergo        ] GC(24) PSAdaptiveSizePolicy::compute_eden_space_size limits: desired_eden_size: 252669046 old_eden_size: 201326592 eden_limit: 201326592 cur_eden: 201326592 max_eden_size: 201326592 avg_young_live: 25898352
[6.714s][debug  ][gc,ergo        ] GC(24) PSAdaptiveSizePolicy::compute_eden_space_size: costs minor_time: 0.052503 major_cost: 0.030062 mutator_cost: 0.917435 throughput_goal: 0.990000
[6.714s][debug  ][gc,ergo        ] GC(24) Live_space: 830205824 free_space: 740294656
[6.714s][debug  ][gc,ergo        ] GC(24) Old eden_size: 201326592 desired_eden_size: 201326592
[6.714s][debug  ][gc,ergo        ] GC(24) AdaptiveSizeStop: collection: 25 
[6.714s][info   ][gc,heap        ] GC(24) PSYoungGen: 218799K(229376K)->30720K(229376K) Eden: 188079K(196608K)->0K(196608K) From: 30720K(32768K)->30720K(32768K)
[6.714s][info   ][gc,heap        ] GC(24) ParOldGen: 575075K(1199104K)->759396K(1199104K)
[6.714s][info   ][gc,metaspace   ] GC(24) Metaspace: 1021K(1216K)->1021K(1216K) NonClass: 937K(1024K)->937K(1024K) Class: 83K(192K)->83K(192K)
[6.714s][info   ][gc             ] GC(24) Pause Young (Allocation Failure) 775M->771M(1395M) 17.170ms
[6.714s][info   ][gc,cpu         ] GC(24) User=0.16s Sys=0.00s Real=0.02s
[6.714s][debug  ][gc,heap        ] GC(24) Heap after GC invocations=25 (full 4):
[6.714s][debug  ][gc,heap        ] GC(24)  PSYoungGen      total 229376K, used 30720K [0x00000000f0000000, 0x0000000100000000, 0x0000000100000000)
[6.714s][debug  ][gc,heap        ] GC(24)   eden space 196608K, 0% used [0x00000000f0000000,0x00000000f0000000,0x00000000fc000000)
[6.714s][debug  ][gc,heap        ] GC(24)   from space 32768K, 93% used [0x00000000fc000000,0x00000000fde00030,0x00000000fe000000)
[6.714s][debug  ][gc,heap        ] GC(24)   to   space 32768K, 0% used [0x00000000fe000000,0x00000000fe000000,0x0000000100000000)
[6.714s][debug  ][gc,heap        ] GC(24)  ParOldGen       total 1199104K, used 759396K [0x0000000080000000, 0x00000000c9300000, 0x00000000f0000000)
[6.714s][debug  ][gc,heap        ] GC(24)   object space 1199104K, 63% used [0x0000000080000000,0x00000000ae599020,0x00000000c9300000)
[6.714s][debug  ][gc,heap        ] GC(24)  Metaspace       used 1021K, committed 1216K, reserved 1056768K
[6.714s][debug  ][gc,heap        ] GC(24)   class space    used 83K, committed 192K, reserved 1048576K
[6.714s][debug  ][gc,task,time   ] GC(24) VM-Thread 66964066 67120806 67143010
[6.999s][debug  ][gc,heap        ] GC(25) Heap before GC invocations=26 (full 4):
[6.999s][debug  ][gc,heap        ] GC(25)  PSYoungGen      total 229376K, used 218832K [0x00000000f0000000, 0x0000000100000000, 0x0000000100000000)
[6.999s][debug  ][gc,heap        ] GC(25)   eden space 196608K, 95% used [0x00000000f0000000,0x00000000fb7b4230,0x00000000fc000000)
[6.999s][debug  ][gc,heap        ] GC(25)   from space 32768K, 93% used [0x00000000fc000000,0x00000000fde00030,0x00000000fe000000)
[6.999s][debug  ][gc,heap        ] GC(25)   to   space 32768K, 0% used [0x00000000fe000000,0x00000000fe000000,0x0000000100000000)
[6.999s][debug  ][gc,heap        ] GC(25)  ParOldGen       total 1199104K, used 759396K [0x0000000080000000, 0x00000000c9300000, 0x00000000f0000000)
[6.999s][debug  ][gc,heap        ] GC(25)   object space 1199104K, 63% used [0x0000000080000000,0x00000000ae599020,0x00000000c9300000)
[6.999s][debug  ][gc,heap        ] GC(25)  Metaspace       used 1021K, committed 1216K, reserved 1056768K
[6.999s][debug  ][gc,heap        ] GC(25)   class space    used 83K, committed 192K, reserved 1048576K
[6.999s][debug  ][gc,tlab        ] GC(25) TLAB totals: thrds: 1  refills: 1 max: 1 slow allocs: 17 max 17 waste: 27.0% gc: 3883280B max: 3883280B slow: 0B max: 0B
[6.999s][info   ][gc,start       ] GC(25) Pause Young (Allocation Failure)
[6.999s][debug  ][gc,phases,start] GC(25) Scavenge
[7.014s][debug  ][gc,phases      ] GC(25) Scavenge 14.671ms
[7.014s][debug  ][gc,phases,start] GC(25) Reference Processing
[7.014s][debug  ][gc,ref         ] GC(25) Skipped phase 1 of Reference Processing: no references
[7.014s][debug  ][gc,ref         ] GC(25) Skipped phase 2 of Reference Processing: no references
[7.014s][debug  ][gc,ref         ] GC(25) Skipped phase 3 of Reference Processing: no references
[7.014s][debug  ][gc,ref         ] GC(25) Skipped phase 4 of Reference Processing: no references
[7.014s][debug  ][gc,phases,ref  ] GC(25) Reference Processing: 0.1ms
[7.014s][debug  ][gc,phases,ref  ] GC(25)   Reconsider SoftReferences: 0.0ms
[7.014s][debug  ][gc,phases,ref  ] GC(25)     SoftRef (ms):                  skipped
[7.014s][debug  ][gc,phases,ref  ] GC(25)   Notify Soft/WeakReferences: 0.0ms
[7.014s][debug  ][gc,phases,ref  ] GC(25)     SoftRef (ms):                  skipped
[7.014s][debug  ][gc,phases,ref  ] GC(25)     WeakRef (ms):                  skipped
[7.014s][debug  ][gc,phases,ref  ] GC(25)     FinalRef (ms):                 skipped
[7.014s][debug  ][gc,phases,ref  ] GC(25)     Total (ms):                    skipped
[7.014s][debug  ][gc,phases,ref  ] GC(25)   Notify and keep alive finalizable: 0.0ms
[7.014s][debug  ][gc,phases,ref  ] GC(25)     FinalRef (ms):                 skipped
[7.014s][debug  ][gc,phases,ref  ] GC(25)   Notify PhantomReferences: 0.0ms
[7.014s][debug  ][gc,phases,ref  ] GC(25)     PhantomRef (ms):               skipped
[7.014s][debug  ][gc,phases,ref  ] GC(25)   SoftReference:
[7.014s][debug  ][gc,phases,ref  ] GC(25)     Discovered: 0
[7.014s][debug  ][gc,phases,ref  ] GC(25)     Cleared: 0
[7.014s][debug  ][gc,phases,ref  ] GC(25)   WeakReference:
[7.014s][debug  ][gc,phases,ref  ] GC(25)     Discovered: 0
[7.014s][debug  ][gc,phases,ref  ] GC(25)     Cleared: 0
[7.014s][debug  ][gc,phases,ref  ] GC(25)   FinalReference:
[7.014s][debug  ][gc,phases,ref  ] GC(25)     Discovered: 0
[7.014s][debug  ][gc,phases,ref  ] GC(25)     Cleared: 0
[7.014s][debug  ][gc,phases,ref  ] GC(25)   PhantomReference:
[7.014s][debug  ][gc,phases,ref  ] GC(25)     Discovered: 0
[7.014s][debug  ][gc,phases,ref  ] GC(25)     Cleared: 0
[7.014s][debug  ][gc,phases      ] GC(25) Reference Processing 0.741ms
[7.014s][debug  ][gc,phases,start] GC(25) Weak Processing
[7.015s][debug  ][gc,phases      ] GC(25)   VM Weak                        Min:  0.0, Avg:  0.0, Max:  0.0, Diff:  0.0, Sum:  0.0, Workers: 6
[7.015s][debug  ][gc,phases      ] GC(25)     Dead                           Min: 0, Avg:  0.0, Max: 0, Diff: 0, Sum: 0, Workers: 6
[7.015s][debug  ][gc,phases      ] GC(25)     Total                          Min: 0, Avg:  1.3, Max: 8, Diff: 8, Sum: 8, Workers: 6
[7.015s][debug  ][gc,phases      ] GC(25)   ObjectSynchronizer Weak        Min:  0.0, Avg:  0.0, Max:  0.0, Diff:  0.0, Sum:  0.0, Workers: 6
[7.015s][debug  ][gc,phases      ] GC(25)     Dead                           Min: 0, Avg:  0.0, Max: 0, Diff: 0, Sum: 0, Workers: 6
[7.015s][debug  ][gc,phases      ] GC(25)     Total                          Min: 0, Avg:  0.5, Max: 3, Diff: 3, Sum: 3, Workers: 6
[7.015s][debug  ][gc,phases      ] GC(25)   JVMTI Tag Weak OopStorage      Min:  0.0, Avg:  0.0, Max:  0.0, Diff:  0.0, Sum:  0.0, Workers: 6
[7.015s][debug  ][gc,phases      ] GC(25)     Dead                           Min: 0, Avg:  0.0, Max: 0, Diff: 0, Sum: 0, Workers: 6
[7.015s][debug  ][gc,phases      ] GC(25)     Total                          Min: 0, Avg:  0.0, Max: 0, Diff: 0, Sum: 0, Workers: 6
[7.015s][debug  ][gc,phases      ] GC(25)   StringTable Weak               Min:  0.0, Avg:  0.0, Max:  0.0, Diff:  0.0, Sum:  0.0, Workers: 6
[7.015s][debug  ][gc,phases      ] GC(25)     Dead                           Min: 0, Avg:  0.0, Max: 0, Diff: 0, Sum: 0, Workers: 6
[7.015s][debug  ][gc,phases      ] GC(25)     Total                          Min: 640, Avg: 892.2, Max: 1408, Diff: 768, Sum: 5353, Workers: 6
[7.015s][debug  ][gc,phases      ] GC(25)   ResolvedMethodTable Weak       Min:  0.0, Avg:  0.0, Max:  0.0, Diff:  0.0, Sum:  0.0, Workers: 6
[7.015s][debug  ][gc,phases      ] GC(25)     Dead                           Min: 0, Avg:  0.0, Max: 0, Diff: 0, Sum: 0, Workers: 6
[7.015s][debug  ][gc,phases      ] GC(25)     Total                          Min: 0, Avg: 21.7, Max: 64, Diff: 64, Sum: 130, Workers: 6
[7.015s][debug  ][gc,phases      ] GC(25)   JNI Weak                       Min:  0.0, Avg:  0.0, Max:  0.0, Diff:  0.0, Sum:  0.0, Workers: 6
[7.015s][debug  ][gc,phases      ] GC(25)     Dead                           Min: 0, Avg:  0.0, Max: 0, Diff: 0, Sum: 0, Workers: 6
[7.015s][debug  ][gc,phases      ] GC(25)     Total                          Min: 0, Avg:  0.0, Max: 0, Diff: 0, Sum: 0, Workers: 6
[7.015s][debug  ][gc,phases      ] GC(25)   StringDedup Table Weak         Min:  0.0, Avg:  0.0, Max:  0.0, Diff:  0.0, Sum:  0.0, Workers: 6
[7.015s][debug  ][gc,phases      ] GC(25)     Dead                           Min: 0, Avg:  0.0, Max: 0, Diff: 0, Sum: 0, Workers: 6
[7.015s][debug  ][gc,phases      ] GC(25)     Total                          Min: 0, Avg:  0.0, Max: 0, Diff: 0, Sum: 0, Workers: 6
[7.015s][debug  ][gc,phases      ] GC(25)   StringDedup Requests0 Weak     Min:  0.0, Avg:  0.0, Max:  0.0, Diff:  0.0, Sum:  0.0, Workers: 6
[7.015s][debug  ][gc,phases      ] GC(25)     Dead                           Min: 0, Avg:  0.0, Max: 0, Diff: 0, Sum: 0, Workers: 6
[7.015s][debug  ][gc,phases      ] GC(25)     Total                          Min: 0, Avg:  0.0, Max: 0, Diff: 0, Sum: 0, Workers: 6
[7.015s][debug  ][gc,phases      ] GC(25)   StringDedup Requests1 Weak     Min:  0.0, Avg:  0.0, Max:  0.0, Diff:  0.0, Sum:  0.0, Workers: 6
[7.015s][debug  ][gc,phases      ] GC(25)     Dead                           Min: 0, Avg:  0.0, Max: 0, Diff: 0, Sum: 0, Workers: 6
[7.015s][debug  ][gc,phases      ] GC(25)     Total                          Min: 0, Avg:  0.0, Max: 0, Diff: 0, Sum: 0, Workers: 6
[7.015s][debug  ][gc,phases      ] GC(25)   Weak JFR Old Object Samples    Min:  0.0, Avg:  0.0, Max:  0.0, Diff:  0.0, Sum:  0.0, Workers: 6
[7.015s][debug  ][gc,phases      ] GC(25)     Dead                           Min: 0, Avg:  0.0, Max: 0, Diff: 0, Sum: 0, Workers: 6
[7.015s][debug  ][gc,phases      ] GC(25)     Total                          Min: 0, Avg:  0.0, Max: 0, Diff: 0, Sum: 0, Workers: 6
[7.015s][debug  ][gc,phases      ] GC(25) Weak Processing 0.811ms
[7.015s][debug  ][gc,ergo        ] GC(25) AdaptiveSizeStart:  collection: 26 
[7.015s][debug  ][gc,ergo        ] GC(25) avg_survived_padded_avg: 33095048.000000
[7.015s][debug  ][gc,ergo        ] GC(25) avg_promoted_padded_avg: 250892256.000000  avg_pretenured_padded_avg: 0.000000  tenuring_thresh: 1  target_size: 33554432
[7.015s][debug  ][gc,age         ] GC(25) Desired survivor size 33554432 bytes, new threshold 1 (max threshold 15)
[7.015s][debug  ][gc,ergo        ] GC(25) PSAdaptiveSizePolicy::compute_eden_space_size limits: desired_eden_size: 252823645 old_eden_size: 201326592 eden_limit: 201326592 cur_eden: 201326592 max_eden_size: 201326592 avg_young_live: 26454248
[7.015s][debug  ][gc,ergo        ] GC(25) PSAdaptiveSizePolicy::compute_eden_space_size: costs minor_time: 0.052939 major_cost: 0.030062 mutator_cost: 0.916999 throughput_goal: 0.990000
[7.015s][debug  ][gc,ergo        ] GC(25) Live_space: 830761664 free_space: 740294656
[7.015s][debug  ][gc,ergo        ] GC(25) Old eden_size: 201326592 desired_eden_size: 201326592
[7.016s][debug  ][gc,ergo        ] GC(25) AdaptiveSizeStop: collection: 26 
[7.016s][info   ][gc,heap        ] GC(25) PSYoungGen: 218832K(229376K)->30720K(229376K) Eden: 188112K(196608K)->0K(196608K) From: 30720K(32768K)->30720K(32768K)
[7.016s][info   ][gc,heap        ] GC(25) ParOldGen: 759396K(1199104K)->943716K(1199104K)
[7.016s][info   ][gc,metaspace   ] GC(25) Metaspace: 1021K(1216K)->1021K(1216K) NonClass: 937K(1024K)->937K(1024K) Class: 83K(192K)->83K(192K)
[7.016s][info   ][gc             ] GC(25) Pause Young (Allocation Failure) 955M->951M(1395M) 16.713ms
[7.016s][info   ][gc,cpu         ] GC(25) User=0.16s Sys=0.00s Real=0.02s
[7.016s][debug  ][gc,heap        ] GC(25) Heap after GC invocations=26 (full 4):
[7.016s][debug  ][gc,heap        ] GC(25)  PSYoungGen      total 229376K, used 30720K [0x00000000f0000000, 0x0000000100000000, 0x0000000100000000)
[7.016s][debug  ][gc,heap        ] GC(25)   eden space 196608K, 0% used [0x00000000f0000000,0x00000000f0000000,0x00000000fc000000)
[7.016s][debug  ][gc,heap        ] GC(25)   from space 32768K, 93% used [0x00000000fe000000,0x00000000ffe00030,0x0000000100000000)
[7.016s][debug  ][gc,heap        ] GC(25)   to   space 32768K, 0% used [0x00000000fc000000,0x00000000fc000000,0x00000000fe000000)
[7.016s][debug  ][gc,heap        ] GC(25)  ParOldGen       total 1199104K, used 943716K [0x0000000080000000, 0x00000000c9300000, 0x00000000f0000000)
[7.016s][debug  ][gc,heap        ] GC(25)   object space 1199104K, 78% used [0x0000000080000000,0x00000000b9999140,0x00000000c9300000)
[7.016s][debug  ][gc,heap        ] GC(25)  Metaspace       used 1021K, committed 1216K, reserved 1056768K
[7.016s][debug  ][gc,heap        ] GC(25)   class space    used 83K, committed 192K, reserved 1048576K
[7.016s][debug  ][gc,task,time   ] GC(25) VM-Thread 69984987 70137175 70158982
[7.301s][debug  ][gc,heap        ] GC(26) Heap before GC invocations=27 (full 4):
[7.301s][debug  ][gc,heap        ] GC(26)  PSYoungGen      total 229376K, used 218853K [0x00000000f0000000, 0x0000000100000000, 0x0000000100000000)
[7.301s][debug  ][gc,heap        ] GC(26)   eden space 196608K, 95% used [0x00000000f0000000,0x00000000fb7b9710,0x00000000fc000000)
[7.301s][debug  ][gc,heap        ] GC(26)   from space 32768K, 93% used [0x00000000fe000000,0x00000000ffe00030,0x0000000100000000)
[7.301s][debug  ][gc,heap        ] GC(26)   to   space 32768K, 0% used [0x00000000fc000000,0x00000000fc000000,0x00000000fe000000)
[7.301s][debug  ][gc,heap        ] GC(26)  ParOldGen       total 1199104K, used 943716K [0x0000000080000000, 0x00000000c9300000, 0x00000000f0000000)
[7.301s][debug  ][gc,heap        ] GC(26)   object space 1199104K, 78% used [0x0000000080000000,0x00000000b9999140,0x00000000c9300000)
[7.301s][debug  ][gc,heap        ] GC(26)  Metaspace       used 1021K, committed 1216K, reserved 1056768K
[7.301s][debug  ][gc,heap        ] GC(26)   class space    used 83K, committed 192K, reserved 1048576K
[7.301s][debug  ][gc,tlab        ] GC(26) TLAB totals: thrds: 1  refills: 1 max: 1 slow allocs: 17 max 17 waste: 27.1% gc: 3903840B max: 3903840B slow: 0B max: 0B
[7.301s][info   ][gc,start       ] GC(26) Pause Young (Allocation Failure)
[7.302s][debug  ][gc,phases,start] GC(26) Scavenge
[7.311s][debug  ][gc,phases      ] GC(26) Scavenge 9.440ms
[7.311s][debug  ][gc,phases,start] GC(26) Reference Processing
[7.311s][debug  ][gc,ref         ] GC(26) Skipped phase 1 of Reference Processing: no references
[7.311s][debug  ][gc,ref         ] GC(26) Skipped phase 2 of Reference Processing: no references
[7.311s][debug  ][gc,ref         ] GC(26) Skipped phase 3 of Reference Processing: no references
[7.311s][debug  ][gc,ref         ] GC(26) Skipped phase 4 of Reference Processing: no references
[7.311s][debug  ][gc,phases,ref  ] GC(26) Reference Processing: 0.1ms
[7.311s][debug  ][gc,phases,ref  ] GC(26)   Reconsider SoftReferences: 0.0ms
[7.311s][debug  ][gc,phases,ref  ] GC(26)     SoftRef (ms):                  skipped
[7.311s][debug  ][gc,phases,ref  ] GC(26)   Notify Soft/WeakReferences: 0.0ms
[7.311s][debug  ][gc,phases,ref  ] GC(26)     SoftRef (ms):                  skipped
[7.311s][debug  ][gc,phases,ref  ] GC(26)     WeakRef (ms):                  skipped
[7.311s][debug  ][gc,phases,ref  ] GC(26)     FinalRef (ms):                 skipped
[7.311s][debug  ][gc,phases,ref  ] GC(26)     Total (ms):                    skipped
[7.311s][debug  ][gc,phases,ref  ] GC(26)   Notify and keep alive finalizable: 0.0ms
[7.311s][debug  ][gc,phases,ref  ] GC(26)     FinalRef (ms):                 skipped
[7.311s][debug  ][gc,phases,ref  ] GC(26)   Notify PhantomReferences: 0.0ms
[7.311s][debug  ][gc,phases,ref  ] GC(26)     PhantomRef (ms):               skipped
[7.312s][debug  ][gc,phases,ref  ] GC(26)   SoftReference:
[7.312s][debug  ][gc,phases,ref  ] GC(26)     Discovered: 0
[7.312s][debug  ][gc,phases,ref  ] GC(26)     Cleared: 0
[7.312s][debug  ][gc,phases,ref  ] GC(26)   WeakReference:
[7.312s][debug  ][gc,phases,ref  ] GC(26)     Discovered: 0
[7.312s][debug  ][gc,phases,ref  ] GC(26)     Cleared: 0
[7.312s][debug  ][gc,phases,ref  ] GC(26)   FinalReference:
[7.312s][debug  ][gc,phases,ref  ] GC(26)     Discovered: 0
[7.312s][debug  ][gc,phases,ref  ] GC(26)     Cleared: 0
[7.312s][debug  ][gc,phases,ref  ] GC(26)   PhantomReference:
[7.312s][debug  ][gc,phases,ref  ] GC(26)     Discovered: 0
[7.312s][debug  ][gc,phases,ref  ] GC(26)     Cleared: 0
[7.312s][debug  ][gc,phases      ] GC(26) Reference Processing 0.744ms
[7.312s][debug  ][gc,phases,start] GC(26) Weak Processing
[7.312s][debug  ][gc,phases      ] GC(26)   VM Weak                        Min:  0.0, Avg:  0.0, Max:  0.0, Diff:  0.0, Sum:  0.0, Workers: 6
[7.312s][debug  ][gc,phases      ] GC(26)     Dead                           Min: 0, Avg:  0.0, Max: 0, Diff: 0, Sum: 0, Workers: 6
[7.312s][debug  ][gc,phases      ] GC(26)     Total                          Min: 0, Avg:  1.3, Max: 8, Diff: 8, Sum: 8, Workers: 6
[7.312s][debug  ][gc,phases      ] GC(26)   ObjectSynchronizer Weak        Min:  0.0, Avg:  0.0, Max:  0.0, Diff:  0.0, Sum:  0.0, Workers: 6
[7.312s][debug  ][gc,phases      ] GC(26)     Dead                           Min: 0, Avg:  0.0, Max: 0, Diff: 0, Sum: 0, Workers: 6
[7.312s][debug  ][gc,phases      ] GC(26)     Total                          Min: 0, Avg:  0.5, Max: 3, Diff: 3, Sum: 3, Workers: 6
[7.312s][debug  ][gc,phases      ] GC(26)   JVMTI Tag Weak OopStorage      Min:  0.0, Avg:  0.0, Max:  0.0, Diff:  0.0, Sum:  0.0, Workers: 6
[7.312s][debug  ][gc,phases      ] GC(26)     Dead                           Min: 0, Avg:  0.0, Max: 0, Diff: 0, Sum: 0, Workers: 6
[7.312s][debug  ][gc,phases      ] GC(26)     Total                          Min: 0, Avg:  0.0, Max: 0, Diff: 0, Sum: 0, Workers: 6
[7.312s][debug  ][gc,phases      ] GC(26)   StringTable Weak               Min:  0.0, Avg:  0.0, Max:  0.0, Diff:  0.0, Sum:  0.0, Workers: 6
[7.312s][debug  ][gc,phases      ] GC(26)     Dead                           Min: 0, Avg:  0.0, Max: 0, Diff: 0, Sum: 0, Workers: 6
[7.312s][debug  ][gc,phases      ] GC(26)     Total                          Min: 576, Avg: 892.2, Max: 1130, Diff: 554, Sum: 5353, Workers: 6
[7.312s][debug  ][gc,phases      ] GC(26)   ResolvedMethodTable Weak       Min:  0.0, Avg:  0.0, Max:  0.0, Diff:  0.0, Sum:  0.0, Workers: 6
[7.312s][debug  ][gc,phases      ] GC(26)     Dead                           Min: 0, Avg:  0.0, Max: 0, Diff: 0, Sum: 0, Workers: 6
[7.312s][debug  ][gc,phases      ] GC(26)     Total                          Min: 0, Avg: 21.7, Max: 64, Diff: 64, Sum: 130, Workers: 6
[7.312s][debug  ][gc,phases      ] GC(26)   JNI Weak                       Min:  0.0, Avg:  0.0, Max:  0.0, Diff:  0.0, Sum:  0.0, Workers: 6
[7.312s][debug  ][gc,phases      ] GC(26)     Dead                           Min: 0, Avg:  0.0, Max: 0, Diff: 0, Sum: 0, Workers: 6
[7.312s][debug  ][gc,phases      ] GC(26)     Total                          Min: 0, Avg:  0.0, Max: 0, Diff: 0, Sum: 0, Workers: 6
[7.312s][debug  ][gc,phases      ] GC(26)   StringDedup Table Weak         Min:  0.0, Avg:  0.0, Max:  0.0, Diff:  0.0, Sum:  0.0, Workers: 6
[7.312s][debug  ][gc,phases      ] GC(26)     Dead                           Min: 0, Avg:  0.0, Max: 0, Diff: 0, Sum: 0, Workers: 6
[7.312s][debug  ][gc,phases      ] GC(26)     Total                          Min: 0, Avg:  0.0, Max: 0, Diff: 0, Sum: 0, Workers: 6
[7.312s][debug  ][gc,phases      ] GC(26)   StringDedup Requests0 Weak     Min:  0.0, Avg:  0.0, Max:  0.0, Diff:  0.0, Sum:  0.0, Workers: 6
[7.312s][debug  ][gc,phases      ] GC(26)     Dead                           Min: 0, Avg:  0.0, Max: 0, Diff: 0, Sum: 0, Workers: 6
[7.313s][debug  ][gc,phases      ] GC(26)     Total                          Min: 0, Avg:  0.0, Max: 0, Diff: 0, Sum: 0, Workers: 6
[7.313s][debug  ][gc,phases      ] GC(26)   StringDedup Requests1 Weak     Min:  0.0, Avg:  0.0, Max:  0.0, Diff:  0.0, Sum:  0.0, Workers: 6
[7.313s][debug  ][gc,phases      ] GC(26)     Dead                           Min: 0, Avg:  0.0, Max: 0, Diff: 0, Sum: 0, Workers: 6
[7.313s][debug  ][gc,phases      ] GC(26)     Total                          Min: 0, Avg:  0.0, Max: 0, Diff: 0, Sum: 0, Workers: 6
[7.313s][debug  ][gc,phases      ] GC(26)   Weak JFR Old Object Samples    Min:  0.0, Avg:  0.0, Max:  0.0, Diff:  0.0, Sum:  0.0, Workers: 6
[7.313s][debug  ][gc,phases      ] GC(26)     Dead                           Min: 0, Avg:  0.0, Max: 0, Diff: 0, Sum: 0, Workers: 6
[7.313s][debug  ][gc,phases      ] GC(26)     Total                          Min: 0, Avg:  0.0, Max: 0, Diff: 0, Sum: 0, Workers: 6
[7.313s][debug  ][gc,phases      ] GC(26) Weak Processing 0.878ms
[7.313s][debug  ][gc,ergo        ] GC(26) AdaptiveSizeStart:  collection: 27 
[7.313s][debug  ][gc,ergo        ] GC(26) avg_survived_padded_avg: 33005522.000000
[7.313s][debug  ][gc,ergo        ] GC(26) avg_promoted_padded_avg: 252536848.000000  avg_pretenured_padded_avg: 0.000000  tenuring_thresh: 1  target_size: 33030144
[7.313s][debug  ][gc,age         ] GC(26) Desired survivor size 33030144 bytes, new threshold 1 (max threshold 15)
[7.313s][debug  ][gc,ergo        ] GC(26) PSAdaptiveSizePolicy::compute_eden_space_size limits: desired_eden_size: 251409869 old_eden_size: 201326592 eden_limit: 201326592 cur_eden: 201326592 max_eden_size: 201326592 avg_young_live: 26954556
[7.313s][debug  ][gc,ergo        ] GC(26) PSAdaptiveSizePolicy::compute_eden_space_size: costs minor_time: 0.049112 major_cost: 0.030062 mutator_cost: 0.920826 throughput_goal: 0.990000
[7.313s][debug  ][gc,ergo        ] GC(26) Live_space: 831261952 free_space: 740294656
[7.313s][debug  ][gc,ergo        ] GC(26) Old eden_size: 201326592 desired_eden_size: 201326592
[7.313s][debug  ][gc,ergo        ] GC(26) AdaptiveSizeStop: collection: 27 
[7.313s][info   ][gc,heap        ] GC(26) PSYoungGen: 218853K(229376K)->30720K(229376K) Eden: 188133K(196608K)->0K(196608K) From: 30720K(32768K)->30720K(32768K)
[7.313s][info   ][gc,heap        ] GC(26) ParOldGen: 943716K(1199104K)->1046116K(1199104K)
[7.313s][info   ][gc,metaspace   ] GC(26) Metaspace: 1021K(1216K)->1021K(1216K) NonClass: 937K(1024K)->937K(1024K) Class: 83K(192K)->83K(192K)
[7.313s][info   ][gc             ] GC(26) Pause Young (Allocation Failure) 1135M->1051M(1395M) 11.586ms
[7.313s][info   ][gc,cpu         ] GC(26) User=0.16s Sys=0.00s Real=0.01s
[7.313s][debug  ][gc,heap        ] GC(26) Heap after GC invocations=27 (full 4):
[7.313s][debug  ][gc,heap        ] GC(26)  PSYoungGen      total 229376K, used 30720K [0x00000000f0000000, 0x0000000100000000, 0x0000000100000000)
[7.313s][debug  ][gc,heap        ] GC(26)   eden space 196608K, 0% used [0x00000000f0000000,0x00000000f0000000,0x00000000fc000000)
[7.313s][debug  ][gc,heap        ] GC(26)   from space 32768K, 93% used [0x00000000fc000000,0x00000000fde00030,0x00000000fe000000)
[7.313s][debug  ][gc,heap        ] GC(26)   to   space 32256K, 0% used [0x00000000fe080000,0x00000000fe080000,0x0000000100000000)
[7.313s][debug  ][gc,heap        ] GC(26)  ParOldGen       total 1199104K, used 1046116K [0x0000000080000000, 0x00000000c9300000, 0x00000000f0000000)
[7.313s][debug  ][gc,heap        ] GC(26)   object space 1199104K, 87% used [0x0000000080000000,0x00000000bfd991e0,0x00000000c9300000)
[7.313s][debug  ][gc,heap        ] GC(26)  Metaspace       used 1021K, committed 1216K, reserved 1056768K
[7.313s][debug  ][gc,heap        ] GC(26)   class space    used 83K, committed 192K, reserved 1048576K
[7.313s][debug  ][gc,task,time   ] GC(26) VM-Thread 73010779 73110598 73133902
[7.313s][debug  ][gc,phases,start] GC(27) Pre Compact
[7.313s][debug  ][gc,heap        ] GC(27) Heap before GC invocations=28 (full 5):
[7.313s][debug  ][gc,heap        ] GC(27)  PSYoungGen      total 229376K, used 30720K [0x00000000f0000000, 0x0000000100000000, 0x0000000100000000)
[7.313s][debug  ][gc,heap        ] GC(27)   eden space 196608K, 0% used [0x00000000f0000000,0x00000000f0000000,0x00000000fc000000)
[7.314s][debug  ][gc,heap        ] GC(27)   from space 32768K, 93% used [0x00000000fc000000,0x00000000fde00030,0x00000000fe000000)
[7.314s][debug  ][gc,heap        ] GC(27)   to   space 32256K, 0% used [0x00000000fe080000,0x00000000fe080000,0x0000000100000000)
[7.314s][debug  ][gc,heap        ] GC(27)  ParOldGen       total 1199104K, used 1046116K [0x0000000080000000, 0x00000000c9300000, 0x00000000f0000000)
[7.314s][debug  ][gc,heap        ] GC(27)   object space 1199104K, 87% used [0x0000000080000000,0x00000000bfd991e0,0x00000000c9300000)
[7.314s][debug  ][gc,heap        ] GC(27)  Metaspace       used 1021K, committed 1216K, reserved 1056768K
[7.314s][debug  ][gc,heap        ] GC(27)   class space    used 83K, committed 192K, reserved 1048576K
[7.314s][debug  ][gc,phases      ] GC(27) Pre Compact 0.266ms
[7.314s][info   ][gc,start       ] GC(27) Pause Full (Ergonomics)
[7.314s][info   ][gc,phases,start] GC(27) Marking Phase
[7.314s][debug  ][gc,phases,start] GC(27) Par Mark
[7.314s][debug  ][gc,phases      ] GC(27) Par Mark 0.619ms
[7.314s][debug  ][gc,phases,start] GC(27) Reference Processing
[7.314s][debug  ][gc,ref         ] GC(27) Skipped phase 1 of Reference Processing: no references
[7.314s][debug  ][gc,ref         ] GC(27) ReferenceProcessor::execute queues: 1, RefProcThreadModel::Single, marks_oops_alive: false
[7.315s][debug  ][gc,ref         ] GC(27) Skipped phase 3 of Reference Processing: no references
[7.315s][debug  ][gc,ref         ] GC(27) ReferenceProcessor::execute queues: 1, RefProcThreadModel::Single, marks_oops_alive: false
[7.315s][debug  ][gc,phases,ref  ] GC(27) Reference Processing: 0.1ms
[7.315s][debug  ][gc,phases,ref  ] GC(27)   Reconsider SoftReferences: 0.0ms
[7.315s][debug  ][gc,phases,ref  ] GC(27)     SoftRef (ms):                  skipped
[7.315s][debug  ][gc,phases,ref  ] GC(27)   Notify Soft/WeakReferences: 0.0ms
[7.315s][debug  ][gc,phases,ref  ] GC(27)     SoftRef (ms):                  Min:  0.0, Avg:  0.0, Max:  0.0, Diff:  0.0, Sum:  0.0, Workers: 10
[7.315s][debug  ][gc,phases,ref  ] GC(27)     WeakRef (ms):                  Min:  0.0, Avg:  0.0, Max:  0.0, Diff:  0.0, Sum:  0.0, Workers: 10
[7.315s][debug  ][gc,phases,ref  ] GC(27)     FinalRef (ms):                 Min:  0.0, Avg:  0.0, Max:  0.0, Diff:  0.0, Sum:  0.0, Workers: 10
[7.315s][debug  ][gc,phases,ref  ] GC(27)     Total (ms):                    Min:  0.0, Avg:  0.0, Max:  0.0, Diff:  0.0, Sum:  0.0, Workers: 10
[7.315s][debug  ][gc,phases,ref  ] GC(27)   Notify and keep alive finalizable: 0.0ms
[7.315s][debug  ][gc,phases,ref  ] GC(27)     FinalRef (ms):                 skipped
[7.315s][debug  ][gc,phases,ref  ] GC(27)   Notify PhantomReferences: 0.0ms
[7.315s][debug  ][gc,phases,ref  ] GC(27)     PhantomRef (ms):               Min:  0.0, Avg:  0.0, Max:  0.0, Diff:  0.0, Sum:  0.0, Workers: 10
[7.315s][debug  ][gc,phases,ref  ] GC(27)   SoftReference:
[7.315s][debug  ][gc,phases,ref  ] GC(27)     Discovered: 0
[7.315s][debug  ][gc,phases,ref  ] GC(27)     Cleared: 0
[7.315s][debug  ][gc,phases,ref  ] GC(27)   WeakReference:
[7.315s][debug  ][gc,phases,ref  ] GC(27)     Discovered: 71
[7.315s][debug  ][gc,phases,ref  ] GC(27)     Cleared: 71
[7.315s][debug  ][gc,phases,ref  ] GC(27)   FinalReference:
[7.315s][debug  ][gc,phases,ref  ] GC(27)     Discovered: 0
[7.315s][debug  ][gc,phases,ref  ] GC(27)     Cleared: 0
[7.315s][debug  ][gc,phases,ref  ] GC(27)   PhantomReference:
[7.315s][debug  ][gc,phases,ref  ] GC(27)     Discovered: 3
[7.315s][debug  ][gc,phases,ref  ] GC(27)     Cleared: 3
[7.315s][debug  ][gc,phases      ] GC(27) Reference Processing 0.735ms
[7.315s][debug  ][gc,phases,start] GC(27) Weak Processing
[7.315s][debug  ][gc,phases      ] GC(27)   VM Weak                        Min:  0.0, Avg:  0.0, Max:  0.0, Diff:  0.0, Sum:  0.0, Workers: 6
[7.315s][debug  ][gc,phases      ] GC(27)     Dead                           Min: 0, Avg:  0.0, Max: 0, Diff: 0, Sum: 0, Workers: 6
[7.315s][debug  ][gc,phases      ] GC(27)     Total                          Min: 0, Avg:  1.3, Max: 8, Diff: 8, Sum: 8, Workers: 6
[7.315s][debug  ][gc,phases      ] GC(27)   ObjectSynchronizer Weak        Min:  0.0, Avg:  0.0, Max:  0.0, Diff:  0.0, Sum:  0.0, Workers: 6
[7.315s][debug  ][gc,phases      ] GC(27)     Dead                           Min: 0, Avg:  0.0, Max: 0, Diff: 0, Sum: 0, Workers: 6
[7.315s][debug  ][gc,phases      ] GC(27)     Total                          Min: 0, Avg:  0.5, Max: 3, Diff: 3, Sum: 3, Workers: 6
[7.315s][debug  ][gc,phases      ] GC(27)   JVMTI Tag Weak OopStorage      Min:  0.0, Avg:  0.0, Max:  0.0, Diff:  0.0, Sum:  0.0, Workers: 6
[7.315s][debug  ][gc,phases      ] GC(27)     Dead                           Min: 0, Avg:  0.0, Max: 0, Diff: 0, Sum: 0, Workers: 6
[7.315s][debug  ][gc,phases      ] GC(27)     Total                          Min: 0, Avg:  0.0, Max: 0, Diff: 0, Sum: 0, Workers: 6
[7.315s][debug  ][gc,phases      ] GC(27)   StringTable Weak               Min:  0.0, Avg:  0.0, Max:  0.0, Diff:  0.0, Sum:  0.0, Workers: 6
[7.316s][debug  ][gc,phases      ] GC(27)     Dead                           Min: 0, Avg:  0.0, Max: 0, Diff: 0, Sum: 0, Workers: 6
[7.316s][debug  ][gc,phases      ] GC(27)     Total                          Min: 640, Avg: 892.2, Max: 1152, Diff: 512, Sum: 5353, Workers: 6
[7.316s][debug  ][gc,phases      ] GC(27)   ResolvedMethodTable Weak       Min:  0.0, Avg:  0.0, Max:  0.0, Diff:  0.0, Sum:  0.0, Workers: 6
[7.316s][debug  ][gc,phases      ] GC(27)     Dead                           Min: 0, Avg:  0.0, Max: 0, Diff: 0, Sum: 0, Workers: 6
[7.316s][debug  ][gc,phases      ] GC(27)     Total                          Min: 0, Avg: 21.7, Max: 64, Diff: 64, Sum: 130, Workers: 6
[7.316s][debug  ][gc,phases      ] GC(27)   JNI Weak                       Min:  0.0, Avg:  0.0, Max:  0.0, Diff:  0.0, Sum:  0.0, Workers: 6
[7.316s][debug  ][gc,phases      ] GC(27)     Dead                           Min: 0, Avg:  0.0, Max: 0, Diff: 0, Sum: 0, Workers: 6
[7.316s][debug  ][gc,phases      ] GC(27)     Total                          Min: 0, Avg:  0.0, Max: 0, Diff: 0, Sum: 0, Workers: 6
[7.316s][debug  ][gc,phases      ] GC(27)   StringDedup Table Weak         Min:  0.0, Avg:  0.0, Max:  0.0, Diff:  0.0, Sum:  0.0, Workers: 6
[7.316s][debug  ][gc,phases      ] GC(27)     Dead                           Min: 0, Avg:  0.0, Max: 0, Diff: 0, Sum: 0, Workers: 6
[7.316s][debug  ][gc,phases      ] GC(27)     Total                          Min: 0, Avg:  0.0, Max: 0, Diff: 0, Sum: 0, Workers: 6
[7.316s][debug  ][gc,phases      ] GC(27)   StringDedup Requests0 Weak     Min:  0.0, Avg:  0.0, Max:  0.0, Diff:  0.0, Sum:  0.0, Workers: 6
[7.316s][debug  ][gc,phases      ] GC(27)     Dead                           Min: 0, Avg:  0.0, Max: 0, Diff: 0, Sum: 0, Workers: 6
[7.316s][debug  ][gc,phases      ] GC(27)     Total                          Min: 0, Avg:  0.0, Max: 0, Diff: 0, Sum: 0, Workers: 6
[7.316s][debug  ][gc,phases      ] GC(27)   StringDedup Requests1 Weak     Min:  0.0, Avg:  0.0, Max:  0.0, Diff:  0.0, Sum:  0.0, Workers: 6
[7.316s][debug  ][gc,phases      ] GC(27)     Dead                           Min: 0, Avg:  0.0, Max: 0, Diff: 0, Sum: 0, Workers: 6
[7.316s][debug  ][gc,phases      ] GC(27)     Total                          Min: 0, Avg:  0.0, Max: 0, Diff: 0, Sum: 0, Workers: 6
[7.316s][debug  ][gc,phases      ] GC(27)   Weak JFR Old Object Samples    Min:  0.0, Avg:  0.0, Max:  0.0, Diff:  0.0, Sum:  0.0, Workers: 6
[7.316s][debug  ][gc,phases      ] GC(27)     Dead                           Min: 0, Avg:  0.0, Max: 0, Diff: 0, Sum: 0, Workers: 6
[7.316s][debug  ][gc,phases      ] GC(27)     Total                          Min: 0, Avg:  0.0, Max: 0, Diff: 0, Sum: 0, Workers: 6
[7.316s][debug  ][gc,phases      ] GC(27) Weak Processing 0.798ms
[7.316s][debug  ][gc,phases,start] GC(27) Class Unloading
[7.316s][debug  ][gc,phases,start] GC(27) ClassLoaderData
[7.316s][debug  ][gc,phases      ] GC(27) ClassLoaderData 0.022ms
[7.316s][debug  ][gc,phases,start] GC(27) Trigger cleanups
[7.316s][debug  ][gc,phases      ] GC(27) Trigger cleanups 0.021ms
[7.316s][debug  ][gc,phases      ] GC(27) Class Unloading 0.268ms
[7.316s][info   ][gc,phases      ] GC(27) Marking Phase 2.552ms
[7.316s][info   ][gc,phases,start] GC(27) Summary Phase
[7.316s][info   ][gc,phases      ] GC(27) Summary Phase 0.033ms
[7.316s][info   ][gc,phases,start] GC(27) Adjust Roots
[7.317s][info   ][gc,phases      ] GC(27) Adjust Roots 0.155ms
[7.317s][info   ][gc,phases,start] GC(27) Compaction Phase
[7.331s][info   ][gc,phases      ] GC(27) Compaction Phase 14.024ms
[7.331s][info   ][gc,phases,start] GC(27) Post Compact
[7.334s][info   ][gc,phases      ] GC(27) Post Compact 3.403ms
[7.334s][debug  ][gc,ergo        ] GC(27) AdaptiveSizeStart: collection: 28 
[7.334s][debug  ][gc,ergo        ] GC(27) PSAdaptiveSizePolicy::compute_eden_space_size limits: desired_eden_size: 253628055 old_eden_size: 201326592 eden_limit: 201850880 cur_eden: 201326592 max_eden_size: 201850880 avg_young_live: 24259100
[7.334s][debug  ][gc,ergo        ] GC(27) PSAdaptiveSizePolicy::compute_eden_space_size: costs minor_time: 0.049112 major_cost: 0.026704 mutator_cost: 0.924184 throughput_goal: 0.990000
[7.334s][debug  ][gc,ergo        ] GC(27) Live_space: 828566528 free_space: 740294656
[7.334s][debug  ][gc,ergo        ] GC(27) Old eden_size: 201326592 desired_eden_size: 201850880
[7.334s][debug  ][gc,ergo        ] GC(27) PSAdaptiveSizePolicy::compute_old_gen_free_space: costs minor_time: 0.049112 major_cost: 0.026704  mutator_cost: 0.924184 throughput_goal: 0.990000
[7.334s][debug  ][gc,ergo        ] GC(27) Live_space: 748989952 free_space: 740818944
[7.334s][debug  ][gc,ergo        ] GC(27) Old promo_size: 538968064 desired_promo_size: 615514112
[7.350s][debug  ][gc             ] GC(27) Shrinking ParOldGen from 1199104K by 216576K to 982528K
[7.350s][debug  ][gc,ergo        ] GC(27) AdaptiveSizeStop: collection: 28 
[7.350s][info   ][gc,heap        ] GC(27) PSYoungGen: 30720K(229376K)->0K(229888K) Eden: 0K(196608K)->0K(197632K) From: 30720K(32768K)->0K(32256K)
[7.350s][info   ][gc,heap        ] GC(27) ParOldGen: 1046116K(1199104K)->134755K(982528K)
[7.350s][info   ][gc,metaspace   ] GC(27) Metaspace: 1021K(1216K)->1021K(1216K) NonClass: 937K(1024K)->937K(1024K) Class: 83K(192K)->83K(192K)
[7.350s][info   ][gc             ] GC(27) Pause Full (Ergonomics) 1051M->131M(1184M) 36.243ms
[7.350s][info   ][gc,cpu         ] GC(27) User=0.17s Sys=0.02s Real=0.04s
[7.350s][debug  ][gc,heap        ] GC(27) Heap after GC invocations=28 (full 5):
[7.350s][debug  ][gc,heap        ] GC(27)  PSYoungGen      total 229888K, used 0K [0x00000000f0000000, 0x0000000100000000, 0x0000000100000000)
[7.350s][debug  ][gc,heap        ] GC(27)   eden space 197632K, 0% used [0x00000000f0000000,0x00000000f0000000,0x00000000fc100000)
[7.350s][debug  ][gc,heap        ] GC(27)   from space 32256K, 0% used [0x00000000fe080000,0x00000000fe080000,0x0000000100000000)
[7.350s][debug  ][gc,heap        ] GC(27)   to   space 32256K, 0% used [0x00000000fc100000,0x00000000fc100000,0x00000000fe080000)
[7.350s][debug  ][gc,heap        ] GC(27)  ParOldGen       total 982528K, used 134755K [0x0000000080000000, 0x00000000bbf80000, 0x00000000f0000000)
[7.350s][debug  ][gc,heap        ] GC(27)   object space 982528K, 13% used [0x0000000080000000,0x0000000088398c50,0x00000000bbf80000)
[7.350s][debug  ][gc,heap        ] GC(27)  Metaspace       used 1021K, committed 1216K, reserved 1056768K
[7.350s][debug  ][gc,heap        ] GC(27)   class space    used 83K, committed 192K, reserved 1048576K
[7.350s][debug  ][gc,task,time   ] GC(27) VM-Thread 73137437 73165876 73500177
[7.634s][debug  ][gc,heap        ] GC(28) Heap before GC invocations=29 (full 5):
[7.634s][debug  ][gc,heap        ] GC(28)  PSYoungGen      total 229888K, used 188167K [0x00000000f0000000, 0x0000000100000000, 0x0000000100000000)
[7.634s][debug  ][gc,heap        ] GC(28)   eden space 197632K, 95% used [0x00000000f0000000,0x00000000fb7c1d58,0x00000000fc100000)
[7.634s][debug  ][gc,heap        ] GC(28)   from space 32256K, 0% used [0x00000000fe080000,0x00000000fe080000,0x0000000100000000)
[7.634s][debug  ][gc,heap        ] GC(28)   to   space 32256K, 0% used [0x00000000fc100000,0x00000000fc100000,0x00000000fe080000)
[7.634s][debug  ][gc,heap        ] GC(28)  ParOldGen       total 982528K, used 134755K [0x0000000080000000, 0x00000000bbf80000, 0x00000000f0000000)
[7.634s][debug  ][gc,heap        ] GC(28)   object space 982528K, 13% used [0x0000000080000000,0x0000000088398c50,0x00000000bbf80000)
[7.634s][debug  ][gc,heap        ] GC(28)  Metaspace       used 1021K, committed 1216K, reserved 1056768K
[7.634s][debug  ][gc,heap        ] GC(28)   class space    used 83K, committed 192K, reserved 1048576K
[7.634s][debug  ][gc,tlab        ] GC(28) TLAB totals: thrds: 1  refills: 1 max: 1 slow allocs: 17 max 17 waste: 27.3% gc: 3939384B max: 3939384B slow: 0B max: 0B
[7.635s][info   ][gc,start       ] GC(28) Pause Young (Allocation Failure)
[7.635s][debug  ][gc,phases,start] GC(28) Scavenge
[7.647s][debug  ][gc,phases      ] GC(28) Scavenge 12.867ms
[7.648s][debug  ][gc,phases,start] GC(28) Reference Processing
[7.648s][debug  ][gc,ref         ] GC(28) Skipped phase 1 of Reference Processing: no references
[7.648s][debug  ][gc,ref         ] GC(28) Skipped phase 2 of Reference Processing: no references
[7.648s][debug  ][gc,ref         ] GC(28) Skipped phase 3 of Reference Processing: no references
[7.648s][debug  ][gc,ref         ] GC(28) Skipped phase 4 of Reference Processing: no references
[7.648s][debug  ][gc,phases,ref  ] GC(28) Reference Processing: 0.1ms
[7.648s][debug  ][gc,phases,ref  ] GC(28)   Reconsider SoftReferences: 0.0ms
[7.648s][debug  ][gc,phases,ref  ] GC(28)     SoftRef (ms):                  skipped
[7.648s][debug  ][gc,phases,ref  ] GC(28)   Notify Soft/WeakReferences: 0.0ms
[7.648s][debug  ][gc,phases,ref  ] GC(28)     SoftRef (ms):                  skipped
[7.648s][debug  ][gc,phases,ref  ] GC(28)     WeakRef (ms):                  skipped
[7.648s][debug  ][gc,phases,ref  ] GC(28)     FinalRef (ms):                 skipped
[7.648s][debug  ][gc,phases,ref  ] GC(28)     Total (ms):                    skipped
[7.648s][debug  ][gc,phases,ref  ] GC(28)   Notify and keep alive finalizable: 0.0ms
[7.648s][debug  ][gc,phases,ref  ] GC(28)     FinalRef (ms):                 skipped
[7.648s][debug  ][gc,phases,ref  ] GC(28)   Notify PhantomReferences: 0.0ms
[7.648s][debug  ][gc,phases,ref  ] GC(28)     PhantomRef (ms):               skipped
[7.648s][debug  ][gc,phases,ref  ] GC(28)   SoftReference:
[7.648s][debug  ][gc,phases,ref  ] GC(28)     Discovered: 0
[7.648s][debug  ][gc,phases,ref  ] GC(28)     Cleared: 0
[7.648s][debug  ][gc,phases,ref  ] GC(28)   WeakReference:
[7.648s][debug  ][gc,phases,ref  ] GC(28)     Discovered: 0
[7.648s][debug  ][gc,phases,ref  ] GC(28)     Cleared: 0
[7.648s][debug  ][gc,phases,ref  ] GC(28)   FinalReference:
[7.648s][debug  ][gc,phases,ref  ] GC(28)     Discovered: 0
[7.648s][debug  ][gc,phases,ref  ] GC(28)     Cleared: 0
[7.648s][debug  ][gc,phases,ref  ] GC(28)   PhantomReference:
[7.648s][debug  ][gc,phases,ref  ] GC(28)     Discovered: 0
[7.648s][debug  ][gc,phases,ref  ] GC(28)     Cleared: 0
[7.648s][debug  ][gc,phases      ] GC(28) Reference Processing 0.767ms
[7.648s][debug  ][gc,phases,start] GC(28) Weak Processing
[7.648s][debug  ][gc,phases      ] GC(28)   VM Weak                        Min:  0.0, Avg:  0.0, Max:  0.0, Diff:  0.0, Sum:  0.0, Workers: 6
[7.648s][debug  ][gc,phases      ] GC(28)     Dead                           Min: 0, Avg:  0.0, Max: 0, Diff: 0, Sum: 0, Workers: 6
[7.648s][debug  ][gc,phases      ] GC(28)     Total                          Min: 0, Avg:  1.3, Max: 8, Diff: 8, Sum: 8, Workers: 6
[7.649s][debug  ][gc,phases      ] GC(28)   ObjectSynchronizer Weak        Min:  0.0, Avg:  0.0, Max:  0.0, Diff:  0.0, Sum:  0.0, Workers: 6
[7.649s][debug  ][gc,phases      ] GC(28)     Dead                           Min: 0, Avg:  0.0, Max: 0, Diff: 0, Sum: 0, Workers: 6
[7.649s][debug  ][gc,phases      ] GC(28)     Total                          Min: 0, Avg:  0.5, Max: 3, Diff: 3, Sum: 3, Workers: 6
[7.649s][debug  ][gc,phases      ] GC(28)   JVMTI Tag Weak OopStorage      Min:  0.0, Avg:  0.0, Max:  0.0, Diff:  0.0, Sum:  0.0, Workers: 6
[7.649s][debug  ][gc,phases      ] GC(28)     Dead                           Min: 0, Avg:  0.0, Max: 0, Diff: 0, Sum: 0, Workers: 6
[7.649s][debug  ][gc,phases      ] GC(28)     Total                          Min: 0, Avg:  0.0, Max: 0, Diff: 0, Sum: 0, Workers: 6
[7.649s][debug  ][gc,phases      ] GC(28)   StringTable Weak               Min:  0.0, Avg:  0.0, Max:  0.0, Diff:  0.0, Sum:  0.0, Workers: 6
[7.649s][debug  ][gc,phases      ] GC(28)     Dead                           Min: 0, Avg:  0.0, Max: 0, Diff: 0, Sum: 0, Workers: 6
[7.649s][debug  ][gc,phases      ] GC(28)     Total                          Min: 704, Avg: 892.2, Max: 1088, Diff: 384, Sum: 5353, Workers: 6
[7.649s][debug  ][gc,phases      ] GC(28)   ResolvedMethodTable Weak       Min:  0.0, Avg:  0.0, Max:  0.0, Diff:  0.0, Sum:  0.0, Workers: 6
[7.649s][debug  ][gc,phases      ] GC(28)     Dead                           Min: 0, Avg:  0.0, Max: 0, Diff: 0, Sum: 0, Workers: 6
[7.649s][debug  ][gc,phases      ] GC(28)     Total                          Min: 0, Avg: 21.7, Max: 64, Diff: 64, Sum: 130, Workers: 6
[7.649s][debug  ][gc,phases      ] GC(28)   JNI Weak                       Min:  0.0, Avg:  0.0, Max:  0.0, Diff:  0.0, Sum:  0.0, Workers: 6
[7.649s][debug  ][gc,phases      ] GC(28)     Dead                           Min: 0, Avg:  0.0, Max: 0, Diff: 0, Sum: 0, Workers: 6
[7.649s][debug  ][gc,phases      ] GC(28)     Total                          Min: 0, Avg:  0.0, Max: 0, Diff: 0, Sum: 0, Workers: 6
[7.649s][debug  ][gc,phases      ] GC(28)   StringDedup Table Weak         Min:  0.0, Avg:  0.0, Max:  0.0, Diff:  0.0, Sum:  0.0, Workers: 6
[7.649s][debug  ][gc,phases      ] GC(28)     Dead                           Min: 0, Avg:  0.0, Max: 0, Diff: 0, Sum: 0, Workers: 6
[7.649s][debug  ][gc,phases      ] GC(28)     Total                          Min: 0, Avg:  0.0, Max: 0, Diff: 0, Sum: 0, Workers: 6
[7.649s][debug  ][gc,phases      ] GC(28)   StringDedup Requests0 Weak     Min:  0.0, Avg:  0.0, Max:  0.0, Diff:  0.0, Sum:  0.0, Workers: 6
[7.649s][debug  ][gc,phases      ] GC(28)     Dead                           Min: 0, Avg:  0.0, Max: 0, Diff: 0, Sum: 0, Workers: 6
[7.649s][debug  ][gc,phases      ] GC(28)     Total                          Min: 0, Avg:  0.0, Max: 0, Diff: 0, Sum: 0, Workers: 6
[7.649s][debug  ][gc,phases      ] GC(28)   StringDedup Requests1 Weak     Min:  0.0, Avg:  0.0, Max:  0.0, Diff:  0.0, Sum:  0.0, Workers: 6
[7.649s][debug  ][gc,phases      ] GC(28)     Dead                           Min: 0, Avg:  0.0, Max: 0, Diff: 0, Sum: 0, Workers: 6
[7.649s][debug  ][gc,phases      ] GC(28)     Total                          Min: 0, Avg:  0.0, Max: 0, Diff: 0, Sum: 0, Workers: 6
[7.649s][debug  ][gc,phases      ] GC(28)   Weak JFR Old Object Samples    Min:  0.0, Avg:  0.0, Max:  0.0, Diff:  0.0, Sum:  0.0, Workers: 6
[7.649s][debug  ][gc,phases      ] GC(28)     Dead                           Min: 0, Avg:  0.0, Max: 0, Diff: 0, Sum: 0, Workers: 6
[7.649s][debug  ][gc,phases      ] GC(28)     Total                          Min: 0, Avg:  0.0, Max: 0, Diff: 0, Sum: 0, Workers: 6
[7.649s][debug  ][gc,phases      ] GC(28) Weak Processing 1.064ms
[7.649s][debug  ][gc,ergo        ] GC(28) AdaptiveSizeStart:  collection: 29 
[7.649s][debug  ][gc,ergo        ] GC(28) avg_survived_padded_avg: 32917524.000000
[7.649s][debug  ][gc,ergo        ] GC(28) avg_promoted_padded_avg: 243479248.000000  avg_pretenured_padded_avg: 0.000000  tenuring_thresh: 1  target_size: 33030144
[7.649s][debug  ][gc,age         ] GC(28) Desired survivor size 33030144 bytes, new threshold 1 (max threshold 15)
[7.650s][debug  ][gc,ergo        ] GC(28) PSAdaptiveSizePolicy::compute_eden_space_size limits: desired_eden_size: 254532546 old_eden_size: 201850880 eden_limit: 202375168 cur_eden: 202375168 max_eden_size: 202375168 avg_young_live: 24978922
[7.650s][debug  ][gc,ergo        ] GC(28) PSAdaptiveSizePolicy::compute_eden_space_size: costs minor_time: 0.047852 major_cost: 0.026704 mutator_cost: 0.925444 throughput_goal: 0.990000
[7.650s][debug  ][gc,ergo        ] GC(28) Live_space: 749709824 free_space: 817364992
[7.650s][debug  ][gc,ergo        ] GC(28) Old eden_size: 201850880 desired_eden_size: 202375168
[7.650s][debug  ][gc,ergo        ] GC(28) AdaptiveSizeStop: collection: 29 
[7.650s][info   ][gc,heap        ] GC(28) PSYoungGen: 188167K(229888K)->30720K(229888K) Eden: 188167K(197632K)->0K(197632K) From: 0K(32256K)->30720K(32256K)
[7.650s][info   ][gc,heap        ] GC(28) ParOldGen: 134755K(982528K)->288355K(982528K)
[7.650s][info   ][gc,metaspace   ] GC(28) Metaspace: 1021K(1216K)->1021K(1216K) NonClass: 937K(1024K)->937K(1024K) Class: 83K(192K)->83K(192K)
[7.650s][info   ][gc             ] GC(28) Pause Young (Allocation Failure) 315M->311M(1184M) 15.236ms
[7.650s][info   ][gc,cpu         ] GC(28) User=0.14s Sys=0.00s Real=0.01s
[7.650s][debug  ][gc,heap        ] GC(28) Heap after GC invocations=29 (full 5):
[7.650s][debug  ][gc,heap        ] GC(28)  PSYoungGen      total 229888K, used 30720K [0x00000000f0000000, 0x0000000100000000, 0x0000000100000000)
[7.650s][debug  ][gc,heap        ] GC(28)   eden space 197632K, 0% used [0x00000000f0000000,0x00000000f0000000,0x00000000fc100000)
[7.650s][debug  ][gc,heap        ] GC(28)   from space 32256K, 95% used [0x00000000fc100000,0x00000000fdf00030,0x00000000fe080000)
[7.650s][debug  ][gc,heap        ] GC(28)   to   space 32256K, 0% used [0x00000000fe080000,0x00000000fe080000,0x0000000100000000)
[7.650s][debug  ][gc,heap        ] GC(28)  ParOldGen       total 982528K, used 288355K [0x0000000080000000, 0x00000000bbf80000, 0x00000000f0000000)
[7.650s][debug  ][gc,heap        ] GC(28)   object space 982528K, 29% used [0x0000000080000000,0x0000000091998d40,0x00000000bbf80000)
[7.650s][debug  ][gc,heap        ] GC(28)  Metaspace       used 1021K, committed 1216K, reserved 1056768K
[7.650s][debug  ][gc,heap        ] GC(28)   class space    used 83K, committed 192K, reserved 1048576K
[7.650s][debug  ][gc,task,time   ] GC(28) VM-Thread 76340565 76475227 76500735
[7.933s][debug  ][gc,heap        ] GC(29) Heap before GC invocations=30 (full 5):
[7.933s][debug  ][gc,heap        ] GC(29)  PSYoungGen      total 229888K, used 218820K [0x00000000f0000000, 0x0000000100000000, 0x0000000100000000)
[7.933s][debug  ][gc,heap        ] GC(29)   eden space 197632K, 95% used [0x00000000f0000000,0x00000000fb7b12e0,0x00000000fc100000)
[7.933s][debug  ][gc,heap        ] GC(29)   from space 32256K, 95% used [0x00000000fc100000,0x00000000fdf00030,0x00000000fe080000)
[7.933s][debug  ][gc,heap        ] GC(29)   to   space 32256K, 0% used [0x00000000fe080000,0x00000000fe080000,0x0000000100000000)
[7.933s][debug  ][gc,heap        ] GC(29)  ParOldGen       total 982528K, used 288355K [0x0000000080000000, 0x00000000bbf80000, 0x00000000f0000000)
[7.933s][debug  ][gc,heap        ] GC(29)   object space 982528K, 29% used [0x0000000080000000,0x0000000091998d40,0x00000000bbf80000)
[7.933s][debug  ][gc,heap        ] GC(29)  Metaspace       used 1021K, committed 1216K, reserved 1056768K
[7.934s][debug  ][gc,heap        ] GC(29)   class space    used 83K, committed 192K, reserved 1048576K
[7.934s][debug  ][gc,tlab        ] GC(29) TLAB totals: thrds: 1  refills: 1 max: 1 slow allocs: 17 max 17 waste: 27.0% gc: 3871168B max: 3871168B slow: 0B max: 0B
[7.934s][info   ][gc,start       ] GC(29) Pause Young (Allocation Failure)
[7.934s][debug  ][gc,phases,start] GC(29) Scavenge
[7.949s][debug  ][gc,phases      ] GC(29) Scavenge 14.956ms
[7.949s][debug  ][gc,phases,start] GC(29) Reference Processing
[7.949s][debug  ][gc,ref         ] GC(29) Skipped phase 1 of Reference Processing: no references
[7.949s][debug  ][gc,ref         ] GC(29) Skipped phase 2 of Reference Processing: no references
[7.949s][debug  ][gc,ref         ] GC(29) Skipped phase 3 of Reference Processing: no references
[7.949s][debug  ][gc,ref         ] GC(29) Skipped phase 4 of Reference Processing: no references
[7.949s][debug  ][gc,phases,ref  ] GC(29) Reference Processing: 0.1ms
[7.949s][debug  ][gc,phases,ref  ] GC(29)   Reconsider SoftReferences: 0.0ms
[7.949s][debug  ][gc,phases,ref  ] GC(29)     SoftRef (ms):                  skipped
[7.949s][debug  ][gc,phases,ref  ] GC(29)   Notify Soft/WeakReferences: 0.0ms
[7.949s][debug  ][gc,phases,ref  ] GC(29)     SoftRef (ms):                  skipped
[7.949s][debug  ][gc,phases,ref  ] GC(29)     WeakRef (ms):                  skipped
[7.949s][debug  ][gc,phases,ref  ] GC(29)     FinalRef (ms):                 skipped
[7.949s][debug  ][gc,phases,ref  ] GC(29)     Total (ms):                    skipped
[7.949s][debug  ][gc,phases,ref  ] GC(29)   Notify and keep alive finalizable: 0.0ms
[7.949s][debug  ][gc,phases,ref  ] GC(29)     FinalRef (ms):                 skipped
[7.949s][debug  ][gc,phases,ref  ] GC(29)   Notify PhantomReferences: 0.0ms
[7.949s][debug  ][gc,phases,ref  ] GC(29)     PhantomRef (ms):               skipped
[7.949s][debug  ][gc,phases,ref  ] GC(29)   SoftReference:
[7.949s][debug  ][gc,phases,ref  ] GC(29)     Discovered: 0
[7.949s][debug  ][gc,phases,ref  ] GC(29)     Cleared: 0
[7.949s][debug  ][gc,phases,ref  ] GC(29)   WeakReference:
[7.949s][debug  ][gc,phases,ref  ] GC(29)     Discovered: 0
[7.949s][debug  ][gc,phases,ref  ] GC(29)     Cleared: 0
[7.949s][debug  ][gc,phases,ref  ] GC(29)   FinalReference:
[7.949s][debug  ][gc,phases,ref  ] GC(29)     Discovered: 0
[7.949s][debug  ][gc,phases,ref  ] GC(29)     Cleared: 0
[7.949s][debug  ][gc,phases,ref  ] GC(29)   PhantomReference:
[7.949s][debug  ][gc,phases,ref  ] GC(29)     Discovered: 0
[7.950s][debug  ][gc,phases,ref  ] GC(29)     Cleared: 0
[7.950s][debug  ][gc,phases      ] GC(29) Reference Processing 0.842ms
[7.950s][debug  ][gc,phases,start] GC(29) Weak Processing
[7.950s][debug  ][gc,phases      ] GC(29)   VM Weak                        Min:  0.0, Avg:  0.0, Max:  0.0, Diff:  0.0, Sum:  0.0, Workers: 6
[7.950s][debug  ][gc,phases      ] GC(29)     Dead                           Min: 0, Avg:  0.0, Max: 0, Diff: 0, Sum: 0, Workers: 6
[7.950s][debug  ][gc,phases      ] GC(29)     Total                          Min: 0, Avg:  1.3, Max: 8, Diff: 8, Sum: 8, Workers: 6
[7.950s][debug  ][gc,phases      ] GC(29)   ObjectSynchronizer Weak        Min:  0.0, Avg:  0.0, Max:  0.0, Diff:  0.0, Sum:  0.0, Workers: 6
[7.950s][debug  ][gc,phases      ] GC(29)     Dead                           Min: 0, Avg:  0.0, Max: 0, Diff: 0, Sum: 0, Workers: 6
[7.950s][debug  ][gc,phases      ] GC(29)     Total                          Min: 0, Avg:  0.5, Max: 3, Diff: 3, Sum: 3, Workers: 6
[7.950s][debug  ][gc,phases      ] GC(29)   JVMTI Tag Weak OopStorage      Min:  0.0, Avg:  0.0, Max:  0.0, Diff:  0.0, Sum:  0.0, Workers: 6
[7.950s][debug  ][gc,phases      ] GC(29)     Dead                           Min: 0, Avg:  0.0, Max: 0, Diff: 0, Sum: 0, Workers: 6
[7.950s][debug  ][gc,phases      ] GC(29)     Total                          Min: 0, Avg:  0.0, Max: 0, Diff: 0, Sum: 0, Workers: 6
[7.950s][debug  ][gc,phases      ] GC(29)   StringTable Weak               Min:  0.0, Avg:  0.0, Max:  0.0, Diff:  0.0, Sum:  0.0, Workers: 6
[7.950s][debug  ][gc,phases      ] GC(29)     Dead                           Min: 0, Avg:  0.0, Max: 0, Diff: 0, Sum: 0, Workers: 6
[7.950s][debug  ][gc,phases      ] GC(29)     Total                          Min: 640, Avg: 892.2, Max: 1280, Diff: 640, Sum: 5353, Workers: 6
[7.950s][debug  ][gc,phases      ] GC(29)   ResolvedMethodTable Weak       Min:  0.0, Avg:  0.0, Max:  0.0, Diff:  0.0, Sum:  0.0, Workers: 6
[7.950s][debug  ][gc,phases      ] GC(29)     Dead                           Min: 0, Avg:  0.0, Max: 0, Diff: 0, Sum: 0, Workers: 6
[7.950s][debug  ][gc,phases      ] GC(29)     Total                          Min: 0, Avg: 21.7, Max: 64, Diff: 64, Sum: 130, Workers: 6
[7.950s][debug  ][gc,phases      ] GC(29)   JNI Weak                       Min:  0.0, Avg:  0.0, Max:  0.0, Diff:  0.0, Sum:  0.0, Workers: 6
[7.950s][debug  ][gc,phases      ] GC(29)     Dead                           Min: 0, Avg:  0.0, Max: 0, Diff: 0, Sum: 0, Workers: 6
[7.950s][debug  ][gc,phases      ] GC(29)     Total                          Min: 0, Avg:  0.0, Max: 0, Diff: 0, Sum: 0, Workers: 6
[7.950s][debug  ][gc,phases      ] GC(29)   StringDedup Table Weak         Min:  0.0, Avg:  0.0, Max:  0.0, Diff:  0.0, Sum:  0.0, Workers: 6
[7.950s][debug  ][gc,phases      ] GC(29)     Dead                           Min: 0, Avg:  0.0, Max: 0, Diff: 0, Sum: 0, Workers: 6
[7.950s][debug  ][gc,phases      ] GC(29)     Total                          Min: 0, Avg:  0.0, Max: 0, Diff: 0, Sum: 0, Workers: 6
[7.950s][debug  ][gc,phases      ] GC(29)   StringDedup Requests0 Weak     Min:  0.0, Avg:  0.0, Max:  0.0, Diff:  0.0, Sum:  0.0, Workers: 6
[7.950s][debug  ][gc,phases      ] GC(29)     Dead                           Min: 0, Avg:  0.0, Max: 0, Diff: 0, Sum: 0, Workers: 6
[7.950s][debug  ][gc,phases      ] GC(29)     Total                          Min: 0, Avg:  0.0, Max: 0, Diff: 0, Sum: 0, Workers: 6
[7.950s][debug  ][gc,phases      ] GC(29)   StringDedup Requests1 Weak     Min:  0.0, Avg:  0.0, Max:  0.0, Diff:  0.0, Sum:  0.0, Workers: 6
[7.950s][debug  ][gc,phases      ] GC(29)     Dead                           Min: 0, Avg:  0.0, Max: 0, Diff: 0, Sum: 0, Workers: 6
[7.950s][debug  ][gc,phases      ] GC(29)     Total                          Min: 0, Avg:  0.0, Max: 0, Diff: 0, Sum: 0, Workers: 6
[7.950s][debug  ][gc,phases      ] GC(29)   Weak JFR Old Object Samples    Min:  0.0, Avg:  0.0, Max:  0.0, Diff:  0.0, Sum:  0.0, Workers: 6
[7.950s][debug  ][gc,phases      ] GC(29)     Dead                           Min: 0, Avg:  0.0, Max: 0, Diff: 0, Sum: 0, Workers: 6
[7.950s][debug  ][gc,phases      ] GC(29)     Total                          Min: 0, Avg:  0.0, Max: 0, Diff: 0, Sum: 0, Workers: 6
[7.950s][debug  ][gc,phases      ] GC(29) Weak Processing 0.828ms
[7.950s][debug  ][gc,ergo        ] GC(29) AdaptiveSizeStart:  collection: 30 
[7.950s][debug  ][gc,ergo        ] GC(29) avg_survived_padded_avg: 32831644.000000
[7.950s][debug  ][gc,ergo        ] GC(29) avg_promoted_padded_avg: 246078496.000000  avg_pretenured_padded_avg: 0.000000  tenuring_thresh: 1  target_size: 33030144
[7.951s][debug  ][gc,age         ] GC(29) Desired survivor size 33030144 bytes, new threshold 1 (max threshold 15)
[7.951s][debug  ][gc,ergo        ] GC(29) PSAdaptiveSizePolicy::compute_eden_space_size limits: desired_eden_size: 241966927 old_eden_size: 202375168 eden_limit: 202375168 cur_eden: 202375168 max_eden_size: 202375168 avg_young_live: 25626762
[7.951s][debug  ][gc,ergo        ] GC(29) PSAdaptiveSizePolicy::compute_eden_space_size: costs minor_time: 0.049811 major_cost: 0.026704 mutator_cost: 0.923485 throughput_goal: 0.990000
[7.951s][debug  ][gc,ergo        ] GC(29) Live_space: 750357632 free_space: 817889280
[7.951s][debug  ][gc,ergo        ] GC(29) Old eden_size: 202375168 desired_eden_size: 202375168
[7.951s][debug  ][gc,ergo        ] GC(29) AdaptiveSizeStop: collection: 30 
[7.951s][info   ][gc,heap        ] GC(29) PSYoungGen: 218820K(229888K)->30720K(229888K) Eden: 188100K(197632K)->0K(197632K) From: 30720K(32256K)->30720K(32256K)
[7.951s][info   ][gc,heap        ] GC(29) ParOldGen: 288355K(982528K)->472675K(982528K)
[7.951s][info   ][gc,metaspace   ] GC(29) Metaspace: 1021K(1216K)->1021K(1216K) NonClass: 937K(1024K)->937K(1024K) Class: 83K(192K)->83K(192K)
[7.951s][info   ][gc             ] GC(29) Pause Young (Allocation Failure) 495M->491M(1184M) 17.134ms
[7.951s][info   ][gc,cpu         ] GC(29) User=0.16s Sys=0.00s Real=0.02s
[7.951s][debug  ][gc,heap        ] GC(29) Heap after GC invocations=30 (full 5):
[7.951s][debug  ][gc,heap        ] GC(29)  PSYoungGen      total 229888K, used 30720K [0x00000000f0000000, 0x0000000100000000, 0x0000000100000000)
[7.951s][debug  ][gc,heap        ] GC(29)   eden space 197632K, 0% used [0x00000000f0000000,0x00000000f0000000,0x00000000fc100000)
[7.951s][debug  ][gc,heap        ] GC(29)   from space 32256K, 95% used [0x00000000fe080000,0x00000000ffe80030,0x0000000100000000)
[7.951s][debug  ][gc,heap        ] GC(29)   to   space 32256K, 0% used [0x00000000fc100000,0x00000000fc100000,0x00000000fe080000)
[7.951s][debug  ][gc,heap        ] GC(29)  ParOldGen       total 982528K, used 472675K [0x0000000080000000, 0x00000000bbf80000, 0x00000000f0000000)
[7.951s][debug  ][gc,heap        ] GC(29)   object space 982528K, 48% used [0x0000000080000000,0x000000009cd98e60,0x00000000bbf80000)
[7.951s][debug  ][gc,heap        ] GC(29)  Metaspace       used 1021K, committed 1216K, reserved 1056768K
[7.951s][debug  ][gc,heap        ] GC(29)   class space    used 83K, committed 192K, reserved 1048576K
[7.951s][debug  ][gc,task,time   ] GC(29) VM-Thread 79331577 79487063 79510166
[8.234s][debug  ][gc,heap        ] GC(30) Heap before GC invocations=31 (full 5):
[8.234s][debug  ][gc,heap        ] GC(30)  PSYoungGen      total 229888K, used 218853K [0x00000000f0000000, 0x0000000100000000, 0x0000000100000000)
[8.234s][debug  ][gc,heap        ] GC(30)   eden space 197632K, 95% used [0x00000000f0000000,0x00000000fb7b94c0,0x00000000fc100000)
[8.234s][debug  ][gc,heap        ] GC(30)   from space 32256K, 95% used [0x00000000fe080000,0x00000000ffe80030,0x0000000100000000)
[8.234s][debug  ][gc,heap        ] GC(30)   to   space 32256K, 0% used [0x00000000fc100000,0x00000000fc100000,0x00000000fe080000)
[8.234s][debug  ][gc,heap        ] GC(30)  ParOldGen       total 982528K, used 472675K [0x0000000080000000, 0x00000000bbf80000, 0x00000000f0000000)
[8.234s][debug  ][gc,heap        ] GC(30)   object space 982528K, 48% used [0x0000000080000000,0x000000009cd98e60,0x00000000bbf80000)
[8.234s][debug  ][gc,heap        ] GC(30)  Metaspace       used 1021K, committed 1216K, reserved 1056768K
[8.234s][debug  ][gc,heap        ] GC(30)   class space    used 83K, committed 192K, reserved 1048576K
[8.234s][debug  ][gc,tlab        ] GC(30) TLAB totals: thrds: 1  refills: 1 max: 1 slow allocs: 17 max 17 waste: 27.1% gc: 3904416B max: 3904416B slow: 0B max: 0B
[8.234s][info   ][gc,start       ] GC(30) Pause Young (Allocation Failure)
[8.234s][debug  ][gc,phases,start] GC(30) Scavenge
[8.249s][debug  ][gc,phases      ] GC(30) Scavenge 14.830ms
[8.249s][debug  ][gc,phases,start] GC(30) Reference Processing
[8.249s][debug  ][gc,ref         ] GC(30) Skipped phase 1 of Reference Processing: no references
[8.249s][debug  ][gc,ref         ] GC(30) Skipped phase 2 of Reference Processing: no references
[8.249s][debug  ][gc,ref         ] GC(30) Skipped phase 3 of Reference Processing: no references
[8.249s][debug  ][gc,ref         ] GC(30) Skipped phase 4 of Reference Processing: no references
[8.249s][debug  ][gc,phases,ref  ] GC(30) Reference Processing: 0.1ms
[8.249s][debug  ][gc,phases,ref  ] GC(30)   Reconsider SoftReferences: 0.0ms
[8.249s][debug  ][gc,phases,ref  ] GC(30)     SoftRef (ms):                  skipped
[8.250s][debug  ][gc,phases,ref  ] GC(30)   Notify Soft/WeakReferences: 0.0ms
[8.250s][debug  ][gc,phases,ref  ] GC(30)     SoftRef (ms):                  skipped
[8.250s][debug  ][gc,phases,ref  ] GC(30)     WeakRef (ms):                  skipped
[8.250s][debug  ][gc,phases,ref  ] GC(30)     FinalRef (ms):                 skipped
[8.250s][debug  ][gc,phases,ref  ] GC(30)     Total (ms):                    skipped
[8.250s][debug  ][gc,phases,ref  ] GC(30)   Notify and keep alive finalizable: 0.0ms
[8.250s][debug  ][gc,phases,ref  ] GC(30)     FinalRef (ms):                 skipped
[8.250s][debug  ][gc,phases,ref  ] GC(30)   Notify PhantomReferences: 0.0ms
[8.250s][debug  ][gc,phases,ref  ] GC(30)     PhantomRef (ms):               skipped
[8.250s][debug  ][gc,phases,ref  ] GC(30)   SoftReference:
[8.250s][debug  ][gc,phases,ref  ] GC(30)     Discovered: 0
[8.250s][debug  ][gc,phases,ref  ] GC(30)     Cleared: 0
[8.250s][debug  ][gc,phases,ref  ] GC(30)   WeakReference:
[8.250s][debug  ][gc,phases,ref  ] GC(30)     Discovered: 0
[8.250s][debug  ][gc,phases,ref  ] GC(30)     Cleared: 0
[8.250s][debug  ][gc,phases,ref  ] GC(30)   FinalReference:
[8.250s][debug  ][gc,phases,ref  ] GC(30)     Discovered: 0
[8.250s][debug  ][gc,phases,ref  ] GC(30)     Cleared: 0
[8.250s][debug  ][gc,phases,ref  ] GC(30)   PhantomReference:
[8.250s][debug  ][gc,phases,ref  ] GC(30)     Discovered: 0
[8.250s][debug  ][gc,phases,ref  ] GC(30)     Cleared: 0
[8.250s][debug  ][gc,phases      ] GC(30) Reference Processing 0.629ms
[8.250s][debug  ][gc,phases,start] GC(30) Weak Processing
[8.250s][debug  ][gc,phases      ] GC(30)   VM Weak                        Min:  0.0, Avg:  0.0, Max:  0.0, Diff:  0.0, Sum:  0.0, Workers: 6
[8.250s][debug  ][gc,phases      ] GC(30)     Dead                           Min: 0, Avg:  0.0, Max: 0, Diff: 0, Sum: 0, Workers: 6
[8.250s][debug  ][gc,phases      ] GC(30)     Total                          Min: 0, Avg:  1.3, Max: 8, Diff: 8, Sum: 8, Workers: 6
[8.250s][debug  ][gc,phases      ] GC(30)   ObjectSynchronizer Weak        Min:  0.0, Avg:  0.0, Max:  0.0, Diff:  0.0, Sum:  0.0, Workers: 6
[8.250s][debug  ][gc,phases      ] GC(30)     Dead                           Min: 0, Avg:  0.0, Max: 0, Diff: 0, Sum: 0, Workers: 6
[8.250s][debug  ][gc,phases      ] GC(30)     Total                          Min: 0, Avg:  0.5, Max: 3, Diff: 3, Sum: 3, Workers: 6
[8.250s][debug  ][gc,phases      ] GC(30)   JVMTI Tag Weak OopStorage      Min:  0.0, Avg:  0.0, Max:  0.0, Diff:  0.0, Sum:  0.0, Workers: 6
[8.250s][debug  ][gc,phases      ] GC(30)     Dead                           Min: 0, Avg:  0.0, Max: 0, Diff: 0, Sum: 0, Workers: 6
[8.250s][debug  ][gc,phases      ] GC(30)     Total                          Min: 0, Avg:  0.0, Max: 0, Diff: 0, Sum: 0, Workers: 6
[8.250s][debug  ][gc,phases      ] GC(30)   StringTable Weak               Min:  0.0, Avg:  0.0, Max:  0.0, Diff:  0.0, Sum:  0.0, Workers: 6
[8.250s][debug  ][gc,phases      ] GC(30)     Dead                           Min: 0, Avg:  0.0, Max: 0, Diff: 0, Sum: 0, Workers: 6
[8.250s][debug  ][gc,phases      ] GC(30)     Total                          Min: 768, Avg: 892.2, Max: 960, Diff: 192, Sum: 5353, Workers: 6
[8.250s][debug  ][gc,phases      ] GC(30)   ResolvedMethodTable Weak       Min:  0.0, Avg:  0.0, Max:  0.0, Diff:  0.0, Sum:  0.0, Workers: 6
[8.250s][debug  ][gc,phases      ] GC(30)     Dead                           Min: 0, Avg:  0.0, Max: 0, Diff: 0, Sum: 0, Workers: 6
[8.250s][debug  ][gc,phases      ] GC(30)     Total                          Min: 0, Avg: 21.7, Max: 64, Diff: 64, Sum: 130, Workers: 6
[8.250s][debug  ][gc,phases      ] GC(30)   JNI Weak                       Min:  0.0, Avg:  0.0, Max:  0.0, Diff:  0.0, Sum:  0.0, Workers: 6
[8.250s][debug  ][gc,phases      ] GC(30)     Dead                           Min: 0, Avg:  0.0, Max: 0, Diff: 0, Sum: 0, Workers: 6
[8.250s][debug  ][gc,phases      ] GC(30)     Total                          Min: 0, Avg:  0.0, Max: 0, Diff: 0, Sum: 0, Workers: 6
[8.250s][debug  ][gc,phases      ] GC(30)   StringDedup Table Weak         Min:  0.0, Avg:  0.0, Max:  0.0, Diff:  0.0, Sum:  0.0, Workers: 6
[8.250s][debug  ][gc,phases      ] GC(30)     Dead                           Min: 0, Avg:  0.0, Max: 0, Diff: 0, Sum: 0, Workers: 6
[8.251s][debug  ][gc,phases      ] GC(30)     Total                          Min: 0, Avg:  0.0, Max: 0, Diff: 0, Sum: 0, Workers: 6
[8.251s][debug  ][gc,phases      ] GC(30)   StringDedup Requests0 Weak     Min:  0.0, Avg:  0.0, Max:  0.0, Diff:  0.0, Sum:  0.0, Workers: 6
[8.251s][debug  ][gc,phases      ] GC(30)     Dead                           Min: 0, Avg:  0.0, Max: 0, Diff: 0, Sum: 0, Workers: 6
[8.251s][debug  ][gc,phases      ] GC(30)     Total                          Min: 0, Avg:  0.0, Max: 0, Diff: 0, Sum: 0, Workers: 6
[8.251s][debug  ][gc,phases      ] GC(30)   StringDedup Requests1 Weak     Min:  0.0, Avg:  0.0, Max:  0.0, Diff:  0.0, Sum:  0.0, Workers: 6
[8.251s][debug  ][gc,phases      ] GC(30)     Dead                           Min: 0, Avg:  0.0, Max: 0, Diff: 0, Sum: 0, Workers: 6
[8.251s][debug  ][gc,phases      ] GC(30)     Total                          Min: 0, Avg:  0.0, Max: 0, Diff: 0, Sum: 0, Workers: 6
[8.251s][debug  ][gc,phases      ] GC(30)   Weak JFR Old Object Samples    Min:  0.0, Avg:  0.0, Max:  0.0, Diff:  0.0, Sum:  0.0, Workers: 6
[8.251s][debug  ][gc,phases      ] GC(30)     Dead                           Min: 0, Avg:  0.0, Max: 0, Diff: 0, Sum: 0, Workers: 6
[8.251s][debug  ][gc,phases      ] GC(30)     Total                          Min: 0, Avg:  0.0, Max: 0, Diff: 0, Sum: 0, Workers: 6
[8.251s][debug  ][gc,phases      ] GC(30) Weak Processing 0.755ms
[8.251s][debug  ][gc,ergo        ] GC(30) AdaptiveSizeStart:  collection: 31 
[8.251s][debug  ][gc,ergo        ] GC(30) avg_survived_padded_avg: 32748336.000000
[8.251s][debug  ][gc,ergo        ] GC(30) avg_promoted_padded_avg: 247610560.000000  avg_pretenured_padded_avg: 0.000000  tenuring_thresh: 1  target_size: 33030144
[8.251s][debug  ][gc,age         ] GC(30) Desired survivor size 33030144 bytes, new threshold 1 (max threshold 15)
[8.251s][debug  ][gc,ergo        ] GC(30) PSAdaptiveSizePolicy::compute_eden_space_size limits: desired_eden_size: 242279824 old_eden_size: 202375168 eden_limit: 202375168 cur_eden: 202375168 max_eden_size: 202375168 avg_young_live: 26209820
[8.251s][debug  ][gc,ergo        ] GC(30) PSAdaptiveSizePolicy::compute_eden_space_size: costs minor_time: 0.050956 major_cost: 0.026704 mutator_cost: 0.922340 throughput_goal: 0.990000
[8.251s][debug  ][gc,ergo        ] GC(30) Live_space: 750940672 free_space: 817889280
[8.251s][debug  ][gc,ergo        ] GC(30) Old eden_size: 202375168 desired_eden_size: 202375168
[8.251s][debug  ][gc,ergo        ] GC(30) AdaptiveSizeStop: collection: 31 
[8.251s][info   ][gc,heap        ] GC(30) PSYoungGen: 218853K(229888K)->30720K(229888K) Eden: 188133K(197632K)->0K(197632K) From: 30720K(32256K)->30720K(32256K)
[8.251s][info   ][gc,heap        ] GC(30) ParOldGen: 472675K(982528K)->656995K(982528K)
[8.251s][info   ][gc,metaspace   ] GC(30) Metaspace: 1021K(1216K)->1021K(1216K) NonClass: 937K(1024K)->937K(1024K) Class: 83K(192K)->83K(192K)
[8.251s][info   ][gc             ] GC(30) Pause Young (Allocation Failure) 675M->671M(1184M) 16.667ms
[8.251s][info   ][gc,cpu         ] GC(30) User=0.16s Sys=0.00s Real=0.02s
[8.251s][debug  ][gc,heap        ] GC(30) Heap after GC invocations=31 (full 5):
[8.251s][debug  ][gc,heap        ] GC(30)  PSYoungGen      total 229888K, used 30720K [0x00000000f0000000, 0x0000000100000000, 0x0000000100000000)
[8.251s][debug  ][gc,heap        ] GC(30)   eden space 197632K, 0% used [0x00000000f0000000,0x00000000f0000000,0x00000000fc100000)
[8.251s][debug  ][gc,heap        ] GC(30)   from space 32256K, 95% used [0x00000000fc100000,0x00000000fdf00030,0x00000000fe080000)
[8.251s][debug  ][gc,heap        ] GC(30)   to   space 32256K, 0% used [0x00000000fe080000,0x00000000fe080000,0x0000000100000000)
[8.251s][debug  ][gc,heap        ] GC(30)  ParOldGen       total 982528K, used 656995K [0x0000000080000000, 0x00000000bbf80000, 0x00000000f0000000)
[8.251s][debug  ][gc,heap        ] GC(30)   object space 982528K, 66% used [0x0000000080000000,0x00000000a8198f80,0x00000000bbf80000)
[8.251s][debug  ][gc,heap        ] GC(30)  Metaspace       used 1021K, committed 1216K, reserved 1056768K
[8.251s][debug  ][gc,heap        ] GC(30)   class space    used 83K, committed 192K, reserved 1048576K
[8.251s][debug  ][gc,task,time   ] GC(30) VM-Thread 82340191 82493232 82513686
[8.537s][debug  ][gc,heap        ] GC(31) Heap before GC invocations=32 (full 5):
[8.537s][debug  ][gc,heap        ] GC(31)  PSYoungGen      total 229888K, used 218874K [0x00000000f0000000, 0x0000000100000000, 0x0000000100000000)
[8.537s][debug  ][gc,heap        ] GC(31)   eden space 197632K, 95% used [0x00000000f0000000,0x00000000fb7be838,0x00000000fc100000)
[8.537s][debug  ][gc,heap        ] GC(31)   from space 32256K, 95% used [0x00000000fc100000,0x00000000fdf00030,0x00000000fe080000)
[8.537s][debug  ][gc,heap        ] GC(31)   to   space 32256K, 0% used [0x00000000fe080000,0x00000000fe080000,0x0000000100000000)
[8.537s][debug  ][gc,heap        ] GC(31)  ParOldGen       total 982528K, used 656995K [0x0000000080000000, 0x00000000bbf80000, 0x00000000f0000000)
[8.537s][debug  ][gc,heap        ] GC(31)   object space 982528K, 66% used [0x0000000080000000,0x00000000a8198f80,0x00000000bbf80000)
[8.537s][debug  ][gc,heap        ] GC(31)  Metaspace       used 1021K, committed 1216K, reserved 1056768K
[8.537s][debug  ][gc,heap        ] GC(31)   class space    used 83K, committed 192K, reserved 1048576K
[8.537s][debug  ][gc,tlab        ] GC(31) TLAB totals: thrds: 1  refills: 1 max: 1 slow allocs: 17 max 17 waste: 27.2% gc: 3925784B max: 3925784B slow: 0B max: 0B
[8.537s][info   ][gc,start       ] GC(31) Pause Young (Allocation Failure)
[8.538s][debug  ][gc,phases,start] GC(31) Scavenge
[8.553s][debug  ][gc,phases      ] GC(31) Scavenge 15.039ms
[8.553s][debug  ][gc,phases,start] GC(31) Reference Processing
[8.553s][debug  ][gc,ref         ] GC(31) Skipped phase 1 of Reference Processing: no references
[8.553s][debug  ][gc,ref         ] GC(31) Skipped phase 2 of Reference Processing: no references
[8.553s][debug  ][gc,ref         ] GC(31) Skipped phase 3 of Reference Processing: no references
[8.553s][debug  ][gc,ref         ] GC(31) Skipped phase 4 of Reference Processing: no references
[8.553s][debug  ][gc,phases,ref  ] GC(31) Reference Processing: 0.1ms
[8.553s][debug  ][gc,phases,ref  ] GC(31)   Reconsider SoftReferences: 0.0ms
[8.553s][debug  ][gc,phases,ref  ] GC(31)     SoftRef (ms):                  skipped
[8.553s][debug  ][gc,phases,ref  ] GC(31)   Notify Soft/WeakReferences: 0.0ms
[8.553s][debug  ][gc,phases,ref  ] GC(31)     SoftRef (ms):                  skipped
[8.553s][debug  ][gc,phases,ref  ] GC(31)     WeakRef (ms):                  skipped
[8.553s][debug  ][gc,phases,ref  ] GC(31)     FinalRef (ms):                 skipped
[8.553s][debug  ][gc,phases,ref  ] GC(31)     Total (ms):                    skipped
[8.553s][debug  ][gc,phases,ref  ] GC(31)   Notify and keep alive finalizable: 0.0ms
[8.553s][debug  ][gc,phases,ref  ] GC(31)     FinalRef (ms):                 skipped
[8.553s][debug  ][gc,phases,ref  ] GC(31)   Notify PhantomReferences: 0.0ms
[8.553s][debug  ][gc,phases,ref  ] GC(31)     PhantomRef (ms):               skipped
[8.553s][debug  ][gc,phases,ref  ] GC(31)   SoftReference:
[8.553s][debug  ][gc,phases,ref  ] GC(31)     Discovered: 0
[8.553s][debug  ][gc,phases,ref  ] GC(31)     Cleared: 0
[8.553s][debug  ][gc,phases,ref  ] GC(31)   WeakReference:
[8.553s][debug  ][gc,phases,ref  ] GC(31)     Discovered: 0
[8.553s][debug  ][gc,phases,ref  ] GC(31)     Cleared: 0
[8.553s][debug  ][gc,phases,ref  ] GC(31)   FinalReference:
[8.553s][debug  ][gc,phases,ref  ] GC(31)     Discovered: 0
[8.553s][debug  ][gc,phases,ref  ] GC(31)     Cleared: 0
[8.553s][debug  ][gc,phases,ref  ] GC(31)   PhantomReference:
[8.553s][debug  ][gc,phases,ref  ] GC(31)     Discovered: 0
[8.553s][debug  ][gc,phases,ref  ] GC(31)     Cleared: 0
[8.553s][debug  ][gc,phases      ] GC(31) Reference Processing 0.751ms
[8.553s][debug  ][gc,phases,start] GC(31) Weak Processing
[8.553s][debug  ][gc,phases      ] GC(31)   VM Weak                        Min:  0.0, Avg:  0.0, Max:  0.0, Diff:  0.0, Sum:  0.0, Workers: 6
[8.554s][debug  ][gc,phases      ] GC(31)     Dead                           Min: 0, Avg:  0.0, Max: 0, Diff: 0, Sum: 0, Workers: 6
[8.554s][debug  ][gc,phases      ] GC(31)     Total                          Min: 0, Avg:  1.3, Max: 8, Diff: 8, Sum: 8, Workers: 6
[8.554s][debug  ][gc,phases      ] GC(31)   ObjectSynchronizer Weak        Min:  0.0, Avg:  0.0, Max:  0.0, Diff:  0.0, Sum:  0.0, Workers: 6
[8.554s][debug  ][gc,phases      ] GC(31)     Dead                           Min: 0, Avg:  0.0, Max: 0, Diff: 0, Sum: 0, Workers: 6
[8.554s][debug  ][gc,phases      ] GC(31)     Total                          Min: 0, Avg:  0.5, Max: 3, Diff: 3, Sum: 3, Workers: 6
[8.554s][debug  ][gc,phases      ] GC(31)   JVMTI Tag Weak OopStorage      Min:  0.0, Avg:  0.0, Max:  0.0, Diff:  0.0, Sum:  0.0, Workers: 6
[8.554s][debug  ][gc,phases      ] GC(31)     Dead                           Min: 0, Avg:  0.0, Max: 0, Diff: 0, Sum: 0, Workers: 6
[8.554s][debug  ][gc,phases      ] GC(31)     Total                          Min: 0, Avg:  0.0, Max: 0, Diff: 0, Sum: 0, Workers: 6
[8.554s][debug  ][gc,phases      ] GC(31)   StringTable Weak               Min:  0.0, Avg:  0.0, Max:  0.0, Diff:  0.0, Sum:  0.0, Workers: 6
[8.554s][debug  ][gc,phases      ] GC(31)     Dead                           Min: 0, Avg:  0.0, Max: 0, Diff: 0, Sum: 0, Workers: 6
[8.554s][debug  ][gc,phases      ] GC(31)     Total                          Min: 576, Avg: 892.2, Max: 1088, Diff: 512, Sum: 5353, Workers: 6
[8.554s][debug  ][gc,phases      ] GC(31)   ResolvedMethodTable Weak       Min:  0.0, Avg:  0.0, Max:  0.0, Diff:  0.0, Sum:  0.0, Workers: 6
[8.554s][debug  ][gc,phases      ] GC(31)     Dead                           Min: 0, Avg:  0.0, Max: 0, Diff: 0, Sum: 0, Workers: 6
[8.554s][debug  ][gc,phases      ] GC(31)     Total                          Min: 0, Avg: 21.7, Max: 64, Diff: 64, Sum: 130, Workers: 6
[8.554s][debug  ][gc,phases      ] GC(31)   JNI Weak                       Min:  0.0, Avg:  0.0, Max:  0.0, Diff:  0.0, Sum:  0.0, Workers: 6
[8.554s][debug  ][gc,phases      ] GC(31)     Dead                           Min: 0, Avg:  0.0, Max: 0, Diff: 0, Sum: 0, Workers: 6
[8.554s][debug  ][gc,phases      ] GC(31)     Total                          Min: 0, Avg:  0.0, Max: 0, Diff: 0, Sum: 0, Workers: 6
[8.554s][debug  ][gc,phases      ] GC(31)   StringDedup Table Weak         Min:  0.0, Avg:  0.0, Max:  0.0, Diff:  0.0, Sum:  0.0, Workers: 6
[8.554s][debug  ][gc,phases      ] GC(31)     Dead                           Min: 0, Avg:  0.0, Max: 0, Diff: 0, Sum: 0, Workers: 6
[8.554s][debug  ][gc,phases      ] GC(31)     Total                          Min: 0, Avg:  0.0, Max: 0, Diff: 0, Sum: 0, Workers: 6
[8.554s][debug  ][gc,phases      ] GC(31)   StringDedup Requests0 Weak     Min:  0.0, Avg:  0.0, Max:  0.0, Diff:  0.0, Sum:  0.0, Workers: 6
[8.554s][debug  ][gc,phases      ] GC(31)     Dead                           Min: 0, Avg:  0.0, Max: 0, Diff: 0, Sum: 0, Workers: 6
[8.554s][debug  ][gc,phases      ] GC(31)     Total                          Min: 0, Avg:  0.0, Max: 0, Diff: 0, Sum: 0, Workers: 6
[8.554s][debug  ][gc,phases      ] GC(31)   StringDedup Requests1 Weak     Min:  0.0, Avg:  0.0, Max:  0.0, Diff:  0.0, Sum:  0.0, Workers: 6
[8.554s][debug  ][gc,phases      ] GC(31)     Dead                           Min: 0, Avg:  0.0, Max: 0, Diff: 0, Sum: 0, Workers: 6
[8.554s][debug  ][gc,phases      ] GC(31)     Total                          Min: 0, Avg:  0.0, Max: 0, Diff: 0, Sum: 0, Workers: 6
[8.554s][debug  ][gc,phases      ] GC(31)   Weak JFR Old Object Samples    Min:  0.0, Avg:  0.0, Max:  0.0, Diff:  0.0, Sum:  0.0, Workers: 6
[8.554s][debug  ][gc,phases      ] GC(31)     Dead                           Min: 0, Avg:  0.0, Max: 0, Diff: 0, Sum: 0, Workers: 6
[8.554s][debug  ][gc,phases      ] GC(31)     Total                          Min: 0, Avg:  0.0, Max: 0, Diff: 0, Sum: 0, Workers: 6
[8.554s][debug  ][gc,phases      ] GC(31) Weak Processing 0.821ms
[8.554s][debug  ][gc,ergo        ] GC(31) AdaptiveSizeStart:  collection: 32 
[8.554s][debug  ][gc,ergo        ] GC(31) avg_survived_padded_avg: 32667948.000000
[8.554s][debug  ][gc,ergo        ] GC(31) avg_promoted_padded_avg: 248262848.000000  avg_pretenured_padded_avg: 0.000000  tenuring_thresh: 1  target_size: 33030144
[8.554s][debug  ][gc,age         ] GC(31) Desired survivor size 33030144 bytes, new threshold 1 (max threshold 15)
[8.554s][debug  ][gc,ergo        ] GC(31) PSAdaptiveSizePolicy::compute_eden_space_size limits: desired_eden_size: 242559476 old_eden_size: 202375168 eden_limit: 202375168 cur_eden: 202375168 max_eden_size: 202375168 avg_young_live: 26734570
[8.554s][debug  ][gc,ergo        ] GC(31) PSAdaptiveSizePolicy::compute_eden_space_size: costs minor_time: 0.052008 major_cost: 0.026704 mutator_cost: 0.921287 throughput_goal: 0.990000
[8.554s][debug  ][gc,ergo        ] GC(31) Live_space: 751465472 free_space: 817889280
[8.554s][debug  ][gc,ergo        ] GC(31) Old eden_size: 202375168 desired_eden_size: 202375168
[8.554s][debug  ][gc,ergo        ] GC(31) AdaptiveSizeStop: collection: 32 
[8.554s][info   ][gc,heap        ] GC(31) PSYoungGen: 218874K(229888K)->30720K(229888K) Eden: 188154K(197632K)->0K(197632K) From: 30720K(32256K)->30720K(32256K)
[8.555s][info   ][gc,heap        ] GC(31) ParOldGen: 656995K(982528K)->841316K(982528K)
[8.555s][info   ][gc,metaspace   ] GC(31) Metaspace: 1021K(1216K)->1021K(1216K) NonClass: 937K(1024K)->937K(1024K) Class: 83K(192K)->83K(192K)
[8.555s][info   ][gc             ] GC(31) Pause Young (Allocation Failure) 855M->851M(1184M) 17.092ms
[8.555s][info   ][gc,cpu         ] GC(31) User=0.14s Sys=0.00s Real=0.02s
[8.555s][debug  ][gc,heap        ] GC(31) Heap after GC invocations=32 (full 5):
[8.555s][debug  ][gc,heap        ] GC(31)  PSYoungGen      total 229888K, used 30720K [0x00000000f0000000, 0x0000000100000000, 0x0000000100000000)
[8.555s][debug  ][gc,heap        ] GC(31)   eden space 197632K, 0% used [0x00000000f0000000,0x00000000f0000000,0x00000000fc100000)
[8.555s][debug  ][gc,heap        ] GC(31)   from space 32256K, 95% used [0x00000000fe080000,0x00000000ffe80030,0x0000000100000000)
[8.555s][debug  ][gc,heap        ] GC(31)   to   space 32256K, 0% used [0x00000000fc100000,0x00000000fc100000,0x00000000fe080000)
[8.555s][debug  ][gc,heap        ] GC(31)  ParOldGen       total 982528K, used 841316K [0x0000000080000000, 0x00000000bbf80000, 0x00000000f0000000)
[8.555s][debug  ][gc,heap        ] GC(31)   object space 982528K, 85% used [0x0000000080000000,0x00000000b35990a0,0x00000000bbf80000)
[8.555s][debug  ][gc,heap        ] GC(31)  Metaspace       used 1021K, committed 1216K, reserved 1056768K
[8.555s][debug  ][gc,heap        ] GC(31)   class space    used 83K, committed 192K, reserved 1048576K
[8.555s][debug  ][gc,task,time   ] GC(31) VM-Thread 85371338 85526589 85548599
[8.555s][debug  ][gc,phases,start] GC(32) Pre Compact
[8.555s][debug  ][gc,heap        ] GC(32) Heap before GC invocations=33 (full 6):
[8.555s][debug  ][gc,heap        ] GC(32)  PSYoungGen      total 229888K, used 30720K [0x00000000f0000000, 0x0000000100000000, 0x0000000100000000)
[8.555s][debug  ][gc,heap        ] GC(32)   eden space 197632K, 0% used [0x00000000f0000000,0x00000000f0000000,0x00000000fc100000)
[8.555s][debug  ][gc,heap        ] GC(32)   from space 32256K, 95% used [0x00000000fe080000,0x00000000ffe80030,0x0000000100000000)
[8.555s][debug  ][gc,heap        ] GC(32)   to   space 32256K, 0% used [0x00000000fc100000,0x00000000fc100000,0x00000000fe080000)
[8.555s][debug  ][gc,heap        ] GC(32)  ParOldGen       total 982528K, used 841316K [0x0000000080000000, 0x00000000bbf80000, 0x00000000f0000000)
[8.555s][debug  ][gc,heap        ] GC(32)   object space 982528K, 85% used [0x0000000080000000,0x00000000b35990a0,0x00000000bbf80000)
[8.555s][debug  ][gc,heap        ] GC(32)  Metaspace       used 1021K, committed 1216K, reserved 1056768K
[8.555s][debug  ][gc,heap        ] GC(32)   class space    used 83K, committed 192K, reserved 1048576K
[8.555s][debug  ][gc,phases      ] GC(32) Pre Compact 0.231ms
[8.555s][info   ][gc,start       ] GC(32) Pause Full (Ergonomics)
[8.555s][info   ][gc,phases,start] GC(32) Marking Phase
[8.555s][debug  ][gc,phases,start] GC(32) Par Mark
[8.556s][debug  ][gc,phases      ] GC(32) Par Mark 0.522ms
[8.556s][debug  ][gc,phases,start] GC(32) Reference Processing
[8.556s][debug  ][gc,ref         ] GC(32) Skipped phase 1 of Reference Processing: no references
[8.556s][debug  ][gc,ref         ] GC(32) ReferenceProcessor::execute queues: 1, RefProcThreadModel::Single, marks_oops_alive: false
[8.556s][debug  ][gc,ref         ] GC(32) Skipped phase 3 of Reference Processing: no references
[8.556s][debug  ][gc,ref         ] GC(32) ReferenceProcessor::execute queues: 1, RefProcThreadModel::Single, marks_oops_alive: false
[8.556s][debug  ][gc,phases,ref  ] GC(32) Reference Processing: 0.1ms
[8.556s][debug  ][gc,phases,ref  ] GC(32)   Reconsider SoftReferences: 0.0ms
[8.556s][debug  ][gc,phases,ref  ] GC(32)     SoftRef (ms):                  skipped
[8.556s][debug  ][gc,phases,ref  ] GC(32)   Notify Soft/WeakReferences: 0.0ms
[8.556s][debug  ][gc,phases,ref  ] GC(32)     SoftRef (ms):                  Min:  0.0, Avg:  0.0, Max:  0.0, Diff:  0.0, Sum:  0.0, Workers: 10
[8.556s][debug  ][gc,phases,ref  ] GC(32)     WeakRef (ms):                  Min:  0.0, Avg:  0.0, Max:  0.0, Diff:  0.0, Sum:  0.0, Workers: 10
[8.556s][debug  ][gc,phases,ref  ] GC(32)     FinalRef (ms):                 Min:  0.0, Avg:  0.0, Max:  0.0, Diff:  0.0, Sum:  0.0, Workers: 10
[8.556s][debug  ][gc,phases,ref  ] GC(32)     Total (ms):                    Min:  0.0, Avg:  0.0, Max:  0.0, Diff:  0.0, Sum:  0.0, Workers: 10
[8.556s][debug  ][gc,phases,ref  ] GC(32)   Notify and keep alive finalizable: 0.0ms
[8.556s][debug  ][gc,phases,ref  ] GC(32)     FinalRef (ms):                 skipped
[8.556s][debug  ][gc,phases,ref  ] GC(32)   Notify PhantomReferences: 0.0ms
[8.556s][debug  ][gc,phases,ref  ] GC(32)     PhantomRef (ms):               Min:  0.0, Avg:  0.0, Max:  0.0, Diff:  0.0, Sum:  0.0, Workers: 10
[8.556s][debug  ][gc,phases,ref  ] GC(32)   SoftReference:
[8.556s][debug  ][gc,phases,ref  ] GC(32)     Discovered: 0
[8.556s][debug  ][gc,phases,ref  ] GC(32)     Cleared: 0
[8.556s][debug  ][gc,phases,ref  ] GC(32)   WeakReference:
[8.556s][debug  ][gc,phases,ref  ] GC(32)     Discovered: 74
[8.556s][debug  ][gc,phases,ref  ] GC(32)     Cleared: 74
[8.556s][debug  ][gc,phases,ref  ] GC(32)   FinalReference:
[8.556s][debug  ][gc,phases,ref  ] GC(32)     Discovered: 0
[8.556s][debug  ][gc,phases,ref  ] GC(32)     Cleared: 0
[8.556s][debug  ][gc,phases,ref  ] GC(32)   PhantomReference:
[8.556s][debug  ][gc,phases,ref  ] GC(32)     Discovered: 3
[8.556s][debug  ][gc,phases,ref  ] GC(32)     Cleared: 3
[8.556s][debug  ][gc,phases      ] GC(32) Reference Processing 0.642ms
[8.556s][debug  ][gc,phases,start] GC(32) Weak Processing
[8.556s][debug  ][gc,phases      ] GC(32)   VM Weak                        Min:  0.0, Avg:  0.0, Max:  0.0, Diff:  0.0, Sum:  0.0, Workers: 6
[8.556s][debug  ][gc,phases      ] GC(32)     Dead                           Min: 0, Avg:  0.0, Max: 0, Diff: 0, Sum: 0, Workers: 6
[8.556s][debug  ][gc,phases      ] GC(32)     Total                          Min: 0, Avg:  1.3, Max: 8, Diff: 8, Sum: 8, Workers: 6
[8.557s][debug  ][gc,phases      ] GC(32)   ObjectSynchronizer Weak        Min:  0.0, Avg:  0.0, Max:  0.0, Diff:  0.0, Sum:  0.0, Workers: 6
[8.557s][debug  ][gc,phases      ] GC(32)     Dead                           Min: 0, Avg:  0.0, Max: 0, Diff: 0, Sum: 0, Workers: 6
[8.557s][debug  ][gc,phases      ] GC(32)     Total                          Min: 0, Avg:  0.5, Max: 3, Diff: 3, Sum: 3, Workers: 6
[8.557s][debug  ][gc,phases      ] GC(32)   JVMTI Tag Weak OopStorage      Min:  0.0, Avg:  0.0, Max:  0.0, Diff:  0.0, Sum:  0.0, Workers: 6
[8.557s][debug  ][gc,phases      ] GC(32)     Dead                           Min: 0, Avg:  0.0, Max: 0, Diff: 0, Sum: 0, Workers: 6
[8.557s][debug  ][gc,phases      ] GC(32)     Total                          Min: 0, Avg:  0.0, Max: 0, Diff: 0, Sum: 0, Workers: 6
[8.557s][debug  ][gc,phases      ] GC(32)   StringTable Weak               Min:  0.0, Avg:  0.0, Max:  0.0, Diff:  0.0, Sum:  0.0, Workers: 6
[8.557s][debug  ][gc,phases      ] GC(32)     Dead                           Min: 0, Avg:  0.0, Max: 0, Diff: 0, Sum: 0, Workers: 6
[8.557s][debug  ][gc,phases      ] GC(32)     Total                          Min: 511, Avg: 892.2, Max: 1408, Diff: 897, Sum: 5353, Workers: 6
[8.557s][debug  ][gc,phases      ] GC(32)   ResolvedMethodTable Weak       Min:  0.0, Avg:  0.0, Max:  0.0, Diff:  0.0, Sum:  0.0, Workers: 6
[8.557s][debug  ][gc,phases      ] GC(32)     Dead                           Min: 0, Avg:  0.0, Max: 0, Diff: 0, Sum: 0, Workers: 6
[8.557s][debug  ][gc,phases      ] GC(32)     Total                          Min: 0, Avg: 21.7, Max: 64, Diff: 64, Sum: 130, Workers: 6
[8.557s][debug  ][gc,phases      ] GC(32)   JNI Weak                       Min:  0.0, Avg:  0.0, Max:  0.0, Diff:  0.0, Sum:  0.0, Workers: 6
[8.557s][debug  ][gc,phases      ] GC(32)     Dead                           Min: 0, Avg:  0.0, Max: 0, Diff: 0, Sum: 0, Workers: 6
[8.557s][debug  ][gc,phases      ] GC(32)     Total                          Min: 0, Avg:  0.0, Max: 0, Diff: 0, Sum: 0, Workers: 6
[8.557s][debug  ][gc,phases      ] GC(32)   StringDedup Table Weak         Min:  0.0, Avg:  0.0, Max:  0.0, Diff:  0.0, Sum:  0.0, Workers: 6
[8.557s][debug  ][gc,phases      ] GC(32)     Dead                           Min: 0, Avg:  0.0, Max: 0, Diff: 0, Sum: 0, Workers: 6
[8.557s][debug  ][gc,phases      ] GC(32)     Total                          Min: 0, Avg:  0.0, Max: 0, Diff: 0, Sum: 0, Workers: 6
[8.557s][debug  ][gc,phases      ] GC(32)   StringDedup Requests0 Weak     Min:  0.0, Avg:  0.0, Max:  0.0, Diff:  0.0, Sum:  0.0, Workers: 6
[8.557s][debug  ][gc,phases      ] GC(32)     Dead                           Min: 0, Avg:  0.0, Max: 0, Diff: 0, Sum: 0, Workers: 6
[8.557s][debug  ][gc,phases      ] GC(32)     Total                          Min: 0, Avg:  0.0, Max: 0, Diff: 0, Sum: 0, Workers: 6
[8.557s][debug  ][gc,phases      ] GC(32)   StringDedup Requests1 Weak     Min:  0.0, Avg:  0.0, Max:  0.0, Diff:  0.0, Sum:  0.0, Workers: 6
[8.557s][debug  ][gc,phases      ] GC(32)     Dead                           Min: 0, Avg:  0.0, Max: 0, Diff: 0, Sum: 0, Workers: 6
[8.557s][debug  ][gc,phases      ] GC(32)     Total                          Min: 0, Avg:  0.0, Max: 0, Diff: 0, Sum: 0, Workers: 6
[8.557s][debug  ][gc,phases      ] GC(32)   Weak JFR Old Object Samples    Min:  0.0, Avg:  0.0, Max:  0.0, Diff:  0.0, Sum:  0.0, Workers: 6
[8.557s][debug  ][gc,phases      ] GC(32)     Dead                           Min: 0, Avg:  0.0, Max: 0, Diff: 0, Sum: 0, Workers: 6
[8.557s][debug  ][gc,phases      ] GC(32)     Total                          Min: 0, Avg:  0.0, Max: 0, Diff: 0, Sum: 0, Workers: 6
[8.557s][debug  ][gc,phases      ] GC(32) Weak Processing 0.713ms
[8.557s][debug  ][gc,phases,start] GC(32) Class Unloading
[8.557s][debug  ][gc,phases,start] GC(32) ClassLoaderData
[8.557s][debug  ][gc,phases      ] GC(32) ClassLoaderData 0.022ms
[8.557s][debug  ][gc,phases,start] GC(32) Trigger cleanups
[8.557s][debug  ][gc,phases      ] GC(32) Trigger cleanups 0.021ms
[8.557s][debug  ][gc,phases      ] GC(32) Class Unloading 0.258ms
[8.557s][info   ][gc,phases      ] GC(32) Marking Phase 2.255ms
[8.557s][info   ][gc,phases,start] GC(32) Summary Phase
[8.557s][info   ][gc,phases      ] GC(32) Summary Phase 0.030ms
[8.558s][info   ][gc,phases,start] GC(32) Adjust Roots
[8.558s][info   ][gc,phases      ] GC(32) Adjust Roots 0.150ms
[8.558s][info   ][gc,phases,start] GC(32) Compaction Phase
[8.561s][info   ][gc,phases      ] GC(32) Compaction Phase 3.321ms
[8.561s][info   ][gc,phases,start] GC(32) Post Compact
[8.564s][info   ][gc,phases      ] GC(32) Post Compact 3.105ms
[8.564s][debug  ][gc,ergo        ] GC(32) AdaptiveSizeStart: collection: 33 
[8.564s][debug  ][gc,ergo        ] GC(32) PSAdaptiveSizePolicy::compute_eden_space_size limits: desired_eden_size: 245178223 old_eden_size: 202375168 eden_limit: 202375168 cur_eden: 202375168 max_eden_size: 202375168 avg_young_live: 24061112
[8.564s][debug  ][gc,ergo        ] GC(32) PSAdaptiveSizePolicy::compute_eden_space_size: costs minor_time: 0.052008 major_cost: 0.021889 mutator_cost: 0.926103 throughput_goal: 0.990000
[8.564s][debug  ][gc,ergo        ] GC(32) Live_space: 748792000 free_space: 817889280
[8.564s][debug  ][gc,ergo        ] GC(32) Old eden_size: 202375168 desired_eden_size: 202375168
[8.564s][debug  ][gc,ergo        ] GC(32) PSAdaptiveSizePolicy::compute_old_gen_free_space: costs minor_time: 0.052008 major_cost: 0.021889  mutator_cost: 0.926103 throughput_goal: 0.990000
[8.564s][debug  ][gc,ergo        ] GC(32) Live_space: 818659136 free_space: 817889280
[8.564s][debug  ][gc,ergo        ] GC(32) Old promo_size: 615514112 desired_promo_size: 688914432
[8.566s][debug  ][gc             ] GC(32) Expanding ParOldGen from 982528K by 804864K to 1787392K
[8.566s][debug  ][gc,ergo        ] GC(32) AdaptiveSizeStop: collection: 33 
[8.566s][info   ][gc,heap        ] GC(32) PSYoungGen: 30720K(229888K)->0K(229888K) Eden: 0K(197632K)->0K(197632K) From: 30720K(32256K)->0K(32256K)
[8.566s][info   ][gc,heap        ] GC(32) ParOldGen: 841316K(982528K)->872036K(1787392K)
[8.566s][info   ][gc,metaspace   ] GC(32) Metaspace: 1021K(1216K)->1021K(1216K) NonClass: 937K(1024K)->937K(1024K) Class: 83K(192K)->83K(192K)
[8.566s][info   ][gc             ] GC(32) Pause Full (Ergonomics) 851M->851M(1970M) 11.072ms
[8.566s][info   ][gc,cpu         ] GC(32) User=0.00s Sys=0.00s Real=0.01s
[8.566s][debug  ][gc,heap        ] GC(32) Heap after GC invocations=33 (full 6):
[8.566s][debug  ][gc,heap        ] GC(32)  PSYoungGen      total 229888K, used 0K [0x00000000f0000000, 0x0000000100000000, 0x0000000100000000)
[8.566s][debug  ][gc,heap        ] GC(32)   eden space 197632K, 0% used [0x00000000f0000000,0x00000000f0000000,0x00000000fc100000)
[8.566s][debug  ][gc,heap        ] GC(32)   from space 32256K, 0% used [0x00000000fc100000,0x00000000fc100000,0x00000000fe080000)
[8.566s][debug  ][gc,heap        ] GC(32)   to   space 32256K, 0% used [0x00000000fe080000,0x00000000fe080000,0x0000000100000000)
[8.566s][debug  ][gc,heap        ] GC(32)  ParOldGen       total 1787392K, used 872036K [0x0000000080000000, 0x00000000ed180000, 0x00000000f0000000)
[8.566s][debug  ][gc,heap        ] GC(32)   object space 1787392K, 48% used [0x0000000080000000,0x00000000b53990d0,0x00000000ed180000)
[8.566s][debug  ][gc,heap        ] GC(32)  Metaspace       used 1021K, committed 1216K, reserved 1056768K
[8.566s][debug  ][gc,heap        ] GC(32)   class space    used 83K, committed 192K, reserved 1048576K
[8.566s][debug  ][gc,task,time   ] GC(32) VM-Thread 85551654 85577017 85662676
[8.854s][debug  ][gc,heap        ] GC(33) Heap before GC invocations=34 (full 6):
[8.854s][debug  ][gc,heap        ] GC(33)  PSYoungGen      total 229888K, used 188167K [0x00000000f0000000, 0x0000000100000000, 0x0000000100000000)
[8.854s][debug  ][gc,heap        ] GC(33)   eden space 197632K, 95% used [0x00000000f0000000,0x00000000fb7c1de0,0x00000000fc100000)
[8.854s][debug  ][gc,heap        ] GC(33)   from space 32256K, 0% used [0x00000000fc100000,0x00000000fc100000,0x00000000fe080000)
[8.854s][debug  ][gc,heap        ] GC(33)   to   space 32256K, 0% used [0x00000000fe080000,0x00000000fe080000,0x0000000100000000)
[8.854s][debug  ][gc,heap        ] GC(33)  ParOldGen       total 1787392K, used 872036K [0x0000000080000000, 0x00000000ed180000, 0x00000000f0000000)
[8.854s][debug  ][gc,heap        ] GC(33)   object space 1787392K, 48% used [0x0000000080000000,0x00000000b53990d0,0x00000000ed180000)
[8.854s][debug  ][gc,heap        ] GC(33)  Metaspace       used 1021K, committed 1216K, reserved 1056768K
[8.854s][debug  ][gc,heap        ] GC(33)   class space    used 83K, committed 192K, reserved 1048576K
[8.854s][debug  ][gc,tlab        ] GC(33) TLAB totals: thrds: 1  refills: 1 max: 1 slow allocs: 17 max 17 waste: 27.3% gc: 3938352B max: 3938352B slow: 0B max: 0B
[8.854s][info   ][gc,start       ] GC(33) Pause Young (Allocation Failure)
[8.855s][debug  ][gc,phases,start] GC(33) Scavenge
[8.858s][debug  ][gc,phases      ] GC(33) Scavenge 3.269ms
[8.858s][debug  ][gc,phases,start] GC(33) Reference Processing
[8.858s][debug  ][gc,ref         ] GC(33) Skipped phase 1 of Reference Processing: no references
[8.858s][debug  ][gc,ref         ] GC(33) Skipped phase 2 of Reference Processing: no references
[8.858s][debug  ][gc,ref         ] GC(33) Skipped phase 3 of Reference Processing: no references
[8.858s][debug  ][gc,ref         ] GC(33) Skipped phase 4 of Reference Processing: no references
[8.858s][debug  ][gc,phases,ref  ] GC(33) Reference Processing: 0.1ms
[8.858s][debug  ][gc,phases,ref  ] GC(33)   Reconsider SoftReferences: 0.0ms
[8.858s][debug  ][gc,phases,ref  ] GC(33)     SoftRef (ms):                  skipped
[8.858s][debug  ][gc,phases,ref  ] GC(33)   Notify Soft/WeakReferences: 0.0ms
[8.858s][debug  ][gc,phases,ref  ] GC(33)     SoftRef (ms):                  skipped
[8.858s][debug  ][gc,phases,ref  ] GC(33)     WeakRef (ms):                  skipped
[8.858s][debug  ][gc,phases,ref  ] GC(33)     FinalRef (ms):                 skipped
[8.858s][debug  ][gc,phases,ref  ] GC(33)     Total (ms):                    skipped
[8.858s][debug  ][gc,phases,ref  ] GC(33)   Notify and keep alive finalizable: 0.0ms
[8.858s][debug  ][gc,phases,ref  ] GC(33)     FinalRef (ms):                 skipped
[8.858s][debug  ][gc,phases,ref  ] GC(33)   Notify PhantomReferences: 0.0ms
[8.858s][debug  ][gc,phases,ref  ] GC(33)     PhantomRef (ms):               skipped
[8.858s][debug  ][gc,phases,ref  ] GC(33)   SoftReference:
[8.858s][debug  ][gc,phases,ref  ] GC(33)     Discovered: 0
[8.858s][debug  ][gc,phases,ref  ] GC(33)     Cleared: 0
[8.858s][debug  ][gc,phases,ref  ] GC(33)   WeakReference:
[8.858s][debug  ][gc,phases,ref  ] GC(33)     Discovered: 0
[8.858s][debug  ][gc,phases,ref  ] GC(33)     Cleared: 0
[8.858s][debug  ][gc,phases,ref  ] GC(33)   FinalReference:
[8.859s][debug  ][gc,phases,ref  ] GC(33)     Discovered: 0
[8.859s][debug  ][gc,phases,ref  ] GC(33)     Cleared: 0
[8.859s][debug  ][gc,phases,ref  ] GC(33)   PhantomReference:
[8.859s][debug  ][gc,phases,ref  ] GC(33)     Discovered: 0
[8.859s][debug  ][gc,phases,ref  ] GC(33)     Cleared: 0
[8.859s][debug  ][gc,phases      ] GC(33) Reference Processing 0.753ms
[8.859s][debug  ][gc,phases,start] GC(33) Weak Processing
[8.859s][debug  ][gc,phases      ] GC(33)   VM Weak                        Min:  0.0, Avg:  0.0, Max:  0.0, Diff:  0.0, Sum:  0.0, Workers: 6
[8.859s][debug  ][gc,phases      ] GC(33)     Dead                           Min: 0, Avg:  0.0, Max: 0, Diff: 0, Sum: 0, Workers: 6
[8.859s][debug  ][gc,phases      ] GC(33)     Total                          Min: 0, Avg:  1.3, Max: 8, Diff: 8, Sum: 8, Workers: 6
[8.859s][debug  ][gc,phases      ] GC(33)   ObjectSynchronizer Weak        Min:  0.0, Avg:  0.0, Max:  0.0, Diff:  0.0, Sum:  0.0, Workers: 6
[8.859s][debug  ][gc,phases      ] GC(33)     Dead                           Min: 0, Avg:  0.0, Max: 0, Diff: 0, Sum: 0, Workers: 6
[8.859s][debug  ][gc,phases      ] GC(33)     Total                          Min: 0, Avg:  0.5, Max: 3, Diff: 3, Sum: 3, Workers: 6
[8.859s][debug  ][gc,phases      ] GC(33)   JVMTI Tag Weak OopStorage      Min:  0.0, Avg:  0.0, Max:  0.0, Diff:  0.0, Sum:  0.0, Workers: 6
[8.859s][debug  ][gc,phases      ] GC(33)     Dead                           Min: 0, Avg:  0.0, Max: 0, Diff: 0, Sum: 0, Workers: 6
[8.859s][debug  ][gc,phases      ] GC(33)     Total                          Min: 0, Avg:  0.0, Max: 0, Diff: 0, Sum: 0, Workers: 6
[8.859s][debug  ][gc,phases      ] GC(33)   StringTable Weak               Min:  0.0, Avg:  0.0, Max:  0.0, Diff:  0.0, Sum:  0.0, Workers: 6
[8.859s][debug  ][gc,phases      ] GC(33)     Dead                           Min: 0, Avg:  0.0, Max: 0, Diff: 0, Sum: 0, Workers: 6
[8.859s][debug  ][gc,phases      ] GC(33)     Total                          Min: 639, Avg: 892.2, Max: 1194, Diff: 555, Sum: 5353, Workers: 6
[8.859s][debug  ][gc,phases      ] GC(33)   ResolvedMethodTable Weak       Min:  0.0, Avg:  0.0, Max:  0.0, Diff:  0.0, Sum:  0.0, Workers: 6
[8.859s][debug  ][gc,phases      ] GC(33)     Dead                           Min: 0, Avg:  0.0, Max: 0, Diff: 0, Sum: 0, Workers: 6
[8.859s][debug  ][gc,phases      ] GC(33)     Total                          Min: 0, Avg: 21.7, Max: 64, Diff: 64, Sum: 130, Workers: 6
[8.859s][debug  ][gc,phases      ] GC(33)   JNI Weak                       Min:  0.0, Avg:  0.0, Max:  0.0, Diff:  0.0, Sum:  0.0, Workers: 6
[8.859s][debug  ][gc,phases      ] GC(33)     Dead                           Min: 0, Avg:  0.0, Max: 0, Diff: 0, Sum: 0, Workers: 6
[8.859s][debug  ][gc,phases      ] GC(33)     Total                          Min: 0, Avg:  0.0, Max: 0, Diff: 0, Sum: 0, Workers: 6
[8.859s][debug  ][gc,phases      ] GC(33)   StringDedup Table Weak         Min:  0.0, Avg:  0.0, Max:  0.0, Diff:  0.0, Sum:  0.0, Workers: 6
[8.859s][debug  ][gc,phases      ] GC(33)     Dead                           Min: 0, Avg:  0.0, Max: 0, Diff: 0, Sum: 0, Workers: 6
[8.859s][debug  ][gc,phases      ] GC(33)     Total                          Min: 0, Avg:  0.0, Max: 0, Diff: 0, Sum: 0, Workers: 6
[8.859s][debug  ][gc,phases      ] GC(33)   StringDedup Requests0 Weak     Min:  0.0, Avg:  0.0, Max:  0.0, Diff:  0.0, Sum:  0.0, Workers: 6
[8.859s][debug  ][gc,phases      ] GC(33)     Dead                           Min: 0, Avg:  0.0, Max: 0, Diff: 0, Sum: 0, Workers: 6
[8.859s][debug  ][gc,phases      ] GC(33)     Total                          Min: 0, Avg:  0.0, Max: 0, Diff: 0, Sum: 0, Workers: 6
[8.859s][debug  ][gc,phases      ] GC(33)   StringDedup Requests1 Weak     Min:  0.0, Avg:  0.0, Max:  0.0, Diff:  0.0, Sum:  0.0, Workers: 6
[8.859s][debug  ][gc,phases      ] GC(33)     Dead                           Min: 0, Avg:  0.0, Max: 0, Diff: 0, Sum: 0, Workers: 6
[8.859s][debug  ][gc,phases      ] GC(33)     Total                          Min: 0, Avg:  0.0, Max: 0, Diff: 0, Sum: 0, Workers: 6
[8.859s][debug  ][gc,phases      ] GC(33)   Weak JFR Old Object Samples    Min:  0.0, Avg:  0.0, Max:  0.0, Diff:  0.0, Sum:  0.0, Workers: 6
[8.859s][debug  ][gc,phases      ] GC(33)     Dead                           Min: 0, Avg:  0.0, Max: 0, Diff: 0, Sum: 0, Workers: 6
[8.860s][debug  ][gc,phases      ] GC(33)     Total                          Min: 0, Avg:  0.0, Max: 0, Diff: 0, Sum: 0, Workers: 6
[8.860s][debug  ][gc,phases      ] GC(33) Weak Processing 0.881ms
[8.860s][debug  ][gc,ergo        ] GC(33) AdaptiveSizeStart:  collection: 34 
[8.860s][debug  ][gc,ergo        ] GC(33) avg_survived_padded_avg: 32590728.000000
[8.860s][debug  ][gc,ergo        ] GC(33) avg_promoted_padded_avg: 231568096.000000  avg_pretenured_padded_avg: 0.000000  tenuring_thresh: 1  target_size: 33030144
[8.860s][debug  ][gc,age         ] GC(33) Desired survivor size 33030144 bytes, new threshold 1 (max threshold 15)
[8.860s][debug  ][gc,ergo        ] GC(33) PSAdaptiveSizePolicy::compute_eden_space_size limits: desired_eden_size: 242718645 old_eden_size: 202375168 eden_limit: 202375168 cur_eden: 202375168 max_eden_size: 202375168 avg_young_live: 24800734
[8.860s][debug  ][gc,ergo        ] GC(33) PSAdaptiveSizePolicy::compute_eden_space_size: costs minor_time: 0.043131 major_cost: 0.021889 mutator_cost: 0.934980 throughput_goal: 0.990000
[8.860s][debug  ][gc,ergo        ] GC(33) Live_space: 819398784 free_space: 891289600
[8.860s][debug  ][gc,ergo        ] GC(33) Old eden_size: 202375168 desired_eden_size: 202375168
[8.860s][debug  ][gc,ergo        ] GC(33) AdaptiveSizeStop: collection: 34 
[8.860s][info   ][gc,heap        ] GC(33) PSYoungGen: 188167K(229888K)->30720K(229888K) Eden: 188167K(197632K)->0K(197632K) From: 0K(32256K)->30720K(32256K)
[8.860s][info   ][gc,heap        ] GC(33) ParOldGen: 872036K(1787392K)->872036K(1787392K)
[8.860s][info   ][gc,metaspace   ] GC(33) Metaspace: 1021K(1216K)->1021K(1216K) NonClass: 937K(1024K)->937K(1024K) Class: 83K(192K)->83K(192K)
[8.860s][info   ][gc             ] GC(33) Pause Young (Allocation Failure) 1035M->881M(1970M) 5.435ms
[8.860s][info   ][gc,cpu         ] GC(33) User=0.00s Sys=0.00s Real=0.01s
[8.860s][debug  ][gc,heap        ] GC(33) Heap after GC invocations=34 (full 6):
[8.860s][debug  ][gc,heap        ] GC(33)  PSYoungGen      total 229888K, used 30720K [0x00000000f0000000, 0x0000000100000000, 0x0000000100000000)
[8.860s][debug  ][gc,heap        ] GC(33)   eden space 197632K, 0% used [0x00000000f0000000,0x00000000f0000000,0x00000000fc100000)
[8.860s][debug  ][gc,heap        ] GC(33)   from space 32256K, 95% used [0x00000000fe080000,0x00000000ffe80030,0x0000000100000000)
[8.860s][debug  ][gc,heap        ] GC(33)   to   space 32256K, 0% used [0x00000000fc100000,0x00000000fc100000,0x00000000fe080000)
[8.860s][debug  ][gc,heap        ] GC(33)  ParOldGen       total 1787392K, used 872036K [0x0000000080000000, 0x00000000ed180000, 0x00000000f0000000)
[8.860s][debug  ][gc,heap        ] GC(33)   object space 1787392K, 48% used [0x0000000080000000,0x00000000b53990d0,0x00000000ed180000)
[8.860s][debug  ][gc,heap        ] GC(33)  Metaspace       used 1021K, committed 1216K, reserved 1056768K
[8.860s][debug  ][gc,heap        ] GC(33)   class space    used 83K, committed 192K, reserved 1048576K
[8.860s][debug  ][gc,task,time   ] GC(33) VM-Thread 88540304 88578748 88602177
[9.153s][debug  ][gc,heap        ] GC(34) Heap before GC invocations=35 (full 6):
[9.153s][debug  ][gc,heap        ] GC(34)  PSYoungGen      total 229888K, used 218820K [0x00000000f0000000, 0x0000000100000000, 0x0000000100000000)
[9.153s][debug  ][gc,heap        ] GC(34)   eden space 197632K, 95% used [0x00000000f0000000,0x00000000fb7b1338,0x00000000fc100000)
[9.153s][debug  ][gc,heap        ] GC(34)   from space 32256K, 95% used [0x00000000fe080000,0x00000000ffe80030,0x0000000100000000)
[9.153s][debug  ][gc,heap        ] GC(34)   to   space 32256K, 0% used [0x00000000fc100000,0x00000000fc100000,0x00000000fe080000)
[9.153s][debug  ][gc,heap        ] GC(34)  ParOldGen       total 1787392K, used 872036K [0x0000000080000000, 0x00000000ed180000, 0x00000000f0000000)
[9.153s][debug  ][gc,heap        ] GC(34)   object space 1787392K, 48% used [0x0000000080000000,0x00000000b53990d0,0x00000000ed180000)
[9.153s][debug  ][gc,heap        ] GC(34)  Metaspace       used 1021K, committed 1216K, reserved 1056768K
[9.153s][debug  ][gc,heap        ] GC(34)   class space    used 83K, committed 192K, reserved 1048576K
[9.153s][debug  ][gc,tlab        ] GC(34) TLAB totals: thrds: 1  refills: 1 max: 1 slow allocs: 17 max 17 waste: 27.0% gc: 3871256B max: 3871256B slow: 0B max: 0B
[9.154s][info   ][gc,start       ] GC(34) Pause Young (Allocation Failure)
[9.154s][debug  ][gc,phases,start] GC(34) Scavenge
[9.170s][debug  ][gc,phases      ] GC(34) Scavenge 16.664ms
[9.170s][debug  ][gc,phases,start] GC(34) Reference Processing
[9.170s][debug  ][gc,ref         ] GC(34) Skipped phase 1 of Reference Processing: no references
[9.170s][debug  ][gc,ref         ] GC(34) Skipped phase 2 of Reference Processing: no references
[9.170s][debug  ][gc,ref         ] GC(34) Skipped phase 3 of Reference Processing: no references
[9.170s][debug  ][gc,ref         ] GC(34) Skipped phase 4 of Reference Processing: no references
[9.170s][debug  ][gc,phases,ref  ] GC(34) Reference Processing: 0.1ms
[9.170s][debug  ][gc,phases,ref  ] GC(34)   Reconsider SoftReferences: 0.0ms
[9.171s][debug  ][gc,phases,ref  ] GC(34)     SoftRef (ms):                  skipped
[9.171s][debug  ][gc,phases,ref  ] GC(34)   Notify Soft/WeakReferences: 0.0ms
[9.171s][debug  ][gc,phases,ref  ] GC(34)     SoftRef (ms):                  skipped
[9.171s][debug  ][gc,phases,ref  ] GC(34)     WeakRef (ms):                  skipped
[9.171s][debug  ][gc,phases,ref  ] GC(34)     FinalRef (ms):                 skipped
[9.171s][debug  ][gc,phases,ref  ] GC(34)     Total (ms):                    skipped
[9.171s][debug  ][gc,phases,ref  ] GC(34)   Notify and keep alive finalizable: 0.0ms
[9.171s][debug  ][gc,phases,ref  ] GC(34)     FinalRef (ms):                 skipped
[9.171s][debug  ][gc,phases,ref  ] GC(34)   Notify PhantomReferences: 0.0ms
[9.171s][debug  ][gc,phases,ref  ] GC(34)     PhantomRef (ms):               skipped
[9.171s][debug  ][gc,phases,ref  ] GC(34)   SoftReference:
[9.171s][debug  ][gc,phases,ref  ] GC(34)     Discovered: 0
[9.171s][debug  ][gc,phases,ref  ] GC(34)     Cleared: 0
[9.171s][debug  ][gc,phases,ref  ] GC(34)   WeakReference:
[9.171s][debug  ][gc,phases,ref  ] GC(34)     Discovered: 0
[9.171s][debug  ][gc,phases,ref  ] GC(34)     Cleared: 0
[9.171s][debug  ][gc,phases,ref  ] GC(34)   FinalReference:
[9.171s][debug  ][gc,phases,ref  ] GC(34)     Discovered: 0
[9.171s][debug  ][gc,phases,ref  ] GC(34)     Cleared: 0
[9.171s][debug  ][gc,phases,ref  ] GC(34)   PhantomReference:
[9.171s][debug  ][gc,phases,ref  ] GC(34)     Discovered: 0
[9.171s][debug  ][gc,phases,ref  ] GC(34)     Cleared: 0
[9.171s][debug  ][gc,phases      ] GC(34) Reference Processing 0.774ms
[9.171s][debug  ][gc,phases,start] GC(34) Weak Processing
[9.171s][debug  ][gc,phases      ] GC(34)   VM Weak                        Min:  0.0, Avg:  0.0, Max:  0.0, Diff:  0.0, Sum:  0.0, Workers: 6
[9.171s][debug  ][gc,phases      ] GC(34)     Dead                           Min: 0, Avg:  0.0, Max: 0, Diff: 0, Sum: 0, Workers: 6
[9.171s][debug  ][gc,phases      ] GC(34)     Total                          Min: 0, Avg:  1.3, Max: 8, Diff: 8, Sum: 8, Workers: 6
[9.171s][debug  ][gc,phases      ] GC(34)   ObjectSynchronizer Weak        Min:  0.0, Avg:  0.0, Max:  0.0, Diff:  0.0, Sum:  0.0, Workers: 6
[9.171s][debug  ][gc,phases      ] GC(34)     Dead                           Min: 0, Avg:  0.0, Max: 0, Diff: 0, Sum: 0, Workers: 6
[9.171s][debug  ][gc,phases      ] GC(34)     Total                          Min: 0, Avg:  0.5, Max: 3, Diff: 3, Sum: 3, Workers: 6
[9.171s][debug  ][gc,phases      ] GC(34)   JVMTI Tag Weak OopStorage      Min:  0.0, Avg:  0.0, Max:  0.0, Diff:  0.0, Sum:  0.0, Workers: 6
[9.171s][debug  ][gc,phases      ] GC(34)     Dead                           Min: 0, Avg:  0.0, Max: 0, Diff: 0, Sum: 0, Workers: 6
[9.171s][debug  ][gc,phases      ] GC(34)     Total                          Min: 0, Avg:  0.0, Max: 0, Diff: 0, Sum: 0, Workers: 6
[9.171s][debug  ][gc,phases      ] GC(34)   StringTable Weak               Min:  0.0, Avg:  0.0, Max:  0.0, Diff:  0.0, Sum:  0.0, Workers: 6
[9.171s][debug  ][gc,phases      ] GC(34)     Dead                           Min: 0, Avg:  0.0, Max: 0, Diff: 0, Sum: 0, Workers: 6
[9.171s][debug  ][gc,phases      ] GC(34)     Total                          Min: 703, Avg: 892.2, Max: 1066, Diff: 363, Sum: 5353, Workers: 6
[9.171s][debug  ][gc,phases      ] GC(34)   ResolvedMethodTable Weak       Min:  0.0, Avg:  0.0, Max:  0.0, Diff:  0.0, Sum:  0.0, Workers: 6
[9.171s][debug  ][gc,phases      ] GC(34)     Dead                           Min: 0, Avg:  0.0, Max: 0, Diff: 0, Sum: 0, Workers: 6
[9.172s][debug  ][gc,phases      ] GC(34)     Total                          Min: 0, Avg: 21.7, Max: 64, Diff: 64, Sum: 130, Workers: 6
[9.172s][debug  ][gc,phases      ] GC(34)   JNI Weak                       Min:  0.0, Avg:  0.0, Max:  0.0, Diff:  0.0, Sum:  0.0, Workers: 6
[9.172s][debug  ][gc,phases      ] GC(34)     Dead                           Min: 0, Avg:  0.0, Max: 0, Diff: 0, Sum: 0, Workers: 6
[9.172s][debug  ][gc,phases      ] GC(34)     Total                          Min: 0, Avg:  0.0, Max: 0, Diff: 0, Sum: 0, Workers: 6
[9.172s][debug  ][gc,phases      ] GC(34)   StringDedup Table Weak         Min:  0.0, Avg:  0.0, Max:  0.0, Diff:  0.0, Sum:  0.0, Workers: 6
[9.172s][debug  ][gc,phases      ] GC(34)     Dead                           Min: 0, Avg:  0.0, Max: 0, Diff: 0, Sum: 0, Workers: 6
[9.172s][debug  ][gc,phases      ] GC(34)     Total                          Min: 0, Avg:  0.0, Max: 0, Diff: 0, Sum: 0, Workers: 6
[9.172s][debug  ][gc,phases      ] GC(34)   StringDedup Requests0 Weak     Min:  0.0, Avg:  0.0, Max:  0.0, Diff:  0.0, Sum:  0.0, Workers: 6
[9.172s][debug  ][gc,phases      ] GC(34)     Dead                           Min: 0, Avg:  0.0, Max: 0, Diff: 0, Sum: 0, Workers: 6
[9.172s][debug  ][gc,phases      ] GC(34)     Total                          Min: 0, Avg:  0.0, Max: 0, Diff: 0, Sum: 0, Workers: 6
[9.172s][debug  ][gc,phases      ] GC(34)   StringDedup Requests1 Weak     Min:  0.0, Avg:  0.0, Max:  0.0, Diff:  0.0, Sum:  0.0, Workers: 6
[9.172s][debug  ][gc,phases      ] GC(34)     Dead                           Min: 0, Avg:  0.0, Max: 0, Diff: 0, Sum: 0, Workers: 6
[9.172s][debug  ][gc,phases      ] GC(34)     Total                          Min: 0, Avg:  0.0, Max: 0, Diff: 0, Sum: 0, Workers: 6
[9.172s][debug  ][gc,phases      ] GC(34)   Weak JFR Old Object Samples    Min:  0.0, Avg:  0.0, Max:  0.0, Diff:  0.0, Sum:  0.0, Workers: 6
[9.172s][debug  ][gc,phases      ] GC(34)     Dead                           Min: 0, Avg:  0.0, Max: 0, Diff: 0, Sum: 0, Workers: 6
[9.172s][debug  ][gc,phases      ] GC(34)     Total                          Min: 0, Avg:  0.0, Max: 0, Diff: 0, Sum: 0, Workers: 6
[9.172s][debug  ][gc,phases      ] GC(34) Weak Processing 0.754ms
[9.172s][debug  ][gc,ergo        ] GC(34) AdaptiveSizeStart:  collection: 35 
[9.172s][debug  ][gc,ergo        ] GC(34) avg_survived_padded_avg: 32516844.000000
[9.172s][debug  ][gc,ergo        ] GC(34) avg_promoted_padded_avg: 237678336.000000  avg_pretenured_padded_avg: 0.000000  tenuring_thresh: 1  target_size: 33030144
[9.172s][debug  ][gc,age         ] GC(34) Desired survivor size 33030144 bytes, new threshold 1 (max threshold 15)
[9.172s][debug  ][gc,ergo        ] GC(34) PSAdaptiveSizePolicy::compute_eden_space_size limits: desired_eden_size: 243871488 old_eden_size: 202375168 eden_limit: 202375168 cur_eden: 202375168 max_eden_size: 202375168 avg_young_live: 25466392
[9.172s][debug  ][gc,ergo        ] GC(34) PSAdaptiveSizePolicy::compute_eden_space_size: costs minor_time: 0.047011 major_cost: 0.021889 mutator_cost: 0.931101 throughput_goal: 0.990000
[9.172s][debug  ][gc,ergo        ] GC(34) Live_space: 820064384 free_space: 891289600
[9.172s][debug  ][gc,ergo        ] GC(34) Old eden_size: 202375168 desired_eden_size: 202375168
[9.172s][debug  ][gc,ergo        ] GC(34) AdaptiveSizeStop: collection: 35 
[9.172s][info   ][gc,heap        ] GC(34) PSYoungGen: 218820K(229888K)->30720K(229888K) Eden: 188100K(197632K)->0K(197632K) From: 30720K(32256K)->30720K(32256K)
[9.172s][info   ][gc,heap        ] GC(34) ParOldGen: 872036K(1787392K)->1056356K(1787392K)
[9.172s][info   ][gc,metaspace   ] GC(34) Metaspace: 1021K(1216K)->1021K(1216K) NonClass: 937K(1024K)->937K(1024K) Class: 83K(192K)->83K(192K)
[9.172s][info   ][gc             ] GC(34) Pause Young (Allocation Failure) 1065M->1061M(1970M) 18.659ms
[9.172s][info   ][gc,cpu         ] GC(34) User=0.11s Sys=0.03s Real=0.02s
[9.172s][debug  ][gc,heap        ] GC(34) Heap after GC invocations=35 (full 6):
[9.172s][debug  ][gc,heap        ] GC(34)  PSYoungGen      total 229888K, used 30720K [0x00000000f0000000, 0x0000000100000000, 0x0000000100000000)
[9.172s][debug  ][gc,heap        ] GC(34)   eden space 197632K, 0% used [0x00000000f0000000,0x00000000f0000000,0x00000000fc100000)
[9.172s][debug  ][gc,heap        ] GC(34)   from space 32256K, 95% used [0x00000000fc100000,0x00000000fdf00030,0x00000000fe080000)
[9.172s][debug  ][gc,heap        ] GC(34)   to   space 32256K, 0% used [0x00000000fe080000,0x00000000fe080000,0x0000000100000000)
[9.172s][debug  ][gc,heap        ] GC(34)  ParOldGen       total 1787392K, used 1056356K [0x0000000080000000, 0x00000000ed180000, 0x00000000f0000000)
[9.172s][debug  ][gc,heap        ] GC(34)   object space 1787392K, 59% used [0x0000000080000000,0x00000000c07991f0,0x00000000ed180000)
[9.172s][debug  ][gc,heap        ] GC(34)  Metaspace       used 1021K, committed 1216K, reserved 1056768K
[9.172s][debug  ][gc,heap        ] GC(34)   class space    used 83K, committed 192K, reserved 1048576K
[9.172s][debug  ][gc,task,time   ] GC(34) VM-Thread 91531182 91703138 91724449
[9.454s][debug  ][gc,heap        ] GC(35) Heap before GC invocations=36 (full 6):
[9.454s][debug  ][gc,heap        ] GC(35)  PSYoungGen      total 229888K, used 218853K [0x00000000f0000000, 0x0000000100000000, 0x0000000100000000)
[9.454s][debug  ][gc,heap        ] GC(35)   eden space 197632K, 95% used [0x00000000f0000000,0x00000000fb7b9500,0x00000000fc100000)
[9.454s][debug  ][gc,heap        ] GC(35)   from space 32256K, 95% used [0x00000000fc100000,0x00000000fdf00030,0x00000000fe080000)
[9.454s][debug  ][gc,heap        ] GC(35)   to   space 32256K, 0% used [0x00000000fe080000,0x00000000fe080000,0x0000000100000000)
[9.454s][debug  ][gc,heap        ] GC(35)  ParOldGen       total 1787392K, used 1056356K [0x0000000080000000, 0x00000000ed180000, 0x00000000f0000000)
[9.454s][debug  ][gc,heap        ] GC(35)   object space 1787392K, 59% used [0x0000000080000000,0x00000000c07991f0,0x00000000ed180000)
[9.454s][debug  ][gc,heap        ] GC(35)  Metaspace       used 1021K, committed 1216K, reserved 1056768K
[9.454s][debug  ][gc,heap        ] GC(35)   class space    used 83K, committed 192K, reserved 1048576K
[9.454s][debug  ][gc,tlab        ] GC(35) TLAB totals: thrds: 1  refills: 1 max: 1 slow allocs: 17 max 17 waste: 27.1% gc: 3904480B max: 3904480B slow: 0B max: 0B
[9.454s][info   ][gc,start       ] GC(35) Pause Young (Allocation Failure)
[9.454s][debug  ][gc,phases,start] GC(35) Scavenge
[9.472s][debug  ][gc,phases      ] GC(35) Scavenge 18.115ms
[9.472s][debug  ][gc,phases,start] GC(35) Reference Processing
[9.472s][debug  ][gc,ref         ] GC(35) Skipped phase 1 of Reference Processing: no references
[9.472s][debug  ][gc,ref         ] GC(35) Skipped phase 2 of Reference Processing: no references
[9.472s][debug  ][gc,ref         ] GC(35) Skipped phase 3 of Reference Processing: no references
[9.472s][debug  ][gc,ref         ] GC(35) Skipped phase 4 of Reference Processing: no references
[9.472s][debug  ][gc,phases,ref  ] GC(35) Reference Processing: 0.1ms
[9.472s][debug  ][gc,phases,ref  ] GC(35)   Reconsider SoftReferences: 0.0ms
[9.472s][debug  ][gc,phases,ref  ] GC(35)     SoftRef (ms):                  skipped
[9.472s][debug  ][gc,phases,ref  ] GC(35)   Notify Soft/WeakReferences: 0.0ms
[9.473s][debug  ][gc,phases,ref  ] GC(35)     SoftRef (ms):                  skipped
[9.473s][debug  ][gc,phases,ref  ] GC(35)     WeakRef (ms):                  skipped
[9.473s][debug  ][gc,phases,ref  ] GC(35)     FinalRef (ms):                 skipped
[9.473s][debug  ][gc,phases,ref  ] GC(35)     Total (ms):                    skipped
[9.473s][debug  ][gc,phases,ref  ] GC(35)   Notify and keep alive finalizable: 0.0ms
[9.473s][debug  ][gc,phases,ref  ] GC(35)     FinalRef (ms):                 skipped
[9.473s][debug  ][gc,phases,ref  ] GC(35)   Notify PhantomReferences: 0.0ms
[9.473s][debug  ][gc,phases,ref  ] GC(35)     PhantomRef (ms):               skipped
[9.473s][debug  ][gc,phases,ref  ] GC(35)   SoftReference:
[9.473s][debug  ][gc,phases,ref  ] GC(35)     Discovered: 0
[9.473s][debug  ][gc,phases,ref  ] GC(35)     Cleared: 0
[9.473s][debug  ][gc,phases,ref  ] GC(35)   WeakReference:
[9.473s][debug  ][gc,phases,ref  ] GC(35)     Discovered: 0
[9.473s][debug  ][gc,phases,ref  ] GC(35)     Cleared: 0
[9.473s][debug  ][gc,phases,ref  ] GC(35)   FinalReference:
[9.473s][debug  ][gc,phases,ref  ] GC(35)     Discovered: 0
[9.473s][debug  ][gc,phases,ref  ] GC(35)     Cleared: 0
[9.473s][debug  ][gc,phases,ref  ] GC(35)   PhantomReference:
[9.473s][debug  ][gc,phases,ref  ] GC(35)     Discovered: 0
[9.473s][debug  ][gc,phases,ref  ] GC(35)     Cleared: 0
[9.473s][debug  ][gc,phases      ] GC(35) Reference Processing 0.790ms
[9.473s][debug  ][gc,phases,start] GC(35) Weak Processing
[9.473s][debug  ][gc,phases      ] GC(35)   VM Weak                        Min:  0.0, Avg:  0.0, Max:  0.0, Diff:  0.0, Sum:  0.0, Workers: 6
[9.473s][debug  ][gc,phases      ] GC(35)     Dead                           Min: 0, Avg:  0.0, Max: 0, Diff: 0, Sum: 0, Workers: 6
[9.473s][debug  ][gc,phases      ] GC(35)     Total                          Min: 0, Avg:  1.3, Max: 8, Diff: 8, Sum: 8, Workers: 6
[9.473s][debug  ][gc,phases      ] GC(35)   ObjectSynchronizer Weak        Min:  0.0, Avg:  0.0, Max:  0.0, Diff:  0.0, Sum:  0.0, Workers: 6
[9.473s][debug  ][gc,phases      ] GC(35)     Dead                           Min: 0, Avg:  0.0, Max: 0, Diff: 0, Sum: 0, Workers: 6
[9.473s][debug  ][gc,phases      ] GC(35)     Total                          Min: 0, Avg:  0.5, Max: 3, Diff: 3, Sum: 3, Workers: 6
[9.473s][debug  ][gc,phases      ] GC(35)   JVMTI Tag Weak OopStorage      Min:  0.0, Avg:  0.0, Max:  0.0, Diff:  0.0, Sum:  0.0, Workers: 6
[9.473s][debug  ][gc,phases      ] GC(35)     Dead                           Min: 0, Avg:  0.0, Max: 0, Diff: 0, Sum: 0, Workers: 6
[9.473s][debug  ][gc,phases      ] GC(35)     Total                          Min: 0, Avg:  0.0, Max: 0, Diff: 0, Sum: 0, Workers: 6
[9.473s][debug  ][gc,phases      ] GC(35)   StringTable Weak               Min:  0.0, Avg:  0.0, Max:  0.0, Diff:  0.0, Sum:  0.0, Workers: 6
[9.473s][debug  ][gc,phases      ] GC(35)     Dead                           Min: 0, Avg:  0.0, Max: 0, Diff: 0, Sum: 0, Workers: 6
[9.473s][debug  ][gc,phases      ] GC(35)     Total                          Min: 640, Avg: 892.2, Max: 1344, Diff: 704, Sum: 5353, Workers: 6
[9.473s][debug  ][gc,phases      ] GC(35)   ResolvedMethodTable Weak       Min:  0.0, Avg:  0.0, Max:  0.0, Diff:  0.0, Sum:  0.0, Workers: 6
[9.473s][debug  ][gc,phases      ] GC(35)     Dead                           Min: 0, Avg:  0.0, Max: 0, Diff: 0, Sum: 0, Workers: 6
[9.473s][debug  ][gc,phases      ] GC(35)     Total                          Min: 0, Avg: 21.7, Max: 64, Diff: 64, Sum: 130, Workers: 6
[9.473s][debug  ][gc,phases      ] GC(35)   JNI Weak                       Min:  0.0, Avg:  0.0, Max:  0.0, Diff:  0.0, Sum:  0.0, Workers: 6
[9.473s][debug  ][gc,phases      ] GC(35)     Dead                           Min: 0, Avg:  0.0, Max: 0, Diff: 0, Sum: 0, Workers: 6
[9.474s][debug  ][gc,phases      ] GC(35)     Total                          Min: 0, Avg:  0.0, Max: 0, Diff: 0, Sum: 0, Workers: 6
[9.474s][debug  ][gc,phases      ] GC(35)   StringDedup Table Weak         Min:  0.0, Avg:  0.0, Max:  0.0, Diff:  0.0, Sum:  0.0, Workers: 6
[9.474s][debug  ][gc,phases      ] GC(35)     Dead                           Min: 0, Avg:  0.0, Max: 0, Diff: 0, Sum: 0, Workers: 6
[9.474s][debug  ][gc,phases      ] GC(35)     Total                          Min: 0, Avg:  0.0, Max: 0, Diff: 0, Sum: 0, Workers: 6
[9.474s][debug  ][gc,phases      ] GC(35)   StringDedup Requests0 Weak     Min:  0.0, Avg:  0.0, Max:  0.0, Diff:  0.0, Sum:  0.0, Workers: 6
[9.474s][debug  ][gc,phases      ] GC(35)     Dead                           Min: 0, Avg:  0.0, Max: 0, Diff: 0, Sum: 0, Workers: 6
[9.474s][debug  ][gc,phases      ] GC(35)     Total                          Min: 0, Avg:  0.0, Max: 0, Diff: 0, Sum: 0, Workers: 6
[9.474s][debug  ][gc,phases      ] GC(35)   StringDedup Requests1 Weak     Min:  0.0, Avg:  0.0, Max:  0.0, Diff:  0.0, Sum:  0.0, Workers: 6
[9.474s][debug  ][gc,phases      ] GC(35)     Dead                           Min: 0, Avg:  0.0, Max: 0, Diff: 0, Sum: 0, Workers: 6
[9.474s][debug  ][gc,phases      ] GC(35)     Total                          Min: 0, Avg:  0.0, Max: 0, Diff: 0, Sum: 0, Workers: 6
[9.474s][debug  ][gc,phases      ] GC(35)   Weak JFR Old Object Samples    Min:  0.0, Avg:  0.0, Max:  0.0, Diff:  0.0, Sum:  0.0, Workers: 6
[9.474s][debug  ][gc,phases      ] GC(35)     Dead                           Min: 0, Avg:  0.0, Max: 0, Diff: 0, Sum: 0, Workers: 6
[9.474s][debug  ][gc,phases      ] GC(35)     Total                          Min: 0, Avg:  0.0, Max: 0, Diff: 0, Sum: 0, Workers: 6
[9.474s][debug  ][gc,phases      ] GC(35) Weak Processing 0.755ms
[9.474s][debug  ][gc,ergo        ] GC(35) AdaptiveSizeStart:  collection: 36 
[9.474s][debug  ][gc,ergo        ] GC(35) avg_survived_padded_avg: 32446404.000000
[9.474s][debug  ][gc,ergo        ] GC(35) avg_promoted_padded_avg: 242138272.000000  avg_pretenured_padded_avg: 0.000000  tenuring_thresh: 1  target_size: 32505856
[9.474s][debug  ][gc,age         ] GC(35) Desired survivor size 32505856 bytes, new threshold 1 (max threshold 15)
[9.474s][debug  ][gc,ergo        ] GC(35) PSAdaptiveSizePolicy::compute_eden_space_size limits: desired_eden_size: 245088887 old_eden_size: 202375168 eden_limit: 202375168 cur_eden: 202375168 max_eden_size: 202375168 avg_young_live: 26065484
[9.474s][debug  ][gc,ergo        ] GC(35) PSAdaptiveSizePolicy::compute_eden_space_size: costs minor_time: 0.051644 major_cost: 0.021889 mutator_cost: 0.926468 throughput_goal: 0.990000
[9.474s][debug  ][gc,ergo        ] GC(35) Live_space: 820663488 free_space: 891289600
[9.474s][debug  ][gc,ergo        ] GC(35) Old eden_size: 202375168 desired_eden_size: 202375168
[9.474s][debug  ][gc,ergo        ] GC(35) AdaptiveSizeStop: collection: 36 
[9.474s][info   ][gc,heap        ] GC(35) PSYoungGen: 218853K(229888K)->30720K(230400K) Eden: 188133K(197632K)->0K(198144K) From: 30720K(32256K)->30720K(32256K)
[9.474s][info   ][gc,heap        ] GC(35) ParOldGen: 1056356K(1787392K)->1240676K(1787392K)
[9.474s][info   ][gc,metaspace   ] GC(35) Metaspace: 1021K(1216K)->1021K(1216K) NonClass: 937K(1024K)->937K(1024K) Class: 83K(192K)->83K(192K)
[9.474s][info   ][gc             ] GC(35) Pause Young (Allocation Failure) 1245M->1241M(1970M) 20.258ms
[9.474s][info   ][gc,cpu         ] GC(35) User=0.08s Sys=0.09s Real=0.02s
[9.474s][debug  ][gc,heap        ] GC(35) Heap after GC invocations=36 (full 6):
[9.474s][debug  ][gc,heap        ] GC(35)  PSYoungGen      total 230400K, used 30720K [0x00000000f0000000, 0x0000000100000000, 0x0000000100000000)
[9.474s][debug  ][gc,heap        ] GC(35)   eden space 198144K, 0% used [0x00000000f0000000,0x00000000f0000000,0x00000000fc180000)
[9.474s][debug  ][gc,heap        ] GC(35)   from space 32256K, 95% used [0x00000000fe080000,0x00000000ffe80030,0x0000000100000000)
[9.474s][debug  ][gc,heap        ] GC(35)   to   space 31744K, 0% used [0x00000000fc180000,0x00000000fc180000,0x00000000fe080000)
[9.475s][debug  ][gc,heap        ] GC(35)  ParOldGen       total 1787392K, used 1240676K [0x0000000080000000, 0x00000000ed180000, 0x00000000f0000000)
[9.475s][debug  ][gc,heap        ] GC(35)   object space 1787392K, 69% used [0x0000000080000000,0x00000000cbb99310,0x00000000ed180000)
[9.475s][debug  ][gc,heap        ] GC(35)  Metaspace       used 1021K, committed 1216K, reserved 1056768K
[9.475s][debug  ][gc,heap        ] GC(35)   class space    used 83K, committed 192K, reserved 1048576K
[9.475s][debug  ][gc,task,time   ] GC(35) VM-Thread 94535394 94722449 94746468
[9.757s][debug  ][gc,heap        ] GC(36) Heap before GC invocations=37 (full 6):
[9.757s][debug  ][gc,heap        ] GC(36)  PSYoungGen      total 230400K, used 218884K [0x00000000f0000000, 0x0000000100000000, 0x0000000100000000)
[9.757s][debug  ][gc,heap        ] GC(36)   eden space 198144K, 94% used [0x00000000f0000000,0x00000000fb7c1018,0x00000000fc180000)
[9.757s][debug  ][gc,heap        ] GC(36)   from space 32256K, 95% used [0x00000000fe080000,0x00000000ffe80030,0x0000000100000000)
[9.757s][debug  ][gc,heap        ] GC(36)   to   space 31744K, 0% used [0x00000000fc180000,0x00000000fc180000,0x00000000fe080000)
[9.757s][debug  ][gc,heap        ] GC(36)  ParOldGen       total 1787392K, used 1240676K [0x0000000080000000, 0x00000000ed180000, 0x00000000f0000000)
[9.757s][debug  ][gc,heap        ] GC(36)   object space 1787392K, 69% used [0x0000000080000000,0x00000000cbb99310,0x00000000ed180000)
[9.757s][debug  ][gc,heap        ] GC(36)  Metaspace       used 1021K, committed 1216K, reserved 1056768K
[9.757s][debug  ][gc,heap        ] GC(36)   class space    used 83K, committed 192K, reserved 1048576K
[9.757s][debug  ][gc,tlab        ] GC(36) TLAB totals: thrds: 1  refills: 1 max: 1 slow allocs: 17 max 17 waste: 27.3% gc: 3935992B max: 3935992B slow: 0B max: 0B
[9.758s][info   ][gc,start       ] GC(36) Pause Young (Allocation Failure)
[9.758s][debug  ][gc,phases,start] GC(36) Scavenge
[9.775s][debug  ][gc,phases      ] GC(36) Scavenge 17.768ms
[9.775s][debug  ][gc,phases,start] GC(36) Reference Processing
[9.775s][debug  ][gc,ref         ] GC(36) Skipped phase 1 of Reference Processing: no references
[9.775s][debug  ][gc,ref         ] GC(36) Skipped phase 2 of Reference Processing: no references
[9.776s][debug  ][gc,ref         ] GC(36) Skipped phase 3 of Reference Processing: no references
[9.776s][debug  ][gc,ref         ] GC(36) Skipped phase 4 of Reference Processing: no references
[9.776s][debug  ][gc,phases,ref  ] GC(36) Reference Processing: 0.1ms
[9.776s][debug  ][gc,phases,ref  ] GC(36)   Reconsider SoftReferences: 0.0ms
[9.776s][debug  ][gc,phases,ref  ] GC(36)     SoftRef (ms):                  skipped
[9.776s][debug  ][gc,phases,ref  ] GC(36)   Notify Soft/WeakReferences: 0.0ms
[9.776s][debug  ][gc,phases,ref  ] GC(36)     SoftRef (ms):                  skipped
[9.776s][debug  ][gc,phases,ref  ] GC(36)     WeakRef (ms):                  skipped
[9.776s][debug  ][gc,phases,ref  ] GC(36)     FinalRef (ms):                 skipped
[9.776s][debug  ][gc,phases,ref  ] GC(36)     Total (ms):                    skipped
[9.776s][debug  ][gc,phases,ref  ] GC(36)   Notify and keep alive finalizable: 0.0ms
[9.776s][debug  ][gc,phases,ref  ] GC(36)     FinalRef (ms):                 skipped
[9.776s][debug  ][gc,phases,ref  ] GC(36)   Notify PhantomReferences: 0.0ms
[9.776s][debug  ][gc,phases,ref  ] GC(36)     PhantomRef (ms):               skipped
[9.776s][debug  ][gc,phases,ref  ] GC(36)   SoftReference:
[9.776s][debug  ][gc,phases,ref  ] GC(36)     Discovered: 0
[9.776s][debug  ][gc,phases,ref  ] GC(36)     Cleared: 0
[9.776s][debug  ][gc,phases,ref  ] GC(36)   WeakReference:
[9.776s][debug  ][gc,phases,ref  ] GC(36)     Discovered: 0
[9.776s][debug  ][gc,phases,ref  ] GC(36)     Cleared: 0
[9.776s][debug  ][gc,phases,ref  ] GC(36)   FinalReference:
[9.776s][debug  ][gc,phases,ref  ] GC(36)     Discovered: 0
[9.776s][debug  ][gc,phases,ref  ] GC(36)     Cleared: 0
[9.776s][debug  ][gc,phases,ref  ] GC(36)   PhantomReference:
[9.776s][debug  ][gc,phases,ref  ] GC(36)     Discovered: 0
[9.776s][debug  ][gc,phases,ref  ] GC(36)     Cleared: 0
[9.776s][debug  ][gc,phases      ] GC(36) Reference Processing 0.774ms
[9.776s][debug  ][gc,phases,start] GC(36) Weak Processing
[9.776s][debug  ][gc,phases      ] GC(36)   VM Weak                        Min:  0.0, Avg:  0.0, Max:  0.0, Diff:  0.0, Sum:  0.0, Workers: 6
[9.776s][debug  ][gc,phases      ] GC(36)     Dead                           Min: 0, Avg:  0.0, Max: 0, Diff: 0, Sum: 0, Workers: 6
[9.776s][debug  ][gc,phases      ] GC(36)     Total                          Min: 0, Avg:  1.3, Max: 8, Diff: 8, Sum: 8, Workers: 6
[9.776s][debug  ][gc,phases      ] GC(36)   ObjectSynchronizer Weak        Min:  0.0, Avg:  0.0, Max:  0.0, Diff:  0.0, Sum:  0.0, Workers: 6
[9.776s][debug  ][gc,phases      ] GC(36)     Dead                           Min: 0, Avg:  0.0, Max: 0, Diff: 0, Sum: 0, Workers: 6
[9.776s][debug  ][gc,phases      ] GC(36)     Total                          Min: 0, Avg:  0.5, Max: 3, Diff: 3, Sum: 3, Workers: 6
[9.776s][debug  ][gc,phases      ] GC(36)   JVMTI Tag Weak OopStorage      Min:  0.0, Avg:  0.0, Max:  0.0, Diff:  0.0, Sum:  0.0, Workers: 6
[9.776s][debug  ][gc,phases      ] GC(36)     Dead                           Min: 0, Avg:  0.0, Max: 0, Diff: 0, Sum: 0, Workers: 6
[9.776s][debug  ][gc,phases      ] GC(36)     Total                          Min: 0, Avg:  0.0, Max: 0, Diff: 0, Sum: 0, Workers: 6
[9.776s][debug  ][gc,phases      ] GC(36)   StringTable Weak               Min:  0.0, Avg:  0.0, Max:  0.0, Diff:  0.0, Sum:  0.0, Workers: 6
[9.777s][debug  ][gc,phases      ] GC(36)     Dead                           Min: 0, Avg:  0.0, Max: 0, Diff: 0, Sum: 0, Workers: 6
[9.777s][debug  ][gc,phases      ] GC(36)     Total                          Min: 703, Avg: 892.2, Max: 1152, Diff: 449, Sum: 5353, Workers: 6
[9.777s][debug  ][gc,phases      ] GC(36)   ResolvedMethodTable Weak       Min:  0.0, Avg:  0.0, Max:  0.0, Diff:  0.0, Sum:  0.0, Workers: 6
[9.777s][debug  ][gc,phases      ] GC(36)     Dead                           Min: 0, Avg:  0.0, Max: 0, Diff: 0, Sum: 0, Workers: 6
[9.777s][debug  ][gc,phases      ] GC(36)     Total                          Min: 0, Avg: 21.7, Max: 64, Diff: 64, Sum: 130, Workers: 6
[9.777s][debug  ][gc,phases      ] GC(36)   JNI Weak                       Min:  0.0, Avg:  0.0, Max:  0.0, Diff:  0.0, Sum:  0.0, Workers: 6
[9.777s][debug  ][gc,phases      ] GC(36)     Dead                           Min: 0, Avg:  0.0, Max: 0, Diff: 0, Sum: 0, Workers: 6
[9.777s][debug  ][gc,phases      ] GC(36)     Total                          Min: 0, Avg:  0.0, Max: 0, Diff: 0, Sum: 0, Workers: 6
[9.777s][debug  ][gc,phases      ] GC(36)   StringDedup Table Weak         Min:  0.0, Avg:  0.0, Max:  0.0, Diff:  0.0, Sum:  0.0, Workers: 6
[9.777s][debug  ][gc,phases      ] GC(36)     Dead                           Min: 0, Avg:  0.0, Max: 0, Diff: 0, Sum: 0, Workers: 6
[9.777s][debug  ][gc,phases      ] GC(36)     Total                          Min: 0, Avg:  0.0, Max: 0, Diff: 0, Sum: 0, Workers: 6
[9.777s][debug  ][gc,phases      ] GC(36)   StringDedup Requests0 Weak     Min:  0.0, Avg:  0.0, Max:  0.0, Diff:  0.0, Sum:  0.0, Workers: 6
[9.777s][debug  ][gc,phases      ] GC(36)     Dead                           Min: 0, Avg:  0.0, Max: 0, Diff: 0, Sum: 0, Workers: 6
[9.777s][debug  ][gc,phases      ] GC(36)     Total                          Min: 0, Avg:  0.0, Max: 0, Diff: 0, Sum: 0, Workers: 6
[9.777s][debug  ][gc,phases      ] GC(36)   StringDedup Requests1 Weak     Min:  0.0, Avg:  0.0, Max:  0.0, Diff:  0.0, Sum:  0.0, Workers: 6
[9.777s][debug  ][gc,phases      ] GC(36)     Dead                           Min: 0, Avg:  0.0, Max: 0, Diff: 0, Sum: 0, Workers: 6
[9.777s][debug  ][gc,phases      ] GC(36)     Total                          Min: 0, Avg:  0.0, Max: 0, Diff: 0, Sum: 0, Workers: 6
[9.777s][debug  ][gc,phases      ] GC(36)   Weak JFR Old Object Samples    Min:  0.0, Avg:  0.0, Max:  0.0, Diff:  0.0, Sum:  0.0, Workers: 6
[9.777s][debug  ][gc,phases      ] GC(36)     Dead                           Min: 0, Avg:  0.0, Max: 0, Diff: 0, Sum: 0, Workers: 6
[9.777s][debug  ][gc,phases      ] GC(36)     Total                          Min: 0, Avg:  0.0, Max: 0, Diff: 0, Sum: 0, Workers: 6
[9.777s][debug  ][gc,phases      ] GC(36) Weak Processing 0.752ms
[9.777s][debug  ][gc,ergo        ] GC(36) AdaptiveSizeStart:  collection: 37 
[9.777s][debug  ][gc,ergo        ] GC(36) avg_survived_padded_avg: 32379456.000000
[9.777s][debug  ][gc,ergo        ] GC(36) avg_promoted_padded_avg: 245216864.000000  avg_pretenured_padded_avg: 0.000000  tenuring_thresh: 1  target_size: 32505856
[9.777s][debug  ][gc,age         ] GC(36) Desired survivor size 32505856 bytes, new threshold 1 (max threshold 15)
[9.777s][debug  ][gc,ergo        ] GC(36) PSAdaptiveSizePolicy::compute_eden_space_size limits: desired_eden_size: 246722298 old_eden_size: 202375168 eden_limit: 202899456 cur_eden: 202899456 max_eden_size: 202899456 avg_young_live: 26604668
[9.777s][debug  ][gc,ergo        ] GC(36) PSAdaptiveSizePolicy::compute_eden_space_size: costs minor_time: 0.054754 major_cost: 0.021889 mutator_cost: 0.923358 throughput_goal: 0.990000
[9.777s][debug  ][gc,ergo        ] GC(36) Live_space: 821202688 free_space: 891289600
[9.777s][debug  ][gc,ergo        ] GC(36) Old eden_size: 202375168 desired_eden_size: 202899456
[9.777s][debug  ][gc,ergo        ] GC(36) AdaptiveSizeStop: collection: 37 
[9.777s][info   ][gc,heap        ] GC(36) PSYoungGen: 218884K(230400K)->30720K(229888K) Eden: 188164K(198144K)->0K(198144K) From: 30720K(32256K)->30720K(31744K)
[9.777s][info   ][gc,heap        ] GC(36) ParOldGen: 1240676K(1787392K)->1424997K(1787392K)
[9.777s][info   ][gc,metaspace   ] GC(36) Metaspace: 1021K(1216K)->1021K(1216K) NonClass: 937K(1024K)->937K(1024K) Class: 83K(192K)->83K(192K)
[9.777s][info   ][gc             ] GC(36) Pause Young (Allocation Failure) 1425M->1421M(1970M) 19.761ms
[9.777s][info   ][gc,cpu         ] GC(36) User=0.06s Sys=0.09s Real=0.02s
[9.777s][debug  ][gc,heap        ] GC(36) Heap after GC invocations=37 (full 6):
[9.777s][debug  ][gc,heap        ] GC(36)  PSYoungGen      total 229888K, used 30720K [0x00000000f0000000, 0x0000000100000000, 0x0000000100000000)
[9.777s][debug  ][gc,heap        ] GC(36)   eden space 198144K, 0% used [0x00000000f0000000,0x00000000f0000000,0x00000000fc180000)
[9.777s][debug  ][gc,heap        ] GC(36)   from space 31744K, 96% used [0x00000000fc180000,0x00000000fdf80030,0x00000000fe080000)
[9.777s][debug  ][gc,heap        ] GC(36)   to   space 31744K, 0% used [0x00000000fe100000,0x00000000fe100000,0x0000000100000000)
[9.777s][debug  ][gc,heap        ] GC(36)  ParOldGen       total 1787392K, used 1424997K [0x0000000080000000, 0x00000000ed180000, 0x00000000f0000000)
[9.777s][debug  ][gc,heap        ] GC(36)   object space 1787392K, 79% used [0x0000000080000000,0x00000000d6f99430,0x00000000ed180000)
[9.777s][debug  ][gc,heap        ] GC(36)  Metaspace       used 1021K, committed 1216K, reserved 1056768K
[9.778s][debug  ][gc,heap        ] GC(36)   class space    used 83K, committed 192K, reserved 1048576K
[9.778s][debug  ][gc,task,time   ] GC(36) VM-Thread 97571116 97754137 97775414
[10.057s][debug  ][gc,heap        ] GC(37) Heap before GC invocations=38 (full 6):
[10.057s][debug  ][gc,heap        ] GC(37)  PSYoungGen      total 229888K, used 218897K [0x00000000f0000000, 0x0000000100000000, 0x0000000100000000)
[10.057s][debug  ][gc,heap        ] GC(37)   eden space 198144K, 94% used [0x00000000f0000000,0x00000000fb7c4590,0x00000000fc180000)
[10.057s][debug  ][gc,heap        ] GC(37)   from space 31744K, 96% used [0x00000000fc180000,0x00000000fdf80030,0x00000000fe080000)
[10.058s][debug  ][gc,heap        ] GC(37)   to   space 31744K, 0% used [0x00000000fe100000,0x00000000fe100000,0x0000000100000000)
[10.058s][debug  ][gc,heap        ] GC(37)  ParOldGen       total 1787392K, used 1424997K [0x0000000080000000, 0x00000000ed180000, 0x00000000f0000000)
[10.058s][debug  ][gc,heap        ] GC(37)   object space 1787392K, 79% used [0x0000000080000000,0x00000000d6f99430,0x00000000ed180000)
[10.058s][debug  ][gc,heap        ] GC(37)  Metaspace       used 1021K, committed 1216K, reserved 1056768K
[10.058s][debug  ][gc,heap        ] GC(37)   class space    used 83K, committed 192K, reserved 1048576K
[10.058s][debug  ][gc,tlab        ] GC(37) TLAB totals: thrds: 1  refills: 1 max: 1 slow allocs: 17 max 17 waste: 27.4% gc: 3949680B max: 3949680B slow: 0B max: 0B
[10.058s][info   ][gc,start       ] GC(37) Pause Young (Allocation Failure)
[10.058s][debug  ][gc,phases,start] GC(37) Scavenge
[10.076s][debug  ][gc,phases      ] GC(37) Scavenge 17.867ms
[10.076s][debug  ][gc,phases,start] GC(37) Reference Processing
[10.076s][debug  ][gc,ref         ] GC(37) Skipped phase 1 of Reference Processing: no references
[10.076s][debug  ][gc,ref         ] GC(37) Skipped phase 2 of Reference Processing: no references
[10.076s][debug  ][gc,ref         ] GC(37) Skipped phase 3 of Reference Processing: no references
[10.076s][debug  ][gc,ref         ] GC(37) Skipped phase 4 of Reference Processing: no references
[10.076s][debug  ][gc,phases,ref  ] GC(37) Reference Processing: 0.1ms
[10.076s][debug  ][gc,phases,ref  ] GC(37)   Reconsider SoftReferences: 0.0ms
[10.076s][debug  ][gc,phases,ref  ] GC(37)     SoftRef (ms):                  skipped
[10.076s][debug  ][gc,phases,ref  ] GC(37)   Notify Soft/WeakReferences: 0.0ms
[10.076s][debug  ][gc,phases,ref  ] GC(37)     SoftRef (ms):                  skipped
[10.076s][debug  ][gc,phases,ref  ] GC(37)     WeakRef (ms):                  skipped
[10.076s][debug  ][gc,phases,ref  ] GC(37)     FinalRef (ms):                 skipped
[10.076s][debug  ][gc,phases,ref  ] GC(37)     Total (ms):                    skipped
[10.076s][debug  ][gc,phases,ref  ] GC(37)   Notify and keep alive finalizable: 0.0ms
[10.076s][debug  ][gc,phases,ref  ] GC(37)     FinalRef (ms):                 skipped
[10.076s][debug  ][gc,phases,ref  ] GC(37)   Notify PhantomReferences: 0.0ms
[10.076s][debug  ][gc,phases,ref  ] GC(37)     PhantomRef (ms):               skipped
[10.076s][debug  ][gc,phases,ref  ] GC(37)   SoftReference:
[10.076s][debug  ][gc,phases,ref  ] GC(37)     Discovered: 0
[10.076s][debug  ][gc,phases,ref  ] GC(37)     Cleared: 0
[10.076s][debug  ][gc,phases,ref  ] GC(37)   WeakReference:
[10.076s][debug  ][gc,phases,ref  ] GC(37)     Discovered: 0
[10.076s][debug  ][gc,phases,ref  ] GC(37)     Cleared: 0
[10.076s][debug  ][gc,phases,ref  ] GC(37)   FinalReference:
[10.076s][debug  ][gc,phases,ref  ] GC(37)     Discovered: 0
[10.076s][debug  ][gc,phases,ref  ] GC(37)     Cleared: 0
[10.076s][debug  ][gc,phases,ref  ] GC(37)   PhantomReference:
[10.076s][debug  ][gc,phases,ref  ] GC(37)     Discovered: 0
[10.076s][debug  ][gc,phases,ref  ] GC(37)     Cleared: 0
[10.076s][debug  ][gc,phases      ] GC(37) Reference Processing 0.643ms
[10.076s][debug  ][gc,phases,start] GC(37) Weak Processing
[10.076s][debug  ][gc,phases      ] GC(37)   VM Weak                        Min:  0.0, Avg:  0.0, Max:  0.0, Diff:  0.0, Sum:  0.0, Workers: 6
[10.077s][debug  ][gc,phases      ] GC(37)     Dead                           Min: 0, Avg:  0.0, Max: 0, Diff: 0, Sum: 0, Workers: 6
[10.077s][debug  ][gc,phases      ] GC(37)     Total                          Min: 0, Avg:  1.3, Max: 8, Diff: 8, Sum: 8, Workers: 6
[10.077s][debug  ][gc,phases      ] GC(37)   ObjectSynchronizer Weak        Min:  0.0, Avg:  0.0, Max:  0.0, Diff:  0.0, Sum:  0.0, Workers: 6
[10.077s][debug  ][gc,phases      ] GC(37)     Dead                           Min: 0, Avg:  0.0, Max: 0, Diff: 0, Sum: 0, Workers: 6
[10.077s][debug  ][gc,phases      ] GC(37)     Total                          Min: 0, Avg:  0.5, Max: 3, Diff: 3, Sum: 3, Workers: 6
[10.077s][debug  ][gc,phases      ] GC(37)   JVMTI Tag Weak OopStorage      Min:  0.0, Avg:  0.0, Max:  0.0, Diff:  0.0, Sum:  0.0, Workers: 6
[10.077s][debug  ][gc,phases      ] GC(37)     Dead                           Min: 0, Avg:  0.0, Max: 0, Diff: 0, Sum: 0, Workers: 6
[10.077s][debug  ][gc,phases      ] GC(37)     Total                          Min: 0, Avg:  0.0, Max: 0, Diff: 0, Sum: 0, Workers: 6
[10.077s][debug  ][gc,phases      ] GC(37)   StringTable Weak               Min:  0.0, Avg:  0.0, Max:  0.0, Diff:  0.0, Sum:  0.0, Workers: 6
[10.077s][debug  ][gc,phases      ] GC(37)     Dead                           Min: 0, Avg:  0.0, Max: 0, Diff: 0, Sum: 0, Workers: 6
[10.077s][debug  ][gc,phases      ] GC(37)     Total                          Min: 640, Avg: 892.2, Max: 1216, Diff: 576, Sum: 5353, Workers: 6
[10.077s][debug  ][gc,phases      ] GC(37)   ResolvedMethodTable Weak       Min:  0.0, Avg:  0.0, Max:  0.0, Diff:  0.0, Sum:  0.0, Workers: 6
[10.077s][debug  ][gc,phases      ] GC(37)     Dead                           Min: 0, Avg:  0.0, Max: 0, Diff: 0, Sum: 0, Workers: 6
[10.077s][debug  ][gc,phases      ] GC(37)     Total                          Min: 0, Avg: 21.7, Max: 64, Diff: 64, Sum: 130, Workers: 6
[10.077s][debug  ][gc,phases      ] GC(37)   JNI Weak                       Min:  0.0, Avg:  0.0, Max:  0.0, Diff:  0.0, Sum:  0.0, Workers: 6
[10.077s][debug  ][gc,phases      ] GC(37)     Dead                           Min: 0, Avg:  0.0, Max: 0, Diff: 0, Sum: 0, Workers: 6
[10.077s][debug  ][gc,phases      ] GC(37)     Total                          Min: 0, Avg:  0.0, Max: 0, Diff: 0, Sum: 0, Workers: 6
[10.077s][debug  ][gc,phases      ] GC(37)   StringDedup Table Weak         Min:  0.0, Avg:  0.0, Max:  0.0, Diff:  0.0, Sum:  0.0, Workers: 6
[10.077s][debug  ][gc,phases      ] GC(37)     Dead                           Min: 0, Avg:  0.0, Max: 0, Diff: 0, Sum: 0, Workers: 6
[10.077s][debug  ][gc,phases      ] GC(37)     Total                          Min: 0, Avg:  0.0, Max: 0, Diff: 0, Sum: 0, Workers: 6
[10.077s][debug  ][gc,phases      ] GC(37)   StringDedup Requests0 Weak     Min:  0.0, Avg:  0.0, Max:  0.0, Diff:  0.0, Sum:  0.0, Workers: 6
[10.077s][debug  ][gc,phases      ] GC(37)     Dead                           Min: 0, Avg:  0.0, Max: 0, Diff: 0, Sum: 0, Workers: 6
[10.077s][debug  ][gc,phases      ] GC(37)     Total                          Min: 0, Avg:  0.0, Max: 0, Diff: 0, Sum: 0, Workers: 6
[10.077s][debug  ][gc,phases      ] GC(37)   StringDedup Requests1 Weak     Min:  0.0, Avg:  0.0, Max:  0.0, Diff:  0.0, Sum:  0.0, Workers: 6
[10.077s][debug  ][gc,phases      ] GC(37)     Dead                           Min: 0, Avg:  0.0, Max: 0, Diff: 0, Sum: 0, Workers: 6
[10.077s][debug  ][gc,phases      ] GC(37)     Total                          Min: 0, Avg:  0.0, Max: 0, Diff: 0, Sum: 0, Workers: 6
[10.077s][debug  ][gc,phases      ] GC(37)   Weak JFR Old Object Samples    Min:  0.0, Avg:  0.0, Max:  0.0, Diff:  0.0, Sum:  0.0, Workers: 6
[10.077s][debug  ][gc,phases      ] GC(37)     Dead                           Min: 0, Avg:  0.0, Max: 0, Diff: 0, Sum: 0, Workers: 6
[10.077s][debug  ][gc,phases      ] GC(37)     Total                          Min: 0, Avg:  0.0, Max: 0, Diff: 0, Sum: 0, Workers: 6
[10.077s][debug  ][gc,phases      ] GC(37) Weak Processing 0.750ms
[10.077s][debug  ][gc,ergo        ] GC(37) AdaptiveSizeStart:  collection: 38 
[10.077s][debug  ][gc,ergo        ] GC(37) avg_survived_padded_avg: 32316006.000000
[10.077s][debug  ][gc,ergo        ] GC(37) avg_promoted_padded_avg: 247145824.000000  avg_pretenured_padded_avg: 0.000000  tenuring_thresh: 1  target_size: 32505856
[10.077s][debug  ][gc,age         ] GC(37) Desired survivor size 32505856 bytes, new threshold 1 (max threshold 15)
[10.077s][debug  ][gc,ergo        ] GC(37) PSAdaptiveSizePolicy::compute_eden_space_size limits: desired_eden_size: 247262855 old_eden_size: 202899456 eden_limit: 203423744 cur_eden: 202899456 max_eden_size: 203423744 avg_young_live: 27089934
[10.077s][debug  ][gc,ergo        ] GC(37) PSAdaptiveSizePolicy::compute_eden_space_size: costs minor_time: 0.057194 major_cost: 0.021889 mutator_cost: 0.920918 throughput_goal: 0.990000
[10.077s][debug  ][gc,ergo        ] GC(37) Live_space: 821687936 free_space: 891813888
[10.077s][debug  ][gc,ergo        ] GC(37) Old eden_size: 202899456 desired_eden_size: 203423744
[10.077s][debug  ][gc,ergo        ] GC(37) AdaptiveSizeStop: collection: 38 
[10.077s][info   ][gc,heap        ] GC(37) PSYoungGen: 218897K(229888K)->30720K(230400K) Eden: 188177K(198144K)->0K(198656K) From: 30720K(31744K)->30720K(31744K)
[10.077s][info   ][gc,heap        ] GC(37) ParOldGen: 1424997K(1787392K)->1609317K(1787392K)
[10.077s][info   ][gc,metaspace   ] GC(37) Metaspace: 1021K(1216K)->1021K(1216K) NonClass: 937K(1024K)->937K(1024K) Class: 83K(192K)->83K(192K)
[10.077s][info   ][gc             ] GC(37) Pause Young (Allocation Failure) 1605M->1601M(1970M) 19.714ms
[10.078s][info   ][gc,cpu         ] GC(37) User=0.00s Sys=0.16s Real=0.02s
[10.078s][debug  ][gc,heap        ] GC(37) Heap after GC invocations=38 (full 6):
[10.078s][debug  ][gc,heap        ] GC(37)  PSYoungGen      total 230400K, used 30720K [0x00000000f0000000, 0x0000000100000000, 0x0000000100000000)
[10.078s][debug  ][gc,heap        ] GC(37)   eden space 198656K, 0% used [0x00000000f0000000,0x00000000f0000000,0x00000000fc200000)
[10.078s][debug  ][gc,heap        ] GC(37)   from space 31744K, 96% used [0x00000000fe100000,0x00000000fff00030,0x0000000100000000)
[10.078s][debug  ][gc,heap        ] GC(37)   to   space 31744K, 0% used [0x00000000fc200000,0x00000000fc200000,0x00000000fe100000)
[10.078s][debug  ][gc,heap        ] GC(37)  ParOldGen       total 1787392K, used 1609317K [0x0000000080000000, 0x00000000ed180000, 0x00000000f0000000)
[10.078s][debug  ][gc,heap        ] GC(37)   object space 1787392K, 90% used [0x0000000080000000,0x00000000e2399550,0x00000000ed180000)
[10.078s][debug  ][gc,heap        ] GC(37)  Metaspace       used 1021K, committed 1216K, reserved 1056768K
[10.078s][debug  ][gc,heap        ] GC(37)   class space    used 83K, committed 192K, reserved 1048576K
[10.078s][debug  ][gc,task,time   ] GC(37) VM-Thread 100573052 100757535 100777429
[10.078s][debug  ][gc,phases,start] GC(38) Pre Compact
[10.078s][debug  ][gc,heap        ] GC(38) Heap before GC invocations=39 (full 7):
[10.078s][debug  ][gc,heap        ] GC(38)  PSYoungGen      total 230400K, used 30720K [0x00000000f0000000, 0x0000000100000000, 0x0000000100000000)
[10.078s][debug  ][gc,heap        ] GC(38)   eden space 198656K, 0% used [0x00000000f0000000,0x00000000f0000000,0x00000000fc200000)
[10.078s][debug  ][gc,heap        ] GC(38)   from space 31744K, 96% used [0x00000000fe100000,0x00000000fff00030,0x0000000100000000)
[10.078s][debug  ][gc,heap        ] GC(38)   to   space 31744K, 0% used [0x00000000fc200000,0x00000000fc200000,0x00000000fe100000)
[10.078s][debug  ][gc,heap        ] GC(38)  ParOldGen       total 1787392K, used 1609317K [0x0000000080000000, 0x00000000ed180000, 0x00000000f0000000)
[10.078s][debug  ][gc,heap        ] GC(38)   object space 1787392K, 90% used [0x0000000080000000,0x00000000e2399550,0x00000000ed180000)
[10.078s][debug  ][gc,heap        ] GC(38)  Metaspace       used 1021K, committed 1216K, reserved 1056768K
[10.078s][debug  ][gc,heap        ] GC(38)   class space    used 83K, committed 192K, reserved 1048576K
[10.078s][debug  ][gc,phases      ] GC(38) Pre Compact 0.222ms
[10.078s][info   ][gc,start       ] GC(38) Pause Full (Ergonomics)
[10.078s][info   ][gc,phases,start] GC(38) Marking Phase
[10.078s][debug  ][gc,phases,start] GC(38) Par Mark
[10.079s][debug  ][gc,phases      ] GC(38) Par Mark 0.531ms
[10.079s][debug  ][gc,phases,start] GC(38) Reference Processing
[10.079s][debug  ][gc,ref         ] GC(38) Skipped phase 1 of Reference Processing: no references
[10.079s][debug  ][gc,ref         ] GC(38) ReferenceProcessor::execute queues: 1, RefProcThreadModel::Single, marks_oops_alive: false
[10.079s][debug  ][gc,ref         ] GC(38) Skipped phase 3 of Reference Processing: no references
[10.079s][debug  ][gc,ref         ] GC(38) ReferenceProcessor::execute queues: 1, RefProcThreadModel::Single, marks_oops_alive: false
[10.079s][debug  ][gc,phases,ref  ] GC(38) Reference Processing: 0.1ms
[10.079s][debug  ][gc,phases,ref  ] GC(38)   Reconsider SoftReferences: 0.0ms
[10.079s][debug  ][gc,phases,ref  ] GC(38)     SoftRef (ms):                  skipped
[10.079s][debug  ][gc,phases,ref  ] GC(38)   Notify Soft/WeakReferences: 0.0ms
[10.079s][debug  ][gc,phases,ref  ] GC(38)     SoftRef (ms):                  Min:  0.0, Avg:  0.0, Max:  0.0, Diff:  0.0, Sum:  0.0, Workers: 10
[10.079s][debug  ][gc,phases,ref  ] GC(38)     WeakRef (ms):                  Min:  0.0, Avg:  0.0, Max:  0.0, Diff:  0.0, Sum:  0.0, Workers: 10
[10.079s][debug  ][gc,phases,ref  ] GC(38)     FinalRef (ms):                 Min:  0.0, Avg:  0.0, Max:  0.0, Diff:  0.0, Sum:  0.0, Workers: 10
[10.079s][debug  ][gc,phases,ref  ] GC(38)     Total (ms):                    Min:  0.0, Avg:  0.0, Max:  0.0, Diff:  0.0, Sum:  0.0, Workers: 10
[10.079s][debug  ][gc,phases,ref  ] GC(38)   Notify and keep alive finalizable: 0.0ms
[10.079s][debug  ][gc,phases,ref  ] GC(38)     FinalRef (ms):                 skipped
[10.079s][debug  ][gc,phases,ref  ] GC(38)   Notify PhantomReferences: 0.0ms
[10.079s][debug  ][gc,phases,ref  ] GC(38)     PhantomRef (ms):               Min:  0.0, Avg:  0.0, Max:  0.0, Diff:  0.0, Sum:  0.0, Workers: 10
[10.079s][debug  ][gc,phases,ref  ] GC(38)   SoftReference:
[10.079s][debug  ][gc,phases,ref  ] GC(38)     Discovered: 0
[10.079s][debug  ][gc,phases,ref  ] GC(38)     Cleared: 0
[10.079s][debug  ][gc,phases,ref  ] GC(38)   WeakReference:
[10.079s][debug  ][gc,phases,ref  ] GC(38)     Discovered: 70
[10.079s][debug  ][gc,phases,ref  ] GC(38)     Cleared: 70
[10.079s][debug  ][gc,phases,ref  ] GC(38)   FinalReference:
[10.079s][debug  ][gc,phases,ref  ] GC(38)     Discovered: 0
[10.079s][debug  ][gc,phases,ref  ] GC(38)     Cleared: 0
[10.079s][debug  ][gc,phases,ref  ] GC(38)   PhantomReference:
[10.079s][debug  ][gc,phases,ref  ] GC(38)     Discovered: 3
[10.079s][debug  ][gc,phases,ref  ] GC(38)     Cleared: 3
[10.079s][debug  ][gc,phases      ] GC(38) Reference Processing 0.704ms
[10.079s][debug  ][gc,phases,start] GC(38) Weak Processing
[10.079s][debug  ][gc,phases      ] GC(38)   VM Weak                        Min:  0.0, Avg:  0.0, Max:  0.0, Diff:  0.0, Sum:  0.0, Workers: 6
[10.079s][debug  ][gc,phases      ] GC(38)     Dead                           Min: 0, Avg:  0.0, Max: 0, Diff: 0, Sum: 0, Workers: 6
[10.079s][debug  ][gc,phases      ] GC(38)     Total                          Min: 0, Avg:  1.3, Max: 8, Diff: 8, Sum: 8, Workers: 6
[10.079s][debug  ][gc,phases      ] GC(38)   ObjectSynchronizer Weak        Min:  0.0, Avg:  0.0, Max:  0.0, Diff:  0.0, Sum:  0.0, Workers: 6
[10.080s][debug  ][gc,phases      ] GC(38)     Dead                           Min: 0, Avg:  0.0, Max: 0, Diff: 0, Sum: 0, Workers: 6
[10.080s][debug  ][gc,phases      ] GC(38)     Total                          Min: 0, Avg:  0.5, Max: 3, Diff: 3, Sum: 3, Workers: 6
[10.080s][debug  ][gc,phases      ] GC(38)   JVMTI Tag Weak OopStorage      Min:  0.0, Avg:  0.0, Max:  0.0, Diff:  0.0, Sum:  0.0, Workers: 6
[10.080s][debug  ][gc,phases      ] GC(38)     Dead                           Min: 0, Avg:  0.0, Max: 0, Diff: 0, Sum: 0, Workers: 6
[10.080s][debug  ][gc,phases      ] GC(38)     Total                          Min: 0, Avg:  0.0, Max: 0, Diff: 0, Sum: 0, Workers: 6
[10.080s][debug  ][gc,phases      ] GC(38)   StringTable Weak               Min:  0.0, Avg:  0.0, Max:  0.0, Diff:  0.0, Sum:  0.0, Workers: 6
[10.080s][debug  ][gc,phases      ] GC(38)     Dead                           Min: 0, Avg:  0.0, Max: 0, Diff: 0, Sum: 0, Workers: 6
[10.080s][debug  ][gc,phases      ] GC(38)     Total                          Min: 704, Avg: 892.2, Max: 1024, Diff: 320, Sum: 5353, Workers: 6
[10.080s][debug  ][gc,phases      ] GC(38)   ResolvedMethodTable Weak       Min:  0.0, Avg:  0.0, Max:  0.0, Diff:  0.0, Sum:  0.0, Workers: 6
[10.080s][debug  ][gc,phases      ] GC(38)     Dead                           Min: 0, Avg:  0.0, Max: 0, Diff: 0, Sum: 0, Workers: 6
[10.080s][debug  ][gc,phases      ] GC(38)     Total                          Min: 0, Avg: 21.7, Max: 64, Diff: 64, Sum: 130, Workers: 6
[10.080s][debug  ][gc,phases      ] GC(38)   JNI Weak                       Min:  0.0, Avg:  0.0, Max:  0.0, Diff:  0.0, Sum:  0.0, Workers: 6
[10.080s][debug  ][gc,phases      ] GC(38)     Dead                           Min: 0, Avg:  0.0, Max: 0, Diff: 0, Sum: 0, Workers: 6
[10.080s][debug  ][gc,phases      ] GC(38)     Total                          Min: 0, Avg:  0.0, Max: 0, Diff: 0, Sum: 0, Workers: 6
[10.080s][debug  ][gc,phases      ] GC(38)   StringDedup Table Weak         Min:  0.0, Avg:  0.0, Max:  0.0, Diff:  0.0, Sum:  0.0, Workers: 6
[10.080s][debug  ][gc,phases      ] GC(38)     Dead                           Min: 0, Avg:  0.0, Max: 0, Diff: 0, Sum: 0, Workers: 6
[10.080s][debug  ][gc,phases      ] GC(38)     Total                          Min: 0, Avg:  0.0, Max: 0, Diff: 0, Sum: 0, Workers: 6
[10.080s][debug  ][gc,phases      ] GC(38)   StringDedup Requests0 Weak     Min:  0.0, Avg:  0.0, Max:  0.0, Diff:  0.0, Sum:  0.0, Workers: 6
[10.080s][debug  ][gc,phases      ] GC(38)     Dead                           Min: 0, Avg:  0.0, Max: 0, Diff: 0, Sum: 0, Workers: 6
[10.080s][debug  ][gc,phases      ] GC(38)     Total                          Min: 0, Avg:  0.0, Max: 0, Diff: 0, Sum: 0, Workers: 6
[10.080s][debug  ][gc,phases      ] GC(38)   StringDedup Requests1 Weak     Min:  0.0, Avg:  0.0, Max:  0.0, Diff:  0.0, Sum:  0.0, Workers: 6
[10.080s][debug  ][gc,phases      ] GC(38)     Dead                           Min: 0, Avg:  0.0, Max: 0, Diff: 0, Sum: 0, Workers: 6
[10.080s][debug  ][gc,phases      ] GC(38)     Total                          Min: 0, Avg:  0.0, Max: 0, Diff: 0, Sum: 0, Workers: 6
[10.080s][debug  ][gc,phases      ] GC(38)   Weak JFR Old Object Samples    Min:  0.0, Avg:  0.0, Max:  0.0, Diff:  0.0, Sum:  0.0, Workers: 6
[10.080s][debug  ][gc,phases      ] GC(38)     Dead                           Min: 0, Avg:  0.0, Max: 0, Diff: 0, Sum: 0, Workers: 6
[10.080s][debug  ][gc,phases      ] GC(38)     Total                          Min: 0, Avg:  0.0, Max: 0, Diff: 0, Sum: 0, Workers: 6
[10.080s][debug  ][gc,phases      ] GC(38) Weak Processing 0.720ms
[10.080s][debug  ][gc,phases,start] GC(38) Class Unloading
[10.080s][debug  ][gc,phases,start] GC(38) ClassLoaderData
[10.080s][debug  ][gc,phases      ] GC(38) ClassLoaderData 0.021ms
[10.080s][debug  ][gc,phases,start] GC(38) Trigger cleanups
[10.080s][debug  ][gc,phases      ] GC(38) Trigger cleanups 0.021ms
[10.080s][debug  ][gc,phases      ] GC(38) Class Unloading 0.257ms
[10.080s][info   ][gc,phases      ] GC(38) Marking Phase 2.350ms
[10.080s][info   ][gc,phases,start] GC(38) Summary Phase
[10.080s][info   ][gc,phases      ] GC(38) Summary Phase 0.038ms
[10.080s][info   ][gc,phases,start] GC(38) Adjust Roots
[10.081s][info   ][gc,phases      ] GC(38) Adjust Roots 0.130ms
[10.081s][info   ][gc,phases,start] GC(38) Compaction Phase
[10.165s][info   ][gc,phases      ] GC(38) Compaction Phase 84.486ms
[10.165s][info   ][gc,phases,start] GC(38) Post Compact
[10.171s][info   ][gc,phases      ] GC(38) Post Compact 5.270ms
[10.171s][debug  ][gc,ergo        ] GC(38) AdaptiveSizeStart: collection: 39 
[10.171s][debug  ][gc,ergo        ] GC(38) PSAdaptiveSizePolicy::compute_eden_space_size limits: desired_eden_size: 236468417 old_eden_size: 203423744 eden_limit: 203423744 cur_eden: 203423744 max_eden_size: 203423744 avg_young_live: 24380940
[10.171s][debug  ][gc,ergo        ] GC(38) PSAdaptiveSizePolicy::compute_eden_space_size: costs minor_time: 0.057194 major_cost: 0.030828 mutator_cost: 0.911978 throughput_goal: 0.990000
[10.171s][debug  ][gc,ergo        ] GC(38) Live_space: 818978944 free_space: 892338176
[10.171s][debug  ][gc,ergo        ] GC(38) Old eden_size: 203423744 desired_eden_size: 203423744
[10.171s][debug  ][gc,ergo        ] GC(38) PSAdaptiveSizePolicy::compute_old_gen_free_space: costs minor_time: 0.057194 major_cost: 0.030828  mutator_cost: 0.911978 throughput_goal: 0.990000
[10.171s][debug  ][gc,ergo        ] GC(38) Live_space: 855651200 free_space: 892338176
[10.171s][debug  ][gc,ergo        ] GC(38) Old promo_size: 688914432 desired_promo_size: 761790464
[10.171s][debug  ][gc             ] GC(38) Shrinking ParOldGen from 1787392K by 32256K to 1755136K
[10.171s][debug  ][gc,ergo        ] GC(38) AdaptiveSizeStop: collection: 39 
[10.171s][info   ][gc,heap        ] GC(38) PSYoungGen: 30720K(230400K)->0K(230400K) Eden: 0K(198656K)->0K(198656K) From: 30720K(31744K)->0K(31744K)
[10.171s][info   ][gc,heap        ] GC(38) ParOldGen: 1609317K(1787392K)->769636K(1755136K)
[10.171s][info   ][gc,metaspace   ] GC(38) Metaspace: 1021K(1216K)->1021K(1216K) NonClass: 937K(1024K)->937K(1024K) Class: 83K(192K)->83K(192K)
[10.171s][info   ][gc             ] GC(38) Pause Full (Ergonomics) 1601M->751M(1939M) 93.047ms
[10.171s][info   ][gc,cpu         ] GC(38) User=0.88s Sys=0.02s Real=0.09s
[10.171s][debug  ][gc,heap        ] GC(38) Heap after GC invocations=39 (full 7):
[10.171s][debug  ][gc,heap        ] GC(38)  PSYoungGen      total 230400K, used 0K [0x00000000f0000000, 0x0000000100000000, 0x0000000100000000)
[10.171s][debug  ][gc,heap        ] GC(38)   eden space 198656K, 0% used [0x00000000f0000000,0x00000000f0000000,0x00000000fc200000)
[10.171s][debug  ][gc,heap        ] GC(38)   from space 31744K, 0% used [0x00000000fc200000,0x00000000fc200000,0x00000000fe100000)
[10.171s][debug  ][gc,heap        ] GC(38)   to   space 31744K, 0% used [0x00000000fe100000,0x00000000fe100000,0x0000000100000000)
[10.171s][debug  ][gc,heap        ] GC(38)  ParOldGen       total 1755136K, used 769636K [0x0000000080000000, 0x00000000eb200000, 0x00000000f0000000)
[10.171s][debug  ][gc,heap        ] GC(38)   object space 1755136K, 43% used [0x0000000080000000,0x00000000aef99030,0x00000000eb200000)
[10.171s][debug  ][gc,heap        ] GC(38)  Metaspace       used 1021K, committed 1216K, reserved 1056768K
[10.171s][debug  ][gc,heap        ] GC(38)   class space    used 83K, committed 192K, reserved 1048576K
[10.171s][debug  ][gc,task,time   ] GC(38) VM-Thread 100780406 100806461 101711205
[10.469s][debug  ][gc,heap        ] GC(39) Heap before GC invocations=40 (full 7):
[10.469s][debug  ][gc,heap        ] GC(39)  PSYoungGen      total 230400K, used 198435K [0x00000000f0000000, 0x0000000100000000, 0x0000000100000000)
[10.469s][debug  ][gc,heap        ] GC(39)   eden space 198656K, 99% used [0x00000000f0000000,0x00000000fc1c8ff0,0x00000000fc200000)
[10.469s][debug  ][gc,heap        ] GC(39)   from space 31744K, 0% used [0x00000000fc200000,0x00000000fc200000,0x00000000fe100000)
[10.469s][debug  ][gc,heap        ] GC(39)   to   space 31744K, 0% used [0x00000000fe100000,0x00000000fe100000,0x0000000100000000)
[10.469s][debug  ][gc,heap        ] GC(39)  ParOldGen       total 1755136K, used 769636K [0x0000000080000000, 0x00000000eb200000, 0x00000000f0000000)
[10.469s][debug  ][gc,heap        ] GC(39)   object space 1755136K, 43% used [0x0000000080000000,0x00000000aef99030,0x00000000eb200000)
[10.469s][debug  ][gc,heap        ] GC(39)  Metaspace       used 1021K, committed 1216K, reserved 1056768K
[10.469s][debug  ][gc,heap        ] GC(39)   class space    used 83K, committed 192K, reserved 1048576K
[10.469s][debug  ][gc,tlab        ] GC(39) TLAB totals: thrds: 1  refills: 1 max: 1 slow allocs: 18 max 18 waste: 27.5% gc: 3968704B max: 3968704B slow: 0B max: 0B
[10.469s][info   ][gc,start       ] GC(39) Pause Young (Allocation Failure)
[10.469s][debug  ][gc,phases,start] GC(39) Scavenge
[10.482s][debug  ][gc,phases      ] GC(39) Scavenge 13.211ms
[10.483s][debug  ][gc,phases,start] GC(39) Reference Processing
[10.483s][debug  ][gc,ref         ] GC(39) Skipped phase 1 of Reference Processing: no references
[10.483s][debug  ][gc,ref         ] GC(39) Skipped phase 2 of Reference Processing: no references
[10.483s][debug  ][gc,ref         ] GC(39) Skipped phase 3 of Reference Processing: no references
[10.483s][debug  ][gc,ref         ] GC(39) Skipped phase 4 of Reference Processing: no references
[10.483s][debug  ][gc,phases,ref  ] GC(39) Reference Processing: 0.1ms
[10.483s][debug  ][gc,phases,ref  ] GC(39)   Reconsider SoftReferences: 0.0ms
[10.483s][debug  ][gc,phases,ref  ] GC(39)     SoftRef (ms):                  skipped
[10.483s][debug  ][gc,phases,ref  ] GC(39)   Notify Soft/WeakReferences: 0.0ms
[10.483s][debug  ][gc,phases,ref  ] GC(39)     SoftRef (ms):                  skipped
[10.483s][debug  ][gc,phases,ref  ] GC(39)     WeakRef (ms):                  skipped
[10.483s][debug  ][gc,phases,ref  ] GC(39)     FinalRef (ms):                 skipped
[10.483s][debug  ][gc,phases,ref  ] GC(39)     Total (ms):                    skipped
[10.483s][debug  ][gc,phases,ref  ] GC(39)   Notify and keep alive finalizable: 0.0ms
[10.483s][debug  ][gc,phases,ref  ] GC(39)     FinalRef (ms):                 skipped
[10.483s][debug  ][gc,phases,ref  ] GC(39)   Notify PhantomReferences: 0.0ms
[10.483s][debug  ][gc,phases,ref  ] GC(39)     PhantomRef (ms):               skipped
[10.483s][debug  ][gc,phases,ref  ] GC(39)   SoftReference:
[10.483s][debug  ][gc,phases,ref  ] GC(39)     Discovered: 0
[10.483s][debug  ][gc,phases,ref  ] GC(39)     Cleared: 0
[10.483s][debug  ][gc,phases,ref  ] GC(39)   WeakReference:
[10.483s][debug  ][gc,phases,ref  ] GC(39)     Discovered: 0
[10.483s][debug  ][gc,phases,ref  ] GC(39)     Cleared: 0
[10.483s][debug  ][gc,phases,ref  ] GC(39)   FinalReference:
[10.483s][debug  ][gc,phases,ref  ] GC(39)     Discovered: 0
[10.483s][debug  ][gc,phases,ref  ] GC(39)     Cleared: 0
[10.483s][debug  ][gc,phases,ref  ] GC(39)   PhantomReference:
[10.483s][debug  ][gc,phases,ref  ] GC(39)     Discovered: 0
[10.483s][debug  ][gc,phases,ref  ] GC(39)     Cleared: 0
[10.483s][debug  ][gc,phases      ] GC(39) Reference Processing 0.759ms
[10.483s][debug  ][gc,phases,start] GC(39) Weak Processing
[10.483s][debug  ][gc,phases      ] GC(39)   VM Weak                        Min:  0.0, Avg:  0.0, Max:  0.0, Diff:  0.0, Sum:  0.0, Workers: 6
[10.483s][debug  ][gc,phases      ] GC(39)     Dead                           Min: 0, Avg:  0.0, Max: 0, Diff: 0, Sum: 0, Workers: 6
[10.483s][debug  ][gc,phases      ] GC(39)     Total                          Min: 0, Avg:  1.3, Max: 8, Diff: 8, Sum: 8, Workers: 6
[10.483s][debug  ][gc,phases      ] GC(39)   ObjectSynchronizer Weak        Min:  0.0, Avg:  0.0, Max:  0.0, Diff:  0.0, Sum:  0.0, Workers: 6
[10.484s][debug  ][gc,phases      ] GC(39)     Dead                           Min: 0, Avg:  0.0, Max: 0, Diff: 0, Sum: 0, Workers: 6
[10.484s][debug  ][gc,phases      ] GC(39)     Total                          Min: 0, Avg:  0.5, Max: 3, Diff: 3, Sum: 3, Workers: 6
[10.484s][debug  ][gc,phases      ] GC(39)   JVMTI Tag Weak OopStorage      Min:  0.0, Avg:  0.0, Max:  0.0, Diff:  0.0, Sum:  0.0, Workers: 6
[10.484s][debug  ][gc,phases      ] GC(39)     Dead                           Min: 0, Avg:  0.0, Max: 0, Diff: 0, Sum: 0, Workers: 6
[10.484s][debug  ][gc,phases      ] GC(39)     Total                          Min: 0, Avg:  0.0, Max: 0, Diff: 0, Sum: 0, Workers: 6
[10.484s][debug  ][gc,phases      ] GC(39)   StringTable Weak               Min:  0.0, Avg:  0.0, Max:  0.0, Diff:  0.0, Sum:  0.0, Workers: 6
[10.484s][debug  ][gc,phases      ] GC(39)     Dead                           Min: 0, Avg:  0.0, Max: 0, Diff: 0, Sum: 0, Workers: 6
[10.484s][debug  ][gc,phases      ] GC(39)     Total                          Min: 703, Avg: 892.2, Max: 1088, Diff: 385, Sum: 5353, Workers: 6
[10.484s][debug  ][gc,phases      ] GC(39)   ResolvedMethodTable Weak       Min:  0.0, Avg:  0.0, Max:  0.0, Diff:  0.0, Sum:  0.0, Workers: 6
[10.484s][debug  ][gc,phases      ] GC(39)     Dead                           Min: 0, Avg:  0.0, Max: 0, Diff: 0, Sum: 0, Workers: 6
[10.484s][debug  ][gc,phases      ] GC(39)     Total                          Min: 0, Avg: 21.7, Max: 64, Diff: 64, Sum: 130, Workers: 6
[10.484s][debug  ][gc,phases      ] GC(39)   JNI Weak                       Min:  0.0, Avg:  0.0, Max:  0.0, Diff:  0.0, Sum:  0.0, Workers: 6
[10.484s][debug  ][gc,phases      ] GC(39)     Dead                           Min: 0, Avg:  0.0, Max: 0, Diff: 0, Sum: 0, Workers: 6
[10.484s][debug  ][gc,phases      ] GC(39)     Total                          Min: 0, Avg:  0.0, Max: 0, Diff: 0, Sum: 0, Workers: 6
[10.484s][debug  ][gc,phases      ] GC(39)   StringDedup Table Weak         Min:  0.0, Avg:  0.0, Max:  0.0, Diff:  0.0, Sum:  0.0, Workers: 6
[10.484s][debug  ][gc,phases      ] GC(39)     Dead                           Min: 0, Avg:  0.0, Max: 0, Diff: 0, Sum: 0, Workers: 6
[10.484s][debug  ][gc,phases      ] GC(39)     Total                          Min: 0, Avg:  0.0, Max: 0, Diff: 0, Sum: 0, Workers: 6
[10.484s][debug  ][gc,phases      ] GC(39)   StringDedup Requests0 Weak     Min:  0.0, Avg:  0.0, Max:  0.0, Diff:  0.0, Sum:  0.0, Workers: 6
[10.484s][debug  ][gc,phases      ] GC(39)     Dead                           Min: 0, Avg:  0.0, Max: 0, Diff: 0, Sum: 0, Workers: 6
[10.484s][debug  ][gc,phases      ] GC(39)     Total                          Min: 0, Avg:  0.0, Max: 0, Diff: 0, Sum: 0, Workers: 6
[10.484s][debug  ][gc,phases      ] GC(39)   StringDedup Requests1 Weak     Min:  0.0, Avg:  0.0, Max:  0.0, Diff:  0.0, Sum:  0.0, Workers: 6
[10.484s][debug  ][gc,phases      ] GC(39)     Dead                           Min: 0, Avg:  0.0, Max: 0, Diff: 0, Sum: 0, Workers: 6
[10.484s][debug  ][gc,phases      ] GC(39)     Total                          Min: 0, Avg:  0.0, Max: 0, Diff: 0, Sum: 0, Workers: 6
[10.484s][debug  ][gc,phases      ] GC(39)   Weak JFR Old Object Samples    Min:  0.0, Avg:  0.0, Max:  0.0, Diff:  0.0, Sum:  0.0, Workers: 6
[10.484s][debug  ][gc,phases      ] GC(39)     Dead                           Min: 0, Avg:  0.0, Max: 0, Diff: 0, Sum: 0, Workers: 6
[10.484s][debug  ][gc,phases      ] GC(39)     Total                          Min: 0, Avg:  0.0, Max: 0, Diff: 0, Sum: 0, Workers: 6
[10.484s][debug  ][gc,phases      ] GC(39) Weak Processing 0.832ms
[10.484s][debug  ][gc,ergo        ] GC(39) AdaptiveSizeStart:  collection: 40 
[10.484s][debug  ][gc,ergo        ] GC(39) avg_survived_padded_avg: 32256026.000000
[10.484s][debug  ][gc,ergo        ] GC(39) avg_promoted_padded_avg: 240364784.000000  avg_pretenured_padded_avg: 0.000000  tenuring_thresh: 1  target_size: 32505856
[10.484s][debug  ][gc,age         ] GC(39) Desired survivor size 32505856 bytes, new threshold 1 (max threshold 15)
[10.484s][debug  ][gc,ergo        ] GC(39) PSAdaptiveSizePolicy::compute_eden_space_size limits: desired_eden_size: 235367569 old_eden_size: 203423744 eden_limit: 203423744 cur_eden: 203423744 max_eden_size: 203423744 avg_young_live: 25088578
[10.484s][debug  ][gc,ergo        ] GC(39) PSAdaptiveSizePolicy::compute_eden_space_size: costs minor_time: 0.052070 major_cost: 0.030828 mutator_cost: 0.917102 throughput_goal: 0.990000
[10.484s][debug  ][gc,ergo        ] GC(39) Live_space: 856358848 free_space: 965214208
[10.484s][debug  ][gc,ergo        ] GC(39) Old eden_size: 203423744 desired_eden_size: 203423744
[10.484s][debug  ][gc,ergo        ] GC(39) AdaptiveSizeStop: collection: 40 
[10.484s][info   ][gc,heap        ] GC(39) PSYoungGen: 198435K(230400K)->30720K(230400K) Eden: 198435K(198656K)->0K(198656K) From: 0K(31744K)->30720K(31744K)
[10.484s][info   ][gc,heap        ] GC(39) ParOldGen: 769636K(1755136K)->933476K(1755136K)
[10.484s][info   ][gc,metaspace   ] GC(39) Metaspace: 1021K(1216K)->1021K(1216K) NonClass: 937K(1024K)->937K(1024K) Class: 83K(192K)->83K(192K)
[10.485s][info   ][gc             ] GC(39) Pause Young (Allocation Failure) 945M->941M(1939M) 15.308ms
[10.485s][info   ][gc,cpu         ] GC(39) User=0.16s Sys=0.00s Real=0.02s
[10.485s][debug  ][gc,heap        ] GC(39) Heap after GC invocations=40 (full 7):
[10.485s][debug  ][gc,heap        ] GC(39)  PSYoungGen      total 230400K, used 30720K [0x00000000f0000000, 0x0000000100000000, 0x0000000100000000)
[10.485s][debug  ][gc,heap        ] GC(39)   eden space 198656K, 0% used [0x00000000f0000000,0x00000000f0000000,0x00000000fc200000)
[10.485s][debug  ][gc,heap        ] GC(39)   from space 31744K, 96% used [0x00000000fe100000,0x00000000fff00030,0x0000000100000000)
[10.485s][debug  ][gc,heap        ] GC(39)   to   space 31744K, 0% used [0x00000000fc200000,0x00000000fc200000,0x00000000fe100000)
[10.485s][debug  ][gc,heap        ] GC(39)  ParOldGen       total 1755136K, used 933476K [0x0000000080000000, 0x00000000eb200000, 0x00000000f0000000)
[10.485s][debug  ][gc,heap        ] GC(39)   object space 1755136K, 53% used [0x0000000080000000,0x00000000b8f99130,0x00000000eb200000)
[10.485s][debug  ][gc,heap        ] GC(39)  Metaspace       used 1021K, committed 1216K, reserved 1056768K
[10.485s][debug  ][gc,heap        ] GC(39)   class space    used 83K, committed 192K, reserved 1048576K
[10.485s][debug  ][gc,task,time   ] GC(39) VM-Thread 104687832 104825478 104848095
[10.789s][debug  ][gc,heap        ] GC(40) Heap before GC invocations=41 (full 7):
[10.789s][debug  ][gc,heap        ] GC(40)  PSYoungGen      total 230400K, used 229091K [0x00000000f0000000, 0x0000000100000000, 0x0000000100000000)
[10.789s][debug  ][gc,heap        ] GC(40)   eden space 198656K, 99% used [0x00000000f0000000,0x00000000fc1b8ca8,0x00000000fc200000)
[10.789s][debug  ][gc,heap        ] GC(40)   from space 31744K, 96% used [0x00000000fe100000,0x00000000fff00030,0x0000000100000000)
[10.789s][debug  ][gc,heap        ] GC(40)   to   space 31744K, 0% used [0x00000000fc200000,0x00000000fc200000,0x00000000fe100000)
[10.789s][debug  ][gc,heap        ] GC(40)  ParOldGen       total 1755136K, used 933476K [0x0000000080000000, 0x00000000eb200000, 0x00000000f0000000)
[10.789s][debug  ][gc,heap        ] GC(40)   object space 1755136K, 53% used [0x0000000080000000,0x00000000b8f99130,0x00000000eb200000)
[10.789s][debug  ][gc,heap        ] GC(40)  Metaspace       used 1021K, committed 1216K, reserved 1056768K
[10.789s][debug  ][gc,heap        ] GC(40)   class space    used 83K, committed 192K, reserved 1048576K
[10.789s][debug  ][gc,tlab        ] GC(40) TLAB totals: thrds: 1  refills: 1 max: 1 slow allocs: 18 max 18 waste: 27.1% gc: 3901160B max: 3901160B slow: 0B max: 0B
[10.789s][info   ][gc,start       ] GC(40) Pause Young (Allocation Failure)
[10.789s][debug  ][gc,phases,start] GC(40) Scavenge
[10.798s][debug  ][gc,phases      ] GC(40) Scavenge 9.086ms
[10.798s][debug  ][gc,phases,start] GC(40) Reference Processing
[10.798s][debug  ][gc,ref         ] GC(40) Skipped phase 1 of Reference Processing: no references
[10.799s][debug  ][gc,ref         ] GC(40) Skipped phase 2 of Reference Processing: no references
[10.799s][debug  ][gc,ref         ] GC(40) Skipped phase 3 of Reference Processing: no references
[10.799s][debug  ][gc,ref         ] GC(40) Skipped phase 4 of Reference Processing: no references
[10.799s][debug  ][gc,phases,ref  ] GC(40) Reference Processing: 0.1ms
[10.799s][debug  ][gc,phases,ref  ] GC(40)   Reconsider SoftReferences: 0.0ms
[10.799s][debug  ][gc,phases,ref  ] GC(40)     SoftRef (ms):                  skipped
[10.799s][debug  ][gc,phases,ref  ] GC(40)   Notify Soft/WeakReferences: 0.0ms
[10.799s][debug  ][gc,phases,ref  ] GC(40)     SoftRef (ms):                  skipped
[10.799s][debug  ][gc,phases,ref  ] GC(40)     WeakRef (ms):                  skipped
[10.799s][debug  ][gc,phases,ref  ] GC(40)     FinalRef (ms):                 skipped
[10.799s][debug  ][gc,phases,ref  ] GC(40)     Total (ms):                    skipped
[10.799s][debug  ][gc,phases,ref  ] GC(40)   Notify and keep alive finalizable: 0.0ms
[10.799s][debug  ][gc,phases,ref  ] GC(40)     FinalRef (ms):                 skipped
[10.799s][debug  ][gc,phases,ref  ] GC(40)   Notify PhantomReferences: 0.0ms
[10.799s][debug  ][gc,phases,ref  ] GC(40)     PhantomRef (ms):               skipped
[10.799s][debug  ][gc,phases,ref  ] GC(40)   SoftReference:
[10.799s][debug  ][gc,phases,ref  ] GC(40)     Discovered: 0
[10.799s][debug  ][gc,phases,ref  ] GC(40)     Cleared: 0
[10.799s][debug  ][gc,phases,ref  ] GC(40)   WeakReference:
[10.799s][debug  ][gc,phases,ref  ] GC(40)     Discovered: 0
[10.799s][debug  ][gc,phases,ref  ] GC(40)     Cleared: 0
[10.799s][debug  ][gc,phases,ref  ] GC(40)   FinalReference:
[10.799s][debug  ][gc,phases,ref  ] GC(40)     Discovered: 0
[10.799s][debug  ][gc,phases,ref  ] GC(40)     Cleared: 0
[10.799s][debug  ][gc,phases,ref  ] GC(40)   PhantomReference:
[10.799s][debug  ][gc,phases,ref  ] GC(40)     Discovered: 0
[10.799s][debug  ][gc,phases,ref  ] GC(40)     Cleared: 0
[10.799s][debug  ][gc,phases      ] GC(40) Reference Processing 0.624ms
[10.799s][debug  ][gc,phases,start] GC(40) Weak Processing
[10.799s][debug  ][gc,phases      ] GC(40)   VM Weak                        Min:  0.0, Avg:  0.0, Max:  0.0, Diff:  0.0, Sum:  0.0, Workers: 6
[10.799s][debug  ][gc,phases      ] GC(40)     Dead                           Min: 0, Avg:  0.0, Max: 0, Diff: 0, Sum: 0, Workers: 6
[10.799s][debug  ][gc,phases      ] GC(40)     Total                          Min: 0, Avg:  1.3, Max: 8, Diff: 8, Sum: 8, Workers: 6
[10.799s][debug  ][gc,phases      ] GC(40)   ObjectSynchronizer Weak        Min:  0.0, Avg:  0.0, Max:  0.0, Diff:  0.0, Sum:  0.0, Workers: 6
[10.799s][debug  ][gc,phases      ] GC(40)     Dead                           Min: 0, Avg:  0.0, Max: 0, Diff: 0, Sum: 0, Workers: 6
[10.799s][debug  ][gc,phases      ] GC(40)     Total                          Min: 0, Avg:  0.5, Max: 3, Diff: 3, Sum: 3, Workers: 6
[10.799s][debug  ][gc,phases      ] GC(40)   JVMTI Tag Weak OopStorage      Min:  0.0, Avg:  0.0, Max:  0.0, Diff:  0.0, Sum:  0.0, Workers: 6
[10.799s][debug  ][gc,phases      ] GC(40)     Dead                           Min: 0, Avg:  0.0, Max: 0, Diff: 0, Sum: 0, Workers: 6
[10.799s][debug  ][gc,phases      ] GC(40)     Total                          Min: 0, Avg:  0.0, Max: 0, Diff: 0, Sum: 0, Workers: 6
[10.799s][debug  ][gc,phases      ] GC(40)   StringTable Weak               Min:  0.0, Avg:  0.0, Max:  0.0, Diff:  0.0, Sum:  0.0, Workers: 6
[10.799s][debug  ][gc,phases      ] GC(40)     Dead                           Min: 0, Avg:  0.0, Max: 0, Diff: 0, Sum: 0, Workers: 6
[10.799s][debug  ][gc,phases      ] GC(40)     Total                          Min: 640, Avg: 892.2, Max: 1152, Diff: 512, Sum: 5353, Workers: 6
[10.799s][debug  ][gc,phases      ] GC(40)   ResolvedMethodTable Weak       Min:  0.0, Avg:  0.0, Max:  0.0, Diff:  0.0, Sum:  0.0, Workers: 6
[10.799s][debug  ][gc,phases      ] GC(40)     Dead                           Min: 0, Avg:  0.0, Max: 0, Diff: 0, Sum: 0, Workers: 6
[10.799s][debug  ][gc,phases      ] GC(40)     Total                          Min: 0, Avg: 21.7, Max: 64, Diff: 64, Sum: 130, Workers: 6
[10.800s][debug  ][gc,phases      ] GC(40)   JNI Weak                       Min:  0.0, Avg:  0.0, Max:  0.0, Diff:  0.0, Sum:  0.0, Workers: 6
[10.800s][debug  ][gc,phases      ] GC(40)     Dead                           Min: 0, Avg:  0.0, Max: 0, Diff: 0, Sum: 0, Workers: 6
[10.800s][debug  ][gc,phases      ] GC(40)     Total                          Min: 0, Avg:  0.0, Max: 0, Diff: 0, Sum: 0, Workers: 6
[10.800s][debug  ][gc,phases      ] GC(40)   StringDedup Table Weak         Min:  0.0, Avg:  0.0, Max:  0.0, Diff:  0.0, Sum:  0.0, Workers: 6
[10.800s][debug  ][gc,phases      ] GC(40)     Dead                           Min: 0, Avg:  0.0, Max: 0, Diff: 0, Sum: 0, Workers: 6
[10.800s][debug  ][gc,phases      ] GC(40)     Total                          Min: 0, Avg:  0.0, Max: 0, Diff: 0, Sum: 0, Workers: 6
[10.800s][debug  ][gc,phases      ] GC(40)   StringDedup Requests0 Weak     Min:  0.0, Avg:  0.0, Max:  0.0, Diff:  0.0, Sum:  0.0, Workers: 6
[10.800s][debug  ][gc,phases      ] GC(40)     Dead                           Min: 0, Avg:  0.0, Max: 0, Diff: 0, Sum: 0, Workers: 6
[10.800s][debug  ][gc,phases      ] GC(40)     Total                          Min: 0, Avg:  0.0, Max: 0, Diff: 0, Sum: 0, Workers: 6
[10.800s][debug  ][gc,phases      ] GC(40)   StringDedup Requests1 Weak     Min:  0.0, Avg:  0.0, Max:  0.0, Diff:  0.0, Sum:  0.0, Workers: 6
[10.800s][debug  ][gc,phases      ] GC(40)     Dead                           Min: 0, Avg:  0.0, Max: 0, Diff: 0, Sum: 0, Workers: 6
[10.800s][debug  ][gc,phases      ] GC(40)     Total                          Min: 0, Avg:  0.0, Max: 0, Diff: 0, Sum: 0, Workers: 6
[10.800s][debug  ][gc,phases      ] GC(40)   Weak JFR Old Object Samples    Min:  0.0, Avg:  0.0, Max:  0.0, Diff:  0.0, Sum:  0.0, Workers: 6
[10.800s][debug  ][gc,phases      ] GC(40)     Dead                           Min: 0, Avg:  0.0, Max: 0, Diff: 0, Sum: 0, Workers: 6
[10.800s][debug  ][gc,phases      ] GC(40)     Total                          Min: 0, Avg:  0.0, Max: 0, Diff: 0, Sum: 0, Workers: 6
[10.800s][debug  ][gc,phases      ] GC(40) Weak Processing 0.729ms
[10.800s][debug  ][gc,ergo        ] GC(40) AdaptiveSizeStart:  collection: 41 
[10.800s][debug  ][gc,ergo        ] GC(40) avg_survived_padded_avg: 32199454.000000
[10.800s][debug  ][gc,ergo        ] GC(40) avg_promoted_padded_avg: 242760384.000000  avg_pretenured_padded_avg: 0.000000  tenuring_thresh: 1  target_size: 32505856
[10.800s][debug  ][gc,age         ] GC(40) Desired survivor size 32505856 bytes, new threshold 1 (max threshold 15)
[10.800s][debug  ][gc,ergo        ] GC(40) PSAdaptiveSizePolicy::compute_eden_space_size limits: desired_eden_size: 234241070 old_eden_size: 203423744 eden_limit: 203423744 cur_eden: 203423744 max_eden_size: 203423744 avg_young_live: 25725452
[10.800s][debug  ][gc,ergo        ] GC(40) PSAdaptiveSizePolicy::compute_eden_space_size: costs minor_time: 0.047410 major_cost: 0.030828 mutator_cost: 0.921762 throughput_goal: 0.990000
[10.800s][debug  ][gc,ergo        ] GC(40) Live_space: 856995712 free_space: 965214208
[10.800s][debug  ][gc,ergo        ] GC(40) Old eden_size: 203423744 desired_eden_size: 203423744
[10.800s][debug  ][gc,ergo        ] GC(40) AdaptiveSizeStop: collection: 41 
[10.800s][info   ][gc,heap        ] GC(40) PSYoungGen: 229091K(230400K)->30720K(230400K) Eden: 198371K(198656K)->0K(198656K) From: 30720K(31744K)->30720K(31744K)
[10.800s][info   ][gc,heap        ] GC(40) ParOldGen: 933476K(1755136K)->1035876K(1755136K)
[10.800s][info   ][gc,metaspace   ] GC(40) Metaspace: 1021K(1216K)->1021K(1216K) NonClass: 937K(1024K)->937K(1024K) Class: 83K(192K)->83K(192K)
[10.800s][info   ][gc             ] GC(40) Pause Young (Allocation Failure) 1135M->1041M(1939M) 10.884ms
[10.800s][info   ][gc,cpu         ] GC(40) User=0.00s Sys=0.00s Real=0.01s
[10.800s][debug  ][gc,heap        ] GC(40) Heap after GC invocations=41 (full 7):
[10.800s][debug  ][gc,heap        ] GC(40)  PSYoungGen      total 230400K, used 30720K [0x00000000f0000000, 0x0000000100000000, 0x0000000100000000)
[10.800s][debug  ][gc,heap        ] GC(40)   eden space 198656K, 0% used [0x00000000f0000000,0x00000000f0000000,0x00000000fc200000)
[10.800s][debug  ][gc,heap        ] GC(40)   from space 31744K, 96% used [0x00000000fc200000,0x00000000fe000030,0x00000000fe100000)
[10.800s][debug  ][gc,heap        ] GC(40)   to   space 31744K, 0% used [0x00000000fe100000,0x00000000fe100000,0x0000000100000000)
[10.800s][debug  ][gc,heap        ] GC(40)  ParOldGen       total 1755136K, used 1035876K [0x0000000080000000, 0x00000000eb200000, 0x00000000f0000000)
[10.800s][debug  ][gc,heap        ] GC(40)   object space 1755136K, 59% used [0x0000000080000000,0x00000000bf3991d0,0x00000000eb200000)
[10.800s][debug  ][gc,heap        ] GC(40)  Metaspace       used 1021K, committed 1216K, reserved 1056768K
[10.800s][debug  ][gc,heap        ] GC(40)   class space    used 83K, committed 192K, reserved 1048576K
[10.800s][debug  ][gc,task,time   ] GC(40) VM-Thread 107888542 107984645 108004125
[11.108s][debug  ][gc,heap        ] GC(41) Heap before GC invocations=42 (full 7):
[11.108s][debug  ][gc,heap        ] GC(41)  PSYoungGen      total 230400K, used 229121K [0x00000000f0000000, 0x0000000100000000, 0x0000000100000000)
[11.108s][debug  ][gc,heap        ] GC(41)   eden space 198656K, 99% used [0x00000000f0000000,0x00000000fc1c04f0,0x00000000fc200000)
[11.108s][debug  ][gc,heap        ] GC(41)   from space 31744K, 96% used [0x00000000fc200000,0x00000000fe000030,0x00000000fe100000)
[11.108s][debug  ][gc,heap        ] GC(41)   to   space 31744K, 0% used [0x00000000fe100000,0x00000000fe100000,0x0000000100000000)
[11.108s][debug  ][gc,heap        ] GC(41)  ParOldGen       total 1755136K, used 1035876K [0x0000000080000000, 0x00000000eb200000, 0x00000000f0000000)
[11.108s][debug  ][gc,heap        ] GC(41)   object space 1755136K, 59% used [0x0000000080000000,0x00000000bf3991d0,0x00000000eb200000)
[11.108s][debug  ][gc,heap        ] GC(41)  Metaspace       used 1021K, committed 1216K, reserved 1056768K
[11.108s][debug  ][gc,heap        ] GC(41)   class space    used 83K, committed 192K, reserved 1048576K
[11.108s][debug  ][gc,tlab        ] GC(41) TLAB totals: thrds: 1  refills: 1 max: 1 slow allocs: 18 max 18 waste: 27.3% gc: 3933120B max: 3933120B slow: 0B max: 0B
[11.108s][info   ][gc,start       ] GC(41) Pause Young (Allocation Failure)
[11.108s][debug  ][gc,phases,start] GC(41) Scavenge
[11.123s][debug  ][gc,phases      ] GC(41) Scavenge 15.229ms
[11.123s][debug  ][gc,phases,start] GC(41) Reference Processing
[11.123s][debug  ][gc,ref         ] GC(41) Skipped phase 1 of Reference Processing: no references
[11.123s][debug  ][gc,ref         ] GC(41) Skipped phase 2 of Reference Processing: no references
[11.123s][debug  ][gc,ref         ] GC(41) Skipped phase 3 of Reference Processing: no references
[11.123s][debug  ][gc,ref         ] GC(41) Skipped phase 4 of Reference Processing: no references
[11.123s][debug  ][gc,phases,ref  ] GC(41) Reference Processing: 0.1ms
[11.123s][debug  ][gc,phases,ref  ] GC(41)   Reconsider SoftReferences: 0.0ms
[11.123s][debug  ][gc,phases,ref  ] GC(41)     SoftRef (ms):                  skipped
[11.123s][debug  ][gc,phases,ref  ] GC(41)   Notify Soft/WeakReferences: 0.0ms
[11.124s][debug  ][gc,phases,ref  ] GC(41)     SoftRef (ms):                  skipped
[11.124s][debug  ][gc,phases,ref  ] GC(41)     WeakRef (ms):                  skipped
[11.124s][debug  ][gc,phases,ref  ] GC(41)     FinalRef (ms):                 skipped
[11.124s][debug  ][gc,phases,ref  ] GC(41)     Total (ms):                    skipped
[11.124s][debug  ][gc,phases,ref  ] GC(41)   Notify and keep alive finalizable: 0.0ms
[11.124s][debug  ][gc,phases,ref  ] GC(41)     FinalRef (ms):                 skipped
[11.124s][debug  ][gc,phases,ref  ] GC(41)   Notify PhantomReferences: 0.0ms
[11.124s][debug  ][gc,phases,ref  ] GC(41)     PhantomRef (ms):               skipped
[11.124s][debug  ][gc,phases,ref  ] GC(41)   SoftReference:
[11.124s][debug  ][gc,phases,ref  ] GC(41)     Discovered: 0
[11.124s][debug  ][gc,phases,ref  ] GC(41)     Cleared: 0
[11.124s][debug  ][gc,phases,ref  ] GC(41)   WeakReference:
[11.124s][debug  ][gc,phases,ref  ] GC(41)     Discovered: 0
[11.124s][debug  ][gc,phases,ref  ] GC(41)     Cleared: 0
[11.124s][debug  ][gc,phases,ref  ] GC(41)   FinalReference:
[11.124s][debug  ][gc,phases,ref  ] GC(41)     Discovered: 0
[11.124s][debug  ][gc,phases,ref  ] GC(41)     Cleared: 0
[11.124s][debug  ][gc,phases,ref  ] GC(41)   PhantomReference:
[11.124s][debug  ][gc,phases,ref  ] GC(41)     Discovered: 0
[11.124s][debug  ][gc,phases,ref  ] GC(41)     Cleared: 0
[11.124s][debug  ][gc,phases      ] GC(41) Reference Processing 0.636ms
[11.124s][debug  ][gc,phases,start] GC(41) Weak Processing
[11.124s][debug  ][gc,phases      ] GC(41)   VM Weak                        Min:  0.0, Avg:  0.0, Max:  0.0, Diff:  0.0, Sum:  0.0, Workers: 6
[11.124s][debug  ][gc,phases      ] GC(41)     Dead                           Min: 0, Avg:  0.0, Max: 0, Diff: 0, Sum: 0, Workers: 6
[11.124s][debug  ][gc,phases      ] GC(41)     Total                          Min: 0, Avg:  1.3, Max: 8, Diff: 8, Sum: 8, Workers: 6
[11.124s][debug  ][gc,phases      ] GC(41)   ObjectSynchronizer Weak        Min:  0.0, Avg:  0.0, Max:  0.0, Diff:  0.0, Sum:  0.0, Workers: 6
[11.124s][debug  ][gc,phases      ] GC(41)     Dead                           Min: 0, Avg:  0.0, Max: 0, Diff: 0, Sum: 0, Workers: 6
[11.124s][debug  ][gc,phases      ] GC(41)     Total                          Min: 0, Avg:  0.5, Max: 3, Diff: 3, Sum: 3, Workers: 6
[11.124s][debug  ][gc,phases      ] GC(41)   JVMTI Tag Weak OopStorage      Min:  0.0, Avg:  0.0, Max:  0.0, Diff:  0.0, Sum:  0.0, Workers: 6
[11.124s][debug  ][gc,phases      ] GC(41)     Dead                           Min: 0, Avg:  0.0, Max: 0, Diff: 0, Sum: 0, Workers: 6
[11.124s][debug  ][gc,phases      ] GC(41)     Total                          Min: 0, Avg:  0.0, Max: 0, Diff: 0, Sum: 0, Workers: 6
[11.124s][debug  ][gc,phases      ] GC(41)   StringTable Weak               Min:  0.0, Avg:  0.0, Max:  0.0, Diff:  0.0, Sum:  0.0, Workers: 6
[11.124s][debug  ][gc,phases      ] GC(41)     Dead                           Min: 0, Avg:  0.0, Max: 0, Diff: 0, Sum: 0, Workers: 6
[11.124s][debug  ][gc,phases      ] GC(41)     Total                          Min: 704, Avg: 892.2, Max: 1001, Diff: 297, Sum: 5353, Workers: 6
[11.124s][debug  ][gc,phases      ] GC(41)   ResolvedMethodTable Weak       Min:  0.0, Avg:  0.0, Max:  0.0, Diff:  0.0, Sum:  0.0, Workers: 6
[11.124s][debug  ][gc,phases      ] GC(41)     Dead                           Min: 0, Avg:  0.0, Max: 0, Diff: 0, Sum: 0, Workers: 6
[11.124s][debug  ][gc,phases      ] GC(41)     Total                          Min: 0, Avg: 21.7, Max: 64, Diff: 64, Sum: 130, Workers: 6
[11.124s][debug  ][gc,phases      ] GC(41)   JNI Weak                       Min:  0.0, Avg:  0.0, Max:  0.0, Diff:  0.0, Sum:  0.0, Workers: 6
[11.124s][debug  ][gc,phases      ] GC(41)     Dead                           Min: 0, Avg:  0.0, Max: 0, Diff: 0, Sum: 0, Workers: 6
[11.124s][debug  ][gc,phases      ] GC(41)     Total                          Min: 0, Avg:  0.0, Max: 0, Diff: 0, Sum: 0, Workers: 6
[11.125s][debug  ][gc,phases      ] GC(41)   StringDedup Table Weak         Min:  0.0, Avg:  0.0, Max:  0.0, Diff:  0.0, Sum:  0.0, Workers: 6
[11.125s][debug  ][gc,phases      ] GC(41)     Dead                           Min: 0, Avg:  0.0, Max: 0, Diff: 0, Sum: 0, Workers: 6
[11.125s][debug  ][gc,phases      ] GC(41)     Total                          Min: 0, Avg:  0.0, Max: 0, Diff: 0, Sum: 0, Workers: 6
[11.125s][debug  ][gc,phases      ] GC(41)   StringDedup Requests0 Weak     Min:  0.0, Avg:  0.0, Max:  0.0, Diff:  0.0, Sum:  0.0, Workers: 6
[11.125s][debug  ][gc,phases      ] GC(41)     Dead                           Min: 0, Avg:  0.0, Max: 0, Diff: 0, Sum: 0, Workers: 6
[11.125s][debug  ][gc,phases      ] GC(41)     Total                          Min: 0, Avg:  0.0, Max: 0, Diff: 0, Sum: 0, Workers: 6
[11.125s][debug  ][gc,phases      ] GC(41)   StringDedup Requests1 Weak     Min:  0.0, Avg:  0.0, Max:  0.0, Diff:  0.0, Sum:  0.0, Workers: 6
[11.125s][debug  ][gc,phases      ] GC(41)     Dead                           Min: 0, Avg:  0.0, Max: 0, Diff: 0, Sum: 0, Workers: 6
[11.125s][debug  ][gc,phases      ] GC(41)     Total                          Min: 0, Avg:  0.0, Max: 0, Diff: 0, Sum: 0, Workers: 6
[11.125s][debug  ][gc,phases      ] GC(41)   Weak JFR Old Object Samples    Min:  0.0, Avg:  0.0, Max:  0.0, Diff:  0.0, Sum:  0.0, Workers: 6
[11.125s][debug  ][gc,phases      ] GC(41)     Dead                           Min: 0, Avg:  0.0, Max: 0, Diff: 0, Sum: 0, Workers: 6
[11.125s][debug  ][gc,phases      ] GC(41)     Total                          Min: 0, Avg:  0.0, Max: 0, Diff: 0, Sum: 0, Workers: 6
[11.125s][debug  ][gc,phases      ] GC(41) Weak Processing 0.811ms
[11.125s][debug  ][gc,ergo        ] GC(41) AdaptiveSizeStart:  collection: 42 
[11.125s][debug  ][gc,ergo        ] GC(41) avg_survived_padded_avg: 32146210.000000
[11.125s][debug  ][gc,ergo        ] GC(41) avg_promoted_padded_avg: 249536080.000000  avg_pretenured_padded_avg: 0.000000  tenuring_thresh: 1  target_size: 32505856
[11.125s][debug  ][gc,age         ] GC(41) Desired survivor size 32505856 bytes, new threshold 1 (max threshold 15)
[11.125s][debug  ][gc,ergo        ] GC(41) PSAdaptiveSizePolicy::compute_eden_space_size limits: desired_eden_size: 234511107 old_eden_size: 203423744 eden_limit: 203423744 cur_eden: 203423744 max_eden_size: 203423744 avg_young_live: 26298638
[11.125s][debug  ][gc,ergo        ] GC(41) PSAdaptiveSizePolicy::compute_eden_space_size: costs minor_time: 0.048479 major_cost: 0.030828 mutator_cost: 0.920694 throughput_goal: 0.990000
[11.125s][debug  ][gc,ergo        ] GC(41) Live_space: 857568896 free_space: 965214208
[11.125s][debug  ][gc,ergo        ] GC(41) Old eden_size: 203423744 desired_eden_size: 203423744
[11.125s][debug  ][gc,ergo        ] GC(41) AdaptiveSizeStop: collection: 42 
[11.125s][info   ][gc,heap        ] GC(41) PSYoungGen: 229121K(230400K)->30720K(230400K) Eden: 198401K(198656K)->0K(198656K) From: 30720K(31744K)->30720K(31744K)
[11.125s][info   ][gc,heap        ] GC(41) ParOldGen: 1035876K(1755136K)->1230436K(1755136K)
[11.125s][info   ][gc,metaspace   ] GC(41) Metaspace: 1021K(1216K)->1021K(1216K) NonClass: 937K(1024K)->937K(1024K) Class: 83K(192K)->83K(192K)
[11.125s][info   ][gc             ] GC(41) Pause Young (Allocation Failure) 1235M->1231M(1939M) 17.170ms
[11.125s][info   ][gc,cpu         ] GC(41) User=0.16s Sys=0.00s Real=0.02s
[11.125s][debug  ][gc,heap        ] GC(41) Heap after GC invocations=42 (full 7):
[11.125s][debug  ][gc,heap        ] GC(41)  PSYoungGen      total 230400K, used 30720K [0x00000000f0000000, 0x0000000100000000, 0x0000000100000000)
[11.125s][debug  ][gc,heap        ] GC(41)   eden space 198656K, 0% used [0x00000000f0000000,0x00000000f0000000,0x00000000fc200000)
[11.125s][debug  ][gc,heap        ] GC(41)   from space 31744K, 96% used [0x00000000fe100000,0x00000000fff00030,0x0000000100000000)
[11.125s][debug  ][gc,heap        ] GC(41)   to   space 31744K, 0% used [0x00000000fc200000,0x00000000fc200000,0x00000000fe100000)
[11.125s][debug  ][gc,heap        ] GC(41)  ParOldGen       total 1755136K, used 1230436K [0x0000000080000000, 0x00000000eb200000, 0x00000000f0000000)
[11.125s][debug  ][gc,heap        ] GC(41)   object space 1755136K, 70% used [0x0000000080000000,0x00000000cb199300,0x00000000eb200000)
[11.125s][debug  ][gc,heap        ] GC(41)  Metaspace       used 1021K, committed 1216K, reserved 1056768K
[11.125s][debug  ][gc,heap        ] GC(41)   class space    used 83K, committed 192K, reserved 1048576K
[11.125s][debug  ][gc,task,time   ] GC(41) VM-Thread 111075427 111233066 111253951
[11.425s][debug  ][gc,heap        ] GC(42) Heap before GC invocations=43 (full 7):
[11.425s][debug  ][gc,heap        ] GC(42)  PSYoungGen      total 230400K, used 229140K [0x00000000f0000000, 0x0000000100000000, 0x0000000100000000)
[11.425s][debug  ][gc,heap        ] GC(42)   eden space 198656K, 99% used [0x00000000f0000000,0x00000000fc1c5258,0x00000000fc200000)
[11.425s][debug  ][gc,heap        ] GC(42)   from space 31744K, 96% used [0x00000000fe100000,0x00000000fff00030,0x0000000100000000)
[11.426s][debug  ][gc,heap        ] GC(42)   to   space 31744K, 0% used [0x00000000fc200000,0x00000000fc200000,0x00000000fe100000)
[11.426s][debug  ][gc,heap        ] GC(42)  ParOldGen       total 1755136K, used 1230436K [0x0000000080000000, 0x00000000eb200000, 0x00000000f0000000)
[11.426s][debug  ][gc,heap        ] GC(42)   object space 1755136K, 70% used [0x0000000080000000,0x00000000cb199300,0x00000000eb200000)
[11.426s][debug  ][gc,heap        ] GC(42)  Metaspace       used 1021K, committed 1216K, reserved 1056768K
[11.426s][debug  ][gc,heap        ] GC(42)   class space    used 83K, committed 192K, reserved 1048576K
[11.426s][debug  ][gc,tlab        ] GC(42) TLAB totals: thrds: 1  refills: 1 max: 1 slow allocs: 18 max 18 waste: 27.4% gc: 3952936B max: 3952936B slow: 0B max: 0B
[11.426s][info   ][gc,start       ] GC(42) Pause Young (Allocation Failure)
[11.426s][debug  ][gc,phases,start] GC(42) Scavenge
[11.442s][debug  ][gc,phases      ] GC(42) Scavenge 16.046ms
[11.442s][debug  ][gc,phases,start] GC(42) Reference Processing
[11.442s][debug  ][gc,ref         ] GC(42) Skipped phase 1 of Reference Processing: no references
[11.442s][debug  ][gc,ref         ] GC(42) Skipped phase 2 of Reference Processing: no references
[11.442s][debug  ][gc,ref         ] GC(42) Skipped phase 3 of Reference Processing: no references
[11.442s][debug  ][gc,ref         ] GC(42) Skipped phase 4 of Reference Processing: no references
[11.442s][debug  ][gc,phases,ref  ] GC(42) Reference Processing: 0.1ms
[11.442s][debug  ][gc,phases,ref  ] GC(42)   Reconsider SoftReferences: 0.0ms
[11.442s][debug  ][gc,phases,ref  ] GC(42)     SoftRef (ms):                  skipped
[11.442s][debug  ][gc,phases,ref  ] GC(42)   Notify Soft/WeakReferences: 0.0ms
[11.442s][debug  ][gc,phases,ref  ] GC(42)     SoftRef (ms):                  skipped
[11.442s][debug  ][gc,phases,ref  ] GC(42)     WeakRef (ms):                  skipped
[11.442s][debug  ][gc,phases,ref  ] GC(42)     FinalRef (ms):                 skipped
[11.442s][debug  ][gc,phases,ref  ] GC(42)     Total (ms):                    skipped
[11.442s][debug  ][gc,phases,ref  ] GC(42)   Notify and keep alive finalizable: 0.0ms
[11.442s][debug  ][gc,phases,ref  ] GC(42)     FinalRef (ms):                 skipped
[11.442s][debug  ][gc,phases,ref  ] GC(42)   Notify PhantomReferences: 0.0ms
[11.442s][debug  ][gc,phases,ref  ] GC(42)     PhantomRef (ms):               skipped
[11.442s][debug  ][gc,phases,ref  ] GC(42)   SoftReference:
[11.443s][debug  ][gc,phases,ref  ] GC(42)     Discovered: 0
[11.443s][debug  ][gc,phases,ref  ] GC(42)     Cleared: 0
[11.443s][debug  ][gc,phases,ref  ] GC(42)   WeakReference:
[11.443s][debug  ][gc,phases,ref  ] GC(42)     Discovered: 0
[11.443s][debug  ][gc,phases,ref  ] GC(42)     Cleared: 0
[11.443s][debug  ][gc,phases,ref  ] GC(42)   FinalReference:
[11.443s][debug  ][gc,phases,ref  ] GC(42)     Discovered: 0
[11.443s][debug  ][gc,phases,ref  ] GC(42)     Cleared: 0
[11.443s][debug  ][gc,phases,ref  ] GC(42)   PhantomReference:
[11.443s][debug  ][gc,phases,ref  ] GC(42)     Discovered: 0
[11.443s][debug  ][gc,phases,ref  ] GC(42)     Cleared: 0
[11.443s][debug  ][gc,phases      ] GC(42) Reference Processing 0.822ms
[11.443s][debug  ][gc,phases,start] GC(42) Weak Processing
[11.443s][debug  ][gc,phases      ] GC(42)   VM Weak                        Min:  0.0, Avg:  0.0, Max:  0.0, Diff:  0.0, Sum:  0.0, Workers: 6
[11.443s][debug  ][gc,phases      ] GC(42)     Dead                           Min: 0, Avg:  0.0, Max: 0, Diff: 0, Sum: 0, Workers: 6
[11.443s][debug  ][gc,phases      ] GC(42)     Total                          Min: 0, Avg:  1.3, Max: 8, Diff: 8, Sum: 8, Workers: 6
[11.443s][debug  ][gc,phases      ] GC(42)   ObjectSynchronizer Weak        Min:  0.0, Avg:  0.0, Max:  0.0, Diff:  0.0, Sum:  0.0, Workers: 6
[11.443s][debug  ][gc,phases      ] GC(42)     Dead                           Min: 0, Avg:  0.0, Max: 0, Diff: 0, Sum: 0, Workers: 6
[11.443s][debug  ][gc,phases      ] GC(42)     Total                          Min: 0, Avg:  0.5, Max: 3, Diff: 3, Sum: 3, Workers: 6
[11.443s][debug  ][gc,phases      ] GC(42)   JVMTI Tag Weak OopStorage      Min:  0.0, Avg:  0.0, Max:  0.0, Diff:  0.0, Sum:  0.0, Workers: 6
[11.443s][debug  ][gc,phases      ] GC(42)     Dead                           Min: 0, Avg:  0.0, Max: 0, Diff: 0, Sum: 0, Workers: 6
[11.443s][debug  ][gc,phases      ] GC(42)     Total                          Min: 0, Avg:  0.0, Max: 0, Diff: 0, Sum: 0, Workers: 6
[11.443s][debug  ][gc,phases      ] GC(42)   StringTable Weak               Min:  0.0, Avg:  0.0, Max:  0.0, Diff:  0.0, Sum:  0.1, Workers: 6
[11.443s][debug  ][gc,phases      ] GC(42)     Dead                           Min: 0, Avg:  0.0, Max: 0, Diff: 0, Sum: 0, Workers: 6
[11.443s][debug  ][gc,phases      ] GC(42)     Total                          Min: 746, Avg: 892.2, Max: 1024, Diff: 278, Sum: 5353, Workers: 6
[11.443s][debug  ][gc,phases      ] GC(42)   ResolvedMethodTable Weak       Min:  0.0, Avg:  0.0, Max:  0.0, Diff:  0.0, Sum:  0.0, Workers: 6
[11.443s][debug  ][gc,phases      ] GC(42)     Dead                           Min: 0, Avg:  0.0, Max: 0, Diff: 0, Sum: 0, Workers: 6
[11.443s][debug  ][gc,phases      ] GC(42)     Total                          Min: 0, Avg: 21.7, Max: 64, Diff: 64, Sum: 130, Workers: 6
[11.443s][debug  ][gc,phases      ] GC(42)   JNI Weak                       Min:  0.0, Avg:  0.0, Max:  0.0, Diff:  0.0, Sum:  0.0, Workers: 6
[11.443s][debug  ][gc,phases      ] GC(42)     Dead                           Min: 0, Avg:  0.0, Max: 0, Diff: 0, Sum: 0, Workers: 6
[11.443s][debug  ][gc,phases      ] GC(42)     Total                          Min: 0, Avg:  0.0, Max: 0, Diff: 0, Sum: 0, Workers: 6
[11.443s][debug  ][gc,phases      ] GC(42)   StringDedup Table Weak         Min:  0.0, Avg:  0.0, Max:  0.0, Diff:  0.0, Sum:  0.0, Workers: 6
[11.443s][debug  ][gc,phases      ] GC(42)     Dead                           Min: 0, Avg:  0.0, Max: 0, Diff: 0, Sum: 0, Workers: 6
[11.443s][debug  ][gc,phases      ] GC(42)     Total                          Min: 0, Avg:  0.0, Max: 0, Diff: 0, Sum: 0, Workers: 6
[11.443s][debug  ][gc,phases      ] GC(42)   StringDedup Requests0 Weak     Min:  0.0, Avg:  0.0, Max:  0.0, Diff:  0.0, Sum:  0.0, Workers: 6
[11.443s][debug  ][gc,phases      ] GC(42)     Dead                           Min: 0, Avg:  0.0, Max: 0, Diff: 0, Sum: 0, Workers: 6
[11.444s][debug  ][gc,phases      ] GC(42)     Total                          Min: 0, Avg:  0.0, Max: 0, Diff: 0, Sum: 0, Workers: 6
[11.444s][debug  ][gc,phases      ] GC(42)   StringDedup Requests1 Weak     Min:  0.0, Avg:  0.0, Max:  0.0, Diff:  0.0, Sum:  0.0, Workers: 6
[11.444s][debug  ][gc,phases      ] GC(42)     Dead                           Min: 0, Avg:  0.0, Max: 0, Diff: 0, Sum: 0, Workers: 6
[11.444s][debug  ][gc,phases      ] GC(42)     Total                          Min: 0, Avg:  0.0, Max: 0, Diff: 0, Sum: 0, Workers: 6
[11.444s][debug  ][gc,phases      ] GC(42)   Weak JFR Old Object Samples    Min:  0.0, Avg:  0.0, Max:  0.0, Diff:  0.0, Sum:  0.0, Workers: 6
[11.444s][debug  ][gc,phases      ] GC(42)     Dead                           Min: 0, Avg:  0.0, Max: 0, Diff: 0, Sum: 0, Workers: 6
[11.444s][debug  ][gc,phases      ] GC(42)     Total                          Min: 0, Avg:  0.0, Max: 0, Diff: 0, Sum: 0, Workers: 6
[11.444s][debug  ][gc,phases      ] GC(42) Weak Processing 0.891ms
[11.444s][debug  ][gc,ergo        ] GC(42) AdaptiveSizeStart:  collection: 43 
[11.444s][debug  ][gc,ergo        ] GC(42) avg_survived_padded_avg: 32096194.000000
[11.444s][debug  ][gc,ergo        ] GC(42) avg_promoted_padded_avg: 254521344.000000  avg_pretenured_padded_avg: 0.000000  tenuring_thresh: 1  target_size: 32505856
[11.444s][debug  ][gc,age         ] GC(42) Desired survivor size 32505856 bytes, new threshold 1 (max threshold 15)
[11.444s][debug  ][gc,ergo        ] GC(42) PSAdaptiveSizePolicy::compute_eden_space_size limits: desired_eden_size: 234980436 old_eden_size: 203423744 eden_limit: 203423744 cur_eden: 203423744 max_eden_size: 203423744 avg_young_live: 26814506
[11.444s][debug  ][gc,ergo        ] GC(42) PSAdaptiveSizePolicy::compute_eden_space_size: costs minor_time: 0.050407 major_cost: 0.030828 mutator_cost: 0.918765 throughput_goal: 0.990000
[11.444s][debug  ][gc,ergo        ] GC(42) Live_space: 858084736 free_space: 965214208
[11.444s][debug  ][gc,ergo        ] GC(42) Old eden_size: 203423744 desired_eden_size: 203423744
[11.444s][debug  ][gc,ergo        ] GC(42) AdaptiveSizeStop: collection: 43 
[11.444s][info   ][gc,heap        ] GC(42) PSYoungGen: 229140K(230400K)->30720K(230400K) Eden: 198420K(198656K)->0K(198656K) From: 30720K(31744K)->30720K(31744K)
[11.444s][info   ][gc,heap        ] GC(42) ParOldGen: 1230436K(1755136K)->1424997K(1755136K)
[11.444s][info   ][gc,metaspace   ] GC(42) Metaspace: 1021K(1216K)->1021K(1216K) NonClass: 937K(1024K)->937K(1024K) Class: 83K(192K)->83K(192K)
[11.444s][info   ][gc             ] GC(42) Pause Young (Allocation Failure) 1425M->1421M(1939M) 18.326ms
[11.444s][info   ][gc,cpu         ] GC(42) User=0.17s Sys=0.00s Real=0.02s
[11.444s][debug  ][gc,heap        ] GC(42) Heap after GC invocations=43 (full 7):
[11.444s][debug  ][gc,heap        ] GC(42)  PSYoungGen      total 230400K, used 30720K [0x00000000f0000000, 0x0000000100000000, 0x0000000100000000)
[11.444s][debug  ][gc,heap        ] GC(42)   eden space 198656K, 0% used [0x00000000f0000000,0x00000000f0000000,0x00000000fc200000)
[11.444s][debug  ][gc,heap        ] GC(42)   from space 31744K, 96% used [0x00000000fc200000,0x00000000fe000030,0x00000000fe100000)
[11.444s][debug  ][gc,heap        ] GC(42)   to   space 31744K, 0% used [0x00000000fe100000,0x00000000fe100000,0x0000000100000000)
[11.444s][debug  ][gc,heap        ] GC(42)  ParOldGen       total 1755136K, used 1424997K [0x0000000080000000, 0x00000000eb200000, 0x00000000f0000000)
[11.444s][debug  ][gc,heap        ] GC(42)   object space 1755136K, 81% used [0x0000000080000000,0x00000000d6f99430,0x00000000eb200000)
[11.444s][debug  ][gc,heap        ] GC(42)  Metaspace       used 1021K, committed 1216K, reserved 1056768K
[11.444s][debug  ][gc,heap        ] GC(42)   class space    used 83K, committed 192K, reserved 1048576K
[11.444s][debug  ][gc,task,time   ] GC(42) VM-Thread 114252978 114419529 114444018
[11.741s][debug  ][gc,heap        ] GC(43) Heap before GC invocations=44 (full 7):
[11.741s][debug  ][gc,heap        ] GC(43)  PSYoungGen      total 230400K, used 229153K [0x00000000f0000000, 0x0000000100000000, 0x0000000100000000)
[11.741s][debug  ][gc,heap        ] GC(43)   eden space 198656K, 99% used [0x00000000f0000000,0x00000000fc1c8418,0x00000000fc200000)
[11.742s][debug  ][gc,heap        ] GC(43)   from space 31744K, 96% used [0x00000000fc200000,0x00000000fe000030,0x00000000fe100000)
[11.742s][debug  ][gc,heap        ] GC(43)   to   space 31744K, 0% used [0x00000000fe100000,0x00000000fe100000,0x0000000100000000)
[11.742s][debug  ][gc,heap        ] GC(43)  ParOldGen       total 1755136K, used 1424997K [0x0000000080000000, 0x00000000eb200000, 0x00000000f0000000)
[11.742s][debug  ][gc,heap        ] GC(43)   object space 1755136K, 81% used [0x0000000080000000,0x00000000d6f99430,0x00000000eb200000)
[11.742s][debug  ][gc,heap        ] GC(43)  Metaspace       used 1021K, committed 1216K, reserved 1056768K
[11.742s][debug  ][gc,heap        ] GC(43)   class space    used 83K, committed 192K, reserved 1048576K
[11.742s][debug  ][gc,tlab        ] GC(43) TLAB totals: thrds: 1  refills: 1 max: 1 slow allocs: 18 max 18 waste: 27.4% gc: 3965672B max: 3965672B slow: 0B max: 0B
[11.742s][info   ][gc,start       ] GC(43) Pause Young (Allocation Failure)
[11.742s][debug  ][gc,phases,start] GC(43) Scavenge
[11.760s][debug  ][gc,phases      ] GC(43) Scavenge 18.366ms
[11.760s][debug  ][gc,phases,start] GC(43) Reference Processing
[11.760s][debug  ][gc,ref         ] GC(43) Skipped phase 1 of Reference Processing: no references
[11.760s][debug  ][gc,ref         ] GC(43) Skipped phase 2 of Reference Processing: no references
[11.760s][debug  ][gc,ref         ] GC(43) Skipped phase 3 of Reference Processing: no references
[11.760s][debug  ][gc,ref         ] GC(43) Skipped phase 4 of Reference Processing: no references
[11.760s][debug  ][gc,phases,ref  ] GC(43) Reference Processing: 0.1ms
[11.761s][debug  ][gc,phases,ref  ] GC(43)   Reconsider SoftReferences: 0.0ms
[11.761s][debug  ][gc,phases,ref  ] GC(43)     SoftRef (ms):                  skipped
[11.761s][debug  ][gc,phases,ref  ] GC(43)   Notify Soft/WeakReferences: 0.0ms
[11.761s][debug  ][gc,phases,ref  ] GC(43)     SoftRef (ms):                  skipped
[11.761s][debug  ][gc,phases,ref  ] GC(43)     WeakRef (ms):                  skipped
[11.761s][debug  ][gc,phases,ref  ] GC(43)     FinalRef (ms):                 skipped
[11.761s][debug  ][gc,phases,ref  ] GC(43)     Total (ms):                    skipped
[11.761s][debug  ][gc,phases,ref  ] GC(43)   Notify and keep alive finalizable: 0.0ms
[11.761s][debug  ][gc,phases,ref  ] GC(43)     FinalRef (ms):                 skipped
[11.761s][debug  ][gc,phases,ref  ] GC(43)   Notify PhantomReferences: 0.0ms
[11.761s][debug  ][gc,phases,ref  ] GC(43)     PhantomRef (ms):               skipped
[11.761s][debug  ][gc,phases,ref  ] GC(43)   SoftReference:
[11.761s][debug  ][gc,phases,ref  ] GC(43)     Discovered: 0
[11.761s][debug  ][gc,phases,ref  ] GC(43)     Cleared: 0
[11.761s][debug  ][gc,phases,ref  ] GC(43)   WeakReference:
[11.761s][debug  ][gc,phases,ref  ] GC(43)     Discovered: 0
[11.761s][debug  ][gc,phases,ref  ] GC(43)     Cleared: 0
[11.761s][debug  ][gc,phases,ref  ] GC(43)   FinalReference:
[11.761s][debug  ][gc,phases,ref  ] GC(43)     Discovered: 0
[11.761s][debug  ][gc,phases,ref  ] GC(43)     Cleared: 0
[11.761s][debug  ][gc,phases,ref  ] GC(43)   PhantomReference:
[11.761s][debug  ][gc,phases,ref  ] GC(43)     Discovered: 0
[11.761s][debug  ][gc,phases,ref  ] GC(43)     Cleared: 0
[11.761s][debug  ][gc,phases      ] GC(43) Reference Processing 0.861ms
[11.761s][debug  ][gc,phases,start] GC(43) Weak Processing
[11.761s][debug  ][gc,phases      ] GC(43)   VM Weak                        Min:  0.0, Avg:  0.0, Max:  0.0, Diff:  0.0, Sum:  0.0, Workers: 6
[11.761s][debug  ][gc,phases      ] GC(43)     Dead                           Min: 0, Avg:  0.0, Max: 0, Diff: 0, Sum: 0, Workers: 6
[11.761s][debug  ][gc,phases      ] GC(43)     Total                          Min: 0, Avg:  1.3, Max: 8, Diff: 8, Sum: 8, Workers: 6
[11.761s][debug  ][gc,phases      ] GC(43)   ObjectSynchronizer Weak        Min:  0.0, Avg:  0.0, Max:  0.0, Diff:  0.0, Sum:  0.0, Workers: 6
[11.761s][debug  ][gc,phases      ] GC(43)     Dead                           Min: 0, Avg:  0.0, Max: 0, Diff: 0, Sum: 0, Workers: 6
[11.761s][debug  ][gc,phases      ] GC(43)     Total                          Min: 0, Avg:  0.5, Max: 3, Diff: 3, Sum: 3, Workers: 6
[11.761s][debug  ][gc,phases      ] GC(43)   JVMTI Tag Weak OopStorage      Min:  0.0, Avg:  0.0, Max:  0.0, Diff:  0.0, Sum:  0.0, Workers: 6
[11.761s][debug  ][gc,phases      ] GC(43)     Dead                           Min: 0, Avg:  0.0, Max: 0, Diff: 0, Sum: 0, Workers: 6
[11.761s][debug  ][gc,phases      ] GC(43)     Total                          Min: 0, Avg:  0.0, Max: 0, Diff: 0, Sum: 0, Workers: 6
[11.761s][debug  ][gc,phases      ] GC(43)   StringTable Weak               Min:  0.0, Avg:  0.0, Max:  0.0, Diff:  0.0, Sum:  0.0, Workers: 6
[11.762s][debug  ][gc,phases      ] GC(43)     Dead                           Min: 0, Avg:  0.0, Max: 0, Diff: 0, Sum: 0, Workers: 6
[11.762s][debug  ][gc,phases      ] GC(43)     Total                          Min: 768, Avg: 892.2, Max: 1279, Diff: 511, Sum: 5353, Workers: 6
[11.762s][debug  ][gc,phases      ] GC(43)   ResolvedMethodTable Weak       Min:  0.0, Avg:  0.0, Max:  0.0, Diff:  0.0, Sum:  0.0, Workers: 6
[11.762s][debug  ][gc,phases      ] GC(43)     Dead                           Min: 0, Avg:  0.0, Max: 0, Diff: 0, Sum: 0, Workers: 6
[11.762s][debug  ][gc,phases      ] GC(43)     Total                          Min: 0, Avg: 21.7, Max: 64, Diff: 64, Sum: 130, Workers: 6
[11.762s][debug  ][gc,phases      ] GC(43)   JNI Weak                       Min:  0.0, Avg:  0.0, Max:  0.0, Diff:  0.0, Sum:  0.0, Workers: 6
[11.762s][debug  ][gc,phases      ] GC(43)     Dead                           Min: 0, Avg:  0.0, Max: 0, Diff: 0, Sum: 0, Workers: 6
[11.762s][debug  ][gc,phases      ] GC(43)     Total                          Min: 0, Avg:  0.0, Max: 0, Diff: 0, Sum: 0, Workers: 6
[11.762s][debug  ][gc,phases      ] GC(43)   StringDedup Table Weak         Min:  0.0, Avg:  0.0, Max:  0.0, Diff:  0.0, Sum:  0.0, Workers: 6
[11.762s][debug  ][gc,phases      ] GC(43)     Dead                           Min: 0, Avg:  0.0, Max: 0, Diff: 0, Sum: 0, Workers: 6
[11.762s][debug  ][gc,phases      ] GC(43)     Total                          Min: 0, Avg:  0.0, Max: 0, Diff: 0, Sum: 0, Workers: 6
[11.762s][debug  ][gc,phases      ] GC(43)   StringDedup Requests0 Weak     Min:  0.0, Avg:  0.0, Max:  0.0, Diff:  0.0, Sum:  0.0, Workers: 6
[11.762s][debug  ][gc,phases      ] GC(43)     Dead                           Min: 0, Avg:  0.0, Max: 0, Diff: 0, Sum: 0, Workers: 6
[11.762s][debug  ][gc,phases      ] GC(43)     Total                          Min: 0, Avg:  0.0, Max: 0, Diff: 0, Sum: 0, Workers: 6
[11.762s][debug  ][gc,phases      ] GC(43)   StringDedup Requests1 Weak     Min:  0.0, Avg:  0.0, Max:  0.0, Diff:  0.0, Sum:  0.0, Workers: 6
[11.762s][debug  ][gc,phases      ] GC(43)     Dead                           Min: 0, Avg:  0.0, Max: 0, Diff: 0, Sum: 0, Workers: 6
[11.762s][debug  ][gc,phases      ] GC(43)     Total                          Min: 0, Avg:  0.0, Max: 0, Diff: 0, Sum: 0, Workers: 6
[11.762s][debug  ][gc,phases      ] GC(43)   Weak JFR Old Object Samples    Min:  0.0, Avg:  0.0, Max:  0.0, Diff:  0.0, Sum:  0.0, Workers: 6
[11.762s][debug  ][gc,phases      ] GC(43)     Dead                           Min: 0, Avg:  0.0, Max: 0, Diff: 0, Sum: 0, Workers: 6
[11.762s][debug  ][gc,phases      ] GC(43)     Total                          Min: 0, Avg:  0.0, Max: 0, Diff: 0, Sum: 0, Workers: 6
[11.762s][debug  ][gc,phases      ] GC(43) Weak Processing 0.812ms
[11.762s][debug  ][gc,ergo        ] GC(43) AdaptiveSizeStart:  collection: 44 
[11.762s][debug  ][gc,ergo        ] GC(43) avg_survived_padded_avg: 32049290.000000
[11.762s][debug  ][gc,ergo        ] GC(43) avg_promoted_padded_avg: 258006480.000000  avg_pretenured_padded_avg: 0.000000  tenuring_thresh: 1  target_size: 32505856
[11.762s][debug  ][gc,age         ] GC(43) Desired survivor size 32505856 bytes, new threshold 1 (max threshold 15)
[11.762s][debug  ][gc,ergo        ] GC(43) PSAdaptiveSizePolicy::compute_eden_space_size limits: desired_eden_size: 235726903 old_eden_size: 203423744 eden_limit: 203423744 cur_eden: 203423744 max_eden_size: 203423744 avg_young_live: 27278788
[11.762s][debug  ][gc,ergo        ] GC(43) PSAdaptiveSizePolicy::compute_eden_space_size: costs minor_time: 0.053676 major_cost: 0.030828 mutator_cost: 0.915497 throughput_goal: 0.990000
[11.762s][debug  ][gc,ergo        ] GC(43) Live_space: 858549056 free_space: 965214208
[11.762s][debug  ][gc,ergo        ] GC(43) Old eden_size: 203423744 desired_eden_size: 203423744
[11.762s][debug  ][gc,ergo        ] GC(43) AdaptiveSizeStop: collection: 44 
[11.762s][info   ][gc,heap        ] GC(43) PSYoungGen: 229153K(230400K)->30720K(230400K) Eden: 198433K(198656K)->0K(198656K) From: 30720K(31744K)->30720K(31744K)
[11.762s][info   ][gc,heap        ] GC(43) ParOldGen: 1424997K(1755136K)->1619557K(1755136K)
[11.762s][info   ][gc,metaspace   ] GC(43) Metaspace: 1021K(1216K)->1021K(1216K) NonClass: 937K(1024K)->937K(1024K) Class: 83K(192K)->83K(192K)
[11.762s][info   ][gc             ] GC(43) Pause Young (Allocation Failure) 1615M->1611M(1939M) 20.553ms
[11.762s][info   ][gc,cpu         ] GC(43) User=0.12s Sys=0.02s Real=0.02s
[11.762s][debug  ][gc,heap        ] GC(43) Heap after GC invocations=44 (full 7):
[11.762s][debug  ][gc,heap        ] GC(43)  PSYoungGen      total 230400K, used 30720K [0x00000000f0000000, 0x0000000100000000, 0x0000000100000000)
[11.762s][debug  ][gc,heap        ] GC(43)   eden space 198656K, 0% used [0x00000000f0000000,0x00000000f0000000,0x00000000fc200000)
[11.762s][debug  ][gc,heap        ] GC(43)   from space 31744K, 96% used [0x00000000fe100000,0x00000000fff00030,0x0000000100000000)
[11.762s][debug  ][gc,heap        ] GC(43)   to   space 31744K, 0% used [0x00000000fc200000,0x00000000fc200000,0x00000000fe100000)
[11.762s][debug  ][gc,heap        ] GC(43)  ParOldGen       total 1755136K, used 1619557K [0x0000000080000000, 0x00000000eb200000, 0x00000000f0000000)
[11.763s][debug  ][gc,heap        ] GC(43)   object space 1755136K, 92% used [0x0000000080000000,0x00000000e2d99560,0x00000000eb200000)
[11.763s][debug  ][gc,heap        ] GC(43)  Metaspace       used 1021K, committed 1216K, reserved 1056768K
[11.763s][debug  ][gc,heap        ] GC(43)   class space    used 83K, committed 192K, reserved 1048576K
[11.763s][debug  ][gc,task,time   ] GC(43) VM-Thread 117413270 117603079 117625918
[11.763s][debug  ][gc,phases,start] GC(44) Pre Compact
[11.763s][debug  ][gc,heap        ] GC(44) Heap before GC invocations=45 (full 8):
[11.763s][debug  ][gc,heap        ] GC(44)  PSYoungGen      total 230400K, used 30720K [0x00000000f0000000, 0x0000000100000000, 0x0000000100000000)
[11.763s][debug  ][gc,heap        ] GC(44)   eden space 198656K, 0% used [0x00000000f0000000,0x00000000f0000000,0x00000000fc200000)
[11.763s][debug  ][gc,heap        ] GC(44)   from space 31744K, 96% used [0x00000000fe100000,0x00000000fff00030,0x0000000100000000)
[11.763s][debug  ][gc,heap        ] GC(44)   to   space 31744K, 0% used [0x00000000fc200000,0x00000000fc200000,0x00000000fe100000)
[11.763s][debug  ][gc,heap        ] GC(44)  ParOldGen       total 1755136K, used 1619557K [0x0000000080000000, 0x00000000eb200000, 0x00000000f0000000)
[11.763s][debug  ][gc,heap        ] GC(44)   object space 1755136K, 92% used [0x0000000080000000,0x00000000e2d99560,0x00000000eb200000)
[11.763s][debug  ][gc,heap        ] GC(44)  Metaspace       used 1021K, committed 1216K, reserved 1056768K
[11.763s][debug  ][gc,heap        ] GC(44)   class space    used 83K, committed 192K, reserved 1048576K
[11.763s][debug  ][gc,phases      ] GC(44) Pre Compact 0.227ms
[11.763s][info   ][gc,start       ] GC(44) Pause Full (Ergonomics)
[11.763s][info   ][gc,phases,start] GC(44) Marking Phase
[11.763s][debug  ][gc,phases,start] GC(44) Par Mark
[11.763s][debug  ][gc,phases      ] GC(44) Par Mark 0.535ms
[11.763s][debug  ][gc,phases,start] GC(44) Reference Processing
[11.764s][debug  ][gc,ref         ] GC(44) Skipped phase 1 of Reference Processing: no references
[11.764s][debug  ][gc,ref         ] GC(44) ReferenceProcessor::execute queues: 1, RefProcThreadModel::Single, marks_oops_alive: false
[11.764s][debug  ][gc,ref         ] GC(44) Skipped phase 3 of Reference Processing: no references
[11.764s][debug  ][gc,ref         ] GC(44) ReferenceProcessor::execute queues: 1, RefProcThreadModel::Single, marks_oops_alive: false
[11.764s][debug  ][gc,phases,ref  ] GC(44) Reference Processing: 0.1ms
[11.764s][debug  ][gc,phases,ref  ] GC(44)   Reconsider SoftReferences: 0.0ms
[11.764s][debug  ][gc,phases,ref  ] GC(44)     SoftRef (ms):                  skipped
[11.764s][debug  ][gc,phases,ref  ] GC(44)   Notify Soft/WeakReferences: 0.0ms
[11.764s][debug  ][gc,phases,ref  ] GC(44)     SoftRef (ms):                  Min:  0.0, Avg:  0.0, Max:  0.0, Diff:  0.0, Sum:  0.0, Workers: 10
[11.764s][debug  ][gc,phases,ref  ] GC(44)     WeakRef (ms):                  Min:  0.0, Avg:  0.0, Max:  0.0, Diff:  0.0, Sum:  0.0, Workers: 10
[11.764s][debug  ][gc,phases,ref  ] GC(44)     FinalRef (ms):                 Min:  0.0, Avg:  0.0, Max:  0.0, Diff:  0.0, Sum:  0.0, Workers: 10
[11.764s][debug  ][gc,phases,ref  ] GC(44)     Total (ms):                    Min:  0.0, Avg:  0.0, Max:  0.0, Diff:  0.0, Sum:  0.0, Workers: 10
[11.764s][debug  ][gc,phases,ref  ] GC(44)   Notify and keep alive finalizable: 0.0ms
[11.764s][debug  ][gc,phases,ref  ] GC(44)     FinalRef (ms):                 skipped
[11.764s][debug  ][gc,phases,ref  ] GC(44)   Notify PhantomReferences: 0.0ms
[11.764s][debug  ][gc,phases,ref  ] GC(44)     PhantomRef (ms):               Min:  0.0, Avg:  0.0, Max:  0.0, Diff:  0.0, Sum:  0.0, Workers: 10
[11.764s][debug  ][gc,phases,ref  ] GC(44)   SoftReference:
[11.764s][debug  ][gc,phases,ref  ] GC(44)     Discovered: 0
[11.764s][debug  ][gc,phases,ref  ] GC(44)     Cleared: 0
[11.764s][debug  ][gc,phases,ref  ] GC(44)   WeakReference:
[11.764s][debug  ][gc,phases,ref  ] GC(44)     Discovered: 70
[11.764s][debug  ][gc,phases,ref  ] GC(44)     Cleared: 70
[11.764s][debug  ][gc,phases,ref  ] GC(44)   FinalReference:
[11.764s][debug  ][gc,phases,ref  ] GC(44)     Discovered: 0
[11.764s][debug  ][gc,phases,ref  ] GC(44)     Cleared: 0
[11.764s][debug  ][gc,phases,ref  ] GC(44)   PhantomReference:
[11.764s][debug  ][gc,phases,ref  ] GC(44)     Discovered: 3
[11.764s][debug  ][gc,phases,ref  ] GC(44)     Cleared: 3
[11.764s][debug  ][gc,phases      ] GC(44) Reference Processing 0.642ms
[11.764s][debug  ][gc,phases,start] GC(44) Weak Processing
[11.764s][debug  ][gc,phases      ] GC(44)   VM Weak                        Min:  0.0, Avg:  0.0, Max:  0.0, Diff:  0.0, Sum:  0.0, Workers: 6
[11.764s][debug  ][gc,phases      ] GC(44)     Dead                           Min: 0, Avg:  0.0, Max: 0, Diff: 0, Sum: 0, Workers: 6
[11.764s][debug  ][gc,phases      ] GC(44)     Total                          Min: 0, Avg:  1.3, Max: 8, Diff: 8, Sum: 8, Workers: 6
[11.764s][debug  ][gc,phases      ] GC(44)   ObjectSynchronizer Weak        Min:  0.0, Avg:  0.0, Max:  0.0, Diff:  0.0, Sum:  0.0, Workers: 6
[11.764s][debug  ][gc,phases      ] GC(44)     Dead                           Min: 0, Avg:  0.0, Max: 0, Diff: 0, Sum: 0, Workers: 6
[11.764s][debug  ][gc,phases      ] GC(44)     Total                          Min: 0, Avg:  0.5, Max: 3, Diff: 3, Sum: 3, Workers: 6
[11.764s][debug  ][gc,phases      ] GC(44)   JVMTI Tag Weak OopStorage      Min:  0.0, Avg:  0.0, Max:  0.0, Diff:  0.0, Sum:  0.0, Workers: 6
[11.764s][debug  ][gc,phases      ] GC(44)     Dead                           Min: 0, Avg:  0.0, Max: 0, Diff: 0, Sum: 0, Workers: 6
[11.764s][debug  ][gc,phases      ] GC(44)     Total                          Min: 0, Avg:  0.0, Max: 0, Diff: 0, Sum: 0, Workers: 6
[11.764s][debug  ][gc,phases      ] GC(44)   StringTable Weak               Min:  0.0, Avg:  0.0, Max:  0.0, Diff:  0.0, Sum:  0.0, Workers: 6
[11.764s][debug  ][gc,phases      ] GC(44)     Dead                           Min: 0, Avg:  0.0, Max: 0, Diff: 0, Sum: 0, Workers: 6
[11.764s][debug  ][gc,phases      ] GC(44)     Total                          Min: 512, Avg: 892.2, Max: 1258, Diff: 746, Sum: 5353, Workers: 6
[11.765s][debug  ][gc,phases      ] GC(44)   ResolvedMethodTable Weak       Min:  0.0, Avg:  0.0, Max:  0.0, Diff:  0.0, Sum:  0.0, Workers: 6
[11.765s][debug  ][gc,phases      ] GC(44)     Dead                           Min: 0, Avg:  0.0, Max: 0, Diff: 0, Sum: 0, Workers: 6
[11.765s][debug  ][gc,phases      ] GC(44)     Total                          Min: 0, Avg: 21.7, Max: 64, Diff: 64, Sum: 130, Workers: 6
[11.765s][debug  ][gc,phases      ] GC(44)   JNI Weak                       Min:  0.0, Avg:  0.0, Max:  0.0, Diff:  0.0, Sum:  0.0, Workers: 6
[11.765s][debug  ][gc,phases      ] GC(44)     Dead                           Min: 0, Avg:  0.0, Max: 0, Diff: 0, Sum: 0, Workers: 6
[11.765s][debug  ][gc,phases      ] GC(44)     Total                          Min: 0, Avg:  0.0, Max: 0, Diff: 0, Sum: 0, Workers: 6
[11.765s][debug  ][gc,phases      ] GC(44)   StringDedup Table Weak         Min:  0.0, Avg:  0.0, Max:  0.0, Diff:  0.0, Sum:  0.0, Workers: 6
[11.765s][debug  ][gc,phases      ] GC(44)     Dead                           Min: 0, Avg:  0.0, Max: 0, Diff: 0, Sum: 0, Workers: 6
[11.765s][debug  ][gc,phases      ] GC(44)     Total                          Min: 0, Avg:  0.0, Max: 0, Diff: 0, Sum: 0, Workers: 6
[11.765s][debug  ][gc,phases      ] GC(44)   StringDedup Requests0 Weak     Min:  0.0, Avg:  0.0, Max:  0.0, Diff:  0.0, Sum:  0.0, Workers: 6
[11.765s][debug  ][gc,phases      ] GC(44)     Dead                           Min: 0, Avg:  0.0, Max: 0, Diff: 0, Sum: 0, Workers: 6
[11.765s][debug  ][gc,phases      ] GC(44)     Total                          Min: 0, Avg:  0.0, Max: 0, Diff: 0, Sum: 0, Workers: 6
[11.765s][debug  ][gc,phases      ] GC(44)   StringDedup Requests1 Weak     Min:  0.0, Avg:  0.0, Max:  0.0, Diff:  0.0, Sum:  0.0, Workers: 6
[11.765s][debug  ][gc,phases      ] GC(44)     Dead                           Min: 0, Avg:  0.0, Max: 0, Diff: 0, Sum: 0, Workers: 6
[11.765s][debug  ][gc,phases      ] GC(44)     Total                          Min: 0, Avg:  0.0, Max: 0, Diff: 0, Sum: 0, Workers: 6
[11.765s][debug  ][gc,phases      ] GC(44)   Weak JFR Old Object Samples    Min:  0.0, Avg:  0.0, Max:  0.0, Diff:  0.0, Sum:  0.0, Workers: 6
[11.765s][debug  ][gc,phases      ] GC(44)     Dead                           Min: 0, Avg:  0.0, Max: 0, Diff: 0, Sum: 0, Workers: 6
[11.765s][debug  ][gc,phases      ] GC(44)     Total                          Min: 0, Avg:  0.0, Max: 0, Diff: 0, Sum: 0, Workers: 6
[11.765s][debug  ][gc,phases      ] GC(44) Weak Processing 0.767ms
[11.765s][debug  ][gc,phases,start] GC(44) Class Unloading
[11.765s][debug  ][gc,phases,start] GC(44) ClassLoaderData
[11.765s][debug  ][gc,phases      ] GC(44) ClassLoaderData 0.022ms
[11.765s][debug  ][gc,phases,start] GC(44) Trigger cleanups
[11.765s][debug  ][gc,phases      ] GC(44) Trigger cleanups 0.022ms
[11.765s][debug  ][gc,phases      ] GC(44) Class Unloading 0.298ms
[11.765s][info   ][gc,phases      ] GC(44) Marking Phase 2.364ms
[11.765s][info   ][gc,phases,start] GC(44) Summary Phase
[11.765s][info   ][gc,phases      ] GC(44) Summary Phase 0.039ms
[11.765s][info   ][gc,phases,start] GC(44) Adjust Roots
[11.765s][info   ][gc,phases      ] GC(44) Adjust Roots 0.133ms
[11.766s][info   ][gc,phases,start] GC(44) Compaction Phase
[11.846s][info   ][gc,phases      ] GC(44) Compaction Phase 80.800ms
[11.847s][info   ][gc,phases,start] GC(44) Post Compact
[11.853s][info   ][gc,phases      ] GC(44) Post Compact 6.659ms
[11.853s][debug  ][gc,ergo        ] GC(44) AdaptiveSizeStart: collection: 45 
[11.853s][debug  ][gc,ergo        ] GC(44) PSAdaptiveSizePolicy::compute_eden_space_size limits: desired_eden_size: 233675544 old_eden_size: 203423744 eden_limit: 203423744 cur_eden: 203423744 max_eden_size: 203423744 avg_young_live: 24550910
[11.853s][debug  ][gc,ergo        ] GC(44) PSAdaptiveSizePolicy::compute_eden_space_size: costs minor_time: 0.053676 major_cost: 0.036558 mutator_cost: 0.909766 throughput_goal: 0.990000
[11.853s][debug  ][gc,ergo        ] GC(44) Live_space: 855821184 free_space: 965214208
[11.853s][debug  ][gc,ergo        ] GC(44) Old eden_size: 203423744 desired_eden_size: 203423744
[11.853s][debug  ][gc,ergo        ] GC(44) PSAdaptiveSizePolicy::compute_old_gen_free_space: costs minor_time: 0.053676 major_cost: 0.036558  mutator_cost: 0.909766 throughput_goal: 0.990000
[11.853s][debug  ][gc,ergo        ] GC(44) Live_space: 876562432 free_space: 965214208
[11.853s][debug  ][gc,ergo        ] GC(44) Old promo_size: 761790464 desired_promo_size: 854589440
[11.854s][debug  ][gc             ] GC(44) Expanding ParOldGen from 1755136K by 50176K to 1805312K
[11.854s][debug  ][gc,ergo        ] GC(44) AdaptiveSizeStop: collection: 45 
[11.854s][info   ][gc,heap        ] GC(44) PSYoungGen: 30720K(230400K)->0K(230400K) Eden: 0K(198656K)->0K(198656K) From: 30720K(31744K)->0K(31744K)
[11.854s][info   ][gc,heap        ] GC(44) ParOldGen: 1619557K(1755136K)->718435K(1805312K)
[11.854s][info   ][gc,metaspace   ] GC(44) Metaspace: 1021K(1216K)->1021K(1216K) NonClass: 937K(1024K)->937K(1024K) Class: 83K(192K)->83K(192K)
[11.854s][info   ][gc             ] GC(44) Pause Full (Ergonomics) 1611M->701M(1988M) 90.920ms
[11.854s][info   ][gc,cpu         ] GC(44) User=0.77s Sys=0.00s Real=0.09s
[11.854s][debug  ][gc,heap        ] GC(44) Heap after GC invocations=45 (full 8):
[11.854s][debug  ][gc,heap        ] GC(44)  PSYoungGen      total 230400K, used 0K [0x00000000f0000000, 0x0000000100000000, 0x0000000100000000)
[11.854s][debug  ][gc,heap        ] GC(44)   eden space 198656K, 0% used [0x00000000f0000000,0x00000000f0000000,0x00000000fc200000)
[11.854s][debug  ][gc,heap        ] GC(44)   from space 31744K, 0% used [0x00000000fc200000,0x00000000fc200000,0x00000000fe100000)
[11.854s][debug  ][gc,heap        ] GC(44)   to   space 31744K, 0% used [0x00000000fe100000,0x00000000fe100000,0x0000000100000000)
[11.854s][debug  ][gc,heap        ] GC(44)  ParOldGen       total 1805312K, used 718435K [0x0000000080000000, 0x00000000ee300000, 0x00000000f0000000)
[11.854s][debug  ][gc,heap        ] GC(44)   object space 1805312K, 39% used [0x0000000080000000,0x00000000abd98fe0,0x00000000ee300000)
[11.854s][debug  ][gc,heap        ] GC(44)  Metaspace       used 1021K, committed 1216K, reserved 1056768K
[11.854s][debug  ][gc,heap        ] GC(44)   class space    used 83K, committed 192K, reserved 1048576K
[11.854s][debug  ][gc,task,time   ] GC(44) VM-Thread 117628951 117655132 118538453
[12.152s][debug  ][gc,heap        ] GC(45) Heap before GC invocations=46 (full 8):
[12.152s][debug  ][gc,heap        ] GC(45)  PSYoungGen      total 230400K, used 198441K [0x00000000f0000000, 0x0000000100000000, 0x0000000100000000)
[12.152s][debug  ][gc,heap        ] GC(45)   eden space 198656K, 99% used [0x00000000f0000000,0x00000000fc1ca410,0x00000000fc200000)
[12.152s][debug  ][gc,heap        ] GC(45)   from space 31744K, 0% used [0x00000000fc200000,0x00000000fc200000,0x00000000fe100000)
[12.152s][debug  ][gc,heap        ] GC(45)   to   space 31744K, 0% used [0x00000000fe100000,0x00000000fe100000,0x0000000100000000)
[12.152s][debug  ][gc,heap        ] GC(45)  ParOldGen       total 1805312K, used 718435K [0x0000000080000000, 0x00000000ee300000, 0x00000000f0000000)
[12.152s][debug  ][gc,heap        ] GC(45)   object space 1805312K, 39% used [0x0000000080000000,0x00000000abd98fe0,0x00000000ee300000)
[12.152s][debug  ][gc,heap        ] GC(45)  Metaspace       used 1021K, committed 1216K, reserved 1056768K
[12.152s][debug  ][gc,heap        ] GC(45)   class space    used 83K, committed 192K, reserved 1048576K
[12.152s][debug  ][gc,tlab        ] GC(45) TLAB totals: thrds: 1  refills: 1 max: 1 slow allocs: 18 max 18 waste: 27.5% gc: 3973856B max: 3973856B slow: 0B max: 0B
[12.152s][info   ][gc,start       ] GC(45) Pause Young (Allocation Failure)
[12.152s][debug  ][gc,phases,start] GC(45) Scavenge
[12.166s][debug  ][gc,phases      ] GC(45) Scavenge 13.379ms
[12.166s][debug  ][gc,phases,start] GC(45) Reference Processing
[12.166s][debug  ][gc,ref         ] GC(45) Skipped phase 1 of Reference Processing: no references
[12.166s][debug  ][gc,ref         ] GC(45) Skipped phase 2 of Reference Processing: no references
[12.166s][debug  ][gc,ref         ] GC(45) Skipped phase 3 of Reference Processing: no references
[12.166s][debug  ][gc,ref         ] GC(45) Skipped phase 4 of Reference Processing: no references
[12.166s][debug  ][gc,phases,ref  ] GC(45) Reference Processing: 0.1ms
[12.166s][debug  ][gc,phases,ref  ] GC(45)   Reconsider SoftReferences: 0.0ms
[12.166s][debug  ][gc,phases,ref  ] GC(45)     SoftRef (ms):                  skipped
[12.166s][debug  ][gc,phases,ref  ] GC(45)   Notify Soft/WeakReferences: 0.0ms
[12.166s][debug  ][gc,phases,ref  ] GC(45)     SoftRef (ms):                  skipped
[12.166s][debug  ][gc,phases,ref  ] GC(45)     WeakRef (ms):                  skipped
[12.166s][debug  ][gc,phases,ref  ] GC(45)     FinalRef (ms):                 skipped
[12.166s][debug  ][gc,phases,ref  ] GC(45)     Total (ms):                    skipped
[12.166s][debug  ][gc,phases,ref  ] GC(45)   Notify and keep alive finalizable: 0.0ms
[12.166s][debug  ][gc,phases,ref  ] GC(45)     FinalRef (ms):                 skipped
[12.166s][debug  ][gc,phases,ref  ] GC(45)   Notify PhantomReferences: 0.0ms
[12.166s][debug  ][gc,phases,ref  ] GC(45)     PhantomRef (ms):               skipped
[12.166s][debug  ][gc,phases,ref  ] GC(45)   SoftReference:
[12.166s][debug  ][gc,phases,ref  ] GC(45)     Discovered: 0
[12.166s][debug  ][gc,phases,ref  ] GC(45)     Cleared: 0
[12.166s][debug  ][gc,phases,ref  ] GC(45)   WeakReference:
[12.166s][debug  ][gc,phases,ref  ] GC(45)     Discovered: 0
[12.166s][debug  ][gc,phases,ref  ] GC(45)     Cleared: 0
[12.166s][debug  ][gc,phases,ref  ] GC(45)   FinalReference:
[12.166s][debug  ][gc,phases,ref  ] GC(45)     Discovered: 0
[12.166s][debug  ][gc,phases,ref  ] GC(45)     Cleared: 0
[12.166s][debug  ][gc,phases,ref  ] GC(45)   PhantomReference:
[12.166s][debug  ][gc,phases,ref  ] GC(45)     Discovered: 0
[12.166s][debug  ][gc,phases,ref  ] GC(45)     Cleared: 0
[12.166s][debug  ][gc,phases      ] GC(45) Reference Processing 0.671ms
[12.166s][debug  ][gc,phases,start] GC(45) Weak Processing
[12.166s][debug  ][gc,phases      ] GC(45)   VM Weak                        Min:  0.0, Avg:  0.0, Max:  0.0, Diff:  0.0, Sum:  0.0, Workers: 6
[12.167s][debug  ][gc,phases      ] GC(45)     Dead                           Min: 0, Avg:  0.0, Max: 0, Diff: 0, Sum: 0, Workers: 6
[12.167s][debug  ][gc,phases      ] GC(45)     Total                          Min: 0, Avg:  1.3, Max: 8, Diff: 8, Sum: 8, Workers: 6
[12.167s][debug  ][gc,phases      ] GC(45)   ObjectSynchronizer Weak        Min:  0.0, Avg:  0.0, Max:  0.0, Diff:  0.0, Sum:  0.0, Workers: 6
[12.167s][debug  ][gc,phases      ] GC(45)     Dead                           Min: 0, Avg:  0.0, Max: 0, Diff: 0, Sum: 0, Workers: 6
[12.167s][debug  ][gc,phases      ] GC(45)     Total                          Min: 0, Avg:  0.5, Max: 3, Diff: 3, Sum: 3, Workers: 6
[12.167s][debug  ][gc,phases      ] GC(45)   JVMTI Tag Weak OopStorage      Min:  0.0, Avg:  0.0, Max:  0.0, Diff:  0.0, Sum:  0.0, Workers: 6
[12.167s][debug  ][gc,phases      ] GC(45)     Dead                           Min: 0, Avg:  0.0, Max: 0, Diff: 0, Sum: 0, Workers: 6
[12.167s][debug  ][gc,phases      ] GC(45)     Total                          Min: 0, Avg:  0.0, Max: 0, Diff: 0, Sum: 0, Workers: 6
[12.167s][debug  ][gc,phases      ] GC(45)   StringTable Weak               Min:  0.0, Avg:  0.0, Max:  0.0, Diff:  0.0, Sum:  0.0, Workers: 6
[12.167s][debug  ][gc,phases      ] GC(45)     Dead                           Min: 0, Avg:  0.0, Max: 0, Diff: 0, Sum: 0, Workers: 6
[12.167s][debug  ][gc,phases      ] GC(45)     Total                          Min: 832, Avg: 892.2, Max: 1151, Diff: 319, Sum: 5353, Workers: 6
[12.167s][debug  ][gc,phases      ] GC(45)   ResolvedMethodTable Weak       Min:  0.0, Avg:  0.0, Max:  0.0, Diff:  0.0, Sum:  0.0, Workers: 6
[12.167s][debug  ][gc,phases      ] GC(45)     Dead                           Min: 0, Avg:  0.0, Max: 0, Diff: 0, Sum: 0, Workers: 6
[12.167s][debug  ][gc,phases      ] GC(45)     Total                          Min: 0, Avg: 21.7, Max: 64, Diff: 64, Sum: 130, Workers: 6
[12.167s][debug  ][gc,phases      ] GC(45)   JNI Weak                       Min:  0.0, Avg:  0.0, Max:  0.0, Diff:  0.0, Sum:  0.0, Workers: 6
[12.167s][debug  ][gc,phases      ] GC(45)     Dead                           Min: 0, Avg:  0.0, Max: 0, Diff: 0, Sum: 0, Workers: 6
[12.167s][debug  ][gc,phases      ] GC(45)     Total                          Min: 0, Avg:  0.0, Max: 0, Diff: 0, Sum: 0, Workers: 6
[12.167s][debug  ][gc,phases      ] GC(45)   StringDedup Table Weak         Min:  0.0, Avg:  0.0, Max:  0.0, Diff:  0.0, Sum:  0.0, Workers: 6
[12.167s][debug  ][gc,phases      ] GC(45)     Dead                           Min: 0, Avg:  0.0, Max: 0, Diff: 0, Sum: 0, Workers: 6
[12.167s][debug  ][gc,phases      ] GC(45)     Total                          Min: 0, Avg:  0.0, Max: 0, Diff: 0, Sum: 0, Workers: 6
[12.167s][debug  ][gc,phases      ] GC(45)   StringDedup Requests0 Weak     Min:  0.0, Avg:  0.0, Max:  0.0, Diff:  0.0, Sum:  0.0, Workers: 6
[12.167s][debug  ][gc,phases      ] GC(45)     Dead                           Min: 0, Avg:  0.0, Max: 0, Diff: 0, Sum: 0, Workers: 6
[12.167s][debug  ][gc,phases      ] GC(45)     Total                          Min: 0, Avg:  0.0, Max: 0, Diff: 0, Sum: 0, Workers: 6
[12.167s][debug  ][gc,phases      ] GC(45)   StringDedup Requests1 Weak     Min:  0.0, Avg:  0.0, Max:  0.0, Diff:  0.0, Sum:  0.0, Workers: 6
[12.167s][debug  ][gc,phases      ] GC(45)     Dead                           Min: 0, Avg:  0.0, Max: 0, Diff: 0, Sum: 0, Workers: 6
[12.167s][debug  ][gc,phases      ] GC(45)     Total                          Min: 0, Avg:  0.0, Max: 0, Diff: 0, Sum: 0, Workers: 6
[12.167s][debug  ][gc,phases      ] GC(45)   Weak JFR Old Object Samples    Min:  0.0, Avg:  0.0, Max:  0.0, Diff:  0.0, Sum:  0.0, Workers: 6
[12.167s][debug  ][gc,phases      ] GC(45)     Dead                           Min: 0, Avg:  0.0, Max: 0, Diff: 0, Sum: 0, Workers: 6
[12.167s][debug  ][gc,phases      ] GC(45)     Total                          Min: 0, Avg:  0.0, Max: 0, Diff: 0, Sum: 0, Workers: 6
[12.167s][debug  ][gc,phases      ] GC(45) Weak Processing 0.771ms
[12.167s][debug  ][gc,ergo        ] GC(45) AdaptiveSizeStart:  collection: 46 
[12.167s][debug  ][gc,ergo        ] GC(45) avg_survived_padded_avg: 32005380.000000
[12.167s][debug  ][gc,ergo        ] GC(45) avg_promoted_padded_avg: 249363696.000000  avg_pretenured_padded_avg: 0.000000  tenuring_thresh: 1  target_size: 32505856
[12.167s][debug  ][gc,age         ] GC(45) Desired survivor size 32505856 bytes, new threshold 1 (max threshold 15)
[12.167s][debug  ][gc,ergo        ] GC(45) PSAdaptiveSizePolicy::compute_eden_space_size limits: desired_eden_size: 232669623 old_eden_size: 203423744 eden_limit: 203423744 cur_eden: 203423744 max_eden_size: 203423744 avg_young_live: 25241550
[12.167s][debug  ][gc,ergo        ] GC(45) PSAdaptiveSizePolicy::compute_eden_space_size: costs minor_time: 0.049475 major_cost: 0.036558 mutator_cost: 0.913967 throughput_goal: 0.990000
[12.167s][debug  ][gc,ergo        ] GC(45) Live_space: 877253056 free_space: 1058013184
[12.167s][debug  ][gc,ergo        ] GC(45) Old eden_size: 203423744 desired_eden_size: 203423744
[12.167s][debug  ][gc,ergo        ] GC(45) AdaptiveSizeStop: collection: 46 
[12.167s][info   ][gc,heap        ] GC(45) PSYoungGen: 198441K(230400K)->30720K(230400K) Eden: 198441K(198656K)->0K(198656K) From: 0K(31744K)->30720K(31744K)
[12.167s][info   ][gc,heap        ] GC(45) ParOldGen: 718435K(1805312K)->882276K(1805312K)
[12.168s][info   ][gc,metaspace   ] GC(45) Metaspace: 1021K(1216K)->1021K(1216K) NonClass: 937K(1024K)->937K(1024K) Class: 83K(192K)->83K(192K)
[12.168s][info   ][gc             ] GC(45) Pause Young (Allocation Failure) 895M->891M(1988M) 15.326ms
[12.168s][info   ][gc,cpu         ] GC(45) User=0.12s Sys=0.00s Real=0.02s
[12.168s][debug  ][gc,heap        ] GC(45) Heap after GC invocations=46 (full 8):
[12.168s][debug  ][gc,heap        ] GC(45)  PSYoungGen      total 230400K, used 30720K [0x00000000f0000000, 0x0000000100000000, 0x0000000100000000)
[12.168s][debug  ][gc,heap        ] GC(45)   eden space 198656K, 0% used [0x00000000f0000000,0x00000000f0000000,0x00000000fc200000)
[12.168s][debug  ][gc,heap        ] GC(45)   from space 31744K, 96% used [0x00000000fe100000,0x00000000fff00030,0x0000000100000000)
[12.168s][debug  ][gc,heap        ] GC(45)   to   space 31744K, 0% used [0x00000000fc200000,0x00000000fc200000,0x00000000fe100000)
[12.168s][debug  ][gc,heap        ] GC(45)  ParOldGen       total 1805312K, used 882276K [0x0000000080000000, 0x00000000ee300000, 0x00000000f0000000)
[12.168s][debug  ][gc,heap        ] GC(45)   object space 1805312K, 48% used [0x0000000080000000,0x00000000b5d990e0,0x00000000ee300000)
[12.168s][debug  ][gc,heap        ] GC(45)  Metaspace       used 1021K, committed 1216K, reserved 1056768K
[12.168s][debug  ][gc,heap        ] GC(45)   class space    used 83K, committed 192K, reserved 1048576K
[12.168s][debug  ][gc,task,time   ] GC(45) VM-Thread 121517468 121657307 121678340
[12.469s][debug  ][gc,heap        ] GC(46) Heap before GC invocations=47 (full 8):
[12.470s][debug  ][gc,heap        ] GC(46)  PSYoungGen      total 230400K, used 229094K [0x00000000f0000000, 0x0000000100000000, 0x0000000100000000)
[12.470s][debug  ][gc,heap        ] GC(46)   eden space 198656K, 99% used [0x00000000f0000000,0x00000000fc1b99a0,0x00000000fc200000)
[12.470s][debug  ][gc,heap        ] GC(46)   from space 31744K, 96% used [0x00000000fe100000,0x00000000fff00030,0x0000000100000000)
[12.470s][debug  ][gc,heap        ] GC(46)   to   space 31744K, 0% used [0x00000000fc200000,0x00000000fc200000,0x00000000fe100000)
[12.470s][debug  ][gc,heap        ] GC(46)  ParOldGen       total 1805312K, used 882276K [0x0000000080000000, 0x00000000ee300000, 0x00000000f0000000)
[12.470s][debug  ][gc,heap        ] GC(46)   object space 1805312K, 48% used [0x0000000080000000,0x00000000b5d990e0,0x00000000ee300000)
[12.470s][debug  ][gc,heap        ] GC(46)  Metaspace       used 1021K, committed 1216K, reserved 1056768K
[12.470s][debug  ][gc,heap        ] GC(46)   class space    used 83K, committed 192K, reserved 1048576K
[12.470s][debug  ][gc,tlab        ] GC(46) TLAB totals: thrds: 1  refills: 1 max: 1 slow allocs: 18 max 18 waste: 27.1% gc: 3904480B max: 3904480B slow: 0B max: 0B
[12.470s][info   ][gc,start       ] GC(46) Pause Young (Allocation Failure)
[12.470s][debug  ][gc,phases,start] GC(46) Scavenge
[12.476s][debug  ][gc,phases      ] GC(46) Scavenge 5.952ms
[12.476s][debug  ][gc,phases,start] GC(46) Reference Processing
[12.476s][debug  ][gc,ref         ] GC(46) Skipped phase 1 of Reference Processing: no references
[12.476s][debug  ][gc,ref         ] GC(46) Skipped phase 2 of Reference Processing: no references
[12.476s][debug  ][gc,ref         ] GC(46) Skipped phase 3 of Reference Processing: no references
[12.476s][debug  ][gc,ref         ] GC(46) Skipped phase 4 of Reference Processing: no references
[12.476s][debug  ][gc,phases,ref  ] GC(46) Reference Processing: 0.1ms
[12.476s][debug  ][gc,phases,ref  ] GC(46)   Reconsider SoftReferences: 0.0ms
[12.476s][debug  ][gc,phases,ref  ] GC(46)     SoftRef (ms):                  skipped
[12.476s][debug  ][gc,phases,ref  ] GC(46)   Notify Soft/WeakReferences: 0.0ms
[12.476s][debug  ][gc,phases,ref  ] GC(46)     SoftRef (ms):                  skipped
[12.476s][debug  ][gc,phases,ref  ] GC(46)     WeakRef (ms):                  skipped
[12.476s][debug  ][gc,phases,ref  ] GC(46)     FinalRef (ms):                 skipped
[12.476s][debug  ][gc,phases,ref  ] GC(46)     Total (ms):                    skipped
[12.476s][debug  ][gc,phases,ref  ] GC(46)   Notify and keep alive finalizable: 0.0ms
[12.476s][debug  ][gc,phases,ref  ] GC(46)     FinalRef (ms):                 skipped
[12.476s][debug  ][gc,phases,ref  ] GC(46)   Notify PhantomReferences: 0.0ms
[12.476s][debug  ][gc,phases,ref  ] GC(46)     PhantomRef (ms):               skipped
[12.476s][debug  ][gc,phases,ref  ] GC(46)   SoftReference:
[12.476s][debug  ][gc,phases,ref  ] GC(46)     Discovered: 0
[12.476s][debug  ][gc,phases,ref  ] GC(46)     Cleared: 0
[12.476s][debug  ][gc,phases,ref  ] GC(46)   WeakReference:
[12.476s][debug  ][gc,phases,ref  ] GC(46)     Discovered: 0
[12.476s][debug  ][gc,phases,ref  ] GC(46)     Cleared: 0
[12.476s][debug  ][gc,phases,ref  ] GC(46)   FinalReference:
[12.476s][debug  ][gc,phases,ref  ] GC(46)     Discovered: 0
[12.476s][debug  ][gc,phases,ref  ] GC(46)     Cleared: 0
[12.477s][debug  ][gc,phases,ref  ] GC(46)   PhantomReference:
[12.477s][debug  ][gc,phases,ref  ] GC(46)     Discovered: 0
[12.477s][debug  ][gc,phases,ref  ] GC(46)     Cleared: 0
[12.477s][debug  ][gc,phases      ] GC(46) Reference Processing 0.634ms
[12.477s][debug  ][gc,phases,start] GC(46) Weak Processing
[12.477s][debug  ][gc,phases      ] GC(46)   VM Weak                        Min:  0.0, Avg:  0.0, Max:  0.0, Diff:  0.0, Sum:  0.0, Workers: 6
[12.477s][debug  ][gc,phases      ] GC(46)     Dead                           Min: 0, Avg:  0.0, Max: 0, Diff: 0, Sum: 0, Workers: 6
[12.477s][debug  ][gc,phases      ] GC(46)     Total                          Min: 0, Avg:  1.3, Max: 8, Diff: 8, Sum: 8, Workers: 6
[12.477s][debug  ][gc,phases      ] GC(46)   ObjectSynchronizer Weak        Min:  0.0, Avg:  0.0, Max:  0.0, Diff:  0.0, Sum:  0.0, Workers: 6
[12.477s][debug  ][gc,phases      ] GC(46)     Dead                           Min: 0, Avg:  0.0, Max: 0, Diff: 0, Sum: 0, Workers: 6
[12.477s][debug  ][gc,phases      ] GC(46)     Total                          Min: 0, Avg:  0.5, Max: 3, Diff: 3, Sum: 3, Workers: 6
[12.477s][debug  ][gc,phases      ] GC(46)   JVMTI Tag Weak OopStorage      Min:  0.0, Avg:  0.0, Max:  0.0, Diff:  0.0, Sum:  0.0, Workers: 6
[12.477s][debug  ][gc,phases      ] GC(46)     Dead                           Min: 0, Avg:  0.0, Max: 0, Diff: 0, Sum: 0, Workers: 6
[12.477s][debug  ][gc,phases      ] GC(46)     Total                          Min: 0, Avg:  0.0, Max: 0, Diff: 0, Sum: 0, Workers: 6
[12.477s][debug  ][gc,phases      ] GC(46)   StringTable Weak               Min:  0.0, Avg:  0.0, Max:  0.0, Diff:  0.0, Sum:  0.0, Workers: 6
[12.477s][debug  ][gc,phases      ] GC(46)     Dead                           Min: 0, Avg:  0.0, Max: 0, Diff: 0, Sum: 0, Workers: 6
[12.477s][debug  ][gc,phases      ] GC(46)     Total                          Min: 703, Avg: 892.2, Max: 1152, Diff: 449, Sum: 5353, Workers: 6
[12.477s][debug  ][gc,phases      ] GC(46)   ResolvedMethodTable Weak       Min:  0.0, Avg:  0.0, Max:  0.0, Diff:  0.0, Sum:  0.0, Workers: 6
[12.477s][debug  ][gc,phases      ] GC(46)     Dead                           Min: 0, Avg:  0.0, Max: 0, Diff: 0, Sum: 0, Workers: 6
[12.477s][debug  ][gc,phases      ] GC(46)     Total                          Min: 0, Avg: 21.7, Max: 64, Diff: 64, Sum: 130, Workers: 6
[12.477s][debug  ][gc,phases      ] GC(46)   JNI Weak                       Min:  0.0, Avg:  0.0, Max:  0.0, Diff:  0.0, Sum:  0.0, Workers: 6
[12.477s][debug  ][gc,phases      ] GC(46)     Dead                           Min: 0, Avg:  0.0, Max: 0, Diff: 0, Sum: 0, Workers: 6
[12.477s][debug  ][gc,phases      ] GC(46)     Total                          Min: 0, Avg:  0.0, Max: 0, Diff: 0, Sum: 0, Workers: 6
[12.477s][debug  ][gc,phases      ] GC(46)   StringDedup Table Weak         Min:  0.0, Avg:  0.0, Max:  0.0, Diff:  0.0, Sum:  0.0, Workers: 6
[12.477s][debug  ][gc,phases      ] GC(46)     Dead                           Min: 0, Avg:  0.0, Max: 0, Diff: 0, Sum: 0, Workers: 6
[12.477s][debug  ][gc,phases      ] GC(46)     Total                          Min: 0, Avg:  0.0, Max: 0, Diff: 0, Sum: 0, Workers: 6
[12.477s][debug  ][gc,phases      ] GC(46)   StringDedup Requests0 Weak     Min:  0.0, Avg:  0.0, Max:  0.0, Diff:  0.0, Sum:  0.0, Workers: 6
[12.477s][debug  ][gc,phases      ] GC(46)     Dead                           Min: 0, Avg:  0.0, Max: 0, Diff: 0, Sum: 0, Workers: 6
[12.477s][debug  ][gc,phases      ] GC(46)     Total                          Min: 0, Avg:  0.0, Max: 0, Diff: 0, Sum: 0, Workers: 6
[12.477s][debug  ][gc,phases      ] GC(46)   StringDedup Requests1 Weak     Min:  0.0, Avg:  0.0, Max:  0.0, Diff:  0.0, Sum:  0.0, Workers: 6
[12.477s][debug  ][gc,phases      ] GC(46)     Dead                           Min: 0, Avg:  0.0, Max: 0, Diff: 0, Sum: 0, Workers: 6
[12.477s][debug  ][gc,phases      ] GC(46)     Total                          Min: 0, Avg:  0.0, Max: 0, Diff: 0, Sum: 0, Workers: 6
[12.477s][debug  ][gc,phases      ] GC(46)   Weak JFR Old Object Samples    Min:  0.0, Avg:  0.0, Max:  0.0, Diff:  0.0, Sum:  0.0, Workers: 6
[12.477s][debug  ][gc,phases      ] GC(46)     Dead                           Min: 0, Avg:  0.0, Max: 0, Diff: 0, Sum: 0, Workers: 6
[12.477s][debug  ][gc,phases      ] GC(46)     Total                          Min: 0, Avg:  0.0, Max: 0, Diff: 0, Sum: 0, Workers: 6
[12.477s][debug  ][gc,phases      ] GC(46) Weak Processing 0.753ms
[12.477s][debug  ][gc,ergo        ] GC(46) AdaptiveSizeStart:  collection: 47 
[12.477s][debug  ][gc,ergo        ] GC(46) avg_survived_padded_avg: 31964330.000000
[12.477s][debug  ][gc,ergo        ] GC(46) avg_promoted_padded_avg: 261155536.000000  avg_pretenured_padded_avg: 0.000000  tenuring_thresh: 1  target_size: 31981568
[12.477s][debug  ][gc,age         ] GC(46) Desired survivor size 31981568 bytes, new threshold 1 (max threshold 15)
[12.477s][debug  ][gc,ergo        ] GC(46) PSAdaptiveSizePolicy::compute_eden_space_size limits: desired_eden_size: 230946695 old_eden_size: 203423744 eden_limit: 203423744 cur_eden: 203423744 max_eden_size: 203423744 avg_young_live: 25863126
[12.477s][debug  ][gc,ergo        ] GC(46) PSAdaptiveSizePolicy::compute_eden_space_size: costs minor_time: 0.043123 major_cost: 0.036558 mutator_cost: 0.920319 throughput_goal: 0.990000
[12.477s][debug  ][gc,ergo        ] GC(46) Live_space: 877874688 free_space: 1058013184
[12.478s][debug  ][gc,ergo        ] GC(46) Old eden_size: 203423744 desired_eden_size: 203423744
[12.478s][debug  ][gc,ergo        ] GC(46) AdaptiveSizeStop: collection: 47 
[12.478s][info   ][gc,heap        ] GC(46) PSYoungGen: 229094K(230400K)->30720K(230400K) Eden: 198374K(198656K)->0K(198656K) From: 30720K(31744K)->30720K(31744K)
[12.478s][info   ][gc,heap        ] GC(46) ParOldGen: 882276K(1805312K)->933476K(1805312K)
[12.478s][info   ][gc,metaspace   ] GC(46) Metaspace: 1021K(1216K)->1021K(1216K) NonClass: 937K(1024K)->937K(1024K) Class: 83K(192K)->83K(192K)
[12.478s][info   ][gc             ] GC(46) Pause Young (Allocation Failure) 1085M->941M(1988M) 7.795ms
[12.478s][info   ][gc,cpu         ] GC(46) User=0.16s Sys=0.00s Real=0.01s
[12.478s][debug  ][gc,heap        ] GC(46) Heap after GC invocations=47 (full 8):
[12.478s][debug  ][gc,heap        ] GC(46)  PSYoungGen      total 230400K, used 30720K [0x00000000f0000000, 0x0000000100000000, 0x0000000100000000)
[12.478s][debug  ][gc,heap        ] GC(46)   eden space 198656K, 0% used [0x00000000f0000000,0x00000000f0000000,0x00000000fc200000)
[12.478s][debug  ][gc,heap        ] GC(46)   from space 31744K, 96% used [0x00000000fc200000,0x00000000fe000030,0x00000000fe100000)
[12.478s][debug  ][gc,heap        ] GC(46)   to   space 31232K, 0% used [0x00000000fe180000,0x00000000fe180000,0x0000000100000000)
[12.478s][debug  ][gc,heap        ] GC(46)  ParOldGen       total 1805312K, used 933476K [0x0000000080000000, 0x00000000ee300000, 0x00000000f0000000)
[12.478s][debug  ][gc,heap        ] GC(46)   object space 1805312K, 51% used [0x0000000080000000,0x00000000b8f99130,0x00000000ee300000)
[12.478s][debug  ][gc,heap        ] GC(46)  Metaspace       used 1021K, committed 1216K, reserved 1056768K
[12.478s][debug  ][gc,heap        ] GC(46)   class space    used 83K, committed 192K, reserved 1048576K
[12.478s][debug  ][gc,task,time   ] GC(46) VM-Thread 124694673 124759291 124779432
[12.786s][debug  ][gc,heap        ] GC(47) Heap before GC invocations=48 (full 8):
[12.786s][debug  ][gc,heap        ] GC(47)  PSYoungGen      total 230400K, used 229123K [0x00000000f0000000, 0x0000000100000000, 0x0000000100000000)
[12.786s][debug  ][gc,heap        ] GC(47)   eden space 198656K, 99% used [0x00000000f0000000,0x00000000fc1c0d48,0x00000000fc200000)
[12.786s][debug  ][gc,heap        ] GC(47)   from space 31744K, 96% used [0x00000000fc200000,0x00000000fe000030,0x00000000fe100000)
[12.786s][debug  ][gc,heap        ] GC(47)   to   space 31232K, 0% used [0x00000000fe180000,0x00000000fe180000,0x0000000100000000)
[12.786s][debug  ][gc,heap        ] GC(47)  ParOldGen       total 1805312K, used 933476K [0x0000000080000000, 0x00000000ee300000, 0x00000000f0000000)
[12.786s][debug  ][gc,heap        ] GC(47)   object space 1805312K, 51% used [0x0000000080000000,0x00000000b8f99130,0x00000000ee300000)
[12.786s][debug  ][gc,heap        ] GC(47)  Metaspace       used 1021K, committed 1216K, reserved 1056768K
[12.786s][debug  ][gc,heap        ] GC(47)   class space    used 83K, committed 192K, reserved 1048576K
[12.786s][debug  ][gc,tlab        ] GC(47) TLAB totals: thrds: 1  refills: 1 max: 1 slow allocs: 18 max 18 waste: 27.3% gc: 3935256B max: 3935256B slow: 0B max: 0B
[12.786s][info   ][gc,start       ] GC(47) Pause Young (Allocation Failure)
[12.786s][debug  ][gc,phases,start] GC(47) Scavenge
[12.802s][debug  ][gc,phases      ] GC(47) Scavenge 15.324ms
[12.802s][debug  ][gc,phases,start] GC(47) Reference Processing
[12.802s][debug  ][gc,ref         ] GC(47) Skipped phase 1 of Reference Processing: no references
[12.802s][debug  ][gc,ref         ] GC(47) Skipped phase 2 of Reference Processing: no references
[12.802s][debug  ][gc,ref         ] GC(47) Skipped phase 3 of Reference Processing: no references
[12.802s][debug  ][gc,ref         ] GC(47) Skipped phase 4 of Reference Processing: no references
[12.802s][debug  ][gc,phases,ref  ] GC(47) Reference Processing: 0.1ms
[12.802s][debug  ][gc,phases,ref  ] GC(47)   Reconsider SoftReferences: 0.0ms
[12.802s][debug  ][gc,phases,ref  ] GC(47)     SoftRef (ms):                  skipped
[12.802s][debug  ][gc,phases,ref  ] GC(47)   Notify Soft/WeakReferences: 0.0ms
[12.802s][debug  ][gc,phases,ref  ] GC(47)     SoftRef (ms):                  skipped
[12.802s][debug  ][gc,phases,ref  ] GC(47)     WeakRef (ms):                  skipped
[12.802s][debug  ][gc,phases,ref  ] GC(47)     FinalRef (ms):                 skipped
[12.802s][debug  ][gc,phases,ref  ] GC(47)     Total (ms):                    skipped
[12.802s][debug  ][gc,phases,ref  ] GC(47)   Notify and keep alive finalizable: 0.0ms
[12.802s][debug  ][gc,phases,ref  ] GC(47)     FinalRef (ms):                 skipped
[12.802s][debug  ][gc,phases,ref  ] GC(47)   Notify PhantomReferences: 0.0ms
[12.802s][debug  ][gc,phases,ref  ] GC(47)     PhantomRef (ms):               skipped
[12.802s][debug  ][gc,phases,ref  ] GC(47)   SoftReference:
[12.802s][debug  ][gc,phases,ref  ] GC(47)     Discovered: 0
[12.802s][debug  ][gc,phases,ref  ] GC(47)     Cleared: 0
[12.802s][debug  ][gc,phases,ref  ] GC(47)   WeakReference:
[12.802s][debug  ][gc,phases,ref  ] GC(47)     Discovered: 0
[12.802s][debug  ][gc,phases,ref  ] GC(47)     Cleared: 0
[12.802s][debug  ][gc,phases,ref  ] GC(47)   FinalReference:
[12.802s][debug  ][gc,phases,ref  ] GC(47)     Discovered: 0
[12.802s][debug  ][gc,phases,ref  ] GC(47)     Cleared: 0
[12.802s][debug  ][gc,phases,ref  ] GC(47)   PhantomReference:
[12.802s][debug  ][gc,phases,ref  ] GC(47)     Discovered: 0
[12.802s][debug  ][gc,phases,ref  ] GC(47)     Cleared: 0
[12.802s][debug  ][gc,phases      ] GC(47) Reference Processing 0.640ms
[12.802s][debug  ][gc,phases,start] GC(47) Weak Processing
[12.802s][debug  ][gc,phases      ] GC(47)   VM Weak                        Min:  0.0, Avg:  0.0, Max:  0.0, Diff:  0.0, Sum:  0.0, Workers: 6
[12.802s][debug  ][gc,phases      ] GC(47)     Dead                           Min: 0, Avg:  0.0, Max: 0, Diff: 0, Sum: 0, Workers: 6
[12.803s][debug  ][gc,phases      ] GC(47)     Total                          Min: 0, Avg:  1.3, Max: 8, Diff: 8, Sum: 8, Workers: 6
[12.803s][debug  ][gc,phases      ] GC(47)   ObjectSynchronizer Weak        Min:  0.0, Avg:  0.0, Max:  0.0, Diff:  0.0, Sum:  0.0, Workers: 6
[12.803s][debug  ][gc,phases      ] GC(47)     Dead                           Min: 0, Avg:  0.0, Max: 0, Diff: 0, Sum: 0, Workers: 6
[12.803s][debug  ][gc,phases      ] GC(47)     Total                          Min: 0, Avg:  0.5, Max: 3, Diff: 3, Sum: 3, Workers: 6
[12.803s][debug  ][gc,phases      ] GC(47)   JVMTI Tag Weak OopStorage      Min:  0.0, Avg:  0.0, Max:  0.0, Diff:  0.0, Sum:  0.0, Workers: 6
[12.803s][debug  ][gc,phases      ] GC(47)     Dead                           Min: 0, Avg:  0.0, Max: 0, Diff: 0, Sum: 0, Workers: 6
[12.803s][debug  ][gc,phases      ] GC(47)     Total                          Min: 0, Avg:  0.0, Max: 0, Diff: 0, Sum: 0, Workers: 6
[12.803s][debug  ][gc,phases      ] GC(47)   StringTable Weak               Min:  0.0, Avg:  0.0, Max:  0.0, Diff:  0.0, Sum:  0.0, Workers: 6
[12.803s][debug  ][gc,phases      ] GC(47)     Dead                           Min: 0, Avg:  0.0, Max: 0, Diff: 0, Sum: 0, Workers: 6
[12.803s][debug  ][gc,phases      ] GC(47)     Total                          Min: 640, Avg: 892.2, Max: 1087, Diff: 447, Sum: 5353, Workers: 6
[12.803s][debug  ][gc,phases      ] GC(47)   ResolvedMethodTable Weak       Min:  0.0, Avg:  0.0, Max:  0.0, Diff:  0.0, Sum:  0.0, Workers: 6
[12.803s][debug  ][gc,phases      ] GC(47)     Dead                           Min: 0, Avg:  0.0, Max: 0, Diff: 0, Sum: 0, Workers: 6
[12.803s][debug  ][gc,phases      ] GC(47)     Total                          Min: 0, Avg: 21.7, Max: 64, Diff: 64, Sum: 130, Workers: 6
[12.803s][debug  ][gc,phases      ] GC(47)   JNI Weak                       Min:  0.0, Avg:  0.0, Max:  0.0, Diff:  0.0, Sum:  0.0, Workers: 6
[12.803s][debug  ][gc,phases      ] GC(47)     Dead                           Min: 0, Avg:  0.0, Max: 0, Diff: 0, Sum: 0, Workers: 6
[12.803s][debug  ][gc,phases      ] GC(47)     Total                          Min: 0, Avg:  0.0, Max: 0, Diff: 0, Sum: 0, Workers: 6
[12.803s][debug  ][gc,phases      ] GC(47)   StringDedup Table Weak         Min:  0.0, Avg:  0.0, Max:  0.0, Diff:  0.0, Sum:  0.0, Workers: 6
[12.803s][debug  ][gc,phases      ] GC(47)     Dead                           Min: 0, Avg:  0.0, Max: 0, Diff: 0, Sum: 0, Workers: 6
[12.803s][debug  ][gc,phases      ] GC(47)     Total                          Min: 0, Avg:  0.0, Max: 0, Diff: 0, Sum: 0, Workers: 6
[12.803s][debug  ][gc,phases      ] GC(47)   StringDedup Requests0 Weak     Min:  0.0, Avg:  0.0, Max:  0.0, Diff:  0.0, Sum:  0.0, Workers: 6
[12.803s][debug  ][gc,phases      ] GC(47)     Dead                           Min: 0, Avg:  0.0, Max: 0, Diff: 0, Sum: 0, Workers: 6
[12.803s][debug  ][gc,phases      ] GC(47)     Total                          Min: 0, Avg:  0.0, Max: 0, Diff: 0, Sum: 0, Workers: 6
[12.803s][debug  ][gc,phases      ] GC(47)   StringDedup Requests1 Weak     Min:  0.0, Avg:  0.0, Max:  0.0, Diff:  0.0, Sum:  0.0, Workers: 6
[12.803s][debug  ][gc,phases      ] GC(47)     Dead                           Min: 0, Avg:  0.0, Max: 0, Diff: 0, Sum: 0, Workers: 6
[12.803s][debug  ][gc,phases      ] GC(47)     Total                          Min: 0, Avg:  0.0, Max: 0, Diff: 0, Sum: 0, Workers: 6
[12.803s][debug  ][gc,phases      ] GC(47)   Weak JFR Old Object Samples    Min:  0.0, Avg:  0.0, Max:  0.0, Diff:  0.0, Sum:  0.0, Workers: 6
[12.803s][debug  ][gc,phases      ] GC(47)     Dead                           Min: 0, Avg:  0.0, Max: 0, Diff: 0, Sum: 0, Workers: 6
[12.803s][debug  ][gc,phases      ] GC(47)     Total                          Min: 0, Avg:  0.0, Max: 0, Diff: 0, Sum: 0, Workers: 6
[12.803s][debug  ][gc,phases      ] GC(47) Weak Processing 0.802ms
[12.803s][debug  ][gc,ergo        ] GC(47) AdaptiveSizeStart:  collection: 48 
[12.803s][debug  ][gc,ergo        ] GC(47) avg_survived_padded_avg: 31926010.000000
[12.803s][debug  ][gc,ergo        ] GC(47) avg_promoted_padded_avg: 266262416.000000  avg_pretenured_padded_avg: 0.000000  tenuring_thresh: 1  target_size: 31981568
[12.803s][debug  ][gc,age         ] GC(47) Desired survivor size 31981568 bytes, new threshold 1 (max threshold 15)
[12.803s][debug  ][gc,ergo        ] GC(47) PSAdaptiveSizePolicy::compute_eden_space_size limits: desired_eden_size: 231565589 old_eden_size: 203423744 eden_limit: 203948032 cur_eden: 203423744 max_eden_size: 203948032 avg_young_live: 26422544
[12.803s][debug  ][gc,ergo        ] GC(47) PSAdaptiveSizePolicy::compute_eden_space_size: costs minor_time: 0.045294 major_cost: 0.036558 mutator_cost: 0.918148 throughput_goal: 0.990000
[12.803s][debug  ][gc,ergo        ] GC(47) Live_space: 878434048 free_space: 1058013184
[12.803s][debug  ][gc,ergo        ] GC(47) Old eden_size: 203423744 desired_eden_size: 203948032
[12.803s][debug  ][gc,ergo        ] GC(47) AdaptiveSizeStop: collection: 48 
[12.803s][info   ][gc,heap        ] GC(47) PSYoungGen: 229123K(230400K)->30720K(230912K) Eden: 198403K(198656K)->0K(199680K) From: 30720K(31744K)->30720K(31232K)
[12.803s][info   ][gc,heap        ] GC(47) ParOldGen: 933476K(1805312K)->1128036K(1805312K)
[12.803s][info   ][gc,metaspace   ] GC(47) Metaspace: 1021K(1216K)->1021K(1216K) NonClass: 937K(1024K)->937K(1024K) Class: 83K(192K)->83K(192K)
[12.804s][info   ][gc             ] GC(47) Pause Young (Allocation Failure) 1135M->1131M(1988M) 17.212ms
[12.804s][info   ][gc,cpu         ] GC(47) User=0.05s Sys=0.00s Real=0.02s
[12.804s][debug  ][gc,heap        ] GC(47) Heap after GC invocations=48 (full 8):
[12.804s][debug  ][gc,heap        ] GC(47)  PSYoungGen      total 230912K, used 30720K [0x00000000f0000000, 0x0000000100000000, 0x0000000100000000)
[12.804s][debug  ][gc,heap        ] GC(47)   eden space 199680K, 0% used [0x00000000f0000000,0x00000000f0000000,0x00000000fc300000)
[12.804s][debug  ][gc,heap        ] GC(47)   from space 31232K, 98% used [0x00000000fe180000,0x00000000fff80030,0x0000000100000000)
[12.804s][debug  ][gc,heap        ] GC(47)   to   space 31232K, 0% used [0x00000000fc300000,0x00000000fc300000,0x00000000fe180000)
[12.804s][debug  ][gc,heap        ] GC(47)  ParOldGen       total 1805312K, used 1128036K [0x0000000080000000, 0x00000000ee300000, 0x00000000f0000000)
[12.804s][debug  ][gc,heap        ] GC(47)   object space 1805312K, 62% used [0x0000000080000000,0x00000000c4d99260,0x00000000ee300000)
[12.804s][debug  ][gc,heap        ] GC(47)  Metaspace       used 1021K, committed 1216K, reserved 1056768K
[12.804s][debug  ][gc,heap        ] GC(47)   class space    used 83K, committed 192K, reserved 1048576K
[12.804s][debug  ][gc,task,time   ] GC(47) VM-Thread 127859218 128017204 128037628
[13.102s][debug  ][gc,heap        ] GC(48) Heap before GC invocations=49 (full 8):
[13.102s][debug  ][gc,heap        ] GC(48)  PSYoungGen      total 230912K, used 229161K [0x00000000f0000000, 0x0000000100000000, 0x0000000100000000)
[13.102s][debug  ][gc,heap        ] GC(48)   eden space 199680K, 99% used [0x00000000f0000000,0x00000000fc1ca750,0x00000000fc300000)
[13.102s][debug  ][gc,heap        ] GC(48)   from space 31232K, 98% used [0x00000000fe180000,0x00000000fff80030,0x0000000100000000)
[13.102s][debug  ][gc,heap        ] GC(48)   to   space 31232K, 0% used [0x00000000fc300000,0x00000000fc300000,0x00000000fe180000)
[13.102s][debug  ][gc,heap        ] GC(48)  ParOldGen       total 1805312K, used 1128036K [0x0000000080000000, 0x00000000ee300000, 0x00000000f0000000)
[13.102s][debug  ][gc,heap        ] GC(48)   object space 1805312K, 62% used [0x0000000080000000,0x00000000c4d99260,0x00000000ee300000)
[13.103s][debug  ][gc,heap        ] GC(48)  Metaspace       used 1021K, committed 1216K, reserved 1056768K
[13.103s][debug  ][gc,heap        ] GC(48)   class space    used 83K, committed 192K, reserved 1048576K
[13.103s][debug  ][gc,tlab        ] GC(48) TLAB totals: thrds: 1  refills: 1 max: 1 slow allocs: 18 max 18 waste: 27.5% gc: 3974688B max: 3974688B slow: 0B max: 0B
[13.103s][info   ][gc,start       ] GC(48) Pause Young (Allocation Failure)
[13.103s][debug  ][gc,phases,start] GC(48) Scavenge
[13.118s][debug  ][gc,phases      ] GC(48) Scavenge 15.419ms
[13.118s][debug  ][gc,phases,start] GC(48) Reference Processing
[13.118s][debug  ][gc,ref         ] GC(48) Skipped phase 1 of Reference Processing: no references
[13.118s][debug  ][gc,ref         ] GC(48) Skipped phase 2 of Reference Processing: no references
[13.118s][debug  ][gc,ref         ] GC(48) Skipped phase 3 of Reference Processing: no references
[13.118s][debug  ][gc,ref         ] GC(48) Skipped phase 4 of Reference Processing: no references
[13.118s][debug  ][gc,phases,ref  ] GC(48) Reference Processing: 0.1ms
[13.118s][debug  ][gc,phases,ref  ] GC(48)   Reconsider SoftReferences: 0.0ms
[13.118s][debug  ][gc,phases,ref  ] GC(48)     SoftRef (ms):                  skipped
[13.118s][debug  ][gc,phases,ref  ] GC(48)   Notify Soft/WeakReferences: 0.0ms
[13.118s][debug  ][gc,phases,ref  ] GC(48)     SoftRef (ms):                  skipped
[13.118s][debug  ][gc,phases,ref  ] GC(48)     WeakRef (ms):                  skipped
[13.118s][debug  ][gc,phases,ref  ] GC(48)     FinalRef (ms):                 skipped
[13.118s][debug  ][gc,phases,ref  ] GC(48)     Total (ms):                    skipped
[13.118s][debug  ][gc,phases,ref  ] GC(48)   Notify and keep alive finalizable: 0.0ms
[13.119s][debug  ][gc,phases,ref  ] GC(48)     FinalRef (ms):                 skipped
[13.119s][debug  ][gc,phases,ref  ] GC(48)   Notify PhantomReferences: 0.0ms
[13.119s][debug  ][gc,phases,ref  ] GC(48)     PhantomRef (ms):               skipped
[13.119s][debug  ][gc,phases,ref  ] GC(48)   SoftReference:
[13.119s][debug  ][gc,phases,ref  ] GC(48)     Discovered: 0
[13.119s][debug  ][gc,phases,ref  ] GC(48)     Cleared: 0
[13.119s][debug  ][gc,phases,ref  ] GC(48)   WeakReference:
[13.119s][debug  ][gc,phases,ref  ] GC(48)     Discovered: 0
[13.119s][debug  ][gc,phases,ref  ] GC(48)     Cleared: 0
[13.119s][debug  ][gc,phases,ref  ] GC(48)   FinalReference:
[13.119s][debug  ][gc,phases,ref  ] GC(48)     Discovered: 0
[13.119s][debug  ][gc,phases,ref  ] GC(48)     Cleared: 0
[13.119s][debug  ][gc,phases,ref  ] GC(48)   PhantomReference:
[13.119s][debug  ][gc,phases,ref  ] GC(48)     Discovered: 0
[13.119s][debug  ][gc,phases,ref  ] GC(48)     Cleared: 0
[13.119s][debug  ][gc,phases      ] GC(48) Reference Processing 0.628ms
[13.119s][debug  ][gc,phases,start] GC(48) Weak Processing
[13.119s][debug  ][gc,phases      ] GC(48)   VM Weak                        Min:  0.0, Avg:  0.0, Max:  0.0, Diff:  0.0, Sum:  0.0, Workers: 6
[13.119s][debug  ][gc,phases      ] GC(48)     Dead                           Min: 0, Avg:  0.0, Max: 0, Diff: 0, Sum: 0, Workers: 6
[13.119s][debug  ][gc,phases      ] GC(48)     Total                          Min: 0, Avg:  1.3, Max: 8, Diff: 8, Sum: 8, Workers: 6
[13.119s][debug  ][gc,phases      ] GC(48)   ObjectSynchronizer Weak        Min:  0.0, Avg:  0.0, Max:  0.0, Diff:  0.0, Sum:  0.0, Workers: 6
[13.119s][debug  ][gc,phases      ] GC(48)     Dead                           Min: 0, Avg:  0.0, Max: 0, Diff: 0, Sum: 0, Workers: 6
[13.119s][debug  ][gc,phases      ] GC(48)     Total                          Min: 0, Avg:  0.5, Max: 3, Diff: 3, Sum: 3, Workers: 6
[13.119s][debug  ][gc,phases      ] GC(48)   JVMTI Tag Weak OopStorage      Min:  0.0, Avg:  0.0, Max:  0.0, Diff:  0.0, Sum:  0.0, Workers: 6
[13.119s][debug  ][gc,phases      ] GC(48)     Dead                           Min: 0, Avg:  0.0, Max: 0, Diff: 0, Sum: 0, Workers: 6
[13.119s][debug  ][gc,phases      ] GC(48)     Total                          Min: 0, Avg:  0.0, Max: 0, Diff: 0, Sum: 0, Workers: 6
[13.119s][debug  ][gc,phases      ] GC(48)   StringTable Weak               Min:  0.0, Avg:  0.0, Max:  0.0, Diff:  0.0, Sum:  0.0, Workers: 6
[13.119s][debug  ][gc,phases      ] GC(48)     Dead                           Min: 0, Avg:  0.0, Max: 0, Diff: 0, Sum: 0, Workers: 6
[13.119s][debug  ][gc,phases      ] GC(48)     Total                          Min: 768, Avg: 892.2, Max: 1024, Diff: 256, Sum: 5353, Workers: 6
[13.119s][debug  ][gc,phases      ] GC(48)   ResolvedMethodTable Weak       Min:  0.0, Avg:  0.0, Max:  0.0, Diff:  0.0, Sum:  0.0, Workers: 6
[13.119s][debug  ][gc,phases      ] GC(48)     Dead                           Min: 0, Avg:  0.0, Max: 0, Diff: 0, Sum: 0, Workers: 6
[13.119s][debug  ][gc,phases      ] GC(48)     Total                          Min: 0, Avg: 21.7, Max: 64, Diff: 64, Sum: 130, Workers: 6
[13.119s][debug  ][gc,phases      ] GC(48)   JNI Weak                       Min:  0.0, Avg:  0.0, Max:  0.0, Diff:  0.0, Sum:  0.0, Workers: 6
[13.119s][debug  ][gc,phases      ] GC(48)     Dead                           Min: 0, Avg:  0.0, Max: 0, Diff: 0, Sum: 0, Workers: 6
[13.119s][debug  ][gc,phases      ] GC(48)     Total                          Min: 0, Avg:  0.0, Max: 0, Diff: 0, Sum: 0, Workers: 6
[13.119s][debug  ][gc,phases      ] GC(48)   StringDedup Table Weak         Min:  0.0, Avg:  0.0, Max:  0.0, Diff:  0.0, Sum:  0.0, Workers: 6
[13.119s][debug  ][gc,phases      ] GC(48)     Dead                           Min: 0, Avg:  0.0, Max: 0, Diff: 0, Sum: 0, Workers: 6
[13.119s][debug  ][gc,phases      ] GC(48)     Total                          Min: 0, Avg:  0.0, Max: 0, Diff: 0, Sum: 0, Workers: 6
[13.119s][debug  ][gc,phases      ] GC(48)   StringDedup Requests0 Weak     Min:  0.0, Avg:  0.0, Max:  0.0, Diff:  0.0, Sum:  0.0, Workers: 6
[13.119s][debug  ][gc,phases      ] GC(48)     Dead                           Min: 0, Avg:  0.0, Max: 0, Diff: 0, Sum: 0, Workers: 6
[13.119s][debug  ][gc,phases      ] GC(48)     Total                          Min: 0, Avg:  0.0, Max: 0, Diff: 0, Sum: 0, Workers: 6
[13.119s][debug  ][gc,phases      ] GC(48)   StringDedup Requests1 Weak     Min:  0.0, Avg:  0.0, Max:  0.0, Diff:  0.0, Sum:  0.0, Workers: 6
[13.119s][debug  ][gc,phases      ] GC(48)     Dead                           Min: 0, Avg:  0.0, Max: 0, Diff: 0, Sum: 0, Workers: 6
[13.119s][debug  ][gc,phases      ] GC(48)     Total                          Min: 0, Avg:  0.0, Max: 0, Diff: 0, Sum: 0, Workers: 6
[13.120s][debug  ][gc,phases      ] GC(48)   Weak JFR Old Object Samples    Min:  0.0, Avg:  0.0, Max:  0.0, Diff:  0.0, Sum:  0.0, Workers: 6
[13.120s][debug  ][gc,phases      ] GC(48)     Dead                           Min: 0, Avg:  0.0, Max: 0, Diff: 0, Sum: 0, Workers: 6
[13.120s][debug  ][gc,phases      ] GC(48)     Total                          Min: 0, Avg:  0.0, Max: 0, Diff: 0, Sum: 0, Workers: 6
[13.120s][debug  ][gc,phases      ] GC(48) Weak Processing 0.736ms
[13.120s][debug  ][gc,ergo        ] GC(48) AdaptiveSizeStart:  collection: 49 
[13.120s][debug  ][gc,ergo        ] GC(48) avg_survived_padded_avg: 31890284.000000
[13.120s][debug  ][gc,ergo        ] GC(48) avg_promoted_padded_avg: 269728640.000000  avg_pretenured_padded_avg: 0.000000  tenuring_thresh: 1  target_size: 31981568
[13.120s][debug  ][gc,age         ] GC(48) Desired survivor size 31981568 bytes, new threshold 1 (max threshold 15)
[13.120s][debug  ][gc,ergo        ] GC(48) PSAdaptiveSizePolicy::compute_eden_space_size limits: desired_eden_size: 229911695 old_eden_size: 203948032 eden_limit: 204472320 cur_eden: 204472320 max_eden_size: 204472320 avg_young_live: 26926022
[13.120s][debug  ][gc,ergo        ] GC(48) PSAdaptiveSizePolicy::compute_eden_space_size: costs minor_time: 0.047330 major_cost: 0.036558 mutator_cost: 0.916112 throughput_goal: 0.990000
[13.120s][debug  ][gc,ergo        ] GC(48) Live_space: 878937536 free_space: 1058537472
[13.120s][debug  ][gc,ergo        ] GC(48) Old eden_size: 203948032 desired_eden_size: 204472320
[13.120s][debug  ][gc,ergo        ] GC(48) AdaptiveSizeStop: collection: 49 
[13.120s][info   ][gc,heap        ] GC(48) PSYoungGen: 229161K(230912K)->30720K(230912K) Eden: 198441K(199680K)->0K(199680K) From: 30720K(31232K)->30720K(31232K)
[13.120s][info   ][gc,heap        ] GC(48) ParOldGen: 1128036K(1805312K)->1322596K(1805312K)
[13.120s][info   ][gc,metaspace   ] GC(48) Metaspace: 1021K(1216K)->1021K(1216K) NonClass: 937K(1024K)->937K(1024K) Class: 83K(192K)->83K(192K)
[13.120s][info   ][gc             ] GC(48) Pause Young (Allocation Failure) 1325M->1321M(1988M) 17.252ms
[13.120s][info   ][gc,cpu         ] GC(48) User=0.16s Sys=0.00s Real=0.02s
[13.120s][debug  ][gc,heap        ] GC(48) Heap after GC invocations=49 (full 8):
[13.120s][debug  ][gc,heap        ] GC(48)  PSYoungGen      total 230912K, used 30720K [0x00000000f0000000, 0x0000000100000000, 0x0000000100000000)
[13.120s][debug  ][gc,heap        ] GC(48)   eden space 199680K, 0% used [0x00000000f0000000,0x00000000f0000000,0x00000000fc300000)
[13.120s][debug  ][gc,heap        ] GC(48)   from space 31232K, 98% used [0x00000000fc300000,0x00000000fe100030,0x00000000fe180000)
[13.120s][debug  ][gc,heap        ] GC(48)   to   space 31232K, 0% used [0x00000000fe180000,0x00000000fe180000,0x0000000100000000)
[13.120s][debug  ][gc,heap        ] GC(48)  ParOldGen       total 1805312K, used 1322596K [0x0000000080000000, 0x00000000ee300000, 0x00000000f0000000)
[13.120s][debug  ][gc,heap        ] GC(48)   object space 1805312K, 73% used [0x0000000080000000,0x00000000d0b99390,0x00000000ee300000)
[13.120s][debug  ][gc,heap        ] GC(48)  Metaspace       used 1021K, committed 1216K, reserved 1056768K
[13.120s][debug  ][gc,heap        ] GC(48)   class space    used 83K, committed 192K, reserved 1048576K
[13.120s][debug  ][gc,task,time   ] GC(48) VM-Thread 131021977 131181882 131201494
[13.419s][debug  ][gc,heap        ] GC(49) Heap before GC invocations=50 (full 8):
[13.419s][debug  ][gc,heap        ] GC(49)  PSYoungGen      total 230912K, used 229173K [0x00000000f0000000, 0x0000000100000000, 0x0000000100000000)
[13.419s][debug  ][gc,heap        ] GC(49)   eden space 199680K, 99% used [0x00000000f0000000,0x00000000fc1cd6d8,0x00000000fc300000)
[13.419s][debug  ][gc,heap        ] GC(49)   from space 31232K, 98% used [0x00000000fc300000,0x00000000fe100030,0x00000000fe180000)
[13.419s][debug  ][gc,heap        ] GC(49)   to   space 31232K, 0% used [0x00000000fe180000,0x00000000fe180000,0x0000000100000000)
[13.419s][debug  ][gc,heap        ] GC(49)  ParOldGen       total 1805312K, used 1322596K [0x0000000080000000, 0x00000000ee300000, 0x00000000f0000000)
[13.419s][debug  ][gc,heap        ] GC(49)   object space 1805312K, 73% used [0x0000000080000000,0x00000000d0b99390,0x00000000ee300000)
[13.419s][debug  ][gc,heap        ] GC(49)  Metaspace       used 1021K, committed 1216K, reserved 1056768K
[13.419s][debug  ][gc,heap        ] GC(49)   class space    used 83K, committed 192K, reserved 1048576K
[13.419s][debug  ][gc,tlab        ] GC(49) TLAB totals: thrds: 1  refills: 1 max: 1 slow allocs: 18 max 18 waste: 27.5% gc: 3986856B max: 3986856B slow: 0B max: 0B
[13.419s][info   ][gc,start       ] GC(49) Pause Young (Allocation Failure)
[13.420s][debug  ][gc,phases,start] GC(49) Scavenge
[13.435s][debug  ][gc,phases      ] GC(49) Scavenge 15.424ms
[13.435s][debug  ][gc,phases,start] GC(49) Reference Processing
[13.435s][debug  ][gc,ref         ] GC(49) Skipped phase 1 of Reference Processing: no references
[13.435s][debug  ][gc,ref         ] GC(49) Skipped phase 2 of Reference Processing: no references
[13.435s][debug  ][gc,ref         ] GC(49) Skipped phase 3 of Reference Processing: no references
[13.435s][debug  ][gc,ref         ] GC(49) Skipped phase 4 of Reference Processing: no references
[13.435s][debug  ][gc,phases,ref  ] GC(49) Reference Processing: 0.1ms
[13.435s][debug  ][gc,phases,ref  ] GC(49)   Reconsider SoftReferences: 0.0ms
[13.435s][debug  ][gc,phases,ref  ] GC(49)     SoftRef (ms):                  skipped
[13.435s][debug  ][gc,phases,ref  ] GC(49)   Notify Soft/WeakReferences: 0.0ms
[13.435s][debug  ][gc,phases,ref  ] GC(49)     SoftRef (ms):                  skipped
[13.435s][debug  ][gc,phases,ref  ] GC(49)     WeakRef (ms):                  skipped
[13.435s][debug  ][gc,phases,ref  ] GC(49)     FinalRef (ms):                 skipped
[13.435s][debug  ][gc,phases,ref  ] GC(49)     Total (ms):                    skipped
[13.435s][debug  ][gc,phases,ref  ] GC(49)   Notify and keep alive finalizable: 0.0ms
[13.435s][debug  ][gc,phases,ref  ] GC(49)     FinalRef (ms):                 skipped
[13.435s][debug  ][gc,phases,ref  ] GC(49)   Notify PhantomReferences: 0.0ms
[13.435s][debug  ][gc,phases,ref  ] GC(49)     PhantomRef (ms):               skipped
[13.435s][debug  ][gc,phases,ref  ] GC(49)   SoftReference:
[13.435s][debug  ][gc,phases,ref  ] GC(49)     Discovered: 0
[13.436s][debug  ][gc,phases,ref  ] GC(49)     Cleared: 0
[13.436s][debug  ][gc,phases,ref  ] GC(49)   WeakReference:
[13.436s][debug  ][gc,phases,ref  ] GC(49)     Discovered: 0
[13.436s][debug  ][gc,phases,ref  ] GC(49)     Cleared: 0
[13.436s][debug  ][gc,phases,ref  ] GC(49)   FinalReference:
[13.436s][debug  ][gc,phases,ref  ] GC(49)     Discovered: 0
[13.436s][debug  ][gc,phases,ref  ] GC(49)     Cleared: 0
[13.436s][debug  ][gc,phases,ref  ] GC(49)   PhantomReference:
[13.436s][debug  ][gc,phases,ref  ] GC(49)     Discovered: 0
[13.436s][debug  ][gc,phases,ref  ] GC(49)     Cleared: 0
[13.436s][debug  ][gc,phases      ] GC(49) Reference Processing 0.706ms
[13.436s][debug  ][gc,phases,start] GC(49) Weak Processing
[13.436s][debug  ][gc,phases      ] GC(49)   VM Weak                        Min:  0.0, Avg:  0.0, Max:  0.0, Diff:  0.0, Sum:  0.0, Workers: 6
[13.436s][debug  ][gc,phases      ] GC(49)     Dead                           Min: 0, Avg:  0.0, Max: 0, Diff: 0, Sum: 0, Workers: 6
[13.436s][debug  ][gc,phases      ] GC(49)     Total                          Min: 0, Avg:  1.3, Max: 8, Diff: 8, Sum: 8, Workers: 6
[13.436s][debug  ][gc,phases      ] GC(49)   ObjectSynchronizer Weak        Min:  0.0, Avg:  0.0, Max:  0.0, Diff:  0.0, Sum:  0.0, Workers: 6
[13.436s][debug  ][gc,phases      ] GC(49)     Dead                           Min: 0, Avg:  0.0, Max: 0, Diff: 0, Sum: 0, Workers: 6
[13.436s][debug  ][gc,phases      ] GC(49)     Total                          Min: 0, Avg:  0.5, Max: 3, Diff: 3, Sum: 3, Workers: 6
[13.436s][debug  ][gc,phases      ] GC(49)   JVMTI Tag Weak OopStorage      Min:  0.0, Avg:  0.0, Max:  0.0, Diff:  0.0, Sum:  0.0, Workers: 6
[13.436s][debug  ][gc,phases      ] GC(49)     Dead                           Min: 0, Avg:  0.0, Max: 0, Diff: 0, Sum: 0, Workers: 6
[13.436s][debug  ][gc,phases      ] GC(49)     Total                          Min: 0, Avg:  0.0, Max: 0, Diff: 0, Sum: 0, Workers: 6
[13.436s][debug  ][gc,phases      ] GC(49)   StringTable Weak               Min:  0.0, Avg:  0.0, Max:  0.0, Diff:  0.0, Sum:  0.0, Workers: 6
[13.436s][debug  ][gc,phases      ] GC(49)     Dead                           Min: 0, Avg:  0.0, Max: 0, Diff: 0, Sum: 0, Workers: 6
[13.436s][debug  ][gc,phases      ] GC(49)     Total                          Min: 768, Avg: 892.2, Max: 1088, Diff: 320, Sum: 5353, Workers: 6
[13.436s][debug  ][gc,phases      ] GC(49)   ResolvedMethodTable Weak       Min:  0.0, Avg:  0.0, Max:  0.0, Diff:  0.0, Sum:  0.0, Workers: 6
[13.436s][debug  ][gc,phases      ] GC(49)     Dead                           Min: 0, Avg:  0.0, Max: 0, Diff: 0, Sum: 0, Workers: 6
[13.436s][debug  ][gc,phases      ] GC(49)     Total                          Min: 0, Avg: 21.7, Max: 64, Diff: 64, Sum: 130, Workers: 6
[13.436s][debug  ][gc,phases      ] GC(49)   JNI Weak                       Min:  0.0, Avg:  0.0, Max:  0.0, Diff:  0.0, Sum:  0.0, Workers: 6
[13.436s][debug  ][gc,phases      ] GC(49)     Dead                           Min: 0, Avg:  0.0, Max: 0, Diff: 0, Sum: 0, Workers: 6
[13.436s][debug  ][gc,phases      ] GC(49)     Total                          Min: 0, Avg:  0.0, Max: 0, Diff: 0, Sum: 0, Workers: 6
[13.436s][debug  ][gc,phases      ] GC(49)   StringDedup Table Weak         Min:  0.0, Avg:  0.0, Max:  0.0, Diff:  0.0, Sum:  0.0, Workers: 6
[13.436s][debug  ][gc,phases      ] GC(49)     Dead                           Min: 0, Avg:  0.0, Max: 0, Diff: 0, Sum: 0, Workers: 6
[13.436s][debug  ][gc,phases      ] GC(49)     Total                          Min: 0, Avg:  0.0, Max: 0, Diff: 0, Sum: 0, Workers: 6
[13.436s][debug  ][gc,phases      ] GC(49)   StringDedup Requests0 Weak     Min:  0.0, Avg:  0.0, Max:  0.0, Diff:  0.0, Sum:  0.0, Workers: 6
[13.436s][debug  ][gc,phases      ] GC(49)     Dead                           Min: 0, Avg:  0.0, Max: 0, Diff: 0, Sum: 0, Workers: 6
[13.436s][debug  ][gc,phases      ] GC(49)     Total                          Min: 0, Avg:  0.0, Max: 0, Diff: 0, Sum: 0, Workers: 6
[13.436s][debug  ][gc,phases      ] GC(49)   StringDedup Requests1 Weak     Min:  0.0, Avg:  0.0, Max:  0.0, Diff:  0.0, Sum:  0.0, Workers: 6
[13.436s][debug  ][gc,phases      ] GC(49)     Dead                           Min: 0, Avg:  0.0, Max: 0, Diff: 0, Sum: 0, Workers: 6
[13.436s][debug  ][gc,phases      ] GC(49)     Total                          Min: 0, Avg:  0.0, Max: 0, Diff: 0, Sum: 0, Workers: 6
[13.436s][debug  ][gc,phases      ] GC(49)   Weak JFR Old Object Samples    Min:  0.0, Avg:  0.0, Max:  0.0, Diff:  0.0, Sum:  0.0, Workers: 6
[13.436s][debug  ][gc,phases      ] GC(49)     Dead                           Min: 0, Avg:  0.0, Max: 0, Diff: 0, Sum: 0, Workers: 6
[13.436s][debug  ][gc,phases      ] GC(49)     Total                          Min: 0, Avg:  0.0, Max: 0, Diff: 0, Sum: 0, Workers: 6
[13.437s][debug  ][gc,phases      ] GC(49) Weak Processing 0.759ms
[13.437s][debug  ][gc,ergo        ] GC(49) AdaptiveSizeStart:  collection: 50 
[13.437s][debug  ][gc,ergo        ] GC(49) avg_survived_padded_avg: 31857016.000000
[13.437s][debug  ][gc,ergo        ] GC(49) avg_promoted_padded_avg: 271831296.000000  avg_pretenured_padded_avg: 0.000000  tenuring_thresh: 1  target_size: 31981568
[13.437s][debug  ][gc,age         ] GC(49) Desired survivor size 31981568 bytes, new threshold 1 (max threshold 15)
[13.437s][debug  ][gc,ergo        ] GC(49) PSAdaptiveSizePolicy::compute_eden_space_size limits: desired_eden_size: 230277909 old_eden_size: 204472320 eden_limit: 204472320 cur_eden: 204472320 max_eden_size: 204472320 avg_young_live: 27379152
[13.437s][debug  ][gc,ergo        ] GC(49) PSAdaptiveSizePolicy::compute_eden_space_size: costs minor_time: 0.048923 major_cost: 0.036558 mutator_cost: 0.914519 throughput_goal: 0.990000
[13.437s][debug  ][gc,ergo        ] GC(49) Live_space: 879390656 free_space: 1059061760
[13.437s][debug  ][gc,ergo        ] GC(49) Old eden_size: 204472320 desired_eden_size: 204472320
[13.437s][debug  ][gc,ergo        ] GC(49) AdaptiveSizeStop: collection: 50 
[13.437s][info   ][gc,heap        ] GC(49) PSYoungGen: 229173K(230912K)->30720K(230912K) Eden: 198453K(199680K)->0K(199680K) From: 30720K(31232K)->30720K(31232K)
[13.437s][info   ][gc,heap        ] GC(49) ParOldGen: 1322596K(1805312K)->1517157K(1805312K)
[13.437s][info   ][gc,metaspace   ] GC(49) Metaspace: 1021K(1216K)->1021K(1216K) NonClass: 937K(1024K)->937K(1024K) Class: 83K(192K)->83K(192K)
[13.437s][info   ][gc             ] GC(49) Pause Young (Allocation Failure) 1515M->1511M(1988M) 17.363ms
[13.437s][info   ][gc,cpu         ] GC(49) User=0.14s Sys=0.00s Real=0.02s
[13.437s][debug  ][gc,heap        ] GC(49) Heap after GC invocations=50 (full 8):
[13.437s][debug  ][gc,heap        ] GC(49)  PSYoungGen      total 230912K, used 30720K [0x00000000f0000000, 0x0000000100000000, 0x0000000100000000)
[13.437s][debug  ][gc,heap        ] GC(49)   eden space 199680K, 0% used [0x00000000f0000000,0x00000000f0000000,0x00000000fc300000)
[13.437s][debug  ][gc,heap        ] GC(49)   from space 31232K, 98% used [0x00000000fe180000,0x00000000fff80030,0x0000000100000000)
[13.437s][debug  ][gc,heap        ] GC(49)   to   space 31232K, 0% used [0x00000000fc300000,0x00000000fc300000,0x00000000fe180000)
[13.437s][debug  ][gc,heap        ] GC(49)  ParOldGen       total 1805312K, used 1517157K [0x0000000080000000, 0x00000000ee300000, 0x00000000f0000000)
[13.437s][debug  ][gc,heap        ] GC(49)   object space 1805312K, 84% used [0x0000000080000000,0x00000000dc9994c0,0x00000000ee300000)
[13.437s][debug  ][gc,heap        ] GC(49)  Metaspace       used 1021K, committed 1216K, reserved 1056768K
[13.437s][debug  ][gc,heap        ] GC(49)   class space    used 83K, committed 192K, reserved 1048576K
[13.437s][debug  ][gc,task,time   ] GC(49) VM-Thread 134190111 134350259 134370935
[13.736s][debug  ][gc,heap        ] GC(50) Heap before GC invocations=51 (full 8):
[13.736s][debug  ][gc,heap        ] GC(50)  PSYoungGen      total 230912K, used 229181K [0x00000000f0000000, 0x0000000100000000, 0x0000000100000000)
[13.736s][debug  ][gc,heap        ] GC(50)   eden space 199680K, 99% used [0x00000000f0000000,0x00000000fc1cf568,0x00000000fc300000)
[13.736s][debug  ][gc,heap        ] GC(50)   from space 31232K, 98% used [0x00000000fe180000,0x00000000fff80030,0x0000000100000000)
[13.736s][debug  ][gc,heap        ] GC(50)   to   space 31232K, 0% used [0x00000000fc300000,0x00000000fc300000,0x00000000fe180000)
[13.736s][debug  ][gc,heap        ] GC(50)  ParOldGen       total 1805312K, used 1517157K [0x0000000080000000, 0x00000000ee300000, 0x00000000f0000000)
[13.736s][debug  ][gc,heap        ] GC(50)   object space 1805312K, 84% used [0x0000000080000000,0x00000000dc9994c0,0x00000000ee300000)
[13.736s][debug  ][gc,heap        ] GC(50)  Metaspace       used 1021K, committed 1216K, reserved 1056768K
[13.736s][debug  ][gc,heap        ] GC(50)   class space    used 83K, committed 192K, reserved 1048576K
[13.736s][debug  ][gc,tlab        ] GC(50) TLAB totals: thrds: 1  refills: 1 max: 1 slow allocs: 18 max 18 waste: 27.6% gc: 3994680B max: 3994680B slow: 0B max: 0B
[13.737s][info   ][gc,start       ] GC(50) Pause Young (Allocation Failure)
[13.737s][debug  ][gc,phases,start] GC(50) Scavenge
[13.753s][debug  ][gc,phases      ] GC(50) Scavenge 16.819ms
[13.753s][debug  ][gc,phases,start] GC(50) Reference Processing
[13.753s][debug  ][gc,ref         ] GC(50) Skipped phase 1 of Reference Processing: no references
[13.754s][debug  ][gc,ref         ] GC(50) Skipped phase 2 of Reference Processing: no references
[13.754s][debug  ][gc,ref         ] GC(50) Skipped phase 3 of Reference Processing: no references
[13.754s][debug  ][gc,ref         ] GC(50) Skipped phase 4 of Reference Processing: no references
[13.754s][debug  ][gc,phases,ref  ] GC(50) Reference Processing: 0.1ms
[13.754s][debug  ][gc,phases,ref  ] GC(50)   Reconsider SoftReferences: 0.0ms
[13.754s][debug  ][gc,phases,ref  ] GC(50)     SoftRef (ms):                  skipped
[13.754s][debug  ][gc,phases,ref  ] GC(50)   Notify Soft/WeakReferences: 0.0ms
[13.754s][debug  ][gc,phases,ref  ] GC(50)     SoftRef (ms):                  skipped
[13.754s][debug  ][gc,phases,ref  ] GC(50)     WeakRef (ms):                  skipped
[13.754s][debug  ][gc,phases,ref  ] GC(50)     FinalRef (ms):                 skipped
[13.754s][debug  ][gc,phases,ref  ] GC(50)     Total (ms):                    skipped
[13.754s][debug  ][gc,phases,ref  ] GC(50)   Notify and keep alive finalizable: 0.0ms
[13.754s][debug  ][gc,phases,ref  ] GC(50)     FinalRef (ms):                 skipped
[13.754s][debug  ][gc,phases,ref  ] GC(50)   Notify PhantomReferences: 0.0ms
[13.754s][debug  ][gc,phases,ref  ] GC(50)     PhantomRef (ms):               skipped
[13.754s][debug  ][gc,phases,ref  ] GC(50)   SoftReference:
[13.754s][debug  ][gc,phases,ref  ] GC(50)     Discovered: 0
[13.754s][debug  ][gc,phases,ref  ] GC(50)     Cleared: 0
[13.754s][debug  ][gc,phases,ref  ] GC(50)   WeakReference:
[13.754s][debug  ][gc,phases,ref  ] GC(50)     Discovered: 0
[13.754s][debug  ][gc,phases,ref  ] GC(50)     Cleared: 0
[13.754s][debug  ][gc,phases,ref  ] GC(50)   FinalReference:
[13.754s][debug  ][gc,phases,ref  ] GC(50)     Discovered: 0
[13.754s][debug  ][gc,phases,ref  ] GC(50)     Cleared: 0
[13.754s][debug  ][gc,phases,ref  ] GC(50)   PhantomReference:
[13.754s][debug  ][gc,phases,ref  ] GC(50)     Discovered: 0
[13.754s][debug  ][gc,phases,ref  ] GC(50)     Cleared: 0
[13.754s][debug  ][gc,phases      ] GC(50) Reference Processing 0.850ms
[13.754s][debug  ][gc,phases,start] GC(50) Weak Processing
[13.754s][debug  ][gc,phases      ] GC(50)   VM Weak                        Min:  0.0, Avg:  0.0, Max:  0.0, Diff:  0.0, Sum:  0.0, Workers: 6
[13.754s][debug  ][gc,phases      ] GC(50)     Dead                           Min: 0, Avg:  0.0, Max: 0, Diff: 0, Sum: 0, Workers: 6
[13.754s][debug  ][gc,phases      ] GC(50)     Total                          Min: 0, Avg:  1.3, Max: 8, Diff: 8, Sum: 8, Workers: 6
[13.754s][debug  ][gc,phases      ] GC(50)   ObjectSynchronizer Weak        Min:  0.0, Avg:  0.0, Max:  0.0, Diff:  0.0, Sum:  0.0, Workers: 6
[13.755s][debug  ][gc,phases      ] GC(50)     Dead                           Min: 0, Avg:  0.0, Max: 0, Diff: 0, Sum: 0, Workers: 6
[13.755s][debug  ][gc,phases      ] GC(50)     Total                          Min: 0, Avg:  0.5, Max: 3, Diff: 3, Sum: 3, Workers: 6
[13.755s][debug  ][gc,phases      ] GC(50)   JVMTI Tag Weak OopStorage      Min:  0.0, Avg:  0.0, Max:  0.0, Diff:  0.0, Sum:  0.0, Workers: 6
[13.755s][debug  ][gc,phases      ] GC(50)     Dead                           Min: 0, Avg:  0.0, Max: 0, Diff: 0, Sum: 0, Workers: 6
[13.755s][debug  ][gc,phases      ] GC(50)     Total                          Min: 0, Avg:  0.0, Max: 0, Diff: 0, Sum: 0, Workers: 6
[13.755s][debug  ][gc,phases      ] GC(50)   StringTable Weak               Min:  0.0, Avg:  0.0, Max:  0.0, Diff:  0.0, Sum:  0.0, Workers: 6
[13.755s][debug  ][gc,phases      ] GC(50)     Dead                           Min: 0, Avg:  0.0, Max: 0, Diff: 0, Sum: 0, Workers: 6
[13.755s][debug  ][gc,phases      ] GC(50)     Total                          Min: 810, Avg: 892.2, Max: 1088, Diff: 278, Sum: 5353, Workers: 6
[13.755s][debug  ][gc,phases      ] GC(50)   ResolvedMethodTable Weak       Min:  0.0, Avg:  0.0, Max:  0.0, Diff:  0.0, Sum:  0.0, Workers: 6
[13.755s][debug  ][gc,phases      ] GC(50)     Dead                           Min: 0, Avg:  0.0, Max: 0, Diff: 0, Sum: 0, Workers: 6
[13.755s][debug  ][gc,phases      ] GC(50)     Total                          Min: 0, Avg: 21.7, Max: 64, Diff: 64, Sum: 130, Workers: 6
[13.755s][debug  ][gc,phases      ] GC(50)   JNI Weak                       Min:  0.0, Avg:  0.0, Max:  0.0, Diff:  0.0, Sum:  0.0, Workers: 6
[13.755s][debug  ][gc,phases      ] GC(50)     Dead                           Min: 0, Avg:  0.0, Max: 0, Diff: 0, Sum: 0, Workers: 6
[13.755s][debug  ][gc,phases      ] GC(50)     Total                          Min: 0, Avg:  0.0, Max: 0, Diff: 0, Sum: 0, Workers: 6
[13.755s][debug  ][gc,phases      ] GC(50)   StringDedup Table Weak         Min:  0.0, Avg:  0.0, Max:  0.0, Diff:  0.0, Sum:  0.0, Workers: 6
[13.755s][debug  ][gc,phases      ] GC(50)     Dead                           Min: 0, Avg:  0.0, Max: 0, Diff: 0, Sum: 0, Workers: 6
[13.755s][debug  ][gc,phases      ] GC(50)     Total                          Min: 0, Avg:  0.0, Max: 0, Diff: 0, Sum: 0, Workers: 6
[13.755s][debug  ][gc,phases      ] GC(50)   StringDedup Requests0 Weak     Min:  0.0, Avg:  0.0, Max:  0.0, Diff:  0.0, Sum:  0.0, Workers: 6
[13.755s][debug  ][gc,phases      ] GC(50)     Dead                           Min: 0, Avg:  0.0, Max: 0, Diff: 0, Sum: 0, Workers: 6
[13.755s][debug  ][gc,phases      ] GC(50)     Total                          Min: 0, Avg:  0.0, Max: 0, Diff: 0, Sum: 0, Workers: 6
[13.755s][debug  ][gc,phases      ] GC(50)   StringDedup Requests1 Weak     Min:  0.0, Avg:  0.0, Max:  0.0, Diff:  0.0, Sum:  0.0, Workers: 6
[13.755s][debug  ][gc,phases      ] GC(50)     Dead                           Min: 0, Avg:  0.0, Max: 0, Diff: 0, Sum: 0, Workers: 6
[13.755s][debug  ][gc,phases      ] GC(50)     Total                          Min: 0, Avg:  0.0, Max: 0, Diff: 0, Sum: 0, Workers: 6
[13.755s][debug  ][gc,phases      ] GC(50)   Weak JFR Old Object Samples    Min:  0.0, Avg:  0.0, Max:  0.0, Diff:  0.0, Sum:  0.0, Workers: 6
[13.755s][debug  ][gc,phases      ] GC(50)     Dead                           Min: 0, Avg:  0.0, Max: 0, Diff: 0, Sum: 0, Workers: 6
[13.755s][debug  ][gc,phases      ] GC(50)     Total                          Min: 0, Avg:  0.0, Max: 0, Diff: 0, Sum: 0, Workers: 6
[13.755s][debug  ][gc,phases      ] GC(50) Weak Processing 0.766ms
[13.755s][debug  ][gc,ergo        ] GC(50) AdaptiveSizeStart:  collection: 51 
[13.755s][debug  ][gc,ergo        ] GC(50) avg_survived_padded_avg: 31826072.000000
[13.755s][debug  ][gc,ergo        ] GC(50) avg_promoted_padded_avg: 272808480.000000  avg_pretenured_padded_avg: 0.000000  tenuring_thresh: 1  target_size: 31981568
[13.755s][debug  ][gc,age         ] GC(50) Desired survivor size 31981568 bytes, new threshold 1 (max threshold 15)
[13.755s][debug  ][gc,ergo        ] GC(50) PSAdaptiveSizePolicy::compute_eden_space_size limits: desired_eden_size: 230790964 old_eden_size: 204472320 eden_limit: 204472320 cur_eden: 204472320 max_eden_size: 204472320 avg_young_live: 27786968
[13.755s][debug  ][gc,ergo        ] GC(50) PSAdaptiveSizePolicy::compute_eden_space_size: costs minor_time: 0.051260 major_cost: 0.036558 mutator_cost: 0.912182 throughput_goal: 0.990000
[13.755s][debug  ][gc,ergo        ] GC(50) Live_space: 879798528 free_space: 1059061760
[13.755s][debug  ][gc,ergo        ] GC(50) Old eden_size: 204472320 desired_eden_size: 204472320
[13.755s][debug  ][gc,ergo        ] GC(50) AdaptiveSizeStop: collection: 51 
[13.755s][info   ][gc,heap        ] GC(50) PSYoungGen: 229181K(230912K)->30720K(230912K) Eden: 198461K(199680K)->0K(199680K) From: 30720K(31232K)->30720K(31232K)
[13.755s][info   ][gc,heap        ] GC(50) ParOldGen: 1517157K(1805312K)->1711717K(1805312K)
[13.755s][info   ][gc,metaspace   ] GC(50) Metaspace: 1021K(1216K)->1021K(1216K) NonClass: 937K(1024K)->937K(1024K) Class: 83K(192K)->83K(192K)
[13.755s][info   ][gc             ] GC(50) Pause Young (Allocation Failure) 1705M->1701M(1988M) 18.918ms
[13.755s][info   ][gc,cpu         ] GC(50) User=0.16s Sys=0.00s Real=0.02s
[13.755s][debug  ][gc,heap        ] GC(50) Heap after GC invocations=51 (full 8):
[13.756s][debug  ][gc,heap        ] GC(50)  PSYoungGen      total 230912K, used 30720K [0x00000000f0000000, 0x0000000100000000, 0x0000000100000000)
[13.756s][debug  ][gc,heap        ] GC(50)   eden space 199680K, 0% used [0x00000000f0000000,0x00000000f0000000,0x00000000fc300000)
[13.756s][debug  ][gc,heap        ] GC(50)   from space 31232K, 98% used [0x00000000fc300000,0x00000000fe100030,0x00000000fe180000)
[13.756s][debug  ][gc,heap        ] GC(50)   to   space 31232K, 0% used [0x00000000fe180000,0x00000000fe180000,0x0000000100000000)
[13.756s][debug  ][gc,heap        ] GC(50)  ParOldGen       total 1805312K, used 1711717K [0x0000000080000000, 0x00000000ee300000, 0x00000000f0000000)
[13.756s][debug  ][gc,heap        ] GC(50)   object space 1805312K, 94% used [0x0000000080000000,0x00000000e87995f0,0x00000000ee300000)
[13.756s][debug  ][gc,heap        ] GC(50)  Metaspace       used 1021K, committed 1216K, reserved 1056768K
[13.756s][debug  ][gc,heap        ] GC(50)   class space    used 83K, committed 192K, reserved 1048576K
[13.756s][debug  ][gc,task,time   ] GC(50) VM-Thread 137360074 137534583 137556820
[13.756s][debug  ][gc,phases,start] GC(51) Pre Compact
[13.756s][debug  ][gc,heap        ] GC(51) Heap before GC invocations=52 (full 9):
[13.756s][debug  ][gc,heap        ] GC(51)  PSYoungGen      total 230912K, used 30720K [0x00000000f0000000, 0x0000000100000000, 0x0000000100000000)
[13.756s][debug  ][gc,heap        ] GC(51)   eden space 199680K, 0% used [0x00000000f0000000,0x00000000f0000000,0x00000000fc300000)
[13.756s][debug  ][gc,heap        ] GC(51)   from space 31232K, 98% used [0x00000000fc300000,0x00000000fe100030,0x00000000fe180000)
[13.756s][debug  ][gc,heap        ] GC(51)   to   space 31232K, 0% used [0x00000000fe180000,0x00000000fe180000,0x0000000100000000)
[13.756s][debug  ][gc,heap        ] GC(51)  ParOldGen       total 1805312K, used 1711717K [0x0000000080000000, 0x00000000ee300000, 0x00000000f0000000)
[13.756s][debug  ][gc,heap        ] GC(51)   object space 1805312K, 94% used [0x0000000080000000,0x00000000e87995f0,0x00000000ee300000)
[13.756s][debug  ][gc,heap        ] GC(51)  Metaspace       used 1021K, committed 1216K, reserved 1056768K
[13.756s][debug  ][gc,heap        ] GC(51)   class space    used 83K, committed 192K, reserved 1048576K
[13.756s][debug  ][gc,phases      ] GC(51) Pre Compact 0.233ms
[13.756s][info   ][gc,start       ] GC(51) Pause Full (Ergonomics)
[13.756s][info   ][gc,phases,start] GC(51) Marking Phase
[13.756s][debug  ][gc,phases,start] GC(51) Par Mark
[13.757s][debug  ][gc,phases      ] GC(51) Par Mark 0.504ms
[13.757s][debug  ][gc,phases,start] GC(51) Reference Processing
[13.757s][debug  ][gc,ref         ] GC(51) Skipped phase 1 of Reference Processing: no references
[13.757s][debug  ][gc,ref         ] GC(51) ReferenceProcessor::execute queues: 1, RefProcThreadModel::Single, marks_oops_alive: false
[13.757s][debug  ][gc,ref         ] GC(51) Skipped phase 3 of Reference Processing: no references
[13.757s][debug  ][gc,ref         ] GC(51) ReferenceProcessor::execute queues: 1, RefProcThreadModel::Single, marks_oops_alive: false
[13.757s][debug  ][gc,phases,ref  ] GC(51) Reference Processing: 0.1ms
[13.757s][debug  ][gc,phases,ref  ] GC(51)   Reconsider SoftReferences: 0.0ms
[13.757s][debug  ][gc,phases,ref  ] GC(51)     SoftRef (ms):                  skipped
[13.757s][debug  ][gc,phases,ref  ] GC(51)   Notify Soft/WeakReferences: 0.0ms
[13.757s][debug  ][gc,phases,ref  ] GC(51)     SoftRef (ms):                  Min:  0.0, Avg:  0.0, Max:  0.0, Diff:  0.0, Sum:  0.0, Workers: 10
[13.757s][debug  ][gc,phases,ref  ] GC(51)     WeakRef (ms):                  Min:  0.0, Avg:  0.0, Max:  0.0, Diff:  0.0, Sum:  0.0, Workers: 10
[13.757s][debug  ][gc,phases,ref  ] GC(51)     FinalRef (ms):                 Min:  0.0, Avg:  0.0, Max:  0.0, Diff:  0.0, Sum:  0.0, Workers: 10
[13.757s][debug  ][gc,phases,ref  ] GC(51)     Total (ms):                    Min:  0.0, Avg:  0.0, Max:  0.0, Diff:  0.0, Sum:  0.0, Workers: 10
[13.757s][debug  ][gc,phases,ref  ] GC(51)   Notify and keep alive finalizable: 0.0ms
[13.757s][debug  ][gc,phases,ref  ] GC(51)     FinalRef (ms):                 skipped
[13.757s][debug  ][gc,phases,ref  ] GC(51)   Notify PhantomReferences: 0.0ms
[13.757s][debug  ][gc,phases,ref  ] GC(51)     PhantomRef (ms):               Min:  0.0, Avg:  0.0, Max:  0.0, Diff:  0.0, Sum:  0.0, Workers: 10
[13.757s][debug  ][gc,phases,ref  ] GC(51)   SoftReference:
[13.757s][debug  ][gc,phases,ref  ] GC(51)     Discovered: 0
[13.757s][debug  ][gc,phases,ref  ] GC(51)     Cleared: 0
[13.757s][debug  ][gc,phases,ref  ] GC(51)   WeakReference:
[13.757s][debug  ][gc,phases,ref  ] GC(51)     Discovered: 92
[13.757s][debug  ][gc,phases,ref  ] GC(51)     Cleared: 92
[13.757s][debug  ][gc,phases,ref  ] GC(51)   FinalReference:
[13.757s][debug  ][gc,phases,ref  ] GC(51)     Discovered: 0
[13.757s][debug  ][gc,phases,ref  ] GC(51)     Cleared: 0
[13.757s][debug  ][gc,phases,ref  ] GC(51)   PhantomReference:
[13.757s][debug  ][gc,phases,ref  ] GC(51)     Discovered: 3
[13.757s][debug  ][gc,phases,ref  ] GC(51)     Cleared: 3
[13.757s][debug  ][gc,phases      ] GC(51) Reference Processing 0.719ms
[13.757s][debug  ][gc,phases,start] GC(51) Weak Processing
[13.757s][debug  ][gc,phases      ] GC(51)   VM Weak                        Min:  0.0, Avg:  0.0, Max:  0.0, Diff:  0.0, Sum:  0.0, Workers: 6
[13.757s][debug  ][gc,phases      ] GC(51)     Dead                           Min: 0, Avg:  0.0, Max: 0, Diff: 0, Sum: 0, Workers: 6
[13.757s][debug  ][gc,phases      ] GC(51)     Total                          Min: 0, Avg:  1.3, Max: 8, Diff: 8, Sum: 8, Workers: 6
[13.757s][debug  ][gc,phases      ] GC(51)   ObjectSynchronizer Weak        Min:  0.0, Avg:  0.0, Max:  0.0, Diff:  0.0, Sum:  0.0, Workers: 6
[13.757s][debug  ][gc,phases      ] GC(51)     Dead                           Min: 0, Avg:  0.0, Max: 0, Diff: 0, Sum: 0, Workers: 6
[13.757s][debug  ][gc,phases      ] GC(51)     Total                          Min: 0, Avg:  0.5, Max: 3, Diff: 3, Sum: 3, Workers: 6
[13.758s][debug  ][gc,phases      ] GC(51)   JVMTI Tag Weak OopStorage      Min:  0.0, Avg:  0.0, Max:  0.0, Diff:  0.0, Sum:  0.0, Workers: 6
[13.758s][debug  ][gc,phases      ] GC(51)     Dead                           Min: 0, Avg:  0.0, Max: 0, Diff: 0, Sum: 0, Workers: 6
[13.758s][debug  ][gc,phases      ] GC(51)     Total                          Min: 0, Avg:  0.0, Max: 0, Diff: 0, Sum: 0, Workers: 6
[13.758s][debug  ][gc,phases      ] GC(51)   StringTable Weak               Min:  0.0, Avg:  0.0, Max:  0.0, Diff:  0.0, Sum:  0.0, Workers: 6
[13.758s][debug  ][gc,phases      ] GC(51)     Dead                           Min: 0, Avg:  0.0, Max: 0, Diff: 0, Sum: 0, Workers: 6
[13.758s][debug  ][gc,phases      ] GC(51)     Total                          Min: 704, Avg: 892.2, Max: 1151, Diff: 447, Sum: 5353, Workers: 6
[13.758s][debug  ][gc,phases      ] GC(51)   ResolvedMethodTable Weak       Min:  0.0, Avg:  0.0, Max:  0.0, Diff:  0.0, Sum:  0.0, Workers: 6
[13.758s][debug  ][gc,phases      ] GC(51)     Dead                           Min: 0, Avg:  0.0, Max: 0, Diff: 0, Sum: 0, Workers: 6
[13.758s][debug  ][gc,phases      ] GC(51)     Total                          Min: 0, Avg: 21.7, Max: 64, Diff: 64, Sum: 130, Workers: 6
[13.758s][debug  ][gc,phases      ] GC(51)   JNI Weak                       Min:  0.0, Avg:  0.0, Max:  0.0, Diff:  0.0, Sum:  0.0, Workers: 6
[13.758s][debug  ][gc,phases      ] GC(51)     Dead                           Min: 0, Avg:  0.0, Max: 0, Diff: 0, Sum: 0, Workers: 6
[13.758s][debug  ][gc,phases      ] GC(51)     Total                          Min: 0, Avg:  0.0, Max: 0, Diff: 0, Sum: 0, Workers: 6
[13.758s][debug  ][gc,phases      ] GC(51)   StringDedup Table Weak         Min:  0.0, Avg:  0.0, Max:  0.0, Diff:  0.0, Sum:  0.0, Workers: 6
[13.758s][debug  ][gc,phases      ] GC(51)     Dead                           Min: 0, Avg:  0.0, Max: 0, Diff: 0, Sum: 0, Workers: 6
[13.758s][debug  ][gc,phases      ] GC(51)     Total                          Min: 0, Avg:  0.0, Max: 0, Diff: 0, Sum: 0, Workers: 6
[13.758s][debug  ][gc,phases      ] GC(51)   StringDedup Requests0 Weak     Min:  0.0, Avg:  0.0, Max:  0.0, Diff:  0.0, Sum:  0.0, Workers: 6
[13.758s][debug  ][gc,phases      ] GC(51)     Dead                           Min: 0, Avg:  0.0, Max: 0, Diff: 0, Sum: 0, Workers: 6
[13.758s][debug  ][gc,phases      ] GC(51)     Total                          Min: 0, Avg:  0.0, Max: 0, Diff: 0, Sum: 0, Workers: 6
[13.758s][debug  ][gc,phases      ] GC(51)   StringDedup Requests1 Weak     Min:  0.0, Avg:  0.0, Max:  0.0, Diff:  0.0, Sum:  0.0, Workers: 6
[13.758s][debug  ][gc,phases      ] GC(51)     Dead                           Min: 0, Avg:  0.0, Max: 0, Diff: 0, Sum: 0, Workers: 6
[13.758s][debug  ][gc,phases      ] GC(51)     Total                          Min: 0, Avg:  0.0, Max: 0, Diff: 0, Sum: 0, Workers: 6
[13.758s][debug  ][gc,phases      ] GC(51)   Weak JFR Old Object Samples    Min:  0.0, Avg:  0.0, Max:  0.0, Diff:  0.0, Sum:  0.0, Workers: 6
[13.758s][debug  ][gc,phases      ] GC(51)     Dead                           Min: 0, Avg:  0.0, Max: 0, Diff: 0, Sum: 0, Workers: 6
[13.758s][debug  ][gc,phases      ] GC(51)     Total                          Min: 0, Avg:  0.0, Max: 0, Diff: 0, Sum: 0, Workers: 6
[13.758s][debug  ][gc,phases      ] GC(51) Weak Processing 0.719ms
[13.758s][debug  ][gc,phases,start] GC(51) Class Unloading
[13.758s][debug  ][gc,phases,start] GC(51) ClassLoaderData
[13.758s][debug  ][gc,phases      ] GC(51) ClassLoaderData 0.022ms
[13.758s][debug  ][gc,phases,start] GC(51) Trigger cleanups
[13.758s][debug  ][gc,phases      ] GC(51) Trigger cleanups 0.021ms
[13.758s][debug  ][gc,phases      ] GC(51) Class Unloading 0.256ms
[13.758s][info   ][gc,phases      ] GC(51) Marking Phase 2.341ms
[13.758s][info   ][gc,phases,start] GC(51) Summary Phase
[13.758s][info   ][gc,phases      ] GC(51) Summary Phase 0.042ms
[13.758s][info   ][gc,phases,start] GC(51) Adjust Roots
[13.759s][info   ][gc,phases      ] GC(51) Adjust Roots 0.138ms
[13.759s][info   ][gc,phases,start] GC(51) Compaction Phase
[13.855s][info   ][gc,phases      ] GC(51) Compaction Phase 95.925ms
[13.855s][info   ][gc,phases,start] GC(51) Post Compact
[13.861s][info   ][gc,phases      ] GC(51) Post Compact 6.582ms
[13.861s][debug  ][gc,ergo        ] GC(51) AdaptiveSizeStart: collection: 52 
[13.861s][debug  ][gc,ergo        ] GC(51) PSAdaptiveSizePolicy::compute_eden_space_size limits: desired_eden_size: 229648972 old_eden_size: 204472320 eden_limit: 204472320 cur_eden: 204472320 max_eden_size: 204472320 avg_young_live: 25008272
[13.861s][debug  ][gc,ergo        ] GC(51) PSAdaptiveSizePolicy::compute_eden_space_size: costs minor_time: 0.051260 major_cost: 0.040541 mutator_cost: 0.908199 throughput_goal: 0.990000
[13.861s][debug  ][gc,ergo        ] GC(51) Live_space: 877019776 free_space: 1059061760
[13.862s][debug  ][gc,ergo        ] GC(51) Old eden_size: 204472320 desired_eden_size: 204472320
[13.862s][debug  ][gc,ergo        ] GC(51) PSAdaptiveSizePolicy::compute_old_gen_free_space: costs minor_time: 0.051260 major_cost: 0.040541  mutator_cost: 0.908199 throughput_goal: 0.990000
[13.862s][debug  ][gc,ergo        ] GC(51) Live_space: 909899136 free_space: 1059061760
[13.862s][debug  ][gc,ergo        ] GC(51) Old promo_size: 854589440 desired_promo_size: 949485568
[13.862s][debug  ][gc             ] GC(51) Expanding ParOldGen from 1805312K by 29696K to 1835008K
[13.862s][debug  ][gc,ergo        ] GC(51) AdaptiveSizeStop: collection: 52 
[13.862s][info   ][gc,heap        ] GC(51) PSYoungGen: 30720K(230912K)->0K(230912K) Eden: 0K(199680K)->0K(199680K) From: 30720K(31232K)->0K(31232K)
[13.862s][info   ][gc,heap        ] GC(51) ParOldGen: 1711717K(1805312K)->861796K(1835008K)
[13.862s][info   ][gc,metaspace   ] GC(51) Metaspace: 1021K(1216K)->1021K(1216K) NonClass: 937K(1024K)->937K(1024K) Class: 83K(192K)->83K(192K)
[13.862s][info   ][gc             ] GC(51) Pause Full (Ergonomics) 1701M->841M(2017M) 105.849ms
[13.862s][info   ][gc,cpu         ] GC(51) User=0.81s Sys=0.02s Real=0.11s
[13.862s][debug  ][gc,heap        ] GC(51) Heap after GC invocations=52 (full 9):
[13.862s][debug  ][gc,heap        ] GC(51)  PSYoungGen      total 230912K, used 0K [0x00000000f0000000, 0x0000000100000000, 0x0000000100000000)
[13.862s][debug  ][gc,heap        ] GC(51)   eden space 199680K, 0% used [0x00000000f0000000,0x00000000f0000000,0x00000000fc300000)
[13.862s][debug  ][gc,heap        ] GC(51)   from space 31232K, 0% used [0x00000000fe180000,0x00000000fe180000,0x0000000100000000)
[13.862s][debug  ][gc,heap        ] GC(51)   to   space 31232K, 0% used [0x00000000fc300000,0x00000000fc300000,0x00000000fe180000)
[13.862s][debug  ][gc,heap        ] GC(51)  ParOldGen       total 1835008K, used 861796K [0x0000000080000000, 0x00000000f0000000, 0x00000000f0000000)
[13.862s][debug  ][gc,heap        ] GC(51)   object space 1835008K, 46% used [0x0000000080000000,0x00000000b49990c0,0x00000000f0000000)
[13.862s][debug  ][gc,heap        ] GC(51)  Metaspace       used 1021K, committed 1216K, reserved 1056768K
[13.862s][debug  ][gc,heap        ] GC(51)   class space    used 83K, committed 192K, reserved 1048576K
[13.862s][debug  ][gc,task,time   ] GC(51) VM-Thread 137560067 137586250 138618736
[14.162s][debug  ][gc,heap        ] GC(52) Heap before GC invocations=53 (full 9):
[14.162s][debug  ][gc,heap        ] GC(52)  PSYoungGen      total 230912K, used 198466K [0x00000000f0000000, 0x0000000100000000, 0x0000000100000000)
[14.162s][debug  ][gc,heap        ] GC(52)   eden space 199680K, 99% used [0x00000000f0000000,0x00000000fc1d0910,0x00000000fc300000)
[14.162s][debug  ][gc,heap        ] GC(52)   from space 31232K, 0% used [0x00000000fe180000,0x00000000fe180000,0x0000000100000000)
[14.162s][debug  ][gc,heap        ] GC(52)   to   space 31232K, 0% used [0x00000000fc300000,0x00000000fc300000,0x00000000fe180000)
[14.162s][debug  ][gc,heap        ] GC(52)  ParOldGen       total 1835008K, used 861796K [0x0000000080000000, 0x00000000f0000000, 0x00000000f0000000)
[14.162s][debug  ][gc,heap        ] GC(52)   object space 1835008K, 46% used [0x0000000080000000,0x00000000b49990c0,0x00000000f0000000)
[14.162s][debug  ][gc,heap        ] GC(52)  Metaspace       used 1021K, committed 1216K, reserved 1056768K
[14.162s][debug  ][gc,heap        ] GC(52)   class space    used 83K, committed 192K, reserved 1048576K
[14.163s][debug  ][gc,tlab        ] GC(52) TLAB totals: thrds: 1  refills: 1 max: 1 slow allocs: 18 max 18 waste: 27.6% gc: 3998544B max: 3998544B slow: 0B max: 0B
[14.163s][info   ][gc,start       ] GC(52) Pause Young (Allocation Failure)
[14.163s][debug  ][gc,phases,start] GC(52) Scavenge
[14.166s][debug  ][gc,phases      ] GC(52) Scavenge 3.864ms
[14.167s][debug  ][gc,phases,start] GC(52) Reference Processing
[14.167s][debug  ][gc,ref         ] GC(52) Skipped phase 1 of Reference Processing: no references
[14.167s][debug  ][gc,ref         ] GC(52) Skipped phase 2 of Reference Processing: no references
[14.167s][debug  ][gc,ref         ] GC(52) Skipped phase 3 of Reference Processing: no references
[14.167s][debug  ][gc,ref         ] GC(52) Skipped phase 4 of Reference Processing: no references
[14.167s][debug  ][gc,phases,ref  ] GC(52) Reference Processing: 0.1ms
[14.167s][debug  ][gc,phases,ref  ] GC(52)   Reconsider SoftReferences: 0.0ms
[14.167s][debug  ][gc,phases,ref  ] GC(52)     SoftRef (ms):                  skipped
[14.167s][debug  ][gc,phases,ref  ] GC(52)   Notify Soft/WeakReferences: 0.0ms
[14.167s][debug  ][gc,phases,ref  ] GC(52)     SoftRef (ms):                  skipped
[14.167s][debug  ][gc,phases,ref  ] GC(52)     WeakRef (ms):                  skipped
[14.167s][debug  ][gc,phases,ref  ] GC(52)     FinalRef (ms):                 skipped
[14.167s][debug  ][gc,phases,ref  ] GC(52)     Total (ms):                    skipped
[14.167s][debug  ][gc,phases,ref  ] GC(52)   Notify and keep alive finalizable: 0.0ms
[14.167s][debug  ][gc,phases,ref  ] GC(52)     FinalRef (ms):                 skipped
[14.167s][debug  ][gc,phases,ref  ] GC(52)   Notify PhantomReferences: 0.0ms
[14.167s][debug  ][gc,phases,ref  ] GC(52)     PhantomRef (ms):               skipped
[14.167s][debug  ][gc,phases,ref  ] GC(52)   SoftReference:
[14.167s][debug  ][gc,phases,ref  ] GC(52)     Discovered: 0
[14.167s][debug  ][gc,phases,ref  ] GC(52)     Cleared: 0
[14.167s][debug  ][gc,phases,ref  ] GC(52)   WeakReference:
[14.167s][debug  ][gc,phases,ref  ] GC(52)     Discovered: 0
[14.167s][debug  ][gc,phases,ref  ] GC(52)     Cleared: 0
[14.167s][debug  ][gc,phases,ref  ] GC(52)   FinalReference:
[14.167s][debug  ][gc,phases,ref  ] GC(52)     Discovered: 0
[14.167s][debug  ][gc,phases,ref  ] GC(52)     Cleared: 0
[14.167s][debug  ][gc,phases,ref  ] GC(52)   PhantomReference:
[14.167s][debug  ][gc,phases,ref  ] GC(52)     Discovered: 0
[14.167s][debug  ][gc,phases,ref  ] GC(52)     Cleared: 0
[14.167s][debug  ][gc,phases      ] GC(52) Reference Processing 0.779ms
[14.167s][debug  ][gc,phases,start] GC(52) Weak Processing
[14.167s][debug  ][gc,phases      ] GC(52)   VM Weak                        Min:  0.0, Avg:  0.0, Max:  0.0, Diff:  0.0, Sum:  0.0, Workers: 6
[14.167s][debug  ][gc,phases      ] GC(52)     Dead                           Min: 0, Avg:  0.0, Max: 0, Diff: 0, Sum: 0, Workers: 6
[14.167s][debug  ][gc,phases      ] GC(52)     Total                          Min: 0, Avg:  1.3, Max: 8, Diff: 8, Sum: 8, Workers: 6
[14.168s][debug  ][gc,phases      ] GC(52)   ObjectSynchronizer Weak        Min:  0.0, Avg:  0.0, Max:  0.0, Diff:  0.0, Sum:  0.0, Workers: 6
[14.168s][debug  ][gc,phases      ] GC(52)     Dead                           Min: 0, Avg:  0.0, Max: 0, Diff: 0, Sum: 0, Workers: 6
[14.168s][debug  ][gc,phases      ] GC(52)     Total                          Min: 0, Avg:  0.5, Max: 3, Diff: 3, Sum: 3, Workers: 6
[14.168s][debug  ][gc,phases      ] GC(52)   JVMTI Tag Weak OopStorage      Min:  0.0, Avg:  0.0, Max:  0.0, Diff:  0.0, Sum:  0.0, Workers: 6
[14.168s][debug  ][gc,phases      ] GC(52)     Dead                           Min: 0, Avg:  0.0, Max: 0, Diff: 0, Sum: 0, Workers: 6
[14.168s][debug  ][gc,phases      ] GC(52)     Total                          Min: 0, Avg:  0.0, Max: 0, Diff: 0, Sum: 0, Workers: 6
[14.168s][debug  ][gc,phases      ] GC(52)   StringTable Weak               Min:  0.0, Avg:  0.0, Max:  0.0, Diff:  0.0, Sum:  0.0, Workers: 6
[14.168s][debug  ][gc,phases      ] GC(52)     Dead                           Min: 0, Avg:  0.0, Max: 0, Diff: 0, Sum: 0, Workers: 6
[14.168s][debug  ][gc,phases      ] GC(52)     Total                          Min: 640, Avg: 892.2, Max: 1216, Diff: 576, Sum: 5353, Workers: 6
[14.168s][debug  ][gc,phases      ] GC(52)   ResolvedMethodTable Weak       Min:  0.0, Avg:  0.0, Max:  0.0, Diff:  0.0, Sum:  0.0, Workers: 6
[14.168s][debug  ][gc,phases      ] GC(52)     Dead                           Min: 0, Avg:  0.0, Max: 0, Diff: 0, Sum: 0, Workers: 6
[14.168s][debug  ][gc,phases      ] GC(52)     Total                          Min: 0, Avg: 21.7, Max: 64, Diff: 64, Sum: 130, Workers: 6
[14.168s][debug  ][gc,phases      ] GC(52)   JNI Weak                       Min:  0.0, Avg:  0.0, Max:  0.0, Diff:  0.0, Sum:  0.0, Workers: 6
[14.168s][debug  ][gc,phases      ] GC(52)     Dead                           Min: 0, Avg:  0.0, Max: 0, Diff: 0, Sum: 0, Workers: 6
[14.168s][debug  ][gc,phases      ] GC(52)     Total                          Min: 0, Avg:  0.0, Max: 0, Diff: 0, Sum: 0, Workers: 6
[14.168s][debug  ][gc,phases      ] GC(52)   StringDedup Table Weak         Min:  0.0, Avg:  0.0, Max:  0.0, Diff:  0.0, Sum:  0.0, Workers: 6
[14.168s][debug  ][gc,phases      ] GC(52)     Dead                           Min: 0, Avg:  0.0, Max: 0, Diff: 0, Sum: 0, Workers: 6
[14.168s][debug  ][gc,phases      ] GC(52)     Total                          Min: 0, Avg:  0.0, Max: 0, Diff: 0, Sum: 0, Workers: 6
[14.168s][debug  ][gc,phases      ] GC(52)   StringDedup Requests0 Weak     Min:  0.0, Avg:  0.0, Max:  0.0, Diff:  0.0, Sum:  0.0, Workers: 6
[14.168s][debug  ][gc,phases      ] GC(52)     Dead                           Min: 0, Avg:  0.0, Max: 0, Diff: 0, Sum: 0, Workers: 6
[14.168s][debug  ][gc,phases      ] GC(52)     Total                          Min: 0, Avg:  0.0, Max: 0, Diff: 0, Sum: 0, Workers: 6
[14.168s][debug  ][gc,phases      ] GC(52)   StringDedup Requests1 Weak     Min:  0.0, Avg:  0.0, Max:  0.0, Diff:  0.0, Sum:  0.0, Workers: 6
[14.168s][debug  ][gc,phases      ] GC(52)     Dead                           Min: 0, Avg:  0.0, Max: 0, Diff: 0, Sum: 0, Workers: 6
[14.168s][debug  ][gc,phases      ] GC(52)     Total                          Min: 0, Avg:  0.0, Max: 0, Diff: 0, Sum: 0, Workers: 6
[14.168s][debug  ][gc,phases      ] GC(52)   Weak JFR Old Object Samples    Min:  0.0, Avg:  0.0, Max:  0.0, Diff:  0.0, Sum:  0.0, Workers: 6
[14.168s][debug  ][gc,phases      ] GC(52)     Dead                           Min: 0, Avg:  0.0, Max: 0, Diff: 0, Sum: 0, Workers: 6
[14.168s][debug  ][gc,phases      ] GC(52)     Total                          Min: 0, Avg:  0.0, Max: 0, Diff: 0, Sum: 0, Workers: 6
[14.168s][debug  ][gc,phases      ] GC(52) Weak Processing 0.762ms
[14.168s][debug  ][gc,ergo        ] GC(52) AdaptiveSizeStart:  collection: 53 
[14.168s][debug  ][gc,ergo        ] GC(52) avg_survived_padded_avg: 31797318.000000
[14.168s][debug  ][gc,ergo        ] GC(52) avg_promoted_padded_avg: 255631264.000000  avg_pretenured_padded_avg: 0.000000  tenuring_thresh: 1  target_size: 31981568
[14.168s][debug  ][gc,age         ] GC(52) Desired survivor size 31981568 bytes, new threshold 1 (max threshold 15)
[14.168s][debug  ][gc,ergo        ] GC(52) PSAdaptiveSizePolicy::compute_eden_space_size limits: desired_eden_size: 227359268 old_eden_size: 204472320 eden_limit: 204472320 cur_eden: 204472320 max_eden_size: 204472320 avg_young_live: 25653178
[14.168s][debug  ][gc,ergo        ] GC(52) PSAdaptiveSizePolicy::compute_eden_space_size: costs minor_time: 0.041792 major_cost: 0.040541 mutator_cost: 0.917666 throughput_goal: 0.990000
[14.168s][debug  ][gc,ergo        ] GC(52) Live_space: 910544064 free_space: 1153957888
[14.168s][debug  ][gc,ergo        ] GC(52) Old eden_size: 204472320 desired_eden_size: 204472320
[14.168s][debug  ][gc,ergo        ] GC(52) AdaptiveSizeStop: collection: 53 
[14.168s][info   ][gc,heap        ] GC(52) PSYoungGen: 198466K(230912K)->30720K(230912K) Eden: 198466K(199680K)->0K(199680K) From: 0K(31232K)->30720K(31232K)
[14.168s][info   ][gc,heap        ] GC(52) ParOldGen: 861796K(1835008K)->861796K(1835008K)
[14.168s][info   ][gc,metaspace   ] GC(52) Metaspace: 1021K(1216K)->1021K(1216K) NonClass: 937K(1024K)->937K(1024K) Class: 83K(192K)->83K(192K)
[14.168s][info   ][gc             ] GC(52) Pause Young (Allocation Failure) 1035M->871M(2017M) 5.934ms
[14.169s][info   ][gc,cpu         ] GC(52) User=0.00s Sys=0.00s Real=0.01s
[14.169s][debug  ][gc,heap        ] GC(52) Heap after GC invocations=53 (full 9):
[14.169s][debug  ][gc,heap        ] GC(52)  PSYoungGen      total 230912K, used 30720K [0x00000000f0000000, 0x0000000100000000, 0x0000000100000000)
[14.169s][debug  ][gc,heap        ] GC(52)   eden space 199680K, 0% used [0x00000000f0000000,0x00000000f0000000,0x00000000fc300000)
[14.169s][debug  ][gc,heap        ] GC(52)   from space 31232K, 98% used [0x00000000fc300000,0x00000000fe100030,0x00000000fe180000)
[14.169s][debug  ][gc,heap        ] GC(52)   to   space 31232K, 0% used [0x00000000fe180000,0x00000000fe180000,0x0000000100000000)
[14.169s][debug  ][gc,heap        ] GC(52)  ParOldGen       total 1835008K, used 861796K [0x0000000080000000, 0x00000000f0000000, 0x00000000f0000000)
[14.169s][debug  ][gc,heap        ] GC(52)   object space 1835008K, 46% used [0x0000000080000000,0x00000000b49990c0,0x00000000f0000000)
[14.169s][debug  ][gc,heap        ] GC(52)  Metaspace       used 1021K, committed 1216K, reserved 1056768K
[14.169s][debug  ][gc,heap        ] GC(52)   class space    used 83K, committed 192K, reserved 1048576K
[14.169s][debug  ][gc,task,time   ] GC(52) VM-Thread 141620976 141665446 141687476
[14.482s][debug  ][gc,heap        ] GC(53) Heap before GC invocations=54 (full 9):
[14.482s][debug  ][gc,heap        ] GC(53)  PSYoungGen      total 230912K, used 229117K [0x00000000f0000000, 0x0000000100000000, 0x0000000100000000)
[14.482s][debug  ][gc,heap        ] GC(53)   eden space 199680K, 99% used [0x00000000f0000000,0x00000000fc1bf540,0x00000000fc300000)
[14.482s][debug  ][gc,heap        ] GC(53)   from space 31232K, 98% used [0x00000000fc300000,0x00000000fe100030,0x00000000fe180000)
[14.482s][debug  ][gc,heap        ] GC(53)   to   space 31232K, 0% used [0x00000000fe180000,0x00000000fe180000,0x0000000100000000)
[14.482s][debug  ][gc,heap        ] GC(53)  ParOldGen       total 1835008K, used 861796K [0x0000000080000000, 0x00000000f0000000, 0x00000000f0000000)
[14.482s][debug  ][gc,heap        ] GC(53)   object space 1835008K, 46% used [0x0000000080000000,0x00000000b49990c0,0x00000000f0000000)
[14.482s][debug  ][gc,heap        ] GC(53)  Metaspace       used 1021K, committed 1216K, reserved 1056768K
[14.482s][debug  ][gc,heap        ] GC(53)   class space    used 83K, committed 192K, reserved 1048576K
[14.482s][debug  ][gc,tlab        ] GC(53) TLAB totals: thrds: 1  refills: 1 max: 1 slow allocs: 18 max 18 waste: 27.3% gc: 3929104B max: 3929104B slow: 0B max: 0B
[14.482s][info   ][gc,start       ] GC(53) Pause Young (Allocation Failure)
[14.483s][debug  ][gc,phases,start] GC(53) Scavenge
[14.498s][debug  ][gc,phases      ] GC(53) Scavenge 15.805ms
[14.498s][debug  ][gc,phases,start] GC(53) Reference Processing
[14.498s][debug  ][gc,ref         ] GC(53) Skipped phase 1 of Reference Processing: no references
[14.498s][debug  ][gc,ref         ] GC(53) Skipped phase 2 of Reference Processing: no references
[14.499s][debug  ][gc,ref         ] GC(53) Skipped phase 3 of Reference Processing: no references
[14.499s][debug  ][gc,ref         ] GC(53) Skipped phase 4 of Reference Processing: no references
[14.499s][debug  ][gc,phases,ref  ] GC(53) Reference Processing: 0.2ms
[14.499s][debug  ][gc,phases,ref  ] GC(53)   Reconsider SoftReferences: 0.0ms
[14.499s][debug  ][gc,phases,ref  ] GC(53)     SoftRef (ms):                  skipped
[14.499s][debug  ][gc,phases,ref  ] GC(53)   Notify Soft/WeakReferences: 0.0ms
[14.499s][debug  ][gc,phases,ref  ] GC(53)     SoftRef (ms):                  skipped
[14.499s][debug  ][gc,phases,ref  ] GC(53)     WeakRef (ms):                  skipped
[14.499s][debug  ][gc,phases,ref  ] GC(53)     FinalRef (ms):                 skipped
[14.499s][debug  ][gc,phases,ref  ] GC(53)     Total (ms):                    skipped
[14.499s][debug  ][gc,phases,ref  ] GC(53)   Notify and keep alive finalizable: 0.1ms
[14.499s][debug  ][gc,phases,ref  ] GC(53)     FinalRef (ms):                 skipped
[14.499s][debug  ][gc,phases,ref  ] GC(53)   Notify PhantomReferences: 0.0ms
[14.499s][debug  ][gc,phases,ref  ] GC(53)     PhantomRef (ms):               skipped
[14.499s][debug  ][gc,phases,ref  ] GC(53)   SoftReference:
[14.499s][debug  ][gc,phases,ref  ] GC(53)     Discovered: 0
[14.499s][debug  ][gc,phases,ref  ] GC(53)     Cleared: 0
[14.499s][debug  ][gc,phases,ref  ] GC(53)   WeakReference:
[14.499s][debug  ][gc,phases,ref  ] GC(53)     Discovered: 0
[14.499s][debug  ][gc,phases,ref  ] GC(53)     Cleared: 0
[14.499s][debug  ][gc,phases,ref  ] GC(53)   FinalReference:
[14.499s][debug  ][gc,phases,ref  ] GC(53)     Discovered: 0
[14.499s][debug  ][gc,phases,ref  ] GC(53)     Cleared: 0
[14.499s][debug  ][gc,phases,ref  ] GC(53)   PhantomReference:
[14.499s][debug  ][gc,phases,ref  ] GC(53)     Discovered: 0
[14.499s][debug  ][gc,phases,ref  ] GC(53)     Cleared: 0
[14.499s][debug  ][gc,phases      ] GC(53) Reference Processing 0.742ms
[14.499s][debug  ][gc,phases,start] GC(53) Weak Processing
[14.499s][debug  ][gc,phases      ] GC(53)   VM Weak                        Min:  0.0, Avg:  0.0, Max:  0.0, Diff:  0.0, Sum:  0.0, Workers: 6
[14.499s][debug  ][gc,phases      ] GC(53)     Dead                           Min: 0, Avg:  0.0, Max: 0, Diff: 0, Sum: 0, Workers: 6
[14.499s][debug  ][gc,phases      ] GC(53)     Total                          Min: 0, Avg:  1.3, Max: 8, Diff: 8, Sum: 8, Workers: 6
[14.499s][debug  ][gc,phases      ] GC(53)   ObjectSynchronizer Weak        Min:  0.0, Avg:  0.0, Max:  0.0, Diff:  0.0, Sum:  0.0, Workers: 6
[14.499s][debug  ][gc,phases      ] GC(53)     Dead                           Min: 0, Avg:  0.0, Max: 0, Diff: 0, Sum: 0, Workers: 6
[14.499s][debug  ][gc,phases      ] GC(53)     Total                          Min: 0, Avg:  0.5, Max: 3, Diff: 3, Sum: 3, Workers: 6
[14.499s][debug  ][gc,phases      ] GC(53)   JVMTI Tag Weak OopStorage      Min:  0.0, Avg:  0.0, Max:  0.0, Diff:  0.0, Sum:  0.0, Workers: 6
[14.499s][debug  ][gc,phases      ] GC(53)     Dead                           Min: 0, Avg:  0.0, Max: 0, Diff: 0, Sum: 0, Workers: 6
[14.499s][debug  ][gc,phases      ] GC(53)     Total                          Min: 0, Avg:  0.0, Max: 0, Diff: 0, Sum: 0, Workers: 6
[14.499s][debug  ][gc,phases      ] GC(53)   StringTable Weak               Min:  0.0, Avg:  0.0, Max:  0.0, Diff:  0.0, Sum:  0.0, Workers: 6
[14.500s][debug  ][gc,phases      ] GC(53)     Dead                           Min: 0, Avg:  0.0, Max: 0, Diff: 0, Sum: 0, Workers: 6
[14.500s][debug  ][gc,phases      ] GC(53)     Total                          Min: 682, Avg: 892.2, Max: 1088, Diff: 406, Sum: 5353, Workers: 6
[14.500s][debug  ][gc,phases      ] GC(53)   ResolvedMethodTable Weak       Min:  0.0, Avg:  0.0, Max:  0.0, Diff:  0.0, Sum:  0.0, Workers: 6
[14.500s][debug  ][gc,phases      ] GC(53)     Dead                           Min: 0, Avg:  0.0, Max: 0, Diff: 0, Sum: 0, Workers: 6
[14.500s][debug  ][gc,phases      ] GC(53)     Total                          Min: 0, Avg: 21.7, Max: 64, Diff: 64, Sum: 130, Workers: 6
[14.500s][debug  ][gc,phases      ] GC(53)   JNI Weak                       Min:  0.0, Avg:  0.0, Max:  0.0, Diff:  0.0, Sum:  0.0, Workers: 6
[14.500s][debug  ][gc,phases      ] GC(53)     Dead                           Min: 0, Avg:  0.0, Max: 0, Diff: 0, Sum: 0, Workers: 6
[14.500s][debug  ][gc,phases      ] GC(53)     Total                          Min: 0, Avg:  0.0, Max: 0, Diff: 0, Sum: 0, Workers: 6
[14.500s][debug  ][gc,phases      ] GC(53)   StringDedup Table Weak         Min:  0.0, Avg:  0.0, Max:  0.0, Diff:  0.0, Sum:  0.0, Workers: 6
[14.500s][debug  ][gc,phases      ] GC(53)     Dead                           Min: 0, Avg:  0.0, Max: 0, Diff: 0, Sum: 0, Workers: 6
[14.500s][debug  ][gc,phases      ] GC(53)     Total                          Min: 0, Avg:  0.0, Max: 0, Diff: 0, Sum: 0, Workers: 6
[14.500s][debug  ][gc,phases      ] GC(53)   StringDedup Requests0 Weak     Min:  0.0, Avg:  0.0, Max:  0.0, Diff:  0.0, Sum:  0.0, Workers: 6
[14.500s][debug  ][gc,phases      ] GC(53)     Dead                           Min: 0, Avg:  0.0, Max: 0, Diff: 0, Sum: 0, Workers: 6
[14.500s][debug  ][gc,phases      ] GC(53)     Total                          Min: 0, Avg:  0.0, Max: 0, Diff: 0, Sum: 0, Workers: 6
[14.500s][debug  ][gc,phases      ] GC(53)   StringDedup Requests1 Weak     Min:  0.0, Avg:  0.0, Max:  0.0, Diff:  0.0, Sum:  0.0, Workers: 6
[14.500s][debug  ][gc,phases      ] GC(53)     Dead                           Min: 0, Avg:  0.0, Max: 0, Diff: 0, Sum: 0, Workers: 6
[14.500s][debug  ][gc,phases      ] GC(53)     Total                          Min: 0, Avg:  0.0, Max: 0, Diff: 0, Sum: 0, Workers: 6
[14.500s][debug  ][gc,phases      ] GC(53)   Weak JFR Old Object Samples    Min:  0.0, Avg:  0.0, Max:  0.0, Diff:  0.0, Sum:  0.0, Workers: 6
[14.500s][debug  ][gc,phases      ] GC(53)     Dead                           Min: 0, Avg:  0.0, Max: 0, Diff: 0, Sum: 0, Workers: 6
[14.500s][debug  ][gc,phases      ] GC(53)     Total                          Min: 0, Avg:  0.0, Max: 0, Diff: 0, Sum: 0, Workers: 6
[14.500s][debug  ][gc,phases      ] GC(53) Weak Processing 0.803ms
[14.500s][debug  ][gc,ergo        ] GC(53) AdaptiveSizeStart:  collection: 54 
[14.500s][debug  ][gc,ergo        ] GC(53) avg_survived_padded_avg: 31770628.000000
[14.500s][debug  ][gc,ergo        ] GC(53) avg_promoted_padded_avg: 262042512.000000  avg_pretenured_padded_avg: 0.000000  tenuring_thresh: 1  target_size: 31981568
[14.500s][debug  ][gc,age         ] GC(53) Desired survivor size 31981568 bytes, new threshold 1 (max threshold 15)
[14.500s][debug  ][gc,ergo        ] GC(53) PSAdaptiveSizePolicy::compute_eden_space_size limits: desired_eden_size: 228069601 old_eden_size: 204472320 eden_limit: 204472320 cur_eden: 204472320 max_eden_size: 204472320 avg_young_live: 26233592
[14.500s][debug  ][gc,ergo        ] GC(53) PSAdaptiveSizePolicy::compute_eden_space_size: costs minor_time: 0.044514 major_cost: 0.040541 mutator_cost: 0.914945 throughput_goal: 0.990000
[14.500s][debug  ][gc,ergo        ] GC(53) Live_space: 911124480 free_space: 1153957888
[14.500s][debug  ][gc,ergo        ] GC(53) Old eden_size: 204472320 desired_eden_size: 204472320
[14.500s][debug  ][gc,ergo        ] GC(53) AdaptiveSizeStop: collection: 54 
[14.500s][info   ][gc,heap        ] GC(53) PSYoungGen: 229117K(230912K)->30720K(230912K) Eden: 198397K(199680K)->0K(199680K) From: 30720K(31232K)->30720K(31232K)
[14.500s][info   ][gc,heap        ] GC(53) ParOldGen: 861796K(1835008K)->1056356K(1835008K)
[14.500s][info   ][gc,metaspace   ] GC(53) Metaspace: 1021K(1216K)->1021K(1216K) NonClass: 937K(1024K)->937K(1024K) Class: 83K(192K)->83K(192K)
[14.500s][info   ][gc             ] GC(53) Pause Young (Allocation Failure) 1065M->1061M(2017M) 17.821ms
[14.500s][info   ][gc,cpu         ] GC(53) User=0.16s Sys=0.00s Real=0.02s
[14.500s][debug  ][gc,heap        ] GC(53) Heap after GC invocations=54 (full 9):
[14.500s][debug  ][gc,heap        ] GC(53)  PSYoungGen      total 230912K, used 30720K [0x00000000f0000000, 0x0000000100000000, 0x0000000100000000)
[14.500s][debug  ][gc,heap        ] GC(53)   eden space 199680K, 0% used [0x00000000f0000000,0x00000000f0000000,0x00000000fc300000)
[14.500s][debug  ][gc,heap        ] GC(53)   from space 31232K, 98% used [0x00000000fe180000,0x00000000fff80030,0x0000000100000000)
[14.500s][debug  ][gc,heap        ] GC(53)   to   space 31232K, 0% used [0x00000000fc300000,0x00000000fc300000,0x00000000fe180000)
[14.501s][debug  ][gc,heap        ] GC(53)  ParOldGen       total 1835008K, used 1056356K [0x0000000080000000, 0x00000000f0000000, 0x00000000f0000000)
[14.501s][debug  ][gc,heap        ] GC(53)   object space 1835008K, 57% used [0x0000000080000000,0x00000000c07991f0,0x00000000f0000000)
[14.501s][debug  ][gc,heap        ] GC(53)  Metaspace       used 1021K, committed 1216K, reserved 1056768K
[14.501s][debug  ][gc,heap        ] GC(53)   class space    used 83K, committed 192K, reserved 1048576K
[14.501s][debug  ][gc,task,time   ] GC(53) VM-Thread 144820511 144984229 145006007
[14.798s][debug  ][gc,heap        ] GC(54) Heap before GC invocations=55 (full 9):
[14.798s][debug  ][gc,heap        ] GC(54)  PSYoungGen      total 230912K, used 229145K [0x00000000f0000000, 0x0000000100000000, 0x0000000100000000)
[14.798s][debug  ][gc,heap        ] GC(54)   eden space 199680K, 99% used [0x00000000f0000000,0x00000000fc1c6458,0x00000000fc300000)
[14.798s][debug  ][gc,heap        ] GC(54)   from space 31232K, 98% used [0x00000000fe180000,0x00000000fff80030,0x0000000100000000)
[14.798s][debug  ][gc,heap        ] GC(54)   to   space 31232K, 0% used [0x00000000fc300000,0x00000000fc300000,0x00000000fe180000)
[14.798s][debug  ][gc,heap        ] GC(54)  ParOldGen       total 1835008K, used 1056356K [0x0000000080000000, 0x00000000f0000000, 0x00000000f0000000)
[14.798s][debug  ][gc,heap        ] GC(54)   object space 1835008K, 57% used [0x0000000080000000,0x00000000c07991f0,0x00000000f0000000)
[14.799s][debug  ][gc,heap        ] GC(54)  Metaspace       used 1021K, committed 1216K, reserved 1056768K
[14.799s][debug  ][gc,heap        ] GC(54)   class space    used 83K, committed 192K, reserved 1048576K
[14.799s][debug  ][gc,tlab        ] GC(54) TLAB totals: thrds: 1  refills: 1 max: 1 slow allocs: 18 max 18 waste: 27.4% gc: 3957544B max: 3957544B slow: 0B max: 0B
[14.799s][info   ][gc,start       ] GC(54) Pause Young (Allocation Failure)
[14.799s][debug  ][gc,phases,start] GC(54) Scavenge
[14.814s][debug  ][gc,phases      ] GC(54) Scavenge 15.669ms
[14.814s][debug  ][gc,phases,start] GC(54) Reference Processing
[14.815s][debug  ][gc,ref         ] GC(54) Skipped phase 1 of Reference Processing: no references
[14.815s][debug  ][gc,ref         ] GC(54) Skipped phase 2 of Reference Processing: no references
[14.815s][debug  ][gc,ref         ] GC(54) Skipped phase 3 of Reference Processing: no references
[14.815s][debug  ][gc,ref         ] GC(54) Skipped phase 4 of Reference Processing: no references
[14.815s][debug  ][gc,phases,ref  ] GC(54) Reference Processing: 0.1ms
[14.815s][debug  ][gc,phases,ref  ] GC(54)   Reconsider SoftReferences: 0.0ms
[14.815s][debug  ][gc,phases,ref  ] GC(54)     SoftRef (ms):                  skipped
[14.815s][debug  ][gc,phases,ref  ] GC(54)   Notify Soft/WeakReferences: 0.0ms
[14.815s][debug  ][gc,phases,ref  ] GC(54)     SoftRef (ms):                  skipped
[14.815s][debug  ][gc,phases,ref  ] GC(54)     WeakRef (ms):                  skipped
[14.815s][debug  ][gc,phases,ref  ] GC(54)     FinalRef (ms):                 skipped
[14.815s][debug  ][gc,phases,ref  ] GC(54)     Total (ms):                    skipped
[14.815s][debug  ][gc,phases,ref  ] GC(54)   Notify and keep alive finalizable: 0.0ms
[14.815s][debug  ][gc,phases,ref  ] GC(54)     FinalRef (ms):                 skipped
[14.815s][debug  ][gc,phases,ref  ] GC(54)   Notify PhantomReferences: 0.0ms
[14.815s][debug  ][gc,phases,ref  ] GC(54)     PhantomRef (ms):               skipped
[14.815s][debug  ][gc,phases,ref  ] GC(54)   SoftReference:
[14.815s][debug  ][gc,phases,ref  ] GC(54)     Discovered: 0
[14.815s][debug  ][gc,phases,ref  ] GC(54)     Cleared: 0
[14.815s][debug  ][gc,phases,ref  ] GC(54)   WeakReference:
[14.815s][debug  ][gc,phases,ref  ] GC(54)     Discovered: 0
[14.815s][debug  ][gc,phases,ref  ] GC(54)     Cleared: 0
[14.815s][debug  ][gc,phases,ref  ] GC(54)   FinalReference:
[14.815s][debug  ][gc,phases,ref  ] GC(54)     Discovered: 0
[14.815s][debug  ][gc,phases,ref  ] GC(54)     Cleared: 0
[14.815s][debug  ][gc,phases,ref  ] GC(54)   PhantomReference:
[14.815s][debug  ][gc,phases,ref  ] GC(54)     Discovered: 0
[14.815s][debug  ][gc,phases,ref  ] GC(54)     Cleared: 0
[14.815s][debug  ][gc,phases      ] GC(54) Reference Processing 0.873ms
[14.815s][debug  ][gc,phases,start] GC(54) Weak Processing
[14.815s][debug  ][gc,phases      ] GC(54)   VM Weak                        Min:  0.0, Avg:  0.0, Max:  0.0, Diff:  0.0, Sum:  0.0, Workers: 6
[14.815s][debug  ][gc,phases      ] GC(54)     Dead                           Min: 0, Avg:  0.0, Max: 0, Diff: 0, Sum: 0, Workers: 6
[14.815s][debug  ][gc,phases      ] GC(54)     Total                          Min: 0, Avg:  1.3, Max: 8, Diff: 8, Sum: 8, Workers: 6
[14.815s][debug  ][gc,phases      ] GC(54)   ObjectSynchronizer Weak        Min:  0.0, Avg:  0.0, Max:  0.0, Diff:  0.0, Sum:  0.0, Workers: 6
[14.816s][debug  ][gc,phases      ] GC(54)     Dead                           Min: 0, Avg:  0.0, Max: 0, Diff: 0, Sum: 0, Workers: 6
[14.816s][debug  ][gc,phases      ] GC(54)     Total                          Min: 0, Avg:  0.5, Max: 3, Diff: 3, Sum: 3, Workers: 6
[14.816s][debug  ][gc,phases      ] GC(54)   JVMTI Tag Weak OopStorage      Min:  0.0, Avg:  0.0, Max:  0.0, Diff:  0.0, Sum:  0.0, Workers: 6
[14.816s][debug  ][gc,phases      ] GC(54)     Dead                           Min: 0, Avg:  0.0, Max: 0, Diff: 0, Sum: 0, Workers: 6
[14.816s][debug  ][gc,phases      ] GC(54)     Total                          Min: 0, Avg:  0.0, Max: 0, Diff: 0, Sum: 0, Workers: 6
[14.816s][debug  ][gc,phases      ] GC(54)   StringTable Weak               Min:  0.0, Avg:  0.0, Max:  0.0, Diff:  0.0, Sum:  0.0, Workers: 6
[14.816s][debug  ][gc,phases      ] GC(54)     Dead                           Min: 0, Avg:  0.0, Max: 0, Diff: 0, Sum: 0, Workers: 6
[14.816s][debug  ][gc,phases      ] GC(54)     Total                          Min: 767, Avg: 892.2, Max: 960, Diff: 193, Sum: 5353, Workers: 6
[14.816s][debug  ][gc,phases      ] GC(54)   ResolvedMethodTable Weak       Min:  0.0, Avg:  0.0, Max:  0.0, Diff:  0.0, Sum:  0.0, Workers: 6
[14.816s][debug  ][gc,phases      ] GC(54)     Dead                           Min: 0, Avg:  0.0, Max: 0, Diff: 0, Sum: 0, Workers: 6
[14.816s][debug  ][gc,phases      ] GC(54)     Total                          Min: 0, Avg: 21.7, Max: 64, Diff: 64, Sum: 130, Workers: 6
[14.816s][debug  ][gc,phases      ] GC(54)   JNI Weak                       Min:  0.0, Avg:  0.0, Max:  0.0, Diff:  0.0, Sum:  0.0, Workers: 6
[14.816s][debug  ][gc,phases      ] GC(54)     Dead                           Min: 0, Avg:  0.0, Max: 0, Diff: 0, Sum: 0, Workers: 6
[14.816s][debug  ][gc,phases      ] GC(54)     Total                          Min: 0, Avg:  0.0, Max: 0, Diff: 0, Sum: 0, Workers: 6
[14.816s][debug  ][gc,phases      ] GC(54)   StringDedup Table Weak         Min:  0.0, Avg:  0.0, Max:  0.0, Diff:  0.0, Sum:  0.0, Workers: 6
[14.816s][debug  ][gc,phases      ] GC(54)     Dead                           Min: 0, Avg:  0.0, Max: 0, Diff: 0, Sum: 0, Workers: 6
[14.816s][debug  ][gc,phases      ] GC(54)     Total                          Min: 0, Avg:  0.0, Max: 0, Diff: 0, Sum: 0, Workers: 6
[14.816s][debug  ][gc,phases      ] GC(54)   StringDedup Requests0 Weak     Min:  0.0, Avg:  0.0, Max:  0.0, Diff:  0.0, Sum:  0.0, Workers: 6
[14.816s][debug  ][gc,phases      ] GC(54)     Dead                           Min: 0, Avg:  0.0, Max: 0, Diff: 0, Sum: 0, Workers: 6
[14.816s][debug  ][gc,phases      ] GC(54)     Total                          Min: 0, Avg:  0.0, Max: 0, Diff: 0, Sum: 0, Workers: 6
[14.816s][debug  ][gc,phases      ] GC(54)   StringDedup Requests1 Weak     Min:  0.0, Avg:  0.0, Max:  0.0, Diff:  0.0, Sum:  0.0, Workers: 6
[14.816s][debug  ][gc,phases      ] GC(54)     Dead                           Min: 0, Avg:  0.0, Max: 0, Diff: 0, Sum: 0, Workers: 6
[14.816s][debug  ][gc,phases      ] GC(54)     Total                          Min: 0, Avg:  0.0, Max: 0, Diff: 0, Sum: 0, Workers: 6
[14.816s][debug  ][gc,phases      ] GC(54)   Weak JFR Old Object Samples    Min:  0.0, Avg:  0.0, Max:  0.0, Diff:  0.0, Sum:  0.0, Workers: 6
[14.816s][debug  ][gc,phases      ] GC(54)     Dead                           Min: 0, Avg:  0.0, Max: 0, Diff: 0, Sum: 0, Workers: 6
[14.816s][debug  ][gc,phases      ] GC(54)     Total                          Min: 0, Avg:  0.0, Max: 0, Diff: 0, Sum: 0, Workers: 6
[14.816s][debug  ][gc,phases      ] GC(54) Weak Processing 0.755ms
[14.816s][debug  ][gc,ergo        ] GC(54) AdaptiveSizeStart:  collection: 55 
[14.816s][debug  ][gc,ergo        ] GC(54) avg_survived_padded_avg: 31745876.000000
[14.816s][debug  ][gc,ergo        ] GC(54) avg_promoted_padded_avg: 266607488.000000  avg_pretenured_padded_avg: 0.000000  tenuring_thresh: 1  target_size: 31981568
[14.816s][debug  ][gc,age         ] GC(54) Desired survivor size 31981568 bytes, new threshold 1 (max threshold 15)
[14.816s][debug  ][gc,ergo        ] GC(54) PSAdaptiveSizePolicy::compute_eden_space_size limits: desired_eden_size: 228720671 old_eden_size: 204472320 eden_limit: 204472320 cur_eden: 204472320 max_eden_size: 204472320 avg_young_live: 26755964
[14.816s][debug  ][gc,ergo        ] GC(54) PSAdaptiveSizePolicy::compute_eden_space_size: costs minor_time: 0.047171 major_cost: 0.040541 mutator_cost: 0.912288 throughput_goal: 0.990000
[14.816s][debug  ][gc,ergo        ] GC(54) Live_space: 911646848 free_space: 1153957888
[14.816s][debug  ][gc,ergo        ] GC(54) Old eden_size: 204472320 desired_eden_size: 204472320
[14.816s][debug  ][gc,ergo        ] GC(54) AdaptiveSizeStop: collection: 55 
[14.816s][info   ][gc,heap        ] GC(54) PSYoungGen: 229145K(230912K)->30720K(230912K) Eden: 198425K(199680K)->0K(199680K) From: 30720K(31232K)->30720K(31232K)
[14.816s][info   ][gc,heap        ] GC(54) ParOldGen: 1056356K(1835008K)->1250916K(1835008K)
[14.816s][info   ][gc,metaspace   ] GC(54) Metaspace: 1021K(1216K)->1021K(1216K) NonClass: 937K(1024K)->937K(1024K) Class: 83K(192K)->83K(192K)
[14.816s][info   ][gc             ] GC(54) Pause Young (Allocation Failure) 1255M->1251M(2017M) 17.775ms
[14.816s][info   ][gc,cpu         ] GC(54) User=0.16s Sys=0.00s Real=0.02s
[14.816s][debug  ][gc,heap        ] GC(54) Heap after GC invocations=55 (full 9):
[14.817s][debug  ][gc,heap        ] GC(54)  PSYoungGen      total 230912K, used 30720K [0x00000000f0000000, 0x0000000100000000, 0x0000000100000000)
[14.817s][debug  ][gc,heap        ] GC(54)   eden space 199680K, 0% used [0x00000000f0000000,0x00000000f0000000,0x00000000fc300000)
[14.817s][debug  ][gc,heap        ] GC(54)   from space 31232K, 98% used [0x00000000fc300000,0x00000000fe100030,0x00000000fe180000)
[14.817s][debug  ][gc,heap        ] GC(54)   to   space 31232K, 0% used [0x00000000fe180000,0x00000000fe180000,0x0000000100000000)
[14.817s][debug  ][gc,heap        ] GC(54)  ParOldGen       total 1835008K, used 1250916K [0x0000000080000000, 0x00000000f0000000, 0x00000000f0000000)
[14.817s][debug  ][gc,heap        ] GC(54)   object space 1835008K, 68% used [0x0000000080000000,0x00000000cc599320,0x00000000f0000000)
[14.817s][debug  ][gc,heap        ] GC(54)  Metaspace       used 1021K, committed 1216K, reserved 1056768K
[14.817s][debug  ][gc,heap        ] GC(54)   class space    used 83K, committed 192K, reserved 1048576K
[14.817s][debug  ][gc,task,time   ] GC(54) VM-Thread 147981950 148144647 148166883
[15.115s][debug  ][gc,heap        ] GC(55) Heap before GC invocations=56 (full 9):
[15.115s][debug  ][gc,heap        ] GC(55)  PSYoungGen      total 230912K, used 229162K [0x00000000f0000000, 0x0000000100000000, 0x0000000100000000)
[15.115s][debug  ][gc,heap        ] GC(55)   eden space 199680K, 99% used [0x00000000f0000000,0x00000000fc1cabc8,0x00000000fc300000)
[15.115s][debug  ][gc,heap        ] GC(55)   from space 31232K, 98% used [0x00000000fc300000,0x00000000fe100030,0x00000000fe180000)
[15.115s][debug  ][gc,heap        ] GC(55)   to   space 31232K, 0% used [0x00000000fe180000,0x00000000fe180000,0x0000000100000000)
[15.115s][debug  ][gc,heap        ] GC(55)  ParOldGen       total 1835008K, used 1250916K [0x0000000080000000, 0x00000000f0000000, 0x00000000f0000000)
[15.115s][debug  ][gc,heap        ] GC(55)   object space 1835008K, 68% used [0x0000000080000000,0x00000000cc599320,0x00000000f0000000)
[15.115s][debug  ][gc,heap        ] GC(55)  Metaspace       used 1021K, committed 1216K, reserved 1056768K
[15.115s][debug  ][gc,heap        ] GC(55)   class space    used 83K, committed 192K, reserved 1048576K
[15.115s][debug  ][gc,tlab        ] GC(55) TLAB totals: thrds: 1  refills: 1 max: 1 slow allocs: 18 max 18 waste: 27.5% gc: 3975832B max: 3975832B slow: 0B max: 0B
[15.115s][info   ][gc,start       ] GC(55) Pause Young (Allocation Failure)
[15.115s][debug  ][gc,phases,start] GC(55) Scavenge
[15.131s][debug  ][gc,phases      ] GC(55) Scavenge 15.897ms
[15.131s][debug  ][gc,phases,start] GC(55) Reference Processing
[15.131s][debug  ][gc,ref         ] GC(55) Skipped phase 1 of Reference Processing: no references
[15.131s][debug  ][gc,ref         ] GC(55) Skipped phase 2 of Reference Processing: no references
[15.131s][debug  ][gc,ref         ] GC(55) Skipped phase 3 of Reference Processing: no references
[15.131s][debug  ][gc,ref         ] GC(55) Skipped phase 4 of Reference Processing: no references
[15.131s][debug  ][gc,phases,ref  ] GC(55) Reference Processing: 0.1ms
[15.131s][debug  ][gc,phases,ref  ] GC(55)   Reconsider SoftReferences: 0.0ms
[15.131s][debug  ][gc,phases,ref  ] GC(55)     SoftRef (ms):                  skipped
[15.131s][debug  ][gc,phases,ref  ] GC(55)   Notify Soft/WeakReferences: 0.0ms
[15.131s][debug  ][gc,phases,ref  ] GC(55)     SoftRef (ms):                  skipped
[15.131s][debug  ][gc,phases,ref  ] GC(55)     WeakRef (ms):                  skipped
[15.131s][debug  ][gc,phases,ref  ] GC(55)     FinalRef (ms):                 skipped
[15.131s][debug  ][gc,phases,ref  ] GC(55)     Total (ms):                    skipped
[15.131s][debug  ][gc,phases,ref  ] GC(55)   Notify and keep alive finalizable: 0.0ms
[15.131s][debug  ][gc,phases,ref  ] GC(55)     FinalRef (ms):                 skipped
[15.131s][debug  ][gc,phases,ref  ] GC(55)   Notify PhantomReferences: 0.0ms
[15.131s][debug  ][gc,phases,ref  ] GC(55)     PhantomRef (ms):               skipped
[15.131s][debug  ][gc,phases,ref  ] GC(55)   SoftReference:
[15.131s][debug  ][gc,phases,ref  ] GC(55)     Discovered: 0
[15.132s][debug  ][gc,phases,ref  ] GC(55)     Cleared: 0
[15.132s][debug  ][gc,phases,ref  ] GC(55)   WeakReference:
[15.132s][debug  ][gc,phases,ref  ] GC(55)     Discovered: 0
[15.132s][debug  ][gc,phases,ref  ] GC(55)     Cleared: 0
[15.132s][debug  ][gc,phases,ref  ] GC(55)   FinalReference:
[15.132s][debug  ][gc,phases,ref  ] GC(55)     Discovered: 0
[15.132s][debug  ][gc,phases,ref  ] GC(55)     Cleared: 0
[15.132s][debug  ][gc,phases,ref  ] GC(55)   PhantomReference:
[15.132s][debug  ][gc,phases,ref  ] GC(55)     Discovered: 0
[15.132s][debug  ][gc,phases,ref  ] GC(55)     Cleared: 0
[15.132s][debug  ][gc,phases      ] GC(55) Reference Processing 0.711ms
[15.132s][debug  ][gc,phases,start] GC(55) Weak Processing
[15.132s][debug  ][gc,phases      ] GC(55)   VM Weak                        Min:  0.0, Avg:  0.0, Max:  0.0, Diff:  0.0, Sum:  0.0, Workers: 6
[15.132s][debug  ][gc,phases      ] GC(55)     Dead                           Min: 0, Avg:  0.0, Max: 0, Diff: 0, Sum: 0, Workers: 6
[15.132s][debug  ][gc,phases      ] GC(55)     Total                          Min: 0, Avg:  1.3, Max: 8, Diff: 8, Sum: 8, Workers: 6
[15.132s][debug  ][gc,phases      ] GC(55)   ObjectSynchronizer Weak        Min:  0.0, Avg:  0.0, Max:  0.0, Diff:  0.0, Sum:  0.0, Workers: 6
[15.132s][debug  ][gc,phases      ] GC(55)     Dead                           Min: 0, Avg:  0.0, Max: 0, Diff: 0, Sum: 0, Workers: 6
[15.132s][debug  ][gc,phases      ] GC(55)     Total                          Min: 0, Avg:  0.5, Max: 3, Diff: 3, Sum: 3, Workers: 6
[15.132s][debug  ][gc,phases      ] GC(55)   JVMTI Tag Weak OopStorage      Min:  0.0, Avg:  0.0, Max:  0.0, Diff:  0.0, Sum:  0.0, Workers: 6
[15.132s][debug  ][gc,phases      ] GC(55)     Dead                           Min: 0, Avg:  0.0, Max: 0, Diff: 0, Sum: 0, Workers: 6
[15.132s][debug  ][gc,phases      ] GC(55)     Total                          Min: 0, Avg:  0.0, Max: 0, Diff: 0, Sum: 0, Workers: 6
[15.132s][debug  ][gc,phases      ] GC(55)   StringTable Weak               Min:  0.0, Avg:  0.0, Max:  0.0, Diff:  0.0, Sum:  0.0, Workers: 6
[15.132s][debug  ][gc,phases      ] GC(55)     Dead                           Min: 0, Avg:  0.0, Max: 0, Diff: 0, Sum: 0, Workers: 6
[15.132s][debug  ][gc,phases      ] GC(55)     Total                          Min: 640, Avg: 892.2, Max: 1130, Diff: 490, Sum: 5353, Workers: 6
[15.132s][debug  ][gc,phases      ] GC(55)   ResolvedMethodTable Weak       Min:  0.0, Avg:  0.0, Max:  0.0, Diff:  0.0, Sum:  0.0, Workers: 6
[15.132s][debug  ][gc,phases      ] GC(55)     Dead                           Min: 0, Avg:  0.0, Max: 0, Diff: 0, Sum: 0, Workers: 6
[15.132s][debug  ][gc,phases      ] GC(55)     Total                          Min: 0, Avg: 21.7, Max: 64, Diff: 64, Sum: 130, Workers: 6
[15.132s][debug  ][gc,phases      ] GC(55)   JNI Weak                       Min:  0.0, Avg:  0.0, Max:  0.0, Diff:  0.0, Sum:  0.0, Workers: 6
[15.132s][debug  ][gc,phases      ] GC(55)     Dead                           Min: 0, Avg:  0.0, Max: 0, Diff: 0, Sum: 0, Workers: 6
[15.132s][debug  ][gc,phases      ] GC(55)     Total                          Min: 0, Avg:  0.0, Max: 0, Diff: 0, Sum: 0, Workers: 6
[15.132s][debug  ][gc,phases      ] GC(55)   StringDedup Table Weak         Min:  0.0, Avg:  0.0, Max:  0.0, Diff:  0.0, Sum:  0.0, Workers: 6
[15.132s][debug  ][gc,phases      ] GC(55)     Dead                           Min: 0, Avg:  0.0, Max: 0, Diff: 0, Sum: 0, Workers: 6
[15.132s][debug  ][gc,phases      ] GC(55)     Total                          Min: 0, Avg:  0.0, Max: 0, Diff: 0, Sum: 0, Workers: 6
[15.132s][debug  ][gc,phases      ] GC(55)   StringDedup Requests0 Weak     Min:  0.0, Avg:  0.0, Max:  0.0, Diff:  0.0, Sum:  0.0, Workers: 6
[15.132s][debug  ][gc,phases      ] GC(55)     Dead                           Min: 0, Avg:  0.0, Max: 0, Diff: 0, Sum: 0, Workers: 6
[15.132s][debug  ][gc,phases      ] GC(55)     Total                          Min: 0, Avg:  0.0, Max: 0, Diff: 0, Sum: 0, Workers: 6
[15.132s][debug  ][gc,phases      ] GC(55)   StringDedup Requests1 Weak     Min:  0.0, Avg:  0.0, Max:  0.0, Diff:  0.0, Sum:  0.0, Workers: 6
[15.132s][debug  ][gc,phases      ] GC(55)     Dead                           Min: 0, Avg:  0.0, Max: 0, Diff: 0, Sum: 0, Workers: 6
[15.132s][debug  ][gc,phases      ] GC(55)     Total                          Min: 0, Avg:  0.0, Max: 0, Diff: 0, Sum: 0, Workers: 6
[15.132s][debug  ][gc,phases      ] GC(55)   Weak JFR Old Object Samples    Min:  0.0, Avg:  0.0, Max:  0.0, Diff:  0.0, Sum:  0.0, Workers: 6
[15.132s][debug  ][gc,phases      ] GC(55)     Dead                           Min: 0, Avg:  0.0, Max: 0, Diff: 0, Sum: 0, Workers: 6
[15.133s][debug  ][gc,phases      ] GC(55)     Total                          Min: 0, Avg:  0.0, Max: 0, Diff: 0, Sum: 0, Workers: 6
[15.133s][debug  ][gc,phases      ] GC(55) Weak Processing 0.764ms
[15.133s][debug  ][gc,ergo        ] GC(55) AdaptiveSizeStart:  collection: 56 
[15.133s][debug  ][gc,ergo        ] GC(55) avg_survived_padded_avg: 31722940.000000
[15.133s][debug  ][gc,ergo        ] GC(55) avg_promoted_padded_avg: 269631360.000000  avg_pretenured_padded_avg: 0.000000  tenuring_thresh: 1  target_size: 31981568
[15.133s][debug  ][gc,age         ] GC(55) Desired survivor size 31981568 bytes, new threshold 1 (max threshold 15)
[15.133s][debug  ][gc,ergo        ] GC(55) PSAdaptiveSizePolicy::compute_eden_space_size limits: desired_eden_size: 229192695 old_eden_size: 204472320 eden_limit: 204472320 cur_eden: 204472320 max_eden_size: 204472320 avg_young_live: 27226100
[15.133s][debug  ][gc,ergo        ] GC(55) PSAdaptiveSizePolicy::compute_eden_space_size: costs minor_time: 0.049203 major_cost: 0.040541 mutator_cost: 0.910255 throughput_goal: 0.990000
[15.133s][debug  ][gc,ergo        ] GC(55) Live_space: 912116992 free_space: 1153957888
[15.133s][debug  ][gc,ergo        ] GC(55) Old eden_size: 204472320 desired_eden_size: 204472320
[15.133s][debug  ][gc,ergo        ] GC(55) AdaptiveSizeStop: collection: 56 
[15.133s][info   ][gc,heap        ] GC(55) PSYoungGen: 229162K(230912K)->30720K(230912K) Eden: 198442K(199680K)->0K(199680K) From: 30720K(31232K)->30720K(31232K)
[15.133s][info   ][gc,heap        ] GC(55) ParOldGen: 1250916K(1835008K)->1445477K(1835008K)
[15.133s][info   ][gc,metaspace   ] GC(55) Metaspace: 1021K(1216K)->1021K(1216K) NonClass: 937K(1024K)->937K(1024K) Class: 83K(192K)->83K(192K)
[15.133s][info   ][gc             ] GC(55) Pause Young (Allocation Failure) 1445M->1441M(2017M) 17.844ms
[15.133s][info   ][gc,cpu         ] GC(55) User=0.16s Sys=0.00s Real=0.02s
[15.133s][debug  ][gc,heap        ] GC(55) Heap after GC invocations=56 (full 9):
[15.133s][debug  ][gc,heap        ] GC(55)  PSYoungGen      total 230912K, used 30720K [0x00000000f0000000, 0x0000000100000000, 0x0000000100000000)
[15.133s][debug  ][gc,heap        ] GC(55)   eden space 199680K, 0% used [0x00000000f0000000,0x00000000f0000000,0x00000000fc300000)
[15.133s][debug  ][gc,heap        ] GC(55)   from space 31232K, 98% used [0x00000000fe180000,0x00000000fff80030,0x0000000100000000)
[15.133s][debug  ][gc,heap        ] GC(55)   to   space 31232K, 0% used [0x00000000fc300000,0x00000000fc300000,0x00000000fe180000)
[15.133s][debug  ][gc,heap        ] GC(55)  ParOldGen       total 1835008K, used 1445477K [0x0000000080000000, 0x00000000f0000000, 0x00000000f0000000)
[15.133s][debug  ][gc,heap        ] GC(55)   object space 1835008K, 78% used [0x0000000080000000,0x00000000d8399450,0x00000000f0000000)
[15.133s][debug  ][gc,heap        ] GC(55)  Metaspace       used 1021K, committed 1216K, reserved 1056768K
[15.133s][debug  ][gc,heap        ] GC(55)   class space    used 83K, committed 192K, reserved 1048576K
[15.133s][debug  ][gc,task,time   ] GC(55) VM-Thread 151145242 151310348 151331087
[15.431s][debug  ][gc,heap        ] GC(56) Heap before GC invocations=57 (full 9):
[15.431s][debug  ][gc,heap        ] GC(56)  PSYoungGen      total 230912K, used 229174K [0x00000000f0000000, 0x0000000100000000, 0x0000000100000000)
[15.431s][debug  ][gc,heap        ] GC(56)   eden space 199680K, 99% used [0x00000000f0000000,0x00000000fc1cd9b8,0x00000000fc300000)
[15.431s][debug  ][gc,heap        ] GC(56)   from space 31232K, 98% used [0x00000000fe180000,0x00000000fff80030,0x0000000100000000)
[15.431s][debug  ][gc,heap        ] GC(56)   to   space 31232K, 0% used [0x00000000fc300000,0x00000000fc300000,0x00000000fe180000)
[15.431s][debug  ][gc,heap        ] GC(56)  ParOldGen       total 1835008K, used 1445477K [0x0000000080000000, 0x00000000f0000000, 0x00000000f0000000)
[15.431s][debug  ][gc,heap        ] GC(56)   object space 1835008K, 78% used [0x0000000080000000,0x00000000d8399450,0x00000000f0000000)
[15.431s][debug  ][gc,heap        ] GC(56)  Metaspace       used 1021K, committed 1216K, reserved 1056768K
[15.431s][debug  ][gc,heap        ] GC(56)   class space    used 83K, committed 192K, reserved 1048576K
[15.431s][debug  ][gc,tlab        ] GC(56) TLAB totals: thrds: 1  refills: 1 max: 1 slow allocs: 18 max 18 waste: 27.6% gc: 3987592B max: 3987592B slow: 0B max: 0B
[15.431s][info   ][gc,start       ] GC(56) Pause Young (Allocation Failure)
[15.431s][debug  ][gc,phases,start] GC(56) Scavenge
[15.447s][debug  ][gc,phases      ] GC(56) Scavenge 15.983ms
[15.447s][debug  ][gc,phases,start] GC(56) Reference Processing
[15.447s][debug  ][gc,ref         ] GC(56) Skipped phase 1 of Reference Processing: no references
[15.447s][debug  ][gc,ref         ] GC(56) Skipped phase 2 of Reference Processing: no references
[15.447s][debug  ][gc,ref         ] GC(56) Skipped phase 3 of Reference Processing: no references
[15.447s][debug  ][gc,ref         ] GC(56) Skipped phase 4 of Reference Processing: no references
[15.447s][debug  ][gc,phases,ref  ] GC(56) Reference Processing: 0.1ms
[15.447s][debug  ][gc,phases,ref  ] GC(56)   Reconsider SoftReferences: 0.0ms
[15.447s][debug  ][gc,phases,ref  ] GC(56)     SoftRef (ms):                  skipped
[15.447s][debug  ][gc,phases,ref  ] GC(56)   Notify Soft/WeakReferences: 0.0ms
[15.448s][debug  ][gc,phases,ref  ] GC(56)     SoftRef (ms):                  skipped
[15.448s][debug  ][gc,phases,ref  ] GC(56)     WeakRef (ms):                  skipped
[15.448s][debug  ][gc,phases,ref  ] GC(56)     FinalRef (ms):                 skipped
[15.448s][debug  ][gc,phases,ref  ] GC(56)     Total (ms):                    skipped
[15.448s][debug  ][gc,phases,ref  ] GC(56)   Notify and keep alive finalizable: 0.0ms
[15.448s][debug  ][gc,phases,ref  ] GC(56)     FinalRef (ms):                 skipped
[15.448s][debug  ][gc,phases,ref  ] GC(56)   Notify PhantomReferences: 0.0ms
[15.448s][debug  ][gc,phases,ref  ] GC(56)     PhantomRef (ms):               skipped
[15.448s][debug  ][gc,phases,ref  ] GC(56)   SoftReference:
[15.448s][debug  ][gc,phases,ref  ] GC(56)     Discovered: 0
[15.448s][debug  ][gc,phases,ref  ] GC(56)     Cleared: 0
[15.448s][debug  ][gc,phases,ref  ] GC(56)   WeakReference:
[15.448s][debug  ][gc,phases,ref  ] GC(56)     Discovered: 0
[15.448s][debug  ][gc,phases,ref  ] GC(56)     Cleared: 0
[15.448s][debug  ][gc,phases,ref  ] GC(56)   FinalReference:
[15.448s][debug  ][gc,phases,ref  ] GC(56)     Discovered: 0
[15.448s][debug  ][gc,phases,ref  ] GC(56)     Cleared: 0
[15.448s][debug  ][gc,phases,ref  ] GC(56)   PhantomReference:
[15.448s][debug  ][gc,phases,ref  ] GC(56)     Discovered: 0
[15.448s][debug  ][gc,phases,ref  ] GC(56)     Cleared: 0
[15.448s][debug  ][gc,phases      ] GC(56) Reference Processing 0.690ms
[15.448s][debug  ][gc,phases,start] GC(56) Weak Processing
[15.448s][debug  ][gc,phases      ] GC(56)   VM Weak                        Min:  0.0, Avg:  0.0, Max:  0.0, Diff:  0.0, Sum:  0.0, Workers: 6
[15.448s][debug  ][gc,phases      ] GC(56)     Dead                           Min: 0, Avg:  0.0, Max: 0, Diff: 0, Sum: 0, Workers: 6
[15.448s][debug  ][gc,phases      ] GC(56)     Total                          Min: 0, Avg:  1.3, Max: 8, Diff: 8, Sum: 8, Workers: 6
[15.448s][debug  ][gc,phases      ] GC(56)   ObjectSynchronizer Weak        Min:  0.0, Avg:  0.0, Max:  0.0, Diff:  0.0, Sum:  0.0, Workers: 6
[15.448s][debug  ][gc,phases      ] GC(56)     Dead                           Min: 0, Avg:  0.0, Max: 0, Diff: 0, Sum: 0, Workers: 6
[15.448s][debug  ][gc,phases      ] GC(56)     Total                          Min: 0, Avg:  0.5, Max: 3, Diff: 3, Sum: 3, Workers: 6
[15.448s][debug  ][gc,phases      ] GC(56)   JVMTI Tag Weak OopStorage      Min:  0.0, Avg:  0.0, Max:  0.0, Diff:  0.0, Sum:  0.0, Workers: 6
[15.448s][debug  ][gc,phases      ] GC(56)     Dead                           Min: 0, Avg:  0.0, Max: 0, Diff: 0, Sum: 0, Workers: 6
[15.448s][debug  ][gc,phases      ] GC(56)     Total                          Min: 0, Avg:  0.0, Max: 0, Diff: 0, Sum: 0, Workers: 6
[15.448s][debug  ][gc,phases      ] GC(56)   StringTable Weak               Min:  0.0, Avg:  0.0, Max:  0.0, Diff:  0.0, Sum:  0.0, Workers: 6
[15.448s][debug  ][gc,phases      ] GC(56)     Dead                           Min: 0, Avg:  0.0, Max: 0, Diff: 0, Sum: 0, Workers: 6
[15.448s][debug  ][gc,phases      ] GC(56)     Total                          Min: 768, Avg: 892.2, Max: 1088, Diff: 320, Sum: 5353, Workers: 6
[15.448s][debug  ][gc,phases      ] GC(56)   ResolvedMethodTable Weak       Min:  0.0, Avg:  0.0, Max:  0.0, Diff:  0.0, Sum:  0.0, Workers: 6
[15.448s][debug  ][gc,phases      ] GC(56)     Dead                           Min: 0, Avg:  0.0, Max: 0, Diff: 0, Sum: 0, Workers: 6
[15.448s][debug  ][gc,phases      ] GC(56)     Total                          Min: 0, Avg: 21.7, Max: 64, Diff: 64, Sum: 130, Workers: 6
[15.448s][debug  ][gc,phases      ] GC(56)   JNI Weak                       Min:  0.0, Avg:  0.0, Max:  0.0, Diff:  0.0, Sum:  0.0, Workers: 6
[15.448s][debug  ][gc,phases      ] GC(56)     Dead                           Min: 0, Avg:  0.0, Max: 0, Diff: 0, Sum: 0, Workers: 6
[15.449s][debug  ][gc,phases      ] GC(56)     Total                          Min: 0, Avg:  0.0, Max: 0, Diff: 0, Sum: 0, Workers: 6
[15.449s][debug  ][gc,phases      ] GC(56)   StringDedup Table Weak         Min:  0.0, Avg:  0.0, Max:  0.0, Diff:  0.0, Sum:  0.0, Workers: 6
[15.449s][debug  ][gc,phases      ] GC(56)     Dead                           Min: 0, Avg:  0.0, Max: 0, Diff: 0, Sum: 0, Workers: 6
[15.449s][debug  ][gc,phases      ] GC(56)     Total                          Min: 0, Avg:  0.0, Max: 0, Diff: 0, Sum: 0, Workers: 6
[15.449s][debug  ][gc,phases      ] GC(56)   StringDedup Requests0 Weak     Min:  0.0, Avg:  0.0, Max:  0.0, Diff:  0.0, Sum:  0.0, Workers: 6
[15.449s][debug  ][gc,phases      ] GC(56)     Dead                           Min: 0, Avg:  0.0, Max: 0, Diff: 0, Sum: 0, Workers: 6
[15.449s][debug  ][gc,phases      ] GC(56)     Total                          Min: 0, Avg:  0.0, Max: 0, Diff: 0, Sum: 0, Workers: 6
[15.449s][debug  ][gc,phases      ] GC(56)   StringDedup Requests1 Weak     Min:  0.0, Avg:  0.0, Max:  0.0, Diff:  0.0, Sum:  0.0, Workers: 6
[15.449s][debug  ][gc,phases      ] GC(56)     Dead                           Min: 0, Avg:  0.0, Max: 0, Diff: 0, Sum: 0, Workers: 6
[15.449s][debug  ][gc,phases      ] GC(56)     Total                          Min: 0, Avg:  0.0, Max: 0, Diff: 0, Sum: 0, Workers: 6
[15.449s][debug  ][gc,phases      ] GC(56)   Weak JFR Old Object Samples    Min:  0.0, Avg:  0.0, Max:  0.0, Diff:  0.0, Sum:  0.0, Workers: 6
[15.449s][debug  ][gc,phases      ] GC(56)     Dead                           Min: 0, Avg:  0.0, Max: 0, Diff: 0, Sum: 0, Workers: 6
[15.449s][debug  ][gc,phases      ] GC(56)     Total                          Min: 0, Avg:  0.0, Max: 0, Diff: 0, Sum: 0, Workers: 6
[15.449s][debug  ][gc,phases      ] GC(56) Weak Processing 0.793ms
[15.449s][debug  ][gc,ergo        ] GC(56) AdaptiveSizeStart:  collection: 57 
[15.449s][debug  ][gc,ergo        ] GC(56) avg_survived_padded_avg: 31701706.000000
[15.449s][debug  ][gc,ergo        ] GC(56) avg_promoted_padded_avg: 271376672.000000  avg_pretenured_padded_avg: 0.000000  tenuring_thresh: 1  target_size: 31981568
[15.449s][debug  ][gc,age         ] GC(56) Desired survivor size 31981568 bytes, new threshold 1 (max threshold 15)
[15.449s][debug  ][gc,ergo        ] GC(56) PSAdaptiveSizePolicy::compute_eden_space_size limits: desired_eden_size: 229551206 old_eden_size: 204472320 eden_limit: 204472320 cur_eden: 204472320 max_eden_size: 204472320 avg_young_live: 27649222
[15.449s][debug  ][gc,ergo        ] GC(56) PSAdaptiveSizePolicy::compute_eden_space_size: costs minor_time: 0.050811 major_cost: 0.040541 mutator_cost: 0.908647 throughput_goal: 0.990000
[15.449s][debug  ][gc,ergo        ] GC(56) Live_space: 912540096 free_space: 1153957888
[15.449s][debug  ][gc,ergo        ] GC(56) Old eden_size: 204472320 desired_eden_size: 204472320
[15.449s][debug  ][gc,ergo        ] GC(56) AdaptiveSizeStop: collection: 57 
[15.449s][info   ][gc,heap        ] GC(56) PSYoungGen: 229174K(230912K)->30720K(230912K) Eden: 198454K(199680K)->0K(199680K) From: 30720K(31232K)->30720K(31232K)
[15.449s][info   ][gc,heap        ] GC(56) ParOldGen: 1445477K(1835008K)->1640037K(1835008K)
[15.449s][info   ][gc,metaspace   ] GC(56) Metaspace: 1021K(1216K)->1021K(1216K) NonClass: 937K(1024K)->937K(1024K) Class: 83K(192K)->83K(192K)
[15.449s][info   ][gc             ] GC(56) Pause Young (Allocation Failure) 1635M->1631M(2017M) 17.937ms
[15.449s][info   ][gc,cpu         ] GC(56) User=0.16s Sys=0.00s Real=0.02s
[15.449s][debug  ][gc,heap        ] GC(56) Heap after GC invocations=57 (full 9):
[15.449s][debug  ][gc,heap        ] GC(56)  PSYoungGen      total 230912K, used 30720K [0x00000000f0000000, 0x0000000100000000, 0x0000000100000000)
[15.449s][debug  ][gc,heap        ] GC(56)   eden space 199680K, 0% used [0x00000000f0000000,0x00000000f0000000,0x00000000fc300000)
[15.449s][debug  ][gc,heap        ] GC(56)   from space 31232K, 98% used [0x00000000fc300000,0x00000000fe100030,0x00000000fe180000)
[15.449s][debug  ][gc,heap        ] GC(56)   to   space 31232K, 0% used [0x00000000fe180000,0x00000000fe180000,0x0000000100000000)
[15.449s][debug  ][gc,heap        ] GC(56)  ParOldGen       total 1835008K, used 1640037K [0x0000000080000000, 0x00000000f0000000, 0x00000000f0000000)
[15.449s][debug  ][gc,heap        ] GC(56)   object space 1835008K, 89% used [0x0000000080000000,0x00000000e4199580,0x00000000f0000000)
[15.449s][debug  ][gc,heap        ] GC(56)  Metaspace       used 1021K, committed 1216K, reserved 1056768K
[15.449s][debug  ][gc,heap        ] GC(56)   class space    used 83K, committed 192K, reserved 1048576K
[15.449s][debug  ][gc,task,time   ] GC(56) VM-Thread 154307142 154472912 154493719
[15.449s][debug  ][gc,phases,start] GC(57) Pre Compact
[15.449s][debug  ][gc,heap        ] GC(57) Heap before GC invocations=58 (full 10):
[15.449s][debug  ][gc,heap        ] GC(57)  PSYoungGen      total 230912K, used 30720K [0x00000000f0000000, 0x0000000100000000, 0x0000000100000000)
[15.449s][debug  ][gc,heap        ] GC(57)   eden space 199680K, 0% used [0x00000000f0000000,0x00000000f0000000,0x00000000fc300000)
[15.449s][debug  ][gc,heap        ] GC(57)   from space 31232K, 98% used [0x00000000fc300000,0x00000000fe100030,0x00000000fe180000)
[15.450s][debug  ][gc,heap        ] GC(57)   to   space 31232K, 0% used [0x00000000fe180000,0x00000000fe180000,0x0000000100000000)
[15.450s][debug  ][gc,heap        ] GC(57)  ParOldGen       total 1835008K, used 1640037K [0x0000000080000000, 0x00000000f0000000, 0x00000000f0000000)
[15.450s][debug  ][gc,heap        ] GC(57)   object space 1835008K, 89% used [0x0000000080000000,0x00000000e4199580,0x00000000f0000000)
[15.450s][debug  ][gc,heap        ] GC(57)  Metaspace       used 1021K, committed 1216K, reserved 1056768K
[15.450s][debug  ][gc,heap        ] GC(57)   class space    used 83K, committed 192K, reserved 1048576K
[15.450s][debug  ][gc,phases      ] GC(57) Pre Compact 0.223ms
[15.450s][info   ][gc,start       ] GC(57) Pause Full (Ergonomics)
[15.450s][info   ][gc,phases,start] GC(57) Marking Phase
[15.450s][debug  ][gc,phases,start] GC(57) Par Mark
[15.450s][debug  ][gc,phases      ] GC(57) Par Mark 0.524ms
[15.450s][debug  ][gc,phases,start] GC(57) Reference Processing
[15.450s][debug  ][gc,ref         ] GC(57) Skipped phase 1 of Reference Processing: no references
[15.450s][debug  ][gc,ref         ] GC(57) ReferenceProcessor::execute queues: 1, RefProcThreadModel::Single, marks_oops_alive: false
[15.450s][debug  ][gc,ref         ] GC(57) Skipped phase 3 of Reference Processing: no references
[15.450s][debug  ][gc,ref         ] GC(57) ReferenceProcessor::execute queues: 1, RefProcThreadModel::Single, marks_oops_alive: false
[15.450s][debug  ][gc,phases,ref  ] GC(57) Reference Processing: 0.1ms
[15.450s][debug  ][gc,phases,ref  ] GC(57)   Reconsider SoftReferences: 0.0ms
[15.450s][debug  ][gc,phases,ref  ] GC(57)     SoftRef (ms):                  skipped
[15.450s][debug  ][gc,phases,ref  ] GC(57)   Notify Soft/WeakReferences: 0.0ms
[15.450s][debug  ][gc,phases,ref  ] GC(57)     SoftRef (ms):                  Min:  0.0, Avg:  0.0, Max:  0.0, Diff:  0.0, Sum:  0.0, Workers: 10
[15.450s][debug  ][gc,phases,ref  ] GC(57)     WeakRef (ms):                  Min:  0.0, Avg:  0.0, Max:  0.0, Diff:  0.0, Sum:  0.0, Workers: 10
[15.451s][debug  ][gc,phases,ref  ] GC(57)     FinalRef (ms):                 Min:  0.0, Avg:  0.0, Max:  0.0, Diff:  0.0, Sum:  0.0, Workers: 10
[15.451s][debug  ][gc,phases,ref  ] GC(57)     Total (ms):                    Min:  0.0, Avg:  0.0, Max:  0.0, Diff:  0.0, Sum:  0.0, Workers: 10
[15.451s][debug  ][gc,phases,ref  ] GC(57)   Notify and keep alive finalizable: 0.0ms
[15.451s][debug  ][gc,phases,ref  ] GC(57)     FinalRef (ms):                 skipped
[15.451s][debug  ][gc,phases,ref  ] GC(57)   Notify PhantomReferences: 0.0ms
[15.451s][debug  ][gc,phases,ref  ] GC(57)     PhantomRef (ms):               Min:  0.0, Avg:  0.0, Max:  0.0, Diff:  0.0, Sum:  0.0, Workers: 10
[15.451s][debug  ][gc,phases,ref  ] GC(57)   SoftReference:
[15.451s][debug  ][gc,phases,ref  ] GC(57)     Discovered: 0
[15.451s][debug  ][gc,phases,ref  ] GC(57)     Cleared: 0
[15.451s][debug  ][gc,phases,ref  ] GC(57)   WeakReference:
[15.451s][debug  ][gc,phases,ref  ] GC(57)     Discovered: 78
[15.451s][debug  ][gc,phases,ref  ] GC(57)     Cleared: 78
[15.451s][debug  ][gc,phases,ref  ] GC(57)   FinalReference:
[15.451s][debug  ][gc,phases,ref  ] GC(57)     Discovered: 0
[15.451s][debug  ][gc,phases,ref  ] GC(57)     Cleared: 0
[15.451s][debug  ][gc,phases,ref  ] GC(57)   PhantomReference:
[15.451s][debug  ][gc,phases,ref  ] GC(57)     Discovered: 5
[15.451s][debug  ][gc,phases,ref  ] GC(57)     Cleared: 5
[15.451s][debug  ][gc,phases      ] GC(57) Reference Processing 0.640ms
[15.451s][debug  ][gc,phases,start] GC(57) Weak Processing
[15.451s][debug  ][gc,phases      ] GC(57)   VM Weak                        Min:  0.0, Avg:  0.0, Max:  0.0, Diff:  0.0, Sum:  0.0, Workers: 6
[15.451s][debug  ][gc,phases      ] GC(57)     Dead                           Min: 0, Avg:  0.0, Max: 0, Diff: 0, Sum: 0, Workers: 6
[15.451s][debug  ][gc,phases      ] GC(57)     Total                          Min: 0, Avg:  1.3, Max: 8, Diff: 8, Sum: 8, Workers: 6
[15.451s][debug  ][gc,phases      ] GC(57)   ObjectSynchronizer Weak        Min:  0.0, Avg:  0.0, Max:  0.0, Diff:  0.0, Sum:  0.0, Workers: 6
[15.451s][debug  ][gc,phases      ] GC(57)     Dead                           Min: 0, Avg:  0.0, Max: 0, Diff: 0, Sum: 0, Workers: 6
[15.451s][debug  ][gc,phases      ] GC(57)     Total                          Min: 0, Avg:  0.5, Max: 3, Diff: 3, Sum: 3, Workers: 6
[15.451s][debug  ][gc,phases      ] GC(57)   JVMTI Tag Weak OopStorage      Min:  0.0, Avg:  0.0, Max:  0.0, Diff:  0.0, Sum:  0.0, Workers: 6
[15.451s][debug  ][gc,phases      ] GC(57)     Dead                           Min: 0, Avg:  0.0, Max: 0, Diff: 0, Sum: 0, Workers: 6
[15.451s][debug  ][gc,phases      ] GC(57)     Total                          Min: 0, Avg:  0.0, Max: 0, Diff: 0, Sum: 0, Workers: 6
[15.451s][debug  ][gc,phases      ] GC(57)   StringTable Weak               Min:  0.0, Avg:  0.0, Max:  0.0, Diff:  0.0, Sum:  0.0, Workers: 6
[15.451s][debug  ][gc,phases      ] GC(57)     Dead                           Min: 0, Avg:  0.0, Max: 0, Diff: 0, Sum: 0, Workers: 6
[15.451s][debug  ][gc,phases      ] GC(57)     Total                          Min: 447, Avg: 892.2, Max: 1152, Diff: 705, Sum: 5353, Workers: 6
[15.451s][debug  ][gc,phases      ] GC(57)   ResolvedMethodTable Weak       Min:  0.0, Avg:  0.0, Max:  0.0, Diff:  0.0, Sum:  0.0, Workers: 6
[15.451s][debug  ][gc,phases      ] GC(57)     Dead                           Min: 0, Avg:  0.0, Max: 0, Diff: 0, Sum: 0, Workers: 6
[15.451s][debug  ][gc,phases      ] GC(57)     Total                          Min: 0, Avg: 21.7, Max: 64, Diff: 64, Sum: 130, Workers: 6
[15.451s][debug  ][gc,phases      ] GC(57)   JNI Weak                       Min:  0.0, Avg:  0.0, Max:  0.0, Diff:  0.0, Sum:  0.0, Workers: 6
[15.451s][debug  ][gc,phases      ] GC(57)     Dead                           Min: 0, Avg:  0.0, Max: 0, Diff: 0, Sum: 0, Workers: 6
[15.451s][debug  ][gc,phases      ] GC(57)     Total                          Min: 0, Avg:  0.0, Max: 0, Diff: 0, Sum: 0, Workers: 6
[15.451s][debug  ][gc,phases      ] GC(57)   StringDedup Table Weak         Min:  0.0, Avg:  0.0, Max:  0.0, Diff:  0.0, Sum:  0.0, Workers: 6
[15.451s][debug  ][gc,phases      ] GC(57)     Dead                           Min: 0, Avg:  0.0, Max: 0, Diff: 0, Sum: 0, Workers: 6
[15.451s][debug  ][gc,phases      ] GC(57)     Total                          Min: 0, Avg:  0.0, Max: 0, Diff: 0, Sum: 0, Workers: 6
[15.451s][debug  ][gc,phases      ] GC(57)   StringDedup Requests0 Weak     Min:  0.0, Avg:  0.0, Max:  0.0, Diff:  0.0, Sum:  0.0, Workers: 6
[15.451s][debug  ][gc,phases      ] GC(57)     Dead                           Min: 0, Avg:  0.0, Max: 0, Diff: 0, Sum: 0, Workers: 6
[15.451s][debug  ][gc,phases      ] GC(57)     Total                          Min: 0, Avg:  0.0, Max: 0, Diff: 0, Sum: 0, Workers: 6
[15.451s][debug  ][gc,phases      ] GC(57)   StringDedup Requests1 Weak     Min:  0.0, Avg:  0.0, Max:  0.0, Diff:  0.0, Sum:  0.0, Workers: 6
[15.452s][debug  ][gc,phases      ] GC(57)     Dead                           Min: 0, Avg:  0.0, Max: 0, Diff: 0, Sum: 0, Workers: 6
[15.452s][debug  ][gc,phases      ] GC(57)     Total                          Min: 0, Avg:  0.0, Max: 0, Diff: 0, Sum: 0, Workers: 6
[15.452s][debug  ][gc,phases      ] GC(57)   Weak JFR Old Object Samples    Min:  0.0, Avg:  0.0, Max:  0.0, Diff:  0.0, Sum:  0.0, Workers: 6
[15.452s][debug  ][gc,phases      ] GC(57)     Dead                           Min: 0, Avg:  0.0, Max: 0, Diff: 0, Sum: 0, Workers: 6
[15.452s][debug  ][gc,phases      ] GC(57)     Total                          Min: 0, Avg:  0.0, Max: 0, Diff: 0, Sum: 0, Workers: 6
[15.452s][debug  ][gc,phases      ] GC(57) Weak Processing 0.717ms
[15.452s][debug  ][gc,phases,start] GC(57) Class Unloading
[15.452s][debug  ][gc,phases,start] GC(57) ClassLoaderData
[15.452s][debug  ][gc,phases      ] GC(57) ClassLoaderData 0.022ms
[15.452s][debug  ][gc,phases,start] GC(57) Trigger cleanups
[15.452s][debug  ][gc,phases      ] GC(57) Trigger cleanups 0.021ms
[15.452s][debug  ][gc,phases      ] GC(57) Class Unloading 0.260ms
[15.452s][info   ][gc,phases      ] GC(57) Marking Phase 2.261ms
[15.452s][info   ][gc,phases,start] GC(57) Summary Phase
[15.452s][info   ][gc,phases      ] GC(57) Summary Phase 0.038ms
[15.452s][info   ][gc,phases,start] GC(57) Adjust Roots
[15.452s][info   ][gc,phases      ] GC(57) Adjust Roots 0.132ms
[15.452s][info   ][gc,phases,start] GC(57) Compaction Phase
[15.539s][info   ][gc,phases      ] GC(57) Compaction Phase 86.712ms
[15.539s][info   ][gc,phases,start] GC(57) Post Compact
[15.544s][info   ][gc,phases      ] GC(57) Post Compact 5.115ms
[15.544s][debug  ][gc,ergo        ] GC(57) AdaptiveSizeStart: collection: 58 
[15.544s][debug  ][gc,ergo        ] GC(57) PSAdaptiveSizePolicy::compute_eden_space_size limits: desired_eden_size: 227404795 old_eden_size: 204472320 eden_limit: 204472320 cur_eden: 204472320 max_eden_size: 204472320 avg_young_live: 24884300
[15.544s][debug  ][gc,ergo        ] GC(57) PSAdaptiveSizePolicy::compute_eden_space_size: costs minor_time: 0.050811 major_cost: 0.044445 mutator_cost: 0.904744 throughput_goal: 0.990000
[15.544s][debug  ][gc,ergo        ] GC(57) Live_space: 909775168 free_space: 1153957888
[15.544s][debug  ][gc,ergo        ] GC(57) Old eden_size: 204472320 desired_eden_size: 204472320
[15.544s][debug  ][gc,ergo        ] GC(57) PSAdaptiveSizePolicy::compute_old_gen_free_space: costs minor_time: 0.050811 major_cost: 0.044445  mutator_cost: 0.904744 throughput_goal: 0.990000
[15.544s][debug  ][gc,ergo        ] GC(57) Live_space: 931134656 free_space: 1153957888
[15.544s][debug  ][gc,ergo        ] GC(57) Old promo_size: 949485568 desired_promo_size: 1060634624
[15.544s][debug  ][gc,ergo        ] GC(57) AdaptiveSizeStop: collection: 58 
[15.544s][info   ][gc,heap        ] GC(57) PSYoungGen: 30720K(230912K)->0K(230912K) Eden: 0K(199680K)->0K(199680K) From: 30720K(31232K)->0K(31232K)
[15.544s][info   ][gc,heap        ] GC(57) ParOldGen: 1640037K(1835008K)->810596K(1835008K)
[15.544s][info   ][gc,metaspace   ] GC(57) Metaspace: 1021K(1216K)->1021K(1216K) NonClass: 937K(1024K)->937K(1024K) Class: 83K(192K)->83K(192K)
[15.544s][info   ][gc             ] GC(57) Pause Full (Ergonomics) 1631M->791M(2017M) 94.820ms
[15.544s][info   ][gc,cpu         ] GC(57) User=0.88s Sys=0.02s Real=0.10s
[15.545s][debug  ][gc,heap        ] GC(57) Heap after GC invocations=58 (full 10):
[15.545s][debug  ][gc,heap        ] GC(57)  PSYoungGen      total 230912K, used 0K [0x00000000f0000000, 0x0000000100000000, 0x0000000100000000)
[15.545s][debug  ][gc,heap        ] GC(57)   eden space 199680K, 0% used [0x00000000f0000000,0x00000000f0000000,0x00000000fc300000)
[15.545s][debug  ][gc,heap        ] GC(57)   from space 31232K, 0% used [0x00000000fe180000,0x00000000fe180000,0x0000000100000000)
[15.545s][debug  ][gc,heap        ] GC(57)   to   space 31232K, 0% used [0x00000000fc300000,0x00000000fc300000,0x00000000fe180000)
[15.545s][debug  ][gc,heap        ] GC(57)  ParOldGen       total 1835008K, used 810596K [0x0000000080000000, 0x00000000f0000000, 0x00000000f0000000)
[15.545s][debug  ][gc,heap        ] GC(57)   object space 1835008K, 44% used [0x0000000080000000,0x00000000b1799070,0x00000000f0000000)
[15.545s][debug  ][gc,heap        ] GC(57)  Metaspace       used 1021K, committed 1216K, reserved 1056768K
[15.545s][debug  ][gc,heap        ] GC(57)   class space    used 83K, committed 192K, reserved 1048576K
[15.545s][debug  ][gc,task,time   ] GC(57) VM-Thread 154496699 154521831 155445189
[15.842s][debug  ][gc,heap        ] GC(58) Heap before GC invocations=59 (full 10):
[15.842s][debug  ][gc,heap        ] GC(58)  PSYoungGen      total 230912K, used 198461K [0x00000000f0000000, 0x0000000100000000, 0x0000000100000000)
[15.842s][debug  ][gc,heap        ] GC(58)   eden space 199680K, 99% used [0x00000000f0000000,0x00000000fc1cf740,0x00000000fc300000)
[15.842s][debug  ][gc,heap        ] GC(58)   from space 31232K, 0% used [0x00000000fe180000,0x00000000fe180000,0x0000000100000000)
[15.842s][debug  ][gc,heap        ] GC(58)   to   space 31232K, 0% used [0x00000000fc300000,0x00000000fc300000,0x00000000fe180000)
[15.842s][debug  ][gc,heap        ] GC(58)  ParOldGen       total 1835008K, used 810596K [0x0000000080000000, 0x00000000f0000000, 0x00000000f0000000)
[15.842s][debug  ][gc,heap        ] GC(58)   object space 1835008K, 44% used [0x0000000080000000,0x00000000b1799070,0x00000000f0000000)
[15.842s][debug  ][gc,heap        ] GC(58)  Metaspace       used 1021K, committed 1216K, reserved 1056768K
[15.842s][debug  ][gc,heap        ] GC(58)   class space    used 83K, committed 192K, reserved 1048576K
[15.842s][debug  ][gc,tlab        ] GC(58) TLAB totals: thrds: 1  refills: 1 max: 1 slow allocs: 18 max 18 waste: 27.6% gc: 3995152B max: 3995152B slow: 0B max: 0B
[15.842s][info   ][gc,start       ] GC(58) Pause Young (Allocation Failure)
[15.843s][debug  ][gc,phases,start] GC(58) Scavenge
[15.856s][debug  ][gc,phases      ] GC(58) Scavenge 13.347ms
[15.856s][debug  ][gc,phases,start] GC(58) Reference Processing
[15.856s][debug  ][gc,ref         ] GC(58) Skipped phase 1 of Reference Processing: no references
[15.856s][debug  ][gc,ref         ] GC(58) Skipped phase 2 of Reference Processing: no references
[15.856s][debug  ][gc,ref         ] GC(58) Skipped phase 3 of Reference Processing: no references
[15.856s][debug  ][gc,ref         ] GC(58) Skipped phase 4 of Reference Processing: no references
[15.856s][debug  ][gc,phases,ref  ] GC(58) Reference Processing: 0.1ms
[15.856s][debug  ][gc,phases,ref  ] GC(58)   Reconsider SoftReferences: 0.0ms
[15.856s][debug  ][gc,phases,ref  ] GC(58)     SoftRef (ms):                  skipped
[15.856s][debug  ][gc,phases,ref  ] GC(58)   Notify Soft/WeakReferences: 0.0ms
[15.856s][debug  ][gc,phases,ref  ] GC(58)     SoftRef (ms):                  skipped
[15.856s][debug  ][gc,phases,ref  ] GC(58)     WeakRef (ms):                  skipped
[15.856s][debug  ][gc,phases,ref  ] GC(58)     FinalRef (ms):                 skipped
[15.856s][debug  ][gc,phases,ref  ] GC(58)     Total (ms):                    skipped
[15.856s][debug  ][gc,phases,ref  ] GC(58)   Notify and keep alive finalizable: 0.0ms
[15.856s][debug  ][gc,phases,ref  ] GC(58)     FinalRef (ms):                 skipped
[15.856s][debug  ][gc,phases,ref  ] GC(58)   Notify PhantomReferences: 0.0ms
[15.856s][debug  ][gc,phases,ref  ] GC(58)     PhantomRef (ms):               skipped
[15.856s][debug  ][gc,phases,ref  ] GC(58)   SoftReference:
[15.856s][debug  ][gc,phases,ref  ] GC(58)     Discovered: 0
[15.856s][debug  ][gc,phases,ref  ] GC(58)     Cleared: 0
[15.856s][debug  ][gc,phases,ref  ] GC(58)   WeakReference:
[15.857s][debug  ][gc,phases,ref  ] GC(58)     Discovered: 0
[15.857s][debug  ][gc,phases,ref  ] GC(58)     Cleared: 0
[15.857s][debug  ][gc,phases,ref  ] GC(58)   FinalReference:
[15.857s][debug  ][gc,phases,ref  ] GC(58)     Discovered: 0
[15.857s][debug  ][gc,phases,ref  ] GC(58)     Cleared: 0
[15.857s][debug  ][gc,phases,ref  ] GC(58)   PhantomReference:
[15.857s][debug  ][gc,phases,ref  ] GC(58)     Discovered: 0
[15.857s][debug  ][gc,phases,ref  ] GC(58)     Cleared: 0
[15.857s][debug  ][gc,phases      ] GC(58) Reference Processing 0.758ms
[15.857s][debug  ][gc,phases,start] GC(58) Weak Processing
[15.857s][debug  ][gc,phases      ] GC(58)   VM Weak                        Min:  0.0, Avg:  0.0, Max:  0.0, Diff:  0.0, Sum:  0.0, Workers: 6
[15.857s][debug  ][gc,phases      ] GC(58)     Dead                           Min: 0, Avg:  0.0, Max: 0, Diff: 0, Sum: 0, Workers: 6
[15.857s][debug  ][gc,phases      ] GC(58)     Total                          Min: 0, Avg:  1.3, Max: 8, Diff: 8, Sum: 8, Workers: 6
[15.857s][debug  ][gc,phases      ] GC(58)   ObjectSynchronizer Weak        Min:  0.0, Avg:  0.0, Max:  0.0, Diff:  0.0, Sum:  0.0, Workers: 6
[15.857s][debug  ][gc,phases      ] GC(58)     Dead                           Min: 0, Avg:  0.0, Max: 0, Diff: 0, Sum: 0, Workers: 6
[15.857s][debug  ][gc,phases      ] GC(58)     Total                          Min: 0, Avg:  0.5, Max: 3, Diff: 3, Sum: 3, Workers: 6
[15.857s][debug  ][gc,phases      ] GC(58)   JVMTI Tag Weak OopStorage      Min:  0.0, Avg:  0.0, Max:  0.0, Diff:  0.0, Sum:  0.0, Workers: 6
[15.857s][debug  ][gc,phases      ] GC(58)     Dead                           Min: 0, Avg:  0.0, Max: 0, Diff: 0, Sum: 0, Workers: 6
[15.857s][debug  ][gc,phases      ] GC(58)     Total                          Min: 0, Avg:  0.0, Max: 0, Diff: 0, Sum: 0, Workers: 6
[15.857s][debug  ][gc,phases      ] GC(58)   StringTable Weak               Min:  0.0, Avg:  0.0, Max:  0.0, Diff:  0.0, Sum:  0.0, Workers: 6
[15.857s][debug  ][gc,phases      ] GC(58)     Dead                           Min: 0, Avg:  0.0, Max: 0, Diff: 0, Sum: 0, Workers: 6
[15.857s][debug  ][gc,phases      ] GC(58)     Total                          Min: 810, Avg: 892.2, Max: 1024, Diff: 214, Sum: 5353, Workers: 6
[15.857s][debug  ][gc,phases      ] GC(58)   ResolvedMethodTable Weak       Min:  0.0, Avg:  0.0, Max:  0.0, Diff:  0.0, Sum:  0.0, Workers: 6
[15.857s][debug  ][gc,phases      ] GC(58)     Dead                           Min: 0, Avg:  0.0, Max: 0, Diff: 0, Sum: 0, Workers: 6
[15.857s][debug  ][gc,phases      ] GC(58)     Total                          Min: 0, Avg: 21.7, Max: 64, Diff: 64, Sum: 130, Workers: 6
[15.857s][debug  ][gc,phases      ] GC(58)   JNI Weak                       Min:  0.0, Avg:  0.0, Max:  0.0, Diff:  0.0, Sum:  0.0, Workers: 6
[15.857s][debug  ][gc,phases      ] GC(58)     Dead                           Min: 0, Avg:  0.0, Max: 0, Diff: 0, Sum: 0, Workers: 6
[15.857s][debug  ][gc,phases      ] GC(58)     Total                          Min: 0, Avg:  0.0, Max: 0, Diff: 0, Sum: 0, Workers: 6
[15.857s][debug  ][gc,phases      ] GC(58)   StringDedup Table Weak         Min:  0.0, Avg:  0.0, Max:  0.0, Diff:  0.0, Sum:  0.0, Workers: 6
[15.857s][debug  ][gc,phases      ] GC(58)     Dead                           Min: 0, Avg:  0.0, Max: 0, Diff: 0, Sum: 0, Workers: 6
[15.857s][debug  ][gc,phases      ] GC(58)     Total                          Min: 0, Avg:  0.0, Max: 0, Diff: 0, Sum: 0, Workers: 6
[15.857s][debug  ][gc,phases      ] GC(58)   StringDedup Requests0 Weak     Min:  0.0, Avg:  0.0, Max:  0.0, Diff:  0.0, Sum:  0.0, Workers: 6
[15.857s][debug  ][gc,phases      ] GC(58)     Dead                           Min: 0, Avg:  0.0, Max: 0, Diff: 0, Sum: 0, Workers: 6
[15.857s][debug  ][gc,phases      ] GC(58)     Total                          Min: 0, Avg:  0.0, Max: 0, Diff: 0, Sum: 0, Workers: 6
[15.857s][debug  ][gc,phases      ] GC(58)   StringDedup Requests1 Weak     Min:  0.0, Avg:  0.0, Max:  0.0, Diff:  0.0, Sum:  0.0, Workers: 6
[15.857s][debug  ][gc,phases      ] GC(58)     Dead                           Min: 0, Avg:  0.0, Max: 0, Diff: 0, Sum: 0, Workers: 6
[15.858s][debug  ][gc,phases      ] GC(58)     Total                          Min: 0, Avg:  0.0, Max: 0, Diff: 0, Sum: 0, Workers: 6
[15.858s][debug  ][gc,phases      ] GC(58)   Weak JFR Old Object Samples    Min:  0.0, Avg:  0.0, Max:  0.0, Diff:  0.0, Sum:  0.0, Workers: 6
[15.858s][debug  ][gc,phases      ] GC(58)     Dead                           Min: 0, Avg:  0.0, Max: 0, Diff: 0, Sum: 0, Workers: 6
[15.858s][debug  ][gc,phases      ] GC(58)     Total                          Min: 0, Avg:  0.0, Max: 0, Diff: 0, Sum: 0, Workers: 6
[15.858s][debug  ][gc,phases      ] GC(58) Weak Processing 0.869ms
[15.858s][debug  ][gc,ergo        ] GC(58) AdaptiveSizeStart:  collection: 59 
[15.858s][debug  ][gc,ergo        ] GC(58) avg_survived_padded_avg: 31682064.000000
[15.858s][debug  ][gc,ergo        ] GC(58) avg_promoted_padded_avg: 261602816.000000  avg_pretenured_padded_avg: 0.000000  tenuring_thresh: 1  target_size: 31981568
[15.858s][debug  ][gc,age         ] GC(58) Desired survivor size 31981568 bytes, new threshold 1 (max threshold 15)
[15.858s][debug  ][gc,ergo        ] GC(58) PSAdaptiveSizePolicy::compute_eden_space_size limits: desired_eden_size: 226647410 old_eden_size: 204472320 eden_limit: 204472320 cur_eden: 204472320 max_eden_size: 204472320 avg_young_live: 25541602
[15.858s][debug  ][gc,ergo        ] GC(58) PSAdaptiveSizePolicy::compute_eden_space_size: costs minor_time: 0.047346 major_cost: 0.044445 mutator_cost: 0.908210 throughput_goal: 0.990000
[15.858s][debug  ][gc,ergo        ] GC(58) Live_space: 931792000 free_space: 1265106944
[15.858s][debug  ][gc,ergo        ] GC(58) Old eden_size: 204472320 desired_eden_size: 204472320
[15.858s][debug  ][gc,ergo        ] GC(58) AdaptiveSizeStop: collection: 59 
[15.858s][info   ][gc,heap        ] GC(58) PSYoungGen: 198461K(230912K)->30720K(230912K) Eden: 198461K(199680K)->0K(199680K) From: 0K(31232K)->30720K(31232K)
[15.858s][info   ][gc,heap        ] GC(58) ParOldGen: 810596K(1835008K)->974436K(1835008K)
[15.858s][info   ][gc,metaspace   ] GC(58) Metaspace: 1021K(1216K)->1021K(1216K) NonClass: 937K(1024K)->937K(1024K) Class: 83K(192K)->83K(192K)
[15.858s][info   ][gc             ] GC(58) Pause Young (Allocation Failure) 985M->981M(2017M) 15.524ms
[15.858s][info   ][gc,cpu         ] GC(58) User=0.16s Sys=0.00s Real=0.02s
[15.858s][debug  ][gc,heap        ] GC(58) Heap after GC invocations=59 (full 10):
[15.858s][debug  ][gc,heap        ] GC(58)  PSYoungGen      total 230912K, used 30720K [0x00000000f0000000, 0x0000000100000000, 0x0000000100000000)
[15.858s][debug  ][gc,heap        ] GC(58)   eden space 199680K, 0% used [0x00000000f0000000,0x00000000f0000000,0x00000000fc300000)
[15.858s][debug  ][gc,heap        ] GC(58)   from space 31232K, 98% used [0x00000000fc300000,0x00000000fe100030,0x00000000fe180000)
[15.858s][debug  ][gc,heap        ] GC(58)   to   space 31232K, 0% used [0x00000000fe180000,0x00000000fe180000,0x0000000100000000)
[15.858s][debug  ][gc,heap        ] GC(58)  ParOldGen       total 1835008K, used 974436K [0x0000000080000000, 0x00000000f0000000, 0x00000000f0000000)
[15.858s][debug  ][gc,heap        ] GC(58)   object space 1835008K, 53% used [0x0000000080000000,0x00000000bb799170,0x00000000f0000000)
[15.858s][debug  ][gc,heap        ] GC(58)  Metaspace       used 1021K, committed 1216K, reserved 1056768K
[15.858s][debug  ][gc,heap        ] GC(58)   class space    used 83K, committed 192K, reserved 1048576K
[15.858s][debug  ][gc,task,time   ] GC(58) VM-Thread 158419502 158559612 158583166
[16.161s][debug  ][gc,heap        ] GC(59) Heap before GC invocations=60 (full 10):
[16.161s][debug  ][gc,heap        ] GC(59)  PSYoungGen      total 230912K, used 229114K [0x00000000f0000000, 0x0000000100000000, 0x0000000100000000)
[16.161s][debug  ][gc,heap        ] GC(59)   eden space 199680K, 99% used [0x00000000f0000000,0x00000000fc1be9c8,0x00000000fc300000)
[16.161s][debug  ][gc,heap        ] GC(59)   from space 31232K, 98% used [0x00000000fc300000,0x00000000fe100030,0x00000000fe180000)
[16.161s][debug  ][gc,heap        ] GC(59)   to   space 31232K, 0% used [0x00000000fe180000,0x00000000fe180000,0x0000000100000000)
[16.161s][debug  ][gc,heap        ] GC(59)  ParOldGen       total 1835008K, used 974436K [0x0000000080000000, 0x00000000f0000000, 0x00000000f0000000)
[16.161s][debug  ][gc,heap        ] GC(59)   object space 1835008K, 53% used [0x0000000080000000,0x00000000bb799170,0x00000000f0000000)
[16.161s][debug  ][gc,heap        ] GC(59)  Metaspace       used 1023K, committed 1216K, reserved 1056768K
[16.161s][debug  ][gc,heap        ] GC(59)   class space    used 83K, committed 192K, reserved 1048576K
[16.161s][debug  ][gc,tlab        ] GC(59) TLAB totals: thrds: 1  refills: 1 max: 1 slow allocs: 18 max 18 waste: 27.2% gc: 3925000B max: 3925000B slow: 0B max: 0B
[16.161s][info   ][gc,start       ] GC(59) Pause Young (Allocation Failure)
[16.162s][debug  ][gc,phases,start] GC(59) Scavenge
[16.174s][debug  ][gc,phases      ] GC(59) Scavenge 12.224ms
[16.174s][debug  ][gc,phases,start] GC(59) Reference Processing
[16.174s][debug  ][gc,ref         ] GC(59) Skipped phase 1 of Reference Processing: no references
[16.174s][debug  ][gc,ref         ] GC(59) Skipped phase 2 of Reference Processing: no references
[16.174s][debug  ][gc,ref         ] GC(59) Skipped phase 3 of Reference Processing: no references
[16.174s][debug  ][gc,ref         ] GC(59) Skipped phase 4 of Reference Processing: no references
[16.174s][debug  ][gc,phases,ref  ] GC(59) Reference Processing: 0.1ms
[16.174s][debug  ][gc,phases,ref  ] GC(59)   Reconsider SoftReferences: 0.0ms
[16.174s][debug  ][gc,phases,ref  ] GC(59)     SoftRef (ms):                  skipped
[16.174s][debug  ][gc,phases,ref  ] GC(59)   Notify Soft/WeakReferences: 0.0ms
[16.174s][debug  ][gc,phases,ref  ] GC(59)     SoftRef (ms):                  skipped
[16.174s][debug  ][gc,phases,ref  ] GC(59)     WeakRef (ms):                  skipped
[16.174s][debug  ][gc,phases,ref  ] GC(59)     FinalRef (ms):                 skipped
[16.174s][debug  ][gc,phases,ref  ] GC(59)     Total (ms):                    skipped
[16.174s][debug  ][gc,phases,ref  ] GC(59)   Notify and keep alive finalizable: 0.0ms
[16.174s][debug  ][gc,phases,ref  ] GC(59)     FinalRef (ms):                 skipped
[16.174s][debug  ][gc,phases,ref  ] GC(59)   Notify PhantomReferences: 0.0ms
[16.174s][debug  ][gc,phases,ref  ] GC(59)     PhantomRef (ms):               skipped
[16.174s][debug  ][gc,phases,ref  ] GC(59)   SoftReference:
[16.174s][debug  ][gc,phases,ref  ] GC(59)     Discovered: 0
[16.174s][debug  ][gc,phases,ref  ] GC(59)     Cleared: 0
[16.174s][debug  ][gc,phases,ref  ] GC(59)   WeakReference:
[16.174s][debug  ][gc,phases,ref  ] GC(59)     Discovered: 0
[16.174s][debug  ][gc,phases,ref  ] GC(59)     Cleared: 0
[16.174s][debug  ][gc,phases,ref  ] GC(59)   FinalReference:
[16.174s][debug  ][gc,phases,ref  ] GC(59)     Discovered: 0
[16.174s][debug  ][gc,phases,ref  ] GC(59)     Cleared: 0
[16.175s][debug  ][gc,phases,ref  ] GC(59)   PhantomReference:
[16.175s][debug  ][gc,phases,ref  ] GC(59)     Discovered: 0
[16.175s][debug  ][gc,phases,ref  ] GC(59)     Cleared: 0
[16.175s][debug  ][gc,phases      ] GC(59) Reference Processing 0.750ms
[16.175s][debug  ][gc,phases,start] GC(59) Weak Processing
[16.175s][debug  ][gc,phases      ] GC(59)   VM Weak                        Min:  0.0, Avg:  0.0, Max:  0.0, Diff:  0.0, Sum:  0.0, Workers: 6
[16.175s][debug  ][gc,phases      ] GC(59)     Dead                           Min: 0, Avg:  0.0, Max: 0, Diff: 0, Sum: 0, Workers: 6
[16.175s][debug  ][gc,phases      ] GC(59)     Total                          Min: 0, Avg:  1.3, Max: 8, Diff: 8, Sum: 8, Workers: 6
[16.175s][debug  ][gc,phases      ] GC(59)   ObjectSynchronizer Weak        Min:  0.0, Avg:  0.0, Max:  0.0, Diff:  0.0, Sum:  0.0, Workers: 6
[16.175s][debug  ][gc,phases      ] GC(59)     Dead                           Min: 0, Avg:  0.0, Max: 0, Diff: 0, Sum: 0, Workers: 6
[16.175s][debug  ][gc,phases      ] GC(59)     Total                          Min: 0, Avg:  0.5, Max: 3, Diff: 3, Sum: 3, Workers: 6
[16.175s][debug  ][gc,phases      ] GC(59)   JVMTI Tag Weak OopStorage      Min:  0.0, Avg:  0.0, Max:  0.0, Diff:  0.0, Sum:  0.0, Workers: 6
[16.175s][debug  ][gc,phases      ] GC(59)     Dead                           Min: 0, Avg:  0.0, Max: 0, Diff: 0, Sum: 0, Workers: 6
[16.175s][debug  ][gc,phases      ] GC(59)     Total                          Min: 0, Avg:  0.0, Max: 0, Diff: 0, Sum: 0, Workers: 6
[16.175s][debug  ][gc,phases      ] GC(59)   StringTable Weak               Min:  0.0, Avg:  0.0, Max:  0.0, Diff:  0.0, Sum:  0.0, Workers: 6
[16.175s][debug  ][gc,phases      ] GC(59)     Dead                           Min: 0, Avg:  0.0, Max: 0, Diff: 0, Sum: 0, Workers: 6
[16.175s][debug  ][gc,phases      ] GC(59)     Total                          Min: 640, Avg: 892.2, Max: 1088, Diff: 448, Sum: 5353, Workers: 6
[16.175s][debug  ][gc,phases      ] GC(59)   ResolvedMethodTable Weak       Min:  0.0, Avg:  0.0, Max:  0.0, Diff:  0.0, Sum:  0.0, Workers: 6
[16.175s][debug  ][gc,phases      ] GC(59)     Dead                           Min: 0, Avg:  0.0, Max: 0, Diff: 0, Sum: 0, Workers: 6
[16.175s][debug  ][gc,phases      ] GC(59)     Total                          Min: 0, Avg: 21.7, Max: 64, Diff: 64, Sum: 130, Workers: 6
[16.175s][debug  ][gc,phases      ] GC(59)   JNI Weak                       Min:  0.0, Avg:  0.0, Max:  0.0, Diff:  0.0, Sum:  0.0, Workers: 6
[16.175s][debug  ][gc,phases      ] GC(59)     Dead                           Min: 0, Avg:  0.0, Max: 0, Diff: 0, Sum: 0, Workers: 6
[16.175s][debug  ][gc,phases      ] GC(59)     Total                          Min: 0, Avg:  0.0, Max: 0, Diff: 0, Sum: 0, Workers: 6
[16.175s][debug  ][gc,phases      ] GC(59)   StringDedup Table Weak         Min:  0.0, Avg:  0.0, Max:  0.0, Diff:  0.0, Sum:  0.0, Workers: 6
[16.175s][debug  ][gc,phases      ] GC(59)     Dead                           Min: 0, Avg:  0.0, Max: 0, Diff: 0, Sum: 0, Workers: 6
[16.175s][debug  ][gc,phases      ] GC(59)     Total                          Min: 0, Avg:  0.0, Max: 0, Diff: 0, Sum: 0, Workers: 6
[16.175s][debug  ][gc,phases      ] GC(59)   StringDedup Requests0 Weak     Min:  0.0, Avg:  0.0, Max:  0.0, Diff:  0.0, Sum:  0.0, Workers: 6
[16.175s][debug  ][gc,phases      ] GC(59)     Dead                           Min: 0, Avg:  0.0, Max: 0, Diff: 0, Sum: 0, Workers: 6
[16.175s][debug  ][gc,phases      ] GC(59)     Total                          Min: 0, Avg:  0.0, Max: 0, Diff: 0, Sum: 0, Workers: 6
[16.175s][debug  ][gc,phases      ] GC(59)   StringDedup Requests1 Weak     Min:  0.0, Avg:  0.0, Max:  0.0, Diff:  0.0, Sum:  0.0, Workers: 6
[16.175s][debug  ][gc,phases      ] GC(59)     Dead                           Min: 0, Avg:  0.0, Max: 0, Diff: 0, Sum: 0, Workers: 6
[16.175s][debug  ][gc,phases      ] GC(59)     Total                          Min: 0, Avg:  0.0, Max: 0, Diff: 0, Sum: 0, Workers: 6
[16.175s][debug  ][gc,phases      ] GC(59)   Weak JFR Old Object Samples    Min:  0.0, Avg:  0.0, Max:  0.0, Diff:  0.0, Sum:  0.0, Workers: 6
[16.175s][debug  ][gc,phases      ] GC(59)     Dead                           Min: 0, Avg:  0.0, Max: 0, Diff: 0, Sum: 0, Workers: 6
[16.175s][debug  ][gc,phases      ] GC(59)     Total                          Min: 0, Avg:  0.0, Max: 0, Diff: 0, Sum: 0, Workers: 6
[16.175s][debug  ][gc,phases      ] GC(59) Weak Processing 0.879ms
[16.176s][debug  ][gc,ergo        ] GC(59) AdaptiveSizeStart:  collection: 60 
[16.176s][debug  ][gc,ergo        ] GC(59) avg_survived_padded_avg: 31663904.000000
[16.176s][debug  ][gc,ergo        ] GC(59) avg_promoted_padded_avg: 256312816.000000  avg_pretenured_padded_avg: 0.000000  tenuring_thresh: 1  target_size: 31981568
[16.176s][debug  ][gc,age         ] GC(59) Desired survivor size 31981568 bytes, new threshold 1 (max threshold 15)
[16.176s][debug  ][gc,ergo        ] GC(59) PSAdaptiveSizePolicy::compute_eden_space_size limits: desired_eden_size: 226456069 old_eden_size: 204472320 eden_limit: 204472320 cur_eden: 204472320 max_eden_size: 204472320 avg_young_live: 26133172
[16.176s][debug  ][gc,ergo        ] GC(59) PSAdaptiveSizePolicy::compute_eden_space_size: costs minor_time: 0.046510 major_cost: 0.044445 mutator_cost: 0.909046 throughput_goal: 0.990000
[16.176s][debug  ][gc,ergo        ] GC(59) Live_space: 932383552 free_space: 1265106944
[16.176s][debug  ][gc,ergo        ] GC(59) Old eden_size: 204472320 desired_eden_size: 204472320
[16.176s][debug  ][gc,ergo        ] GC(59) AdaptiveSizeStop: collection: 60 
[16.176s][info   ][gc,heap        ] GC(59) PSYoungGen: 229114K(230912K)->30720K(230912K) Eden: 198394K(199680K)->0K(199680K) From: 30720K(31232K)->30720K(31232K)
[16.176s][info   ][gc,heap        ] GC(59) ParOldGen: 974436K(1835008K)->1117796K(1835008K)
[16.176s][info   ][gc,metaspace   ] GC(59) Metaspace: 1023K(1216K)->1023K(1216K) NonClass: 939K(1024K)->939K(1024K) Class: 83K(192K)->83K(192K)
[16.176s][info   ][gc             ] GC(59) Pause Young (Allocation Failure) 1175M->1121M(2017M) 14.403ms
[16.176s][info   ][gc,cpu         ] GC(59) User=0.00s Sys=0.00s Real=0.01s
[16.176s][debug  ][gc,heap        ] GC(59) Heap after GC invocations=60 (full 10):
[16.176s][debug  ][gc,heap        ] GC(59)  PSYoungGen      total 230912K, used 30720K [0x00000000f0000000, 0x0000000100000000, 0x0000000100000000)
[16.176s][debug  ][gc,heap        ] GC(59)   eden space 199680K, 0% used [0x00000000f0000000,0x00000000f0000000,0x00000000fc300000)
[16.176s][debug  ][gc,heap        ] GC(59)   from space 31232K, 98% used [0x00000000fe180000,0x00000000fff80030,0x0000000100000000)
[16.176s][debug  ][gc,heap        ] GC(59)   to   space 31232K, 0% used [0x00000000fc300000,0x00000000fc300000,0x00000000fe180000)
[16.176s][debug  ][gc,heap        ] GC(59)  ParOldGen       total 1835008K, used 1117796K [0x0000000080000000, 0x00000000f0000000, 0x00000000f0000000)
[16.176s][debug  ][gc,heap        ] GC(59)   object space 1835008K, 60% used [0x0000000080000000,0x00000000c4399250,0x00000000f0000000)
[16.176s][debug  ][gc,heap        ] GC(59)  Metaspace       used 1023K, committed 1216K, reserved 1056768K
[16.176s][debug  ][gc,heap        ] GC(59)   class space    used 83K, committed 192K, reserved 1048576K
[16.176s][debug  ][gc,task,time   ] GC(59) VM-Thread 161610424 161738333 161761948
[16.476s][debug  ][gc,heap        ] GC(60) Heap before GC invocations=61 (full 10):
[16.476s][debug  ][gc,heap        ] GC(60)  PSYoungGen      total 230912K, used 229143K [0x00000000f0000000, 0x0000000100000000, 0x0000000100000000)
[16.476s][debug  ][gc,heap        ] GC(60)   eden space 199680K, 99% used [0x00000000f0000000,0x00000000fc1c5cf0,0x00000000fc300000)
[16.476s][debug  ][gc,heap        ] GC(60)   from space 31232K, 98% used [0x00000000fe180000,0x00000000fff80030,0x0000000100000000)
[16.476s][debug  ][gc,heap        ] GC(60)   to   space 31232K, 0% used [0x00000000fc300000,0x00000000fc300000,0x00000000fe180000)
[16.476s][debug  ][gc,heap        ] GC(60)  ParOldGen       total 1835008K, used 1117796K [0x0000000080000000, 0x00000000f0000000, 0x00000000f0000000)
[16.476s][debug  ][gc,heap        ] GC(60)   object space 1835008K, 60% used [0x0000000080000000,0x00000000c4399250,0x00000000f0000000)
[16.476s][debug  ][gc,heap        ] GC(60)  Metaspace       used 1023K, committed 1216K, reserved 1056768K
[16.476s][debug  ][gc,heap        ] GC(60)   class space    used 83K, committed 192K, reserved 1048576K
[16.476s][debug  ][gc,tlab        ] GC(60) TLAB totals: thrds: 1  refills: 1 max: 1 slow allocs: 18 max 18 waste: 27.4% gc: 3955648B max: 3955648B slow: 0B max: 0B
[16.476s][info   ][gc,start       ] GC(60) Pause Young (Allocation Failure)
[16.476s][debug  ][gc,phases,start] GC(60) Scavenge
[16.492s][debug  ][gc,phases      ] GC(60) Scavenge 15.454ms
[16.492s][debug  ][gc,phases,start] GC(60) Reference Processing
[16.492s][debug  ][gc,ref         ] GC(60) Skipped phase 1 of Reference Processing: no references
[16.492s][debug  ][gc,ref         ] GC(60) Skipped phase 2 of Reference Processing: no references
[16.492s][debug  ][gc,ref         ] GC(60) Skipped phase 3 of Reference Processing: no references
[16.492s][debug  ][gc,ref         ] GC(60) Skipped phase 4 of Reference Processing: no references
[16.492s][debug  ][gc,phases,ref  ] GC(60) Reference Processing: 0.1ms
[16.492s][debug  ][gc,phases,ref  ] GC(60)   Reconsider SoftReferences: 0.0ms
[16.492s][debug  ][gc,phases,ref  ] GC(60)     SoftRef (ms):                  skipped
[16.492s][debug  ][gc,phases,ref  ] GC(60)   Notify Soft/WeakReferences: 0.0ms
[16.492s][debug  ][gc,phases,ref  ] GC(60)     SoftRef (ms):                  skipped
[16.492s][debug  ][gc,phases,ref  ] GC(60)     WeakRef (ms):                  skipped
[16.492s][debug  ][gc,phases,ref  ] GC(60)     FinalRef (ms):                 skipped
[16.492s][debug  ][gc,phases,ref  ] GC(60)     Total (ms):                    skipped
[16.492s][debug  ][gc,phases,ref  ] GC(60)   Notify and keep alive finalizable: 0.0ms
[16.492s][debug  ][gc,phases,ref  ] GC(60)     FinalRef (ms):                 skipped
[16.492s][debug  ][gc,phases,ref  ] GC(60)   Notify PhantomReferences: 0.0ms
[16.492s][debug  ][gc,phases,ref  ] GC(60)     PhantomRef (ms):               skipped
[16.492s][debug  ][gc,phases,ref  ] GC(60)   SoftReference:
[16.492s][debug  ][gc,phases,ref  ] GC(60)     Discovered: 0
[16.492s][debug  ][gc,phases,ref  ] GC(60)     Cleared: 0
[16.492s][debug  ][gc,phases,ref  ] GC(60)   WeakReference:
[16.492s][debug  ][gc,phases,ref  ] GC(60)     Discovered: 0
[16.492s][debug  ][gc,phases,ref  ] GC(60)     Cleared: 0
[16.492s][debug  ][gc,phases,ref  ] GC(60)   FinalReference:
[16.492s][debug  ][gc,phases,ref  ] GC(60)     Discovered: 0
[16.492s][debug  ][gc,phases,ref  ] GC(60)     Cleared: 0
[16.492s][debug  ][gc,phases,ref  ] GC(60)   PhantomReference:
[16.492s][debug  ][gc,phases,ref  ] GC(60)     Discovered: 0
[16.492s][debug  ][gc,phases,ref  ] GC(60)     Cleared: 0
[16.492s][debug  ][gc,phases      ] GC(60) Reference Processing 0.704ms
[16.492s][debug  ][gc,phases,start] GC(60) Weak Processing
[16.492s][debug  ][gc,phases      ] GC(60)   VM Weak                        Min:  0.0, Avg:  0.0, Max:  0.0, Diff:  0.0, Sum:  0.0, Workers: 6
[16.493s][debug  ][gc,phases      ] GC(60)     Dead                           Min: 0, Avg:  0.0, Max: 0, Diff: 0, Sum: 0, Workers: 6
[16.493s][debug  ][gc,phases      ] GC(60)     Total                          Min: 0, Avg:  1.3, Max: 8, Diff: 8, Sum: 8, Workers: 6
[16.493s][debug  ][gc,phases      ] GC(60)   ObjectSynchronizer Weak        Min:  0.0, Avg:  0.0, Max:  0.0, Diff:  0.0, Sum:  0.0, Workers: 6
[16.493s][debug  ][gc,phases      ] GC(60)     Dead                           Min: 0, Avg:  0.0, Max: 0, Diff: 0, Sum: 0, Workers: 6
[16.493s][debug  ][gc,phases      ] GC(60)     Total                          Min: 0, Avg:  0.5, Max: 3, Diff: 3, Sum: 3, Workers: 6
[16.493s][debug  ][gc,phases      ] GC(60)   JVMTI Tag Weak OopStorage      Min:  0.0, Avg:  0.0, Max:  0.0, Diff:  0.0, Sum:  0.0, Workers: 6
[16.493s][debug  ][gc,phases      ] GC(60)     Dead                           Min: 0, Avg:  0.0, Max: 0, Diff: 0, Sum: 0, Workers: 6
[16.493s][debug  ][gc,phases      ] GC(60)     Total                          Min: 0, Avg:  0.0, Max: 0, Diff: 0, Sum: 0, Workers: 6
[16.493s][debug  ][gc,phases      ] GC(60)   StringTable Weak               Min:  0.0, Avg:  0.0, Max:  0.0, Diff:  0.0, Sum:  0.0, Workers: 6
[16.493s][debug  ][gc,phases      ] GC(60)     Dead                           Min: 0, Avg:  0.0, Max: 0, Diff: 0, Sum: 0, Workers: 6
[16.493s][debug  ][gc,phases      ] GC(60)     Total                          Min: 703, Avg: 892.2, Max: 1088, Diff: 385, Sum: 5353, Workers: 6
[16.493s][debug  ][gc,phases      ] GC(60)   ResolvedMethodTable Weak       Min:  0.0, Avg:  0.0, Max:  0.0, Diff:  0.0, Sum:  0.0, Workers: 6
[16.493s][debug  ][gc,phases      ] GC(60)     Dead                           Min: 0, Avg:  0.0, Max: 0, Diff: 0, Sum: 0, Workers: 6
[16.493s][debug  ][gc,phases      ] GC(60)     Total                          Min: 0, Avg: 21.7, Max: 64, Diff: 64, Sum: 130, Workers: 6
[16.493s][debug  ][gc,phases      ] GC(60)   JNI Weak                       Min:  0.0, Avg:  0.0, Max:  0.0, Diff:  0.0, Sum:  0.0, Workers: 6
[16.493s][debug  ][gc,phases      ] GC(60)     Dead                           Min: 0, Avg:  0.0, Max: 0, Diff: 0, Sum: 0, Workers: 6
[16.493s][debug  ][gc,phases      ] GC(60)     Total                          Min: 0, Avg:  0.0, Max: 0, Diff: 0, Sum: 0, Workers: 6
[16.493s][debug  ][gc,phases      ] GC(60)   StringDedup Table Weak         Min:  0.0, Avg:  0.0, Max:  0.0, Diff:  0.0, Sum:  0.0, Workers: 6
[16.493s][debug  ][gc,phases      ] GC(60)     Dead                           Min: 0, Avg:  0.0, Max: 0, Diff: 0, Sum: 0, Workers: 6
[16.493s][debug  ][gc,phases      ] GC(60)     Total                          Min: 0, Avg:  0.0, Max: 0, Diff: 0, Sum: 0, Workers: 6
[16.493s][debug  ][gc,phases      ] GC(60)   StringDedup Requests0 Weak     Min:  0.0, Avg:  0.0, Max:  0.0, Diff:  0.0, Sum:  0.0, Workers: 6
[16.493s][debug  ][gc,phases      ] GC(60)     Dead                           Min: 0, Avg:  0.0, Max: 0, Diff: 0, Sum: 0, Workers: 6
[16.493s][debug  ][gc,phases      ] GC(60)     Total                          Min: 0, Avg:  0.0, Max: 0, Diff: 0, Sum: 0, Workers: 6
[16.493s][debug  ][gc,phases      ] GC(60)   StringDedup Requests1 Weak     Min:  0.0, Avg:  0.0, Max:  0.0, Diff:  0.0, Sum:  0.0, Workers: 6
[16.493s][debug  ][gc,phases      ] GC(60)     Dead                           Min: 0, Avg:  0.0, Max: 0, Diff: 0, Sum: 0, Workers: 6
[16.493s][debug  ][gc,phases      ] GC(60)     Total                          Min: 0, Avg:  0.0, Max: 0, Diff: 0, Sum: 0, Workers: 6
[16.493s][debug  ][gc,phases      ] GC(60)   Weak JFR Old Object Samples    Min:  0.0, Avg:  0.0, Max:  0.0, Diff:  0.0, Sum:  0.0, Workers: 6
[16.493s][debug  ][gc,phases      ] GC(60)     Dead                           Min: 0, Avg:  0.0, Max: 0, Diff: 0, Sum: 0, Workers: 6
[16.493s][debug  ][gc,phases      ] GC(60)     Total                          Min: 0, Avg:  0.0, Max: 0, Diff: 0, Sum: 0, Workers: 6
[16.493s][debug  ][gc,phases      ] GC(60) Weak Processing 0.758ms
[16.493s][debug  ][gc,ergo        ] GC(60) AdaptiveSizeStart:  collection: 61 
[16.493s][debug  ][gc,ergo        ] GC(60) avg_survived_padded_avg: 31647130.000000
[16.493s][debug  ][gc,ergo        ] GC(60) avg_promoted_padded_avg: 259189120.000000  avg_pretenured_padded_avg: 0.000000  tenuring_thresh: 1  target_size: 31981568
[16.493s][debug  ][gc,age         ] GC(60) Desired survivor size 31981568 bytes, new threshold 1 (max threshold 15)
[16.493s][debug  ][gc,ergo        ] GC(60) PSAdaptiveSizePolicy::compute_eden_space_size limits: desired_eden_size: 226860010 old_eden_size: 204472320 eden_limit: 204472320 cur_eden: 204472320 max_eden_size: 204472320 avg_young_live: 26665586
[16.493s][debug  ][gc,ergo        ] GC(60) PSAdaptiveSizePolicy::compute_eden_space_size: costs minor_time: 0.048293 major_cost: 0.044445 mutator_cost: 0.907262 throughput_goal: 0.990000
[16.493s][debug  ][gc,ergo        ] GC(60) Live_space: 932915968 free_space: 1265106944
[16.493s][debug  ][gc,ergo        ] GC(60) Old eden_size: 204472320 desired_eden_size: 204472320
[16.493s][debug  ][gc,ergo        ] GC(60) AdaptiveSizeStop: collection: 61 
[16.493s][info   ][gc,heap        ] GC(60) PSYoungGen: 229143K(230912K)->30720K(230912K) Eden: 198423K(199680K)->0K(199680K) From: 30720K(31232K)->30720K(31232K)
[16.493s][info   ][gc,heap        ] GC(60) ParOldGen: 1117796K(1835008K)->1312356K(1835008K)
[16.493s][info   ][gc,metaspace   ] GC(60) Metaspace: 1023K(1216K)->1023K(1216K) NonClass: 939K(1024K)->939K(1024K) Class: 83K(192K)->83K(192K)
[16.494s][info   ][gc             ] GC(60) Pause Young (Allocation Failure) 1315M->1311M(2017M) 17.392ms
[16.494s][info   ][gc,cpu         ] GC(60) User=0.16s Sys=0.00s Real=0.02s
[16.494s][debug  ][gc,heap        ] GC(60) Heap after GC invocations=61 (full 10):
[16.494s][debug  ][gc,heap        ] GC(60)  PSYoungGen      total 230912K, used 30720K [0x00000000f0000000, 0x0000000100000000, 0x0000000100000000)
[16.494s][debug  ][gc,heap        ] GC(60)   eden space 199680K, 0% used [0x00000000f0000000,0x00000000f0000000,0x00000000fc300000)
[16.494s][debug  ][gc,heap        ] GC(60)   from space 31232K, 98% used [0x00000000fc300000,0x00000000fe100030,0x00000000fe180000)
[16.494s][debug  ][gc,heap        ] GC(60)   to   space 31232K, 0% used [0x00000000fe180000,0x00000000fe180000,0x0000000100000000)
[16.494s][debug  ][gc,heap        ] GC(60)  ParOldGen       total 1835008K, used 1312356K [0x0000000080000000, 0x00000000f0000000, 0x00000000f0000000)
[16.494s][debug  ][gc,heap        ] GC(60)   object space 1835008K, 71% used [0x0000000080000000,0x00000000d0199380,0x00000000f0000000)
[16.494s][debug  ][gc,heap        ] GC(60)  Metaspace       used 1023K, committed 1216K, reserved 1056768K
[16.494s][debug  ][gc,heap        ] GC(60)   class space    used 83K, committed 192K, reserved 1048576K
[16.494s][debug  ][gc,task,time   ] GC(60) VM-Thread 164756464 164916987 164937688
[16.790s][debug  ][gc,heap        ] GC(61) Heap before GC invocations=62 (full 10):
[16.790s][debug  ][gc,heap        ] GC(61)  PSYoungGen      total 230912K, used 229161K [0x00000000f0000000, 0x0000000100000000, 0x0000000100000000)
[16.790s][debug  ][gc,heap        ] GC(61)   eden space 199680K, 99% used [0x00000000f0000000,0x00000000fc1ca710,0x00000000fc300000)
[16.790s][debug  ][gc,heap        ] GC(61)   from space 31232K, 98% used [0x00000000fc300000,0x00000000fe100030,0x00000000fe180000)
[16.790s][debug  ][gc,heap        ] GC(61)   to   space 31232K, 0% used [0x00000000fe180000,0x00000000fe180000,0x0000000100000000)
[16.790s][debug  ][gc,heap        ] GC(61)  ParOldGen       total 1835008K, used 1312356K [0x0000000080000000, 0x00000000f0000000, 0x00000000f0000000)
[16.790s][debug  ][gc,heap        ] GC(61)   object space 1835008K, 71% used [0x0000000080000000,0x00000000d0199380,0x00000000f0000000)
[16.790s][debug  ][gc,heap        ] GC(61)  Metaspace       used 1023K, committed 1216K, reserved 1056768K
[16.790s][debug  ][gc,heap        ] GC(61)   class space    used 83K, committed 192K, reserved 1048576K
[16.790s][debug  ][gc,tlab        ] GC(61) TLAB totals: thrds: 1  refills: 1 max: 1 slow allocs: 18 max 18 waste: 27.5% gc: 3974624B max: 3974624B slow: 0B max: 0B
[16.790s][info   ][gc,start       ] GC(61) Pause Young (Allocation Failure)
[16.790s][debug  ][gc,phases,start] GC(61) Scavenge
[16.806s][debug  ][gc,phases      ] GC(61) Scavenge 15.703ms
[16.806s][debug  ][gc,phases,start] GC(61) Reference Processing
[16.806s][debug  ][gc,ref         ] GC(61) Skipped phase 1 of Reference Processing: no references
[16.806s][debug  ][gc,ref         ] GC(61) Skipped phase 2 of Reference Processing: no references
[16.806s][debug  ][gc,ref         ] GC(61) Skipped phase 3 of Reference Processing: no references
[16.806s][debug  ][gc,ref         ] GC(61) Skipped phase 4 of Reference Processing: no references
[16.806s][debug  ][gc,phases,ref  ] GC(61) Reference Processing: 0.1ms
[16.806s][debug  ][gc,phases,ref  ] GC(61)   Reconsider SoftReferences: 0.0ms
[16.806s][debug  ][gc,phases,ref  ] GC(61)     SoftRef (ms):                  skipped
[16.806s][debug  ][gc,phases,ref  ] GC(61)   Notify Soft/WeakReferences: 0.0ms
[16.806s][debug  ][gc,phases,ref  ] GC(61)     SoftRef (ms):                  skipped
[16.806s][debug  ][gc,phases,ref  ] GC(61)     WeakRef (ms):                  skipped
[16.806s][debug  ][gc,phases,ref  ] GC(61)     FinalRef (ms):                 skipped
[16.806s][debug  ][gc,phases,ref  ] GC(61)     Total (ms):                    skipped
[16.806s][debug  ][gc,phases,ref  ] GC(61)   Notify and keep alive finalizable: 0.0ms
[16.806s][debug  ][gc,phases,ref  ] GC(61)     FinalRef (ms):                 skipped
[16.806s][debug  ][gc,phases,ref  ] GC(61)   Notify PhantomReferences: 0.0ms
[16.806s][debug  ][gc,phases,ref  ] GC(61)     PhantomRef (ms):               skipped
[16.806s][debug  ][gc,phases,ref  ] GC(61)   SoftReference:
[16.806s][debug  ][gc,phases,ref  ] GC(61)     Discovered: 0
[16.806s][debug  ][gc,phases,ref  ] GC(61)     Cleared: 0
[16.807s][debug  ][gc,phases,ref  ] GC(61)   WeakReference:
[16.807s][debug  ][gc,phases,ref  ] GC(61)     Discovered: 0
[16.807s][debug  ][gc,phases,ref  ] GC(61)     Cleared: 0
[16.807s][debug  ][gc,phases,ref  ] GC(61)   FinalReference:
[16.807s][debug  ][gc,phases,ref  ] GC(61)     Discovered: 0
[16.807s][debug  ][gc,phases,ref  ] GC(61)     Cleared: 0
[16.807s][debug  ][gc,phases,ref  ] GC(61)   PhantomReference:
[16.807s][debug  ][gc,phases,ref  ] GC(61)     Discovered: 0
[16.807s][debug  ][gc,phases,ref  ] GC(61)     Cleared: 0
[16.807s][debug  ][gc,phases      ] GC(61) Reference Processing 0.703ms
[16.807s][debug  ][gc,phases,start] GC(61) Weak Processing
[16.807s][debug  ][gc,phases      ] GC(61)   VM Weak                        Min:  0.0, Avg:  0.0, Max:  0.0, Diff:  0.0, Sum:  0.0, Workers: 6
[16.807s][debug  ][gc,phases      ] GC(61)     Dead                           Min: 0, Avg:  0.0, Max: 0, Diff: 0, Sum: 0, Workers: 6
[16.807s][debug  ][gc,phases      ] GC(61)     Total                          Min: 0, Avg:  1.3, Max: 8, Diff: 8, Sum: 8, Workers: 6
[16.807s][debug  ][gc,phases      ] GC(61)   ObjectSynchronizer Weak        Min:  0.0, Avg:  0.0, Max:  0.0, Diff:  0.0, Sum:  0.0, Workers: 6
[16.807s][debug  ][gc,phases      ] GC(61)     Dead                           Min: 0, Avg:  0.0, Max: 0, Diff: 0, Sum: 0, Workers: 6
[16.807s][debug  ][gc,phases      ] GC(61)     Total                          Min: 0, Avg:  0.5, Max: 3, Diff: 3, Sum: 3, Workers: 6
[16.807s][debug  ][gc,phases      ] GC(61)   JVMTI Tag Weak OopStorage      Min:  0.0, Avg:  0.0, Max:  0.0, Diff:  0.0, Sum:  0.0, Workers: 6
[16.807s][debug  ][gc,phases      ] GC(61)     Dead                           Min: 0, Avg:  0.0, Max: 0, Diff: 0, Sum: 0, Workers: 6
[16.807s][debug  ][gc,phases      ] GC(61)     Total                          Min: 0, Avg:  0.0, Max: 0, Diff: 0, Sum: 0, Workers: 6
[16.807s][debug  ][gc,phases      ] GC(61)   StringTable Weak               Min:  0.0, Avg:  0.0, Max:  0.0, Diff:  0.0, Sum:  0.0, Workers: 6
[16.807s][debug  ][gc,phases      ] GC(61)     Dead                           Min: 0, Avg:  0.0, Max: 0, Diff: 0, Sum: 0, Workers: 6
[16.807s][debug  ][gc,phases      ] GC(61)     Total                          Min: 831, Avg: 892.2, Max: 960, Diff: 129, Sum: 5353, Workers: 6
[16.807s][debug  ][gc,phases      ] GC(61)   ResolvedMethodTable Weak       Min:  0.0, Avg:  0.0, Max:  0.0, Diff:  0.0, Sum:  0.0, Workers: 6
[16.807s][debug  ][gc,phases      ] GC(61)     Dead                           Min: 0, Avg:  0.0, Max: 0, Diff: 0, Sum: 0, Workers: 6
[16.807s][debug  ][gc,phases      ] GC(61)     Total                          Min: 0, Avg: 21.7, Max: 64, Diff: 64, Sum: 130, Workers: 6
[16.807s][debug  ][gc,phases      ] GC(61)   JNI Weak                       Min:  0.0, Avg:  0.0, Max:  0.0, Diff:  0.0, Sum:  0.0, Workers: 6
[16.807s][debug  ][gc,phases      ] GC(61)     Dead                           Min: 0, Avg:  0.0, Max: 0, Diff: 0, Sum: 0, Workers: 6
[16.807s][debug  ][gc,phases      ] GC(61)     Total                          Min: 0, Avg:  0.0, Max: 0, Diff: 0, Sum: 0, Workers: 6
[16.807s][debug  ][gc,phases      ] GC(61)   StringDedup Table Weak         Min:  0.0, Avg:  0.0, Max:  0.0, Diff:  0.0, Sum:  0.0, Workers: 6
[16.807s][debug  ][gc,phases      ] GC(61)     Dead                           Min: 0, Avg:  0.0, Max: 0, Diff: 0, Sum: 0, Workers: 6
[16.807s][debug  ][gc,phases      ] GC(61)     Total                          Min: 0, Avg:  0.0, Max: 0, Diff: 0, Sum: 0, Workers: 6
[16.807s][debug  ][gc,phases      ] GC(61)   StringDedup Requests0 Weak     Min:  0.0, Avg:  0.0, Max:  0.0, Diff:  0.0, Sum:  0.0, Workers: 6
[16.807s][debug  ][gc,phases      ] GC(61)     Dead                           Min: 0, Avg:  0.0, Max: 0, Diff: 0, Sum: 0, Workers: 6
[16.807s][debug  ][gc,phases      ] GC(61)     Total                          Min: 0, Avg:  0.0, Max: 0, Diff: 0, Sum: 0, Workers: 6
[16.807s][debug  ][gc,phases      ] GC(61)   StringDedup Requests1 Weak     Min:  0.0, Avg:  0.0, Max:  0.0, Diff:  0.0, Sum:  0.0, Workers: 6
[16.807s][debug  ][gc,phases      ] GC(61)     Dead                           Min: 0, Avg:  0.0, Max: 0, Diff: 0, Sum: 0, Workers: 6
[16.807s][debug  ][gc,phases      ] GC(61)     Total                          Min: 0, Avg:  0.0, Max: 0, Diff: 0, Sum: 0, Workers: 6
[16.807s][debug  ][gc,phases      ] GC(61)   Weak JFR Old Object Samples    Min:  0.0, Avg:  0.0, Max:  0.0, Diff:  0.0, Sum:  0.0, Workers: 6
[16.807s][debug  ][gc,phases      ] GC(61)     Dead                           Min: 0, Avg:  0.0, Max: 0, Diff: 0, Sum: 0, Workers: 6
[16.807s][debug  ][gc,phases      ] GC(61)     Total                          Min: 0, Avg:  0.0, Max: 0, Diff: 0, Sum: 0, Workers: 6
[16.807s][debug  ][gc,phases      ] GC(61) Weak Processing 0.753ms
[16.808s][debug  ][gc,ergo        ] GC(61) AdaptiveSizeStart:  collection: 62 
[16.808s][debug  ][gc,ergo        ] GC(61) avg_survived_padded_avg: 31631644.000000
[16.808s][debug  ][gc,ergo        ] GC(61) avg_promoted_padded_avg: 260919328.000000  avg_pretenured_padded_avg: 0.000000  tenuring_thresh: 1  target_size: 31981568
[16.808s][debug  ][gc,age         ] GC(61) Desired survivor size 31981568 bytes, new threshold 1 (max threshold 15)
[16.808s][debug  ][gc,ergo        ] GC(61) PSAdaptiveSizePolicy::compute_eden_space_size limits: desired_eden_size: 227224533 old_eden_size: 204472320 eden_limit: 204472320 cur_eden: 204472320 max_eden_size: 204472320 avg_young_live: 27144760
[16.808s][debug  ][gc,ergo        ] GC(61) PSAdaptiveSizePolicy::compute_eden_space_size: costs minor_time: 0.049963 major_cost: 0.044445 mutator_cost: 0.905592 throughput_goal: 0.990000
[16.808s][debug  ][gc,ergo        ] GC(61) Live_space: 933395136 free_space: 1265106944
[16.808s][debug  ][gc,ergo        ] GC(61) Old eden_size: 204472320 desired_eden_size: 204472320
[16.808s][debug  ][gc,ergo        ] GC(61) AdaptiveSizeStop: collection: 62 
[16.808s][info   ][gc,heap        ] GC(61) PSYoungGen: 229161K(230912K)->30720K(230912K) Eden: 198441K(199680K)->0K(199680K) From: 30720K(31232K)->30720K(31232K)
[16.808s][info   ][gc,heap        ] GC(61) ParOldGen: 1312356K(1835008K)->1506917K(1835008K)
[16.808s][info   ][gc,metaspace   ] GC(61) Metaspace: 1023K(1216K)->1023K(1216K) NonClass: 939K(1024K)->939K(1024K) Class: 83K(192K)->83K(192K)
[16.808s][info   ][gc             ] GC(61) Pause Young (Allocation Failure) 1505M->1501M(2017M) 17.621ms
[16.808s][info   ][gc,cpu         ] GC(61) User=0.16s Sys=0.00s Real=0.02s
[16.808s][debug  ][gc,heap        ] GC(61) Heap after GC invocations=62 (full 10):
[16.808s][debug  ][gc,heap        ] GC(61)  PSYoungGen      total 230912K, used 30720K [0x00000000f0000000, 0x0000000100000000, 0x0000000100000000)
[16.808s][debug  ][gc,heap        ] GC(61)   eden space 199680K, 0% used [0x00000000f0000000,0x00000000f0000000,0x00000000fc300000)
[16.808s][debug  ][gc,heap        ] GC(61)   from space 31232K, 98% used [0x00000000fe180000,0x00000000fff80030,0x0000000100000000)
[16.808s][debug  ][gc,heap        ] GC(61)   to   space 31232K, 0% used [0x00000000fc300000,0x00000000fc300000,0x00000000fe180000)
[16.808s][debug  ][gc,heap        ] GC(61)  ParOldGen       total 1835008K, used 1506917K [0x0000000080000000, 0x00000000f0000000, 0x00000000f0000000)
[16.808s][debug  ][gc,heap        ] GC(61)   object space 1835008K, 82% used [0x0000000080000000,0x00000000dbf994b0,0x00000000f0000000)
[16.808s][debug  ][gc,heap        ] GC(61)  Metaspace       used 1023K, committed 1216K, reserved 1056768K
[16.808s][debug  ][gc,heap        ] GC(61)   class space    used 83K, committed 192K, reserved 1048576K
[16.808s][debug  ][gc,task,time   ] GC(61) VM-Thread 167897040 168060017 168080556
[17.107s][debug  ][gc,heap        ] GC(62) Heap before GC invocations=63 (full 10):
[17.107s][debug  ][gc,heap        ] GC(62)  PSYoungGen      total 230912K, used 229173K [0x00000000f0000000, 0x0000000100000000, 0x0000000100000000)
[17.107s][debug  ][gc,heap        ] GC(62)   eden space 199680K, 99% used [0x00000000f0000000,0x00000000fc1cd6b0,0x00000000fc300000)
[17.107s][debug  ][gc,heap        ] GC(62)   from space 31232K, 98% used [0x00000000fe180000,0x00000000fff80030,0x0000000100000000)
[17.107s][debug  ][gc,heap        ] GC(62)   to   space 31232K, 0% used [0x00000000fc300000,0x00000000fc300000,0x00000000fe180000)
[17.108s][debug  ][gc,heap        ] GC(62)  ParOldGen       total 1835008K, used 1506917K [0x0000000080000000, 0x00000000f0000000, 0x00000000f0000000)
[17.108s][debug  ][gc,heap        ] GC(62)   object space 1835008K, 82% used [0x0000000080000000,0x00000000dbf994b0,0x00000000f0000000)
[17.108s][debug  ][gc,heap        ] GC(62)  Metaspace       used 1023K, committed 1216K, reserved 1056768K
[17.108s][debug  ][gc,heap        ] GC(62)   class space    used 83K, committed 192K, reserved 1048576K
[17.108s][debug  ][gc,tlab        ] GC(62) TLAB totals: thrds: 1  refills: 1 max: 1 slow allocs: 18 max 18 waste: 27.5% gc: 3986816B max: 3986816B slow: 0B max: 0B
[17.108s][info   ][gc,start       ] GC(62) Pause Young (Allocation Failure)
[17.108s][debug  ][gc,phases,start] GC(62) Scavenge
[17.123s][debug  ][gc,phases      ] GC(62) Scavenge 15.614ms
[17.123s][debug  ][gc,phases,start] GC(62) Reference Processing
[17.123s][debug  ][gc,ref         ] GC(62) Skipped phase 1 of Reference Processing: no references
[17.124s][debug  ][gc,ref         ] GC(62) Skipped phase 2 of Reference Processing: no references
[17.124s][debug  ][gc,ref         ] GC(62) Skipped phase 3 of Reference Processing: no references
[17.124s][debug  ][gc,ref         ] GC(62) Skipped phase 4 of Reference Processing: no references
[17.124s][debug  ][gc,phases,ref  ] GC(62) Reference Processing: 0.1ms
[17.124s][debug  ][gc,phases,ref  ] GC(62)   Reconsider SoftReferences: 0.0ms
[17.124s][debug  ][gc,phases,ref  ] GC(62)     SoftRef (ms):                  skipped
[17.124s][debug  ][gc,phases,ref  ] GC(62)   Notify Soft/WeakReferences: 0.0ms
[17.124s][debug  ][gc,phases,ref  ] GC(62)     SoftRef (ms):                  skipped
[17.124s][debug  ][gc,phases,ref  ] GC(62)     WeakRef (ms):                  skipped
[17.124s][debug  ][gc,phases,ref  ] GC(62)     FinalRef (ms):                 skipped
[17.124s][debug  ][gc,phases,ref  ] GC(62)     Total (ms):                    skipped
[17.124s][debug  ][gc,phases,ref  ] GC(62)   Notify and keep alive finalizable: 0.0ms
[17.124s][debug  ][gc,phases,ref  ] GC(62)     FinalRef (ms):                 skipped
[17.124s][debug  ][gc,phases,ref  ] GC(62)   Notify PhantomReferences: 0.0ms
[17.124s][debug  ][gc,phases,ref  ] GC(62)     PhantomRef (ms):               skipped
[17.124s][debug  ][gc,phases,ref  ] GC(62)   SoftReference:
[17.124s][debug  ][gc,phases,ref  ] GC(62)     Discovered: 0
[17.124s][debug  ][gc,phases,ref  ] GC(62)     Cleared: 0
[17.124s][debug  ][gc,phases,ref  ] GC(62)   WeakReference:
[17.124s][debug  ][gc,phases,ref  ] GC(62)     Discovered: 0
[17.124s][debug  ][gc,phases,ref  ] GC(62)     Cleared: 0
[17.124s][debug  ][gc,phases,ref  ] GC(62)   FinalReference:
[17.124s][debug  ][gc,phases,ref  ] GC(62)     Discovered: 0
[17.124s][debug  ][gc,phases,ref  ] GC(62)     Cleared: 0
[17.124s][debug  ][gc,phases,ref  ] GC(62)   PhantomReference:
[17.124s][debug  ][gc,phases,ref  ] GC(62)     Discovered: 0
[17.124s][debug  ][gc,phases,ref  ] GC(62)     Cleared: 0
[17.124s][debug  ][gc,phases      ] GC(62) Reference Processing 1.009ms
[17.124s][debug  ][gc,phases,start] GC(62) Weak Processing
[17.125s][debug  ][gc,phases      ] GC(62)   VM Weak                        Min:  0.0, Avg:  0.0, Max:  0.0, Diff:  0.0, Sum:  0.0, Workers: 6
[17.125s][debug  ][gc,phases      ] GC(62)     Dead                           Min: 0, Avg:  0.0, Max: 0, Diff: 0, Sum: 0, Workers: 6
[17.125s][debug  ][gc,phases      ] GC(62)     Total                          Min: 0, Avg:  1.3, Max: 8, Diff: 8, Sum: 8, Workers: 6
[17.125s][debug  ][gc,phases      ] GC(62)   ObjectSynchronizer Weak        Min:  0.0, Avg:  0.0, Max:  0.0, Diff:  0.0, Sum:  0.0, Workers: 6
[17.125s][debug  ][gc,phases      ] GC(62)     Dead                           Min: 0, Avg:  0.0, Max: 0, Diff: 0, Sum: 0, Workers: 6
[17.125s][debug  ][gc,phases      ] GC(62)     Total                          Min: 0, Avg:  0.5, Max: 3, Diff: 3, Sum: 3, Workers: 6
[17.125s][debug  ][gc,phases      ] GC(62)   JVMTI Tag Weak OopStorage      Min:  0.0, Avg:  0.0, Max:  0.0, Diff:  0.0, Sum:  0.0, Workers: 6
[17.125s][debug  ][gc,phases      ] GC(62)     Dead                           Min: 0, Avg:  0.0, Max: 0, Diff: 0, Sum: 0, Workers: 6
[17.125s][debug  ][gc,phases      ] GC(62)     Total                          Min: 0, Avg:  0.0, Max: 0, Diff: 0, Sum: 0, Workers: 6
[17.125s][debug  ][gc,phases      ] GC(62)   StringTable Weak               Min:  0.0, Avg:  0.0, Max:  0.0, Diff:  0.0, Sum:  0.0, Workers: 6
[17.125s][debug  ][gc,phases      ] GC(62)     Dead                           Min: 0, Avg:  0.0, Max: 0, Diff: 0, Sum: 0, Workers: 6
[17.125s][debug  ][gc,phases      ] GC(62)     Total                          Min: 576, Avg: 892.2, Max: 1066, Diff: 490, Sum: 5353, Workers: 6
[17.125s][debug  ][gc,phases      ] GC(62)   ResolvedMethodTable Weak       Min:  0.0, Avg:  0.0, Max:  0.0, Diff:  0.0, Sum:  0.0, Workers: 6
[17.125s][debug  ][gc,phases      ] GC(62)     Dead                           Min: 0, Avg:  0.0, Max: 0, Diff: 0, Sum: 0, Workers: 6
[17.125s][debug  ][gc,phases      ] GC(62)     Total                          Min: 0, Avg: 21.7, Max: 64, Diff: 64, Sum: 130, Workers: 6
[17.125s][debug  ][gc,phases      ] GC(62)   JNI Weak                       Min:  0.0, Avg:  0.0, Max:  0.0, Diff:  0.0, Sum:  0.0, Workers: 6
[17.125s][debug  ][gc,phases      ] GC(62)     Dead                           Min: 0, Avg:  0.0, Max: 0, Diff: 0, Sum: 0, Workers: 6
[17.125s][debug  ][gc,phases      ] GC(62)     Total                          Min: 0, Avg:  0.0, Max: 0, Diff: 0, Sum: 0, Workers: 6
[17.125s][debug  ][gc,phases      ] GC(62)   StringDedup Table Weak         Min:  0.0, Avg:  0.0, Max:  0.0, Diff:  0.0, Sum:  0.0, Workers: 6
[17.125s][debug  ][gc,phases      ] GC(62)     Dead                           Min: 0, Avg:  0.0, Max: 0, Diff: 0, Sum: 0, Workers: 6
[17.125s][debug  ][gc,phases      ] GC(62)     Total                          Min: 0, Avg:  0.0, Max: 0, Diff: 0, Sum: 0, Workers: 6
[17.125s][debug  ][gc,phases      ] GC(62)   StringDedup Requests0 Weak     Min:  0.0, Avg:  0.0, Max:  0.0, Diff:  0.0, Sum:  0.0, Workers: 6
[17.125s][debug  ][gc,phases      ] GC(62)     Dead                           Min: 0, Avg:  0.0, Max: 0, Diff: 0, Sum: 0, Workers: 6
[17.125s][debug  ][gc,phases      ] GC(62)     Total                          Min: 0, Avg:  0.0, Max: 0, Diff: 0, Sum: 0, Workers: 6
[17.125s][debug  ][gc,phases      ] GC(62)   StringDedup Requests1 Weak     Min:  0.0, Avg:  0.0, Max:  0.0, Diff:  0.0, Sum:  0.0, Workers: 6
[17.125s][debug  ][gc,phases      ] GC(62)     Dead                           Min: 0, Avg:  0.0, Max: 0, Diff: 0, Sum: 0, Workers: 6
[17.125s][debug  ][gc,phases      ] GC(62)     Total                          Min: 0, Avg:  0.0, Max: 0, Diff: 0, Sum: 0, Workers: 6
[17.125s][debug  ][gc,phases      ] GC(62)   Weak JFR Old Object Samples    Min:  0.0, Avg:  0.0, Max:  0.0, Diff:  0.0, Sum:  0.0, Workers: 6
[17.126s][debug  ][gc,phases      ] GC(62)     Dead                           Min: 0, Avg:  0.0, Max: 0, Diff: 0, Sum: 0, Workers: 6
[17.126s][debug  ][gc,phases      ] GC(62)     Total                          Min: 0, Avg:  0.0, Max: 0, Diff: 0, Sum: 0, Workers: 6
[17.126s][debug  ][gc,phases      ] GC(62) Weak Processing 1.084ms
[17.126s][debug  ][gc,ergo        ] GC(62) AdaptiveSizeStart:  collection: 63 
[17.126s][debug  ][gc,ergo        ] GC(62) avg_survived_padded_avg: 31617358.000000
[17.126s][debug  ][gc,ergo        ] GC(62) avg_promoted_padded_avg: 261703904.000000  avg_pretenured_padded_avg: 0.000000  tenuring_thresh: 1  target_size: 31981568
[17.126s][debug  ][gc,age         ] GC(62) Desired survivor size 31981568 bytes, new threshold 1 (max threshold 15)
[17.126s][debug  ][gc,ergo        ] GC(62) PSAdaptiveSizePolicy::compute_eden_space_size limits: desired_eden_size: 227549651 old_eden_size: 204472320 eden_limit: 204472320 cur_eden: 204472320 max_eden_size: 204472320 avg_young_live: 27576016
[17.126s][debug  ][gc,ergo        ] GC(62) PSAdaptiveSizePolicy::compute_eden_space_size: costs minor_time: 0.051504 major_cost: 0.044445 mutator_cost: 0.904051 throughput_goal: 0.990000
[17.126s][debug  ][gc,ergo        ] GC(62) Live_space: 933826368 free_space: 1265106944
[17.126s][debug  ][gc,ergo        ] GC(62) Old eden_size: 204472320 desired_eden_size: 204472320
[17.126s][debug  ][gc,ergo        ] GC(62) AdaptiveSizeStop: collection: 63 
[17.126s][info   ][gc,heap        ] GC(62) PSYoungGen: 229173K(230912K)->30720K(230912K) Eden: 198453K(199680K)->0K(199680K) From: 30720K(31232K)->30720K(31232K)
[17.126s][info   ][gc,heap        ] GC(62) ParOldGen: 1506917K(1835008K)->1701477K(1835008K)
[17.126s][info   ][gc,metaspace   ] GC(62) Metaspace: 1023K(1216K)->1023K(1216K) NonClass: 939K(1024K)->939K(1024K) Class: 83K(192K)->83K(192K)
[17.126s][info   ][gc             ] GC(62) Pause Young (Allocation Failure) 1695M->1691M(2017M) 18.495ms
[17.126s][info   ][gc,cpu         ] GC(62) User=0.14s Sys=0.00s Real=0.02s
[17.126s][debug  ][gc,heap        ] GC(62) Heap after GC invocations=63 (full 10):
[17.126s][debug  ][gc,heap        ] GC(62)  PSYoungGen      total 230912K, used 30720K [0x00000000f0000000, 0x0000000100000000, 0x0000000100000000)
[17.126s][debug  ][gc,heap        ] GC(62)   eden space 199680K, 0% used [0x00000000f0000000,0x00000000f0000000,0x00000000fc300000)
[17.126s][debug  ][gc,heap        ] GC(62)   from space 31232K, 98% used [0x00000000fc300000,0x00000000fe100030,0x00000000fe180000)
[17.126s][debug  ][gc,heap        ] GC(62)   to   space 31232K, 0% used [0x00000000fe180000,0x00000000fe180000,0x0000000100000000)
[17.126s][debug  ][gc,heap        ] GC(62)  ParOldGen       total 1835008K, used 1701477K [0x0000000080000000, 0x00000000f0000000, 0x00000000f0000000)
[17.126s][debug  ][gc,heap        ] GC(62)   object space 1835008K, 92% used [0x0000000080000000,0x00000000e7d995e0,0x00000000f0000000)
[17.126s][debug  ][gc,heap        ] GC(62)  Metaspace       used 1023K, committed 1216K, reserved 1056768K
[17.126s][debug  ][gc,heap        ] GC(62)   class space    used 83K, committed 192K, reserved 1048576K
[17.127s][debug  ][gc,task,time   ] GC(62) VM-Thread 171072793 171234521 171265255
[17.127s][debug  ][gc,phases,start] GC(63) Pre Compact
[17.127s][debug  ][gc,heap        ] GC(63) Heap before GC invocations=64 (full 11):
[17.127s][debug  ][gc,heap        ] GC(63)  PSYoungGen      total 230912K, used 30720K [0x00000000f0000000, 0x0000000100000000, 0x0000000100000000)
[17.127s][debug  ][gc,heap        ] GC(63)   eden space 199680K, 0% used [0x00000000f0000000,0x00000000f0000000,0x00000000fc300000)
[17.127s][debug  ][gc,heap        ] GC(63)   from space 31232K, 98% used [0x00000000fc300000,0x00000000fe100030,0x00000000fe180000)
[17.127s][debug  ][gc,heap        ] GC(63)   to   space 31232K, 0% used [0x00000000fe180000,0x00000000fe180000,0x0000000100000000)
[17.127s][debug  ][gc,heap        ] GC(63)  ParOldGen       total 1835008K, used 1701477K [0x0000000080000000, 0x00000000f0000000, 0x00000000f0000000)
[17.127s][debug  ][gc,heap        ] GC(63)   object space 1835008K, 92% used [0x0000000080000000,0x00000000e7d995e0,0x00000000f0000000)
[17.127s][debug  ][gc,heap        ] GC(63)  Metaspace       used 1023K, committed 1216K, reserved 1056768K
[17.127s][debug  ][gc,heap        ] GC(63)   class space    used 83K, committed 192K, reserved 1048576K
[17.127s][debug  ][gc,phases      ] GC(63) Pre Compact 0.259ms
[17.127s][info   ][gc,start       ] GC(63) Pause Full (Ergonomics)
[17.127s][info   ][gc,phases,start] GC(63) Marking Phase
[17.127s][debug  ][gc,phases,start] GC(63) Par Mark
[17.127s][debug  ][gc,phases      ] GC(63) Par Mark 0.518ms
[17.127s][debug  ][gc,phases,start] GC(63) Reference Processing
[17.128s][debug  ][gc,ref         ] GC(63) Skipped phase 1 of Reference Processing: no references
[17.128s][debug  ][gc,ref         ] GC(63) ReferenceProcessor::execute queues: 1, RefProcThreadModel::Single, marks_oops_alive: false
[17.128s][debug  ][gc,ref         ] GC(63) Skipped phase 3 of Reference Processing: no references
[17.128s][debug  ][gc,ref         ] GC(63) ReferenceProcessor::execute queues: 1, RefProcThreadModel::Single, marks_oops_alive: false
[17.128s][debug  ][gc,phases,ref  ] GC(63) Reference Processing: 0.1ms
[17.128s][debug  ][gc,phases,ref  ] GC(63)   Reconsider SoftReferences: 0.0ms
[17.128s][debug  ][gc,phases,ref  ] GC(63)     SoftRef (ms):                  skipped
[17.128s][debug  ][gc,phases,ref  ] GC(63)   Notify Soft/WeakReferences: 0.0ms
[17.128s][debug  ][gc,phases,ref  ] GC(63)     SoftRef (ms):                  Min:  0.0, Avg:  0.0, Max:  0.0, Diff:  0.0, Sum:  0.0, Workers: 10
[17.128s][debug  ][gc,phases,ref  ] GC(63)     WeakRef (ms):                  Min:  0.0, Avg:  0.0, Max:  0.0, Diff:  0.0, Sum:  0.0, Workers: 10
[17.128s][debug  ][gc,phases,ref  ] GC(63)     FinalRef (ms):                 Min:  0.0, Avg:  0.0, Max:  0.0, Diff:  0.0, Sum:  0.0, Workers: 10
[17.128s][debug  ][gc,phases,ref  ] GC(63)     Total (ms):                    Min:  0.0, Avg:  0.0, Max:  0.0, Diff:  0.0, Sum:  0.0, Workers: 10
[17.128s][debug  ][gc,phases,ref  ] GC(63)   Notify and keep alive finalizable: 0.0ms
[17.128s][debug  ][gc,phases,ref  ] GC(63)     FinalRef (ms):                 skipped
[17.128s][debug  ][gc,phases,ref  ] GC(63)   Notify PhantomReferences: 0.0ms
[17.128s][debug  ][gc,phases,ref  ] GC(63)     PhantomRef (ms):               Min:  0.0, Avg:  0.0, Max:  0.0, Diff:  0.0, Sum:  0.0, Workers: 10
[17.128s][debug  ][gc,phases,ref  ] GC(63)   SoftReference:
[17.128s][debug  ][gc,phases,ref  ] GC(63)     Discovered: 0
[17.128s][debug  ][gc,phases,ref  ] GC(63)     Cleared: 0
[17.128s][debug  ][gc,phases,ref  ] GC(63)   WeakReference:
[17.128s][debug  ][gc,phases,ref  ] GC(63)     Discovered: 86
[17.128s][debug  ][gc,phases,ref  ] GC(63)     Cleared: 86
[17.128s][debug  ][gc,phases,ref  ] GC(63)   FinalReference:
[17.128s][debug  ][gc,phases,ref  ] GC(63)     Discovered: 0
[17.128s][debug  ][gc,phases,ref  ] GC(63)     Cleared: 0
[17.128s][debug  ][gc,phases,ref  ] GC(63)   PhantomReference:
[17.128s][debug  ][gc,phases,ref  ] GC(63)     Discovered: 5
[17.128s][debug  ][gc,phases,ref  ] GC(63)     Cleared: 5
[17.128s][debug  ][gc,phases      ] GC(63) Reference Processing 0.796ms
[17.128s][debug  ][gc,phases,start] GC(63) Weak Processing
[17.128s][debug  ][gc,phases      ] GC(63)   VM Weak                        Min:  0.0, Avg:  0.0, Max:  0.0, Diff:  0.0, Sum:  0.0, Workers: 6
[17.128s][debug  ][gc,phases      ] GC(63)     Dead                           Min: 0, Avg:  0.0, Max: 0, Diff: 0, Sum: 0, Workers: 6
[17.128s][debug  ][gc,phases      ] GC(63)     Total                          Min: 0, Avg:  1.3, Max: 8, Diff: 8, Sum: 8, Workers: 6
[17.128s][debug  ][gc,phases      ] GC(63)   ObjectSynchronizer Weak        Min:  0.0, Avg:  0.0, Max:  0.0, Diff:  0.0, Sum:  0.0, Workers: 6
[17.129s][debug  ][gc,phases      ] GC(63)     Dead                           Min: 0, Avg:  0.0, Max: 0, Diff: 0, Sum: 0, Workers: 6
[17.129s][debug  ][gc,phases      ] GC(63)     Total                          Min: 0, Avg:  0.5, Max: 3, Diff: 3, Sum: 3, Workers: 6
[17.129s][debug  ][gc,phases      ] GC(63)   JVMTI Tag Weak OopStorage      Min:  0.0, Avg:  0.0, Max:  0.0, Diff:  0.0, Sum:  0.0, Workers: 6
[17.129s][debug  ][gc,phases      ] GC(63)     Dead                           Min: 0, Avg:  0.0, Max: 0, Diff: 0, Sum: 0, Workers: 6
[17.129s][debug  ][gc,phases      ] GC(63)     Total                          Min: 0, Avg:  0.0, Max: 0, Diff: 0, Sum: 0, Workers: 6
[17.129s][debug  ][gc,phases      ] GC(63)   StringTable Weak               Min:  0.0, Avg:  0.0, Max:  0.0, Diff:  0.0, Sum:  0.1, Workers: 6
[17.129s][debug  ][gc,phases      ] GC(63)     Dead                           Min: 0, Avg:  0.0, Max: 0, Diff: 0, Sum: 0, Workers: 6
[17.129s][debug  ][gc,phases      ] GC(63)     Total                          Min: 767, Avg: 892.2, Max: 960, Diff: 193, Sum: 5353, Workers: 6
[17.129s][debug  ][gc,phases      ] GC(63)   ResolvedMethodTable Weak       Min:  0.0, Avg:  0.0, Max:  0.0, Diff:  0.0, Sum:  0.0, Workers: 6
[17.129s][debug  ][gc,phases      ] GC(63)     Dead                           Min: 0, Avg:  0.0, Max: 0, Diff: 0, Sum: 0, Workers: 6
[17.129s][debug  ][gc,phases      ] GC(63)     Total                          Min: 0, Avg: 21.7, Max: 64, Diff: 64, Sum: 130, Workers: 6
[17.129s][debug  ][gc,phases      ] GC(63)   JNI Weak                       Min:  0.0, Avg:  0.0, Max:  0.0, Diff:  0.0, Sum:  0.0, Workers: 6
[17.129s][debug  ][gc,phases      ] GC(63)     Dead                           Min: 0, Avg:  0.0, Max: 0, Diff: 0, Sum: 0, Workers: 6
[17.129s][debug  ][gc,phases      ] GC(63)     Total                          Min: 0, Avg:  0.0, Max: 0, Diff: 0, Sum: 0, Workers: 6
[17.129s][debug  ][gc,phases      ] GC(63)   StringDedup Table Weak         Min:  0.0, Avg:  0.0, Max:  0.0, Diff:  0.0, Sum:  0.0, Workers: 6
[17.129s][debug  ][gc,phases      ] GC(63)     Dead                           Min: 0, Avg:  0.0, Max: 0, Diff: 0, Sum: 0, Workers: 6
[17.129s][debug  ][gc,phases      ] GC(63)     Total                          Min: 0, Avg:  0.0, Max: 0, Diff: 0, Sum: 0, Workers: 6
[17.129s][debug  ][gc,phases      ] GC(63)   StringDedup Requests0 Weak     Min:  0.0, Avg:  0.0, Max:  0.0, Diff:  0.0, Sum:  0.0, Workers: 6
[17.129s][debug  ][gc,phases      ] GC(63)     Dead                           Min: 0, Avg:  0.0, Max: 0, Diff: 0, Sum: 0, Workers: 6
[17.129s][debug  ][gc,phases      ] GC(63)     Total                          Min: 0, Avg:  0.0, Max: 0, Diff: 0, Sum: 0, Workers: 6
[17.129s][debug  ][gc,phases      ] GC(63)   StringDedup Requests1 Weak     Min:  0.0, Avg:  0.0, Max:  0.0, Diff:  0.0, Sum:  0.0, Workers: 6
[17.129s][debug  ][gc,phases      ] GC(63)     Dead                           Min: 0, Avg:  0.0, Max: 0, Diff: 0, Sum: 0, Workers: 6
[17.129s][debug  ][gc,phases      ] GC(63)     Total                          Min: 0, Avg:  0.0, Max: 0, Diff: 0, Sum: 0, Workers: 6
[17.129s][debug  ][gc,phases      ] GC(63)   Weak JFR Old Object Samples    Min:  0.0, Avg:  0.0, Max:  0.0, Diff:  0.0, Sum:  0.0, Workers: 6
[17.129s][debug  ][gc,phases      ] GC(63)     Dead                           Min: 0, Avg:  0.0, Max: 0, Diff: 0, Sum: 0, Workers: 6
[17.129s][debug  ][gc,phases      ] GC(63)     Total                          Min: 0, Avg:  0.0, Max: 0, Diff: 0, Sum: 0, Workers: 6
[17.129s][debug  ][gc,phases      ] GC(63) Weak Processing 0.983ms
[17.129s][debug  ][gc,phases,start] GC(63) Class Unloading
[17.129s][debug  ][gc,phases,start] GC(63) ClassLoaderData
[17.129s][debug  ][gc,phases      ] GC(63) ClassLoaderData 0.030ms
[17.129s][debug  ][gc,phases,start] GC(63) Trigger cleanups
[17.129s][debug  ][gc,phases      ] GC(63) Trigger cleanups 0.026ms
[17.130s][debug  ][gc,phases      ] GC(63) Class Unloading 0.353ms
[17.130s][info   ][gc,phases      ] GC(63) Marking Phase 2.838ms
[17.130s][info   ][gc,phases,start] GC(63) Summary Phase
[17.130s][info   ][gc,phases      ] GC(63) Summary Phase 0.056ms
[17.130s][info   ][gc,phases,start] GC(63) Adjust Roots
[17.130s][info   ][gc,phases      ] GC(63) Adjust Roots 0.252ms
[17.130s][info   ][gc,phases,start] GC(63) Compaction Phase
[17.222s][info   ][gc,phases      ] GC(63) Compaction Phase 92.188ms
[17.222s][info   ][gc,phases,start] GC(63) Post Compact
[17.230s][info   ][gc,phases      ] GC(63) Post Compact 7.235ms
[17.230s][debug  ][gc,ergo        ] GC(63) AdaptiveSizeStart: collection: 64 
[17.230s][debug  ][gc,ergo        ] GC(63) PSAdaptiveSizePolicy::compute_eden_space_size limits: desired_eden_size: 226591264 old_eden_size: 204472320 eden_limit: 204472320 cur_eden: 204472320 max_eden_size: 204472320 avg_young_live: 24818414
[17.230s][debug  ][gc,ergo        ] GC(63) PSAdaptiveSizePolicy::compute_eden_space_size: costs minor_time: 0.051504 major_cost: 0.048602 mutator_cost: 0.899893 throughput_goal: 0.990000
[17.230s][debug  ][gc,ergo        ] GC(63) Live_space: 931068800 free_space: 1265106944
[17.230s][debug  ][gc,ergo        ] GC(63) Old eden_size: 204472320 desired_eden_size: 204472320
[17.230s][debug  ][gc,ergo        ] GC(63) PSAdaptiveSizePolicy::compute_old_gen_free_space: costs minor_time: 0.051504 major_cost: 0.048602  mutator_cost: 0.899893 throughput_goal: 0.990000
[17.230s][debug  ][gc,ergo        ] GC(63) Live_space: 945049472 free_space: 1265106944
[17.230s][debug  ][gc,ergo        ] GC(63) Old promo_size: 1060634624 desired_promo_size: 1174405120
[17.230s][debug  ][gc,ergo        ] GC(63) AdaptiveSizeStop: collection: 64 
[17.230s][info   ][gc,heap        ] GC(63) PSYoungGen: 30720K(230912K)->0K(230912K) Eden: 0K(199680K)->0K(199680K) From: 30720K(31232K)->0K(31232K)
[17.230s][info   ][gc,heap        ] GC(63) ParOldGen: 1701477K(1835008K)->759396K(1835008K)
[17.230s][info   ][gc,metaspace   ] GC(63) Metaspace: 1023K(1216K)->1023K(1216K) NonClass: 939K(1024K)->939K(1024K) Class: 83K(192K)->83K(192K)
[17.230s][info   ][gc             ] GC(63) Pause Full (Ergonomics) 1691M->741M(2017M) 103.396ms
[17.230s][info   ][gc,cpu         ] GC(63) User=0.62s Sys=0.02s Real=0.10s
[17.230s][debug  ][gc,heap        ] GC(63) Heap after GC invocations=64 (full 11):
[17.230s][debug  ][gc,heap        ] GC(63)  PSYoungGen      total 230912K, used 0K [0x00000000f0000000, 0x0000000100000000, 0x0000000100000000)
[17.230s][debug  ][gc,heap        ] GC(63)   eden space 199680K, 0% used [0x00000000f0000000,0x00000000f0000000,0x00000000fc300000)
[17.230s][debug  ][gc,heap        ] GC(63)   from space 31232K, 0% used [0x00000000fe180000,0x00000000fe180000,0x0000000100000000)
[17.230s][debug  ][gc,heap        ] GC(63)   to   space 31232K, 0% used [0x00000000fc300000,0x00000000fc300000,0x00000000fe180000)
[17.230s][debug  ][gc,heap        ] GC(63)  ParOldGen       total 1835008K, used 759396K [0x0000000080000000, 0x00000000f0000000, 0x00000000f0000000)
[17.230s][debug  ][gc,heap        ] GC(63)   object space 1835008K, 41% used [0x0000000080000000,0x00000000ae599020,0x00000000f0000000)
[17.231s][debug  ][gc,heap        ] GC(63)  Metaspace       used 1023K, committed 1216K, reserved 1056768K
[17.231s][debug  ][gc,heap        ] GC(63)   class space    used 83K, committed 192K, reserved 1048576K
[17.231s][debug  ][gc,task,time   ] GC(63) VM-Thread 171268773 171301461 172303104
[17.538s][debug  ][gc,heap        ] GC(64) Heap before GC invocations=65 (full 11):
[17.538s][debug  ][gc,heap        ] GC(64)  PSYoungGen      total 230912K, used 198461K [0x00000000f0000000, 0x0000000100000000, 0x0000000100000000)
[17.538s][debug  ][gc,heap        ] GC(64)   eden space 199680K, 99% used [0x00000000f0000000,0x00000000fc1cf550,0x00000000fc300000)
[17.538s][debug  ][gc,heap        ] GC(64)   from space 31232K, 0% used [0x00000000fe180000,0x00000000fe180000,0x0000000100000000)
[17.538s][debug  ][gc,heap        ] GC(64)   to   space 31232K, 0% used [0x00000000fc300000,0x00000000fc300000,0x00000000fe180000)
[17.538s][debug  ][gc,heap        ] GC(64)  ParOldGen       total 1835008K, used 759396K [0x0000000080000000, 0x00000000f0000000, 0x00000000f0000000)
[17.538s][debug  ][gc,heap        ] GC(64)   object space 1835008K, 41% used [0x0000000080000000,0x00000000ae599020,0x00000000f0000000)
[17.538s][debug  ][gc,heap        ] GC(64)  Metaspace       used 1023K, committed 1216K, reserved 1056768K
[17.538s][debug  ][gc,heap        ] GC(64)   class space    used 83K, committed 192K, reserved 1048576K
[17.538s][debug  ][gc,tlab        ] GC(64) TLAB totals: thrds: 1  refills: 1 max: 1 slow allocs: 18 max 18 waste: 27.6% gc: 3994656B max: 3994656B slow: 0B max: 0B
[17.538s][info   ][gc,start       ] GC(64) Pause Young (Allocation Failure)
[17.539s][debug  ][gc,phases,start] GC(64) Scavenge
[17.552s][debug  ][gc,phases      ] GC(64) Scavenge 13.434ms
[17.552s][debug  ][gc,phases,start] GC(64) Reference Processing
[17.552s][debug  ][gc,ref         ] GC(64) Skipped phase 1 of Reference Processing: no references
[17.552s][debug  ][gc,ref         ] GC(64) Skipped phase 2 of Reference Processing: no references
[17.552s][debug  ][gc,ref         ] GC(64) Skipped phase 3 of Reference Processing: no references
[17.552s][debug  ][gc,ref         ] GC(64) Skipped phase 4 of Reference Processing: no references
[17.552s][debug  ][gc,phases,ref  ] GC(64) Reference Processing: 0.1ms
[17.552s][debug  ][gc,phases,ref  ] GC(64)   Reconsider SoftReferences: 0.0ms
[17.552s][debug  ][gc,phases,ref  ] GC(64)     SoftRef (ms):                  skipped
[17.552s][debug  ][gc,phases,ref  ] GC(64)   Notify Soft/WeakReferences: 0.0ms
[17.552s][debug  ][gc,phases,ref  ] GC(64)     SoftRef (ms):                  skipped
[17.552s][debug  ][gc,phases,ref  ] GC(64)     WeakRef (ms):                  skipped
[17.552s][debug  ][gc,phases,ref  ] GC(64)     FinalRef (ms):                 skipped
[17.552s][debug  ][gc,phases,ref  ] GC(64)     Total (ms):                    skipped
[17.552s][debug  ][gc,phases,ref  ] GC(64)   Notify and keep alive finalizable: 0.0ms
[17.552s][debug  ][gc,phases,ref  ] GC(64)     FinalRef (ms):                 skipped
[17.552s][debug  ][gc,phases,ref  ] GC(64)   Notify PhantomReferences: 0.0ms
[17.553s][debug  ][gc,phases,ref  ] GC(64)     PhantomRef (ms):               skipped
[17.553s][debug  ][gc,phases,ref  ] GC(64)   SoftReference:
[17.553s][debug  ][gc,phases,ref  ] GC(64)     Discovered: 0
[17.553s][debug  ][gc,phases,ref  ] GC(64)     Cleared: 0
[17.553s][debug  ][gc,phases,ref  ] GC(64)   WeakReference:
[17.553s][debug  ][gc,phases,ref  ] GC(64)     Discovered: 0
[17.553s][debug  ][gc,phases,ref  ] GC(64)     Cleared: 0
[17.553s][debug  ][gc,phases,ref  ] GC(64)   FinalReference:
[17.553s][debug  ][gc,phases,ref  ] GC(64)     Discovered: 0
[17.553s][debug  ][gc,phases,ref  ] GC(64)     Cleared: 0
[17.553s][debug  ][gc,phases,ref  ] GC(64)   PhantomReference:
[17.553s][debug  ][gc,phases,ref  ] GC(64)     Discovered: 0
[17.553s][debug  ][gc,phases,ref  ] GC(64)     Cleared: 0
[17.553s][debug  ][gc,phases      ] GC(64) Reference Processing 0.858ms
[17.553s][debug  ][gc,phases,start] GC(64) Weak Processing
[17.553s][debug  ][gc,phases      ] GC(64)   VM Weak                        Min:  0.0, Avg:  0.0, Max:  0.0, Diff:  0.0, Sum:  0.0, Workers: 6
[17.553s][debug  ][gc,phases      ] GC(64)     Dead                           Min: 0, Avg:  0.0, Max: 0, Diff: 0, Sum: 0, Workers: 6
[17.553s][debug  ][gc,phases      ] GC(64)     Total                          Min: 0, Avg:  1.3, Max: 8, Diff: 8, Sum: 8, Workers: 6
[17.553s][debug  ][gc,phases      ] GC(64)   ObjectSynchronizer Weak        Min:  0.0, Avg:  0.0, Max:  0.0, Diff:  0.0, Sum:  0.0, Workers: 6
[17.553s][debug  ][gc,phases      ] GC(64)     Dead                           Min: 0, Avg:  0.0, Max: 0, Diff: 0, Sum: 0, Workers: 6
[17.553s][debug  ][gc,phases      ] GC(64)     Total                          Min: 0, Avg:  0.5, Max: 3, Diff: 3, Sum: 3, Workers: 6
[17.553s][debug  ][gc,phases      ] GC(64)   JVMTI Tag Weak OopStorage      Min:  0.0, Avg:  0.0, Max:  0.0, Diff:  0.0, Sum:  0.0, Workers: 6
[17.553s][debug  ][gc,phases      ] GC(64)     Dead                           Min: 0, Avg:  0.0, Max: 0, Diff: 0, Sum: 0, Workers: 6
[17.553s][debug  ][gc,phases      ] GC(64)     Total                          Min: 0, Avg:  0.0, Max: 0, Diff: 0, Sum: 0, Workers: 6
[17.553s][debug  ][gc,phases      ] GC(64)   StringTable Weak               Min:  0.0, Avg:  0.0, Max:  0.0, Diff:  0.0, Sum:  0.0, Workers: 6
[17.553s][debug  ][gc,phases      ] GC(64)     Dead                           Min: 0, Avg:  0.0, Max: 0, Diff: 0, Sum: 0, Workers: 6
[17.553s][debug  ][gc,phases      ] GC(64)     Total                          Min: 767, Avg: 892.2, Max: 960, Diff: 193, Sum: 5353, Workers: 6
[17.553s][debug  ][gc,phases      ] GC(64)   ResolvedMethodTable Weak       Min:  0.0, Avg:  0.0, Max:  0.0, Diff:  0.0, Sum:  0.0, Workers: 6
[17.553s][debug  ][gc,phases      ] GC(64)     Dead                           Min: 0, Avg:  0.0, Max: 0, Diff: 0, Sum: 0, Workers: 6
[17.553s][debug  ][gc,phases      ] GC(64)     Total                          Min: 0, Avg: 21.7, Max: 64, Diff: 64, Sum: 130, Workers: 6
[17.553s][debug  ][gc,phases      ] GC(64)   JNI Weak                       Min:  0.0, Avg:  0.0, Max:  0.0, Diff:  0.0, Sum:  0.0, Workers: 6
[17.553s][debug  ][gc,phases      ] GC(64)     Dead                           Min: 0, Avg:  0.0, Max: 0, Diff: 0, Sum: 0, Workers: 6
[17.554s][debug  ][gc,phases      ] GC(64)     Total                          Min: 0, Avg:  0.0, Max: 0, Diff: 0, Sum: 0, Workers: 6
[17.554s][debug  ][gc,phases      ] GC(64)   StringDedup Table Weak         Min:  0.0, Avg:  0.0, Max:  0.0, Diff:  0.0, Sum:  0.0, Workers: 6
[17.554s][debug  ][gc,phases      ] GC(64)     Dead                           Min: 0, Avg:  0.0, Max: 0, Diff: 0, Sum: 0, Workers: 6
[17.554s][debug  ][gc,phases      ] GC(64)     Total                          Min: 0, Avg:  0.0, Max: 0, Diff: 0, Sum: 0, Workers: 6
[17.554s][debug  ][gc,phases      ] GC(64)   StringDedup Requests0 Weak     Min:  0.0, Avg:  0.0, Max:  0.0, Diff:  0.0, Sum:  0.0, Workers: 6
[17.554s][debug  ][gc,phases      ] GC(64)     Dead                           Min: 0, Avg:  0.0, Max: 0, Diff: 0, Sum: 0, Workers: 6
[17.554s][debug  ][gc,phases      ] GC(64)     Total                          Min: 0, Avg:  0.0, Max: 0, Diff: 0, Sum: 0, Workers: 6
[17.554s][debug  ][gc,phases      ] GC(64)   StringDedup Requests1 Weak     Min:  0.0, Avg:  0.0, Max:  0.0, Diff:  0.0, Sum:  0.0, Workers: 6
[17.554s][debug  ][gc,phases      ] GC(64)     Dead                           Min: 0, Avg:  0.0, Max: 0, Diff: 0, Sum: 0, Workers: 6
[17.554s][debug  ][gc,phases      ] GC(64)     Total                          Min: 0, Avg:  0.0, Max: 0, Diff: 0, Sum: 0, Workers: 6
[17.554s][debug  ][gc,phases      ] GC(64)   Weak JFR Old Object Samples    Min:  0.0, Avg:  0.0, Max:  0.0, Diff:  0.0, Sum:  0.0, Workers: 6
[17.554s][debug  ][gc,phases      ] GC(64)     Dead                           Min: 0, Avg:  0.0, Max: 0, Diff: 0, Sum: 0, Workers: 6
[17.554s][debug  ][gc,phases      ] GC(64)     Total                          Min: 0, Avg:  0.0, Max: 0, Diff: 0, Sum: 0, Workers: 6
[17.554s][debug  ][gc,phases      ] GC(64) Weak Processing 0.939ms
[17.554s][debug  ][gc,ergo        ] GC(64) AdaptiveSizeStart:  collection: 65 
[17.554s][debug  ][gc,ergo        ] GC(64) avg_survived_padded_avg: 31604184.000000
[17.554s][debug  ][gc,ergo        ] GC(64) avg_promoted_padded_avg: 254546048.000000  avg_pretenured_padded_avg: 0.000000  tenuring_thresh: 1  target_size: 31981568
[17.554s][debug  ][gc,age         ] GC(64) Desired survivor size 31981568 bytes, new threshold 1 (max threshold 15)
[17.554s][debug  ][gc,ergo        ] GC(64) PSAdaptiveSizePolicy::compute_eden_space_size limits: desired_eden_size: 225745890 old_eden_size: 204472320 eden_limit: 204472320 cur_eden: 204472320 max_eden_size: 204472320 avg_young_live: 25482306
[17.554s][debug  ][gc,ergo        ] GC(64) PSAdaptiveSizePolicy::compute_eden_space_size: costs minor_time: 0.047608 major_cost: 0.048602 mutator_cost: 0.903790 throughput_goal: 0.990000
[17.554s][debug  ][gc,ergo        ] GC(64) Live_space: 945713344 free_space: 1378877440
[17.554s][debug  ][gc,ergo        ] GC(64) Old eden_size: 204472320 desired_eden_size: 204472320
[17.554s][debug  ][gc,ergo        ] GC(64) AdaptiveSizeStop: collection: 65 
[17.554s][info   ][gc,heap        ] GC(64) PSYoungGen: 198461K(230912K)->30720K(230912K) Eden: 198461K(199680K)->0K(199680K) From: 0K(31232K)->30720K(31232K)
[17.554s][info   ][gc,heap        ] GC(64) ParOldGen: 759396K(1835008K)->923236K(1835008K)
[17.554s][info   ][gc,metaspace   ] GC(64) Metaspace: 1023K(1216K)->1023K(1216K) NonClass: 939K(1024K)->939K(1024K) Class: 83K(192K)->83K(192K)
[17.554s][info   ][gc             ] GC(64) Pause Young (Allocation Failure) 935M->931M(2017M) 15.874ms
[17.554s][info   ][gc,cpu         ] GC(64) User=0.06s Sys=0.00s Real=0.02s
[17.554s][debug  ][gc,heap        ] GC(64) Heap after GC invocations=65 (full 11):
[17.554s][debug  ][gc,heap        ] GC(64)  PSYoungGen      total 230912K, used 30720K [0x00000000f0000000, 0x0000000100000000, 0x0000000100000000)
[17.554s][debug  ][gc,heap        ] GC(64)   eden space 199680K, 0% used [0x00000000f0000000,0x00000000f0000000,0x00000000fc300000)
[17.554s][debug  ][gc,heap        ] GC(64)   from space 31232K, 98% used [0x00000000fc300000,0x00000000fe100030,0x00000000fe180000)
[17.554s][debug  ][gc,heap        ] GC(64)   to   space 31232K, 0% used [0x00000000fe180000,0x00000000fe180000,0x0000000100000000)
[17.555s][debug  ][gc,heap        ] GC(64)  ParOldGen       total 1835008K, used 923236K [0x0000000080000000, 0x00000000f0000000, 0x00000000f0000000)
[17.555s][debug  ][gc,heap        ] GC(64)   object space 1835008K, 50% used [0x0000000080000000,0x00000000b8599120,0x00000000f0000000)
[17.555s][debug  ][gc,heap        ] GC(64)  Metaspace       used 1023K, committed 1216K, reserved 1056768K
[17.555s][debug  ][gc,heap        ] GC(64)   class space    used 83K, committed 192K, reserved 1048576K
[17.555s][debug  ][gc,task,time   ] GC(64) VM-Thread 175380168 175520443 175546096
[17.854s][debug  ][gc,heap        ] GC(65) Heap before GC invocations=66 (full 11):
[17.854s][debug  ][gc,heap        ] GC(65)  PSYoungGen      total 230912K, used 229114K [0x00000000f0000000, 0x0000000100000000, 0x0000000100000000)
[17.855s][debug  ][gc,heap        ] GC(65)   eden space 199680K, 99% used [0x00000000f0000000,0x00000000fc1be880,0x00000000fc300000)
[17.855s][debug  ][gc,heap        ] GC(65)   from space 31232K, 98% used [0x00000000fc300000,0x00000000fe100030,0x00000000fe180000)
[17.855s][debug  ][gc,heap        ] GC(65)   to   space 31232K, 0% used [0x00000000fe180000,0x00000000fe180000,0x0000000100000000)
[17.855s][debug  ][gc,heap        ] GC(65)  ParOldGen       total 1835008K, used 923236K [0x0000000080000000, 0x00000000f0000000, 0x00000000f0000000)
[17.855s][debug  ][gc,heap        ] GC(65)   object space 1835008K, 50% used [0x0000000080000000,0x00000000b8599120,0x00000000f0000000)
[17.855s][debug  ][gc,heap        ] GC(65)  Metaspace       used 1023K, committed 1216K, reserved 1056768K
[17.855s][debug  ][gc,heap        ] GC(65)   class space    used 83K, committed 192K, reserved 1048576K
[17.855s][debug  ][gc,tlab        ] GC(65) TLAB totals: thrds: 1  refills: 1 max: 1 slow allocs: 18 max 18 waste: 27.2% gc: 3924776B max: 3924776B slow: 0B max: 0B
[17.855s][info   ][gc,start       ] GC(65) Pause Young (Allocation Failure)
[17.855s][debug  ][gc,phases,start] GC(65) Scavenge
[17.863s][debug  ][gc,phases      ] GC(65) Scavenge 8.485ms
[17.863s][debug  ][gc,phases,start] GC(65) Reference Processing
[17.864s][debug  ][gc,ref         ] GC(65) Skipped phase 1 of Reference Processing: no references
[17.864s][debug  ][gc,ref         ] GC(65) Skipped phase 2 of Reference Processing: no references
[17.864s][debug  ][gc,ref         ] GC(65) Skipped phase 3 of Reference Processing: no references
[17.864s][debug  ][gc,ref         ] GC(65) Skipped phase 4 of Reference Processing: no references
[17.864s][debug  ][gc,phases,ref  ] GC(65) Reference Processing: 0.1ms
[17.864s][debug  ][gc,phases,ref  ] GC(65)   Reconsider SoftReferences: 0.0ms
[17.864s][debug  ][gc,phases,ref  ] GC(65)     SoftRef (ms):                  skipped
[17.864s][debug  ][gc,phases,ref  ] GC(65)   Notify Soft/WeakReferences: 0.0ms
[17.864s][debug  ][gc,phases,ref  ] GC(65)     SoftRef (ms):                  skipped
[17.864s][debug  ][gc,phases,ref  ] GC(65)     WeakRef (ms):                  skipped
[17.864s][debug  ][gc,phases,ref  ] GC(65)     FinalRef (ms):                 skipped
[17.864s][debug  ][gc,phases,ref  ] GC(65)     Total (ms):                    skipped
[17.864s][debug  ][gc,phases,ref  ] GC(65)   Notify and keep alive finalizable: 0.0ms
[17.864s][debug  ][gc,phases,ref  ] GC(65)     FinalRef (ms):                 skipped
[17.864s][debug  ][gc,phases,ref  ] GC(65)   Notify PhantomReferences: 0.0ms
[17.864s][debug  ][gc,phases,ref  ] GC(65)     PhantomRef (ms):               skipped
[17.864s][debug  ][gc,phases,ref  ] GC(65)   SoftReference:
[17.864s][debug  ][gc,phases,ref  ] GC(65)     Discovered: 0
[17.864s][debug  ][gc,phases,ref  ] GC(65)     Cleared: 0
[17.864s][debug  ][gc,phases,ref  ] GC(65)   WeakReference:
[17.864s][debug  ][gc,phases,ref  ] GC(65)     Discovered: 0
[17.864s][debug  ][gc,phases,ref  ] GC(65)     Cleared: 0
[17.864s][debug  ][gc,phases,ref  ] GC(65)   FinalReference:
[17.864s][debug  ][gc,phases,ref  ] GC(65)     Discovered: 0
[17.864s][debug  ][gc,phases,ref  ] GC(65)     Cleared: 0
[17.864s][debug  ][gc,phases,ref  ] GC(65)   PhantomReference:
[17.864s][debug  ][gc,phases,ref  ] GC(65)     Discovered: 0
[17.864s][debug  ][gc,phases,ref  ] GC(65)     Cleared: 0
[17.864s][debug  ][gc,phases      ] GC(65) Reference Processing 0.684ms
[17.864s][debug  ][gc,phases,start] GC(65) Weak Processing
[17.864s][debug  ][gc,phases      ] GC(65)   VM Weak                        Min:  0.0, Avg:  0.0, Max:  0.0, Diff:  0.0, Sum:  0.0, Workers: 6
[17.864s][debug  ][gc,phases      ] GC(65)     Dead                           Min: 0, Avg:  0.0, Max: 0, Diff: 0, Sum: 0, Workers: 6
[17.864s][debug  ][gc,phases      ] GC(65)     Total                          Min: 0, Avg:  1.3, Max: 8, Diff: 8, Sum: 8, Workers: 6
[17.864s][debug  ][gc,phases      ] GC(65)   ObjectSynchronizer Weak        Min:  0.0, Avg:  0.0, Max:  0.0, Diff:  0.0, Sum:  0.0, Workers: 6
[17.864s][debug  ][gc,phases      ] GC(65)     Dead                           Min: 0, Avg:  0.0, Max: 0, Diff: 0, Sum: 0, Workers: 6
[17.864s][debug  ][gc,phases      ] GC(65)     Total                          Min: 0, Avg:  0.5, Max: 3, Diff: 3, Sum: 3, Workers: 6
[17.864s][debug  ][gc,phases      ] GC(65)   JVMTI Tag Weak OopStorage      Min:  0.0, Avg:  0.0, Max:  0.0, Diff:  0.0, Sum:  0.0, Workers: 6
[17.864s][debug  ][gc,phases      ] GC(65)     Dead                           Min: 0, Avg:  0.0, Max: 0, Diff: 0, Sum: 0, Workers: 6
[17.864s][debug  ][gc,phases      ] GC(65)     Total                          Min: 0, Avg:  0.0, Max: 0, Diff: 0, Sum: 0, Workers: 6
[17.864s][debug  ][gc,phases      ] GC(65)   StringTable Weak               Min:  0.0, Avg:  0.0, Max:  0.0, Diff:  0.0, Sum:  0.0, Workers: 6
[17.864s][debug  ][gc,phases      ] GC(65)     Dead                           Min: 0, Avg:  0.0, Max: 0, Diff: 0, Sum: 0, Workers: 6
[17.864s][debug  ][gc,phases      ] GC(65)     Total                          Min: 768, Avg: 892.2, Max: 1087, Diff: 319, Sum: 5353, Workers: 6
[17.865s][debug  ][gc,phases      ] GC(65)   ResolvedMethodTable Weak       Min:  0.0, Avg:  0.0, Max:  0.0, Diff:  0.0, Sum:  0.0, Workers: 6
[17.865s][debug  ][gc,phases      ] GC(65)     Dead                           Min: 0, Avg:  0.0, Max: 0, Diff: 0, Sum: 0, Workers: 6
[17.865s][debug  ][gc,phases      ] GC(65)     Total                          Min: 0, Avg: 21.7, Max: 64, Diff: 64, Sum: 130, Workers: 6
[17.865s][debug  ][gc,phases      ] GC(65)   JNI Weak                       Min:  0.0, Avg:  0.0, Max:  0.0, Diff:  0.0, Sum:  0.0, Workers: 6
[17.865s][debug  ][gc,phases      ] GC(65)     Dead                           Min: 0, Avg:  0.0, Max: 0, Diff: 0, Sum: 0, Workers: 6
[17.865s][debug  ][gc,phases      ] GC(65)     Total                          Min: 0, Avg:  0.0, Max: 0, Diff: 0, Sum: 0, Workers: 6
[17.865s][debug  ][gc,phases      ] GC(65)   StringDedup Table Weak         Min:  0.0, Avg:  0.0, Max:  0.0, Diff:  0.0, Sum:  0.0, Workers: 6
[17.865s][debug  ][gc,phases      ] GC(65)     Dead                           Min: 0, Avg:  0.0, Max: 0, Diff: 0, Sum: 0, Workers: 6
[17.865s][debug  ][gc,phases      ] GC(65)     Total                          Min: 0, Avg:  0.0, Max: 0, Diff: 0, Sum: 0, Workers: 6
[17.865s][debug  ][gc,phases      ] GC(65)   StringDedup Requests0 Weak     Min:  0.0, Avg:  0.0, Max:  0.0, Diff:  0.0, Sum:  0.0, Workers: 6
[17.865s][debug  ][gc,phases      ] GC(65)     Dead                           Min: 0, Avg:  0.0, Max: 0, Diff: 0, Sum: 0, Workers: 6
[17.865s][debug  ][gc,phases      ] GC(65)     Total                          Min: 0, Avg:  0.0, Max: 0, Diff: 0, Sum: 0, Workers: 6
[17.865s][debug  ][gc,phases      ] GC(65)   StringDedup Requests1 Weak     Min:  0.0, Avg:  0.0, Max:  0.0, Diff:  0.0, Sum:  0.0, Workers: 6
[17.865s][debug  ][gc,phases      ] GC(65)     Dead                           Min: 0, Avg:  0.0, Max: 0, Diff: 0, Sum: 0, Workers: 6
[17.865s][debug  ][gc,phases      ] GC(65)     Total                          Min: 0, Avg:  0.0, Max: 0, Diff: 0, Sum: 0, Workers: 6
[17.865s][debug  ][gc,phases      ] GC(65)   Weak JFR Old Object Samples    Min:  0.0, Avg:  0.0, Max:  0.0, Diff:  0.0, Sum:  0.0, Workers: 6
[17.865s][debug  ][gc,phases      ] GC(65)     Dead                           Min: 0, Avg:  0.0, Max: 0, Diff: 0, Sum: 0, Workers: 6
[17.865s][debug  ][gc,phases      ] GC(65)     Total                          Min: 0, Avg:  0.0, Max: 0, Diff: 0, Sum: 0, Workers: 6
[17.865s][debug  ][gc,phases      ] GC(65) Weak Processing 0.755ms
[17.865s][debug  ][gc,ergo        ] GC(65) AdaptiveSizeStart:  collection: 66 
[17.865s][debug  ][gc,ergo        ] GC(65) avg_survived_padded_avg: 31592046.000000
[17.865s][debug  ][gc,ergo        ] GC(65) avg_promoted_padded_avg: 260358528.000000  avg_pretenured_padded_avg: 0.000000  tenuring_thresh: 2  target_size: 31981568
[17.865s][debug  ][gc,age         ] GC(65) Desired survivor size 31981568 bytes, new threshold 2 (max threshold 15)
[17.865s][debug  ][gc,ergo        ] GC(65) PSAdaptiveSizePolicy::compute_eden_space_size limits: desired_eden_size: 224848138 old_eden_size: 204472320 eden_limit: 204472320 cur_eden: 204472320 max_eden_size: 204472320 avg_young_live: 26079806
[17.865s][debug  ][gc,ergo        ] GC(65) PSAdaptiveSizePolicy::compute_eden_space_size: costs minor_time: 0.043788 major_cost: 0.048602 mutator_cost: 0.907609 throughput_goal: 0.990000
[17.865s][debug  ][gc,ergo        ] GC(65) Live_space: 946310848 free_space: 1378877440
[17.865s][debug  ][gc,ergo        ] GC(65) Old eden_size: 204472320 desired_eden_size: 204472320
[17.865s][debug  ][gc,ergo        ] GC(65) AdaptiveSizeStop: collection: 66 
[17.865s][info   ][gc,heap        ] GC(65) PSYoungGen: 229114K(230912K)->30720K(230912K) Eden: 198394K(199680K)->0K(199680K) From: 30720K(31232K)->30720K(31232K)
[17.865s][info   ][gc,heap        ] GC(65) ParOldGen: 923236K(1835008K)->1015396K(1835008K)
[17.865s][info   ][gc,metaspace   ] GC(65) Metaspace: 1023K(1216K)->1023K(1216K) NonClass: 939K(1024K)->939K(1024K) Class: 83K(192K)->83K(192K)
[17.865s][info   ][gc             ] GC(65) Pause Young (Allocation Failure) 1125M->1021M(2017M) 10.434ms
[17.865s][info   ][gc,cpu         ] GC(65) User=0.02s Sys=0.00s Real=0.01s
[17.865s][debug  ][gc,heap        ] GC(65) Heap after GC invocations=66 (full 11):
[17.865s][debug  ][gc,heap        ] GC(65)  PSYoungGen      total 230912K, used 30720K [0x00000000f0000000, 0x0000000100000000, 0x0000000100000000)
[17.865s][debug  ][gc,heap        ] GC(65)   eden space 199680K, 0% used [0x00000000f0000000,0x00000000f0000000,0x00000000fc300000)
[17.865s][debug  ][gc,heap        ] GC(65)   from space 31232K, 98% used [0x00000000fe180000,0x00000000fff80030,0x0000000100000000)
[17.865s][debug  ][gc,heap        ] GC(65)   to   space 31232K, 0% used [0x00000000fc300000,0x00000000fc300000,0x00000000fe180000)
[17.865s][debug  ][gc,heap        ] GC(65)  ParOldGen       total 1835008K, used 1015396K [0x0000000080000000, 0x00000000f0000000, 0x00000000f0000000)
[17.866s][debug  ][gc,heap        ] GC(65)   object space 1835008K, 55% used [0x0000000080000000,0x00000000bdf991b0,0x00000000f0000000)
[17.866s][debug  ][gc,heap        ] GC(65)  Metaspace       used 1023K, committed 1216K, reserved 1056768K
[17.866s][debug  ][gc,heap        ] GC(65)   class space    used 83K, committed 192K, reserved 1048576K
[17.866s][debug  ][gc,task,time   ] GC(65) VM-Thread 178543817 178634684 178655935
[18.173s][debug  ][gc,heap        ] GC(66) Heap before GC invocations=67 (full 11):
[18.173s][debug  ][gc,heap        ] GC(66)  PSYoungGen      total 230912K, used 229143K [0x00000000f0000000, 0x0000000100000000, 0x0000000100000000)
[18.173s][debug  ][gc,heap        ] GC(66)   eden space 199680K, 99% used [0x00000000f0000000,0x00000000fc1c5c28,0x00000000fc300000)
[18.174s][debug  ][gc,heap        ] GC(66)   from space 31232K, 98% used [0x00000000fe180000,0x00000000fff80030,0x0000000100000000)
[18.174s][debug  ][gc,heap        ] GC(66)   to   space 31232K, 0% used [0x00000000fc300000,0x00000000fc300000,0x00000000fe180000)
[18.174s][debug  ][gc,heap        ] GC(66)  ParOldGen       total 1835008K, used 1015396K [0x0000000080000000, 0x00000000f0000000, 0x00000000f0000000)
[18.174s][debug  ][gc,heap        ] GC(66)   object space 1835008K, 55% used [0x0000000080000000,0x00000000bdf991b0,0x00000000f0000000)
[18.174s][debug  ][gc,heap        ] GC(66)  Metaspace       used 1023K, committed 1216K, reserved 1056768K
[18.174s][debug  ][gc,heap        ] GC(66)   class space    used 83K, committed 192K, reserved 1048576K
[18.174s][debug  ][gc,tlab        ] GC(66) TLAB totals: thrds: 1  refills: 1 max: 1 slow allocs: 18 max 18 waste: 27.4% gc: 3955448B max: 3955448B slow: 0B max: 0B
[18.174s][info   ][gc,start       ] GC(66) Pause Young (Allocation Failure)
[18.174s][debug  ][gc,phases,start] GC(66) Scavenge
[18.189s][debug  ][gc,phases      ] GC(66) Scavenge 15.087ms
[18.189s][debug  ][gc,phases,start] GC(66) Reference Processing
[18.189s][debug  ][gc,ref         ] GC(66) Skipped phase 1 of Reference Processing: no references
[18.189s][debug  ][gc,ref         ] GC(66) Skipped phase 2 of Reference Processing: no references
[18.189s][debug  ][gc,ref         ] GC(66) Skipped phase 3 of Reference Processing: no references
[18.189s][debug  ][gc,ref         ] GC(66) Skipped phase 4 of Reference Processing: no references
[18.189s][debug  ][gc,phases,ref  ] GC(66) Reference Processing: 0.2ms
[18.189s][debug  ][gc,phases,ref  ] GC(66)   Reconsider SoftReferences: 0.0ms
[18.189s][debug  ][gc,phases,ref  ] GC(66)     SoftRef (ms):                  skipped
[18.189s][debug  ][gc,phases,ref  ] GC(66)   Notify Soft/WeakReferences: 0.0ms
[18.189s][debug  ][gc,phases,ref  ] GC(66)     SoftRef (ms):                  skipped
[18.189s][debug  ][gc,phases,ref  ] GC(66)     WeakRef (ms):                  skipped
[18.189s][debug  ][gc,phases,ref  ] GC(66)     FinalRef (ms):                 skipped
[18.189s][debug  ][gc,phases,ref  ] GC(66)     Total (ms):                    skipped
[18.189s][debug  ][gc,phases,ref  ] GC(66)   Notify and keep alive finalizable: 0.0ms
[18.189s][debug  ][gc,phases,ref  ] GC(66)     FinalRef (ms):                 skipped
[18.189s][debug  ][gc,phases,ref  ] GC(66)   Notify PhantomReferences: 0.1ms
[18.190s][debug  ][gc,phases,ref  ] GC(66)     PhantomRef (ms):               skipped
[18.190s][debug  ][gc,phases,ref  ] GC(66)   SoftReference:
[18.190s][debug  ][gc,phases,ref  ] GC(66)     Discovered: 0
[18.190s][debug  ][gc,phases,ref  ] GC(66)     Cleared: 0
[18.190s][debug  ][gc,phases,ref  ] GC(66)   WeakReference:
[18.190s][debug  ][gc,phases,ref  ] GC(66)     Discovered: 0
[18.190s][debug  ][gc,phases,ref  ] GC(66)     Cleared: 0
[18.190s][debug  ][gc,phases,ref  ] GC(66)   FinalReference:
[18.190s][debug  ][gc,phases,ref  ] GC(66)     Discovered: 0
[18.190s][debug  ][gc,phases,ref  ] GC(66)     Cleared: 0
[18.190s][debug  ][gc,phases,ref  ] GC(66)   PhantomReference:
[18.190s][debug  ][gc,phases,ref  ] GC(66)     Discovered: 0
[18.190s][debug  ][gc,phases,ref  ] GC(66)     Cleared: 0
[18.190s][debug  ][gc,phases      ] GC(66) Reference Processing 0.840ms
[18.190s][debug  ][gc,phases,start] GC(66) Weak Processing
[18.190s][debug  ][gc,phases      ] GC(66)   VM Weak                        Min:  0.0, Avg:  0.0, Max:  0.0, Diff:  0.0, Sum:  0.0, Workers: 6
[18.190s][debug  ][gc,phases      ] GC(66)     Dead                           Min: 0, Avg:  0.0, Max: 0, Diff: 0, Sum: 0, Workers: 6
[18.190s][debug  ][gc,phases      ] GC(66)     Total                          Min: 0, Avg:  1.3, Max: 8, Diff: 8, Sum: 8, Workers: 6
[18.190s][debug  ][gc,phases      ] GC(66)   ObjectSynchronizer Weak        Min:  0.0, Avg:  0.0, Max:  0.0, Diff:  0.0, Sum:  0.0, Workers: 6
[18.190s][debug  ][gc,phases      ] GC(66)     Dead                           Min: 0, Avg:  0.0, Max: 0, Diff: 0, Sum: 0, Workers: 6
[18.190s][debug  ][gc,phases      ] GC(66)     Total                          Min: 0, Avg:  0.5, Max: 3, Diff: 3, Sum: 3, Workers: 6
[18.190s][debug  ][gc,phases      ] GC(66)   JVMTI Tag Weak OopStorage      Min:  0.0, Avg:  0.0, Max:  0.0, Diff:  0.0, Sum:  0.0, Workers: 6
[18.190s][debug  ][gc,phases      ] GC(66)     Dead                           Min: 0, Avg:  0.0, Max: 0, Diff: 0, Sum: 0, Workers: 6
[18.190s][debug  ][gc,phases      ] GC(66)     Total                          Min: 0, Avg:  0.0, Max: 0, Diff: 0, Sum: 0, Workers: 6
[18.190s][debug  ][gc,phases      ] GC(66)   StringTable Weak               Min:  0.0, Avg:  0.0, Max:  0.0, Diff:  0.0, Sum:  0.0, Workers: 6
[18.190s][debug  ][gc,phases      ] GC(66)     Dead                           Min: 0, Avg:  0.0, Max: 0, Diff: 0, Sum: 0, Workers: 6
[18.190s][debug  ][gc,phases      ] GC(66)     Total                          Min: 767, Avg: 892.2, Max: 1152, Diff: 385, Sum: 5353, Workers: 6
[18.190s][debug  ][gc,phases      ] GC(66)   ResolvedMethodTable Weak       Min:  0.0, Avg:  0.0, Max:  0.0, Diff:  0.0, Sum:  0.0, Workers: 6
[18.190s][debug  ][gc,phases      ] GC(66)     Dead                           Min: 0, Avg:  0.0, Max: 0, Diff: 0, Sum: 0, Workers: 6
[18.190s][debug  ][gc,phases      ] GC(66)     Total                          Min: 0, Avg: 21.7, Max: 64, Diff: 64, Sum: 130, Workers: 6
[18.190s][debug  ][gc,phases      ] GC(66)   JNI Weak                       Min:  0.0, Avg:  0.0, Max:  0.0, Diff:  0.0, Sum:  0.0, Workers: 6
[18.190s][debug  ][gc,phases      ] GC(66)     Dead                           Min: 0, Avg:  0.0, Max: 0, Diff: 0, Sum: 0, Workers: 6
[18.190s][debug  ][gc,phases      ] GC(66)     Total                          Min: 0, Avg:  0.0, Max: 0, Diff: 0, Sum: 0, Workers: 6
[18.190s][debug  ][gc,phases      ] GC(66)   StringDedup Table Weak         Min:  0.0, Avg:  0.0, Max:  0.0, Diff:  0.0, Sum:  0.0, Workers: 6
[18.190s][debug  ][gc,phases      ] GC(66)     Dead                           Min: 0, Avg:  0.0, Max: 0, Diff: 0, Sum: 0, Workers: 6
[18.190s][debug  ][gc,phases      ] GC(66)     Total                          Min: 0, Avg:  0.0, Max: 0, Diff: 0, Sum: 0, Workers: 6
[18.190s][debug  ][gc,phases      ] GC(66)   StringDedup Requests0 Weak     Min:  0.0, Avg:  0.0, Max:  0.0, Diff:  0.0, Sum:  0.0, Workers: 6
[18.191s][debug  ][gc,phases      ] GC(66)     Dead                           Min: 0, Avg:  0.0, Max: 0, Diff: 0, Sum: 0, Workers: 6
[18.191s][debug  ][gc,phases      ] GC(66)     Total                          Min: 0, Avg:  0.0, Max: 0, Diff: 0, Sum: 0, Workers: 6
[18.191s][debug  ][gc,phases      ] GC(66)   StringDedup Requests1 Weak     Min:  0.0, Avg:  0.0, Max:  0.0, Diff:  0.0, Sum:  0.0, Workers: 6
[18.191s][debug  ][gc,phases      ] GC(66)     Dead                           Min: 0, Avg:  0.0, Max: 0, Diff: 0, Sum: 0, Workers: 6
[18.191s][debug  ][gc,phases      ] GC(66)     Total                          Min: 0, Avg:  0.0, Max: 0, Diff: 0, Sum: 0, Workers: 6
[18.191s][debug  ][gc,phases      ] GC(66)   Weak JFR Old Object Samples    Min:  0.0, Avg:  0.0, Max:  0.0, Diff:  0.0, Sum:  0.0, Workers: 6
[18.191s][debug  ][gc,phases      ] GC(66)     Dead                           Min: 0, Avg:  0.0, Max: 0, Diff: 0, Sum: 0, Workers: 6
[18.191s][debug  ][gc,phases      ] GC(66)     Total                          Min: 0, Avg:  0.0, Max: 0, Diff: 0, Sum: 0, Workers: 6
[18.191s][debug  ][gc,phases      ] GC(66) Weak Processing 0.811ms
[18.191s][debug  ][gc,ergo        ] GC(66) AdaptiveSizeStart:  collection: 67 
[18.191s][debug  ][gc,ergo        ] GC(66) avg_survived_padded_avg: 31580866.000000
[18.191s][debug  ][gc,ergo        ] GC(66) avg_promoted_padded_avg: 262910368.000000  avg_pretenured_padded_avg: 0.000000  tenuring_thresh: 2  target_size: 31981568
[18.191s][debug  ][gc,age         ] GC(66) Desired survivor size 31981568 bytes, new threshold 2 (max threshold 15)
[18.191s][debug  ][gc,ergo        ] GC(66) PSAdaptiveSizePolicy::compute_eden_space_size limits: desired_eden_size: 225328648 old_eden_size: 204472320 eden_limit: 204472320 cur_eden: 204472320 max_eden_size: 204472320 avg_young_live: 26617558
[18.191s][debug  ][gc,ergo        ] GC(66) PSAdaptiveSizePolicy::compute_eden_space_size: costs minor_time: 0.045794 major_cost: 0.048602 mutator_cost: 0.905604 throughput_goal: 0.990000
[18.191s][debug  ][gc,ergo        ] GC(66) Live_space: 946848640 free_space: 1378877440
[18.191s][debug  ][gc,ergo        ] GC(66) Old eden_size: 204472320 desired_eden_size: 204472320
[18.191s][debug  ][gc,ergo        ] GC(66) AdaptiveSizeStop: collection: 67 
[18.191s][info   ][gc,heap        ] GC(66) PSYoungGen: 229143K(230912K)->30720K(230912K) Eden: 198423K(199680K)->0K(199680K) From: 30720K(31232K)->30720K(31232K)
[18.191s][info   ][gc,heap        ] GC(66) ParOldGen: 1015396K(1835008K)->1209956K(1835008K)
[18.191s][info   ][gc,metaspace   ] GC(66) Metaspace: 1023K(1216K)->1023K(1216K) NonClass: 939K(1024K)->939K(1024K) Class: 83K(192K)->83K(192K)
[18.191s][info   ][gc             ] GC(66) Pause Young (Allocation Failure) 1215M->1211M(2017M) 17.275ms
[18.191s][info   ][gc,cpu         ] GC(66) User=0.16s Sys=0.00s Real=0.02s
[18.191s][debug  ][gc,heap        ] GC(66) Heap after GC invocations=67 (full 11):
[18.191s][debug  ][gc,heap        ] GC(66)  PSYoungGen      total 230912K, used 30720K [0x00000000f0000000, 0x0000000100000000, 0x0000000100000000)
[18.191s][debug  ][gc,heap        ] GC(66)   eden space 199680K, 0% used [0x00000000f0000000,0x00000000f0000000,0x00000000fc300000)
[18.191s][debug  ][gc,heap        ] GC(66)   from space 31232K, 98% used [0x00000000fc300000,0x00000000fe100030,0x00000000fe180000)
[18.191s][debug  ][gc,heap        ] GC(66)   to   space 31232K, 0% used [0x00000000fe180000,0x00000000fe180000,0x0000000100000000)
[18.191s][debug  ][gc,heap        ] GC(66)  ParOldGen       total 1835008K, used 1209956K [0x0000000080000000, 0x00000000f0000000, 0x00000000f0000000)
[18.191s][debug  ][gc,heap        ] GC(66)   object space 1835008K, 65% used [0x0000000080000000,0x00000000c9d992e0,0x00000000f0000000)
[18.191s][debug  ][gc,heap        ] GC(66)  Metaspace       used 1023K, committed 1216K, reserved 1056768K
[18.191s][debug  ][gc,heap        ] GC(66)   class space    used 83K, committed 192K, reserved 1048576K
[18.191s][debug  ][gc,task,time   ] GC(66) VM-Thread 181733256 181890260 181913450
[18.493s][debug  ][gc,heap        ] GC(67) Heap before GC invocations=68 (full 11):
[18.493s][debug  ][gc,heap        ] GC(67)  PSYoungGen      total 230912K, used 229161K [0x00000000f0000000, 0x0000000100000000, 0x0000000100000000)
[18.494s][debug  ][gc,heap        ] GC(67)   eden space 199680K, 99% used [0x00000000f0000000,0x00000000fc1ca688,0x00000000fc300000)
[18.494s][debug  ][gc,heap        ] GC(67)   from space 31232K, 98% used [0x00000000fc300000,0x00000000fe100030,0x00000000fe180000)
[18.494s][debug  ][gc,heap        ] GC(67)   to   space 31232K, 0% used [0x00000000fe180000,0x00000000fe180000,0x0000000100000000)
[18.494s][debug  ][gc,heap        ] GC(67)  ParOldGen       total 1835008K, used 1209956K [0x0000000080000000, 0x00000000f0000000, 0x00000000f0000000)
[18.494s][debug  ][gc,heap        ] GC(67)   object space 1835008K, 65% used [0x0000000080000000,0x00000000c9d992e0,0x00000000f0000000)
[18.494s][debug  ][gc,heap        ] GC(67)  Metaspace       used 1023K, committed 1216K, reserved 1056768K
[18.494s][debug  ][gc,heap        ] GC(67)   class space    used 83K, committed 192K, reserved 1048576K
[18.494s][debug  ][gc,tlab        ] GC(67) TLAB totals: thrds: 1  refills: 1 max: 1 slow allocs: 18 max 18 waste: 27.5% gc: 3974488B max: 3974488B slow: 0B max: 0B
[18.494s][info   ][gc,start       ] GC(67) Pause Young (Allocation Failure)
[18.494s][debug  ][gc,phases,start] GC(67) Scavenge
[18.509s][debug  ][gc,phases      ] GC(67) Scavenge 14.966ms
[18.509s][debug  ][gc,phases,start] GC(67) Reference Processing
[18.509s][debug  ][gc,ref         ] GC(67) Skipped phase 1 of Reference Processing: no references
[18.509s][debug  ][gc,ref         ] GC(67) Skipped phase 2 of Reference Processing: no references
[18.509s][debug  ][gc,ref         ] GC(67) Skipped phase 3 of Reference Processing: no references
[18.509s][debug  ][gc,ref         ] GC(67) Skipped phase 4 of Reference Processing: no references
[18.509s][debug  ][gc,phases,ref  ] GC(67) Reference Processing: 0.1ms
[18.509s][debug  ][gc,phases,ref  ] GC(67)   Reconsider SoftReferences: 0.0ms
[18.509s][debug  ][gc,phases,ref  ] GC(67)     SoftRef (ms):                  skipped
[18.509s][debug  ][gc,phases,ref  ] GC(67)   Notify Soft/WeakReferences: 0.0ms
[18.509s][debug  ][gc,phases,ref  ] GC(67)     SoftRef (ms):                  skipped
[18.509s][debug  ][gc,phases,ref  ] GC(67)     WeakRef (ms):                  skipped
[18.509s][debug  ][gc,phases,ref  ] GC(67)     FinalRef (ms):                 skipped
[18.509s][debug  ][gc,phases,ref  ] GC(67)     Total (ms):                    skipped
[18.509s][debug  ][gc,phases,ref  ] GC(67)   Notify and keep alive finalizable: 0.0ms
[18.509s][debug  ][gc,phases,ref  ] GC(67)     FinalRef (ms):                 skipped
[18.509s][debug  ][gc,phases,ref  ] GC(67)   Notify PhantomReferences: 0.0ms
[18.509s][debug  ][gc,phases,ref  ] GC(67)     PhantomRef (ms):               skipped
[18.509s][debug  ][gc,phases,ref  ] GC(67)   SoftReference:
[18.509s][debug  ][gc,phases,ref  ] GC(67)     Discovered: 0
[18.509s][debug  ][gc,phases,ref  ] GC(67)     Cleared: 0
[18.509s][debug  ][gc,phases,ref  ] GC(67)   WeakReference:
[18.509s][debug  ][gc,phases,ref  ] GC(67)     Discovered: 0
[18.509s][debug  ][gc,phases,ref  ] GC(67)     Cleared: 0
[18.509s][debug  ][gc,phases,ref  ] GC(67)   FinalReference:
[18.509s][debug  ][gc,phases,ref  ] GC(67)     Discovered: 0
[18.509s][debug  ][gc,phases,ref  ] GC(67)     Cleared: 0
[18.509s][debug  ][gc,phases,ref  ] GC(67)   PhantomReference:
[18.510s][debug  ][gc,phases,ref  ] GC(67)     Discovered: 0
[18.510s][debug  ][gc,phases,ref  ] GC(67)     Cleared: 0
[18.510s][debug  ][gc,phases      ] GC(67) Reference Processing 0.682ms
[18.510s][debug  ][gc,phases,start] GC(67) Weak Processing
[18.510s][debug  ][gc,phases      ] GC(67)   VM Weak                        Min:  0.0, Avg:  0.0, Max:  0.0, Diff:  0.0, Sum:  0.0, Workers: 6
[18.510s][debug  ][gc,phases      ] GC(67)     Dead                           Min: 0, Avg:  0.0, Max: 0, Diff: 0, Sum: 0, Workers: 6
[18.510s][debug  ][gc,phases      ] GC(67)     Total                          Min: 0, Avg:  1.3, Max: 8, Diff: 8, Sum: 8, Workers: 6
[18.510s][debug  ][gc,phases      ] GC(67)   ObjectSynchronizer Weak        Min:  0.0, Avg:  0.0, Max:  0.0, Diff:  0.0, Sum:  0.0, Workers: 6
[18.510s][debug  ][gc,phases      ] GC(67)     Dead                           Min: 0, Avg:  0.0, Max: 0, Diff: 0, Sum: 0, Workers: 6
[18.510s][debug  ][gc,phases      ] GC(67)     Total                          Min: 0, Avg:  0.5, Max: 3, Diff: 3, Sum: 3, Workers: 6
[18.510s][debug  ][gc,phases      ] GC(67)   JVMTI Tag Weak OopStorage      Min:  0.0, Avg:  0.0, Max:  0.0, Diff:  0.0, Sum:  0.0, Workers: 6
[18.510s][debug  ][gc,phases      ] GC(67)     Dead                           Min: 0, Avg:  0.0, Max: 0, Diff: 0, Sum: 0, Workers: 6
[18.510s][debug  ][gc,phases      ] GC(67)     Total                          Min: 0, Avg:  0.0, Max: 0, Diff: 0, Sum: 0, Workers: 6
[18.510s][debug  ][gc,phases      ] GC(67)   StringTable Weak               Min:  0.0, Avg:  0.0, Max:  0.0, Diff:  0.0, Sum:  0.0, Workers: 6
[18.510s][debug  ][gc,phases      ] GC(67)     Dead                           Min: 0, Avg:  0.0, Max: 0, Diff: 0, Sum: 0, Workers: 6
[18.510s][debug  ][gc,phases      ] GC(67)     Total                          Min: 768, Avg: 892.2, Max: 1088, Diff: 320, Sum: 5353, Workers: 6
[18.510s][debug  ][gc,phases      ] GC(67)   ResolvedMethodTable Weak       Min:  0.0, Avg:  0.0, Max:  0.0, Diff:  0.0, Sum:  0.0, Workers: 6
[18.510s][debug  ][gc,phases      ] GC(67)     Dead                           Min: 0, Avg:  0.0, Max: 0, Diff: 0, Sum: 0, Workers: 6
[18.510s][debug  ][gc,phases      ] GC(67)     Total                          Min: 0, Avg: 21.7, Max: 66, Diff: 66, Sum: 130, Workers: 6
[18.510s][debug  ][gc,phases      ] GC(67)   JNI Weak                       Min:  0.0, Avg:  0.0, Max:  0.0, Diff:  0.0, Sum:  0.0, Workers: 6
[18.510s][debug  ][gc,phases      ] GC(67)     Dead                           Min: 0, Avg:  0.0, Max: 0, Diff: 0, Sum: 0, Workers: 6
[18.510s][debug  ][gc,phases      ] GC(67)     Total                          Min: 0, Avg:  0.0, Max: 0, Diff: 0, Sum: 0, Workers: 6
[18.510s][debug  ][gc,phases      ] GC(67)   StringDedup Table Weak         Min:  0.0, Avg:  0.0, Max:  0.0, Diff:  0.0, Sum:  0.0, Workers: 6
[18.510s][debug  ][gc,phases      ] GC(67)     Dead                           Min: 0, Avg:  0.0, Max: 0, Diff: 0, Sum: 0, Workers: 6
[18.510s][debug  ][gc,phases      ] GC(67)     Total                          Min: 0, Avg:  0.0, Max: 0, Diff: 0, Sum: 0, Workers: 6
[18.510s][debug  ][gc,phases      ] GC(67)   StringDedup Requests0 Weak     Min:  0.0, Avg:  0.0, Max:  0.0, Diff:  0.0, Sum:  0.0, Workers: 6
[18.510s][debug  ][gc,phases      ] GC(67)     Dead                           Min: 0, Avg:  0.0, Max: 0, Diff: 0, Sum: 0, Workers: 6
[18.510s][debug  ][gc,phases      ] GC(67)     Total                          Min: 0, Avg:  0.0, Max: 0, Diff: 0, Sum: 0, Workers: 6
[18.510s][debug  ][gc,phases      ] GC(67)   StringDedup Requests1 Weak     Min:  0.0, Avg:  0.0, Max:  0.0, Diff:  0.0, Sum:  0.0, Workers: 6
[18.510s][debug  ][gc,phases      ] GC(67)     Dead                           Min: 0, Avg:  0.0, Max: 0, Diff: 0, Sum: 0, Workers: 6
[18.510s][debug  ][gc,phases      ] GC(67)     Total                          Min: 0, Avg:  0.0, Max: 0, Diff: 0, Sum: 0, Workers: 6
[18.510s][debug  ][gc,phases      ] GC(67)   Weak JFR Old Object Samples    Min:  0.0, Avg:  0.0, Max:  0.0, Diff:  0.0, Sum:  0.0, Workers: 6
[18.510s][debug  ][gc,phases      ] GC(67)     Dead                           Min: 0, Avg:  0.0, Max: 0, Diff: 0, Sum: 0, Workers: 6
[18.510s][debug  ][gc,phases      ] GC(67)     Total                          Min: 0, Avg:  0.0, Max: 0, Diff: 0, Sum: 0, Workers: 6
[18.510s][debug  ][gc,phases      ] GC(67) Weak Processing 0.759ms
[18.510s][debug  ][gc,ergo        ] GC(67) AdaptiveSizeStart:  collection: 68 
[18.510s][debug  ][gc,ergo        ] GC(67) avg_survived_padded_avg: 31570576.000000
[18.510s][debug  ][gc,ergo        ] GC(67) avg_promoted_padded_avg: 264340528.000000  avg_pretenured_padded_avg: 0.000000  tenuring_thresh: 2  target_size: 31981568
[18.510s][debug  ][gc,age         ] GC(67) Desired survivor size 31981568 bytes, new threshold 2 (max threshold 15)
[18.510s][debug  ][gc,ergo        ] GC(67) PSAdaptiveSizePolicy::compute_eden_space_size limits: desired_eden_size: 224635629 old_eden_size: 204472320 eden_limit: 204472320 cur_eden: 204472320 max_eden_size: 204472320 avg_young_live: 27101534
[18.510s][debug  ][gc,ergo        ] GC(67) PSAdaptiveSizePolicy::compute_eden_space_size: costs minor_time: 0.047271 major_cost: 0.048602 mutator_cost: 0.904127 throughput_goal: 0.990000
[18.511s][debug  ][gc,ergo        ] GC(67) Live_space: 947332608 free_space: 1378877440
[18.511s][debug  ][gc,ergo        ] GC(67) Old eden_size: 204472320 desired_eden_size: 204472320
[18.511s][debug  ][gc,ergo        ] GC(67) AdaptiveSizeStop: collection: 68 
[18.511s][info   ][gc,heap        ] GC(67) PSYoungGen: 229161K(230912K)->30720K(230912K) Eden: 198441K(199680K)->0K(199680K) From: 30720K(31232K)->30720K(31232K)
[18.511s][info   ][gc,heap        ] GC(67) ParOldGen: 1209956K(1835008K)->1404517K(1835008K)
[18.511s][info   ][gc,metaspace   ] GC(67) Metaspace: 1023K(1216K)->1023K(1216K) NonClass: 939K(1024K)->939K(1024K) Class: 83K(192K)->83K(192K)
[18.511s][info   ][gc             ] GC(67) Pause Young (Allocation Failure) 1405M->1401M(2017M) 16.892ms
[18.511s][info   ][gc,cpu         ] GC(67) User=0.14s Sys=0.00s Real=0.02s
[18.511s][debug  ][gc,heap        ] GC(67) Heap after GC invocations=68 (full 11):
[18.511s][debug  ][gc,heap        ] GC(67)  PSYoungGen      total 230912K, used 30720K [0x00000000f0000000, 0x0000000100000000, 0x0000000100000000)
[18.511s][debug  ][gc,heap        ] GC(67)   eden space 199680K, 0% used [0x00000000f0000000,0x00000000f0000000,0x00000000fc300000)
[18.511s][debug  ][gc,heap        ] GC(67)   from space 31232K, 98% used [0x00000000fe180000,0x00000000fff80030,0x0000000100000000)
[18.511s][debug  ][gc,heap        ] GC(67)   to   space 31232K, 0% used [0x00000000fc300000,0x00000000fc300000,0x00000000fe180000)
[18.511s][debug  ][gc,heap        ] GC(67)  ParOldGen       total 1835008K, used 1404517K [0x0000000080000000, 0x00000000f0000000, 0x00000000f0000000)
[18.511s][debug  ][gc,heap        ] GC(67)   object space 1835008K, 76% used [0x0000000080000000,0x00000000d5b99410,0x00000000f0000000)
[18.511s][debug  ][gc,heap        ] GC(67)  Metaspace       used 1023K, committed 1216K, reserved 1056768K
[18.511s][debug  ][gc,heap        ] GC(67)   class space    used 83K, committed 192K, reserved 1048576K
[18.511s][debug  ][gc,task,time   ] GC(67) VM-Thread 184933818 185088801 185109611
[18.813s][debug  ][gc,heap        ] GC(68) Heap before GC invocations=69 (full 11):
[18.814s][debug  ][gc,heap        ] GC(68)  PSYoungGen      total 230912K, used 229173K [0x00000000f0000000, 0x0000000100000000, 0x0000000100000000)
[18.814s][debug  ][gc,heap        ] GC(68)   eden space 199680K, 99% used [0x00000000f0000000,0x00000000fc1cd658,0x00000000fc300000)
[18.814s][debug  ][gc,heap        ] GC(68)   from space 31232K, 98% used [0x00000000fe180000,0x00000000fff80030,0x0000000100000000)
[18.814s][debug  ][gc,heap        ] GC(68)   to   space 31232K, 0% used [0x00000000fc300000,0x00000000fc300000,0x00000000fe180000)
[18.814s][debug  ][gc,heap        ] GC(68)  ParOldGen       total 1835008K, used 1404517K [0x0000000080000000, 0x00000000f0000000, 0x00000000f0000000)
[18.814s][debug  ][gc,heap        ] GC(68)   object space 1835008K, 76% used [0x0000000080000000,0x00000000d5b99410,0x00000000f0000000)
[18.814s][debug  ][gc,heap        ] GC(68)  Metaspace       used 1023K, committed 1216K, reserved 1056768K
[18.814s][debug  ][gc,heap        ] GC(68)   class space    used 83K, committed 192K, reserved 1048576K
[18.814s][debug  ][gc,tlab        ] GC(68) TLAB totals: thrds: 1  refills: 1 max: 1 slow allocs: 18 max 18 waste: 27.5% gc: 3986728B max: 3986728B slow: 0B max: 0B
[18.814s][info   ][gc,start       ] GC(68) Pause Young (Allocation Failure)
[18.814s][debug  ][gc,phases,start] GC(68) Scavenge
[18.829s][debug  ][gc,phases      ] GC(68) Scavenge 15.540ms
[18.830s][debug  ][gc,phases,start] GC(68) Reference Processing
[18.830s][debug  ][gc,ref         ] GC(68) Skipped phase 1 of Reference Processing: no references
[18.830s][debug  ][gc,ref         ] GC(68) Skipped phase 2 of Reference Processing: no references
[18.830s][debug  ][gc,ref         ] GC(68) Skipped phase 3 of Reference Processing: no references
[18.830s][debug  ][gc,ref         ] GC(68) Skipped phase 4 of Reference Processing: no references
[18.830s][debug  ][gc,phases,ref  ] GC(68) Reference Processing: 0.1ms
[18.830s][debug  ][gc,phases,ref  ] GC(68)   Reconsider SoftReferences: 0.0ms
[18.830s][debug  ][gc,phases,ref  ] GC(68)     SoftRef (ms):                  skipped
[18.830s][debug  ][gc,phases,ref  ] GC(68)   Notify Soft/WeakReferences: 0.0ms
[18.830s][debug  ][gc,phases,ref  ] GC(68)     SoftRef (ms):                  skipped
[18.830s][debug  ][gc,phases,ref  ] GC(68)     WeakRef (ms):                  skipped
[18.830s][debug  ][gc,phases,ref  ] GC(68)     FinalRef (ms):                 skipped
[18.830s][debug  ][gc,phases,ref  ] GC(68)     Total (ms):                    skipped
[18.830s][debug  ][gc,phases,ref  ] GC(68)   Notify and keep alive finalizable: 0.0ms
[18.830s][debug  ][gc,phases,ref  ] GC(68)     FinalRef (ms):                 skipped
[18.830s][debug  ][gc,phases,ref  ] GC(68)   Notify PhantomReferences: 0.0ms
[18.830s][debug  ][gc,phases,ref  ] GC(68)     PhantomRef (ms):               skipped
[18.830s][debug  ][gc,phases,ref  ] GC(68)   SoftReference:
[18.830s][debug  ][gc,phases,ref  ] GC(68)     Discovered: 0
[18.830s][debug  ][gc,phases,ref  ] GC(68)     Cleared: 0
[18.830s][debug  ][gc,phases,ref  ] GC(68)   WeakReference:
[18.830s][debug  ][gc,phases,ref  ] GC(68)     Discovered: 0
[18.830s][debug  ][gc,phases,ref  ] GC(68)     Cleared: 0
[18.830s][debug  ][gc,phases,ref  ] GC(68)   FinalReference:
[18.830s][debug  ][gc,phases,ref  ] GC(68)     Discovered: 0
[18.830s][debug  ][gc,phases,ref  ] GC(68)     Cleared: 0
[18.830s][debug  ][gc,phases,ref  ] GC(68)   PhantomReference:
[18.830s][debug  ][gc,phases,ref  ] GC(68)     Discovered: 0
[18.830s][debug  ][gc,phases,ref  ] GC(68)     Cleared: 0
[18.830s][debug  ][gc,phases      ] GC(68) Reference Processing 0.689ms
[18.830s][debug  ][gc,phases,start] GC(68) Weak Processing
[18.830s][debug  ][gc,phases      ] GC(68)   VM Weak                        Min:  0.0, Avg:  0.0, Max:  0.0, Diff:  0.0, Sum:  0.0, Workers: 6
[18.830s][debug  ][gc,phases      ] GC(68)     Dead                           Min: 0, Avg:  0.0, Max: 0, Diff: 0, Sum: 0, Workers: 6
[18.830s][debug  ][gc,phases      ] GC(68)     Total                          Min: 0, Avg:  1.3, Max: 8, Diff: 8, Sum: 8, Workers: 6
[18.830s][debug  ][gc,phases      ] GC(68)   ObjectSynchronizer Weak        Min:  0.0, Avg:  0.0, Max:  0.0, Diff:  0.0, Sum:  0.0, Workers: 6
[18.830s][debug  ][gc,phases      ] GC(68)     Dead                           Min: 0, Avg:  0.0, Max: 0, Diff: 0, Sum: 0, Workers: 6
[18.830s][debug  ][gc,phases      ] GC(68)     Total                          Min: 0, Avg:  0.5, Max: 3, Diff: 3, Sum: 3, Workers: 6
[18.830s][debug  ][gc,phases      ] GC(68)   JVMTI Tag Weak OopStorage      Min:  0.0, Avg:  0.0, Max:  0.0, Diff:  0.0, Sum:  0.0, Workers: 6
[18.830s][debug  ][gc,phases      ] GC(68)     Dead                           Min: 0, Avg:  0.0, Max: 0, Diff: 0, Sum: 0, Workers: 6
[18.831s][debug  ][gc,phases      ] GC(68)     Total                          Min: 0, Avg:  0.0, Max: 0, Diff: 0, Sum: 0, Workers: 6
[18.831s][debug  ][gc,phases      ] GC(68)   StringTable Weak               Min:  0.0, Avg:  0.0, Max:  0.0, Diff:  0.0, Sum:  0.0, Workers: 6
[18.831s][debug  ][gc,phases      ] GC(68)     Dead                           Min: 0, Avg:  0.0, Max: 0, Diff: 0, Sum: 0, Workers: 6
[18.831s][debug  ][gc,phases      ] GC(68)     Total                          Min: 704, Avg: 892.2, Max: 1193, Diff: 489, Sum: 5353, Workers: 6
[18.831s][debug  ][gc,phases      ] GC(68)   ResolvedMethodTable Weak       Min:  0.0, Avg:  0.0, Max:  0.0, Diff:  0.0, Sum:  0.0, Workers: 6
[18.831s][debug  ][gc,phases      ] GC(68)     Dead                           Min: 0, Avg:  0.0, Max: 0, Diff: 0, Sum: 0, Workers: 6
[18.831s][debug  ][gc,phases      ] GC(68)     Total                          Min: 0, Avg: 21.7, Max: 64, Diff: 64, Sum: 130, Workers: 6
[18.831s][debug  ][gc,phases      ] GC(68)   JNI Weak                       Min:  0.0, Avg:  0.0, Max:  0.0, Diff:  0.0, Sum:  0.0, Workers: 6
[18.831s][debug  ][gc,phases      ] GC(68)     Dead                           Min: 0, Avg:  0.0, Max: 0, Diff: 0, Sum: 0, Workers: 6
[18.831s][debug  ][gc,phases      ] GC(68)     Total                          Min: 0, Avg:  0.0, Max: 0, Diff: 0, Sum: 0, Workers: 6
[18.831s][debug  ][gc,phases      ] GC(68)   StringDedup Table Weak         Min:  0.0, Avg:  0.0, Max:  0.0, Diff:  0.0, Sum:  0.0, Workers: 6
[18.831s][debug  ][gc,phases      ] GC(68)     Dead                           Min: 0, Avg:  0.0, Max: 0, Diff: 0, Sum: 0, Workers: 6
[18.831s][debug  ][gc,phases      ] GC(68)     Total                          Min: 0, Avg:  0.0, Max: 0, Diff: 0, Sum: 0, Workers: 6
[18.831s][debug  ][gc,phases      ] GC(68)   StringDedup Requests0 Weak     Min:  0.0, Avg:  0.0, Max:  0.0, Diff:  0.0, Sum:  0.0, Workers: 6
[18.831s][debug  ][gc,phases      ] GC(68)     Dead                           Min: 0, Avg:  0.0, Max: 0, Diff: 0, Sum: 0, Workers: 6
[18.831s][debug  ][gc,phases      ] GC(68)     Total                          Min: 0, Avg:  0.0, Max: 0, Diff: 0, Sum: 0, Workers: 6
[18.831s][debug  ][gc,phases      ] GC(68)   StringDedup Requests1 Weak     Min:  0.0, Avg:  0.0, Max:  0.0, Diff:  0.0, Sum:  0.0, Workers: 6
[18.831s][debug  ][gc,phases      ] GC(68)     Dead                           Min: 0, Avg:  0.0, Max: 0, Diff: 0, Sum: 0, Workers: 6
[18.831s][debug  ][gc,phases      ] GC(68)     Total                          Min: 0, Avg:  0.0, Max: 0, Diff: 0, Sum: 0, Workers: 6
[18.831s][debug  ][gc,phases      ] GC(68)   Weak JFR Old Object Samples    Min:  0.0, Avg:  0.0, Max:  0.0, Diff:  0.0, Sum:  0.0, Workers: 6
[18.831s][debug  ][gc,phases      ] GC(68)     Dead                           Min: 0, Avg:  0.0, Max: 0, Diff: 0, Sum: 0, Workers: 6
[18.831s][debug  ][gc,phases      ] GC(68)     Total                          Min: 0, Avg:  0.0, Max: 0, Diff: 0, Sum: 0, Workers: 6
[18.831s][debug  ][gc,phases      ] GC(68) Weak Processing 0.769ms
[18.831s][debug  ][gc,ergo        ] GC(68) AdaptiveSizeStart:  collection: 69 
[18.831s][debug  ][gc,ergo        ] GC(68) avg_survived_padded_avg: 31561108.000000
[18.831s][debug  ][gc,ergo        ] GC(68) avg_promoted_padded_avg: 264847840.000000  avg_pretenured_padded_avg: 0.000000  tenuring_thresh: 2  target_size: 31981568
[18.831s][debug  ][gc,age         ] GC(68) Desired survivor size 31981568 bytes, new threshold 2 (max threshold 15)
[18.831s][debug  ][gc,ergo        ] GC(68) PSAdaptiveSizePolicy::compute_eden_space_size limits: desired_eden_size: 224960716 old_eden_size: 204472320 eden_limit: 204472320 cur_eden: 204472320 max_eden_size: 204472320 avg_young_live: 27537112
[18.831s][debug  ][gc,ergo        ] GC(68) PSAdaptiveSizePolicy::compute_eden_space_size: costs minor_time: 0.048798 major_cost: 0.048602 mutator_cost: 0.902599 throughput_goal: 0.990000
[18.831s][debug  ][gc,ergo        ] GC(68) Live_space: 947768192 free_space: 1378877440
[18.831s][debug  ][gc,ergo        ] GC(68) Old eden_size: 204472320 desired_eden_size: 204472320
[18.831s][debug  ][gc,ergo        ] GC(68) AdaptiveSizeStop: collection: 69 
[18.831s][info   ][gc,heap        ] GC(68) PSYoungGen: 229173K(230912K)->30720K(230912K) Eden: 198453K(199680K)->0K(199680K) From: 30720K(31232K)->30720K(31232K)
[18.831s][info   ][gc,heap        ] GC(68) ParOldGen: 1404517K(1835008K)->1599077K(1835008K)
[18.831s][info   ][gc,metaspace   ] GC(68) Metaspace: 1023K(1216K)->1023K(1216K) NonClass: 939K(1024K)->939K(1024K) Class: 83K(192K)->83K(192K)
[18.831s][info   ][gc             ] GC(68) Pause Young (Allocation Failure) 1595M->1591M(2017M) 17.502ms
[18.831s][info   ][gc,cpu         ] GC(68) User=0.16s Sys=0.00s Real=0.02s
[18.831s][debug  ][gc,heap        ] GC(68) Heap after GC invocations=69 (full 11):
[18.831s][debug  ][gc,heap        ] GC(68)  PSYoungGen      total 230912K, used 30720K [0x00000000f0000000, 0x0000000100000000, 0x0000000100000000)
[18.831s][debug  ][gc,heap        ] GC(68)   eden space 199680K, 0% used [0x00000000f0000000,0x00000000f0000000,0x00000000fc300000)
[18.831s][debug  ][gc,heap        ] GC(68)   from space 31232K, 98% used [0x00000000fc300000,0x00000000fe100030,0x00000000fe180000)
[18.832s][debug  ][gc,heap        ] GC(68)   to   space 31232K, 0% used [0x00000000fe180000,0x00000000fe180000,0x0000000100000000)
[18.832s][debug  ][gc,heap        ] GC(68)  ParOldGen       total 1835008K, used 1599077K [0x0000000080000000, 0x00000000f0000000, 0x00000000f0000000)
[18.832s][debug  ][gc,heap        ] GC(68)   object space 1835008K, 87% used [0x0000000080000000,0x00000000e1999540,0x00000000f0000000)
[18.832s][debug  ][gc,heap        ] GC(68)  Metaspace       used 1023K, committed 1216K, reserved 1056768K
[18.832s][debug  ][gc,heap        ] GC(68)   class space    used 83K, committed 192K, reserved 1048576K
[18.832s][debug  ][gc,task,time   ] GC(68) VM-Thread 188134511 188295365 188316367
[18.832s][debug  ][gc,phases,start] GC(69) Pre Compact
[18.832s][debug  ][gc,heap        ] GC(69) Heap before GC invocations=70 (full 12):
[18.832s][debug  ][gc,heap        ] GC(69)  PSYoungGen      total 230912K, used 30720K [0x00000000f0000000, 0x0000000100000000, 0x0000000100000000)
[18.832s][debug  ][gc,heap        ] GC(69)   eden space 199680K, 0% used [0x00000000f0000000,0x00000000f0000000,0x00000000fc300000)
[18.832s][debug  ][gc,heap        ] GC(69)   from space 31232K, 98% used [0x00000000fc300000,0x00000000fe100030,0x00000000fe180000)
[18.832s][debug  ][gc,heap        ] GC(69)   to   space 31232K, 0% used [0x00000000fe180000,0x00000000fe180000,0x0000000100000000)
[18.832s][debug  ][gc,heap        ] GC(69)  ParOldGen       total 1835008K, used 1599077K [0x0000000080000000, 0x00000000f0000000, 0x00000000f0000000)
[18.832s][debug  ][gc,heap        ] GC(69)   object space 1835008K, 87% used [0x0000000080000000,0x00000000e1999540,0x00000000f0000000)
[18.832s][debug  ][gc,heap        ] GC(69)  Metaspace       used 1023K, committed 1216K, reserved 1056768K
[18.832s][debug  ][gc,heap        ] GC(69)   class space    used 83K, committed 192K, reserved 1048576K
[18.832s][debug  ][gc,phases      ] GC(69) Pre Compact 0.224ms
[18.832s][info   ][gc,start       ] GC(69) Pause Full (Ergonomics)
[18.832s][info   ][gc,phases,start] GC(69) Marking Phase
[18.832s][debug  ][gc,phases,start] GC(69) Par Mark
[18.832s][debug  ][gc,phases      ] GC(69) Par Mark 0.518ms
[18.833s][debug  ][gc,phases,start] GC(69) Reference Processing
[18.833s][debug  ][gc,ref         ] GC(69) Skipped phase 1 of Reference Processing: no references
[18.833s][debug  ][gc,ref         ] GC(69) ReferenceProcessor::execute queues: 1, RefProcThreadModel::Single, marks_oops_alive: false
[18.833s][debug  ][gc,ref         ] GC(69) Skipped phase 3 of Reference Processing: no references
[18.833s][debug  ][gc,ref         ] GC(69) ReferenceProcessor::execute queues: 1, RefProcThreadModel::Single, marks_oops_alive: false
[18.833s][debug  ][gc,phases,ref  ] GC(69) Reference Processing: 0.1ms
[18.833s][debug  ][gc,phases,ref  ] GC(69)   Reconsider SoftReferences: 0.0ms
[18.833s][debug  ][gc,phases,ref  ] GC(69)     SoftRef (ms):                  skipped
[18.833s][debug  ][gc,phases,ref  ] GC(69)   Notify Soft/WeakReferences: 0.0ms
[18.833s][debug  ][gc,phases,ref  ] GC(69)     SoftRef (ms):                  Min:  0.0, Avg:  0.0, Max:  0.0, Diff:  0.0, Sum:  0.0, Workers: 10
[18.833s][debug  ][gc,phases,ref  ] GC(69)     WeakRef (ms):                  Min:  0.0, Avg:  0.0, Max:  0.0, Diff:  0.0, Sum:  0.0, Workers: 10
[18.833s][debug  ][gc,phases,ref  ] GC(69)     FinalRef (ms):                 Min:  0.0, Avg:  0.0, Max:  0.0, Diff:  0.0, Sum:  0.0, Workers: 10
[18.833s][debug  ][gc,phases,ref  ] GC(69)     Total (ms):                    Min:  0.0, Avg:  0.0, Max:  0.0, Diff:  0.0, Sum:  0.0, Workers: 10
[18.833s][debug  ][gc,phases,ref  ] GC(69)   Notify and keep alive finalizable: 0.0ms
[18.833s][debug  ][gc,phases,ref  ] GC(69)     FinalRef (ms):                 skipped
[18.833s][debug  ][gc,phases,ref  ] GC(69)   Notify PhantomReferences: 0.0ms
[18.833s][debug  ][gc,phases,ref  ] GC(69)     PhantomRef (ms):               Min:  0.0, Avg:  0.0, Max:  0.0, Diff:  0.0, Sum:  0.0, Workers: 10
[18.833s][debug  ][gc,phases,ref  ] GC(69)   SoftReference:
[18.833s][debug  ][gc,phases,ref  ] GC(69)     Discovered: 0
[18.833s][debug  ][gc,phases,ref  ] GC(69)     Cleared: 0
[18.833s][debug  ][gc,phases,ref  ] GC(69)   WeakReference:
[18.833s][debug  ][gc,phases,ref  ] GC(69)     Discovered: 76
[18.833s][debug  ][gc,phases,ref  ] GC(69)     Cleared: 76
[18.833s][debug  ][gc,phases,ref  ] GC(69)   FinalReference:
[18.833s][debug  ][gc,phases,ref  ] GC(69)     Discovered: 0
[18.833s][debug  ][gc,phases,ref  ] GC(69)     Cleared: 0
[18.833s][debug  ][gc,phases,ref  ] GC(69)   PhantomReference:
[18.833s][debug  ][gc,phases,ref  ] GC(69)     Discovered: 3
[18.833s][debug  ][gc,phases,ref  ] GC(69)     Cleared: 3
[18.833s][debug  ][gc,phases      ] GC(69) Reference Processing 0.694ms
[18.833s][debug  ][gc,phases,start] GC(69) Weak Processing
[18.833s][debug  ][gc,phases      ] GC(69)   VM Weak                        Min:  0.0, Avg:  0.0, Max:  0.0, Diff:  0.0, Sum:  0.0, Workers: 6
[18.833s][debug  ][gc,phases      ] GC(69)     Dead                           Min: 0, Avg:  0.0, Max: 0, Diff: 0, Sum: 0, Workers: 6
[18.833s][debug  ][gc,phases      ] GC(69)     Total                          Min: 0, Avg:  1.3, Max: 8, Diff: 8, Sum: 8, Workers: 6
[18.833s][debug  ][gc,phases      ] GC(69)   ObjectSynchronizer Weak        Min:  0.0, Avg:  0.0, Max:  0.0, Diff:  0.0, Sum:  0.0, Workers: 6
[18.833s][debug  ][gc,phases      ] GC(69)     Dead                           Min: 0, Avg:  0.0, Max: 0, Diff: 0, Sum: 0, Workers: 6
[18.833s][debug  ][gc,phases      ] GC(69)     Total                          Min: 0, Avg:  0.5, Max: 3, Diff: 3, Sum: 3, Workers: 6
[18.833s][debug  ][gc,phases      ] GC(69)   JVMTI Tag Weak OopStorage      Min:  0.0, Avg:  0.0, Max:  0.0, Diff:  0.0, Sum:  0.0, Workers: 6
[18.833s][debug  ][gc,phases      ] GC(69)     Dead                           Min: 0, Avg:  0.0, Max: 0, Diff: 0, Sum: 0, Workers: 6
[18.833s][debug  ][gc,phases      ] GC(69)     Total                          Min: 0, Avg:  0.0, Max: 0, Diff: 0, Sum: 0, Workers: 6
[18.834s][debug  ][gc,phases      ] GC(69)   StringTable Weak               Min:  0.0, Avg:  0.0, Max:  0.0, Diff:  0.0, Sum:  0.0, Workers: 6
[18.834s][debug  ][gc,phases      ] GC(69)     Dead                           Min: 0, Avg:  0.0, Max: 0, Diff: 0, Sum: 0, Workers: 6
[18.834s][debug  ][gc,phases      ] GC(69)     Total                          Min: 703, Avg: 892.2, Max: 1322, Diff: 619, Sum: 5353, Workers: 6
[18.834s][debug  ][gc,phases      ] GC(69)   ResolvedMethodTable Weak       Min:  0.0, Avg:  0.0, Max:  0.0, Diff:  0.0, Sum:  0.0, Workers: 6
[18.834s][debug  ][gc,phases      ] GC(69)     Dead                           Min: 0, Avg:  0.0, Max: 0, Diff: 0, Sum: 0, Workers: 6
[18.834s][debug  ][gc,phases      ] GC(69)     Total                          Min: 0, Avg: 21.7, Max: 64, Diff: 64, Sum: 130, Workers: 6
[18.834s][debug  ][gc,phases      ] GC(69)   JNI Weak                       Min:  0.0, Avg:  0.0, Max:  0.0, Diff:  0.0, Sum:  0.0, Workers: 6
[18.834s][debug  ][gc,phases      ] GC(69)     Dead                           Min: 0, Avg:  0.0, Max: 0, Diff: 0, Sum: 0, Workers: 6
[18.834s][debug  ][gc,phases      ] GC(69)     Total                          Min: 0, Avg:  0.0, Max: 0, Diff: 0, Sum: 0, Workers: 6
[18.834s][debug  ][gc,phases      ] GC(69)   StringDedup Table Weak         Min:  0.0, Avg:  0.0, Max:  0.0, Diff:  0.0, Sum:  0.0, Workers: 6
[18.834s][debug  ][gc,phases      ] GC(69)     Dead                           Min: 0, Avg:  0.0, Max: 0, Diff: 0, Sum: 0, Workers: 6
[18.834s][debug  ][gc,phases      ] GC(69)     Total                          Min: 0, Avg:  0.0, Max: 0, Diff: 0, Sum: 0, Workers: 6
[18.834s][debug  ][gc,phases      ] GC(69)   StringDedup Requests0 Weak     Min:  0.0, Avg:  0.0, Max:  0.0, Diff:  0.0, Sum:  0.0, Workers: 6
[18.834s][debug  ][gc,phases      ] GC(69)     Dead                           Min: 0, Avg:  0.0, Max: 0, Diff: 0, Sum: 0, Workers: 6
[18.834s][debug  ][gc,phases      ] GC(69)     Total                          Min: 0, Avg:  0.0, Max: 0, Diff: 0, Sum: 0, Workers: 6
[18.834s][debug  ][gc,phases      ] GC(69)   StringDedup Requests1 Weak     Min:  0.0, Avg:  0.0, Max:  0.0, Diff:  0.0, Sum:  0.0, Workers: 6
[18.834s][debug  ][gc,phases      ] GC(69)     Dead                           Min: 0, Avg:  0.0, Max: 0, Diff: 0, Sum: 0, Workers: 6
[18.834s][debug  ][gc,phases      ] GC(69)     Total                          Min: 0, Avg:  0.0, Max: 0, Diff: 0, Sum: 0, Workers: 6
[18.834s][debug  ][gc,phases      ] GC(69)   Weak JFR Old Object Samples    Min:  0.0, Avg:  0.0, Max:  0.0, Diff:  0.0, Sum:  0.0, Workers: 6
[18.834s][debug  ][gc,phases      ] GC(69)     Dead                           Min: 0, Avg:  0.0, Max: 0, Diff: 0, Sum: 0, Workers: 6
[18.834s][debug  ][gc,phases      ] GC(69)     Total                          Min: 0, Avg:  0.0, Max: 0, Diff: 0, Sum: 0, Workers: 6
[18.834s][debug  ][gc,phases      ] GC(69) Weak Processing 0.737ms
[18.834s][debug  ][gc,phases,start] GC(69) Class Unloading
[18.834s][debug  ][gc,phases,start] GC(69) ClassLoaderData
[18.834s][debug  ][gc,phases      ] GC(69) ClassLoaderData 0.022ms
[18.834s][debug  ][gc,phases,start] GC(69) Trigger cleanups
[18.834s][debug  ][gc,phases      ] GC(69) Trigger cleanups 0.021ms
[18.834s][debug  ][gc,phases      ] GC(69) Class Unloading 0.258ms
[18.834s][info   ][gc,phases      ] GC(69) Marking Phase 2.341ms
[18.834s][info   ][gc,phases,start] GC(69) Summary Phase
[18.834s][info   ][gc,phases      ] GC(69) Summary Phase 0.047ms
[18.834s][info   ][gc,phases,start] GC(69) Adjust Roots
[18.835s][info   ][gc,phases      ] GC(69) Adjust Roots 0.150ms
[18.835s][info   ][gc,phases,start] GC(69) Compaction Phase
[18.912s][info   ][gc,phases      ] GC(69) Compaction Phase 77.017ms
[18.912s][info   ][gc,phases,start] GC(69) Post Compact
[18.917s][info   ][gc,phases      ] GC(69) Post Compact 5.394ms
[18.917s][debug  ][gc,ergo        ] GC(69) AdaptiveSizeStart: collection: 70 
[18.917s][debug  ][gc,ergo        ] GC(69) PSAdaptiveSizePolicy::compute_eden_space_size limits: desired_eden_size: 224857282 old_eden_size: 204472320 eden_limit: 204472320 cur_eden: 204472320 max_eden_size: 204472320 avg_young_live: 24783400
[18.917s][debug  ][gc,ergo        ] GC(69) PSAdaptiveSizePolicy::compute_eden_space_size: costs minor_time: 0.048798 major_cost: 0.049096 mutator_cost: 0.902105 throughput_goal: 0.990000
[18.917s][debug  ][gc,ergo        ] GC(69) Live_space: 945014400 free_space: 1378877440
[18.917s][debug  ][gc,ergo        ] GC(69) Old eden_size: 204472320 desired_eden_size: 204472320
[18.917s][debug  ][gc,ergo        ] GC(69) PSAdaptiveSizePolicy::compute_old_gen_free_space limits: desired_promo_size: 1304035688 promo_limit: 1219912960 free_in_old_gen: 1219912960 max_old_gen_size: 1879048192 avg_old_live: 659135232
[18.917s][debug  ][gc,ergo        ] GC(69) PSAdaptiveSizePolicy::compute_old_gen_free_space: costs minor_time: 0.048798 major_cost: 0.049096  mutator_cost: 0.902105 throughput_goal: 0.990000
[18.917s][debug  ][gc,ergo        ] GC(69) Live_space: 952354048 free_space: 1378877440
[18.917s][debug  ][gc,ergo        ] GC(69) Old promo_size: 1174405120 desired_promo_size: 1219493888
[18.918s][debug  ][gc,ergo        ] GC(69) AdaptiveSizeStop: collection: 70 
[18.918s][info   ][gc,heap        ] GC(69) PSYoungGen: 30720K(230912K)->0K(230912K) Eden: 0K(199680K)->0K(199680K) From: 30720K(31232K)->0K(31232K)
[18.918s][info   ][gc,heap        ] GC(69) ParOldGen: 1599077K(1835008K)->708195K(1835008K)
[18.918s][info   ][gc,metaspace   ] GC(69) Metaspace: 1023K(1216K)->1023K(1216K) NonClass: 939K(1024K)->939K(1024K) Class: 83K(192K)->83K(192K)
[18.918s][info   ][gc             ] GC(69) Pause Full (Ergonomics) 1591M->691M(2017M) 85.809ms
[18.918s][info   ][gc,cpu         ] GC(69) User=0.69s Sys=0.02s Real=0.09s
[18.918s][debug  ][gc,heap        ] GC(69) Heap after GC invocations=70 (full 12):
[18.918s][debug  ][gc,heap        ] GC(69)  PSYoungGen      total 230912K, used 0K [0x00000000f0000000, 0x0000000100000000, 0x0000000100000000)
[18.918s][debug  ][gc,heap        ] GC(69)   eden space 199680K, 0% used [0x00000000f0000000,0x00000000f0000000,0x00000000fc300000)
[18.918s][debug  ][gc,heap        ] GC(69)   from space 31232K, 0% used [0x00000000fe180000,0x00000000fe180000,0x0000000100000000)
[18.918s][debug  ][gc,heap        ] GC(69)   to   space 31232K, 0% used [0x00000000fc300000,0x00000000fc300000,0x00000000fe180000)
[18.918s][debug  ][gc,heap        ] GC(69)  ParOldGen       total 1835008K, used 708195K [0x0000000080000000, 0x00000000f0000000, 0x00000000f0000000)
[18.918s][debug  ][gc,heap        ] GC(69)   object space 1835008K, 38% used [0x0000000080000000,0x00000000ab398fd0,0x00000000f0000000)
[18.918s][debug  ][gc,heap        ] GC(69)  Metaspace       used 1023K, committed 1216K, reserved 1056768K
[18.918s][debug  ][gc,heap        ] GC(69)   class space    used 83K, committed 192K, reserved 1048576K
[18.918s][debug  ][gc,task,time   ] GC(69) VM-Thread 188319424 188345879 189177899
[19.226s][debug  ][gc,heap        ] GC(70) Heap before GC invocations=71 (full 12):
[19.226s][debug  ][gc,heap        ] GC(70)  PSYoungGen      total 230912K, used 198461K [0x00000000f0000000, 0x0000000100000000, 0x0000000100000000)
[19.226s][debug  ][gc,heap        ] GC(70)   eden space 199680K, 99% used [0x00000000f0000000,0x00000000fc1cf518,0x00000000fc300000)
[19.226s][debug  ][gc,heap        ] GC(70)   from space 31232K, 0% used [0x00000000fe180000,0x00000000fe180000,0x0000000100000000)
[19.226s][debug  ][gc,heap        ] GC(70)   to   space 31232K, 0% used [0x00000000fc300000,0x00000000fc300000,0x00000000fe180000)
[19.226s][debug  ][gc,heap        ] GC(70)  ParOldGen       total 1835008K, used 708195K [0x0000000080000000, 0x00000000f0000000, 0x00000000f0000000)
[19.226s][debug  ][gc,heap        ] GC(70)   object space 1835008K, 38% used [0x0000000080000000,0x00000000ab398fd0,0x00000000f0000000)
[19.226s][debug  ][gc,heap        ] GC(70)  Metaspace       used 1023K, committed 1216K, reserved 1056768K
[19.226s][debug  ][gc,heap        ] GC(70)   class space    used 83K, committed 192K, reserved 1048576K
[19.226s][debug  ][gc,tlab        ] GC(70) TLAB totals: thrds: 1  refills: 1 max: 1 slow allocs: 18 max 18 waste: 27.6% gc: 3994600B max: 3994600B slow: 0B max: 0B
[19.226s][info   ][gc,start       ] GC(70) Pause Young (Allocation Failure)
[19.226s][debug  ][gc,phases,start] GC(70) Scavenge
[19.239s][debug  ][gc,phases      ] GC(70) Scavenge 13.198ms
[19.239s][debug  ][gc,phases,start] GC(70) Reference Processing
[19.239s][debug  ][gc,ref         ] GC(70) Skipped phase 1 of Reference Processing: no references
[19.239s][debug  ][gc,ref         ] GC(70) Skipped phase 2 of Reference Processing: no references
[19.239s][debug  ][gc,ref         ] GC(70) Skipped phase 3 of Reference Processing: no references
[19.240s][debug  ][gc,ref         ] GC(70) Skipped phase 4 of Reference Processing: no references
[19.240s][debug  ][gc,phases,ref  ] GC(70) Reference Processing: 0.1ms
[19.240s][debug  ][gc,phases,ref  ] GC(70)   Reconsider SoftReferences: 0.0ms
[19.240s][debug  ][gc,phases,ref  ] GC(70)     SoftRef (ms):                  skipped
[19.240s][debug  ][gc,phases,ref  ] GC(70)   Notify Soft/WeakReferences: 0.0ms
[19.240s][debug  ][gc,phases,ref  ] GC(70)     SoftRef (ms):                  skipped
[19.240s][debug  ][gc,phases,ref  ] GC(70)     WeakRef (ms):                  skipped
[19.240s][debug  ][gc,phases,ref  ] GC(70)     FinalRef (ms):                 skipped
[19.240s][debug  ][gc,phases,ref  ] GC(70)     Total (ms):                    skipped
[19.240s][debug  ][gc,phases,ref  ] GC(70)   Notify and keep alive finalizable: 0.0ms
[19.240s][debug  ][gc,phases,ref  ] GC(70)     FinalRef (ms):                 skipped
[19.240s][debug  ][gc,phases,ref  ] GC(70)   Notify PhantomReferences: 0.0ms
[19.240s][debug  ][gc,phases,ref  ] GC(70)     PhantomRef (ms):               skipped
[19.240s][debug  ][gc,phases,ref  ] GC(70)   SoftReference:
[19.240s][debug  ][gc,phases,ref  ] GC(70)     Discovered: 0
[19.240s][debug  ][gc,phases,ref  ] GC(70)     Cleared: 0
[19.240s][debug  ][gc,phases,ref  ] GC(70)   WeakReference:
[19.240s][debug  ][gc,phases,ref  ] GC(70)     Discovered: 0
[19.240s][debug  ][gc,phases,ref  ] GC(70)     Cleared: 0
[19.240s][debug  ][gc,phases,ref  ] GC(70)   FinalReference:
[19.240s][debug  ][gc,phases,ref  ] GC(70)     Discovered: 0
[19.240s][debug  ][gc,phases,ref  ] GC(70)     Cleared: 0
[19.240s][debug  ][gc,phases,ref  ] GC(70)   PhantomReference:
[19.240s][debug  ][gc,phases,ref  ] GC(70)     Discovered: 0
[19.240s][debug  ][gc,phases,ref  ] GC(70)     Cleared: 0
[19.240s][debug  ][gc,phases      ] GC(70) Reference Processing 0.805ms
[19.240s][debug  ][gc,phases,start] GC(70) Weak Processing
[19.240s][debug  ][gc,phases      ] GC(70)   VM Weak                        Min:  0.0, Avg:  0.0, Max:  0.0, Diff:  0.0, Sum:  0.0, Workers: 6
[19.240s][debug  ][gc,phases      ] GC(70)     Dead                           Min: 0, Avg:  0.0, Max: 0, Diff: 0, Sum: 0, Workers: 6
[19.240s][debug  ][gc,phases      ] GC(70)     Total                          Min: 0, Avg:  1.3, Max: 8, Diff: 8, Sum: 8, Workers: 6
[19.240s][debug  ][gc,phases      ] GC(70)   ObjectSynchronizer Weak        Min:  0.0, Avg:  0.0, Max:  0.0, Diff:  0.0, Sum:  0.0, Workers: 6
[19.240s][debug  ][gc,phases      ] GC(70)     Dead                           Min: 0, Avg:  0.0, Max: 0, Diff: 0, Sum: 0, Workers: 6
[19.240s][debug  ][gc,phases      ] GC(70)     Total                          Min: 0, Avg:  0.5, Max: 3, Diff: 3, Sum: 3, Workers: 6
[19.240s][debug  ][gc,phases      ] GC(70)   JVMTI Tag Weak OopStorage      Min:  0.0, Avg:  0.0, Max:  0.0, Diff:  0.0, Sum:  0.0, Workers: 6
[19.240s][debug  ][gc,phases      ] GC(70)     Dead                           Min: 0, Avg:  0.0, Max: 0, Diff: 0, Sum: 0, Workers: 6
[19.240s][debug  ][gc,phases      ] GC(70)     Total                          Min: 0, Avg:  0.0, Max: 0, Diff: 0, Sum: 0, Workers: 6
[19.240s][debug  ][gc,phases      ] GC(70)   StringTable Weak               Min:  0.0, Avg:  0.0, Max:  0.0, Diff:  0.0, Sum:  0.0, Workers: 6
[19.241s][debug  ][gc,phases      ] GC(70)     Dead                           Min: 0, Avg:  0.0, Max: 0, Diff: 0, Sum: 0, Workers: 6
[19.241s][debug  ][gc,phases      ] GC(70)     Total                          Min: 768, Avg: 892.2, Max: 1066, Diff: 298, Sum: 5353, Workers: 6
[19.241s][debug  ][gc,phases      ] GC(70)   ResolvedMethodTable Weak       Min:  0.0, Avg:  0.0, Max:  0.0, Diff:  0.0, Sum:  0.0, Workers: 6
[19.241s][debug  ][gc,phases      ] GC(70)     Dead                           Min: 0, Avg:  0.0, Max: 0, Diff: 0, Sum: 0, Workers: 6
[19.241s][debug  ][gc,phases      ] GC(70)     Total                          Min: 0, Avg: 21.7, Max: 64, Diff: 64, Sum: 130, Workers: 6
[19.241s][debug  ][gc,phases      ] GC(70)   JNI Weak                       Min:  0.0, Avg:  0.0, Max:  0.0, Diff:  0.0, Sum:  0.0, Workers: 6
[19.241s][debug  ][gc,phases      ] GC(70)     Dead                           Min: 0, Avg:  0.0, Max: 0, Diff: 0, Sum: 0, Workers: 6
[19.241s][debug  ][gc,phases      ] GC(70)     Total                          Min: 0, Avg:  0.0, Max: 0, Diff: 0, Sum: 0, Workers: 6
[19.241s][debug  ][gc,phases      ] GC(70)   StringDedup Table Weak         Min:  0.0, Avg:  0.0, Max:  0.0, Diff:  0.0, Sum:  0.0, Workers: 6
[19.241s][debug  ][gc,phases      ] GC(70)     Dead                           Min: 0, Avg:  0.0, Max: 0, Diff: 0, Sum: 0, Workers: 6
[19.241s][debug  ][gc,phases      ] GC(70)     Total                          Min: 0, Avg:  0.0, Max: 0, Diff: 0, Sum: 0, Workers: 6
[19.241s][debug  ][gc,phases      ] GC(70)   StringDedup Requests0 Weak     Min:  0.0, Avg:  0.0, Max:  0.0, Diff:  0.0, Sum:  0.0, Workers: 6
[19.241s][debug  ][gc,phases      ] GC(70)     Dead                           Min: 0, Avg:  0.0, Max: 0, Diff: 0, Sum: 0, Workers: 6
[19.241s][debug  ][gc,phases      ] GC(70)     Total                          Min: 0, Avg:  0.0, Max: 0, Diff: 0, Sum: 0, Workers: 6
[19.241s][debug  ][gc,phases      ] GC(70)   StringDedup Requests1 Weak     Min:  0.0, Avg:  0.0, Max:  0.0, Diff:  0.0, Sum:  0.0, Workers: 6
[19.241s][debug  ][gc,phases      ] GC(70)     Dead                           Min: 0, Avg:  0.0, Max: 0, Diff: 0, Sum: 0, Workers: 6
[19.241s][debug  ][gc,phases      ] GC(70)     Total                          Min: 0, Avg:  0.0, Max: 0, Diff: 0, Sum: 0, Workers: 6
[19.241s][debug  ][gc,phases      ] GC(70)   Weak JFR Old Object Samples    Min:  0.0, Avg:  0.0, Max:  0.0, Diff:  0.0, Sum:  0.0, Workers: 6
[19.241s][debug  ][gc,phases      ] GC(70)     Dead                           Min: 0, Avg:  0.0, Max: 0, Diff: 0, Sum: 0, Workers: 6
[19.241s][debug  ][gc,phases      ] GC(70)     Total                          Min: 0, Avg:  0.0, Max: 0, Diff: 0, Sum: 0, Workers: 6
[19.241s][debug  ][gc,phases      ] GC(70) Weak Processing 0.754ms
[19.241s][debug  ][gc,ergo        ] GC(70) AdaptiveSizeStart:  collection: 71 
[19.241s][debug  ][gc,ergo        ] GC(70) avg_survived_padded_avg: 31552400.000000
[19.241s][debug  ][gc,ergo        ] GC(70) avg_promoted_padded_avg: 257317248.000000  avg_pretenured_padded_avg: 0.000000  tenuring_thresh: 2  target_size: 31981568
[19.241s][debug  ][gc,age         ] GC(70) Desired survivor size 31981568 bytes, new threshold 2 (max threshold 15)
[19.241s][debug  ][gc,ergo        ] GC(70) PSAdaptiveSizePolicy::compute_eden_space_size limits: desired_eden_size: 224185194 old_eden_size: 204472320 eden_limit: 204472320 cur_eden: 204472320 max_eden_size: 204472320 avg_young_live: 25450792
[19.241s][debug  ][gc,ergo        ] GC(70) PSAdaptiveSizePolicy::compute_eden_space_size: costs minor_time: 0.045692 major_cost: 0.049096 mutator_cost: 0.905211 throughput_goal: 0.990000
[19.241s][debug  ][gc,ergo        ] GC(70) Live_space: 953021440 free_space: 1423966208
[19.241s][debug  ][gc,ergo        ] GC(70) Old eden_size: 204472320 desired_eden_size: 204472320
[19.241s][debug  ][gc,ergo        ] GC(70) AdaptiveSizeStop: collection: 71 
[19.241s][info   ][gc,heap        ] GC(70) PSYoungGen: 198461K(230912K)->30720K(230912K) Eden: 198461K(199680K)->0K(199680K) From: 0K(31232K)->30720K(31232K)
[19.241s][info   ][gc,heap        ] GC(70) ParOldGen: 708195K(1835008K)->872036K(1835008K)
[19.241s][info   ][gc,metaspace   ] GC(70) Metaspace: 1023K(1216K)->1023K(1216K) NonClass: 939K(1024K)->939K(1024K) Class: 83K(192K)->83K(192K)
[19.241s][info   ][gc             ] GC(70) Pause Young (Allocation Failure) 885M->881M(2017M) 15.297ms
[19.241s][info   ][gc,cpu         ] GC(70) User=0.00s Sys=0.02s Real=0.02s
[19.241s][debug  ][gc,heap        ] GC(70) Heap after GC invocations=71 (full 12):
[19.241s][debug  ][gc,heap        ] GC(70)  PSYoungGen      total 230912K, used 30720K [0x00000000f0000000, 0x0000000100000000, 0x0000000100000000)
[19.241s][debug  ][gc,heap        ] GC(70)   eden space 199680K, 0% used [0x00000000f0000000,0x00000000f0000000,0x00000000fc300000)
[19.241s][debug  ][gc,heap        ] GC(70)   from space 31232K, 98% used [0x00000000fc300000,0x00000000fe100030,0x00000000fe180000)
[19.241s][debug  ][gc,heap        ] GC(70)   to   space 31232K, 0% used [0x00000000fe180000,0x00000000fe180000,0x0000000100000000)
[19.242s][debug  ][gc,heap        ] GC(70)  ParOldGen       total 1835008K, used 872036K [0x0000000080000000, 0x00000000f0000000, 0x00000000f0000000)
[19.242s][debug  ][gc,heap        ] GC(70)   object space 1835008K, 47% used [0x0000000080000000,0x00000000b53990d0,0x00000000f0000000)
[19.242s][debug  ][gc,heap        ] GC(70)  Metaspace       used 1023K, committed 1216K, reserved 1056768K
[19.242s][debug  ][gc,heap        ] GC(70)   class space    used 83K, committed 192K, reserved 1048576K
[19.242s][debug  ][gc,task,time   ] GC(70) VM-Thread 192255166 192393663 192415997
[19.539s][debug  ][gc,heap        ] GC(71) Heap before GC invocations=72 (full 12):
[19.540s][debug  ][gc,heap        ] GC(71)  PSYoungGen      total 230912K, used 229114K [0x00000000f0000000, 0x0000000100000000, 0x0000000100000000)
[19.540s][debug  ][gc,heap        ] GC(71)   eden space 199680K, 99% used [0x00000000f0000000,0x00000000fc1be860,0x00000000fc300000)
[19.540s][debug  ][gc,heap        ] GC(71)   from space 31232K, 98% used [0x00000000fc300000,0x00000000fe100030,0x00000000fe180000)
[19.540s][debug  ][gc,heap        ] GC(71)   to   space 31232K, 0% used [0x00000000fe180000,0x00000000fe180000,0x0000000100000000)
[19.540s][debug  ][gc,heap        ] GC(71)  ParOldGen       total 1835008K, used 872036K [0x0000000080000000, 0x00000000f0000000, 0x00000000f0000000)
[19.540s][debug  ][gc,heap        ] GC(71)   object space 1835008K, 47% used [0x0000000080000000,0x00000000b53990d0,0x00000000f0000000)
[19.540s][debug  ][gc,heap        ] GC(71)  Metaspace       used 1023K, committed 1216K, reserved 1056768K
[19.540s][debug  ][gc,heap        ] GC(71)   class space    used 83K, committed 192K, reserved 1048576K
[19.540s][debug  ][gc,tlab        ] GC(71) TLAB totals: thrds: 1  refills: 1 max: 1 slow allocs: 18 max 18 waste: 27.2% gc: 3924744B max: 3924744B slow: 0B max: 0B
[19.540s][info   ][gc,start       ] GC(71) Pause Young (Allocation Failure)
[19.540s][debug  ][gc,phases,start] GC(71) Scavenge
[19.545s][debug  ][gc,phases      ] GC(71) Scavenge 4.971ms
[19.545s][debug  ][gc,phases,start] GC(71) Reference Processing
[19.545s][debug  ][gc,ref         ] GC(71) Skipped phase 1 of Reference Processing: no references
[19.545s][debug  ][gc,ref         ] GC(71) Skipped phase 2 of Reference Processing: no references
[19.545s][debug  ][gc,ref         ] GC(71) Skipped phase 3 of Reference Processing: no references
[19.545s][debug  ][gc,ref         ] GC(71) Skipped phase 4 of Reference Processing: no references
[19.545s][debug  ][gc,phases,ref  ] GC(71) Reference Processing: 0.1ms
[19.545s][debug  ][gc,phases,ref  ] GC(71)   Reconsider SoftReferences: 0.0ms
[19.545s][debug  ][gc,phases,ref  ] GC(71)     SoftRef (ms):                  skipped
[19.545s][debug  ][gc,phases,ref  ] GC(71)   Notify Soft/WeakReferences: 0.0ms
[19.545s][debug  ][gc,phases,ref  ] GC(71)     SoftRef (ms):                  skipped
[19.545s][debug  ][gc,phases,ref  ] GC(71)     WeakRef (ms):                  skipped
[19.545s][debug  ][gc,phases,ref  ] GC(71)     FinalRef (ms):                 skipped
[19.545s][debug  ][gc,phases,ref  ] GC(71)     Total (ms):                    skipped
[19.545s][debug  ][gc,phases,ref  ] GC(71)   Notify and keep alive finalizable: 0.0ms
[19.545s][debug  ][gc,phases,ref  ] GC(71)     FinalRef (ms):                 skipped
[19.545s][debug  ][gc,phases,ref  ] GC(71)   Notify PhantomReferences: 0.0ms
[19.545s][debug  ][gc,phases,ref  ] GC(71)     PhantomRef (ms):               skipped
[19.545s][debug  ][gc,phases,ref  ] GC(71)   SoftReference:
[19.546s][debug  ][gc,phases,ref  ] GC(71)     Discovered: 0
[19.546s][debug  ][gc,phases,ref  ] GC(71)     Cleared: 0
[19.546s][debug  ][gc,phases,ref  ] GC(71)   WeakReference:
[19.546s][debug  ][gc,phases,ref  ] GC(71)     Discovered: 0
[19.546s][debug  ][gc,phases,ref  ] GC(71)     Cleared: 0
[19.546s][debug  ][gc,phases,ref  ] GC(71)   FinalReference:
[19.546s][debug  ][gc,phases,ref  ] GC(71)     Discovered: 0
[19.546s][debug  ][gc,phases,ref  ] GC(71)     Cleared: 0
[19.546s][debug  ][gc,phases,ref  ] GC(71)   PhantomReference:
[19.546s][debug  ][gc,phases,ref  ] GC(71)     Discovered: 0
[19.546s][debug  ][gc,phases,ref  ] GC(71)     Cleared: 0
[19.546s][debug  ][gc,phases      ] GC(71) Reference Processing 0.755ms
[19.546s][debug  ][gc,phases,start] GC(71) Weak Processing
[19.546s][debug  ][gc,phases      ] GC(71)   VM Weak                        Min:  0.0, Avg:  0.0, Max:  0.0, Diff:  0.0, Sum:  0.0, Workers: 6
[19.546s][debug  ][gc,phases      ] GC(71)     Dead                           Min: 0, Avg:  0.0, Max: 0, Diff: 0, Sum: 0, Workers: 6
[19.546s][debug  ][gc,phases      ] GC(71)     Total                          Min: 0, Avg:  1.3, Max: 8, Diff: 8, Sum: 8, Workers: 6
[19.546s][debug  ][gc,phases      ] GC(71)   ObjectSynchronizer Weak        Min:  0.0, Avg:  0.0, Max:  0.0, Diff:  0.0, Sum:  0.0, Workers: 6
[19.546s][debug  ][gc,phases      ] GC(71)     Dead                           Min: 0, Avg:  0.0, Max: 0, Diff: 0, Sum: 0, Workers: 6
[19.546s][debug  ][gc,phases      ] GC(71)     Total                          Min: 0, Avg:  0.5, Max: 3, Diff: 3, Sum: 3, Workers: 6
[19.546s][debug  ][gc,phases      ] GC(71)   JVMTI Tag Weak OopStorage      Min:  0.0, Avg:  0.0, Max:  0.0, Diff:  0.0, Sum:  0.0, Workers: 6
[19.546s][debug  ][gc,phases      ] GC(71)     Dead                           Min: 0, Avg:  0.0, Max: 0, Diff: 0, Sum: 0, Workers: 6
[19.546s][debug  ][gc,phases      ] GC(71)     Total                          Min: 0, Avg:  0.0, Max: 0, Diff: 0, Sum: 0, Workers: 6
[19.546s][debug  ][gc,phases      ] GC(71)   StringTable Weak               Min:  0.0, Avg:  0.0, Max:  0.0, Diff:  0.0, Sum:  0.0, Workers: 6
[19.546s][debug  ][gc,phases      ] GC(71)     Dead                           Min: 0, Avg:  0.0, Max: 0, Diff: 0, Sum: 0, Workers: 6
[19.546s][debug  ][gc,phases      ] GC(71)     Total                          Min: 640, Avg: 892.2, Max: 1386, Diff: 746, Sum: 5353, Workers: 6
[19.546s][debug  ][gc,phases      ] GC(71)   ResolvedMethodTable Weak       Min:  0.0, Avg:  0.0, Max:  0.0, Diff:  0.0, Sum:  0.0, Workers: 6
[19.546s][debug  ][gc,phases      ] GC(71)     Dead                           Min: 0, Avg:  0.0, Max: 0, Diff: 0, Sum: 0, Workers: 6
[19.546s][debug  ][gc,phases      ] GC(71)     Total                          Min: 0, Avg: 21.7, Max: 64, Diff: 64, Sum: 130, Workers: 6
[19.546s][debug  ][gc,phases      ] GC(71)   JNI Weak                       Min:  0.0, Avg:  0.0, Max:  0.0, Diff:  0.0, Sum:  0.0, Workers: 6
[19.546s][debug  ][gc,phases      ] GC(71)     Dead                           Min: 0, Avg:  0.0, Max: 0, Diff: 0, Sum: 0, Workers: 6
[19.546s][debug  ][gc,phases      ] GC(71)     Total                          Min: 0, Avg:  0.0, Max: 0, Diff: 0, Sum: 0, Workers: 6
[19.547s][debug  ][gc,phases      ] GC(71)   StringDedup Table Weak         Min:  0.0, Avg:  0.0, Max:  0.0, Diff:  0.0, Sum:  0.0, Workers: 6
[19.547s][debug  ][gc,phases      ] GC(71)     Dead                           Min: 0, Avg:  0.0, Max: 0, Diff: 0, Sum: 0, Workers: 6
[19.547s][debug  ][gc,phases      ] GC(71)     Total                          Min: 0, Avg:  0.0, Max: 0, Diff: 0, Sum: 0, Workers: 6
[19.547s][debug  ][gc,phases      ] GC(71)   StringDedup Requests0 Weak     Min:  0.0, Avg:  0.0, Max:  0.0, Diff:  0.0, Sum:  0.0, Workers: 6
[19.547s][debug  ][gc,phases      ] GC(71)     Dead                           Min: 0, Avg:  0.0, Max: 0, Diff: 0, Sum: 0, Workers: 6
[19.547s][debug  ][gc,phases      ] GC(71)     Total                          Min: 0, Avg:  0.0, Max: 0, Diff: 0, Sum: 0, Workers: 6
[19.547s][debug  ][gc,phases      ] GC(71)   StringDedup Requests1 Weak     Min:  0.0, Avg:  0.0, Max:  0.0, Diff:  0.0, Sum:  0.0, Workers: 6
[19.547s][debug  ][gc,phases      ] GC(71)     Dead                           Min: 0, Avg:  0.0, Max: 0, Diff: 0, Sum: 0, Workers: 6
[19.547s][debug  ][gc,phases      ] GC(71)     Total                          Min: 0, Avg:  0.0, Max: 0, Diff: 0, Sum: 0, Workers: 6
[19.547s][debug  ][gc,phases      ] GC(71)   Weak JFR Old Object Samples    Min:  0.0, Avg:  0.0, Max:  0.0, Diff:  0.0, Sum:  0.0, Workers: 6
[19.547s][debug  ][gc,phases      ] GC(71)     Dead                           Min: 0, Avg:  0.0, Max: 0, Diff: 0, Sum: 0, Workers: 6
[19.547s][debug  ][gc,phases      ] GC(71)     Total                          Min: 0, Avg:  0.0, Max: 0, Diff: 0, Sum: 0, Workers: 6
[19.547s][debug  ][gc,phases      ] GC(71) Weak Processing 1.101ms
[19.547s][debug  ][gc,ergo        ] GC(71) AdaptiveSizeStart:  collection: 72 
[19.547s][debug  ][gc,ergo        ] GC(71) avg_survived_padded_avg: 31544396.000000
[19.547s][debug  ][gc,ergo        ] GC(71) avg_promoted_padded_avg: 271712960.000000  avg_pretenured_padded_avg: 0.000000  tenuring_thresh: 3  target_size: 31981568
[19.547s][debug  ][gc,age         ] GC(71) Desired survivor size 31981568 bytes, new threshold 3 (max threshold 15)
[19.547s][debug  ][gc,ergo        ] GC(71) PSAdaptiveSizePolicy::compute_eden_space_size limits: desired_eden_size: 222823336 old_eden_size: 204472320 eden_limit: 204472320 cur_eden: 204472320 max_eden_size: 204472320 avg_young_live: 26051444
[19.547s][debug  ][gc,ergo        ] GC(71) PSAdaptiveSizePolicy::compute_eden_space_size: costs minor_time: 0.039966 major_cost: 0.049096 mutator_cost: 0.910938 throughput_goal: 0.990000
[19.547s][debug  ][gc,ergo        ] GC(71) Live_space: 953622144 free_space: 1423966208
[19.547s][debug  ][gc,ergo        ] GC(71) Old eden_size: 204472320 desired_eden_size: 204472320
[19.547s][debug  ][gc,ergo        ] GC(71) AdaptiveSizeStop: collection: 72 
[19.547s][info   ][gc,heap        ] GC(71) PSYoungGen: 229114K(230912K)->30720K(230912K) Eden: 198394K(199680K)->0K(199680K) From: 30720K(31232K)->30720K(31232K)
[19.547s][info   ][gc,heap        ] GC(71) ParOldGen: 872036K(1835008K)->912996K(1835008K)
[19.547s][info   ][gc,metaspace   ] GC(71) Metaspace: 1023K(1216K)->1023K(1216K) NonClass: 939K(1024K)->939K(1024K) Class: 83K(192K)->83K(192K)
[19.547s][info   ][gc             ] GC(71) Pause Young (Allocation Failure) 1075M->921M(2017M) 7.439ms
[19.547s][info   ][gc,cpu         ] GC(71) User=0.00s Sys=0.00s Real=0.01s
[19.547s][debug  ][gc,heap        ] GC(71) Heap after GC invocations=72 (full 12):
[19.547s][debug  ][gc,heap        ] GC(71)  PSYoungGen      total 230912K, used 30720K [0x00000000f0000000, 0x0000000100000000, 0x0000000100000000)
[19.547s][debug  ][gc,heap        ] GC(71)   eden space 199680K, 0% used [0x00000000f0000000,0x00000000f0000000,0x00000000fc300000)
[19.548s][debug  ][gc,heap        ] GC(71)   from space 31232K, 98% used [0x00000000fe180000,0x00000000fff80030,0x0000000100000000)
[19.548s][debug  ][gc,heap        ] GC(71)   to   space 31232K, 0% used [0x00000000fc300000,0x00000000fc300000,0x00000000fe180000)
[19.548s][debug  ][gc,heap        ] GC(71)  ParOldGen       total 1835008K, used 912996K [0x0000000080000000, 0x00000000f0000000, 0x00000000f0000000)
[19.548s][debug  ][gc,heap        ] GC(71)   object space 1835008K, 49% used [0x0000000080000000,0x00000000b7b99110,0x00000000f0000000)
[19.548s][debug  ][gc,heap        ] GC(71)  Metaspace       used 1023K, committed 1216K, reserved 1056768K
[19.548s][debug  ][gc,heap        ] GC(71)   class space    used 83K, committed 192K, reserved 1048576K
[19.548s][debug  ][gc,task,time   ] GC(71) VM-Thread 195394484 195450397 195476881
[19.857s][debug  ][gc,heap        ] GC(72) Heap before GC invocations=73 (full 12):
[19.857s][debug  ][gc,heap        ] GC(72)  PSYoungGen      total 230912K, used 229143K [0x00000000f0000000, 0x0000000100000000, 0x0000000100000000)
[19.857s][debug  ][gc,heap        ] GC(72)   eden space 199680K, 99% used [0x00000000f0000000,0x00000000fc1c5c10,0x00000000fc300000)
[19.857s][debug  ][gc,heap        ] GC(72)   from space 31232K, 98% used [0x00000000fe180000,0x00000000fff80030,0x0000000100000000)
[19.857s][debug  ][gc,heap        ] GC(72)   to   space 31232K, 0% used [0x00000000fc300000,0x00000000fc300000,0x00000000fe180000)
[19.857s][debug  ][gc,heap        ] GC(72)  ParOldGen       total 1835008K, used 912996K [0x0000000080000000, 0x00000000f0000000, 0x00000000f0000000)
[19.857s][debug  ][gc,heap        ] GC(72)   object space 1835008K, 49% used [0x0000000080000000,0x00000000b7b99110,0x00000000f0000000)
[19.857s][debug  ][gc,heap        ] GC(72)  Metaspace       used 1023K, committed 1216K, reserved 1056768K
[19.857s][debug  ][gc,heap        ] GC(72)   class space    used 83K, committed 192K, reserved 1048576K
[19.857s][debug  ][gc,tlab        ] GC(72) TLAB totals: thrds: 1  refills: 1 max: 1 slow allocs: 18 max 18 waste: 27.4% gc: 3955424B max: 3955424B slow: 0B max: 0B
[19.857s][info   ][gc,start       ] GC(72) Pause Young (Allocation Failure)
[19.857s][debug  ][gc,phases,start] GC(72) Scavenge
[19.873s][debug  ][gc,phases      ] GC(72) Scavenge 15.572ms
[19.873s][debug  ][gc,phases,start] GC(72) Reference Processing
[19.873s][debug  ][gc,ref         ] GC(72) Skipped phase 1 of Reference Processing: no references
[19.873s][debug  ][gc,ref         ] GC(72) Skipped phase 2 of Reference Processing: no references
[19.873s][debug  ][gc,ref         ] GC(72) Skipped phase 3 of Reference Processing: no references
[19.873s][debug  ][gc,ref         ] GC(72) Skipped phase 4 of Reference Processing: no references
[19.873s][debug  ][gc,phases,ref  ] GC(72) Reference Processing: 0.1ms
[19.873s][debug  ][gc,phases,ref  ] GC(72)   Reconsider SoftReferences: 0.0ms
[19.873s][debug  ][gc,phases,ref  ] GC(72)     SoftRef (ms):                  skipped
[19.873s][debug  ][gc,phases,ref  ] GC(72)   Notify Soft/WeakReferences: 0.0ms
[19.873s][debug  ][gc,phases,ref  ] GC(72)     SoftRef (ms):                  skipped
[19.873s][debug  ][gc,phases,ref  ] GC(72)     WeakRef (ms):                  skipped
[19.873s][debug  ][gc,phases,ref  ] GC(72)     FinalRef (ms):                 skipped
[19.873s][debug  ][gc,phases,ref  ] GC(72)     Total (ms):                    skipped
[19.873s][debug  ][gc,phases,ref  ] GC(72)   Notify and keep alive finalizable: 0.0ms
[19.873s][debug  ][gc,phases,ref  ] GC(72)     FinalRef (ms):                 skipped
[19.873s][debug  ][gc,phases,ref  ] GC(72)   Notify PhantomReferences: 0.0ms
[19.873s][debug  ][gc,phases,ref  ] GC(72)     PhantomRef (ms):               skipped
[19.873s][debug  ][gc,phases,ref  ] GC(72)   SoftReference:
[19.873s][debug  ][gc,phases,ref  ] GC(72)     Discovered: 0
[19.873s][debug  ][gc,phases,ref  ] GC(72)     Cleared: 0
[19.873s][debug  ][gc,phases,ref  ] GC(72)   WeakReference:
[19.873s][debug  ][gc,phases,ref  ] GC(72)     Discovered: 0
[19.873s][debug  ][gc,phases,ref  ] GC(72)     Cleared: 0
[19.873s][debug  ][gc,phases,ref  ] GC(72)   FinalReference:
[19.873s][debug  ][gc,phases,ref  ] GC(72)     Discovered: 0
[19.873s][debug  ][gc,phases,ref  ] GC(72)     Cleared: 0
[19.873s][debug  ][gc,phases,ref  ] GC(72)   PhantomReference:
[19.873s][debug  ][gc,phases,ref  ] GC(72)     Discovered: 0
[19.873s][debug  ][gc,phases,ref  ] GC(72)     Cleared: 0
[19.873s][debug  ][gc,phases      ] GC(72) Reference Processing 0.699ms
[19.873s][debug  ][gc,phases,start] GC(72) Weak Processing
[19.874s][debug  ][gc,phases      ] GC(72)   VM Weak                        Min:  0.0, Avg:  0.0, Max:  0.0, Diff:  0.0, Sum:  0.0, Workers: 6
[19.874s][debug  ][gc,phases      ] GC(72)     Dead                           Min: 0, Avg:  0.0, Max: 0, Diff: 0, Sum: 0, Workers: 6
[19.874s][debug  ][gc,phases      ] GC(72)     Total                          Min: 0, Avg:  1.3, Max: 8, Diff: 8, Sum: 8, Workers: 6
[19.874s][debug  ][gc,phases      ] GC(72)   ObjectSynchronizer Weak        Min:  0.0, Avg:  0.0, Max:  0.0, Diff:  0.0, Sum:  0.0, Workers: 6
[19.874s][debug  ][gc,phases      ] GC(72)     Dead                           Min: 0, Avg:  0.0, Max: 0, Diff: 0, Sum: 0, Workers: 6
[19.874s][debug  ][gc,phases      ] GC(72)     Total                          Min: 0, Avg:  0.5, Max: 3, Diff: 3, Sum: 3, Workers: 6
[19.874s][debug  ][gc,phases      ] GC(72)   JVMTI Tag Weak OopStorage      Min:  0.0, Avg:  0.0, Max:  0.0, Diff:  0.0, Sum:  0.0, Workers: 6
[19.874s][debug  ][gc,phases      ] GC(72)     Dead                           Min: 0, Avg:  0.0, Max: 0, Diff: 0, Sum: 0, Workers: 6
[19.874s][debug  ][gc,phases      ] GC(72)     Total                          Min: 0, Avg:  0.0, Max: 0, Diff: 0, Sum: 0, Workers: 6
[19.874s][debug  ][gc,phases      ] GC(72)   StringTable Weak               Min:  0.0, Avg:  0.0, Max:  0.0, Diff:  0.0, Sum:  0.0, Workers: 6
[19.874s][debug  ][gc,phases      ] GC(72)     Dead                           Min: 0, Avg:  0.0, Max: 0, Diff: 0, Sum: 0, Workers: 6
[19.874s][debug  ][gc,phases      ] GC(72)     Total                          Min: 767, Avg: 892.2, Max: 1088, Diff: 321, Sum: 5353, Workers: 6
[19.874s][debug  ][gc,phases      ] GC(72)   ResolvedMethodTable Weak       Min:  0.0, Avg:  0.0, Max:  0.0, Diff:  0.0, Sum:  0.0, Workers: 6
[19.874s][debug  ][gc,phases      ] GC(72)     Dead                           Min: 0, Avg:  0.0, Max: 0, Diff: 0, Sum: 0, Workers: 6
[19.874s][debug  ][gc,phases      ] GC(72)     Total                          Min: 0, Avg: 21.7, Max: 64, Diff: 64, Sum: 130, Workers: 6
[19.874s][debug  ][gc,phases      ] GC(72)   JNI Weak                       Min:  0.0, Avg:  0.0, Max:  0.0, Diff:  0.0, Sum:  0.0, Workers: 6
[19.874s][debug  ][gc,phases      ] GC(72)     Dead                           Min: 0, Avg:  0.0, Max: 0, Diff: 0, Sum: 0, Workers: 6
[19.874s][debug  ][gc,phases      ] GC(72)     Total                          Min: 0, Avg:  0.0, Max: 0, Diff: 0, Sum: 0, Workers: 6
[19.874s][debug  ][gc,phases      ] GC(72)   StringDedup Table Weak         Min:  0.0, Avg:  0.0, Max:  0.0, Diff:  0.0, Sum:  0.0, Workers: 6
[19.874s][debug  ][gc,phases      ] GC(72)     Dead                           Min: 0, Avg:  0.0, Max: 0, Diff: 0, Sum: 0, Workers: 6
[19.874s][debug  ][gc,phases      ] GC(72)     Total                          Min: 0, Avg:  0.0, Max: 0, Diff: 0, Sum: 0, Workers: 6
[19.874s][debug  ][gc,phases      ] GC(72)   StringDedup Requests0 Weak     Min:  0.0, Avg:  0.0, Max:  0.0, Diff:  0.0, Sum:  0.0, Workers: 6
[19.874s][debug  ][gc,phases      ] GC(72)     Dead                           Min: 0, Avg:  0.0, Max: 0, Diff: 0, Sum: 0, Workers: 6
[19.874s][debug  ][gc,phases      ] GC(72)     Total                          Min: 0, Avg:  0.0, Max: 0, Diff: 0, Sum: 0, Workers: 6
[19.874s][debug  ][gc,phases      ] GC(72)   StringDedup Requests1 Weak     Min:  0.0, Avg:  0.0, Max:  0.0, Diff:  0.0, Sum:  0.0, Workers: 6
[19.874s][debug  ][gc,phases      ] GC(72)     Dead                           Min: 0, Avg:  0.0, Max: 0, Diff: 0, Sum: 0, Workers: 6
[19.874s][debug  ][gc,phases      ] GC(72)     Total                          Min: 0, Avg:  0.0, Max: 0, Diff: 0, Sum: 0, Workers: 6
[19.874s][debug  ][gc,phases      ] GC(72)   Weak JFR Old Object Samples    Min:  0.0, Avg:  0.0, Max:  0.0, Diff:  0.0, Sum:  0.0, Workers: 6
[19.874s][debug  ][gc,phases      ] GC(72)     Dead                           Min: 0, Avg:  0.0, Max: 0, Diff: 0, Sum: 0, Workers: 6
[19.874s][debug  ][gc,phases      ] GC(72)     Total                          Min: 0, Avg:  0.0, Max: 0, Diff: 0, Sum: 0, Workers: 6
[19.874s][debug  ][gc,phases      ] GC(72) Weak Processing 0.799ms
[19.874s][debug  ][gc,ergo        ] GC(72) AdaptiveSizeStart:  collection: 73 
[19.874s][debug  ][gc,ergo        ] GC(72) avg_survived_padded_avg: 31537040.000000
[19.874s][debug  ][gc,ergo        ] GC(72) avg_promoted_padded_avg: 274592224.000000  avg_pretenured_padded_avg: 0.000000  tenuring_thresh: 4  target_size: 31981568
[19.874s][debug  ][gc,age         ] GC(72) Desired survivor size 31981568 bytes, new threshold 4 (max threshold 15)
[19.874s][debug  ][gc,ergo        ] GC(72) PSAdaptiveSizePolicy::compute_eden_space_size limits: desired_eden_size: 223592786 old_eden_size: 204472320 eden_limit: 204472320 cur_eden: 204472320 max_eden_size: 204472320 avg_young_live: 26592032
[19.874s][debug  ][gc,ergo        ] GC(72) PSAdaptiveSizePolicy::compute_eden_space_size: costs minor_time: 0.043113 major_cost: 0.049096 mutator_cost: 0.907790 throughput_goal: 0.990000
[19.874s][debug  ][gc,ergo        ] GC(72) Live_space: 954162688 free_space: 1423966208
[19.874s][debug  ][gc,ergo        ] GC(72) Old eden_size: 204472320 desired_eden_size: 204472320
[19.874s][debug  ][gc,ergo        ] GC(72) AdaptiveSizeStop: collection: 73 
[19.874s][info   ][gc,heap        ] GC(72) PSYoungGen: 229143K(230912K)->30720K(230912K) Eden: 198423K(199680K)->0K(199680K) From: 30720K(31232K)->30720K(31232K)
[19.875s][info   ][gc,heap        ] GC(72) ParOldGen: 912996K(1835008K)->1107556K(1835008K)
[19.875s][info   ][gc,metaspace   ] GC(72) Metaspace: 1023K(1216K)->1023K(1216K) NonClass: 939K(1024K)->939K(1024K) Class: 83K(192K)->83K(192K)
[19.875s][info   ][gc             ] GC(72) Pause Young (Allocation Failure) 1115M->1111M(2017M) 17.568ms
[19.875s][info   ][gc,cpu         ] GC(72) User=0.16s Sys=0.00s Real=0.02s
[19.875s][debug  ][gc,heap        ] GC(72) Heap after GC invocations=73 (full 12):
[19.875s][debug  ][gc,heap        ] GC(72)  PSYoungGen      total 230912K, used 30720K [0x00000000f0000000, 0x0000000100000000, 0x0000000100000000)
[19.875s][debug  ][gc,heap        ] GC(72)   eden space 199680K, 0% used [0x00000000f0000000,0x00000000f0000000,0x00000000fc300000)
[19.875s][debug  ][gc,heap        ] GC(72)   from space 31232K, 98% used [0x00000000fc300000,0x00000000fe100030,0x00000000fe180000)
[19.875s][debug  ][gc,heap        ] GC(72)   to   space 31232K, 0% used [0x00000000fe180000,0x00000000fe180000,0x0000000100000000)
[19.875s][debug  ][gc,heap        ] GC(72)  ParOldGen       total 1835008K, used 1107556K [0x0000000080000000, 0x00000000f0000000, 0x00000000f0000000)
[19.875s][debug  ][gc,heap        ] GC(72)   object space 1835008K, 60% used [0x0000000080000000,0x00000000c3999240,0x00000000f0000000)
[19.875s][debug  ][gc,heap        ] GC(72)  Metaspace       used 1023K, committed 1216K, reserved 1056768K
[19.875s][debug  ][gc,heap        ] GC(72)   class space    used 83K, committed 192K, reserved 1048576K
[19.875s][debug  ][gc,task,time   ] GC(72) VM-Thread 198565470 198727362 198748679
[20.172s][debug  ][gc,heap        ] GC(73) Heap before GC invocations=74 (full 12):
[20.172s][debug  ][gc,heap        ] GC(73)  PSYoungGen      total 230912K, used 229161K [0x00000000f0000000, 0x0000000100000000, 0x0000000100000000)
[20.172s][debug  ][gc,heap        ] GC(73)   eden space 199680K, 99% used [0x00000000f0000000,0x00000000fc1ca678,0x00000000fc300000)
[20.172s][debug  ][gc,heap        ] GC(73)   from space 31232K, 98% used [0x00000000fc300000,0x00000000fe100030,0x00000000fe180000)
[20.173s][debug  ][gc,heap        ] GC(73)   to   space 31232K, 0% used [0x00000000fe180000,0x00000000fe180000,0x0000000100000000)
[20.173s][debug  ][gc,heap        ] GC(73)  ParOldGen       total 1835008K, used 1107556K [0x0000000080000000, 0x00000000f0000000, 0x00000000f0000000)
[20.173s][debug  ][gc,heap        ] GC(73)   object space 1835008K, 60% used [0x0000000080000000,0x00000000c3999240,0x00000000f0000000)
[20.173s][debug  ][gc,heap        ] GC(73)  Metaspace       used 1023K, committed 1216K, reserved 1056768K
[20.173s][debug  ][gc,heap        ] GC(73)   class space    used 83K, committed 192K, reserved 1048576K
[20.173s][debug  ][gc,tlab        ] GC(73) TLAB totals: thrds: 1  refills: 1 max: 1 slow allocs: 18 max 18 waste: 27.5% gc: 3974472B max: 3974472B slow: 0B max: 0B
[20.173s][info   ][gc,start       ] GC(73) Pause Young (Allocation Failure)
[20.173s][debug  ][gc,phases,start] GC(73) Scavenge
[20.188s][debug  ][gc,phases      ] GC(73) Scavenge 15.167ms
[20.188s][debug  ][gc,phases,start] GC(73) Reference Processing
[20.188s][debug  ][gc,ref         ] GC(73) Skipped phase 1 of Reference Processing: no references
[20.188s][debug  ][gc,ref         ] GC(73) Skipped phase 2 of Reference Processing: no references
[20.188s][debug  ][gc,ref         ] GC(73) Skipped phase 3 of Reference Processing: no references
[20.188s][debug  ][gc,ref         ] GC(73) Skipped phase 4 of Reference Processing: no references
[20.188s][debug  ][gc,phases,ref  ] GC(73) Reference Processing: 0.1ms
[20.188s][debug  ][gc,phases,ref  ] GC(73)   Reconsider SoftReferences: 0.0ms
[20.188s][debug  ][gc,phases,ref  ] GC(73)     SoftRef (ms):                  skipped
[20.188s][debug  ][gc,phases,ref  ] GC(73)   Notify Soft/WeakReferences: 0.0ms
[20.188s][debug  ][gc,phases,ref  ] GC(73)     SoftRef (ms):                  skipped
[20.188s][debug  ][gc,phases,ref  ] GC(73)     WeakRef (ms):                  skipped
[20.188s][debug  ][gc,phases,ref  ] GC(73)     FinalRef (ms):                 skipped
[20.188s][debug  ][gc,phases,ref  ] GC(73)     Total (ms):                    skipped
[20.188s][debug  ][gc,phases,ref  ] GC(73)   Notify and keep alive finalizable: 0.0ms
[20.188s][debug  ][gc,phases,ref  ] GC(73)     FinalRef (ms):                 skipped
[20.188s][debug  ][gc,phases,ref  ] GC(73)   Notify PhantomReferences: 0.0ms
[20.188s][debug  ][gc,phases,ref  ] GC(73)     PhantomRef (ms):               skipped
[20.188s][debug  ][gc,phases,ref  ] GC(73)   SoftReference:
[20.188s][debug  ][gc,phases,ref  ] GC(73)     Discovered: 0
[20.188s][debug  ][gc,phases,ref  ] GC(73)     Cleared: 0
[20.188s][debug  ][gc,phases,ref  ] GC(73)   WeakReference:
[20.188s][debug  ][gc,phases,ref  ] GC(73)     Discovered: 0
[20.188s][debug  ][gc,phases,ref  ] GC(73)     Cleared: 0
[20.189s][debug  ][gc,phases,ref  ] GC(73)   FinalReference:
[20.189s][debug  ][gc,phases,ref  ] GC(73)     Discovered: 0
[20.189s][debug  ][gc,phases,ref  ] GC(73)     Cleared: 0
[20.189s][debug  ][gc,phases,ref  ] GC(73)   PhantomReference:
[20.189s][debug  ][gc,phases,ref  ] GC(73)     Discovered: 0
[20.189s][debug  ][gc,phases,ref  ] GC(73)     Cleared: 0
[20.189s][debug  ][gc,phases      ] GC(73) Reference Processing 0.727ms
[20.189s][debug  ][gc,phases,start] GC(73) Weak Processing
[20.189s][debug  ][gc,phases      ] GC(73)   VM Weak                        Min:  0.0, Avg:  0.0, Max:  0.0, Diff:  0.0, Sum:  0.0, Workers: 6
[20.189s][debug  ][gc,phases      ] GC(73)     Dead                           Min: 0, Avg:  0.0, Max: 0, Diff: 0, Sum: 0, Workers: 6
[20.189s][debug  ][gc,phases      ] GC(73)     Total                          Min: 0, Avg:  1.3, Max: 8, Diff: 8, Sum: 8, Workers: 6
[20.189s][debug  ][gc,phases      ] GC(73)   ObjectSynchronizer Weak        Min:  0.0, Avg:  0.0, Max:  0.0, Diff:  0.0, Sum:  0.0, Workers: 6
[20.189s][debug  ][gc,phases      ] GC(73)     Dead                           Min: 0, Avg:  0.0, Max: 0, Diff: 0, Sum: 0, Workers: 6
[20.189s][debug  ][gc,phases      ] GC(73)     Total                          Min: 0, Avg:  0.5, Max: 3, Diff: 3, Sum: 3, Workers: 6
[20.189s][debug  ][gc,phases      ] GC(73)   JVMTI Tag Weak OopStorage      Min:  0.0, Avg:  0.0, Max:  0.0, Diff:  0.0, Sum:  0.0, Workers: 6
[20.189s][debug  ][gc,phases      ] GC(73)     Dead                           Min: 0, Avg:  0.0, Max: 0, Diff: 0, Sum: 0, Workers: 6
[20.189s][debug  ][gc,phases      ] GC(73)     Total                          Min: 0, Avg:  0.0, Max: 0, Diff: 0, Sum: 0, Workers: 6
[20.189s][debug  ][gc,phases      ] GC(73)   StringTable Weak               Min:  0.0, Avg:  0.0, Max:  0.0, Diff:  0.0, Sum:  0.0, Workers: 6
[20.189s][debug  ][gc,phases      ] GC(73)     Dead                           Min: 0, Avg:  0.0, Max: 0, Diff: 0, Sum: 0, Workers: 6
[20.189s][debug  ][gc,phases      ] GC(73)     Total                          Min: 873, Avg: 892.2, Max: 896, Diff: 23, Sum: 5353, Workers: 6
[20.189s][debug  ][gc,phases      ] GC(73)   ResolvedMethodTable Weak       Min:  0.0, Avg:  0.0, Max:  0.0, Diff:  0.0, Sum:  0.0, Workers: 6
[20.189s][debug  ][gc,phases      ] GC(73)     Dead                           Min: 0, Avg:  0.0, Max: 0, Diff: 0, Sum: 0, Workers: 6
[20.189s][debug  ][gc,phases      ] GC(73)     Total                          Min: 0, Avg: 21.7, Max: 64, Diff: 64, Sum: 130, Workers: 6
[20.189s][debug  ][gc,phases      ] GC(73)   JNI Weak                       Min:  0.0, Avg:  0.0, Max:  0.0, Diff:  0.0, Sum:  0.0, Workers: 6
[20.189s][debug  ][gc,phases      ] GC(73)     Dead                           Min: 0, Avg:  0.0, Max: 0, Diff: 0, Sum: 0, Workers: 6
[20.189s][debug  ][gc,phases      ] GC(73)     Total                          Min: 0, Avg:  0.0, Max: 0, Diff: 0, Sum: 0, Workers: 6
[20.189s][debug  ][gc,phases      ] GC(73)   StringDedup Table Weak         Min:  0.0, Avg:  0.0, Max:  0.0, Diff:  0.0, Sum:  0.0, Workers: 6
[20.189s][debug  ][gc,phases      ] GC(73)     Dead                           Min: 0, Avg:  0.0, Max: 0, Diff: 0, Sum: 0, Workers: 6
[20.189s][debug  ][gc,phases      ] GC(73)     Total                          Min: 0, Avg:  0.0, Max: 0, Diff: 0, Sum: 0, Workers: 6
[20.189s][debug  ][gc,phases      ] GC(73)   StringDedup Requests0 Weak     Min:  0.0, Avg:  0.0, Max:  0.0, Diff:  0.0, Sum:  0.0, Workers: 6
[20.189s][debug  ][gc,phases      ] GC(73)     Dead                           Min: 0, Avg:  0.0, Max: 0, Diff: 0, Sum: 0, Workers: 6
[20.189s][debug  ][gc,phases      ] GC(73)     Total                          Min: 0, Avg:  0.0, Max: 0, Diff: 0, Sum: 0, Workers: 6
[20.189s][debug  ][gc,phases      ] GC(73)   StringDedup Requests1 Weak     Min:  0.0, Avg:  0.0, Max:  0.0, Diff:  0.0, Sum:  0.0, Workers: 6
[20.189s][debug  ][gc,phases      ] GC(73)     Dead                           Min: 0, Avg:  0.0, Max: 0, Diff: 0, Sum: 0, Workers: 6
[20.189s][debug  ][gc,phases      ] GC(73)     Total                          Min: 0, Avg:  0.0, Max: 0, Diff: 0, Sum: 0, Workers: 6
[20.189s][debug  ][gc,phases      ] GC(73)   Weak JFR Old Object Samples    Min:  0.0, Avg:  0.0, Max:  0.0, Diff:  0.0, Sum:  0.0, Workers: 6
[20.189s][debug  ][gc,phases      ] GC(73)     Dead                           Min: 0, Avg:  0.0, Max: 0, Diff: 0, Sum: 0, Workers: 6
[20.190s][debug  ][gc,phases      ] GC(73)     Total                          Min: 0, Avg:  0.0, Max: 0, Diff: 0, Sum: 0, Workers: 6
[20.190s][debug  ][gc,phases      ] GC(73) Weak Processing 0.842ms
[20.190s][debug  ][gc,ergo        ] GC(73) AdaptiveSizeStart:  collection: 74 
[20.190s][debug  ][gc,ergo        ] GC(73) avg_survived_padded_avg: 31530286.000000
[20.190s][debug  ][gc,ergo        ] GC(73) avg_promoted_padded_avg: 276170752.000000  avg_pretenured_padded_avg: 0.000000  tenuring_thresh: 4  target_size: 31981568
[20.190s][debug  ][gc,age         ] GC(73) Desired survivor size 31981568 bytes, new threshold 4 (max threshold 15)
[20.190s][debug  ][gc,ergo        ] GC(73) PSAdaptiveSizePolicy::compute_eden_space_size limits: desired_eden_size: 224190457 old_eden_size: 204472320 eden_limit: 204472320 cur_eden: 204472320 max_eden_size: 204472320 avg_young_live: 27078560
[20.190s][debug  ][gc,ergo        ] GC(73) PSAdaptiveSizePolicy::compute_eden_space_size: costs minor_time: 0.045716 major_cost: 0.049096 mutator_cost: 0.905188 throughput_goal: 0.990000
[20.190s][debug  ][gc,ergo        ] GC(73) Live_space: 954649216 free_space: 1423966208
[20.190s][debug  ][gc,ergo        ] GC(73) Old eden_size: 204472320 desired_eden_size: 204472320
[20.190s][debug  ][gc,ergo        ] GC(73) AdaptiveSizeStop: collection: 74 
[20.190s][info   ][gc,heap        ] GC(73) PSYoungGen: 229161K(230912K)->30720K(230912K) Eden: 198441K(199680K)->0K(199680K) From: 30720K(31232K)->30720K(31232K)
[20.190s][info   ][gc,heap        ] GC(73) ParOldGen: 1107556K(1835008K)->1302116K(1835008K)
[20.190s][info   ][gc,metaspace   ] GC(73) Metaspace: 1023K(1216K)->1023K(1216K) NonClass: 939K(1024K)->939K(1024K) Class: 83K(192K)->83K(192K)
[20.190s][info   ][gc             ] GC(73) Pause Young (Allocation Failure) 1305M->1301M(2017M) 17.335ms
[20.190s][info   ][gc,cpu         ] GC(73) User=0.16s Sys=0.00s Real=0.02s
[20.190s][debug  ][gc,heap        ] GC(73) Heap after GC invocations=74 (full 12):
[20.190s][debug  ][gc,heap        ] GC(73)  PSYoungGen      total 230912K, used 30720K [0x00000000f0000000, 0x0000000100000000, 0x0000000100000000)
[20.190s][debug  ][gc,heap        ] GC(73)   eden space 199680K, 0% used [0x00000000f0000000,0x00000000f0000000,0x00000000fc300000)
[20.190s][debug  ][gc,heap        ] GC(73)   from space 31232K, 98% used [0x00000000fe180000,0x00000000fff80030,0x0000000100000000)
[20.190s][debug  ][gc,heap        ] GC(73)   to   space 31232K, 0% used [0x00000000fc300000,0x00000000fc300000,0x00000000fe180000)
[20.190s][debug  ][gc,heap        ] GC(73)  ParOldGen       total 1835008K, used 1302116K [0x0000000080000000, 0x00000000f0000000, 0x00000000f0000000)
[20.190s][debug  ][gc,heap        ] GC(73)   object space 1835008K, 70% used [0x0000000080000000,0x00000000cf799370,0x00000000f0000000)
[20.190s][debug  ][gc,heap        ] GC(73)  Metaspace       used 1023K, committed 1216K, reserved 1056768K
[20.190s][debug  ][gc,heap        ] GC(73)   class space    used 83K, committed 192K, reserved 1048576K
[20.190s][debug  ][gc,task,time   ] GC(73) VM-Thread 201723814 201879527 201902901
[20.490s][debug  ][gc,heap        ] GC(74) Heap before GC invocations=75 (full 12):
[20.490s][debug  ][gc,heap        ] GC(74)  PSYoungGen      total 230912K, used 229173K [0x00000000f0000000, 0x0000000100000000, 0x0000000100000000)
[20.490s][debug  ][gc,heap        ] GC(74)   eden space 199680K, 99% used [0x00000000f0000000,0x00000000fc1cd650,0x00000000fc300000)
[20.491s][debug  ][gc,heap        ] GC(74)   from space 31232K, 98% used [0x00000000fe180000,0x00000000fff80030,0x0000000100000000)
[20.491s][debug  ][gc,heap        ] GC(74)   to   space 31232K, 0% used [0x00000000fc300000,0x00000000fc300000,0x00000000fe180000)
[20.491s][debug  ][gc,heap        ] GC(74)  ParOldGen       total 1835008K, used 1302116K [0x0000000080000000, 0x00000000f0000000, 0x00000000f0000000)
[20.491s][debug  ][gc,heap        ] GC(74)   object space 1835008K, 70% used [0x0000000080000000,0x00000000cf799370,0x00000000f0000000)
[20.491s][debug  ][gc,heap        ] GC(74)  Metaspace       used 1023K, committed 1216K, reserved 1056768K
[20.491s][debug  ][gc,heap        ] GC(74)   class space    used 83K, committed 192K, reserved 1048576K
[20.491s][debug  ][gc,tlab        ] GC(74) TLAB totals: thrds: 1  refills: 1 max: 1 slow allocs: 18 max 18 waste: 27.5% gc: 3986720B max: 3986720B slow: 0B max: 0B
[20.491s][info   ][gc,start       ] GC(74) Pause Young (Allocation Failure)
[20.491s][debug  ][gc,phases,start] GC(74) Scavenge
[20.506s][debug  ][gc,phases      ] GC(74) Scavenge 15.277ms
[20.506s][debug  ][gc,phases,start] GC(74) Reference Processing
[20.506s][debug  ][gc,ref         ] GC(74) Skipped phase 1 of Reference Processing: no references
[20.506s][debug  ][gc,ref         ] GC(74) Skipped phase 2 of Reference Processing: no references
[20.506s][debug  ][gc,ref         ] GC(74) Skipped phase 3 of Reference Processing: no references
[20.506s][debug  ][gc,ref         ] GC(74) Skipped phase 4 of Reference Processing: no references
[20.506s][debug  ][gc,phases,ref  ] GC(74) Reference Processing: 0.1ms
[20.507s][debug  ][gc,phases,ref  ] GC(74)   Reconsider SoftReferences: 0.0ms
[20.507s][debug  ][gc,phases,ref  ] GC(74)     SoftRef (ms):                  skipped
[20.507s][debug  ][gc,phases,ref  ] GC(74)   Notify Soft/WeakReferences: 0.0ms
[20.507s][debug  ][gc,phases,ref  ] GC(74)     SoftRef (ms):                  skipped
[20.507s][debug  ][gc,phases,ref  ] GC(74)     WeakRef (ms):                  skipped
[20.507s][debug  ][gc,phases,ref  ] GC(74)     FinalRef (ms):                 skipped
[20.507s][debug  ][gc,phases,ref  ] GC(74)     Total (ms):                    skipped
[20.507s][debug  ][gc,phases,ref  ] GC(74)   Notify and keep alive finalizable: 0.0ms
[20.507s][debug  ][gc,phases,ref  ] GC(74)     FinalRef (ms):                 skipped
[20.507s][debug  ][gc,phases,ref  ] GC(74)   Notify PhantomReferences: 0.0ms
[20.507s][debug  ][gc,phases,ref  ] GC(74)     PhantomRef (ms):               skipped
[20.507s][debug  ][gc,phases,ref  ] GC(74)   SoftReference:
[20.507s][debug  ][gc,phases,ref  ] GC(74)     Discovered: 0
[20.507s][debug  ][gc,phases,ref  ] GC(74)     Cleared: 0
[20.507s][debug  ][gc,phases,ref  ] GC(74)   WeakReference:
[20.507s][debug  ][gc,phases,ref  ] GC(74)     Discovered: 0
[20.507s][debug  ][gc,phases,ref  ] GC(74)     Cleared: 0
[20.507s][debug  ][gc,phases,ref  ] GC(74)   FinalReference:
[20.507s][debug  ][gc,phases,ref  ] GC(74)     Discovered: 0
[20.507s][debug  ][gc,phases,ref  ] GC(74)     Cleared: 0
[20.507s][debug  ][gc,phases,ref  ] GC(74)   PhantomReference:
[20.507s][debug  ][gc,phases,ref  ] GC(74)     Discovered: 0
[20.507s][debug  ][gc,phases,ref  ] GC(74)     Cleared: 0
[20.507s][debug  ][gc,phases      ] GC(74) Reference Processing 0.741ms
[20.507s][debug  ][gc,phases,start] GC(74) Weak Processing
[20.507s][debug  ][gc,phases      ] GC(74)   VM Weak                        Min:  0.0, Avg:  0.0, Max:  0.0, Diff:  0.0, Sum:  0.0, Workers: 6
[20.507s][debug  ][gc,phases      ] GC(74)     Dead                           Min: 0, Avg:  0.0, Max: 0, Diff: 0, Sum: 0, Workers: 6
[20.507s][debug  ][gc,phases      ] GC(74)     Total                          Min: 0, Avg:  1.3, Max: 8, Diff: 8, Sum: 8, Workers: 6
[20.507s][debug  ][gc,phases      ] GC(74)   ObjectSynchronizer Weak        Min:  0.0, Avg:  0.0, Max:  0.0, Diff:  0.0, Sum:  0.0, Workers: 6
[20.507s][debug  ][gc,phases      ] GC(74)     Dead                           Min: 0, Avg:  0.0, Max: 0, Diff: 0, Sum: 0, Workers: 6
[20.507s][debug  ][gc,phases      ] GC(74)     Total                          Min: 0, Avg:  0.5, Max: 3, Diff: 3, Sum: 3, Workers: 6
[20.507s][debug  ][gc,phases      ] GC(74)   JVMTI Tag Weak OopStorage      Min:  0.0, Avg:  0.0, Max:  0.0, Diff:  0.0, Sum:  0.0, Workers: 6
[20.507s][debug  ][gc,phases      ] GC(74)     Dead                           Min: 0, Avg:  0.0, Max: 0, Diff: 0, Sum: 0, Workers: 6
[20.507s][debug  ][gc,phases      ] GC(74)     Total                          Min: 0, Avg:  0.0, Max: 0, Diff: 0, Sum: 0, Workers: 6
[20.507s][debug  ][gc,phases      ] GC(74)   StringTable Weak               Min:  0.0, Avg:  0.0, Max:  0.0, Diff:  0.0, Sum:  0.0, Workers: 6
[20.507s][debug  ][gc,phases      ] GC(74)     Dead                           Min: 0, Avg:  0.0, Max: 0, Diff: 0, Sum: 0, Workers: 6
[20.507s][debug  ][gc,phases      ] GC(74)     Total                          Min: 704, Avg: 892.2, Max: 1065, Diff: 361, Sum: 5353, Workers: 6
[20.507s][debug  ][gc,phases      ] GC(74)   ResolvedMethodTable Weak       Min:  0.0, Avg:  0.0, Max:  0.0, Diff:  0.0, Sum:  0.0, Workers: 6
[20.507s][debug  ][gc,phases      ] GC(74)     Dead                           Min: 0, Avg:  0.0, Max: 0, Diff: 0, Sum: 0, Workers: 6
[20.508s][debug  ][gc,phases      ] GC(74)     Total                          Min: 0, Avg: 21.7, Max: 64, Diff: 64, Sum: 130, Workers: 6
[20.508s][debug  ][gc,phases      ] GC(74)   JNI Weak                       Min:  0.0, Avg:  0.0, Max:  0.0, Diff:  0.0, Sum:  0.0, Workers: 6
[20.508s][debug  ][gc,phases      ] GC(74)     Dead                           Min: 0, Avg:  0.0, Max: 0, Diff: 0, Sum: 0, Workers: 6
[20.508s][debug  ][gc,phases      ] GC(74)     Total                          Min: 0, Avg:  0.0, Max: 0, Diff: 0, Sum: 0, Workers: 6
[20.508s][debug  ][gc,phases      ] GC(74)   StringDedup Table Weak         Min:  0.0, Avg:  0.0, Max:  0.0, Diff:  0.0, Sum:  0.0, Workers: 6
[20.508s][debug  ][gc,phases      ] GC(74)     Dead                           Min: 0, Avg:  0.0, Max: 0, Diff: 0, Sum: 0, Workers: 6
[20.508s][debug  ][gc,phases      ] GC(74)     Total                          Min: 0, Avg:  0.0, Max: 0, Diff: 0, Sum: 0, Workers: 6
[20.508s][debug  ][gc,phases      ] GC(74)   StringDedup Requests0 Weak     Min:  0.0, Avg:  0.0, Max:  0.0, Diff:  0.0, Sum:  0.0, Workers: 6
[20.508s][debug  ][gc,phases      ] GC(74)     Dead                           Min: 0, Avg:  0.0, Max: 0, Diff: 0, Sum: 0, Workers: 6
[20.508s][debug  ][gc,phases      ] GC(74)     Total                          Min: 0, Avg:  0.0, Max: 0, Diff: 0, Sum: 0, Workers: 6
[20.508s][debug  ][gc,phases      ] GC(74)   StringDedup Requests1 Weak     Min:  0.0, Avg:  0.0, Max:  0.0, Diff:  0.0, Sum:  0.0, Workers: 6
[20.508s][debug  ][gc,phases      ] GC(74)     Dead                           Min: 0, Avg:  0.0, Max: 0, Diff: 0, Sum: 0, Workers: 6
[20.508s][debug  ][gc,phases      ] GC(74)     Total                          Min: 0, Avg:  0.0, Max: 0, Diff: 0, Sum: 0, Workers: 6
[20.508s][debug  ][gc,phases      ] GC(74)   Weak JFR Old Object Samples    Min:  0.0, Avg:  0.0, Max:  0.0, Diff:  0.0, Sum:  0.0, Workers: 6
[20.508s][debug  ][gc,phases      ] GC(74)     Dead                           Min: 0, Avg:  0.0, Max: 0, Diff: 0, Sum: 0, Workers: 6
[20.508s][debug  ][gc,phases      ] GC(74)     Total                          Min: 0, Avg:  0.0, Max: 0, Diff: 0, Sum: 0, Workers: 6
[20.508s][debug  ][gc,phases      ] GC(74) Weak Processing 0.817ms
[20.508s][debug  ][gc,ergo        ] GC(74) AdaptiveSizeStart:  collection: 75 
[20.508s][debug  ][gc,ergo        ] GC(74) avg_survived_padded_avg: 31524086.000000
[20.508s][debug  ][gc,ergo        ] GC(74) avg_promoted_padded_avg: 276680000.000000  avg_pretenured_padded_avg: 0.000000  tenuring_thresh: 4  target_size: 31981568
[20.508s][debug  ][gc,age         ] GC(74) Desired survivor size 31981568 bytes, new threshold 4 (max threshold 15)
[20.508s][debug  ][gc,ergo        ] GC(74) PSAdaptiveSizePolicy::compute_eden_space_size limits: desired_eden_size: 224607275 old_eden_size: 204472320 eden_limit: 204472320 cur_eden: 204472320 max_eden_size: 204472320 avg_young_live: 27516436
[20.508s][debug  ][gc,ergo        ] GC(74) PSAdaptiveSizePolicy::compute_eden_space_size: costs minor_time: 0.047619 major_cost: 0.049096 mutator_cost: 0.903284 throughput_goal: 0.990000
[20.508s][debug  ][gc,ergo        ] GC(74) Live_space: 955087104 free_space: 1423966208
[20.508s][debug  ][gc,ergo        ] GC(74) Old eden_size: 204472320 desired_eden_size: 204472320
[20.508s][debug  ][gc,ergo        ] GC(74) AdaptiveSizeStop: collection: 75 
[20.508s][info   ][gc,heap        ] GC(74) PSYoungGen: 229173K(230912K)->30720K(230912K) Eden: 198453K(199680K)->0K(199680K) From: 30720K(31232K)->30720K(31232K)
[20.508s][info   ][gc,heap        ] GC(74) ParOldGen: 1302116K(1835008K)->1496677K(1835008K)
[20.508s][info   ][gc,metaspace   ] GC(74) Metaspace: 1023K(1216K)->1023K(1216K) NonClass: 939K(1024K)->939K(1024K) Class: 83K(192K)->83K(192K)
[20.508s][info   ][gc             ] GC(74) Pause Young (Allocation Failure) 1495M->1491M(2017M) 17.358ms
[20.508s][info   ][gc,cpu         ] GC(74) User=0.16s Sys=0.00s Real=0.02s
[20.508s][debug  ][gc,heap        ] GC(74) Heap after GC invocations=75 (full 12):
[20.508s][debug  ][gc,heap        ] GC(74)  PSYoungGen      total 230912K, used 30720K [0x00000000f0000000, 0x0000000100000000, 0x0000000100000000)
[20.508s][debug  ][gc,heap        ] GC(74)   eden space 199680K, 0% used [0x00000000f0000000,0x00000000f0000000,0x00000000fc300000)
[20.508s][debug  ][gc,heap        ] GC(74)   from space 31232K, 98% used [0x00000000fc300000,0x00000000fe100030,0x00000000fe180000)
[20.508s][debug  ][gc,heap        ] GC(74)   to   space 31232K, 0% used [0x00000000fe180000,0x00000000fe180000,0x0000000100000000)
[20.508s][debug  ][gc,heap        ] GC(74)  ParOldGen       total 1835008K, used 1496677K [0x0000000080000000, 0x00000000f0000000, 0x00000000f0000000)
[20.508s][debug  ][gc,heap        ] GC(74)   object space 1835008K, 81% used [0x0000000080000000,0x00000000db5994a0,0x00000000f0000000)
[20.508s][debug  ][gc,heap        ] GC(74)  Metaspace       used 1023K, committed 1216K, reserved 1056768K
[20.508s][debug  ][gc,heap        ] GC(74)   class space    used 83K, committed 192K, reserved 1048576K
[20.509s][debug  ][gc,task,time   ] GC(74) VM-Thread 204903261 205063235 205085249
[20.807s][debug  ][gc,heap        ] GC(75) Heap before GC invocations=76 (full 12):
[20.808s][debug  ][gc,heap        ] GC(75)  PSYoungGen      total 230912K, used 229181K [0x00000000f0000000, 0x0000000100000000, 0x0000000100000000)
[20.808s][debug  ][gc,heap        ] GC(75)   eden space 199680K, 99% used [0x00000000f0000000,0x00000000fc1cf510,0x00000000fc300000)
[20.808s][debug  ][gc,heap        ] GC(75)   from space 31232K, 98% used [0x00000000fc300000,0x00000000fe100030,0x00000000fe180000)
[20.808s][debug  ][gc,heap        ] GC(75)   to   space 31232K, 0% used [0x00000000fe180000,0x00000000fe180000,0x0000000100000000)
[20.808s][debug  ][gc,heap        ] GC(75)  ParOldGen       total 1835008K, used 1496677K [0x0000000080000000, 0x00000000f0000000, 0x00000000f0000000)
[20.808s][debug  ][gc,heap        ] GC(75)   object space 1835008K, 81% used [0x0000000080000000,0x00000000db5994a0,0x00000000f0000000)
[20.808s][debug  ][gc,heap        ] GC(75)  Metaspace       used 1023K, committed 1216K, reserved 1056768K
[20.808s][debug  ][gc,heap        ] GC(75)   class space    used 83K, committed 192K, reserved 1048576K
[20.808s][debug  ][gc,tlab        ] GC(75) TLAB totals: thrds: 1  refills: 1 max: 1 slow allocs: 18 max 18 waste: 27.6% gc: 3994592B max: 3994592B slow: 0B max: 0B
[20.808s][info   ][gc,start       ] GC(75) Pause Young (Allocation Failure)
[20.808s][debug  ][gc,phases,start] GC(75) Scavenge
[20.823s][debug  ][gc,phases      ] GC(75) Scavenge 15.493ms
[20.824s][debug  ][gc,phases,start] GC(75) Reference Processing
[20.824s][debug  ][gc,ref         ] GC(75) Skipped phase 1 of Reference Processing: no references
[20.824s][debug  ][gc,ref         ] GC(75) Skipped phase 2 of Reference Processing: no references
[20.824s][debug  ][gc,ref         ] GC(75) Skipped phase 3 of Reference Processing: no references
[20.824s][debug  ][gc,ref         ] GC(75) Skipped phase 4 of Reference Processing: no references
[20.824s][debug  ][gc,phases,ref  ] GC(75) Reference Processing: 0.1ms
[20.824s][debug  ][gc,phases,ref  ] GC(75)   Reconsider SoftReferences: 0.0ms
[20.824s][debug  ][gc,phases,ref  ] GC(75)     SoftRef (ms):                  skipped
[20.824s][debug  ][gc,phases,ref  ] GC(75)   Notify Soft/WeakReferences: 0.0ms
[20.824s][debug  ][gc,phases,ref  ] GC(75)     SoftRef (ms):                  skipped
[20.824s][debug  ][gc,phases,ref  ] GC(75)     WeakRef (ms):                  skipped
[20.824s][debug  ][gc,phases,ref  ] GC(75)     FinalRef (ms):                 skipped
[20.824s][debug  ][gc,phases,ref  ] GC(75)     Total (ms):                    skipped
[20.824s][debug  ][gc,phases,ref  ] GC(75)   Notify and keep alive finalizable: 0.0ms
[20.824s][debug  ][gc,phases,ref  ] GC(75)     FinalRef (ms):                 skipped
[20.824s][debug  ][gc,phases,ref  ] GC(75)   Notify PhantomReferences: 0.0ms
[20.824s][debug  ][gc,phases,ref  ] GC(75)     PhantomRef (ms):               skipped
[20.824s][debug  ][gc,phases,ref  ] GC(75)   SoftReference:
[20.824s][debug  ][gc,phases,ref  ] GC(75)     Discovered: 0
[20.824s][debug  ][gc,phases,ref  ] GC(75)     Cleared: 0
[20.824s][debug  ][gc,phases,ref  ] GC(75)   WeakReference:
[20.824s][debug  ][gc,phases,ref  ] GC(75)     Discovered: 0
[20.824s][debug  ][gc,phases,ref  ] GC(75)     Cleared: 0
[20.824s][debug  ][gc,phases,ref  ] GC(75)   FinalReference:
[20.824s][debug  ][gc,phases,ref  ] GC(75)     Discovered: 0
[20.824s][debug  ][gc,phases,ref  ] GC(75)     Cleared: 0
[20.824s][debug  ][gc,phases,ref  ] GC(75)   PhantomReference:
[20.824s][debug  ][gc,phases,ref  ] GC(75)     Discovered: 0
[20.824s][debug  ][gc,phases,ref  ] GC(75)     Cleared: 0
[20.824s][debug  ][gc,phases      ] GC(75) Reference Processing 0.673ms
[20.824s][debug  ][gc,phases,start] GC(75) Weak Processing
[20.824s][debug  ][gc,phases      ] GC(75)   VM Weak                        Min:  0.0, Avg:  0.0, Max:  0.0, Diff:  0.0, Sum:  0.0, Workers: 6
[20.824s][debug  ][gc,phases      ] GC(75)     Dead                           Min: 0, Avg:  0.0, Max: 0, Diff: 0, Sum: 0, Workers: 6
[20.824s][debug  ][gc,phases      ] GC(75)     Total                          Min: 0, Avg:  1.3, Max: 8, Diff: 8, Sum: 8, Workers: 6
[20.824s][debug  ][gc,phases      ] GC(75)   ObjectSynchronizer Weak        Min:  0.0, Avg:  0.0, Max:  0.0, Diff:  0.0, Sum:  0.0, Workers: 6
[20.824s][debug  ][gc,phases      ] GC(75)     Dead                           Min: 0, Avg:  0.0, Max: 0, Diff: 0, Sum: 0, Workers: 6
[20.824s][debug  ][gc,phases      ] GC(75)     Total                          Min: 0, Avg:  0.5, Max: 3, Diff: 3, Sum: 3, Workers: 6
[20.824s][debug  ][gc,phases      ] GC(75)   JVMTI Tag Weak OopStorage      Min:  0.0, Avg:  0.0, Max:  0.0, Diff:  0.0, Sum:  0.0, Workers: 6
[20.824s][debug  ][gc,phases      ] GC(75)     Dead                           Min: 0, Avg:  0.0, Max: 0, Diff: 0, Sum: 0, Workers: 6
[20.825s][debug  ][gc,phases      ] GC(75)     Total                          Min: 0, Avg:  0.0, Max: 0, Diff: 0, Sum: 0, Workers: 6
[20.825s][debug  ][gc,phases      ] GC(75)   StringTable Weak               Min:  0.0, Avg:  0.0, Max:  0.0, Diff:  0.0, Sum:  0.0, Workers: 6
[20.825s][debug  ][gc,phases      ] GC(75)     Dead                           Min: 0, Avg:  0.0, Max: 0, Diff: 0, Sum: 0, Workers: 6
[20.825s][debug  ][gc,phases      ] GC(75)     Total                          Min: 810, Avg: 892.2, Max: 1024, Diff: 214, Sum: 5353, Workers: 6
[20.825s][debug  ][gc,phases      ] GC(75)   ResolvedMethodTable Weak       Min:  0.0, Avg:  0.0, Max:  0.0, Diff:  0.0, Sum:  0.0, Workers: 6
[20.825s][debug  ][gc,phases      ] GC(75)     Dead                           Min: 0, Avg:  0.0, Max: 0, Diff: 0, Sum: 0, Workers: 6
[20.825s][debug  ][gc,phases      ] GC(75)     Total                          Min: 0, Avg: 21.7, Max: 64, Diff: 64, Sum: 130, Workers: 6
[20.825s][debug  ][gc,phases      ] GC(75)   JNI Weak                       Min:  0.0, Avg:  0.0, Max:  0.0, Diff:  0.0, Sum:  0.0, Workers: 6
[20.825s][debug  ][gc,phases      ] GC(75)     Dead                           Min: 0, Avg:  0.0, Max: 0, Diff: 0, Sum: 0, Workers: 6
[20.825s][debug  ][gc,phases      ] GC(75)     Total                          Min: 0, Avg:  0.0, Max: 0, Diff: 0, Sum: 0, Workers: 6
[20.825s][debug  ][gc,phases      ] GC(75)   StringDedup Table Weak         Min:  0.0, Avg:  0.0, Max:  0.0, Diff:  0.0, Sum:  0.0, Workers: 6
[20.825s][debug  ][gc,phases      ] GC(75)     Dead                           Min: 0, Avg:  0.0, Max: 0, Diff: 0, Sum: 0, Workers: 6
[20.825s][debug  ][gc,phases      ] GC(75)     Total                          Min: 0, Avg:  0.0, Max: 0, Diff: 0, Sum: 0, Workers: 6
[20.825s][debug  ][gc,phases      ] GC(75)   StringDedup Requests0 Weak     Min:  0.0, Avg:  0.0, Max:  0.0, Diff:  0.0, Sum:  0.0, Workers: 6
[20.825s][debug  ][gc,phases      ] GC(75)     Dead                           Min: 0, Avg:  0.0, Max: 0, Diff: 0, Sum: 0, Workers: 6
[20.825s][debug  ][gc,phases      ] GC(75)     Total                          Min: 0, Avg:  0.0, Max: 0, Diff: 0, Sum: 0, Workers: 6
[20.825s][debug  ][gc,phases      ] GC(75)   StringDedup Requests1 Weak     Min:  0.0, Avg:  0.0, Max:  0.0, Diff:  0.0, Sum:  0.0, Workers: 6
[20.825s][debug  ][gc,phases      ] GC(75)     Dead                           Min: 0, Avg:  0.0, Max: 0, Diff: 0, Sum: 0, Workers: 6
[20.825s][debug  ][gc,phases      ] GC(75)     Total                          Min: 0, Avg:  0.0, Max: 0, Diff: 0, Sum: 0, Workers: 6
[20.825s][debug  ][gc,phases      ] GC(75)   Weak JFR Old Object Samples    Min:  0.0, Avg:  0.0, Max:  0.0, Diff:  0.0, Sum:  0.0, Workers: 6
[20.825s][debug  ][gc,phases      ] GC(75)     Dead                           Min: 0, Avg:  0.0, Max: 0, Diff: 0, Sum: 0, Workers: 6
[20.825s][debug  ][gc,phases      ] GC(75)     Total                          Min: 0, Avg:  0.0, Max: 0, Diff: 0, Sum: 0, Workers: 6
[20.825s][debug  ][gc,phases      ] GC(75) Weak Processing 0.802ms
[20.825s][debug  ][gc,ergo        ] GC(75) AdaptiveSizeStart:  collection: 76 
[20.825s][debug  ][gc,ergo        ] GC(75) avg_survived_padded_avg: 31518394.000000
[20.825s][debug  ][gc,ergo        ] GC(75) avg_promoted_padded_avg: 276317952.000000  avg_pretenured_padded_avg: 0.000000  tenuring_thresh: 4  target_size: 31981568
[20.825s][debug  ][gc,age         ] GC(75) Desired survivor size 31981568 bytes, new threshold 4 (max threshold 15)
[20.825s][debug  ][gc,ergo        ] GC(75) PSAdaptiveSizePolicy::compute_eden_space_size limits: desired_eden_size: 224941936 old_eden_size: 204472320 eden_limit: 204472320 cur_eden: 204472320 max_eden_size: 204472320 avg_young_live: 27910524
[20.825s][debug  ][gc,ergo        ] GC(75) PSAdaptiveSizePolicy::compute_eden_space_size: costs minor_time: 0.049204 major_cost: 0.049096 mutator_cost: 0.901699 throughput_goal: 0.990000
[20.825s][debug  ][gc,ergo        ] GC(75) Live_space: 955481216 free_space: 1423966208
[20.825s][debug  ][gc,ergo        ] GC(75) Old eden_size: 204472320 desired_eden_size: 204472320
[20.825s][debug  ][gc,ergo        ] GC(75) AdaptiveSizeStop: collection: 76 
[20.825s][info   ][gc,heap        ] GC(75) PSYoungGen: 229181K(230912K)->30720K(230912K) Eden: 198461K(199680K)->0K(199680K) From: 30720K(31232K)->30720K(31232K)
[20.825s][info   ][gc,heap        ] GC(75) ParOldGen: 1496677K(1835008K)->1691237K(1835008K)
[20.825s][info   ][gc,metaspace   ] GC(75) Metaspace: 1023K(1216K)->1023K(1216K) NonClass: 939K(1024K)->939K(1024K) Class: 83K(192K)->83K(192K)
[20.825s][info   ][gc             ] GC(75) Pause Young (Allocation Failure) 1685M->1681M(2017M) 17.492ms
[20.825s][info   ][gc,cpu         ] GC(75) User=0.16s Sys=0.00s Real=0.02s
[20.825s][debug  ][gc,heap        ] GC(75) Heap after GC invocations=76 (full 12):
[20.825s][debug  ][gc,heap        ] GC(75)  PSYoungGen      total 230912K, used 30720K [0x00000000f0000000, 0x0000000100000000, 0x0000000100000000)
[20.825s][debug  ][gc,heap        ] GC(75)   eden space 199680K, 0% used [0x00000000f0000000,0x00000000f0000000,0x00000000fc300000)
[20.825s][debug  ][gc,heap        ] GC(75)   from space 31232K, 98% used [0x00000000fe180000,0x00000000fff80030,0x0000000100000000)
[20.826s][debug  ][gc,heap        ] GC(75)   to   space 31232K, 0% used [0x00000000fc300000,0x00000000fc300000,0x00000000fe180000)
[20.826s][debug  ][gc,heap        ] GC(75)  ParOldGen       total 1835008K, used 1691237K [0x0000000080000000, 0x00000000f0000000, 0x00000000f0000000)
[20.826s][debug  ][gc,heap        ] GC(75)   object space 1835008K, 92% used [0x0000000080000000,0x00000000e73995d0,0x00000000f0000000)
[20.826s][debug  ][gc,heap        ] GC(75)  Metaspace       used 1023K, committed 1216K, reserved 1056768K
[20.826s][debug  ][gc,heap        ] GC(75)   class space    used 83K, committed 192K, reserved 1048576K
[20.826s][debug  ][gc,task,time   ] GC(75) VM-Thread 208074107 208235216 208256379
[20.826s][debug  ][gc,phases,start] GC(76) Pre Compact
[20.826s][debug  ][gc,heap        ] GC(76) Heap before GC invocations=77 (full 13):
[20.826s][debug  ][gc,heap        ] GC(76)  PSYoungGen      total 230912K, used 30720K [0x00000000f0000000, 0x0000000100000000, 0x0000000100000000)
[20.826s][debug  ][gc,heap        ] GC(76)   eden space 199680K, 0% used [0x00000000f0000000,0x00000000f0000000,0x00000000fc300000)
[20.826s][debug  ][gc,heap        ] GC(76)   from space 31232K, 98% used [0x00000000fe180000,0x00000000fff80030,0x0000000100000000)
[20.826s][debug  ][gc,heap        ] GC(76)   to   space 31232K, 0% used [0x00000000fc300000,0x00000000fc300000,0x00000000fe180000)
[20.826s][debug  ][gc,heap        ] GC(76)  ParOldGen       total 1835008K, used 1691237K [0x0000000080000000, 0x00000000f0000000, 0x00000000f0000000)
[20.826s][debug  ][gc,heap        ] GC(76)   object space 1835008K, 92% used [0x0000000080000000,0x00000000e73995d0,0x00000000f0000000)
[20.826s][debug  ][gc,heap        ] GC(76)  Metaspace       used 1023K, committed 1216K, reserved 1056768K
[20.826s][debug  ][gc,heap        ] GC(76)   class space    used 83K, committed 192K, reserved 1048576K
[20.826s][debug  ][gc,phases      ] GC(76) Pre Compact 0.223ms
[20.826s][info   ][gc,start       ] GC(76) Pause Full (Ergonomics)
[20.826s][info   ][gc,phases,start] GC(76) Marking Phase
[20.826s][debug  ][gc,phases,start] GC(76) Par Mark
[20.827s][debug  ][gc,phases      ] GC(76) Par Mark 0.524ms
[20.827s][debug  ][gc,phases,start] GC(76) Reference Processing
[20.827s][debug  ][gc,ref         ] GC(76) Skipped phase 1 of Reference Processing: no references
[20.827s][debug  ][gc,ref         ] GC(76) ReferenceProcessor::execute queues: 1, RefProcThreadModel::Single, marks_oops_alive: false
[20.827s][debug  ][gc,ref         ] GC(76) Skipped phase 3 of Reference Processing: no references
[20.827s][debug  ][gc,ref         ] GC(76) ReferenceProcessor::execute queues: 1, RefProcThreadModel::Single, marks_oops_alive: false
[20.827s][debug  ][gc,phases,ref  ] GC(76) Reference Processing: 0.1ms
[20.827s][debug  ][gc,phases,ref  ] GC(76)   Reconsider SoftReferences: 0.0ms
[20.827s][debug  ][gc,phases,ref  ] GC(76)     SoftRef (ms):                  skipped
[20.827s][debug  ][gc,phases,ref  ] GC(76)   Notify Soft/WeakReferences: 0.0ms
[20.827s][debug  ][gc,phases,ref  ] GC(76)     SoftRef (ms):                  Min:  0.0, Avg:  0.0, Max:  0.0, Diff:  0.0, Sum:  0.0, Workers: 10
[20.827s][debug  ][gc,phases,ref  ] GC(76)     WeakRef (ms):                  Min:  0.0, Avg:  0.0, Max:  0.0, Diff:  0.0, Sum:  0.0, Workers: 10
[20.827s][debug  ][gc,phases,ref  ] GC(76)     FinalRef (ms):                 Min:  0.0, Avg:  0.0, Max:  0.0, Diff:  0.0, Sum:  0.0, Workers: 10
[20.827s][debug  ][gc,phases,ref  ] GC(76)     Total (ms):                    Min:  0.0, Avg:  0.0, Max:  0.0, Diff:  0.0, Sum:  0.0, Workers: 10
[20.827s][debug  ][gc,phases,ref  ] GC(76)   Notify and keep alive finalizable: 0.0ms
[20.827s][debug  ][gc,phases,ref  ] GC(76)     FinalRef (ms):                 skipped
[20.827s][debug  ][gc,phases,ref  ] GC(76)   Notify PhantomReferences: 0.0ms
[20.827s][debug  ][gc,phases,ref  ] GC(76)     PhantomRef (ms):               Min:  0.0, Avg:  0.0, Max:  0.0, Diff:  0.0, Sum:  0.0, Workers: 10
[20.827s][debug  ][gc,phases,ref  ] GC(76)   SoftReference:
[20.827s][debug  ][gc,phases,ref  ] GC(76)     Discovered: 0
[20.827s][debug  ][gc,phases,ref  ] GC(76)     Cleared: 0
[20.827s][debug  ][gc,phases,ref  ] GC(76)   WeakReference:
[20.827s][debug  ][gc,phases,ref  ] GC(76)     Discovered: 77
[20.827s][debug  ][gc,phases,ref  ] GC(76)     Cleared: 77
[20.827s][debug  ][gc,phases,ref  ] GC(76)   FinalReference:
[20.827s][debug  ][gc,phases,ref  ] GC(76)     Discovered: 0
[20.827s][debug  ][gc,phases,ref  ] GC(76)     Cleared: 0
[20.827s][debug  ][gc,phases,ref  ] GC(76)   PhantomReference:
[20.827s][debug  ][gc,phases,ref  ] GC(76)     Discovered: 3
[20.827s][debug  ][gc,phases,ref  ] GC(76)     Cleared: 3
[20.827s][debug  ][gc,phases      ] GC(76) Reference Processing 0.716ms
[20.827s][debug  ][gc,phases,start] GC(76) Weak Processing
[20.827s][debug  ][gc,phases      ] GC(76)   VM Weak                        Min:  0.0, Avg:  0.0, Max:  0.0, Diff:  0.0, Sum:  0.0, Workers: 6
[20.827s][debug  ][gc,phases      ] GC(76)     Dead                           Min: 0, Avg:  0.0, Max: 0, Diff: 0, Sum: 0, Workers: 6
[20.827s][debug  ][gc,phases      ] GC(76)     Total                          Min: 0, Avg:  1.3, Max: 8, Diff: 8, Sum: 8, Workers: 6
[20.827s][debug  ][gc,phases      ] GC(76)   ObjectSynchronizer Weak        Min:  0.0, Avg:  0.0, Max:  0.0, Diff:  0.0, Sum:  0.0, Workers: 6
[20.827s][debug  ][gc,phases      ] GC(76)     Dead                           Min: 0, Avg:  0.0, Max: 0, Diff: 0, Sum: 0, Workers: 6
[20.827s][debug  ][gc,phases      ] GC(76)     Total                          Min: 0, Avg:  0.5, Max: 3, Diff: 3, Sum: 3, Workers: 6
[20.827s][debug  ][gc,phases      ] GC(76)   JVMTI Tag Weak OopStorage      Min:  0.0, Avg:  0.0, Max:  0.0, Diff:  0.0, Sum:  0.0, Workers: 6
[20.827s][debug  ][gc,phases      ] GC(76)     Dead                           Min: 0, Avg:  0.0, Max: 0, Diff: 0, Sum: 0, Workers: 6
[20.828s][debug  ][gc,phases      ] GC(76)     Total                          Min: 0, Avg:  0.0, Max: 0, Diff: 0, Sum: 0, Workers: 6
[20.828s][debug  ][gc,phases      ] GC(76)   StringTable Weak               Min:  0.0, Avg:  0.0, Max:  0.0, Diff:  0.0, Sum:  0.0, Workers: 6
[20.828s][debug  ][gc,phases      ] GC(76)     Dead                           Min: 0, Avg:  0.0, Max: 0, Diff: 0, Sum: 0, Workers: 6
[20.828s][debug  ][gc,phases      ] GC(76)     Total                          Min: 767, Avg: 892.2, Max: 1344, Diff: 577, Sum: 5353, Workers: 6
[20.828s][debug  ][gc,phases      ] GC(76)   ResolvedMethodTable Weak       Min:  0.0, Avg:  0.0, Max:  0.0, Diff:  0.0, Sum:  0.0, Workers: 6
[20.828s][debug  ][gc,phases      ] GC(76)     Dead                           Min: 0, Avg:  0.0, Max: 0, Diff: 0, Sum: 0, Workers: 6
[20.828s][debug  ][gc,phases      ] GC(76)     Total                          Min: 0, Avg: 21.7, Max: 64, Diff: 64, Sum: 130, Workers: 6
[20.828s][debug  ][gc,phases      ] GC(76)   JNI Weak                       Min:  0.0, Avg:  0.0, Max:  0.0, Diff:  0.0, Sum:  0.0, Workers: 6
[20.828s][debug  ][gc,phases      ] GC(76)     Dead                           Min: 0, Avg:  0.0, Max: 0, Diff: 0, Sum: 0, Workers: 6
[20.828s][debug  ][gc,phases      ] GC(76)     Total                          Min: 0, Avg:  0.0, Max: 0, Diff: 0, Sum: 0, Workers: 6
[20.828s][debug  ][gc,phases      ] GC(76)   StringDedup Table Weak         Min:  0.0, Avg:  0.0, Max:  0.0, Diff:  0.0, Sum:  0.0, Workers: 6
[20.828s][debug  ][gc,phases      ] GC(76)     Dead                           Min: 0, Avg:  0.0, Max: 0, Diff: 0, Sum: 0, Workers: 6
[20.828s][debug  ][gc,phases      ] GC(76)     Total                          Min: 0, Avg:  0.0, Max: 0, Diff: 0, Sum: 0, Workers: 6
[20.828s][debug  ][gc,phases      ] GC(76)   StringDedup Requests0 Weak     Min:  0.0, Avg:  0.0, Max:  0.0, Diff:  0.0, Sum:  0.0, Workers: 6
[20.828s][debug  ][gc,phases      ] GC(76)     Dead                           Min: 0, Avg:  0.0, Max: 0, Diff: 0, Sum: 0, Workers: 6
[20.828s][debug  ][gc,phases      ] GC(76)     Total                          Min: 0, Avg:  0.0, Max: 0, Diff: 0, Sum: 0, Workers: 6
[20.828s][debug  ][gc,phases      ] GC(76)   StringDedup Requests1 Weak     Min:  0.0, Avg:  0.0, Max:  0.0, Diff:  0.0, Sum:  0.0, Workers: 6
[20.828s][debug  ][gc,phases      ] GC(76)     Dead                           Min: 0, Avg:  0.0, Max: 0, Diff: 0, Sum: 0, Workers: 6
[20.828s][debug  ][gc,phases      ] GC(76)     Total                          Min: 0, Avg:  0.0, Max: 0, Diff: 0, Sum: 0, Workers: 6
[20.828s][debug  ][gc,phases      ] GC(76)   Weak JFR Old Object Samples    Min:  0.0, Avg:  0.0, Max:  0.0, Diff:  0.0, Sum:  0.0, Workers: 6
[20.828s][debug  ][gc,phases      ] GC(76)     Dead                           Min: 0, Avg:  0.0, Max: 0, Diff: 0, Sum: 0, Workers: 6
[20.828s][debug  ][gc,phases      ] GC(76)     Total                          Min: 0, Avg:  0.0, Max: 0, Diff: 0, Sum: 0, Workers: 6
[20.828s][debug  ][gc,phases      ] GC(76) Weak Processing 0.732ms
[20.828s][debug  ][gc,phases,start] GC(76) Class Unloading
[20.828s][debug  ][gc,phases,start] GC(76) ClassLoaderData
[20.828s][debug  ][gc,phases      ] GC(76) ClassLoaderData 0.021ms
[20.828s][debug  ][gc,phases,start] GC(76) Trigger cleanups
[20.828s][debug  ][gc,phases      ] GC(76) Trigger cleanups 0.021ms
[20.828s][debug  ][gc,phases      ] GC(76) Class Unloading 0.263ms
[20.828s][info   ][gc,phases      ] GC(76) Marking Phase 2.378ms
[20.828s][info   ][gc,phases,start] GC(76) Summary Phase
[20.828s][info   ][gc,phases      ] GC(76) Summary Phase 0.048ms
[20.828s][info   ][gc,phases,start] GC(76) Adjust Roots
[20.829s][info   ][gc,phases      ] GC(76) Adjust Roots 0.151ms
[20.829s][info   ][gc,phases,start] GC(76) Compaction Phase
[20.920s][info   ][gc,phases      ] GC(76) Compaction Phase 91.645ms
[20.920s][info   ][gc,phases,start] GC(76) Post Compact
[20.926s][info   ][gc,phases      ] GC(76) Post Compact 5.314ms
[20.926s][debug  ][gc,ergo        ] GC(76) AdaptiveSizeStart: collection: 77 
[20.926s][debug  ][gc,ergo        ] GC(76) PSAdaptiveSizePolicy::compute_eden_space_size limits: desired_eden_size: 224910216 old_eden_size: 204472320 eden_limit: 204472320 cur_eden: 204472320 max_eden_size: 204472320 avg_young_live: 25119472
[20.926s][debug  ][gc,ergo        ] GC(76) PSAdaptiveSizePolicy::compute_eden_space_size: costs minor_time: 0.049204 major_cost: 0.049249 mutator_cost: 0.901547 throughput_goal: 0.990000
[20.926s][debug  ][gc,ergo        ] GC(76) Live_space: 952690176 free_space: 1423966208
[20.926s][debug  ][gc,ergo        ] GC(76) Old eden_size: 204472320 desired_eden_size: 204472320
[20.926s][debug  ][gc,ergo        ] GC(76) PSAdaptiveSizePolicy::compute_old_gen_free_space limits: desired_promo_size: 1347740829 promo_limit: 1219493888 free_in_old_gen: 1198627072 max_old_gen_size: 1879048192 avg_old_live: 680421056
[20.926s][debug  ][gc,ergo        ] GC(76) PSAdaptiveSizePolicy::compute_old_gen_free_space: costs minor_time: 0.049204 major_cost: 0.049249  mutator_cost: 0.901547 throughput_goal: 0.990000
[20.926s][debug  ][gc,ergo        ] GC(76) Live_space: 973976000 free_space: 1423966208
[20.926s][debug  ][gc,ergo        ] GC(76) Old promo_size: 1219493888 desired_promo_size: 1219493888
[20.926s][debug  ][gc,ergo        ] GC(76) AdaptiveSizeStop: collection: 77 
[20.926s][info   ][gc,heap        ] GC(76) PSYoungGen: 30720K(230912K)->0K(230912K) Eden: 0K(199680K)->0K(199680K) From: 30720K(31232K)->0K(31232K)
[20.926s][info   ][gc,heap        ] GC(76) ParOldGen: 1691237K(1835008K)->851556K(1835008K)
[20.926s][info   ][gc,metaspace   ] GC(76) Metaspace: 1023K(1216K)->1023K(1216K) NonClass: 939K(1024K)->939K(1024K) Class: 83K(192K)->83K(192K)
[20.926s][info   ][gc             ] GC(76) Pause Full (Ergonomics) 1681M->831M(2017M) 100.211ms
[20.926s][info   ][gc,cpu         ] GC(76) User=0.91s Sys=0.00s Real=0.10s
[20.926s][debug  ][gc,heap        ] GC(76) Heap after GC invocations=77 (full 13):
[20.926s][debug  ][gc,heap        ] GC(76)  PSYoungGen      total 230912K, used 0K [0x00000000f0000000, 0x0000000100000000, 0x0000000100000000)
[20.926s][debug  ][gc,heap        ] GC(76)   eden space 199680K, 0% used [0x00000000f0000000,0x00000000f0000000,0x00000000fc300000)
[20.926s][debug  ][gc,heap        ] GC(76)   from space 31232K, 0% used [0x00000000fc300000,0x00000000fc300000,0x00000000fe180000)
[20.926s][debug  ][gc,heap        ] GC(76)   to   space 31232K, 0% used [0x00000000fe180000,0x00000000fe180000,0x0000000100000000)
[20.926s][debug  ][gc,heap        ] GC(76)  ParOldGen       total 1835008K, used 851556K [0x0000000080000000, 0x00000000f0000000, 0x00000000f0000000)
[20.926s][debug  ][gc,heap        ] GC(76)   object space 1835008K, 46% used [0x0000000080000000,0x00000000b3f990b0,0x00000000f0000000)
[20.926s][debug  ][gc,heap        ] GC(76)  Metaspace       used 1023K, committed 1216K, reserved 1056768K
[20.926s][debug  ][gc,heap        ] GC(76)   class space    used 83K, committed 192K, reserved 1048576K
[20.926s][debug  ][gc,task,time   ] GC(76) VM-Thread 208259421 208286360 209261892
[21.233s][debug  ][gc,heap        ] GC(77) Heap before GC invocations=78 (full 13):
[21.233s][debug  ][gc,heap        ] GC(77)  PSYoungGen      total 230912K, used 198466K [0x00000000f0000000, 0x0000000100000000, 0x0000000100000000)
[21.233s][debug  ][gc,heap        ] GC(77)   eden space 199680K, 99% used [0x00000000f0000000,0x00000000fc1d08d8,0x00000000fc300000)
[21.233s][debug  ][gc,heap        ] GC(77)   from space 31232K, 0% used [0x00000000fc300000,0x00000000fc300000,0x00000000fe180000)
[21.233s][debug  ][gc,heap        ] GC(77)   to   space 31232K, 0% used [0x00000000fe180000,0x00000000fe180000,0x0000000100000000)
[21.233s][debug  ][gc,heap        ] GC(77)  ParOldGen       total 1835008K, used 851556K [0x0000000080000000, 0x00000000f0000000, 0x00000000f0000000)
[21.233s][debug  ][gc,heap        ] GC(77)   object space 1835008K, 46% used [0x0000000080000000,0x00000000b3f990b0,0x00000000f0000000)
[21.233s][debug  ][gc,heap        ] GC(77)  Metaspace       used 1023K, committed 1216K, reserved 1056768K
[21.233s][debug  ][gc,heap        ] GC(77)   class space    used 83K, committed 192K, reserved 1048576K
[21.233s][debug  ][gc,tlab        ] GC(77) TLAB totals: thrds: 1  refills: 1 max: 1 slow allocs: 18 max 18 waste: 27.6% gc: 3998592B max: 3998592B slow: 0B max: 0B
[21.233s][info   ][gc,start       ] GC(77) Pause Young (Allocation Failure)
[21.233s][debug  ][gc,phases,start] GC(77) Scavenge
[21.238s][debug  ][gc,phases      ] GC(77) Scavenge 4.304ms
[21.238s][debug  ][gc,phases,start] GC(77) Reference Processing
[21.238s][debug  ][gc,ref         ] GC(77) Skipped phase 1 of Reference Processing: no references
[21.238s][debug  ][gc,ref         ] GC(77) Skipped phase 2 of Reference Processing: no references
[21.238s][debug  ][gc,ref         ] GC(77) Skipped phase 3 of Reference Processing: no references
[21.238s][debug  ][gc,ref         ] GC(77) Skipped phase 4 of Reference Processing: no references
[21.238s][debug  ][gc,phases,ref  ] GC(77) Reference Processing: 0.1ms
[21.238s][debug  ][gc,phases,ref  ] GC(77)   Reconsider SoftReferences: 0.0ms
[21.238s][debug  ][gc,phases,ref  ] GC(77)     SoftRef (ms):                  skipped
[21.238s][debug  ][gc,phases,ref  ] GC(77)   Notify Soft/WeakReferences: 0.0ms
[21.238s][debug  ][gc,phases,ref  ] GC(77)     SoftRef (ms):                  skipped
[21.238s][debug  ][gc,phases,ref  ] GC(77)     WeakRef (ms):                  skipped
[21.238s][debug  ][gc,phases,ref  ] GC(77)     FinalRef (ms):                 skipped
[21.238s][debug  ][gc,phases,ref  ] GC(77)     Total (ms):                    skipped
[21.238s][debug  ][gc,phases,ref  ] GC(77)   Notify and keep alive finalizable: 0.0ms
[21.238s][debug  ][gc,phases,ref  ] GC(77)     FinalRef (ms):                 skipped
[21.238s][debug  ][gc,phases,ref  ] GC(77)   Notify PhantomReferences: 0.0ms
[21.238s][debug  ][gc,phases,ref  ] GC(77)     PhantomRef (ms):               skipped
[21.238s][debug  ][gc,phases,ref  ] GC(77)   SoftReference:
[21.238s][debug  ][gc,phases,ref  ] GC(77)     Discovered: 0
[21.238s][debug  ][gc,phases,ref  ] GC(77)     Cleared: 0
[21.238s][debug  ][gc,phases,ref  ] GC(77)   WeakReference:
[21.238s][debug  ][gc,phases,ref  ] GC(77)     Discovered: 0
[21.238s][debug  ][gc,phases,ref  ] GC(77)     Cleared: 0
[21.238s][debug  ][gc,phases,ref  ] GC(77)   FinalReference:
[21.238s][debug  ][gc,phases,ref  ] GC(77)     Discovered: 0
[21.238s][debug  ][gc,phases,ref  ] GC(77)     Cleared: 0
[21.238s][debug  ][gc,phases,ref  ] GC(77)   PhantomReference:
[21.238s][debug  ][gc,phases,ref  ] GC(77)     Discovered: 0
[21.238s][debug  ][gc,phases,ref  ] GC(77)     Cleared: 0
[21.238s][debug  ][gc,phases      ] GC(77) Reference Processing 0.764ms
[21.238s][debug  ][gc,phases,start] GC(77) Weak Processing
[21.239s][debug  ][gc,phases      ] GC(77)   VM Weak                        Min:  0.0, Avg:  0.0, Max:  0.0, Diff:  0.0, Sum:  0.0, Workers: 6
[21.239s][debug  ][gc,phases      ] GC(77)     Dead                           Min: 0, Avg:  0.0, Max: 0, Diff: 0, Sum: 0, Workers: 6
[21.239s][debug  ][gc,phases      ] GC(77)     Total                          Min: 0, Avg:  1.3, Max: 8, Diff: 8, Sum: 8, Workers: 6
[21.239s][debug  ][gc,phases      ] GC(77)   ObjectSynchronizer Weak        Min:  0.0, Avg:  0.0, Max:  0.0, Diff:  0.0, Sum:  0.0, Workers: 6
[21.239s][debug  ][gc,phases      ] GC(77)     Dead                           Min: 0, Avg:  0.0, Max: 0, Diff: 0, Sum: 0, Workers: 6
[21.239s][debug  ][gc,phases      ] GC(77)     Total                          Min: 0, Avg:  0.5, Max: 3, Diff: 3, Sum: 3, Workers: 6
[21.239s][debug  ][gc,phases      ] GC(77)   JVMTI Tag Weak OopStorage      Min:  0.0, Avg:  0.0, Max:  0.0, Diff:  0.0, Sum:  0.0, Workers: 6
[21.239s][debug  ][gc,phases      ] GC(77)     Dead                           Min: 0, Avg:  0.0, Max: 0, Diff: 0, Sum: 0, Workers: 6
[21.239s][debug  ][gc,phases      ] GC(77)     Total                          Min: 0, Avg:  0.0, Max: 0, Diff: 0, Sum: 0, Workers: 6
[21.239s][debug  ][gc,phases      ] GC(77)   StringTable Weak               Min:  0.0, Avg:  0.0, Max:  0.0, Diff:  0.0, Sum:  0.0, Workers: 6
[21.239s][debug  ][gc,phases      ] GC(77)     Dead                           Min: 0, Avg:  0.0, Max: 0, Diff: 0, Sum: 0, Workers: 6
[21.239s][debug  ][gc,phases      ] GC(77)     Total                          Min: 768, Avg: 892.2, Max: 1088, Diff: 320, Sum: 5353, Workers: 6
[21.239s][debug  ][gc,phases      ] GC(77)   ResolvedMethodTable Weak       Min:  0.0, Avg:  0.0, Max:  0.0, Diff:  0.0, Sum:  0.0, Workers: 6
[21.239s][debug  ][gc,phases      ] GC(77)     Dead                           Min: 0, Avg:  0.0, Max: 0, Diff: 0, Sum: 0, Workers: 6
[21.239s][debug  ][gc,phases      ] GC(77)     Total                          Min: 0, Avg: 21.7, Max: 64, Diff: 64, Sum: 130, Workers: 6
[21.239s][debug  ][gc,phases      ] GC(77)   JNI Weak                       Min:  0.0, Avg:  0.0, Max:  0.0, Diff:  0.0, Sum:  0.0, Workers: 6
[21.239s][debug  ][gc,phases      ] GC(77)     Dead                           Min: 0, Avg:  0.0, Max: 0, Diff: 0, Sum: 0, Workers: 6
[21.239s][debug  ][gc,phases      ] GC(77)     Total                          Min: 0, Avg:  0.0, Max: 0, Diff: 0, Sum: 0, Workers: 6
[21.239s][debug  ][gc,phases      ] GC(77)   StringDedup Table Weak         Min:  0.0, Avg:  0.0, Max:  0.0, Diff:  0.0, Sum:  0.0, Workers: 6
[21.239s][debug  ][gc,phases      ] GC(77)     Dead                           Min: 0, Avg:  0.0, Max: 0, Diff: 0, Sum: 0, Workers: 6
[21.239s][debug  ][gc,phases      ] GC(77)     Total                          Min: 0, Avg:  0.0, Max: 0, Diff: 0, Sum: 0, Workers: 6
[21.239s][debug  ][gc,phases      ] GC(77)   StringDedup Requests0 Weak     Min:  0.0, Avg:  0.0, Max:  0.0, Diff:  0.0, Sum:  0.0, Workers: 6
[21.239s][debug  ][gc,phases      ] GC(77)     Dead                           Min: 0, Avg:  0.0, Max: 0, Diff: 0, Sum: 0, Workers: 6
[21.239s][debug  ][gc,phases      ] GC(77)     Total                          Min: 0, Avg:  0.0, Max: 0, Diff: 0, Sum: 0, Workers: 6
[21.239s][debug  ][gc,phases      ] GC(77)   StringDedup Requests1 Weak     Min:  0.0, Avg:  0.0, Max:  0.0, Diff:  0.0, Sum:  0.0, Workers: 6
[21.239s][debug  ][gc,phases      ] GC(77)     Dead                           Min: 0, Avg:  0.0, Max: 0, Diff: 0, Sum: 0, Workers: 6
[21.239s][debug  ][gc,phases      ] GC(77)     Total                          Min: 0, Avg:  0.0, Max: 0, Diff: 0, Sum: 0, Workers: 6
[21.239s][debug  ][gc,phases      ] GC(77)   Weak JFR Old Object Samples    Min:  0.0, Avg:  0.0, Max:  0.0, Diff:  0.0, Sum:  0.0, Workers: 6
[21.239s][debug  ][gc,phases      ] GC(77)     Dead                           Min: 0, Avg:  0.0, Max: 0, Diff: 0, Sum: 0, Workers: 6
[21.239s][debug  ][gc,phases      ] GC(77)     Total                          Min: 0, Avg:  0.0, Max: 0, Diff: 0, Sum: 0, Workers: 6
[21.239s][debug  ][gc,phases      ] GC(77) Weak Processing 1.004ms
[21.239s][debug  ][gc,ergo        ] GC(77) AdaptiveSizeStart:  collection: 78 
[21.240s][debug  ][gc,ergo        ] GC(77) avg_survived_padded_avg: 33295758.000000
[21.240s][debug  ][gc,ergo        ] GC(77) avg_promoted_padded_avg: 258855984.000000  avg_pretenured_padded_avg: 0.000000  tenuring_thresh: 5  target_size: 33554432
[21.240s][debug  ][gc,age         ] GC(77) Desired survivor size 33554432 bytes, new threshold 5 (max threshold 15)
[21.240s][debug  ][gc,ergo        ] GC(77) PSAdaptiveSizePolicy::compute_eden_space_size limits: desired_eden_size: 222965168 old_eden_size: 204472320 eden_limit: 204472320 cur_eden: 204472320 max_eden_size: 204472320 avg_young_live: 24704680
[21.240s][debug  ][gc,ergo        ] GC(77) PSAdaptiveSizePolicy::compute_eden_space_size: costs minor_time: 0.040656 major_cost: 0.049249 mutator_cost: 0.910095 throughput_goal: 0.990000
[21.240s][debug  ][gc,ergo        ] GC(77) Live_space: 973561216 free_space: 1423966208
[21.240s][debug  ][gc,ergo        ] GC(77) Old eden_size: 204472320 desired_eden_size: 204472320
[21.240s][debug  ][gc,ergo        ] GC(77) AdaptiveSizeStop: collection: 78 
[21.240s][info   ][gc,heap        ] GC(77) PSYoungGen: 198466K(230912K)->20480K(227840K) Eden: 198466K(199680K)->0K(196608K) From: 0K(31232K)->20480K(31232K)
[21.240s][info   ][gc,heap        ] GC(77) ParOldGen: 851556K(1835008K)->851556K(1835008K)
[21.240s][info   ][gc,metaspace   ] GC(77) Metaspace: 1023K(1216K)->1023K(1216K) NonClass: 939K(1024K)->939K(1024K) Class: 83K(192K)->83K(192K)
[21.240s][info   ][gc             ] GC(77) Pause Young (Allocation Failure) 1025M->851M(2014M) 6.665ms
[21.240s][info   ][gc,cpu         ] GC(77) User=0.00s Sys=0.02s Real=0.01s
[21.240s][debug  ][gc,heap        ] GC(77) Heap after GC invocations=78 (full 13):
[21.240s][debug  ][gc,heap        ] GC(77)  PSYoungGen      total 227840K, used 20480K [0x00000000f0000000, 0x0000000100000000, 0x0000000100000000)
[21.240s][debug  ][gc,heap        ] GC(77)   eden space 196608K, 0% used [0x00000000f0000000,0x00000000f0000000,0x00000000fc000000)
[21.240s][debug  ][gc,heap        ] GC(77)   from space 31232K, 65% used [0x00000000fe180000,0x00000000ff580020,0x0000000100000000)
[21.240s][debug  ][gc,heap        ] GC(77)   to   space 32768K, 0% used [0x00000000fc000000,0x00000000fc000000,0x00000000fe000000)
[21.240s][debug  ][gc,heap        ] GC(77)  ParOldGen       total 1835008K, used 851556K [0x0000000080000000, 0x00000000f0000000, 0x00000000f0000000)
[21.240s][debug  ][gc,heap        ] GC(77)   object space 1835008K, 46% used [0x0000000080000000,0x00000000b3f990b0,0x00000000f0000000)
[21.240s][debug  ][gc,heap        ] GC(77)  Metaspace       used 1023K, committed 1216K, reserved 1056768K
[21.240s][debug  ][gc,heap        ] GC(77)   class space    used 83K, committed 192K, reserved 1048576K
[21.240s][debug  ][gc,task,time   ] GC(77) VM-Thread 212327102 212376547 212401950
[21.536s][debug  ][gc,heap        ] GC(78) Heap before GC invocations=79 (full 13):
[21.536s][debug  ][gc,heap        ] GC(78)  PSYoungGen      total 227840K, used 208578K [0x00000000f0000000, 0x0000000100000000, 0x0000000100000000)
[21.536s][debug  ][gc,heap        ] GC(78)   eden space 196608K, 95% used [0x00000000f0000000,0x00000000fb7b08e8,0x00000000fc000000)
[21.537s][debug  ][gc,heap        ] GC(78)   from space 31232K, 65% used [0x00000000fe180000,0x00000000ff580020,0x0000000100000000)
[21.537s][debug  ][gc,heap        ] GC(78)   to   space 32768K, 0% used [0x00000000fc000000,0x00000000fc000000,0x00000000fe000000)
[21.537s][debug  ][gc,heap        ] GC(78)  ParOldGen       total 1835008K, used 851556K [0x0000000080000000, 0x00000000f0000000, 0x00000000f0000000)
[21.537s][debug  ][gc,heap        ] GC(78)   object space 1835008K, 46% used [0x0000000080000000,0x00000000b3f990b0,0x00000000f0000000)
[21.537s][debug  ][gc,heap        ] GC(78)  Metaspace       used 1023K, committed 1216K, reserved 1056768K
[21.537s][debug  ][gc,heap        ] GC(78)   class space    used 83K, committed 192K, reserved 1048576K
[21.537s][debug  ][gc,tlab        ] GC(78) TLAB totals: thrds: 1  refills: 1 max: 1 slow allocs: 17 max 17 waste: 27.0% gc: 3868616B max: 3868616B slow: 0B max: 0B
[21.537s][info   ][gc,start       ] GC(78) Pause Young (Allocation Failure)
[21.537s][debug  ][gc,phases,start] GC(78) Scavenge
[21.551s][debug  ][gc,phases      ] GC(78) Scavenge 14.195ms
[21.551s][debug  ][gc,phases,start] GC(78) Reference Processing
[21.551s][debug  ][gc,ref         ] GC(78) Skipped phase 1 of Reference Processing: no references
[21.551s][debug  ][gc,ref         ] GC(78) Skipped phase 2 of Reference Processing: no references
[21.551s][debug  ][gc,ref         ] GC(78) Skipped phase 3 of Reference Processing: no references
[21.551s][debug  ][gc,ref         ] GC(78) Skipped phase 4 of Reference Processing: no references
[21.551s][debug  ][gc,phases,ref  ] GC(78) Reference Processing: 0.1ms
[21.551s][debug  ][gc,phases,ref  ] GC(78)   Reconsider SoftReferences: 0.0ms
[21.551s][debug  ][gc,phases,ref  ] GC(78)     SoftRef (ms):                  skipped
[21.551s][debug  ][gc,phases,ref  ] GC(78)   Notify Soft/WeakReferences: 0.0ms
[21.551s][debug  ][gc,phases,ref  ] GC(78)     SoftRef (ms):                  skipped
[21.551s][debug  ][gc,phases,ref  ] GC(78)     WeakRef (ms):                  skipped
[21.551s][debug  ][gc,phases,ref  ] GC(78)     FinalRef (ms):                 skipped
[21.551s][debug  ][gc,phases,ref  ] GC(78)     Total (ms):                    skipped
[21.551s][debug  ][gc,phases,ref  ] GC(78)   Notify and keep alive finalizable: 0.0ms
[21.551s][debug  ][gc,phases,ref  ] GC(78)     FinalRef (ms):                 skipped
[21.552s][debug  ][gc,phases,ref  ] GC(78)   Notify PhantomReferences: 0.0ms
[21.552s][debug  ][gc,phases,ref  ] GC(78)     PhantomRef (ms):               skipped
[21.552s][debug  ][gc,phases,ref  ] GC(78)   SoftReference:
[21.552s][debug  ][gc,phases,ref  ] GC(78)     Discovered: 0
[21.552s][debug  ][gc,phases,ref  ] GC(78)     Cleared: 0
[21.552s][debug  ][gc,phases,ref  ] GC(78)   WeakReference:
[21.552s][debug  ][gc,phases,ref  ] GC(78)     Discovered: 0
[21.552s][debug  ][gc,phases,ref  ] GC(78)     Cleared: 0
[21.552s][debug  ][gc,phases,ref  ] GC(78)   FinalReference:
[21.552s][debug  ][gc,phases,ref  ] GC(78)     Discovered: 0
[21.552s][debug  ][gc,phases,ref  ] GC(78)     Cleared: 0
[21.552s][debug  ][gc,phases,ref  ] GC(78)   PhantomReference:
[21.552s][debug  ][gc,phases,ref  ] GC(78)     Discovered: 0
[21.552s][debug  ][gc,phases,ref  ] GC(78)     Cleared: 0
[21.552s][debug  ][gc,phases      ] GC(78) Reference Processing 0.768ms
[21.552s][debug  ][gc,phases,start] GC(78) Weak Processing
[21.552s][debug  ][gc,phases      ] GC(78)   VM Weak                        Min:  0.0, Avg:  0.0, Max:  0.0, Diff:  0.0, Sum:  0.0, Workers: 6
[21.552s][debug  ][gc,phases      ] GC(78)     Dead                           Min: 0, Avg:  0.0, Max: 0, Diff: 0, Sum: 0, Workers: 6
[21.552s][debug  ][gc,phases      ] GC(78)     Total                          Min: 0, Avg:  1.3, Max: 8, Diff: 8, Sum: 8, Workers: 6
[21.552s][debug  ][gc,phases      ] GC(78)   ObjectSynchronizer Weak        Min:  0.0, Avg:  0.0, Max:  0.0, Diff:  0.0, Sum:  0.0, Workers: 6
[21.552s][debug  ][gc,phases      ] GC(78)     Dead                           Min: 0, Avg:  0.0, Max: 0, Diff: 0, Sum: 0, Workers: 6
[21.552s][debug  ][gc,phases      ] GC(78)     Total                          Min: 0, Avg:  0.5, Max: 3, Diff: 3, Sum: 3, Workers: 6
[21.552s][debug  ][gc,phases      ] GC(78)   JVMTI Tag Weak OopStorage      Min:  0.0, Avg:  0.0, Max:  0.0, Diff:  0.0, Sum:  0.0, Workers: 6
[21.552s][debug  ][gc,phases      ] GC(78)     Dead                           Min: 0, Avg:  0.0, Max: 0, Diff: 0, Sum: 0, Workers: 6
[21.552s][debug  ][gc,phases      ] GC(78)     Total                          Min: 0, Avg:  0.0, Max: 0, Diff: 0, Sum: 0, Workers: 6
[21.552s][debug  ][gc,phases      ] GC(78)   StringTable Weak               Min:  0.0, Avg:  0.0, Max:  0.0, Diff:  0.0, Sum:  0.0, Workers: 6
[21.552s][debug  ][gc,phases      ] GC(78)     Dead                           Min: 0, Avg:  0.0, Max: 0, Diff: 0, Sum: 0, Workers: 6
[21.552s][debug  ][gc,phases      ] GC(78)     Total                          Min: 767, Avg: 892.2, Max: 1152, Diff: 385, Sum: 5353, Workers: 6
[21.552s][debug  ][gc,phases      ] GC(78)   ResolvedMethodTable Weak       Min:  0.0, Avg:  0.0, Max:  0.0, Diff:  0.0, Sum:  0.0, Workers: 6
[21.552s][debug  ][gc,phases      ] GC(78)     Dead                           Min: 0, Avg:  0.0, Max: 0, Diff: 0, Sum: 0, Workers: 6
[21.552s][debug  ][gc,phases      ] GC(78)     Total                          Min: 0, Avg: 21.7, Max: 64, Diff: 64, Sum: 130, Workers: 6
[21.552s][debug  ][gc,phases      ] GC(78)   JNI Weak                       Min:  0.0, Avg:  0.0, Max:  0.0, Diff:  0.0, Sum:  0.0, Workers: 6
[21.552s][debug  ][gc,phases      ] GC(78)     Dead                           Min: 0, Avg:  0.0, Max: 0, Diff: 0, Sum: 0, Workers: 6
[21.552s][debug  ][gc,phases      ] GC(78)     Total                          Min: 0, Avg:  0.0, Max: 0, Diff: 0, Sum: 0, Workers: 6
[21.553s][debug  ][gc,phases      ] GC(78)   StringDedup Table Weak         Min:  0.0, Avg:  0.0, Max:  0.0, Diff:  0.0, Sum:  0.0, Workers: 6
[21.553s][debug  ][gc,phases      ] GC(78)     Dead                           Min: 0, Avg:  0.0, Max: 0, Diff: 0, Sum: 0, Workers: 6
[21.553s][debug  ][gc,phases      ] GC(78)     Total                          Min: 0, Avg:  0.0, Max: 0, Diff: 0, Sum: 0, Workers: 6
[21.553s][debug  ][gc,phases      ] GC(78)   StringDedup Requests0 Weak     Min:  0.0, Avg:  0.0, Max:  0.0, Diff:  0.0, Sum:  0.0, Workers: 6
[21.553s][debug  ][gc,phases      ] GC(78)     Dead                           Min: 0, Avg:  0.0, Max: 0, Diff: 0, Sum: 0, Workers: 6
[21.553s][debug  ][gc,phases      ] GC(78)     Total                          Min: 0, Avg:  0.0, Max: 0, Diff: 0, Sum: 0, Workers: 6
[21.553s][debug  ][gc,phases      ] GC(78)   StringDedup Requests1 Weak     Min:  0.0, Avg:  0.0, Max:  0.0, Diff:  0.0, Sum:  0.0, Workers: 6
[21.553s][debug  ][gc,phases      ] GC(78)     Dead                           Min: 0, Avg:  0.0, Max: 0, Diff: 0, Sum: 0, Workers: 6
[21.553s][debug  ][gc,phases      ] GC(78)     Total                          Min: 0, Avg:  0.0, Max: 0, Diff: 0, Sum: 0, Workers: 6
[21.553s][debug  ][gc,phases      ] GC(78)   Weak JFR Old Object Samples    Min:  0.0, Avg:  0.0, Max:  0.0, Diff:  0.0, Sum:  0.0, Workers: 6
[21.553s][debug  ][gc,phases      ] GC(78)     Dead                           Min: 0, Avg:  0.0, Max: 0, Diff: 0, Sum: 0, Workers: 6
[21.553s][debug  ][gc,phases      ] GC(78)     Total                          Min: 0, Avg:  0.0, Max: 0, Diff: 0, Sum: 0, Workers: 6
[21.553s][debug  ][gc,phases      ] GC(78) Weak Processing 0.911ms
[21.553s][debug  ][gc,ergo        ] GC(78) AdaptiveSizeStart:  collection: 79 
[21.553s][debug  ][gc,ergo        ] GC(78) avg_survived_padded_avg: 33394230.000000
[21.553s][debug  ][gc,ergo        ] GC(78) avg_promoted_padded_avg: 256493312.000000  avg_pretenured_padded_avg: 0.000000  tenuring_thresh: 6  target_size: 33554432
[21.553s][debug  ][gc,age         ] GC(78) Desired survivor size 33554432 bytes, new threshold 6 (max threshold 15)
[21.553s][debug  ][gc,ergo        ] GC(78) PSAdaptiveSizePolicy::compute_eden_space_size limits: desired_eden_size: 220203294 old_eden_size: 204472320 eden_limit: 202899456 cur_eden: 201326592 max_eden_size: 202899456 avg_young_live: 25379944
[21.553s][debug  ][gc,ergo        ] GC(78) PSAdaptiveSizePolicy::compute_eden_space_size: costs minor_time: 0.043253 major_cost: 0.049249 mutator_cost: 0.907498 throughput_goal: 0.990000
[21.553s][debug  ][gc,ergo        ] GC(78) Live_space: 974236416 free_space: 1423966208
[21.553s][debug  ][gc,ergo        ] GC(78) Old eden_size: 204472320 desired_eden_size: 202899456
[21.553s][debug  ][gc,ergo        ] GC(78) AdaptiveSizeStop: collection: 79 
[21.553s][info   ][gc,heap        ] GC(78) PSYoungGen: 208578K(227840K)->30720K(229376K) Eden: 188098K(196608K)->0K(196608K) From: 20480K(31232K)->30720K(32768K)
[21.553s][info   ][gc,heap        ] GC(78) ParOldGen: 851556K(1835008K)->1025636K(1835008K)
[21.553s][info   ][gc,metaspace   ] GC(78) Metaspace: 1023K(1216K)->1023K(1216K) NonClass: 939K(1024K)->939K(1024K) Class: 83K(192K)->83K(192K)
[21.553s][info   ][gc             ] GC(78) Pause Young (Allocation Failure) 1035M->1031M(2016M) 16.398ms
[21.553s][info   ][gc,cpu         ] GC(78) User=0.00s Sys=0.02s Real=0.02s
[21.553s][debug  ][gc,heap        ] GC(78) Heap after GC invocations=79 (full 13):
[21.553s][debug  ][gc,heap        ] GC(78)  PSYoungGen      total 229376K, used 30720K [0x00000000f0000000, 0x0000000100000000, 0x0000000100000000)
[21.553s][debug  ][gc,heap        ] GC(78)   eden space 196608K, 0% used [0x00000000f0000000,0x00000000f0000000,0x00000000fc000000)
[21.553s][debug  ][gc,heap        ] GC(78)   from space 32768K, 93% used [0x00000000fc000000,0x00000000fde00030,0x00000000fe000000)
[21.553s][debug  ][gc,heap        ] GC(78)   to   space 32768K, 0% used [0x00000000fe000000,0x00000000fe000000,0x0000000100000000)
[21.553s][debug  ][gc,heap        ] GC(78)  ParOldGen       total 1835008K, used 1025636K [0x0000000080000000, 0x00000000f0000000, 0x00000000f0000000)
[21.553s][debug  ][gc,heap        ] GC(78)   object space 1835008K, 55% used [0x0000000080000000,0x00000000be9991c0,0x00000000f0000000)
[21.553s][debug  ][gc,heap        ] GC(78)  Metaspace       used 1023K, committed 1216K, reserved 1056768K
[21.553s][debug  ][gc,heap        ] GC(78)   class space    used 83K, committed 192K, reserved 1048576K
[21.553s][debug  ][gc,task,time   ] GC(78) VM-Thread 215363250 215511093 215534853
[21.838s][debug  ][gc,heap        ] GC(79) Heap before GC invocations=80 (full 13):
[21.839s][debug  ][gc,heap        ] GC(79)  PSYoungGen      total 229376K, used 218844K [0x00000000f0000000, 0x0000000100000000, 0x0000000100000000)
[21.839s][debug  ][gc,heap        ] GC(79)   eden space 196608K, 95% used [0x00000000f0000000,0x00000000fb7b7240,0x00000000fc000000)
[21.839s][debug  ][gc,heap        ] GC(79)   from space 32768K, 93% used [0x00000000fc000000,0x00000000fde00030,0x00000000fe000000)
[21.839s][debug  ][gc,heap        ] GC(79)   to   space 32768K, 0% used [0x00000000fe000000,0x00000000fe000000,0x0000000100000000)
[21.839s][debug  ][gc,heap        ] GC(79)  ParOldGen       total 1835008K, used 1025636K [0x0000000080000000, 0x00000000f0000000, 0x00000000f0000000)
[21.839s][debug  ][gc,heap        ] GC(79)   object space 1835008K, 55% used [0x0000000080000000,0x00000000be9991c0,0x00000000f0000000)
[21.839s][debug  ][gc,heap        ] GC(79)  Metaspace       used 1023K, committed 1216K, reserved 1056768K
[21.839s][debug  ][gc,heap        ] GC(79)   class space    used 83K, committed 192K, reserved 1048576K
[21.839s][debug  ][gc,tlab        ] GC(79) TLAB totals: thrds: 1  refills: 1 max: 1 slow allocs: 17 max 17 waste: 27.1% gc: 3895584B max: 3895584B slow: 0B max: 0B
[21.839s][info   ][gc,start       ] GC(79) Pause Young (Allocation Failure)
[21.839s][debug  ][gc,phases,start] GC(79) Scavenge
[21.854s][debug  ][gc,phases      ] GC(79) Scavenge 15.035ms
[21.854s][debug  ][gc,phases,start] GC(79) Reference Processing
[21.854s][debug  ][gc,ref         ] GC(79) Skipped phase 1 of Reference Processing: no references
[21.854s][debug  ][gc,ref         ] GC(79) Skipped phase 2 of Reference Processing: no references
[21.854s][debug  ][gc,ref         ] GC(79) Skipped phase 3 of Reference Processing: no references
[21.854s][debug  ][gc,ref         ] GC(79) Skipped phase 4 of Reference Processing: no references
[21.854s][debug  ][gc,phases,ref  ] GC(79) Reference Processing: 0.1ms
[21.854s][debug  ][gc,phases,ref  ] GC(79)   Reconsider SoftReferences: 0.0ms
[21.854s][debug  ][gc,phases,ref  ] GC(79)     SoftRef (ms):                  skipped
[21.854s][debug  ][gc,phases,ref  ] GC(79)   Notify Soft/WeakReferences: 0.0ms
[21.854s][debug  ][gc,phases,ref  ] GC(79)     SoftRef (ms):                  skipped
[21.854s][debug  ][gc,phases,ref  ] GC(79)     WeakRef (ms):                  skipped
[21.854s][debug  ][gc,phases,ref  ] GC(79)     FinalRef (ms):                 skipped
[21.854s][debug  ][gc,phases,ref  ] GC(79)     Total (ms):                    skipped
[21.854s][debug  ][gc,phases,ref  ] GC(79)   Notify and keep alive finalizable: 0.0ms
[21.854s][debug  ][gc,phases,ref  ] GC(79)     FinalRef (ms):                 skipped
[21.855s][debug  ][gc,phases,ref  ] GC(79)   Notify PhantomReferences: 0.0ms
[21.855s][debug  ][gc,phases,ref  ] GC(79)     PhantomRef (ms):               skipped
[21.855s][debug  ][gc,phases,ref  ] GC(79)   SoftReference:
[21.855s][debug  ][gc,phases,ref  ] GC(79)     Discovered: 0
[21.855s][debug  ][gc,phases,ref  ] GC(79)     Cleared: 0
[21.855s][debug  ][gc,phases,ref  ] GC(79)   WeakReference:
[21.855s][debug  ][gc,phases,ref  ] GC(79)     Discovered: 0
[21.855s][debug  ][gc,phases,ref  ] GC(79)     Cleared: 0
[21.855s][debug  ][gc,phases,ref  ] GC(79)   FinalReference:
[21.855s][debug  ][gc,phases,ref  ] GC(79)     Discovered: 0
[21.855s][debug  ][gc,phases,ref  ] GC(79)     Cleared: 0
[21.855s][debug  ][gc,phases,ref  ] GC(79)   PhantomReference:
[21.855s][debug  ][gc,phases,ref  ] GC(79)     Discovered: 0
[21.855s][debug  ][gc,phases,ref  ] GC(79)     Cleared: 0
[21.855s][debug  ][gc,phases      ] GC(79) Reference Processing 0.782ms
[21.855s][debug  ][gc,phases,start] GC(79) Weak Processing
[21.855s][debug  ][gc,phases      ] GC(79)   VM Weak                        Min:  0.0, Avg:  0.0, Max:  0.0, Diff:  0.0, Sum:  0.0, Workers: 6
[21.855s][debug  ][gc,phases      ] GC(79)     Dead                           Min: 0, Avg:  0.0, Max: 0, Diff: 0, Sum: 0, Workers: 6
[21.855s][debug  ][gc,phases      ] GC(79)     Total                          Min: 0, Avg:  1.3, Max: 8, Diff: 8, Sum: 8, Workers: 6
[21.855s][debug  ][gc,phases      ] GC(79)   ObjectSynchronizer Weak        Min:  0.0, Avg:  0.0, Max:  0.0, Diff:  0.0, Sum:  0.0, Workers: 6
[21.855s][debug  ][gc,phases      ] GC(79)     Dead                           Min: 0, Avg:  0.0, Max: 0, Diff: 0, Sum: 0, Workers: 6
[21.855s][debug  ][gc,phases      ] GC(79)     Total                          Min: 0, Avg:  0.5, Max: 3, Diff: 3, Sum: 3, Workers: 6
[21.855s][debug  ][gc,phases      ] GC(79)   JVMTI Tag Weak OopStorage      Min:  0.0, Avg:  0.0, Max:  0.0, Diff:  0.0, Sum:  0.0, Workers: 6
[21.855s][debug  ][gc,phases      ] GC(79)     Dead                           Min: 0, Avg:  0.0, Max: 0, Diff: 0, Sum: 0, Workers: 6
[21.855s][debug  ][gc,phases      ] GC(79)     Total                          Min: 0, Avg:  0.0, Max: 0, Diff: 0, Sum: 0, Workers: 6
[21.855s][debug  ][gc,phases      ] GC(79)   StringTable Weak               Min:  0.0, Avg:  0.0, Max:  0.0, Diff:  0.0, Sum:  0.0, Workers: 6
[21.855s][debug  ][gc,phases      ] GC(79)     Dead                           Min: 0, Avg:  0.0, Max: 0, Diff: 0, Sum: 0, Workers: 6
[21.855s][debug  ][gc,phases      ] GC(79)     Total                          Min: 703, Avg: 892.2, Max: 1066, Diff: 363, Sum: 5353, Workers: 6
[21.855s][debug  ][gc,phases      ] GC(79)   ResolvedMethodTable Weak       Min:  0.0, Avg:  0.0, Max:  0.0, Diff:  0.0, Sum:  0.0, Workers: 6
[21.855s][debug  ][gc,phases      ] GC(79)     Dead                           Min: 0, Avg:  0.0, Max: 0, Diff: 0, Sum: 0, Workers: 6
[21.855s][debug  ][gc,phases      ] GC(79)     Total                          Min: 0, Avg: 21.7, Max: 64, Diff: 64, Sum: 130, Workers: 6
[21.855s][debug  ][gc,phases      ] GC(79)   JNI Weak                       Min:  0.0, Avg:  0.0, Max:  0.0, Diff:  0.0, Sum:  0.0, Workers: 6
[21.855s][debug  ][gc,phases      ] GC(79)     Dead                           Min: 0, Avg:  0.0, Max: 0, Diff: 0, Sum: 0, Workers: 6
[21.855s][debug  ][gc,phases      ] GC(79)     Total                          Min: 0, Avg:  0.0, Max: 0, Diff: 0, Sum: 0, Workers: 6
[21.855s][debug  ][gc,phases      ] GC(79)   StringDedup Table Weak         Min:  0.0, Avg:  0.0, Max:  0.0, Diff:  0.0, Sum:  0.0, Workers: 6
[21.855s][debug  ][gc,phases      ] GC(79)     Dead                           Min: 0, Avg:  0.0, Max: 0, Diff: 0, Sum: 0, Workers: 6
[21.855s][debug  ][gc,phases      ] GC(79)     Total                          Min: 0, Avg:  0.0, Max: 0, Diff: 0, Sum: 0, Workers: 6
[21.856s][debug  ][gc,phases      ] GC(79)   StringDedup Requests0 Weak     Min:  0.0, Avg:  0.0, Max:  0.0, Diff:  0.0, Sum:  0.0, Workers: 6
[21.856s][debug  ][gc,phases      ] GC(79)     Dead                           Min: 0, Avg:  0.0, Max: 0, Diff: 0, Sum: 0, Workers: 6
[21.856s][debug  ][gc,phases      ] GC(79)     Total                          Min: 0, Avg:  0.0, Max: 0, Diff: 0, Sum: 0, Workers: 6
[21.856s][debug  ][gc,phases      ] GC(79)   StringDedup Requests1 Weak     Min:  0.0, Avg:  0.0, Max:  0.0, Diff:  0.0, Sum:  0.0, Workers: 6
[21.856s][debug  ][gc,phases      ] GC(79)     Dead                           Min: 0, Avg:  0.0, Max: 0, Diff: 0, Sum: 0, Workers: 6
[21.856s][debug  ][gc,phases      ] GC(79)     Total                          Min: 0, Avg:  0.0, Max: 0, Diff: 0, Sum: 0, Workers: 6
[21.856s][debug  ][gc,phases      ] GC(79)   Weak JFR Old Object Samples    Min:  0.0, Avg:  0.0, Max:  0.0, Diff:  0.0, Sum:  0.0, Workers: 6
[21.856s][debug  ][gc,phases      ] GC(79)     Dead                           Min: 0, Avg:  0.0, Max: 0, Diff: 0, Sum: 0, Workers: 6
[21.856s][debug  ][gc,phases      ] GC(79)     Total                          Min: 0, Avg:  0.0, Max: 0, Diff: 0, Sum: 0, Workers: 6
[21.856s][debug  ][gc,phases      ] GC(79) Weak Processing 0.848ms
[21.856s][debug  ][gc,ergo        ] GC(79) AdaptiveSizeStart:  collection: 80 
[21.856s][debug  ][gc,ergo        ] GC(79) avg_survived_padded_avg: 33454626.000000
[21.856s][debug  ][gc,ergo        ] GC(79) avg_promoted_padded_avg: 257676928.000000  avg_pretenured_padded_avg: 0.000000  tenuring_thresh: 6  target_size: 33554432
[21.856s][debug  ][gc,age         ] GC(79) Desired survivor size 33554432 bytes, new threshold 6 (max threshold 15)
[21.856s][debug  ][gc,ergo        ] GC(79) PSAdaptiveSizePolicy::compute_eden_space_size limits: desired_eden_size: 220891436 old_eden_size: 202899456 eden_limit: 201326592 cur_eden: 201326592 max_eden_size: 201326592 avg_young_live: 25987682
[21.856s][debug  ][gc,ergo        ] GC(79) PSAdaptiveSizePolicy::compute_eden_space_size: costs minor_time: 0.046313 major_cost: 0.049249 mutator_cost: 0.904438 throughput_goal: 0.990000
[21.856s][debug  ][gc,ergo        ] GC(79) Live_space: 974844160 free_space: 1422393344
[21.856s][debug  ][gc,ergo        ] GC(79) Old eden_size: 202899456 desired_eden_size: 201326592
[21.856s][debug  ][gc,ergo        ] GC(79) AdaptiveSizeStop: collection: 80 
[21.856s][info   ][gc,heap        ] GC(79) PSYoungGen: 218844K(229376K)->30720K(229376K) Eden: 188124K(196608K)->0K(196608K) From: 30720K(32768K)->30720K(32768K)
[21.856s][info   ][gc,heap        ] GC(79) ParOldGen: 1025636K(1835008K)->1209956K(1835008K)
[21.856s][info   ][gc,metaspace   ] GC(79) Metaspace: 1023K(1216K)->1023K(1216K) NonClass: 939K(1024K)->939K(1024K) Class: 83K(192K)->83K(192K)
[21.856s][info   ][gc             ] GC(79) Pause Young (Allocation Failure) 1215M->1211M(2016M) 17.200ms
[21.856s][info   ][gc,cpu         ] GC(79) User=0.16s Sys=0.00s Real=0.02s
[21.856s][debug  ][gc,heap        ] GC(79) Heap after GC invocations=80 (full 13):
[21.856s][debug  ][gc,heap        ] GC(79)  PSYoungGen      total 229376K, used 30720K [0x00000000f0000000, 0x0000000100000000, 0x0000000100000000)
[21.856s][debug  ][gc,heap        ] GC(79)   eden space 196608K, 0% used [0x00000000f0000000,0x00000000f0000000,0x00000000fc000000)
[21.856s][debug  ][gc,heap        ] GC(79)   from space 32768K, 93% used [0x00000000fe000000,0x00000000ffe00030,0x0000000100000000)
[21.856s][debug  ][gc,heap        ] GC(79)   to   space 32768K, 0% used [0x00000000fc000000,0x00000000fc000000,0x00000000fe000000)
[21.856s][debug  ][gc,heap        ] GC(79)  ParOldGen       total 1835008K, used 1209956K [0x0000000080000000, 0x00000000f0000000, 0x00000000f0000000)
[21.856s][debug  ][gc,heap        ] GC(79)   object space 1835008K, 65% used [0x0000000080000000,0x00000000c9d992e0,0x00000000f0000000)
[21.856s][debug  ][gc,heap        ] GC(79)  Metaspace       used 1023K, committed 1216K, reserved 1056768K
[21.856s][debug  ][gc,heap        ] GC(79)   class space    used 83K, committed 192K, reserved 1048576K
[21.856s][debug  ][gc,task,time   ] GC(79) VM-Thread 218383589 218540718 218563669
[22.140s][debug  ][gc,heap        ] GC(80) Heap before GC invocations=81 (full 13):
[22.141s][debug  ][gc,heap        ] GC(80)  PSYoungGen      total 229376K, used 218861K [0x00000000f0000000, 0x0000000100000000, 0x0000000100000000)
[22.141s][debug  ][gc,heap        ] GC(80)   eden space 196608K, 95% used [0x00000000f0000000,0x00000000fb7bb5f8,0x00000000fc000000)
[22.141s][debug  ][gc,heap        ] GC(80)   from space 32768K, 93% used [0x00000000fe000000,0x00000000ffe00030,0x0000000100000000)
[22.141s][debug  ][gc,heap        ] GC(80)   to   space 32768K, 0% used [0x00000000fc000000,0x00000000fc000000,0x00000000fe000000)
[22.141s][debug  ][gc,heap        ] GC(80)  ParOldGen       total 1835008K, used 1209956K [0x0000000080000000, 0x00000000f0000000, 0x00000000f0000000)
[22.141s][debug  ][gc,heap        ] GC(80)   object space 1835008K, 65% used [0x0000000080000000,0x00000000c9d992e0,0x00000000f0000000)
[22.141s][debug  ][gc,heap        ] GC(80)  Metaspace       used 1023K, committed 1216K, reserved 1056768K
[22.141s][debug  ][gc,heap        ] GC(80)   class space    used 83K, committed 192K, reserved 1048576K
[22.141s][debug  ][gc,tlab        ] GC(80) TLAB totals: thrds: 1  refills: 1 max: 1 slow allocs: 17 max 17 waste: 27.2% gc: 3912920B max: 3912920B slow: 0B max: 0B
[22.141s][info   ][gc,start       ] GC(80) Pause Young (Allocation Failure)
[22.141s][debug  ][gc,phases,start] GC(80) Scavenge
[22.156s][debug  ][gc,phases      ] GC(80) Scavenge 14.628ms
[22.156s][debug  ][gc,phases,start] GC(80) Reference Processing
[22.156s][debug  ][gc,ref         ] GC(80) Skipped phase 1 of Reference Processing: no references
[22.156s][debug  ][gc,ref         ] GC(80) Skipped phase 2 of Reference Processing: no references
[22.156s][debug  ][gc,ref         ] GC(80) Skipped phase 3 of Reference Processing: no references
[22.156s][debug  ][gc,ref         ] GC(80) Skipped phase 4 of Reference Processing: no references
[22.156s][debug  ][gc,phases,ref  ] GC(80) Reference Processing: 0.1ms
[22.156s][debug  ][gc,phases,ref  ] GC(80)   Reconsider SoftReferences: 0.0ms
[22.156s][debug  ][gc,phases,ref  ] GC(80)     SoftRef (ms):                  skipped
[22.156s][debug  ][gc,phases,ref  ] GC(80)   Notify Soft/WeakReferences: 0.0ms
[22.156s][debug  ][gc,phases,ref  ] GC(80)     SoftRef (ms):                  skipped
[22.156s][debug  ][gc,phases,ref  ] GC(80)     WeakRef (ms):                  skipped
[22.156s][debug  ][gc,phases,ref  ] GC(80)     FinalRef (ms):                 skipped
[22.156s][debug  ][gc,phases,ref  ] GC(80)     Total (ms):                    skipped
[22.156s][debug  ][gc,phases,ref  ] GC(80)   Notify and keep alive finalizable: 0.0ms
[22.156s][debug  ][gc,phases,ref  ] GC(80)     FinalRef (ms):                 skipped
[22.156s][debug  ][gc,phases,ref  ] GC(80)   Notify PhantomReferences: 0.0ms
[22.156s][debug  ][gc,phases,ref  ] GC(80)     PhantomRef (ms):               skipped
[22.156s][debug  ][gc,phases,ref  ] GC(80)   SoftReference:
[22.156s][debug  ][gc,phases,ref  ] GC(80)     Discovered: 0
[22.156s][debug  ][gc,phases,ref  ] GC(80)     Cleared: 0
[22.156s][debug  ][gc,phases,ref  ] GC(80)   WeakReference:
[22.156s][debug  ][gc,phases,ref  ] GC(80)     Discovered: 0
[22.156s][debug  ][gc,phases,ref  ] GC(80)     Cleared: 0
[22.156s][debug  ][gc,phases,ref  ] GC(80)   FinalReference:
[22.156s][debug  ][gc,phases,ref  ] GC(80)     Discovered: 0
[22.156s][debug  ][gc,phases,ref  ] GC(80)     Cleared: 0
[22.156s][debug  ][gc,phases,ref  ] GC(80)   PhantomReference:
[22.157s][debug  ][gc,phases,ref  ] GC(80)     Discovered: 0
[22.157s][debug  ][gc,phases,ref  ] GC(80)     Cleared: 0
[22.157s][debug  ][gc,phases      ] GC(80) Reference Processing 0.769ms
[22.157s][debug  ][gc,phases,start] GC(80) Weak Processing
[22.157s][debug  ][gc,phases      ] GC(80)   VM Weak                        Min:  0.0, Avg:  0.0, Max:  0.0, Diff:  0.0, Sum:  0.0, Workers: 6
[22.157s][debug  ][gc,phases      ] GC(80)     Dead                           Min: 0, Avg:  0.0, Max: 0, Diff: 0, Sum: 0, Workers: 6
[22.157s][debug  ][gc,phases      ] GC(80)     Total                          Min: 0, Avg:  1.3, Max: 8, Diff: 8, Sum: 8, Workers: 6
[22.157s][debug  ][gc,phases      ] GC(80)   ObjectSynchronizer Weak        Min:  0.0, Avg:  0.0, Max:  0.0, Diff:  0.0, Sum:  0.0, Workers: 6
[22.157s][debug  ][gc,phases      ] GC(80)     Dead                           Min: 0, Avg:  0.0, Max: 0, Diff: 0, Sum: 0, Workers: 6
[22.157s][debug  ][gc,phases      ] GC(80)     Total                          Min: 0, Avg:  0.5, Max: 3, Diff: 3, Sum: 3, Workers: 6
[22.157s][debug  ][gc,phases      ] GC(80)   JVMTI Tag Weak OopStorage      Min:  0.0, Avg:  0.0, Max:  0.0, Diff:  0.0, Sum:  0.0, Workers: 6
[22.157s][debug  ][gc,phases      ] GC(80)     Dead                           Min: 0, Avg:  0.0, Max: 0, Diff: 0, Sum: 0, Workers: 6
[22.157s][debug  ][gc,phases      ] GC(80)     Total                          Min: 0, Avg:  0.0, Max: 0, Diff: 0, Sum: 0, Workers: 6
[22.157s][debug  ][gc,phases      ] GC(80)   StringTable Weak               Min:  0.0, Avg:  0.0, Max:  0.0, Diff:  0.0, Sum:  0.0, Workers: 6
[22.157s][debug  ][gc,phases      ] GC(80)     Dead                           Min: 0, Avg:  0.0, Max: 0, Diff: 0, Sum: 0, Workers: 6
[22.157s][debug  ][gc,phases      ] GC(80)     Total                          Min: 745, Avg: 892.2, Max: 1152, Diff: 407, Sum: 5353, Workers: 6
[22.157s][debug  ][gc,phases      ] GC(80)   ResolvedMethodTable Weak       Min:  0.0, Avg:  0.0, Max:  0.0, Diff:  0.0, Sum:  0.0, Workers: 6
[22.157s][debug  ][gc,phases      ] GC(80)     Dead                           Min: 0, Avg:  0.0, Max: 0, Diff: 0, Sum: 0, Workers: 6
[22.157s][debug  ][gc,phases      ] GC(80)     Total                          Min: 0, Avg: 21.7, Max: 64, Diff: 64, Sum: 130, Workers: 6
[22.157s][debug  ][gc,phases      ] GC(80)   JNI Weak                       Min:  0.0, Avg:  0.0, Max:  0.0, Diff:  0.0, Sum:  0.0, Workers: 6
[22.157s][debug  ][gc,phases      ] GC(80)     Dead                           Min: 0, Avg:  0.0, Max: 0, Diff: 0, Sum: 0, Workers: 6
[22.157s][debug  ][gc,phases      ] GC(80)     Total                          Min: 0, Avg:  0.0, Max: 0, Diff: 0, Sum: 0, Workers: 6
[22.157s][debug  ][gc,phases      ] GC(80)   StringDedup Table Weak         Min:  0.0, Avg:  0.0, Max:  0.0, Diff:  0.0, Sum:  0.0, Workers: 6
[22.157s][debug  ][gc,phases      ] GC(80)     Dead                           Min: 0, Avg:  0.0, Max: 0, Diff: 0, Sum: 0, Workers: 6
[22.157s][debug  ][gc,phases      ] GC(80)     Total                          Min: 0, Avg:  0.0, Max: 0, Diff: 0, Sum: 0, Workers: 6
[22.157s][debug  ][gc,phases      ] GC(80)   StringDedup Requests0 Weak     Min:  0.0, Avg:  0.0, Max:  0.0, Diff:  0.0, Sum:  0.0, Workers: 6
[22.157s][debug  ][gc,phases      ] GC(80)     Dead                           Min: 0, Avg:  0.0, Max: 0, Diff: 0, Sum: 0, Workers: 6
[22.157s][debug  ][gc,phases      ] GC(80)     Total                          Min: 0, Avg:  0.0, Max: 0, Diff: 0, Sum: 0, Workers: 6
[22.157s][debug  ][gc,phases      ] GC(80)   StringDedup Requests1 Weak     Min:  0.0, Avg:  0.0, Max:  0.0, Diff:  0.0, Sum:  0.0, Workers: 6
[22.157s][debug  ][gc,phases      ] GC(80)     Dead                           Min: 0, Avg:  0.0, Max: 0, Diff: 0, Sum: 0, Workers: 6
[22.157s][debug  ][gc,phases      ] GC(80)     Total                          Min: 0, Avg:  0.0, Max: 0, Diff: 0, Sum: 0, Workers: 6
[22.157s][debug  ][gc,phases      ] GC(80)   Weak JFR Old Object Samples    Min:  0.0, Avg:  0.0, Max:  0.0, Diff:  0.0, Sum:  0.0, Workers: 6
[22.157s][debug  ][gc,phases      ] GC(80)     Dead                           Min: 0, Avg:  0.0, Max: 0, Diff: 0, Sum: 0, Workers: 6
[22.157s][debug  ][gc,phases      ] GC(80)     Total                          Min: 0, Avg:  0.0, Max: 0, Diff: 0, Sum: 0, Workers: 6
[22.157s][debug  ][gc,phases      ] GC(80) Weak Processing 0.818ms
[22.157s][debug  ][gc,ergo        ] GC(80) AdaptiveSizeStart:  collection: 81 
[22.157s][debug  ][gc,ergo        ] GC(80) avg_survived_padded_avg: 33483574.000000
[22.157s][debug  ][gc,ergo        ] GC(80) avg_promoted_padded_avg: 257946336.000000  avg_pretenured_padded_avg: 0.000000  tenuring_thresh: 6  target_size: 33554432
[22.158s][debug  ][gc,age         ] GC(80) Desired survivor size 33554432 bytes, new threshold 6 (max threshold 15)
[22.158s][debug  ][gc,ergo        ] GC(80) PSAdaptiveSizePolicy::compute_eden_space_size limits: desired_eden_size: 221311743 old_eden_size: 201326592 eden_limit: 201326592 cur_eden: 201326592 max_eden_size: 201326592 avg_young_live: 26534644
[22.158s][debug  ][gc,ergo        ] GC(80) PSAdaptiveSizePolicy::compute_eden_space_size: costs minor_time: 0.048283 major_cost: 0.049249 mutator_cost: 0.902468 throughput_goal: 0.990000
[22.158s][debug  ][gc,ergo        ] GC(80) Live_space: 975391168 free_space: 1420820480
[22.158s][debug  ][gc,ergo        ] GC(80) Old eden_size: 201326592 desired_eden_size: 201326592
[22.158s][debug  ][gc,ergo        ] GC(80) AdaptiveSizeStop: collection: 81 
[22.158s][info   ][gc,heap        ] GC(80) PSYoungGen: 218861K(229376K)->30720K(229376K) Eden: 188141K(196608K)->0K(196608K) From: 30720K(32768K)->30720K(32768K)
[22.158s][info   ][gc,heap        ] GC(80) ParOldGen: 1209956K(1835008K)->1394277K(1835008K)
[22.158s][info   ][gc,metaspace   ] GC(80) Metaspace: 1023K(1216K)->1023K(1216K) NonClass: 939K(1024K)->939K(1024K) Class: 83K(192K)->83K(192K)
[22.158s][info   ][gc             ] GC(80) Pause Young (Allocation Failure) 1395M->1391M(2016M) 16.738ms
[22.158s][info   ][gc,cpu         ] GC(80) User=0.16s Sys=0.00s Real=0.02s
[22.158s][debug  ][gc,heap        ] GC(80) Heap after GC invocations=81 (full 13):
[22.158s][debug  ][gc,heap        ] GC(80)  PSYoungGen      total 229376K, used 30720K [0x00000000f0000000, 0x0000000100000000, 0x0000000100000000)
[22.158s][debug  ][gc,heap        ] GC(80)   eden space 196608K, 0% used [0x00000000f0000000,0x00000000f0000000,0x00000000fc000000)
[22.158s][debug  ][gc,heap        ] GC(80)   from space 32768K, 93% used [0x00000000fc000000,0x00000000fde00030,0x00000000fe000000)
[22.158s][debug  ][gc,heap        ] GC(80)   to   space 32768K, 0% used [0x00000000fe000000,0x00000000fe000000,0x0000000100000000)
[22.158s][debug  ][gc,heap        ] GC(80)  ParOldGen       total 1835008K, used 1394277K [0x0000000080000000, 0x00000000f0000000, 0x00000000f0000000)
[22.158s][debug  ][gc,heap        ] GC(80)   object space 1835008K, 75% used [0x0000000080000000,0x00000000d5199400,0x00000000f0000000)
[22.158s][debug  ][gc,heap        ] GC(80)  Metaspace       used 1023K, committed 1216K, reserved 1056768K
[22.158s][debug  ][gc,heap        ] GC(80)   class space    used 83K, committed 192K, reserved 1048576K
[22.158s][debug  ][gc,task,time   ] GC(80) VM-Thread 221404728 221558021 221580448
[22.442s][debug  ][gc,heap        ] GC(81) Heap before GC invocations=82 (full 13):
[22.442s][debug  ][gc,heap        ] GC(81)  PSYoungGen      total 229376K, used 218872K [0x00000000f0000000, 0x0000000100000000, 0x0000000100000000)
[22.442s][debug  ][gc,heap        ] GC(81)   eden space 196608K, 95% used [0x00000000f0000000,0x00000000fb7be178,0x00000000fc000000)
[22.442s][debug  ][gc,heap        ] GC(81)   from space 32768K, 93% used [0x00000000fc000000,0x00000000fde00030,0x00000000fe000000)
[22.442s][debug  ][gc,heap        ] GC(81)   to   space 32768K, 0% used [0x00000000fe000000,0x00000000fe000000,0x0000000100000000)
[22.442s][debug  ][gc,heap        ] GC(81)  ParOldGen       total 1835008K, used 1394277K [0x0000000080000000, 0x00000000f0000000, 0x00000000f0000000)
[22.442s][debug  ][gc,heap        ] GC(81)   object space 1835008K, 75% used [0x0000000080000000,0x00000000d5199400,0x00000000f0000000)
[22.442s][debug  ][gc,heap        ] GC(81)  Metaspace       used 1023K, committed 1216K, reserved 1056768K
[22.442s][debug  ][gc,heap        ] GC(81)   class space    used 83K, committed 192K, reserved 1048576K
[22.442s][debug  ][gc,tlab        ] GC(81) TLAB totals: thrds: 1  refills: 1 max: 1 slow allocs: 17 max 17 waste: 27.2% gc: 3924056B max: 3924056B slow: 0B max: 0B
[22.442s][info   ][gc,start       ] GC(81) Pause Young (Allocation Failure)
[22.442s][debug  ][gc,phases,start] GC(81) Scavenge
[22.457s][debug  ][gc,phases      ] GC(81) Scavenge 14.352ms
[22.457s][debug  ][gc,phases,start] GC(81) Reference Processing
[22.457s][debug  ][gc,ref         ] GC(81) Skipped phase 1 of Reference Processing: no references
[22.457s][debug  ][gc,ref         ] GC(81) Skipped phase 2 of Reference Processing: no references
[22.457s][debug  ][gc,ref         ] GC(81) Skipped phase 3 of Reference Processing: no references
[22.457s][debug  ][gc,ref         ] GC(81) Skipped phase 4 of Reference Processing: no references
[22.457s][debug  ][gc,phases,ref  ] GC(81) Reference Processing: 0.1ms
[22.457s][debug  ][gc,phases,ref  ] GC(81)   Reconsider SoftReferences: 0.0ms
[22.457s][debug  ][gc,phases,ref  ] GC(81)     SoftRef (ms):                  skipped
[22.457s][debug  ][gc,phases,ref  ] GC(81)   Notify Soft/WeakReferences: 0.0ms
[22.457s][debug  ][gc,phases,ref  ] GC(81)     SoftRef (ms):                  skipped
[22.457s][debug  ][gc,phases,ref  ] GC(81)     WeakRef (ms):                  skipped
[22.457s][debug  ][gc,phases,ref  ] GC(81)     FinalRef (ms):                 skipped
[22.457s][debug  ][gc,phases,ref  ] GC(81)     Total (ms):                    skipped
[22.457s][debug  ][gc,phases,ref  ] GC(81)   Notify and keep alive finalizable: 0.0ms
[22.457s][debug  ][gc,phases,ref  ] GC(81)     FinalRef (ms):                 skipped
[22.457s][debug  ][gc,phases,ref  ] GC(81)   Notify PhantomReferences: 0.0ms
[22.457s][debug  ][gc,phases,ref  ] GC(81)     PhantomRef (ms):               skipped
[22.457s][debug  ][gc,phases,ref  ] GC(81)   SoftReference:
[22.457s][debug  ][gc,phases,ref  ] GC(81)     Discovered: 0
[22.457s][debug  ][gc,phases,ref  ] GC(81)     Cleared: 0
[22.457s][debug  ][gc,phases,ref  ] GC(81)   WeakReference:
[22.457s][debug  ][gc,phases,ref  ] GC(81)     Discovered: 0
[22.457s][debug  ][gc,phases,ref  ] GC(81)     Cleared: 0
[22.457s][debug  ][gc,phases,ref  ] GC(81)   FinalReference:
[22.457s][debug  ][gc,phases,ref  ] GC(81)     Discovered: 0
[22.457s][debug  ][gc,phases,ref  ] GC(81)     Cleared: 0
[22.457s][debug  ][gc,phases,ref  ] GC(81)   PhantomReference:
[22.457s][debug  ][gc,phases,ref  ] GC(81)     Discovered: 0
[22.457s][debug  ][gc,phases,ref  ] GC(81)     Cleared: 0
[22.457s][debug  ][gc,phases      ] GC(81) Reference Processing 0.646ms
[22.457s][debug  ][gc,phases,start] GC(81) Weak Processing
[22.457s][debug  ][gc,phases      ] GC(81)   VM Weak                        Min:  0.0, Avg:  0.0, Max:  0.0, Diff:  0.0, Sum:  0.0, Workers: 6
[22.458s][debug  ][gc,phases      ] GC(81)     Dead                           Min: 0, Avg:  0.0, Max: 0, Diff: 0, Sum: 0, Workers: 6
[22.458s][debug  ][gc,phases      ] GC(81)     Total                          Min: 0, Avg:  1.3, Max: 8, Diff: 8, Sum: 8, Workers: 6
[22.458s][debug  ][gc,phases      ] GC(81)   ObjectSynchronizer Weak        Min:  0.0, Avg:  0.0, Max:  0.0, Diff:  0.0, Sum:  0.0, Workers: 6
[22.458s][debug  ][gc,phases      ] GC(81)     Dead                           Min: 0, Avg:  0.0, Max: 0, Diff: 0, Sum: 0, Workers: 6
[22.458s][debug  ][gc,phases      ] GC(81)     Total                          Min: 0, Avg:  0.5, Max: 3, Diff: 3, Sum: 3, Workers: 6
[22.458s][debug  ][gc,phases      ] GC(81)   JVMTI Tag Weak OopStorage      Min:  0.0, Avg:  0.0, Max:  0.0, Diff:  0.0, Sum:  0.0, Workers: 6
[22.458s][debug  ][gc,phases      ] GC(81)     Dead                           Min: 0, Avg:  0.0, Max: 0, Diff: 0, Sum: 0, Workers: 6
[22.458s][debug  ][gc,phases      ] GC(81)     Total                          Min: 0, Avg:  0.0, Max: 0, Diff: 0, Sum: 0, Workers: 6
[22.458s][debug  ][gc,phases      ] GC(81)   StringTable Weak               Min:  0.0, Avg:  0.0, Max:  0.0, Diff:  0.0, Sum:  0.0, Workers: 6
[22.458s][debug  ][gc,phases      ] GC(81)     Dead                           Min: 0, Avg:  0.0, Max: 0, Diff: 0, Sum: 0, Workers: 6
[22.458s][debug  ][gc,phases      ] GC(81)     Total                          Min: 767, Avg: 892.2, Max: 1088, Diff: 321, Sum: 5353, Workers: 6
[22.458s][debug  ][gc,phases      ] GC(81)   ResolvedMethodTable Weak       Min:  0.0, Avg:  0.0, Max:  0.0, Diff:  0.0, Sum:  0.0, Workers: 6
[22.458s][debug  ][gc,phases      ] GC(81)     Dead                           Min: 0, Avg:  0.0, Max: 0, Diff: 0, Sum: 0, Workers: 6
[22.458s][debug  ][gc,phases      ] GC(81)     Total                          Min: 0, Avg: 21.7, Max: 64, Diff: 64, Sum: 130, Workers: 6
[22.458s][debug  ][gc,phases      ] GC(81)   JNI Weak                       Min:  0.0, Avg:  0.0, Max:  0.0, Diff:  0.0, Sum:  0.0, Workers: 6
[22.458s][debug  ][gc,phases      ] GC(81)     Dead                           Min: 0, Avg:  0.0, Max: 0, Diff: 0, Sum: 0, Workers: 6
[22.458s][debug  ][gc,phases      ] GC(81)     Total                          Min: 0, Avg:  0.0, Max: 0, Diff: 0, Sum: 0, Workers: 6
[22.458s][debug  ][gc,phases      ] GC(81)   StringDedup Table Weak         Min:  0.0, Avg:  0.0, Max:  0.0, Diff:  0.0, Sum:  0.0, Workers: 6
[22.458s][debug  ][gc,phases      ] GC(81)     Dead                           Min: 0, Avg:  0.0, Max: 0, Diff: 0, Sum: 0, Workers: 6
[22.458s][debug  ][gc,phases      ] GC(81)     Total                          Min: 0, Avg:  0.0, Max: 0, Diff: 0, Sum: 0, Workers: 6
[22.458s][debug  ][gc,phases      ] GC(81)   StringDedup Requests0 Weak     Min:  0.0, Avg:  0.0, Max:  0.0, Diff:  0.0, Sum:  0.0, Workers: 6
[22.458s][debug  ][gc,phases      ] GC(81)     Dead                           Min: 0, Avg:  0.0, Max: 0, Diff: 0, Sum: 0, Workers: 6
[22.458s][debug  ][gc,phases      ] GC(81)     Total                          Min: 0, Avg:  0.0, Max: 0, Diff: 0, Sum: 0, Workers: 6
[22.458s][debug  ][gc,phases      ] GC(81)   StringDedup Requests1 Weak     Min:  0.0, Avg:  0.0, Max:  0.0, Diff:  0.0, Sum:  0.0, Workers: 6
[22.458s][debug  ][gc,phases      ] GC(81)     Dead                           Min: 0, Avg:  0.0, Max: 0, Diff: 0, Sum: 0, Workers: 6
[22.458s][debug  ][gc,phases      ] GC(81)     Total                          Min: 0, Avg:  0.0, Max: 0, Diff: 0, Sum: 0, Workers: 6
[22.458s][debug  ][gc,phases      ] GC(81)   Weak JFR Old Object Samples    Min:  0.0, Avg:  0.0, Max:  0.0, Diff:  0.0, Sum:  0.0, Workers: 6
[22.458s][debug  ][gc,phases      ] GC(81)     Dead                           Min: 0, Avg:  0.0, Max: 0, Diff: 0, Sum: 0, Workers: 6
[22.458s][debug  ][gc,phases      ] GC(81)     Total                          Min: 0, Avg:  0.0, Max: 0, Diff: 0, Sum: 0, Workers: 6
[22.458s][debug  ][gc,phases      ] GC(81) Weak Processing 0.883ms
[22.458s][debug  ][gc,ergo        ] GC(81) AdaptiveSizeStart:  collection: 82 
[22.458s][debug  ][gc,ergo        ] GC(81) avg_survived_padded_avg: 33486760.000000
[22.458s][debug  ][gc,ergo        ] GC(81) avg_promoted_padded_avg: 257472544.000000  avg_pretenured_padded_avg: 0.000000  tenuring_thresh: 6  target_size: 33554432
[22.458s][debug  ][gc,age         ] GC(81) Desired survivor size 33554432 bytes, new threshold 6 (max threshold 15)
[22.458s][debug  ][gc,ergo        ] GC(81) PSAdaptiveSizePolicy::compute_eden_space_size limits: desired_eden_size: 221562184 old_eden_size: 201326592 eden_limit: 201326592 cur_eden: 201326592 max_eden_size: 201326592 avg_young_live: 27026912
[22.458s][debug  ][gc,ergo        ] GC(81) PSAdaptiveSizePolicy::compute_eden_space_size: costs minor_time: 0.049496 major_cost: 0.049249 mutator_cost: 0.901255 throughput_goal: 0.990000
[22.458s][debug  ][gc,ergo        ] GC(81) Live_space: 975883392 free_space: 1420820480
[22.459s][debug  ][gc,ergo        ] GC(81) Old eden_size: 201326592 desired_eden_size: 201326592
[22.459s][debug  ][gc,ergo        ] GC(81) AdaptiveSizeStop: collection: 82 
[22.459s][info   ][gc,heap        ] GC(81) PSYoungGen: 218872K(229376K)->30720K(229376K) Eden: 188152K(196608K)->0K(196608K) From: 30720K(32768K)->30720K(32768K)
[22.459s][info   ][gc,heap        ] GC(81) ParOldGen: 1394277K(1835008K)->1578597K(1835008K)
[22.459s][info   ][gc,metaspace   ] GC(81) Metaspace: 1023K(1216K)->1023K(1216K) NonClass: 939K(1024K)->939K(1024K) Class: 83K(192K)->83K(192K)
[22.459s][info   ][gc             ] GC(81) Pause Young (Allocation Failure) 1575M->1571M(2016M) 16.354ms
[22.459s][info   ][gc,cpu         ] GC(81) User=0.00s Sys=0.02s Real=0.02s
[22.459s][debug  ][gc,heap        ] GC(81) Heap after GC invocations=82 (full 13):
[22.459s][debug  ][gc,heap        ] GC(81)  PSYoungGen      total 229376K, used 30720K [0x00000000f0000000, 0x0000000100000000, 0x0000000100000000)
[22.459s][debug  ][gc,heap        ] GC(81)   eden space 196608K, 0% used [0x00000000f0000000,0x00000000f0000000,0x00000000fc000000)
[22.459s][debug  ][gc,heap        ] GC(81)   from space 32768K, 93% used [0x00000000fe000000,0x00000000ffe00030,0x0000000100000000)
[22.459s][debug  ][gc,heap        ] GC(81)   to   space 32768K, 0% used [0x00000000fc000000,0x00000000fc000000,0x00000000fe000000)
[22.459s][debug  ][gc,heap        ] GC(81)  ParOldGen       total 1835008K, used 1578597K [0x0000000080000000, 0x00000000f0000000, 0x00000000f0000000)
[22.459s][debug  ][gc,heap        ] GC(81)   object space 1835008K, 86% used [0x0000000080000000,0x00000000e0599520,0x00000000f0000000)
[22.459s][debug  ][gc,heap        ] GC(81)  Metaspace       used 1023K, committed 1216K, reserved 1056768K
[22.459s][debug  ][gc,heap        ] GC(81)   class space    used 83K, committed 192K, reserved 1048576K
[22.459s][debug  ][gc,task,time   ] GC(81) VM-Thread 224419706 224567768 224589588
[22.744s][debug  ][gc,heap        ] GC(82) Heap before GC invocations=83 (full 13):
[22.744s][debug  ][gc,heap        ] GC(82)  PSYoungGen      total 229376K, used 218879K [0x00000000f0000000, 0x0000000100000000, 0x0000000100000000)
[22.744s][debug  ][gc,heap        ] GC(82)   eden space 196608K, 95% used [0x00000000f0000000,0x00000000fb7bfd70,0x00000000fc000000)
[22.744s][debug  ][gc,heap        ] GC(82)   from space 32768K, 93% used [0x00000000fe000000,0x00000000ffe00030,0x0000000100000000)
[22.744s][debug  ][gc,heap        ] GC(82)   to   space 32768K, 0% used [0x00000000fc000000,0x00000000fc000000,0x00000000fe000000)
[22.744s][debug  ][gc,heap        ] GC(82)  ParOldGen       total 1835008K, used 1578597K [0x0000000080000000, 0x00000000f0000000, 0x00000000f0000000)
[22.744s][debug  ][gc,heap        ] GC(82)   object space 1835008K, 86% used [0x0000000080000000,0x00000000e0599520,0x00000000f0000000)
[22.744s][debug  ][gc,heap        ] GC(82)  Metaspace       used 1023K, committed 1216K, reserved 1056768K
[22.744s][debug  ][gc,heap        ] GC(82)   class space    used 83K, committed 192K, reserved 1048576K
[22.744s][debug  ][gc,tlab        ] GC(82) TLAB totals: thrds: 1  refills: 1 max: 1 slow allocs: 17 max 17 waste: 27.3% gc: 3931216B max: 3931216B slow: 0B max: 0B
[22.744s][info   ][gc,start       ] GC(82) Pause Young (Allocation Failure)
[22.744s][debug  ][gc,phases,start] GC(82) Scavenge
[22.760s][debug  ][gc,phases      ] GC(82) Scavenge 16.306ms
[22.761s][debug  ][gc,phases,start] GC(82) Reference Processing
[22.761s][debug  ][gc,ref         ] GC(82) Skipped phase 1 of Reference Processing: no references
[22.761s][debug  ][gc,ref         ] GC(82) Skipped phase 2 of Reference Processing: no references
[22.761s][debug  ][gc,ref         ] GC(82) Skipped phase 3 of Reference Processing: no references
[22.761s][debug  ][gc,ref         ] GC(82) Skipped phase 4 of Reference Processing: no references
[22.761s][debug  ][gc,phases,ref  ] GC(82) Reference Processing: 0.1ms
[22.761s][debug  ][gc,phases,ref  ] GC(82)   Reconsider SoftReferences: 0.0ms
[22.761s][debug  ][gc,phases,ref  ] GC(82)     SoftRef (ms):                  skipped
[22.761s][debug  ][gc,phases,ref  ] GC(82)   Notify Soft/WeakReferences: 0.0ms
[22.761s][debug  ][gc,phases,ref  ] GC(82)     SoftRef (ms):                  skipped
[22.761s][debug  ][gc,phases,ref  ] GC(82)     WeakRef (ms):                  skipped
[22.761s][debug  ][gc,phases,ref  ] GC(82)     FinalRef (ms):                 skipped
[22.761s][debug  ][gc,phases,ref  ] GC(82)     Total (ms):                    skipped
[22.761s][debug  ][gc,phases,ref  ] GC(82)   Notify and keep alive finalizable: 0.0ms
[22.761s][debug  ][gc,phases,ref  ] GC(82)     FinalRef (ms):                 skipped
[22.761s][debug  ][gc,phases,ref  ] GC(82)   Notify PhantomReferences: 0.0ms
[22.761s][debug  ][gc,phases,ref  ] GC(82)     PhantomRef (ms):               skipped
[22.761s][debug  ][gc,phases,ref  ] GC(82)   SoftReference:
[22.761s][debug  ][gc,phases,ref  ] GC(82)     Discovered: 0
[22.761s][debug  ][gc,phases,ref  ] GC(82)     Cleared: 0
[22.761s][debug  ][gc,phases,ref  ] GC(82)   WeakReference:
[22.761s][debug  ][gc,phases,ref  ] GC(82)     Discovered: 0
[22.761s][debug  ][gc,phases,ref  ] GC(82)     Cleared: 0
[22.761s][debug  ][gc,phases,ref  ] GC(82)   FinalReference:
[22.761s][debug  ][gc,phases,ref  ] GC(82)     Discovered: 0
[22.761s][debug  ][gc,phases,ref  ] GC(82)     Cleared: 0
[22.761s][debug  ][gc,phases,ref  ] GC(82)   PhantomReference:
[22.761s][debug  ][gc,phases,ref  ] GC(82)     Discovered: 0
[22.761s][debug  ][gc,phases,ref  ] GC(82)     Cleared: 0
[22.761s][debug  ][gc,phases      ] GC(82) Reference Processing 0.694ms
[22.761s][debug  ][gc,phases,start] GC(82) Weak Processing
[22.761s][debug  ][gc,phases      ] GC(82)   VM Weak                        Min:  0.0, Avg:  0.0, Max:  0.0, Diff:  0.0, Sum:  0.0, Workers: 6
[22.761s][debug  ][gc,phases      ] GC(82)     Dead                           Min: 0, Avg:  0.0, Max: 0, Diff: 0, Sum: 0, Workers: 6
[22.761s][debug  ][gc,phases      ] GC(82)     Total                          Min: 0, Avg:  1.3, Max: 8, Diff: 8, Sum: 8, Workers: 6
[22.761s][debug  ][gc,phases      ] GC(82)   ObjectSynchronizer Weak        Min:  0.0, Avg:  0.0, Max:  0.0, Diff:  0.0, Sum:  0.0, Workers: 6
[22.761s][debug  ][gc,phases      ] GC(82)     Dead                           Min: 0, Avg:  0.0, Max: 0, Diff: 0, Sum: 0, Workers: 6
[22.761s][debug  ][gc,phases      ] GC(82)     Total                          Min: 0, Avg:  0.5, Max: 3, Diff: 3, Sum: 3, Workers: 6
[22.761s][debug  ][gc,phases      ] GC(82)   JVMTI Tag Weak OopStorage      Min:  0.0, Avg:  0.0, Max:  0.0, Diff:  0.0, Sum:  0.0, Workers: 6
[22.761s][debug  ][gc,phases      ] GC(82)     Dead                           Min: 0, Avg:  0.0, Max: 0, Diff: 0, Sum: 0, Workers: 6
[22.761s][debug  ][gc,phases      ] GC(82)     Total                          Min: 0, Avg:  0.0, Max: 0, Diff: 0, Sum: 0, Workers: 6
[22.761s][debug  ][gc,phases      ] GC(82)   StringTable Weak               Min:  0.0, Avg:  0.0, Max:  0.0, Diff:  0.0, Sum:  0.0, Workers: 6
[22.762s][debug  ][gc,phases      ] GC(82)     Dead                           Min: 0, Avg:  0.0, Max: 0, Diff: 0, Sum: 0, Workers: 6
[22.762s][debug  ][gc,phases      ] GC(82)     Total                          Min: 768, Avg: 892.2, Max: 1087, Diff: 319, Sum: 5353, Workers: 6
[22.762s][debug  ][gc,phases      ] GC(82)   ResolvedMethodTable Weak       Min:  0.0, Avg:  0.0, Max:  0.0, Diff:  0.0, Sum:  0.0, Workers: 6
[22.762s][debug  ][gc,phases      ] GC(82)     Dead                           Min: 0, Avg:  0.0, Max: 0, Diff: 0, Sum: 0, Workers: 6
[22.762s][debug  ][gc,phases      ] GC(82)     Total                          Min: 0, Avg: 21.7, Max: 64, Diff: 64, Sum: 130, Workers: 6
[22.762s][debug  ][gc,phases      ] GC(82)   JNI Weak                       Min:  0.0, Avg:  0.0, Max:  0.0, Diff:  0.0, Sum:  0.0, Workers: 6
[22.762s][debug  ][gc,phases      ] GC(82)     Dead                           Min: 0, Avg:  0.0, Max: 0, Diff: 0, Sum: 0, Workers: 6
[22.762s][debug  ][gc,phases      ] GC(82)     Total                          Min: 0, Avg:  0.0, Max: 0, Diff: 0, Sum: 0, Workers: 6
[22.762s][debug  ][gc,phases      ] GC(82)   StringDedup Table Weak         Min:  0.0, Avg:  0.0, Max:  0.0, Diff:  0.0, Sum:  0.0, Workers: 6
[22.762s][debug  ][gc,phases      ] GC(82)     Dead                           Min: 0, Avg:  0.0, Max: 0, Diff: 0, Sum: 0, Workers: 6
[22.762s][debug  ][gc,phases      ] GC(82)     Total                          Min: 0, Avg:  0.0, Max: 0, Diff: 0, Sum: 0, Workers: 6
[22.762s][debug  ][gc,phases      ] GC(82)   StringDedup Requests0 Weak     Min:  0.0, Avg:  0.0, Max:  0.0, Diff:  0.0, Sum:  0.0, Workers: 6
[22.762s][debug  ][gc,phases      ] GC(82)     Dead                           Min: 0, Avg:  0.0, Max: 0, Diff: 0, Sum: 0, Workers: 6
[22.762s][debug  ][gc,phases      ] GC(82)     Total                          Min: 0, Avg:  0.0, Max: 0, Diff: 0, Sum: 0, Workers: 6
[22.762s][debug  ][gc,phases      ] GC(82)   StringDedup Requests1 Weak     Min:  0.0, Avg:  0.0, Max:  0.0, Diff:  0.0, Sum:  0.0, Workers: 6
[22.762s][debug  ][gc,phases      ] GC(82)     Dead                           Min: 0, Avg:  0.0, Max: 0, Diff: 0, Sum: 0, Workers: 6
[22.762s][debug  ][gc,phases      ] GC(82)     Total                          Min: 0, Avg:  0.0, Max: 0, Diff: 0, Sum: 0, Workers: 6
[22.762s][debug  ][gc,phases      ] GC(82)   Weak JFR Old Object Samples    Min:  0.0, Avg:  0.0, Max:  0.0, Diff:  0.0, Sum:  0.0, Workers: 6
[22.762s][debug  ][gc,phases      ] GC(82)     Dead                           Min: 0, Avg:  0.0, Max: 0, Diff: 0, Sum: 0, Workers: 6
[22.762s][debug  ][gc,phases      ] GC(82)     Total                          Min: 0, Avg:  0.0, Max: 0, Diff: 0, Sum: 0, Workers: 6
[22.762s][debug  ][gc,phases      ] GC(82) Weak Processing 0.768ms
[22.762s][debug  ][gc,ergo        ] GC(82) AdaptiveSizeStart:  collection: 83 
[22.762s][debug  ][gc,ergo        ] GC(82) avg_survived_padded_avg: 33469044.000000
[22.762s][debug  ][gc,ergo        ] GC(82) avg_promoted_padded_avg: 256401472.000000  avg_pretenured_padded_avg: 0.000000  tenuring_thresh: 6  target_size: 33554432
[22.762s][debug  ][gc,age         ] GC(82) Desired survivor size 33554432 bytes, new threshold 6 (max threshold 15)
[22.762s][debug  ][gc,ergo        ] GC(82) PSAdaptiveSizePolicy::compute_eden_space_size limits: desired_eden_size: 222033516 old_eden_size: 201326592 eden_limit: 201326592 cur_eden: 201326592 max_eden_size: 201326592 avg_young_live: 27469954
[22.762s][debug  ][gc,ergo        ] GC(82) PSAdaptiveSizePolicy::compute_eden_space_size: costs minor_time: 0.051863 major_cost: 0.049249 mutator_cost: 0.898888 throughput_goal: 0.990000
[22.762s][debug  ][gc,ergo        ] GC(82) Live_space: 976326464 free_space: 1420820480
[22.762s][debug  ][gc,ergo        ] GC(82) Old eden_size: 201326592 desired_eden_size: 201326592
[22.762s][debug  ][gc,ergo        ] GC(82) AdaptiveSizeStop: collection: 83 
[22.762s][info   ][gc,heap        ] GC(82) PSYoungGen: 218879K(229376K)->30720K(229376K) Eden: 188159K(196608K)->0K(196608K) From: 30720K(32768K)->30720K(32768K)
[22.762s][info   ][gc,heap        ] GC(82) ParOldGen: 1578597K(1835008K)->1762917K(1835008K)
[22.762s][info   ][gc,metaspace   ] GC(82) Metaspace: 1023K(1216K)->1023K(1216K) NonClass: 939K(1024K)->939K(1024K) Class: 83K(192K)->83K(192K)
[22.762s][info   ][gc             ] GC(82) Pause Young (Allocation Failure) 1755M->1751M(2016M) 18.274ms
[22.762s][info   ][gc,cpu         ] GC(82) User=0.12s Sys=0.03s Real=0.02s
[22.762s][debug  ][gc,heap        ] GC(82) Heap after GC invocations=83 (full 13):
[22.762s][debug  ][gc,heap        ] GC(82)  PSYoungGen      total 229376K, used 30720K [0x00000000f0000000, 0x0000000100000000, 0x0000000100000000)
[22.762s][debug  ][gc,heap        ] GC(82)   eden space 196608K, 0% used [0x00000000f0000000,0x00000000f0000000,0x00000000fc000000)
[22.763s][debug  ][gc,heap        ] GC(82)   from space 32768K, 93% used [0x00000000fc000000,0x00000000fde00030,0x00000000fe000000)
[22.763s][debug  ][gc,heap        ] GC(82)   to   space 32768K, 0% used [0x00000000fe000000,0x00000000fe000000,0x0000000100000000)
[22.763s][debug  ][gc,heap        ] GC(82)  ParOldGen       total 1835008K, used 1762917K [0x0000000080000000, 0x00000000f0000000, 0x00000000f0000000)
[22.763s][debug  ][gc,heap        ] GC(82)   object space 1835008K, 96% used [0x0000000080000000,0x00000000eb999640,0x00000000f0000000)
[22.763s][debug  ][gc,heap        ] GC(82)  Metaspace       used 1023K, committed 1216K, reserved 1056768K
[22.763s][debug  ][gc,heap        ] GC(82)   class space    used 83K, committed 192K, reserved 1048576K
[22.763s][debug  ][gc,task,time   ] GC(82) VM-Thread 227436233 227605075 227626476
[22.763s][debug  ][gc,phases,start] GC(83) Pre Compact
[22.763s][debug  ][gc,heap        ] GC(83) Heap before GC invocations=84 (full 14):
[22.763s][debug  ][gc,heap        ] GC(83)  PSYoungGen      total 229376K, used 30720K [0x00000000f0000000, 0x0000000100000000, 0x0000000100000000)
[22.763s][debug  ][gc,heap        ] GC(83)   eden space 196608K, 0% used [0x00000000f0000000,0x00000000f0000000,0x00000000fc000000)
[22.763s][debug  ][gc,heap        ] GC(83)   from space 32768K, 93% used [0x00000000fc000000,0x00000000fde00030,0x00000000fe000000)
[22.763s][debug  ][gc,heap        ] GC(83)   to   space 32768K, 0% used [0x00000000fe000000,0x00000000fe000000,0x0000000100000000)
[22.763s][debug  ][gc,heap        ] GC(83)  ParOldGen       total 1835008K, used 1762917K [0x0000000080000000, 0x00000000f0000000, 0x00000000f0000000)
[22.763s][debug  ][gc,heap        ] GC(83)   object space 1835008K, 96% used [0x0000000080000000,0x00000000eb999640,0x00000000f0000000)
[22.763s][debug  ][gc,heap        ] GC(83)  Metaspace       used 1023K, committed 1216K, reserved 1056768K
[22.763s][debug  ][gc,heap        ] GC(83)   class space    used 83K, committed 192K, reserved 1048576K
[22.763s][debug  ][gc,phases      ] GC(83) Pre Compact 0.222ms
[22.763s][info   ][gc,start       ] GC(83) Pause Full (Ergonomics)
[22.763s][info   ][gc,phases,start] GC(83) Marking Phase
[22.763s][debug  ][gc,phases,start] GC(83) Par Mark
[22.764s][debug  ][gc,phases      ] GC(83) Par Mark 0.522ms
[22.764s][debug  ][gc,phases,start] GC(83) Reference Processing
[22.764s][debug  ][gc,ref         ] GC(83) Skipped phase 1 of Reference Processing: no references
[22.764s][debug  ][gc,ref         ] GC(83) ReferenceProcessor::execute queues: 1, RefProcThreadModel::Single, marks_oops_alive: false
[22.764s][debug  ][gc,ref         ] GC(83) Skipped phase 3 of Reference Processing: no references
[22.764s][debug  ][gc,ref         ] GC(83) ReferenceProcessor::execute queues: 1, RefProcThreadModel::Single, marks_oops_alive: false
[22.764s][debug  ][gc,phases,ref  ] GC(83) Reference Processing: 0.1ms
[22.764s][debug  ][gc,phases,ref  ] GC(83)   Reconsider SoftReferences: 0.0ms
[22.764s][debug  ][gc,phases,ref  ] GC(83)     SoftRef (ms):                  skipped
[22.764s][debug  ][gc,phases,ref  ] GC(83)   Notify Soft/WeakReferences: 0.0ms
[22.764s][debug  ][gc,phases,ref  ] GC(83)     SoftRef (ms):                  Min:  0.0, Avg:  0.0, Max:  0.0, Diff:  0.0, Sum:  0.0, Workers: 10
[22.764s][debug  ][gc,phases,ref  ] GC(83)     WeakRef (ms):                  Min:  0.0, Avg:  0.0, Max:  0.0, Diff:  0.0, Sum:  0.0, Workers: 10
[22.764s][debug  ][gc,phases,ref  ] GC(83)     FinalRef (ms):                 Min:  0.0, Avg:  0.0, Max:  0.0, Diff:  0.0, Sum:  0.0, Workers: 10
[22.764s][debug  ][gc,phases,ref  ] GC(83)     Total (ms):                    Min:  0.0, Avg:  0.0, Max:  0.0, Diff:  0.0, Sum:  0.0, Workers: 10
[22.764s][debug  ][gc,phases,ref  ] GC(83)   Notify and keep alive finalizable: 0.0ms
[22.764s][debug  ][gc,phases,ref  ] GC(83)     FinalRef (ms):                 skipped
[22.764s][debug  ][gc,phases,ref  ] GC(83)   Notify PhantomReferences: 0.0ms
[22.764s][debug  ][gc,phases,ref  ] GC(83)     PhantomRef (ms):               Min:  0.0, Avg:  0.0, Max:  0.0, Diff:  0.0, Sum:  0.0, Workers: 10
[22.764s][debug  ][gc,phases,ref  ] GC(83)   SoftReference:
[22.764s][debug  ][gc,phases,ref  ] GC(83)     Discovered: 0
[22.764s][debug  ][gc,phases,ref  ] GC(83)     Cleared: 0
[22.764s][debug  ][gc,phases,ref  ] GC(83)   WeakReference:
[22.764s][debug  ][gc,phases,ref  ] GC(83)     Discovered: 59
[22.764s][debug  ][gc,phases,ref  ] GC(83)     Cleared: 59
[22.764s][debug  ][gc,phases,ref  ] GC(83)   FinalReference:
[22.764s][debug  ][gc,phases,ref  ] GC(83)     Discovered: 0
[22.764s][debug  ][gc,phases,ref  ] GC(83)     Cleared: 0
[22.764s][debug  ][gc,phases,ref  ] GC(83)   PhantomReference:
[22.764s][debug  ][gc,phases,ref  ] GC(83)     Discovered: 3
[22.764s][debug  ][gc,phases,ref  ] GC(83)     Cleared: 3
[22.764s][debug  ][gc,phases      ] GC(83) Reference Processing 0.833ms
[22.764s][debug  ][gc,phases,start] GC(83) Weak Processing
[22.764s][debug  ][gc,phases      ] GC(83)   VM Weak                        Min:  0.0, Avg:  0.0, Max:  0.0, Diff:  0.0, Sum:  0.0, Workers: 6
[22.764s][debug  ][gc,phases      ] GC(83)     Dead                           Min: 0, Avg:  0.0, Max: 0, Diff: 0, Sum: 0, Workers: 6
[22.765s][debug  ][gc,phases      ] GC(83)     Total                          Min: 0, Avg:  1.3, Max: 8, Diff: 8, Sum: 8, Workers: 6
[22.765s][debug  ][gc,phases      ] GC(83)   ObjectSynchronizer Weak        Min:  0.0, Avg:  0.0, Max:  0.0, Diff:  0.0, Sum:  0.0, Workers: 6
[22.765s][debug  ][gc,phases      ] GC(83)     Dead                           Min: 0, Avg:  0.0, Max: 0, Diff: 0, Sum: 0, Workers: 6
[22.765s][debug  ][gc,phases      ] GC(83)     Total                          Min: 0, Avg:  0.5, Max: 3, Diff: 3, Sum: 3, Workers: 6
[22.765s][debug  ][gc,phases      ] GC(83)   JVMTI Tag Weak OopStorage      Min:  0.0, Avg:  0.0, Max:  0.0, Diff:  0.0, Sum:  0.0, Workers: 6
[22.765s][debug  ][gc,phases      ] GC(83)     Dead                           Min: 0, Avg:  0.0, Max: 0, Diff: 0, Sum: 0, Workers: 6
[22.765s][debug  ][gc,phases      ] GC(83)     Total                          Min: 0, Avg:  0.0, Max: 0, Diff: 0, Sum: 0, Workers: 6
[22.765s][debug  ][gc,phases      ] GC(83)   StringTable Weak               Min:  0.0, Avg:  0.0, Max:  0.0, Diff:  0.0, Sum:  0.0, Workers: 6
[22.765s][debug  ][gc,phases      ] GC(83)     Dead                           Min: 0, Avg:  0.0, Max: 0, Diff: 0, Sum: 0, Workers: 6
[22.765s][debug  ][gc,phases      ] GC(83)     Total                          Min: 832, Avg: 892.2, Max: 960, Diff: 128, Sum: 5353, Workers: 6
[22.765s][debug  ][gc,phases      ] GC(83)   ResolvedMethodTable Weak       Min:  0.0, Avg:  0.0, Max:  0.0, Diff:  0.0, Sum:  0.0, Workers: 6
[22.765s][debug  ][gc,phases      ] GC(83)     Dead                           Min: 0, Avg:  0.0, Max: 0, Diff: 0, Sum: 0, Workers: 6
[22.765s][debug  ][gc,phases      ] GC(83)     Total                          Min: 0, Avg: 21.7, Max: 64, Diff: 64, Sum: 130, Workers: 6
[22.765s][debug  ][gc,phases      ] GC(83)   JNI Weak                       Min:  0.0, Avg:  0.0, Max:  0.0, Diff:  0.0, Sum:  0.0, Workers: 6
[22.765s][debug  ][gc,phases      ] GC(83)     Dead                           Min: 0, Avg:  0.0, Max: 0, Diff: 0, Sum: 0, Workers: 6
[22.765s][debug  ][gc,phases      ] GC(83)     Total                          Min: 0, Avg:  0.0, Max: 0, Diff: 0, Sum: 0, Workers: 6
[22.765s][debug  ][gc,phases      ] GC(83)   StringDedup Table Weak         Min:  0.0, Avg:  0.0, Max:  0.0, Diff:  0.0, Sum:  0.0, Workers: 6
[22.765s][debug  ][gc,phases      ] GC(83)     Dead                           Min: 0, Avg:  0.0, Max: 0, Diff: 0, Sum: 0, Workers: 6
[22.765s][debug  ][gc,phases      ] GC(83)     Total                          Min: 0, Avg:  0.0, Max: 0, Diff: 0, Sum: 0, Workers: 6
[22.765s][debug  ][gc,phases      ] GC(83)   StringDedup Requests0 Weak     Min:  0.0, Avg:  0.0, Max:  0.0, Diff:  0.0, Sum:  0.0, Workers: 6
[22.765s][debug  ][gc,phases      ] GC(83)     Dead                           Min: 0, Avg:  0.0, Max: 0, Diff: 0, Sum: 0, Workers: 6
[22.765s][debug  ][gc,phases      ] GC(83)     Total                          Min: 0, Avg:  0.0, Max: 0, Diff: 0, Sum: 0, Workers: 6
[22.765s][debug  ][gc,phases      ] GC(83)   StringDedup Requests1 Weak     Min:  0.0, Avg:  0.0, Max:  0.0, Diff:  0.0, Sum:  0.0, Workers: 6
[22.765s][debug  ][gc,phases      ] GC(83)     Dead                           Min: 0, Avg:  0.0, Max: 0, Diff: 0, Sum: 0, Workers: 6
[22.765s][debug  ][gc,phases      ] GC(83)     Total                          Min: 0, Avg:  0.0, Max: 0, Diff: 0, Sum: 0, Workers: 6
[22.765s][debug  ][gc,phases      ] GC(83)   Weak JFR Old Object Samples    Min:  0.0, Avg:  0.0, Max:  0.0, Diff:  0.0, Sum:  0.0, Workers: 6
[22.765s][debug  ][gc,phases      ] GC(83)     Dead                           Min: 0, Avg:  0.0, Max: 0, Diff: 0, Sum: 0, Workers: 6
[22.765s][debug  ][gc,phases      ] GC(83)     Total                          Min: 0, Avg:  0.0, Max: 0, Diff: 0, Sum: 0, Workers: 6
[22.765s][debug  ][gc,phases      ] GC(83) Weak Processing 0.766ms
[22.765s][debug  ][gc,phases,start] GC(83) Class Unloading
[22.765s][debug  ][gc,phases,start] GC(83) ClassLoaderData
[22.765s][debug  ][gc,phases      ] GC(83) ClassLoaderData 0.022ms
[22.765s][debug  ][gc,phases,start] GC(83) Trigger cleanups
[22.765s][debug  ][gc,phases      ] GC(83) Trigger cleanups 0.021ms
[22.765s][debug  ][gc,phases      ] GC(83) Class Unloading 0.261ms
[22.765s][info   ][gc,phases      ] GC(83) Marking Phase 2.533ms
[22.766s][info   ][gc,phases,start] GC(83) Summary Phase
[22.766s][info   ][gc,phases      ] GC(83) Summary Phase 0.047ms
[22.766s][info   ][gc,phases,start] GC(83) Adjust Roots
[22.766s][info   ][gc,phases      ] GC(83) Adjust Roots 0.139ms
[22.766s][info   ][gc,phases,start] GC(83) Compaction Phase
[22.869s][info   ][gc,phases      ] GC(83) Compaction Phase 102.947ms
[22.869s][info   ][gc,phases,start] GC(83) Post Compact
[22.874s][info   ][gc,phases      ] GC(83) Post Compact 5.645ms
[22.875s][debug  ][gc,ergo        ] GC(83) AdaptiveSizeStart: collection: 84 
[22.875s][debug  ][gc,ergo        ] GC(83) PSAdaptiveSizePolicy::compute_eden_space_size limits: desired_eden_size: 221630196 old_eden_size: 201326592 eden_limit: 201326592 cur_eden: 201326592 max_eden_size: 201326592 avg_young_live: 24722960
[22.875s][debug  ][gc,ergo        ] GC(83) PSAdaptiveSizePolicy::compute_eden_space_size: costs minor_time: 0.051863 major_cost: 0.051258 mutator_cost: 0.896879 throughput_goal: 0.990000
[22.875s][debug  ][gc,ergo        ] GC(83) Live_space: 973579456 free_space: 1420820480
[22.875s][debug  ][gc,ergo        ] GC(83) Old eden_size: 201326592 desired_eden_size: 201326592
[22.875s][debug  ][gc,ergo        ] GC(83) PSAdaptiveSizePolicy::compute_old_gen_free_space limits: desired_promo_size: 1346929647 promo_limit: 1219493888 free_in_old_gen: 1170032640 max_old_gen_size: 1879048192 avg_old_live: 709015488
[22.875s][debug  ][gc,ergo        ] GC(83) PSAdaptiveSizePolicy::compute_old_gen_free_space: costs minor_time: 0.051863 major_cost: 0.051258  mutator_cost: 0.896879 throughput_goal: 0.990000
[22.875s][debug  ][gc,ergo        ] GC(83) Live_space: 1002173888 free_space: 1420820480
[22.875s][debug  ][gc,ergo        ] GC(83) Old promo_size: 1219493888 desired_promo_size: 1219493888
[22.875s][debug  ][gc,ergo        ] GC(83) AdaptiveSizeStop: collection: 84 
[22.875s][info   ][gc,heap        ] GC(83) PSYoungGen: 30720K(229376K)->0K(229376K) Eden: 0K(196608K)->0K(196608K) From: 30720K(32768K)->0K(32768K)
[22.875s][info   ][gc,heap        ] GC(83) ParOldGen: 1762917K(1835008K)->943716K(1835008K)
[22.875s][info   ][gc,metaspace   ] GC(83) Metaspace: 1023K(1216K)->1023K(1216K) NonClass: 939K(1024K)->939K(1024K) Class: 83K(192K)->83K(192K)
[22.875s][info   ][gc             ] GC(83) Pause Full (Ergonomics) 1751M->921M(2016M) 112.088ms
[22.875s][info   ][gc,cpu         ] GC(83) User=1.03s Sys=0.02s Real=0.11s
[22.875s][debug  ][gc,heap        ] GC(83) Heap after GC invocations=84 (full 14):
[22.875s][debug  ][gc,heap        ] GC(83)  PSYoungGen      total 229376K, used 0K [0x00000000f0000000, 0x0000000100000000, 0x0000000100000000)
[22.875s][debug  ][gc,heap        ] GC(83)   eden space 196608K, 0% used [0x00000000f0000000,0x00000000f0000000,0x00000000fc000000)
[22.875s][debug  ][gc,heap        ] GC(83)   from space 32768K, 0% used [0x00000000fe000000,0x00000000fe000000,0x0000000100000000)
[22.875s][debug  ][gc,heap        ] GC(83)   to   space 32768K, 0% used [0x00000000fc000000,0x00000000fc000000,0x00000000fe000000)
[22.875s][debug  ][gc,heap        ] GC(83)  ParOldGen       total 1835008K, used 943716K [0x0000000080000000, 0x00000000f0000000, 0x00000000f0000000)
[22.875s][debug  ][gc,heap        ] GC(83)   object space 1835008K, 51% used [0x0000000080000000,0x00000000b9999140,0x00000000f0000000)
[22.875s][debug  ][gc,heap        ] GC(83)  Metaspace       used 1023K, committed 1216K, reserved 1056768K
[22.875s][debug  ][gc,heap        ] GC(83)   class space    used 83K, committed 192K, reserved 1048576K
[22.875s][debug  ][gc,task,time   ] GC(83) VM-Thread 227629525 227657723 228750899
[23.154s][debug  ][gc,heap        ] GC(84) Heap before GC invocations=85 (full 14):
[23.154s][debug  ][gc,heap        ] GC(84)  PSYoungGen      total 229376K, used 188163K [0x00000000f0000000, 0x0000000100000000, 0x0000000100000000)
[23.154s][debug  ][gc,heap        ] GC(84)   eden space 196608K, 95% used [0x00000000f0000000,0x00000000fb7c0f70,0x00000000fc000000)
[23.154s][debug  ][gc,heap        ] GC(84)   from space 32768K, 0% used [0x00000000fe000000,0x00000000fe000000,0x0000000100000000)
[23.154s][debug  ][gc,heap        ] GC(84)   to   space 32768K, 0% used [0x00000000fc000000,0x00000000fc000000,0x00000000fe000000)
[23.154s][debug  ][gc,heap        ] GC(84)  ParOldGen       total 1835008K, used 943716K [0x0000000080000000, 0x00000000f0000000, 0x00000000f0000000)
[23.154s][debug  ][gc,heap        ] GC(84)   object space 1835008K, 51% used [0x0000000080000000,0x00000000b9999140,0x00000000f0000000)
[23.154s][debug  ][gc,heap        ] GC(84)  Metaspace       used 1023K, committed 1216K, reserved 1056768K
[23.154s][debug  ][gc,heap        ] GC(84)   class space    used 83K, committed 192K, reserved 1048576K
[23.154s][debug  ][gc,tlab        ] GC(84) TLAB totals: thrds: 1  refills: 1 max: 1 slow allocs: 17 max 17 waste: 27.3% gc: 3934760B max: 3934760B slow: 0B max: 0B
[23.154s][info   ][gc,start       ] GC(84) Pause Young (Allocation Failure)
[23.154s][debug  ][gc,phases,start] GC(84) Scavenge
[23.162s][debug  ][gc,phases      ] GC(84) Scavenge 7.353ms
[23.162s][debug  ][gc,phases,start] GC(84) Reference Processing
[23.162s][debug  ][gc,ref         ] GC(84) Skipped phase 1 of Reference Processing: no references
[23.162s][debug  ][gc,ref         ] GC(84) Skipped phase 2 of Reference Processing: no references
[23.162s][debug  ][gc,ref         ] GC(84) Skipped phase 3 of Reference Processing: no references
[23.162s][debug  ][gc,ref         ] GC(84) Skipped phase 4 of Reference Processing: no references
[23.162s][debug  ][gc,phases,ref  ] GC(84) Reference Processing: 0.1ms
[23.162s][debug  ][gc,phases,ref  ] GC(84)   Reconsider SoftReferences: 0.0ms
[23.162s][debug  ][gc,phases,ref  ] GC(84)     SoftRef (ms):                  skipped
[23.162s][debug  ][gc,phases,ref  ] GC(84)   Notify Soft/WeakReferences: 0.0ms
[23.162s][debug  ][gc,phases,ref  ] GC(84)     SoftRef (ms):                  skipped
[23.162s][debug  ][gc,phases,ref  ] GC(84)     WeakRef (ms):                  skipped
[23.162s][debug  ][gc,phases,ref  ] GC(84)     FinalRef (ms):                 skipped
[23.162s][debug  ][gc,phases,ref  ] GC(84)     Total (ms):                    skipped
[23.162s][debug  ][gc,phases,ref  ] GC(84)   Notify and keep alive finalizable: 0.0ms
[23.162s][debug  ][gc,phases,ref  ] GC(84)     FinalRef (ms):                 skipped
[23.162s][debug  ][gc,phases,ref  ] GC(84)   Notify PhantomReferences: 0.0ms
[23.162s][debug  ][gc,phases,ref  ] GC(84)     PhantomRef (ms):               skipped
[23.162s][debug  ][gc,phases,ref  ] GC(84)   SoftReference:
[23.162s][debug  ][gc,phases,ref  ] GC(84)     Discovered: 0
[23.162s][debug  ][gc,phases,ref  ] GC(84)     Cleared: 0
[23.162s][debug  ][gc,phases,ref  ] GC(84)   WeakReference:
[23.162s][debug  ][gc,phases,ref  ] GC(84)     Discovered: 0
[23.162s][debug  ][gc,phases,ref  ] GC(84)     Cleared: 0
[23.162s][debug  ][gc,phases,ref  ] GC(84)   FinalReference:
[23.163s][debug  ][gc,phases,ref  ] GC(84)     Discovered: 0
[23.163s][debug  ][gc,phases,ref  ] GC(84)     Cleared: 0
[23.163s][debug  ][gc,phases,ref  ] GC(84)   PhantomReference:
[23.163s][debug  ][gc,phases,ref  ] GC(84)     Discovered: 0
[23.163s][debug  ][gc,phases,ref  ] GC(84)     Cleared: 0
[23.163s][debug  ][gc,phases      ] GC(84) Reference Processing 0.868ms
[23.163s][debug  ][gc,phases,start] GC(84) Weak Processing
[23.163s][debug  ][gc,phases      ] GC(84)   VM Weak                        Min:  0.0, Avg:  0.0, Max:  0.0, Diff:  0.0, Sum:  0.0, Workers: 6
[23.163s][debug  ][gc,phases      ] GC(84)     Dead                           Min: 0, Avg:  0.0, Max: 0, Diff: 0, Sum: 0, Workers: 6
[23.163s][debug  ][gc,phases      ] GC(84)     Total                          Min: 0, Avg:  1.3, Max: 8, Diff: 8, Sum: 8, Workers: 6
[23.163s][debug  ][gc,phases      ] GC(84)   ObjectSynchronizer Weak        Min:  0.0, Avg:  0.0, Max:  0.0, Diff:  0.0, Sum:  0.0, Workers: 6
[23.163s][debug  ][gc,phases      ] GC(84)     Dead                           Min: 0, Avg:  0.0, Max: 0, Diff: 0, Sum: 0, Workers: 6
[23.163s][debug  ][gc,phases      ] GC(84)     Total                          Min: 0, Avg:  0.5, Max: 3, Diff: 3, Sum: 3, Workers: 6
[23.163s][debug  ][gc,phases      ] GC(84)   JVMTI Tag Weak OopStorage      Min:  0.0, Avg:  0.0, Max:  0.0, Diff:  0.0, Sum:  0.0, Workers: 6
[23.163s][debug  ][gc,phases      ] GC(84)     Dead                           Min: 0, Avg:  0.0, Max: 0, Diff: 0, Sum: 0, Workers: 6
[23.163s][debug  ][gc,phases      ] GC(84)     Total                          Min: 0, Avg:  0.0, Max: 0, Diff: 0, Sum: 0, Workers: 6
[23.163s][debug  ][gc,phases      ] GC(84)   StringTable Weak               Min:  0.0, Avg:  0.0, Max:  0.0, Diff:  0.0, Sum:  0.0, Workers: 6
[23.163s][debug  ][gc,phases      ] GC(84)     Dead                           Min: 0, Avg:  0.0, Max: 0, Diff: 0, Sum: 0, Workers: 6
[23.163s][debug  ][gc,phases      ] GC(84)     Total                          Min: 704, Avg: 892.2, Max: 1216, Diff: 512, Sum: 5353, Workers: 6
[23.163s][debug  ][gc,phases      ] GC(84)   ResolvedMethodTable Weak       Min:  0.0, Avg:  0.0, Max:  0.0, Diff:  0.0, Sum:  0.0, Workers: 6
[23.163s][debug  ][gc,phases      ] GC(84)     Dead                           Min: 0, Avg:  0.0, Max: 0, Diff: 0, Sum: 0, Workers: 6
[23.163s][debug  ][gc,phases      ] GC(84)     Total                          Min: 0, Avg: 21.7, Max: 64, Diff: 64, Sum: 130, Workers: 6
[23.163s][debug  ][gc,phases      ] GC(84)   JNI Weak                       Min:  0.0, Avg:  0.0, Max:  0.0, Diff:  0.0, Sum:  0.0, Workers: 6
[23.163s][debug  ][gc,phases      ] GC(84)     Dead                           Min: 0, Avg:  0.0, Max: 0, Diff: 0, Sum: 0, Workers: 6
[23.163s][debug  ][gc,phases      ] GC(84)     Total                          Min: 0, Avg:  0.0, Max: 0, Diff: 0, Sum: 0, Workers: 6
[23.163s][debug  ][gc,phases      ] GC(84)   StringDedup Table Weak         Min:  0.0, Avg:  0.0, Max:  0.0, Diff:  0.0, Sum:  0.0, Workers: 6
[23.163s][debug  ][gc,phases      ] GC(84)     Dead                           Min: 0, Avg:  0.0, Max: 0, Diff: 0, Sum: 0, Workers: 6
[23.163s][debug  ][gc,phases      ] GC(84)     Total                          Min: 0, Avg:  0.0, Max: 0, Diff: 0, Sum: 0, Workers: 6
[23.163s][debug  ][gc,phases      ] GC(84)   StringDedup Requests0 Weak     Min:  0.0, Avg:  0.0, Max:  0.0, Diff:  0.0, Sum:  0.0, Workers: 6
[23.164s][debug  ][gc,phases      ] GC(84)     Dead                           Min: 0, Avg:  0.0, Max: 0, Diff: 0, Sum: 0, Workers: 6
[23.164s][debug  ][gc,phases      ] GC(84)     Total                          Min: 0, Avg:  0.0, Max: 0, Diff: 0, Sum: 0, Workers: 6
[23.164s][debug  ][gc,phases      ] GC(84)   StringDedup Requests1 Weak     Min:  0.0, Avg:  0.0, Max:  0.0, Diff:  0.0, Sum:  0.0, Workers: 6
[23.164s][debug  ][gc,phases      ] GC(84)     Dead                           Min: 0, Avg:  0.0, Max: 0, Diff: 0, Sum: 0, Workers: 6
[23.164s][debug  ][gc,phases      ] GC(84)     Total                          Min: 0, Avg:  0.0, Max: 0, Diff: 0, Sum: 0, Workers: 6
[23.164s][debug  ][gc,phases      ] GC(84)   Weak JFR Old Object Samples    Min:  0.0, Avg:  0.0, Max:  0.0, Diff:  0.0, Sum:  0.0, Workers: 6
[23.164s][debug  ][gc,phases      ] GC(84)     Dead                           Min: 0, Avg:  0.0, Max: 0, Diff: 0, Sum: 0, Workers: 6
[23.164s][debug  ][gc,phases      ] GC(84)     Total                          Min: 0, Avg:  0.0, Max: 0, Diff: 0, Sum: 0, Workers: 6
[23.164s][debug  ][gc,phases      ] GC(84) Weak Processing 1.118ms
[23.164s][debug  ][gc,ergo        ] GC(84) AdaptiveSizeStart:  collection: 85 
[23.164s][debug  ][gc,ergo        ] GC(84) avg_survived_padded_avg: 33434578.000000
[23.164s][debug  ][gc,ergo        ] GC(84) avg_promoted_padded_avg: 264022512.000000  avg_pretenured_padded_avg: 0.000000  tenuring_thresh: 7  target_size: 33554432
[23.164s][debug  ][gc,age         ] GC(84) Desired survivor size 33554432 bytes, new threshold 7 (max threshold 15)
[23.164s][debug  ][gc,ergo        ] GC(84) PSAdaptiveSizePolicy::compute_eden_space_size limits: desired_eden_size: 220157600 old_eden_size: 201326592 eden_limit: 201326592 cur_eden: 201326592 max_eden_size: 201326592 avg_young_live: 25396396
[23.164s][debug  ][gc,ergo        ] GC(84) PSAdaptiveSizePolicy::compute_eden_space_size: costs minor_time: 0.044813 major_cost: 0.051258 mutator_cost: 0.903930 throughput_goal: 0.990000
[23.164s][debug  ][gc,ergo        ] GC(84) Live_space: 1002847360 free_space: 1420820480
[23.164s][debug  ][gc,ergo        ] GC(84) Old eden_size: 201326592 desired_eden_size: 201326592
[23.164s][debug  ][gc,ergo        ] GC(84) AdaptiveSizeStop: collection: 85 
[23.164s][info   ][gc,heap        ] GC(84) PSYoungGen: 188163K(229376K)->30720K(229376K) Eden: 188163K(196608K)->0K(196608K) From: 0K(32768K)->30720K(32768K)
[23.164s][info   ][gc,heap        ] GC(84) ParOldGen: 943716K(1835008K)->1015396K(1835008K)
[23.164s][info   ][gc,metaspace   ] GC(84) Metaspace: 1023K(1216K)->1023K(1216K) NonClass: 939K(1024K)->939K(1024K) Class: 83K(192K)->83K(192K)
[23.164s][info   ][gc             ] GC(84) Pause Young (Allocation Failure) 1105M->1021M(2016M) 9.995ms
[23.164s][info   ][gc,cpu         ] GC(84) User=0.11s Sys=0.00s Real=0.01s
[23.164s][debug  ][gc,heap        ] GC(84) Heap after GC invocations=85 (full 14):
[23.164s][debug  ][gc,heap        ] GC(84)  PSYoungGen      total 229376K, used 30720K [0x00000000f0000000, 0x0000000100000000, 0x0000000100000000)
[23.164s][debug  ][gc,heap        ] GC(84)   eden space 196608K, 0% used [0x00000000f0000000,0x00000000f0000000,0x00000000fc000000)
[23.164s][debug  ][gc,heap        ] GC(84)   from space 32768K, 93% used [0x00000000fc000000,0x00000000fde00030,0x00000000fe000000)
[23.164s][debug  ][gc,heap        ] GC(84)   to   space 32768K, 0% used [0x00000000fe000000,0x00000000fe000000,0x0000000100000000)
[23.164s][debug  ][gc,heap        ] GC(84)  ParOldGen       total 1835008K, used 1015396K [0x0000000080000000, 0x00000000f0000000, 0x00000000f0000000)
[23.165s][debug  ][gc,heap        ] GC(84)   object space 1835008K, 55% used [0x0000000080000000,0x00000000bdf991b0,0x00000000f0000000)
[23.165s][debug  ][gc,heap        ] GC(84)  Metaspace       used 1023K, committed 1216K, reserved 1056768K
[23.165s][debug  ][gc,heap        ] GC(84)   class space    used 83K, committed 192K, reserved 1048576K
[23.165s][debug  ][gc,task,time   ] GC(84) VM-Thread 231537786 231617770 231646286
[23.455s][debug  ][gc,heap        ] GC(85) Heap before GC invocations=86 (full 14):
[23.455s][debug  ][gc,heap        ] GC(85)  PSYoungGen      total 229376K, used 218811K [0x00000000f0000000, 0x0000000100000000, 0x0000000100000000)
[23.455s][debug  ][gc,heap        ] GC(85)   eden space 196608K, 95% used [0x00000000f0000000,0x00000000fb7aef68,0x00000000fc000000)
[23.455s][debug  ][gc,heap        ] GC(85)   from space 32768K, 93% used [0x00000000fc000000,0x00000000fde00030,0x00000000fe000000)
[23.455s][debug  ][gc,heap        ] GC(85)   to   space 32768K, 0% used [0x00000000fe000000,0x00000000fe000000,0x0000000100000000)
[23.455s][debug  ][gc,heap        ] GC(85)  ParOldGen       total 1835008K, used 1015396K [0x0000000080000000, 0x00000000f0000000, 0x00000000f0000000)
[23.455s][debug  ][gc,heap        ] GC(85)   object space 1835008K, 55% used [0x0000000080000000,0x00000000bdf991b0,0x00000000f0000000)
[23.455s][debug  ][gc,heap        ] GC(85)  Metaspace       used 1023K, committed 1216K, reserved 1056768K
[23.455s][debug  ][gc,heap        ] GC(85)   class space    used 83K, committed 192K, reserved 1048576K
[23.455s][debug  ][gc,tlab        ] GC(85) TLAB totals: thrds: 1  refills: 1 max: 1 slow allocs: 17 max 17 waste: 26.9% gc: 3862088B max: 3862088B slow: 0B max: 0B
[23.455s][info   ][gc,start       ] GC(85) Pause Young (Allocation Failure)
[23.455s][debug  ][gc,phases,start] GC(85) Scavenge
[23.470s][debug  ][gc,phases      ] GC(85) Scavenge 14.537ms
[23.470s][debug  ][gc,phases,start] GC(85) Reference Processing
[23.470s][debug  ][gc,ref         ] GC(85) Skipped phase 1 of Reference Processing: no references
[23.470s][debug  ][gc,ref         ] GC(85) Skipped phase 2 of Reference Processing: no references
[23.470s][debug  ][gc,ref         ] GC(85) Skipped phase 3 of Reference Processing: no references
[23.470s][debug  ][gc,ref         ] GC(85) Skipped phase 4 of Reference Processing: no references
[23.470s][debug  ][gc,phases,ref  ] GC(85) Reference Processing: 0.1ms
[23.470s][debug  ][gc,phases,ref  ] GC(85)   Reconsider SoftReferences: 0.0ms
[23.470s][debug  ][gc,phases,ref  ] GC(85)     SoftRef (ms):                  skipped
[23.470s][debug  ][gc,phases,ref  ] GC(85)   Notify Soft/WeakReferences: 0.0ms
[23.470s][debug  ][gc,phases,ref  ] GC(85)     SoftRef (ms):                  skipped
[23.470s][debug  ][gc,phases,ref  ] GC(85)     WeakRef (ms):                  skipped
[23.470s][debug  ][gc,phases,ref  ] GC(85)     FinalRef (ms):                 skipped
[23.470s][debug  ][gc,phases,ref  ] GC(85)     Total (ms):                    skipped
[23.470s][debug  ][gc,phases,ref  ] GC(85)   Notify and keep alive finalizable: 0.0ms
[23.470s][debug  ][gc,phases,ref  ] GC(85)     FinalRef (ms):                 skipped
[23.470s][debug  ][gc,phases,ref  ] GC(85)   Notify PhantomReferences: 0.0ms
[23.471s][debug  ][gc,phases,ref  ] GC(85)     PhantomRef (ms):               skipped
[23.471s][debug  ][gc,phases,ref  ] GC(85)   SoftReference:
[23.471s][debug  ][gc,phases,ref  ] GC(85)     Discovered: 0
[23.471s][debug  ][gc,phases,ref  ] GC(85)     Cleared: 0
[23.471s][debug  ][gc,phases,ref  ] GC(85)   WeakReference:
[23.471s][debug  ][gc,phases,ref  ] GC(85)     Discovered: 0
[23.471s][debug  ][gc,phases,ref  ] GC(85)     Cleared: 0
[23.471s][debug  ][gc,phases,ref  ] GC(85)   FinalReference:
[23.471s][debug  ][gc,phases,ref  ] GC(85)     Discovered: 0
[23.471s][debug  ][gc,phases,ref  ] GC(85)     Cleared: 0
[23.471s][debug  ][gc,phases,ref  ] GC(85)   PhantomReference:
[23.471s][debug  ][gc,phases,ref  ] GC(85)     Discovered: 0
[23.471s][debug  ][gc,phases,ref  ] GC(85)     Cleared: 0
[23.471s][debug  ][gc,phases      ] GC(85) Reference Processing 0.814ms
[23.471s][debug  ][gc,phases,start] GC(85) Weak Processing
[23.471s][debug  ][gc,phases      ] GC(85)   VM Weak                        Min:  0.0, Avg:  0.0, Max:  0.0, Diff:  0.0, Sum:  0.0, Workers: 6
[23.471s][debug  ][gc,phases      ] GC(85)     Dead                           Min: 0, Avg:  0.0, Max: 0, Diff: 0, Sum: 0, Workers: 6
[23.471s][debug  ][gc,phases      ] GC(85)     Total                          Min: 0, Avg:  1.3, Max: 8, Diff: 8, Sum: 8, Workers: 6
[23.471s][debug  ][gc,phases      ] GC(85)   ObjectSynchronizer Weak        Min:  0.0, Avg:  0.0, Max:  0.0, Diff:  0.0, Sum:  0.0, Workers: 6
[23.471s][debug  ][gc,phases      ] GC(85)     Dead                           Min: 0, Avg:  0.0, Max: 0, Diff: 0, Sum: 0, Workers: 6
[23.471s][debug  ][gc,phases      ] GC(85)     Total                          Min: 0, Avg:  0.5, Max: 3, Diff: 3, Sum: 3, Workers: 6
[23.471s][debug  ][gc,phases      ] GC(85)   JVMTI Tag Weak OopStorage      Min:  0.0, Avg:  0.0, Max:  0.0, Diff:  0.0, Sum:  0.0, Workers: 6
[23.471s][debug  ][gc,phases      ] GC(85)     Dead                           Min: 0, Avg:  0.0, Max: 0, Diff: 0, Sum: 0, Workers: 6
[23.471s][debug  ][gc,phases      ] GC(85)     Total                          Min: 0, Avg:  0.0, Max: 0, Diff: 0, Sum: 0, Workers: 6
[23.471s][debug  ][gc,phases      ] GC(85)   StringTable Weak               Min:  0.0, Avg:  0.0, Max:  0.0, Diff:  0.0, Sum:  0.0, Workers: 6
[23.471s][debug  ][gc,phases      ] GC(85)     Dead                           Min: 0, Avg:  0.0, Max: 0, Diff: 0, Sum: 0, Workers: 6
[23.471s][debug  ][gc,phases      ] GC(85)     Total                          Min: 704, Avg: 892.2, Max: 1002, Diff: 298, Sum: 5353, Workers: 6
[23.471s][debug  ][gc,phases      ] GC(85)   ResolvedMethodTable Weak       Min:  0.0, Avg:  0.0, Max:  0.0, Diff:  0.0, Sum:  0.0, Workers: 6
[23.471s][debug  ][gc,phases      ] GC(85)     Dead                           Min: 0, Avg:  0.0, Max: 0, Diff: 0, Sum: 0, Workers: 6
[23.471s][debug  ][gc,phases      ] GC(85)     Total                          Min: 0, Avg: 21.7, Max: 64, Diff: 64, Sum: 130, Workers: 6
[23.472s][debug  ][gc,phases      ] GC(85)   JNI Weak                       Min:  0.0, Avg:  0.0, Max:  0.0, Diff:  0.0, Sum:  0.0, Workers: 6
[23.472s][debug  ][gc,phases      ] GC(85)     Dead                           Min: 0, Avg:  0.0, Max: 0, Diff: 0, Sum: 0, Workers: 6
[23.472s][debug  ][gc,phases      ] GC(85)     Total                          Min: 0, Avg:  0.0, Max: 0, Diff: 0, Sum: 0, Workers: 6
[23.472s][debug  ][gc,phases      ] GC(85)   StringDedup Table Weak         Min:  0.0, Avg:  0.0, Max:  0.0, Diff:  0.0, Sum:  0.0, Workers: 6
[23.472s][debug  ][gc,phases      ] GC(85)     Dead                           Min: 0, Avg:  0.0, Max: 0, Diff: 0, Sum: 0, Workers: 6
[23.472s][debug  ][gc,phases      ] GC(85)     Total                          Min: 0, Avg:  0.0, Max: 0, Diff: 0, Sum: 0, Workers: 6
[23.472s][debug  ][gc,phases      ] GC(85)   StringDedup Requests0 Weak     Min:  0.0, Avg:  0.0, Max:  0.0, Diff:  0.0, Sum:  0.0, Workers: 6
[23.472s][debug  ][gc,phases      ] GC(85)     Dead                           Min: 0, Avg:  0.0, Max: 0, Diff: 0, Sum: 0, Workers: 6
[23.472s][debug  ][gc,phases      ] GC(85)     Total                          Min: 0, Avg:  0.0, Max: 0, Diff: 0, Sum: 0, Workers: 6
[23.472s][debug  ][gc,phases      ] GC(85)   StringDedup Requests1 Weak     Min:  0.0, Avg:  0.0, Max:  0.0, Diff:  0.0, Sum:  0.0, Workers: 6
[23.472s][debug  ][gc,phases      ] GC(85)     Dead                           Min: 0, Avg:  0.0, Max: 0, Diff: 0, Sum: 0, Workers: 6
[23.472s][debug  ][gc,phases      ] GC(85)     Total                          Min: 0, Avg:  0.0, Max: 0, Diff: 0, Sum: 0, Workers: 6
[23.472s][debug  ][gc,phases      ] GC(85)   Weak JFR Old Object Samples    Min:  0.0, Avg:  0.0, Max:  0.0, Diff:  0.0, Sum:  0.0, Workers: 6
[23.472s][debug  ][gc,phases      ] GC(85)     Dead                           Min: 0, Avg:  0.0, Max: 0, Diff: 0, Sum: 0, Workers: 6
[23.472s][debug  ][gc,phases      ] GC(85)     Total                          Min: 0, Avg:  0.0, Max: 0, Diff: 0, Sum: 0, Workers: 6
[23.472s][debug  ][gc,phases      ] GC(85) Weak Processing 1.058ms
[23.472s][debug  ][gc,ergo        ] GC(85) AdaptiveSizeStart:  collection: 86 
[23.472s][debug  ][gc,ergo        ] GC(85) avg_survived_padded_avg: 33386890.000000
[23.472s][debug  ][gc,ergo        ] GC(85) avg_promoted_padded_avg: 264308368.000000  avg_pretenured_padded_avg: 0.000000  tenuring_thresh: 7  target_size: 33554432
[23.472s][debug  ][gc,age         ] GC(85) Desired survivor size 33554432 bytes, new threshold 7 (max threshold 15)
[23.472s][debug  ][gc,ergo        ] GC(85) PSAdaptiveSizePolicy::compute_eden_space_size limits: desired_eden_size: 220652814 old_eden_size: 201326592 eden_limit: 201326592 cur_eden: 201326592 max_eden_size: 201326592 avg_young_live: 26002488
[23.472s][debug  ][gc,ergo        ] GC(85) PSAdaptiveSizePolicy::compute_eden_space_size: costs minor_time: 0.047074 major_cost: 0.051258 mutator_cost: 0.901669 throughput_goal: 0.990000
[23.472s][debug  ][gc,ergo        ] GC(85) Live_space: 1003453440 free_space: 1420820480
[23.472s][debug  ][gc,ergo        ] GC(85) Old eden_size: 201326592 desired_eden_size: 201326592
[23.472s][debug  ][gc,ergo        ] GC(85) AdaptiveSizeStop: collection: 86 
[23.472s][info   ][gc,heap        ] GC(85) PSYoungGen: 218811K(229376K)->30720K(229376K) Eden: 188091K(196608K)->0K(196608K) From: 30720K(32768K)->30720K(32768K)
[23.472s][info   ][gc,heap        ] GC(85) ParOldGen: 1015396K(1835008K)->1199716K(1835008K)
[23.472s][info   ][gc,metaspace   ] GC(85) Metaspace: 1023K(1216K)->1023K(1216K) NonClass: 939K(1024K)->939K(1024K) Class: 83K(192K)->83K(192K)
[23.472s][info   ][gc             ] GC(85) Pause Young (Allocation Failure) 1205M->1201M(2016M) 17.024ms
[23.472s][info   ][gc,cpu         ] GC(85) User=0.14s Sys=0.00s Real=0.02s
[23.472s][debug  ][gc,heap        ] GC(85) Heap after GC invocations=86 (full 14):
[23.473s][debug  ][gc,heap        ] GC(85)  PSYoungGen      total 229376K, used 30720K [0x00000000f0000000, 0x0000000100000000, 0x0000000100000000)
[23.473s][debug  ][gc,heap        ] GC(85)   eden space 196608K, 0% used [0x00000000f0000000,0x00000000f0000000,0x00000000fc000000)
[23.473s][debug  ][gc,heap        ] GC(85)   from space 32768K, 93% used [0x00000000fe000000,0x00000000ffe00030,0x0000000100000000)
[23.473s][debug  ][gc,heap        ] GC(85)   to   space 32768K, 0% used [0x00000000fc000000,0x00000000fc000000,0x00000000fe000000)
[23.473s][debug  ][gc,heap        ] GC(85)  ParOldGen       total 1835008K, used 1199716K [0x0000000080000000, 0x00000000f0000000, 0x00000000f0000000)
[23.473s][debug  ][gc,heap        ] GC(85)   object space 1835008K, 65% used [0x0000000080000000,0x00000000c93992d0,0x00000000f0000000)
[23.473s][debug  ][gc,heap        ] GC(85)  Metaspace       used 1023K, committed 1216K, reserved 1056768K
[23.473s][debug  ][gc,heap        ] GC(85)   class space    used 83K, committed 192K, reserved 1048576K
[23.473s][debug  ][gc,task,time   ] GC(85) VM-Thread 234550935 234700497 234727715
[23.759s][debug  ][gc,heap        ] GC(86) Heap before GC invocations=87 (full 14):
[23.760s][debug  ][gc,heap        ] GC(86)  PSYoungGen      total 229376K, used 218840K [0x00000000f0000000, 0x0000000100000000, 0x0000000100000000)
[23.760s][debug  ][gc,heap        ] GC(86)   eden space 196608K, 95% used [0x00000000f0000000,0x00000000fb7b61e0,0x00000000fc000000)
[23.760s][debug  ][gc,heap        ] GC(86)   from space 32768K, 93% used [0x00000000fe000000,0x00000000ffe00030,0x0000000100000000)
[23.760s][debug  ][gc,heap        ] GC(86)   to   space 32768K, 0% used [0x00000000fc000000,0x00000000fc000000,0x00000000fe000000)
[23.760s][debug  ][gc,heap        ] GC(86)  ParOldGen       total 1835008K, used 1199716K [0x0000000080000000, 0x00000000f0000000, 0x00000000f0000000)
[23.760s][debug  ][gc,heap        ] GC(86)   object space 1835008K, 65% used [0x0000000080000000,0x00000000c93992d0,0x00000000f0000000)
[23.760s][debug  ][gc,heap        ] GC(86)  Metaspace       used 1023K, committed 1216K, reserved 1056768K
[23.760s][debug  ][gc,heap        ] GC(86)   class space    used 83K, committed 192K, reserved 1048576K
[23.760s][debug  ][gc,tlab        ] GC(86) TLAB totals: thrds: 1  refills: 1 max: 1 slow allocs: 17 max 17 waste: 27.1% gc: 3891392B max: 3891392B slow: 0B max: 0B
[23.760s][info   ][gc,start       ] GC(86) Pause Young (Allocation Failure)
[23.760s][debug  ][gc,phases,start] GC(86) Scavenge
[23.776s][debug  ][gc,phases      ] GC(86) Scavenge 15.202ms
[23.776s][debug  ][gc,phases,start] GC(86) Reference Processing
[23.776s][debug  ][gc,ref         ] GC(86) Skipped phase 1 of Reference Processing: no references
[23.776s][debug  ][gc,ref         ] GC(86) Skipped phase 2 of Reference Processing: no references
[23.776s][debug  ][gc,ref         ] GC(86) Skipped phase 3 of Reference Processing: no references
[23.776s][debug  ][gc,ref         ] GC(86) Skipped phase 4 of Reference Processing: no references
[23.776s][debug  ][gc,phases,ref  ] GC(86) Reference Processing: 0.1ms
[23.776s][debug  ][gc,phases,ref  ] GC(86)   Reconsider SoftReferences: 0.0ms
[23.776s][debug  ][gc,phases,ref  ] GC(86)     SoftRef (ms):                  skipped
[23.776s][debug  ][gc,phases,ref  ] GC(86)   Notify Soft/WeakReferences: 0.0ms
[23.776s][debug  ][gc,phases,ref  ] GC(86)     SoftRef (ms):                  skipped
[23.776s][debug  ][gc,phases,ref  ] GC(86)     WeakRef (ms):                  skipped
[23.776s][debug  ][gc,phases,ref  ] GC(86)     FinalRef (ms):                 skipped
[23.776s][debug  ][gc,phases,ref  ] GC(86)     Total (ms):                    skipped
[23.776s][debug  ][gc,phases,ref  ] GC(86)   Notify and keep alive finalizable: 0.0ms
[23.776s][debug  ][gc,phases,ref  ] GC(86)     FinalRef (ms):                 skipped
[23.776s][debug  ][gc,phases,ref  ] GC(86)   Notify PhantomReferences: 0.0ms
[23.776s][debug  ][gc,phases,ref  ] GC(86)     PhantomRef (ms):               skipped
[23.776s][debug  ][gc,phases,ref  ] GC(86)   SoftReference:
[23.776s][debug  ][gc,phases,ref  ] GC(86)     Discovered: 0
[23.776s][debug  ][gc,phases,ref  ] GC(86)     Cleared: 0
[23.776s][debug  ][gc,phases,ref  ] GC(86)   WeakReference:
[23.776s][debug  ][gc,phases,ref  ] GC(86)     Discovered: 0
[23.776s][debug  ][gc,phases,ref  ] GC(86)     Cleared: 0
[23.776s][debug  ][gc,phases,ref  ] GC(86)   FinalReference:
[23.776s][debug  ][gc,phases,ref  ] GC(86)     Discovered: 0
[23.776s][debug  ][gc,phases,ref  ] GC(86)     Cleared: 0
[23.776s][debug  ][gc,phases,ref  ] GC(86)   PhantomReference:
[23.776s][debug  ][gc,phases,ref  ] GC(86)     Discovered: 0
[23.776s][debug  ][gc,phases,ref  ] GC(86)     Cleared: 0
[23.776s][debug  ][gc,phases      ] GC(86) Reference Processing 0.785ms
[23.776s][debug  ][gc,phases,start] GC(86) Weak Processing
[23.777s][debug  ][gc,phases      ] GC(86)   VM Weak                        Min:  0.0, Avg:  0.0, Max:  0.0, Diff:  0.0, Sum:  0.0, Workers: 6
[23.777s][debug  ][gc,phases      ] GC(86)     Dead                           Min: 0, Avg:  0.0, Max: 0, Diff: 0, Sum: 0, Workers: 6
[23.777s][debug  ][gc,phases      ] GC(86)     Total                          Min: 0, Avg:  1.3, Max: 8, Diff: 8, Sum: 8, Workers: 6
[23.777s][debug  ][gc,phases      ] GC(86)   ObjectSynchronizer Weak        Min:  0.0, Avg:  0.0, Max:  0.0, Diff:  0.0, Sum:  0.0, Workers: 6
[23.777s][debug  ][gc,phases      ] GC(86)     Dead                           Min: 0, Avg:  0.0, Max: 0, Diff: 0, Sum: 0, Workers: 6
[23.777s][debug  ][gc,phases      ] GC(86)     Total                          Min: 0, Avg:  0.5, Max: 3, Diff: 3, Sum: 3, Workers: 6
[23.777s][debug  ][gc,phases      ] GC(86)   JVMTI Tag Weak OopStorage      Min:  0.0, Avg:  0.0, Max:  0.0, Diff:  0.0, Sum:  0.0, Workers: 6
[23.777s][debug  ][gc,phases      ] GC(86)     Dead                           Min: 0, Avg:  0.0, Max: 0, Diff: 0, Sum: 0, Workers: 6
[23.777s][debug  ][gc,phases      ] GC(86)     Total                          Min: 0, Avg:  0.0, Max: 0, Diff: 0, Sum: 0, Workers: 6
[23.777s][debug  ][gc,phases      ] GC(86)   StringTable Weak               Min:  0.0, Avg:  0.0, Max:  0.0, Diff:  0.0, Sum:  0.1, Workers: 6
[23.777s][debug  ][gc,phases      ] GC(86)     Dead                           Min: 0, Avg:  0.0, Max: 0, Diff: 0, Sum: 0, Workers: 6
[23.777s][debug  ][gc,phases      ] GC(86)     Total                          Min: 704, Avg: 892.2, Max: 1024, Diff: 320, Sum: 5353, Workers: 6
[23.777s][debug  ][gc,phases      ] GC(86)   ResolvedMethodTable Weak       Min:  0.0, Avg:  0.0, Max:  0.0, Diff:  0.0, Sum:  0.0, Workers: 6
[23.777s][debug  ][gc,phases      ] GC(86)     Dead                           Min: 0, Avg:  0.0, Max: 0, Diff: 0, Sum: 0, Workers: 6
[23.777s][debug  ][gc,phases      ] GC(86)     Total                          Min: 0, Avg: 21.7, Max: 66, Diff: 66, Sum: 130, Workers: 6
[23.777s][debug  ][gc,phases      ] GC(86)   JNI Weak                       Min:  0.0, Avg:  0.0, Max:  0.0, Diff:  0.0, Sum:  0.0, Workers: 6
[23.777s][debug  ][gc,phases      ] GC(86)     Dead                           Min: 0, Avg:  0.0, Max: 0, Diff: 0, Sum: 0, Workers: 6
[23.777s][debug  ][gc,phases      ] GC(86)     Total                          Min: 0, Avg:  0.0, Max: 0, Diff: 0, Sum: 0, Workers: 6
[23.777s][debug  ][gc,phases      ] GC(86)   StringDedup Table Weak         Min:  0.0, Avg:  0.0, Max:  0.0, Diff:  0.0, Sum:  0.0, Workers: 6
[23.777s][debug  ][gc,phases      ] GC(86)     Dead                           Min: 0, Avg:  0.0, Max: 0, Diff: 0, Sum: 0, Workers: 6
[23.777s][debug  ][gc,phases      ] GC(86)     Total                          Min: 0, Avg:  0.0, Max: 0, Diff: 0, Sum: 0, Workers: 6
[23.777s][debug  ][gc,phases      ] GC(86)   StringDedup Requests0 Weak     Min:  0.0, Avg:  0.0, Max:  0.0, Diff:  0.0, Sum:  0.0, Workers: 6
[23.777s][debug  ][gc,phases      ] GC(86)     Dead                           Min: 0, Avg:  0.0, Max: 0, Diff: 0, Sum: 0, Workers: 6
[23.777s][debug  ][gc,phases      ] GC(86)     Total                          Min: 0, Avg:  0.0, Max: 0, Diff: 0, Sum: 0, Workers: 6
[23.777s][debug  ][gc,phases      ] GC(86)   StringDedup Requests1 Weak     Min:  0.0, Avg:  0.0, Max:  0.0, Diff:  0.0, Sum:  0.0, Workers: 6
[23.777s][debug  ][gc,phases      ] GC(86)     Dead                           Min: 0, Avg:  0.0, Max: 0, Diff: 0, Sum: 0, Workers: 6
[23.777s][debug  ][gc,phases      ] GC(86)     Total                          Min: 0, Avg:  0.0, Max: 0, Diff: 0, Sum: 0, Workers: 6
[23.777s][debug  ][gc,phases      ] GC(86)   Weak JFR Old Object Samples    Min:  0.0, Avg:  0.0, Max:  0.0, Diff:  0.0, Sum:  0.0, Workers: 6
[23.777s][debug  ][gc,phases      ] GC(86)     Dead                           Min: 0, Avg:  0.0, Max: 0, Diff: 0, Sum: 0, Workers: 6
[23.777s][debug  ][gc,phases      ] GC(86)     Total                          Min: 0, Avg:  0.0, Max: 0, Diff: 0, Sum: 0, Workers: 6
[23.777s][debug  ][gc,phases      ] GC(86) Weak Processing 1.020ms
[23.778s][debug  ][gc,ergo        ] GC(86) AdaptiveSizeStart:  collection: 87 
[23.778s][debug  ][gc,ergo        ] GC(86) avg_survived_padded_avg: 33328966.000000
[23.778s][debug  ][gc,ergo        ] GC(86) avg_promoted_padded_avg: 263784288.000000  avg_pretenured_padded_avg: 0.000000  tenuring_thresh: 7  target_size: 33554432
[23.778s][debug  ][gc,age         ] GC(86) Desired survivor size 33554432 bytes, new threshold 7 (max threshold 15)
[23.778s][debug  ][gc,ergo        ] GC(86) PSAdaptiveSizePolicy::compute_eden_space_size limits: desired_eden_size: 221131139 old_eden_size: 201326592 eden_limit: 201326592 cur_eden: 201326592 max_eden_size: 201326592 avg_young_live: 26547972
[23.778s][debug  ][gc,ergo        ] GC(86) PSAdaptiveSizePolicy::compute_eden_space_size: costs minor_time: 0.049361 major_cost: 0.051258 mutator_cost: 0.899382 throughput_goal: 0.990000
[23.778s][debug  ][gc,ergo        ] GC(86) Live_space: 1003998912 free_space: 1420820480
[23.778s][debug  ][gc,ergo        ] GC(86) Old eden_size: 201326592 desired_eden_size: 201326592
[23.778s][debug  ][gc,ergo        ] GC(86) AdaptiveSizeStop: collection: 87 
[23.778s][info   ][gc,heap        ] GC(86) PSYoungGen: 218840K(229376K)->30720K(229376K) Eden: 188120K(196608K)->0K(196608K) From: 30720K(32768K)->30720K(32768K)
[23.778s][info   ][gc,heap        ] GC(86) ParOldGen: 1199716K(1835008K)->1384036K(1835008K)
[23.778s][info   ][gc,metaspace   ] GC(86) Metaspace: 1023K(1216K)->1023K(1216K) NonClass: 939K(1024K)->939K(1024K) Class: 83K(192K)->83K(192K)
[23.778s][info   ][gc             ] GC(86) Pause Young (Allocation Failure) 1385M->1381M(2016M) 17.570ms
[23.778s][info   ][gc,cpu         ] GC(86) User=0.14s Sys=0.00s Real=0.02s
[23.778s][debug  ][gc,heap        ] GC(86) Heap after GC invocations=87 (full 14):
[23.778s][debug  ][gc,heap        ] GC(86)  PSYoungGen      total 229376K, used 30720K [0x00000000f0000000, 0x0000000100000000, 0x0000000100000000)
[23.778s][debug  ][gc,heap        ] GC(86)   eden space 196608K, 0% used [0x00000000f0000000,0x00000000f0000000,0x00000000fc000000)
[23.778s][debug  ][gc,heap        ] GC(86)   from space 32768K, 93% used [0x00000000fc000000,0x00000000fde00030,0x00000000fe000000)
[23.778s][debug  ][gc,heap        ] GC(86)   to   space 32768K, 0% used [0x00000000fe000000,0x00000000fe000000,0x0000000100000000)
[23.778s][debug  ][gc,heap        ] GC(86)  ParOldGen       total 1835008K, used 1384036K [0x0000000080000000, 0x00000000f0000000, 0x00000000f0000000)
[23.778s][debug  ][gc,heap        ] GC(86)   object space 1835008K, 75% used [0x0000000080000000,0x00000000d47993f0,0x00000000f0000000)
[23.778s][debug  ][gc,heap        ] GC(86)  Metaspace       used 1023K, committed 1216K, reserved 1056768K
[23.778s][debug  ][gc,heap        ] GC(86)   class space    used 83K, committed 192K, reserved 1048576K
[23.778s][debug  ][gc,task,time   ] GC(86) VM-Thread 237594392 237756496 237781144
[24.061s][debug  ][gc,heap        ] GC(87) Heap before GC invocations=88 (full 14):
[24.061s][debug  ][gc,heap        ] GC(87)  PSYoungGen      total 229376K, used 218858K [0x00000000f0000000, 0x0000000100000000, 0x0000000100000000)
[24.061s][debug  ][gc,heap        ] GC(87)   eden space 196608K, 95% used [0x00000000f0000000,0x00000000fb7bab70,0x00000000fc000000)
[24.061s][debug  ][gc,heap        ] GC(87)   from space 32768K, 93% used [0x00000000fc000000,0x00000000fde00030,0x00000000fe000000)
[24.061s][debug  ][gc,heap        ] GC(87)   to   space 32768K, 0% used [0x00000000fe000000,0x00000000fe000000,0x0000000100000000)
[24.061s][debug  ][gc,heap        ] GC(87)  ParOldGen       total 1835008K, used 1384036K [0x0000000080000000, 0x00000000f0000000, 0x00000000f0000000)
[24.061s][debug  ][gc,heap        ] GC(87)   object space 1835008K, 75% used [0x0000000080000000,0x00000000d47993f0,0x00000000f0000000)
[24.061s][debug  ][gc,heap        ] GC(87)  Metaspace       used 1023K, committed 1216K, reserved 1056768K
[24.061s][debug  ][gc,heap        ] GC(87)   class space    used 83K, committed 192K, reserved 1048576K
[24.062s][debug  ][gc,tlab        ] GC(87) TLAB totals: thrds: 1  refills: 1 max: 1 slow allocs: 17 max 17 waste: 27.2% gc: 3910224B max: 3910224B slow: 0B max: 0B
[24.062s][info   ][gc,start       ] GC(87) Pause Young (Allocation Failure)
[24.062s][debug  ][gc,phases,start] GC(87) Scavenge
[24.077s][debug  ][gc,phases      ] GC(87) Scavenge 15.637ms
[24.077s][debug  ][gc,phases,start] GC(87) Reference Processing
[24.077s][debug  ][gc,ref         ] GC(87) Skipped phase 1 of Reference Processing: no references
[24.077s][debug  ][gc,ref         ] GC(87) Skipped phase 2 of Reference Processing: no references
[24.077s][debug  ][gc,ref         ] GC(87) Skipped phase 3 of Reference Processing: no references
[24.077s][debug  ][gc,ref         ] GC(87) Skipped phase 4 of Reference Processing: no references
[24.077s][debug  ][gc,phases,ref  ] GC(87) Reference Processing: 0.1ms
[24.077s][debug  ][gc,phases,ref  ] GC(87)   Reconsider SoftReferences: 0.0ms
[24.077s][debug  ][gc,phases,ref  ] GC(87)     SoftRef (ms):                  skipped
[24.078s][debug  ][gc,phases,ref  ] GC(87)   Notify Soft/WeakReferences: 0.0ms
[24.078s][debug  ][gc,phases,ref  ] GC(87)     SoftRef (ms):                  skipped
[24.078s][debug  ][gc,phases,ref  ] GC(87)     WeakRef (ms):                  skipped
[24.078s][debug  ][gc,phases,ref  ] GC(87)     FinalRef (ms):                 skipped
[24.078s][debug  ][gc,phases,ref  ] GC(87)     Total (ms):                    skipped
[24.078s][debug  ][gc,phases,ref  ] GC(87)   Notify and keep alive finalizable: 0.0ms
[24.078s][debug  ][gc,phases,ref  ] GC(87)     FinalRef (ms):                 skipped
[24.078s][debug  ][gc,phases,ref  ] GC(87)   Notify PhantomReferences: 0.0ms
[24.078s][debug  ][gc,phases,ref  ] GC(87)     PhantomRef (ms):               skipped
[24.078s][debug  ][gc,phases,ref  ] GC(87)   SoftReference:
[24.078s][debug  ][gc,phases,ref  ] GC(87)     Discovered: 0
[24.078s][debug  ][gc,phases,ref  ] GC(87)     Cleared: 0
[24.078s][debug  ][gc,phases,ref  ] GC(87)   WeakReference:
[24.078s][debug  ][gc,phases,ref  ] GC(87)     Discovered: 0
[24.078s][debug  ][gc,phases,ref  ] GC(87)     Cleared: 0
[24.078s][debug  ][gc,phases,ref  ] GC(87)   FinalReference:
[24.078s][debug  ][gc,phases,ref  ] GC(87)     Discovered: 0
[24.078s][debug  ][gc,phases,ref  ] GC(87)     Cleared: 0
[24.078s][debug  ][gc,phases,ref  ] GC(87)   PhantomReference:
[24.078s][debug  ][gc,phases,ref  ] GC(87)     Discovered: 0
[24.078s][debug  ][gc,phases,ref  ] GC(87)     Cleared: 0
[24.078s][debug  ][gc,phases      ] GC(87) Reference Processing 0.648ms
[24.078s][debug  ][gc,phases,start] GC(87) Weak Processing
[24.078s][debug  ][gc,phases      ] GC(87)   VM Weak                        Min:  0.0, Avg:  0.0, Max:  0.0, Diff:  0.0, Sum:  0.0, Workers: 6
[24.078s][debug  ][gc,phases      ] GC(87)     Dead                           Min: 0, Avg:  0.0, Max: 0, Diff: 0, Sum: 0, Workers: 6
[24.078s][debug  ][gc,phases      ] GC(87)     Total                          Min: 0, Avg:  1.3, Max: 8, Diff: 8, Sum: 8, Workers: 6
[24.078s][debug  ][gc,phases      ] GC(87)   ObjectSynchronizer Weak        Min:  0.0, Avg:  0.0, Max:  0.0, Diff:  0.0, Sum:  0.0, Workers: 6
[24.078s][debug  ][gc,phases      ] GC(87)     Dead                           Min: 0, Avg:  0.0, Max: 0, Diff: 0, Sum: 0, Workers: 6
[24.078s][debug  ][gc,phases      ] GC(87)     Total                          Min: 0, Avg:  0.5, Max: 3, Diff: 3, Sum: 3, Workers: 6
[24.078s][debug  ][gc,phases      ] GC(87)   JVMTI Tag Weak OopStorage      Min:  0.0, Avg:  0.0, Max:  0.0, Diff:  0.0, Sum:  0.0, Workers: 6
[24.078s][debug  ][gc,phases      ] GC(87)     Dead                           Min: 0, Avg:  0.0, Max: 0, Diff: 0, Sum: 0, Workers: 6
[24.078s][debug  ][gc,phases      ] GC(87)     Total                          Min: 0, Avg:  0.0, Max: 0, Diff: 0, Sum: 0, Workers: 6
[24.078s][debug  ][gc,phases      ] GC(87)   StringTable Weak               Min:  0.0, Avg:  0.0, Max:  0.0, Diff:  0.0, Sum:  0.0, Workers: 6
[24.078s][debug  ][gc,phases      ] GC(87)     Dead                           Min: 0, Avg:  0.0, Max: 0, Diff: 0, Sum: 0, Workers: 6
[24.078s][debug  ][gc,phases      ] GC(87)     Total                          Min: 767, Avg: 892.2, Max: 1066, Diff: 299, Sum: 5353, Workers: 6
[24.078s][debug  ][gc,phases      ] GC(87)   ResolvedMethodTable Weak       Min:  0.0, Avg:  0.0, Max:  0.0, Diff:  0.0, Sum:  0.0, Workers: 6
[24.078s][debug  ][gc,phases      ] GC(87)     Dead                           Min: 0, Avg:  0.0, Max: 0, Diff: 0, Sum: 0, Workers: 6
[24.078s][debug  ][gc,phases      ] GC(87)     Total                          Min: 0, Avg: 21.7, Max: 64, Diff: 64, Sum: 130, Workers: 6
[24.078s][debug  ][gc,phases      ] GC(87)   JNI Weak                       Min:  0.0, Avg:  0.0, Max:  0.0, Diff:  0.0, Sum:  0.0, Workers: 6
[24.078s][debug  ][gc,phases      ] GC(87)     Dead                           Min: 0, Avg:  0.0, Max: 0, Diff: 0, Sum: 0, Workers: 6
[24.078s][debug  ][gc,phases      ] GC(87)     Total                          Min: 0, Avg:  0.0, Max: 0, Diff: 0, Sum: 0, Workers: 6
[24.078s][debug  ][gc,phases      ] GC(87)   StringDedup Table Weak         Min:  0.0, Avg:  0.0, Max:  0.0, Diff:  0.0, Sum:  0.0, Workers: 6
[24.079s][debug  ][gc,phases      ] GC(87)     Dead                           Min: 0, Avg:  0.0, Max: 0, Diff: 0, Sum: 0, Workers: 6
[24.079s][debug  ][gc,phases      ] GC(87)     Total                          Min: 0, Avg:  0.0, Max: 0, Diff: 0, Sum: 0, Workers: 6
[24.079s][debug  ][gc,phases      ] GC(87)   StringDedup Requests0 Weak     Min:  0.0, Avg:  0.0, Max:  0.0, Diff:  0.0, Sum:  0.0, Workers: 6
[24.079s][debug  ][gc,phases      ] GC(87)     Dead                           Min: 0, Avg:  0.0, Max: 0, Diff: 0, Sum: 0, Workers: 6
[24.079s][debug  ][gc,phases      ] GC(87)     Total                          Min: 0, Avg:  0.0, Max: 0, Diff: 0, Sum: 0, Workers: 6
[24.079s][debug  ][gc,phases      ] GC(87)   StringDedup Requests1 Weak     Min:  0.0, Avg:  0.0, Max:  0.0, Diff:  0.0, Sum:  0.0, Workers: 6
[24.079s][debug  ][gc,phases      ] GC(87)     Dead                           Min: 0, Avg:  0.0, Max: 0, Diff: 0, Sum: 0, Workers: 6
[24.079s][debug  ][gc,phases      ] GC(87)     Total                          Min: 0, Avg:  0.0, Max: 0, Diff: 0, Sum: 0, Workers: 6
[24.079s][debug  ][gc,phases      ] GC(87)   Weak JFR Old Object Samples    Min:  0.0, Avg:  0.0, Max:  0.0, Diff:  0.0, Sum:  0.0, Workers: 6
[24.079s][debug  ][gc,phases      ] GC(87)     Dead                           Min: 0, Avg:  0.0, Max: 0, Diff: 0, Sum: 0, Workers: 6
[24.079s][debug  ][gc,phases      ] GC(87)     Total                          Min: 0, Avg:  0.0, Max: 0, Diff: 0, Sum: 0, Workers: 6
[24.079s][debug  ][gc,phases      ] GC(87) Weak Processing 0.776ms
[24.079s][debug  ][gc,ergo        ] GC(87) AdaptiveSizeStart:  collection: 88 
[24.079s][debug  ][gc,ergo        ] GC(87) avg_survived_padded_avg: 33263332.000000
[24.079s][debug  ][gc,ergo        ] GC(87) avg_promoted_padded_avg: 262609360.000000  avg_pretenured_padded_avg: 0.000000  tenuring_thresh: 7  target_size: 33554432
[24.079s][debug  ][gc,age         ] GC(87) Desired survivor size 33554432 bytes, new threshold 7 (max threshold 15)
[24.079s][debug  ][gc,ergo        ] GC(87) PSAdaptiveSizePolicy::compute_eden_space_size limits: desired_eden_size: 221515513 old_eden_size: 201326592 eden_limit: 201326592 cur_eden: 201326592 max_eden_size: 201326592 avg_young_live: 27038906
[24.079s][debug  ][gc,ergo        ] GC(87) PSAdaptiveSizePolicy::compute_eden_space_size: costs minor_time: 0.051277 major_cost: 0.051258 mutator_cost: 0.897465 throughput_goal: 0.990000
[24.079s][debug  ][gc,ergo        ] GC(87) Live_space: 1004489856 free_space: 1420820480
[24.079s][debug  ][gc,ergo        ] GC(87) Old eden_size: 201326592 desired_eden_size: 201326592
[24.079s][debug  ][gc,ergo        ] GC(87) AdaptiveSizeStop: collection: 88 
[24.079s][info   ][gc,heap        ] GC(87) PSYoungGen: 218858K(229376K)->30720K(229376K) Eden: 188138K(196608K)->0K(196608K) From: 30720K(32768K)->30720K(32768K)
[24.079s][info   ][gc,heap        ] GC(87) ParOldGen: 1384036K(1835008K)->1568357K(1835008K)
[24.079s][info   ][gc,metaspace   ] GC(87) Metaspace: 1023K(1216K)->1023K(1216K) NonClass: 939K(1024K)->939K(1024K) Class: 83K(192K)->83K(192K)
[24.079s][info   ][gc             ] GC(87) Pause Young (Allocation Failure) 1565M->1561M(2016M) 17.524ms
[24.079s][info   ][gc,cpu         ] GC(87) User=0.16s Sys=0.00s Real=0.02s
[24.079s][debug  ][gc,heap        ] GC(87) Heap after GC invocations=88 (full 14):
[24.079s][debug  ][gc,heap        ] GC(87)  PSYoungGen      total 229376K, used 30720K [0x00000000f0000000, 0x0000000100000000, 0x0000000100000000)
[24.079s][debug  ][gc,heap        ] GC(87)   eden space 196608K, 0% used [0x00000000f0000000,0x00000000f0000000,0x00000000fc000000)
[24.079s][debug  ][gc,heap        ] GC(87)   from space 32768K, 93% used [0x00000000fe000000,0x00000000ffe00030,0x0000000100000000)
[24.079s][debug  ][gc,heap        ] GC(87)   to   space 32768K, 0% used [0x00000000fc000000,0x00000000fc000000,0x00000000fe000000)
[24.079s][debug  ][gc,heap        ] GC(87)  ParOldGen       total 1835008K, used 1568357K [0x0000000080000000, 0x00000000f0000000, 0x00000000f0000000)
[24.079s][debug  ][gc,heap        ] GC(87)   object space 1835008K, 85% used [0x0000000080000000,0x00000000dfb99510,0x00000000f0000000)
[24.079s][debug  ][gc,heap        ] GC(87)  Metaspace       used 1023K, committed 1216K, reserved 1056768K
[24.079s][debug  ][gc,heap        ] GC(87)   class space    used 83K, committed 192K, reserved 1048576K
[24.079s][debug  ][gc,task,time   ] GC(87) VM-Thread 240611085 240773177 240793418
[24.361s][debug  ][gc,heap        ] GC(88) Heap before GC invocations=89 (full 14):
[24.361s][debug  ][gc,heap        ] GC(88)  PSYoungGen      total 229376K, used 218870K [0x00000000f0000000, 0x0000000100000000, 0x0000000100000000)
[24.361s][debug  ][gc,heap        ] GC(88)   eden space 196608K, 95% used [0x00000000f0000000,0x00000000fb7bdab8,0x00000000fc000000)
[24.362s][debug  ][gc,heap        ] GC(88)   from space 32768K, 93% used [0x00000000fe000000,0x00000000ffe00030,0x0000000100000000)
[24.362s][debug  ][gc,heap        ] GC(88)   to   space 32768K, 0% used [0x00000000fc000000,0x00000000fc000000,0x00000000fe000000)
[24.362s][debug  ][gc,heap        ] GC(88)  ParOldGen       total 1835008K, used 1568357K [0x0000000080000000, 0x00000000f0000000, 0x00000000f0000000)
[24.362s][debug  ][gc,heap        ] GC(88)   object space 1835008K, 85% used [0x0000000080000000,0x00000000dfb99510,0x00000000f0000000)
[24.362s][debug  ][gc,heap        ] GC(88)  Metaspace       used 1023K, committed 1216K, reserved 1056768K
[24.362s][debug  ][gc,heap        ] GC(88)   class space    used 83K, committed 192K, reserved 1048576K
[24.362s][debug  ][gc,tlab        ] GC(88) TLAB totals: thrds: 1  refills: 1 max: 1 slow allocs: 17 max 17 waste: 27.2% gc: 3922328B max: 3922328B slow: 0B max: 0B
[24.362s][info   ][gc,start       ] GC(88) Pause Young (Allocation Failure)
[24.362s][debug  ][gc,phases,start] GC(88) Scavenge
[24.377s][debug  ][gc,phases      ] GC(88) Scavenge 14.727ms
[24.377s][debug  ][gc,phases,start] GC(88) Reference Processing
[24.377s][debug  ][gc,ref         ] GC(88) Skipped phase 1 of Reference Processing: no references
[24.377s][debug  ][gc,ref         ] GC(88) Skipped phase 2 of Reference Processing: no references
[24.377s][debug  ][gc,ref         ] GC(88) Skipped phase 3 of Reference Processing: no references
[24.377s][debug  ][gc,ref         ] GC(88) Skipped phase 4 of Reference Processing: no references
[24.377s][debug  ][gc,phases,ref  ] GC(88) Reference Processing: 0.1ms
[24.377s][debug  ][gc,phases,ref  ] GC(88)   Reconsider SoftReferences: 0.0ms
[24.377s][debug  ][gc,phases,ref  ] GC(88)     SoftRef (ms):                  skipped
[24.377s][debug  ][gc,phases,ref  ] GC(88)   Notify Soft/WeakReferences: 0.0ms
[24.377s][debug  ][gc,phases,ref  ] GC(88)     SoftRef (ms):                  skipped
[24.377s][debug  ][gc,phases,ref  ] GC(88)     WeakRef (ms):                  skipped
[24.377s][debug  ][gc,phases,ref  ] GC(88)     FinalRef (ms):                 skipped
[24.377s][debug  ][gc,phases,ref  ] GC(88)     Total (ms):                    skipped
[24.377s][debug  ][gc,phases,ref  ] GC(88)   Notify and keep alive finalizable: 0.0ms
[24.377s][debug  ][gc,phases,ref  ] GC(88)     FinalRef (ms):                 skipped
[24.377s][debug  ][gc,phases,ref  ] GC(88)   Notify PhantomReferences: 0.0ms
[24.377s][debug  ][gc,phases,ref  ] GC(88)     PhantomRef (ms):               skipped
[24.377s][debug  ][gc,phases,ref  ] GC(88)   SoftReference:
[24.377s][debug  ][gc,phases,ref  ] GC(88)     Discovered: 0
[24.377s][debug  ][gc,phases,ref  ] GC(88)     Cleared: 0
[24.377s][debug  ][gc,phases,ref  ] GC(88)   WeakReference:
[24.377s][debug  ][gc,phases,ref  ] GC(88)     Discovered: 0
[24.377s][debug  ][gc,phases,ref  ] GC(88)     Cleared: 0
[24.377s][debug  ][gc,phases,ref  ] GC(88)   FinalReference:
[24.377s][debug  ][gc,phases,ref  ] GC(88)     Discovered: 0
[24.377s][debug  ][gc,phases,ref  ] GC(88)     Cleared: 0
[24.377s][debug  ][gc,phases,ref  ] GC(88)   PhantomReference:
[24.377s][debug  ][gc,phases,ref  ] GC(88)     Discovered: 0
[24.377s][debug  ][gc,phases,ref  ] GC(88)     Cleared: 0
[24.377s][debug  ][gc,phases      ] GC(88) Reference Processing 0.820ms
[24.378s][debug  ][gc,phases,start] GC(88) Weak Processing
[24.378s][debug  ][gc,phases      ] GC(88)   VM Weak                        Min:  0.0, Avg:  0.0, Max:  0.0, Diff:  0.0, Sum:  0.0, Workers: 6
[24.378s][debug  ][gc,phases      ] GC(88)     Dead                           Min: 0, Avg:  0.0, Max: 0, Diff: 0, Sum: 0, Workers: 6
[24.378s][debug  ][gc,phases      ] GC(88)     Total                          Min: 0, Avg:  1.3, Max: 8, Diff: 8, Sum: 8, Workers: 6
[24.378s][debug  ][gc,phases      ] GC(88)   ObjectSynchronizer Weak        Min:  0.0, Avg:  0.0, Max:  0.0, Diff:  0.0, Sum:  0.0, Workers: 6
[24.378s][debug  ][gc,phases      ] GC(88)     Dead                           Min: 0, Avg:  0.0, Max: 0, Diff: 0, Sum: 0, Workers: 6
[24.378s][debug  ][gc,phases      ] GC(88)     Total                          Min: 0, Avg:  0.5, Max: 3, Diff: 3, Sum: 3, Workers: 6
[24.378s][debug  ][gc,phases      ] GC(88)   JVMTI Tag Weak OopStorage      Min:  0.0, Avg:  0.0, Max:  0.0, Diff:  0.0, Sum:  0.0, Workers: 6
[24.378s][debug  ][gc,phases      ] GC(88)     Dead                           Min: 0, Avg:  0.0, Max: 0, Diff: 0, Sum: 0, Workers: 6
[24.378s][debug  ][gc,phases      ] GC(88)     Total                          Min: 0, Avg:  0.0, Max: 0, Diff: 0, Sum: 0, Workers: 6
[24.378s][debug  ][gc,phases      ] GC(88)   StringTable Weak               Min:  0.0, Avg:  0.0, Max:  0.0, Diff:  0.0, Sum:  0.0, Workers: 6
[24.378s][debug  ][gc,phases      ] GC(88)     Dead                           Min: 0, Avg:  0.0, Max: 0, Diff: 0, Sum: 0, Workers: 6
[24.378s][debug  ][gc,phases      ] GC(88)     Total                          Min: 703, Avg: 892.2, Max: 1408, Diff: 705, Sum: 5353, Workers: 6
[24.378s][debug  ][gc,phases      ] GC(88)   ResolvedMethodTable Weak       Min:  0.0, Avg:  0.0, Max:  0.0, Diff:  0.0, Sum:  0.0, Workers: 6
[24.378s][debug  ][gc,phases      ] GC(88)     Dead                           Min: 0, Avg:  0.0, Max: 0, Diff: 0, Sum: 0, Workers: 6
[24.378s][debug  ][gc,phases      ] GC(88)     Total                          Min: 0, Avg: 21.7, Max: 64, Diff: 64, Sum: 130, Workers: 6
[24.378s][debug  ][gc,phases      ] GC(88)   JNI Weak                       Min:  0.0, Avg:  0.0, Max:  0.0, Diff:  0.0, Sum:  0.0, Workers: 6
[24.378s][debug  ][gc,phases      ] GC(88)     Dead                           Min: 0, Avg:  0.0, Max: 0, Diff: 0, Sum: 0, Workers: 6
[24.378s][debug  ][gc,phases      ] GC(88)     Total                          Min: 0, Avg:  0.0, Max: 0, Diff: 0, Sum: 0, Workers: 6
[24.378s][debug  ][gc,phases      ] GC(88)   StringDedup Table Weak         Min:  0.0, Avg:  0.0, Max:  0.0, Diff:  0.0, Sum:  0.0, Workers: 6
[24.378s][debug  ][gc,phases      ] GC(88)     Dead                           Min: 0, Avg:  0.0, Max: 0, Diff: 0, Sum: 0, Workers: 6
[24.378s][debug  ][gc,phases      ] GC(88)     Total                          Min: 0, Avg:  0.0, Max: 0, Diff: 0, Sum: 0, Workers: 6
[24.378s][debug  ][gc,phases      ] GC(88)   StringDedup Requests0 Weak     Min:  0.0, Avg:  0.0, Max:  0.0, Diff:  0.0, Sum:  0.0, Workers: 6
[24.378s][debug  ][gc,phases      ] GC(88)     Dead                           Min: 0, Avg:  0.0, Max: 0, Diff: 0, Sum: 0, Workers: 6
[24.378s][debug  ][gc,phases      ] GC(88)     Total                          Min: 0, Avg:  0.0, Max: 0, Diff: 0, Sum: 0, Workers: 6
[24.378s][debug  ][gc,phases      ] GC(88)   StringDedup Requests1 Weak     Min:  0.0, Avg:  0.0, Max:  0.0, Diff:  0.0, Sum:  0.0, Workers: 6
[24.378s][debug  ][gc,phases      ] GC(88)     Dead                           Min: 0, Avg:  0.0, Max: 0, Diff: 0, Sum: 0, Workers: 6
[24.378s][debug  ][gc,phases      ] GC(88)     Total                          Min: 0, Avg:  0.0, Max: 0, Diff: 0, Sum: 0, Workers: 6
[24.378s][debug  ][gc,phases      ] GC(88)   Weak JFR Old Object Samples    Min:  0.0, Avg:  0.0, Max:  0.0, Diff:  0.0, Sum:  0.0, Workers: 6
[24.378s][debug  ][gc,phases      ] GC(88)     Dead                           Min: 0, Avg:  0.0, Max: 0, Diff: 0, Sum: 0, Workers: 6
[24.378s][debug  ][gc,phases      ] GC(88)     Total                          Min: 0, Avg:  0.0, Max: 0, Diff: 0, Sum: 0, Workers: 6
[24.378s][debug  ][gc,phases      ] GC(88) Weak Processing 0.959ms
[24.378s][debug  ][gc,ergo        ] GC(88) AdaptiveSizeStart:  collection: 89 
[24.379s][debug  ][gc,ergo        ] GC(88) avg_survived_padded_avg: 33192108.000000
[24.379s][debug  ][gc,ergo        ] GC(88) avg_promoted_padded_avg: 260919040.000000  avg_pretenured_padded_avg: 0.000000  tenuring_thresh: 7  target_size: 33554432
[24.379s][debug  ][gc,age         ] GC(88) Desired survivor size 33554432 bytes, new threshold 7 (max threshold 15)
[24.379s][debug  ][gc,ergo        ] GC(88) PSAdaptiveSizePolicy::compute_eden_space_size limits: desired_eden_size: 221723663 old_eden_size: 201326592 eden_limit: 201326592 cur_eden: 201326592 max_eden_size: 201326592 avg_young_live: 27480746
[24.379s][debug  ][gc,ergo        ] GC(88) PSAdaptiveSizePolicy::compute_eden_space_size: costs minor_time: 0.052346 major_cost: 0.051258 mutator_cost: 0.896397 throughput_goal: 0.990000
[24.379s][debug  ][gc,ergo        ] GC(88) Live_space: 1004931712 free_space: 1420820480
[24.379s][debug  ][gc,ergo        ] GC(88) Old eden_size: 201326592 desired_eden_size: 201326592
[24.379s][debug  ][gc,ergo        ] GC(88) AdaptiveSizeStop: collection: 89 
[24.379s][info   ][gc,heap        ] GC(88) PSYoungGen: 218870K(229376K)->30720K(229376K) Eden: 188150K(196608K)->0K(196608K) From: 30720K(32768K)->30720K(32768K)
[24.379s][info   ][gc,heap        ] GC(88) ParOldGen: 1568357K(1835008K)->1752677K(1835008K)
[24.379s][info   ][gc,metaspace   ] GC(88) Metaspace: 1023K(1216K)->1023K(1216K) NonClass: 939K(1024K)->939K(1024K) Class: 83K(192K)->83K(192K)
[24.379s][info   ][gc             ] GC(88) Pause Young (Allocation Failure) 1745M->1741M(2016M) 17.085ms
[24.379s][info   ][gc,cpu         ] GC(88) User=0.16s Sys=0.00s Real=0.02s
[24.379s][debug  ][gc,heap        ] GC(88) Heap after GC invocations=89 (full 14):
[24.379s][debug  ][gc,heap        ] GC(88)  PSYoungGen      total 229376K, used 30720K [0x00000000f0000000, 0x0000000100000000, 0x0000000100000000)
[24.379s][debug  ][gc,heap        ] GC(88)   eden space 196608K, 0% used [0x00000000f0000000,0x00000000f0000000,0x00000000fc000000)
[24.379s][debug  ][gc,heap        ] GC(88)   from space 32768K, 93% used [0x00000000fc000000,0x00000000fde00030,0x00000000fe000000)
[24.379s][debug  ][gc,heap        ] GC(88)   to   space 32768K, 0% used [0x00000000fe000000,0x00000000fe000000,0x0000000100000000)
[24.379s][debug  ][gc,heap        ] GC(88)  ParOldGen       total 1835008K, used 1752677K [0x0000000080000000, 0x00000000f0000000, 0x00000000f0000000)
[24.379s][debug  ][gc,heap        ] GC(88)   object space 1835008K, 95% used [0x0000000080000000,0x00000000eaf99630,0x00000000f0000000)
[24.379s][debug  ][gc,heap        ] GC(88)  Metaspace       used 1023K, committed 1216K, reserved 1056768K
[24.379s][debug  ][gc,heap        ] GC(88)   class space    used 83K, committed 192K, reserved 1048576K
[24.379s][debug  ][gc,task,time   ] GC(88) VM-Thread 243613207 243766579 243792312
[24.379s][debug  ][gc,phases,start] GC(89) Pre Compact
[24.379s][debug  ][gc,heap        ] GC(89) Heap before GC invocations=90 (full 15):
[24.379s][debug  ][gc,heap        ] GC(89)  PSYoungGen      total 229376K, used 30720K [0x00000000f0000000, 0x0000000100000000, 0x0000000100000000)
[24.379s][debug  ][gc,heap        ] GC(89)   eden space 196608K, 0% used [0x00000000f0000000,0x00000000f0000000,0x00000000fc000000)
[24.379s][debug  ][gc,heap        ] GC(89)   from space 32768K, 93% used [0x00000000fc000000,0x00000000fde00030,0x00000000fe000000)
[24.379s][debug  ][gc,heap        ] GC(89)   to   space 32768K, 0% used [0x00000000fe000000,0x00000000fe000000,0x0000000100000000)
[24.379s][debug  ][gc,heap        ] GC(89)  ParOldGen       total 1835008K, used 1752677K [0x0000000080000000, 0x00000000f0000000, 0x00000000f0000000)
[24.379s][debug  ][gc,heap        ] GC(89)   object space 1835008K, 95% used [0x0000000080000000,0x00000000eaf99630,0x00000000f0000000)
[24.379s][debug  ][gc,heap        ] GC(89)  Metaspace       used 1023K, committed 1216K, reserved 1056768K
[24.380s][debug  ][gc,heap        ] GC(89)   class space    used 83K, committed 192K, reserved 1048576K
[24.380s][debug  ][gc,phases      ] GC(89) Pre Compact 0.305ms
[24.380s][info   ][gc,start       ] GC(89) Pause Full (Ergonomics)
[24.380s][info   ][gc,phases,start] GC(89) Marking Phase
[24.380s][debug  ][gc,phases,start] GC(89) Par Mark
[24.380s][debug  ][gc,phases      ] GC(89) Par Mark 0.476ms
[24.380s][debug  ][gc,phases,start] GC(89) Reference Processing
[24.380s][debug  ][gc,ref         ] GC(89) Skipped phase 1 of Reference Processing: no references
[24.380s][debug  ][gc,ref         ] GC(89) ReferenceProcessor::execute queues: 1, RefProcThreadModel::Single, marks_oops_alive: false
[24.380s][debug  ][gc,ref         ] GC(89) Skipped phase 3 of Reference Processing: no references
[24.380s][debug  ][gc,ref         ] GC(89) ReferenceProcessor::execute queues: 1, RefProcThreadModel::Single, marks_oops_alive: false
[24.380s][debug  ][gc,phases,ref  ] GC(89) Reference Processing: 0.1ms
[24.380s][debug  ][gc,phases,ref  ] GC(89)   Reconsider SoftReferences: 0.0ms
[24.380s][debug  ][gc,phases,ref  ] GC(89)     SoftRef (ms):                  skipped
[24.380s][debug  ][gc,phases,ref  ] GC(89)   Notify Soft/WeakReferences: 0.0ms
[24.380s][debug  ][gc,phases,ref  ] GC(89)     SoftRef (ms):                  Min:  0.0, Avg:  0.0, Max:  0.0, Diff:  0.0, Sum:  0.0, Workers: 10
[24.380s][debug  ][gc,phases,ref  ] GC(89)     WeakRef (ms):                  Min:  0.0, Avg:  0.0, Max:  0.0, Diff:  0.0, Sum:  0.0, Workers: 10
[24.380s][debug  ][gc,phases,ref  ] GC(89)     FinalRef (ms):                 Min:  0.0, Avg:  0.0, Max:  0.0, Diff:  0.0, Sum:  0.0, Workers: 10
[24.381s][debug  ][gc,phases,ref  ] GC(89)     Total (ms):                    Min:  0.0, Avg:  0.0, Max:  0.0, Diff:  0.0, Sum:  0.0, Workers: 10
[24.381s][debug  ][gc,phases,ref  ] GC(89)   Notify and keep alive finalizable: 0.0ms
[24.381s][debug  ][gc,phases,ref  ] GC(89)     FinalRef (ms):                 skipped
[24.381s][debug  ][gc,phases,ref  ] GC(89)   Notify PhantomReferences: 0.0ms
[24.381s][debug  ][gc,phases,ref  ] GC(89)     PhantomRef (ms):               Min:  0.0, Avg:  0.0, Max:  0.0, Diff:  0.0, Sum:  0.0, Workers: 10
[24.381s][debug  ][gc,phases,ref  ] GC(89)   SoftReference:
[24.381s][debug  ][gc,phases,ref  ] GC(89)     Discovered: 0
[24.381s][debug  ][gc,phases,ref  ] GC(89)     Cleared: 0
[24.381s][debug  ][gc,phases,ref  ] GC(89)   WeakReference:
[24.381s][debug  ][gc,phases,ref  ] GC(89)     Discovered: 71
[24.381s][debug  ][gc,phases,ref  ] GC(89)     Cleared: 71
[24.381s][debug  ][gc,phases,ref  ] GC(89)   FinalReference:
[24.381s][debug  ][gc,phases,ref  ] GC(89)     Discovered: 0
[24.381s][debug  ][gc,phases,ref  ] GC(89)     Cleared: 0
[24.381s][debug  ][gc,phases,ref  ] GC(89)   PhantomReference:
[24.381s][debug  ][gc,phases,ref  ] GC(89)     Discovered: 3
[24.381s][debug  ][gc,phases,ref  ] GC(89)     Cleared: 3
[24.381s][debug  ][gc,phases      ] GC(89) Reference Processing 0.690ms
[24.381s][debug  ][gc,phases,start] GC(89) Weak Processing
[24.381s][debug  ][gc,phases      ] GC(89)   VM Weak                        Min:  0.0, Avg:  0.0, Max:  0.0, Diff:  0.0, Sum:  0.0, Workers: 6
[24.381s][debug  ][gc,phases      ] GC(89)     Dead                           Min: 0, Avg:  0.0, Max: 0, Diff: 0, Sum: 0, Workers: 6
[24.381s][debug  ][gc,phases      ] GC(89)     Total                          Min: 0, Avg:  1.3, Max: 8, Diff: 8, Sum: 8, Workers: 6
[24.381s][debug  ][gc,phases      ] GC(89)   ObjectSynchronizer Weak        Min:  0.0, Avg:  0.0, Max:  0.0, Diff:  0.0, Sum:  0.0, Workers: 6
[24.381s][debug  ][gc,phases      ] GC(89)     Dead                           Min: 0, Avg:  0.0, Max: 0, Diff: 0, Sum: 0, Workers: 6
[24.381s][debug  ][gc,phases      ] GC(89)     Total                          Min: 0, Avg:  0.5, Max: 3, Diff: 3, Sum: 3, Workers: 6
[24.381s][debug  ][gc,phases      ] GC(89)   JVMTI Tag Weak OopStorage      Min:  0.0, Avg:  0.0, Max:  0.0, Diff:  0.0, Sum:  0.0, Workers: 6
[24.381s][debug  ][gc,phases      ] GC(89)     Dead                           Min: 0, Avg:  0.0, Max: 0, Diff: 0, Sum: 0, Workers: 6
[24.381s][debug  ][gc,phases      ] GC(89)     Total                          Min: 0, Avg:  0.0, Max: 0, Diff: 0, Sum: 0, Workers: 6
[24.381s][debug  ][gc,phases      ] GC(89)   StringTable Weak               Min:  0.0, Avg:  0.0, Max:  0.0, Diff:  0.0, Sum:  0.0, Workers: 6
[24.381s][debug  ][gc,phases      ] GC(89)     Dead                           Min: 0, Avg:  0.0, Max: 0, Diff: 0, Sum: 0, Workers: 6
[24.381s][debug  ][gc,phases      ] GC(89)     Total                          Min: 704, Avg: 892.2, Max: 1449, Diff: 745, Sum: 5353, Workers: 6
[24.381s][debug  ][gc,phases      ] GC(89)   ResolvedMethodTable Weak       Min:  0.0, Avg:  0.0, Max:  0.0, Diff:  0.0, Sum:  0.0, Workers: 6
[24.381s][debug  ][gc,phases      ] GC(89)     Dead                           Min: 0, Avg:  0.0, Max: 0, Diff: 0, Sum: 0, Workers: 6
[24.381s][debug  ][gc,phases      ] GC(89)     Total                          Min: 0, Avg: 21.7, Max: 64, Diff: 64, Sum: 130, Workers: 6
[24.381s][debug  ][gc,phases      ] GC(89)   JNI Weak                       Min:  0.0, Avg:  0.0, Max:  0.0, Diff:  0.0, Sum:  0.0, Workers: 6
[24.381s][debug  ][gc,phases      ] GC(89)     Dead                           Min: 0, Avg:  0.0, Max: 0, Diff: 0, Sum: 0, Workers: 6
[24.381s][debug  ][gc,phases      ] GC(89)     Total                          Min: 0, Avg:  0.0, Max: 0, Diff: 0, Sum: 0, Workers: 6
[24.382s][debug  ][gc,phases      ] GC(89)   StringDedup Table Weak         Min:  0.0, Avg:  0.0, Max:  0.0, Diff:  0.0, Sum:  0.0, Workers: 6
[24.382s][debug  ][gc,phases      ] GC(89)     Dead                           Min: 0, Avg:  0.0, Max: 0, Diff: 0, Sum: 0, Workers: 6
[24.382s][debug  ][gc,phases      ] GC(89)     Total                          Min: 0, Avg:  0.0, Max: 0, Diff: 0, Sum: 0, Workers: 6
[24.382s][debug  ][gc,phases      ] GC(89)   StringDedup Requests0 Weak     Min:  0.0, Avg:  0.0, Max:  0.0, Diff:  0.0, Sum:  0.0, Workers: 6
[24.382s][debug  ][gc,phases      ] GC(89)     Dead                           Min: 0, Avg:  0.0, Max: 0, Diff: 0, Sum: 0, Workers: 6
[24.382s][debug  ][gc,phases      ] GC(89)     Total                          Min: 0, Avg:  0.0, Max: 0, Diff: 0, Sum: 0, Workers: 6
[24.382s][debug  ][gc,phases      ] GC(89)   StringDedup Requests1 Weak     Min:  0.0, Avg:  0.0, Max:  0.0, Diff:  0.0, Sum:  0.0, Workers: 6
[24.382s][debug  ][gc,phases      ] GC(89)     Dead                           Min: 0, Avg:  0.0, Max: 0, Diff: 0, Sum: 0, Workers: 6
[24.382s][debug  ][gc,phases      ] GC(89)     Total                          Min: 0, Avg:  0.0, Max: 0, Diff: 0, Sum: 0, Workers: 6
[24.382s][debug  ][gc,phases      ] GC(89)   Weak JFR Old Object Samples    Min:  0.0, Avg:  0.0, Max:  0.0, Diff:  0.0, Sum:  0.0, Workers: 6
[24.382s][debug  ][gc,phases      ] GC(89)     Dead                           Min: 0, Avg:  0.0, Max: 0, Diff: 0, Sum: 0, Workers: 6
[24.382s][debug  ][gc,phases      ] GC(89)     Total                          Min: 0, Avg:  0.0, Max: 0, Diff: 0, Sum: 0, Workers: 6
[24.382s][debug  ][gc,phases      ] GC(89) Weak Processing 0.987ms
[24.382s][debug  ][gc,phases,start] GC(89) Class Unloading
[24.382s][debug  ][gc,phases,start] GC(89) ClassLoaderData
[24.382s][debug  ][gc,phases      ] GC(89) ClassLoaderData 0.029ms
[24.382s][debug  ][gc,phases,start] GC(89) Trigger cleanups
[24.382s][debug  ][gc,phases      ] GC(89) Trigger cleanups 0.029ms
[24.382s][debug  ][gc,phases      ] GC(89) Class Unloading 0.356ms
[24.382s][info   ][gc,phases      ] GC(89) Marking Phase 2.667ms
[24.382s][info   ][gc,phases,start] GC(89) Summary Phase
[24.382s][info   ][gc,phases      ] GC(89) Summary Phase 0.055ms
[24.382s][info   ][gc,phases,start] GC(89) Adjust Roots
[24.383s][info   ][gc,phases      ] GC(89) Adjust Roots 0.182ms
[24.383s][info   ][gc,phases,start] GC(89) Compaction Phase
[24.474s][info   ][gc,phases      ] GC(89) Compaction Phase 91.355ms
[24.474s][info   ][gc,phases,start] GC(89) Post Compact
[24.480s][info   ][gc,phases      ] GC(89) Post Compact 5.848ms
[24.480s][debug  ][gc,ergo        ] GC(89) AdaptiveSizeStart: collection: 90 
[24.480s][debug  ][gc,ergo        ] GC(89) PSAdaptiveSizePolicy::compute_eden_space_size limits: desired_eden_size: 221181463 old_eden_size: 201326592 eden_limit: 201326592 cur_eden: 201326592 max_eden_size: 201326592 avg_young_live: 24732672
[24.480s][debug  ][gc,ergo        ] GC(89) PSAdaptiveSizePolicy::compute_eden_space_size: costs minor_time: 0.052346 major_cost: 0.054087 mutator_cost: 0.893568 throughput_goal: 0.990000
[24.480s][debug  ][gc,ergo        ] GC(89) Live_space: 1002183616 free_space: 1420820480
[24.480s][debug  ][gc,ergo        ] GC(89) Old eden_size: 201326592 desired_eden_size: 201326592
[24.480s][debug  ][gc,ergo        ] GC(89) PSAdaptiveSizePolicy::compute_old_gen_free_space limits: desired_promo_size: 1343651445 promo_limit: 1219493888 free_in_old_gen: 1154783488 max_old_gen_size: 1879048192 avg_old_live: 724264768
[24.480s][debug  ][gc,ergo        ] GC(89) PSAdaptiveSizePolicy::compute_old_gen_free_space: costs minor_time: 0.052346 major_cost: 0.054087  mutator_cost: 0.893568 throughput_goal: 0.990000
[24.480s][debug  ][gc,ergo        ] GC(89) Live_space: 1017432896 free_space: 1420820480
[24.480s][debug  ][gc,ergo        ] GC(89) Old promo_size: 1219493888 desired_promo_size: 1219493888
[24.480s][debug  ][gc,ergo        ] GC(89) AdaptiveSizeStop: collection: 90 
[24.480s][info   ][gc,heap        ] GC(89) PSYoungGen: 30720K(229376K)->0K(229376K) Eden: 0K(196608K)->0K(196608K) From: 30720K(32768K)->0K(32768K)
[24.480s][info   ][gc,heap        ] GC(89) ParOldGen: 1752677K(1835008K)->841316K(1835008K)
[24.480s][info   ][gc,metaspace   ] GC(89) Metaspace: 1023K(1216K)->1023K(1216K) NonClass: 939K(1024K)->939K(1024K) Class: 83K(192K)->83K(192K)
[24.480s][info   ][gc             ] GC(89) Pause Full (Ergonomics) 1741M->821M(2016M) 100.827ms
[24.480s][info   ][gc,cpu         ] GC(89) User=0.91s Sys=0.00s Real=0.10s
[24.480s][debug  ][gc,heap        ] GC(89) Heap after GC invocations=90 (full 15):
[24.481s][debug  ][gc,heap        ] GC(89)  PSYoungGen      total 229376K, used 0K [0x00000000f0000000, 0x0000000100000000, 0x0000000100000000)
[24.481s][debug  ][gc,heap        ] GC(89)   eden space 196608K, 0% used [0x00000000f0000000,0x00000000f0000000,0x00000000fc000000)
[24.481s][debug  ][gc,heap        ] GC(89)   from space 32768K, 0% used [0x00000000fe000000,0x00000000fe000000,0x0000000100000000)
[24.481s][debug  ][gc,heap        ] GC(89)   to   space 32768K, 0% used [0x00000000fc000000,0x00000000fc000000,0x00000000fe000000)
[24.481s][debug  ][gc,heap        ] GC(89)  ParOldGen       total 1835008K, used 841316K [0x0000000080000000, 0x00000000f0000000, 0x00000000f0000000)
[24.481s][debug  ][gc,heap        ] GC(89)   object space 1835008K, 45% used [0x0000000080000000,0x00000000b35990a0,0x00000000f0000000)
[24.481s][debug  ][gc,heap        ] GC(89)  Metaspace       used 1023K, committed 1216K, reserved 1056768K
[24.481s][debug  ][gc,heap        ] GC(89)   class space    used 83K, committed 192K, reserved 1048576K
[24.481s][debug  ][gc,task,time   ] GC(89) VM-Thread 243796390 243826522 244804866
[24.773s][debug  ][gc,heap        ] GC(90) Heap before GC invocations=91 (full 15):
[24.774s][debug  ][gc,heap        ] GC(90)  PSYoungGen      total 229376K, used 188158K [0x00000000f0000000, 0x0000000100000000, 0x0000000100000000)
[24.774s][debug  ][gc,heap        ] GC(90)   eden space 196608K, 95% used [0x00000000f0000000,0x00000000fb7bf918,0x00000000fc000000)
[24.774s][debug  ][gc,heap        ] GC(90)   from space 32768K, 0% used [0x00000000fe000000,0x00000000fe000000,0x0000000100000000)
[24.774s][debug  ][gc,heap        ] GC(90)   to   space 32768K, 0% used [0x00000000fc000000,0x00000000fc000000,0x00000000fe000000)
[24.774s][debug  ][gc,heap        ] GC(90)  ParOldGen       total 1835008K, used 841316K [0x0000000080000000, 0x00000000f0000000, 0x00000000f0000000)
[24.774s][debug  ][gc,heap        ] GC(90)   object space 1835008K, 45% used [0x0000000080000000,0x00000000b35990a0,0x00000000f0000000)
[24.774s][debug  ][gc,heap        ] GC(90)  Metaspace       used 1023K, committed 1216K, reserved 1056768K
[24.774s][debug  ][gc,heap        ] GC(90)   class space    used 83K, committed 192K, reserved 1048576K
[24.774s][debug  ][gc,tlab        ] GC(90) TLAB totals: thrds: 1  refills: 1 max: 1 slow allocs: 17 max 17 waste: 27.3% gc: 3929040B max: 3929040B slow: 0B max: 0B
[24.774s][info   ][gc,start       ] GC(90) Pause Young (Allocation Failure)
[24.774s][debug  ][gc,phases,start] GC(90) Scavenge
[24.777s][debug  ][gc,phases      ] GC(90) Scavenge 2.685ms
[24.777s][debug  ][gc,phases,start] GC(90) Reference Processing
[24.777s][debug  ][gc,ref         ] GC(90) Skipped phase 1 of Reference Processing: no references
[24.777s][debug  ][gc,ref         ] GC(90) Skipped phase 2 of Reference Processing: no references
[24.777s][debug  ][gc,ref         ] GC(90) Skipped phase 3 of Reference Processing: no references
[24.777s][debug  ][gc,ref         ] GC(90) Skipped phase 4 of Reference Processing: no references
[24.777s][debug  ][gc,phases,ref  ] GC(90) Reference Processing: 0.1ms
[24.777s][debug  ][gc,phases,ref  ] GC(90)   Reconsider SoftReferences: 0.0ms
[24.777s][debug  ][gc,phases,ref  ] GC(90)     SoftRef (ms):                  skipped
[24.777s][debug  ][gc,phases,ref  ] GC(90)   Notify Soft/WeakReferences: 0.0ms
[24.777s][debug  ][gc,phases,ref  ] GC(90)     SoftRef (ms):                  skipped
[24.777s][debug  ][gc,phases,ref  ] GC(90)     WeakRef (ms):                  skipped
[24.777s][debug  ][gc,phases,ref  ] GC(90)     FinalRef (ms):                 skipped
[24.777s][debug  ][gc,phases,ref  ] GC(90)     Total (ms):                    skipped
[24.777s][debug  ][gc,phases,ref  ] GC(90)   Notify and keep alive finalizable: 0.0ms
[24.777s][debug  ][gc,phases,ref  ] GC(90)     FinalRef (ms):                 skipped
[24.777s][debug  ][gc,phases,ref  ] GC(90)   Notify PhantomReferences: 0.0ms
[24.777s][debug  ][gc,phases,ref  ] GC(90)     PhantomRef (ms):               skipped
[24.777s][debug  ][gc,phases,ref  ] GC(90)   SoftReference:
[24.777s][debug  ][gc,phases,ref  ] GC(90)     Discovered: 0
[24.777s][debug  ][gc,phases,ref  ] GC(90)     Cleared: 0
[24.777s][debug  ][gc,phases,ref  ] GC(90)   WeakReference:
[24.777s][debug  ][gc,phases,ref  ] GC(90)     Discovered: 0
[24.777s][debug  ][gc,phases,ref  ] GC(90)     Cleared: 0
[24.777s][debug  ][gc,phases,ref  ] GC(90)   FinalReference:
[24.777s][debug  ][gc,phases,ref  ] GC(90)     Discovered: 0
[24.777s][debug  ][gc,phases,ref  ] GC(90)     Cleared: 0
[24.777s][debug  ][gc,phases,ref  ] GC(90)   PhantomReference:
[24.777s][debug  ][gc,phases,ref  ] GC(90)     Discovered: 0
[24.777s][debug  ][gc,phases,ref  ] GC(90)     Cleared: 0
[24.777s][debug  ][gc,phases      ] GC(90) Reference Processing 0.657ms
[24.777s][debug  ][gc,phases,start] GC(90) Weak Processing
[24.777s][debug  ][gc,phases      ] GC(90)   VM Weak                        Min:  0.0, Avg:  0.0, Max:  0.0, Diff:  0.0, Sum:  0.0, Workers: 6
[24.777s][debug  ][gc,phases      ] GC(90)     Dead                           Min: 0, Avg:  0.0, Max: 0, Diff: 0, Sum: 0, Workers: 6
[24.777s][debug  ][gc,phases      ] GC(90)     Total                          Min: 0, Avg:  1.3, Max: 8, Diff: 8, Sum: 8, Workers: 6
[24.777s][debug  ][gc,phases      ] GC(90)   ObjectSynchronizer Weak        Min:  0.0, Avg:  0.0, Max:  0.0, Diff:  0.0, Sum:  0.0, Workers: 6
[24.778s][debug  ][gc,phases      ] GC(90)     Dead                           Min: 0, Avg:  0.0, Max: 0, Diff: 0, Sum: 0, Workers: 6
[24.778s][debug  ][gc,phases      ] GC(90)     Total                          Min: 0, Avg:  0.5, Max: 3, Diff: 3, Sum: 3, Workers: 6
[24.778s][debug  ][gc,phases      ] GC(90)   JVMTI Tag Weak OopStorage      Min:  0.0, Avg:  0.0, Max:  0.0, Diff:  0.0, Sum:  0.0, Workers: 6
[24.778s][debug  ][gc,phases      ] GC(90)     Dead                           Min: 0, Avg:  0.0, Max: 0, Diff: 0, Sum: 0, Workers: 6
[24.778s][debug  ][gc,phases      ] GC(90)     Total                          Min: 0, Avg:  0.0, Max: 0, Diff: 0, Sum: 0, Workers: 6
[24.778s][debug  ][gc,phases      ] GC(90)   StringTable Weak               Min:  0.0, Avg:  0.0, Max:  0.0, Diff:  0.0, Sum:  0.0, Workers: 6
[24.778s][debug  ][gc,phases      ] GC(90)     Dead                           Min: 0, Avg:  0.0, Max: 0, Diff: 0, Sum: 0, Workers: 6
[24.778s][debug  ][gc,phases      ] GC(90)     Total                          Min: 832, Avg: 892.2, Max: 959, Diff: 127, Sum: 5353, Workers: 6
[24.778s][debug  ][gc,phases      ] GC(90)   ResolvedMethodTable Weak       Min:  0.0, Avg:  0.0, Max:  0.0, Diff:  0.0, Sum:  0.0, Workers: 6
[24.778s][debug  ][gc,phases      ] GC(90)     Dead                           Min: 0, Avg:  0.0, Max: 0, Diff: 0, Sum: 0, Workers: 6
[24.778s][debug  ][gc,phases      ] GC(90)     Total                          Min: 0, Avg: 21.7, Max: 64, Diff: 64, Sum: 130, Workers: 6
[24.778s][debug  ][gc,phases      ] GC(90)   JNI Weak                       Min:  0.0, Avg:  0.0, Max:  0.0, Diff:  0.0, Sum:  0.0, Workers: 6
[24.778s][debug  ][gc,phases      ] GC(90)     Dead                           Min: 0, Avg:  0.0, Max: 0, Diff: 0, Sum: 0, Workers: 6
[24.778s][debug  ][gc,phases      ] GC(90)     Total                          Min: 0, Avg:  0.0, Max: 0, Diff: 0, Sum: 0, Workers: 6
[24.778s][debug  ][gc,phases      ] GC(90)   StringDedup Table Weak         Min:  0.0, Avg:  0.0, Max:  0.0, Diff:  0.0, Sum:  0.0, Workers: 6
[24.778s][debug  ][gc,phases      ] GC(90)     Dead                           Min: 0, Avg:  0.0, Max: 0, Diff: 0, Sum: 0, Workers: 6
[24.778s][debug  ][gc,phases      ] GC(90)     Total                          Min: 0, Avg:  0.0, Max: 0, Diff: 0, Sum: 0, Workers: 6
[24.778s][debug  ][gc,phases      ] GC(90)   StringDedup Requests0 Weak     Min:  0.0, Avg:  0.0, Max:  0.0, Diff:  0.0, Sum:  0.0, Workers: 6
[24.778s][debug  ][gc,phases      ] GC(90)     Dead                           Min: 0, Avg:  0.0, Max: 0, Diff: 0, Sum: 0, Workers: 6
[24.778s][debug  ][gc,phases      ] GC(90)     Total                          Min: 0, Avg:  0.0, Max: 0, Diff: 0, Sum: 0, Workers: 6
[24.778s][debug  ][gc,phases      ] GC(90)   StringDedup Requests1 Weak     Min:  0.0, Avg:  0.0, Max:  0.0, Diff:  0.0, Sum:  0.0, Workers: 6
[24.778s][debug  ][gc,phases      ] GC(90)     Dead                           Min: 0, Avg:  0.0, Max: 0, Diff: 0, Sum: 0, Workers: 6
[24.778s][debug  ][gc,phases      ] GC(90)     Total                          Min: 0, Avg:  0.0, Max: 0, Diff: 0, Sum: 0, Workers: 6
[24.778s][debug  ][gc,phases      ] GC(90)   Weak JFR Old Object Samples    Min:  0.0, Avg:  0.0, Max:  0.0, Diff:  0.0, Sum:  0.0, Workers: 6
[24.778s][debug  ][gc,phases      ] GC(90)     Dead                           Min: 0, Avg:  0.0, Max: 0, Diff: 0, Sum: 0, Workers: 6
[24.778s][debug  ][gc,phases      ] GC(90)     Total                          Min: 0, Avg:  0.0, Max: 0, Diff: 0, Sum: 0, Workers: 6
[24.778s][debug  ][gc,phases      ] GC(90) Weak Processing 0.968ms
[24.778s][debug  ][gc,ergo        ] GC(90) AdaptiveSizeStart:  collection: 91 
[24.778s][debug  ][gc,ergo        ] GC(90) avg_survived_padded_avg: 38267936.000000
[24.778s][debug  ][gc,ergo        ] GC(90) avg_promoted_padded_avg: 243943376.000000  avg_pretenured_padded_avg: 0.000000  tenuring_thresh: 8  target_size: 38273024
[24.778s][debug  ][gc,age         ] GC(90) Desired survivor size 38273024 bytes, new threshold 8 (max threshold 15)
[24.778s][debug  ][gc,ergo        ] GC(90) PSAdaptiveSizePolicy::compute_eden_space_size limits: desired_eden_size: 218978085 old_eden_size: 201326592 eden_limit: 201326592 cur_eden: 201326592 max_eden_size: 201326592 avg_young_live: 22259404
[24.778s][debug  ][gc,ergo        ] GC(90) PSAdaptiveSizePolicy::compute_eden_space_size: costs minor_time: 0.042023 major_cost: 0.054087 mutator_cost: 0.903890 throughput_goal: 0.990000
[24.779s][debug  ][gc,ergo        ] GC(90) Live_space: 1014959616 free_space: 1420820480
[24.779s][debug  ][gc,ergo        ] GC(90) Old eden_size: 201326592 desired_eden_size: 201326592
[24.779s][debug  ][gc,ergo        ] GC(90) AdaptiveSizeStop: collection: 91 
[24.779s][info   ][gc,heap        ] GC(90) PSYoungGen: 188158K(229376K)->0K(197120K) Eden: 188158K(196608K)->0K(196608K) From: 0K(32768K)->0K(512K)
[24.779s][info   ][gc,heap        ] GC(90) ParOldGen: 841316K(1835008K)->841316K(1835008K)
[24.779s][info   ][gc,metaspace   ] GC(90) Metaspace: 1023K(1216K)->1023K(1216K) NonClass: 939K(1024K)->939K(1024K) Class: 83K(192K)->83K(192K)
[24.779s][info   ][gc             ] GC(90) Pause Young (Allocation Failure) 1005M->821M(1984M) 4.800ms
[24.779s][info   ][gc,cpu         ] GC(90) User=0.00s Sys=0.00s Real=0.00s
[24.779s][debug  ][gc,heap        ] GC(90) Heap after GC invocations=91 (full 15):
[24.779s][debug  ][gc,heap        ] GC(90)  PSYoungGen      total 197120K, used 0K [0x00000000f0000000, 0x0000000100000000, 0x0000000100000000)
[24.779s][debug  ][gc,heap        ] GC(90)   eden space 196608K, 0% used [0x00000000f0000000,0x00000000f0000000,0x00000000fc000000)
[24.779s][debug  ][gc,heap        ] GC(90)   from space 512K, 0% used [0x00000000fc000000,0x00000000fc000000,0x00000000fc080000)
[24.779s][debug  ][gc,heap        ] GC(90)   to   space 37376K, 0% used [0x00000000fdb80000,0x00000000fdb80000,0x0000000100000000)
[24.779s][debug  ][gc,heap        ] GC(90)  ParOldGen       total 1835008K, used 841316K [0x0000000080000000, 0x00000000f0000000, 0x00000000f0000000)
[24.779s][debug  ][gc,heap        ] GC(90)   object space 1835008K, 45% used [0x0000000080000000,0x00000000b35990a0,0x00000000f0000000)
[24.779s][debug  ][gc,heap        ] GC(90)  Metaspace       used 1023K, committed 1216K, reserved 1056768K
[24.779s][debug  ][gc,heap        ] GC(90)   class space    used 83K, committed 192K, reserved 1048576K
[24.779s][debug  ][gc,task,time   ] GC(90) VM-Thread 247734624 247766538 247789531
[25.061s][debug  ][gc,heap        ] GC(91) Heap before GC invocations=92 (full 15):
[25.062s][debug  ][gc,heap        ] GC(91)  PSYoungGen      total 197120K, used 188088K [0x00000000f0000000, 0x0000000100000000, 0x0000000100000000)
[25.062s][debug  ][gc,heap        ] GC(91)   eden space 196608K, 95% used [0x00000000f0000000,0x00000000fb7ae108,0x00000000fc000000)
[25.062s][debug  ][gc,heap        ] GC(91)   from space 512K, 0% used [0x00000000fc000000,0x00000000fc000000,0x00000000fc080000)
[25.062s][debug  ][gc,heap        ] GC(91)   to   space 37376K, 0% used [0x00000000fdb80000,0x00000000fdb80000,0x0000000100000000)
[25.062s][debug  ][gc,heap        ] GC(91)  ParOldGen       total 1835008K, used 841316K [0x0000000080000000, 0x00000000f0000000, 0x00000000f0000000)
[25.062s][debug  ][gc,heap        ] GC(91)   object space 1835008K, 45% used [0x0000000080000000,0x00000000b35990a0,0x00000000f0000000)
[25.062s][debug  ][gc,heap        ] GC(91)  Metaspace       used 1023K, committed 1216K, reserved 1056768K
[25.062s][debug  ][gc,heap        ] GC(91)   class space    used 83K, committed 192K, reserved 1048576K
[25.062s][debug  ][gc,tlab        ] GC(91) TLAB totals: thrds: 1  refills: 1 max: 1 slow allocs: 17 max 17 waste: 26.9% gc: 3858408B max: 3858408B slow: 0B max: 0B
[25.062s][info   ][gc,start       ] GC(91) Pause Young (Allocation Failure)
[25.062s][debug  ][gc,phases,start] GC(91) Scavenge
[25.075s][debug  ][gc,phases      ] GC(91) Scavenge 12.784ms
[25.075s][debug  ][gc,phases,start] GC(91) Reference Processing
[25.075s][debug  ][gc,ref         ] GC(91) Skipped phase 1 of Reference Processing: no references
[25.075s][debug  ][gc,ref         ] GC(91) Skipped phase 2 of Reference Processing: no references
[25.075s][debug  ][gc,ref         ] GC(91) Skipped phase 3 of Reference Processing: no references
[25.075s][debug  ][gc,ref         ] GC(91) Skipped phase 4 of Reference Processing: no references
[25.075s][debug  ][gc,phases,ref  ] GC(91) Reference Processing: 0.1ms
[25.075s][debug  ][gc,phases,ref  ] GC(91)   Reconsider SoftReferences: 0.0ms
[25.075s][debug  ][gc,phases,ref  ] GC(91)     SoftRef (ms):                  skipped
[25.075s][debug  ][gc,phases,ref  ] GC(91)   Notify Soft/WeakReferences: 0.0ms
[25.075s][debug  ][gc,phases,ref  ] GC(91)     SoftRef (ms):                  skipped
[25.075s][debug  ][gc,phases,ref  ] GC(91)     WeakRef (ms):                  skipped
[25.075s][debug  ][gc,phases,ref  ] GC(91)     FinalRef (ms):                 skipped
[25.075s][debug  ][gc,phases,ref  ] GC(91)     Total (ms):                    skipped
[25.075s][debug  ][gc,phases,ref  ] GC(91)   Notify and keep alive finalizable: 0.0ms
[25.075s][debug  ][gc,phases,ref  ] GC(91)     FinalRef (ms):                 skipped
[25.075s][debug  ][gc,phases,ref  ] GC(91)   Notify PhantomReferences: 0.0ms
[25.075s][debug  ][gc,phases,ref  ] GC(91)     PhantomRef (ms):               skipped
[25.075s][debug  ][gc,phases,ref  ] GC(91)   SoftReference:
[25.075s][debug  ][gc,phases,ref  ] GC(91)     Discovered: 0
[25.075s][debug  ][gc,phases,ref  ] GC(91)     Cleared: 0
[25.075s][debug  ][gc,phases,ref  ] GC(91)   WeakReference:
[25.075s][debug  ][gc,phases,ref  ] GC(91)     Discovered: 0
[25.075s][debug  ][gc,phases,ref  ] GC(91)     Cleared: 0
[25.075s][debug  ][gc,phases,ref  ] GC(91)   FinalReference:
[25.076s][debug  ][gc,phases,ref  ] GC(91)     Discovered: 0
[25.076s][debug  ][gc,phases,ref  ] GC(91)     Cleared: 0
[25.076s][debug  ][gc,phases,ref  ] GC(91)   PhantomReference:
[25.076s][debug  ][gc,phases,ref  ] GC(91)     Discovered: 0
[25.076s][debug  ][gc,phases,ref  ] GC(91)     Cleared: 0
[25.076s][debug  ][gc,phases      ] GC(91) Reference Processing 0.757ms
[25.076s][debug  ][gc,phases,start] GC(91) Weak Processing
[25.076s][debug  ][gc,phases      ] GC(91)   VM Weak                        Min:  0.0, Avg:  0.0, Max:  0.0, Diff:  0.0, Sum:  0.0, Workers: 6
[25.076s][debug  ][gc,phases      ] GC(91)     Dead                           Min: 0, Avg:  0.0, Max: 0, Diff: 0, Sum: 0, Workers: 6
[25.076s][debug  ][gc,phases      ] GC(91)     Total                          Min: 0, Avg:  1.3, Max: 8, Diff: 8, Sum: 8, Workers: 6
[25.076s][debug  ][gc,phases      ] GC(91)   ObjectSynchronizer Weak        Min:  0.0, Avg:  0.0, Max:  0.0, Diff:  0.0, Sum:  0.0, Workers: 6
[25.076s][debug  ][gc,phases      ] GC(91)     Dead                           Min: 0, Avg:  0.0, Max: 0, Diff: 0, Sum: 0, Workers: 6
[25.076s][debug  ][gc,phases      ] GC(91)     Total                          Min: 0, Avg:  0.5, Max: 3, Diff: 3, Sum: 3, Workers: 6
[25.076s][debug  ][gc,phases      ] GC(91)   JVMTI Tag Weak OopStorage      Min:  0.0, Avg:  0.0, Max:  0.0, Diff:  0.0, Sum:  0.0, Workers: 6
[25.076s][debug  ][gc,phases      ] GC(91)     Dead                           Min: 0, Avg:  0.0, Max: 0, Diff: 0, Sum: 0, Workers: 6
[25.076s][debug  ][gc,phases      ] GC(91)     Total                          Min: 0, Avg:  0.0, Max: 0, Diff: 0, Sum: 0, Workers: 6
[25.076s][debug  ][gc,phases      ] GC(91)   StringTable Weak               Min:  0.0, Avg:  0.0, Max:  0.0, Diff:  0.0, Sum:  0.0, Workers: 6
[25.076s][debug  ][gc,phases      ] GC(91)     Dead                           Min: 0, Avg:  0.0, Max: 0, Diff: 0, Sum: 0, Workers: 6
[25.076s][debug  ][gc,phases      ] GC(91)     Total                          Min: 768, Avg: 892.2, Max: 1151, Diff: 383, Sum: 5353, Workers: 6
[25.076s][debug  ][gc,phases      ] GC(91)   ResolvedMethodTable Weak       Min:  0.0, Avg:  0.0, Max:  0.0, Diff:  0.0, Sum:  0.0, Workers: 6
[25.076s][debug  ][gc,phases      ] GC(91)     Dead                           Min: 0, Avg:  0.0, Max: 0, Diff: 0, Sum: 0, Workers: 6
[25.076s][debug  ][gc,phases      ] GC(91)     Total                          Min: 0, Avg: 21.7, Max: 64, Diff: 64, Sum: 130, Workers: 6
[25.076s][debug  ][gc,phases      ] GC(91)   JNI Weak                       Min:  0.0, Avg:  0.0, Max:  0.0, Diff:  0.0, Sum:  0.0, Workers: 6
[25.076s][debug  ][gc,phases      ] GC(91)     Dead                           Min: 0, Avg:  0.0, Max: 0, Diff: 0, Sum: 0, Workers: 6
[25.076s][debug  ][gc,phases      ] GC(91)     Total                          Min: 0, Avg:  0.0, Max: 0, Diff: 0, Sum: 0, Workers: 6
[25.076s][debug  ][gc,phases      ] GC(91)   StringDedup Table Weak         Min:  0.0, Avg:  0.0, Max:  0.0, Diff:  0.0, Sum:  0.0, Workers: 6
[25.076s][debug  ][gc,phases      ] GC(91)     Dead                           Min: 0, Avg:  0.0, Max: 0, Diff: 0, Sum: 0, Workers: 6
[25.076s][debug  ][gc,phases      ] GC(91)     Total                          Min: 0, Avg:  0.0, Max: 0, Diff: 0, Sum: 0, Workers: 6
[25.076s][debug  ][gc,phases      ] GC(91)   StringDedup Requests0 Weak     Min:  0.0, Avg:  0.0, Max:  0.0, Diff:  0.0, Sum:  0.0, Workers: 6
[25.076s][debug  ][gc,phases      ] GC(91)     Dead                           Min: 0, Avg:  0.0, Max: 0, Diff: 0, Sum: 0, Workers: 6
[25.076s][debug  ][gc,phases      ] GC(91)     Total                          Min: 0, Avg:  0.0, Max: 0, Diff: 0, Sum: 0, Workers: 6
[25.076s][debug  ][gc,phases      ] GC(91)   StringDedup Requests1 Weak     Min:  0.0, Avg:  0.0, Max:  0.0, Diff:  0.0, Sum:  0.0, Workers: 6
[25.076s][debug  ][gc,phases      ] GC(91)     Dead                           Min: 0, Avg:  0.0, Max: 0, Diff: 0, Sum: 0, Workers: 6
[25.076s][debug  ][gc,phases      ] GC(91)     Total                          Min: 0, Avg:  0.0, Max: 0, Diff: 0, Sum: 0, Workers: 6
[25.076s][debug  ][gc,phases      ] GC(91)   Weak JFR Old Object Samples    Min:  0.0, Avg:  0.0, Max:  0.0, Diff:  0.0, Sum:  0.0, Workers: 6
[25.076s][debug  ][gc,phases      ] GC(91)     Dead                           Min: 0, Avg:  0.0, Max: 0, Diff: 0, Sum: 0, Workers: 6
[25.076s][debug  ][gc,phases      ] GC(91)     Total                          Min: 0, Avg:  0.0, Max: 0, Diff: 0, Sum: 0, Workers: 6
[25.076s][debug  ][gc,phases      ] GC(91) Weak Processing 0.788ms
[25.076s][debug  ][gc,ergo        ] GC(91) AdaptiveSizeStart:  collection: 92 
[25.077s][debug  ][gc,ergo        ] GC(91) avg_survived_padded_avg: 38524816.000000
[25.077s][debug  ][gc,ergo        ] GC(91) avg_promoted_padded_avg: 236494208.000000  avg_pretenured_padded_avg: 0.000000  tenuring_thresh: 9  target_size: 38797312
[25.077s][debug  ][gc,age         ] GC(91) Desired survivor size 38797312 bytes, new threshold 9 (max threshold 15)
[25.077s][debug  ][gc,ergo        ] GC(91) PSAdaptiveSizePolicy::compute_eden_space_size: costs minor_time: 0.043638 major_cost: 0.054087 mutator_cost: 0.902275 throughput_goal: 0.990000
[25.077s][debug  ][gc,ergo        ] GC(91) Live_space: 1015879424 free_space: 1420820480
[25.077s][debug  ][gc,ergo        ] GC(91) Old eden_size: 201326592 desired_eden_size: 219676672
[25.077s][debug  ][gc,ergo        ] GC(91) AdaptiveSizeStop: collection: 92 
[25.077s][info   ][gc,heap        ] GC(91) PSYoungGen: 188088K(197120K)->30720K(223744K) Eden: 188088K(196608K)->0K(186368K) From: 0K(512K)->30720K(37376K)
[25.077s][info   ][gc,heap        ] GC(91) ParOldGen: 841316K(1835008K)->994916K(1835008K)
[25.077s][info   ][gc,metaspace   ] GC(91) Metaspace: 1023K(1216K)->1023K(1216K) NonClass: 939K(1024K)->939K(1024K) Class: 83K(192K)->83K(192K)
[25.077s][info   ][gc             ] GC(91) Pause Young (Allocation Failure) 1005M->1001M(2010M) 14.780ms
[25.077s][info   ][gc,cpu         ] GC(91) User=0.14s Sys=0.00s Real=0.02s
[25.077s][debug  ][gc,heap        ] GC(91) Heap after GC invocations=92 (full 15):
[25.077s][debug  ][gc,heap        ] GC(91)  PSYoungGen      total 223744K, used 30720K [0x00000000f0000000, 0x0000000100000000, 0x0000000100000000)
[25.077s][debug  ][gc,heap        ] GC(91)   eden space 186368K, 0% used [0x00000000f0000000,0x00000000f0000000,0x00000000fb600000)
[25.077s][debug  ][gc,heap        ] GC(91)   from space 37376K, 82% used [0x00000000fdb80000,0x00000000ff980030,0x0000000100000000)
[25.077s][debug  ][gc,heap        ] GC(91)   to   space 37888K, 0% used [0x00000000fb600000,0x00000000fb600000,0x00000000fdb00000)
[25.077s][debug  ][gc,heap        ] GC(91)  ParOldGen       total 1835008K, used 994916K [0x0000000080000000, 0x00000000f0000000, 0x00000000f0000000)
[25.077s][debug  ][gc,heap        ] GC(91)   object space 1835008K, 54% used [0x0000000080000000,0x00000000bcb99190,0x00000000f0000000)
[25.077s][debug  ][gc,heap        ] GC(91)  Metaspace       used 1023K, committed 1216K, reserved 1056768K
[25.077s][debug  ][gc,heap        ] GC(91)   class space    used 83K, committed 192K, reserved 1048576K
[25.077s][debug  ][gc,task,time   ] GC(91) VM-Thread 250614924 250748934 250770229
[25.350s][debug  ][gc,heap        ] GC(92) Heap before GC invocations=93 (full 15):
[25.350s][debug  ][gc,heap        ] GC(92)  PSYoungGen      total 223744K, used 208400K [0x00000000f0000000, 0x0000000100000000, 0x0000000100000000)
[25.350s][debug  ][gc,heap        ] GC(92)   eden space 186368K, 95% used [0x00000000f0000000,0x00000000fad84158,0x00000000fb600000)
[25.350s][debug  ][gc,heap        ] GC(92)   from space 37376K, 82% used [0x00000000fdb80000,0x00000000ff980030,0x0000000100000000)
[25.350s][debug  ][gc,heap        ] GC(92)   to   space 37888K, 0% used [0x00000000fb600000,0x00000000fb600000,0x00000000fdb00000)
[25.350s][debug  ][gc,heap        ] GC(92)  ParOldGen       total 1835008K, used 994916K [0x0000000080000000, 0x00000000f0000000, 0x00000000f0000000)
[25.350s][debug  ][gc,heap        ] GC(92)   object space 1835008K, 54% used [0x0000000080000000,0x00000000bcb99190,0x00000000f0000000)
[25.350s][debug  ][gc,heap        ] GC(92)  Metaspace       used 1023K, committed 1216K, reserved 1056768K
[25.350s][debug  ][gc,heap        ] GC(92)   class space    used 83K, committed 192K, reserved 1048576K
[25.350s][debug  ][gc,tlab        ] GC(92) TLAB totals: thrds: 1  refills: 1 max: 1 slow allocs: 16 max 16 waste: 26.0% gc: 3686472B max: 3686472B slow: 0B max: 0B
[25.350s][info   ][gc,start       ] GC(92) Pause Young (Allocation Failure)
[25.350s][debug  ][gc,phases,start] GC(92) Scavenge
[25.364s][debug  ][gc,phases      ] GC(92) Scavenge 14.351ms
[25.365s][debug  ][gc,phases,start] GC(92) Reference Processing
[25.365s][debug  ][gc,ref         ] GC(92) Skipped phase 1 of Reference Processing: no references
[25.365s][debug  ][gc,ref         ] GC(92) Skipped phase 2 of Reference Processing: no references
[25.365s][debug  ][gc,ref         ] GC(92) Skipped phase 3 of Reference Processing: no references
[25.365s][debug  ][gc,ref         ] GC(92) Skipped phase 4 of Reference Processing: no references
[25.365s][debug  ][gc,phases,ref  ] GC(92) Reference Processing: 0.1ms
[25.365s][debug  ][gc,phases,ref  ] GC(92)   Reconsider SoftReferences: 0.0ms
[25.365s][debug  ][gc,phases,ref  ] GC(92)     SoftRef (ms):                  skipped
[25.365s][debug  ][gc,phases,ref  ] GC(92)   Notify Soft/WeakReferences: 0.0ms
[25.365s][debug  ][gc,phases,ref  ] GC(92)     SoftRef (ms):                  skipped
[25.365s][debug  ][gc,phases,ref  ] GC(92)     WeakRef (ms):                  skipped
[25.365s][debug  ][gc,phases,ref  ] GC(92)     FinalRef (ms):                 skipped
[25.365s][debug  ][gc,phases,ref  ] GC(92)     Total (ms):                    skipped
[25.365s][debug  ][gc,phases,ref  ] GC(92)   Notify and keep alive finalizable: 0.0ms
[25.365s][debug  ][gc,phases,ref  ] GC(92)     FinalRef (ms):                 skipped
[25.365s][debug  ][gc,phases,ref  ] GC(92)   Notify PhantomReferences: 0.0ms
[25.365s][debug  ][gc,phases,ref  ] GC(92)     PhantomRef (ms):               skipped
[25.365s][debug  ][gc,phases,ref  ] GC(92)   SoftReference:
[25.365s][debug  ][gc,phases,ref  ] GC(92)     Discovered: 0
[25.365s][debug  ][gc,phases,ref  ] GC(92)     Cleared: 0
[25.365s][debug  ][gc,phases,ref  ] GC(92)   WeakReference:
[25.365s][debug  ][gc,phases,ref  ] GC(92)     Discovered: 0
[25.365s][debug  ][gc,phases,ref  ] GC(92)     Cleared: 0
[25.365s][debug  ][gc,phases,ref  ] GC(92)   FinalReference:
[25.365s][debug  ][gc,phases,ref  ] GC(92)     Discovered: 0
[25.365s][debug  ][gc,phases,ref  ] GC(92)     Cleared: 0
[25.365s][debug  ][gc,phases,ref  ] GC(92)   PhantomReference:
[25.365s][debug  ][gc,phases,ref  ] GC(92)     Discovered: 0
[25.365s][debug  ][gc,phases,ref  ] GC(92)     Cleared: 0
[25.365s][debug  ][gc,phases      ] GC(92) Reference Processing 0.776ms
[25.365s][debug  ][gc,phases,start] GC(92) Weak Processing
[25.365s][debug  ][gc,phases      ] GC(92)   VM Weak                        Min:  0.0, Avg:  0.0, Max:  0.0, Diff:  0.0, Sum:  0.0, Workers: 6
[25.365s][debug  ][gc,phases      ] GC(92)     Dead                           Min: 0, Avg:  0.0, Max: 0, Diff: 0, Sum: 0, Workers: 6
[25.366s][debug  ][gc,phases      ] GC(92)     Total                          Min: 0, Avg:  1.3, Max: 8, Diff: 8, Sum: 8, Workers: 6
[25.366s][debug  ][gc,phases      ] GC(92)   ObjectSynchronizer Weak        Min:  0.0, Avg:  0.0, Max:  0.0, Diff:  0.0, Sum:  0.0, Workers: 6
[25.366s][debug  ][gc,phases      ] GC(92)     Dead                           Min: 0, Avg:  0.0, Max: 0, Diff: 0, Sum: 0, Workers: 6
[25.366s][debug  ][gc,phases      ] GC(92)     Total                          Min: 0, Avg:  0.5, Max: 3, Diff: 3, Sum: 3, Workers: 6
[25.366s][debug  ][gc,phases      ] GC(92)   JVMTI Tag Weak OopStorage      Min:  0.0, Avg:  0.0, Max:  0.0, Diff:  0.0, Sum:  0.0, Workers: 6
[25.366s][debug  ][gc,phases      ] GC(92)     Dead                           Min: 0, Avg:  0.0, Max: 0, Diff: 0, Sum: 0, Workers: 6
[25.366s][debug  ][gc,phases      ] GC(92)     Total                          Min: 0, Avg:  0.0, Max: 0, Diff: 0, Sum: 0, Workers: 6
[25.366s][debug  ][gc,phases      ] GC(92)   StringTable Weak               Min:  0.0, Avg:  0.0, Max:  0.0, Diff:  0.0, Sum:  0.1, Workers: 6
[25.366s][debug  ][gc,phases      ] GC(92)     Dead                           Min: 0, Avg:  0.0, Max: 0, Diff: 0, Sum: 0, Workers: 6
[25.366s][debug  ][gc,phases      ] GC(92)     Total                          Min: 831, Avg: 892.2, Max: 960, Diff: 129, Sum: 5353, Workers: 6
[25.366s][debug  ][gc,phases      ] GC(92)   ResolvedMethodTable Weak       Min:  0.0, Avg:  0.0, Max:  0.0, Diff:  0.0, Sum:  0.0, Workers: 6
[25.366s][debug  ][gc,phases      ] GC(92)     Dead                           Min: 0, Avg:  0.0, Max: 0, Diff: 0, Sum: 0, Workers: 6
[25.366s][debug  ][gc,phases      ] GC(92)     Total                          Min: 0, Avg: 21.7, Max: 64, Diff: 64, Sum: 130, Workers: 6
[25.366s][debug  ][gc,phases      ] GC(92)   JNI Weak                       Min:  0.0, Avg:  0.0, Max:  0.0, Diff:  0.0, Sum:  0.0, Workers: 6
[25.366s][debug  ][gc,phases      ] GC(92)     Dead                           Min: 0, Avg:  0.0, Max: 0, Diff: 0, Sum: 0, Workers: 6
[25.366s][debug  ][gc,phases      ] GC(92)     Total                          Min: 0, Avg:  0.0, Max: 0, Diff: 0, Sum: 0, Workers: 6
[25.366s][debug  ][gc,phases      ] GC(92)   StringDedup Table Weak         Min:  0.0, Avg:  0.0, Max:  0.0, Diff:  0.0, Sum:  0.0, Workers: 6
[25.366s][debug  ][gc,phases      ] GC(92)     Dead                           Min: 0, Avg:  0.0, Max: 0, Diff: 0, Sum: 0, Workers: 6
[25.366s][debug  ][gc,phases      ] GC(92)     Total                          Min: 0, Avg:  0.0, Max: 0, Diff: 0, Sum: 0, Workers: 6
[25.366s][debug  ][gc,phases      ] GC(92)   StringDedup Requests0 Weak     Min:  0.0, Avg:  0.0, Max:  0.0, Diff:  0.0, Sum:  0.0, Workers: 6
[25.366s][debug  ][gc,phases      ] GC(92)     Dead                           Min: 0, Avg:  0.0, Max: 0, Diff: 0, Sum: 0, Workers: 6
[25.366s][debug  ][gc,phases      ] GC(92)     Total                          Min: 0, Avg:  0.0, Max: 0, Diff: 0, Sum: 0, Workers: 6
[25.366s][debug  ][gc,phases      ] GC(92)   StringDedup Requests1 Weak     Min:  0.0, Avg:  0.0, Max:  0.0, Diff:  0.0, Sum:  0.0, Workers: 6
[25.366s][debug  ][gc,phases      ] GC(92)     Dead                           Min: 0, Avg:  0.0, Max: 0, Diff: 0, Sum: 0, Workers: 6
[25.366s][debug  ][gc,phases      ] GC(92)     Total                          Min: 0, Avg:  0.0, Max: 0, Diff: 0, Sum: 0, Workers: 6
[25.366s][debug  ][gc,phases      ] GC(92)   Weak JFR Old Object Samples    Min:  0.0, Avg:  0.0, Max:  0.0, Diff:  0.0, Sum:  0.0, Workers: 6
[25.366s][debug  ][gc,phases      ] GC(92)     Dead                           Min: 0, Avg:  0.0, Max: 0, Diff: 0, Sum: 0, Workers: 6
[25.366s][debug  ][gc,phases      ] GC(92)     Total                          Min: 0, Avg:  0.0, Max: 0, Diff: 0, Sum: 0, Workers: 6
[25.366s][debug  ][gc,phases      ] GC(92) Weak Processing 1.076ms
[25.366s][debug  ][gc,ergo        ] GC(92) AdaptiveSizeStart:  collection: 93 
[25.366s][debug  ][gc,ergo        ] GC(92) avg_survived_padded_avg: 38662216.000000
[25.367s][debug  ][gc,ergo        ] GC(92) avg_promoted_padded_avg: 237427808.000000  avg_pretenured_padded_avg: 0.000000  tenuring_thresh: 10  target_size: 38797312
[25.367s][debug  ][gc,age         ] GC(92) Desired survivor size 38797312 bytes, new threshold 10 (max threshold 15)
[25.367s][debug  ][gc,ergo        ] GC(92) PSAdaptiveSizePolicy::compute_eden_space_size limits: desired_eden_size: 208600982 old_eden_size: 219676672 eden_limit: 191365120 cur_eden: 190840832 max_eden_size: 191365120 avg_young_live: 24007008
[25.367s][debug  ][gc,ergo        ] GC(92) PSAdaptiveSizePolicy::compute_eden_space_size: costs minor_time: 0.046829 major_cost: 0.054087 mutator_cost: 0.899085 throughput_goal: 0.990000
[25.367s][debug  ][gc,ergo        ] GC(92) Live_space: 1016707200 free_space: 1439170560
[25.367s][debug  ][gc,ergo        ] GC(92) Old eden_size: 219676672 desired_eden_size: 191365120
[25.367s][debug  ][gc,ergo        ] GC(92) AdaptiveSizeStop: collection: 93 
[25.367s][info   ][gc,heap        ] GC(92) PSYoungGen: 208400K(223744K)->30720K(224256K) Eden: 177680K(186368K)->0K(186368K) From: 30720K(37376K)->30720K(37888K)
[25.367s][info   ][gc,heap        ] GC(92) ParOldGen: 994916K(1835008K)->1168996K(1835008K)
[25.367s][info   ][gc,metaspace   ] GC(92) Metaspace: 1023K(1216K)->1023K(1216K) NonClass: 939K(1024K)->939K(1024K) Class: 83K(192K)->83K(192K)
[25.367s][info   ][gc             ] GC(92) Pause Young (Allocation Failure) 1175M->1171M(2011M) 16.725ms
[25.367s][info   ][gc,cpu         ] GC(92) User=0.00s Sys=0.00s Real=0.02s
[25.367s][debug  ][gc,heap        ] GC(92) Heap after GC invocations=93 (full 15):
[25.367s][debug  ][gc,heap        ] GC(92)  PSYoungGen      total 224256K, used 30720K [0x00000000f0000000, 0x0000000100000000, 0x0000000100000000)
[25.367s][debug  ][gc,heap        ] GC(92)   eden space 186368K, 0% used [0x00000000f0000000,0x00000000f0000000,0x00000000fb600000)
[25.367s][debug  ][gc,heap        ] GC(92)   from space 37888K, 81% used [0x00000000fb600000,0x00000000fd400030,0x00000000fdb00000)
[25.367s][debug  ][gc,heap        ] GC(92)   to   space 37888K, 0% used [0x00000000fdb00000,0x00000000fdb00000,0x0000000100000000)
[25.367s][debug  ][gc,heap        ] GC(92)  ParOldGen       total 1835008K, used 1168996K [0x0000000080000000, 0x00000000f0000000, 0x00000000f0000000)
[25.367s][debug  ][gc,heap        ] GC(92)   object space 1835008K, 63% used [0x0000000080000000,0x00000000c75992a0,0x00000000f0000000)
[25.367s][debug  ][gc,heap        ] GC(92)  Metaspace       used 1023K, committed 1216K, reserved 1056768K
[25.367s][debug  ][gc,heap        ] GC(92)   class space    used 83K, committed 192K, reserved 1048576K
[25.367s][debug  ][gc,task,time   ] GC(92) VM-Thread 253496108 253645532 253670622
[25.634s][debug  ][gc,heap        ] GC(93) Heap before GC invocations=94 (full 15):
[25.634s][debug  ][gc,heap        ] GC(93)  PSYoungGen      total 224256K, used 208418K [0x00000000f0000000, 0x0000000100000000, 0x0000000100000000)
[25.635s][debug  ][gc,heap        ] GC(93)   eden space 186368K, 95% used [0x00000000f0000000,0x00000000fad889d0,0x00000000fb600000)
[25.635s][debug  ][gc,heap        ] GC(93)   from space 37888K, 81% used [0x00000000fb600000,0x00000000fd400030,0x00000000fdb00000)
[25.635s][debug  ][gc,heap        ] GC(93)   to   space 37888K, 0% used [0x00000000fdb00000,0x00000000fdb00000,0x0000000100000000)
[25.635s][debug  ][gc,heap        ] GC(93)  ParOldGen       total 1835008K, used 1168996K [0x0000000080000000, 0x00000000f0000000, 0x00000000f0000000)
[25.635s][debug  ][gc,heap        ] GC(93)   object space 1835008K, 63% used [0x0000000080000000,0x00000000c75992a0,0x00000000f0000000)
[25.635s][debug  ][gc,heap        ] GC(93)  Metaspace       used 1023K, committed 1216K, reserved 1056768K
[25.635s][debug  ][gc,heap        ] GC(93)   class space    used 83K, committed 192K, reserved 1048576K
[25.635s][debug  ][gc,tlab        ] GC(93) TLAB totals: thrds: 1  refills: 1 max: 1 slow allocs: 16 max 16 waste: 26.1% gc: 3705024B max: 3705024B slow: 0B max: 0B
[25.635s][info   ][gc,start       ] GC(93) Pause Young (Allocation Failure)
[25.635s][debug  ][gc,phases,start] GC(93) Scavenge
[25.649s][debug  ][gc,phases      ] GC(93) Scavenge 14.134ms
[25.649s][debug  ][gc,phases,start] GC(93) Reference Processing
[25.649s][debug  ][gc,ref         ] GC(93) Skipped phase 1 of Reference Processing: no references
[25.649s][debug  ][gc,ref         ] GC(93) Skipped phase 2 of Reference Processing: no references
[25.649s][debug  ][gc,ref         ] GC(93) Skipped phase 3 of Reference Processing: no references
[25.649s][debug  ][gc,ref         ] GC(93) Skipped phase 4 of Reference Processing: no references
[25.649s][debug  ][gc,phases,ref  ] GC(93) Reference Processing: 0.1ms
[25.649s][debug  ][gc,phases,ref  ] GC(93)   Reconsider SoftReferences: 0.0ms
[25.649s][debug  ][gc,phases,ref  ] GC(93)     SoftRef (ms):                  skipped
[25.649s][debug  ][gc,phases,ref  ] GC(93)   Notify Soft/WeakReferences: 0.0ms
[25.649s][debug  ][gc,phases,ref  ] GC(93)     SoftRef (ms):                  skipped
[25.649s][debug  ][gc,phases,ref  ] GC(93)     WeakRef (ms):                  skipped
[25.649s][debug  ][gc,phases,ref  ] GC(93)     FinalRef (ms):                 skipped
[25.649s][debug  ][gc,phases,ref  ] GC(93)     Total (ms):                    skipped
[25.649s][debug  ][gc,phases,ref  ] GC(93)   Notify and keep alive finalizable: 0.0ms
[25.649s][debug  ][gc,phases,ref  ] GC(93)     FinalRef (ms):                 skipped
[25.649s][debug  ][gc,phases,ref  ] GC(93)   Notify PhantomReferences: 0.0ms
[25.650s][debug  ][gc,phases,ref  ] GC(93)     PhantomRef (ms):               skipped
[25.650s][debug  ][gc,phases,ref  ] GC(93)   SoftReference:
[25.650s][debug  ][gc,phases,ref  ] GC(93)     Discovered: 0
[25.650s][debug  ][gc,phases,ref  ] GC(93)     Cleared: 0
[25.650s][debug  ][gc,phases,ref  ] GC(93)   WeakReference:
[25.650s][debug  ][gc,phases,ref  ] GC(93)     Discovered: 0
[25.650s][debug  ][gc,phases,ref  ] GC(93)     Cleared: 0
[25.650s][debug  ][gc,phases,ref  ] GC(93)   FinalReference:
[25.650s][debug  ][gc,phases,ref  ] GC(93)     Discovered: 0
[25.650s][debug  ][gc,phases,ref  ] GC(93)     Cleared: 0
[25.650s][debug  ][gc,phases,ref  ] GC(93)   PhantomReference:
[25.650s][debug  ][gc,phases,ref  ] GC(93)     Discovered: 0
[25.650s][debug  ][gc,phases,ref  ] GC(93)     Cleared: 0
[25.650s][debug  ][gc,phases      ] GC(93) Reference Processing 0.747ms
[25.650s][debug  ][gc,phases,start] GC(93) Weak Processing
[25.650s][debug  ][gc,phases      ] GC(93)   VM Weak                        Min:  0.0, Avg:  0.0, Max:  0.0, Diff:  0.0, Sum:  0.0, Workers: 6
[25.650s][debug  ][gc,phases      ] GC(93)     Dead                           Min: 0, Avg:  0.0, Max: 0, Diff: 0, Sum: 0, Workers: 6
[25.650s][debug  ][gc,phases      ] GC(93)     Total                          Min: 0, Avg:  1.3, Max: 8, Diff: 8, Sum: 8, Workers: 6
[25.650s][debug  ][gc,phases      ] GC(93)   ObjectSynchronizer Weak        Min:  0.0, Avg:  0.0, Max:  0.0, Diff:  0.0, Sum:  0.0, Workers: 6
[25.650s][debug  ][gc,phases      ] GC(93)     Dead                           Min: 0, Avg:  0.0, Max: 0, Diff: 0, Sum: 0, Workers: 6
[25.650s][debug  ][gc,phases      ] GC(93)     Total                          Min: 0, Avg:  0.5, Max: 3, Diff: 3, Sum: 3, Workers: 6
[25.650s][debug  ][gc,phases      ] GC(93)   JVMTI Tag Weak OopStorage      Min:  0.0, Avg:  0.0, Max:  0.0, Diff:  0.0, Sum:  0.0, Workers: 6
[25.650s][debug  ][gc,phases      ] GC(93)     Dead                           Min: 0, Avg:  0.0, Max: 0, Diff: 0, Sum: 0, Workers: 6
[25.650s][debug  ][gc,phases      ] GC(93)     Total                          Min: 0, Avg:  0.0, Max: 0, Diff: 0, Sum: 0, Workers: 6
[25.650s][debug  ][gc,phases      ] GC(93)   StringTable Weak               Min:  0.0, Avg:  0.0, Max:  0.0, Diff:  0.0, Sum:  0.0, Workers: 6
[25.650s][debug  ][gc,phases      ] GC(93)     Dead                           Min: 0, Avg:  0.0, Max: 0, Diff: 0, Sum: 0, Workers: 6
[25.650s][debug  ][gc,phases      ] GC(93)     Total                          Min: 640, Avg: 892.2, Max: 1280, Diff: 640, Sum: 5353, Workers: 6
[25.650s][debug  ][gc,phases      ] GC(93)   ResolvedMethodTable Weak       Min:  0.0, Avg:  0.0, Max:  0.0, Diff:  0.0, Sum:  0.0, Workers: 6
[25.650s][debug  ][gc,phases      ] GC(93)     Dead                           Min: 0, Avg:  0.0, Max: 0, Diff: 0, Sum: 0, Workers: 6
[25.650s][debug  ][gc,phases      ] GC(93)     Total                          Min: 0, Avg: 21.7, Max: 64, Diff: 64, Sum: 130, Workers: 6
[25.650s][debug  ][gc,phases      ] GC(93)   JNI Weak                       Min:  0.0, Avg:  0.0, Max:  0.0, Diff:  0.0, Sum:  0.0, Workers: 6
[25.650s][debug  ][gc,phases      ] GC(93)     Dead                           Min: 0, Avg:  0.0, Max: 0, Diff: 0, Sum: 0, Workers: 6
[25.650s][debug  ][gc,phases      ] GC(93)     Total                          Min: 0, Avg:  0.0, Max: 0, Diff: 0, Sum: 0, Workers: 6
[25.650s][debug  ][gc,phases      ] GC(93)   StringDedup Table Weak         Min:  0.0, Avg:  0.0, Max:  0.0, Diff:  0.0, Sum:  0.0, Workers: 6
[25.650s][debug  ][gc,phases      ] GC(93)     Dead                           Min: 0, Avg:  0.0, Max: 0, Diff: 0, Sum: 0, Workers: 6
[25.650s][debug  ][gc,phases      ] GC(93)     Total                          Min: 0, Avg:  0.0, Max: 0, Diff: 0, Sum: 0, Workers: 6
[25.651s][debug  ][gc,phases      ] GC(93)   StringDedup Requests0 Weak     Min:  0.0, Avg:  0.0, Max:  0.0, Diff:  0.0, Sum:  0.0, Workers: 6
[25.651s][debug  ][gc,phases      ] GC(93)     Dead                           Min: 0, Avg:  0.0, Max: 0, Diff: 0, Sum: 0, Workers: 6
[25.651s][debug  ][gc,phases      ] GC(93)     Total                          Min: 0, Avg:  0.0, Max: 0, Diff: 0, Sum: 0, Workers: 6
[25.651s][debug  ][gc,phases      ] GC(93)   StringDedup Requests1 Weak     Min:  0.0, Avg:  0.0, Max:  0.0, Diff:  0.0, Sum:  0.0, Workers: 6
[25.651s][debug  ][gc,phases      ] GC(93)     Dead                           Min: 0, Avg:  0.0, Max: 0, Diff: 0, Sum: 0, Workers: 6
[25.651s][debug  ][gc,phases      ] GC(93)     Total                          Min: 0, Avg:  0.0, Max: 0, Diff: 0, Sum: 0, Workers: 6
[25.651s][debug  ][gc,phases      ] GC(93)   Weak JFR Old Object Samples    Min:  0.0, Avg:  0.0, Max:  0.0, Diff:  0.0, Sum:  0.0, Workers: 6
[25.651s][debug  ][gc,phases      ] GC(93)     Dead                           Min: 0, Avg:  0.0, Max: 0, Diff: 0, Sum: 0, Workers: 6
[25.651s][debug  ][gc,phases      ] GC(93)     Total                          Min: 0, Avg:  0.0, Max: 0, Diff: 0, Sum: 0, Workers: 6
[25.651s][debug  ][gc,phases      ] GC(93) Weak Processing 0.861ms
[25.651s][debug  ][gc,ergo        ] GC(93) AdaptiveSizeStart:  collection: 94 
[25.651s][debug  ][gc,ergo        ] GC(93) avg_survived_padded_avg: 38701464.000000
[25.651s][debug  ][gc,ergo        ] GC(93) avg_promoted_padded_avg: 237592320.000000  avg_pretenured_padded_avg: 0.000000  tenuring_thresh: 11  target_size: 38797312
[25.651s][debug  ][gc,age         ] GC(93) Desired survivor size 38797312 bytes, new threshold 11 (max threshold 15)
[25.651s][debug  ][gc,ergo        ] GC(93) PSAdaptiveSizePolicy::compute_eden_space_size limits: desired_eden_size: 209049881 old_eden_size: 191365120 eden_limit: 190840832 cur_eden: 190840832 max_eden_size: 190840832 avg_young_live: 24752040
[25.651s][debug  ][gc,ergo        ] GC(93) PSAdaptiveSizePolicy::compute_eden_space_size: costs minor_time: 0.049086 major_cost: 0.054087 mutator_cost: 0.896827 throughput_goal: 0.990000
[25.651s][debug  ][gc,ergo        ] GC(93) Live_space: 1017452288 free_space: 1410859008
[25.651s][debug  ][gc,ergo        ] GC(93) Old eden_size: 191365120 desired_eden_size: 190840832
[25.651s][debug  ][gc,ergo        ] GC(93) AdaptiveSizeStop: collection: 94 
[25.651s][info   ][gc,heap        ] GC(93) PSYoungGen: 208418K(224256K)->30720K(224256K) Eden: 177698K(186368K)->0K(186368K) From: 30720K(37888K)->30720K(37888K)
[25.651s][info   ][gc,heap        ] GC(93) ParOldGen: 1168996K(1835008K)->1343076K(1835008K)
[25.651s][info   ][gc,metaspace   ] GC(93) Metaspace: 1023K(1216K)->1023K(1216K) NonClass: 939K(1024K)->939K(1024K) Class: 83K(192K)->83K(192K)
[25.651s][info   ][gc             ] GC(93) Pause Young (Allocation Failure) 1345M->1341M(2011M) 16.415ms
[25.651s][info   ][gc,cpu         ] GC(93) User=0.14s Sys=0.00s Real=0.02s
[25.651s][debug  ][gc,heap        ] GC(93) Heap after GC invocations=94 (full 15):
[25.651s][debug  ][gc,heap        ] GC(93)  PSYoungGen      total 224256K, used 30720K [0x00000000f0000000, 0x0000000100000000, 0x0000000100000000)
[25.651s][debug  ][gc,heap        ] GC(93)   eden space 186368K, 0% used [0x00000000f0000000,0x00000000f0000000,0x00000000fb600000)
[25.651s][debug  ][gc,heap        ] GC(93)   from space 37888K, 81% used [0x00000000fdb00000,0x00000000ff900030,0x0000000100000000)
[25.651s][debug  ][gc,heap        ] GC(93)   to   space 37888K, 0% used [0x00000000fb600000,0x00000000fb600000,0x00000000fdb00000)
[25.651s][debug  ][gc,heap        ] GC(93)  ParOldGen       total 1835008K, used 1343076K [0x0000000080000000, 0x00000000f0000000, 0x00000000f0000000)
[25.651s][debug  ][gc,heap        ] GC(93)   object space 1835008K, 73% used [0x0000000080000000,0x00000000d1f993b0,0x00000000f0000000)
[25.651s][debug  ][gc,heap        ] GC(93)  Metaspace       used 1023K, committed 1216K, reserved 1056768K
[25.651s][debug  ][gc,heap        ] GC(93)   class space    used 83K, committed 192K, reserved 1048576K
[25.652s][debug  ][gc,task,time   ] GC(93) VM-Thread 256343499 256491010 256515105
[25.920s][debug  ][gc,heap        ] GC(94) Heap before GC invocations=95 (full 15):
[25.920s][debug  ][gc,heap        ] GC(94)  PSYoungGen      total 224256K, used 208430K [0x00000000f0000000, 0x0000000100000000, 0x0000000100000000)
[25.920s][debug  ][gc,heap        ] GC(94)   eden space 186368K, 95% used [0x00000000f0000000,0x00000000fad8b868,0x00000000fb600000)
[25.920s][debug  ][gc,heap        ] GC(94)   from space 37888K, 81% used [0x00000000fdb00000,0x00000000ff900030,0x0000000100000000)
[25.920s][debug  ][gc,heap        ] GC(94)   to   space 37888K, 0% used [0x00000000fb600000,0x00000000fb600000,0x00000000fdb00000)
[25.920s][debug  ][gc,heap        ] GC(94)  ParOldGen       total 1835008K, used 1343076K [0x0000000080000000, 0x00000000f0000000, 0x00000000f0000000)
[25.920s][debug  ][gc,heap        ] GC(94)   object space 1835008K, 73% used [0x0000000080000000,0x00000000d1f993b0,0x00000000f0000000)
[25.920s][debug  ][gc,heap        ] GC(94)  Metaspace       used 1023K, committed 1216K, reserved 1056768K
[25.920s][debug  ][gc,heap        ] GC(94)   class space    used 83K, committed 192K, reserved 1048576K
[25.920s][debug  ][gc,tlab        ] GC(94) TLAB totals: thrds: 1  refills: 1 max: 1 slow allocs: 16 max 16 waste: 26.2% gc: 3716952B max: 3716952B slow: 0B max: 0B
[25.920s][info   ][gc,start       ] GC(94) Pause Young (Allocation Failure)
[25.921s][debug  ][gc,phases,start] GC(94) Scavenge
[25.935s][debug  ][gc,phases      ] GC(94) Scavenge 14.472ms
[25.935s][debug  ][gc,phases,start] GC(94) Reference Processing
[25.935s][debug  ][gc,ref         ] GC(94) Skipped phase 1 of Reference Processing: no references
[25.935s][debug  ][gc,ref         ] GC(94) Skipped phase 2 of Reference Processing: no references
[25.935s][debug  ][gc,ref         ] GC(94) Skipped phase 3 of Reference Processing: no references
[25.935s][debug  ][gc,ref         ] GC(94) Skipped phase 4 of Reference Processing: no references
[25.935s][debug  ][gc,phases,ref  ] GC(94) Reference Processing: 0.1ms
[25.935s][debug  ][gc,phases,ref  ] GC(94)   Reconsider SoftReferences: 0.0ms
[25.935s][debug  ][gc,phases,ref  ] GC(94)     SoftRef (ms):                  skipped
[25.935s][debug  ][gc,phases,ref  ] GC(94)   Notify Soft/WeakReferences: 0.0ms
[25.935s][debug  ][gc,phases,ref  ] GC(94)     SoftRef (ms):                  skipped
[25.935s][debug  ][gc,phases,ref  ] GC(94)     WeakRef (ms):                  skipped
[25.935s][debug  ][gc,phases,ref  ] GC(94)     FinalRef (ms):                 skipped
[25.936s][debug  ][gc,phases,ref  ] GC(94)     Total (ms):                    skipped
[25.936s][debug  ][gc,phases,ref  ] GC(94)   Notify and keep alive finalizable: 0.0ms
[25.936s][debug  ][gc,phases,ref  ] GC(94)     FinalRef (ms):                 skipped
[25.936s][debug  ][gc,phases,ref  ] GC(94)   Notify PhantomReferences: 0.0ms
[25.936s][debug  ][gc,phases,ref  ] GC(94)     PhantomRef (ms):               skipped
[25.936s][debug  ][gc,phases,ref  ] GC(94)   SoftReference:
[25.936s][debug  ][gc,phases,ref  ] GC(94)     Discovered: 0
[25.936s][debug  ][gc,phases,ref  ] GC(94)     Cleared: 0
[25.936s][debug  ][gc,phases,ref  ] GC(94)   WeakReference:
[25.936s][debug  ][gc,phases,ref  ] GC(94)     Discovered: 0
[25.936s][debug  ][gc,phases,ref  ] GC(94)     Cleared: 0
[25.936s][debug  ][gc,phases,ref  ] GC(94)   FinalReference:
[25.936s][debug  ][gc,phases,ref  ] GC(94)     Discovered: 0
[25.936s][debug  ][gc,phases,ref  ] GC(94)     Cleared: 0
[25.936s][debug  ][gc,phases,ref  ] GC(94)   PhantomReference:
[25.936s][debug  ][gc,phases,ref  ] GC(94)     Discovered: 0
[25.936s][debug  ][gc,phases,ref  ] GC(94)     Cleared: 0
[25.936s][debug  ][gc,phases      ] GC(94) Reference Processing 0.963ms
[25.936s][debug  ][gc,phases,start] GC(94) Weak Processing
[25.936s][debug  ][gc,phases      ] GC(94)   VM Weak                        Min:  0.0, Avg:  0.0, Max:  0.0, Diff:  0.0, Sum:  0.0, Workers: 6
[25.936s][debug  ][gc,phases      ] GC(94)     Dead                           Min: 0, Avg:  0.0, Max: 0, Diff: 0, Sum: 0, Workers: 6
[25.936s][debug  ][gc,phases      ] GC(94)     Total                          Min: 0, Avg:  1.3, Max: 8, Diff: 8, Sum: 8, Workers: 6
[25.936s][debug  ][gc,phases      ] GC(94)   ObjectSynchronizer Weak        Min:  0.0, Avg:  0.0, Max:  0.0, Diff:  0.0, Sum:  0.0, Workers: 6
[25.936s][debug  ][gc,phases      ] GC(94)     Dead                           Min: 0, Avg:  0.0, Max: 0, Diff: 0, Sum: 0, Workers: 6
[25.936s][debug  ][gc,phases      ] GC(94)     Total                          Min: 0, Avg:  0.5, Max: 3, Diff: 3, Sum: 3, Workers: 6
[25.936s][debug  ][gc,phases      ] GC(94)   JVMTI Tag Weak OopStorage      Min:  0.0, Avg:  0.0, Max:  0.0, Diff:  0.0, Sum:  0.0, Workers: 6
[25.936s][debug  ][gc,phases      ] GC(94)     Dead                           Min: 0, Avg:  0.0, Max: 0, Diff: 0, Sum: 0, Workers: 6
[25.936s][debug  ][gc,phases      ] GC(94)     Total                          Min: 0, Avg:  0.0, Max: 0, Diff: 0, Sum: 0, Workers: 6
[25.936s][debug  ][gc,phases      ] GC(94)   StringTable Weak               Min:  0.0, Avg:  0.0, Max:  0.0, Diff:  0.0, Sum:  0.0, Workers: 6
[25.937s][debug  ][gc,phases      ] GC(94)     Dead                           Min: 0, Avg:  0.0, Max: 0, Diff: 0, Sum: 0, Workers: 6
[25.937s][debug  ][gc,phases      ] GC(94)     Total                          Min: 768, Avg: 892.2, Max: 1024, Diff: 256, Sum: 5353, Workers: 6
[25.937s][debug  ][gc,phases      ] GC(94)   ResolvedMethodTable Weak       Min:  0.0, Avg:  0.0, Max:  0.0, Diff:  0.0, Sum:  0.0, Workers: 6
[25.937s][debug  ][gc,phases      ] GC(94)     Dead                           Min: 0, Avg:  0.0, Max: 0, Diff: 0, Sum: 0, Workers: 6
[25.937s][debug  ][gc,phases      ] GC(94)     Total                          Min: 0, Avg: 21.7, Max: 64, Diff: 64, Sum: 130, Workers: 6
[25.937s][debug  ][gc,phases      ] GC(94)   JNI Weak                       Min:  0.0, Avg:  0.0, Max:  0.0, Diff:  0.0, Sum:  0.0, Workers: 6
[25.937s][debug  ][gc,phases      ] GC(94)     Dead                           Min: 0, Avg:  0.0, Max: 0, Diff: 0, Sum: 0, Workers: 6
[25.937s][debug  ][gc,phases      ] GC(94)     Total                          Min: 0, Avg:  0.0, Max: 0, Diff: 0, Sum: 0, Workers: 6
[25.937s][debug  ][gc,phases      ] GC(94)   StringDedup Table Weak         Min:  0.0, Avg:  0.0, Max:  0.0, Diff:  0.0, Sum:  0.0, Workers: 6
[25.937s][debug  ][gc,phases      ] GC(94)     Dead                           Min: 0, Avg:  0.0, Max: 0, Diff: 0, Sum: 0, Workers: 6
[25.937s][debug  ][gc,phases      ] GC(94)     Total                          Min: 0, Avg:  0.0, Max: 0, Diff: 0, Sum: 0, Workers: 6
[25.937s][debug  ][gc,phases      ] GC(94)   StringDedup Requests0 Weak     Min:  0.0, Avg:  0.0, Max:  0.0, Diff:  0.0, Sum:  0.0, Workers: 6
[25.937s][debug  ][gc,phases      ] GC(94)     Dead                           Min: 0, Avg:  0.0, Max: 0, Diff: 0, Sum: 0, Workers: 6
[25.937s][debug  ][gc,phases      ] GC(94)     Total                          Min: 0, Avg:  0.0, Max: 0, Diff: 0, Sum: 0, Workers: 6
[25.937s][debug  ][gc,phases      ] GC(94)   StringDedup Requests1 Weak     Min:  0.0, Avg:  0.0, Max:  0.0, Diff:  0.0, Sum:  0.0, Workers: 6
[25.937s][debug  ][gc,phases      ] GC(94)     Dead                           Min: 0, Avg:  0.0, Max: 0, Diff: 0, Sum: 0, Workers: 6
[25.937s][debug  ][gc,phases      ] GC(94)     Total                          Min: 0, Avg:  0.0, Max: 0, Diff: 0, Sum: 0, Workers: 6
[25.937s][debug  ][gc,phases      ] GC(94)   Weak JFR Old Object Samples    Min:  0.0, Avg:  0.0, Max:  0.0, Diff:  0.0, Sum:  0.0, Workers: 6
[25.937s][debug  ][gc,phases      ] GC(94)     Dead                           Min: 0, Avg:  0.0, Max: 0, Diff: 0, Sum: 0, Workers: 6
[25.937s][debug  ][gc,phases      ] GC(94)     Total                          Min: 0, Avg:  0.0, Max: 0, Diff: 0, Sum: 0, Workers: 6
[25.937s][debug  ][gc,phases      ] GC(94) Weak Processing 0.983ms
[25.937s][debug  ][gc,ergo        ] GC(94) AdaptiveSizeStart:  collection: 95 
[25.937s][debug  ][gc,ergo        ] GC(94) avg_survived_padded_avg: 38660808.000000
[25.937s][debug  ][gc,ergo        ] GC(94) avg_promoted_padded_avg: 237132240.000000  avg_pretenured_padded_avg: 0.000000  tenuring_thresh: 11  target_size: 38797312
[25.937s][debug  ][gc,age         ] GC(94) Desired survivor size 38797312 bytes, new threshold 11 (max threshold 15)
[25.937s][debug  ][gc,ergo        ] GC(94) PSAdaptiveSizePolicy::compute_eden_space_size limits: desired_eden_size: 209467726 old_eden_size: 190840832 eden_limit: 190840832 cur_eden: 190840832 max_eden_size: 190840832 avg_young_live: 25422568
[25.937s][debug  ][gc,ergo        ] GC(94) PSAdaptiveSizePolicy::compute_eden_space_size: costs minor_time: 0.051281 major_cost: 0.054087 mutator_cost: 0.894632 throughput_goal: 0.990000
[25.937s][debug  ][gc,ergo        ] GC(94) Live_space: 1018122752 free_space: 1410334720
[25.937s][debug  ][gc,ergo        ] GC(94) Old eden_size: 190840832 desired_eden_size: 190840832
[25.937s][debug  ][gc,ergo        ] GC(94) AdaptiveSizeStop: collection: 95 
[25.937s][info   ][gc,heap        ] GC(94) PSYoungGen: 208430K(224256K)->30720K(224256K) Eden: 177710K(186368K)->0K(186368K) From: 30720K(37888K)->30720K(37888K)
[25.937s][info   ][gc,heap        ] GC(94) ParOldGen: 1343076K(1835008K)->1517157K(1835008K)
[25.937s][info   ][gc,metaspace   ] GC(94) Metaspace: 1023K(1216K)->1023K(1216K) NonClass: 939K(1024K)->939K(1024K) Class: 83K(192K)->83K(192K)
[25.937s][info   ][gc             ] GC(94) Pause Young (Allocation Failure) 1515M->1511M(2011M) 17.016ms
[25.938s][info   ][gc,cpu         ] GC(94) User=0.16s Sys=0.00s Real=0.02s
[25.938s][debug  ][gc,heap        ] GC(94) Heap after GC invocations=95 (full 15):
[25.938s][debug  ][gc,heap        ] GC(94)  PSYoungGen      total 224256K, used 30720K [0x00000000f0000000, 0x0000000100000000, 0x0000000100000000)
[25.938s][debug  ][gc,heap        ] GC(94)   eden space 186368K, 0% used [0x00000000f0000000,0x00000000f0000000,0x00000000fb600000)
[25.938s][debug  ][gc,heap        ] GC(94)   from space 37888K, 81% used [0x00000000fb600000,0x00000000fd400030,0x00000000fdb00000)
[25.938s][debug  ][gc,heap        ] GC(94)   to   space 37888K, 0% used [0x00000000fdb00000,0x00000000fdb00000,0x0000000100000000)
[25.938s][debug  ][gc,heap        ] GC(94)  ParOldGen       total 1835008K, used 1517157K [0x0000000080000000, 0x00000000f0000000, 0x00000000f0000000)
[25.938s][debug  ][gc,heap        ] GC(94)   object space 1835008K, 82% used [0x0000000080000000,0x00000000dc9994c0,0x00000000f0000000)
[25.938s][debug  ][gc,heap        ] GC(94)  Metaspace       used 1023K, committed 1216K, reserved 1056768K
[25.938s][debug  ][gc,heap        ] GC(94)   class space    used 83K, committed 192K, reserved 1048576K
[25.938s][debug  ][gc,task,time   ] GC(94) VM-Thread 259199785 259351060 259377653
[26.203s][debug  ][gc,heap        ] GC(95) Heap before GC invocations=96 (full 15):
[26.203s][debug  ][gc,heap        ] GC(95)  PSYoungGen      total 224256K, used 208437K [0x00000000f0000000, 0x0000000100000000, 0x0000000100000000)
[26.203s][debug  ][gc,heap        ] GC(95)   eden space 186368K, 95% used [0x00000000f0000000,0x00000000fad8d658,0x00000000fb600000)
[26.203s][debug  ][gc,heap        ] GC(95)   from space 37888K, 81% used [0x00000000fb600000,0x00000000fd400030,0x00000000fdb00000)
[26.203s][debug  ][gc,heap        ] GC(95)   to   space 37888K, 0% used [0x00000000fdb00000,0x00000000fdb00000,0x0000000100000000)
[26.203s][debug  ][gc,heap        ] GC(95)  ParOldGen       total 1835008K, used 1517157K [0x0000000080000000, 0x00000000f0000000, 0x00000000f0000000)
[26.204s][debug  ][gc,heap        ] GC(95)   object space 1835008K, 82% used [0x0000000080000000,0x00000000dc9994c0,0x00000000f0000000)
[26.204s][debug  ][gc,heap        ] GC(95)  Metaspace       used 1023K, committed 1216K, reserved 1056768K
[26.204s][debug  ][gc,heap        ] GC(95)   class space    used 83K, committed 192K, reserved 1048576K
[26.204s][debug  ][gc,tlab        ] GC(95) TLAB totals: thrds: 1  refills: 1 max: 1 slow allocs: 16 max 16 waste: 26.2% gc: 3724616B max: 3724616B slow: 0B max: 0B
[26.204s][info   ][gc,start       ] GC(95) Pause Young (Allocation Failure)
[26.204s][debug  ][gc,phases,start] GC(95) Scavenge
[26.218s][debug  ][gc,phases      ] GC(95) Scavenge 14.095ms
[26.218s][debug  ][gc,phases,start] GC(95) Reference Processing
[26.218s][debug  ][gc,ref         ] GC(95) Skipped phase 1 of Reference Processing: no references
[26.218s][debug  ][gc,ref         ] GC(95) Skipped phase 2 of Reference Processing: no references
[26.218s][debug  ][gc,ref         ] GC(95) Skipped phase 3 of Reference Processing: no references
[26.218s][debug  ][gc,ref         ] GC(95) Skipped phase 4 of Reference Processing: no references
[26.218s][debug  ][gc,phases,ref  ] GC(95) Reference Processing: 0.1ms
[26.218s][debug  ][gc,phases,ref  ] GC(95)   Reconsider SoftReferences: 0.0ms
[26.218s][debug  ][gc,phases,ref  ] GC(95)     SoftRef (ms):                  skipped
[26.218s][debug  ][gc,phases,ref  ] GC(95)   Notify Soft/WeakReferences: 0.0ms
[26.218s][debug  ][gc,phases,ref  ] GC(95)     SoftRef (ms):                  skipped
[26.218s][debug  ][gc,phases,ref  ] GC(95)     WeakRef (ms):                  skipped
[26.218s][debug  ][gc,phases,ref  ] GC(95)     FinalRef (ms):                 skipped
[26.218s][debug  ][gc,phases,ref  ] GC(95)     Total (ms):                    skipped
[26.218s][debug  ][gc,phases,ref  ] GC(95)   Notify and keep alive finalizable: 0.0ms
[26.218s][debug  ][gc,phases,ref  ] GC(95)     FinalRef (ms):                 skipped
[26.218s][debug  ][gc,phases,ref  ] GC(95)   Notify PhantomReferences: 0.0ms
[26.218s][debug  ][gc,phases,ref  ] GC(95)     PhantomRef (ms):               skipped
[26.218s][debug  ][gc,phases,ref  ] GC(95)   SoftReference:
[26.218s][debug  ][gc,phases,ref  ] GC(95)     Discovered: 0
[26.218s][debug  ][gc,phases,ref  ] GC(95)     Cleared: 0
[26.218s][debug  ][gc,phases,ref  ] GC(95)   WeakReference:
[26.218s][debug  ][gc,phases,ref  ] GC(95)     Discovered: 0
[26.218s][debug  ][gc,phases,ref  ] GC(95)     Cleared: 0
[26.218s][debug  ][gc,phases,ref  ] GC(95)   FinalReference:
[26.219s][debug  ][gc,phases,ref  ] GC(95)     Discovered: 0
[26.219s][debug  ][gc,phases,ref  ] GC(95)     Cleared: 0
[26.219s][debug  ][gc,phases,ref  ] GC(95)   PhantomReference:
[26.219s][debug  ][gc,phases,ref  ] GC(95)     Discovered: 0
[26.219s][debug  ][gc,phases,ref  ] GC(95)     Cleared: 0
[26.219s][debug  ][gc,phases      ] GC(95) Reference Processing 0.781ms
[26.219s][debug  ][gc,phases,start] GC(95) Weak Processing
[26.219s][debug  ][gc,phases      ] GC(95)   VM Weak                        Min:  0.0, Avg:  0.0, Max:  0.0, Diff:  0.0, Sum:  0.0, Workers: 6
[26.219s][debug  ][gc,phases      ] GC(95)     Dead                           Min: 0, Avg:  0.0, Max: 0, Diff: 0, Sum: 0, Workers: 6
[26.219s][debug  ][gc,phases      ] GC(95)     Total                          Min: 0, Avg:  1.3, Max: 8, Diff: 8, Sum: 8, Workers: 6
[26.219s][debug  ][gc,phases      ] GC(95)   ObjectSynchronizer Weak        Min:  0.0, Avg:  0.0, Max:  0.0, Diff:  0.0, Sum:  0.0, Workers: 6
[26.219s][debug  ][gc,phases      ] GC(95)     Dead                           Min: 0, Avg:  0.0, Max: 0, Diff: 0, Sum: 0, Workers: 6
[26.219s][debug  ][gc,phases      ] GC(95)     Total                          Min: 0, Avg:  0.5, Max: 3, Diff: 3, Sum: 3, Workers: 6
[26.219s][debug  ][gc,phases      ] GC(95)   JVMTI Tag Weak OopStorage      Min:  0.0, Avg:  0.0, Max:  0.0, Diff:  0.0, Sum:  0.0, Workers: 6
[26.219s][debug  ][gc,phases      ] GC(95)     Dead                           Min: 0, Avg:  0.0, Max: 0, Diff: 0, Sum: 0, Workers: 6
[26.219s][debug  ][gc,phases      ] GC(95)     Total                          Min: 0, Avg:  0.0, Max: 0, Diff: 0, Sum: 0, Workers: 6
[26.219s][debug  ][gc,phases      ] GC(95)   StringTable Weak               Min:  0.0, Avg:  0.0, Max:  0.0, Diff:  0.0, Sum:  0.0, Workers: 6
[26.219s][debug  ][gc,phases      ] GC(95)     Dead                           Min: 0, Avg:  0.0, Max: 0, Diff: 0, Sum: 0, Workers: 6
[26.219s][debug  ][gc,phases      ] GC(95)     Total                          Min: 767, Avg: 892.2, Max: 1130, Diff: 363, Sum: 5353, Workers: 6
[26.219s][debug  ][gc,phases      ] GC(95)   ResolvedMethodTable Weak       Min:  0.0, Avg:  0.0, Max:  0.0, Diff:  0.0, Sum:  0.0, Workers: 6
[26.219s][debug  ][gc,phases      ] GC(95)     Dead                           Min: 0, Avg:  0.0, Max: 0, Diff: 0, Sum: 0, Workers: 6
[26.219s][debug  ][gc,phases      ] GC(95)     Total                          Min: 0, Avg: 21.7, Max: 64, Diff: 64, Sum: 130, Workers: 6
[26.219s][debug  ][gc,phases      ] GC(95)   JNI Weak                       Min:  0.0, Avg:  0.0, Max:  0.0, Diff:  0.0, Sum:  0.0, Workers: 6
[26.219s][debug  ][gc,phases      ] GC(95)     Dead                           Min: 0, Avg:  0.0, Max: 0, Diff: 0, Sum: 0, Workers: 6
[26.219s][debug  ][gc,phases      ] GC(95)     Total                          Min: 0, Avg:  0.0, Max: 0, Diff: 0, Sum: 0, Workers: 6
[26.219s][debug  ][gc,phases      ] GC(95)   StringDedup Table Weak         Min:  0.0, Avg:  0.0, Max:  0.0, Diff:  0.0, Sum:  0.0, Workers: 6
[26.219s][debug  ][gc,phases      ] GC(95)     Dead                           Min: 0, Avg:  0.0, Max: 0, Diff: 0, Sum: 0, Workers: 6
[26.219s][debug  ][gc,phases      ] GC(95)     Total                          Min: 0, Avg:  0.0, Max: 0, Diff: 0, Sum: 0, Workers: 6
[26.219s][debug  ][gc,phases      ] GC(95)   StringDedup Requests0 Weak     Min:  0.0, Avg:  0.0, Max:  0.0, Diff:  0.0, Sum:  0.0, Workers: 6
[26.219s][debug  ][gc,phases      ] GC(95)     Dead                           Min: 0, Avg:  0.0, Max: 0, Diff: 0, Sum: 0, Workers: 6
[26.219s][debug  ][gc,phases      ] GC(95)     Total                          Min: 0, Avg:  0.0, Max: 0, Diff: 0, Sum: 0, Workers: 6
[26.219s][debug  ][gc,phases      ] GC(95)   StringDedup Requests1 Weak     Min:  0.0, Avg:  0.0, Max:  0.0, Diff:  0.0, Sum:  0.0, Workers: 6
[26.219s][debug  ][gc,phases      ] GC(95)     Dead                           Min: 0, Avg:  0.0, Max: 0, Diff: 0, Sum: 0, Workers: 6
[26.219s][debug  ][gc,phases      ] GC(95)     Total                          Min: 0, Avg:  0.0, Max: 0, Diff: 0, Sum: 0, Workers: 6
[26.219s][debug  ][gc,phases      ] GC(95)   Weak JFR Old Object Samples    Min:  0.0, Avg:  0.0, Max:  0.0, Diff:  0.0, Sum:  0.0, Workers: 6
[26.219s][debug  ][gc,phases      ] GC(95)     Dead                           Min: 0, Avg:  0.0, Max: 0, Diff: 0, Sum: 0, Workers: 6
[26.220s][debug  ][gc,phases      ] GC(95)     Total                          Min: 0, Avg:  0.0, Max: 0, Diff: 0, Sum: 0, Workers: 6
[26.220s][debug  ][gc,phases      ] GC(95) Weak Processing 0.866ms
[26.220s][debug  ][gc,ergo        ] GC(95) AdaptiveSizeStart:  collection: 96 
[26.220s][debug  ][gc,ergo        ] GC(95) avg_survived_padded_avg: 38555848.000000
[26.220s][debug  ][gc,ergo        ] GC(95) avg_promoted_padded_avg: 236170832.000000  avg_pretenured_padded_avg: 0.000000  tenuring_thresh: 11  target_size: 38797312
[26.220s][debug  ][gc,age         ] GC(95) Desired survivor size 38797312 bytes, new threshold 11 (max threshold 15)
[26.220s][debug  ][gc,ergo        ] GC(95) PSAdaptiveSizePolicy::compute_eden_space_size limits: desired_eden_size: 209692602 old_eden_size: 190840832 eden_limit: 190840832 cur_eden: 190840832 max_eden_size: 190840832 avg_young_live: 26026044
[26.220s][debug  ][gc,ergo        ] GC(95) PSAdaptiveSizePolicy::compute_eden_space_size: costs minor_time: 0.052501 major_cost: 0.054087 mutator_cost: 0.893412 throughput_goal: 0.990000
[26.220s][debug  ][gc,ergo        ] GC(95) Live_space: 1018726272 free_space: 1410334720
[26.220s][debug  ][gc,ergo        ] GC(95) Old eden_size: 190840832 desired_eden_size: 190840832
[26.220s][debug  ][gc,ergo        ] GC(95) AdaptiveSizeStop: collection: 96 
[26.220s][info   ][gc,heap        ] GC(95) PSYoungGen: 208437K(224256K)->30720K(224256K) Eden: 177717K(186368K)->0K(186368K) From: 30720K(37888K)->30720K(37888K)
[26.220s][info   ][gc,heap        ] GC(95) ParOldGen: 1517157K(1835008K)->1691237K(1835008K)
[26.220s][info   ][gc,metaspace   ] GC(95) Metaspace: 1023K(1216K)->1023K(1216K) NonClass: 939K(1024K)->939K(1024K) Class: 83K(192K)->83K(192K)
[26.220s][info   ][gc             ] GC(95) Pause Young (Allocation Failure) 1685M->1681M(2011M) 16.224ms
[26.220s][info   ][gc,cpu         ] GC(95) User=0.16s Sys=0.00s Real=0.02s
[26.220s][debug  ][gc,heap        ] GC(95) Heap after GC invocations=96 (full 15):
[26.220s][debug  ][gc,heap        ] GC(95)  PSYoungGen      total 224256K, used 30720K [0x00000000f0000000, 0x0000000100000000, 0x0000000100000000)
[26.220s][debug  ][gc,heap        ] GC(95)   eden space 186368K, 0% used [0x00000000f0000000,0x00000000f0000000,0x00000000fb600000)
[26.220s][debug  ][gc,heap        ] GC(95)   from space 37888K, 81% used [0x00000000fdb00000,0x00000000ff900030,0x0000000100000000)
[26.220s][debug  ][gc,heap        ] GC(95)   to   space 37888K, 0% used [0x00000000fb600000,0x00000000fb600000,0x00000000fdb00000)
[26.220s][debug  ][gc,heap        ] GC(95)  ParOldGen       total 1835008K, used 1691237K [0x0000000080000000, 0x00000000f0000000, 0x00000000f0000000)
[26.220s][debug  ][gc,heap        ] GC(95)   object space 1835008K, 92% used [0x0000000080000000,0x00000000e73995d0,0x00000000f0000000)
[26.220s][debug  ][gc,heap        ] GC(95)  Metaspace       used 1023K, committed 1216K, reserved 1056768K
[26.220s][debug  ][gc,heap        ] GC(95)   class space    used 83K, committed 192K, reserved 1048576K
[26.220s][debug  ][gc,task,time   ] GC(95) VM-Thread 262033097 262178587 262201563
[26.220s][debug  ][gc,phases,start] GC(96) Pre Compact
[26.220s][debug  ][gc,heap        ] GC(96) Heap before GC invocations=97 (full 16):
[26.220s][debug  ][gc,heap        ] GC(96)  PSYoungGen      total 224256K, used 30720K [0x00000000f0000000, 0x0000000100000000, 0x0000000100000000)
[26.220s][debug  ][gc,heap        ] GC(96)   eden space 186368K, 0% used [0x00000000f0000000,0x00000000f0000000,0x00000000fb600000)
[26.220s][debug  ][gc,heap        ] GC(96)   from space 37888K, 81% used [0x00000000fdb00000,0x00000000ff900030,0x0000000100000000)
[26.220s][debug  ][gc,heap        ] GC(96)   to   space 37888K, 0% used [0x00000000fb600000,0x00000000fb600000,0x00000000fdb00000)
[26.220s][debug  ][gc,heap        ] GC(96)  ParOldGen       total 1835008K, used 1691237K [0x0000000080000000, 0x00000000f0000000, 0x00000000f0000000)
[26.220s][debug  ][gc,heap        ] GC(96)   object space 1835008K, 92% used [0x0000000080000000,0x00000000e73995d0,0x00000000f0000000)
[26.220s][debug  ][gc,heap        ] GC(96)  Metaspace       used 1023K, committed 1216K, reserved 1056768K
[26.220s][debug  ][gc,heap        ] GC(96)   class space    used 83K, committed 192K, reserved 1048576K
[26.220s][debug  ][gc,phases      ] GC(96) Pre Compact 0.233ms
[26.220s][info   ][gc,start       ] GC(96) Pause Full (Ergonomics)
[26.220s][info   ][gc,phases,start] GC(96) Marking Phase
[26.221s][debug  ][gc,phases,start] GC(96) Par Mark
[26.221s][debug  ][gc,phases      ] GC(96) Par Mark 0.465ms
[26.221s][debug  ][gc,phases,start] GC(96) Reference Processing
[26.221s][debug  ][gc,ref         ] GC(96) Skipped phase 1 of Reference Processing: no references
[26.221s][debug  ][gc,ref         ] GC(96) ReferenceProcessor::execute queues: 1, RefProcThreadModel::Single, marks_oops_alive: false
[26.221s][debug  ][gc,ref         ] GC(96) Skipped phase 3 of Reference Processing: no references
[26.221s][debug  ][gc,ref         ] GC(96) ReferenceProcessor::execute queues: 1, RefProcThreadModel::Single, marks_oops_alive: false
[26.221s][debug  ][gc,phases,ref  ] GC(96) Reference Processing: 0.1ms
[26.221s][debug  ][gc,phases,ref  ] GC(96)   Reconsider SoftReferences: 0.0ms
[26.221s][debug  ][gc,phases,ref  ] GC(96)     SoftRef (ms):                  skipped
[26.221s][debug  ][gc,phases,ref  ] GC(96)   Notify Soft/WeakReferences: 0.0ms
[26.221s][debug  ][gc,phases,ref  ] GC(96)     SoftRef (ms):                  Min:  0.0, Avg:  0.0, Max:  0.0, Diff:  0.0, Sum:  0.0, Workers: 10
[26.221s][debug  ][gc,phases,ref  ] GC(96)     WeakRef (ms):                  Min:  0.0, Avg:  0.0, Max:  0.0, Diff:  0.0, Sum:  0.0, Workers: 10
[26.221s][debug  ][gc,phases,ref  ] GC(96)     FinalRef (ms):                 Min:  0.0, Avg:  0.0, Max:  0.0, Diff:  0.0, Sum:  0.0, Workers: 10
[26.221s][debug  ][gc,phases,ref  ] GC(96)     Total (ms):                    Min:  0.0, Avg:  0.0, Max:  0.0, Diff:  0.0, Sum:  0.0, Workers: 10
[26.221s][debug  ][gc,phases,ref  ] GC(96)   Notify and keep alive finalizable: 0.0ms
[26.221s][debug  ][gc,phases,ref  ] GC(96)     FinalRef (ms):                 skipped
[26.221s][debug  ][gc,phases,ref  ] GC(96)   Notify PhantomReferences: 0.0ms
[26.221s][debug  ][gc,phases,ref  ] GC(96)     PhantomRef (ms):               Min:  0.0, Avg:  0.0, Max:  0.0, Diff:  0.0, Sum:  0.0, Workers: 10
[26.221s][debug  ][gc,phases,ref  ] GC(96)   SoftReference:
[26.221s][debug  ][gc,phases,ref  ] GC(96)     Discovered: 0
[26.221s][debug  ][gc,phases,ref  ] GC(96)     Cleared: 0
[26.222s][debug  ][gc,phases,ref  ] GC(96)   WeakReference:
[26.222s][debug  ][gc,phases,ref  ] GC(96)     Discovered: 63
[26.222s][debug  ][gc,phases,ref  ] GC(96)     Cleared: 63
[26.222s][debug  ][gc,phases,ref  ] GC(96)   FinalReference:
[26.222s][debug  ][gc,phases,ref  ] GC(96)     Discovered: 0
[26.222s][debug  ][gc,phases,ref  ] GC(96)     Cleared: 0
[26.222s][debug  ][gc,phases,ref  ] GC(96)   PhantomReference:
[26.222s][debug  ][gc,phases,ref  ] GC(96)     Discovered: 5
[26.222s][debug  ][gc,phases,ref  ] GC(96)     Cleared: 5
[26.222s][debug  ][gc,phases      ] GC(96) Reference Processing 0.700ms
[26.222s][debug  ][gc,phases,start] GC(96) Weak Processing
[26.222s][debug  ][gc,phases      ] GC(96)   VM Weak                        Min:  0.0, Avg:  0.0, Max:  0.0, Diff:  0.0, Sum:  0.0, Workers: 6
[26.222s][debug  ][gc,phases      ] GC(96)     Dead                           Min: 0, Avg:  0.0, Max: 0, Diff: 0, Sum: 0, Workers: 6
[26.222s][debug  ][gc,phases      ] GC(96)     Total                          Min: 0, Avg:  1.3, Max: 8, Diff: 8, Sum: 8, Workers: 6
[26.222s][debug  ][gc,phases      ] GC(96)   ObjectSynchronizer Weak        Min:  0.0, Avg:  0.0, Max:  0.0, Diff:  0.0, Sum:  0.0, Workers: 6
[26.222s][debug  ][gc,phases      ] GC(96)     Dead                           Min: 0, Avg:  0.0, Max: 0, Diff: 0, Sum: 0, Workers: 6
[26.222s][debug  ][gc,phases      ] GC(96)     Total                          Min: 0, Avg:  0.5, Max: 3, Diff: 3, Sum: 3, Workers: 6
[26.222s][debug  ][gc,phases      ] GC(96)   JVMTI Tag Weak OopStorage      Min:  0.0, Avg:  0.0, Max:  0.0, Diff:  0.0, Sum:  0.0, Workers: 6
[26.222s][debug  ][gc,phases      ] GC(96)     Dead                           Min: 0, Avg:  0.0, Max: 0, Diff: 0, Sum: 0, Workers: 6
[26.222s][debug  ][gc,phases      ] GC(96)     Total                          Min: 0, Avg:  0.0, Max: 0, Diff: 0, Sum: 0, Workers: 6
[26.222s][debug  ][gc,phases      ] GC(96)   StringTable Weak               Min:  0.0, Avg:  0.0, Max:  0.0, Diff:  0.0, Sum:  0.0, Workers: 6
[26.222s][debug  ][gc,phases      ] GC(96)     Dead                           Min: 0, Avg:  0.0, Max: 0, Diff: 0, Sum: 0, Workers: 6
[26.222s][debug  ][gc,phases      ] GC(96)     Total                          Min: 768, Avg: 892.2, Max: 1151, Diff: 383, Sum: 5353, Workers: 6
[26.222s][debug  ][gc,phases      ] GC(96)   ResolvedMethodTable Weak       Min:  0.0, Avg:  0.0, Max:  0.0, Diff:  0.0, Sum:  0.0, Workers: 6
[26.222s][debug  ][gc,phases      ] GC(96)     Dead                           Min: 0, Avg:  0.0, Max: 0, Diff: 0, Sum: 0, Workers: 6
[26.222s][debug  ][gc,phases      ] GC(96)     Total                          Min: 0, Avg: 21.7, Max: 64, Diff: 64, Sum: 130, Workers: 6
[26.222s][debug  ][gc,phases      ] GC(96)   JNI Weak                       Min:  0.0, Avg:  0.0, Max:  0.0, Diff:  0.0, Sum:  0.0, Workers: 6
[26.222s][debug  ][gc,phases      ] GC(96)     Dead                           Min: 0, Avg:  0.0, Max: 0, Diff: 0, Sum: 0, Workers: 6
[26.222s][debug  ][gc,phases      ] GC(96)     Total                          Min: 0, Avg:  0.0, Max: 0, Diff: 0, Sum: 0, Workers: 6
[26.222s][debug  ][gc,phases      ] GC(96)   StringDedup Table Weak         Min:  0.0, Avg:  0.0, Max:  0.0, Diff:  0.0, Sum:  0.0, Workers: 6
[26.222s][debug  ][gc,phases      ] GC(96)     Dead                           Min: 0, Avg:  0.0, Max: 0, Diff: 0, Sum: 0, Workers: 6
[26.222s][debug  ][gc,phases      ] GC(96)     Total                          Min: 0, Avg:  0.0, Max: 0, Diff: 0, Sum: 0, Workers: 6
[26.222s][debug  ][gc,phases      ] GC(96)   StringDedup Requests0 Weak     Min:  0.0, Avg:  0.0, Max:  0.0, Diff:  0.0, Sum:  0.0, Workers: 6
[26.222s][debug  ][gc,phases      ] GC(96)     Dead                           Min: 0, Avg:  0.0, Max: 0, Diff: 0, Sum: 0, Workers: 6
[26.222s][debug  ][gc,phases      ] GC(96)     Total                          Min: 0, Avg:  0.0, Max: 0, Diff: 0, Sum: 0, Workers: 6
[26.222s][debug  ][gc,phases      ] GC(96)   StringDedup Requests1 Weak     Min:  0.0, Avg:  0.0, Max:  0.0, Diff:  0.0, Sum:  0.0, Workers: 6
[26.222s][debug  ][gc,phases      ] GC(96)     Dead                           Min: 0, Avg:  0.0, Max: 0, Diff: 0, Sum: 0, Workers: 6
[26.222s][debug  ][gc,phases      ] GC(96)     Total                          Min: 0, Avg:  0.0, Max: 0, Diff: 0, Sum: 0, Workers: 6
[26.222s][debug  ][gc,phases      ] GC(96)   Weak JFR Old Object Samples    Min:  0.0, Avg:  0.0, Max:  0.0, Diff:  0.0, Sum:  0.0, Workers: 6
[26.222s][debug  ][gc,phases      ] GC(96)     Dead                           Min: 0, Avg:  0.0, Max: 0, Diff: 0, Sum: 0, Workers: 6
[26.222s][debug  ][gc,phases      ] GC(96)     Total                          Min: 0, Avg:  0.0, Max: 0, Diff: 0, Sum: 0, Workers: 6
[26.222s][debug  ][gc,phases      ] GC(96) Weak Processing 0.759ms
[26.223s][debug  ][gc,phases,start] GC(96) Class Unloading
[26.223s][debug  ][gc,phases,start] GC(96) ClassLoaderData
[26.223s][debug  ][gc,phases      ] GC(96) ClassLoaderData 0.023ms
[26.223s][debug  ][gc,phases,start] GC(96) Trigger cleanups
[26.223s][debug  ][gc,phases      ] GC(96) Trigger cleanups 0.021ms
[26.223s][debug  ][gc,phases      ] GC(96) Class Unloading 0.262ms
[26.223s][info   ][gc,phases      ] GC(96) Marking Phase 2.327ms
[26.223s][info   ][gc,phases,start] GC(96) Summary Phase
[26.223s][info   ][gc,phases      ] GC(96) Summary Phase 0.041ms
[26.223s][info   ][gc,phases,start] GC(96) Adjust Roots
[26.223s][info   ][gc,phases      ] GC(96) Adjust Roots 0.234ms
[26.223s][info   ][gc,phases,start] GC(96) Compaction Phase
[26.320s][info   ][gc,phases      ] GC(96) Compaction Phase 96.427ms
[26.320s][info   ][gc,phases,start] GC(96) Post Compact
[26.326s][info   ][gc,phases      ] GC(96) Post Compact 6.243ms
[26.326s][debug  ][gc,ergo        ] GC(96) AdaptiveSizeStart: collection: 97 
[26.326s][debug  ][gc,ergo        ] GC(96) PSAdaptiveSizePolicy::compute_eden_space_size limits: desired_eden_size: 209555227 old_eden_size: 190840832 eden_limit: 190840832 cur_eden: 190840832 max_eden_size: 190840832 avg_young_live: 23423440
[26.326s][debug  ][gc,ergo        ] GC(96) PSAdaptiveSizePolicy::compute_eden_space_size: costs minor_time: 0.052501 major_cost: 0.054869 mutator_cost: 0.892630 throughput_goal: 0.990000
[26.326s][debug  ][gc,ergo        ] GC(96) Live_space: 1016123648 free_space: 1410334720
[26.326s][debug  ][gc,ergo        ] GC(96) Old eden_size: 190840832 desired_eden_size: 190840832
[26.326s][debug  ][gc,ergo        ] GC(96) PSAdaptiveSizePolicy::compute_old_gen_free_space limits: desired_promo_size: 1344347601 promo_limit: 1219493888 free_in_old_gen: 1136864768 max_old_gen_size: 1879048192 avg_old_live: 742183360
[26.326s][debug  ][gc,ergo        ] GC(96) PSAdaptiveSizePolicy::compute_old_gen_free_space: costs minor_time: 0.052501 major_cost: 0.054869  mutator_cost: 0.892630 throughput_goal: 0.990000
[26.326s][debug  ][gc,ergo        ] GC(96) Live_space: 1034042240 free_space: 1410334720
[26.326s][debug  ][gc,ergo        ] GC(96) Old promo_size: 1219493888 desired_promo_size: 1219493888
[26.326s][debug  ][gc,ergo        ] GC(96) AdaptiveSizeStop: collection: 97 
[26.326s][info   ][gc,heap        ] GC(96) PSYoungGen: 30720K(224256K)->0K(224256K) Eden: 0K(186368K)->0K(186368K) From: 30720K(37888K)->0K(37888K)
[26.326s][info   ][gc,heap        ] GC(96) ParOldGen: 1691237K(1835008K)->882276K(1835008K)
[26.326s][info   ][gc,metaspace   ] GC(96) Metaspace: 1023K(1216K)->1023K(1216K) NonClass: 939K(1024K)->939K(1024K) Class: 83K(192K)->83K(192K)
[26.327s][info   ][gc             ] GC(96) Pause Full (Ergonomics) 1681M->861M(2011M) 106.067ms
[26.327s][info   ][gc,cpu         ] GC(96) User=0.89s Sys=0.02s Real=0.11s
[26.327s][debug  ][gc,heap        ] GC(96) Heap after GC invocations=97 (full 16):
[26.327s][debug  ][gc,heap        ] GC(96)  PSYoungGen      total 224256K, used 0K [0x00000000f0000000, 0x0000000100000000, 0x0000000100000000)
[26.327s][debug  ][gc,heap        ] GC(96)   eden space 186368K, 0% used [0x00000000f0000000,0x00000000f0000000,0x00000000fb600000)
[26.327s][debug  ][gc,heap        ] GC(96)   from space 37888K, 0% used [0x00000000fb600000,0x00000000fb600000,0x00000000fdb00000)
[26.327s][debug  ][gc,heap        ] GC(96)   to   space 37888K, 0% used [0x00000000fdb00000,0x00000000fdb00000,0x0000000100000000)
[26.327s][debug  ][gc,heap        ] GC(96)  ParOldGen       total 1835008K, used 882276K [0x0000000080000000, 0x00000000f0000000, 0x00000000f0000000)
[26.327s][debug  ][gc,heap        ] GC(96)   object space 1835008K, 48% used [0x0000000080000000,0x00000000b5d990e0,0x00000000f0000000)
[26.327s][debug  ][gc,heap        ] GC(96)  Metaspace       used 1023K, committed 1216K, reserved 1056768K
[26.327s][debug  ][gc,heap        ] GC(96)   class space    used 83K, committed 192K, reserved 1048576K
[26.327s][debug  ][gc,task,time   ] GC(96) VM-Thread 262204747 262231837 263265790
[26.602s][debug  ][gc,heap        ] GC(97) Heap before GC invocations=98 (full 16):
[26.602s][debug  ][gc,heap        ] GC(97)  PSYoungGen      total 224256K, used 177722K [0x00000000f0000000, 0x0000000100000000, 0x0000000100000000)
[26.602s][debug  ][gc,heap        ] GC(97)   eden space 186368K, 95% used [0x00000000f0000000,0x00000000fad8e998,0x00000000fb600000)
[26.602s][debug  ][gc,heap        ] GC(97)   from space 37888K, 0% used [0x00000000fb600000,0x00000000fb600000,0x00000000fdb00000)
[26.602s][debug  ][gc,heap        ] GC(97)   to   space 37888K, 0% used [0x00000000fdb00000,0x00000000fdb00000,0x0000000100000000)
[26.602s][debug  ][gc,heap        ] GC(97)  ParOldGen       total 1835008K, used 882276K [0x0000000080000000, 0x00000000f0000000, 0x00000000f0000000)
[26.602s][debug  ][gc,heap        ] GC(97)   object space 1835008K, 48% used [0x0000000080000000,0x00000000b5d990e0,0x00000000f0000000)
[26.602s][debug  ][gc,heap        ] GC(97)  Metaspace       used 1023K, committed 1216K, reserved 1056768K
[26.602s][debug  ][gc,heap        ] GC(97)   class space    used 83K, committed 192K, reserved 1048576K
[26.602s][debug  ][gc,tlab        ] GC(97) TLAB totals: thrds: 1  refills: 1 max: 1 slow allocs: 16 max 16 waste: 26.2% gc: 3728480B max: 3728480B slow: 0B max: 0B
[26.602s][info   ][gc,start       ] GC(97) Pause Young (Allocation Failure)
[26.602s][debug  ][gc,phases,start] GC(97) Scavenge
[26.605s][debug  ][gc,phases      ] GC(97) Scavenge 2.896ms
[26.605s][debug  ][gc,phases,start] GC(97) Reference Processing
[26.605s][debug  ][gc,ref         ] GC(97) Skipped phase 1 of Reference Processing: no references
[26.605s][debug  ][gc,ref         ] GC(97) Skipped phase 2 of Reference Processing: no references
[26.605s][debug  ][gc,ref         ] GC(97) Skipped phase 3 of Reference Processing: no references
[26.605s][debug  ][gc,ref         ] GC(97) Skipped phase 4 of Reference Processing: no references
[26.605s][debug  ][gc,phases,ref  ] GC(97) Reference Processing: 0.1ms
[26.605s][debug  ][gc,phases,ref  ] GC(97)   Reconsider SoftReferences: 0.0ms
[26.605s][debug  ][gc,phases,ref  ] GC(97)     SoftRef (ms):                  skipped
[26.605s][debug  ][gc,phases,ref  ] GC(97)   Notify Soft/WeakReferences: 0.0ms
[26.605s][debug  ][gc,phases,ref  ] GC(97)     SoftRef (ms):                  skipped
[26.605s][debug  ][gc,phases,ref  ] GC(97)     WeakRef (ms):                  skipped
[26.605s][debug  ][gc,phases,ref  ] GC(97)     FinalRef (ms):                 skipped
[26.605s][debug  ][gc,phases,ref  ] GC(97)     Total (ms):                    skipped
[26.605s][debug  ][gc,phases,ref  ] GC(97)   Notify and keep alive finalizable: 0.0ms
[26.605s][debug  ][gc,phases,ref  ] GC(97)     FinalRef (ms):                 skipped
[26.605s][debug  ][gc,phases,ref  ] GC(97)   Notify PhantomReferences: 0.0ms
[26.605s][debug  ][gc,phases,ref  ] GC(97)     PhantomRef (ms):               skipped
[26.605s][debug  ][gc,phases,ref  ] GC(97)   SoftReference:
[26.605s][debug  ][gc,phases,ref  ] GC(97)     Discovered: 0
[26.605s][debug  ][gc,phases,ref  ] GC(97)     Cleared: 0
[26.605s][debug  ][gc,phases,ref  ] GC(97)   WeakReference:
[26.605s][debug  ][gc,phases,ref  ] GC(97)     Discovered: 0
[26.605s][debug  ][gc,phases,ref  ] GC(97)     Cleared: 0
[26.605s][debug  ][gc,phases,ref  ] GC(97)   FinalReference:
[26.606s][debug  ][gc,phases,ref  ] GC(97)     Discovered: 0
[26.606s][debug  ][gc,phases,ref  ] GC(97)     Cleared: 0
[26.606s][debug  ][gc,phases,ref  ] GC(97)   PhantomReference:
[26.606s][debug  ][gc,phases,ref  ] GC(97)     Discovered: 0
[26.606s][debug  ][gc,phases,ref  ] GC(97)     Cleared: 0
[26.606s][debug  ][gc,phases      ] GC(97) Reference Processing 0.629ms
[26.606s][debug  ][gc,phases,start] GC(97) Weak Processing
[26.606s][debug  ][gc,phases      ] GC(97)   VM Weak                        Min:  0.0, Avg:  0.0, Max:  0.0, Diff:  0.0, Sum:  0.0, Workers: 6
[26.606s][debug  ][gc,phases      ] GC(97)     Dead                           Min: 0, Avg:  0.0, Max: 0, Diff: 0, Sum: 0, Workers: 6
[26.606s][debug  ][gc,phases      ] GC(97)     Total                          Min: 0, Avg:  1.3, Max: 8, Diff: 8, Sum: 8, Workers: 6
[26.606s][debug  ][gc,phases      ] GC(97)   ObjectSynchronizer Weak        Min:  0.0, Avg:  0.0, Max:  0.0, Diff:  0.0, Sum:  0.0, Workers: 6
[26.606s][debug  ][gc,phases      ] GC(97)     Dead                           Min: 0, Avg:  0.0, Max: 0, Diff: 0, Sum: 0, Workers: 6
[26.606s][debug  ][gc,phases      ] GC(97)     Total                          Min: 0, Avg:  0.5, Max: 3, Diff: 3, Sum: 3, Workers: 6
[26.606s][debug  ][gc,phases      ] GC(97)   JVMTI Tag Weak OopStorage      Min:  0.0, Avg:  0.0, Max:  0.0, Diff:  0.0, Sum:  0.0, Workers: 6
[26.606s][debug  ][gc,phases      ] GC(97)     Dead                           Min: 0, Avg:  0.0, Max: 0, Diff: 0, Sum: 0, Workers: 6
[26.606s][debug  ][gc,phases      ] GC(97)     Total                          Min: 0, Avg:  0.0, Max: 0, Diff: 0, Sum: 0, Workers: 6
[26.606s][debug  ][gc,phases      ] GC(97)   StringTable Weak               Min:  0.0, Avg:  0.0, Max:  0.0, Diff:  0.0, Sum:  0.0, Workers: 6
[26.606s][debug  ][gc,phases      ] GC(97)     Dead                           Min: 0, Avg:  0.0, Max: 0, Diff: 0, Sum: 0, Workers: 6
[26.606s][debug  ][gc,phases      ] GC(97)     Total                          Min: 575, Avg: 892.2, Max: 1152, Diff: 577, Sum: 5353, Workers: 6
[26.606s][debug  ][gc,phases      ] GC(97)   ResolvedMethodTable Weak       Min:  0.0, Avg:  0.0, Max:  0.0, Diff:  0.0, Sum:  0.0, Workers: 6
[26.606s][debug  ][gc,phases      ] GC(97)     Dead                           Min: 0, Avg:  0.0, Max: 0, Diff: 0, Sum: 0, Workers: 6
[26.606s][debug  ][gc,phases      ] GC(97)     Total                          Min: 0, Avg: 21.7, Max: 64, Diff: 64, Sum: 130, Workers: 6
[26.606s][debug  ][gc,phases      ] GC(97)   JNI Weak                       Min:  0.0, Avg:  0.0, Max:  0.0, Diff:  0.0, Sum:  0.0, Workers: 6
[26.606s][debug  ][gc,phases      ] GC(97)     Dead                           Min: 0, Avg:  0.0, Max: 0, Diff: 0, Sum: 0, Workers: 6
[26.606s][debug  ][gc,phases      ] GC(97)     Total                          Min: 0, Avg:  0.0, Max: 0, Diff: 0, Sum: 0, Workers: 6
[26.606s][debug  ][gc,phases      ] GC(97)   StringDedup Table Weak         Min:  0.0, Avg:  0.0, Max:  0.0, Diff:  0.0, Sum:  0.0, Workers: 6
[26.606s][debug  ][gc,phases      ] GC(97)     Dead                           Min: 0, Avg:  0.0, Max: 0, Diff: 0, Sum: 0, Workers: 6
[26.606s][debug  ][gc,phases      ] GC(97)     Total                          Min: 0, Avg:  0.0, Max: 0, Diff: 0, Sum: 0, Workers: 6
[26.606s][debug  ][gc,phases      ] GC(97)   StringDedup Requests0 Weak     Min:  0.0, Avg:  0.0, Max:  0.0, Diff:  0.0, Sum:  0.0, Workers: 6
[26.606s][debug  ][gc,phases      ] GC(97)     Dead                           Min: 0, Avg:  0.0, Max: 0, Diff: 0, Sum: 0, Workers: 6
[26.606s][debug  ][gc,phases      ] GC(97)     Total                          Min: 0, Avg:  0.0, Max: 0, Diff: 0, Sum: 0, Workers: 6
[26.606s][debug  ][gc,phases      ] GC(97)   StringDedup Requests1 Weak     Min:  0.0, Avg:  0.0, Max:  0.0, Diff:  0.0, Sum:  0.0, Workers: 6
[26.606s][debug  ][gc,phases      ] GC(97)     Dead                           Min: 0, Avg:  0.0, Max: 0, Diff: 0, Sum: 0, Workers: 6
[26.606s][debug  ][gc,phases      ] GC(97)     Total                          Min: 0, Avg:  0.0, Max: 0, Diff: 0, Sum: 0, Workers: 6
[26.606s][debug  ][gc,phases      ] GC(97)   Weak JFR Old Object Samples    Min:  0.0, Avg:  0.0, Max:  0.0, Diff:  0.0, Sum:  0.0, Workers: 6
[26.607s][debug  ][gc,phases      ] GC(97)     Dead                           Min: 0, Avg:  0.0, Max: 0, Diff: 0, Sum: 0, Workers: 6
[26.607s][debug  ][gc,phases      ] GC(97)     Total                          Min: 0, Avg:  0.0, Max: 0, Diff: 0, Sum: 0, Workers: 6
[26.607s][debug  ][gc,phases      ] GC(97) Weak Processing 0.920ms
[26.607s][debug  ][gc,ergo        ] GC(97) AdaptiveSizeStart:  collection: 98 
[26.607s][debug  ][gc,ergo        ] GC(97) avg_survived_padded_avg: 38399840.000000
[26.607s][debug  ][gc,ergo        ] GC(97) avg_promoted_padded_avg: 219987008.000000  avg_pretenured_padded_avg: 0.000000  tenuring_thresh: 12  target_size: 38797312
[26.607s][debug  ][gc,age         ] GC(97) Desired survivor size 38797312 bytes, new threshold 12 (max threshold 15)
[26.607s][debug  ][gc,ergo        ] GC(97) PSAdaptiveSizePolicy::compute_eden_space_size limits: desired_eden_size: 207507257 old_eden_size: 190840832 eden_limit: 190840832 cur_eden: 190840832 max_eden_size: 190840832 avg_young_live: 24226828
[26.607s][debug  ][gc,ergo        ] GC(97) PSAdaptiveSizePolicy::compute_eden_space_size: costs minor_time: 0.042324 major_cost: 0.054869 mutator_cost: 0.902807 throughput_goal: 0.990000
[26.607s][debug  ][gc,ergo        ] GC(97) Live_space: 1034845632 free_space: 1410334720
[26.607s][debug  ][gc,ergo        ] GC(97) Old eden_size: 190840832 desired_eden_size: 190840832
[26.607s][debug  ][gc,ergo        ] GC(97) AdaptiveSizeStop: collection: 98 
[26.607s][info   ][gc,heap        ] GC(97) PSYoungGen: 177722K(224256K)->30720K(224256K) Eden: 177722K(186368K)->0K(186368K) From: 0K(37888K)->30720K(37888K)
[26.607s][info   ][gc,heap        ] GC(97) ParOldGen: 882276K(1835008K)->882276K(1835008K)
[26.607s][info   ][gc,metaspace   ] GC(97) Metaspace: 1023K(1216K)->1023K(1216K) NonClass: 939K(1024K)->939K(1024K) Class: 83K(192K)->83K(192K)
[26.607s][info   ][gc             ] GC(97) Pause Young (Allocation Failure) 1035M->891M(2011M) 4.944ms
[26.607s][info   ][gc,cpu         ] GC(97) User=0.00s Sys=0.00s Real=0.00s
[26.607s][debug  ][gc,heap        ] GC(97) Heap after GC invocations=98 (full 16):
[26.607s][debug  ][gc,heap        ] GC(97)  PSYoungGen      total 224256K, used 30720K [0x00000000f0000000, 0x0000000100000000, 0x0000000100000000)
[26.607s][debug  ][gc,heap        ] GC(97)   eden space 186368K, 0% used [0x00000000f0000000,0x00000000f0000000,0x00000000fb600000)
[26.607s][debug  ][gc,heap        ] GC(97)   from space 37888K, 81% used [0x00000000fdb00000,0x00000000ff900030,0x0000000100000000)
[26.607s][debug  ][gc,heap        ] GC(97)   to   space 37888K, 0% used [0x00000000fb600000,0x00000000fb600000,0x00000000fdb00000)
[26.607s][debug  ][gc,heap        ] GC(97)  ParOldGen       total 1835008K, used 882276K [0x0000000080000000, 0x00000000f0000000, 0x00000000f0000000)
[26.607s][debug  ][gc,heap        ] GC(97)   object space 1835008K, 48% used [0x0000000080000000,0x00000000b5d990e0,0x00000000f0000000)
[26.607s][debug  ][gc,heap        ] GC(97)  Metaspace       used 1023K, committed 1216K, reserved 1056768K
[26.607s][debug  ][gc,heap        ] GC(97)   class space    used 83K, committed 192K, reserved 1048576K
[26.607s][debug  ][gc,task,time   ] GC(97) VM-Thread 266015126 266049854 266072099
[26.871s][debug  ][gc,heap        ] GC(98) Heap before GC invocations=99 (full 16):
[26.872s][debug  ][gc,heap        ] GC(98)  PSYoungGen      total 224256K, used 208370K [0x00000000f0000000, 0x0000000100000000, 0x0000000100000000)
[26.872s][debug  ][gc,heap        ] GC(98)   eden space 186368K, 95% used [0x00000000f0000000,0x00000000fad7c948,0x00000000fb600000)
[26.872s][debug  ][gc,heap        ] GC(98)   from space 37888K, 81% used [0x00000000fdb00000,0x00000000ff900030,0x0000000100000000)
[26.872s][debug  ][gc,heap        ] GC(98)   to   space 37888K, 0% used [0x00000000fb600000,0x00000000fb600000,0x00000000fdb00000)
[26.872s][debug  ][gc,heap        ] GC(98)  ParOldGen       total 1835008K, used 882276K [0x0000000080000000, 0x00000000f0000000, 0x00000000f0000000)
[26.872s][debug  ][gc,heap        ] GC(98)   object space 1835008K, 48% used [0x0000000080000000,0x00000000b5d990e0,0x00000000f0000000)
[26.872s][debug  ][gc,heap        ] GC(98)  Metaspace       used 1023K, committed 1216K, reserved 1056768K
[26.872s][debug  ][gc,heap        ] GC(98)   class space    used 83K, committed 192K, reserved 1048576K
[26.872s][debug  ][gc,tlab        ] GC(98) TLAB totals: thrds: 1  refills: 1 max: 1 slow allocs: 16 max 16 waste: 25.9% gc: 3655736B max: 3655736B slow: 0B max: 0B
[26.872s][info   ][gc,start       ] GC(98) Pause Young (Allocation Failure)
[26.872s][debug  ][gc,phases,start] GC(98) Scavenge
[26.886s][debug  ][gc,phases      ] GC(98) Scavenge 13.761ms
[26.886s][debug  ][gc,phases,start] GC(98) Reference Processing
[26.886s][debug  ][gc,ref         ] GC(98) Skipped phase 1 of Reference Processing: no references
[26.886s][debug  ][gc,ref         ] GC(98) Skipped phase 2 of Reference Processing: no references
[26.886s][debug  ][gc,ref         ] GC(98) Skipped phase 3 of Reference Processing: no references
[26.886s][debug  ][gc,ref         ] GC(98) Skipped phase 4 of Reference Processing: no references
[26.886s][debug  ][gc,phases,ref  ] GC(98) Reference Processing: 0.1ms
[26.886s][debug  ][gc,phases,ref  ] GC(98)   Reconsider SoftReferences: 0.0ms
[26.886s][debug  ][gc,phases,ref  ] GC(98)     SoftRef (ms):                  skipped
[26.886s][debug  ][gc,phases,ref  ] GC(98)   Notify Soft/WeakReferences: 0.0ms
[26.886s][debug  ][gc,phases,ref  ] GC(98)     SoftRef (ms):                  skipped
[26.886s][debug  ][gc,phases,ref  ] GC(98)     WeakRef (ms):                  skipped
[26.886s][debug  ][gc,phases,ref  ] GC(98)     FinalRef (ms):                 skipped
[26.886s][debug  ][gc,phases,ref  ] GC(98)     Total (ms):                    skipped
[26.886s][debug  ][gc,phases,ref  ] GC(98)   Notify and keep alive finalizable: 0.0ms
[26.886s][debug  ][gc,phases,ref  ] GC(98)     FinalRef (ms):                 skipped
[26.886s][debug  ][gc,phases,ref  ] GC(98)   Notify PhantomReferences: 0.0ms
[26.886s][debug  ][gc,phases,ref  ] GC(98)     PhantomRef (ms):               skipped
[26.886s][debug  ][gc,phases,ref  ] GC(98)   SoftReference:
[26.886s][debug  ][gc,phases,ref  ] GC(98)     Discovered: 0
[26.886s][debug  ][gc,phases,ref  ] GC(98)     Cleared: 0
[26.886s][debug  ][gc,phases,ref  ] GC(98)   WeakReference:
[26.886s][debug  ][gc,phases,ref  ] GC(98)     Discovered: 0
[26.886s][debug  ][gc,phases,ref  ] GC(98)     Cleared: 0
[26.886s][debug  ][gc,phases,ref  ] GC(98)   FinalReference:
[26.886s][debug  ][gc,phases,ref  ] GC(98)     Discovered: 0
[26.886s][debug  ][gc,phases,ref  ] GC(98)     Cleared: 0
[26.886s][debug  ][gc,phases,ref  ] GC(98)   PhantomReference:
[26.887s][debug  ][gc,phases,ref  ] GC(98)     Discovered: 0
[26.887s][debug  ][gc,phases,ref  ] GC(98)     Cleared: 0
[26.887s][debug  ][gc,phases      ] GC(98) Reference Processing 0.757ms
[26.887s][debug  ][gc,phases,start] GC(98) Weak Processing
[26.887s][debug  ][gc,phases      ] GC(98)   VM Weak                        Min:  0.0, Avg:  0.0, Max:  0.0, Diff:  0.0, Sum:  0.0, Workers: 6
[26.887s][debug  ][gc,phases      ] GC(98)     Dead                           Min: 0, Avg:  0.0, Max: 0, Diff: 0, Sum: 0, Workers: 6
[26.887s][debug  ][gc,phases      ] GC(98)     Total                          Min: 0, Avg:  1.3, Max: 8, Diff: 8, Sum: 8, Workers: 6
[26.887s][debug  ][gc,phases      ] GC(98)   ObjectSynchronizer Weak        Min:  0.0, Avg:  0.0, Max:  0.0, Diff:  0.0, Sum:  0.0, Workers: 6
[26.887s][debug  ][gc,phases      ] GC(98)     Dead                           Min: 0, Avg:  0.0, Max: 0, Diff: 0, Sum: 0, Workers: 6
[26.887s][debug  ][gc,phases      ] GC(98)     Total                          Min: 0, Avg:  0.5, Max: 3, Diff: 3, Sum: 3, Workers: 6
[26.887s][debug  ][gc,phases      ] GC(98)   JVMTI Tag Weak OopStorage      Min:  0.0, Avg:  0.0, Max:  0.0, Diff:  0.0, Sum:  0.0, Workers: 6
[26.887s][debug  ][gc,phases      ] GC(98)     Dead                           Min: 0, Avg:  0.0, Max: 0, Diff: 0, Sum: 0, Workers: 6
[26.887s][debug  ][gc,phases      ] GC(98)     Total                          Min: 0, Avg:  0.0, Max: 0, Diff: 0, Sum: 0, Workers: 6
[26.887s][debug  ][gc,phases      ] GC(98)   StringTable Weak               Min:  0.0, Avg:  0.0, Max:  0.0, Diff:  0.0, Sum:  0.0, Workers: 6
[26.887s][debug  ][gc,phases      ] GC(98)     Dead                           Min: 0, Avg:  0.0, Max: 0, Diff: 0, Sum: 0, Workers: 6
[26.887s][debug  ][gc,phases      ] GC(98)     Total                          Min: 704, Avg: 892.2, Max: 1280, Diff: 576, Sum: 5353, Workers: 6
[26.887s][debug  ][gc,phases      ] GC(98)   ResolvedMethodTable Weak       Min:  0.0, Avg:  0.0, Max:  0.0, Diff:  0.0, Sum:  0.0, Workers: 6
[26.887s][debug  ][gc,phases      ] GC(98)     Dead                           Min: 0, Avg:  0.0, Max: 0, Diff: 0, Sum: 0, Workers: 6
[26.887s][debug  ][gc,phases      ] GC(98)     Total                          Min: 0, Avg: 21.7, Max: 64, Diff: 64, Sum: 130, Workers: 6
[26.887s][debug  ][gc,phases      ] GC(98)   JNI Weak                       Min:  0.0, Avg:  0.0, Max:  0.0, Diff:  0.0, Sum:  0.0, Workers: 6
[26.887s][debug  ][gc,phases      ] GC(98)     Dead                           Min: 0, Avg:  0.0, Max: 0, Diff: 0, Sum: 0, Workers: 6
[26.887s][debug  ][gc,phases      ] GC(98)     Total                          Min: 0, Avg:  0.0, Max: 0, Diff: 0, Sum: 0, Workers: 6
[26.887s][debug  ][gc,phases      ] GC(98)   StringDedup Table Weak         Min:  0.0, Avg:  0.0, Max:  0.0, Diff:  0.0, Sum:  0.0, Workers: 6
[26.887s][debug  ][gc,phases      ] GC(98)     Dead                           Min: 0, Avg:  0.0, Max: 0, Diff: 0, Sum: 0, Workers: 6
[26.887s][debug  ][gc,phases      ] GC(98)     Total                          Min: 0, Avg:  0.0, Max: 0, Diff: 0, Sum: 0, Workers: 6
[26.887s][debug  ][gc,phases      ] GC(98)   StringDedup Requests0 Weak     Min:  0.0, Avg:  0.0, Max:  0.0, Diff:  0.0, Sum:  0.0, Workers: 6
[26.887s][debug  ][gc,phases      ] GC(98)     Dead                           Min: 0, Avg:  0.0, Max: 0, Diff: 0, Sum: 0, Workers: 6
[26.887s][debug  ][gc,phases      ] GC(98)     Total                          Min: 0, Avg:  0.0, Max: 0, Diff: 0, Sum: 0, Workers: 6
[26.887s][debug  ][gc,phases      ] GC(98)   StringDedup Requests1 Weak     Min:  0.0, Avg:  0.0, Max:  0.0, Diff:  0.0, Sum:  0.0, Workers: 6
[26.887s][debug  ][gc,phases      ] GC(98)     Dead                           Min: 0, Avg:  0.0, Max: 0, Diff: 0, Sum: 0, Workers: 6
[26.887s][debug  ][gc,phases      ] GC(98)     Total                          Min: 0, Avg:  0.0, Max: 0, Diff: 0, Sum: 0, Workers: 6
[26.887s][debug  ][gc,phases      ] GC(98)   Weak JFR Old Object Samples    Min:  0.0, Avg:  0.0, Max:  0.0, Diff:  0.0, Sum:  0.0, Workers: 6
[26.887s][debug  ][gc,phases      ] GC(98)     Dead                           Min: 0, Avg:  0.0, Max: 0, Diff: 0, Sum: 0, Workers: 6
[26.887s][debug  ][gc,phases      ] GC(98)     Total                          Min: 0, Avg:  0.0, Max: 0, Diff: 0, Sum: 0, Workers: 6
[26.888s][debug  ][gc,phases      ] GC(98) Weak Processing 0.921ms
[26.888s][debug  ][gc,ergo        ] GC(98) AdaptiveSizeStart:  collection: 99 
[26.888s][debug  ][gc,ergo        ] GC(98) avg_survived_padded_avg: 38204052.000000
[26.888s][debug  ][gc,ergo        ] GC(98) avg_promoted_padded_avg: 224617152.000000  avg_pretenured_padded_avg: 0.000000  tenuring_thresh: 13  target_size: 38273024
[26.888s][debug  ][gc,age         ] GC(98) Desired survivor size 38273024 bytes, new threshold 13 (max threshold 15)
[26.888s][debug  ][gc,ergo        ] GC(98) PSAdaptiveSizePolicy::compute_eden_space_size limits: desired_eden_size: 208209190 old_eden_size: 190840832 eden_limit: 190840832 cur_eden: 190840832 max_eden_size: 190840832 avg_young_live: 24949876
[26.888s][debug  ][gc,ergo        ] GC(98) PSAdaptiveSizePolicy::compute_eden_space_size: costs minor_time: 0.045587 major_cost: 0.054869 mutator_cost: 0.899543 throughput_goal: 0.990000
[26.888s][debug  ][gc,ergo        ] GC(98) Live_space: 1035568704 free_space: 1410334720
[26.888s][debug  ][gc,ergo        ] GC(98) Old eden_size: 190840832 desired_eden_size: 190840832
[26.888s][debug  ][gc,ergo        ] GC(98) AdaptiveSizeStop: collection: 99 
[26.888s][info   ][gc,heap        ] GC(98) PSYoungGen: 208370K(224256K)->30720K(224256K) Eden: 177650K(186368K)->0K(186368K) From: 30720K(37888K)->30720K(37888K)
[26.888s][info   ][gc,heap        ] GC(98) ParOldGen: 882276K(1835008K)->1056356K(1835008K)
[26.888s][info   ][gc,metaspace   ] GC(98) Metaspace: 1023K(1216K)->1023K(1216K) NonClass: 939K(1024K)->939K(1024K) Class: 83K(192K)->83K(192K)
[26.888s][info   ][gc             ] GC(98) Pause Young (Allocation Failure) 1065M->1061M(2011M) 15.956ms
[26.888s][info   ][gc,cpu         ] GC(98) User=0.12s Sys=0.00s Real=0.02s
[26.888s][debug  ][gc,heap        ] GC(98) Heap after GC invocations=99 (full 16):
[26.888s][debug  ][gc,heap        ] GC(98)  PSYoungGen      total 224256K, used 30720K [0x00000000f0000000, 0x0000000100000000, 0x0000000100000000)
[26.888s][debug  ][gc,heap        ] GC(98)   eden space 186368K, 0% used [0x00000000f0000000,0x00000000f0000000,0x00000000fb600000)
[26.888s][debug  ][gc,heap        ] GC(98)   from space 37888K, 81% used [0x00000000fb600000,0x00000000fd400030,0x00000000fdb00000)
[26.888s][debug  ][gc,heap        ] GC(98)   to   space 37376K, 0% used [0x00000000fdb80000,0x00000000fdb80000,0x0000000100000000)
[26.888s][debug  ][gc,heap        ] GC(98)  ParOldGen       total 1835008K, used 1056356K [0x0000000080000000, 0x00000000f0000000, 0x00000000f0000000)
[26.888s][debug  ][gc,heap        ] GC(98)   object space 1835008K, 57% used [0x0000000080000000,0x00000000c07991f0,0x00000000f0000000)
[26.888s][debug  ][gc,heap        ] GC(98)  Metaspace       used 1023K, committed 1216K, reserved 1056768K
[26.888s][debug  ][gc,heap        ] GC(98)   class space    used 83K, committed 192K, reserved 1048576K
[26.888s][debug  ][gc,task,time   ] GC(98) VM-Thread 268714713 268858003 268881588
[27.158s][debug  ][gc,heap        ] GC(99) Heap before GC invocations=100 (full 16):
[27.158s][debug  ][gc,heap        ] GC(99)  PSYoungGen      total 224256K, used 208399K [0x00000000f0000000, 0x0000000100000000, 0x0000000100000000)
[27.158s][debug  ][gc,heap        ] GC(99)   eden space 186368K, 95% used [0x00000000f0000000,0x00000000fad83cb0,0x00000000fb600000)
[27.158s][debug  ][gc,heap        ] GC(99)   from space 37888K, 81% used [0x00000000fb600000,0x00000000fd400030,0x00000000fdb00000)
[27.158s][debug  ][gc,heap        ] GC(99)   to   space 37376K, 0% used [0x00000000fdb80000,0x00000000fdb80000,0x0000000100000000)
[27.158s][debug  ][gc,heap        ] GC(99)  ParOldGen       total 1835008K, used 1056356K [0x0000000080000000, 0x00000000f0000000, 0x00000000f0000000)
[27.158s][debug  ][gc,heap        ] GC(99)   object space 1835008K, 57% used [0x0000000080000000,0x00000000c07991f0,0x00000000f0000000)
[27.158s][debug  ][gc,heap        ] GC(99)  Metaspace       used 1023K, committed 1216K, reserved 1056768K
[27.158s][debug  ][gc,heap        ] GC(99)   class space    used 83K, committed 192K, reserved 1048576K
[27.158s][debug  ][gc,tlab        ] GC(99) TLAB totals: thrds: 1  refills: 1 max: 1 slow allocs: 16 max 16 waste: 26.0% gc: 3685280B max: 3685280B slow: 0B max: 0B
[27.158s][info   ][gc,start       ] GC(99) Pause Young (Allocation Failure)
[27.158s][debug  ][gc,phases,start] GC(99) Scavenge
[27.173s][debug  ][gc,phases      ] GC(99) Scavenge 14.654ms
[27.173s][debug  ][gc,phases,start] GC(99) Reference Processing
[27.173s][debug  ][gc,ref         ] GC(99) Skipped phase 1 of Reference Processing: no references
[27.173s][debug  ][gc,ref         ] GC(99) Skipped phase 2 of Reference Processing: no references
[27.173s][debug  ][gc,ref         ] GC(99) Skipped phase 3 of Reference Processing: no references
[27.173s][debug  ][gc,ref         ] GC(99) Skipped phase 4 of Reference Processing: no references
[27.173s][debug  ][gc,phases,ref  ] GC(99) Reference Processing: 0.1ms
[27.173s][debug  ][gc,phases,ref  ] GC(99)   Reconsider SoftReferences: 0.0ms
[27.173s][debug  ][gc,phases,ref  ] GC(99)     SoftRef (ms):                  skipped
[27.173s][debug  ][gc,phases,ref  ] GC(99)   Notify Soft/WeakReferences: 0.0ms
[27.173s][debug  ][gc,phases,ref  ] GC(99)     SoftRef (ms):                  skipped
[27.173s][debug  ][gc,phases,ref  ] GC(99)     WeakRef (ms):                  skipped
[27.173s][debug  ][gc,phases,ref  ] GC(99)     FinalRef (ms):                 skipped
[27.173s][debug  ][gc,phases,ref  ] GC(99)     Total (ms):                    skipped
[27.173s][debug  ][gc,phases,ref  ] GC(99)   Notify and keep alive finalizable: 0.0ms
[27.173s][debug  ][gc,phases,ref  ] GC(99)     FinalRef (ms):                 skipped
[27.173s][debug  ][gc,phases,ref  ] GC(99)   Notify PhantomReferences: 0.0ms
[27.173s][debug  ][gc,phases,ref  ] GC(99)     PhantomRef (ms):               skipped
[27.173s][debug  ][gc,phases,ref  ] GC(99)   SoftReference:
[27.173s][debug  ][gc,phases,ref  ] GC(99)     Discovered: 0
[27.173s][debug  ][gc,phases,ref  ] GC(99)     Cleared: 0
[27.174s][debug  ][gc,phases,ref  ] GC(99)   WeakReference:
[27.174s][debug  ][gc,phases,ref  ] GC(99)     Discovered: 0
[27.174s][debug  ][gc,phases,ref  ] GC(99)     Cleared: 0
[27.174s][debug  ][gc,phases,ref  ] GC(99)   FinalReference:
[27.174s][debug  ][gc,phases,ref  ] GC(99)     Discovered: 0
[27.174s][debug  ][gc,phases,ref  ] GC(99)     Cleared: 0
[27.174s][debug  ][gc,phases,ref  ] GC(99)   PhantomReference:
[27.174s][debug  ][gc,phases,ref  ] GC(99)     Discovered: 0
[27.174s][debug  ][gc,phases,ref  ] GC(99)     Cleared: 0
[27.174s][debug  ][gc,phases      ] GC(99) Reference Processing 0.876ms
[27.174s][debug  ][gc,phases,start] GC(99) Weak Processing
[27.174s][debug  ][gc,phases      ] GC(99)   VM Weak                        Min:  0.0, Avg:  0.0, Max:  0.0, Diff:  0.0, Sum:  0.0, Workers: 6
[27.174s][debug  ][gc,phases      ] GC(99)     Dead                           Min: 0, Avg:  0.0, Max: 0, Diff: 0, Sum: 0, Workers: 6
[27.174s][debug  ][gc,phases      ] GC(99)     Total                          Min: 0, Avg:  1.3, Max: 8, Diff: 8, Sum: 8, Workers: 6
[27.174s][debug  ][gc,phases      ] GC(99)   ObjectSynchronizer Weak        Min:  0.0, Avg:  0.0, Max:  0.0, Diff:  0.0, Sum:  0.0, Workers: 6
[27.174s][debug  ][gc,phases      ] GC(99)     Dead                           Min: 0, Avg:  0.0, Max: 0, Diff: 0, Sum: 0, Workers: 6
[27.174s][debug  ][gc,phases      ] GC(99)     Total                          Min: 0, Avg:  0.5, Max: 3, Diff: 3, Sum: 3, Workers: 6
[27.174s][debug  ][gc,phases      ] GC(99)   JVMTI Tag Weak OopStorage      Min:  0.0, Avg:  0.0, Max:  0.0, Diff:  0.0, Sum:  0.0, Workers: 6
[27.174s][debug  ][gc,phases      ] GC(99)     Dead                           Min: 0, Avg:  0.0, Max: 0, Diff: 0, Sum: 0, Workers: 6
[27.174s][debug  ][gc,phases      ] GC(99)     Total                          Min: 0, Avg:  0.0, Max: 0, Diff: 0, Sum: 0, Workers: 6
[27.174s][debug  ][gc,phases      ] GC(99)   StringTable Weak               Min:  0.0, Avg:  0.0, Max:  0.0, Diff:  0.0, Sum:  0.0, Workers: 6
[27.174s][debug  ][gc,phases      ] GC(99)     Dead                           Min: 0, Avg:  0.0, Max: 0, Diff: 0, Sum: 0, Workers: 6
[27.174s][debug  ][gc,phases      ] GC(99)     Total                          Min: 767, Avg: 892.2, Max: 1130, Diff: 363, Sum: 5353, Workers: 6
[27.174s][debug  ][gc,phases      ] GC(99)   ResolvedMethodTable Weak       Min:  0.0, Avg:  0.0, Max:  0.0, Diff:  0.0, Sum:  0.0, Workers: 6
[27.174s][debug  ][gc,phases      ] GC(99)     Dead                           Min: 0, Avg:  0.0, Max: 0, Diff: 0, Sum: 0, Workers: 6
[27.174s][debug  ][gc,phases      ] GC(99)     Total                          Min: 0, Avg: 21.7, Max: 64, Diff: 64, Sum: 130, Workers: 6
[27.174s][debug  ][gc,phases      ] GC(99)   JNI Weak                       Min:  0.0, Avg:  0.0, Max:  0.0, Diff:  0.0, Sum:  0.0, Workers: 6
[27.174s][debug  ][gc,phases      ] GC(99)     Dead                           Min: 0, Avg:  0.0, Max: 0, Diff: 0, Sum: 0, Workers: 6
[27.174s][debug  ][gc,phases      ] GC(99)     Total                          Min: 0, Avg:  0.0, Max: 0, Diff: 0, Sum: 0, Workers: 6
[27.174s][debug  ][gc,phases      ] GC(99)   StringDedup Table Weak         Min:  0.0, Avg:  0.0, Max:  0.0, Diff:  0.0, Sum:  0.0, Workers: 6
[27.174s][debug  ][gc,phases      ] GC(99)     Dead                           Min: 0, Avg:  0.0, Max: 0, Diff: 0, Sum: 0, Workers: 6
[27.174s][debug  ][gc,phases      ] GC(99)     Total                          Min: 0, Avg:  0.0, Max: 0, Diff: 0, Sum: 0, Workers: 6
[27.174s][debug  ][gc,phases      ] GC(99)   StringDedup Requests0 Weak     Min:  0.0, Avg:  0.0, Max:  0.0, Diff:  0.0, Sum:  0.0, Workers: 6
[27.174s][debug  ][gc,phases      ] GC(99)     Dead                           Min: 0, Avg:  0.0, Max: 0, Diff: 0, Sum: 0, Workers: 6
[27.174s][debug  ][gc,phases      ] GC(99)     Total                          Min: 0, Avg:  0.0, Max: 0, Diff: 0, Sum: 0, Workers: 6
[27.174s][debug  ][gc,phases      ] GC(99)   StringDedup Requests1 Weak     Min:  0.0, Avg:  0.0, Max:  0.0, Diff:  0.0, Sum:  0.0, Workers: 6
[27.175s][debug  ][gc,phases      ] GC(99)     Dead                           Min: 0, Avg:  0.0, Max: 0, Diff: 0, Sum: 0, Workers: 6
[27.175s][debug  ][gc,phases      ] GC(99)     Total                          Min: 0, Avg:  0.0, Max: 0, Diff: 0, Sum: 0, Workers: 6
[27.175s][debug  ][gc,phases      ] GC(99)   Weak JFR Old Object Samples    Min:  0.0, Avg:  0.0, Max:  0.0, Diff:  0.0, Sum:  0.0, Workers: 6
[27.175s][debug  ][gc,phases      ] GC(99)     Dead                           Min: 0, Avg:  0.0, Max: 0, Diff: 0, Sum: 0, Workers: 6
[27.175s][debug  ][gc,phases      ] GC(99)     Total                          Min: 0, Avg:  0.0, Max: 0, Diff: 0, Sum: 0, Workers: 6
[27.175s][debug  ][gc,phases      ] GC(99) Weak Processing 0.823ms
[27.175s][debug  ][gc,ergo        ] GC(99) AdaptiveSizeStart:  collection: 100 
[27.175s][debug  ][gc,ergo        ] GC(99) avg_survived_padded_avg: 37977996.000000
[27.175s][debug  ][gc,ergo        ] GC(99) avg_promoted_padded_avg: 227903968.000000  avg_pretenured_padded_avg: 0.000000  tenuring_thresh: 14  target_size: 38273024
[27.175s][debug  ][gc,age         ] GC(99) Desired survivor size 38273024 bytes, new threshold 14 (max threshold 15)
[27.175s][debug  ][gc,ergo        ] GC(99) PSAdaptiveSizePolicy::compute_eden_space_size limits: desired_eden_size: 208809320 old_eden_size: 190840832 eden_limit: 191365120 cur_eden: 190840832 max_eden_size: 191365120 avg_young_live: 25600620
[27.175s][debug  ][gc,ergo        ] GC(99) PSAdaptiveSizePolicy::compute_eden_space_size: costs minor_time: 0.048556 major_cost: 0.054869 mutator_cost: 0.896574 throughput_goal: 0.990000
[27.175s][debug  ][gc,ergo        ] GC(99) Live_space: 1036219392 free_space: 1410334720
[27.175s][debug  ][gc,ergo        ] GC(99) Old eden_size: 190840832 desired_eden_size: 191365120
[27.175s][debug  ][gc,ergo        ] GC(99) AdaptiveSizeStop: collection: 100 
[27.175s][info   ][gc,heap        ] GC(99) PSYoungGen: 208399K(224256K)->30720K(224768K) Eden: 177679K(186368K)->0K(187392K) From: 30720K(37888K)->30720K(37376K)
[27.175s][info   ][gc,heap        ] GC(99) ParOldGen: 1056356K(1835008K)->1230436K(1835008K)
[27.175s][info   ][gc,metaspace   ] GC(99) Metaspace: 1023K(1216K)->1023K(1216K) NonClass: 939K(1024K)->939K(1024K) Class: 83K(192K)->83K(192K)
[27.175s][info   ][gc             ] GC(99) Pause Young (Allocation Failure) 1235M->1231M(2011M) 16.849ms
[27.175s][info   ][gc,cpu         ] GC(99) User=0.16s Sys=0.00s Real=0.02s
[27.175s][debug  ][gc,heap        ] GC(99) Heap after GC invocations=100 (full 16):
[27.175s][debug  ][gc,heap        ] GC(99)  PSYoungGen      total 224768K, used 30720K [0x00000000f0000000, 0x0000000100000000, 0x0000000100000000)
[27.175s][debug  ][gc,heap        ] GC(99)   eden space 187392K, 0% used [0x00000000f0000000,0x00000000f0000000,0x00000000fb700000)
[27.175s][debug  ][gc,heap        ] GC(99)   from space 37376K, 82% used [0x00000000fdb80000,0x00000000ff980030,0x0000000100000000)
[27.175s][debug  ][gc,heap        ] GC(99)   to   space 37376K, 0% used [0x00000000fb700000,0x00000000fb700000,0x00000000fdb80000)
[27.175s][debug  ][gc,heap        ] GC(99)  ParOldGen       total 1835008K, used 1230436K [0x0000000080000000, 0x00000000f0000000, 0x00000000f0000000)
[27.175s][debug  ][gc,heap        ] GC(99)   object space 1835008K, 67% used [0x0000000080000000,0x00000000cb199300,0x00000000f0000000)
[27.175s][debug  ][gc,heap        ] GC(99)  Metaspace       used 1023K, committed 1216K, reserved 1056768K
[27.175s][debug  ][gc,heap        ] GC(99)   class space    used 83K, committed 192K, reserved 1048576K
[27.175s][debug  ][gc,task,time   ] GC(99) VM-Thread 271576013 271728988 271752190
[27.444s][debug  ][gc,heap        ] GC(100) Heap before GC invocations=101 (full 16):
[27.444s][debug  ][gc,heap        ] GC(100)  PSYoungGen      total 224768K, used 208437K [0x00000000f0000000, 0x0000000100000000, 0x0000000100000000)
[27.444s][debug  ][gc,heap        ] GC(100)   eden space 187392K, 94% used [0x00000000f0000000,0x00000000fad8d650,0x00000000fb700000)
[27.444s][debug  ][gc,heap        ] GC(100)   from space 37376K, 82% used [0x00000000fdb80000,0x00000000ff980030,0x0000000100000000)
[27.444s][debug  ][gc,heap        ] GC(100)   to   space 37376K, 0% used [0x00000000fb700000,0x00000000fb700000,0x00000000fdb80000)
[27.444s][debug  ][gc,heap        ] GC(100)  ParOldGen       total 1835008K, used 1230436K [0x0000000080000000, 0x00000000f0000000, 0x00000000f0000000)
[27.444s][debug  ][gc,heap        ] GC(100)   object space 1835008K, 67% used [0x0000000080000000,0x00000000cb199300,0x00000000f0000000)
[27.444s][debug  ][gc,heap        ] GC(100)  Metaspace       used 1023K, committed 1216K, reserved 1056768K
[27.444s][debug  ][gc,heap        ] GC(100)   class space    used 83K, committed 192K, reserved 1048576K
[27.444s][debug  ][gc,tlab        ] GC(100) TLAB totals: thrds: 1  refills: 1 max: 1 slow allocs: 16 max 16 waste: 26.2% gc: 3724608B max: 3724608B slow: 0B max: 0B
[27.444s][info   ][gc,start       ] GC(100) Pause Young (Allocation Failure)
[27.444s][debug  ][gc,phases,start] GC(100) Scavenge
[27.458s][debug  ][gc,phases      ] GC(100) Scavenge 13.758ms
[27.458s][debug  ][gc,phases,start] GC(100) Reference Processing
[27.458s][debug  ][gc,ref         ] GC(100) Skipped phase 1 of Reference Processing: no references
[27.458s][debug  ][gc,ref         ] GC(100) Skipped phase 2 of Reference Processing: no references
[27.458s][debug  ][gc,ref         ] GC(100) Skipped phase 3 of Reference Processing: no references
[27.458s][debug  ][gc,ref         ] GC(100) Skipped phase 4 of Reference Processing: no references
[27.458s][debug  ][gc,phases,ref  ] GC(100) Reference Processing: 0.1ms
[27.458s][debug  ][gc,phases,ref  ] GC(100)   Reconsider SoftReferences: 0.0ms
[27.458s][debug  ][gc,phases,ref  ] GC(100)     SoftRef (ms):                  skipped
[27.458s][debug  ][gc,phases,ref  ] GC(100)   Notify Soft/WeakReferences: 0.0ms
[27.458s][debug  ][gc,phases,ref  ] GC(100)     SoftRef (ms):                  skipped
[27.458s][debug  ][gc,phases,ref  ] GC(100)     WeakRef (ms):                  skipped
[27.458s][debug  ][gc,phases,ref  ] GC(100)     FinalRef (ms):                 skipped
[27.458s][debug  ][gc,phases,ref  ] GC(100)     Total (ms):                    skipped
[27.458s][debug  ][gc,phases,ref  ] GC(100)   Notify and keep alive finalizable: 0.0ms
[27.458s][debug  ][gc,phases,ref  ] GC(100)     FinalRef (ms):                 skipped
[27.459s][debug  ][gc,phases,ref  ] GC(100)   Notify PhantomReferences: 0.0ms
[27.459s][debug  ][gc,phases,ref  ] GC(100)     PhantomRef (ms):               skipped
[27.459s][debug  ][gc,phases,ref  ] GC(100)   SoftReference:
[27.459s][debug  ][gc,phases,ref  ] GC(100)     Discovered: 0
[27.459s][debug  ][gc,phases,ref  ] GC(100)     Cleared: 0
[27.459s][debug  ][gc,phases,ref  ] GC(100)   WeakReference:
[27.459s][debug  ][gc,phases,ref  ] GC(100)     Discovered: 0
[27.459s][debug  ][gc,phases,ref  ] GC(100)     Cleared: 0
[27.459s][debug  ][gc,phases,ref  ] GC(100)   FinalReference:
[27.459s][debug  ][gc,phases,ref  ] GC(100)     Discovered: 0
[27.459s][debug  ][gc,phases,ref  ] GC(100)     Cleared: 0
[27.459s][debug  ][gc,phases,ref  ] GC(100)   PhantomReference:
[27.459s][debug  ][gc,phases,ref  ] GC(100)     Discovered: 0
[27.459s][debug  ][gc,phases,ref  ] GC(100)     Cleared: 0
[27.459s][debug  ][gc,phases      ] GC(100) Reference Processing 0.642ms
[27.459s][debug  ][gc,phases,start] GC(100) Weak Processing
[27.459s][debug  ][gc,phases      ] GC(100)   VM Weak                        Min:  0.0, Avg:  0.0, Max:  0.0, Diff:  0.0, Sum:  0.0, Workers: 6
[27.459s][debug  ][gc,phases      ] GC(100)     Dead                           Min: 0, Avg:  0.0, Max: 0, Diff: 0, Sum: 0, Workers: 6
[27.459s][debug  ][gc,phases      ] GC(100)     Total                          Min: 0, Avg:  1.3, Max: 8, Diff: 8, Sum: 8, Workers: 6
[27.459s][debug  ][gc,phases      ] GC(100)   ObjectSynchronizer Weak        Min:  0.0, Avg:  0.0, Max:  0.0, Diff:  0.0, Sum:  0.0, Workers: 6
[27.459s][debug  ][gc,phases      ] GC(100)     Dead                           Min: 0, Avg:  0.0, Max: 0, Diff: 0, Sum: 0, Workers: 6
[27.459s][debug  ][gc,phases      ] GC(100)     Total                          Min: 0, Avg:  0.5, Max: 3, Diff: 3, Sum: 3, Workers: 6
[27.459s][debug  ][gc,phases      ] GC(100)   JVMTI Tag Weak OopStorage      Min:  0.0, Avg:  0.0, Max:  0.0, Diff:  0.0, Sum:  0.0, Workers: 6
[27.459s][debug  ][gc,phases      ] GC(100)     Dead                           Min: 0, Avg:  0.0, Max: 0, Diff: 0, Sum: 0, Workers: 6
[27.459s][debug  ][gc,phases      ] GC(100)     Total                          Min: 0, Avg:  0.0, Max: 0, Diff: 0, Sum: 0, Workers: 6
[27.459s][debug  ][gc,phases      ] GC(100)   StringTable Weak               Min:  0.0, Avg:  0.0, Max:  0.0, Diff:  0.0, Sum:  0.0, Workers: 6
[27.459s][debug  ][gc,phases      ] GC(100)     Dead                           Min: 0, Avg:  0.0, Max: 0, Diff: 0, Sum: 0, Workers: 6
[27.459s][debug  ][gc,phases      ] GC(100)     Total                          Min: 809, Avg: 892.2, Max: 1152, Diff: 343, Sum: 5353, Workers: 6
[27.459s][debug  ][gc,phases      ] GC(100)   ResolvedMethodTable Weak       Min:  0.0, Avg:  0.0, Max:  0.0, Diff:  0.0, Sum:  0.0, Workers: 6
[27.459s][debug  ][gc,phases      ] GC(100)     Dead                           Min: 0, Avg:  0.0, Max: 0, Diff: 0, Sum: 0, Workers: 6
[27.459s][debug  ][gc,phases      ] GC(100)     Total                          Min: 0, Avg: 21.7, Max: 64, Diff: 64, Sum: 130, Workers: 6
[27.459s][debug  ][gc,phases      ] GC(100)   JNI Weak                       Min:  0.0, Avg:  0.0, Max:  0.0, Diff:  0.0, Sum:  0.0, Workers: 6
[27.459s][debug  ][gc,phases      ] GC(100)     Dead                           Min: 0, Avg:  0.0, Max: 0, Diff: 0, Sum: 0, Workers: 6
[27.459s][debug  ][gc,phases      ] GC(100)     Total                          Min: 0, Avg:  0.0, Max: 0, Diff: 0, Sum: 0, Workers: 6
[27.459s][debug  ][gc,phases      ] GC(100)   StringDedup Table Weak         Min:  0.0, Avg:  0.0, Max:  0.0, Diff:  0.0, Sum:  0.0, Workers: 6
[27.459s][debug  ][gc,phases      ] GC(100)     Dead                           Min: 0, Avg:  0.0, Max: 0, Diff: 0, Sum: 0, Workers: 6
[27.459s][debug  ][gc,phases      ] GC(100)     Total                          Min: 0, Avg:  0.0, Max: 0, Diff: 0, Sum: 0, Workers: 6
[27.459s][debug  ][gc,phases      ] GC(100)   StringDedup Requests0 Weak     Min:  0.0, Avg:  0.0, Max:  0.0, Diff:  0.0, Sum:  0.0, Workers: 6
[27.459s][debug  ][gc,phases      ] GC(100)     Dead                           Min: 0, Avg:  0.0, Max: 0, Diff: 0, Sum: 0, Workers: 6
[27.460s][debug  ][gc,phases      ] GC(100)     Total                          Min: 0, Avg:  0.0, Max: 0, Diff: 0, Sum: 0, Workers: 6
[27.460s][debug  ][gc,phases      ] GC(100)   StringDedup Requests1 Weak     Min:  0.0, Avg:  0.0, Max:  0.0, Diff:  0.0, Sum:  0.0, Workers: 6
[27.460s][debug  ][gc,phases      ] GC(100)     Dead                           Min: 0, Avg:  0.0, Max: 0, Diff: 0, Sum: 0, Workers: 6
[27.460s][debug  ][gc,phases      ] GC(100)     Total                          Min: 0, Avg:  0.0, Max: 0, Diff: 0, Sum: 0, Workers: 6
[27.460s][debug  ][gc,phases      ] GC(100)   Weak JFR Old Object Samples    Min:  0.0, Avg:  0.0, Max:  0.0, Diff:  0.0, Sum:  0.0, Workers: 6
[27.460s][debug  ][gc,phases      ] GC(100)     Dead                           Min: 0, Avg:  0.0, Max: 0, Diff: 0, Sum: 0, Workers: 6
[27.460s][debug  ][gc,phases      ] GC(100)     Total                          Min: 0, Avg:  0.0, Max: 0, Diff: 0, Sum: 0, Workers: 6
[27.460s][debug  ][gc,phases      ] GC(100) Weak Processing 0.842ms
[27.460s][debug  ][gc,ergo        ] GC(100) AdaptiveSizeStart:  collection: 101 
[27.460s][debug  ][gc,ergo        ] GC(100) avg_survived_padded_avg: 37729684.000000
[27.460s][debug  ][gc,ergo        ] GC(100) avg_promoted_padded_avg: 230069824.000000  avg_pretenured_padded_avg: 0.000000  tenuring_thresh: 14  target_size: 37748736
[27.460s][debug  ][gc,age         ] GC(100) Desired survivor size 37748736 bytes, new threshold 14 (max threshold 15)
[27.460s][debug  ][gc,ergo        ] GC(100) PSAdaptiveSizePolicy::compute_eden_space_size limits: desired_eden_size: 210368252 old_eden_size: 191365120 eden_limit: 191889408 cur_eden: 191889408 max_eden_size: 191889408 avg_young_live: 26186290
[27.460s][debug  ][gc,ergo        ] GC(100) PSAdaptiveSizePolicy::compute_eden_space_size: costs minor_time: 0.049901 major_cost: 0.054869 mutator_cost: 0.895229 throughput_goal: 0.990000
[27.460s][debug  ][gc,ergo        ] GC(100) Live_space: 1036805120 free_space: 1410859008
[27.460s][debug  ][gc,ergo        ] GC(100) Old eden_size: 191365120 desired_eden_size: 191889408
[27.460s][debug  ][gc,ergo        ] GC(100) AdaptiveSizeStop: collection: 101 
[27.460s][info   ][gc,heap        ] GC(100) PSYoungGen: 208437K(224768K)->30720K(224768K) Eden: 177717K(187392K)->0K(187392K) From: 30720K(37376K)->30720K(37376K)
[27.460s][info   ][gc,heap        ] GC(100) ParOldGen: 1230436K(1835008K)->1404517K(1835008K)
[27.460s][info   ][gc,metaspace   ] GC(100) Metaspace: 1023K(1216K)->1023K(1216K) NonClass: 939K(1024K)->939K(1024K) Class: 83K(192K)->83K(192K)
[27.460s][info   ][gc             ] GC(100) Pause Young (Allocation Failure) 1405M->1401M(2011M) 15.821ms
[27.460s][info   ][gc,cpu         ] GC(100) User=0.05s Sys=0.00s Real=0.02s
[27.460s][debug  ][gc,heap        ] GC(100) Heap after GC invocations=101 (full 16):
[27.460s][debug  ][gc,heap        ] GC(100)  PSYoungGen      total 224768K, used 30720K [0x00000000f0000000, 0x0000000100000000, 0x0000000100000000)
[27.460s][debug  ][gc,heap        ] GC(100)   eden space 187392K, 0% used [0x00000000f0000000,0x00000000f0000000,0x00000000fb700000)
[27.460s][debug  ][gc,heap        ] GC(100)   from space 37376K, 82% used [0x00000000fb700000,0x00000000fd500030,0x00000000fdb80000)
[27.460s][debug  ][gc,heap        ] GC(100)   to   space 36864K, 0% used [0x00000000fdc00000,0x00000000fdc00000,0x0000000100000000)
[27.460s][debug  ][gc,heap        ] GC(100)  ParOldGen       total 1835008K, used 1404517K [0x0000000080000000, 0x00000000f0000000, 0x00000000f0000000)
[27.460s][debug  ][gc,heap        ] GC(100)   object space 1835008K, 76% used [0x0000000080000000,0x00000000d5b99410,0x00000000f0000000)
[27.460s][debug  ][gc,heap        ] GC(100)  Metaspace       used 1023K, committed 1216K, reserved 1056768K
[27.460s][debug  ][gc,heap        ] GC(100)   class space    used 83K, committed 192K, reserved 1048576K
[27.460s][debug  ][gc,task,time   ] GC(100) VM-Thread 274437382 274581666 274603748
[27.732s][debug  ][gc,heap        ] GC(101) Heap before GC invocations=102 (full 16):
[27.732s][debug  ][gc,heap        ] GC(101)  PSYoungGen      total 224768K, used 208449K [0x00000000f0000000, 0x0000000100000000, 0x0000000100000000)
[27.732s][debug  ][gc,heap        ] GC(101)   eden space 187392K, 94% used [0x00000000f0000000,0x00000000fad905a8,0x00000000fb700000)
[27.732s][debug  ][gc,heap        ] GC(101)   from space 37376K, 82% used [0x00000000fb700000,0x00000000fd500030,0x00000000fdb80000)
[27.732s][debug  ][gc,heap        ] GC(101)   to   space 36864K, 0% used [0x00000000fdc00000,0x00000000fdc00000,0x0000000100000000)
[27.732s][debug  ][gc,heap        ] GC(101)  ParOldGen       total 1835008K, used 1404517K [0x0000000080000000, 0x00000000f0000000, 0x00000000f0000000)
[27.732s][debug  ][gc,heap        ] GC(101)   object space 1835008K, 76% used [0x0000000080000000,0x00000000d5b99410,0x00000000f0000000)
[27.732s][debug  ][gc,heap        ] GC(101)  Metaspace       used 1023K, committed 1216K, reserved 1056768K
[27.732s][debug  ][gc,heap        ] GC(101)   class space    used 83K, committed 192K, reserved 1048576K
[27.732s][debug  ][gc,tlab        ] GC(101) TLAB totals: thrds: 1  refills: 1 max: 1 slow allocs: 16 max 16 waste: 26.3% gc: 3736728B max: 3736728B slow: 0B max: 0B
[27.732s][info   ][gc,start       ] GC(101) Pause Young (Allocation Failure)
[27.732s][debug  ][gc,phases,start] GC(101) Scavenge
[27.747s][debug  ][gc,phases      ] GC(101) Scavenge 14.426ms
[27.747s][debug  ][gc,phases,start] GC(101) Reference Processing
[27.747s][debug  ][gc,ref         ] GC(101) Skipped phase 1 of Reference Processing: no references
[27.747s][debug  ][gc,ref         ] GC(101) Skipped phase 2 of Reference Processing: no references
[27.747s][debug  ][gc,ref         ] GC(101) Skipped phase 3 of Reference Processing: no references
[27.747s][debug  ][gc,ref         ] GC(101) Skipped phase 4 of Reference Processing: no references
[27.747s][debug  ][gc,phases,ref  ] GC(101) Reference Processing: 0.1ms
[27.747s][debug  ][gc,phases,ref  ] GC(101)   Reconsider SoftReferences: 0.0ms
[27.747s][debug  ][gc,phases,ref  ] GC(101)     SoftRef (ms):                  skipped
[27.747s][debug  ][gc,phases,ref  ] GC(101)   Notify Soft/WeakReferences: 0.0ms
[27.747s][debug  ][gc,phases,ref  ] GC(101)     SoftRef (ms):                  skipped
[27.747s][debug  ][gc,phases,ref  ] GC(101)     WeakRef (ms):                  skipped
[27.747s][debug  ][gc,phases,ref  ] GC(101)     FinalRef (ms):                 skipped
[27.747s][debug  ][gc,phases,ref  ] GC(101)     Total (ms):                    skipped
[27.747s][debug  ][gc,phases,ref  ] GC(101)   Notify and keep alive finalizable: 0.0ms
[27.747s][debug  ][gc,phases,ref  ] GC(101)     FinalRef (ms):                 skipped
[27.747s][debug  ][gc,phases,ref  ] GC(101)   Notify PhantomReferences: 0.0ms
[27.747s][debug  ][gc,phases,ref  ] GC(101)     PhantomRef (ms):               skipped
[27.748s][debug  ][gc,phases,ref  ] GC(101)   SoftReference:
[27.748s][debug  ][gc,phases,ref  ] GC(101)     Discovered: 0
[27.748s][debug  ][gc,phases,ref  ] GC(101)     Cleared: 0
[27.748s][debug  ][gc,phases,ref  ] GC(101)   WeakReference:
[27.748s][debug  ][gc,phases,ref  ] GC(101)     Discovered: 0
[27.748s][debug  ][gc,phases,ref  ] GC(101)     Cleared: 0
[27.748s][debug  ][gc,phases,ref  ] GC(101)   FinalReference:
[27.748s][debug  ][gc,phases,ref  ] GC(101)     Discovered: 0
[27.748s][debug  ][gc,phases,ref  ] GC(101)     Cleared: 0
[27.748s][debug  ][gc,phases,ref  ] GC(101)   PhantomReference:
[27.748s][debug  ][gc,phases,ref  ] GC(101)     Discovered: 0
[27.748s][debug  ][gc,phases,ref  ] GC(101)     Cleared: 0
[27.748s][debug  ][gc,phases      ] GC(101) Reference Processing 1.062ms
[27.748s][debug  ][gc,phases,start] GC(101) Weak Processing
[27.748s][debug  ][gc,phases      ] GC(101)   VM Weak                        Min:  0.0, Avg:  0.0, Max:  0.0, Diff:  0.0, Sum:  0.0, Workers: 6
[27.748s][debug  ][gc,phases      ] GC(101)     Dead                           Min: 0, Avg:  0.0, Max: 0, Diff: 0, Sum: 0, Workers: 6
[27.748s][debug  ][gc,phases      ] GC(101)     Total                          Min: 0, Avg:  1.3, Max: 8, Diff: 8, Sum: 8, Workers: 6
[27.748s][debug  ][gc,phases      ] GC(101)   ObjectSynchronizer Weak        Min:  0.0, Avg:  0.0, Max:  0.0, Diff:  0.0, Sum:  0.0, Workers: 6
[27.748s][debug  ][gc,phases      ] GC(101)     Dead                           Min: 0, Avg:  0.0, Max: 0, Diff: 0, Sum: 0, Workers: 6
[27.748s][debug  ][gc,phases      ] GC(101)     Total                          Min: 0, Avg:  0.5, Max: 3, Diff: 3, Sum: 3, Workers: 6
[27.748s][debug  ][gc,phases      ] GC(101)   JVMTI Tag Weak OopStorage      Min:  0.0, Avg:  0.0, Max:  0.0, Diff:  0.0, Sum:  0.0, Workers: 6
[27.748s][debug  ][gc,phases      ] GC(101)     Dead                           Min: 0, Avg:  0.0, Max: 0, Diff: 0, Sum: 0, Workers: 6
[27.748s][debug  ][gc,phases      ] GC(101)     Total                          Min: 0, Avg:  0.0, Max: 0, Diff: 0, Sum: 0, Workers: 6
[27.748s][debug  ][gc,phases      ] GC(101)   StringTable Weak               Min:  0.0, Avg:  0.0, Max:  0.0, Diff:  0.0, Sum:  0.0, Workers: 6
[27.748s][debug  ][gc,phases      ] GC(101)     Dead                           Min: 0, Avg:  0.0, Max: 0, Diff: 0, Sum: 0, Workers: 6
[27.748s][debug  ][gc,phases      ] GC(101)     Total                          Min: 640, Avg: 892.2, Max: 1088, Diff: 448, Sum: 5353, Workers: 6
[27.748s][debug  ][gc,phases      ] GC(101)   ResolvedMethodTable Weak       Min:  0.0, Avg:  0.0, Max:  0.0, Diff:  0.0, Sum:  0.0, Workers: 6
[27.749s][debug  ][gc,phases      ] GC(101)     Dead                           Min: 0, Avg:  0.0, Max: 0, Diff: 0, Sum: 0, Workers: 6
[27.749s][debug  ][gc,phases      ] GC(101)     Total                          Min: 0, Avg: 21.7, Max: 64, Diff: 64, Sum: 130, Workers: 6
[27.749s][debug  ][gc,phases      ] GC(101)   JNI Weak                       Min:  0.0, Avg:  0.0, Max:  0.0, Diff:  0.0, Sum:  0.0, Workers: 6
[27.749s][debug  ][gc,phases      ] GC(101)     Dead                           Min: 0, Avg:  0.0, Max: 0, Diff: 0, Sum: 0, Workers: 6
[27.749s][debug  ][gc,phases      ] GC(101)     Total                          Min: 0, Avg:  0.0, Max: 0, Diff: 0, Sum: 0, Workers: 6
[27.749s][debug  ][gc,phases      ] GC(101)   StringDedup Table Weak         Min:  0.0, Avg:  0.0, Max:  0.0, Diff:  0.0, Sum:  0.0, Workers: 6
[27.749s][debug  ][gc,phases      ] GC(101)     Dead                           Min: 0, Avg:  0.0, Max: 0, Diff: 0, Sum: 0, Workers: 6
[27.749s][debug  ][gc,phases      ] GC(101)     Total                          Min: 0, Avg:  0.0, Max: 0, Diff: 0, Sum: 0, Workers: 6
[27.749s][debug  ][gc,phases      ] GC(101)   StringDedup Requests0 Weak     Min:  0.0, Avg:  0.0, Max:  0.0, Diff:  0.0, Sum:  0.0, Workers: 6
[27.749s][debug  ][gc,phases      ] GC(101)     Dead                           Min: 0, Avg:  0.0, Max: 0, Diff: 0, Sum: 0, Workers: 6
[27.749s][debug  ][gc,phases      ] GC(101)     Total                          Min: 0, Avg:  0.0, Max: 0, Diff: 0, Sum: 0, Workers: 6
[27.749s][debug  ][gc,phases      ] GC(101)   StringDedup Requests1 Weak     Min:  0.0, Avg:  0.0, Max:  0.0, Diff:  0.0, Sum:  0.0, Workers: 6
[27.749s][debug  ][gc,phases      ] GC(101)     Dead                           Min: 0, Avg:  0.0, Max: 0, Diff: 0, Sum: 0, Workers: 6
[27.749s][debug  ][gc,phases      ] GC(101)     Total                          Min: 0, Avg:  0.0, Max: 0, Diff: 0, Sum: 0, Workers: 6
[27.749s][debug  ][gc,phases      ] GC(101)   Weak JFR Old Object Samples    Min:  0.0, Avg:  0.0, Max:  0.0, Diff:  0.0, Sum:  0.0, Workers: 6
[27.749s][debug  ][gc,phases      ] GC(101)     Dead                           Min: 0, Avg:  0.0, Max: 0, Diff: 0, Sum: 0, Workers: 6
[27.749s][debug  ][gc,phases      ] GC(101)     Total                          Min: 0, Avg:  0.0, Max: 0, Diff: 0, Sum: 0, Workers: 6
[27.749s][debug  ][gc,phases      ] GC(101) Weak Processing 1.060ms
[27.749s][debug  ][gc,ergo        ] GC(101) AdaptiveSizeStart:  collection: 102 
[27.749s][debug  ][gc,ergo        ] GC(101) avg_survived_padded_avg: 37465828.000000
[27.749s][debug  ][gc,ergo        ] GC(101) avg_promoted_padded_avg: 231306064.000000  avg_pretenured_padded_avg: 0.000000  tenuring_thresh: 14  target_size: 37748736
[27.749s][debug  ][gc,age         ] GC(101) Desired survivor size 37748736 bytes, new threshold 14 (max threshold 15)
[27.749s][debug  ][gc,ergo        ] GC(101) PSAdaptiveSizePolicy::compute_eden_space_size limits: desired_eden_size: 210739744 old_eden_size: 191889408 eden_limit: 192413696 cur_eden: 191889408 max_eden_size: 192413696 avg_young_live: 26713394
[27.749s][debug  ][gc,ergo        ] GC(101) PSAdaptiveSizePolicy::compute_eden_space_size: costs minor_time: 0.051853 major_cost: 0.054869 mutator_cost: 0.893278 throughput_goal: 0.990000
[27.749s][debug  ][gc,ergo        ] GC(101) Live_space: 1037332224 free_space: 1411383296
[27.749s][debug  ][gc,ergo        ] GC(101) Old eden_size: 191889408 desired_eden_size: 192413696
[27.749s][debug  ][gc,ergo        ] GC(101) AdaptiveSizeStop: collection: 102 
[27.749s][info   ][gc,heap        ] GC(101) PSYoungGen: 208449K(224768K)->30720K(225280K) Eden: 177729K(187392K)->0K(188416K) From: 30720K(37376K)->30720K(36864K)
[27.749s][info   ][gc,heap        ] GC(101) ParOldGen: 1404517K(1835008K)->1578597K(1835008K)
[27.749s][info   ][gc,metaspace   ] GC(101) Metaspace: 1023K(1216K)->1023K(1216K) NonClass: 939K(1024K)->939K(1024K) Class: 83K(192K)->83K(192K)
[27.749s][info   ][gc             ] GC(101) Pause Young (Allocation Failure) 1575M->1571M(2012M) 17.078ms
[27.749s][info   ][gc,cpu         ] GC(101) User=0.16s Sys=0.00s Real=0.02s
[27.749s][debug  ][gc,heap        ] GC(101) Heap after GC invocations=102 (full 16):
[27.750s][debug  ][gc,heap        ] GC(101)  PSYoungGen      total 225280K, used 30720K [0x00000000f0000000, 0x0000000100000000, 0x0000000100000000)
[27.750s][debug  ][gc,heap        ] GC(101)   eden space 188416K, 0% used [0x00000000f0000000,0x00000000f0000000,0x00000000fb800000)
[27.750s][debug  ][gc,heap        ] GC(101)   from space 36864K, 83% used [0x00000000fdc00000,0x00000000ffa00030,0x0000000100000000)
[27.750s][debug  ][gc,heap        ] GC(101)   to   space 36864K, 0% used [0x00000000fb800000,0x00000000fb800000,0x00000000fdc00000)
[27.750s][debug  ][gc,heap        ] GC(101)  ParOldGen       total 1835008K, used 1578597K [0x0000000080000000, 0x00000000f0000000, 0x00000000f0000000)
[27.750s][debug  ][gc,heap        ] GC(101)   object space 1835008K, 86% used [0x0000000080000000,0x00000000e0599520,0x00000000f0000000)
[27.750s][debug  ][gc,heap        ] GC(101)  Metaspace       used 1023K, committed 1216K, reserved 1056768K
[27.750s][debug  ][gc,heap        ] GC(101)   class space    used 83K, committed 192K, reserved 1048576K
[27.750s][debug  ][gc,task,time   ] GC(101) VM-Thread 277318408 277468625 277497079
[28.033s][debug  ][gc,heap        ] GC(102) Heap before GC invocations=103 (full 16):
[28.033s][debug  ][gc,heap        ] GC(102)  PSYoungGen      total 225280K, used 218717K [0x00000000f0000000, 0x0000000100000000, 0x0000000100000000)
[28.033s][debug  ][gc,heap        ] GC(102)   eden space 188416K, 99% used [0x00000000f0000000,0x00000000fb797418,0x00000000fb800000)
[28.033s][debug  ][gc,heap        ] GC(102)   from space 36864K, 83% used [0x00000000fdc00000,0x00000000ffa00030,0x0000000100000000)
[28.034s][debug  ][gc,heap        ] GC(102)   to   space 36864K, 0% used [0x00000000fb800000,0x00000000fb800000,0x00000000fdc00000)
[28.034s][debug  ][gc,heap        ] GC(102)  ParOldGen       total 1835008K, used 1578597K [0x0000000080000000, 0x00000000f0000000, 0x00000000f0000000)
[28.034s][debug  ][gc,heap        ] GC(102)   object space 1835008K, 86% used [0x0000000080000000,0x00000000e0599520,0x00000000f0000000)
[28.034s][debug  ][gc,heap        ] GC(102)  Metaspace       used 1023K, committed 1216K, reserved 1056768K
[28.034s][debug  ][gc,heap        ] GC(102)   class space    used 83K, committed 192K, reserved 1048576K
[28.034s][debug  ][gc,tlab        ] GC(102) TLAB totals: thrds: 1  refills: 1 max: 1 slow allocs: 17 max 17 waste: 26.4% gc: 3764984B max: 3764984B slow: 0B max: 0B
[28.034s][info   ][gc,start       ] GC(102) Pause Young (Allocation Failure)
[28.034s][debug  ][gc,phases,start] GC(102) Scavenge
[28.049s][debug  ][gc,phases      ] GC(102) Scavenge 14.797ms
[28.049s][debug  ][gc,phases,start] GC(102) Reference Processing
[28.049s][debug  ][gc,ref         ] GC(102) Skipped phase 1 of Reference Processing: no references
[28.049s][debug  ][gc,ref         ] GC(102) Skipped phase 2 of Reference Processing: no references
[28.049s][debug  ][gc,ref         ] GC(102) Skipped phase 3 of Reference Processing: no references
[28.049s][debug  ][gc,ref         ] GC(102) Skipped phase 4 of Reference Processing: no references
[28.049s][debug  ][gc,phases,ref  ] GC(102) Reference Processing: 0.1ms
[28.049s][debug  ][gc,phases,ref  ] GC(102)   Reconsider SoftReferences: 0.0ms
[28.049s][debug  ][gc,phases,ref  ] GC(102)     SoftRef (ms):                  skipped
[28.049s][debug  ][gc,phases,ref  ] GC(102)   Notify Soft/WeakReferences: 0.0ms
[28.049s][debug  ][gc,phases,ref  ] GC(102)     SoftRef (ms):                  skipped
[28.049s][debug  ][gc,phases,ref  ] GC(102)     WeakRef (ms):                  skipped
[28.049s][debug  ][gc,phases,ref  ] GC(102)     FinalRef (ms):                 skipped
[28.049s][debug  ][gc,phases,ref  ] GC(102)     Total (ms):                    skipped
[28.049s][debug  ][gc,phases,ref  ] GC(102)   Notify and keep alive finalizable: 0.0ms
[28.049s][debug  ][gc,phases,ref  ] GC(102)     FinalRef (ms):                 skipped
[28.049s][debug  ][gc,phases,ref  ] GC(102)   Notify PhantomReferences: 0.0ms
[28.049s][debug  ][gc,phases,ref  ] GC(102)     PhantomRef (ms):               skipped
[28.049s][debug  ][gc,phases,ref  ] GC(102)   SoftReference:
[28.049s][debug  ][gc,phases,ref  ] GC(102)     Discovered: 0
[28.049s][debug  ][gc,phases,ref  ] GC(102)     Cleared: 0
[28.049s][debug  ][gc,phases,ref  ] GC(102)   WeakReference:
[28.049s][debug  ][gc,phases,ref  ] GC(102)     Discovered: 0
[28.049s][debug  ][gc,phases,ref  ] GC(102)     Cleared: 0
[28.049s][debug  ][gc,phases,ref  ] GC(102)   FinalReference:
[28.049s][debug  ][gc,phases,ref  ] GC(102)     Discovered: 0
[28.049s][debug  ][gc,phases,ref  ] GC(102)     Cleared: 0
[28.049s][debug  ][gc,phases,ref  ] GC(102)   PhantomReference:
[28.049s][debug  ][gc,phases,ref  ] GC(102)     Discovered: 0
[28.049s][debug  ][gc,phases,ref  ] GC(102)     Cleared: 0
[28.049s][debug  ][gc,phases      ] GC(102) Reference Processing 0.727ms
[28.049s][debug  ][gc,phases,start] GC(102) Weak Processing
[28.049s][debug  ][gc,phases      ] GC(102)   VM Weak                        Min:  0.0, Avg:  0.0, Max:  0.0, Diff:  0.0, Sum:  0.0, Workers: 6
[28.050s][debug  ][gc,phases      ] GC(102)     Dead                           Min: 0, Avg:  0.0, Max: 0, Diff: 0, Sum: 0, Workers: 6
[28.050s][debug  ][gc,phases      ] GC(102)     Total                          Min: 0, Avg:  1.3, Max: 8, Diff: 8, Sum: 8, Workers: 6
[28.050s][debug  ][gc,phases      ] GC(102)   ObjectSynchronizer Weak        Min:  0.0, Avg:  0.0, Max:  0.0, Diff:  0.0, Sum:  0.0, Workers: 6
[28.050s][debug  ][gc,phases      ] GC(102)     Dead                           Min: 0, Avg:  0.0, Max: 0, Diff: 0, Sum: 0, Workers: 6
[28.050s][debug  ][gc,phases      ] GC(102)     Total                          Min: 0, Avg:  0.5, Max: 3, Diff: 3, Sum: 3, Workers: 6
[28.050s][debug  ][gc,phases      ] GC(102)   JVMTI Tag Weak OopStorage      Min:  0.0, Avg:  0.0, Max:  0.0, Diff:  0.0, Sum:  0.0, Workers: 6
[28.050s][debug  ][gc,phases      ] GC(102)     Dead                           Min: 0, Avg:  0.0, Max: 0, Diff: 0, Sum: 0, Workers: 6
[28.050s][debug  ][gc,phases      ] GC(102)     Total                          Min: 0, Avg:  0.0, Max: 0, Diff: 0, Sum: 0, Workers: 6
[28.050s][debug  ][gc,phases      ] GC(102)   StringTable Weak               Min:  0.0, Avg:  0.0, Max:  0.0, Diff:  0.0, Sum:  0.0, Workers: 6
[28.050s][debug  ][gc,phases      ] GC(102)     Dead                           Min: 0, Avg:  0.0, Max: 0, Diff: 0, Sum: 0, Workers: 6
[28.050s][debug  ][gc,phases      ] GC(102)     Total                          Min: 640, Avg: 892.2, Max: 1216, Diff: 576, Sum: 5353, Workers: 6
[28.050s][debug  ][gc,phases      ] GC(102)   ResolvedMethodTable Weak       Min:  0.0, Avg:  0.0, Max:  0.0, Diff:  0.0, Sum:  0.0, Workers: 6
[28.050s][debug  ][gc,phases      ] GC(102)     Dead                           Min: 0, Avg:  0.0, Max: 0, Diff: 0, Sum: 0, Workers: 6
[28.050s][debug  ][gc,phases      ] GC(102)     Total                          Min: 0, Avg: 21.7, Max: 64, Diff: 64, Sum: 130, Workers: 6
[28.050s][debug  ][gc,phases      ] GC(102)   JNI Weak                       Min:  0.0, Avg:  0.0, Max:  0.0, Diff:  0.0, Sum:  0.0, Workers: 6
[28.050s][debug  ][gc,phases      ] GC(102)     Dead                           Min: 0, Avg:  0.0, Max: 0, Diff: 0, Sum: 0, Workers: 6
[28.050s][debug  ][gc,phases      ] GC(102)     Total                          Min: 0, Avg:  0.0, Max: 0, Diff: 0, Sum: 0, Workers: 6
[28.050s][debug  ][gc,phases      ] GC(102)   StringDedup Table Weak         Min:  0.0, Avg:  0.0, Max:  0.0, Diff:  0.0, Sum:  0.0, Workers: 6
[28.050s][debug  ][gc,phases      ] GC(102)     Dead                           Min: 0, Avg:  0.0, Max: 0, Diff: 0, Sum: 0, Workers: 6
[28.050s][debug  ][gc,phases      ] GC(102)     Total                          Min: 0, Avg:  0.0, Max: 0, Diff: 0, Sum: 0, Workers: 6
[28.050s][debug  ][gc,phases      ] GC(102)   StringDedup Requests0 Weak     Min:  0.0, Avg:  0.0, Max:  0.0, Diff:  0.0, Sum:  0.0, Workers: 6
[28.050s][debug  ][gc,phases      ] GC(102)     Dead                           Min: 0, Avg:  0.0, Max: 0, Diff: 0, Sum: 0, Workers: 6
[28.050s][debug  ][gc,phases      ] GC(102)     Total                          Min: 0, Avg:  0.0, Max: 0, Diff: 0, Sum: 0, Workers: 6
[28.050s][debug  ][gc,phases      ] GC(102)   StringDedup Requests1 Weak     Min:  0.0, Avg:  0.0, Max:  0.0, Diff:  0.0, Sum:  0.0, Workers: 6
[28.050s][debug  ][gc,phases      ] GC(102)     Dead                           Min: 0, Avg:  0.0, Max: 0, Diff: 0, Sum: 0, Workers: 6
[28.050s][debug  ][gc,phases      ] GC(102)     Total                          Min: 0, Avg:  0.0, Max: 0, Diff: 0, Sum: 0, Workers: 6
[28.050s][debug  ][gc,phases      ] GC(102)   Weak JFR Old Object Samples    Min:  0.0, Avg:  0.0, Max:  0.0, Diff:  0.0, Sum:  0.0, Workers: 6
[28.050s][debug  ][gc,phases      ] GC(102)     Dead                           Min: 0, Avg:  0.0, Max: 0, Diff: 0, Sum: 0, Workers: 6
[28.050s][debug  ][gc,phases      ] GC(102)     Total                          Min: 0, Avg:  0.0, Max: 0, Diff: 0, Sum: 0, Workers: 6
[28.050s][debug  ][gc,phases      ] GC(102) Weak Processing 0.827ms
[28.050s][debug  ][gc,ergo        ] GC(102) AdaptiveSizeStart:  collection: 103 
[28.050s][debug  ][gc,ergo        ] GC(102) avg_survived_padded_avg: 37192016.000000
[28.050s][debug  ][gc,ergo        ] GC(102) avg_promoted_padded_avg: 235656672.000000  avg_pretenured_padded_avg: 0.000000  tenuring_thresh: 14  target_size: 37224448
[28.050s][debug  ][gc,age         ] GC(102) Desired survivor size 37224448 bytes, new threshold 14 (max threshold 15)
[28.050s][debug  ][gc,ergo        ] GC(102) PSAdaptiveSizePolicy::compute_eden_space_size limits: desired_eden_size: 211921383 old_eden_size: 192413696 eden_limit: 192937984 cur_eden: 192937984 max_eden_size: 192937984 avg_young_live: 27187788
[28.050s][debug  ][gc,ergo        ] GC(102) PSAdaptiveSizePolicy::compute_eden_space_size: costs minor_time: 0.052569 major_cost: 0.054869 mutator_cost: 0.892561 throughput_goal: 0.990000
[28.050s][debug  ][gc,ergo        ] GC(102) Live_space: 1037806592 free_space: 1411907584
[28.050s][debug  ][gc,ergo        ] GC(102) Old eden_size: 192413696 desired_eden_size: 192937984
[28.050s][debug  ][gc,ergo        ] GC(102) AdaptiveSizeStop: collection: 103 
[28.050s][info   ][gc,heap        ] GC(102) PSYoungGen: 218717K(225280K)->30720K(225280K) Eden: 187997K(188416K)->0K(188416K) From: 30720K(36864K)->30720K(36864K)
[28.051s][info   ][gc,heap        ] GC(102) ParOldGen: 1578597K(1835008K)->1762917K(1835008K)
[28.051s][info   ][gc,metaspace   ] GC(102) Metaspace: 1023K(1216K)->1023K(1216K) NonClass: 939K(1024K)->939K(1024K) Class: 83K(192K)->83K(192K)
[28.051s][info   ][gc             ] GC(102) Pause Young (Allocation Failure) 1755M->1751M(2012M) 16.827ms
[28.051s][info   ][gc,cpu         ] GC(102) User=0.14s Sys=0.00s Real=0.02s
[28.051s][debug  ][gc,heap        ] GC(102) Heap after GC invocations=103 (full 16):
[28.051s][debug  ][gc,heap        ] GC(102)  PSYoungGen      total 225280K, used 30720K [0x00000000f0000000, 0x0000000100000000, 0x0000000100000000)
[28.051s][debug  ][gc,heap        ] GC(102)   eden space 188416K, 0% used [0x00000000f0000000,0x00000000f0000000,0x00000000fb800000)
[28.051s][debug  ][gc,heap        ] GC(102)   from space 36864K, 83% used [0x00000000fb800000,0x00000000fd600030,0x00000000fdc00000)
[28.051s][debug  ][gc,heap        ] GC(102)   to   space 36352K, 0% used [0x00000000fdc80000,0x00000000fdc80000,0x0000000100000000)
[28.051s][debug  ][gc,heap        ] GC(102)  ParOldGen       total 1835008K, used 1762917K [0x0000000080000000, 0x00000000f0000000, 0x00000000f0000000)
[28.051s][debug  ][gc,heap        ] GC(102)   object space 1835008K, 96% used [0x0000000080000000,0x00000000eb999640,0x00000000f0000000)
[28.051s][debug  ][gc,heap        ] GC(102)  Metaspace       used 1023K, committed 1216K, reserved 1056768K
[28.051s][debug  ][gc,heap        ] GC(102)   class space    used 83K, committed 192K, reserved 1048576K
[28.051s][debug  ][gc,task,time   ] GC(102) VM-Thread 280333262 280486806 280509168
[28.051s][debug  ][gc,phases,start] GC(103) Pre Compact
[28.051s][debug  ][gc,heap        ] GC(103) Heap before GC invocations=104 (full 17):
[28.051s][debug  ][gc,heap        ] GC(103)  PSYoungGen      total 225280K, used 30720K [0x00000000f0000000, 0x0000000100000000, 0x0000000100000000)
[28.051s][debug  ][gc,heap        ] GC(103)   eden space 188416K, 0% used [0x00000000f0000000,0x00000000f0000000,0x00000000fb800000)
[28.051s][debug  ][gc,heap        ] GC(103)   from space 36864K, 83% used [0x00000000fb800000,0x00000000fd600030,0x00000000fdc00000)
[28.051s][debug  ][gc,heap        ] GC(103)   to   space 36352K, 0% used [0x00000000fdc80000,0x00000000fdc80000,0x0000000100000000)
[28.051s][debug  ][gc,heap        ] GC(103)  ParOldGen       total 1835008K, used 1762917K [0x0000000080000000, 0x00000000f0000000, 0x00000000f0000000)
[28.051s][debug  ][gc,heap        ] GC(103)   object space 1835008K, 96% used [0x0000000080000000,0x00000000eb999640,0x00000000f0000000)
[28.051s][debug  ][gc,heap        ] GC(103)  Metaspace       used 1023K, committed 1216K, reserved 1056768K
[28.051s][debug  ][gc,heap        ] GC(103)   class space    used 83K, committed 192K, reserved 1048576K
[28.051s][debug  ][gc,phases      ] GC(103) Pre Compact 0.326ms
[28.051s][info   ][gc,start       ] GC(103) Pause Full (Ergonomics)
[28.051s][info   ][gc,phases,start] GC(103) Marking Phase
[28.051s][debug  ][gc,phases,start] GC(103) Par Mark
[28.052s][debug  ][gc,phases      ] GC(103) Par Mark 0.512ms
[28.052s][debug  ][gc,phases,start] GC(103) Reference Processing
[28.052s][debug  ][gc,ref         ] GC(103) Skipped phase 1 of Reference Processing: no references
[28.052s][debug  ][gc,ref         ] GC(103) ReferenceProcessor::execute queues: 1, RefProcThreadModel::Single, marks_oops_alive: false
[28.052s][debug  ][gc,ref         ] GC(103) Skipped phase 3 of Reference Processing: no references
[28.052s][debug  ][gc,ref         ] GC(103) ReferenceProcessor::execute queues: 1, RefProcThreadModel::Single, marks_oops_alive: false
[28.052s][debug  ][gc,phases,ref  ] GC(103) Reference Processing: 0.1ms
[28.052s][debug  ][gc,phases,ref  ] GC(103)   Reconsider SoftReferences: 0.0ms
[28.052s][debug  ][gc,phases,ref  ] GC(103)     SoftRef (ms):                  skipped
[28.052s][debug  ][gc,phases,ref  ] GC(103)   Notify Soft/WeakReferences: 0.0ms
[28.052s][debug  ][gc,phases,ref  ] GC(103)     SoftRef (ms):                  Min:  0.0, Avg:  0.0, Max:  0.0, Diff:  0.0, Sum:  0.0, Workers: 10
[28.052s][debug  ][gc,phases,ref  ] GC(103)     WeakRef (ms):                  Min:  0.0, Avg:  0.0, Max:  0.0, Diff:  0.0, Sum:  0.0, Workers: 10
[28.052s][debug  ][gc,phases,ref  ] GC(103)     FinalRef (ms):                 Min:  0.0, Avg:  0.0, Max:  0.0, Diff:  0.0, Sum:  0.0, Workers: 10
[28.052s][debug  ][gc,phases,ref  ] GC(103)     Total (ms):                    Min:  0.0, Avg:  0.0, Max:  0.0, Diff:  0.0, Sum:  0.0, Workers: 10
[28.052s][debug  ][gc,phases,ref  ] GC(103)   Notify and keep alive finalizable: 0.0ms
[28.052s][debug  ][gc,phases,ref  ] GC(103)     FinalRef (ms):                 skipped
[28.052s][debug  ][gc,phases,ref  ] GC(103)   Notify PhantomReferences: 0.0ms
[28.052s][debug  ][gc,phases,ref  ] GC(103)     PhantomRef (ms):               Min:  0.0, Avg:  0.0, Max:  0.0, Diff:  0.0, Sum:  0.0, Workers: 10
[28.052s][debug  ][gc,phases,ref  ] GC(103)   SoftReference:
[28.052s][debug  ][gc,phases,ref  ] GC(103)     Discovered: 0
[28.052s][debug  ][gc,phases,ref  ] GC(103)     Cleared: 0
[28.052s][debug  ][gc,phases,ref  ] GC(103)   WeakReference:
[28.052s][debug  ][gc,phases,ref  ] GC(103)     Discovered: 68
[28.052s][debug  ][gc,phases,ref  ] GC(103)     Cleared: 68
[28.053s][debug  ][gc,phases,ref  ] GC(103)   FinalReference:
[28.053s][debug  ][gc,phases,ref  ] GC(103)     Discovered: 0
[28.053s][debug  ][gc,phases,ref  ] GC(103)     Cleared: 0
[28.053s][debug  ][gc,phases,ref  ] GC(103)   PhantomReference:
[28.053s][debug  ][gc,phases,ref  ] GC(103)     Discovered: 3
[28.053s][debug  ][gc,phases,ref  ] GC(103)     Cleared: 3
[28.053s][debug  ][gc,phases      ] GC(103) Reference Processing 0.750ms
[28.053s][debug  ][gc,phases,start] GC(103) Weak Processing
[28.053s][debug  ][gc,phases      ] GC(103)   VM Weak                        Min:  0.0, Avg:  0.0, Max:  0.0, Diff:  0.0, Sum:  0.0, Workers: 6
[28.053s][debug  ][gc,phases      ] GC(103)     Dead                           Min: 0, Avg:  0.0, Max: 0, Diff: 0, Sum: 0, Workers: 6
[28.053s][debug  ][gc,phases      ] GC(103)     Total                          Min: 0, Avg:  1.3, Max: 8, Diff: 8, Sum: 8, Workers: 6
[28.053s][debug  ][gc,phases      ] GC(103)   ObjectSynchronizer Weak        Min:  0.0, Avg:  0.0, Max:  0.0, Diff:  0.0, Sum:  0.0, Workers: 6
[28.053s][debug  ][gc,phases      ] GC(103)     Dead                           Min: 0, Avg:  0.0, Max: 0, Diff: 0, Sum: 0, Workers: 6
[28.053s][debug  ][gc,phases      ] GC(103)     Total                          Min: 0, Avg:  0.5, Max: 3, Diff: 3, Sum: 3, Workers: 6
[28.053s][debug  ][gc,phases      ] GC(103)   JVMTI Tag Weak OopStorage      Min:  0.0, Avg:  0.0, Max:  0.0, Diff:  0.0, Sum:  0.0, Workers: 6
[28.053s][debug  ][gc,phases      ] GC(103)     Dead                           Min: 0, Avg:  0.0, Max: 0, Diff: 0, Sum: 0, Workers: 6
[28.053s][debug  ][gc,phases      ] GC(103)     Total                          Min: 0, Avg:  0.0, Max: 0, Diff: 0, Sum: 0, Workers: 6
[28.053s][debug  ][gc,phases      ] GC(103)   StringTable Weak               Min:  0.0, Avg:  0.0, Max:  0.0, Diff:  0.0, Sum:  0.0, Workers: 6
[28.053s][debug  ][gc,phases      ] GC(103)     Dead                           Min: 0, Avg:  0.0, Max: 0, Diff: 0, Sum: 0, Workers: 6
[28.053s][debug  ][gc,phases      ] GC(103)     Total                          Min: 768, Avg: 892.2, Max: 1024, Diff: 256, Sum: 5353, Workers: 6
[28.053s][debug  ][gc,phases      ] GC(103)   ResolvedMethodTable Weak       Min:  0.0, Avg:  0.0, Max:  0.0, Diff:  0.0, Sum:  0.0, Workers: 6
[28.053s][debug  ][gc,phases      ] GC(103)     Dead                           Min: 0, Avg:  0.0, Max: 0, Diff: 0, Sum: 0, Workers: 6
[28.053s][debug  ][gc,phases      ] GC(103)     Total                          Min: 0, Avg: 21.7, Max: 64, Diff: 64, Sum: 130, Workers: 6
[28.053s][debug  ][gc,phases      ] GC(103)   JNI Weak                       Min:  0.0, Avg:  0.0, Max:  0.0, Diff:  0.0, Sum:  0.0, Workers: 6
[28.053s][debug  ][gc,phases      ] GC(103)     Dead                           Min: 0, Avg:  0.0, Max: 0, Diff: 0, Sum: 0, Workers: 6
[28.053s][debug  ][gc,phases      ] GC(103)     Total                          Min: 0, Avg:  0.0, Max: 0, Diff: 0, Sum: 0, Workers: 6
[28.053s][debug  ][gc,phases      ] GC(103)   StringDedup Table Weak         Min:  0.0, Avg:  0.0, Max:  0.0, Diff:  0.0, Sum:  0.0, Workers: 6
[28.053s][debug  ][gc,phases      ] GC(103)     Dead                           Min: 0, Avg:  0.0, Max: 0, Diff: 0, Sum: 0, Workers: 6
[28.053s][debug  ][gc,phases      ] GC(103)     Total                          Min: 0, Avg:  0.0, Max: 0, Diff: 0, Sum: 0, Workers: 6
[28.053s][debug  ][gc,phases      ] GC(103)   StringDedup Requests0 Weak     Min:  0.0, Avg:  0.0, Max:  0.0, Diff:  0.0, Sum:  0.0, Workers: 6
[28.053s][debug  ][gc,phases      ] GC(103)     Dead                           Min: 0, Avg:  0.0, Max: 0, Diff: 0, Sum: 0, Workers: 6
[28.053s][debug  ][gc,phases      ] GC(103)     Total                          Min: 0, Avg:  0.0, Max: 0, Diff: 0, Sum: 0, Workers: 6
[28.053s][debug  ][gc,phases      ] GC(103)   StringDedup Requests1 Weak     Min:  0.0, Avg:  0.0, Max:  0.0, Diff:  0.0, Sum:  0.0, Workers: 6
[28.053s][debug  ][gc,phases      ] GC(103)     Dead                           Min: 0, Avg:  0.0, Max: 0, Diff: 0, Sum: 0, Workers: 6
[28.053s][debug  ][gc,phases      ] GC(103)     Total                          Min: 0, Avg:  0.0, Max: 0, Diff: 0, Sum: 0, Workers: 6
[28.053s][debug  ][gc,phases      ] GC(103)   Weak JFR Old Object Samples    Min:  0.0, Avg:  0.0, Max:  0.0, Diff:  0.0, Sum:  0.0, Workers: 6
[28.054s][debug  ][gc,phases      ] GC(103)     Dead                           Min: 0, Avg:  0.0, Max: 0, Diff: 0, Sum: 0, Workers: 6
[28.054s][debug  ][gc,phases      ] GC(103)     Total                          Min: 0, Avg:  0.0, Max: 0, Diff: 0, Sum: 0, Workers: 6
[28.054s][debug  ][gc,phases      ] GC(103) Weak Processing 0.855ms
[28.054s][debug  ][gc,phases,start] GC(103) Class Unloading
[28.054s][debug  ][gc,phases,start] GC(103) ClassLoaderData
[28.054s][debug  ][gc,phases      ] GC(103) ClassLoaderData 0.022ms
[28.054s][debug  ][gc,phases,start] GC(103) Trigger cleanups
[28.054s][debug  ][gc,phases      ] GC(103) Trigger cleanups 0.021ms
[28.054s][debug  ][gc,phases      ] GC(103) Class Unloading 0.265ms
[28.054s][info   ][gc,phases      ] GC(103) Marking Phase 2.536ms
[28.054s][info   ][gc,phases,start] GC(103) Summary Phase
[28.054s][info   ][gc,phases      ] GC(103) Summary Phase 0.041ms
[28.054s][info   ][gc,phases,start] GC(103) Adjust Roots
[28.054s][info   ][gc,phases      ] GC(103) Adjust Roots 0.138ms
[28.054s][info   ][gc,phases,start] GC(103) Compaction Phase
[28.153s][info   ][gc,phases      ] GC(103) Compaction Phase 98.802ms
[28.153s][info   ][gc,phases,start] GC(103) Post Compact
[28.159s][info   ][gc,phases      ] GC(103) Post Compact 5.693ms
[28.159s][debug  ][gc,ergo        ] GC(103) AdaptiveSizeStart: collection: 104 
[28.159s][debug  ][gc,ergo        ] GC(103) PSAdaptiveSizePolicy::compute_eden_space_size limits: desired_eden_size: 211755755 old_eden_size: 192937984 eden_limit: 193462272 cur_eden: 192937984 max_eden_size: 193462272 avg_young_live: 24469010
[28.159s][debug  ][gc,ergo        ] GC(103) PSAdaptiveSizePolicy::compute_eden_space_size: costs minor_time: 0.052569 major_cost: 0.055815 mutator_cost: 0.891616 throughput_goal: 0.990000
[28.159s][debug  ][gc,ergo        ] GC(103) Live_space: 1035087872 free_space: 1412431872
[28.159s][debug  ][gc,ergo        ] GC(103) Old eden_size: 192937984 desired_eden_size: 193462272
[28.159s][debug  ][gc,ergo        ] GC(103) PSAdaptiveSizePolicy::compute_old_gen_free_space limits: desired_promo_size: 1345310996 promo_limit: 1219493888 free_in_old_gen: 1117592320 max_old_gen_size: 1879048192 avg_old_live: 761455872
[28.159s][debug  ][gc,ergo        ] GC(103) PSAdaptiveSizePolicy::compute_old_gen_free_space: costs minor_time: 0.052569 major_cost: 0.055815  mutator_cost: 0.891616 throughput_goal: 0.990000
[28.159s][debug  ][gc,ergo        ] GC(103) Live_space: 1054360320 free_space: 1412956160
[28.159s][debug  ][gc,ergo        ] GC(103) Old promo_size: 1219493888 desired_promo_size: 1219493888
[28.159s][debug  ][gc,ergo        ] GC(103) AdaptiveSizeStop: collection: 104 
[28.159s][info   ][gc,heap        ] GC(103) PSYoungGen: 30720K(225280K)->0K(225792K) Eden: 0K(188416K)->0K(189440K) From: 30720K(36864K)->0K(36352K)
[28.159s][info   ][gc,heap        ] GC(103) ParOldGen: 1762917K(1835008K)->912996K(1835008K)
[28.159s][info   ][gc,metaspace   ] GC(103) Metaspace: 1023K(1216K)->1023K(1216K) NonClass: 939K(1024K)->939K(1024K) Class: 83K(192K)->83K(192K)
[28.159s][info   ][gc             ] GC(103) Pause Full (Ergonomics) 1751M->891M(2012M) 107.996ms
[28.159s][info   ][gc,cpu         ] GC(103) User=0.97s Sys=0.00s Real=0.11s
[28.159s][debug  ][gc,heap        ] GC(103) Heap after GC invocations=104 (full 17):
[28.159s][debug  ][gc,heap        ] GC(103)  PSYoungGen      total 225792K, used 0K [0x00000000f0000000, 0x0000000100000000, 0x0000000100000000)
[28.159s][debug  ][gc,heap        ] GC(103)   eden space 189440K, 0% used [0x00000000f0000000,0x00000000f0000000,0x00000000fb900000)
[28.159s][debug  ][gc,heap        ] GC(103)   from space 36352K, 0% used [0x00000000fdc80000,0x00000000fdc80000,0x0000000100000000)
[28.160s][debug  ][gc,heap        ] GC(103)   to   space 36352K, 0% used [0x00000000fb900000,0x00000000fb900000,0x00000000fdc80000)
[28.160s][debug  ][gc,heap        ] GC(103)  ParOldGen       total 1835008K, used 912996K [0x0000000080000000, 0x00000000f0000000, 0x00000000f0000000)
[28.160s][debug  ][gc,heap        ] GC(103)   object space 1835008K, 49% used [0x0000000080000000,0x00000000b7b99110,0x00000000f0000000)
[28.160s][debug  ][gc,heap        ] GC(103)  Metaspace       used 1023K, committed 1216K, reserved 1056768K
[28.160s][debug  ][gc,heap        ] GC(103)   class space    used 83K, committed 192K, reserved 1048576K
[28.160s][debug  ][gc,task,time   ] GC(103) VM-Thread 280513620 280541707 281593955
[28.444s][debug  ][gc,heap        ] GC(104) Heap before GC invocations=105 (full 17):
[28.444s][debug  ][gc,heap        ] GC(104)  PSYoungGen      total 225792K, used 188023K [0x00000000f0000000, 0x0000000100000000, 0x0000000100000000)
[28.444s][debug  ][gc,heap        ] GC(104)   eden space 189440K, 99% used [0x00000000f0000000,0x00000000fb79dd30,0x00000000fb900000)
[28.444s][debug  ][gc,heap        ] GC(104)   from space 36352K, 0% used [0x00000000fdc80000,0x00000000fdc80000,0x0000000100000000)
[28.444s][debug  ][gc,heap        ] GC(104)   to   space 36352K, 0% used [0x00000000fb900000,0x00000000fb900000,0x00000000fdc80000)
[28.444s][debug  ][gc,heap        ] GC(104)  ParOldGen       total 1835008K, used 912996K [0x0000000080000000, 0x00000000f0000000, 0x00000000f0000000)
[28.444s][debug  ][gc,heap        ] GC(104)   object space 1835008K, 49% used [0x0000000080000000,0x00000000b7b99110,0x00000000f0000000)
[28.444s][debug  ][gc,heap        ] GC(104)  Metaspace       used 1024K, committed 1216K, reserved 1056768K
[28.444s][debug  ][gc,heap        ] GC(104)   class space    used 83K, committed 192K, reserved 1048576K
[28.444s][debug  ][gc,tlab        ] GC(104) TLAB totals: thrds: 1  refills: 1 max: 1 slow allocs: 17 max 17 waste: 26.6% gc: 3790824B max: 3790824B slow: 0B max: 0B
[28.444s][info   ][gc,start       ] GC(104) Pause Young (Allocation Failure)
[28.444s][debug  ][gc,phases,start] GC(104) Scavenge
[28.450s][debug  ][gc,phases      ] GC(104) Scavenge 5.154ms
[28.450s][debug  ][gc,phases,start] GC(104) Reference Processing
[28.450s][debug  ][gc,ref         ] GC(104) Skipped phase 1 of Reference Processing: no references
[28.450s][debug  ][gc,ref         ] GC(104) Skipped phase 2 of Reference Processing: no references
[28.450s][debug  ][gc,ref         ] GC(104) Skipped phase 3 of Reference Processing: no references
[28.450s][debug  ][gc,ref         ] GC(104) Skipped phase 4 of Reference Processing: no references
[28.450s][debug  ][gc,phases,ref  ] GC(104) Reference Processing: 0.1ms
[28.450s][debug  ][gc,phases,ref  ] GC(104)   Reconsider SoftReferences: 0.0ms
[28.450s][debug  ][gc,phases,ref  ] GC(104)     SoftRef (ms):                  skipped
[28.450s][debug  ][gc,phases,ref  ] GC(104)   Notify Soft/WeakReferences: 0.0ms
[28.450s][debug  ][gc,phases,ref  ] GC(104)     SoftRef (ms):                  skipped
[28.450s][debug  ][gc,phases,ref  ] GC(104)     WeakRef (ms):                  skipped
[28.450s][debug  ][gc,phases,ref  ] GC(104)     FinalRef (ms):                 skipped
[28.450s][debug  ][gc,phases,ref  ] GC(104)     Total (ms):                    skipped
[28.450s][debug  ][gc,phases,ref  ] GC(104)   Notify and keep alive finalizable: 0.0ms
[28.450s][debug  ][gc,phases,ref  ] GC(104)     FinalRef (ms):                 skipped
[28.450s][debug  ][gc,phases,ref  ] GC(104)   Notify PhantomReferences: 0.0ms
[28.450s][debug  ][gc,phases,ref  ] GC(104)     PhantomRef (ms):               skipped
[28.450s][debug  ][gc,phases,ref  ] GC(104)   SoftReference:
[28.450s][debug  ][gc,phases,ref  ] GC(104)     Discovered: 0
[28.450s][debug  ][gc,phases,ref  ] GC(104)     Cleared: 0
[28.450s][debug  ][gc,phases,ref  ] GC(104)   WeakReference:
[28.450s][debug  ][gc,phases,ref  ] GC(104)     Discovered: 0
[28.450s][debug  ][gc,phases,ref  ] GC(104)     Cleared: 0
[28.450s][debug  ][gc,phases,ref  ] GC(104)   FinalReference:
[28.450s][debug  ][gc,phases,ref  ] GC(104)     Discovered: 0
[28.450s][debug  ][gc,phases,ref  ] GC(104)     Cleared: 0
[28.450s][debug  ][gc,phases,ref  ] GC(104)   PhantomReference:
[28.450s][debug  ][gc,phases,ref  ] GC(104)     Discovered: 0
[28.450s][debug  ][gc,phases,ref  ] GC(104)     Cleared: 0
[28.451s][debug  ][gc,phases      ] GC(104) Reference Processing 0.909ms
[28.451s][debug  ][gc,phases,start] GC(104) Weak Processing
[28.451s][debug  ][gc,phases      ] GC(104)   VM Weak                        Min:  0.0, Avg:  0.0, Max:  0.0, Diff:  0.0, Sum:  0.0, Workers: 6
[28.451s][debug  ][gc,phases      ] GC(104)     Dead                           Min: 0, Avg:  0.0, Max: 0, Diff: 0, Sum: 0, Workers: 6
[28.451s][debug  ][gc,phases      ] GC(104)     Total                          Min: 0, Avg:  1.3, Max: 8, Diff: 8, Sum: 8, Workers: 6
[28.451s][debug  ][gc,phases      ] GC(104)   ObjectSynchronizer Weak        Min:  0.0, Avg:  0.0, Max:  0.0, Diff:  0.0, Sum:  0.0, Workers: 6
[28.451s][debug  ][gc,phases      ] GC(104)     Dead                           Min: 0, Avg:  0.0, Max: 0, Diff: 0, Sum: 0, Workers: 6
[28.451s][debug  ][gc,phases      ] GC(104)     Total                          Min: 0, Avg:  0.5, Max: 3, Diff: 3, Sum: 3, Workers: 6
[28.451s][debug  ][gc,phases      ] GC(104)   JVMTI Tag Weak OopStorage      Min:  0.0, Avg:  0.0, Max:  0.0, Diff:  0.0, Sum:  0.0, Workers: 6
[28.451s][debug  ][gc,phases      ] GC(104)     Dead                           Min: 0, Avg:  0.0, Max: 0, Diff: 0, Sum: 0, Workers: 6
[28.451s][debug  ][gc,phases      ] GC(104)     Total                          Min: 0, Avg:  0.0, Max: 0, Diff: 0, Sum: 0, Workers: 6
[28.451s][debug  ][gc,phases      ] GC(104)   StringTable Weak               Min:  0.0, Avg:  0.0, Max:  0.0, Diff:  0.0, Sum:  0.0, Workers: 6
[28.451s][debug  ][gc,phases      ] GC(104)     Dead                           Min: 0, Avg:  0.0, Max: 0, Diff: 0, Sum: 0, Workers: 6
[28.451s][debug  ][gc,phases      ] GC(104)     Total                          Min: 810, Avg: 892.2, Max: 960, Diff: 150, Sum: 5353, Workers: 6
[28.451s][debug  ][gc,phases      ] GC(104)   ResolvedMethodTable Weak       Min:  0.0, Avg:  0.0, Max:  0.0, Diff:  0.0, Sum:  0.0, Workers: 6
[28.451s][debug  ][gc,phases      ] GC(104)     Dead                           Min: 0, Avg:  0.0, Max: 0, Diff: 0, Sum: 0, Workers: 6
[28.451s][debug  ][gc,phases      ] GC(104)     Total                          Min: 0, Avg: 21.7, Max: 64, Diff: 64, Sum: 130, Workers: 6
[28.451s][debug  ][gc,phases      ] GC(104)   JNI Weak                       Min:  0.0, Avg:  0.0, Max:  0.0, Diff:  0.0, Sum:  0.0, Workers: 6
[28.451s][debug  ][gc,phases      ] GC(104)     Dead                           Min: 0, Avg:  0.0, Max: 0, Diff: 0, Sum: 0, Workers: 6
[28.451s][debug  ][gc,phases      ] GC(104)     Total                          Min: 0, Avg:  0.0, Max: 0, Diff: 0, Sum: 0, Workers: 6
[28.451s][debug  ][gc,phases      ] GC(104)   StringDedup Table Weak         Min:  0.0, Avg:  0.0, Max:  0.0, Diff:  0.0, Sum:  0.0, Workers: 6
[28.451s][debug  ][gc,phases      ] GC(104)     Dead                           Min: 0, Avg:  0.0, Max: 0, Diff: 0, Sum: 0, Workers: 6
[28.451s][debug  ][gc,phases      ] GC(104)     Total                          Min: 0, Avg:  0.0, Max: 0, Diff: 0, Sum: 0, Workers: 6
[28.451s][debug  ][gc,phases      ] GC(104)   StringDedup Requests0 Weak     Min:  0.0, Avg:  0.0, Max:  0.0, Diff:  0.0, Sum:  0.0, Workers: 6
[28.451s][debug  ][gc,phases      ] GC(104)     Dead                           Min: 0, Avg:  0.0, Max: 0, Diff: 0, Sum: 0, Workers: 6
[28.451s][debug  ][gc,phases      ] GC(104)     Total                          Min: 0, Avg:  0.0, Max: 0, Diff: 0, Sum: 0, Workers: 6
[28.451s][debug  ][gc,phases      ] GC(104)   StringDedup Requests1 Weak     Min:  0.0, Avg:  0.0, Max:  0.0, Diff:  0.0, Sum:  0.0, Workers: 6
[28.451s][debug  ][gc,phases      ] GC(104)     Dead                           Min: 0, Avg:  0.0, Max: 0, Diff: 0, Sum: 0, Workers: 6
[28.451s][debug  ][gc,phases      ] GC(104)     Total                          Min: 0, Avg:  0.0, Max: 0, Diff: 0, Sum: 0, Workers: 6
[28.451s][debug  ][gc,phases      ] GC(104)   Weak JFR Old Object Samples    Min:  0.0, Avg:  0.0, Max:  0.0, Diff:  0.0, Sum:  0.0, Workers: 6
[28.451s][debug  ][gc,phases      ] GC(104)     Dead                           Min: 0, Avg:  0.0, Max: 0, Diff: 0, Sum: 0, Workers: 6
[28.451s][debug  ][gc,phases      ] GC(104)     Total                          Min: 0, Avg:  0.0, Max: 0, Diff: 0, Sum: 0, Workers: 6
[28.451s][debug  ][gc,phases      ] GC(104) Weak Processing 0.851ms
[28.451s][debug  ][gc,ergo        ] GC(104) AdaptiveSizeStart:  collection: 105 
[28.451s][debug  ][gc,ergo        ] GC(104) avg_survived_padded_avg: 36912884.000000
[28.451s][debug  ][gc,ergo        ] GC(104) avg_promoted_padded_avg: 248175408.000000  avg_pretenured_padded_avg: 0.000000  tenuring_thresh: 15  target_size: 37224448
[28.452s][debug  ][gc,age         ] GC(104) Desired survivor size 37224448 bytes, new threshold 15 (max threshold 15)
[28.452s][debug  ][gc,ergo        ] GC(104) PSAdaptiveSizePolicy::compute_eden_space_size limits: desired_eden_size: 211051387 old_eden_size: 193462272 eden_limit: 193986560 cur_eden: 193986560 max_eden_size: 193986560 avg_young_live: 25167840
[28.452s][debug  ][gc,ergo        ] GC(104) PSAdaptiveSizePolicy::compute_eden_space_size: costs minor_time: 0.043827 major_cost: 0.055815 mutator_cost: 0.900358 throughput_goal: 0.990000
[28.452s][debug  ][gc,ergo        ] GC(104) Live_space: 1055059200 free_space: 1412956160
[28.452s][debug  ][gc,ergo        ] GC(104) Old eden_size: 193462272 desired_eden_size: 193986560
[28.452s][debug  ][gc,ergo        ] GC(104) AdaptiveSizeStop: collection: 105 
[28.452s][info   ][gc,heap        ] GC(104) PSYoungGen: 188023K(225792K)->30720K(225792K) Eden: 188023K(189440K)->0K(189440K) From: 0K(36352K)->30720K(36352K)
[28.452s][info   ][gc,heap        ] GC(104) ParOldGen: 912996K(1835008K)->953956K(1835008K)
[28.452s][info   ][gc,metaspace   ] GC(104) Metaspace: 1024K(1216K)->1024K(1216K) NonClass: 940K(1024K)->940K(1024K) Class: 83K(192K)->83K(192K)
[28.452s][info   ][gc             ] GC(104) Pause Young (Allocation Failure) 1075M->961M(2012M) 7.489ms
[28.452s][info   ][gc,cpu         ] GC(104) User=0.00s Sys=0.00s Real=0.01s
[28.452s][debug  ][gc,heap        ] GC(104) Heap after GC invocations=105 (full 17):
[28.452s][debug  ][gc,heap        ] GC(104)  PSYoungGen      total 225792K, used 30720K [0x00000000f0000000, 0x0000000100000000, 0x0000000100000000)
[28.452s][debug  ][gc,heap        ] GC(104)   eden space 189440K, 0% used [0x00000000f0000000,0x00000000f0000000,0x00000000fb900000)
[28.452s][debug  ][gc,heap        ] GC(104)   from space 36352K, 84% used [0x00000000fb900000,0x00000000fd700030,0x00000000fdc80000)
[28.452s][debug  ][gc,heap        ] GC(104)   to   space 36352K, 0% used [0x00000000fdc80000,0x00000000fdc80000,0x0000000100000000)
[28.452s][debug  ][gc,heap        ] GC(104)  ParOldGen       total 1835008K, used 953956K [0x0000000080000000, 0x00000000f0000000, 0x00000000f0000000)
[28.452s][debug  ][gc,heap        ] GC(104)   object space 1835008K, 51% used [0x0000000080000000,0x00000000ba399150,0x00000000f0000000)
[28.452s][debug  ][gc,heap        ] GC(104)  Metaspace       used 1024K, committed 1216K, reserved 1056768K
[28.452s][debug  ][gc,heap        ] GC(104)   class space    used 83K, committed 192K, reserved 1048576K
[28.452s][debug  ][gc,task,time   ] GC(104) VM-Thread 284440023 284496177 284521553
[28.744s][debug  ][gc,heap        ] GC(105) Heap before GC invocations=106 (full 17):
[28.744s][debug  ][gc,heap        ] GC(105)  PSYoungGen      total 225792K, used 218675K [0x00000000f0000000, 0x0000000100000000, 0x0000000100000000)
[28.744s][debug  ][gc,heap        ] GC(105)   eden space 189440K, 99% used [0x00000000f0000000,0x00000000fb78cbf0,0x00000000fb900000)
[28.744s][debug  ][gc,heap        ] GC(105)   from space 36352K, 84% used [0x00000000fb900000,0x00000000fd700030,0x00000000fdc80000)
[28.744s][debug  ][gc,heap        ] GC(105)   to   space 36352K, 0% used [0x00000000fdc80000,0x00000000fdc80000,0x0000000100000000)
[28.744s][debug  ][gc,heap        ] GC(105)  ParOldGen       total 1835008K, used 953956K [0x0000000080000000, 0x00000000f0000000, 0x00000000f0000000)
[28.744s][debug  ][gc,heap        ] GC(105)   object space 1835008K, 51% used [0x0000000080000000,0x00000000ba399150,0x00000000f0000000)
[28.744s][debug  ][gc,heap        ] GC(105)  Metaspace       used 1024K, committed 1216K, reserved 1056768K
[28.745s][debug  ][gc,heap        ] GC(105)   class space    used 83K, committed 192K, reserved 1048576K
[28.745s][debug  ][gc,tlab        ] GC(105) TLAB totals: thrds: 1  refills: 1 max: 1 slow allocs: 17 max 17 waste: 26.2% gc: 3721936B max: 3721936B slow: 0B max: 0B
[28.745s][info   ][gc,start       ] GC(105) Pause Young (Allocation Failure)
[28.745s][debug  ][gc,phases,start] GC(105) Scavenge
[28.759s][debug  ][gc,phases      ] GC(105) Scavenge 14.577ms
[28.759s][debug  ][gc,phases,start] GC(105) Reference Processing
[28.759s][debug  ][gc,ref         ] GC(105) Skipped phase 1 of Reference Processing: no references
[28.759s][debug  ][gc,ref         ] GC(105) Skipped phase 2 of Reference Processing: no references
[28.759s][debug  ][gc,ref         ] GC(105) Skipped phase 3 of Reference Processing: no references
[28.759s][debug  ][gc,ref         ] GC(105) Skipped phase 4 of Reference Processing: no references
[28.759s][debug  ][gc,phases,ref  ] GC(105) Reference Processing: 0.1ms
[28.759s][debug  ][gc,phases,ref  ] GC(105)   Reconsider SoftReferences: 0.0ms
[28.760s][debug  ][gc,phases,ref  ] GC(105)     SoftRef (ms):                  skipped
[28.760s][debug  ][gc,phases,ref  ] GC(105)   Notify Soft/WeakReferences: 0.0ms
[28.760s][debug  ][gc,phases,ref  ] GC(105)     SoftRef (ms):                  skipped
[28.760s][debug  ][gc,phases,ref  ] GC(105)     WeakRef (ms):                  skipped
[28.760s][debug  ][gc,phases,ref  ] GC(105)     FinalRef (ms):                 skipped
[28.760s][debug  ][gc,phases,ref  ] GC(105)     Total (ms):                    skipped
[28.760s][debug  ][gc,phases,ref  ] GC(105)   Notify and keep alive finalizable: 0.0ms
[28.760s][debug  ][gc,phases,ref  ] GC(105)     FinalRef (ms):                 skipped
[28.760s][debug  ][gc,phases,ref  ] GC(105)   Notify PhantomReferences: 0.0ms
[28.760s][debug  ][gc,phases,ref  ] GC(105)     PhantomRef (ms):               skipped
[28.760s][debug  ][gc,phases,ref  ] GC(105)   SoftReference:
[28.760s][debug  ][gc,phases,ref  ] GC(105)     Discovered: 0
[28.760s][debug  ][gc,phases,ref  ] GC(105)     Cleared: 0
[28.760s][debug  ][gc,phases,ref  ] GC(105)   WeakReference:
[28.760s][debug  ][gc,phases,ref  ] GC(105)     Discovered: 0
[28.760s][debug  ][gc,phases,ref  ] GC(105)     Cleared: 0
[28.760s][debug  ][gc,phases,ref  ] GC(105)   FinalReference:
[28.760s][debug  ][gc,phases,ref  ] GC(105)     Discovered: 0
[28.760s][debug  ][gc,phases,ref  ] GC(105)     Cleared: 0
[28.760s][debug  ][gc,phases,ref  ] GC(105)   PhantomReference:
[28.760s][debug  ][gc,phases,ref  ] GC(105)     Discovered: 0
[28.760s][debug  ][gc,phases,ref  ] GC(105)     Cleared: 0
[28.760s][debug  ][gc,phases      ] GC(105) Reference Processing 0.773ms
[28.760s][debug  ][gc,phases,start] GC(105) Weak Processing
[28.760s][debug  ][gc,phases      ] GC(105)   VM Weak                        Min:  0.0, Avg:  0.0, Max:  0.0, Diff:  0.0, Sum:  0.0, Workers: 6
[28.760s][debug  ][gc,phases      ] GC(105)     Dead                           Min: 0, Avg:  0.0, Max: 0, Diff: 0, Sum: 0, Workers: 6
[28.760s][debug  ][gc,phases      ] GC(105)     Total                          Min: 0, Avg:  1.3, Max: 8, Diff: 8, Sum: 8, Workers: 6
[28.760s][debug  ][gc,phases      ] GC(105)   ObjectSynchronizer Weak        Min:  0.0, Avg:  0.0, Max:  0.0, Diff:  0.0, Sum:  0.0, Workers: 6
[28.760s][debug  ][gc,phases      ] GC(105)     Dead                           Min: 0, Avg:  0.0, Max: 0, Diff: 0, Sum: 0, Workers: 6
[28.760s][debug  ][gc,phases      ] GC(105)     Total                          Min: 0, Avg:  0.5, Max: 3, Diff: 3, Sum: 3, Workers: 6
[28.760s][debug  ][gc,phases      ] GC(105)   JVMTI Tag Weak OopStorage      Min:  0.0, Avg:  0.0, Max:  0.0, Diff:  0.0, Sum:  0.0, Workers: 6
[28.760s][debug  ][gc,phases      ] GC(105)     Dead                           Min: 0, Avg:  0.0, Max: 0, Diff: 0, Sum: 0, Workers: 6
[28.760s][debug  ][gc,phases      ] GC(105)     Total                          Min: 0, Avg:  0.0, Max: 0, Diff: 0, Sum: 0, Workers: 6
[28.761s][debug  ][gc,phases      ] GC(105)   StringTable Weak               Min:  0.0, Avg:  0.0, Max:  0.0, Diff:  0.0, Sum:  0.1, Workers: 6
[28.761s][debug  ][gc,phases      ] GC(105)     Dead                           Min: 0, Avg:  0.0, Max: 0, Diff: 0, Sum: 0, Workers: 6
[28.761s][debug  ][gc,phases      ] GC(105)     Total                          Min: 768, Avg: 892.2, Max: 1088, Diff: 320, Sum: 5353, Workers: 6
[28.761s][debug  ][gc,phases      ] GC(105)   ResolvedMethodTable Weak       Min:  0.0, Avg:  0.0, Max:  0.0, Diff:  0.0, Sum:  0.0, Workers: 6
[28.761s][debug  ][gc,phases      ] GC(105)     Dead                           Min: 0, Avg:  0.0, Max: 0, Diff: 0, Sum: 0, Workers: 6
[28.761s][debug  ][gc,phases      ] GC(105)     Total                          Min: 0, Avg: 21.7, Max: 64, Diff: 64, Sum: 130, Workers: 6
[28.761s][debug  ][gc,phases      ] GC(105)   JNI Weak                       Min:  0.0, Avg:  0.0, Max:  0.0, Diff:  0.0, Sum:  0.0, Workers: 6
[28.761s][debug  ][gc,phases      ] GC(105)     Dead                           Min: 0, Avg:  0.0, Max: 0, Diff: 0, Sum: 0, Workers: 6
[28.761s][debug  ][gc,phases      ] GC(105)     Total                          Min: 0, Avg:  0.0, Max: 0, Diff: 0, Sum: 0, Workers: 6
[28.761s][debug  ][gc,phases      ] GC(105)   StringDedup Table Weak         Min:  0.0, Avg:  0.0, Max:  0.0, Diff:  0.0, Sum:  0.0, Workers: 6
[28.761s][debug  ][gc,phases      ] GC(105)     Dead                           Min: 0, Avg:  0.0, Max: 0, Diff: 0, Sum: 0, Workers: 6
[28.761s][debug  ][gc,phases      ] GC(105)     Total                          Min: 0, Avg:  0.0, Max: 0, Diff: 0, Sum: 0, Workers: 6
[28.761s][debug  ][gc,phases      ] GC(105)   StringDedup Requests0 Weak     Min:  0.0, Avg:  0.0, Max:  0.0, Diff:  0.0, Sum:  0.0, Workers: 6
[28.761s][debug  ][gc,phases      ] GC(105)     Dead                           Min: 0, Avg:  0.0, Max: 0, Diff: 0, Sum: 0, Workers: 6
[28.761s][debug  ][gc,phases      ] GC(105)     Total                          Min: 0, Avg:  0.0, Max: 0, Diff: 0, Sum: 0, Workers: 6
[28.761s][debug  ][gc,phases      ] GC(105)   StringDedup Requests1 Weak     Min:  0.0, Avg:  0.0, Max:  0.0, Diff:  0.0, Sum:  0.0, Workers: 6
[28.761s][debug  ][gc,phases      ] GC(105)     Dead                           Min: 0, Avg:  0.0, Max: 0, Diff: 0, Sum: 0, Workers: 6
[28.761s][debug  ][gc,phases      ] GC(105)     Total                          Min: 0, Avg:  0.0, Max: 0, Diff: 0, Sum: 0, Workers: 6
[28.761s][debug  ][gc,phases      ] GC(105)   Weak JFR Old Object Samples    Min:  0.0, Avg:  0.0, Max:  0.0, Diff:  0.0, Sum:  0.0, Workers: 6
[28.761s][debug  ][gc,phases      ] GC(105)     Dead                           Min: 0, Avg:  0.0, Max: 0, Diff: 0, Sum: 0, Workers: 6
[28.761s][debug  ][gc,phases      ] GC(105)     Total                          Min: 0, Avg:  0.0, Max: 0, Diff: 0, Sum: 0, Workers: 6
[28.761s][debug  ][gc,phases      ] GC(105) Weak Processing 0.966ms
[28.761s][debug  ][gc,ergo        ] GC(105) AdaptiveSizeStart:  collection: 106 
[28.761s][debug  ][gc,ergo        ] GC(105) avg_survived_padded_avg: 36632232.000000
[28.761s][debug  ][gc,ergo        ] GC(105) avg_promoted_padded_avg: 253167408.000000  avg_pretenured_padded_avg: 0.000000  tenuring_thresh: 15  target_size: 36700160
[28.761s][debug  ][gc,age         ] GC(105) Desired survivor size 36700160 bytes, new threshold 15 (max threshold 15)
[28.761s][debug  ][gc,ergo        ] GC(105) PSAdaptiveSizePolicy::compute_eden_space_size limits: desired_eden_size: 211546879 old_eden_size: 193986560 eden_limit: 193986560 cur_eden: 193986560 max_eden_size: 193986560 avg_young_live: 25796788
[28.761s][debug  ][gc,ergo        ] GC(105) PSAdaptiveSizePolicy::compute_eden_space_size: costs minor_time: 0.046152 major_cost: 0.055815 mutator_cost: 0.898033 throughput_goal: 0.990000
[28.761s][debug  ][gc,ergo        ] GC(105) Live_space: 1055688128 free_space: 1413480448
[28.761s][debug  ][gc,ergo        ] GC(105) Old eden_size: 193986560 desired_eden_size: 193986560
[28.761s][debug  ][gc,ergo        ] GC(105) AdaptiveSizeStop: collection: 106 
[28.761s][info   ][gc,heap        ] GC(105) PSYoungGen: 218675K(225792K)->30720K(226304K) Eden: 187954K(189440K)->0K(189952K) From: 30720K(36352K)->30720K(36352K)
[28.761s][info   ][gc,heap        ] GC(105) ParOldGen: 953956K(1835008K)->1138276K(1835008K)
[28.761s][info   ][gc,metaspace   ] GC(105) Metaspace: 1024K(1216K)->1024K(1216K) NonClass: 940K(1024K)->940K(1024K) Class: 83K(192K)->83K(192K)
[28.761s][info   ][gc             ] GC(105) Pause Young (Allocation Failure) 1145M->1141M(2013M) 16.816ms
[28.761s][info   ][gc,cpu         ] GC(105) User=0.16s Sys=0.00s Real=0.02s
[28.761s][debug  ][gc,heap        ] GC(105) Heap after GC invocations=106 (full 17):
[28.762s][debug  ][gc,heap        ] GC(105)  PSYoungGen      total 226304K, used 30720K [0x00000000f0000000, 0x0000000100000000, 0x0000000100000000)
[28.762s][debug  ][gc,heap        ] GC(105)   eden space 189952K, 0% used [0x00000000f0000000,0x00000000f0000000,0x00000000fb980000)
[28.762s][debug  ][gc,heap        ] GC(105)   from space 36352K, 84% used [0x00000000fdc80000,0x00000000ffa80030,0x0000000100000000)
[28.762s][debug  ][gc,heap        ] GC(105)   to   space 35840K, 0% used [0x00000000fb980000,0x00000000fb980000,0x00000000fdc80000)
[28.762s][debug  ][gc,heap        ] GC(105)  ParOldGen       total 1835008K, used 1138276K [0x0000000080000000, 0x00000000f0000000, 0x00000000f0000000)
[28.762s][debug  ][gc,heap        ] GC(105)   object space 1835008K, 62% used [0x0000000080000000,0x00000000c5799270,0x00000000f0000000)
[28.762s][debug  ][gc,heap        ] GC(105)  Metaspace       used 1024K, committed 1216K, reserved 1056768K
[28.762s][debug  ][gc,heap        ] GC(105)   class space    used 83K, committed 192K, reserved 1048576K
[28.762s][debug  ][gc,task,time   ] GC(105) VM-Thread 287441709 287593264 287617002
[29.043s][debug  ][gc,heap        ] GC(106) Heap before GC invocations=107 (full 17):
[29.043s][debug  ][gc,heap        ] GC(106)  PSYoungGen      total 226304K, used 218713K [0x00000000f0000000, 0x0000000100000000, 0x0000000100000000)
[29.043s][debug  ][gc,heap        ] GC(106)   eden space 189952K, 98% used [0x00000000f0000000,0x00000000fb7964b8,0x00000000fb980000)
[29.043s][debug  ][gc,heap        ] GC(106)   from space 36352K, 84% used [0x00000000fdc80000,0x00000000ffa80030,0x0000000100000000)
[29.043s][debug  ][gc,heap        ] GC(106)   to   space 35840K, 0% used [0x00000000fb980000,0x00000000fb980000,0x00000000fdc80000)
[29.043s][debug  ][gc,heap        ] GC(106)  ParOldGen       total 1835008K, used 1138276K [0x0000000080000000, 0x00000000f0000000, 0x00000000f0000000)
[29.043s][debug  ][gc,heap        ] GC(106)   object space 1835008K, 62% used [0x0000000080000000,0x00000000c5799270,0x00000000f0000000)
[29.043s][debug  ][gc,heap        ] GC(106)  Metaspace       used 1024K, committed 1216K, reserved 1056768K
[29.044s][debug  ][gc,heap        ] GC(106)   class space    used 83K, committed 192K, reserved 1048576K
[29.044s][debug  ][gc,tlab        ] GC(106) TLAB totals: thrds: 1  refills: 1 max: 1 slow allocs: 17 max 17 waste: 26.4% gc: 3761048B max: 3761048B slow: 0B max: 0B
[29.044s][info   ][gc,start       ] GC(106) Pause Young (Allocation Failure)
[29.044s][debug  ][gc,phases,start] GC(106) Scavenge
[29.058s][debug  ][gc,phases      ] GC(106) Scavenge 14.537ms
[29.058s][debug  ][gc,phases,start] GC(106) Reference Processing
[29.058s][debug  ][gc,ref         ] GC(106) Skipped phase 1 of Reference Processing: no references
[29.058s][debug  ][gc,ref         ] GC(106) Skipped phase 2 of Reference Processing: no references
[29.058s][debug  ][gc,ref         ] GC(106) Skipped phase 3 of Reference Processing: no references
[29.058s][debug  ][gc,ref         ] GC(106) Skipped phase 4 of Reference Processing: no references
[29.058s][debug  ][gc,phases,ref  ] GC(106) Reference Processing: 0.1ms
[29.058s][debug  ][gc,phases,ref  ] GC(106)   Reconsider SoftReferences: 0.0ms
[29.058s][debug  ][gc,phases,ref  ] GC(106)     SoftRef (ms):                  skipped
[29.058s][debug  ][gc,phases,ref  ] GC(106)   Notify Soft/WeakReferences: 0.0ms
[29.058s][debug  ][gc,phases,ref  ] GC(106)     SoftRef (ms):                  skipped
[29.059s][debug  ][gc,phases,ref  ] GC(106)     WeakRef (ms):                  skipped
[29.059s][debug  ][gc,phases,ref  ] GC(106)     FinalRef (ms):                 skipped
[29.059s][debug  ][gc,phases,ref  ] GC(106)     Total (ms):                    skipped
[29.059s][debug  ][gc,phases,ref  ] GC(106)   Notify and keep alive finalizable: 0.0ms
[29.059s][debug  ][gc,phases,ref  ] GC(106)     FinalRef (ms):                 skipped
[29.059s][debug  ][gc,phases,ref  ] GC(106)   Notify PhantomReferences: 0.0ms
[29.059s][debug  ][gc,phases,ref  ] GC(106)     PhantomRef (ms):               skipped
[29.059s][debug  ][gc,phases,ref  ] GC(106)   SoftReference:
[29.059s][debug  ][gc,phases,ref  ] GC(106)     Discovered: 0
[29.059s][debug  ][gc,phases,ref  ] GC(106)     Cleared: 0
[29.059s][debug  ][gc,phases,ref  ] GC(106)   WeakReference:
[29.059s][debug  ][gc,phases,ref  ] GC(106)     Discovered: 0
[29.059s][debug  ][gc,phases,ref  ] GC(106)     Cleared: 0
[29.059s][debug  ][gc,phases,ref  ] GC(106)   FinalReference:
[29.059s][debug  ][gc,phases,ref  ] GC(106)     Discovered: 0
[29.059s][debug  ][gc,phases,ref  ] GC(106)     Cleared: 0
[29.059s][debug  ][gc,phases,ref  ] GC(106)   PhantomReference:
[29.059s][debug  ][gc,phases,ref  ] GC(106)     Discovered: 0
[29.059s][debug  ][gc,phases,ref  ] GC(106)     Cleared: 0
[29.059s][debug  ][gc,phases      ] GC(106) Reference Processing 0.737ms
[29.059s][debug  ][gc,phases,start] GC(106) Weak Processing
[29.059s][debug  ][gc,phases      ] GC(106)   VM Weak                        Min:  0.0, Avg:  0.0, Max:  0.0, Diff:  0.0, Sum:  0.0, Workers: 6
[29.059s][debug  ][gc,phases      ] GC(106)     Dead                           Min: 0, Avg:  0.0, Max: 0, Diff: 0, Sum: 0, Workers: 6
[29.059s][debug  ][gc,phases      ] GC(106)     Total                          Min: 0, Avg:  1.3, Max: 8, Diff: 8, Sum: 8, Workers: 6
[29.059s][debug  ][gc,phases      ] GC(106)   ObjectSynchronizer Weak        Min:  0.0, Avg:  0.0, Max:  0.0, Diff:  0.0, Sum:  0.0, Workers: 6
[29.059s][debug  ][gc,phases      ] GC(106)     Dead                           Min: 0, Avg:  0.0, Max: 0, Diff: 0, Sum: 0, Workers: 6
[29.059s][debug  ][gc,phases      ] GC(106)     Total                          Min: 0, Avg:  0.5, Max: 3, Diff: 3, Sum: 3, Workers: 6
[29.059s][debug  ][gc,phases      ] GC(106)   JVMTI Tag Weak OopStorage      Min:  0.0, Avg:  0.0, Max:  0.0, Diff:  0.0, Sum:  0.0, Workers: 6
[29.059s][debug  ][gc,phases      ] GC(106)     Dead                           Min: 0, Avg:  0.0, Max: 0, Diff: 0, Sum: 0, Workers: 6
[29.059s][debug  ][gc,phases      ] GC(106)     Total                          Min: 0, Avg:  0.0, Max: 0, Diff: 0, Sum: 0, Workers: 6
[29.059s][debug  ][gc,phases      ] GC(106)   StringTable Weak               Min:  0.0, Avg:  0.0, Max:  0.0, Diff:  0.0, Sum:  0.0, Workers: 6
[29.059s][debug  ][gc,phases      ] GC(106)     Dead                           Min: 0, Avg:  0.0, Max: 0, Diff: 0, Sum: 0, Workers: 6
[29.059s][debug  ][gc,phases      ] GC(106)     Total                          Min: 640, Avg: 892.2, Max: 1130, Diff: 490, Sum: 5353, Workers: 6
[29.059s][debug  ][gc,phases      ] GC(106)   ResolvedMethodTable Weak       Min:  0.0, Avg:  0.0, Max:  0.0, Diff:  0.0, Sum:  0.0, Workers: 6
[29.059s][debug  ][gc,phases      ] GC(106)     Dead                           Min: 0, Avg:  0.0, Max: 0, Diff: 0, Sum: 0, Workers: 6
[29.059s][debug  ][gc,phases      ] GC(106)     Total                          Min: 0, Avg: 21.7, Max: 64, Diff: 64, Sum: 130, Workers: 6
[29.059s][debug  ][gc,phases      ] GC(106)   JNI Weak                       Min:  0.0, Avg:  0.0, Max:  0.0, Diff:  0.0, Sum:  0.0, Workers: 6
[29.059s][debug  ][gc,phases      ] GC(106)     Dead                           Min: 0, Avg:  0.0, Max: 0, Diff: 0, Sum: 0, Workers: 6
[29.059s][debug  ][gc,phases      ] GC(106)     Total                          Min: 0, Avg:  0.0, Max: 0, Diff: 0, Sum: 0, Workers: 6
[29.060s][debug  ][gc,phases      ] GC(106)   StringDedup Table Weak         Min:  0.0, Avg:  0.0, Max:  0.0, Diff:  0.0, Sum:  0.0, Workers: 6
[29.060s][debug  ][gc,phases      ] GC(106)     Dead                           Min: 0, Avg:  0.0, Max: 0, Diff: 0, Sum: 0, Workers: 6
[29.060s][debug  ][gc,phases      ] GC(106)     Total                          Min: 0, Avg:  0.0, Max: 0, Diff: 0, Sum: 0, Workers: 6
[29.060s][debug  ][gc,phases      ] GC(106)   StringDedup Requests0 Weak     Min:  0.0, Avg:  0.0, Max:  0.0, Diff:  0.0, Sum:  0.0, Workers: 6
[29.060s][debug  ][gc,phases      ] GC(106)     Dead                           Min: 0, Avg:  0.0, Max: 0, Diff: 0, Sum: 0, Workers: 6
[29.060s][debug  ][gc,phases      ] GC(106)     Total                          Min: 0, Avg:  0.0, Max: 0, Diff: 0, Sum: 0, Workers: 6
[29.060s][debug  ][gc,phases      ] GC(106)   StringDedup Requests1 Weak     Min:  0.0, Avg:  0.0, Max:  0.0, Diff:  0.0, Sum:  0.0, Workers: 6
[29.060s][debug  ][gc,phases      ] GC(106)     Dead                           Min: 0, Avg:  0.0, Max: 0, Diff: 0, Sum: 0, Workers: 6
[29.060s][debug  ][gc,phases      ] GC(106)     Total                          Min: 0, Avg:  0.0, Max: 0, Diff: 0, Sum: 0, Workers: 6
[29.060s][debug  ][gc,phases      ] GC(106)   Weak JFR Old Object Samples    Min:  0.0, Avg:  0.0, Max:  0.0, Diff:  0.0, Sum:  0.0, Workers: 6
[29.060s][debug  ][gc,phases      ] GC(106)     Dead                           Min: 0, Avg:  0.0, Max: 0, Diff: 0, Sum: 0, Workers: 6
[29.060s][debug  ][gc,phases      ] GC(106)     Total                          Min: 0, Avg:  0.0, Max: 0, Diff: 0, Sum: 0, Workers: 6
[29.060s][debug  ][gc,phases      ] GC(106) Weak Processing 0.883ms
[29.060s][debug  ][gc,ergo        ] GC(106) AdaptiveSizeStart:  collection: 107 
[29.060s][debug  ][gc,ergo        ] GC(106) avg_survived_padded_avg: 36353156.000000
[29.060s][debug  ][gc,ergo        ] GC(106) avg_promoted_padded_avg: 256566704.000000  avg_pretenured_padded_avg: 0.000000  tenuring_thresh: 15  target_size: 36700160
[29.060s][debug  ][gc,age         ] GC(106) Desired survivor size 36700160 bytes, new threshold 15 (max threshold 15)
[29.060s][debug  ][gc,ergo        ] GC(106) PSAdaptiveSizePolicy::compute_eden_space_size limits: desired_eden_size: 212741682 old_eden_size: 193986560 eden_limit: 194510848 cur_eden: 194510848 max_eden_size: 194510848 avg_young_live: 26362840
[29.060s][debug  ][gc,ergo        ] GC(106) PSAdaptiveSizePolicy::compute_eden_space_size: costs minor_time: 0.048246 major_cost: 0.055815 mutator_cost: 0.895939 throughput_goal: 0.990000
[29.060s][debug  ][gc,ergo        ] GC(106) Live_space: 1056254208 free_space: 1413480448
[29.060s][debug  ][gc,ergo        ] GC(106) Old eden_size: 193986560 desired_eden_size: 194510848
[29.060s][debug  ][gc,ergo        ] GC(106) AdaptiveSizeStop: collection: 107 
[29.060s][info   ][gc,heap        ] GC(106) PSYoungGen: 218713K(226304K)->30720K(225792K) Eden: 187993K(189952K)->0K(189952K) From: 30720K(36352K)->30720K(35840K)
[29.060s][info   ][gc,heap        ] GC(106) ParOldGen: 1138276K(1835008K)->1322596K(1835008K)
[29.060s][info   ][gc,metaspace   ] GC(106) Metaspace: 1024K(1216K)->1024K(1216K) NonClass: 940K(1024K)->940K(1024K) Class: 83K(192K)->83K(192K)
[29.060s][info   ][gc             ] GC(106) Pause Young (Allocation Failure) 1325M->1321M(2012M) 16.653ms
[29.060s][info   ][gc,cpu         ] GC(106) User=0.12s Sys=0.00s Real=0.02s
[29.060s][debug  ][gc,heap        ] GC(106) Heap after GC invocations=107 (full 17):
[29.060s][debug  ][gc,heap        ] GC(106)  PSYoungGen      total 225792K, used 30720K [0x00000000f0000000, 0x0000000100000000, 0x0000000100000000)
[29.060s][debug  ][gc,heap        ] GC(106)   eden space 189952K, 0% used [0x00000000f0000000,0x00000000f0000000,0x00000000fb980000)
[29.060s][debug  ][gc,heap        ] GC(106)   from space 35840K, 85% used [0x00000000fb980000,0x00000000fd780030,0x00000000fdc80000)
[29.060s][debug  ][gc,heap        ] GC(106)   to   space 35840K, 0% used [0x00000000fdd00000,0x00000000fdd00000,0x0000000100000000)
[29.060s][debug  ][gc,heap        ] GC(106)  ParOldGen       total 1835008K, used 1322596K [0x0000000080000000, 0x00000000f0000000, 0x00000000f0000000)
[29.060s][debug  ][gc,heap        ] GC(106)   object space 1835008K, 72% used [0x0000000080000000,0x00000000d0b99390,0x00000000f0000000)
[29.060s][debug  ][gc,heap        ] GC(106)  Metaspace       used 1024K, committed 1216K, reserved 1056768K
[29.060s][debug  ][gc,heap        ] GC(106)   class space    used 83K, committed 192K, reserved 1048576K
[29.060s][debug  ][gc,task,time   ] GC(106) VM-Thread 290432643 290582255 290604904
[29.344s][debug  ][gc,heap        ] GC(107) Heap before GC invocations=108 (full 17):
[29.344s][debug  ][gc,heap        ] GC(107)  PSYoungGen      total 225792K, used 218731K [0x00000000f0000000, 0x0000000100000000, 0x0000000100000000)
[29.344s][debug  ][gc,heap        ] GC(107)   eden space 189952K, 98% used [0x00000000f0000000,0x00000000fb79ad68,0x00000000fb980000)
[29.345s][debug  ][gc,heap        ] GC(107)   from space 35840K, 85% used [0x00000000fb980000,0x00000000fd780030,0x00000000fdc80000)
[29.345s][debug  ][gc,heap        ] GC(107)   to   space 35840K, 0% used [0x00000000fdd00000,0x00000000fdd00000,0x0000000100000000)
[29.345s][debug  ][gc,heap        ] GC(107)  ParOldGen       total 1835008K, used 1322596K [0x0000000080000000, 0x00000000f0000000, 0x00000000f0000000)
[29.345s][debug  ][gc,heap        ] GC(107)   object space 1835008K, 72% used [0x0000000080000000,0x00000000d0b99390,0x00000000f0000000)
[29.345s][debug  ][gc,heap        ] GC(107)  Metaspace       used 1024K, committed 1216K, reserved 1056768K
[29.345s][debug  ][gc,heap        ] GC(107)   class space    used 83K, committed 192K, reserved 1048576K
[29.345s][debug  ][gc,tlab        ] GC(107) TLAB totals: thrds: 1  refills: 1 max: 1 slow allocs: 17 max 17 waste: 26.5% gc: 3779656B max: 3779656B slow: 0B max: 0B
[29.345s][info   ][gc,start       ] GC(107) Pause Young (Allocation Failure)
[29.345s][debug  ][gc,phases,start] GC(107) Scavenge
[29.360s][debug  ][gc,phases      ] GC(107) Scavenge 15.073ms
[29.360s][debug  ][gc,phases,start] GC(107) Reference Processing
[29.360s][debug  ][gc,ref         ] GC(107) Skipped phase 1 of Reference Processing: no references
[29.360s][debug  ][gc,ref         ] GC(107) Skipped phase 2 of Reference Processing: no references
[29.360s][debug  ][gc,ref         ] GC(107) Skipped phase 3 of Reference Processing: no references
[29.360s][debug  ][gc,ref         ] GC(107) Skipped phase 4 of Reference Processing: no references
[29.360s][debug  ][gc,phases,ref  ] GC(107) Reference Processing: 0.1ms
[29.360s][debug  ][gc,phases,ref  ] GC(107)   Reconsider SoftReferences: 0.0ms
[29.360s][debug  ][gc,phases,ref  ] GC(107)     SoftRef (ms):                  skipped
[29.360s][debug  ][gc,phases,ref  ] GC(107)   Notify Soft/WeakReferences: 0.0ms
[29.360s][debug  ][gc,phases,ref  ] GC(107)     SoftRef (ms):                  skipped
[29.360s][debug  ][gc,phases,ref  ] GC(107)     WeakRef (ms):                  skipped
[29.360s][debug  ][gc,phases,ref  ] GC(107)     FinalRef (ms):                 skipped
[29.360s][debug  ][gc,phases,ref  ] GC(107)     Total (ms):                    skipped
[29.360s][debug  ][gc,phases,ref  ] GC(107)   Notify and keep alive finalizable: 0.0ms
[29.360s][debug  ][gc,phases,ref  ] GC(107)     FinalRef (ms):                 skipped
[29.360s][debug  ][gc,phases,ref  ] GC(107)   Notify PhantomReferences: 0.0ms
[29.360s][debug  ][gc,phases,ref  ] GC(107)     PhantomRef (ms):               skipped
[29.360s][debug  ][gc,phases,ref  ] GC(107)   SoftReference:
[29.361s][debug  ][gc,phases,ref  ] GC(107)     Discovered: 0
[29.361s][debug  ][gc,phases,ref  ] GC(107)     Cleared: 0
[29.361s][debug  ][gc,phases,ref  ] GC(107)   WeakReference:
[29.361s][debug  ][gc,phases,ref  ] GC(107)     Discovered: 0
[29.361s][debug  ][gc,phases,ref  ] GC(107)     Cleared: 0
[29.361s][debug  ][gc,phases,ref  ] GC(107)   FinalReference:
[29.361s][debug  ][gc,phases,ref  ] GC(107)     Discovered: 0
[29.361s][debug  ][gc,phases,ref  ] GC(107)     Cleared: 0
[29.361s][debug  ][gc,phases,ref  ] GC(107)   PhantomReference:
[29.361s][debug  ][gc,phases,ref  ] GC(107)     Discovered: 0
[29.361s][debug  ][gc,phases,ref  ] GC(107)     Cleared: 0
[29.361s][debug  ][gc,phases      ] GC(107) Reference Processing 0.787ms
[29.361s][debug  ][gc,phases,start] GC(107) Weak Processing
[29.361s][debug  ][gc,phases      ] GC(107)   VM Weak                        Min:  0.0, Avg:  0.0, Max:  0.0, Diff:  0.0, Sum:  0.0, Workers: 6
[29.361s][debug  ][gc,phases      ] GC(107)     Dead                           Min: 0, Avg:  0.0, Max: 0, Diff: 0, Sum: 0, Workers: 6
[29.361s][debug  ][gc,phases      ] GC(107)     Total                          Min: 0, Avg:  1.3, Max: 8, Diff: 8, Sum: 8, Workers: 6
[29.361s][debug  ][gc,phases      ] GC(107)   ObjectSynchronizer Weak        Min:  0.0, Avg:  0.0, Max:  0.0, Diff:  0.0, Sum:  0.0, Workers: 6
[29.361s][debug  ][gc,phases      ] GC(107)     Dead                           Min: 0, Avg:  0.0, Max: 0, Diff: 0, Sum: 0, Workers: 6
[29.361s][debug  ][gc,phases      ] GC(107)     Total                          Min: 0, Avg:  0.5, Max: 3, Diff: 3, Sum: 3, Workers: 6
[29.361s][debug  ][gc,phases      ] GC(107)   JVMTI Tag Weak OopStorage      Min:  0.0, Avg:  0.0, Max:  0.0, Diff:  0.0, Sum:  0.0, Workers: 6
[29.361s][debug  ][gc,phases      ] GC(107)     Dead                           Min: 0, Avg:  0.0, Max: 0, Diff: 0, Sum: 0, Workers: 6
[29.361s][debug  ][gc,phases      ] GC(107)     Total                          Min: 0, Avg:  0.0, Max: 0, Diff: 0, Sum: 0, Workers: 6
[29.361s][debug  ][gc,phases      ] GC(107)   StringTable Weak               Min:  0.0, Avg:  0.0, Max:  0.0, Diff:  0.0, Sum:  0.0, Workers: 6
[29.361s][debug  ][gc,phases      ] GC(107)     Dead                           Min: 0, Avg:  0.0, Max: 0, Diff: 0, Sum: 0, Workers: 6
[29.361s][debug  ][gc,phases      ] GC(107)     Total                          Min: 768, Avg: 892.2, Max: 1088, Diff: 320, Sum: 5353, Workers: 6
[29.361s][debug  ][gc,phases      ] GC(107)   ResolvedMethodTable Weak       Min:  0.0, Avg:  0.0, Max:  0.0, Diff:  0.0, Sum:  0.0, Workers: 6
[29.361s][debug  ][gc,phases      ] GC(107)     Dead                           Min: 0, Avg:  0.0, Max: 0, Diff: 0, Sum: 0, Workers: 6
[29.361s][debug  ][gc,phases      ] GC(107)     Total                          Min: 0, Avg: 21.7, Max: 64, Diff: 64, Sum: 130, Workers: 6
[29.361s][debug  ][gc,phases      ] GC(107)   JNI Weak                       Min:  0.0, Avg:  0.0, Max:  0.0, Diff:  0.0, Sum:  0.0, Workers: 6
[29.361s][debug  ][gc,phases      ] GC(107)     Dead                           Min: 0, Avg:  0.0, Max: 0, Diff: 0, Sum: 0, Workers: 6
[29.361s][debug  ][gc,phases      ] GC(107)     Total                          Min: 0, Avg:  0.0, Max: 0, Diff: 0, Sum: 0, Workers: 6
[29.361s][debug  ][gc,phases      ] GC(107)   StringDedup Table Weak         Min:  0.0, Avg:  0.0, Max:  0.0, Diff:  0.0, Sum:  0.0, Workers: 6
[29.361s][debug  ][gc,phases      ] GC(107)     Dead                           Min: 0, Avg:  0.0, Max: 0, Diff: 0, Sum: 0, Workers: 6
[29.361s][debug  ][gc,phases      ] GC(107)     Total                          Min: 0, Avg:  0.0, Max: 0, Diff: 0, Sum: 0, Workers: 6
[29.361s][debug  ][gc,phases      ] GC(107)   StringDedup Requests0 Weak     Min:  0.0, Avg:  0.0, Max:  0.0, Diff:  0.0, Sum:  0.0, Workers: 6
[29.361s][debug  ][gc,phases      ] GC(107)     Dead                           Min: 0, Avg:  0.0, Max: 0, Diff: 0, Sum: 0, Workers: 6
[29.361s][debug  ][gc,phases      ] GC(107)     Total                          Min: 0, Avg:  0.0, Max: 0, Diff: 0, Sum: 0, Workers: 6
[29.361s][debug  ][gc,phases      ] GC(107)   StringDedup Requests1 Weak     Min:  0.0, Avg:  0.0, Max:  0.0, Diff:  0.0, Sum:  0.0, Workers: 6
[29.362s][debug  ][gc,phases      ] GC(107)     Dead                           Min: 0, Avg:  0.0, Max: 0, Diff: 0, Sum: 0, Workers: 6
[29.362s][debug  ][gc,phases      ] GC(107)     Total                          Min: 0, Avg:  0.0, Max: 0, Diff: 0, Sum: 0, Workers: 6
[29.362s][debug  ][gc,phases      ] GC(107)   Weak JFR Old Object Samples    Min:  0.0, Avg:  0.0, Max:  0.0, Diff:  0.0, Sum:  0.0, Workers: 6
[29.362s][debug  ][gc,phases      ] GC(107)     Dead                           Min: 0, Avg:  0.0, Max: 0, Diff: 0, Sum: 0, Workers: 6
[29.362s][debug  ][gc,phases      ] GC(107)     Total                          Min: 0, Avg:  0.0, Max: 0, Diff: 0, Sum: 0, Workers: 6
[29.362s][debug  ][gc,phases      ] GC(107) Weak Processing 0.809ms
[29.362s][debug  ][gc,ergo        ] GC(107) AdaptiveSizeStart:  collection: 108 
[29.362s][debug  ][gc,ergo        ] GC(107) avg_survived_padded_avg: 36078144.000000
[29.362s][debug  ][gc,ergo        ] GC(107) avg_promoted_padded_avg: 258641888.000000  avg_pretenured_padded_avg: 0.000000  tenuring_thresh: 15  target_size: 36175872
[29.362s][debug  ][gc,age         ] GC(107) Desired survivor size 36175872 bytes, new threshold 15 (max threshold 15)
[29.362s][debug  ][gc,ergo        ] GC(107) PSAdaptiveSizePolicy::compute_eden_space_size limits: desired_eden_size: 213114812 old_eden_size: 194510848 eden_limit: 195035136 cur_eden: 194510848 max_eden_size: 195035136 avg_young_live: 26872288
[29.362s][debug  ][gc,ergo        ] GC(107) PSAdaptiveSizePolicy::compute_eden_space_size: costs minor_time: 0.050120 major_cost: 0.055815 mutator_cost: 0.894065 throughput_goal: 0.990000
[29.362s][debug  ][gc,ergo        ] GC(107) Live_space: 1056763648 free_space: 1414004736
[29.362s][debug  ][gc,ergo        ] GC(107) Old eden_size: 194510848 desired_eden_size: 195035136
[29.362s][debug  ][gc,ergo        ] GC(107) AdaptiveSizeStop: collection: 108 
[29.362s][info   ][gc,heap        ] GC(107) PSYoungGen: 218731K(225792K)->30720K(226816K) Eden: 188011K(189952K)->0K(190976K) From: 30720K(35840K)->30720K(35840K)
[29.362s][info   ][gc,heap        ] GC(107) ParOldGen: 1322596K(1835008K)->1506917K(1835008K)
[29.362s][info   ][gc,metaspace   ] GC(107) Metaspace: 1024K(1216K)->1024K(1216K) NonClass: 940K(1024K)->940K(1024K) Class: 83K(192K)->83K(192K)
[29.362s][info   ][gc             ] GC(107) Pause Young (Allocation Failure) 1505M->1501M(2013M) 17.178ms
[29.362s][info   ][gc,cpu         ] GC(107) User=0.16s Sys=0.00s Real=0.02s
[29.362s][debug  ][gc,heap        ] GC(107) Heap after GC invocations=108 (full 17):
[29.362s][debug  ][gc,heap        ] GC(107)  PSYoungGen      total 226816K, used 30720K [0x00000000f0000000, 0x0000000100000000, 0x0000000100000000)
[29.362s][debug  ][gc,heap        ] GC(107)   eden space 190976K, 0% used [0x00000000f0000000,0x00000000f0000000,0x00000000fba80000)
[29.362s][debug  ][gc,heap        ] GC(107)   from space 35840K, 85% used [0x00000000fdd00000,0x00000000ffb00030,0x0000000100000000)
[29.362s][debug  ][gc,heap        ] GC(107)   to   space 35328K, 0% used [0x00000000fba80000,0x00000000fba80000,0x00000000fdd00000)
[29.362s][debug  ][gc,heap        ] GC(107)  ParOldGen       total 1835008K, used 1506917K [0x0000000080000000, 0x00000000f0000000, 0x00000000f0000000)
[29.362s][debug  ][gc,heap        ] GC(107)   object space 1835008K, 82% used [0x0000000080000000,0x00000000dbf994b0,0x00000000f0000000)
[29.362s][debug  ][gc,heap        ] GC(107)  Metaspace       used 1024K, committed 1216K, reserved 1056768K
[29.362s][debug  ][gc,heap        ] GC(107)   class space    used 83K, committed 192K, reserved 1048576K
[29.362s][debug  ][gc,task,time   ] GC(107) VM-Thread 293443379 293600132 293622236
[29.644s][debug  ][gc,heap        ] GC(108) Heap before GC invocations=109 (full 17):
[29.644s][debug  ][gc,heap        ] GC(108)  PSYoungGen      total 226816K, used 218763K [0x00000000f0000000, 0x0000000100000000, 0x0000000100000000)
[29.644s][debug  ][gc,heap        ] GC(108)   eden space 190976K, 98% used [0x00000000f0000000,0x00000000fb7a2bf8,0x00000000fba80000)
[29.644s][debug  ][gc,heap        ] GC(108)   from space 35840K, 85% used [0x00000000fdd00000,0x00000000ffb00030,0x0000000100000000)
[29.644s][debug  ][gc,heap        ] GC(108)   to   space 35328K, 0% used [0x00000000fba80000,0x00000000fba80000,0x00000000fdd00000)
[29.644s][debug  ][gc,heap        ] GC(108)  ParOldGen       total 1835008K, used 1506917K [0x0000000080000000, 0x00000000f0000000, 0x00000000f0000000)
[29.644s][debug  ][gc,heap        ] GC(108)   object space 1835008K, 82% used [0x0000000080000000,0x00000000dbf994b0,0x00000000f0000000)
[29.644s][debug  ][gc,heap        ] GC(108)  Metaspace       used 1024K, committed 1216K, reserved 1056768K
[29.644s][debug  ][gc,heap        ] GC(108)   class space    used 83K, committed 192K, reserved 1048576K
[29.644s][debug  ][gc,tlab        ] GC(108) TLAB totals: thrds: 1  refills: 1 max: 1 slow allocs: 17 max 17 waste: 26.7% gc: 3812056B max: 3812056B slow: 0B max: 0B
[29.644s][info   ][gc,start       ] GC(108) Pause Young (Allocation Failure)
[29.644s][debug  ][gc,phases,start] GC(108) Scavenge
[29.659s][debug  ][gc,phases      ] GC(108) Scavenge 14.584ms
[29.659s][debug  ][gc,phases,start] GC(108) Reference Processing
[29.659s][debug  ][gc,ref         ] GC(108) Skipped phase 1 of Reference Processing: no references
[29.659s][debug  ][gc,ref         ] GC(108) Skipped phase 2 of Reference Processing: no references
[29.659s][debug  ][gc,ref         ] GC(108) Skipped phase 3 of Reference Processing: no references
[29.659s][debug  ][gc,ref         ] GC(108) Skipped phase 4 of Reference Processing: no references
[29.659s][debug  ][gc,phases,ref  ] GC(108) Reference Processing: 0.1ms
[29.659s][debug  ][gc,phases,ref  ] GC(108)   Reconsider SoftReferences: 0.0ms
[29.659s][debug  ][gc,phases,ref  ] GC(108)     SoftRef (ms):                  skipped
[29.659s][debug  ][gc,phases,ref  ] GC(108)   Notify Soft/WeakReferences: 0.0ms
[29.659s][debug  ][gc,phases,ref  ] GC(108)     SoftRef (ms):                  skipped
[29.659s][debug  ][gc,phases,ref  ] GC(108)     WeakRef (ms):                  skipped
[29.659s][debug  ][gc,phases,ref  ] GC(108)     FinalRef (ms):                 skipped
[29.659s][debug  ][gc,phases,ref  ] GC(108)     Total (ms):                    skipped
[29.659s][debug  ][gc,phases,ref  ] GC(108)   Notify and keep alive finalizable: 0.0ms
[29.659s][debug  ][gc,phases,ref  ] GC(108)     FinalRef (ms):                 skipped
[29.659s][debug  ][gc,phases,ref  ] GC(108)   Notify PhantomReferences: 0.0ms
[29.660s][debug  ][gc,phases,ref  ] GC(108)     PhantomRef (ms):               skipped
[29.660s][debug  ][gc,phases,ref  ] GC(108)   SoftReference:
[29.660s][debug  ][gc,phases,ref  ] GC(108)     Discovered: 0
[29.660s][debug  ][gc,phases,ref  ] GC(108)     Cleared: 0
[29.660s][debug  ][gc,phases,ref  ] GC(108)   WeakReference:
[29.660s][debug  ][gc,phases,ref  ] GC(108)     Discovered: 0
[29.660s][debug  ][gc,phases,ref  ] GC(108)     Cleared: 0
[29.660s][debug  ][gc,phases,ref  ] GC(108)   FinalReference:
[29.660s][debug  ][gc,phases,ref  ] GC(108)     Discovered: 0
[29.660s][debug  ][gc,phases,ref  ] GC(108)     Cleared: 0
[29.660s][debug  ][gc,phases,ref  ] GC(108)   PhantomReference:
[29.660s][debug  ][gc,phases,ref  ] GC(108)     Discovered: 0
[29.660s][debug  ][gc,phases,ref  ] GC(108)     Cleared: 0
[29.660s][debug  ][gc,phases      ] GC(108) Reference Processing 0.630ms
[29.660s][debug  ][gc,phases,start] GC(108) Weak Processing
[29.660s][debug  ][gc,phases      ] GC(108)   VM Weak                        Min:  0.0, Avg:  0.0, Max:  0.0, Diff:  0.0, Sum:  0.0, Workers: 6
[29.660s][debug  ][gc,phases      ] GC(108)     Dead                           Min: 0, Avg:  0.0, Max: 0, Diff: 0, Sum: 0, Workers: 6
[29.660s][debug  ][gc,phases      ] GC(108)     Total                          Min: 0, Avg:  1.3, Max: 8, Diff: 8, Sum: 8, Workers: 6
[29.660s][debug  ][gc,phases      ] GC(108)   ObjectSynchronizer Weak        Min:  0.0, Avg:  0.0, Max:  0.0, Diff:  0.0, Sum:  0.0, Workers: 6
[29.660s][debug  ][gc,phases      ] GC(108)     Dead                           Min: 0, Avg:  0.0, Max: 0, Diff: 0, Sum: 0, Workers: 6
[29.660s][debug  ][gc,phases      ] GC(108)     Total                          Min: 0, Avg:  0.5, Max: 3, Diff: 3, Sum: 3, Workers: 6
[29.660s][debug  ][gc,phases      ] GC(108)   JVMTI Tag Weak OopStorage      Min:  0.0, Avg:  0.0, Max:  0.0, Diff:  0.0, Sum:  0.0, Workers: 6
[29.660s][debug  ][gc,phases      ] GC(108)     Dead                           Min: 0, Avg:  0.0, Max: 0, Diff: 0, Sum: 0, Workers: 6
[29.660s][debug  ][gc,phases      ] GC(108)     Total                          Min: 0, Avg:  0.0, Max: 0, Diff: 0, Sum: 0, Workers: 6
[29.660s][debug  ][gc,phases      ] GC(108)   StringTable Weak               Min:  0.0, Avg:  0.0, Max:  0.0, Diff:  0.0, Sum:  0.0, Workers: 6
[29.660s][debug  ][gc,phases      ] GC(108)     Dead                           Min: 0, Avg:  0.0, Max: 0, Diff: 0, Sum: 0, Workers: 6
[29.660s][debug  ][gc,phases      ] GC(108)     Total                          Min: 768, Avg: 892.2, Max: 1152, Diff: 384, Sum: 5353, Workers: 6
[29.660s][debug  ][gc,phases      ] GC(108)   ResolvedMethodTable Weak       Min:  0.0, Avg:  0.0, Max:  0.0, Diff:  0.0, Sum:  0.0, Workers: 6
[29.660s][debug  ][gc,phases      ] GC(108)     Dead                           Min: 0, Avg:  0.0, Max: 0, Diff: 0, Sum: 0, Workers: 6
[29.660s][debug  ][gc,phases      ] GC(108)     Total                          Min: 0, Avg: 21.7, Max: 64, Diff: 64, Sum: 130, Workers: 6
[29.660s][debug  ][gc,phases      ] GC(108)   JNI Weak                       Min:  0.0, Avg:  0.0, Max:  0.0, Diff:  0.0, Sum:  0.0, Workers: 6
[29.660s][debug  ][gc,phases      ] GC(108)     Dead                           Min: 0, Avg:  0.0, Max: 0, Diff: 0, Sum: 0, Workers: 6
[29.660s][debug  ][gc,phases      ] GC(108)     Total                          Min: 0, Avg:  0.0, Max: 0, Diff: 0, Sum: 0, Workers: 6
[29.660s][debug  ][gc,phases      ] GC(108)   StringDedup Table Weak         Min:  0.0, Avg:  0.0, Max:  0.0, Diff:  0.0, Sum:  0.0, Workers: 6
[29.660s][debug  ][gc,phases      ] GC(108)     Dead                           Min: 0, Avg:  0.0, Max: 0, Diff: 0, Sum: 0, Workers: 6
[29.660s][debug  ][gc,phases      ] GC(108)     Total                          Min: 0, Avg:  0.0, Max: 0, Diff: 0, Sum: 0, Workers: 6
[29.660s][debug  ][gc,phases      ] GC(108)   StringDedup Requests0 Weak     Min:  0.0, Avg:  0.0, Max:  0.0, Diff:  0.0, Sum:  0.0, Workers: 6
[29.660s][debug  ][gc,phases      ] GC(108)     Dead                           Min: 0, Avg:  0.0, Max: 0, Diff: 0, Sum: 0, Workers: 6
[29.660s][debug  ][gc,phases      ] GC(108)     Total                          Min: 0, Avg:  0.0, Max: 0, Diff: 0, Sum: 0, Workers: 6
[29.660s][debug  ][gc,phases      ] GC(108)   StringDedup Requests1 Weak     Min:  0.0, Avg:  0.0, Max:  0.0, Diff:  0.0, Sum:  0.0, Workers: 6
[29.660s][debug  ][gc,phases      ] GC(108)     Dead                           Min: 0, Avg:  0.0, Max: 0, Diff: 0, Sum: 0, Workers: 6
[29.660s][debug  ][gc,phases      ] GC(108)     Total                          Min: 0, Avg:  0.0, Max: 0, Diff: 0, Sum: 0, Workers: 6
[29.660s][debug  ][gc,phases      ] GC(108)   Weak JFR Old Object Samples    Min:  0.0, Avg:  0.0, Max:  0.0, Diff:  0.0, Sum:  0.0, Workers: 6
[29.660s][debug  ][gc,phases      ] GC(108)     Dead                           Min: 0, Avg:  0.0, Max: 0, Diff: 0, Sum: 0, Workers: 6
[29.661s][debug  ][gc,phases      ] GC(108)     Total                          Min: 0, Avg:  0.0, Max: 0, Diff: 0, Sum: 0, Workers: 6
[29.661s][debug  ][gc,phases      ] GC(108) Weak Processing 0.738ms
[29.661s][debug  ][gc,ergo        ] GC(108) AdaptiveSizeStart:  collection: 109 
[29.661s][debug  ][gc,ergo        ] GC(108) avg_survived_padded_avg: 35809176.000000
[29.661s][debug  ][gc,ergo        ] GC(108) avg_promoted_padded_avg: 259623824.000000  avg_pretenured_padded_avg: 0.000000  tenuring_thresh: 15  target_size: 36175872
[29.661s][debug  ][gc,age         ] GC(108) Desired survivor size 36175872 bytes, new threshold 15 (max threshold 15)
[29.661s][debug  ][gc,ergo        ] GC(108) PSAdaptiveSizePolicy::compute_eden_space_size limits: desired_eden_size: 214340147 old_eden_size: 195035136 eden_limit: 195559424 cur_eden: 195559424 max_eden_size: 195559424 avg_young_live: 27330792
[29.661s][debug  ][gc,ergo        ] GC(108) PSAdaptiveSizePolicy::compute_eden_space_size: costs minor_time: 0.051032 major_cost: 0.055815 mutator_cost: 0.893153 throughput_goal: 0.990000
[29.661s][debug  ][gc,ergo        ] GC(108) Live_space: 1057222144 free_space: 1414529024
[29.661s][debug  ][gc,ergo        ] GC(108) Old eden_size: 195035136 desired_eden_size: 195559424
[29.661s][debug  ][gc,ergo        ] GC(108) AdaptiveSizeStop: collection: 109 
[29.661s][info   ][gc,heap        ] GC(108) PSYoungGen: 218763K(226816K)->30720K(226304K) Eden: 188042K(190976K)->0K(190976K) From: 30720K(35840K)->30720K(35328K)
[29.661s][info   ][gc,heap        ] GC(108) ParOldGen: 1506917K(1835008K)->1691237K(1835008K)
[29.661s][info   ][gc,metaspace   ] GC(108) Metaspace: 1024K(1216K)->1024K(1216K) NonClass: 940K(1024K)->940K(1024K) Class: 83K(192K)->83K(192K)
[29.661s][info   ][gc             ] GC(108) Pause Young (Allocation Failure) 1685M->1681M(2013M) 16.399ms
[29.661s][info   ][gc,cpu         ] GC(108) User=0.16s Sys=0.00s Real=0.02s
[29.661s][debug  ][gc,heap        ] GC(108) Heap after GC invocations=109 (full 17):
[29.661s][debug  ][gc,heap        ] GC(108)  PSYoungGen      total 226304K, used 30720K [0x00000000f0000000, 0x0000000100000000, 0x0000000100000000)
[29.661s][debug  ][gc,heap        ] GC(108)   eden space 190976K, 0% used [0x00000000f0000000,0x00000000f0000000,0x00000000fba80000)
[29.661s][debug  ][gc,heap        ] GC(108)   from space 35328K, 86% used [0x00000000fba80000,0x00000000fd880030,0x00000000fdd00000)
[29.661s][debug  ][gc,heap        ] GC(108)   to   space 35328K, 0% used [0x00000000fdd80000,0x00000000fdd80000,0x0000000100000000)
[29.661s][debug  ][gc,heap        ] GC(108)  ParOldGen       total 1835008K, used 1691237K [0x0000000080000000, 0x00000000f0000000, 0x00000000f0000000)
[29.661s][debug  ][gc,heap        ] GC(108)   object space 1835008K, 92% used [0x0000000080000000,0x00000000e73995d0,0x00000000f0000000)
[29.661s][debug  ][gc,heap        ] GC(108)  Metaspace       used 1024K, committed 1216K, reserved 1056768K
[29.661s][debug  ][gc,heap        ] GC(108)   class space    used 83K, committed 192K, reserved 1048576K
[29.661s][debug  ][gc,task,time   ] GC(108) VM-Thread 296440969 296591491 296611187
[29.661s][debug  ][gc,phases,start] GC(109) Pre Compact
[29.661s][debug  ][gc,heap        ] GC(109) Heap before GC invocations=110 (full 18):
[29.661s][debug  ][gc,heap        ] GC(109)  PSYoungGen      total 226304K, used 30720K [0x00000000f0000000, 0x0000000100000000, 0x0000000100000000)
[29.661s][debug  ][gc,heap        ] GC(109)   eden space 190976K, 0% used [0x00000000f0000000,0x00000000f0000000,0x00000000fba80000)
[29.661s][debug  ][gc,heap        ] GC(109)   from space 35328K, 86% used [0x00000000fba80000,0x00000000fd880030,0x00000000fdd00000)
[29.661s][debug  ][gc,heap        ] GC(109)   to   space 35328K, 0% used [0x00000000fdd80000,0x00000000fdd80000,0x0000000100000000)
[29.661s][debug  ][gc,heap        ] GC(109)  ParOldGen       total 1835008K, used 1691237K [0x0000000080000000, 0x00000000f0000000, 0x00000000f0000000)
[29.661s][debug  ][gc,heap        ] GC(109)   object space 1835008K, 92% used [0x0000000080000000,0x00000000e73995d0,0x00000000f0000000)
[29.661s][debug  ][gc,heap        ] GC(109)  Metaspace       used 1024K, committed 1216K, reserved 1056768K
[29.661s][debug  ][gc,heap        ] GC(109)   class space    used 83K, committed 192K, reserved 1048576K
[29.661s][debug  ][gc,phases      ] GC(109) Pre Compact 0.223ms
[29.661s][info   ][gc,start       ] GC(109) Pause Full (Ergonomics)
[29.661s][info   ][gc,phases,start] GC(109) Marking Phase
[29.661s][debug  ][gc,phases,start] GC(109) Par Mark
[29.662s][debug  ][gc,phases      ] GC(109) Par Mark 0.489ms
[29.662s][debug  ][gc,phases,start] GC(109) Reference Processing
[29.662s][debug  ][gc,ref         ] GC(109) Skipped phase 1 of Reference Processing: no references
[29.662s][debug  ][gc,ref         ] GC(109) ReferenceProcessor::execute queues: 1, RefProcThreadModel::Single, marks_oops_alive: false
[29.662s][debug  ][gc,ref         ] GC(109) Skipped phase 3 of Reference Processing: no references
[29.662s][debug  ][gc,ref         ] GC(109) ReferenceProcessor::execute queues: 1, RefProcThreadModel::Single, marks_oops_alive: false
[29.662s][debug  ][gc,phases,ref  ] GC(109) Reference Processing: 0.1ms
[29.662s][debug  ][gc,phases,ref  ] GC(109)   Reconsider SoftReferences: 0.0ms
[29.662s][debug  ][gc,phases,ref  ] GC(109)     SoftRef (ms):                  skipped
[29.662s][debug  ][gc,phases,ref  ] GC(109)   Notify Soft/WeakReferences: 0.0ms
[29.662s][debug  ][gc,phases,ref  ] GC(109)     SoftRef (ms):                  Min:  0.0, Avg:  0.0, Max:  0.0, Diff:  0.0, Sum:  0.0, Workers: 10
[29.662s][debug  ][gc,phases,ref  ] GC(109)     WeakRef (ms):                  Min:  0.0, Avg:  0.0, Max:  0.0, Diff:  0.0, Sum:  0.0, Workers: 10
[29.662s][debug  ][gc,phases,ref  ] GC(109)     FinalRef (ms):                 Min:  0.0, Avg:  0.0, Max:  0.0, Diff:  0.0, Sum:  0.0, Workers: 10
[29.662s][debug  ][gc,phases,ref  ] GC(109)     Total (ms):                    Min:  0.0, Avg:  0.0, Max:  0.0, Diff:  0.0, Sum:  0.0, Workers: 10
[29.662s][debug  ][gc,phases,ref  ] GC(109)   Notify and keep alive finalizable: 0.0ms
[29.662s][debug  ][gc,phases,ref  ] GC(109)     FinalRef (ms):                 skipped
[29.662s][debug  ][gc,phases,ref  ] GC(109)   Notify PhantomReferences: 0.0ms
[29.662s][debug  ][gc,phases,ref  ] GC(109)     PhantomRef (ms):               Min:  0.0, Avg:  0.0, Max:  0.0, Diff:  0.0, Sum:  0.0, Workers: 10
[29.662s][debug  ][gc,phases,ref  ] GC(109)   SoftReference:
[29.662s][debug  ][gc,phases,ref  ] GC(109)     Discovered: 0
[29.662s][debug  ][gc,phases,ref  ] GC(109)     Cleared: 0
[29.662s][debug  ][gc,phases,ref  ] GC(109)   WeakReference:
[29.662s][debug  ][gc,phases,ref  ] GC(109)     Discovered: 75
[29.662s][debug  ][gc,phases,ref  ] GC(109)     Cleared: 75
[29.662s][debug  ][gc,phases,ref  ] GC(109)   FinalReference:
[29.662s][debug  ][gc,phases,ref  ] GC(109)     Discovered: 0
[29.663s][debug  ][gc,phases,ref  ] GC(109)     Cleared: 0
[29.663s][debug  ][gc,phases,ref  ] GC(109)   PhantomReference:
[29.663s][debug  ][gc,phases,ref  ] GC(109)     Discovered: 5
[29.663s][debug  ][gc,phases,ref  ] GC(109)     Cleared: 5
[29.663s][debug  ][gc,phases      ] GC(109) Reference Processing 0.637ms
[29.663s][debug  ][gc,phases,start] GC(109) Weak Processing
[29.663s][debug  ][gc,phases      ] GC(109)   VM Weak                        Min:  0.0, Avg:  0.0, Max:  0.0, Diff:  0.0, Sum:  0.0, Workers: 6
[29.663s][debug  ][gc,phases      ] GC(109)     Dead                           Min: 0, Avg:  0.0, Max: 0, Diff: 0, Sum: 0, Workers: 6
[29.663s][debug  ][gc,phases      ] GC(109)     Total                          Min: 0, Avg:  1.3, Max: 8, Diff: 8, Sum: 8, Workers: 6
[29.663s][debug  ][gc,phases      ] GC(109)   ObjectSynchronizer Weak        Min:  0.0, Avg:  0.0, Max:  0.0, Diff:  0.0, Sum:  0.0, Workers: 6
[29.663s][debug  ][gc,phases      ] GC(109)     Dead                           Min: 0, Avg:  0.0, Max: 0, Diff: 0, Sum: 0, Workers: 6
[29.663s][debug  ][gc,phases      ] GC(109)     Total                          Min: 0, Avg:  0.5, Max: 3, Diff: 3, Sum: 3, Workers: 6
[29.663s][debug  ][gc,phases      ] GC(109)   JVMTI Tag Weak OopStorage      Min:  0.0, Avg:  0.0, Max:  0.0, Diff:  0.0, Sum:  0.0, Workers: 6
[29.663s][debug  ][gc,phases      ] GC(109)     Dead                           Min: 0, Avg:  0.0, Max: 0, Diff: 0, Sum: 0, Workers: 6
[29.663s][debug  ][gc,phases      ] GC(109)     Total                          Min: 0, Avg:  0.0, Max: 0, Diff: 0, Sum: 0, Workers: 6
[29.663s][debug  ][gc,phases      ] GC(109)   StringTable Weak               Min:  0.0, Avg:  0.0, Max:  0.0, Diff:  0.0, Sum:  0.0, Workers: 6
[29.663s][debug  ][gc,phases      ] GC(109)     Dead                           Min: 0, Avg:  0.0, Max: 0, Diff: 0, Sum: 0, Workers: 6
[29.663s][debug  ][gc,phases      ] GC(109)     Total                          Min: 704, Avg: 892.2, Max: 1216, Diff: 512, Sum: 5353, Workers: 6
[29.663s][debug  ][gc,phases      ] GC(109)   ResolvedMethodTable Weak       Min:  0.0, Avg:  0.0, Max:  0.0, Diff:  0.0, Sum:  0.0, Workers: 6
[29.663s][debug  ][gc,phases      ] GC(109)     Dead                           Min: 0, Avg:  0.0, Max: 0, Diff: 0, Sum: 0, Workers: 6
[29.663s][debug  ][gc,phases      ] GC(109)     Total                          Min: 0, Avg: 21.7, Max: 64, Diff: 64, Sum: 130, Workers: 6
[29.663s][debug  ][gc,phases      ] GC(109)   JNI Weak                       Min:  0.0, Avg:  0.0, Max:  0.0, Diff:  0.0, Sum:  0.0, Workers: 6
[29.663s][debug  ][gc,phases      ] GC(109)     Dead                           Min: 0, Avg:  0.0, Max: 0, Diff: 0, Sum: 0, Workers: 6
[29.663s][debug  ][gc,phases      ] GC(109)     Total                          Min: 0, Avg:  0.0, Max: 0, Diff: 0, Sum: 0, Workers: 6
[29.663s][debug  ][gc,phases      ] GC(109)   StringDedup Table Weak         Min:  0.0, Avg:  0.0, Max:  0.0, Diff:  0.0, Sum:  0.0, Workers: 6
[29.663s][debug  ][gc,phases      ] GC(109)     Dead                           Min: 0, Avg:  0.0, Max: 0, Diff: 0, Sum: 0, Workers: 6
[29.663s][debug  ][gc,phases      ] GC(109)     Total                          Min: 0, Avg:  0.0, Max: 0, Diff: 0, Sum: 0, Workers: 6
[29.663s][debug  ][gc,phases      ] GC(109)   StringDedup Requests0 Weak     Min:  0.0, Avg:  0.0, Max:  0.0, Diff:  0.0, Sum:  0.0, Workers: 6
[29.663s][debug  ][gc,phases      ] GC(109)     Dead                           Min: 0, Avg:  0.0, Max: 0, Diff: 0, Sum: 0, Workers: 6
[29.663s][debug  ][gc,phases      ] GC(109)     Total                          Min: 0, Avg:  0.0, Max: 0, Diff: 0, Sum: 0, Workers: 6
[29.663s][debug  ][gc,phases      ] GC(109)   StringDedup Requests1 Weak     Min:  0.0, Avg:  0.0, Max:  0.0, Diff:  0.0, Sum:  0.0, Workers: 6
[29.663s][debug  ][gc,phases      ] GC(109)     Dead                           Min: 0, Avg:  0.0, Max: 0, Diff: 0, Sum: 0, Workers: 6
[29.663s][debug  ][gc,phases      ] GC(109)     Total                          Min: 0, Avg:  0.0, Max: 0, Diff: 0, Sum: 0, Workers: 6
[29.663s][debug  ][gc,phases      ] GC(109)   Weak JFR Old Object Samples    Min:  0.0, Avg:  0.0, Max:  0.0, Diff:  0.0, Sum:  0.0, Workers: 6
[29.663s][debug  ][gc,phases      ] GC(109)     Dead                           Min: 0, Avg:  0.0, Max: 0, Diff: 0, Sum: 0, Workers: 6
[29.663s][debug  ][gc,phases      ] GC(109)     Total                          Min: 0, Avg:  0.0, Max: 0, Diff: 0, Sum: 0, Workers: 6
[29.663s][debug  ][gc,phases      ] GC(109) Weak Processing 0.740ms
[29.663s][debug  ][gc,phases,start] GC(109) Class Unloading
[29.663s][debug  ][gc,phases,start] GC(109) ClassLoaderData
[29.663s][debug  ][gc,phases      ] GC(109) ClassLoaderData 0.022ms
[29.663s][debug  ][gc,phases,start] GC(109) Trigger cleanups
[29.663s][debug  ][gc,phases      ] GC(109) Trigger cleanups 0.021ms
[29.664s][debug  ][gc,phases      ] GC(109) Class Unloading 0.266ms
[29.664s][info   ][gc,phases      ] GC(109) Marking Phase 2.253ms
[29.664s][info   ][gc,phases,start] GC(109) Summary Phase
[29.664s][info   ][gc,phases      ] GC(109) Summary Phase 0.040ms
[29.664s][info   ][gc,phases,start] GC(109) Adjust Roots
[29.664s][info   ][gc,phases      ] GC(109) Adjust Roots 0.141ms
[29.664s][info   ][gc,phases,start] GC(109) Compaction Phase
[29.753s][info   ][gc,phases      ] GC(109) Compaction Phase 88.875ms
[29.753s][info   ][gc,phases,start] GC(109) Post Compact
[29.758s][info   ][gc,phases      ] GC(109) Post Compact 5.372ms
[29.758s][debug  ][gc,ergo        ] GC(109) AdaptiveSizeStart: collection: 110 
[29.758s][debug  ][gc,ergo        ] GC(109) PSAdaptiveSizePolicy::compute_eden_space_size limits: desired_eden_size: 214131792 old_eden_size: 195559424 eden_limit: 196083712 cur_eden: 195559424 max_eden_size: 196083712 avg_young_live: 24597714
[29.758s][debug  ][gc,ergo        ] GC(109) PSAdaptiveSizePolicy::compute_eden_space_size: costs minor_time: 0.051032 major_cost: 0.057014 mutator_cost: 0.891954 throughput_goal: 0.990000
[29.758s][debug  ][gc,ergo        ] GC(109) Live_space: 1054489088 free_space: 1415053312
[29.758s][debug  ][gc,ergo        ] GC(109) Old eden_size: 195559424 desired_eden_size: 196083712
[29.758s][debug  ][gc,ergo        ] GC(109) PSAdaptiveSizePolicy::compute_old_gen_free_space limits: desired_promo_size: 1348415777 promo_limit: 1219493888 free_in_old_gen: 1110732800 max_old_gen_size: 1879048192 avg_old_live: 768315328
[29.759s][debug  ][gc,ergo        ] GC(109) PSAdaptiveSizePolicy::compute_old_gen_free_space: costs minor_time: 0.051032 major_cost: 0.057014  mutator_cost: 0.891954 throughput_goal: 0.990000
[29.759s][debug  ][gc,ergo        ] GC(109) Live_space: 1061348480 free_space: 1415577600
[29.759s][debug  ][gc,ergo        ] GC(109) Old promo_size: 1219493888 desired_promo_size: 1219493888
[29.759s][debug  ][gc,ergo        ] GC(109) AdaptiveSizeStop: collection: 110 
[29.759s][info   ][gc,heap        ] GC(109) PSYoungGen: 30720K(226304K)->0K(226816K) Eden: 0K(190976K)->0K(191488K) From: 30720K(35328K)->0K(35328K)
[29.759s][info   ][gc,heap        ] GC(109) ParOldGen: 1691237K(1835008K)->810596K(1835008K)
[29.759s][info   ][gc,metaspace   ] GC(109) Metaspace: 1024K(1216K)->1024K(1216K) NonClass: 940K(1024K)->940K(1024K) Class: 83K(192K)->83K(192K)
[29.759s][info   ][gc             ] GC(109) Pause Full (Ergonomics) 1681M->791M(2013M) 97.294ms
[29.759s][info   ][gc,cpu         ] GC(109) User=0.77s Sys=0.00s Real=0.10s
[29.759s][debug  ][gc,heap        ] GC(109) Heap after GC invocations=110 (full 18):
[29.759s][debug  ][gc,heap        ] GC(109)  PSYoungGen      total 226816K, used 0K [0x00000000f0000000, 0x0000000100000000, 0x0000000100000000)
[29.759s][debug  ][gc,heap        ] GC(109)   eden space 191488K, 0% used [0x00000000f0000000,0x00000000f0000000,0x00000000fbb00000)
[29.759s][debug  ][gc,heap        ] GC(109)   from space 35328K, 0% used [0x00000000fdd80000,0x00000000fdd80000,0x0000000100000000)
[29.759s][debug  ][gc,heap        ] GC(109)   to   space 35328K, 0% used [0x00000000fbb00000,0x00000000fbb00000,0x00000000fdd80000)
[29.759s][debug  ][gc,heap        ] GC(109)  ParOldGen       total 1835008K, used 810596K [0x0000000080000000, 0x00000000f0000000, 0x00000000f0000000)
[29.759s][debug  ][gc,heap        ] GC(109)   object space 1835008K, 44% used [0x0000000080000000,0x00000000b1799070,0x00000000f0000000)
[29.759s][debug  ][gc,heap        ] GC(109)  Metaspace       used 1024K, committed 1216K, reserved 1056768K
[29.759s][debug  ][gc,heap        ] GC(109)   class space    used 83K, committed 192K, reserved 1048576K
[29.759s][debug  ][gc,task,time   ] GC(109) VM-Thread 296614153 296639354 297587388
[30.042s][debug  ][gc,heap        ] GC(110) Heap before GC invocations=111 (full 18):
[30.042s][debug  ][gc,heap        ] GC(110)  PSYoungGen      total 226816K, used 188060K [0x00000000f0000000, 0x0000000100000000, 0x0000000100000000)
[30.042s][debug  ][gc,heap        ] GC(110)   eden space 191488K, 98% used [0x00000000f0000000,0x00000000fb7a71a8,0x00000000fbb00000)
[30.042s][debug  ][gc,heap        ] GC(110)   from space 35328K, 0% used [0x00000000fdd80000,0x00000000fdd80000,0x0000000100000000)
[30.042s][debug  ][gc,heap        ] GC(110)   to   space 35328K, 0% used [0x00000000fbb00000,0x00000000fbb00000,0x00000000fdd80000)
[30.042s][debug  ][gc,heap        ] GC(110)  ParOldGen       total 1835008K, used 810596K [0x0000000080000000, 0x00000000f0000000, 0x00000000f0000000)
[30.042s][debug  ][gc,heap        ] GC(110)   object space 1835008K, 44% used [0x0000000080000000,0x00000000b1799070,0x00000000f0000000)
[30.043s][debug  ][gc,heap        ] GC(110)  Metaspace       used 1024K, committed 1216K, reserved 1056768K
[30.043s][debug  ][gc,heap        ] GC(110)   class space    used 83K, committed 192K, reserved 1048576K
[30.043s][debug  ][gc,tlab        ] GC(110) TLAB totals: thrds: 1  refills: 1 max: 1 slow allocs: 17 max 17 waste: 26.8% gc: 3829896B max: 3829896B slow: 0B max: 0B
[30.043s][info   ][gc,start       ] GC(110) Pause Young (Allocation Failure)
[30.043s][debug  ][gc,phases,start] GC(110) Scavenge
[30.055s][debug  ][gc,phases      ] GC(110) Scavenge 12.659ms
[30.055s][debug  ][gc,phases,start] GC(110) Reference Processing
[30.056s][debug  ][gc,ref         ] GC(110) Skipped phase 1 of Reference Processing: no references
[30.056s][debug  ][gc,ref         ] GC(110) Skipped phase 2 of Reference Processing: no references
[30.056s][debug  ][gc,ref         ] GC(110) Skipped phase 3 of Reference Processing: no references
[30.056s][debug  ][gc,ref         ] GC(110) Skipped phase 4 of Reference Processing: no references
[30.056s][debug  ][gc,phases,ref  ] GC(110) Reference Processing: 0.1ms
[30.056s][debug  ][gc,phases,ref  ] GC(110)   Reconsider SoftReferences: 0.0ms
[30.056s][debug  ][gc,phases,ref  ] GC(110)     SoftRef (ms):                  skipped
[30.056s][debug  ][gc,phases,ref  ] GC(110)   Notify Soft/WeakReferences: 0.0ms
[30.056s][debug  ][gc,phases,ref  ] GC(110)     SoftRef (ms):                  skipped
[30.056s][debug  ][gc,phases,ref  ] GC(110)     WeakRef (ms):                  skipped
[30.056s][debug  ][gc,phases,ref  ] GC(110)     FinalRef (ms):                 skipped
[30.056s][debug  ][gc,phases,ref  ] GC(110)     Total (ms):                    skipped
[30.056s][debug  ][gc,phases,ref  ] GC(110)   Notify and keep alive finalizable: 0.0ms
[30.056s][debug  ][gc,phases,ref  ] GC(110)     FinalRef (ms):                 skipped
[30.056s][debug  ][gc,phases,ref  ] GC(110)   Notify PhantomReferences: 0.0ms
[30.056s][debug  ][gc,phases,ref  ] GC(110)     PhantomRef (ms):               skipped
[30.056s][debug  ][gc,phases,ref  ] GC(110)   SoftReference:
[30.056s][debug  ][gc,phases,ref  ] GC(110)     Discovered: 0
[30.056s][debug  ][gc,phases,ref  ] GC(110)     Cleared: 0
[30.056s][debug  ][gc,phases,ref  ] GC(110)   WeakReference:
[30.056s][debug  ][gc,phases,ref  ] GC(110)     Discovered: 0
[30.056s][debug  ][gc,phases,ref  ] GC(110)     Cleared: 0
[30.056s][debug  ][gc,phases,ref  ] GC(110)   FinalReference:
[30.056s][debug  ][gc,phases,ref  ] GC(110)     Discovered: 0
[30.056s][debug  ][gc,phases,ref  ] GC(110)     Cleared: 0
[30.056s][debug  ][gc,phases,ref  ] GC(110)   PhantomReference:
[30.056s][debug  ][gc,phases,ref  ] GC(110)     Discovered: 0
[30.056s][debug  ][gc,phases,ref  ] GC(110)     Cleared: 0
[30.056s][debug  ][gc,phases      ] GC(110) Reference Processing 0.754ms
[30.056s][debug  ][gc,phases,start] GC(110) Weak Processing
[30.056s][debug  ][gc,phases      ] GC(110)   VM Weak                        Min:  0.0, Avg:  0.0, Max:  0.0, Diff:  0.0, Sum:  0.0, Workers: 6
[30.056s][debug  ][gc,phases      ] GC(110)     Dead                           Min: 0, Avg:  0.0, Max: 0, Diff: 0, Sum: 0, Workers: 6
[30.056s][debug  ][gc,phases      ] GC(110)     Total                          Min: 0, Avg:  1.3, Max: 8, Diff: 8, Sum: 8, Workers: 6
[30.056s][debug  ][gc,phases      ] GC(110)   ObjectSynchronizer Weak        Min:  0.0, Avg:  0.0, Max:  0.0, Diff:  0.0, Sum:  0.0, Workers: 6
[30.056s][debug  ][gc,phases      ] GC(110)     Dead                           Min: 0, Avg:  0.0, Max: 0, Diff: 0, Sum: 0, Workers: 6
[30.056s][debug  ][gc,phases      ] GC(110)     Total                          Min: 0, Avg:  0.5, Max: 3, Diff: 3, Sum: 3, Workers: 6
[30.056s][debug  ][gc,phases      ] GC(110)   JVMTI Tag Weak OopStorage      Min:  0.0, Avg:  0.0, Max:  0.0, Diff:  0.0, Sum:  0.0, Workers: 6
[30.056s][debug  ][gc,phases      ] GC(110)     Dead                           Min: 0, Avg:  0.0, Max: 0, Diff: 0, Sum: 0, Workers: 6
[30.057s][debug  ][gc,phases      ] GC(110)     Total                          Min: 0, Avg:  0.0, Max: 0, Diff: 0, Sum: 0, Workers: 6
[30.057s][debug  ][gc,phases      ] GC(110)   StringTable Weak               Min:  0.0, Avg:  0.0, Max:  0.0, Diff:  0.0, Sum:  0.0, Workers: 6
[30.057s][debug  ][gc,phases      ] GC(110)     Dead                           Min: 0, Avg:  0.0, Max: 0, Diff: 0, Sum: 0, Workers: 6
[30.057s][debug  ][gc,phases      ] GC(110)     Total                          Min: 746, Avg: 892.2, Max: 1088, Diff: 342, Sum: 5353, Workers: 6
[30.057s][debug  ][gc,phases      ] GC(110)   ResolvedMethodTable Weak       Min:  0.0, Avg:  0.0, Max:  0.0, Diff:  0.0, Sum:  0.0, Workers: 6
[30.057s][debug  ][gc,phases      ] GC(110)     Dead                           Min: 0, Avg:  0.0, Max: 0, Diff: 0, Sum: 0, Workers: 6
[30.057s][debug  ][gc,phases      ] GC(110)     Total                          Min: 0, Avg: 21.7, Max: 64, Diff: 64, Sum: 130, Workers: 6
[30.057s][debug  ][gc,phases      ] GC(110)   JNI Weak                       Min:  0.0, Avg:  0.0, Max:  0.0, Diff:  0.0, Sum:  0.0, Workers: 6
[30.057s][debug  ][gc,phases      ] GC(110)     Dead                           Min: 0, Avg:  0.0, Max: 0, Diff: 0, Sum: 0, Workers: 6
[30.057s][debug  ][gc,phases      ] GC(110)     Total                          Min: 0, Avg:  0.0, Max: 0, Diff: 0, Sum: 0, Workers: 6
[30.057s][debug  ][gc,phases      ] GC(110)   StringDedup Table Weak         Min:  0.0, Avg:  0.0, Max:  0.0, Diff:  0.0, Sum:  0.0, Workers: 6
[30.057s][debug  ][gc,phases      ] GC(110)     Dead                           Min: 0, Avg:  0.0, Max: 0, Diff: 0, Sum: 0, Workers: 6
[30.057s][debug  ][gc,phases      ] GC(110)     Total                          Min: 0, Avg:  0.0, Max: 0, Diff: 0, Sum: 0, Workers: 6
[30.057s][debug  ][gc,phases      ] GC(110)   StringDedup Requests0 Weak     Min:  0.0, Avg:  0.0, Max:  0.0, Diff:  0.0, Sum:  0.0, Workers: 6
[30.057s][debug  ][gc,phases      ] GC(110)     Dead                           Min: 0, Avg:  0.0, Max: 0, Diff: 0, Sum: 0, Workers: 6
[30.057s][debug  ][gc,phases      ] GC(110)     Total                          Min: 0, Avg:  0.0, Max: 0, Diff: 0, Sum: 0, Workers: 6
[30.057s][debug  ][gc,phases      ] GC(110)   StringDedup Requests1 Weak     Min:  0.0, Avg:  0.0, Max:  0.0, Diff:  0.0, Sum:  0.0, Workers: 6
[30.057s][debug  ][gc,phases      ] GC(110)     Dead                           Min: 0, Avg:  0.0, Max: 0, Diff: 0, Sum: 0, Workers: 6
[30.057s][debug  ][gc,phases      ] GC(110)     Total                          Min: 0, Avg:  0.0, Max: 0, Diff: 0, Sum: 0, Workers: 6
[30.057s][debug  ][gc,phases      ] GC(110)   Weak JFR Old Object Samples    Min:  0.0, Avg:  0.0, Max:  0.0, Diff:  0.0, Sum:  0.0, Workers: 6
[30.057s][debug  ][gc,phases      ] GC(110)     Dead                           Min: 0, Avg:  0.0, Max: 0, Diff: 0, Sum: 0, Workers: 6
[30.057s][debug  ][gc,phases      ] GC(110)     Total                          Min: 0, Avg:  0.0, Max: 0, Diff: 0, Sum: 0, Workers: 6
[30.057s][debug  ][gc,phases      ] GC(110) Weak Processing 0.856ms
[30.057s][debug  ][gc,ergo        ] GC(110) AdaptiveSizeStart:  collection: 111 
[30.057s][debug  ][gc,ergo        ] GC(110) avg_survived_padded_avg: 35547796.000000
[30.057s][debug  ][gc,ergo        ] GC(110) avg_promoted_padded_avg: 250709024.000000  avg_pretenured_padded_avg: 0.000000  tenuring_thresh: 15  target_size: 35651584
[30.057s][debug  ][gc,age         ] GC(110) Desired survivor size 35651584 bytes, new threshold 15 (max threshold 15)
[30.057s][debug  ][gc,ergo        ] GC(110) PSAdaptiveSizePolicy::compute_eden_space_size limits: desired_eden_size: 213925467 old_eden_size: 196083712 eden_limit: 196083712 cur_eden: 196083712 max_eden_size: 196083712 avg_young_live: 25283676
[30.057s][debug  ][gc,ergo        ] GC(110) PSAdaptiveSizePolicy::compute_eden_space_size: costs minor_time: 0.047357 major_cost: 0.057014 mutator_cost: 0.895629 throughput_goal: 0.990000
[30.057s][debug  ][gc,ergo        ] GC(110) Live_space: 1062034432 free_space: 1415577600
[30.057s][debug  ][gc,ergo        ] GC(110) Old eden_size: 196083712 desired_eden_size: 196083712
[30.057s][debug  ][gc,ergo        ] GC(110) AdaptiveSizeStop: collection: 111 
[30.057s][info   ][gc,heap        ] GC(110) PSYoungGen: 188060K(226816K)->30720K(226816K) Eden: 188060K(191488K)->0K(191488K) From: 0K(35328K)->30720K(35328K)
[30.057s][info   ][gc,heap        ] GC(110) ParOldGen: 810596K(1835008K)->964196K(1835008K)
[30.057s][info   ][gc,metaspace   ] GC(110) Metaspace: 1024K(1216K)->1024K(1216K) NonClass: 940K(1024K)->940K(1024K) Class: 83K(192K)->83K(192K)
[30.057s][info   ][gc             ] GC(110) Pause Young (Allocation Failure) 975M->971M(2013M) 14.777ms
[30.057s][info   ][gc,cpu         ] GC(110) User=0.14s Sys=0.00s Real=0.01s
[30.058s][debug  ][gc,heap        ] GC(110) Heap after GC invocations=111 (full 18):
[30.058s][debug  ][gc,heap        ] GC(110)  PSYoungGen      total 226816K, used 30720K [0x00000000f0000000, 0x0000000100000000, 0x0000000100000000)
[30.058s][debug  ][gc,heap        ] GC(110)   eden space 191488K, 0% used [0x00000000f0000000,0x00000000f0000000,0x00000000fbb00000)
[30.058s][debug  ][gc,heap        ] GC(110)   from space 35328K, 86% used [0x00000000fbb00000,0x00000000fd900030,0x00000000fdd80000)
[30.058s][debug  ][gc,heap        ] GC(110)   to   space 34816K, 0% used [0x00000000fde00000,0x00000000fde00000,0x0000000100000000)
[30.058s][debug  ][gc,heap        ] GC(110)  ParOldGen       total 1835008K, used 964196K [0x0000000080000000, 0x00000000f0000000, 0x00000000f0000000)
[30.058s][debug  ][gc,heap        ] GC(110)   object space 1835008K, 52% used [0x0000000080000000,0x00000000bad99160,0x00000000f0000000)
[30.058s][debug  ][gc,heap        ] GC(110)  Metaspace       used 1024K, committed 1216K, reserved 1056768K
[30.058s][debug  ][gc,heap        ] GC(110)   class space    used 83K, committed 192K, reserved 1048576K
[30.058s][debug  ][gc,task,time   ] GC(110) VM-Thread 300421973 300554657 300577158
[30.344s][debug  ][gc,heap        ] GC(111) Heap before GC invocations=112 (full 18):
[30.344s][debug  ][gc,heap        ] GC(111)  PSYoungGen      total 226816K, used 218712K [0x00000000f0000000, 0x0000000100000000, 0x0000000100000000)
[30.345s][debug  ][gc,heap        ] GC(111)   eden space 191488K, 98% used [0x00000000f0000000,0x00000000fb796088,0x00000000fbb00000)
[30.345s][debug  ][gc,heap        ] GC(111)   from space 35328K, 86% used [0x00000000fbb00000,0x00000000fd900030,0x00000000fdd80000)
[30.345s][debug  ][gc,heap        ] GC(111)   to   space 34816K, 0% used [0x00000000fde00000,0x00000000fde00000,0x0000000100000000)
[30.345s][debug  ][gc,heap        ] GC(111)  ParOldGen       total 1835008K, used 964196K [0x0000000080000000, 0x00000000f0000000, 0x00000000f0000000)
[30.345s][debug  ][gc,heap        ] GC(111)   object space 1835008K, 52% used [0x0000000080000000,0x00000000bad99160,0x00000000f0000000)
[30.345s][debug  ][gc,heap        ] GC(111)  Metaspace       used 1024K, committed 1216K, reserved 1056768K
[30.345s][debug  ][gc,heap        ] GC(111)   class space    used 83K, committed 192K, reserved 1048576K
[30.345s][debug  ][gc,tlab        ] GC(111) TLAB totals: thrds: 1  refills: 1 max: 1 slow allocs: 17 max 17 waste: 26.4% gc: 3758912B max: 3758912B slow: 0B max: 0B
[30.345s][info   ][gc,start       ] GC(111) Pause Young (Allocation Failure)
[30.345s][debug  ][gc,phases,start] GC(111) Scavenge
[30.356s][debug  ][gc,phases      ] GC(111) Scavenge 10.945ms
[30.356s][debug  ][gc,phases,start] GC(111) Reference Processing
[30.356s][debug  ][gc,ref         ] GC(111) Skipped phase 1 of Reference Processing: no references
[30.356s][debug  ][gc,ref         ] GC(111) Skipped phase 2 of Reference Processing: no references
[30.356s][debug  ][gc,ref         ] GC(111) Skipped phase 3 of Reference Processing: no references
[30.356s][debug  ][gc,ref         ] GC(111) Skipped phase 4 of Reference Processing: no references
[30.356s][debug  ][gc,phases,ref  ] GC(111) Reference Processing: 0.1ms
[30.356s][debug  ][gc,phases,ref  ] GC(111)   Reconsider SoftReferences: 0.0ms
[30.356s][debug  ][gc,phases,ref  ] GC(111)     SoftRef (ms):                  skipped
[30.356s][debug  ][gc,phases,ref  ] GC(111)   Notify Soft/WeakReferences: 0.0ms
[30.356s][debug  ][gc,phases,ref  ] GC(111)     SoftRef (ms):                  skipped
[30.356s][debug  ][gc,phases,ref  ] GC(111)     WeakRef (ms):                  skipped
[30.356s][debug  ][gc,phases,ref  ] GC(111)     FinalRef (ms):                 skipped
[30.356s][debug  ][gc,phases,ref  ] GC(111)     Total (ms):                    skipped
[30.356s][debug  ][gc,phases,ref  ] GC(111)   Notify and keep alive finalizable: 0.0ms
[30.356s][debug  ][gc,phases,ref  ] GC(111)     FinalRef (ms):                 skipped
[30.356s][debug  ][gc,phases,ref  ] GC(111)   Notify PhantomReferences: 0.0ms
[30.356s][debug  ][gc,phases,ref  ] GC(111)     PhantomRef (ms):               skipped
[30.356s][debug  ][gc,phases,ref  ] GC(111)   SoftReference:
[30.356s][debug  ][gc,phases,ref  ] GC(111)     Discovered: 0
[30.357s][debug  ][gc,phases,ref  ] GC(111)     Cleared: 0
[30.357s][debug  ][gc,phases,ref  ] GC(111)   WeakReference:
[30.357s][debug  ][gc,phases,ref  ] GC(111)     Discovered: 0
[30.357s][debug  ][gc,phases,ref  ] GC(111)     Cleared: 0
[30.357s][debug  ][gc,phases,ref  ] GC(111)   FinalReference:
[30.357s][debug  ][gc,phases,ref  ] GC(111)     Discovered: 0
[30.357s][debug  ][gc,phases,ref  ] GC(111)     Cleared: 0
[30.357s][debug  ][gc,phases,ref  ] GC(111)   PhantomReference:
[30.357s][debug  ][gc,phases,ref  ] GC(111)     Discovered: 0
[30.357s][debug  ][gc,phases,ref  ] GC(111)     Cleared: 0
[30.357s][debug  ][gc,phases      ] GC(111) Reference Processing 0.836ms
[30.357s][debug  ][gc,phases,start] GC(111) Weak Processing
[30.357s][debug  ][gc,phases      ] GC(111)   VM Weak                        Min:  0.0, Avg:  0.0, Max:  0.0, Diff:  0.0, Sum:  0.0, Workers: 6
[30.357s][debug  ][gc,phases      ] GC(111)     Dead                           Min: 0, Avg:  0.0, Max: 0, Diff: 0, Sum: 0, Workers: 6
[30.357s][debug  ][gc,phases      ] GC(111)     Total                          Min: 0, Avg:  1.3, Max: 8, Diff: 8, Sum: 8, Workers: 6
[30.357s][debug  ][gc,phases      ] GC(111)   ObjectSynchronizer Weak        Min:  0.0, Avg:  0.0, Max:  0.0, Diff:  0.0, Sum:  0.0, Workers: 6
[30.357s][debug  ][gc,phases      ] GC(111)     Dead                           Min: 0, Avg:  0.0, Max: 0, Diff: 0, Sum: 0, Workers: 6
[30.357s][debug  ][gc,phases      ] GC(111)     Total                          Min: 0, Avg:  0.5, Max: 3, Diff: 3, Sum: 3, Workers: 6
[30.357s][debug  ][gc,phases      ] GC(111)   JVMTI Tag Weak OopStorage      Min:  0.0, Avg:  0.0, Max:  0.0, Diff:  0.0, Sum:  0.0, Workers: 6
[30.357s][debug  ][gc,phases      ] GC(111)     Dead                           Min: 0, Avg:  0.0, Max: 0, Diff: 0, Sum: 0, Workers: 6
[30.357s][debug  ][gc,phases      ] GC(111)     Total                          Min: 0, Avg:  0.0, Max: 0, Diff: 0, Sum: 0, Workers: 6
[30.357s][debug  ][gc,phases      ] GC(111)   StringTable Weak               Min:  0.0, Avg:  0.0, Max:  0.0, Diff:  0.0, Sum:  0.0, Workers: 6
[30.357s][debug  ][gc,phases      ] GC(111)     Dead                           Min: 0, Avg:  0.0, Max: 0, Diff: 0, Sum: 0, Workers: 6
[30.357s][debug  ][gc,phases      ] GC(111)     Total                          Min: 640, Avg: 892.2, Max: 1152, Diff: 512, Sum: 5353, Workers: 6
[30.357s][debug  ][gc,phases      ] GC(111)   ResolvedMethodTable Weak       Min:  0.0, Avg:  0.0, Max:  0.0, Diff:  0.0, Sum:  0.0, Workers: 6
[30.357s][debug  ][gc,phases      ] GC(111)     Dead                           Min: 0, Avg:  0.0, Max: 0, Diff: 0, Sum: 0, Workers: 6
[30.357s][debug  ][gc,phases      ] GC(111)     Total                          Min: 0, Avg: 21.7, Max: 64, Diff: 64, Sum: 130, Workers: 6
[30.357s][debug  ][gc,phases      ] GC(111)   JNI Weak                       Min:  0.0, Avg:  0.0, Max:  0.0, Diff:  0.0, Sum:  0.0, Workers: 6
[30.357s][debug  ][gc,phases      ] GC(111)     Dead                           Min: 0, Avg:  0.0, Max: 0, Diff: 0, Sum: 0, Workers: 6
[30.357s][debug  ][gc,phases      ] GC(111)     Total                          Min: 0, Avg:  0.0, Max: 0, Diff: 0, Sum: 0, Workers: 6
[30.357s][debug  ][gc,phases      ] GC(111)   StringDedup Table Weak         Min:  0.0, Avg:  0.0, Max:  0.0, Diff:  0.0, Sum:  0.0, Workers: 6
[30.357s][debug  ][gc,phases      ] GC(111)     Dead                           Min: 0, Avg:  0.0, Max: 0, Diff: 0, Sum: 0, Workers: 6
[30.357s][debug  ][gc,phases      ] GC(111)     Total                          Min: 0, Avg:  0.0, Max: 0, Diff: 0, Sum: 0, Workers: 6
[30.357s][debug  ][gc,phases      ] GC(111)   StringDedup Requests0 Weak     Min:  0.0, Avg:  0.0, Max:  0.0, Diff:  0.0, Sum:  0.0, Workers: 6
[30.357s][debug  ][gc,phases      ] GC(111)     Dead                           Min: 0, Avg:  0.0, Max: 0, Diff: 0, Sum: 0, Workers: 6
[30.357s][debug  ][gc,phases      ] GC(111)     Total                          Min: 0, Avg:  0.0, Max: 0, Diff: 0, Sum: 0, Workers: 6
[30.358s][debug  ][gc,phases      ] GC(111)   StringDedup Requests1 Weak     Min:  0.0, Avg:  0.0, Max:  0.0, Diff:  0.0, Sum:  0.0, Workers: 6
[30.358s][debug  ][gc,phases      ] GC(111)     Dead                           Min: 0, Avg:  0.0, Max: 0, Diff: 0, Sum: 0, Workers: 6
[30.358s][debug  ][gc,phases      ] GC(111)     Total                          Min: 0, Avg:  0.0, Max: 0, Diff: 0, Sum: 0, Workers: 6
[30.358s][debug  ][gc,phases      ] GC(111)   Weak JFR Old Object Samples    Min:  0.0, Avg:  0.0, Max:  0.0, Diff:  0.0, Sum:  0.0, Workers: 6
[30.358s][debug  ][gc,phases      ] GC(111)     Dead                           Min: 0, Avg:  0.0, Max: 0, Diff: 0, Sum: 0, Workers: 6
[30.358s][debug  ][gc,phases      ] GC(111)     Total                          Min: 0, Avg:  0.0, Max: 0, Diff: 0, Sum: 0, Workers: 6
[30.358s][debug  ][gc,phases      ] GC(111) Weak Processing 0.888ms
[30.358s][debug  ][gc,ergo        ] GC(111) AdaptiveSizeStart:  collection: 112 
[30.358s][debug  ][gc,ergo        ] GC(111) avg_survived_padded_avg: 35295172.000000
[30.358s][debug  ][gc,ergo        ] GC(111) avg_promoted_padded_avg: 247901568.000000  avg_pretenured_padded_avg: 0.000000  tenuring_thresh: 15  target_size: 35651584
[30.358s][debug  ][gc,age         ] GC(111) Desired survivor size 35651584 bytes, new threshold 15 (max threshold 15)
[30.358s][debug  ][gc,ergo        ] GC(111) PSAdaptiveSizePolicy::compute_eden_space_size limits: desired_eden_size: 213678487 old_eden_size: 196083712 eden_limit: 196608000 cur_eden: 196083712 max_eden_size: 196608000 avg_young_live: 25901040
[30.358s][debug  ][gc,ergo        ] GC(111) PSAdaptiveSizePolicy::compute_eden_space_size: costs minor_time: 0.046171 major_cost: 0.057014 mutator_cost: 0.896816 throughput_goal: 0.990000
[30.358s][debug  ][gc,ergo        ] GC(111) Live_space: 1062651840 free_space: 1415577600
[30.358s][debug  ][gc,ergo        ] GC(111) Old eden_size: 196083712 desired_eden_size: 196608000
[30.358s][debug  ][gc,ergo        ] GC(111) AdaptiveSizeStop: collection: 112 
[30.358s][info   ][gc,heap        ] GC(111) PSYoungGen: 218712K(226816K)->30720K(227328K) Eden: 187992K(191488K)->0K(192512K) From: 30720K(35328K)->30720K(34816K)
[30.358s][info   ][gc,heap        ] GC(111) ParOldGen: 964196K(1835008K)->1087076K(1835008K)
[30.358s][info   ][gc,metaspace   ] GC(111) Metaspace: 1024K(1216K)->1024K(1216K) NonClass: 940K(1024K)->940K(1024K) Class: 83K(192K)->83K(192K)
[30.358s][info   ][gc             ] GC(111) Pause Young (Allocation Failure) 1155M->1091M(2014M) 13.201ms
[30.358s][info   ][gc,cpu         ] GC(111) User=0.14s Sys=0.00s Real=0.01s
[30.358s][debug  ][gc,heap        ] GC(111) Heap after GC invocations=112 (full 18):
[30.358s][debug  ][gc,heap        ] GC(111)  PSYoungGen      total 227328K, used 30720K [0x00000000f0000000, 0x0000000100000000, 0x0000000100000000)
[30.358s][debug  ][gc,heap        ] GC(111)   eden space 192512K, 0% used [0x00000000f0000000,0x00000000f0000000,0x00000000fbc00000)
[30.358s][debug  ][gc,heap        ] GC(111)   from space 34816K, 88% used [0x00000000fde00000,0x00000000ffc00030,0x0000000100000000)
[30.358s][debug  ][gc,heap        ] GC(111)   to   space 34816K, 0% used [0x00000000fbc00000,0x00000000fbc00000,0x00000000fde00000)
[30.358s][debug  ][gc,heap        ] GC(111)  ParOldGen       total 1835008K, used 1087076K [0x0000000080000000, 0x00000000f0000000, 0x00000000f0000000)
[30.358s][debug  ][gc,heap        ] GC(111)   object space 1835008K, 59% used [0x0000000080000000,0x00000000c2599220,0x00000000f0000000)
[30.358s][debug  ][gc,heap        ] GC(111)  Metaspace       used 1024K, committed 1216K, reserved 1056768K
[30.358s][debug  ][gc,heap        ] GC(111)   class space    used 83K, committed 192K, reserved 1048576K
[30.358s][debug  ][gc,task,time   ] GC(111) VM-Thread 303443822 303559272 303583648
[30.645s][debug  ][gc,heap        ] GC(112) Heap before GC invocations=113 (full 18):
[30.645s][debug  ][gc,heap        ] GC(112)  PSYoungGen      total 227328K, used 218761K [0x00000000f0000000, 0x0000000100000000, 0x0000000100000000)
[30.645s][debug  ][gc,heap        ] GC(112)   eden space 192512K, 97% used [0x00000000f0000000,0x00000000fb7a2408,0x00000000fbc00000)
[30.645s][debug  ][gc,heap        ] GC(112)   from space 34816K, 88% used [0x00000000fde00000,0x00000000ffc00030,0x0000000100000000)
[30.645s][debug  ][gc,heap        ] GC(112)   to   space 34816K, 0% used [0x00000000fbc00000,0x00000000fbc00000,0x00000000fde00000)
[30.645s][debug  ][gc,heap        ] GC(112)  ParOldGen       total 1835008K, used 1087076K [0x0000000080000000, 0x00000000f0000000, 0x00000000f0000000)
[30.645s][debug  ][gc,heap        ] GC(112)   object space 1835008K, 59% used [0x0000000080000000,0x00000000c2599220,0x00000000f0000000)
[30.645s][debug  ][gc,heap        ] GC(112)  Metaspace       used 1024K, committed 1216K, reserved 1056768K
[30.645s][debug  ][gc,heap        ] GC(112)   class space    used 83K, committed 192K, reserved 1048576K
[30.645s][debug  ][gc,tlab        ] GC(112) TLAB totals: thrds: 1  refills: 1 max: 1 slow allocs: 17 max 17 waste: 26.7% gc: 3810024B max: 3810024B slow: 0B max: 0B
[30.645s][info   ][gc,start       ] GC(112) Pause Young (Allocation Failure)
[30.645s][debug  ][gc,phases,start] GC(112) Scavenge
[30.660s][debug  ][gc,phases      ] GC(112) Scavenge 14.972ms
[30.660s][debug  ][gc,phases,start] GC(112) Reference Processing
[30.660s][debug  ][gc,ref         ] GC(112) Skipped phase 1 of Reference Processing: no references
[30.660s][debug  ][gc,ref         ] GC(112) Skipped phase 2 of Reference Processing: no references
[30.660s][debug  ][gc,ref         ] GC(112) Skipped phase 3 of Reference Processing: no references
[30.660s][debug  ][gc,ref         ] GC(112) Skipped phase 4 of Reference Processing: no references
[30.660s][debug  ][gc,phases,ref  ] GC(112) Reference Processing: 0.1ms
[30.660s][debug  ][gc,phases,ref  ] GC(112)   Reconsider SoftReferences: 0.0ms
[30.660s][debug  ][gc,phases,ref  ] GC(112)     SoftRef (ms):                  skipped
[30.661s][debug  ][gc,phases,ref  ] GC(112)   Notify Soft/WeakReferences: 0.0ms
[30.661s][debug  ][gc,phases,ref  ] GC(112)     SoftRef (ms):                  skipped
[30.661s][debug  ][gc,phases,ref  ] GC(112)     WeakRef (ms):                  skipped
[30.661s][debug  ][gc,phases,ref  ] GC(112)     FinalRef (ms):                 skipped
[30.661s][debug  ][gc,phases,ref  ] GC(112)     Total (ms):                    skipped
[30.661s][debug  ][gc,phases,ref  ] GC(112)   Notify and keep alive finalizable: 0.0ms
[30.661s][debug  ][gc,phases,ref  ] GC(112)     FinalRef (ms):                 skipped
[30.661s][debug  ][gc,phases,ref  ] GC(112)   Notify PhantomReferences: 0.0ms
[30.661s][debug  ][gc,phases,ref  ] GC(112)     PhantomRef (ms):               skipped
[30.661s][debug  ][gc,phases,ref  ] GC(112)   SoftReference:
[30.661s][debug  ][gc,phases,ref  ] GC(112)     Discovered: 0
[30.661s][debug  ][gc,phases,ref  ] GC(112)     Cleared: 0
[30.661s][debug  ][gc,phases,ref  ] GC(112)   WeakReference:
[30.661s][debug  ][gc,phases,ref  ] GC(112)     Discovered: 0
[30.661s][debug  ][gc,phases,ref  ] GC(112)     Cleared: 0
[30.661s][debug  ][gc,phases,ref  ] GC(112)   FinalReference:
[30.661s][debug  ][gc,phases,ref  ] GC(112)     Discovered: 0
[30.661s][debug  ][gc,phases,ref  ] GC(112)     Cleared: 0
[30.661s][debug  ][gc,phases,ref  ] GC(112)   PhantomReference:
[30.661s][debug  ][gc,phases,ref  ] GC(112)     Discovered: 0
[30.661s][debug  ][gc,phases,ref  ] GC(112)     Cleared: 0
[30.661s][debug  ][gc,phases      ] GC(112) Reference Processing 0.793ms
[30.661s][debug  ][gc,phases,start] GC(112) Weak Processing
[30.661s][debug  ][gc,phases      ] GC(112)   VM Weak                        Min:  0.0, Avg:  0.0, Max:  0.0, Diff:  0.0, Sum:  0.0, Workers: 6
[30.661s][debug  ][gc,phases      ] GC(112)     Dead                           Min: 0, Avg:  0.0, Max: 0, Diff: 0, Sum: 0, Workers: 6
[30.661s][debug  ][gc,phases      ] GC(112)     Total                          Min: 0, Avg:  1.3, Max: 8, Diff: 8, Sum: 8, Workers: 6
[30.661s][debug  ][gc,phases      ] GC(112)   ObjectSynchronizer Weak        Min:  0.0, Avg:  0.0, Max:  0.0, Diff:  0.0, Sum:  0.0, Workers: 6
[30.661s][debug  ][gc,phases      ] GC(112)     Dead                           Min: 0, Avg:  0.0, Max: 0, Diff: 0, Sum: 0, Workers: 6
[30.661s][debug  ][gc,phases      ] GC(112)     Total                          Min: 0, Avg:  0.5, Max: 3, Diff: 3, Sum: 3, Workers: 6
[30.661s][debug  ][gc,phases      ] GC(112)   JVMTI Tag Weak OopStorage      Min:  0.0, Avg:  0.0, Max:  0.0, Diff:  0.0, Sum:  0.0, Workers: 6
[30.661s][debug  ][gc,phases      ] GC(112)     Dead                           Min: 0, Avg:  0.0, Max: 0, Diff: 0, Sum: 0, Workers: 6
[30.661s][debug  ][gc,phases      ] GC(112)     Total                          Min: 0, Avg:  0.0, Max: 0, Diff: 0, Sum: 0, Workers: 6
[30.661s][debug  ][gc,phases      ] GC(112)   StringTable Weak               Min:  0.0, Avg:  0.0, Max:  0.0, Diff:  0.0, Sum:  0.0, Workers: 6
[30.661s][debug  ][gc,phases      ] GC(112)     Dead                           Min: 0, Avg:  0.0, Max: 0, Diff: 0, Sum: 0, Workers: 6
[30.661s][debug  ][gc,phases      ] GC(112)     Total                          Min: 703, Avg: 892.2, Max: 1024, Diff: 321, Sum: 5353, Workers: 6
[30.661s][debug  ][gc,phases      ] GC(112)   ResolvedMethodTable Weak       Min:  0.0, Avg:  0.0, Max:  0.0, Diff:  0.0, Sum:  0.0, Workers: 6
[30.661s][debug  ][gc,phases      ] GC(112)     Dead                           Min: 0, Avg:  0.0, Max: 0, Diff: 0, Sum: 0, Workers: 6
[30.662s][debug  ][gc,phases      ] GC(112)     Total                          Min: 0, Avg: 21.7, Max: 64, Diff: 64, Sum: 130, Workers: 6
[30.662s][debug  ][gc,phases      ] GC(112)   JNI Weak                       Min:  0.0, Avg:  0.0, Max:  0.0, Diff:  0.0, Sum:  0.0, Workers: 6
[30.662s][debug  ][gc,phases      ] GC(112)     Dead                           Min: 0, Avg:  0.0, Max: 0, Diff: 0, Sum: 0, Workers: 6
[30.662s][debug  ][gc,phases      ] GC(112)     Total                          Min: 0, Avg:  0.0, Max: 0, Diff: 0, Sum: 0, Workers: 6
[30.662s][debug  ][gc,phases      ] GC(112)   StringDedup Table Weak         Min:  0.0, Avg:  0.0, Max:  0.0, Diff:  0.0, Sum:  0.0, Workers: 6
[30.662s][debug  ][gc,phases      ] GC(112)     Dead                           Min: 0, Avg:  0.0, Max: 0, Diff: 0, Sum: 0, Workers: 6
[30.662s][debug  ][gc,phases      ] GC(112)     Total                          Min: 0, Avg:  0.0, Max: 0, Diff: 0, Sum: 0, Workers: 6
[30.662s][debug  ][gc,phases      ] GC(112)   StringDedup Requests0 Weak     Min:  0.0, Avg:  0.0, Max:  0.0, Diff:  0.0, Sum:  0.0, Workers: 6
[30.662s][debug  ][gc,phases      ] GC(112)     Dead                           Min: 0, Avg:  0.0, Max: 0, Diff: 0, Sum: 0, Workers: 6
[30.662s][debug  ][gc,phases      ] GC(112)     Total                          Min: 0, Avg:  0.0, Max: 0, Diff: 0, Sum: 0, Workers: 6
[30.662s][debug  ][gc,phases      ] GC(112)   StringDedup Requests1 Weak     Min:  0.0, Avg:  0.0, Max:  0.0, Diff:  0.0, Sum:  0.0, Workers: 6
[30.662s][debug  ][gc,phases      ] GC(112)     Dead                           Min: 0, Avg:  0.0, Max: 0, Diff: 0, Sum: 0, Workers: 6
[30.662s][debug  ][gc,phases      ] GC(112)     Total                          Min: 0, Avg:  0.0, Max: 0, Diff: 0, Sum: 0, Workers: 6
[30.662s][debug  ][gc,phases      ] GC(112)   Weak JFR Old Object Samples    Min:  0.0, Avg:  0.0, Max:  0.0, Diff:  0.0, Sum:  0.0, Workers: 6
[30.662s][debug  ][gc,phases      ] GC(112)     Dead                           Min: 0, Avg:  0.0, Max: 0, Diff: 0, Sum: 0, Workers: 6
[30.662s][debug  ][gc,phases      ] GC(112)     Total                          Min: 0, Avg:  0.0, Max: 0, Diff: 0, Sum: 0, Workers: 6
[30.662s][debug  ][gc,phases      ] GC(112) Weak Processing 0.805ms
[30.662s][debug  ][gc,ergo        ] GC(112) AdaptiveSizeStart:  collection: 113 
[30.662s][debug  ][gc,ergo        ] GC(112) avg_survived_padded_avg: 35052168.000000
[30.662s][debug  ][gc,ergo        ] GC(112) avg_promoted_padded_avg: 250260304.000000  avg_pretenured_padded_avg: 0.000000  tenuring_thresh: 15  target_size: 35127296
[30.662s][debug  ][gc,age         ] GC(112) Desired survivor size 35127296 bytes, new threshold 15 (max threshold 15)
[30.662s][debug  ][gc,ergo        ] GC(112) PSAdaptiveSizePolicy::compute_eden_space_size limits: desired_eden_size: 215418220 old_eden_size: 196608000 eden_limit: 197132288 cur_eden: 197132288 max_eden_size: 197132288 avg_young_live: 26456668
[30.662s][debug  ][gc,ergo        ] GC(112) PSAdaptiveSizePolicy::compute_eden_space_size: costs minor_time: 0.048356 major_cost: 0.057014 mutator_cost: 0.894631 throughput_goal: 0.990000
[30.662s][debug  ][gc,ergo        ] GC(112) Live_space: 1063207424 free_space: 1416101888
[30.662s][debug  ][gc,ergo        ] GC(112) Old eden_size: 196608000 desired_eden_size: 197132288
[30.662s][debug  ][gc,ergo        ] GC(112) AdaptiveSizeStop: collection: 113 
[30.662s][info   ][gc,heap        ] GC(112) PSYoungGen: 218761K(227328K)->30720K(227328K) Eden: 188041K(192512K)->0K(192512K) From: 30720K(34816K)->30720K(34816K)
[30.662s][info   ][gc,heap        ] GC(112) ParOldGen: 1087076K(1835008K)->1271396K(1835008K)
[30.662s][info   ][gc,metaspace   ] GC(112) Metaspace: 1024K(1216K)->1024K(1216K) NonClass: 940K(1024K)->940K(1024K) Class: 83K(192K)->83K(192K)
[30.662s][info   ][gc             ] GC(112) Pause Young (Allocation Failure) 1275M->1271M(2014M) 17.065ms
[30.662s][info   ][gc,cpu         ] GC(112) User=0.16s Sys=0.02s Real=0.02s
[30.662s][debug  ][gc,heap        ] GC(112) Heap after GC invocations=113 (full 18):
[30.662s][debug  ][gc,heap        ] GC(112)  PSYoungGen      total 227328K, used 30720K [0x00000000f0000000, 0x0000000100000000, 0x0000000100000000)
[30.662s][debug  ][gc,heap        ] GC(112)   eden space 192512K, 0% used [0x00000000f0000000,0x00000000f0000000,0x00000000fbc00000)
[30.662s][debug  ][gc,heap        ] GC(112)   from space 34816K, 88% used [0x00000000fbc00000,0x00000000fda00030,0x00000000fde00000)
[30.662s][debug  ][gc,heap        ] GC(112)   to   space 34304K, 0% used [0x00000000fde80000,0x00000000fde80000,0x0000000100000000)
[30.662s][debug  ][gc,heap        ] GC(112)  ParOldGen       total 1835008K, used 1271396K [0x0000000080000000, 0x00000000f0000000, 0x00000000f0000000)
[30.662s][debug  ][gc,heap        ] GC(112)   object space 1835008K, 69% used [0x0000000080000000,0x00000000cd999340,0x00000000f0000000)
[30.662s][debug  ][gc,heap        ] GC(112)  Metaspace       used 1024K, committed 1216K, reserved 1056768K
[30.662s][debug  ][gc,heap        ] GC(112)   class space    used 83K, committed 192K, reserved 1048576K
[30.662s][debug  ][gc,task,time   ] GC(112) VM-Thread 306446837 306602620 306624883
[30.947s][debug  ][gc,heap        ] GC(113) Heap before GC invocations=114 (full 18):
[30.947s][debug  ][gc,heap        ] GC(113)  PSYoungGen      total 227328K, used 218779K [0x00000000f0000000, 0x0000000100000000, 0x0000000100000000)
[30.947s][debug  ][gc,heap        ] GC(113)   eden space 192512K, 97% used [0x00000000f0000000,0x00000000fb7a6eb8,0x00000000fbc00000)
[30.947s][debug  ][gc,heap        ] GC(113)   from space 34816K, 88% used [0x00000000fbc00000,0x00000000fda00030,0x00000000fde00000)
[30.947s][debug  ][gc,heap        ] GC(113)   to   space 34304K, 0% used [0x00000000fde80000,0x00000000fde80000,0x0000000100000000)
[30.947s][debug  ][gc,heap        ] GC(113)  ParOldGen       total 1835008K, used 1271396K [0x0000000080000000, 0x00000000f0000000, 0x00000000f0000000)
[30.947s][debug  ][gc,heap        ] GC(113)   object space 1835008K, 69% used [0x0000000080000000,0x00000000cd999340,0x00000000f0000000)
[30.947s][debug  ][gc,heap        ] GC(113)  Metaspace       used 1024K, committed 1216K, reserved 1056768K
[30.947s][debug  ][gc,heap        ] GC(113)   class space    used 83K, committed 192K, reserved 1048576K
[30.947s][debug  ][gc,tlab        ] GC(113) TLAB totals: thrds: 1  refills: 1 max: 1 slow allocs: 17 max 17 waste: 26.7% gc: 3829144B max: 3829144B slow: 0B max: 0B
[30.947s][info   ][gc,start       ] GC(113) Pause Young (Allocation Failure)
[30.947s][debug  ][gc,phases,start] GC(113) Scavenge
[30.962s][debug  ][gc,phases      ] GC(113) Scavenge 15.311ms
[30.963s][debug  ][gc,phases,start] GC(113) Reference Processing
[30.963s][debug  ][gc,ref         ] GC(113) Skipped phase 1 of Reference Processing: no references
[30.963s][debug  ][gc,ref         ] GC(113) Skipped phase 2 of Reference Processing: no references
[30.963s][debug  ][gc,ref         ] GC(113) Skipped phase 3 of Reference Processing: no references
[30.963s][debug  ][gc,ref         ] GC(113) Skipped phase 4 of Reference Processing: no references
[30.963s][debug  ][gc,phases,ref  ] GC(113) Reference Processing: 0.1ms
[30.963s][debug  ][gc,phases,ref  ] GC(113)   Reconsider SoftReferences: 0.0ms
[30.963s][debug  ][gc,phases,ref  ] GC(113)     SoftRef (ms):                  skipped
[30.963s][debug  ][gc,phases,ref  ] GC(113)   Notify Soft/WeakReferences: 0.0ms
[30.963s][debug  ][gc,phases,ref  ] GC(113)     SoftRef (ms):                  skipped
[30.963s][debug  ][gc,phases,ref  ] GC(113)     WeakRef (ms):                  skipped
[30.963s][debug  ][gc,phases,ref  ] GC(113)     FinalRef (ms):                 skipped
[30.963s][debug  ][gc,phases,ref  ] GC(113)     Total (ms):                    skipped
[30.963s][debug  ][gc,phases,ref  ] GC(113)   Notify and keep alive finalizable: 0.0ms
[30.963s][debug  ][gc,phases,ref  ] GC(113)     FinalRef (ms):                 skipped
[30.963s][debug  ][gc,phases,ref  ] GC(113)   Notify PhantomReferences: 0.0ms
[30.963s][debug  ][gc,phases,ref  ] GC(113)     PhantomRef (ms):               skipped
[30.963s][debug  ][gc,phases,ref  ] GC(113)   SoftReference:
[30.963s][debug  ][gc,phases,ref  ] GC(113)     Discovered: 0
[30.963s][debug  ][gc,phases,ref  ] GC(113)     Cleared: 0
[30.963s][debug  ][gc,phases,ref  ] GC(113)   WeakReference:
[30.963s][debug  ][gc,phases,ref  ] GC(113)     Discovered: 0
[30.963s][debug  ][gc,phases,ref  ] GC(113)     Cleared: 0
[30.963s][debug  ][gc,phases,ref  ] GC(113)   FinalReference:
[30.963s][debug  ][gc,phases,ref  ] GC(113)     Discovered: 0
[30.963s][debug  ][gc,phases,ref  ] GC(113)     Cleared: 0
[30.963s][debug  ][gc,phases,ref  ] GC(113)   PhantomReference:
[30.963s][debug  ][gc,phases,ref  ] GC(113)     Discovered: 0
[30.963s][debug  ][gc,phases,ref  ] GC(113)     Cleared: 0
[30.963s][debug  ][gc,phases      ] GC(113) Reference Processing 0.726ms
[30.963s][debug  ][gc,phases,start] GC(113) Weak Processing
[30.963s][debug  ][gc,phases      ] GC(113)   VM Weak                        Min:  0.0, Avg:  0.0, Max:  0.0, Diff:  0.0, Sum:  0.0, Workers: 6
[30.963s][debug  ][gc,phases      ] GC(113)     Dead                           Min: 0, Avg:  0.0, Max: 0, Diff: 0, Sum: 0, Workers: 6
[30.963s][debug  ][gc,phases      ] GC(113)     Total                          Min: 0, Avg:  1.3, Max: 8, Diff: 8, Sum: 8, Workers: 6
[30.963s][debug  ][gc,phases      ] GC(113)   ObjectSynchronizer Weak        Min:  0.0, Avg:  0.0, Max:  0.0, Diff:  0.0, Sum:  0.0, Workers: 6
[30.963s][debug  ][gc,phases      ] GC(113)     Dead                           Min: 0, Avg:  0.0, Max: 0, Diff: 0, Sum: 0, Workers: 6
[30.963s][debug  ][gc,phases      ] GC(113)     Total                          Min: 0, Avg:  0.5, Max: 3, Diff: 3, Sum: 3, Workers: 6
[30.963s][debug  ][gc,phases      ] GC(113)   JVMTI Tag Weak OopStorage      Min:  0.0, Avg:  0.0, Max:  0.0, Diff:  0.0, Sum:  0.0, Workers: 6
[30.964s][debug  ][gc,phases      ] GC(113)     Dead                           Min: 0, Avg:  0.0, Max: 0, Diff: 0, Sum: 0, Workers: 6
[30.964s][debug  ][gc,phases      ] GC(113)     Total                          Min: 0, Avg:  0.0, Max: 0, Diff: 0, Sum: 0, Workers: 6
[30.964s][debug  ][gc,phases      ] GC(113)   StringTable Weak               Min:  0.0, Avg:  0.0, Max:  0.0, Diff:  0.0, Sum:  0.0, Workers: 6
[30.964s][debug  ][gc,phases      ] GC(113)     Dead                           Min: 0, Avg:  0.0, Max: 0, Diff: 0, Sum: 0, Workers: 6
[30.964s][debug  ][gc,phases      ] GC(113)     Total                          Min: 704, Avg: 892.2, Max: 1024, Diff: 320, Sum: 5353, Workers: 6
[30.964s][debug  ][gc,phases      ] GC(113)   ResolvedMethodTable Weak       Min:  0.0, Avg:  0.0, Max:  0.0, Diff:  0.0, Sum:  0.0, Workers: 6
[30.964s][debug  ][gc,phases      ] GC(113)     Dead                           Min: 0, Avg:  0.0, Max: 0, Diff: 0, Sum: 0, Workers: 6
[30.964s][debug  ][gc,phases      ] GC(113)     Total                          Min: 0, Avg: 21.7, Max: 64, Diff: 64, Sum: 130, Workers: 6
[30.964s][debug  ][gc,phases      ] GC(113)   JNI Weak                       Min:  0.0, Avg:  0.0, Max:  0.0, Diff:  0.0, Sum:  0.0, Workers: 6
[30.964s][debug  ][gc,phases      ] GC(113)     Dead                           Min: 0, Avg:  0.0, Max: 0, Diff: 0, Sum: 0, Workers: 6
[30.964s][debug  ][gc,phases      ] GC(113)     Total                          Min: 0, Avg:  0.0, Max: 0, Diff: 0, Sum: 0, Workers: 6
[30.964s][debug  ][gc,phases      ] GC(113)   StringDedup Table Weak         Min:  0.0, Avg:  0.0, Max:  0.0, Diff:  0.0, Sum:  0.0, Workers: 6
[30.964s][debug  ][gc,phases      ] GC(113)     Dead                           Min: 0, Avg:  0.0, Max: 0, Diff: 0, Sum: 0, Workers: 6
[30.964s][debug  ][gc,phases      ] GC(113)     Total                          Min: 0, Avg:  0.0, Max: 0, Diff: 0, Sum: 0, Workers: 6
[30.964s][debug  ][gc,phases      ] GC(113)   StringDedup Requests0 Weak     Min:  0.0, Avg:  0.0, Max:  0.0, Diff:  0.0, Sum:  0.0, Workers: 6
[30.964s][debug  ][gc,phases      ] GC(113)     Dead                           Min: 0, Avg:  0.0, Max: 0, Diff: 0, Sum: 0, Workers: 6
[30.964s][debug  ][gc,phases      ] GC(113)     Total                          Min: 0, Avg:  0.0, Max: 0, Diff: 0, Sum: 0, Workers: 6
[30.964s][debug  ][gc,phases      ] GC(113)   StringDedup Requests1 Weak     Min:  0.0, Avg:  0.0, Max:  0.0, Diff:  0.0, Sum:  0.0, Workers: 6
[30.964s][debug  ][gc,phases      ] GC(113)     Dead                           Min: 0, Avg:  0.0, Max: 0, Diff: 0, Sum: 0, Workers: 6
[30.964s][debug  ][gc,phases      ] GC(113)     Total                          Min: 0, Avg:  0.0, Max: 0, Diff: 0, Sum: 0, Workers: 6
[30.964s][debug  ][gc,phases      ] GC(113)   Weak JFR Old Object Samples    Min:  0.0, Avg:  0.0, Max:  0.0, Diff:  0.0, Sum:  0.0, Workers: 6
[30.964s][debug  ][gc,phases      ] GC(113)     Dead                           Min: 0, Avg:  0.0, Max: 0, Diff: 0, Sum: 0, Workers: 6
[30.964s][debug  ][gc,phases      ] GC(113)     Total                          Min: 0, Avg:  0.0, Max: 0, Diff: 0, Sum: 0, Workers: 6
[30.964s][debug  ][gc,phases      ] GC(113) Weak Processing 0.790ms
[30.964s][debug  ][gc,ergo        ] GC(113) AdaptiveSizeStart:  collection: 114 
[30.964s][debug  ][gc,ergo        ] GC(113) avg_survived_padded_avg: 34819392.000000
[30.964s][debug  ][gc,ergo        ] GC(113) avg_promoted_padded_avg: 251555712.000000  avg_pretenured_padded_avg: 0.000000  tenuring_thresh: 15  target_size: 35127296
[30.964s][debug  ][gc,age         ] GC(113) Desired survivor size 35127296 bytes, new threshold 15 (max threshold 15)
[30.964s][debug  ][gc,ergo        ] GC(113) PSAdaptiveSizePolicy::compute_eden_space_size limits: desired_eden_size: 215808982 old_eden_size: 197132288 eden_limit: 197656576 cur_eden: 197132288 max_eden_size: 197656576 avg_young_live: 26956732
[30.964s][debug  ][gc,ergo        ] GC(113) PSAdaptiveSizePolicy::compute_eden_space_size: costs minor_time: 0.050301 major_cost: 0.057014 mutator_cost: 0.892686 throughput_goal: 0.990000
[30.964s][debug  ][gc,ergo        ] GC(113) Live_space: 1063707520 free_space: 1416626176
[30.964s][debug  ][gc,ergo        ] GC(113) Old eden_size: 197132288 desired_eden_size: 197656576
[30.964s][debug  ][gc,ergo        ] GC(113) AdaptiveSizeStop: collection: 114 
[30.964s][info   ][gc,heap        ] GC(113) PSYoungGen: 218779K(227328K)->30720K(227840K) Eden: 188059K(192512K)->0K(193536K) From: 30720K(34816K)->30720K(34304K)
[30.964s][info   ][gc,heap        ] GC(113) ParOldGen: 1271396K(1835008K)->1455717K(1835008K)
[30.964s][info   ][gc,metaspace   ] GC(113) Metaspace: 1024K(1216K)->1024K(1216K) NonClass: 940K(1024K)->940K(1024K) Class: 83K(192K)->83K(192K)
[30.964s][info   ][gc             ] GC(113) Pause Young (Allocation Failure) 1455M->1451M(2014M) 17.322ms
[30.964s][info   ][gc,cpu         ] GC(113) User=0.16s Sys=0.00s Real=0.02s
[30.964s][debug  ][gc,heap        ] GC(113) Heap after GC invocations=114 (full 18):
[30.964s][debug  ][gc,heap        ] GC(113)  PSYoungGen      total 227840K, used 30720K [0x00000000f0000000, 0x0000000100000000, 0x0000000100000000)
[30.964s][debug  ][gc,heap        ] GC(113)   eden space 193536K, 0% used [0x00000000f0000000,0x00000000f0000000,0x00000000fbd00000)
[30.965s][debug  ][gc,heap        ] GC(113)   from space 34304K, 89% used [0x00000000fde80000,0x00000000ffc80030,0x0000000100000000)
[30.965s][debug  ][gc,heap        ] GC(113)   to   space 34304K, 0% used [0x00000000fbd00000,0x00000000fbd00000,0x00000000fde80000)
[30.965s][debug  ][gc,heap        ] GC(113)  ParOldGen       total 1835008K, used 1455717K [0x0000000080000000, 0x00000000f0000000, 0x00000000f0000000)
[30.965s][debug  ][gc,heap        ] GC(113)   object space 1835008K, 79% used [0x0000000080000000,0x00000000d8d99460,0x00000000f0000000)
[30.965s][debug  ][gc,heap        ] GC(113)  Metaspace       used 1024K, committed 1216K, reserved 1056768K
[30.965s][debug  ][gc,heap        ] GC(113)   class space    used 83K, committed 192K, reserved 1048576K
[30.965s][debug  ][gc,task,time   ] GC(113) VM-Thread 309465947 309625355 309646561
[31.248s][debug  ][gc,heap        ] GC(114) Heap before GC invocations=115 (full 18):
[31.248s][debug  ][gc,heap        ] GC(114)  PSYoungGen      total 227840K, used 218811K [0x00000000f0000000, 0x0000000100000000, 0x0000000100000000)
[31.248s][debug  ][gc,heap        ] GC(114)   eden space 193536K, 97% used [0x00000000f0000000,0x00000000fb7aee88,0x00000000fbd00000)
[31.248s][debug  ][gc,heap        ] GC(114)   from space 34304K, 89% used [0x00000000fde80000,0x00000000ffc80030,0x0000000100000000)
[31.248s][debug  ][gc,heap        ] GC(114)   to   space 34304K, 0% used [0x00000000fbd00000,0x00000000fbd00000,0x00000000fde80000)
[31.248s][debug  ][gc,heap        ] GC(114)  ParOldGen       total 1835008K, used 1455717K [0x0000000080000000, 0x00000000f0000000, 0x00000000f0000000)
[31.248s][debug  ][gc,heap        ] GC(114)   object space 1835008K, 79% used [0x0000000080000000,0x00000000d8d99460,0x00000000f0000000)
[31.248s][debug  ][gc,heap        ] GC(114)  Metaspace       used 1024K, committed 1216K, reserved 1056768K
[31.248s][debug  ][gc,heap        ] GC(114)   class space    used 83K, committed 192K, reserved 1048576K
[31.248s][debug  ][gc,tlab        ] GC(114) TLAB totals: thrds: 1  refills: 1 max: 1 slow allocs: 17 max 17 waste: 26.9% gc: 3861864B max: 3861864B slow: 0B max: 0B
[31.248s][info   ][gc,start       ] GC(114) Pause Young (Allocation Failure)
[31.248s][debug  ][gc,phases,start] GC(114) Scavenge
[31.263s][debug  ][gc,phases      ] GC(114) Scavenge 14.946ms
[31.263s][debug  ][gc,phases,start] GC(114) Reference Processing
[31.263s][debug  ][gc,ref         ] GC(114) Skipped phase 1 of Reference Processing: no references
[31.263s][debug  ][gc,ref         ] GC(114) Skipped phase 2 of Reference Processing: no references
[31.263s][debug  ][gc,ref         ] GC(114) Skipped phase 3 of Reference Processing: no references
[31.263s][debug  ][gc,ref         ] GC(114) Skipped phase 4 of Reference Processing: no references
[31.263s][debug  ][gc,phases,ref  ] GC(114) Reference Processing: 0.1ms
[31.263s][debug  ][gc,phases,ref  ] GC(114)   Reconsider SoftReferences: 0.0ms
[31.263s][debug  ][gc,phases,ref  ] GC(114)     SoftRef (ms):                  skipped
[31.263s][debug  ][gc,phases,ref  ] GC(114)   Notify Soft/WeakReferences: 0.0ms
[31.263s][debug  ][gc,phases,ref  ] GC(114)     SoftRef (ms):                  skipped
[31.264s][debug  ][gc,phases,ref  ] GC(114)     WeakRef (ms):                  skipped
[31.264s][debug  ][gc,phases,ref  ] GC(114)     FinalRef (ms):                 skipped
[31.264s][debug  ][gc,phases,ref  ] GC(114)     Total (ms):                    skipped
[31.264s][debug  ][gc,phases,ref  ] GC(114)   Notify and keep alive finalizable: 0.0ms
[31.264s][debug  ][gc,phases,ref  ] GC(114)     FinalRef (ms):                 skipped
[31.264s][debug  ][gc,phases,ref  ] GC(114)   Notify PhantomReferences: 0.0ms
[31.264s][debug  ][gc,phases,ref  ] GC(114)     PhantomRef (ms):               skipped
[31.264s][debug  ][gc,phases,ref  ] GC(114)   SoftReference:
[31.264s][debug  ][gc,phases,ref  ] GC(114)     Discovered: 0
[31.264s][debug  ][gc,phases,ref  ] GC(114)     Cleared: 0
[31.264s][debug  ][gc,phases,ref  ] GC(114)   WeakReference:
[31.264s][debug  ][gc,phases,ref  ] GC(114)     Discovered: 0
[31.264s][debug  ][gc,phases,ref  ] GC(114)     Cleared: 0
[31.264s][debug  ][gc,phases,ref  ] GC(114)   FinalReference:
[31.264s][debug  ][gc,phases,ref  ] GC(114)     Discovered: 0
[31.264s][debug  ][gc,phases,ref  ] GC(114)     Cleared: 0
[31.264s][debug  ][gc,phases,ref  ] GC(114)   PhantomReference:
[31.264s][debug  ][gc,phases,ref  ] GC(114)     Discovered: 0
[31.264s][debug  ][gc,phases,ref  ] GC(114)     Cleared: 0
[31.264s][debug  ][gc,phases      ] GC(114) Reference Processing 0.833ms
[31.264s][debug  ][gc,phases,start] GC(114) Weak Processing
[31.264s][debug  ][gc,phases      ] GC(114)   VM Weak                        Min:  0.0, Avg:  0.0, Max:  0.0, Diff:  0.0, Sum:  0.0, Workers: 6
[31.264s][debug  ][gc,phases      ] GC(114)     Dead                           Min: 0, Avg:  0.0, Max: 0, Diff: 0, Sum: 0, Workers: 6
[31.264s][debug  ][gc,phases      ] GC(114)     Total                          Min: 0, Avg:  1.3, Max: 8, Diff: 8, Sum: 8, Workers: 6
[31.264s][debug  ][gc,phases      ] GC(114)   ObjectSynchronizer Weak        Min:  0.0, Avg:  0.0, Max:  0.0, Diff:  0.0, Sum:  0.0, Workers: 6
[31.264s][debug  ][gc,phases      ] GC(114)     Dead                           Min: 0, Avg:  0.0, Max: 0, Diff: 0, Sum: 0, Workers: 6
[31.264s][debug  ][gc,phases      ] GC(114)     Total                          Min: 0, Avg:  0.5, Max: 3, Diff: 3, Sum: 3, Workers: 6
[31.264s][debug  ][gc,phases      ] GC(114)   JVMTI Tag Weak OopStorage      Min:  0.0, Avg:  0.0, Max:  0.0, Diff:  0.0, Sum:  0.0, Workers: 6
[31.264s][debug  ][gc,phases      ] GC(114)     Dead                           Min: 0, Avg:  0.0, Max: 0, Diff: 0, Sum: 0, Workers: 6
[31.264s][debug  ][gc,phases      ] GC(114)     Total                          Min: 0, Avg:  0.0, Max: 0, Diff: 0, Sum: 0, Workers: 6
[31.264s][debug  ][gc,phases      ] GC(114)   StringTable Weak               Min:  0.0, Avg:  0.0, Max:  0.0, Diff:  0.0, Sum:  0.0, Workers: 6
[31.264s][debug  ][gc,phases      ] GC(114)     Dead                           Min: 0, Avg:  0.0, Max: 0, Diff: 0, Sum: 0, Workers: 6
[31.264s][debug  ][gc,phases      ] GC(114)     Total                          Min: 640, Avg: 892.2, Max: 1024, Diff: 384, Sum: 5353, Workers: 6
[31.264s][debug  ][gc,phases      ] GC(114)   ResolvedMethodTable Weak       Min:  0.0, Avg:  0.0, Max:  0.0, Diff:  0.0, Sum:  0.0, Workers: 6
[31.264s][debug  ][gc,phases      ] GC(114)     Dead                           Min: 0, Avg:  0.0, Max: 0, Diff: 0, Sum: 0, Workers: 6
[31.264s][debug  ][gc,phases      ] GC(114)     Total                          Min: 0, Avg: 21.7, Max: 64, Diff: 64, Sum: 130, Workers: 6
[31.264s][debug  ][gc,phases      ] GC(114)   JNI Weak                       Min:  0.0, Avg:  0.0, Max:  0.0, Diff:  0.0, Sum:  0.0, Workers: 6
[31.265s][debug  ][gc,phases      ] GC(114)     Dead                           Min: 0, Avg:  0.0, Max: 0, Diff: 0, Sum: 0, Workers: 6
[31.265s][debug  ][gc,phases      ] GC(114)     Total                          Min: 0, Avg:  0.0, Max: 0, Diff: 0, Sum: 0, Workers: 6
[31.265s][debug  ][gc,phases      ] GC(114)   StringDedup Table Weak         Min:  0.0, Avg:  0.0, Max:  0.0, Diff:  0.0, Sum:  0.0, Workers: 6
[31.265s][debug  ][gc,phases      ] GC(114)     Dead                           Min: 0, Avg:  0.0, Max: 0, Diff: 0, Sum: 0, Workers: 6
[31.265s][debug  ][gc,phases      ] GC(114)     Total                          Min: 0, Avg:  0.0, Max: 0, Diff: 0, Sum: 0, Workers: 6
[31.265s][debug  ][gc,phases      ] GC(114)   StringDedup Requests0 Weak     Min:  0.0, Avg:  0.0, Max:  0.0, Diff:  0.0, Sum:  0.0, Workers: 6
[31.265s][debug  ][gc,phases      ] GC(114)     Dead                           Min: 0, Avg:  0.0, Max: 0, Diff: 0, Sum: 0, Workers: 6
[31.265s][debug  ][gc,phases      ] GC(114)     Total                          Min: 0, Avg:  0.0, Max: 0, Diff: 0, Sum: 0, Workers: 6
[31.265s][debug  ][gc,phases      ] GC(114)   StringDedup Requests1 Weak     Min:  0.0, Avg:  0.0, Max:  0.0, Diff:  0.0, Sum:  0.0, Workers: 6
[31.265s][debug  ][gc,phases      ] GC(114)     Dead                           Min: 0, Avg:  0.0, Max: 0, Diff: 0, Sum: 0, Workers: 6
[31.265s][debug  ][gc,phases      ] GC(114)     Total                          Min: 0, Avg:  0.0, Max: 0, Diff: 0, Sum: 0, Workers: 6
[31.265s][debug  ][gc,phases      ] GC(114)   Weak JFR Old Object Samples    Min:  0.0, Avg:  0.0, Max:  0.0, Diff:  0.0, Sum:  0.0, Workers: 6
[31.265s][debug  ][gc,phases      ] GC(114)     Dead                           Min: 0, Avg:  0.0, Max: 0, Diff: 0, Sum: 0, Workers: 6
[31.265s][debug  ][gc,phases      ] GC(114)     Total                          Min: 0, Avg:  0.0, Max: 0, Diff: 0, Sum: 0, Workers: 6
[31.265s][debug  ][gc,phases      ] GC(114) Weak Processing 0.815ms
[31.265s][debug  ][gc,ergo        ] GC(114) AdaptiveSizeStart:  collection: 115 
[31.265s][debug  ][gc,ergo        ] GC(114) avg_survived_padded_avg: 34597216.000000
[31.265s][debug  ][gc,ergo        ] GC(114) avg_promoted_padded_avg: 251976880.000000  avg_pretenured_padded_avg: 0.000000  tenuring_thresh: 15  target_size: 34603008
[31.265s][debug  ][gc,age         ] GC(114) Desired survivor size 34603008 bytes, new threshold 15 (max threshold 15)
[31.265s][debug  ][gc,ergo        ] GC(114) PSAdaptiveSizePolicy::compute_eden_space_size limits: desired_eden_size: 217117872 old_eden_size: 197656576 eden_limit: 198180864 cur_eden: 198180864 max_eden_size: 198180864 avg_young_live: 27406790
[31.265s][debug  ][gc,ergo        ] GC(114) PSAdaptiveSizePolicy::compute_eden_space_size: costs minor_time: 0.051637 major_cost: 0.057014 mutator_cost: 0.891350 throughput_goal: 0.990000
[31.265s][debug  ][gc,ergo        ] GC(114) Live_space: 1064157568 free_space: 1417150464
[31.265s][debug  ][gc,ergo        ] GC(114) Old eden_size: 197656576 desired_eden_size: 198180864
[31.265s][debug  ][gc,ergo        ] GC(114) AdaptiveSizeStop: collection: 115 
[31.265s][info   ][gc,heap        ] GC(114) PSYoungGen: 218811K(227840K)->30720K(227840K) Eden: 188091K(193536K)->0K(193536K) From: 30720K(34304K)->30720K(34304K)
[31.265s][info   ][gc,heap        ] GC(114) ParOldGen: 1455717K(1835008K)->1640037K(1835008K)
[31.265s][info   ][gc,metaspace   ] GC(114) Metaspace: 1024K(1216K)->1024K(1216K) NonClass: 940K(1024K)->940K(1024K) Class: 83K(192K)->83K(192K)
[31.265s][info   ][gc             ] GC(114) Pause Young (Allocation Failure) 1635M->1631M(2014M) 17.096ms
[31.265s][info   ][gc,cpu         ] GC(114) User=0.14s Sys=0.00s Real=0.02s
[31.265s][debug  ][gc,heap        ] GC(114) Heap after GC invocations=115 (full 18):
[31.265s][debug  ][gc,heap        ] GC(114)  PSYoungGen      total 227840K, used 30720K [0x00000000f0000000, 0x0000000100000000, 0x0000000100000000)
[31.265s][debug  ][gc,heap        ] GC(114)   eden space 193536K, 0% used [0x00000000f0000000,0x00000000f0000000,0x00000000fbd00000)
[31.265s][debug  ][gc,heap        ] GC(114)   from space 34304K, 89% used [0x00000000fbd00000,0x00000000fdb00030,0x00000000fde80000)
[31.265s][debug  ][gc,heap        ] GC(114)   to   space 33792K, 0% used [0x00000000fdf00000,0x00000000fdf00000,0x0000000100000000)
[31.265s][debug  ][gc,heap        ] GC(114)  ParOldGen       total 1835008K, used 1640037K [0x0000000080000000, 0x00000000f0000000, 0x00000000f0000000)
[31.265s][debug  ][gc,heap        ] GC(114)   object space 1835008K, 89% used [0x0000000080000000,0x00000000e4199580,0x00000000f0000000)
[31.265s][debug  ][gc,heap        ] GC(114)  Metaspace       used 1024K, committed 1216K, reserved 1056768K
[31.265s][debug  ][gc,heap        ] GC(114)   class space    used 83K, committed 192K, reserved 1048576K
[31.265s][debug  ][gc,task,time   ] GC(114) VM-Thread 312476267 312631771 312654568
[31.265s][debug  ][gc,phases,start] GC(115) Pre Compact
[31.266s][debug  ][gc,heap        ] GC(115) Heap before GC invocations=116 (full 19):
[31.266s][debug  ][gc,heap        ] GC(115)  PSYoungGen      total 227840K, used 30720K [0x00000000f0000000, 0x0000000100000000, 0x0000000100000000)
[31.266s][debug  ][gc,heap        ] GC(115)   eden space 193536K, 0% used [0x00000000f0000000,0x00000000f0000000,0x00000000fbd00000)
[31.266s][debug  ][gc,heap        ] GC(115)   from space 34304K, 89% used [0x00000000fbd00000,0x00000000fdb00030,0x00000000fde80000)
[31.266s][debug  ][gc,heap        ] GC(115)   to   space 33792K, 0% used [0x00000000fdf00000,0x00000000fdf00000,0x0000000100000000)
[31.266s][debug  ][gc,heap        ] GC(115)  ParOldGen       total 1835008K, used 1640037K [0x0000000080000000, 0x00000000f0000000, 0x00000000f0000000)
[31.266s][debug  ][gc,heap        ] GC(115)   object space 1835008K, 89% used [0x0000000080000000,0x00000000e4199580,0x00000000f0000000)
[31.266s][debug  ][gc,heap        ] GC(115)  Metaspace       used 1024K, committed 1216K, reserved 1056768K
[31.266s][debug  ][gc,heap        ] GC(115)   class space    used 83K, committed 192K, reserved 1048576K
[31.266s][debug  ][gc,phases      ] GC(115) Pre Compact 0.248ms
[31.266s][info   ][gc,start       ] GC(115) Pause Full (Ergonomics)
[31.266s][info   ][gc,phases,start] GC(115) Marking Phase
[31.266s][debug  ][gc,phases,start] GC(115) Par Mark
[31.266s][debug  ][gc,phases      ] GC(115) Par Mark 0.519ms
[31.266s][debug  ][gc,phases,start] GC(115) Reference Processing
[31.266s][debug  ][gc,ref         ] GC(115) Skipped phase 1 of Reference Processing: no references
[31.266s][debug  ][gc,ref         ] GC(115) ReferenceProcessor::execute queues: 1, RefProcThreadModel::Single, marks_oops_alive: false
[31.266s][debug  ][gc,ref         ] GC(115) Skipped phase 3 of Reference Processing: no references
[31.266s][debug  ][gc,ref         ] GC(115) ReferenceProcessor::execute queues: 1, RefProcThreadModel::Single, marks_oops_alive: false
[31.267s][debug  ][gc,phases,ref  ] GC(115) Reference Processing: 0.1ms
[31.267s][debug  ][gc,phases,ref  ] GC(115)   Reconsider SoftReferences: 0.0ms
[31.267s][debug  ][gc,phases,ref  ] GC(115)     SoftRef (ms):                  skipped
[31.267s][debug  ][gc,phases,ref  ] GC(115)   Notify Soft/WeakReferences: 0.0ms
[31.267s][debug  ][gc,phases,ref  ] GC(115)     SoftRef (ms):                  Min:  0.0, Avg:  0.0, Max:  0.0, Diff:  0.0, Sum:  0.0, Workers: 10
[31.267s][debug  ][gc,phases,ref  ] GC(115)     WeakRef (ms):                  Min:  0.0, Avg:  0.0, Max:  0.0, Diff:  0.0, Sum:  0.0, Workers: 10
[31.267s][debug  ][gc,phases,ref  ] GC(115)     FinalRef (ms):                 Min:  0.0, Avg:  0.0, Max:  0.0, Diff:  0.0, Sum:  0.0, Workers: 10
[31.267s][debug  ][gc,phases,ref  ] GC(115)     Total (ms):                    Min:  0.0, Avg:  0.0, Max:  0.0, Diff:  0.0, Sum:  0.0, Workers: 10
[31.267s][debug  ][gc,phases,ref  ] GC(115)   Notify and keep alive finalizable: 0.0ms
[31.267s][debug  ][gc,phases,ref  ] GC(115)     FinalRef (ms):                 skipped
[31.267s][debug  ][gc,phases,ref  ] GC(115)   Notify PhantomReferences: 0.0ms
[31.267s][debug  ][gc,phases,ref  ] GC(115)     PhantomRef (ms):               Min:  0.0, Avg:  0.0, Max:  0.0, Diff:  0.0, Sum:  0.0, Workers: 10
[31.267s][debug  ][gc,phases,ref  ] GC(115)   SoftReference:
[31.267s][debug  ][gc,phases,ref  ] GC(115)     Discovered: 0
[31.267s][debug  ][gc,phases,ref  ] GC(115)     Cleared: 0
[31.267s][debug  ][gc,phases,ref  ] GC(115)   WeakReference:
[31.267s][debug  ][gc,phases,ref  ] GC(115)     Discovered: 75
[31.267s][debug  ][gc,phases,ref  ] GC(115)     Cleared: 75
[31.267s][debug  ][gc,phases,ref  ] GC(115)   FinalReference:
[31.267s][debug  ][gc,phases,ref  ] GC(115)     Discovered: 0
[31.267s][debug  ][gc,phases,ref  ] GC(115)     Cleared: 0
[31.267s][debug  ][gc,phases,ref  ] GC(115)   PhantomReference:
[31.267s][debug  ][gc,phases,ref  ] GC(115)     Discovered: 3
[31.267s][debug  ][gc,phases,ref  ] GC(115)     Cleared: 3
[31.267s][debug  ][gc,phases      ] GC(115) Reference Processing 0.674ms
[31.267s][debug  ][gc,phases,start] GC(115) Weak Processing
[31.267s][debug  ][gc,phases      ] GC(115)   VM Weak                        Min:  0.0, Avg:  0.0, Max:  0.0, Diff:  0.0, Sum:  0.0, Workers: 6
[31.267s][debug  ][gc,phases      ] GC(115)     Dead                           Min: 0, Avg:  0.0, Max: 0, Diff: 0, Sum: 0, Workers: 6
[31.267s][debug  ][gc,phases      ] GC(115)     Total                          Min: 0, Avg:  1.3, Max: 8, Diff: 8, Sum: 8, Workers: 6
[31.267s][debug  ][gc,phases      ] GC(115)   ObjectSynchronizer Weak        Min:  0.0, Avg:  0.0, Max:  0.0, Diff:  0.0, Sum:  0.0, Workers: 6
[31.267s][debug  ][gc,phases      ] GC(115)     Dead                           Min: 0, Avg:  0.0, Max: 0, Diff: 0, Sum: 0, Workers: 6
[31.267s][debug  ][gc,phases      ] GC(115)     Total                          Min: 0, Avg:  0.5, Max: 3, Diff: 3, Sum: 3, Workers: 6
[31.267s][debug  ][gc,phases      ] GC(115)   JVMTI Tag Weak OopStorage      Min:  0.0, Avg:  0.0, Max:  0.0, Diff:  0.0, Sum:  0.0, Workers: 6
[31.267s][debug  ][gc,phases      ] GC(115)     Dead                           Min: 0, Avg:  0.0, Max: 0, Diff: 0, Sum: 0, Workers: 6
[31.267s][debug  ][gc,phases      ] GC(115)     Total                          Min: 0, Avg:  0.0, Max: 0, Diff: 0, Sum: 0, Workers: 6
[31.267s][debug  ][gc,phases      ] GC(115)   StringTable Weak               Min:  0.0, Avg:  0.0, Max:  0.0, Diff:  0.0, Sum:  0.0, Workers: 6
[31.267s][debug  ][gc,phases      ] GC(115)     Dead                           Min: 0, Avg:  0.0, Max: 0, Diff: 0, Sum: 0, Workers: 6
[31.267s][debug  ][gc,phases      ] GC(115)     Total                          Min: 682, Avg: 892.2, Max: 1280, Diff: 598, Sum: 5353, Workers: 6
[31.267s][debug  ][gc,phases      ] GC(115)   ResolvedMethodTable Weak       Min:  0.0, Avg:  0.0, Max:  0.0, Diff:  0.0, Sum:  0.0, Workers: 6
[31.267s][debug  ][gc,phases      ] GC(115)     Dead                           Min: 0, Avg:  0.0, Max: 0, Diff: 0, Sum: 0, Workers: 6
[31.267s][debug  ][gc,phases      ] GC(115)     Total                          Min: 0, Avg: 21.7, Max: 64, Diff: 64, Sum: 130, Workers: 6
[31.267s][debug  ][gc,phases      ] GC(115)   JNI Weak                       Min:  0.0, Avg:  0.0, Max:  0.0, Diff:  0.0, Sum:  0.0, Workers: 6
[31.267s][debug  ][gc,phases      ] GC(115)     Dead                           Min: 0, Avg:  0.0, Max: 0, Diff: 0, Sum: 0, Workers: 6
[31.267s][debug  ][gc,phases      ] GC(115)     Total                          Min: 0, Avg:  0.0, Max: 0, Diff: 0, Sum: 0, Workers: 6
[31.268s][debug  ][gc,phases      ] GC(115)   StringDedup Table Weak         Min:  0.0, Avg:  0.0, Max:  0.0, Diff:  0.0, Sum:  0.0, Workers: 6
[31.268s][debug  ][gc,phases      ] GC(115)     Dead                           Min: 0, Avg:  0.0, Max: 0, Diff: 0, Sum: 0, Workers: 6
[31.268s][debug  ][gc,phases      ] GC(115)     Total                          Min: 0, Avg:  0.0, Max: 0, Diff: 0, Sum: 0, Workers: 6
[31.268s][debug  ][gc,phases      ] GC(115)   StringDedup Requests0 Weak     Min:  0.0, Avg:  0.0, Max:  0.0, Diff:  0.0, Sum:  0.0, Workers: 6
[31.268s][debug  ][gc,phases      ] GC(115)     Dead                           Min: 0, Avg:  0.0, Max: 0, Diff: 0, Sum: 0, Workers: 6
[31.268s][debug  ][gc,phases      ] GC(115)     Total                          Min: 0, Avg:  0.0, Max: 0, Diff: 0, Sum: 0, Workers: 6
[31.268s][debug  ][gc,phases      ] GC(115)   StringDedup Requests1 Weak     Min:  0.0, Avg:  0.0, Max:  0.0, Diff:  0.0, Sum:  0.0, Workers: 6
[31.268s][debug  ][gc,phases      ] GC(115)     Dead                           Min: 0, Avg:  0.0, Max: 0, Diff: 0, Sum: 0, Workers: 6
[31.268s][debug  ][gc,phases      ] GC(115)     Total                          Min: 0, Avg:  0.0, Max: 0, Diff: 0, Sum: 0, Workers: 6
[31.268s][debug  ][gc,phases      ] GC(115)   Weak JFR Old Object Samples    Min:  0.0, Avg:  0.0, Max:  0.0, Diff:  0.0, Sum:  0.0, Workers: 6
[31.268s][debug  ][gc,phases      ] GC(115)     Dead                           Min: 0, Avg:  0.0, Max: 0, Diff: 0, Sum: 0, Workers: 6
[31.268s][debug  ][gc,phases      ] GC(115)     Total                          Min: 0, Avg:  0.0, Max: 0, Diff: 0, Sum: 0, Workers: 6
[31.268s][debug  ][gc,phases      ] GC(115) Weak Processing 0.719ms
[31.268s][debug  ][gc,phases,start] GC(115) Class Unloading
[31.268s][debug  ][gc,phases,start] GC(115) ClassLoaderData
[31.268s][debug  ][gc,phases      ] GC(115) ClassLoaderData 0.021ms
[31.268s][debug  ][gc,phases,start] GC(115) Trigger cleanups
[31.268s][debug  ][gc,phases      ] GC(115) Trigger cleanups 0.021ms
[31.268s][debug  ][gc,phases      ] GC(115) Class Unloading 0.264ms
[31.268s][info   ][gc,phases      ] GC(115) Marking Phase 2.317ms
[31.268s][info   ][gc,phases,start] GC(115) Summary Phase
[31.268s][info   ][gc,phases      ] GC(115) Summary Phase 0.039ms
[31.268s][info   ][gc,phases,start] GC(115) Adjust Roots
[31.268s][info   ][gc,phases      ] GC(115) Adjust Roots 0.140ms
[31.268s][info   ][gc,phases,start] GC(115) Compaction Phase
[31.346s][info   ][gc,phases      ] GC(115) Compaction Phase 77.157ms
[31.346s][info   ][gc,phases,start] GC(115) Post Compact
[31.351s][info   ][gc,phases      ] GC(115) Post Compact 5.377ms
[31.351s][debug  ][gc,ergo        ] GC(115) AdaptiveSizeStart: collection: 116 
[31.351s][debug  ][gc,ergo        ] GC(115) PSAdaptiveSizePolicy::compute_eden_space_size limits: desired_eden_size: 217268551 old_eden_size: 198180864 eden_limit: 198705152 cur_eden: 198180864 max_eden_size: 198705152 avg_young_live: 24666112
[31.351s][debug  ][gc,ergo        ] GC(115) PSAdaptiveSizePolicy::compute_eden_space_size: costs minor_time: 0.051637 major_cost: 0.056156 mutator_cost: 0.892207 throughput_goal: 0.990000
[31.351s][debug  ][gc,ergo        ] GC(115) Live_space: 1061416896 free_space: 1417674752
[31.351s][debug  ][gc,ergo        ] GC(115) Old eden_size: 198180864 desired_eden_size: 198705152
[31.351s][debug  ][gc,ergo        ] GC(115) PSAdaptiveSizePolicy::compute_old_gen_free_space limits: desired_promo_size: 1346774430 promo_limit: 1219493888 free_in_old_gen: 1115045120 max_old_gen_size: 1879048192 avg_old_live: 764003072
[31.351s][debug  ][gc,ergo        ] GC(115) PSAdaptiveSizePolicy::compute_old_gen_free_space: costs minor_time: 0.051637 major_cost: 0.056156  mutator_cost: 0.892207 throughput_goal: 0.990000
[31.351s][debug  ][gc,ergo        ] GC(115) Live_space: 1057104640 free_space: 1418199040
[31.351s][debug  ][gc,ergo        ] GC(115) Old promo_size: 1219493888 desired_promo_size: 1219493888
[31.351s][debug  ][gc,ergo        ] GC(115) AdaptiveSizeStop: collection: 116 
[31.351s][info   ][gc,heap        ] GC(115) PSYoungGen: 30720K(227840K)->0K(228352K) Eden: 0K(193536K)->0K(194560K) From: 30720K(34304K)->0K(33792K)
[31.351s][info   ][gc,heap        ] GC(115) ParOldGen: 1640037K(1835008K)->708195K(1835008K)
[31.351s][info   ][gc,metaspace   ] GC(115) Metaspace: 1024K(1216K)->1024K(1216K) NonClass: 940K(1024K)->940K(1024K) Class: 83K(192K)->83K(192K)
[31.351s][info   ][gc             ] GC(115) Pause Full (Ergonomics) 1631M->691M(2015M) 85.704ms
[31.352s][info   ][gc,cpu         ] GC(115) User=0.77s Sys=0.00s Real=0.09s
[31.352s][debug  ][gc,heap        ] GC(115) Heap after GC invocations=116 (full 19):
[31.352s][debug  ][gc,heap        ] GC(115)  PSYoungGen      total 228352K, used 0K [0x00000000f0000000, 0x0000000100000000, 0x0000000100000000)
[31.352s][debug  ][gc,heap        ] GC(115)   eden space 194560K, 0% used [0x00000000f0000000,0x00000000f0000000,0x00000000fbe00000)
[31.352s][debug  ][gc,heap        ] GC(115)   from space 33792K, 0% used [0x00000000fdf00000,0x00000000fdf00000,0x0000000100000000)
[31.352s][debug  ][gc,heap        ] GC(115)   to   space 33792K, 0% used [0x00000000fbe00000,0x00000000fbe00000,0x00000000fdf00000)
[31.352s][debug  ][gc,heap        ] GC(115)  ParOldGen       total 1835008K, used 708195K [0x0000000080000000, 0x00000000f0000000, 0x00000000f0000000)
[31.352s][debug  ][gc,heap        ] GC(115)   object space 1835008K, 38% used [0x0000000080000000,0x00000000ab398fd0,0x00000000f0000000)
[31.352s][debug  ][gc,heap        ] GC(115)  Metaspace       used 1024K, committed 1216K, reserved 1056768K
[31.352s][debug  ][gc,heap        ] GC(115)   class space    used 83K, committed 192K, reserved 1048576K
[31.352s][debug  ][gc,task,time   ] GC(115) VM-Thread 312657824 312683707 313515295
[31.643s][debug  ][gc,heap        ] GC(116) Heap before GC invocations=117 (full 19):
[31.643s][debug  ][gc,heap        ] GC(116)  PSYoungGen      total 228352K, used 188119K [0x00000000f0000000, 0x0000000100000000, 0x0000000100000000)
[31.643s][debug  ][gc,heap        ] GC(116)   eden space 194560K, 96% used [0x00000000f0000000,0x00000000fb7b5cf8,0x00000000fbe00000)
[31.643s][debug  ][gc,heap        ] GC(116)   from space 33792K, 0% used [0x00000000fdf00000,0x00000000fdf00000,0x0000000100000000)
[31.643s][debug  ][gc,heap        ] GC(116)   to   space 33792K, 0% used [0x00000000fbe00000,0x00000000fbe00000,0x00000000fdf00000)
[31.643s][debug  ][gc,heap        ] GC(116)  ParOldGen       total 1835008K, used 708195K [0x0000000080000000, 0x00000000f0000000, 0x00000000f0000000)
[31.643s][debug  ][gc,heap        ] GC(116)   object space 1835008K, 38% used [0x0000000080000000,0x00000000ab398fd0,0x00000000f0000000)
[31.643s][debug  ][gc,heap        ] GC(116)  Metaspace       used 1024K, committed 1216K, reserved 1056768K
[31.643s][debug  ][gc,heap        ] GC(116)   class space    used 83K, committed 192K, reserved 1048576K
[31.643s][debug  ][gc,tlab        ] GC(116) TLAB totals: thrds: 1  refills: 1 max: 1 slow allocs: 17 max 17 waste: 27.1% gc: 3890136B max: 3890136B slow: 0B max: 0B
[31.643s][info   ][gc,start       ] GC(116) Pause Young (Allocation Failure)
[31.643s][debug  ][gc,phases,start] GC(116) Scavenge
[31.656s][debug  ][gc,phases      ] GC(116) Scavenge 12.675ms
[31.656s][debug  ][gc,phases,start] GC(116) Reference Processing
[31.656s][debug  ][gc,ref         ] GC(116) Skipped phase 1 of Reference Processing: no references
[31.656s][debug  ][gc,ref         ] GC(116) Skipped phase 2 of Reference Processing: no references
[31.656s][debug  ][gc,ref         ] GC(116) Skipped phase 3 of Reference Processing: no references
[31.656s][debug  ][gc,ref         ] GC(116) Skipped phase 4 of Reference Processing: no references
[31.656s][debug  ][gc,phases,ref  ] GC(116) Reference Processing: 0.1ms
[31.656s][debug  ][gc,phases,ref  ] GC(116)   Reconsider SoftReferences: 0.0ms
[31.656s][debug  ][gc,phases,ref  ] GC(116)     SoftRef (ms):                  skipped
[31.657s][debug  ][gc,phases,ref  ] GC(116)   Notify Soft/WeakReferences: 0.0ms
[31.657s][debug  ][gc,phases,ref  ] GC(116)     SoftRef (ms):                  skipped
[31.657s][debug  ][gc,phases,ref  ] GC(116)     WeakRef (ms):                  skipped
[31.657s][debug  ][gc,phases,ref  ] GC(116)     FinalRef (ms):                 skipped
[31.657s][debug  ][gc,phases,ref  ] GC(116)     Total (ms):                    skipped
[31.657s][debug  ][gc,phases,ref  ] GC(116)   Notify and keep alive finalizable: 0.0ms
[31.657s][debug  ][gc,phases,ref  ] GC(116)     FinalRef (ms):                 skipped
[31.657s][debug  ][gc,phases,ref  ] GC(116)   Notify PhantomReferences: 0.0ms
[31.657s][debug  ][gc,phases,ref  ] GC(116)     PhantomRef (ms):               skipped
[31.657s][debug  ][gc,phases,ref  ] GC(116)   SoftReference:
[31.657s][debug  ][gc,phases,ref  ] GC(116)     Discovered: 0
[31.657s][debug  ][gc,phases,ref  ] GC(116)     Cleared: 0
[31.657s][debug  ][gc,phases,ref  ] GC(116)   WeakReference:
[31.657s][debug  ][gc,phases,ref  ] GC(116)     Discovered: 0
[31.657s][debug  ][gc,phases,ref  ] GC(116)     Cleared: 0
[31.657s][debug  ][gc,phases,ref  ] GC(116)   FinalReference:
[31.657s][debug  ][gc,phases,ref  ] GC(116)     Discovered: 0
[31.657s][debug  ][gc,phases,ref  ] GC(116)     Cleared: 0
[31.657s][debug  ][gc,phases,ref  ] GC(116)   PhantomReference:
[31.657s][debug  ][gc,phases,ref  ] GC(116)     Discovered: 0
[31.657s][debug  ][gc,phases,ref  ] GC(116)     Cleared: 0
[31.657s][debug  ][gc,phases      ] GC(116) Reference Processing 0.942ms
[31.657s][debug  ][gc,phases,start] GC(116) Weak Processing
[31.657s][debug  ][gc,phases      ] GC(116)   VM Weak                        Min:  0.0, Avg:  0.0, Max:  0.0, Diff:  0.0, Sum:  0.0, Workers: 6
[31.657s][debug  ][gc,phases      ] GC(116)     Dead                           Min: 0, Avg:  0.0, Max: 0, Diff: 0, Sum: 0, Workers: 6
[31.657s][debug  ][gc,phases      ] GC(116)     Total                          Min: 0, Avg:  1.3, Max: 8, Diff: 8, Sum: 8, Workers: 6
[31.657s][debug  ][gc,phases      ] GC(116)   ObjectSynchronizer Weak        Min:  0.0, Avg:  0.0, Max:  0.0, Diff:  0.0, Sum:  0.0, Workers: 6
[31.657s][debug  ][gc,phases      ] GC(116)     Dead                           Min: 0, Avg:  0.0, Max: 0, Diff: 0, Sum: 0, Workers: 6
[31.657s][debug  ][gc,phases      ] GC(116)     Total                          Min: 0, Avg:  0.5, Max: 3, Diff: 3, Sum: 3, Workers: 6
[31.657s][debug  ][gc,phases      ] GC(116)   JVMTI Tag Weak OopStorage      Min:  0.0, Avg:  0.0, Max:  0.0, Diff:  0.0, Sum:  0.0, Workers: 6
[31.657s][debug  ][gc,phases      ] GC(116)     Dead                           Min: 0, Avg:  0.0, Max: 0, Diff: 0, Sum: 0, Workers: 6
[31.658s][debug  ][gc,phases      ] GC(116)     Total                          Min: 0, Avg:  0.0, Max: 0, Diff: 0, Sum: 0, Workers: 6
[31.658s][debug  ][gc,phases      ] GC(116)   StringTable Weak               Min:  0.0, Avg:  0.0, Max:  0.0, Diff:  0.0, Sum:  0.0, Workers: 6
[31.658s][debug  ][gc,phases      ] GC(116)     Dead                           Min: 0, Avg:  0.0, Max: 0, Diff: 0, Sum: 0, Workers: 6
[31.658s][debug  ][gc,phases      ] GC(116)     Total                          Min: 768, Avg: 892.2, Max: 1087, Diff: 319, Sum: 5353, Workers: 6
[31.658s][debug  ][gc,phases      ] GC(116)   ResolvedMethodTable Weak       Min:  0.0, Avg:  0.0, Max:  0.0, Diff:  0.0, Sum:  0.0, Workers: 6
[31.658s][debug  ][gc,phases      ] GC(116)     Dead                           Min: 0, Avg:  0.0, Max: 0, Diff: 0, Sum: 0, Workers: 6
[31.658s][debug  ][gc,phases      ] GC(116)     Total                          Min: 0, Avg: 21.7, Max: 64, Diff: 64, Sum: 130, Workers: 6
[31.658s][debug  ][gc,phases      ] GC(116)   JNI Weak                       Min:  0.0, Avg:  0.0, Max:  0.0, Diff:  0.0, Sum:  0.0, Workers: 6
[31.658s][debug  ][gc,phases      ] GC(116)     Dead                           Min: 0, Avg:  0.0, Max: 0, Diff: 0, Sum: 0, Workers: 6
[31.658s][debug  ][gc,phases      ] GC(116)     Total                          Min: 0, Avg:  0.0, Max: 0, Diff: 0, Sum: 0, Workers: 6
[31.658s][debug  ][gc,phases      ] GC(116)   StringDedup Table Weak         Min:  0.0, Avg:  0.0, Max:  0.0, Diff:  0.0, Sum:  0.0, Workers: 6
[31.658s][debug  ][gc,phases      ] GC(116)     Dead                           Min: 0, Avg:  0.0, Max: 0, Diff: 0, Sum: 0, Workers: 6
[31.658s][debug  ][gc,phases      ] GC(116)     Total                          Min: 0, Avg:  0.0, Max: 0, Diff: 0, Sum: 0, Workers: 6
[31.658s][debug  ][gc,phases      ] GC(116)   StringDedup Requests0 Weak     Min:  0.0, Avg:  0.0, Max:  0.0, Diff:  0.0, Sum:  0.0, Workers: 6
[31.658s][debug  ][gc,phases      ] GC(116)     Dead                           Min: 0, Avg:  0.0, Max: 0, Diff: 0, Sum: 0, Workers: 6
[31.658s][debug  ][gc,phases      ] GC(116)     Total                          Min: 0, Avg:  0.0, Max: 0, Diff: 0, Sum: 0, Workers: 6
[31.658s][debug  ][gc,phases      ] GC(116)   StringDedup Requests1 Weak     Min:  0.0, Avg:  0.0, Max:  0.0, Diff:  0.0, Sum:  0.0, Workers: 6
[31.658s][debug  ][gc,phases      ] GC(116)     Dead                           Min: 0, Avg:  0.0, Max: 0, Diff: 0, Sum: 0, Workers: 6
[31.658s][debug  ][gc,phases      ] GC(116)     Total                          Min: 0, Avg:  0.0, Max: 0, Diff: 0, Sum: 0, Workers: 6
[31.658s][debug  ][gc,phases      ] GC(116)   Weak JFR Old Object Samples    Min:  0.0, Avg:  0.0, Max:  0.0, Diff:  0.0, Sum:  0.0, Workers: 6
[31.658s][debug  ][gc,phases      ] GC(116)     Dead                           Min: 0, Avg:  0.0, Max: 0, Diff: 0, Sum: 0, Workers: 6
[31.658s][debug  ][gc,phases      ] GC(116)     Total                          Min: 0, Avg:  0.0, Max: 0, Diff: 0, Sum: 0, Workers: 6
[31.658s][debug  ][gc,phases      ] GC(116) Weak Processing 0.862ms
[31.658s][debug  ][gc,ergo        ] GC(116) AdaptiveSizeStart:  collection: 117 
[31.658s][debug  ][gc,ergo        ] GC(116) avg_survived_padded_avg: 34385860.000000
[31.658s][debug  ][gc,ergo        ] GC(116) avg_promoted_padded_avg: 244969216.000000  avg_pretenured_padded_avg: 0.000000  tenuring_thresh: 15  target_size: 34603008
[31.658s][debug  ][gc,age         ] GC(116) Desired survivor size 34603008 bytes, new threshold 15 (max threshold 15)
[31.658s][debug  ][gc,ergo        ] GC(116) PSAdaptiveSizePolicy::compute_eden_space_size limits: desired_eden_size: 217597442 old_eden_size: 198705152 eden_limit: 199229440 cur_eden: 199229440 max_eden_size: 199229440 avg_young_live: 25345232
[31.658s][debug  ][gc,ergo        ] GC(116) PSAdaptiveSizePolicy::compute_eden_space_size: costs minor_time: 0.048025 major_cost: 0.056156 mutator_cost: 0.895819 throughput_goal: 0.990000
[31.658s][debug  ][gc,ergo        ] GC(116) Live_space: 1057783744 free_space: 1418199040
[31.658s][debug  ][gc,ergo        ] GC(116) Old eden_size: 198705152 desired_eden_size: 199229440
[31.658s][debug  ][gc,ergo        ] GC(116) AdaptiveSizeStop: collection: 117 
[31.658s][info   ][gc,heap        ] GC(116) PSYoungGen: 188119K(228352K)->30720K(228352K) Eden: 188119K(194560K)->0K(194560K) From: 0K(33792K)->30720K(33792K)
[31.658s][info   ][gc,heap        ] GC(116) ParOldGen: 708195K(1835008K)->861796K(1835008K)
[31.658s][info   ][gc,metaspace   ] GC(116) Metaspace: 1024K(1216K)->1024K(1216K) NonClass: 940K(1024K)->940K(1024K) Class: 83K(192K)->83K(192K)
[31.658s][info   ][gc             ] GC(116) Pause Young (Allocation Failure) 875M->871M(2015M) 14.990ms
[31.658s][info   ][gc,cpu         ] GC(116) User=0.16s Sys=0.00s Real=0.02s
[31.658s][debug  ][gc,heap        ] GC(116) Heap after GC invocations=117 (full 19):
[31.658s][debug  ][gc,heap        ] GC(116)  PSYoungGen      total 228352K, used 30720K [0x00000000f0000000, 0x0000000100000000, 0x0000000100000000)
[31.659s][debug  ][gc,heap        ] GC(116)   eden space 194560K, 0% used [0x00000000f0000000,0x00000000f0000000,0x00000000fbe00000)
[31.659s][debug  ][gc,heap        ] GC(116)   from space 33792K, 90% used [0x00000000fbe00000,0x00000000fdc00030,0x00000000fdf00000)
[31.659s][debug  ][gc,heap        ] GC(116)   to   space 33792K, 0% used [0x00000000fdf00000,0x00000000fdf00000,0x0000000100000000)
[31.659s][debug  ][gc,heap        ] GC(116)  ParOldGen       total 1835008K, used 861796K [0x0000000080000000, 0x00000000f0000000, 0x00000000f0000000)
[31.659s][debug  ][gc,heap        ] GC(116)   object space 1835008K, 46% used [0x0000000080000000,0x00000000b49990c0,0x00000000f0000000)
[31.659s][debug  ][gc,heap        ] GC(116)  Metaspace       used 1024K, committed 1216K, reserved 1056768K
[31.659s][debug  ][gc,heap        ] GC(116)   class space    used 83K, committed 192K, reserved 1048576K
[31.659s][debug  ][gc,task,time   ] GC(116) VM-Thread 316430083 316562336 316587822
[31.945s][debug  ][gc,heap        ] GC(117) Heap before GC invocations=118 (full 19):
[31.945s][debug  ][gc,heap        ] GC(117)  PSYoungGen      total 228352K, used 218769K [0x00000000f0000000, 0x0000000100000000, 0x0000000100000000)
[31.945s][debug  ][gc,heap        ] GC(117)   eden space 194560K, 96% used [0x00000000f0000000,0x00000000fb7a4788,0x00000000fbe00000)
[31.945s][debug  ][gc,heap        ] GC(117)   from space 33792K, 90% used [0x00000000fbe00000,0x00000000fdc00030,0x00000000fdf00000)
[31.945s][debug  ][gc,heap        ] GC(117)   to   space 33792K, 0% used [0x00000000fdf00000,0x00000000fdf00000,0x0000000100000000)
[31.945s][debug  ][gc,heap        ] GC(117)  ParOldGen       total 1835008K, used 861796K [0x0000000080000000, 0x00000000f0000000, 0x00000000f0000000)
[31.945s][debug  ][gc,heap        ] GC(117)   object space 1835008K, 46% used [0x0000000080000000,0x00000000b49990c0,0x00000000f0000000)
[31.945s][debug  ][gc,heap        ] GC(117)  Metaspace       used 1024K, committed 1216K, reserved 1056768K
[31.945s][debug  ][gc,heap        ] GC(117)   class space    used 83K, committed 192K, reserved 1048576K
[31.945s][debug  ][gc,tlab        ] GC(117) TLAB totals: thrds: 1  refills: 1 max: 1 slow allocs: 17 max 17 waste: 26.7% gc: 3818048B max: 3818048B slow: 0B max: 0B
[31.945s][info   ][gc,start       ] GC(117) Pause Young (Allocation Failure)
[31.945s][debug  ][gc,phases,start] GC(117) Scavenge
[31.949s][debug  ][gc,phases      ] GC(117) Scavenge 3.871ms
[31.949s][debug  ][gc,phases,start] GC(117) Reference Processing
[31.949s][debug  ][gc,ref         ] GC(117) Skipped phase 1 of Reference Processing: no references
[31.949s][debug  ][gc,ref         ] GC(117) Skipped phase 2 of Reference Processing: no references
[31.949s][debug  ][gc,ref         ] GC(117) Skipped phase 3 of Reference Processing: no references
[31.949s][debug  ][gc,ref         ] GC(117) Skipped phase 4 of Reference Processing: no references
[31.949s][debug  ][gc,phases,ref  ] GC(117) Reference Processing: 0.1ms
[31.949s][debug  ][gc,phases,ref  ] GC(117)   Reconsider SoftReferences: 0.0ms
[31.949s][debug  ][gc,phases,ref  ] GC(117)     SoftRef (ms):                  skipped
[31.949s][debug  ][gc,phases,ref  ] GC(117)   Notify Soft/WeakReferences: 0.0ms
[31.949s][debug  ][gc,phases,ref  ] GC(117)     SoftRef (ms):                  skipped
[31.949s][debug  ][gc,phases,ref  ] GC(117)     WeakRef (ms):                  skipped
[31.949s][debug  ][gc,phases,ref  ] GC(117)     FinalRef (ms):                 skipped
[31.949s][debug  ][gc,phases,ref  ] GC(117)     Total (ms):                    skipped
[31.949s][debug  ][gc,phases,ref  ] GC(117)   Notify and keep alive finalizable: 0.0ms
[31.949s][debug  ][gc,phases,ref  ] GC(117)     FinalRef (ms):                 skipped
[31.949s][debug  ][gc,phases,ref  ] GC(117)   Notify PhantomReferences: 0.0ms
[31.949s][debug  ][gc,phases,ref  ] GC(117)     PhantomRef (ms):               skipped
[31.949s][debug  ][gc,phases,ref  ] GC(117)   SoftReference:
[31.949s][debug  ][gc,phases,ref  ] GC(117)     Discovered: 0
[31.949s][debug  ][gc,phases,ref  ] GC(117)     Cleared: 0
[31.949s][debug  ][gc,phases,ref  ] GC(117)   WeakReference:
[31.950s][debug  ][gc,phases,ref  ] GC(117)     Discovered: 0
[31.950s][debug  ][gc,phases,ref  ] GC(117)     Cleared: 0
[31.950s][debug  ][gc,phases,ref  ] GC(117)   FinalReference:
[31.950s][debug  ][gc,phases,ref  ] GC(117)     Discovered: 0
[31.950s][debug  ][gc,phases,ref  ] GC(117)     Cleared: 0
[31.950s][debug  ][gc,phases,ref  ] GC(117)   PhantomReference:
[31.950s][debug  ][gc,phases,ref  ] GC(117)     Discovered: 0
[31.950s][debug  ][gc,phases,ref  ] GC(117)     Cleared: 0
[31.950s][debug  ][gc,phases      ] GC(117) Reference Processing 0.752ms
[31.950s][debug  ][gc,phases,start] GC(117) Weak Processing
[31.950s][debug  ][gc,phases      ] GC(117)   VM Weak                        Min:  0.0, Avg:  0.0, Max:  0.0, Diff:  0.0, Sum:  0.0, Workers: 6
[31.950s][debug  ][gc,phases      ] GC(117)     Dead                           Min: 0, Avg:  0.0, Max: 0, Diff: 0, Sum: 0, Workers: 6
[31.950s][debug  ][gc,phases      ] GC(117)     Total                          Min: 0, Avg:  1.3, Max: 8, Diff: 8, Sum: 8, Workers: 6
[31.950s][debug  ][gc,phases      ] GC(117)   ObjectSynchronizer Weak        Min:  0.0, Avg:  0.0, Max:  0.0, Diff:  0.0, Sum:  0.0, Workers: 6
[31.950s][debug  ][gc,phases      ] GC(117)     Dead                           Min: 0, Avg:  0.0, Max: 0, Diff: 0, Sum: 0, Workers: 6
[31.950s][debug  ][gc,phases      ] GC(117)     Total                          Min: 0, Avg:  0.5, Max: 3, Diff: 3, Sum: 3, Workers: 6
[31.950s][debug  ][gc,phases      ] GC(117)   JVMTI Tag Weak OopStorage      Min:  0.0, Avg:  0.0, Max:  0.0, Diff:  0.0, Sum:  0.0, Workers: 6
[31.950s][debug  ][gc,phases      ] GC(117)     Dead                           Min: 0, Avg:  0.0, Max: 0, Diff: 0, Sum: 0, Workers: 6
[31.950s][debug  ][gc,phases      ] GC(117)     Total                          Min: 0, Avg:  0.0, Max: 0, Diff: 0, Sum: 0, Workers: 6
[31.950s][debug  ][gc,phases      ] GC(117)   StringTable Weak               Min:  0.0, Avg:  0.0, Max:  0.0, Diff:  0.0, Sum:  0.0, Workers: 6
[31.950s][debug  ][gc,phases      ] GC(117)     Dead                           Min: 0, Avg:  0.0, Max: 0, Diff: 0, Sum: 0, Workers: 6
[31.950s][debug  ][gc,phases      ] GC(117)     Total                          Min: 703, Avg: 892.2, Max: 1024, Diff: 321, Sum: 5353, Workers: 6
[31.950s][debug  ][gc,phases      ] GC(117)   ResolvedMethodTable Weak       Min:  0.0, Avg:  0.0, Max:  0.0, Diff:  0.0, Sum:  0.0, Workers: 6
[31.950s][debug  ][gc,phases      ] GC(117)     Dead                           Min: 0, Avg:  0.0, Max: 0, Diff: 0, Sum: 0, Workers: 6
[31.950s][debug  ][gc,phases      ] GC(117)     Total                          Min: 0, Avg: 21.7, Max: 64, Diff: 64, Sum: 130, Workers: 6
[31.950s][debug  ][gc,phases      ] GC(117)   JNI Weak                       Min:  0.0, Avg:  0.0, Max:  0.0, Diff:  0.0, Sum:  0.0, Workers: 6
[31.950s][debug  ][gc,phases      ] GC(117)     Dead                           Min: 0, Avg:  0.0, Max: 0, Diff: 0, Sum: 0, Workers: 6
[31.950s][debug  ][gc,phases      ] GC(117)     Total                          Min: 0, Avg:  0.0, Max: 0, Diff: 0, Sum: 0, Workers: 6
[31.951s][debug  ][gc,phases      ] GC(117)   StringDedup Table Weak         Min:  0.0, Avg:  0.0, Max:  0.0, Diff:  0.0, Sum:  0.0, Workers: 6
[31.951s][debug  ][gc,phases      ] GC(117)     Dead                           Min: 0, Avg:  0.0, Max: 0, Diff: 0, Sum: 0, Workers: 6
[31.951s][debug  ][gc,phases      ] GC(117)     Total                          Min: 0, Avg:  0.0, Max: 0, Diff: 0, Sum: 0, Workers: 6
[31.951s][debug  ][gc,phases      ] GC(117)   StringDedup Requests0 Weak     Min:  0.0, Avg:  0.0, Max:  0.0, Diff:  0.0, Sum:  0.0, Workers: 6
[31.951s][debug  ][gc,phases      ] GC(117)     Dead                           Min: 0, Avg:  0.0, Max: 0, Diff: 0, Sum: 0, Workers: 6
[31.951s][debug  ][gc,phases      ] GC(117)     Total                          Min: 0, Avg:  0.0, Max: 0, Diff: 0, Sum: 0, Workers: 6
[31.951s][debug  ][gc,phases      ] GC(117)   StringDedup Requests1 Weak     Min:  0.0, Avg:  0.0, Max:  0.0, Diff:  0.0, Sum:  0.0, Workers: 6
[31.951s][debug  ][gc,phases      ] GC(117)     Dead                           Min: 0, Avg:  0.0, Max: 0, Diff: 0, Sum: 0, Workers: 6
[31.951s][debug  ][gc,phases      ] GC(117)     Total                          Min: 0, Avg:  0.0, Max: 0, Diff: 0, Sum: 0, Workers: 6
[31.951s][debug  ][gc,phases      ] GC(117)   Weak JFR Old Object Samples    Min:  0.0, Avg:  0.0, Max:  0.0, Diff:  0.0, Sum:  0.0, Workers: 6
[31.951s][debug  ][gc,phases      ] GC(117)     Dead                           Min: 0, Avg:  0.0, Max: 0, Diff: 0, Sum: 0, Workers: 6
[31.951s][debug  ][gc,phases      ] GC(117)     Total                          Min: 0, Avg:  0.0, Max: 0, Diff: 0, Sum: 0, Workers: 6
[31.951s][debug  ][gc,phases      ] GC(117) Weak Processing 1.150ms
[31.951s][debug  ][gc,ergo        ] GC(117) AdaptiveSizeStart:  collection: 118 
[31.951s][debug  ][gc,ergo        ] GC(117) avg_survived_padded_avg: 34185372.000000
[31.951s][debug  ][gc,ergo        ] GC(117) avg_promoted_padded_avg: 261589744.000000  avg_pretenured_padded_avg: 0.000000  tenuring_thresh: 15  target_size: 34603008
[31.951s][debug  ][gc,age         ] GC(117) Desired survivor size 34603008 bytes, new threshold 15 (max threshold 15)
[31.951s][debug  ][gc,ergo        ] GC(117) PSAdaptiveSizePolicy::compute_eden_space_size limits: desired_eden_size: 216066400 old_eden_size: 199229440 eden_limit: 199229440 cur_eden: 199229440 max_eden_size: 199229440 avg_young_live: 25956440
[31.951s][debug  ][gc,ergo        ] GC(117) PSAdaptiveSizePolicy::compute_eden_space_size: costs minor_time: 0.041092 major_cost: 0.056156 mutator_cost: 0.902752 throughput_goal: 0.990000
[31.951s][debug  ][gc,ergo        ] GC(117) Live_space: 1058395008 free_space: 1418723328
[31.951s][debug  ][gc,ergo        ] GC(117) Old eden_size: 199229440 desired_eden_size: 199229440
[31.951s][debug  ][gc,ergo        ] GC(117) AdaptiveSizeStop: collection: 118 
[31.951s][info   ][gc,heap        ] GC(117) PSYoungGen: 218769K(228352K)->30720K(228352K) Eden: 188049K(194560K)->0K(194560K) From: 30720K(33792K)->30720K(33792K)
[31.951s][info   ][gc,heap        ] GC(117) ParOldGen: 861796K(1835008K)->882276K(1835008K)
[31.951s][info   ][gc,metaspace   ] GC(117) Metaspace: 1024K(1216K)->1024K(1216K) NonClass: 940K(1024K)->940K(1024K) Class: 83K(192K)->83K(192K)
[31.951s][info   ][gc             ] GC(117) Pause Young (Allocation Failure) 1055M->891M(2015M) 6.345ms
[31.951s][info   ][gc,cpu         ] GC(117) User=0.00s Sys=0.00s Real=0.01s
[31.951s][debug  ][gc,heap        ] GC(117) Heap after GC invocations=118 (full 19):
[31.951s][debug  ][gc,heap        ] GC(117)  PSYoungGen      total 228352K, used 30720K [0x00000000f0000000, 0x0000000100000000, 0x0000000100000000)
[31.951s][debug  ][gc,heap        ] GC(117)   eden space 194560K, 0% used [0x00000000f0000000,0x00000000f0000000,0x00000000fbe00000)
[31.951s][debug  ][gc,heap        ] GC(117)   from space 33792K, 90% used [0x00000000fdf00000,0x00000000ffd00030,0x0000000100000000)
[31.951s][debug  ][gc,heap        ] GC(117)   to   space 33792K, 0% used [0x00000000fbe00000,0x00000000fbe00000,0x00000000fdf00000)
[31.951s][debug  ][gc,heap        ] GC(117)  ParOldGen       total 1835008K, used 882276K [0x0000000080000000, 0x00000000f0000000, 0x00000000f0000000)
[31.952s][debug  ][gc,heap        ] GC(117)   object space 1835008K, 48% used [0x0000000080000000,0x00000000b5d990e0,0x00000000f0000000)
[31.952s][debug  ][gc,heap        ] GC(117)  Metaspace       used 1024K, committed 1216K, reserved 1056768K
[31.952s][debug  ][gc,heap        ] GC(117)   class space    used 83K, committed 192K, reserved 1048576K
[31.952s][debug  ][gc,task,time   ] GC(117) VM-Thread 319445046 319489487 319516071
[32.246s][debug  ][gc,heap        ] GC(118) Heap before GC invocations=119 (full 19):
[32.246s][debug  ][gc,heap        ] GC(118)  PSYoungGen      total 228352K, used 218799K [0x00000000f0000000, 0x0000000100000000, 0x0000000100000000)
[32.246s][debug  ][gc,heap        ] GC(118)   eden space 194560K, 96% used [0x00000000f0000000,0x00000000fb7abdb8,0x00000000fbe00000)
[32.246s][debug  ][gc,heap        ] GC(118)   from space 33792K, 90% used [0x00000000fdf00000,0x00000000ffd00030,0x0000000100000000)
[32.246s][debug  ][gc,heap        ] GC(118)   to   space 33792K, 0% used [0x00000000fbe00000,0x00000000fbe00000,0x00000000fdf00000)
[32.246s][debug  ][gc,heap        ] GC(118)  ParOldGen       total 1835008K, used 882276K [0x0000000080000000, 0x00000000f0000000, 0x00000000f0000000)
[32.246s][debug  ][gc,heap        ] GC(118)   object space 1835008K, 48% used [0x0000000080000000,0x00000000b5d990e0,0x00000000f0000000)
[32.246s][debug  ][gc,heap        ] GC(118)  Metaspace       used 1024K, committed 1216K, reserved 1056768K
[32.246s][debug  ][gc,heap        ] GC(118)   class space    used 83K, committed 192K, reserved 1048576K
[32.246s][debug  ][gc,tlab        ] GC(118) TLAB totals: thrds: 1  refills: 1 max: 1 slow allocs: 17 max 17 waste: 26.9% gc: 3849368B max: 3849368B slow: 0B max: 0B
[32.246s][info   ][gc,start       ] GC(118) Pause Young (Allocation Failure)
[32.247s][debug  ][gc,phases,start] GC(118) Scavenge
[32.261s][debug  ][gc,phases      ] GC(118) Scavenge 14.634ms
[32.261s][debug  ][gc,phases,start] GC(118) Reference Processing
[32.261s][debug  ][gc,ref         ] GC(118) Skipped phase 1 of Reference Processing: no references
[32.261s][debug  ][gc,ref         ] GC(118) Skipped phase 2 of Reference Processing: no references
[32.261s][debug  ][gc,ref         ] GC(118) Skipped phase 3 of Reference Processing: no references
[32.261s][debug  ][gc,ref         ] GC(118) Skipped phase 4 of Reference Processing: no references
[32.261s][debug  ][gc,phases,ref  ] GC(118) Reference Processing: 0.1ms
[32.261s][debug  ][gc,phases,ref  ] GC(118)   Reconsider SoftReferences: 0.0ms
[32.261s][debug  ][gc,phases,ref  ] GC(118)     SoftRef (ms):                  skipped
[32.261s][debug  ][gc,phases,ref  ] GC(118)   Notify Soft/WeakReferences: 0.0ms
[32.261s][debug  ][gc,phases,ref  ] GC(118)     SoftRef (ms):                  skipped
[32.262s][debug  ][gc,phases,ref  ] GC(118)     WeakRef (ms):                  skipped
[32.262s][debug  ][gc,phases,ref  ] GC(118)     FinalRef (ms):                 skipped
[32.262s][debug  ][gc,phases,ref  ] GC(118)     Total (ms):                    skipped
[32.262s][debug  ][gc,phases,ref  ] GC(118)   Notify and keep alive finalizable: 0.0ms
[32.262s][debug  ][gc,phases,ref  ] GC(118)     FinalRef (ms):                 skipped
[32.262s][debug  ][gc,phases,ref  ] GC(118)   Notify PhantomReferences: 0.0ms
[32.262s][debug  ][gc,phases,ref  ] GC(118)     PhantomRef (ms):               skipped
[32.262s][debug  ][gc,phases,ref  ] GC(118)   SoftReference:
[32.262s][debug  ][gc,phases,ref  ] GC(118)     Discovered: 0
[32.262s][debug  ][gc,phases,ref  ] GC(118)     Cleared: 0
[32.262s][debug  ][gc,phases,ref  ] GC(118)   WeakReference:
[32.262s][debug  ][gc,phases,ref  ] GC(118)     Discovered: 0
[32.262s][debug  ][gc,phases,ref  ] GC(118)     Cleared: 0
[32.262s][debug  ][gc,phases,ref  ] GC(118)   FinalReference:
[32.262s][debug  ][gc,phases,ref  ] GC(118)     Discovered: 0
[32.262s][debug  ][gc,phases,ref  ] GC(118)     Cleared: 0
[32.262s][debug  ][gc,phases,ref  ] GC(118)   PhantomReference:
[32.262s][debug  ][gc,phases,ref  ] GC(118)     Discovered: 0
[32.262s][debug  ][gc,phases,ref  ] GC(118)     Cleared: 0
[32.262s][debug  ][gc,phases      ] GC(118) Reference Processing 0.734ms
[32.262s][debug  ][gc,phases,start] GC(118) Weak Processing
[32.262s][debug  ][gc,phases      ] GC(118)   VM Weak                        Min:  0.0, Avg:  0.0, Max:  0.0, Diff:  0.0, Sum:  0.0, Workers: 6
[32.262s][debug  ][gc,phases      ] GC(118)     Dead                           Min: 0, Avg:  0.0, Max: 0, Diff: 0, Sum: 0, Workers: 6
[32.262s][debug  ][gc,phases      ] GC(118)     Total                          Min: 0, Avg:  1.3, Max: 8, Diff: 8, Sum: 8, Workers: 6
[32.262s][debug  ][gc,phases      ] GC(118)   ObjectSynchronizer Weak        Min:  0.0, Avg:  0.0, Max:  0.0, Diff:  0.0, Sum:  0.0, Workers: 6
[32.262s][debug  ][gc,phases      ] GC(118)     Dead                           Min: 0, Avg:  0.0, Max: 0, Diff: 0, Sum: 0, Workers: 6
[32.262s][debug  ][gc,phases      ] GC(118)     Total                          Min: 0, Avg:  0.5, Max: 3, Diff: 3, Sum: 3, Workers: 6
[32.262s][debug  ][gc,phases      ] GC(118)   JVMTI Tag Weak OopStorage      Min:  0.0, Avg:  0.0, Max:  0.0, Diff:  0.0, Sum:  0.0, Workers: 6
[32.262s][debug  ][gc,phases      ] GC(118)     Dead                           Min: 0, Avg:  0.0, Max: 0, Diff: 0, Sum: 0, Workers: 6
[32.262s][debug  ][gc,phases      ] GC(118)     Total                          Min: 0, Avg:  0.0, Max: 0, Diff: 0, Sum: 0, Workers: 6
[32.262s][debug  ][gc,phases      ] GC(118)   StringTable Weak               Min:  0.0, Avg:  0.0, Max:  0.0, Diff:  0.0, Sum:  0.0, Workers: 6
[32.262s][debug  ][gc,phases      ] GC(118)     Dead                           Min: 0, Avg:  0.0, Max: 0, Diff: 0, Sum: 0, Workers: 6
[32.262s][debug  ][gc,phases      ] GC(118)     Total                          Min: 704, Avg: 892.2, Max: 1216, Diff: 512, Sum: 5353, Workers: 6
[32.262s][debug  ][gc,phases      ] GC(118)   ResolvedMethodTable Weak       Min:  0.0, Avg:  0.0, Max:  0.0, Diff:  0.0, Sum:  0.0, Workers: 6
[32.262s][debug  ][gc,phases      ] GC(118)     Dead                           Min: 0, Avg:  0.0, Max: 0, Diff: 0, Sum: 0, Workers: 6
[32.263s][debug  ][gc,phases      ] GC(118)     Total                          Min: 0, Avg: 21.7, Max: 64, Diff: 64, Sum: 130, Workers: 6
[32.263s][debug  ][gc,phases      ] GC(118)   JNI Weak                       Min:  0.0, Avg:  0.0, Max:  0.0, Diff:  0.0, Sum:  0.0, Workers: 6
[32.263s][debug  ][gc,phases      ] GC(118)     Dead                           Min: 0, Avg:  0.0, Max: 0, Diff: 0, Sum: 0, Workers: 6
[32.263s][debug  ][gc,phases      ] GC(118)     Total                          Min: 0, Avg:  0.0, Max: 0, Diff: 0, Sum: 0, Workers: 6
[32.263s][debug  ][gc,phases      ] GC(118)   StringDedup Table Weak         Min:  0.0, Avg:  0.0, Max:  0.0, Diff:  0.0, Sum:  0.0, Workers: 6
[32.263s][debug  ][gc,phases      ] GC(118)     Dead                           Min: 0, Avg:  0.0, Max: 0, Diff: 0, Sum: 0, Workers: 6
[32.263s][debug  ][gc,phases      ] GC(118)     Total                          Min: 0, Avg:  0.0, Max: 0, Diff: 0, Sum: 0, Workers: 6
[32.263s][debug  ][gc,phases      ] GC(118)   StringDedup Requests0 Weak     Min:  0.0, Avg:  0.0, Max:  0.0, Diff:  0.0, Sum:  0.0, Workers: 6
[32.263s][debug  ][gc,phases      ] GC(118)     Dead                           Min: 0, Avg:  0.0, Max: 0, Diff: 0, Sum: 0, Workers: 6
[32.263s][debug  ][gc,phases      ] GC(118)     Total                          Min: 0, Avg:  0.0, Max: 0, Diff: 0, Sum: 0, Workers: 6
[32.263s][debug  ][gc,phases      ] GC(118)   StringDedup Requests1 Weak     Min:  0.0, Avg:  0.0, Max:  0.0, Diff:  0.0, Sum:  0.0, Workers: 6
[32.263s][debug  ][gc,phases      ] GC(118)     Dead                           Min: 0, Avg:  0.0, Max: 0, Diff: 0, Sum: 0, Workers: 6
[32.263s][debug  ][gc,phases      ] GC(118)     Total                          Min: 0, Avg:  0.0, Max: 0, Diff: 0, Sum: 0, Workers: 6
[32.263s][debug  ][gc,phases      ] GC(118)   Weak JFR Old Object Samples    Min:  0.0, Avg:  0.0, Max:  0.0, Diff:  0.0, Sum:  0.0, Workers: 6
[32.263s][debug  ][gc,phases      ] GC(118)     Dead                           Min: 0, Avg:  0.0, Max: 0, Diff: 0, Sum: 0, Workers: 6
[32.263s][debug  ][gc,phases      ] GC(118)     Total                          Min: 0, Avg:  0.0, Max: 0, Diff: 0, Sum: 0, Workers: 6
[32.263s][debug  ][gc,phases      ] GC(118) Weak Processing 0.868ms
[32.263s][debug  ][gc,ergo        ] GC(118) AdaptiveSizeStart:  collection: 119 
[32.263s][debug  ][gc,ergo        ] GC(118) avg_survived_padded_avg: 33995700.000000
[32.263s][debug  ][gc,ergo        ] GC(118) avg_promoted_padded_avg: 264485440.000000  avg_pretenured_padded_avg: 0.000000  tenuring_thresh: 15  target_size: 34078720
[32.263s][debug  ][gc,age         ] GC(118) Desired survivor size 34078720 bytes, new threshold 15 (max threshold 15)
[32.263s][debug  ][gc,ergo        ] GC(118) PSAdaptiveSizePolicy::compute_eden_space_size limits: desired_eden_size: 216720450 old_eden_size: 199229440 eden_limit: 199229440 cur_eden: 199229440 max_eden_size: 199229440 avg_young_live: 26506528
[32.263s][debug  ][gc,ergo        ] GC(118) PSAdaptiveSizePolicy::compute_eden_space_size: costs minor_time: 0.043938 major_cost: 0.056156 mutator_cost: 0.899906 throughput_goal: 0.990000
[32.263s][debug  ][gc,ergo        ] GC(118) Live_space: 1058945024 free_space: 1418723328
[32.263s][debug  ][gc,ergo        ] GC(118) Old eden_size: 199229440 desired_eden_size: 199229440
[32.263s][debug  ][gc,ergo        ] GC(118) AdaptiveSizeStop: collection: 119 
[32.263s][info   ][gc,heap        ] GC(118) PSYoungGen: 218799K(228352K)->30720K(228352K) Eden: 188079K(194560K)->0K(194560K) From: 30720K(33792K)->30720K(33792K)
[32.263s][info   ][gc,heap        ] GC(118) ParOldGen: 882276K(1835008K)->1066596K(1835008K)
[32.263s][info   ][gc,metaspace   ] GC(118) Metaspace: 1024K(1216K)->1024K(1216K) NonClass: 940K(1024K)->940K(1024K) Class: 83K(192K)->83K(192K)
[32.263s][info   ][gc             ] GC(118) Pause Young (Allocation Failure) 1075M->1071M(2015M) 16.764ms
[32.263s][info   ][gc,cpu         ] GC(118) User=0.16s Sys=0.00s Real=0.02s
[32.263s][debug  ][gc,heap        ] GC(118) Heap after GC invocations=119 (full 19):
[32.263s][debug  ][gc,heap        ] GC(118)  PSYoungGen      total 228352K, used 30720K [0x00000000f0000000, 0x0000000100000000, 0x0000000100000000)
[32.263s][debug  ][gc,heap        ] GC(118)   eden space 194560K, 0% used [0x00000000f0000000,0x00000000f0000000,0x00000000fbe00000)
[32.263s][debug  ][gc,heap        ] GC(118)   from space 33792K, 90% used [0x00000000fbe00000,0x00000000fdc00030,0x00000000fdf00000)
[32.263s][debug  ][gc,heap        ] GC(118)   to   space 33280K, 0% used [0x00000000fdf80000,0x00000000fdf80000,0x0000000100000000)
[32.263s][debug  ][gc,heap        ] GC(118)  ParOldGen       total 1835008K, used 1066596K [0x0000000080000000, 0x00000000f0000000, 0x00000000f0000000)
[32.263s][debug  ][gc,heap        ] GC(118)   object space 1835008K, 58% used [0x0000000080000000,0x00000000c1199200,0x00000000f0000000)
[32.263s][debug  ][gc,heap        ] GC(118)  Metaspace       used 1024K, committed 1216K, reserved 1056768K
[32.263s][debug  ][gc,heap        ] GC(118)   class space    used 83K, committed 192K, reserved 1048576K
[32.264s][debug  ][gc,task,time   ] GC(118) VM-Thread 322460307 322612551 322635174
[32.547s][debug  ][gc,heap        ] GC(119) Heap before GC invocations=120 (full 19):
[32.547s][debug  ][gc,heap        ] GC(119)  PSYoungGen      total 228352K, used 218818K [0x00000000f0000000, 0x0000000100000000, 0x0000000100000000)
[32.547s][debug  ][gc,heap        ] GC(119)   eden space 194560K, 96% used [0x00000000f0000000,0x00000000fb7b09c0,0x00000000fbe00000)
[32.547s][debug  ][gc,heap        ] GC(119)   from space 33792K, 90% used [0x00000000fbe00000,0x00000000fdc00030,0x00000000fdf00000)
[32.547s][debug  ][gc,heap        ] GC(119)   to   space 33280K, 0% used [0x00000000fdf80000,0x00000000fdf80000,0x0000000100000000)
[32.547s][debug  ][gc,heap        ] GC(119)  ParOldGen       total 1835008K, used 1066596K [0x0000000080000000, 0x00000000f0000000, 0x00000000f0000000)
[32.547s][debug  ][gc,heap        ] GC(119)   object space 1835008K, 58% used [0x0000000080000000,0x00000000c1199200,0x00000000f0000000)
[32.547s][debug  ][gc,heap        ] GC(119)  Metaspace       used 1024K, committed 1216K, reserved 1056768K
[32.547s][debug  ][gc,heap        ] GC(119)   class space    used 83K, committed 192K, reserved 1048576K
[32.547s][debug  ][gc,tlab        ] GC(119) TLAB totals: thrds: 1  refills: 1 max: 1 slow allocs: 17 max 17 waste: 27.0% gc: 3868832B max: 3868832B slow: 0B max: 0B
[32.547s][info   ][gc,start       ] GC(119) Pause Young (Allocation Failure)
[32.547s][debug  ][gc,phases,start] GC(119) Scavenge
[32.562s][debug  ][gc,phases      ] GC(119) Scavenge 14.790ms
[32.562s][debug  ][gc,phases,start] GC(119) Reference Processing
[32.562s][debug  ][gc,ref         ] GC(119) Skipped phase 1 of Reference Processing: no references
[32.562s][debug  ][gc,ref         ] GC(119) Skipped phase 2 of Reference Processing: no references
[32.562s][debug  ][gc,ref         ] GC(119) Skipped phase 3 of Reference Processing: no references
[32.562s][debug  ][gc,ref         ] GC(119) Skipped phase 4 of Reference Processing: no references
[32.562s][debug  ][gc,phases,ref  ] GC(119) Reference Processing: 0.1ms
[32.562s][debug  ][gc,phases,ref  ] GC(119)   Reconsider SoftReferences: 0.0ms
[32.562s][debug  ][gc,phases,ref  ] GC(119)     SoftRef (ms):                  skipped
[32.562s][debug  ][gc,phases,ref  ] GC(119)   Notify Soft/WeakReferences: 0.0ms
[32.562s][debug  ][gc,phases,ref  ] GC(119)     SoftRef (ms):                  skipped
[32.562s][debug  ][gc,phases,ref  ] GC(119)     WeakRef (ms):                  skipped
[32.562s][debug  ][gc,phases,ref  ] GC(119)     FinalRef (ms):                 skipped
[32.562s][debug  ][gc,phases,ref  ] GC(119)     Total (ms):                    skipped
[32.563s][debug  ][gc,phases,ref  ] GC(119)   Notify and keep alive finalizable: 0.0ms
[32.563s][debug  ][gc,phases,ref  ] GC(119)     FinalRef (ms):                 skipped
[32.563s][debug  ][gc,phases,ref  ] GC(119)   Notify PhantomReferences: 0.0ms
[32.563s][debug  ][gc,phases,ref  ] GC(119)     PhantomRef (ms):               skipped
[32.563s][debug  ][gc,phases,ref  ] GC(119)   SoftReference:
[32.563s][debug  ][gc,phases,ref  ] GC(119)     Discovered: 0
[32.563s][debug  ][gc,phases,ref  ] GC(119)     Cleared: 0
[32.563s][debug  ][gc,phases,ref  ] GC(119)   WeakReference:
[32.563s][debug  ][gc,phases,ref  ] GC(119)     Discovered: 0
[32.563s][debug  ][gc,phases,ref  ] GC(119)     Cleared: 0
[32.563s][debug  ][gc,phases,ref  ] GC(119)   FinalReference:
[32.563s][debug  ][gc,phases,ref  ] GC(119)     Discovered: 0
[32.563s][debug  ][gc,phases,ref  ] GC(119)     Cleared: 0
[32.563s][debug  ][gc,phases,ref  ] GC(119)   PhantomReference:
[32.563s][debug  ][gc,phases,ref  ] GC(119)     Discovered: 0
[32.563s][debug  ][gc,phases,ref  ] GC(119)     Cleared: 0
[32.563s][debug  ][gc,phases      ] GC(119) Reference Processing 0.831ms
[32.563s][debug  ][gc,phases,start] GC(119) Weak Processing
[32.563s][debug  ][gc,phases      ] GC(119)   VM Weak                        Min:  0.0, Avg:  0.0, Max:  0.0, Diff:  0.0, Sum:  0.0, Workers: 6
[32.563s][debug  ][gc,phases      ] GC(119)     Dead                           Min: 0, Avg:  0.0, Max: 0, Diff: 0, Sum: 0, Workers: 6
[32.563s][debug  ][gc,phases      ] GC(119)     Total                          Min: 0, Avg:  1.3, Max: 8, Diff: 8, Sum: 8, Workers: 6
[32.563s][debug  ][gc,phases      ] GC(119)   ObjectSynchronizer Weak        Min:  0.0, Avg:  0.0, Max:  0.0, Diff:  0.0, Sum:  0.0, Workers: 6
[32.563s][debug  ][gc,phases      ] GC(119)     Dead                           Min: 0, Avg:  0.0, Max: 0, Diff: 0, Sum: 0, Workers: 6
[32.563s][debug  ][gc,phases      ] GC(119)     Total                          Min: 0, Avg:  0.5, Max: 3, Diff: 3, Sum: 3, Workers: 6
[32.563s][debug  ][gc,phases      ] GC(119)   JVMTI Tag Weak OopStorage      Min:  0.0, Avg:  0.0, Max:  0.0, Diff:  0.0, Sum:  0.0, Workers: 6
[32.563s][debug  ][gc,phases      ] GC(119)     Dead                           Min: 0, Avg:  0.0, Max: 0, Diff: 0, Sum: 0, Workers: 6
[32.563s][debug  ][gc,phases      ] GC(119)     Total                          Min: 0, Avg:  0.0, Max: 0, Diff: 0, Sum: 0, Workers: 6
[32.563s][debug  ][gc,phases      ] GC(119)   StringTable Weak               Min:  0.0, Avg:  0.0, Max:  0.0, Diff:  0.0, Sum:  0.0, Workers: 6
[32.563s][debug  ][gc,phases      ] GC(119)     Dead                           Min: 0, Avg:  0.0, Max: 0, Diff: 0, Sum: 0, Workers: 6
[32.563s][debug  ][gc,phases      ] GC(119)     Total                          Min: 768, Avg: 892.2, Max: 1130, Diff: 362, Sum: 5353, Workers: 6
[32.563s][debug  ][gc,phases      ] GC(119)   ResolvedMethodTable Weak       Min:  0.0, Avg:  0.0, Max:  0.0, Diff:  0.0, Sum:  0.0, Workers: 6
[32.563s][debug  ][gc,phases      ] GC(119)     Dead                           Min: 0, Avg:  0.0, Max: 0, Diff: 0, Sum: 0, Workers: 6
[32.563s][debug  ][gc,phases      ] GC(119)     Total                          Min: 0, Avg: 21.7, Max: 64, Diff: 64, Sum: 130, Workers: 6
[32.563s][debug  ][gc,phases      ] GC(119)   JNI Weak                       Min:  0.0, Avg:  0.0, Max:  0.0, Diff:  0.0, Sum:  0.0, Workers: 6
[32.563s][debug  ][gc,phases      ] GC(119)     Dead                           Min: 0, Avg:  0.0, Max: 0, Diff: 0, Sum: 0, Workers: 6
[32.563s][debug  ][gc,phases      ] GC(119)     Total                          Min: 0, Avg:  0.0, Max: 0, Diff: 0, Sum: 0, Workers: 6
[32.563s][debug  ][gc,phases      ] GC(119)   StringDedup Table Weak         Min:  0.0, Avg:  0.0, Max:  0.0, Diff:  0.0, Sum:  0.0, Workers: 6
[32.564s][debug  ][gc,phases      ] GC(119)     Dead                           Min: 0, Avg:  0.0, Max: 0, Diff: 0, Sum: 0, Workers: 6
[32.564s][debug  ][gc,phases      ] GC(119)     Total                          Min: 0, Avg:  0.0, Max: 0, Diff: 0, Sum: 0, Workers: 6
[32.564s][debug  ][gc,phases      ] GC(119)   StringDedup Requests0 Weak     Min:  0.0, Avg:  0.0, Max:  0.0, Diff:  0.0, Sum:  0.0, Workers: 6
[32.564s][debug  ][gc,phases      ] GC(119)     Dead                           Min: 0, Avg:  0.0, Max: 0, Diff: 0, Sum: 0, Workers: 6
[32.564s][debug  ][gc,phases      ] GC(119)     Total                          Min: 0, Avg:  0.0, Max: 0, Diff: 0, Sum: 0, Workers: 6
[32.564s][debug  ][gc,phases      ] GC(119)   StringDedup Requests1 Weak     Min:  0.0, Avg:  0.0, Max:  0.0, Diff:  0.0, Sum:  0.0, Workers: 6
[32.564s][debug  ][gc,phases      ] GC(119)     Dead                           Min: 0, Avg:  0.0, Max: 0, Diff: 0, Sum: 0, Workers: 6
[32.564s][debug  ][gc,phases      ] GC(119)     Total                          Min: 0, Avg:  0.0, Max: 0, Diff: 0, Sum: 0, Workers: 6
[32.564s][debug  ][gc,phases      ] GC(119)   Weak JFR Old Object Samples    Min:  0.0, Avg:  0.0, Max:  0.0, Diff:  0.0, Sum:  0.0, Workers: 6
[32.564s][debug  ][gc,phases      ] GC(119)     Dead                           Min: 0, Avg:  0.0, Max: 0, Diff: 0, Sum: 0, Workers: 6
[32.564s][debug  ][gc,phases      ] GC(119)     Total                          Min: 0, Avg:  0.0, Max: 0, Diff: 0, Sum: 0, Workers: 6
[32.564s][debug  ][gc,phases      ] GC(119) Weak Processing 0.843ms
[32.564s][debug  ][gc,ergo        ] GC(119) AdaptiveSizeStart:  collection: 120 
[32.564s][debug  ][gc,ergo        ] GC(119) avg_survived_padded_avg: 33816676.000000
[32.564s][debug  ][gc,ergo        ] GC(119) avg_promoted_padded_avg: 266073552.000000  avg_pretenured_padded_avg: 0.000000  tenuring_thresh: 15  target_size: 34078720
[32.564s][debug  ][gc,age         ] GC(119) Desired survivor size 34078720 bytes, new threshold 15 (max threshold 15)
[32.564s][debug  ][gc,ergo        ] GC(119) PSAdaptiveSizePolicy::compute_eden_space_size limits: desired_eden_size: 217328987 old_eden_size: 199229440 eden_limit: 199753728 cur_eden: 199229440 max_eden_size: 199753728 avg_young_live: 27001606
[32.564s][debug  ][gc,ergo        ] GC(119) PSAdaptiveSizePolicy::compute_eden_space_size: costs minor_time: 0.046739 major_cost: 0.056156 mutator_cost: 0.897105 throughput_goal: 0.990000
[32.564s][debug  ][gc,ergo        ] GC(119) Live_space: 1059440128 free_space: 1418723328
[32.564s][debug  ][gc,ergo        ] GC(119) Old eden_size: 199229440 desired_eden_size: 199753728
[32.564s][debug  ][gc,ergo        ] GC(119) AdaptiveSizeStop: collection: 120 
[32.564s][info   ][gc,heap        ] GC(119) PSYoungGen: 218818K(228352K)->30720K(228864K) Eden: 188098K(194560K)->0K(195584K) From: 30720K(33792K)->30720K(33280K)
[32.564s][info   ][gc,heap        ] GC(119) ParOldGen: 1066596K(1835008K)->1250916K(1835008K)
[32.564s][info   ][gc,metaspace   ] GC(119) Metaspace: 1024K(1216K)->1024K(1216K) NonClass: 940K(1024K)->940K(1024K) Class: 83K(192K)->83K(192K)
[32.564s][info   ][gc             ] GC(119) Pause Young (Allocation Failure) 1255M->1251M(2015M) 16.956ms
[32.564s][info   ][gc,cpu         ] GC(119) User=0.16s Sys=0.00s Real=0.02s
[32.564s][debug  ][gc,heap        ] GC(119) Heap after GC invocations=120 (full 19):
[32.564s][debug  ][gc,heap        ] GC(119)  PSYoungGen      total 228864K, used 30720K [0x00000000f0000000, 0x0000000100000000, 0x0000000100000000)
[32.564s][debug  ][gc,heap        ] GC(119)   eden space 195584K, 0% used [0x00000000f0000000,0x00000000f0000000,0x00000000fbf00000)
[32.564s][debug  ][gc,heap        ] GC(119)   from space 33280K, 92% used [0x00000000fdf80000,0x00000000ffd80030,0x0000000100000000)
[32.564s][debug  ][gc,heap        ] GC(119)   to   space 33280K, 0% used [0x00000000fbf00000,0x00000000fbf00000,0x00000000fdf80000)
[32.564s][debug  ][gc,heap        ] GC(119)  ParOldGen       total 1835008K, used 1250916K [0x0000000080000000, 0x00000000f0000000, 0x00000000f0000000)
[32.564s][debug  ][gc,heap        ] GC(119)   object space 1835008K, 68% used [0x0000000080000000,0x00000000cc599320,0x00000000f0000000)
[32.564s][debug  ][gc,heap        ] GC(119)  Metaspace       used 1024K, committed 1216K, reserved 1056768K
[32.564s][debug  ][gc,heap        ] GC(119)   class space    used 83K, committed 192K, reserved 1048576K
[32.564s][debug  ][gc,task,time   ] GC(119) VM-Thread 325466808 325620950 325644264
[32.848s][debug  ][gc,heap        ] GC(120) Heap before GC invocations=121 (full 19):
[32.848s][debug  ][gc,heap        ] GC(120)  PSYoungGen      total 228864K, used 218850K [0x00000000f0000000, 0x0000000100000000, 0x0000000100000000)
[32.848s][debug  ][gc,heap        ] GC(120)   eden space 195584K, 96% used [0x00000000f0000000,0x00000000fb7b8a60,0x00000000fbf00000)
[32.848s][debug  ][gc,heap        ] GC(120)   from space 33280K, 92% used [0x00000000fdf80000,0x00000000ffd80030,0x0000000100000000)
[32.848s][debug  ][gc,heap        ] GC(120)   to   space 33280K, 0% used [0x00000000fbf00000,0x00000000fbf00000,0x00000000fdf80000)
[32.848s][debug  ][gc,heap        ] GC(120)  ParOldGen       total 1835008K, used 1250916K [0x0000000080000000, 0x00000000f0000000, 0x00000000f0000000)
[32.848s][debug  ][gc,heap        ] GC(120)   object space 1835008K, 68% used [0x0000000080000000,0x00000000cc599320,0x00000000f0000000)
[32.848s][debug  ][gc,heap        ] GC(120)  Metaspace       used 1024K, committed 1216K, reserved 1056768K
[32.848s][debug  ][gc,heap        ] GC(120)   class space    used 83K, committed 192K, reserved 1048576K
[32.849s][debug  ][gc,tlab        ] GC(120) TLAB totals: thrds: 1  refills: 1 max: 1 slow allocs: 17 max 17 waste: 27.1% gc: 3901760B max: 3901760B slow: 0B max: 0B
[32.849s][info   ][gc,start       ] GC(120) Pause Young (Allocation Failure)
[32.849s][debug  ][gc,phases,start] GC(120) Scavenge
[32.864s][debug  ][gc,phases      ] GC(120) Scavenge 15.141ms
[32.864s][debug  ][gc,phases,start] GC(120) Reference Processing
[32.864s][debug  ][gc,ref         ] GC(120) Skipped phase 1 of Reference Processing: no references
[32.864s][debug  ][gc,ref         ] GC(120) Skipped phase 2 of Reference Processing: no references
[32.864s][debug  ][gc,ref         ] GC(120) Skipped phase 3 of Reference Processing: no references
[32.864s][debug  ][gc,ref         ] GC(120) Skipped phase 4 of Reference Processing: no references
[32.864s][debug  ][gc,phases,ref  ] GC(120) Reference Processing: 0.1ms
[32.864s][debug  ][gc,phases,ref  ] GC(120)   Reconsider SoftReferences: 0.0ms
[32.864s][debug  ][gc,phases,ref  ] GC(120)     SoftRef (ms):                  skipped
[32.864s][debug  ][gc,phases,ref  ] GC(120)   Notify Soft/WeakReferences: 0.0ms
[32.864s][debug  ][gc,phases,ref  ] GC(120)     SoftRef (ms):                  skipped
[32.864s][debug  ][gc,phases,ref  ] GC(120)     WeakRef (ms):                  skipped
[32.864s][debug  ][gc,phases,ref  ] GC(120)     FinalRef (ms):                 skipped
[32.864s][debug  ][gc,phases,ref  ] GC(120)     Total (ms):                    skipped
[32.864s][debug  ][gc,phases,ref  ] GC(120)   Notify and keep alive finalizable: 0.0ms
[32.864s][debug  ][gc,phases,ref  ] GC(120)     FinalRef (ms):                 skipped
[32.864s][debug  ][gc,phases,ref  ] GC(120)   Notify PhantomReferences: 0.0ms
[32.864s][debug  ][gc,phases,ref  ] GC(120)     PhantomRef (ms):               skipped
[32.864s][debug  ][gc,phases,ref  ] GC(120)   SoftReference:
[32.864s][debug  ][gc,phases,ref  ] GC(120)     Discovered: 0
[32.864s][debug  ][gc,phases,ref  ] GC(120)     Cleared: 0
[32.864s][debug  ][gc,phases,ref  ] GC(120)   WeakReference:
[32.864s][debug  ][gc,phases,ref  ] GC(120)     Discovered: 0
[32.864s][debug  ][gc,phases,ref  ] GC(120)     Cleared: 0
[32.864s][debug  ][gc,phases,ref  ] GC(120)   FinalReference:
[32.864s][debug  ][gc,phases,ref  ] GC(120)     Discovered: 0
[32.864s][debug  ][gc,phases,ref  ] GC(120)     Cleared: 0
[32.865s][debug  ][gc,phases,ref  ] GC(120)   PhantomReference:
[32.865s][debug  ][gc,phases,ref  ] GC(120)     Discovered: 0
[32.865s][debug  ][gc,phases,ref  ] GC(120)     Cleared: 0
[32.865s][debug  ][gc,phases      ] GC(120) Reference Processing 0.814ms
[32.865s][debug  ][gc,phases,start] GC(120) Weak Processing
[32.865s][debug  ][gc,phases      ] GC(120)   VM Weak                        Min:  0.0, Avg:  0.0, Max:  0.0, Diff:  0.0, Sum:  0.0, Workers: 6
[32.865s][debug  ][gc,phases      ] GC(120)     Dead                           Min: 0, Avg:  0.0, Max: 0, Diff: 0, Sum: 0, Workers: 6
[32.865s][debug  ][gc,phases      ] GC(120)     Total                          Min: 0, Avg:  1.3, Max: 8, Diff: 8, Sum: 8, Workers: 6
[32.865s][debug  ][gc,phases      ] GC(120)   ObjectSynchronizer Weak        Min:  0.0, Avg:  0.0, Max:  0.0, Diff:  0.0, Sum:  0.0, Workers: 6
[32.865s][debug  ][gc,phases      ] GC(120)     Dead                           Min: 0, Avg:  0.0, Max: 0, Diff: 0, Sum: 0, Workers: 6
[32.865s][debug  ][gc,phases      ] GC(120)     Total                          Min: 0, Avg:  0.5, Max: 3, Diff: 3, Sum: 3, Workers: 6
[32.865s][debug  ][gc,phases      ] GC(120)   JVMTI Tag Weak OopStorage      Min:  0.0, Avg:  0.0, Max:  0.0, Diff:  0.0, Sum:  0.0, Workers: 6
[32.865s][debug  ][gc,phases      ] GC(120)     Dead                           Min: 0, Avg:  0.0, Max: 0, Diff: 0, Sum: 0, Workers: 6
[32.865s][debug  ][gc,phases      ] GC(120)     Total                          Min: 0, Avg:  0.0, Max: 0, Diff: 0, Sum: 0, Workers: 6
[32.865s][debug  ][gc,phases      ] GC(120)   StringTable Weak               Min:  0.0, Avg:  0.0, Max:  0.0, Diff:  0.0, Sum:  0.0, Workers: 6
[32.865s][debug  ][gc,phases      ] GC(120)     Dead                           Min: 0, Avg:  0.0, Max: 0, Diff: 0, Sum: 0, Workers: 6
[32.865s][debug  ][gc,phases      ] GC(120)     Total                          Min: 704, Avg: 892.2, Max: 1088, Diff: 384, Sum: 5353, Workers: 6
[32.865s][debug  ][gc,phases      ] GC(120)   ResolvedMethodTable Weak       Min:  0.0, Avg:  0.0, Max:  0.0, Diff:  0.0, Sum:  0.0, Workers: 6
[32.865s][debug  ][gc,phases      ] GC(120)     Dead                           Min: 0, Avg:  0.0, Max: 0, Diff: 0, Sum: 0, Workers: 6
[32.865s][debug  ][gc,phases      ] GC(120)     Total                          Min: 0, Avg: 21.7, Max: 64, Diff: 64, Sum: 130, Workers: 6
[32.865s][debug  ][gc,phases      ] GC(120)   JNI Weak                       Min:  0.0, Avg:  0.0, Max:  0.0, Diff:  0.0, Sum:  0.0, Workers: 6
[32.865s][debug  ][gc,phases      ] GC(120)     Dead                           Min: 0, Avg:  0.0, Max: 0, Diff: 0, Sum: 0, Workers: 6
[32.865s][debug  ][gc,phases      ] GC(120)     Total                          Min: 0, Avg:  0.0, Max: 0, Diff: 0, Sum: 0, Workers: 6
[32.865s][debug  ][gc,phases      ] GC(120)   StringDedup Table Weak         Min:  0.0, Avg:  0.0, Max:  0.0, Diff:  0.0, Sum:  0.0, Workers: 6
[32.865s][debug  ][gc,phases      ] GC(120)     Dead                           Min: 0, Avg:  0.0, Max: 0, Diff: 0, Sum: 0, Workers: 6
[32.865s][debug  ][gc,phases      ] GC(120)     Total                          Min: 0, Avg:  0.0, Max: 0, Diff: 0, Sum: 0, Workers: 6
[32.865s][debug  ][gc,phases      ] GC(120)   StringDedup Requests0 Weak     Min:  0.0, Avg:  0.0, Max:  0.0, Diff:  0.0, Sum:  0.0, Workers: 6
[32.865s][debug  ][gc,phases      ] GC(120)     Dead                           Min: 0, Avg:  0.0, Max: 0, Diff: 0, Sum: 0, Workers: 6
[32.865s][debug  ][gc,phases      ] GC(120)     Total                          Min: 0, Avg:  0.0, Max: 0, Diff: 0, Sum: 0, Workers: 6
[32.865s][debug  ][gc,phases      ] GC(120)   StringDedup Requests1 Weak     Min:  0.0, Avg:  0.0, Max:  0.0, Diff:  0.0, Sum:  0.0, Workers: 6
[32.865s][debug  ][gc,phases      ] GC(120)     Dead                           Min: 0, Avg:  0.0, Max: 0, Diff: 0, Sum: 0, Workers: 6
[32.865s][debug  ][gc,phases      ] GC(120)     Total                          Min: 0, Avg:  0.0, Max: 0, Diff: 0, Sum: 0, Workers: 6
[32.865s][debug  ][gc,phases      ] GC(120)   Weak JFR Old Object Samples    Min:  0.0, Avg:  0.0, Max:  0.0, Diff:  0.0, Sum:  0.0, Workers: 6
[32.865s][debug  ][gc,phases      ] GC(120)     Dead                           Min: 0, Avg:  0.0, Max: 0, Diff: 0, Sum: 0, Workers: 6
[32.865s][debug  ][gc,phases      ] GC(120)     Total                          Min: 0, Avg:  0.0, Max: 0, Diff: 0, Sum: 0, Workers: 6
[32.865s][debug  ][gc,phases      ] GC(120) Weak Processing 0.788ms
[32.865s][debug  ][gc,ergo        ] GC(120) AdaptiveSizeStart:  collection: 121 
[32.866s][debug  ][gc,ergo        ] GC(120) avg_survived_padded_avg: 33648076.000000
[32.866s][debug  ][gc,ergo        ] GC(120) avg_promoted_padded_avg: 266586624.000000  avg_pretenured_padded_avg: 0.000000  tenuring_thresh: 15  target_size: 34078720
[32.866s][debug  ][gc,age         ] GC(120) Desired survivor size 34078720 bytes, new threshold 15 (max threshold 15)
[32.866s][debug  ][gc,ergo        ] GC(120) PSAdaptiveSizePolicy::compute_eden_space_size limits: desired_eden_size: 219098361 old_eden_size: 199753728 eden_limit: 200278016 cur_eden: 200278016 max_eden_size: 200278016 avg_young_live: 27447178
[32.866s][debug  ][gc,ergo        ] GC(120) PSAdaptiveSizePolicy::compute_eden_space_size: costs minor_time: 0.049043 major_cost: 0.056156 mutator_cost: 0.894801 throughput_goal: 0.990000
[32.866s][debug  ][gc,ergo        ] GC(120) Live_space: 1059885696 free_space: 1419247616
[32.866s][debug  ][gc,ergo        ] GC(120) Old eden_size: 199753728 desired_eden_size: 200278016
[32.866s][debug  ][gc,ergo        ] GC(120) AdaptiveSizeStop: collection: 121 
[32.866s][info   ][gc,heap        ] GC(120) PSYoungGen: 218850K(228864K)->30720K(228864K) Eden: 188130K(195584K)->0K(195584K) From: 30720K(33280K)->30720K(33280K)
[32.866s][info   ][gc,heap        ] GC(120) ParOldGen: 1250916K(1835008K)->1435237K(1835008K)
[32.866s][info   ][gc,metaspace   ] GC(120) Metaspace: 1024K(1216K)->1024K(1216K) NonClass: 940K(1024K)->940K(1024K) Class: 83K(192K)->83K(192K)
[32.866s][info   ][gc             ] GC(120) Pause Young (Allocation Failure) 1435M->1431M(2015M) 17.266ms
[32.866s][info   ][gc,cpu         ] GC(120) User=0.05s Sys=0.00s Real=0.02s
[32.866s][debug  ][gc,heap        ] GC(120) Heap after GC invocations=121 (full 19):
[32.866s][debug  ][gc,heap        ] GC(120)  PSYoungGen      total 228864K, used 30720K [0x00000000f0000000, 0x0000000100000000, 0x0000000100000000)
[32.866s][debug  ][gc,heap        ] GC(120)   eden space 195584K, 0% used [0x00000000f0000000,0x00000000f0000000,0x00000000fbf00000)
[32.866s][debug  ][gc,heap        ] GC(120)   from space 33280K, 92% used [0x00000000fbf00000,0x00000000fdd00030,0x00000000fdf80000)
[32.866s][debug  ][gc,heap        ] GC(120)   to   space 33280K, 0% used [0x00000000fdf80000,0x00000000fdf80000,0x0000000100000000)
[32.866s][debug  ][gc,heap        ] GC(120)  ParOldGen       total 1835008K, used 1435237K [0x0000000080000000, 0x00000000f0000000, 0x00000000f0000000)
[32.866s][debug  ][gc,heap        ] GC(120)   object space 1835008K, 78% used [0x0000000080000000,0x00000000d7999440,0x00000000f0000000)
[32.866s][debug  ][gc,heap        ] GC(120)  Metaspace       used 1024K, committed 1216K, reserved 1056768K
[32.866s][debug  ][gc,heap        ] GC(120)   class space    used 83K, committed 192K, reserved 1048576K
[32.866s][debug  ][gc,task,time   ] GC(120) VM-Thread 328481004 328638254 328660823
[33.149s][debug  ][gc,heap        ] GC(121) Heap before GC invocations=122 (full 19):
[33.149s][debug  ][gc,heap        ] GC(121)  PSYoungGen      total 228864K, used 218858K [0x00000000f0000000, 0x0000000100000000, 0x0000000100000000)
[33.149s][debug  ][gc,heap        ] GC(121)   eden space 195584K, 96% used [0x00000000f0000000,0x00000000fb7ba960,0x00000000fbf00000)
[33.149s][debug  ][gc,heap        ] GC(121)   from space 33280K, 92% used [0x00000000fbf00000,0x00000000fdd00030,0x00000000fdf80000)
[33.149s][debug  ][gc,heap        ] GC(121)   to   space 33280K, 0% used [0x00000000fdf80000,0x00000000fdf80000,0x0000000100000000)
[33.149s][debug  ][gc,heap        ] GC(121)  ParOldGen       total 1835008K, used 1435237K [0x0000000080000000, 0x00000000f0000000, 0x00000000f0000000)
[33.149s][debug  ][gc,heap        ] GC(121)   object space 1835008K, 78% used [0x0000000080000000,0x00000000d7999440,0x00000000f0000000)
[33.149s][debug  ][gc,heap        ] GC(121)  Metaspace       used 1024K, committed 1216K, reserved 1056768K
[33.149s][debug  ][gc,heap        ] GC(121)   class space    used 83K, committed 192K, reserved 1048576K
[33.149s][debug  ][gc,tlab        ] GC(121) TLAB totals: thrds: 1  refills: 1 max: 1 slow allocs: 17 max 17 waste: 27.2% gc: 3909696B max: 3909696B slow: 0B max: 0B
[33.149s][info   ][gc,start       ] GC(121) Pause Young (Allocation Failure)
[33.149s][debug  ][gc,phases,start] GC(121) Scavenge
[33.164s][debug  ][gc,phases      ] GC(121) Scavenge 14.766ms
[33.164s][debug  ][gc,phases,start] GC(121) Reference Processing
[33.164s][debug  ][gc,ref         ] GC(121) Skipped phase 1 of Reference Processing: no references
[33.164s][debug  ][gc,ref         ] GC(121) Skipped phase 2 of Reference Processing: no references
[33.164s][debug  ][gc,ref         ] GC(121) Skipped phase 3 of Reference Processing: no references
[33.164s][debug  ][gc,ref         ] GC(121) Skipped phase 4 of Reference Processing: no references
[33.164s][debug  ][gc,phases,ref  ] GC(121) Reference Processing: 0.1ms
[33.164s][debug  ][gc,phases,ref  ] GC(121)   Reconsider SoftReferences: 0.0ms
[33.164s][debug  ][gc,phases,ref  ] GC(121)     SoftRef (ms):                  skipped
[33.164s][debug  ][gc,phases,ref  ] GC(121)   Notify Soft/WeakReferences: 0.0ms
[33.164s][debug  ][gc,phases,ref  ] GC(121)     SoftRef (ms):                  skipped
[33.164s][debug  ][gc,phases,ref  ] GC(121)     WeakRef (ms):                  skipped
[33.164s][debug  ][gc,phases,ref  ] GC(121)     FinalRef (ms):                 skipped
[33.164s][debug  ][gc,phases,ref  ] GC(121)     Total (ms):                    skipped
[33.164s][debug  ][gc,phases,ref  ] GC(121)   Notify and keep alive finalizable: 0.0ms
[33.164s][debug  ][gc,phases,ref  ] GC(121)     FinalRef (ms):                 skipped
[33.164s][debug  ][gc,phases,ref  ] GC(121)   Notify PhantomReferences: 0.0ms
[33.164s][debug  ][gc,phases,ref  ] GC(121)     PhantomRef (ms):               skipped
[33.164s][debug  ][gc,phases,ref  ] GC(121)   SoftReference:
[33.164s][debug  ][gc,phases,ref  ] GC(121)     Discovered: 0
[33.164s][debug  ][gc,phases,ref  ] GC(121)     Cleared: 0
[33.164s][debug  ][gc,phases,ref  ] GC(121)   WeakReference:
[33.165s][debug  ][gc,phases,ref  ] GC(121)     Discovered: 0
[33.165s][debug  ][gc,phases,ref  ] GC(121)     Cleared: 0
[33.165s][debug  ][gc,phases,ref  ] GC(121)   FinalReference:
[33.165s][debug  ][gc,phases,ref  ] GC(121)     Discovered: 0
[33.165s][debug  ][gc,phases,ref  ] GC(121)     Cleared: 0
[33.165s][debug  ][gc,phases,ref  ] GC(121)   PhantomReference:
[33.165s][debug  ][gc,phases,ref  ] GC(121)     Discovered: 0
[33.165s][debug  ][gc,phases,ref  ] GC(121)     Cleared: 0
[33.165s][debug  ][gc,phases      ] GC(121) Reference Processing 0.630ms
[33.165s][debug  ][gc,phases,start] GC(121) Weak Processing
[33.165s][debug  ][gc,phases      ] GC(121)   VM Weak                        Min:  0.0, Avg:  0.0, Max:  0.0, Diff:  0.0, Sum:  0.0, Workers: 6
[33.165s][debug  ][gc,phases      ] GC(121)     Dead                           Min: 0, Avg:  0.0, Max: 0, Diff: 0, Sum: 0, Workers: 6
[33.165s][debug  ][gc,phases      ] GC(121)     Total                          Min: 0, Avg:  1.3, Max: 8, Diff: 8, Sum: 8, Workers: 6
[33.165s][debug  ][gc,phases      ] GC(121)   ObjectSynchronizer Weak        Min:  0.0, Avg:  0.0, Max:  0.0, Diff:  0.0, Sum:  0.0, Workers: 6
[33.165s][debug  ][gc,phases      ] GC(121)     Dead                           Min: 0, Avg:  0.0, Max: 0, Diff: 0, Sum: 0, Workers: 6
[33.165s][debug  ][gc,phases      ] GC(121)     Total                          Min: 0, Avg:  0.5, Max: 3, Diff: 3, Sum: 3, Workers: 6
[33.165s][debug  ][gc,phases      ] GC(121)   JVMTI Tag Weak OopStorage      Min:  0.0, Avg:  0.0, Max:  0.0, Diff:  0.0, Sum:  0.0, Workers: 6
[33.165s][debug  ][gc,phases      ] GC(121)     Dead                           Min: 0, Avg:  0.0, Max: 0, Diff: 0, Sum: 0, Workers: 6
[33.165s][debug  ][gc,phases      ] GC(121)     Total                          Min: 0, Avg:  0.0, Max: 0, Diff: 0, Sum: 0, Workers: 6
[33.165s][debug  ][gc,phases      ] GC(121)   StringTable Weak               Min:  0.0, Avg:  0.0, Max:  0.0, Diff:  0.0, Sum:  0.0, Workers: 6
[33.165s][debug  ][gc,phases      ] GC(121)     Dead                           Min: 0, Avg:  0.0, Max: 0, Diff: 0, Sum: 0, Workers: 6
[33.165s][debug  ][gc,phases      ] GC(121)     Total                          Min: 0, Avg: 892.2, Max: 1258, Diff: 1258, Sum: 5353, Workers: 6
[33.165s][debug  ][gc,phases      ] GC(121)   ResolvedMethodTable Weak       Min:  0.0, Avg:  0.0, Max:  0.0, Diff:  0.0, Sum:  0.0, Workers: 6
[33.165s][debug  ][gc,phases      ] GC(121)     Dead                           Min: 0, Avg:  0.0, Max: 0, Diff: 0, Sum: 0, Workers: 6
[33.165s][debug  ][gc,phases      ] GC(121)     Total                          Min: 0, Avg: 21.7, Max: 64, Diff: 64, Sum: 130, Workers: 6
[33.165s][debug  ][gc,phases      ] GC(121)   JNI Weak                       Min:  0.0, Avg:  0.0, Max:  0.0, Diff:  0.0, Sum:  0.0, Workers: 6
[33.165s][debug  ][gc,phases      ] GC(121)     Dead                           Min: 0, Avg:  0.0, Max: 0, Diff: 0, Sum: 0, Workers: 6
[33.165s][debug  ][gc,phases      ] GC(121)     Total                          Min: 0, Avg:  0.0, Max: 0, Diff: 0, Sum: 0, Workers: 6
[33.165s][debug  ][gc,phases      ] GC(121)   StringDedup Table Weak         Min:  0.0, Avg:  0.0, Max:  0.0, Diff:  0.0, Sum:  0.0, Workers: 6
[33.165s][debug  ][gc,phases      ] GC(121)     Dead                           Min: 0, Avg:  0.0, Max: 0, Diff: 0, Sum: 0, Workers: 6
[33.165s][debug  ][gc,phases      ] GC(121)     Total                          Min: 0, Avg:  0.0, Max: 0, Diff: 0, Sum: 0, Workers: 6
[33.165s][debug  ][gc,phases      ] GC(121)   StringDedup Requests0 Weak     Min:  0.0, Avg:  0.0, Max:  0.0, Diff:  0.0, Sum:  0.0, Workers: 6
[33.165s][debug  ][gc,phases      ] GC(121)     Dead                           Min: 0, Avg:  0.0, Max: 0, Diff: 0, Sum: 0, Workers: 6
[33.165s][debug  ][gc,phases      ] GC(121)     Total                          Min: 0, Avg:  0.0, Max: 0, Diff: 0, Sum: 0, Workers: 6
[33.165s][debug  ][gc,phases      ] GC(121)   StringDedup Requests1 Weak     Min:  0.0, Avg:  0.0, Max:  0.0, Diff:  0.0, Sum:  0.0, Workers: 6
[33.165s][debug  ][gc,phases      ] GC(121)     Dead                           Min: 0, Avg:  0.0, Max: 0, Diff: 0, Sum: 0, Workers: 6
[33.165s][debug  ][gc,phases      ] GC(121)     Total                          Min: 0, Avg:  0.0, Max: 0, Diff: 0, Sum: 0, Workers: 6
[33.165s][debug  ][gc,phases      ] GC(121)   Weak JFR Old Object Samples    Min:  0.0, Avg:  0.0, Max:  0.0, Diff:  0.0, Sum:  0.0, Workers: 6
[33.166s][debug  ][gc,phases      ] GC(121)     Dead                           Min: 0, Avg:  0.0, Max: 0, Diff: 0, Sum: 0, Workers: 6
[33.166s][debug  ][gc,phases      ] GC(121)     Total                          Min: 0, Avg:  0.0, Max: 0, Diff: 0, Sum: 0, Workers: 6
[33.166s][debug  ][gc,phases      ] GC(121) Weak Processing 0.855ms
[33.166s][debug  ][gc,ergo        ] GC(121) AdaptiveSizeStart:  collection: 122 
[33.166s][debug  ][gc,ergo        ] GC(121) avg_survived_padded_avg: 33489606.000000
[33.166s][debug  ][gc,ergo        ] GC(121) avg_promoted_padded_avg: 266223776.000000  avg_pretenured_padded_avg: 0.000000  tenuring_thresh: 15  target_size: 33554432
[33.166s][debug  ][gc,age         ] GC(121) Desired survivor size 33554432 bytes, new threshold 15 (max threshold 15)
[33.166s][debug  ][gc,ergo        ] GC(121) PSAdaptiveSizePolicy::compute_eden_space_size limits: desired_eden_size: 219376754 old_eden_size: 200278016 eden_limit: 200278016 cur_eden: 200278016 max_eden_size: 200278016 avg_young_live: 27848194
[33.166s][debug  ][gc,ergo        ] GC(121) PSAdaptiveSizePolicy::compute_eden_space_size: costs minor_time: 0.050420 major_cost: 0.056156 mutator_cost: 0.893424 throughput_goal: 0.990000
[33.166s][debug  ][gc,ergo        ] GC(121) Live_space: 1060286720 free_space: 1419771904
[33.166s][debug  ][gc,ergo        ] GC(121) Old eden_size: 200278016 desired_eden_size: 200278016
[33.166s][debug  ][gc,ergo        ] GC(121) AdaptiveSizeStop: collection: 122 
[33.166s][info   ][gc,heap        ] GC(121) PSYoungGen: 218858K(228864K)->30720K(229376K) Eden: 188138K(195584K)->0K(196096K) From: 30720K(33280K)->30720K(33280K)
[33.166s][info   ][gc,heap        ] GC(121) ParOldGen: 1435237K(1835008K)->1619557K(1835008K)
[33.166s][info   ][gc,metaspace   ] GC(121) Metaspace: 1024K(1216K)->1024K(1216K) NonClass: 940K(1024K)->940K(1024K) Class: 83K(192K)->83K(192K)
[33.166s][info   ][gc             ] GC(121) Pause Young (Allocation Failure) 1615M->1611M(2016M) 16.706ms
[33.166s][info   ][gc,cpu         ] GC(121) User=0.14s Sys=0.00s Real=0.02s
[33.166s][debug  ][gc,heap        ] GC(121) Heap after GC invocations=122 (full 19):
[33.166s][debug  ][gc,heap        ] GC(121)  PSYoungGen      total 229376K, used 30720K [0x00000000f0000000, 0x0000000100000000, 0x0000000100000000)
[33.166s][debug  ][gc,heap        ] GC(121)   eden space 196096K, 0% used [0x00000000f0000000,0x00000000f0000000,0x00000000fbf80000)
[33.166s][debug  ][gc,heap        ] GC(121)   from space 33280K, 92% used [0x00000000fdf80000,0x00000000ffd80030,0x0000000100000000)
[33.166s][debug  ][gc,heap        ] GC(121)   to   space 32768K, 0% used [0x00000000fbf80000,0x00000000fbf80000,0x00000000fdf80000)
[33.166s][debug  ][gc,heap        ] GC(121)  ParOldGen       total 1835008K, used 1619557K [0x0000000080000000, 0x00000000f0000000, 0x00000000f0000000)
[33.166s][debug  ][gc,heap        ] GC(121)   object space 1835008K, 88% used [0x0000000080000000,0x00000000e2d99560,0x00000000f0000000)
[33.166s][debug  ][gc,heap        ] GC(121)  Metaspace       used 1024K, committed 1216K, reserved 1056768K
[33.166s][debug  ][gc,heap        ] GC(121)   class space    used 83K, committed 192K, reserved 1048576K
[33.166s][debug  ][gc,task,time   ] GC(121) VM-Thread 331487964 331640406 331661283
[33.166s][debug  ][gc,phases,start] GC(122) Pre Compact
[33.166s][debug  ][gc,heap        ] GC(122) Heap before GC invocations=123 (full 20):
[33.166s][debug  ][gc,heap        ] GC(122)  PSYoungGen      total 229376K, used 30720K [0x00000000f0000000, 0x0000000100000000, 0x0000000100000000)
[33.166s][debug  ][gc,heap        ] GC(122)   eden space 196096K, 0% used [0x00000000f0000000,0x00000000f0000000,0x00000000fbf80000)
[33.166s][debug  ][gc,heap        ] GC(122)   from space 33280K, 92% used [0x00000000fdf80000,0x00000000ffd80030,0x0000000100000000)
[33.166s][debug  ][gc,heap        ] GC(122)   to   space 32768K, 0% used [0x00000000fbf80000,0x00000000fbf80000,0x00000000fdf80000)
[33.166s][debug  ][gc,heap        ] GC(122)  ParOldGen       total 1835008K, used 1619557K [0x0000000080000000, 0x00000000f0000000, 0x00000000f0000000)
[33.166s][debug  ][gc,heap        ] GC(122)   object space 1835008K, 88% used [0x0000000080000000,0x00000000e2d99560,0x00000000f0000000)
[33.166s][debug  ][gc,heap        ] GC(122)  Metaspace       used 1024K, committed 1216K, reserved 1056768K
[33.166s][debug  ][gc,heap        ] GC(122)   class space    used 83K, committed 192K, reserved 1048576K
[33.166s][debug  ][gc,phases      ] GC(122) Pre Compact 0.223ms
[33.166s][info   ][gc,start       ] GC(122) Pause Full (Ergonomics)
[33.166s][info   ][gc,phases,start] GC(122) Marking Phase
[33.166s][debug  ][gc,phases,start] GC(122) Par Mark
[33.167s][debug  ][gc,phases      ] GC(122) Par Mark 0.503ms
[33.167s][debug  ][gc,phases,start] GC(122) Reference Processing
[33.167s][debug  ][gc,ref         ] GC(122) Skipped phase 1 of Reference Processing: no references
[33.167s][debug  ][gc,ref         ] GC(122) ReferenceProcessor::execute queues: 1, RefProcThreadModel::Single, marks_oops_alive: false
[33.167s][debug  ][gc,ref         ] GC(122) Skipped phase 3 of Reference Processing: no references
[33.167s][debug  ][gc,ref         ] GC(122) ReferenceProcessor::execute queues: 1, RefProcThreadModel::Single, marks_oops_alive: false
[33.167s][debug  ][gc,phases,ref  ] GC(122) Reference Processing: 0.1ms
[33.167s][debug  ][gc,phases,ref  ] GC(122)   Reconsider SoftReferences: 0.0ms
[33.167s][debug  ][gc,phases,ref  ] GC(122)     SoftRef (ms):                  skipped
[33.167s][debug  ][gc,phases,ref  ] GC(122)   Notify Soft/WeakReferences: 0.0ms
[33.167s][debug  ][gc,phases,ref  ] GC(122)     SoftRef (ms):                  Min:  0.0, Avg:  0.0, Max:  0.0, Diff:  0.0, Sum:  0.0, Workers: 10
[33.167s][debug  ][gc,phases,ref  ] GC(122)     WeakRef (ms):                  Min:  0.0, Avg:  0.0, Max:  0.0, Diff:  0.0, Sum:  0.0, Workers: 10
[33.167s][debug  ][gc,phases,ref  ] GC(122)     FinalRef (ms):                 Min:  0.0, Avg:  0.0, Max:  0.0, Diff:  0.0, Sum:  0.0, Workers: 10
[33.167s][debug  ][gc,phases,ref  ] GC(122)     Total (ms):                    Min:  0.0, Avg:  0.0, Max:  0.0, Diff:  0.0, Sum:  0.0, Workers: 10
[33.167s][debug  ][gc,phases,ref  ] GC(122)   Notify and keep alive finalizable: 0.0ms
[33.167s][debug  ][gc,phases,ref  ] GC(122)     FinalRef (ms):                 skipped
[33.167s][debug  ][gc,phases,ref  ] GC(122)   Notify PhantomReferences: 0.0ms
[33.167s][debug  ][gc,phases,ref  ] GC(122)     PhantomRef (ms):               Min:  0.0, Avg:  0.0, Max:  0.0, Diff:  0.0, Sum:  0.0, Workers: 10
[33.167s][debug  ][gc,phases,ref  ] GC(122)   SoftReference:
[33.167s][debug  ][gc,phases,ref  ] GC(122)     Discovered: 0
[33.167s][debug  ][gc,phases,ref  ] GC(122)     Cleared: 0
[33.167s][debug  ][gc,phases,ref  ] GC(122)   WeakReference:
[33.167s][debug  ][gc,phases,ref  ] GC(122)     Discovered: 70
[33.167s][debug  ][gc,phases,ref  ] GC(122)     Cleared: 70
[33.167s][debug  ][gc,phases,ref  ] GC(122)   FinalReference:
[33.168s][debug  ][gc,phases,ref  ] GC(122)     Discovered: 0
[33.168s][debug  ][gc,phases,ref  ] GC(122)     Cleared: 0
[33.168s][debug  ][gc,phases,ref  ] GC(122)   PhantomReference:
[33.168s][debug  ][gc,phases,ref  ] GC(122)     Discovered: 3
[33.168s][debug  ][gc,phases,ref  ] GC(122)     Cleared: 3
[33.168s][debug  ][gc,phases      ] GC(122) Reference Processing 0.640ms
[33.168s][debug  ][gc,phases,start] GC(122) Weak Processing
[33.168s][debug  ][gc,phases      ] GC(122)   VM Weak                        Min:  0.0, Avg:  0.0, Max:  0.0, Diff:  0.0, Sum:  0.0, Workers: 6
[33.168s][debug  ][gc,phases      ] GC(122)     Dead                           Min: 0, Avg:  0.0, Max: 0, Diff: 0, Sum: 0, Workers: 6
[33.168s][debug  ][gc,phases      ] GC(122)     Total                          Min: 0, Avg:  1.3, Max: 8, Diff: 8, Sum: 8, Workers: 6
[33.168s][debug  ][gc,phases      ] GC(122)   ObjectSynchronizer Weak        Min:  0.0, Avg:  0.0, Max:  0.0, Diff:  0.0, Sum:  0.0, Workers: 6
[33.168s][debug  ][gc,phases      ] GC(122)     Dead                           Min: 0, Avg:  0.0, Max: 0, Diff: 0, Sum: 0, Workers: 6
[33.168s][debug  ][gc,phases      ] GC(122)     Total                          Min: 0, Avg:  0.5, Max: 3, Diff: 3, Sum: 3, Workers: 6
[33.168s][debug  ][gc,phases      ] GC(122)   JVMTI Tag Weak OopStorage      Min:  0.0, Avg:  0.0, Max:  0.0, Diff:  0.0, Sum:  0.0, Workers: 6
[33.168s][debug  ][gc,phases      ] GC(122)     Dead                           Min: 0, Avg:  0.0, Max: 0, Diff: 0, Sum: 0, Workers: 6
[33.168s][debug  ][gc,phases      ] GC(122)     Total                          Min: 0, Avg:  0.0, Max: 0, Diff: 0, Sum: 0, Workers: 6
[33.168s][debug  ][gc,phases      ] GC(122)   StringTable Weak               Min:  0.0, Avg:  0.0, Max:  0.0, Diff:  0.0, Sum:  0.0, Workers: 6
[33.168s][debug  ][gc,phases      ] GC(122)     Dead                           Min: 0, Avg:  0.0, Max: 0, Diff: 0, Sum: 0, Workers: 6
[33.168s][debug  ][gc,phases      ] GC(122)     Total                          Min: 639, Avg: 892.2, Max: 1088, Diff: 449, Sum: 5353, Workers: 6
[33.168s][debug  ][gc,phases      ] GC(122)   ResolvedMethodTable Weak       Min:  0.0, Avg:  0.0, Max:  0.0, Diff:  0.0, Sum:  0.0, Workers: 6
[33.168s][debug  ][gc,phases      ] GC(122)     Dead                           Min: 0, Avg:  0.0, Max: 0, Diff: 0, Sum: 0, Workers: 6
[33.168s][debug  ][gc,phases      ] GC(122)     Total                          Min: 0, Avg: 21.7, Max: 64, Diff: 64, Sum: 130, Workers: 6
[33.168s][debug  ][gc,phases      ] GC(122)   JNI Weak                       Min:  0.0, Avg:  0.0, Max:  0.0, Diff:  0.0, Sum:  0.0, Workers: 6
[33.168s][debug  ][gc,phases      ] GC(122)     Dead                           Min: 0, Avg:  0.0, Max: 0, Diff: 0, Sum: 0, Workers: 6
[33.168s][debug  ][gc,phases      ] GC(122)     Total                          Min: 0, Avg:  0.0, Max: 0, Diff: 0, Sum: 0, Workers: 6
[33.168s][debug  ][gc,phases      ] GC(122)   StringDedup Table Weak         Min:  0.0, Avg:  0.0, Max:  0.0, Diff:  0.0, Sum:  0.0, Workers: 6
[33.168s][debug  ][gc,phases      ] GC(122)     Dead                           Min: 0, Avg:  0.0, Max: 0, Diff: 0, Sum: 0, Workers: 6
[33.168s][debug  ][gc,phases      ] GC(122)     Total                          Min: 0, Avg:  0.0, Max: 0, Diff: 0, Sum: 0, Workers: 6
[33.168s][debug  ][gc,phases      ] GC(122)   StringDedup Requests0 Weak     Min:  0.0, Avg:  0.0, Max:  0.0, Diff:  0.0, Sum:  0.0, Workers: 6
[33.168s][debug  ][gc,phases      ] GC(122)     Dead                           Min: 0, Avg:  0.0, Max: 0, Diff: 0, Sum: 0, Workers: 6
[33.168s][debug  ][gc,phases      ] GC(122)     Total                          Min: 0, Avg:  0.0, Max: 0, Diff: 0, Sum: 0, Workers: 6
[33.168s][debug  ][gc,phases      ] GC(122)   StringDedup Requests1 Weak     Min:  0.0, Avg:  0.0, Max:  0.0, Diff:  0.0, Sum:  0.0, Workers: 6
[33.168s][debug  ][gc,phases      ] GC(122)     Dead                           Min: 0, Avg:  0.0, Max: 0, Diff: 0, Sum: 0, Workers: 6
[33.168s][debug  ][gc,phases      ] GC(122)     Total                          Min: 0, Avg:  0.0, Max: 0, Diff: 0, Sum: 0, Workers: 6
[33.168s][debug  ][gc,phases      ] GC(122)   Weak JFR Old Object Samples    Min:  0.0, Avg:  0.0, Max:  0.0, Diff:  0.0, Sum:  0.0, Workers: 6
[33.168s][debug  ][gc,phases      ] GC(122)     Dead                           Min: 0, Avg:  0.0, Max: 0, Diff: 0, Sum: 0, Workers: 6
[33.168s][debug  ][gc,phases      ] GC(122)     Total                          Min: 0, Avg:  0.0, Max: 0, Diff: 0, Sum: 0, Workers: 6
[33.168s][debug  ][gc,phases      ] GC(122) Weak Processing 0.728ms
[33.168s][debug  ][gc,phases,start] GC(122) Class Unloading
[33.168s][debug  ][gc,phases,start] GC(122) ClassLoaderData
[33.168s][debug  ][gc,phases      ] GC(122) ClassLoaderData 0.021ms
[33.168s][debug  ][gc,phases,start] GC(122) Trigger cleanups
[33.168s][debug  ][gc,phases      ] GC(122) Trigger cleanups 0.021ms
[33.169s][debug  ][gc,phases      ] GC(122) Class Unloading 0.262ms
[33.169s][info   ][gc,phases      ] GC(122) Marking Phase 2.254ms
[33.169s][info   ][gc,phases,start] GC(122) Summary Phase
[33.169s][info   ][gc,phases      ] GC(122) Summary Phase 0.041ms
[33.169s][info   ][gc,phases,start] GC(122) Adjust Roots
[33.169s][info   ][gc,phases      ] GC(122) Adjust Roots 0.139ms
[33.169s][info   ][gc,phases,start] GC(122) Compaction Phase
[33.254s][info   ][gc,phases      ] GC(122) Compaction Phase 84.691ms
[33.254s][info   ][gc,phases,start] GC(122) Post Compact
[33.259s][info   ][gc,phases      ] GC(122) Post Compact 4.836ms
[33.259s][debug  ][gc,ergo        ] GC(122) AdaptiveSizeStart: collection: 123 
[33.259s][debug  ][gc,ergo        ] GC(122) PSAdaptiveSizePolicy::compute_eden_space_size limits: desired_eden_size: 220257923 old_eden_size: 200278016 eden_limit: 200802304 cur_eden: 200802304 max_eden_size: 200802304 avg_young_live: 25063376
[33.259s][debug  ][gc,ergo        ] GC(122) PSAdaptiveSizePolicy::compute_eden_space_size: costs minor_time: 0.050420 major_cost: 0.054201 mutator_cost: 0.895379 throughput_goal: 0.990000
[33.259s][debug  ][gc,ergo        ] GC(122) Live_space: 1057501888 free_space: 1419771904
[33.259s][debug  ][gc,ergo        ] GC(122) Old eden_size: 200278016 desired_eden_size: 200802304
[33.259s][debug  ][gc,ergo        ] GC(122) PSAdaptiveSizePolicy::compute_old_gen_free_space limits: desired_promo_size: 1346067699 promo_limit: 1219493888 free_in_old_gen: 1110537472 max_old_gen_size: 1879048192 avg_old_live: 768510656
[33.259s][debug  ][gc,ergo        ] GC(122) PSAdaptiveSizePolicy::compute_old_gen_free_space: costs minor_time: 0.050420 major_cost: 0.054201  mutator_cost: 0.895379 throughput_goal: 0.990000
[33.259s][debug  ][gc,ergo        ] GC(122) Live_space: 1062009472 free_space: 1420296192
[33.259s][debug  ][gc,ergo        ] GC(122) Old promo_size: 1219493888 desired_promo_size: 1219493888
[33.259s][debug  ][gc,ergo        ] GC(122) AdaptiveSizeStop: collection: 123 
[33.259s][info   ][gc,heap        ] GC(122) PSYoungGen: 30720K(229376K)->0K(228864K) Eden: 0K(196096K)->0K(196096K) From: 30720K(33280K)->0K(32768K)
[33.259s][info   ][gc,heap        ] GC(122) ParOldGen: 1619557K(1835008K)->790116K(1835008K)
[33.259s][info   ][gc,metaspace   ] GC(122) Metaspace: 1024K(1216K)->1024K(1216K) NonClass: 940K(1024K)->940K(1024K) Class: 83K(192K)->83K(192K)
[33.259s][info   ][gc             ] GC(122) Pause Full (Ergonomics) 1611M->771M(2015M) 92.557ms
[33.259s][info   ][gc,cpu         ] GC(122) User=0.78s Sys=0.00s Real=0.09s
[33.259s][debug  ][gc,heap        ] GC(122) Heap after GC invocations=123 (full 20):
[33.259s][debug  ][gc,heap        ] GC(122)  PSYoungGen      total 228864K, used 0K [0x00000000f0000000, 0x0000000100000000, 0x0000000100000000)
[33.259s][debug  ][gc,heap        ] GC(122)   eden space 196096K, 0% used [0x00000000f0000000,0x00000000f0000000,0x00000000fbf80000)
[33.259s][debug  ][gc,heap        ] GC(122)   from space 32768K, 0% used [0x00000000fbf80000,0x00000000fbf80000,0x00000000fdf80000)
[33.259s][debug  ][gc,heap        ] GC(122)   to   space 32768K, 0% used [0x00000000fe000000,0x00000000fe000000,0x0000000100000000)
[33.259s][debug  ][gc,heap        ] GC(122)  ParOldGen       total 1835008K, used 790116K [0x0000000080000000, 0x00000000f0000000, 0x00000000f0000000)
[33.259s][debug  ][gc,heap        ] GC(122)   object space 1835008K, 43% used [0x0000000080000000,0x00000000b0399050,0x00000000f0000000)
[33.259s][debug  ][gc,heap        ] GC(122)  Metaspace       used 1024K, committed 1216K, reserved 1056768K
[33.259s][debug  ][gc,heap        ] GC(122)   class space    used 83K, committed 192K, reserved 1048576K
[33.259s][debug  ][gc,task,time   ] GC(122) VM-Thread 331664252 331689481 332590147
[33.546s][debug  ][gc,heap        ] GC(123) Heap before GC invocations=124 (full 20):
[33.546s][debug  ][gc,heap        ] GC(123)  PSYoungGen      total 228864K, used 188153K [0x00000000f0000000, 0x0000000100000000, 0x0000000100000000)
[33.546s][debug  ][gc,heap        ] GC(123)   eden space 196096K, 95% used [0x00000000f0000000,0x00000000fb7be550,0x00000000fbf80000)
[33.546s][debug  ][gc,heap        ] GC(123)   from space 32768K, 0% used [0x00000000fbf80000,0x00000000fbf80000,0x00000000fdf80000)
[33.546s][debug  ][gc,heap        ] GC(123)   to   space 32768K, 0% used [0x00000000fe000000,0x00000000fe000000,0x0000000100000000)
[33.546s][debug  ][gc,heap        ] GC(123)  ParOldGen       total 1835008K, used 790116K [0x0000000080000000, 0x00000000f0000000, 0x00000000f0000000)
[33.546s][debug  ][gc,heap        ] GC(123)   object space 1835008K, 43% used [0x0000000080000000,0x00000000b0399050,0x00000000f0000000)
[33.547s][debug  ][gc,heap        ] GC(123)  Metaspace       used 1024K, committed 1216K, reserved 1056768K
[33.547s][debug  ][gc,heap        ] GC(123)   class space    used 83K, committed 192K, reserved 1048576K
[33.547s][debug  ][gc,tlab        ] GC(123) TLAB totals: thrds: 1  refills: 1 max: 1 slow allocs: 17 max 17 waste: 27.2% gc: 3925040B max: 3925040B slow: 0B max: 0B
[33.547s][info   ][gc,start       ] GC(123) Pause Young (Allocation Failure)
[33.547s][debug  ][gc,phases,start] GC(123) Scavenge
[33.560s][debug  ][gc,phases      ] GC(123) Scavenge 12.999ms
[33.560s][debug  ][gc,phases,start] GC(123) Reference Processing
[33.560s][debug  ][gc,ref         ] GC(123) Skipped phase 1 of Reference Processing: no references
[33.560s][debug  ][gc,ref         ] GC(123) Skipped phase 2 of Reference Processing: no references
[33.560s][debug  ][gc,ref         ] GC(123) Skipped phase 3 of Reference Processing: no references
[33.560s][debug  ][gc,ref         ] GC(123) Skipped phase 4 of Reference Processing: no references
[33.560s][debug  ][gc,phases,ref  ] GC(123) Reference Processing: 0.2ms
[33.560s][debug  ][gc,phases,ref  ] GC(123)   Reconsider SoftReferences: 0.0ms
[33.560s][debug  ][gc,phases,ref  ] GC(123)     SoftRef (ms):                  skipped
[33.560s][debug  ][gc,phases,ref  ] GC(123)   Notify Soft/WeakReferences: 0.0ms
[33.560s][debug  ][gc,phases,ref  ] GC(123)     SoftRef (ms):                  skipped
[33.560s][debug  ][gc,phases,ref  ] GC(123)     WeakRef (ms):                  skipped
[33.560s][debug  ][gc,phases,ref  ] GC(123)     FinalRef (ms):                 skipped
[33.560s][debug  ][gc,phases,ref  ] GC(123)     Total (ms):                    skipped
[33.560s][debug  ][gc,phases,ref  ] GC(123)   Notify and keep alive finalizable: 0.0ms
[33.560s][debug  ][gc,phases,ref  ] GC(123)     FinalRef (ms):                 skipped
[33.560s][debug  ][gc,phases,ref  ] GC(123)   Notify PhantomReferences: 0.0ms
[33.560s][debug  ][gc,phases,ref  ] GC(123)     PhantomRef (ms):               skipped
[33.560s][debug  ][gc,phases,ref  ] GC(123)   SoftReference:
[33.560s][debug  ][gc,phases,ref  ] GC(123)     Discovered: 0
[33.560s][debug  ][gc,phases,ref  ] GC(123)     Cleared: 0
[33.561s][debug  ][gc,phases,ref  ] GC(123)   WeakReference:
[33.561s][debug  ][gc,phases,ref  ] GC(123)     Discovered: 0
[33.561s][debug  ][gc,phases,ref  ] GC(123)     Cleared: 0
[33.561s][debug  ][gc,phases,ref  ] GC(123)   FinalReference:
[33.561s][debug  ][gc,phases,ref  ] GC(123)     Discovered: 0
[33.561s][debug  ][gc,phases,ref  ] GC(123)     Cleared: 0
[33.561s][debug  ][gc,phases,ref  ] GC(123)   PhantomReference:
[33.561s][debug  ][gc,phases,ref  ] GC(123)     Discovered: 0
[33.561s][debug  ][gc,phases,ref  ] GC(123)     Cleared: 0
[33.561s][debug  ][gc,phases      ] GC(123) Reference Processing 0.983ms
[33.561s][debug  ][gc,phases,start] GC(123) Weak Processing
[33.561s][debug  ][gc,phases      ] GC(123)   VM Weak                        Min:  0.0, Avg:  0.0, Max:  0.0, Diff:  0.0, Sum:  0.0, Workers: 6
[33.561s][debug  ][gc,phases      ] GC(123)     Dead                           Min: 0, Avg:  0.0, Max: 0, Diff: 0, Sum: 0, Workers: 6
[33.561s][debug  ][gc,phases      ] GC(123)     Total                          Min: 0, Avg:  1.3, Max: 8, Diff: 8, Sum: 8, Workers: 6
[33.561s][debug  ][gc,phases      ] GC(123)   ObjectSynchronizer Weak        Min:  0.0, Avg:  0.0, Max:  0.0, Diff:  0.0, Sum:  0.0, Workers: 6
[33.561s][debug  ][gc,phases      ] GC(123)     Dead                           Min: 0, Avg:  0.0, Max: 0, Diff: 0, Sum: 0, Workers: 6
[33.561s][debug  ][gc,phases      ] GC(123)     Total                          Min: 0, Avg:  0.5, Max: 3, Diff: 3, Sum: 3, Workers: 6
[33.561s][debug  ][gc,phases      ] GC(123)   JVMTI Tag Weak OopStorage      Min:  0.0, Avg:  0.0, Max:  0.0, Diff:  0.0, Sum:  0.0, Workers: 6
[33.561s][debug  ][gc,phases      ] GC(123)     Dead                           Min: 0, Avg:  0.0, Max: 0, Diff: 0, Sum: 0, Workers: 6
[33.561s][debug  ][gc,phases      ] GC(123)     Total                          Min: 0, Avg:  0.0, Max: 0, Diff: 0, Sum: 0, Workers: 6
[33.561s][debug  ][gc,phases      ] GC(123)   StringTable Weak               Min:  0.0, Avg:  0.0, Max:  0.0, Diff:  0.0, Sum:  0.0, Workers: 6
[33.561s][debug  ][gc,phases      ] GC(123)     Dead                           Min: 0, Avg:  0.0, Max: 0, Diff: 0, Sum: 0, Workers: 6
[33.561s][debug  ][gc,phases      ] GC(123)     Total                          Min: 640, Avg: 892.2, Max: 1024, Diff: 384, Sum: 5353, Workers: 6
[33.561s][debug  ][gc,phases      ] GC(123)   ResolvedMethodTable Weak       Min:  0.0, Avg:  0.0, Max:  0.0, Diff:  0.0, Sum:  0.0, Workers: 6
[33.561s][debug  ][gc,phases      ] GC(123)     Dead                           Min: 0, Avg:  0.0, Max: 0, Diff: 0, Sum: 0, Workers: 6
[33.561s][debug  ][gc,phases      ] GC(123)     Total                          Min: 0, Avg: 21.7, Max: 64, Diff: 64, Sum: 130, Workers: 6
[33.561s][debug  ][gc,phases      ] GC(123)   JNI Weak                       Min:  0.0, Avg:  0.0, Max:  0.0, Diff:  0.0, Sum:  0.0, Workers: 6
[33.561s][debug  ][gc,phases      ] GC(123)     Dead                           Min: 0, Avg:  0.0, Max: 0, Diff: 0, Sum: 0, Workers: 6
[33.561s][debug  ][gc,phases      ] GC(123)     Total                          Min: 0, Avg:  0.0, Max: 0, Diff: 0, Sum: 0, Workers: 6
[33.561s][debug  ][gc,phases      ] GC(123)   StringDedup Table Weak         Min:  0.0, Avg:  0.0, Max:  0.0, Diff:  0.0, Sum:  0.0, Workers: 6
[33.561s][debug  ][gc,phases      ] GC(123)     Dead                           Min: 0, Avg:  0.0, Max: 0, Diff: 0, Sum: 0, Workers: 6
[33.561s][debug  ][gc,phases      ] GC(123)     Total                          Min: 0, Avg:  0.0, Max: 0, Diff: 0, Sum: 0, Workers: 6
[33.562s][debug  ][gc,phases      ] GC(123)   StringDedup Requests0 Weak     Min:  0.0, Avg:  0.0, Max:  0.0, Diff:  0.0, Sum:  0.0, Workers: 6
[33.562s][debug  ][gc,phases      ] GC(123)     Dead                           Min: 0, Avg:  0.0, Max: 0, Diff: 0, Sum: 0, Workers: 6
[33.562s][debug  ][gc,phases      ] GC(123)     Total                          Min: 0, Avg:  0.0, Max: 0, Diff: 0, Sum: 0, Workers: 6
[33.562s][debug  ][gc,phases      ] GC(123)   StringDedup Requests1 Weak     Min:  0.0, Avg:  0.0, Max:  0.0, Diff:  0.0, Sum:  0.0, Workers: 6
[33.562s][debug  ][gc,phases      ] GC(123)     Dead                           Min: 0, Avg:  0.0, Max: 0, Diff: 0, Sum: 0, Workers: 6
[33.562s][debug  ][gc,phases      ] GC(123)     Total                          Min: 0, Avg:  0.0, Max: 0, Diff: 0, Sum: 0, Workers: 6
[33.562s][debug  ][gc,phases      ] GC(123)   Weak JFR Old Object Samples    Min:  0.0, Avg:  0.0, Max:  0.0, Diff:  0.0, Sum:  0.0, Workers: 6
[33.562s][debug  ][gc,phases      ] GC(123)     Dead                           Min: 0, Avg:  0.0, Max: 0, Diff: 0, Sum: 0, Workers: 6
[33.562s][debug  ][gc,phases      ] GC(123)     Total                          Min: 0, Avg:  0.0, Max: 0, Diff: 0, Sum: 0, Workers: 6
[33.562s][debug  ][gc,phases      ] GC(123) Weak Processing 0.924ms
[33.562s][debug  ][gc,ergo        ] GC(123) AdaptiveSizeStart:  collection: 124 
[33.562s][debug  ][gc,ergo        ] GC(123) avg_survived_padded_avg: 33340920.000000
[33.562s][debug  ][gc,ergo        ] GC(123) avg_promoted_padded_avg: 257144256.000000  avg_pretenured_padded_avg: 0.000000  tenuring_thresh: 15  target_size: 33554432
[33.562s][debug  ][gc,age         ] GC(123) Desired survivor size 33554432 bytes, new threshold 15 (max threshold 15)
[33.562s][debug  ][gc,ergo        ] GC(123) PSAdaptiveSizePolicy::compute_eden_space_size limits: desired_eden_size: 219621087 old_eden_size: 200802304 eden_limit: 201326592 cur_eden: 200802304 max_eden_size: 201326592 avg_young_live: 25702770
[33.562s][debug  ][gc,ergo        ] GC(123) PSAdaptiveSizePolicy::compute_eden_space_size: costs minor_time: 0.047328 major_cost: 0.054201 mutator_cost: 0.898471 throughput_goal: 0.990000
[33.562s][debug  ][gc,ergo        ] GC(123) Live_space: 1062648896 free_space: 1420296192
[33.562s][debug  ][gc,ergo        ] GC(123) Old eden_size: 200802304 desired_eden_size: 201326592
[33.562s][debug  ][gc,ergo        ] GC(123) AdaptiveSizeStop: collection: 124 
[33.562s][info   ][gc,heap        ] GC(123) PSYoungGen: 188153K(228864K)->30720K(229376K) Eden: 188153K(196096K)->0K(196608K) From: 0K(32768K)->30720K(32768K)
[33.562s][info   ][gc,heap        ] GC(123) ParOldGen: 790116K(1835008K)->943716K(1835008K)
[33.562s][info   ][gc,metaspace   ] GC(123) Metaspace: 1024K(1216K)->1024K(1216K) NonClass: 940K(1024K)->940K(1024K) Class: 83K(192K)->83K(192K)
[33.562s][info   ][gc             ] GC(123) Pause Young (Allocation Failure) 955M->951M(2016M) 15.484ms
[33.562s][info   ][gc,cpu         ] GC(123) User=0.16s Sys=0.00s Real=0.02s
[33.562s][debug  ][gc,heap        ] GC(123) Heap after GC invocations=124 (full 20):
[33.562s][debug  ][gc,heap        ] GC(123)  PSYoungGen      total 229376K, used 30720K [0x00000000f0000000, 0x0000000100000000, 0x0000000100000000)
[33.562s][debug  ][gc,heap        ] GC(123)   eden space 196608K, 0% used [0x00000000f0000000,0x00000000f0000000,0x00000000fc000000)
[33.562s][debug  ][gc,heap        ] GC(123)   from space 32768K, 93% used [0x00000000fe000000,0x00000000ffe00030,0x0000000100000000)
[33.562s][debug  ][gc,heap        ] GC(123)   to   space 32768K, 0% used [0x00000000fc000000,0x00000000fc000000,0x00000000fe000000)
[33.562s][debug  ][gc,heap        ] GC(123)  ParOldGen       total 1835008K, used 943716K [0x0000000080000000, 0x00000000f0000000, 0x00000000f0000000)
[33.562s][debug  ][gc,heap        ] GC(123)   object space 1835008K, 51% used [0x0000000080000000,0x00000000b9999140,0x00000000f0000000)
[33.562s][debug  ][gc,heap        ] GC(123)  Metaspace       used 1024K, committed 1216K, reserved 1056768K
[33.562s][debug  ][gc,heap        ] GC(123)   class space    used 83K, committed 192K, reserved 1048576K
[33.562s][debug  ][gc,task,time   ] GC(123) VM-Thread 335461884 335598191 335624659
[33.848s][debug  ][gc,heap        ] GC(124) Heap before GC invocations=125 (full 20):
[33.848s][debug  ][gc,heap        ] GC(124)  PSYoungGen      total 229376K, used 218811K [0x00000000f0000000, 0x0000000100000000, 0x0000000100000000)
[33.848s][debug  ][gc,heap        ] GC(124)   eden space 196608K, 95% used [0x00000000f0000000,0x00000000fb7aee58,0x00000000fc000000)
[33.848s][debug  ][gc,heap        ] GC(124)   from space 32768K, 93% used [0x00000000fe000000,0x00000000ffe00030,0x0000000100000000)
[33.848s][debug  ][gc,heap        ] GC(124)   to   space 32768K, 0% used [0x00000000fc000000,0x00000000fc000000,0x00000000fe000000)
[33.848s][debug  ][gc,heap        ] GC(124)  ParOldGen       total 1835008K, used 943716K [0x0000000080000000, 0x00000000f0000000, 0x00000000f0000000)
[33.848s][debug  ][gc,heap        ] GC(124)   object space 1835008K, 51% used [0x0000000080000000,0x00000000b9999140,0x00000000f0000000)
[33.848s][debug  ][gc,heap        ] GC(124)  Metaspace       used 1024K, committed 1216K, reserved 1056768K
[33.848s][debug  ][gc,heap        ] GC(124)   class space    used 83K, committed 192K, reserved 1048576K
[33.848s][debug  ][gc,tlab        ] GC(124) TLAB totals: thrds: 1  refills: 1 max: 1 slow allocs: 17 max 17 waste: 26.9% gc: 3860752B max: 3860752B slow: 0B max: 0B
[33.849s][info   ][gc,start       ] GC(124) Pause Young (Allocation Failure)
[33.849s][debug  ][gc,phases,start] GC(124) Scavenge
[33.858s][debug  ][gc,phases      ] GC(124) Scavenge 9.530ms
[33.858s][debug  ][gc,phases,start] GC(124) Reference Processing
[33.858s][debug  ][gc,ref         ] GC(124) Skipped phase 1 of Reference Processing: no references
[33.858s][debug  ][gc,ref         ] GC(124) Skipped phase 2 of Reference Processing: no references
[33.858s][debug  ][gc,ref         ] GC(124) Skipped phase 3 of Reference Processing: no references
[33.858s][debug  ][gc,ref         ] GC(124) Skipped phase 4 of Reference Processing: no references
[33.858s][debug  ][gc,phases,ref  ] GC(124) Reference Processing: 0.1ms
[33.858s][debug  ][gc,phases,ref  ] GC(124)   Reconsider SoftReferences: 0.0ms
[33.858s][debug  ][gc,phases,ref  ] GC(124)     SoftRef (ms):                  skipped
[33.858s][debug  ][gc,phases,ref  ] GC(124)   Notify Soft/WeakReferences: 0.0ms
[33.858s][debug  ][gc,phases,ref  ] GC(124)     SoftRef (ms):                  skipped
[33.858s][debug  ][gc,phases,ref  ] GC(124)     WeakRef (ms):                  skipped
[33.859s][debug  ][gc,phases,ref  ] GC(124)     FinalRef (ms):                 skipped
[33.859s][debug  ][gc,phases,ref  ] GC(124)     Total (ms):                    skipped
[33.859s][debug  ][gc,phases,ref  ] GC(124)   Notify and keep alive finalizable: 0.0ms
[33.859s][debug  ][gc,phases,ref  ] GC(124)     FinalRef (ms):                 skipped
[33.859s][debug  ][gc,phases,ref  ] GC(124)   Notify PhantomReferences: 0.0ms
[33.859s][debug  ][gc,phases,ref  ] GC(124)     PhantomRef (ms):               skipped
[33.859s][debug  ][gc,phases,ref  ] GC(124)   SoftReference:
[33.859s][debug  ][gc,phases,ref  ] GC(124)     Discovered: 0
[33.859s][debug  ][gc,phases,ref  ] GC(124)     Cleared: 0
[33.859s][debug  ][gc,phases,ref  ] GC(124)   WeakReference:
[33.859s][debug  ][gc,phases,ref  ] GC(124)     Discovered: 0
[33.859s][debug  ][gc,phases,ref  ] GC(124)     Cleared: 0
[33.859s][debug  ][gc,phases,ref  ] GC(124)   FinalReference:
[33.859s][debug  ][gc,phases,ref  ] GC(124)     Discovered: 0
[33.859s][debug  ][gc,phases,ref  ] GC(124)     Cleared: 0
[33.859s][debug  ][gc,phases,ref  ] GC(124)   PhantomReference:
[33.859s][debug  ][gc,phases,ref  ] GC(124)     Discovered: 0
[33.859s][debug  ][gc,phases,ref  ] GC(124)     Cleared: 0
[33.859s][debug  ][gc,phases      ] GC(124) Reference Processing 0.759ms
[33.859s][debug  ][gc,phases,start] GC(124) Weak Processing
[33.859s][debug  ][gc,phases      ] GC(124)   VM Weak                        Min:  0.0, Avg:  0.0, Max:  0.0, Diff:  0.0, Sum:  0.0, Workers: 6
[33.859s][debug  ][gc,phases      ] GC(124)     Dead                           Min: 0, Avg:  0.0, Max: 0, Diff: 0, Sum: 0, Workers: 6
[33.859s][debug  ][gc,phases      ] GC(124)     Total                          Min: 0, Avg:  1.3, Max: 8, Diff: 8, Sum: 8, Workers: 6
[33.859s][debug  ][gc,phases      ] GC(124)   ObjectSynchronizer Weak        Min:  0.0, Avg:  0.0, Max:  0.0, Diff:  0.0, Sum:  0.0, Workers: 6
[33.859s][debug  ][gc,phases      ] GC(124)     Dead                           Min: 0, Avg:  0.0, Max: 0, Diff: 0, Sum: 0, Workers: 6
[33.859s][debug  ][gc,phases      ] GC(124)     Total                          Min: 0, Avg:  0.5, Max: 3, Diff: 3, Sum: 3, Workers: 6
[33.859s][debug  ][gc,phases      ] GC(124)   JVMTI Tag Weak OopStorage      Min:  0.0, Avg:  0.0, Max:  0.0, Diff:  0.0, Sum:  0.0, Workers: 6
[33.859s][debug  ][gc,phases      ] GC(124)     Dead                           Min: 0, Avg:  0.0, Max: 0, Diff: 0, Sum: 0, Workers: 6
[33.859s][debug  ][gc,phases      ] GC(124)     Total                          Min: 0, Avg:  0.0, Max: 0, Diff: 0, Sum: 0, Workers: 6
[33.859s][debug  ][gc,phases      ] GC(124)   StringTable Weak               Min:  0.0, Avg:  0.0, Max:  0.0, Diff:  0.0, Sum:  0.0, Workers: 6
[33.859s][debug  ][gc,phases      ] GC(124)     Dead                           Min: 0, Avg:  0.0, Max: 0, Diff: 0, Sum: 0, Workers: 6
[33.859s][debug  ][gc,phases      ] GC(124)     Total                          Min: 767, Avg: 892.2, Max: 960, Diff: 193, Sum: 5353, Workers: 6
[33.859s][debug  ][gc,phases      ] GC(124)   ResolvedMethodTable Weak       Min:  0.0, Avg:  0.0, Max:  0.0, Diff:  0.0, Sum:  0.0, Workers: 6
[33.859s][debug  ][gc,phases      ] GC(124)     Dead                           Min: 0, Avg:  0.0, Max: 0, Diff: 0, Sum: 0, Workers: 6
[33.859s][debug  ][gc,phases      ] GC(124)     Total                          Min: 0, Avg: 21.7, Max: 64, Diff: 64, Sum: 130, Workers: 6
[33.859s][debug  ][gc,phases      ] GC(124)   JNI Weak                       Min:  0.0, Avg:  0.0, Max:  0.0, Diff:  0.0, Sum:  0.0, Workers: 6
[33.860s][debug  ][gc,phases      ] GC(124)     Dead                           Min: 0, Avg:  0.0, Max: 0, Diff: 0, Sum: 0, Workers: 6
[33.860s][debug  ][gc,phases      ] GC(124)     Total                          Min: 0, Avg:  0.0, Max: 0, Diff: 0, Sum: 0, Workers: 6
[33.860s][debug  ][gc,phases      ] GC(124)   StringDedup Table Weak         Min:  0.0, Avg:  0.0, Max:  0.0, Diff:  0.0, Sum:  0.0, Workers: 6
[33.860s][debug  ][gc,phases      ] GC(124)     Dead                           Min: 0, Avg:  0.0, Max: 0, Diff: 0, Sum: 0, Workers: 6
[33.860s][debug  ][gc,phases      ] GC(124)     Total                          Min: 0, Avg:  0.0, Max: 0, Diff: 0, Sum: 0, Workers: 6
[33.860s][debug  ][gc,phases      ] GC(124)   StringDedup Requests0 Weak     Min:  0.0, Avg:  0.0, Max:  0.0, Diff:  0.0, Sum:  0.0, Workers: 6
[33.860s][debug  ][gc,phases      ] GC(124)     Dead                           Min: 0, Avg:  0.0, Max: 0, Diff: 0, Sum: 0, Workers: 6
[33.860s][debug  ][gc,phases      ] GC(124)     Total                          Min: 0, Avg:  0.0, Max: 0, Diff: 0, Sum: 0, Workers: 6
[33.860s][debug  ][gc,phases      ] GC(124)   StringDedup Requests1 Weak     Min:  0.0, Avg:  0.0, Max:  0.0, Diff:  0.0, Sum:  0.0, Workers: 6
[33.860s][debug  ][gc,phases      ] GC(124)     Dead                           Min: 0, Avg:  0.0, Max: 0, Diff: 0, Sum: 0, Workers: 6
[33.860s][debug  ][gc,phases      ] GC(124)     Total                          Min: 0, Avg:  0.0, Max: 0, Diff: 0, Sum: 0, Workers: 6
[33.860s][debug  ][gc,phases      ] GC(124)   Weak JFR Old Object Samples    Min:  0.0, Avg:  0.0, Max:  0.0, Diff:  0.0, Sum:  0.0, Workers: 6
[33.860s][debug  ][gc,phases      ] GC(124)     Dead                           Min: 0, Avg:  0.0, Max: 0, Diff: 0, Sum: 0, Workers: 6
[33.860s][debug  ][gc,phases      ] GC(124)     Total                          Min: 0, Avg:  0.0, Max: 0, Diff: 0, Sum: 0, Workers: 6
[33.860s][debug  ][gc,phases      ] GC(124) Weak Processing 1.003ms
[33.860s][debug  ][gc,ergo        ] GC(124) AdaptiveSizeStart:  collection: 125 
[33.860s][debug  ][gc,ergo        ] GC(124) avg_survived_padded_avg: 33201648.000000
[33.860s][debug  ][gc,ergo        ] GC(124) avg_promoted_padded_avg: 257704192.000000  avg_pretenured_padded_avg: 0.000000  tenuring_thresh: 15  target_size: 33554432
[33.860s][debug  ][gc,age         ] GC(124) Desired survivor size 33554432 bytes, new threshold 15 (max threshold 15)
[33.860s][debug  ][gc,ergo        ] GC(124) PSAdaptiveSizePolicy::compute_eden_space_size limits: desired_eden_size: 219658527 old_eden_size: 201326592 eden_limit: 201326592 cur_eden: 201326592 max_eden_size: 201326592 avg_young_live: 26278224
[33.860s][debug  ][gc,ergo        ] GC(124) PSAdaptiveSizePolicy::compute_eden_space_size: costs minor_time: 0.045086 major_cost: 0.054201 mutator_cost: 0.900714 throughput_goal: 0.990000
[33.860s][debug  ][gc,ergo        ] GC(124) Live_space: 1063224320 free_space: 1420820480
[33.860s][debug  ][gc,ergo        ] GC(124) Old eden_size: 201326592 desired_eden_size: 201326592
[33.860s][debug  ][gc,ergo        ] GC(124) AdaptiveSizeStop: collection: 125 
[33.860s][info   ][gc,heap        ] GC(124) PSYoungGen: 218811K(229376K)->30720K(229376K) Eden: 188091K(196608K)->0K(196608K) From: 30720K(32768K)->30720K(32768K)
[33.860s][info   ][gc,heap        ] GC(124) ParOldGen: 943716K(1835008K)->1046116K(1835008K)
[33.860s][info   ][gc,metaspace   ] GC(124) Metaspace: 1024K(1216K)->1024K(1216K) NonClass: 940K(1024K)->940K(1024K) Class: 83K(192K)->83K(192K)
[33.860s][info   ][gc             ] GC(124) Pause Young (Allocation Failure) 1135M->1051M(2016M) 11.916ms
[33.860s][info   ][gc,cpu         ] GC(124) User=0.00s Sys=0.00s Real=0.01s
[33.861s][debug  ][gc,heap        ] GC(124) Heap after GC invocations=125 (full 20):
[33.861s][debug  ][gc,heap        ] GC(124)  PSYoungGen      total 229376K, used 30720K [0x00000000f0000000, 0x0000000100000000, 0x0000000100000000)
[33.861s][debug  ][gc,heap        ] GC(124)   eden space 196608K, 0% used [0x00000000f0000000,0x00000000f0000000,0x00000000fc000000)
[33.861s][debug  ][gc,heap        ] GC(124)   from space 32768K, 93% used [0x00000000fc000000,0x00000000fde00030,0x00000000fe000000)
[33.861s][debug  ][gc,heap        ] GC(124)   to   space 32768K, 0% used [0x00000000fe000000,0x00000000fe000000,0x0000000100000000)
[33.861s][debug  ][gc,heap        ] GC(124)  ParOldGen       total 1835008K, used 1046116K [0x0000000080000000, 0x00000000f0000000, 0x00000000f0000000)
[33.861s][debug  ][gc,heap        ] GC(124)   object space 1835008K, 57% used [0x0000000080000000,0x00000000bfd991e0,0x00000000f0000000)
[33.861s][debug  ][gc,heap        ] GC(124)  Metaspace       used 1024K, committed 1216K, reserved 1056768K
[33.861s][debug  ][gc,heap        ] GC(124)   class space    used 83K, committed 192K, reserved 1048576K
[33.861s][debug  ][gc,task,time   ] GC(124) VM-Thread 338480853 338582009 338607703
[34.148s][debug  ][gc,heap        ] GC(125) Heap before GC invocations=126 (full 20):
[34.148s][debug  ][gc,heap        ] GC(125)  PSYoungGen      total 229376K, used 218840K [0x00000000f0000000, 0x0000000100000000, 0x0000000100000000)
[34.148s][debug  ][gc,heap        ] GC(125)   eden space 196608K, 95% used [0x00000000f0000000,0x00000000fb7b6128,0x00000000fc000000)
[34.148s][debug  ][gc,heap        ] GC(125)   from space 32768K, 93% used [0x00000000fc000000,0x00000000fde00030,0x00000000fe000000)
[34.148s][debug  ][gc,heap        ] GC(125)   to   space 32768K, 0% used [0x00000000fe000000,0x00000000fe000000,0x0000000100000000)
[34.148s][debug  ][gc,heap        ] GC(125)  ParOldGen       total 1835008K, used 1046116K [0x0000000080000000, 0x00000000f0000000, 0x00000000f0000000)
[34.148s][debug  ][gc,heap        ] GC(125)   object space 1835008K, 57% used [0x0000000080000000,0x00000000bfd991e0,0x00000000f0000000)
[34.148s][debug  ][gc,heap        ] GC(125)  Metaspace       used 1024K, committed 1216K, reserved 1056768K
[34.148s][debug  ][gc,heap        ] GC(125)   class space    used 83K, committed 192K, reserved 1048576K
[34.148s][debug  ][gc,tlab        ] GC(125) TLAB totals: thrds: 1  refills: 1 max: 1 slow allocs: 17 max 17 waste: 27.1% gc: 3891208B max: 3891208B slow: 0B max: 0B
[34.148s][info   ][gc,start       ] GC(125) Pause Young (Allocation Failure)
[34.148s][debug  ][gc,phases,start] GC(125) Scavenge
[34.163s][debug  ][gc,phases      ] GC(125) Scavenge 14.720ms
[34.163s][debug  ][gc,phases,start] GC(125) Reference Processing
[34.163s][debug  ][gc,ref         ] GC(125) Skipped phase 1 of Reference Processing: no references
[34.163s][debug  ][gc,ref         ] GC(125) Skipped phase 2 of Reference Processing: no references
[34.163s][debug  ][gc,ref         ] GC(125) Skipped phase 3 of Reference Processing: no references
[34.163s][debug  ][gc,ref         ] GC(125) Skipped phase 4 of Reference Processing: no references
[34.163s][debug  ][gc,phases,ref  ] GC(125) Reference Processing: 0.1ms
[34.163s][debug  ][gc,phases,ref  ] GC(125)   Reconsider SoftReferences: 0.0ms
[34.163s][debug  ][gc,phases,ref  ] GC(125)     SoftRef (ms):                  skipped
[34.163s][debug  ][gc,phases,ref  ] GC(125)   Notify Soft/WeakReferences: 0.0ms
[34.163s][debug  ][gc,phases,ref  ] GC(125)     SoftRef (ms):                  skipped
[34.163s][debug  ][gc,phases,ref  ] GC(125)     WeakRef (ms):                  skipped
[34.163s][debug  ][gc,phases,ref  ] GC(125)     FinalRef (ms):                 skipped
[34.163s][debug  ][gc,phases,ref  ] GC(125)     Total (ms):                    skipped
[34.163s][debug  ][gc,phases,ref  ] GC(125)   Notify and keep alive finalizable: 0.0ms
[34.163s][debug  ][gc,phases,ref  ] GC(125)     FinalRef (ms):                 skipped
[34.163s][debug  ][gc,phases,ref  ] GC(125)   Notify PhantomReferences: 0.0ms
[34.163s][debug  ][gc,phases,ref  ] GC(125)     PhantomRef (ms):               skipped
[34.163s][debug  ][gc,phases,ref  ] GC(125)   SoftReference:
[34.163s][debug  ][gc,phases,ref  ] GC(125)     Discovered: 0
[34.163s][debug  ][gc,phases,ref  ] GC(125)     Cleared: 0
[34.163s][debug  ][gc,phases,ref  ] GC(125)   WeakReference:
[34.163s][debug  ][gc,phases,ref  ] GC(125)     Discovered: 0
[34.163s][debug  ][gc,phases,ref  ] GC(125)     Cleared: 0
[34.163s][debug  ][gc,phases,ref  ] GC(125)   FinalReference:
[34.164s][debug  ][gc,phases,ref  ] GC(125)     Discovered: 0
[34.164s][debug  ][gc,phases,ref  ] GC(125)     Cleared: 0
[34.164s][debug  ][gc,phases,ref  ] GC(125)   PhantomReference:
[34.164s][debug  ][gc,phases,ref  ] GC(125)     Discovered: 0
[34.164s][debug  ][gc,phases,ref  ] GC(125)     Cleared: 0
[34.164s][debug  ][gc,phases      ] GC(125) Reference Processing 0.647ms
[34.164s][debug  ][gc,phases,start] GC(125) Weak Processing
[34.164s][debug  ][gc,phases      ] GC(125)   VM Weak                        Min:  0.0, Avg:  0.0, Max:  0.0, Diff:  0.0, Sum:  0.0, Workers: 6
[34.164s][debug  ][gc,phases      ] GC(125)     Dead                           Min: 0, Avg:  0.0, Max: 0, Diff: 0, Sum: 0, Workers: 6
[34.164s][debug  ][gc,phases      ] GC(125)     Total                          Min: 0, Avg:  1.3, Max: 8, Diff: 8, Sum: 8, Workers: 6
[34.164s][debug  ][gc,phases      ] GC(125)   ObjectSynchronizer Weak        Min:  0.0, Avg:  0.0, Max:  0.0, Diff:  0.0, Sum:  0.0, Workers: 6
[34.164s][debug  ][gc,phases      ] GC(125)     Dead                           Min: 0, Avg:  0.0, Max: 0, Diff: 0, Sum: 0, Workers: 6
[34.164s][debug  ][gc,phases      ] GC(125)     Total                          Min: 0, Avg:  0.5, Max: 3, Diff: 3, Sum: 3, Workers: 6
[34.164s][debug  ][gc,phases      ] GC(125)   JVMTI Tag Weak OopStorage      Min:  0.0, Avg:  0.0, Max:  0.0, Diff:  0.0, Sum:  0.0, Workers: 6
[34.164s][debug  ][gc,phases      ] GC(125)     Dead                           Min: 0, Avg:  0.0, Max: 0, Diff: 0, Sum: 0, Workers: 6
[34.164s][debug  ][gc,phases      ] GC(125)     Total                          Min: 0, Avg:  0.0, Max: 0, Diff: 0, Sum: 0, Workers: 6
[34.164s][debug  ][gc,phases      ] GC(125)   StringTable Weak               Min:  0.0, Avg:  0.0, Max:  0.0, Diff:  0.0, Sum:  0.0, Workers: 6
[34.164s][debug  ][gc,phases      ] GC(125)     Dead                           Min: 0, Avg:  0.0, Max: 0, Diff: 0, Sum: 0, Workers: 6
[34.164s][debug  ][gc,phases      ] GC(125)     Total                          Min: 703, Avg: 892.2, Max: 1088, Diff: 385, Sum: 5353, Workers: 6
[34.164s][debug  ][gc,phases      ] GC(125)   ResolvedMethodTable Weak       Min:  0.0, Avg:  0.0, Max:  0.0, Diff:  0.0, Sum:  0.0, Workers: 6
[34.164s][debug  ][gc,phases      ] GC(125)     Dead                           Min: 0, Avg:  0.0, Max: 0, Diff: 0, Sum: 0, Workers: 6
[34.164s][debug  ][gc,phases      ] GC(125)     Total                          Min: 0, Avg: 21.7, Max: 64, Diff: 64, Sum: 130, Workers: 6
[34.164s][debug  ][gc,phases      ] GC(125)   JNI Weak                       Min:  0.0, Avg:  0.0, Max:  0.0, Diff:  0.0, Sum:  0.0, Workers: 6
[34.164s][debug  ][gc,phases      ] GC(125)     Dead                           Min: 0, Avg:  0.0, Max: 0, Diff: 0, Sum: 0, Workers: 6
[34.164s][debug  ][gc,phases      ] GC(125)     Total                          Min: 0, Avg:  0.0, Max: 0, Diff: 0, Sum: 0, Workers: 6
[34.164s][debug  ][gc,phases      ] GC(125)   StringDedup Table Weak         Min:  0.0, Avg:  0.0, Max:  0.0, Diff:  0.0, Sum:  0.0, Workers: 6
[34.164s][debug  ][gc,phases      ] GC(125)     Dead                           Min: 0, Avg:  0.0, Max: 0, Diff: 0, Sum: 0, Workers: 6
[34.164s][debug  ][gc,phases      ] GC(125)     Total                          Min: 0, Avg:  0.0, Max: 0, Diff: 0, Sum: 0, Workers: 6
[34.164s][debug  ][gc,phases      ] GC(125)   StringDedup Requests0 Weak     Min:  0.0, Avg:  0.0, Max:  0.0, Diff:  0.0, Sum:  0.0, Workers: 6
[34.164s][debug  ][gc,phases      ] GC(125)     Dead                           Min: 0, Avg:  0.0, Max: 0, Diff: 0, Sum: 0, Workers: 6
[34.164s][debug  ][gc,phases      ] GC(125)     Total                          Min: 0, Avg:  0.0, Max: 0, Diff: 0, Sum: 0, Workers: 6
[34.164s][debug  ][gc,phases      ] GC(125)   StringDedup Requests1 Weak     Min:  0.0, Avg:  0.0, Max:  0.0, Diff:  0.0, Sum:  0.0, Workers: 6
[34.164s][debug  ][gc,phases      ] GC(125)     Dead                           Min: 0, Avg:  0.0, Max: 0, Diff: 0, Sum: 0, Workers: 6
[34.164s][debug  ][gc,phases      ] GC(125)     Total                          Min: 0, Avg:  0.0, Max: 0, Diff: 0, Sum: 0, Workers: 6
[34.164s][debug  ][gc,phases      ] GC(125)   Weak JFR Old Object Samples    Min:  0.0, Avg:  0.0, Max:  0.0, Diff:  0.0, Sum:  0.0, Workers: 6
[34.164s][debug  ][gc,phases      ] GC(125)     Dead                           Min: 0, Avg:  0.0, Max: 0, Diff: 0, Sum: 0, Workers: 6
[34.164s][debug  ][gc,phases      ] GC(125)     Total                          Min: 0, Avg:  0.0, Max: 0, Diff: 0, Sum: 0, Workers: 6
[34.164s][debug  ][gc,phases      ] GC(125) Weak Processing 0.728ms
[34.164s][debug  ][gc,ergo        ] GC(125) AdaptiveSizeStart:  collection: 126 
[34.164s][debug  ][gc,ergo        ] GC(125) avg_survived_padded_avg: 33071396.000000
[34.164s][debug  ][gc,ergo        ] GC(125) avg_promoted_padded_avg: 259247728.000000  avg_pretenured_padded_avg: 0.000000  tenuring_thresh: 15  target_size: 33554432
[34.164s][debug  ][gc,age         ] GC(125) Desired survivor size 33554432 bytes, new threshold 15 (max threshold 15)
[34.164s][debug  ][gc,ergo        ] GC(125) PSAdaptiveSizePolicy::compute_eden_space_size limits: desired_eden_size: 220104551 old_eden_size: 201326592 eden_limit: 201326592 cur_eden: 201326592 max_eden_size: 201326592 avg_young_live: 26796134
[34.165s][debug  ][gc,ergo        ] GC(125) PSAdaptiveSizePolicy::compute_eden_space_size: costs minor_time: 0.047137 major_cost: 0.054201 mutator_cost: 0.898663 throughput_goal: 0.990000
[34.165s][debug  ][gc,ergo        ] GC(125) Live_space: 1063742208 free_space: 1420820480
[34.165s][debug  ][gc,ergo        ] GC(125) Old eden_size: 201326592 desired_eden_size: 201326592
[34.165s][debug  ][gc,ergo        ] GC(125) AdaptiveSizeStop: collection: 126 
[34.165s][info   ][gc,heap        ] GC(125) PSYoungGen: 218840K(229376K)->30720K(229376K) Eden: 188120K(196608K)->0K(196608K) From: 30720K(32768K)->30720K(32768K)
[34.165s][info   ][gc,heap        ] GC(125) ParOldGen: 1046116K(1835008K)->1230436K(1835008K)
[34.165s][info   ][gc,metaspace   ] GC(125) Metaspace: 1024K(1216K)->1024K(1216K) NonClass: 940K(1024K)->940K(1024K) Class: 83K(192K)->83K(192K)
[34.165s][info   ][gc             ] GC(125) Pause Young (Allocation Failure) 1235M->1231M(2016M) 16.569ms
[34.165s][info   ][gc,cpu         ] GC(125) User=0.14s Sys=0.00s Real=0.02s
[34.165s][debug  ][gc,heap        ] GC(125) Heap after GC invocations=126 (full 20):
[34.165s][debug  ][gc,heap        ] GC(125)  PSYoungGen      total 229376K, used 30720K [0x00000000f0000000, 0x0000000100000000, 0x0000000100000000)
[34.165s][debug  ][gc,heap        ] GC(125)   eden space 196608K, 0% used [0x00000000f0000000,0x00000000f0000000,0x00000000fc000000)
[34.165s][debug  ][gc,heap        ] GC(125)   from space 32768K, 93% used [0x00000000fe000000,0x00000000ffe00030,0x0000000100000000)
[34.165s][debug  ][gc,heap        ] GC(125)   to   space 32768K, 0% used [0x00000000fc000000,0x00000000fc000000,0x00000000fe000000)
[34.165s][debug  ][gc,heap        ] GC(125)  ParOldGen       total 1835008K, used 1230436K [0x0000000080000000, 0x00000000f0000000, 0x00000000f0000000)
[34.165s][debug  ][gc,heap        ] GC(125)   object space 1835008K, 67% used [0x0000000080000000,0x00000000cb199300,0x00000000f0000000)
[34.165s][debug  ][gc,heap        ] GC(125)  Metaspace       used 1024K, committed 1216K, reserved 1056768K
[34.165s][debug  ][gc,heap        ] GC(125)   class space    used 83K, committed 192K, reserved 1048576K
[34.165s][debug  ][gc,task,time   ] GC(125) VM-Thread 341476569 341629712 341649400
[34.449s][debug  ][gc,heap        ] GC(126) Heap before GC invocations=127 (full 20):
[34.449s][debug  ][gc,heap        ] GC(126)  PSYoungGen      total 229376K, used 218858K [0x00000000f0000000, 0x0000000100000000, 0x0000000100000000)
[34.449s][debug  ][gc,heap        ] GC(126)   eden space 196608K, 95% used [0x00000000f0000000,0x00000000fb7bab00,0x00000000fc000000)
[34.449s][debug  ][gc,heap        ] GC(126)   from space 32768K, 93% used [0x00000000fe000000,0x00000000ffe00030,0x0000000100000000)
[34.449s][debug  ][gc,heap        ] GC(126)   to   space 32768K, 0% used [0x00000000fc000000,0x00000000fc000000,0x00000000fe000000)
[34.449s][debug  ][gc,heap        ] GC(126)  ParOldGen       total 1835008K, used 1230436K [0x0000000080000000, 0x00000000f0000000, 0x00000000f0000000)
[34.449s][debug  ][gc,heap        ] GC(126)   object space 1835008K, 67% used [0x0000000080000000,0x00000000cb199300,0x00000000f0000000)
[34.449s][debug  ][gc,heap        ] GC(126)  Metaspace       used 1024K, committed 1216K, reserved 1056768K
[34.449s][debug  ][gc,heap        ] GC(126)   class space    used 83K, committed 192K, reserved 1048576K
[34.449s][debug  ][gc,tlab        ] GC(126) TLAB totals: thrds: 1  refills: 1 max: 1 slow allocs: 17 max 17 waste: 27.2% gc: 3910112B max: 3910112B slow: 0B max: 0B
[34.449s][info   ][gc,start       ] GC(126) Pause Young (Allocation Failure)
[34.449s][debug  ][gc,phases,start] GC(126) Scavenge
[34.464s][debug  ][gc,phases      ] GC(126) Scavenge 14.991ms
[34.464s][debug  ][gc,phases,start] GC(126) Reference Processing
[34.464s][debug  ][gc,ref         ] GC(126) Skipped phase 1 of Reference Processing: no references
[34.464s][debug  ][gc,ref         ] GC(126) Skipped phase 2 of Reference Processing: no references
[34.464s][debug  ][gc,ref         ] GC(126) Skipped phase 3 of Reference Processing: no references
[34.464s][debug  ][gc,ref         ] GC(126) Skipped phase 4 of Reference Processing: no references
[34.464s][debug  ][gc,phases,ref  ] GC(126) Reference Processing: 0.1ms
[34.464s][debug  ][gc,phases,ref  ] GC(126)   Reconsider SoftReferences: 0.0ms
[34.464s][debug  ][gc,phases,ref  ] GC(126)     SoftRef (ms):                  skipped
[34.464s][debug  ][gc,phases,ref  ] GC(126)   Notify Soft/WeakReferences: 0.0ms
[34.464s][debug  ][gc,phases,ref  ] GC(126)     SoftRef (ms):                  skipped
[34.464s][debug  ][gc,phases,ref  ] GC(126)     WeakRef (ms):                  skipped
[34.464s][debug  ][gc,phases,ref  ] GC(126)     FinalRef (ms):                 skipped
[34.464s][debug  ][gc,phases,ref  ] GC(126)     Total (ms):                    skipped
[34.465s][debug  ][gc,phases,ref  ] GC(126)   Notify and keep alive finalizable: 0.0ms
[34.465s][debug  ][gc,phases,ref  ] GC(126)     FinalRef (ms):                 skipped
[34.465s][debug  ][gc,phases,ref  ] GC(126)   Notify PhantomReferences: 0.0ms
[34.465s][debug  ][gc,phases,ref  ] GC(126)     PhantomRef (ms):               skipped
[34.465s][debug  ][gc,phases,ref  ] GC(126)   SoftReference:
[34.465s][debug  ][gc,phases,ref  ] GC(126)     Discovered: 0
[34.465s][debug  ][gc,phases,ref  ] GC(126)     Cleared: 0
[34.465s][debug  ][gc,phases,ref  ] GC(126)   WeakReference:
[34.465s][debug  ][gc,phases,ref  ] GC(126)     Discovered: 0
[34.465s][debug  ][gc,phases,ref  ] GC(126)     Cleared: 0
[34.465s][debug  ][gc,phases,ref  ] GC(126)   FinalReference:
[34.465s][debug  ][gc,phases,ref  ] GC(126)     Discovered: 0
[34.465s][debug  ][gc,phases,ref  ] GC(126)     Cleared: 0
[34.465s][debug  ][gc,phases,ref  ] GC(126)   PhantomReference:
[34.465s][debug  ][gc,phases,ref  ] GC(126)     Discovered: 0
[34.465s][debug  ][gc,phases,ref  ] GC(126)     Cleared: 0
[34.465s][debug  ][gc,phases      ] GC(126) Reference Processing 0.749ms
[34.465s][debug  ][gc,phases,start] GC(126) Weak Processing
[34.465s][debug  ][gc,phases      ] GC(126)   VM Weak                        Min:  0.0, Avg:  0.0, Max:  0.0, Diff:  0.0, Sum:  0.0, Workers: 6
[34.465s][debug  ][gc,phases      ] GC(126)     Dead                           Min: 0, Avg:  0.0, Max: 0, Diff: 0, Sum: 0, Workers: 6
[34.465s][debug  ][gc,phases      ] GC(126)     Total                          Min: 0, Avg:  1.3, Max: 8, Diff: 8, Sum: 8, Workers: 6
[34.465s][debug  ][gc,phases      ] GC(126)   ObjectSynchronizer Weak        Min:  0.0, Avg:  0.0, Max:  0.0, Diff:  0.0, Sum:  0.0, Workers: 6
[34.465s][debug  ][gc,phases      ] GC(126)     Dead                           Min: 0, Avg:  0.0, Max: 0, Diff: 0, Sum: 0, Workers: 6
[34.465s][debug  ][gc,phases      ] GC(126)     Total                          Min: 0, Avg:  0.5, Max: 3, Diff: 3, Sum: 3, Workers: 6
[34.465s][debug  ][gc,phases      ] GC(126)   JVMTI Tag Weak OopStorage      Min:  0.0, Avg:  0.0, Max:  0.0, Diff:  0.0, Sum:  0.0, Workers: 6
[34.465s][debug  ][gc,phases      ] GC(126)     Dead                           Min: 0, Avg:  0.0, Max: 0, Diff: 0, Sum: 0, Workers: 6
[34.465s][debug  ][gc,phases      ] GC(126)     Total                          Min: 0, Avg:  0.0, Max: 0, Diff: 0, Sum: 0, Workers: 6
[34.465s][debug  ][gc,phases      ] GC(126)   StringTable Weak               Min:  0.0, Avg:  0.0, Max:  0.0, Diff:  0.0, Sum:  0.0, Workers: 6
[34.465s][debug  ][gc,phases      ] GC(126)     Dead                           Min: 0, Avg:  0.0, Max: 0, Diff: 0, Sum: 0, Workers: 6
[34.465s][debug  ][gc,phases      ] GC(126)     Total                          Min: 768, Avg: 892.2, Max: 1002, Diff: 234, Sum: 5353, Workers: 6
[34.465s][debug  ][gc,phases      ] GC(126)   ResolvedMethodTable Weak       Min:  0.0, Avg:  0.0, Max:  0.0, Diff:  0.0, Sum:  0.0, Workers: 6
[34.465s][debug  ][gc,phases      ] GC(126)     Dead                           Min: 0, Avg:  0.0, Max: 0, Diff: 0, Sum: 0, Workers: 6
[34.465s][debug  ][gc,phases      ] GC(126)     Total                          Min: 0, Avg: 21.7, Max: 64, Diff: 64, Sum: 130, Workers: 6
[34.465s][debug  ][gc,phases      ] GC(126)   JNI Weak                       Min:  0.0, Avg:  0.0, Max:  0.0, Diff:  0.0, Sum:  0.0, Workers: 6
[34.465s][debug  ][gc,phases      ] GC(126)     Dead                           Min: 0, Avg:  0.0, Max: 0, Diff: 0, Sum: 0, Workers: 6
[34.465s][debug  ][gc,phases      ] GC(126)     Total                          Min: 0, Avg:  0.0, Max: 0, Diff: 0, Sum: 0, Workers: 6
[34.466s][debug  ][gc,phases      ] GC(126)   StringDedup Table Weak         Min:  0.0, Avg:  0.0, Max:  0.0, Diff:  0.0, Sum:  0.0, Workers: 6
[34.466s][debug  ][gc,phases      ] GC(126)     Dead                           Min: 0, Avg:  0.0, Max: 0, Diff: 0, Sum: 0, Workers: 6
[34.466s][debug  ][gc,phases      ] GC(126)     Total                          Min: 0, Avg:  0.0, Max: 0, Diff: 0, Sum: 0, Workers: 6
[34.466s][debug  ][gc,phases      ] GC(126)   StringDedup Requests0 Weak     Min:  0.0, Avg:  0.0, Max:  0.0, Diff:  0.0, Sum:  0.0, Workers: 6
[34.466s][debug  ][gc,phases      ] GC(126)     Dead                           Min: 0, Avg:  0.0, Max: 0, Diff: 0, Sum: 0, Workers: 6
[34.466s][debug  ][gc,phases      ] GC(126)     Total                          Min: 0, Avg:  0.0, Max: 0, Diff: 0, Sum: 0, Workers: 6
[34.466s][debug  ][gc,phases      ] GC(126)   StringDedup Requests1 Weak     Min:  0.0, Avg:  0.0, Max:  0.0, Diff:  0.0, Sum:  0.0, Workers: 6
[34.466s][debug  ][gc,phases      ] GC(126)     Dead                           Min: 0, Avg:  0.0, Max: 0, Diff: 0, Sum: 0, Workers: 6
[34.466s][debug  ][gc,phases      ] GC(126)     Total                          Min: 0, Avg:  0.0, Max: 0, Diff: 0, Sum: 0, Workers: 6
[34.466s][debug  ][gc,phases      ] GC(126)   Weak JFR Old Object Samples    Min:  0.0, Avg:  0.0, Max:  0.0, Diff:  0.0, Sum:  0.0, Workers: 6
[34.466s][debug  ][gc,phases      ] GC(126)     Dead                           Min: 0, Avg:  0.0, Max: 0, Diff: 0, Sum: 0, Workers: 6
[34.466s][debug  ][gc,phases      ] GC(126)     Total                          Min: 0, Avg:  0.0, Max: 0, Diff: 0, Sum: 0, Workers: 6
[34.466s][debug  ][gc,phases      ] GC(126) Weak Processing 0.850ms
[34.466s][debug  ][gc,ergo        ] GC(126) AdaptiveSizeStart:  collection: 127 
[34.466s][debug  ][gc,ergo        ] GC(126) avg_survived_padded_avg: 32949752.000000
[34.466s][debug  ][gc,ergo        ] GC(126) avg_promoted_padded_avg: 259792960.000000  avg_pretenured_padded_avg: 0.000000  tenuring_thresh: 15  target_size: 33030144
[34.466s][debug  ][gc,age         ] GC(126) Desired survivor size 33030144 bytes, new threshold 15 (max threshold 15)
[34.466s][debug  ][gc,ergo        ] GC(126) PSAdaptiveSizePolicy::compute_eden_space_size limits: desired_eden_size: 220539783 old_eden_size: 201326592 eden_limit: 201326592 cur_eden: 201326592 max_eden_size: 201326592 avg_young_live: 27262252
[34.466s][debug  ][gc,ergo        ] GC(126) PSAdaptiveSizePolicy::compute_eden_space_size: costs minor_time: 0.049221 major_cost: 0.054201 mutator_cost: 0.896578 throughput_goal: 0.990000
[34.466s][debug  ][gc,ergo        ] GC(126) Live_space: 1064208384 free_space: 1420820480
[34.466s][debug  ][gc,ergo        ] GC(126) Old eden_size: 201326592 desired_eden_size: 201326592
[34.466s][debug  ][gc,ergo        ] GC(126) AdaptiveSizeStop: collection: 127 
[34.466s][info   ][gc,heap        ] GC(126) PSYoungGen: 218858K(229376K)->30720K(229376K) Eden: 188138K(196608K)->0K(196608K) From: 30720K(32768K)->30720K(32768K)
[34.466s][info   ][gc,heap        ] GC(126) ParOldGen: 1230436K(1835008K)->1414757K(1835008K)
[34.466s][info   ][gc,metaspace   ] GC(126) Metaspace: 1024K(1216K)->1024K(1216K) NonClass: 940K(1024K)->940K(1024K) Class: 83K(192K)->83K(192K)
[34.466s][info   ][gc             ] GC(126) Pause Young (Allocation Failure) 1415M->1411M(2016M) 17.077ms
[34.466s][info   ][gc,cpu         ] GC(126) User=0.16s Sys=0.00s Real=0.02s
[34.466s][debug  ][gc,heap        ] GC(126) Heap after GC invocations=127 (full 20):
[34.466s][debug  ][gc,heap        ] GC(126)  PSYoungGen      total 229376K, used 30720K [0x00000000f0000000, 0x0000000100000000, 0x0000000100000000)
[34.466s][debug  ][gc,heap        ] GC(126)   eden space 196608K, 0% used [0x00000000f0000000,0x00000000f0000000,0x00000000fc000000)
[34.466s][debug  ][gc,heap        ] GC(126)   from space 32768K, 93% used [0x00000000fc000000,0x00000000fde00030,0x00000000fe000000)
[34.466s][debug  ][gc,heap        ] GC(126)   to   space 32256K, 0% used [0x00000000fe080000,0x00000000fe080000,0x0000000100000000)
[34.466s][debug  ][gc,heap        ] GC(126)  ParOldGen       total 1835008K, used 1414757K [0x0000000080000000, 0x00000000f0000000, 0x00000000f0000000)
[34.466s][debug  ][gc,heap        ] GC(126)   object space 1835008K, 77% used [0x0000000080000000,0x00000000d6599420,0x00000000f0000000)
[34.466s][debug  ][gc,heap        ] GC(126)  Metaspace       used 1024K, committed 1216K, reserved 1056768K
[34.466s][debug  ][gc,heap        ] GC(126)   class space    used 83K, committed 192K, reserved 1048576K
[34.466s][debug  ][gc,task,time   ] GC(126) VM-Thread 344486184 344641700 344663957
[34.753s][debug  ][gc,heap        ] GC(127) Heap before GC invocations=128 (full 20):
[34.753s][debug  ][gc,heap        ] GC(127)  PSYoungGen      total 229376K, used 218870K [0x00000000f0000000, 0x0000000100000000, 0x0000000100000000)
[34.753s][debug  ][gc,heap        ] GC(127)   eden space 196608K, 95% used [0x00000000f0000000,0x00000000fb7bda70,0x00000000fc000000)
[34.753s][debug  ][gc,heap        ] GC(127)   from space 32768K, 93% used [0x00000000fc000000,0x00000000fde00030,0x00000000fe000000)
[34.753s][debug  ][gc,heap        ] GC(127)   to   space 32256K, 0% used [0x00000000fe080000,0x00000000fe080000,0x0000000100000000)
[34.753s][debug  ][gc,heap        ] GC(127)  ParOldGen       total 1835008K, used 1414757K [0x0000000080000000, 0x00000000f0000000, 0x00000000f0000000)
[34.753s][debug  ][gc,heap        ] GC(127)   object space 1835008K, 77% used [0x0000000080000000,0x00000000d6599420,0x00000000f0000000)
[34.753s][debug  ][gc,heap        ] GC(127)  Metaspace       used 1024K, committed 1216K, reserved 1056768K
[34.753s][debug  ][gc,heap        ] GC(127)   class space    used 83K, committed 192K, reserved 1048576K
[34.753s][debug  ][gc,tlab        ] GC(127) TLAB totals: thrds: 1  refills: 1 max: 1 slow allocs: 17 max 17 waste: 27.2% gc: 3922256B max: 3922256B slow: 0B max: 0B
[34.753s][info   ][gc,start       ] GC(127) Pause Young (Allocation Failure)
[34.753s][debug  ][gc,phases,start] GC(127) Scavenge
[34.768s][debug  ][gc,phases      ] GC(127) Scavenge 14.786ms
[34.768s][debug  ][gc,phases,start] GC(127) Reference Processing
[34.768s][debug  ][gc,ref         ] GC(127) Skipped phase 1 of Reference Processing: no references
[34.768s][debug  ][gc,ref         ] GC(127) Skipped phase 2 of Reference Processing: no references
[34.768s][debug  ][gc,ref         ] GC(127) Skipped phase 3 of Reference Processing: no references
[34.768s][debug  ][gc,ref         ] GC(127) Skipped phase 4 of Reference Processing: no references
[34.768s][debug  ][gc,phases,ref  ] GC(127) Reference Processing: 0.1ms
[34.768s][debug  ][gc,phases,ref  ] GC(127)   Reconsider SoftReferences: 0.0ms
[34.768s][debug  ][gc,phases,ref  ] GC(127)     SoftRef (ms):                  skipped
[34.768s][debug  ][gc,phases,ref  ] GC(127)   Notify Soft/WeakReferences: 0.0ms
[34.768s][debug  ][gc,phases,ref  ] GC(127)     SoftRef (ms):                  skipped
[34.768s][debug  ][gc,phases,ref  ] GC(127)     WeakRef (ms):                  skipped
[34.768s][debug  ][gc,phases,ref  ] GC(127)     FinalRef (ms):                 skipped
[34.768s][debug  ][gc,phases,ref  ] GC(127)     Total (ms):                    skipped
[34.768s][debug  ][gc,phases,ref  ] GC(127)   Notify and keep alive finalizable: 0.0ms
[34.768s][debug  ][gc,phases,ref  ] GC(127)     FinalRef (ms):                 skipped
[34.768s][debug  ][gc,phases,ref  ] GC(127)   Notify PhantomReferences: 0.0ms
[34.768s][debug  ][gc,phases,ref  ] GC(127)     PhantomRef (ms):               skipped
[34.768s][debug  ][gc,phases,ref  ] GC(127)   SoftReference:
[34.768s][debug  ][gc,phases,ref  ] GC(127)     Discovered: 0
[34.768s][debug  ][gc,phases,ref  ] GC(127)     Cleared: 0
[34.768s][debug  ][gc,phases,ref  ] GC(127)   WeakReference:
[34.768s][debug  ][gc,phases,ref  ] GC(127)     Discovered: 0
[34.768s][debug  ][gc,phases,ref  ] GC(127)     Cleared: 0
[34.768s][debug  ][gc,phases,ref  ] GC(127)   FinalReference:
[34.768s][debug  ][gc,phases,ref  ] GC(127)     Discovered: 0
[34.768s][debug  ][gc,phases,ref  ] GC(127)     Cleared: 0
[34.768s][debug  ][gc,phases,ref  ] GC(127)   PhantomReference:
[34.768s][debug  ][gc,phases,ref  ] GC(127)     Discovered: 0
[34.768s][debug  ][gc,phases,ref  ] GC(127)     Cleared: 0
[34.769s][debug  ][gc,phases      ] GC(127) Reference Processing 0.631ms
[34.769s][debug  ][gc,phases,start] GC(127) Weak Processing
[34.769s][debug  ][gc,phases      ] GC(127)   VM Weak                        Min:  0.0, Avg:  0.0, Max:  0.0, Diff:  0.0, Sum:  0.0, Workers: 6
[34.769s][debug  ][gc,phases      ] GC(127)     Dead                           Min: 0, Avg:  0.0, Max: 0, Diff: 0, Sum: 0, Workers: 6
[34.769s][debug  ][gc,phases      ] GC(127)     Total                          Min: 0, Avg:  1.3, Max: 8, Diff: 8, Sum: 8, Workers: 6
[34.769s][debug  ][gc,phases      ] GC(127)   ObjectSynchronizer Weak        Min:  0.0, Avg:  0.0, Max:  0.0, Diff:  0.0, Sum:  0.0, Workers: 6
[34.769s][debug  ][gc,phases      ] GC(127)     Dead                           Min: 0, Avg:  0.0, Max: 0, Diff: 0, Sum: 0, Workers: 6
[34.769s][debug  ][gc,phases      ] GC(127)     Total                          Min: 0, Avg:  0.5, Max: 3, Diff: 3, Sum: 3, Workers: 6
[34.769s][debug  ][gc,phases      ] GC(127)   JVMTI Tag Weak OopStorage      Min:  0.0, Avg:  0.0, Max:  0.0, Diff:  0.0, Sum:  0.0, Workers: 6
[34.769s][debug  ][gc,phases      ] GC(127)     Dead                           Min: 0, Avg:  0.0, Max: 0, Diff: 0, Sum: 0, Workers: 6
[34.769s][debug  ][gc,phases      ] GC(127)     Total                          Min: 0, Avg:  0.0, Max: 0, Diff: 0, Sum: 0, Workers: 6
[34.769s][debug  ][gc,phases      ] GC(127)   StringTable Weak               Min:  0.0, Avg:  0.0, Max:  0.0, Diff:  0.0, Sum:  0.0, Workers: 6
[34.769s][debug  ][gc,phases      ] GC(127)     Dead                           Min: 0, Avg:  0.0, Max: 0, Diff: 0, Sum: 0, Workers: 6
[34.769s][debug  ][gc,phases      ] GC(127)     Total                          Min: 746, Avg: 892.2, Max: 1024, Diff: 278, Sum: 5353, Workers: 6
[34.769s][debug  ][gc,phases      ] GC(127)   ResolvedMethodTable Weak       Min:  0.0, Avg:  0.0, Max:  0.0, Diff:  0.0, Sum:  0.0, Workers: 6
[34.769s][debug  ][gc,phases      ] GC(127)     Dead                           Min: 0, Avg:  0.0, Max: 0, Diff: 0, Sum: 0, Workers: 6
[34.769s][debug  ][gc,phases      ] GC(127)     Total                          Min: 0, Avg: 21.7, Max: 64, Diff: 64, Sum: 130, Workers: 6
[34.769s][debug  ][gc,phases      ] GC(127)   JNI Weak                       Min:  0.0, Avg:  0.0, Max:  0.0, Diff:  0.0, Sum:  0.0, Workers: 6
[34.769s][debug  ][gc,phases      ] GC(127)     Dead                           Min: 0, Avg:  0.0, Max: 0, Diff: 0, Sum: 0, Workers: 6
[34.769s][debug  ][gc,phases      ] GC(127)     Total                          Min: 0, Avg:  0.0, Max: 0, Diff: 0, Sum: 0, Workers: 6
[34.769s][debug  ][gc,phases      ] GC(127)   StringDedup Table Weak         Min:  0.0, Avg:  0.0, Max:  0.0, Diff:  0.0, Sum:  0.0, Workers: 6
[34.769s][debug  ][gc,phases      ] GC(127)     Dead                           Min: 0, Avg:  0.0, Max: 0, Diff: 0, Sum: 0, Workers: 6
[34.769s][debug  ][gc,phases      ] GC(127)     Total                          Min: 0, Avg:  0.0, Max: 0, Diff: 0, Sum: 0, Workers: 6
[34.769s][debug  ][gc,phases      ] GC(127)   StringDedup Requests0 Weak     Min:  0.0, Avg:  0.0, Max:  0.0, Diff:  0.0, Sum:  0.0, Workers: 6
[34.769s][debug  ][gc,phases      ] GC(127)     Dead                           Min: 0, Avg:  0.0, Max: 0, Diff: 0, Sum: 0, Workers: 6
[34.769s][debug  ][gc,phases      ] GC(127)     Total                          Min: 0, Avg:  0.0, Max: 0, Diff: 0, Sum: 0, Workers: 6
[34.769s][debug  ][gc,phases      ] GC(127)   StringDedup Requests1 Weak     Min:  0.0, Avg:  0.0, Max:  0.0, Diff:  0.0, Sum:  0.0, Workers: 6
[34.769s][debug  ][gc,phases      ] GC(127)     Dead                           Min: 0, Avg:  0.0, Max: 0, Diff: 0, Sum: 0, Workers: 6
[34.769s][debug  ][gc,phases      ] GC(127)     Total                          Min: 0, Avg:  0.0, Max: 0, Diff: 0, Sum: 0, Workers: 6
[34.769s][debug  ][gc,phases      ] GC(127)   Weak JFR Old Object Samples    Min:  0.0, Avg:  0.0, Max:  0.0, Diff:  0.0, Sum:  0.0, Workers: 6
[34.769s][debug  ][gc,phases      ] GC(127)     Dead                           Min: 0, Avg:  0.0, Max: 0, Diff: 0, Sum: 0, Workers: 6
[34.769s][debug  ][gc,phases      ] GC(127)     Total                          Min: 0, Avg:  0.0, Max: 0, Diff: 0, Sum: 0, Workers: 6
[34.769s][debug  ][gc,phases      ] GC(127) Weak Processing 0.755ms
[34.769s][debug  ][gc,ergo        ] GC(127) AdaptiveSizeStart:  collection: 128 
[34.769s][debug  ][gc,ergo        ] GC(127) avg_survived_padded_avg: 32836296.000000
[34.769s][debug  ][gc,ergo        ] GC(127) avg_promoted_padded_avg: 259524112.000000  avg_pretenured_padded_avg: 0.000000  tenuring_thresh: 15  target_size: 33030144
[34.769s][debug  ][gc,age         ] GC(127) Desired survivor size 33030144 bytes, new threshold 15 (max threshold 15)
[34.769s][debug  ][gc,ergo        ] GC(127) PSAdaptiveSizePolicy::compute_eden_space_size limits: desired_eden_size: 220762626 old_eden_size: 201326592 eden_limit: 201850880 cur_eden: 201326592 max_eden_size: 201850880 avg_young_live: 27681758
[34.769s][debug  ][gc,ergo        ] GC(127) PSAdaptiveSizePolicy::compute_eden_space_size: costs minor_time: 0.050322 major_cost: 0.054201 mutator_cost: 0.895477 throughput_goal: 0.990000
[34.769s][debug  ][gc,ergo        ] GC(127) Live_space: 1064627840 free_space: 1420820480
[34.769s][debug  ][gc,ergo        ] GC(127) Old eden_size: 201326592 desired_eden_size: 201850880
[34.769s][debug  ][gc,ergo        ] GC(127) AdaptiveSizeStop: collection: 128 
[34.770s][info   ][gc,heap        ] GC(127) PSYoungGen: 218870K(229376K)->30720K(229888K) Eden: 188150K(196608K)->0K(197632K) From: 30720K(32768K)->30720K(32256K)
[34.770s][info   ][gc,heap        ] GC(127) ParOldGen: 1414757K(1835008K)->1599077K(1835008K)
[34.770s][info   ][gc,metaspace   ] GC(127) Metaspace: 1024K(1216K)->1024K(1216K) NonClass: 940K(1024K)->940K(1024K) Class: 83K(192K)->83K(192K)
[34.770s][info   ][gc             ] GC(127) Pause Young (Allocation Failure) 1595M->1591M(2016M) 16.599ms
[34.770s][info   ][gc,cpu         ] GC(127) User=0.16s Sys=0.00s Real=0.02s
[34.770s][debug  ][gc,heap        ] GC(127) Heap after GC invocations=128 (full 20):
[34.770s][debug  ][gc,heap        ] GC(127)  PSYoungGen      total 229888K, used 30720K [0x00000000f0000000, 0x0000000100000000, 0x0000000100000000)
[34.770s][debug  ][gc,heap        ] GC(127)   eden space 197632K, 0% used [0x00000000f0000000,0x00000000f0000000,0x00000000fc100000)
[34.770s][debug  ][gc,heap        ] GC(127)   from space 32256K, 95% used [0x00000000fe080000,0x00000000ffe80030,0x0000000100000000)
[34.770s][debug  ][gc,heap        ] GC(127)   to   space 32256K, 0% used [0x00000000fc100000,0x00000000fc100000,0x00000000fe080000)
[34.770s][debug  ][gc,heap        ] GC(127)  ParOldGen       total 1835008K, used 1599077K [0x0000000080000000, 0x00000000f0000000, 0x00000000f0000000)
[34.770s][debug  ][gc,heap        ] GC(127)   object space 1835008K, 87% used [0x0000000080000000,0x00000000e1999540,0x00000000f0000000)
[34.770s][debug  ][gc,heap        ] GC(127)  Metaspace       used 1024K, committed 1216K, reserved 1056768K
[34.770s][debug  ][gc,heap        ] GC(127)   class space    used 83K, committed 192K, reserved 1048576K
[34.770s][debug  ][gc,task,time   ] GC(127) VM-Thread 347527057 347678813 347698684
[34.770s][debug  ][gc,phases,start] GC(128) Pre Compact
[34.770s][debug  ][gc,heap        ] GC(128) Heap before GC invocations=129 (full 21):
[34.770s][debug  ][gc,heap        ] GC(128)  PSYoungGen      total 229888K, used 30720K [0x00000000f0000000, 0x0000000100000000, 0x0000000100000000)
[34.770s][debug  ][gc,heap        ] GC(128)   eden space 197632K, 0% used [0x00000000f0000000,0x00000000f0000000,0x00000000fc100000)
[34.770s][debug  ][gc,heap        ] GC(128)   from space 32256K, 95% used [0x00000000fe080000,0x00000000ffe80030,0x0000000100000000)
[34.770s][debug  ][gc,heap        ] GC(128)   to   space 32256K, 0% used [0x00000000fc100000,0x00000000fc100000,0x00000000fe080000)
[34.770s][debug  ][gc,heap        ] GC(128)  ParOldGen       total 1835008K, used 1599077K [0x0000000080000000, 0x00000000f0000000, 0x00000000f0000000)
[34.770s][debug  ][gc,heap        ] GC(128)   object space 1835008K, 87% used [0x0000000080000000,0x00000000e1999540,0x00000000f0000000)
[34.770s][debug  ][gc,heap        ] GC(128)  Metaspace       used 1024K, committed 1216K, reserved 1056768K
[34.770s][debug  ][gc,heap        ] GC(128)   class space    used 83K, committed 192K, reserved 1048576K
[34.770s][debug  ][gc,phases      ] GC(128) Pre Compact 0.222ms
[34.770s][info   ][gc,start       ] GC(128) Pause Full (Ergonomics)
[34.770s][info   ][gc,phases,start] GC(128) Marking Phase
[34.770s][debug  ][gc,phases,start] GC(128) Par Mark
[34.771s][debug  ][gc,phases      ] GC(128) Par Mark 0.538ms
[34.771s][debug  ][gc,phases,start] GC(128) Reference Processing
[34.771s][debug  ][gc,ref         ] GC(128) Skipped phase 1 of Reference Processing: no references
[34.771s][debug  ][gc,ref         ] GC(128) ReferenceProcessor::execute queues: 1, RefProcThreadModel::Single, marks_oops_alive: false
[34.771s][debug  ][gc,ref         ] GC(128) Skipped phase 3 of Reference Processing: no references
[34.771s][debug  ][gc,ref         ] GC(128) ReferenceProcessor::execute queues: 1, RefProcThreadModel::Single, marks_oops_alive: false
[34.771s][debug  ][gc,phases,ref  ] GC(128) Reference Processing: 0.1ms
[34.771s][debug  ][gc,phases,ref  ] GC(128)   Reconsider SoftReferences: 0.0ms
[34.771s][debug  ][gc,phases,ref  ] GC(128)     SoftRef (ms):                  skipped
[34.771s][debug  ][gc,phases,ref  ] GC(128)   Notify Soft/WeakReferences: 0.0ms
[34.771s][debug  ][gc,phases,ref  ] GC(128)     SoftRef (ms):                  Min:  0.0, Avg:  0.0, Max:  0.0, Diff:  0.0, Sum:  0.0, Workers: 10
[34.771s][debug  ][gc,phases,ref  ] GC(128)     WeakRef (ms):                  Min:  0.0, Avg:  0.0, Max:  0.0, Diff:  0.0, Sum:  0.0, Workers: 10
[34.771s][debug  ][gc,phases,ref  ] GC(128)     FinalRef (ms):                 Min:  0.0, Avg:  0.0, Max:  0.0, Diff:  0.0, Sum:  0.0, Workers: 10
[34.771s][debug  ][gc,phases,ref  ] GC(128)     Total (ms):                    Min:  0.0, Avg:  0.0, Max:  0.0, Diff:  0.0, Sum:  0.0, Workers: 10
[34.771s][debug  ][gc,phases,ref  ] GC(128)   Notify and keep alive finalizable: 0.0ms
[34.771s][debug  ][gc,phases,ref  ] GC(128)     FinalRef (ms):                 skipped
[34.771s][debug  ][gc,phases,ref  ] GC(128)   Notify PhantomReferences: 0.0ms
[34.771s][debug  ][gc,phases,ref  ] GC(128)     PhantomRef (ms):               Min:  0.0, Avg:  0.0, Max:  0.0, Diff:  0.0, Sum:  0.0, Workers: 10
[34.771s][debug  ][gc,phases,ref  ] GC(128)   SoftReference:
[34.771s][debug  ][gc,phases,ref  ] GC(128)     Discovered: 0
[34.771s][debug  ][gc,phases,ref  ] GC(128)     Cleared: 0
[34.771s][debug  ][gc,phases,ref  ] GC(128)   WeakReference:
[34.771s][debug  ][gc,phases,ref  ] GC(128)     Discovered: 81
[34.771s][debug  ][gc,phases,ref  ] GC(128)     Cleared: 81
[34.771s][debug  ][gc,phases,ref  ] GC(128)   FinalReference:
[34.771s][debug  ][gc,phases,ref  ] GC(128)     Discovered: 0
[34.771s][debug  ][gc,phases,ref  ] GC(128)     Cleared: 0
[34.771s][debug  ][gc,phases,ref  ] GC(128)   PhantomReference:
[34.771s][debug  ][gc,phases,ref  ] GC(128)     Discovered: 3
[34.771s][debug  ][gc,phases,ref  ] GC(128)     Cleared: 3
[34.772s][debug  ][gc,phases      ] GC(128) Reference Processing 0.736ms
[34.772s][debug  ][gc,phases,start] GC(128) Weak Processing
[34.772s][debug  ][gc,phases      ] GC(128)   VM Weak                        Min:  0.0, Avg:  0.0, Max:  0.0, Diff:  0.0, Sum:  0.0, Workers: 6
[34.772s][debug  ][gc,phases      ] GC(128)     Dead                           Min: 0, Avg:  0.0, Max: 0, Diff: 0, Sum: 0, Workers: 6
[34.772s][debug  ][gc,phases      ] GC(128)     Total                          Min: 0, Avg:  1.3, Max: 8, Diff: 8, Sum: 8, Workers: 6
[34.772s][debug  ][gc,phases      ] GC(128)   ObjectSynchronizer Weak        Min:  0.0, Avg:  0.0, Max:  0.0, Diff:  0.0, Sum:  0.0, Workers: 6
[34.772s][debug  ][gc,phases      ] GC(128)     Dead                           Min: 0, Avg:  0.0, Max: 0, Diff: 0, Sum: 0, Workers: 6
[34.772s][debug  ][gc,phases      ] GC(128)     Total                          Min: 0, Avg:  0.5, Max: 3, Diff: 3, Sum: 3, Workers: 6
[34.772s][debug  ][gc,phases      ] GC(128)   JVMTI Tag Weak OopStorage      Min:  0.0, Avg:  0.0, Max:  0.0, Diff:  0.0, Sum:  0.0, Workers: 6
[34.772s][debug  ][gc,phases      ] GC(128)     Dead                           Min: 0, Avg:  0.0, Max: 0, Diff: 0, Sum: 0, Workers: 6
[34.772s][debug  ][gc,phases      ] GC(128)     Total                          Min: 0, Avg:  0.0, Max: 0, Diff: 0, Sum: 0, Workers: 6
[34.772s][debug  ][gc,phases      ] GC(128)   StringTable Weak               Min:  0.0, Avg:  0.0, Max:  0.0, Diff:  0.0, Sum:  0.0, Workers: 6
[34.772s][debug  ][gc,phases      ] GC(128)     Dead                           Min: 0, Avg:  0.0, Max: 0, Diff: 0, Sum: 0, Workers: 6
[34.772s][debug  ][gc,phases      ] GC(128)     Total                          Min: 640, Avg: 892.2, Max: 1194, Diff: 554, Sum: 5353, Workers: 6
[34.772s][debug  ][gc,phases      ] GC(128)   ResolvedMethodTable Weak       Min:  0.0, Avg:  0.0, Max:  0.0, Diff:  0.0, Sum:  0.0, Workers: 6
[34.772s][debug  ][gc,phases      ] GC(128)     Dead                           Min: 0, Avg:  0.0, Max: 0, Diff: 0, Sum: 0, Workers: 6
[34.772s][debug  ][gc,phases      ] GC(128)     Total                          Min: 0, Avg: 21.7, Max: 64, Diff: 64, Sum: 130, Workers: 6
[34.772s][debug  ][gc,phases      ] GC(128)   JNI Weak                       Min:  0.0, Avg:  0.0, Max:  0.0, Diff:  0.0, Sum:  0.0, Workers: 6
[34.772s][debug  ][gc,phases      ] GC(128)     Dead                           Min: 0, Avg:  0.0, Max: 0, Diff: 0, Sum: 0, Workers: 6
[34.772s][debug  ][gc,phases      ] GC(128)     Total                          Min: 0, Avg:  0.0, Max: 0, Diff: 0, Sum: 0, Workers: 6
[34.772s][debug  ][gc,phases      ] GC(128)   StringDedup Table Weak         Min:  0.0, Avg:  0.0, Max:  0.0, Diff:  0.0, Sum:  0.0, Workers: 6
[34.772s][debug  ][gc,phases      ] GC(128)     Dead                           Min: 0, Avg:  0.0, Max: 0, Diff: 0, Sum: 0, Workers: 6
[34.772s][debug  ][gc,phases      ] GC(128)     Total                          Min: 0, Avg:  0.0, Max: 0, Diff: 0, Sum: 0, Workers: 6
[34.772s][debug  ][gc,phases      ] GC(128)   StringDedup Requests0 Weak     Min:  0.0, Avg:  0.0, Max:  0.0, Diff:  0.0, Sum:  0.0, Workers: 6
[34.772s][debug  ][gc,phases      ] GC(128)     Dead                           Min: 0, Avg:  0.0, Max: 0, Diff: 0, Sum: 0, Workers: 6
[34.772s][debug  ][gc,phases      ] GC(128)     Total                          Min: 0, Avg:  0.0, Max: 0, Diff: 0, Sum: 0, Workers: 6
[34.772s][debug  ][gc,phases      ] GC(128)   StringDedup Requests1 Weak     Min:  0.0, Avg:  0.0, Max:  0.0, Diff:  0.0, Sum:  0.0, Workers: 6
[34.772s][debug  ][gc,phases      ] GC(128)     Dead                           Min: 0, Avg:  0.0, Max: 0, Diff: 0, Sum: 0, Workers: 6
[34.772s][debug  ][gc,phases      ] GC(128)     Total                          Min: 0, Avg:  0.0, Max: 0, Diff: 0, Sum: 0, Workers: 6
[34.772s][debug  ][gc,phases      ] GC(128)   Weak JFR Old Object Samples    Min:  0.0, Avg:  0.0, Max:  0.0, Diff:  0.0, Sum:  0.0, Workers: 6
[34.772s][debug  ][gc,phases      ] GC(128)     Dead                           Min: 0, Avg:  0.0, Max: 0, Diff: 0, Sum: 0, Workers: 6
[34.772s][debug  ][gc,phases      ] GC(128)     Total                          Min: 0, Avg:  0.0, Max: 0, Diff: 0, Sum: 0, Workers: 6
[34.772s][debug  ][gc,phases      ] GC(128) Weak Processing 0.772ms
[34.772s][debug  ][gc,phases,start] GC(128) Class Unloading
[34.772s][debug  ][gc,phases,start] GC(128) ClassLoaderData
[34.772s][debug  ][gc,phases      ] GC(128) ClassLoaderData 0.022ms
[34.772s][debug  ][gc,phases,start] GC(128) Trigger cleanups
[34.772s][debug  ][gc,phases      ] GC(128) Trigger cleanups 0.021ms
[34.773s][debug  ][gc,phases      ] GC(128) Class Unloading 0.258ms
[34.773s][info   ][gc,phases      ] GC(128) Marking Phase 2.439ms
[34.773s][info   ][gc,phases,start] GC(128) Summary Phase
[34.773s][info   ][gc,phases      ] GC(128) Summary Phase 0.038ms
[34.773s][info   ][gc,phases,start] GC(128) Adjust Roots
[34.773s][info   ][gc,phases      ] GC(128) Adjust Roots 0.178ms
[34.773s][info   ][gc,phases,start] GC(128) Compaction Phase
[34.848s][info   ][gc,phases      ] GC(128) Compaction Phase 75.538ms
[34.849s][info   ][gc,phases,start] GC(128) Post Compact
[34.855s][info   ][gc,phases      ] GC(128) Post Compact 5.943ms
[34.855s][debug  ][gc,ergo        ] GC(128) AdaptiveSizeStart: collection: 129 
[34.855s][debug  ][gc,ergo        ] GC(128) PSAdaptiveSizePolicy::compute_eden_space_size limits: desired_eden_size: 222122484 old_eden_size: 201850880 eden_limit: 202375168 cur_eden: 202375168 max_eden_size: 202375168 avg_young_live: 24913582
[34.855s][debug  ][gc,ergo        ] GC(128) PSAdaptiveSizePolicy::compute_eden_space_size: costs minor_time: 0.050322 major_cost: 0.053889 mutator_cost: 0.895789 throughput_goal: 0.990000
[34.855s][debug  ][gc,ergo        ] GC(128) Live_space: 1061859712 free_space: 1421344768
[34.855s][debug  ][gc,ergo        ] GC(128) Old eden_size: 201850880 desired_eden_size: 202375168
[34.855s][debug  ][gc,ergo        ] GC(128) PSAdaptiveSizePolicy::compute_old_gen_free_space limits: desired_promo_size: 1345834539 promo_limit: 1219493888 free_in_old_gen: 1116966528 max_old_gen_size: 1879048192 avg_old_live: 762081664
[34.855s][debug  ][gc,ergo        ] GC(128) PSAdaptiveSizePolicy::compute_old_gen_free_space: costs minor_time: 0.050322 major_cost: 0.053889  mutator_cost: 0.895789 throughput_goal: 0.990000
[34.855s][debug  ][gc,ergo        ] GC(128) Live_space: 1055430656 free_space: 1421869056
[34.855s][debug  ][gc,ergo        ] GC(128) Old promo_size: 1219493888 desired_promo_size: 1219493888
[34.855s][debug  ][gc,ergo        ] GC(128) AdaptiveSizeStop: collection: 129 
[34.855s][info   ][gc,heap        ] GC(128) PSYoungGen: 30720K(229888K)->0K(229888K) Eden: 0K(197632K)->0K(197632K) From: 30720K(32256K)->0K(32256K)
[34.855s][info   ][gc,heap        ] GC(128) ParOldGen: 1599077K(1835008K)->687715K(1835008K)
[34.855s][info   ][gc,metaspace   ] GC(128) Metaspace: 1024K(1216K)->1024K(1216K) NonClass: 940K(1024K)->940K(1024K) Class: 83K(192K)->83K(192K)
[34.855s][info   ][gc             ] GC(128) Pause Full (Ergonomics) 1591M->671M(2016M) 84.870ms
[34.855s][info   ][gc,cpu         ] GC(128) User=0.72s Sys=0.03s Real=0.09s
[34.855s][debug  ][gc,heap        ] GC(128) Heap after GC invocations=129 (full 21):
[34.855s][debug  ][gc,heap        ] GC(128)  PSYoungGen      total 229888K, used 0K [0x00000000f0000000, 0x0000000100000000, 0x0000000100000000)
[34.855s][debug  ][gc,heap        ] GC(128)   eden space 197632K, 0% used [0x00000000f0000000,0x00000000f0000000,0x00000000fc100000)
[34.855s][debug  ][gc,heap        ] GC(128)   from space 32256K, 0% used [0x00000000fc100000,0x00000000fc100000,0x00000000fe080000)
[34.855s][debug  ][gc,heap        ] GC(128)   to   space 32256K, 0% used [0x00000000fe080000,0x00000000fe080000,0x0000000100000000)
[34.855s][debug  ][gc,heap        ] GC(128)  ParOldGen       total 1835008K, used 687715K [0x0000000080000000, 0x00000000f0000000, 0x00000000f0000000)
[34.855s][debug  ][gc,heap        ] GC(128)   object space 1835008K, 37% used [0x0000000080000000,0x00000000a9f98fb0,0x00000000f0000000)
[34.855s][debug  ][gc,heap        ] GC(128)  Metaspace       used 1024K, committed 1216K, reserved 1056768K
[34.855s][debug  ][gc,heap        ] GC(128)   class space    used 83K, committed 192K, reserved 1048576K
[34.855s][debug  ][gc,task,time   ] GC(128) VM-Thread 347701638 347729228 348550697
[35.149s][debug  ][gc,heap        ] GC(129) Heap before GC invocations=130 (full 21):
[35.149s][debug  ][gc,heap        ] GC(129)  PSYoungGen      total 229888K, used 188178K [0x00000000f0000000, 0x0000000100000000, 0x0000000100000000)
[35.149s][debug  ][gc,heap        ] GC(129)   eden space 197632K, 95% used [0x00000000f0000000,0x00000000fb7c48e0,0x00000000fc100000)
[35.149s][debug  ][gc,heap        ] GC(129)   from space 32256K, 0% used [0x00000000fc100000,0x00000000fc100000,0x00000000fe080000)
[35.149s][debug  ][gc,heap        ] GC(129)   to   space 32256K, 0% used [0x00000000fe080000,0x00000000fe080000,0x0000000100000000)
[35.149s][debug  ][gc,heap        ] GC(129)  ParOldGen       total 1835008K, used 687715K [0x0000000080000000, 0x00000000f0000000, 0x00000000f0000000)
[35.149s][debug  ][gc,heap        ] GC(129)   object space 1835008K, 37% used [0x0000000080000000,0x00000000a9f98fb0,0x00000000f0000000)
[35.149s][debug  ][gc,heap        ] GC(129)  Metaspace       used 1024K, committed 1216K, reserved 1056768K
[35.149s][debug  ][gc,heap        ] GC(129)   class space    used 83K, committed 192K, reserved 1048576K
[35.150s][debug  ][gc,tlab        ] GC(129) TLAB totals: thrds: 1  refills: 1 max: 1 slow allocs: 17 max 17 waste: 27.4% gc: 3950528B max: 3950528B slow: 0B max: 0B
[35.150s][info   ][gc,start       ] GC(129) Pause Young (Allocation Failure)
[35.150s][debug  ][gc,phases,start] GC(129) Scavenge
[35.162s][debug  ][gc,phases      ] GC(129) Scavenge 12.698ms
[35.162s][debug  ][gc,phases,start] GC(129) Reference Processing
[35.162s][debug  ][gc,ref         ] GC(129) Skipped phase 1 of Reference Processing: no references
[35.162s][debug  ][gc,ref         ] GC(129) Skipped phase 2 of Reference Processing: no references
[35.162s][debug  ][gc,ref         ] GC(129) Skipped phase 3 of Reference Processing: no references
[35.162s][debug  ][gc,ref         ] GC(129) Skipped phase 4 of Reference Processing: no references
[35.163s][debug  ][gc,phases,ref  ] GC(129) Reference Processing: 0.1ms
[35.163s][debug  ][gc,phases,ref  ] GC(129)   Reconsider SoftReferences: 0.0ms
[35.163s][debug  ][gc,phases,ref  ] GC(129)     SoftRef (ms):                  skipped
[35.163s][debug  ][gc,phases,ref  ] GC(129)   Notify Soft/WeakReferences: 0.0ms
[35.163s][debug  ][gc,phases,ref  ] GC(129)     SoftRef (ms):                  skipped
[35.163s][debug  ][gc,phases,ref  ] GC(129)     WeakRef (ms):                  skipped
[35.163s][debug  ][gc,phases,ref  ] GC(129)     FinalRef (ms):                 skipped
[35.163s][debug  ][gc,phases,ref  ] GC(129)     Total (ms):                    skipped
[35.163s][debug  ][gc,phases,ref  ] GC(129)   Notify and keep alive finalizable: 0.0ms
[35.163s][debug  ][gc,phases,ref  ] GC(129)     FinalRef (ms):                 skipped
[35.163s][debug  ][gc,phases,ref  ] GC(129)   Notify PhantomReferences: 0.0ms
[35.163s][debug  ][gc,phases,ref  ] GC(129)     PhantomRef (ms):               skipped
[35.163s][debug  ][gc,phases,ref  ] GC(129)   SoftReference:
[35.163s][debug  ][gc,phases,ref  ] GC(129)     Discovered: 0
[35.163s][debug  ][gc,phases,ref  ] GC(129)     Cleared: 0
[35.163s][debug  ][gc,phases,ref  ] GC(129)   WeakReference:
[35.163s][debug  ][gc,phases,ref  ] GC(129)     Discovered: 0
[35.163s][debug  ][gc,phases,ref  ] GC(129)     Cleared: 0
[35.163s][debug  ][gc,phases,ref  ] GC(129)   FinalReference:
[35.163s][debug  ][gc,phases,ref  ] GC(129)     Discovered: 0
[35.163s][debug  ][gc,phases,ref  ] GC(129)     Cleared: 0
[35.163s][debug  ][gc,phases,ref  ] GC(129)   PhantomReference:
[35.163s][debug  ][gc,phases,ref  ] GC(129)     Discovered: 0
[35.163s][debug  ][gc,phases,ref  ] GC(129)     Cleared: 0
[35.163s][debug  ][gc,phases      ] GC(129) Reference Processing 0.833ms
[35.163s][debug  ][gc,phases,start] GC(129) Weak Processing
[35.163s][debug  ][gc,phases      ] GC(129)   VM Weak                        Min:  0.0, Avg:  0.0, Max:  0.0, Diff:  0.0, Sum:  0.0, Workers: 6
[35.163s][debug  ][gc,phases      ] GC(129)     Dead                           Min: 0, Avg:  0.0, Max: 0, Diff: 0, Sum: 0, Workers: 6
[35.163s][debug  ][gc,phases      ] GC(129)     Total                          Min: 0, Avg:  1.3, Max: 8, Diff: 8, Sum: 8, Workers: 6
[35.163s][debug  ][gc,phases      ] GC(129)   ObjectSynchronizer Weak        Min:  0.0, Avg:  0.0, Max:  0.0, Diff:  0.0, Sum:  0.0, Workers: 6
[35.163s][debug  ][gc,phases      ] GC(129)     Dead                           Min: 0, Avg:  0.0, Max: 0, Diff: 0, Sum: 0, Workers: 6
[35.163s][debug  ][gc,phases      ] GC(129)     Total                          Min: 0, Avg:  0.5, Max: 3, Diff: 3, Sum: 3, Workers: 6
[35.163s][debug  ][gc,phases      ] GC(129)   JVMTI Tag Weak OopStorage      Min:  0.0, Avg:  0.0, Max:  0.0, Diff:  0.0, Sum:  0.0, Workers: 6
[35.164s][debug  ][gc,phases      ] GC(129)     Dead                           Min: 0, Avg:  0.0, Max: 0, Diff: 0, Sum: 0, Workers: 6
[35.164s][debug  ][gc,phases      ] GC(129)     Total                          Min: 0, Avg:  0.0, Max: 0, Diff: 0, Sum: 0, Workers: 6
[35.164s][debug  ][gc,phases      ] GC(129)   StringTable Weak               Min:  0.0, Avg:  0.0, Max:  0.0, Diff:  0.0, Sum:  0.0, Workers: 6
[35.164s][debug  ][gc,phases      ] GC(129)     Dead                           Min: 0, Avg:  0.0, Max: 0, Diff: 0, Sum: 0, Workers: 6
[35.164s][debug  ][gc,phases      ] GC(129)     Total                          Min: 832, Avg: 892.2, Max: 1002, Diff: 170, Sum: 5353, Workers: 6
[35.164s][debug  ][gc,phases      ] GC(129)   ResolvedMethodTable Weak       Min:  0.0, Avg:  0.0, Max:  0.0, Diff:  0.0, Sum:  0.0, Workers: 6
[35.164s][debug  ][gc,phases      ] GC(129)     Dead                           Min: 0, Avg:  0.0, Max: 0, Diff: 0, Sum: 0, Workers: 6
[35.164s][debug  ][gc,phases      ] GC(129)     Total                          Min: 0, Avg: 21.7, Max: 64, Diff: 64, Sum: 130, Workers: 6
[35.164s][debug  ][gc,phases      ] GC(129)   JNI Weak                       Min:  0.0, Avg:  0.0, Max:  0.0, Diff:  0.0, Sum:  0.0, Workers: 6
[35.164s][debug  ][gc,phases      ] GC(129)     Dead                           Min: 0, Avg:  0.0, Max: 0, Diff: 0, Sum: 0, Workers: 6
[35.164s][debug  ][gc,phases      ] GC(129)     Total                          Min: 0, Avg:  0.0, Max: 0, Diff: 0, Sum: 0, Workers: 6
[35.164s][debug  ][gc,phases      ] GC(129)   StringDedup Table Weak         Min:  0.0, Avg:  0.0, Max:  0.0, Diff:  0.0, Sum:  0.0, Workers: 6
[35.164s][debug  ][gc,phases      ] GC(129)     Dead                           Min: 0, Avg:  0.0, Max: 0, Diff: 0, Sum: 0, Workers: 6
[35.164s][debug  ][gc,phases      ] GC(129)     Total                          Min: 0, Avg:  0.0, Max: 0, Diff: 0, Sum: 0, Workers: 6
[35.164s][debug  ][gc,phases      ] GC(129)   StringDedup Requests0 Weak     Min:  0.0, Avg:  0.0, Max:  0.0, Diff:  0.0, Sum:  0.0, Workers: 6
[35.164s][debug  ][gc,phases      ] GC(129)     Dead                           Min: 0, Avg:  0.0, Max: 0, Diff: 0, Sum: 0, Workers: 6
[35.164s][debug  ][gc,phases      ] GC(129)     Total                          Min: 0, Avg:  0.0, Max: 0, Diff: 0, Sum: 0, Workers: 6
[35.164s][debug  ][gc,phases      ] GC(129)   StringDedup Requests1 Weak     Min:  0.0, Avg:  0.0, Max:  0.0, Diff:  0.0, Sum:  0.0, Workers: 6
[35.164s][debug  ][gc,phases      ] GC(129)     Dead                           Min: 0, Avg:  0.0, Max: 0, Diff: 0, Sum: 0, Workers: 6
[35.164s][debug  ][gc,phases      ] GC(129)     Total                          Min: 0, Avg:  0.0, Max: 0, Diff: 0, Sum: 0, Workers: 6
[35.164s][debug  ][gc,phases      ] GC(129)   Weak JFR Old Object Samples    Min:  0.0, Avg:  0.0, Max:  0.0, Diff:  0.0, Sum:  0.0, Workers: 6
[35.164s][debug  ][gc,phases      ] GC(129)     Dead                           Min: 0, Avg:  0.0, Max: 0, Diff: 0, Sum: 0, Workers: 6
[35.164s][debug  ][gc,phases      ] GC(129)     Total                          Min: 0, Avg:  0.0, Max: 0, Diff: 0, Sum: 0, Workers: 6
[35.164s][debug  ][gc,phases      ] GC(129) Weak Processing 0.919ms
[35.164s][debug  ][gc,ergo        ] GC(129) AdaptiveSizeStart:  collection: 130 
[35.164s][debug  ][gc,ergo        ] GC(129) avg_survived_padded_avg: 32730606.000000
[35.164s][debug  ][gc,ergo        ] GC(129) avg_promoted_padded_avg: 251641408.000000  avg_pretenured_padded_avg: 0.000000  tenuring_thresh: 15  target_size: 33030144
[35.164s][debug  ][gc,age         ] GC(129) Desired survivor size 33030144 bytes, new threshold 15 (max threshold 15)
[35.164s][debug  ][gc,ergo        ] GC(129) PSAdaptiveSizePolicy::compute_eden_space_size limits: desired_eden_size: 221421109 old_eden_size: 202375168 eden_limit: 202375168 cur_eden: 202375168 max_eden_size: 202375168 avg_young_live: 25567956
[35.164s][debug  ][gc,ergo        ] GC(129) PSAdaptiveSizePolicy::compute_eden_space_size: costs minor_time: 0.046977 major_cost: 0.053889 mutator_cost: 0.899134 throughput_goal: 0.990000
[35.164s][debug  ][gc,ergo        ] GC(129) Live_space: 1056085120 free_space: 1421869056
[35.164s][debug  ][gc,ergo        ] GC(129) Old eden_size: 202375168 desired_eden_size: 202375168
[35.164s][debug  ][gc,ergo        ] GC(129) AdaptiveSizeStop: collection: 130 
[35.164s][info   ][gc,heap        ] GC(129) PSYoungGen: 188178K(229888K)->30720K(229888K) Eden: 188178K(197632K)->0K(197632K) From: 0K(32256K)->30720K(32256K)
[35.164s][info   ][gc,heap        ] GC(129) ParOldGen: 687715K(1835008K)->841316K(1835008K)
[35.165s][info   ][gc,metaspace   ] GC(129) Metaspace: 1024K(1216K)->1024K(1216K) NonClass: 940K(1024K)->940K(1024K) Class: 83K(192K)->83K(192K)
[35.165s][info   ][gc             ] GC(129) Pause Young (Allocation Failure) 855M->851M(2016M) 14.987ms
[35.165s][info   ][gc,cpu         ] GC(129) User=0.12s Sys=0.00s Real=0.02s
[35.165s][debug  ][gc,heap        ] GC(129) Heap after GC invocations=130 (full 21):
[35.165s][debug  ][gc,heap        ] GC(129)  PSYoungGen      total 229888K, used 30720K [0x00000000f0000000, 0x0000000100000000, 0x0000000100000000)
[35.165s][debug  ][gc,heap        ] GC(129)   eden space 197632K, 0% used [0x00000000f0000000,0x00000000f0000000,0x00000000fc100000)
[35.165s][debug  ][gc,heap        ] GC(129)   from space 32256K, 95% used [0x00000000fe080000,0x00000000ffe80030,0x0000000100000000)
[35.165s][debug  ][gc,heap        ] GC(129)   to   space 32256K, 0% used [0x00000000fc100000,0x00000000fc100000,0x00000000fe080000)
[35.165s][debug  ][gc,heap        ] GC(129)  ParOldGen       total 1835008K, used 841316K [0x0000000080000000, 0x00000000f0000000, 0x00000000f0000000)
[35.165s][debug  ][gc,heap        ] GC(129)   object space 1835008K, 45% used [0x0000000080000000,0x00000000b35990a0,0x00000000f0000000)
[35.165s][debug  ][gc,heap        ] GC(129)  Metaspace       used 1024K, committed 1216K, reserved 1056768K
[35.165s][debug  ][gc,heap        ] GC(129)   class space    used 83K, committed 192K, reserved 1048576K
[35.165s][debug  ][gc,task,time   ] GC(129) VM-Thread 351490729 351623836 351648443
[35.452s][debug  ][gc,heap        ] GC(130) Heap before GC invocations=131 (full 21):
[35.452s][debug  ][gc,heap        ] GC(130)  PSYoungGen      total 229888K, used 218827K [0x00000000f0000000, 0x0000000100000000, 0x0000000100000000)
[35.452s][debug  ][gc,heap        ] GC(130)   eden space 197632K, 95% used [0x00000000f0000000,0x00000000fb7b2ee0,0x00000000fc100000)
[35.452s][debug  ][gc,heap        ] GC(130)   from space 32256K, 95% used [0x00000000fe080000,0x00000000ffe80030,0x0000000100000000)
[35.452s][debug  ][gc,heap        ] GC(130)   to   space 32256K, 0% used [0x00000000fc100000,0x00000000fc100000,0x00000000fe080000)
[35.452s][debug  ][gc,heap        ] GC(130)  ParOldGen       total 1835008K, used 841316K [0x0000000080000000, 0x00000000f0000000, 0x00000000f0000000)
[35.452s][debug  ][gc,heap        ] GC(130)   object space 1835008K, 45% used [0x0000000080000000,0x00000000b35990a0,0x00000000f0000000)
[35.452s][debug  ][gc,heap        ] GC(130)  Metaspace       used 1024K, committed 1216K, reserved 1056768K
[35.452s][debug  ][gc,heap        ] GC(130)   class space    used 83K, committed 192K, reserved 1048576K
[35.452s][debug  ][gc,tlab        ] GC(130) TLAB totals: thrds: 1  refills: 1 max: 1 slow allocs: 17 max 17 waste: 27.0% gc: 3877272B max: 3877272B slow: 0B max: 0B
[35.452s][info   ][gc,start       ] GC(130) Pause Young (Allocation Failure)
[35.452s][debug  ][gc,phases,start] GC(130) Scavenge
[35.457s][debug  ][gc,phases      ] GC(130) Scavenge 4.446ms
[35.457s][debug  ][gc,phases,start] GC(130) Reference Processing
[35.457s][debug  ][gc,ref         ] GC(130) Skipped phase 1 of Reference Processing: no references
[35.457s][debug  ][gc,ref         ] GC(130) Skipped phase 2 of Reference Processing: no references
[35.457s][debug  ][gc,ref         ] GC(130) Skipped phase 3 of Reference Processing: no references
[35.457s][debug  ][gc,ref         ] GC(130) Skipped phase 4 of Reference Processing: no references
[35.457s][debug  ][gc,phases,ref  ] GC(130) Reference Processing: 0.1ms
[35.457s][debug  ][gc,phases,ref  ] GC(130)   Reconsider SoftReferences: 0.0ms
[35.457s][debug  ][gc,phases,ref  ] GC(130)     SoftRef (ms):                  skipped
[35.457s][debug  ][gc,phases,ref  ] GC(130)   Notify Soft/WeakReferences: 0.0ms
[35.457s][debug  ][gc,phases,ref  ] GC(130)     SoftRef (ms):                  skipped
[35.457s][debug  ][gc,phases,ref  ] GC(130)     WeakRef (ms):                  skipped
[35.457s][debug  ][gc,phases,ref  ] GC(130)     FinalRef (ms):                 skipped
[35.457s][debug  ][gc,phases,ref  ] GC(130)     Total (ms):                    skipped
[35.457s][debug  ][gc,phases,ref  ] GC(130)   Notify and keep alive finalizable: 0.0ms
[35.457s][debug  ][gc,phases,ref  ] GC(130)     FinalRef (ms):                 skipped
[35.457s][debug  ][gc,phases,ref  ] GC(130)   Notify PhantomReferences: 0.0ms
[35.457s][debug  ][gc,phases,ref  ] GC(130)     PhantomRef (ms):               skipped
[35.457s][debug  ][gc,phases,ref  ] GC(130)   SoftReference:
[35.457s][debug  ][gc,phases,ref  ] GC(130)     Discovered: 0
[35.457s][debug  ][gc,phases,ref  ] GC(130)     Cleared: 0
[35.457s][debug  ][gc,phases,ref  ] GC(130)   WeakReference:
[35.457s][debug  ][gc,phases,ref  ] GC(130)     Discovered: 0
[35.458s][debug  ][gc,phases,ref  ] GC(130)     Cleared: 0
[35.458s][debug  ][gc,phases,ref  ] GC(130)   FinalReference:
[35.458s][debug  ][gc,phases,ref  ] GC(130)     Discovered: 0
[35.458s][debug  ][gc,phases,ref  ] GC(130)     Cleared: 0
[35.458s][debug  ][gc,phases,ref  ] GC(130)   PhantomReference:
[35.458s][debug  ][gc,phases,ref  ] GC(130)     Discovered: 0
[35.458s][debug  ][gc,phases,ref  ] GC(130)     Cleared: 0
[35.458s][debug  ][gc,phases      ] GC(130) Reference Processing 0.893ms
[35.458s][debug  ][gc,phases,start] GC(130) Weak Processing
[35.458s][debug  ][gc,phases      ] GC(130)   VM Weak                        Min:  0.0, Avg:  0.0, Max:  0.0, Diff:  0.0, Sum:  0.0, Workers: 6
[35.458s][debug  ][gc,phases      ] GC(130)     Dead                           Min: 0, Avg:  0.0, Max: 0, Diff: 0, Sum: 0, Workers: 6
[35.458s][debug  ][gc,phases      ] GC(130)     Total                          Min: 0, Avg:  1.3, Max: 8, Diff: 8, Sum: 8, Workers: 6
[35.458s][debug  ][gc,phases      ] GC(130)   ObjectSynchronizer Weak        Min:  0.0, Avg:  0.0, Max:  0.0, Diff:  0.0, Sum:  0.0, Workers: 6
[35.458s][debug  ][gc,phases      ] GC(130)     Dead                           Min: 0, Avg:  0.0, Max: 0, Diff: 0, Sum: 0, Workers: 6
[35.458s][debug  ][gc,phases      ] GC(130)     Total                          Min: 0, Avg:  0.5, Max: 3, Diff: 3, Sum: 3, Workers: 6
[35.458s][debug  ][gc,phases      ] GC(130)   JVMTI Tag Weak OopStorage      Min:  0.0, Avg:  0.0, Max:  0.0, Diff:  0.0, Sum:  0.0, Workers: 6
[35.458s][debug  ][gc,phases      ] GC(130)     Dead                           Min: 0, Avg:  0.0, Max: 0, Diff: 0, Sum: 0, Workers: 6
[35.458s][debug  ][gc,phases      ] GC(130)     Total                          Min: 0, Avg:  0.0, Max: 0, Diff: 0, Sum: 0, Workers: 6
[35.458s][debug  ][gc,phases      ] GC(130)   StringTable Weak               Min:  0.0, Avg:  0.0, Max:  0.0, Diff:  0.0, Sum:  0.0, Workers: 6
[35.458s][debug  ][gc,phases      ] GC(130)     Dead                           Min: 0, Avg:  0.0, Max: 0, Diff: 0, Sum: 0, Workers: 6
[35.458s][debug  ][gc,phases      ] GC(130)     Total                          Min: 618, Avg: 892.2, Max: 1088, Diff: 470, Sum: 5353, Workers: 6
[35.458s][debug  ][gc,phases      ] GC(130)   ResolvedMethodTable Weak       Min:  0.0, Avg:  0.0, Max:  0.0, Diff:  0.0, Sum:  0.0, Workers: 6
[35.458s][debug  ][gc,phases      ] GC(130)     Dead                           Min: 0, Avg:  0.0, Max: 0, Diff: 0, Sum: 0, Workers: 6
[35.458s][debug  ][gc,phases      ] GC(130)     Total                          Min: 0, Avg: 21.7, Max: 64, Diff: 64, Sum: 130, Workers: 6
[35.458s][debug  ][gc,phases      ] GC(130)   JNI Weak                       Min:  0.0, Avg:  0.0, Max:  0.0, Diff:  0.0, Sum:  0.0, Workers: 6
[35.458s][debug  ][gc,phases      ] GC(130)     Dead                           Min: 0, Avg:  0.0, Max: 0, Diff: 0, Sum: 0, Workers: 6
[35.458s][debug  ][gc,phases      ] GC(130)     Total                          Min: 0, Avg:  0.0, Max: 0, Diff: 0, Sum: 0, Workers: 6
[35.458s][debug  ][gc,phases      ] GC(130)   StringDedup Table Weak         Min:  0.0, Avg:  0.0, Max:  0.0, Diff:  0.0, Sum:  0.0, Workers: 6
[35.458s][debug  ][gc,phases      ] GC(130)     Dead                           Min: 0, Avg:  0.0, Max: 0, Diff: 0, Sum: 0, Workers: 6
[35.458s][debug  ][gc,phases      ] GC(130)     Total                          Min: 0, Avg:  0.0, Max: 0, Diff: 0, Sum: 0, Workers: 6
[35.458s][debug  ][gc,phases      ] GC(130)   StringDedup Requests0 Weak     Min:  0.0, Avg:  0.0, Max:  0.0, Diff:  0.0, Sum:  0.0, Workers: 6
[35.458s][debug  ][gc,phases      ] GC(130)     Dead                           Min: 0, Avg:  0.0, Max: 0, Diff: 0, Sum: 0, Workers: 6
[35.458s][debug  ][gc,phases      ] GC(130)     Total                          Min: 0, Avg:  0.0, Max: 0, Diff: 0, Sum: 0, Workers: 6
[35.459s][debug  ][gc,phases      ] GC(130)   StringDedup Requests1 Weak     Min:  0.0, Avg:  0.0, Max:  0.0, Diff:  0.0, Sum:  0.0, Workers: 6
[35.459s][debug  ][gc,phases      ] GC(130)     Dead                           Min: 0, Avg:  0.0, Max: 0, Diff: 0, Sum: 0, Workers: 6
[35.459s][debug  ][gc,phases      ] GC(130)     Total                          Min: 0, Avg:  0.0, Max: 0, Diff: 0, Sum: 0, Workers: 6
[35.459s][debug  ][gc,phases      ] GC(130)   Weak JFR Old Object Samples    Min:  0.0, Avg:  0.0, Max:  0.0, Diff:  0.0, Sum:  0.0, Workers: 6
[35.459s][debug  ][gc,phases      ] GC(130)     Dead                           Min: 0, Avg:  0.0, Max: 0, Diff: 0, Sum: 0, Workers: 6
[35.459s][debug  ][gc,phases      ] GC(130)     Total                          Min: 0, Avg:  0.0, Max: 0, Diff: 0, Sum: 0, Workers: 6
[35.459s][debug  ][gc,phases      ] GC(130) Weak Processing 0.943ms
[35.459s][debug  ][gc,ergo        ] GC(130) AdaptiveSizeStart:  collection: 131 
[35.459s][debug  ][gc,ergo        ] GC(130) avg_survived_padded_avg: 32632264.000000
[35.459s][debug  ][gc,ergo        ] GC(130) avg_promoted_padded_avg: 235132384.000000  avg_pretenured_padded_avg: 0.000000  tenuring_thresh: 15  target_size: 33030144
[35.459s][debug  ][gc,age         ] GC(130) Desired survivor size 33030144 bytes, new threshold 15 (max threshold 15)
[35.459s][debug  ][gc,ergo        ] GC(130) PSAdaptiveSizePolicy::compute_eden_space_size limits: desired_eden_size: 219968364 old_eden_size: 202375168 eden_limit: 202375168 cur_eden: 202375168 max_eden_size: 202375168 avg_young_live: 26156894
[35.459s][debug  ][gc,ergo        ] GC(130) PSAdaptiveSizePolicy::compute_eden_space_size: costs minor_time: 0.040688 major_cost: 0.053889 mutator_cost: 0.905423 throughput_goal: 0.990000
[35.459s][debug  ][gc,ergo        ] GC(130) Live_space: 1056674048 free_space: 1421869056
[35.459s][debug  ][gc,ergo        ] GC(130) Old eden_size: 202375168 desired_eden_size: 202375168
[35.459s][debug  ][gc,ergo        ] GC(130) AdaptiveSizeStop: collection: 131 
[35.459s][info   ][gc,heap        ] GC(130) PSYoungGen: 218827K(229888K)->30720K(229888K) Eden: 188107K(197632K)->0K(197632K) From: 30720K(32256K)->30720K(32256K)
[35.459s][info   ][gc,heap        ] GC(130) ParOldGen: 841316K(1835008K)->841316K(1835008K)
[35.459s][info   ][gc,metaspace   ] GC(130) Metaspace: 1024K(1216K)->1024K(1216K) NonClass: 940K(1024K)->940K(1024K) Class: 83K(192K)->83K(192K)
[35.459s][info   ][gc             ] GC(130) Pause Young (Allocation Failure) 1035M->851M(2016M) 6.865ms
[35.459s][info   ][gc,cpu         ] GC(130) User=0.00s Sys=0.02s Real=0.01s
[35.459s][debug  ][gc,heap        ] GC(130) Heap after GC invocations=131 (full 21):
[35.459s][debug  ][gc,heap        ] GC(130)  PSYoungGen      total 229888K, used 30720K [0x00000000f0000000, 0x0000000100000000, 0x0000000100000000)
[35.459s][debug  ][gc,heap        ] GC(130)   eden space 197632K, 0% used [0x00000000f0000000,0x00000000f0000000,0x00000000fc100000)
[35.459s][debug  ][gc,heap        ] GC(130)   from space 32256K, 95% used [0x00000000fc100000,0x00000000fdf00030,0x00000000fe080000)
[35.459s][debug  ][gc,heap        ] GC(130)   to   space 32256K, 0% used [0x00000000fe080000,0x00000000fe080000,0x0000000100000000)
[35.459s][debug  ][gc,heap        ] GC(130)  ParOldGen       total 1835008K, used 841316K [0x0000000080000000, 0x00000000f0000000, 0x00000000f0000000)
[35.459s][debug  ][gc,heap        ] GC(130)   object space 1835008K, 45% used [0x0000000080000000,0x00000000b35990a0,0x00000000f0000000)
[35.459s][debug  ][gc,heap        ] GC(130)  Metaspace       used 1024K, committed 1216K, reserved 1056768K
[35.459s][debug  ][gc,heap        ] GC(130)   class space    used 83K, committed 192K, reserved 1048576K
[35.459s][debug  ][gc,task,time   ] GC(130) VM-Thread 354517126 354568015 354593886
[35.751s][debug  ][gc,heap        ] GC(131) Heap before GC invocations=132 (full 21):
[35.751s][debug  ][gc,heap        ] GC(131)  PSYoungGen      total 229888K, used 218857K [0x00000000f0000000, 0x0000000100000000, 0x0000000100000000)
[35.752s][debug  ][gc,heap        ] GC(131)   eden space 197632K, 95% used [0x00000000f0000000,0x00000000fb7ba6c0,0x00000000fc100000)
[35.752s][debug  ][gc,heap        ] GC(131)   from space 32256K, 95% used [0x00000000fc100000,0x00000000fdf00030,0x00000000fe080000)
[35.752s][debug  ][gc,heap        ] GC(131)   to   space 32256K, 0% used [0x00000000fe080000,0x00000000fe080000,0x0000000100000000)
[35.752s][debug  ][gc,heap        ] GC(131)  ParOldGen       total 1835008K, used 841316K [0x0000000080000000, 0x00000000f0000000, 0x00000000f0000000)
[35.752s][debug  ][gc,heap        ] GC(131)   object space 1835008K, 45% used [0x0000000080000000,0x00000000b35990a0,0x00000000f0000000)
[35.752s][debug  ][gc,heap        ] GC(131)  Metaspace       used 1024K, committed 1216K, reserved 1056768K
[35.752s][debug  ][gc,heap        ] GC(131)   class space    used 83K, committed 192K, reserved 1048576K
[35.752s][debug  ][gc,tlab        ] GC(131) TLAB totals: thrds: 1  refills: 1 max: 1 slow allocs: 17 max 17 waste: 27.2% gc: 3909024B max: 3909024B slow: 0B max: 0B
[35.752s][info   ][gc,start       ] GC(131) Pause Young (Allocation Failure)
[35.752s][debug  ][gc,phases,start] GC(131) Scavenge
[35.767s][debug  ][gc,phases      ] GC(131) Scavenge 14.974ms
[35.767s][debug  ][gc,phases,start] GC(131) Reference Processing
[35.767s][debug  ][gc,ref         ] GC(131) Skipped phase 1 of Reference Processing: no references
[35.767s][debug  ][gc,ref         ] GC(131) Skipped phase 2 of Reference Processing: no references
[35.767s][debug  ][gc,ref         ] GC(131) Skipped phase 3 of Reference Processing: no references
[35.767s][debug  ][gc,ref         ] GC(131) Skipped phase 4 of Reference Processing: no references
[35.767s][debug  ][gc,phases,ref  ] GC(131) Reference Processing: 0.1ms
[35.767s][debug  ][gc,phases,ref  ] GC(131)   Reconsider SoftReferences: 0.0ms
[35.767s][debug  ][gc,phases,ref  ] GC(131)     SoftRef (ms):                  skipped
[35.767s][debug  ][gc,phases,ref  ] GC(131)   Notify Soft/WeakReferences: 0.0ms
[35.767s][debug  ][gc,phases,ref  ] GC(131)     SoftRef (ms):                  skipped
[35.767s][debug  ][gc,phases,ref  ] GC(131)     WeakRef (ms):                  skipped
[35.767s][debug  ][gc,phases,ref  ] GC(131)     FinalRef (ms):                 skipped
[35.767s][debug  ][gc,phases,ref  ] GC(131)     Total (ms):                    skipped
[35.767s][debug  ][gc,phases,ref  ] GC(131)   Notify and keep alive finalizable: 0.0ms
[35.767s][debug  ][gc,phases,ref  ] GC(131)     FinalRef (ms):                 skipped
[35.767s][debug  ][gc,phases,ref  ] GC(131)   Notify PhantomReferences: 0.0ms
[35.767s][debug  ][gc,phases,ref  ] GC(131)     PhantomRef (ms):               skipped
[35.767s][debug  ][gc,phases,ref  ] GC(131)   SoftReference:
[35.767s][debug  ][gc,phases,ref  ] GC(131)     Discovered: 0
[35.767s][debug  ][gc,phases,ref  ] GC(131)     Cleared: 0
[35.767s][debug  ][gc,phases,ref  ] GC(131)   WeakReference:
[35.768s][debug  ][gc,phases,ref  ] GC(131)     Discovered: 0
[35.768s][debug  ][gc,phases,ref  ] GC(131)     Cleared: 0
[35.768s][debug  ][gc,phases,ref  ] GC(131)   FinalReference:
[35.768s][debug  ][gc,phases,ref  ] GC(131)     Discovered: 0
[35.768s][debug  ][gc,phases,ref  ] GC(131)     Cleared: 0
[35.768s][debug  ][gc,phases,ref  ] GC(131)   PhantomReference:
[35.768s][debug  ][gc,phases,ref  ] GC(131)     Discovered: 0
[35.768s][debug  ][gc,phases,ref  ] GC(131)     Cleared: 0
[35.768s][debug  ][gc,phases      ] GC(131) Reference Processing 0.780ms
[35.768s][debug  ][gc,phases,start] GC(131) Weak Processing
[35.768s][debug  ][gc,phases      ] GC(131)   VM Weak                        Min:  0.0, Avg:  0.0, Max:  0.0, Diff:  0.0, Sum:  0.0, Workers: 6
[35.768s][debug  ][gc,phases      ] GC(131)     Dead                           Min: 0, Avg:  0.0, Max: 0, Diff: 0, Sum: 0, Workers: 6
[35.768s][debug  ][gc,phases      ] GC(131)     Total                          Min: 0, Avg:  1.3, Max: 8, Diff: 8, Sum: 8, Workers: 6
[35.768s][debug  ][gc,phases      ] GC(131)   ObjectSynchronizer Weak        Min:  0.0, Avg:  0.0, Max:  0.0, Diff:  0.0, Sum:  0.0, Workers: 6
[35.768s][debug  ][gc,phases      ] GC(131)     Dead                           Min: 0, Avg:  0.0, Max: 0, Diff: 0, Sum: 0, Workers: 6
[35.768s][debug  ][gc,phases      ] GC(131)     Total                          Min: 0, Avg:  0.5, Max: 3, Diff: 3, Sum: 3, Workers: 6
[35.768s][debug  ][gc,phases      ] GC(131)   JVMTI Tag Weak OopStorage      Min:  0.0, Avg:  0.0, Max:  0.0, Diff:  0.0, Sum:  0.0, Workers: 6
[35.768s][debug  ][gc,phases      ] GC(131)     Dead                           Min: 0, Avg:  0.0, Max: 0, Diff: 0, Sum: 0, Workers: 6
[35.768s][debug  ][gc,phases      ] GC(131)     Total                          Min: 0, Avg:  0.0, Max: 0, Diff: 0, Sum: 0, Workers: 6
[35.768s][debug  ][gc,phases      ] GC(131)   StringTable Weak               Min:  0.0, Avg:  0.0, Max:  0.0, Diff:  0.0, Sum:  0.0, Workers: 6
[35.768s][debug  ][gc,phases      ] GC(131)     Dead                           Min: 0, Avg:  0.0, Max: 0, Diff: 0, Sum: 0, Workers: 6
[35.768s][debug  ][gc,phases      ] GC(131)     Total                          Min: 703, Avg: 892.2, Max: 1088, Diff: 385, Sum: 5353, Workers: 6
[35.768s][debug  ][gc,phases      ] GC(131)   ResolvedMethodTable Weak       Min:  0.0, Avg:  0.0, Max:  0.0, Diff:  0.0, Sum:  0.0, Workers: 6
[35.768s][debug  ][gc,phases      ] GC(131)     Dead                           Min: 0, Avg:  0.0, Max: 0, Diff: 0, Sum: 0, Workers: 6
[35.768s][debug  ][gc,phases      ] GC(131)     Total                          Min: 0, Avg: 21.7, Max: 64, Diff: 64, Sum: 130, Workers: 6
[35.768s][debug  ][gc,phases      ] GC(131)   JNI Weak                       Min:  0.0, Avg:  0.0, Max:  0.0, Diff:  0.0, Sum:  0.0, Workers: 6
[35.768s][debug  ][gc,phases      ] GC(131)     Dead                           Min: 0, Avg:  0.0, Max: 0, Diff: 0, Sum: 0, Workers: 6
[35.768s][debug  ][gc,phases      ] GC(131)     Total                          Min: 0, Avg:  0.0, Max: 0, Diff: 0, Sum: 0, Workers: 6
[35.768s][debug  ][gc,phases      ] GC(131)   StringDedup Table Weak         Min:  0.0, Avg:  0.0, Max:  0.0, Diff:  0.0, Sum:  0.0, Workers: 6
[35.768s][debug  ][gc,phases      ] GC(131)     Dead                           Min: 0, Avg:  0.0, Max: 0, Diff: 0, Sum: 0, Workers: 6
[35.768s][debug  ][gc,phases      ] GC(131)     Total                          Min: 0, Avg:  0.0, Max: 0, Diff: 0, Sum: 0, Workers: 6
[35.768s][debug  ][gc,phases      ] GC(131)   StringDedup Requests0 Weak     Min:  0.0, Avg:  0.0, Max:  0.0, Diff:  0.0, Sum:  0.0, Workers: 6
[35.768s][debug  ][gc,phases      ] GC(131)     Dead                           Min: 0, Avg:  0.0, Max: 0, Diff: 0, Sum: 0, Workers: 6
[35.768s][debug  ][gc,phases      ] GC(131)     Total                          Min: 0, Avg:  0.0, Max: 0, Diff: 0, Sum: 0, Workers: 6
[35.768s][debug  ][gc,phases      ] GC(131)   StringDedup Requests1 Weak     Min:  0.0, Avg:  0.0, Max:  0.0, Diff:  0.0, Sum:  0.0, Workers: 6
[35.768s][debug  ][gc,phases      ] GC(131)     Dead                           Min: 0, Avg:  0.0, Max: 0, Diff: 0, Sum: 0, Workers: 6
[35.768s][debug  ][gc,phases      ] GC(131)     Total                          Min: 0, Avg:  0.0, Max: 0, Diff: 0, Sum: 0, Workers: 6
[35.769s][debug  ][gc,phases      ] GC(131)   Weak JFR Old Object Samples    Min:  0.0, Avg:  0.0, Max:  0.0, Diff:  0.0, Sum:  0.0, Workers: 6
[35.769s][debug  ][gc,phases      ] GC(131)     Dead                           Min: 0, Avg:  0.0, Max: 0, Diff: 0, Sum: 0, Workers: 6
[35.769s][debug  ][gc,phases      ] GC(131)     Total                          Min: 0, Avg:  0.0, Max: 0, Diff: 0, Sum: 0, Workers: 6
[35.769s][debug  ][gc,phases      ] GC(131) Weak Processing 0.834ms
[35.769s][debug  ][gc,ergo        ] GC(131) AdaptiveSizeStart:  collection: 132 
[35.769s][debug  ][gc,ergo        ] GC(131) avg_survived_padded_avg: 32540858.000000
[35.769s][debug  ][gc,ergo        ] GC(131) avg_promoted_padded_avg: 241337520.000000  avg_pretenured_padded_avg: 0.000000  tenuring_thresh: 15  target_size: 33030144
[35.769s][debug  ][gc,age         ] GC(131) Desired survivor size 33030144 bytes, new threshold 15 (max threshold 15)
[35.769s][debug  ][gc,ergo        ] GC(131) PSAdaptiveSizePolicy::compute_eden_space_size limits: desired_eden_size: 220758733 old_eden_size: 202375168 eden_limit: 202375168 cur_eden: 202375168 max_eden_size: 202375168 avg_young_live: 26686936
[35.769s][debug  ][gc,ergo        ] GC(131) PSAdaptiveSizePolicy::compute_eden_space_size: costs minor_time: 0.044009 major_cost: 0.053889 mutator_cost: 0.902102 throughput_goal: 0.990000
[35.769s][debug  ][gc,ergo        ] GC(131) Live_space: 1057204096 free_space: 1421869056
[35.769s][debug  ][gc,ergo        ] GC(131) Old eden_size: 202375168 desired_eden_size: 202375168
[35.769s][debug  ][gc,ergo        ] GC(131) AdaptiveSizeStop: collection: 132 
[35.769s][info   ][gc,heap        ] GC(131) PSYoungGen: 218857K(229888K)->30720K(229888K) Eden: 188137K(197632K)->0K(197632K) From: 30720K(32256K)->30720K(32256K)
[35.769s][info   ][gc,heap        ] GC(131) ParOldGen: 841316K(1835008K)->1025636K(1835008K)
[35.769s][info   ][gc,metaspace   ] GC(131) Metaspace: 1024K(1216K)->1024K(1216K) NonClass: 940K(1024K)->940K(1024K) Class: 83K(192K)->83K(192K)
[35.769s][info   ][gc             ] GC(131) Pause Young (Allocation Failure) 1035M->1031M(2016M) 17.087ms
[35.769s][info   ][gc,cpu         ] GC(131) User=0.16s Sys=0.00s Real=0.02s
[35.769s][debug  ][gc,heap        ] GC(131) Heap after GC invocations=132 (full 21):
[35.769s][debug  ][gc,heap        ] GC(131)  PSYoungGen      total 229888K, used 30720K [0x00000000f0000000, 0x0000000100000000, 0x0000000100000000)
[35.769s][debug  ][gc,heap        ] GC(131)   eden space 197632K, 0% used [0x00000000f0000000,0x00000000f0000000,0x00000000fc100000)
[35.769s][debug  ][gc,heap        ] GC(131)   from space 32256K, 95% used [0x00000000fe080000,0x00000000ffe80030,0x0000000100000000)
[35.769s][debug  ][gc,heap        ] GC(131)   to   space 32256K, 0% used [0x00000000fc100000,0x00000000fc100000,0x00000000fe080000)
[35.769s][debug  ][gc,heap        ] GC(131)  ParOldGen       total 1835008K, used 1025636K [0x0000000080000000, 0x00000000f0000000, 0x00000000f0000000)
[35.769s][debug  ][gc,heap        ] GC(131)   object space 1835008K, 55% used [0x0000000080000000,0x00000000be9991c0,0x00000000f0000000)
[35.769s][debug  ][gc,heap        ] GC(131)  Metaspace       used 1024K, committed 1216K, reserved 1056768K
[35.769s][debug  ][gc,heap        ] GC(131)   class space    used 83K, committed 192K, reserved 1048576K
[35.769s][debug  ][gc,task,time   ] GC(131) VM-Thread 357513553 357669460 357691906
[36.052s][debug  ][gc,heap        ] GC(132) Heap before GC invocations=133 (full 21):
[36.052s][debug  ][gc,heap        ] GC(132)  PSYoungGen      total 229888K, used 218877K [0x00000000f0000000, 0x0000000100000000, 0x0000000100000000)
[36.052s][debug  ][gc,heap        ] GC(132)   eden space 197632K, 95% used [0x00000000f0000000,0x00000000fb7bf3d0,0x00000000fc100000)
[36.052s][debug  ][gc,heap        ] GC(132)   from space 32256K, 95% used [0x00000000fe080000,0x00000000ffe80030,0x0000000100000000)
[36.052s][debug  ][gc,heap        ] GC(132)   to   space 32256K, 0% used [0x00000000fc100000,0x00000000fc100000,0x00000000fe080000)
[36.052s][debug  ][gc,heap        ] GC(132)  ParOldGen       total 1835008K, used 1025636K [0x0000000080000000, 0x00000000f0000000, 0x00000000f0000000)
[36.052s][debug  ][gc,heap        ] GC(132)   object space 1835008K, 55% used [0x0000000080000000,0x00000000be9991c0,0x00000000f0000000)
[36.052s][debug  ][gc,heap        ] GC(132)  Metaspace       used 1024K, committed 1216K, reserved 1056768K
[36.052s][debug  ][gc,heap        ] GC(132)   class space    used 83K, committed 192K, reserved 1048576K
[36.052s][debug  ][gc,tlab        ] GC(132) TLAB totals: thrds: 1  refills: 1 max: 1 slow allocs: 17 max 17 waste: 27.3% gc: 3928752B max: 3928752B slow: 0B max: 0B
[36.052s][info   ][gc,start       ] GC(132) Pause Young (Allocation Failure)
[36.052s][debug  ][gc,phases,start] GC(132) Scavenge
[36.067s][debug  ][gc,phases      ] GC(132) Scavenge 14.770ms
[36.067s][debug  ][gc,phases,start] GC(132) Reference Processing
[36.067s][debug  ][gc,ref         ] GC(132) Skipped phase 1 of Reference Processing: no references
[36.067s][debug  ][gc,ref         ] GC(132) Skipped phase 2 of Reference Processing: no references
[36.067s][debug  ][gc,ref         ] GC(132) Skipped phase 3 of Reference Processing: no references
[36.067s][debug  ][gc,ref         ] GC(132) Skipped phase 4 of Reference Processing: no references
[36.067s][debug  ][gc,phases,ref  ] GC(132) Reference Processing: 0.1ms
[36.067s][debug  ][gc,phases,ref  ] GC(132)   Reconsider SoftReferences: 0.0ms
[36.067s][debug  ][gc,phases,ref  ] GC(132)     SoftRef (ms):                  skipped
[36.067s][debug  ][gc,phases,ref  ] GC(132)   Notify Soft/WeakReferences: 0.0ms
[36.067s][debug  ][gc,phases,ref  ] GC(132)     SoftRef (ms):                  skipped
[36.067s][debug  ][gc,phases,ref  ] GC(132)     WeakRef (ms):                  skipped
[36.067s][debug  ][gc,phases,ref  ] GC(132)     FinalRef (ms):                 skipped
[36.067s][debug  ][gc,phases,ref  ] GC(132)     Total (ms):                    skipped
[36.067s][debug  ][gc,phases,ref  ] GC(132)   Notify and keep alive finalizable: 0.0ms
[36.067s][debug  ][gc,phases,ref  ] GC(132)     FinalRef (ms):                 skipped
[36.067s][debug  ][gc,phases,ref  ] GC(132)   Notify PhantomReferences: 0.0ms
[36.067s][debug  ][gc,phases,ref  ] GC(132)     PhantomRef (ms):               skipped
[36.067s][debug  ][gc,phases,ref  ] GC(132)   SoftReference:
[36.067s][debug  ][gc,phases,ref  ] GC(132)     Discovered: 0
[36.067s][debug  ][gc,phases,ref  ] GC(132)     Cleared: 0
[36.067s][debug  ][gc,phases,ref  ] GC(132)   WeakReference:
[36.067s][debug  ][gc,phases,ref  ] GC(132)     Discovered: 0
[36.067s][debug  ][gc,phases,ref  ] GC(132)     Cleared: 0
[36.067s][debug  ][gc,phases,ref  ] GC(132)   FinalReference:
[36.067s][debug  ][gc,phases,ref  ] GC(132)     Discovered: 0
[36.068s][debug  ][gc,phases,ref  ] GC(132)     Cleared: 0
[36.068s][debug  ][gc,phases,ref  ] GC(132)   PhantomReference:
[36.068s][debug  ][gc,phases,ref  ] GC(132)     Discovered: 0
[36.068s][debug  ][gc,phases,ref  ] GC(132)     Cleared: 0
[36.068s][debug  ][gc,phases      ] GC(132) Reference Processing 0.790ms
[36.068s][debug  ][gc,phases,start] GC(132) Weak Processing
[36.068s][debug  ][gc,phases      ] GC(132)   VM Weak                        Min:  0.0, Avg:  0.0, Max:  0.0, Diff:  0.0, Sum:  0.0, Workers: 6
[36.068s][debug  ][gc,phases      ] GC(132)     Dead                           Min: 0, Avg:  0.0, Max: 0, Diff: 0, Sum: 0, Workers: 6
[36.068s][debug  ][gc,phases      ] GC(132)     Total                          Min: 0, Avg:  1.3, Max: 8, Diff: 8, Sum: 8, Workers: 6
[36.068s][debug  ][gc,phases      ] GC(132)   ObjectSynchronizer Weak        Min:  0.0, Avg:  0.0, Max:  0.0, Diff:  0.0, Sum:  0.0, Workers: 6
[36.068s][debug  ][gc,phases      ] GC(132)     Dead                           Min: 0, Avg:  0.0, Max: 0, Diff: 0, Sum: 0, Workers: 6
[36.068s][debug  ][gc,phases      ] GC(132)     Total                          Min: 0, Avg:  0.5, Max: 3, Diff: 3, Sum: 3, Workers: 6
[36.068s][debug  ][gc,phases      ] GC(132)   JVMTI Tag Weak OopStorage      Min:  0.0, Avg:  0.0, Max:  0.0, Diff:  0.0, Sum:  0.0, Workers: 6
[36.068s][debug  ][gc,phases      ] GC(132)     Dead                           Min: 0, Avg:  0.0, Max: 0, Diff: 0, Sum: 0, Workers: 6
[36.068s][debug  ][gc,phases      ] GC(132)     Total                          Min: 0, Avg:  0.0, Max: 0, Diff: 0, Sum: 0, Workers: 6
[36.068s][debug  ][gc,phases      ] GC(132)   StringTable Weak               Min:  0.0, Avg:  0.0, Max:  0.0, Diff:  0.0, Sum:  0.0, Workers: 6
[36.068s][debug  ][gc,phases      ] GC(132)     Dead                           Min: 0, Avg:  0.0, Max: 0, Diff: 0, Sum: 0, Workers: 6
[36.068s][debug  ][gc,phases      ] GC(132)     Total                          Min: 832, Avg: 892.2, Max: 960, Diff: 128, Sum: 5353, Workers: 6
[36.068s][debug  ][gc,phases      ] GC(132)   ResolvedMethodTable Weak       Min:  0.0, Avg:  0.0, Max:  0.0, Diff:  0.0, Sum:  0.0, Workers: 6
[36.068s][debug  ][gc,phases      ] GC(132)     Dead                           Min: 0, Avg:  0.0, Max: 0, Diff: 0, Sum: 0, Workers: 6
[36.068s][debug  ][gc,phases      ] GC(132)     Total                          Min: 0, Avg: 21.7, Max: 64, Diff: 64, Sum: 130, Workers: 6
[36.068s][debug  ][gc,phases      ] GC(132)   JNI Weak                       Min:  0.0, Avg:  0.0, Max:  0.0, Diff:  0.0, Sum:  0.0, Workers: 6
[36.068s][debug  ][gc,phases      ] GC(132)     Dead                           Min: 0, Avg:  0.0, Max: 0, Diff: 0, Sum: 0, Workers: 6
[36.068s][debug  ][gc,phases      ] GC(132)     Total                          Min: 0, Avg:  0.0, Max: 0, Diff: 0, Sum: 0, Workers: 6
[36.068s][debug  ][gc,phases      ] GC(132)   StringDedup Table Weak         Min:  0.0, Avg:  0.0, Max:  0.0, Diff:  0.0, Sum:  0.0, Workers: 6
[36.068s][debug  ][gc,phases      ] GC(132)     Dead                           Min: 0, Avg:  0.0, Max: 0, Diff: 0, Sum: 0, Workers: 6
[36.068s][debug  ][gc,phases      ] GC(132)     Total                          Min: 0, Avg:  0.0, Max: 0, Diff: 0, Sum: 0, Workers: 6
[36.068s][debug  ][gc,phases      ] GC(132)   StringDedup Requests0 Weak     Min:  0.0, Avg:  0.0, Max:  0.0, Diff:  0.0, Sum:  0.0, Workers: 6
[36.068s][debug  ][gc,phases      ] GC(132)     Dead                           Min: 0, Avg:  0.0, Max: 0, Diff: 0, Sum: 0, Workers: 6
[36.068s][debug  ][gc,phases      ] GC(132)     Total                          Min: 0, Avg:  0.0, Max: 0, Diff: 0, Sum: 0, Workers: 6
[36.068s][debug  ][gc,phases      ] GC(132)   StringDedup Requests1 Weak     Min:  0.0, Avg:  0.0, Max:  0.0, Diff:  0.0, Sum:  0.0, Workers: 6
[36.068s][debug  ][gc,phases      ] GC(132)     Dead                           Min: 0, Avg:  0.0, Max: 0, Diff: 0, Sum: 0, Workers: 6
[36.068s][debug  ][gc,phases      ] GC(132)     Total                          Min: 0, Avg:  0.0, Max: 0, Diff: 0, Sum: 0, Workers: 6
[36.068s][debug  ][gc,phases      ] GC(132)   Weak JFR Old Object Samples    Min:  0.0, Avg:  0.0, Max:  0.0, Diff:  0.0, Sum:  0.0, Workers: 6
[36.068s][debug  ][gc,phases      ] GC(132)     Dead                           Min: 0, Avg:  0.0, Max: 0, Diff: 0, Sum: 0, Workers: 6
[36.068s][debug  ][gc,phases      ] GC(132)     Total                          Min: 0, Avg:  0.0, Max: 0, Diff: 0, Sum: 0, Workers: 6
[36.068s][debug  ][gc,phases      ] GC(132) Weak Processing 0.808ms
[36.069s][debug  ][gc,ergo        ] GC(132) AdaptiveSizeStart:  collection: 133 
[36.069s][debug  ][gc,ergo        ] GC(132) avg_survived_padded_avg: 32455986.000000
[36.069s][debug  ][gc,ergo        ] GC(132) avg_promoted_padded_avg: 245837744.000000  avg_pretenured_padded_avg: 0.000000  tenuring_thresh: 15  target_size: 32505856
[36.069s][debug  ][gc,age         ] GC(132) Desired survivor size 32505856 bytes, new threshold 15 (max threshold 15)
[36.069s][debug  ][gc,ergo        ] GC(132) PSAdaptiveSizePolicy::compute_eden_space_size limits: desired_eden_size: 221375884 old_eden_size: 202375168 eden_limit: 202375168 cur_eden: 202375168 max_eden_size: 202375168 avg_young_live: 27163974
[36.069s][debug  ][gc,ergo        ] GC(132) PSAdaptiveSizePolicy::compute_eden_space_size: costs minor_time: 0.046768 major_cost: 0.053889 mutator_cost: 0.899342 throughput_goal: 0.990000
[36.069s][debug  ][gc,ergo        ] GC(132) Live_space: 1057681088 free_space: 1421869056
[36.069s][debug  ][gc,ergo        ] GC(132) Old eden_size: 202375168 desired_eden_size: 202375168
[36.069s][debug  ][gc,ergo        ] GC(132) AdaptiveSizeStop: collection: 133 
[36.069s][info   ][gc,heap        ] GC(132) PSYoungGen: 218877K(229888K)->30720K(229888K) Eden: 188156K(197632K)->0K(197632K) From: 30720K(32256K)->30720K(32256K)
[36.069s][info   ][gc,heap        ] GC(132) ParOldGen: 1025636K(1835008K)->1209956K(1835008K)
[36.069s][info   ][gc,metaspace   ] GC(132) Metaspace: 1024K(1216K)->1024K(1216K) NonClass: 940K(1024K)->940K(1024K) Class: 83K(192K)->83K(192K)
[36.069s][info   ][gc             ] GC(132) Pause Young (Allocation Failure) 1215M->1211M(2016M) 16.861ms
[36.069s][info   ][gc,cpu         ] GC(132) User=0.00s Sys=0.02s Real=0.02s
[36.069s][debug  ][gc,heap        ] GC(132) Heap after GC invocations=133 (full 21):
[36.069s][debug  ][gc,heap        ] GC(132)  PSYoungGen      total 229888K, used 30720K [0x00000000f0000000, 0x0000000100000000, 0x0000000100000000)
[36.069s][debug  ][gc,heap        ] GC(132)   eden space 197632K, 0% used [0x00000000f0000000,0x00000000f0000000,0x00000000fc100000)
[36.069s][debug  ][gc,heap        ] GC(132)   from space 32256K, 95% used [0x00000000fc100000,0x00000000fdf00030,0x00000000fe080000)
[36.069s][debug  ][gc,heap        ] GC(132)   to   space 31744K, 0% used [0x00000000fe100000,0x00000000fe100000,0x0000000100000000)
[36.069s][debug  ][gc,heap        ] GC(132)  ParOldGen       total 1835008K, used 1209956K [0x0000000080000000, 0x00000000f0000000, 0x00000000f0000000)
[36.069s][debug  ][gc,heap        ] GC(132)   object space 1835008K, 65% used [0x0000000080000000,0x00000000c9d992e0,0x00000000f0000000)
[36.069s][debug  ][gc,heap        ] GC(132)  Metaspace       used 1024K, committed 1216K, reserved 1056768K
[36.069s][debug  ][gc,heap        ] GC(132)   class space    used 83K, committed 192K, reserved 1048576K
[36.069s][debug  ][gc,task,time   ] GC(132) VM-Thread 360515417 360668506 360690720
[36.353s][debug  ][gc,heap        ] GC(133) Heap before GC invocations=134 (full 21):
[36.353s][debug  ][gc,heap        ] GC(133)  PSYoungGen      total 229888K, used 218889K [0x00000000f0000000, 0x0000000100000000, 0x0000000100000000)
[36.353s][debug  ][gc,heap        ] GC(133)   eden space 197632K, 95% used [0x00000000f0000000,0x00000000fb7c2550,0x00000000fc100000)
[36.353s][debug  ][gc,heap        ] GC(133)   from space 32256K, 95% used [0x00000000fc100000,0x00000000fdf00030,0x00000000fe080000)
[36.353s][debug  ][gc,heap        ] GC(133)   to   space 31744K, 0% used [0x00000000fe100000,0x00000000fe100000,0x0000000100000000)
[36.353s][debug  ][gc,heap        ] GC(133)  ParOldGen       total 1835008K, used 1209956K [0x0000000080000000, 0x00000000f0000000, 0x00000000f0000000)
[36.353s][debug  ][gc,heap        ] GC(133)   object space 1835008K, 65% used [0x0000000080000000,0x00000000c9d992e0,0x00000000f0000000)
[36.353s][debug  ][gc,heap        ] GC(133)  Metaspace       used 1024K, committed 1216K, reserved 1056768K
[36.353s][debug  ][gc,heap        ] GC(133)   class space    used 83K, committed 192K, reserved 1048576K
[36.353s][debug  ][gc,tlab        ] GC(133) TLAB totals: thrds: 1  refills: 1 max: 1 slow allocs: 17 max 17 waste: 27.3% gc: 3941424B max: 3941424B slow: 0B max: 0B
[36.353s][info   ][gc,start       ] GC(133) Pause Young (Allocation Failure)
[36.353s][debug  ][gc,phases,start] GC(133) Scavenge
[36.369s][debug  ][gc,phases      ] GC(133) Scavenge 15.441ms
[36.369s][debug  ][gc,phases,start] GC(133) Reference Processing
[36.369s][debug  ][gc,ref         ] GC(133) Skipped phase 1 of Reference Processing: no references
[36.369s][debug  ][gc,ref         ] GC(133) Skipped phase 2 of Reference Processing: no references
[36.369s][debug  ][gc,ref         ] GC(133) Skipped phase 3 of Reference Processing: no references
[36.369s][debug  ][gc,ref         ] GC(133) Skipped phase 4 of Reference Processing: no references
[36.369s][debug  ][gc,phases,ref  ] GC(133) Reference Processing: 0.1ms
[36.369s][debug  ][gc,phases,ref  ] GC(133)   Reconsider SoftReferences: 0.0ms
[36.369s][debug  ][gc,phases,ref  ] GC(133)     SoftRef (ms):                  skipped
[36.369s][debug  ][gc,phases,ref  ] GC(133)   Notify Soft/WeakReferences: 0.0ms
[36.369s][debug  ][gc,phases,ref  ] GC(133)     SoftRef (ms):                  skipped
[36.369s][debug  ][gc,phases,ref  ] GC(133)     WeakRef (ms):                  skipped
[36.369s][debug  ][gc,phases,ref  ] GC(133)     FinalRef (ms):                 skipped
[36.369s][debug  ][gc,phases,ref  ] GC(133)     Total (ms):                    skipped
[36.369s][debug  ][gc,phases,ref  ] GC(133)   Notify and keep alive finalizable: 0.0ms
[36.369s][debug  ][gc,phases,ref  ] GC(133)     FinalRef (ms):                 skipped
[36.369s][debug  ][gc,phases,ref  ] GC(133)   Notify PhantomReferences: 0.0ms
[36.369s][debug  ][gc,phases,ref  ] GC(133)     PhantomRef (ms):               skipped
[36.369s][debug  ][gc,phases,ref  ] GC(133)   SoftReference:
[36.369s][debug  ][gc,phases,ref  ] GC(133)     Discovered: 0
[36.369s][debug  ][gc,phases,ref  ] GC(133)     Cleared: 0
[36.369s][debug  ][gc,phases,ref  ] GC(133)   WeakReference:
[36.369s][debug  ][gc,phases,ref  ] GC(133)     Discovered: 0
[36.369s][debug  ][gc,phases,ref  ] GC(133)     Cleared: 0
[36.369s][debug  ][gc,phases,ref  ] GC(133)   FinalReference:
[36.369s][debug  ][gc,phases,ref  ] GC(133)     Discovered: 0
[36.369s][debug  ][gc,phases,ref  ] GC(133)     Cleared: 0
[36.369s][debug  ][gc,phases,ref  ] GC(133)   PhantomReference:
[36.369s][debug  ][gc,phases,ref  ] GC(133)     Discovered: 0
[36.369s][debug  ][gc,phases,ref  ] GC(133)     Cleared: 0
[36.369s][debug  ][gc,phases      ] GC(133) Reference Processing 0.625ms
[36.369s][debug  ][gc,phases,start] GC(133) Weak Processing
[36.369s][debug  ][gc,phases      ] GC(133)   VM Weak                        Min:  0.0, Avg:  0.0, Max:  0.0, Diff:  0.0, Sum:  0.0, Workers: 6
[36.369s][debug  ][gc,phases      ] GC(133)     Dead                           Min: 0, Avg:  0.0, Max: 0, Diff: 0, Sum: 0, Workers: 6
[36.369s][debug  ][gc,phases      ] GC(133)     Total                          Min: 0, Avg:  1.3, Max: 8, Diff: 8, Sum: 8, Workers: 6
[36.369s][debug  ][gc,phases      ] GC(133)   ObjectSynchronizer Weak        Min:  0.0, Avg:  0.0, Max:  0.0, Diff:  0.0, Sum:  0.0, Workers: 6
[36.370s][debug  ][gc,phases      ] GC(133)     Dead                           Min: 0, Avg:  0.0, Max: 0, Diff: 0, Sum: 0, Workers: 6
[36.370s][debug  ][gc,phases      ] GC(133)     Total                          Min: 0, Avg:  0.5, Max: 3, Diff: 3, Sum: 3, Workers: 6
[36.370s][debug  ][gc,phases      ] GC(133)   JVMTI Tag Weak OopStorage      Min:  0.0, Avg:  0.0, Max:  0.0, Diff:  0.0, Sum:  0.0, Workers: 6
[36.370s][debug  ][gc,phases      ] GC(133)     Dead                           Min: 0, Avg:  0.0, Max: 0, Diff: 0, Sum: 0, Workers: 6
[36.370s][debug  ][gc,phases      ] GC(133)     Total                          Min: 0, Avg:  0.0, Max: 0, Diff: 0, Sum: 0, Workers: 6
[36.370s][debug  ][gc,phases      ] GC(133)   StringTable Weak               Min:  0.0, Avg:  0.0, Max:  0.0, Diff:  0.0, Sum:  0.0, Workers: 6
[36.370s][debug  ][gc,phases      ] GC(133)     Dead                           Min: 0, Avg:  0.0, Max: 0, Diff: 0, Sum: 0, Workers: 6
[36.370s][debug  ][gc,phases      ] GC(133)     Total                          Min: 704, Avg: 892.2, Max: 1152, Diff: 448, Sum: 5353, Workers: 6
[36.370s][debug  ][gc,phases      ] GC(133)   ResolvedMethodTable Weak       Min:  0.0, Avg:  0.0, Max:  0.0, Diff:  0.0, Sum:  0.0, Workers: 6
[36.370s][debug  ][gc,phases      ] GC(133)     Dead                           Min: 0, Avg:  0.0, Max: 0, Diff: 0, Sum: 0, Workers: 6
[36.370s][debug  ][gc,phases      ] GC(133)     Total                          Min: 0, Avg: 21.7, Max: 64, Diff: 64, Sum: 130, Workers: 6
[36.370s][debug  ][gc,phases      ] GC(133)   JNI Weak                       Min:  0.0, Avg:  0.0, Max:  0.0, Diff:  0.0, Sum:  0.0, Workers: 6
[36.370s][debug  ][gc,phases      ] GC(133)     Dead                           Min: 0, Avg:  0.0, Max: 0, Diff: 0, Sum: 0, Workers: 6
[36.370s][debug  ][gc,phases      ] GC(133)     Total                          Min: 0, Avg:  0.0, Max: 0, Diff: 0, Sum: 0, Workers: 6
[36.370s][debug  ][gc,phases      ] GC(133)   StringDedup Table Weak         Min:  0.0, Avg:  0.0, Max:  0.0, Diff:  0.0, Sum:  0.0, Workers: 6
[36.370s][debug  ][gc,phases      ] GC(133)     Dead                           Min: 0, Avg:  0.0, Max: 0, Diff: 0, Sum: 0, Workers: 6
[36.370s][debug  ][gc,phases      ] GC(133)     Total                          Min: 0, Avg:  0.0, Max: 0, Diff: 0, Sum: 0, Workers: 6
[36.370s][debug  ][gc,phases      ] GC(133)   StringDedup Requests0 Weak     Min:  0.0, Avg:  0.0, Max:  0.0, Diff:  0.0, Sum:  0.0, Workers: 6
[36.370s][debug  ][gc,phases      ] GC(133)     Dead                           Min: 0, Avg:  0.0, Max: 0, Diff: 0, Sum: 0, Workers: 6
[36.370s][debug  ][gc,phases      ] GC(133)     Total                          Min: 0, Avg:  0.0, Max: 0, Diff: 0, Sum: 0, Workers: 6
[36.370s][debug  ][gc,phases      ] GC(133)   StringDedup Requests1 Weak     Min:  0.0, Avg:  0.0, Max:  0.0, Diff:  0.0, Sum:  0.0, Workers: 6
[36.370s][debug  ][gc,phases      ] GC(133)     Dead                           Min: 0, Avg:  0.0, Max: 0, Diff: 0, Sum: 0, Workers: 6
[36.370s][debug  ][gc,phases      ] GC(133)     Total                          Min: 0, Avg:  0.0, Max: 0, Diff: 0, Sum: 0, Workers: 6
[36.370s][debug  ][gc,phases      ] GC(133)   Weak JFR Old Object Samples    Min:  0.0, Avg:  0.0, Max:  0.0, Diff:  0.0, Sum:  0.0, Workers: 6
[36.370s][debug  ][gc,phases      ] GC(133)     Dead                           Min: 0, Avg:  0.0, Max: 0, Diff: 0, Sum: 0, Workers: 6
[36.370s][debug  ][gc,phases      ] GC(133)     Total                          Min: 0, Avg:  0.0, Max: 0, Diff: 0, Sum: 0, Workers: 6
[36.370s][debug  ][gc,phases      ] GC(133) Weak Processing 0.743ms
[36.370s][debug  ][gc,ergo        ] GC(133) AdaptiveSizeStart:  collection: 134 
[36.370s][debug  ][gc,ergo        ] GC(133) avg_survived_padded_avg: 32377252.000000
[36.370s][debug  ][gc,ergo        ] GC(133) avg_promoted_padded_avg: 248911984.000000  avg_pretenured_padded_avg: 0.000000  tenuring_thresh: 15  target_size: 32505856
[36.370s][debug  ][gc,age         ] GC(133) Desired survivor size 32505856 bytes, new threshold 15 (max threshold 15)
[36.370s][debug  ][gc,ergo        ] GC(133) PSAdaptiveSizePolicy::compute_eden_space_size limits: desired_eden_size: 221873710 old_eden_size: 202375168 eden_limit: 202899456 cur_eden: 202375168 max_eden_size: 202899456 avg_young_live: 27593310
[36.370s][debug  ][gc,ergo        ] GC(133) PSAdaptiveSizePolicy::compute_eden_space_size: costs minor_time: 0.049110 major_cost: 0.053889 mutator_cost: 0.897000 throughput_goal: 0.990000
[36.370s][debug  ][gc,ergo        ] GC(133) Live_space: 1058110464 free_space: 1421869056
[36.370s][debug  ][gc,ergo        ] GC(133) Old eden_size: 202375168 desired_eden_size: 202899456
[36.370s][debug  ][gc,ergo        ] GC(133) AdaptiveSizeStop: collection: 134 
[36.370s][info   ][gc,heap        ] GC(133) PSYoungGen: 218889K(229888K)->30720K(230400K) Eden: 188169K(197632K)->0K(198656K) From: 30720K(32256K)->30720K(31744K)
[36.370s][info   ][gc,heap        ] GC(133) ParOldGen: 1209956K(1835008K)->1394277K(1835008K)
[36.370s][info   ][gc,metaspace   ] GC(133) Metaspace: 1024K(1216K)->1024K(1216K) NonClass: 940K(1024K)->940K(1024K) Class: 83K(192K)->83K(192K)
[36.370s][info   ][gc             ] GC(133) Pause Young (Allocation Failure) 1395M->1391M(2017M) 17.278ms
[36.370s][info   ][gc,cpu         ] GC(133) User=0.16s Sys=0.00s Real=0.02s
[36.370s][debug  ][gc,heap        ] GC(133) Heap after GC invocations=134 (full 21):
[36.370s][debug  ][gc,heap        ] GC(133)  PSYoungGen      total 230400K, used 30720K [0x00000000f0000000, 0x0000000100000000, 0x0000000100000000)
[36.371s][debug  ][gc,heap        ] GC(133)   eden space 198656K, 0% used [0x00000000f0000000,0x00000000f0000000,0x00000000fc200000)
[36.371s][debug  ][gc,heap        ] GC(133)   from space 31744K, 96% used [0x00000000fe100000,0x00000000fff00030,0x0000000100000000)
[36.371s][debug  ][gc,heap        ] GC(133)   to   space 31744K, 0% used [0x00000000fc200000,0x00000000fc200000,0x00000000fe100000)
[36.371s][debug  ][gc,heap        ] GC(133)  ParOldGen       total 1835008K, used 1394277K [0x0000000080000000, 0x00000000f0000000, 0x00000000f0000000)
[36.371s][debug  ][gc,heap        ] GC(133)   object space 1835008K, 75% used [0x0000000080000000,0x00000000d5199400,0x00000000f0000000)
[36.371s][debug  ][gc,heap        ] GC(133)  Metaspace       used 1024K, committed 1216K, reserved 1056768K
[36.371s][debug  ][gc,heap        ] GC(133)   class space    used 83K, committed 192K, reserved 1048576K
[36.371s][debug  ][gc,task,time   ] GC(133) VM-Thread 363526740 363686966 363706642
[36.670s][debug  ][gc,heap        ] GC(134) Heap before GC invocations=135 (full 21):
[36.670s][debug  ][gc,heap        ] GC(134)  PSYoungGen      total 230400K, used 229157K [0x00000000f0000000, 0x0000000100000000, 0x0000000100000000)
[36.670s][debug  ][gc,heap        ] GC(134)   eden space 198656K, 99% used [0x00000000f0000000,0x00000000fc1c9528,0x00000000fc200000)
[36.670s][debug  ][gc,heap        ] GC(134)   from space 31744K, 96% used [0x00000000fe100000,0x00000000fff00030,0x0000000100000000)
[36.670s][debug  ][gc,heap        ] GC(134)   to   space 31744K, 0% used [0x00000000fc200000,0x00000000fc200000,0x00000000fe100000)
[36.670s][debug  ][gc,heap        ] GC(134)  ParOldGen       total 1835008K, used 1394277K [0x0000000080000000, 0x00000000f0000000, 0x00000000f0000000)
[36.670s][debug  ][gc,heap        ] GC(134)   object space 1835008K, 75% used [0x0000000080000000,0x00000000d5199400,0x00000000f0000000)
[36.670s][debug  ][gc,heap        ] GC(134)  Metaspace       used 1024K, committed 1216K, reserved 1056768K
[36.670s][debug  ][gc,heap        ] GC(134)   class space    used 83K, committed 192K, reserved 1048576K
[36.670s][debug  ][gc,tlab        ] GC(134) TLAB totals: thrds: 1  refills: 1 max: 1 slow allocs: 18 max 18 waste: 27.5% gc: 3970040B max: 3970040B slow: 0B max: 0B
[36.670s][info   ][gc,start       ] GC(134) Pause Young (Allocation Failure)
[36.670s][debug  ][gc,phases,start] GC(134) Scavenge
[36.685s][debug  ][gc,phases      ] GC(134) Scavenge 15.137ms
[36.685s][debug  ][gc,phases,start] GC(134) Reference Processing
[36.685s][debug  ][gc,ref         ] GC(134) Skipped phase 1 of Reference Processing: no references
[36.685s][debug  ][gc,ref         ] GC(134) Skipped phase 2 of Reference Processing: no references
[36.685s][debug  ][gc,ref         ] GC(134) Skipped phase 3 of Reference Processing: no references
[36.685s][debug  ][gc,ref         ] GC(134) Skipped phase 4 of Reference Processing: no references
[36.686s][debug  ][gc,phases,ref  ] GC(134) Reference Processing: 0.1ms
[36.686s][debug  ][gc,phases,ref  ] GC(134)   Reconsider SoftReferences: 0.0ms
[36.686s][debug  ][gc,phases,ref  ] GC(134)     SoftRef (ms):                  skipped
[36.686s][debug  ][gc,phases,ref  ] GC(134)   Notify Soft/WeakReferences: 0.0ms
[36.686s][debug  ][gc,phases,ref  ] GC(134)     SoftRef (ms):                  skipped
[36.686s][debug  ][gc,phases,ref  ] GC(134)     WeakRef (ms):                  skipped
[36.686s][debug  ][gc,phases,ref  ] GC(134)     FinalRef (ms):                 skipped
[36.686s][debug  ][gc,phases,ref  ] GC(134)     Total (ms):                    skipped
[36.686s][debug  ][gc,phases,ref  ] GC(134)   Notify and keep alive finalizable: 0.0ms
[36.686s][debug  ][gc,phases,ref  ] GC(134)     FinalRef (ms):                 skipped
[36.686s][debug  ][gc,phases,ref  ] GC(134)   Notify PhantomReferences: 0.0ms
[36.686s][debug  ][gc,phases,ref  ] GC(134)     PhantomRef (ms):               skipped
[36.686s][debug  ][gc,phases,ref  ] GC(134)   SoftReference:
[36.686s][debug  ][gc,phases,ref  ] GC(134)     Discovered: 0
[36.686s][debug  ][gc,phases,ref  ] GC(134)     Cleared: 0
[36.686s][debug  ][gc,phases,ref  ] GC(134)   WeakReference:
[36.686s][debug  ][gc,phases,ref  ] GC(134)     Discovered: 0
[36.686s][debug  ][gc,phases,ref  ] GC(134)     Cleared: 0
[36.686s][debug  ][gc,phases,ref  ] GC(134)   FinalReference:
[36.686s][debug  ][gc,phases,ref  ] GC(134)     Discovered: 0
[36.686s][debug  ][gc,phases,ref  ] GC(134)     Cleared: 0
[36.686s][debug  ][gc,phases,ref  ] GC(134)   PhantomReference:
[36.686s][debug  ][gc,phases,ref  ] GC(134)     Discovered: 0
[36.686s][debug  ][gc,phases,ref  ] GC(134)     Cleared: 0
[36.686s][debug  ][gc,phases      ] GC(134) Reference Processing 0.651ms
[36.686s][debug  ][gc,phases,start] GC(134) Weak Processing
[36.686s][debug  ][gc,phases      ] GC(134)   VM Weak                        Min:  0.0, Avg:  0.0, Max:  0.0, Diff:  0.0, Sum:  0.0, Workers: 6
[36.686s][debug  ][gc,phases      ] GC(134)     Dead                           Min: 0, Avg:  0.0, Max: 0, Diff: 0, Sum: 0, Workers: 6
[36.686s][debug  ][gc,phases      ] GC(134)     Total                          Min: 0, Avg:  1.3, Max: 8, Diff: 8, Sum: 8, Workers: 6
[36.686s][debug  ][gc,phases      ] GC(134)   ObjectSynchronizer Weak        Min:  0.0, Avg:  0.0, Max:  0.0, Diff:  0.0, Sum:  0.0, Workers: 6
[36.686s][debug  ][gc,phases      ] GC(134)     Dead                           Min: 0, Avg:  0.0, Max: 0, Diff: 0, Sum: 0, Workers: 6
[36.686s][debug  ][gc,phases      ] GC(134)     Total                          Min: 0, Avg:  0.5, Max: 3, Diff: 3, Sum: 3, Workers: 6
[36.686s][debug  ][gc,phases      ] GC(134)   JVMTI Tag Weak OopStorage      Min:  0.0, Avg:  0.0, Max:  0.0, Diff:  0.0, Sum:  0.0, Workers: 6
[36.686s][debug  ][gc,phases      ] GC(134)     Dead                           Min: 0, Avg:  0.0, Max: 0, Diff: 0, Sum: 0, Workers: 6
[36.686s][debug  ][gc,phases      ] GC(134)     Total                          Min: 0, Avg:  0.0, Max: 0, Diff: 0, Sum: 0, Workers: 6
[36.686s][debug  ][gc,phases      ] GC(134)   StringTable Weak               Min:  0.0, Avg:  0.0, Max:  0.0, Diff:  0.0, Sum:  0.0, Workers: 6
[36.686s][debug  ][gc,phases      ] GC(134)     Dead                           Min: 0, Avg:  0.0, Max: 0, Diff: 0, Sum: 0, Workers: 6
[36.686s][debug  ][gc,phases      ] GC(134)     Total                          Min: 768, Avg: 892.2, Max: 1088, Diff: 320, Sum: 5353, Workers: 6
[36.686s][debug  ][gc,phases      ] GC(134)   ResolvedMethodTable Weak       Min:  0.0, Avg:  0.0, Max:  0.0, Diff:  0.0, Sum:  0.0, Workers: 6
[36.687s][debug  ][gc,phases      ] GC(134)     Dead                           Min: 0, Avg:  0.0, Max: 0, Diff: 0, Sum: 0, Workers: 6
[36.687s][debug  ][gc,phases      ] GC(134)     Total                          Min: 0, Avg: 21.7, Max: 64, Diff: 64, Sum: 130, Workers: 6
[36.687s][debug  ][gc,phases      ] GC(134)   JNI Weak                       Min:  0.0, Avg:  0.0, Max:  0.0, Diff:  0.0, Sum:  0.0, Workers: 6
[36.687s][debug  ][gc,phases      ] GC(134)     Dead                           Min: 0, Avg:  0.0, Max: 0, Diff: 0, Sum: 0, Workers: 6
[36.687s][debug  ][gc,phases      ] GC(134)     Total                          Min: 0, Avg:  0.0, Max: 0, Diff: 0, Sum: 0, Workers: 6
[36.687s][debug  ][gc,phases      ] GC(134)   StringDedup Table Weak         Min:  0.0, Avg:  0.0, Max:  0.0, Diff:  0.0, Sum:  0.0, Workers: 6
[36.687s][debug  ][gc,phases      ] GC(134)     Dead                           Min: 0, Avg:  0.0, Max: 0, Diff: 0, Sum: 0, Workers: 6
[36.687s][debug  ][gc,phases      ] GC(134)     Total                          Min: 0, Avg:  0.0, Max: 0, Diff: 0, Sum: 0, Workers: 6
[36.687s][debug  ][gc,phases      ] GC(134)   StringDedup Requests0 Weak     Min:  0.0, Avg:  0.0, Max:  0.0, Diff:  0.0, Sum:  0.0, Workers: 6
[36.687s][debug  ][gc,phases      ] GC(134)     Dead                           Min: 0, Avg:  0.0, Max: 0, Diff: 0, Sum: 0, Workers: 6
[36.687s][debug  ][gc,phases      ] GC(134)     Total                          Min: 0, Avg:  0.0, Max: 0, Diff: 0, Sum: 0, Workers: 6
[36.687s][debug  ][gc,phases      ] GC(134)   StringDedup Requests1 Weak     Min:  0.0, Avg:  0.0, Max:  0.0, Diff:  0.0, Sum:  0.0, Workers: 6
[36.687s][debug  ][gc,phases      ] GC(134)     Dead                           Min: 0, Avg:  0.0, Max: 0, Diff: 0, Sum: 0, Workers: 6
[36.687s][debug  ][gc,phases      ] GC(134)     Total                          Min: 0, Avg:  0.0, Max: 0, Diff: 0, Sum: 0, Workers: 6
[36.687s][debug  ][gc,phases      ] GC(134)   Weak JFR Old Object Samples    Min:  0.0, Avg:  0.0, Max:  0.0, Diff:  0.0, Sum:  0.0, Workers: 6
[36.687s][debug  ][gc,phases      ] GC(134)     Dead                           Min: 0, Avg:  0.0, Max: 0, Diff: 0, Sum: 0, Workers: 6
[36.687s][debug  ][gc,phases      ] GC(134)     Total                          Min: 0, Avg:  0.0, Max: 0, Diff: 0, Sum: 0, Workers: 6
[36.687s][debug  ][gc,phases      ] GC(134) Weak Processing 0.894ms
[36.687s][debug  ][gc,ergo        ] GC(134) AdaptiveSizeStart:  collection: 135 
[36.687s][debug  ][gc,ergo        ] GC(134) avg_survived_padded_avg: 32304278.000000
[36.687s][debug  ][gc,ergo        ] GC(134) avg_promoted_padded_avg: 254680176.000000  avg_pretenured_padded_avg: 0.000000  tenuring_thresh: 15  target_size: 32505856
[36.687s][debug  ][gc,age         ] GC(134) Desired survivor size 32505856 bytes, new threshold 15 (max threshold 15)
[36.687s][debug  ][gc,ergo        ] GC(134) PSAdaptiveSizePolicy::compute_eden_space_size limits: desired_eden_size: 223123616 old_eden_size: 202899456 eden_limit: 203423744 cur_eden: 203423744 max_eden_size: 203423744 avg_young_live: 27979710
[36.687s][debug  ][gc,ergo        ] GC(134) PSAdaptiveSizePolicy::compute_eden_space_size: costs minor_time: 0.050089 major_cost: 0.053889 mutator_cost: 0.896022 throughput_goal: 0.990000
[36.687s][debug  ][gc,ergo        ] GC(134) Live_space: 1058496832 free_space: 1422393344
[36.687s][debug  ][gc,ergo        ] GC(134) Old eden_size: 202899456 desired_eden_size: 203423744
[36.687s][debug  ][gc,ergo        ] GC(134) AdaptiveSizeStop: collection: 135 
[36.687s][info   ][gc,heap        ] GC(134) PSYoungGen: 229157K(230400K)->30720K(230400K) Eden: 198437K(198656K)->0K(198656K) From: 30720K(31744K)->30720K(31744K)
[36.687s][info   ][gc,heap        ] GC(134) ParOldGen: 1394277K(1835008K)->1588837K(1835008K)
[36.687s][info   ][gc,metaspace   ] GC(134) Metaspace: 1024K(1216K)->1024K(1216K) NonClass: 940K(1024K)->940K(1024K) Class: 83K(192K)->83K(192K)
[36.687s][info   ][gc             ] GC(134) Pause Young (Allocation Failure) 1585M->1581M(2017M) 17.145ms
[36.687s][info   ][gc,cpu         ] GC(134) User=0.16s Sys=0.00s Real=0.02s
[36.687s][debug  ][gc,heap        ] GC(134) Heap after GC invocations=135 (full 21):
[36.687s][debug  ][gc,heap        ] GC(134)  PSYoungGen      total 230400K, used 30720K [0x00000000f0000000, 0x0000000100000000, 0x0000000100000000)
[36.687s][debug  ][gc,heap        ] GC(134)   eden space 198656K, 0% used [0x00000000f0000000,0x00000000f0000000,0x00000000fc200000)
[36.687s][debug  ][gc,heap        ] GC(134)   from space 31744K, 96% used [0x00000000fc200000,0x00000000fe000030,0x00000000fe100000)
[36.687s][debug  ][gc,heap        ] GC(134)   to   space 31744K, 0% used [0x00000000fe100000,0x00000000fe100000,0x0000000100000000)
[36.687s][debug  ][gc,heap        ] GC(134)  ParOldGen       total 1835008K, used 1588837K [0x0000000080000000, 0x00000000f0000000, 0x00000000f0000000)
[36.687s][debug  ][gc,heap        ] GC(134)   object space 1835008K, 86% used [0x0000000080000000,0x00000000e0f99530,0x00000000f0000000)
[36.687s][debug  ][gc,heap        ] GC(134)  Metaspace       used 1024K, committed 1216K, reserved 1056768K
[36.688s][debug  ][gc,heap        ] GC(134)   class space    used 83K, committed 192K, reserved 1048576K
[36.688s][debug  ][gc,task,time   ] GC(134) VM-Thread 366697721 366853979 366875395
[36.688s][debug  ][gc,phases,start] GC(135) Pre Compact
[36.688s][debug  ][gc,heap        ] GC(135) Heap before GC invocations=136 (full 22):
[36.688s][debug  ][gc,heap        ] GC(135)  PSYoungGen      total 230400K, used 30720K [0x00000000f0000000, 0x0000000100000000, 0x0000000100000000)
[36.688s][debug  ][gc,heap        ] GC(135)   eden space 198656K, 0% used [0x00000000f0000000,0x00000000f0000000,0x00000000fc200000)
[36.688s][debug  ][gc,heap        ] GC(135)   from space 31744K, 96% used [0x00000000fc200000,0x00000000fe000030,0x00000000fe100000)
[36.688s][debug  ][gc,heap        ] GC(135)   to   space 31744K, 0% used [0x00000000fe100000,0x00000000fe100000,0x0000000100000000)
[36.688s][debug  ][gc,heap        ] GC(135)  ParOldGen       total 1835008K, used 1588837K [0x0000000080000000, 0x00000000f0000000, 0x00000000f0000000)
[36.688s][debug  ][gc,heap        ] GC(135)   object space 1835008K, 86% used [0x0000000080000000,0x00000000e0f99530,0x00000000f0000000)
[36.688s][debug  ][gc,heap        ] GC(135)  Metaspace       used 1024K, committed 1216K, reserved 1056768K
[36.688s][debug  ][gc,heap        ] GC(135)   class space    used 83K, committed 192K, reserved 1048576K
[36.688s][debug  ][gc,phases      ] GC(135) Pre Compact 0.226ms
[36.688s][info   ][gc,start       ] GC(135) Pause Full (Ergonomics)
[36.688s][info   ][gc,phases,start] GC(135) Marking Phase
[36.688s][debug  ][gc,phases,start] GC(135) Par Mark
[36.688s][debug  ][gc,phases      ] GC(135) Par Mark 0.502ms
[36.688s][debug  ][gc,phases,start] GC(135) Reference Processing
[36.688s][debug  ][gc,ref         ] GC(135) Skipped phase 1 of Reference Processing: no references
[36.688s][debug  ][gc,ref         ] GC(135) ReferenceProcessor::execute queues: 1, RefProcThreadModel::Single, marks_oops_alive: false
[36.688s][debug  ][gc,ref         ] GC(135) Skipped phase 3 of Reference Processing: no references
[36.688s][debug  ][gc,ref         ] GC(135) ReferenceProcessor::execute queues: 1, RefProcThreadModel::Single, marks_oops_alive: false
[36.689s][debug  ][gc,phases,ref  ] GC(135) Reference Processing: 0.1ms
[36.689s][debug  ][gc,phases,ref  ] GC(135)   Reconsider SoftReferences: 0.0ms
[36.689s][debug  ][gc,phases,ref  ] GC(135)     SoftRef (ms):                  skipped
[36.689s][debug  ][gc,phases,ref  ] GC(135)   Notify Soft/WeakReferences: 0.0ms
[36.689s][debug  ][gc,phases,ref  ] GC(135)     SoftRef (ms):                  Min:  0.0, Avg:  0.0, Max:  0.0, Diff:  0.0, Sum:  0.0, Workers: 10
[36.689s][debug  ][gc,phases,ref  ] GC(135)     WeakRef (ms):                  Min:  0.0, Avg:  0.0, Max:  0.0, Diff:  0.0, Sum:  0.0, Workers: 10
[36.689s][debug  ][gc,phases,ref  ] GC(135)     FinalRef (ms):                 Min:  0.0, Avg:  0.0, Max:  0.0, Diff:  0.0, Sum:  0.0, Workers: 10
[36.689s][debug  ][gc,phases,ref  ] GC(135)     Total (ms):                    Min:  0.0, Avg:  0.0, Max:  0.0, Diff:  0.0, Sum:  0.0, Workers: 10
[36.689s][debug  ][gc,phases,ref  ] GC(135)   Notify and keep alive finalizable: 0.0ms
[36.689s][debug  ][gc,phases,ref  ] GC(135)     FinalRef (ms):                 skipped
[36.689s][debug  ][gc,phases,ref  ] GC(135)   Notify PhantomReferences: 0.0ms
[36.689s][debug  ][gc,phases,ref  ] GC(135)     PhantomRef (ms):               Min:  0.0, Avg:  0.0, Max:  0.0, Diff:  0.0, Sum:  0.0, Workers: 10
[36.689s][debug  ][gc,phases,ref  ] GC(135)   SoftReference:
[36.689s][debug  ][gc,phases,ref  ] GC(135)     Discovered: 0
[36.689s][debug  ][gc,phases,ref  ] GC(135)     Cleared: 0
[36.689s][debug  ][gc,phases,ref  ] GC(135)   WeakReference:
[36.689s][debug  ][gc,phases,ref  ] GC(135)     Discovered: 78
[36.689s][debug  ][gc,phases,ref  ] GC(135)     Cleared: 78
[36.689s][debug  ][gc,phases,ref  ] GC(135)   FinalReference:
[36.689s][debug  ][gc,phases,ref  ] GC(135)     Discovered: 0
[36.689s][debug  ][gc,phases,ref  ] GC(135)     Cleared: 0
[36.689s][debug  ][gc,phases,ref  ] GC(135)   PhantomReference:
[36.689s][debug  ][gc,phases,ref  ] GC(135)     Discovered: 3
[36.689s][debug  ][gc,phases,ref  ] GC(135)     Cleared: 3
[36.689s][debug  ][gc,phases      ] GC(135) Reference Processing 0.641ms
[36.689s][debug  ][gc,phases,start] GC(135) Weak Processing
[36.689s][debug  ][gc,phases      ] GC(135)   VM Weak                        Min:  0.0, Avg:  0.0, Max:  0.0, Diff:  0.0, Sum:  0.0, Workers: 6
[36.689s][debug  ][gc,phases      ] GC(135)     Dead                           Min: 0, Avg:  0.0, Max: 0, Diff: 0, Sum: 0, Workers: 6
[36.689s][debug  ][gc,phases      ] GC(135)     Total                          Min: 0, Avg:  1.3, Max: 8, Diff: 8, Sum: 8, Workers: 6
[36.689s][debug  ][gc,phases      ] GC(135)   ObjectSynchronizer Weak        Min:  0.0, Avg:  0.0, Max:  0.0, Diff:  0.0, Sum:  0.0, Workers: 6
[36.689s][debug  ][gc,phases      ] GC(135)     Dead                           Min: 0, Avg:  0.0, Max: 0, Diff: 0, Sum: 0, Workers: 6
[36.689s][debug  ][gc,phases      ] GC(135)     Total                          Min: 0, Avg:  0.5, Max: 3, Diff: 3, Sum: 3, Workers: 6
[36.689s][debug  ][gc,phases      ] GC(135)   JVMTI Tag Weak OopStorage      Min:  0.0, Avg:  0.0, Max:  0.0, Diff:  0.0, Sum:  0.0, Workers: 6
[36.689s][debug  ][gc,phases      ] GC(135)     Dead                           Min: 0, Avg:  0.0, Max: 0, Diff: 0, Sum: 0, Workers: 6
[36.689s][debug  ][gc,phases      ] GC(135)     Total                          Min: 0, Avg:  0.0, Max: 0, Diff: 0, Sum: 0, Workers: 6
[36.689s][debug  ][gc,phases      ] GC(135)   StringTable Weak               Min:  0.0, Avg:  0.0, Max:  0.0, Diff:  0.0, Sum:  0.0, Workers: 6
[36.689s][debug  ][gc,phases      ] GC(135)     Dead                           Min: 0, Avg:  0.0, Max: 0, Diff: 0, Sum: 0, Workers: 6
[36.689s][debug  ][gc,phases      ] GC(135)     Total                          Min: 704, Avg: 892.2, Max: 1130, Diff: 426, Sum: 5353, Workers: 6
[36.689s][debug  ][gc,phases      ] GC(135)   ResolvedMethodTable Weak       Min:  0.0, Avg:  0.0, Max:  0.0, Diff:  0.0, Sum:  0.0, Workers: 6
[36.689s][debug  ][gc,phases      ] GC(135)     Dead                           Min: 0, Avg:  0.0, Max: 0, Diff: 0, Sum: 0, Workers: 6
[36.690s][debug  ][gc,phases      ] GC(135)     Total                          Min: 0, Avg: 21.7, Max: 64, Diff: 64, Sum: 130, Workers: 6
[36.690s][debug  ][gc,phases      ] GC(135)   JNI Weak                       Min:  0.0, Avg:  0.0, Max:  0.0, Diff:  0.0, Sum:  0.0, Workers: 6
[36.690s][debug  ][gc,phases      ] GC(135)     Dead                           Min: 0, Avg:  0.0, Max: 0, Diff: 0, Sum: 0, Workers: 6
[36.690s][debug  ][gc,phases      ] GC(135)     Total                          Min: 0, Avg:  0.0, Max: 0, Diff: 0, Sum: 0, Workers: 6
[36.690s][debug  ][gc,phases      ] GC(135)   StringDedup Table Weak         Min:  0.0, Avg:  0.0, Max:  0.0, Diff:  0.0, Sum:  0.0, Workers: 6
[36.690s][debug  ][gc,phases      ] GC(135)     Dead                           Min: 0, Avg:  0.0, Max: 0, Diff: 0, Sum: 0, Workers: 6
[36.690s][debug  ][gc,phases      ] GC(135)     Total                          Min: 0, Avg:  0.0, Max: 0, Diff: 0, Sum: 0, Workers: 6
[36.690s][debug  ][gc,phases      ] GC(135)   StringDedup Requests0 Weak     Min:  0.0, Avg:  0.0, Max:  0.0, Diff:  0.0, Sum:  0.0, Workers: 6
[36.690s][debug  ][gc,phases      ] GC(135)     Dead                           Min: 0, Avg:  0.0, Max: 0, Diff: 0, Sum: 0, Workers: 6
[36.690s][debug  ][gc,phases      ] GC(135)     Total                          Min: 0, Avg:  0.0, Max: 0, Diff: 0, Sum: 0, Workers: 6
[36.690s][debug  ][gc,phases      ] GC(135)   StringDedup Requests1 Weak     Min:  0.0, Avg:  0.0, Max:  0.0, Diff:  0.0, Sum:  0.0, Workers: 6
[36.690s][debug  ][gc,phases      ] GC(135)     Dead                           Min: 0, Avg:  0.0, Max: 0, Diff: 0, Sum: 0, Workers: 6
[36.690s][debug  ][gc,phases      ] GC(135)     Total                          Min: 0, Avg:  0.0, Max: 0, Diff: 0, Sum: 0, Workers: 6
[36.690s][debug  ][gc,phases      ] GC(135)   Weak JFR Old Object Samples    Min:  0.0, Avg:  0.0, Max:  0.0, Diff:  0.0, Sum:  0.0, Workers: 6
[36.690s][debug  ][gc,phases      ] GC(135)     Dead                           Min: 0, Avg:  0.0, Max: 0, Diff: 0, Sum: 0, Workers: 6
[36.690s][debug  ][gc,phases      ] GC(135)     Total                          Min: 0, Avg:  0.0, Max: 0, Diff: 0, Sum: 0, Workers: 6
[36.690s][debug  ][gc,phases      ] GC(135) Weak Processing 0.883ms
[36.690s][debug  ][gc,phases,start] GC(135) Class Unloading
[36.690s][debug  ][gc,phases,start] GC(135) ClassLoaderData
[36.690s][debug  ][gc,phases      ] GC(135) ClassLoaderData 0.021ms
[36.690s][debug  ][gc,phases,start] GC(135) Trigger cleanups
[36.690s][debug  ][gc,phases      ] GC(135) Trigger cleanups 0.021ms
[36.690s][debug  ][gc,phases      ] GC(135) Class Unloading 0.260ms
[36.690s][info   ][gc,phases      ] GC(135) Marking Phase 2.407ms
[36.690s][info   ][gc,phases,start] GC(135) Summary Phase
[36.690s][info   ][gc,phases      ] GC(135) Summary Phase 0.039ms
[36.690s][info   ][gc,phases,start] GC(135) Adjust Roots
[36.690s][info   ][gc,phases      ] GC(135) Adjust Roots 0.135ms
[36.691s][info   ][gc,phases,start] GC(135) Compaction Phase
[36.776s][info   ][gc,phases      ] GC(135) Compaction Phase 85.099ms
[36.776s][info   ][gc,phases,start] GC(135) Post Compact
[36.781s][info   ][gc,phases      ] GC(135) Post Compact 5.380ms
[36.781s][debug  ][gc,ergo        ] GC(135) AdaptiveSizeStart: collection: 136 
[36.781s][debug  ][gc,ergo        ] GC(135) PSAdaptiveSizePolicy::compute_eden_space_size limits: desired_eden_size: 223384947 old_eden_size: 203423744 eden_limit: 203423744 cur_eden: 203423744 max_eden_size: 203423744 avg_young_live: 25181740
[36.781s][debug  ][gc,ergo        ] GC(135) PSAdaptiveSizePolicy::compute_eden_space_size: costs minor_time: 0.050089 major_cost: 0.052528 mutator_cost: 0.897383 throughput_goal: 0.990000
[36.781s][debug  ][gc,ergo        ] GC(135) Live_space: 1055698816 free_space: 1422917632
[36.781s][debug  ][gc,ergo        ] GC(135) Old eden_size: 203423744 desired_eden_size: 203423744
[36.781s][debug  ][gc,ergo        ] GC(135) PSAdaptiveSizePolicy::compute_old_gen_free_space limits: desired_promo_size: 1344556697 promo_limit: 1219493888 free_in_old_gen: 1113315328 max_old_gen_size: 1879048192 avg_old_live: 765732800
[36.781s][debug  ][gc,ergo        ] GC(135) PSAdaptiveSizePolicy::compute_old_gen_free_space: costs minor_time: 0.050089 major_cost: 0.052528  mutator_cost: 0.897383 throughput_goal: 0.990000
[36.781s][debug  ][gc,ergo        ] GC(135) Live_space: 1059350016 free_space: 1422917632
[36.781s][debug  ][gc,ergo        ] GC(135) Old promo_size: 1219493888 desired_promo_size: 1219493888
[36.781s][debug  ][gc,ergo        ] GC(135) AdaptiveSizeStop: collection: 136 
[36.781s][info   ][gc,heap        ] GC(135) PSYoungGen: 30720K(230400K)->0K(230400K) Eden: 0K(198656K)->0K(198656K) From: 30720K(31744K)->0K(31744K)
[36.781s][info   ][gc,heap        ] GC(135) ParOldGen: 1588837K(1835008K)->779876K(1835008K)
[36.781s][info   ][gc,metaspace   ] GC(135) Metaspace: 1024K(1216K)->1024K(1216K) NonClass: 940K(1024K)->940K(1024K) Class: 83K(192K)->83K(192K)
[36.782s][info   ][gc             ] GC(135) Pause Full (Ergonomics) 1581M->761M(2017M) 93.694ms
[36.782s][info   ][gc,cpu         ] GC(135) User=0.94s Sys=0.00s Real=0.09s
[36.782s][debug  ][gc,heap        ] GC(135) Heap after GC invocations=136 (full 22):
[36.782s][debug  ][gc,heap        ] GC(135)  PSYoungGen      total 230400K, used 0K [0x00000000f0000000, 0x0000000100000000, 0x0000000100000000)
[36.782s][debug  ][gc,heap        ] GC(135)   eden space 198656K, 0% used [0x00000000f0000000,0x00000000f0000000,0x00000000fc200000)
[36.782s][debug  ][gc,heap        ] GC(135)   from space 31744K, 0% used [0x00000000fe100000,0x00000000fe100000,0x0000000100000000)
[36.782s][debug  ][gc,heap        ] GC(135)   to   space 31744K, 0% used [0x00000000fc200000,0x00000000fc200000,0x00000000fe100000)
[36.782s][debug  ][gc,heap        ] GC(135)  ParOldGen       total 1835008K, used 779876K [0x0000000080000000, 0x00000000f0000000, 0x00000000f0000000)
[36.782s][debug  ][gc,heap        ] GC(135)   object space 1835008K, 42% used [0x0000000080000000,0x00000000af999040,0x00000000f0000000)
[36.782s][debug  ][gc,heap        ] GC(135)  Metaspace       used 1024K, committed 1216K, reserved 1056768K
[36.782s][debug  ][gc,heap        ] GC(135)   class space    used 83K, committed 192K, reserved 1048576K
[36.782s][debug  ][gc,task,time   ] GC(135) VM-Thread 366878392 366905032 367815629
[37.083s][debug  ][gc,heap        ] GC(136) Heap before GC invocations=137 (full 22):
[37.083s][debug  ][gc,heap        ] GC(136)  PSYoungGen      total 230400K, used 198443K [0x00000000f0000000, 0x0000000100000000, 0x0000000100000000)
[37.083s][debug  ][gc,heap        ] GC(136)   eden space 198656K, 99% used [0x00000000f0000000,0x00000000fc1caf10,0x00000000fc200000)
[37.083s][debug  ][gc,heap        ] GC(136)   from space 31744K, 0% used [0x00000000fe100000,0x00000000fe100000,0x0000000100000000)
[37.083s][debug  ][gc,heap        ] GC(136)   to   space 31744K, 0% used [0x00000000fc200000,0x00000000fc200000,0x00000000fe100000)
[37.083s][debug  ][gc,heap        ] GC(136)  ParOldGen       total 1835008K, used 779876K [0x0000000080000000, 0x00000000f0000000, 0x00000000f0000000)
[37.083s][debug  ][gc,heap        ] GC(136)   object space 1835008K, 42% used [0x0000000080000000,0x00000000af999040,0x00000000f0000000)
[37.083s][debug  ][gc,heap        ] GC(136)  Metaspace       used 1024K, committed 1216K, reserved 1056768K
[37.083s][debug  ][gc,heap        ] GC(136)   class space    used 83K, committed 192K, reserved 1048576K
[37.083s][debug  ][gc,tlab        ] GC(136) TLAB totals: thrds: 1  refills: 1 max: 1 slow allocs: 18 max 18 waste: 27.5% gc: 3976672B max: 3976672B slow: 0B max: 0B
[37.083s][info   ][gc,start       ] GC(136) Pause Young (Allocation Failure)
[37.083s][debug  ][gc,phases,start] GC(136) Scavenge
[37.097s][debug  ][gc,phases      ] GC(136) Scavenge 13.284ms
[37.097s][debug  ][gc,phases,start] GC(136) Reference Processing
[37.097s][debug  ][gc,ref         ] GC(136) Skipped phase 1 of Reference Processing: no references
[37.097s][debug  ][gc,ref         ] GC(136) Skipped phase 2 of Reference Processing: no references
[37.097s][debug  ][gc,ref         ] GC(136) Skipped phase 3 of Reference Processing: no references
[37.097s][debug  ][gc,ref         ] GC(136) Skipped phase 4 of Reference Processing: no references
[37.097s][debug  ][gc,phases,ref  ] GC(136) Reference Processing: 0.1ms
[37.097s][debug  ][gc,phases,ref  ] GC(136)   Reconsider SoftReferences: 0.0ms
[37.097s][debug  ][gc,phases,ref  ] GC(136)     SoftRef (ms):                  skipped
[37.097s][debug  ][gc,phases,ref  ] GC(136)   Notify Soft/WeakReferences: 0.0ms
[37.097s][debug  ][gc,phases,ref  ] GC(136)     SoftRef (ms):                  skipped
[37.097s][debug  ][gc,phases,ref  ] GC(136)     WeakRef (ms):                  skipped
[37.097s][debug  ][gc,phases,ref  ] GC(136)     FinalRef (ms):                 skipped
[37.097s][debug  ][gc,phases,ref  ] GC(136)     Total (ms):                    skipped
[37.097s][debug  ][gc,phases,ref  ] GC(136)   Notify and keep alive finalizable: 0.0ms
[37.097s][debug  ][gc,phases,ref  ] GC(136)     FinalRef (ms):                 skipped
[37.097s][debug  ][gc,phases,ref  ] GC(136)   Notify PhantomReferences: 0.0ms
[37.097s][debug  ][gc,phases,ref  ] GC(136)     PhantomRef (ms):               skipped
[37.097s][debug  ][gc,phases,ref  ] GC(136)   SoftReference:
[37.097s][debug  ][gc,phases,ref  ] GC(136)     Discovered: 0
[37.097s][debug  ][gc,phases,ref  ] GC(136)     Cleared: 0
[37.097s][debug  ][gc,phases,ref  ] GC(136)   WeakReference:
[37.097s][debug  ][gc,phases,ref  ] GC(136)     Discovered: 0
[37.097s][debug  ][gc,phases,ref  ] GC(136)     Cleared: 0
[37.097s][debug  ][gc,phases,ref  ] GC(136)   FinalReference:
[37.097s][debug  ][gc,phases,ref  ] GC(136)     Discovered: 0
[37.097s][debug  ][gc,phases,ref  ] GC(136)     Cleared: 0
[37.098s][debug  ][gc,phases,ref  ] GC(136)   PhantomReference:
[37.098s][debug  ][gc,phases,ref  ] GC(136)     Discovered: 0
[37.098s][debug  ][gc,phases,ref  ] GC(136)     Cleared: 0
[37.098s][debug  ][gc,phases      ] GC(136) Reference Processing 0.753ms
[37.098s][debug  ][gc,phases,start] GC(136) Weak Processing
[37.098s][debug  ][gc,phases      ] GC(136)   VM Weak                        Min:  0.0, Avg:  0.0, Max:  0.0, Diff:  0.0, Sum:  0.0, Workers: 6
[37.098s][debug  ][gc,phases      ] GC(136)     Dead                           Min: 0, Avg:  0.0, Max: 0, Diff: 0, Sum: 0, Workers: 6
[37.098s][debug  ][gc,phases      ] GC(136)     Total                          Min: 0, Avg:  1.3, Max: 8, Diff: 8, Sum: 8, Workers: 6
[37.098s][debug  ][gc,phases      ] GC(136)   ObjectSynchronizer Weak        Min:  0.0, Avg:  0.0, Max:  0.0, Diff:  0.0, Sum:  0.0, Workers: 6
[37.098s][debug  ][gc,phases      ] GC(136)     Dead                           Min: 0, Avg:  0.0, Max: 0, Diff: 0, Sum: 0, Workers: 6
[37.098s][debug  ][gc,phases      ] GC(136)     Total                          Min: 0, Avg:  0.5, Max: 3, Diff: 3, Sum: 3, Workers: 6
[37.098s][debug  ][gc,phases      ] GC(136)   JVMTI Tag Weak OopStorage      Min:  0.0, Avg:  0.0, Max:  0.0, Diff:  0.0, Sum:  0.0, Workers: 6
[37.098s][debug  ][gc,phases      ] GC(136)     Dead                           Min: 0, Avg:  0.0, Max: 0, Diff: 0, Sum: 0, Workers: 6
[37.098s][debug  ][gc,phases      ] GC(136)     Total                          Min: 0, Avg:  0.0, Max: 0, Diff: 0, Sum: 0, Workers: 6
[37.098s][debug  ][gc,phases      ] GC(136)   StringTable Weak               Min:  0.0, Avg:  0.0, Max:  0.0, Diff:  0.0, Sum:  0.0, Workers: 6
[37.098s][debug  ][gc,phases      ] GC(136)     Dead                           Min: 0, Avg:  0.0, Max: 0, Diff: 0, Sum: 0, Workers: 6
[37.098s][debug  ][gc,phases      ] GC(136)     Total                          Min: 618, Avg: 892.2, Max: 1152, Diff: 534, Sum: 5353, Workers: 6
[37.098s][debug  ][gc,phases      ] GC(136)   ResolvedMethodTable Weak       Min:  0.0, Avg:  0.0, Max:  0.0, Diff:  0.0, Sum:  0.0, Workers: 6
[37.098s][debug  ][gc,phases      ] GC(136)     Dead                           Min: 0, Avg:  0.0, Max: 0, Diff: 0, Sum: 0, Workers: 6
[37.098s][debug  ][gc,phases      ] GC(136)     Total                          Min: 0, Avg: 21.7, Max: 64, Diff: 64, Sum: 130, Workers: 6
[37.098s][debug  ][gc,phases      ] GC(136)   JNI Weak                       Min:  0.0, Avg:  0.0, Max:  0.0, Diff:  0.0, Sum:  0.0, Workers: 6
[37.098s][debug  ][gc,phases      ] GC(136)     Dead                           Min: 0, Avg:  0.0, Max: 0, Diff: 0, Sum: 0, Workers: 6
[37.098s][debug  ][gc,phases      ] GC(136)     Total                          Min: 0, Avg:  0.0, Max: 0, Diff: 0, Sum: 0, Workers: 6
[37.098s][debug  ][gc,phases      ] GC(136)   StringDedup Table Weak         Min:  0.0, Avg:  0.0, Max:  0.0, Diff:  0.0, Sum:  0.0, Workers: 6
[37.098s][debug  ][gc,phases      ] GC(136)     Dead                           Min: 0, Avg:  0.0, Max: 0, Diff: 0, Sum: 0, Workers: 6
[37.098s][debug  ][gc,phases      ] GC(136)     Total                          Min: 0, Avg:  0.0, Max: 0, Diff: 0, Sum: 0, Workers: 6
[37.098s][debug  ][gc,phases      ] GC(136)   StringDedup Requests0 Weak     Min:  0.0, Avg:  0.0, Max:  0.0, Diff:  0.0, Sum:  0.0, Workers: 6
[37.098s][debug  ][gc,phases      ] GC(136)     Dead                           Min: 0, Avg:  0.0, Max: 0, Diff: 0, Sum: 0, Workers: 6
[37.098s][debug  ][gc,phases      ] GC(136)     Total                          Min: 0, Avg:  0.0, Max: 0, Diff: 0, Sum: 0, Workers: 6
[37.098s][debug  ][gc,phases      ] GC(136)   StringDedup Requests1 Weak     Min:  0.0, Avg:  0.0, Max:  0.0, Diff:  0.0, Sum:  0.0, Workers: 6
[37.098s][debug  ][gc,phases      ] GC(136)     Dead                           Min: 0, Avg:  0.0, Max: 0, Diff: 0, Sum: 0, Workers: 6
[37.098s][debug  ][gc,phases      ] GC(136)     Total                          Min: 0, Avg:  0.0, Max: 0, Diff: 0, Sum: 0, Workers: 6
[37.098s][debug  ][gc,phases      ] GC(136)   Weak JFR Old Object Samples    Min:  0.0, Avg:  0.0, Max:  0.0, Diff:  0.0, Sum:  0.0, Workers: 6
[37.098s][debug  ][gc,phases      ] GC(136)     Dead                           Min: 0, Avg:  0.0, Max: 0, Diff: 0, Sum: 0, Workers: 6
[37.098s][debug  ][gc,phases      ] GC(136)     Total                          Min: 0, Avg:  0.0, Max: 0, Diff: 0, Sum: 0, Workers: 6
[37.098s][debug  ][gc,phases      ] GC(136) Weak Processing 0.815ms
[37.098s][debug  ][gc,ergo        ] GC(136) AdaptiveSizeStart:  collection: 137 
[37.098s][debug  ][gc,ergo        ] GC(136) avg_survived_padded_avg: 32236702.000000
[37.098s][debug  ][gc,ergo        ] GC(136) avg_promoted_padded_avg: 247158704.000000  avg_pretenured_padded_avg: 0.000000  tenuring_thresh: 15  target_size: 32505856
[37.099s][debug  ][gc,age         ] GC(136) Desired survivor size 32505856 bytes, new threshold 15 (max threshold 15)
[37.099s][debug  ][gc,ergo        ] GC(136) PSAdaptiveSizePolicy::compute_eden_space_size limits: desired_eden_size: 222663641 old_eden_size: 203423744 eden_limit: 203423744 cur_eden: 203423744 max_eden_size: 203423744 avg_young_live: 25809296
[37.099s][debug  ][gc,ergo        ] GC(136) PSAdaptiveSizePolicy::compute_eden_space_size: costs minor_time: 0.046671 major_cost: 0.052528 mutator_cost: 0.900801 throughput_goal: 0.990000
[37.099s][debug  ][gc,ergo        ] GC(136) Live_space: 1059977536 free_space: 1422917632
[37.099s][debug  ][gc,ergo        ] GC(136) Old eden_size: 203423744 desired_eden_size: 203423744
[37.099s][debug  ][gc,ergo        ] GC(136) AdaptiveSizeStop: collection: 137 
[37.099s][info   ][gc,heap        ] GC(136) PSYoungGen: 198443K(230400K)->30720K(230400K) Eden: 198443K(198656K)->0K(198656K) From: 0K(31744K)->30720K(31744K)
[37.099s][info   ][gc,heap        ] GC(136) ParOldGen: 779876K(1835008K)->943716K(1835008K)
[37.099s][info   ][gc,metaspace   ] GC(136) Metaspace: 1024K(1216K)->1024K(1216K) NonClass: 940K(1024K)->940K(1024K) Class: 83K(192K)->83K(192K)
[37.099s][info   ][gc             ] GC(136) Pause Young (Allocation Failure) 955M->951M(2017M) 15.343ms
[37.099s][info   ][gc,cpu         ] GC(136) User=0.00s Sys=0.00s Real=0.02s
[37.099s][debug  ][gc,heap        ] GC(136) Heap after GC invocations=137 (full 22):
[37.099s][debug  ][gc,heap        ] GC(136)  PSYoungGen      total 230400K, used 30720K [0x00000000f0000000, 0x0000000100000000, 0x0000000100000000)
[37.099s][debug  ][gc,heap        ] GC(136)   eden space 198656K, 0% used [0x00000000f0000000,0x00000000f0000000,0x00000000fc200000)
[37.099s][debug  ][gc,heap        ] GC(136)   from space 31744K, 96% used [0x00000000fc200000,0x00000000fe000030,0x00000000fe100000)
[37.099s][debug  ][gc,heap        ] GC(136)   to   space 31744K, 0% used [0x00000000fe100000,0x00000000fe100000,0x0000000100000000)
[37.099s][debug  ][gc,heap        ] GC(136)  ParOldGen       total 1835008K, used 943716K [0x0000000080000000, 0x00000000f0000000, 0x00000000f0000000)
[37.099s][debug  ][gc,heap        ] GC(136)   object space 1835008K, 51% used [0x0000000080000000,0x00000000b9999140,0x00000000f0000000)
[37.099s][debug  ][gc,heap        ] GC(136)  Metaspace       used 1024K, committed 1216K, reserved 1056768K
[37.099s][debug  ][gc,heap        ] GC(136)   class space    used 83K, committed 192K, reserved 1048576K
[37.099s][debug  ][gc,task,time   ] GC(136) VM-Thread 370829612 370968238 370990285
[37.401s][debug  ][gc,heap        ] GC(137) Heap before GC invocations=138 (full 22):
[37.401s][debug  ][gc,heap        ] GC(137)  PSYoungGen      total 230400K, used 229096K [0x00000000f0000000, 0x0000000100000000, 0x0000000100000000)
[37.401s][debug  ][gc,heap        ] GC(137)   eden space 198656K, 99% used [0x00000000f0000000,0x00000000fc1ba0b0,0x00000000fc200000)
[37.401s][debug  ][gc,heap        ] GC(137)   from space 31744K, 96% used [0x00000000fc200000,0x00000000fe000030,0x00000000fe100000)
[37.401s][debug  ][gc,heap        ] GC(137)   to   space 31744K, 0% used [0x00000000fe100000,0x00000000fe100000,0x0000000100000000)
[37.401s][debug  ][gc,heap        ] GC(137)  ParOldGen       total 1835008K, used 943716K [0x0000000080000000, 0x00000000f0000000, 0x00000000f0000000)
[37.401s][debug  ][gc,heap        ] GC(137)   object space 1835008K, 51% used [0x0000000080000000,0x00000000b9999140,0x00000000f0000000)
[37.401s][debug  ][gc,heap        ] GC(137)  Metaspace       used 1024K, committed 1216K, reserved 1056768K
[37.401s][debug  ][gc,heap        ] GC(137)   class space    used 83K, committed 192K, reserved 1048576K
[37.401s][debug  ][gc,tlab        ] GC(137) TLAB totals: thrds: 1  refills: 1 max: 1 slow allocs: 18 max 18 waste: 27.1% gc: 3906392B max: 3906392B slow: 0B max: 0B
[37.401s][info   ][gc,start       ] GC(137) Pause Young (Allocation Failure)
[37.401s][debug  ][gc,phases,start] GC(137) Scavenge
[37.411s][debug  ][gc,phases      ] GC(137) Scavenge 9.800ms
[37.411s][debug  ][gc,phases,start] GC(137) Reference Processing
[37.411s][debug  ][gc,ref         ] GC(137) Skipped phase 1 of Reference Processing: no references
[37.411s][debug  ][gc,ref         ] GC(137) Skipped phase 2 of Reference Processing: no references
[37.411s][debug  ][gc,ref         ] GC(137) Skipped phase 3 of Reference Processing: no references
[37.411s][debug  ][gc,ref         ] GC(137) Skipped phase 4 of Reference Processing: no references
[37.411s][debug  ][gc,phases,ref  ] GC(137) Reference Processing: 0.1ms
[37.411s][debug  ][gc,phases,ref  ] GC(137)   Reconsider SoftReferences: 0.0ms
[37.411s][debug  ][gc,phases,ref  ] GC(137)     SoftRef (ms):                  skipped
[37.411s][debug  ][gc,phases,ref  ] GC(137)   Notify Soft/WeakReferences: 0.0ms
[37.412s][debug  ][gc,phases,ref  ] GC(137)     SoftRef (ms):                  skipped
[37.412s][debug  ][gc,phases,ref  ] GC(137)     WeakRef (ms):                  skipped
[37.412s][debug  ][gc,phases,ref  ] GC(137)     FinalRef (ms):                 skipped
[37.412s][debug  ][gc,phases,ref  ] GC(137)     Total (ms):                    skipped
[37.412s][debug  ][gc,phases,ref  ] GC(137)   Notify and keep alive finalizable: 0.0ms
[37.412s][debug  ][gc,phases,ref  ] GC(137)     FinalRef (ms):                 skipped
[37.412s][debug  ][gc,phases,ref  ] GC(137)   Notify PhantomReferences: 0.0ms
[37.412s][debug  ][gc,phases,ref  ] GC(137)     PhantomRef (ms):               skipped
[37.412s][debug  ][gc,phases,ref  ] GC(137)   SoftReference:
[37.412s][debug  ][gc,phases,ref  ] GC(137)     Discovered: 0
[37.412s][debug  ][gc,phases,ref  ] GC(137)     Cleared: 0
[37.412s][debug  ][gc,phases,ref  ] GC(137)   WeakReference:
[37.412s][debug  ][gc,phases,ref  ] GC(137)     Discovered: 0
[37.412s][debug  ][gc,phases,ref  ] GC(137)     Cleared: 0
[37.412s][debug  ][gc,phases,ref  ] GC(137)   FinalReference:
[37.412s][debug  ][gc,phases,ref  ] GC(137)     Discovered: 0
[37.412s][debug  ][gc,phases,ref  ] GC(137)     Cleared: 0
[37.412s][debug  ][gc,phases,ref  ] GC(137)   PhantomReference:
[37.412s][debug  ][gc,phases,ref  ] GC(137)     Discovered: 0
[37.412s][debug  ][gc,phases,ref  ] GC(137)     Cleared: 0
[37.412s][debug  ][gc,phases      ] GC(137) Reference Processing 0.646ms
[37.412s][debug  ][gc,phases,start] GC(137) Weak Processing
[37.412s][debug  ][gc,phases      ] GC(137)   VM Weak                        Min:  0.0, Avg:  0.0, Max:  0.0, Diff:  0.0, Sum:  0.0, Workers: 6
[37.412s][debug  ][gc,phases      ] GC(137)     Dead                           Min: 0, Avg:  0.0, Max: 0, Diff: 0, Sum: 0, Workers: 6
[37.412s][debug  ][gc,phases      ] GC(137)     Total                          Min: 0, Avg:  1.3, Max: 8, Diff: 8, Sum: 8, Workers: 6
[37.412s][debug  ][gc,phases      ] GC(137)   ObjectSynchronizer Weak        Min:  0.0, Avg:  0.0, Max:  0.0, Diff:  0.0, Sum:  0.0, Workers: 6
[37.412s][debug  ][gc,phases      ] GC(137)     Dead                           Min: 0, Avg:  0.0, Max: 0, Diff: 0, Sum: 0, Workers: 6
[37.412s][debug  ][gc,phases      ] GC(137)     Total                          Min: 0, Avg:  0.5, Max: 3, Diff: 3, Sum: 3, Workers: 6
[37.412s][debug  ][gc,phases      ] GC(137)   JVMTI Tag Weak OopStorage      Min:  0.0, Avg:  0.0, Max:  0.0, Diff:  0.0, Sum:  0.0, Workers: 6
[37.412s][debug  ][gc,phases      ] GC(137)     Dead                           Min: 0, Avg:  0.0, Max: 0, Diff: 0, Sum: 0, Workers: 6
[37.412s][debug  ][gc,phases      ] GC(137)     Total                          Min: 0, Avg:  0.0, Max: 0, Diff: 0, Sum: 0, Workers: 6
[37.412s][debug  ][gc,phases      ] GC(137)   StringTable Weak               Min:  0.0, Avg:  0.0, Max:  0.0, Diff:  0.0, Sum:  0.0, Workers: 6
[37.412s][debug  ][gc,phases      ] GC(137)     Dead                           Min: 0, Avg:  0.0, Max: 0, Diff: 0, Sum: 0, Workers: 6
[37.412s][debug  ][gc,phases      ] GC(137)     Total                          Min: 576, Avg: 892.2, Max: 1258, Diff: 682, Sum: 5353, Workers: 6
[37.412s][debug  ][gc,phases      ] GC(137)   ResolvedMethodTable Weak       Min:  0.0, Avg:  0.0, Max:  0.0, Diff:  0.0, Sum:  0.0, Workers: 6
[37.412s][debug  ][gc,phases      ] GC(137)     Dead                           Min: 0, Avg:  0.0, Max: 0, Diff: 0, Sum: 0, Workers: 6
[37.412s][debug  ][gc,phases      ] GC(137)     Total                          Min: 0, Avg: 21.7, Max: 64, Diff: 64, Sum: 130, Workers: 6
[37.412s][debug  ][gc,phases      ] GC(137)   JNI Weak                       Min:  0.0, Avg:  0.0, Max:  0.0, Diff:  0.0, Sum:  0.0, Workers: 6
[37.412s][debug  ][gc,phases      ] GC(137)     Dead                           Min: 0, Avg:  0.0, Max: 0, Diff: 0, Sum: 0, Workers: 6
[37.412s][debug  ][gc,phases      ] GC(137)     Total                          Min: 0, Avg:  0.0, Max: 0, Diff: 0, Sum: 0, Workers: 6
[37.412s][debug  ][gc,phases      ] GC(137)   StringDedup Table Weak         Min:  0.0, Avg:  0.0, Max:  0.0, Diff:  0.0, Sum:  0.0, Workers: 6
[37.412s][debug  ][gc,phases      ] GC(137)     Dead                           Min: 0, Avg:  0.0, Max: 0, Diff: 0, Sum: 0, Workers: 6
[37.412s][debug  ][gc,phases      ] GC(137)     Total                          Min: 0, Avg:  0.0, Max: 0, Diff: 0, Sum: 0, Workers: 6
[37.413s][debug  ][gc,phases      ] GC(137)   StringDedup Requests0 Weak     Min:  0.0, Avg:  0.0, Max:  0.0, Diff:  0.0, Sum:  0.0, Workers: 6
[37.413s][debug  ][gc,phases      ] GC(137)     Dead                           Min: 0, Avg:  0.0, Max: 0, Diff: 0, Sum: 0, Workers: 6
[37.413s][debug  ][gc,phases      ] GC(137)     Total                          Min: 0, Avg:  0.0, Max: 0, Diff: 0, Sum: 0, Workers: 6
[37.413s][debug  ][gc,phases      ] GC(137)   StringDedup Requests1 Weak     Min:  0.0, Avg:  0.0, Max:  0.0, Diff:  0.0, Sum:  0.0, Workers: 6
[37.413s][debug  ][gc,phases      ] GC(137)     Dead                           Min: 0, Avg:  0.0, Max: 0, Diff: 0, Sum: 0, Workers: 6
[37.413s][debug  ][gc,phases      ] GC(137)     Total                          Min: 0, Avg:  0.0, Max: 0, Diff: 0, Sum: 0, Workers: 6
[37.413s][debug  ][gc,phases      ] GC(137)   Weak JFR Old Object Samples    Min:  0.0, Avg:  0.0, Max:  0.0, Diff:  0.0, Sum:  0.0, Workers: 6
[37.413s][debug  ][gc,phases      ] GC(137)     Dead                           Min: 0, Avg:  0.0, Max: 0, Diff: 0, Sum: 0, Workers: 6
[37.413s][debug  ][gc,phases      ] GC(137)     Total                          Min: 0, Avg:  0.0, Max: 0, Diff: 0, Sum: 0, Workers: 6
[37.413s][debug  ][gc,phases      ] GC(137) Weak Processing 0.739ms
[37.413s][debug  ][gc,ergo        ] GC(137) AdaptiveSizeStart:  collection: 138 
[37.413s][debug  ][gc,ergo        ] GC(137) avg_survived_padded_avg: 32174168.000000
[37.413s][debug  ][gc,ergo        ] GC(137) avg_promoted_padded_avg: 247080608.000000  avg_pretenured_padded_avg: 0.000000  tenuring_thresh: 15  target_size: 32505856
[37.413s][debug  ][gc,age         ] GC(137) Desired survivor size 32505856 bytes, new threshold 15 (max threshold 15)
[37.413s][debug  ][gc,ergo        ] GC(137) PSAdaptiveSizePolicy::compute_eden_space_size limits: desired_eden_size: 222060521 old_eden_size: 203423744 eden_limit: 203423744 cur_eden: 203423744 max_eden_size: 203423744 avg_young_live: 26374100
[37.413s][debug  ][gc,ergo        ] GC(137) PSAdaptiveSizePolicy::compute_eden_space_size: costs minor_time: 0.043983 major_cost: 0.052528 mutator_cost: 0.903489 throughput_goal: 0.990000
[37.413s][debug  ][gc,ergo        ] GC(137) Live_space: 1060542336 free_space: 1422917632
[37.413s][debug  ][gc,ergo        ] GC(137) Old eden_size: 203423744 desired_eden_size: 203423744
[37.413s][debug  ][gc,ergo        ] GC(137) AdaptiveSizeStop: collection: 138 
[37.413s][info   ][gc,heap        ] GC(137) PSYoungGen: 229096K(230400K)->30720K(230400K) Eden: 198376K(198656K)->0K(198656K) From: 30720K(31744K)->30720K(31744K)
[37.413s][info   ][gc,heap        ] GC(137) ParOldGen: 943716K(1835008K)->1056356K(1835008K)
[37.413s][info   ][gc,metaspace   ] GC(137) Metaspace: 1024K(1216K)->1024K(1216K) NonClass: 940K(1024K)->940K(1024K) Class: 83K(192K)->83K(192K)
[37.413s][info   ][gc             ] GC(137) Pause Young (Allocation Failure) 1145M->1061M(2017M) 11.627ms
[37.413s][info   ][gc,cpu         ] GC(137) User=0.06s Sys=0.00s Real=0.01s
[37.413s][debug  ][gc,heap        ] GC(137) Heap after GC invocations=138 (full 22):
[37.413s][debug  ][gc,heap        ] GC(137)  PSYoungGen      total 230400K, used 30720K [0x00000000f0000000, 0x0000000100000000, 0x0000000100000000)
[37.413s][debug  ][gc,heap        ] GC(137)   eden space 198656K, 0% used [0x00000000f0000000,0x00000000f0000000,0x00000000fc200000)
[37.413s][debug  ][gc,heap        ] GC(137)   from space 31744K, 96% used [0x00000000fe100000,0x00000000fff00030,0x0000000100000000)
[37.413s][debug  ][gc,heap        ] GC(137)   to   space 31744K, 0% used [0x00000000fc200000,0x00000000fc200000,0x00000000fe100000)
[37.413s][debug  ][gc,heap        ] GC(137)  ParOldGen       total 1835008K, used 1056356K [0x0000000080000000, 0x00000000f0000000, 0x00000000f0000000)
[37.413s][debug  ][gc,heap        ] GC(137)   object space 1835008K, 57% used [0x0000000080000000,0x00000000c07991f0,0x00000000f0000000)
[37.413s][debug  ][gc,heap        ] GC(137)  Metaspace       used 1024K, committed 1216K, reserved 1056768K
[37.413s][debug  ][gc,heap        ] GC(137)   class space    used 83K, committed 192K, reserved 1048576K
[37.413s][debug  ][gc,task,time   ] GC(137) VM-Thread 374010682 374113111 374133024
[37.716s][debug  ][gc,heap        ] GC(138) Heap before GC invocations=139 (full 22):
[37.716s][debug  ][gc,heap        ] GC(138)  PSYoungGen      total 230400K, used 229124K [0x00000000f0000000, 0x0000000100000000, 0x0000000100000000)
[37.716s][debug  ][gc,heap        ] GC(138)   eden space 198656K, 99% used [0x00000000f0000000,0x00000000fc1c11d0,0x00000000fc200000)
[37.716s][debug  ][gc,heap        ] GC(138)   from space 31744K, 96% used [0x00000000fe100000,0x00000000fff00030,0x0000000100000000)
[37.716s][debug  ][gc,heap        ] GC(138)   to   space 31744K, 0% used [0x00000000fc200000,0x00000000fc200000,0x00000000fe100000)
[37.716s][debug  ][gc,heap        ] GC(138)  ParOldGen       total 1835008K, used 1056356K [0x0000000080000000, 0x00000000f0000000, 0x00000000f0000000)
[37.716s][debug  ][gc,heap        ] GC(138)   object space 1835008K, 57% used [0x0000000080000000,0x00000000c07991f0,0x00000000f0000000)
[37.716s][debug  ][gc,heap        ] GC(138)  Metaspace       used 1024K, committed 1216K, reserved 1056768K
[37.716s][debug  ][gc,heap        ] GC(138)   class space    used 83K, committed 192K, reserved 1048576K
[37.716s][debug  ][gc,tlab        ] GC(138) TLAB totals: thrds: 1  refills: 1 max: 1 slow allocs: 18 max 18 waste: 27.3% gc: 3936416B max: 3936416B slow: 0B max: 0B
[37.716s][info   ][gc,start       ] GC(138) Pause Young (Allocation Failure)
[37.716s][debug  ][gc,phases,start] GC(138) Scavenge
[37.731s][debug  ][gc,phases      ] GC(138) Scavenge 15.178ms
[37.731s][debug  ][gc,phases,start] GC(138) Reference Processing
[37.732s][debug  ][gc,ref         ] GC(138) Skipped phase 1 of Reference Processing: no references
[37.732s][debug  ][gc,ref         ] GC(138) Skipped phase 2 of Reference Processing: no references
[37.732s][debug  ][gc,ref         ] GC(138) Skipped phase 3 of Reference Processing: no references
[37.732s][debug  ][gc,ref         ] GC(138) Skipped phase 4 of Reference Processing: no references
[37.732s][debug  ][gc,phases,ref  ] GC(138) Reference Processing: 0.1ms
[37.732s][debug  ][gc,phases,ref  ] GC(138)   Reconsider SoftReferences: 0.0ms
[37.732s][debug  ][gc,phases,ref  ] GC(138)     SoftRef (ms):                  skipped
[37.732s][debug  ][gc,phases,ref  ] GC(138)   Notify Soft/WeakReferences: 0.0ms
[37.732s][debug  ][gc,phases,ref  ] GC(138)     SoftRef (ms):                  skipped
[37.732s][debug  ][gc,phases,ref  ] GC(138)     WeakRef (ms):                  skipped
[37.732s][debug  ][gc,phases,ref  ] GC(138)     FinalRef (ms):                 skipped
[37.732s][debug  ][gc,phases,ref  ] GC(138)     Total (ms):                    skipped
[37.732s][debug  ][gc,phases,ref  ] GC(138)   Notify and keep alive finalizable: 0.0ms
[37.732s][debug  ][gc,phases,ref  ] GC(138)     FinalRef (ms):                 skipped
[37.732s][debug  ][gc,phases,ref  ] GC(138)   Notify PhantomReferences: 0.0ms
[37.732s][debug  ][gc,phases,ref  ] GC(138)     PhantomRef (ms):               skipped
[37.732s][debug  ][gc,phases,ref  ] GC(138)   SoftReference:
[37.732s][debug  ][gc,phases,ref  ] GC(138)     Discovered: 0
[37.732s][debug  ][gc,phases,ref  ] GC(138)     Cleared: 0
[37.732s][debug  ][gc,phases,ref  ] GC(138)   WeakReference:
[37.732s][debug  ][gc,phases,ref  ] GC(138)     Discovered: 0
[37.732s][debug  ][gc,phases,ref  ] GC(138)     Cleared: 0
[37.732s][debug  ][gc,phases,ref  ] GC(138)   FinalReference:
[37.732s][debug  ][gc,phases,ref  ] GC(138)     Discovered: 0
[37.732s][debug  ][gc,phases,ref  ] GC(138)     Cleared: 0
[37.732s][debug  ][gc,phases,ref  ] GC(138)   PhantomReference:
[37.732s][debug  ][gc,phases,ref  ] GC(138)     Discovered: 0
[37.732s][debug  ][gc,phases,ref  ] GC(138)     Cleared: 0
[37.732s][debug  ][gc,phases      ] GC(138) Reference Processing 0.671ms
[37.732s][debug  ][gc,phases,start] GC(138) Weak Processing
[37.732s][debug  ][gc,phases      ] GC(138)   VM Weak                        Min:  0.0, Avg:  0.0, Max:  0.0, Diff:  0.0, Sum:  0.0, Workers: 6
[37.732s][debug  ][gc,phases      ] GC(138)     Dead                           Min: 0, Avg:  0.0, Max: 0, Diff: 0, Sum: 0, Workers: 6
[37.732s][debug  ][gc,phases      ] GC(138)     Total                          Min: 0, Avg:  1.3, Max: 8, Diff: 8, Sum: 8, Workers: 6
[37.732s][debug  ][gc,phases      ] GC(138)   ObjectSynchronizer Weak        Min:  0.0, Avg:  0.0, Max:  0.0, Diff:  0.0, Sum:  0.0, Workers: 6
[37.732s][debug  ][gc,phases      ] GC(138)     Dead                           Min: 0, Avg:  0.0, Max: 0, Diff: 0, Sum: 0, Workers: 6
[37.732s][debug  ][gc,phases      ] GC(138)     Total                          Min: 0, Avg:  0.5, Max: 3, Diff: 3, Sum: 3, Workers: 6
[37.732s][debug  ][gc,phases      ] GC(138)   JVMTI Tag Weak OopStorage      Min:  0.0, Avg:  0.0, Max:  0.0, Diff:  0.0, Sum:  0.0, Workers: 6
[37.732s][debug  ][gc,phases      ] GC(138)     Dead                           Min: 0, Avg:  0.0, Max: 0, Diff: 0, Sum: 0, Workers: 6
[37.732s][debug  ][gc,phases      ] GC(138)     Total                          Min: 0, Avg:  0.0, Max: 0, Diff: 0, Sum: 0, Workers: 6
[37.732s][debug  ][gc,phases      ] GC(138)   StringTable Weak               Min:  0.0, Avg:  0.0, Max:  0.0, Diff:  0.0, Sum:  0.0, Workers: 6
[37.732s][debug  ][gc,phases      ] GC(138)     Dead                           Min: 0, Avg:  0.0, Max: 0, Diff: 0, Sum: 0, Workers: 6
[37.732s][debug  ][gc,phases      ] GC(138)     Total                          Min: 682, Avg: 892.2, Max: 1280, Diff: 598, Sum: 5353, Workers: 6
[37.733s][debug  ][gc,phases      ] GC(138)   ResolvedMethodTable Weak       Min:  0.0, Avg:  0.0, Max:  0.0, Diff:  0.0, Sum:  0.0, Workers: 6
[37.733s][debug  ][gc,phases      ] GC(138)     Dead                           Min: 0, Avg:  0.0, Max: 0, Diff: 0, Sum: 0, Workers: 6
[37.733s][debug  ][gc,phases      ] GC(138)     Total                          Min: 0, Avg: 21.7, Max: 64, Diff: 64, Sum: 130, Workers: 6
[37.733s][debug  ][gc,phases      ] GC(138)   JNI Weak                       Min:  0.0, Avg:  0.0, Max:  0.0, Diff:  0.0, Sum:  0.0, Workers: 6
[37.733s][debug  ][gc,phases      ] GC(138)     Dead                           Min: 0, Avg:  0.0, Max: 0, Diff: 0, Sum: 0, Workers: 6
[37.733s][debug  ][gc,phases      ] GC(138)     Total                          Min: 0, Avg:  0.0, Max: 0, Diff: 0, Sum: 0, Workers: 6
[37.733s][debug  ][gc,phases      ] GC(138)   StringDedup Table Weak         Min:  0.0, Avg:  0.0, Max:  0.0, Diff:  0.0, Sum:  0.0, Workers: 6
[37.733s][debug  ][gc,phases      ] GC(138)     Dead                           Min: 0, Avg:  0.0, Max: 0, Diff: 0, Sum: 0, Workers: 6
[37.733s][debug  ][gc,phases      ] GC(138)     Total                          Min: 0, Avg:  0.0, Max: 0, Diff: 0, Sum: 0, Workers: 6
[37.733s][debug  ][gc,phases      ] GC(138)   StringDedup Requests0 Weak     Min:  0.0, Avg:  0.0, Max:  0.0, Diff:  0.0, Sum:  0.0, Workers: 6
[37.733s][debug  ][gc,phases      ] GC(138)     Dead                           Min: 0, Avg:  0.0, Max: 0, Diff: 0, Sum: 0, Workers: 6
[37.733s][debug  ][gc,phases      ] GC(138)     Total                          Min: 0, Avg:  0.0, Max: 0, Diff: 0, Sum: 0, Workers: 6
[37.733s][debug  ][gc,phases      ] GC(138)   StringDedup Requests1 Weak     Min:  0.0, Avg:  0.0, Max:  0.0, Diff:  0.0, Sum:  0.0, Workers: 6
[37.733s][debug  ][gc,phases      ] GC(138)     Dead                           Min: 0, Avg:  0.0, Max: 0, Diff: 0, Sum: 0, Workers: 6
[37.733s][debug  ][gc,phases      ] GC(138)     Total                          Min: 0, Avg:  0.0, Max: 0, Diff: 0, Sum: 0, Workers: 6
[37.733s][debug  ][gc,phases      ] GC(138)   Weak JFR Old Object Samples    Min:  0.0, Avg:  0.0, Max:  0.0, Diff:  0.0, Sum:  0.0, Workers: 6
[37.733s][debug  ][gc,phases      ] GC(138)     Dead                           Min: 0, Avg:  0.0, Max: 0, Diff: 0, Sum: 0, Workers: 6
[37.733s][debug  ][gc,phases      ] GC(138)     Total                          Min: 0, Avg:  0.0, Max: 0, Diff: 0, Sum: 0, Workers: 6
[37.733s][debug  ][gc,phases      ] GC(138) Weak Processing 0.732ms
[37.733s][debug  ][gc,ergo        ] GC(138) AdaptiveSizeStart:  collection: 139 
[37.733s][debug  ][gc,ergo        ] GC(138) avg_survived_padded_avg: 32116350.000000
[37.733s][debug  ][gc,ergo        ] GC(138) avg_promoted_padded_avg: 253151712.000000  avg_pretenured_padded_avg: 0.000000  tenuring_thresh: 15  target_size: 32505856
[37.733s][debug  ][gc,age         ] GC(138) Desired survivor size 32505856 bytes, new threshold 15 (max threshold 15)
[37.733s][debug  ][gc,ergo        ] GC(138) PSAdaptiveSizePolicy::compute_eden_space_size limits: desired_eden_size: 222521963 old_eden_size: 203423744 eden_limit: 203423744 cur_eden: 203423744 max_eden_size: 203423744 avg_young_live: 26882424
[37.733s][debug  ][gc,ergo        ] GC(138) PSAdaptiveSizePolicy::compute_eden_space_size: costs minor_time: 0.046026 major_cost: 0.052528 mutator_cost: 0.901446 throughput_goal: 0.990000
[37.733s][debug  ][gc,ergo        ] GC(138) Live_space: 1061050688 free_space: 1422917632
[37.733s][debug  ][gc,ergo        ] GC(138) Old eden_size: 203423744 desired_eden_size: 203423744
[37.733s][debug  ][gc,ergo        ] GC(138) AdaptiveSizeStop: collection: 139 
[37.733s][info   ][gc,heap        ] GC(138) PSYoungGen: 229124K(230400K)->30720K(230400K) Eden: 198404K(198656K)->0K(198656K) From: 30720K(31744K)->30720K(31744K)
[37.733s][info   ][gc,heap        ] GC(138) ParOldGen: 1056356K(1835008K)->1250916K(1835008K)
[37.733s][info   ][gc,metaspace   ] GC(138) Metaspace: 1024K(1216K)->1024K(1216K) NonClass: 940K(1024K)->940K(1024K) Class: 83K(192K)->83K(192K)
[37.733s][info   ][gc             ] GC(138) Pause Young (Allocation Failure) 1255M->1251M(2017M) 17.048ms
[37.733s][info   ][gc,cpu         ] GC(138) User=0.12s Sys=0.00s Real=0.02s
[37.733s][debug  ][gc,heap        ] GC(138) Heap after GC invocations=139 (full 22):
[37.733s][debug  ][gc,heap        ] GC(138)  PSYoungGen      total 230400K, used 30720K [0x00000000f0000000, 0x0000000100000000, 0x0000000100000000)
[37.733s][debug  ][gc,heap        ] GC(138)   eden space 198656K, 0% used [0x00000000f0000000,0x00000000f0000000,0x00000000fc200000)
[37.733s][debug  ][gc,heap        ] GC(138)   from space 31744K, 96% used [0x00000000fc200000,0x00000000fe000030,0x00000000fe100000)
[37.733s][debug  ][gc,heap        ] GC(138)   to   space 31744K, 0% used [0x00000000fe100000,0x00000000fe100000,0x0000000100000000)
[37.733s][debug  ][gc,heap        ] GC(138)  ParOldGen       total 1835008K, used 1250916K [0x0000000080000000, 0x00000000f0000000, 0x00000000f0000000)
[37.733s][debug  ][gc,heap        ] GC(138)   object space 1835008K, 68% used [0x0000000080000000,0x00000000cc599320,0x00000000f0000000)
[37.733s][debug  ][gc,heap        ] GC(138)  Metaspace       used 1024K, committed 1216K, reserved 1056768K
[37.733s][debug  ][gc,heap        ] GC(138)   class space    used 83K, committed 192K, reserved 1048576K
[37.733s][debug  ][gc,task,time   ] GC(138) VM-Thread 377157379 377314970 377334985
[38.033s][debug  ][gc,heap        ] GC(139) Heap before GC invocations=140 (full 22):
[38.034s][debug  ][gc,heap        ] GC(139)  PSYoungGen      total 230400K, used 229142K [0x00000000f0000000, 0x0000000100000000, 0x0000000100000000)
[38.034s][debug  ][gc,heap        ] GC(139)   eden space 198656K, 99% used [0x00000000f0000000,0x00000000fc1c5aa0,0x00000000fc200000)
[38.034s][debug  ][gc,heap        ] GC(139)   from space 31744K, 96% used [0x00000000fc200000,0x00000000fe000030,0x00000000fe100000)
[38.034s][debug  ][gc,heap        ] GC(139)   to   space 31744K, 0% used [0x00000000fe100000,0x00000000fe100000,0x0000000100000000)
[38.034s][debug  ][gc,heap        ] GC(139)  ParOldGen       total 1835008K, used 1250916K [0x0000000080000000, 0x00000000f0000000, 0x00000000f0000000)
[38.034s][debug  ][gc,heap        ] GC(139)   object space 1835008K, 68% used [0x0000000080000000,0x00000000cc599320,0x00000000f0000000)
[38.034s][debug  ][gc,heap        ] GC(139)  Metaspace       used 1024K, committed 1216K, reserved 1056768K
[38.034s][debug  ][gc,heap        ] GC(139)   class space    used 83K, committed 192K, reserved 1048576K
[38.034s][debug  ][gc,tlab        ] GC(139) TLAB totals: thrds: 1  refills: 1 max: 1 slow allocs: 18 max 18 waste: 27.4% gc: 3955056B max: 3955056B slow: 0B max: 0B
[38.034s][info   ][gc,start       ] GC(139) Pause Young (Allocation Failure)
[38.034s][debug  ][gc,phases,start] GC(139) Scavenge
[38.049s][debug  ][gc,phases      ] GC(139) Scavenge 15.390ms
[38.049s][debug  ][gc,phases,start] GC(139) Reference Processing
[38.049s][debug  ][gc,ref         ] GC(139) Skipped phase 1 of Reference Processing: no references
[38.049s][debug  ][gc,ref         ] GC(139) Skipped phase 2 of Reference Processing: no references
[38.049s][debug  ][gc,ref         ] GC(139) Skipped phase 3 of Reference Processing: no references
[38.049s][debug  ][gc,ref         ] GC(139) Skipped phase 4 of Reference Processing: no references
[38.049s][debug  ][gc,phases,ref  ] GC(139) Reference Processing: 0.1ms
[38.049s][debug  ][gc,phases,ref  ] GC(139)   Reconsider SoftReferences: 0.0ms
[38.049s][debug  ][gc,phases,ref  ] GC(139)     SoftRef (ms):                  skipped
[38.050s][debug  ][gc,phases,ref  ] GC(139)   Notify Soft/WeakReferences: 0.0ms
[38.050s][debug  ][gc,phases,ref  ] GC(139)     SoftRef (ms):                  skipped
[38.050s][debug  ][gc,phases,ref  ] GC(139)     WeakRef (ms):                  skipped
[38.050s][debug  ][gc,phases,ref  ] GC(139)     FinalRef (ms):                 skipped
[38.050s][debug  ][gc,phases,ref  ] GC(139)     Total (ms):                    skipped
[38.050s][debug  ][gc,phases,ref  ] GC(139)   Notify and keep alive finalizable: 0.0ms
[38.050s][debug  ][gc,phases,ref  ] GC(139)     FinalRef (ms):                 skipped
[38.050s][debug  ][gc,phases,ref  ] GC(139)   Notify PhantomReferences: 0.0ms
[38.050s][debug  ][gc,phases,ref  ] GC(139)     PhantomRef (ms):               skipped
[38.050s][debug  ][gc,phases,ref  ] GC(139)   SoftReference:
[38.050s][debug  ][gc,phases,ref  ] GC(139)     Discovered: 0
[38.050s][debug  ][gc,phases,ref  ] GC(139)     Cleared: 0
[38.050s][debug  ][gc,phases,ref  ] GC(139)   WeakReference:
[38.050s][debug  ][gc,phases,ref  ] GC(139)     Discovered: 0
[38.050s][debug  ][gc,phases,ref  ] GC(139)     Cleared: 0
[38.050s][debug  ][gc,phases,ref  ] GC(139)   FinalReference:
[38.050s][debug  ][gc,phases,ref  ] GC(139)     Discovered: 0
[38.050s][debug  ][gc,phases,ref  ] GC(139)     Cleared: 0
[38.050s][debug  ][gc,phases,ref  ] GC(139)   PhantomReference:
[38.050s][debug  ][gc,phases,ref  ] GC(139)     Discovered: 0
[38.050s][debug  ][gc,phases,ref  ] GC(139)     Cleared: 0
[38.050s][debug  ][gc,phases      ] GC(139) Reference Processing 0.769ms
[38.050s][debug  ][gc,phases,start] GC(139) Weak Processing
[38.050s][debug  ][gc,phases      ] GC(139)   VM Weak                        Min:  0.0, Avg:  0.0, Max:  0.0, Diff:  0.0, Sum:  0.0, Workers: 6
[38.050s][debug  ][gc,phases      ] GC(139)     Dead                           Min: 0, Avg:  0.0, Max: 0, Diff: 0, Sum: 0, Workers: 6
[38.050s][debug  ][gc,phases      ] GC(139)     Total                          Min: 0, Avg:  1.3, Max: 8, Diff: 8, Sum: 8, Workers: 6
[38.050s][debug  ][gc,phases      ] GC(139)   ObjectSynchronizer Weak        Min:  0.0, Avg:  0.0, Max:  0.0, Diff:  0.0, Sum:  0.0, Workers: 6
[38.050s][debug  ][gc,phases      ] GC(139)     Dead                           Min: 0, Avg:  0.0, Max: 0, Diff: 0, Sum: 0, Workers: 6
[38.050s][debug  ][gc,phases      ] GC(139)     Total                          Min: 0, Avg:  0.5, Max: 3, Diff: 3, Sum: 3, Workers: 6
[38.050s][debug  ][gc,phases      ] GC(139)   JVMTI Tag Weak OopStorage      Min:  0.0, Avg:  0.0, Max:  0.0, Diff:  0.0, Sum:  0.0, Workers: 6
[38.050s][debug  ][gc,phases      ] GC(139)     Dead                           Min: 0, Avg:  0.0, Max: 0, Diff: 0, Sum: 0, Workers: 6
[38.050s][debug  ][gc,phases      ] GC(139)     Total                          Min: 0, Avg:  0.0, Max: 0, Diff: 0, Sum: 0, Workers: 6
[38.050s][debug  ][gc,phases      ] GC(139)   StringTable Weak               Min:  0.0, Avg:  0.0, Max:  0.0, Diff:  0.0, Sum:  0.0, Workers: 6
[38.050s][debug  ][gc,phases      ] GC(139)     Dead                           Min: 0, Avg:  0.0, Max: 0, Diff: 0, Sum: 0, Workers: 6
[38.050s][debug  ][gc,phases      ] GC(139)     Total                          Min: 767, Avg: 892.2, Max: 1024, Diff: 257, Sum: 5353, Workers: 6
[38.050s][debug  ][gc,phases      ] GC(139)   ResolvedMethodTable Weak       Min:  0.0, Avg:  0.0, Max:  0.0, Diff:  0.0, Sum:  0.0, Workers: 6
[38.050s][debug  ][gc,phases      ] GC(139)     Dead                           Min: 0, Avg:  0.0, Max: 0, Diff: 0, Sum: 0, Workers: 6
[38.051s][debug  ][gc,phases      ] GC(139)     Total                          Min: 0, Avg: 21.7, Max: 64, Diff: 64, Sum: 130, Workers: 6
[38.051s][debug  ][gc,phases      ] GC(139)   JNI Weak                       Min:  0.0, Avg:  0.0, Max:  0.0, Diff:  0.0, Sum:  0.0, Workers: 6
[38.051s][debug  ][gc,phases      ] GC(139)     Dead                           Min: 0, Avg:  0.0, Max: 0, Diff: 0, Sum: 0, Workers: 6
[38.051s][debug  ][gc,phases      ] GC(139)     Total                          Min: 0, Avg:  0.0, Max: 0, Diff: 0, Sum: 0, Workers: 6
[38.051s][debug  ][gc,phases      ] GC(139)   StringDedup Table Weak         Min:  0.0, Avg:  0.0, Max:  0.0, Diff:  0.0, Sum:  0.0, Workers: 6
[38.051s][debug  ][gc,phases      ] GC(139)     Dead                           Min: 0, Avg:  0.0, Max: 0, Diff: 0, Sum: 0, Workers: 6
[38.051s][debug  ][gc,phases      ] GC(139)     Total                          Min: 0, Avg:  0.0, Max: 0, Diff: 0, Sum: 0, Workers: 6
[38.051s][debug  ][gc,phases      ] GC(139)   StringDedup Requests0 Weak     Min:  0.0, Avg:  0.0, Max:  0.0, Diff:  0.0, Sum:  0.0, Workers: 6
[38.051s][debug  ][gc,phases      ] GC(139)     Dead                           Min: 0, Avg:  0.0, Max: 0, Diff: 0, Sum: 0, Workers: 6
[38.051s][debug  ][gc,phases      ] GC(139)     Total                          Min: 0, Avg:  0.0, Max: 0, Diff: 0, Sum: 0, Workers: 6
[38.051s][debug  ][gc,phases      ] GC(139)   StringDedup Requests1 Weak     Min:  0.0, Avg:  0.0, Max:  0.0, Diff:  0.0, Sum:  0.0, Workers: 6
[38.051s][debug  ][gc,phases      ] GC(139)     Dead                           Min: 0, Avg:  0.0, Max: 0, Diff: 0, Sum: 0, Workers: 6
[38.051s][debug  ][gc,phases      ] GC(139)     Total                          Min: 0, Avg:  0.0, Max: 0, Diff: 0, Sum: 0, Workers: 6
[38.051s][debug  ][gc,phases      ] GC(139)   Weak JFR Old Object Samples    Min:  0.0, Avg:  0.0, Max:  0.0, Diff:  0.0, Sum:  0.0, Workers: 6
[38.051s][debug  ][gc,phases      ] GC(139)     Dead                           Min: 0, Avg:  0.0, Max: 0, Diff: 0, Sum: 0, Workers: 6
[38.051s][debug  ][gc,phases      ] GC(139)     Total                          Min: 0, Avg:  0.0, Max: 0, Diff: 0, Sum: 0, Workers: 6
[38.051s][debug  ][gc,phases      ] GC(139) Weak Processing 0.778ms
[38.051s][debug  ][gc,ergo        ] GC(139) AdaptiveSizeStart:  collection: 140 
[38.051s][debug  ][gc,ergo        ] GC(139) avg_survived_padded_avg: 32062926.000000
[38.051s][debug  ][gc,ergo        ] GC(139) avg_promoted_padded_avg: 257530080.000000  avg_pretenured_padded_avg: 0.000000  tenuring_thresh: 15  target_size: 32505856
[38.051s][debug  ][gc,age         ] GC(139) Desired survivor size 32505856 bytes, new threshold 15 (max threshold 15)
[38.051s][debug  ][gc,ergo        ] GC(139) PSAdaptiveSizePolicy::compute_eden_space_size limits: desired_eden_size: 222938717 old_eden_size: 203423744 eden_limit: 203423744 cur_eden: 203423744 max_eden_size: 203423744 avg_young_live: 27339914
[38.051s][debug  ][gc,ergo        ] GC(139) PSAdaptiveSizePolicy::compute_eden_space_size: costs minor_time: 0.047947 major_cost: 0.052528 mutator_cost: 0.899525 throughput_goal: 0.990000
[38.051s][debug  ][gc,ergo        ] GC(139) Live_space: 1061508160 free_space: 1422917632
[38.051s][debug  ][gc,ergo        ] GC(139) Old eden_size: 203423744 desired_eden_size: 203423744
[38.051s][debug  ][gc,ergo        ] GC(139) AdaptiveSizeStop: collection: 140 
[38.051s][info   ][gc,heap        ] GC(139) PSYoungGen: 229142K(230400K)->30720K(230400K) Eden: 198422K(198656K)->0K(198656K) From: 30720K(31744K)->30720K(31744K)
[38.051s][info   ][gc,heap        ] GC(139) ParOldGen: 1250916K(1835008K)->1445477K(1835008K)
[38.051s][info   ][gc,metaspace   ] GC(139) Metaspace: 1024K(1216K)->1024K(1216K) NonClass: 940K(1024K)->940K(1024K) Class: 83K(192K)->83K(192K)
[38.051s][info   ][gc             ] GC(139) Pause Young (Allocation Failure) 1445M->1441M(2017M) 17.438ms
[38.051s][info   ][gc,cpu         ] GC(139) User=0.14s Sys=0.02s Real=0.02s
[38.051s][debug  ][gc,heap        ] GC(139) Heap after GC invocations=140 (full 22):
[38.051s][debug  ][gc,heap        ] GC(139)  PSYoungGen      total 230400K, used 30720K [0x00000000f0000000, 0x0000000100000000, 0x0000000100000000)
[38.051s][debug  ][gc,heap        ] GC(139)   eden space 198656K, 0% used [0x00000000f0000000,0x00000000f0000000,0x00000000fc200000)
[38.051s][debug  ][gc,heap        ] GC(139)   from space 31744K, 96% used [0x00000000fe100000,0x00000000fff00030,0x0000000100000000)
[38.051s][debug  ][gc,heap        ] GC(139)   to   space 31744K, 0% used [0x00000000fc200000,0x00000000fc200000,0x00000000fe100000)
[38.051s][debug  ][gc,heap        ] GC(139)  ParOldGen       total 1835008K, used 1445477K [0x0000000080000000, 0x00000000f0000000, 0x00000000f0000000)
[38.051s][debug  ][gc,heap        ] GC(139)   object space 1835008K, 78% used [0x0000000080000000,0x00000000d8399450,0x00000000f0000000)
[38.051s][debug  ][gc,heap        ] GC(139)  Metaspace       used 1024K, committed 1216K, reserved 1056768K
[38.051s][debug  ][gc,heap        ] GC(139)   class space    used 83K, committed 192K, reserved 1048576K
[38.051s][debug  ][gc,task,time   ] GC(139) VM-Thread 380333759 380493024 380514957
[38.351s][debug  ][gc,heap        ] GC(140) Heap before GC invocations=141 (full 22):
[38.351s][debug  ][gc,heap        ] GC(140)  PSYoungGen      total 230400K, used 229154K [0x00000000f0000000, 0x0000000100000000, 0x0000000100000000)
[38.351s][debug  ][gc,heap        ] GC(140)   eden space 198656K, 99% used [0x00000000f0000000,0x00000000fc1c8968,0x00000000fc200000)
[38.351s][debug  ][gc,heap        ] GC(140)   from space 31744K, 96% used [0x00000000fe100000,0x00000000fff00030,0x0000000100000000)
[38.351s][debug  ][gc,heap        ] GC(140)   to   space 31744K, 0% used [0x00000000fc200000,0x00000000fc200000,0x00000000fe100000)
[38.351s][debug  ][gc,heap        ] GC(140)  ParOldGen       total 1835008K, used 1445477K [0x0000000080000000, 0x00000000f0000000, 0x00000000f0000000)
[38.351s][debug  ][gc,heap        ] GC(140)   object space 1835008K, 78% used [0x0000000080000000,0x00000000d8399450,0x00000000f0000000)
[38.351s][debug  ][gc,heap        ] GC(140)  Metaspace       used 1024K, committed 1216K, reserved 1056768K
[38.351s][debug  ][gc,heap        ] GC(140)   class space    used 83K, committed 192K, reserved 1048576K
[38.351s][debug  ][gc,tlab        ] GC(140) TLAB totals: thrds: 1  refills: 1 max: 1 slow allocs: 18 max 18 waste: 27.4% gc: 3967032B max: 3967032B slow: 0B max: 0B
[38.351s][info   ][gc,start       ] GC(140) Pause Young (Allocation Failure)
[38.351s][debug  ][gc,phases,start] GC(140) Scavenge
[38.367s][debug  ][gc,phases      ] GC(140) Scavenge 15.555ms
[38.367s][debug  ][gc,phases,start] GC(140) Reference Processing
[38.367s][debug  ][gc,ref         ] GC(140) Skipped phase 1 of Reference Processing: no references
[38.367s][debug  ][gc,ref         ] GC(140) Skipped phase 2 of Reference Processing: no references
[38.367s][debug  ][gc,ref         ] GC(140) Skipped phase 3 of Reference Processing: no references
[38.367s][debug  ][gc,ref         ] GC(140) Skipped phase 4 of Reference Processing: no references
[38.367s][debug  ][gc,phases,ref  ] GC(140) Reference Processing: 0.1ms
[38.367s][debug  ][gc,phases,ref  ] GC(140)   Reconsider SoftReferences: 0.0ms
[38.367s][debug  ][gc,phases,ref  ] GC(140)     SoftRef (ms):                  skipped
[38.367s][debug  ][gc,phases,ref  ] GC(140)   Notify Soft/WeakReferences: 0.0ms
[38.367s][debug  ][gc,phases,ref  ] GC(140)     SoftRef (ms):                  skipped
[38.367s][debug  ][gc,phases,ref  ] GC(140)     WeakRef (ms):                  skipped
[38.367s][debug  ][gc,phases,ref  ] GC(140)     FinalRef (ms):                 skipped
[38.367s][debug  ][gc,phases,ref  ] GC(140)     Total (ms):                    skipped
[38.367s][debug  ][gc,phases,ref  ] GC(140)   Notify and keep alive finalizable: 0.0ms
[38.367s][debug  ][gc,phases,ref  ] GC(140)     FinalRef (ms):                 skipped
[38.367s][debug  ][gc,phases,ref  ] GC(140)   Notify PhantomReferences: 0.0ms
[38.367s][debug  ][gc,phases,ref  ] GC(140)     PhantomRef (ms):               skipped
[38.367s][debug  ][gc,phases,ref  ] GC(140)   SoftReference:
[38.367s][debug  ][gc,phases,ref  ] GC(140)     Discovered: 0
[38.367s][debug  ][gc,phases,ref  ] GC(140)     Cleared: 0
[38.368s][debug  ][gc,phases,ref  ] GC(140)   WeakReference:
[38.368s][debug  ][gc,phases,ref  ] GC(140)     Discovered: 0
[38.368s][debug  ][gc,phases,ref  ] GC(140)     Cleared: 0
[38.368s][debug  ][gc,phases,ref  ] GC(140)   FinalReference:
[38.368s][debug  ][gc,phases,ref  ] GC(140)     Discovered: 0
[38.368s][debug  ][gc,phases,ref  ] GC(140)     Cleared: 0
[38.368s][debug  ][gc,phases,ref  ] GC(140)   PhantomReference:
[38.368s][debug  ][gc,phases,ref  ] GC(140)     Discovered: 0
[38.368s][debug  ][gc,phases,ref  ] GC(140)     Cleared: 0
[38.368s][debug  ][gc,phases      ] GC(140) Reference Processing 0.729ms
[38.368s][debug  ][gc,phases,start] GC(140) Weak Processing
[38.368s][debug  ][gc,phases      ] GC(140)   VM Weak                        Min:  0.0, Avg:  0.0, Max:  0.0, Diff:  0.0, Sum:  0.0, Workers: 6
[38.368s][debug  ][gc,phases      ] GC(140)     Dead                           Min: 0, Avg:  0.0, Max: 0, Diff: 0, Sum: 0, Workers: 6
[38.368s][debug  ][gc,phases      ] GC(140)     Total                          Min: 0, Avg:  1.3, Max: 8, Diff: 8, Sum: 8, Workers: 6
[38.368s][debug  ][gc,phases      ] GC(140)   ObjectSynchronizer Weak        Min:  0.0, Avg:  0.0, Max:  0.0, Diff:  0.0, Sum:  0.0, Workers: 6
[38.368s][debug  ][gc,phases      ] GC(140)     Dead                           Min: 0, Avg:  0.0, Max: 0, Diff: 0, Sum: 0, Workers: 6
[38.368s][debug  ][gc,phases      ] GC(140)     Total                          Min: 0, Avg:  0.5, Max: 3, Diff: 3, Sum: 3, Workers: 6
[38.368s][debug  ][gc,phases      ] GC(140)   JVMTI Tag Weak OopStorage      Min:  0.0, Avg:  0.0, Max:  0.0, Diff:  0.0, Sum:  0.0, Workers: 6
[38.368s][debug  ][gc,phases      ] GC(140)     Dead                           Min: 0, Avg:  0.0, Max: 0, Diff: 0, Sum: 0, Workers: 6
[38.368s][debug  ][gc,phases      ] GC(140)     Total                          Min: 0, Avg:  0.0, Max: 0, Diff: 0, Sum: 0, Workers: 6
[38.368s][debug  ][gc,phases      ] GC(140)   StringTable Weak               Min:  0.0, Avg:  0.0, Max:  0.0, Diff:  0.0, Sum:  0.0, Workers: 6
[38.368s][debug  ][gc,phases      ] GC(140)     Dead                           Min: 0, Avg:  0.0, Max: 0, Diff: 0, Sum: 0, Workers: 6
[38.368s][debug  ][gc,phases      ] GC(140)     Total                          Min: 640, Avg: 892.2, Max: 1194, Diff: 554, Sum: 5353, Workers: 6
[38.368s][debug  ][gc,phases      ] GC(140)   ResolvedMethodTable Weak       Min:  0.0, Avg:  0.0, Max:  0.0, Diff:  0.0, Sum:  0.0, Workers: 6
[38.368s][debug  ][gc,phases      ] GC(140)     Dead                           Min: 0, Avg:  0.0, Max: 0, Diff: 0, Sum: 0, Workers: 6
[38.368s][debug  ][gc,phases      ] GC(140)     Total                          Min: 0, Avg: 21.7, Max: 64, Diff: 64, Sum: 130, Workers: 6
[38.368s][debug  ][gc,phases      ] GC(140)   JNI Weak                       Min:  0.0, Avg:  0.0, Max:  0.0, Diff:  0.0, Sum:  0.0, Workers: 6
[38.368s][debug  ][gc,phases      ] GC(140)     Dead                           Min: 0, Avg:  0.0, Max: 0, Diff: 0, Sum: 0, Workers: 6
[38.368s][debug  ][gc,phases      ] GC(140)     Total                          Min: 0, Avg:  0.0, Max: 0, Diff: 0, Sum: 0, Workers: 6
[38.368s][debug  ][gc,phases      ] GC(140)   StringDedup Table Weak         Min:  0.0, Avg:  0.0, Max:  0.0, Diff:  0.0, Sum:  0.0, Workers: 6
[38.368s][debug  ][gc,phases      ] GC(140)     Dead                           Min: 0, Avg:  0.0, Max: 0, Diff: 0, Sum: 0, Workers: 6
[38.368s][debug  ][gc,phases      ] GC(140)     Total                          Min: 0, Avg:  0.0, Max: 0, Diff: 0, Sum: 0, Workers: 6
[38.368s][debug  ][gc,phases      ] GC(140)   StringDedup Requests0 Weak     Min:  0.0, Avg:  0.0, Max:  0.0, Diff:  0.0, Sum:  0.0, Workers: 6
[38.368s][debug  ][gc,phases      ] GC(140)     Dead                           Min: 0, Avg:  0.0, Max: 0, Diff: 0, Sum: 0, Workers: 6
[38.368s][debug  ][gc,phases      ] GC(140)     Total                          Min: 0, Avg:  0.0, Max: 0, Diff: 0, Sum: 0, Workers: 6
[38.368s][debug  ][gc,phases      ] GC(140)   StringDedup Requests1 Weak     Min:  0.0, Avg:  0.0, Max:  0.0, Diff:  0.0, Sum:  0.0, Workers: 6
[38.368s][debug  ][gc,phases      ] GC(140)     Dead                           Min: 0, Avg:  0.0, Max: 0, Diff: 0, Sum: 0, Workers: 6
[38.368s][debug  ][gc,phases      ] GC(140)     Total                          Min: 0, Avg:  0.0, Max: 0, Diff: 0, Sum: 0, Workers: 6
[38.368s][debug  ][gc,phases      ] GC(140)   Weak JFR Old Object Samples    Min:  0.0, Avg:  0.0, Max:  0.0, Diff:  0.0, Sum:  0.0, Workers: 6
[38.368s][debug  ][gc,phases      ] GC(140)     Dead                           Min: 0, Avg:  0.0, Max: 0, Diff: 0, Sum: 0, Workers: 6
[38.368s][debug  ][gc,phases      ] GC(140)     Total                          Min: 0, Avg:  0.0, Max: 0, Diff: 0, Sum: 0, Workers: 6
[38.368s][debug  ][gc,phases      ] GC(140) Weak Processing 0.763ms
[38.369s][debug  ][gc,ergo        ] GC(140) AdaptiveSizeStart:  collection: 141 
[38.369s][debug  ][gc,ergo        ] GC(140) avg_survived_padded_avg: 32013598.000000
[38.369s][debug  ][gc,ergo        ] GC(140) avg_promoted_padded_avg: 260493552.000000  avg_pretenured_padded_avg: 0.000000  tenuring_thresh: 15  target_size: 32505856
[38.369s][debug  ][gc,age         ] GC(140) Desired survivor size 32505856 bytes, new threshold 15 (max threshold 15)
[38.369s][debug  ][gc,ergo        ] GC(140) PSAdaptiveSizePolicy::compute_eden_space_size limits: desired_eden_size: 223256847 old_eden_size: 203423744 eden_limit: 203423744 cur_eden: 203423744 max_eden_size: 203423744 avg_young_live: 27751656
[38.369s][debug  ][gc,ergo        ] GC(140) PSAdaptiveSizePolicy::compute_eden_space_size: costs minor_time: 0.049465 major_cost: 0.052528 mutator_cost: 0.898007 throughput_goal: 0.990000
[38.369s][debug  ][gc,ergo        ] GC(140) Live_space: 1061919872 free_space: 1422917632
[38.369s][debug  ][gc,ergo        ] GC(140) Old eden_size: 203423744 desired_eden_size: 203423744
[38.369s][debug  ][gc,ergo        ] GC(140) AdaptiveSizeStop: collection: 141 
[38.369s][info   ][gc,heap        ] GC(140) PSYoungGen: 229154K(230400K)->30720K(230400K) Eden: 198434K(198656K)->0K(198656K) From: 30720K(31744K)->30720K(31744K)
[38.369s][info   ][gc,heap        ] GC(140) ParOldGen: 1445477K(1835008K)->1640037K(1835008K)
[38.369s][info   ][gc,metaspace   ] GC(140) Metaspace: 1024K(1216K)->1024K(1216K) NonClass: 940K(1024K)->940K(1024K) Class: 83K(192K)->83K(192K)
[38.369s][info   ][gc             ] GC(140) Pause Young (Allocation Failure) 1635M->1631M(2017M) 17.494ms
[38.369s][info   ][gc,cpu         ] GC(140) User=0.16s Sys=0.00s Real=0.02s
[38.369s][debug  ][gc,heap        ] GC(140) Heap after GC invocations=141 (full 22):
[38.369s][debug  ][gc,heap        ] GC(140)  PSYoungGen      total 230400K, used 30720K [0x00000000f0000000, 0x0000000100000000, 0x0000000100000000)
[38.369s][debug  ][gc,heap        ] GC(140)   eden space 198656K, 0% used [0x00000000f0000000,0x00000000f0000000,0x00000000fc200000)
[38.369s][debug  ][gc,heap        ] GC(140)   from space 31744K, 96% used [0x00000000fc200000,0x00000000fe000030,0x00000000fe100000)
[38.369s][debug  ][gc,heap        ] GC(140)   to   space 31744K, 0% used [0x00000000fe100000,0x00000000fe100000,0x0000000100000000)
[38.369s][debug  ][gc,heap        ] GC(140)  ParOldGen       total 1835008K, used 1640037K [0x0000000080000000, 0x00000000f0000000, 0x00000000f0000000)
[38.369s][debug  ][gc,heap        ] GC(140)   object space 1835008K, 89% used [0x0000000080000000,0x00000000e4199580,0x00000000f0000000)
[38.369s][debug  ][gc,heap        ] GC(140)  Metaspace       used 1024K, committed 1216K, reserved 1056768K
[38.369s][debug  ][gc,heap        ] GC(140)   class space    used 83K, committed 192K, reserved 1048576K
[38.369s][debug  ][gc,task,time   ] GC(140) VM-Thread 383509131 383669708 383690895
[38.369s][debug  ][gc,phases,start] GC(141) Pre Compact
[38.369s][debug  ][gc,heap        ] GC(141) Heap before GC invocations=142 (full 23):
[38.369s][debug  ][gc,heap        ] GC(141)  PSYoungGen      total 230400K, used 30720K [0x00000000f0000000, 0x0000000100000000, 0x0000000100000000)
[38.369s][debug  ][gc,heap        ] GC(141)   eden space 198656K, 0% used [0x00000000f0000000,0x00000000f0000000,0x00000000fc200000)
[38.369s][debug  ][gc,heap        ] GC(141)   from space 31744K, 96% used [0x00000000fc200000,0x00000000fe000030,0x00000000fe100000)
[38.369s][debug  ][gc,heap        ] GC(141)   to   space 31744K, 0% used [0x00000000fe100000,0x00000000fe100000,0x0000000100000000)
[38.369s][debug  ][gc,heap        ] GC(141)  ParOldGen       total 1835008K, used 1640037K [0x0000000080000000, 0x00000000f0000000, 0x00000000f0000000)
[38.369s][debug  ][gc,heap        ] GC(141)   object space 1835008K, 89% used [0x0000000080000000,0x00000000e4199580,0x00000000f0000000)
[38.369s][debug  ][gc,heap        ] GC(141)  Metaspace       used 1024K, committed 1216K, reserved 1056768K
[38.369s][debug  ][gc,heap        ] GC(141)   class space    used 83K, committed 192K, reserved 1048576K
[38.369s][debug  ][gc,phases      ] GC(141) Pre Compact 0.222ms
[38.369s][info   ][gc,start       ] GC(141) Pause Full (Ergonomics)
[38.369s][info   ][gc,phases,start] GC(141) Marking Phase
[38.369s][debug  ][gc,phases,start] GC(141) Par Mark
[38.370s][debug  ][gc,phases      ] GC(141) Par Mark 0.512ms
[38.370s][debug  ][gc,phases,start] GC(141) Reference Processing
[38.370s][debug  ][gc,ref         ] GC(141) Skipped phase 1 of Reference Processing: no references
[38.370s][debug  ][gc,ref         ] GC(141) ReferenceProcessor::execute queues: 1, RefProcThreadModel::Single, marks_oops_alive: false
[38.370s][debug  ][gc,ref         ] GC(141) Skipped phase 3 of Reference Processing: no references
[38.370s][debug  ][gc,ref         ] GC(141) ReferenceProcessor::execute queues: 1, RefProcThreadModel::Single, marks_oops_alive: false
[38.370s][debug  ][gc,phases,ref  ] GC(141) Reference Processing: 0.1ms
[38.370s][debug  ][gc,phases,ref  ] GC(141)   Reconsider SoftReferences: 0.0ms
[38.370s][debug  ][gc,phases,ref  ] GC(141)     SoftRef (ms):                  skipped
[38.370s][debug  ][gc,phases,ref  ] GC(141)   Notify Soft/WeakReferences: 0.0ms
[38.370s][debug  ][gc,phases,ref  ] GC(141)     SoftRef (ms):                  Min:  0.0, Avg:  0.0, Max:  0.0, Diff:  0.0, Sum:  0.0, Workers: 10
[38.370s][debug  ][gc,phases,ref  ] GC(141)     WeakRef (ms):                  Min:  0.0, Avg:  0.0, Max:  0.0, Diff:  0.0, Sum:  0.0, Workers: 10
[38.370s][debug  ][gc,phases,ref  ] GC(141)     FinalRef (ms):                 Min:  0.0, Avg:  0.0, Max:  0.0, Diff:  0.0, Sum:  0.0, Workers: 10
[38.370s][debug  ][gc,phases,ref  ] GC(141)     Total (ms):                    Min:  0.0, Avg:  0.0, Max:  0.0, Diff:  0.0, Sum:  0.0, Workers: 10
[38.370s][debug  ][gc,phases,ref  ] GC(141)   Notify and keep alive finalizable: 0.0ms
[38.370s][debug  ][gc,phases,ref  ] GC(141)     FinalRef (ms):                 skipped
[38.370s][debug  ][gc,phases,ref  ] GC(141)   Notify PhantomReferences: 0.0ms
[38.370s][debug  ][gc,phases,ref  ] GC(141)     PhantomRef (ms):               Min:  0.0, Avg:  0.0, Max:  0.0, Diff:  0.0, Sum:  0.0, Workers: 10
[38.370s][debug  ][gc,phases,ref  ] GC(141)   SoftReference:
[38.370s][debug  ][gc,phases,ref  ] GC(141)     Discovered: 0
[38.370s][debug  ][gc,phases,ref  ] GC(141)     Cleared: 0
[38.370s][debug  ][gc,phases,ref  ] GC(141)   WeakReference:
[38.370s][debug  ][gc,phases,ref  ] GC(141)     Discovered: 79
[38.370s][debug  ][gc,phases,ref  ] GC(141)     Cleared: 79
[38.370s][debug  ][gc,phases,ref  ] GC(141)   FinalReference:
[38.371s][debug  ][gc,phases,ref  ] GC(141)     Discovered: 0
[38.371s][debug  ][gc,phases,ref  ] GC(141)     Cleared: 0
[38.371s][debug  ][gc,phases,ref  ] GC(141)   PhantomReference:
[38.371s][debug  ][gc,phases,ref  ] GC(141)     Discovered: 3
[38.371s][debug  ][gc,phases,ref  ] GC(141)     Cleared: 3
[38.371s][debug  ][gc,phases      ] GC(141) Reference Processing 0.678ms
[38.371s][debug  ][gc,phases,start] GC(141) Weak Processing
[38.371s][debug  ][gc,phases      ] GC(141)   VM Weak                        Min:  0.0, Avg:  0.0, Max:  0.0, Diff:  0.0, Sum:  0.0, Workers: 6
[38.371s][debug  ][gc,phases      ] GC(141)     Dead                           Min: 0, Avg:  0.0, Max: 0, Diff: 0, Sum: 0, Workers: 6
[38.371s][debug  ][gc,phases      ] GC(141)     Total                          Min: 0, Avg:  1.3, Max: 8, Diff: 8, Sum: 8, Workers: 6
[38.371s][debug  ][gc,phases      ] GC(141)   ObjectSynchronizer Weak        Min:  0.0, Avg:  0.0, Max:  0.0, Diff:  0.0, Sum:  0.0, Workers: 6
[38.371s][debug  ][gc,phases      ] GC(141)     Dead                           Min: 0, Avg:  0.0, Max: 0, Diff: 0, Sum: 0, Workers: 6
[38.371s][debug  ][gc,phases      ] GC(141)     Total                          Min: 0, Avg:  0.5, Max: 3, Diff: 3, Sum: 3, Workers: 6
[38.371s][debug  ][gc,phases      ] GC(141)   JVMTI Tag Weak OopStorage      Min:  0.0, Avg:  0.0, Max:  0.0, Diff:  0.0, Sum:  0.0, Workers: 6
[38.371s][debug  ][gc,phases      ] GC(141)     Dead                           Min: 0, Avg:  0.0, Max: 0, Diff: 0, Sum: 0, Workers: 6
[38.371s][debug  ][gc,phases      ] GC(141)     Total                          Min: 0, Avg:  0.0, Max: 0, Diff: 0, Sum: 0, Workers: 6
[38.371s][debug  ][gc,phases      ] GC(141)   StringTable Weak               Min:  0.0, Avg:  0.0, Max:  0.0, Diff:  0.0, Sum:  0.0, Workers: 6
[38.371s][debug  ][gc,phases      ] GC(141)     Dead                           Min: 0, Avg:  0.0, Max: 0, Diff: 0, Sum: 0, Workers: 6
[38.371s][debug  ][gc,phases      ] GC(141)     Total                          Min: 640, Avg: 892.2, Max: 1130, Diff: 490, Sum: 5353, Workers: 6
[38.371s][debug  ][gc,phases      ] GC(141)   ResolvedMethodTable Weak       Min:  0.0, Avg:  0.0, Max:  0.0, Diff:  0.0, Sum:  0.0, Workers: 6
[38.371s][debug  ][gc,phases      ] GC(141)     Dead                           Min: 0, Avg:  0.0, Max: 0, Diff: 0, Sum: 0, Workers: 6
[38.371s][debug  ][gc,phases      ] GC(141)     Total                          Min: 0, Avg: 21.7, Max: 64, Diff: 64, Sum: 130, Workers: 6
[38.371s][debug  ][gc,phases      ] GC(141)   JNI Weak                       Min:  0.0, Avg:  0.0, Max:  0.0, Diff:  0.0, Sum:  0.0, Workers: 6
[38.371s][debug  ][gc,phases      ] GC(141)     Dead                           Min: 0, Avg:  0.0, Max: 0, Diff: 0, Sum: 0, Workers: 6
[38.371s][debug  ][gc,phases      ] GC(141)     Total                          Min: 0, Avg:  0.0, Max: 0, Diff: 0, Sum: 0, Workers: 6
[38.371s][debug  ][gc,phases      ] GC(141)   StringDedup Table Weak         Min:  0.0, Avg:  0.0, Max:  0.0, Diff:  0.0, Sum:  0.0, Workers: 6
[38.371s][debug  ][gc,phases      ] GC(141)     Dead                           Min: 0, Avg:  0.0, Max: 0, Diff: 0, Sum: 0, Workers: 6
[38.371s][debug  ][gc,phases      ] GC(141)     Total                          Min: 0, Avg:  0.0, Max: 0, Diff: 0, Sum: 0, Workers: 6
[38.371s][debug  ][gc,phases      ] GC(141)   StringDedup Requests0 Weak     Min:  0.0, Avg:  0.0, Max:  0.0, Diff:  0.0, Sum:  0.0, Workers: 6
[38.371s][debug  ][gc,phases      ] GC(141)     Dead                           Min: 0, Avg:  0.0, Max: 0, Diff: 0, Sum: 0, Workers: 6
[38.371s][debug  ][gc,phases      ] GC(141)     Total                          Min: 0, Avg:  0.0, Max: 0, Diff: 0, Sum: 0, Workers: 6
[38.371s][debug  ][gc,phases      ] GC(141)   StringDedup Requests1 Weak     Min:  0.0, Avg:  0.0, Max:  0.0, Diff:  0.0, Sum:  0.0, Workers: 6
[38.371s][debug  ][gc,phases      ] GC(141)     Dead                           Min: 0, Avg:  0.0, Max: 0, Diff: 0, Sum: 0, Workers: 6
[38.371s][debug  ][gc,phases      ] GC(141)     Total                          Min: 0, Avg:  0.0, Max: 0, Diff: 0, Sum: 0, Workers: 6
[38.371s][debug  ][gc,phases      ] GC(141)   Weak JFR Old Object Samples    Min:  0.0, Avg:  0.0, Max:  0.0, Diff:  0.0, Sum:  0.0, Workers: 6
[38.371s][debug  ][gc,phases      ] GC(141)     Dead                           Min: 0, Avg:  0.0, Max: 0, Diff: 0, Sum: 0, Workers: 6
[38.371s][debug  ][gc,phases      ] GC(141)     Total                          Min: 0, Avg:  0.0, Max: 0, Diff: 0, Sum: 0, Workers: 6
[38.371s][debug  ][gc,phases      ] GC(141) Weak Processing 0.714ms
[38.371s][debug  ][gc,phases,start] GC(141) Class Unloading
[38.371s][debug  ][gc,phases,start] GC(141) ClassLoaderData
[38.371s][debug  ][gc,phases      ] GC(141) ClassLoaderData 0.022ms
[38.371s][debug  ][gc,phases,start] GC(141) Trigger cleanups
[38.371s][debug  ][gc,phases      ] GC(141) Trigger cleanups 0.021ms
[38.372s][debug  ][gc,phases      ] GC(141) Class Unloading 0.264ms
[38.372s][info   ][gc,phases      ] GC(141) Marking Phase 2.290ms
[38.372s][info   ][gc,phases,start] GC(141) Summary Phase
[38.372s][info   ][gc,phases      ] GC(141) Summary Phase 0.039ms
[38.372s][info   ][gc,phases,start] GC(141) Adjust Roots
[38.372s][info   ][gc,phases      ] GC(141) Adjust Roots 0.164ms
[38.372s][info   ][gc,phases,start] GC(141) Compaction Phase
[38.452s][info   ][gc,phases      ] GC(141) Compaction Phase 79.665ms
[38.452s][info   ][gc,phases,start] GC(141) Post Compact
[38.457s][info   ][gc,phases      ] GC(141) Post Compact 5.048ms
[38.457s][debug  ][gc,ergo        ] GC(141) AdaptiveSizeStart: collection: 142 
[38.457s][debug  ][gc,ergo        ] GC(141) PSAdaptiveSizePolicy::compute_eden_space_size limits: desired_eden_size: 223272027 old_eden_size: 203423744 eden_limit: 203423744 cur_eden: 203423744 max_eden_size: 203423744 avg_young_live: 24976492
[38.457s][debug  ][gc,ergo        ] GC(141) PSAdaptiveSizePolicy::compute_eden_space_size: costs minor_time: 0.049465 major_cost: 0.052450 mutator_cost: 0.898085 throughput_goal: 0.990000
[38.457s][debug  ][gc,ergo        ] GC(141) Live_space: 1059144704 free_space: 1422917632
[38.457s][debug  ][gc,ergo        ] GC(141) Old eden_size: 203423744 desired_eden_size: 203423744
[38.457s][debug  ][gc,ergo        ] GC(141) PSAdaptiveSizePolicy::compute_old_gen_free_space limits: desired_promo_size: 1345231326 promo_limit: 1219493888 free_in_old_gen: 1115272192 max_old_gen_size: 1879048192 avg_old_live: 763776000
[38.457s][debug  ][gc,ergo        ] GC(141) PSAdaptiveSizePolicy::compute_old_gen_free_space: costs minor_time: 0.049465 major_cost: 0.052450  mutator_cost: 0.898085 throughput_goal: 0.990000
[38.457s][debug  ][gc,ergo        ] GC(141) Live_space: 1057187968 free_space: 1422917632
[38.457s][debug  ][gc,ergo        ] GC(141) Old promo_size: 1219493888 desired_promo_size: 1219493888
[38.457s][debug  ][gc,ergo        ] GC(141) AdaptiveSizeStop: collection: 142 
[38.457s][info   ][gc,heap        ] GC(141) PSYoungGen: 30720K(230400K)->0K(230400K) Eden: 0K(198656K)->0K(198656K) From: 30720K(31744K)->0K(31744K)
[38.457s][info   ][gc,heap        ] GC(141) ParOldGen: 1640037K(1835008K)->728675K(1835008K)
[38.457s][info   ][gc,metaspace   ] GC(141) Metaspace: 1024K(1216K)->1024K(1216K) NonClass: 940K(1024K)->940K(1024K) Class: 83K(192K)->83K(192K)
[38.457s][info   ][gc             ] GC(141) Pause Full (Ergonomics) 1631M->711M(2017M) 87.853ms
[38.457s][info   ][gc,cpu         ] GC(141) User=0.77s Sys=0.00s Real=0.09s
[38.457s][debug  ][gc,heap        ] GC(141) Heap after GC invocations=142 (full 23):
[38.457s][debug  ][gc,heap        ] GC(141)  PSYoungGen      total 230400K, used 0K [0x00000000f0000000, 0x0000000100000000, 0x0000000100000000)
[38.457s][debug  ][gc,heap        ] GC(141)   eden space 198656K, 0% used [0x00000000f0000000,0x00000000f0000000,0x00000000fc200000)
[38.457s][debug  ][gc,heap        ] GC(141)   from space 31744K, 0% used [0x00000000fe100000,0x00000000fe100000,0x0000000100000000)
[38.457s][debug  ][gc,heap        ] GC(141)   to   space 31744K, 0% used [0x00000000fc200000,0x00000000fc200000,0x00000000fe100000)
[38.457s][debug  ][gc,heap        ] GC(141)  ParOldGen       total 1835008K, used 728675K [0x0000000080000000, 0x00000000f0000000, 0x00000000f0000000)
[38.457s][debug  ][gc,heap        ] GC(141)   object space 1835008K, 39% used [0x0000000080000000,0x00000000ac798ff0,0x00000000f0000000)
[38.457s][debug  ][gc,heap        ] GC(141)  Metaspace       used 1024K, committed 1216K, reserved 1056768K
[38.457s][debug  ][gc,heap        ] GC(141)   class space    used 83K, committed 192K, reserved 1048576K
[38.457s][debug  ][gc,task,time   ] GC(141) VM-Thread 383693870 383719639 384572703
[38.760s][debug  ][gc,heap        ] GC(142) Heap before GC invocations=143 (full 23):
[38.760s][debug  ][gc,heap        ] GC(142)  PSYoungGen      total 230400K, used 198441K [0x00000000f0000000, 0x0000000100000000, 0x0000000100000000)
[38.760s][debug  ][gc,heap        ] GC(142)   eden space 198656K, 99% used [0x00000000f0000000,0x00000000fc1ca780,0x00000000fc200000)
[38.760s][debug  ][gc,heap        ] GC(142)   from space 31744K, 0% used [0x00000000fe100000,0x00000000fe100000,0x0000000100000000)
[38.760s][debug  ][gc,heap        ] GC(142)   to   space 31744K, 0% used [0x00000000fc200000,0x00000000fc200000,0x00000000fe100000)
[38.760s][debug  ][gc,heap        ] GC(142)  ParOldGen       total 1835008K, used 728675K [0x0000000080000000, 0x00000000f0000000, 0x00000000f0000000)
[38.760s][debug  ][gc,heap        ] GC(142)   object space 1835008K, 39% used [0x0000000080000000,0x00000000ac798ff0,0x00000000f0000000)
[38.760s][debug  ][gc,heap        ] GC(142)  Metaspace       used 1024K, committed 1216K, reserved 1056768K
[38.760s][debug  ][gc,heap        ] GC(142)   class space    used 83K, committed 192K, reserved 1048576K
[38.760s][debug  ][gc,tlab        ] GC(142) TLAB totals: thrds: 1  refills: 1 max: 1 slow allocs: 18 max 18 waste: 27.5% gc: 3974736B max: 3974736B slow: 0B max: 0B
[38.760s][info   ][gc,start       ] GC(142) Pause Young (Allocation Failure)
[38.760s][debug  ][gc,phases,start] GC(142) Scavenge
[38.774s][debug  ][gc,phases      ] GC(142) Scavenge 13.589ms
[38.774s][debug  ][gc,phases,start] GC(142) Reference Processing
[38.774s][debug  ][gc,ref         ] GC(142) Skipped phase 1 of Reference Processing: no references
[38.774s][debug  ][gc,ref         ] GC(142) Skipped phase 2 of Reference Processing: no references
[38.774s][debug  ][gc,ref         ] GC(142) Skipped phase 3 of Reference Processing: no references
[38.774s][debug  ][gc,ref         ] GC(142) Skipped phase 4 of Reference Processing: no references
[38.774s][debug  ][gc,phases,ref  ] GC(142) Reference Processing: 0.1ms
[38.774s][debug  ][gc,phases,ref  ] GC(142)   Reconsider SoftReferences: 0.0ms
[38.774s][debug  ][gc,phases,ref  ] GC(142)     SoftRef (ms):                  skipped
[38.774s][debug  ][gc,phases,ref  ] GC(142)   Notify Soft/WeakReferences: 0.0ms
[38.774s][debug  ][gc,phases,ref  ] GC(142)     SoftRef (ms):                  skipped
[38.774s][debug  ][gc,phases,ref  ] GC(142)     WeakRef (ms):                  skipped
[38.774s][debug  ][gc,phases,ref  ] GC(142)     FinalRef (ms):                 skipped
[38.774s][debug  ][gc,phases,ref  ] GC(142)     Total (ms):                    skipped
[38.774s][debug  ][gc,phases,ref  ] GC(142)   Notify and keep alive finalizable: 0.0ms
[38.774s][debug  ][gc,phases,ref  ] GC(142)     FinalRef (ms):                 skipped
[38.774s][debug  ][gc,phases,ref  ] GC(142)   Notify PhantomReferences: 0.0ms
[38.774s][debug  ][gc,phases,ref  ] GC(142)     PhantomRef (ms):               skipped
[38.774s][debug  ][gc,phases,ref  ] GC(142)   SoftReference:
[38.774s][debug  ][gc,phases,ref  ] GC(142)     Discovered: 0
[38.774s][debug  ][gc,phases,ref  ] GC(142)     Cleared: 0
[38.774s][debug  ][gc,phases,ref  ] GC(142)   WeakReference:
[38.774s][debug  ][gc,phases,ref  ] GC(142)     Discovered: 0
[38.774s][debug  ][gc,phases,ref  ] GC(142)     Cleared: 0
[38.774s][debug  ][gc,phases,ref  ] GC(142)   FinalReference:
[38.775s][debug  ][gc,phases,ref  ] GC(142)     Discovered: 0
[38.775s][debug  ][gc,phases,ref  ] GC(142)     Cleared: 0
[38.775s][debug  ][gc,phases,ref  ] GC(142)   PhantomReference:
[38.775s][debug  ][gc,phases,ref  ] GC(142)     Discovered: 0
[38.775s][debug  ][gc,phases,ref  ] GC(142)     Cleared: 0
[38.775s][debug  ][gc,phases      ] GC(142) Reference Processing 0.760ms
[38.775s][debug  ][gc,phases,start] GC(142) Weak Processing
[38.775s][debug  ][gc,phases      ] GC(142)   VM Weak                        Min:  0.0, Avg:  0.0, Max:  0.0, Diff:  0.0, Sum:  0.0, Workers: 6
[38.775s][debug  ][gc,phases      ] GC(142)     Dead                           Min: 0, Avg:  0.0, Max: 0, Diff: 0, Sum: 0, Workers: 6
[38.775s][debug  ][gc,phases      ] GC(142)     Total                          Min: 0, Avg:  1.3, Max: 8, Diff: 8, Sum: 8, Workers: 6
[38.775s][debug  ][gc,phases      ] GC(142)   ObjectSynchronizer Weak        Min:  0.0, Avg:  0.0, Max:  0.0, Diff:  0.0, Sum:  0.0, Workers: 6
[38.775s][debug  ][gc,phases      ] GC(142)     Dead                           Min: 0, Avg:  0.0, Max: 0, Diff: 0, Sum: 0, Workers: 6
[38.775s][debug  ][gc,phases      ] GC(142)     Total                          Min: 0, Avg:  0.5, Max: 3, Diff: 3, Sum: 3, Workers: 6
[38.775s][debug  ][gc,phases      ] GC(142)   JVMTI Tag Weak OopStorage      Min:  0.0, Avg:  0.0, Max:  0.0, Diff:  0.0, Sum:  0.0, Workers: 6
[38.775s][debug  ][gc,phases      ] GC(142)     Dead                           Min: 0, Avg:  0.0, Max: 0, Diff: 0, Sum: 0, Workers: 6
[38.775s][debug  ][gc,phases      ] GC(142)     Total                          Min: 0, Avg:  0.0, Max: 0, Diff: 0, Sum: 0, Workers: 6
[38.775s][debug  ][gc,phases      ] GC(142)   StringTable Weak               Min:  0.0, Avg:  0.0, Max:  0.0, Diff:  0.0, Sum:  0.0, Workers: 6
[38.775s][debug  ][gc,phases      ] GC(142)     Dead                           Min: 0, Avg:  0.0, Max: 0, Diff: 0, Sum: 0, Workers: 6
[38.775s][debug  ][gc,phases      ] GC(142)     Total                          Min: 640, Avg: 892.2, Max: 1088, Diff: 448, Sum: 5353, Workers: 6
[38.775s][debug  ][gc,phases      ] GC(142)   ResolvedMethodTable Weak       Min:  0.0, Avg:  0.0, Max:  0.0, Diff:  0.0, Sum:  0.0, Workers: 6
[38.775s][debug  ][gc,phases      ] GC(142)     Dead                           Min: 0, Avg:  0.0, Max: 0, Diff: 0, Sum: 0, Workers: 6
[38.775s][debug  ][gc,phases      ] GC(142)     Total                          Min: 0, Avg: 21.7, Max: 64, Diff: 64, Sum: 130, Workers: 6
[38.775s][debug  ][gc,phases      ] GC(142)   JNI Weak                       Min:  0.0, Avg:  0.0, Max:  0.0, Diff:  0.0, Sum:  0.0, Workers: 6
[38.775s][debug  ][gc,phases      ] GC(142)     Dead                           Min: 0, Avg:  0.0, Max: 0, Diff: 0, Sum: 0, Workers: 6
[38.775s][debug  ][gc,phases      ] GC(142)     Total                          Min: 0, Avg:  0.0, Max: 0, Diff: 0, Sum: 0, Workers: 6
[38.775s][debug  ][gc,phases      ] GC(142)   StringDedup Table Weak         Min:  0.0, Avg:  0.0, Max:  0.0, Diff:  0.0, Sum:  0.0, Workers: 6
[38.775s][debug  ][gc,phases      ] GC(142)     Dead                           Min: 0, Avg:  0.0, Max: 0, Diff: 0, Sum: 0, Workers: 6
[38.775s][debug  ][gc,phases      ] GC(142)     Total                          Min: 0, Avg:  0.0, Max: 0, Diff: 0, Sum: 0, Workers: 6
[38.775s][debug  ][gc,phases      ] GC(142)   StringDedup Requests0 Weak     Min:  0.0, Avg:  0.0, Max:  0.0, Diff:  0.0, Sum:  0.0, Workers: 6
[38.775s][debug  ][gc,phases      ] GC(142)     Dead                           Min: 0, Avg:  0.0, Max: 0, Diff: 0, Sum: 0, Workers: 6
[38.775s][debug  ][gc,phases      ] GC(142)     Total                          Min: 0, Avg:  0.0, Max: 0, Diff: 0, Sum: 0, Workers: 6
[38.775s][debug  ][gc,phases      ] GC(142)   StringDedup Requests1 Weak     Min:  0.0, Avg:  0.0, Max:  0.0, Diff:  0.0, Sum:  0.0, Workers: 6
[38.775s][debug  ][gc,phases      ] GC(142)     Dead                           Min: 0, Avg:  0.0, Max: 0, Diff: 0, Sum: 0, Workers: 6
[38.775s][debug  ][gc,phases      ] GC(142)     Total                          Min: 0, Avg:  0.0, Max: 0, Diff: 0, Sum: 0, Workers: 6
[38.776s][debug  ][gc,phases      ] GC(142)   Weak JFR Old Object Samples    Min:  0.0, Avg:  0.0, Max:  0.0, Diff:  0.0, Sum:  0.0, Workers: 6
[38.776s][debug  ][gc,phases      ] GC(142)     Dead                           Min: 0, Avg:  0.0, Max: 0, Diff: 0, Sum: 0, Workers: 6
[38.776s][debug  ][gc,phases      ] GC(142)     Total                          Min: 0, Avg:  0.0, Max: 0, Diff: 0, Sum: 0, Workers: 6
[38.776s][debug  ][gc,phases      ] GC(142) Weak Processing 0.921ms
[38.776s][debug  ][gc,ergo        ] GC(142) AdaptiveSizeStart:  collection: 143 
[38.776s][debug  ][gc,ergo        ] GC(142) avg_survived_padded_avg: 31968078.000000
[38.776s][debug  ][gc,ergo        ] GC(142) avg_promoted_padded_avg: 251800768.000000  avg_pretenured_padded_avg: 0.000000  tenuring_thresh: 15  target_size: 31981568
[38.776s][debug  ][gc,age         ] GC(142) Desired survivor size 31981568 bytes, new threshold 15 (max threshold 15)
[38.776s][debug  ][gc,ergo        ] GC(142) PSAdaptiveSizePolicy::compute_eden_space_size limits: desired_eden_size: 222654591 old_eden_size: 203423744 eden_limit: 203423744 cur_eden: 203423744 max_eden_size: 203423744 avg_young_live: 25624574
[38.776s][debug  ][gc,ergo        ] GC(142) PSAdaptiveSizePolicy::compute_eden_space_size: costs minor_time: 0.046560 major_cost: 0.052450 mutator_cost: 0.900990 throughput_goal: 0.990000
[38.776s][debug  ][gc,ergo        ] GC(142) Live_space: 1057836032 free_space: 1422917632
[38.776s][debug  ][gc,ergo        ] GC(142) Old eden_size: 203423744 desired_eden_size: 203423744
[38.776s][debug  ][gc,ergo        ] GC(142) AdaptiveSizeStop: collection: 143 
[38.776s][info   ][gc,heap        ] GC(142) PSYoungGen: 198441K(230400K)->30720K(230400K) Eden: 198441K(198656K)->0K(198656K) From: 0K(31744K)->30720K(31744K)
[38.776s][info   ][gc,heap        ] GC(142) ParOldGen: 728675K(1835008K)->892516K(1835008K)
[38.776s][info   ][gc,metaspace   ] GC(142) Metaspace: 1024K(1216K)->1024K(1216K) NonClass: 940K(1024K)->940K(1024K) Class: 83K(192K)->83K(192K)
[38.776s][info   ][gc             ] GC(142) Pause Young (Allocation Failure) 905M->901M(2017M) 15.806ms
[38.776s][info   ][gc,cpu         ] GC(142) User=0.16s Sys=0.00s Real=0.02s
[38.776s][debug  ][gc,heap        ] GC(142) Heap after GC invocations=143 (full 23):
[38.776s][debug  ][gc,heap        ] GC(142)  PSYoungGen      total 230400K, used 30720K [0x00000000f0000000, 0x0000000100000000, 0x0000000100000000)
[38.776s][debug  ][gc,heap        ] GC(142)   eden space 198656K, 0% used [0x00000000f0000000,0x00000000f0000000,0x00000000fc200000)
[38.776s][debug  ][gc,heap        ] GC(142)   from space 31744K, 96% used [0x00000000fc200000,0x00000000fe000030,0x00000000fe100000)
[38.776s][debug  ][gc,heap        ] GC(142)   to   space 31232K, 0% used [0x00000000fe180000,0x00000000fe180000,0x0000000100000000)
[38.776s][debug  ][gc,heap        ] GC(142)  ParOldGen       total 1835008K, used 892516K [0x0000000080000000, 0x00000000f0000000, 0x00000000f0000000)
[38.776s][debug  ][gc,heap        ] GC(142)   object space 1835008K, 48% used [0x0000000080000000,0x00000000b67990f0,0x00000000f0000000)
[38.776s][debug  ][gc,heap        ] GC(142)  Metaspace       used 1024K, committed 1216K, reserved 1056768K
[38.776s][debug  ][gc,heap        ] GC(142)   class space    used 83K, committed 192K, reserved 1048576K
[38.776s][debug  ][gc,task,time   ] GC(142) VM-Thread 387596901 387738809 387762534
[39.077s][debug  ][gc,heap        ] GC(143) Heap before GC invocations=144 (full 23):
[39.077s][debug  ][gc,heap        ] GC(143)  PSYoungGen      total 230400K, used 229095K [0x00000000f0000000, 0x0000000100000000, 0x0000000100000000)
[39.078s][debug  ][gc,heap        ] GC(143)   eden space 198656K, 99% used [0x00000000f0000000,0x00000000fc1b9bd0,0x00000000fc200000)
[39.078s][debug  ][gc,heap        ] GC(143)   from space 31744K, 96% used [0x00000000fc200000,0x00000000fe000030,0x00000000fe100000)
[39.078s][debug  ][gc,heap        ] GC(143)   to   space 31232K, 0% used [0x00000000fe180000,0x00000000fe180000,0x0000000100000000)
[39.078s][debug  ][gc,heap        ] GC(143)  ParOldGen       total 1835008K, used 892516K [0x0000000080000000, 0x00000000f0000000, 0x00000000f0000000)
[39.078s][debug  ][gc,heap        ] GC(143)   object space 1835008K, 48% used [0x0000000080000000,0x00000000b67990f0,0x00000000f0000000)
[39.078s][debug  ][gc,heap        ] GC(143)  Metaspace       used 1024K, committed 1216K, reserved 1056768K
[39.078s][debug  ][gc,heap        ] GC(143)   class space    used 83K, committed 192K, reserved 1048576K
[39.078s][debug  ][gc,tlab        ] GC(143) TLAB totals: thrds: 1  refills: 1 max: 1 slow allocs: 18 max 18 waste: 27.1% gc: 3905144B max: 3905144B slow: 0B max: 0B
[39.078s][info   ][gc,start       ] GC(143) Pause Young (Allocation Failure)
[39.078s][debug  ][gc,phases,start] GC(143) Scavenge
[39.085s][debug  ][gc,phases      ] GC(143) Scavenge 6.971ms
[39.085s][debug  ][gc,phases,start] GC(143) Reference Processing
[39.085s][debug  ][gc,ref         ] GC(143) Skipped phase 1 of Reference Processing: no references
[39.085s][debug  ][gc,ref         ] GC(143) Skipped phase 2 of Reference Processing: no references
[39.085s][debug  ][gc,ref         ] GC(143) Skipped phase 3 of Reference Processing: no references
[39.085s][debug  ][gc,ref         ] GC(143) Skipped phase 4 of Reference Processing: no references
[39.085s][debug  ][gc,phases,ref  ] GC(143) Reference Processing: 0.1ms
[39.085s][debug  ][gc,phases,ref  ] GC(143)   Reconsider SoftReferences: 0.0ms
[39.085s][debug  ][gc,phases,ref  ] GC(143)     SoftRef (ms):                  skipped
[39.085s][debug  ][gc,phases,ref  ] GC(143)   Notify Soft/WeakReferences: 0.0ms
[39.085s][debug  ][gc,phases,ref  ] GC(143)     SoftRef (ms):                  skipped
[39.085s][debug  ][gc,phases,ref  ] GC(143)     WeakRef (ms):                  skipped
[39.085s][debug  ][gc,phases,ref  ] GC(143)     FinalRef (ms):                 skipped
[39.085s][debug  ][gc,phases,ref  ] GC(143)     Total (ms):                    skipped
[39.085s][debug  ][gc,phases,ref  ] GC(143)   Notify and keep alive finalizable: 0.0ms
[39.085s][debug  ][gc,phases,ref  ] GC(143)     FinalRef (ms):                 skipped
[39.085s][debug  ][gc,phases,ref  ] GC(143)   Notify PhantomReferences: 0.0ms
[39.085s][debug  ][gc,phases,ref  ] GC(143)     PhantomRef (ms):               skipped
[39.085s][debug  ][gc,phases,ref  ] GC(143)   SoftReference:
[39.085s][debug  ][gc,phases,ref  ] GC(143)     Discovered: 0
[39.085s][debug  ][gc,phases,ref  ] GC(143)     Cleared: 0
[39.085s][debug  ][gc,phases,ref  ] GC(143)   WeakReference:
[39.086s][debug  ][gc,phases,ref  ] GC(143)     Discovered: 0
[39.086s][debug  ][gc,phases,ref  ] GC(143)     Cleared: 0
[39.086s][debug  ][gc,phases,ref  ] GC(143)   FinalReference:
[39.086s][debug  ][gc,phases,ref  ] GC(143)     Discovered: 0
[39.086s][debug  ][gc,phases,ref  ] GC(143)     Cleared: 0
[39.086s][debug  ][gc,phases,ref  ] GC(143)   PhantomReference:
[39.086s][debug  ][gc,phases,ref  ] GC(143)     Discovered: 0
[39.086s][debug  ][gc,phases,ref  ] GC(143)     Cleared: 0
[39.086s][debug  ][gc,phases      ] GC(143) Reference Processing 0.754ms
[39.086s][debug  ][gc,phases,start] GC(143) Weak Processing
[39.086s][debug  ][gc,phases      ] GC(143)   VM Weak                        Min:  0.0, Avg:  0.0, Max:  0.0, Diff:  0.0, Sum:  0.0, Workers: 6
[39.086s][debug  ][gc,phases      ] GC(143)     Dead                           Min: 0, Avg:  0.0, Max: 0, Diff: 0, Sum: 0, Workers: 6
[39.086s][debug  ][gc,phases      ] GC(143)     Total                          Min: 0, Avg:  1.3, Max: 8, Diff: 8, Sum: 8, Workers: 6
[39.086s][debug  ][gc,phases      ] GC(143)   ObjectSynchronizer Weak        Min:  0.0, Avg:  0.0, Max:  0.0, Diff:  0.0, Sum:  0.0, Workers: 6
[39.086s][debug  ][gc,phases      ] GC(143)     Dead                           Min: 0, Avg:  0.0, Max: 0, Diff: 0, Sum: 0, Workers: 6
[39.086s][debug  ][gc,phases      ] GC(143)     Total                          Min: 0, Avg:  0.5, Max: 3, Diff: 3, Sum: 3, Workers: 6
[39.086s][debug  ][gc,phases      ] GC(143)   JVMTI Tag Weak OopStorage      Min:  0.0, Avg:  0.0, Max:  0.0, Diff:  0.0, Sum:  0.0, Workers: 6
[39.086s][debug  ][gc,phases      ] GC(143)     Dead                           Min: 0, Avg:  0.0, Max: 0, Diff: 0, Sum: 0, Workers: 6
[39.086s][debug  ][gc,phases      ] GC(143)     Total                          Min: 0, Avg:  0.0, Max: 0, Diff: 0, Sum: 0, Workers: 6
[39.086s][debug  ][gc,phases      ] GC(143)   StringTable Weak               Min:  0.0, Avg:  0.0, Max:  0.0, Diff:  0.0, Sum:  0.0, Workers: 6
[39.086s][debug  ][gc,phases      ] GC(143)     Dead                           Min: 0, Avg:  0.0, Max: 0, Diff: 0, Sum: 0, Workers: 6
[39.086s][debug  ][gc,phases      ] GC(143)     Total                          Min: 681, Avg: 892.2, Max: 1088, Diff: 407, Sum: 5353, Workers: 6
[39.086s][debug  ][gc,phases      ] GC(143)   ResolvedMethodTable Weak       Min:  0.0, Avg:  0.0, Max:  0.0, Diff:  0.0, Sum:  0.0, Workers: 6
[39.086s][debug  ][gc,phases      ] GC(143)     Dead                           Min: 0, Avg:  0.0, Max: 0, Diff: 0, Sum: 0, Workers: 6
[39.086s][debug  ][gc,phases      ] GC(143)     Total                          Min: 0, Avg: 21.7, Max: 64, Diff: 64, Sum: 130, Workers: 6
[39.086s][debug  ][gc,phases      ] GC(143)   JNI Weak                       Min:  0.0, Avg:  0.0, Max:  0.0, Diff:  0.0, Sum:  0.0, Workers: 6
[39.086s][debug  ][gc,phases      ] GC(143)     Dead                           Min: 0, Avg:  0.0, Max: 0, Diff: 0, Sum: 0, Workers: 6
[39.086s][debug  ][gc,phases      ] GC(143)     Total                          Min: 0, Avg:  0.0, Max: 0, Diff: 0, Sum: 0, Workers: 6
[39.086s][debug  ][gc,phases      ] GC(143)   StringDedup Table Weak         Min:  0.0, Avg:  0.0, Max:  0.0, Diff:  0.0, Sum:  0.0, Workers: 6
[39.086s][debug  ][gc,phases      ] GC(143)     Dead                           Min: 0, Avg:  0.0, Max: 0, Diff: 0, Sum: 0, Workers: 6
[39.086s][debug  ][gc,phases      ] GC(143)     Total                          Min: 0, Avg:  0.0, Max: 0, Diff: 0, Sum: 0, Workers: 6
[39.086s][debug  ][gc,phases      ] GC(143)   StringDedup Requests0 Weak     Min:  0.0, Avg:  0.0, Max:  0.0, Diff:  0.0, Sum:  0.0, Workers: 6
[39.086s][debug  ][gc,phases      ] GC(143)     Dead                           Min: 0, Avg:  0.0, Max: 0, Diff: 0, Sum: 0, Workers: 6
[39.086s][debug  ][gc,phases      ] GC(143)     Total                          Min: 0, Avg:  0.0, Max: 0, Diff: 0, Sum: 0, Workers: 6
[39.086s][debug  ][gc,phases      ] GC(143)   StringDedup Requests1 Weak     Min:  0.0, Avg:  0.0, Max:  0.0, Diff:  0.0, Sum:  0.0, Workers: 6
[39.086s][debug  ][gc,phases      ] GC(143)     Dead                           Min: 0, Avg:  0.0, Max: 0, Diff: 0, Sum: 0, Workers: 6
[39.087s][debug  ][gc,phases      ] GC(143)     Total                          Min: 0, Avg:  0.0, Max: 0, Diff: 0, Sum: 0, Workers: 6
[39.087s][debug  ][gc,phases      ] GC(143)   Weak JFR Old Object Samples    Min:  0.0, Avg:  0.0, Max:  0.0, Diff:  0.0, Sum:  0.0, Workers: 6
[39.087s][debug  ][gc,phases      ] GC(143)     Dead                           Min: 0, Avg:  0.0, Max: 0, Diff: 0, Sum: 0, Workers: 6
[39.087s][debug  ][gc,phases      ] GC(143)     Total                          Min: 0, Avg:  0.0, Max: 0, Diff: 0, Sum: 0, Workers: 6
[39.087s][debug  ][gc,phases      ] GC(143) Weak Processing 0.875ms
[39.087s][debug  ][gc,ergo        ] GC(143) AdaptiveSizeStart:  collection: 144 
[39.087s][debug  ][gc,ergo        ] GC(143) avg_survived_padded_avg: 31926100.000000
[39.087s][debug  ][gc,ergo        ] GC(143) avg_promoted_padded_avg: 261745152.000000  avg_pretenured_padded_avg: 0.000000  tenuring_thresh: 15  target_size: 31981568
[39.087s][debug  ][gc,age         ] GC(143) Desired survivor size 31981568 bytes, new threshold 15 (max threshold 15)
[39.087s][debug  ][gc,ergo        ] GC(143) PSAdaptiveSizePolicy::compute_eden_space_size limits: desired_eden_size: 221595067 old_eden_size: 203423744 eden_limit: 203948032 cur_eden: 203423744 max_eden_size: 203948032 avg_young_live: 26207848
[39.087s][debug  ][gc,ergo        ] GC(143) PSAdaptiveSizePolicy::compute_eden_space_size: costs minor_time: 0.041943 major_cost: 0.052450 mutator_cost: 0.905607 throughput_goal: 0.990000
[39.087s][debug  ][gc,ergo        ] GC(143) Live_space: 1058419328 free_space: 1422917632
[39.087s][debug  ][gc,ergo        ] GC(143) Old eden_size: 203423744 desired_eden_size: 203948032
[39.087s][debug  ][gc,ergo        ] GC(143) AdaptiveSizeStop: collection: 144 
[39.087s][info   ][gc,heap        ] GC(143) PSYoungGen: 229095K(230400K)->30720K(230912K) Eden: 198374K(198656K)->0K(199680K) From: 30720K(31744K)->30720K(31232K)
[39.087s][info   ][gc,heap        ] GC(143) ParOldGen: 892516K(1835008K)->953956K(1835008K)
[39.087s][info   ][gc,metaspace   ] GC(143) Metaspace: 1024K(1216K)->1024K(1216K) NonClass: 940K(1024K)->940K(1024K) Class: 83K(192K)->83K(192K)
[39.087s][info   ][gc             ] GC(143) Pause Young (Allocation Failure) 1095M->961M(2017M) 9.138ms
[39.087s][info   ][gc,cpu         ] GC(143) User=0.14s Sys=0.00s Real=0.01s
[39.087s][debug  ][gc,heap        ] GC(143) Heap after GC invocations=144 (full 23):
[39.087s][debug  ][gc,heap        ] GC(143)  PSYoungGen      total 230912K, used 30720K [0x00000000f0000000, 0x0000000100000000, 0x0000000100000000)
[39.087s][debug  ][gc,heap        ] GC(143)   eden space 199680K, 0% used [0x00000000f0000000,0x00000000f0000000,0x00000000fc300000)
[39.087s][debug  ][gc,heap        ] GC(143)   from space 31232K, 98% used [0x00000000fe180000,0x00000000fff80030,0x0000000100000000)
[39.087s][debug  ][gc,heap        ] GC(143)   to   space 31232K, 0% used [0x00000000fc300000,0x00000000fc300000,0x00000000fe180000)
[39.087s][debug  ][gc,heap        ] GC(143)  ParOldGen       total 1835008K, used 953956K [0x0000000080000000, 0x00000000f0000000, 0x00000000f0000000)
[39.087s][debug  ][gc,heap        ] GC(143)   object space 1835008K, 51% used [0x0000000080000000,0x00000000ba399150,0x00000000f0000000)
[39.087s][debug  ][gc,heap        ] GC(143)  Metaspace       used 1024K, committed 1216K, reserved 1056768K
[39.087s][debug  ][gc,heap        ] GC(143)   class space    used 83K, committed 192K, reserved 1048576K
[39.087s][debug  ][gc,task,time   ] GC(143) VM-Thread 390773861 390849686 390873101
[39.394s][debug  ][gc,heap        ] GC(144) Heap before GC invocations=145 (full 23):
[39.394s][debug  ][gc,heap        ] GC(144)  PSYoungGen      total 230912K, used 229143K [0x00000000f0000000, 0x0000000100000000, 0x0000000100000000)
[39.394s][debug  ][gc,heap        ] GC(144)   eden space 199680K, 99% used [0x00000000f0000000,0x00000000fc1c5df0,0x00000000fc300000)
[39.394s][debug  ][gc,heap        ] GC(144)   from space 31232K, 98% used [0x00000000fe180000,0x00000000fff80030,0x0000000100000000)
[39.394s][debug  ][gc,heap        ] GC(144)   to   space 31232K, 0% used [0x00000000fc300000,0x00000000fc300000,0x00000000fe180000)
[39.394s][debug  ][gc,heap        ] GC(144)  ParOldGen       total 1835008K, used 953956K [0x0000000080000000, 0x00000000f0000000, 0x00000000f0000000)
[39.394s][debug  ][gc,heap        ] GC(144)   object space 1835008K, 51% used [0x0000000080000000,0x00000000ba399150,0x00000000f0000000)
[39.394s][debug  ][gc,heap        ] GC(144)  Metaspace       used 1024K, committed 1216K, reserved 1056768K
[39.394s][debug  ][gc,heap        ] GC(144)   class space    used 83K, committed 192K, reserved 1048576K
[39.394s][debug  ][gc,tlab        ] GC(144) TLAB totals: thrds: 1  refills: 1 max: 1 slow allocs: 18 max 18 waste: 27.4% gc: 3955904B max: 3955904B slow: 0B max: 0B
[39.394s][info   ][gc,start       ] GC(144) Pause Young (Allocation Failure)
[39.394s][debug  ][gc,phases,start] GC(144) Scavenge
[39.409s][debug  ][gc,phases      ] GC(144) Scavenge 15.208ms
[39.409s][debug  ][gc,phases,start] GC(144) Reference Processing
[39.409s][debug  ][gc,ref         ] GC(144) Skipped phase 1 of Reference Processing: no references
[39.409s][debug  ][gc,ref         ] GC(144) Skipped phase 2 of Reference Processing: no references
[39.409s][debug  ][gc,ref         ] GC(144) Skipped phase 3 of Reference Processing: no references
[39.409s][debug  ][gc,ref         ] GC(144) Skipped phase 4 of Reference Processing: no references
[39.409s][debug  ][gc,phases,ref  ] GC(144) Reference Processing: 0.1ms
[39.409s][debug  ][gc,phases,ref  ] GC(144)   Reconsider SoftReferences: 0.0ms
[39.409s][debug  ][gc,phases,ref  ] GC(144)     SoftRef (ms):                  skipped
[39.409s][debug  ][gc,phases,ref  ] GC(144)   Notify Soft/WeakReferences: 0.0ms
[39.409s][debug  ][gc,phases,ref  ] GC(144)     SoftRef (ms):                  skipped
[39.409s][debug  ][gc,phases,ref  ] GC(144)     WeakRef (ms):                  skipped
[39.409s][debug  ][gc,phases,ref  ] GC(144)     FinalRef (ms):                 skipped
[39.409s][debug  ][gc,phases,ref  ] GC(144)     Total (ms):                    skipped
[39.409s][debug  ][gc,phases,ref  ] GC(144)   Notify and keep alive finalizable: 0.0ms
[39.410s][debug  ][gc,phases,ref  ] GC(144)     FinalRef (ms):                 skipped
[39.410s][debug  ][gc,phases,ref  ] GC(144)   Notify PhantomReferences: 0.0ms
[39.410s][debug  ][gc,phases,ref  ] GC(144)     PhantomRef (ms):               skipped
[39.410s][debug  ][gc,phases,ref  ] GC(144)   SoftReference:
[39.410s][debug  ][gc,phases,ref  ] GC(144)     Discovered: 0
[39.410s][debug  ][gc,phases,ref  ] GC(144)     Cleared: 0
[39.410s][debug  ][gc,phases,ref  ] GC(144)   WeakReference:
[39.410s][debug  ][gc,phases,ref  ] GC(144)     Discovered: 0
[39.410s][debug  ][gc,phases,ref  ] GC(144)     Cleared: 0
[39.410s][debug  ][gc,phases,ref  ] GC(144)   FinalReference:
[39.410s][debug  ][gc,phases,ref  ] GC(144)     Discovered: 0
[39.410s][debug  ][gc,phases,ref  ] GC(144)     Cleared: 0
[39.410s][debug  ][gc,phases,ref  ] GC(144)   PhantomReference:
[39.410s][debug  ][gc,phases,ref  ] GC(144)     Discovered: 0
[39.410s][debug  ][gc,phases,ref  ] GC(144)     Cleared: 0
[39.410s][debug  ][gc,phases      ] GC(144) Reference Processing 0.716ms
[39.410s][debug  ][gc,phases,start] GC(144) Weak Processing
[39.410s][debug  ][gc,phases      ] GC(144)   VM Weak                        Min:  0.0, Avg:  0.0, Max:  0.0, Diff:  0.0, Sum:  0.0, Workers: 6
[39.410s][debug  ][gc,phases      ] GC(144)     Dead                           Min: 0, Avg:  0.0, Max: 0, Diff: 0, Sum: 0, Workers: 6
[39.410s][debug  ][gc,phases      ] GC(144)     Total                          Min: 0, Avg:  1.3, Max: 8, Diff: 8, Sum: 8, Workers: 6
[39.410s][debug  ][gc,phases      ] GC(144)   ObjectSynchronizer Weak        Min:  0.0, Avg:  0.0, Max:  0.0, Diff:  0.0, Sum:  0.0, Workers: 6
[39.410s][debug  ][gc,phases      ] GC(144)     Dead                           Min: 0, Avg:  0.0, Max: 0, Diff: 0, Sum: 0, Workers: 6
[39.410s][debug  ][gc,phases      ] GC(144)     Total                          Min: 0, Avg:  0.5, Max: 3, Diff: 3, Sum: 3, Workers: 6
[39.410s][debug  ][gc,phases      ] GC(144)   JVMTI Tag Weak OopStorage      Min:  0.0, Avg:  0.0, Max:  0.0, Diff:  0.0, Sum:  0.0, Workers: 6
[39.410s][debug  ][gc,phases      ] GC(144)     Dead                           Min: 0, Avg:  0.0, Max: 0, Diff: 0, Sum: 0, Workers: 6
[39.410s][debug  ][gc,phases      ] GC(144)     Total                          Min: 0, Avg:  0.0, Max: 0, Diff: 0, Sum: 0, Workers: 6
[39.410s][debug  ][gc,phases      ] GC(144)   StringTable Weak               Min:  0.0, Avg:  0.0, Max:  0.0, Diff:  0.0, Sum:  0.0, Workers: 6
[39.410s][debug  ][gc,phases      ] GC(144)     Dead                           Min: 0, Avg:  0.0, Max: 0, Diff: 0, Sum: 0, Workers: 6
[39.410s][debug  ][gc,phases      ] GC(144)     Total                          Min: 746, Avg: 892.2, Max: 1151, Diff: 405, Sum: 5353, Workers: 6
[39.410s][debug  ][gc,phases      ] GC(144)   ResolvedMethodTable Weak       Min:  0.0, Avg:  0.0, Max:  0.0, Diff:  0.0, Sum:  0.0, Workers: 6
[39.410s][debug  ][gc,phases      ] GC(144)     Dead                           Min: 0, Avg:  0.0, Max: 0, Diff: 0, Sum: 0, Workers: 6
[39.410s][debug  ][gc,phases      ] GC(144)     Total                          Min: 0, Avg: 21.7, Max: 64, Diff: 64, Sum: 130, Workers: 6
[39.410s][debug  ][gc,phases      ] GC(144)   JNI Weak                       Min:  0.0, Avg:  0.0, Max:  0.0, Diff:  0.0, Sum:  0.0, Workers: 6
[39.410s][debug  ][gc,phases      ] GC(144)     Dead                           Min: 0, Avg:  0.0, Max: 0, Diff: 0, Sum: 0, Workers: 6
[39.410s][debug  ][gc,phases      ] GC(144)     Total                          Min: 0, Avg:  0.0, Max: 0, Diff: 0, Sum: 0, Workers: 6
[39.410s][debug  ][gc,phases      ] GC(144)   StringDedup Table Weak         Min:  0.0, Avg:  0.0, Max:  0.0, Diff:  0.0, Sum:  0.0, Workers: 6
[39.410s][debug  ][gc,phases      ] GC(144)     Dead                           Min: 0, Avg:  0.0, Max: 0, Diff: 0, Sum: 0, Workers: 6
[39.410s][debug  ][gc,phases      ] GC(144)     Total                          Min: 0, Avg:  0.0, Max: 0, Diff: 0, Sum: 0, Workers: 6
[39.410s][debug  ][gc,phases      ] GC(144)   StringDedup Requests0 Weak     Min:  0.0, Avg:  0.0, Max:  0.0, Diff:  0.0, Sum:  0.0, Workers: 6
[39.410s][debug  ][gc,phases      ] GC(144)     Dead                           Min: 0, Avg:  0.0, Max: 0, Diff: 0, Sum: 0, Workers: 6
[39.410s][debug  ][gc,phases      ] GC(144)     Total                          Min: 0, Avg:  0.0, Max: 0, Diff: 0, Sum: 0, Workers: 6
[39.411s][debug  ][gc,phases      ] GC(144)   StringDedup Requests1 Weak     Min:  0.0, Avg:  0.0, Max:  0.0, Diff:  0.0, Sum:  0.0, Workers: 6
[39.411s][debug  ][gc,phases      ] GC(144)     Dead                           Min: 0, Avg:  0.0, Max: 0, Diff: 0, Sum: 0, Workers: 6
[39.411s][debug  ][gc,phases      ] GC(144)     Total                          Min: 0, Avg:  0.0, Max: 0, Diff: 0, Sum: 0, Workers: 6
[39.411s][debug  ][gc,phases      ] GC(144)   Weak JFR Old Object Samples    Min:  0.0, Avg:  0.0, Max:  0.0, Diff:  0.0, Sum:  0.0, Workers: 6
[39.411s][debug  ][gc,phases      ] GC(144)     Dead                           Min: 0, Avg:  0.0, Max: 0, Diff: 0, Sum: 0, Workers: 6
[39.411s][debug  ][gc,phases      ] GC(144)     Total                          Min: 0, Avg:  0.0, Max: 0, Diff: 0, Sum: 0, Workers: 6
[39.411s][debug  ][gc,phases      ] GC(144) Weak Processing 0.736ms
[39.411s][debug  ][gc,ergo        ] GC(144) AdaptiveSizeStart:  collection: 145 
[39.411s][debug  ][gc,ergo        ] GC(144) avg_survived_padded_avg: 31887410.000000
[39.411s][debug  ][gc,ergo        ] GC(144) avg_promoted_padded_avg: 266348992.000000  avg_pretenured_padded_avg: 0.000000  tenuring_thresh: 15  target_size: 31981568
[39.411s][debug  ][gc,age         ] GC(144) Desired survivor size 31981568 bytes, new threshold 15 (max threshold 15)
[39.411s][debug  ][gc,ergo        ] GC(144) PSAdaptiveSizePolicy::compute_eden_space_size limits: desired_eden_size: 223221272 old_eden_size: 203948032 eden_limit: 204472320 cur_eden: 204472320 max_eden_size: 204472320 avg_young_live: 26732796
[39.411s][debug  ][gc,ergo        ] GC(144) PSAdaptiveSizePolicy::compute_eden_space_size: costs minor_time: 0.044406 major_cost: 0.052450 mutator_cost: 0.903144 throughput_goal: 0.990000
[39.411s][debug  ][gc,ergo        ] GC(144) Live_space: 1058944256 free_space: 1423441920
[39.411s][debug  ][gc,ergo        ] GC(144) Old eden_size: 203948032 desired_eden_size: 204472320
[39.411s][debug  ][gc,ergo        ] GC(144) AdaptiveSizeStop: collection: 145 
[39.411s][info   ][gc,heap        ] GC(144) PSYoungGen: 229143K(230912K)->30720K(230912K) Eden: 198423K(199680K)->0K(199680K) From: 30720K(31232K)->30720K(31232K)
[39.411s][info   ][gc,heap        ] GC(144) ParOldGen: 953956K(1835008K)->1148516K(1835008K)
[39.411s][info   ][gc,metaspace   ] GC(144) Metaspace: 1024K(1216K)->1024K(1216K) NonClass: 940K(1024K)->940K(1024K) Class: 83K(192K)->83K(192K)
[39.411s][info   ][gc             ] GC(144) Pause Young (Allocation Failure) 1155M->1151M(2017M) 17.106ms
[39.411s][info   ][gc,cpu         ] GC(144) User=0.16s Sys=0.00s Real=0.02s
[39.411s][debug  ][gc,heap        ] GC(144) Heap after GC invocations=145 (full 23):
[39.411s][debug  ][gc,heap        ] GC(144)  PSYoungGen      total 230912K, used 30720K [0x00000000f0000000, 0x0000000100000000, 0x0000000100000000)
[39.411s][debug  ][gc,heap        ] GC(144)   eden space 199680K, 0% used [0x00000000f0000000,0x00000000f0000000,0x00000000fc300000)
[39.411s][debug  ][gc,heap        ] GC(144)   from space 31232K, 98% used [0x00000000fc300000,0x00000000fe100030,0x00000000fe180000)
[39.411s][debug  ][gc,heap        ] GC(144)   to   space 31232K, 0% used [0x00000000fe180000,0x00000000fe180000,0x0000000100000000)
[39.411s][debug  ][gc,heap        ] GC(144)  ParOldGen       total 1835008K, used 1148516K [0x0000000080000000, 0x00000000f0000000, 0x00000000f0000000)
[39.411s][debug  ][gc,heap        ] GC(144)   object space 1835008K, 62% used [0x0000000080000000,0x00000000c6199280,0x00000000f0000000)
[39.411s][debug  ][gc,heap        ] GC(144)  Metaspace       used 1024K, committed 1216K, reserved 1056768K
[39.411s][debug  ][gc,heap        ] GC(144)   class space    used 83K, committed 192K, reserved 1048576K
[39.411s][debug  ][gc,task,time   ] GC(144) VM-Thread 393935295 394091601 394112092
[39.710s][debug  ][gc,heap        ] GC(145) Heap before GC invocations=146 (full 23):
[39.710s][debug  ][gc,heap        ] GC(145)  PSYoungGen      total 230912K, used 229161K [0x00000000f0000000, 0x0000000100000000, 0x0000000100000000)
[39.710s][debug  ][gc,heap        ] GC(145)   eden space 199680K, 99% used [0x00000000f0000000,0x00000000fc1ca7b0,0x00000000fc300000)
[39.710s][debug  ][gc,heap        ] GC(145)   from space 31232K, 98% used [0x00000000fc300000,0x00000000fe100030,0x00000000fe180000)
[39.710s][debug  ][gc,heap        ] GC(145)   to   space 31232K, 0% used [0x00000000fe180000,0x00000000fe180000,0x0000000100000000)
[39.710s][debug  ][gc,heap        ] GC(145)  ParOldGen       total 1835008K, used 1148516K [0x0000000080000000, 0x00000000f0000000, 0x00000000f0000000)
[39.710s][debug  ][gc,heap        ] GC(145)   object space 1835008K, 62% used [0x0000000080000000,0x00000000c6199280,0x00000000f0000000)
[39.710s][debug  ][gc,heap        ] GC(145)  Metaspace       used 1024K, committed 1216K, reserved 1056768K
[39.710s][debug  ][gc,heap        ] GC(145)   class space    used 83K, committed 192K, reserved 1048576K
[39.710s][debug  ][gc,tlab        ] GC(145) TLAB totals: thrds: 1  refills: 1 max: 1 slow allocs: 18 max 18 waste: 27.5% gc: 3974784B max: 3974784B slow: 0B max: 0B
[39.710s][info   ][gc,start       ] GC(145) Pause Young (Allocation Failure)
[39.710s][debug  ][gc,phases,start] GC(145) Scavenge
[39.725s][debug  ][gc,phases      ] GC(145) Scavenge 15.297ms
[39.725s][debug  ][gc,phases,start] GC(145) Reference Processing
[39.725s][debug  ][gc,ref         ] GC(145) Skipped phase 1 of Reference Processing: no references
[39.725s][debug  ][gc,ref         ] GC(145) Skipped phase 2 of Reference Processing: no references
[39.725s][debug  ][gc,ref         ] GC(145) Skipped phase 3 of Reference Processing: no references
[39.726s][debug  ][gc,ref         ] GC(145) Skipped phase 4 of Reference Processing: no references
[39.726s][debug  ][gc,phases,ref  ] GC(145) Reference Processing: 0.1ms
[39.726s][debug  ][gc,phases,ref  ] GC(145)   Reconsider SoftReferences: 0.0ms
[39.726s][debug  ][gc,phases,ref  ] GC(145)     SoftRef (ms):                  skipped
[39.726s][debug  ][gc,phases,ref  ] GC(145)   Notify Soft/WeakReferences: 0.0ms
[39.726s][debug  ][gc,phases,ref  ] GC(145)     SoftRef (ms):                  skipped
[39.726s][debug  ][gc,phases,ref  ] GC(145)     WeakRef (ms):                  skipped
[39.726s][debug  ][gc,phases,ref  ] GC(145)     FinalRef (ms):                 skipped
[39.726s][debug  ][gc,phases,ref  ] GC(145)     Total (ms):                    skipped
[39.726s][debug  ][gc,phases,ref  ] GC(145)   Notify and keep alive finalizable: 0.0ms
[39.726s][debug  ][gc,phases,ref  ] GC(145)     FinalRef (ms):                 skipped
[39.726s][debug  ][gc,phases,ref  ] GC(145)   Notify PhantomReferences: 0.0ms
[39.726s][debug  ][gc,phases,ref  ] GC(145)     PhantomRef (ms):               skipped
[39.726s][debug  ][gc,phases,ref  ] GC(145)   SoftReference:
[39.726s][debug  ][gc,phases,ref  ] GC(145)     Discovered: 0
[39.726s][debug  ][gc,phases,ref  ] GC(145)     Cleared: 0
[39.726s][debug  ][gc,phases,ref  ] GC(145)   WeakReference:
[39.726s][debug  ][gc,phases,ref  ] GC(145)     Discovered: 0
[39.726s][debug  ][gc,phases,ref  ] GC(145)     Cleared: 0
[39.726s][debug  ][gc,phases,ref  ] GC(145)   FinalReference:
[39.726s][debug  ][gc,phases,ref  ] GC(145)     Discovered: 0
[39.726s][debug  ][gc,phases,ref  ] GC(145)     Cleared: 0
[39.726s][debug  ][gc,phases,ref  ] GC(145)   PhantomReference:
[39.726s][debug  ][gc,phases,ref  ] GC(145)     Discovered: 0
[39.726s][debug  ][gc,phases,ref  ] GC(145)     Cleared: 0
[39.726s][debug  ][gc,phases      ] GC(145) Reference Processing 0.645ms
[39.726s][debug  ][gc,phases,start] GC(145) Weak Processing
[39.727s][debug  ][gc,phases      ] GC(145)   VM Weak                        Min:  0.0, Avg:  0.0, Max:  0.0, Diff:  0.0, Sum:  0.0, Workers: 6
[39.727s][debug  ][gc,phases      ] GC(145)     Dead                           Min: 0, Avg:  0.0, Max: 0, Diff: 0, Sum: 0, Workers: 6
[39.727s][debug  ][gc,phases      ] GC(145)     Total                          Min: 0, Avg:  1.3, Max: 8, Diff: 8, Sum: 8, Workers: 6
[39.727s][debug  ][gc,phases      ] GC(145)   ObjectSynchronizer Weak        Min:  0.0, Avg:  0.0, Max:  0.0, Diff:  0.0, Sum:  0.0, Workers: 6
[39.727s][debug  ][gc,phases      ] GC(145)     Dead                           Min: 0, Avg:  0.0, Max: 0, Diff: 0, Sum: 0, Workers: 6
[39.727s][debug  ][gc,phases      ] GC(145)     Total                          Min: 0, Avg:  0.5, Max: 3, Diff: 3, Sum: 3, Workers: 6
[39.727s][debug  ][gc,phases      ] GC(145)   JVMTI Tag Weak OopStorage      Min:  0.0, Avg:  0.0, Max:  0.0, Diff:  0.0, Sum:  0.0, Workers: 6
[39.727s][debug  ][gc,phases      ] GC(145)     Dead                           Min: 0, Avg:  0.0, Max: 0, Diff: 0, Sum: 0, Workers: 6
[39.727s][debug  ][gc,phases      ] GC(145)     Total                          Min: 0, Avg:  0.0, Max: 0, Diff: 0, Sum: 0, Workers: 6
[39.727s][debug  ][gc,phases      ] GC(145)   StringTable Weak               Min:  0.0, Avg:  0.0, Max:  0.0, Diff:  0.0, Sum:  0.0, Workers: 6
[39.727s][debug  ][gc,phases      ] GC(145)     Dead                           Min: 0, Avg:  0.0, Max: 0, Diff: 0, Sum: 0, Workers: 6
[39.727s][debug  ][gc,phases      ] GC(145)     Total                          Min: 0, Avg: 892.2, Max: 1408, Diff: 1408, Sum: 5353, Workers: 6
[39.727s][debug  ][gc,phases      ] GC(145)   ResolvedMethodTable Weak       Min:  0.0, Avg:  0.0, Max:  0.0, Diff:  0.0, Sum:  0.0, Workers: 6
[39.727s][debug  ][gc,phases      ] GC(145)     Dead                           Min: 0, Avg:  0.0, Max: 0, Diff: 0, Sum: 0, Workers: 6
[39.727s][debug  ][gc,phases      ] GC(145)     Total                          Min: 0, Avg: 21.7, Max: 64, Diff: 64, Sum: 130, Workers: 6
[39.727s][debug  ][gc,phases      ] GC(145)   JNI Weak                       Min:  0.0, Avg:  0.0, Max:  0.0, Diff:  0.0, Sum:  0.0, Workers: 6
[39.727s][debug  ][gc,phases      ] GC(145)     Dead                           Min: 0, Avg:  0.0, Max: 0, Diff: 0, Sum: 0, Workers: 6
[39.727s][debug  ][gc,phases      ] GC(145)     Total                          Min: 0, Avg:  0.0, Max: 0, Diff: 0, Sum: 0, Workers: 6
[39.727s][debug  ][gc,phases      ] GC(145)   StringDedup Table Weak         Min:  0.0, Avg:  0.0, Max:  0.0, Diff:  0.0, Sum:  0.0, Workers: 6
[39.728s][debug  ][gc,phases      ] GC(145)     Dead                           Min: 0, Avg:  0.0, Max: 0, Diff: 0, Sum: 0, Workers: 6
[39.728s][debug  ][gc,phases      ] GC(145)     Total                          Min: 0, Avg:  0.0, Max: 0, Diff: 0, Sum: 0, Workers: 6
[39.728s][debug  ][gc,phases      ] GC(145)   StringDedup Requests0 Weak     Min:  0.0, Avg:  0.0, Max:  0.0, Diff:  0.0, Sum:  0.0, Workers: 6
[39.728s][debug  ][gc,phases      ] GC(145)     Dead                           Min: 0, Avg:  0.0, Max: 0, Diff: 0, Sum: 0, Workers: 6
[39.728s][debug  ][gc,phases      ] GC(145)     Total                          Min: 0, Avg:  0.0, Max: 0, Diff: 0, Sum: 0, Workers: 6
[39.728s][debug  ][gc,phases      ] GC(145)   StringDedup Requests1 Weak     Min:  0.0, Avg:  0.0, Max:  0.0, Diff:  0.0, Sum:  0.0, Workers: 6
[39.728s][debug  ][gc,phases      ] GC(145)     Dead                           Min: 0, Avg:  0.0, Max: 0, Diff: 0, Sum: 0, Workers: 6
[39.728s][debug  ][gc,phases      ] GC(145)     Total                          Min: 0, Avg:  0.0, Max: 0, Diff: 0, Sum: 0, Workers: 6
[39.728s][debug  ][gc,phases      ] GC(145)   Weak JFR Old Object Samples    Min:  0.0, Avg:  0.0, Max:  0.0, Diff:  0.0, Sum:  0.0, Workers: 6
[39.728s][debug  ][gc,phases      ] GC(145)     Dead                           Min: 0, Avg:  0.0, Max: 0, Diff: 0, Sum: 0, Workers: 6
[39.728s][debug  ][gc,phases      ] GC(145)     Total                          Min: 0, Avg:  0.0, Max: 0, Diff: 0, Sum: 0, Workers: 6
[39.728s][debug  ][gc,phases      ] GC(145) Weak Processing 1.739ms
[39.728s][debug  ][gc,ergo        ] GC(145) AdaptiveSizeStart:  collection: 146 
[39.728s][debug  ][gc,ergo        ] GC(145) avg_survived_padded_avg: 31851772.000000
[39.728s][debug  ][gc,ergo        ] GC(145) avg_promoted_padded_avg: 269406912.000000  avg_pretenured_padded_avg: 0.000000  tenuring_thresh: 15  target_size: 31981568
[39.728s][debug  ][gc,age         ] GC(145) Desired survivor size 31981568 bytes, new threshold 15 (max threshold 15)
[39.728s][debug  ][gc,ergo        ] GC(145) PSAdaptiveSizePolicy::compute_eden_space_size limits: desired_eden_size: 223871233 old_eden_size: 204472320 eden_limit: 204472320 cur_eden: 204472320 max_eden_size: 204472320 avg_young_live: 27205250
[39.728s][debug  ][gc,ergo        ] GC(145) PSAdaptiveSizePolicy::compute_eden_space_size: costs minor_time: 0.047334 major_cost: 0.052450 mutator_cost: 0.900216 throughput_goal: 0.990000
[39.728s][debug  ][gc,ergo        ] GC(145) Live_space: 1059416704 free_space: 1423966208
[39.728s][debug  ][gc,ergo        ] GC(145) Old eden_size: 204472320 desired_eden_size: 204472320
[39.728s][debug  ][gc,ergo        ] GC(145) AdaptiveSizeStop: collection: 146 
[39.728s][info   ][gc,heap        ] GC(145) PSYoungGen: 229161K(230912K)->30720K(230912K) Eden: 198441K(199680K)->0K(199680K) From: 30720K(31232K)->30720K(31232K)
[39.728s][info   ][gc,heap        ] GC(145) ParOldGen: 1148516K(1835008K)->1343076K(1835008K)
[39.728s][info   ][gc,metaspace   ] GC(145) Metaspace: 1024K(1216K)->1024K(1216K) NonClass: 940K(1024K)->940K(1024K) Class: 83K(192K)->83K(192K)
[39.728s][info   ][gc             ] GC(145) Pause Young (Allocation Failure) 1345M->1341M(2017M) 18.137ms
[39.728s][info   ][gc,cpu         ] GC(145) User=0.14s Sys=0.02s Real=0.02s
[39.728s][debug  ][gc,heap        ] GC(145) Heap after GC invocations=146 (full 23):
[39.728s][debug  ][gc,heap        ] GC(145)  PSYoungGen      total 230912K, used 30720K [0x00000000f0000000, 0x0000000100000000, 0x0000000100000000)
[39.728s][debug  ][gc,heap        ] GC(145)   eden space 199680K, 0% used [0x00000000f0000000,0x00000000f0000000,0x00000000fc300000)
[39.728s][debug  ][gc,heap        ] GC(145)   from space 31232K, 98% used [0x00000000fe180000,0x00000000fff80030,0x0000000100000000)
[39.728s][debug  ][gc,heap        ] GC(145)   to   space 31232K, 0% used [0x00000000fc300000,0x00000000fc300000,0x00000000fe180000)
[39.728s][debug  ][gc,heap        ] GC(145)  ParOldGen       total 1835008K, used 1343076K [0x0000000080000000, 0x00000000f0000000, 0x00000000f0000000)
[39.728s][debug  ][gc,heap        ] GC(145)   object space 1835008K, 73% used [0x0000000080000000,0x00000000d1f993b0,0x00000000f0000000)
[39.728s][debug  ][gc,heap        ] GC(145)  Metaspace       used 1024K, committed 1216K, reserved 1056768K
[39.728s][debug  ][gc,heap        ] GC(145)   class space    used 83K, committed 192K, reserved 1048576K
[39.728s][debug  ][gc,task,time   ] GC(145) VM-Thread 397095385 397253962 397283729
[40.025s][debug  ][gc,heap        ] GC(146) Heap before GC invocations=147 (full 23):
[40.025s][debug  ][gc,heap        ] GC(146)  PSYoungGen      total 230912K, used 229173K [0x00000000f0000000, 0x0000000100000000, 0x0000000100000000)
[40.025s][debug  ][gc,heap        ] GC(146)   eden space 199680K, 99% used [0x00000000f0000000,0x00000000fc1cd718,0x00000000fc300000)
[40.025s][debug  ][gc,heap        ] GC(146)   from space 31232K, 98% used [0x00000000fe180000,0x00000000fff80030,0x0000000100000000)
[40.025s][debug  ][gc,heap        ] GC(146)   to   space 31232K, 0% used [0x00000000fc300000,0x00000000fc300000,0x00000000fe180000)
[40.025s][debug  ][gc,heap        ] GC(146)  ParOldGen       total 1835008K, used 1343076K [0x0000000080000000, 0x00000000f0000000, 0x00000000f0000000)
[40.025s][debug  ][gc,heap        ] GC(146)   object space 1835008K, 73% used [0x0000000080000000,0x00000000d1f993b0,0x00000000f0000000)
[40.025s][debug  ][gc,heap        ] GC(146)  Metaspace       used 1024K, committed 1216K, reserved 1056768K
[40.025s][debug  ][gc,heap        ] GC(146)   class space    used 83K, committed 192K, reserved 1048576K
[40.026s][debug  ][gc,tlab        ] GC(146) TLAB totals: thrds: 1  refills: 1 max: 1 slow allocs: 18 max 18 waste: 27.5% gc: 3986920B max: 3986920B slow: 0B max: 0B
[40.026s][info   ][gc,start       ] GC(146) Pause Young (Allocation Failure)
[40.026s][debug  ][gc,phases,start] GC(146) Scavenge
[40.041s][debug  ][gc,phases      ] GC(146) Scavenge 15.706ms
[40.041s][debug  ][gc,phases,start] GC(146) Reference Processing
[40.041s][debug  ][gc,ref         ] GC(146) Skipped phase 1 of Reference Processing: no references
[40.041s][debug  ][gc,ref         ] GC(146) Skipped phase 2 of Reference Processing: no references
[40.041s][debug  ][gc,ref         ] GC(146) Skipped phase 3 of Reference Processing: no references
[40.041s][debug  ][gc,ref         ] GC(146) Skipped phase 4 of Reference Processing: no references
[40.042s][debug  ][gc,phases,ref  ] GC(146) Reference Processing: 0.1ms
[40.042s][debug  ][gc,phases,ref  ] GC(146)   Reconsider SoftReferences: 0.0ms
[40.042s][debug  ][gc,phases,ref  ] GC(146)     SoftRef (ms):                  skipped
[40.042s][debug  ][gc,phases,ref  ] GC(146)   Notify Soft/WeakReferences: 0.0ms
[40.042s][debug  ][gc,phases,ref  ] GC(146)     SoftRef (ms):                  skipped
[40.042s][debug  ][gc,phases,ref  ] GC(146)     WeakRef (ms):                  skipped
[40.042s][debug  ][gc,phases,ref  ] GC(146)     FinalRef (ms):                 skipped
[40.042s][debug  ][gc,phases,ref  ] GC(146)     Total (ms):                    skipped
[40.042s][debug  ][gc,phases,ref  ] GC(146)   Notify and keep alive finalizable: 0.0ms
[40.042s][debug  ][gc,phases,ref  ] GC(146)     FinalRef (ms):                 skipped
[40.042s][debug  ][gc,phases,ref  ] GC(146)   Notify PhantomReferences: 0.0ms
[40.042s][debug  ][gc,phases,ref  ] GC(146)     PhantomRef (ms):               skipped
[40.042s][debug  ][gc,phases,ref  ] GC(146)   SoftReference:
[40.042s][debug  ][gc,phases,ref  ] GC(146)     Discovered: 0
[40.042s][debug  ][gc,phases,ref  ] GC(146)     Cleared: 0
[40.042s][debug  ][gc,phases,ref  ] GC(146)   WeakReference:
[40.042s][debug  ][gc,phases,ref  ] GC(146)     Discovered: 0
[40.042s][debug  ][gc,phases,ref  ] GC(146)     Cleared: 0
[40.042s][debug  ][gc,phases,ref  ] GC(146)   FinalReference:
[40.042s][debug  ][gc,phases,ref  ] GC(146)     Discovered: 0
[40.042s][debug  ][gc,phases,ref  ] GC(146)     Cleared: 0
[40.042s][debug  ][gc,phases,ref  ] GC(146)   PhantomReference:
[40.042s][debug  ][gc,phases,ref  ] GC(146)     Discovered: 0
[40.042s][debug  ][gc,phases,ref  ] GC(146)     Cleared: 0
[40.042s][debug  ][gc,phases      ] GC(146) Reference Processing 0.667ms
[40.042s][debug  ][gc,phases,start] GC(146) Weak Processing
[40.042s][debug  ][gc,phases      ] GC(146)   VM Weak                        Min:  0.0, Avg:  0.0, Max:  0.0, Diff:  0.0, Sum:  0.0, Workers: 6
[40.042s][debug  ][gc,phases      ] GC(146)     Dead                           Min: 0, Avg:  0.0, Max: 0, Diff: 0, Sum: 0, Workers: 6
[40.042s][debug  ][gc,phases      ] GC(146)     Total                          Min: 0, Avg:  1.3, Max: 8, Diff: 8, Sum: 8, Workers: 6
[40.042s][debug  ][gc,phases      ] GC(146)   ObjectSynchronizer Weak        Min:  0.0, Avg:  0.0, Max:  0.0, Diff:  0.0, Sum:  0.0, Workers: 6
[40.042s][debug  ][gc,phases      ] GC(146)     Dead                           Min: 0, Avg:  0.0, Max: 0, Diff: 0, Sum: 0, Workers: 6
[40.042s][debug  ][gc,phases      ] GC(146)     Total                          Min: 0, Avg:  0.5, Max: 3, Diff: 3, Sum: 3, Workers: 6
[40.042s][debug  ][gc,phases      ] GC(146)   JVMTI Tag Weak OopStorage      Min:  0.0, Avg:  0.0, Max:  0.0, Diff:  0.0, Sum:  0.0, Workers: 6
[40.042s][debug  ][gc,phases      ] GC(146)     Dead                           Min: 0, Avg:  0.0, Max: 0, Diff: 0, Sum: 0, Workers: 6
[40.042s][debug  ][gc,phases      ] GC(146)     Total                          Min: 0, Avg:  0.0, Max: 0, Diff: 0, Sum: 0, Workers: 6
[40.042s][debug  ][gc,phases      ] GC(146)   StringTable Weak               Min:  0.0, Avg:  0.0, Max:  0.0, Diff:  0.0, Sum:  0.0, Workers: 6
[40.042s][debug  ][gc,phases      ] GC(146)     Dead                           Min: 0, Avg:  0.0, Max: 0, Diff: 0, Sum: 0, Workers: 6
[40.042s][debug  ][gc,phases      ] GC(146)     Total                          Min: 639, Avg: 892.2, Max: 1216, Diff: 577, Sum: 5353, Workers: 6
[40.042s][debug  ][gc,phases      ] GC(146)   ResolvedMethodTable Weak       Min:  0.0, Avg:  0.0, Max:  0.0, Diff:  0.0, Sum:  0.0, Workers: 6
[40.042s][debug  ][gc,phases      ] GC(146)     Dead                           Min: 0, Avg:  0.0, Max: 0, Diff: 0, Sum: 0, Workers: 6
[40.042s][debug  ][gc,phases      ] GC(146)     Total                          Min: 0, Avg: 21.7, Max: 64, Diff: 64, Sum: 130, Workers: 6
[40.042s][debug  ][gc,phases      ] GC(146)   JNI Weak                       Min:  0.0, Avg:  0.0, Max:  0.0, Diff:  0.0, Sum:  0.0, Workers: 6
[40.043s][debug  ][gc,phases      ] GC(146)     Dead                           Min: 0, Avg:  0.0, Max: 0, Diff: 0, Sum: 0, Workers: 6
[40.043s][debug  ][gc,phases      ] GC(146)     Total                          Min: 0, Avg:  0.0, Max: 0, Diff: 0, Sum: 0, Workers: 6
[40.043s][debug  ][gc,phases      ] GC(146)   StringDedup Table Weak         Min:  0.0, Avg:  0.0, Max:  0.0, Diff:  0.0, Sum:  0.0, Workers: 6
[40.043s][debug  ][gc,phases      ] GC(146)     Dead                           Min: 0, Avg:  0.0, Max: 0, Diff: 0, Sum: 0, Workers: 6
[40.043s][debug  ][gc,phases      ] GC(146)     Total                          Min: 0, Avg:  0.0, Max: 0, Diff: 0, Sum: 0, Workers: 6
[40.043s][debug  ][gc,phases      ] GC(146)   StringDedup Requests0 Weak     Min:  0.0, Avg:  0.0, Max:  0.0, Diff:  0.0, Sum:  0.0, Workers: 6
[40.043s][debug  ][gc,phases      ] GC(146)     Dead                           Min: 0, Avg:  0.0, Max: 0, Diff: 0, Sum: 0, Workers: 6
[40.043s][debug  ][gc,phases      ] GC(146)     Total                          Min: 0, Avg:  0.0, Max: 0, Diff: 0, Sum: 0, Workers: 6
[40.043s][debug  ][gc,phases      ] GC(146)   StringDedup Requests1 Weak     Min:  0.0, Avg:  0.0, Max:  0.0, Diff:  0.0, Sum:  0.0, Workers: 6
[40.043s][debug  ][gc,phases      ] GC(146)     Dead                           Min: 0, Avg:  0.0, Max: 0, Diff: 0, Sum: 0, Workers: 6
[40.043s][debug  ][gc,phases      ] GC(146)     Total                          Min: 0, Avg:  0.0, Max: 0, Diff: 0, Sum: 0, Workers: 6
[40.043s][debug  ][gc,phases      ] GC(146)   Weak JFR Old Object Samples    Min:  0.0, Avg:  0.0, Max:  0.0, Diff:  0.0, Sum:  0.0, Workers: 6
[40.043s][debug  ][gc,phases      ] GC(146)     Dead                           Min: 0, Avg:  0.0, Max: 0, Diff: 0, Sum: 0, Workers: 6
[40.043s][debug  ][gc,phases      ] GC(146)     Total                          Min: 0, Avg:  0.0, Max: 0, Diff: 0, Sum: 0, Workers: 6
[40.043s][debug  ][gc,phases      ] GC(146) Weak Processing 0.744ms
[40.043s][debug  ][gc,ergo        ] GC(146) AdaptiveSizeStart:  collection: 147 
[40.043s][debug  ][gc,ergo        ] GC(146) avg_survived_padded_avg: 31818958.000000
[40.043s][debug  ][gc,ergo        ] GC(146) avg_promoted_padded_avg: 271182080.000000  avg_pretenured_padded_avg: 0.000000  tenuring_thresh: 15  target_size: 31981568
[40.043s][debug  ][gc,age         ] GC(146) Desired survivor size 31981568 bytes, new threshold 15 (max threshold 15)
[40.043s][debug  ][gc,ergo        ] GC(146) PSAdaptiveSizePolicy::compute_eden_space_size limits: desired_eden_size: 224262765 old_eden_size: 204472320 eden_limit: 204472320 cur_eden: 204472320 max_eden_size: 204472320 avg_young_live: 27630458
[40.043s][debug  ][gc,ergo        ] GC(146) PSAdaptiveSizePolicy::compute_eden_space_size: costs minor_time: 0.049185 major_cost: 0.052450 mutator_cost: 0.898365 throughput_goal: 0.990000
[40.043s][debug  ][gc,ergo        ] GC(146) Live_space: 1059841920 free_space: 1423966208
[40.043s][debug  ][gc,ergo        ] GC(146) Old eden_size: 204472320 desired_eden_size: 204472320
[40.043s][debug  ][gc,ergo        ] GC(146) AdaptiveSizeStop: collection: 147 
[40.043s][info   ][gc,heap        ] GC(146) PSYoungGen: 229173K(230912K)->30720K(230912K) Eden: 198453K(199680K)->0K(199680K) From: 30720K(31232K)->30720K(31232K)
[40.043s][info   ][gc,heap        ] GC(146) ParOldGen: 1343076K(1835008K)->1537637K(1835008K)
[40.043s][info   ][gc,metaspace   ] GC(146) Metaspace: 1024K(1216K)->1024K(1216K) NonClass: 940K(1024K)->940K(1024K) Class: 83K(192K)->83K(192K)
[40.043s][info   ][gc             ] GC(146) Pause Young (Allocation Failure) 1535M->1531M(2017M) 17.590ms
[40.043s][info   ][gc,cpu         ] GC(146) User=0.16s Sys=0.00s Real=0.02s
[40.043s][debug  ][gc,heap        ] GC(146) Heap after GC invocations=147 (full 23):
[40.043s][debug  ][gc,heap        ] GC(146)  PSYoungGen      total 230912K, used 30720K [0x00000000f0000000, 0x0000000100000000, 0x0000000100000000)
[40.043s][debug  ][gc,heap        ] GC(146)   eden space 199680K, 0% used [0x00000000f0000000,0x00000000f0000000,0x00000000fc300000)
[40.043s][debug  ][gc,heap        ] GC(146)   from space 31232K, 98% used [0x00000000fc300000,0x00000000fe100030,0x00000000fe180000)
[40.043s][debug  ][gc,heap        ] GC(146)   to   space 31232K, 0% used [0x00000000fe180000,0x00000000fe180000,0x0000000100000000)
[40.043s][debug  ][gc,heap        ] GC(146)  ParOldGen       total 1835008K, used 1537637K [0x0000000080000000, 0x00000000f0000000, 0x00000000f0000000)
[40.043s][debug  ][gc,heap        ] GC(146)   object space 1835008K, 83% used [0x0000000080000000,0x00000000ddd994e0,0x00000000f0000000)
[40.043s][debug  ][gc,heap        ] GC(146)  Metaspace       used 1024K, committed 1216K, reserved 1056768K
[40.043s][debug  ][gc,heap        ] GC(146)   class space    used 83K, committed 192K, reserved 1048576K
[40.043s][debug  ][gc,task,time   ] GC(146) VM-Thread 400251045 400413915 400434021
[40.342s][debug  ][gc,heap        ] GC(147) Heap before GC invocations=148 (full 23):
[40.343s][debug  ][gc,heap        ] GC(147)  PSYoungGen      total 230912K, used 229181K [0x00000000f0000000, 0x0000000100000000, 0x0000000100000000)
[40.343s][debug  ][gc,heap        ] GC(147)   eden space 199680K, 99% used [0x00000000f0000000,0x00000000fc1cf590,0x00000000fc300000)
[40.343s][debug  ][gc,heap        ] GC(147)   from space 31232K, 98% used [0x00000000fc300000,0x00000000fe100030,0x00000000fe180000)
[40.343s][debug  ][gc,heap        ] GC(147)   to   space 31232K, 0% used [0x00000000fe180000,0x00000000fe180000,0x0000000100000000)
[40.343s][debug  ][gc,heap        ] GC(147)  ParOldGen       total 1835008K, used 1537637K [0x0000000080000000, 0x00000000f0000000, 0x00000000f0000000)
[40.343s][debug  ][gc,heap        ] GC(147)   object space 1835008K, 83% used [0x0000000080000000,0x00000000ddd994e0,0x00000000f0000000)
[40.343s][debug  ][gc,heap        ] GC(147)  Metaspace       used 1024K, committed 1216K, reserved 1056768K
[40.343s][debug  ][gc,heap        ] GC(147)   class space    used 83K, committed 192K, reserved 1048576K
[40.343s][debug  ][gc,tlab        ] GC(147) TLAB totals: thrds: 1  refills: 1 max: 1 slow allocs: 18 max 18 waste: 27.6% gc: 3994720B max: 3994720B slow: 0B max: 0B
[40.343s][info   ][gc,start       ] GC(147) Pause Young (Allocation Failure)
[40.343s][debug  ][gc,phases,start] GC(147) Scavenge
[40.358s][debug  ][gc,phases      ] GC(147) Scavenge 15.341ms
[40.358s][debug  ][gc,phases,start] GC(147) Reference Processing
[40.358s][debug  ][gc,ref         ] GC(147) Skipped phase 1 of Reference Processing: no references
[40.358s][debug  ][gc,ref         ] GC(147) Skipped phase 2 of Reference Processing: no references
[40.358s][debug  ][gc,ref         ] GC(147) Skipped phase 3 of Reference Processing: no references
[40.358s][debug  ][gc,ref         ] GC(147) Skipped phase 4 of Reference Processing: no references
[40.358s][debug  ][gc,phases,ref  ] GC(147) Reference Processing: 0.1ms
[40.358s][debug  ][gc,phases,ref  ] GC(147)   Reconsider SoftReferences: 0.0ms
[40.358s][debug  ][gc,phases,ref  ] GC(147)     SoftRef (ms):                  skipped
[40.359s][debug  ][gc,phases,ref  ] GC(147)   Notify Soft/WeakReferences: 0.0ms
[40.359s][debug  ][gc,phases,ref  ] GC(147)     SoftRef (ms):                  skipped
[40.359s][debug  ][gc,phases,ref  ] GC(147)     WeakRef (ms):                  skipped
[40.359s][debug  ][gc,phases,ref  ] GC(147)     FinalRef (ms):                 skipped
[40.359s][debug  ][gc,phases,ref  ] GC(147)     Total (ms):                    skipped
[40.359s][debug  ][gc,phases,ref  ] GC(147)   Notify and keep alive finalizable: 0.0ms
[40.359s][debug  ][gc,phases,ref  ] GC(147)     FinalRef (ms):                 skipped
[40.359s][debug  ][gc,phases,ref  ] GC(147)   Notify PhantomReferences: 0.0ms
[40.359s][debug  ][gc,phases,ref  ] GC(147)     PhantomRef (ms):               skipped
[40.359s][debug  ][gc,phases,ref  ] GC(147)   SoftReference:
[40.359s][debug  ][gc,phases,ref  ] GC(147)     Discovered: 0
[40.359s][debug  ][gc,phases,ref  ] GC(147)     Cleared: 0
[40.359s][debug  ][gc,phases,ref  ] GC(147)   WeakReference:
[40.359s][debug  ][gc,phases,ref  ] GC(147)     Discovered: 0
[40.359s][debug  ][gc,phases,ref  ] GC(147)     Cleared: 0
[40.359s][debug  ][gc,phases,ref  ] GC(147)   FinalReference:
[40.359s][debug  ][gc,phases,ref  ] GC(147)     Discovered: 0
[40.359s][debug  ][gc,phases,ref  ] GC(147)     Cleared: 0
[40.359s][debug  ][gc,phases,ref  ] GC(147)   PhantomReference:
[40.359s][debug  ][gc,phases,ref  ] GC(147)     Discovered: 0
[40.359s][debug  ][gc,phases,ref  ] GC(147)     Cleared: 0
[40.359s][debug  ][gc,phases      ] GC(147) Reference Processing 0.713ms
[40.359s][debug  ][gc,phases,start] GC(147) Weak Processing
[40.359s][debug  ][gc,phases      ] GC(147)   VM Weak                        Min:  0.0, Avg:  0.0, Max:  0.0, Diff:  0.0, Sum:  0.0, Workers: 6
[40.359s][debug  ][gc,phases      ] GC(147)     Dead                           Min: 0, Avg:  0.0, Max: 0, Diff: 0, Sum: 0, Workers: 6
[40.359s][debug  ][gc,phases      ] GC(147)     Total                          Min: 0, Avg:  1.3, Max: 8, Diff: 8, Sum: 8, Workers: 6
[40.359s][debug  ][gc,phases      ] GC(147)   ObjectSynchronizer Weak        Min:  0.0, Avg:  0.0, Max:  0.0, Diff:  0.0, Sum:  0.0, Workers: 6
[40.359s][debug  ][gc,phases      ] GC(147)     Dead                           Min: 0, Avg:  0.0, Max: 0, Diff: 0, Sum: 0, Workers: 6
[40.359s][debug  ][gc,phases      ] GC(147)     Total                          Min: 0, Avg:  0.5, Max: 3, Diff: 3, Sum: 3, Workers: 6
[40.359s][debug  ][gc,phases      ] GC(147)   JVMTI Tag Weak OopStorage      Min:  0.0, Avg:  0.0, Max:  0.0, Diff:  0.0, Sum:  0.0, Workers: 6
[40.359s][debug  ][gc,phases      ] GC(147)     Dead                           Min: 0, Avg:  0.0, Max: 0, Diff: 0, Sum: 0, Workers: 6
[40.359s][debug  ][gc,phases      ] GC(147)     Total                          Min: 0, Avg:  0.0, Max: 0, Diff: 0, Sum: 0, Workers: 6
[40.359s][debug  ][gc,phases      ] GC(147)   StringTable Weak               Min:  0.0, Avg:  0.0, Max:  0.0, Diff:  0.0, Sum:  0.0, Workers: 6
[40.359s][debug  ][gc,phases      ] GC(147)     Dead                           Min: 0, Avg:  0.0, Max: 0, Diff: 0, Sum: 0, Workers: 6
[40.359s][debug  ][gc,phases      ] GC(147)     Total                          Min: 768, Avg: 892.2, Max: 1002, Diff: 234, Sum: 5353, Workers: 6
[40.359s][debug  ][gc,phases      ] GC(147)   ResolvedMethodTable Weak       Min:  0.0, Avg:  0.0, Max:  0.0, Diff:  0.0, Sum:  0.0, Workers: 6
[40.359s][debug  ][gc,phases      ] GC(147)     Dead                           Min: 0, Avg:  0.0, Max: 0, Diff: 0, Sum: 0, Workers: 6
[40.359s][debug  ][gc,phases      ] GC(147)     Total                          Min: 0, Avg: 21.7, Max: 64, Diff: 64, Sum: 130, Workers: 6
[40.359s][debug  ][gc,phases      ] GC(147)   JNI Weak                       Min:  0.0, Avg:  0.0, Max:  0.0, Diff:  0.0, Sum:  0.0, Workers: 6
[40.359s][debug  ][gc,phases      ] GC(147)     Dead                           Min: 0, Avg:  0.0, Max: 0, Diff: 0, Sum: 0, Workers: 6
[40.359s][debug  ][gc,phases      ] GC(147)     Total                          Min: 0, Avg:  0.0, Max: 0, Diff: 0, Sum: 0, Workers: 6
[40.359s][debug  ][gc,phases      ] GC(147)   StringDedup Table Weak         Min:  0.0, Avg:  0.0, Max:  0.0, Diff:  0.0, Sum:  0.0, Workers: 6
[40.360s][debug  ][gc,phases      ] GC(147)     Dead                           Min: 0, Avg:  0.0, Max: 0, Diff: 0, Sum: 0, Workers: 6
[40.360s][debug  ][gc,phases      ] GC(147)     Total                          Min: 0, Avg:  0.0, Max: 0, Diff: 0, Sum: 0, Workers: 6
[40.360s][debug  ][gc,phases      ] GC(147)   StringDedup Requests0 Weak     Min:  0.0, Avg:  0.0, Max:  0.0, Diff:  0.0, Sum:  0.0, Workers: 6
[40.360s][debug  ][gc,phases      ] GC(147)     Dead                           Min: 0, Avg:  0.0, Max: 0, Diff: 0, Sum: 0, Workers: 6
[40.360s][debug  ][gc,phases      ] GC(147)     Total                          Min: 0, Avg:  0.0, Max: 0, Diff: 0, Sum: 0, Workers: 6
[40.360s][debug  ][gc,phases      ] GC(147)   StringDedup Requests1 Weak     Min:  0.0, Avg:  0.0, Max:  0.0, Diff:  0.0, Sum:  0.0, Workers: 6
[40.360s][debug  ][gc,phases      ] GC(147)     Dead                           Min: 0, Avg:  0.0, Max: 0, Diff: 0, Sum: 0, Workers: 6
[40.360s][debug  ][gc,phases      ] GC(147)     Total                          Min: 0, Avg:  0.0, Max: 0, Diff: 0, Sum: 0, Workers: 6
[40.360s][debug  ][gc,phases      ] GC(147)   Weak JFR Old Object Samples    Min:  0.0, Avg:  0.0, Max:  0.0, Diff:  0.0, Sum:  0.0, Workers: 6
[40.360s][debug  ][gc,phases      ] GC(147)     Dead                           Min: 0, Avg:  0.0, Max: 0, Diff: 0, Sum: 0, Workers: 6
[40.360s][debug  ][gc,phases      ] GC(147)     Total                          Min: 0, Avg:  0.0, Max: 0, Diff: 0, Sum: 0, Workers: 6
[40.360s][debug  ][gc,phases      ] GC(147) Weak Processing 0.732ms
[40.360s][debug  ][gc,ergo        ] GC(147) AdaptiveSizeStart:  collection: 148 
[40.360s][debug  ][gc,ergo        ] GC(147) avg_survived_padded_avg: 31788764.000000
[40.360s][debug  ][gc,ergo        ] GC(147) avg_promoted_padded_avg: 271900416.000000  avg_pretenured_padded_avg: 0.000000  tenuring_thresh: 15  target_size: 31981568
[40.360s][debug  ][gc,age         ] GC(147) Desired survivor size 31981568 bytes, new threshold 15 (max threshold 15)
[40.360s][debug  ][gc,ergo        ] GC(147) PSAdaptiveSizePolicy::compute_eden_space_size limits: desired_eden_size: 224477437 old_eden_size: 204472320 eden_limit: 204472320 cur_eden: 204472320 max_eden_size: 204472320 avg_young_live: 28013144
[40.360s][debug  ][gc,ergo        ] GC(147) PSAdaptiveSizePolicy::compute_eden_space_size: costs minor_time: 0.050230 major_cost: 0.052450 mutator_cost: 0.897320 throughput_goal: 0.990000
[40.360s][debug  ][gc,ergo        ] GC(147) Live_space: 1060224640 free_space: 1423966208
[40.360s][debug  ][gc,ergo        ] GC(147) Old eden_size: 204472320 desired_eden_size: 204472320
[40.360s][debug  ][gc,ergo        ] GC(147) AdaptiveSizeStop: collection: 148 
[40.360s][info   ][gc,heap        ] GC(147) PSYoungGen: 229181K(230912K)->30720K(230912K) Eden: 198461K(199680K)->0K(199680K) From: 30720K(31232K)->30720K(31232K)
[40.360s][info   ][gc,heap        ] GC(147) ParOldGen: 1537637K(1835008K)->1732197K(1835008K)
[40.360s][info   ][gc,metaspace   ] GC(147) Metaspace: 1024K(1216K)->1024K(1216K) NonClass: 940K(1024K)->940K(1024K) Class: 83K(192K)->83K(192K)
[40.360s][info   ][gc             ] GC(147) Pause Young (Allocation Failure) 1725M->1721M(2017M) 17.248ms
[40.360s][info   ][gc,cpu         ] GC(147) User=0.14s Sys=0.00s Real=0.02s
[40.360s][debug  ][gc,heap        ] GC(147) Heap after GC invocations=148 (full 23):
[40.360s][debug  ][gc,heap        ] GC(147)  PSYoungGen      total 230912K, used 30720K [0x00000000f0000000, 0x0000000100000000, 0x0000000100000000)
[40.360s][debug  ][gc,heap        ] GC(147)   eden space 199680K, 0% used [0x00000000f0000000,0x00000000f0000000,0x00000000fc300000)
[40.360s][debug  ][gc,heap        ] GC(147)   from space 31232K, 98% used [0x00000000fe180000,0x00000000fff80030,0x0000000100000000)
[40.360s][debug  ][gc,heap        ] GC(147)   to   space 31232K, 0% used [0x00000000fc300000,0x00000000fc300000,0x00000000fe180000)
[40.360s][debug  ][gc,heap        ] GC(147)  ParOldGen       total 1835008K, used 1732197K [0x0000000080000000, 0x00000000f0000000, 0x00000000f0000000)
[40.360s][debug  ][gc,heap        ] GC(147)   object space 1835008K, 94% used [0x0000000080000000,0x00000000e9b99610,0x00000000f0000000)
[40.360s][debug  ][gc,heap        ] GC(147)  Metaspace       used 1024K, committed 1216K, reserved 1056768K
[40.360s][debug  ][gc,heap        ] GC(147)   class space    used 83K, committed 192K, reserved 1048576K
[40.360s][debug  ][gc,task,time   ] GC(147) VM-Thread 403424685 403582787 403603205
[40.360s][debug  ][gc,phases,start] GC(148) Pre Compact
[40.360s][debug  ][gc,heap        ] GC(148) Heap before GC invocations=149 (full 24):
[40.360s][debug  ][gc,heap        ] GC(148)  PSYoungGen      total 230912K, used 30720K [0x00000000f0000000, 0x0000000100000000, 0x0000000100000000)
[40.360s][debug  ][gc,heap        ] GC(148)   eden space 199680K, 0% used [0x00000000f0000000,0x00000000f0000000,0x00000000fc300000)
[40.360s][debug  ][gc,heap        ] GC(148)   from space 31232K, 98% used [0x00000000fe180000,0x00000000fff80030,0x0000000100000000)
[40.360s][debug  ][gc,heap        ] GC(148)   to   space 31232K, 0% used [0x00000000fc300000,0x00000000fc300000,0x00000000fe180000)
[40.360s][debug  ][gc,heap        ] GC(148)  ParOldGen       total 1835008K, used 1732197K [0x0000000080000000, 0x00000000f0000000, 0x00000000f0000000)
[40.360s][debug  ][gc,heap        ] GC(148)   object space 1835008K, 94% used [0x0000000080000000,0x00000000e9b99610,0x00000000f0000000)
[40.361s][debug  ][gc,heap        ] GC(148)  Metaspace       used 1024K, committed 1216K, reserved 1056768K
[40.361s][debug  ][gc,heap        ] GC(148)   class space    used 83K, committed 192K, reserved 1048576K
[40.361s][debug  ][gc,phases      ] GC(148) Pre Compact 0.223ms
[40.361s][info   ][gc,start       ] GC(148) Pause Full (Ergonomics)
[40.361s][info   ][gc,phases,start] GC(148) Marking Phase
[40.361s][debug  ][gc,phases,start] GC(148) Par Mark
[40.361s][debug  ][gc,phases      ] GC(148) Par Mark 0.508ms
[40.361s][debug  ][gc,phases,start] GC(148) Reference Processing
[40.361s][debug  ][gc,ref         ] GC(148) Skipped phase 1 of Reference Processing: no references
[40.361s][debug  ][gc,ref         ] GC(148) ReferenceProcessor::execute queues: 1, RefProcThreadModel::Single, marks_oops_alive: false
[40.361s][debug  ][gc,ref         ] GC(148) Skipped phase 3 of Reference Processing: no references
[40.361s][debug  ][gc,ref         ] GC(148) ReferenceProcessor::execute queues: 1, RefProcThreadModel::Single, marks_oops_alive: false
[40.361s][debug  ][gc,phases,ref  ] GC(148) Reference Processing: 0.1ms
[40.361s][debug  ][gc,phases,ref  ] GC(148)   Reconsider SoftReferences: 0.0ms
[40.361s][debug  ][gc,phases,ref  ] GC(148)     SoftRef (ms):                  skipped
[40.361s][debug  ][gc,phases,ref  ] GC(148)   Notify Soft/WeakReferences: 0.0ms
[40.361s][debug  ][gc,phases,ref  ] GC(148)     SoftRef (ms):                  Min:  0.0, Avg:  0.0, Max:  0.0, Diff:  0.0, Sum:  0.0, Workers: 10
[40.361s][debug  ][gc,phases,ref  ] GC(148)     WeakRef (ms):                  Min:  0.0, Avg:  0.0, Max:  0.0, Diff:  0.0, Sum:  0.0, Workers: 10
[40.361s][debug  ][gc,phases,ref  ] GC(148)     FinalRef (ms):                 Min:  0.0, Avg:  0.0, Max:  0.0, Diff:  0.0, Sum:  0.0, Workers: 10
[40.361s][debug  ][gc,phases,ref  ] GC(148)     Total (ms):                    Min:  0.0, Avg:  0.0, Max:  0.0, Diff:  0.0, Sum:  0.0, Workers: 10
[40.361s][debug  ][gc,phases,ref  ] GC(148)   Notify and keep alive finalizable: 0.0ms
[40.362s][debug  ][gc,phases,ref  ] GC(148)     FinalRef (ms):                 skipped
[40.362s][debug  ][gc,phases,ref  ] GC(148)   Notify PhantomReferences: 0.0ms
[40.362s][debug  ][gc,phases,ref  ] GC(148)     PhantomRef (ms):               Min:  0.0, Avg:  0.0, Max:  0.0, Diff:  0.0, Sum:  0.0, Workers: 10
[40.362s][debug  ][gc,phases,ref  ] GC(148)   SoftReference:
[40.362s][debug  ][gc,phases,ref  ] GC(148)     Discovered: 0
[40.362s][debug  ][gc,phases,ref  ] GC(148)     Cleared: 0
[40.362s][debug  ][gc,phases,ref  ] GC(148)   WeakReference:
[40.362s][debug  ][gc,phases,ref  ] GC(148)     Discovered: 64
[40.362s][debug  ][gc,phases,ref  ] GC(148)     Cleared: 64
[40.362s][debug  ][gc,phases,ref  ] GC(148)   FinalReference:
[40.362s][debug  ][gc,phases,ref  ] GC(148)     Discovered: 0
[40.362s][debug  ][gc,phases,ref  ] GC(148)     Cleared: 0
[40.362s][debug  ][gc,phases,ref  ] GC(148)   PhantomReference:
[40.362s][debug  ][gc,phases,ref  ] GC(148)     Discovered: 3
[40.362s][debug  ][gc,phases,ref  ] GC(148)     Cleared: 3
[40.362s][debug  ][gc,phases      ] GC(148) Reference Processing 0.647ms
[40.362s][debug  ][gc,phases,start] GC(148) Weak Processing
[40.362s][debug  ][gc,phases      ] GC(148)   VM Weak                        Min:  0.0, Avg:  0.0, Max:  0.0, Diff:  0.0, Sum:  0.0, Workers: 6
[40.362s][debug  ][gc,phases      ] GC(148)     Dead                           Min: 0, Avg:  0.0, Max: 0, Diff: 0, Sum: 0, Workers: 6
[40.362s][debug  ][gc,phases      ] GC(148)     Total                          Min: 0, Avg:  1.3, Max: 8, Diff: 8, Sum: 8, Workers: 6
[40.362s][debug  ][gc,phases      ] GC(148)   ObjectSynchronizer Weak        Min:  0.0, Avg:  0.0, Max:  0.0, Diff:  0.0, Sum:  0.0, Workers: 6
[40.362s][debug  ][gc,phases      ] GC(148)     Dead                           Min: 0, Avg:  0.0, Max: 0, Diff: 0, Sum: 0, Workers: 6
[40.362s][debug  ][gc,phases      ] GC(148)     Total                          Min: 0, Avg:  0.5, Max: 3, Diff: 3, Sum: 3, Workers: 6
[40.362s][debug  ][gc,phases      ] GC(148)   JVMTI Tag Weak OopStorage      Min:  0.0, Avg:  0.0, Max:  0.0, Diff:  0.0, Sum:  0.0, Workers: 6
[40.362s][debug  ][gc,phases      ] GC(148)     Dead                           Min: 0, Avg:  0.0, Max: 0, Diff: 0, Sum: 0, Workers: 6
[40.362s][debug  ][gc,phases      ] GC(148)     Total                          Min: 0, Avg:  0.0, Max: 0, Diff: 0, Sum: 0, Workers: 6
[40.362s][debug  ][gc,phases      ] GC(148)   StringTable Weak               Min:  0.0, Avg:  0.0, Max:  0.0, Diff:  0.0, Sum:  0.0, Workers: 6
[40.362s][debug  ][gc,phases      ] GC(148)     Dead                           Min: 0, Avg:  0.0, Max: 0, Diff: 0, Sum: 0, Workers: 6
[40.362s][debug  ][gc,phases      ] GC(148)     Total                          Min: 447, Avg: 892.2, Max: 1344, Diff: 897, Sum: 5353, Workers: 6
[40.362s][debug  ][gc,phases      ] GC(148)   ResolvedMethodTable Weak       Min:  0.0, Avg:  0.0, Max:  0.0, Diff:  0.0, Sum:  0.0, Workers: 6
[40.362s][debug  ][gc,phases      ] GC(148)     Dead                           Min: 0, Avg:  0.0, Max: 0, Diff: 0, Sum: 0, Workers: 6
[40.362s][debug  ][gc,phases      ] GC(148)     Total                          Min: 0, Avg: 21.7, Max: 64, Diff: 64, Sum: 130, Workers: 6
[40.362s][debug  ][gc,phases      ] GC(148)   JNI Weak                       Min:  0.0, Avg:  0.0, Max:  0.0, Diff:  0.0, Sum:  0.0, Workers: 6
[40.362s][debug  ][gc,phases      ] GC(148)     Dead                           Min: 0, Avg:  0.0, Max: 0, Diff: 0, Sum: 0, Workers: 6
[40.362s][debug  ][gc,phases      ] GC(148)     Total                          Min: 0, Avg:  0.0, Max: 0, Diff: 0, Sum: 0, Workers: 6
[40.362s][debug  ][gc,phases      ] GC(148)   StringDedup Table Weak         Min:  0.0, Avg:  0.0, Max:  0.0, Diff:  0.0, Sum:  0.0, Workers: 6
[40.362s][debug  ][gc,phases      ] GC(148)     Dead                           Min: 0, Avg:  0.0, Max: 0, Diff: 0, Sum: 0, Workers: 6
[40.362s][debug  ][gc,phases      ] GC(148)     Total                          Min: 0, Avg:  0.0, Max: 0, Diff: 0, Sum: 0, Workers: 6
[40.362s][debug  ][gc,phases      ] GC(148)   StringDedup Requests0 Weak     Min:  0.0, Avg:  0.0, Max:  0.0, Diff:  0.0, Sum:  0.0, Workers: 6
[40.363s][debug  ][gc,phases      ] GC(148)     Dead                           Min: 0, Avg:  0.0, Max: 0, Diff: 0, Sum: 0, Workers: 6
[40.363s][debug  ][gc,phases      ] GC(148)     Total                          Min: 0, Avg:  0.0, Max: 0, Diff: 0, Sum: 0, Workers: 6
[40.363s][debug  ][gc,phases      ] GC(148)   StringDedup Requests1 Weak     Min:  0.0, Avg:  0.0, Max:  0.0, Diff:  0.0, Sum:  0.0, Workers: 6
[40.363s][debug  ][gc,phases      ] GC(148)     Dead                           Min: 0, Avg:  0.0, Max: 0, Diff: 0, Sum: 0, Workers: 6
[40.363s][debug  ][gc,phases      ] GC(148)     Total                          Min: 0, Avg:  0.0, Max: 0, Diff: 0, Sum: 0, Workers: 6
[40.363s][debug  ][gc,phases      ] GC(148)   Weak JFR Old Object Samples    Min:  0.0, Avg:  0.0, Max:  0.0, Diff:  0.0, Sum:  0.0, Workers: 6
[40.363s][debug  ][gc,phases      ] GC(148)     Dead                           Min: 0, Avg:  0.0, Max: 0, Diff: 0, Sum: 0, Workers: 6
[40.363s][debug  ][gc,phases      ] GC(148)     Total                          Min: 0, Avg:  0.0, Max: 0, Diff: 0, Sum: 0, Workers: 6
[40.363s][debug  ][gc,phases      ] GC(148) Weak Processing 0.874ms
[40.363s][debug  ][gc,phases,start] GC(148) Class Unloading
[40.363s][debug  ][gc,phases,start] GC(148) ClassLoaderData
[40.363s][debug  ][gc,phases      ] GC(148) ClassLoaderData 0.027ms
[40.363s][debug  ][gc,phases,start] GC(148) Trigger cleanups
[40.363s][debug  ][gc,phases      ] GC(148) Trigger cleanups 0.026ms
[40.363s][debug  ][gc,phases      ] GC(148) Class Unloading 0.289ms
[40.363s][info   ][gc,phases      ] GC(148) Marking Phase 2.453ms
[40.363s][info   ][gc,phases,start] GC(148) Summary Phase
[40.363s][info   ][gc,phases      ] GC(148) Summary Phase 0.038ms
[40.363s][info   ][gc,phases,start] GC(148) Adjust Roots
[40.363s][info   ][gc,phases      ] GC(148) Adjust Roots 0.157ms
[40.363s][info   ][gc,phases,start] GC(148) Compaction Phase
[40.459s][info   ][gc,phases      ] GC(148) Compaction Phase 95.635ms
[40.459s][info   ][gc,phases,start] GC(148) Post Compact
[40.465s][info   ][gc,phases      ] GC(148) Post Compact 5.810ms
[40.465s][debug  ][gc,ergo        ] GC(148) AdaptiveSizeStart: collection: 149 
[40.465s][debug  ][gc,ergo        ] GC(148) PSAdaptiveSizePolicy::compute_eden_space_size limits: desired_eden_size: 224499564 old_eden_size: 204472320 eden_limit: 204472320 cur_eden: 204472320 max_eden_size: 204472320 avg_young_live: 25211830
[40.465s][debug  ][gc,ergo        ] GC(148) PSAdaptiveSizePolicy::compute_eden_space_size: costs minor_time: 0.050230 major_cost: 0.052337 mutator_cost: 0.897434 throughput_goal: 0.990000
[40.465s][debug  ][gc,ergo        ] GC(148) Live_space: 1057423296 free_space: 1423966208
[40.465s][debug  ][gc,ergo        ] GC(148) Old eden_size: 204472320 desired_eden_size: 204472320
[40.465s][debug  ][gc,ergo        ] GC(148) PSAdaptiveSizePolicy::compute_old_gen_free_space limits: desired_promo_size: 1344162149 promo_limit: 1219493888 free_in_old_gen: 1102353280 max_old_gen_size: 1879048192 avg_old_live: 776694912
[40.465s][debug  ][gc,ergo        ] GC(148) PSAdaptiveSizePolicy::compute_old_gen_free_space: costs minor_time: 0.050230 major_cost: 0.052337  mutator_cost: 0.897434 throughput_goal: 0.990000
[40.465s][debug  ][gc,ergo        ] GC(148) Live_space: 1070342208 free_space: 1423966208
[40.465s][debug  ][gc,ergo        ] GC(148) Old promo_size: 1219493888 desired_promo_size: 1219493888
[40.465s][debug  ][gc,ergo        ] GC(148) AdaptiveSizeStop: collection: 149 
[40.465s][info   ][gc,heap        ] GC(148) PSYoungGen: 30720K(230912K)->0K(230912K) Eden: 0K(199680K)->0K(199680K) From: 30720K(31232K)->0K(31232K)
[40.465s][info   ][gc,heap        ] GC(148) ParOldGen: 1732197K(1835008K)->872036K(1835008K)
[40.465s][info   ][gc,metaspace   ] GC(148) Metaspace: 1024K(1216K)->1024K(1216K) NonClass: 940K(1024K)->940K(1024K) Class: 83K(192K)->83K(192K)
[40.465s][info   ][gc             ] GC(148) Pause Full (Ergonomics) 1721M->851M(2017M) 104.774ms
[40.465s][info   ][gc,cpu         ] GC(148) User=1.05s Sys=0.00s Real=0.11s
[40.465s][debug  ][gc,heap        ] GC(148) Heap after GC invocations=149 (full 24):
[40.465s][debug  ][gc,heap        ] GC(148)  PSYoungGen      total 230912K, used 0K [0x00000000f0000000, 0x0000000100000000, 0x0000000100000000)
[40.465s][debug  ][gc,heap        ] GC(148)   eden space 199680K, 0% used [0x00000000f0000000,0x00000000f0000000,0x00000000fc300000)
[40.466s][debug  ][gc,heap        ] GC(148)   from space 31232K, 0% used [0x00000000fc300000,0x00000000fc300000,0x00000000fe180000)
[40.466s][debug  ][gc,heap        ] GC(148)   to   space 31232K, 0% used [0x00000000fe180000,0x00000000fe180000,0x0000000100000000)
[40.466s][debug  ][gc,heap        ] GC(148)  ParOldGen       total 1835008K, used 872036K [0x0000000080000000, 0x00000000f0000000, 0x00000000f0000000)
[40.466s][debug  ][gc,heap        ] GC(148)   object space 1835008K, 47% used [0x0000000080000000,0x00000000b53990d0,0x00000000f0000000)
[40.466s][debug  ][gc,heap        ] GC(148)  Metaspace       used 1024K, committed 1216K, reserved 1056768K
[40.466s][debug  ][gc,heap        ] GC(148)   class space    used 83K, committed 192K, reserved 1048576K
[40.466s][debug  ][gc,task,time   ] GC(148) VM-Thread 403606181 403633679 404654301
[40.773s][debug  ][gc,heap        ] GC(149) Heap before GC invocations=150 (full 24):
[40.773s][debug  ][gc,heap        ] GC(149)  PSYoungGen      total 230912K, used 198466K [0x00000000f0000000, 0x0000000100000000, 0x0000000100000000)
[40.773s][debug  ][gc,heap        ] GC(149)   eden space 199680K, 99% used [0x00000000f0000000,0x00000000fc1d0928,0x00000000fc300000)
[40.773s][debug  ][gc,heap        ] GC(149)   from space 31232K, 0% used [0x00000000fc300000,0x00000000fc300000,0x00000000fe180000)
[40.773s][debug  ][gc,heap        ] GC(149)   to   space 31232K, 0% used [0x00000000fe180000,0x00000000fe180000,0x0000000100000000)
[40.773s][debug  ][gc,heap        ] GC(149)  ParOldGen       total 1835008K, used 872036K [0x0000000080000000, 0x00000000f0000000, 0x00000000f0000000)
[40.773s][debug  ][gc,heap        ] GC(149)   object space 1835008K, 47% used [0x0000000080000000,0x00000000b53990d0,0x00000000f0000000)
[40.773s][debug  ][gc,heap        ] GC(149)  Metaspace       used 1024K, committed 1216K, reserved 1056768K
[40.773s][debug  ][gc,heap        ] GC(149)   class space    used 83K, committed 192K, reserved 1048576K
[40.773s][debug  ][gc,tlab        ] GC(149) TLAB totals: thrds: 1  refills: 1 max: 1 slow allocs: 18 max 18 waste: 27.6% gc: 3998672B max: 3998672B slow: 0B max: 0B
[40.773s][info   ][gc,start       ] GC(149) Pause Young (Allocation Failure)
[40.773s][debug  ][gc,phases,start] GC(149) Scavenge
[40.777s][debug  ][gc,phases      ] GC(149) Scavenge 3.812ms
[40.777s][debug  ][gc,phases,start] GC(149) Reference Processing
[40.777s][debug  ][gc,ref         ] GC(149) Skipped phase 1 of Reference Processing: no references
[40.777s][debug  ][gc,ref         ] GC(149) Skipped phase 2 of Reference Processing: no references
[40.777s][debug  ][gc,ref         ] GC(149) Skipped phase 3 of Reference Processing: no references
[40.777s][debug  ][gc,ref         ] GC(149) Skipped phase 4 of Reference Processing: no references
[40.777s][debug  ][gc,phases,ref  ] GC(149) Reference Processing: 0.1ms
[40.777s][debug  ][gc,phases,ref  ] GC(149)   Reconsider SoftReferences: 0.0ms
[40.777s][debug  ][gc,phases,ref  ] GC(149)     SoftRef (ms):                  skipped
[40.777s][debug  ][gc,phases,ref  ] GC(149)   Notify Soft/WeakReferences: 0.0ms
[40.777s][debug  ][gc,phases,ref  ] GC(149)     SoftRef (ms):                  skipped
[40.777s][debug  ][gc,phases,ref  ] GC(149)     WeakRef (ms):                  skipped
[40.777s][debug  ][gc,phases,ref  ] GC(149)     FinalRef (ms):                 skipped
[40.778s][debug  ][gc,phases,ref  ] GC(149)     Total (ms):                    skipped
[40.778s][debug  ][gc,phases,ref  ] GC(149)   Notify and keep alive finalizable: 0.0ms
[40.778s][debug  ][gc,phases,ref  ] GC(149)     FinalRef (ms):                 skipped
[40.778s][debug  ][gc,phases,ref  ] GC(149)   Notify PhantomReferences: 0.0ms
[40.778s][debug  ][gc,phases,ref  ] GC(149)     PhantomRef (ms):               skipped
[40.778s][debug  ][gc,phases,ref  ] GC(149)   SoftReference:
[40.778s][debug  ][gc,phases,ref  ] GC(149)     Discovered: 0
[40.778s][debug  ][gc,phases,ref  ] GC(149)     Cleared: 0
[40.778s][debug  ][gc,phases,ref  ] GC(149)   WeakReference:
[40.778s][debug  ][gc,phases,ref  ] GC(149)     Discovered: 0
[40.778s][debug  ][gc,phases,ref  ] GC(149)     Cleared: 0
[40.778s][debug  ][gc,phases,ref  ] GC(149)   FinalReference:
[40.778s][debug  ][gc,phases,ref  ] GC(149)     Discovered: 0
[40.778s][debug  ][gc,phases,ref  ] GC(149)     Cleared: 0
[40.778s][debug  ][gc,phases,ref  ] GC(149)   PhantomReference:
[40.778s][debug  ][gc,phases,ref  ] GC(149)     Discovered: 0
[40.778s][debug  ][gc,phases,ref  ] GC(149)     Cleared: 0
[40.778s][debug  ][gc,phases      ] GC(149) Reference Processing 0.874ms
[40.778s][debug  ][gc,phases,start] GC(149) Weak Processing
[40.778s][debug  ][gc,phases      ] GC(149)   VM Weak                        Min:  0.0, Avg:  0.0, Max:  0.0, Diff:  0.0, Sum:  0.0, Workers: 6
[40.778s][debug  ][gc,phases      ] GC(149)     Dead                           Min: 0, Avg:  0.0, Max: 0, Diff: 0, Sum: 0, Workers: 6
[40.778s][debug  ][gc,phases      ] GC(149)     Total                          Min: 0, Avg:  1.3, Max: 8, Diff: 8, Sum: 8, Workers: 6
[40.778s][debug  ][gc,phases      ] GC(149)   ObjectSynchronizer Weak        Min:  0.0, Avg:  0.0, Max:  0.0, Diff:  0.0, Sum:  0.0, Workers: 6
[40.778s][debug  ][gc,phases      ] GC(149)     Dead                           Min: 0, Avg:  0.0, Max: 0, Diff: 0, Sum: 0, Workers: 6
[40.778s][debug  ][gc,phases      ] GC(149)     Total                          Min: 0, Avg:  0.5, Max: 3, Diff: 3, Sum: 3, Workers: 6
[40.778s][debug  ][gc,phases      ] GC(149)   JVMTI Tag Weak OopStorage      Min:  0.0, Avg:  0.0, Max:  0.0, Diff:  0.0, Sum:  0.0, Workers: 6
[40.778s][debug  ][gc,phases      ] GC(149)     Dead                           Min: 0, Avg:  0.0, Max: 0, Diff: 0, Sum: 0, Workers: 6
[40.778s][debug  ][gc,phases      ] GC(149)     Total                          Min: 0, Avg:  0.0, Max: 0, Diff: 0, Sum: 0, Workers: 6
[40.778s][debug  ][gc,phases      ] GC(149)   StringTable Weak               Min:  0.0, Avg:  0.0, Max:  0.0, Diff:  0.0, Sum:  0.1, Workers: 6
[40.778s][debug  ][gc,phases      ] GC(149)     Dead                           Min: 0, Avg:  0.0, Max: 0, Diff: 0, Sum: 0, Workers: 6
[40.778s][debug  ][gc,phases      ] GC(149)     Total                          Min: 832, Avg: 892.2, Max: 960, Diff: 128, Sum: 5353, Workers: 6
[40.779s][debug  ][gc,phases      ] GC(149)   ResolvedMethodTable Weak       Min:  0.0, Avg:  0.0, Max:  0.0, Diff:  0.0, Sum:  0.0, Workers: 6
[40.779s][debug  ][gc,phases      ] GC(149)     Dead                           Min: 0, Avg:  0.0, Max: 0, Diff: 0, Sum: 0, Workers: 6
[40.779s][debug  ][gc,phases      ] GC(149)     Total                          Min: 0, Avg: 21.7, Max: 64, Diff: 64, Sum: 130, Workers: 6
[40.779s][debug  ][gc,phases      ] GC(149)   JNI Weak                       Min:  0.0, Avg:  0.0, Max:  0.0, Diff:  0.0, Sum:  0.0, Workers: 6
[40.779s][debug  ][gc,phases      ] GC(149)     Dead                           Min: 0, Avg:  0.0, Max: 0, Diff: 0, Sum: 0, Workers: 6
[40.779s][debug  ][gc,phases      ] GC(149)     Total                          Min: 0, Avg:  0.0, Max: 0, Diff: 0, Sum: 0, Workers: 6
[40.779s][debug  ][gc,phases      ] GC(149)   StringDedup Table Weak         Min:  0.0, Avg:  0.0, Max:  0.0, Diff:  0.0, Sum:  0.0, Workers: 6
[40.779s][debug  ][gc,phases      ] GC(149)     Dead                           Min: 0, Avg:  0.0, Max: 0, Diff: 0, Sum: 0, Workers: 6
[40.779s][debug  ][gc,phases      ] GC(149)     Total                          Min: 0, Avg:  0.0, Max: 0, Diff: 0, Sum: 0, Workers: 6
[40.779s][debug  ][gc,phases      ] GC(149)   StringDedup Requests0 Weak     Min:  0.0, Avg:  0.0, Max:  0.0, Diff:  0.0, Sum:  0.0, Workers: 6
[40.779s][debug  ][gc,phases      ] GC(149)     Dead                           Min: 0, Avg:  0.0, Max: 0, Diff: 0, Sum: 0, Workers: 6
[40.779s][debug  ][gc,phases      ] GC(149)     Total                          Min: 0, Avg:  0.0, Max: 0, Diff: 0, Sum: 0, Workers: 6
[40.779s][debug  ][gc,phases      ] GC(149)   StringDedup Requests1 Weak     Min:  0.0, Avg:  0.0, Max:  0.0, Diff:  0.0, Sum:  0.0, Workers: 6
[40.779s][debug  ][gc,phases      ] GC(149)     Dead                           Min: 0, Avg:  0.0, Max: 0, Diff: 0, Sum: 0, Workers: 6
[40.779s][debug  ][gc,phases      ] GC(149)     Total                          Min: 0, Avg:  0.0, Max: 0, Diff: 0, Sum: 0, Workers: 6
[40.779s][debug  ][gc,phases      ] GC(149)   Weak JFR Old Object Samples    Min:  0.0, Avg:  0.0, Max:  0.0, Diff:  0.0, Sum:  0.0, Workers: 6
[40.779s][debug  ][gc,phases      ] GC(149)     Dead                           Min: 0, Avg:  0.0, Max: 0, Diff: 0, Sum: 0, Workers: 6
[40.779s][debug  ][gc,phases      ] GC(149)     Total                          Min: 0, Avg:  0.0, Max: 0, Diff: 0, Sum: 0, Workers: 6
[40.779s][debug  ][gc,phases      ] GC(149) Weak Processing 1.023ms
[40.779s][debug  ][gc,ergo        ] GC(149) AdaptiveSizeStart:  collection: 150 
[40.779s][debug  ][gc,ergo        ] GC(149) avg_survived_padded_avg: 31760994.000000
[40.779s][debug  ][gc,ergo        ] GC(149) avg_promoted_padded_avg: 289597600.000000  avg_pretenured_padded_avg: 0.000000  tenuring_thresh: 15  target_size: 31981568
[40.779s][debug  ][gc,age         ] GC(149) Desired survivor size 31981568 bytes, new threshold 15 (max threshold 15)
[40.779s][debug  ][gc,ergo        ] GC(149) PSAdaptiveSizePolicy::compute_eden_space_size limits: desired_eden_size: 222474036 old_eden_size: 204472320 eden_limit: 204472320 cur_eden: 204472320 max_eden_size: 204472320 avg_young_live: 25836380
[40.779s][debug  ][gc,ergo        ] GC(149) PSAdaptiveSizePolicy::compute_eden_space_size: costs minor_time: 0.041155 major_cost: 0.052337 mutator_cost: 0.906509 throughput_goal: 0.990000
[40.779s][debug  ][gc,ergo        ] GC(149) Live_space: 1070966784 free_space: 1423966208
[40.779s][debug  ][gc,ergo        ] GC(149) Old eden_size: 204472320 desired_eden_size: 204472320
[40.779s][debug  ][gc,ergo        ] GC(149) AdaptiveSizeStop: collection: 150 
[40.779s][info   ][gc,heap        ] GC(149) PSYoungGen: 198466K(230912K)->30720K(230912K) Eden: 198466K(199680K)->0K(199680K) From: 0K(31232K)->30720K(31232K)
[40.779s][info   ][gc,heap        ] GC(149) ParOldGen: 872036K(1835008K)->882276K(1835008K)
[40.779s][info   ][gc,metaspace   ] GC(149) Metaspace: 1024K(1216K)->1024K(1216K) NonClass: 940K(1024K)->940K(1024K) Class: 83K(192K)->83K(192K)
[40.779s][info   ][gc             ] GC(149) Pause Young (Allocation Failure) 1045M->891M(2017M) 6.234ms
[40.779s][info   ][gc,cpu         ] GC(149) User=0.00s Sys=0.00s Real=0.01s
[40.779s][debug  ][gc,heap        ] GC(149) Heap after GC invocations=150 (full 24):
[40.779s][debug  ][gc,heap        ] GC(149)  PSYoungGen      total 230912K, used 30720K [0x00000000f0000000, 0x0000000100000000, 0x0000000100000000)
[40.780s][debug  ][gc,heap        ] GC(149)   eden space 199680K, 0% used [0x00000000f0000000,0x00000000f0000000,0x00000000fc300000)
[40.780s][debug  ][gc,heap        ] GC(149)   from space 31232K, 98% used [0x00000000fe180000,0x00000000fff80030,0x0000000100000000)
[40.780s][debug  ][gc,heap        ] GC(149)   to   space 31232K, 0% used [0x00000000fc300000,0x00000000fc300000,0x00000000fe180000)
[40.780s][debug  ][gc,heap        ] GC(149)  ParOldGen       total 1835008K, used 882276K [0x0000000080000000, 0x00000000f0000000, 0x00000000f0000000)
[40.780s][debug  ][gc,heap        ] GC(149)   object space 1835008K, 48% used [0x0000000080000000,0x00000000b5d990e0,0x00000000f0000000)
[40.780s][debug  ][gc,heap        ] GC(149)  Metaspace       used 1024K, committed 1216K, reserved 1056768K
[40.780s][debug  ][gc,heap        ] GC(149)   class space    used 83K, committed 192K, reserved 1048576K
[40.780s][debug  ][gc,task,time   ] GC(149) VM-Thread 407727781 407771106 407797192
[41.090s][debug  ][gc,heap        ] GC(150) Heap before GC invocations=151 (full 24):
[41.091s][debug  ][gc,heap        ] GC(150)  PSYoungGen      total 230912K, used 229117K [0x00000000f0000000, 0x0000000100000000, 0x0000000100000000)
[41.091s][debug  ][gc,heap        ] GC(150)   eden space 199680K, 99% used [0x00000000f0000000,0x00000000fc1bf550,0x00000000fc300000)
[41.091s][debug  ][gc,heap        ] GC(150)   from space 31232K, 98% used [0x00000000fe180000,0x00000000fff80030,0x0000000100000000)
[41.091s][debug  ][gc,heap        ] GC(150)   to   space 31232K, 0% used [0x00000000fc300000,0x00000000fc300000,0x00000000fe180000)
[41.091s][debug  ][gc,heap        ] GC(150)  ParOldGen       total 1835008K, used 882276K [0x0000000080000000, 0x00000000f0000000, 0x00000000f0000000)
[41.091s][debug  ][gc,heap        ] GC(150)   object space 1835008K, 48% used [0x0000000080000000,0x00000000b5d990e0,0x00000000f0000000)
[41.091s][debug  ][gc,heap        ] GC(150)  Metaspace       used 1024K, committed 1216K, reserved 1056768K
[41.091s][debug  ][gc,heap        ] GC(150)   class space    used 83K, committed 192K, reserved 1048576K
[41.091s][debug  ][gc,tlab        ] GC(150) TLAB totals: thrds: 1  refills: 1 max: 1 slow allocs: 18 max 18 waste: 27.3% gc: 3929120B max: 3929120B slow: 0B max: 0B
[41.091s][info   ][gc,start       ] GC(150) Pause Young (Allocation Failure)
[41.091s][debug  ][gc,phases,start] GC(150) Scavenge
[41.107s][debug  ][gc,phases      ] GC(150) Scavenge 15.601ms
[41.107s][debug  ][gc,phases,start] GC(150) Reference Processing
[41.107s][debug  ][gc,ref         ] GC(150) Skipped phase 1 of Reference Processing: no references
[41.107s][debug  ][gc,ref         ] GC(150) Skipped phase 2 of Reference Processing: no references
[41.107s][debug  ][gc,ref         ] GC(150) Skipped phase 3 of Reference Processing: no references
[41.107s][debug  ][gc,ref         ] GC(150) Skipped phase 4 of Reference Processing: no references
[41.107s][debug  ][gc,phases,ref  ] GC(150) Reference Processing: 0.1ms
[41.107s][debug  ][gc,phases,ref  ] GC(150)   Reconsider SoftReferences: 0.0ms
[41.107s][debug  ][gc,phases,ref  ] GC(150)     SoftRef (ms):                  skipped
[41.107s][debug  ][gc,phases,ref  ] GC(150)   Notify Soft/WeakReferences: 0.0ms
[41.107s][debug  ][gc,phases,ref  ] GC(150)     SoftRef (ms):                  skipped
[41.107s][debug  ][gc,phases,ref  ] GC(150)     WeakRef (ms):                  skipped
[41.107s][debug  ][gc,phases,ref  ] GC(150)     FinalRef (ms):                 skipped
[41.107s][debug  ][gc,phases,ref  ] GC(150)     Total (ms):                    skipped
[41.107s][debug  ][gc,phases,ref  ] GC(150)   Notify and keep alive finalizable: 0.0ms
[41.107s][debug  ][gc,phases,ref  ] GC(150)     FinalRef (ms):                 skipped
[41.107s][debug  ][gc,phases,ref  ] GC(150)   Notify PhantomReferences: 0.0ms
[41.107s][debug  ][gc,phases,ref  ] GC(150)     PhantomRef (ms):               skipped
[41.107s][debug  ][gc,phases,ref  ] GC(150)   SoftReference:
[41.107s][debug  ][gc,phases,ref  ] GC(150)     Discovered: 0
[41.107s][debug  ][gc,phases,ref  ] GC(150)     Cleared: 0
[41.107s][debug  ][gc,phases,ref  ] GC(150)   WeakReference:
[41.107s][debug  ][gc,phases,ref  ] GC(150)     Discovered: 0
[41.107s][debug  ][gc,phases,ref  ] GC(150)     Cleared: 0
[41.107s][debug  ][gc,phases,ref  ] GC(150)   FinalReference:
[41.107s][debug  ][gc,phases,ref  ] GC(150)     Discovered: 0
[41.107s][debug  ][gc,phases,ref  ] GC(150)     Cleared: 0
[41.107s][debug  ][gc,phases,ref  ] GC(150)   PhantomReference:
[41.107s][debug  ][gc,phases,ref  ] GC(150)     Discovered: 0
[41.107s][debug  ][gc,phases,ref  ] GC(150)     Cleared: 0
[41.107s][debug  ][gc,phases      ] GC(150) Reference Processing 0.715ms
[41.107s][debug  ][gc,phases,start] GC(150) Weak Processing
[41.107s][debug  ][gc,phases      ] GC(150)   VM Weak                        Min:  0.0, Avg:  0.0, Max:  0.0, Diff:  0.0, Sum:  0.0, Workers: 6
[41.107s][debug  ][gc,phases      ] GC(150)     Dead                           Min: 0, Avg:  0.0, Max: 0, Diff: 0, Sum: 0, Workers: 6
[41.107s][debug  ][gc,phases      ] GC(150)     Total                          Min: 0, Avg:  1.3, Max: 8, Diff: 8, Sum: 8, Workers: 6
[41.108s][debug  ][gc,phases      ] GC(150)   ObjectSynchronizer Weak        Min:  0.0, Avg:  0.0, Max:  0.0, Diff:  0.0, Sum:  0.0, Workers: 6
[41.108s][debug  ][gc,phases      ] GC(150)     Dead                           Min: 0, Avg:  0.0, Max: 0, Diff: 0, Sum: 0, Workers: 6
[41.108s][debug  ][gc,phases      ] GC(150)     Total                          Min: 0, Avg:  0.5, Max: 3, Diff: 3, Sum: 3, Workers: 6
[41.108s][debug  ][gc,phases      ] GC(150)   JVMTI Tag Weak OopStorage      Min:  0.0, Avg:  0.0, Max:  0.0, Diff:  0.0, Sum:  0.0, Workers: 6
[41.108s][debug  ][gc,phases      ] GC(150)     Dead                           Min: 0, Avg:  0.0, Max: 0, Diff: 0, Sum: 0, Workers: 6
[41.108s][debug  ][gc,phases      ] GC(150)     Total                          Min: 0, Avg:  0.0, Max: 0, Diff: 0, Sum: 0, Workers: 6
[41.108s][debug  ][gc,phases      ] GC(150)   StringTable Weak               Min:  0.0, Avg:  0.0, Max:  0.0, Diff:  0.0, Sum:  0.0, Workers: 6
[41.108s][debug  ][gc,phases      ] GC(150)     Dead                           Min: 0, Avg:  0.0, Max: 0, Diff: 0, Sum: 0, Workers: 6
[41.108s][debug  ][gc,phases      ] GC(150)     Total                          Min: 768, Avg: 892.2, Max: 1088, Diff: 320, Sum: 5353, Workers: 6
[41.108s][debug  ][gc,phases      ] GC(150)   ResolvedMethodTable Weak       Min:  0.0, Avg:  0.0, Max:  0.0, Diff:  0.0, Sum:  0.0, Workers: 6
[41.108s][debug  ][gc,phases      ] GC(150)     Dead                           Min: 0, Avg:  0.0, Max: 0, Diff: 0, Sum: 0, Workers: 6
[41.108s][debug  ][gc,phases      ] GC(150)     Total                          Min: 0, Avg: 21.7, Max: 64, Diff: 64, Sum: 130, Workers: 6
[41.108s][debug  ][gc,phases      ] GC(150)   JNI Weak                       Min:  0.0, Avg:  0.0, Max:  0.0, Diff:  0.0, Sum:  0.0, Workers: 6
[41.108s][debug  ][gc,phases      ] GC(150)     Dead                           Min: 0, Avg:  0.0, Max: 0, Diff: 0, Sum: 0, Workers: 6
[41.108s][debug  ][gc,phases      ] GC(150)     Total                          Min: 0, Avg:  0.0, Max: 0, Diff: 0, Sum: 0, Workers: 6
[41.108s][debug  ][gc,phases      ] GC(150)   StringDedup Table Weak         Min:  0.0, Avg:  0.0, Max:  0.0, Diff:  0.0, Sum:  0.0, Workers: 6
[41.108s][debug  ][gc,phases      ] GC(150)     Dead                           Min: 0, Avg:  0.0, Max: 0, Diff: 0, Sum: 0, Workers: 6
[41.108s][debug  ][gc,phases      ] GC(150)     Total                          Min: 0, Avg:  0.0, Max: 0, Diff: 0, Sum: 0, Workers: 6
[41.108s][debug  ][gc,phases      ] GC(150)   StringDedup Requests0 Weak     Min:  0.0, Avg:  0.0, Max:  0.0, Diff:  0.0, Sum:  0.0, Workers: 6
[41.108s][debug  ][gc,phases      ] GC(150)     Dead                           Min: 0, Avg:  0.0, Max: 0, Diff: 0, Sum: 0, Workers: 6
[41.108s][debug  ][gc,phases      ] GC(150)     Total                          Min: 0, Avg:  0.0, Max: 0, Diff: 0, Sum: 0, Workers: 6
[41.108s][debug  ][gc,phases      ] GC(150)   StringDedup Requests1 Weak     Min:  0.0, Avg:  0.0, Max:  0.0, Diff:  0.0, Sum:  0.0, Workers: 6
[41.108s][debug  ][gc,phases      ] GC(150)     Dead                           Min: 0, Avg:  0.0, Max: 0, Diff: 0, Sum: 0, Workers: 6
[41.108s][debug  ][gc,phases      ] GC(150)     Total                          Min: 0, Avg:  0.0, Max: 0, Diff: 0, Sum: 0, Workers: 6
[41.108s][debug  ][gc,phases      ] GC(150)   Weak JFR Old Object Samples    Min:  0.0, Avg:  0.0, Max:  0.0, Diff:  0.0, Sum:  0.0, Workers: 6
[41.108s][debug  ][gc,phases      ] GC(150)     Dead                           Min: 0, Avg:  0.0, Max: 0, Diff: 0, Sum: 0, Workers: 6
[41.108s][debug  ][gc,phases      ] GC(150)     Total                          Min: 0, Avg:  0.0, Max: 0, Diff: 0, Sum: 0, Workers: 6
[41.108s][debug  ][gc,phases      ] GC(150) Weak Processing 0.764ms
[41.108s][debug  ][gc,ergo        ] GC(150) AdaptiveSizeStart:  collection: 151 
[41.108s][debug  ][gc,ergo        ] GC(150) avg_survived_padded_avg: 31735464.000000
[41.108s][debug  ][gc,ergo        ] GC(150) avg_promoted_padded_avg: 292066880.000000  avg_pretenured_padded_avg: 0.000000  tenuring_thresh: 15  target_size: 31981568
[41.108s][debug  ][gc,age         ] GC(150) Desired survivor size 31981568 bytes, new threshold 15 (max threshold 15)
[41.108s][debug  ][gc,ergo        ] GC(150) PSAdaptiveSizePolicy::compute_eden_space_size limits: desired_eden_size: 223135856 old_eden_size: 204472320 eden_limit: 204472320 cur_eden: 204472320 max_eden_size: 204472320 avg_young_live: 26398474
[41.108s][debug  ][gc,ergo        ] GC(150) PSAdaptiveSizePolicy::compute_eden_space_size: costs minor_time: 0.043938 major_cost: 0.052337 mutator_cost: 0.903725 throughput_goal: 0.990000
[41.108s][debug  ][gc,ergo        ] GC(150) Live_space: 1071528832 free_space: 1423966208
[41.108s][debug  ][gc,ergo        ] GC(150) Old eden_size: 204472320 desired_eden_size: 204472320
[41.108s][debug  ][gc,ergo        ] GC(150) AdaptiveSizeStop: collection: 151 
[41.108s][info   ][gc,heap        ] GC(150) PSYoungGen: 229117K(230912K)->30720K(230912K) Eden: 198397K(199680K)->0K(199680K) From: 30720K(31232K)->30720K(31232K)
[41.108s][info   ][gc,heap        ] GC(150) ParOldGen: 882276K(1835008K)->1076836K(1835008K)
[41.108s][info   ][gc,metaspace   ] GC(150) Metaspace: 1024K(1216K)->1024K(1216K) NonClass: 940K(1024K)->940K(1024K) Class: 83K(192K)->83K(192K)
[41.108s][info   ][gc             ] GC(150) Pause Young (Allocation Failure) 1085M->1081M(2017M) 17.558ms
[41.108s][info   ][gc,cpu         ] GC(150) User=0.16s Sys=0.00s Real=0.02s
[41.109s][debug  ][gc,heap        ] GC(150) Heap after GC invocations=151 (full 24):
[41.109s][debug  ][gc,heap        ] GC(150)  PSYoungGen      total 230912K, used 30720K [0x00000000f0000000, 0x0000000100000000, 0x0000000100000000)
[41.109s][debug  ][gc,heap        ] GC(150)   eden space 199680K, 0% used [0x00000000f0000000,0x00000000f0000000,0x00000000fc300000)
[41.109s][debug  ][gc,heap        ] GC(150)   from space 31232K, 98% used [0x00000000fc300000,0x00000000fe100030,0x00000000fe180000)
[41.109s][debug  ][gc,heap        ] GC(150)   to   space 31232K, 0% used [0x00000000fe180000,0x00000000fe180000,0x0000000100000000)
[41.109s][debug  ][gc,heap        ] GC(150)  ParOldGen       total 1835008K, used 1076836K [0x0000000080000000, 0x00000000f0000000, 0x00000000f0000000)
[41.109s][debug  ][gc,heap        ] GC(150)   object space 1835008K, 58% used [0x0000000080000000,0x00000000c1b99210,0x00000000f0000000)
[41.109s][debug  ][gc,heap        ] GC(150)  Metaspace       used 1024K, committed 1216K, reserved 1056768K
[41.109s][debug  ][gc,heap        ] GC(150)   class space    used 83K, committed 192K, reserved 1048576K
[41.109s][debug  ][gc,task,time   ] GC(150) VM-Thread 410904398 411066309 411087160
[41.408s][debug  ][gc,heap        ] GC(151) Heap before GC invocations=152 (full 24):
[41.408s][debug  ][gc,heap        ] GC(151)  PSYoungGen      total 230912K, used 229145K [0x00000000f0000000, 0x0000000100000000, 0x0000000100000000)
[41.408s][debug  ][gc,heap        ] GC(151)   eden space 199680K, 99% used [0x00000000f0000000,0x00000000fc1c6468,0x00000000fc300000)
[41.408s][debug  ][gc,heap        ] GC(151)   from space 31232K, 98% used [0x00000000fc300000,0x00000000fe100030,0x00000000fe180000)
[41.408s][debug  ][gc,heap        ] GC(151)   to   space 31232K, 0% used [0x00000000fe180000,0x00000000fe180000,0x0000000100000000)
[41.408s][debug  ][gc,heap        ] GC(151)  ParOldGen       total 1835008K, used 1076836K [0x0000000080000000, 0x00000000f0000000, 0x00000000f0000000)
[41.408s][debug  ][gc,heap        ] GC(151)   object space 1835008K, 58% used [0x0000000080000000,0x00000000c1b99210,0x00000000f0000000)
[41.408s][debug  ][gc,heap        ] GC(151)  Metaspace       used 1024K, committed 1216K, reserved 1056768K
[41.408s][debug  ][gc,heap        ] GC(151)   class space    used 83K, committed 192K, reserved 1048576K
[41.408s][debug  ][gc,tlab        ] GC(151) TLAB totals: thrds: 1  refills: 1 max: 1 slow allocs: 18 max 18 waste: 27.4% gc: 3957560B max: 3957560B slow: 0B max: 0B
[41.409s][info   ][gc,start       ] GC(151) Pause Young (Allocation Failure)
[41.409s][debug  ][gc,phases,start] GC(151) Scavenge
[41.424s][debug  ][gc,phases      ] GC(151) Scavenge 15.420ms
[41.424s][debug  ][gc,phases,start] GC(151) Reference Processing
[41.424s][debug  ][gc,ref         ] GC(151) Skipped phase 1 of Reference Processing: no references
[41.424s][debug  ][gc,ref         ] GC(151) Skipped phase 2 of Reference Processing: no references
[41.424s][debug  ][gc,ref         ] GC(151) Skipped phase 3 of Reference Processing: no references
[41.424s][debug  ][gc,ref         ] GC(151) Skipped phase 4 of Reference Processing: no references
[41.424s][debug  ][gc,phases,ref  ] GC(151) Reference Processing: 0.1ms
[41.424s][debug  ][gc,phases,ref  ] GC(151)   Reconsider SoftReferences: 0.0ms
[41.424s][debug  ][gc,phases,ref  ] GC(151)     SoftRef (ms):                  skipped
[41.424s][debug  ][gc,phases,ref  ] GC(151)   Notify Soft/WeakReferences: 0.0ms
[41.424s][debug  ][gc,phases,ref  ] GC(151)     SoftRef (ms):                  skipped
[41.424s][debug  ][gc,phases,ref  ] GC(151)     WeakRef (ms):                  skipped
[41.424s][debug  ][gc,phases,ref  ] GC(151)     FinalRef (ms):                 skipped
[41.424s][debug  ][gc,phases,ref  ] GC(151)     Total (ms):                    skipped
[41.424s][debug  ][gc,phases,ref  ] GC(151)   Notify and keep alive finalizable: 0.0ms
[41.424s][debug  ][gc,phases,ref  ] GC(151)     FinalRef (ms):                 skipped
[41.424s][debug  ][gc,phases,ref  ] GC(151)   Notify PhantomReferences: 0.0ms
[41.424s][debug  ][gc,phases,ref  ] GC(151)     PhantomRef (ms):               skipped
[41.424s][debug  ][gc,phases,ref  ] GC(151)   SoftReference:
[41.424s][debug  ][gc,phases,ref  ] GC(151)     Discovered: 0
[41.425s][debug  ][gc,phases,ref  ] GC(151)     Cleared: 0
[41.425s][debug  ][gc,phases,ref  ] GC(151)   WeakReference:
[41.425s][debug  ][gc,phases,ref  ] GC(151)     Discovered: 0
[41.425s][debug  ][gc,phases,ref  ] GC(151)     Cleared: 0
[41.425s][debug  ][gc,phases,ref  ] GC(151)   FinalReference:
[41.425s][debug  ][gc,phases,ref  ] GC(151)     Discovered: 0
[41.425s][debug  ][gc,phases,ref  ] GC(151)     Cleared: 0
[41.425s][debug  ][gc,phases,ref  ] GC(151)   PhantomReference:
[41.425s][debug  ][gc,phases,ref  ] GC(151)     Discovered: 0
[41.425s][debug  ][gc,phases,ref  ] GC(151)     Cleared: 0
[41.425s][debug  ][gc,phases      ] GC(151) Reference Processing 0.656ms
[41.425s][debug  ][gc,phases,start] GC(151) Weak Processing
[41.425s][debug  ][gc,phases      ] GC(151)   VM Weak                        Min:  0.0, Avg:  0.0, Max:  0.0, Diff:  0.0, Sum:  0.0, Workers: 6
[41.425s][debug  ][gc,phases      ] GC(151)     Dead                           Min: 0, Avg:  0.0, Max: 0, Diff: 0, Sum: 0, Workers: 6
[41.425s][debug  ][gc,phases      ] GC(151)     Total                          Min: 0, Avg:  1.3, Max: 8, Diff: 8, Sum: 8, Workers: 6
[41.425s][debug  ][gc,phases      ] GC(151)   ObjectSynchronizer Weak        Min:  0.0, Avg:  0.0, Max:  0.0, Diff:  0.0, Sum:  0.0, Workers: 6
[41.425s][debug  ][gc,phases      ] GC(151)     Dead                           Min: 0, Avg:  0.0, Max: 0, Diff: 0, Sum: 0, Workers: 6
[41.425s][debug  ][gc,phases      ] GC(151)     Total                          Min: 0, Avg:  0.5, Max: 3, Diff: 3, Sum: 3, Workers: 6
[41.425s][debug  ][gc,phases      ] GC(151)   JVMTI Tag Weak OopStorage      Min:  0.0, Avg:  0.0, Max:  0.0, Diff:  0.0, Sum:  0.0, Workers: 6
[41.425s][debug  ][gc,phases      ] GC(151)     Dead                           Min: 0, Avg:  0.0, Max: 0, Diff: 0, Sum: 0, Workers: 6
[41.425s][debug  ][gc,phases      ] GC(151)     Total                          Min: 0, Avg:  0.0, Max: 0, Diff: 0, Sum: 0, Workers: 6
[41.425s][debug  ][gc,phases      ] GC(151)   StringTable Weak               Min:  0.0, Avg:  0.0, Max:  0.0, Diff:  0.0, Sum:  0.0, Workers: 6
[41.425s][debug  ][gc,phases      ] GC(151)     Dead                           Min: 0, Avg:  0.0, Max: 0, Diff: 0, Sum: 0, Workers: 6
[41.425s][debug  ][gc,phases      ] GC(151)     Total                          Min: 768, Avg: 892.2, Max: 1152, Diff: 384, Sum: 5353, Workers: 6
[41.425s][debug  ][gc,phases      ] GC(151)   ResolvedMethodTable Weak       Min:  0.0, Avg:  0.0, Max:  0.0, Diff:  0.0, Sum:  0.0, Workers: 6
[41.425s][debug  ][gc,phases      ] GC(151)     Dead                           Min: 0, Avg:  0.0, Max: 0, Diff: 0, Sum: 0, Workers: 6
[41.425s][debug  ][gc,phases      ] GC(151)     Total                          Min: 0, Avg: 21.7, Max: 64, Diff: 64, Sum: 130, Workers: 6
[41.425s][debug  ][gc,phases      ] GC(151)   JNI Weak                       Min:  0.0, Avg:  0.0, Max:  0.0, Diff:  0.0, Sum:  0.0, Workers: 6
[41.425s][debug  ][gc,phases      ] GC(151)     Dead                           Min: 0, Avg:  0.0, Max: 0, Diff: 0, Sum: 0, Workers: 6
[41.425s][debug  ][gc,phases      ] GC(151)     Total                          Min: 0, Avg:  0.0, Max: 0, Diff: 0, Sum: 0, Workers: 6
[41.425s][debug  ][gc,phases      ] GC(151)   StringDedup Table Weak         Min:  0.0, Avg:  0.0, Max:  0.0, Diff:  0.0, Sum:  0.0, Workers: 6
[41.425s][debug  ][gc,phases      ] GC(151)     Dead                           Min: 0, Avg:  0.0, Max: 0, Diff: 0, Sum: 0, Workers: 6
[41.425s][debug  ][gc,phases      ] GC(151)     Total                          Min: 0, Avg:  0.0, Max: 0, Diff: 0, Sum: 0, Workers: 6
[41.425s][debug  ][gc,phases      ] GC(151)   StringDedup Requests0 Weak     Min:  0.0, Avg:  0.0, Max:  0.0, Diff:  0.0, Sum:  0.0, Workers: 6
[41.425s][debug  ][gc,phases      ] GC(151)     Dead                           Min: 0, Avg:  0.0, Max: 0, Diff: 0, Sum: 0, Workers: 6
[41.426s][debug  ][gc,phases      ] GC(151)     Total                          Min: 0, Avg:  0.0, Max: 0, Diff: 0, Sum: 0, Workers: 6
[41.426s][debug  ][gc,phases      ] GC(151)   StringDedup Requests1 Weak     Min:  0.0, Avg:  0.0, Max:  0.0, Diff:  0.0, Sum:  0.0, Workers: 6
[41.426s][debug  ][gc,phases      ] GC(151)     Dead                           Min: 0, Avg:  0.0, Max: 0, Diff: 0, Sum: 0, Workers: 6
[41.426s][debug  ][gc,phases      ] GC(151)     Total                          Min: 0, Avg:  0.0, Max: 0, Diff: 0, Sum: 0, Workers: 6
[41.426s][debug  ][gc,phases      ] GC(151)   Weak JFR Old Object Samples    Min:  0.0, Avg:  0.0, Max:  0.0, Diff:  0.0, Sum:  0.0, Workers: 6
[41.426s][debug  ][gc,phases      ] GC(151)     Dead                           Min: 0, Avg:  0.0, Max: 0, Diff: 0, Sum: 0, Workers: 6
[41.426s][debug  ][gc,phases      ] GC(151)     Total                          Min: 0, Avg:  0.0, Max: 0, Diff: 0, Sum: 0, Workers: 6
[41.426s][debug  ][gc,phases      ] GC(151) Weak Processing 0.968ms
[41.426s][debug  ][gc,ergo        ] GC(151) AdaptiveSizeStart:  collection: 152 
[41.426s][debug  ][gc,ergo        ] GC(151) avg_survived_padded_avg: 31712004.000000
[41.426s][debug  ][gc,ergo        ] GC(151) avg_promoted_padded_avg: 293138656.000000  avg_pretenured_padded_avg: 0.000000  tenuring_thresh: 15  target_size: 31981568
[41.426s][debug  ][gc,age         ] GC(151) Desired survivor size 31981568 bytes, new threshold 15 (max threshold 15)
[41.426s][debug  ][gc,ergo        ] GC(151) PSAdaptiveSizePolicy::compute_eden_space_size limits: desired_eden_size: 223705599 old_eden_size: 204472320 eden_limit: 204472320 cur_eden: 204472320 max_eden_size: 204472320 avg_young_live: 26904360
[41.426s][debug  ][gc,ergo        ] GC(151) PSAdaptiveSizePolicy::compute_eden_space_size: costs minor_time: 0.046470 major_cost: 0.052337 mutator_cost: 0.901193 throughput_goal: 0.990000
[41.426s][debug  ][gc,ergo        ] GC(151) Live_space: 1072034688 free_space: 1423966208
[41.426s][debug  ][gc,ergo        ] GC(151) Old eden_size: 204472320 desired_eden_size: 204472320
[41.426s][debug  ][gc,ergo        ] GC(151) AdaptiveSizeStop: collection: 152 
[41.426s][info   ][gc,heap        ] GC(151) PSYoungGen: 229145K(230912K)->30720K(230912K) Eden: 198425K(199680K)->0K(199680K) From: 30720K(31232K)->30720K(31232K)
[41.426s][info   ][gc,heap        ] GC(151) ParOldGen: 1076836K(1835008K)->1271396K(1835008K)
[41.426s][info   ][gc,metaspace   ] GC(151) Metaspace: 1024K(1216K)->1024K(1216K) NonClass: 940K(1024K)->940K(1024K) Class: 83K(192K)->83K(192K)
[41.426s][info   ][gc             ] GC(151) Pause Young (Allocation Failure) 1275M->1271M(2017M) 17.590ms
[41.426s][info   ][gc,cpu         ] GC(151) User=0.16s Sys=0.00s Real=0.02s
[41.426s][debug  ][gc,heap        ] GC(151) Heap after GC invocations=152 (full 24):
[41.426s][debug  ][gc,heap        ] GC(151)  PSYoungGen      total 230912K, used 30720K [0x00000000f0000000, 0x0000000100000000, 0x0000000100000000)
[41.426s][debug  ][gc,heap        ] GC(151)   eden space 199680K, 0% used [0x00000000f0000000,0x00000000f0000000,0x00000000fc300000)
[41.426s][debug  ][gc,heap        ] GC(151)   from space 31232K, 98% used [0x00000000fe180000,0x00000000fff80030,0x0000000100000000)
[41.426s][debug  ][gc,heap        ] GC(151)   to   space 31232K, 0% used [0x00000000fc300000,0x00000000fc300000,0x00000000fe180000)
[41.426s][debug  ][gc,heap        ] GC(151)  ParOldGen       total 1835008K, used 1271396K [0x0000000080000000, 0x00000000f0000000, 0x00000000f0000000)
[41.426s][debug  ][gc,heap        ] GC(151)   object space 1835008K, 69% used [0x0000000080000000,0x00000000cd999340,0x00000000f0000000)
[41.426s][debug  ][gc,heap        ] GC(151)  Metaspace       used 1024K, committed 1216K, reserved 1056768K
[41.426s][debug  ][gc,heap        ] GC(151)   class space    used 83K, committed 192K, reserved 1048576K
[41.426s][debug  ][gc,task,time   ] GC(151) VM-Thread 414080753 414240901 414264293
[41.725s][debug  ][gc,heap        ] GC(152) Heap before GC invocations=153 (full 24):
[41.725s][debug  ][gc,heap        ] GC(152)  PSYoungGen      total 230912K, used 229163K [0x00000000f0000000, 0x0000000100000000, 0x0000000100000000)
[41.725s][debug  ][gc,heap        ] GC(152)   eden space 199680K, 99% used [0x00000000f0000000,0x00000000fc1cabd0,0x00000000fc300000)
[41.725s][debug  ][gc,heap        ] GC(152)   from space 31232K, 98% used [0x00000000fe180000,0x00000000fff80030,0x0000000100000000)
[41.725s][debug  ][gc,heap        ] GC(152)   to   space 31232K, 0% used [0x00000000fc300000,0x00000000fc300000,0x00000000fe180000)
[41.725s][debug  ][gc,heap        ] GC(152)  ParOldGen       total 1835008K, used 1271396K [0x0000000080000000, 0x00000000f0000000, 0x00000000f0000000)
[41.725s][debug  ][gc,heap        ] GC(152)   object space 1835008K, 69% used [0x0000000080000000,0x00000000cd999340,0x00000000f0000000)
[41.725s][debug  ][gc,heap        ] GC(152)  Metaspace       used 1024K, committed 1216K, reserved 1056768K
[41.725s][debug  ][gc,heap        ] GC(152)   class space    used 83K, committed 192K, reserved 1048576K
[41.725s][debug  ][gc,tlab        ] GC(152) TLAB totals: thrds: 1  refills: 1 max: 1 slow allocs: 18 max 18 waste: 27.5% gc: 3975840B max: 3975840B slow: 0B max: 0B
[41.725s][info   ][gc,start       ] GC(152) Pause Young (Allocation Failure)
[41.725s][debug  ][gc,phases,start] GC(152) Scavenge
[41.741s][debug  ][gc,phases      ] GC(152) Scavenge 15.301ms
[41.741s][debug  ][gc,phases,start] GC(152) Reference Processing
[41.741s][debug  ][gc,ref         ] GC(152) Skipped phase 1 of Reference Processing: no references
[41.741s][debug  ][gc,ref         ] GC(152) Skipped phase 2 of Reference Processing: no references
[41.741s][debug  ][gc,ref         ] GC(152) Skipped phase 3 of Reference Processing: no references
[41.741s][debug  ][gc,ref         ] GC(152) Skipped phase 4 of Reference Processing: no references
[41.741s][debug  ][gc,phases,ref  ] GC(152) Reference Processing: 0.1ms
[41.741s][debug  ][gc,phases,ref  ] GC(152)   Reconsider SoftReferences: 0.0ms
[41.741s][debug  ][gc,phases,ref  ] GC(152)     SoftRef (ms):                  skipped
[41.741s][debug  ][gc,phases,ref  ] GC(152)   Notify Soft/WeakReferences: 0.0ms
[41.741s][debug  ][gc,phases,ref  ] GC(152)     SoftRef (ms):                  skipped
[41.741s][debug  ][gc,phases,ref  ] GC(152)     WeakRef (ms):                  skipped
[41.741s][debug  ][gc,phases,ref  ] GC(152)     FinalRef (ms):                 skipped
[41.741s][debug  ][gc,phases,ref  ] GC(152)     Total (ms):                    skipped
[41.741s][debug  ][gc,phases,ref  ] GC(152)   Notify and keep alive finalizable: 0.0ms
[41.741s][debug  ][gc,phases,ref  ] GC(152)     FinalRef (ms):                 skipped
[41.741s][debug  ][gc,phases,ref  ] GC(152)   Notify PhantomReferences: 0.0ms
[41.741s][debug  ][gc,phases,ref  ] GC(152)     PhantomRef (ms):               skipped
[41.741s][debug  ][gc,phases,ref  ] GC(152)   SoftReference:
[41.741s][debug  ][gc,phases,ref  ] GC(152)     Discovered: 0
[41.741s][debug  ][gc,phases,ref  ] GC(152)     Cleared: 0
[41.741s][debug  ][gc,phases,ref  ] GC(152)   WeakReference:
[41.741s][debug  ][gc,phases,ref  ] GC(152)     Discovered: 0
[41.741s][debug  ][gc,phases,ref  ] GC(152)     Cleared: 0
[41.741s][debug  ][gc,phases,ref  ] GC(152)   FinalReference:
[41.741s][debug  ][gc,phases,ref  ] GC(152)     Discovered: 0
[41.741s][debug  ][gc,phases,ref  ] GC(152)     Cleared: 0
[41.741s][debug  ][gc,phases,ref  ] GC(152)   PhantomReference:
[41.741s][debug  ][gc,phases,ref  ] GC(152)     Discovered: 0
[41.741s][debug  ][gc,phases,ref  ] GC(152)     Cleared: 0
[41.741s][debug  ][gc,phases      ] GC(152) Reference Processing 0.635ms
[41.741s][debug  ][gc,phases,start] GC(152) Weak Processing
[41.741s][debug  ][gc,phases      ] GC(152)   VM Weak                        Min:  0.0, Avg:  0.0, Max:  0.0, Diff:  0.0, Sum:  0.0, Workers: 6
[41.741s][debug  ][gc,phases      ] GC(152)     Dead                           Min: 0, Avg:  0.0, Max: 0, Diff: 0, Sum: 0, Workers: 6
[41.741s][debug  ][gc,phases      ] GC(152)     Total                          Min: 0, Avg:  1.3, Max: 8, Diff: 8, Sum: 8, Workers: 6
[41.741s][debug  ][gc,phases      ] GC(152)   ObjectSynchronizer Weak        Min:  0.0, Avg:  0.0, Max:  0.0, Diff:  0.0, Sum:  0.0, Workers: 6
[41.741s][debug  ][gc,phases      ] GC(152)     Dead                           Min: 0, Avg:  0.0, Max: 0, Diff: 0, Sum: 0, Workers: 6
[41.742s][debug  ][gc,phases      ] GC(152)     Total                          Min: 0, Avg:  0.5, Max: 3, Diff: 3, Sum: 3, Workers: 6
[41.742s][debug  ][gc,phases      ] GC(152)   JVMTI Tag Weak OopStorage      Min:  0.0, Avg:  0.0, Max:  0.0, Diff:  0.0, Sum:  0.0, Workers: 6
[41.742s][debug  ][gc,phases      ] GC(152)     Dead                           Min: 0, Avg:  0.0, Max: 0, Diff: 0, Sum: 0, Workers: 6
[41.742s][debug  ][gc,phases      ] GC(152)     Total                          Min: 0, Avg:  0.0, Max: 0, Diff: 0, Sum: 0, Workers: 6
[41.742s][debug  ][gc,phases      ] GC(152)   StringTable Weak               Min:  0.0, Avg:  0.0, Max:  0.0, Diff:  0.0, Sum:  0.0, Workers: 6
[41.742s][debug  ][gc,phases      ] GC(152)     Dead                           Min: 0, Avg:  0.0, Max: 0, Diff: 0, Sum: 0, Workers: 6
[41.742s][debug  ][gc,phases      ] GC(152)     Total                          Min: 576, Avg: 892.2, Max: 1088, Diff: 512, Sum: 5353, Workers: 6
[41.742s][debug  ][gc,phases      ] GC(152)   ResolvedMethodTable Weak       Min:  0.0, Avg:  0.0, Max:  0.0, Diff:  0.0, Sum:  0.0, Workers: 6
[41.742s][debug  ][gc,phases      ] GC(152)     Dead                           Min: 0, Avg:  0.0, Max: 0, Diff: 0, Sum: 0, Workers: 6
[41.742s][debug  ][gc,phases      ] GC(152)     Total                          Min: 0, Avg: 21.7, Max: 64, Diff: 64, Sum: 130, Workers: 6
[41.742s][debug  ][gc,phases      ] GC(152)   JNI Weak                       Min:  0.0, Avg:  0.0, Max:  0.0, Diff:  0.0, Sum:  0.0, Workers: 6
[41.742s][debug  ][gc,phases      ] GC(152)     Dead                           Min: 0, Avg:  0.0, Max: 0, Diff: 0, Sum: 0, Workers: 6
[41.742s][debug  ][gc,phases      ] GC(152)     Total                          Min: 0, Avg:  0.0, Max: 0, Diff: 0, Sum: 0, Workers: 6
[41.742s][debug  ][gc,phases      ] GC(152)   StringDedup Table Weak         Min:  0.0, Avg:  0.0, Max:  0.0, Diff:  0.0, Sum:  0.0, Workers: 6
[41.742s][debug  ][gc,phases      ] GC(152)     Dead                           Min: 0, Avg:  0.0, Max: 0, Diff: 0, Sum: 0, Workers: 6
[41.742s][debug  ][gc,phases      ] GC(152)     Total                          Min: 0, Avg:  0.0, Max: 0, Diff: 0, Sum: 0, Workers: 6
[41.742s][debug  ][gc,phases      ] GC(152)   StringDedup Requests0 Weak     Min:  0.0, Avg:  0.0, Max:  0.0, Diff:  0.0, Sum:  0.0, Workers: 6
[41.742s][debug  ][gc,phases      ] GC(152)     Dead                           Min: 0, Avg:  0.0, Max: 0, Diff: 0, Sum: 0, Workers: 6
[41.742s][debug  ][gc,phases      ] GC(152)     Total                          Min: 0, Avg:  0.0, Max: 0, Diff: 0, Sum: 0, Workers: 6
[41.742s][debug  ][gc,phases      ] GC(152)   StringDedup Requests1 Weak     Min:  0.0, Avg:  0.0, Max:  0.0, Diff:  0.0, Sum:  0.0, Workers: 6
[41.742s][debug  ][gc,phases      ] GC(152)     Dead                           Min: 0, Avg:  0.0, Max: 0, Diff: 0, Sum: 0, Workers: 6
[41.742s][debug  ][gc,phases      ] GC(152)     Total                          Min: 0, Avg:  0.0, Max: 0, Diff: 0, Sum: 0, Workers: 6
[41.742s][debug  ][gc,phases      ] GC(152)   Weak JFR Old Object Samples    Min:  0.0, Avg:  0.0, Max:  0.0, Diff:  0.0, Sum:  0.0, Workers: 6
[41.742s][debug  ][gc,phases      ] GC(152)     Dead                           Min: 0, Avg:  0.0, Max: 0, Diff: 0, Sum: 0, Workers: 6
[41.742s][debug  ][gc,phases      ] GC(152)     Total                          Min: 0, Avg:  0.0, Max: 0, Diff: 0, Sum: 0, Workers: 6
[41.742s][debug  ][gc,phases      ] GC(152) Weak Processing 0.754ms
[41.742s][debug  ][gc,ergo        ] GC(152) AdaptiveSizeStart:  collection: 153 
[41.742s][debug  ][gc,ergo        ] GC(152) avg_survived_padded_avg: 31690450.000000
[41.742s][debug  ][gc,ergo        ] GC(152) avg_promoted_padded_avg: 293067712.000000  avg_pretenured_padded_avg: 0.000000  tenuring_thresh: 15  target_size: 31981568
[41.742s][debug  ][gc,age         ] GC(152) Desired survivor size 31981568 bytes, new threshold 15 (max threshold 15)
[41.742s][debug  ][gc,ergo        ] GC(152) PSAdaptiveSizePolicy::compute_eden_space_size limits: desired_eden_size: 224061654 old_eden_size: 204472320 eden_limit: 204472320 cur_eden: 204472320 max_eden_size: 204472320 avg_young_live: 27359656
[41.742s][debug  ][gc,ergo        ] GC(152) PSAdaptiveSizePolicy::compute_eden_space_size: costs minor_time: 0.048122 major_cost: 0.052337 mutator_cost: 0.899542 throughput_goal: 0.990000
[41.742s][debug  ][gc,ergo        ] GC(152) Live_space: 1072489984 free_space: 1423966208
[41.742s][debug  ][gc,ergo        ] GC(152) Old eden_size: 204472320 desired_eden_size: 204472320
[41.742s][debug  ][gc,ergo        ] GC(152) AdaptiveSizeStop: collection: 153 
[41.742s][info   ][gc,heap        ] GC(152) PSYoungGen: 229163K(230912K)->30720K(230912K) Eden: 198442K(199680K)->0K(199680K) From: 30720K(31232K)->30720K(31232K)
[41.742s][info   ][gc,heap        ] GC(152) ParOldGen: 1271396K(1835008K)->1465957K(1835008K)
[41.742s][info   ][gc,metaspace   ] GC(152) Metaspace: 1024K(1216K)->1024K(1216K) NonClass: 940K(1024K)->940K(1024K) Class: 83K(192K)->83K(192K)
[41.742s][info   ][gc             ] GC(152) Pause Young (Allocation Failure) 1465M->1461M(2017M) 17.153ms
[41.742s][info   ][gc,cpu         ] GC(152) User=0.14s Sys=0.00s Real=0.02s
[41.742s][debug  ][gc,heap        ] GC(152) Heap after GC invocations=153 (full 24):
[41.743s][debug  ][gc,heap        ] GC(152)  PSYoungGen      total 230912K, used 30720K [0x00000000f0000000, 0x0000000100000000, 0x0000000100000000)
[41.743s][debug  ][gc,heap        ] GC(152)   eden space 199680K, 0% used [0x00000000f0000000,0x00000000f0000000,0x00000000fc300000)
[41.743s][debug  ][gc,heap        ] GC(152)   from space 31232K, 98% used [0x00000000fc300000,0x00000000fe100030,0x00000000fe180000)
[41.743s][debug  ][gc,heap        ] GC(152)   to   space 31232K, 0% used [0x00000000fe180000,0x00000000fe180000,0x0000000100000000)
[41.743s][debug  ][gc,heap        ] GC(152)  ParOldGen       total 1835008K, used 1465957K [0x0000000080000000, 0x00000000f0000000, 0x00000000f0000000)
[41.743s][debug  ][gc,heap        ] GC(152)   object space 1835008K, 79% used [0x0000000080000000,0x00000000d9799470,0x00000000f0000000)
[41.743s][debug  ][gc,heap        ] GC(152)  Metaspace       used 1024K, committed 1216K, reserved 1056768K
[41.743s][debug  ][gc,heap        ] GC(152)   class space    used 83K, committed 192K, reserved 1048576K
[41.743s][debug  ][gc,task,time   ] GC(152) VM-Thread 417248394 417406728 417427004
[42.041s][debug  ][gc,heap        ] GC(153) Heap before GC invocations=154 (full 24):
[42.042s][debug  ][gc,heap        ] GC(153)  PSYoungGen      total 230912K, used 229174K [0x00000000f0000000, 0x0000000100000000, 0x0000000100000000)
[42.042s][debug  ][gc,heap        ] GC(153)   eden space 199680K, 99% used [0x00000000f0000000,0x00000000fc1cd9b8,0x00000000fc300000)
[42.042s][debug  ][gc,heap        ] GC(153)   from space 31232K, 98% used [0x00000000fc300000,0x00000000fe100030,0x00000000fe180000)
[42.042s][debug  ][gc,heap        ] GC(153)   to   space 31232K, 0% used [0x00000000fe180000,0x00000000fe180000,0x0000000100000000)
[42.042s][debug  ][gc,heap        ] GC(153)  ParOldGen       total 1835008K, used 1465957K [0x0000000080000000, 0x00000000f0000000, 0x00000000f0000000)
[42.042s][debug  ][gc,heap        ] GC(153)   object space 1835008K, 79% used [0x0000000080000000,0x00000000d9799470,0x00000000f0000000)
[42.042s][debug  ][gc,heap        ] GC(153)  Metaspace       used 1024K, committed 1216K, reserved 1056768K
[42.042s][debug  ][gc,heap        ] GC(153)   class space    used 83K, committed 192K, reserved 1048576K
[42.042s][debug  ][gc,tlab        ] GC(153) TLAB totals: thrds: 1  refills: 1 max: 1 slow allocs: 18 max 18 waste: 27.6% gc: 3987592B max: 3987592B slow: 0B max: 0B
[42.042s][info   ][gc,start       ] GC(153) Pause Young (Allocation Failure)
[42.042s][debug  ][gc,phases,start] GC(153) Scavenge
[42.058s][debug  ][gc,phases      ] GC(153) Scavenge 15.601ms
[42.058s][debug  ][gc,phases,start] GC(153) Reference Processing
[42.058s][debug  ][gc,ref         ] GC(153) Skipped phase 1 of Reference Processing: no references
[42.058s][debug  ][gc,ref         ] GC(153) Skipped phase 2 of Reference Processing: no references
[42.058s][debug  ][gc,ref         ] GC(153) Skipped phase 3 of Reference Processing: no references
[42.058s][debug  ][gc,ref         ] GC(153) Skipped phase 4 of Reference Processing: no references
[42.058s][debug  ][gc,phases,ref  ] GC(153) Reference Processing: 0.1ms
[42.058s][debug  ][gc,phases,ref  ] GC(153)   Reconsider SoftReferences: 0.0ms
[42.058s][debug  ][gc,phases,ref  ] GC(153)     SoftRef (ms):                  skipped
[42.058s][debug  ][gc,phases,ref  ] GC(153)   Notify Soft/WeakReferences: 0.0ms
[42.058s][debug  ][gc,phases,ref  ] GC(153)     SoftRef (ms):                  skipped
[42.058s][debug  ][gc,phases,ref  ] GC(153)     WeakRef (ms):                  skipped
[42.058s][debug  ][gc,phases,ref  ] GC(153)     FinalRef (ms):                 skipped
[42.058s][debug  ][gc,phases,ref  ] GC(153)     Total (ms):                    skipped
[42.058s][debug  ][gc,phases,ref  ] GC(153)   Notify and keep alive finalizable: 0.0ms
[42.058s][debug  ][gc,phases,ref  ] GC(153)     FinalRef (ms):                 skipped
[42.058s][debug  ][gc,phases,ref  ] GC(153)   Notify PhantomReferences: 0.0ms
[42.058s][debug  ][gc,phases,ref  ] GC(153)     PhantomRef (ms):               skipped
[42.058s][debug  ][gc,phases,ref  ] GC(153)   SoftReference:
[42.058s][debug  ][gc,phases,ref  ] GC(153)     Discovered: 0
[42.058s][debug  ][gc,phases,ref  ] GC(153)     Cleared: 0
[42.058s][debug  ][gc,phases,ref  ] GC(153)   WeakReference:
[42.058s][debug  ][gc,phases,ref  ] GC(153)     Discovered: 0
[42.058s][debug  ][gc,phases,ref  ] GC(153)     Cleared: 0
[42.058s][debug  ][gc,phases,ref  ] GC(153)   FinalReference:
[42.058s][debug  ][gc,phases,ref  ] GC(153)     Discovered: 0
[42.058s][debug  ][gc,phases,ref  ] GC(153)     Cleared: 0
[42.058s][debug  ][gc,phases,ref  ] GC(153)   PhantomReference:
[42.058s][debug  ][gc,phases,ref  ] GC(153)     Discovered: 0
[42.058s][debug  ][gc,phases,ref  ] GC(153)     Cleared: 0
[42.058s][debug  ][gc,phases      ] GC(153) Reference Processing 0.630ms
[42.058s][debug  ][gc,phases,start] GC(153) Weak Processing
[42.058s][debug  ][gc,phases      ] GC(153)   VM Weak                        Min:  0.0, Avg:  0.0, Max:  0.0, Diff:  0.0, Sum:  0.0, Workers: 6
[42.058s][debug  ][gc,phases      ] GC(153)     Dead                           Min: 0, Avg:  0.0, Max: 0, Diff: 0, Sum: 0, Workers: 6
[42.058s][debug  ][gc,phases      ] GC(153)     Total                          Min: 0, Avg:  1.3, Max: 8, Diff: 8, Sum: 8, Workers: 6
[42.058s][debug  ][gc,phases      ] GC(153)   ObjectSynchronizer Weak        Min:  0.0, Avg:  0.0, Max:  0.0, Diff:  0.0, Sum:  0.0, Workers: 6
[42.058s][debug  ][gc,phases      ] GC(153)     Dead                           Min: 0, Avg:  0.0, Max: 0, Diff: 0, Sum: 0, Workers: 6
[42.058s][debug  ][gc,phases      ] GC(153)     Total                          Min: 0, Avg:  0.5, Max: 3, Diff: 3, Sum: 3, Workers: 6
[42.058s][debug  ][gc,phases      ] GC(153)   JVMTI Tag Weak OopStorage      Min:  0.0, Avg:  0.0, Max:  0.0, Diff:  0.0, Sum:  0.0, Workers: 6
[42.058s][debug  ][gc,phases      ] GC(153)     Dead                           Min: 0, Avg:  0.0, Max: 0, Diff: 0, Sum: 0, Workers: 6
[42.059s][debug  ][gc,phases      ] GC(153)     Total                          Min: 0, Avg:  0.0, Max: 0, Diff: 0, Sum: 0, Workers: 6
[42.059s][debug  ][gc,phases      ] GC(153)   StringTable Weak               Min:  0.0, Avg:  0.0, Max:  0.0, Diff:  0.0, Sum:  0.0, Workers: 6
[42.059s][debug  ][gc,phases      ] GC(153)     Dead                           Min: 0, Avg:  0.0, Max: 0, Diff: 0, Sum: 0, Workers: 6
[42.059s][debug  ][gc,phases      ] GC(153)     Total                          Min: 704, Avg: 892.2, Max: 1088, Diff: 384, Sum: 5353, Workers: 6
[42.059s][debug  ][gc,phases      ] GC(153)   ResolvedMethodTable Weak       Min:  0.0, Avg:  0.0, Max:  0.0, Diff:  0.0, Sum:  0.0, Workers: 6
[42.059s][debug  ][gc,phases      ] GC(153)     Dead                           Min: 0, Avg:  0.0, Max: 0, Diff: 0, Sum: 0, Workers: 6
[42.059s][debug  ][gc,phases      ] GC(153)     Total                          Min: 0, Avg: 21.7, Max: 64, Diff: 64, Sum: 130, Workers: 6
[42.059s][debug  ][gc,phases      ] GC(153)   JNI Weak                       Min:  0.0, Avg:  0.0, Max:  0.0, Diff:  0.0, Sum:  0.0, Workers: 6
[42.059s][debug  ][gc,phases      ] GC(153)     Dead                           Min: 0, Avg:  0.0, Max: 0, Diff: 0, Sum: 0, Workers: 6
[42.059s][debug  ][gc,phases      ] GC(153)     Total                          Min: 0, Avg:  0.0, Max: 0, Diff: 0, Sum: 0, Workers: 6
[42.059s][debug  ][gc,phases      ] GC(153)   StringDedup Table Weak         Min:  0.0, Avg:  0.0, Max:  0.0, Diff:  0.0, Sum:  0.0, Workers: 6
[42.059s][debug  ][gc,phases      ] GC(153)     Dead                           Min: 0, Avg:  0.0, Max: 0, Diff: 0, Sum: 0, Workers: 6
[42.059s][debug  ][gc,phases      ] GC(153)     Total                          Min: 0, Avg:  0.0, Max: 0, Diff: 0, Sum: 0, Workers: 6
[42.059s][debug  ][gc,phases      ] GC(153)   StringDedup Requests0 Weak     Min:  0.0, Avg:  0.0, Max:  0.0, Diff:  0.0, Sum:  0.0, Workers: 6
[42.059s][debug  ][gc,phases      ] GC(153)     Dead                           Min: 0, Avg:  0.0, Max: 0, Diff: 0, Sum: 0, Workers: 6
[42.059s][debug  ][gc,phases      ] GC(153)     Total                          Min: 0, Avg:  0.0, Max: 0, Diff: 0, Sum: 0, Workers: 6
[42.059s][debug  ][gc,phases      ] GC(153)   StringDedup Requests1 Weak     Min:  0.0, Avg:  0.0, Max:  0.0, Diff:  0.0, Sum:  0.0, Workers: 6
[42.059s][debug  ][gc,phases      ] GC(153)     Dead                           Min: 0, Avg:  0.0, Max: 0, Diff: 0, Sum: 0, Workers: 6
[42.059s][debug  ][gc,phases      ] GC(153)     Total                          Min: 0, Avg:  0.0, Max: 0, Diff: 0, Sum: 0, Workers: 6
[42.059s][debug  ][gc,phases      ] GC(153)   Weak JFR Old Object Samples    Min:  0.0, Avg:  0.0, Max:  0.0, Diff:  0.0, Sum:  0.0, Workers: 6
[42.059s][debug  ][gc,phases      ] GC(153)     Dead                           Min: 0, Avg:  0.0, Max: 0, Diff: 0, Sum: 0, Workers: 6
[42.059s][debug  ][gc,phases      ] GC(153)     Total                          Min: 0, Avg:  0.0, Max: 0, Diff: 0, Sum: 0, Workers: 6
[42.059s][debug  ][gc,phases      ] GC(153) Weak Processing 0.729ms
[42.059s][debug  ][gc,ergo        ] GC(153) AdaptiveSizeStart:  collection: 154 
[42.059s][debug  ][gc,ergo        ] GC(153) avg_survived_padded_avg: 31670664.000000
[42.059s][debug  ][gc,ergo        ] GC(153) avg_promoted_padded_avg: 292071840.000000  avg_pretenured_padded_avg: 0.000000  tenuring_thresh: 15  target_size: 31981568
[42.059s][debug  ][gc,age         ] GC(153) Desired survivor size 31981568 bytes, new threshold 15 (max threshold 15)
[42.059s][debug  ][gc,ergo        ] GC(153) PSAdaptiveSizePolicy::compute_eden_space_size limits: desired_eden_size: 224363026 old_eden_size: 204472320 eden_limit: 204472320 cur_eden: 204472320 max_eden_size: 204472320 avg_young_live: 27769422
[42.059s][debug  ][gc,ergo        ] GC(153) PSAdaptiveSizePolicy::compute_eden_space_size: costs minor_time: 0.049563 major_cost: 0.052337 mutator_cost: 0.898100 throughput_goal: 0.990000
[42.059s][debug  ][gc,ergo        ] GC(153) Live_space: 1072899776 free_space: 1423966208
[42.059s][debug  ][gc,ergo        ] GC(153) Old eden_size: 204472320 desired_eden_size: 204472320
[42.059s][debug  ][gc,ergo        ] GC(153) AdaptiveSizeStop: collection: 154 
[42.059s][info   ][gc,heap        ] GC(153) PSYoungGen: 229174K(230912K)->30720K(230912K) Eden: 198454K(199680K)->0K(199680K) From: 30720K(31232K)->30720K(31232K)
[42.059s][info   ][gc,heap        ] GC(153) ParOldGen: 1465957K(1835008K)->1660517K(1835008K)
[42.059s][info   ][gc,metaspace   ] GC(153) Metaspace: 1024K(1216K)->1024K(1216K) NonClass: 940K(1024K)->940K(1024K) Class: 83K(192K)->83K(192K)
[42.059s][info   ][gc             ] GC(153) Pause Young (Allocation Failure) 1655M->1651M(2017M) 17.420ms
[42.059s][info   ][gc,cpu         ] GC(153) User=0.16s Sys=0.00s Real=0.02s
[42.059s][debug  ][gc,heap        ] GC(153) Heap after GC invocations=154 (full 24):
[42.059s][debug  ][gc,heap        ] GC(153)  PSYoungGen      total 230912K, used 30720K [0x00000000f0000000, 0x0000000100000000, 0x0000000100000000)
[42.059s][debug  ][gc,heap        ] GC(153)   eden space 199680K, 0% used [0x00000000f0000000,0x00000000f0000000,0x00000000fc300000)
[42.059s][debug  ][gc,heap        ] GC(153)   from space 31232K, 98% used [0x00000000fe180000,0x00000000fff80030,0x0000000100000000)
[42.059s][debug  ][gc,heap        ] GC(153)   to   space 31232K, 0% used [0x00000000fc300000,0x00000000fc300000,0x00000000fe180000)
[42.059s][debug  ][gc,heap        ] GC(153)  ParOldGen       total 1835008K, used 1660517K [0x0000000080000000, 0x00000000f0000000, 0x00000000f0000000)
[42.059s][debug  ][gc,heap        ] GC(153)   object space 1835008K, 90% used [0x0000000080000000,0x00000000e55995a0,0x00000000f0000000)
[42.060s][debug  ][gc,heap        ] GC(153)  Metaspace       used 1024K, committed 1216K, reserved 1056768K
[42.060s][debug  ][gc,heap        ] GC(153)   class space    used 83K, committed 192K, reserved 1048576K
[42.060s][debug  ][gc,task,time   ] GC(153) VM-Thread 420414240 420576136 420595664
[42.060s][debug  ][gc,phases,start] GC(154) Pre Compact
[42.060s][debug  ][gc,heap        ] GC(154) Heap before GC invocations=155 (full 25):
[42.060s][debug  ][gc,heap        ] GC(154)  PSYoungGen      total 230912K, used 30720K [0x00000000f0000000, 0x0000000100000000, 0x0000000100000000)
[42.060s][debug  ][gc,heap        ] GC(154)   eden space 199680K, 0% used [0x00000000f0000000,0x00000000f0000000,0x00000000fc300000)
[42.060s][debug  ][gc,heap        ] GC(154)   from space 31232K, 98% used [0x00000000fe180000,0x00000000fff80030,0x0000000100000000)
[42.060s][debug  ][gc,heap        ] GC(154)   to   space 31232K, 0% used [0x00000000fc300000,0x00000000fc300000,0x00000000fe180000)
[42.060s][debug  ][gc,heap        ] GC(154)  ParOldGen       total 1835008K, used 1660517K [0x0000000080000000, 0x00000000f0000000, 0x00000000f0000000)
[42.060s][debug  ][gc,heap        ] GC(154)   object space 1835008K, 90% used [0x0000000080000000,0x00000000e55995a0,0x00000000f0000000)
[42.060s][debug  ][gc,heap        ] GC(154)  Metaspace       used 1024K, committed 1216K, reserved 1056768K
[42.060s][debug  ][gc,heap        ] GC(154)   class space    used 83K, committed 192K, reserved 1048576K
[42.060s][debug  ][gc,phases      ] GC(154) Pre Compact 0.225ms
[42.060s][info   ][gc,start       ] GC(154) Pause Full (Ergonomics)
[42.060s][info   ][gc,phases,start] GC(154) Marking Phase
[42.060s][debug  ][gc,phases,start] GC(154) Par Mark
[42.060s][debug  ][gc,phases      ] GC(154) Par Mark 0.523ms
[42.060s][debug  ][gc,phases,start] GC(154) Reference Processing
[42.060s][debug  ][gc,ref         ] GC(154) Skipped phase 1 of Reference Processing: no references
[42.060s][debug  ][gc,ref         ] GC(154) ReferenceProcessor::execute queues: 1, RefProcThreadModel::Single, marks_oops_alive: false
[42.061s][debug  ][gc,ref         ] GC(154) Skipped phase 3 of Reference Processing: no references
[42.061s][debug  ][gc,ref         ] GC(154) ReferenceProcessor::execute queues: 1, RefProcThreadModel::Single, marks_oops_alive: false
[42.061s][debug  ][gc,phases,ref  ] GC(154) Reference Processing: 0.1ms
[42.061s][debug  ][gc,phases,ref  ] GC(154)   Reconsider SoftReferences: 0.0ms
[42.061s][debug  ][gc,phases,ref  ] GC(154)     SoftRef (ms):                  skipped
[42.061s][debug  ][gc,phases,ref  ] GC(154)   Notify Soft/WeakReferences: 0.0ms
[42.061s][debug  ][gc,phases,ref  ] GC(154)     SoftRef (ms):                  Min:  0.0, Avg:  0.0, Max:  0.0, Diff:  0.0, Sum:  0.0, Workers: 10
[42.061s][debug  ][gc,phases,ref  ] GC(154)     WeakRef (ms):                  Min:  0.0, Avg:  0.0, Max:  0.0, Diff:  0.0, Sum:  0.0, Workers: 10
[42.061s][debug  ][gc,phases,ref  ] GC(154)     FinalRef (ms):                 Min:  0.0, Avg:  0.0, Max:  0.0, Diff:  0.0, Sum:  0.0, Workers: 10
[42.061s][debug  ][gc,phases,ref  ] GC(154)     Total (ms):                    Min:  0.0, Avg:  0.0, Max:  0.0, Diff:  0.0, Sum:  0.0, Workers: 10
[42.061s][debug  ][gc,phases,ref  ] GC(154)   Notify and keep alive finalizable: 0.0ms
[42.061s][debug  ][gc,phases,ref  ] GC(154)     FinalRef (ms):                 skipped
[42.061s][debug  ][gc,phases,ref  ] GC(154)   Notify PhantomReferences: 0.0ms
[42.061s][debug  ][gc,phases,ref  ] GC(154)     PhantomRef (ms):               Min:  0.0, Avg:  0.0, Max:  0.0, Diff:  0.0, Sum:  0.0, Workers: 10
[42.061s][debug  ][gc,phases,ref  ] GC(154)   SoftReference:
[42.061s][debug  ][gc,phases,ref  ] GC(154)     Discovered: 0
[42.061s][debug  ][gc,phases,ref  ] GC(154)     Cleared: 0
[42.061s][debug  ][gc,phases,ref  ] GC(154)   WeakReference:
[42.061s][debug  ][gc,phases,ref  ] GC(154)     Discovered: 73
[42.061s][debug  ][gc,phases,ref  ] GC(154)     Cleared: 73
[42.061s][debug  ][gc,phases,ref  ] GC(154)   FinalReference:
[42.061s][debug  ][gc,phases,ref  ] GC(154)     Discovered: 0
[42.061s][debug  ][gc,phases,ref  ] GC(154)     Cleared: 0
[42.061s][debug  ][gc,phases,ref  ] GC(154)   PhantomReference:
[42.061s][debug  ][gc,phases,ref  ] GC(154)     Discovered: 5
[42.061s][debug  ][gc,phases,ref  ] GC(154)     Cleared: 5
[42.061s][debug  ][gc,phases      ] GC(154) Reference Processing 0.637ms
[42.061s][debug  ][gc,phases,start] GC(154) Weak Processing
[42.061s][debug  ][gc,phases      ] GC(154)   VM Weak                        Min:  0.0, Avg:  0.0, Max:  0.0, Diff:  0.0, Sum:  0.0, Workers: 6
[42.061s][debug  ][gc,phases      ] GC(154)     Dead                           Min: 0, Avg:  0.0, Max: 0, Diff: 0, Sum: 0, Workers: 6
[42.061s][debug  ][gc,phases      ] GC(154)     Total                          Min: 0, Avg:  1.3, Max: 8, Diff: 8, Sum: 8, Workers: 6
[42.061s][debug  ][gc,phases      ] GC(154)   ObjectSynchronizer Weak        Min:  0.0, Avg:  0.0, Max:  0.0, Diff:  0.0, Sum:  0.0, Workers: 6
[42.061s][debug  ][gc,phases      ] GC(154)     Dead                           Min: 0, Avg:  0.0, Max: 0, Diff: 0, Sum: 0, Workers: 6
[42.061s][debug  ][gc,phases      ] GC(154)     Total                          Min: 0, Avg:  0.5, Max: 3, Diff: 3, Sum: 3, Workers: 6
[42.061s][debug  ][gc,phases      ] GC(154)   JVMTI Tag Weak OopStorage      Min:  0.0, Avg:  0.0, Max:  0.0, Diff:  0.0, Sum:  0.0, Workers: 6
[42.061s][debug  ][gc,phases      ] GC(154)     Dead                           Min: 0, Avg:  0.0, Max: 0, Diff: 0, Sum: 0, Workers: 6
[42.061s][debug  ][gc,phases      ] GC(154)     Total                          Min: 0, Avg:  0.0, Max: 0, Diff: 0, Sum: 0, Workers: 6
[42.061s][debug  ][gc,phases      ] GC(154)   StringTable Weak               Min:  0.0, Avg:  0.0, Max:  0.0, Diff:  0.0, Sum:  0.0, Workers: 6
[42.061s][debug  ][gc,phases      ] GC(154)     Dead                           Min: 0, Avg:  0.0, Max: 0, Diff: 0, Sum: 0, Workers: 6
[42.061s][debug  ][gc,phases      ] GC(154)     Total                          Min: 617, Avg: 892.2, Max: 1280, Diff: 663, Sum: 5353, Workers: 6
[42.062s][debug  ][gc,phases      ] GC(154)   ResolvedMethodTable Weak       Min:  0.0, Avg:  0.0, Max:  0.0, Diff:  0.0, Sum:  0.0, Workers: 6
[42.062s][debug  ][gc,phases      ] GC(154)     Dead                           Min: 0, Avg:  0.0, Max: 0, Diff: 0, Sum: 0, Workers: 6
[42.062s][debug  ][gc,phases      ] GC(154)     Total                          Min: 0, Avg: 21.7, Max: 64, Diff: 64, Sum: 130, Workers: 6
[42.062s][debug  ][gc,phases      ] GC(154)   JNI Weak                       Min:  0.0, Avg:  0.0, Max:  0.0, Diff:  0.0, Sum:  0.0, Workers: 6
[42.062s][debug  ][gc,phases      ] GC(154)     Dead                           Min: 0, Avg:  0.0, Max: 0, Diff: 0, Sum: 0, Workers: 6
[42.062s][debug  ][gc,phases      ] GC(154)     Total                          Min: 0, Avg:  0.0, Max: 0, Diff: 0, Sum: 0, Workers: 6
[42.062s][debug  ][gc,phases      ] GC(154)   StringDedup Table Weak         Min:  0.0, Avg:  0.0, Max:  0.0, Diff:  0.0, Sum:  0.0, Workers: 6
[42.062s][debug  ][gc,phases      ] GC(154)     Dead                           Min: 0, Avg:  0.0, Max: 0, Diff: 0, Sum: 0, Workers: 6
[42.062s][debug  ][gc,phases      ] GC(154)     Total                          Min: 0, Avg:  0.0, Max: 0, Diff: 0, Sum: 0, Workers: 6
[42.062s][debug  ][gc,phases      ] GC(154)   StringDedup Requests0 Weak     Min:  0.0, Avg:  0.0, Max:  0.0, Diff:  0.0, Sum:  0.0, Workers: 6
[42.062s][debug  ][gc,phases      ] GC(154)     Dead                           Min: 0, Avg:  0.0, Max: 0, Diff: 0, Sum: 0, Workers: 6
[42.062s][debug  ][gc,phases      ] GC(154)     Total                          Min: 0, Avg:  0.0, Max: 0, Diff: 0, Sum: 0, Workers: 6
[42.062s][debug  ][gc,phases      ] GC(154)   StringDedup Requests1 Weak     Min:  0.0, Avg:  0.0, Max:  0.0, Diff:  0.0, Sum:  0.0, Workers: 6
[42.062s][debug  ][gc,phases      ] GC(154)     Dead                           Min: 0, Avg:  0.0, Max: 0, Diff: 0, Sum: 0, Workers: 6
[42.062s][debug  ][gc,phases      ] GC(154)     Total                          Min: 0, Avg:  0.0, Max: 0, Diff: 0, Sum: 0, Workers: 6
[42.062s][debug  ][gc,phases      ] GC(154)   Weak JFR Old Object Samples    Min:  0.0, Avg:  0.0, Max:  0.0, Diff:  0.0, Sum:  0.0, Workers: 6
[42.062s][debug  ][gc,phases      ] GC(154)     Dead                           Min: 0, Avg:  0.0, Max: 0, Diff: 0, Sum: 0, Workers: 6
[42.062s][debug  ][gc,phases      ] GC(154)     Total                          Min: 0, Avg:  0.0, Max: 0, Diff: 0, Sum: 0, Workers: 6
[42.062s][debug  ][gc,phases      ] GC(154) Weak Processing 0.901ms
[42.062s][debug  ][gc,phases,start] GC(154) Class Unloading
[42.062s][debug  ][gc,phases,start] GC(154) ClassLoaderData
[42.062s][debug  ][gc,phases      ] GC(154) ClassLoaderData 0.026ms
[42.062s][debug  ][gc,phases,start] GC(154) Trigger cleanups
[42.062s][debug  ][gc,phases      ] GC(154) Trigger cleanups 0.026ms
[42.062s][debug  ][gc,phases      ] GC(154) Class Unloading 0.286ms
[42.062s][info   ][gc,phases      ] GC(154) Marking Phase 2.473ms
[42.062s][info   ][gc,phases,start] GC(154) Summary Phase
[42.062s][info   ][gc,phases      ] GC(154) Summary Phase 0.039ms
[42.062s][info   ][gc,phases,start] GC(154) Adjust Roots
[42.063s][info   ][gc,phases      ] GC(154) Adjust Roots 0.134ms
[42.063s][info   ][gc,phases,start] GC(154) Compaction Phase
[42.152s][info   ][gc,phases      ] GC(154) Compaction Phase 89.079ms
[42.152s][info   ][gc,phases,start] GC(154) Post Compact
[42.157s][info   ][gc,phases      ] GC(154) Post Compact 5.311ms
[42.157s][debug  ][gc,ergo        ] GC(154) AdaptiveSizeStart: collection: 155 
[42.157s][debug  ][gc,ergo        ] GC(154) PSAdaptiveSizePolicy::compute_eden_space_size limits: desired_eden_size: 224112535 old_eden_size: 204472320 eden_limit: 204472320 cur_eden: 204472320 max_eden_size: 204472320 avg_young_live: 24992478
[42.157s][debug  ][gc,ergo        ] GC(154) PSAdaptiveSizePolicy::compute_eden_space_size: costs minor_time: 0.049563 major_cost: 0.053636 mutator_cost: 0.896801 throughput_goal: 0.990000
[42.157s][debug  ][gc,ergo        ] GC(154) Live_space: 1070122880 free_space: 1423966208
[42.157s][debug  ][gc,ergo        ] GC(154) Old eden_size: 204472320 desired_eden_size: 204472320
[42.157s][debug  ][gc,ergo        ] GC(154) PSAdaptiveSizePolicy::compute_old_gen_free_space limits: desired_promo_size: 1346474395 promo_limit: 1219493888 free_in_old_gen: 1095969152 max_old_gen_size: 1879048192 avg_old_live: 783079040
[42.157s][debug  ][gc,ergo        ] GC(154) PSAdaptiveSizePolicy::compute_old_gen_free_space: costs minor_time: 0.049563 major_cost: 0.053636  mutator_cost: 0.896801 throughput_goal: 0.990000
[42.157s][debug  ][gc,ergo        ] GC(154) Live_space: 1076507008 free_space: 1423966208
[42.157s][debug  ][gc,ergo        ] GC(154) Old promo_size: 1219493888 desired_promo_size: 1219493888
[42.157s][debug  ][gc,ergo        ] GC(154) AdaptiveSizeStop: collection: 155 
[42.157s][info   ][gc,heap        ] GC(154) PSYoungGen: 30720K(230912K)->0K(230912K) Eden: 0K(199680K)->0K(199680K) From: 30720K(31232K)->0K(31232K)
[42.157s][info   ][gc,heap        ] GC(154) ParOldGen: 1660517K(1835008K)->820836K(1835008K)
[42.158s][info   ][gc,metaspace   ] GC(154) Metaspace: 1024K(1216K)->1024K(1216K) NonClass: 940K(1024K)->940K(1024K) Class: 83K(192K)->83K(192K)
[42.158s][info   ][gc             ] GC(154) Pause Full (Ergonomics) 1651M->801M(2017M) 97.709ms
[42.158s][info   ][gc,cpu         ] GC(154) User=0.88s Sys=0.02s Real=0.10s
[42.158s][debug  ][gc,heap        ] GC(154) Heap after GC invocations=155 (full 25):
[42.158s][debug  ][gc,heap        ] GC(154)  PSYoungGen      total 230912K, used 0K [0x00000000f0000000, 0x0000000100000000, 0x0000000100000000)
[42.158s][debug  ][gc,heap        ] GC(154)   eden space 199680K, 0% used [0x00000000f0000000,0x00000000f0000000,0x00000000fc300000)
[42.158s][debug  ][gc,heap        ] GC(154)   from space 31232K, 0% used [0x00000000fc300000,0x00000000fc300000,0x00000000fe180000)
[42.158s][debug  ][gc,heap        ] GC(154)   to   space 31232K, 0% used [0x00000000fe180000,0x00000000fe180000,0x0000000100000000)
[42.158s][debug  ][gc,heap        ] GC(154)  ParOldGen       total 1835008K, used 820836K [0x0000000080000000, 0x00000000f0000000, 0x00000000f0000000)
[42.158s][debug  ][gc,heap        ] GC(154)   object space 1835008K, 44% used [0x0000000080000000,0x00000000b2199080,0x00000000f0000000)
[42.158s][debug  ][gc,heap        ] GC(154)  Metaspace       used 1024K, committed 1216K, reserved 1056768K
[42.158s][debug  ][gc,heap        ] GC(154)   class space    used 83K, committed 192K, reserved 1048576K
[42.158s][debug  ][gc,task,time   ] GC(154) VM-Thread 420598652 420626006 421576049
[42.468s][debug  ][gc,heap        ] GC(155) Heap before GC invocations=156 (full 25):
[42.468s][debug  ][gc,heap        ] GC(155)  PSYoungGen      total 230912K, used 198461K [0x00000000f0000000, 0x0000000100000000, 0x0000000100000000)
[42.468s][debug  ][gc,heap        ] GC(155)   eden space 199680K, 99% used [0x00000000f0000000,0x00000000fc1cf748,0x00000000fc300000)
[42.468s][debug  ][gc,heap        ] GC(155)   from space 31232K, 0% used [0x00000000fc300000,0x00000000fc300000,0x00000000fe180000)
[42.468s][debug  ][gc,heap        ] GC(155)   to   space 31232K, 0% used [0x00000000fe180000,0x00000000fe180000,0x0000000100000000)
[42.468s][debug  ][gc,heap        ] GC(155)  ParOldGen       total 1835008K, used 820836K [0x0000000080000000, 0x00000000f0000000, 0x00000000f0000000)
[42.468s][debug  ][gc,heap        ] GC(155)   object space 1835008K, 44% used [0x0000000080000000,0x00000000b2199080,0x00000000f0000000)
[42.468s][debug  ][gc,heap        ] GC(155)  Metaspace       used 1024K, committed 1216K, reserved 1056768K
[42.468s][debug  ][gc,heap        ] GC(155)   class space    used 83K, committed 192K, reserved 1048576K
[42.468s][debug  ][gc,tlab        ] GC(155) TLAB totals: thrds: 1  refills: 1 max: 1 slow allocs: 18 max 18 waste: 27.6% gc: 3995160B max: 3995160B slow: 0B max: 0B
[42.468s][info   ][gc,start       ] GC(155) Pause Young (Allocation Failure)
[42.468s][debug  ][gc,phases,start] GC(155) Scavenge
[42.482s][debug  ][gc,phases      ] GC(155) Scavenge 13.326ms
[42.482s][debug  ][gc,phases,start] GC(155) Reference Processing
[42.482s][debug  ][gc,ref         ] GC(155) Skipped phase 1 of Reference Processing: no references
[42.482s][debug  ][gc,ref         ] GC(155) Skipped phase 2 of Reference Processing: no references
[42.482s][debug  ][gc,ref         ] GC(155) Skipped phase 3 of Reference Processing: no references
[42.482s][debug  ][gc,ref         ] GC(155) Skipped phase 4 of Reference Processing: no references
[42.482s][debug  ][gc,phases,ref  ] GC(155) Reference Processing: 0.1ms
[42.482s][debug  ][gc,phases,ref  ] GC(155)   Reconsider SoftReferences: 0.0ms
[42.482s][debug  ][gc,phases,ref  ] GC(155)     SoftRef (ms):                  skipped
[42.482s][debug  ][gc,phases,ref  ] GC(155)   Notify Soft/WeakReferences: 0.0ms
[42.482s][debug  ][gc,phases,ref  ] GC(155)     SoftRef (ms):                  skipped
[42.482s][debug  ][gc,phases,ref  ] GC(155)     WeakRef (ms):                  skipped
[42.482s][debug  ][gc,phases,ref  ] GC(155)     FinalRef (ms):                 skipped
[42.482s][debug  ][gc,phases,ref  ] GC(155)     Total (ms):                    skipped
[42.482s][debug  ][gc,phases,ref  ] GC(155)   Notify and keep alive finalizable: 0.0ms
[42.482s][debug  ][gc,phases,ref  ] GC(155)     FinalRef (ms):                 skipped
[42.482s][debug  ][gc,phases,ref  ] GC(155)   Notify PhantomReferences: 0.0ms
[42.482s][debug  ][gc,phases,ref  ] GC(155)     PhantomRef (ms):               skipped
[42.482s][debug  ][gc,phases,ref  ] GC(155)   SoftReference:
[42.482s][debug  ][gc,phases,ref  ] GC(155)     Discovered: 0
[42.482s][debug  ][gc,phases,ref  ] GC(155)     Cleared: 0
[42.482s][debug  ][gc,phases,ref  ] GC(155)   WeakReference:
[42.482s][debug  ][gc,phases,ref  ] GC(155)     Discovered: 0
[42.482s][debug  ][gc,phases,ref  ] GC(155)     Cleared: 0
[42.482s][debug  ][gc,phases,ref  ] GC(155)   FinalReference:
[42.482s][debug  ][gc,phases,ref  ] GC(155)     Discovered: 0
[42.482s][debug  ][gc,phases,ref  ] GC(155)     Cleared: 0
[42.482s][debug  ][gc,phases,ref  ] GC(155)   PhantomReference:
[42.482s][debug  ][gc,phases,ref  ] GC(155)     Discovered: 0
[42.482s][debug  ][gc,phases,ref  ] GC(155)     Cleared: 0
[42.482s][debug  ][gc,phases      ] GC(155) Reference Processing 0.758ms
[42.482s][debug  ][gc,phases,start] GC(155) Weak Processing
[42.482s][debug  ][gc,phases      ] GC(155)   VM Weak                        Min:  0.0, Avg:  0.0, Max:  0.0, Diff:  0.0, Sum:  0.0, Workers: 6
[42.482s][debug  ][gc,phases      ] GC(155)     Dead                           Min: 0, Avg:  0.0, Max: 0, Diff: 0, Sum: 0, Workers: 6
[42.483s][debug  ][gc,phases      ] GC(155)     Total                          Min: 0, Avg:  1.3, Max: 8, Diff: 8, Sum: 8, Workers: 6
[42.483s][debug  ][gc,phases      ] GC(155)   ObjectSynchronizer Weak        Min:  0.0, Avg:  0.0, Max:  0.0, Diff:  0.0, Sum:  0.0, Workers: 6
[42.483s][debug  ][gc,phases      ] GC(155)     Dead                           Min: 0, Avg:  0.0, Max: 0, Diff: 0, Sum: 0, Workers: 6
[42.483s][debug  ][gc,phases      ] GC(155)     Total                          Min: 0, Avg:  0.5, Max: 3, Diff: 3, Sum: 3, Workers: 6
[42.483s][debug  ][gc,phases      ] GC(155)   JVMTI Tag Weak OopStorage      Min:  0.0, Avg:  0.0, Max:  0.0, Diff:  0.0, Sum:  0.0, Workers: 6
[42.483s][debug  ][gc,phases      ] GC(155)     Dead                           Min: 0, Avg:  0.0, Max: 0, Diff: 0, Sum: 0, Workers: 6
[42.483s][debug  ][gc,phases      ] GC(155)     Total                          Min: 0, Avg:  0.0, Max: 0, Diff: 0, Sum: 0, Workers: 6
[42.483s][debug  ][gc,phases      ] GC(155)   StringTable Weak               Min:  0.0, Avg:  0.0, Max:  0.0, Diff:  0.0, Sum:  0.0, Workers: 6
[42.483s][debug  ][gc,phases      ] GC(155)     Dead                           Min: 0, Avg:  0.0, Max: 0, Diff: 0, Sum: 0, Workers: 6
[42.483s][debug  ][gc,phases      ] GC(155)     Total                          Min: 768, Avg: 892.2, Max: 1023, Diff: 255, Sum: 5353, Workers: 6
[42.483s][debug  ][gc,phases      ] GC(155)   ResolvedMethodTable Weak       Min:  0.0, Avg:  0.0, Max:  0.0, Diff:  0.0, Sum:  0.0, Workers: 6
[42.483s][debug  ][gc,phases      ] GC(155)     Dead                           Min: 0, Avg:  0.0, Max: 0, Diff: 0, Sum: 0, Workers: 6
[42.483s][debug  ][gc,phases      ] GC(155)     Total                          Min: 0, Avg: 21.7, Max: 64, Diff: 64, Sum: 130, Workers: 6
[42.483s][debug  ][gc,phases      ] GC(155)   JNI Weak                       Min:  0.0, Avg:  0.0, Max:  0.0, Diff:  0.0, Sum:  0.0, Workers: 6
[42.483s][debug  ][gc,phases      ] GC(155)     Dead                           Min: 0, Avg:  0.0, Max: 0, Diff: 0, Sum: 0, Workers: 6
[42.483s][debug  ][gc,phases      ] GC(155)     Total                          Min: 0, Avg:  0.0, Max: 0, Diff: 0, Sum: 0, Workers: 6
[42.483s][debug  ][gc,phases      ] GC(155)   StringDedup Table Weak         Min:  0.0, Avg:  0.0, Max:  0.0, Diff:  0.0, Sum:  0.0, Workers: 6
[42.483s][debug  ][gc,phases      ] GC(155)     Dead                           Min: 0, Avg:  0.0, Max: 0, Diff: 0, Sum: 0, Workers: 6
[42.483s][debug  ][gc,phases      ] GC(155)     Total                          Min: 0, Avg:  0.0, Max: 0, Diff: 0, Sum: 0, Workers: 6
[42.483s][debug  ][gc,phases      ] GC(155)   StringDedup Requests0 Weak     Min:  0.0, Avg:  0.0, Max:  0.0, Diff:  0.0, Sum:  0.0, Workers: 6
[42.483s][debug  ][gc,phases      ] GC(155)     Dead                           Min: 0, Avg:  0.0, Max: 0, Diff: 0, Sum: 0, Workers: 6
[42.483s][debug  ][gc,phases      ] GC(155)     Total                          Min: 0, Avg:  0.0, Max: 0, Diff: 0, Sum: 0, Workers: 6
[42.483s][debug  ][gc,phases      ] GC(155)   StringDedup Requests1 Weak     Min:  0.0, Avg:  0.0, Max:  0.0, Diff:  0.0, Sum:  0.0, Workers: 6
[42.483s][debug  ][gc,phases      ] GC(155)     Dead                           Min: 0, Avg:  0.0, Max: 0, Diff: 0, Sum: 0, Workers: 6
[42.483s][debug  ][gc,phases      ] GC(155)     Total                          Min: 0, Avg:  0.0, Max: 0, Diff: 0, Sum: 0, Workers: 6
[42.483s][debug  ][gc,phases      ] GC(155)   Weak JFR Old Object Samples    Min:  0.0, Avg:  0.0, Max:  0.0, Diff:  0.0, Sum:  0.0, Workers: 6
[42.483s][debug  ][gc,phases      ] GC(155)     Dead                           Min: 0, Avg:  0.0, Max: 0, Diff: 0, Sum: 0, Workers: 6
[42.483s][debug  ][gc,phases      ] GC(155)     Total                          Min: 0, Avg:  0.0, Max: 0, Diff: 0, Sum: 0, Workers: 6
[42.483s][debug  ][gc,phases      ] GC(155) Weak Processing 0.763ms
[42.483s][debug  ][gc,ergo        ] GC(155) AdaptiveSizeStart:  collection: 156 
[42.483s][debug  ][gc,ergo        ] GC(155) avg_survived_padded_avg: 31652504.000000
[42.483s][debug  ][gc,ergo        ] GC(155) avg_promoted_padded_avg: 280586240.000000  avg_pretenured_padded_avg: 0.000000  tenuring_thresh: 15  target_size: 31981568
[42.483s][debug  ][gc,age         ] GC(155) Desired survivor size 31981568 bytes, new threshold 15 (max threshold 15)
[42.483s][debug  ][gc,ergo        ] GC(155) PSAdaptiveSizePolicy::compute_eden_space_size limits: desired_eden_size: 223354083 old_eden_size: 204472320 eden_limit: 204472320 cur_eden: 204472320 max_eden_size: 204472320 avg_young_live: 25638962
[42.483s][debug  ][gc,ergo        ] GC(155) PSAdaptiveSizePolicy::compute_eden_space_size: costs minor_time: 0.046007 major_cost: 0.053636 mutator_cost: 0.900356 throughput_goal: 0.990000
[42.483s][debug  ][gc,ergo        ] GC(155) Live_space: 1077153536 free_space: 1423966208
[42.483s][debug  ][gc,ergo        ] GC(155) Old eden_size: 204472320 desired_eden_size: 204472320
[42.483s][debug  ][gc,ergo        ] GC(155) AdaptiveSizeStop: collection: 156 
[42.483s][info   ][gc,heap        ] GC(155) PSYoungGen: 198461K(230912K)->30720K(230912K) Eden: 198461K(199680K)->0K(199680K) From: 0K(31232K)->30720K(31232K)
[42.483s][info   ][gc,heap        ] GC(155) ParOldGen: 820836K(1835008K)->984676K(1835008K)
[42.483s][info   ][gc,metaspace   ] GC(155) Metaspace: 1024K(1216K)->1024K(1216K) NonClass: 940K(1024K)->940K(1024K) Class: 83K(192K)->83K(192K)
[42.483s][info   ][gc             ] GC(155) Pause Young (Allocation Failure) 995M->991M(2017M) 15.334ms
[42.484s][info   ][gc,cpu         ] GC(155) User=0.16s Sys=0.00s Real=0.02s
[42.484s][debug  ][gc,heap        ] GC(155) Heap after GC invocations=156 (full 25):
[42.484s][debug  ][gc,heap        ] GC(155)  PSYoungGen      total 230912K, used 30720K [0x00000000f0000000, 0x0000000100000000, 0x0000000100000000)
[42.484s][debug  ][gc,heap        ] GC(155)   eden space 199680K, 0% used [0x00000000f0000000,0x00000000f0000000,0x00000000fc300000)
[42.484s][debug  ][gc,heap        ] GC(155)   from space 31232K, 98% used [0x00000000fe180000,0x00000000fff80030,0x0000000100000000)
[42.484s][debug  ][gc,heap        ] GC(155)   to   space 31232K, 0% used [0x00000000fc300000,0x00000000fc300000,0x00000000fe180000)
[42.484s][debug  ][gc,heap        ] GC(155)  ParOldGen       total 1835008K, used 984676K [0x0000000080000000, 0x00000000f0000000, 0x00000000f0000000)
[42.484s][debug  ][gc,heap        ] GC(155)   object space 1835008K, 53% used [0x0000000080000000,0x00000000bc199180,0x00000000f0000000)
[42.484s][debug  ][gc,heap        ] GC(155)  Metaspace       used 1024K, committed 1216K, reserved 1056768K
[42.484s][debug  ][gc,heap        ] GC(155)   class space    used 83K, committed 192K, reserved 1048576K
[42.484s][debug  ][gc,task,time   ] GC(155) VM-Thread 424676778 424816191 424837652
[42.784s][debug  ][gc,heap        ] GC(156) Heap before GC invocations=157 (full 25):
[42.784s][debug  ][gc,heap        ] GC(156)  PSYoungGen      total 230912K, used 229114K [0x00000000f0000000, 0x0000000100000000, 0x0000000100000000)
[42.784s][debug  ][gc,heap        ] GC(156)   eden space 199680K, 99% used [0x00000000f0000000,0x00000000fc1be9e0,0x00000000fc300000)
[42.784s][debug  ][gc,heap        ] GC(156)   from space 31232K, 98% used [0x00000000fe180000,0x00000000fff80030,0x0000000100000000)
[42.784s][debug  ][gc,heap        ] GC(156)   to   space 31232K, 0% used [0x00000000fc300000,0x00000000fc300000,0x00000000fe180000)
[42.784s][debug  ][gc,heap        ] GC(156)  ParOldGen       total 1835008K, used 984676K [0x0000000080000000, 0x00000000f0000000, 0x00000000f0000000)
[42.784s][debug  ][gc,heap        ] GC(156)   object space 1835008K, 53% used [0x0000000080000000,0x00000000bc199180,0x00000000f0000000)
[42.784s][debug  ][gc,heap        ] GC(156)  Metaspace       used 1024K, committed 1216K, reserved 1056768K
[42.785s][debug  ][gc,heap        ] GC(156)   class space    used 83K, committed 192K, reserved 1048576K
[42.785s][debug  ][gc,tlab        ] GC(156) TLAB totals: thrds: 1  refills: 1 max: 1 slow allocs: 19 max 19 waste: 100.0% gc: 3925128B max: 3925128B slow: 0B max: 0B
[42.785s][info   ][gc,start       ] GC(156) Pause Young (Allocation Failure)
[42.785s][debug  ][gc,phases,start] GC(156) Scavenge
[42.797s][debug  ][gc,phases      ] GC(156) Scavenge 12.687ms
[42.797s][debug  ][gc,phases,start] GC(156) Reference Processing
[42.798s][debug  ][gc,ref         ] GC(156) Skipped phase 1 of Reference Processing: no references
[42.798s][debug  ][gc,ref         ] GC(156) Skipped phase 2 of Reference Processing: no references
[42.798s][debug  ][gc,ref         ] GC(156) Skipped phase 3 of Reference Processing: no references
[42.798s][debug  ][gc,ref         ] GC(156) Skipped phase 4 of Reference Processing: no references
[42.798s][debug  ][gc,phases,ref  ] GC(156) Reference Processing: 0.1ms
[42.798s][debug  ][gc,phases,ref  ] GC(156)   Reconsider SoftReferences: 0.0ms
[42.798s][debug  ][gc,phases,ref  ] GC(156)     SoftRef (ms):                  skipped
[42.798s][debug  ][gc,phases,ref  ] GC(156)   Notify Soft/WeakReferences: 0.0ms
[42.798s][debug  ][gc,phases,ref  ] GC(156)     SoftRef (ms):                  skipped
[42.798s][debug  ][gc,phases,ref  ] GC(156)     WeakRef (ms):                  skipped
[42.798s][debug  ][gc,phases,ref  ] GC(156)     FinalRef (ms):                 skipped
[42.798s][debug  ][gc,phases,ref  ] GC(156)     Total (ms):                    skipped
[42.798s][debug  ][gc,phases,ref  ] GC(156)   Notify and keep alive finalizable: 0.0ms
[42.798s][debug  ][gc,phases,ref  ] GC(156)     FinalRef (ms):                 skipped
[42.798s][debug  ][gc,phases,ref  ] GC(156)   Notify PhantomReferences: 0.0ms
[42.798s][debug  ][gc,phases,ref  ] GC(156)     PhantomRef (ms):               skipped
[42.798s][debug  ][gc,phases,ref  ] GC(156)   SoftReference:
[42.798s][debug  ][gc,phases,ref  ] GC(156)     Discovered: 0
[42.798s][debug  ][gc,phases,ref  ] GC(156)     Cleared: 0
[42.798s][debug  ][gc,phases,ref  ] GC(156)   WeakReference:
[42.798s][debug  ][gc,phases,ref  ] GC(156)     Discovered: 0
[42.798s][debug  ][gc,phases,ref  ] GC(156)     Cleared: 0
[42.798s][debug  ][gc,phases,ref  ] GC(156)   FinalReference:
[42.798s][debug  ][gc,phases,ref  ] GC(156)     Discovered: 0
[42.798s][debug  ][gc,phases,ref  ] GC(156)     Cleared: 0
[42.798s][debug  ][gc,phases,ref  ] GC(156)   PhantomReference:
[42.798s][debug  ][gc,phases,ref  ] GC(156)     Discovered: 0
[42.798s][debug  ][gc,phases,ref  ] GC(156)     Cleared: 0
[42.798s][debug  ][gc,phases      ] GC(156) Reference Processing 0.759ms
[42.798s][debug  ][gc,phases,start] GC(156) Weak Processing
[42.798s][debug  ][gc,phases      ] GC(156)   VM Weak                        Min:  0.0, Avg:  0.0, Max:  0.0, Diff:  0.0, Sum:  0.0, Workers: 6
[42.798s][debug  ][gc,phases      ] GC(156)     Dead                           Min: 0, Avg:  0.0, Max: 0, Diff: 0, Sum: 0, Workers: 6
[42.798s][debug  ][gc,phases      ] GC(156)     Total                          Min: 0, Avg:  1.3, Max: 8, Diff: 8, Sum: 8, Workers: 6
[42.798s][debug  ][gc,phases      ] GC(156)   ObjectSynchronizer Weak        Min:  0.0, Avg:  0.0, Max:  0.0, Diff:  0.0, Sum:  0.0, Workers: 6
[42.798s][debug  ][gc,phases      ] GC(156)     Dead                           Min: 0, Avg:  0.0, Max: 0, Diff: 0, Sum: 0, Workers: 6
[42.798s][debug  ][gc,phases      ] GC(156)     Total                          Min: 0, Avg:  0.5, Max: 3, Diff: 3, Sum: 3, Workers: 6
[42.798s][debug  ][gc,phases      ] GC(156)   JVMTI Tag Weak OopStorage      Min:  0.0, Avg:  0.0, Max:  0.0, Diff:  0.0, Sum:  0.0, Workers: 6
[42.799s][debug  ][gc,phases      ] GC(156)     Dead                           Min: 0, Avg:  0.0, Max: 0, Diff: 0, Sum: 0, Workers: 6
[42.799s][debug  ][gc,phases      ] GC(156)     Total                          Min: 0, Avg:  0.0, Max: 0, Diff: 0, Sum: 0, Workers: 6
[42.799s][debug  ][gc,phases      ] GC(156)   StringTable Weak               Min:  0.0, Avg:  0.0, Max:  0.0, Diff:  0.0, Sum:  0.0, Workers: 6
[42.799s][debug  ][gc,phases      ] GC(156)     Dead                           Min: 0, Avg:  0.0, Max: 0, Diff: 0, Sum: 0, Workers: 6
[42.799s][debug  ][gc,phases      ] GC(156)     Total                          Min: 703, Avg: 892.2, Max: 1088, Diff: 385, Sum: 5353, Workers: 6
[42.799s][debug  ][gc,phases      ] GC(156)   ResolvedMethodTable Weak       Min:  0.0, Avg:  0.0, Max:  0.0, Diff:  0.0, Sum:  0.0, Workers: 6
[42.799s][debug  ][gc,phases      ] GC(156)     Dead                           Min: 0, Avg:  0.0, Max: 0, Diff: 0, Sum: 0, Workers: 6
[42.799s][debug  ][gc,phases      ] GC(156)     Total                          Min: 0, Avg: 21.7, Max: 64, Diff: 64, Sum: 130, Workers: 6
[42.799s][debug  ][gc,phases      ] GC(156)   JNI Weak                       Min:  0.0, Avg:  0.0, Max:  0.0, Diff:  0.0, Sum:  0.0, Workers: 6
[42.799s][debug  ][gc,phases      ] GC(156)     Dead                           Min: 0, Avg:  0.0, Max: 0, Diff: 0, Sum: 0, Workers: 6
[42.799s][debug  ][gc,phases      ] GC(156)     Total                          Min: 0, Avg:  0.0, Max: 0, Diff: 0, Sum: 0, Workers: 6
[42.799s][debug  ][gc,phases      ] GC(156)   StringDedup Table Weak         Min:  0.0, Avg:  0.0, Max:  0.0, Diff:  0.0, Sum:  0.0, Workers: 6
[42.799s][debug  ][gc,phases      ] GC(156)     Dead                           Min: 0, Avg:  0.0, Max: 0, Diff: 0, Sum: 0, Workers: 6
[42.799s][debug  ][gc,phases      ] GC(156)     Total                          Min: 0, Avg:  0.0, Max: 0, Diff: 0, Sum: 0, Workers: 6
[42.799s][debug  ][gc,phases      ] GC(156)   StringDedup Requests0 Weak     Min:  0.0, Avg:  0.0, Max:  0.0, Diff:  0.0, Sum:  0.0, Workers: 6
[42.799s][debug  ][gc,phases      ] GC(156)     Dead                           Min: 0, Avg:  0.0, Max: 0, Diff: 0, Sum: 0, Workers: 6
[42.799s][debug  ][gc,phases      ] GC(156)     Total                          Min: 0, Avg:  0.0, Max: 0, Diff: 0, Sum: 0, Workers: 6
[42.799s][debug  ][gc,phases      ] GC(156)   StringDedup Requests1 Weak     Min:  0.0, Avg:  0.0, Max:  0.0, Diff:  0.0, Sum:  0.0, Workers: 6
[42.799s][debug  ][gc,phases      ] GC(156)     Dead                           Min: 0, Avg:  0.0, Max: 0, Diff: 0, Sum: 0, Workers: 6
[42.799s][debug  ][gc,phases      ] GC(156)     Total                          Min: 0, Avg:  0.0, Max: 0, Diff: 0, Sum: 0, Workers: 6
[42.799s][debug  ][gc,phases      ] GC(156)   Weak JFR Old Object Samples    Min:  0.0, Avg:  0.0, Max:  0.0, Diff:  0.0, Sum:  0.0, Workers: 6
[42.799s][debug  ][gc,phases      ] GC(156)     Dead                           Min: 0, Avg:  0.0, Max: 0, Diff: 0, Sum: 0, Workers: 6
[42.799s][debug  ][gc,phases      ] GC(156)     Total                          Min: 0, Avg:  0.0, Max: 0, Diff: 0, Sum: 0, Workers: 6
[42.799s][debug  ][gc,phases      ] GC(156) Weak Processing 0.870ms
[42.799s][debug  ][gc,ergo        ] GC(156) AdaptiveSizeStart:  collection: 157 
[42.799s][debug  ][gc,ergo        ] GC(156) avg_survived_padded_avg: 31635842.000000
[42.799s][debug  ][gc,ergo        ] GC(156) avg_promoted_padded_avg: 271937344.000000  avg_pretenured_padded_avg: 0.000000  tenuring_thresh: 15  target_size: 31981568
[42.799s][debug  ][gc,age         ] GC(156) Desired survivor size 31981568 bytes, new threshold 15 (max threshold 15)
[42.799s][debug  ][gc,ergo        ] GC(156) PSAdaptiveSizePolicy::compute_eden_space_size limits: desired_eden_size: 223340013 old_eden_size: 204472320 eden_limit: 204472320 cur_eden: 204472320 max_eden_size: 204472320 avg_young_live: 26220798
[42.799s][debug  ][gc,ergo        ] GC(156) PSAdaptiveSizePolicy::compute_eden_space_size: costs minor_time: 0.045944 major_cost: 0.053636 mutator_cost: 0.900420 throughput_goal: 0.990000
[42.799s][debug  ][gc,ergo        ] GC(156) Live_space: 1077735296 free_space: 1423966208
[42.799s][debug  ][gc,ergo        ] GC(156) Old eden_size: 204472320 desired_eden_size: 204472320
[42.799s][debug  ][gc,ergo        ] GC(156) AdaptiveSizeStop: collection: 157 
[42.799s][info   ][gc,heap        ] GC(156) PSYoungGen: 229114K(230912K)->30720K(230912K) Eden: 198394K(199680K)->0K(199680K) From: 30720K(31232K)->30720K(31232K)
[42.799s][info   ][gc,heap        ] GC(156) ParOldGen: 984676K(1835008K)->1138276K(1835008K)
[42.799s][info   ][gc,metaspace   ] GC(156) Metaspace: 1024K(1216K)->1024K(1216K) NonClass: 940K(1024K)->940K(1024K) Class: 83K(192K)->83K(192K)
[42.799s][info   ][gc             ] GC(156) Pause Young (Allocation Failure) 1185M->1141M(2017M) 14.849ms
[42.800s][info   ][gc,cpu         ] GC(156) User=0.16s Sys=0.00s Real=0.02s
[42.800s][debug  ][gc,heap        ] GC(156) Heap after GC invocations=157 (full 25):
[42.800s][debug  ][gc,heap        ] GC(156)  PSYoungGen      total 230912K, used 30720K [0x00000000f0000000, 0x0000000100000000, 0x0000000100000000)
[42.800s][debug  ][gc,heap        ] GC(156)   eden space 199680K, 0% used [0x00000000f0000000,0x00000000f0000000,0x00000000fc300000)
[42.800s][debug  ][gc,heap        ] GC(156)   from space 31232K, 98% used [0x00000000fc300000,0x00000000fe100030,0x00000000fe180000)
[42.800s][debug  ][gc,heap        ] GC(156)   to   space 31232K, 0% used [0x00000000fe180000,0x00000000fe180000,0x0000000100000000)
[42.800s][debug  ][gc,heap        ] GC(156)  ParOldGen       total 1835008K, used 1138276K [0x0000000080000000, 0x00000000f0000000, 0x00000000f0000000)
[42.800s][debug  ][gc,heap        ] GC(156)   object space 1835008K, 62% used [0x0000000080000000,0x00000000c5799270,0x00000000f0000000)
[42.800s][debug  ][gc,heap        ] GC(156)  Metaspace       used 1024K, committed 1216K, reserved 1056768K
[42.800s][debug  ][gc,heap        ] GC(156)   class space    used 83K, committed 192K, reserved 1048576K
[42.800s][debug  ][gc,task,time   ] GC(156) VM-Thread 427841234 427974695 427997964
[43.099s][debug  ][gc,heap        ] GC(157) Heap before GC invocations=158 (full 25):
[43.099s][debug  ][gc,heap        ] GC(157)  PSYoungGen      total 230912K, used 229170K [0x00000000f0000000, 0x0000000100000000, 0x0000000100000000)
[43.099s][debug  ][gc,heap        ] GC(157)   eden space 199680K, 99% used [0x00000000f0000000,0x00000000fc1cc900,0x00000000fc300000)
[43.099s][debug  ][gc,heap        ] GC(157)   from space 31232K, 98% used [0x00000000fc300000,0x00000000fe100030,0x00000000fe180000)
[43.099s][debug  ][gc,heap        ] GC(157)   to   space 31232K, 0% used [0x00000000fe180000,0x00000000fe180000,0x0000000100000000)
[43.099s][debug  ][gc,heap        ] GC(157)  ParOldGen       total 1835008K, used 1138276K [0x0000000080000000, 0x00000000f0000000, 0x00000000f0000000)
[43.099s][debug  ][gc,heap        ] GC(157)   object space 1835008K, 62% used [0x0000000080000000,0x00000000c5799270,0x00000000f0000000)
[43.099s][debug  ][gc,heap        ] GC(157)  Metaspace       used 1024K, committed 1216K, reserved 1056768K
[43.099s][debug  ][gc,heap        ] GC(157)   class space    used 83K, committed 192K, reserved 1048576K
[43.099s][debug  ][gc,tlab        ] GC(157) TLAB totals: thrds: 1  refills: 1 max: 1 slow allocs: 18 max 18 waste: 27.5% gc: 3983312B max: 3983312B slow: 0B max: 0B
[43.099s][info   ][gc,start       ] GC(157) Pause Young (Allocation Failure)
[43.100s][debug  ][gc,phases,start] GC(157) Scavenge
[43.115s][debug  ][gc,phases      ] GC(157) Scavenge 15.611ms
[43.115s][debug  ][gc,phases,start] GC(157) Reference Processing
[43.115s][debug  ][gc,ref         ] GC(157) Skipped phase 1 of Reference Processing: no references
[43.115s][debug  ][gc,ref         ] GC(157) Skipped phase 2 of Reference Processing: no references
[43.115s][debug  ][gc,ref         ] GC(157) Skipped phase 3 of Reference Processing: no references
[43.115s][debug  ][gc,ref         ] GC(157) Skipped phase 4 of Reference Processing: no references
[43.115s][debug  ][gc,phases,ref  ] GC(157) Reference Processing: 0.1ms
[43.115s][debug  ][gc,phases,ref  ] GC(157)   Reconsider SoftReferences: 0.0ms
[43.115s][debug  ][gc,phases,ref  ] GC(157)     SoftRef (ms):                  skipped
[43.115s][debug  ][gc,phases,ref  ] GC(157)   Notify Soft/WeakReferences: 0.0ms
[43.115s][debug  ][gc,phases,ref  ] GC(157)     SoftRef (ms):                  skipped
[43.115s][debug  ][gc,phases,ref  ] GC(157)     WeakRef (ms):                  skipped
[43.115s][debug  ][gc,phases,ref  ] GC(157)     FinalRef (ms):                 skipped
[43.115s][debug  ][gc,phases,ref  ] GC(157)     Total (ms):                    skipped
[43.115s][debug  ][gc,phases,ref  ] GC(157)   Notify and keep alive finalizable: 0.0ms
[43.116s][debug  ][gc,phases,ref  ] GC(157)     FinalRef (ms):                 skipped
[43.116s][debug  ][gc,phases,ref  ] GC(157)   Notify PhantomReferences: 0.0ms
[43.116s][debug  ][gc,phases,ref  ] GC(157)     PhantomRef (ms):               skipped
[43.116s][debug  ][gc,phases,ref  ] GC(157)   SoftReference:
[43.116s][debug  ][gc,phases,ref  ] GC(157)     Discovered: 0
[43.116s][debug  ][gc,phases,ref  ] GC(157)     Cleared: 0
[43.116s][debug  ][gc,phases,ref  ] GC(157)   WeakReference:
[43.116s][debug  ][gc,phases,ref  ] GC(157)     Discovered: 0
[43.116s][debug  ][gc,phases,ref  ] GC(157)     Cleared: 0
[43.116s][debug  ][gc,phases,ref  ] GC(157)   FinalReference:
[43.116s][debug  ][gc,phases,ref  ] GC(157)     Discovered: 0
[43.116s][debug  ][gc,phases,ref  ] GC(157)     Cleared: 0
[43.116s][debug  ][gc,phases,ref  ] GC(157)   PhantomReference:
[43.116s][debug  ][gc,phases,ref  ] GC(157)     Discovered: 0
[43.116s][debug  ][gc,phases,ref  ] GC(157)     Cleared: 0
[43.116s][debug  ][gc,phases      ] GC(157) Reference Processing 0.640ms
[43.116s][debug  ][gc,phases,start] GC(157) Weak Processing
[43.116s][debug  ][gc,phases      ] GC(157)   VM Weak                        Min:  0.0, Avg:  0.0, Max:  0.0, Diff:  0.0, Sum:  0.0, Workers: 6
[43.116s][debug  ][gc,phases      ] GC(157)     Dead                           Min: 0, Avg:  0.0, Max: 0, Diff: 0, Sum: 0, Workers: 6
[43.116s][debug  ][gc,phases      ] GC(157)     Total                          Min: 0, Avg:  1.3, Max: 8, Diff: 8, Sum: 8, Workers: 6
[43.116s][debug  ][gc,phases      ] GC(157)   ObjectSynchronizer Weak        Min:  0.0, Avg:  0.0, Max:  0.0, Diff:  0.0, Sum:  0.0, Workers: 6
[43.116s][debug  ][gc,phases      ] GC(157)     Dead                           Min: 0, Avg:  0.0, Max: 0, Diff: 0, Sum: 0, Workers: 6
[43.116s][debug  ][gc,phases      ] GC(157)     Total                          Min: 0, Avg:  0.5, Max: 3, Diff: 3, Sum: 3, Workers: 6
[43.116s][debug  ][gc,phases      ] GC(157)   JVMTI Tag Weak OopStorage      Min:  0.0, Avg:  0.0, Max:  0.0, Diff:  0.0, Sum:  0.0, Workers: 6
[43.116s][debug  ][gc,phases      ] GC(157)     Dead                           Min: 0, Avg:  0.0, Max: 0, Diff: 0, Sum: 0, Workers: 6
[43.116s][debug  ][gc,phases      ] GC(157)     Total                          Min: 0, Avg:  0.0, Max: 0, Diff: 0, Sum: 0, Workers: 6
[43.116s][debug  ][gc,phases      ] GC(157)   StringTable Weak               Min:  0.0, Avg:  0.0, Max:  0.0, Diff:  0.0, Sum:  0.0, Workers: 6
[43.116s][debug  ][gc,phases      ] GC(157)     Dead                           Min: 0, Avg:  0.0, Max: 0, Diff: 0, Sum: 0, Workers: 6
[43.116s][debug  ][gc,phases      ] GC(157)     Total                          Min: 640, Avg: 892.2, Max: 1216, Diff: 576, Sum: 5353, Workers: 6
[43.116s][debug  ][gc,phases      ] GC(157)   ResolvedMethodTable Weak       Min:  0.0, Avg:  0.0, Max:  0.0, Diff:  0.0, Sum:  0.0, Workers: 6
[43.116s][debug  ][gc,phases      ] GC(157)     Dead                           Min: 0, Avg:  0.0, Max: 0, Diff: 0, Sum: 0, Workers: 6
[43.116s][debug  ][gc,phases      ] GC(157)     Total                          Min: 0, Avg: 21.7, Max: 64, Diff: 64, Sum: 130, Workers: 6
[43.116s][debug  ][gc,phases      ] GC(157)   JNI Weak                       Min:  0.0, Avg:  0.0, Max:  0.0, Diff:  0.0, Sum:  0.0, Workers: 6
[43.116s][debug  ][gc,phases      ] GC(157)     Dead                           Min: 0, Avg:  0.0, Max: 0, Diff: 0, Sum: 0, Workers: 6
[43.116s][debug  ][gc,phases      ] GC(157)     Total                          Min: 0, Avg:  0.0, Max: 0, Diff: 0, Sum: 0, Workers: 6
[43.116s][debug  ][gc,phases      ] GC(157)   StringDedup Table Weak         Min:  0.0, Avg:  0.0, Max:  0.0, Diff:  0.0, Sum:  0.0, Workers: 6
[43.116s][debug  ][gc,phases      ] GC(157)     Dead                           Min: 0, Avg:  0.0, Max: 0, Diff: 0, Sum: 0, Workers: 6
[43.116s][debug  ][gc,phases      ] GC(157)     Total                          Min: 0, Avg:  0.0, Max: 0, Diff: 0, Sum: 0, Workers: 6
[43.116s][debug  ][gc,phases      ] GC(157)   StringDedup Requests0 Weak     Min:  0.0, Avg:  0.0, Max:  0.0, Diff:  0.0, Sum:  0.0, Workers: 6
[43.116s][debug  ][gc,phases      ] GC(157)     Dead                           Min: 0, Avg:  0.0, Max: 0, Diff: 0, Sum: 0, Workers: 6
[43.116s][debug  ][gc,phases      ] GC(157)     Total                          Min: 0, Avg:  0.0, Max: 0, Diff: 0, Sum: 0, Workers: 6
[43.117s][debug  ][gc,phases      ] GC(157)   StringDedup Requests1 Weak     Min:  0.0, Avg:  0.0, Max:  0.0, Diff:  0.0, Sum:  0.0, Workers: 6
[43.117s][debug  ][gc,phases      ] GC(157)     Dead                           Min: 0, Avg:  0.0, Max: 0, Diff: 0, Sum: 0, Workers: 6
[43.117s][debug  ][gc,phases      ] GC(157)     Total                          Min: 0, Avg:  0.0, Max: 0, Diff: 0, Sum: 0, Workers: 6
[43.117s][debug  ][gc,phases      ] GC(157)   Weak JFR Old Object Samples    Min:  0.0, Avg:  0.0, Max:  0.0, Diff:  0.0, Sum:  0.0, Workers: 6
[43.117s][debug  ][gc,phases      ] GC(157)     Dead                           Min: 0, Avg:  0.0, Max: 0, Diff: 0, Sum: 0, Workers: 6
[43.117s][debug  ][gc,phases      ] GC(157)     Total                          Min: 0, Avg:  0.0, Max: 0, Diff: 0, Sum: 0, Workers: 6
[43.117s][debug  ][gc,phases      ] GC(157) Weak Processing 0.793ms
[43.117s][debug  ][gc,ergo        ] GC(157) AdaptiveSizeStart:  collection: 158 
[43.117s][debug  ][gc,ergo        ] GC(157) avg_survived_padded_avg: 31620562.000000
[43.117s][debug  ][gc,ergo        ] GC(157) avg_promoted_padded_avg: 272678272.000000  avg_pretenured_padded_avg: 0.000000  tenuring_thresh: 15  target_size: 31981568
[43.117s][debug  ][gc,age         ] GC(157) Desired survivor size 31981568 bytes, new threshold 15 (max threshold 15)
[43.117s][debug  ][gc,ergo        ] GC(157) PSAdaptiveSizePolicy::compute_eden_space_size limits: desired_eden_size: 223778880 old_eden_size: 204472320 eden_limit: 204472320 cur_eden: 204472320 max_eden_size: 204472320 avg_young_live: 26744450
[43.117s][debug  ][gc,ergo        ] GC(157) PSAdaptiveSizePolicy::compute_eden_space_size: costs minor_time: 0.047968 major_cost: 0.053636 mutator_cost: 0.898396 throughput_goal: 0.990000
[43.117s][debug  ][gc,ergo        ] GC(157) Live_space: 1078258944 free_space: 1423966208
[43.117s][debug  ][gc,ergo        ] GC(157) Old eden_size: 204472320 desired_eden_size: 204472320
[43.117s][debug  ][gc,ergo        ] GC(157) AdaptiveSizeStop: collection: 158 
[43.117s][info   ][gc,heap        ] GC(157) PSYoungGen: 229170K(230912K)->30720K(230912K) Eden: 198450K(199680K)->0K(199680K) From: 30720K(31232K)->30720K(31232K)
[43.117s][info   ][gc,heap        ] GC(157) ParOldGen: 1138276K(1835008K)->1332836K(1835008K)
[43.117s][info   ][gc,metaspace   ] GC(157) Metaspace: 1024K(1216K)->1024K(1216K) NonClass: 940K(1024K)->940K(1024K) Class: 83K(192K)->83K(192K)
[43.117s][info   ][gc             ] GC(157) Pause Young (Allocation Failure) 1335M->1331M(2017M) 17.506ms
[43.117s][info   ][gc,cpu         ] GC(157) User=0.12s Sys=0.00s Real=0.02s
[43.117s][debug  ][gc,heap        ] GC(157) Heap after GC invocations=158 (full 25):
[43.117s][debug  ][gc,heap        ] GC(157)  PSYoungGen      total 230912K, used 30720K [0x00000000f0000000, 0x0000000100000000, 0x0000000100000000)
[43.117s][debug  ][gc,heap        ] GC(157)   eden space 199680K, 0% used [0x00000000f0000000,0x00000000f0000000,0x00000000fc300000)
[43.117s][debug  ][gc,heap        ] GC(157)   from space 31232K, 98% used [0x00000000fe180000,0x00000000fff80030,0x0000000100000000)
[43.117s][debug  ][gc,heap        ] GC(157)   to   space 31232K, 0% used [0x00000000fc300000,0x00000000fc300000,0x00000000fe180000)
[43.117s][debug  ][gc,heap        ] GC(157)  ParOldGen       total 1835008K, used 1332836K [0x0000000080000000, 0x00000000f0000000, 0x00000000f0000000)
[43.117s][debug  ][gc,heap        ] GC(157)   object space 1835008K, 72% used [0x0000000080000000,0x00000000d15993a0,0x00000000f0000000)
[43.117s][debug  ][gc,heap        ] GC(157)  Metaspace       used 1024K, committed 1216K, reserved 1056768K
[43.117s][debug  ][gc,heap        ] GC(157)   class space    used 83K, committed 192K, reserved 1048576K
[43.117s][debug  ][gc,task,time   ] GC(157) VM-Thread 430989603 431151842 431172608
[43.415s][debug  ][gc,heap        ] GC(158) Heap before GC invocations=159 (full 25):
[43.415s][debug  ][gc,heap        ] GC(158)  PSYoungGen      total 230912K, used 229107K [0x00000000f0000000, 0x0000000100000000, 0x0000000100000000)
[43.416s][debug  ][gc,heap        ] GC(158)   eden space 199680K, 99% used [0x00000000f0000000,0x00000000fc1bcc08,0x00000000fc300000)
[43.416s][debug  ][gc,heap        ] GC(158)   from space 31232K, 98% used [0x00000000fe180000,0x00000000fff80030,0x0000000100000000)
[43.416s][debug  ][gc,heap        ] GC(158)   to   space 31232K, 0% used [0x00000000fc300000,0x00000000fc300000,0x00000000fe180000)
[43.416s][debug  ][gc,heap        ] GC(158)  ParOldGen       total 1835008K, used 1332836K [0x0000000080000000, 0x00000000f0000000, 0x00000000f0000000)
[43.416s][debug  ][gc,heap        ] GC(158)   object space 1835008K, 72% used [0x0000000080000000,0x00000000d15993a0,0x00000000f0000000)
[43.416s][debug  ][gc,heap        ] GC(158)  Metaspace       used 1024K, committed 1216K, reserved 1056768K
[43.416s][debug  ][gc,heap        ] GC(158)   class space    used 83K, committed 192K, reserved 1048576K
[43.416s][debug  ][gc,tlab        ] GC(158) TLAB totals: thrds: 1  refills: 1 max: 1 slow allocs: 18 max 18 waste: 27.2% gc: 3918552B max: 3918552B slow: 0B max: 0B
[43.416s][info   ][gc,start       ] GC(158) Pause Young (Allocation Failure)
[43.416s][debug  ][gc,phases,start] GC(158) Scavenge
[43.431s][debug  ][gc,phases      ] GC(158) Scavenge 15.337ms
[43.431s][debug  ][gc,phases,start] GC(158) Reference Processing
[43.431s][debug  ][gc,ref         ] GC(158) Skipped phase 1 of Reference Processing: no references
[43.431s][debug  ][gc,ref         ] GC(158) Skipped phase 2 of Reference Processing: no references
[43.431s][debug  ][gc,ref         ] GC(158) Skipped phase 3 of Reference Processing: no references
[43.431s][debug  ][gc,ref         ] GC(158) Skipped phase 4 of Reference Processing: no references
[43.431s][debug  ][gc,phases,ref  ] GC(158) Reference Processing: 0.1ms
[43.431s][debug  ][gc,phases,ref  ] GC(158)   Reconsider SoftReferences: 0.0ms
[43.432s][debug  ][gc,phases,ref  ] GC(158)     SoftRef (ms):                  skipped
[43.432s][debug  ][gc,phases,ref  ] GC(158)   Notify Soft/WeakReferences: 0.0ms
[43.432s][debug  ][gc,phases,ref  ] GC(158)     SoftRef (ms):                  skipped
[43.432s][debug  ][gc,phases,ref  ] GC(158)     WeakRef (ms):                  skipped
[43.432s][debug  ][gc,phases,ref  ] GC(158)     FinalRef (ms):                 skipped
[43.432s][debug  ][gc,phases,ref  ] GC(158)     Total (ms):                    skipped
[43.432s][debug  ][gc,phases,ref  ] GC(158)   Notify and keep alive finalizable: 0.0ms
[43.432s][debug  ][gc,phases,ref  ] GC(158)     FinalRef (ms):                 skipped
[43.432s][debug  ][gc,phases,ref  ] GC(158)   Notify PhantomReferences: 0.0ms
[43.432s][debug  ][gc,phases,ref  ] GC(158)     PhantomRef (ms):               skipped
[43.432s][debug  ][gc,phases,ref  ] GC(158)   SoftReference:
[43.432s][debug  ][gc,phases,ref  ] GC(158)     Discovered: 0
[43.432s][debug  ][gc,phases,ref  ] GC(158)     Cleared: 0
[43.432s][debug  ][gc,phases,ref  ] GC(158)   WeakReference:
[43.432s][debug  ][gc,phases,ref  ] GC(158)     Discovered: 0
[43.432s][debug  ][gc,phases,ref  ] GC(158)     Cleared: 0
[43.432s][debug  ][gc,phases,ref  ] GC(158)   FinalReference:
[43.432s][debug  ][gc,phases,ref  ] GC(158)     Discovered: 0
[43.432s][debug  ][gc,phases,ref  ] GC(158)     Cleared: 0
[43.432s][debug  ][gc,phases,ref  ] GC(158)   PhantomReference:
[43.432s][debug  ][gc,phases,ref  ] GC(158)     Discovered: 0
[43.432s][debug  ][gc,phases,ref  ] GC(158)     Cleared: 0
[43.432s][debug  ][gc,phases      ] GC(158) Reference Processing 0.675ms
[43.432s][debug  ][gc,phases,start] GC(158) Weak Processing
[43.432s][debug  ][gc,phases      ] GC(158)   VM Weak                        Min:  0.0, Avg:  0.0, Max:  0.0, Diff:  0.0, Sum:  0.0, Workers: 6
[43.432s][debug  ][gc,phases      ] GC(158)     Dead                           Min: 0, Avg:  0.0, Max: 0, Diff: 0, Sum: 0, Workers: 6
[43.432s][debug  ][gc,phases      ] GC(158)     Total                          Min: 0, Avg:  1.3, Max: 8, Diff: 8, Sum: 8, Workers: 6
[43.432s][debug  ][gc,phases      ] GC(158)   ObjectSynchronizer Weak        Min:  0.0, Avg:  0.0, Max:  0.0, Diff:  0.0, Sum:  0.0, Workers: 6
[43.432s][debug  ][gc,phases      ] GC(158)     Dead                           Min: 0, Avg:  0.0, Max: 0, Diff: 0, Sum: 0, Workers: 6
[43.432s][debug  ][gc,phases      ] GC(158)     Total                          Min: 0, Avg:  0.5, Max: 3, Diff: 3, Sum: 3, Workers: 6
[43.432s][debug  ][gc,phases      ] GC(158)   JVMTI Tag Weak OopStorage      Min:  0.0, Avg:  0.0, Max:  0.0, Diff:  0.0, Sum:  0.0, Workers: 6
[43.432s][debug  ][gc,phases      ] GC(158)     Dead                           Min: 0, Avg:  0.0, Max: 0, Diff: 0, Sum: 0, Workers: 6
[43.432s][debug  ][gc,phases      ] GC(158)     Total                          Min: 0, Avg:  0.0, Max: 0, Diff: 0, Sum: 0, Workers: 6
[43.432s][debug  ][gc,phases      ] GC(158)   StringTable Weak               Min:  0.0, Avg:  0.0, Max:  0.0, Diff:  0.0, Sum:  0.0, Workers: 6
[43.432s][debug  ][gc,phases      ] GC(158)     Dead                           Min: 0, Avg:  0.0, Max: 0, Diff: 0, Sum: 0, Workers: 6
[43.432s][debug  ][gc,phases      ] GC(158)     Total                          Min: 746, Avg: 892.2, Max: 1024, Diff: 278, Sum: 5353, Workers: 6
[43.432s][debug  ][gc,phases      ] GC(158)   ResolvedMethodTable Weak       Min:  0.0, Avg:  0.0, Max:  0.0, Diff:  0.0, Sum:  0.0, Workers: 6
[43.432s][debug  ][gc,phases      ] GC(158)     Dead                           Min: 0, Avg:  0.0, Max: 0, Diff: 0, Sum: 0, Workers: 6
[43.432s][debug  ][gc,phases      ] GC(158)     Total                          Min: 0, Avg: 21.7, Max: 64, Diff: 64, Sum: 130, Workers: 6
[43.432s][debug  ][gc,phases      ] GC(158)   JNI Weak                       Min:  0.0, Avg:  0.0, Max:  0.0, Diff:  0.0, Sum:  0.0, Workers: 6
[43.432s][debug  ][gc,phases      ] GC(158)     Dead                           Min: 0, Avg:  0.0, Max: 0, Diff: 0, Sum: 0, Workers: 6
[43.432s][debug  ][gc,phases      ] GC(158)     Total                          Min: 0, Avg:  0.0, Max: 0, Diff: 0, Sum: 0, Workers: 6
[43.433s][debug  ][gc,phases      ] GC(158)   StringDedup Table Weak         Min:  0.0, Avg:  0.0, Max:  0.0, Diff:  0.0, Sum:  0.0, Workers: 6
[43.433s][debug  ][gc,phases      ] GC(158)     Dead                           Min: 0, Avg:  0.0, Max: 0, Diff: 0, Sum: 0, Workers: 6
[43.433s][debug  ][gc,phases      ] GC(158)     Total                          Min: 0, Avg:  0.0, Max: 0, Diff: 0, Sum: 0, Workers: 6
[43.433s][debug  ][gc,phases      ] GC(158)   StringDedup Requests0 Weak     Min:  0.0, Avg:  0.0, Max:  0.0, Diff:  0.0, Sum:  0.0, Workers: 6
[43.433s][debug  ][gc,phases      ] GC(158)     Dead                           Min: 0, Avg:  0.0, Max: 0, Diff: 0, Sum: 0, Workers: 6
[43.433s][debug  ][gc,phases      ] GC(158)     Total                          Min: 0, Avg:  0.0, Max: 0, Diff: 0, Sum: 0, Workers: 6
[43.433s][debug  ][gc,phases      ] GC(158)   StringDedup Requests1 Weak     Min:  0.0, Avg:  0.0, Max:  0.0, Diff:  0.0, Sum:  0.0, Workers: 6
[43.433s][debug  ][gc,phases      ] GC(158)     Dead                           Min: 0, Avg:  0.0, Max: 0, Diff: 0, Sum: 0, Workers: 6
[43.433s][debug  ][gc,phases      ] GC(158)     Total                          Min: 0, Avg:  0.0, Max: 0, Diff: 0, Sum: 0, Workers: 6
[43.433s][debug  ][gc,phases      ] GC(158)   Weak JFR Old Object Samples    Min:  0.0, Avg:  0.0, Max:  0.0, Diff:  0.0, Sum:  0.0, Workers: 6
[43.433s][debug  ][gc,phases      ] GC(158)     Dead                           Min: 0, Avg:  0.0, Max: 0, Diff: 0, Sum: 0, Workers: 6
[43.433s][debug  ][gc,phases      ] GC(158)     Total                          Min: 0, Avg:  0.0, Max: 0, Diff: 0, Sum: 0, Workers: 6
[43.433s][debug  ][gc,phases      ] GC(158) Weak Processing 0.738ms
[43.433s][debug  ][gc,ergo        ] GC(158) AdaptiveSizeStart:  collection: 159 
[43.433s][debug  ][gc,ergo        ] GC(158) avg_survived_padded_avg: 31606552.000000
[43.433s][debug  ][gc,ergo        ] GC(158) avg_promoted_padded_avg: 272543936.000000  avg_pretenured_padded_avg: 0.000000  tenuring_thresh: 15  target_size: 31981568
[43.433s][debug  ][gc,age         ] GC(158) Desired survivor size 31981568 bytes, new threshold 15 (max threshold 15)
[43.433s][debug  ][gc,ergo        ] GC(158) PSAdaptiveSizePolicy::compute_eden_space_size limits: desired_eden_size: 224065048 old_eden_size: 204472320 eden_limit: 204472320 cur_eden: 204472320 max_eden_size: 204472320 avg_young_live: 27215738
[43.433s][debug  ][gc,ergo        ] GC(158) PSAdaptiveSizePolicy::compute_eden_space_size: costs minor_time: 0.049333 major_cost: 0.053636 mutator_cost: 0.897031 throughput_goal: 0.990000
[43.433s][debug  ][gc,ergo        ] GC(158) Live_space: 1078730240 free_space: 1423966208
[43.433s][debug  ][gc,ergo        ] GC(158) Old eden_size: 204472320 desired_eden_size: 204472320
[43.433s][debug  ][gc,ergo        ] GC(158) AdaptiveSizeStop: collection: 159 
[43.433s][info   ][gc,heap        ] GC(158) PSYoungGen: 229107K(230912K)->30720K(230912K) Eden: 198387K(199680K)->0K(199680K) From: 30720K(31232K)->30720K(31232K)
[43.433s][info   ][gc,heap        ] GC(158) ParOldGen: 1332836K(1835008K)->1527397K(1835008K)
[43.433s][info   ][gc,metaspace   ] GC(158) Metaspace: 1024K(1216K)->1024K(1216K) NonClass: 940K(1024K)->940K(1024K) Class: 83K(192K)->83K(192K)
[43.433s][info   ][gc             ] GC(158) Pause Young (Allocation Failure) 1525M->1521M(2017M) 17.240ms
[43.433s][info   ][gc,cpu         ] GC(158) User=0.16s Sys=0.00s Real=0.02s
[43.433s][debug  ][gc,heap        ] GC(158) Heap after GC invocations=159 (full 25):
[43.433s][debug  ][gc,heap        ] GC(158)  PSYoungGen      total 230912K, used 30720K [0x00000000f0000000, 0x0000000100000000, 0x0000000100000000)
[43.433s][debug  ][gc,heap        ] GC(158)   eden space 199680K, 0% used [0x00000000f0000000,0x00000000f0000000,0x00000000fc300000)
[43.433s][debug  ][gc,heap        ] GC(158)   from space 31232K, 98% used [0x00000000fc300000,0x00000000fe100030,0x00000000fe180000)
[43.433s][debug  ][gc,heap        ] GC(158)   to   space 31232K, 0% used [0x00000000fe180000,0x00000000fe180000,0x0000000100000000)
[43.433s][debug  ][gc,heap        ] GC(158)  ParOldGen       total 1835008K, used 1527397K [0x0000000080000000, 0x00000000f0000000, 0x00000000f0000000)
[43.433s][debug  ][gc,heap        ] GC(158)   object space 1835008K, 83% used [0x0000000080000000,0x00000000dd3994d0,0x00000000f0000000)
[43.433s][debug  ][gc,heap        ] GC(158)  Metaspace       used 1024K, committed 1216K, reserved 1056768K
[43.433s][debug  ][gc,heap        ] GC(158)   class space    used 83K, committed 192K, reserved 1048576K
[43.433s][debug  ][gc,task,time   ] GC(158) VM-Thread 434153621 434313353 434333451
[43.732s][debug  ][gc,heap        ] GC(159) Heap before GC invocations=160 (full 25):
[43.732s][debug  ][gc,heap        ] GC(159)  PSYoungGen      total 230912K, used 229138K [0x00000000f0000000, 0x0000000100000000, 0x0000000100000000)
[43.732s][debug  ][gc,heap        ] GC(159)   eden space 199680K, 99% used [0x00000000f0000000,0x00000000fc1c49d8,0x00000000fc300000)
[43.732s][debug  ][gc,heap        ] GC(159)   from space 31232K, 98% used [0x00000000fc300000,0x00000000fe100030,0x00000000fe180000)
[43.732s][debug  ][gc,heap        ] GC(159)   to   space 31232K, 0% used [0x00000000fe180000,0x00000000fe180000,0x0000000100000000)
[43.732s][debug  ][gc,heap        ] GC(159)  ParOldGen       total 1835008K, used 1527397K [0x0000000080000000, 0x00000000f0000000, 0x00000000f0000000)
[43.732s][debug  ][gc,heap        ] GC(159)   object space 1835008K, 83% used [0x0000000080000000,0x00000000dd3994d0,0x00000000f0000000)
[43.732s][debug  ][gc,heap        ] GC(159)  Metaspace       used 1024K, committed 1216K, reserved 1056768K
[43.732s][debug  ][gc,heap        ] GC(159)   class space    used 83K, committed 192K, reserved 1048576K
[43.732s][debug  ][gc,tlab        ] GC(159) TLAB totals: thrds: 1  refills: 1 max: 1 slow allocs: 18 max 18 waste: 27.4% gc: 3950760B max: 3950760B slow: 0B max: 0B
[43.732s][info   ][gc,start       ] GC(159) Pause Young (Allocation Failure)
[43.732s][debug  ][gc,phases,start] GC(159) Scavenge
[43.748s][debug  ][gc,phases      ] GC(159) Scavenge 15.741ms
[43.748s][debug  ][gc,phases,start] GC(159) Reference Processing
[43.748s][debug  ][gc,ref         ] GC(159) Skipped phase 1 of Reference Processing: no references
[43.748s][debug  ][gc,ref         ] GC(159) Skipped phase 2 of Reference Processing: no references
[43.748s][debug  ][gc,ref         ] GC(159) Skipped phase 3 of Reference Processing: no references
[43.748s][debug  ][gc,ref         ] GC(159) Skipped phase 4 of Reference Processing: no references
[43.748s][debug  ][gc,phases,ref  ] GC(159) Reference Processing: 0.1ms
[43.748s][debug  ][gc,phases,ref  ] GC(159)   Reconsider SoftReferences: 0.0ms
[43.748s][debug  ][gc,phases,ref  ] GC(159)     SoftRef (ms):                  skipped
[43.748s][debug  ][gc,phases,ref  ] GC(159)   Notify Soft/WeakReferences: 0.0ms
[43.749s][debug  ][gc,phases,ref  ] GC(159)     SoftRef (ms):                  skipped
[43.749s][debug  ][gc,phases,ref  ] GC(159)     WeakRef (ms):                  skipped
[43.749s][debug  ][gc,phases,ref  ] GC(159)     FinalRef (ms):                 skipped
[43.749s][debug  ][gc,phases,ref  ] GC(159)     Total (ms):                    skipped
[43.749s][debug  ][gc,phases,ref  ] GC(159)   Notify and keep alive finalizable: 0.0ms
[43.749s][debug  ][gc,phases,ref  ] GC(159)     FinalRef (ms):                 skipped
[43.749s][debug  ][gc,phases,ref  ] GC(159)   Notify PhantomReferences: 0.0ms
[43.749s][debug  ][gc,phases,ref  ] GC(159)     PhantomRef (ms):               skipped
[43.749s][debug  ][gc,phases,ref  ] GC(159)   SoftReference:
[43.749s][debug  ][gc,phases,ref  ] GC(159)     Discovered: 0
[43.749s][debug  ][gc,phases,ref  ] GC(159)     Cleared: 0
[43.749s][debug  ][gc,phases,ref  ] GC(159)   WeakReference:
[43.749s][debug  ][gc,phases,ref  ] GC(159)     Discovered: 0
[43.749s][debug  ][gc,phases,ref  ] GC(159)     Cleared: 0
[43.749s][debug  ][gc,phases,ref  ] GC(159)   FinalReference:
[43.749s][debug  ][gc,phases,ref  ] GC(159)     Discovered: 0
[43.749s][debug  ][gc,phases,ref  ] GC(159)     Cleared: 0
[43.749s][debug  ][gc,phases,ref  ] GC(159)   PhantomReference:
[43.749s][debug  ][gc,phases,ref  ] GC(159)     Discovered: 0
[43.749s][debug  ][gc,phases,ref  ] GC(159)     Cleared: 0
[43.749s][debug  ][gc,phases      ] GC(159) Reference Processing 0.682ms
[43.749s][debug  ][gc,phases,start] GC(159) Weak Processing
[43.749s][debug  ][gc,phases      ] GC(159)   VM Weak                        Min:  0.0, Avg:  0.0, Max:  0.0, Diff:  0.0, Sum:  0.0, Workers: 6
[43.749s][debug  ][gc,phases      ] GC(159)     Dead                           Min: 0, Avg:  0.0, Max: 0, Diff: 0, Sum: 0, Workers: 6
[43.749s][debug  ][gc,phases      ] GC(159)     Total                          Min: 0, Avg:  1.3, Max: 8, Diff: 8, Sum: 8, Workers: 6
[43.749s][debug  ][gc,phases      ] GC(159)   ObjectSynchronizer Weak        Min:  0.0, Avg:  0.0, Max:  0.0, Diff:  0.0, Sum:  0.0, Workers: 6
[43.749s][debug  ][gc,phases      ] GC(159)     Dead                           Min: 0, Avg:  0.0, Max: 0, Diff: 0, Sum: 0, Workers: 6
[43.749s][debug  ][gc,phases      ] GC(159)     Total                          Min: 0, Avg:  0.5, Max: 3, Diff: 3, Sum: 3, Workers: 6
[43.749s][debug  ][gc,phases      ] GC(159)   JVMTI Tag Weak OopStorage      Min:  0.0, Avg:  0.0, Max:  0.0, Diff:  0.0, Sum:  0.0, Workers: 6
[43.749s][debug  ][gc,phases      ] GC(159)     Dead                           Min: 0, Avg:  0.0, Max: 0, Diff: 0, Sum: 0, Workers: 6
[43.749s][debug  ][gc,phases      ] GC(159)     Total                          Min: 0, Avg:  0.0, Max: 0, Diff: 0, Sum: 0, Workers: 6
[43.749s][debug  ][gc,phases      ] GC(159)   StringTable Weak               Min:  0.0, Avg:  0.0, Max:  0.0, Diff:  0.0, Sum:  0.0, Workers: 6
[43.749s][debug  ][gc,phases      ] GC(159)     Dead                           Min: 0, Avg:  0.0, Max: 0, Diff: 0, Sum: 0, Workers: 6
[43.749s][debug  ][gc,phases      ] GC(159)     Total                          Min: 768, Avg: 892.2, Max: 1024, Diff: 256, Sum: 5353, Workers: 6
[43.749s][debug  ][gc,phases      ] GC(159)   ResolvedMethodTable Weak       Min:  0.0, Avg:  0.0, Max:  0.0, Diff:  0.0, Sum:  0.0, Workers: 6
[43.749s][debug  ][gc,phases      ] GC(159)     Dead                           Min: 0, Avg:  0.0, Max: 0, Diff: 0, Sum: 0, Workers: 6
[43.749s][debug  ][gc,phases      ] GC(159)     Total                          Min: 0, Avg: 21.7, Max: 64, Diff: 64, Sum: 130, Workers: 6
[43.749s][debug  ][gc,phases      ] GC(159)   JNI Weak                       Min:  0.0, Avg:  0.0, Max:  0.0, Diff:  0.0, Sum:  0.0, Workers: 6
[43.749s][debug  ][gc,phases      ] GC(159)     Dead                           Min: 0, Avg:  0.0, Max: 0, Diff: 0, Sum: 0, Workers: 6
[43.749s][debug  ][gc,phases      ] GC(159)     Total                          Min: 0, Avg:  0.0, Max: 0, Diff: 0, Sum: 0, Workers: 6
[43.749s][debug  ][gc,phases      ] GC(159)   StringDedup Table Weak         Min:  0.0, Avg:  0.0, Max:  0.0, Diff:  0.0, Sum:  0.0, Workers: 6
[43.750s][debug  ][gc,phases      ] GC(159)     Dead                           Min: 0, Avg:  0.0, Max: 0, Diff: 0, Sum: 0, Workers: 6
[43.750s][debug  ][gc,phases      ] GC(159)     Total                          Min: 0, Avg:  0.0, Max: 0, Diff: 0, Sum: 0, Workers: 6
[43.750s][debug  ][gc,phases      ] GC(159)   StringDedup Requests0 Weak     Min:  0.0, Avg:  0.0, Max:  0.0, Diff:  0.0, Sum:  0.0, Workers: 6
[43.750s][debug  ][gc,phases      ] GC(159)     Dead                           Min: 0, Avg:  0.0, Max: 0, Diff: 0, Sum: 0, Workers: 6
[43.750s][debug  ][gc,phases      ] GC(159)     Total                          Min: 0, Avg:  0.0, Max: 0, Diff: 0, Sum: 0, Workers: 6
[43.750s][debug  ][gc,phases      ] GC(159)   StringDedup Requests1 Weak     Min:  0.0, Avg:  0.0, Max:  0.0, Diff:  0.0, Sum:  0.0, Workers: 6
[43.750s][debug  ][gc,phases      ] GC(159)     Dead                           Min: 0, Avg:  0.0, Max: 0, Diff: 0, Sum: 0, Workers: 6
[43.750s][debug  ][gc,phases      ] GC(159)     Total                          Min: 0, Avg:  0.0, Max: 0, Diff: 0, Sum: 0, Workers: 6
[43.750s][debug  ][gc,phases      ] GC(159)   Weak JFR Old Object Samples    Min:  0.0, Avg:  0.0, Max:  0.0, Diff:  0.0, Sum:  0.0, Workers: 6
[43.750s][debug  ][gc,phases      ] GC(159)     Dead                           Min: 0, Avg:  0.0, Max: 0, Diff: 0, Sum: 0, Workers: 6
[43.750s][debug  ][gc,phases      ] GC(159)     Total                          Min: 0, Avg:  0.0, Max: 0, Diff: 0, Sum: 0, Workers: 6
[43.750s][debug  ][gc,phases      ] GC(159) Weak Processing 0.780ms
[43.750s][debug  ][gc,ergo        ] GC(159) AdaptiveSizeStart:  collection: 160 
[43.750s][debug  ][gc,ergo        ] GC(159) avg_survived_padded_avg: 31593712.000000
[43.750s][debug  ][gc,ergo        ] GC(159) avg_promoted_padded_avg: 271701952.000000  avg_pretenured_padded_avg: 0.000000  tenuring_thresh: 15  target_size: 31981568
[43.750s][debug  ][gc,age         ] GC(159) Desired survivor size 31981568 bytes, new threshold 15 (max threshold 15)
[43.750s][debug  ][gc,ergo        ] GC(159) PSAdaptiveSizePolicy::compute_eden_space_size limits: desired_eden_size: 224336488 old_eden_size: 204472320 eden_limit: 204472320 cur_eden: 204472320 max_eden_size: 204472320 avg_young_live: 27639896
[43.750s][debug  ][gc,ergo        ] GC(159) PSAdaptiveSizePolicy::compute_eden_space_size: costs minor_time: 0.050662 major_cost: 0.053636 mutator_cost: 0.895702 throughput_goal: 0.990000
[43.750s][debug  ][gc,ergo        ] GC(159) Live_space: 1079154432 free_space: 1423966208
[43.750s][debug  ][gc,ergo        ] GC(159) Old eden_size: 204472320 desired_eden_size: 204472320
[43.750s][debug  ][gc,ergo        ] GC(159) AdaptiveSizeStop: collection: 160 
[43.750s][info   ][gc,heap        ] GC(159) PSYoungGen: 229138K(230912K)->30720K(230912K) Eden: 198418K(199680K)->0K(199680K) From: 30720K(31232K)->30720K(31232K)
[43.750s][info   ][gc,heap        ] GC(159) ParOldGen: 1527397K(1835008K)->1721957K(1835008K)
[43.750s][info   ][gc,metaspace   ] GC(159) Metaspace: 1024K(1216K)->1024K(1216K) NonClass: 940K(1024K)->940K(1024K) Class: 83K(192K)->83K(192K)
[43.750s][info   ][gc             ] GC(159) Pause Young (Allocation Failure) 1715M->1711M(2017M) 17.674ms
[43.750s][info   ][gc,cpu         ] GC(159) User=0.16s Sys=0.00s Real=0.02s
[43.750s][debug  ][gc,heap        ] GC(159) Heap after GC invocations=160 (full 25):
[43.750s][debug  ][gc,heap        ] GC(159)  PSYoungGen      total 230912K, used 30720K [0x00000000f0000000, 0x0000000100000000, 0x0000000100000000)
[43.750s][debug  ][gc,heap        ] GC(159)   eden space 199680K, 0% used [0x00000000f0000000,0x00000000f0000000,0x00000000fc300000)
[43.750s][debug  ][gc,heap        ] GC(159)   from space 31232K, 98% used [0x00000000fe180000,0x00000000fff80030,0x0000000100000000)
[43.750s][debug  ][gc,heap        ] GC(159)   to   space 31232K, 0% used [0x00000000fc300000,0x00000000fc300000,0x00000000fe180000)
[43.750s][debug  ][gc,heap        ] GC(159)  ParOldGen       total 1835008K, used 1721957K [0x0000000080000000, 0x00000000f0000000, 0x00000000f0000000)
[43.750s][debug  ][gc,heap        ] GC(159)   object space 1835008K, 93% used [0x0000000080000000,0x00000000e9199600,0x00000000f0000000)
[43.750s][debug  ][gc,heap        ] GC(159)  Metaspace       used 1024K, committed 1216K, reserved 1056768K
[43.750s][debug  ][gc,heap        ] GC(159)   class space    used 83K, committed 192K, reserved 1048576K
[43.750s][debug  ][gc,task,time   ] GC(159) VM-Thread 437319431 437482803 437503468
[43.750s][debug  ][gc,phases,start] GC(160) Pre Compact
[43.750s][debug  ][gc,heap        ] GC(160) Heap before GC invocations=161 (full 26):
[43.750s][debug  ][gc,heap        ] GC(160)  PSYoungGen      total 230912K, used 30720K [0x00000000f0000000, 0x0000000100000000, 0x0000000100000000)
[43.750s][debug  ][gc,heap        ] GC(160)   eden space 199680K, 0% used [0x00000000f0000000,0x00000000f0000000,0x00000000fc300000)
[43.750s][debug  ][gc,heap        ] GC(160)   from space 31232K, 98% used [0x00000000fe180000,0x00000000fff80030,0x0000000100000000)
[43.750s][debug  ][gc,heap        ] GC(160)   to   space 31232K, 0% used [0x00000000fc300000,0x00000000fc300000,0x00000000fe180000)
[43.751s][debug  ][gc,heap        ] GC(160)  ParOldGen       total 1835008K, used 1721957K [0x0000000080000000, 0x00000000f0000000, 0x00000000f0000000)
[43.751s][debug  ][gc,heap        ] GC(160)   object space 1835008K, 93% used [0x0000000080000000,0x00000000e9199600,0x00000000f0000000)
[43.751s][debug  ][gc,heap        ] GC(160)  Metaspace       used 1024K, committed 1216K, reserved 1056768K
[43.751s][debug  ][gc,heap        ] GC(160)   class space    used 83K, committed 192K, reserved 1048576K
[43.751s][debug  ][gc,phases      ] GC(160) Pre Compact 0.223ms
[43.751s][info   ][gc,start       ] GC(160) Pause Full (Ergonomics)
[43.751s][info   ][gc,phases,start] GC(160) Marking Phase
[43.751s][debug  ][gc,phases,start] GC(160) Par Mark
[43.751s][debug  ][gc,phases      ] GC(160) Par Mark 0.526ms
[43.751s][debug  ][gc,phases,start] GC(160) Reference Processing
[43.751s][debug  ][gc,ref         ] GC(160) Skipped phase 1 of Reference Processing: no references
[43.751s][debug  ][gc,ref         ] GC(160) ReferenceProcessor::execute queues: 1, RefProcThreadModel::Single, marks_oops_alive: false
[43.751s][debug  ][gc,ref         ] GC(160) Skipped phase 3 of Reference Processing: no references
[43.751s][debug  ][gc,ref         ] GC(160) ReferenceProcessor::execute queues: 1, RefProcThreadModel::Single, marks_oops_alive: false
[43.751s][debug  ][gc,phases,ref  ] GC(160) Reference Processing: 0.1ms
[43.751s][debug  ][gc,phases,ref  ] GC(160)   Reconsider SoftReferences: 0.0ms
[43.751s][debug  ][gc,phases,ref  ] GC(160)     SoftRef (ms):                  skipped
[43.751s][debug  ][gc,phases,ref  ] GC(160)   Notify Soft/WeakReferences: 0.0ms
[43.751s][debug  ][gc,phases,ref  ] GC(160)     SoftRef (ms):                  Min:  0.0, Avg:  0.0, Max:  0.0, Diff:  0.0, Sum:  0.0, Workers: 10
[43.751s][debug  ][gc,phases,ref  ] GC(160)     WeakRef (ms):                  Min:  0.0, Avg:  0.0, Max:  0.0, Diff:  0.0, Sum:  0.0, Workers: 10
[43.752s][debug  ][gc,phases,ref  ] GC(160)     FinalRef (ms):                 Min:  0.0, Avg:  0.0, Max:  0.0, Diff:  0.0, Sum:  0.0, Workers: 10
[43.752s][debug  ][gc,phases,ref  ] GC(160)     Total (ms):                    Min:  0.0, Avg:  0.0, Max:  0.0, Diff:  0.0, Sum:  0.0, Workers: 10
[43.752s][debug  ][gc,phases,ref  ] GC(160)   Notify and keep alive finalizable: 0.0ms
[43.752s][debug  ][gc,phases,ref  ] GC(160)     FinalRef (ms):                 skipped
[43.752s][debug  ][gc,phases,ref  ] GC(160)   Notify PhantomReferences: 0.0ms
[43.752s][debug  ][gc,phases,ref  ] GC(160)     PhantomRef (ms):               Min:  0.0, Avg:  0.0, Max:  0.0, Diff:  0.0, Sum:  0.0, Workers: 10
[43.752s][debug  ][gc,phases,ref  ] GC(160)   SoftReference:
[43.752s][debug  ][gc,phases,ref  ] GC(160)     Discovered: 0
[43.752s][debug  ][gc,phases,ref  ] GC(160)     Cleared: 0
[43.752s][debug  ][gc,phases,ref  ] GC(160)   WeakReference:
[43.752s][debug  ][gc,phases,ref  ] GC(160)     Discovered: 74
[43.752s][debug  ][gc,phases,ref  ] GC(160)     Cleared: 74
[43.752s][debug  ][gc,phases,ref  ] GC(160)   FinalReference:
[43.752s][debug  ][gc,phases,ref  ] GC(160)     Discovered: 0
[43.752s][debug  ][gc,phases,ref  ] GC(160)     Cleared: 0
[43.752s][debug  ][gc,phases,ref  ] GC(160)   PhantomReference:
[43.752s][debug  ][gc,phases,ref  ] GC(160)     Discovered: 3
[43.752s][debug  ][gc,phases,ref  ] GC(160)     Cleared: 3
[43.752s][debug  ][gc,phases      ] GC(160) Reference Processing 0.674ms
[43.752s][debug  ][gc,phases,start] GC(160) Weak Processing
[43.752s][debug  ][gc,phases      ] GC(160)   VM Weak                        Min:  0.0, Avg:  0.0, Max:  0.0, Diff:  0.0, Sum:  0.0, Workers: 6
[43.752s][debug  ][gc,phases      ] GC(160)     Dead                           Min: 0, Avg:  0.0, Max: 0, Diff: 0, Sum: 0, Workers: 6
[43.752s][debug  ][gc,phases      ] GC(160)     Total                          Min: 0, Avg:  1.3, Max: 8, Diff: 8, Sum: 8, Workers: 6
[43.752s][debug  ][gc,phases      ] GC(160)   ObjectSynchronizer Weak        Min:  0.0, Avg:  0.0, Max:  0.0, Diff:  0.0, Sum:  0.0, Workers: 6
[43.752s][debug  ][gc,phases      ] GC(160)     Dead                           Min: 0, Avg:  0.0, Max: 0, Diff: 0, Sum: 0, Workers: 6
[43.752s][debug  ][gc,phases      ] GC(160)     Total                          Min: 0, Avg:  0.5, Max: 3, Diff: 3, Sum: 3, Workers: 6
[43.752s][debug  ][gc,phases      ] GC(160)   JVMTI Tag Weak OopStorage      Min:  0.0, Avg:  0.0, Max:  0.0, Diff:  0.0, Sum:  0.0, Workers: 6
[43.752s][debug  ][gc,phases      ] GC(160)     Dead                           Min: 0, Avg:  0.0, Max: 0, Diff: 0, Sum: 0, Workers: 6
[43.752s][debug  ][gc,phases      ] GC(160)     Total                          Min: 0, Avg:  0.0, Max: 0, Diff: 0, Sum: 0, Workers: 6
[43.752s][debug  ][gc,phases      ] GC(160)   StringTable Weak               Min:  0.0, Avg:  0.0, Max:  0.0, Diff:  0.0, Sum:  0.0, Workers: 6
[43.752s][debug  ][gc,phases      ] GC(160)     Dead                           Min: 0, Avg:  0.0, Max: 0, Diff: 0, Sum: 0, Workers: 6
[43.752s][debug  ][gc,phases      ] GC(160)     Total                          Min: 384, Avg: 892.2, Max: 1641, Diff: 1257, Sum: 5353, Workers: 6
[43.752s][debug  ][gc,phases      ] GC(160)   ResolvedMethodTable Weak       Min:  0.0, Avg:  0.0, Max:  0.0, Diff:  0.0, Sum:  0.0, Workers: 6
[43.752s][debug  ][gc,phases      ] GC(160)     Dead                           Min: 0, Avg:  0.0, Max: 0, Diff: 0, Sum: 0, Workers: 6
[43.752s][debug  ][gc,phases      ] GC(160)     Total                          Min: 0, Avg: 21.7, Max: 64, Diff: 64, Sum: 130, Workers: 6
[43.752s][debug  ][gc,phases      ] GC(160)   JNI Weak                       Min:  0.0, Avg:  0.0, Max:  0.0, Diff:  0.0, Sum:  0.0, Workers: 6
[43.752s][debug  ][gc,phases      ] GC(160)     Dead                           Min: 0, Avg:  0.0, Max: 0, Diff: 0, Sum: 0, Workers: 6
[43.752s][debug  ][gc,phases      ] GC(160)     Total                          Min: 0, Avg:  0.0, Max: 0, Diff: 0, Sum: 0, Workers: 6
[43.752s][debug  ][gc,phases      ] GC(160)   StringDedup Table Weak         Min:  0.0, Avg:  0.0, Max:  0.0, Diff:  0.0, Sum:  0.0, Workers: 6
[43.752s][debug  ][gc,phases      ] GC(160)     Dead                           Min: 0, Avg:  0.0, Max: 0, Diff: 0, Sum: 0, Workers: 6
[43.752s][debug  ][gc,phases      ] GC(160)     Total                          Min: 0, Avg:  0.0, Max: 0, Diff: 0, Sum: 0, Workers: 6
[43.752s][debug  ][gc,phases      ] GC(160)   StringDedup Requests0 Weak     Min:  0.0, Avg:  0.0, Max:  0.0, Diff:  0.0, Sum:  0.0, Workers: 6
[43.752s][debug  ][gc,phases      ] GC(160)     Dead                           Min: 0, Avg:  0.0, Max: 0, Diff: 0, Sum: 0, Workers: 6
[43.752s][debug  ][gc,phases      ] GC(160)     Total                          Min: 0, Avg:  0.0, Max: 0, Diff: 0, Sum: 0, Workers: 6
[43.753s][debug  ][gc,phases      ] GC(160)   StringDedup Requests1 Weak     Min:  0.0, Avg:  0.0, Max:  0.0, Diff:  0.0, Sum:  0.0, Workers: 6
[43.753s][debug  ][gc,phases      ] GC(160)     Dead                           Min: 0, Avg:  0.0, Max: 0, Diff: 0, Sum: 0, Workers: 6
[43.753s][debug  ][gc,phases      ] GC(160)     Total                          Min: 0, Avg:  0.0, Max: 0, Diff: 0, Sum: 0, Workers: 6
[43.753s][debug  ][gc,phases      ] GC(160)   Weak JFR Old Object Samples    Min:  0.0, Avg:  0.0, Max:  0.0, Diff:  0.0, Sum:  0.0, Workers: 6
[43.753s][debug  ][gc,phases      ] GC(160)     Dead                           Min: 0, Avg:  0.0, Max: 0, Diff: 0, Sum: 0, Workers: 6
[43.753s][debug  ][gc,phases      ] GC(160)     Total                          Min: 0, Avg:  0.0, Max: 0, Diff: 0, Sum: 0, Workers: 6
[43.753s][debug  ][gc,phases      ] GC(160) Weak Processing 0.719ms
[43.753s][debug  ][gc,phases,start] GC(160) Class Unloading
[43.753s][debug  ][gc,phases,start] GC(160) ClassLoaderData
[43.753s][debug  ][gc,phases      ] GC(160) ClassLoaderData 0.022ms
[43.753s][debug  ][gc,phases,start] GC(160) Trigger cleanups
[43.753s][debug  ][gc,phases      ] GC(160) Trigger cleanups 0.021ms
[43.753s][debug  ][gc,phases      ] GC(160) Class Unloading 0.266ms
[43.753s][info   ][gc,phases      ] GC(160) Marking Phase 2.309ms
[43.753s][info   ][gc,phases,start] GC(160) Summary Phase
[43.753s][info   ][gc,phases      ] GC(160) Summary Phase 0.038ms
[43.753s][info   ][gc,phases,start] GC(160) Adjust Roots
[43.753s][info   ][gc,phases      ] GC(160) Adjust Roots 0.140ms
[43.753s][info   ][gc,phases,start] GC(160) Compaction Phase
[43.836s][info   ][gc,phases      ] GC(160) Compaction Phase 83.131ms
[43.836s][info   ][gc,phases,start] GC(160) Post Compact
[43.842s][info   ][gc,phases      ] GC(160) Post Compact 5.581ms
[43.842s][debug  ][gc,ergo        ] GC(160) AdaptiveSizeStart: collection: 161 
[43.842s][debug  ][gc,ergo        ] GC(160) PSAdaptiveSizePolicy::compute_eden_space_size limits: desired_eden_size: 224306093 old_eden_size: 204472320 eden_limit: 204472320 cur_eden: 204472320 max_eden_size: 204472320 avg_young_live: 24875906
[43.842s][debug  ][gc,ergo        ] GC(160) PSAdaptiveSizePolicy::compute_eden_space_size: costs minor_time: 0.050662 major_cost: 0.053796 mutator_cost: 0.895542 throughput_goal: 0.990000
[43.842s][debug  ][gc,ergo        ] GC(160) Live_space: 1076390400 free_space: 1423966208
[43.842s][debug  ][gc,ergo        ] GC(160) Old eden_size: 204472320 desired_eden_size: 204472320
[43.842s][debug  ][gc,ergo        ] GC(160) PSAdaptiveSizePolicy::compute_old_gen_free_space limits: desired_promo_size: 1345318013 promo_limit: 1219493888 free_in_old_gen: 1095466240 max_old_gen_size: 1879048192 avg_old_live: 783581888
[43.842s][debug  ][gc,ergo        ] GC(160) PSAdaptiveSizePolicy::compute_old_gen_free_space: costs minor_time: 0.050662 major_cost: 0.053796  mutator_cost: 0.895542 throughput_goal: 0.990000
[43.842s][debug  ][gc,ergo        ] GC(160) Live_space: 1076893184 free_space: 1423966208
[43.842s][debug  ][gc,ergo        ] GC(160) Old promo_size: 1219493888 desired_promo_size: 1219493888
[43.842s][debug  ][gc,ergo        ] GC(160) AdaptiveSizeStop: collection: 161 
[43.842s][info   ][gc,heap        ] GC(160) PSYoungGen: 30720K(230912K)->0K(230912K) Eden: 0K(199680K)->0K(199680K) From: 30720K(31232K)->0K(31232K)
[43.842s][info   ][gc,heap        ] GC(160) ParOldGen: 1721957K(1835008K)->769636K(1835008K)
[43.842s][info   ][gc,metaspace   ] GC(160) Metaspace: 1024K(1216K)->1024K(1216K) NonClass: 940K(1024K)->940K(1024K) Class: 83K(192K)->83K(192K)
[43.842s][info   ][gc             ] GC(160) Pause Full (Ergonomics) 1711M->751M(2017M) 91.802ms
[43.842s][info   ][gc,cpu         ] GC(160) User=0.91s Sys=0.02s Real=0.09s
[43.842s][debug  ][gc,heap        ] GC(160) Heap after GC invocations=161 (full 26):
[43.843s][debug  ][gc,heap        ] GC(160)  PSYoungGen      total 230912K, used 0K [0x00000000f0000000, 0x0000000100000000, 0x0000000100000000)
[43.843s][debug  ][gc,heap        ] GC(160)   eden space 199680K, 0% used [0x00000000f0000000,0x00000000f0000000,0x00000000fc300000)
[43.843s][debug  ][gc,heap        ] GC(160)   from space 31232K, 0% used [0x00000000fc300000,0x00000000fc300000,0x00000000fe180000)
[43.843s][debug  ][gc,heap        ] GC(160)   to   space 31232K, 0% used [0x00000000fe180000,0x00000000fe180000,0x0000000100000000)
[43.843s][debug  ][gc,heap        ] GC(160)  ParOldGen       total 1835008K, used 769636K [0x0000000080000000, 0x00000000f0000000, 0x00000000f0000000)
[43.843s][debug  ][gc,heap        ] GC(160)   object space 1835008K, 41% used [0x0000000080000000,0x00000000aef99030,0x00000000f0000000)
[43.843s][debug  ][gc,heap        ] GC(160)  Metaspace       used 1024K, committed 1216K, reserved 1056768K
[43.843s][debug  ][gc,heap        ] GC(160)   class space    used 83K, committed 192K, reserved 1048576K
[43.843s][debug  ][gc,task,time   ] GC(160) VM-Thread 437506437 437532213 438424772
[44.144s][debug  ][gc,heap        ] GC(161) Heap before GC invocations=162 (full 26):
[44.145s][debug  ][gc,heap        ] GC(161)  PSYoungGen      total 230912K, used 198438K [0x00000000f0000000, 0x0000000100000000, 0x0000000100000000)
[44.145s][debug  ][gc,heap        ] GC(161)   eden space 199680K, 99% used [0x00000000f0000000,0x00000000fc1c9ab8,0x00000000fc300000)
[44.145s][debug  ][gc,heap        ] GC(161)   from space 31232K, 0% used [0x00000000fc300000,0x00000000fc300000,0x00000000fe180000)
[44.145s][debug  ][gc,heap        ] GC(161)   to   space 31232K, 0% used [0x00000000fe180000,0x00000000fe180000,0x0000000100000000)
[44.145s][debug  ][gc,heap        ] GC(161)  ParOldGen       total 1835008K, used 769636K [0x0000000080000000, 0x00000000f0000000, 0x00000000f0000000)
[44.145s][debug  ][gc,heap        ] GC(161)   object space 1835008K, 41% used [0x0000000080000000,0x00000000aef99030,0x00000000f0000000)
[44.145s][debug  ][gc,heap        ] GC(161)  Metaspace       used 1024K, committed 1216K, reserved 1056768K
[44.145s][debug  ][gc,heap        ] GC(161)   class space    used 83K, committed 192K, reserved 1048576K
[44.145s][debug  ][gc,tlab        ] GC(161) TLAB totals: thrds: 1  refills: 1 max: 1 slow allocs: 18 max 18 waste: 27.5% gc: 3971464B max: 3971464B slow: 0B max: 0B
[44.145s][info   ][gc,start       ] GC(161) Pause Young (Allocation Failure)
[44.145s][debug  ][gc,phases,start] GC(161) Scavenge
[44.159s][debug  ][gc,phases      ] GC(161) Scavenge 13.614ms
[44.159s][debug  ][gc,phases,start] GC(161) Reference Processing
[44.159s][debug  ][gc,ref         ] GC(161) Skipped phase 1 of Reference Processing: no references
[44.159s][debug  ][gc,ref         ] GC(161) Skipped phase 2 of Reference Processing: no references
[44.159s][debug  ][gc,ref         ] GC(161) Skipped phase 3 of Reference Processing: no references
[44.159s][debug  ][gc,ref         ] GC(161) Skipped phase 4 of Reference Processing: no references
[44.159s][debug  ][gc,phases,ref  ] GC(161) Reference Processing: 0.1ms
[44.159s][debug  ][gc,phases,ref  ] GC(161)   Reconsider SoftReferences: 0.0ms
[44.159s][debug  ][gc,phases,ref  ] GC(161)     SoftRef (ms):                  skipped
[44.159s][debug  ][gc,phases,ref  ] GC(161)   Notify Soft/WeakReferences: 0.0ms
[44.159s][debug  ][gc,phases,ref  ] GC(161)     SoftRef (ms):                  skipped
[44.159s][debug  ][gc,phases,ref  ] GC(161)     WeakRef (ms):                  skipped
[44.159s][debug  ][gc,phases,ref  ] GC(161)     FinalRef (ms):                 skipped
[44.159s][debug  ][gc,phases,ref  ] GC(161)     Total (ms):                    skipped
[44.159s][debug  ][gc,phases,ref  ] GC(161)   Notify and keep alive finalizable: 0.0ms
[44.159s][debug  ][gc,phases,ref  ] GC(161)     FinalRef (ms):                 skipped
[44.159s][debug  ][gc,phases,ref  ] GC(161)   Notify PhantomReferences: 0.0ms
[44.159s][debug  ][gc,phases,ref  ] GC(161)     PhantomRef (ms):               skipped
[44.159s][debug  ][gc,phases,ref  ] GC(161)   SoftReference:
[44.159s][debug  ][gc,phases,ref  ] GC(161)     Discovered: 0
[44.159s][debug  ][gc,phases,ref  ] GC(161)     Cleared: 0
[44.159s][debug  ][gc,phases,ref  ] GC(161)   WeakReference:
[44.159s][debug  ][gc,phases,ref  ] GC(161)     Discovered: 0
[44.159s][debug  ][gc,phases,ref  ] GC(161)     Cleared: 0
[44.159s][debug  ][gc,phases,ref  ] GC(161)   FinalReference:
[44.159s][debug  ][gc,phases,ref  ] GC(161)     Discovered: 0
[44.159s][debug  ][gc,phases,ref  ] GC(161)     Cleared: 0
[44.159s][debug  ][gc,phases,ref  ] GC(161)   PhantomReference:
[44.159s][debug  ][gc,phases,ref  ] GC(161)     Discovered: 0
[44.159s][debug  ][gc,phases,ref  ] GC(161)     Cleared: 0
[44.159s][debug  ][gc,phases      ] GC(161) Reference Processing 0.754ms
[44.159s][debug  ][gc,phases,start] GC(161) Weak Processing
[44.159s][debug  ][gc,phases      ] GC(161)   VM Weak                        Min:  0.0, Avg:  0.0, Max:  0.0, Diff:  0.0, Sum:  0.0, Workers: 6
[44.159s][debug  ][gc,phases      ] GC(161)     Dead                           Min: 0, Avg:  0.0, Max: 0, Diff: 0, Sum: 0, Workers: 6
[44.160s][debug  ][gc,phases      ] GC(161)     Total                          Min: 0, Avg:  1.3, Max: 8, Diff: 8, Sum: 8, Workers: 6
[44.160s][debug  ][gc,phases      ] GC(161)   ObjectSynchronizer Weak        Min:  0.0, Avg:  0.0, Max:  0.0, Diff:  0.0, Sum:  0.0, Workers: 6
[44.160s][debug  ][gc,phases      ] GC(161)     Dead                           Min: 0, Avg:  0.0, Max: 0, Diff: 0, Sum: 0, Workers: 6
[44.160s][debug  ][gc,phases      ] GC(161)     Total                          Min: 0, Avg:  0.5, Max: 3, Diff: 3, Sum: 3, Workers: 6
[44.160s][debug  ][gc,phases      ] GC(161)   JVMTI Tag Weak OopStorage      Min:  0.0, Avg:  0.0, Max:  0.0, Diff:  0.0, Sum:  0.0, Workers: 6
[44.160s][debug  ][gc,phases      ] GC(161)     Dead                           Min: 0, Avg:  0.0, Max: 0, Diff: 0, Sum: 0, Workers: 6
[44.160s][debug  ][gc,phases      ] GC(161)     Total                          Min: 0, Avg:  0.0, Max: 0, Diff: 0, Sum: 0, Workers: 6
[44.160s][debug  ][gc,phases      ] GC(161)   StringTable Weak               Min:  0.0, Avg:  0.0, Max:  0.0, Diff:  0.0, Sum:  0.0, Workers: 6
[44.160s][debug  ][gc,phases      ] GC(161)     Dead                           Min: 0, Avg:  0.0, Max: 0, Diff: 0, Sum: 0, Workers: 6
[44.160s][debug  ][gc,phases      ] GC(161)     Total                          Min: 640, Avg: 892.2, Max: 1152, Diff: 512, Sum: 5353, Workers: 6
[44.160s][debug  ][gc,phases      ] GC(161)   ResolvedMethodTable Weak       Min:  0.0, Avg:  0.0, Max:  0.0, Diff:  0.0, Sum:  0.0, Workers: 6
[44.160s][debug  ][gc,phases      ] GC(161)     Dead                           Min: 0, Avg:  0.0, Max: 0, Diff: 0, Sum: 0, Workers: 6
[44.160s][debug  ][gc,phases      ] GC(161)     Total                          Min: 0, Avg: 21.7, Max: 64, Diff: 64, Sum: 130, Workers: 6
[44.160s][debug  ][gc,phases      ] GC(161)   JNI Weak                       Min:  0.0, Avg:  0.0, Max:  0.0, Diff:  0.0, Sum:  0.0, Workers: 6
[44.160s][debug  ][gc,phases      ] GC(161)     Dead                           Min: 0, Avg:  0.0, Max: 0, Diff: 0, Sum: 0, Workers: 6
[44.160s][debug  ][gc,phases      ] GC(161)     Total                          Min: 0, Avg:  0.0, Max: 0, Diff: 0, Sum: 0, Workers: 6
[44.160s][debug  ][gc,phases      ] GC(161)   StringDedup Table Weak         Min:  0.0, Avg:  0.0, Max:  0.0, Diff:  0.0, Sum:  0.0, Workers: 6
[44.160s][debug  ][gc,phases      ] GC(161)     Dead                           Min: 0, Avg:  0.0, Max: 0, Diff: 0, Sum: 0, Workers: 6
[44.160s][debug  ][gc,phases      ] GC(161)     Total                          Min: 0, Avg:  0.0, Max: 0, Diff: 0, Sum: 0, Workers: 6
[44.160s][debug  ][gc,phases      ] GC(161)   StringDedup Requests0 Weak     Min:  0.0, Avg:  0.0, Max:  0.0, Diff:  0.0, Sum:  0.0, Workers: 6
[44.160s][debug  ][gc,phases      ] GC(161)     Dead                           Min: 0, Avg:  0.0, Max: 0, Diff: 0, Sum: 0, Workers: 6
[44.160s][debug  ][gc,phases      ] GC(161)     Total                          Min: 0, Avg:  0.0, Max: 0, Diff: 0, Sum: 0, Workers: 6
[44.160s][debug  ][gc,phases      ] GC(161)   StringDedup Requests1 Weak     Min:  0.0, Avg:  0.0, Max:  0.0, Diff:  0.0, Sum:  0.0, Workers: 6
[44.160s][debug  ][gc,phases      ] GC(161)     Dead                           Min: 0, Avg:  0.0, Max: 0, Diff: 0, Sum: 0, Workers: 6
[44.160s][debug  ][gc,phases      ] GC(161)     Total                          Min: 0, Avg:  0.0, Max: 0, Diff: 0, Sum: 0, Workers: 6
[44.160s][debug  ][gc,phases      ] GC(161)   Weak JFR Old Object Samples    Min:  0.0, Avg:  0.0, Max:  0.0, Diff:  0.0, Sum:  0.0, Workers: 6
[44.160s][debug  ][gc,phases      ] GC(161)     Dead                           Min: 0, Avg:  0.0, Max: 0, Diff: 0, Sum: 0, Workers: 6
[44.160s][debug  ][gc,phases      ] GC(161)     Total                          Min: 0, Avg:  0.0, Max: 0, Diff: 0, Sum: 0, Workers: 6
[44.160s][debug  ][gc,phases      ] GC(161) Weak Processing 0.876ms
[44.160s][debug  ][gc,ergo        ] GC(161) AdaptiveSizeStart:  collection: 162 
[44.160s][debug  ][gc,ergo        ] GC(161) avg_survived_padded_avg: 31581948.000000
[44.160s][debug  ][gc,ergo        ] GC(161) avg_promoted_padded_avg: 263961984.000000  avg_pretenured_padded_avg: 0.000000  tenuring_thresh: 15  target_size: 31981568
[44.160s][debug  ][gc,age         ] GC(161) Desired survivor size 31981568 bytes, new threshold 15 (max threshold 15)
[44.160s][debug  ][gc,ergo        ] GC(161) PSAdaptiveSizePolicy::compute_eden_space_size limits: desired_eden_size: 223619956 old_eden_size: 204472320 eden_limit: 204472320 cur_eden: 204472320 max_eden_size: 204472320 avg_young_live: 25534048
[44.160s][debug  ][gc,ergo        ] GC(161) PSAdaptiveSizePolicy::compute_eden_space_size: costs minor_time: 0.047366 major_cost: 0.053796 mutator_cost: 0.898838 throughput_goal: 0.990000
[44.160s][debug  ][gc,ergo        ] GC(161) Live_space: 1077551360 free_space: 1423966208
[44.161s][debug  ][gc,ergo        ] GC(161) Old eden_size: 204472320 desired_eden_size: 204472320
[44.161s][debug  ][gc,ergo        ] GC(161) AdaptiveSizeStop: collection: 162 
[44.161s][info   ][gc,heap        ] GC(161) PSYoungGen: 198438K(230912K)->30720K(230912K) Eden: 198438K(199680K)->0K(199680K) From: 0K(31232K)->30720K(31232K)
[44.161s][info   ][gc,heap        ] GC(161) ParOldGen: 769636K(1835008K)->933476K(1835008K)
[44.161s][info   ][gc,metaspace   ] GC(161) Metaspace: 1024K(1216K)->1024K(1216K) NonClass: 940K(1024K)->940K(1024K) Class: 83K(192K)->83K(192K)
[44.161s][info   ][gc             ] GC(161) Pause Young (Allocation Failure) 945M->941M(2017M) 15.806ms
[44.161s][info   ][gc,cpu         ] GC(161) User=0.16s Sys=0.00s Real=0.02s
[44.161s][debug  ][gc,heap        ] GC(161) Heap after GC invocations=162 (full 26):
[44.161s][debug  ][gc,heap        ] GC(161)  PSYoungGen      total 230912K, used 30720K [0x00000000f0000000, 0x0000000100000000, 0x0000000100000000)
[44.161s][debug  ][gc,heap        ] GC(161)   eden space 199680K, 0% used [0x00000000f0000000,0x00000000f0000000,0x00000000fc300000)
[44.161s][debug  ][gc,heap        ] GC(161)   from space 31232K, 98% used [0x00000000fe180000,0x00000000fff80030,0x0000000100000000)
[44.161s][debug  ][gc,heap        ] GC(161)   to   space 31232K, 0% used [0x00000000fc300000,0x00000000fc300000,0x00000000fe180000)
[44.161s][debug  ][gc,heap        ] GC(161)  ParOldGen       total 1835008K, used 933476K [0x0000000080000000, 0x00000000f0000000, 0x00000000f0000000)
[44.161s][debug  ][gc,heap        ] GC(161)   object space 1835008K, 50% used [0x0000000080000000,0x00000000b8f99130,0x00000000f0000000)
[44.161s][debug  ][gc,heap        ] GC(161)  Metaspace       used 1024K, committed 1216K, reserved 1056768K
[44.161s][debug  ][gc,heap        ] GC(161)   class space    used 83K, committed 192K, reserved 1048576K
[44.161s][debug  ][gc,task,time   ] GC(161) VM-Thread 441443879 441586120 441609606
[44.462s][debug  ][gc,heap        ] GC(162) Heap before GC invocations=163 (full 26):
[44.462s][debug  ][gc,heap        ] GC(162)  PSYoungGen      total 230912K, used 229099K [0x00000000f0000000, 0x0000000100000000, 0x0000000100000000)
[44.462s][debug  ][gc,heap        ] GC(162)   eden space 199680K, 99% used [0x00000000f0000000,0x00000000fc1bae38,0x00000000fc300000)
[44.462s][debug  ][gc,heap        ] GC(162)   from space 31232K, 98% used [0x00000000fe180000,0x00000000fff80030,0x0000000100000000)
[44.462s][debug  ][gc,heap        ] GC(162)   to   space 31232K, 0% used [0x00000000fc300000,0x00000000fc300000,0x00000000fe180000)
[44.462s][debug  ][gc,heap        ] GC(162)  ParOldGen       total 1835008K, used 933476K [0x0000000080000000, 0x00000000f0000000, 0x00000000f0000000)
[44.462s][debug  ][gc,heap        ] GC(162)   object space 1835008K, 50% used [0x0000000080000000,0x00000000b8f99130,0x00000000f0000000)
[44.462s][debug  ][gc,heap        ] GC(162)  Metaspace       used 1024K, committed 1216K, reserved 1056768K
[44.462s][debug  ][gc,heap        ] GC(162)   class space    used 83K, committed 192K, reserved 1048576K
[44.462s][debug  ][gc,tlab        ] GC(162) TLAB totals: thrds: 1  refills: 1 max: 1 slow allocs: 18 max 18 waste: 27.2% gc: 3909856B max: 3909856B slow: 0B max: 0B
[44.462s][info   ][gc,start       ] GC(162) Pause Young (Allocation Failure)
[44.462s][debug  ][gc,phases,start] GC(162) Scavenge
[44.471s][debug  ][gc,phases      ] GC(162) Scavenge 9.067ms
[44.471s][debug  ][gc,phases,start] GC(162) Reference Processing
[44.471s][debug  ][gc,ref         ] GC(162) Skipped phase 1 of Reference Processing: no references
[44.471s][debug  ][gc,ref         ] GC(162) Skipped phase 2 of Reference Processing: no references
[44.471s][debug  ][gc,ref         ] GC(162) Skipped phase 3 of Reference Processing: no references
[44.471s][debug  ][gc,ref         ] GC(162) Skipped phase 4 of Reference Processing: no references
[44.471s][debug  ][gc,phases,ref  ] GC(162) Reference Processing: 0.1ms
[44.471s][debug  ][gc,phases,ref  ] GC(162)   Reconsider SoftReferences: 0.0ms
[44.471s][debug  ][gc,phases,ref  ] GC(162)     SoftRef (ms):                  skipped
[44.471s][debug  ][gc,phases,ref  ] GC(162)   Notify Soft/WeakReferences: 0.0ms
[44.471s][debug  ][gc,phases,ref  ] GC(162)     SoftRef (ms):                  skipped
[44.471s][debug  ][gc,phases,ref  ] GC(162)     WeakRef (ms):                  skipped
[44.471s][debug  ][gc,phases,ref  ] GC(162)     FinalRef (ms):                 skipped
[44.471s][debug  ][gc,phases,ref  ] GC(162)     Total (ms):                    skipped
[44.472s][debug  ][gc,phases,ref  ] GC(162)   Notify and keep alive finalizable: 0.0ms
[44.472s][debug  ][gc,phases,ref  ] GC(162)     FinalRef (ms):                 skipped
[44.472s][debug  ][gc,phases,ref  ] GC(162)   Notify PhantomReferences: 0.0ms
[44.472s][debug  ][gc,phases,ref  ] GC(162)     PhantomRef (ms):               skipped
[44.472s][debug  ][gc,phases,ref  ] GC(162)   SoftReference:
[44.472s][debug  ][gc,phases,ref  ] GC(162)     Discovered: 0
[44.472s][debug  ][gc,phases,ref  ] GC(162)     Cleared: 0
[44.472s][debug  ][gc,phases,ref  ] GC(162)   WeakReference:
[44.472s][debug  ][gc,phases,ref  ] GC(162)     Discovered: 0
[44.472s][debug  ][gc,phases,ref  ] GC(162)     Cleared: 0
[44.472s][debug  ][gc,phases,ref  ] GC(162)   FinalReference:
[44.472s][debug  ][gc,phases,ref  ] GC(162)     Discovered: 0
[44.472s][debug  ][gc,phases,ref  ] GC(162)     Cleared: 0
[44.472s][debug  ][gc,phases,ref  ] GC(162)   PhantomReference:
[44.472s][debug  ][gc,phases,ref  ] GC(162)     Discovered: 0
[44.472s][debug  ][gc,phases,ref  ] GC(162)     Cleared: 0
[44.472s][debug  ][gc,phases      ] GC(162) Reference Processing 0.768ms
[44.472s][debug  ][gc,phases,start] GC(162) Weak Processing
[44.472s][debug  ][gc,phases      ] GC(162)   VM Weak                        Min:  0.0, Avg:  0.0, Max:  0.0, Diff:  0.0, Sum:  0.0, Workers: 6
[44.472s][debug  ][gc,phases      ] GC(162)     Dead                           Min: 0, Avg:  0.0, Max: 0, Diff: 0, Sum: 0, Workers: 6
[44.472s][debug  ][gc,phases      ] GC(162)     Total                          Min: 0, Avg:  1.3, Max: 8, Diff: 8, Sum: 8, Workers: 6
[44.472s][debug  ][gc,phases      ] GC(162)   ObjectSynchronizer Weak        Min:  0.0, Avg:  0.0, Max:  0.0, Diff:  0.0, Sum:  0.0, Workers: 6
[44.472s][debug  ][gc,phases      ] GC(162)     Dead                           Min: 0, Avg:  0.0, Max: 0, Diff: 0, Sum: 0, Workers: 6
[44.472s][debug  ][gc,phases      ] GC(162)     Total                          Min: 0, Avg:  0.5, Max: 3, Diff: 3, Sum: 3, Workers: 6
[44.472s][debug  ][gc,phases      ] GC(162)   JVMTI Tag Weak OopStorage      Min:  0.0, Avg:  0.0, Max:  0.0, Diff:  0.0, Sum:  0.0, Workers: 6
[44.472s][debug  ][gc,phases      ] GC(162)     Dead                           Min: 0, Avg:  0.0, Max: 0, Diff: 0, Sum: 0, Workers: 6
[44.472s][debug  ][gc,phases      ] GC(162)     Total                          Min: 0, Avg:  0.0, Max: 0, Diff: 0, Sum: 0, Workers: 6
[44.472s][debug  ][gc,phases      ] GC(162)   StringTable Weak               Min:  0.0, Avg:  0.0, Max:  0.0, Diff:  0.0, Sum:  0.0, Workers: 6
[44.472s][debug  ][gc,phases      ] GC(162)     Dead                           Min: 0, Avg:  0.0, Max: 0, Diff: 0, Sum: 0, Workers: 6
[44.472s][debug  ][gc,phases      ] GC(162)     Total                          Min: 704, Avg: 892.2, Max: 1130, Diff: 426, Sum: 5353, Workers: 6
[44.472s][debug  ][gc,phases      ] GC(162)   ResolvedMethodTable Weak       Min:  0.0, Avg:  0.0, Max:  0.0, Diff:  0.0, Sum:  0.0, Workers: 6
[44.472s][debug  ][gc,phases      ] GC(162)     Dead                           Min: 0, Avg:  0.0, Max: 0, Diff: 0, Sum: 0, Workers: 6
[44.473s][debug  ][gc,phases      ] GC(162)     Total                          Min: 0, Avg: 21.7, Max: 64, Diff: 64, Sum: 130, Workers: 6
[44.473s][debug  ][gc,phases      ] GC(162)   JNI Weak                       Min:  0.0, Avg:  0.0, Max:  0.0, Diff:  0.0, Sum:  0.0, Workers: 6
[44.473s][debug  ][gc,phases      ] GC(162)     Dead                           Min: 0, Avg:  0.0, Max: 0, Diff: 0, Sum: 0, Workers: 6
[44.473s][debug  ][gc,phases      ] GC(162)     Total                          Min: 0, Avg:  0.0, Max: 0, Diff: 0, Sum: 0, Workers: 6
[44.473s][debug  ][gc,phases      ] GC(162)   StringDedup Table Weak         Min:  0.0, Avg:  0.0, Max:  0.0, Diff:  0.0, Sum:  0.0, Workers: 6
[44.473s][debug  ][gc,phases      ] GC(162)     Dead                           Min: 0, Avg:  0.0, Max: 0, Diff: 0, Sum: 0, Workers: 6
[44.473s][debug  ][gc,phases      ] GC(162)     Total                          Min: 0, Avg:  0.0, Max: 0, Diff: 0, Sum: 0, Workers: 6
[44.473s][debug  ][gc,phases      ] GC(162)   StringDedup Requests0 Weak     Min:  0.0, Avg:  0.0, Max:  0.0, Diff:  0.0, Sum:  0.0, Workers: 6
[44.473s][debug  ][gc,phases      ] GC(162)     Dead                           Min: 0, Avg:  0.0, Max: 0, Diff: 0, Sum: 0, Workers: 6
[44.473s][debug  ][gc,phases      ] GC(162)     Total                          Min: 0, Avg:  0.0, Max: 0, Diff: 0, Sum: 0, Workers: 6
[44.473s][debug  ][gc,phases      ] GC(162)   StringDedup Requests1 Weak     Min:  0.0, Avg:  0.0, Max:  0.0, Diff:  0.0, Sum:  0.0, Workers: 6
[44.473s][debug  ][gc,phases      ] GC(162)     Dead                           Min: 0, Avg:  0.0, Max: 0, Diff: 0, Sum: 0, Workers: 6
[44.473s][debug  ][gc,phases      ] GC(162)     Total                          Min: 0, Avg:  0.0, Max: 0, Diff: 0, Sum: 0, Workers: 6
[44.473s][debug  ][gc,phases      ] GC(162)   Weak JFR Old Object Samples    Min:  0.0, Avg:  0.0, Max:  0.0, Diff:  0.0, Sum:  0.0, Workers: 6
[44.473s][debug  ][gc,phases      ] GC(162)     Dead                           Min: 0, Avg:  0.0, Max: 0, Diff: 0, Sum: 0, Workers: 6
[44.473s][debug  ][gc,phases      ] GC(162)     Total                          Min: 0, Avg:  0.0, Max: 0, Diff: 0, Sum: 0, Workers: 6
[44.473s][debug  ][gc,phases      ] GC(162) Weak Processing 1.031ms
[44.473s][debug  ][gc,ergo        ] GC(162) AdaptiveSizeStart:  collection: 163 
[44.473s][debug  ][gc,ergo        ] GC(162) avg_survived_padded_avg: 31571174.000000
[44.473s][debug  ][gc,ergo        ] GC(162) avg_promoted_padded_avg: 267426208.000000  avg_pretenured_padded_avg: 0.000000  tenuring_thresh: 15  target_size: 31981568
[44.473s][debug  ][gc,age         ] GC(162) Desired survivor size 31981568 bytes, new threshold 15 (max threshold 15)
[44.473s][debug  ][gc,ergo        ] GC(162) PSAdaptiveSizePolicy::compute_eden_space_size limits: desired_eden_size: 222945172 old_eden_size: 204472320 eden_limit: 204472320 cur_eden: 204472320 max_eden_size: 204472320 avg_young_live: 26126376
[44.473s][debug  ][gc,ergo        ] GC(162) PSAdaptiveSizePolicy::compute_eden_space_size: costs minor_time: 0.044322 major_cost: 0.053796 mutator_cost: 0.901882 throughput_goal: 0.990000
[44.473s][debug  ][gc,ergo        ] GC(162) Live_space: 1078143744 free_space: 1423966208
[44.473s][debug  ][gc,ergo        ] GC(162) Old eden_size: 204472320 desired_eden_size: 204472320
[44.473s][debug  ][gc,ergo        ] GC(162) AdaptiveSizeStop: collection: 163 
[44.473s][info   ][gc,heap        ] GC(162) PSYoungGen: 229099K(230912K)->30720K(230912K) Eden: 198379K(199680K)->0K(199680K) From: 30720K(31232K)->30720K(31232K)
[44.473s][info   ][gc,heap        ] GC(162) ParOldGen: 933476K(1835008K)->1035876K(1835008K)
[44.473s][info   ][gc,metaspace   ] GC(162) Metaspace: 1024K(1216K)->1024K(1216K) NonClass: 941K(1024K)->941K(1024K) Class: 83K(192K)->83K(192K)
[44.473s][info   ][gc             ] GC(162) Pause Young (Allocation Failure) 1135M->1041M(2017M) 11.399ms
[44.473s][info   ][gc,cpu         ] GC(162) User=0.02s Sys=0.00s Real=0.01s
[44.473s][debug  ][gc,heap        ] GC(162) Heap after GC invocations=163 (full 26):
[44.473s][debug  ][gc,heap        ] GC(162)  PSYoungGen      total 230912K, used 30720K [0x00000000f0000000, 0x0000000100000000, 0x0000000100000000)
[44.473s][debug  ][gc,heap        ] GC(162)   eden space 199680K, 0% used [0x00000000f0000000,0x00000000f0000000,0x00000000fc300000)
[44.474s][debug  ][gc,heap        ] GC(162)   from space 31232K, 98% used [0x00000000fc300000,0x00000000fe100030,0x00000000fe180000)
[44.474s][debug  ][gc,heap        ] GC(162)   to   space 31232K, 0% used [0x00000000fe180000,0x00000000fe180000,0x0000000100000000)
[44.474s][debug  ][gc,heap        ] GC(162)  ParOldGen       total 1835008K, used 1035876K [0x0000000080000000, 0x00000000f0000000, 0x00000000f0000000)
[44.474s][debug  ][gc,heap        ] GC(162)   object space 1835008K, 56% used [0x0000000080000000,0x00000000bf3991d0,0x00000000f0000000)
[44.474s][debug  ][gc,heap        ] GC(162)  Metaspace       used 1024K, committed 1216K, reserved 1056768K
[44.474s][debug  ][gc,heap        ] GC(162)   class space    used 83K, committed 192K, reserved 1048576K
[44.474s][debug  ][gc,task,time   ] GC(162) VM-Thread 444615195 444711599 444736778
[44.778s][debug  ][gc,heap        ] GC(163) Heap before GC invocations=164 (full 26):
[44.778s][debug  ][gc,heap        ] GC(163)  PSYoungGen      total 230912K, used 229133K [0x00000000f0000000, 0x0000000100000000, 0x0000000100000000)
[44.778s][debug  ][gc,heap        ] GC(163)   eden space 199680K, 99% used [0x00000000f0000000,0x00000000fc1c36a8,0x00000000fc300000)
[44.778s][debug  ][gc,heap        ] GC(163)   from space 31232K, 98% used [0x00000000fc300000,0x00000000fe100030,0x00000000fe180000)
[44.778s][debug  ][gc,heap        ] GC(163)   to   space 31232K, 0% used [0x00000000fe180000,0x00000000fe180000,0x0000000100000000)
[44.778s][debug  ][gc,heap        ] GC(163)  ParOldGen       total 1835008K, used 1035876K [0x0000000080000000, 0x00000000f0000000, 0x00000000f0000000)
[44.778s][debug  ][gc,heap        ] GC(163)   object space 1835008K, 56% used [0x0000000080000000,0x00000000bf3991d0,0x00000000f0000000)
[44.778s][debug  ][gc,heap        ] GC(163)  Metaspace       used 1024K, committed 1216K, reserved 1056768K
[44.778s][debug  ][gc,heap        ] GC(163)   class space    used 83K, committed 192K, reserved 1048576K
[44.778s][debug  ][gc,tlab        ] GC(163) TLAB totals: thrds: 1  refills: 1 max: 1 slow allocs: 18 max 18 waste: 27.3% gc: 3945848B max: 3945848B slow: 0B max: 0B
[44.778s][info   ][gc,start       ] GC(163) Pause Young (Allocation Failure)
[44.778s][debug  ][gc,phases,start] GC(163) Scavenge
[44.794s][debug  ][gc,phases      ] GC(163) Scavenge 15.768ms
[44.794s][debug  ][gc,phases,start] GC(163) Reference Processing
[44.794s][debug  ][gc,ref         ] GC(163) Skipped phase 1 of Reference Processing: no references
[44.794s][debug  ][gc,ref         ] GC(163) Skipped phase 2 of Reference Processing: no references
[44.794s][debug  ][gc,ref         ] GC(163) Skipped phase 3 of Reference Processing: no references
[44.794s][debug  ][gc,ref         ] GC(163) Skipped phase 4 of Reference Processing: no references
[44.794s][debug  ][gc,phases,ref  ] GC(163) Reference Processing: 0.1ms
[44.794s][debug  ][gc,phases,ref  ] GC(163)   Reconsider SoftReferences: 0.0ms
[44.794s][debug  ][gc,phases,ref  ] GC(163)     SoftRef (ms):                  skipped
[44.794s][debug  ][gc,phases,ref  ] GC(163)   Notify Soft/WeakReferences: 0.0ms
[44.794s][debug  ][gc,phases,ref  ] GC(163)     SoftRef (ms):                  skipped
[44.794s][debug  ][gc,phases,ref  ] GC(163)     WeakRef (ms):                  skipped
[44.794s][debug  ][gc,phases,ref  ] GC(163)     FinalRef (ms):                 skipped
[44.794s][debug  ][gc,phases,ref  ] GC(163)     Total (ms):                    skipped
[44.794s][debug  ][gc,phases,ref  ] GC(163)   Notify and keep alive finalizable: 0.0ms
[44.794s][debug  ][gc,phases,ref  ] GC(163)     FinalRef (ms):                 skipped
[44.794s][debug  ][gc,phases,ref  ] GC(163)   Notify PhantomReferences: 0.0ms
[44.794s][debug  ][gc,phases,ref  ] GC(163)     PhantomRef (ms):               skipped
[44.795s][debug  ][gc,phases,ref  ] GC(163)   SoftReference:
[44.795s][debug  ][gc,phases,ref  ] GC(163)     Discovered: 0
[44.795s][debug  ][gc,phases,ref  ] GC(163)     Cleared: 0
[44.795s][debug  ][gc,phases,ref  ] GC(163)   WeakReference:
[44.795s][debug  ][gc,phases,ref  ] GC(163)     Discovered: 0
[44.795s][debug  ][gc,phases,ref  ] GC(163)     Cleared: 0
[44.795s][debug  ][gc,phases,ref  ] GC(163)   FinalReference:
[44.795s][debug  ][gc,phases,ref  ] GC(163)     Discovered: 0
[44.795s][debug  ][gc,phases,ref  ] GC(163)     Cleared: 0
[44.795s][debug  ][gc,phases,ref  ] GC(163)   PhantomReference:
[44.795s][debug  ][gc,phases,ref  ] GC(163)     Discovered: 0
[44.795s][debug  ][gc,phases,ref  ] GC(163)     Cleared: 0
[44.795s][debug  ][gc,phases      ] GC(163) Reference Processing 0.929ms
[44.795s][debug  ][gc,phases,start] GC(163) Weak Processing
[44.795s][debug  ][gc,phases      ] GC(163)   VM Weak                        Min:  0.0, Avg:  0.0, Max:  0.0, Diff:  0.0, Sum:  0.0, Workers: 6
[44.795s][debug  ][gc,phases      ] GC(163)     Dead                           Min: 0, Avg:  0.0, Max: 0, Diff: 0, Sum: 0, Workers: 6
[44.795s][debug  ][gc,phases      ] GC(163)     Total                          Min: 0, Avg:  1.3, Max: 8, Diff: 8, Sum: 8, Workers: 6
[44.795s][debug  ][gc,phases      ] GC(163)   ObjectSynchronizer Weak        Min:  0.0, Avg:  0.0, Max:  0.0, Diff:  0.0, Sum:  0.0, Workers: 6
[44.795s][debug  ][gc,phases      ] GC(163)     Dead                           Min: 0, Avg:  0.0, Max: 0, Diff: 0, Sum: 0, Workers: 6
[44.795s][debug  ][gc,phases      ] GC(163)     Total                          Min: 0, Avg:  0.5, Max: 3, Diff: 3, Sum: 3, Workers: 6
[44.795s][debug  ][gc,phases      ] GC(163)   JVMTI Tag Weak OopStorage      Min:  0.0, Avg:  0.0, Max:  0.0, Diff:  0.0, Sum:  0.0, Workers: 6
[44.795s][debug  ][gc,phases      ] GC(163)     Dead                           Min: 0, Avg:  0.0, Max: 0, Diff: 0, Sum: 0, Workers: 6
[44.795s][debug  ][gc,phases      ] GC(163)     Total                          Min: 0, Avg:  0.0, Max: 0, Diff: 0, Sum: 0, Workers: 6
[44.795s][debug  ][gc,phases      ] GC(163)   StringTable Weak               Min:  0.0, Avg:  0.0, Max:  0.0, Diff:  0.0, Sum:  0.0, Workers: 6
[44.795s][debug  ][gc,phases      ] GC(163)     Dead                           Min: 0, Avg:  0.0, Max: 0, Diff: 0, Sum: 0, Workers: 6
[44.795s][debug  ][gc,phases      ] GC(163)     Total                          Min: 768, Avg: 892.2, Max: 1024, Diff: 256, Sum: 5353, Workers: 6
[44.795s][debug  ][gc,phases      ] GC(163)   ResolvedMethodTable Weak       Min:  0.0, Avg:  0.0, Max:  0.0, Diff:  0.0, Sum:  0.0, Workers: 6
[44.795s][debug  ][gc,phases      ] GC(163)     Dead                           Min: 0, Avg:  0.0, Max: 0, Diff: 0, Sum: 0, Workers: 6
[44.795s][debug  ][gc,phases      ] GC(163)     Total                          Min: 0, Avg: 21.7, Max: 64, Diff: 64, Sum: 130, Workers: 6
[44.795s][debug  ][gc,phases      ] GC(163)   JNI Weak                       Min:  0.0, Avg:  0.0, Max:  0.0, Diff:  0.0, Sum:  0.0, Workers: 6
[44.795s][debug  ][gc,phases      ] GC(163)     Dead                           Min: 0, Avg:  0.0, Max: 0, Diff: 0, Sum: 0, Workers: 6
[44.796s][debug  ][gc,phases      ] GC(163)     Total                          Min: 0, Avg:  0.0, Max: 0, Diff: 0, Sum: 0, Workers: 6
[44.796s][debug  ][gc,phases      ] GC(163)   StringDedup Table Weak         Min:  0.0, Avg:  0.0, Max:  0.0, Diff:  0.0, Sum:  0.0, Workers: 6
[44.796s][debug  ][gc,phases      ] GC(163)     Dead                           Min: 0, Avg:  0.0, Max: 0, Diff: 0, Sum: 0, Workers: 6
[44.796s][debug  ][gc,phases      ] GC(163)     Total                          Min: 0, Avg:  0.0, Max: 0, Diff: 0, Sum: 0, Workers: 6
[44.796s][debug  ][gc,phases      ] GC(163)   StringDedup Requests0 Weak     Min:  0.0, Avg:  0.0, Max:  0.0, Diff:  0.0, Sum:  0.0, Workers: 6
[44.796s][debug  ][gc,phases      ] GC(163)     Dead                           Min: 0, Avg:  0.0, Max: 0, Diff: 0, Sum: 0, Workers: 6
[44.796s][debug  ][gc,phases      ] GC(163)     Total                          Min: 0, Avg:  0.0, Max: 0, Diff: 0, Sum: 0, Workers: 6
[44.796s][debug  ][gc,phases      ] GC(163)   StringDedup Requests1 Weak     Min:  0.0, Avg:  0.0, Max:  0.0, Diff:  0.0, Sum:  0.0, Workers: 6
[44.796s][debug  ][gc,phases      ] GC(163)     Dead                           Min: 0, Avg:  0.0, Max: 0, Diff: 0, Sum: 0, Workers: 6
[44.796s][debug  ][gc,phases      ] GC(163)     Total                          Min: 0, Avg:  0.0, Max: 0, Diff: 0, Sum: 0, Workers: 6
[44.796s][debug  ][gc,phases      ] GC(163)   Weak JFR Old Object Samples    Min:  0.0, Avg:  0.0, Max:  0.0, Diff:  0.0, Sum:  0.0, Workers: 6
[44.796s][debug  ][gc,phases      ] GC(163)     Dead                           Min: 0, Avg:  0.0, Max: 0, Diff: 0, Sum: 0, Workers: 6
[44.796s][debug  ][gc,phases      ] GC(163)     Total                          Min: 0, Avg:  0.0, Max: 0, Diff: 0, Sum: 0, Workers: 6
[44.796s][debug  ][gc,phases      ] GC(163) Weak Processing 0.767ms
[44.796s][debug  ][gc,ergo        ] GC(163) AdaptiveSizeStart:  collection: 164 
[44.796s][debug  ][gc,ergo        ] GC(163) avg_survived_padded_avg: 31561308.000000
[44.796s][debug  ][gc,ergo        ] GC(163) avg_promoted_padded_avg: 268649824.000000  avg_pretenured_padded_avg: 0.000000  tenuring_thresh: 15  target_size: 31981568
[44.796s][debug  ][gc,age         ] GC(163) Desired survivor size 31981568 bytes, new threshold 15 (max threshold 15)
[44.796s][debug  ][gc,ergo        ] GC(163) PSAdaptiveSizePolicy::compute_eden_space_size limits: desired_eden_size: 223512860 old_eden_size: 204472320 eden_limit: 204472320 cur_eden: 204472320 max_eden_size: 204472320 avg_young_live: 26659470
[44.796s][debug  ][gc,ergo        ] GC(163) PSAdaptiveSizePolicy::compute_eden_space_size: costs minor_time: 0.046871 major_cost: 0.053796 mutator_cost: 0.899333 throughput_goal: 0.990000
[44.796s][debug  ][gc,ergo        ] GC(163) Live_space: 1078676736 free_space: 1423966208
[44.796s][debug  ][gc,ergo        ] GC(163) Old eden_size: 204472320 desired_eden_size: 204472320
[44.796s][debug  ][gc,ergo        ] GC(163) AdaptiveSizeStop: collection: 164 
[44.796s][info   ][gc,heap        ] GC(163) PSYoungGen: 229133K(230912K)->30720K(230912K) Eden: 198413K(199680K)->0K(199680K) From: 30720K(31232K)->30720K(31232K)
[44.796s][info   ][gc,heap        ] GC(163) ParOldGen: 1035876K(1835008K)->1230436K(1835008K)
[44.796s][info   ][gc,metaspace   ] GC(163) Metaspace: 1024K(1216K)->1024K(1216K) NonClass: 941K(1024K)->941K(1024K) Class: 83K(192K)->83K(192K)
[44.796s][info   ][gc             ] GC(163) Pause Young (Allocation Failure) 1235M->1231M(2017M) 17.941ms
[44.796s][info   ][gc,cpu         ] GC(163) User=0.16s Sys=0.00s Real=0.02s
[44.796s][debug  ][gc,heap        ] GC(163) Heap after GC invocations=164 (full 26):
[44.796s][debug  ][gc,heap        ] GC(163)  PSYoungGen      total 230912K, used 30720K [0x00000000f0000000, 0x0000000100000000, 0x0000000100000000)
[44.796s][debug  ][gc,heap        ] GC(163)   eden space 199680K, 0% used [0x00000000f0000000,0x00000000f0000000,0x00000000fc300000)
[44.796s][debug  ][gc,heap        ] GC(163)   from space 31232K, 98% used [0x00000000fe180000,0x00000000fff80030,0x0000000100000000)
[44.796s][debug  ][gc,heap        ] GC(163)   to   space 31232K, 0% used [0x00000000fc300000,0x00000000fc300000,0x00000000fe180000)
[44.796s][debug  ][gc,heap        ] GC(163)  ParOldGen       total 1835008K, used 1230436K [0x0000000080000000, 0x00000000f0000000, 0x00000000f0000000)
[44.796s][debug  ][gc,heap        ] GC(163)   object space 1835008K, 67% used [0x0000000080000000,0x00000000cb199300,0x00000000f0000000)
[44.796s][debug  ][gc,heap        ] GC(163)  Metaspace       used 1024K, committed 1216K, reserved 1056768K
[44.796s][debug  ][gc,heap        ] GC(163)   class space    used 83K, committed 192K, reserved 1048576K
[44.796s][debug  ][gc,task,time   ] GC(163) VM-Thread 447777154 447940764 447963763
[45.093s][debug  ][gc,heap        ] GC(164) Heap before GC invocations=165 (full 26):
[45.094s][debug  ][gc,heap        ] GC(164)  PSYoungGen      total 230912K, used 229155K [0x00000000f0000000, 0x0000000100000000, 0x0000000100000000)
[45.094s][debug  ][gc,heap        ] GC(164)   eden space 199680K, 99% used [0x00000000f0000000,0x00000000fc1c8e70,0x00000000fc300000)
[45.094s][debug  ][gc,heap        ] GC(164)   from space 31232K, 98% used [0x00000000fe180000,0x00000000fff80030,0x0000000100000000)
[45.094s][debug  ][gc,heap        ] GC(164)   to   space 31232K, 0% used [0x00000000fc300000,0x00000000fc300000,0x00000000fe180000)
[45.094s][debug  ][gc,heap        ] GC(164)  ParOldGen       total 1835008K, used 1230436K [0x0000000080000000, 0x00000000f0000000, 0x00000000f0000000)
[45.094s][debug  ][gc,heap        ] GC(164)   object space 1835008K, 67% used [0x0000000080000000,0x00000000cb199300,0x00000000f0000000)
[45.094s][debug  ][gc,heap        ] GC(164)  Metaspace       used 1024K, committed 1216K, reserved 1056768K
[45.094s][debug  ][gc,heap        ] GC(164)   class space    used 83K, committed 192K, reserved 1048576K
[45.094s][debug  ][gc,tlab        ] GC(164) TLAB totals: thrds: 1  refills: 1 max: 1 slow allocs: 18 max 18 waste: 27.5% gc: 3968320B max: 3968320B slow: 0B max: 0B
[45.094s][info   ][gc,start       ] GC(164) Pause Young (Allocation Failure)
[45.094s][debug  ][gc,phases,start] GC(164) Scavenge
[45.109s][debug  ][gc,phases      ] GC(164) Scavenge 15.399ms
[45.109s][debug  ][gc,phases,start] GC(164) Reference Processing
[45.109s][debug  ][gc,ref         ] GC(164) Skipped phase 1 of Reference Processing: no references
[45.109s][debug  ][gc,ref         ] GC(164) Skipped phase 2 of Reference Processing: no references
[45.110s][debug  ][gc,ref         ] GC(164) Skipped phase 3 of Reference Processing: no references
[45.110s][debug  ][gc,ref         ] GC(164) Skipped phase 4 of Reference Processing: no references
[45.110s][debug  ][gc,phases,ref  ] GC(164) Reference Processing: 0.1ms
[45.110s][debug  ][gc,phases,ref  ] GC(164)   Reconsider SoftReferences: 0.0ms
[45.110s][debug  ][gc,phases,ref  ] GC(164)     SoftRef (ms):                  skipped
[45.110s][debug  ][gc,phases,ref  ] GC(164)   Notify Soft/WeakReferences: 0.0ms
[45.110s][debug  ][gc,phases,ref  ] GC(164)     SoftRef (ms):                  skipped
[45.110s][debug  ][gc,phases,ref  ] GC(164)     WeakRef (ms):                  skipped
[45.110s][debug  ][gc,phases,ref  ] GC(164)     FinalRef (ms):                 skipped
[45.110s][debug  ][gc,phases,ref  ] GC(164)     Total (ms):                    skipped
[45.110s][debug  ][gc,phases,ref  ] GC(164)   Notify and keep alive finalizable: 0.0ms
[45.110s][debug  ][gc,phases,ref  ] GC(164)     FinalRef (ms):                 skipped
[45.110s][debug  ][gc,phases,ref  ] GC(164)   Notify PhantomReferences: 0.0ms
[45.110s][debug  ][gc,phases,ref  ] GC(164)     PhantomRef (ms):               skipped
[45.110s][debug  ][gc,phases,ref  ] GC(164)   SoftReference:
[45.110s][debug  ][gc,phases,ref  ] GC(164)     Discovered: 0
[45.110s][debug  ][gc,phases,ref  ] GC(164)     Cleared: 0
[45.110s][debug  ][gc,phases,ref  ] GC(164)   WeakReference:
[45.110s][debug  ][gc,phases,ref  ] GC(164)     Discovered: 0
[45.110s][debug  ][gc,phases,ref  ] GC(164)     Cleared: 0
[45.110s][debug  ][gc,phases,ref  ] GC(164)   FinalReference:
[45.110s][debug  ][gc,phases,ref  ] GC(164)     Discovered: 0
[45.110s][debug  ][gc,phases,ref  ] GC(164)     Cleared: 0
[45.110s][debug  ][gc,phases,ref  ] GC(164)   PhantomReference:
[45.110s][debug  ][gc,phases,ref  ] GC(164)     Discovered: 0
[45.110s][debug  ][gc,phases,ref  ] GC(164)     Cleared: 0
[45.110s][debug  ][gc,phases      ] GC(164) Reference Processing 0.673ms
[45.110s][debug  ][gc,phases,start] GC(164) Weak Processing
[45.110s][debug  ][gc,phases      ] GC(164)   VM Weak                        Min:  0.0, Avg:  0.0, Max:  0.0, Diff:  0.0, Sum:  0.0, Workers: 6
[45.110s][debug  ][gc,phases      ] GC(164)     Dead                           Min: 0, Avg:  0.0, Max: 0, Diff: 0, Sum: 0, Workers: 6
[45.110s][debug  ][gc,phases      ] GC(164)     Total                          Min: 0, Avg:  1.3, Max: 8, Diff: 8, Sum: 8, Workers: 6
[45.110s][debug  ][gc,phases      ] GC(164)   ObjectSynchronizer Weak        Min:  0.0, Avg:  0.0, Max:  0.0, Diff:  0.0, Sum:  0.0, Workers: 6
[45.110s][debug  ][gc,phases      ] GC(164)     Dead                           Min: 0, Avg:  0.0, Max: 0, Diff: 0, Sum: 0, Workers: 6
[45.110s][debug  ][gc,phases      ] GC(164)     Total                          Min: 0, Avg:  0.5, Max: 3, Diff: 3, Sum: 3, Workers: 6
[45.110s][debug  ][gc,phases      ] GC(164)   JVMTI Tag Weak OopStorage      Min:  0.0, Avg:  0.0, Max:  0.0, Diff:  0.0, Sum:  0.0, Workers: 6
[45.110s][debug  ][gc,phases      ] GC(164)     Dead                           Min: 0, Avg:  0.0, Max: 0, Diff: 0, Sum: 0, Workers: 6
[45.110s][debug  ][gc,phases      ] GC(164)     Total                          Min: 0, Avg:  0.0, Max: 0, Diff: 0, Sum: 0, Workers: 6
[45.110s][debug  ][gc,phases      ] GC(164)   StringTable Weak               Min:  0.0, Avg:  0.0, Max:  0.0, Diff:  0.0, Sum:  0.0, Workers: 6
[45.110s][debug  ][gc,phases      ] GC(164)     Dead                           Min: 0, Avg:  0.0, Max: 0, Diff: 0, Sum: 0, Workers: 6
[45.110s][debug  ][gc,phases      ] GC(164)     Total                          Min: 704, Avg: 892.2, Max: 1024, Diff: 320, Sum: 5353, Workers: 6
[45.110s][debug  ][gc,phases      ] GC(164)   ResolvedMethodTable Weak       Min:  0.0, Avg:  0.0, Max:  0.0, Diff:  0.0, Sum:  0.0, Workers: 6
[45.110s][debug  ][gc,phases      ] GC(164)     Dead                           Min: 0, Avg:  0.0, Max: 0, Diff: 0, Sum: 0, Workers: 6
[45.111s][debug  ][gc,phases      ] GC(164)     Total                          Min: 0, Avg: 21.7, Max: 64, Diff: 64, Sum: 130, Workers: 6
[45.111s][debug  ][gc,phases      ] GC(164)   JNI Weak                       Min:  0.0, Avg:  0.0, Max:  0.0, Diff:  0.0, Sum:  0.0, Workers: 6
[45.111s][debug  ][gc,phases      ] GC(164)     Dead                           Min: 0, Avg:  0.0, Max: 0, Diff: 0, Sum: 0, Workers: 6
[45.111s][debug  ][gc,phases      ] GC(164)     Total                          Min: 0, Avg:  0.0, Max: 0, Diff: 0, Sum: 0, Workers: 6
[45.111s][debug  ][gc,phases      ] GC(164)   StringDedup Table Weak         Min:  0.0, Avg:  0.0, Max:  0.0, Diff:  0.0, Sum:  0.0, Workers: 6
[45.111s][debug  ][gc,phases      ] GC(164)     Dead                           Min: 0, Avg:  0.0, Max: 0, Diff: 0, Sum: 0, Workers: 6
[45.111s][debug  ][gc,phases      ] GC(164)     Total                          Min: 0, Avg:  0.0, Max: 0, Diff: 0, Sum: 0, Workers: 6
[45.111s][debug  ][gc,phases      ] GC(164)   StringDedup Requests0 Weak     Min:  0.0, Avg:  0.0, Max:  0.0, Diff:  0.0, Sum:  0.0, Workers: 6
[45.111s][debug  ][gc,phases      ] GC(164)     Dead                           Min: 0, Avg:  0.0, Max: 0, Diff: 0, Sum: 0, Workers: 6
[45.111s][debug  ][gc,phases      ] GC(164)     Total                          Min: 0, Avg:  0.0, Max: 0, Diff: 0, Sum: 0, Workers: 6
[45.111s][debug  ][gc,phases      ] GC(164)   StringDedup Requests1 Weak     Min:  0.0, Avg:  0.0, Max:  0.0, Diff:  0.0, Sum:  0.0, Workers: 6
[45.111s][debug  ][gc,phases      ] GC(164)     Dead                           Min: 0, Avg:  0.0, Max: 0, Diff: 0, Sum: 0, Workers: 6
[45.111s][debug  ][gc,phases      ] GC(164)     Total                          Min: 0, Avg:  0.0, Max: 0, Diff: 0, Sum: 0, Workers: 6
[45.111s][debug  ][gc,phases      ] GC(164)   Weak JFR Old Object Samples    Min:  0.0, Avg:  0.0, Max:  0.0, Diff:  0.0, Sum:  0.0, Workers: 6
[45.111s][debug  ][gc,phases      ] GC(164)     Dead                           Min: 0, Avg:  0.0, Max: 0, Diff: 0, Sum: 0, Workers: 6
[45.111s][debug  ][gc,phases      ] GC(164)     Total                          Min: 0, Avg:  0.0, Max: 0, Diff: 0, Sum: 0, Workers: 6
[45.111s][debug  ][gc,phases      ] GC(164) Weak Processing 0.727ms
[45.111s][debug  ][gc,ergo        ] GC(164) AdaptiveSizeStart:  collection: 165 
[45.111s][debug  ][gc,ergo        ] GC(164) avg_survived_padded_avg: 31552278.000000
[45.111s][debug  ][gc,ergo        ] GC(164) avg_promoted_padded_avg: 268946752.000000  avg_pretenured_padded_avg: 0.000000  tenuring_thresh: 15  target_size: 31981568
[45.111s][debug  ][gc,age         ] GC(164) Desired survivor size 31981568 bytes, new threshold 15 (max threshold 15)
[45.111s][debug  ][gc,ergo        ] GC(164) PSAdaptiveSizePolicy::compute_eden_space_size limits: desired_eden_size: 223877322 old_eden_size: 204472320 eden_limit: 204472320 cur_eden: 204472320 max_eden_size: 204472320 avg_young_live: 27139256
[45.111s][debug  ][gc,ergo        ] GC(164) PSAdaptiveSizePolicy::compute_eden_space_size: costs minor_time: 0.048578 major_cost: 0.053796 mutator_cost: 0.897626 throughput_goal: 0.990000
[45.111s][debug  ][gc,ergo        ] GC(164) Live_space: 1079156608 free_space: 1423966208
[45.111s][debug  ][gc,ergo        ] GC(164) Old eden_size: 204472320 desired_eden_size: 204472320
[45.111s][debug  ][gc,ergo        ] GC(164) AdaptiveSizeStop: collection: 165 
[45.111s][info   ][gc,heap        ] GC(164) PSYoungGen: 229155K(230912K)->30720K(230912K) Eden: 198435K(199680K)->0K(199680K) From: 30720K(31232K)->30720K(31232K)
[45.111s][info   ][gc,heap        ] GC(164) ParOldGen: 1230436K(1835008K)->1424997K(1835008K)
[45.111s][info   ][gc,metaspace   ] GC(164) Metaspace: 1024K(1216K)->1024K(1216K) NonClass: 941K(1024K)->941K(1024K) Class: 83K(192K)->83K(192K)
[45.111s][info   ][gc             ] GC(164) Pause Young (Allocation Failure) 1425M->1421M(2017M) 17.263ms
[45.111s][info   ][gc,cpu         ] GC(164) User=0.16s Sys=0.00s Real=0.02s
[45.111s][debug  ][gc,heap        ] GC(164) Heap after GC invocations=165 (full 26):
[45.111s][debug  ][gc,heap        ] GC(164)  PSYoungGen      total 230912K, used 30720K [0x00000000f0000000, 0x0000000100000000, 0x0000000100000000)
[45.111s][debug  ][gc,heap        ] GC(164)   eden space 199680K, 0% used [0x00000000f0000000,0x00000000f0000000,0x00000000fc300000)
[45.111s][debug  ][gc,heap        ] GC(164)   from space 31232K, 98% used [0x00000000fc300000,0x00000000fe100030,0x00000000fe180000)
[45.111s][debug  ][gc,heap        ] GC(164)   to   space 31232K, 0% used [0x00000000fe180000,0x00000000fe180000,0x0000000100000000)
[45.111s][debug  ][gc,heap        ] GC(164)  ParOldGen       total 1835008K, used 1424997K [0x0000000080000000, 0x00000000f0000000, 0x00000000f0000000)
[45.111s][debug  ][gc,heap        ] GC(164)   object space 1835008K, 77% used [0x0000000080000000,0x00000000d6f99430,0x00000000f0000000)
[45.111s][debug  ][gc,heap        ] GC(164)  Metaspace       used 1024K, committed 1216K, reserved 1056768K
[45.111s][debug  ][gc,heap        ] GC(164)   class space    used 83K, committed 192K, reserved 1048576K
[45.111s][debug  ][gc,task,time   ] GC(164) VM-Thread 450934202 451094314 451114309
[45.411s][debug  ][gc,heap        ] GC(165) Heap before GC invocations=166 (full 26):
[45.411s][debug  ][gc,heap        ] GC(165)  PSYoungGen      total 230912K, used 229169K [0x00000000f0000000, 0x0000000100000000, 0x0000000100000000)
[45.411s][debug  ][gc,heap        ] GC(165)   eden space 199680K, 99% used [0x00000000f0000000,0x00000000fc1cc6d8,0x00000000fc300000)
[45.411s][debug  ][gc,heap        ] GC(165)   from space 31232K, 98% used [0x00000000fc300000,0x00000000fe100030,0x00000000fe180000)
[45.411s][debug  ][gc,heap        ] GC(165)   to   space 31232K, 0% used [0x00000000fe180000,0x00000000fe180000,0x0000000100000000)
[45.411s][debug  ][gc,heap        ] GC(165)  ParOldGen       total 1835008K, used 1424997K [0x0000000080000000, 0x00000000f0000000, 0x00000000f0000000)
[45.411s][debug  ][gc,heap        ] GC(165)   object space 1835008K, 77% used [0x0000000080000000,0x00000000d6f99430,0x00000000f0000000)
[45.411s][debug  ][gc,heap        ] GC(165)  Metaspace       used 1024K, committed 1216K, reserved 1056768K
[45.411s][debug  ][gc,heap        ] GC(165)   class space    used 83K, committed 192K, reserved 1048576K
[45.411s][debug  ][gc,tlab        ] GC(165) TLAB totals: thrds: 1  refills: 1 max: 1 slow allocs: 18 max 18 waste: 27.5% gc: 3982760B max: 3982760B slow: 0B max: 0B
[45.411s][info   ][gc,start       ] GC(165) Pause Young (Allocation Failure)
[45.411s][debug  ][gc,phases,start] GC(165) Scavenge
[45.427s][debug  ][gc,phases      ] GC(165) Scavenge 15.622ms
[45.427s][debug  ][gc,phases,start] GC(165) Reference Processing
[45.427s][debug  ][gc,ref         ] GC(165) Skipped phase 1 of Reference Processing: no references
[45.427s][debug  ][gc,ref         ] GC(165) Skipped phase 2 of Reference Processing: no references
[45.427s][debug  ][gc,ref         ] GC(165) Skipped phase 3 of Reference Processing: no references
[45.427s][debug  ][gc,ref         ] GC(165) Skipped phase 4 of Reference Processing: no references
[45.427s][debug  ][gc,phases,ref  ] GC(165) Reference Processing: 0.1ms
[45.427s][debug  ][gc,phases,ref  ] GC(165)   Reconsider SoftReferences: 0.0ms
[45.427s][debug  ][gc,phases,ref  ] GC(165)     SoftRef (ms):                  skipped
[45.427s][debug  ][gc,phases,ref  ] GC(165)   Notify Soft/WeakReferences: 0.0ms
[45.427s][debug  ][gc,phases,ref  ] GC(165)     SoftRef (ms):                  skipped
[45.427s][debug  ][gc,phases,ref  ] GC(165)     WeakRef (ms):                  skipped
[45.427s][debug  ][gc,phases,ref  ] GC(165)     FinalRef (ms):                 skipped
[45.427s][debug  ][gc,phases,ref  ] GC(165)     Total (ms):                    skipped
[45.427s][debug  ][gc,phases,ref  ] GC(165)   Notify and keep alive finalizable: 0.0ms
[45.427s][debug  ][gc,phases,ref  ] GC(165)     FinalRef (ms):                 skipped
[45.427s][debug  ][gc,phases,ref  ] GC(165)   Notify PhantomReferences: 0.0ms
[45.427s][debug  ][gc,phases,ref  ] GC(165)     PhantomRef (ms):               skipped
[45.427s][debug  ][gc,phases,ref  ] GC(165)   SoftReference:
[45.427s][debug  ][gc,phases,ref  ] GC(165)     Discovered: 0
[45.427s][debug  ][gc,phases,ref  ] GC(165)     Cleared: 0
[45.427s][debug  ][gc,phases,ref  ] GC(165)   WeakReference:
[45.427s][debug  ][gc,phases,ref  ] GC(165)     Discovered: 0
[45.427s][debug  ][gc,phases,ref  ] GC(165)     Cleared: 0
[45.427s][debug  ][gc,phases,ref  ] GC(165)   FinalReference:
[45.427s][debug  ][gc,phases,ref  ] GC(165)     Discovered: 0
[45.427s][debug  ][gc,phases,ref  ] GC(165)     Cleared: 0
[45.427s][debug  ][gc,phases,ref  ] GC(165)   PhantomReference:
[45.427s][debug  ][gc,phases,ref  ] GC(165)     Discovered: 0
[45.427s][debug  ][gc,phases,ref  ] GC(165)     Cleared: 0
[45.428s][debug  ][gc,phases      ] GC(165) Reference Processing 0.717ms
[45.428s][debug  ][gc,phases,start] GC(165) Weak Processing
[45.428s][debug  ][gc,phases      ] GC(165)   VM Weak                        Min:  0.0, Avg:  0.0, Max:  0.0, Diff:  0.0, Sum:  0.0, Workers: 6
[45.428s][debug  ][gc,phases      ] GC(165)     Dead                           Min: 0, Avg:  0.0, Max: 0, Diff: 0, Sum: 0, Workers: 6
[45.428s][debug  ][gc,phases      ] GC(165)     Total                          Min: 0, Avg:  1.3, Max: 8, Diff: 8, Sum: 8, Workers: 6
[45.428s][debug  ][gc,phases      ] GC(165)   ObjectSynchronizer Weak        Min:  0.0, Avg:  0.0, Max:  0.0, Diff:  0.0, Sum:  0.0, Workers: 6
[45.428s][debug  ][gc,phases      ] GC(165)     Dead                           Min: 0, Avg:  0.0, Max: 0, Diff: 0, Sum: 0, Workers: 6
[45.428s][debug  ][gc,phases      ] GC(165)     Total                          Min: 0, Avg:  0.5, Max: 3, Diff: 3, Sum: 3, Workers: 6
[45.428s][debug  ][gc,phases      ] GC(165)   JVMTI Tag Weak OopStorage      Min:  0.0, Avg:  0.0, Max:  0.0, Diff:  0.0, Sum:  0.0, Workers: 6
[45.428s][debug  ][gc,phases      ] GC(165)     Dead                           Min: 0, Avg:  0.0, Max: 0, Diff: 0, Sum: 0, Workers: 6
[45.428s][debug  ][gc,phases      ] GC(165)     Total                          Min: 0, Avg:  0.0, Max: 0, Diff: 0, Sum: 0, Workers: 6
[45.428s][debug  ][gc,phases      ] GC(165)   StringTable Weak               Min:  0.0, Avg:  0.0, Max:  0.0, Diff:  0.0, Sum:  0.0, Workers: 6
[45.428s][debug  ][gc,phases      ] GC(165)     Dead                           Min: 0, Avg:  0.0, Max: 0, Diff: 0, Sum: 0, Workers: 6
[45.428s][debug  ][gc,phases      ] GC(165)     Total                          Min: 704, Avg: 892.2, Max: 1024, Diff: 320, Sum: 5353, Workers: 6
[45.428s][debug  ][gc,phases      ] GC(165)   ResolvedMethodTable Weak       Min:  0.0, Avg:  0.0, Max:  0.0, Diff:  0.0, Sum:  0.0, Workers: 6
[45.428s][debug  ][gc,phases      ] GC(165)     Dead                           Min: 0, Avg:  0.0, Max: 0, Diff: 0, Sum: 0, Workers: 6
[45.428s][debug  ][gc,phases      ] GC(165)     Total                          Min: 0, Avg: 21.7, Max: 64, Diff: 64, Sum: 130, Workers: 6
[45.428s][debug  ][gc,phases      ] GC(165)   JNI Weak                       Min:  0.0, Avg:  0.0, Max:  0.0, Diff:  0.0, Sum:  0.0, Workers: 6
[45.428s][debug  ][gc,phases      ] GC(165)     Dead                           Min: 0, Avg:  0.0, Max: 0, Diff: 0, Sum: 0, Workers: 6
[45.428s][debug  ][gc,phases      ] GC(165)     Total                          Min: 0, Avg:  0.0, Max: 0, Diff: 0, Sum: 0, Workers: 6
[45.428s][debug  ][gc,phases      ] GC(165)   StringDedup Table Weak         Min:  0.0, Avg:  0.0, Max:  0.0, Diff:  0.0, Sum:  0.0, Workers: 6
[45.428s][debug  ][gc,phases      ] GC(165)     Dead                           Min: 0, Avg:  0.0, Max: 0, Diff: 0, Sum: 0, Workers: 6
[45.428s][debug  ][gc,phases      ] GC(165)     Total                          Min: 0, Avg:  0.0, Max: 0, Diff: 0, Sum: 0, Workers: 6
[45.428s][debug  ][gc,phases      ] GC(165)   StringDedup Requests0 Weak     Min:  0.0, Avg:  0.0, Max:  0.0, Diff:  0.0, Sum:  0.0, Workers: 6
[45.428s][debug  ][gc,phases      ] GC(165)     Dead                           Min: 0, Avg:  0.0, Max: 0, Diff: 0, Sum: 0, Workers: 6
[45.428s][debug  ][gc,phases      ] GC(165)     Total                          Min: 0, Avg:  0.0, Max: 0, Diff: 0, Sum: 0, Workers: 6
[45.428s][debug  ][gc,phases      ] GC(165)   StringDedup Requests1 Weak     Min:  0.0, Avg:  0.0, Max:  0.0, Diff:  0.0, Sum:  0.0, Workers: 6
[45.428s][debug  ][gc,phases      ] GC(165)     Dead                           Min: 0, Avg:  0.0, Max: 0, Diff: 0, Sum: 0, Workers: 6
[45.428s][debug  ][gc,phases      ] GC(165)     Total                          Min: 0, Avg:  0.0, Max: 0, Diff: 0, Sum: 0, Workers: 6
[45.428s][debug  ][gc,phases      ] GC(165)   Weak JFR Old Object Samples    Min:  0.0, Avg:  0.0, Max:  0.0, Diff:  0.0, Sum:  0.0, Workers: 6
[45.428s][debug  ][gc,phases      ] GC(165)     Dead                           Min: 0, Avg:  0.0, Max: 0, Diff: 0, Sum: 0, Workers: 6
[45.428s][debug  ][gc,phases      ] GC(165)     Total                          Min: 0, Avg:  0.0, Max: 0, Diff: 0, Sum: 0, Workers: 6
[45.428s][debug  ][gc,phases      ] GC(165) Weak Processing 0.943ms
[45.429s][debug  ][gc,ergo        ] GC(165) AdaptiveSizeStart:  collection: 166 
[45.429s][debug  ][gc,ergo        ] GC(165) avg_survived_padded_avg: 31544014.000000
[45.429s][debug  ][gc,ergo        ] GC(165) avg_promoted_padded_avg: 268490112.000000  avg_pretenured_padded_avg: 0.000000  tenuring_thresh: 15  target_size: 31981568
[45.429s][debug  ][gc,age         ] GC(165) Desired survivor size 31981568 bytes, new threshold 15 (max threshold 15)
[45.429s][debug  ][gc,ergo        ] GC(165) PSAdaptiveSizePolicy::compute_eden_space_size limits: desired_eden_size: 224201391 old_eden_size: 204472320 eden_limit: 204472320 cur_eden: 204472320 max_eden_size: 204472320 avg_young_live: 27571064
[45.429s][debug  ][gc,ergo        ] GC(165) PSAdaptiveSizePolicy::compute_eden_space_size: costs minor_time: 0.050145 major_cost: 0.053796 mutator_cost: 0.896059 throughput_goal: 0.990000
[45.429s][debug  ][gc,ergo        ] GC(165) Live_space: 1079588352 free_space: 1423966208
[45.429s][debug  ][gc,ergo        ] GC(165) Old eden_size: 204472320 desired_eden_size: 204472320
[45.429s][debug  ][gc,ergo        ] GC(165) AdaptiveSizeStop: collection: 166 
[45.429s][info   ][gc,heap        ] GC(165) PSYoungGen: 229169K(230912K)->30720K(230912K) Eden: 198449K(199680K)->0K(199680K) From: 30720K(31232K)->30720K(31232K)
[45.429s][info   ][gc,heap        ] GC(165) ParOldGen: 1424997K(1835008K)->1619557K(1835008K)
[45.429s][info   ][gc,metaspace   ] GC(165) Metaspace: 1024K(1216K)->1024K(1216K) NonClass: 941K(1024K)->941K(1024K) Class: 83K(192K)->83K(192K)
[45.429s][info   ][gc             ] GC(165) Pause Young (Allocation Failure) 1615M->1611M(2017M) 17.785ms
[45.429s][info   ][gc,cpu         ] GC(165) User=0.05s Sys=0.00s Real=0.02s
[45.429s][debug  ][gc,heap        ] GC(165) Heap after GC invocations=166 (full 26):
[45.429s][debug  ][gc,heap        ] GC(165)  PSYoungGen      total 230912K, used 30720K [0x00000000f0000000, 0x0000000100000000, 0x0000000100000000)
[45.429s][debug  ][gc,heap        ] GC(165)   eden space 199680K, 0% used [0x00000000f0000000,0x00000000f0000000,0x00000000fc300000)
[45.429s][debug  ][gc,heap        ] GC(165)   from space 31232K, 98% used [0x00000000fe180000,0x00000000fff80030,0x0000000100000000)
[45.429s][debug  ][gc,heap        ] GC(165)   to   space 31232K, 0% used [0x00000000fc300000,0x00000000fc300000,0x00000000fe180000)
[45.429s][debug  ][gc,heap        ] GC(165)  ParOldGen       total 1835008K, used 1619557K [0x0000000080000000, 0x00000000f0000000, 0x00000000f0000000)
[45.429s][debug  ][gc,heap        ] GC(165)   object space 1835008K, 88% used [0x0000000080000000,0x00000000e2d99560,0x00000000f0000000)
[45.429s][debug  ][gc,heap        ] GC(165)  Metaspace       used 1024K, committed 1216K, reserved 1056768K
[45.429s][debug  ][gc,heap        ] GC(165)   class space    used 83K, committed 192K, reserved 1048576K
[45.429s][debug  ][gc,task,time   ] GC(165) VM-Thread 454105755 454268010 454290879
[45.429s][debug  ][gc,phases,start] GC(166) Pre Compact
[45.429s][debug  ][gc,heap        ] GC(166) Heap before GC invocations=167 (full 27):
[45.429s][debug  ][gc,heap        ] GC(166)  PSYoungGen      total 230912K, used 30720K [0x00000000f0000000, 0x0000000100000000, 0x0000000100000000)
[45.429s][debug  ][gc,heap        ] GC(166)   eden space 199680K, 0% used [0x00000000f0000000,0x00000000f0000000,0x00000000fc300000)
[45.429s][debug  ][gc,heap        ] GC(166)   from space 31232K, 98% used [0x00000000fe180000,0x00000000fff80030,0x0000000100000000)
[45.429s][debug  ][gc,heap        ] GC(166)   to   space 31232K, 0% used [0x00000000fc300000,0x00000000fc300000,0x00000000fe180000)
[45.429s][debug  ][gc,heap        ] GC(166)  ParOldGen       total 1835008K, used 1619557K [0x0000000080000000, 0x00000000f0000000, 0x00000000f0000000)
[45.429s][debug  ][gc,heap        ] GC(166)   object space 1835008K, 88% used [0x0000000080000000,0x00000000e2d99560,0x00000000f0000000)
[45.429s][debug  ][gc,heap        ] GC(166)  Metaspace       used 1024K, committed 1216K, reserved 1056768K
[45.429s][debug  ][gc,heap        ] GC(166)   class space    used 83K, committed 192K, reserved 1048576K
[45.429s][debug  ][gc,phases      ] GC(166) Pre Compact 0.223ms
[45.429s][info   ][gc,start       ] GC(166) Pause Full (Ergonomics)
[45.429s][info   ][gc,phases,start] GC(166) Marking Phase
[45.429s][debug  ][gc,phases,start] GC(166) Par Mark
[45.430s][debug  ][gc,phases      ] GC(166) Par Mark 0.524ms
[45.430s][debug  ][gc,phases,start] GC(166) Reference Processing
[45.430s][debug  ][gc,ref         ] GC(166) Skipped phase 1 of Reference Processing: no references
[45.430s][debug  ][gc,ref         ] GC(166) ReferenceProcessor::execute queues: 1, RefProcThreadModel::Single, marks_oops_alive: false
[45.430s][debug  ][gc,ref         ] GC(166) Skipped phase 3 of Reference Processing: no references
[45.430s][debug  ][gc,ref         ] GC(166) ReferenceProcessor::execute queues: 1, RefProcThreadModel::Single, marks_oops_alive: false
[45.430s][debug  ][gc,phases,ref  ] GC(166) Reference Processing: 0.1ms
[45.430s][debug  ][gc,phases,ref  ] GC(166)   Reconsider SoftReferences: 0.0ms
[45.430s][debug  ][gc,phases,ref  ] GC(166)     SoftRef (ms):                  skipped
[45.430s][debug  ][gc,phases,ref  ] GC(166)   Notify Soft/WeakReferences: 0.0ms
[45.430s][debug  ][gc,phases,ref  ] GC(166)     SoftRef (ms):                  Min:  0.0, Avg:  0.0, Max:  0.0, Diff:  0.0, Sum:  0.0, Workers: 10
[45.430s][debug  ][gc,phases,ref  ] GC(166)     WeakRef (ms):                  Min:  0.0, Avg:  0.0, Max:  0.0, Diff:  0.0, Sum:  0.0, Workers: 10
[45.430s][debug  ][gc,phases,ref  ] GC(166)     FinalRef (ms):                 Min:  0.0, Avg:  0.0, Max:  0.0, Diff:  0.0, Sum:  0.0, Workers: 10
[45.430s][debug  ][gc,phases,ref  ] GC(166)     Total (ms):                    Min:  0.0, Avg:  0.0, Max:  0.0, Diff:  0.0, Sum:  0.0, Workers: 10
[45.430s][debug  ][gc,phases,ref  ] GC(166)   Notify and keep alive finalizable: 0.0ms
[45.430s][debug  ][gc,phases,ref  ] GC(166)     FinalRef (ms):                 skipped
[45.430s][debug  ][gc,phases,ref  ] GC(166)   Notify PhantomReferences: 0.0ms
[45.430s][debug  ][gc,phases,ref  ] GC(166)     PhantomRef (ms):               Min:  0.0, Avg:  0.0, Max:  0.0, Diff:  0.0, Sum:  0.0, Workers: 10
[45.430s][debug  ][gc,phases,ref  ] GC(166)   SoftReference:
[45.430s][debug  ][gc,phases,ref  ] GC(166)     Discovered: 0
[45.430s][debug  ][gc,phases,ref  ] GC(166)     Cleared: 0
[45.430s][debug  ][gc,phases,ref  ] GC(166)   WeakReference:
[45.430s][debug  ][gc,phases,ref  ] GC(166)     Discovered: 73
[45.430s][debug  ][gc,phases,ref  ] GC(166)     Cleared: 73
[45.430s][debug  ][gc,phases,ref  ] GC(166)   FinalReference:
[45.430s][debug  ][gc,phases,ref  ] GC(166)     Discovered: 0
[45.431s][debug  ][gc,phases,ref  ] GC(166)     Cleared: 0
[45.431s][debug  ][gc,phases,ref  ] GC(166)   PhantomReference:
[45.431s][debug  ][gc,phases,ref  ] GC(166)     Discovered: 5
[45.431s][debug  ][gc,phases,ref  ] GC(166)     Cleared: 5
[45.431s][debug  ][gc,phases      ] GC(166) Reference Processing 0.642ms
[45.431s][debug  ][gc,phases,start] GC(166) Weak Processing
[45.431s][debug  ][gc,phases      ] GC(166)   VM Weak                        Min:  0.0, Avg:  0.0, Max:  0.0, Diff:  0.0, Sum:  0.0, Workers: 6
[45.431s][debug  ][gc,phases      ] GC(166)     Dead                           Min: 0, Avg:  0.0, Max: 0, Diff: 0, Sum: 0, Workers: 6
[45.431s][debug  ][gc,phases      ] GC(166)     Total                          Min: 0, Avg:  1.3, Max: 8, Diff: 8, Sum: 8, Workers: 6
[45.431s][debug  ][gc,phases      ] GC(166)   ObjectSynchronizer Weak        Min:  0.0, Avg:  0.0, Max:  0.0, Diff:  0.0, Sum:  0.0, Workers: 6
[45.431s][debug  ][gc,phases      ] GC(166)     Dead                           Min: 0, Avg:  0.0, Max: 0, Diff: 0, Sum: 0, Workers: 6
[45.431s][debug  ][gc,phases      ] GC(166)     Total                          Min: 0, Avg:  0.5, Max: 3, Diff: 3, Sum: 3, Workers: 6
[45.431s][debug  ][gc,phases      ] GC(166)   JVMTI Tag Weak OopStorage      Min:  0.0, Avg:  0.0, Max:  0.0, Diff:  0.0, Sum:  0.0, Workers: 6
[45.431s][debug  ][gc,phases      ] GC(166)     Dead                           Min: 0, Avg:  0.0, Max: 0, Diff: 0, Sum: 0, Workers: 6
[45.431s][debug  ][gc,phases      ] GC(166)     Total                          Min: 0, Avg:  0.0, Max: 0, Diff: 0, Sum: 0, Workers: 6
[45.431s][debug  ][gc,phases      ] GC(166)   StringTable Weak               Min:  0.0, Avg:  0.0, Max:  0.0, Diff:  0.0, Sum:  0.0, Workers: 6
[45.431s][debug  ][gc,phases      ] GC(166)     Dead                           Min: 0, Avg:  0.0, Max: 0, Diff: 0, Sum: 0, Workers: 6
[45.431s][debug  ][gc,phases      ] GC(166)     Total                          Min: 832, Avg: 892.2, Max: 960, Diff: 128, Sum: 5353, Workers: 6
[45.431s][debug  ][gc,phases      ] GC(166)   ResolvedMethodTable Weak       Min:  0.0, Avg:  0.0, Max:  0.0, Diff:  0.0, Sum:  0.0, Workers: 6
[45.431s][debug  ][gc,phases      ] GC(166)     Dead                           Min: 0, Avg:  0.0, Max: 0, Diff: 0, Sum: 0, Workers: 6
[45.431s][debug  ][gc,phases      ] GC(166)     Total                          Min: 0, Avg: 21.7, Max: 64, Diff: 64, Sum: 130, Workers: 6
[45.431s][debug  ][gc,phases      ] GC(166)   JNI Weak                       Min:  0.0, Avg:  0.0, Max:  0.0, Diff:  0.0, Sum:  0.0, Workers: 6
[45.431s][debug  ][gc,phases      ] GC(166)     Dead                           Min: 0, Avg:  0.0, Max: 0, Diff: 0, Sum: 0, Workers: 6
[45.431s][debug  ][gc,phases      ] GC(166)     Total                          Min: 0, Avg:  0.0, Max: 0, Diff: 0, Sum: 0, Workers: 6
[45.431s][debug  ][gc,phases      ] GC(166)   StringDedup Table Weak         Min:  0.0, Avg:  0.0, Max:  0.0, Diff:  0.0, Sum:  0.0, Workers: 6
[45.431s][debug  ][gc,phases      ] GC(166)     Dead                           Min: 0, Avg:  0.0, Max: 0, Diff: 0, Sum: 0, Workers: 6
[45.431s][debug  ][gc,phases      ] GC(166)     Total                          Min: 0, Avg:  0.0, Max: 0, Diff: 0, Sum: 0, Workers: 6
[45.431s][debug  ][gc,phases      ] GC(166)   StringDedup Requests0 Weak     Min:  0.0, Avg:  0.0, Max:  0.0, Diff:  0.0, Sum:  0.0, Workers: 6
[45.431s][debug  ][gc,phases      ] GC(166)     Dead                           Min: 0, Avg:  0.0, Max: 0, Diff: 0, Sum: 0, Workers: 6
[45.431s][debug  ][gc,phases      ] GC(166)     Total                          Min: 0, Avg:  0.0, Max: 0, Diff: 0, Sum: 0, Workers: 6
[45.431s][debug  ][gc,phases      ] GC(166)   StringDedup Requests1 Weak     Min:  0.0, Avg:  0.0, Max:  0.0, Diff:  0.0, Sum:  0.0, Workers: 6
[45.431s][debug  ][gc,phases      ] GC(166)     Dead                           Min: 0, Avg:  0.0, Max: 0, Diff: 0, Sum: 0, Workers: 6
[45.431s][debug  ][gc,phases      ] GC(166)     Total                          Min: 0, Avg:  0.0, Max: 0, Diff: 0, Sum: 0, Workers: 6
[45.431s][debug  ][gc,phases      ] GC(166)   Weak JFR Old Object Samples    Min:  0.0, Avg:  0.0, Max:  0.0, Diff:  0.0, Sum:  0.0, Workers: 6
[45.431s][debug  ][gc,phases      ] GC(166)     Dead                           Min: 0, Avg:  0.0, Max: 0, Diff: 0, Sum: 0, Workers: 6
[45.431s][debug  ][gc,phases      ] GC(166)     Total                          Min: 0, Avg:  0.0, Max: 0, Diff: 0, Sum: 0, Workers: 6
[45.432s][debug  ][gc,phases      ] GC(166) Weak Processing 0.898ms
[45.432s][debug  ][gc,phases,start] GC(166) Class Unloading
[45.432s][debug  ][gc,phases,start] GC(166) ClassLoaderData
[45.432s][debug  ][gc,phases      ] GC(166) ClassLoaderData 0.026ms
[45.432s][debug  ][gc,phases,start] GC(166) Trigger cleanups
[45.432s][debug  ][gc,phases      ] GC(166) Trigger cleanups 0.021ms
[45.432s][debug  ][gc,phases      ] GC(166) Class Unloading 0.281ms
[45.432s][info   ][gc,phases      ] GC(166) Marking Phase 2.468ms
[45.432s][info   ][gc,phases,start] GC(166) Summary Phase
[45.432s][info   ][gc,phases      ] GC(166) Summary Phase 0.037ms
[45.432s][info   ][gc,phases,start] GC(166) Adjust Roots
[45.432s][info   ][gc,phases      ] GC(166) Adjust Roots 0.153ms
[45.432s][info   ][gc,phases,start] GC(166) Compaction Phase
[45.509s][info   ][gc,phases      ] GC(166) Compaction Phase 77.195ms
[45.509s][info   ][gc,phases,start] GC(166) Post Compact
[45.515s][info   ][gc,phases      ] GC(166) Post Compact 5.295ms
[45.515s][debug  ][gc,ergo        ] GC(166) AdaptiveSizeStart: collection: 167 
[45.515s][debug  ][gc,ergo        ] GC(166) PSAdaptiveSizePolicy::compute_eden_space_size limits: desired_eden_size: 224331396 old_eden_size: 204472320 eden_limit: 204472320 cur_eden: 204472320 max_eden_size: 204472320 avg_young_live: 24813958
[45.515s][debug  ][gc,ergo        ] GC(166) PSAdaptiveSizePolicy::compute_eden_space_size: costs minor_time: 0.050145 major_cost: 0.053116 mutator_cost: 0.896739 throughput_goal: 0.990000
[45.515s][debug  ][gc,ergo        ] GC(166) Live_space: 1076831232 free_space: 1423966208
[45.515s][debug  ][gc,ergo        ] GC(166) Old eden_size: 204472320 desired_eden_size: 204472320
[45.515s][debug  ][gc,ergo        ] GC(166) PSAdaptiveSizePolicy::compute_old_gen_free_space limits: desired_promo_size: 1345166845 promo_limit: 1219493888 free_in_old_gen: 1100256512 max_old_gen_size: 1879048192 avg_old_live: 778791616
[45.515s][debug  ][gc,ergo        ] GC(166) PSAdaptiveSizePolicy::compute_old_gen_free_space: costs minor_time: 0.050145 major_cost: 0.053116  mutator_cost: 0.896739 throughput_goal: 0.990000
[45.515s][debug  ][gc,ergo        ] GC(166) Live_space: 1072041024 free_space: 1423966208
[45.515s][debug  ][gc,ergo        ] GC(166) Old promo_size: 1219493888 desired_promo_size: 1219493888
[45.515s][debug  ][gc,ergo        ] GC(166) AdaptiveSizeStop: collection: 167 
[45.515s][info   ][gc,heap        ] GC(166) PSYoungGen: 30720K(230912K)->0K(230912K) Eden: 0K(199680K)->0K(199680K) From: 30720K(31232K)->0K(31232K)
[45.515s][info   ][gc,heap        ] GC(166) ParOldGen: 1619557K(1835008K)->718435K(1835008K)
[45.515s][info   ][gc,metaspace   ] GC(166) Metaspace: 1024K(1216K)->1024K(1216K) NonClass: 941K(1024K)->941K(1024K) Class: 83K(192K)->83K(192K)
[45.515s][info   ][gc             ] GC(166) Pause Full (Ergonomics) 1611M->701M(2017M) 85.810ms
[45.515s][info   ][gc,cpu         ] GC(166) User=0.78s Sys=0.00s Real=0.09s
[45.515s][debug  ][gc,heap        ] GC(166) Heap after GC invocations=167 (full 27):
[45.515s][debug  ][gc,heap        ] GC(166)  PSYoungGen      total 230912K, used 0K [0x00000000f0000000, 0x0000000100000000, 0x0000000100000000)
[45.515s][debug  ][gc,heap        ] GC(166)   eden space 199680K, 0% used [0x00000000f0000000,0x00000000f0000000,0x00000000fc300000)
[45.515s][debug  ][gc,heap        ] GC(166)   from space 31232K, 0% used [0x00000000fc300000,0x00000000fc300000,0x00000000fe180000)
[45.515s][debug  ][gc,heap        ] GC(166)   to   space 31232K, 0% used [0x00000000fe180000,0x00000000fe180000,0x0000000100000000)
[45.515s][debug  ][gc,heap        ] GC(166)  ParOldGen       total 1835008K, used 718435K [0x0000000080000000, 0x00000000f0000000, 0x00000000f0000000)
[45.515s][debug  ][gc,heap        ] GC(166)   object space 1835008K, 39% used [0x0000000080000000,0x00000000abd98fe0,0x00000000f0000000)
[45.515s][debug  ][gc,heap        ] GC(166)  Metaspace       used 1024K, committed 1216K, reserved 1056768K
[45.515s][debug  ][gc,heap        ] GC(166)   class space    used 83K, committed 192K, reserved 1048576K
[45.515s][debug  ][gc,task,time   ] GC(166) VM-Thread 454293849 454321256 455152461
[45.821s][debug  ][gc,heap        ] GC(167) Heap before GC invocations=168 (full 27):
[45.821s][debug  ][gc,heap        ] GC(167)  PSYoungGen      total 230912K, used 198458K [0x00000000f0000000, 0x0000000100000000, 0x0000000100000000)
[45.821s][debug  ][gc,heap        ] GC(167)   eden space 199680K, 99% used [0x00000000f0000000,0x00000000fc1ceb20,0x00000000fc300000)
[45.821s][debug  ][gc,heap        ] GC(167)   from space 31232K, 0% used [0x00000000fc300000,0x00000000fc300000,0x00000000fe180000)
[45.821s][debug  ][gc,heap        ] GC(167)   to   space 31232K, 0% used [0x00000000fe180000,0x00000000fe180000,0x0000000100000000)
[45.821s][debug  ][gc,heap        ] GC(167)  ParOldGen       total 1835008K, used 718435K [0x0000000080000000, 0x00000000f0000000, 0x00000000f0000000)
[45.821s][debug  ][gc,heap        ] GC(167)   object space 1835008K, 39% used [0x0000000080000000,0x00000000abd98fe0,0x00000000f0000000)
[45.821s][debug  ][gc,heap        ] GC(167)  Metaspace       used 1024K, committed 1216K, reserved 1056768K
[45.821s][debug  ][gc,heap        ] GC(167)   class space    used 83K, committed 192K, reserved 1048576K
[45.821s][debug  ][gc,tlab        ] GC(167) TLAB totals: thrds: 1  refills: 1 max: 1 slow allocs: 18 max 18 waste: 27.6% gc: 3992048B max: 3992048B slow: 0B max: 0B
[45.821s][info   ][gc,start       ] GC(167) Pause Young (Allocation Failure)
[45.821s][debug  ][gc,phases,start] GC(167) Scavenge
[45.834s][debug  ][gc,phases      ] GC(167) Scavenge 13.139ms
[45.834s][debug  ][gc,phases,start] GC(167) Reference Processing
[45.835s][debug  ][gc,ref         ] GC(167) Skipped phase 1 of Reference Processing: no references
[45.835s][debug  ][gc,ref         ] GC(167) Skipped phase 2 of Reference Processing: no references
[45.835s][debug  ][gc,ref         ] GC(167) Skipped phase 3 of Reference Processing: no references
[45.835s][debug  ][gc,ref         ] GC(167) Skipped phase 4 of Reference Processing: no references
[45.835s][debug  ][gc,phases,ref  ] GC(167) Reference Processing: 0.1ms
[45.835s][debug  ][gc,phases,ref  ] GC(167)   Reconsider SoftReferences: 0.0ms
[45.835s][debug  ][gc,phases,ref  ] GC(167)     SoftRef (ms):                  skipped
[45.835s][debug  ][gc,phases,ref  ] GC(167)   Notify Soft/WeakReferences: 0.0ms
[45.835s][debug  ][gc,phases,ref  ] GC(167)     SoftRef (ms):                  skipped
[45.835s][debug  ][gc,phases,ref  ] GC(167)     WeakRef (ms):                  skipped
[45.835s][debug  ][gc,phases,ref  ] GC(167)     FinalRef (ms):                 skipped
[45.835s][debug  ][gc,phases,ref  ] GC(167)     Total (ms):                    skipped
[45.835s][debug  ][gc,phases,ref  ] GC(167)   Notify and keep alive finalizable: 0.0ms
[45.835s][debug  ][gc,phases,ref  ] GC(167)     FinalRef (ms):                 skipped
[45.835s][debug  ][gc,phases,ref  ] GC(167)   Notify PhantomReferences: 0.0ms
[45.835s][debug  ][gc,phases,ref  ] GC(167)     PhantomRef (ms):               skipped
[45.835s][debug  ][gc,phases,ref  ] GC(167)   SoftReference:
[45.835s][debug  ][gc,phases,ref  ] GC(167)     Discovered: 0
[45.835s][debug  ][gc,phases,ref  ] GC(167)     Cleared: 0
[45.835s][debug  ][gc,phases,ref  ] GC(167)   WeakReference:
[45.835s][debug  ][gc,phases,ref  ] GC(167)     Discovered: 0
[45.835s][debug  ][gc,phases,ref  ] GC(167)     Cleared: 0
[45.835s][debug  ][gc,phases,ref  ] GC(167)   FinalReference:
[45.835s][debug  ][gc,phases,ref  ] GC(167)     Discovered: 0
[45.835s][debug  ][gc,phases,ref  ] GC(167)     Cleared: 0
[45.835s][debug  ][gc,phases,ref  ] GC(167)   PhantomReference:
[45.835s][debug  ][gc,phases,ref  ] GC(167)     Discovered: 0
[45.835s][debug  ][gc,phases,ref  ] GC(167)     Cleared: 0
[45.835s][debug  ][gc,phases      ] GC(167) Reference Processing 0.643ms
[45.835s][debug  ][gc,phases,start] GC(167) Weak Processing
[45.835s][debug  ][gc,phases      ] GC(167)   VM Weak                        Min:  0.0, Avg:  0.0, Max:  0.0, Diff:  0.0, Sum:  0.0, Workers: 6
[45.835s][debug  ][gc,phases      ] GC(167)     Dead                           Min: 0, Avg:  0.0, Max: 0, Diff: 0, Sum: 0, Workers: 6
[45.835s][debug  ][gc,phases      ] GC(167)     Total                          Min: 0, Avg:  1.3, Max: 8, Diff: 8, Sum: 8, Workers: 6
[45.835s][debug  ][gc,phases      ] GC(167)   ObjectSynchronizer Weak        Min:  0.0, Avg:  0.0, Max:  0.0, Diff:  0.0, Sum:  0.0, Workers: 6
[45.835s][debug  ][gc,phases      ] GC(167)     Dead                           Min: 0, Avg:  0.0, Max: 0, Diff: 0, Sum: 0, Workers: 6
[45.835s][debug  ][gc,phases      ] GC(167)     Total                          Min: 0, Avg:  0.5, Max: 3, Diff: 3, Sum: 3, Workers: 6
[45.835s][debug  ][gc,phases      ] GC(167)   JVMTI Tag Weak OopStorage      Min:  0.0, Avg:  0.0, Max:  0.0, Diff:  0.0, Sum:  0.0, Workers: 6
[45.835s][debug  ][gc,phases      ] GC(167)     Dead                           Min: 0, Avg:  0.0, Max: 0, Diff: 0, Sum: 0, Workers: 6
[45.835s][debug  ][gc,phases      ] GC(167)     Total                          Min: 0, Avg:  0.0, Max: 0, Diff: 0, Sum: 0, Workers: 6
[45.835s][debug  ][gc,phases      ] GC(167)   StringTable Weak               Min:  0.0, Avg:  0.0, Max:  0.0, Diff:  0.0, Sum:  0.0, Workers: 6
[45.835s][debug  ][gc,phases      ] GC(167)     Dead                           Min: 0, Avg:  0.0, Max: 0, Diff: 0, Sum: 0, Workers: 6
[45.835s][debug  ][gc,phases      ] GC(167)     Total                          Min: 576, Avg: 892.2, Max: 1129, Diff: 553, Sum: 5353, Workers: 6
[45.835s][debug  ][gc,phases      ] GC(167)   ResolvedMethodTable Weak       Min:  0.0, Avg:  0.0, Max:  0.0, Diff:  0.0, Sum:  0.0, Workers: 6
[45.835s][debug  ][gc,phases      ] GC(167)     Dead                           Min: 0, Avg:  0.0, Max: 0, Diff: 0, Sum: 0, Workers: 6
[45.836s][debug  ][gc,phases      ] GC(167)     Total                          Min: 0, Avg: 21.7, Max: 64, Diff: 64, Sum: 130, Workers: 6
[45.836s][debug  ][gc,phases      ] GC(167)   JNI Weak                       Min:  0.0, Avg:  0.0, Max:  0.0, Diff:  0.0, Sum:  0.0, Workers: 6
[45.836s][debug  ][gc,phases      ] GC(167)     Dead                           Min: 0, Avg:  0.0, Max: 0, Diff: 0, Sum: 0, Workers: 6
[45.836s][debug  ][gc,phases      ] GC(167)     Total                          Min: 0, Avg:  0.0, Max: 0, Diff: 0, Sum: 0, Workers: 6
[45.836s][debug  ][gc,phases      ] GC(167)   StringDedup Table Weak         Min:  0.0, Avg:  0.0, Max:  0.0, Diff:  0.0, Sum:  0.0, Workers: 6
[45.836s][debug  ][gc,phases      ] GC(167)     Dead                           Min: 0, Avg:  0.0, Max: 0, Diff: 0, Sum: 0, Workers: 6
[45.836s][debug  ][gc,phases      ] GC(167)     Total                          Min: 0, Avg:  0.0, Max: 0, Diff: 0, Sum: 0, Workers: 6
[45.836s][debug  ][gc,phases      ] GC(167)   StringDedup Requests0 Weak     Min:  0.0, Avg:  0.0, Max:  0.0, Diff:  0.0, Sum:  0.0, Workers: 6
[45.836s][debug  ][gc,phases      ] GC(167)     Dead                           Min: 0, Avg:  0.0, Max: 0, Diff: 0, Sum: 0, Workers: 6
[45.836s][debug  ][gc,phases      ] GC(167)     Total                          Min: 0, Avg:  0.0, Max: 0, Diff: 0, Sum: 0, Workers: 6
[45.836s][debug  ][gc,phases      ] GC(167)   StringDedup Requests1 Weak     Min:  0.0, Avg:  0.0, Max:  0.0, Diff:  0.0, Sum:  0.0, Workers: 6
[45.836s][debug  ][gc,phases      ] GC(167)     Dead                           Min: 0, Avg:  0.0, Max: 0, Diff: 0, Sum: 0, Workers: 6
[45.836s][debug  ][gc,phases      ] GC(167)     Total                          Min: 0, Avg:  0.0, Max: 0, Diff: 0, Sum: 0, Workers: 6
[45.836s][debug  ][gc,phases      ] GC(167)   Weak JFR Old Object Samples    Min:  0.0, Avg:  0.0, Max:  0.0, Diff:  0.0, Sum:  0.0, Workers: 6
[45.836s][debug  ][gc,phases      ] GC(167)     Dead                           Min: 0, Avg:  0.0, Max: 0, Diff: 0, Sum: 0, Workers: 6
[45.836s][debug  ][gc,phases      ] GC(167)     Total                          Min: 0, Avg:  0.0, Max: 0, Diff: 0, Sum: 0, Workers: 6
[45.836s][debug  ][gc,phases      ] GC(167) Weak Processing 0.738ms
[45.836s][debug  ][gc,ergo        ] GC(167) AdaptiveSizeStart:  collection: 168 
[45.836s][debug  ][gc,ergo        ] GC(167) avg_survived_padded_avg: 31536452.000000
[45.836s][debug  ][gc,ergo        ] GC(167) avg_promoted_padded_avg: 261048288.000000  avg_pretenured_padded_avg: 0.000000  tenuring_thresh: 15  target_size: 31981568
[45.836s][debug  ][gc,age         ] GC(167) Desired survivor size 31981568 bytes, new threshold 15 (max threshold 15)
[45.836s][debug  ][gc,ergo        ] GC(167) PSAdaptiveSizePolicy::compute_eden_space_size limits: desired_eden_size: 223579568 old_eden_size: 204472320 eden_limit: 204472320 cur_eden: 204472320 max_eden_size: 204472320 avg_young_live: 25478294
[45.836s][debug  ][gc,ergo        ] GC(167) PSAdaptiveSizePolicy::compute_eden_space_size: costs minor_time: 0.046582 major_cost: 0.053116 mutator_cost: 0.900302 throughput_goal: 0.990000
[45.836s][debug  ][gc,ergo        ] GC(167) Live_space: 1072705408 free_space: 1423966208
[45.836s][debug  ][gc,ergo        ] GC(167) Old eden_size: 204472320 desired_eden_size: 204472320
[45.836s][debug  ][gc,ergo        ] GC(167) AdaptiveSizeStop: collection: 168 
[45.836s][info   ][gc,heap        ] GC(167) PSYoungGen: 198458K(230912K)->30720K(230912K) Eden: 198458K(199680K)->0K(199680K) From: 0K(31232K)->30720K(31232K)
[45.836s][info   ][gc,heap        ] GC(167) ParOldGen: 718435K(1835008K)->882276K(1835008K)
[45.836s][info   ][gc,metaspace   ] GC(167) Metaspace: 1024K(1216K)->1024K(1216K) NonClass: 941K(1024K)->941K(1024K) Class: 83K(192K)->83K(192K)
[45.836s][info   ][gc             ] GC(167) Pause Young (Allocation Failure) 895M->891M(2017M) 14.954ms
[45.836s][info   ][gc,cpu         ] GC(167) User=0.11s Sys=0.00s Real=0.02s
[45.836s][debug  ][gc,heap        ] GC(167) Heap after GC invocations=168 (full 27):
[45.836s][debug  ][gc,heap        ] GC(167)  PSYoungGen      total 230912K, used 30720K [0x00000000f0000000, 0x0000000100000000, 0x0000000100000000)
[45.836s][debug  ][gc,heap        ] GC(167)   eden space 199680K, 0% used [0x00000000f0000000,0x00000000f0000000,0x00000000fc300000)
[45.836s][debug  ][gc,heap        ] GC(167)   from space 31232K, 98% used [0x00000000fe180000,0x00000000fff80030,0x0000000100000000)
[45.836s][debug  ][gc,heap        ] GC(167)   to   space 31232K, 0% used [0x00000000fc300000,0x00000000fc300000,0x00000000fe180000)
[45.836s][debug  ][gc,heap        ] GC(167)  ParOldGen       total 1835008K, used 882276K [0x0000000080000000, 0x00000000f0000000, 0x00000000f0000000)
[45.836s][debug  ][gc,heap        ] GC(167)   object space 1835008K, 48% used [0x0000000080000000,0x00000000b5d990e0,0x00000000f0000000)
[45.836s][debug  ][gc,heap        ] GC(167)  Metaspace       used 1024K, committed 1216K, reserved 1056768K
[45.836s][debug  ][gc,heap        ] GC(167)   class space    used 83K, committed 192K, reserved 1048576K
[45.836s][debug  ][gc,task,time   ] GC(167) VM-Thread 458208987 458344795 458364571
[46.138s][debug  ][gc,heap        ] GC(168) Heap before GC invocations=169 (full 27):
[46.138s][debug  ][gc,heap        ] GC(168)  PSYoungGen      total 230912K, used 229112K [0x00000000f0000000, 0x0000000100000000, 0x0000000100000000)
[46.138s][debug  ][gc,heap        ] GC(168)   eden space 199680K, 99% used [0x00000000f0000000,0x00000000fc1be1f8,0x00000000fc300000)
[46.139s][debug  ][gc,heap        ] GC(168)   from space 31232K, 98% used [0x00000000fe180000,0x00000000fff80030,0x0000000100000000)
[46.139s][debug  ][gc,heap        ] GC(168)   to   space 31232K, 0% used [0x00000000fc300000,0x00000000fc300000,0x00000000fe180000)
[46.139s][debug  ][gc,heap        ] GC(168)  ParOldGen       total 1835008K, used 882276K [0x0000000080000000, 0x00000000f0000000, 0x00000000f0000000)
[46.139s][debug  ][gc,heap        ] GC(168)   object space 1835008K, 48% used [0x0000000080000000,0x00000000b5d990e0,0x00000000f0000000)
[46.139s][debug  ][gc,heap        ] GC(168)  Metaspace       used 1026K, committed 1216K, reserved 1056768K
[46.139s][debug  ][gc,heap        ] GC(168)   class space    used 83K, committed 192K, reserved 1048576K
[46.139s][debug  ][gc,tlab        ] GC(168) TLAB totals: thrds: 1  refills: 1 max: 1 slow allocs: 18 max 18 waste: 27.2% gc: 3923104B max: 3923104B slow: 0B max: 0B
[46.139s][info   ][gc,start       ] GC(168) Pause Young (Allocation Failure)
[46.139s][debug  ][gc,phases,start] GC(168) Scavenge
[46.145s][debug  ][gc,phases      ] GC(168) Scavenge 5.684ms
[46.145s][debug  ][gc,phases,start] GC(168) Reference Processing
[46.145s][debug  ][gc,ref         ] GC(168) Skipped phase 1 of Reference Processing: no references
[46.145s][debug  ][gc,ref         ] GC(168) Skipped phase 2 of Reference Processing: no references
[46.145s][debug  ][gc,ref         ] GC(168) Skipped phase 3 of Reference Processing: no references
[46.145s][debug  ][gc,ref         ] GC(168) Skipped phase 4 of Reference Processing: no references
[46.145s][debug  ][gc,phases,ref  ] GC(168) Reference Processing: 0.1ms
[46.145s][debug  ][gc,phases,ref  ] GC(168)   Reconsider SoftReferences: 0.0ms
[46.145s][debug  ][gc,phases,ref  ] GC(168)     SoftRef (ms):                  skipped
[46.145s][debug  ][gc,phases,ref  ] GC(168)   Notify Soft/WeakReferences: 0.0ms
[46.145s][debug  ][gc,phases,ref  ] GC(168)     SoftRef (ms):                  skipped
[46.145s][debug  ][gc,phases,ref  ] GC(168)     WeakRef (ms):                  skipped
[46.145s][debug  ][gc,phases,ref  ] GC(168)     FinalRef (ms):                 skipped
[46.145s][debug  ][gc,phases,ref  ] GC(168)     Total (ms):                    skipped
[46.145s][debug  ][gc,phases,ref  ] GC(168)   Notify and keep alive finalizable: 0.0ms
[46.145s][debug  ][gc,phases,ref  ] GC(168)     FinalRef (ms):                 skipped
[46.145s][debug  ][gc,phases,ref  ] GC(168)   Notify PhantomReferences: 0.0ms
[46.145s][debug  ][gc,phases,ref  ] GC(168)     PhantomRef (ms):               skipped
[46.145s][debug  ][gc,phases,ref  ] GC(168)   SoftReference:
[46.145s][debug  ][gc,phases,ref  ] GC(168)     Discovered: 0
[46.145s][debug  ][gc,phases,ref  ] GC(168)     Cleared: 0
[46.145s][debug  ][gc,phases,ref  ] GC(168)   WeakReference:
[46.145s][debug  ][gc,phases,ref  ] GC(168)     Discovered: 0
[46.145s][debug  ][gc,phases,ref  ] GC(168)     Cleared: 0
[46.145s][debug  ][gc,phases,ref  ] GC(168)   FinalReference:
[46.145s][debug  ][gc,phases,ref  ] GC(168)     Discovered: 0
[46.145s][debug  ][gc,phases,ref  ] GC(168)     Cleared: 0
[46.145s][debug  ][gc,phases,ref  ] GC(168)   PhantomReference:
[46.145s][debug  ][gc,phases,ref  ] GC(168)     Discovered: 0
[46.145s][debug  ][gc,phases,ref  ] GC(168)     Cleared: 0
[46.145s][debug  ][gc,phases      ] GC(168) Reference Processing 0.753ms
[46.145s][debug  ][gc,phases,start] GC(168) Weak Processing
[46.145s][debug  ][gc,phases      ] GC(168)   VM Weak                        Min:  0.0, Avg:  0.0, Max:  0.0, Diff:  0.0, Sum:  0.0, Workers: 6
[46.145s][debug  ][gc,phases      ] GC(168)     Dead                           Min: 0, Avg:  0.0, Max: 0, Diff: 0, Sum: 0, Workers: 6
[46.146s][debug  ][gc,phases      ] GC(168)     Total                          Min: 0, Avg:  1.3, Max: 8, Diff: 8, Sum: 8, Workers: 6
[46.146s][debug  ][gc,phases      ] GC(168)   ObjectSynchronizer Weak        Min:  0.0, Avg:  0.0, Max:  0.0, Diff:  0.0, Sum:  0.0, Workers: 6
[46.146s][debug  ][gc,phases      ] GC(168)     Dead                           Min: 0, Avg:  0.0, Max: 0, Diff: 0, Sum: 0, Workers: 6
[46.146s][debug  ][gc,phases      ] GC(168)     Total                          Min: 0, Avg:  0.5, Max: 3, Diff: 3, Sum: 3, Workers: 6
[46.146s][debug  ][gc,phases      ] GC(168)   JVMTI Tag Weak OopStorage      Min:  0.0, Avg:  0.0, Max:  0.0, Diff:  0.0, Sum:  0.0, Workers: 6
[46.146s][debug  ][gc,phases      ] GC(168)     Dead                           Min: 0, Avg:  0.0, Max: 0, Diff: 0, Sum: 0, Workers: 6
[46.146s][debug  ][gc,phases      ] GC(168)     Total                          Min: 0, Avg:  0.0, Max: 0, Diff: 0, Sum: 0, Workers: 6
[46.146s][debug  ][gc,phases      ] GC(168)   StringTable Weak               Min:  0.0, Avg:  0.0, Max:  0.0, Diff:  0.0, Sum:  0.0, Workers: 6
[46.146s][debug  ][gc,phases      ] GC(168)     Dead                           Min: 0, Avg:  0.0, Max: 0, Diff: 0, Sum: 0, Workers: 6
[46.146s][debug  ][gc,phases      ] GC(168)     Total                          Min: 703, Avg: 892.2, Max: 1024, Diff: 321, Sum: 5353, Workers: 6
[46.146s][debug  ][gc,phases      ] GC(168)   ResolvedMethodTable Weak       Min:  0.0, Avg:  0.0, Max:  0.0, Diff:  0.0, Sum:  0.0, Workers: 6
[46.146s][debug  ][gc,phases      ] GC(168)     Dead                           Min: 0, Avg:  0.0, Max: 0, Diff: 0, Sum: 0, Workers: 6
[46.146s][debug  ][gc,phases      ] GC(168)     Total                          Min: 0, Avg: 21.7, Max: 64, Diff: 64, Sum: 130, Workers: 6
[46.146s][debug  ][gc,phases      ] GC(168)   JNI Weak                       Min:  0.0, Avg:  0.0, Max:  0.0, Diff:  0.0, Sum:  0.0, Workers: 6
[46.146s][debug  ][gc,phases      ] GC(168)     Dead                           Min: 0, Avg:  0.0, Max: 0, Diff: 0, Sum: 0, Workers: 6
[46.146s][debug  ][gc,phases      ] GC(168)     Total                          Min: 0, Avg:  0.0, Max: 0, Diff: 0, Sum: 0, Workers: 6
[46.146s][debug  ][gc,phases      ] GC(168)   StringDedup Table Weak         Min:  0.0, Avg:  0.0, Max:  0.0, Diff:  0.0, Sum:  0.0, Workers: 6
[46.146s][debug  ][gc,phases      ] GC(168)     Dead                           Min: 0, Avg:  0.0, Max: 0, Diff: 0, Sum: 0, Workers: 6
[46.146s][debug  ][gc,phases      ] GC(168)     Total                          Min: 0, Avg:  0.0, Max: 0, Diff: 0, Sum: 0, Workers: 6
[46.146s][debug  ][gc,phases      ] GC(168)   StringDedup Requests0 Weak     Min:  0.0, Avg:  0.0, Max:  0.0, Diff:  0.0, Sum:  0.0, Workers: 6
[46.146s][debug  ][gc,phases      ] GC(168)     Dead                           Min: 0, Avg:  0.0, Max: 0, Diff: 0, Sum: 0, Workers: 6
[46.146s][debug  ][gc,phases      ] GC(168)     Total                          Min: 0, Avg:  0.0, Max: 0, Diff: 0, Sum: 0, Workers: 6
[46.146s][debug  ][gc,phases      ] GC(168)   StringDedup Requests1 Weak     Min:  0.0, Avg:  0.0, Max:  0.0, Diff:  0.0, Sum:  0.0, Workers: 6
[46.146s][debug  ][gc,phases      ] GC(168)     Dead                           Min: 0, Avg:  0.0, Max: 0, Diff: 0, Sum: 0, Workers: 6
[46.146s][debug  ][gc,phases      ] GC(168)     Total                          Min: 0, Avg:  0.0, Max: 0, Diff: 0, Sum: 0, Workers: 6
[46.146s][debug  ][gc,phases      ] GC(168)   Weak JFR Old Object Samples    Min:  0.0, Avg:  0.0, Max:  0.0, Diff:  0.0, Sum:  0.0, Workers: 6
[46.146s][debug  ][gc,phases      ] GC(168)     Dead                           Min: 0, Avg:  0.0, Max: 0, Diff: 0, Sum: 0, Workers: 6
[46.146s][debug  ][gc,phases      ] GC(168)     Total                          Min: 0, Avg:  0.0, Max: 0, Diff: 0, Sum: 0, Workers: 6
[46.146s][debug  ][gc,phases      ] GC(168) Weak Processing 0.898ms
[46.146s][debug  ][gc,ergo        ] GC(168) AdaptiveSizeStart:  collection: 169 
[46.146s][debug  ][gc,ergo        ] GC(168) avg_survived_padded_avg: 31529536.000000
[46.146s][debug  ][gc,ergo        ] GC(168) avg_promoted_padded_avg: 273696032.000000  avg_pretenured_padded_avg: 0.000000  tenuring_thresh: 15  target_size: 31981568
[46.146s][debug  ][gc,age         ] GC(168) Desired survivor size 31981568 bytes, new threshold 15 (max threshold 15)
[46.146s][debug  ][gc,ergo        ] GC(168) PSAdaptiveSizePolicy::compute_eden_space_size limits: desired_eden_size: 222276194 old_eden_size: 204472320 eden_limit: 204472320 cur_eden: 204472320 max_eden_size: 204472320 avg_young_live: 26076198
[46.146s][debug  ][gc,ergo        ] GC(168) PSAdaptiveSizePolicy::compute_eden_space_size: costs minor_time: 0.040955 major_cost: 0.053116 mutator_cost: 0.905930 throughput_goal: 0.990000
[46.146s][debug  ][gc,ergo        ] GC(168) Live_space: 1073303296 free_space: 1423966208
[46.146s][debug  ][gc,ergo        ] GC(168) Old eden_size: 204472320 desired_eden_size: 204472320
[46.147s][debug  ][gc,ergo        ] GC(168) AdaptiveSizeStop: collection: 169 
[46.147s][info   ][gc,heap        ] GC(168) PSYoungGen: 229112K(230912K)->30720K(230912K) Eden: 198392K(199680K)->0K(199680K) From: 30720K(31232K)->30720K(31232K)
[46.147s][info   ][gc,heap        ] GC(168) ParOldGen: 882276K(1835008K)->933476K(1835008K)
[46.147s][info   ][gc,metaspace   ] GC(168) Metaspace: 1026K(1216K)->1026K(1216K) NonClass: 942K(1024K)->942K(1024K) Class: 83K(192K)->83K(192K)
[46.147s][info   ][gc             ] GC(168) Pause Young (Allocation Failure) 1085M->941M(2017M) 7.879ms
[46.147s][info   ][gc,cpu         ] GC(168) User=0.02s Sys=0.00s Real=0.01s
[46.147s][debug  ][gc,heap        ] GC(168) Heap after GC invocations=169 (full 27):
[46.147s][debug  ][gc,heap        ] GC(168)  PSYoungGen      total 230912K, used 30720K [0x00000000f0000000, 0x0000000100000000, 0x0000000100000000)
[46.147s][debug  ][gc,heap        ] GC(168)   eden space 199680K, 0% used [0x00000000f0000000,0x00000000f0000000,0x00000000fc300000)
[46.147s][debug  ][gc,heap        ] GC(168)   from space 31232K, 98% used [0x00000000fc300000,0x00000000fe100030,0x00000000fe180000)
[46.147s][debug  ][gc,heap        ] GC(168)   to   space 31232K, 0% used [0x00000000fe180000,0x00000000fe180000,0x0000000100000000)
[46.147s][debug  ][gc,heap        ] GC(168)  ParOldGen       total 1835008K, used 933476K [0x0000000080000000, 0x00000000f0000000, 0x00000000f0000000)
[46.147s][debug  ][gc,heap        ] GC(168)   object space 1835008K, 50% used [0x0000000080000000,0x00000000b8f99130,0x00000000f0000000)
[46.147s][debug  ][gc,heap        ] GC(168)  Metaspace       used 1026K, committed 1216K, reserved 1056768K
[46.147s][debug  ][gc,heap        ] GC(168)   class space    used 83K, committed 192K, reserved 1048576K
[46.147s][debug  ][gc,task,time   ] GC(168) VM-Thread 461383501 461445846 461469511
[46.457s][debug  ][gc,heap        ] GC(169) Heap before GC invocations=170 (full 27):
[46.457s][debug  ][gc,heap        ] GC(169)  PSYoungGen      total 230912K, used 229142K [0x00000000f0000000, 0x0000000100000000, 0x0000000100000000)
[46.457s][debug  ][gc,heap        ] GC(169)   eden space 199680K, 99% used [0x00000000f0000000,0x00000000fc1c57f0,0x00000000fc300000)
[46.457s][debug  ][gc,heap        ] GC(169)   from space 31232K, 98% used [0x00000000fc300000,0x00000000fe100030,0x00000000fe180000)
[46.457s][debug  ][gc,heap        ] GC(169)   to   space 31232K, 0% used [0x00000000fe180000,0x00000000fe180000,0x0000000100000000)
[46.457s][debug  ][gc,heap        ] GC(169)  ParOldGen       total 1835008K, used 933476K [0x0000000080000000, 0x00000000f0000000, 0x00000000f0000000)
[46.457s][debug  ][gc,heap        ] GC(169)   object space 1835008K, 50% used [0x0000000080000000,0x00000000b8f99130,0x00000000f0000000)
[46.457s][debug  ][gc,heap        ] GC(169)  Metaspace       used 1026K, committed 1216K, reserved 1056768K
[46.457s][debug  ][gc,heap        ] GC(169)   class space    used 83K, committed 192K, reserved 1048576K
[46.457s][debug  ][gc,tlab        ] GC(169) TLAB totals: thrds: 1  refills: 1 max: 1 slow allocs: 18 max 18 waste: 27.4% gc: 3954368B max: 3954368B slow: 0B max: 0B
[46.458s][info   ][gc,start       ] GC(169) Pause Young (Allocation Failure)
[46.458s][debug  ][gc,phases,start] GC(169) Scavenge
[46.473s][debug  ][gc,phases      ] GC(169) Scavenge 15.172ms
[46.473s][debug  ][gc,phases,start] GC(169) Reference Processing
[46.473s][debug  ][gc,ref         ] GC(169) Skipped phase 1 of Reference Processing: no references
[46.473s][debug  ][gc,ref         ] GC(169) Skipped phase 2 of Reference Processing: no references
[46.473s][debug  ][gc,ref         ] GC(169) Skipped phase 3 of Reference Processing: no references
[46.473s][debug  ][gc,ref         ] GC(169) Skipped phase 4 of Reference Processing: no references
[46.473s][debug  ][gc,phases,ref  ] GC(169) Reference Processing: 0.1ms
[46.473s][debug  ][gc,phases,ref  ] GC(169)   Reconsider SoftReferences: 0.0ms
[46.473s][debug  ][gc,phases,ref  ] GC(169)     SoftRef (ms):                  skipped
[46.473s][debug  ][gc,phases,ref  ] GC(169)   Notify Soft/WeakReferences: 0.0ms
[46.473s][debug  ][gc,phases,ref  ] GC(169)     SoftRef (ms):                  skipped
[46.473s][debug  ][gc,phases,ref  ] GC(169)     WeakRef (ms):                  skipped
[46.473s][debug  ][gc,phases,ref  ] GC(169)     FinalRef (ms):                 skipped
[46.473s][debug  ][gc,phases,ref  ] GC(169)     Total (ms):                    skipped
[46.473s][debug  ][gc,phases,ref  ] GC(169)   Notify and keep alive finalizable: 0.0ms
[46.473s][debug  ][gc,phases,ref  ] GC(169)     FinalRef (ms):                 skipped
[46.473s][debug  ][gc,phases,ref  ] GC(169)   Notify PhantomReferences: 0.0ms
[46.473s][debug  ][gc,phases,ref  ] GC(169)     PhantomRef (ms):               skipped
[46.473s][debug  ][gc,phases,ref  ] GC(169)   SoftReference:
[46.473s][debug  ][gc,phases,ref  ] GC(169)     Discovered: 0
[46.473s][debug  ][gc,phases,ref  ] GC(169)     Cleared: 0
[46.473s][debug  ][gc,phases,ref  ] GC(169)   WeakReference:
[46.473s][debug  ][gc,phases,ref  ] GC(169)     Discovered: 0
[46.473s][debug  ][gc,phases,ref  ] GC(169)     Cleared: 0
[46.473s][debug  ][gc,phases,ref  ] GC(169)   FinalReference:
[46.473s][debug  ][gc,phases,ref  ] GC(169)     Discovered: 0
[46.473s][debug  ][gc,phases,ref  ] GC(169)     Cleared: 0
[46.473s][debug  ][gc,phases,ref  ] GC(169)   PhantomReference:
[46.474s][debug  ][gc,phases,ref  ] GC(169)     Discovered: 0
[46.474s][debug  ][gc,phases,ref  ] GC(169)     Cleared: 0
[46.474s][debug  ][gc,phases      ] GC(169) Reference Processing 0.744ms
[46.474s][debug  ][gc,phases,start] GC(169) Weak Processing
[46.474s][debug  ][gc,phases      ] GC(169)   VM Weak                        Min:  0.0, Avg:  0.0, Max:  0.0, Diff:  0.0, Sum:  0.0, Workers: 6
[46.474s][debug  ][gc,phases      ] GC(169)     Dead                           Min: 0, Avg:  0.0, Max: 0, Diff: 0, Sum: 0, Workers: 6
[46.474s][debug  ][gc,phases      ] GC(169)     Total                          Min: 0, Avg:  1.3, Max: 8, Diff: 8, Sum: 8, Workers: 6
[46.474s][debug  ][gc,phases      ] GC(169)   ObjectSynchronizer Weak        Min:  0.0, Avg:  0.0, Max:  0.0, Diff:  0.0, Sum:  0.0, Workers: 6
[46.474s][debug  ][gc,phases      ] GC(169)     Dead                           Min: 0, Avg:  0.0, Max: 0, Diff: 0, Sum: 0, Workers: 6
[46.474s][debug  ][gc,phases      ] GC(169)     Total                          Min: 0, Avg:  0.5, Max: 3, Diff: 3, Sum: 3, Workers: 6
[46.474s][debug  ][gc,phases      ] GC(169)   JVMTI Tag Weak OopStorage      Min:  0.0, Avg:  0.0, Max:  0.0, Diff:  0.0, Sum:  0.0, Workers: 6
[46.474s][debug  ][gc,phases      ] GC(169)     Dead                           Min: 0, Avg:  0.0, Max: 0, Diff: 0, Sum: 0, Workers: 6
[46.474s][debug  ][gc,phases      ] GC(169)     Total                          Min: 0, Avg:  0.0, Max: 0, Diff: 0, Sum: 0, Workers: 6
[46.474s][debug  ][gc,phases      ] GC(169)   StringTable Weak               Min:  0.0, Avg:  0.0, Max:  0.0, Diff:  0.0, Sum:  0.0, Workers: 6
[46.474s][debug  ][gc,phases      ] GC(169)     Dead                           Min: 0, Avg:  0.0, Max: 0, Diff: 0, Sum: 0, Workers: 6
[46.474s][debug  ][gc,phases      ] GC(169)     Total                          Min: 768, Avg: 892.2, Max: 1087, Diff: 319, Sum: 5353, Workers: 6
[46.474s][debug  ][gc,phases      ] GC(169)   ResolvedMethodTable Weak       Min:  0.0, Avg:  0.0, Max:  0.0, Diff:  0.0, Sum:  0.0, Workers: 6
[46.474s][debug  ][gc,phases      ] GC(169)     Dead                           Min: 0, Avg:  0.0, Max: 0, Diff: 0, Sum: 0, Workers: 6
[46.474s][debug  ][gc,phases      ] GC(169)     Total                          Min: 0, Avg: 21.7, Max: 64, Diff: 64, Sum: 130, Workers: 6
[46.474s][debug  ][gc,phases      ] GC(169)   JNI Weak                       Min:  0.0, Avg:  0.0, Max:  0.0, Diff:  0.0, Sum:  0.0, Workers: 6
[46.474s][debug  ][gc,phases      ] GC(169)     Dead                           Min: 0, Avg:  0.0, Max: 0, Diff: 0, Sum: 0, Workers: 6
[46.474s][debug  ][gc,phases      ] GC(169)     Total                          Min: 0, Avg:  0.0, Max: 0, Diff: 0, Sum: 0, Workers: 6
[46.474s][debug  ][gc,phases      ] GC(169)   StringDedup Table Weak         Min:  0.0, Avg:  0.0, Max:  0.0, Diff:  0.0, Sum:  0.0, Workers: 6
[46.474s][debug  ][gc,phases      ] GC(169)     Dead                           Min: 0, Avg:  0.0, Max: 0, Diff: 0, Sum: 0, Workers: 6
[46.474s][debug  ][gc,phases      ] GC(169)     Total                          Min: 0, Avg:  0.0, Max: 0, Diff: 0, Sum: 0, Workers: 6
[46.474s][debug  ][gc,phases      ] GC(169)   StringDedup Requests0 Weak     Min:  0.0, Avg:  0.0, Max:  0.0, Diff:  0.0, Sum:  0.0, Workers: 6
[46.474s][debug  ][gc,phases      ] GC(169)     Dead                           Min: 0, Avg:  0.0, Max: 0, Diff: 0, Sum: 0, Workers: 6
[46.474s][debug  ][gc,phases      ] GC(169)     Total                          Min: 0, Avg:  0.0, Max: 0, Diff: 0, Sum: 0, Workers: 6
[46.474s][debug  ][gc,phases      ] GC(169)   StringDedup Requests1 Weak     Min:  0.0, Avg:  0.0, Max:  0.0, Diff:  0.0, Sum:  0.0, Workers: 6
[46.474s][debug  ][gc,phases      ] GC(169)     Dead                           Min: 0, Avg:  0.0, Max: 0, Diff: 0, Sum: 0, Workers: 6
[46.474s][debug  ][gc,phases      ] GC(169)     Total                          Min: 0, Avg:  0.0, Max: 0, Diff: 0, Sum: 0, Workers: 6
[46.474s][debug  ][gc,phases      ] GC(169)   Weak JFR Old Object Samples    Min:  0.0, Avg:  0.0, Max:  0.0, Diff:  0.0, Sum:  0.0, Workers: 6
[46.474s][debug  ][gc,phases      ] GC(169)     Dead                           Min: 0, Avg:  0.0, Max: 0, Diff: 0, Sum: 0, Workers: 6
[46.474s][debug  ][gc,phases      ] GC(169)     Total                          Min: 0, Avg:  0.0, Max: 0, Diff: 0, Sum: 0, Workers: 6
[46.474s][debug  ][gc,phases      ] GC(169) Weak Processing 0.802ms
[46.474s][debug  ][gc,ergo        ] GC(169) AdaptiveSizeStart:  collection: 170 
[46.474s][debug  ][gc,ergo        ] GC(169) avg_survived_padded_avg: 31523214.000000
[46.474s][debug  ][gc,ergo        ] GC(169) avg_promoted_padded_avg: 275726912.000000  avg_pretenured_padded_avg: 0.000000  tenuring_thresh: 15  target_size: 31981568
[46.474s][debug  ][gc,age         ] GC(169) Desired survivor size 31981568 bytes, new threshold 15 (max threshold 15)
[46.475s][debug  ][gc,ergo        ] GC(169) PSAdaptiveSizePolicy::compute_eden_space_size limits: desired_eden_size: 222897851 old_eden_size: 204472320 eden_limit: 204472320 cur_eden: 204472320 max_eden_size: 204472320 avg_young_live: 26614310
[46.475s][debug  ][gc,ergo        ] GC(169) PSAdaptiveSizePolicy::compute_eden_space_size: costs minor_time: 0.043557 major_cost: 0.053116 mutator_cost: 0.903327 throughput_goal: 0.990000
[46.475s][debug  ][gc,ergo        ] GC(169) Live_space: 1073841408 free_space: 1423966208
[46.475s][debug  ][gc,ergo        ] GC(169) Old eden_size: 204472320 desired_eden_size: 204472320
[46.475s][debug  ][gc,ergo        ] GC(169) AdaptiveSizeStop: collection: 170 
[46.475s][info   ][gc,heap        ] GC(169) PSYoungGen: 229142K(230912K)->30720K(230912K) Eden: 198421K(199680K)->0K(199680K) From: 30720K(31232K)->30720K(31232K)
[46.475s][info   ][gc,heap        ] GC(169) ParOldGen: 933476K(1835008K)->1128036K(1835008K)
[46.475s][info   ][gc,metaspace   ] GC(169) Metaspace: 1026K(1216K)->1026K(1216K) NonClass: 942K(1024K)->942K(1024K) Class: 83K(192K)->83K(192K)
[46.475s][info   ][gc             ] GC(169) Pause Young (Allocation Failure) 1135M->1131M(2017M) 17.252ms
[46.475s][info   ][gc,cpu         ] GC(169) User=0.17s Sys=0.00s Real=0.02s
[46.475s][debug  ][gc,heap        ] GC(169) Heap after GC invocations=170 (full 27):
[46.475s][debug  ][gc,heap        ] GC(169)  PSYoungGen      total 230912K, used 30720K [0x00000000f0000000, 0x0000000100000000, 0x0000000100000000)
[46.475s][debug  ][gc,heap        ] GC(169)   eden space 199680K, 0% used [0x00000000f0000000,0x00000000f0000000,0x00000000fc300000)
[46.475s][debug  ][gc,heap        ] GC(169)   from space 31232K, 98% used [0x00000000fe180000,0x00000000fff80030,0x0000000100000000)
[46.475s][debug  ][gc,heap        ] GC(169)   to   space 31232K, 0% used [0x00000000fc300000,0x00000000fc300000,0x00000000fe180000)
[46.475s][debug  ][gc,heap        ] GC(169)  ParOldGen       total 1835008K, used 1128036K [0x0000000080000000, 0x00000000f0000000, 0x00000000f0000000)
[46.475s][debug  ][gc,heap        ] GC(169)   object space 1835008K, 61% used [0x0000000080000000,0x00000000c4d99260,0x00000000f0000000)
[46.475s][debug  ][gc,heap        ] GC(169)  Metaspace       used 1026K, committed 1216K, reserved 1056768K
[46.475s][debug  ][gc,heap        ] GC(169)   class space    used 83K, committed 192K, reserved 1048576K
[46.475s][debug  ][gc,task,time   ] GC(169) VM-Thread 464569791 464728178 464750374
[46.777s][debug  ][gc,heap        ] GC(170) Heap before GC invocations=171 (full 27):
[46.777s][debug  ][gc,heap        ] GC(170)  PSYoungGen      total 230912K, used 229161K [0x00000000f0000000, 0x0000000100000000, 0x0000000100000000)
[46.777s][debug  ][gc,heap        ] GC(170)   eden space 199680K, 99% used [0x00000000f0000000,0x00000000fc1ca3d0,0x00000000fc300000)
[46.777s][debug  ][gc,heap        ] GC(170)   from space 31232K, 98% used [0x00000000fe180000,0x00000000fff80030,0x0000000100000000)
[46.777s][debug  ][gc,heap        ] GC(170)   to   space 31232K, 0% used [0x00000000fc300000,0x00000000fc300000,0x00000000fe180000)
[46.778s][debug  ][gc,heap        ] GC(170)  ParOldGen       total 1835008K, used 1128036K [0x0000000080000000, 0x00000000f0000000, 0x00000000f0000000)
[46.778s][debug  ][gc,heap        ] GC(170)   object space 1835008K, 61% used [0x0000000080000000,0x00000000c4d99260,0x00000000f0000000)
[46.778s][debug  ][gc,heap        ] GC(170)  Metaspace       used 1026K, committed 1216K, reserved 1056768K
[46.778s][debug  ][gc,heap        ] GC(170)   class space    used 83K, committed 192K, reserved 1048576K
[46.778s][debug  ][gc,tlab        ] GC(170) TLAB totals: thrds: 1  refills: 1 max: 1 slow allocs: 18 max 18 waste: 27.5% gc: 3973792B max: 3973792B slow: 0B max: 0B
[46.778s][info   ][gc,start       ] GC(170) Pause Young (Allocation Failure)
[46.778s][debug  ][gc,phases,start] GC(170) Scavenge
[46.793s][debug  ][gc,phases      ] GC(170) Scavenge 15.284ms
[46.793s][debug  ][gc,phases,start] GC(170) Reference Processing
[46.793s][debug  ][gc,ref         ] GC(170) Skipped phase 1 of Reference Processing: no references
[46.793s][debug  ][gc,ref         ] GC(170) Skipped phase 2 of Reference Processing: no references
[46.793s][debug  ][gc,ref         ] GC(170) Skipped phase 3 of Reference Processing: no references
[46.793s][debug  ][gc,ref         ] GC(170) Skipped phase 4 of Reference Processing: no references
[46.793s][debug  ][gc,phases,ref  ] GC(170) Reference Processing: 0.1ms
[46.793s][debug  ][gc,phases,ref  ] GC(170)   Reconsider SoftReferences: 0.0ms
[46.793s][debug  ][gc,phases,ref  ] GC(170)     SoftRef (ms):                  skipped
[46.793s][debug  ][gc,phases,ref  ] GC(170)   Notify Soft/WeakReferences: 0.0ms
[46.793s][debug  ][gc,phases,ref  ] GC(170)     SoftRef (ms):                  skipped
[46.793s][debug  ][gc,phases,ref  ] GC(170)     WeakRef (ms):                  skipped
[46.793s][debug  ][gc,phases,ref  ] GC(170)     FinalRef (ms):                 skipped
[46.793s][debug  ][gc,phases,ref  ] GC(170)     Total (ms):                    skipped
[46.793s][debug  ][gc,phases,ref  ] GC(170)   Notify and keep alive finalizable: 0.0ms
[46.794s][debug  ][gc,phases,ref  ] GC(170)     FinalRef (ms):                 skipped
[46.794s][debug  ][gc,phases,ref  ] GC(170)   Notify PhantomReferences: 0.0ms
[46.794s][debug  ][gc,phases,ref  ] GC(170)     PhantomRef (ms):               skipped
[46.794s][debug  ][gc,phases,ref  ] GC(170)   SoftReference:
[46.794s][debug  ][gc,phases,ref  ] GC(170)     Discovered: 0
[46.794s][debug  ][gc,phases,ref  ] GC(170)     Cleared: 0
[46.794s][debug  ][gc,phases,ref  ] GC(170)   WeakReference:
[46.794s][debug  ][gc,phases,ref  ] GC(170)     Discovered: 0
[46.794s][debug  ][gc,phases,ref  ] GC(170)     Cleared: 0
[46.794s][debug  ][gc,phases,ref  ] GC(170)   FinalReference:
[46.794s][debug  ][gc,phases,ref  ] GC(170)     Discovered: 0
[46.794s][debug  ][gc,phases,ref  ] GC(170)     Cleared: 0
[46.794s][debug  ][gc,phases,ref  ] GC(170)   PhantomReference:
[46.794s][debug  ][gc,phases,ref  ] GC(170)     Discovered: 0
[46.794s][debug  ][gc,phases,ref  ] GC(170)     Cleared: 0
[46.794s][debug  ][gc,phases      ] GC(170) Reference Processing 0.708ms
[46.794s][debug  ][gc,phases,start] GC(170) Weak Processing
[46.794s][debug  ][gc,phases      ] GC(170)   VM Weak                        Min:  0.0, Avg:  0.0, Max:  0.0, Diff:  0.0, Sum:  0.0, Workers: 6
[46.794s][debug  ][gc,phases      ] GC(170)     Dead                           Min: 0, Avg:  0.0, Max: 0, Diff: 0, Sum: 0, Workers: 6
[46.794s][debug  ][gc,phases      ] GC(170)     Total                          Min: 0, Avg:  1.3, Max: 8, Diff: 8, Sum: 8, Workers: 6
[46.794s][debug  ][gc,phases      ] GC(170)   ObjectSynchronizer Weak        Min:  0.0, Avg:  0.0, Max:  0.0, Diff:  0.0, Sum:  0.0, Workers: 6
[46.794s][debug  ][gc,phases      ] GC(170)     Dead                           Min: 0, Avg:  0.0, Max: 0, Diff: 0, Sum: 0, Workers: 6
[46.794s][debug  ][gc,phases      ] GC(170)     Total                          Min: 0, Avg:  0.5, Max: 3, Diff: 3, Sum: 3, Workers: 6
[46.794s][debug  ][gc,phases      ] GC(170)   JVMTI Tag Weak OopStorage      Min:  0.0, Avg:  0.0, Max:  0.0, Diff:  0.0, Sum:  0.0, Workers: 6
[46.794s][debug  ][gc,phases      ] GC(170)     Dead                           Min: 0, Avg:  0.0, Max: 0, Diff: 0, Sum: 0, Workers: 6
[46.794s][debug  ][gc,phases      ] GC(170)     Total                          Min: 0, Avg:  0.0, Max: 0, Diff: 0, Sum: 0, Workers: 6
[46.794s][debug  ][gc,phases      ] GC(170)   StringTable Weak               Min:  0.0, Avg:  0.0, Max:  0.0, Diff:  0.0, Sum:  0.0, Workers: 6
[46.794s][debug  ][gc,phases      ] GC(170)     Dead                           Min: 0, Avg:  0.0, Max: 0, Diff: 0, Sum: 0, Workers: 6
[46.794s][debug  ][gc,phases      ] GC(170)     Total                          Min: 703, Avg: 892.2, Max: 1216, Diff: 513, Sum: 5353, Workers: 6
[46.794s][debug  ][gc,phases      ] GC(170)   ResolvedMethodTable Weak       Min:  0.0, Avg:  0.0, Max:  0.0, Diff:  0.0, Sum:  0.0, Workers: 6
[46.794s][debug  ][gc,phases      ] GC(170)     Dead                           Min: 0, Avg:  0.0, Max: 0, Diff: 0, Sum: 0, Workers: 6
[46.794s][debug  ][gc,phases      ] GC(170)     Total                          Min: 0, Avg: 21.7, Max: 64, Diff: 64, Sum: 130, Workers: 6
[46.794s][debug  ][gc,phases      ] GC(170)   JNI Weak                       Min:  0.0, Avg:  0.0, Max:  0.0, Diff:  0.0, Sum:  0.0, Workers: 6
[46.794s][debug  ][gc,phases      ] GC(170)     Dead                           Min: 0, Avg:  0.0, Max: 0, Diff: 0, Sum: 0, Workers: 6
[46.794s][debug  ][gc,phases      ] GC(170)     Total                          Min: 0, Avg:  0.0, Max: 0, Diff: 0, Sum: 0, Workers: 6
[46.794s][debug  ][gc,phases      ] GC(170)   StringDedup Table Weak         Min:  0.0, Avg:  0.0, Max:  0.0, Diff:  0.0, Sum:  0.0, Workers: 6
[46.794s][debug  ][gc,phases      ] GC(170)     Dead                           Min: 0, Avg:  0.0, Max: 0, Diff: 0, Sum: 0, Workers: 6
[46.794s][debug  ][gc,phases      ] GC(170)     Total                          Min: 0, Avg:  0.0, Max: 0, Diff: 0, Sum: 0, Workers: 6
[46.794s][debug  ][gc,phases      ] GC(170)   StringDedup Requests0 Weak     Min:  0.0, Avg:  0.0, Max:  0.0, Diff:  0.0, Sum:  0.0, Workers: 6
[46.794s][debug  ][gc,phases      ] GC(170)     Dead                           Min: 0, Avg:  0.0, Max: 0, Diff: 0, Sum: 0, Workers: 6
[46.794s][debug  ][gc,phases      ] GC(170)     Total                          Min: 0, Avg:  0.0, Max: 0, Diff: 0, Sum: 0, Workers: 6
[46.795s][debug  ][gc,phases      ] GC(170)   StringDedup Requests1 Weak     Min:  0.0, Avg:  0.0, Max:  0.0, Diff:  0.0, Sum:  0.0, Workers: 6
[46.795s][debug  ][gc,phases      ] GC(170)     Dead                           Min: 0, Avg:  0.0, Max: 0, Diff: 0, Sum: 0, Workers: 6
[46.795s][debug  ][gc,phases      ] GC(170)     Total                          Min: 0, Avg:  0.0, Max: 0, Diff: 0, Sum: 0, Workers: 6
[46.795s][debug  ][gc,phases      ] GC(170)   Weak JFR Old Object Samples    Min:  0.0, Avg:  0.0, Max:  0.0, Diff:  0.0, Sum:  0.0, Workers: 6
[46.795s][debug  ][gc,phases      ] GC(170)     Dead                           Min: 0, Avg:  0.0, Max: 0, Diff: 0, Sum: 0, Workers: 6
[46.795s][debug  ][gc,phases      ] GC(170)     Total                          Min: 0, Avg:  0.0, Max: 0, Diff: 0, Sum: 0, Workers: 6
[46.795s][debug  ][gc,phases      ] GC(170) Weak Processing 0.761ms
[46.795s][debug  ][gc,ergo        ] GC(170) AdaptiveSizeStart:  collection: 171 
[46.795s][debug  ][gc,ergo        ] GC(170) avg_survived_padded_avg: 31517432.000000
[46.795s][debug  ][gc,ergo        ] GC(170) avg_promoted_padded_avg: 276606944.000000  avg_pretenured_padded_avg: 0.000000  tenuring_thresh: 15  target_size: 31981568
[46.795s][debug  ][gc,age         ] GC(170) Desired survivor size 31981568 bytes, new threshold 15 (max threshold 15)
[46.795s][debug  ][gc,ergo        ] GC(170) PSAdaptiveSizePolicy::compute_eden_space_size limits: desired_eden_size: 223419896 old_eden_size: 204472320 eden_limit: 204472320 cur_eden: 204472320 max_eden_size: 204472320 avg_young_live: 27098610
[46.795s][debug  ][gc,ergo        ] GC(170) PSAdaptiveSizePolicy::compute_eden_space_size: costs minor_time: 0.045857 major_cost: 0.053116 mutator_cost: 0.901028 throughput_goal: 0.990000
[46.795s][debug  ][gc,ergo        ] GC(170) Live_space: 1074325760 free_space: 1423966208
[46.795s][debug  ][gc,ergo        ] GC(170) Old eden_size: 204472320 desired_eden_size: 204472320
[46.795s][debug  ][gc,ergo        ] GC(170) AdaptiveSizeStop: collection: 171 
[46.795s][info   ][gc,heap        ] GC(170) PSYoungGen: 229161K(230912K)->30720K(230912K) Eden: 198440K(199680K)->0K(199680K) From: 30720K(31232K)->30720K(31232K)
[46.795s][info   ][gc,heap        ] GC(170) ParOldGen: 1128036K(1835008K)->1322596K(1835008K)
[46.795s][info   ][gc,metaspace   ] GC(170) Metaspace: 1026K(1216K)->1026K(1216K) NonClass: 942K(1024K)->942K(1024K) Class: 83K(192K)->83K(192K)
[46.795s][info   ][gc             ] GC(170) Pause Young (Allocation Failure) 1325M->1321M(2017M) 17.251ms
[46.795s][info   ][gc,cpu         ] GC(170) User=0.14s Sys=0.00s Real=0.02s
[46.795s][debug  ][gc,heap        ] GC(170) Heap after GC invocations=171 (full 27):
[46.795s][debug  ][gc,heap        ] GC(170)  PSYoungGen      total 230912K, used 30720K [0x00000000f0000000, 0x0000000100000000, 0x0000000100000000)
[46.795s][debug  ][gc,heap        ] GC(170)   eden space 199680K, 0% used [0x00000000f0000000,0x00000000f0000000,0x00000000fc300000)
[46.795s][debug  ][gc,heap        ] GC(170)   from space 31232K, 98% used [0x00000000fc300000,0x00000000fe100030,0x00000000fe180000)
[46.795s][debug  ][gc,heap        ] GC(170)   to   space 31232K, 0% used [0x00000000fe180000,0x00000000fe180000,0x0000000100000000)
[46.795s][debug  ][gc,heap        ] GC(170)  ParOldGen       total 1835008K, used 1322596K [0x0000000080000000, 0x00000000f0000000, 0x00000000f0000000)
[46.795s][debug  ][gc,heap        ] GC(170)   object space 1835008K, 72% used [0x0000000080000000,0x00000000d0b99390,0x00000000f0000000)
[46.795s][debug  ][gc,heap        ] GC(170)  Metaspace       used 1026K, committed 1216K, reserved 1056768K
[46.795s][debug  ][gc,heap        ] GC(170)   class space    used 83K, committed 192K, reserved 1048576K
[46.795s][debug  ][gc,task,time   ] GC(170) VM-Thread 467772013 467931486 467952173
[47.094s][debug  ][gc,heap        ] GC(171) Heap before GC invocations=172 (full 27):
[47.094s][debug  ][gc,heap        ] GC(171)  PSYoungGen      total 230912K, used 229173K [0x00000000f0000000, 0x0000000100000000, 0x0000000100000000)
[47.094s][debug  ][gc,heap        ] GC(171)   eden space 199680K, 99% used [0x00000000f0000000,0x00000000fc1cd498,0x00000000fc300000)
[47.094s][debug  ][gc,heap        ] GC(171)   from space 31232K, 98% used [0x00000000fc300000,0x00000000fe100030,0x00000000fe180000)
[47.094s][debug  ][gc,heap        ] GC(171)   to   space 31232K, 0% used [0x00000000fe180000,0x00000000fe180000,0x0000000100000000)
[47.094s][debug  ][gc,heap        ] GC(171)  ParOldGen       total 1835008K, used 1322596K [0x0000000080000000, 0x00000000f0000000, 0x00000000f0000000)
[47.094s][debug  ][gc,heap        ] GC(171)   object space 1835008K, 72% used [0x0000000080000000,0x00000000d0b99390,0x00000000f0000000)
[47.095s][debug  ][gc,heap        ] GC(171)  Metaspace       used 1026K, committed 1216K, reserved 1056768K
[47.095s][debug  ][gc,heap        ] GC(171)   class space    used 83K, committed 192K, reserved 1048576K
[47.095s][debug  ][gc,tlab        ] GC(171) TLAB totals: thrds: 1  refills: 1 max: 1 slow allocs: 18 max 18 waste: 27.5% gc: 3986280B max: 3986280B slow: 0B max: 0B
[47.095s][info   ][gc,start       ] GC(171) Pause Young (Allocation Failure)
[47.095s][debug  ][gc,phases,start] GC(171) Scavenge
[47.110s][debug  ][gc,phases      ] GC(171) Scavenge 15.450ms
[47.110s][debug  ][gc,phases,start] GC(171) Reference Processing
[47.110s][debug  ][gc,ref         ] GC(171) Skipped phase 1 of Reference Processing: no references
[47.110s][debug  ][gc,ref         ] GC(171) Skipped phase 2 of Reference Processing: no references
[47.110s][debug  ][gc,ref         ] GC(171) Skipped phase 3 of Reference Processing: no references
[47.110s][debug  ][gc,ref         ] GC(171) Skipped phase 4 of Reference Processing: no references
[47.110s][debug  ][gc,phases,ref  ] GC(171) Reference Processing: 0.1ms
[47.110s][debug  ][gc,phases,ref  ] GC(171)   Reconsider SoftReferences: 0.0ms
[47.110s][debug  ][gc,phases,ref  ] GC(171)     SoftRef (ms):                  skipped
[47.110s][debug  ][gc,phases,ref  ] GC(171)   Notify Soft/WeakReferences: 0.0ms
[47.110s][debug  ][gc,phases,ref  ] GC(171)     SoftRef (ms):                  skipped
[47.110s][debug  ][gc,phases,ref  ] GC(171)     WeakRef (ms):                  skipped
[47.110s][debug  ][gc,phases,ref  ] GC(171)     FinalRef (ms):                 skipped
[47.111s][debug  ][gc,phases,ref  ] GC(171)     Total (ms):                    skipped
[47.111s][debug  ][gc,phases,ref  ] GC(171)   Notify and keep alive finalizable: 0.0ms
[47.111s][debug  ][gc,phases,ref  ] GC(171)     FinalRef (ms):                 skipped
[47.111s][debug  ][gc,phases,ref  ] GC(171)   Notify PhantomReferences: 0.0ms
[47.111s][debug  ][gc,phases,ref  ] GC(171)     PhantomRef (ms):               skipped
[47.111s][debug  ][gc,phases,ref  ] GC(171)   SoftReference:
[47.111s][debug  ][gc,phases,ref  ] GC(171)     Discovered: 0
[47.111s][debug  ][gc,phases,ref  ] GC(171)     Cleared: 0
[47.111s][debug  ][gc,phases,ref  ] GC(171)   WeakReference:
[47.111s][debug  ][gc,phases,ref  ] GC(171)     Discovered: 0
[47.111s][debug  ][gc,phases,ref  ] GC(171)     Cleared: 0
[47.111s][debug  ][gc,phases,ref  ] GC(171)   FinalReference:
[47.111s][debug  ][gc,phases,ref  ] GC(171)     Discovered: 0
[47.111s][debug  ][gc,phases,ref  ] GC(171)     Cleared: 0
[47.111s][debug  ][gc,phases,ref  ] GC(171)   PhantomReference:
[47.111s][debug  ][gc,phases,ref  ] GC(171)     Discovered: 0
[47.111s][debug  ][gc,phases,ref  ] GC(171)     Cleared: 0
[47.111s][debug  ][gc,phases      ] GC(171) Reference Processing 0.691ms
[47.111s][debug  ][gc,phases,start] GC(171) Weak Processing
[47.111s][debug  ][gc,phases      ] GC(171)   VM Weak                        Min:  0.0, Avg:  0.0, Max:  0.0, Diff:  0.0, Sum:  0.0, Workers: 6
[47.111s][debug  ][gc,phases      ] GC(171)     Dead                           Min: 0, Avg:  0.0, Max: 0, Diff: 0, Sum: 0, Workers: 6
[47.111s][debug  ][gc,phases      ] GC(171)     Total                          Min: 0, Avg:  1.3, Max: 8, Diff: 8, Sum: 8, Workers: 6
[47.111s][debug  ][gc,phases      ] GC(171)   ObjectSynchronizer Weak        Min:  0.0, Avg:  0.0, Max:  0.0, Diff:  0.0, Sum:  0.0, Workers: 6
[47.111s][debug  ][gc,phases      ] GC(171)     Dead                           Min: 0, Avg:  0.0, Max: 0, Diff: 0, Sum: 0, Workers: 6
[47.111s][debug  ][gc,phases      ] GC(171)     Total                          Min: 0, Avg:  0.5, Max: 3, Diff: 3, Sum: 3, Workers: 6
[47.111s][debug  ][gc,phases      ] GC(171)   JVMTI Tag Weak OopStorage      Min:  0.0, Avg:  0.0, Max:  0.0, Diff:  0.0, Sum:  0.0, Workers: 6
[47.111s][debug  ][gc,phases      ] GC(171)     Dead                           Min: 0, Avg:  0.0, Max: 0, Diff: 0, Sum: 0, Workers: 6
[47.111s][debug  ][gc,phases      ] GC(171)     Total                          Min: 0, Avg:  0.0, Max: 0, Diff: 0, Sum: 0, Workers: 6
[47.111s][debug  ][gc,phases      ] GC(171)   StringTable Weak               Min:  0.0, Avg:  0.0, Max:  0.0, Diff:  0.0, Sum:  0.0, Workers: 6
[47.111s][debug  ][gc,phases      ] GC(171)     Dead                           Min: 0, Avg:  0.0, Max: 0, Diff: 0, Sum: 0, Workers: 6
[47.111s][debug  ][gc,phases      ] GC(171)     Total                          Min: 768, Avg: 892.2, Max: 1151, Diff: 383, Sum: 5353, Workers: 6
[47.111s][debug  ][gc,phases      ] GC(171)   ResolvedMethodTable Weak       Min:  0.0, Avg:  0.0, Max:  0.0, Diff:  0.0, Sum:  0.0, Workers: 6
[47.111s][debug  ][gc,phases      ] GC(171)     Dead                           Min: 0, Avg:  0.0, Max: 0, Diff: 0, Sum: 0, Workers: 6
[47.111s][debug  ][gc,phases      ] GC(171)     Total                          Min: 0, Avg: 21.7, Max: 64, Diff: 64, Sum: 130, Workers: 6
[47.111s][debug  ][gc,phases      ] GC(171)   JNI Weak                       Min:  0.0, Avg:  0.0, Max:  0.0, Diff:  0.0, Sum:  0.0, Workers: 6
[47.111s][debug  ][gc,phases      ] GC(171)     Dead                           Min: 0, Avg:  0.0, Max: 0, Diff: 0, Sum: 0, Workers: 6
[47.111s][debug  ][gc,phases      ] GC(171)     Total                          Min: 0, Avg:  0.0, Max: 0, Diff: 0, Sum: 0, Workers: 6
[47.111s][debug  ][gc,phases      ] GC(171)   StringDedup Table Weak         Min:  0.0, Avg:  0.0, Max:  0.0, Diff:  0.0, Sum:  0.0, Workers: 6
[47.111s][debug  ][gc,phases      ] GC(171)     Dead                           Min: 0, Avg:  0.0, Max: 0, Diff: 0, Sum: 0, Workers: 6
[47.112s][debug  ][gc,phases      ] GC(171)     Total                          Min: 0, Avg:  0.0, Max: 0, Diff: 0, Sum: 0, Workers: 6
[47.112s][debug  ][gc,phases      ] GC(171)   StringDedup Requests0 Weak     Min:  0.0, Avg:  0.0, Max:  0.0, Diff:  0.0, Sum:  0.0, Workers: 6
[47.112s][debug  ][gc,phases      ] GC(171)     Dead                           Min: 0, Avg:  0.0, Max: 0, Diff: 0, Sum: 0, Workers: 6
[47.112s][debug  ][gc,phases      ] GC(171)     Total                          Min: 0, Avg:  0.0, Max: 0, Diff: 0, Sum: 0, Workers: 6
[47.112s][debug  ][gc,phases      ] GC(171)   StringDedup Requests1 Weak     Min:  0.0, Avg:  0.0, Max:  0.0, Diff:  0.0, Sum:  0.0, Workers: 6
[47.112s][debug  ][gc,phases      ] GC(171)     Dead                           Min: 0, Avg:  0.0, Max: 0, Diff: 0, Sum: 0, Workers: 6
[47.112s][debug  ][gc,phases      ] GC(171)     Total                          Min: 0, Avg:  0.0, Max: 0, Diff: 0, Sum: 0, Workers: 6
[47.112s][debug  ][gc,phases      ] GC(171)   Weak JFR Old Object Samples    Min:  0.0, Avg:  0.0, Max:  0.0, Diff:  0.0, Sum:  0.0, Workers: 6
[47.112s][debug  ][gc,phases      ] GC(171)     Dead                           Min: 0, Avg:  0.0, Max: 0, Diff: 0, Sum: 0, Workers: 6
[47.112s][debug  ][gc,phases      ] GC(171)     Total                          Min: 0, Avg:  0.0, Max: 0, Diff: 0, Sum: 0, Workers: 6
[47.112s][debug  ][gc,phases      ] GC(171) Weak Processing 0.818ms
[47.112s][debug  ][gc,ergo        ] GC(171) AdaptiveSizeStart:  collection: 172 
[47.112s][debug  ][gc,ergo        ] GC(171) avg_survived_padded_avg: 31512148.000000
[47.112s][debug  ][gc,ergo        ] GC(171) avg_promoted_padded_avg: 276545984.000000  avg_pretenured_padded_avg: 0.000000  tenuring_thresh: 15  target_size: 31981568
[47.112s][debug  ][gc,age         ] GC(171) Desired survivor size 31981568 bytes, new threshold 15 (max threshold 15)
[47.112s][debug  ][gc,ergo        ] GC(171) PSAdaptiveSizePolicy::compute_eden_space_size limits: desired_eden_size: 223857494 old_eden_size: 204472320 eden_limit: 204472320 cur_eden: 204472320 max_eden_size: 204472320 avg_young_live: 27534480
[47.112s][debug  ][gc,ergo        ] GC(171) PSAdaptiveSizePolicy::compute_eden_space_size: costs minor_time: 0.047870 major_cost: 0.053116 mutator_cost: 0.899014 throughput_goal: 0.990000
[47.112s][debug  ][gc,ergo        ] GC(171) Live_space: 1074761472 free_space: 1423966208
[47.112s][debug  ][gc,ergo        ] GC(171) Old eden_size: 204472320 desired_eden_size: 204472320
[47.112s][debug  ][gc,ergo        ] GC(171) AdaptiveSizeStop: collection: 172 
[47.112s][info   ][gc,heap        ] GC(171) PSYoungGen: 229173K(230912K)->30720K(230912K) Eden: 198453K(199680K)->0K(199680K) From: 30720K(31232K)->30720K(31232K)
[47.112s][info   ][gc,heap        ] GC(171) ParOldGen: 1322596K(1835008K)->1517157K(1835008K)
[47.112s][info   ][gc,metaspace   ] GC(171) Metaspace: 1026K(1216K)->1026K(1216K) NonClass: 942K(1024K)->942K(1024K) Class: 83K(192K)->83K(192K)
[47.112s][info   ][gc             ] GC(171) Pause Young (Allocation Failure) 1515M->1511M(2017M) 17.435ms
[47.112s][info   ][gc,cpu         ] GC(171) User=0.16s Sys=0.00s Real=0.02s
[47.112s][debug  ][gc,heap        ] GC(171) Heap after GC invocations=172 (full 27):
[47.112s][debug  ][gc,heap        ] GC(171)  PSYoungGen      total 230912K, used 30720K [0x00000000f0000000, 0x0000000100000000, 0x0000000100000000)
[47.112s][debug  ][gc,heap        ] GC(171)   eden space 199680K, 0% used [0x00000000f0000000,0x00000000f0000000,0x00000000fc300000)
[47.112s][debug  ][gc,heap        ] GC(171)   from space 31232K, 98% used [0x00000000fe180000,0x00000000fff80030,0x0000000100000000)
[47.112s][debug  ][gc,heap        ] GC(171)   to   space 31232K, 0% used [0x00000000fc300000,0x00000000fc300000,0x00000000fe180000)
[47.112s][debug  ][gc,heap        ] GC(171)  ParOldGen       total 1835008K, used 1517157K [0x0000000080000000, 0x00000000f0000000, 0x00000000f0000000)
[47.112s][debug  ][gc,heap        ] GC(171)   object space 1835008K, 82% used [0x0000000080000000,0x00000000dc9994c0,0x00000000f0000000)
[47.112s][debug  ][gc,heap        ] GC(171)  Metaspace       used 1026K, committed 1216K, reserved 1056768K
[47.112s][debug  ][gc,heap        ] GC(171)   class space    used 83K, committed 192K, reserved 1048576K
[47.112s][debug  ][gc,task,time   ] GC(171) VM-Thread 470942206 471102117 471123182
[47.412s][debug  ][gc,heap        ] GC(172) Heap before GC invocations=173 (full 27):
[47.413s][debug  ][gc,heap        ] GC(172)  PSYoungGen      total 230912K, used 229181K [0x00000000f0000000, 0x0000000100000000, 0x0000000100000000)
[47.413s][debug  ][gc,heap        ] GC(172)   eden space 199680K, 99% used [0x00000000f0000000,0x00000000fc1cf3f8,0x00000000fc300000)
[47.413s][debug  ][gc,heap        ] GC(172)   from space 31232K, 98% used [0x00000000fe180000,0x00000000fff80030,0x0000000100000000)
[47.413s][debug  ][gc,heap        ] GC(172)   to   space 31232K, 0% used [0x00000000fc300000,0x00000000fc300000,0x00000000fe180000)
[47.413s][debug  ][gc,heap        ] GC(172)  ParOldGen       total 1835008K, used 1517157K [0x0000000080000000, 0x00000000f0000000, 0x00000000f0000000)
[47.413s][debug  ][gc,heap        ] GC(172)   object space 1835008K, 82% used [0x0000000080000000,0x00000000dc9994c0,0x00000000f0000000)
[47.413s][debug  ][gc,heap        ] GC(172)  Metaspace       used 1026K, committed 1216K, reserved 1056768K
[47.413s][debug  ][gc,heap        ] GC(172)   class space    used 83K, committed 192K, reserved 1048576K
[47.413s][debug  ][gc,tlab        ] GC(172) TLAB totals: thrds: 1  refills: 1 max: 1 slow allocs: 18 max 18 waste: 27.6% gc: 3994312B max: 3994312B slow: 0B max: 0B
[47.413s][info   ][gc,start       ] GC(172) Pause Young (Allocation Failure)
[47.413s][debug  ][gc,phases,start] GC(172) Scavenge
[47.428s][debug  ][gc,phases      ] GC(172) Scavenge 15.371ms
[47.428s][debug  ][gc,phases,start] GC(172) Reference Processing
[47.428s][debug  ][gc,ref         ] GC(172) Skipped phase 1 of Reference Processing: no references
[47.429s][debug  ][gc,ref         ] GC(172) Skipped phase 2 of Reference Processing: no references
[47.429s][debug  ][gc,ref         ] GC(172) Skipped phase 3 of Reference Processing: no references
[47.429s][debug  ][gc,ref         ] GC(172) Skipped phase 4 of Reference Processing: no references
[47.429s][debug  ][gc,phases,ref  ] GC(172) Reference Processing: 0.1ms
[47.429s][debug  ][gc,phases,ref  ] GC(172)   Reconsider SoftReferences: 0.0ms
[47.429s][debug  ][gc,phases,ref  ] GC(172)     SoftRef (ms):                  skipped
[47.429s][debug  ][gc,phases,ref  ] GC(172)   Notify Soft/WeakReferences: 0.0ms
[47.429s][debug  ][gc,phases,ref  ] GC(172)     SoftRef (ms):                  skipped
[47.429s][debug  ][gc,phases,ref  ] GC(172)     WeakRef (ms):                  skipped
[47.429s][debug  ][gc,phases,ref  ] GC(172)     FinalRef (ms):                 skipped
[47.429s][debug  ][gc,phases,ref  ] GC(172)     Total (ms):                    skipped
[47.429s][debug  ][gc,phases,ref  ] GC(172)   Notify and keep alive finalizable: 0.0ms
[47.429s][debug  ][gc,phases,ref  ] GC(172)     FinalRef (ms):                 skipped
[47.429s][debug  ][gc,phases,ref  ] GC(172)   Notify PhantomReferences: 0.0ms
[47.429s][debug  ][gc,phases,ref  ] GC(172)     PhantomRef (ms):               skipped
[47.429s][debug  ][gc,phases,ref  ] GC(172)   SoftReference:
[47.429s][debug  ][gc,phases,ref  ] GC(172)     Discovered: 0
[47.429s][debug  ][gc,phases,ref  ] GC(172)     Cleared: 0
[47.429s][debug  ][gc,phases,ref  ] GC(172)   WeakReference:
[47.429s][debug  ][gc,phases,ref  ] GC(172)     Discovered: 0
[47.429s][debug  ][gc,phases,ref  ] GC(172)     Cleared: 0
[47.429s][debug  ][gc,phases,ref  ] GC(172)   FinalReference:
[47.429s][debug  ][gc,phases,ref  ] GC(172)     Discovered: 0
[47.429s][debug  ][gc,phases,ref  ] GC(172)     Cleared: 0
[47.429s][debug  ][gc,phases,ref  ] GC(172)   PhantomReference:
[47.429s][debug  ][gc,phases,ref  ] GC(172)     Discovered: 0
[47.429s][debug  ][gc,phases,ref  ] GC(172)     Cleared: 0
[47.429s][debug  ][gc,phases      ] GC(172) Reference Processing 0.652ms
[47.429s][debug  ][gc,phases,start] GC(172) Weak Processing
[47.429s][debug  ][gc,phases      ] GC(172)   VM Weak                        Min:  0.0, Avg:  0.0, Max:  0.0, Diff:  0.0, Sum:  0.0, Workers: 6
[47.429s][debug  ][gc,phases      ] GC(172)     Dead                           Min: 0, Avg:  0.0, Max: 0, Diff: 0, Sum: 0, Workers: 6
[47.429s][debug  ][gc,phases      ] GC(172)     Total                          Min: 0, Avg:  1.3, Max: 8, Diff: 8, Sum: 8, Workers: 6
[47.429s][debug  ][gc,phases      ] GC(172)   ObjectSynchronizer Weak        Min:  0.0, Avg:  0.0, Max:  0.0, Diff:  0.0, Sum:  0.0, Workers: 6
[47.429s][debug  ][gc,phases      ] GC(172)     Dead                           Min: 0, Avg:  0.0, Max: 0, Diff: 0, Sum: 0, Workers: 6
[47.429s][debug  ][gc,phases      ] GC(172)     Total                          Min: 0, Avg:  0.5, Max: 3, Diff: 3, Sum: 3, Workers: 6
[47.429s][debug  ][gc,phases      ] GC(172)   JVMTI Tag Weak OopStorage      Min:  0.0, Avg:  0.0, Max:  0.0, Diff:  0.0, Sum:  0.0, Workers: 6
[47.429s][debug  ][gc,phases      ] GC(172)     Dead                           Min: 0, Avg:  0.0, Max: 0, Diff: 0, Sum: 0, Workers: 6
[47.429s][debug  ][gc,phases      ] GC(172)     Total                          Min: 0, Avg:  0.0, Max: 0, Diff: 0, Sum: 0, Workers: 6
[47.429s][debug  ][gc,phases      ] GC(172)   StringTable Weak               Min:  0.0, Avg:  0.0, Max:  0.0, Diff:  0.0, Sum:  0.0, Workers: 6
[47.429s][debug  ][gc,phases      ] GC(172)     Dead                           Min: 0, Avg:  0.0, Max: 0, Diff: 0, Sum: 0, Workers: 6
[47.429s][debug  ][gc,phases      ] GC(172)     Total                          Min: 767, Avg: 892.2, Max: 1088, Diff: 321, Sum: 5353, Workers: 6
[47.429s][debug  ][gc,phases      ] GC(172)   ResolvedMethodTable Weak       Min:  0.0, Avg:  0.0, Max:  0.0, Diff:  0.0, Sum:  0.0, Workers: 6
[47.430s][debug  ][gc,phases      ] GC(172)     Dead                           Min: 0, Avg:  0.0, Max: 0, Diff: 0, Sum: 0, Workers: 6
[47.430s][debug  ][gc,phases      ] GC(172)     Total                          Min: 0, Avg: 21.7, Max: 64, Diff: 64, Sum: 130, Workers: 6
[47.430s][debug  ][gc,phases      ] GC(172)   JNI Weak                       Min:  0.0, Avg:  0.0, Max:  0.0, Diff:  0.0, Sum:  0.0, Workers: 6
[47.430s][debug  ][gc,phases      ] GC(172)     Dead                           Min: 0, Avg:  0.0, Max: 0, Diff: 0, Sum: 0, Workers: 6
[47.430s][debug  ][gc,phases      ] GC(172)     Total                          Min: 0, Avg:  0.0, Max: 0, Diff: 0, Sum: 0, Workers: 6
[47.430s][debug  ][gc,phases      ] GC(172)   StringDedup Table Weak         Min:  0.0, Avg:  0.0, Max:  0.0, Diff:  0.0, Sum:  0.0, Workers: 6
[47.430s][debug  ][gc,phases      ] GC(172)     Dead                           Min: 0, Avg:  0.0, Max: 0, Diff: 0, Sum: 0, Workers: 6
[47.430s][debug  ][gc,phases      ] GC(172)     Total                          Min: 0, Avg:  0.0, Max: 0, Diff: 0, Sum: 0, Workers: 6
[47.430s][debug  ][gc,phases      ] GC(172)   StringDedup Requests0 Weak     Min:  0.0, Avg:  0.0, Max:  0.0, Diff:  0.0, Sum:  0.0, Workers: 6
[47.430s][debug  ][gc,phases      ] GC(172)     Dead                           Min: 0, Avg:  0.0, Max: 0, Diff: 0, Sum: 0, Workers: 6
[47.430s][debug  ][gc,phases      ] GC(172)     Total                          Min: 0, Avg:  0.0, Max: 0, Diff: 0, Sum: 0, Workers: 6
[47.430s][debug  ][gc,phases      ] GC(172)   StringDedup Requests1 Weak     Min:  0.0, Avg:  0.0, Max:  0.0, Diff:  0.0, Sum:  0.0, Workers: 6
[47.430s][debug  ][gc,phases      ] GC(172)     Dead                           Min: 0, Avg:  0.0, Max: 0, Diff: 0, Sum: 0, Workers: 6
[47.430s][debug  ][gc,phases      ] GC(172)     Total                          Min: 0, Avg:  0.0, Max: 0, Diff: 0, Sum: 0, Workers: 6
[47.430s][debug  ][gc,phases      ] GC(172)   Weak JFR Old Object Samples    Min:  0.0, Avg:  0.0, Max:  0.0, Diff:  0.0, Sum:  0.0, Workers: 6
[47.430s][debug  ][gc,phases      ] GC(172)     Dead                           Min: 0, Avg:  0.0, Max: 0, Diff: 0, Sum: 0, Workers: 6
[47.430s][debug  ][gc,phases      ] GC(172)     Total                          Min: 0, Avg:  0.0, Max: 0, Diff: 0, Sum: 0, Workers: 6
[47.430s][debug  ][gc,phases      ] GC(172) Weak Processing 0.755ms
[47.430s][debug  ][gc,ergo        ] GC(172) AdaptiveSizeStart:  collection: 173 
[47.430s][debug  ][gc,ergo        ] GC(172) avg_survived_padded_avg: 31507322.000000
[47.430s][debug  ][gc,ergo        ] GC(172) avg_promoted_padded_avg: 275723488.000000  avg_pretenured_padded_avg: 0.000000  tenuring_thresh: 15  target_size: 31981568
[47.430s][debug  ][gc,age         ] GC(172) Desired survivor size 31981568 bytes, new threshold 15 (max threshold 15)
[47.430s][debug  ][gc,ergo        ] GC(172) PSAdaptiveSizePolicy::compute_eden_space_size limits: desired_eden_size: 224134135 old_eden_size: 204472320 eden_limit: 204472320 cur_eden: 204472320 max_eden_size: 204472320 avg_young_live: 27926764
[47.430s][debug  ][gc,ergo        ] GC(172) PSAdaptiveSizePolicy::compute_eden_space_size: costs minor_time: 0.049186 major_cost: 0.053116 mutator_cost: 0.897698 throughput_goal: 0.990000
[47.430s][debug  ][gc,ergo        ] GC(172) Live_space: 1075153792 free_space: 1423966208
[47.430s][debug  ][gc,ergo        ] GC(172) Old eden_size: 204472320 desired_eden_size: 204472320
[47.430s][debug  ][gc,ergo        ] GC(172) AdaptiveSizeStop: collection: 173 
[47.430s][info   ][gc,heap        ] GC(172) PSYoungGen: 229181K(230912K)->30720K(230912K) Eden: 198460K(199680K)->0K(199680K) From: 30720K(31232K)->30720K(31232K)
[47.430s][info   ][gc,heap        ] GC(172) ParOldGen: 1517157K(1835008K)->1711717K(1835008K)
[47.430s][info   ][gc,metaspace   ] GC(172) Metaspace: 1026K(1216K)->1026K(1216K) NonClass: 942K(1024K)->942K(1024K) Class: 83K(192K)->83K(192K)
[47.430s][info   ][gc             ] GC(172) Pause Young (Allocation Failure) 1705M->1701M(2017M) 17.281ms
[47.430s][info   ][gc,cpu         ] GC(172) User=0.14s Sys=0.00s Real=0.02s
[47.430s][debug  ][gc,heap        ] GC(172) Heap after GC invocations=173 (full 27):
[47.430s][debug  ][gc,heap        ] GC(172)  PSYoungGen      total 230912K, used 30720K [0x00000000f0000000, 0x0000000100000000, 0x0000000100000000)
[47.430s][debug  ][gc,heap        ] GC(172)   eden space 199680K, 0% used [0x00000000f0000000,0x00000000f0000000,0x00000000fc300000)
[47.430s][debug  ][gc,heap        ] GC(172)   from space 31232K, 98% used [0x00000000fc300000,0x00000000fe100030,0x00000000fe180000)
[47.430s][debug  ][gc,heap        ] GC(172)   to   space 31232K, 0% used [0x00000000fe180000,0x00000000fe180000,0x0000000100000000)
[47.430s][debug  ][gc,heap        ] GC(172)  ParOldGen       total 1835008K, used 1711717K [0x0000000080000000, 0x00000000f0000000, 0x00000000f0000000)
[47.430s][debug  ][gc,heap        ] GC(172)   object space 1835008K, 93% used [0x0000000080000000,0x00000000e87995f0,0x00000000f0000000)
[47.430s][debug  ][gc,heap        ] GC(172)  Metaspace       used 1026K, committed 1216K, reserved 1056768K
[47.430s][debug  ][gc,heap        ] GC(172)   class space    used 83K, committed 192K, reserved 1048576K
[47.431s][debug  ][gc,task,time   ] GC(172) VM-Thread 474124072 474284652 474305139
[47.431s][debug  ][gc,phases,start] GC(173) Pre Compact
[47.431s][debug  ][gc,heap        ] GC(173) Heap before GC invocations=174 (full 28):
[47.431s][debug  ][gc,heap        ] GC(173)  PSYoungGen      total 230912K, used 30720K [0x00000000f0000000, 0x0000000100000000, 0x0000000100000000)
[47.431s][debug  ][gc,heap        ] GC(173)   eden space 199680K, 0% used [0x00000000f0000000,0x00000000f0000000,0x00000000fc300000)
[47.431s][debug  ][gc,heap        ] GC(173)   from space 31232K, 98% used [0x00000000fc300000,0x00000000fe100030,0x00000000fe180000)
[47.431s][debug  ][gc,heap        ] GC(173)   to   space 31232K, 0% used [0x00000000fe180000,0x00000000fe180000,0x0000000100000000)
[47.431s][debug  ][gc,heap        ] GC(173)  ParOldGen       total 1835008K, used 1711717K [0x0000000080000000, 0x00000000f0000000, 0x00000000f0000000)
[47.431s][debug  ][gc,heap        ] GC(173)   object space 1835008K, 93% used [0x0000000080000000,0x00000000e87995f0,0x00000000f0000000)
[47.431s][debug  ][gc,heap        ] GC(173)  Metaspace       used 1026K, committed 1216K, reserved 1056768K
[47.431s][debug  ][gc,heap        ] GC(173)   class space    used 83K, committed 192K, reserved 1048576K
[47.431s][debug  ][gc,phases      ] GC(173) Pre Compact 0.223ms
[47.431s][info   ][gc,start       ] GC(173) Pause Full (Ergonomics)
[47.431s][info   ][gc,phases,start] GC(173) Marking Phase
[47.431s][debug  ][gc,phases,start] GC(173) Par Mark
[47.431s][debug  ][gc,phases      ] GC(173) Par Mark 0.531ms
[47.431s][debug  ][gc,phases,start] GC(173) Reference Processing
[47.431s][debug  ][gc,ref         ] GC(173) Skipped phase 1 of Reference Processing: no references
[47.431s][debug  ][gc,ref         ] GC(173) ReferenceProcessor::execute queues: 1, RefProcThreadModel::Single, marks_oops_alive: false
[47.431s][debug  ][gc,ref         ] GC(173) Skipped phase 3 of Reference Processing: no references
[47.432s][debug  ][gc,ref         ] GC(173) ReferenceProcessor::execute queues: 1, RefProcThreadModel::Single, marks_oops_alive: false
[47.432s][debug  ][gc,phases,ref  ] GC(173) Reference Processing: 0.1ms
[47.432s][debug  ][gc,phases,ref  ] GC(173)   Reconsider SoftReferences: 0.0ms
[47.432s][debug  ][gc,phases,ref  ] GC(173)     SoftRef (ms):                  skipped
[47.432s][debug  ][gc,phases,ref  ] GC(173)   Notify Soft/WeakReferences: 0.0ms
[47.432s][debug  ][gc,phases,ref  ] GC(173)     SoftRef (ms):                  Min:  0.0, Avg:  0.0, Max:  0.0, Diff:  0.0, Sum:  0.0, Workers: 10
[47.432s][debug  ][gc,phases,ref  ] GC(173)     WeakRef (ms):                  Min:  0.0, Avg:  0.0, Max:  0.0, Diff:  0.0, Sum:  0.0, Workers: 10
[47.432s][debug  ][gc,phases,ref  ] GC(173)     FinalRef (ms):                 Min:  0.0, Avg:  0.0, Max:  0.0, Diff:  0.0, Sum:  0.0, Workers: 10
[47.432s][debug  ][gc,phases,ref  ] GC(173)     Total (ms):                    Min:  0.0, Avg:  0.0, Max:  0.0, Diff:  0.0, Sum:  0.0, Workers: 10
[47.432s][debug  ][gc,phases,ref  ] GC(173)   Notify and keep alive finalizable: 0.0ms
[47.432s][debug  ][gc,phases,ref  ] GC(173)     FinalRef (ms):                 skipped
[47.432s][debug  ][gc,phases,ref  ] GC(173)   Notify PhantomReferences: 0.0ms
[47.432s][debug  ][gc,phases,ref  ] GC(173)     PhantomRef (ms):               Min:  0.0, Avg:  0.0, Max:  0.0, Diff:  0.0, Sum:  0.0, Workers: 10
[47.432s][debug  ][gc,phases,ref  ] GC(173)   SoftReference:
[47.432s][debug  ][gc,phases,ref  ] GC(173)     Discovered: 0
[47.432s][debug  ][gc,phases,ref  ] GC(173)     Cleared: 0
[47.432s][debug  ][gc,phases,ref  ] GC(173)   WeakReference:
[47.432s][debug  ][gc,phases,ref  ] GC(173)     Discovered: 63
[47.432s][debug  ][gc,phases,ref  ] GC(173)     Cleared: 63
[47.432s][debug  ][gc,phases,ref  ] GC(173)   FinalReference:
[47.432s][debug  ][gc,phases,ref  ] GC(173)     Discovered: 0
[47.432s][debug  ][gc,phases,ref  ] GC(173)     Cleared: 0
[47.432s][debug  ][gc,phases,ref  ] GC(173)   PhantomReference:
[47.432s][debug  ][gc,phases,ref  ] GC(173)     Discovered: 3
[47.432s][debug  ][gc,phases,ref  ] GC(173)     Cleared: 3
[47.432s][debug  ][gc,phases      ] GC(173) Reference Processing 0.640ms
[47.432s][debug  ][gc,phases,start] GC(173) Weak Processing
[47.432s][debug  ][gc,phases      ] GC(173)   VM Weak                        Min:  0.0, Avg:  0.0, Max:  0.0, Diff:  0.0, Sum:  0.0, Workers: 6
[47.432s][debug  ][gc,phases      ] GC(173)     Dead                           Min: 0, Avg:  0.0, Max: 0, Diff: 0, Sum: 0, Workers: 6
[47.432s][debug  ][gc,phases      ] GC(173)     Total                          Min: 0, Avg:  1.3, Max: 8, Diff: 8, Sum: 8, Workers: 6
[47.432s][debug  ][gc,phases      ] GC(173)   ObjectSynchronizer Weak        Min:  0.0, Avg:  0.0, Max:  0.0, Diff:  0.0, Sum:  0.0, Workers: 6
[47.432s][debug  ][gc,phases      ] GC(173)     Dead                           Min: 0, Avg:  0.0, Max: 0, Diff: 0, Sum: 0, Workers: 6
[47.432s][debug  ][gc,phases      ] GC(173)     Total                          Min: 0, Avg:  0.5, Max: 3, Diff: 3, Sum: 3, Workers: 6
[47.432s][debug  ][gc,phases      ] GC(173)   JVMTI Tag Weak OopStorage      Min:  0.0, Avg:  0.0, Max:  0.0, Diff:  0.0, Sum:  0.0, Workers: 6
[47.432s][debug  ][gc,phases      ] GC(173)     Dead                           Min: 0, Avg:  0.0, Max: 0, Diff: 0, Sum: 0, Workers: 6
[47.432s][debug  ][gc,phases      ] GC(173)     Total                          Min: 0, Avg:  0.0, Max: 0, Diff: 0, Sum: 0, Workers: 6
[47.432s][debug  ][gc,phases      ] GC(173)   StringTable Weak               Min:  0.0, Avg:  0.0, Max:  0.0, Diff:  0.0, Sum:  0.0, Workers: 6
[47.432s][debug  ][gc,phases      ] GC(173)     Dead                           Min: 0, Avg:  0.0, Max: 0, Diff: 0, Sum: 0, Workers: 6
[47.432s][debug  ][gc,phases      ] GC(173)     Total                          Min: 640, Avg: 892.2, Max: 1280, Diff: 640, Sum: 5353, Workers: 6
[47.432s][debug  ][gc,phases      ] GC(173)   ResolvedMethodTable Weak       Min:  0.0, Avg:  0.0, Max:  0.0, Diff:  0.0, Sum:  0.0, Workers: 6
[47.432s][debug  ][gc,phases      ] GC(173)     Dead                           Min: 0, Avg:  0.0, Max: 0, Diff: 0, Sum: 0, Workers: 6
[47.432s][debug  ][gc,phases      ] GC(173)     Total                          Min: 0, Avg: 21.7, Max: 64, Diff: 64, Sum: 130, Workers: 6
[47.432s][debug  ][gc,phases      ] GC(173)   JNI Weak                       Min:  0.0, Avg:  0.0, Max:  0.0, Diff:  0.0, Sum:  0.0, Workers: 6
[47.433s][debug  ][gc,phases      ] GC(173)     Dead                           Min: 0, Avg:  0.0, Max: 0, Diff: 0, Sum: 0, Workers: 6
[47.433s][debug  ][gc,phases      ] GC(173)     Total                          Min: 0, Avg:  0.0, Max: 0, Diff: 0, Sum: 0, Workers: 6
[47.433s][debug  ][gc,phases      ] GC(173)   StringDedup Table Weak         Min:  0.0, Avg:  0.0, Max:  0.0, Diff:  0.0, Sum:  0.0, Workers: 6
[47.433s][debug  ][gc,phases      ] GC(173)     Dead                           Min: 0, Avg:  0.0, Max: 0, Diff: 0, Sum: 0, Workers: 6
[47.433s][debug  ][gc,phases      ] GC(173)     Total                          Min: 0, Avg:  0.0, Max: 0, Diff: 0, Sum: 0, Workers: 6
[47.433s][debug  ][gc,phases      ] GC(173)   StringDedup Requests0 Weak     Min:  0.0, Avg:  0.0, Max:  0.0, Diff:  0.0, Sum:  0.0, Workers: 6
[47.433s][debug  ][gc,phases      ] GC(173)     Dead                           Min: 0, Avg:  0.0, Max: 0, Diff: 0, Sum: 0, Workers: 6
[47.433s][debug  ][gc,phases      ] GC(173)     Total                          Min: 0, Avg:  0.0, Max: 0, Diff: 0, Sum: 0, Workers: 6
[47.433s][debug  ][gc,phases      ] GC(173)   StringDedup Requests1 Weak     Min:  0.0, Avg:  0.0, Max:  0.0, Diff:  0.0, Sum:  0.0, Workers: 6
[47.433s][debug  ][gc,phases      ] GC(173)     Dead                           Min: 0, Avg:  0.0, Max: 0, Diff: 0, Sum: 0, Workers: 6
[47.433s][debug  ][gc,phases      ] GC(173)     Total                          Min: 0, Avg:  0.0, Max: 0, Diff: 0, Sum: 0, Workers: 6
[47.433s][debug  ][gc,phases      ] GC(173)   Weak JFR Old Object Samples    Min:  0.0, Avg:  0.0, Max:  0.0, Diff:  0.0, Sum:  0.0, Workers: 6
[47.433s][debug  ][gc,phases      ] GC(173)     Dead                           Min: 0, Avg:  0.0, Max: 0, Diff: 0, Sum: 0, Workers: 6
[47.433s][debug  ][gc,phases      ] GC(173)     Total                          Min: 0, Avg:  0.0, Max: 0, Diff: 0, Sum: 0, Workers: 6
[47.433s][debug  ][gc,phases      ] GC(173) Weak Processing 0.739ms
[47.433s][debug  ][gc,phases,start] GC(173) Class Unloading
[47.433s][debug  ][gc,phases,start] GC(173) ClassLoaderData
[47.433s][debug  ][gc,phases      ] GC(173) ClassLoaderData 0.022ms
[47.433s][debug  ][gc,phases,start] GC(173) Trigger cleanups
[47.433s][debug  ][gc,phases      ] GC(173) Trigger cleanups 0.021ms
[47.433s][debug  ][gc,phases      ] GC(173) Class Unloading 0.261ms
[47.433s][info   ][gc,phases      ] GC(173) Marking Phase 2.300ms
[47.433s][info   ][gc,phases,start] GC(173) Summary Phase
[47.433s][info   ][gc,phases      ] GC(173) Summary Phase 0.039ms
[47.433s][info   ][gc,phases,start] GC(173) Adjust Roots
[47.433s][info   ][gc,phases      ] GC(173) Adjust Roots 0.143ms
[47.433s][info   ][gc,phases,start] GC(173) Compaction Phase
[47.527s][info   ][gc,phases      ] GC(173) Compaction Phase 93.207ms
[47.527s][info   ][gc,phases,start] GC(173) Post Compact
[47.533s][info   ][gc,phases      ] GC(173) Post Compact 6.054ms
[47.533s][debug  ][gc,ergo        ] GC(173) AdaptiveSizeStart: collection: 174 
[47.533s][debug  ][gc,ergo        ] GC(173) PSAdaptiveSizePolicy::compute_eden_space_size limits: desired_eden_size: 224257607 old_eden_size: 204472320 eden_limit: 204472320 cur_eden: 204472320 max_eden_size: 204472320 avg_young_live: 25134088
[47.533s][debug  ][gc,ergo        ] GC(173) PSAdaptiveSizePolicy::compute_eden_space_size: costs minor_time: 0.049186 major_cost: 0.052477 mutator_cost: 0.898337 throughput_goal: 0.990000
[47.533s][debug  ][gc,ergo        ] GC(173) Live_space: 1072361152 free_space: 1423966208
[47.533s][debug  ][gc,ergo        ] GC(173) Old eden_size: 204472320 desired_eden_size: 204472320
[47.533s][debug  ][gc,ergo        ] GC(173) PSAdaptiveSizePolicy::compute_old_gen_free_space limits: desired_promo_size: 1345607683 promo_limit: 1219493888 free_in_old_gen: 1089887744 max_old_gen_size: 1879048192 avg_old_live: 789160384
[47.533s][debug  ][gc,ergo        ] GC(173) PSAdaptiveSizePolicy::compute_old_gen_free_space: costs minor_time: 0.049186 major_cost: 0.052477  mutator_cost: 0.898337 throughput_goal: 0.990000
[47.533s][debug  ][gc,ergo        ] GC(173) Live_space: 1082729984 free_space: 1423966208
[47.533s][debug  ][gc,ergo        ] GC(173) Old promo_size: 1219493888 desired_promo_size: 1219493888
[47.533s][debug  ][gc,ergo        ] GC(173) AdaptiveSizeStop: collection: 174 
[47.533s][info   ][gc,heap        ] GC(173) PSYoungGen: 30720K(230912K)->0K(230912K) Eden: 0K(199680K)->0K(199680K) From: 30720K(31232K)->0K(31232K)
[47.533s][info   ][gc,heap        ] GC(173) ParOldGen: 1711717K(1835008K)->861796K(1835008K)
[47.533s][info   ][gc,metaspace   ] GC(173) Metaspace: 1026K(1216K)->1026K(1216K) NonClass: 942K(1024K)->942K(1024K) Class: 83K(192K)->83K(192K)
[47.533s][info   ][gc             ] GC(173) Pause Full (Ergonomics) 1701M->841M(2017M) 102.397ms
[47.533s][info   ][gc,cpu         ] GC(173) User=0.94s Sys=0.00s Real=0.10s
[47.533s][debug  ][gc,heap        ] GC(173) Heap after GC invocations=174 (full 28):
[47.533s][debug  ][gc,heap        ] GC(173)  PSYoungGen      total 230912K, used 0K [0x00000000f0000000, 0x0000000100000000, 0x0000000100000000)
[47.533s][debug  ][gc,heap        ] GC(173)   eden space 199680K, 0% used [0x00000000f0000000,0x00000000f0000000,0x00000000fc300000)
[47.533s][debug  ][gc,heap        ] GC(173)   from space 31232K, 0% used [0x00000000fe180000,0x00000000fe180000,0x0000000100000000)
[47.533s][debug  ][gc,heap        ] GC(173)   to   space 31232K, 0% used [0x00000000fc300000,0x00000000fc300000,0x00000000fe180000)
[47.533s][debug  ][gc,heap        ] GC(173)  ParOldGen       total 1835008K, used 861796K [0x0000000080000000, 0x00000000f0000000, 0x00000000f0000000)
[47.533s][debug  ][gc,heap        ] GC(173)   object space 1835008K, 46% used [0x0000000080000000,0x00000000b49990c0,0x00000000f0000000)
[47.533s][debug  ][gc,heap        ] GC(173)  Metaspace       used 1026K, committed 1216K, reserved 1056768K
[47.533s][debug  ][gc,heap        ] GC(173)   class space    used 83K, committed 192K, reserved 1048576K
[47.533s][debug  ][gc,task,time   ] GC(173) VM-Thread 474308194 474333877 475332421
[47.844s][debug  ][gc,heap        ] GC(174) Heap before GC invocations=175 (full 28):
[47.844s][debug  ][gc,heap        ] GC(174)  PSYoungGen      total 230912K, used 198466K [0x00000000f0000000, 0x0000000100000000, 0x0000000100000000)
[47.844s][debug  ][gc,heap        ] GC(174)   eden space 199680K, 99% used [0x00000000f0000000,0x00000000fc1d0820,0x00000000fc300000)
[47.844s][debug  ][gc,heap        ] GC(174)   from space 31232K, 0% used [0x00000000fe180000,0x00000000fe180000,0x0000000100000000)
[47.844s][debug  ][gc,heap        ] GC(174)   to   space 31232K, 0% used [0x00000000fc300000,0x00000000fc300000,0x00000000fe180000)
[47.844s][debug  ][gc,heap        ] GC(174)  ParOldGen       total 1835008K, used 861796K [0x0000000080000000, 0x00000000f0000000, 0x00000000f0000000)
[47.844s][debug  ][gc,heap        ] GC(174)   object space 1835008K, 46% used [0x0000000080000000,0x00000000b49990c0,0x00000000f0000000)
[47.844s][debug  ][gc,heap        ] GC(174)  Metaspace       used 1027K, committed 1216K, reserved 1056768K
[47.844s][debug  ][gc,heap        ] GC(174)   class space    used 83K, committed 192K, reserved 1048576K
[47.844s][debug  ][gc,tlab        ] GC(174) TLAB totals: thrds: 1  refills: 1 max: 1 slow allocs: 18 max 18 waste: 27.6% gc: 3998408B max: 3998408B slow: 0B max: 0B
[47.844s][info   ][gc,start       ] GC(174) Pause Young (Allocation Failure)
[47.844s][debug  ][gc,phases,start] GC(174) Scavenge
[47.847s][debug  ][gc,phases      ] GC(174) Scavenge 3.329ms
[47.848s][debug  ][gc,phases,start] GC(174) Reference Processing
[47.848s][debug  ][gc,ref         ] GC(174) Skipped phase 1 of Reference Processing: no references
[47.848s][debug  ][gc,ref         ] GC(174) Skipped phase 2 of Reference Processing: no references
[47.848s][debug  ][gc,ref         ] GC(174) Skipped phase 3 of Reference Processing: no references
[47.848s][debug  ][gc,ref         ] GC(174) Skipped phase 4 of Reference Processing: no references
[47.848s][debug  ][gc,phases,ref  ] GC(174) Reference Processing: 0.1ms
[47.848s][debug  ][gc,phases,ref  ] GC(174)   Reconsider SoftReferences: 0.0ms
[47.848s][debug  ][gc,phases,ref  ] GC(174)     SoftRef (ms):                  skipped
[47.848s][debug  ][gc,phases,ref  ] GC(174)   Notify Soft/WeakReferences: 0.0ms
[47.848s][debug  ][gc,phases,ref  ] GC(174)     SoftRef (ms):                  skipped
[47.848s][debug  ][gc,phases,ref  ] GC(174)     WeakRef (ms):                  skipped
[47.848s][debug  ][gc,phases,ref  ] GC(174)     FinalRef (ms):                 skipped
[47.848s][debug  ][gc,phases,ref  ] GC(174)     Total (ms):                    skipped
[47.848s][debug  ][gc,phases,ref  ] GC(174)   Notify and keep alive finalizable: 0.0ms
[47.848s][debug  ][gc,phases,ref  ] GC(174)     FinalRef (ms):                 skipped
[47.848s][debug  ][gc,phases,ref  ] GC(174)   Notify PhantomReferences: 0.0ms
[47.848s][debug  ][gc,phases,ref  ] GC(174)     PhantomRef (ms):               skipped
[47.848s][debug  ][gc,phases,ref  ] GC(174)   SoftReference:
[47.848s][debug  ][gc,phases,ref  ] GC(174)     Discovered: 0
[47.848s][debug  ][gc,phases,ref  ] GC(174)     Cleared: 0
[47.848s][debug  ][gc,phases,ref  ] GC(174)   WeakReference:
[47.848s][debug  ][gc,phases,ref  ] GC(174)     Discovered: 0
[47.848s][debug  ][gc,phases,ref  ] GC(174)     Cleared: 0
[47.848s][debug  ][gc,phases,ref  ] GC(174)   FinalReference:
[47.848s][debug  ][gc,phases,ref  ] GC(174)     Discovered: 0
[47.848s][debug  ][gc,phases,ref  ] GC(174)     Cleared: 0
[47.848s][debug  ][gc,phases,ref  ] GC(174)   PhantomReference:
[47.848s][debug  ][gc,phases,ref  ] GC(174)     Discovered: 0
[47.848s][debug  ][gc,phases,ref  ] GC(174)     Cleared: 0
[47.848s][debug  ][gc,phases      ] GC(174) Reference Processing 0.896ms
[47.848s][debug  ][gc,phases,start] GC(174) Weak Processing
[47.849s][debug  ][gc,phases      ] GC(174)   VM Weak                        Min:  0.0, Avg:  0.0, Max:  0.0, Diff:  0.0, Sum:  0.0, Workers: 6
[47.849s][debug  ][gc,phases      ] GC(174)     Dead                           Min: 0, Avg:  0.0, Max: 0, Diff: 0, Sum: 0, Workers: 6
[47.849s][debug  ][gc,phases      ] GC(174)     Total                          Min: 0, Avg:  1.3, Max: 8, Diff: 8, Sum: 8, Workers: 6
[47.849s][debug  ][gc,phases      ] GC(174)   ObjectSynchronizer Weak        Min:  0.0, Avg:  0.0, Max:  0.0, Diff:  0.0, Sum:  0.0, Workers: 6
[47.849s][debug  ][gc,phases      ] GC(174)     Dead                           Min: 0, Avg:  0.0, Max: 0, Diff: 0, Sum: 0, Workers: 6
[47.849s][debug  ][gc,phases      ] GC(174)     Total                          Min: 0, Avg:  0.5, Max: 3, Diff: 3, Sum: 3, Workers: 6
[47.849s][debug  ][gc,phases      ] GC(174)   JVMTI Tag Weak OopStorage      Min:  0.0, Avg:  0.0, Max:  0.0, Diff:  0.0, Sum:  0.0, Workers: 6
[47.849s][debug  ][gc,phases      ] GC(174)     Dead                           Min: 0, Avg:  0.0, Max: 0, Diff: 0, Sum: 0, Workers: 6
[47.849s][debug  ][gc,phases      ] GC(174)     Total                          Min: 0, Avg:  0.0, Max: 0, Diff: 0, Sum: 0, Workers: 6
[47.849s][debug  ][gc,phases      ] GC(174)   StringTable Weak               Min:  0.0, Avg:  0.0, Max:  0.0, Diff:  0.0, Sum:  0.0, Workers: 6
[47.849s][debug  ][gc,phases      ] GC(174)     Dead                           Min: 0, Avg:  0.0, Max: 0, Diff: 0, Sum: 0, Workers: 6
[47.849s][debug  ][gc,phases      ] GC(174)     Total                          Min: 704, Avg: 892.2, Max: 1280, Diff: 576, Sum: 5353, Workers: 6
[47.849s][debug  ][gc,phases      ] GC(174)   ResolvedMethodTable Weak       Min:  0.0, Avg:  0.0, Max:  0.0, Diff:  0.0, Sum:  0.0, Workers: 6
[47.849s][debug  ][gc,phases      ] GC(174)     Dead                           Min: 0, Avg:  0.0, Max: 0, Diff: 0, Sum: 0, Workers: 6
[47.849s][debug  ][gc,phases      ] GC(174)     Total                          Min: 0, Avg: 21.7, Max: 64, Diff: 64, Sum: 130, Workers: 6
[47.849s][debug  ][gc,phases      ] GC(174)   JNI Weak                       Min:  0.0, Avg:  0.0, Max:  0.0, Diff:  0.0, Sum:  0.0, Workers: 6
[47.849s][debug  ][gc,phases      ] GC(174)     Dead                           Min: 0, Avg:  0.0, Max: 0, Diff: 0, Sum: 0, Workers: 6
[47.849s][debug  ][gc,phases      ] GC(174)     Total                          Min: 0, Avg:  0.0, Max: 0, Diff: 0, Sum: 0, Workers: 6
[47.849s][debug  ][gc,phases      ] GC(174)   StringDedup Table Weak         Min:  0.0, Avg:  0.0, Max:  0.0, Diff:  0.0, Sum:  0.0, Workers: 6
[47.849s][debug  ][gc,phases      ] GC(174)     Dead                           Min: 0, Avg:  0.0, Max: 0, Diff: 0, Sum: 0, Workers: 6
[47.849s][debug  ][gc,phases      ] GC(174)     Total                          Min: 0, Avg:  0.0, Max: 0, Diff: 0, Sum: 0, Workers: 6
[47.849s][debug  ][gc,phases      ] GC(174)   StringDedup Requests0 Weak     Min:  0.0, Avg:  0.0, Max:  0.0, Diff:  0.0, Sum:  0.0, Workers: 6
[47.849s][debug  ][gc,phases      ] GC(174)     Dead                           Min: 0, Avg:  0.0, Max: 0, Diff: 0, Sum: 0, Workers: 6
[47.849s][debug  ][gc,phases      ] GC(174)     Total                          Min: 0, Avg:  0.0, Max: 0, Diff: 0, Sum: 0, Workers: 6
[47.849s][debug  ][gc,phases      ] GC(174)   StringDedup Requests1 Weak     Min:  0.0, Avg:  0.0, Max:  0.0, Diff:  0.0, Sum:  0.0, Workers: 6
[47.849s][debug  ][gc,phases      ] GC(174)     Dead                           Min: 0, Avg:  0.0, Max: 0, Diff: 0, Sum: 0, Workers: 6
[47.849s][debug  ][gc,phases      ] GC(174)     Total                          Min: 0, Avg:  0.0, Max: 0, Diff: 0, Sum: 0, Workers: 6
[47.849s][debug  ][gc,phases      ] GC(174)   Weak JFR Old Object Samples    Min:  0.0, Avg:  0.0, Max:  0.0, Diff:  0.0, Sum:  0.0, Workers: 6
[47.849s][debug  ][gc,phases      ] GC(174)     Dead                           Min: 0, Avg:  0.0, Max: 0, Diff: 0, Sum: 0, Workers: 6
[47.849s][debug  ][gc,phases      ] GC(174)     Total                          Min: 0, Avg:  0.0, Max: 0, Diff: 0, Sum: 0, Workers: 6
[47.849s][debug  ][gc,phases      ] GC(174) Weak Processing 1.041ms
[47.850s][debug  ][gc,ergo        ] GC(174) AdaptiveSizeStart:  collection: 175 
[47.850s][debug  ][gc,ergo        ] GC(174) avg_survived_padded_avg: 31502910.000000
[47.850s][debug  ][gc,ergo        ] GC(174) avg_promoted_padded_avg: 258103552.000000  avg_pretenured_padded_avg: 0.000000  tenuring_thresh: 15  target_size: 31981568
[47.850s][debug  ][gc,age         ] GC(174) Desired survivor size 31981568 bytes, new threshold 15 (max threshold 15)
[47.850s][debug  ][gc,ergo        ] GC(174) PSAdaptiveSizePolicy::compute_eden_space_size limits: desired_eden_size: 222189992 old_eden_size: 204472320 eden_limit: 204472320 cur_eden: 204472320 max_eden_size: 204472320 avg_young_live: 25766412
[47.850s][debug  ][gc,ergo        ] GC(174) PSAdaptiveSizePolicy::compute_eden_space_size: costs minor_time: 0.040117 major_cost: 0.052477 mutator_cost: 0.907406 throughput_goal: 0.990000
[47.850s][debug  ][gc,ergo        ] GC(174) Live_space: 1083362304 free_space: 1423966208
[47.850s][debug  ][gc,ergo        ] GC(174) Old eden_size: 204472320 desired_eden_size: 204472320
[47.850s][debug  ][gc,ergo        ] GC(174) AdaptiveSizeStop: collection: 175 
[47.850s][info   ][gc,heap        ] GC(174) PSYoungGen: 198466K(230912K)->30720K(230912K) Eden: 198466K(199680K)->0K(199680K) From: 0K(31232K)->30720K(31232K)
[47.850s][info   ][gc,heap        ] GC(174) ParOldGen: 861796K(1835008K)->861796K(1835008K)
[47.850s][info   ][gc,metaspace   ] GC(174) Metaspace: 1027K(1216K)->1027K(1216K) NonClass: 943K(1024K)->943K(1024K) Class: 83K(192K)->83K(192K)
[47.850s][info   ][gc             ] GC(174) Pause Young (Allocation Failure) 1035M->871M(2017M) 5.823ms
[47.850s][info   ][gc,cpu         ] GC(174) User=0.02s Sys=0.00s Real=0.01s
[47.850s][debug  ][gc,heap        ] GC(174) Heap after GC invocations=175 (full 28):
[47.850s][debug  ][gc,heap        ] GC(174)  PSYoungGen      total 230912K, used 30720K [0x00000000f0000000, 0x0000000100000000, 0x0000000100000000)
[47.850s][debug  ][gc,heap        ] GC(174)   eden space 199680K, 0% used [0x00000000f0000000,0x00000000f0000000,0x00000000fc300000)
[47.850s][debug  ][gc,heap        ] GC(174)   from space 31232K, 98% used [0x00000000fc300000,0x00000000fe100030,0x00000000fe180000)
[47.850s][debug  ][gc,heap        ] GC(174)   to   space 31232K, 0% used [0x00000000fe180000,0x00000000fe180000,0x0000000100000000)
[47.850s][debug  ][gc,heap        ] GC(174)  ParOldGen       total 1835008K, used 861796K [0x0000000080000000, 0x00000000f0000000, 0x00000000f0000000)
[47.850s][debug  ][gc,heap        ] GC(174)   object space 1835008K, 46% used [0x0000000080000000,0x00000000b49990c0,0x00000000f0000000)
[47.850s][debug  ][gc,heap        ] GC(174)  Metaspace       used 1027K, committed 1216K, reserved 1056768K
[47.850s][debug  ][gc,heap        ] GC(174)   class space    used 83K, committed 192K, reserved 1048576K
[47.850s][debug  ][gc,task,time   ] GC(174) VM-Thread 478435248 478475255 478502477
[48.162s][debug  ][gc,heap        ] GC(175) Heap before GC invocations=176 (full 28):
[48.162s][debug  ][gc,heap        ] GC(175)  PSYoungGen      total 230912K, used 229117K [0x00000000f0000000, 0x0000000100000000, 0x0000000100000000)
[48.162s][debug  ][gc,heap        ] GC(175)   eden space 199680K, 99% used [0x00000000f0000000,0x00000000fc1bf4a0,0x00000000fc300000)
[48.162s][debug  ][gc,heap        ] GC(175)   from space 31232K, 98% used [0x00000000fc300000,0x00000000fe100030,0x00000000fe180000)
[48.162s][debug  ][gc,heap        ] GC(175)   to   space 31232K, 0% used [0x00000000fe180000,0x00000000fe180000,0x0000000100000000)
[48.162s][debug  ][gc,heap        ] GC(175)  ParOldGen       total 1835008K, used 861796K [0x0000000080000000, 0x00000000f0000000, 0x00000000f0000000)
[48.162s][debug  ][gc,heap        ] GC(175)   object space 1835008K, 46% used [0x0000000080000000,0x00000000b49990c0,0x00000000f0000000)
[48.162s][debug  ][gc,heap        ] GC(175)  Metaspace       used 1027K, committed 1216K, reserved 1056768K
[48.162s][debug  ][gc,heap        ] GC(175)   class space    used 83K, committed 192K, reserved 1048576K
[48.162s][debug  ][gc,tlab        ] GC(175) TLAB totals: thrds: 1  refills: 1 max: 1 slow allocs: 18 max 18 waste: 27.3% gc: 3928944B max: 3928944B slow: 0B max: 0B
[48.162s][info   ][gc,start       ] GC(175) Pause Young (Allocation Failure)
[48.162s][debug  ][gc,phases,start] GC(175) Scavenge
[48.177s][debug  ][gc,phases      ] GC(175) Scavenge 15.266ms
[48.177s][debug  ][gc,phases,start] GC(175) Reference Processing
[48.177s][debug  ][gc,ref         ] GC(175) Skipped phase 1 of Reference Processing: no references
[48.177s][debug  ][gc,ref         ] GC(175) Skipped phase 2 of Reference Processing: no references
[48.177s][debug  ][gc,ref         ] GC(175) Skipped phase 3 of Reference Processing: no references
[48.177s][debug  ][gc,ref         ] GC(175) Skipped phase 4 of Reference Processing: no references
[48.178s][debug  ][gc,phases,ref  ] GC(175) Reference Processing: 0.1ms
[48.178s][debug  ][gc,phases,ref  ] GC(175)   Reconsider SoftReferences: 0.0ms
[48.178s][debug  ][gc,phases,ref  ] GC(175)     SoftRef (ms):                  skipped
[48.178s][debug  ][gc,phases,ref  ] GC(175)   Notify Soft/WeakReferences: 0.0ms
[48.178s][debug  ][gc,phases,ref  ] GC(175)     SoftRef (ms):                  skipped
[48.178s][debug  ][gc,phases,ref  ] GC(175)     WeakRef (ms):                  skipped
[48.178s][debug  ][gc,phases,ref  ] GC(175)     FinalRef (ms):                 skipped
[48.178s][debug  ][gc,phases,ref  ] GC(175)     Total (ms):                    skipped
[48.178s][debug  ][gc,phases,ref  ] GC(175)   Notify and keep alive finalizable: 0.0ms
[48.178s][debug  ][gc,phases,ref  ] GC(175)     FinalRef (ms):                 skipped
[48.178s][debug  ][gc,phases,ref  ] GC(175)   Notify PhantomReferences: 0.0ms
[48.178s][debug  ][gc,phases,ref  ] GC(175)     PhantomRef (ms):               skipped
[48.178s][debug  ][gc,phases,ref  ] GC(175)   SoftReference:
[48.178s][debug  ][gc,phases,ref  ] GC(175)     Discovered: 0
[48.178s][debug  ][gc,phases,ref  ] GC(175)     Cleared: 0
[48.178s][debug  ][gc,phases,ref  ] GC(175)   WeakReference:
[48.178s][debug  ][gc,phases,ref  ] GC(175)     Discovered: 0
[48.178s][debug  ][gc,phases,ref  ] GC(175)     Cleared: 0
[48.178s][debug  ][gc,phases,ref  ] GC(175)   FinalReference:
[48.178s][debug  ][gc,phases,ref  ] GC(175)     Discovered: 0
[48.178s][debug  ][gc,phases,ref  ] GC(175)     Cleared: 0
[48.178s][debug  ][gc,phases,ref  ] GC(175)   PhantomReference:
[48.178s][debug  ][gc,phases,ref  ] GC(175)     Discovered: 0
[48.178s][debug  ][gc,phases,ref  ] GC(175)     Cleared: 0
[48.178s][debug  ][gc,phases      ] GC(175) Reference Processing 0.722ms
[48.178s][debug  ][gc,phases,start] GC(175) Weak Processing
[48.178s][debug  ][gc,phases      ] GC(175)   VM Weak                        Min:  0.0, Avg:  0.0, Max:  0.0, Diff:  0.0, Sum:  0.0, Workers: 6
[48.178s][debug  ][gc,phases      ] GC(175)     Dead                           Min: 0, Avg:  0.0, Max: 0, Diff: 0, Sum: 0, Workers: 6
[48.178s][debug  ][gc,phases      ] GC(175)     Total                          Min: 0, Avg:  1.3, Max: 8, Diff: 8, Sum: 8, Workers: 6
[48.178s][debug  ][gc,phases      ] GC(175)   ObjectSynchronizer Weak        Min:  0.0, Avg:  0.0, Max:  0.0, Diff:  0.0, Sum:  0.0, Workers: 6
[48.178s][debug  ][gc,phases      ] GC(175)     Dead                           Min: 0, Avg:  0.0, Max: 0, Diff: 0, Sum: 0, Workers: 6
[48.178s][debug  ][gc,phases      ] GC(175)     Total                          Min: 0, Avg:  0.5, Max: 3, Diff: 3, Sum: 3, Workers: 6
[48.178s][debug  ][gc,phases      ] GC(175)   JVMTI Tag Weak OopStorage      Min:  0.0, Avg:  0.0, Max:  0.0, Diff:  0.0, Sum:  0.0, Workers: 6
[48.178s][debug  ][gc,phases      ] GC(175)     Dead                           Min: 0, Avg:  0.0, Max: 0, Diff: 0, Sum: 0, Workers: 6
[48.178s][debug  ][gc,phases      ] GC(175)     Total                          Min: 0, Avg:  0.0, Max: 0, Diff: 0, Sum: 0, Workers: 6
[48.178s][debug  ][gc,phases      ] GC(175)   StringTable Weak               Min:  0.0, Avg:  0.0, Max:  0.0, Diff:  0.0, Sum:  0.0, Workers: 6
[48.178s][debug  ][gc,phases      ] GC(175)     Dead                           Min: 0, Avg:  0.0, Max: 0, Diff: 0, Sum: 0, Workers: 6
[48.178s][debug  ][gc,phases      ] GC(175)     Total                          Min: 832, Avg: 892.2, Max: 1066, Diff: 234, Sum: 5353, Workers: 6
[48.178s][debug  ][gc,phases      ] GC(175)   ResolvedMethodTable Weak       Min:  0.0, Avg:  0.0, Max:  0.0, Diff:  0.0, Sum:  0.0, Workers: 6
[48.178s][debug  ][gc,phases      ] GC(175)     Dead                           Min: 0, Avg:  0.0, Max: 0, Diff: 0, Sum: 0, Workers: 6
[48.179s][debug  ][gc,phases      ] GC(175)     Total                          Min: 0, Avg: 21.7, Max: 64, Diff: 64, Sum: 130, Workers: 6
[48.179s][debug  ][gc,phases      ] GC(175)   JNI Weak                       Min:  0.0, Avg:  0.0, Max:  0.0, Diff:  0.0, Sum:  0.0, Workers: 6
[48.179s][debug  ][gc,phases      ] GC(175)     Dead                           Min: 0, Avg:  0.0, Max: 0, Diff: 0, Sum: 0, Workers: 6
[48.179s][debug  ][gc,phases      ] GC(175)     Total                          Min: 0, Avg:  0.0, Max: 0, Diff: 0, Sum: 0, Workers: 6
[48.179s][debug  ][gc,phases      ] GC(175)   StringDedup Table Weak         Min:  0.0, Avg:  0.0, Max:  0.0, Diff:  0.0, Sum:  0.0, Workers: 6
[48.179s][debug  ][gc,phases      ] GC(175)     Dead                           Min: 0, Avg:  0.0, Max: 0, Diff: 0, Sum: 0, Workers: 6
[48.179s][debug  ][gc,phases      ] GC(175)     Total                          Min: 0, Avg:  0.0, Max: 0, Diff: 0, Sum: 0, Workers: 6
[48.179s][debug  ][gc,phases      ] GC(175)   StringDedup Requests0 Weak     Min:  0.0, Avg:  0.0, Max:  0.0, Diff:  0.0, Sum:  0.0, Workers: 6
[48.179s][debug  ][gc,phases      ] GC(175)     Dead                           Min: 0, Avg:  0.0, Max: 0, Diff: 0, Sum: 0, Workers: 6
[48.179s][debug  ][gc,phases      ] GC(175)     Total                          Min: 0, Avg:  0.0, Max: 0, Diff: 0, Sum: 0, Workers: 6
[48.179s][debug  ][gc,phases      ] GC(175)   StringDedup Requests1 Weak     Min:  0.0, Avg:  0.0, Max:  0.0, Diff:  0.0, Sum:  0.0, Workers: 6
[48.179s][debug  ][gc,phases      ] GC(175)     Dead                           Min: 0, Avg:  0.0, Max: 0, Diff: 0, Sum: 0, Workers: 6
[48.179s][debug  ][gc,phases      ] GC(175)     Total                          Min: 0, Avg:  0.0, Max: 0, Diff: 0, Sum: 0, Workers: 6
[48.179s][debug  ][gc,phases      ] GC(175)   Weak JFR Old Object Samples    Min:  0.0, Avg:  0.0, Max:  0.0, Diff:  0.0, Sum:  0.0, Workers: 6
[48.179s][debug  ][gc,phases      ] GC(175)     Dead                           Min: 0, Avg:  0.0, Max: 0, Diff: 0, Sum: 0, Workers: 6
[48.179s][debug  ][gc,phases      ] GC(175)     Total                          Min: 0, Avg:  0.0, Max: 0, Diff: 0, Sum: 0, Workers: 6
[48.179s][debug  ][gc,phases      ] GC(175) Weak Processing 0.745ms
[48.179s][debug  ][gc,ergo        ] GC(175) AdaptiveSizeStart:  collection: 176 
[48.179s][debug  ][gc,ergo        ] GC(175) avg_survived_padded_avg: 31498884.000000
[48.179s][debug  ][gc,ergo        ] GC(175) avg_promoted_padded_avg: 263191744.000000  avg_pretenured_padded_avg: 0.000000  tenuring_thresh: 15  target_size: 31981568
[48.179s][debug  ][gc,age         ] GC(175) Desired survivor size 31981568 bytes, new threshold 15 (max threshold 15)
[48.179s][debug  ][gc,ergo        ] GC(175) PSAdaptiveSizePolicy::compute_eden_space_size limits: desired_eden_size: 222862205 old_eden_size: 204472320 eden_limit: 204472320 cur_eden: 204472320 max_eden_size: 204472320 avg_young_live: 26335502
[48.179s][debug  ][gc,ergo        ] GC(175) PSAdaptiveSizePolicy::compute_eden_space_size: costs minor_time: 0.042882 major_cost: 0.052477 mutator_cost: 0.904640 throughput_goal: 0.990000
[48.179s][debug  ][gc,ergo        ] GC(175) Live_space: 1083931392 free_space: 1423966208
[48.179s][debug  ][gc,ergo        ] GC(175) Old eden_size: 204472320 desired_eden_size: 204472320
[48.179s][debug  ][gc,ergo        ] GC(175) AdaptiveSizeStop: collection: 176 
[48.179s][info   ][gc,heap        ] GC(175) PSYoungGen: 229117K(230912K)->30720K(230912K) Eden: 198397K(199680K)->0K(199680K) From: 30720K(31232K)->30720K(31232K)
[48.179s][info   ][gc,heap        ] GC(175) ParOldGen: 861796K(1835008K)->1056356K(1835008K)
[48.179s][info   ][gc,metaspace   ] GC(175) Metaspace: 1027K(1216K)->1027K(1216K) NonClass: 943K(1024K)->943K(1024K) Class: 83K(192K)->83K(192K)
[48.179s][info   ][gc             ] GC(175) Pause Young (Allocation Failure) 1065M->1061M(2017M) 17.208ms
[48.179s][info   ][gc,cpu         ] GC(175) User=0.14s Sys=0.00s Real=0.02s
[48.179s][debug  ][gc,heap        ] GC(175) Heap after GC invocations=176 (full 28):
[48.179s][debug  ][gc,heap        ] GC(175)  PSYoungGen      total 230912K, used 30720K [0x00000000f0000000, 0x0000000100000000, 0x0000000100000000)
[48.179s][debug  ][gc,heap        ] GC(175)   eden space 199680K, 0% used [0x00000000f0000000,0x00000000f0000000,0x00000000fc300000)
[48.179s][debug  ][gc,heap        ] GC(175)   from space 31232K, 98% used [0x00000000fe180000,0x00000000fff80030,0x0000000100000000)
[48.179s][debug  ][gc,heap        ] GC(175)   to   space 31232K, 0% used [0x00000000fc300000,0x00000000fc300000,0x00000000fe180000)
[48.179s][debug  ][gc,heap        ] GC(175)  ParOldGen       total 1835008K, used 1056356K [0x0000000080000000, 0x00000000f0000000, 0x00000000f0000000)
[48.179s][debug  ][gc,heap        ] GC(175)   object space 1835008K, 57% used [0x0000000080000000,0x00000000c07991f0,0x00000000f0000000)
[48.179s][debug  ][gc,heap        ] GC(175)  Metaspace       used 1027K, committed 1216K, reserved 1056768K
[48.179s][debug  ][gc,heap        ] GC(175)   class space    used 83K, committed 192K, reserved 1048576K
[48.179s][debug  ][gc,task,time   ] GC(175) VM-Thread 481615128 481773823 481794472
[48.480s][debug  ][gc,heap        ] GC(176) Heap before GC invocations=177 (full 28):
[48.480s][debug  ][gc,heap        ] GC(176)  PSYoungGen      total 230912K, used 229145K [0x00000000f0000000, 0x0000000100000000, 0x0000000100000000)
[48.480s][debug  ][gc,heap        ] GC(176)   eden space 199680K, 99% used [0x00000000f0000000,0x00000000fc1c63f8,0x00000000fc300000)
[48.480s][debug  ][gc,heap        ] GC(176)   from space 31232K, 98% used [0x00000000fe180000,0x00000000fff80030,0x0000000100000000)
[48.480s][debug  ][gc,heap        ] GC(176)   to   space 31232K, 0% used [0x00000000fc300000,0x00000000fc300000,0x00000000fe180000)
[48.480s][debug  ][gc,heap        ] GC(176)  ParOldGen       total 1835008K, used 1056356K [0x0000000080000000, 0x00000000f0000000, 0x00000000f0000000)
[48.480s][debug  ][gc,heap        ] GC(176)   object space 1835008K, 57% used [0x0000000080000000,0x00000000c07991f0,0x00000000f0000000)
[48.480s][debug  ][gc,heap        ] GC(176)  Metaspace       used 1027K, committed 1216K, reserved 1056768K
[48.480s][debug  ][gc,heap        ] GC(176)   class space    used 83K, committed 192K, reserved 1048576K
[48.480s][debug  ][gc,tlab        ] GC(176) TLAB totals: thrds: 1  refills: 1 max: 1 slow allocs: 18 max 18 waste: 27.4% gc: 3957448B max: 3957448B slow: 0B max: 0B
[48.480s][info   ][gc,start       ] GC(176) Pause Young (Allocation Failure)
[48.480s][debug  ][gc,phases,start] GC(176) Scavenge
[48.495s][debug  ][gc,phases      ] GC(176) Scavenge 15.103ms
[48.495s][debug  ][gc,phases,start] GC(176) Reference Processing
[48.495s][debug  ][gc,ref         ] GC(176) Skipped phase 1 of Reference Processing: no references
[48.495s][debug  ][gc,ref         ] GC(176) Skipped phase 2 of Reference Processing: no references
[48.495s][debug  ][gc,ref         ] GC(176) Skipped phase 3 of Reference Processing: no references
[48.495s][debug  ][gc,ref         ] GC(176) Skipped phase 4 of Reference Processing: no references
[48.495s][debug  ][gc,phases,ref  ] GC(176) Reference Processing: 0.1ms
[48.495s][debug  ][gc,phases,ref  ] GC(176)   Reconsider SoftReferences: 0.0ms
[48.495s][debug  ][gc,phases,ref  ] GC(176)     SoftRef (ms):                  skipped
[48.496s][debug  ][gc,phases,ref  ] GC(176)   Notify Soft/WeakReferences: 0.0ms
[48.496s][debug  ][gc,phases,ref  ] GC(176)     SoftRef (ms):                  skipped
[48.496s][debug  ][gc,phases,ref  ] GC(176)     WeakRef (ms):                  skipped
[48.496s][debug  ][gc,phases,ref  ] GC(176)     FinalRef (ms):                 skipped
[48.496s][debug  ][gc,phases,ref  ] GC(176)     Total (ms):                    skipped
[48.496s][debug  ][gc,phases,ref  ] GC(176)   Notify and keep alive finalizable: 0.0ms
[48.496s][debug  ][gc,phases,ref  ] GC(176)     FinalRef (ms):                 skipped
[48.496s][debug  ][gc,phases,ref  ] GC(176)   Notify PhantomReferences: 0.0ms
[48.496s][debug  ][gc,phases,ref  ] GC(176)     PhantomRef (ms):               skipped
[48.496s][debug  ][gc,phases,ref  ] GC(176)   SoftReference:
[48.496s][debug  ][gc,phases,ref  ] GC(176)     Discovered: 0
[48.496s][debug  ][gc,phases,ref  ] GC(176)     Cleared: 0
[48.496s][debug  ][gc,phases,ref  ] GC(176)   WeakReference:
[48.496s][debug  ][gc,phases,ref  ] GC(176)     Discovered: 0
[48.496s][debug  ][gc,phases,ref  ] GC(176)     Cleared: 0
[48.496s][debug  ][gc,phases,ref  ] GC(176)   FinalReference:
[48.496s][debug  ][gc,phases,ref  ] GC(176)     Discovered: 0
[48.496s][debug  ][gc,phases,ref  ] GC(176)     Cleared: 0
[48.496s][debug  ][gc,phases,ref  ] GC(176)   PhantomReference:
[48.496s][debug  ][gc,phases,ref  ] GC(176)     Discovered: 0
[48.496s][debug  ][gc,phases,ref  ] GC(176)     Cleared: 0
[48.496s][debug  ][gc,phases      ] GC(176) Reference Processing 0.640ms
[48.496s][debug  ][gc,phases,start] GC(176) Weak Processing
[48.496s][debug  ][gc,phases      ] GC(176)   VM Weak                        Min:  0.0, Avg:  0.0, Max:  0.0, Diff:  0.0, Sum:  0.0, Workers: 6
[48.496s][debug  ][gc,phases      ] GC(176)     Dead                           Min: 0, Avg:  0.0, Max: 0, Diff: 0, Sum: 0, Workers: 6
[48.496s][debug  ][gc,phases      ] GC(176)     Total                          Min: 0, Avg:  1.3, Max: 8, Diff: 8, Sum: 8, Workers: 6
[48.496s][debug  ][gc,phases      ] GC(176)   ObjectSynchronizer Weak        Min:  0.0, Avg:  0.0, Max:  0.0, Diff:  0.0, Sum:  0.0, Workers: 6
[48.496s][debug  ][gc,phases      ] GC(176)     Dead                           Min: 0, Avg:  0.0, Max: 0, Diff: 0, Sum: 0, Workers: 6
[48.496s][debug  ][gc,phases      ] GC(176)     Total                          Min: 0, Avg:  0.5, Max: 3, Diff: 3, Sum: 3, Workers: 6
[48.496s][debug  ][gc,phases      ] GC(176)   JVMTI Tag Weak OopStorage      Min:  0.0, Avg:  0.0, Max:  0.0, Diff:  0.0, Sum:  0.0, Workers: 6
[48.496s][debug  ][gc,phases      ] GC(176)     Dead                           Min: 0, Avg:  0.0, Max: 0, Diff: 0, Sum: 0, Workers: 6
[48.496s][debug  ][gc,phases      ] GC(176)     Total                          Min: 0, Avg:  0.0, Max: 0, Diff: 0, Sum: 0, Workers: 6
[48.496s][debug  ][gc,phases      ] GC(176)   StringTable Weak               Min:  0.0, Avg:  0.0, Max:  0.0, Diff:  0.0, Sum:  0.0, Workers: 6
[48.496s][debug  ][gc,phases      ] GC(176)     Dead                           Min: 0, Avg:  0.0, Max: 0, Diff: 0, Sum: 0, Workers: 6
[48.496s][debug  ][gc,phases      ] GC(176)     Total                          Min: 768, Avg: 892.2, Max: 1194, Diff: 426, Sum: 5353, Workers: 6
[48.496s][debug  ][gc,phases      ] GC(176)   ResolvedMethodTable Weak       Min:  0.0, Avg:  0.0, Max:  0.0, Diff:  0.0, Sum:  0.0, Workers: 6
[48.496s][debug  ][gc,phases      ] GC(176)     Dead                           Min: 0, Avg:  0.0, Max: 0, Diff: 0, Sum: 0, Workers: 6
[48.496s][debug  ][gc,phases      ] GC(176)     Total                          Min: 0, Avg: 21.7, Max: 64, Diff: 64, Sum: 130, Workers: 6
[48.496s][debug  ][gc,phases      ] GC(176)   JNI Weak                       Min:  0.0, Avg:  0.0, Max:  0.0, Diff:  0.0, Sum:  0.0, Workers: 6
[48.496s][debug  ][gc,phases      ] GC(176)     Dead                           Min: 0, Avg:  0.0, Max: 0, Diff: 0, Sum: 0, Workers: 6
[48.496s][debug  ][gc,phases      ] GC(176)     Total                          Min: 0, Avg:  0.0, Max: 0, Diff: 0, Sum: 0, Workers: 6
[48.496s][debug  ][gc,phases      ] GC(176)   StringDedup Table Weak         Min:  0.0, Avg:  0.0, Max:  0.0, Diff:  0.0, Sum:  0.0, Workers: 6
[48.496s][debug  ][gc,phases      ] GC(176)     Dead                           Min: 0, Avg:  0.0, Max: 0, Diff: 0, Sum: 0, Workers: 6
[48.496s][debug  ][gc,phases      ] GC(176)     Total                          Min: 0, Avg:  0.0, Max: 0, Diff: 0, Sum: 0, Workers: 6
[48.497s][debug  ][gc,phases      ] GC(176)   StringDedup Requests0 Weak     Min:  0.0, Avg:  0.0, Max:  0.0, Diff:  0.0, Sum:  0.0, Workers: 6
[48.497s][debug  ][gc,phases      ] GC(176)     Dead                           Min: 0, Avg:  0.0, Max: 0, Diff: 0, Sum: 0, Workers: 6
[48.497s][debug  ][gc,phases      ] GC(176)     Total                          Min: 0, Avg:  0.0, Max: 0, Diff: 0, Sum: 0, Workers: 6
[48.497s][debug  ][gc,phases      ] GC(176)   StringDedup Requests1 Weak     Min:  0.0, Avg:  0.0, Max:  0.0, Diff:  0.0, Sum:  0.0, Workers: 6
[48.497s][debug  ][gc,phases      ] GC(176)     Dead                           Min: 0, Avg:  0.0, Max: 0, Diff: 0, Sum: 0, Workers: 6
[48.497s][debug  ][gc,phases      ] GC(176)     Total                          Min: 0, Avg:  0.0, Max: 0, Diff: 0, Sum: 0, Workers: 6
[48.497s][debug  ][gc,phases      ] GC(176)   Weak JFR Old Object Samples    Min:  0.0, Avg:  0.0, Max:  0.0, Diff:  0.0, Sum:  0.0, Workers: 6
[48.497s][debug  ][gc,phases      ] GC(176)     Dead                           Min: 0, Avg:  0.0, Max: 0, Diff: 0, Sum: 0, Workers: 6
[48.497s][debug  ][gc,phases      ] GC(176)     Total                          Min: 0, Avg:  0.0, Max: 0, Diff: 0, Sum: 0, Workers: 6
[48.497s][debug  ][gc,phases      ] GC(176) Weak Processing 0.738ms
[48.497s][debug  ][gc,ergo        ] GC(176) AdaptiveSizeStart:  collection: 177 
[48.497s][debug  ][gc,ergo        ] GC(176) avg_survived_padded_avg: 31495206.000000
[48.497s][debug  ][gc,ergo        ] GC(176) avg_promoted_padded_avg: 266673552.000000  avg_pretenured_padded_avg: 0.000000  tenuring_thresh: 15  target_size: 31981568
[48.497s][debug  ][gc,age         ] GC(176) Desired survivor size 31981568 bytes, new threshold 15 (max threshold 15)
[48.497s][debug  ][gc,ergo        ] GC(176) PSAdaptiveSizePolicy::compute_eden_space_size limits: desired_eden_size: 223400168 old_eden_size: 204472320 eden_limit: 204472320 cur_eden: 204472320 max_eden_size: 204472320 avg_young_live: 26847684
[48.497s][debug  ][gc,ergo        ] GC(176) PSAdaptiveSizePolicy::compute_eden_space_size: costs minor_time: 0.045218 major_cost: 0.052477 mutator_cost: 0.902305 throughput_goal: 0.990000
[48.497s][debug  ][gc,ergo        ] GC(176) Live_space: 1084443520 free_space: 1423966208
[48.497s][debug  ][gc,ergo        ] GC(176) Old eden_size: 204472320 desired_eden_size: 204472320
[48.497s][debug  ][gc,ergo        ] GC(176) AdaptiveSizeStop: collection: 177 
[48.497s][info   ][gc,heap        ] GC(176) PSYoungGen: 229145K(230912K)->30720K(230912K) Eden: 198424K(199680K)->0K(199680K) From: 30720K(31232K)->30720K(31232K)
[48.497s][info   ][gc,heap        ] GC(176) ParOldGen: 1056356K(1835008K)->1250916K(1835008K)
[48.497s][info   ][gc,metaspace   ] GC(176) Metaspace: 1027K(1216K)->1027K(1216K) NonClass: 943K(1024K)->943K(1024K) Class: 83K(192K)->83K(192K)
[48.497s][info   ][gc             ] GC(176) Pause Young (Allocation Failure) 1255M->1251M(2017M) 16.949ms
[48.497s][info   ][gc,cpu         ] GC(176) User=0.16s Sys=0.00s Real=0.02s
[48.497s][debug  ][gc,heap        ] GC(176) Heap after GC invocations=177 (full 28):
[48.497s][debug  ][gc,heap        ] GC(176)  PSYoungGen      total 230912K, used 30720K [0x00000000f0000000, 0x0000000100000000, 0x0000000100000000)
[48.497s][debug  ][gc,heap        ] GC(176)   eden space 199680K, 0% used [0x00000000f0000000,0x00000000f0000000,0x00000000fc300000)
[48.497s][debug  ][gc,heap        ] GC(176)   from space 31232K, 98% used [0x00000000fc300000,0x00000000fe100030,0x00000000fe180000)
[48.497s][debug  ][gc,heap        ] GC(176)   to   space 31232K, 0% used [0x00000000fe180000,0x00000000fe180000,0x0000000100000000)
[48.497s][debug  ][gc,heap        ] GC(176)  ParOldGen       total 1835008K, used 1250916K [0x0000000080000000, 0x00000000f0000000, 0x00000000f0000000)
[48.497s][debug  ][gc,heap        ] GC(176)   object space 1835008K, 68% used [0x0000000080000000,0x00000000cc599320,0x00000000f0000000)
[48.497s][debug  ][gc,heap        ] GC(176)  Metaspace       used 1027K, committed 1216K, reserved 1056768K
[48.497s][debug  ][gc,heap        ] GC(176)   class space    used 83K, committed 192K, reserved 1048576K
[48.497s][debug  ][gc,task,time   ] GC(176) VM-Thread 484796273 484953179 484972987
[48.795s][debug  ][gc,heap        ] GC(177) Heap before GC invocations=178 (full 28):
[48.795s][debug  ][gc,heap        ] GC(177)  PSYoungGen      total 230912K, used 229162K [0x00000000f0000000, 0x0000000100000000, 0x0000000100000000)
[48.795s][debug  ][gc,heap        ] GC(177)   eden space 199680K, 99% used [0x00000000f0000000,0x00000000fc1cab88,0x00000000fc300000)
[48.795s][debug  ][gc,heap        ] GC(177)   from space 31232K, 98% used [0x00000000fc300000,0x00000000fe100030,0x00000000fe180000)
[48.795s][debug  ][gc,heap        ] GC(177)   to   space 31232K, 0% used [0x00000000fe180000,0x00000000fe180000,0x0000000100000000)
[48.795s][debug  ][gc,heap        ] GC(177)  ParOldGen       total 1835008K, used 1250916K [0x0000000080000000, 0x00000000f0000000, 0x00000000f0000000)
[48.795s][debug  ][gc,heap        ] GC(177)   object space 1835008K, 68% used [0x0000000080000000,0x00000000cc599320,0x00000000f0000000)
[48.795s][debug  ][gc,heap        ] GC(177)  Metaspace       used 1027K, committed 1216K, reserved 1056768K
[48.795s][debug  ][gc,heap        ] GC(177)   class space    used 83K, committed 192K, reserved 1048576K
[48.795s][debug  ][gc,tlab        ] GC(177) TLAB totals: thrds: 1  refills: 1 max: 1 slow allocs: 18 max 18 waste: 27.5% gc: 3975768B max: 3975768B slow: 0B max: 0B
[48.796s][info   ][gc,start       ] GC(177) Pause Young (Allocation Failure)
[48.796s][debug  ][gc,phases,start] GC(177) Scavenge
[48.811s][debug  ][gc,phases      ] GC(177) Scavenge 15.764ms
[48.811s][debug  ][gc,phases,start] GC(177) Reference Processing
[48.811s][debug  ][gc,ref         ] GC(177) Skipped phase 1 of Reference Processing: no references
[48.811s][debug  ][gc,ref         ] GC(177) Skipped phase 2 of Reference Processing: no references
[48.811s][debug  ][gc,ref         ] GC(177) Skipped phase 3 of Reference Processing: no references
[48.811s][debug  ][gc,ref         ] GC(177) Skipped phase 4 of Reference Processing: no references
[48.812s][debug  ][gc,phases,ref  ] GC(177) Reference Processing: 0.1ms
[48.812s][debug  ][gc,phases,ref  ] GC(177)   Reconsider SoftReferences: 0.0ms
[48.812s][debug  ][gc,phases,ref  ] GC(177)     SoftRef (ms):                  skipped
[48.812s][debug  ][gc,phases,ref  ] GC(177)   Notify Soft/WeakReferences: 0.0ms
[48.812s][debug  ][gc,phases,ref  ] GC(177)     SoftRef (ms):                  skipped
[48.812s][debug  ][gc,phases,ref  ] GC(177)     WeakRef (ms):                  skipped
[48.812s][debug  ][gc,phases,ref  ] GC(177)     FinalRef (ms):                 skipped
[48.812s][debug  ][gc,phases,ref  ] GC(177)     Total (ms):                    skipped
[48.812s][debug  ][gc,phases,ref  ] GC(177)   Notify and keep alive finalizable: 0.0ms
[48.812s][debug  ][gc,phases,ref  ] GC(177)     FinalRef (ms):                 skipped
[48.812s][debug  ][gc,phases,ref  ] GC(177)   Notify PhantomReferences: 0.0ms
[48.812s][debug  ][gc,phases,ref  ] GC(177)     PhantomRef (ms):               skipped
[48.812s][debug  ][gc,phases,ref  ] GC(177)   SoftReference:
[48.812s][debug  ][gc,phases,ref  ] GC(177)     Discovered: 0
[48.812s][debug  ][gc,phases,ref  ] GC(177)     Cleared: 0
[48.812s][debug  ][gc,phases,ref  ] GC(177)   WeakReference:
[48.812s][debug  ][gc,phases,ref  ] GC(177)     Discovered: 0
[48.812s][debug  ][gc,phases,ref  ] GC(177)     Cleared: 0
[48.812s][debug  ][gc,phases,ref  ] GC(177)   FinalReference:
[48.812s][debug  ][gc,phases,ref  ] GC(177)     Discovered: 0
[48.812s][debug  ][gc,phases,ref  ] GC(177)     Cleared: 0
[48.812s][debug  ][gc,phases,ref  ] GC(177)   PhantomReference:
[48.812s][debug  ][gc,phases,ref  ] GC(177)     Discovered: 0
[48.812s][debug  ][gc,phases,ref  ] GC(177)     Cleared: 0
[48.812s][debug  ][gc,phases      ] GC(177) Reference Processing 0.638ms
[48.812s][debug  ][gc,phases,start] GC(177) Weak Processing
[48.812s][debug  ][gc,phases      ] GC(177)   VM Weak                        Min:  0.0, Avg:  0.0, Max:  0.0, Diff:  0.0, Sum:  0.0, Workers: 6
[48.812s][debug  ][gc,phases      ] GC(177)     Dead                           Min: 0, Avg:  0.0, Max: 0, Diff: 0, Sum: 0, Workers: 6
[48.812s][debug  ][gc,phases      ] GC(177)     Total                          Min: 0, Avg:  1.3, Max: 8, Diff: 8, Sum: 8, Workers: 6
[48.812s][debug  ][gc,phases      ] GC(177)   ObjectSynchronizer Weak        Min:  0.0, Avg:  0.0, Max:  0.0, Diff:  0.0, Sum:  0.0, Workers: 6
[48.812s][debug  ][gc,phases      ] GC(177)     Dead                           Min: 0, Avg:  0.0, Max: 0, Diff: 0, Sum: 0, Workers: 6
[48.812s][debug  ][gc,phases      ] GC(177)     Total                          Min: 0, Avg:  0.5, Max: 3, Diff: 3, Sum: 3, Workers: 6
[48.812s][debug  ][gc,phases      ] GC(177)   JVMTI Tag Weak OopStorage      Min:  0.0, Avg:  0.0, Max:  0.0, Diff:  0.0, Sum:  0.0, Workers: 6
[48.812s][debug  ][gc,phases      ] GC(177)     Dead                           Min: 0, Avg:  0.0, Max: 0, Diff: 0, Sum: 0, Workers: 6
[48.812s][debug  ][gc,phases      ] GC(177)     Total                          Min: 0, Avg:  0.0, Max: 0, Diff: 0, Sum: 0, Workers: 6
[48.812s][debug  ][gc,phases      ] GC(177)   StringTable Weak               Min:  0.0, Avg:  0.0, Max:  0.0, Diff:  0.0, Sum:  0.0, Workers: 6
[48.812s][debug  ][gc,phases      ] GC(177)     Dead                           Min: 0, Avg:  0.0, Max: 0, Diff: 0, Sum: 0, Workers: 6
[48.812s][debug  ][gc,phases      ] GC(177)     Total                          Min: 640, Avg: 892.2, Max: 1088, Diff: 448, Sum: 5353, Workers: 6
[48.812s][debug  ][gc,phases      ] GC(177)   ResolvedMethodTable Weak       Min:  0.0, Avg:  0.0, Max:  0.0, Diff:  0.0, Sum:  0.0, Workers: 6
[48.812s][debug  ][gc,phases      ] GC(177)     Dead                           Min: 0, Avg:  0.0, Max: 0, Diff: 0, Sum: 0, Workers: 6
[48.812s][debug  ][gc,phases      ] GC(177)     Total                          Min: 0, Avg: 21.7, Max: 64, Diff: 64, Sum: 130, Workers: 6
[48.812s][debug  ][gc,phases      ] GC(177)   JNI Weak                       Min:  0.0, Avg:  0.0, Max:  0.0, Diff:  0.0, Sum:  0.0, Workers: 6
[48.812s][debug  ][gc,phases      ] GC(177)     Dead                           Min: 0, Avg:  0.0, Max: 0, Diff: 0, Sum: 0, Workers: 6
[48.813s][debug  ][gc,phases      ] GC(177)     Total                          Min: 0, Avg:  0.0, Max: 0, Diff: 0, Sum: 0, Workers: 6
[48.813s][debug  ][gc,phases      ] GC(177)   StringDedup Table Weak         Min:  0.0, Avg:  0.0, Max:  0.0, Diff:  0.0, Sum:  0.0, Workers: 6
[48.813s][debug  ][gc,phases      ] GC(177)     Dead                           Min: 0, Avg:  0.0, Max: 0, Diff: 0, Sum: 0, Workers: 6
[48.813s][debug  ][gc,phases      ] GC(177)     Total                          Min: 0, Avg:  0.0, Max: 0, Diff: 0, Sum: 0, Workers: 6
[48.813s][debug  ][gc,phases      ] GC(177)   StringDedup Requests0 Weak     Min:  0.0, Avg:  0.0, Max:  0.0, Diff:  0.0, Sum:  0.0, Workers: 6
[48.813s][debug  ][gc,phases      ] GC(177)     Dead                           Min: 0, Avg:  0.0, Max: 0, Diff: 0, Sum: 0, Workers: 6
[48.813s][debug  ][gc,phases      ] GC(177)     Total                          Min: 0, Avg:  0.0, Max: 0, Diff: 0, Sum: 0, Workers: 6
[48.813s][debug  ][gc,phases      ] GC(177)   StringDedup Requests1 Weak     Min:  0.0, Avg:  0.0, Max:  0.0, Diff:  0.0, Sum:  0.0, Workers: 6
[48.813s][debug  ][gc,phases      ] GC(177)     Dead                           Min: 0, Avg:  0.0, Max: 0, Diff: 0, Sum: 0, Workers: 6
[48.813s][debug  ][gc,phases      ] GC(177)     Total                          Min: 0, Avg:  0.0, Max: 0, Diff: 0, Sum: 0, Workers: 6
[48.813s][debug  ][gc,phases      ] GC(177)   Weak JFR Old Object Samples    Min:  0.0, Avg:  0.0, Max:  0.0, Diff:  0.0, Sum:  0.0, Workers: 6
[48.813s][debug  ][gc,phases      ] GC(177)     Dead                           Min: 0, Avg:  0.0, Max: 0, Diff: 0, Sum: 0, Workers: 6
[48.813s][debug  ][gc,phases      ] GC(177)     Total                          Min: 0, Avg:  0.0, Max: 0, Diff: 0, Sum: 0, Workers: 6
[48.813s][debug  ][gc,phases      ] GC(177) Weak Processing 0.753ms
[48.813s][debug  ][gc,ergo        ] GC(177) AdaptiveSizeStart:  collection: 178 
[48.813s][debug  ][gc,ergo        ] GC(177) avg_survived_padded_avg: 31491848.000000
[48.813s][debug  ][gc,ergo        ] GC(177) avg_promoted_padded_avg: 268819392.000000  avg_pretenured_padded_avg: 0.000000  tenuring_thresh: 15  target_size: 31981568
[48.813s][debug  ][gc,age         ] GC(177) Desired survivor size 31981568 bytes, new threshold 15 (max threshold 15)
[48.813s][debug  ][gc,ergo        ] GC(177) PSAdaptiveSizePolicy::compute_eden_space_size limits: desired_eden_size: 223918127 old_eden_size: 204472320 eden_limit: 204472320 cur_eden: 204472320 max_eden_size: 204472320 avg_young_live: 27308648
[48.813s][debug  ][gc,ergo        ] GC(177) PSAdaptiveSizePolicy::compute_eden_space_size: costs minor_time: 0.047577 major_cost: 0.052477 mutator_cost: 0.899946 throughput_goal: 0.990000
[48.813s][debug  ][gc,ergo        ] GC(177) Live_space: 1084904448 free_space: 1423966208
[48.813s][debug  ][gc,ergo        ] GC(177) Old eden_size: 204472320 desired_eden_size: 204472320
[48.813s][debug  ][gc,ergo        ] GC(177) AdaptiveSizeStop: collection: 178 
[48.813s][info   ][gc,heap        ] GC(177) PSYoungGen: 229162K(230912K)->30720K(230912K) Eden: 198442K(199680K)->0K(199680K) From: 30720K(31232K)->30720K(31232K)
[48.813s][info   ][gc,heap        ] GC(177) ParOldGen: 1250916K(1835008K)->1445477K(1835008K)
[48.813s][info   ][gc,metaspace   ] GC(177) Metaspace: 1027K(1216K)->1027K(1216K) NonClass: 943K(1024K)->943K(1024K) Class: 83K(192K)->83K(192K)
[48.813s][info   ][gc             ] GC(177) Pause Young (Allocation Failure) 1445M->1441M(2017M) 17.623ms
[48.813s][info   ][gc,cpu         ] GC(177) User=0.14s Sys=0.00s Real=0.02s
[48.813s][debug  ][gc,heap        ] GC(177) Heap after GC invocations=178 (full 28):
[48.813s][debug  ][gc,heap        ] GC(177)  PSYoungGen      total 230912K, used 30720K [0x00000000f0000000, 0x0000000100000000, 0x0000000100000000)
[48.813s][debug  ][gc,heap        ] GC(177)   eden space 199680K, 0% used [0x00000000f0000000,0x00000000f0000000,0x00000000fc300000)
[48.813s][debug  ][gc,heap        ] GC(177)   from space 31232K, 98% used [0x00000000fe180000,0x00000000fff80030,0x0000000100000000)
[48.813s][debug  ][gc,heap        ] GC(177)   to   space 31232K, 0% used [0x00000000fc300000,0x00000000fc300000,0x00000000fe180000)
[48.813s][debug  ][gc,heap        ] GC(177)  ParOldGen       total 1835008K, used 1445477K [0x0000000080000000, 0x00000000f0000000, 0x00000000f0000000)
[48.813s][debug  ][gc,heap        ] GC(177)   object space 1835008K, 78% used [0x0000000080000000,0x00000000d8399450,0x00000000f0000000)
[48.813s][debug  ][gc,heap        ] GC(177)  Metaspace       used 1027K, committed 1216K, reserved 1056768K
[48.813s][debug  ][gc,heap        ] GC(177)   class space    used 83K, committed 192K, reserved 1048576K
[48.813s][debug  ][gc,task,time   ] GC(177) VM-Thread 487950441 488113910 488133820
[49.112s][debug  ][gc,heap        ] GC(178) Heap before GC invocations=179 (full 28):
[49.112s][debug  ][gc,heap        ] GC(178)  PSYoungGen      total 230912K, used 229174K [0x00000000f0000000, 0x0000000100000000, 0x0000000100000000)
[49.112s][debug  ][gc,heap        ] GC(178)   eden space 199680K, 99% used [0x00000000f0000000,0x00000000fc1cd990,0x00000000fc300000)
[49.112s][debug  ][gc,heap        ] GC(178)   from space 31232K, 98% used [0x00000000fe180000,0x00000000fff80030,0x0000000100000000)
[49.112s][debug  ][gc,heap        ] GC(178)   to   space 31232K, 0% used [0x00000000fc300000,0x00000000fc300000,0x00000000fe180000)
[49.112s][debug  ][gc,heap        ] GC(178)  ParOldGen       total 1835008K, used 1445477K [0x0000000080000000, 0x00000000f0000000, 0x00000000f0000000)
[49.112s][debug  ][gc,heap        ] GC(178)   object space 1835008K, 78% used [0x0000000080000000,0x00000000d8399450,0x00000000f0000000)
[49.112s][debug  ][gc,heap        ] GC(178)  Metaspace       used 1027K, committed 1216K, reserved 1056768K
[49.112s][debug  ][gc,heap        ] GC(178)   class space    used 83K, committed 192K, reserved 1048576K
[49.113s][debug  ][gc,tlab        ] GC(178) TLAB totals: thrds: 1  refills: 1 max: 1 slow allocs: 18 max 18 waste: 27.6% gc: 3987552B max: 3987552B slow: 0B max: 0B
[49.113s][info   ][gc,start       ] GC(178) Pause Young (Allocation Failure)
[49.113s][debug  ][gc,phases,start] GC(178) Scavenge
[49.128s][debug  ][gc,phases      ] GC(178) Scavenge 15.643ms
[49.128s][debug  ][gc,phases,start] GC(178) Reference Processing
[49.128s][debug  ][gc,ref         ] GC(178) Skipped phase 1 of Reference Processing: no references
[49.128s][debug  ][gc,ref         ] GC(178) Skipped phase 2 of Reference Processing: no references
[49.128s][debug  ][gc,ref         ] GC(178) Skipped phase 3 of Reference Processing: no references
[49.128s][debug  ][gc,ref         ] GC(178) Skipped phase 4 of Reference Processing: no references
[49.128s][debug  ][gc,phases,ref  ] GC(178) Reference Processing: 0.1ms
[49.128s][debug  ][gc,phases,ref  ] GC(178)   Reconsider SoftReferences: 0.0ms
[49.129s][debug  ][gc,phases,ref  ] GC(178)     SoftRef (ms):                  skipped
[49.129s][debug  ][gc,phases,ref  ] GC(178)   Notify Soft/WeakReferences: 0.0ms
[49.129s][debug  ][gc,phases,ref  ] GC(178)     SoftRef (ms):                  skipped
[49.129s][debug  ][gc,phases,ref  ] GC(178)     WeakRef (ms):                  skipped
[49.129s][debug  ][gc,phases,ref  ] GC(178)     FinalRef (ms):                 skipped
[49.129s][debug  ][gc,phases,ref  ] GC(178)     Total (ms):                    skipped
[49.129s][debug  ][gc,phases,ref  ] GC(178)   Notify and keep alive finalizable: 0.0ms
[49.129s][debug  ][gc,phases,ref  ] GC(178)     FinalRef (ms):                 skipped
[49.129s][debug  ][gc,phases,ref  ] GC(178)   Notify PhantomReferences: 0.0ms
[49.129s][debug  ][gc,phases,ref  ] GC(178)     PhantomRef (ms):               skipped
[49.129s][debug  ][gc,phases,ref  ] GC(178)   SoftReference:
[49.129s][debug  ][gc,phases,ref  ] GC(178)     Discovered: 0
[49.129s][debug  ][gc,phases,ref  ] GC(178)     Cleared: 0
[49.129s][debug  ][gc,phases,ref  ] GC(178)   WeakReference:
[49.129s][debug  ][gc,phases,ref  ] GC(178)     Discovered: 0
[49.129s][debug  ][gc,phases,ref  ] GC(178)     Cleared: 0
[49.129s][debug  ][gc,phases,ref  ] GC(178)   FinalReference:
[49.129s][debug  ][gc,phases,ref  ] GC(178)     Discovered: 0
[49.129s][debug  ][gc,phases,ref  ] GC(178)     Cleared: 0
[49.129s][debug  ][gc,phases,ref  ] GC(178)   PhantomReference:
[49.129s][debug  ][gc,phases,ref  ] GC(178)     Discovered: 0
[49.129s][debug  ][gc,phases,ref  ] GC(178)     Cleared: 0
[49.129s][debug  ][gc,phases      ] GC(178) Reference Processing 0.712ms
[49.129s][debug  ][gc,phases,start] GC(178) Weak Processing
[49.129s][debug  ][gc,phases      ] GC(178)   VM Weak                        Min:  0.0, Avg:  0.0, Max:  0.0, Diff:  0.0, Sum:  0.0, Workers: 6
[49.129s][debug  ][gc,phases      ] GC(178)     Dead                           Min: 0, Avg:  0.0, Max: 0, Diff: 0, Sum: 0, Workers: 6
[49.129s][debug  ][gc,phases      ] GC(178)     Total                          Min: 0, Avg:  1.3, Max: 8, Diff: 8, Sum: 8, Workers: 6
[49.129s][debug  ][gc,phases      ] GC(178)   ObjectSynchronizer Weak        Min:  0.0, Avg:  0.0, Max:  0.0, Diff:  0.0, Sum:  0.0, Workers: 6
[49.129s][debug  ][gc,phases      ] GC(178)     Dead                           Min: 0, Avg:  0.0, Max: 0, Diff: 0, Sum: 0, Workers: 6
[49.129s][debug  ][gc,phases      ] GC(178)     Total                          Min: 0, Avg:  0.5, Max: 3, Diff: 3, Sum: 3, Workers: 6
[49.129s][debug  ][gc,phases      ] GC(178)   JVMTI Tag Weak OopStorage      Min:  0.0, Avg:  0.0, Max:  0.0, Diff:  0.0, Sum:  0.0, Workers: 6
[49.129s][debug  ][gc,phases      ] GC(178)     Dead                           Min: 0, Avg:  0.0, Max: 0, Diff: 0, Sum: 0, Workers: 6
[49.129s][debug  ][gc,phases      ] GC(178)     Total                          Min: 0, Avg:  0.0, Max: 0, Diff: 0, Sum: 0, Workers: 6
[49.129s][debug  ][gc,phases      ] GC(178)   StringTable Weak               Min:  0.0, Avg:  0.0, Max:  0.0, Diff:  0.0, Sum:  0.0, Workers: 6
[49.129s][debug  ][gc,phases      ] GC(178)     Dead                           Min: 0, Avg:  0.0, Max: 0, Diff: 0, Sum: 0, Workers: 6
[49.129s][debug  ][gc,phases      ] GC(178)     Total                          Min: 704, Avg: 892.2, Max: 1216, Diff: 512, Sum: 5353, Workers: 6
[49.129s][debug  ][gc,phases      ] GC(178)   ResolvedMethodTable Weak       Min:  0.0, Avg:  0.0, Max:  0.0, Diff:  0.0, Sum:  0.0, Workers: 6
[49.129s][debug  ][gc,phases      ] GC(178)     Dead                           Min: 0, Avg:  0.0, Max: 0, Diff: 0, Sum: 0, Workers: 6
[49.129s][debug  ][gc,phases      ] GC(178)     Total                          Min: 0, Avg: 21.7, Max: 64, Diff: 64, Sum: 130, Workers: 6
[49.130s][debug  ][gc,phases      ] GC(178)   JNI Weak                       Min:  0.0, Avg:  0.0, Max:  0.0, Diff:  0.0, Sum:  0.0, Workers: 6
[49.130s][debug  ][gc,phases      ] GC(178)     Dead                           Min: 0, Avg:  0.0, Max: 0, Diff: 0, Sum: 0, Workers: 6
[49.130s][debug  ][gc,phases      ] GC(178)     Total                          Min: 0, Avg:  0.0, Max: 0, Diff: 0, Sum: 0, Workers: 6
[49.130s][debug  ][gc,phases      ] GC(178)   StringDedup Table Weak         Min:  0.0, Avg:  0.0, Max:  0.0, Diff:  0.0, Sum:  0.0, Workers: 6
[49.130s][debug  ][gc,phases      ] GC(178)     Dead                           Min: 0, Avg:  0.0, Max: 0, Diff: 0, Sum: 0, Workers: 6
[49.130s][debug  ][gc,phases      ] GC(178)     Total                          Min: 0, Avg:  0.0, Max: 0, Diff: 0, Sum: 0, Workers: 6
[49.130s][debug  ][gc,phases      ] GC(178)   StringDedup Requests0 Weak     Min:  0.0, Avg:  0.0, Max:  0.0, Diff:  0.0, Sum:  0.0, Workers: 6
[49.130s][debug  ][gc,phases      ] GC(178)     Dead                           Min: 0, Avg:  0.0, Max: 0, Diff: 0, Sum: 0, Workers: 6
[49.130s][debug  ][gc,phases      ] GC(178)     Total                          Min: 0, Avg:  0.0, Max: 0, Diff: 0, Sum: 0, Workers: 6
[49.130s][debug  ][gc,phases      ] GC(178)   StringDedup Requests1 Weak     Min:  0.0, Avg:  0.0, Max:  0.0, Diff:  0.0, Sum:  0.0, Workers: 6
[49.130s][debug  ][gc,phases      ] GC(178)     Dead                           Min: 0, Avg:  0.0, Max: 0, Diff: 0, Sum: 0, Workers: 6
[49.130s][debug  ][gc,phases      ] GC(178)     Total                          Min: 0, Avg:  0.0, Max: 0, Diff: 0, Sum: 0, Workers: 6
[49.130s][debug  ][gc,phases      ] GC(178)   Weak JFR Old Object Samples    Min:  0.0, Avg:  0.0, Max:  0.0, Diff:  0.0, Sum:  0.0, Workers: 6
[49.130s][debug  ][gc,phases      ] GC(178)     Dead                           Min: 0, Avg:  0.0, Max: 0, Diff: 0, Sum: 0, Workers: 6
[49.130s][debug  ][gc,phases      ] GC(178)     Total                          Min: 0, Avg:  0.0, Max: 0, Diff: 0, Sum: 0, Workers: 6
[49.130s][debug  ][gc,phases      ] GC(178) Weak Processing 0.798ms
[49.130s][debug  ][gc,ergo        ] GC(178) AdaptiveSizeStart:  collection: 179 
[49.130s][debug  ][gc,ergo        ] GC(178) avg_survived_padded_avg: 31488786.000000
[49.130s][debug  ][gc,ergo        ] GC(178) avg_promoted_padded_avg: 269861632.000000  avg_pretenured_padded_avg: 0.000000  tenuring_thresh: 15  target_size: 31981568
[49.130s][debug  ][gc,age         ] GC(178) Desired survivor size 31981568 bytes, new threshold 15 (max threshold 15)
[49.130s][debug  ][gc,ergo        ] GC(178) PSAdaptiveSizePolicy::compute_eden_space_size limits: desired_eden_size: 224281930 old_eden_size: 204472320 eden_limit: 204472320 cur_eden: 204472320 max_eden_size: 204472320 avg_young_live: 27723516
[49.130s][debug  ][gc,ergo        ] GC(178) PSAdaptiveSizePolicy::compute_eden_space_size: costs minor_time: 0.049303 major_cost: 0.052477 mutator_cost: 0.898220 throughput_goal: 0.990000
[49.130s][debug  ][gc,ergo        ] GC(178) Live_space: 1085319424 free_space: 1423966208
[49.130s][debug  ][gc,ergo        ] GC(178) Old eden_size: 204472320 desired_eden_size: 204472320
[49.130s][debug  ][gc,ergo        ] GC(178) AdaptiveSizeStop: collection: 179 
[49.130s][info   ][gc,heap        ] GC(178) PSYoungGen: 229174K(230912K)->30720K(230912K) Eden: 198454K(199680K)->0K(199680K) From: 30720K(31232K)->30720K(31232K)
[49.130s][info   ][gc,heap        ] GC(178) ParOldGen: 1445477K(1835008K)->1640037K(1835008K)
[49.130s][info   ][gc,metaspace   ] GC(178) Metaspace: 1027K(1216K)->1027K(1216K) NonClass: 943K(1024K)->943K(1024K) Class: 83K(192K)->83K(192K)
[49.130s][info   ][gc             ] GC(178) Pause Young (Allocation Failure) 1635M->1631M(2017M) 17.642ms
[49.130s][info   ][gc,cpu         ] GC(178) User=0.16s Sys=0.02s Real=0.02s
[49.130s][debug  ][gc,heap        ] GC(178) Heap after GC invocations=179 (full 28):
[49.130s][debug  ][gc,heap        ] GC(178)  PSYoungGen      total 230912K, used 30720K [0x00000000f0000000, 0x0000000100000000, 0x0000000100000000)
[49.130s][debug  ][gc,heap        ] GC(178)   eden space 199680K, 0% used [0x00000000f0000000,0x00000000f0000000,0x00000000fc300000)
[49.130s][debug  ][gc,heap        ] GC(178)   from space 31232K, 98% used [0x00000000fc300000,0x00000000fe100030,0x00000000fe180000)
[49.130s][debug  ][gc,heap        ] GC(178)   to   space 31232K, 0% used [0x00000000fe180000,0x00000000fe180000,0x0000000100000000)
[49.130s][debug  ][gc,heap        ] GC(178)  ParOldGen       total 1835008K, used 1640037K [0x0000000080000000, 0x00000000f0000000, 0x00000000f0000000)
[49.130s][debug  ][gc,heap        ] GC(178)   object space 1835008K, 89% used [0x0000000080000000,0x00000000e4199580,0x00000000f0000000)
[49.130s][debug  ][gc,heap        ] GC(178)  Metaspace       used 1027K, committed 1216K, reserved 1056768K
[49.130s][debug  ][gc,heap        ] GC(178)   class space    used 83K, committed 192K, reserved 1048576K
[49.130s][debug  ][gc,task,time   ] GC(178) VM-Thread 491121499 491283319 491304866
[49.131s][debug  ][gc,phases,start] GC(179) Pre Compact
[49.131s][debug  ][gc,heap        ] GC(179) Heap before GC invocations=180 (full 29):
[49.131s][debug  ][gc,heap        ] GC(179)  PSYoungGen      total 230912K, used 30720K [0x00000000f0000000, 0x0000000100000000, 0x0000000100000000)
[49.131s][debug  ][gc,heap        ] GC(179)   eden space 199680K, 0% used [0x00000000f0000000,0x00000000f0000000,0x00000000fc300000)
[49.131s][debug  ][gc,heap        ] GC(179)   from space 31232K, 98% used [0x00000000fc300000,0x00000000fe100030,0x00000000fe180000)
[49.131s][debug  ][gc,heap        ] GC(179)   to   space 31232K, 0% used [0x00000000fe180000,0x00000000fe180000,0x0000000100000000)
[49.131s][debug  ][gc,heap        ] GC(179)  ParOldGen       total 1835008K, used 1640037K [0x0000000080000000, 0x00000000f0000000, 0x00000000f0000000)
[49.131s][debug  ][gc,heap        ] GC(179)   object space 1835008K, 89% used [0x0000000080000000,0x00000000e4199580,0x00000000f0000000)
[49.131s][debug  ][gc,heap        ] GC(179)  Metaspace       used 1027K, committed 1216K, reserved 1056768K
[49.131s][debug  ][gc,heap        ] GC(179)   class space    used 83K, committed 192K, reserved 1048576K
[49.131s][debug  ][gc,phases      ] GC(179) Pre Compact 0.224ms
[49.131s][info   ][gc,start       ] GC(179) Pause Full (Ergonomics)
[49.131s][info   ][gc,phases,start] GC(179) Marking Phase
[49.131s][debug  ][gc,phases,start] GC(179) Par Mark
[49.131s][debug  ][gc,phases      ] GC(179) Par Mark 0.541ms
[49.131s][debug  ][gc,phases,start] GC(179) Reference Processing
[49.131s][debug  ][gc,ref         ] GC(179) Skipped phase 1 of Reference Processing: no references
[49.131s][debug  ][gc,ref         ] GC(179) ReferenceProcessor::execute queues: 1, RefProcThreadModel::Single, marks_oops_alive: false
[49.132s][debug  ][gc,ref         ] GC(179) Skipped phase 3 of Reference Processing: no references
[49.132s][debug  ][gc,ref         ] GC(179) ReferenceProcessor::execute queues: 1, RefProcThreadModel::Single, marks_oops_alive: false
[49.132s][debug  ][gc,phases,ref  ] GC(179) Reference Processing: 0.1ms
[49.132s][debug  ][gc,phases,ref  ] GC(179)   Reconsider SoftReferences: 0.0ms
[49.132s][debug  ][gc,phases,ref  ] GC(179)     SoftRef (ms):                  skipped
[49.132s][debug  ][gc,phases,ref  ] GC(179)   Notify Soft/WeakReferences: 0.0ms
[49.132s][debug  ][gc,phases,ref  ] GC(179)     SoftRef (ms):                  Min:  0.0, Avg:  0.0, Max:  0.0, Diff:  0.0, Sum:  0.0, Workers: 10
[49.132s][debug  ][gc,phases,ref  ] GC(179)     WeakRef (ms):                  Min:  0.0, Avg:  0.0, Max:  0.0, Diff:  0.0, Sum:  0.0, Workers: 10
[49.132s][debug  ][gc,phases,ref  ] GC(179)     FinalRef (ms):                 Min:  0.0, Avg:  0.0, Max:  0.0, Diff:  0.0, Sum:  0.0, Workers: 10
[49.132s][debug  ][gc,phases,ref  ] GC(179)     Total (ms):                    Min:  0.0, Avg:  0.0, Max:  0.0, Diff:  0.0, Sum:  0.0, Workers: 10
[49.132s][debug  ][gc,phases,ref  ] GC(179)   Notify and keep alive finalizable: 0.0ms
[49.132s][debug  ][gc,phases,ref  ] GC(179)     FinalRef (ms):                 skipped
[49.132s][debug  ][gc,phases,ref  ] GC(179)   Notify PhantomReferences: 0.0ms
[49.132s][debug  ][gc,phases,ref  ] GC(179)     PhantomRef (ms):               Min:  0.0, Avg:  0.0, Max:  0.0, Diff:  0.0, Sum:  0.0, Workers: 10
[49.132s][debug  ][gc,phases,ref  ] GC(179)   SoftReference:
[49.132s][debug  ][gc,phases,ref  ] GC(179)     Discovered: 0
[49.132s][debug  ][gc,phases,ref  ] GC(179)     Cleared: 0
[49.132s][debug  ][gc,phases,ref  ] GC(179)   WeakReference:
[49.132s][debug  ][gc,phases,ref  ] GC(179)     Discovered: 79
[49.132s][debug  ][gc,phases,ref  ] GC(179)     Cleared: 79
[49.132s][debug  ][gc,phases,ref  ] GC(179)   FinalReference:
[49.132s][debug  ][gc,phases,ref  ] GC(179)     Discovered: 0
[49.132s][debug  ][gc,phases,ref  ] GC(179)     Cleared: 0
[49.132s][debug  ][gc,phases,ref  ] GC(179)   PhantomReference:
[49.132s][debug  ][gc,phases,ref  ] GC(179)     Discovered: 5
[49.132s][debug  ][gc,phases,ref  ] GC(179)     Cleared: 5
[49.132s][debug  ][gc,phases      ] GC(179) Reference Processing 0.703ms
[49.132s][debug  ][gc,phases,start] GC(179) Weak Processing
[49.132s][debug  ][gc,phases      ] GC(179)   VM Weak                        Min:  0.0, Avg:  0.0, Max:  0.0, Diff:  0.0, Sum:  0.0, Workers: 6
[49.132s][debug  ][gc,phases      ] GC(179)     Dead                           Min: 0, Avg:  0.0, Max: 0, Diff: 0, Sum: 0, Workers: 6
[49.132s][debug  ][gc,phases      ] GC(179)     Total                          Min: 0, Avg:  1.3, Max: 8, Diff: 8, Sum: 8, Workers: 6
[49.132s][debug  ][gc,phases      ] GC(179)   ObjectSynchronizer Weak        Min:  0.0, Avg:  0.0, Max:  0.0, Diff:  0.0, Sum:  0.0, Workers: 6
[49.132s][debug  ][gc,phases      ] GC(179)     Dead                           Min: 0, Avg:  0.0, Max: 0, Diff: 0, Sum: 0, Workers: 6
[49.132s][debug  ][gc,phases      ] GC(179)     Total                          Min: 0, Avg:  0.5, Max: 3, Diff: 3, Sum: 3, Workers: 6
[49.132s][debug  ][gc,phases      ] GC(179)   JVMTI Tag Weak OopStorage      Min:  0.0, Avg:  0.0, Max:  0.0, Diff:  0.0, Sum:  0.0, Workers: 6
[49.132s][debug  ][gc,phases      ] GC(179)     Dead                           Min: 0, Avg:  0.0, Max: 0, Diff: 0, Sum: 0, Workers: 6
[49.132s][debug  ][gc,phases      ] GC(179)     Total                          Min: 0, Avg:  0.0, Max: 0, Diff: 0, Sum: 0, Workers: 6
[49.132s][debug  ][gc,phases      ] GC(179)   StringTable Weak               Min:  0.0, Avg:  0.0, Max:  0.0, Diff:  0.0, Sum:  0.0, Workers: 6
[49.132s][debug  ][gc,phases      ] GC(179)     Dead                           Min: 0, Avg:  0.0, Max: 0, Diff: 0, Sum: 0, Workers: 6
[49.132s][debug  ][gc,phases      ] GC(179)     Total                          Min: 575, Avg: 892.2, Max: 1130, Diff: 555, Sum: 5353, Workers: 6
[49.132s][debug  ][gc,phases      ] GC(179)   ResolvedMethodTable Weak       Min:  0.0, Avg:  0.0, Max:  0.0, Diff:  0.0, Sum:  0.0, Workers: 6
[49.132s][debug  ][gc,phases      ] GC(179)     Dead                           Min: 0, Avg:  0.0, Max: 0, Diff: 0, Sum: 0, Workers: 6
[49.132s][debug  ][gc,phases      ] GC(179)     Total                          Min: 0, Avg: 21.7, Max: 64, Diff: 64, Sum: 130, Workers: 6
[49.133s][debug  ][gc,phases      ] GC(179)   JNI Weak                       Min:  0.0, Avg:  0.0, Max:  0.0, Diff:  0.0, Sum:  0.0, Workers: 6
[49.133s][debug  ][gc,phases      ] GC(179)     Dead                           Min: 0, Avg:  0.0, Max: 0, Diff: 0, Sum: 0, Workers: 6
