[0.005s][warning][gc] -XX:+PrintGCDetails is deprecated. Will use -Xlog:gc* instead.
[0.014s][debug  ][gc,heap] Minimum heap 1073741824  Initial heap 1073741824  Maximum heap 1073741824
[0.014s][info   ][gc     ] Using Parallel
[0.014s][debug  ][gc,heap,coops] Heap address: 0x00000000c0000000, size: 1024 MB, Compressed Oops mode: 32-bit
[0.017s][info   ][gc,init      ] Version: 17.0.2+8-86 (release)
[0.017s][info   ][gc,init      ] CPUs: 12 total, 12 available
[0.017s][info   ][gc,init      ] Memory: 14188M
[0.017s][info   ][gc,init      ] Large Page Support: Disabled
[0.017s][info   ][gc,init      ] NUMA Support: Disabled
[0.017s][info   ][gc,init      ] Compressed Oops: Enabled (32-bit)
[0.017s][info   ][gc,init      ] Alignments: Space 512K, Generation 512K, Heap 2M
[0.017s][info   ][gc,init      ] Heap Min Capacity: 1G
[0.017s][info   ][gc,init      ] Heap Initial Capacity: 1G
[0.018s][info   ][gc,init      ] Heap Max Capacity: 1G
[0.018s][info   ][gc,init      ] Pre-touch: Disabled
[0.018s][info   ][gc,init      ] Parallel Workers: 10
[0.018s][info   ][gc,metaspace ] CDS archive(s) mapped at: [0x0000000800000000-0x0000000800bc0000-0x0000000800bc0000), size 12320768, SharedBaseAddress: 0x0000000800000000, ArchiveRelocationMode: 0.
[0.019s][info   ][gc,metaspace ] Compressed class space mapped at: 0x0000000800c00000-0x0000000840c00000, reserved size: 1073741824
[0.019s][info   ][gc,metaspace ] Narrow klass base: 0x0000000800000000, Narrow klass shift: 0, Narrow klass range: 0x100000000
[2.870s][debug  ][gc,heap      ] GC(0) Heap before GC invocations=1 (full 0):
[2.870s][debug  ][gc,heap      ] GC(0)  PSYoungGen      total 229376K, used 195791K [0x00000000f0000000, 0x0000000100000000, 0x0000000100000000)
[2.870s][debug  ][gc,heap      ] GC(0)   eden space 196608K, 99% used [0x00000000f0000000,0x00000000fbf33fc8,0x00000000fc000000)
[2.870s][debug  ][gc,heap      ] GC(0)   from space 32768K, 0% used [0x00000000fe000000,0x00000000fe000000,0x0000000100000000)
[2.870s][debug  ][gc,heap      ] GC(0)   to   space 32768K, 0% used [0x00000000fc000000,0x00000000fc000000,0x00000000fe000000)
[2.870s][debug  ][gc,heap      ] GC(0)  ParOldGen       total 786432K, used 0K [0x00000000c0000000, 0x00000000f0000000, 0x00000000f0000000)
[2.870s][debug  ][gc,heap      ] GC(0)   object space 786432K, 0% used [0x00000000c0000000,0x00000000c0000000,0x00000000f0000000)
[2.870s][debug  ][gc,heap      ] GC(0)  Metaspace       used 1017K, committed 1152K, reserved 1056768K
[2.870s][debug  ][gc,heap      ] GC(0)   class space    used 83K, committed 192K, reserved 1048576K
[2.870s][debug  ][gc,tlab      ] GC(0) TLAB totals: thrds: 5  refills: 5 max: 1 slow allocs: 173 max 173 waste: 76.1% gc: 15313280B max: 4026448B slow: 0B max: 0B
[2.870s][info   ][gc,start     ] GC(0) Pause Young (Allocation Failure)
[2.871s][debug  ][gc,phases,start] GC(0) Scavenge
[2.884s][debug  ][gc,phases      ] GC(0) Scavenge 13.065ms
[2.884s][debug  ][gc,phases,start] GC(0) Reference Processing
[2.884s][debug  ][gc,ref         ] GC(0) Skipped phase 1 of Reference Processing: no references
[2.884s][debug  ][gc,ref         ] GC(0) ReferenceProcessor::execute queues: 1, RefProcThreadModel::Single, marks_oops_alive: false
[2.884s][debug  ][gc,ref         ] GC(0) Skipped phase 3 of Reference Processing: no references
[2.884s][debug  ][gc,ref         ] GC(0) ReferenceProcessor::execute queues: 1, RefProcThreadModel::Single, marks_oops_alive: false
[2.884s][debug  ][gc,phases,ref  ] GC(0) Reference Processing: 0.2ms
[2.884s][debug  ][gc,phases,ref  ] GC(0)   Reconsider SoftReferences: 0.0ms
[2.884s][debug  ][gc,phases,ref  ] GC(0)     SoftRef (ms):                  skipped
[2.884s][debug  ][gc,phases,ref  ] GC(0)   Notify Soft/WeakReferences: 0.1ms
[2.884s][debug  ][gc,phases,ref  ] GC(0)     SoftRef (ms):                  Min:  0.0, Avg:  0.0, Max:  0.0, Diff:  0.0, Sum:  0.0, Workers: 10
[2.884s][debug  ][gc,phases,ref  ] GC(0)     WeakRef (ms):                  Min:  0.0, Avg:  0.0, Max:  0.0, Diff:  0.0, Sum:  0.0, Workers: 10
[2.884s][debug  ][gc,phases,ref  ] GC(0)     FinalRef (ms):                 Min:  0.0, Avg:  0.0, Max:  0.0, Diff:  0.0, Sum:  0.0, Workers: 10
[2.884s][debug  ][gc,phases,ref  ] GC(0)     Total (ms):                    Min:  0.0, Avg:  0.0, Max:  0.0, Diff:  0.0, Sum:  0.0, Workers: 10
[2.884s][debug  ][gc,phases,ref  ] GC(0)   Notify and keep alive finalizable: 0.0ms
[2.884s][debug  ][gc,phases,ref  ] GC(0)     FinalRef (ms):                 skipped
[2.884s][debug  ][gc,phases,ref  ] GC(0)   Notify PhantomReferences: 0.0ms
[2.884s][debug  ][gc,phases,ref  ] GC(0)     PhantomRef (ms):               Min:  0.0, Avg:  0.0, Max:  0.0, Diff:  0.0, Sum:  0.0, Workers: 10
[2.884s][debug  ][gc,phases,ref  ] GC(0)   SoftReference:
[2.884s][debug  ][gc,phases,ref  ] GC(0)     Discovered: 0
[2.884s][debug  ][gc,phases,ref  ] GC(0)     Cleared: 0
[2.884s][debug  ][gc,phases,ref  ] GC(0)   WeakReference:
[2.884s][debug  ][gc,phases,ref  ] GC(0)     Discovered: 148
[2.885s][debug  ][gc,phases,ref  ] GC(0)     Cleared: 104
[2.885s][debug  ][gc,phases,ref  ] GC(0)   FinalReference:
[2.885s][debug  ][gc,phases,ref  ] GC(0)     Discovered: 0
[2.885s][debug  ][gc,phases,ref  ] GC(0)     Cleared: 0
[2.885s][debug  ][gc,phases,ref  ] GC(0)   PhantomReference:
[2.885s][debug  ][gc,phases,ref  ] GC(0)     Discovered: 35
[2.885s][debug  ][gc,phases,ref  ] GC(0)     Cleared: 5
[2.885s][debug  ][gc,phases      ] GC(0) Reference Processing 0.828ms
[2.885s][debug  ][gc,phases,start] GC(0) Weak Processing
[2.885s][debug  ][gc,phases      ] GC(0)   VM Weak                        Min:  0.0, Avg:  0.0, Max:  0.0, Diff:  0.0, Sum:  0.0, Workers: 6
[2.885s][debug  ][gc,phases      ] GC(0)     Dead                           Min: 0, Avg:  0.0, Max: 0, Diff: 0, Sum: 0, Workers: 6
[2.885s][debug  ][gc,phases      ] GC(0)     Total                          Min: 0, Avg:  1.3, Max: 8, Diff: 8, Sum: 8, Workers: 6
[2.885s][debug  ][gc,phases      ] GC(0)   ObjectSynchronizer Weak        Min:  0.0, Avg:  0.0, Max:  0.0, Diff:  0.0, Sum:  0.0, Workers: 6
[2.885s][debug  ][gc,phases      ] GC(0)     Dead                           Min: 0, Avg:  0.0, Max: 0, Diff: 0, Sum: 0, Workers: 6
[2.885s][debug  ][gc,phases      ] GC(0)     Total                          Min: 0, Avg:  0.5, Max: 3, Diff: 3, Sum: 3, Workers: 6
[2.885s][debug  ][gc,phases      ] GC(0)   JVMTI Tag Weak OopStorage      Min:  0.0, Avg:  0.0, Max:  0.0, Diff:  0.0, Sum:  0.0, Workers: 6
[2.885s][debug  ][gc,phases      ] GC(0)     Dead                           Min: 0, Avg:  0.0, Max: 0, Diff: 0, Sum: 0, Workers: 6
[2.885s][debug  ][gc,phases      ] GC(0)     Total                          Min: 0, Avg:  0.0, Max: 0, Diff: 0, Sum: 0, Workers: 6
[2.885s][debug  ][gc,phases      ] GC(0)   StringTable Weak               Min:  0.0, Avg:  0.0, Max:  0.0, Diff:  0.0, Sum:  0.3, Workers: 6
[2.885s][debug  ][gc,phases      ] GC(0)     Dead                           Min: 0, Avg:  0.8, Max: 3, Diff: 3, Sum: 5, Workers: 6
[2.885s][debug  ][gc,phases      ] GC(0)     Total                          Min: 448, Avg: 892.3, Max: 1344, Diff: 896, Sum: 5354, Workers: 6
[2.885s][debug  ][gc,phases      ] GC(0)   ResolvedMethodTable Weak       Min:  0.0, Avg:  0.0, Max:  0.0, Diff:  0.0, Sum:  0.0, Workers: 6
[2.885s][debug  ][gc,phases      ] GC(0)     Dead                           Min: 0, Avg:  0.2, Max: 1, Diff: 1, Sum: 1, Workers: 6
[2.885s][debug  ][gc,phases      ] GC(0)     Total                          Min: 0, Avg: 21.7, Max: 64, Diff: 64, Sum: 130, Workers: 6
[2.885s][debug  ][gc,phases      ] GC(0)   JNI Weak                       Min:  0.0, Avg:  0.0, Max:  0.0, Diff:  0.0, Sum:  0.0, Workers: 6
[2.885s][debug  ][gc,phases      ] GC(0)     Dead                           Min: 0, Avg:  0.0, Max: 0, Diff: 0, Sum: 0, Workers: 6
[2.885s][debug  ][gc,phases      ] GC(0)     Total                          Min: 0, Avg:  0.0, Max: 0, Diff: 0, Sum: 0, Workers: 6
[2.885s][debug  ][gc,phases      ] GC(0)   StringDedup Table Weak         Min:  0.0, Avg:  0.0, Max:  0.0, Diff:  0.0, Sum:  0.0, Workers: 6
[2.885s][debug  ][gc,phases      ] GC(0)     Dead                           Min: 0, Avg:  0.0, Max: 0, Diff: 0, Sum: 0, Workers: 6
[2.885s][debug  ][gc,phases      ] GC(0)     Total                          Min: 0, Avg:  0.0, Max: 0, Diff: 0, Sum: 0, Workers: 6
[2.885s][debug  ][gc,phases      ] GC(0)   StringDedup Requests0 Weak     Min:  0.0, Avg:  0.0, Max:  0.0, Diff:  0.0, Sum:  0.0, Workers: 6
[2.886s][debug  ][gc,phases      ] GC(0)     Dead                           Min: 0, Avg:  0.0, Max: 0, Diff: 0, Sum: 0, Workers: 6
[2.886s][debug  ][gc,phases      ] GC(0)     Total                          Min: 0, Avg:  0.0, Max: 0, Diff: 0, Sum: 0, Workers: 6
[2.886s][debug  ][gc,phases      ] GC(0)   StringDedup Requests1 Weak     Min:  0.0, Avg:  0.0, Max:  0.0, Diff:  0.0, Sum:  0.0, Workers: 6
[2.886s][debug  ][gc,phases      ] GC(0)     Dead                           Min: 0, Avg:  0.0, Max: 0, Diff: 0, Sum: 0, Workers: 6
[2.886s][debug  ][gc,phases      ] GC(0)     Total                          Min: 0, Avg:  0.0, Max: 0, Diff: 0, Sum: 0, Workers: 6
[2.886s][debug  ][gc,phases      ] GC(0)   Weak JFR Old Object Samples    Min:  0.0, Avg:  0.0, Max:  0.0, Diff:  0.0, Sum:  0.0, Workers: 6
[2.886s][debug  ][gc,phases      ] GC(0)     Dead                           Min: 0, Avg:  0.0, Max: 0, Diff: 0, Sum: 0, Workers: 6
[2.886s][debug  ][gc,phases      ] GC(0)     Total                          Min: 0, Avg:  0.0, Max: 0, Diff: 0, Sum: 0, Workers: 6
[2.886s][debug  ][gc,phases      ] GC(0) Weak Processing 1.052ms
[2.886s][debug  ][gc,ergo        ] GC(0) AdaptiveSizeStart:  collection: 1 
[2.886s][debug  ][gc,age         ] GC(0) Desired survivor size 33554432 bytes, new threshold 7 (max threshold 15)
[2.886s][debug  ][gc,ergo        ] GC(0) PSAdaptiveSizePolicy::compute_eden_space_size: costs minor_time: 0.005389 major_cost: 0.000000 mutator_cost: 0.994611 throughput_goal: 0.990000
[2.886s][debug  ][gc,ergo        ] GC(0) Live_space: 301785600 free_space: 402653184
[2.886s][debug  ][gc,ergo        ] GC(0) Old eden_size: 201326592 desired_eden_size: 201326592
[2.886s][debug  ][gc,ergo        ] GC(0) AdaptiveSizeStop: collection: 1 
[2.886s][info   ][gc,heap        ] GC(0) PSYoungGen: 195791K(229376K)->32568K(229376K) Eden: 195791K(196608K)->0K(196608K) From: 0K(32768K)->32568K(32768K)
[2.886s][info   ][gc,heap        ] GC(0) ParOldGen: 0K(786432K)->45064K(786432K)
[2.886s][info   ][gc,metaspace   ] GC(0) Metaspace: 1017K(1152K)->1017K(1152K) NonClass: 933K(960K)->933K(960K) Class: 83K(192K)->83K(192K)
[2.886s][info   ][gc             ] GC(0) Pause Young (Allocation Failure) 191M->75M(992M) 15.785ms
[2.886s][info   ][gc,cpu         ] GC(0) User=0.02s Sys=0.02s Real=0.02s
[2.886s][debug  ][gc,heap        ] GC(0) Heap after GC invocations=1 (full 0):
[2.886s][debug  ][gc,heap        ] GC(0)  PSYoungGen      total 229376K, used 32568K [0x00000000f0000000, 0x0000000100000000, 0x0000000100000000)
[2.886s][debug  ][gc,heap        ] GC(0)   eden space 196608K, 0% used [0x00000000f0000000,0x00000000f0000000,0x00000000fc000000)
[2.886s][debug  ][gc,heap        ] GC(0)   from space 32768K, 99% used [0x00000000fc000000,0x00000000fdfce1f0,0x00000000fe000000)
[2.886s][debug  ][gc,heap        ] GC(0)   to   space 32768K, 0% used [0x00000000fe000000,0x00000000fe000000,0x0000000100000000)
[2.886s][debug  ][gc,heap        ] GC(0)  ParOldGen       total 786432K, used 45064K [0x00000000c0000000, 0x00000000f0000000, 0x00000000f0000000)
[2.886s][debug  ][gc,heap        ] GC(0)   object space 786432K, 5% used [0x00000000c0000000,0x00000000c2c022c0,0x00000000f0000000)
[2.886s][debug  ][gc,heap        ] GC(0)  Metaspace       used 1017K, committed 1152K, reserved 1056768K
[2.886s][debug  ][gc,heap        ] GC(0)   class space    used 83K, committed 192K, reserved 1048576K
[2.886s][debug  ][gc,task,time   ] GC(0) VM-Thread 28698597 28838228 28863420
[5.916s][debug  ][gc,heap        ] GC(1) Heap before GC invocations=2 (full 0):
[5.916s][debug  ][gc,heap        ] GC(1)  PSYoungGen      total 229376K, used 228818K [0x00000000f0000000, 0x0000000100000000, 0x0000000100000000)
[5.916s][debug  ][gc,heap        ] GC(1)   eden space 196608K, 99% used [0x00000000f0000000,0x00000000fbfa66a0,0x00000000fc000000)
[5.916s][debug  ][gc,heap        ] GC(1)   from space 32768K, 99% used [0x00000000fc000000,0x00000000fdfce1f0,0x00000000fe000000)
[5.916s][debug  ][gc,heap        ] GC(1)   to   space 32768K, 0% used [0x00000000fe000000,0x00000000fe000000,0x0000000100000000)
[5.916s][debug  ][gc,heap        ] GC(1)  ParOldGen       total 786432K, used 45064K [0x00000000c0000000, 0x00000000f0000000, 0x00000000f0000000)
[5.916s][debug  ][gc,heap        ] GC(1)   object space 786432K, 5% used [0x00000000c0000000,0x00000000c2c022c0,0x00000000f0000000)
[5.916s][debug  ][gc,heap        ] GC(1)  Metaspace       used 1019K, committed 1152K, reserved 1056768K
[5.916s][debug  ][gc,heap        ] GC(1)   class space    used 83K, committed 192K, reserved 1048576K
[5.916s][debug  ][gc,tlab        ] GC(1) TLAB totals: thrds: 1  refills: 1 max: 1 slow allocs: 187 max 187 waste: 13.9% gc: 676240B max: 676240B slow: 0B max: 0B
[5.916s][info   ][gc,start       ] GC(1) Pause Young (Allocation Failure)
[5.916s][debug  ][gc,phases,start] GC(1) Scavenge
[5.926s][debug  ][gc,phases      ] GC(1) Scavenge 10.131ms
[5.926s][debug  ][gc,phases,start] GC(1) Reference Processing
[5.926s][debug  ][gc,ref         ] GC(1) Skipped phase 1 of Reference Processing: no references
[5.926s][debug  ][gc,ref         ] GC(1) ReferenceProcessor::execute queues: 1, RefProcThreadModel::Single, marks_oops_alive: false
[5.926s][debug  ][gc,ref         ] GC(1) Skipped phase 3 of Reference Processing: no references
[5.926s][debug  ][gc,ref         ] GC(1) ReferenceProcessor::execute queues: 1, RefProcThreadModel::Single, marks_oops_alive: false
[5.926s][debug  ][gc,phases,ref  ] GC(1) Reference Processing: 0.1ms
[5.926s][debug  ][gc,phases,ref  ] GC(1)   Reconsider SoftReferences: 0.0ms
[5.927s][debug  ][gc,phases,ref  ] GC(1)     SoftRef (ms):                  skipped
[5.927s][debug  ][gc,phases,ref  ] GC(1)   Notify Soft/WeakReferences: 0.0ms
[5.927s][debug  ][gc,phases,ref  ] GC(1)     SoftRef (ms):                  Min:  0.0, Avg:  0.0, Max:  0.0, Diff:  0.0, Sum:  0.0, Workers: 10
[5.927s][debug  ][gc,phases,ref  ] GC(1)     WeakRef (ms):                  Min:  0.0, Avg:  0.0, Max:  0.0, Diff:  0.0, Sum:  0.0, Workers: 10
[5.927s][debug  ][gc,phases,ref  ] GC(1)     FinalRef (ms):                 Min:  0.0, Avg:  0.0, Max:  0.0, Diff:  0.0, Sum:  0.0, Workers: 10
[5.927s][debug  ][gc,phases,ref  ] GC(1)     Total (ms):                    Min:  0.0, Avg:  0.0, Max:  0.0, Diff:  0.0, Sum:  0.0, Workers: 10
[5.927s][debug  ][gc,phases,ref  ] GC(1)   Notify and keep alive finalizable: 0.0ms
[5.927s][debug  ][gc,phases,ref  ] GC(1)     FinalRef (ms):                 skipped
[5.927s][debug  ][gc,phases,ref  ] GC(1)   Notify PhantomReferences: 0.0ms
[5.927s][debug  ][gc,phases,ref  ] GC(1)     PhantomRef (ms):               Min:  0.0, Avg:  0.0, Max:  0.0, Diff:  0.0, Sum:  0.0, Workers: 10
[5.927s][debug  ][gc,phases,ref  ] GC(1)   SoftReference:
[5.927s][debug  ][gc,phases,ref  ] GC(1)     Discovered: 0
[5.927s][debug  ][gc,phases,ref  ] GC(1)     Cleared: 0
[5.927s][debug  ][gc,phases,ref  ] GC(1)   WeakReference:
[5.927s][debug  ][gc,phases,ref  ] GC(1)     Discovered: 132
[5.927s][debug  ][gc,phases,ref  ] GC(1)     Cleared: 132
[5.927s][debug  ][gc,phases,ref  ] GC(1)   FinalReference:
[5.927s][debug  ][gc,phases,ref  ] GC(1)     Discovered: 0
[5.927s][debug  ][gc,phases,ref  ] GC(1)     Cleared: 0
[5.927s][debug  ][gc,phases,ref  ] GC(1)   PhantomReference:
[5.927s][debug  ][gc,phases,ref  ] GC(1)     Discovered: 4
[5.927s][debug  ][gc,phases,ref  ] GC(1)     Cleared: 4
[5.927s][debug  ][gc,phases      ] GC(1) Reference Processing 0.732ms
[5.927s][debug  ][gc,phases,start] GC(1) Weak Processing
[5.927s][debug  ][gc,phases      ] GC(1)   VM Weak                        Min:  0.0, Avg:  0.0, Max:  0.0, Diff:  0.0, Sum:  0.0, Workers: 6
[5.927s][debug  ][gc,phases      ] GC(1)     Dead                           Min: 0, Avg:  0.0, Max: 0, Diff: 0, Sum: 0, Workers: 6
[5.927s][debug  ][gc,phases      ] GC(1)     Total                          Min: 0, Avg:  1.3, Max: 8, Diff: 8, Sum: 8, Workers: 6
[5.927s][debug  ][gc,phases      ] GC(1)   ObjectSynchronizer Weak        Min:  0.0, Avg:  0.0, Max:  0.0, Diff:  0.0, Sum:  0.0, Workers: 6
[5.927s][debug  ][gc,phases      ] GC(1)     Dead                           Min: 0, Avg:  0.0, Max: 0, Diff: 0, Sum: 0, Workers: 6
[5.927s][debug  ][gc,phases      ] GC(1)     Total                          Min: 0, Avg:  0.5, Max: 3, Diff: 3, Sum: 3, Workers: 6
[5.927s][debug  ][gc,phases      ] GC(1)   JVMTI Tag Weak OopStorage      Min:  0.0, Avg:  0.0, Max:  0.0, Diff:  0.0, Sum:  0.0, Workers: 6
[5.927s][debug  ][gc,phases      ] GC(1)     Dead                           Min: 0, Avg:  0.0, Max: 0, Diff: 0, Sum: 0, Workers: 6
[5.928s][debug  ][gc,phases      ] GC(1)     Total                          Min: 0, Avg:  0.0, Max: 0, Diff: 0, Sum: 0, Workers: 6
[5.928s][debug  ][gc,phases      ] GC(1)   StringTable Weak               Min:  0.0, Avg:  0.0, Max:  0.0, Diff:  0.0, Sum:  0.3, Workers: 6
[5.928s][debug  ][gc,phases      ] GC(1)     Dead                           Min: 0, Avg:  0.0, Max: 0, Diff: 0, Sum: 0, Workers: 6
[5.928s][debug  ][gc,phases      ] GC(1)     Total                          Min: 554, Avg: 892.3, Max: 1344, Diff: 790, Sum: 5354, Workers: 6
[5.928s][debug  ][gc,phases      ] GC(1)   ResolvedMethodTable Weak       Min:  0.0, Avg:  0.0, Max:  0.0, Diff:  0.0, Sum:  0.0, Workers: 6
[5.928s][debug  ][gc,phases      ] GC(1)     Dead                           Min: 0, Avg:  0.0, Max: 0, Diff: 0, Sum: 0, Workers: 6
[5.928s][debug  ][gc,phases      ] GC(1)     Total                          Min: 0, Avg: 21.7, Max: 64, Diff: 64, Sum: 130, Workers: 6
[5.928s][debug  ][gc,phases      ] GC(1)   JNI Weak                       Min:  0.0, Avg:  0.0, Max:  0.0, Diff:  0.0, Sum:  0.0, Workers: 6
[5.928s][debug  ][gc,phases      ] GC(1)     Dead                           Min: 0, Avg:  0.0, Max: 0, Diff: 0, Sum: 0, Workers: 6
[5.928s][debug  ][gc,phases      ] GC(1)     Total                          Min: 0, Avg:  0.0, Max: 0, Diff: 0, Sum: 0, Workers: 6
[5.928s][debug  ][gc,phases      ] GC(1)   StringDedup Table Weak         Min:  0.0, Avg:  0.0, Max:  0.0, Diff:  0.0, Sum:  0.0, Workers: 6
[5.928s][debug  ][gc,phases      ] GC(1)     Dead                           Min: 0, Avg:  0.0, Max: 0, Diff: 0, Sum: 0, Workers: 6
[5.928s][debug  ][gc,phases      ] GC(1)     Total                          Min: 0, Avg:  0.0, Max: 0, Diff: 0, Sum: 0, Workers: 6
[5.928s][debug  ][gc,phases      ] GC(1)   StringDedup Requests0 Weak     Min:  0.0, Avg:  0.0, Max:  0.0, Diff:  0.0, Sum:  0.0, Workers: 6
[5.928s][debug  ][gc,phases      ] GC(1)     Dead                           Min: 0, Avg:  0.0, Max: 0, Diff: 0, Sum: 0, Workers: 6
[5.928s][debug  ][gc,phases      ] GC(1)     Total                          Min: 0, Avg:  0.0, Max: 0, Diff: 0, Sum: 0, Workers: 6
[5.928s][debug  ][gc,phases      ] GC(1)   StringDedup Requests1 Weak     Min:  0.0, Avg:  0.0, Max:  0.0, Diff:  0.0, Sum:  0.0, Workers: 6
[5.928s][debug  ][gc,phases      ] GC(1)     Dead                           Min: 0, Avg:  0.0, Max: 0, Diff: 0, Sum: 0, Workers: 6
[5.928s][debug  ][gc,phases      ] GC(1)     Total                          Min: 0, Avg:  0.0, Max: 0, Diff: 0, Sum: 0, Workers: 6
[5.928s][debug  ][gc,phases      ] GC(1)   Weak JFR Old Object Samples    Min:  0.0, Avg:  0.0, Max:  0.0, Diff:  0.0, Sum:  0.0, Workers: 6
[5.928s][debug  ][gc,phases      ] GC(1)     Dead                           Min: 0, Avg:  0.0, Max: 0, Diff: 0, Sum: 0, Workers: 6
[5.928s][debug  ][gc,phases      ] GC(1)     Total                          Min: 0, Avg:  0.0, Max: 0, Diff: 0, Sum: 0, Workers: 6
[5.928s][debug  ][gc,phases      ] GC(1) Weak Processing 0.982ms
[5.928s][debug  ][gc,ergo        ] GC(1) AdaptiveSizeStart:  collection: 2 
[5.928s][debug  ][gc,age         ] GC(1) Desired survivor size 33554432 bytes, new threshold 7 (max threshold 15)
[5.928s][debug  ][gc,ergo        ] GC(1) PSAdaptiveSizePolicy::compute_eden_space_size: costs minor_time: 0.004663 major_cost: 0.000000 mutator_cost: 0.995337 throughput_goal: 0.990000
[5.928s][debug  ][gc,ergo        ] GC(1) Live_space: 301752832 free_space: 402653184
[5.928s][debug  ][gc,ergo        ] GC(1) Old eden_size: 201326592 desired_eden_size: 201326592
[5.928s][debug  ][gc,ergo        ] GC(1) AdaptiveSizeStop: collection: 2 
[5.928s][info   ][gc,heap        ] GC(1) PSYoungGen: 228818K(229376K)->32504K(229376K) Eden: 196249K(196608K)->0K(196608K) From: 32568K(32768K)->32504K(32768K)
[5.928s][info   ][gc,heap        ] GC(1) ParOldGen: 45064K(786432K)->80913K(786432K)
[5.928s][info   ][gc,metaspace   ] GC(1) Metaspace: 1019K(1152K)->1019K(1152K) NonClass: 936K(960K)->936K(960K) Class: 83K(192K)->83K(192K)
[5.928s][info   ][gc             ] GC(1) Pause Young (Allocation Failure) 267M->110M(992M) 12.278ms
[5.928s][info   ][gc,cpu         ] GC(1) User=0.02s Sys=0.14s Real=0.01s
[5.928s][debug  ][gc,heap        ] GC(1) Heap after GC invocations=2 (full 0):
[5.928s][debug  ][gc,heap        ] GC(1)  PSYoungGen      total 229376K, used 32504K [0x00000000f0000000, 0x0000000100000000, 0x0000000100000000)
[5.928s][debug  ][gc,heap        ] GC(1)   eden space 196608K, 0% used [0x00000000f0000000,0x00000000f0000000,0x00000000fc000000)
[5.928s][debug  ][gc,heap        ] GC(1)   from space 32768K, 99% used [0x00000000fe000000,0x00000000fffbe1f0,0x0000000100000000)
[5.928s][debug  ][gc,heap        ] GC(1)   to   space 32768K, 0% used [0x00000000fc000000,0x00000000fc000000,0x00000000fe000000)
[5.929s][debug  ][gc,heap        ] GC(1)  ParOldGen       total 786432K, used 80913K [0x00000000c0000000, 0x00000000f0000000, 0x00000000f0000000)
[5.929s][debug  ][gc,heap        ] GC(1)   object space 786432K, 10% used [0x00000000c0000000,0x00000000c4f044f0,0x00000000f0000000)
[5.929s][debug  ][gc,heap        ] GC(1)  Metaspace       used 1019K, committed 1152K, reserved 1056768K
[5.929s][debug  ][gc,heap        ] GC(1)   class space    used 83K, committed 192K, reserved 1048576K
[5.929s][debug  ][gc,task,time   ] GC(1) VM-Thread 59156230 59263142 59286078
[8.958s][debug  ][gc,heap        ] GC(2) Heap before GC invocations=3 (full 0):
[8.959s][debug  ][gc,heap        ] GC(2)  PSYoungGen      total 229376K, used 228816K [0x00000000f0000000, 0x0000000100000000, 0x0000000100000000)
[8.959s][debug  ][gc,heap        ] GC(2)   eden space 196608K, 99% used [0x00000000f0000000,0x00000000fbfb6198,0x00000000fc000000)
[8.959s][debug  ][gc,heap        ] GC(2)   from space 32768K, 99% used [0x00000000fe000000,0x00000000fffbe1f0,0x0000000100000000)
[8.959s][debug  ][gc,heap        ] GC(2)   to   space 32768K, 0% used [0x00000000fc000000,0x00000000fc000000,0x00000000fe000000)
[8.959s][debug  ][gc,heap        ] GC(2)  ParOldGen       total 786432K, used 80913K [0x00000000c0000000, 0x00000000f0000000, 0x00000000f0000000)
[8.959s][debug  ][gc,heap        ] GC(2)   object space 786432K, 10% used [0x00000000c0000000,0x00000000c4f044f0,0x00000000f0000000)
[8.959s][debug  ][gc,heap        ] GC(2)  Metaspace       used 1019K, committed 1152K, reserved 1056768K
[8.959s][debug  ][gc,heap        ] GC(2)   class space    used 83K, committed 192K, reserved 1048576K
[8.959s][debug  ][gc,tlab        ] GC(2) TLAB totals: thrds: 1  refills: 1 max: 1 slow allocs: 187 max 187 waste: 15.0% gc: 740488B max: 740488B slow: 0B max: 0B
[8.959s][info   ][gc,start       ] GC(2) Pause Young (Allocation Failure)
[8.959s][debug  ][gc,phases,start] GC(2) Scavenge
[8.966s][debug  ][gc,phases      ] GC(2) Scavenge 7.294ms
[8.966s][debug  ][gc,phases,start] GC(2) Reference Processing
[8.966s][debug  ][gc,ref         ] GC(2) Skipped phase 1 of Reference Processing: no references
[8.966s][debug  ][gc,ref         ] GC(2) ReferenceProcessor::execute queues: 1, RefProcThreadModel::Single, marks_oops_alive: false
[8.966s][debug  ][gc,ref         ] GC(2) Skipped phase 3 of Reference Processing: no references
[8.966s][debug  ][gc,ref         ] GC(2) ReferenceProcessor::execute queues: 1, RefProcThreadModel::Single, marks_oops_alive: false
[8.966s][debug  ][gc,phases,ref  ] GC(2) Reference Processing: 0.1ms
[8.966s][debug  ][gc,phases,ref  ] GC(2)   Reconsider SoftReferences: 0.0ms
[8.966s][debug  ][gc,phases,ref  ] GC(2)     SoftRef (ms):                  skipped
[8.967s][debug  ][gc,phases,ref  ] GC(2)   Notify Soft/WeakReferences: 0.0ms
[8.967s][debug  ][gc,phases,ref  ] GC(2)     SoftRef (ms):                  Min:  0.0, Avg:  0.0, Max:  0.0, Diff:  0.0, Sum:  0.0, Workers: 10
[8.967s][debug  ][gc,phases,ref  ] GC(2)     WeakRef (ms):                  Min:  0.0, Avg:  0.0, Max:  0.0, Diff:  0.0, Sum:  0.0, Workers: 10
[8.967s][debug  ][gc,phases,ref  ] GC(2)     FinalRef (ms):                 Min:  0.0, Avg:  0.0, Max:  0.0, Diff:  0.0, Sum:  0.0, Workers: 10
[8.967s][debug  ][gc,phases,ref  ] GC(2)     Total (ms):                    Min:  0.0, Avg:  0.0, Max:  0.0, Diff:  0.0, Sum:  0.0, Workers: 10
[8.967s][debug  ][gc,phases,ref  ] GC(2)   Notify and keep alive finalizable: 0.0ms
[8.967s][debug  ][gc,phases,ref  ] GC(2)     FinalRef (ms):                 skipped
[8.967s][debug  ][gc,phases,ref  ] GC(2)   Notify PhantomReferences: 0.0ms
[8.967s][debug  ][gc,phases,ref  ] GC(2)     PhantomRef (ms):               Min:  0.0, Avg:  0.0, Max:  0.0, Diff:  0.0, Sum:  0.0, Workers: 10
[8.967s][debug  ][gc,phases,ref  ] GC(2)   SoftReference:
[8.967s][debug  ][gc,phases,ref  ] GC(2)     Discovered: 0
[8.967s][debug  ][gc,phases,ref  ] GC(2)     Cleared: 0
[8.967s][debug  ][gc,phases,ref  ] GC(2)   WeakReference:
[8.967s][debug  ][gc,phases,ref  ] GC(2)     Discovered: 103
[8.967s][debug  ][gc,phases,ref  ] GC(2)     Cleared: 103
[8.967s][debug  ][gc,phases,ref  ] GC(2)   FinalReference:
[8.967s][debug  ][gc,phases,ref  ] GC(2)     Discovered: 0
[8.967s][debug  ][gc,phases,ref  ] GC(2)     Cleared: 0
[8.967s][debug  ][gc,phases,ref  ] GC(2)   PhantomReference:
[8.967s][debug  ][gc,phases,ref  ] GC(2)     Discovered: 4
[8.967s][debug  ][gc,phases,ref  ] GC(2)     Cleared: 4
[8.967s][debug  ][gc,phases      ] GC(2) Reference Processing 0.756ms
[8.967s][debug  ][gc,phases,start] GC(2) Weak Processing
[8.967s][debug  ][gc,phases      ] GC(2)   VM Weak                        Min:  0.0, Avg:  0.0, Max:  0.0, Diff:  0.0, Sum:  0.0, Workers: 6
[8.967s][debug  ][gc,phases      ] GC(2)     Dead                           Min: 0, Avg:  0.0, Max: 0, Diff: 0, Sum: 0, Workers: 6
[8.967s][debug  ][gc,phases      ] GC(2)     Total                          Min: 0, Avg:  1.3, Max: 8, Diff: 8, Sum: 8, Workers: 6
[8.967s][debug  ][gc,phases      ] GC(2)   ObjectSynchronizer Weak        Min:  0.0, Avg:  0.0, Max:  0.0, Diff:  0.0, Sum:  0.0, Workers: 6
[8.967s][debug  ][gc,phases      ] GC(2)     Dead                           Min: 0, Avg:  0.0, Max: 0, Diff: 0, Sum: 0, Workers: 6
[8.967s][debug  ][gc,phases      ] GC(2)     Total                          Min: 0, Avg:  0.5, Max: 3, Diff: 3, Sum: 3, Workers: 6
[8.967s][debug  ][gc,phases      ] GC(2)   JVMTI Tag Weak OopStorage      Min:  0.0, Avg:  0.0, Max:  0.0, Diff:  0.0, Sum:  0.0, Workers: 6
[8.967s][debug  ][gc,phases      ] GC(2)     Dead                           Min: 0, Avg:  0.0, Max: 0, Diff: 0, Sum: 0, Workers: 6
[8.967s][debug  ][gc,phases      ] GC(2)     Total                          Min: 0, Avg:  0.0, Max: 0, Diff: 0, Sum: 0, Workers: 6
[8.967s][debug  ][gc,phases      ] GC(2)   StringTable Weak               Min:  0.0, Avg:  0.0, Max:  0.0, Diff:  0.0, Sum:  0.3, Workers: 6
[8.967s][debug  ][gc,phases      ] GC(2)     Dead                           Min: 0, Avg:  0.0, Max: 0, Diff: 0, Sum: 0, Workers: 6
[8.967s][debug  ][gc,phases      ] GC(2)     Total                          Min: 512, Avg: 892.3, Max: 1664, Diff: 1152, Sum: 5354, Workers: 6
[8.967s][debug  ][gc,phases      ] GC(2)   ResolvedMethodTable Weak       Min:  0.0, Avg:  0.0, Max:  0.0, Diff:  0.0, Sum:  0.0, Workers: 6
[8.967s][debug  ][gc,phases      ] GC(2)     Dead                           Min: 0, Avg:  0.0, Max: 0, Diff: 0, Sum: 0, Workers: 6
[8.968s][debug  ][gc,phases      ] GC(2)     Total                          Min: 0, Avg: 21.7, Max: 64, Diff: 64, Sum: 130, Workers: 6
[8.968s][debug  ][gc,phases      ] GC(2)   JNI Weak                       Min:  0.0, Avg:  0.0, Max:  0.0, Diff:  0.0, Sum:  0.0, Workers: 6
[8.968s][debug  ][gc,phases      ] GC(2)     Dead                           Min: 0, Avg:  0.0, Max: 0, Diff: 0, Sum: 0, Workers: 6
[8.968s][debug  ][gc,phases      ] GC(2)     Total                          Min: 0, Avg:  0.0, Max: 0, Diff: 0, Sum: 0, Workers: 6
[8.968s][debug  ][gc,phases      ] GC(2)   StringDedup Table Weak         Min:  0.0, Avg:  0.0, Max:  0.0, Diff:  0.0, Sum:  0.0, Workers: 6
[8.968s][debug  ][gc,phases      ] GC(2)     Dead                           Min: 0, Avg:  0.0, Max: 0, Diff: 0, Sum: 0, Workers: 6
[8.968s][debug  ][gc,phases      ] GC(2)     Total                          Min: 0, Avg:  0.0, Max: 0, Diff: 0, Sum: 0, Workers: 6
[8.968s][debug  ][gc,phases      ] GC(2)   StringDedup Requests0 Weak     Min:  0.0, Avg:  0.0, Max:  0.0, Diff:  0.0, Sum:  0.0, Workers: 6
[8.968s][debug  ][gc,phases      ] GC(2)     Dead                           Min: 0, Avg:  0.0, Max: 0, Diff: 0, Sum: 0, Workers: 6
[8.968s][debug  ][gc,phases      ] GC(2)     Total                          Min: 0, Avg:  0.0, Max: 0, Diff: 0, Sum: 0, Workers: 6
[8.968s][debug  ][gc,phases      ] GC(2)   StringDedup Requests1 Weak     Min:  0.0, Avg:  0.0, Max:  0.0, Diff:  0.0, Sum:  0.0, Workers: 6
[8.968s][debug  ][gc,phases      ] GC(2)     Dead                           Min: 0, Avg:  0.0, Max: 0, Diff: 0, Sum: 0, Workers: 6
[8.968s][debug  ][gc,phases      ] GC(2)     Total                          Min: 0, Avg:  0.0, Max: 0, Diff: 0, Sum: 0, Workers: 6
[8.968s][debug  ][gc,phases      ] GC(2)   Weak JFR Old Object Samples    Min:  0.0, Avg:  0.0, Max:  0.0, Diff:  0.0, Sum:  0.0, Workers: 6
[8.968s][debug  ][gc,phases      ] GC(2)     Dead                           Min: 0, Avg:  0.0, Max: 0, Diff: 0, Sum: 0, Workers: 6
[8.968s][debug  ][gc,phases      ] GC(2)     Total                          Min: 0, Avg:  0.0, Max: 0, Diff: 0, Sum: 0, Workers: 6
[8.968s][debug  ][gc,phases      ] GC(2) Weak Processing 0.868ms
[8.968s][debug  ][gc,ergo        ] GC(2) AdaptiveSizeStart:  collection: 3 
[8.968s][debug  ][gc,age         ] GC(2) Desired survivor size 33554432 bytes, new threshold 7 (max threshold 15)
[8.968s][debug  ][gc,ergo        ] GC(2) PSAdaptiveSizePolicy::compute_eden_space_size: costs minor_time: 0.004109 major_cost: 0.000000 mutator_cost: 0.995891 throughput_goal: 0.990000
[8.968s][debug  ][gc,ergo        ] GC(2) Live_space: 301752832 free_space: 402653184
[8.968s][debug  ][gc,ergo        ] GC(2) Old eden_size: 201326592 desired_eden_size: 201326592
[8.968s][debug  ][gc,ergo        ] GC(2) AdaptiveSizeStop: collection: 3 
[8.968s][info   ][gc,heap        ] GC(2) PSYoungGen: 228816K(229376K)->32536K(229376K) Eden: 196312K(196608K)->0K(196608K) From: 32504K(32768K)->32536K(32768K)
[8.968s][info   ][gc,heap        ] GC(2) ParOldGen: 80913K(786432K)->107537K(786432K)
[8.968s][info   ][gc,metaspace   ] GC(2) Metaspace: 1019K(1152K)->1019K(1152K) NonClass: 936K(960K)->936K(960K) Class: 83K(192K)->83K(192K)
[8.968s][info   ][gc             ] GC(2) Pause Young (Allocation Failure) 302M->136M(992M) 9.393ms
[8.968s][info   ][gc,cpu         ] GC(2) User=0.05s Sys=0.09s Real=0.01s
[8.968s][debug  ][gc,heap        ] GC(2) Heap after GC invocations=3 (full 0):
[8.968s][debug  ][gc,heap        ] GC(2)  PSYoungGen      total 229376K, used 32536K [0x00000000f0000000, 0x0000000100000000, 0x0000000100000000)
[8.968s][debug  ][gc,heap        ] GC(2)   eden space 196608K, 0% used [0x00000000f0000000,0x00000000f0000000,0x00000000fc000000)
[8.968s][debug  ][gc,heap        ] GC(2)   from space 32768K, 99% used [0x00000000fc000000,0x00000000fdfc61f0,0x00000000fe000000)
[8.968s][debug  ][gc,heap        ] GC(2)   to   space 32768K, 0% used [0x00000000fe000000,0x00000000fe000000,0x0000000100000000)
[8.968s][debug  ][gc,heap        ] GC(2)  ParOldGen       total 786432K, used 107537K [0x00000000c0000000, 0x00000000f0000000, 0x00000000f0000000)
[8.969s][debug  ][gc,heap        ] GC(2)   object space 786432K, 13% used [0x00000000c0000000,0x00000000c6904690,0x00000000f0000000)
[8.969s][debug  ][gc,heap        ] GC(2)  Metaspace       used 1019K, committed 1152K, reserved 1056768K
[8.969s][debug  ][gc,heap        ] GC(2)   class space    used 83K, committed 192K, reserved 1048576K
[8.969s][debug  ][gc,task,time   ] GC(2) VM-Thread 89584704 89662462 89685869
[12.012s][debug  ][gc,heap        ] GC(3) Heap before GC invocations=4 (full 0):
[12.012s][debug  ][gc,heap        ] GC(3)  PSYoungGen      total 229376K, used 228890K [0x00000000f0000000, 0x0000000100000000, 0x0000000100000000)
[12.012s][debug  ][gc,heap        ] GC(3)   eden space 196608K, 99% used [0x00000000f0000000,0x00000000fbfc09e0,0x00000000fc000000)
[12.012s][debug  ][gc,heap        ] GC(3)   from space 32768K, 99% used [0x00000000fc000000,0x00000000fdfc61f0,0x00000000fe000000)
[12.012s][debug  ][gc,heap        ] GC(3)   to   space 32768K, 0% used [0x00000000fe000000,0x00000000fe000000,0x0000000100000000)
[12.012s][debug  ][gc,heap        ] GC(3)  ParOldGen       total 786432K, used 107537K [0x00000000c0000000, 0x00000000f0000000, 0x00000000f0000000)
[12.013s][debug  ][gc,heap        ] GC(3)   object space 786432K, 13% used [0x00000000c0000000,0x00000000c6904690,0x00000000f0000000)
[12.013s][debug  ][gc,heap        ] GC(3)  Metaspace       used 1020K, committed 1152K, reserved 1056768K
[12.013s][debug  ][gc,heap        ] GC(3)   class space    used 83K, committed 192K, reserved 1048576K
[12.013s][debug  ][gc,tlab        ] GC(3) TLAB totals: thrds: 1  refills: 1 max: 1 slow allocs: 187 max 187 waste: 15.7% gc: 783568B max: 783568B slow: 0B max: 0B
[12.013s][info   ][gc,start       ] GC(3) Pause Young (Allocation Failure)
[12.013s][debug  ][gc,phases,start] GC(3) Scavenge
[12.019s][debug  ][gc,phases      ] GC(3) Scavenge 6.055ms
[12.019s][debug  ][gc,phases,start] GC(3) Reference Processing
[12.019s][debug  ][gc,ref         ] GC(3) Skipped phase 1 of Reference Processing: no references
[12.019s][debug  ][gc,ref         ] GC(3) ReferenceProcessor::execute queues: 1, RefProcThreadModel::Single, marks_oops_alive: false
[12.019s][debug  ][gc,ref         ] GC(3) Skipped phase 3 of Reference Processing: no references
[12.019s][debug  ][gc,ref         ] GC(3) ReferenceProcessor::execute queues: 1, RefProcThreadModel::Single, marks_oops_alive: false
[12.019s][debug  ][gc,phases,ref  ] GC(3) Reference Processing: 0.2ms
[12.019s][debug  ][gc,phases,ref  ] GC(3)   Reconsider SoftReferences: 0.0ms
[12.019s][debug  ][gc,phases,ref  ] GC(3)     SoftRef (ms):                  skipped
[12.019s][debug  ][gc,phases,ref  ] GC(3)   Notify Soft/WeakReferences: 0.1ms
[12.019s][debug  ][gc,phases,ref  ] GC(3)     SoftRef (ms):                  Min:  0.0, Avg:  0.0, Max:  0.0, Diff:  0.0, Sum:  0.0, Workers: 10
[12.019s][debug  ][gc,phases,ref  ] GC(3)     WeakRef (ms):                  Min:  0.0, Avg:  0.0, Max:  0.0, Diff:  0.0, Sum:  0.0, Workers: 10
[12.019s][debug  ][gc,phases,ref  ] GC(3)     FinalRef (ms):                 Min:  0.0, Avg:  0.0, Max:  0.0, Diff:  0.0, Sum:  0.0, Workers: 10
[12.019s][debug  ][gc,phases,ref  ] GC(3)     Total (ms):                    Min:  0.0, Avg:  0.0, Max:  0.0, Diff:  0.0, Sum:  0.0, Workers: 10
[12.019s][debug  ][gc,phases,ref  ] GC(3)   Notify and keep alive finalizable: 0.0ms
[12.019s][debug  ][gc,phases,ref  ] GC(3)     FinalRef (ms):                 skipped
[12.019s][debug  ][gc,phases,ref  ] GC(3)   Notify PhantomReferences: 0.0ms
[12.019s][debug  ][gc,phases,ref  ] GC(3)     PhantomRef (ms):               Min:  0.0, Avg:  0.0, Max:  0.0, Diff:  0.0, Sum:  0.0, Workers: 10
[12.019s][debug  ][gc,phases,ref  ] GC(3)   SoftReference:
[12.020s][debug  ][gc,phases,ref  ] GC(3)     Discovered: 0
[12.020s][debug  ][gc,phases,ref  ] GC(3)     Cleared: 0
[12.020s][debug  ][gc,phases,ref  ] GC(3)   WeakReference:
[12.020s][debug  ][gc,phases,ref  ] GC(3)     Discovered: 128
[12.020s][debug  ][gc,phases,ref  ] GC(3)     Cleared: 128
[12.020s][debug  ][gc,phases,ref  ] GC(3)   FinalReference:
[12.020s][debug  ][gc,phases,ref  ] GC(3)     Discovered: 0
[12.020s][debug  ][gc,phases,ref  ] GC(3)     Cleared: 0
[12.020s][debug  ][gc,phases,ref  ] GC(3)   PhantomReference:
[12.020s][debug  ][gc,phases,ref  ] GC(3)     Discovered: 4
[12.020s][debug  ][gc,phases,ref  ] GC(3)     Cleared: 4
[12.020s][debug  ][gc,phases      ] GC(3) Reference Processing 0.980ms
[12.020s][debug  ][gc,phases,start] GC(3) Weak Processing
[12.020s][debug  ][gc,phases      ] GC(3)   VM Weak                        Min:  0.0, Avg:  0.0, Max:  0.0, Diff:  0.0, Sum:  0.0, Workers: 6
[12.020s][debug  ][gc,phases      ] GC(3)     Dead                           Min: 0, Avg:  0.0, Max: 0, Diff: 0, Sum: 0, Workers: 6
[12.020s][debug  ][gc,phases      ] GC(3)     Total                          Min: 0, Avg:  1.3, Max: 8, Diff: 8, Sum: 8, Workers: 6
[12.020s][debug  ][gc,phases      ] GC(3)   ObjectSynchronizer Weak        Min:  0.0, Avg:  0.0, Max:  0.0, Diff:  0.0, Sum:  0.0, Workers: 6
[12.020s][debug  ][gc,phases      ] GC(3)     Dead                           Min: 0, Avg:  0.0, Max: 0, Diff: 0, Sum: 0, Workers: 6
[12.020s][debug  ][gc,phases      ] GC(3)     Total                          Min: 0, Avg:  0.5, Max: 3, Diff: 3, Sum: 3, Workers: 6
[12.020s][debug  ][gc,phases      ] GC(3)   JVMTI Tag Weak OopStorage      Min:  0.0, Avg:  0.0, Max:  0.0, Diff:  0.0, Sum:  0.0, Workers: 6
[12.020s][debug  ][gc,phases      ] GC(3)     Dead                           Min: 0, Avg:  0.0, Max: 0, Diff: 0, Sum: 0, Workers: 6
[12.020s][debug  ][gc,phases      ] GC(3)     Total                          Min: 0, Avg:  0.0, Max: 0, Diff: 0, Sum: 0, Workers: 6
[12.020s][debug  ][gc,phases      ] GC(3)   StringTable Weak               Min:  0.0, Avg:  0.0, Max:  0.0, Diff:  0.0, Sum:  0.3, Workers: 6
[12.020s][debug  ][gc,phases      ] GC(3)     Dead                           Min: 0, Avg:  0.0, Max: 0, Diff: 0, Sum: 0, Workers: 6
[12.020s][debug  ][gc,phases      ] GC(3)     Total                          Min: 512, Avg: 892.3, Max: 1216, Diff: 704, Sum: 5354, Workers: 6
[12.020s][debug  ][gc,phases      ] GC(3)   ResolvedMethodTable Weak       Min:  0.0, Avg:  0.0, Max:  0.0, Diff:  0.0, Sum:  0.0, Workers: 6
[12.020s][debug  ][gc,phases      ] GC(3)     Dead                           Min: 0, Avg:  0.0, Max: 0, Diff: 0, Sum: 0, Workers: 6
[12.020s][debug  ][gc,phases      ] GC(3)     Total                          Min: 0, Avg: 21.7, Max: 64, Diff: 64, Sum: 130, Workers: 6
[12.020s][debug  ][gc,phases      ] GC(3)   JNI Weak                       Min:  0.0, Avg:  0.0, Max:  0.0, Diff:  0.0, Sum:  0.0, Workers: 6
[12.021s][debug  ][gc,phases      ] GC(3)     Dead                           Min: 0, Avg:  0.0, Max: 0, Diff: 0, Sum: 0, Workers: 6
[12.021s][debug  ][gc,phases      ] GC(3)     Total                          Min: 0, Avg:  0.0, Max: 0, Diff: 0, Sum: 0, Workers: 6
[12.021s][debug  ][gc,phases      ] GC(3)   StringDedup Table Weak         Min:  0.0, Avg:  0.0, Max:  0.0, Diff:  0.0, Sum:  0.0, Workers: 6
[12.021s][debug  ][gc,phases      ] GC(3)     Dead                           Min: 0, Avg:  0.0, Max: 0, Diff: 0, Sum: 0, Workers: 6
[12.021s][debug  ][gc,phases      ] GC(3)     Total                          Min: 0, Avg:  0.0, Max: 0, Diff: 0, Sum: 0, Workers: 6
[12.021s][debug  ][gc,phases      ] GC(3)   StringDedup Requests0 Weak     Min:  0.0, Avg:  0.0, Max:  0.0, Diff:  0.0, Sum:  0.0, Workers: 6
[12.021s][debug  ][gc,phases      ] GC(3)     Dead                           Min: 0, Avg:  0.0, Max: 0, Diff: 0, Sum: 0, Workers: 6
[12.021s][debug  ][gc,phases      ] GC(3)     Total                          Min: 0, Avg:  0.0, Max: 0, Diff: 0, Sum: 0, Workers: 6
[12.021s][debug  ][gc,phases      ] GC(3)   StringDedup Requests1 Weak     Min:  0.0, Avg:  0.0, Max:  0.0, Diff:  0.0, Sum:  0.0, Workers: 6
[12.021s][debug  ][gc,phases      ] GC(3)     Dead                           Min: 0, Avg:  0.0, Max: 0, Diff: 0, Sum: 0, Workers: 6
[12.021s][debug  ][gc,phases      ] GC(3)     Total                          Min: 0, Avg:  0.0, Max: 0, Diff: 0, Sum: 0, Workers: 6
[12.021s][debug  ][gc,phases      ] GC(3)   Weak JFR Old Object Samples    Min:  0.0, Avg:  0.0, Max:  0.0, Diff:  0.0, Sum:  0.0, Workers: 6
[12.021s][debug  ][gc,phases      ] GC(3)     Dead                           Min: 0, Avg:  0.0, Max: 0, Diff: 0, Sum: 0, Workers: 6
[12.021s][debug  ][gc,phases      ] GC(3)     Total                          Min: 0, Avg:  0.0, Max: 0, Diff: 0, Sum: 0, Workers: 6
[12.021s][debug  ][gc,phases      ] GC(3) Weak Processing 1.126ms
[12.021s][debug  ][gc,ergo        ] GC(3) AdaptiveSizeStart:  collection: 4 
[12.021s][debug  ][gc,age         ] GC(3) Desired survivor size 33554432 bytes, new threshold 7 (max threshold 15)
[12.021s][debug  ][gc,ergo        ] GC(3) PSAdaptiveSizePolicy::compute_eden_space_size: costs minor_time: 0.003763 major_cost: 0.000000 mutator_cost: 0.996237 throughput_goal: 0.990000
[12.021s][debug  ][gc,ergo        ] GC(3) Live_space: 301752832 free_space: 402653184
[12.021s][debug  ][gc,ergo        ] GC(3) Old eden_size: 201326592 desired_eden_size: 201326592
[12.021s][debug  ][gc,ergo        ] GC(3) AdaptiveSizeStop: collection: 4 
[12.021s][info   ][gc,heap        ] GC(3) PSYoungGen: 228890K(229376K)->32536K(229376K) Eden: 196354K(196608K)->0K(196608K) From: 32536K(32768K)->32536K(32768K)
[12.021s][info   ][gc,heap        ] GC(3) ParOldGen: 107537K(786432K)->124945K(786432K)
[12.021s][info   ][gc,metaspace   ] GC(3) Metaspace: 1020K(1152K)->1020K(1152K) NonClass: 936K(960K)->936K(960K) Class: 83K(192K)->83K(192K)
[12.021s][info   ][gc             ] GC(3) Pause Young (Allocation Failure) 328M->153M(992M) 8.634ms
[12.021s][info   ][gc,cpu         ] GC(3) User=0.00s Sys=0.00s Real=0.01s
[12.021s][debug  ][gc,heap        ] GC(3) Heap after GC invocations=4 (full 0):
[12.021s][debug  ][gc,heap        ] GC(3)  PSYoungGen      total 229376K, used 32536K [0x00000000f0000000, 0x0000000100000000, 0x0000000100000000)
[12.021s][debug  ][gc,heap        ] GC(3)   eden space 196608K, 0% used [0x00000000f0000000,0x00000000f0000000,0x00000000fc000000)
[12.021s][debug  ][gc,heap        ] GC(3)   from space 32768K, 99% used [0x00000000fe000000,0x00000000fffc61f0,0x0000000100000000)
[12.021s][debug  ][gc,heap        ] GC(3)   to   space 32768K, 0% used [0x00000000fc000000,0x00000000fc000000,0x00000000fe000000)
[12.021s][debug  ][gc,heap        ] GC(3)  ParOldGen       total 786432K, used 124945K [0x00000000c0000000, 0x00000000f0000000, 0x00000000f0000000)
[12.022s][debug  ][gc,heap        ] GC(3)   object space 786432K, 15% used [0x00000000c0000000,0x00000000c7a047a0,0x00000000f0000000)
[12.022s][debug  ][gc,heap        ] GC(3)  Metaspace       used 1020K, committed 1152K, reserved 1056768K
[12.022s][debug  ][gc,heap        ] GC(3)   class space    used 83K, committed 192K, reserved 1048576K
[12.022s][debug  ][gc,task,time   ] GC(3) VM-Thread 120122605 120188486 120215946
[15.063s][debug  ][gc,heap        ] GC(4) Heap before GC invocations=5 (full 0):
[15.064s][debug  ][gc,heap        ] GC(4)  PSYoungGen      total 229376K, used 228918K [0x00000000f0000000, 0x0000000100000000, 0x0000000100000000)
[15.064s][debug  ][gc,heap        ] GC(4)   eden space 196608K, 99% used [0x00000000f0000000,0x00000000fbfc7618,0x00000000fc000000)
[15.064s][debug  ][gc,heap        ] GC(4)   from space 32768K, 99% used [0x00000000fe000000,0x00000000fffc61f0,0x0000000100000000)
[15.064s][debug  ][gc,heap        ] GC(4)   to   space 32768K, 0% used [0x00000000fc000000,0x00000000fc000000,0x00000000fe000000)
[15.064s][debug  ][gc,heap        ] GC(4)  ParOldGen       total 786432K, used 124945K [0x00000000c0000000, 0x00000000f0000000, 0x00000000f0000000)
[15.064s][debug  ][gc,heap        ] GC(4)   object space 786432K, 15% used [0x00000000c0000000,0x00000000c7a047a0,0x00000000f0000000)
[15.064s][debug  ][gc,heap        ] GC(4)  Metaspace       used 1021K, committed 1216K, reserved 1056768K
[15.064s][debug  ][gc,heap        ] GC(4)   class space    used 83K, committed 192K, reserved 1048576K
[15.064s][debug  ][gc,tlab        ] GC(4) TLAB totals: thrds: 1  refills: 1 max: 1 slow allocs: 187 max 187 waste: 16.2% gc: 811272B max: 811272B slow: 0B max: 0B
[15.064s][info   ][gc,start       ] GC(4) Pause Young (Allocation Failure)
[15.064s][debug  ][gc,phases,start] GC(4) Scavenge
[15.069s][debug  ][gc,phases      ] GC(4) Scavenge 4.637ms
[15.069s][debug  ][gc,phases,start] GC(4) Reference Processing
[15.069s][debug  ][gc,ref         ] GC(4) Skipped phase 1 of Reference Processing: no references
[15.069s][debug  ][gc,ref         ] GC(4) ReferenceProcessor::execute queues: 1, RefProcThreadModel::Single, marks_oops_alive: false
[15.069s][debug  ][gc,ref         ] GC(4) Skipped phase 3 of Reference Processing: no references
[15.069s][debug  ][gc,ref         ] GC(4) ReferenceProcessor::execute queues: 1, RefProcThreadModel::Single, marks_oops_alive: false
[15.069s][debug  ][gc,phases,ref  ] GC(4) Reference Processing: 0.1ms
[15.069s][debug  ][gc,phases,ref  ] GC(4)   Reconsider SoftReferences: 0.0ms
[15.069s][debug  ][gc,phases,ref  ] GC(4)     SoftRef (ms):                  skipped
[15.069s][debug  ][gc,phases,ref  ] GC(4)   Notify Soft/WeakReferences: 0.0ms
[15.069s][debug  ][gc,phases,ref  ] GC(4)     SoftRef (ms):                  Min:  0.0, Avg:  0.0, Max:  0.0, Diff:  0.0, Sum:  0.0, Workers: 10
[15.069s][debug  ][gc,phases,ref  ] GC(4)     WeakRef (ms):                  Min:  0.0, Avg:  0.0, Max:  0.0, Diff:  0.0, Sum:  0.0, Workers: 10
[15.069s][debug  ][gc,phases,ref  ] GC(4)     FinalRef (ms):                 Min:  0.0, Avg:  0.0, Max:  0.0, Diff:  0.0, Sum:  0.0, Workers: 10
[15.069s][debug  ][gc,phases,ref  ] GC(4)     Total (ms):                    Min:  0.0, Avg:  0.0, Max:  0.0, Diff:  0.0, Sum:  0.0, Workers: 10
[15.069s][debug  ][gc,phases,ref  ] GC(4)   Notify and keep alive finalizable: 0.0ms
[15.069s][debug  ][gc,phases,ref  ] GC(4)     FinalRef (ms):                 skipped
[15.069s][debug  ][gc,phases,ref  ] GC(4)   Notify PhantomReferences: 0.0ms
[15.069s][debug  ][gc,phases,ref  ] GC(4)     PhantomRef (ms):               Min:  0.0, Avg:  0.0, Max:  0.0, Diff:  0.0, Sum:  0.0, Workers: 10
[15.069s][debug  ][gc,phases,ref  ] GC(4)   SoftReference:
[15.069s][debug  ][gc,phases,ref  ] GC(4)     Discovered: 0
[15.069s][debug  ][gc,phases,ref  ] GC(4)     Cleared: 0
[15.069s][debug  ][gc,phases,ref  ] GC(4)   WeakReference:
[15.069s][debug  ][gc,phases,ref  ] GC(4)     Discovered: 119
[15.069s][debug  ][gc,phases,ref  ] GC(4)     Cleared: 119
[15.069s][debug  ][gc,phases,ref  ] GC(4)   FinalReference:
[15.069s][debug  ][gc,phases,ref  ] GC(4)     Discovered: 0
[15.069s][debug  ][gc,phases,ref  ] GC(4)     Cleared: 0
[15.069s][debug  ][gc,phases,ref  ] GC(4)   PhantomReference:
[15.069s][debug  ][gc,phases,ref  ] GC(4)     Discovered: 5
[15.069s][debug  ][gc,phases,ref  ] GC(4)     Cleared: 5
[15.069s][debug  ][gc,phases      ] GC(4) Reference Processing 0.727ms
[15.069s][debug  ][gc,phases,start] GC(4) Weak Processing
[15.070s][debug  ][gc,phases      ] GC(4)   VM Weak                        Min:  0.0, Avg:  0.0, Max:  0.0, Diff:  0.0, Sum:  0.0, Workers: 6
[15.070s][debug  ][gc,phases      ] GC(4)     Dead                           Min: 0, Avg:  0.0, Max: 0, Diff: 0, Sum: 0, Workers: 6
[15.070s][debug  ][gc,phases      ] GC(4)     Total                          Min: 0, Avg:  1.3, Max: 8, Diff: 8, Sum: 8, Workers: 6
[15.070s][debug  ][gc,phases      ] GC(4)   ObjectSynchronizer Weak        Min:  0.0, Avg:  0.0, Max:  0.0, Diff:  0.0, Sum:  0.0, Workers: 6
[15.070s][debug  ][gc,phases      ] GC(4)     Dead                           Min: 0, Avg:  0.0, Max: 0, Diff: 0, Sum: 0, Workers: 6
[15.070s][debug  ][gc,phases      ] GC(4)     Total                          Min: 0, Avg:  0.5, Max: 3, Diff: 3, Sum: 3, Workers: 6
[15.070s][debug  ][gc,phases      ] GC(4)   JVMTI Tag Weak OopStorage      Min:  0.0, Avg:  0.0, Max:  0.0, Diff:  0.0, Sum:  0.0, Workers: 6
[15.070s][debug  ][gc,phases      ] GC(4)     Dead                           Min: 0, Avg:  0.0, Max: 0, Diff: 0, Sum: 0, Workers: 6
[15.070s][debug  ][gc,phases      ] GC(4)     Total                          Min: 0, Avg:  0.0, Max: 0, Diff: 0, Sum: 0, Workers: 6
[15.070s][debug  ][gc,phases      ] GC(4)   StringTable Weak               Min:  0.0, Avg:  0.0, Max:  0.0, Diff:  0.0, Sum:  0.3, Workers: 6
[15.070s][debug  ][gc,phases      ] GC(4)     Dead                           Min: 0, Avg:  0.0, Max: 0, Diff: 0, Sum: 0, Workers: 6
[15.070s][debug  ][gc,phases      ] GC(4)     Total                          Min: 576, Avg: 892.3, Max: 1152, Diff: 576, Sum: 5354, Workers: 6
[15.070s][debug  ][gc,phases      ] GC(4)   ResolvedMethodTable Weak       Min:  0.0, Avg:  0.0, Max:  0.0, Diff:  0.0, Sum:  0.0, Workers: 6
[15.070s][debug  ][gc,phases      ] GC(4)     Dead                           Min: 0, Avg:  0.0, Max: 0, Diff: 0, Sum: 0, Workers: 6
[15.070s][debug  ][gc,phases      ] GC(4)     Total                          Min: 0, Avg: 21.7, Max: 64, Diff: 64, Sum: 130, Workers: 6
[15.070s][debug  ][gc,phases      ] GC(4)   JNI Weak                       Min:  0.0, Avg:  0.0, Max:  0.0, Diff:  0.0, Sum:  0.0, Workers: 6
[15.070s][debug  ][gc,phases      ] GC(4)     Dead                           Min: 0, Avg:  0.0, Max: 0, Diff: 0, Sum: 0, Workers: 6
[15.070s][debug  ][gc,phases      ] GC(4)     Total                          Min: 0, Avg:  0.0, Max: 0, Diff: 0, Sum: 0, Workers: 6
[15.070s][debug  ][gc,phases      ] GC(4)   StringDedup Table Weak         Min:  0.0, Avg:  0.0, Max:  0.0, Diff:  0.0, Sum:  0.0, Workers: 6
[15.070s][debug  ][gc,phases      ] GC(4)     Dead                           Min: 0, Avg:  0.0, Max: 0, Diff: 0, Sum: 0, Workers: 6
[15.070s][debug  ][gc,phases      ] GC(4)     Total                          Min: 0, Avg:  0.0, Max: 0, Diff: 0, Sum: 0, Workers: 6
[15.070s][debug  ][gc,phases      ] GC(4)   StringDedup Requests0 Weak     Min:  0.0, Avg:  0.0, Max:  0.0, Diff:  0.0, Sum:  0.0, Workers: 6
[15.070s][debug  ][gc,phases      ] GC(4)     Dead                           Min: 0, Avg:  0.0, Max: 0, Diff: 0, Sum: 0, Workers: 6
[15.070s][debug  ][gc,phases      ] GC(4)     Total                          Min: 0, Avg:  0.0, Max: 0, Diff: 0, Sum: 0, Workers: 6
[15.070s][debug  ][gc,phases      ] GC(4)   StringDedup Requests1 Weak     Min:  0.0, Avg:  0.0, Max:  0.0, Diff:  0.0, Sum:  0.0, Workers: 6
[15.070s][debug  ][gc,phases      ] GC(4)     Dead                           Min: 0, Avg:  0.0, Max: 0, Diff: 0, Sum: 0, Workers: 6
[15.070s][debug  ][gc,phases      ] GC(4)     Total                          Min: 0, Avg:  0.0, Max: 0, Diff: 0, Sum: 0, Workers: 6
[15.070s][debug  ][gc,phases      ] GC(4)   Weak JFR Old Object Samples    Min:  0.0, Avg:  0.0, Max:  0.0, Diff:  0.0, Sum:  0.0, Workers: 6
[15.070s][debug  ][gc,phases      ] GC(4)     Dead                           Min: 0, Avg:  0.0, Max: 0, Diff: 0, Sum: 0, Workers: 6
[15.070s][debug  ][gc,phases      ] GC(4)     Total                          Min: 0, Avg:  0.0, Max: 0, Diff: 0, Sum: 0, Workers: 6
[15.070s][debug  ][gc,phases      ] GC(4) Weak Processing 0.899ms
[15.070s][debug  ][gc,ergo        ] GC(4) AdaptiveSizeStart:  collection: 5 
[15.070s][debug  ][gc,ergo        ] GC(4) avg_survived_padded_avg: 33337120.000000
[15.070s][debug  ][gc,ergo        ] GC(4) avg_promoted_padded_avg: 55638472.000000  avg_pretenured_padded_avg: 0.000000  tenuring_thresh: 6  target_size: 33554432
[15.070s][debug  ][gc,age         ] GC(4) Desired survivor size 33554432 bytes, new threshold 6 (max threshold 15)
[15.070s][debug  ][gc,ergo        ] GC(4) PSAdaptiveSizePolicy::compute_eden_space_size: costs minor_time: 0.003348 major_cost: 0.000000 mutator_cost: 0.996652 throughput_goal: 0.990000
[15.070s][debug  ][gc,ergo        ] GC(4) Live_space: 301752832 free_space: 402653184
[15.071s][debug  ][gc,ergo        ] GC(4) Old eden_size: 201326592 desired_eden_size: 196608000
[15.071s][debug  ][gc,ergo        ] GC(4) AdaptiveSizeStop: collection: 5 
[15.071s][info   ][gc,heap        ] GC(4) PSYoungGen: 228918K(229376K)->32536K(229376K) Eden: 196381K(196608K)->0K(196608K) From: 32536K(32768K)->32536K(32768K)
[15.071s][info   ][gc,heap        ] GC(4) ParOldGen: 124945K(786432K)->133138K(786432K)
[15.071s][info   ][gc,metaspace   ] GC(4) Metaspace: 1021K(1216K)->1021K(1216K) NonClass: 937K(1024K)->937K(1024K) Class: 83K(192K)->83K(192K)
[15.071s][info   ][gc             ] GC(4) Pause Young (Allocation Failure) 345M->161M(992M) 6.793ms
[15.071s][info   ][gc,cpu         ] GC(4) User=0.00s Sys=0.00s Real=0.01s
[15.071s][debug  ][gc,heap        ] GC(4) Heap after GC invocations=5 (full 0):
[15.071s][debug  ][gc,heap        ] GC(4)  PSYoungGen      total 229376K, used 32536K [0x00000000f0000000, 0x0000000100000000, 0x0000000100000000)
[15.071s][debug  ][gc,heap        ] GC(4)   eden space 196608K, 0% used [0x00000000f0000000,0x00000000f0000000,0x00000000fc000000)
[15.071s][debug  ][gc,heap        ] GC(4)   from space 32768K, 99% used [0x00000000fc000000,0x00000000fdfc61f0,0x00000000fe000000)
[15.071s][debug  ][gc,heap        ] GC(4)   to   space 32768K, 0% used [0x00000000fe000000,0x00000000fe000000,0x0000000100000000)
[15.071s][debug  ][gc,heap        ] GC(4)  ParOldGen       total 786432K, used 133138K [0x00000000c0000000, 0x00000000f0000000, 0x00000000f0000000)
[15.071s][debug  ][gc,heap        ] GC(4)   object space 786432K, 16% used [0x00000000c0000000,0x00000000c8204820,0x00000000f0000000)
[15.071s][debug  ][gc,heap        ] GC(4)  Metaspace       used 1021K, committed 1216K, reserved 1056768K
[15.071s][debug  ][gc,heap        ] GC(4)   class space    used 83K, committed 192K, reserved 1048576K
[15.071s][debug  ][gc,task,time   ] GC(4) VM-Thread 150634464 150686748 150709966
[18.116s][debug  ][gc,heap        ] GC(5) Heap before GC invocations=6 (full 0):
[18.116s][debug  ][gc,heap        ] GC(5)  PSYoungGen      total 229376K, used 228935K [0x00000000f0000000, 0x0000000100000000, 0x0000000100000000)
[18.117s][debug  ][gc,heap        ] GC(5)   eden space 196608K, 99% used [0x00000000f0000000,0x00000000fbfcbbb0,0x00000000fc000000)
[18.117s][debug  ][gc,heap        ] GC(5)   from space 32768K, 99% used [0x00000000fc000000,0x00000000fdfc61f0,0x00000000fe000000)
[18.117s][debug  ][gc,heap        ] GC(5)   to   space 32768K, 0% used [0x00000000fe000000,0x00000000fe000000,0x0000000100000000)
[18.117s][debug  ][gc,heap        ] GC(5)  ParOldGen       total 786432K, used 133138K [0x00000000c0000000, 0x00000000f0000000, 0x00000000f0000000)
[18.117s][debug  ][gc,heap        ] GC(5)   object space 786432K, 16% used [0x00000000c0000000,0x00000000c8204820,0x00000000f0000000)
[18.117s][debug  ][gc,heap        ] GC(5)  Metaspace       used 1021K, committed 1216K, reserved 1056768K
[18.117s][debug  ][gc,heap        ] GC(5)   class space    used 83K, committed 192K, reserved 1048576K
[18.117s][debug  ][gc,tlab        ] GC(5) TLAB totals: thrds: 1  refills: 1 max: 1 slow allocs: 187 max 187 waste: 16.5% gc: 829296B max: 829296B slow: 0B max: 0B
[18.117s][info   ][gc,start       ] GC(5) Pause Young (Allocation Failure)
[18.117s][debug  ][gc,phases,start] GC(5) Scavenge
[18.120s][debug  ][gc,phases      ] GC(5) Scavenge 3.136ms
[18.120s][debug  ][gc,phases,start] GC(5) Reference Processing
[18.120s][debug  ][gc,ref         ] GC(5) Skipped phase 1 of Reference Processing: no references
[18.120s][debug  ][gc,ref         ] GC(5) ReferenceProcessor::execute queues: 1, RefProcThreadModel::Single, marks_oops_alive: false
[18.120s][debug  ][gc,ref         ] GC(5) Skipped phase 3 of Reference Processing: no references
[18.120s][debug  ][gc,ref         ] GC(5) ReferenceProcessor::execute queues: 1, RefProcThreadModel::Single, marks_oops_alive: false
[18.120s][debug  ][gc,phases,ref  ] GC(5) Reference Processing: 0.1ms
[18.120s][debug  ][gc,phases,ref  ] GC(5)   Reconsider SoftReferences: 0.0ms
[18.120s][debug  ][gc,phases,ref  ] GC(5)     SoftRef (ms):                  skipped
[18.120s][debug  ][gc,phases,ref  ] GC(5)   Notify Soft/WeakReferences: 0.0ms
[18.120s][debug  ][gc,phases,ref  ] GC(5)     SoftRef (ms):                  Min:  0.0, Avg:  0.0, Max:  0.0, Diff:  0.0, Sum:  0.0, Workers: 10
[18.120s][debug  ][gc,phases,ref  ] GC(5)     WeakRef (ms):                  Min:  0.0, Avg:  0.0, Max:  0.0, Diff:  0.0, Sum:  0.0, Workers: 10
[18.120s][debug  ][gc,phases,ref  ] GC(5)     FinalRef (ms):                 Min:  0.0, Avg:  0.0, Max:  0.0, Diff:  0.0, Sum:  0.0, Workers: 10
[18.120s][debug  ][gc,phases,ref  ] GC(5)     Total (ms):                    Min:  0.0, Avg:  0.0, Max:  0.0, Diff:  0.0, Sum:  0.0, Workers: 10
[18.120s][debug  ][gc,phases,ref  ] GC(5)   Notify and keep alive finalizable: 0.0ms
[18.120s][debug  ][gc,phases,ref  ] GC(5)     FinalRef (ms):                 skipped
[18.120s][debug  ][gc,phases,ref  ] GC(5)   Notify PhantomReferences: 0.0ms
[18.120s][debug  ][gc,phases,ref  ] GC(5)     PhantomRef (ms):               Min:  0.0, Avg:  0.0, Max:  0.0, Diff:  0.0, Sum:  0.0, Workers: 10
[18.121s][debug  ][gc,phases,ref  ] GC(5)   SoftReference:
[18.121s][debug  ][gc,phases,ref  ] GC(5)     Discovered: 0
[18.121s][debug  ][gc,phases,ref  ] GC(5)     Cleared: 0
[18.121s][debug  ][gc,phases,ref  ] GC(5)   WeakReference:
[18.121s][debug  ][gc,phases,ref  ] GC(5)     Discovered: 102
[18.121s][debug  ][gc,phases,ref  ] GC(5)     Cleared: 102
[18.121s][debug  ][gc,phases,ref  ] GC(5)   FinalReference:
[18.121s][debug  ][gc,phases,ref  ] GC(5)     Discovered: 0
[18.121s][debug  ][gc,phases,ref  ] GC(5)     Cleared: 0
[18.121s][debug  ][gc,phases,ref  ] GC(5)   PhantomReference:
[18.121s][debug  ][gc,phases,ref  ] GC(5)     Discovered: 5
[18.121s][debug  ][gc,phases,ref  ] GC(5)     Cleared: 5
[18.121s][debug  ][gc,phases      ] GC(5) Reference Processing 0.729ms
[18.121s][debug  ][gc,phases,start] GC(5) Weak Processing
[18.121s][debug  ][gc,phases      ] GC(5)   VM Weak                        Min:  0.0, Avg:  0.0, Max:  0.0, Diff:  0.0, Sum:  0.0, Workers: 6
[18.121s][debug  ][gc,phases      ] GC(5)     Dead                           Min: 0, Avg:  0.0, Max: 0, Diff: 0, Sum: 0, Workers: 6
[18.121s][debug  ][gc,phases      ] GC(5)     Total                          Min: 0, Avg:  1.3, Max: 8, Diff: 8, Sum: 8, Workers: 6
[18.121s][debug  ][gc,phases      ] GC(5)   ObjectSynchronizer Weak        Min:  0.0, Avg:  0.0, Max:  0.0, Diff:  0.0, Sum:  0.0, Workers: 6
[18.121s][debug  ][gc,phases      ] GC(5)     Dead                           Min: 0, Avg:  0.0, Max: 0, Diff: 0, Sum: 0, Workers: 6
[18.121s][debug  ][gc,phases      ] GC(5)     Total                          Min: 0, Avg:  0.5, Max: 3, Diff: 3, Sum: 3, Workers: 6
[18.121s][debug  ][gc,phases      ] GC(5)   JVMTI Tag Weak OopStorage      Min:  0.0, Avg:  0.0, Max:  0.0, Diff:  0.0, Sum:  0.0, Workers: 6
[18.121s][debug  ][gc,phases      ] GC(5)     Dead                           Min: 0, Avg:  0.0, Max: 0, Diff: 0, Sum: 0, Workers: 6
[18.121s][debug  ][gc,phases      ] GC(5)     Total                          Min: 0, Avg:  0.0, Max: 0, Diff: 0, Sum: 0, Workers: 6
[18.121s][debug  ][gc,phases      ] GC(5)   StringTable Weak               Min:  0.0, Avg:  0.0, Max:  0.0, Diff:  0.0, Sum:  0.1, Workers: 6
[18.121s][debug  ][gc,phases      ] GC(5)     Dead                           Min: 0, Avg:  0.0, Max: 0, Diff: 0, Sum: 0, Workers: 6
[18.121s][debug  ][gc,phases      ] GC(5)     Total                          Min: 0, Avg: 892.3, Max: 1216, Diff: 1216, Sum: 5354, Workers: 6
[18.121s][debug  ][gc,phases      ] GC(5)   ResolvedMethodTable Weak       Min:  0.0, Avg:  0.0, Max:  0.0, Diff:  0.0, Sum:  0.0, Workers: 6
[18.121s][debug  ][gc,phases      ] GC(5)     Dead                           Min: 0, Avg:  0.0, Max: 0, Diff: 0, Sum: 0, Workers: 6
[18.121s][debug  ][gc,phases      ] GC(5)     Total                          Min: 0, Avg: 21.7, Max: 64, Diff: 64, Sum: 130, Workers: 6
[18.121s][debug  ][gc,phases      ] GC(5)   JNI Weak                       Min:  0.0, Avg:  0.0, Max:  0.0, Diff:  0.0, Sum:  0.0, Workers: 6
[18.121s][debug  ][gc,phases      ] GC(5)     Dead                           Min: 0, Avg:  0.0, Max: 0, Diff: 0, Sum: 0, Workers: 6
[18.122s][debug  ][gc,phases      ] GC(5)     Total                          Min: 0, Avg:  0.0, Max: 0, Diff: 0, Sum: 0, Workers: 6
[18.122s][debug  ][gc,phases      ] GC(5)   StringDedup Table Weak         Min:  0.0, Avg:  0.0, Max:  0.0, Diff:  0.0, Sum:  0.0, Workers: 6
[18.122s][debug  ][gc,phases      ] GC(5)     Dead                           Min: 0, Avg:  0.0, Max: 0, Diff: 0, Sum: 0, Workers: 6
[18.122s][debug  ][gc,phases      ] GC(5)     Total                          Min: 0, Avg:  0.0, Max: 0, Diff: 0, Sum: 0, Workers: 6
[18.122s][debug  ][gc,phases      ] GC(5)   StringDedup Requests0 Weak     Min:  0.0, Avg:  0.0, Max:  0.0, Diff:  0.0, Sum:  0.0, Workers: 6
[18.122s][debug  ][gc,phases      ] GC(5)     Dead                           Min: 0, Avg:  0.0, Max: 0, Diff: 0, Sum: 0, Workers: 6
[18.122s][debug  ][gc,phases      ] GC(5)     Total                          Min: 0, Avg:  0.0, Max: 0, Diff: 0, Sum: 0, Workers: 6
[18.122s][debug  ][gc,phases      ] GC(5)   StringDedup Requests1 Weak     Min:  0.0, Avg:  0.0, Max:  0.0, Diff:  0.0, Sum:  0.0, Workers: 6
[18.122s][debug  ][gc,phases      ] GC(5)     Dead                           Min: 0, Avg:  0.0, Max: 0, Diff: 0, Sum: 0, Workers: 6
[18.122s][debug  ][gc,phases      ] GC(5)     Total                          Min: 0, Avg:  0.0, Max: 0, Diff: 0, Sum: 0, Workers: 6
[18.122s][debug  ][gc,phases      ] GC(5)   Weak JFR Old Object Samples    Min:  0.0, Avg:  0.0, Max:  0.0, Diff:  0.0, Sum:  0.0, Workers: 6
[18.122s][debug  ][gc,phases      ] GC(5)     Dead                           Min: 0, Avg:  0.0, Max: 0, Diff: 0, Sum: 0, Workers: 6
[18.122s][debug  ][gc,phases      ] GC(5)     Total                          Min: 0, Avg:  0.0, Max: 0, Diff: 0, Sum: 0, Workers: 6
[18.122s][debug  ][gc,phases      ] GC(5) Weak Processing 1.129ms
[18.122s][debug  ][gc,ergo        ] GC(5) AdaptiveSizeStart:  collection: 6 
[18.122s][debug  ][gc,ergo        ] GC(5) avg_survived_padded_avg: 33584992.000000
[18.122s][debug  ][gc,ergo        ] GC(5) avg_promoted_padded_avg: 51271272.000000  avg_pretenured_padded_avg: 0.000000  tenuring_thresh: 5  target_size: 33554432
[18.122s][debug  ][gc,age         ] GC(5) Desired survivor size 33554432 bytes, new threshold 5 (max threshold 15)
[18.122s][debug  ][gc,ergo        ] GC(5) PSAdaptiveSizePolicy::compute_eden_space_size: costs minor_time: 0.002932 major_cost: 0.000000 mutator_cost: 0.997068 throughput_goal: 0.990000
[18.122s][debug  ][gc,ergo        ] GC(5) Live_space: 301587680 free_space: 397934592
[18.122s][debug  ][gc,ergo        ] GC(5) Old eden_size: 196608000 desired_eden_size: 196608000
[18.122s][debug  ][gc,ergo        ] GC(5) AdaptiveSizeStop: collection: 6 
[18.122s][info   ][gc,heap        ] GC(5) PSYoungGen: 228935K(229376K)->31528K(229376K) Eden: 196398K(196608K)->0K(196608K) From: 32536K(32768K)->31528K(32768K)
[18.122s][info   ][gc,heap        ] GC(5) ParOldGen: 133138K(786432K)->133138K(786432K)
[18.122s][info   ][gc,metaspace   ] GC(5) Metaspace: 1021K(1216K)->1021K(1216K) NonClass: 937K(1024K)->937K(1024K) Class: 83K(192K)->83K(192K)
[18.122s][info   ][gc             ] GC(5) Pause Young (Allocation Failure) 353M->160M(992M) 5.567ms
[18.122s][info   ][gc,cpu         ] GC(5) User=0.02s Sys=0.00s Real=0.01s
[18.122s][debug  ][gc,heap        ] GC(5) Heap after GC invocations=6 (full 0):
[18.122s][debug  ][gc,heap        ] GC(5)  PSYoungGen      total 229376K, used 31528K [0x00000000f0000000, 0x0000000100000000, 0x0000000100000000)
[18.122s][debug  ][gc,heap        ] GC(5)   eden space 196608K, 0% used [0x00000000f0000000,0x00000000f0000000,0x00000000fc000000)
[18.123s][debug  ][gc,heap        ] GC(5)   from space 32768K, 96% used [0x00000000fe000000,0x00000000ffeca1f0,0x0000000100000000)
[18.123s][debug  ][gc,heap        ] GC(5)   to   space 32768K, 0% used [0x00000000fc000000,0x00000000fc000000,0x00000000fe000000)
[18.123s][debug  ][gc,heap        ] GC(5)  ParOldGen       total 786432K, used 133138K [0x00000000c0000000, 0x00000000f0000000, 0x00000000f0000000)
[18.123s][debug  ][gc,heap        ] GC(5)   object space 786432K, 16% used [0x00000000c0000000,0x00000000c8204820,0x00000000f0000000)
[18.123s][debug  ][gc,heap        ] GC(5)  Metaspace       used 1021K, committed 1216K, reserved 1056768K
[18.123s][debug  ][gc,heap        ] GC(5)   class space    used 83K, committed 192K, reserved 1048576K
[18.123s][debug  ][gc,task,time   ] GC(5) VM-Thread 181164070 181200547 181227478
[21.165s][debug  ][gc,heap        ] GC(6) Heap before GC invocations=7 (full 0):
[21.165s][debug  ][gc,heap        ] GC(6)  PSYoungGen      total 229376K, used 227938K [0x00000000f0000000, 0x0000000100000000, 0x0000000100000000)
[21.165s][debug  ][gc,heap        ] GC(6)   eden space 196608K, 99% used [0x00000000f0000000,0x00000000fbfce870,0x00000000fc000000)
[21.165s][debug  ][gc,heap        ] GC(6)   from space 32768K, 96% used [0x00000000fe000000,0x00000000ffeca1f0,0x0000000100000000)
[21.165s][debug  ][gc,heap        ] GC(6)   to   space 32768K, 0% used [0x00000000fc000000,0x00000000fc000000,0x00000000fe000000)
[21.165s][debug  ][gc,heap        ] GC(6)  ParOldGen       total 786432K, used 133138K [0x00000000c0000000, 0x00000000f0000000, 0x00000000f0000000)
[21.165s][debug  ][gc,heap        ] GC(6)   object space 786432K, 16% used [0x00000000c0000000,0x00000000c8204820,0x00000000f0000000)
[21.165s][debug  ][gc,heap        ] GC(6)  Metaspace       used 1022K, committed 1216K, reserved 1056768K
[21.165s][debug  ][gc,heap        ] GC(6)   class space    used 83K, committed 192K, reserved 1048576K
[21.165s][debug  ][gc,tlab        ] GC(6) TLAB totals: thrds: 1  refills: 1 max: 1 slow allocs: 187 max 187 waste: 16.7% gc: 840752B max: 840752B slow: 0B max: 0B
[21.165s][info   ][gc,start       ] GC(6) Pause Young (Allocation Failure)
[21.165s][debug  ][gc,phases,start] GC(6) Scavenge
[21.168s][debug  ][gc,phases      ] GC(6) Scavenge 2.083ms
[21.168s][debug  ][gc,phases,start] GC(6) Reference Processing
[21.168s][debug  ][gc,ref         ] GC(6) Skipped phase 1 of Reference Processing: no references
[21.168s][debug  ][gc,ref         ] GC(6) Skipped phase 2 of Reference Processing: no references
[21.168s][debug  ][gc,ref         ] GC(6) Skipped phase 3 of Reference Processing: no references
[21.168s][debug  ][gc,ref         ] GC(6) Skipped phase 4 of Reference Processing: no references
[21.168s][debug  ][gc,phases,ref  ] GC(6) Reference Processing: 0.1ms
[21.168s][debug  ][gc,phases,ref  ] GC(6)   Reconsider SoftReferences: 0.0ms
[21.168s][debug  ][gc,phases,ref  ] GC(6)     SoftRef (ms):                  skipped
[21.168s][debug  ][gc,phases,ref  ] GC(6)   Notify Soft/WeakReferences: 0.0ms
[21.168s][debug  ][gc,phases,ref  ] GC(6)     SoftRef (ms):                  skipped
[21.168s][debug  ][gc,phases,ref  ] GC(6)     WeakRef (ms):                  skipped
[21.168s][debug  ][gc,phases,ref  ] GC(6)     FinalRef (ms):                 skipped
[21.168s][debug  ][gc,phases,ref  ] GC(6)     Total (ms):                    skipped
[21.168s][debug  ][gc,phases,ref  ] GC(6)   Notify and keep alive finalizable: 0.0ms
[21.168s][debug  ][gc,phases,ref  ] GC(6)     FinalRef (ms):                 skipped
[21.168s][debug  ][gc,phases,ref  ] GC(6)   Notify PhantomReferences: 0.0ms
[21.168s][debug  ][gc,phases,ref  ] GC(6)     PhantomRef (ms):               skipped
[21.168s][debug  ][gc,phases,ref  ] GC(6)   SoftReference:
[21.168s][debug  ][gc,phases,ref  ] GC(6)     Discovered: 0
[21.168s][debug  ][gc,phases,ref  ] GC(6)     Cleared: 0
[21.168s][debug  ][gc,phases,ref  ] GC(6)   WeakReference:
[21.168s][debug  ][gc,phases,ref  ] GC(6)     Discovered: 0
[21.168s][debug  ][gc,phases,ref  ] GC(6)     Cleared: 0
[21.168s][debug  ][gc,phases,ref  ] GC(6)   FinalReference:
[21.168s][debug  ][gc,phases,ref  ] GC(6)     Discovered: 0
[21.168s][debug  ][gc,phases,ref  ] GC(6)     Cleared: 0
[21.168s][debug  ][gc,phases,ref  ] GC(6)   PhantomReference:
[21.168s][debug  ][gc,phases,ref  ] GC(6)     Discovered: 0
[21.168s][debug  ][gc,phases,ref  ] GC(6)     Cleared: 0
[21.168s][debug  ][gc,phases      ] GC(6) Reference Processing 0.692ms
[21.168s][debug  ][gc,phases,start] GC(6) Weak Processing
[21.168s][debug  ][gc,phases      ] GC(6)   VM Weak                        Min:  0.0, Avg:  0.0, Max:  0.0, Diff:  0.0, Sum:  0.0, Workers: 6
[21.168s][debug  ][gc,phases      ] GC(6)     Dead                           Min: 0, Avg:  0.0, Max: 0, Diff: 0, Sum: 0, Workers: 6
[21.168s][debug  ][gc,phases      ] GC(6)     Total                          Min: 0, Avg:  1.3, Max: 8, Diff: 8, Sum: 8, Workers: 6
[21.169s][debug  ][gc,phases      ] GC(6)   ObjectSynchronizer Weak        Min:  0.0, Avg:  0.0, Max:  0.0, Diff:  0.0, Sum:  0.0, Workers: 6
[21.169s][debug  ][gc,phases      ] GC(6)     Dead                           Min: 0, Avg:  0.0, Max: 0, Diff: 0, Sum: 0, Workers: 6
[21.169s][debug  ][gc,phases      ] GC(6)     Total                          Min: 0, Avg:  0.5, Max: 3, Diff: 3, Sum: 3, Workers: 6
[21.169s][debug  ][gc,phases      ] GC(6)   JVMTI Tag Weak OopStorage      Min:  0.0, Avg:  0.0, Max:  0.0, Diff:  0.0, Sum:  0.0, Workers: 6
[21.169s][debug  ][gc,phases      ] GC(6)     Dead                           Min: 0, Avg:  0.0, Max: 0, Diff: 0, Sum: 0, Workers: 6
[21.169s][debug  ][gc,phases      ] GC(6)     Total                          Min: 0, Avg:  0.0, Max: 0, Diff: 0, Sum: 0, Workers: 6
[21.169s][debug  ][gc,phases      ] GC(6)   StringTable Weak               Min:  0.0, Avg:  0.0, Max:  0.0, Diff:  0.0, Sum:  0.1, Workers: 6
[21.169s][debug  ][gc,phases      ] GC(6)     Dead                           Min: 0, Avg:  0.0, Max: 0, Diff: 0, Sum: 0, Workers: 6
[21.169s][debug  ][gc,phases      ] GC(6)     Total                          Min: 576, Avg: 892.3, Max: 1152, Diff: 576, Sum: 5354, Workers: 6
[21.169s][debug  ][gc,phases      ] GC(6)   ResolvedMethodTable Weak       Min:  0.0, Avg:  0.0, Max:  0.0, Diff:  0.0, Sum:  0.0, Workers: 6
[21.169s][debug  ][gc,phases      ] GC(6)     Dead                           Min: 0, Avg:  0.0, Max: 0, Diff: 0, Sum: 0, Workers: 6
[21.169s][debug  ][gc,phases      ] GC(6)     Total                          Min: 0, Avg: 21.7, Max: 64, Diff: 64, Sum: 130, Workers: 6
[21.169s][debug  ][gc,phases      ] GC(6)   JNI Weak                       Min:  0.0, Avg:  0.0, Max:  0.0, Diff:  0.0, Sum:  0.0, Workers: 6
[21.169s][debug  ][gc,phases      ] GC(6)     Dead                           Min: 0, Avg:  0.0, Max: 0, Diff: 0, Sum: 0, Workers: 6
[21.169s][debug  ][gc,phases      ] GC(6)     Total                          Min: 0, Avg:  0.0, Max: 0, Diff: 0, Sum: 0, Workers: 6
[21.169s][debug  ][gc,phases      ] GC(6)   StringDedup Table Weak         Min:  0.0, Avg:  0.0, Max:  0.0, Diff:  0.0, Sum:  0.0, Workers: 6
[21.169s][debug  ][gc,phases      ] GC(6)     Dead                           Min: 0, Avg:  0.0, Max: 0, Diff: 0, Sum: 0, Workers: 6
[21.169s][debug  ][gc,phases      ] GC(6)     Total                          Min: 0, Avg:  0.0, Max: 0, Diff: 0, Sum: 0, Workers: 6
[21.169s][debug  ][gc,phases      ] GC(6)   StringDedup Requests0 Weak     Min:  0.0, Avg:  0.0, Max:  0.0, Diff:  0.0, Sum:  0.0, Workers: 6
[21.169s][debug  ][gc,phases      ] GC(6)     Dead                           Min: 0, Avg:  0.0, Max: 0, Diff: 0, Sum: 0, Workers: 6
[21.169s][debug  ][gc,phases      ] GC(6)     Total                          Min: 0, Avg:  0.0, Max: 0, Diff: 0, Sum: 0, Workers: 6
[21.169s][debug  ][gc,phases      ] GC(6)   StringDedup Requests1 Weak     Min:  0.0, Avg:  0.0, Max:  0.0, Diff:  0.0, Sum:  0.0, Workers: 6
[21.169s][debug  ][gc,phases      ] GC(6)     Dead                           Min: 0, Avg:  0.0, Max: 0, Diff: 0, Sum: 0, Workers: 6
[21.169s][debug  ][gc,phases      ] GC(6)     Total                          Min: 0, Avg:  0.0, Max: 0, Diff: 0, Sum: 0, Workers: 6
[21.169s][debug  ][gc,phases      ] GC(6)   Weak JFR Old Object Samples    Min:  0.0, Avg:  0.0, Max:  0.0, Diff:  0.0, Sum:  0.0, Workers: 6
[21.169s][debug  ][gc,phases      ] GC(6)     Dead                           Min: 0, Avg:  0.0, Max: 0, Diff: 0, Sum: 0, Workers: 6
[21.169s][debug  ][gc,phases      ] GC(6)     Total                          Min: 0, Avg:  0.0, Max: 0, Diff: 0, Sum: 0, Workers: 6
[21.169s][debug  ][gc,phases      ] GC(6) Weak Processing 0.841ms
[21.169s][debug  ][gc,ergo        ] GC(6) AdaptiveSizeStart:  collection: 7 
[21.169s][debug  ][gc,ergo        ] GC(6) avg_survived_padded_avg: 36218700.000000
[21.169s][debug  ][gc,ergo        ] GC(6) avg_promoted_padded_avg: 51993280.000000  avg_pretenured_padded_avg: 0.000000  tenuring_thresh: 4  target_size: 33554432
[21.169s][debug  ][gc,age         ] GC(6) Desired survivor size 33554432 bytes, new threshold 4 (max threshold 15)
[21.169s][debug  ][gc,ergo        ] GC(6) PSAdaptiveSizePolicy::compute_eden_space_size: costs minor_time: 0.002505 major_cost: 0.000000 mutator_cost: 0.997495 throughput_goal: 0.990000
[21.169s][debug  ][gc,ergo        ] GC(6) Live_space: 299882432 free_space: 397934592
[21.169s][debug  ][gc,ergo        ] GC(6) Old eden_size: 196608000 desired_eden_size: 196608000
[21.169s][debug  ][gc,ergo        ] GC(6) AdaptiveSizeStop: collection: 7 
[21.169s][info   ][gc,heap        ] GC(6) PSYoungGen: 227938K(229376K)->20480K(229376K) Eden: 196410K(196608K)->0K(196608K) From: 31528K(32768K)->20480K(32768K)
[21.169s][info   ][gc,heap        ] GC(6) ParOldGen: 133138K(786432K)->134822K(786432K)
[21.169s][info   ][gc,metaspace   ] GC(6) Metaspace: 1022K(1216K)->1022K(1216K) NonClass: 938K(1024K)->938K(1024K) Class: 83K(192K)->83K(192K)
[21.170s][info   ][gc             ] GC(6) Pause Young (Allocation Failure) 352M->151M(992M) 4.113ms
[21.170s][info   ][gc,cpu         ] GC(6) User=0.00s Sys=0.02s Real=0.00s
[21.170s][debug  ][gc,heap        ] GC(6) Heap after GC invocations=7 (full 0):
[21.170s][debug  ][gc,heap        ] GC(6)  PSYoungGen      total 229376K, used 20480K [0x00000000f0000000, 0x0000000100000000, 0x0000000100000000)
[21.170s][debug  ][gc,heap        ] GC(6)   eden space 196608K, 0% used [0x00000000f0000000,0x00000000f0000000,0x00000000fc000000)
[21.170s][debug  ][gc,heap        ] GC(6)   from space 32768K, 62% used [0x00000000fc000000,0x00000000fd400140,0x00000000fe000000)
[21.170s][debug  ][gc,heap        ] GC(6)   to   space 32768K, 0% used [0x00000000fe000000,0x00000000fe000000,0x0000000100000000)
[21.170s][debug  ][gc,heap        ] GC(6)  ParOldGen       total 786432K, used 134822K [0x00000000c0000000, 0x00000000f0000000, 0x00000000f0000000)
[21.170s][debug  ][gc,heap        ] GC(6)   object space 786432K, 17% used [0x00000000c0000000,0x00000000c83a99b8,0x00000000f0000000)
[21.170s][debug  ][gc,heap        ] GC(6)  Metaspace       used 1022K, committed 1216K, reserved 1056768K
[21.170s][debug  ][gc,heap        ] GC(6)   class space    used 83K, committed 192K, reserved 1048576K
[21.170s][debug  ][gc,task,time   ] GC(6) VM-Thread 211650697 211676302 211698619
[24.183s][debug  ][gc,heap        ] GC(7) Heap before GC invocations=8 (full 0):
[24.183s][debug  ][gc,heap        ] GC(7)  PSYoungGen      total 229376K, used 216897K [0x00000000f0000000, 0x0000000100000000, 0x0000000100000000)
[24.183s][debug  ][gc,heap        ] GC(7)   eden space 196608K, 99% used [0x00000000f0000000,0x00000000fbfd0530,0x00000000fc000000)
[24.183s][debug  ][gc,heap        ] GC(7)   from space 32768K, 62% used [0x00000000fc000000,0x00000000fd400140,0x00000000fe000000)
[24.183s][debug  ][gc,heap        ] GC(7)   to   space 32768K, 0% used [0x00000000fe000000,0x00000000fe000000,0x0000000100000000)
[24.183s][debug  ][gc,heap        ] GC(7)  ParOldGen       total 786432K, used 134822K [0x00000000c0000000, 0x00000000f0000000, 0x00000000f0000000)
[24.183s][debug  ][gc,heap        ] GC(7)   object space 786432K, 17% used [0x00000000c0000000,0x00000000c83a99b8,0x00000000f0000000)
[24.183s][debug  ][gc,heap        ] GC(7)  Metaspace       used 1022K, committed 1216K, reserved 1056768K
[24.183s][debug  ][gc,heap        ] GC(7)   class space    used 83K, committed 192K, reserved 1048576K
[24.183s][debug  ][gc,tlab        ] GC(7) TLAB totals: thrds: 1  refills: 1 max: 1 slow allocs: 187 max 187 waste: 16.8% gc: 848112B max: 848112B slow: 0B max: 0B
[24.183s][info   ][gc,start       ] GC(7) Pause Young (Allocation Failure)
[24.183s][debug  ][gc,phases,start] GC(7) Scavenge
[24.184s][debug  ][gc,phases      ] GC(7) Scavenge 1.067ms
[24.185s][debug  ][gc,phases,start] GC(7) Reference Processing
[24.185s][debug  ][gc,ref         ] GC(7) Skipped phase 1 of Reference Processing: no references
[24.185s][debug  ][gc,ref         ] GC(7) Skipped phase 2 of Reference Processing: no references
[24.185s][debug  ][gc,ref         ] GC(7) Skipped phase 3 of Reference Processing: no references
[24.185s][debug  ][gc,ref         ] GC(7) Skipped phase 4 of Reference Processing: no references
[24.185s][debug  ][gc,phases,ref  ] GC(7) Reference Processing: 0.2ms
[24.185s][debug  ][gc,phases,ref  ] GC(7)   Reconsider SoftReferences: 0.0ms
[24.185s][debug  ][gc,phases,ref  ] GC(7)     SoftRef (ms):                  skipped
[24.185s][debug  ][gc,phases,ref  ] GC(7)   Notify Soft/WeakReferences: 0.0ms
[24.185s][debug  ][gc,phases,ref  ] GC(7)     SoftRef (ms):                  skipped
[24.185s][debug  ][gc,phases,ref  ] GC(7)     WeakRef (ms):                  skipped
[24.185s][debug  ][gc,phases,ref  ] GC(7)     FinalRef (ms):                 skipped
[24.185s][debug  ][gc,phases,ref  ] GC(7)     Total (ms):                    skipped
[24.185s][debug  ][gc,phases,ref  ] GC(7)   Notify and keep alive finalizable: 0.0ms
[24.185s][debug  ][gc,phases,ref  ] GC(7)     FinalRef (ms):                 skipped
[24.185s][debug  ][gc,phases,ref  ] GC(7)   Notify PhantomReferences: 0.0ms
[24.185s][debug  ][gc,phases,ref  ] GC(7)     PhantomRef (ms):               skipped
[24.185s][debug  ][gc,phases,ref  ] GC(7)   SoftReference:
[24.185s][debug  ][gc,phases,ref  ] GC(7)     Discovered: 0
[24.185s][debug  ][gc,phases,ref  ] GC(7)     Cleared: 0
[24.185s][debug  ][gc,phases,ref  ] GC(7)   WeakReference:
[24.185s][debug  ][gc,phases,ref  ] GC(7)     Discovered: 0
[24.185s][debug  ][gc,phases,ref  ] GC(7)     Cleared: 0
[24.185s][debug  ][gc,phases,ref  ] GC(7)   FinalReference:
[24.185s][debug  ][gc,phases,ref  ] GC(7)     Discovered: 0
[24.185s][debug  ][gc,phases,ref  ] GC(7)     Cleared: 0
[24.186s][debug  ][gc,phases,ref  ] GC(7)   PhantomReference:
[24.186s][debug  ][gc,phases,ref  ] GC(7)     Discovered: 0
[24.186s][debug  ][gc,phases,ref  ] GC(7)     Cleared: 0
[24.186s][debug  ][gc,phases      ] GC(7) Reference Processing 1.100ms
[24.186s][debug  ][gc,phases,start] GC(7) Weak Processing
[24.186s][debug  ][gc,phases      ] GC(7)   VM Weak                        Min:  0.0, Avg:  0.0, Max:  0.0, Diff:  0.0, Sum:  0.0, Workers: 6
[24.186s][debug  ][gc,phases      ] GC(7)     Dead                           Min: 0, Avg:  0.0, Max: 0, Diff: 0, Sum: 0, Workers: 6
[24.186s][debug  ][gc,phases      ] GC(7)     Total                          Min: 0, Avg:  1.3, Max: 8, Diff: 8, Sum: 8, Workers: 6
[24.186s][debug  ][gc,phases      ] GC(7)   ObjectSynchronizer Weak        Min:  0.0, Avg:  0.0, Max:  0.0, Diff:  0.0, Sum:  0.0, Workers: 6
[24.186s][debug  ][gc,phases      ] GC(7)     Dead                           Min: 0, Avg:  0.0, Max: 0, Diff: 0, Sum: 0, Workers: 6
[24.186s][debug  ][gc,phases      ] GC(7)     Total                          Min: 0, Avg:  0.5, Max: 3, Diff: 3, Sum: 3, Workers: 6
[24.186s][debug  ][gc,phases      ] GC(7)   JVMTI Tag Weak OopStorage      Min:  0.0, Avg:  0.0, Max:  0.0, Diff:  0.0, Sum:  0.0, Workers: 6
[24.186s][debug  ][gc,phases      ] GC(7)     Dead                           Min: 0, Avg:  0.0, Max: 0, Diff: 0, Sum: 0, Workers: 6
[24.186s][debug  ][gc,phases      ] GC(7)     Total                          Min: 0, Avg:  0.0, Max: 0, Diff: 0, Sum: 0, Workers: 6
[24.186s][debug  ][gc,phases      ] GC(7)   StringTable Weak               Min:  0.0, Avg:  0.0, Max:  0.0, Diff:  0.0, Sum:  0.1, Workers: 6
[24.186s][debug  ][gc,phases      ] GC(7)     Dead                           Min: 0, Avg:  0.0, Max: 0, Diff: 0, Sum: 0, Workers: 6
[24.186s][debug  ][gc,phases      ] GC(7)     Total                          Min: 832, Avg: 892.3, Max: 960, Diff: 128, Sum: 5354, Workers: 6
[24.186s][debug  ][gc,phases      ] GC(7)   ResolvedMethodTable Weak       Min:  0.0, Avg:  0.0, Max:  0.0, Diff:  0.0, Sum:  0.0, Workers: 6
[24.186s][debug  ][gc,phases      ] GC(7)     Dead                           Min: 0, Avg:  0.0, Max: 0, Diff: 0, Sum: 0, Workers: 6
[24.186s][debug  ][gc,phases      ] GC(7)     Total                          Min: 0, Avg: 21.7, Max: 64, Diff: 64, Sum: 130, Workers: 6
[24.186s][debug  ][gc,phases      ] GC(7)   JNI Weak                       Min:  0.0, Avg:  0.0, Max:  0.0, Diff:  0.0, Sum:  0.0, Workers: 6
[24.186s][debug  ][gc,phases      ] GC(7)     Dead                           Min: 0, Avg:  0.0, Max: 0, Diff: 0, Sum: 0, Workers: 6
[24.186s][debug  ][gc,phases      ] GC(7)     Total                          Min: 0, Avg:  0.0, Max: 0, Diff: 0, Sum: 0, Workers: 6
[24.186s][debug  ][gc,phases      ] GC(7)   StringDedup Table Weak         Min:  0.0, Avg:  0.0, Max:  0.0, Diff:  0.0, Sum:  0.0, Workers: 6
[24.187s][debug  ][gc,phases      ] GC(7)     Dead                           Min: 0, Avg:  0.0, Max: 0, Diff: 0, Sum: 0, Workers: 6
[24.187s][debug  ][gc,phases      ] GC(7)     Total                          Min: 0, Avg:  0.0, Max: 0, Diff: 0, Sum: 0, Workers: 6
[24.187s][debug  ][gc,phases      ] GC(7)   StringDedup Requests0 Weak     Min:  0.0, Avg:  0.0, Max:  0.0, Diff:  0.0, Sum:  0.0, Workers: 6
[24.187s][debug  ][gc,phases      ] GC(7)     Dead                           Min: 0, Avg:  0.0, Max: 0, Diff: 0, Sum: 0, Workers: 6
[24.187s][debug  ][gc,phases      ] GC(7)     Total                          Min: 0, Avg:  0.0, Max: 0, Diff: 0, Sum: 0, Workers: 6
[24.187s][debug  ][gc,phases      ] GC(7)   StringDedup Requests1 Weak     Min:  0.0, Avg:  0.0, Max:  0.0, Diff:  0.0, Sum:  0.0, Workers: 6
[24.187s][debug  ][gc,phases      ] GC(7)     Dead                           Min: 0, Avg:  0.0, Max: 0, Diff: 0, Sum: 0, Workers: 6
[24.187s][debug  ][gc,phases      ] GC(7)     Total                          Min: 0, Avg:  0.0, Max: 0, Diff: 0, Sum: 0, Workers: 6
[24.187s][debug  ][gc,phases      ] GC(7)   Weak JFR Old Object Samples    Min:  0.0, Avg:  0.0, Max:  0.0, Diff:  0.0, Sum:  0.0, Workers: 6
[24.187s][debug  ][gc,phases      ] GC(7)     Dead                           Min: 0, Avg:  0.0, Max: 0, Diff: 0, Sum: 0, Workers: 6
[24.187s][debug  ][gc,phases      ] GC(7)     Total                          Min: 0, Avg:  0.0, Max: 0, Diff: 0, Sum: 0, Workers: 6
[24.187s][debug  ][gc,phases      ] GC(7) Weak Processing 1.222ms
[24.187s][debug  ][gc,ergo        ] GC(7) AdaptiveSizeStart:  collection: 8 
[24.187s][debug  ][gc,ergo        ] GC(7) avg_survived_padded_avg: 39564860.000000
[24.187s][debug  ][gc,ergo        ] GC(7) avg_promoted_padded_avg: 49598156.000000  avg_pretenured_padded_avg: 0.000000  tenuring_thresh: 3  target_size: 33554432
[24.187s][debug  ][gc,age         ] GC(7) Desired survivor size 33554432 bytes, new threshold 3 (max threshold 15)
[24.187s][debug  ][gc,ergo        ] GC(7) PSAdaptiveSizePolicy::compute_eden_space_size: costs minor_time: 0.002172 major_cost: 0.000000 mutator_cost: 0.997828 throughput_goal: 0.990000
[24.187s][debug  ][gc,ergo        ] GC(7) Live_space: 297492928 free_space: 397934592
[24.187s][debug  ][gc,ergo        ] GC(7) Old eden_size: 196608000 desired_eden_size: 196608000
[24.187s][debug  ][gc,ergo        ] GC(7) AdaptiveSizeStop: collection: 8 
[24.187s][info   ][gc,heap        ] GC(7) PSYoungGen: 216897K(229376K)->11264K(229376K) Eden: 196417K(196608K)->0K(196608K) From: 20480K(32768K)->11264K(32768K)
[24.187s][info   ][gc,heap        ] GC(7) ParOldGen: 134822K(786432K)->134822K(786432K)
[24.187s][info   ][gc,metaspace   ] GC(7) Metaspace: 1022K(1216K)->1022K(1216K) NonClass: 938K(1024K)->938K(1024K) Class: 83K(192K)->83K(192K)
[24.187s][info   ][gc             ] GC(7) Pause Young (Allocation Failure) 343M->142M(992M) 4.005ms
[24.187s][info   ][gc,cpu         ] GC(7) User=0.16s Sys=0.00s Real=0.00s
[24.187s][debug  ][gc,heap        ] GC(7) Heap after GC invocations=8 (full 0):
[24.187s][debug  ][gc,heap        ] GC(7)  PSYoungGen      total 229376K, used 11264K [0x00000000f0000000, 0x0000000100000000, 0x0000000100000000)
[24.188s][debug  ][gc,heap        ] GC(7)   eden space 196608K, 0% used [0x00000000f0000000,0x00000000f0000000,0x00000000fc000000)
[24.188s][debug  ][gc,heap        ] GC(7)   from space 32768K, 34% used [0x00000000fe000000,0x00000000feb000b0,0x0000000100000000)
[24.188s][debug  ][gc,heap        ] GC(7)   to   space 32768K, 0% used [0x00000000fc000000,0x00000000fc000000,0x00000000fe000000)
[24.188s][debug  ][gc,heap        ] GC(7)  ParOldGen       total 786432K, used 134822K [0x00000000c0000000, 0x00000000f0000000, 0x00000000f0000000)
[24.188s][debug  ][gc,heap        ] GC(7)   object space 786432K, 17% used [0x00000000c0000000,0x00000000c83a99b8,0x00000000f0000000)
[24.188s][debug  ][gc,heap        ] GC(7)  Metaspace       used 1022K, committed 1216K, reserved 1056768K
[24.188s][debug  ][gc,heap        ] GC(7)   class space    used 83K, committed 192K, reserved 1048576K
[24.188s][debug  ][gc,task,time   ] GC(7) VM-Thread 241828327 241845375 241877766
[27.212s][debug  ][gc,heap        ] GC(8) Heap before GC invocations=9 (full 0):
[27.212s][debug  ][gc,heap        ] GC(8)  PSYoungGen      total 229376K, used 207686K [0x00000000f0000000, 0x0000000100000000, 0x0000000100000000)
[27.212s][debug  ][gc,heap        ] GC(8)   eden space 196608K, 99% used [0x00000000f0000000,0x00000000fbfd17b0,0x00000000fc000000)
[27.212s][debug  ][gc,heap        ] GC(8)   from space 32768K, 34% used [0x00000000fe000000,0x00000000feb000b0,0x0000000100000000)
[27.212s][debug  ][gc,heap        ] GC(8)   to   space 32768K, 0% used [0x00000000fc000000,0x00000000fc000000,0x00000000fe000000)
[27.212s][debug  ][gc,heap        ] GC(8)  ParOldGen       total 786432K, used 134822K [0x00000000c0000000, 0x00000000f0000000, 0x00000000f0000000)
[27.212s][debug  ][gc,heap        ] GC(8)   object space 786432K, 17% used [0x00000000c0000000,0x00000000c83a99b8,0x00000000f0000000)
[27.212s][debug  ][gc,heap        ] GC(8)  Metaspace       used 1022K, committed 1216K, reserved 1056768K
[27.212s][debug  ][gc,heap        ] GC(8)   class space    used 83K, committed 192K, reserved 1048576K
[27.212s][debug  ][gc,tlab        ] GC(8) TLAB totals: thrds: 1  refills: 1 max: 1 slow allocs: 187 max 187 waste: 16.9% gc: 852848B max: 852848B slow: 0B max: 0B
[27.212s][info   ][gc,start       ] GC(8) Pause Young (Allocation Failure)
[27.213s][debug  ][gc,phases,start] GC(8) Scavenge
[27.213s][debug  ][gc,phases      ] GC(8) Scavenge 0.251ms
[27.213s][debug  ][gc,phases,start] GC(8) Reference Processing
[27.213s][debug  ][gc,ref         ] GC(8) Skipped phase 1 of Reference Processing: no references
[27.213s][debug  ][gc,ref         ] GC(8) Skipped phase 2 of Reference Processing: no references
[27.213s][debug  ][gc,ref         ] GC(8) Skipped phase 3 of Reference Processing: no references
[27.213s][debug  ][gc,ref         ] GC(8) Skipped phase 4 of Reference Processing: no references
[27.213s][debug  ][gc,phases,ref  ] GC(8) Reference Processing: 0.1ms
[27.213s][debug  ][gc,phases,ref  ] GC(8)   Reconsider SoftReferences: 0.0ms
[27.213s][debug  ][gc,phases,ref  ] GC(8)     SoftRef (ms):                  skipped
[27.213s][debug  ][gc,phases,ref  ] GC(8)   Notify Soft/WeakReferences: 0.0ms
[27.213s][debug  ][gc,phases,ref  ] GC(8)     SoftRef (ms):                  skipped
[27.213s][debug  ][gc,phases,ref  ] GC(8)     WeakRef (ms):                  skipped
[27.213s][debug  ][gc,phases,ref  ] GC(8)     FinalRef (ms):                 skipped
[27.213s][debug  ][gc,phases,ref  ] GC(8)     Total (ms):                    skipped
[27.213s][debug  ][gc,phases,ref  ] GC(8)   Notify and keep alive finalizable: 0.0ms
[27.213s][debug  ][gc,phases,ref  ] GC(8)     FinalRef (ms):                 skipped
[27.213s][debug  ][gc,phases,ref  ] GC(8)   Notify PhantomReferences: 0.0ms
[27.213s][debug  ][gc,phases,ref  ] GC(8)     PhantomRef (ms):               skipped
[27.213s][debug  ][gc,phases,ref  ] GC(8)   SoftReference:
[27.213s][debug  ][gc,phases,ref  ] GC(8)     Discovered: 0
[27.213s][debug  ][gc,phases,ref  ] GC(8)     Cleared: 0
[27.213s][debug  ][gc,phases,ref  ] GC(8)   WeakReference:
[27.213s][debug  ][gc,phases,ref  ] GC(8)     Discovered: 0
[27.213s][debug  ][gc,phases,ref  ] GC(8)     Cleared: 0
[27.213s][debug  ][gc,phases,ref  ] GC(8)   FinalReference:
[27.213s][debug  ][gc,phases,ref  ] GC(8)     Discovered: 0
[27.213s][debug  ][gc,phases,ref  ] GC(8)     Cleared: 0
[27.213s][debug  ][gc,phases,ref  ] GC(8)   PhantomReference:
[27.213s][debug  ][gc,phases,ref  ] GC(8)     Discovered: 0
[27.213s][debug  ][gc,phases,ref  ] GC(8)     Cleared: 0
[27.213s][debug  ][gc,phases      ] GC(8) Reference Processing 0.637ms
[27.213s][debug  ][gc,phases,start] GC(8) Weak Processing
[27.214s][debug  ][gc,phases      ] GC(8)   VM Weak                        Min:  0.0, Avg:  0.0, Max:  0.0, Diff:  0.0, Sum:  0.0, Workers: 6
[27.214s][debug  ][gc,phases      ] GC(8)     Dead                           Min: 0, Avg:  0.0, Max: 0, Diff: 0, Sum: 0, Workers: 6
[27.214s][debug  ][gc,phases      ] GC(8)     Total                          Min: 0, Avg:  1.3, Max: 8, Diff: 8, Sum: 8, Workers: 6
[27.214s][debug  ][gc,phases      ] GC(8)   ObjectSynchronizer Weak        Min:  0.0, Avg:  0.0, Max:  0.0, Diff:  0.0, Sum:  0.0, Workers: 6
[27.214s][debug  ][gc,phases      ] GC(8)     Dead                           Min: 0, Avg:  0.0, Max: 0, Diff: 0, Sum: 0, Workers: 6
[27.214s][debug  ][gc,phases      ] GC(8)     Total                          Min: 0, Avg:  0.5, Max: 3, Diff: 3, Sum: 3, Workers: 6
[27.214s][debug  ][gc,phases      ] GC(8)   JVMTI Tag Weak OopStorage      Min:  0.0, Avg:  0.0, Max:  0.0, Diff:  0.0, Sum:  0.0, Workers: 6
[27.214s][debug  ][gc,phases      ] GC(8)     Dead                           Min: 0, Avg:  0.0, Max: 0, Diff: 0, Sum: 0, Workers: 6
[27.214s][debug  ][gc,phases      ] GC(8)     Total                          Min: 0, Avg:  0.0, Max: 0, Diff: 0, Sum: 0, Workers: 6
[27.214s][debug  ][gc,phases      ] GC(8)   StringTable Weak               Min:  0.0, Avg:  0.0, Max:  0.0, Diff:  0.0, Sum:  0.0, Workers: 6
[27.214s][debug  ][gc,phases      ] GC(8)     Dead                           Min: 0, Avg:  0.0, Max: 0, Diff: 0, Sum: 0, Workers: 6
[27.214s][debug  ][gc,phases      ] GC(8)     Total                          Min: 768, Avg: 892.3, Max: 960, Diff: 192, Sum: 5354, Workers: 6
[27.214s][debug  ][gc,phases      ] GC(8)   ResolvedMethodTable Weak       Min:  0.0, Avg:  0.0, Max:  0.0, Diff:  0.0, Sum:  0.0, Workers: 6
[27.214s][debug  ][gc,phases      ] GC(8)     Dead                           Min: 0, Avg:  0.0, Max: 0, Diff: 0, Sum: 0, Workers: 6
[27.214s][debug  ][gc,phases      ] GC(8)     Total                          Min: 0, Avg: 21.7, Max: 66, Diff: 66, Sum: 130, Workers: 6
[27.214s][debug  ][gc,phases      ] GC(8)   JNI Weak                       Min:  0.0, Avg:  0.0, Max:  0.0, Diff:  0.0, Sum:  0.0, Workers: 6
[27.214s][debug  ][gc,phases      ] GC(8)     Dead                           Min: 0, Avg:  0.0, Max: 0, Diff: 0, Sum: 0, Workers: 6
[27.214s][debug  ][gc,phases      ] GC(8)     Total                          Min: 0, Avg:  0.0, Max: 0, Diff: 0, Sum: 0, Workers: 6
[27.214s][debug  ][gc,phases      ] GC(8)   StringDedup Table Weak         Min:  0.0, Avg:  0.0, Max:  0.0, Diff:  0.0, Sum:  0.0, Workers: 6
[27.214s][debug  ][gc,phases      ] GC(8)     Dead                           Min: 0, Avg:  0.0, Max: 0, Diff: 0, Sum: 0, Workers: 6
[27.214s][debug  ][gc,phases      ] GC(8)     Total                          Min: 0, Avg:  0.0, Max: 0, Diff: 0, Sum: 0, Workers: 6
[27.214s][debug  ][gc,phases      ] GC(8)   StringDedup Requests0 Weak     Min:  0.0, Avg:  0.0, Max:  0.0, Diff:  0.0, Sum:  0.0, Workers: 6
[27.214s][debug  ][gc,phases      ] GC(8)     Dead                           Min: 0, Avg:  0.0, Max: 0, Diff: 0, Sum: 0, Workers: 6
[27.214s][debug  ][gc,phases      ] GC(8)     Total                          Min: 0, Avg:  0.0, Max: 0, Diff: 0, Sum: 0, Workers: 6
[27.214s][debug  ][gc,phases      ] GC(8)   StringDedup Requests1 Weak     Min:  0.0, Avg:  0.0, Max:  0.0, Diff:  0.0, Sum:  0.0, Workers: 6
[27.214s][debug  ][gc,phases      ] GC(8)     Dead                           Min: 0, Avg:  0.0, Max: 0, Diff: 0, Sum: 0, Workers: 6
[27.214s][debug  ][gc,phases      ] GC(8)     Total                          Min: 0, Avg:  0.0, Max: 0, Diff: 0, Sum: 0, Workers: 6
[27.214s][debug  ][gc,phases      ] GC(8)   Weak JFR Old Object Samples    Min:  0.0, Avg:  0.0, Max:  0.0, Diff:  0.0, Sum:  0.0, Workers: 6
[27.214s][debug  ][gc,phases      ] GC(8)     Dead                           Min: 0, Avg:  0.0, Max: 0, Diff: 0, Sum: 0, Workers: 6
[27.214s][debug  ][gc,phases      ] GC(8)     Total                          Min: 0, Avg:  0.0, Max: 0, Diff: 0, Sum: 0, Workers: 6
[27.214s][debug  ][gc,phases      ] GC(8) Weak Processing 0.812ms
[27.214s][debug  ][gc,ergo        ] GC(8) AdaptiveSizeStart:  collection: 9 
[27.214s][debug  ][gc,ergo        ] GC(8) avg_survived_padded_avg: 43361656.000000
[27.214s][debug  ][gc,ergo        ] GC(8) avg_promoted_padded_avg: 47666088.000000  avg_pretenured_padded_avg: 0.000000  tenuring_thresh: 2  target_size: 33554432
[27.214s][debug  ][gc,age         ] GC(8) Desired survivor size 33554432 bytes, new threshold 2 (max threshold 15)
[27.214s][debug  ][gc,ergo        ] GC(8) PSAdaptiveSizePolicy::compute_eden_space_size: costs minor_time: 0.001777 major_cost: 0.000000 mutator_cost: 0.998223 throughput_goal: 0.990000
[27.214s][debug  ][gc,ergo        ] GC(8) Live_space: 294527296 free_space: 397934592
[27.214s][debug  ][gc,ergo        ] GC(8) Old eden_size: 196608000 desired_eden_size: 196608000
[27.214s][debug  ][gc,ergo        ] GC(8) AdaptiveSizeStop: collection: 9 
[27.214s][info   ][gc,heap        ] GC(8) PSYoungGen: 207686K(229376K)->2048K(229376K) Eden: 196421K(196608K)->0K(196608K) From: 11264K(32768K)->2048K(32768K)
[27.214s][info   ][gc,heap        ] GC(8) ParOldGen: 134822K(786432K)->134822K(786432K)
[27.215s][info   ][gc,metaspace   ] GC(8) Metaspace: 1022K(1216K)->1022K(1216K) NonClass: 939K(1024K)->939K(1024K) Class: 83K(192K)->83K(192K)
[27.215s][info   ][gc             ] GC(8) Pause Young (Allocation Failure) 334M->133M(992M) 2.075ms
[27.215s][info   ][gc,cpu         ] GC(8) User=0.00s Sys=0.00s Real=0.00s
[27.215s][debug  ][gc,heap        ] GC(8) Heap after GC invocations=9 (full 0):
[27.215s][debug  ][gc,heap        ] GC(8)  PSYoungGen      total 229376K, used 2048K [0x00000000f0000000, 0x0000000100000000, 0x0000000100000000)
[27.215s][debug  ][gc,heap        ] GC(8)   eden space 196608K, 0% used [0x00000000f0000000,0x00000000f0000000,0x00000000fc000000)
[27.215s][debug  ][gc,heap        ] GC(8)   from space 32768K, 6% used [0x00000000fc000000,0x00000000fc200020,0x00000000fe000000)
[27.215s][debug  ][gc,heap        ] GC(8)   to   space 32768K, 0% used [0x00000000fe000000,0x00000000fe000000,0x0000000100000000)
[27.215s][debug  ][gc,heap        ] GC(8)  ParOldGen       total 786432K, used 134822K [0x00000000c0000000, 0x00000000f0000000, 0x00000000f0000000)
[27.215s][debug  ][gc,heap        ] GC(8)   object space 786432K, 17% used [0x00000000c0000000,0x00000000c83a99b8,0x00000000f0000000)
[27.215s][debug  ][gc,heap        ] GC(8)  Metaspace       used 1022K, committed 1216K, reserved 1056768K
[27.215s][debug  ][gc,heap        ] GC(8)   class space    used 83K, committed 192K, reserved 1048576K
[27.215s][debug  ][gc,task,time   ] GC(8) VM-Thread 272121516 272128054 272147832
[30.247s][debug  ][gc,heap        ] GC(9) Heap before GC invocations=10 (full 0):
[30.248s][debug  ][gc,heap        ] GC(9)  PSYoungGen      total 229376K, used 198472K [0x00000000f0000000, 0x0000000100000000, 0x0000000100000000)
[30.248s][debug  ][gc,heap        ] GC(9)   eden space 196608K, 99% used [0x00000000f0000000,0x00000000fbfd2398,0x00000000fc000000)
[30.248s][debug  ][gc,heap        ] GC(9)   from space 32768K, 6% used [0x00000000fc000000,0x00000000fc200020,0x00000000fe000000)
[30.248s][debug  ][gc,heap        ] GC(9)   to   space 32768K, 0% used [0x00000000fe000000,0x00000000fe000000,0x0000000100000000)
[30.248s][debug  ][gc,heap        ] GC(9)  ParOldGen       total 786432K, used 134822K [0x00000000c0000000, 0x00000000f0000000, 0x00000000f0000000)
[30.248s][debug  ][gc,heap        ] GC(9)   object space 786432K, 17% used [0x00000000c0000000,0x00000000c83a99b8,0x00000000f0000000)
[30.248s][debug  ][gc,heap        ] GC(9)  Metaspace       used 1022K, committed 1216K, reserved 1056768K
[30.248s][debug  ][gc,heap        ] GC(9)   class space    used 83K, committed 192K, reserved 1048576K
[30.248s][debug  ][gc,tlab        ] GC(9) TLAB totals: thrds: 1  refills: 1 max: 1 slow allocs: 187 max 187 waste: 17.0% gc: 856960B max: 856960B slow: 0B max: 0B
[30.248s][info   ][gc,start       ] GC(9) Pause Young (Allocation Failure)
[30.248s][debug  ][gc,phases,start] GC(9) Scavenge
[30.260s][debug  ][gc,phases      ] GC(9) Scavenge 11.737ms
[30.260s][debug  ][gc,phases,start] GC(9) Reference Processing
[30.260s][debug  ][gc,ref         ] GC(9) Skipped phase 1 of Reference Processing: no references
[30.260s][debug  ][gc,ref         ] GC(9) Skipped phase 2 of Reference Processing: no references
[30.260s][debug  ][gc,ref         ] GC(9) Skipped phase 3 of Reference Processing: no references
[30.260s][debug  ][gc,ref         ] GC(9) Skipped phase 4 of Reference Processing: no references
[30.260s][debug  ][gc,phases,ref  ] GC(9) Reference Processing: 0.1ms
[30.260s][debug  ][gc,phases,ref  ] GC(9)   Reconsider SoftReferences: 0.0ms
[30.260s][debug  ][gc,phases,ref  ] GC(9)     SoftRef (ms):                  skipped
[30.260s][debug  ][gc,phases,ref  ] GC(9)   Notify Soft/WeakReferences: 0.0ms
[30.260s][debug  ][gc,phases,ref  ] GC(9)     SoftRef (ms):                  skipped
[30.260s][debug  ][gc,phases,ref  ] GC(9)     WeakRef (ms):                  skipped
[30.260s][debug  ][gc,phases,ref  ] GC(9)     FinalRef (ms):                 skipped
[30.260s][debug  ][gc,phases,ref  ] GC(9)     Total (ms):                    skipped
[30.260s][debug  ][gc,phases,ref  ] GC(9)   Notify and keep alive finalizable: 0.0ms
[30.260s][debug  ][gc,phases,ref  ] GC(9)     FinalRef (ms):                 skipped
[30.260s][debug  ][gc,phases,ref  ] GC(9)   Notify PhantomReferences: 0.0ms
[30.260s][debug  ][gc,phases,ref  ] GC(9)     PhantomRef (ms):               skipped
[30.260s][debug  ][gc,phases,ref  ] GC(9)   SoftReference:
[30.260s][debug  ][gc,phases,ref  ] GC(9)     Discovered: 0
[30.260s][debug  ][gc,phases,ref  ] GC(9)     Cleared: 0
[30.260s][debug  ][gc,phases,ref  ] GC(9)   WeakReference:
[30.260s][debug  ][gc,phases,ref  ] GC(9)     Discovered: 0
[30.260s][debug  ][gc,phases,ref  ] GC(9)     Cleared: 0
[30.260s][debug  ][gc,phases,ref  ] GC(9)   FinalReference:
[30.260s][debug  ][gc,phases,ref  ] GC(9)     Discovered: 0
[30.260s][debug  ][gc,phases,ref  ] GC(9)     Cleared: 0
[30.260s][debug  ][gc,phases,ref  ] GC(9)   PhantomReference:
[30.260s][debug  ][gc,phases,ref  ] GC(9)     Discovered: 0
[30.260s][debug  ][gc,phases,ref  ] GC(9)     Cleared: 0
[30.260s][debug  ][gc,phases      ] GC(9) Reference Processing 0.690ms
[30.261s][debug  ][gc,phases,start] GC(9) Weak Processing
[30.261s][debug  ][gc,phases      ] GC(9)   VM Weak                        Min:  0.0, Avg:  0.0, Max:  0.0, Diff:  0.0, Sum:  0.0, Workers: 6
[30.261s][debug  ][gc,phases      ] GC(9)     Dead                           Min: 0, Avg:  0.0, Max: 0, Diff: 0, Sum: 0, Workers: 6
[30.261s][debug  ][gc,phases      ] GC(9)     Total                          Min: 0, Avg:  1.3, Max: 8, Diff: 8, Sum: 8, Workers: 6
[30.261s][debug  ][gc,phases      ] GC(9)   ObjectSynchronizer Weak        Min:  0.0, Avg:  0.0, Max:  0.0, Diff:  0.0, Sum:  0.0, Workers: 6
[30.261s][debug  ][gc,phases      ] GC(9)     Dead                           Min: 0, Avg:  0.0, Max: 0, Diff: 0, Sum: 0, Workers: 6
[30.261s][debug  ][gc,phases      ] GC(9)     Total                          Min: 0, Avg:  0.5, Max: 3, Diff: 3, Sum: 3, Workers: 6
[30.261s][debug  ][gc,phases      ] GC(9)   JVMTI Tag Weak OopStorage      Min:  0.0, Avg:  0.0, Max:  0.0, Diff:  0.0, Sum:  0.0, Workers: 6
[30.261s][debug  ][gc,phases      ] GC(9)     Dead                           Min: 0, Avg:  0.0, Max: 0, Diff: 0, Sum: 0, Workers: 6
[30.261s][debug  ][gc,phases      ] GC(9)     Total                          Min: 0, Avg:  0.0, Max: 0, Diff: 0, Sum: 0, Workers: 6
[30.261s][debug  ][gc,phases      ] GC(9)   StringTable Weak               Min:  0.0, Avg:  0.0, Max:  0.0, Diff:  0.0, Sum:  0.1, Workers: 6
[30.261s][debug  ][gc,phases      ] GC(9)     Dead                           Min: 0, Avg:  0.0, Max: 0, Diff: 0, Sum: 0, Workers: 6
[30.261s][debug  ][gc,phases      ] GC(9)     Total                          Min: 746, Avg: 892.3, Max: 1024, Diff: 278, Sum: 5354, Workers: 6
[30.261s][debug  ][gc,phases      ] GC(9)   ResolvedMethodTable Weak       Min:  0.0, Avg:  0.0, Max:  0.0, Diff:  0.0, Sum:  0.0, Workers: 6
[30.261s][debug  ][gc,phases      ] GC(9)     Dead                           Min: 0, Avg:  0.0, Max: 0, Diff: 0, Sum: 0, Workers: 6
[30.261s][debug  ][gc,phases      ] GC(9)     Total                          Min: 0, Avg: 21.7, Max: 64, Diff: 64, Sum: 130, Workers: 6
[30.261s][debug  ][gc,phases      ] GC(9)   JNI Weak                       Min:  0.0, Avg:  0.0, Max:  0.0, Diff:  0.0, Sum:  0.0, Workers: 6
[30.261s][debug  ][gc,phases      ] GC(9)     Dead                           Min: 0, Avg:  0.0, Max: 0, Diff: 0, Sum: 0, Workers: 6
[30.261s][debug  ][gc,phases      ] GC(9)     Total                          Min: 0, Avg:  0.0, Max: 0, Diff: 0, Sum: 0, Workers: 6
[30.261s][debug  ][gc,phases      ] GC(9)   StringDedup Table Weak         Min:  0.0, Avg:  0.0, Max:  0.0, Diff:  0.0, Sum:  0.0, Workers: 6
[30.261s][debug  ][gc,phases      ] GC(9)     Dead                           Min: 0, Avg:  0.0, Max: 0, Diff: 0, Sum: 0, Workers: 6
[30.261s][debug  ][gc,phases      ] GC(9)     Total                          Min: 0, Avg:  0.0, Max: 0, Diff: 0, Sum: 0, Workers: 6
[30.261s][debug  ][gc,phases      ] GC(9)   StringDedup Requests0 Weak     Min:  0.0, Avg:  0.0, Max:  0.0, Diff:  0.0, Sum:  0.0, Workers: 6
[30.261s][debug  ][gc,phases      ] GC(9)     Dead                           Min: 0, Avg:  0.0, Max: 0, Diff: 0, Sum: 0, Workers: 6
[30.261s][debug  ][gc,phases      ] GC(9)     Total                          Min: 0, Avg:  0.0, Max: 0, Diff: 0, Sum: 0, Workers: 6
[30.261s][debug  ][gc,phases      ] GC(9)   StringDedup Requests1 Weak     Min:  0.0, Avg:  0.0, Max:  0.0, Diff:  0.0, Sum:  0.0, Workers: 6
[30.261s][debug  ][gc,phases      ] GC(9)     Dead                           Min: 0, Avg:  0.0, Max: 0, Diff: 0, Sum: 0, Workers: 6
[30.261s][debug  ][gc,phases      ] GC(9)     Total                          Min: 0, Avg:  0.0, Max: 0, Diff: 0, Sum: 0, Workers: 6
[30.261s][debug  ][gc,phases      ] GC(9)   Weak JFR Old Object Samples    Min:  0.0, Avg:  0.0, Max:  0.0, Diff:  0.0, Sum:  0.0, Workers: 6
[30.261s][debug  ][gc,phases      ] GC(9)     Dead                           Min: 0, Avg:  0.0, Max: 0, Diff: 0, Sum: 0, Workers: 6
[30.261s][debug  ][gc,phases      ] GC(9)     Total                          Min: 0, Avg:  0.0, Max: 0, Diff: 0, Sum: 0, Workers: 6
[30.261s][debug  ][gc,phases      ] GC(9) Weak Processing 0.817ms
[30.261s][debug  ][gc,ergo        ] GC(9) AdaptiveSizeStart:  collection: 10 
[30.261s][debug  ][gc,ergo        ] GC(9) avg_survived_padded_avg: 44008044.000000
[30.261s][debug  ][gc,ergo        ] GC(9) avg_promoted_padded_avg: 62733488.000000  avg_pretenured_padded_avg: 0.000000  tenuring_thresh: 1  target_size: 33554432
[30.261s][debug  ][gc,age         ] GC(9) Desired survivor size 33554432 bytes, new threshold 1 (max threshold 15)
[30.261s][debug  ][gc,ergo        ] GC(9) PSAdaptiveSizePolicy::compute_eden_space_size: costs minor_time: 0.002430 major_cost: 0.000000 mutator_cost: 0.997570 throughput_goal: 0.990000
[30.261s][debug  ][gc,ergo        ] GC(9) Live_space: 295168736 free_space: 397934592
[30.261s][debug  ][gc,ergo        ] GC(9) Old eden_size: 196608000 desired_eden_size: 196608000
[30.262s][debug  ][gc,ergo        ] GC(9) AdaptiveSizeStop: collection: 10 
[30.262s][info   ][gc,heap        ] GC(9) PSYoungGen: 198472K(229376K)->31744K(229376K) Eden: 196424K(196608K)->0K(196608K) From: 2048K(32768K)->31744K(32768K)
[30.262s][info   ][gc,heap        ] GC(9) ParOldGen: 134822K(786432K)->198311K(786432K)
[30.262s][info   ][gc,metaspace   ] GC(9) Metaspace: 1022K(1216K)->1022K(1216K) NonClass: 939K(1024K)->939K(1024K) Class: 83K(192K)->83K(192K)
[30.262s][info   ][gc             ] GC(9) Pause Young (Allocation Failure) 325M->224M(992M) 13.762ms
[30.262s][info   ][gc,cpu         ] GC(9) User=0.00s Sys=0.02s Real=0.01s
[30.262s][debug  ][gc,heap        ] GC(9) Heap after GC invocations=10 (full 0):
[30.262s][debug  ][gc,heap        ] GC(9)  PSYoungGen      total 229376K, used 31744K [0x00000000f0000000, 0x0000000100000000, 0x0000000100000000)
[30.262s][debug  ][gc,heap        ] GC(9)   eden space 196608K, 0% used [0x00000000f0000000,0x00000000f0000000,0x00000000fc000000)
[30.262s][debug  ][gc,heap        ] GC(9)   from space 32768K, 96% used [0x00000000fe000000,0x00000000fff001f0,0x0000000100000000)
[30.262s][debug  ][gc,heap        ] GC(9)   to   space 32768K, 0% used [0x00000000fc000000,0x00000000fc000000,0x00000000fe000000)
[30.262s][debug  ][gc,heap        ] GC(9)  ParOldGen       total 786432K, used 198311K [0x00000000c0000000, 0x00000000f0000000, 0x00000000f0000000)
[30.262s][debug  ][gc,heap        ] GC(9)   object space 786432K, 25% used [0x00000000c0000000,0x00000000cc1a9d98,0x00000000f0000000)
[30.262s][debug  ][gc,heap        ] GC(9)  Metaspace       used 1022K, committed 1216K, reserved 1056768K
[30.262s][debug  ][gc,heap        ] GC(9)   class space    used 83K, committed 192K, reserved 1048576K
[30.262s][debug  ][gc,task,time   ] GC(9) VM-Thread 302474874 302597965 302619852
[33.298s][debug  ][gc,heap        ] GC(10) Heap before GC invocations=11 (full 0):
[33.299s][debug  ][gc,heap        ] GC(10)  PSYoungGen      total 229376K, used 228171K [0x00000000f0000000, 0x0000000100000000, 0x0000000100000000)
[33.299s][debug  ][gc,heap        ] GC(10)   eden space 196608K, 99% used [0x00000000f0000000,0x00000000fbfd2b40,0x00000000fc000000)
[33.299s][debug  ][gc,heap        ] GC(10)   from space 32768K, 96% used [0x00000000fe000000,0x00000000fff001f0,0x0000000100000000)
[33.299s][debug  ][gc,heap        ] GC(10)   to   space 32768K, 0% used [0x00000000fc000000,0x00000000fc000000,0x00000000fe000000)
[33.299s][debug  ][gc,heap        ] GC(10)  ParOldGen       total 786432K, used 198311K [0x00000000c0000000, 0x00000000f0000000, 0x00000000f0000000)
[33.299s][debug  ][gc,heap        ] GC(10)   object space 786432K, 25% used [0x00000000c0000000,0x00000000cc1a9d98,0x00000000f0000000)
[33.299s][debug  ][gc,heap        ] GC(10)  Metaspace       used 1022K, committed 1216K, reserved 1056768K
[33.299s][debug  ][gc,heap        ] GC(10)   class space    used 83K, committed 192K, reserved 1048576K
[33.299s][debug  ][gc,tlab        ] GC(10) TLAB totals: thrds: 1  refills: 1 max: 1 slow allocs: 187 max 187 waste: 17.0% gc: 857856B max: 857856B slow: 0B max: 0B
[33.299s][info   ][gc,start       ] GC(10) Pause Young (Allocation Failure)
[33.299s][debug  ][gc,phases,start] GC(10) Scavenge
[33.312s][debug  ][gc,phases      ] GC(10) Scavenge 12.755ms
[33.312s][debug  ][gc,phases,start] GC(10) Reference Processing
[33.312s][debug  ][gc,ref         ] GC(10) Skipped phase 1 of Reference Processing: no references
[33.312s][debug  ][gc,ref         ] GC(10) Skipped phase 2 of Reference Processing: no references
[33.312s][debug  ][gc,ref         ] GC(10) Skipped phase 3 of Reference Processing: no references
[33.312s][debug  ][gc,ref         ] GC(10) Skipped phase 4 of Reference Processing: no references
[33.312s][debug  ][gc,phases,ref  ] GC(10) Reference Processing: 0.1ms
[33.312s][debug  ][gc,phases,ref  ] GC(10)   Reconsider SoftReferences: 0.0ms
[33.312s][debug  ][gc,phases,ref  ] GC(10)     SoftRef (ms):                  skipped
[33.312s][debug  ][gc,phases,ref  ] GC(10)   Notify Soft/WeakReferences: 0.0ms
[33.312s][debug  ][gc,phases,ref  ] GC(10)     SoftRef (ms):                  skipped
[33.312s][debug  ][gc,phases,ref  ] GC(10)     WeakRef (ms):                  skipped
[33.312s][debug  ][gc,phases,ref  ] GC(10)     FinalRef (ms):                 skipped
[33.312s][debug  ][gc,phases,ref  ] GC(10)     Total (ms):                    skipped
[33.312s][debug  ][gc,phases,ref  ] GC(10)   Notify and keep alive finalizable: 0.0ms
[33.312s][debug  ][gc,phases,ref  ] GC(10)     FinalRef (ms):                 skipped
[33.312s][debug  ][gc,phases,ref  ] GC(10)   Notify PhantomReferences: 0.0ms
[33.312s][debug  ][gc,phases,ref  ] GC(10)     PhantomRef (ms):               skipped
[33.312s][debug  ][gc,phases,ref  ] GC(10)   SoftReference:
[33.312s][debug  ][gc,phases,ref  ] GC(10)     Discovered: 0
[33.312s][debug  ][gc,phases,ref  ] GC(10)     Cleared: 0
[33.312s][debug  ][gc,phases,ref  ] GC(10)   WeakReference:
[33.312s][debug  ][gc,phases,ref  ] GC(10)     Discovered: 0
[33.312s][debug  ][gc,phases,ref  ] GC(10)     Cleared: 0
[33.312s][debug  ][gc,phases,ref  ] GC(10)   FinalReference:
[33.312s][debug  ][gc,phases,ref  ] GC(10)     Discovered: 0
[33.312s][debug  ][gc,phases,ref  ] GC(10)     Cleared: 0
[33.312s][debug  ][gc,phases,ref  ] GC(10)   PhantomReference:
[33.312s][debug  ][gc,phases,ref  ] GC(10)     Discovered: 0
[33.312s][debug  ][gc,phases,ref  ] GC(10)     Cleared: 0
[33.312s][debug  ][gc,phases      ] GC(10) Reference Processing 0.571ms
[33.312s][debug  ][gc,phases,start] GC(10) Weak Processing
[33.312s][debug  ][gc,phases      ] GC(10)   VM Weak                        Min:  0.0, Avg:  0.0, Max:  0.0, Diff:  0.0, Sum:  0.0, Workers: 6
[33.312s][debug  ][gc,phases      ] GC(10)     Dead                           Min: 0, Avg:  0.0, Max: 0, Diff: 0, Sum: 0, Workers: 6
[33.312s][debug  ][gc,phases      ] GC(10)     Total                          Min: 0, Avg:  1.3, Max: 8, Diff: 8, Sum: 8, Workers: 6
[33.312s][debug  ][gc,phases      ] GC(10)   ObjectSynchronizer Weak        Min:  0.0, Avg:  0.0, Max:  0.0, Diff:  0.0, Sum:  0.0, Workers: 6
[33.312s][debug  ][gc,phases      ] GC(10)     Dead                           Min: 0, Avg:  0.0, Max: 0, Diff: 0, Sum: 0, Workers: 6
[33.313s][debug  ][gc,phases      ] GC(10)     Total                          Min: 0, Avg:  0.5, Max: 3, Diff: 3, Sum: 3, Workers: 6
[33.313s][debug  ][gc,phases      ] GC(10)   JVMTI Tag Weak OopStorage      Min:  0.0, Avg:  0.0, Max:  0.0, Diff:  0.0, Sum:  0.0, Workers: 6
[33.313s][debug  ][gc,phases      ] GC(10)     Dead                           Min: 0, Avg:  0.0, Max: 0, Diff: 0, Sum: 0, Workers: 6
[33.313s][debug  ][gc,phases      ] GC(10)     Total                          Min: 0, Avg:  0.0, Max: 0, Diff: 0, Sum: 0, Workers: 6
[33.313s][debug  ][gc,phases      ] GC(10)   StringTable Weak               Min:  0.0, Avg:  0.0, Max:  0.0, Diff:  0.0, Sum:  0.0, Workers: 6
[33.313s][debug  ][gc,phases      ] GC(10)     Dead                           Min: 0, Avg:  0.0, Max: 0, Diff: 0, Sum: 0, Workers: 6
[33.313s][debug  ][gc,phases      ] GC(10)     Total                          Min: 704, Avg: 892.3, Max: 1024, Diff: 320, Sum: 5354, Workers: 6
[33.313s][debug  ][gc,phases      ] GC(10)   ResolvedMethodTable Weak       Min:  0.0, Avg:  0.0, Max:  0.0, Diff:  0.0, Sum:  0.0, Workers: 6
[33.313s][debug  ][gc,phases      ] GC(10)     Dead                           Min: 0, Avg:  0.0, Max: 0, Diff: 0, Sum: 0, Workers: 6
[33.313s][debug  ][gc,phases      ] GC(10)     Total                          Min: 0, Avg: 21.7, Max: 64, Diff: 64, Sum: 130, Workers: 6
[33.313s][debug  ][gc,phases      ] GC(10)   JNI Weak                       Min:  0.0, Avg:  0.0, Max:  0.0, Diff:  0.0, Sum:  0.0, Workers: 6
[33.313s][debug  ][gc,phases      ] GC(10)     Dead                           Min: 0, Avg:  0.0, Max: 0, Diff: 0, Sum: 0, Workers: 6
[33.313s][debug  ][gc,phases      ] GC(10)     Total                          Min: 0, Avg:  0.0, Max: 0, Diff: 0, Sum: 0, Workers: 6
[33.313s][debug  ][gc,phases      ] GC(10)   StringDedup Table Weak         Min:  0.0, Avg:  0.0, Max:  0.0, Diff:  0.0, Sum:  0.0, Workers: 6
[33.313s][debug  ][gc,phases      ] GC(10)     Dead                           Min: 0, Avg:  0.0, Max: 0, Diff: 0, Sum: 0, Workers: 6
[33.313s][debug  ][gc,phases      ] GC(10)     Total                          Min: 0, Avg:  0.0, Max: 0, Diff: 0, Sum: 0, Workers: 6
[33.313s][debug  ][gc,phases      ] GC(10)   StringDedup Requests0 Weak     Min:  0.0, Avg:  0.0, Max:  0.0, Diff:  0.0, Sum:  0.0, Workers: 6
[33.313s][debug  ][gc,phases      ] GC(10)     Dead                           Min: 0, Avg:  0.0, Max: 0, Diff: 0, Sum: 0, Workers: 6
[33.313s][debug  ][gc,phases      ] GC(10)     Total                          Min: 0, Avg:  0.0, Max: 0, Diff: 0, Sum: 0, Workers: 6
[33.313s][debug  ][gc,phases      ] GC(10)   StringDedup Requests1 Weak     Min:  0.0, Avg:  0.0, Max:  0.0, Diff:  0.0, Sum:  0.0, Workers: 6
[33.313s][debug  ][gc,phases      ] GC(10)     Dead                           Min: 0, Avg:  0.0, Max: 0, Diff: 0, Sum: 0, Workers: 6
[33.313s][debug  ][gc,phases      ] GC(10)     Total                          Min: 0, Avg:  0.0, Max: 0, Diff: 0, Sum: 0, Workers: 6
[33.313s][debug  ][gc,phases      ] GC(10)   Weak JFR Old Object Samples    Min:  0.0, Avg:  0.0, Max:  0.0, Diff:  0.0, Sum:  0.0, Workers: 6
[33.313s][debug  ][gc,phases      ] GC(10)     Dead                           Min: 0, Avg:  0.0, Max: 0, Diff: 0, Sum: 0, Workers: 6
[33.313s][debug  ][gc,phases      ] GC(10)     Total                          Min: 0, Avg:  0.0, Max: 0, Diff: 0, Sum: 0, Workers: 6
[33.313s][debug  ][gc,phases      ] GC(10) Weak Processing 0.881ms
[33.313s][debug  ][gc,ergo        ] GC(10) AdaptiveSizeStart:  collection: 11 
[33.313s][debug  ][gc,ergo        ] GC(10) avg_survived_padded_avg: 44416604.000000
[33.313s][debug  ][gc,ergo        ] GC(10) avg_promoted_padded_avg: 71469064.000000  avg_pretenured_padded_avg: 0.000000  tenuring_thresh: 1  target_size: 33554432
[33.313s][debug  ][gc,age         ] GC(10) Desired survivor size 33554432 bytes, new threshold 1 (max threshold 15)
[33.313s][debug  ][gc,ergo        ] GC(10) PSAdaptiveSizePolicy::compute_eden_space_size: costs minor_time: 0.002997 major_cost: 0.000000 mutator_cost: 0.997003 throughput_goal: 0.990000
[33.313s][debug  ][gc,ergo        ] GC(10) Live_space: 295746048 free_space: 397934592
[33.313s][debug  ][gc,ergo        ] GC(10) Old eden_size: 196608000 desired_eden_size: 196608000
[33.313s][debug  ][gc,ergo        ] GC(10) AdaptiveSizeStop: collection: 11 
[33.313s][info   ][gc,heap        ] GC(10) PSYoungGen: 228171K(229376K)->31744K(229376K) Eden: 196426K(196608K)->0K(196608K) From: 31744K(32768K)->31744K(32768K)
[33.313s][info   ][gc,heap        ] GC(10) ParOldGen: 198311K(786432K)->252584K(786432K)
[33.314s][info   ][gc,metaspace   ] GC(10) Metaspace: 1022K(1216K)->1022K(1216K) NonClass: 939K(1024K)->939K(1024K) Class: 83K(192K)->83K(192K)
[33.314s][info   ][gc             ] GC(10) Pause Young (Allocation Failure) 416M->277M(992M) 14.719ms
[33.314s][info   ][gc,cpu         ] GC(10) User=0.00s Sys=0.16s Real=0.01s
[33.314s][debug  ][gc,heap        ] GC(10) Heap after GC invocations=11 (full 0):
[33.314s][debug  ][gc,heap        ] GC(10)  PSYoungGen      total 229376K, used 31744K [0x00000000f0000000, 0x0000000100000000, 0x0000000100000000)
[33.314s][debug  ][gc,heap        ] GC(10)   eden space 196608K, 0% used [0x00000000f0000000,0x00000000f0000000,0x00000000fc000000)
[33.314s][debug  ][gc,heap        ] GC(10)   from space 32768K, 96% used [0x00000000fc000000,0x00000000fdf001f0,0x00000000fe000000)
[33.314s][debug  ][gc,heap        ] GC(10)   to   space 32768K, 0% used [0x00000000fe000000,0x00000000fe000000,0x0000000100000000)
[33.314s][debug  ][gc,heap        ] GC(10)  ParOldGen       total 786432K, used 252584K [0x00000000c0000000, 0x00000000f0000000, 0x00000000f0000000)
[33.314s][debug  ][gc,heap        ] GC(10)   object space 786432K, 32% used [0x00000000c0000000,0x00000000cf6aa0e8,0x00000000f0000000)
[33.314s][debug  ][gc,heap        ] GC(10)  Metaspace       used 1022K, committed 1216K, reserved 1056768K
[33.314s][debug  ][gc,heap        ] GC(10)   class space    used 83K, committed 192K, reserved 1048576K
[33.314s][debug  ][gc,task,time   ] GC(10) VM-Thread 332984660 333117082 333138561
[36.343s][debug  ][gc,heap        ] GC(11) Heap before GC invocations=12 (full 0):
[36.343s][debug  ][gc,heap        ] GC(11)  PSYoungGen      total 229376K, used 228172K [0x00000000f0000000, 0x0000000100000000, 0x0000000100000000)
[36.343s][debug  ][gc,heap        ] GC(11)   eden space 196608K, 99% used [0x00000000f0000000,0x00000000fbfd3020,0x00000000fc000000)
[36.343s][debug  ][gc,heap        ] GC(11)   from space 32768K, 96% used [0x00000000fc000000,0x00000000fdf001f0,0x00000000fe000000)
[36.343s][debug  ][gc,heap        ] GC(11)   to   space 32768K, 0% used [0x00000000fe000000,0x00000000fe000000,0x0000000100000000)
[36.343s][debug  ][gc,heap        ] GC(11)  ParOldGen       total 786432K, used 252584K [0x00000000c0000000, 0x00000000f0000000, 0x00000000f0000000)
[36.343s][debug  ][gc,heap        ] GC(11)   object space 786432K, 32% used [0x00000000c0000000,0x00000000cf6aa0e8,0x00000000f0000000)
[36.343s][debug  ][gc,heap        ] GC(11)  Metaspace       used 1022K, committed 1216K, reserved 1056768K
[36.343s][debug  ][gc,heap        ] GC(11)   class space    used 83K, committed 192K, reserved 1048576K
[36.343s][debug  ][gc,tlab        ] GC(11) TLAB totals: thrds: 1  refills: 1 max: 1 slow allocs: 187 max 187 waste: 17.0% gc: 859104B max: 859104B slow: 0B max: 0B
[36.343s][info   ][gc,start       ] GC(11) Pause Young (Allocation Failure)
[36.343s][debug  ][gc,phases,start] GC(11) Scavenge
[36.354s][debug  ][gc,phases      ] GC(11) Scavenge 10.828ms
[36.354s][debug  ][gc,phases,start] GC(11) Reference Processing
[36.354s][debug  ][gc,ref         ] GC(11) Skipped phase 1 of Reference Processing: no references
[36.354s][debug  ][gc,ref         ] GC(11) Skipped phase 2 of Reference Processing: no references
[36.354s][debug  ][gc,ref         ] GC(11) Skipped phase 3 of Reference Processing: no references
[36.354s][debug  ][gc,ref         ] GC(11) Skipped phase 4 of Reference Processing: no references
[36.354s][debug  ][gc,phases,ref  ] GC(11) Reference Processing: 0.1ms
[36.355s][debug  ][gc,phases,ref  ] GC(11)   Reconsider SoftReferences: 0.0ms
[36.355s][debug  ][gc,phases,ref  ] GC(11)     SoftRef (ms):                  skipped
[36.355s][debug  ][gc,phases,ref  ] GC(11)   Notify Soft/WeakReferences: 0.0ms
[36.355s][debug  ][gc,phases,ref  ] GC(11)     SoftRef (ms):                  skipped
[36.355s][debug  ][gc,phases,ref  ] GC(11)     WeakRef (ms):                  skipped
[36.355s][debug  ][gc,phases,ref  ] GC(11)     FinalRef (ms):                 skipped
[36.355s][debug  ][gc,phases,ref  ] GC(11)     Total (ms):                    skipped
[36.355s][debug  ][gc,phases,ref  ] GC(11)   Notify and keep alive finalizable: 0.0ms
[36.355s][debug  ][gc,phases,ref  ] GC(11)     FinalRef (ms):                 skipped
[36.355s][debug  ][gc,phases,ref  ] GC(11)   Notify PhantomReferences: 0.0ms
[36.355s][debug  ][gc,phases,ref  ] GC(11)     PhantomRef (ms):               skipped
[36.355s][debug  ][gc,phases,ref  ] GC(11)   SoftReference:
[36.355s][debug  ][gc,phases,ref  ] GC(11)     Discovered: 0
[36.355s][debug  ][gc,phases,ref  ] GC(11)     Cleared: 0
[36.355s][debug  ][gc,phases,ref  ] GC(11)   WeakReference:
[36.355s][debug  ][gc,phases,ref  ] GC(11)     Discovered: 0
[36.355s][debug  ][gc,phases,ref  ] GC(11)     Cleared: 0
[36.355s][debug  ][gc,phases,ref  ] GC(11)   FinalReference:
[36.355s][debug  ][gc,phases,ref  ] GC(11)     Discovered: 0
[36.355s][debug  ][gc,phases,ref  ] GC(11)     Cleared: 0
[36.355s][debug  ][gc,phases,ref  ] GC(11)   PhantomReference:
[36.355s][debug  ][gc,phases,ref  ] GC(11)     Discovered: 0
[36.355s][debug  ][gc,phases,ref  ] GC(11)     Cleared: 0
[36.355s][debug  ][gc,phases      ] GC(11) Reference Processing 0.750ms
[36.355s][debug  ][gc,phases,start] GC(11) Weak Processing
[36.355s][debug  ][gc,phases      ] GC(11)   VM Weak                        Min:  0.0, Avg:  0.0, Max:  0.0, Diff:  0.0, Sum:  0.0, Workers: 6
[36.355s][debug  ][gc,phases      ] GC(11)     Dead                           Min: 0, Avg:  0.0, Max: 0, Diff: 0, Sum: 0, Workers: 6
[36.355s][debug  ][gc,phases      ] GC(11)     Total                          Min: 0, Avg:  1.3, Max: 8, Diff: 8, Sum: 8, Workers: 6
[36.355s][debug  ][gc,phases      ] GC(11)   ObjectSynchronizer Weak        Min:  0.0, Avg:  0.0, Max:  0.0, Diff:  0.0, Sum:  0.0, Workers: 6
[36.355s][debug  ][gc,phases      ] GC(11)     Dead                           Min: 0, Avg:  0.0, Max: 0, Diff: 0, Sum: 0, Workers: 6
[36.355s][debug  ][gc,phases      ] GC(11)     Total                          Min: 0, Avg:  0.5, Max: 3, Diff: 3, Sum: 3, Workers: 6
[36.355s][debug  ][gc,phases      ] GC(11)   JVMTI Tag Weak OopStorage      Min:  0.0, Avg:  0.0, Max:  0.0, Diff:  0.0, Sum:  0.0, Workers: 6
[36.355s][debug  ][gc,phases      ] GC(11)     Dead                           Min: 0, Avg:  0.0, Max: 0, Diff: 0, Sum: 0, Workers: 6
[36.355s][debug  ][gc,phases      ] GC(11)     Total                          Min: 0, Avg:  0.0, Max: 0, Diff: 0, Sum: 0, Workers: 6
[36.355s][debug  ][gc,phases      ] GC(11)   StringTable Weak               Min:  0.0, Avg:  0.0, Max:  0.0, Diff:  0.0, Sum:  0.1, Workers: 6
[36.355s][debug  ][gc,phases      ] GC(11)     Dead                           Min: 0, Avg:  0.0, Max: 0, Diff: 0, Sum: 0, Workers: 6
[36.355s][debug  ][gc,phases      ] GC(11)     Total                          Min: 832, Avg: 892.3, Max: 1002, Diff: 170, Sum: 5354, Workers: 6
[36.356s][debug  ][gc,phases      ] GC(11)   ResolvedMethodTable Weak       Min:  0.0, Avg:  0.0, Max:  0.0, Diff:  0.0, Sum:  0.0, Workers: 6
[36.356s][debug  ][gc,phases      ] GC(11)     Dead                           Min: 0, Avg:  0.0, Max: 0, Diff: 0, Sum: 0, Workers: 6
[36.356s][debug  ][gc,phases      ] GC(11)     Total                          Min: 0, Avg: 21.7, Max: 64, Diff: 64, Sum: 130, Workers: 6
[36.356s][debug  ][gc,phases      ] GC(11)   JNI Weak                       Min:  0.0, Avg:  0.0, Max:  0.0, Diff:  0.0, Sum:  0.0, Workers: 6
[36.356s][debug  ][gc,phases      ] GC(11)     Dead                           Min: 0, Avg:  0.0, Max: 0, Diff: 0, Sum: 0, Workers: 6
[36.356s][debug  ][gc,phases      ] GC(11)     Total                          Min: 0, Avg:  0.0, Max: 0, Diff: 0, Sum: 0, Workers: 6
[36.356s][debug  ][gc,phases      ] GC(11)   StringDedup Table Weak         Min:  0.0, Avg:  0.0, Max:  0.0, Diff:  0.0, Sum:  0.0, Workers: 6
[36.356s][debug  ][gc,phases      ] GC(11)     Dead                           Min: 0, Avg:  0.0, Max: 0, Diff: 0, Sum: 0, Workers: 6
[36.356s][debug  ][gc,phases      ] GC(11)     Total                          Min: 0, Avg:  0.0, Max: 0, Diff: 0, Sum: 0, Workers: 6
[36.356s][debug  ][gc,phases      ] GC(11)   StringDedup Requests0 Weak     Min:  0.0, Avg:  0.0, Max:  0.0, Diff:  0.0, Sum:  0.0, Workers: 6
[36.356s][debug  ][gc,phases      ] GC(11)     Dead                           Min: 0, Avg:  0.0, Max: 0, Diff: 0, Sum: 0, Workers: 6
[36.356s][debug  ][gc,phases      ] GC(11)     Total                          Min: 0, Avg:  0.0, Max: 0, Diff: 0, Sum: 0, Workers: 6
[36.356s][debug  ][gc,phases      ] GC(11)   StringDedup Requests1 Weak     Min:  0.0, Avg:  0.0, Max:  0.0, Diff:  0.0, Sum:  0.0, Workers: 6
[36.356s][debug  ][gc,phases      ] GC(11)     Dead                           Min: 0, Avg:  0.0, Max: 0, Diff: 0, Sum: 0, Workers: 6
[36.356s][debug  ][gc,phases      ] GC(11)     Total                          Min: 0, Avg:  0.0, Max: 0, Diff: 0, Sum: 0, Workers: 6
[36.356s][debug  ][gc,phases      ] GC(11)   Weak JFR Old Object Samples    Min:  0.0, Avg:  0.0, Max:  0.0, Diff:  0.0, Sum:  0.0, Workers: 6
[36.356s][debug  ][gc,phases      ] GC(11)     Dead                           Min: 0, Avg:  0.0, Max: 0, Diff: 0, Sum: 0, Workers: 6
[36.356s][debug  ][gc,phases      ] GC(11)     Total                          Min: 0, Avg:  0.0, Max: 0, Diff: 0, Sum: 0, Workers: 6
[36.356s][debug  ][gc,phases      ] GC(11) Weak Processing 0.874ms
[36.356s][debug  ][gc,ergo        ] GC(11) AdaptiveSizeStart:  collection: 12 
[36.356s][debug  ][gc,ergo        ] GC(11) avg_survived_padded_avg: 44628432.000000
[36.356s][debug  ][gc,ergo        ] GC(11) avg_promoted_padded_avg: 74894128.000000  avg_pretenured_padded_avg: 0.000000  tenuring_thresh: 1  target_size: 33554432
[36.356s][debug  ][gc,age         ] GC(11) Desired survivor size 33554432 bytes, new threshold 1 (max threshold 15)
[36.356s][debug  ][gc,ergo        ] GC(11) PSAdaptiveSizePolicy::compute_eden_space_size: costs minor_time: 0.003283 major_cost: 0.000000 mutator_cost: 0.996717 throughput_goal: 0.990000
[36.356s][debug  ][gc,ergo        ] GC(11) Live_space: 296265632 free_space: 397934592
[36.356s][debug  ][gc,ergo        ] GC(11) Old eden_size: 196608000 desired_eden_size: 196608000
[36.356s][debug  ][gc,ergo        ] GC(11) AdaptiveSizeStop: collection: 12 
[36.356s][info   ][gc,heap        ] GC(11) PSYoungGen: 228172K(229376K)->31744K(229376K) Eden: 196428K(196608K)->0K(196608K) From: 31744K(32768K)->31744K(32768K)
[36.356s][info   ][gc,heap        ] GC(11) ParOldGen: 252584K(786432K)->297640K(786432K)
[36.356s][info   ][gc,metaspace   ] GC(11) Metaspace: 1022K(1216K)->1022K(1216K) NonClass: 939K(1024K)->939K(1024K) Class: 83K(192K)->83K(192K)
[36.356s][info   ][gc             ] GC(11) Pause Young (Allocation Failure) 469M->321M(992M) 12.967ms
[36.356s][info   ][gc,cpu         ] GC(11) User=0.00s Sys=0.02s Real=0.01s
[36.356s][debug  ][gc,heap        ] GC(11) Heap after GC invocations=12 (full 0):
[36.356s][debug  ][gc,heap        ] GC(11)  PSYoungGen      total 229376K, used 31744K [0x00000000f0000000, 0x0000000100000000, 0x0000000100000000)
[36.356s][debug  ][gc,heap        ] GC(11)   eden space 196608K, 0% used [0x00000000f0000000,0x00000000f0000000,0x00000000fc000000)
[36.356s][debug  ][gc,heap        ] GC(11)   from space 32768K, 96% used [0x00000000fe000000,0x00000000fff001f0,0x0000000100000000)
[36.357s][debug  ][gc,heap        ] GC(11)   to   space 32768K, 0% used [0x00000000fc000000,0x00000000fc000000,0x00000000fe000000)
[36.357s][debug  ][gc,heap        ] GC(11)  ParOldGen       total 786432K, used 297640K [0x00000000c0000000, 0x00000000f0000000, 0x00000000f0000000)
[36.357s][debug  ][gc,heap        ] GC(11)   object space 786432K, 37% used [0x00000000c0000000,0x00000000d22aa3a8,0x00000000f0000000)
[36.357s][debug  ][gc,heap        ] GC(11)  Metaspace       used 1022K, committed 1216K, reserved 1056768K
[36.357s][debug  ][gc,heap        ] GC(11)   class space    used 83K, committed 192K, reserved 1048576K
[36.357s][debug  ][gc,task,time   ] GC(11) VM-Thread 363429323 363543446 363566409
[39.402s][debug  ][gc,heap        ] GC(12) Heap before GC invocations=13 (full 0):
[39.402s][debug  ][gc,heap        ] GC(12)  PSYoungGen      total 229376K, used 228173K [0x00000000f0000000, 0x0000000100000000, 0x0000000100000000)
[39.402s][debug  ][gc,heap        ] GC(12)   eden space 196608K, 99% used [0x00000000f0000000,0x00000000fbfd3350,0x00000000fc000000)
[39.402s][debug  ][gc,heap        ] GC(12)   from space 32768K, 96% used [0x00000000fe000000,0x00000000fff001f0,0x0000000100000000)
[39.402s][debug  ][gc,heap        ] GC(12)   to   space 32768K, 0% used [0x00000000fc000000,0x00000000fc000000,0x00000000fe000000)
[39.402s][debug  ][gc,heap        ] GC(12)  ParOldGen       total 786432K, used 297640K [0x00000000c0000000, 0x00000000f0000000, 0x00000000f0000000)
[39.402s][debug  ][gc,heap        ] GC(12)   object space 786432K, 37% used [0x00000000c0000000,0x00000000d22aa3a8,0x00000000f0000000)
[39.402s][debug  ][gc,heap        ] GC(12)  Metaspace       used 1022K, committed 1216K, reserved 1056768K
[39.402s][debug  ][gc,heap        ] GC(12)   class space    used 83K, committed 192K, reserved 1048576K
[39.402s][debug  ][gc,tlab        ] GC(12) TLAB totals: thrds: 1  refills: 1 max: 1 slow allocs: 187 max 187 waste: 17.0% gc: 859920B max: 859920B slow: 0B max: 0B
[39.402s][info   ][gc,start       ] GC(12) Pause Young (Allocation Failure)
[39.402s][debug  ][gc,phases,start] GC(12) Scavenge
[39.413s][debug  ][gc,phases      ] GC(12) Scavenge 11.003ms
[39.413s][debug  ][gc,phases,start] GC(12) Reference Processing
[39.413s][debug  ][gc,ref         ] GC(12) Skipped phase 1 of Reference Processing: no references
[39.413s][debug  ][gc,ref         ] GC(12) Skipped phase 2 of Reference Processing: no references
[39.413s][debug  ][gc,ref         ] GC(12) Skipped phase 3 of Reference Processing: no references
[39.413s][debug  ][gc,ref         ] GC(12) Skipped phase 4 of Reference Processing: no references
[39.413s][debug  ][gc,phases,ref  ] GC(12) Reference Processing: 0.1ms
[39.413s][debug  ][gc,phases,ref  ] GC(12)   Reconsider SoftReferences: 0.0ms
[39.413s][debug  ][gc,phases,ref  ] GC(12)     SoftRef (ms):                  skipped
[39.414s][debug  ][gc,phases,ref  ] GC(12)   Notify Soft/WeakReferences: 0.0ms
[39.414s][debug  ][gc,phases,ref  ] GC(12)     SoftRef (ms):                  skipped
[39.414s][debug  ][gc,phases,ref  ] GC(12)     WeakRef (ms):                  skipped
[39.414s][debug  ][gc,phases,ref  ] GC(12)     FinalRef (ms):                 skipped
[39.414s][debug  ][gc,phases,ref  ] GC(12)     Total (ms):                    skipped
[39.414s][debug  ][gc,phases,ref  ] GC(12)   Notify and keep alive finalizable: 0.0ms
[39.414s][debug  ][gc,phases,ref  ] GC(12)     FinalRef (ms):                 skipped
[39.414s][debug  ][gc,phases,ref  ] GC(12)   Notify PhantomReferences: 0.0ms
[39.414s][debug  ][gc,phases,ref  ] GC(12)     PhantomRef (ms):               skipped
[39.414s][debug  ][gc,phases,ref  ] GC(12)   SoftReference:
[39.414s][debug  ][gc,phases,ref  ] GC(12)     Discovered: 0
[39.414s][debug  ][gc,phases,ref  ] GC(12)     Cleared: 0
[39.414s][debug  ][gc,phases,ref  ] GC(12)   WeakReference:
[39.414s][debug  ][gc,phases,ref  ] GC(12)     Discovered: 0
[39.414s][debug  ][gc,phases,ref  ] GC(12)     Cleared: 0
[39.414s][debug  ][gc,phases,ref  ] GC(12)   FinalReference:
[39.414s][debug  ][gc,phases,ref  ] GC(12)     Discovered: 0
[39.414s][debug  ][gc,phases,ref  ] GC(12)     Cleared: 0
[39.414s][debug  ][gc,phases,ref  ] GC(12)   PhantomReference:
[39.414s][debug  ][gc,phases,ref  ] GC(12)     Discovered: 0
[39.414s][debug  ][gc,phases,ref  ] GC(12)     Cleared: 0
[39.414s][debug  ][gc,phases      ] GC(12) Reference Processing 0.823ms
[39.414s][debug  ][gc,phases,start] GC(12) Weak Processing
[39.414s][debug  ][gc,phases      ] GC(12)   VM Weak                        Min:  0.0, Avg:  0.0, Max:  0.0, Diff:  0.0, Sum:  0.0, Workers: 6
[39.414s][debug  ][gc,phases      ] GC(12)     Dead                           Min: 0, Avg:  0.0, Max: 0, Diff: 0, Sum: 0, Workers: 6
[39.414s][debug  ][gc,phases      ] GC(12)     Total                          Min: 0, Avg:  1.3, Max: 8, Diff: 8, Sum: 8, Workers: 6
[39.414s][debug  ][gc,phases      ] GC(12)   ObjectSynchronizer Weak        Min:  0.0, Avg:  0.0, Max:  0.0, Diff:  0.0, Sum:  0.0, Workers: 6
[39.414s][debug  ][gc,phases      ] GC(12)     Dead                           Min: 0, Avg:  0.0, Max: 0, Diff: 0, Sum: 0, Workers: 6
[39.414s][debug  ][gc,phases      ] GC(12)     Total                          Min: 0, Avg:  0.5, Max: 3, Diff: 3, Sum: 3, Workers: 6
[39.414s][debug  ][gc,phases      ] GC(12)   JVMTI Tag Weak OopStorage      Min:  0.0, Avg:  0.0, Max:  0.0, Diff:  0.0, Sum:  0.0, Workers: 6
[39.414s][debug  ][gc,phases      ] GC(12)     Dead                           Min: 0, Avg:  0.0, Max: 0, Diff: 0, Sum: 0, Workers: 6
[39.414s][debug  ][gc,phases      ] GC(12)     Total                          Min: 0, Avg:  0.0, Max: 0, Diff: 0, Sum: 0, Workers: 6
[39.414s][debug  ][gc,phases      ] GC(12)   StringTable Weak               Min:  0.0, Avg:  0.0, Max:  0.0, Diff:  0.0, Sum:  0.0, Workers: 6
[39.414s][debug  ][gc,phases      ] GC(12)     Dead                           Min: 0, Avg:  0.0, Max: 0, Diff: 0, Sum: 0, Workers: 6
[39.415s][debug  ][gc,phases      ] GC(12)     Total                          Min: 832, Avg: 892.3, Max: 1066, Diff: 234, Sum: 5354, Workers: 6
[39.415s][debug  ][gc,phases      ] GC(12)   ResolvedMethodTable Weak       Min:  0.0, Avg:  0.0, Max:  0.0, Diff:  0.0, Sum:  0.0, Workers: 6
[39.415s][debug  ][gc,phases      ] GC(12)     Dead                           Min: 0, Avg:  0.0, Max: 0, Diff: 0, Sum: 0, Workers: 6
[39.415s][debug  ][gc,phases      ] GC(12)     Total                          Min: 0, Avg: 21.7, Max: 64, Diff: 64, Sum: 130, Workers: 6
[39.415s][debug  ][gc,phases      ] GC(12)   JNI Weak                       Min:  0.0, Avg:  0.0, Max:  0.0, Diff:  0.0, Sum:  0.0, Workers: 6
[39.415s][debug  ][gc,phases      ] GC(12)     Dead                           Min: 0, Avg:  0.0, Max: 0, Diff: 0, Sum: 0, Workers: 6
[39.415s][debug  ][gc,phases      ] GC(12)     Total                          Min: 0, Avg:  0.0, Max: 0, Diff: 0, Sum: 0, Workers: 6
[39.415s][debug  ][gc,phases      ] GC(12)   StringDedup Table Weak         Min:  0.0, Avg:  0.0, Max:  0.0, Diff:  0.0, Sum:  0.0, Workers: 6
[39.415s][debug  ][gc,phases      ] GC(12)     Dead                           Min: 0, Avg:  0.0, Max: 0, Diff: 0, Sum: 0, Workers: 6
[39.415s][debug  ][gc,phases      ] GC(12)     Total                          Min: 0, Avg:  0.0, Max: 0, Diff: 0, Sum: 0, Workers: 6
[39.415s][debug  ][gc,phases      ] GC(12)   StringDedup Requests0 Weak     Min:  0.0, Avg:  0.0, Max:  0.0, Diff:  0.0, Sum:  0.0, Workers: 6
[39.415s][debug  ][gc,phases      ] GC(12)     Dead                           Min: 0, Avg:  0.0, Max: 0, Diff: 0, Sum: 0, Workers: 6
[39.415s][debug  ][gc,phases      ] GC(12)     Total                          Min: 0, Avg:  0.0, Max: 0, Diff: 0, Sum: 0, Workers: 6
[39.415s][debug  ][gc,phases      ] GC(12)   StringDedup Requests1 Weak     Min:  0.0, Avg:  0.0, Max:  0.0, Diff:  0.0, Sum:  0.0, Workers: 6
[39.415s][debug  ][gc,phases      ] GC(12)     Dead                           Min: 0, Avg:  0.0, Max: 0, Diff: 0, Sum: 0, Workers: 6
[39.415s][debug  ][gc,phases      ] GC(12)     Total                          Min: 0, Avg:  0.0, Max: 0, Diff: 0, Sum: 0, Workers: 6
[39.415s][debug  ][gc,phases      ] GC(12)   Weak JFR Old Object Samples    Min:  0.0, Avg:  0.0, Max:  0.0, Diff:  0.0, Sum:  0.0, Workers: 6
[39.415s][debug  ][gc,phases      ] GC(12)     Dead                           Min: 0, Avg:  0.0, Max: 0, Diff: 0, Sum: 0, Workers: 6
[39.415s][debug  ][gc,phases      ] GC(12)     Total                          Min: 0, Avg:  0.0, Max: 0, Diff: 0, Sum: 0, Workers: 6
[39.415s][debug  ][gc,phases      ] GC(12) Weak Processing 0.906ms
[39.415s][debug  ][gc,ergo        ] GC(12) AdaptiveSizeStart:  collection: 13 
[39.415s][debug  ][gc,ergo        ] GC(12) avg_survived_padded_avg: 44678792.000000
[39.415s][debug  ][gc,ergo        ] GC(12) avg_promoted_padded_avg: 73889056.000000  avg_pretenured_padded_avg: 0.000000  tenuring_thresh: 1  target_size: 33554432
[39.415s][debug  ][gc,age         ] GC(12) Desired survivor size 33554432 bytes, new threshold 1 (max threshold 15)
[39.415s][debug  ][gc,ergo        ] GC(12) PSAdaptiveSizePolicy::compute_eden_space_size: costs minor_time: 0.003514 major_cost: 0.000000 mutator_cost: 0.996486 throughput_goal: 0.990000
[39.415s][debug  ][gc,ergo        ] GC(12) Live_space: 296733248 free_space: 397934592
[39.415s][debug  ][gc,ergo        ] GC(12) Old eden_size: 196608000 desired_eden_size: 196608000
[39.415s][debug  ][gc,ergo        ] GC(12) AdaptiveSizeStop: collection: 13 
[39.415s][info   ][gc,heap        ] GC(12) PSYoungGen: 228173K(229376K)->31744K(229376K) Eden: 196428K(196608K)->0K(196608K) From: 31744K(32768K)->31744K(32768K)
[39.415s][info   ][gc,heap        ] GC(12) ParOldGen: 297640K(786432K)->333481K(786432K)
[39.415s][info   ][gc,metaspace   ] GC(12) Metaspace: 1022K(1216K)->1022K(1216K) NonClass: 939K(1024K)->939K(1024K) Class: 83K(192K)->83K(192K)
[39.415s][info   ][gc             ] GC(12) Pause Young (Allocation Failure) 513M->356M(992M) 13.285ms
[39.415s][info   ][gc,cpu         ] GC(12) User=0.00s Sys=0.00s Real=0.01s
[39.416s][debug  ][gc,heap        ] GC(12) Heap after GC invocations=13 (full 0):
[39.416s][debug  ][gc,heap        ] GC(12)  PSYoungGen      total 229376K, used 31744K [0x00000000f0000000, 0x0000000100000000, 0x0000000100000000)
[39.416s][debug  ][gc,heap        ] GC(12)   eden space 196608K, 0% used [0x00000000f0000000,0x00000000f0000000,0x00000000fc000000)
[39.416s][debug  ][gc,heap        ] GC(12)   from space 32768K, 96% used [0x00000000fc000000,0x00000000fdf001f0,0x00000000fe000000)
[39.416s][debug  ][gc,heap        ] GC(12)   to   space 32768K, 0% used [0x00000000fe000000,0x00000000fe000000,0x0000000100000000)
[39.416s][debug  ][gc,heap        ] GC(12)  ParOldGen       total 786432K, used 333481K [0x00000000c0000000, 0x00000000f0000000, 0x00000000f0000000)
[39.416s][debug  ][gc,heap        ] GC(12)   object space 786432K, 42% used [0x00000000c0000000,0x00000000d45aa5d8,0x00000000f0000000)
[39.416s][debug  ][gc,heap        ] GC(12)  Metaspace       used 1022K, committed 1216K, reserved 1056768K
[39.416s][debug  ][gc,heap        ] GC(12)   class space    used 83K, committed 192K, reserved 1048576K
[39.416s][debug  ][gc,task,time   ] GC(12) VM-Thread 394016680 394132907 394157666
[42.449s][debug  ][gc,heap        ] GC(13) Heap before GC invocations=14 (full 0):
[42.449s][debug  ][gc,heap        ] GC(13)  PSYoungGen      total 229376K, used 228173K [0x00000000f0000000, 0x0000000100000000, 0x0000000100000000)
[42.449s][debug  ][gc,heap        ] GC(13)   eden space 196608K, 99% used [0x00000000f0000000,0x00000000fbfd3558,0x00000000fc000000)
[42.449s][debug  ][gc,heap        ] GC(13)   from space 32768K, 96% used [0x00000000fc000000,0x00000000fdf001f0,0x00000000fe000000)
[42.449s][debug  ][gc,heap        ] GC(13)   to   space 32768K, 0% used [0x00000000fe000000,0x00000000fe000000,0x0000000100000000)
[42.449s][debug  ][gc,heap        ] GC(13)  ParOldGen       total 786432K, used 333481K [0x00000000c0000000, 0x00000000f0000000, 0x00000000f0000000)
[42.449s][debug  ][gc,heap        ] GC(13)   object space 786432K, 42% used [0x00000000c0000000,0x00000000d45aa5d8,0x00000000f0000000)
[42.449s][debug  ][gc,heap        ] GC(13)  Metaspace       used 1024K, committed 1216K, reserved 1056768K
[42.449s][debug  ][gc,heap        ] GC(13)   class space    used 83K, committed 192K, reserved 1048576K
[42.449s][debug  ][gc,tlab        ] GC(13) TLAB totals: thrds: 1  refills: 1 max: 1 slow allocs: 187 max 187 waste: 17.0% gc: 860440B max: 860440B slow: 0B max: 0B
[42.449s][info   ][gc,start       ] GC(13) Pause Young (Allocation Failure)
[42.449s][debug  ][gc,phases,start] GC(13) Scavenge
[42.456s][debug  ][gc,phases      ] GC(13) Scavenge 6.532ms
[42.456s][debug  ][gc,phases,start] GC(13) Reference Processing
[42.456s][debug  ][gc,ref         ] GC(13) Skipped phase 1 of Reference Processing: no references
[42.456s][debug  ][gc,ref         ] GC(13) Skipped phase 2 of Reference Processing: no references
[42.456s][debug  ][gc,ref         ] GC(13) Skipped phase 3 of Reference Processing: no references
[42.456s][debug  ][gc,ref         ] GC(13) Skipped phase 4 of Reference Processing: no references
[42.456s][debug  ][gc,phases,ref  ] GC(13) Reference Processing: 0.1ms
[42.456s][debug  ][gc,phases,ref  ] GC(13)   Reconsider SoftReferences: 0.0ms
[42.456s][debug  ][gc,phases,ref  ] GC(13)     SoftRef (ms):                  skipped
[42.456s][debug  ][gc,phases,ref  ] GC(13)   Notify Soft/WeakReferences: 0.0ms
[42.456s][debug  ][gc,phases,ref  ] GC(13)     SoftRef (ms):                  skipped
[42.456s][debug  ][gc,phases,ref  ] GC(13)     WeakRef (ms):                  skipped
[42.456s][debug  ][gc,phases,ref  ] GC(13)     FinalRef (ms):                 skipped
[42.456s][debug  ][gc,phases,ref  ] GC(13)     Total (ms):                    skipped
[42.456s][debug  ][gc,phases,ref  ] GC(13)   Notify and keep alive finalizable: 0.0ms
[42.456s][debug  ][gc,phases,ref  ] GC(13)     FinalRef (ms):                 skipped
[42.457s][debug  ][gc,phases,ref  ] GC(13)   Notify PhantomReferences: 0.0ms
[42.457s][debug  ][gc,phases,ref  ] GC(13)     PhantomRef (ms):               skipped
[42.457s][debug  ][gc,phases,ref  ] GC(13)   SoftReference:
[42.457s][debug  ][gc,phases,ref  ] GC(13)     Discovered: 0
[42.457s][debug  ][gc,phases,ref  ] GC(13)     Cleared: 0
[42.457s][debug  ][gc,phases,ref  ] GC(13)   WeakReference:
[42.457s][debug  ][gc,phases,ref  ] GC(13)     Discovered: 0
[42.457s][debug  ][gc,phases,ref  ] GC(13)     Cleared: 0
[42.457s][debug  ][gc,phases,ref  ] GC(13)   FinalReference:
[42.457s][debug  ][gc,phases,ref  ] GC(13)     Discovered: 0
[42.457s][debug  ][gc,phases,ref  ] GC(13)     Cleared: 0
[42.457s][debug  ][gc,phases,ref  ] GC(13)   PhantomReference:
[42.457s][debug  ][gc,phases,ref  ] GC(13)     Discovered: 0
[42.457s][debug  ][gc,phases,ref  ] GC(13)     Cleared: 0
[42.457s][debug  ][gc,phases      ] GC(13) Reference Processing 1.024ms
[42.457s][debug  ][gc,phases,start] GC(13) Weak Processing
[42.457s][debug  ][gc,phases      ] GC(13)   VM Weak                        Min:  0.0, Avg:  0.0, Max:  0.0, Diff:  0.0, Sum:  0.0, Workers: 6
[42.457s][debug  ][gc,phases      ] GC(13)     Dead                           Min: 0, Avg:  0.0, Max: 0, Diff: 0, Sum: 0, Workers: 6
[42.457s][debug  ][gc,phases      ] GC(13)     Total                          Min: 0, Avg:  1.3, Max: 8, Diff: 8, Sum: 8, Workers: 6
[42.457s][debug  ][gc,phases      ] GC(13)   ObjectSynchronizer Weak        Min:  0.0, Avg:  0.0, Max:  0.0, Diff:  0.0, Sum:  0.0, Workers: 6
[42.457s][debug  ][gc,phases      ] GC(13)     Dead                           Min: 0, Avg:  0.0, Max: 0, Diff: 0, Sum: 0, Workers: 6
[42.457s][debug  ][gc,phases      ] GC(13)     Total                          Min: 0, Avg:  0.5, Max: 3, Diff: 3, Sum: 3, Workers: 6
[42.457s][debug  ][gc,phases      ] GC(13)   JVMTI Tag Weak OopStorage      Min:  0.0, Avg:  0.0, Max:  0.0, Diff:  0.0, Sum:  0.0, Workers: 6
[42.457s][debug  ][gc,phases      ] GC(13)     Dead                           Min: 0, Avg:  0.0, Max: 0, Diff: 0, Sum: 0, Workers: 6
[42.457s][debug  ][gc,phases      ] GC(13)     Total                          Min: 0, Avg:  0.0, Max: 0, Diff: 0, Sum: 0, Workers: 6
[42.457s][debug  ][gc,phases      ] GC(13)   StringTable Weak               Min:  0.0, Avg:  0.0, Max:  0.0, Diff:  0.0, Sum:  0.1, Workers: 6
[42.457s][debug  ][gc,phases      ] GC(13)     Dead                           Min: 0, Avg:  0.0, Max: 0, Diff: 0, Sum: 0, Workers: 6
[42.457s][debug  ][gc,phases      ] GC(13)     Total                          Min: 832, Avg: 892.3, Max: 960, Diff: 128, Sum: 5354, Workers: 6
[42.457s][debug  ][gc,phases      ] GC(13)   ResolvedMethodTable Weak       Min:  0.0, Avg:  0.0, Max:  0.0, Diff:  0.0, Sum:  0.0, Workers: 6
[42.458s][debug  ][gc,phases      ] GC(13)     Dead                           Min: 0, Avg:  0.0, Max: 0, Diff: 0, Sum: 0, Workers: 6
[42.458s][debug  ][gc,phases      ] GC(13)     Total                          Min: 0, Avg: 21.7, Max: 128, Diff: 128, Sum: 130, Workers: 6
[42.458s][debug  ][gc,phases      ] GC(13)   JNI Weak                       Min:  0.0, Avg:  0.0, Max:  0.0, Diff:  0.0, Sum:  0.0, Workers: 6
[42.458s][debug  ][gc,phases      ] GC(13)     Dead                           Min: 0, Avg:  0.0, Max: 0, Diff: 0, Sum: 0, Workers: 6
[42.458s][debug  ][gc,phases      ] GC(13)     Total                          Min: 0, Avg:  0.0, Max: 0, Diff: 0, Sum: 0, Workers: 6
[42.458s][debug  ][gc,phases      ] GC(13)   StringDedup Table Weak         Min:  0.0, Avg:  0.0, Max:  0.0, Diff:  0.0, Sum:  0.0, Workers: 6
[42.458s][debug  ][gc,phases      ] GC(13)     Dead                           Min: 0, Avg:  0.0, Max: 0, Diff: 0, Sum: 0, Workers: 6
[42.458s][debug  ][gc,phases      ] GC(13)     Total                          Min: 0, Avg:  0.0, Max: 0, Diff: 0, Sum: 0, Workers: 6
[42.458s][debug  ][gc,phases      ] GC(13)   StringDedup Requests0 Weak     Min:  0.0, Avg:  0.0, Max:  0.0, Diff:  0.0, Sum:  0.0, Workers: 6
[42.458s][debug  ][gc,phases      ] GC(13)     Dead                           Min: 0, Avg:  0.0, Max: 0, Diff: 0, Sum: 0, Workers: 6
[42.458s][debug  ][gc,phases      ] GC(13)     Total                          Min: 0, Avg:  0.0, Max: 0, Diff: 0, Sum: 0, Workers: 6
[42.458s][debug  ][gc,phases      ] GC(13)   StringDedup Requests1 Weak     Min:  0.0, Avg:  0.0, Max:  0.0, Diff:  0.0, Sum:  0.0, Workers: 6
[42.458s][debug  ][gc,phases      ] GC(13)     Dead                           Min: 0, Avg:  0.0, Max: 0, Diff: 0, Sum: 0, Workers: 6
[42.458s][debug  ][gc,phases      ] GC(13)     Total                          Min: 0, Avg:  0.0, Max: 0, Diff: 0, Sum: 0, Workers: 6
[42.458s][debug  ][gc,phases      ] GC(13)   Weak JFR Old Object Samples    Min:  0.0, Avg:  0.0, Max:  0.0, Diff:  0.0, Sum:  0.0, Workers: 6
[42.458s][debug  ][gc,phases      ] GC(13)     Dead                           Min: 0, Avg:  0.0, Max: 0, Diff: 0, Sum: 0, Workers: 6
[42.458s][debug  ][gc,phases      ] GC(13)     Total                          Min: 0, Avg:  0.0, Max: 0, Diff: 0, Sum: 0, Workers: 6
[42.458s][debug  ][gc,phases      ] GC(13) Weak Processing 1.073ms
[42.458s][debug  ][gc,ergo        ] GC(13) AdaptiveSizeStart:  collection: 14 
[42.458s][debug  ][gc,ergo        ] GC(13) avg_survived_padded_avg: 44597860.000000
[42.458s][debug  ][gc,ergo        ] GC(13) avg_promoted_padded_avg: 69241728.000000  avg_pretenured_padded_avg: 0.000000  tenuring_thresh: 1  target_size: 33554432
[42.458s][debug  ][gc,age         ] GC(13) Desired survivor size 33554432 bytes, new threshold 1 (max threshold 15)
[42.458s][debug  ][gc,ergo        ] GC(13) PSAdaptiveSizePolicy::compute_eden_space_size: costs minor_time: 0.003357 major_cost: 0.000000 mutator_cost: 0.996643 throughput_goal: 0.990000
[42.458s][debug  ][gc,ergo        ] GC(13) Live_space: 297154112 free_space: 397934592
[42.458s][debug  ][gc,ergo        ] GC(13) Old eden_size: 196608000 desired_eden_size: 196608000
[42.458s][debug  ][gc,ergo        ] GC(13) AdaptiveSizeStop: collection: 14 
[42.458s][info   ][gc,heap        ] GC(13) PSYoungGen: 228173K(229376K)->31744K(229376K) Eden: 196429K(196608K)->0K(196608K) From: 31744K(32768K)->31744K(32768K)
[42.458s][info   ][gc,heap        ] GC(13) ParOldGen: 333481K(786432K)->360105K(786432K)
[42.458s][info   ][gc,metaspace   ] GC(13) Metaspace: 1024K(1216K)->1024K(1216K) NonClass: 940K(1024K)->940K(1024K) Class: 83K(192K)->83K(192K)
[42.458s][info   ][gc             ] GC(13) Pause Young (Allocation Failure) 548M->382M(992M) 9.168ms
[42.459s][info   ][gc,cpu         ] GC(13) User=0.00s Sys=0.00s Real=0.01s
[42.459s][debug  ][gc,heap        ] GC(13) Heap after GC invocations=14 (full 0):
[42.459s][debug  ][gc,heap        ] GC(13)  PSYoungGen      total 229376K, used 31744K [0x00000000f0000000, 0x0000000100000000, 0x0000000100000000)
[42.459s][debug  ][gc,heap        ] GC(13)   eden space 196608K, 0% used [0x00000000f0000000,0x00000000f0000000,0x00000000fc000000)
[42.459s][debug  ][gc,heap        ] GC(13)   from space 32768K, 96% used [0x00000000fe000000,0x00000000fff001f0,0x0000000100000000)
[42.459s][debug  ][gc,heap        ] GC(13)   to   space 32768K, 0% used [0x00000000fc000000,0x00000000fc000000,0x00000000fe000000)
[42.459s][debug  ][gc,heap        ] GC(13)  ParOldGen       total 786432K, used 360105K [0x00000000c0000000, 0x00000000f0000000, 0x00000000f0000000)
[42.459s][debug  ][gc,heap        ] GC(13)   object space 786432K, 45% used [0x00000000c0000000,0x00000000d5faa778,0x00000000f0000000)
[42.459s][debug  ][gc,heap        ] GC(13)  Metaspace       used 1024K, committed 1216K, reserved 1056768K
[42.459s][debug  ][gc,heap        ] GC(13)   class space    used 83K, committed 192K, reserved 1048576K
[42.459s][debug  ][gc,task,time   ] GC(13) VM-Thread 424488634 424559572 424587641
[45.495s][debug  ][gc,heap        ] GC(14) Heap before GC invocations=15 (full 0):
[45.495s][debug  ][gc,heap        ] GC(14)  PSYoungGen      total 229376K, used 228174K [0x00000000f0000000, 0x0000000100000000, 0x0000000100000000)
[45.495s][debug  ][gc,heap        ] GC(14)   eden space 196608K, 99% used [0x00000000f0000000,0x00000000fbfd36a8,0x00000000fc000000)
[45.495s][debug  ][gc,heap        ] GC(14)   from space 32768K, 96% used [0x00000000fe000000,0x00000000fff001f0,0x0000000100000000)
[45.495s][debug  ][gc,heap        ] GC(14)   to   space 32768K, 0% used [0x00000000fc000000,0x00000000fc000000,0x00000000fe000000)
[45.495s][debug  ][gc,heap        ] GC(14)  ParOldGen       total 786432K, used 360105K [0x00000000c0000000, 0x00000000f0000000, 0x00000000f0000000)
[45.495s][debug  ][gc,heap        ] GC(14)   object space 786432K, 45% used [0x00000000c0000000,0x00000000d5faa778,0x00000000f0000000)
[45.495s][debug  ][gc,heap        ] GC(14)  Metaspace       used 1025K, committed 1216K, reserved 1056768K
[45.496s][debug  ][gc,heap        ] GC(14)   class space    used 83K, committed 192K, reserved 1048576K
[45.496s][debug  ][gc,tlab        ] GC(14) TLAB totals: thrds: 1  refills: 1 max: 1 slow allocs: 187 max 187 waste: 17.0% gc: 860776B max: 860776B slow: 0B max: 0B
[45.496s][info   ][gc,start       ] GC(14) Pause Young (Allocation Failure)
[45.496s][debug  ][gc,phases,start] GC(14) Scavenge
[45.501s][debug  ][gc,phases      ] GC(14) Scavenge 5.192ms
[45.501s][debug  ][gc,phases,start] GC(14) Reference Processing
[45.501s][debug  ][gc,ref         ] GC(14) Skipped phase 1 of Reference Processing: no references
[45.501s][debug  ][gc,ref         ] GC(14) Skipped phase 2 of Reference Processing: no references
[45.501s][debug  ][gc,ref         ] GC(14) Skipped phase 3 of Reference Processing: no references
[45.501s][debug  ][gc,ref         ] GC(14) Skipped phase 4 of Reference Processing: no references
[45.501s][debug  ][gc,phases,ref  ] GC(14) Reference Processing: 0.1ms
[45.501s][debug  ][gc,phases,ref  ] GC(14)   Reconsider SoftReferences: 0.0ms
[45.501s][debug  ][gc,phases,ref  ] GC(14)     SoftRef (ms):                  skipped
[45.501s][debug  ][gc,phases,ref  ] GC(14)   Notify Soft/WeakReferences: 0.0ms
[45.501s][debug  ][gc,phases,ref  ] GC(14)     SoftRef (ms):                  skipped
[45.501s][debug  ][gc,phases,ref  ] GC(14)     WeakRef (ms):                  skipped
[45.501s][debug  ][gc,phases,ref  ] GC(14)     FinalRef (ms):                 skipped
[45.501s][debug  ][gc,phases,ref  ] GC(14)     Total (ms):                    skipped
[45.501s][debug  ][gc,phases,ref  ] GC(14)   Notify and keep alive finalizable: 0.0ms
[45.501s][debug  ][gc,phases,ref  ] GC(14)     FinalRef (ms):                 skipped
[45.501s][debug  ][gc,phases,ref  ] GC(14)   Notify PhantomReferences: 0.0ms
[45.501s][debug  ][gc,phases,ref  ] GC(14)     PhantomRef (ms):               skipped
[45.501s][debug  ][gc,phases,ref  ] GC(14)   SoftReference:
[45.501s][debug  ][gc,phases,ref  ] GC(14)     Discovered: 0
[45.501s][debug  ][gc,phases,ref  ] GC(14)     Cleared: 0
[45.501s][debug  ][gc,phases,ref  ] GC(14)   WeakReference:
[45.501s][debug  ][gc,phases,ref  ] GC(14)     Discovered: 0
[45.501s][debug  ][gc,phases,ref  ] GC(14)     Cleared: 0
[45.501s][debug  ][gc,phases,ref  ] GC(14)   FinalReference:
[45.502s][debug  ][gc,phases,ref  ] GC(14)     Discovered: 0
[45.502s][debug  ][gc,phases,ref  ] GC(14)     Cleared: 0
[45.502s][debug  ][gc,phases,ref  ] GC(14)   PhantomReference:
[45.502s][debug  ][gc,phases,ref  ] GC(14)     Discovered: 0
[45.502s][debug  ][gc,phases,ref  ] GC(14)     Cleared: 0
[45.502s][debug  ][gc,phases      ] GC(14) Reference Processing 0.672ms
[45.502s][debug  ][gc,phases,start] GC(14) Weak Processing
[45.502s][debug  ][gc,phases      ] GC(14)   VM Weak                        Min:  0.0, Avg:  0.0, Max:  0.0, Diff:  0.0, Sum:  0.0, Workers: 6
[45.502s][debug  ][gc,phases      ] GC(14)     Dead                           Min: 0, Avg:  0.0, Max: 0, Diff: 0, Sum: 0, Workers: 6
[45.502s][debug  ][gc,phases      ] GC(14)     Total                          Min: 0, Avg:  1.3, Max: 8, Diff: 8, Sum: 8, Workers: 6
[45.502s][debug  ][gc,phases      ] GC(14)   ObjectSynchronizer Weak        Min:  0.0, Avg:  0.0, Max:  0.0, Diff:  0.0, Sum:  0.0, Workers: 6
[45.502s][debug  ][gc,phases      ] GC(14)     Dead                           Min: 0, Avg:  0.0, Max: 0, Diff: 0, Sum: 0, Workers: 6
[45.502s][debug  ][gc,phases      ] GC(14)     Total                          Min: 0, Avg:  0.5, Max: 3, Diff: 3, Sum: 3, Workers: 6
[45.502s][debug  ][gc,phases      ] GC(14)   JVMTI Tag Weak OopStorage      Min:  0.0, Avg:  0.0, Max:  0.0, Diff:  0.0, Sum:  0.0, Workers: 6
[45.502s][debug  ][gc,phases      ] GC(14)     Dead                           Min: 0, Avg:  0.0, Max: 0, Diff: 0, Sum: 0, Workers: 6
[45.502s][debug  ][gc,phases      ] GC(14)     Total                          Min: 0, Avg:  0.0, Max: 0, Diff: 0, Sum: 0, Workers: 6
[45.502s][debug  ][gc,phases      ] GC(14)   StringTable Weak               Min:  0.0, Avg:  0.0, Max:  0.0, Diff:  0.0, Sum:  0.1, Workers: 6
[45.502s][debug  ][gc,phases      ] GC(14)     Dead                           Min: 0, Avg:  0.0, Max: 0, Diff: 0, Sum: 0, Workers: 6
[45.502s][debug  ][gc,phases      ] GC(14)     Total                          Min: 768, Avg: 892.3, Max: 1024, Diff: 256, Sum: 5354, Workers: 6
[45.502s][debug  ][gc,phases      ] GC(14)   ResolvedMethodTable Weak       Min:  0.0, Avg:  0.0, Max:  0.0, Diff:  0.0, Sum:  0.0, Workers: 6
[45.502s][debug  ][gc,phases      ] GC(14)     Dead                           Min: 0, Avg:  0.0, Max: 0, Diff: 0, Sum: 0, Workers: 6
[45.502s][debug  ][gc,phases      ] GC(14)     Total                          Min: 0, Avg: 21.7, Max: 64, Diff: 64, Sum: 130, Workers: 6
[45.502s][debug  ][gc,phases      ] GC(14)   JNI Weak                       Min:  0.0, Avg:  0.0, Max:  0.0, Diff:  0.0, Sum:  0.0, Workers: 6
[45.502s][debug  ][gc,phases      ] GC(14)     Dead                           Min: 0, Avg:  0.0, Max: 0, Diff: 0, Sum: 0, Workers: 6
[45.502s][debug  ][gc,phases      ] GC(14)     Total                          Min: 0, Avg:  0.0, Max: 0, Diff: 0, Sum: 0, Workers: 6
[45.502s][debug  ][gc,phases      ] GC(14)   StringDedup Table Weak         Min:  0.0, Avg:  0.0, Max:  0.0, Diff:  0.0, Sum:  0.0, Workers: 6
[45.502s][debug  ][gc,phases      ] GC(14)     Dead                           Min: 0, Avg:  0.0, Max: 0, Diff: 0, Sum: 0, Workers: 6
[45.502s][debug  ][gc,phases      ] GC(14)     Total                          Min: 0, Avg:  0.0, Max: 0, Diff: 0, Sum: 0, Workers: 6
[45.502s][debug  ][gc,phases      ] GC(14)   StringDedup Requests0 Weak     Min:  0.0, Avg:  0.0, Max:  0.0, Diff:  0.0, Sum:  0.0, Workers: 6
[45.502s][debug  ][gc,phases      ] GC(14)     Dead                           Min: 0, Avg:  0.0, Max: 0, Diff: 0, Sum: 0, Workers: 6
[45.502s][debug  ][gc,phases      ] GC(14)     Total                          Min: 0, Avg:  0.0, Max: 0, Diff: 0, Sum: 0, Workers: 6
[45.502s][debug  ][gc,phases      ] GC(14)   StringDedup Requests1 Weak     Min:  0.0, Avg:  0.0, Max:  0.0, Diff:  0.0, Sum:  0.0, Workers: 6
[45.502s][debug  ][gc,phases      ] GC(14)     Dead                           Min: 0, Avg:  0.0, Max: 0, Diff: 0, Sum: 0, Workers: 6
[45.502s][debug  ][gc,phases      ] GC(14)     Total                          Min: 0, Avg:  0.0, Max: 0, Diff: 0, Sum: 0, Workers: 6
[45.502s][debug  ][gc,phases      ] GC(14)   Weak JFR Old Object Samples    Min:  0.0, Avg:  0.0, Max:  0.0, Diff:  0.0, Sum:  0.0, Workers: 6
[45.502s][debug  ][gc,phases      ] GC(14)     Dead                           Min: 0, Avg:  0.0, Max: 0, Diff: 0, Sum: 0, Workers: 6
[45.502s][debug  ][gc,phases      ] GC(14)     Total                          Min: 0, Avg:  0.0, Max: 0, Diff: 0, Sum: 0, Workers: 6
[45.503s][debug  ][gc,phases      ] GC(14) Weak Processing 0.881ms
[45.503s][debug  ][gc,ergo        ] GC(14) AdaptiveSizeStart:  collection: 15 
[45.503s][debug  ][gc,ergo        ] GC(14) avg_survived_padded_avg: 44411392.000000
[45.503s][debug  ][gc,ergo        ] GC(14) avg_promoted_padded_avg: 66661948.000000  avg_pretenured_padded_avg: 0.000000  tenuring_thresh: 1  target_size: 33554432
[45.503s][debug  ][gc,age         ] GC(14) Desired survivor size 33554432 bytes, new threshold 1 (max threshold 15)
[45.503s][debug  ][gc,ergo        ] GC(14) PSAdaptiveSizePolicy::compute_eden_space_size: costs minor_time: 0.003082 major_cost: 0.000000 mutator_cost: 0.996918 throughput_goal: 0.990000
[45.503s][debug  ][gc,ergo        ] GC(14) Live_space: 297532864 free_space: 397934592
[45.503s][debug  ][gc,ergo        ] GC(14) Old eden_size: 196608000 desired_eden_size: 196608000
[45.503s][debug  ][gc,ergo        ] GC(14) AdaptiveSizeStop: collection: 15 
[45.503s][info   ][gc,heap        ] GC(14) PSYoungGen: 228174K(229376K)->31744K(229376K) Eden: 196429K(196608K)->0K(196608K) From: 31744K(32768K)->31744K(32768K)
[45.503s][info   ][gc,heap        ] GC(14) ParOldGen: 360105K(786432K)->377514K(786432K)
[45.503s][info   ][gc,metaspace   ] GC(14) Metaspace: 1025K(1216K)->1025K(1216K) NonClass: 941K(1024K)->941K(1024K) Class: 83K(192K)->83K(192K)
[45.503s][info   ][gc             ] GC(14) Pause Young (Allocation Failure) 574M->399M(992M) 7.316ms
[45.503s][info   ][gc,cpu         ] GC(14) User=0.16s Sys=0.00s Real=0.01s
[45.503s][debug  ][gc,heap        ] GC(14) Heap after GC invocations=15 (full 0):
[45.503s][debug  ][gc,heap        ] GC(14)  PSYoungGen      total 229376K, used 31744K [0x00000000f0000000, 0x0000000100000000, 0x0000000100000000)
[45.503s][debug  ][gc,heap        ] GC(14)   eden space 196608K, 0% used [0x00000000f0000000,0x00000000f0000000,0x00000000fc000000)
[45.503s][debug  ][gc,heap        ] GC(14)   from space 32768K, 96% used [0x00000000fc000000,0x00000000fdf001f0,0x00000000fe000000)
[45.503s][debug  ][gc,heap        ] GC(14)   to   space 32768K, 0% used [0x00000000fe000000,0x00000000fe000000,0x0000000100000000)
[45.503s][debug  ][gc,heap        ] GC(14)  ParOldGen       total 786432K, used 377514K [0x00000000c0000000, 0x00000000f0000000, 0x00000000f0000000)
[45.503s][debug  ][gc,heap        ] GC(14)   object space 786432K, 48% used [0x00000000c0000000,0x00000000d70aa888,0x00000000f0000000)
[45.503s][debug  ][gc,heap        ] GC(14)  Metaspace       used 1025K, committed 1216K, reserved 1056768K
[45.503s][debug  ][gc,heap        ] GC(14)   class space    used 83K, committed 192K, reserved 1048576K
[45.503s][debug  ][gc,task,time   ] GC(14) VM-Thread 454950807 455009469 455032498
[47.934s][info   ][gc,heap,exit   ] Heap
[47.935s][info   ][gc,heap,exit   ]  PSYoungGen      total 229376K, used 194136K [0x00000000f0000000, 0x0000000100000000, 0x0000000100000000)
[47.935s][info   ][gc,heap,exit   ]   eden space 196608K, 82% used [0x00000000f0000000,0x00000000f9e95f88,0x00000000fc000000)
[47.935s][info   ][gc,heap,exit   ]   from space 32768K, 96% used [0x00000000fc000000,0x00000000fdf001f0,0x00000000fe000000)
[47.935s][info   ][gc,heap,exit   ]   to   space 32768K, 0% used [0x00000000fe000000,0x00000000fe000000,0x0000000100000000)
[47.935s][info   ][gc,heap,exit   ]  ParOldGen       total 786432K, used 377514K [0x00000000c0000000, 0x00000000f0000000, 0x00000000f0000000)
[47.935s][info   ][gc,heap,exit   ]   object space 786432K, 48% used [0x00000000c0000000,0x00000000d70aa888,0x00000000f0000000)
[47.935s][info   ][gc,heap,exit   ]  Metaspace       used 1075K, committed 1216K, reserved 1056768K
[47.935s][info   ][gc,heap,exit   ]   class space    used 87K, committed 192K, reserved 1048576K
[47.935s][debug  ][gc,ergo        ] UseAdaptiveSizePolicy actions to meet  *** reduced footprint ***
[47.935s][debug  ][gc,ergo        ]                        GC overhead (%)
[47.935s][debug  ][gc,ergo        ]     Young generation:        0.31	  (attempted to shrink)
[47.935s][debug  ][gc,ergo        ]     Tenured generation:      0.00	  (attempted to shrink)
[47.935s][debug  ][gc,ergo        ] Tenuring threshold: (attempted to decrease to avoid survivor space overflow) = 1
[47.935s][debug  ][gc,heap,exit   ] Accumulated young generation GC time 0.1373082 secs
[47.935s][debug  ][gc,heap,exit   ] Accumulated old generation GC time 0.0000000 secs
