[0.005s][warning][gc] -XX:+PrintGCDetails is deprecated. Will use -Xlog:gc* instead.
[0.046s][debug  ][gc,heap] Minimum heap 1073741824  Initial heap 1073741824  Maximum heap 1073741824
[0.046s][info   ][gc     ] Using Parallel
[0.046s][debug  ][gc,heap,coops] Heap address: 0x00000000c0000000, size: 1024 MB, Compressed Oops mode: 32-bit
[0.050s][info   ][gc,init      ] Version: 17.0.2+8-86 (release)
[0.050s][info   ][gc,init      ] CPUs: 12 total, 12 available
[0.050s][info   ][gc,init      ] Memory: 14188M
[0.050s][info   ][gc,init      ] Large Page Support: Disabled
[0.050s][info   ][gc,init      ] NUMA Support: Disabled
[0.050s][info   ][gc,init      ] Compressed Oops: Enabled (32-bit)
[0.050s][info   ][gc,init      ] Alignments: Space 512K, Generation 512K, Heap 2M
[0.050s][info   ][gc,init      ] Heap Min Capacity: 1G
[0.050s][info   ][gc,init      ] Heap Initial Capacity: 1G
[0.050s][info   ][gc,init      ] Heap Max Capacity: 1G
[0.050s][info   ][gc,init      ] Pre-touch: Disabled
[0.050s][info   ][gc,init      ] Parallel Workers: 10
[0.051s][info   ][gc,metaspace ] CDS archive(s) mapped at: [0x0000000800000000-0x0000000800bc0000-0x0000000800bc0000), size 12320768, SharedBaseAddress: 0x0000000800000000, ArchiveRelocationMode: 0.
[0.051s][info   ][gc,metaspace ] Compressed class space mapped at: 0x0000000800c00000-0x0000000840c00000, reserved size: 1073741824
[0.051s][info   ][gc,metaspace ] Narrow klass base: 0x0000000800000000, Narrow klass shift: 0, Narrow klass range: 0x100000000
[1.553s][debug  ][gc,heap      ] GC(0) Heap before GC invocations=1 (full 0):
[1.553s][debug  ][gc,heap      ] GC(0)  PSYoungGen      total 114688K, used 97896K [0x00000000f8000000, 0x0000000100000000, 0x0000000100000000)
[1.553s][debug  ][gc,heap      ] GC(0)   eden space 98304K, 99% used [0x00000000f8000000,0x00000000fdf9a0d8,0x00000000fe000000)
[1.553s][debug  ][gc,heap      ] GC(0)   from space 16384K, 0% used [0x00000000ff000000,0x00000000ff000000,0x0000000100000000)
[1.553s][debug  ][gc,heap      ] GC(0)   to   space 16384K, 0% used [0x00000000fe000000,0x00000000fe000000,0x00000000ff000000)
[1.553s][debug  ][gc,heap      ] GC(0)  ParOldGen       total 917504K, used 0K [0x00000000c0000000, 0x00000000f8000000, 0x00000000f8000000)
[1.553s][debug  ][gc,heap      ] GC(0)   object space 917504K, 0% used [0x00000000c0000000,0x00000000c0000000,0x00000000f8000000)
[1.553s][debug  ][gc,heap      ] GC(0)  Metaspace       used 946K, committed 1152K, reserved 1056768K
[1.553s][debug  ][gc,heap      ] GC(0)   class space    used 74K, committed 192K, reserved 1048576K
[1.553s][debug  ][gc,tlab      ] GC(0) TLAB totals: thrds: 5  refills: 5 max: 1 slow allocs: 87 max 87 waste: 76.3% gc: 7680952B max: 2013184B slow: 0B max: 0B
[1.553s][info   ][gc,start     ] GC(0) Pause Young (Allocation Failure)
[1.553s][debug  ][gc,phases,start] GC(0) Scavenge
[1.569s][debug  ][gc,phases      ] GC(0) Scavenge 15.237ms
[1.569s][debug  ][gc,phases,start] GC(0) Reference Processing
[1.569s][debug  ][gc,ref         ] GC(0) Skipped phase 1 of Reference Processing: no references
[1.569s][debug  ][gc,ref         ] GC(0) ReferenceProcessor::execute queues: 1, RefProcThreadModel::Single, marks_oops_alive: false
[1.569s][debug  ][gc,ref         ] GC(0) Skipped phase 3 of Reference Processing: no references
[1.569s][debug  ][gc,ref         ] GC(0) ReferenceProcessor::execute queues: 1, RefProcThreadModel::Single, marks_oops_alive: false
[1.569s][debug  ][gc,phases,ref  ] GC(0) Reference Processing: 0.2ms
[1.569s][debug  ][gc,phases,ref  ] GC(0)   Reconsider SoftReferences: 0.0ms
[1.569s][debug  ][gc,phases,ref  ] GC(0)     SoftRef (ms):                  skipped
[1.569s][debug  ][gc,phases,ref  ] GC(0)   Notify Soft/WeakReferences: 0.1ms
[1.569s][debug  ][gc,phases,ref  ] GC(0)     SoftRef (ms):                  Min:  0.0, Avg:  0.0, Max:  0.0, Diff:  0.0, Sum:  0.0, Workers: 10
[1.569s][debug  ][gc,phases,ref  ] GC(0)     WeakRef (ms):                  Min:  0.0, Avg:  0.0, Max:  0.0, Diff:  0.0, Sum:  0.0, Workers: 10
[1.569s][debug  ][gc,phases,ref  ] GC(0)     FinalRef (ms):                 Min:  0.0, Avg:  0.0, Max:  0.0, Diff:  0.0, Sum:  0.0, Workers: 10
[1.569s][debug  ][gc,phases,ref  ] GC(0)     Total (ms):                    Min:  0.0, Avg:  0.0, Max:  0.0, Diff:  0.0, Sum:  0.0, Workers: 10
[1.569s][debug  ][gc,phases,ref  ] GC(0)   Notify and keep alive finalizable: 0.0ms
[1.569s][debug  ][gc,phases,ref  ] GC(0)     FinalRef (ms):                 skipped
[1.569s][debug  ][gc,phases,ref  ] GC(0)   Notify PhantomReferences: 0.0ms
[1.569s][debug  ][gc,phases,ref  ] GC(0)     PhantomRef (ms):               Min:  0.0, Avg:  0.0, Max:  0.0, Diff:  0.0, Sum:  0.0, Workers: 10
[1.569s][debug  ][gc,phases,ref  ] GC(0)   SoftReference:
[1.569s][debug  ][gc,phases,ref  ] GC(0)     Discovered: 0
[1.569s][debug  ][gc,phases,ref  ] GC(0)     Cleared: 0
[1.569s][debug  ][gc,phases,ref  ] GC(0)   WeakReference:
[1.569s][debug  ][gc,phases,ref  ] GC(0)     Discovered: 97
[1.569s][debug  ][gc,phases,ref  ] GC(0)     Cleared: 69
[1.569s][debug  ][gc,phases,ref  ] GC(0)   FinalReference:
[1.570s][debug  ][gc,phases,ref  ] GC(0)     Discovered: 0
[1.570s][debug  ][gc,phases,ref  ] GC(0)     Cleared: 0
[1.570s][debug  ][gc,phases,ref  ] GC(0)   PhantomReference:
[1.570s][debug  ][gc,phases,ref  ] GC(0)     Discovered: 25
[1.570s][debug  ][gc,phases,ref  ] GC(0)     Cleared: 5
[1.570s][debug  ][gc,phases      ] GC(0) Reference Processing 0.944ms
[1.570s][debug  ][gc,phases,start] GC(0) Weak Processing
[1.570s][debug  ][gc,phases      ] GC(0)   VM Weak                        Min:  0.0, Avg:  0.0, Max:  0.0, Diff:  0.0, Sum:  0.0, Workers: 5
[1.570s][debug  ][gc,phases      ] GC(0)     Dead                           Min: 0, Avg:  0.0, Max: 0, Diff: 0, Sum: 0, Workers: 5
[1.570s][debug  ][gc,phases      ] GC(0)     Total                          Min: 0, Avg:  1.6, Max: 8, Diff: 8, Sum: 8, Workers: 5
[1.570s][debug  ][gc,phases      ] GC(0)   ObjectSynchronizer Weak        Min:  0.0, Avg:  0.0, Max:  0.0, Diff:  0.0, Sum:  0.0, Workers: 5
[1.570s][debug  ][gc,phases      ] GC(0)     Dead                           Min: 0, Avg:  0.0, Max: 0, Diff: 0, Sum: 0, Workers: 5
[1.570s][debug  ][gc,phases      ] GC(0)     Total                          Min: 0, Avg:  0.6, Max: 3, Diff: 3, Sum: 3, Workers: 5
[1.570s][debug  ][gc,phases      ] GC(0)   JVMTI Tag Weak OopStorage      Min:  0.0, Avg:  0.0, Max:  0.0, Diff:  0.0, Sum:  0.0, Workers: 5
[1.570s][debug  ][gc,phases      ] GC(0)     Dead                           Min: 0, Avg:  0.0, Max: 0, Diff: 0, Sum: 0, Workers: 5
[1.570s][debug  ][gc,phases      ] GC(0)     Total                          Min: 0, Avg:  0.0, Max: 0, Diff: 0, Sum: 0, Workers: 5
[1.570s][debug  ][gc,phases      ] GC(0)   StringTable Weak               Min:  0.0, Avg:  0.0, Max:  0.0, Diff:  0.0, Sum:  0.2, Workers: 5
[1.570s][debug  ][gc,phases      ] GC(0)     Dead                           Min: 0, Avg:  0.8, Max: 3, Diff: 3, Sum: 4, Workers: 5
[1.570s][debug  ][gc,phases      ] GC(0)     Total                          Min: 768, Avg: 948.8, Max: 1216, Diff: 448, Sum: 4744, Workers: 5
[1.570s][debug  ][gc,phases      ] GC(0)   ResolvedMethodTable Weak       Min:  0.0, Avg:  0.0, Max:  0.0, Diff:  0.0, Sum:  0.0, Workers: 5
[1.570s][debug  ][gc,phases      ] GC(0)     Dead                           Min: 0, Avg:  0.2, Max: 1, Diff: 1, Sum: 1, Workers: 5
[1.570s][debug  ][gc,phases      ] GC(0)     Total                          Min: 0, Avg: 18.4, Max: 64, Diff: 64, Sum: 92, Workers: 5
[1.570s][debug  ][gc,phases      ] GC(0)   JNI Weak                       Min:  0.0, Avg:  0.0, Max:  0.0, Diff:  0.0, Sum:  0.0, Workers: 5
[1.570s][debug  ][gc,phases      ] GC(0)     Dead                           Min: 0, Avg:  0.0, Max: 0, Diff: 0, Sum: 0, Workers: 5
[1.570s][debug  ][gc,phases      ] GC(0)     Total                          Min: 0, Avg:  0.0, Max: 0, Diff: 0, Sum: 0, Workers: 5
[1.570s][debug  ][gc,phases      ] GC(0)   StringDedup Table Weak         Min:  0.0, Avg:  0.0, Max:  0.0, Diff:  0.0, Sum:  0.0, Workers: 5
[1.570s][debug  ][gc,phases      ] GC(0)     Dead                           Min: 0, Avg:  0.0, Max: 0, Diff: 0, Sum: 0, Workers: 5
[1.570s][debug  ][gc,phases      ] GC(0)     Total                          Min: 0, Avg:  0.0, Max: 0, Diff: 0, Sum: 0, Workers: 5
[1.570s][debug  ][gc,phases      ] GC(0)   StringDedup Requests0 Weak     Min:  0.0, Avg:  0.0, Max:  0.0, Diff:  0.0, Sum:  0.0, Workers: 5
[1.570s][debug  ][gc,phases      ] GC(0)     Dead                           Min: 0, Avg:  0.0, Max: 0, Diff: 0, Sum: 0, Workers: 5
[1.570s][debug  ][gc,phases      ] GC(0)     Total                          Min: 0, Avg:  0.0, Max: 0, Diff: 0, Sum: 0, Workers: 5
[1.570s][debug  ][gc,phases      ] GC(0)   StringDedup Requests1 Weak     Min:  0.0, Avg:  0.0, Max:  0.0, Diff:  0.0, Sum:  0.0, Workers: 5
[1.570s][debug  ][gc,phases      ] GC(0)     Dead                           Min: 0, Avg:  0.0, Max: 0, Diff: 0, Sum: 0, Workers: 5
[1.570s][debug  ][gc,phases      ] GC(0)     Total                          Min: 0, Avg:  0.0, Max: 0, Diff: 0, Sum: 0, Workers: 5
[1.570s][debug  ][gc,phases      ] GC(0)   Weak JFR Old Object Samples    Min:  0.0, Avg:  0.0, Max:  0.0, Diff:  0.0, Sum:  0.0, Workers: 5
[1.570s][debug  ][gc,phases      ] GC(0)     Dead                           Min: 0, Avg:  0.0, Max: 0, Diff: 0, Sum: 0, Workers: 5
[1.570s][debug  ][gc,phases      ] GC(0)     Total                          Min: 0, Avg:  0.0, Max: 0, Diff: 0, Sum: 0, Workers: 5
[1.570s][debug  ][gc,phases      ] GC(0) Weak Processing 0.769ms
[1.570s][debug  ][gc,ergo        ] GC(0) AdaptiveSizeStart:  collection: 1 
[1.570s][debug  ][gc,age         ] GC(0) Desired survivor size 16777216 bytes, new threshold 7 (max threshold 15)
[1.570s][debug  ][gc,ergo        ] GC(0) PSAdaptiveSizePolicy::compute_eden_space_size limits: desired_eden_size: 201326592 old_eden_size: 100663296 eden_limit: 100663296 cur_eden: 100663296 max_eden_size: 100663296 avg_young_live: 16294144
[1.570s][debug  ][gc,ergo        ] GC(0) PSAdaptiveSizePolicy::compute_eden_space_size: costs minor_time: 0.011423 major_cost: 0.000000 mutator_cost: 0.988577 throughput_goal: 0.990000
[1.571s][debug  ][gc,ergo        ] GC(0) Live_space: 284729600 free_space: 201326592
[1.571s][debug  ][gc,ergo        ] GC(0) Old eden_size: 100663296 desired_eden_size: 100663296
[1.571s][debug  ][gc,ergo        ] GC(0) AdaptiveSizeStop: collection: 1 
[1.571s][info   ][gc,heap        ] GC(0) PSYoungGen: 97896K(114688K)->15912K(114688K) Eden: 97896K(98304K)->0K(98304K) From: 0K(16384K)->15912K(16384K)
[1.571s][info   ][gc,heap        ] GC(0) ParOldGen: 0K(917504K)->73737K(917504K)
[1.571s][info   ][gc,metaspace   ] GC(0) Metaspace: 946K(1152K)->946K(1152K) NonClass: 871K(960K)->871K(960K) Class: 74K(192K)->74K(192K)
[1.571s][info   ][gc             ] GC(0) Pause Young (Allocation Failure) 95M->87M(1008M) 17.648ms
[1.571s][info   ][gc,cpu         ] GC(0) User=0.03s Sys=0.12s Real=0.02s
[1.571s][debug  ][gc,heap        ] GC(0) Heap after GC invocations=1 (full 0):
[1.571s][debug  ][gc,heap        ] GC(0)  PSYoungGen      total 114688K, used 15912K [0x00000000f8000000, 0x0000000100000000, 0x0000000100000000)
[1.571s][debug  ][gc,heap        ] GC(0)   eden space 98304K, 0% used [0x00000000f8000000,0x00000000f8000000,0x00000000fe000000)
[1.571s][debug  ][gc,heap        ] GC(0)   from space 16384K, 97% used [0x00000000fe000000,0x00000000fef8a100,0x00000000ff000000)
[1.571s][debug  ][gc,heap        ] GC(0)   to   space 16384K, 0% used [0x00000000ff000000,0x00000000ff000000,0x0000000100000000)
[1.571s][debug  ][gc,heap        ] GC(0)  ParOldGen       total 917504K, used 73737K [0x00000000c0000000, 0x00000000f8000000, 0x00000000f8000000)
[1.571s][debug  ][gc,heap        ] GC(0)   object space 917504K, 8% used [0x00000000c0000000,0x00000000c4802480,0x00000000f8000000)
[1.571s][debug  ][gc,heap        ] GC(0)  Metaspace       used 946K, committed 1152K, reserved 1056768K
[1.571s][debug  ][gc,heap        ] GC(0)   class space    used 74K, committed 192K, reserved 1048576K
[1.571s][debug  ][gc,task,time   ] GC(0) VM-Thread 15526655 15686705 15709185
[3.073s][debug  ][gc,heap        ] GC(1) Heap before GC invocations=2 (full 0):
[3.073s][debug  ][gc,heap        ] GC(1)  PSYoungGen      total 114688K, used 113996K [0x00000000f8000000, 0x0000000100000000, 0x0000000100000000)
[3.074s][debug  ][gc,heap        ] GC(1)   eden space 98304K, 99% used [0x00000000f8000000,0x00000000fdfc8f80,0x00000000fe000000)
[3.074s][debug  ][gc,heap        ] GC(1)   from space 16384K, 97% used [0x00000000fe000000,0x00000000fef8a100,0x00000000ff000000)
[3.074s][debug  ][gc,heap        ] GC(1)   to   space 16384K, 0% used [0x00000000ff000000,0x00000000ff000000,0x0000000100000000)
[3.074s][debug  ][gc,heap        ] GC(1)  ParOldGen       total 917504K, used 73737K [0x00000000c0000000, 0x00000000f8000000, 0x00000000f8000000)
[3.074s][debug  ][gc,heap        ] GC(1)   object space 917504K, 8% used [0x00000000c0000000,0x00000000c4802480,0x00000000f8000000)
[3.074s][debug  ][gc,heap        ] GC(1)  Metaspace       used 1018K, committed 1152K, reserved 1056768K
[3.074s][debug  ][gc,heap        ] GC(1)   class space    used 83K, committed 192K, reserved 1048576K
[3.074s][debug  ][gc,tlab        ] GC(1) TLAB totals: thrds: 2  refills: 2 max: 1 slow allocs: 92 max 92 waste: 38.6% gc: 1532936B max: 1006440B slow: 0B max: 0B
[3.074s][info   ][gc,start       ] GC(1) Pause Young (Allocation Failure)
[3.074s][debug  ][gc,phases,start] GC(1) Scavenge
[3.090s][debug  ][gc,phases      ] GC(1) Scavenge 16.203ms
[3.090s][debug  ][gc,phases,start] GC(1) Reference Processing
[3.090s][debug  ][gc,ref         ] GC(1) Skipped phase 1 of Reference Processing: no references
[3.090s][debug  ][gc,ref         ] GC(1) ReferenceProcessor::execute queues: 1, RefProcThreadModel::Single, marks_oops_alive: false
[3.090s][debug  ][gc,ref         ] GC(1) Skipped phase 3 of Reference Processing: no references
[3.090s][debug  ][gc,ref         ] GC(1) ReferenceProcessor::execute queues: 1, RefProcThreadModel::Single, marks_oops_alive: false
[3.090s][debug  ][gc,phases,ref  ] GC(1) Reference Processing: 0.1ms
[3.090s][debug  ][gc,phases,ref  ] GC(1)   Reconsider SoftReferences: 0.0ms
[3.090s][debug  ][gc,phases,ref  ] GC(1)     SoftRef (ms):                  skipped
[3.090s][debug  ][gc,phases,ref  ] GC(1)   Notify Soft/WeakReferences: 0.1ms
[3.090s][debug  ][gc,phases,ref  ] GC(1)     SoftRef (ms):                  Min:  0.0, Avg:  0.0, Max:  0.0, Diff:  0.0, Sum:  0.0, Workers: 10
[3.090s][debug  ][gc,phases,ref  ] GC(1)     WeakRef (ms):                  Min:  0.0, Avg:  0.0, Max:  0.0, Diff:  0.0, Sum:  0.0, Workers: 10
[3.090s][debug  ][gc,phases,ref  ] GC(1)     FinalRef (ms):                 Min:  0.0, Avg:  0.0, Max:  0.0, Diff:  0.0, Sum:  0.0, Workers: 10
[3.090s][debug  ][gc,phases,ref  ] GC(1)     Total (ms):                    Min:  0.0, Avg:  0.0, Max:  0.0, Diff:  0.0, Sum:  0.0, Workers: 10
[3.091s][debug  ][gc,phases,ref  ] GC(1)   Notify and keep alive finalizable: 0.0ms
[3.091s][debug  ][gc,phases,ref  ] GC(1)     FinalRef (ms):                 skipped
[3.091s][debug  ][gc,phases,ref  ] GC(1)   Notify PhantomReferences: 0.0ms
[3.091s][debug  ][gc,phases,ref  ] GC(1)     PhantomRef (ms):               Min:  0.0, Avg:  0.0, Max:  0.0, Diff:  0.0, Sum:  0.0, Workers: 10
[3.091s][debug  ][gc,phases,ref  ] GC(1)   SoftReference:
[3.091s][debug  ][gc,phases,ref  ] GC(1)     Discovered: 0
[3.091s][debug  ][gc,phases,ref  ] GC(1)     Cleared: 0
[3.091s][debug  ][gc,phases,ref  ] GC(1)   WeakReference:
[3.091s][debug  ][gc,phases,ref  ] GC(1)     Discovered: 130
[3.091s][debug  ][gc,phases,ref  ] GC(1)     Cleared: 109
[3.091s][debug  ][gc,phases,ref  ] GC(1)   FinalReference:
[3.091s][debug  ][gc,phases,ref  ] GC(1)     Discovered: 0
[3.091s][debug  ][gc,phases,ref  ] GC(1)     Cleared: 0
[3.091s][debug  ][gc,phases,ref  ] GC(1)   PhantomReference:
[3.091s][debug  ][gc,phases,ref  ] GC(1)     Discovered: 15
[3.091s][debug  ][gc,phases,ref  ] GC(1)     Cleared: 5
[3.091s][debug  ][gc,phases      ] GC(1) Reference Processing 0.676ms
[3.091s][debug  ][gc,phases,start] GC(1) Weak Processing
[3.091s][debug  ][gc,phases      ] GC(1)   VM Weak                        Min:  0.0, Avg:  0.0, Max:  0.0, Diff:  0.0, Sum:  0.0, Workers: 6
[3.091s][debug  ][gc,phases      ] GC(1)     Dead                           Min: 0, Avg:  0.0, Max: 0, Diff: 0, Sum: 0, Workers: 6
[3.091s][debug  ][gc,phases      ] GC(1)     Total                          Min: 0, Avg:  1.3, Max: 8, Diff: 8, Sum: 8, Workers: 6
[3.091s][debug  ][gc,phases      ] GC(1)   ObjectSynchronizer Weak        Min:  0.0, Avg:  0.0, Max:  0.0, Diff:  0.0, Sum:  0.0, Workers: 6
[3.091s][debug  ][gc,phases      ] GC(1)     Dead                           Min: 0, Avg:  0.0, Max: 0, Diff: 0, Sum: 0, Workers: 6
[3.091s][debug  ][gc,phases      ] GC(1)     Total                          Min: 0, Avg:  0.5, Max: 3, Diff: 3, Sum: 3, Workers: 6
[3.091s][debug  ][gc,phases      ] GC(1)   JVMTI Tag Weak OopStorage      Min:  0.0, Avg:  0.0, Max:  0.0, Diff:  0.0, Sum:  0.0, Workers: 6
[3.091s][debug  ][gc,phases      ] GC(1)     Dead                           Min: 0, Avg:  0.0, Max: 0, Diff: 0, Sum: 0, Workers: 6
[3.091s][debug  ][gc,phases      ] GC(1)     Total                          Min: 0, Avg:  0.0, Max: 0, Diff: 0, Sum: 0, Workers: 6
[3.091s][debug  ][gc,phases      ] GC(1)   StringTable Weak               Min:  0.1, Avg:  0.1, Max:  0.1, Diff:  0.0, Sum:  0.4, Workers: 6
[3.091s][debug  ][gc,phases      ] GC(1)     Dead                           Min: 0, Avg:  0.5, Max: 3, Diff: 3, Sum: 3, Workers: 6
[3.091s][debug  ][gc,phases      ] GC(1)     Total                          Min: 512, Avg: 892.5, Max: 1407, Diff: 895, Sum: 5355, Workers: 6
[3.091s][debug  ][gc,phases      ] GC(1)   ResolvedMethodTable Weak       Min:  0.0, Avg:  0.0, Max:  0.0, Diff:  0.0, Sum:  0.0, Workers: 6
[3.091s][debug  ][gc,phases      ] GC(1)     Dead                           Min: 0, Avg:  0.0, Max: 0, Diff: 0, Sum: 0, Workers: 6
[3.091s][debug  ][gc,phases      ] GC(1)     Total                          Min: 0, Avg: 21.7, Max: 64, Diff: 64, Sum: 130, Workers: 6
[3.091s][debug  ][gc,phases      ] GC(1)   JNI Weak                       Min:  0.0, Avg:  0.0, Max:  0.0, Diff:  0.0, Sum:  0.0, Workers: 6
[3.091s][debug  ][gc,phases      ] GC(1)     Dead                           Min: 0, Avg:  0.0, Max: 0, Diff: 0, Sum: 0, Workers: 6
[3.091s][debug  ][gc,phases      ] GC(1)     Total                          Min: 0, Avg:  0.0, Max: 0, Diff: 0, Sum: 0, Workers: 6
[3.091s][debug  ][gc,phases      ] GC(1)   StringDedup Table Weak         Min:  0.0, Avg:  0.0, Max:  0.0, Diff:  0.0, Sum:  0.0, Workers: 6
[3.091s][debug  ][gc,phases      ] GC(1)     Dead                           Min: 0, Avg:  0.0, Max: 0, Diff: 0, Sum: 0, Workers: 6
[3.092s][debug  ][gc,phases      ] GC(1)     Total                          Min: 0, Avg:  0.0, Max: 0, Diff: 0, Sum: 0, Workers: 6
[3.092s][debug  ][gc,phases      ] GC(1)   StringDedup Requests0 Weak     Min:  0.0, Avg:  0.0, Max:  0.0, Diff:  0.0, Sum:  0.0, Workers: 6
[3.092s][debug  ][gc,phases      ] GC(1)     Dead                           Min: 0, Avg:  0.0, Max: 0, Diff: 0, Sum: 0, Workers: 6
[3.092s][debug  ][gc,phases      ] GC(1)     Total                          Min: 0, Avg:  0.0, Max: 0, Diff: 0, Sum: 0, Workers: 6
[3.092s][debug  ][gc,phases      ] GC(1)   StringDedup Requests1 Weak     Min:  0.0, Avg:  0.0, Max:  0.0, Diff:  0.0, Sum:  0.0, Workers: 6
[3.092s][debug  ][gc,phases      ] GC(1)     Dead                           Min: 0, Avg:  0.0, Max: 0, Diff: 0, Sum: 0, Workers: 6
[3.092s][debug  ][gc,phases      ] GC(1)     Total                          Min: 0, Avg:  0.0, Max: 0, Diff: 0, Sum: 0, Workers: 6
[3.092s][debug  ][gc,phases      ] GC(1)   Weak JFR Old Object Samples    Min:  0.0, Avg:  0.0, Max:  0.0, Diff:  0.0, Sum:  0.0, Workers: 6
[3.092s][debug  ][gc,phases      ] GC(1)     Dead                           Min: 0, Avg:  0.0, Max: 0, Diff: 0, Sum: 0, Workers: 6
[3.092s][debug  ][gc,phases      ] GC(1)     Total                          Min: 0, Avg:  0.0, Max: 0, Diff: 0, Sum: 0, Workers: 6
[3.092s][debug  ][gc,phases      ] GC(1) Weak Processing 0.800ms
[3.092s][debug  ][gc,ergo        ] GC(1) AdaptiveSizeStart:  collection: 2 
[3.092s][debug  ][gc,age         ] GC(1) Desired survivor size 16777216 bytes, new threshold 7 (max threshold 15)
[3.092s][debug  ][gc,ergo        ] GC(1) PSAdaptiveSizePolicy::compute_eden_space_size limits: desired_eden_size: 201326592 old_eden_size: 100663296 eden_limit: 100663296 cur_eden: 100663296 max_eden_size: 100663296 avg_young_live: 16433400
[3.092s][debug  ][gc,ergo        ] GC(1) PSAdaptiveSizePolicy::compute_eden_space_size: costs minor_time: 0.011609 major_cost: 0.000000 mutator_cost: 0.988391 throughput_goal: 0.990000
[3.092s][debug  ][gc,ergo        ] GC(1) Live_space: 284868864 free_space: 201326592
[3.092s][debug  ][gc,ergo        ] GC(1) Old eden_size: 100663296 desired_eden_size: 100663296
[3.092s][debug  ][gc,ergo        ] GC(1) AdaptiveSizeStop: collection: 2 
[3.092s][info   ][gc,heap        ] GC(1) PSYoungGen: 113996K(114688K)->16184K(114688K) Eden: 98083K(98304K)->0K(98304K) From: 15912K(16384K)->16184K(16384K)
[3.092s][info   ][gc,heap        ] GC(1) ParOldGen: 73737K(917504K)->141330K(917504K)
[3.092s][info   ][gc,metaspace   ] GC(1) Metaspace: 1018K(1152K)->1018K(1152K) NonClass: 934K(960K)->934K(960K) Class: 83K(192K)->83K(192K)
[3.092s][info   ][gc             ] GC(1) Pause Young (Allocation Failure) 183M->153M(1008M) 18.223ms
[3.092s][info   ][gc,cpu         ] GC(1) User=0.05s Sys=0.06s Real=0.02s
[3.092s][debug  ][gc,heap        ] GC(1) Heap after GC invocations=2 (full 0):
[3.092s][debug  ][gc,heap        ] GC(1)  PSYoungGen      total 114688K, used 16184K [0x00000000f8000000, 0x0000000100000000, 0x0000000100000000)
[3.092s][debug  ][gc,heap        ] GC(1)   eden space 98304K, 0% used [0x00000000f8000000,0x00000000f8000000,0x00000000fe000000)
[3.092s][debug  ][gc,heap        ] GC(1)   from space 16384K, 98% used [0x00000000ff000000,0x00000000fffce0f0,0x0000000100000000)
[3.092s][debug  ][gc,heap        ] GC(1)   to   space 16384K, 0% used [0x00000000fe000000,0x00000000fe000000,0x00000000ff000000)
[3.092s][debug  ][gc,heap        ] GC(1)  ParOldGen       total 917504K, used 141330K [0x00000000c0000000, 0x00000000f8000000, 0x00000000f8000000)
[3.092s][debug  ][gc,heap        ] GC(1)   object space 917504K, 15% used [0x00000000c0000000,0x00000000c8a048a0,0x00000000f8000000)
[3.092s][debug  ][gc,heap        ] GC(1)  Metaspace       used 1018K, committed 1152K, reserved 1056768K
[3.092s][debug  ][gc,heap        ] GC(1)   class space    used 83K, committed 192K, reserved 1048576K
[3.092s][debug  ][gc,task,time   ] GC(1) VM-Thread 30733813 30901451 30922122
[4.595s][debug  ][gc,heap        ] GC(2) Heap before GC invocations=3 (full 0):
[4.596s][debug  ][gc,heap        ] GC(2)  PSYoungGen      total 114688K, used 114326K [0x00000000f8000000, 0x0000000100000000, 0x0000000100000000)
[4.596s][debug  ][gc,heap        ] GC(2)   eden space 98304K, 99% used [0x00000000f8000000,0x00000000fdfd7a28,0x00000000fe000000)
[4.596s][debug  ][gc,heap        ] GC(2)   from space 16384K, 98% used [0x00000000ff000000,0x00000000fffce0f0,0x0000000100000000)
[4.596s][debug  ][gc,heap        ] GC(2)   to   space 16384K, 0% used [0x00000000fe000000,0x00000000fe000000,0x00000000ff000000)
[4.596s][debug  ][gc,heap        ] GC(2)  ParOldGen       total 917504K, used 141330K [0x00000000c0000000, 0x00000000f8000000, 0x00000000f8000000)
[4.596s][debug  ][gc,heap        ] GC(2)   object space 917504K, 15% used [0x00000000c0000000,0x00000000c8a048a0,0x00000000f8000000)
[4.596s][debug  ][gc,heap        ] GC(2)  Metaspace       used 1019K, committed 1216K, reserved 1056768K
[4.596s][debug  ][gc,heap        ] GC(2)   class space    used 83K, committed 192K, reserved 1048576K
[4.596s][debug  ][gc,tlab        ] GC(2) TLAB totals: thrds: 1  refills: 1 max: 1 slow allocs: 93 max 93 waste: 29.6% gc: 880552B max: 880552B slow: 0B max: 0B
[4.596s][info   ][gc,start       ] GC(2) Pause Young (Allocation Failure)
[4.596s][debug  ][gc,phases,start] GC(2) Scavenge
[4.608s][debug  ][gc,phases      ] GC(2) Scavenge 11.784ms
[4.608s][debug  ][gc,phases,start] GC(2) Reference Processing
[4.608s][debug  ][gc,ref         ] GC(2) Skipped phase 1 of Reference Processing: no references
[4.608s][debug  ][gc,ref         ] GC(2) ReferenceProcessor::execute queues: 1, RefProcThreadModel::Single, marks_oops_alive: false
[4.608s][debug  ][gc,ref         ] GC(2) Skipped phase 3 of Reference Processing: no references
[4.608s][debug  ][gc,ref         ] GC(2) ReferenceProcessor::execute queues: 1, RefProcThreadModel::Single, marks_oops_alive: false
[4.608s][debug  ][gc,phases,ref  ] GC(2) Reference Processing: 0.1ms
[4.608s][debug  ][gc,phases,ref  ] GC(2)   Reconsider SoftReferences: 0.0ms
[4.608s][debug  ][gc,phases,ref  ] GC(2)     SoftRef (ms):                  skipped
[4.608s][debug  ][gc,phases,ref  ] GC(2)   Notify Soft/WeakReferences: 0.0ms
[4.608s][debug  ][gc,phases,ref  ] GC(2)     SoftRef (ms):                  Min:  0.0, Avg:  0.0, Max:  0.0, Diff:  0.0, Sum:  0.0, Workers: 10
[4.608s][debug  ][gc,phases,ref  ] GC(2)     WeakRef (ms):                  Min:  0.0, Avg:  0.0, Max:  0.0, Diff:  0.0, Sum:  0.0, Workers: 10
[4.608s][debug  ][gc,phases,ref  ] GC(2)     FinalRef (ms):                 Min:  0.0, Avg:  0.0, Max:  0.0, Diff:  0.0, Sum:  0.0, Workers: 10
[4.608s][debug  ][gc,phases,ref  ] GC(2)     Total (ms):                    Min:  0.0, Avg:  0.0, Max:  0.0, Diff:  0.0, Sum:  0.0, Workers: 10
[4.608s][debug  ][gc,phases,ref  ] GC(2)   Notify and keep alive finalizable: 0.0ms
[4.608s][debug  ][gc,phases,ref  ] GC(2)     FinalRef (ms):                 skipped
[4.608s][debug  ][gc,phases,ref  ] GC(2)   Notify PhantomReferences: 0.0ms
[4.608s][debug  ][gc,phases,ref  ] GC(2)     PhantomRef (ms):               Min:  0.0, Avg:  0.0, Max:  0.0, Diff:  0.0, Sum:  0.0, Workers: 10
[4.608s][debug  ][gc,phases,ref  ] GC(2)   SoftReference:
[4.608s][debug  ][gc,phases,ref  ] GC(2)     Discovered: 0
[4.608s][debug  ][gc,phases,ref  ] GC(2)     Cleared: 0
[4.608s][debug  ][gc,phases,ref  ] GC(2)   WeakReference:
[4.608s][debug  ][gc,phases,ref  ] GC(2)     Discovered: 91
[4.608s][debug  ][gc,phases,ref  ] GC(2)     Cleared: 91
[4.608s][debug  ][gc,phases,ref  ] GC(2)   FinalReference:
[4.608s][debug  ][gc,phases,ref  ] GC(2)     Discovered: 0
[4.608s][debug  ][gc,phases,ref  ] GC(2)     Cleared: 0
[4.608s][debug  ][gc,phases,ref  ] GC(2)   PhantomReference:
[4.608s][debug  ][gc,phases,ref  ] GC(2)     Discovered: 5
[4.609s][debug  ][gc,phases,ref  ] GC(2)     Cleared: 5
[4.609s][debug  ][gc,phases      ] GC(2) Reference Processing 0.721ms
[4.609s][debug  ][gc,phases,start] GC(2) Weak Processing
[4.609s][debug  ][gc,phases      ] GC(2)   VM Weak                        Min:  0.0, Avg:  0.0, Max:  0.0, Diff:  0.0, Sum:  0.0, Workers: 6
[4.609s][debug  ][gc,phases      ] GC(2)     Dead                           Min: 0, Avg:  0.0, Max: 0, Diff: 0, Sum: 0, Workers: 6
[4.609s][debug  ][gc,phases      ] GC(2)     Total                          Min: 0, Avg:  1.3, Max: 8, Diff: 8, Sum: 8, Workers: 6
[4.609s][debug  ][gc,phases      ] GC(2)   ObjectSynchronizer Weak        Min:  0.0, Avg:  0.0, Max:  0.0, Diff:  0.0, Sum:  0.0, Workers: 6
[4.609s][debug  ][gc,phases      ] GC(2)     Dead                           Min: 0, Avg:  0.0, Max: 0, Diff: 0, Sum: 0, Workers: 6
[4.609s][debug  ][gc,phases      ] GC(2)     Total                          Min: 0, Avg:  0.5, Max: 3, Diff: 3, Sum: 3, Workers: 6
[4.609s][debug  ][gc,phases      ] GC(2)   JVMTI Tag Weak OopStorage      Min:  0.0, Avg:  0.0, Max:  0.0, Diff:  0.0, Sum:  0.0, Workers: 6
[4.609s][debug  ][gc,phases      ] GC(2)     Dead                           Min: 0, Avg:  0.0, Max: 0, Diff: 0, Sum: 0, Workers: 6
[4.609s][debug  ][gc,phases      ] GC(2)     Total                          Min: 0, Avg:  0.0, Max: 0, Diff: 0, Sum: 0, Workers: 6
[4.609s][debug  ][gc,phases      ] GC(2)   StringTable Weak               Min:  0.1, Avg:  0.1, Max:  0.1, Diff:  0.0, Sum:  0.3, Workers: 6
[4.609s][debug  ][gc,phases      ] GC(2)     Dead                           Min: 0, Avg:  0.0, Max: 0, Diff: 0, Sum: 0, Workers: 6
[4.609s][debug  ][gc,phases      ] GC(2)     Total                          Min: 512, Avg: 892.5, Max: 1600, Diff: 1088, Sum: 5355, Workers: 6
[4.609s][debug  ][gc,phases      ] GC(2)   ResolvedMethodTable Weak       Min:  0.0, Avg:  0.0, Max:  0.0, Diff:  0.0, Sum:  0.0, Workers: 6
[4.609s][debug  ][gc,phases      ] GC(2)     Dead                           Min: 0, Avg:  0.0, Max: 0, Diff: 0, Sum: 0, Workers: 6
[4.609s][debug  ][gc,phases      ] GC(2)     Total                          Min: 0, Avg: 21.7, Max: 64, Diff: 64, Sum: 130, Workers: 6
[4.609s][debug  ][gc,phases      ] GC(2)   JNI Weak                       Min:  0.0, Avg:  0.0, Max:  0.0, Diff:  0.0, Sum:  0.0, Workers: 6
[4.609s][debug  ][gc,phases      ] GC(2)     Dead                           Min: 0, Avg:  0.0, Max: 0, Diff: 0, Sum: 0, Workers: 6
[4.609s][debug  ][gc,phases      ] GC(2)     Total                          Min: 0, Avg:  0.0, Max: 0, Diff: 0, Sum: 0, Workers: 6
[4.609s][debug  ][gc,phases      ] GC(2)   StringDedup Table Weak         Min:  0.0, Avg:  0.0, Max:  0.0, Diff:  0.0, Sum:  0.0, Workers: 6
[4.609s][debug  ][gc,phases      ] GC(2)     Dead                           Min: 0, Avg:  0.0, Max: 0, Diff: 0, Sum: 0, Workers: 6
[4.609s][debug  ][gc,phases      ] GC(2)     Total                          Min: 0, Avg:  0.0, Max: 0, Diff: 0, Sum: 0, Workers: 6
[4.609s][debug  ][gc,phases      ] GC(2)   StringDedup Requests0 Weak     Min:  0.0, Avg:  0.0, Max:  0.0, Diff:  0.0, Sum:  0.0, Workers: 6
[4.609s][debug  ][gc,phases      ] GC(2)     Dead                           Min: 0, Avg:  0.0, Max: 0, Diff: 0, Sum: 0, Workers: 6
[4.609s][debug  ][gc,phases      ] GC(2)     Total                          Min: 0, Avg:  0.0, Max: 0, Diff: 0, Sum: 0, Workers: 6
[4.609s][debug  ][gc,phases      ] GC(2)   StringDedup Requests1 Weak     Min:  0.0, Avg:  0.0, Max:  0.0, Diff:  0.0, Sum:  0.0, Workers: 6
[4.609s][debug  ][gc,phases      ] GC(2)     Dead                           Min: 0, Avg:  0.0, Max: 0, Diff: 0, Sum: 0, Workers: 6
[4.609s][debug  ][gc,phases      ] GC(2)     Total                          Min: 0, Avg:  0.0, Max: 0, Diff: 0, Sum: 0, Workers: 6
[4.609s][debug  ][gc,phases      ] GC(2)   Weak JFR Old Object Samples    Min:  0.0, Avg:  0.0, Max:  0.0, Diff:  0.0, Sum:  0.0, Workers: 6
[4.609s][debug  ][gc,phases      ] GC(2)     Dead                           Min: 0, Avg:  0.0, Max: 0, Diff: 0, Sum: 0, Workers: 6
[4.609s][debug  ][gc,phases      ] GC(2)     Total                          Min: 0, Avg:  0.0, Max: 0, Diff: 0, Sum: 0, Workers: 6
[4.609s][debug  ][gc,phases      ] GC(2) Weak Processing 0.890ms
[4.609s][debug  ][gc,ergo        ] GC(2) AdaptiveSizeStart:  collection: 3 
[4.609s][debug  ][gc,age         ] GC(2) Desired survivor size 16777216 bytes, new threshold 7 (max threshold 15)
[4.610s][debug  ][gc,ergo        ] GC(2) PSAdaptiveSizePolicy::compute_eden_space_size limits: desired_eden_size: 201326592 old_eden_size: 100663296 eden_limit: 100663296 cur_eden: 100663296 max_eden_size: 100663296 avg_young_live: 16490168
[4.610s][debug  ][gc,ergo        ] GC(2) PSAdaptiveSizePolicy::compute_eden_space_size: costs minor_time: 0.010718 major_cost: 0.000000 mutator_cost: 0.989282 throughput_goal: 0.990000
[4.610s][debug  ][gc,ergo        ] GC(2) Live_space: 284925632 free_space: 201326592
[4.610s][debug  ][gc,ergo        ] GC(2) Old eden_size: 100663296 desired_eden_size: 100663296
[4.610s][debug  ][gc,ergo        ] GC(2) AdaptiveSizeStop: collection: 3 
[4.610s][info   ][gc,heap        ] GC(2) PSYoungGen: 114326K(114688K)->16216K(114688K) Eden: 98142K(98304K)->0K(98304K) From: 16184K(16384K)->16216K(16384K)
[4.610s][info   ][gc,heap        ] GC(2) ParOldGen: 141330K(917504K)->203803K(917504K)
[4.610s][info   ][gc,metaspace   ] GC(2) Metaspace: 1019K(1216K)->1019K(1216K) NonClass: 936K(1024K)->936K(1024K) Class: 83K(192K)->83K(192K)
[4.610s][info   ][gc             ] GC(2) Pause Young (Allocation Failure) 249M->214M(1008M) 13.842ms
[4.610s][info   ][gc,cpu         ] GC(2) User=0.00s Sys=0.00s Real=0.01s
[4.610s][debug  ][gc,heap        ] GC(2) Heap after GC invocations=3 (full 0):
[4.610s][debug  ][gc,heap        ] GC(2)  PSYoungGen      total 114688K, used 16216K [0x00000000f8000000, 0x0000000100000000, 0x0000000100000000)
[4.610s][debug  ][gc,heap        ] GC(2)   eden space 98304K, 0% used [0x00000000f8000000,0x00000000f8000000,0x00000000fe000000)
[4.610s][debug  ][gc,heap        ] GC(2)   from space 16384K, 98% used [0x00000000fe000000,0x00000000fefd60f0,0x00000000ff000000)
[4.610s][debug  ][gc,heap        ] GC(2)   to   space 16384K, 0% used [0x00000000ff000000,0x00000000ff000000,0x0000000100000000)
[4.610s][debug  ][gc,heap        ] GC(2)  ParOldGen       total 917504K, used 203803K [0x00000000c0000000, 0x00000000f8000000, 0x00000000f8000000)
[4.610s][debug  ][gc,heap        ] GC(2)   object space 917504K, 22% used [0x00000000c0000000,0x00000000cc706c70,0x00000000f8000000)
[4.610s][debug  ][gc,heap        ] GC(2)  Metaspace       used 1019K, committed 1216K, reserved 1056768K
[4.610s][debug  ][gc,heap        ] GC(2)   class space    used 83K, committed 192K, reserved 1048576K
[4.610s][debug  ][gc,task,time   ] GC(2) VM-Thread 45954882 46078094 46100961
[6.123s][debug  ][gc,heap        ] GC(3) Heap before GC invocations=4 (full 0):
[6.123s][debug  ][gc,heap        ] GC(3)  PSYoungGen      total 114688K, used 114383K [0x00000000f8000000, 0x0000000100000000, 0x0000000100000000)
[6.123s][debug  ][gc,heap        ] GC(3)   eden space 98304K, 99% used [0x00000000f8000000,0x00000000fdfddca8,0x00000000fe000000)
[6.123s][debug  ][gc,heap        ] GC(3)   from space 16384K, 98% used [0x00000000fe000000,0x00000000fefd60f0,0x00000000ff000000)
[6.123s][debug  ][gc,heap        ] GC(3)   to   space 16384K, 0% used [0x00000000ff000000,0x00000000ff000000,0x0000000100000000)
[6.123s][debug  ][gc,heap        ] GC(3)  ParOldGen       total 917504K, used 203803K [0x00000000c0000000, 0x00000000f8000000, 0x00000000f8000000)
[6.123s][debug  ][gc,heap        ] GC(3)   object space 917504K, 22% used [0x00000000c0000000,0x00000000cc706c70,0x00000000f8000000)
[6.123s][debug  ][gc,heap        ] GC(3)  Metaspace       used 1019K, committed 1216K, reserved 1056768K
[6.123s][debug  ][gc,heap        ] GC(3)   class space    used 83K, committed 192K, reserved 1048576K
[6.123s][debug  ][gc,tlab        ] GC(3) TLAB totals: thrds: 1  refills: 1 max: 1 slow allocs: 93 max 93 waste: 30.2% gc: 905768B max: 905768B slow: 0B max: 0B
[6.123s][info   ][gc,start       ] GC(3) Pause Young (Allocation Failure)
[6.123s][debug  ][gc,phases,start] GC(3) Scavenge
[6.134s][debug  ][gc,phases      ] GC(3) Scavenge 10.714ms
[6.134s][debug  ][gc,phases,start] GC(3) Reference Processing
[6.134s][debug  ][gc,ref         ] GC(3) Skipped phase 1 of Reference Processing: no references
[6.134s][debug  ][gc,ref         ] GC(3) ReferenceProcessor::execute queues: 1, RefProcThreadModel::Single, marks_oops_alive: false
[6.134s][debug  ][gc,ref         ] GC(3) Skipped phase 3 of Reference Processing: no references
[6.134s][debug  ][gc,ref         ] GC(3) ReferenceProcessor::execute queues: 1, RefProcThreadModel::Single, marks_oops_alive: false
[6.134s][debug  ][gc,phases,ref  ] GC(3) Reference Processing: 0.1ms
[6.134s][debug  ][gc,phases,ref  ] GC(3)   Reconsider SoftReferences: 0.0ms
[6.134s][debug  ][gc,phases,ref  ] GC(3)     SoftRef (ms):                  skipped
[6.134s][debug  ][gc,phases,ref  ] GC(3)   Notify Soft/WeakReferences: 0.0ms
[6.134s][debug  ][gc,phases,ref  ] GC(3)     SoftRef (ms):                  Min:  0.0, Avg:  0.0, Max:  0.0, Diff:  0.0, Sum:  0.0, Workers: 10
[6.134s][debug  ][gc,phases,ref  ] GC(3)     WeakRef (ms):                  Min:  0.0, Avg:  0.0, Max:  0.0, Diff:  0.0, Sum:  0.0, Workers: 10
[6.134s][debug  ][gc,phases,ref  ] GC(3)     FinalRef (ms):                 Min:  0.0, Avg:  0.0, Max:  0.0, Diff:  0.0, Sum:  0.0, Workers: 10
[6.134s][debug  ][gc,phases,ref  ] GC(3)     Total (ms):                    Min:  0.0, Avg:  0.0, Max:  0.0, Diff:  0.0, Sum:  0.0, Workers: 10
[6.134s][debug  ][gc,phases,ref  ] GC(3)   Notify and keep alive finalizable: 0.0ms
[6.134s][debug  ][gc,phases,ref  ] GC(3)     FinalRef (ms):                 skipped
[6.134s][debug  ][gc,phases,ref  ] GC(3)   Notify PhantomReferences: 0.0ms
[6.134s][debug  ][gc,phases,ref  ] GC(3)     PhantomRef (ms):               Min:  0.0, Avg:  0.0, Max:  0.0, Diff:  0.0, Sum:  0.0, Workers: 10
[6.134s][debug  ][gc,phases,ref  ] GC(3)   SoftReference:
[6.135s][debug  ][gc,phases,ref  ] GC(3)     Discovered: 0
[6.135s][debug  ][gc,phases,ref  ] GC(3)     Cleared: 0
[6.135s][debug  ][gc,phases,ref  ] GC(3)   WeakReference:
[6.135s][debug  ][gc,phases,ref  ] GC(3)     Discovered: 87
[6.135s][debug  ][gc,phases,ref  ] GC(3)     Cleared: 87
[6.135s][debug  ][gc,phases,ref  ] GC(3)   FinalReference:
[6.135s][debug  ][gc,phases,ref  ] GC(3)     Discovered: 0
[6.135s][debug  ][gc,phases,ref  ] GC(3)     Cleared: 0
[6.135s][debug  ][gc,phases,ref  ] GC(3)   PhantomReference:
[6.135s][debug  ][gc,phases,ref  ] GC(3)     Discovered: 5
[6.135s][debug  ][gc,phases,ref  ] GC(3)     Cleared: 5
[6.135s][debug  ][gc,phases      ] GC(3) Reference Processing 0.725ms
[6.135s][debug  ][gc,phases,start] GC(3) Weak Processing
[6.135s][debug  ][gc,phases      ] GC(3)   VM Weak                        Min:  0.0, Avg:  0.0, Max:  0.0, Diff:  0.0, Sum:  0.0, Workers: 6
[6.135s][debug  ][gc,phases      ] GC(3)     Dead                           Min: 0, Avg:  0.0, Max: 0, Diff: 0, Sum: 0, Workers: 6
[6.135s][debug  ][gc,phases      ] GC(3)     Total                          Min: 0, Avg:  1.3, Max: 8, Diff: 8, Sum: 8, Workers: 6
[6.135s][debug  ][gc,phases      ] GC(3)   ObjectSynchronizer Weak        Min:  0.0, Avg:  0.0, Max:  0.0, Diff:  0.0, Sum:  0.0, Workers: 6
[6.135s][debug  ][gc,phases      ] GC(3)     Dead                           Min: 0, Avg:  0.0, Max: 0, Diff: 0, Sum: 0, Workers: 6
[6.135s][debug  ][gc,phases      ] GC(3)     Total                          Min: 0, Avg:  0.5, Max: 3, Diff: 3, Sum: 3, Workers: 6
[6.135s][debug  ][gc,phases      ] GC(3)   JVMTI Tag Weak OopStorage      Min:  0.0, Avg:  0.0, Max:  0.0, Diff:  0.0, Sum:  0.0, Workers: 6
[6.135s][debug  ][gc,phases      ] GC(3)     Dead                           Min: 0, Avg:  0.0, Max: 0, Diff: 0, Sum: 0, Workers: 6
[6.135s][debug  ][gc,phases      ] GC(3)     Total                          Min: 0, Avg:  0.0, Max: 0, Diff: 0, Sum: 0, Workers: 6
[6.135s][debug  ][gc,phases      ] GC(3)   StringTable Weak               Min:  0.0, Avg:  0.0, Max:  0.1, Diff:  0.0, Sum:  0.3, Workers: 6
[6.135s][debug  ][gc,phases      ] GC(3)     Dead                           Min: 0, Avg:  0.0, Max: 0, Diff: 0, Sum: 0, Workers: 6
[6.135s][debug  ][gc,phases      ] GC(3)     Total                          Min: 512, Avg: 892.5, Max: 1344, Diff: 832, Sum: 5355, Workers: 6
[6.135s][debug  ][gc,phases      ] GC(3)   ResolvedMethodTable Weak       Min:  0.0, Avg:  0.0, Max:  0.0, Diff:  0.0, Sum:  0.0, Workers: 6
[6.135s][debug  ][gc,phases      ] GC(3)     Dead                           Min: 0, Avg:  0.0, Max: 0, Diff: 0, Sum: 0, Workers: 6
[6.135s][debug  ][gc,phases      ] GC(3)     Total                          Min: 0, Avg: 21.7, Max: 64, Diff: 64, Sum: 130, Workers: 6
[6.135s][debug  ][gc,phases      ] GC(3)   JNI Weak                       Min:  0.0, Avg:  0.0, Max:  0.0, Diff:  0.0, Sum:  0.0, Workers: 6
[6.135s][debug  ][gc,phases      ] GC(3)     Dead                           Min: 0, Avg:  0.0, Max: 0, Diff: 0, Sum: 0, Workers: 6
[6.135s][debug  ][gc,phases      ] GC(3)     Total                          Min: 0, Avg:  0.0, Max: 0, Diff: 0, Sum: 0, Workers: 6
[6.135s][debug  ][gc,phases      ] GC(3)   StringDedup Table Weak         Min:  0.0, Avg:  0.0, Max:  0.0, Diff:  0.0, Sum:  0.0, Workers: 6
[6.135s][debug  ][gc,phases      ] GC(3)     Dead                           Min: 0, Avg:  0.0, Max: 0, Diff: 0, Sum: 0, Workers: 6
[6.135s][debug  ][gc,phases      ] GC(3)     Total                          Min: 0, Avg:  0.0, Max: 0, Diff: 0, Sum: 0, Workers: 6
[6.135s][debug  ][gc,phases      ] GC(3)   StringDedup Requests0 Weak     Min:  0.0, Avg:  0.0, Max:  0.0, Diff:  0.0, Sum:  0.0, Workers: 6
[6.135s][debug  ][gc,phases      ] GC(3)     Dead                           Min: 0, Avg:  0.0, Max: 0, Diff: 0, Sum: 0, Workers: 6
[6.135s][debug  ][gc,phases      ] GC(3)     Total                          Min: 0, Avg:  0.0, Max: 0, Diff: 0, Sum: 0, Workers: 6
[6.135s][debug  ][gc,phases      ] GC(3)   StringDedup Requests1 Weak     Min:  0.0, Avg:  0.0, Max:  0.0, Diff:  0.0, Sum:  0.0, Workers: 6
[6.136s][debug  ][gc,phases      ] GC(3)     Dead                           Min: 0, Avg:  0.0, Max: 0, Diff: 0, Sum: 0, Workers: 6
[6.136s][debug  ][gc,phases      ] GC(3)     Total                          Min: 0, Avg:  0.0, Max: 0, Diff: 0, Sum: 0, Workers: 6
[6.136s][debug  ][gc,phases      ] GC(3)   Weak JFR Old Object Samples    Min:  0.0, Avg:  0.0, Max:  0.0, Diff:  0.0, Sum:  0.0, Workers: 6
[6.136s][debug  ][gc,phases      ] GC(3)     Dead                           Min: 0, Avg:  0.0, Max: 0, Diff: 0, Sum: 0, Workers: 6
[6.136s][debug  ][gc,phases      ] GC(3)     Total                          Min: 0, Avg:  0.0, Max: 0, Diff: 0, Sum: 0, Workers: 6
[6.136s][debug  ][gc,phases      ] GC(3) Weak Processing 0.839ms
[6.136s][debug  ][gc,ergo        ] GC(3) AdaptiveSizeStart:  collection: 4 
[6.136s][debug  ][gc,age         ] GC(3) Desired survivor size 16777216 bytes, new threshold 7 (max threshold 15)
[6.136s][debug  ][gc,ergo        ] GC(3) PSAdaptiveSizePolicy::compute_eden_space_size limits: desired_eden_size: 201326592 old_eden_size: 100663296 eden_limit: 100663296 cur_eden: 100663296 max_eden_size: 100663296 avg_young_live: 16506698
[6.136s][debug  ][gc,ergo        ] GC(3) PSAdaptiveSizePolicy::compute_eden_space_size: costs minor_time: 0.010072 major_cost: 0.000000 mutator_cost: 0.989928 throughput_goal: 0.990000
[6.136s][debug  ][gc,ergo        ] GC(3) Live_space: 284942144 free_space: 201326592
[6.136s][debug  ][gc,ergo        ] GC(3) Old eden_size: 100663296 desired_eden_size: 100663296
[6.136s][debug  ][gc,ergo        ] GC(3) AdaptiveSizeStop: collection: 4 
[6.136s][info   ][gc,heap        ] GC(3) PSYoungGen: 114383K(114688K)->16168K(114688K) Eden: 98167K(98304K)->0K(98304K) From: 16216K(16384K)->16168K(16384K)
[6.136s][info   ][gc,heap        ] GC(3) ParOldGen: 203803K(917504K)->261147K(917504K)
[6.136s][info   ][gc,metaspace   ] GC(3) Metaspace: 1019K(1216K)->1019K(1216K) NonClass: 936K(1024K)->936K(1024K) Class: 83K(192K)->83K(192K)
[6.136s][info   ][gc             ] GC(3) Pause Young (Allocation Failure) 310M->270M(1008M) 12.733ms
[6.136s][info   ][gc,cpu         ] GC(3) User=0.00s Sys=0.16s Real=0.01s
[6.136s][debug  ][gc,heap        ] GC(3) Heap after GC invocations=4 (full 0):
[6.136s][debug  ][gc,heap        ] GC(3)  PSYoungGen      total 114688K, used 16168K [0x00000000f8000000, 0x0000000100000000, 0x0000000100000000)
[6.136s][debug  ][gc,heap        ] GC(3)   eden space 98304K, 0% used [0x00000000f8000000,0x00000000f8000000,0x00000000fe000000)
[6.136s][debug  ][gc,heap        ] GC(3)   from space 16384K, 98% used [0x00000000ff000000,0x00000000fffca100,0x0000000100000000)
[6.136s][debug  ][gc,heap        ] GC(3)   to   space 16384K, 0% used [0x00000000fe000000,0x00000000fe000000,0x00000000ff000000)
[6.136s][debug  ][gc,heap        ] GC(3)  ParOldGen       total 917504K, used 261147K [0x00000000c0000000, 0x00000000f8000000, 0x00000000f8000000)
[6.136s][debug  ][gc,heap        ] GC(3)   object space 917504K, 28% used [0x00000000c0000000,0x00000000cff06ff0,0x00000000f8000000)
[6.136s][debug  ][gc,heap        ] GC(3)  Metaspace       used 1019K, committed 1216K, reserved 1056768K
[6.136s][debug  ][gc,heap        ] GC(3)   class space    used 83K, committed 192K, reserved 1048576K
[6.136s][debug  ][gc,task,time   ] GC(3) VM-Thread 61227497 61340374 61362032
[7.642s][debug  ][gc,heap        ] GC(4) Heap before GC invocations=5 (full 0):
[7.642s][debug  ][gc,heap        ] GC(4)  PSYoungGen      total 114688K, used 114348K [0x00000000f8000000, 0x0000000100000000, 0x0000000100000000)
[7.643s][debug  ][gc,heap        ] GC(4)   eden space 98304K, 99% used [0x00000000f8000000,0x00000000fdfe12c8,0x00000000fe000000)
[7.643s][debug  ][gc,heap        ] GC(4)   from space 16384K, 98% used [0x00000000ff000000,0x00000000fffca100,0x0000000100000000)
[7.643s][debug  ][gc,heap        ] GC(4)   to   space 16384K, 0% used [0x00000000fe000000,0x00000000fe000000,0x00000000ff000000)
[7.643s][debug  ][gc,heap        ] GC(4)  ParOldGen       total 917504K, used 261147K [0x00000000c0000000, 0x00000000f8000000, 0x00000000f8000000)
[7.643s][debug  ][gc,heap        ] GC(4)   object space 917504K, 28% used [0x00000000c0000000,0x00000000cff06ff0,0x00000000f8000000)
[7.643s][debug  ][gc,heap        ] GC(4)  Metaspace       used 1019K, committed 1216K, reserved 1056768K
[7.643s][debug  ][gc,heap        ] GC(4)   class space    used 83K, committed 192K, reserved 1048576K
[7.643s][debug  ][gc,tlab        ] GC(4) TLAB totals: thrds: 1  refills: 1 max: 1 slow allocs: 93 max 93 waste: 30.5% gc: 919624B max: 919624B slow: 0B max: 0B
[7.643s][info   ][gc,start       ] GC(4) Pause Young (Allocation Failure)
[7.643s][debug  ][gc,phases,start] GC(4) Scavenge
[7.653s][debug  ][gc,phases      ] GC(4) Scavenge 9.897ms
[7.653s][debug  ][gc,phases,start] GC(4) Reference Processing
[7.653s][debug  ][gc,ref         ] GC(4) Skipped phase 1 of Reference Processing: no references
[7.653s][debug  ][gc,ref         ] GC(4) ReferenceProcessor::execute queues: 1, RefProcThreadModel::Single, marks_oops_alive: false
[7.653s][debug  ][gc,ref         ] GC(4) Skipped phase 3 of Reference Processing: no references
[7.653s][debug  ][gc,ref         ] GC(4) ReferenceProcessor::execute queues: 1, RefProcThreadModel::Single, marks_oops_alive: false
[7.653s][debug  ][gc,phases,ref  ] GC(4) Reference Processing: 0.1ms
[7.653s][debug  ][gc,phases,ref  ] GC(4)   Reconsider SoftReferences: 0.0ms
[7.653s][debug  ][gc,phases,ref  ] GC(4)     SoftRef (ms):                  skipped
[7.653s][debug  ][gc,phases,ref  ] GC(4)   Notify Soft/WeakReferences: 0.0ms
[7.653s][debug  ][gc,phases,ref  ] GC(4)     SoftRef (ms):                  Min:  0.0, Avg:  0.0, Max:  0.0, Diff:  0.0, Sum:  0.0, Workers: 10
[7.653s][debug  ][gc,phases,ref  ] GC(4)     WeakRef (ms):                  Min:  0.0, Avg:  0.0, Max:  0.0, Diff:  0.0, Sum:  0.0, Workers: 10
[7.653s][debug  ][gc,phases,ref  ] GC(4)     FinalRef (ms):                 Min:  0.0, Avg:  0.0, Max:  0.0, Diff:  0.0, Sum:  0.0, Workers: 10
[7.653s][debug  ][gc,phases,ref  ] GC(4)     Total (ms):                    Min:  0.0, Avg:  0.0, Max:  0.0, Diff:  0.0, Sum:  0.0, Workers: 10
[7.653s][debug  ][gc,phases,ref  ] GC(4)   Notify and keep alive finalizable: 0.0ms
[7.653s][debug  ][gc,phases,ref  ] GC(4)     FinalRef (ms):                 skipped
[7.653s][debug  ][gc,phases,ref  ] GC(4)   Notify PhantomReferences: 0.0ms
[7.653s][debug  ][gc,phases,ref  ] GC(4)     PhantomRef (ms):               Min:  0.0, Avg:  0.0, Max:  0.0, Diff:  0.0, Sum:  0.0, Workers: 10
[7.653s][debug  ][gc,phases,ref  ] GC(4)   SoftReference:
[7.653s][debug  ][gc,phases,ref  ] GC(4)     Discovered: 0
[7.653s][debug  ][gc,phases,ref  ] GC(4)     Cleared: 0
[7.653s][debug  ][gc,phases,ref  ] GC(4)   WeakReference:
[7.653s][debug  ][gc,phases,ref  ] GC(4)     Discovered: 103
[7.654s][debug  ][gc,phases,ref  ] GC(4)     Cleared: 103
[7.654s][debug  ][gc,phases,ref  ] GC(4)   FinalReference:
[7.654s][debug  ][gc,phases,ref  ] GC(4)     Discovered: 0
[7.654s][debug  ][gc,phases,ref  ] GC(4)     Cleared: 0
[7.654s][debug  ][gc,phases,ref  ] GC(4)   PhantomReference:
[7.654s][debug  ][gc,phases,ref  ] GC(4)     Discovered: 5
[7.654s][debug  ][gc,phases,ref  ] GC(4)     Cleared: 5
[7.654s][debug  ][gc,phases      ] GC(4) Reference Processing 0.883ms
[7.654s][debug  ][gc,phases,start] GC(4) Weak Processing
[7.654s][debug  ][gc,phases      ] GC(4)   VM Weak                        Min:  0.0, Avg:  0.0, Max:  0.0, Diff:  0.0, Sum:  0.0, Workers: 6
[7.654s][debug  ][gc,phases      ] GC(4)     Dead                           Min: 0, Avg:  0.0, Max: 0, Diff: 0, Sum: 0, Workers: 6
[7.654s][debug  ][gc,phases      ] GC(4)     Total                          Min: 0, Avg:  1.3, Max: 8, Diff: 8, Sum: 8, Workers: 6
[7.654s][debug  ][gc,phases      ] GC(4)   ObjectSynchronizer Weak        Min:  0.0, Avg:  0.0, Max:  0.0, Diff:  0.0, Sum:  0.0, Workers: 6
[7.654s][debug  ][gc,phases      ] GC(4)     Dead                           Min: 0, Avg:  0.0, Max: 0, Diff: 0, Sum: 0, Workers: 6
[7.654s][debug  ][gc,phases      ] GC(4)     Total                          Min: 0, Avg:  0.5, Max: 3, Diff: 3, Sum: 3, Workers: 6
[7.654s][debug  ][gc,phases      ] GC(4)   JVMTI Tag Weak OopStorage      Min:  0.0, Avg:  0.0, Max:  0.0, Diff:  0.0, Sum:  0.0, Workers: 6
[7.654s][debug  ][gc,phases      ] GC(4)     Dead                           Min: 0, Avg:  0.0, Max: 0, Diff: 0, Sum: 0, Workers: 6
[7.654s][debug  ][gc,phases      ] GC(4)     Total                          Min: 0, Avg:  0.0, Max: 0, Diff: 0, Sum: 0, Workers: 6
[7.654s][debug  ][gc,phases      ] GC(4)   StringTable Weak               Min:  0.0, Avg:  0.1, Max:  0.1, Diff:  0.0, Sum:  0.3, Workers: 6
[7.654s][debug  ][gc,phases      ] GC(4)     Dead                           Min: 0, Avg:  0.0, Max: 0, Diff: 0, Sum: 0, Workers: 6
[7.654s][debug  ][gc,phases      ] GC(4)     Total                          Min: 512, Avg: 892.5, Max: 1408, Diff: 896, Sum: 5355, Workers: 6
[7.654s][debug  ][gc,phases      ] GC(4)   ResolvedMethodTable Weak       Min:  0.0, Avg:  0.0, Max:  0.0, Diff:  0.0, Sum:  0.0, Workers: 6
[7.654s][debug  ][gc,phases      ] GC(4)     Dead                           Min: 0, Avg:  0.0, Max: 0, Diff: 0, Sum: 0, Workers: 6
[7.654s][debug  ][gc,phases      ] GC(4)     Total                          Min: 0, Avg: 21.7, Max: 64, Diff: 64, Sum: 130, Workers: 6
[7.654s][debug  ][gc,phases      ] GC(4)   JNI Weak                       Min:  0.0, Avg:  0.0, Max:  0.0, Diff:  0.0, Sum:  0.0, Workers: 6
[7.654s][debug  ][gc,phases      ] GC(4)     Dead                           Min: 0, Avg:  0.0, Max: 0, Diff: 0, Sum: 0, Workers: 6
[7.654s][debug  ][gc,phases      ] GC(4)     Total                          Min: 0, Avg:  0.0, Max: 0, Diff: 0, Sum: 0, Workers: 6
[7.654s][debug  ][gc,phases      ] GC(4)   StringDedup Table Weak         Min:  0.0, Avg:  0.0, Max:  0.0, Diff:  0.0, Sum:  0.0, Workers: 6
[7.654s][debug  ][gc,phases      ] GC(4)     Dead                           Min: 0, Avg:  0.0, Max: 0, Diff: 0, Sum: 0, Workers: 6
[7.654s][debug  ][gc,phases      ] GC(4)     Total                          Min: 0, Avg:  0.0, Max: 0, Diff: 0, Sum: 0, Workers: 6
[7.654s][debug  ][gc,phases      ] GC(4)   StringDedup Requests0 Weak     Min:  0.0, Avg:  0.0, Max:  0.0, Diff:  0.0, Sum:  0.0, Workers: 6
[7.654s][debug  ][gc,phases      ] GC(4)     Dead                           Min: 0, Avg:  0.0, Max: 0, Diff: 0, Sum: 0, Workers: 6
[7.654s][debug  ][gc,phases      ] GC(4)     Total                          Min: 0, Avg:  0.0, Max: 0, Diff: 0, Sum: 0, Workers: 6
[7.654s][debug  ][gc,phases      ] GC(4)   StringDedup Requests1 Weak     Min:  0.0, Avg:  0.0, Max:  0.0, Diff:  0.0, Sum:  0.0, Workers: 6
[7.654s][debug  ][gc,phases      ] GC(4)     Dead                           Min: 0, Avg:  0.0, Max: 0, Diff: 0, Sum: 0, Workers: 6
[7.654s][debug  ][gc,phases      ] GC(4)     Total                          Min: 0, Avg:  0.0, Max: 0, Diff: 0, Sum: 0, Workers: 6
[7.654s][debug  ][gc,phases      ] GC(4)   Weak JFR Old Object Samples    Min:  0.0, Avg:  0.0, Max:  0.0, Diff:  0.0, Sum:  0.0, Workers: 6
[7.655s][debug  ][gc,phases      ] GC(4)     Dead                           Min: 0, Avg:  0.0, Max: 0, Diff: 0, Sum: 0, Workers: 6
[7.655s][debug  ][gc,phases      ] GC(4)     Total                          Min: 0, Avg:  0.0, Max: 0, Diff: 0, Sum: 0, Workers: 6
[7.655s][debug  ][gc,phases      ] GC(4) Weak Processing 0.854ms
[7.655s][debug  ][gc,ergo        ] GC(4) AdaptiveSizeStart:  collection: 5 
[7.655s][debug  ][gc,ergo        ] GC(4) avg_survived_padded_avg: 16700324.000000
[7.655s][debug  ][gc,ergo        ] GC(4) avg_promoted_padded_avg: 80753584.000000  avg_pretenured_padded_avg: 0.000000  tenuring_thresh: 6  target_size: 16777216
[7.655s][debug  ][gc,age         ] GC(4) Desired survivor size 16777216 bytes, new threshold 6 (max threshold 15)
[7.655s][debug  ][gc,ergo        ] GC(4) PSAdaptiveSizePolicy::compute_eden_space_size: costs minor_time: 0.009491 major_cost: 0.000000 mutator_cost: 0.990509 throughput_goal: 0.990000
[7.655s][debug  ][gc,ergo        ] GC(4) Live_space: 284945504 free_space: 201326592
[7.655s][debug  ][gc,ergo        ] GC(4) Old eden_size: 100663296 desired_eden_size: 98566144
[7.655s][debug  ][gc,ergo        ] GC(4) AdaptiveSizeStop: collection: 5 
[7.655s][info   ][gc,heap        ] GC(4) PSYoungGen: 114348K(114688K)->16136K(114688K) Eden: 98180K(98304K)->0K(98304K) From: 16168K(16384K)->16136K(16384K)
[7.655s][info   ][gc,heap        ] GC(4) ParOldGen: 261147K(917504K)->313372K(917504K)
[7.655s][info   ][gc,metaspace   ] GC(4) Metaspace: 1019K(1216K)->1019K(1216K) NonClass: 936K(1024K)->936K(1024K) Class: 83K(192K)->83K(192K)
[7.655s][info   ][gc             ] GC(4) Pause Young (Allocation Failure) 366M->321M(1008M) 12.111ms
[7.655s][info   ][gc,cpu         ] GC(4) User=0.00s Sys=0.00s Real=0.01s
[7.655s][debug  ][gc,heap        ] GC(4) Heap after GC invocations=5 (full 0):
[7.655s][debug  ][gc,heap        ] GC(4)  PSYoungGen      total 114688K, used 16136K [0x00000000f8000000, 0x0000000100000000, 0x0000000100000000)
[7.655s][debug  ][gc,heap        ] GC(4)   eden space 98304K, 0% used [0x00000000f8000000,0x00000000f8000000,0x00000000fe000000)
[7.655s][debug  ][gc,heap        ] GC(4)   from space 16384K, 98% used [0x00000000fe000000,0x00000000fefc2100,0x00000000ff000000)
[7.655s][debug  ][gc,heap        ] GC(4)   to   space 16384K, 0% used [0x00000000ff000000,0x00000000ff000000,0x0000000100000000)
[7.655s][debug  ][gc,heap        ] GC(4)  ParOldGen       total 917504K, used 313372K [0x00000000c0000000, 0x00000000f8000000, 0x00000000f8000000)
[7.655s][debug  ][gc,heap        ] GC(4)   object space 917504K, 34% used [0x00000000c0000000,0x00000000d3207320,0x00000000f8000000)
[7.655s][debug  ][gc,heap        ] GC(4)  Metaspace       used 1019K, committed 1216K, reserved 1056768K
[7.655s][debug  ][gc,heap        ] GC(4)   class space    used 83K, committed 192K, reserved 1048576K
[7.655s][debug  ][gc,task,time   ] GC(4) VM-Thread 76423754 76527924 76551548
[9.175s][debug  ][gc,heap        ] GC(5) Heap before GC invocations=6 (full 0):
[9.175s][debug  ][gc,heap        ] GC(5)  PSYoungGen      total 114688K, used 114325K [0x00000000f8000000, 0x0000000100000000, 0x0000000100000000)
[9.175s][debug  ][gc,heap        ] GC(5)   eden space 98304K, 99% used [0x00000000f8000000,0x00000000fdfe3598,0x00000000fe000000)
[9.175s][debug  ][gc,heap        ] GC(5)   from space 16384K, 98% used [0x00000000fe000000,0x00000000fefc2100,0x00000000ff000000)
[9.175s][debug  ][gc,heap        ] GC(5)   to   space 16384K, 0% used [0x00000000ff000000,0x00000000ff000000,0x0000000100000000)
[9.175s][debug  ][gc,heap        ] GC(5)  ParOldGen       total 917504K, used 313372K [0x00000000c0000000, 0x00000000f8000000, 0x00000000f8000000)
[9.175s][debug  ][gc,heap        ] GC(5)   object space 917504K, 34% used [0x00000000c0000000,0x00000000d3207320,0x00000000f8000000)
[9.175s][debug  ][gc,heap        ] GC(5)  Metaspace       used 1019K, committed 1216K, reserved 1056768K
[9.175s][debug  ][gc,heap        ] GC(5)   class space    used 83K, committed 192K, reserved 1048576K
[9.175s][debug  ][gc,tlab        ] GC(5) TLAB totals: thrds: 1  refills: 1 max: 1 slow allocs: 93 max 93 waste: 30.7% gc: 928536B max: 928536B slow: 0B max: 0B
[9.175s][info   ][gc,start       ] GC(5) Pause Young (Allocation Failure)
[9.175s][debug  ][gc,phases,start] GC(5) Scavenge
[9.185s][debug  ][gc,phases      ] GC(5) Scavenge 9.580ms
[9.185s][debug  ][gc,phases,start] GC(5) Reference Processing
[9.185s][debug  ][gc,ref         ] GC(5) Skipped phase 1 of Reference Processing: no references
[9.185s][debug  ][gc,ref         ] GC(5) ReferenceProcessor::execute queues: 1, RefProcThreadModel::Single, marks_oops_alive: false
[9.185s][debug  ][gc,ref         ] GC(5) Skipped phase 3 of Reference Processing: no references
[9.185s][debug  ][gc,ref         ] GC(5) ReferenceProcessor::execute queues: 1, RefProcThreadModel::Single, marks_oops_alive: false
[9.185s][debug  ][gc,phases,ref  ] GC(5) Reference Processing: 0.1ms
[9.185s][debug  ][gc,phases,ref  ] GC(5)   Reconsider SoftReferences: 0.0ms
[9.185s][debug  ][gc,phases,ref  ] GC(5)     SoftRef (ms):                  skipped
[9.185s][debug  ][gc,phases,ref  ] GC(5)   Notify Soft/WeakReferences: 0.0ms
[9.185s][debug  ][gc,phases,ref  ] GC(5)     SoftRef (ms):                  Min:  0.0, Avg:  0.0, Max:  0.0, Diff:  0.0, Sum:  0.0, Workers: 10
[9.185s][debug  ][gc,phases,ref  ] GC(5)     WeakRef (ms):                  Min:  0.0, Avg:  0.0, Max:  0.0, Diff:  0.0, Sum:  0.0, Workers: 10
[9.185s][debug  ][gc,phases,ref  ] GC(5)     FinalRef (ms):                 Min:  0.0, Avg:  0.0, Max:  0.0, Diff:  0.0, Sum:  0.0, Workers: 10
[9.185s][debug  ][gc,phases,ref  ] GC(5)     Total (ms):                    Min:  0.0, Avg:  0.0, Max:  0.0, Diff:  0.0, Sum:  0.0, Workers: 10
[9.185s][debug  ][gc,phases,ref  ] GC(5)   Notify and keep alive finalizable: 0.0ms
[9.185s][debug  ][gc,phases,ref  ] GC(5)     FinalRef (ms):                 skipped
[9.185s][debug  ][gc,phases,ref  ] GC(5)   Notify PhantomReferences: 0.0ms
[9.185s][debug  ][gc,phases,ref  ] GC(5)     PhantomRef (ms):               Min:  0.0, Avg:  0.0, Max:  0.0, Diff:  0.0, Sum:  0.0, Workers: 10
[9.185s][debug  ][gc,phases,ref  ] GC(5)   SoftReference:
[9.185s][debug  ][gc,phases,ref  ] GC(5)     Discovered: 0
[9.185s][debug  ][gc,phases,ref  ] GC(5)     Cleared: 0
[9.185s][debug  ][gc,phases,ref  ] GC(5)   WeakReference:
[9.185s][debug  ][gc,phases,ref  ] GC(5)     Discovered: 55
[9.185s][debug  ][gc,phases,ref  ] GC(5)     Cleared: 55
[9.185s][debug  ][gc,phases,ref  ] GC(5)   FinalReference:
[9.185s][debug  ][gc,phases,ref  ] GC(5)     Discovered: 0
[9.185s][debug  ][gc,phases,ref  ] GC(5)     Cleared: 0
[9.185s][debug  ][gc,phases,ref  ] GC(5)   PhantomReference:
[9.185s][debug  ][gc,phases,ref  ] GC(5)     Discovered: 5
[9.185s][debug  ][gc,phases,ref  ] GC(5)     Cleared: 5
[9.185s][debug  ][gc,phases      ] GC(5) Reference Processing 0.628ms
[9.185s][debug  ][gc,phases,start] GC(5) Weak Processing
[9.185s][debug  ][gc,phases      ] GC(5)   VM Weak                        Min:  0.0, Avg:  0.0, Max:  0.0, Diff:  0.0, Sum:  0.0, Workers: 6
[9.185s][debug  ][gc,phases      ] GC(5)     Dead                           Min: 0, Avg:  0.0, Max: 0, Diff: 0, Sum: 0, Workers: 6
[9.185s][debug  ][gc,phases      ] GC(5)     Total                          Min: 0, Avg:  1.3, Max: 8, Diff: 8, Sum: 8, Workers: 6
[9.185s][debug  ][gc,phases      ] GC(5)   ObjectSynchronizer Weak        Min:  0.0, Avg:  0.0, Max:  0.0, Diff:  0.0, Sum:  0.0, Workers: 6
[9.185s][debug  ][gc,phases      ] GC(5)     Dead                           Min: 0, Avg:  0.0, Max: 0, Diff: 0, Sum: 0, Workers: 6
[9.186s][debug  ][gc,phases      ] GC(5)     Total                          Min: 0, Avg:  0.5, Max: 3, Diff: 3, Sum: 3, Workers: 6
[9.186s][debug  ][gc,phases      ] GC(5)   JVMTI Tag Weak OopStorage      Min:  0.0, Avg:  0.0, Max:  0.0, Diff:  0.0, Sum:  0.0, Workers: 6
[9.186s][debug  ][gc,phases      ] GC(5)     Dead                           Min: 0, Avg:  0.0, Max: 0, Diff: 0, Sum: 0, Workers: 6
[9.186s][debug  ][gc,phases      ] GC(5)     Total                          Min: 0, Avg:  0.0, Max: 0, Diff: 0, Sum: 0, Workers: 6
[9.186s][debug  ][gc,phases      ] GC(5)   StringTable Weak               Min:  0.0, Avg:  0.0, Max:  0.0, Diff:  0.0, Sum:  0.3, Workers: 6
[9.186s][debug  ][gc,phases      ] GC(5)     Dead                           Min: 0, Avg:  0.0, Max: 0, Diff: 0, Sum: 0, Workers: 6
[9.186s][debug  ][gc,phases      ] GC(5)     Total                          Min: 448, Avg: 892.5, Max: 1280, Diff: 832, Sum: 5355, Workers: 6
[9.186s][debug  ][gc,phases      ] GC(5)   ResolvedMethodTable Weak       Min:  0.0, Avg:  0.0, Max:  0.0, Diff:  0.0, Sum:  0.0, Workers: 6
[9.186s][debug  ][gc,phases      ] GC(5)     Dead                           Min: 0, Avg:  0.0, Max: 0, Diff: 0, Sum: 0, Workers: 6
[9.186s][debug  ][gc,phases      ] GC(5)     Total                          Min: 0, Avg: 21.7, Max: 64, Diff: 64, Sum: 130, Workers: 6
[9.186s][debug  ][gc,phases      ] GC(5)   JNI Weak                       Min:  0.0, Avg:  0.0, Max:  0.0, Diff:  0.0, Sum:  0.0, Workers: 6
[9.186s][debug  ][gc,phases      ] GC(5)     Dead                           Min: 0, Avg:  0.0, Max: 0, Diff: 0, Sum: 0, Workers: 6
[9.186s][debug  ][gc,phases      ] GC(5)     Total                          Min: 0, Avg:  0.0, Max: 0, Diff: 0, Sum: 0, Workers: 6
[9.186s][debug  ][gc,phases      ] GC(5)   StringDedup Table Weak         Min:  0.0, Avg:  0.0, Max:  0.0, Diff:  0.0, Sum:  0.0, Workers: 6
[9.186s][debug  ][gc,phases      ] GC(5)     Dead                           Min: 0, Avg:  0.0, Max: 0, Diff: 0, Sum: 0, Workers: 6
[9.186s][debug  ][gc,phases      ] GC(5)     Total                          Min: 0, Avg:  0.0, Max: 0, Diff: 0, Sum: 0, Workers: 6
[9.186s][debug  ][gc,phases      ] GC(5)   StringDedup Requests0 Weak     Min:  0.0, Avg:  0.0, Max:  0.0, Diff:  0.0, Sum:  0.0, Workers: 6
[9.186s][debug  ][gc,phases      ] GC(5)     Dead                           Min: 0, Avg:  0.0, Max: 0, Diff: 0, Sum: 0, Workers: 6
[9.186s][debug  ][gc,phases      ] GC(5)     Total                          Min: 0, Avg:  0.0, Max: 0, Diff: 0, Sum: 0, Workers: 6
[9.186s][debug  ][gc,phases      ] GC(5)   StringDedup Requests1 Weak     Min:  0.0, Avg:  0.0, Max:  0.0, Diff:  0.0, Sum:  0.0, Workers: 6
[9.186s][debug  ][gc,phases      ] GC(5)     Dead                           Min: 0, Avg:  0.0, Max: 0, Diff: 0, Sum: 0, Workers: 6
[9.186s][debug  ][gc,phases      ] GC(5)     Total                          Min: 0, Avg:  0.0, Max: 0, Diff: 0, Sum: 0, Workers: 6
[9.186s][debug  ][gc,phases      ] GC(5)   Weak JFR Old Object Samples    Min:  0.0, Avg:  0.0, Max:  0.0, Diff:  0.0, Sum:  0.0, Workers: 6
[9.186s][debug  ][gc,phases      ] GC(5)     Dead                           Min: 0, Avg:  0.0, Max: 0, Diff: 0, Sum: 0, Workers: 6
[9.186s][debug  ][gc,phases      ] GC(5)     Total                          Min: 0, Avg:  0.0, Max: 0, Diff: 0, Sum: 0, Workers: 6
[9.186s][debug  ][gc,phases      ] GC(5) Weak Processing 0.744ms
[9.186s][debug  ][gc,ergo        ] GC(5) AdaptiveSizeStart:  collection: 6 
[9.186s][debug  ][gc,ergo        ] GC(5) avg_survived_padded_avg: 16670597.000000
[9.186s][debug  ][gc,ergo        ] GC(5) avg_promoted_padded_avg: 81985840.000000  avg_pretenured_padded_avg: 0.000000  tenuring_thresh: 5  target_size: 16777216
[9.186s][debug  ][gc,age         ] GC(5) Desired survivor size 16777216 bytes, new threshold 5 (max threshold 15)
[9.186s][debug  ][gc,ergo        ] GC(5) PSAdaptiveSizePolicy::compute_eden_space_size: costs minor_time: 0.008930 major_cost: 0.000000 mutator_cost: 0.991070 throughput_goal: 0.990000
[9.186s][debug  ][gc,ergo        ] GC(5) Live_space: 284945056 free_space: 199229440
[9.186s][debug  ][gc,ergo        ] GC(5) Old eden_size: 98566144 desired_eden_size: 98566144
[9.186s][debug  ][gc,ergo        ] GC(5) AdaptiveSizeStop: collection: 6 
[9.186s][info   ][gc,heap        ] GC(5) PSYoungGen: 114325K(114688K)->16120K(114688K) Eden: 98189K(98304K)->0K(98304K) From: 16136K(16384K)->16120K(16384K)
[9.186s][info   ][gc,heap        ] GC(5) ParOldGen: 313372K(917504K)->360477K(917504K)
[9.186s][info   ][gc,metaspace   ] GC(5) Metaspace: 1019K(1216K)->1019K(1216K) NonClass: 936K(1024K)->936K(1024K) Class: 83K(192K)->83K(192K)
[9.186s][info   ][gc             ] GC(5) Pause Young (Allocation Failure) 417M->367M(1008M) 11.388ms
[9.186s][info   ][gc,cpu         ] GC(5) User=0.00s Sys=0.00s Real=0.01s
[9.186s][debug  ][gc,heap        ] GC(5) Heap after GC invocations=6 (full 0):
[9.186s][debug  ][gc,heap        ] GC(5)  PSYoungGen      total 114688K, used 16120K [0x00000000f8000000, 0x0000000100000000, 0x0000000100000000)
[9.186s][debug  ][gc,heap        ] GC(5)   eden space 98304K, 0% used [0x00000000f8000000,0x00000000f8000000,0x00000000fe000000)
[9.186s][debug  ][gc,heap        ] GC(5)   from space 16384K, 98% used [0x00000000ff000000,0x00000000fffbe0f0,0x0000000100000000)
[9.186s][debug  ][gc,heap        ] GC(5)   to   space 16384K, 0% used [0x00000000fe000000,0x00000000fe000000,0x00000000ff000000)
[9.187s][debug  ][gc,heap        ] GC(5)  ParOldGen       total 917504K, used 360477K [0x00000000c0000000, 0x00000000f8000000, 0x00000000f8000000)
[9.187s][debug  ][gc,heap        ] GC(5)   object space 917504K, 39% used [0x00000000c0000000,0x00000000d6007600,0x00000000f8000000)
[9.187s][debug  ][gc,heap        ] GC(5)  Metaspace       used 1019K, committed 1216K, reserved 1056768K
[9.187s][debug  ][gc,heap        ] GC(5)   class space    used 83K, committed 192K, reserved 1048576K
[9.187s][debug  ][gc,task,time   ] GC(5) VM-Thread 91745576 91846334 91866220
[10.702s][debug  ][gc,heap        ] GC(6) Heap before GC invocations=7 (full 0):
[10.702s][debug  ][gc,heap        ] GC(6)  PSYoungGen      total 114688K, used 114315K [0x00000000f8000000, 0x0000000100000000, 0x0000000100000000)
[10.702s][debug  ][gc,heap        ] GC(6)   eden space 98304K, 99% used [0x00000000f8000000,0x00000000fdfe4bf8,0x00000000fe000000)
[10.702s][debug  ][gc,heap        ] GC(6)   from space 16384K, 98% used [0x00000000ff000000,0x00000000fffbe0f0,0x0000000100000000)
[10.702s][debug  ][gc,heap        ] GC(6)   to   space 16384K, 0% used [0x00000000fe000000,0x00000000fe000000,0x00000000ff000000)
[10.702s][debug  ][gc,heap        ] GC(6)  ParOldGen       total 917504K, used 360477K [0x00000000c0000000, 0x00000000f8000000, 0x00000000f8000000)
[10.702s][debug  ][gc,heap        ] GC(6)   object space 917504K, 39% used [0x00000000c0000000,0x00000000d6007600,0x00000000f8000000)
[10.702s][debug  ][gc,heap        ] GC(6)  Metaspace       used 1019K, committed 1216K, reserved 1056768K
[10.702s][debug  ][gc,heap        ] GC(6)   class space    used 83K, committed 192K, reserved 1048576K
[10.702s][debug  ][gc,tlab        ] GC(6) TLAB totals: thrds: 1  refills: 1 max: 1 slow allocs: 93 max 93 waste: 30.8% gc: 934264B max: 934264B slow: 0B max: 0B
[10.702s][info   ][gc,start       ] GC(6) Pause Young (Allocation Failure)
[10.702s][debug  ][gc,phases,start] GC(6) Scavenge
[10.710s][debug  ][gc,phases      ] GC(6) Scavenge 7.753ms
[10.710s][debug  ][gc,phases,start] GC(6) Reference Processing
[10.710s][debug  ][gc,ref         ] GC(6) Skipped phase 1 of Reference Processing: no references
[10.710s][debug  ][gc,ref         ] GC(6) Skipped phase 2 of Reference Processing: no references
[10.710s][debug  ][gc,ref         ] GC(6) Skipped phase 3 of Reference Processing: no references
[10.710s][debug  ][gc,ref         ] GC(6) Skipped phase 4 of Reference Processing: no references
[10.710s][debug  ][gc,phases,ref  ] GC(6) Reference Processing: 0.1ms
[10.710s][debug  ][gc,phases,ref  ] GC(6)   Reconsider SoftReferences: 0.0ms
[10.710s][debug  ][gc,phases,ref  ] GC(6)     SoftRef (ms):                  skipped
[10.710s][debug  ][gc,phases,ref  ] GC(6)   Notify Soft/WeakReferences: 0.0ms
[10.710s][debug  ][gc,phases,ref  ] GC(6)     SoftRef (ms):                  skipped
[10.710s][debug  ][gc,phases,ref  ] GC(6)     WeakRef (ms):                  skipped
[10.710s][debug  ][gc,phases,ref  ] GC(6)     FinalRef (ms):                 skipped
[10.710s][debug  ][gc,phases,ref  ] GC(6)     Total (ms):                    skipped
[10.710s][debug  ][gc,phases,ref  ] GC(6)   Notify and keep alive finalizable: 0.0ms
[10.710s][debug  ][gc,phases,ref  ] GC(6)     FinalRef (ms):                 skipped
[10.710s][debug  ][gc,phases,ref  ] GC(6)   Notify PhantomReferences: 0.0ms
[10.710s][debug  ][gc,phases,ref  ] GC(6)     PhantomRef (ms):               skipped
[10.710s][debug  ][gc,phases,ref  ] GC(6)   SoftReference:
[10.710s][debug  ][gc,phases,ref  ] GC(6)     Discovered: 0
[10.710s][debug  ][gc,phases,ref  ] GC(6)     Cleared: 0
[10.710s][debug  ][gc,phases,ref  ] GC(6)   WeakReference:
[10.710s][debug  ][gc,phases,ref  ] GC(6)     Discovered: 0
[10.710s][debug  ][gc,phases,ref  ] GC(6)     Cleared: 0
[10.710s][debug  ][gc,phases,ref  ] GC(6)   FinalReference:
[10.710s][debug  ][gc,phases,ref  ] GC(6)     Discovered: 0
[10.710s][debug  ][gc,phases,ref  ] GC(6)     Cleared: 0
[10.710s][debug  ][gc,phases,ref  ] GC(6)   PhantomReference:
[10.710s][debug  ][gc,phases,ref  ] GC(6)     Discovered: 0
[10.710s][debug  ][gc,phases,ref  ] GC(6)     Cleared: 0
[10.710s][debug  ][gc,phases      ] GC(6) Reference Processing 0.571ms
[10.710s][debug  ][gc,phases,start] GC(6) Weak Processing
[10.710s][debug  ][gc,phases      ] GC(6)   VM Weak                        Min:  0.0, Avg:  0.0, Max:  0.0, Diff:  0.0, Sum:  0.0, Workers: 6
[10.710s][debug  ][gc,phases      ] GC(6)     Dead                           Min: 0, Avg:  0.0, Max: 0, Diff: 0, Sum: 0, Workers: 6
[10.711s][debug  ][gc,phases      ] GC(6)     Total                          Min: 0, Avg:  1.3, Max: 8, Diff: 8, Sum: 8, Workers: 6
[10.711s][debug  ][gc,phases      ] GC(6)   ObjectSynchronizer Weak        Min:  0.0, Avg:  0.0, Max:  0.0, Diff:  0.0, Sum:  0.0, Workers: 6
[10.711s][debug  ][gc,phases      ] GC(6)     Dead                           Min: 0, Avg:  0.0, Max: 0, Diff: 0, Sum: 0, Workers: 6
[10.711s][debug  ][gc,phases      ] GC(6)     Total                          Min: 0, Avg:  0.5, Max: 3, Diff: 3, Sum: 3, Workers: 6
[10.711s][debug  ][gc,phases      ] GC(6)   JVMTI Tag Weak OopStorage      Min:  0.0, Avg:  0.0, Max:  0.0, Diff:  0.0, Sum:  0.0, Workers: 6
[10.711s][debug  ][gc,phases      ] GC(6)     Dead                           Min: 0, Avg:  0.0, Max: 0, Diff: 0, Sum: 0, Workers: 6
[10.711s][debug  ][gc,phases      ] GC(6)     Total                          Min: 0, Avg:  0.0, Max: 0, Diff: 0, Sum: 0, Workers: 6
[10.711s][debug  ][gc,phases      ] GC(6)   StringTable Weak               Min:  0.0, Avg:  0.0, Max:  0.0, Diff:  0.0, Sum:  0.3, Workers: 6
[10.711s][debug  ][gc,phases      ] GC(6)     Dead                           Min: 0, Avg:  0.0, Max: 0, Diff: 0, Sum: 0, Workers: 6
[10.711s][debug  ][gc,phases      ] GC(6)     Total                          Min: 684, Avg: 892.5, Max: 1087, Diff: 403, Sum: 5355, Workers: 6
[10.711s][debug  ][gc,phases      ] GC(6)   ResolvedMethodTable Weak       Min:  0.0, Avg:  0.0, Max:  0.0, Diff:  0.0, Sum:  0.0, Workers: 6
[10.711s][debug  ][gc,phases      ] GC(6)     Dead                           Min: 0, Avg:  0.0, Max: 0, Diff: 0, Sum: 0, Workers: 6
[10.711s][debug  ][gc,phases      ] GC(6)     Total                          Min: 0, Avg: 21.7, Max: 64, Diff: 64, Sum: 130, Workers: 6
[10.711s][debug  ][gc,phases      ] GC(6)   JNI Weak                       Min:  0.0, Avg:  0.0, Max:  0.0, Diff:  0.0, Sum:  0.0, Workers: 6
[10.711s][debug  ][gc,phases      ] GC(6)     Dead                           Min: 0, Avg:  0.0, Max: 0, Diff: 0, Sum: 0, Workers: 6
[10.711s][debug  ][gc,phases      ] GC(6)     Total                          Min: 0, Avg:  0.0, Max: 0, Diff: 0, Sum: 0, Workers: 6
[10.711s][debug  ][gc,phases      ] GC(6)   StringDedup Table Weak         Min:  0.0, Avg:  0.0, Max:  0.0, Diff:  0.0, Sum:  0.0, Workers: 6
[10.711s][debug  ][gc,phases      ] GC(6)     Dead                           Min: 0, Avg:  0.0, Max: 0, Diff: 0, Sum: 0, Workers: 6
[10.711s][debug  ][gc,phases      ] GC(6)     Total                          Min: 0, Avg:  0.0, Max: 0, Diff: 0, Sum: 0, Workers: 6
[10.711s][debug  ][gc,phases      ] GC(6)   StringDedup Requests0 Weak     Min:  0.0, Avg:  0.0, Max:  0.0, Diff:  0.0, Sum:  0.0, Workers: 6
[10.711s][debug  ][gc,phases      ] GC(6)     Dead                           Min: 0, Avg:  0.0, Max: 0, Diff: 0, Sum: 0, Workers: 6
[10.711s][debug  ][gc,phases      ] GC(6)     Total                          Min: 0, Avg:  0.0, Max: 0, Diff: 0, Sum: 0, Workers: 6
[10.711s][debug  ][gc,phases      ] GC(6)   StringDedup Requests1 Weak     Min:  0.0, Avg:  0.0, Max:  0.0, Diff:  0.0, Sum:  0.0, Workers: 6
[10.711s][debug  ][gc,phases      ] GC(6)     Dead                           Min: 0, Avg:  0.0, Max: 0, Diff: 0, Sum: 0, Workers: 6
[10.711s][debug  ][gc,phases      ] GC(6)     Total                          Min: 0, Avg:  0.0, Max: 0, Diff: 0, Sum: 0, Workers: 6
[10.711s][debug  ][gc,phases      ] GC(6)   Weak JFR Old Object Samples    Min:  0.0, Avg:  0.0, Max:  0.0, Diff:  0.0, Sum:  0.0, Workers: 6
[10.711s][debug  ][gc,phases      ] GC(6)     Dead                           Min: 0, Avg:  0.0, Max: 0, Diff: 0, Sum: 0, Workers: 6
[10.711s][debug  ][gc,phases      ] GC(6)     Total                          Min: 0, Avg:  0.0, Max: 0, Diff: 0, Sum: 0, Workers: 6
[10.711s][debug  ][gc,phases      ] GC(6) Weak Processing 0.708ms
[10.711s][debug  ][gc,ergo        ] GC(6) AdaptiveSizeStart:  collection: 7 
[10.711s][debug  ][gc,ergo        ] GC(6) avg_survived_padded_avg: 16820750.000000
[10.711s][debug  ][gc,ergo        ] GC(6) avg_promoted_padded_avg: 83110672.000000  avg_pretenured_padded_avg: 0.000000  tenuring_thresh: 4  target_size: 17301504
[10.711s][debug  ][gc,age         ] GC(6) Desired survivor size 17301504 bytes, new threshold 4 (max threshold 15)
[10.711s][debug  ][gc,ergo        ] GC(6) PSAdaptiveSizePolicy::compute_eden_space_size: costs minor_time: 0.008197 major_cost: 0.000000 mutator_cost: 0.991803 throughput_goal: 0.990000
[10.711s][debug  ][gc,ergo        ] GC(6) Live_space: 284835744 free_space: 199229440
[10.711s][debug  ][gc,ergo        ] GC(6) Old eden_size: 98566144 desired_eden_size: 98566144
[10.711s][debug  ][gc,ergo        ] GC(6) AdaptiveSizeStop: collection: 7 
[10.711s][info   ][gc,heap        ] GC(6) PSYoungGen: 114315K(114688K)->15360K(114176K) Eden: 98194K(98304K)->0K(98304K) From: 16120K(16384K)->15360K(15872K)
[10.711s][info   ][gc,heap        ] GC(6) ParOldGen: 360477K(917504K)->403134K(917504K)
[10.711s][info   ][gc,metaspace   ] GC(6) Metaspace: 1019K(1216K)->1019K(1216K) NonClass: 936K(1024K)->936K(1024K) Class: 83K(192K)->83K(192K)
[10.711s][info   ][gc             ] GC(6) Pause Young (Allocation Failure) 463M->408M(1007M) 9.431ms
[10.711s][info   ][gc,cpu         ] GC(6) User=0.08s Sys=0.08s Real=0.01s
[10.711s][debug  ][gc,heap        ] GC(6) Heap after GC invocations=7 (full 0):
[10.711s][debug  ][gc,heap        ] GC(6)  PSYoungGen      total 114176K, used 15360K [0x00000000f8000000, 0x0000000100000000, 0x0000000100000000)
[10.711s][debug  ][gc,heap        ] GC(6)   eden space 98304K, 0% used [0x00000000f8000000,0x00000000f8000000,0x00000000fe000000)
[10.711s][debug  ][gc,heap        ] GC(6)   from space 15872K, 96% used [0x00000000fe000000,0x00000000fef000f0,0x00000000fef80000)
[10.711s][debug  ][gc,heap        ] GC(6)   to   space 16896K, 0% used [0x00000000fef80000,0x00000000fef80000,0x0000000100000000)
[10.711s][debug  ][gc,heap        ] GC(6)  ParOldGen       total 917504K, used 403134K [0x00000000c0000000, 0x00000000f8000000, 0x00000000f8000000)
[10.712s][debug  ][gc,heap        ] GC(6)   object space 917504K, 43% used [0x00000000c0000000,0x00000000d89afa28,0x00000000f8000000)
[10.712s][debug  ][gc,heap        ] GC(6)  Metaspace       used 1019K, committed 1216K, reserved 1056768K
[10.712s][debug  ][gc,heap        ] GC(6)   class space    used 83K, committed 192K, reserved 1048576K
[10.712s][debug  ][gc,task,time   ] GC(6) VM-Thread 107015488 107097777 107115807
[12.231s][debug  ][gc,heap        ] GC(7) Heap before GC invocations=8 (full 0):
[12.231s][debug  ][gc,heap        ] GC(7)  PSYoungGen      total 114176K, used 113558K [0x00000000f8000000, 0x0000000100000000, 0x0000000100000000)
[12.231s][debug  ][gc,heap        ] GC(7)   eden space 98304K, 99% used [0x00000000f8000000,0x00000000fdfe5a60,0x00000000fe000000)
[12.231s][debug  ][gc,heap        ] GC(7)   from space 15872K, 96% used [0x00000000fe000000,0x00000000fef000f0,0x00000000fef80000)
[12.231s][debug  ][gc,heap        ] GC(7)   to   space 16896K, 0% used [0x00000000fef80000,0x00000000fef80000,0x0000000100000000)
[12.231s][debug  ][gc,heap        ] GC(7)  ParOldGen       total 917504K, used 403134K [0x00000000c0000000, 0x00000000f8000000, 0x00000000f8000000)
[12.231s][debug  ][gc,heap        ] GC(7)   object space 917504K, 43% used [0x00000000c0000000,0x00000000d89afa28,0x00000000f8000000)
[12.231s][debug  ][gc,heap        ] GC(7)  Metaspace       used 1020K, committed 1216K, reserved 1056768K
[12.231s][debug  ][gc,heap        ] GC(7)   class space    used 83K, committed 192K, reserved 1048576K
[12.231s][debug  ][gc,tlab        ] GC(7) TLAB totals: thrds: 1  refills: 1 max: 1 slow allocs: 93 max 93 waste: 30.9% gc: 937952B max: 937952B slow: 0B max: 0B
[12.232s][info   ][gc,start       ] GC(7) Pause Young (Allocation Failure)
[12.232s][debug  ][gc,phases,start] GC(7) Scavenge
[12.239s][debug  ][gc,phases      ] GC(7) Scavenge 7.022ms
[12.239s][debug  ][gc,phases,start] GC(7) Reference Processing
[12.239s][debug  ][gc,ref         ] GC(7) Skipped phase 1 of Reference Processing: no references
[12.239s][debug  ][gc,ref         ] GC(7) Skipped phase 2 of Reference Processing: no references
[12.239s][debug  ][gc,ref         ] GC(7) Skipped phase 3 of Reference Processing: no references
[12.239s][debug  ][gc,ref         ] GC(7) Skipped phase 4 of Reference Processing: no references
[12.239s][debug  ][gc,phases,ref  ] GC(7) Reference Processing: 0.1ms
[12.239s][debug  ][gc,phases,ref  ] GC(7)   Reconsider SoftReferences: 0.0ms
[12.239s][debug  ][gc,phases,ref  ] GC(7)     SoftRef (ms):                  skipped
[12.239s][debug  ][gc,phases,ref  ] GC(7)   Notify Soft/WeakReferences: 0.0ms
[12.239s][debug  ][gc,phases,ref  ] GC(7)     SoftRef (ms):                  skipped
[12.239s][debug  ][gc,phases,ref  ] GC(7)     WeakRef (ms):                  skipped
[12.239s][debug  ][gc,phases,ref  ] GC(7)     FinalRef (ms):                 skipped
[12.239s][debug  ][gc,phases,ref  ] GC(7)     Total (ms):                    skipped
[12.239s][debug  ][gc,phases,ref  ] GC(7)   Notify and keep alive finalizable: 0.0ms
[12.239s][debug  ][gc,phases,ref  ] GC(7)     FinalRef (ms):                 skipped
[12.239s][debug  ][gc,phases,ref  ] GC(7)   Notify PhantomReferences: 0.0ms
[12.239s][debug  ][gc,phases,ref  ] GC(7)     PhantomRef (ms):               skipped
[12.239s][debug  ][gc,phases,ref  ] GC(7)   SoftReference:
[12.239s][debug  ][gc,phases,ref  ] GC(7)     Discovered: 0
[12.239s][debug  ][gc,phases,ref  ] GC(7)     Cleared: 0
[12.239s][debug  ][gc,phases,ref  ] GC(7)   WeakReference:
[12.239s][debug  ][gc,phases,ref  ] GC(7)     Discovered: 0
[12.239s][debug  ][gc,phases,ref  ] GC(7)     Cleared: 0
[12.239s][debug  ][gc,phases,ref  ] GC(7)   FinalReference:
[12.239s][debug  ][gc,phases,ref  ] GC(7)     Discovered: 0
[12.239s][debug  ][gc,phases,ref  ] GC(7)     Cleared: 0
[12.239s][debug  ][gc,phases,ref  ] GC(7)   PhantomReference:
[12.239s][debug  ][gc,phases,ref  ] GC(7)     Discovered: 0
[12.239s][debug  ][gc,phases,ref  ] GC(7)     Cleared: 0
[12.239s][debug  ][gc,phases      ] GC(7) Reference Processing 0.818ms
[12.239s][debug  ][gc,phases,start] GC(7) Weak Processing
[12.240s][debug  ][gc,phases      ] GC(7)   VM Weak                        Min:  0.0, Avg:  0.0, Max:  0.0, Diff:  0.0, Sum:  0.0, Workers: 6
[12.240s][debug  ][gc,phases      ] GC(7)     Dead                           Min: 0, Avg:  0.0, Max: 0, Diff: 0, Sum: 0, Workers: 6
[12.240s][debug  ][gc,phases      ] GC(7)     Total                          Min: 0, Avg:  1.3, Max: 8, Diff: 8, Sum: 8, Workers: 6
[12.240s][debug  ][gc,phases      ] GC(7)   ObjectSynchronizer Weak        Min:  0.0, Avg:  0.0, Max:  0.0, Diff:  0.0, Sum:  0.0, Workers: 6
[12.240s][debug  ][gc,phases      ] GC(7)     Dead                           Min: 0, Avg:  0.0, Max: 0, Diff: 0, Sum: 0, Workers: 6
[12.240s][debug  ][gc,phases      ] GC(7)     Total                          Min: 0, Avg:  0.5, Max: 3, Diff: 3, Sum: 3, Workers: 6
[12.240s][debug  ][gc,phases      ] GC(7)   JVMTI Tag Weak OopStorage      Min:  0.0, Avg:  0.0, Max:  0.0, Diff:  0.0, Sum:  0.0, Workers: 6
[12.240s][debug  ][gc,phases      ] GC(7)     Dead                           Min: 0, Avg:  0.0, Max: 0, Diff: 0, Sum: 0, Workers: 6
[12.240s][debug  ][gc,phases      ] GC(7)     Total                          Min: 0, Avg:  0.0, Max: 0, Diff: 0, Sum: 0, Workers: 6
[12.240s][debug  ][gc,phases      ] GC(7)   StringTable Weak               Min:  0.0, Avg:  0.0, Max:  0.0, Diff:  0.0, Sum:  0.0, Workers: 6
[12.240s][debug  ][gc,phases      ] GC(7)     Dead                           Min: 0, Avg:  0.0, Max: 0, Diff: 0, Sum: 0, Workers: 6
[12.240s][debug  ][gc,phases      ] GC(7)     Total                          Min: 640, Avg: 892.5, Max: 1088, Diff: 448, Sum: 5355, Workers: 6
[12.240s][debug  ][gc,phases      ] GC(7)   ResolvedMethodTable Weak       Min:  0.0, Avg:  0.0, Max:  0.0, Diff:  0.0, Sum:  0.0, Workers: 6
[12.240s][debug  ][gc,phases      ] GC(7)     Dead                           Min: 0, Avg:  0.0, Max: 0, Diff: 0, Sum: 0, Workers: 6
[12.240s][debug  ][gc,phases      ] GC(7)     Total                          Min: 0, Avg: 21.7, Max: 64, Diff: 64, Sum: 130, Workers: 6
[12.240s][debug  ][gc,phases      ] GC(7)   JNI Weak                       Min:  0.0, Avg:  0.0, Max:  0.0, Diff:  0.0, Sum:  0.0, Workers: 6
[12.240s][debug  ][gc,phases      ] GC(7)     Dead                           Min: 0, Avg:  0.0, Max: 0, Diff: 0, Sum: 0, Workers: 6
[12.240s][debug  ][gc,phases      ] GC(7)     Total                          Min: 0, Avg:  0.0, Max: 0, Diff: 0, Sum: 0, Workers: 6
[12.240s][debug  ][gc,phases      ] GC(7)   StringDedup Table Weak         Min:  0.0, Avg:  0.0, Max:  0.0, Diff:  0.0, Sum:  0.0, Workers: 6
[12.240s][debug  ][gc,phases      ] GC(7)     Dead                           Min: 0, Avg:  0.0, Max: 0, Diff: 0, Sum: 0, Workers: 6
[12.240s][debug  ][gc,phases      ] GC(7)     Total                          Min: 0, Avg:  0.0, Max: 0, Diff: 0, Sum: 0, Workers: 6
[12.240s][debug  ][gc,phases      ] GC(7)   StringDedup Requests0 Weak     Min:  0.0, Avg:  0.0, Max:  0.0, Diff:  0.0, Sum:  0.0, Workers: 6
[12.240s][debug  ][gc,phases      ] GC(7)     Dead                           Min: 0, Avg:  0.0, Max: 0, Diff: 0, Sum: 0, Workers: 6
[12.240s][debug  ][gc,phases      ] GC(7)     Total                          Min: 0, Avg:  0.0, Max: 0, Diff: 0, Sum: 0, Workers: 6
[12.240s][debug  ][gc,phases      ] GC(7)   StringDedup Requests1 Weak     Min:  0.0, Avg:  0.0, Max:  0.0, Diff:  0.0, Sum:  0.0, Workers: 6
[12.240s][debug  ][gc,phases      ] GC(7)     Dead                           Min: 0, Avg:  0.0, Max: 0, Diff: 0, Sum: 0, Workers: 6
[12.240s][debug  ][gc,phases      ] GC(7)     Total                          Min: 0, Avg:  0.0, Max: 0, Diff: 0, Sum: 0, Workers: 6
[12.240s][debug  ][gc,phases      ] GC(7)   Weak JFR Old Object Samples    Min:  0.0, Avg:  0.0, Max:  0.0, Diff:  0.0, Sum:  0.0, Workers: 6
[12.240s][debug  ][gc,phases      ] GC(7)     Dead                           Min: 0, Avg:  0.0, Max: 0, Diff: 0, Sum: 0, Workers: 6
[12.240s][debug  ][gc,phases      ] GC(7)     Total                          Min: 0, Avg:  0.0, Max: 0, Diff: 0, Sum: 0, Workers: 6
[12.240s][debug  ][gc,phases      ] GC(7) Weak Processing 0.809ms
[12.240s][debug  ][gc,ergo        ] GC(7) AdaptiveSizeStart:  collection: 8 
[12.240s][debug  ][gc,ergo        ] GC(7) avg_survived_padded_avg: 16935046.000000
[12.240s][debug  ][gc,ergo        ] GC(7) avg_promoted_padded_avg: 84852592.000000  avg_pretenured_padded_avg: 0.000000  tenuring_thresh: 3  target_size: 17301504
[12.240s][debug  ][gc,age         ] GC(7) Desired survivor size 17301504 bytes, new threshold 3 (max threshold 15)
[12.240s][debug  ][gc,ergo        ] GC(7) PSAdaptiveSizePolicy::compute_eden_space_size: costs minor_time: 0.007584 major_cost: 0.000000 mutator_cost: 0.992416 throughput_goal: 0.990000
[12.240s][debug  ][gc,ergo        ] GC(7) Live_space: 284881024 free_space: 199229440
[12.240s][debug  ][gc,ergo        ] GC(7) Old eden_size: 98566144 desired_eden_size: 98566144
[12.240s][debug  ][gc,ergo        ] GC(7) AdaptiveSizeStop: collection: 8 
[12.241s][info   ][gc,heap        ] GC(7) PSYoungGen: 113558K(114176K)->16384K(114176K) Eden: 98198K(98304K)->0K(97280K) From: 15360K(15872K)->16384K(16896K)
[12.241s][info   ][gc,heap        ] GC(7) ParOldGen: 403134K(917504K)->437951K(917504K)
[12.241s][info   ][gc,metaspace   ] GC(7) Metaspace: 1020K(1216K)->1020K(1216K) NonClass: 936K(1024K)->936K(1024K) Class: 83K(192K)->83K(192K)
[12.241s][info   ][gc             ] GC(7) Pause Young (Allocation Failure) 504M->443M(1007M) 9.118ms
[12.241s][info   ][gc,cpu         ] GC(7) User=0.02s Sys=0.14s Real=0.01s
[12.241s][debug  ][gc,heap        ] GC(7) Heap after GC invocations=8 (full 0):
[12.241s][debug  ][gc,heap        ] GC(7)  PSYoungGen      total 114176K, used 16384K [0x00000000f8000000, 0x0000000100000000, 0x0000000100000000)
[12.241s][debug  ][gc,heap        ] GC(7)   eden space 97280K, 0% used [0x00000000f8000000,0x00000000f8000000,0x00000000fdf00000)
[12.241s][debug  ][gc,heap        ] GC(7)   from space 16896K, 96% used [0x00000000fef80000,0x00000000fff80100,0x0000000100000000)
[12.241s][debug  ][gc,heap        ] GC(7)   to   space 16896K, 0% used [0x00000000fdf00000,0x00000000fdf00000,0x00000000fef80000)
[12.241s][debug  ][gc,heap        ] GC(7)  ParOldGen       total 917504K, used 437951K [0x00000000c0000000, 0x00000000f8000000, 0x00000000f8000000)
[12.241s][debug  ][gc,heap        ] GC(7)   object space 917504K, 47% used [0x00000000c0000000,0x00000000dabafc48,0x00000000f8000000)
[12.241s][debug  ][gc,heap        ] GC(7)  Metaspace       used 1020K, committed 1216K, reserved 1056768K
[12.241s][debug  ][gc,heap        ] GC(7)   class space    used 83K, committed 192K, reserved 1048576K
[12.241s][debug  ][gc,task,time   ] GC(7) VM-Thread 122311111 122386465 122409012
[13.738s][debug  ][gc,heap        ] GC(8) Heap before GC invocations=9 (full 0):
[13.738s][debug  ][gc,heap        ] GC(8)  PSYoungGen      total 114176K, used 113540K [0x00000000f8000000, 0x0000000100000000, 0x0000000100000000)
[13.738s][debug  ][gc,heap        ] GC(8)   eden space 97280K, 99% used [0x00000000f8000000,0x00000000fdee1298,0x00000000fdf00000)
[13.738s][debug  ][gc,heap        ] GC(8)   from space 16896K, 96% used [0x00000000fef80000,0x00000000fff80100,0x0000000100000000)
[13.738s][debug  ][gc,heap        ] GC(8)   to   space 16896K, 0% used [0x00000000fdf00000,0x00000000fdf00000,0x00000000fef80000)
[13.738s][debug  ][gc,heap        ] GC(8)  ParOldGen       total 917504K, used 437951K [0x00000000c0000000, 0x00000000f8000000, 0x00000000f8000000)
[13.738s][debug  ][gc,heap        ] GC(8)   object space 917504K, 47% used [0x00000000c0000000,0x00000000dabafc48,0x00000000f8000000)
[13.738s][debug  ][gc,heap        ] GC(8)  Metaspace       used 1020K, committed 1216K, reserved 1056768K
[13.738s][debug  ][gc,heap        ] GC(8)   class space    used 83K, committed 192K, reserved 1048576K
[13.738s][debug  ][gc,tlab        ] GC(8) TLAB totals: thrds: 1  refills: 1 max: 1 slow allocs: 92 max 92 waste: 30.5% gc: 919592B max: 919592B slow: 0B max: 0B
[13.738s][info   ][gc,start       ] GC(8) Pause Young (Allocation Failure)
[13.738s][debug  ][gc,phases,start] GC(8) Scavenge
[13.744s][debug  ][gc,phases      ] GC(8) Scavenge 5.711ms
[13.744s][debug  ][gc,phases,start] GC(8) Reference Processing
[13.744s][debug  ][gc,ref         ] GC(8) Skipped phase 1 of Reference Processing: no references
[13.744s][debug  ][gc,ref         ] GC(8) Skipped phase 2 of Reference Processing: no references
[13.744s][debug  ][gc,ref         ] GC(8) Skipped phase 3 of Reference Processing: no references
[13.744s][debug  ][gc,ref         ] GC(8) Skipped phase 4 of Reference Processing: no references
[13.744s][debug  ][gc,phases,ref  ] GC(8) Reference Processing: 0.1ms
[13.744s][debug  ][gc,phases,ref  ] GC(8)   Reconsider SoftReferences: 0.0ms
[13.744s][debug  ][gc,phases,ref  ] GC(8)     SoftRef (ms):                  skipped
[13.744s][debug  ][gc,phases,ref  ] GC(8)   Notify Soft/WeakReferences: 0.0ms
[13.744s][debug  ][gc,phases,ref  ] GC(8)     SoftRef (ms):                  skipped
[13.744s][debug  ][gc,phases,ref  ] GC(8)     WeakRef (ms):                  skipped
[13.744s][debug  ][gc,phases,ref  ] GC(8)     FinalRef (ms):                 skipped
[13.744s][debug  ][gc,phases,ref  ] GC(8)     Total (ms):                    skipped
[13.744s][debug  ][gc,phases,ref  ] GC(8)   Notify and keep alive finalizable: 0.0ms
[13.744s][debug  ][gc,phases,ref  ] GC(8)     FinalRef (ms):                 skipped
[13.744s][debug  ][gc,phases,ref  ] GC(8)   Notify PhantomReferences: 0.0ms
[13.744s][debug  ][gc,phases,ref  ] GC(8)     PhantomRef (ms):               skipped
[13.744s][debug  ][gc,phases,ref  ] GC(8)   SoftReference:
[13.744s][debug  ][gc,phases,ref  ] GC(8)     Discovered: 0
[13.744s][debug  ][gc,phases,ref  ] GC(8)     Cleared: 0
[13.744s][debug  ][gc,phases,ref  ] GC(8)   WeakReference:
[13.744s][debug  ][gc,phases,ref  ] GC(8)     Discovered: 0
[13.744s][debug  ][gc,phases,ref  ] GC(8)     Cleared: 0
[13.744s][debug  ][gc,phases,ref  ] GC(8)   FinalReference:
[13.744s][debug  ][gc,phases,ref  ] GC(8)     Discovered: 0
[13.745s][debug  ][gc,phases,ref  ] GC(8)     Cleared: 0
[13.745s][debug  ][gc,phases,ref  ] GC(8)   PhantomReference:
[13.745s][debug  ][gc,phases,ref  ] GC(8)     Discovered: 0
[13.745s][debug  ][gc,phases,ref  ] GC(8)     Cleared: 0
[13.745s][debug  ][gc,phases      ] GC(8) Reference Processing 0.724ms
[13.745s][debug  ][gc,phases,start] GC(8) Weak Processing
[13.745s][debug  ][gc,phases      ] GC(8)   VM Weak                        Min:  0.0, Avg:  0.0, Max:  0.0, Diff:  0.0, Sum:  0.0, Workers: 6
[13.745s][debug  ][gc,phases      ] GC(8)     Dead                           Min: 0, Avg:  0.0, Max: 0, Diff: 0, Sum: 0, Workers: 6
[13.745s][debug  ][gc,phases      ] GC(8)     Total                          Min: 0, Avg:  1.3, Max: 8, Diff: 8, Sum: 8, Workers: 6
[13.745s][debug  ][gc,phases      ] GC(8)   ObjectSynchronizer Weak        Min:  0.0, Avg:  0.0, Max:  0.0, Diff:  0.0, Sum:  0.0, Workers: 6
[13.745s][debug  ][gc,phases      ] GC(8)     Dead                           Min: 0, Avg:  0.0, Max: 0, Diff: 0, Sum: 0, Workers: 6
[13.745s][debug  ][gc,phases      ] GC(8)     Total                          Min: 0, Avg:  0.5, Max: 3, Diff: 3, Sum: 3, Workers: 6
[13.745s][debug  ][gc,phases      ] GC(8)   JVMTI Tag Weak OopStorage      Min:  0.0, Avg:  0.0, Max:  0.0, Diff:  0.0, Sum:  0.0, Workers: 6
[13.745s][debug  ][gc,phases      ] GC(8)     Dead                           Min: 0, Avg:  0.0, Max: 0, Diff: 0, Sum: 0, Workers: 6
[13.745s][debug  ][gc,phases      ] GC(8)     Total                          Min: 0, Avg:  0.0, Max: 0, Diff: 0, Sum: 0, Workers: 6
[13.745s][debug  ][gc,phases      ] GC(8)   StringTable Weak               Min:  0.0, Avg:  0.0, Max:  0.0, Diff:  0.0, Sum:  0.1, Workers: 6
[13.745s][debug  ][gc,phases      ] GC(8)     Dead                           Min: 0, Avg:  0.0, Max: 0, Diff: 0, Sum: 0, Workers: 6
[13.745s][debug  ][gc,phases      ] GC(8)     Total                          Min: 768, Avg: 892.5, Max: 960, Diff: 192, Sum: 5355, Workers: 6
[13.745s][debug  ][gc,phases      ] GC(8)   ResolvedMethodTable Weak       Min:  0.0, Avg:  0.0, Max:  0.0, Diff:  0.0, Sum:  0.0, Workers: 6
[13.745s][debug  ][gc,phases      ] GC(8)     Dead                           Min: 0, Avg:  0.0, Max: 0, Diff: 0, Sum: 0, Workers: 6
[13.745s][debug  ][gc,phases      ] GC(8)     Total                          Min: 0, Avg: 21.7, Max: 64, Diff: 64, Sum: 130, Workers: 6
[13.745s][debug  ][gc,phases      ] GC(8)   JNI Weak                       Min:  0.0, Avg:  0.0, Max:  0.0, Diff:  0.0, Sum:  0.0, Workers: 6
[13.745s][debug  ][gc,phases      ] GC(8)     Dead                           Min: 0, Avg:  0.0, Max: 0, Diff: 0, Sum: 0, Workers: 6
[13.745s][debug  ][gc,phases      ] GC(8)     Total                          Min: 0, Avg:  0.0, Max: 0, Diff: 0, Sum: 0, Workers: 6
[13.745s][debug  ][gc,phases      ] GC(8)   StringDedup Table Weak         Min:  0.0, Avg:  0.0, Max:  0.0, Diff:  0.0, Sum:  0.0, Workers: 6
[13.745s][debug  ][gc,phases      ] GC(8)     Dead                           Min: 0, Avg:  0.0, Max: 0, Diff: 0, Sum: 0, Workers: 6
[13.745s][debug  ][gc,phases      ] GC(8)     Total                          Min: 0, Avg:  0.0, Max: 0, Diff: 0, Sum: 0, Workers: 6
[13.745s][debug  ][gc,phases      ] GC(8)   StringDedup Requests0 Weak     Min:  0.0, Avg:  0.0, Max:  0.0, Diff:  0.0, Sum:  0.0, Workers: 6
[13.745s][debug  ][gc,phases      ] GC(8)     Dead                           Min: 0, Avg:  0.0, Max: 0, Diff: 0, Sum: 0, Workers: 6
[13.745s][debug  ][gc,phases      ] GC(8)     Total                          Min: 0, Avg:  0.0, Max: 0, Diff: 0, Sum: 0, Workers: 6
[13.745s][debug  ][gc,phases      ] GC(8)   StringDedup Requests1 Weak     Min:  0.0, Avg:  0.0, Max:  0.0, Diff:  0.0, Sum:  0.0, Workers: 6
[13.745s][debug  ][gc,phases      ] GC(8)     Dead                           Min: 0, Avg:  0.0, Max: 0, Diff: 0, Sum: 0, Workers: 6
[13.745s][debug  ][gc,phases      ] GC(8)     Total                          Min: 0, Avg:  0.0, Max: 0, Diff: 0, Sum: 0, Workers: 6
[13.745s][debug  ][gc,phases      ] GC(8)   Weak JFR Old Object Samples    Min:  0.0, Avg:  0.0, Max:  0.0, Diff:  0.0, Sum:  0.0, Workers: 6
[13.745s][debug  ][gc,phases      ] GC(8)     Dead                           Min: 0, Avg:  0.0, Max: 0, Diff: 0, Sum: 0, Workers: 6
[13.745s][debug  ][gc,phases      ] GC(8)     Total                          Min: 0, Avg:  0.0, Max: 0, Diff: 0, Sum: 0, Workers: 6
[13.745s][debug  ][gc,phases      ] GC(8) Weak Processing 0.795ms
[13.745s][debug  ][gc,ergo        ] GC(8) AdaptiveSizeStart:  collection: 9 
[13.745s][debug  ][gc,ergo        ] GC(8) avg_survived_padded_avg: 17015198.000000
[13.746s][debug  ][gc,ergo        ] GC(8) avg_promoted_padded_avg: 86663608.000000  avg_pretenured_padded_avg: 0.000000  tenuring_thresh: 2  target_size: 17301504
[13.746s][debug  ][gc,age         ] GC(8) Desired survivor size 17301504 bytes, new threshold 2 (max threshold 15)
[13.746s][debug  ][gc,ergo        ] GC(8) PSAdaptiveSizePolicy::compute_eden_space_size: costs minor_time: 0.006911 major_cost: 0.000000 mutator_cost: 0.993089 throughput_goal: 0.990000
[13.746s][debug  ][gc,ergo        ] GC(8) Live_space: 284917536 free_space: 199229440
[13.746s][debug  ][gc,ergo        ] GC(8) Old eden_size: 98566144 desired_eden_size: 97517568
[13.746s][debug  ][gc,ergo        ] GC(8) AdaptiveSizeStop: collection: 9 
[13.746s][info   ][gc,heap        ] GC(8) PSYoungGen: 113540K(114176K)->16384K(114176K) Eden: 97156K(97280K)->0K(97280K) From: 16384K(16896K)->16384K(16896K)
[13.746s][info   ][gc,heap        ] GC(8) ParOldGen: 437951K(917504K)->466623K(917504K)
[13.746s][info   ][gc,metaspace   ] GC(8) Metaspace: 1020K(1216K)->1020K(1216K) NonClass: 936K(1024K)->936K(1024K) Class: 83K(192K)->83K(192K)
[13.746s][info   ][gc             ] GC(8) Pause Young (Allocation Failure) 538M->471M(1007M) 7.712ms
[13.746s][info   ][gc,cpu         ] GC(8) User=0.00s Sys=0.00s Real=0.01s
[13.746s][debug  ][gc,heap        ] GC(8) Heap after GC invocations=9 (full 0):
[13.746s][debug  ][gc,heap        ] GC(8)  PSYoungGen      total 114176K, used 16384K [0x00000000f8000000, 0x0000000100000000, 0x0000000100000000)
[13.746s][debug  ][gc,heap        ] GC(8)   eden space 97280K, 0% used [0x00000000f8000000,0x00000000f8000000,0x00000000fdf00000)
[13.746s][debug  ][gc,heap        ] GC(8)   from space 16896K, 96% used [0x00000000fdf00000,0x00000000fef00100,0x00000000fef80000)
[13.746s][debug  ][gc,heap        ] GC(8)   to   space 16896K, 0% used [0x00000000fef80000,0x00000000fef80000,0x0000000100000000)
[13.746s][debug  ][gc,heap        ] GC(8)  ParOldGen       total 917504K, used 466623K [0x00000000c0000000, 0x00000000f8000000, 0x00000000f8000000)
[13.746s][debug  ][gc,heap        ] GC(8)   object space 917504K, 50% used [0x00000000c0000000,0x00000000dc7afe08,0x00000000f8000000)
[13.746s][debug  ][gc,heap        ] GC(8)  Metaspace       used 1020K, committed 1216K, reserved 1056768K
[13.746s][debug  ][gc,heap        ] GC(8)   class space    used 83K, committed 192K, reserved 1048576K
[13.746s][debug  ][gc,task,time   ] GC(8) VM-Thread 137375822 137438802 137460297
[15.250s][debug  ][gc,heap        ] GC(9) Heap before GC invocations=10 (full 0):
[15.250s][debug  ][gc,heap        ] GC(9)  PSYoungGen      total 114176K, used 113542K [0x00000000f8000000, 0x0000000100000000, 0x0000000100000000)
[15.250s][debug  ][gc,heap        ] GC(9)   eden space 97280K, 99% used [0x00000000f8000000,0x00000000fdee18c8,0x00000000fdf00000)
[15.250s][debug  ][gc,heap        ] GC(9)   from space 16896K, 96% used [0x00000000fdf00000,0x00000000fef00100,0x00000000fef80000)
[15.250s][debug  ][gc,heap        ] GC(9)   to   space 16896K, 0% used [0x00000000fef80000,0x00000000fef80000,0x0000000100000000)
[15.250s][debug  ][gc,heap        ] GC(9)  ParOldGen       total 917504K, used 466623K [0x00000000c0000000, 0x00000000f8000000, 0x00000000f8000000)
[15.250s][debug  ][gc,heap        ] GC(9)   object space 917504K, 50% used [0x00000000c0000000,0x00000000dc7afe08,0x00000000f8000000)
[15.250s][debug  ][gc,heap        ] GC(9)  Metaspace       used 1021K, committed 1216K, reserved 1056768K
[15.250s][debug  ][gc,heap        ] GC(9)   class space    used 83K, committed 192K, reserved 1048576K
[15.250s][debug  ][gc,tlab        ] GC(9) TLAB totals: thrds: 1  refills: 1 max: 1 slow allocs: 92 max 92 waste: 30.5% gc: 921176B max: 921176B slow: 0B max: 0B
[15.250s][info   ][gc,start       ] GC(9) Pause Young (Allocation Failure)
[15.250s][debug  ][gc,phases,start] GC(9) Scavenge
[15.255s][debug  ][gc,phases      ] GC(9) Scavenge 5.346ms
[15.255s][debug  ][gc,phases,start] GC(9) Reference Processing
[15.256s][debug  ][gc,ref         ] GC(9) Skipped phase 1 of Reference Processing: no references
[15.256s][debug  ][gc,ref         ] GC(9) Skipped phase 2 of Reference Processing: no references
[15.256s][debug  ][gc,ref         ] GC(9) Skipped phase 3 of Reference Processing: no references
[15.256s][debug  ][gc,ref         ] GC(9) Skipped phase 4 of Reference Processing: no references
[15.256s][debug  ][gc,phases,ref  ] GC(9) Reference Processing: 0.1ms
[15.256s][debug  ][gc,phases,ref  ] GC(9)   Reconsider SoftReferences: 0.0ms
[15.256s][debug  ][gc,phases,ref  ] GC(9)     SoftRef (ms):                  skipped
[15.256s][debug  ][gc,phases,ref  ] GC(9)   Notify Soft/WeakReferences: 0.0ms
[15.256s][debug  ][gc,phases,ref  ] GC(9)     SoftRef (ms):                  skipped
[15.256s][debug  ][gc,phases,ref  ] GC(9)     WeakRef (ms):                  skipped
[15.256s][debug  ][gc,phases,ref  ] GC(9)     FinalRef (ms):                 skipped
[15.256s][debug  ][gc,phases,ref  ] GC(9)     Total (ms):                    skipped
[15.256s][debug  ][gc,phases,ref  ] GC(9)   Notify and keep alive finalizable: 0.0ms
[15.256s][debug  ][gc,phases,ref  ] GC(9)     FinalRef (ms):                 skipped
[15.256s][debug  ][gc,phases,ref  ] GC(9)   Notify PhantomReferences: 0.0ms
[15.256s][debug  ][gc,phases,ref  ] GC(9)     PhantomRef (ms):               skipped
[15.256s][debug  ][gc,phases,ref  ] GC(9)   SoftReference:
[15.256s][debug  ][gc,phases,ref  ] GC(9)     Discovered: 0
[15.256s][debug  ][gc,phases,ref  ] GC(9)     Cleared: 0
[15.256s][debug  ][gc,phases,ref  ] GC(9)   WeakReference:
[15.256s][debug  ][gc,phases,ref  ] GC(9)     Discovered: 0
[15.256s][debug  ][gc,phases,ref  ] GC(9)     Cleared: 0
[15.256s][debug  ][gc,phases,ref  ] GC(9)   FinalReference:
[15.256s][debug  ][gc,phases,ref  ] GC(9)     Discovered: 0
[15.256s][debug  ][gc,phases,ref  ] GC(9)     Cleared: 0
[15.256s][debug  ][gc,phases,ref  ] GC(9)   PhantomReference:
[15.256s][debug  ][gc,phases,ref  ] GC(9)     Discovered: 0
[15.256s][debug  ][gc,phases,ref  ] GC(9)     Cleared: 0
[15.256s][debug  ][gc,phases      ] GC(9) Reference Processing 0.572ms
[15.256s][debug  ][gc,phases,start] GC(9) Weak Processing
[15.256s][debug  ][gc,phases      ] GC(9)   VM Weak                        Min:  0.0, Avg:  0.0, Max:  0.0, Diff:  0.0, Sum:  0.0, Workers: 6
[15.256s][debug  ][gc,phases      ] GC(9)     Dead                           Min: 0, Avg:  0.0, Max: 0, Diff: 0, Sum: 0, Workers: 6
[15.256s][debug  ][gc,phases      ] GC(9)     Total                          Min: 0, Avg:  1.3, Max: 8, Diff: 8, Sum: 8, Workers: 6
[15.256s][debug  ][gc,phases      ] GC(9)   ObjectSynchronizer Weak        Min:  0.0, Avg:  0.0, Max:  0.0, Diff:  0.0, Sum:  0.0, Workers: 6
[15.256s][debug  ][gc,phases      ] GC(9)     Dead                           Min: 0, Avg:  0.0, Max: 0, Diff: 0, Sum: 0, Workers: 6
[15.256s][debug  ][gc,phases      ] GC(9)     Total                          Min: 0, Avg:  0.5, Max: 3, Diff: 3, Sum: 3, Workers: 6
[15.256s][debug  ][gc,phases      ] GC(9)   JVMTI Tag Weak OopStorage      Min:  0.0, Avg:  0.0, Max:  0.0, Diff:  0.0, Sum:  0.0, Workers: 6
[15.256s][debug  ][gc,phases      ] GC(9)     Dead                           Min: 0, Avg:  0.0, Max: 0, Diff: 0, Sum: 0, Workers: 6
[15.256s][debug  ][gc,phases      ] GC(9)     Total                          Min: 0, Avg:  0.0, Max: 0, Diff: 0, Sum: 0, Workers: 6
[15.256s][debug  ][gc,phases      ] GC(9)   StringTable Weak               Min:  0.0, Avg:  0.0, Max:  0.0, Diff:  0.0, Sum:  0.0, Workers: 6
[15.256s][debug  ][gc,phases      ] GC(9)     Dead                           Min: 0, Avg:  0.0, Max: 0, Diff: 0, Sum: 0, Workers: 6
[15.256s][debug  ][gc,phases      ] GC(9)     Total                          Min: 640, Avg: 892.5, Max: 1152, Diff: 512, Sum: 5355, Workers: 6
[15.256s][debug  ][gc,phases      ] GC(9)   ResolvedMethodTable Weak       Min:  0.0, Avg:  0.0, Max:  0.0, Diff:  0.0, Sum:  0.0, Workers: 6
[15.256s][debug  ][gc,phases      ] GC(9)     Dead                           Min: 0, Avg:  0.0, Max: 0, Diff: 0, Sum: 0, Workers: 6
[15.256s][debug  ][gc,phases      ] GC(9)     Total                          Min: 0, Avg: 21.7, Max: 64, Diff: 64, Sum: 130, Workers: 6
[15.256s][debug  ][gc,phases      ] GC(9)   JNI Weak                       Min:  0.0, Avg:  0.0, Max:  0.0, Diff:  0.0, Sum:  0.0, Workers: 6
[15.256s][debug  ][gc,phases      ] GC(9)     Dead                           Min: 0, Avg:  0.0, Max: 0, Diff: 0, Sum: 0, Workers: 6
[15.256s][debug  ][gc,phases      ] GC(9)     Total                          Min: 0, Avg:  0.0, Max: 0, Diff: 0, Sum: 0, Workers: 6
[15.257s][debug  ][gc,phases      ] GC(9)   StringDedup Table Weak         Min:  0.0, Avg:  0.0, Max:  0.0, Diff:  0.0, Sum:  0.0, Workers: 6
[15.257s][debug  ][gc,phases      ] GC(9)     Dead                           Min: 0, Avg:  0.0, Max: 0, Diff: 0, Sum: 0, Workers: 6
[15.257s][debug  ][gc,phases      ] GC(9)     Total                          Min: 0, Avg:  0.0, Max: 0, Diff: 0, Sum: 0, Workers: 6
[15.257s][debug  ][gc,phases      ] GC(9)   StringDedup Requests0 Weak     Min:  0.0, Avg:  0.0, Max:  0.0, Diff:  0.0, Sum:  0.0, Workers: 6
[15.257s][debug  ][gc,phases      ] GC(9)     Dead                           Min: 0, Avg:  0.0, Max: 0, Diff: 0, Sum: 0, Workers: 6
[15.257s][debug  ][gc,phases      ] GC(9)     Total                          Min: 0, Avg:  0.0, Max: 0, Diff: 0, Sum: 0, Workers: 6
[15.257s][debug  ][gc,phases      ] GC(9)   StringDedup Requests1 Weak     Min:  0.0, Avg:  0.0, Max:  0.0, Diff:  0.0, Sum:  0.0, Workers: 6
[15.257s][debug  ][gc,phases      ] GC(9)     Dead                           Min: 0, Avg:  0.0, Max: 0, Diff: 0, Sum: 0, Workers: 6
[15.257s][debug  ][gc,phases      ] GC(9)     Total                          Min: 0, Avg:  0.0, Max: 0, Diff: 0, Sum: 0, Workers: 6
[15.257s][debug  ][gc,phases      ] GC(9)   Weak JFR Old Object Samples    Min:  0.0, Avg:  0.0, Max:  0.0, Diff:  0.0, Sum:  0.0, Workers: 6
[15.257s][debug  ][gc,phases      ] GC(9)     Dead                           Min: 0, Avg:  0.0, Max: 0, Diff: 0, Sum: 0, Workers: 6
[15.257s][debug  ][gc,phases      ] GC(9)     Total                          Min: 0, Avg:  0.0, Max: 0, Diff: 0, Sum: 0, Workers: 6
[15.257s][debug  ][gc,phases      ] GC(9) Weak Processing 0.681ms
[15.257s][debug  ][gc,ergo        ] GC(9) AdaptiveSizeStart:  collection: 10 
[15.257s][debug  ][gc,ergo        ] GC(9) avg_survived_padded_avg: 17071186.000000
[15.257s][debug  ][gc,ergo        ] GC(9) avg_promoted_padded_avg: 88478896.000000  avg_pretenured_padded_avg: 0.000000  tenuring_thresh: 1  target_size: 17301504
[15.257s][debug  ][gc,age         ] GC(9) Desired survivor size 17301504 bytes, new threshold 1 (max threshold 15)
[15.257s][debug  ][gc,ergo        ] GC(9) PSAdaptiveSizePolicy::compute_eden_space_size: costs minor_time: 0.006297 major_cost: 0.000000 mutator_cost: 0.993703 throughput_goal: 0.990000
[15.257s][debug  ][gc,ergo        ] GC(9) Live_space: 284947072 free_space: 198180864
[15.257s][debug  ][gc,ergo        ] GC(9) Old eden_size: 97517568 desired_eden_size: 97517568
[15.257s][debug  ][gc,ergo        ] GC(9) AdaptiveSizeStop: collection: 10 
[15.257s][info   ][gc,heap        ] GC(9) PSYoungGen: 113542K(114176K)->16384K(114176K) Eden: 97158K(97280K)->0K(97280K) From: 16384K(16896K)->16384K(16896K)
[15.257s][info   ][gc,heap        ] GC(9) ParOldGen: 466623K(917504K)->489151K(917504K)
[15.257s][info   ][gc,metaspace   ] GC(9) Metaspace: 1021K(1216K)->1021K(1216K) NonClass: 938K(1024K)->938K(1024K) Class: 83K(192K)->83K(192K)
[15.257s][info   ][gc             ] GC(9) Pause Young (Allocation Failure) 566M->493M(1007M) 7.024ms
[15.257s][info   ][gc,cpu         ] GC(9) User=0.16s Sys=0.00s Real=0.01s
[15.257s][debug  ][gc,heap        ] GC(9) Heap after GC invocations=10 (full 0):
[15.257s][debug  ][gc,heap        ] GC(9)  PSYoungGen      total 114176K, used 16384K [0x00000000f8000000, 0x0000000100000000, 0x0000000100000000)
[15.257s][debug  ][gc,heap        ] GC(9)   eden space 97280K, 0% used [0x00000000f8000000,0x00000000f8000000,0x00000000fdf00000)
[15.257s][debug  ][gc,heap        ] GC(9)   from space 16896K, 96% used [0x00000000fef80000,0x00000000fff80100,0x0000000100000000)
[15.257s][debug  ][gc,heap        ] GC(9)   to   space 16896K, 0% used [0x00000000fdf00000,0x00000000fdf00000,0x00000000fef80000)
[15.257s][debug  ][gc,heap        ] GC(9)  ParOldGen       total 917504K, used 489151K [0x00000000c0000000, 0x00000000f8000000, 0x00000000f8000000)
[15.257s][debug  ][gc,heap        ] GC(9)   object space 917504K, 53% used [0x00000000c0000000,0x00000000dddaff68,0x00000000f8000000)
[15.257s][debug  ][gc,heap        ] GC(9)  Metaspace       used 1021K, committed 1216K, reserved 1056768K
[15.257s][debug  ][gc,heap        ] GC(9)   class space    used 83K, committed 192K, reserved 1048576K
[15.257s][debug  ][gc,task,time   ] GC(9) VM-Thread 152497433 152554831 152572796
[16.757s][debug  ][gc,heap        ] GC(10) Heap before GC invocations=11 (full 0):
[16.757s][debug  ][gc,heap        ] GC(10)  PSYoungGen      total 114176K, used 113543K [0x00000000f8000000, 0x0000000100000000, 0x0000000100000000)
[16.757s][debug  ][gc,heap        ] GC(10)   eden space 97280K, 99% used [0x00000000f8000000,0x00000000fdee1cc0,0x00000000fdf00000)
[16.757s][debug  ][gc,heap        ] GC(10)   from space 16896K, 96% used [0x00000000fef80000,0x00000000fff80100,0x0000000100000000)
[16.757s][debug  ][gc,heap        ] GC(10)   to   space 16896K, 0% used [0x00000000fdf00000,0x00000000fdf00000,0x00000000fef80000)
[16.757s][debug  ][gc,heap        ] GC(10)  ParOldGen       total 917504K, used 489151K [0x00000000c0000000, 0x00000000f8000000, 0x00000000f8000000)
[16.758s][debug  ][gc,heap        ] GC(10)   object space 917504K, 53% used [0x00000000c0000000,0x00000000dddaff68,0x00000000f8000000)
[16.758s][debug  ][gc,heap        ] GC(10)  Metaspace       used 1021K, committed 1216K, reserved 1056768K
[16.758s][debug  ][gc,heap        ] GC(10)   class space    used 83K, committed 192K, reserved 1048576K
[16.758s][debug  ][gc,tlab        ] GC(10) TLAB totals: thrds: 1  refills: 1 max: 1 slow allocs: 92 max 92 waste: 30.5% gc: 922296B max: 922296B slow: 0B max: 0B
[16.758s][info   ][gc,start       ] GC(10) Pause Young (Allocation Failure)
[16.758s][debug  ][gc,phases,start] GC(10) Scavenge
[16.761s][debug  ][gc,phases      ] GC(10) Scavenge 3.710ms
[16.761s][debug  ][gc,phases,start] GC(10) Reference Processing
[16.762s][debug  ][gc,ref         ] GC(10) Skipped phase 1 of Reference Processing: no references
[16.762s][debug  ][gc,ref         ] GC(10) Skipped phase 2 of Reference Processing: no references
[16.762s][debug  ][gc,ref         ] GC(10) Skipped phase 3 of Reference Processing: no references
[16.762s][debug  ][gc,ref         ] GC(10) Skipped phase 4 of Reference Processing: no references
[16.762s][debug  ][gc,phases,ref  ] GC(10) Reference Processing: 0.1ms
[16.762s][debug  ][gc,phases,ref  ] GC(10)   Reconsider SoftReferences: 0.0ms
[16.762s][debug  ][gc,phases,ref  ] GC(10)     SoftRef (ms):                  skipped
[16.762s][debug  ][gc,phases,ref  ] GC(10)   Notify Soft/WeakReferences: 0.0ms
[16.762s][debug  ][gc,phases,ref  ] GC(10)     SoftRef (ms):                  skipped
[16.762s][debug  ][gc,phases,ref  ] GC(10)     WeakRef (ms):                  skipped
[16.762s][debug  ][gc,phases,ref  ] GC(10)     FinalRef (ms):                 skipped
[16.762s][debug  ][gc,phases,ref  ] GC(10)     Total (ms):                    skipped
[16.762s][debug  ][gc,phases,ref  ] GC(10)   Notify and keep alive finalizable: 0.0ms
[16.762s][debug  ][gc,phases,ref  ] GC(10)     FinalRef (ms):                 skipped
[16.762s][debug  ][gc,phases,ref  ] GC(10)   Notify PhantomReferences: 0.0ms
[16.762s][debug  ][gc,phases,ref  ] GC(10)     PhantomRef (ms):               skipped
[16.762s][debug  ][gc,phases,ref  ] GC(10)   SoftReference:
[16.762s][debug  ][gc,phases,ref  ] GC(10)     Discovered: 0
[16.762s][debug  ][gc,phases,ref  ] GC(10)     Cleared: 0
[16.762s][debug  ][gc,phases,ref  ] GC(10)   WeakReference:
[16.762s][debug  ][gc,phases,ref  ] GC(10)     Discovered: 0
[16.762s][debug  ][gc,phases,ref  ] GC(10)     Cleared: 0
[16.762s][debug  ][gc,phases,ref  ] GC(10)   FinalReference:
[16.762s][debug  ][gc,phases,ref  ] GC(10)     Discovered: 0
[16.762s][debug  ][gc,phases,ref  ] GC(10)     Cleared: 0
[16.762s][debug  ][gc,phases,ref  ] GC(10)   PhantomReference:
[16.762s][debug  ][gc,phases,ref  ] GC(10)     Discovered: 0
[16.762s][debug  ][gc,phases,ref  ] GC(10)     Cleared: 0
[16.762s][debug  ][gc,phases      ] GC(10) Reference Processing 0.676ms
[16.762s][debug  ][gc,phases,start] GC(10) Weak Processing
[16.762s][debug  ][gc,phases      ] GC(10)   VM Weak                        Min:  0.0, Avg:  0.0, Max:  0.0, Diff:  0.0, Sum:  0.0, Workers: 6
[16.762s][debug  ][gc,phases      ] GC(10)     Dead                           Min: 0, Avg:  0.0, Max: 0, Diff: 0, Sum: 0, Workers: 6
[16.762s][debug  ][gc,phases      ] GC(10)     Total                          Min: 0, Avg:  1.3, Max: 8, Diff: 8, Sum: 8, Workers: 6
[16.762s][debug  ][gc,phases      ] GC(10)   ObjectSynchronizer Weak        Min:  0.0, Avg:  0.0, Max:  0.0, Diff:  0.0, Sum:  0.0, Workers: 6
[16.762s][debug  ][gc,phases      ] GC(10)     Dead                           Min: 0, Avg:  0.0, Max: 0, Diff: 0, Sum: 0, Workers: 6
[16.762s][debug  ][gc,phases      ] GC(10)     Total                          Min: 0, Avg:  0.5, Max: 3, Diff: 3, Sum: 3, Workers: 6
[16.762s][debug  ][gc,phases      ] GC(10)   JVMTI Tag Weak OopStorage      Min:  0.0, Avg:  0.0, Max:  0.0, Diff:  0.0, Sum:  0.0, Workers: 6
[16.762s][debug  ][gc,phases      ] GC(10)     Dead                           Min: 0, Avg:  0.0, Max: 0, Diff: 0, Sum: 0, Workers: 6
[16.762s][debug  ][gc,phases      ] GC(10)     Total                          Min: 0, Avg:  0.0, Max: 0, Diff: 0, Sum: 0, Workers: 6
[16.763s][debug  ][gc,phases      ] GC(10)   StringTable Weak               Min:  0.0, Avg:  0.0, Max:  0.0, Diff:  0.0, Sum:  0.1, Workers: 6
[16.763s][debug  ][gc,phases      ] GC(10)     Dead                           Min: 0, Avg:  0.0, Max: 0, Diff: 0, Sum: 0, Workers: 6
[16.763s][debug  ][gc,phases      ] GC(10)     Total                          Min: 620, Avg: 892.5, Max: 1087, Diff: 467, Sum: 5355, Workers: 6
[16.763s][debug  ][gc,phases      ] GC(10)   ResolvedMethodTable Weak       Min:  0.0, Avg:  0.0, Max:  0.0, Diff:  0.0, Sum:  0.0, Workers: 6
[16.763s][debug  ][gc,phases      ] GC(10)     Dead                           Min: 0, Avg:  0.0, Max: 0, Diff: 0, Sum: 0, Workers: 6
[16.763s][debug  ][gc,phases      ] GC(10)     Total                          Min: 0, Avg: 21.7, Max: 64, Diff: 64, Sum: 130, Workers: 6
[16.763s][debug  ][gc,phases      ] GC(10)   JNI Weak                       Min:  0.0, Avg:  0.0, Max:  0.0, Diff:  0.0, Sum:  0.0, Workers: 6
[16.763s][debug  ][gc,phases      ] GC(10)     Dead                           Min: 0, Avg:  0.0, Max: 0, Diff: 0, Sum: 0, Workers: 6
[16.763s][debug  ][gc,phases      ] GC(10)     Total                          Min: 0, Avg:  0.0, Max: 0, Diff: 0, Sum: 0, Workers: 6
[16.763s][debug  ][gc,phases      ] GC(10)   StringDedup Table Weak         Min:  0.0, Avg:  0.0, Max:  0.0, Diff:  0.0, Sum:  0.0, Workers: 6
[16.763s][debug  ][gc,phases      ] GC(10)     Dead                           Min: 0, Avg:  0.0, Max: 0, Diff: 0, Sum: 0, Workers: 6
[16.763s][debug  ][gc,phases      ] GC(10)     Total                          Min: 0, Avg:  0.0, Max: 0, Diff: 0, Sum: 0, Workers: 6
[16.763s][debug  ][gc,phases      ] GC(10)   StringDedup Requests0 Weak     Min:  0.0, Avg:  0.0, Max:  0.0, Diff:  0.0, Sum:  0.0, Workers: 6
[16.763s][debug  ][gc,phases      ] GC(10)     Dead                           Min: 0, Avg:  0.0, Max: 0, Diff: 0, Sum: 0, Workers: 6
[16.763s][debug  ][gc,phases      ] GC(10)     Total                          Min: 0, Avg:  0.0, Max: 0, Diff: 0, Sum: 0, Workers: 6
[16.763s][debug  ][gc,phases      ] GC(10)   StringDedup Requests1 Weak     Min:  0.0, Avg:  0.0, Max:  0.0, Diff:  0.0, Sum:  0.0, Workers: 6
[16.763s][debug  ][gc,phases      ] GC(10)     Dead                           Min: 0, Avg:  0.0, Max: 0, Diff: 0, Sum: 0, Workers: 6
[16.763s][debug  ][gc,phases      ] GC(10)     Total                          Min: 0, Avg:  0.0, Max: 0, Diff: 0, Sum: 0, Workers: 6
[16.763s][debug  ][gc,phases      ] GC(10)   Weak JFR Old Object Samples    Min:  0.0, Avg:  0.0, Max:  0.0, Diff:  0.0, Sum:  0.0, Workers: 6
[16.763s][debug  ][gc,phases      ] GC(10)     Dead                           Min: 0, Avg:  0.0, Max: 0, Diff: 0, Sum: 0, Workers: 6
[16.763s][debug  ][gc,phases      ] GC(10)     Total                          Min: 0, Avg:  0.0, Max: 0, Diff: 0, Sum: 0, Workers: 6
[16.763s][debug  ][gc,phases      ] GC(10) Weak Processing 0.851ms
[16.763s][debug  ][gc,ergo        ] GC(10) AdaptiveSizeStart:  collection: 11 
[16.763s][debug  ][gc,ergo        ] GC(10) avg_survived_padded_avg: 17113598.000000
[16.763s][debug  ][gc,ergo        ] GC(10) avg_promoted_padded_avg: 90364736.000000  avg_pretenured_padded_avg: 0.000000  tenuring_thresh: 1  target_size: 17301504
[16.763s][debug  ][gc,age         ] GC(10) Desired survivor size 17301504 bytes, new threshold 1 (max threshold 15)
[16.763s][debug  ][gc,ergo        ] GC(10) PSAdaptiveSizePolicy::compute_eden_space_size: costs minor_time: 0.005616 major_cost: 0.000000 mutator_cost: 0.994384 throughput_goal: 0.990000
[16.763s][debug  ][gc,ergo        ] GC(10) Live_space: 284973632 free_space: 198180864
[16.763s][debug  ][gc,ergo        ] GC(10) Old eden_size: 97517568 desired_eden_size: 97517568
[16.763s][debug  ][gc,ergo        ] GC(10) AdaptiveSizeStop: collection: 11 
[16.763s][info   ][gc,heap        ] GC(10) PSYoungGen: 113543K(114176K)->16384K(114176K) Eden: 97159K(97280K)->0K(97280K) From: 16384K(16896K)->16384K(16896K)
[16.763s][info   ][gc,heap        ] GC(10) ParOldGen: 489151K(917504K)->505536K(917504K)
[16.763s][info   ][gc,metaspace   ] GC(10) Metaspace: 1021K(1216K)->1021K(1216K) NonClass: 938K(1024K)->938K(1024K) Class: 83K(192K)->83K(192K)
[16.763s][info   ][gc             ] GC(10) Pause Young (Allocation Failure) 588M->509M(1007M) 5.714ms
[16.763s][info   ][gc,cpu         ] GC(10) User=0.00s Sys=0.00s Real=0.01s
[16.763s][debug  ][gc,heap        ] GC(10) Heap after GC invocations=11 (full 0):
[16.763s][debug  ][gc,heap        ] GC(10)  PSYoungGen      total 114176K, used 16384K [0x00000000f8000000, 0x0000000100000000, 0x0000000100000000)
[16.763s][debug  ][gc,heap        ] GC(10)   eden space 97280K, 0% used [0x00000000f8000000,0x00000000f8000000,0x00000000fdf00000)
[16.763s][debug  ][gc,heap        ] GC(10)   from space 16896K, 96% used [0x00000000fdf00000,0x00000000fef00100,0x00000000fef80000)
[16.764s][debug  ][gc,heap        ] GC(10)   to   space 16896K, 0% used [0x00000000fef80000,0x00000000fef80000,0x0000000100000000)
[16.764s][debug  ][gc,heap        ] GC(10)  ParOldGen       total 917504K, used 505536K [0x00000000c0000000, 0x00000000f8000000, 0x00000000f8000000)
[16.764s][debug  ][gc,heap        ] GC(10)   object space 917504K, 55% used [0x00000000c0000000,0x00000000dedb0068,0x00000000f8000000)
[16.764s][debug  ][gc,heap        ] GC(10)  Metaspace       used 1021K, committed 1216K, reserved 1056768K
[16.764s][debug  ][gc,heap        ] GC(10)   class space    used 83K, committed 192K, reserved 1048576K
[16.764s][debug  ][gc,task,time   ] GC(10) VM-Thread 167573154 167614640 167636308
[18.256s][debug  ][gc,heap        ] GC(11) Heap before GC invocations=12 (full 0):
[18.256s][debug  ][gc,heap        ] GC(11)  PSYoungGen      total 114176K, used 113544K [0x00000000f8000000, 0x0000000100000000, 0x0000000100000000)
[18.256s][debug  ][gc,heap        ] GC(11)   eden space 97280K, 99% used [0x00000000f8000000,0x00000000fdee1f50,0x00000000fdf00000)
[18.256s][debug  ][gc,heap        ] GC(11)   from space 16896K, 96% used [0x00000000fdf00000,0x00000000fef00100,0x00000000fef80000)
[18.256s][debug  ][gc,heap        ] GC(11)   to   space 16896K, 0% used [0x00000000fef80000,0x00000000fef80000,0x0000000100000000)
[18.256s][debug  ][gc,heap        ] GC(11)  ParOldGen       total 917504K, used 505536K [0x00000000c0000000, 0x00000000f8000000, 0x00000000f8000000)
[18.256s][debug  ][gc,heap        ] GC(11)   object space 917504K, 55% used [0x00000000c0000000,0x00000000dedb0068,0x00000000f8000000)
[18.256s][debug  ][gc,heap        ] GC(11)  Metaspace       used 1021K, committed 1216K, reserved 1056768K
[18.256s][debug  ][gc,heap        ] GC(11)   class space    used 83K, committed 192K, reserved 1048576K
[18.256s][debug  ][gc,tlab        ] GC(11) TLAB totals: thrds: 1  refills: 1 max: 1 slow allocs: 92 max 92 waste: 30.5% gc: 922952B max: 922952B slow: 0B max: 0B
[18.256s][info   ][gc,start       ] GC(11) Pause Young (Allocation Failure)
[18.256s][debug  ][gc,phases,start] GC(11) Scavenge
[18.260s][debug  ][gc,phases      ] GC(11) Scavenge 3.487ms
[18.260s][debug  ][gc,phases,start] GC(11) Reference Processing
[18.260s][debug  ][gc,ref         ] GC(11) Skipped phase 1 of Reference Processing: no references
[18.260s][debug  ][gc,ref         ] GC(11) Skipped phase 2 of Reference Processing: no references
[18.260s][debug  ][gc,ref         ] GC(11) Skipped phase 3 of Reference Processing: no references
[18.260s][debug  ][gc,ref         ] GC(11) Skipped phase 4 of Reference Processing: no references
[18.260s][debug  ][gc,phases,ref  ] GC(11) Reference Processing: 0.1ms
[18.260s][debug  ][gc,phases,ref  ] GC(11)   Reconsider SoftReferences: 0.0ms
[18.260s][debug  ][gc,phases,ref  ] GC(11)     SoftRef (ms):                  skipped
[18.260s][debug  ][gc,phases,ref  ] GC(11)   Notify Soft/WeakReferences: 0.0ms
[18.260s][debug  ][gc,phases,ref  ] GC(11)     SoftRef (ms):                  skipped
[18.260s][debug  ][gc,phases,ref  ] GC(11)     WeakRef (ms):                  skipped
[18.260s][debug  ][gc,phases,ref  ] GC(11)     FinalRef (ms):                 skipped
[18.260s][debug  ][gc,phases,ref  ] GC(11)     Total (ms):                    skipped
[18.260s][debug  ][gc,phases,ref  ] GC(11)   Notify and keep alive finalizable: 0.0ms
[18.260s][debug  ][gc,phases,ref  ] GC(11)     FinalRef (ms):                 skipped
[18.260s][debug  ][gc,phases,ref  ] GC(11)   Notify PhantomReferences: 0.0ms
[18.260s][debug  ][gc,phases,ref  ] GC(11)     PhantomRef (ms):               skipped
[18.260s][debug  ][gc,phases,ref  ] GC(11)   SoftReference:
[18.260s][debug  ][gc,phases,ref  ] GC(11)     Discovered: 0
[18.260s][debug  ][gc,phases,ref  ] GC(11)     Cleared: 0
[18.261s][debug  ][gc,phases,ref  ] GC(11)   WeakReference:
[18.261s][debug  ][gc,phases,ref  ] GC(11)     Discovered: 0
[18.261s][debug  ][gc,phases,ref  ] GC(11)     Cleared: 0
[18.261s][debug  ][gc,phases,ref  ] GC(11)   FinalReference:
[18.261s][debug  ][gc,phases,ref  ] GC(11)     Discovered: 0
[18.261s][debug  ][gc,phases,ref  ] GC(11)     Cleared: 0
[18.261s][debug  ][gc,phases,ref  ] GC(11)   PhantomReference:
[18.261s][debug  ][gc,phases,ref  ] GC(11)     Discovered: 0
[18.261s][debug  ][gc,phases,ref  ] GC(11)     Cleared: 0
[18.261s][debug  ][gc,phases      ] GC(11) Reference Processing 0.682ms
[18.261s][debug  ][gc,phases,start] GC(11) Weak Processing
[18.261s][debug  ][gc,phases      ] GC(11)   VM Weak                        Min:  0.0, Avg:  0.0, Max:  0.0, Diff:  0.0, Sum:  0.0, Workers: 6
[18.261s][debug  ][gc,phases      ] GC(11)     Dead                           Min: 0, Avg:  0.0, Max: 0, Diff: 0, Sum: 0, Workers: 6
[18.261s][debug  ][gc,phases      ] GC(11)     Total                          Min: 0, Avg:  1.3, Max: 8, Diff: 8, Sum: 8, Workers: 6
[18.261s][debug  ][gc,phases      ] GC(11)   ObjectSynchronizer Weak        Min:  0.0, Avg:  0.0, Max:  0.0, Diff:  0.0, Sum:  0.0, Workers: 6
[18.261s][debug  ][gc,phases      ] GC(11)     Dead                           Min: 0, Avg:  0.0, Max: 0, Diff: 0, Sum: 0, Workers: 6
[18.261s][debug  ][gc,phases      ] GC(11)     Total                          Min: 0, Avg:  0.5, Max: 3, Diff: 3, Sum: 3, Workers: 6
[18.261s][debug  ][gc,phases      ] GC(11)   JVMTI Tag Weak OopStorage      Min:  0.0, Avg:  0.0, Max:  0.0, Diff:  0.0, Sum:  0.0, Workers: 6
[18.261s][debug  ][gc,phases      ] GC(11)     Dead                           Min: 0, Avg:  0.0, Max: 0, Diff: 0, Sum: 0, Workers: 6
[18.261s][debug  ][gc,phases      ] GC(11)     Total                          Min: 0, Avg:  0.0, Max: 0, Diff: 0, Sum: 0, Workers: 6
[18.261s][debug  ][gc,phases      ] GC(11)   StringTable Weak               Min:  0.0, Avg:  0.0, Max:  0.0, Diff:  0.0, Sum:  0.0, Workers: 6
[18.261s][debug  ][gc,phases      ] GC(11)     Dead                           Min: 0, Avg:  0.0, Max: 0, Diff: 0, Sum: 0, Workers: 6
[18.261s][debug  ][gc,phases      ] GC(11)     Total                          Min: 703, Avg: 892.5, Max: 1024, Diff: 321, Sum: 5355, Workers: 6
[18.261s][debug  ][gc,phases      ] GC(11)   ResolvedMethodTable Weak       Min:  0.0, Avg:  0.0, Max:  0.0, Diff:  0.0, Sum:  0.0, Workers: 6
[18.261s][debug  ][gc,phases      ] GC(11)     Dead                           Min: 0, Avg:  0.0, Max: 0, Diff: 0, Sum: 0, Workers: 6
[18.261s][debug  ][gc,phases      ] GC(11)     Total                          Min: 0, Avg: 21.7, Max: 64, Diff: 64, Sum: 130, Workers: 6
[18.261s][debug  ][gc,phases      ] GC(11)   JNI Weak                       Min:  0.0, Avg:  0.0, Max:  0.0, Diff:  0.0, Sum:  0.0, Workers: 6
[18.261s][debug  ][gc,phases      ] GC(11)     Dead                           Min: 0, Avg:  0.0, Max: 0, Diff: 0, Sum: 0, Workers: 6
[18.261s][debug  ][gc,phases      ] GC(11)     Total                          Min: 0, Avg:  0.0, Max: 0, Diff: 0, Sum: 0, Workers: 6
[18.261s][debug  ][gc,phases      ] GC(11)   StringDedup Table Weak         Min:  0.0, Avg:  0.0, Max:  0.0, Diff:  0.0, Sum:  0.0, Workers: 6
[18.261s][debug  ][gc,phases      ] GC(11)     Dead                           Min: 0, Avg:  0.0, Max: 0, Diff: 0, Sum: 0, Workers: 6
[18.261s][debug  ][gc,phases      ] GC(11)     Total                          Min: 0, Avg:  0.0, Max: 0, Diff: 0, Sum: 0, Workers: 6
[18.261s][debug  ][gc,phases      ] GC(11)   StringDedup Requests0 Weak     Min:  0.0, Avg:  0.0, Max:  0.0, Diff:  0.0, Sum:  0.0, Workers: 6
[18.261s][debug  ][gc,phases      ] GC(11)     Dead                           Min: 0, Avg:  0.0, Max: 0, Diff: 0, Sum: 0, Workers: 6
[18.261s][debug  ][gc,phases      ] GC(11)     Total                          Min: 0, Avg:  0.0, Max: 0, Diff: 0, Sum: 0, Workers: 6
[18.261s][debug  ][gc,phases      ] GC(11)   StringDedup Requests1 Weak     Min:  0.0, Avg:  0.0, Max:  0.0, Diff:  0.0, Sum:  0.0, Workers: 6
[18.261s][debug  ][gc,phases      ] GC(11)     Dead                           Min: 0, Avg:  0.0, Max: 0, Diff: 0, Sum: 0, Workers: 6
[18.261s][debug  ][gc,phases      ] GC(11)     Total                          Min: 0, Avg:  0.0, Max: 0, Diff: 0, Sum: 0, Workers: 6
[18.261s][debug  ][gc,phases      ] GC(11)   Weak JFR Old Object Samples    Min:  0.0, Avg:  0.0, Max:  0.0, Diff:  0.0, Sum:  0.0, Workers: 6
[18.261s][debug  ][gc,phases      ] GC(11)     Dead                           Min: 0, Avg:  0.0, Max: 0, Diff: 0, Sum: 0, Workers: 6
[18.262s][debug  ][gc,phases      ] GC(11)     Total                          Min: 0, Avg:  0.0, Max: 0, Diff: 0, Sum: 0, Workers: 6
[18.262s][debug  ][gc,phases      ] GC(11) Weak Processing 0.805ms
[18.262s][debug  ][gc,ergo        ] GC(11) AdaptiveSizeStart:  collection: 12 
[18.262s][debug  ][gc,ergo        ] GC(11) avg_survived_padded_avg: 17144590.000000
[18.262s][debug  ][gc,ergo        ] GC(11) avg_promoted_padded_avg: 92225952.000000  avg_pretenured_padded_avg: 0.000000  tenuring_thresh: 1  target_size: 17301504
[18.262s][debug  ][gc,age         ] GC(11) Desired survivor size 17301504 bytes, new threshold 1 (max threshold 15)
[18.262s][debug  ][gc,ergo        ] GC(11) PSAdaptiveSizePolicy::compute_eden_space_size: costs minor_time: 0.005064 major_cost: 0.000000 mutator_cost: 0.994936 throughput_goal: 0.990000
[18.262s][debug  ][gc,ergo        ] GC(11) Live_space: 284997568 free_space: 198180864
[18.262s][debug  ][gc,ergo        ] GC(11) Old eden_size: 97517568 desired_eden_size: 97517568
[18.262s][debug  ][gc,ergo        ] GC(11) AdaptiveSizeStop: collection: 12 
[18.262s][info   ][gc,heap        ] GC(11) PSYoungGen: 113544K(114176K)->16384K(114176K) Eden: 97159K(97280K)->0K(97280K) From: 16384K(16896K)->16384K(16896K)
[18.262s][info   ][gc,heap        ] GC(11) ParOldGen: 505536K(917504K)->515776K(917504K)
[18.262s][info   ][gc,metaspace   ] GC(11) Metaspace: 1021K(1216K)->1021K(1216K) NonClass: 938K(1024K)->938K(1024K) Class: 83K(192K)->83K(192K)
[18.262s][info   ][gc             ] GC(11) Pause Young (Allocation Failure) 604M->519M(1007M) 5.451ms
[18.262s][info   ][gc,cpu         ] GC(11) User=0.00s Sys=0.00s Real=0.01s
[18.262s][debug  ][gc,heap        ] GC(11) Heap after GC invocations=12 (full 0):
[18.262s][debug  ][gc,heap        ] GC(11)  PSYoungGen      total 114176K, used 16384K [0x00000000f8000000, 0x0000000100000000, 0x0000000100000000)
[18.262s][debug  ][gc,heap        ] GC(11)   eden space 97280K, 0% used [0x00000000f8000000,0x00000000f8000000,0x00000000fdf00000)
[18.262s][debug  ][gc,heap        ] GC(11)   from space 16896K, 96% used [0x00000000fef80000,0x00000000fff80100,0x0000000100000000)
[18.262s][debug  ][gc,heap        ] GC(11)   to   space 16896K, 0% used [0x00000000fdf00000,0x00000000fdf00000,0x00000000fef80000)
[18.262s][debug  ][gc,heap        ] GC(11)  ParOldGen       total 917504K, used 515776K [0x00000000c0000000, 0x00000000f8000000, 0x00000000f8000000)
[18.262s][debug  ][gc,heap        ] GC(11)   object space 917504K, 56% used [0x00000000c0000000,0x00000000df7b0108,0x00000000f8000000)
[18.262s][debug  ][gc,heap        ] GC(11)  Metaspace       used 1021K, committed 1216K, reserved 1056768K
[18.262s][debug  ][gc,heap        ] GC(11)   class space    used 83K, committed 192K, reserved 1048576K
[18.262s][debug  ][gc,task,time   ] GC(11) VM-Thread 182559801 182600358 182621479
[19.759s][debug  ][gc,heap        ] GC(12) Heap before GC invocations=13 (full 0):
[19.759s][debug  ][gc,heap        ] GC(12)  PSYoungGen      total 114176K, used 113544K [0x00000000f8000000, 0x0000000100000000, 0x0000000100000000)
[19.759s][debug  ][gc,heap        ] GC(12)   eden space 97280K, 99% used [0x00000000f8000000,0x00000000fdee20f8,0x00000000fdf00000)
[19.759s][debug  ][gc,heap        ] GC(12)   from space 16896K, 96% used [0x00000000fef80000,0x00000000fff80100,0x0000000100000000)
[19.759s][debug  ][gc,heap        ] GC(12)   to   space 16896K, 0% used [0x00000000fdf00000,0x00000000fdf00000,0x00000000fef80000)
[19.760s][debug  ][gc,heap        ] GC(12)  ParOldGen       total 917504K, used 515776K [0x00000000c0000000, 0x00000000f8000000, 0x00000000f8000000)
[19.760s][debug  ][gc,heap        ] GC(12)   object space 917504K, 56% used [0x00000000c0000000,0x00000000df7b0108,0x00000000f8000000)
[19.760s][debug  ][gc,heap        ] GC(12)  Metaspace       used 1022K, committed 1216K, reserved 1056768K
[19.760s][debug  ][gc,heap        ] GC(12)   class space    used 83K, committed 192K, reserved 1048576K
[19.760s][debug  ][gc,tlab        ] GC(12) TLAB totals: thrds: 1  refills: 1 max: 1 slow allocs: 92 max 92 waste: 30.6% gc: 923376B max: 923376B slow: 0B max: 0B
[19.760s][info   ][gc,start       ] GC(12) Pause Young (Allocation Failure)
[19.760s][debug  ][gc,phases,start] GC(12) Scavenge
[19.762s][debug  ][gc,phases      ] GC(12) Scavenge 2.400ms
[19.762s][debug  ][gc,phases,start] GC(12) Reference Processing
[19.762s][debug  ][gc,ref         ] GC(12) Skipped phase 1 of Reference Processing: no references
[19.762s][debug  ][gc,ref         ] GC(12) Skipped phase 2 of Reference Processing: no references
[19.762s][debug  ][gc,ref         ] GC(12) Skipped phase 3 of Reference Processing: no references
[19.762s][debug  ][gc,ref         ] GC(12) Skipped phase 4 of Reference Processing: no references
[19.762s][debug  ][gc,phases,ref  ] GC(12) Reference Processing: 0.1ms
[19.762s][debug  ][gc,phases,ref  ] GC(12)   Reconsider SoftReferences: 0.0ms
[19.762s][debug  ][gc,phases,ref  ] GC(12)     SoftRef (ms):                  skipped
[19.762s][debug  ][gc,phases,ref  ] GC(12)   Notify Soft/WeakReferences: 0.0ms
[19.762s][debug  ][gc,phases,ref  ] GC(12)     SoftRef (ms):                  skipped
[19.763s][debug  ][gc,phases,ref  ] GC(12)     WeakRef (ms):                  skipped
[19.763s][debug  ][gc,phases,ref  ] GC(12)     FinalRef (ms):                 skipped
[19.763s][debug  ][gc,phases,ref  ] GC(12)     Total (ms):                    skipped
[19.763s][debug  ][gc,phases,ref  ] GC(12)   Notify and keep alive finalizable: 0.0ms
[19.763s][debug  ][gc,phases,ref  ] GC(12)     FinalRef (ms):                 skipped
[19.763s][debug  ][gc,phases,ref  ] GC(12)   Notify PhantomReferences: 0.0ms
[19.763s][debug  ][gc,phases,ref  ] GC(12)     PhantomRef (ms):               skipped
[19.763s][debug  ][gc,phases,ref  ] GC(12)   SoftReference:
[19.763s][debug  ][gc,phases,ref  ] GC(12)     Discovered: 0
[19.763s][debug  ][gc,phases,ref  ] GC(12)     Cleared: 0
[19.763s][debug  ][gc,phases,ref  ] GC(12)   WeakReference:
[19.763s][debug  ][gc,phases,ref  ] GC(12)     Discovered: 0
[19.763s][debug  ][gc,phases,ref  ] GC(12)     Cleared: 0
[19.763s][debug  ][gc,phases,ref  ] GC(12)   FinalReference:
[19.763s][debug  ][gc,phases,ref  ] GC(12)     Discovered: 0
[19.763s][debug  ][gc,phases,ref  ] GC(12)     Cleared: 0
[19.763s][debug  ][gc,phases,ref  ] GC(12)   PhantomReference:
[19.763s][debug  ][gc,phases,ref  ] GC(12)     Discovered: 0
[19.763s][debug  ][gc,phases,ref  ] GC(12)     Cleared: 0
[19.763s][debug  ][gc,phases      ] GC(12) Reference Processing 0.690ms
[19.763s][debug  ][gc,phases,start] GC(12) Weak Processing
[19.763s][debug  ][gc,phases      ] GC(12)   VM Weak                        Min:  0.0, Avg:  0.0, Max:  0.0, Diff:  0.0, Sum:  0.0, Workers: 6
[19.763s][debug  ][gc,phases      ] GC(12)     Dead                           Min: 0, Avg:  0.0, Max: 0, Diff: 0, Sum: 0, Workers: 6
[19.763s][debug  ][gc,phases      ] GC(12)     Total                          Min: 0, Avg:  1.3, Max: 8, Diff: 8, Sum: 8, Workers: 6
[19.763s][debug  ][gc,phases      ] GC(12)   ObjectSynchronizer Weak        Min:  0.0, Avg:  0.0, Max:  0.0, Diff:  0.0, Sum:  0.0, Workers: 6
[19.763s][debug  ][gc,phases      ] GC(12)     Dead                           Min: 0, Avg:  0.0, Max: 0, Diff: 0, Sum: 0, Workers: 6
[19.763s][debug  ][gc,phases      ] GC(12)     Total                          Min: 0, Avg:  0.5, Max: 3, Diff: 3, Sum: 3, Workers: 6
[19.763s][debug  ][gc,phases      ] GC(12)   JVMTI Tag Weak OopStorage      Min:  0.0, Avg:  0.0, Max:  0.0, Diff:  0.0, Sum:  0.0, Workers: 6
[19.763s][debug  ][gc,phases      ] GC(12)     Dead                           Min: 0, Avg:  0.0, Max: 0, Diff: 0, Sum: 0, Workers: 6
[19.763s][debug  ][gc,phases      ] GC(12)     Total                          Min: 0, Avg:  0.0, Max: 0, Diff: 0, Sum: 0, Workers: 6
[19.763s][debug  ][gc,phases      ] GC(12)   StringTable Weak               Min:  0.0, Avg:  0.0, Max:  0.0, Diff:  0.0, Sum:  0.0, Workers: 6
[19.763s][debug  ][gc,phases      ] GC(12)     Dead                           Min: 0, Avg:  0.0, Max: 0, Diff: 0, Sum: 0, Workers: 6
[19.763s][debug  ][gc,phases      ] GC(12)     Total                          Min: 812, Avg: 892.5, Max: 960, Diff: 148, Sum: 5355, Workers: 6
[19.763s][debug  ][gc,phases      ] GC(12)   ResolvedMethodTable Weak       Min:  0.0, Avg:  0.0, Max:  0.0, Diff:  0.0, Sum:  0.0, Workers: 6
[19.763s][debug  ][gc,phases      ] GC(12)     Dead                           Min: 0, Avg:  0.0, Max: 0, Diff: 0, Sum: 0, Workers: 6
[19.763s][debug  ][gc,phases      ] GC(12)     Total                          Min: 0, Avg: 21.7, Max: 64, Diff: 64, Sum: 130, Workers: 6
[19.763s][debug  ][gc,phases      ] GC(12)   JNI Weak                       Min:  0.0, Avg:  0.0, Max:  0.0, Diff:  0.0, Sum:  0.0, Workers: 6
[19.763s][debug  ][gc,phases      ] GC(12)     Dead                           Min: 0, Avg:  0.0, Max: 0, Diff: 0, Sum: 0, Workers: 6
[19.763s][debug  ][gc,phases      ] GC(12)     Total                          Min: 0, Avg:  0.0, Max: 0, Diff: 0, Sum: 0, Workers: 6
[19.763s][debug  ][gc,phases      ] GC(12)   StringDedup Table Weak         Min:  0.0, Avg:  0.0, Max:  0.0, Diff:  0.0, Sum:  0.0, Workers: 6
[19.764s][debug  ][gc,phases      ] GC(12)     Dead                           Min: 0, Avg:  0.0, Max: 0, Diff: 0, Sum: 0, Workers: 6
[19.764s][debug  ][gc,phases      ] GC(12)     Total                          Min: 0, Avg:  0.0, Max: 0, Diff: 0, Sum: 0, Workers: 6
[19.764s][debug  ][gc,phases      ] GC(12)   StringDedup Requests0 Weak     Min:  0.0, Avg:  0.0, Max:  0.0, Diff:  0.0, Sum:  0.0, Workers: 6
[19.764s][debug  ][gc,phases      ] GC(12)     Dead                           Min: 0, Avg:  0.0, Max: 0, Diff: 0, Sum: 0, Workers: 6
[19.764s][debug  ][gc,phases      ] GC(12)     Total                          Min: 0, Avg:  0.0, Max: 0, Diff: 0, Sum: 0, Workers: 6
[19.764s][debug  ][gc,phases      ] GC(12)   StringDedup Requests1 Weak     Min:  0.0, Avg:  0.0, Max:  0.0, Diff:  0.0, Sum:  0.0, Workers: 6
[19.764s][debug  ][gc,phases      ] GC(12)     Dead                           Min: 0, Avg:  0.0, Max: 0, Diff: 0, Sum: 0, Workers: 6
[19.764s][debug  ][gc,phases      ] GC(12)     Total                          Min: 0, Avg:  0.0, Max: 0, Diff: 0, Sum: 0, Workers: 6
[19.764s][debug  ][gc,phases      ] GC(12)   Weak JFR Old Object Samples    Min:  0.0, Avg:  0.0, Max:  0.0, Diff:  0.0, Sum:  0.0, Workers: 6
[19.764s][debug  ][gc,phases      ] GC(12)     Dead                           Min: 0, Avg:  0.0, Max: 0, Diff: 0, Sum: 0, Workers: 6
[19.764s][debug  ][gc,phases      ] GC(12)     Total                          Min: 0, Avg:  0.0, Max: 0, Diff: 0, Sum: 0, Workers: 6
[19.764s][debug  ][gc,phases      ] GC(12) Weak Processing 0.809ms
[19.764s][debug  ][gc,ergo        ] GC(12) AdaptiveSizeStart:  collection: 13 
[19.764s][debug  ][gc,ergo        ] GC(12) avg_survived_padded_avg: 17166024.000000
[19.764s][debug  ][gc,ergo        ] GC(12) avg_promoted_padded_avg: 93985712.000000  avg_pretenured_padded_avg: 0.000000  tenuring_thresh: 1  target_size: 17301504
[19.764s][debug  ][gc,age         ] GC(12) Desired survivor size 17301504 bytes, new threshold 1 (max threshold 15)
[19.764s][debug  ][gc,ergo        ] GC(12) PSAdaptiveSizePolicy::compute_eden_space_size: costs minor_time: 0.004469 major_cost: 0.000000 mutator_cost: 0.995531 throughput_goal: 0.990000
[19.764s][debug  ][gc,ergo        ] GC(12) Live_space: 285019104 free_space: 198180864
[19.764s][debug  ][gc,ergo        ] GC(12) Old eden_size: 97517568 desired_eden_size: 97517568
[19.764s][debug  ][gc,ergo        ] GC(12) AdaptiveSizeStop: collection: 13 
[19.764s][info   ][gc,heap        ] GC(12) PSYoungGen: 113544K(114176K)->16384K(114176K) Eden: 97160K(97280K)->0K(97280K) From: 16384K(16896K)->16384K(16896K)
[19.764s][info   ][gc,heap        ] GC(12) ParOldGen: 515776K(917504K)->519872K(917504K)
[19.764s][info   ][gc,metaspace   ] GC(12) Metaspace: 1022K(1216K)->1022K(1216K) NonClass: 938K(1024K)->938K(1024K) Class: 83K(192K)->83K(192K)
[19.764s][info   ][gc             ] GC(12) Pause Young (Allocation Failure) 614M->523M(1007M) 4.371ms
[19.764s][info   ][gc,cpu         ] GC(12) User=0.00s Sys=0.00s Real=0.01s
[19.764s][debug  ][gc,heap        ] GC(12) Heap after GC invocations=13 (full 0):
[19.764s][debug  ][gc,heap        ] GC(12)  PSYoungGen      total 114176K, used 16384K [0x00000000f8000000, 0x0000000100000000, 0x0000000100000000)
[19.764s][debug  ][gc,heap        ] GC(12)   eden space 97280K, 0% used [0x00000000f8000000,0x00000000f8000000,0x00000000fdf00000)
[19.764s][debug  ][gc,heap        ] GC(12)   from space 16896K, 96% used [0x00000000fdf00000,0x00000000fef00100,0x00000000fef80000)
[19.764s][debug  ][gc,heap        ] GC(12)   to   space 16896K, 0% used [0x00000000fef80000,0x00000000fef80000,0x0000000100000000)
[19.764s][debug  ][gc,heap        ] GC(12)  ParOldGen       total 917504K, used 519872K [0x00000000c0000000, 0x00000000f8000000, 0x00000000f8000000)
[19.764s][debug  ][gc,heap        ] GC(12)   object space 917504K, 56% used [0x00000000c0000000,0x00000000dfbb0148,0x00000000f8000000)
[19.764s][debug  ][gc,heap        ] GC(12)  Metaspace       used 1022K, committed 1216K, reserved 1056768K
[19.764s][debug  ][gc,heap        ] GC(12)   class space    used 83K, committed 192K, reserved 1048576K
[19.764s][debug  ][gc,task,time   ] GC(12) VM-Thread 197591959 197622491 197643687
[21.246s][debug  ][gc,heap        ] GC(13) Heap before GC invocations=14 (full 0):
[21.246s][debug  ][gc,heap        ] GC(13)  PSYoungGen      total 114176K, used 113544K [0x00000000f8000000, 0x0000000100000000, 0x0000000100000000)
[21.246s][debug  ][gc,heap        ] GC(13)   eden space 97280K, 99% used [0x00000000f8000000,0x00000000fdee2200,0x00000000fdf00000)
[21.246s][debug  ][gc,heap        ] GC(13)   from space 16896K, 96% used [0x00000000fdf00000,0x00000000fef00100,0x00000000fef80000)
[21.246s][debug  ][gc,heap        ] GC(13)   to   space 16896K, 0% used [0x00000000fef80000,0x00000000fef80000,0x0000000100000000)
[21.246s][debug  ][gc,heap        ] GC(13)  ParOldGen       total 917504K, used 519872K [0x00000000c0000000, 0x00000000f8000000, 0x00000000f8000000)
[21.246s][debug  ][gc,heap        ] GC(13)   object space 917504K, 56% used [0x00000000c0000000,0x00000000dfbb0148,0x00000000f8000000)
[21.246s][debug  ][gc,heap        ] GC(13)  Metaspace       used 1022K, committed 1216K, reserved 1056768K
[21.246s][debug  ][gc,heap        ] GC(13)   class space    used 83K, committed 192K, reserved 1048576K
[21.246s][debug  ][gc,tlab        ] GC(13) TLAB totals: thrds: 1  refills: 1 max: 1 slow allocs: 92 max 92 waste: 30.6% gc: 923640B max: 923640B slow: 0B max: 0B
[21.246s][info   ][gc,start       ] GC(13) Pause Young (Allocation Failure)
[21.246s][debug  ][gc,phases,start] GC(13) Scavenge
[21.248s][debug  ][gc,phases      ] GC(13) Scavenge 1.723ms
[21.248s][debug  ][gc,phases,start] GC(13) Reference Processing
[21.248s][debug  ][gc,ref         ] GC(13) Skipped phase 1 of Reference Processing: no references
[21.248s][debug  ][gc,ref         ] GC(13) Skipped phase 2 of Reference Processing: no references
[21.248s][debug  ][gc,ref         ] GC(13) Skipped phase 3 of Reference Processing: no references
[21.248s][debug  ][gc,ref         ] GC(13) Skipped phase 4 of Reference Processing: no references
[21.248s][debug  ][gc,phases,ref  ] GC(13) Reference Processing: 0.1ms
[21.248s][debug  ][gc,phases,ref  ] GC(13)   Reconsider SoftReferences: 0.0ms
[21.248s][debug  ][gc,phases,ref  ] GC(13)     SoftRef (ms):                  skipped
[21.248s][debug  ][gc,phases,ref  ] GC(13)   Notify Soft/WeakReferences: 0.0ms
[21.248s][debug  ][gc,phases,ref  ] GC(13)     SoftRef (ms):                  skipped
[21.248s][debug  ][gc,phases,ref  ] GC(13)     WeakRef (ms):                  skipped
[21.248s][debug  ][gc,phases,ref  ] GC(13)     FinalRef (ms):                 skipped
[21.248s][debug  ][gc,phases,ref  ] GC(13)     Total (ms):                    skipped
[21.248s][debug  ][gc,phases,ref  ] GC(13)   Notify and keep alive finalizable: 0.0ms
[21.248s][debug  ][gc,phases,ref  ] GC(13)     FinalRef (ms):                 skipped
[21.248s][debug  ][gc,phases,ref  ] GC(13)   Notify PhantomReferences: 0.0ms
[21.249s][debug  ][gc,phases,ref  ] GC(13)     PhantomRef (ms):               skipped
[21.249s][debug  ][gc,phases,ref  ] GC(13)   SoftReference:
[21.249s][debug  ][gc,phases,ref  ] GC(13)     Discovered: 0
[21.249s][debug  ][gc,phases,ref  ] GC(13)     Cleared: 0
[21.249s][debug  ][gc,phases,ref  ] GC(13)   WeakReference:
[21.249s][debug  ][gc,phases,ref  ] GC(13)     Discovered: 0
[21.249s][debug  ][gc,phases,ref  ] GC(13)     Cleared: 0
[21.249s][debug  ][gc,phases,ref  ] GC(13)   FinalReference:
[21.249s][debug  ][gc,phases,ref  ] GC(13)     Discovered: 0
[21.249s][debug  ][gc,phases,ref  ] GC(13)     Cleared: 0
[21.249s][debug  ][gc,phases,ref  ] GC(13)   PhantomReference:
[21.249s][debug  ][gc,phases,ref  ] GC(13)     Discovered: 0
[21.249s][debug  ][gc,phases,ref  ] GC(13)     Cleared: 0
[21.249s][debug  ][gc,phases      ] GC(13) Reference Processing 0.620ms
[21.249s][debug  ][gc,phases,start] GC(13) Weak Processing
[21.249s][debug  ][gc,phases      ] GC(13)   VM Weak                        Min:  0.0, Avg:  0.0, Max:  0.0, Diff:  0.0, Sum:  0.0, Workers: 6
[21.249s][debug  ][gc,phases      ] GC(13)     Dead                           Min: 0, Avg:  0.0, Max: 0, Diff: 0, Sum: 0, Workers: 6
[21.249s][debug  ][gc,phases      ] GC(13)     Total                          Min: 0, Avg:  1.3, Max: 8, Diff: 8, Sum: 8, Workers: 6
[21.249s][debug  ][gc,phases      ] GC(13)   ObjectSynchronizer Weak        Min:  0.0, Avg:  0.0, Max:  0.0, Diff:  0.0, Sum:  0.0, Workers: 6
[21.249s][debug  ][gc,phases      ] GC(13)     Dead                           Min: 0, Avg:  0.0, Max: 0, Diff: 0, Sum: 0, Workers: 6
[21.249s][debug  ][gc,phases      ] GC(13)     Total                          Min: 0, Avg:  0.5, Max: 3, Diff: 3, Sum: 3, Workers: 6
[21.249s][debug  ][gc,phases      ] GC(13)   JVMTI Tag Weak OopStorage      Min:  0.0, Avg:  0.0, Max:  0.0, Diff:  0.0, Sum:  0.0, Workers: 6
[21.249s][debug  ][gc,phases      ] GC(13)     Dead                           Min: 0, Avg:  0.0, Max: 0, Diff: 0, Sum: 0, Workers: 6
[21.249s][debug  ][gc,phases      ] GC(13)     Total                          Min: 0, Avg:  0.0, Max: 0, Diff: 0, Sum: 0, Workers: 6
[21.249s][debug  ][gc,phases      ] GC(13)   StringTable Weak               Min:  0.0, Avg:  0.0, Max:  0.0, Diff:  0.0, Sum:  0.0, Workers: 6
[21.249s][debug  ][gc,phases      ] GC(13)     Dead                           Min: 0, Avg:  0.0, Max: 0, Diff: 0, Sum: 0, Workers: 6
[21.249s][debug  ][gc,phases      ] GC(13)     Total                          Min: 767, Avg: 892.5, Max: 1088, Diff: 321, Sum: 5355, Workers: 6
[21.249s][debug  ][gc,phases      ] GC(13)   ResolvedMethodTable Weak       Min:  0.0, Avg:  0.0, Max:  0.0, Diff:  0.0, Sum:  0.0, Workers: 6
[21.249s][debug  ][gc,phases      ] GC(13)     Dead                           Min: 0, Avg:  0.0, Max: 0, Diff: 0, Sum: 0, Workers: 6
[21.249s][debug  ][gc,phases      ] GC(13)     Total                          Min: 0, Avg: 21.7, Max: 64, Diff: 64, Sum: 130, Workers: 6
[21.249s][debug  ][gc,phases      ] GC(13)   JNI Weak                       Min:  0.0, Avg:  0.0, Max:  0.0, Diff:  0.0, Sum:  0.0, Workers: 6
[21.249s][debug  ][gc,phases      ] GC(13)     Dead                           Min: 0, Avg:  0.0, Max: 0, Diff: 0, Sum: 0, Workers: 6
[21.249s][debug  ][gc,phases      ] GC(13)     Total                          Min: 0, Avg:  0.0, Max: 0, Diff: 0, Sum: 0, Workers: 6
[21.249s][debug  ][gc,phases      ] GC(13)   StringDedup Table Weak         Min:  0.0, Avg:  0.0, Max:  0.0, Diff:  0.0, Sum:  0.0, Workers: 6
[21.249s][debug  ][gc,phases      ] GC(13)     Dead                           Min: 0, Avg:  0.0, Max: 0, Diff: 0, Sum: 0, Workers: 6
[21.249s][debug  ][gc,phases      ] GC(13)     Total                          Min: 0, Avg:  0.0, Max: 0, Diff: 0, Sum: 0, Workers: 6
[21.249s][debug  ][gc,phases      ] GC(13)   StringDedup Requests0 Weak     Min:  0.0, Avg:  0.0, Max:  0.0, Diff:  0.0, Sum:  0.0, Workers: 6
[21.249s][debug  ][gc,phases      ] GC(13)     Dead                           Min: 0, Avg:  0.0, Max: 0, Diff: 0, Sum: 0, Workers: 6
[21.249s][debug  ][gc,phases      ] GC(13)     Total                          Min: 0, Avg:  0.0, Max: 0, Diff: 0, Sum: 0, Workers: 6
[21.249s][debug  ][gc,phases      ] GC(13)   StringDedup Requests1 Weak     Min:  0.0, Avg:  0.0, Max:  0.0, Diff:  0.0, Sum:  0.0, Workers: 6
[21.249s][debug  ][gc,phases      ] GC(13)     Dead                           Min: 0, Avg:  0.0, Max: 0, Diff: 0, Sum: 0, Workers: 6
[21.249s][debug  ][gc,phases      ] GC(13)     Total                          Min: 0, Avg:  0.0, Max: 0, Diff: 0, Sum: 0, Workers: 6
[21.249s][debug  ][gc,phases      ] GC(13)   Weak JFR Old Object Samples    Min:  0.0, Avg:  0.0, Max:  0.0, Diff:  0.0, Sum:  0.0, Workers: 6
[21.249s][debug  ][gc,phases      ] GC(13)     Dead                           Min: 0, Avg:  0.0, Max: 0, Diff: 0, Sum: 0, Workers: 6
[21.249s][debug  ][gc,phases      ] GC(13)     Total                          Min: 0, Avg:  0.0, Max: 0, Diff: 0, Sum: 0, Workers: 6
[21.249s][debug  ][gc,phases      ] GC(13) Weak Processing 0.666ms
[21.249s][debug  ][gc,ergo        ] GC(13) AdaptiveSizeStart:  collection: 14 
[21.249s][debug  ][gc,ergo        ] GC(13) avg_survived_padded_avg: 17431360.000000
[21.250s][debug  ][gc,ergo        ] GC(13) avg_promoted_padded_avg: 90045296.000000  avg_pretenured_padded_avg: 0.000000  tenuring_thresh: 1  target_size: 17825792
[21.250s][debug  ][gc,age         ] GC(13) Desired survivor size 17825792 bytes, new threshold 1 (max threshold 15)
[21.250s][debug  ][gc,ergo        ] GC(13) PSAdaptiveSizePolicy::compute_eden_space_size: costs minor_time: 0.003879 major_cost: 0.000000 mutator_cost: 0.996121 throughput_goal: 0.990000
[21.250s][debug  ][gc,ergo        ] GC(13) Live_space: 284828768 free_space: 198180864
[21.250s][debug  ][gc,ergo        ] GC(13) Old eden_size: 97517568 desired_eden_size: 97517568
[21.250s][debug  ][gc,ergo        ] GC(13) AdaptiveSizeStop: collection: 14 
[21.250s][info   ][gc,heap        ] GC(13) PSYoungGen: 113544K(114176K)->14336K(113152K) Eden: 97160K(97280K)->0K(96256K) From: 16384K(16896K)->14336K(16896K)
[21.250s][info   ][gc,heap        ] GC(13) ParOldGen: 519872K(917504K)->519872K(917504K)
[21.250s][info   ][gc,metaspace   ] GC(13) Metaspace: 1022K(1216K)->1022K(1216K) NonClass: 938K(1024K)->938K(1024K) Class: 83K(192K)->83K(192K)
[21.250s][info   ][gc             ] GC(13) Pause Young (Allocation Failure) 618M->521M(1006M) 3.430ms
[21.250s][info   ][gc,cpu         ] GC(13) User=0.00s Sys=0.00s Real=0.00s
[21.250s][debug  ][gc,heap        ] GC(13) Heap after GC invocations=14 (full 0):
[21.250s][debug  ][gc,heap        ] GC(13)  PSYoungGen      total 113152K, used 14336K [0x00000000f8000000, 0x0000000100000000, 0x0000000100000000)
[21.250s][debug  ][gc,heap        ] GC(13)   eden space 96256K, 0% used [0x00000000f8000000,0x00000000f8000000,0x00000000fde00000)
[21.250s][debug  ][gc,heap        ] GC(13)   from space 16896K, 84% used [0x00000000fef80000,0x00000000ffd800e0,0x0000000100000000)
[21.250s][debug  ][gc,heap        ] GC(13)   to   space 17408K, 0% used [0x00000000fde00000,0x00000000fde00000,0x00000000fef00000)
[21.250s][debug  ][gc,heap        ] GC(13)  ParOldGen       total 917504K, used 519872K [0x00000000c0000000, 0x00000000f8000000, 0x00000000f8000000)
[21.250s][debug  ][gc,heap        ] GC(13)   object space 917504K, 56% used [0x00000000c0000000,0x00000000dfbb0148,0x00000000f8000000)
[21.250s][debug  ][gc,heap        ] GC(13)  Metaspace       used 1022K, committed 1216K, reserved 1056768K
[21.250s][debug  ][gc,heap        ] GC(13)   class space    used 83K, committed 192K, reserved 1048576K
[21.250s][debug  ][gc,task,time   ] GC(13) VM-Thread 212458822 212481419 212499686
[22.724s][debug  ][gc,heap        ] GC(14) Heap before GC invocations=15 (full 0):
[22.725s][debug  ][gc,heap        ] GC(14)  PSYoungGen      total 113152K, used 110452K [0x00000000f8000000, 0x0000000100000000, 0x0000000100000000)
[22.725s][debug  ][gc,heap        ] GC(14)   eden space 96256K, 99% used [0x00000000f8000000,0x00000000fdddd178,0x00000000fde00000)
[22.725s][debug  ][gc,heap        ] GC(14)   from space 16896K, 84% used [0x00000000fef80000,0x00000000ffd800e0,0x0000000100000000)
[22.725s][debug  ][gc,heap        ] GC(14)   to   space 17408K, 0% used [0x00000000fde00000,0x00000000fde00000,0x00000000fef00000)
[22.725s][debug  ][gc,heap        ] GC(14)  ParOldGen       total 917504K, used 519872K [0x00000000c0000000, 0x00000000f8000000, 0x00000000f8000000)
[22.725s][debug  ][gc,heap        ] GC(14)   object space 917504K, 56% used [0x00000000c0000000,0x00000000dfbb0148,0x00000000f8000000)
[22.725s][debug  ][gc,heap        ] GC(14)  Metaspace       used 1022K, committed 1216K, reserved 1056768K
[22.725s][debug  ][gc,heap        ] GC(14)   class space    used 83K, committed 192K, reserved 1048576K
[22.725s][debug  ][gc,tlab        ] GC(14) TLAB totals: thrds: 1  refills: 1 max: 1 slow allocs: 91 max 91 waste: 30.1% gc: 903040B max: 903040B slow: 0B max: 0B
[22.725s][info   ][gc,start       ] GC(14) Pause Young (Allocation Failure)
[22.725s][debug  ][gc,phases,start] GC(14) Scavenge
[22.726s][debug  ][gc,phases      ] GC(14) Scavenge 1.337ms
[22.726s][debug  ][gc,phases,start] GC(14) Reference Processing
[22.726s][debug  ][gc,ref         ] GC(14) Skipped phase 1 of Reference Processing: no references
[22.726s][debug  ][gc,ref         ] GC(14) Skipped phase 2 of Reference Processing: no references
[22.726s][debug  ][gc,ref         ] GC(14) Skipped phase 3 of Reference Processing: no references
[22.726s][debug  ][gc,ref         ] GC(14) Skipped phase 4 of Reference Processing: no references
[22.726s][debug  ][gc,phases,ref  ] GC(14) Reference Processing: 0.1ms
[22.726s][debug  ][gc,phases,ref  ] GC(14)   Reconsider SoftReferences: 0.0ms
[22.726s][debug  ][gc,phases,ref  ] GC(14)     SoftRef (ms):                  skipped
[22.726s][debug  ][gc,phases,ref  ] GC(14)   Notify Soft/WeakReferences: 0.0ms
[22.727s][debug  ][gc,phases,ref  ] GC(14)     SoftRef (ms):                  skipped
[22.727s][debug  ][gc,phases,ref  ] GC(14)     WeakRef (ms):                  skipped
[22.727s][debug  ][gc,phases,ref  ] GC(14)     FinalRef (ms):                 skipped
[22.727s][debug  ][gc,phases,ref  ] GC(14)     Total (ms):                    skipped
[22.727s][debug  ][gc,phases,ref  ] GC(14)   Notify and keep alive finalizable: 0.0ms
[22.727s][debug  ][gc,phases,ref  ] GC(14)     FinalRef (ms):                 skipped
[22.727s][debug  ][gc,phases,ref  ] GC(14)   Notify PhantomReferences: 0.0ms
[22.727s][debug  ][gc,phases,ref  ] GC(14)     PhantomRef (ms):               skipped
[22.727s][debug  ][gc,phases,ref  ] GC(14)   SoftReference:
[22.727s][debug  ][gc,phases,ref  ] GC(14)     Discovered: 0
[22.727s][debug  ][gc,phases,ref  ] GC(14)     Cleared: 0
[22.727s][debug  ][gc,phases,ref  ] GC(14)   WeakReference:
[22.727s][debug  ][gc,phases,ref  ] GC(14)     Discovered: 0
[22.727s][debug  ][gc,phases,ref  ] GC(14)     Cleared: 0
[22.727s][debug  ][gc,phases,ref  ] GC(14)   FinalReference:
[22.727s][debug  ][gc,phases,ref  ] GC(14)     Discovered: 0
[22.727s][debug  ][gc,phases,ref  ] GC(14)     Cleared: 0
[22.727s][debug  ][gc,phases,ref  ] GC(14)   PhantomReference:
[22.727s][debug  ][gc,phases,ref  ] GC(14)     Discovered: 0
[22.727s][debug  ][gc,phases,ref  ] GC(14)     Cleared: 0
[22.727s][debug  ][gc,phases      ] GC(14) Reference Processing 0.607ms
[22.727s][debug  ][gc,phases,start] GC(14) Weak Processing
[22.727s][debug  ][gc,phases      ] GC(14)   VM Weak                        Min:  0.0, Avg:  0.0, Max:  0.0, Diff:  0.0, Sum:  0.0, Workers: 6
[22.727s][debug  ][gc,phases      ] GC(14)     Dead                           Min: 0, Avg:  0.0, Max: 0, Diff: 0, Sum: 0, Workers: 6
[22.727s][debug  ][gc,phases      ] GC(14)     Total                          Min: 0, Avg:  1.3, Max: 8, Diff: 8, Sum: 8, Workers: 6
[22.727s][debug  ][gc,phases      ] GC(14)   ObjectSynchronizer Weak        Min:  0.0, Avg:  0.0, Max:  0.0, Diff:  0.0, Sum:  0.0, Workers: 6
[22.727s][debug  ][gc,phases      ] GC(14)     Dead                           Min: 0, Avg:  0.0, Max: 0, Diff: 0, Sum: 0, Workers: 6
[22.727s][debug  ][gc,phases      ] GC(14)     Total                          Min: 0, Avg:  0.5, Max: 3, Diff: 3, Sum: 3, Workers: 6
[22.727s][debug  ][gc,phases      ] GC(14)   JVMTI Tag Weak OopStorage      Min:  0.0, Avg:  0.0, Max:  0.0, Diff:  0.0, Sum:  0.0, Workers: 6
[22.727s][debug  ][gc,phases      ] GC(14)     Dead                           Min: 0, Avg:  0.0, Max: 0, Diff: 0, Sum: 0, Workers: 6
[22.727s][debug  ][gc,phases      ] GC(14)     Total                          Min: 0, Avg:  0.0, Max: 0, Diff: 0, Sum: 0, Workers: 6
[22.727s][debug  ][gc,phases      ] GC(14)   StringTable Weak               Min:  0.0, Avg:  0.0, Max:  0.0, Diff:  0.0, Sum:  0.0, Workers: 6
[22.727s][debug  ][gc,phases      ] GC(14)     Dead                           Min: 0, Avg:  0.0, Max: 0, Diff: 0, Sum: 0, Workers: 6
[22.727s][debug  ][gc,phases      ] GC(14)     Total                          Min: 767, Avg: 892.5, Max: 1024, Diff: 257, Sum: 5355, Workers: 6
[22.727s][debug  ][gc,phases      ] GC(14)   ResolvedMethodTable Weak       Min:  0.0, Avg:  0.0, Max:  0.0, Diff:  0.0, Sum:  0.0, Workers: 6
[22.727s][debug  ][gc,phases      ] GC(14)     Dead                           Min: 0, Avg:  0.0, Max: 0, Diff: 0, Sum: 0, Workers: 6
[22.727s][debug  ][gc,phases      ] GC(14)     Total                          Min: 0, Avg: 21.7, Max: 64, Diff: 64, Sum: 130, Workers: 6
[22.727s][debug  ][gc,phases      ] GC(14)   JNI Weak                       Min:  0.0, Avg:  0.0, Max:  0.0, Diff:  0.0, Sum:  0.0, Workers: 6
[22.727s][debug  ][gc,phases      ] GC(14)     Dead                           Min: 0, Avg:  0.0, Max: 0, Diff: 0, Sum: 0, Workers: 6
[22.727s][debug  ][gc,phases      ] GC(14)     Total                          Min: 0, Avg:  0.0, Max: 0, Diff: 0, Sum: 0, Workers: 6
[22.727s][debug  ][gc,phases      ] GC(14)   StringDedup Table Weak         Min:  0.0, Avg:  0.0, Max:  0.0, Diff:  0.0, Sum:  0.0, Workers: 6
[22.727s][debug  ][gc,phases      ] GC(14)     Dead                           Min: 0, Avg:  0.0, Max: 0, Diff: 0, Sum: 0, Workers: 6
[22.727s][debug  ][gc,phases      ] GC(14)     Total                          Min: 0, Avg:  0.0, Max: 0, Diff: 0, Sum: 0, Workers: 6
[22.727s][debug  ][gc,phases      ] GC(14)   StringDedup Requests0 Weak     Min:  0.0, Avg:  0.0, Max:  0.0, Diff:  0.0, Sum:  0.0, Workers: 6
[22.727s][debug  ][gc,phases      ] GC(14)     Dead                           Min: 0, Avg:  0.0, Max: 0, Diff: 0, Sum: 0, Workers: 6
[22.727s][debug  ][gc,phases      ] GC(14)     Total                          Min: 0, Avg:  0.0, Max: 0, Diff: 0, Sum: 0, Workers: 6
[22.727s][debug  ][gc,phases      ] GC(14)   StringDedup Requests1 Weak     Min:  0.0, Avg:  0.0, Max:  0.0, Diff:  0.0, Sum:  0.0, Workers: 6
[22.728s][debug  ][gc,phases      ] GC(14)     Dead                           Min: 0, Avg:  0.0, Max: 0, Diff: 0, Sum: 0, Workers: 6
[22.728s][debug  ][gc,phases      ] GC(14)     Total                          Min: 0, Avg:  0.0, Max: 0, Diff: 0, Sum: 0, Workers: 6
[22.728s][debug  ][gc,phases      ] GC(14)   Weak JFR Old Object Samples    Min:  0.0, Avg:  0.0, Max:  0.0, Diff:  0.0, Sum:  0.0, Workers: 6
[22.728s][debug  ][gc,phases      ] GC(14)     Dead                           Min: 0, Avg:  0.0, Max: 0, Diff: 0, Sum: 0, Workers: 6
[22.728s][debug  ][gc,phases      ] GC(14)     Total                          Min: 0, Avg:  0.0, Max: 0, Diff: 0, Sum: 0, Workers: 6
[22.728s][debug  ][gc,phases      ] GC(14) Weak Processing 0.679ms
[22.728s][debug  ][gc,ergo        ] GC(14) AdaptiveSizeStart:  collection: 15 
[22.728s][debug  ][gc,ergo        ] GC(14) avg_survived_padded_avg: 18866596.000000
[22.728s][debug  ][gc,ergo        ] GC(14) avg_promoted_padded_avg: 86498928.000000  avg_pretenured_padded_avg: 0.000000  tenuring_thresh: 1  target_size: 18874368
[22.728s][debug  ][gc,age         ] GC(14) Desired survivor size 18874368 bytes, new threshold 1 (max threshold 15)
[22.728s][debug  ][gc,ergo        ] GC(14) PSAdaptiveSizePolicy::compute_eden_space_size: costs minor_time: 0.003376 major_cost: 0.000000 mutator_cost: 0.996624 throughput_goal: 0.990000
[22.728s][debug  ][gc,ergo        ] GC(14) Live_space: 283923456 free_space: 198180864
[22.728s][debug  ][gc,ergo        ] GC(14) Old eden_size: 97517568 desired_eden_size: 96468992
[22.728s][debug  ][gc,ergo        ] GC(14) AdaptiveSizeStop: collection: 15 
[22.728s][info   ][gc,heap        ] GC(14) PSYoungGen: 110452K(113152K)->7168K(103936K) Eden: 96116K(96256K)->0K(96256K) From: 14336K(16896K)->7168K(7680K)
[22.728s][info   ][gc,heap        ] GC(14) ParOldGen: 519872K(917504K)->519872K(917504K)
[22.728s][info   ][gc,metaspace   ] GC(14) Metaspace: 1022K(1216K)->1022K(1216K) NonClass: 938K(1024K)->938K(1024K) Class: 83K(192K)->83K(192K)
[22.728s][info   ][gc             ] GC(14) Pause Young (Allocation Failure) 615M->514M(997M) 3.045ms
[22.728s][info   ][gc,cpu         ] GC(14) User=0.00s Sys=0.00s Real=0.00s
[22.728s][debug  ][gc,heap        ] GC(14) Heap after GC invocations=15 (full 0):
[22.728s][debug  ][gc,heap        ] GC(14)  PSYoungGen      total 103936K, used 7168K [0x00000000f8000000, 0x0000000100000000, 0x0000000100000000)
[22.728s][debug  ][gc,heap        ] GC(14)   eden space 96256K, 0% used [0x00000000f8000000,0x00000000f8000000,0x00000000fde00000)
[22.728s][debug  ][gc,heap        ] GC(14)   from space 7680K, 93% used [0x00000000fde00000,0x00000000fe500070,0x00000000fe580000)
[22.728s][debug  ][gc,heap        ] GC(14)   to   space 18432K, 0% used [0x00000000fee00000,0x00000000fee00000,0x0000000100000000)
[22.728s][debug  ][gc,heap        ] GC(14)  ParOldGen       total 917504K, used 519872K [0x00000000c0000000, 0x00000000f8000000, 0x00000000f8000000)
[22.728s][debug  ][gc,heap        ] GC(14)   object space 917504K, 56% used [0x00000000c0000000,0x00000000dfbb0148,0x00000000f8000000)
[22.728s][debug  ][gc,heap        ] GC(14)  Metaspace       used 1022K, committed 1216K, reserved 1056768K
[22.728s][debug  ][gc,heap        ] GC(14)   class space    used 83K, committed 192K, reserved 1048576K
[22.728s][debug  ][gc,task,time   ] GC(14) VM-Thread 227244545 227262924 227281053
[24.213s][debug  ][gc,heap        ] GC(15) Heap before GC invocations=16 (full 0):
[24.214s][debug  ][gc,heap        ] GC(15)  PSYoungGen      total 103936K, used 103284K [0x00000000f8000000, 0x0000000100000000, 0x0000000100000000)
[24.214s][debug  ][gc,heap        ] GC(15)   eden space 96256K, 99% used [0x00000000f8000000,0x00000000fdddd238,0x00000000fde00000)
[24.214s][debug  ][gc,heap        ] GC(15)   from space 7680K, 93% used [0x00000000fde00000,0x00000000fe500070,0x00000000fe580000)
[24.214s][debug  ][gc,heap        ] GC(15)   to   space 18432K, 0% used [0x00000000fee00000,0x00000000fee00000,0x0000000100000000)
[24.214s][debug  ][gc,heap        ] GC(15)  ParOldGen       total 917504K, used 519872K [0x00000000c0000000, 0x00000000f8000000, 0x00000000f8000000)
[24.214s][debug  ][gc,heap        ] GC(15)   object space 917504K, 56% used [0x00000000c0000000,0x00000000dfbb0148,0x00000000f8000000)
[24.214s][debug  ][gc,heap        ] GC(15)  Metaspace       used 1022K, committed 1216K, reserved 1056768K
[24.214s][debug  ][gc,heap        ] GC(15)   class space    used 83K, committed 192K, reserved 1048576K
[24.214s][debug  ][gc,tlab        ] GC(15) TLAB totals: thrds: 1  refills: 1 max: 1 slow allocs: 91 max 91 waste: 30.1% gc: 903232B max: 903232B slow: 0B max: 0B
[24.214s][info   ][gc,start       ] GC(15) Pause Young (Allocation Failure)
[24.214s][debug  ][gc,phases,start] GC(15) Scavenge
[24.215s][debug  ][gc,phases      ] GC(15) Scavenge 1.141ms
[24.215s][debug  ][gc,phases,start] GC(15) Reference Processing
[24.215s][debug  ][gc,ref         ] GC(15) Skipped phase 1 of Reference Processing: no references
[24.215s][debug  ][gc,ref         ] GC(15) Skipped phase 2 of Reference Processing: no references
[24.215s][debug  ][gc,ref         ] GC(15) Skipped phase 3 of Reference Processing: no references
[24.215s][debug  ][gc,ref         ] GC(15) Skipped phase 4 of Reference Processing: no references
[24.215s][debug  ][gc,phases,ref  ] GC(15) Reference Processing: 0.1ms
[24.215s][debug  ][gc,phases,ref  ] GC(15)   Reconsider SoftReferences: 0.0ms
[24.215s][debug  ][gc,phases,ref  ] GC(15)     SoftRef (ms):                  skipped
[24.215s][debug  ][gc,phases,ref  ] GC(15)   Notify Soft/WeakReferences: 0.0ms
[24.215s][debug  ][gc,phases,ref  ] GC(15)     SoftRef (ms):                  skipped
[24.215s][debug  ][gc,phases,ref  ] GC(15)     WeakRef (ms):                  skipped
[24.215s][debug  ][gc,phases,ref  ] GC(15)     FinalRef (ms):                 skipped
[24.215s][debug  ][gc,phases,ref  ] GC(15)     Total (ms):                    skipped
[24.215s][debug  ][gc,phases,ref  ] GC(15)   Notify and keep alive finalizable: 0.0ms
[24.215s][debug  ][gc,phases,ref  ] GC(15)     FinalRef (ms):                 skipped
[24.215s][debug  ][gc,phases,ref  ] GC(15)   Notify PhantomReferences: 0.0ms
[24.215s][debug  ][gc,phases,ref  ] GC(15)     PhantomRef (ms):               skipped
[24.215s][debug  ][gc,phases,ref  ] GC(15)   SoftReference:
[24.215s][debug  ][gc,phases,ref  ] GC(15)     Discovered: 0
[24.215s][debug  ][gc,phases,ref  ] GC(15)     Cleared: 0
[24.215s][debug  ][gc,phases,ref  ] GC(15)   WeakReference:
[24.215s][debug  ][gc,phases,ref  ] GC(15)     Discovered: 0
[24.215s][debug  ][gc,phases,ref  ] GC(15)     Cleared: 0
[24.216s][debug  ][gc,phases,ref  ] GC(15)   FinalReference:
[24.216s][debug  ][gc,phases,ref  ] GC(15)     Discovered: 0
[24.216s][debug  ][gc,phases,ref  ] GC(15)     Cleared: 0
[24.216s][debug  ][gc,phases,ref  ] GC(15)   PhantomReference:
[24.216s][debug  ][gc,phases,ref  ] GC(15)     Discovered: 0
[24.216s][debug  ][gc,phases,ref  ] GC(15)     Cleared: 0
[24.216s][debug  ][gc,phases      ] GC(15) Reference Processing 0.610ms
[24.216s][debug  ][gc,phases,start] GC(15) Weak Processing
[24.216s][debug  ][gc,phases      ] GC(15)   VM Weak                        Min:  0.0, Avg:  0.0, Max:  0.0, Diff:  0.0, Sum:  0.0, Workers: 6
[24.216s][debug  ][gc,phases      ] GC(15)     Dead                           Min: 0, Avg:  0.0, Max: 0, Diff: 0, Sum: 0, Workers: 6
[24.216s][debug  ][gc,phases      ] GC(15)     Total                          Min: 0, Avg:  1.3, Max: 8, Diff: 8, Sum: 8, Workers: 6
[24.216s][debug  ][gc,phases      ] GC(15)   ObjectSynchronizer Weak        Min:  0.0, Avg:  0.0, Max:  0.0, Diff:  0.0, Sum:  0.0, Workers: 6
[24.216s][debug  ][gc,phases      ] GC(15)     Dead                           Min: 0, Avg:  0.0, Max: 0, Diff: 0, Sum: 0, Workers: 6
[24.216s][debug  ][gc,phases      ] GC(15)     Total                          Min: 0, Avg:  0.5, Max: 3, Diff: 3, Sum: 3, Workers: 6
[24.216s][debug  ][gc,phases      ] GC(15)   JVMTI Tag Weak OopStorage      Min:  0.0, Avg:  0.0, Max:  0.0, Diff:  0.0, Sum:  0.0, Workers: 6
[24.216s][debug  ][gc,phases      ] GC(15)     Dead                           Min: 0, Avg:  0.0, Max: 0, Diff: 0, Sum: 0, Workers: 6
[24.216s][debug  ][gc,phases      ] GC(15)     Total                          Min: 0, Avg:  0.0, Max: 0, Diff: 0, Sum: 0, Workers: 6
[24.216s][debug  ][gc,phases      ] GC(15)   StringTable Weak               Min:  0.0, Avg:  0.0, Max:  0.0, Diff:  0.0, Sum:  0.0, Workers: 6
[24.216s][debug  ][gc,phases      ] GC(15)     Dead                           Min: 0, Avg:  0.0, Max: 0, Diff: 0, Sum: 0, Workers: 6
[24.216s][debug  ][gc,phases      ] GC(15)     Total                          Min: 684, Avg: 892.5, Max: 1152, Diff: 468, Sum: 5355, Workers: 6
[24.216s][debug  ][gc,phases      ] GC(15)   ResolvedMethodTable Weak       Min:  0.0, Avg:  0.0, Max:  0.0, Diff:  0.0, Sum:  0.0, Workers: 6
[24.216s][debug  ][gc,phases      ] GC(15)     Dead                           Min: 0, Avg:  0.0, Max: 0, Diff: 0, Sum: 0, Workers: 6
[24.216s][debug  ][gc,phases      ] GC(15)     Total                          Min: 0, Avg: 21.7, Max: 64, Diff: 64, Sum: 130, Workers: 6
[24.216s][debug  ][gc,phases      ] GC(15)   JNI Weak                       Min:  0.0, Avg:  0.0, Max:  0.0, Diff:  0.0, Sum:  0.0, Workers: 6
[24.216s][debug  ][gc,phases      ] GC(15)     Dead                           Min: 0, Avg:  0.0, Max: 0, Diff: 0, Sum: 0, Workers: 6
[24.216s][debug  ][gc,phases      ] GC(15)     Total                          Min: 0, Avg:  0.0, Max: 0, Diff: 0, Sum: 0, Workers: 6
[24.216s][debug  ][gc,phases      ] GC(15)   StringDedup Table Weak         Min:  0.0, Avg:  0.0, Max:  0.0, Diff:  0.0, Sum:  0.0, Workers: 6
[24.216s][debug  ][gc,phases      ] GC(15)     Dead                           Min: 0, Avg:  0.0, Max: 0, Diff: 0, Sum: 0, Workers: 6
[24.216s][debug  ][gc,phases      ] GC(15)     Total                          Min: 0, Avg:  0.0, Max: 0, Diff: 0, Sum: 0, Workers: 6
[24.216s][debug  ][gc,phases      ] GC(15)   StringDedup Requests0 Weak     Min:  0.0, Avg:  0.0, Max:  0.0, Diff:  0.0, Sum:  0.0, Workers: 6
[24.216s][debug  ][gc,phases      ] GC(15)     Dead                           Min: 0, Avg:  0.0, Max: 0, Diff: 0, Sum: 0, Workers: 6
[24.216s][debug  ][gc,phases      ] GC(15)     Total                          Min: 0, Avg:  0.0, Max: 0, Diff: 0, Sum: 0, Workers: 6
[24.216s][debug  ][gc,phases      ] GC(15)   StringDedup Requests1 Weak     Min:  0.0, Avg:  0.0, Max:  0.0, Diff:  0.0, Sum:  0.0, Workers: 6
[24.216s][debug  ][gc,phases      ] GC(15)     Dead                           Min: 0, Avg:  0.0, Max: 0, Diff: 0, Sum: 0, Workers: 6
[24.216s][debug  ][gc,phases      ] GC(15)     Total                          Min: 0, Avg:  0.0, Max: 0, Diff: 0, Sum: 0, Workers: 6
[24.216s][debug  ][gc,phases      ] GC(15)   Weak JFR Old Object Samples    Min:  0.0, Avg:  0.0, Max:  0.0, Diff:  0.0, Sum:  0.0, Workers: 6
[24.216s][debug  ][gc,phases      ] GC(15)     Dead                           Min: 0, Avg:  0.0, Max: 0, Diff: 0, Sum: 0, Workers: 6
[24.216s][debug  ][gc,phases      ] GC(15)     Total                          Min: 0, Avg:  0.0, Max: 0, Diff: 0, Sum: 0, Workers: 6
[24.216s][debug  ][gc,phases      ] GC(15) Weak Processing 0.672ms
[24.216s][debug  ][gc,ergo        ] GC(15) AdaptiveSizeStart:  collection: 16 
[24.216s][debug  ][gc,ergo        ] GC(15) avg_survived_padded_avg: 21161696.000000
[24.216s][debug  ][gc,ergo        ] GC(15) avg_promoted_padded_avg: 83307200.000000  avg_pretenured_padded_avg: 0.000000  tenuring_thresh: 1  target_size: 21495808
[24.216s][debug  ][gc,age         ] GC(15) Desired survivor size 21495808 bytes, new threshold 1 (max threshold 15)
[24.216s][debug  ][gc,ergo        ] GC(15) PSAdaptiveSizePolicy::compute_eden_space_size: costs minor_time: 0.002953 major_cost: 0.000000 mutator_cost: 0.997047 throughput_goal: 0.990000
[24.216s][debug  ][gc,ergo        ] GC(15) Live_space: 282374656 free_space: 197132288
[24.216s][debug  ][gc,ergo        ] GC(15) Old eden_size: 96468992 desired_eden_size: 96468992
[24.216s][debug  ][gc,ergo        ] GC(15) AdaptiveSizeStop: collection: 16 
[24.217s][info   ][gc,heap        ] GC(15) PSYoungGen: 103284K(103936K)->0K(107520K) Eden: 96116K(96256K)->0K(89088K) From: 7168K(7680K)->0K(18432K)
[24.217s][info   ][gc,heap        ] GC(15) ParOldGen: 519872K(917504K)->519872K(917504K)
[24.217s][info   ][gc,metaspace   ] GC(15) Metaspace: 1022K(1216K)->1022K(1216K) NonClass: 938K(1024K)->938K(1024K) Class: 83K(192K)->83K(192K)
[24.217s][info   ][gc             ] GC(15) Pause Young (Allocation Failure) 608M->507M(1001M) 2.841ms
[24.217s][info   ][gc,cpu         ] GC(15) User=0.00s Sys=0.00s Real=0.00s
[24.217s][debug  ][gc,heap        ] GC(15) Heap after GC invocations=16 (full 0):
[24.217s][debug  ][gc,heap        ] GC(15)  PSYoungGen      total 107520K, used 0K [0x00000000f8000000, 0x0000000100000000, 0x0000000100000000)
[24.217s][debug  ][gc,heap        ] GC(15)   eden space 89088K, 0% used [0x00000000f8000000,0x00000000f8000000,0x00000000fd700000)
[24.217s][debug  ][gc,heap        ] GC(15)   from space 18432K, 0% used [0x00000000fee00000,0x00000000fee00000,0x0000000100000000)
[24.217s][debug  ][gc,heap        ] GC(15)   to   space 20992K, 0% used [0x00000000fd700000,0x00000000fd700000,0x00000000feb80000)
[24.217s][debug  ][gc,heap        ] GC(15)  ParOldGen       total 917504K, used 519872K [0x00000000c0000000, 0x00000000f8000000, 0x00000000f8000000)
[24.217s][debug  ][gc,heap        ] GC(15)   object space 917504K, 56% used [0x00000000c0000000,0x00000000dfbb0148,0x00000000f8000000)
[24.217s][debug  ][gc,heap        ] GC(15)  Metaspace       used 1022K, committed 1216K, reserved 1056768K
[24.217s][debug  ][gc,heap        ] GC(15)   class space    used 83K, committed 192K, reserved 1048576K
[24.217s][debug  ][gc,task,time   ] GC(15) VM-Thread 242134039 242150289 242169546
[25.571s][debug  ][gc,heap        ] GC(16) Heap before GC invocations=17 (full 0):
[25.571s][debug  ][gc,heap        ] GC(16)  PSYoungGen      total 107520K, used 88806K [0x00000000f8000000, 0x0000000100000000, 0x0000000100000000)
[25.571s][debug  ][gc,heap        ] GC(16)   eden space 89088K, 99% used [0x00000000f8000000,0x00000000fd6b9a20,0x00000000fd700000)
[25.571s][debug  ][gc,heap        ] GC(16)   from space 18432K, 0% used [0x00000000fee00000,0x00000000fee00000,0x0000000100000000)
[25.571s][debug  ][gc,heap        ] GC(16)   to   space 20992K, 0% used [0x00000000fd700000,0x00000000fd700000,0x00000000feb80000)
[25.572s][debug  ][gc,heap        ] GC(16)  ParOldGen       total 917504K, used 519872K [0x00000000c0000000, 0x00000000f8000000, 0x00000000f8000000)
[25.572s][debug  ][gc,heap        ] GC(16)   object space 917504K, 56% used [0x00000000c0000000,0x00000000dfbb0148,0x00000000f8000000)
[25.572s][debug  ][gc,heap        ] GC(16)  Metaspace       used 1022K, committed 1216K, reserved 1056768K
[25.572s][debug  ][gc,heap        ] GC(16)   class space    used 83K, committed 192K, reserved 1048576K
[25.572s][debug  ][gc,tlab        ] GC(16) TLAB totals: thrds: 1  refills: 1 max: 1 slow allocs: 84 max 84 waste: 26.6% gc: 758976B max: 758976B slow: 0B max: 0B
[25.572s][info   ][gc,start       ] GC(16) Pause Young (Allocation Failure)
[25.572s][debug  ][gc,phases,start] GC(16) Scavenge
[25.588s][debug  ][gc,phases      ] GC(16) Scavenge 16.177ms
[25.588s][debug  ][gc,phases,start] GC(16) Reference Processing
[25.588s][debug  ][gc,ref         ] GC(16) Skipped phase 1 of Reference Processing: no references
[25.588s][debug  ][gc,ref         ] GC(16) Skipped phase 2 of Reference Processing: no references
[25.588s][debug  ][gc,ref         ] GC(16) Skipped phase 3 of Reference Processing: no references
[25.588s][debug  ][gc,ref         ] GC(16) Skipped phase 4 of Reference Processing: no references
[25.588s][debug  ][gc,phases,ref  ] GC(16) Reference Processing: 0.1ms
[25.588s][debug  ][gc,phases,ref  ] GC(16)   Reconsider SoftReferences: 0.0ms
[25.588s][debug  ][gc,phases,ref  ] GC(16)     SoftRef (ms):                  skipped
[25.588s][debug  ][gc,phases,ref  ] GC(16)   Notify Soft/WeakReferences: 0.0ms
[25.588s][debug  ][gc,phases,ref  ] GC(16)     SoftRef (ms):                  skipped
[25.588s][debug  ][gc,phases,ref  ] GC(16)     WeakRef (ms):                  skipped
[25.588s][debug  ][gc,phases,ref  ] GC(16)     FinalRef (ms):                 skipped
[25.588s][debug  ][gc,phases,ref  ] GC(16)     Total (ms):                    skipped
[25.588s][debug  ][gc,phases,ref  ] GC(16)   Notify and keep alive finalizable: 0.0ms
[25.588s][debug  ][gc,phases,ref  ] GC(16)     FinalRef (ms):                 skipped
[25.588s][debug  ][gc,phases,ref  ] GC(16)   Notify PhantomReferences: 0.0ms
[25.588s][debug  ][gc,phases,ref  ] GC(16)     PhantomRef (ms):               skipped
[25.588s][debug  ][gc,phases,ref  ] GC(16)   SoftReference:
[25.588s][debug  ][gc,phases,ref  ] GC(16)     Discovered: 0
[25.588s][debug  ][gc,phases,ref  ] GC(16)     Cleared: 0
[25.588s][debug  ][gc,phases,ref  ] GC(16)   WeakReference:
[25.588s][debug  ][gc,phases,ref  ] GC(16)     Discovered: 0
[25.588s][debug  ][gc,phases,ref  ] GC(16)     Cleared: 0
[25.588s][debug  ][gc,phases,ref  ] GC(16)   FinalReference:
[25.588s][debug  ][gc,phases,ref  ] GC(16)     Discovered: 0
[25.589s][debug  ][gc,phases,ref  ] GC(16)     Cleared: 0
[25.589s][debug  ][gc,phases,ref  ] GC(16)   PhantomReference:
[25.589s][debug  ][gc,phases,ref  ] GC(16)     Discovered: 0
[25.589s][debug  ][gc,phases,ref  ] GC(16)     Cleared: 0
[25.589s][debug  ][gc,phases      ] GC(16) Reference Processing 0.581ms
[25.589s][debug  ][gc,phases,start] GC(16) Weak Processing
[25.589s][debug  ][gc,phases      ] GC(16)   VM Weak                        Min:  0.0, Avg:  0.0, Max:  0.0, Diff:  0.0, Sum:  0.0, Workers: 6
[25.589s][debug  ][gc,phases      ] GC(16)     Dead                           Min: 0, Avg:  0.0, Max: 0, Diff: 0, Sum: 0, Workers: 6
[25.589s][debug  ][gc,phases      ] GC(16)     Total                          Min: 0, Avg:  1.3, Max: 8, Diff: 8, Sum: 8, Workers: 6
[25.589s][debug  ][gc,phases      ] GC(16)   ObjectSynchronizer Weak        Min:  0.0, Avg:  0.0, Max:  0.0, Diff:  0.0, Sum:  0.0, Workers: 6
[25.589s][debug  ][gc,phases      ] GC(16)     Dead                           Min: 0, Avg:  0.0, Max: 0, Diff: 0, Sum: 0, Workers: 6
[25.589s][debug  ][gc,phases      ] GC(16)     Total                          Min: 0, Avg:  0.5, Max: 3, Diff: 3, Sum: 3, Workers: 6
[25.589s][debug  ][gc,phases      ] GC(16)   JVMTI Tag Weak OopStorage      Min:  0.0, Avg:  0.0, Max:  0.0, Diff:  0.0, Sum:  0.0, Workers: 6
[25.589s][debug  ][gc,phases      ] GC(16)     Dead                           Min: 0, Avg:  0.0, Max: 0, Diff: 0, Sum: 0, Workers: 6
[25.589s][debug  ][gc,phases      ] GC(16)     Total                          Min: 0, Avg:  0.0, Max: 0, Diff: 0, Sum: 0, Workers: 6
[25.589s][debug  ][gc,phases      ] GC(16)   StringTable Weak               Min:  0.0, Avg:  0.0, Max:  0.0, Diff:  0.0, Sum:  0.0, Workers: 6
[25.589s][debug  ][gc,phases      ] GC(16)     Dead                           Min: 0, Avg:  0.0, Max: 0, Diff: 0, Sum: 0, Workers: 6
[25.589s][debug  ][gc,phases      ] GC(16)     Total                          Min: 767, Avg: 892.5, Max: 1068, Diff: 301, Sum: 5355, Workers: 6
[25.589s][debug  ][gc,phases      ] GC(16)   ResolvedMethodTable Weak       Min:  0.0, Avg:  0.0, Max:  0.0, Diff:  0.0, Sum:  0.0, Workers: 6
[25.589s][debug  ][gc,phases      ] GC(16)     Dead                           Min: 0, Avg:  0.0, Max: 0, Diff: 0, Sum: 0, Workers: 6
[25.589s][debug  ][gc,phases      ] GC(16)     Total                          Min: 0, Avg: 21.7, Max: 64, Diff: 64, Sum: 130, Workers: 6
[25.589s][debug  ][gc,phases      ] GC(16)   JNI Weak                       Min:  0.0, Avg:  0.0, Max:  0.0, Diff:  0.0, Sum:  0.0, Workers: 6
[25.589s][debug  ][gc,phases      ] GC(16)     Dead                           Min: 0, Avg:  0.0, Max: 0, Diff: 0, Sum: 0, Workers: 6
[25.589s][debug  ][gc,phases      ] GC(16)     Total                          Min: 0, Avg:  0.0, Max: 0, Diff: 0, Sum: 0, Workers: 6
[25.589s][debug  ][gc,phases      ] GC(16)   StringDedup Table Weak         Min:  0.0, Avg:  0.0, Max:  0.0, Diff:  0.0, Sum:  0.0, Workers: 6
[25.589s][debug  ][gc,phases      ] GC(16)     Dead                           Min: 0, Avg:  0.0, Max: 0, Diff: 0, Sum: 0, Workers: 6
[25.589s][debug  ][gc,phases      ] GC(16)     Total                          Min: 0, Avg:  0.0, Max: 0, Diff: 0, Sum: 0, Workers: 6
[25.589s][debug  ][gc,phases      ] GC(16)   StringDedup Requests0 Weak     Min:  0.0, Avg:  0.0, Max:  0.0, Diff:  0.0, Sum:  0.0, Workers: 6
[25.589s][debug  ][gc,phases      ] GC(16)     Dead                           Min: 0, Avg:  0.0, Max: 0, Diff: 0, Sum: 0, Workers: 6
[25.589s][debug  ][gc,phases      ] GC(16)     Total                          Min: 0, Avg:  0.0, Max: 0, Diff: 0, Sum: 0, Workers: 6
[25.589s][debug  ][gc,phases      ] GC(16)   StringDedup Requests1 Weak     Min:  0.0, Avg:  0.0, Max:  0.0, Diff:  0.0, Sum:  0.0, Workers: 6
[25.589s][debug  ][gc,phases      ] GC(16)     Dead                           Min: 0, Avg:  0.0, Max: 0, Diff: 0, Sum: 0, Workers: 6
[25.589s][debug  ][gc,phases      ] GC(16)     Total                          Min: 0, Avg:  0.0, Max: 0, Diff: 0, Sum: 0, Workers: 6
[25.589s][debug  ][gc,phases      ] GC(16)   Weak JFR Old Object Samples    Min:  0.0, Avg:  0.0, Max:  0.0, Diff:  0.0, Sum:  0.0, Workers: 6
[25.589s][debug  ][gc,phases      ] GC(16)     Dead                           Min: 0, Avg:  0.0, Max: 0, Diff: 0, Sum: 0, Workers: 6
[25.589s][debug  ][gc,phases      ] GC(16)     Total                          Min: 0, Avg:  0.0, Max: 0, Diff: 0, Sum: 0, Workers: 6
[25.589s][debug  ][gc,phases      ] GC(16) Weak Processing 0.666ms
[25.589s][debug  ][gc,ergo        ] GC(16) AdaptiveSizeStart:  collection: 17 
[25.589s][debug  ][gc,ergo        ] GC(16) avg_survived_padded_avg: 23041524.000000
[25.589s][debug  ][gc,ergo        ] GC(16) avg_promoted_padded_avg: 92827184.000000  avg_pretenured_padded_avg: 0.000000  tenuring_thresh: 1  target_size: 23068672
[25.589s][debug  ][gc,age         ] GC(16) Desired survivor size 23068672 bytes, new threshold 1 (max threshold 15)
[25.589s][debug  ][gc,ergo        ] GC(16) PSAdaptiveSizePolicy::compute_eden_space_size: costs minor_time: 0.005409 major_cost: 0.000000 mutator_cost: 0.994591 throughput_goal: 0.990000
[25.589s][debug  ][gc,ergo        ] GC(16) Live_space: 283077920 free_space: 197132288
[25.589s][debug  ][gc,ergo        ] GC(16) Old eden_size: 96468992 desired_eden_size: 89128960
[25.589s][debug  ][gc,ergo        ] GC(16) AdaptiveSizeStop: collection: 17 
[25.589s][info   ][gc,heap        ] GC(16) PSYoungGen: 88806K(107520K)->20480K(108032K) Eden: 88806K(89088K)->0K(87040K) From: 0K(18432K)->20480K(20992K)
[25.589s][info   ][gc,heap        ] GC(16) ParOldGen: 519872K(917504K)->587457K(917504K)
[25.590s][info   ][gc,metaspace   ] GC(16) Metaspace: 1022K(1216K)->1022K(1216K) NonClass: 938K(1024K)->938K(1024K) Class: 83K(192K)->83K(192K)
[25.590s][info   ][gc             ] GC(16) Pause Young (Allocation Failure) 594M->593M(1001M) 17.837ms
[25.590s][info   ][gc,cpu         ] GC(16) User=0.03s Sys=0.12s Real=0.02s
[25.590s][debug  ][gc,heap        ] GC(16) Heap after GC invocations=17 (full 0):
[25.590s][debug  ][gc,heap        ] GC(16)  PSYoungGen      total 108032K, used 20480K [0x00000000f8000000, 0x0000000100000000, 0x0000000100000000)
[25.590s][debug  ][gc,heap        ] GC(16)   eden space 87040K, 0% used [0x00000000f8000000,0x00000000f8000000,0x00000000fd500000)
[25.590s][debug  ][gc,heap        ] GC(16)   from space 20992K, 97% used [0x00000000fd700000,0x00000000feb00140,0x00000000feb80000)
[25.590s][debug  ][gc,heap        ] GC(16)   to   space 20992K, 0% used [0x00000000feb80000,0x00000000feb80000,0x0000000100000000)
[25.590s][debug  ][gc,heap        ] GC(16)  ParOldGen       total 917504K, used 587457K [0x00000000c0000000, 0x00000000f8000000, 0x00000000f8000000)
[25.590s][debug  ][gc,heap        ] GC(16)   object space 917504K, 64% used [0x00000000c0000000,0x00000000e3db0568,0x00000000f8000000)
[25.590s][debug  ][gc,heap        ] GC(16)  Metaspace       used 1022K, committed 1216K, reserved 1056768K
[25.590s][debug  ][gc,heap        ] GC(16)   class space    used 83K, committed 192K, reserved 1048576K
[25.590s][debug  ][gc,task,time   ] GC(16) VM-Thread 255712518 255880077 255897757
[26.920s][debug  ][gc,heap        ] GC(17) Heap before GC invocations=18 (full 0):
[26.920s][debug  ][gc,heap        ] GC(17)  PSYoungGen      total 108032K, used 107198K [0x00000000f8000000, 0x0000000100000000, 0x0000000100000000)
[26.920s][debug  ][gc,heap        ] GC(17)   eden space 87040K, 99% used [0x00000000f8000000,0x00000000fd4afa00,0x00000000fd500000)
[26.920s][debug  ][gc,heap        ] GC(17)   from space 20992K, 97% used [0x00000000fd700000,0x00000000feb00140,0x00000000feb80000)
[26.920s][debug  ][gc,heap        ] GC(17)   to   space 20992K, 0% used [0x00000000feb80000,0x00000000feb80000,0x0000000100000000)
[26.920s][debug  ][gc,heap        ] GC(17)  ParOldGen       total 917504K, used 587457K [0x00000000c0000000, 0x00000000f8000000, 0x00000000f8000000)
[26.920s][debug  ][gc,heap        ] GC(17)   object space 917504K, 64% used [0x00000000c0000000,0x00000000e3db0568,0x00000000f8000000)
[26.920s][debug  ][gc,heap        ] GC(17)  Metaspace       used 1022K, committed 1216K, reserved 1056768K
[26.920s][debug  ][gc,heap        ] GC(17)   class space    used 83K, committed 192K, reserved 1048576K
[26.920s][debug  ][gc,tlab        ] GC(17) TLAB totals: thrds: 1  refills: 1 max: 1 slow allocs: 82 max 82 waste: 25.5% gc: 716952B max: 716952B slow: 0B max: 0B
[26.920s][info   ][gc,start       ] GC(17) Pause Young (Allocation Failure)
[26.920s][debug  ][gc,phases,start] GC(17) Scavenge
[26.931s][debug  ][gc,phases      ] GC(17) Scavenge 10.978ms
[26.931s][debug  ][gc,phases,start] GC(17) Reference Processing
[26.932s][debug  ][gc,ref         ] GC(17) Skipped phase 1 of Reference Processing: no references
[26.932s][debug  ][gc,ref         ] GC(17) Skipped phase 2 of Reference Processing: no references
[26.932s][debug  ][gc,ref         ] GC(17) Skipped phase 3 of Reference Processing: no references
[26.932s][debug  ][gc,ref         ] GC(17) Skipped phase 4 of Reference Processing: no references
[26.932s][debug  ][gc,phases,ref  ] GC(17) Reference Processing: 0.1ms
[26.932s][debug  ][gc,phases,ref  ] GC(17)   Reconsider SoftReferences: 0.0ms
[26.932s][debug  ][gc,phases,ref  ] GC(17)     SoftRef (ms):                  skipped
[26.932s][debug  ][gc,phases,ref  ] GC(17)   Notify Soft/WeakReferences: 0.0ms
[26.932s][debug  ][gc,phases,ref  ] GC(17)     SoftRef (ms):                  skipped
[26.932s][debug  ][gc,phases,ref  ] GC(17)     WeakRef (ms):                  skipped
[26.932s][debug  ][gc,phases,ref  ] GC(17)     FinalRef (ms):                 skipped
[26.932s][debug  ][gc,phases,ref  ] GC(17)     Total (ms):                    skipped
[26.932s][debug  ][gc,phases,ref  ] GC(17)   Notify and keep alive finalizable: 0.0ms
[26.932s][debug  ][gc,phases,ref  ] GC(17)     FinalRef (ms):                 skipped
[26.932s][debug  ][gc,phases,ref  ] GC(17)   Notify PhantomReferences: 0.0ms
[26.932s][debug  ][gc,phases,ref  ] GC(17)     PhantomRef (ms):               skipped
[26.932s][debug  ][gc,phases,ref  ] GC(17)   SoftReference:
[26.932s][debug  ][gc,phases,ref  ] GC(17)     Discovered: 0
[26.932s][debug  ][gc,phases,ref  ] GC(17)     Cleared: 0
[26.932s][debug  ][gc,phases,ref  ] GC(17)   WeakReference:
[26.932s][debug  ][gc,phases,ref  ] GC(17)     Discovered: 0
[26.932s][debug  ][gc,phases,ref  ] GC(17)     Cleared: 0
[26.932s][debug  ][gc,phases,ref  ] GC(17)   FinalReference:
[26.932s][debug  ][gc,phases,ref  ] GC(17)     Discovered: 0
[26.932s][debug  ][gc,phases,ref  ] GC(17)     Cleared: 0
[26.932s][debug  ][gc,phases,ref  ] GC(17)   PhantomReference:
[26.932s][debug  ][gc,phases,ref  ] GC(17)     Discovered: 0
[26.932s][debug  ][gc,phases,ref  ] GC(17)     Cleared: 0
[26.932s][debug  ][gc,phases      ] GC(17) Reference Processing 0.769ms
[26.932s][debug  ][gc,phases,start] GC(17) Weak Processing
[26.932s][debug  ][gc,phases      ] GC(17)   VM Weak                        Min:  0.0, Avg:  0.0, Max:  0.0, Diff:  0.0, Sum:  0.0, Workers: 6
[26.932s][debug  ][gc,phases      ] GC(17)     Dead                           Min: 0, Avg:  0.0, Max: 0, Diff: 0, Sum: 0, Workers: 6
[26.932s][debug  ][gc,phases      ] GC(17)     Total                          Min: 0, Avg:  1.3, Max: 8, Diff: 8, Sum: 8, Workers: 6
[26.932s][debug  ][gc,phases      ] GC(17)   ObjectSynchronizer Weak        Min:  0.0, Avg:  0.0, Max:  0.0, Diff:  0.0, Sum:  0.0, Workers: 6
[26.932s][debug  ][gc,phases      ] GC(17)     Dead                           Min: 0, Avg:  0.0, Max: 0, Diff: 0, Sum: 0, Workers: 6
[26.933s][debug  ][gc,phases      ] GC(17)     Total                          Min: 0, Avg:  0.5, Max: 3, Diff: 3, Sum: 3, Workers: 6
[26.933s][debug  ][gc,phases      ] GC(17)   JVMTI Tag Weak OopStorage      Min:  0.0, Avg:  0.0, Max:  0.0, Diff:  0.0, Sum:  0.0, Workers: 6
[26.933s][debug  ][gc,phases      ] GC(17)     Dead                           Min: 0, Avg:  0.0, Max: 0, Diff: 0, Sum: 0, Workers: 6
[26.933s][debug  ][gc,phases      ] GC(17)     Total                          Min: 0, Avg:  0.0, Max: 0, Diff: 0, Sum: 0, Workers: 6
[26.933s][debug  ][gc,phases      ] GC(17)   StringTable Weak               Min:  0.0, Avg:  0.0, Max:  0.0, Diff:  0.0, Sum:  0.1, Workers: 6
[26.933s][debug  ][gc,phases      ] GC(17)     Dead                           Min: 0, Avg:  0.0, Max: 0, Diff: 0, Sum: 0, Workers: 6
[26.933s][debug  ][gc,phases      ] GC(17)     Total                          Min: 768, Avg: 892.5, Max: 1088, Diff: 320, Sum: 5355, Workers: 6
[26.933s][debug  ][gc,phases      ] GC(17)   ResolvedMethodTable Weak       Min:  0.0, Avg:  0.0, Max:  0.0, Diff:  0.0, Sum:  0.0, Workers: 6
[26.933s][debug  ][gc,phases      ] GC(17)     Dead                           Min: 0, Avg:  0.0, Max: 0, Diff: 0, Sum: 0, Workers: 6
[26.933s][debug  ][gc,phases      ] GC(17)     Total                          Min: 0, Avg: 21.7, Max: 64, Diff: 64, Sum: 130, Workers: 6
[26.933s][debug  ][gc,phases      ] GC(17)   JNI Weak                       Min:  0.0, Avg:  0.0, Max:  0.0, Diff:  0.0, Sum:  0.0, Workers: 6
[26.933s][debug  ][gc,phases      ] GC(17)     Dead                           Min: 0, Avg:  0.0, Max: 0, Diff: 0, Sum: 0, Workers: 6
[26.933s][debug  ][gc,phases      ] GC(17)     Total                          Min: 0, Avg:  0.0, Max: 0, Diff: 0, Sum: 0, Workers: 6
[26.933s][debug  ][gc,phases      ] GC(17)   StringDedup Table Weak         Min:  0.0, Avg:  0.0, Max:  0.0, Diff:  0.0, Sum:  0.0, Workers: 6
[26.933s][debug  ][gc,phases      ] GC(17)     Dead                           Min: 0, Avg:  0.0, Max: 0, Diff: 0, Sum: 0, Workers: 6
[26.933s][debug  ][gc,phases      ] GC(17)     Total                          Min: 0, Avg:  0.0, Max: 0, Diff: 0, Sum: 0, Workers: 6
[26.933s][debug  ][gc,phases      ] GC(17)   StringDedup Requests0 Weak     Min:  0.0, Avg:  0.0, Max:  0.0, Diff:  0.0, Sum:  0.0, Workers: 6
[26.933s][debug  ][gc,phases      ] GC(17)     Dead                           Min: 0, Avg:  0.0, Max: 0, Diff: 0, Sum: 0, Workers: 6
[26.933s][debug  ][gc,phases      ] GC(17)     Total                          Min: 0, Avg:  0.0, Max: 0, Diff: 0, Sum: 0, Workers: 6
[26.933s][debug  ][gc,phases      ] GC(17)   StringDedup Requests1 Weak     Min:  0.0, Avg:  0.0, Max:  0.0, Diff:  0.0, Sum:  0.0, Workers: 6
[26.933s][debug  ][gc,phases      ] GC(17)     Dead                           Min: 0, Avg:  0.0, Max: 0, Diff: 0, Sum: 0, Workers: 6
[26.933s][debug  ][gc,phases      ] GC(17)     Total                          Min: 0, Avg:  0.0, Max: 0, Diff: 0, Sum: 0, Workers: 6
[26.933s][debug  ][gc,phases      ] GC(17)   Weak JFR Old Object Samples    Min:  0.0, Avg:  0.0, Max:  0.0, Diff:  0.0, Sum:  0.0, Workers: 6
[26.933s][debug  ][gc,phases      ] GC(17)     Dead                           Min: 0, Avg:  0.0, Max: 0, Diff: 0, Sum: 0, Workers: 6
[26.933s][debug  ][gc,phases      ] GC(17)     Total                          Min: 0, Avg:  0.0, Max: 0, Diff: 0, Sum: 0, Workers: 6
[26.933s][debug  ][gc,phases      ] GC(17) Weak Processing 0.831ms
[26.933s][debug  ][gc,ergo        ] GC(17) AdaptiveSizeStart:  collection: 18 
[26.933s][debug  ][gc,ergo        ] GC(17) avg_survived_padded_avg: 24543486.000000
[26.933s][debug  ][gc,ergo        ] GC(17) avg_promoted_padded_avg: 94094512.000000  avg_pretenured_padded_avg: 0.000000  tenuring_thresh: 1  target_size: 24641536
[26.933s][debug  ][gc,age         ] GC(17) Desired survivor size 24641536 bytes, new threshold 1 (max threshold 15)
[26.933s][debug  ][gc,ergo        ] GC(17) PSAdaptiveSizePolicy::compute_eden_space_size: costs minor_time: 0.006422 major_cost: 0.000000 mutator_cost: 0.993578 throughput_goal: 0.990000
[26.933s][debug  ][gc,ergo        ] GC(17) Live_space: 283710848 free_space: 189792256
[26.933s][debug  ][gc,ergo        ] GC(17) Old eden_size: 89128960 desired_eden_size: 87556096
[26.933s][debug  ][gc,ergo        ] GC(17) AdaptiveSizeStop: collection: 18 
[26.933s][info   ][gc,heap        ] GC(17) PSYoungGen: 107198K(108032K)->20480K(103936K) Eden: 86718K(87040K)->0K(82944K) From: 20480K(20992K)->20480K(20992K)
[26.933s][info   ][gc,heap        ] GC(17) ParOldGen: 587457K(917504K)->638658K(917504K)
[26.933s][info   ][gc,metaspace   ] GC(17) Metaspace: 1022K(1216K)->1022K(1216K) NonClass: 938K(1024K)->938K(1024K) Class: 83K(192K)->83K(192K)
[26.933s][info   ][gc             ] GC(17) Pause Young (Allocation Failure) 678M->643M(997M) 13.071ms
[26.933s][info   ][gc,cpu         ] GC(17) User=0.05s Sys=0.11s Real=0.01s
[26.933s][debug  ][gc,heap        ] GC(17) Heap after GC invocations=18 (full 0):
[26.934s][debug  ][gc,heap        ] GC(17)  PSYoungGen      total 103936K, used 20480K [0x00000000f8000000, 0x0000000100000000, 0x0000000100000000)
[26.934s][debug  ][gc,heap        ] GC(17)   eden space 82944K, 0% used [0x00000000f8000000,0x00000000f8000000,0x00000000fd100000)
[26.934s][debug  ][gc,heap        ] GC(17)   from space 20992K, 97% used [0x00000000feb80000,0x00000000fff80140,0x0000000100000000)
[26.934s][debug  ][gc,heap        ] GC(17)   to   space 24064K, 0% used [0x00000000fd100000,0x00000000fd100000,0x00000000fe880000)
[26.934s][debug  ][gc,heap        ] GC(17)  ParOldGen       total 917504K, used 638658K [0x00000000c0000000, 0x00000000f8000000, 0x00000000f8000000)
[26.934s][debug  ][gc,heap        ] GC(17)   object space 917504K, 69% used [0x00000000c0000000,0x00000000e6fb0888,0x00000000f8000000)
[26.934s][debug  ][gc,heap        ] GC(17)  Metaspace       used 1022K, committed 1216K, reserved 1056768K
[26.934s][debug  ][gc,heap        ] GC(17)   class space    used 83K, committed 192K, reserved 1048576K
[26.934s][debug  ][gc,task,time   ] GC(17) VM-Thread 269199003 269314931 269337113
[28.205s][debug  ][gc,heap        ] GC(18) Heap before GC invocations=19 (full 0):
[28.205s][debug  ][gc,heap        ] GC(18)  PSYoungGen      total 103936K, used 103022K [0x00000000f8000000, 0x0000000100000000, 0x0000000100000000)
[28.205s][debug  ][gc,heap        ] GC(18)   eden space 82944K, 99% used [0x00000000f8000000,0x00000000fd09b708,0x00000000fd100000)
[28.205s][debug  ][gc,heap        ] GC(18)   from space 20992K, 97% used [0x00000000feb80000,0x00000000fff80140,0x0000000100000000)
[28.205s][debug  ][gc,heap        ] GC(18)   to   space 24064K, 0% used [0x00000000fd100000,0x00000000fd100000,0x00000000fe880000)
[28.205s][debug  ][gc,heap        ] GC(18)  ParOldGen       total 917504K, used 638658K [0x00000000c0000000, 0x00000000f8000000, 0x00000000f8000000)
[28.205s][debug  ][gc,heap        ] GC(18)   object space 917504K, 69% used [0x00000000c0000000,0x00000000e6fb0888,0x00000000f8000000)
[28.205s][debug  ][gc,heap        ] GC(18)  Metaspace       used 1023K, committed 1216K, reserved 1056768K
[28.205s][debug  ][gc,heap        ] GC(18)   class space    used 83K, committed 192K, reserved 1048576K
[28.205s][debug  ][gc,tlab        ] GC(18) TLAB totals: thrds: 1  refills: 1 max: 1 slow allocs: 78 max 78 waste: 23.2% gc: 634336B max: 634336B slow: 0B max: 0B
[28.205s][info   ][gc,start       ] GC(18) Pause Young (Allocation Failure)
[28.205s][debug  ][gc,phases,start] GC(18) Scavenge
[28.212s][debug  ][gc,phases      ] GC(18) Scavenge 6.644ms
[28.212s][debug  ][gc,phases,start] GC(18) Reference Processing
[28.212s][debug  ][gc,ref         ] GC(18) Skipped phase 1 of Reference Processing: no references
[28.212s][debug  ][gc,ref         ] GC(18) Skipped phase 2 of Reference Processing: no references
[28.212s][debug  ][gc,ref         ] GC(18) Skipped phase 3 of Reference Processing: no references
[28.212s][debug  ][gc,ref         ] GC(18) Skipped phase 4 of Reference Processing: no references
[28.212s][debug  ][gc,phases,ref  ] GC(18) Reference Processing: 0.1ms
[28.212s][debug  ][gc,phases,ref  ] GC(18)   Reconsider SoftReferences: 0.0ms
[28.212s][debug  ][gc,phases,ref  ] GC(18)     SoftRef (ms):                  skipped
[28.212s][debug  ][gc,phases,ref  ] GC(18)   Notify Soft/WeakReferences: 0.0ms
[28.212s][debug  ][gc,phases,ref  ] GC(18)     SoftRef (ms):                  skipped
[28.212s][debug  ][gc,phases,ref  ] GC(18)     WeakRef (ms):                  skipped
[28.212s][debug  ][gc,phases,ref  ] GC(18)     FinalRef (ms):                 skipped
[28.212s][debug  ][gc,phases,ref  ] GC(18)     Total (ms):                    skipped
[28.212s][debug  ][gc,phases,ref  ] GC(18)   Notify and keep alive finalizable: 0.0ms
[28.212s][debug  ][gc,phases,ref  ] GC(18)     FinalRef (ms):                 skipped
[28.212s][debug  ][gc,phases,ref  ] GC(18)   Notify PhantomReferences: 0.1ms
[28.212s][debug  ][gc,phases,ref  ] GC(18)     PhantomRef (ms):               skipped
[28.212s][debug  ][gc,phases,ref  ] GC(18)   SoftReference:
[28.212s][debug  ][gc,phases,ref  ] GC(18)     Discovered: 0
[28.212s][debug  ][gc,phases,ref  ] GC(18)     Cleared: 0
[28.212s][debug  ][gc,phases,ref  ] GC(18)   WeakReference:
[28.212s][debug  ][gc,phases,ref  ] GC(18)     Discovered: 0
[28.212s][debug  ][gc,phases,ref  ] GC(18)     Cleared: 0
[28.212s][debug  ][gc,phases,ref  ] GC(18)   FinalReference:
[28.212s][debug  ][gc,phases,ref  ] GC(18)     Discovered: 0
[28.212s][debug  ][gc,phases,ref  ] GC(18)     Cleared: 0
[28.212s][debug  ][gc,phases,ref  ] GC(18)   PhantomReference:
[28.212s][debug  ][gc,phases,ref  ] GC(18)     Discovered: 0
[28.212s][debug  ][gc,phases,ref  ] GC(18)     Cleared: 0
[28.212s][debug  ][gc,phases      ] GC(18) Reference Processing 0.641ms
[28.212s][debug  ][gc,phases,start] GC(18) Weak Processing
[28.212s][debug  ][gc,phases      ] GC(18)   VM Weak                        Min:  0.0, Avg:  0.0, Max:  0.0, Diff:  0.0, Sum:  0.0, Workers: 6
[28.212s][debug  ][gc,phases      ] GC(18)     Dead                           Min: 0, Avg:  0.0, Max: 0, Diff: 0, Sum: 0, Workers: 6
[28.213s][debug  ][gc,phases      ] GC(18)     Total                          Min: 0, Avg:  1.3, Max: 8, Diff: 8, Sum: 8, Workers: 6
[28.213s][debug  ][gc,phases      ] GC(18)   ObjectSynchronizer Weak        Min:  0.0, Avg:  0.0, Max:  0.0, Diff:  0.0, Sum:  0.0, Workers: 6
[28.213s][debug  ][gc,phases      ] GC(18)     Dead                           Min: 0, Avg:  0.0, Max: 0, Diff: 0, Sum: 0, Workers: 6
[28.213s][debug  ][gc,phases      ] GC(18)     Total                          Min: 0, Avg:  0.5, Max: 3, Diff: 3, Sum: 3, Workers: 6
[28.213s][debug  ][gc,phases      ] GC(18)   JVMTI Tag Weak OopStorage      Min:  0.0, Avg:  0.0, Max:  0.0, Diff:  0.0, Sum:  0.0, Workers: 6
[28.213s][debug  ][gc,phases      ] GC(18)     Dead                           Min: 0, Avg:  0.0, Max: 0, Diff: 0, Sum: 0, Workers: 6
[28.213s][debug  ][gc,phases      ] GC(18)     Total                          Min: 0, Avg:  0.0, Max: 0, Diff: 0, Sum: 0, Workers: 6
[28.213s][debug  ][gc,phases      ] GC(18)   StringTable Weak               Min:  0.0, Avg:  0.0, Max:  0.0, Diff:  0.0, Sum:  0.1, Workers: 6
[28.213s][debug  ][gc,phases      ] GC(18)     Dead                           Min: 0, Avg:  0.0, Max: 0, Diff: 0, Sum: 0, Workers: 6
[28.213s][debug  ][gc,phases      ] GC(18)     Total                          Min: 812, Avg: 892.5, Max: 960, Diff: 148, Sum: 5355, Workers: 6
[28.213s][debug  ][gc,phases      ] GC(18)   ResolvedMethodTable Weak       Min:  0.0, Avg:  0.0, Max:  0.0, Diff:  0.0, Sum:  0.0, Workers: 6
[28.213s][debug  ][gc,phases      ] GC(18)     Dead                           Min: 0, Avg:  0.0, Max: 0, Diff: 0, Sum: 0, Workers: 6
[28.213s][debug  ][gc,phases      ] GC(18)     Total                          Min: 0, Avg: 21.7, Max: 66, Diff: 66, Sum: 130, Workers: 6
[28.213s][debug  ][gc,phases      ] GC(18)   JNI Weak                       Min:  0.0, Avg:  0.0, Max:  0.0, Diff:  0.0, Sum:  0.0, Workers: 6
[28.213s][debug  ][gc,phases      ] GC(18)     Dead                           Min: 0, Avg:  0.0, Max: 0, Diff: 0, Sum: 0, Workers: 6
[28.213s][debug  ][gc,phases      ] GC(18)     Total                          Min: 0, Avg:  0.0, Max: 0, Diff: 0, Sum: 0, Workers: 6
[28.213s][debug  ][gc,phases      ] GC(18)   StringDedup Table Weak         Min:  0.0, Avg:  0.0, Max:  0.0, Diff:  0.0, Sum:  0.0, Workers: 6
[28.213s][debug  ][gc,phases      ] GC(18)     Dead                           Min: 0, Avg:  0.0, Max: 0, Diff: 0, Sum: 0, Workers: 6
[28.213s][debug  ][gc,phases      ] GC(18)     Total                          Min: 0, Avg:  0.0, Max: 0, Diff: 0, Sum: 0, Workers: 6
[28.213s][debug  ][gc,phases      ] GC(18)   StringDedup Requests0 Weak     Min:  0.0, Avg:  0.0, Max:  0.0, Diff:  0.0, Sum:  0.0, Workers: 6
[28.213s][debug  ][gc,phases      ] GC(18)     Dead                           Min: 0, Avg:  0.0, Max: 0, Diff: 0, Sum: 0, Workers: 6
[28.213s][debug  ][gc,phases      ] GC(18)     Total                          Min: 0, Avg:  0.0, Max: 0, Diff: 0, Sum: 0, Workers: 6
[28.213s][debug  ][gc,phases      ] GC(18)   StringDedup Requests1 Weak     Min:  0.0, Avg:  0.0, Max:  0.0, Diff:  0.0, Sum:  0.0, Workers: 6
[28.213s][debug  ][gc,phases      ] GC(18)     Dead                           Min: 0, Avg:  0.0, Max: 0, Diff: 0, Sum: 0, Workers: 6
[28.213s][debug  ][gc,phases      ] GC(18)     Total                          Min: 0, Avg:  0.0, Max: 0, Diff: 0, Sum: 0, Workers: 6
[28.213s][debug  ][gc,phases      ] GC(18)   Weak JFR Old Object Samples    Min:  0.0, Avg:  0.0, Max:  0.0, Diff:  0.0, Sum:  0.0, Workers: 6
[28.213s][debug  ][gc,phases      ] GC(18)     Dead                           Min: 0, Avg:  0.0, Max: 0, Diff: 0, Sum: 0, Workers: 6
[28.213s][debug  ][gc,phases      ] GC(18)     Total                          Min: 0, Avg:  0.0, Max: 0, Diff: 0, Sum: 0, Workers: 6
[28.213s][debug  ][gc,phases      ] GC(18) Weak Processing 0.948ms
[28.213s][debug  ][gc,ergo        ] GC(18) AdaptiveSizeStart:  collection: 19 
[28.213s][debug  ][gc,ergo        ] GC(18) avg_survived_padded_avg: 26888298.000000
[28.213s][debug  ][gc,ergo        ] GC(18) avg_promoted_padded_avg: 89251648.000000  avg_pretenured_padded_avg: 0.000000  tenuring_thresh: 1  target_size: 27262976
[28.213s][debug  ][gc,age         ] GC(18) Desired survivor size 27262976 bytes, new threshold 1 (max threshold 15)
[28.213s][debug  ][gc,ergo        ] GC(18) PSAdaptiveSizePolicy::compute_eden_space_size: costs minor_time: 0.006451 major_cost: 0.000000 mutator_cost: 0.993549 throughput_goal: 0.990000
[28.214s][debug  ][gc,ergo        ] GC(18) Live_space: 284595072 free_space: 188219392
[28.214s][debug  ][gc,ergo        ] GC(18) Old eden_size: 87556096 desired_eden_size: 83361792
[28.214s][debug  ][gc,ergo        ] GC(18) AdaptiveSizeStop: collection: 19 
[28.214s][info   ][gc,heap        ] GC(18) PSYoungGen: 103022K(103936K)->23552K(105472K) Eden: 82541K(82944K)->0K(81408K) From: 20480K(20992K)->23552K(24064K)
[28.214s][info   ][gc,heap        ] GC(18) ParOldGen: 638658K(917504K)->666306K(917504K)
[28.214s][info   ][gc,metaspace   ] GC(18) Metaspace: 1023K(1216K)->1023K(1216K) NonClass: 939K(1024K)->939K(1024K) Class: 83K(192K)->83K(192K)
[28.214s][info   ][gc             ] GC(18) Pause Young (Allocation Failure) 724M->673M(999M) 8.755ms
[28.214s][info   ][gc,cpu         ] GC(18) User=0.00s Sys=0.00s Real=0.01s
[28.214s][debug  ][gc,heap        ] GC(18) Heap after GC invocations=19 (full 0):
[28.214s][debug  ][gc,heap        ] GC(18)  PSYoungGen      total 105472K, used 23552K [0x00000000f8000000, 0x0000000100000000, 0x0000000100000000)
[28.214s][debug  ][gc,heap        ] GC(18)   eden space 81408K, 0% used [0x00000000f8000000,0x00000000f8000000,0x00000000fcf80000)
[28.214s][debug  ][gc,heap        ] GC(18)   from space 24064K, 97% used [0x00000000fd100000,0x00000000fe800170,0x00000000fe880000)
[28.214s][debug  ][gc,heap        ] GC(18)   to   space 24064K, 0% used [0x00000000fe880000,0x00000000fe880000,0x0000000100000000)
[28.214s][debug  ][gc,heap        ] GC(18)  ParOldGen       total 917504K, used 666306K [0x00000000c0000000, 0x00000000f8000000, 0x00000000f8000000)
[28.214s][debug  ][gc,heap        ] GC(18)   object space 917504K, 72% used [0x00000000c0000000,0x00000000e8ab0a38,0x00000000f8000000)
[28.214s][debug  ][gc,heap        ] GC(18)  Metaspace       used 1023K, committed 1216K, reserved 1056768K
[28.214s][debug  ][gc,heap        ] GC(18)   class space    used 83K, committed 192K, reserved 1048576K
[28.214s][debug  ][gc,task,time   ] GC(18) VM-Thread 282046400 282117428 282140589
[29.456s][debug  ][gc,heap        ] GC(19) Heap before GC invocations=20 (full 0):
[29.456s][debug  ][gc,heap        ] GC(19)  PSYoungGen      total 105472K, used 104016K [0x00000000f8000000, 0x0000000100000000, 0x0000000100000000)
[29.456s][debug  ][gc,heap        ] GC(19)   eden space 81408K, 98% used [0x00000000f8000000,0x00000000fce93fb8,0x00000000fcf80000)
[29.456s][debug  ][gc,heap        ] GC(19)   from space 24064K, 97% used [0x00000000fd100000,0x00000000fe800170,0x00000000fe880000)
[29.456s][debug  ][gc,heap        ] GC(19)   to   space 24064K, 0% used [0x00000000fe880000,0x00000000fe880000,0x0000000100000000)
[29.456s][debug  ][gc,heap        ] GC(19)  ParOldGen       total 917504K, used 666306K [0x00000000c0000000, 0x00000000f8000000, 0x00000000f8000000)
[29.456s][debug  ][gc,heap        ] GC(19)   object space 917504K, 72% used [0x00000000c0000000,0x00000000e8ab0a38,0x00000000f8000000)
[29.456s][debug  ][gc,heap        ] GC(19)  Metaspace       used 1023K, committed 1216K, reserved 1056768K
[29.456s][debug  ][gc,heap        ] GC(19)   class space    used 83K, committed 192K, reserved 1048576K
[29.456s][debug  ][gc,tlab        ] GC(19) TLAB totals: thrds: 1  refills: 1 max: 1 slow allocs: 76 max 76 waste: 22.3% gc: 603824B max: 603824B slow: 0B max: 0B
[29.456s][info   ][gc,start       ] GC(19) Pause Young (Allocation Failure)
[29.456s][debug  ][gc,phases,start] GC(19) Scavenge
[29.460s][debug  ][gc,phases      ] GC(19) Scavenge 3.593ms
[29.460s][debug  ][gc,phases,start] GC(19) Reference Processing
[29.460s][debug  ][gc,ref         ] GC(19) Skipped phase 1 of Reference Processing: no references
[29.460s][debug  ][gc,ref         ] GC(19) Skipped phase 2 of Reference Processing: no references
[29.460s][debug  ][gc,ref         ] GC(19) Skipped phase 3 of Reference Processing: no references
[29.460s][debug  ][gc,ref         ] GC(19) Skipped phase 4 of Reference Processing: no references
[29.460s][debug  ][gc,phases,ref  ] GC(19) Reference Processing: 0.1ms
[29.460s][debug  ][gc,phases,ref  ] GC(19)   Reconsider SoftReferences: 0.0ms
[29.460s][debug  ][gc,phases,ref  ] GC(19)     SoftRef (ms):                  skipped
[29.460s][debug  ][gc,phases,ref  ] GC(19)   Notify Soft/WeakReferences: 0.0ms
[29.460s][debug  ][gc,phases,ref  ] GC(19)     SoftRef (ms):                  skipped
[29.460s][debug  ][gc,phases,ref  ] GC(19)     WeakRef (ms):                  skipped
[29.460s][debug  ][gc,phases,ref  ] GC(19)     FinalRef (ms):                 skipped
[29.460s][debug  ][gc,phases,ref  ] GC(19)     Total (ms):                    skipped
[29.460s][debug  ][gc,phases,ref  ] GC(19)   Notify and keep alive finalizable: 0.0ms
[29.460s][debug  ][gc,phases,ref  ] GC(19)     FinalRef (ms):                 skipped
[29.460s][debug  ][gc,phases,ref  ] GC(19)   Notify PhantomReferences: 0.0ms
[29.461s][debug  ][gc,phases,ref  ] GC(19)     PhantomRef (ms):               skipped
[29.461s][debug  ][gc,phases,ref  ] GC(19)   SoftReference:
[29.461s][debug  ][gc,phases,ref  ] GC(19)     Discovered: 0
[29.461s][debug  ][gc,phases,ref  ] GC(19)     Cleared: 0
[29.461s][debug  ][gc,phases,ref  ] GC(19)   WeakReference:
[29.461s][debug  ][gc,phases,ref  ] GC(19)     Discovered: 0
[29.461s][debug  ][gc,phases,ref  ] GC(19)     Cleared: 0
[29.461s][debug  ][gc,phases,ref  ] GC(19)   FinalReference:
[29.461s][debug  ][gc,phases,ref  ] GC(19)     Discovered: 0
[29.461s][debug  ][gc,phases,ref  ] GC(19)     Cleared: 0
[29.461s][debug  ][gc,phases,ref  ] GC(19)   PhantomReference:
[29.461s][debug  ][gc,phases,ref  ] GC(19)     Discovered: 0
[29.461s][debug  ][gc,phases,ref  ] GC(19)     Cleared: 0
[29.461s][debug  ][gc,phases      ] GC(19) Reference Processing 0.684ms
[29.461s][debug  ][gc,phases,start] GC(19) Weak Processing
[29.461s][debug  ][gc,phases      ] GC(19)   VM Weak                        Min:  0.0, Avg:  0.0, Max:  0.0, Diff:  0.0, Sum:  0.0, Workers: 6
[29.461s][debug  ][gc,phases      ] GC(19)     Dead                           Min: 0, Avg:  0.0, Max: 0, Diff: 0, Sum: 0, Workers: 6
[29.461s][debug  ][gc,phases      ] GC(19)     Total                          Min: 0, Avg:  1.3, Max: 8, Diff: 8, Sum: 8, Workers: 6
[29.461s][debug  ][gc,phases      ] GC(19)   ObjectSynchronizer Weak        Min:  0.0, Avg:  0.0, Max:  0.0, Diff:  0.0, Sum:  0.0, Workers: 6
[29.461s][debug  ][gc,phases      ] GC(19)     Dead                           Min: 0, Avg:  0.0, Max: 0, Diff: 0, Sum: 0, Workers: 6
[29.461s][debug  ][gc,phases      ] GC(19)     Total                          Min: 0, Avg:  0.5, Max: 3, Diff: 3, Sum: 3, Workers: 6
[29.461s][debug  ][gc,phases      ] GC(19)   JVMTI Tag Weak OopStorage      Min:  0.0, Avg:  0.0, Max:  0.0, Diff:  0.0, Sum:  0.0, Workers: 6
[29.461s][debug  ][gc,phases      ] GC(19)     Dead                           Min: 0, Avg:  0.0, Max: 0, Diff: 0, Sum: 0, Workers: 6
[29.461s][debug  ][gc,phases      ] GC(19)     Total                          Min: 0, Avg:  0.0, Max: 0, Diff: 0, Sum: 0, Workers: 6
[29.461s][debug  ][gc,phases      ] GC(19)   StringTable Weak               Min:  0.0, Avg:  0.0, Max:  0.0, Diff:  0.0, Sum:  0.0, Workers: 6
[29.461s][debug  ][gc,phases      ] GC(19)     Dead                           Min: 0, Avg:  0.0, Max: 0, Diff: 0, Sum: 0, Workers: 6
[29.461s][debug  ][gc,phases      ] GC(19)     Total                          Min: 748, Avg: 892.5, Max: 1024, Diff: 276, Sum: 5355, Workers: 6
[29.461s][debug  ][gc,phases      ] GC(19)   ResolvedMethodTable Weak       Min:  0.0, Avg:  0.0, Max:  0.0, Diff:  0.0, Sum:  0.0, Workers: 6
[29.461s][debug  ][gc,phases      ] GC(19)     Dead                           Min: 0, Avg:  0.0, Max: 0, Diff: 0, Sum: 0, Workers: 6
[29.461s][debug  ][gc,phases      ] GC(19)     Total                          Min: 0, Avg: 21.7, Max: 64, Diff: 64, Sum: 130, Workers: 6
[29.461s][debug  ][gc,phases      ] GC(19)   JNI Weak                       Min:  0.0, Avg:  0.0, Max:  0.0, Diff:  0.0, Sum:  0.0, Workers: 6
[29.461s][debug  ][gc,phases      ] GC(19)     Dead                           Min: 0, Avg:  0.0, Max: 0, Diff: 0, Sum: 0, Workers: 6
[29.461s][debug  ][gc,phases      ] GC(19)     Total                          Min: 0, Avg:  0.0, Max: 0, Diff: 0, Sum: 0, Workers: 6
[29.461s][debug  ][gc,phases      ] GC(19)   StringDedup Table Weak         Min:  0.0, Avg:  0.0, Max:  0.0, Diff:  0.0, Sum:  0.0, Workers: 6
[29.461s][debug  ][gc,phases      ] GC(19)     Dead                           Min: 0, Avg:  0.0, Max: 0, Diff: 0, Sum: 0, Workers: 6
[29.461s][debug  ][gc,phases      ] GC(19)     Total                          Min: 0, Avg:  0.0, Max: 0, Diff: 0, Sum: 0, Workers: 6
[29.461s][debug  ][gc,phases      ] GC(19)   StringDedup Requests0 Weak     Min:  0.0, Avg:  0.0, Max:  0.0, Diff:  0.0, Sum:  0.0, Workers: 6
[29.461s][debug  ][gc,phases      ] GC(19)     Dead                           Min: 0, Avg:  0.0, Max: 0, Diff: 0, Sum: 0, Workers: 6
[29.461s][debug  ][gc,phases      ] GC(19)     Total                          Min: 0, Avg:  0.0, Max: 0, Diff: 0, Sum: 0, Workers: 6
[29.462s][debug  ][gc,phases      ] GC(19)   StringDedup Requests1 Weak     Min:  0.0, Avg:  0.0, Max:  0.0, Diff:  0.0, Sum:  0.0, Workers: 6
[29.462s][debug  ][gc,phases      ] GC(19)     Dead                           Min: 0, Avg:  0.0, Max: 0, Diff: 0, Sum: 0, Workers: 6
[29.462s][debug  ][gc,phases      ] GC(19)     Total                          Min: 0, Avg:  0.0, Max: 0, Diff: 0, Sum: 0, Workers: 6
[29.462s][debug  ][gc,phases      ] GC(19)   Weak JFR Old Object Samples    Min:  0.0, Avg:  0.0, Max:  0.0, Diff:  0.0, Sum:  0.0, Workers: 6
[29.462s][debug  ][gc,phases      ] GC(19)     Dead                           Min: 0, Avg:  0.0, Max: 0, Diff: 0, Sum: 0, Workers: 6
[29.462s][debug  ][gc,phases      ] GC(19)     Total                          Min: 0, Avg:  0.0, Max: 0, Diff: 0, Sum: 0, Workers: 6
[29.462s][debug  ][gc,phases      ] GC(19) Weak Processing 0.814ms
[29.462s][debug  ][gc,ergo        ] GC(19) AdaptiveSizeStart:  collection: 20 
[29.462s][debug  ][gc,ergo        ] GC(19) avg_survived_padded_avg: 28759888.000000
[29.462s][debug  ][gc,ergo        ] GC(19) avg_promoted_padded_avg: 88641256.000000  avg_pretenured_padded_avg: 0.000000  tenuring_thresh: 1  target_size: 28835840
[29.462s][debug  ][gc,age         ] GC(19) Desired survivor size 28835840 bytes, new threshold 1 (max threshold 15)
[29.462s][debug  ][gc,ergo        ] GC(19) PSAdaptiveSizePolicy::compute_eden_space_size: costs minor_time: 0.005884 major_cost: 0.000000 mutator_cost: 0.994116 throughput_goal: 0.990000
[29.462s][debug  ][gc,ergo        ] GC(19) Live_space: 285390880 free_space: 184025088
[29.462s][debug  ][gc,ergo        ] GC(19) Old eden_size: 83361792 desired_eden_size: 81788928
[29.462s][debug  ][gc,ergo        ] GC(19) AdaptiveSizeStop: collection: 20 
[29.462s][info   ][gc,heap        ] GC(19) PSYoungGen: 104016K(105472K)->23552K(98816K) Eden: 80463K(81408K)->0K(74752K) From: 23552K(24064K)->23552K(24064K)
[29.462s][info   ][gc,heap        ] GC(19) ParOldGen: 666306K(917504K)->671426K(917504K)
[29.462s][info   ][gc,metaspace   ] GC(19) Metaspace: 1023K(1216K)->1023K(1216K) NonClass: 939K(1024K)->939K(1024K) Class: 83K(192K)->83K(192K)
[29.462s][info   ][gc             ] GC(19) Pause Young (Allocation Failure) 752M->678M(992M) 5.591ms
[29.462s][info   ][gc,cpu         ] GC(19) User=0.00s Sys=0.00s Real=0.01s
[29.462s][debug  ][gc,heap        ] GC(19) Heap after GC invocations=20 (full 0):
[29.462s][debug  ][gc,heap        ] GC(19)  PSYoungGen      total 98816K, used 23552K [0x00000000f8000000, 0x0000000100000000, 0x0000000100000000)
[29.462s][debug  ][gc,heap        ] GC(19)   eden space 74752K, 0% used [0x00000000f8000000,0x00000000f8000000,0x00000000fc900000)
[29.462s][debug  ][gc,heap        ] GC(19)   from space 24064K, 97% used [0x00000000fe880000,0x00000000fff80170,0x0000000100000000)
[29.462s][debug  ][gc,heap        ] GC(19)   to   space 28160K, 0% used [0x00000000fc900000,0x00000000fc900000,0x00000000fe480000)
[29.462s][debug  ][gc,heap        ] GC(19)  ParOldGen       total 917504K, used 671426K [0x00000000c0000000, 0x00000000f8000000, 0x00000000f8000000)
[29.462s][debug  ][gc,heap        ] GC(19)   object space 917504K, 73% used [0x00000000c0000000,0x00000000e8fb0a88,0x00000000f8000000)
[29.462s][debug  ][gc,heap        ] GC(19)  Metaspace       used 1023K, committed 1216K, reserved 1056768K
[29.462s][debug  ][gc,heap        ] GC(19)   class space    used 83K, committed 192K, reserved 1048576K
[29.462s][debug  ][gc,task,time   ] GC(19) VM-Thread 294560013 294601371 294623231
[30.594s][debug  ][gc,heap        ] GC(20) Heap before GC invocations=21 (full 0):
[30.594s][debug  ][gc,heap        ] GC(20)  PSYoungGen      total 98816K, used 97740K [0x00000000f8000000, 0x0000000100000000, 0x0000000100000000)
[30.594s][debug  ][gc,heap        ] GC(20)   eden space 74752K, 99% used [0x00000000f8000000,0x00000000fc873130,0x00000000fc900000)
[30.594s][debug  ][gc,heap        ] GC(20)   from space 24064K, 97% used [0x00000000fe880000,0x00000000fff80170,0x0000000100000000)
[30.594s][debug  ][gc,heap        ] GC(20)   to   space 28160K, 0% used [0x00000000fc900000,0x00000000fc900000,0x00000000fe480000)
[30.594s][debug  ][gc,heap        ] GC(20)  ParOldGen       total 917504K, used 671426K [0x00000000c0000000, 0x00000000f8000000, 0x00000000f8000000)
[30.594s][debug  ][gc,heap        ] GC(20)   object space 917504K, 73% used [0x00000000c0000000,0x00000000e8fb0a88,0x00000000f8000000)
[30.594s][debug  ][gc,heap        ] GC(20)  Metaspace       used 1023K, committed 1216K, reserved 1056768K
[30.594s][debug  ][gc,heap        ] GC(20)   class space    used 83K, committed 192K, reserved 1048576K
[30.594s][debug  ][gc,tlab        ] GC(20) TLAB totals: thrds: 1  refills: 1 max: 1 slow allocs: 70 max 70 waste: 18.3% gc: 469128B max: 469128B slow: 0B max: 0B
[30.594s][info   ][gc,start       ] GC(20) Pause Young (Allocation Failure)
[30.594s][debug  ][gc,phases,start] GC(20) Scavenge
[30.595s][debug  ][gc,phases      ] GC(20) Scavenge 0.872ms
[30.595s][debug  ][gc,phases,start] GC(20) Reference Processing
[30.595s][debug  ][gc,ref         ] GC(20) Skipped phase 1 of Reference Processing: no references
[30.595s][debug  ][gc,ref         ] GC(20) Skipped phase 2 of Reference Processing: no references
[30.595s][debug  ][gc,ref         ] GC(20) Skipped phase 3 of Reference Processing: no references
[30.595s][debug  ][gc,ref         ] GC(20) Skipped phase 4 of Reference Processing: no references
[30.595s][debug  ][gc,phases,ref  ] GC(20) Reference Processing: 0.1ms
[30.595s][debug  ][gc,phases,ref  ] GC(20)   Reconsider SoftReferences: 0.0ms
[30.595s][debug  ][gc,phases,ref  ] GC(20)     SoftRef (ms):                  skipped
[30.595s][debug  ][gc,phases,ref  ] GC(20)   Notify Soft/WeakReferences: 0.0ms
[30.595s][debug  ][gc,phases,ref  ] GC(20)     SoftRef (ms):                  skipped
[30.595s][debug  ][gc,phases,ref  ] GC(20)     WeakRef (ms):                  skipped
[30.595s][debug  ][gc,phases,ref  ] GC(20)     FinalRef (ms):                 skipped
[30.595s][debug  ][gc,phases,ref  ] GC(20)     Total (ms):                    skipped
[30.595s][debug  ][gc,phases,ref  ] GC(20)   Notify and keep alive finalizable: 0.0ms
[30.595s][debug  ][gc,phases,ref  ] GC(20)     FinalRef (ms):                 skipped
[30.595s][debug  ][gc,phases,ref  ] GC(20)   Notify PhantomReferences: 0.0ms
[30.595s][debug  ][gc,phases,ref  ] GC(20)     PhantomRef (ms):               skipped
[30.595s][debug  ][gc,phases,ref  ] GC(20)   SoftReference:
[30.595s][debug  ][gc,phases,ref  ] GC(20)     Discovered: 0
[30.595s][debug  ][gc,phases,ref  ] GC(20)     Cleared: 0
[30.596s][debug  ][gc,phases,ref  ] GC(20)   WeakReference:
[30.596s][debug  ][gc,phases,ref  ] GC(20)     Discovered: 0
[30.596s][debug  ][gc,phases,ref  ] GC(20)     Cleared: 0
[30.596s][debug  ][gc,phases,ref  ] GC(20)   FinalReference:
[30.596s][debug  ][gc,phases,ref  ] GC(20)     Discovered: 0
[30.596s][debug  ][gc,phases,ref  ] GC(20)     Cleared: 0
[30.596s][debug  ][gc,phases,ref  ] GC(20)   PhantomReference:
[30.596s][debug  ][gc,phases,ref  ] GC(20)     Discovered: 0
[30.596s][debug  ][gc,phases,ref  ] GC(20)     Cleared: 0
[30.596s][debug  ][gc,phases      ] GC(20) Reference Processing 0.668ms
[30.596s][debug  ][gc,phases,start] GC(20) Weak Processing
[30.596s][debug  ][gc,phases      ] GC(20)   VM Weak                        Min:  0.0, Avg:  0.0, Max:  0.0, Diff:  0.0, Sum:  0.0, Workers: 6
[30.596s][debug  ][gc,phases      ] GC(20)     Dead                           Min: 0, Avg:  0.0, Max: 0, Diff: 0, Sum: 0, Workers: 6
[30.596s][debug  ][gc,phases      ] GC(20)     Total                          Min: 0, Avg:  1.3, Max: 8, Diff: 8, Sum: 8, Workers: 6
[30.596s][debug  ][gc,phases      ] GC(20)   ObjectSynchronizer Weak        Min:  0.0, Avg:  0.0, Max:  0.0, Diff:  0.0, Sum:  0.0, Workers: 6
[30.596s][debug  ][gc,phases      ] GC(20)     Dead                           Min: 0, Avg:  0.0, Max: 0, Diff: 0, Sum: 0, Workers: 6
[30.596s][debug  ][gc,phases      ] GC(20)     Total                          Min: 0, Avg:  0.5, Max: 3, Diff: 3, Sum: 3, Workers: 6
[30.596s][debug  ][gc,phases      ] GC(20)   JVMTI Tag Weak OopStorage      Min:  0.0, Avg:  0.0, Max:  0.0, Diff:  0.0, Sum:  0.0, Workers: 6
[30.596s][debug  ][gc,phases      ] GC(20)     Dead                           Min: 0, Avg:  0.0, Max: 0, Diff: 0, Sum: 0, Workers: 6
[30.596s][debug  ][gc,phases      ] GC(20)     Total                          Min: 0, Avg:  0.0, Max: 0, Diff: 0, Sum: 0, Workers: 6
[30.596s][debug  ][gc,phases      ] GC(20)   StringTable Weak               Min:  0.0, Avg:  0.0, Max:  0.0, Diff:  0.0, Sum:  0.0, Workers: 6
[30.596s][debug  ][gc,phases      ] GC(20)     Dead                           Min: 0, Avg:  0.0, Max: 0, Diff: 0, Sum: 0, Workers: 6
[30.596s][debug  ][gc,phases      ] GC(20)     Total                          Min: 768, Avg: 892.5, Max: 960, Diff: 192, Sum: 5355, Workers: 6
[30.596s][debug  ][gc,phases      ] GC(20)   ResolvedMethodTable Weak       Min:  0.0, Avg:  0.0, Max:  0.0, Diff:  0.0, Sum:  0.0, Workers: 6
[30.596s][debug  ][gc,phases      ] GC(20)     Dead                           Min: 0, Avg:  0.0, Max: 0, Diff: 0, Sum: 0, Workers: 6
[30.596s][debug  ][gc,phases      ] GC(20)     Total                          Min: 0, Avg: 21.7, Max: 64, Diff: 64, Sum: 130, Workers: 6
[30.596s][debug  ][gc,phases      ] GC(20)   JNI Weak                       Min:  0.0, Avg:  0.0, Max:  0.0, Diff:  0.0, Sum:  0.0, Workers: 6
[30.596s][debug  ][gc,phases      ] GC(20)     Dead                           Min: 0, Avg:  0.0, Max: 0, Diff: 0, Sum: 0, Workers: 6
[30.596s][debug  ][gc,phases      ] GC(20)     Total                          Min: 0, Avg:  0.0, Max: 0, Diff: 0, Sum: 0, Workers: 6
[30.596s][debug  ][gc,phases      ] GC(20)   StringDedup Table Weak         Min:  0.0, Avg:  0.0, Max:  0.0, Diff:  0.0, Sum:  0.0, Workers: 6
[30.596s][debug  ][gc,phases      ] GC(20)     Dead                           Min: 0, Avg:  0.0, Max: 0, Diff: 0, Sum: 0, Workers: 6
[30.596s][debug  ][gc,phases      ] GC(20)     Total                          Min: 0, Avg:  0.0, Max: 0, Diff: 0, Sum: 0, Workers: 6
[30.596s][debug  ][gc,phases      ] GC(20)   StringDedup Requests0 Weak     Min:  0.0, Avg:  0.0, Max:  0.0, Diff:  0.0, Sum:  0.0, Workers: 6
[30.596s][debug  ][gc,phases      ] GC(20)     Dead                           Min: 0, Avg:  0.0, Max: 0, Diff: 0, Sum: 0, Workers: 6
[30.596s][debug  ][gc,phases      ] GC(20)     Total                          Min: 0, Avg:  0.0, Max: 0, Diff: 0, Sum: 0, Workers: 6
[30.596s][debug  ][gc,phases      ] GC(20)   StringDedup Requests1 Weak     Min:  0.0, Avg:  0.0, Max:  0.0, Diff:  0.0, Sum:  0.0, Workers: 6
[30.596s][debug  ][gc,phases      ] GC(20)     Dead                           Min: 0, Avg:  0.0, Max: 0, Diff: 0, Sum: 0, Workers: 6
[30.596s][debug  ][gc,phases      ] GC(20)     Total                          Min: 0, Avg:  0.0, Max: 0, Diff: 0, Sum: 0, Workers: 6
[30.596s][debug  ][gc,phases      ] GC(20)   Weak JFR Old Object Samples    Min:  0.0, Avg:  0.0, Max:  0.0, Diff:  0.0, Sum:  0.0, Workers: 6
[30.596s][debug  ][gc,phases      ] GC(20)     Dead                           Min: 0, Avg:  0.0, Max: 0, Diff: 0, Sum: 0, Workers: 6
[30.596s][debug  ][gc,phases      ] GC(20)     Total                          Min: 0, Avg:  0.0, Max: 0, Diff: 0, Sum: 0, Workers: 6
[30.597s][debug  ][gc,phases      ] GC(20) Weak Processing 0.785ms
[30.597s][debug  ][gc,ergo        ] GC(20) AdaptiveSizeStart:  collection: 21 
[30.597s][debug  ][gc,ergo        ] GC(20) avg_survived_padded_avg: 30461864.000000
[30.597s][debug  ][gc,ergo        ] GC(20) avg_promoted_padded_avg: 85520136.000000  avg_pretenured_padded_avg: 0.000000  tenuring_thresh: 1  target_size: 30932992
[30.597s][debug  ][gc,age         ] GC(20) Desired survivor size 30932992 bytes, new threshold 1 (max threshold 15)
[30.597s][debug  ][gc,ergo        ] GC(20) PSAdaptiveSizePolicy::compute_eden_space_size: costs minor_time: 0.004947 major_cost: 0.000000 mutator_cost: 0.995053 throughput_goal: 0.990000
[30.597s][debug  ][gc,ergo        ] GC(20) Live_space: 283695328 free_space: 182452224
[30.597s][debug  ][gc,ergo        ] GC(20) Old eden_size: 81788928 desired_eden_size: 74973184
[30.597s][debug  ][gc,ergo        ] GC(20) AdaptiveSizeStop: collection: 21 
[30.597s][info   ][gc,heap        ] GC(20) PSYoungGen: 97740K(98816K)->0K(73728K) Eden: 74188K(74752K)->0K(73216K) From: 23552K(24064K)->0K(512K)
[30.597s][info   ][gc,heap        ] GC(20) ParOldGen: 671426K(917504K)->671426K(917504K)
[30.597s][info   ][gc,metaspace   ] GC(20) Metaspace: 1023K(1216K)->1023K(1216K) NonClass: 939K(1024K)->939K(1024K) Class: 83K(192K)->83K(192K)
[30.597s][info   ][gc             ] GC(20) Pause Young (Allocation Failure) 751M->655M(968M) 2.758ms
[30.597s][info   ][gc,cpu         ] GC(20) User=0.16s Sys=0.00s Real=0.00s
[30.597s][debug  ][gc,heap        ] GC(20) Heap after GC invocations=21 (full 0):
[30.597s][debug  ][gc,heap        ] GC(20)  PSYoungGen      total 73728K, used 0K [0x00000000f8000000, 0x0000000100000000, 0x0000000100000000)
[30.597s][debug  ][gc,heap        ] GC(20)   eden space 73216K, 0% used [0x00000000f8000000,0x00000000f8000000,0x00000000fc780000)
[30.597s][debug  ][gc,heap        ] GC(20)   from space 512K, 0% used [0x00000000fc900000,0x00000000fc900000,0x00000000fc980000)
[30.597s][debug  ][gc,heap        ] GC(20)   to   space 30208K, 0% used [0x00000000fe280000,0x00000000fe280000,0x0000000100000000)
[30.597s][debug  ][gc,heap        ] GC(20)  ParOldGen       total 917504K, used 671426K [0x00000000c0000000, 0x00000000f8000000, 0x00000000f8000000)
[30.597s][debug  ][gc,heap        ] GC(20)   object space 917504K, 73% used [0x00000000c0000000,0x00000000e8fb0a88,0x00000000f8000000)
[30.597s][debug  ][gc,heap        ] GC(20)  Metaspace       used 1023K, committed 1216K, reserved 1056768K
[30.597s][debug  ][gc,heap        ] GC(20)   class space    used 83K, committed 192K, reserved 1048576K
[30.597s][debug  ][gc,task,time   ] GC(20) VM-Thread 305936889 305950444 305971141
[31.718s][debug  ][gc,heap        ] GC(21) Heap before GC invocations=22 (full 0):
[31.718s][debug  ][gc,heap        ] GC(21)  PSYoungGen      total 73728K, used 73134K [0x00000000f8000000, 0x0000000100000000, 0x0000000100000000)
[31.718s][debug  ][gc,heap        ] GC(21)   eden space 73216K, 99% used [0x00000000f8000000,0x00000000fc76bad0,0x00000000fc780000)
[31.718s][debug  ][gc,heap        ] GC(21)   from space 512K, 0% used [0x00000000fc900000,0x00000000fc900000,0x00000000fc980000)
[31.718s][debug  ][gc,heap        ] GC(21)   to   space 30208K, 0% used [0x00000000fe280000,0x00000000fe280000,0x0000000100000000)
[31.718s][debug  ][gc,heap        ] GC(21)  ParOldGen       total 917504K, used 671426K [0x00000000c0000000, 0x00000000f8000000, 0x00000000f8000000)
[31.718s][debug  ][gc,heap        ] GC(21)   object space 917504K, 73% used [0x00000000c0000000,0x00000000e8fb0a88,0x00000000f8000000)
[31.718s][debug  ][gc,heap        ] GC(21)  Metaspace       used 1023K, committed 1216K, reserved 1056768K
[31.718s][debug  ][gc,heap        ] GC(21)   class space    used 83K, committed 192K, reserved 1048576K
[31.718s][debug  ][gc,tlab        ] GC(21) TLAB totals: thrds: 1  refills: 1 max: 1 slow allocs: 69 max 69 waste: 17.3% gc: 439904B max: 439904B slow: 0B max: 0B
[31.718s][info   ][gc,start       ] GC(21) Pause Young (Allocation Failure)
[31.718s][debug  ][gc,phases,start] GC(21) Scavenge
[31.728s][debug  ][gc,phases      ] GC(21) Scavenge 9.191ms
[31.728s][debug  ][gc,phases,start] GC(21) Reference Processing
[31.728s][debug  ][gc,ref         ] GC(21) Skipped phase 1 of Reference Processing: no references
[31.728s][debug  ][gc,ref         ] GC(21) Skipped phase 2 of Reference Processing: no references
[31.728s][debug  ][gc,ref         ] GC(21) Skipped phase 3 of Reference Processing: no references
[31.728s][debug  ][gc,ref         ] GC(21) Skipped phase 4 of Reference Processing: no references
[31.728s][debug  ][gc,phases,ref  ] GC(21) Reference Processing: 0.1ms
[31.728s][debug  ][gc,phases,ref  ] GC(21)   Reconsider SoftReferences: 0.0ms
[31.728s][debug  ][gc,phases,ref  ] GC(21)     SoftRef (ms):                  skipped
[31.728s][debug  ][gc,phases,ref  ] GC(21)   Notify Soft/WeakReferences: 0.0ms
[31.728s][debug  ][gc,phases,ref  ] GC(21)     SoftRef (ms):                  skipped
[31.728s][debug  ][gc,phases,ref  ] GC(21)     WeakRef (ms):                  skipped
[31.728s][debug  ][gc,phases,ref  ] GC(21)     FinalRef (ms):                 skipped
[31.728s][debug  ][gc,phases,ref  ] GC(21)     Total (ms):                    skipped
[31.728s][debug  ][gc,phases,ref  ] GC(21)   Notify and keep alive finalizable: 0.0ms
[31.728s][debug  ][gc,phases,ref  ] GC(21)     FinalRef (ms):                 skipped
[31.728s][debug  ][gc,phases,ref  ] GC(21)   Notify PhantomReferences: 0.0ms
[31.728s][debug  ][gc,phases,ref  ] GC(21)     PhantomRef (ms):               skipped
[31.728s][debug  ][gc,phases,ref  ] GC(21)   SoftReference:
[31.728s][debug  ][gc,phases,ref  ] GC(21)     Discovered: 0
[31.728s][debug  ][gc,phases,ref  ] GC(21)     Cleared: 0
[31.728s][debug  ][gc,phases,ref  ] GC(21)   WeakReference:
[31.728s][debug  ][gc,phases,ref  ] GC(21)     Discovered: 0
[31.728s][debug  ][gc,phases,ref  ] GC(21)     Cleared: 0
[31.728s][debug  ][gc,phases,ref  ] GC(21)   FinalReference:
[31.728s][debug  ][gc,phases,ref  ] GC(21)     Discovered: 0
[31.728s][debug  ][gc,phases,ref  ] GC(21)     Cleared: 0
[31.728s][debug  ][gc,phases,ref  ] GC(21)   PhantomReference:
[31.728s][debug  ][gc,phases,ref  ] GC(21)     Discovered: 0
[31.728s][debug  ][gc,phases,ref  ] GC(21)     Cleared: 0
[31.728s][debug  ][gc,phases      ] GC(21) Reference Processing 0.688ms
[31.728s][debug  ][gc,phases,start] GC(21) Weak Processing
[31.729s][debug  ][gc,phases      ] GC(21)   VM Weak                        Min:  0.0, Avg:  0.0, Max:  0.0, Diff:  0.0, Sum:  0.0, Workers: 6
[31.729s][debug  ][gc,phases      ] GC(21)     Dead                           Min: 0, Avg:  0.0, Max: 0, Diff: 0, Sum: 0, Workers: 6
[31.729s][debug  ][gc,phases      ] GC(21)     Total                          Min: 0, Avg:  1.3, Max: 8, Diff: 8, Sum: 8, Workers: 6
[31.729s][debug  ][gc,phases      ] GC(21)   ObjectSynchronizer Weak        Min:  0.0, Avg:  0.0, Max:  0.0, Diff:  0.0, Sum:  0.0, Workers: 6
[31.729s][debug  ][gc,phases      ] GC(21)     Dead                           Min: 0, Avg:  0.0, Max: 0, Diff: 0, Sum: 0, Workers: 6
[31.729s][debug  ][gc,phases      ] GC(21)     Total                          Min: 0, Avg:  0.5, Max: 3, Diff: 3, Sum: 3, Workers: 6
[31.729s][debug  ][gc,phases      ] GC(21)   JVMTI Tag Weak OopStorage      Min:  0.0, Avg:  0.0, Max:  0.0, Diff:  0.0, Sum:  0.0, Workers: 6
[31.729s][debug  ][gc,phases      ] GC(21)     Dead                           Min: 0, Avg:  0.0, Max: 0, Diff: 0, Sum: 0, Workers: 6
[31.729s][debug  ][gc,phases      ] GC(21)     Total                          Min: 0, Avg:  0.0, Max: 0, Diff: 0, Sum: 0, Workers: 6
[31.729s][debug  ][gc,phases      ] GC(21)   StringTable Weak               Min:  0.0, Avg:  0.0, Max:  0.0, Diff:  0.0, Sum:  0.1, Workers: 6
[31.729s][debug  ][gc,phases      ] GC(21)     Dead                           Min: 0, Avg:  0.0, Max: 0, Diff: 0, Sum: 0, Workers: 6
[31.729s][debug  ][gc,phases      ] GC(21)     Total                          Min: 768, Avg: 892.5, Max: 1024, Diff: 256, Sum: 5355, Workers: 6
[31.729s][debug  ][gc,phases      ] GC(21)   ResolvedMethodTable Weak       Min:  0.0, Avg:  0.0, Max:  0.0, Diff:  0.0, Sum:  0.0, Workers: 6
[31.729s][debug  ][gc,phases      ] GC(21)     Dead                           Min: 0, Avg:  0.0, Max: 0, Diff: 0, Sum: 0, Workers: 6
[31.729s][debug  ][gc,phases      ] GC(21)     Total                          Min: 0, Avg: 21.7, Max: 64, Diff: 64, Sum: 130, Workers: 6
[31.729s][debug  ][gc,phases      ] GC(21)   JNI Weak                       Min:  0.0, Avg:  0.0, Max:  0.0, Diff:  0.0, Sum:  0.0, Workers: 6
[31.729s][debug  ][gc,phases      ] GC(21)     Dead                           Min: 0, Avg:  0.0, Max: 0, Diff: 0, Sum: 0, Workers: 6
[31.729s][debug  ][gc,phases      ] GC(21)     Total                          Min: 0, Avg:  0.0, Max: 0, Diff: 0, Sum: 0, Workers: 6
[31.729s][debug  ][gc,phases      ] GC(21)   StringDedup Table Weak         Min:  0.0, Avg:  0.0, Max:  0.0, Diff:  0.0, Sum:  0.0, Workers: 6
[31.729s][debug  ][gc,phases      ] GC(21)     Dead                           Min: 0, Avg:  0.0, Max: 0, Diff: 0, Sum: 0, Workers: 6
[31.729s][debug  ][gc,phases      ] GC(21)     Total                          Min: 0, Avg:  0.0, Max: 0, Diff: 0, Sum: 0, Workers: 6
[31.729s][debug  ][gc,phases      ] GC(21)   StringDedup Requests0 Weak     Min:  0.0, Avg:  0.0, Max:  0.0, Diff:  0.0, Sum:  0.0, Workers: 6
[31.729s][debug  ][gc,phases      ] GC(21)     Dead                           Min: 0, Avg:  0.0, Max: 0, Diff: 0, Sum: 0, Workers: 6
[31.729s][debug  ][gc,phases      ] GC(21)     Total                          Min: 0, Avg:  0.0, Max: 0, Diff: 0, Sum: 0, Workers: 6
[31.729s][debug  ][gc,phases      ] GC(21)   StringDedup Requests1 Weak     Min:  0.0, Avg:  0.0, Max:  0.0, Diff:  0.0, Sum:  0.0, Workers: 6
[31.729s][debug  ][gc,phases      ] GC(21)     Dead                           Min: 0, Avg:  0.0, Max: 0, Diff: 0, Sum: 0, Workers: 6
[31.729s][debug  ][gc,phases      ] GC(21)     Total                          Min: 0, Avg:  0.0, Max: 0, Diff: 0, Sum: 0, Workers: 6
[31.729s][debug  ][gc,phases      ] GC(21)   Weak JFR Old Object Samples    Min:  0.0, Avg:  0.0, Max:  0.0, Diff:  0.0, Sum:  0.0, Workers: 6
[31.729s][debug  ][gc,phases      ] GC(21)     Dead                           Min: 0, Avg:  0.0, Max: 0, Diff: 0, Sum: 0, Workers: 6
[31.729s][debug  ][gc,phases      ] GC(21)     Total                          Min: 0, Avg:  0.0, Max: 0, Diff: 0, Sum: 0, Workers: 6
[31.729s][debug  ][gc,phases      ] GC(21) Weak Processing 0.807ms
[31.729s][debug  ][gc,ergo        ] GC(21) AdaptiveSizeStart:  collection: 22 
[31.729s][debug  ][gc,ergo        ] GC(21) avg_survived_padded_avg: 34546904.000000
[31.729s][debug  ][gc,ergo        ] GC(21) avg_promoted_padded_avg: 85678912.000000  avg_pretenured_padded_avg: 0.000000  tenuring_thresh: 1  target_size: 34603008
[31.729s][debug  ][gc,age         ] GC(21) Desired survivor size 34603008 bytes, new threshold 1 (max threshold 15)
[31.729s][debug  ][gc,ergo        ] GC(21) PSAdaptiveSizePolicy::compute_eden_space_size: costs minor_time: 0.006100 major_cost: 0.000000 mutator_cost: 0.993900 throughput_goal: 0.990000
[31.729s][debug  ][gc,ergo        ] GC(21) Live_space: 285210272 free_space: 175636480
[31.729s][debug  ][gc,ergo        ] GC(21) Old eden_size: 74973184 desired_eden_size: 73400320
[31.729s][debug  ][gc,ergo        ] GC(21) AdaptiveSizeStop: collection: 22 
[31.729s][info   ][gc,heap        ] GC(21) PSYoungGen: 73134K(73728K)->29696K(93696K) Eden: 73134K(73216K)->0K(63488K) From: 0K(512K)->29696K(30208K)
[31.730s][info   ][gc,heap        ] GC(21) ParOldGen: 671426K(917504K)->714435K(917504K)
[31.730s][info   ][gc,metaspace   ] GC(21) Metaspace: 1023K(1216K)->1023K(1216K) NonClass: 939K(1024K)->939K(1024K) Class: 83K(192K)->83K(192K)
[31.730s][info   ][gc             ] GC(21) Pause Young (Allocation Failure) 727M->726M(987M) 11.166ms
[31.730s][info   ][gc,cpu         ] GC(21) User=0.16s Sys=0.00s Real=0.01s
[31.730s][debug  ][gc,heap        ] GC(21) Heap after GC invocations=22 (full 0):
[31.730s][debug  ][gc,heap        ] GC(21)  PSYoungGen      total 93696K, used 29696K [0x00000000f8000000, 0x0000000100000000, 0x0000000100000000)
[31.730s][debug  ][gc,heap        ] GC(21)   eden space 63488K, 0% used [0x00000000f8000000,0x00000000f8000000,0x00000000fbe00000)
[31.730s][debug  ][gc,heap        ] GC(21)   from space 30208K, 98% used [0x00000000fe280000,0x00000000fff801d0,0x0000000100000000)
[31.730s][debug  ][gc,heap        ] GC(21)   to   space 33792K, 0% used [0x00000000fbe00000,0x00000000fbe00000,0x00000000fdf00000)
[31.730s][debug  ][gc,heap        ] GC(21)  ParOldGen       total 917504K, used 714435K [0x00000000c0000000, 0x00000000f8000000, 0x00000000f8000000)
[31.730s][debug  ][gc,heap        ] GC(21)   object space 917504K, 77% used [0x00000000c0000000,0x00000000eb9b0d28,0x00000000f8000000)
[31.730s][debug  ][gc,heap        ] GC(21)  Metaspace       used 1023K, committed 1216K, reserved 1056768K
[31.730s][debug  ][gc,heap        ] GC(21)   class space    used 83K, committed 192K, reserved 1048576K
[31.730s][debug  ][gc,task,time   ] GC(21) VM-Thread 317180020 317277488 317298624
[32.701s][debug  ][gc,heap        ] GC(22) Heap before GC invocations=23 (full 0):
[32.701s][debug  ][gc,heap        ] GC(22)  PSYoungGen      total 93696K, used 92398K [0x00000000f8000000, 0x0000000100000000, 0x0000000100000000)
[32.701s][debug  ][gc,heap        ] GC(22)   eden space 63488K, 98% used [0x00000000f8000000,0x00000000fbd3b838,0x00000000fbe00000)
[32.701s][debug  ][gc,heap        ] GC(22)   from space 30208K, 98% used [0x00000000fe280000,0x00000000fff801d0,0x0000000100000000)
[32.701s][debug  ][gc,heap        ] GC(22)   to   space 33792K, 0% used [0x00000000fbe00000,0x00000000fbe00000,0x00000000fdf00000)
[32.701s][debug  ][gc,heap        ] GC(22)  ParOldGen       total 917504K, used 714435K [0x00000000c0000000, 0x00000000f8000000, 0x00000000f8000000)
[32.701s][debug  ][gc,heap        ] GC(22)   object space 917504K, 77% used [0x00000000c0000000,0x00000000eb9b0d28,0x00000000f8000000)
[32.701s][debug  ][gc,heap        ] GC(22)  Metaspace       used 1023K, committed 1216K, reserved 1056768K
[32.701s][debug  ][gc,heap        ] GC(22)   class space    used 83K, committed 192K, reserved 1048576K
[32.701s][debug  ][gc,tlab        ] GC(22) TLAB totals: thrds: 1  refills: 1 max: 1 slow allocs: 59 max 59 waste: 10.3% gc: 241728B max: 241728B slow: 0B max: 0B
[32.701s][info   ][gc,start       ] GC(22) Pause Young (Allocation Failure)
[32.701s][debug  ][gc,phases,start] GC(22) Scavenge
[32.705s][debug  ][gc,phases      ] GC(22) Scavenge 3.631ms
[32.705s][debug  ][gc,phases,start] GC(22) Reference Processing
[32.705s][debug  ][gc,ref         ] GC(22) Skipped phase 1 of Reference Processing: no references
[32.705s][debug  ][gc,ref         ] GC(22) Skipped phase 2 of Reference Processing: no references
[32.705s][debug  ][gc,ref         ] GC(22) Skipped phase 3 of Reference Processing: no references
[32.705s][debug  ][gc,ref         ] GC(22) Skipped phase 4 of Reference Processing: no references
[32.705s][debug  ][gc,phases,ref  ] GC(22) Reference Processing: 0.1ms
[32.705s][debug  ][gc,phases,ref  ] GC(22)   Reconsider SoftReferences: 0.0ms
[32.705s][debug  ][gc,phases,ref  ] GC(22)     SoftRef (ms):                  skipped
[32.705s][debug  ][gc,phases,ref  ] GC(22)   Notify Soft/WeakReferences: 0.0ms
[32.705s][debug  ][gc,phases,ref  ] GC(22)     SoftRef (ms):                  skipped
[32.705s][debug  ][gc,phases,ref  ] GC(22)     WeakRef (ms):                  skipped
[32.705s][debug  ][gc,phases,ref  ] GC(22)     FinalRef (ms):                 skipped
[32.705s][debug  ][gc,phases,ref  ] GC(22)     Total (ms):                    skipped
[32.705s][debug  ][gc,phases,ref  ] GC(22)   Notify and keep alive finalizable: 0.0ms
[32.705s][debug  ][gc,phases,ref  ] GC(22)     FinalRef (ms):                 skipped
[32.705s][debug  ][gc,phases,ref  ] GC(22)   Notify PhantomReferences: 0.0ms
[32.705s][debug  ][gc,phases,ref  ] GC(22)     PhantomRef (ms):               skipped
[32.705s][debug  ][gc,phases,ref  ] GC(22)   SoftReference:
[32.705s][debug  ][gc,phases,ref  ] GC(22)     Discovered: 0
[32.705s][debug  ][gc,phases,ref  ] GC(22)     Cleared: 0
[32.705s][debug  ][gc,phases,ref  ] GC(22)   WeakReference:
[32.705s][debug  ][gc,phases,ref  ] GC(22)     Discovered: 0
[32.705s][debug  ][gc,phases,ref  ] GC(22)     Cleared: 0
[32.705s][debug  ][gc,phases,ref  ] GC(22)   FinalReference:
[32.705s][debug  ][gc,phases,ref  ] GC(22)     Discovered: 0
[32.705s][debug  ][gc,phases,ref  ] GC(22)     Cleared: 0
[32.705s][debug  ][gc,phases,ref  ] GC(22)   PhantomReference:
[32.705s][debug  ][gc,phases,ref  ] GC(22)     Discovered: 0
[32.705s][debug  ][gc,phases,ref  ] GC(22)     Cleared: 0
[32.705s][debug  ][gc,phases      ] GC(22) Reference Processing 0.675ms
[32.705s][debug  ][gc,phases,start] GC(22) Weak Processing
[32.705s][debug  ][gc,phases      ] GC(22)   VM Weak                        Min:  0.0, Avg:  0.0, Max:  0.0, Diff:  0.0, Sum:  0.0, Workers: 6
[32.705s][debug  ][gc,phases      ] GC(22)     Dead                           Min: 0, Avg:  0.0, Max: 0, Diff: 0, Sum: 0, Workers: 6
[32.706s][debug  ][gc,phases      ] GC(22)     Total                          Min: 0, Avg:  1.3, Max: 8, Diff: 8, Sum: 8, Workers: 6
[32.706s][debug  ][gc,phases      ] GC(22)   ObjectSynchronizer Weak        Min:  0.0, Avg:  0.0, Max:  0.0, Diff:  0.0, Sum:  0.0, Workers: 6
[32.706s][debug  ][gc,phases      ] GC(22)     Dead                           Min: 0, Avg:  0.0, Max: 0, Diff: 0, Sum: 0, Workers: 6
[32.706s][debug  ][gc,phases      ] GC(22)     Total                          Min: 0, Avg:  0.5, Max: 3, Diff: 3, Sum: 3, Workers: 6
[32.706s][debug  ][gc,phases      ] GC(22)   JVMTI Tag Weak OopStorage      Min:  0.0, Avg:  0.0, Max:  0.0, Diff:  0.0, Sum:  0.0, Workers: 6
[32.706s][debug  ][gc,phases      ] GC(22)     Dead                           Min: 0, Avg:  0.0, Max: 0, Diff: 0, Sum: 0, Workers: 6
[32.706s][debug  ][gc,phases      ] GC(22)     Total                          Min: 0, Avg:  0.0, Max: 0, Diff: 0, Sum: 0, Workers: 6
[32.706s][debug  ][gc,phases      ] GC(22)   StringTable Weak               Min:  0.0, Avg:  0.0, Max:  0.0, Diff:  0.0, Sum:  0.1, Workers: 6
[32.706s][debug  ][gc,phases      ] GC(22)     Dead                           Min: 0, Avg:  0.0, Max: 0, Diff: 0, Sum: 0, Workers: 6
[32.706s][debug  ][gc,phases      ] GC(22)     Total                          Min: 703, Avg: 892.5, Max: 1024, Diff: 321, Sum: 5355, Workers: 6
[32.706s][debug  ][gc,phases      ] GC(22)   ResolvedMethodTable Weak       Min:  0.0, Avg:  0.0, Max:  0.0, Diff:  0.0, Sum:  0.0, Workers: 6
[32.706s][debug  ][gc,phases      ] GC(22)     Dead                           Min: 0, Avg:  0.0, Max: 0, Diff: 0, Sum: 0, Workers: 6
[32.706s][debug  ][gc,phases      ] GC(22)     Total                          Min: 0, Avg: 21.7, Max: 64, Diff: 64, Sum: 130, Workers: 6
[32.706s][debug  ][gc,phases      ] GC(22)   JNI Weak                       Min:  0.0, Avg:  0.0, Max:  0.0, Diff:  0.0, Sum:  0.0, Workers: 6
[32.706s][debug  ][gc,phases      ] GC(22)     Dead                           Min: 0, Avg:  0.0, Max: 0, Diff: 0, Sum: 0, Workers: 6
[32.706s][debug  ][gc,phases      ] GC(22)     Total                          Min: 0, Avg:  0.0, Max: 0, Diff: 0, Sum: 0, Workers: 6
[32.706s][debug  ][gc,phases      ] GC(22)   StringDedup Table Weak         Min:  0.0, Avg:  0.0, Max:  0.0, Diff:  0.0, Sum:  0.0, Workers: 6
[32.706s][debug  ][gc,phases      ] GC(22)     Dead                           Min: 0, Avg:  0.0, Max: 0, Diff: 0, Sum: 0, Workers: 6
[32.706s][debug  ][gc,phases      ] GC(22)     Total                          Min: 0, Avg:  0.0, Max: 0, Diff: 0, Sum: 0, Workers: 6
[32.706s][debug  ][gc,phases      ] GC(22)   StringDedup Requests0 Weak     Min:  0.0, Avg:  0.0, Max:  0.0, Diff:  0.0, Sum:  0.0, Workers: 6
[32.706s][debug  ][gc,phases      ] GC(22)     Dead                           Min: 0, Avg:  0.0, Max: 0, Diff: 0, Sum: 0, Workers: 6
[32.706s][debug  ][gc,phases      ] GC(22)     Total                          Min: 0, Avg:  0.0, Max: 0, Diff: 0, Sum: 0, Workers: 6
[32.706s][debug  ][gc,phases      ] GC(22)   StringDedup Requests1 Weak     Min:  0.0, Avg:  0.0, Max:  0.0, Diff:  0.0, Sum:  0.0, Workers: 6
[32.706s][debug  ][gc,phases      ] GC(22)     Dead                           Min: 0, Avg:  0.0, Max: 0, Diff: 0, Sum: 0, Workers: 6
[32.706s][debug  ][gc,phases      ] GC(22)     Total                          Min: 0, Avg:  0.0, Max: 0, Diff: 0, Sum: 0, Workers: 6
[32.706s][debug  ][gc,phases      ] GC(22)   Weak JFR Old Object Samples    Min:  0.0, Avg:  0.0, Max:  0.0, Diff:  0.0, Sum:  0.0, Workers: 6
[32.706s][debug  ][gc,phases      ] GC(22)     Dead                           Min: 0, Avg:  0.0, Max: 0, Diff: 0, Sum: 0, Workers: 6
[32.706s][debug  ][gc,phases      ] GC(22)     Total                          Min: 0, Avg:  0.0, Max: 0, Diff: 0, Sum: 0, Workers: 6
[32.706s][debug  ][gc,phases      ] GC(22) Weak Processing 0.802ms
[32.706s][debug  ][gc,ergo        ] GC(22) AdaptiveSizeStart:  collection: 23 
[32.706s][debug  ][gc,ergo        ] GC(22) avg_survived_padded_avg: 38978344.000000
[32.706s][debug  ][gc,ergo        ] GC(22) avg_promoted_padded_avg: 82710400.000000  avg_pretenured_padded_avg: 0.000000  tenuring_thresh: 1  target_size: 39321600
[32.706s][debug  ][gc,age         ] GC(22) Desired survivor size 39321600 bytes, new threshold 1 (max threshold 15)
[32.706s][debug  ][gc,ergo        ] GC(22) PSAdaptiveSizePolicy::compute_eden_space_size: costs minor_time: 0.005916 major_cost: 0.000000 mutator_cost: 0.994084 throughput_goal: 0.990000
[32.706s][debug  ][gc,ergo        ] GC(22) Live_space: 286888288 free_space: 174063616
[32.706s][debug  ][gc,ergo        ] GC(22) Old eden_size: 73400320 desired_eden_size: 63963136
[32.706s][debug  ][gc,ergo        ] GC(22) AdaptiveSizeStop: collection: 23 
[32.706s][info   ][gc,heap        ] GC(22) PSYoungGen: 92398K(93696K)->32768K(95744K) Eden: 62702K(63488K)->0K(62464K) From: 29696K(30208K)->32768K(33280K)
[32.706s][info   ][gc,heap        ] GC(22) ParOldGen: 714435K(917504K)->714435K(917504K)
[32.706s][info   ][gc,metaspace   ] GC(22) Metaspace: 1023K(1216K)->1023K(1216K) NonClass: 939K(1024K)->939K(1024K) Class: 83K(192K)->83K(192K)
[32.707s][info   ][gc             ] GC(22) Pause Young (Allocation Failure) 787M->729M(989M) 5.593ms
[32.707s][info   ][gc,cpu         ] GC(22) User=0.09s Sys=0.00s Real=0.01s
[32.707s][debug  ][gc,heap        ] GC(22) Heap after GC invocations=23 (full 0):
[32.707s][debug  ][gc,heap        ] GC(22)  PSYoungGen      total 95744K, used 32768K [0x00000000f8000000, 0x0000000100000000, 0x0000000100000000)
[32.707s][debug  ][gc,heap        ] GC(22)   eden space 62464K, 0% used [0x00000000f8000000,0x00000000f8000000,0x00000000fbd00000)
[32.707s][debug  ][gc,heap        ] GC(22)   from space 33280K, 98% used [0x00000000fbe00000,0x00000000fde00200,0x00000000fde80000)
[32.707s][debug  ][gc,heap        ] GC(22)   to   space 34304K, 0% used [0x00000000fde80000,0x00000000fde80000,0x0000000100000000)
[32.707s][debug  ][gc,heap        ] GC(22)  ParOldGen       total 917504K, used 714435K [0x00000000c0000000, 0x00000000f8000000, 0x00000000f8000000)
[32.707s][debug  ][gc,heap        ] GC(22)   object space 917504K, 77% used [0x00000000c0000000,0x00000000eb9b0d28,0x00000000f8000000)
[32.707s][debug  ][gc,heap        ] GC(22)  Metaspace       used 1023K, committed 1216K, reserved 1056768K
[32.707s][debug  ][gc,heap        ] GC(22)   class space    used 83K, committed 192K, reserved 1048576K
[32.707s][debug  ][gc,task,time   ] GC(22) VM-Thread 327005124 327046854 327067981
[33.656s][debug  ][gc,heap        ] GC(23) Heap before GC invocations=24 (full 0):
[33.656s][debug  ][gc,heap        ] GC(23)  PSYoungGen      total 95744K, used 94427K [0x00000000f8000000, 0x0000000100000000, 0x0000000100000000)
[33.656s][debug  ][gc,heap        ] GC(23)   eden space 62464K, 98% used [0x00000000f8000000,0x00000000fbc36c10,0x00000000fbd00000)
[33.657s][debug  ][gc,heap        ] GC(23)   from space 33280K, 98% used [0x00000000fbe00000,0x00000000fde00200,0x00000000fde80000)
[33.657s][debug  ][gc,heap        ] GC(23)   to   space 34304K, 0% used [0x00000000fde80000,0x00000000fde80000,0x0000000100000000)
[33.657s][debug  ][gc,heap        ] GC(23)  ParOldGen       total 917504K, used 714435K [0x00000000c0000000, 0x00000000f8000000, 0x00000000f8000000)
[33.657s][debug  ][gc,heap        ] GC(23)   object space 917504K, 77% used [0x00000000c0000000,0x00000000eb9b0d28,0x00000000f8000000)
[33.657s][debug  ][gc,heap        ] GC(23)  Metaspace       used 1023K, committed 1216K, reserved 1056768K
[33.657s][debug  ][gc,heap        ] GC(23)   class space    used 83K, committed 192K, reserved 1048576K
[33.657s][debug  ][gc,tlab        ] GC(23) TLAB totals: thrds: 1  refills: 1 max: 1 slow allocs: 58 max 58 waste:  9.6% gc: 223312B max: 223312B slow: 0B max: 0B
[33.657s][info   ][gc,start       ] GC(23) Pause Young (Allocation Failure)
[33.657s][debug  ][gc,phases,start] GC(23) Scavenge
[33.670s][debug  ][gc,phases      ] GC(23) Scavenge 13.296ms
[33.670s][debug  ][gc,phases,start] GC(23) Reference Processing
[33.670s][debug  ][gc,ref         ] GC(23) Skipped phase 1 of Reference Processing: no references
[33.670s][debug  ][gc,ref         ] GC(23) Skipped phase 2 of Reference Processing: no references
[33.670s][debug  ][gc,ref         ] GC(23) Skipped phase 3 of Reference Processing: no references
[33.670s][debug  ][gc,ref         ] GC(23) Skipped phase 4 of Reference Processing: no references
[33.670s][debug  ][gc,phases,ref  ] GC(23) Reference Processing: 0.1ms
[33.670s][debug  ][gc,phases,ref  ] GC(23)   Reconsider SoftReferences: 0.0ms
[33.670s][debug  ][gc,phases,ref  ] GC(23)     SoftRef (ms):                  skipped
[33.670s][debug  ][gc,phases,ref  ] GC(23)   Notify Soft/WeakReferences: 0.0ms
[33.670s][debug  ][gc,phases,ref  ] GC(23)     SoftRef (ms):                  skipped
[33.670s][debug  ][gc,phases,ref  ] GC(23)     WeakRef (ms):                  skipped
[33.670s][debug  ][gc,phases,ref  ] GC(23)     FinalRef (ms):                 skipped
[33.671s][debug  ][gc,phases,ref  ] GC(23)     Total (ms):                    skipped
[33.671s][debug  ][gc,phases,ref  ] GC(23)   Notify and keep alive finalizable: 0.0ms
[33.671s][debug  ][gc,phases,ref  ] GC(23)     FinalRef (ms):                 skipped
[33.671s][debug  ][gc,phases,ref  ] GC(23)   Notify PhantomReferences: 0.0ms
[33.671s][debug  ][gc,phases,ref  ] GC(23)     PhantomRef (ms):               skipped
[33.671s][debug  ][gc,phases,ref  ] GC(23)   SoftReference:
[33.671s][debug  ][gc,phases,ref  ] GC(23)     Discovered: 0
[33.671s][debug  ][gc,phases,ref  ] GC(23)     Cleared: 0
[33.671s][debug  ][gc,phases,ref  ] GC(23)   WeakReference:
[33.671s][debug  ][gc,phases,ref  ] GC(23)     Discovered: 0
[33.671s][debug  ][gc,phases,ref  ] GC(23)     Cleared: 0
[33.671s][debug  ][gc,phases,ref  ] GC(23)   FinalReference:
[33.671s][debug  ][gc,phases,ref  ] GC(23)     Discovered: 0
[33.671s][debug  ][gc,phases,ref  ] GC(23)     Cleared: 0
[33.671s][debug  ][gc,phases,ref  ] GC(23)   PhantomReference:
[33.671s][debug  ][gc,phases,ref  ] GC(23)     Discovered: 0
[33.671s][debug  ][gc,phases,ref  ] GC(23)     Cleared: 0
[33.671s][debug  ][gc,phases      ] GC(23) Reference Processing 0.643ms
[33.671s][debug  ][gc,phases,start] GC(23) Weak Processing
[33.671s][debug  ][gc,phases      ] GC(23)   VM Weak                        Min:  0.0, Avg:  0.0, Max:  0.0, Diff:  0.0, Sum:  0.0, Workers: 6
[33.671s][debug  ][gc,phases      ] GC(23)     Dead                           Min: 0, Avg:  0.0, Max: 0, Diff: 0, Sum: 0, Workers: 6
[33.671s][debug  ][gc,phases      ] GC(23)     Total                          Min: 0, Avg:  1.3, Max: 8, Diff: 8, Sum: 8, Workers: 6
[33.671s][debug  ][gc,phases      ] GC(23)   ObjectSynchronizer Weak        Min:  0.0, Avg:  0.0, Max:  0.0, Diff:  0.0, Sum:  0.0, Workers: 6
[33.671s][debug  ][gc,phases      ] GC(23)     Dead                           Min: 0, Avg:  0.0, Max: 0, Diff: 0, Sum: 0, Workers: 6
[33.671s][debug  ][gc,phases      ] GC(23)     Total                          Min: 0, Avg:  0.5, Max: 3, Diff: 3, Sum: 3, Workers: 6
[33.671s][debug  ][gc,phases      ] GC(23)   JVMTI Tag Weak OopStorage      Min:  0.0, Avg:  0.0, Max:  0.0, Diff:  0.0, Sum:  0.0, Workers: 6
[33.671s][debug  ][gc,phases      ] GC(23)     Dead                           Min: 0, Avg:  0.0, Max: 0, Diff: 0, Sum: 0, Workers: 6
[33.671s][debug  ][gc,phases      ] GC(23)     Total                          Min: 0, Avg:  0.0, Max: 0, Diff: 0, Sum: 0, Workers: 6
[33.671s][debug  ][gc,phases      ] GC(23)   StringTable Weak               Min:  0.0, Avg:  0.0, Max:  0.0, Diff:  0.0, Sum:  0.1, Workers: 6
[33.671s][debug  ][gc,phases      ] GC(23)     Dead                           Min: 0, Avg:  0.0, Max: 0, Diff: 0, Sum: 0, Workers: 6
[33.671s][debug  ][gc,phases      ] GC(23)     Total                          Min: 747, Avg: 892.5, Max: 1152, Diff: 405, Sum: 5355, Workers: 6
[33.671s][debug  ][gc,phases      ] GC(23)   ResolvedMethodTable Weak       Min:  0.0, Avg:  0.0, Max:  0.0, Diff:  0.0, Sum:  0.0, Workers: 6
[33.671s][debug  ][gc,phases      ] GC(23)     Dead                           Min: 0, Avg:  0.0, Max: 0, Diff: 0, Sum: 0, Workers: 6
[33.671s][debug  ][gc,phases      ] GC(23)     Total                          Min: 0, Avg: 21.7, Max: 64, Diff: 64, Sum: 130, Workers: 6
[33.671s][debug  ][gc,phases      ] GC(23)   JNI Weak                       Min:  0.0, Avg:  0.0, Max:  0.0, Diff:  0.0, Sum:  0.0, Workers: 6
[33.671s][debug  ][gc,phases      ] GC(23)     Dead                           Min: 0, Avg:  0.0, Max: 0, Diff: 0, Sum: 0, Workers: 6
[33.671s][debug  ][gc,phases      ] GC(23)     Total                          Min: 0, Avg:  0.0, Max: 0, Diff: 0, Sum: 0, Workers: 6
[33.671s][debug  ][gc,phases      ] GC(23)   StringDedup Table Weak         Min:  0.0, Avg:  0.0, Max:  0.0, Diff:  0.0, Sum:  0.0, Workers: 6
[33.671s][debug  ][gc,phases      ] GC(23)     Dead                           Min: 0, Avg:  0.0, Max: 0, Diff: 0, Sum: 0, Workers: 6
[33.671s][debug  ][gc,phases      ] GC(23)     Total                          Min: 0, Avg:  0.0, Max: 0, Diff: 0, Sum: 0, Workers: 6
[33.671s][debug  ][gc,phases      ] GC(23)   StringDedup Requests0 Weak     Min:  0.0, Avg:  0.0, Max:  0.0, Diff:  0.0, Sum:  0.0, Workers: 6
[33.671s][debug  ][gc,phases      ] GC(23)     Dead                           Min: 0, Avg:  0.0, Max: 0, Diff: 0, Sum: 0, Workers: 6
[33.671s][debug  ][gc,phases      ] GC(23)     Total                          Min: 0, Avg:  0.0, Max: 0, Diff: 0, Sum: 0, Workers: 6
[33.671s][debug  ][gc,phases      ] GC(23)   StringDedup Requests1 Weak     Min:  0.0, Avg:  0.0, Max:  0.0, Diff:  0.0, Sum:  0.0, Workers: 6
[33.672s][debug  ][gc,phases      ] GC(23)     Dead                           Min: 0, Avg:  0.0, Max: 0, Diff: 0, Sum: 0, Workers: 6
[33.672s][debug  ][gc,phases      ] GC(23)     Total                          Min: 0, Avg:  0.0, Max: 0, Diff: 0, Sum: 0, Workers: 6
[33.672s][debug  ][gc,phases      ] GC(23)   Weak JFR Old Object Samples    Min:  0.0, Avg:  0.0, Max:  0.0, Diff:  0.0, Sum:  0.0, Workers: 6
[33.672s][debug  ][gc,phases      ] GC(23)     Dead                           Min: 0, Avg:  0.0, Max: 0, Diff: 0, Sum: 0, Workers: 6
[33.672s][debug  ][gc,phases      ] GC(23)     Total                          Min: 0, Avg:  0.0, Max: 0, Diff: 0, Sum: 0, Workers: 6
[33.672s][debug  ][gc,phases      ] GC(23) Weak Processing 0.732ms
[33.672s][debug  ][gc,ergo        ] GC(23) AdaptiveSizeStart:  collection: 24 
[33.672s][debug  ][gc,ergo        ] GC(23) avg_survived_padded_avg: 42901560.000000
[33.672s][debug  ][gc,ergo        ] GC(23) avg_promoted_padded_avg: 90116624.000000  avg_pretenured_padded_avg: 0.000000  tenuring_thresh: 1  target_size: 42991616
[33.672s][debug  ][gc,age         ] GC(23) Desired survivor size 42991616 bytes, new threshold 1 (max threshold 15)
[33.672s][debug  ][gc,ergo        ] GC(23) PSAdaptiveSizePolicy::compute_eden_space_size: costs minor_time: 0.008272 major_cost: 0.000000 mutator_cost: 0.991728 throughput_goal: 0.990000
[33.672s][debug  ][gc,ergo        ] GC(23) Live_space: 288503360 free_space: 164626432
[33.672s][debug  ][gc,ergo        ] GC(23) Old eden_size: 63963136 desired_eden_size: 62914560
[33.672s][debug  ][gc,ergo        ] GC(23) AdaptiveSizeStop: collection: 24 
[33.672s][info   ][gc,heap        ] GC(23) PSYoungGen: 94427K(95744K)->33792K(81408K) Eden: 61659K(62464K)->0K(47104K) From: 32768K(33280K)->33792K(34304K)
[33.672s][info   ][gc,heap        ] GC(23) ParOldGen: 714435K(917504K)->774852K(917504K)
[33.672s][info   ][gc,metaspace   ] GC(23) Metaspace: 1023K(1216K)->1023K(1216K) NonClass: 939K(1024K)->939K(1024K) Class: 83K(192K)->83K(192K)
[33.672s][info   ][gc             ] GC(23) Pause Young (Allocation Failure) 789M->789M(975M) 15.116ms
[33.672s][info   ][gc,cpu         ] GC(23) User=0.16s Sys=0.00s Real=0.01s
[33.672s][debug  ][gc,heap        ] GC(23) Heap after GC invocations=24 (full 0):
[33.672s][debug  ][gc,heap        ] GC(23)  PSYoungGen      total 81408K, used 33792K [0x00000000f8000000, 0x0000000100000000, 0x0000000100000000)
[33.672s][debug  ][gc,heap        ] GC(23)   eden space 47104K, 0% used [0x00000000f8000000,0x00000000f8000000,0x00000000fae00000)
[33.672s][debug  ][gc,heap        ] GC(23)   from space 34304K, 98% used [0x00000000fde80000,0x00000000fff80210,0x0000000100000000)
[33.672s][debug  ][gc,heap        ] GC(23)   to   space 41984K, 0% used [0x00000000fae00000,0x00000000fae00000,0x00000000fd700000)
[33.672s][debug  ][gc,heap        ] GC(23)  ParOldGen       total 917504K, used 774852K [0x00000000c0000000, 0x00000000f8000000, 0x00000000f8000000)
[33.672s][debug  ][gc,heap        ] GC(23)   object space 917504K, 84% used [0x00000000c0000000,0x00000000ef4b10d8,0x00000000f8000000)
[33.672s][debug  ][gc,heap        ] GC(23)  Metaspace       used 1023K, committed 1216K, reserved 1056768K
[33.672s][debug  ][gc,heap        ] GC(23)   class space    used 83K, committed 192K, reserved 1048576K
[33.672s][debug  ][gc,task,time   ] GC(23) VM-Thread 336563605 336702024 336721353
[34.384s][debug  ][gc,heap        ] GC(24) Heap before GC invocations=25 (full 0):
[34.384s][debug  ][gc,heap        ] GC(24)  PSYoungGen      total 81408K, used 80810K [0x00000000f8000000, 0x0000000100000000, 0x0000000100000000)
[34.384s][debug  ][gc,heap        ] GC(24)   eden space 47104K, 99% used [0x00000000f8000000,0x00000000fadea868,0x00000000fae00000)
[34.384s][debug  ][gc,heap        ] GC(24)   from space 34304K, 98% used [0x00000000fde80000,0x00000000fff80210,0x0000000100000000)
[34.384s][debug  ][gc,heap        ] GC(24)   to   space 41984K, 0% used [0x00000000fae00000,0x00000000fae00000,0x00000000fd700000)
[34.384s][debug  ][gc,heap        ] GC(24)  ParOldGen       total 917504K, used 774852K [0x00000000c0000000, 0x00000000f8000000, 0x00000000f8000000)
[34.384s][debug  ][gc,heap        ] GC(24)   object space 917504K, 84% used [0x00000000c0000000,0x00000000ef4b10d8,0x00000000f8000000)
[34.384s][debug  ][gc,heap        ] GC(24)  Metaspace       used 1023K, committed 1216K, reserved 1056768K
[34.384s][debug  ][gc,heap        ] GC(24)   class space    used 83K, committed 192K, reserved 1048576K
[34.384s][debug  ][gc,tlab        ] GC(24) TLAB totals: thrds: 1  refills: 1 max: 1 slow allocs: 44 max 44 waste: 47.7% gc: 958832B max: 958832B slow: 0B max: 0B
[34.384s][info   ][gc,start       ] GC(24) Pause Young (Allocation Failure)
[34.384s][debug  ][gc,phases,start] GC(24) Scavenge
[34.389s][debug  ][gc,phases      ] GC(24) Scavenge 4.291ms
[34.389s][debug  ][gc,phases,start] GC(24) Reference Processing
[34.389s][debug  ][gc,ref         ] GC(24) Skipped phase 1 of Reference Processing: no references
[34.389s][debug  ][gc,ref         ] GC(24) Skipped phase 2 of Reference Processing: no references
[34.389s][debug  ][gc,ref         ] GC(24) Skipped phase 3 of Reference Processing: no references
[34.389s][debug  ][gc,ref         ] GC(24) Skipped phase 4 of Reference Processing: no references
[34.389s][debug  ][gc,phases,ref  ] GC(24) Reference Processing: 0.1ms
[34.389s][debug  ][gc,phases,ref  ] GC(24)   Reconsider SoftReferences: 0.0ms
[34.389s][debug  ][gc,phases,ref  ] GC(24)     SoftRef (ms):                  skipped
[34.389s][debug  ][gc,phases,ref  ] GC(24)   Notify Soft/WeakReferences: 0.0ms
[34.389s][debug  ][gc,phases,ref  ] GC(24)     SoftRef (ms):                  skipped
[34.389s][debug  ][gc,phases,ref  ] GC(24)     WeakRef (ms):                  skipped
[34.389s][debug  ][gc,phases,ref  ] GC(24)     FinalRef (ms):                 skipped
[34.389s][debug  ][gc,phases,ref  ] GC(24)     Total (ms):                    skipped
[34.389s][debug  ][gc,phases,ref  ] GC(24)   Notify and keep alive finalizable: 0.0ms
[34.389s][debug  ][gc,phases,ref  ] GC(24)     FinalRef (ms):                 skipped
[34.389s][debug  ][gc,phases,ref  ] GC(24)   Notify PhantomReferences: 0.0ms
[34.389s][debug  ][gc,phases,ref  ] GC(24)     PhantomRef (ms):               skipped
[34.389s][debug  ][gc,phases,ref  ] GC(24)   SoftReference:
[34.389s][debug  ][gc,phases,ref  ] GC(24)     Discovered: 0
[34.389s][debug  ][gc,phases,ref  ] GC(24)     Cleared: 0
[34.389s][debug  ][gc,phases,ref  ] GC(24)   WeakReference:
[34.389s][debug  ][gc,phases,ref  ] GC(24)     Discovered: 0
[34.389s][debug  ][gc,phases,ref  ] GC(24)     Cleared: 0
[34.389s][debug  ][gc,phases,ref  ] GC(24)   FinalReference:
[34.389s][debug  ][gc,phases,ref  ] GC(24)     Discovered: 0
[34.389s][debug  ][gc,phases,ref  ] GC(24)     Cleared: 0
[34.389s][debug  ][gc,phases,ref  ] GC(24)   PhantomReference:
[34.389s][debug  ][gc,phases,ref  ] GC(24)     Discovered: 0
[34.389s][debug  ][gc,phases,ref  ] GC(24)     Cleared: 0
[34.389s][debug  ][gc,phases      ] GC(24) Reference Processing 0.741ms
[34.389s][debug  ][gc,phases,start] GC(24) Weak Processing
[34.389s][debug  ][gc,phases      ] GC(24)   VM Weak                        Min:  0.0, Avg:  0.0, Max:  0.0, Diff:  0.0, Sum:  0.0, Workers: 6
[34.389s][debug  ][gc,phases      ] GC(24)     Dead                           Min: 0, Avg:  0.0, Max: 0, Diff: 0, Sum: 0, Workers: 6
[34.389s][debug  ][gc,phases      ] GC(24)     Total                          Min: 0, Avg:  1.3, Max: 8, Diff: 8, Sum: 8, Workers: 6
[34.390s][debug  ][gc,phases      ] GC(24)   ObjectSynchronizer Weak        Min:  0.0, Avg:  0.0, Max:  0.0, Diff:  0.0, Sum:  0.0, Workers: 6
[34.390s][debug  ][gc,phases      ] GC(24)     Dead                           Min: 0, Avg:  0.0, Max: 0, Diff: 0, Sum: 0, Workers: 6
[34.390s][debug  ][gc,phases      ] GC(24)     Total                          Min: 0, Avg:  0.5, Max: 3, Diff: 3, Sum: 3, Workers: 6
[34.390s][debug  ][gc,phases      ] GC(24)   JVMTI Tag Weak OopStorage      Min:  0.0, Avg:  0.0, Max:  0.0, Diff:  0.0, Sum:  0.0, Workers: 6
[34.390s][debug  ][gc,phases      ] GC(24)     Dead                           Min: 0, Avg:  0.0, Max: 0, Diff: 0, Sum: 0, Workers: 6
[34.390s][debug  ][gc,phases      ] GC(24)     Total                          Min: 0, Avg:  0.0, Max: 0, Diff: 0, Sum: 0, Workers: 6
[34.390s][debug  ][gc,phases      ] GC(24)   StringTable Weak               Min:  0.0, Avg:  0.0, Max:  0.0, Diff:  0.0, Sum:  0.0, Workers: 6
[34.390s][debug  ][gc,phases      ] GC(24)     Dead                           Min: 0, Avg:  0.0, Max: 0, Diff: 0, Sum: 0, Workers: 6
[34.390s][debug  ][gc,phases      ] GC(24)     Total                          Min: 684, Avg: 892.5, Max: 1088, Diff: 404, Sum: 5355, Workers: 6
[34.390s][debug  ][gc,phases      ] GC(24)   ResolvedMethodTable Weak       Min:  0.0, Avg:  0.0, Max:  0.0, Diff:  0.0, Sum:  0.0, Workers: 6
[34.390s][debug  ][gc,phases      ] GC(24)     Dead                           Min: 0, Avg:  0.0, Max: 0, Diff: 0, Sum: 0, Workers: 6
[34.390s][debug  ][gc,phases      ] GC(24)     Total                          Min: 0, Avg: 21.7, Max: 64, Diff: 64, Sum: 130, Workers: 6
[34.390s][debug  ][gc,phases      ] GC(24)   JNI Weak                       Min:  0.0, Avg:  0.0, Max:  0.0, Diff:  0.0, Sum:  0.0, Workers: 6
[34.390s][debug  ][gc,phases      ] GC(24)     Dead                           Min: 0, Avg:  0.0, Max: 0, Diff: 0, Sum: 0, Workers: 6
[34.390s][debug  ][gc,phases      ] GC(24)     Total                          Min: 0, Avg:  0.0, Max: 0, Diff: 0, Sum: 0, Workers: 6
[34.390s][debug  ][gc,phases      ] GC(24)   StringDedup Table Weak         Min:  0.0, Avg:  0.0, Max:  0.0, Diff:  0.0, Sum:  0.0, Workers: 6
[34.390s][debug  ][gc,phases      ] GC(24)     Dead                           Min: 0, Avg:  0.0, Max: 0, Diff: 0, Sum: 0, Workers: 6
[34.390s][debug  ][gc,phases      ] GC(24)     Total                          Min: 0, Avg:  0.0, Max: 0, Diff: 0, Sum: 0, Workers: 6
[34.390s][debug  ][gc,phases      ] GC(24)   StringDedup Requests0 Weak     Min:  0.0, Avg:  0.0, Max:  0.0, Diff:  0.0, Sum:  0.0, Workers: 6
[34.390s][debug  ][gc,phases      ] GC(24)     Dead                           Min: 0, Avg:  0.0, Max: 0, Diff: 0, Sum: 0, Workers: 6
[34.390s][debug  ][gc,phases      ] GC(24)     Total                          Min: 0, Avg:  0.0, Max: 0, Diff: 0, Sum: 0, Workers: 6
[34.390s][debug  ][gc,phases      ] GC(24)   StringDedup Requests1 Weak     Min:  0.0, Avg:  0.0, Max:  0.0, Diff:  0.0, Sum:  0.0, Workers: 6
[34.390s][debug  ][gc,phases      ] GC(24)     Dead                           Min: 0, Avg:  0.0, Max: 0, Diff: 0, Sum: 0, Workers: 6
[34.390s][debug  ][gc,phases      ] GC(24)     Total                          Min: 0, Avg:  0.0, Max: 0, Diff: 0, Sum: 0, Workers: 6
[34.390s][debug  ][gc,phases      ] GC(24)   Weak JFR Old Object Samples    Min:  0.0, Avg:  0.0, Max:  0.0, Diff:  0.0, Sum:  0.0, Workers: 6
[34.390s][debug  ][gc,phases      ] GC(24)     Dead                           Min: 0, Avg:  0.0, Max: 0, Diff: 0, Sum: 0, Workers: 6
[34.390s][debug  ][gc,phases      ] GC(24)     Total                          Min: 0, Avg:  0.0, Max: 0, Diff: 0, Sum: 0, Workers: 6
[34.390s][debug  ][gc,phases      ] GC(24) Weak Processing 0.797ms
[34.390s][debug  ][gc,ergo        ] GC(24) AdaptiveSizeStart:  collection: 25 
[34.390s][debug  ][gc,ergo        ] GC(24) avg_survived_padded_avg: 47548292.000000
[34.390s][debug  ][gc,ergo        ] GC(24) avg_promoted_padded_avg: 87093456.000000  avg_pretenured_padded_avg: 0.000000  tenuring_thresh: 1  target_size: 44564480
[34.390s][debug  ][gc,age         ] GC(24) Desired survivor size 44564480 bytes, new threshold 1 (max threshold 15)
[34.390s][debug  ][gc,ergo        ] GC(24) PSAdaptiveSizePolicy::compute_eden_space_size: costs minor_time: 0.008282 major_cost: 0.000000 mutator_cost: 0.991718 throughput_goal: 0.990000
[34.390s][debug  ][gc,ergo        ] GC(24) Live_space: 290376352 free_space: 163577856
[34.390s][debug  ][gc,ergo        ] GC(24) Old eden_size: 62914560 desired_eden_size: 47710208
[34.390s][debug  ][gc,ergo        ] GC(24) AdaptiveSizeStop: collection: 25 
[34.390s][info   ][gc,heap        ] GC(24) PSYoungGen: 80810K(81408K)->37888K(84992K) Eden: 47018K(47104K)->0K(46592K) From: 33792K(34304K)->37888K(38400K)
[34.390s][info   ][gc,heap        ] GC(24) ParOldGen: 774852K(917504K)->774852K(917504K)
[34.390s][info   ][gc,metaspace   ] GC(24) Metaspace: 1023K(1216K)->1023K(1216K) NonClass: 939K(1024K)->939K(1024K) Class: 83K(192K)->83K(192K)
[34.390s][info   ][gc             ] GC(24) Pause Young (Allocation Failure) 835M->793M(979M) 6.313ms
[34.391s][info   ][gc,cpu         ] GC(24) User=0.00s Sys=0.00s Real=0.01s
[34.391s][debug  ][gc,heap        ] GC(24) Heap after GC invocations=25 (full 0):
[34.391s][debug  ][gc,heap        ] GC(24)  PSYoungGen      total 84992K, used 37888K [0x00000000f8000000, 0x0000000100000000, 0x0000000100000000)
[34.391s][debug  ][gc,heap        ] GC(24)   eden space 46592K, 0% used [0x00000000f8000000,0x00000000f8000000,0x00000000fad80000)
[34.391s][debug  ][gc,heap        ] GC(24)   from space 38400K, 98% used [0x00000000fae00000,0x00000000fd300250,0x00000000fd380000)
[34.391s][debug  ][gc,heap        ] GC(24)   to   space 43520K, 0% used [0x00000000fd580000,0x00000000fd580000,0x0000000100000000)
[34.391s][debug  ][gc,heap        ] GC(24)  ParOldGen       total 917504K, used 774852K [0x00000000c0000000, 0x00000000f8000000, 0x00000000f8000000)
[34.391s][debug  ][gc,heap        ] GC(24)   object space 917504K, 84% used [0x00000000c0000000,0x00000000ef4b10d8,0x00000000f8000000)
[34.391s][debug  ][gc,heap        ] GC(24)  Metaspace       used 1023K, committed 1216K, reserved 1056768K
[34.391s][debug  ][gc,heap        ] GC(24)   class space    used 83K, committed 192K, reserved 1048576K
[34.391s][debug  ][gc,task,time   ] GC(24) VM-Thread 343837186 343885967 343907567
[35.095s][debug  ][gc,heap        ] GC(25) Heap before GC invocations=26 (full 0):
[35.095s][debug  ][gc,heap        ] GC(25)  PSYoungGen      total 84992K, used 83874K [0x00000000f8000000, 0x0000000100000000, 0x0000000100000000)
[35.095s][debug  ][gc,heap        ] GC(25)   eden space 46592K, 98% used [0x00000000f8000000,0x00000000face8610,0x00000000fad80000)
[35.095s][debug  ][gc,heap        ] GC(25)   from space 38400K, 98% used [0x00000000fae00000,0x00000000fd300250,0x00000000fd380000)
[35.095s][debug  ][gc,heap        ] GC(25)   to   space 43520K, 0% used [0x00000000fd580000,0x00000000fd580000,0x0000000100000000)
[35.095s][debug  ][gc,heap        ] GC(25)  ParOldGen       total 917504K, used 774852K [0x00000000c0000000, 0x00000000f8000000, 0x00000000f8000000)
[35.095s][debug  ][gc,heap        ] GC(25)   object space 917504K, 84% used [0x00000000c0000000,0x00000000ef4b10d8,0x00000000f8000000)
[35.095s][debug  ][gc,heap        ] GC(25)  Metaspace       used 1023K, committed 1216K, reserved 1056768K
[35.095s][debug  ][gc,heap        ] GC(25)   class space    used 83K, committed 192K, reserved 1048576K
[35.095s][debug  ][gc,tlab        ] GC(25) TLAB totals: thrds: 1  refills: 1 max: 1 slow allocs: 43 max 43 waste: 47.6% gc: 951120B max: 951120B slow: 0B max: 0B
[35.095s][info   ][gc,start       ] GC(25) Pause Young (Allocation Failure)
[35.095s][debug  ][gc,phases,start] GC(25) Scavenge
[35.105s][debug  ][gc,phases      ] GC(25) Scavenge 10.181ms
[35.105s][debug  ][gc,phases,start] GC(25) Reference Processing
[35.105s][debug  ][gc,ref         ] GC(25) Skipped phase 1 of Reference Processing: no references
[35.105s][debug  ][gc,ref         ] GC(25) Skipped phase 2 of Reference Processing: no references
[35.105s][debug  ][gc,ref         ] GC(25) Skipped phase 3 of Reference Processing: no references
[35.106s][debug  ][gc,ref         ] GC(25) Skipped phase 4 of Reference Processing: no references
[35.106s][debug  ][gc,phases,ref  ] GC(25) Reference Processing: 0.1ms
[35.106s][debug  ][gc,phases,ref  ] GC(25)   Reconsider SoftReferences: 0.0ms
[35.106s][debug  ][gc,phases,ref  ] GC(25)     SoftRef (ms):                  skipped
[35.106s][debug  ][gc,phases,ref  ] GC(25)   Notify Soft/WeakReferences: 0.0ms
[35.106s][debug  ][gc,phases,ref  ] GC(25)     SoftRef (ms):                  skipped
[35.106s][debug  ][gc,phases,ref  ] GC(25)     WeakRef (ms):                  skipped
[35.106s][debug  ][gc,phases,ref  ] GC(25)     FinalRef (ms):                 skipped
[35.106s][debug  ][gc,phases,ref  ] GC(25)     Total (ms):                    skipped
[35.106s][debug  ][gc,phases,ref  ] GC(25)   Notify and keep alive finalizable: 0.0ms
[35.106s][debug  ][gc,phases,ref  ] GC(25)     FinalRef (ms):                 skipped
[35.106s][debug  ][gc,phases,ref  ] GC(25)   Notify PhantomReferences: 0.0ms
[35.106s][debug  ][gc,phases,ref  ] GC(25)     PhantomRef (ms):               skipped
[35.106s][debug  ][gc,phases,ref  ] GC(25)   SoftReference:
[35.106s][debug  ][gc,phases,ref  ] GC(25)     Discovered: 0
[35.106s][debug  ][gc,phases,ref  ] GC(25)     Cleared: 0
[35.106s][debug  ][gc,phases,ref  ] GC(25)   WeakReference:
[35.106s][debug  ][gc,phases,ref  ] GC(25)     Discovered: 0
[35.106s][debug  ][gc,phases,ref  ] GC(25)     Cleared: 0
[35.106s][debug  ][gc,phases,ref  ] GC(25)   FinalReference:
[35.106s][debug  ][gc,phases,ref  ] GC(25)     Discovered: 0
[35.106s][debug  ][gc,phases,ref  ] GC(25)     Cleared: 0
[35.106s][debug  ][gc,phases,ref  ] GC(25)   PhantomReference:
[35.106s][debug  ][gc,phases,ref  ] GC(25)     Discovered: 0
[35.106s][debug  ][gc,phases,ref  ] GC(25)     Cleared: 0
[35.106s][debug  ][gc,phases      ] GC(25) Reference Processing 0.675ms
[35.106s][debug  ][gc,phases,start] GC(25) Weak Processing
[35.106s][debug  ][gc,phases      ] GC(25)   VM Weak                        Min:  0.0, Avg:  0.0, Max:  0.0, Diff:  0.0, Sum:  0.0, Workers: 6
[35.106s][debug  ][gc,phases      ] GC(25)     Dead                           Min: 0, Avg:  0.0, Max: 0, Diff: 0, Sum: 0, Workers: 6
[35.106s][debug  ][gc,phases      ] GC(25)     Total                          Min: 0, Avg:  1.3, Max: 8, Diff: 8, Sum: 8, Workers: 6
[35.106s][debug  ][gc,phases      ] GC(25)   ObjectSynchronizer Weak        Min:  0.0, Avg:  0.0, Max:  0.0, Diff:  0.0, Sum:  0.0, Workers: 6
[35.106s][debug  ][gc,phases      ] GC(25)     Dead                           Min: 0, Avg:  0.0, Max: 0, Diff: 0, Sum: 0, Workers: 6
[35.106s][debug  ][gc,phases      ] GC(25)     Total                          Min: 0, Avg:  0.5, Max: 3, Diff: 3, Sum: 3, Workers: 6
[35.106s][debug  ][gc,phases      ] GC(25)   JVMTI Tag Weak OopStorage      Min:  0.0, Avg:  0.0, Max:  0.0, Diff:  0.0, Sum:  0.0, Workers: 6
[35.106s][debug  ][gc,phases      ] GC(25)     Dead                           Min: 0, Avg:  0.0, Max: 0, Diff: 0, Sum: 0, Workers: 6
[35.106s][debug  ][gc,phases      ] GC(25)     Total                          Min: 0, Avg:  0.0, Max: 0, Diff: 0, Sum: 0, Workers: 6
[35.106s][debug  ][gc,phases      ] GC(25)   StringTable Weak               Min:  0.0, Avg:  0.0, Max:  0.0, Diff:  0.0, Sum:  0.1, Workers: 6
[35.106s][debug  ][gc,phases      ] GC(25)     Dead                           Min: 0, Avg:  0.0, Max: 0, Diff: 0, Sum: 0, Workers: 6
[35.106s][debug  ][gc,phases      ] GC(25)     Total                          Min: 748, Avg: 892.5, Max: 1088, Diff: 340, Sum: 5355, Workers: 6
[35.106s][debug  ][gc,phases      ] GC(25)   ResolvedMethodTable Weak       Min:  0.0, Avg:  0.0, Max:  0.0, Diff:  0.0, Sum:  0.0, Workers: 6
[35.107s][debug  ][gc,phases      ] GC(25)     Dead                           Min: 0, Avg:  0.0, Max: 0, Diff: 0, Sum: 0, Workers: 6
[35.107s][debug  ][gc,phases      ] GC(25)     Total                          Min: 0, Avg: 21.7, Max: 64, Diff: 64, Sum: 130, Workers: 6
[35.107s][debug  ][gc,phases      ] GC(25)   JNI Weak                       Min:  0.0, Avg:  0.0, Max:  0.0, Diff:  0.0, Sum:  0.0, Workers: 6
[35.107s][debug  ][gc,phases      ] GC(25)     Dead                           Min: 0, Avg:  0.0, Max: 0, Diff: 0, Sum: 0, Workers: 6
[35.107s][debug  ][gc,phases      ] GC(25)     Total                          Min: 0, Avg:  0.0, Max: 0, Diff: 0, Sum: 0, Workers: 6
[35.107s][debug  ][gc,phases      ] GC(25)   StringDedup Table Weak         Min:  0.0, Avg:  0.0, Max:  0.0, Diff:  0.0, Sum:  0.0, Workers: 6
[35.107s][debug  ][gc,phases      ] GC(25)     Dead                           Min: 0, Avg:  0.0, Max: 0, Diff: 0, Sum: 0, Workers: 6
[35.107s][debug  ][gc,phases      ] GC(25)     Total                          Min: 0, Avg:  0.0, Max: 0, Diff: 0, Sum: 0, Workers: 6
[35.107s][debug  ][gc,phases      ] GC(25)   StringDedup Requests0 Weak     Min:  0.0, Avg:  0.0, Max:  0.0, Diff:  0.0, Sum:  0.0, Workers: 6
[35.107s][debug  ][gc,phases      ] GC(25)     Dead                           Min: 0, Avg:  0.0, Max: 0, Diff: 0, Sum: 0, Workers: 6
[35.107s][debug  ][gc,phases      ] GC(25)     Total                          Min: 0, Avg:  0.0, Max: 0, Diff: 0, Sum: 0, Workers: 6
[35.107s][debug  ][gc,phases      ] GC(25)   StringDedup Requests1 Weak     Min:  0.0, Avg:  0.0, Max:  0.0, Diff:  0.0, Sum:  0.0, Workers: 6
[35.107s][debug  ][gc,phases      ] GC(25)     Dead                           Min: 0, Avg:  0.0, Max: 0, Diff: 0, Sum: 0, Workers: 6
[35.107s][debug  ][gc,phases      ] GC(25)     Total                          Min: 0, Avg:  0.0, Max: 0, Diff: 0, Sum: 0, Workers: 6
[35.107s][debug  ][gc,phases      ] GC(25)   Weak JFR Old Object Samples    Min:  0.0, Avg:  0.0, Max:  0.0, Diff:  0.0, Sum:  0.0, Workers: 6
[35.107s][debug  ][gc,phases      ] GC(25)     Dead                           Min: 0, Avg:  0.0, Max: 0, Diff: 0, Sum: 0, Workers: 6
[35.107s][debug  ][gc,phases      ] GC(25)     Total                          Min: 0, Avg:  0.0, Max: 0, Diff: 0, Sum: 0, Workers: 6
[35.107s][debug  ][gc,phases      ] GC(25) Weak Processing 0.825ms
[35.107s][debug  ][gc,ergo        ] GC(25) AdaptiveSizeStart:  collection: 26 
[35.107s][debug  ][gc,ergo        ] GC(25) avg_survived_padded_avg: 53164540.000000
[35.107s][debug  ][gc,ergo        ] GC(25) avg_promoted_padded_avg: 86169000.000000  avg_pretenured_padded_avg: 0.000000  tenuring_thresh: 1  target_size: 44564480
[35.107s][debug  ][gc,age         ] GC(25) Desired survivor size 44564480 bytes, new threshold 1 (max threshold 15)
[35.107s][debug  ][gc,ergo        ] GC(25) PSAdaptiveSizePolicy::compute_eden_space_size limits: desired_eden_size: 62390272 old_eden_size: 47710208 eden_limit: 50331648 cur_eden: 47710208 max_eden_size: 50331648 avg_young_live: 24150892
[35.107s][debug  ][gc,ergo        ] GC(25) PSAdaptiveSizePolicy::compute_eden_space_size: costs minor_time: 0.010332 major_cost: 0.000000 mutator_cost: 0.989668 throughput_goal: 0.990000
[35.107s][debug  ][gc,ergo        ] GC(25) Live_space: 292586336 free_space: 148373504
[35.107s][debug  ][gc,ergo        ] GC(25) Old eden_size: 47710208 desired_eden_size: 50331648
[35.107s][debug  ][gc,ergo        ] GC(25) AdaptiveSizeStop: collection: 26 
[35.107s][info   ][gc,heap        ] GC(25) PSYoungGen: 83874K(84992K)->43008K(87552K) Eden: 45985K(46592K)->0K(44032K) From: 37888K(38400K)->43008K(43520K)
[35.107s][info   ][gc,heap        ] GC(25) ParOldGen: 774852K(917504K)->814788K(917504K)
[35.107s][info   ][gc,metaspace   ] GC(25) Metaspace: 1023K(1216K)->1023K(1216K) NonClass: 939K(1024K)->939K(1024K) Class: 83K(192K)->83K(192K)
[35.107s][info   ][gc             ] GC(25) Pause Young (Allocation Failure) 838M->837M(981M) 12.247ms
[35.107s][info   ][gc,cpu         ] GC(25) User=0.00s Sys=0.00s Real=0.01s
[35.107s][debug  ][gc,heap        ] GC(25) Heap after GC invocations=26 (full 0):
[35.107s][debug  ][gc,heap        ] GC(25)  PSYoungGen      total 87552K, used 43008K [0x00000000f8000000, 0x0000000100000000, 0x0000000100000000)
[35.107s][debug  ][gc,heap        ] GC(25)   eden space 44032K, 0% used [0x00000000f8000000,0x00000000f8000000,0x00000000fab00000)
[35.108s][debug  ][gc,heap        ] GC(25)   from space 43520K, 98% used [0x00000000fd580000,0x00000000fff802a0,0x0000000100000000)
[35.108s][debug  ][gc,heap        ] GC(25)   to   space 43520K, 0% used [0x00000000fab00000,0x00000000fab00000,0x00000000fd580000)
[35.108s][debug  ][gc,heap        ] GC(25)  ParOldGen       total 917504K, used 814788K [0x00000000c0000000, 0x00000000f8000000, 0x00000000f8000000)
[35.108s][debug  ][gc,heap        ] GC(25)   object space 917504K, 88% used [0x00000000c0000000,0x00000000f1bb1348,0x00000000f8000000)
[35.108s][debug  ][gc,heap        ] GC(25)  Metaspace       used 1023K, committed 1216K, reserved 1056768K
[35.108s][debug  ][gc,heap        ] GC(25)   class space    used 83K, committed 192K, reserved 1048576K
[35.108s][debug  ][gc,task,time   ] GC(25) VM-Thread 350946653 351053991 351076648
[35.774s][debug  ][gc,heap        ] GC(26) Heap before GC invocations=27 (full 0):
[35.774s][debug  ][gc,heap        ] GC(26)  PSYoungGen      total 87552K, used 86889K [0x00000000f8000000, 0x0000000100000000, 0x0000000100000000)
[35.775s][debug  ][gc,heap        ] GC(26)   eden space 44032K, 99% used [0x00000000f8000000,0x00000000faada4e8,0x00000000fab00000)
[35.775s][debug  ][gc,heap        ] GC(26)   from space 43520K, 98% used [0x00000000fd580000,0x00000000fff802a0,0x0000000100000000)
[35.775s][debug  ][gc,heap        ] GC(26)   to   space 43520K, 0% used [0x00000000fab00000,0x00000000fab00000,0x00000000fd580000)
[35.775s][debug  ][gc,heap        ] GC(26)  ParOldGen       total 917504K, used 814788K [0x00000000c0000000, 0x00000000f8000000, 0x00000000f8000000)
[35.775s][debug  ][gc,heap        ] GC(26)   object space 917504K, 88% used [0x00000000c0000000,0x00000000f1bb1348,0x00000000f8000000)
[35.775s][debug  ][gc,heap        ] GC(26)  Metaspace       used 1023K, committed 1216K, reserved 1056768K
[35.775s][debug  ][gc,heap        ] GC(26)   class space    used 83K, committed 192K, reserved 1048576K
[35.775s][debug  ][gc,tlab        ] GC(26) TLAB totals: thrds: 1  refills: 1 max: 1 slow allocs: 41 max 41 waste: 46.0% gc: 892448B max: 892448B slow: 0B max: 0B
[35.775s][info   ][gc,start       ] GC(26) Pause Young (Allocation Failure)
[35.775s][debug  ][gc,phases,start] GC(26) Scavenge
[35.777s][debug  ][gc,phases      ] GC(26) Scavenge 2.575ms
[35.778s][debug  ][gc,phases,start] GC(26) Reference Processing
[35.778s][debug  ][gc,ref         ] GC(26) Skipped phase 1 of Reference Processing: no references
[35.778s][debug  ][gc,ref         ] GC(26) Skipped phase 2 of Reference Processing: no references
[35.778s][debug  ][gc,ref         ] GC(26) Skipped phase 3 of Reference Processing: no references
[35.778s][debug  ][gc,ref         ] GC(26) Skipped phase 4 of Reference Processing: no references
[35.778s][debug  ][gc,phases,ref  ] GC(26) Reference Processing: 0.1ms
[35.778s][debug  ][gc,phases,ref  ] GC(26)   Reconsider SoftReferences: 0.0ms
[35.778s][debug  ][gc,phases,ref  ] GC(26)     SoftRef (ms):                  skipped
[35.778s][debug  ][gc,phases,ref  ] GC(26)   Notify Soft/WeakReferences: 0.0ms
[35.778s][debug  ][gc,phases,ref  ] GC(26)     SoftRef (ms):                  skipped
[35.778s][debug  ][gc,phases,ref  ] GC(26)     WeakRef (ms):                  skipped
[35.778s][debug  ][gc,phases,ref  ] GC(26)     FinalRef (ms):                 skipped
[35.778s][debug  ][gc,phases,ref  ] GC(26)     Total (ms):                    skipped
[35.778s][debug  ][gc,phases,ref  ] GC(26)   Notify and keep alive finalizable: 0.0ms
[35.778s][debug  ][gc,phases,ref  ] GC(26)     FinalRef (ms):                 skipped
[35.778s][debug  ][gc,phases,ref  ] GC(26)   Notify PhantomReferences: 0.0ms
[35.778s][debug  ][gc,phases,ref  ] GC(26)     PhantomRef (ms):               skipped
[35.778s][debug  ][gc,phases,ref  ] GC(26)   SoftReference:
[35.778s][debug  ][gc,phases,ref  ] GC(26)     Discovered: 0
[35.778s][debug  ][gc,phases,ref  ] GC(26)     Cleared: 0
[35.778s][debug  ][gc,phases,ref  ] GC(26)   WeakReference:
[35.778s][debug  ][gc,phases,ref  ] GC(26)     Discovered: 0
[35.778s][debug  ][gc,phases,ref  ] GC(26)     Cleared: 0
[35.778s][debug  ][gc,phases,ref  ] GC(26)   FinalReference:
[35.778s][debug  ][gc,phases,ref  ] GC(26)     Discovered: 0
[35.778s][debug  ][gc,phases,ref  ] GC(26)     Cleared: 0
[35.778s][debug  ][gc,phases,ref  ] GC(26)   PhantomReference:
[35.778s][debug  ][gc,phases,ref  ] GC(26)     Discovered: 0
[35.778s][debug  ][gc,phases,ref  ] GC(26)     Cleared: 0
[35.778s][debug  ][gc,phases      ] GC(26) Reference Processing 0.673ms
[35.778s][debug  ][gc,phases,start] GC(26) Weak Processing
[35.778s][debug  ][gc,phases      ] GC(26)   VM Weak                        Min:  0.0, Avg:  0.0, Max:  0.0, Diff:  0.0, Sum:  0.0, Workers: 6
[35.778s][debug  ][gc,phases      ] GC(26)     Dead                           Min: 0, Avg:  0.0, Max: 0, Diff: 0, Sum: 0, Workers: 6
[35.778s][debug  ][gc,phases      ] GC(26)     Total                          Min: 0, Avg:  1.3, Max: 8, Diff: 8, Sum: 8, Workers: 6
[35.778s][debug  ][gc,phases      ] GC(26)   ObjectSynchronizer Weak        Min:  0.0, Avg:  0.0, Max:  0.0, Diff:  0.0, Sum:  0.0, Workers: 6
[35.778s][debug  ][gc,phases      ] GC(26)     Dead                           Min: 0, Avg:  0.0, Max: 0, Diff: 0, Sum: 0, Workers: 6
[35.778s][debug  ][gc,phases      ] GC(26)     Total                          Min: 0, Avg:  0.5, Max: 3, Diff: 3, Sum: 3, Workers: 6
[35.778s][debug  ][gc,phases      ] GC(26)   JVMTI Tag Weak OopStorage      Min:  0.0, Avg:  0.0, Max:  0.0, Diff:  0.0, Sum:  0.0, Workers: 6
[35.778s][debug  ][gc,phases      ] GC(26)     Dead                           Min: 0, Avg:  0.0, Max: 0, Diff: 0, Sum: 0, Workers: 6
[35.778s][debug  ][gc,phases      ] GC(26)     Total                          Min: 0, Avg:  0.0, Max: 0, Diff: 0, Sum: 0, Workers: 6
[35.779s][debug  ][gc,phases      ] GC(26)   StringTable Weak               Min:  0.0, Avg:  0.0, Max:  0.0, Diff:  0.0, Sum:  0.0, Workers: 6
[35.779s][debug  ][gc,phases      ] GC(26)     Dead                           Min: 0, Avg:  0.0, Max: 0, Diff: 0, Sum: 0, Workers: 6
[35.779s][debug  ][gc,phases      ] GC(26)     Total                          Min: 768, Avg: 892.5, Max: 1024, Diff: 256, Sum: 5355, Workers: 6
[35.779s][debug  ][gc,phases      ] GC(26)   ResolvedMethodTable Weak       Min:  0.0, Avg:  0.0, Max:  0.0, Diff:  0.0, Sum:  0.0, Workers: 6
[35.779s][debug  ][gc,phases      ] GC(26)     Dead                           Min: 0, Avg:  0.0, Max: 0, Diff: 0, Sum: 0, Workers: 6
[35.779s][debug  ][gc,phases      ] GC(26)     Total                          Min: 0, Avg: 21.7, Max: 64, Diff: 64, Sum: 130, Workers: 6
[35.779s][debug  ][gc,phases      ] GC(26)   JNI Weak                       Min:  0.0, Avg:  0.0, Max:  0.0, Diff:  0.0, Sum:  0.0, Workers: 6
[35.779s][debug  ][gc,phases      ] GC(26)     Dead                           Min: 0, Avg:  0.0, Max: 0, Diff: 0, Sum: 0, Workers: 6
[35.779s][debug  ][gc,phases      ] GC(26)     Total                          Min: 0, Avg:  0.0, Max: 0, Diff: 0, Sum: 0, Workers: 6
[35.779s][debug  ][gc,phases      ] GC(26)   StringDedup Table Weak         Min:  0.0, Avg:  0.0, Max:  0.0, Diff:  0.0, Sum:  0.0, Workers: 6
[35.779s][debug  ][gc,phases      ] GC(26)     Dead                           Min: 0, Avg:  0.0, Max: 0, Diff: 0, Sum: 0, Workers: 6
[35.779s][debug  ][gc,phases      ] GC(26)     Total                          Min: 0, Avg:  0.0, Max: 0, Diff: 0, Sum: 0, Workers: 6
[35.779s][debug  ][gc,phases      ] GC(26)   StringDedup Requests0 Weak     Min:  0.0, Avg:  0.0, Max:  0.0, Diff:  0.0, Sum:  0.0, Workers: 6
[35.779s][debug  ][gc,phases      ] GC(26)     Dead                           Min: 0, Avg:  0.0, Max: 0, Diff: 0, Sum: 0, Workers: 6
[35.779s][debug  ][gc,phases      ] GC(26)     Total                          Min: 0, Avg:  0.0, Max: 0, Diff: 0, Sum: 0, Workers: 6
[35.779s][debug  ][gc,phases      ] GC(26)   StringDedup Requests1 Weak     Min:  0.0, Avg:  0.0, Max:  0.0, Diff:  0.0, Sum:  0.0, Workers: 6
[35.779s][debug  ][gc,phases      ] GC(26)     Dead                           Min: 0, Avg:  0.0, Max: 0, Diff: 0, Sum: 0, Workers: 6
[35.779s][debug  ][gc,phases      ] GC(26)     Total                          Min: 0, Avg:  0.0, Max: 0, Diff: 0, Sum: 0, Workers: 6
[35.779s][debug  ][gc,phases      ] GC(26)   Weak JFR Old Object Samples    Min:  0.0, Avg:  0.0, Max:  0.0, Diff:  0.0, Sum:  0.0, Workers: 6
[35.779s][debug  ][gc,phases      ] GC(26)     Dead                           Min: 0, Avg:  0.0, Max: 0, Diff: 0, Sum: 0, Workers: 6
[35.779s][debug  ][gc,phases      ] GC(26)     Total                          Min: 0, Avg:  0.0, Max: 0, Diff: 0, Sum: 0, Workers: 6
[35.779s][debug  ][gc,phases      ] GC(26) Weak Processing 0.807ms
[35.779s][debug  ][gc,ergo        ] GC(26) AdaptiveSizeStart:  collection: 27 
[35.779s][debug  ][gc,ergo        ] GC(26) avg_survived_padded_avg: 50268832.000000
[35.779s][debug  ][gc,ergo        ] GC(26) avg_promoted_padded_avg: 83311280.000000  avg_pretenured_padded_avg: 0.000000  tenuring_thresh: 1  target_size: 44564480
[35.779s][debug  ][gc,age         ] GC(26) Desired survivor size 44564480 bytes, new threshold 1 (max threshold 15)
[35.779s][debug  ][gc,ergo        ] GC(26) PSAdaptiveSizePolicy::compute_eden_space_size: costs minor_time: 0.009302 major_cost: 0.000000 mutator_cost: 0.990698 throughput_goal: 0.990000
[35.779s][debug  ][gc,ergo        ] GC(26) Live_space: 292583008 free_space: 150994944
[35.779s][debug  ][gc,ergo        ] GC(26) Old eden_size: 50331648 desired_eden_size: 44564480
[35.779s][debug  ][gc,ergo        ] GC(26) AdaptiveSizeStop: collection: 27 
[35.779s][info   ][gc,heap        ] GC(26) PSYoungGen: 86889K(87552K)->23552K(87552K) Eden: 43881K(44032K)->0K(44032K) From: 43008K(43520K)->23552K(43520K)
[35.779s][info   ][gc,heap        ] GC(26) ParOldGen: 814788K(917504K)->814788K(917504K)
[35.779s][info   ][gc,metaspace   ] GC(26) Metaspace: 1023K(1216K)->1023K(1216K) NonClass: 939K(1024K)->939K(1024K) Class: 83K(192K)->83K(192K)
[35.779s][info   ][gc             ] GC(26) Pause Young (Allocation Failure) 880M->818M(981M) 4.509ms
[35.779s][info   ][gc,cpu         ] GC(26) User=0.00s Sys=0.00s Real=0.00s
[35.779s][debug  ][gc,heap        ] GC(26) Heap after GC invocations=27 (full 0):
[35.779s][debug  ][gc,heap        ] GC(26)  PSYoungGen      total 87552K, used 23552K [0x00000000f8000000, 0x0000000100000000, 0x0000000100000000)
[35.779s][debug  ][gc,heap        ] GC(26)   eden space 44032K, 0% used [0x00000000f8000000,0x00000000f8000000,0x00000000fab00000)
[35.779s][debug  ][gc,heap        ] GC(26)   from space 43520K, 54% used [0x00000000fab00000,0x00000000fc200170,0x00000000fd580000)
[35.780s][debug  ][gc,heap        ] GC(26)   to   space 43520K, 0% used [0x00000000fd580000,0x00000000fd580000,0x0000000100000000)
[35.780s][debug  ][gc,heap        ] GC(26)  ParOldGen       total 917504K, used 814788K [0x00000000c0000000, 0x00000000f8000000, 0x00000000f8000000)
[35.780s][debug  ][gc,heap        ] GC(26)   object space 917504K, 88% used [0x00000000c0000000,0x00000000f1bb1348,0x00000000f8000000)
[35.780s][debug  ][gc,heap        ] GC(26)  Metaspace       used 1023K, committed 1216K, reserved 1056768K
[35.780s][debug  ][gc,heap        ] GC(26)   class space    used 83K, committed 192K, reserved 1048576K
[35.780s][debug  ][gc,task,time   ] GC(26) VM-Thread 357743383 357775210 357796321
[36.441s][debug  ][gc,heap        ] GC(27) Heap before GC invocations=28 (full 0):
[36.441s][debug  ][gc,heap        ] GC(27)  PSYoungGen      total 87552K, used 67430K [0x00000000f8000000, 0x0000000100000000, 0x0000000100000000)
[36.441s][debug  ][gc,heap        ] GC(27)   eden space 44032K, 99% used [0x00000000f8000000,0x00000000faad97b0,0x00000000fab00000)
[36.441s][debug  ][gc,heap        ] GC(27)   from space 43520K, 54% used [0x00000000fab00000,0x00000000fc200170,0x00000000fd580000)
[36.441s][debug  ][gc,heap        ] GC(27)   to   space 43520K, 0% used [0x00000000fd580000,0x00000000fd580000,0x0000000100000000)
[36.441s][debug  ][gc,heap        ] GC(27)  ParOldGen       total 917504K, used 814788K [0x00000000c0000000, 0x00000000f8000000, 0x00000000f8000000)
[36.441s][debug  ][gc,heap        ] GC(27)   object space 917504K, 88% used [0x00000000c0000000,0x00000000f1bb1348,0x00000000f8000000)
[36.441s][debug  ][gc,heap        ] GC(27)  Metaspace       used 1023K, committed 1216K, reserved 1056768K
[36.441s][debug  ][gc,heap        ] GC(27)   class space    used 83K, committed 192K, reserved 1048576K
[36.441s][debug  ][gc,tlab        ] GC(27) TLAB totals: thrds: 1  refills: 1 max: 1 slow allocs: 41 max 41 waste: 45.9% gc: 890128B max: 890128B slow: 0B max: 0B
[36.441s][info   ][gc,start       ] GC(27) Pause Young (Allocation Failure)
[36.441s][debug  ][gc,phases,start] GC(27) Scavenge
[36.449s][debug  ][gc,phases      ] GC(27) Scavenge 7.671ms
[36.449s][debug  ][gc,phases,start] GC(27) Reference Processing
[36.449s][debug  ][gc,ref         ] GC(27) Skipped phase 1 of Reference Processing: no references
[36.449s][debug  ][gc,ref         ] GC(27) Skipped phase 2 of Reference Processing: no references
[36.449s][debug  ][gc,ref         ] GC(27) Skipped phase 3 of Reference Processing: no references
[36.449s][debug  ][gc,ref         ] GC(27) Skipped phase 4 of Reference Processing: no references
[36.449s][debug  ][gc,phases,ref  ] GC(27) Reference Processing: 0.1ms
[36.449s][debug  ][gc,phases,ref  ] GC(27)   Reconsider SoftReferences: 0.0ms
[36.449s][debug  ][gc,phases,ref  ] GC(27)     SoftRef (ms):                  skipped
[36.449s][debug  ][gc,phases,ref  ] GC(27)   Notify Soft/WeakReferences: 0.0ms
[36.449s][debug  ][gc,phases,ref  ] GC(27)     SoftRef (ms):                  skipped
[36.449s][debug  ][gc,phases,ref  ] GC(27)     WeakRef (ms):                  skipped
[36.449s][debug  ][gc,phases,ref  ] GC(27)     FinalRef (ms):                 skipped
[36.449s][debug  ][gc,phases,ref  ] GC(27)     Total (ms):                    skipped
[36.449s][debug  ][gc,phases,ref  ] GC(27)   Notify and keep alive finalizable: 0.0ms
[36.449s][debug  ][gc,phases,ref  ] GC(27)     FinalRef (ms):                 skipped
[36.449s][debug  ][gc,phases,ref  ] GC(27)   Notify PhantomReferences: 0.0ms
[36.449s][debug  ][gc,phases,ref  ] GC(27)     PhantomRef (ms):               skipped
[36.449s][debug  ][gc,phases,ref  ] GC(27)   SoftReference:
[36.449s][debug  ][gc,phases,ref  ] GC(27)     Discovered: 0
[36.449s][debug  ][gc,phases,ref  ] GC(27)     Cleared: 0
[36.449s][debug  ][gc,phases,ref  ] GC(27)   WeakReference:
[36.450s][debug  ][gc,phases,ref  ] GC(27)     Discovered: 0
[36.450s][debug  ][gc,phases,ref  ] GC(27)     Cleared: 0
[36.450s][debug  ][gc,phases,ref  ] GC(27)   FinalReference:
[36.450s][debug  ][gc,phases,ref  ] GC(27)     Discovered: 0
[36.450s][debug  ][gc,phases,ref  ] GC(27)     Cleared: 0
[36.450s][debug  ][gc,phases,ref  ] GC(27)   PhantomReference:
[36.450s][debug  ][gc,phases,ref  ] GC(27)     Discovered: 0
[36.450s][debug  ][gc,phases,ref  ] GC(27)     Cleared: 0
[36.450s][debug  ][gc,phases      ] GC(27) Reference Processing 0.682ms
[36.450s][debug  ][gc,phases,start] GC(27) Weak Processing
[36.450s][debug  ][gc,phases      ] GC(27)   VM Weak                        Min:  0.0, Avg:  0.0, Max:  0.0, Diff:  0.0, Sum:  0.0, Workers: 6
[36.450s][debug  ][gc,phases      ] GC(27)     Dead                           Min: 0, Avg:  0.0, Max: 0, Diff: 0, Sum: 0, Workers: 6
[36.450s][debug  ][gc,phases      ] GC(27)     Total                          Min: 0, Avg:  1.3, Max: 8, Diff: 8, Sum: 8, Workers: 6
[36.450s][debug  ][gc,phases      ] GC(27)   ObjectSynchronizer Weak        Min:  0.0, Avg:  0.0, Max:  0.0, Diff:  0.0, Sum:  0.0, Workers: 6
[36.450s][debug  ][gc,phases      ] GC(27)     Dead                           Min: 0, Avg:  0.0, Max: 0, Diff: 0, Sum: 0, Workers: 6
[36.450s][debug  ][gc,phases      ] GC(27)     Total                          Min: 0, Avg:  0.5, Max: 3, Diff: 3, Sum: 3, Workers: 6
[36.450s][debug  ][gc,phases      ] GC(27)   JVMTI Tag Weak OopStorage      Min:  0.0, Avg:  0.0, Max:  0.0, Diff:  0.0, Sum:  0.0, Workers: 6
[36.450s][debug  ][gc,phases      ] GC(27)     Dead                           Min: 0, Avg:  0.0, Max: 0, Diff: 0, Sum: 0, Workers: 6
[36.450s][debug  ][gc,phases      ] GC(27)     Total                          Min: 0, Avg:  0.0, Max: 0, Diff: 0, Sum: 0, Workers: 6
[36.450s][debug  ][gc,phases      ] GC(27)   StringTable Weak               Min:  0.0, Avg:  0.0, Max:  0.0, Diff:  0.0, Sum:  0.0, Workers: 6
[36.450s][debug  ][gc,phases      ] GC(27)     Dead                           Min: 0, Avg:  0.0, Max: 0, Diff: 0, Sum: 0, Workers: 6
[36.450s][debug  ][gc,phases      ] GC(27)     Total                          Min: 683, Avg: 892.5, Max: 1024, Diff: 341, Sum: 5355, Workers: 6
[36.450s][debug  ][gc,phases      ] GC(27)   ResolvedMethodTable Weak       Min:  0.0, Avg:  0.0, Max:  0.0, Diff:  0.0, Sum:  0.0, Workers: 6
[36.450s][debug  ][gc,phases      ] GC(27)     Dead                           Min: 0, Avg:  0.0, Max: 0, Diff: 0, Sum: 0, Workers: 6
[36.450s][debug  ][gc,phases      ] GC(27)     Total                          Min: 0, Avg: 21.7, Max: 66, Diff: 66, Sum: 130, Workers: 6
[36.450s][debug  ][gc,phases      ] GC(27)   JNI Weak                       Min:  0.0, Avg:  0.0, Max:  0.0, Diff:  0.0, Sum:  0.0, Workers: 6
[36.450s][debug  ][gc,phases      ] GC(27)     Dead                           Min: 0, Avg:  0.0, Max: 0, Diff: 0, Sum: 0, Workers: 6
[36.450s][debug  ][gc,phases      ] GC(27)     Total                          Min: 0, Avg:  0.0, Max: 0, Diff: 0, Sum: 0, Workers: 6
[36.450s][debug  ][gc,phases      ] GC(27)   StringDedup Table Weak         Min:  0.0, Avg:  0.0, Max:  0.0, Diff:  0.0, Sum:  0.0, Workers: 6
[36.450s][debug  ][gc,phases      ] GC(27)     Dead                           Min: 0, Avg:  0.0, Max: 0, Diff: 0, Sum: 0, Workers: 6
[36.450s][debug  ][gc,phases      ] GC(27)     Total                          Min: 0, Avg:  0.0, Max: 0, Diff: 0, Sum: 0, Workers: 6
[36.450s][debug  ][gc,phases      ] GC(27)   StringDedup Requests0 Weak     Min:  0.0, Avg:  0.0, Max:  0.0, Diff:  0.0, Sum:  0.0, Workers: 6
[36.450s][debug  ][gc,phases      ] GC(27)     Dead                           Min: 0, Avg:  0.0, Max: 0, Diff: 0, Sum: 0, Workers: 6
[36.450s][debug  ][gc,phases      ] GC(27)     Total                          Min: 0, Avg:  0.0, Max: 0, Diff: 0, Sum: 0, Workers: 6
[36.450s][debug  ][gc,phases      ] GC(27)   StringDedup Requests1 Weak     Min:  0.0, Avg:  0.0, Max:  0.0, Diff:  0.0, Sum:  0.0, Workers: 6
[36.450s][debug  ][gc,phases      ] GC(27)     Dead                           Min: 0, Avg:  0.0, Max: 0, Diff: 0, Sum: 0, Workers: 6
[36.450s][debug  ][gc,phases      ] GC(27)     Total                          Min: 0, Avg:  0.0, Max: 0, Diff: 0, Sum: 0, Workers: 6
[36.450s][debug  ][gc,phases      ] GC(27)   Weak JFR Old Object Samples    Min:  0.0, Avg:  0.0, Max:  0.0, Diff:  0.0, Sum:  0.0, Workers: 6
[36.450s][debug  ][gc,phases      ] GC(27)     Dead                           Min: 0, Avg:  0.0, Max: 0, Diff: 0, Sum: 0, Workers: 6
[36.451s][debug  ][gc,phases      ] GC(27)     Total                          Min: 0, Avg:  0.0, Max: 0, Diff: 0, Sum: 0, Workers: 6
[36.451s][debug  ][gc,phases      ] GC(27) Weak Processing 0.818ms
[36.451s][debug  ][gc,ergo        ] GC(27) AdaptiveSizeStart:  collection: 28 
[36.451s][debug  ][gc,ergo        ] GC(27) avg_survived_padded_avg: 55017228.000000
[36.451s][debug  ][gc,ergo        ] GC(27) avg_promoted_padded_avg: 77824416.000000  avg_pretenured_padded_avg: 0.000000  tenuring_thresh: 1  target_size: 44564480
[36.451s][debug  ][gc,age         ] GC(27) Desired survivor size 44564480 bytes, new threshold 1 (max threshold 15)
[36.451s][debug  ][gc,ergo        ] GC(27) PSAdaptiveSizePolicy::compute_eden_space_size limits: desired_eden_size: 58720256 old_eden_size: 44564480 eden_limit: 45088768 cur_eden: 45088768 max_eden_size: 45088768 avg_young_live: 26136894
[36.451s][debug  ][gc,ergo        ] GC(27) PSAdaptiveSizePolicy::compute_eden_space_size: costs minor_time: 0.010452 major_cost: 0.000000 mutator_cost: 0.989548 throughput_goal: 0.990000
[36.451s][debug  ][gc,ergo        ] GC(27) Live_space: 294572352 free_space: 145227776
[36.451s][debug  ][gc,ergo        ] GC(27) Old eden_size: 44564480 desired_eden_size: 45088768
[36.451s][debug  ][gc,ergo        ] GC(27) AdaptiveSizeStop: collection: 28 
[36.451s][info   ][gc,heap        ] GC(27) PSYoungGen: 67430K(87552K)->43008K(87552K) Eden: 43877K(44032K)->0K(44032K) From: 23552K(43520K)->43008K(43520K)
[36.451s][info   ][gc,heap        ] GC(27) ParOldGen: 814788K(917504K)->838341K(917504K)
[36.451s][info   ][gc,metaspace   ] GC(27) Metaspace: 1023K(1216K)->1023K(1216K) NonClass: 939K(1024K)->939K(1024K) Class: 83K(192K)->83K(192K)
[36.451s][info   ][gc             ] GC(27) Pause Young (Allocation Failure) 861M->860M(981M) 9.716ms
[36.451s][info   ][gc,cpu         ] GC(27) User=0.00s Sys=0.00s Real=0.01s
[36.451s][debug  ][gc,heap        ] GC(27) Heap after GC invocations=28 (full 0):
[36.451s][debug  ][gc,heap        ] GC(27)  PSYoungGen      total 87552K, used 43008K [0x00000000f8000000, 0x0000000100000000, 0x0000000100000000)
[36.451s][debug  ][gc,heap        ] GC(27)   eden space 44032K, 0% used [0x00000000f8000000,0x00000000f8000000,0x00000000fab00000)
[36.451s][debug  ][gc,heap        ] GC(27)   from space 43520K, 98% used [0x00000000fd580000,0x00000000fff802a0,0x0000000100000000)
[36.451s][debug  ][gc,heap        ] GC(27)   to   space 43520K, 0% used [0x00000000fab00000,0x00000000fab00000,0x00000000fd580000)
[36.451s][debug  ][gc,heap        ] GC(27)  ParOldGen       total 917504K, used 838341K [0x00000000c0000000, 0x00000000f8000000, 0x00000000f8000000)
[36.451s][debug  ][gc,heap        ] GC(27)   object space 917504K, 91% used [0x00000000c0000000,0x00000000f32b14b8,0x00000000f8000000)
[36.451s][debug  ][gc,heap        ] GC(27)  Metaspace       used 1023K, committed 1216K, reserved 1056768K
[36.451s][debug  ][gc,heap        ] GC(27)   class space    used 83K, committed 192K, reserved 1048576K
[36.451s][debug  ][gc,task,time   ] GC(27) VM-Thread 364406532 364490140 364511641
[37.123s][debug  ][gc,heap        ] GC(28) Heap before GC invocations=29 (full 0):
[37.123s][debug  ][gc,heap        ] GC(28)  PSYoungGen      total 87552K, used 86884K [0x00000000f8000000, 0x0000000100000000, 0x0000000100000000)
[37.123s][debug  ][gc,heap        ] GC(28)   eden space 44032K, 99% used [0x00000000f8000000,0x00000000faad8f38,0x00000000fab00000)
[37.123s][debug  ][gc,heap        ] GC(28)   from space 43520K, 98% used [0x00000000fd580000,0x00000000fff802a0,0x0000000100000000)
[37.123s][debug  ][gc,heap        ] GC(28)   to   space 43520K, 0% used [0x00000000fab00000,0x00000000fab00000,0x00000000fd580000)
[37.123s][debug  ][gc,heap        ] GC(28)  ParOldGen       total 917504K, used 838341K [0x00000000c0000000, 0x00000000f8000000, 0x00000000f8000000)
[37.123s][debug  ][gc,heap        ] GC(28)   object space 917504K, 91% used [0x00000000c0000000,0x00000000f32b14b8,0x00000000f8000000)
[37.123s][debug  ][gc,heap        ] GC(28)  Metaspace       used 1023K, committed 1216K, reserved 1056768K
[37.123s][debug  ][gc,heap        ] GC(28)   class space    used 83K, committed 192K, reserved 1048576K
[37.123s][debug  ][gc,tlab        ] GC(28) TLAB totals: thrds: 1  refills: 1 max: 1 slow allocs: 41 max 41 waste: 45.8% gc: 886896B max: 886896B slow: 0B max: 0B
[37.123s][info   ][gc,start       ] GC(28) Pause Young (Allocation Failure)
[37.123s][debug  ][gc,phases,start] GC(28) Scavenge
[37.124s][debug  ][gc,phases      ] GC(28) Scavenge 1.156ms
[37.124s][debug  ][gc,phases,start] GC(28) Reference Processing
[37.124s][debug  ][gc,ref         ] GC(28) Skipped phase 1 of Reference Processing: no references
[37.124s][debug  ][gc,ref         ] GC(28) Skipped phase 2 of Reference Processing: no references
[37.124s][debug  ][gc,ref         ] GC(28) Skipped phase 3 of Reference Processing: no references
[37.124s][debug  ][gc,ref         ] GC(28) Skipped phase 4 of Reference Processing: no references
[37.124s][debug  ][gc,phases,ref  ] GC(28) Reference Processing: 0.1ms
[37.124s][debug  ][gc,phases,ref  ] GC(28)   Reconsider SoftReferences: 0.0ms
[37.125s][debug  ][gc,phases,ref  ] GC(28)     SoftRef (ms):                  skipped
[37.125s][debug  ][gc,phases,ref  ] GC(28)   Notify Soft/WeakReferences: 0.0ms
[37.125s][debug  ][gc,phases,ref  ] GC(28)     SoftRef (ms):                  skipped
[37.125s][debug  ][gc,phases,ref  ] GC(28)     WeakRef (ms):                  skipped
[37.125s][debug  ][gc,phases,ref  ] GC(28)     FinalRef (ms):                 skipped
[37.125s][debug  ][gc,phases,ref  ] GC(28)     Total (ms):                    skipped
[37.125s][debug  ][gc,phases,ref  ] GC(28)   Notify and keep alive finalizable: 0.0ms
[37.125s][debug  ][gc,phases,ref  ] GC(28)     FinalRef (ms):                 skipped
[37.125s][debug  ][gc,phases,ref  ] GC(28)   Notify PhantomReferences: 0.0ms
[37.125s][debug  ][gc,phases,ref  ] GC(28)     PhantomRef (ms):               skipped
[37.125s][debug  ][gc,phases,ref  ] GC(28)   SoftReference:
[37.125s][debug  ][gc,phases,ref  ] GC(28)     Discovered: 0
[37.125s][debug  ][gc,phases,ref  ] GC(28)     Cleared: 0
[37.125s][debug  ][gc,phases,ref  ] GC(28)   WeakReference:
[37.125s][debug  ][gc,phases,ref  ] GC(28)     Discovered: 0
[37.125s][debug  ][gc,phases,ref  ] GC(28)     Cleared: 0
[37.125s][debug  ][gc,phases,ref  ] GC(28)   FinalReference:
[37.125s][debug  ][gc,phases,ref  ] GC(28)     Discovered: 0
[37.125s][debug  ][gc,phases,ref  ] GC(28)     Cleared: 0
[37.125s][debug  ][gc,phases,ref  ] GC(28)   PhantomReference:
[37.125s][debug  ][gc,phases,ref  ] GC(28)     Discovered: 0
[37.125s][debug  ][gc,phases,ref  ] GC(28)     Cleared: 0
[37.125s][debug  ][gc,phases      ] GC(28) Reference Processing 0.675ms
[37.125s][debug  ][gc,phases,start] GC(28) Weak Processing
[37.125s][debug  ][gc,phases      ] GC(28)   VM Weak                        Min:  0.0, Avg:  0.0, Max:  0.0, Diff:  0.0, Sum:  0.0, Workers: 6
[37.125s][debug  ][gc,phases      ] GC(28)     Dead                           Min: 0, Avg:  0.0, Max: 0, Diff: 0, Sum: 0, Workers: 6
[37.125s][debug  ][gc,phases      ] GC(28)     Total                          Min: 0, Avg:  1.3, Max: 8, Diff: 8, Sum: 8, Workers: 6
[37.125s][debug  ][gc,phases      ] GC(28)   ObjectSynchronizer Weak        Min:  0.0, Avg:  0.0, Max:  0.0, Diff:  0.0, Sum:  0.0, Workers: 6
[37.125s][debug  ][gc,phases      ] GC(28)     Dead                           Min: 0, Avg:  0.0, Max: 0, Diff: 0, Sum: 0, Workers: 6
[37.125s][debug  ][gc,phases      ] GC(28)     Total                          Min: 0, Avg:  0.5, Max: 3, Diff: 3, Sum: 3, Workers: 6
[37.125s][debug  ][gc,phases      ] GC(28)   JVMTI Tag Weak OopStorage      Min:  0.0, Avg:  0.0, Max:  0.0, Diff:  0.0, Sum:  0.0, Workers: 6
[37.125s][debug  ][gc,phases      ] GC(28)     Dead                           Min: 0, Avg:  0.0, Max: 0, Diff: 0, Sum: 0, Workers: 6
[37.125s][debug  ][gc,phases      ] GC(28)     Total                          Min: 0, Avg:  0.0, Max: 0, Diff: 0, Sum: 0, Workers: 6
[37.125s][debug  ][gc,phases      ] GC(28)   StringTable Weak               Min:  0.0, Avg:  0.0, Max:  0.0, Diff:  0.0, Sum:  0.0, Workers: 6
[37.125s][debug  ][gc,phases      ] GC(28)     Dead                           Min: 0, Avg:  0.0, Max: 0, Diff: 0, Sum: 0, Workers: 6
[37.125s][debug  ][gc,phases      ] GC(28)     Total                          Min: 768, Avg: 892.5, Max: 960, Diff: 192, Sum: 5355, Workers: 6
[37.125s][debug  ][gc,phases      ] GC(28)   ResolvedMethodTable Weak       Min:  0.0, Avg:  0.0, Max:  0.0, Diff:  0.0, Sum:  0.0, Workers: 6
[37.125s][debug  ][gc,phases      ] GC(28)     Dead                           Min: 0, Avg:  0.0, Max: 0, Diff: 0, Sum: 0, Workers: 6
[37.125s][debug  ][gc,phases      ] GC(28)     Total                          Min: 0, Avg: 21.7, Max: 64, Diff: 64, Sum: 130, Workers: 6
[37.126s][debug  ][gc,phases      ] GC(28)   JNI Weak                       Min:  0.0, Avg:  0.0, Max:  0.0, Diff:  0.0, Sum:  0.0, Workers: 6
[37.126s][debug  ][gc,phases      ] GC(28)     Dead                           Min: 0, Avg:  0.0, Max: 0, Diff: 0, Sum: 0, Workers: 6
[37.126s][debug  ][gc,phases      ] GC(28)     Total                          Min: 0, Avg:  0.0, Max: 0, Diff: 0, Sum: 0, Workers: 6
[37.126s][debug  ][gc,phases      ] GC(28)   StringDedup Table Weak         Min:  0.0, Avg:  0.0, Max:  0.0, Diff:  0.0, Sum:  0.0, Workers: 6
[37.126s][debug  ][gc,phases      ] GC(28)     Dead                           Min: 0, Avg:  0.0, Max: 0, Diff: 0, Sum: 0, Workers: 6
[37.126s][debug  ][gc,phases      ] GC(28)     Total                          Min: 0, Avg:  0.0, Max: 0, Diff: 0, Sum: 0, Workers: 6
[37.126s][debug  ][gc,phases      ] GC(28)   StringDedup Requests0 Weak     Min:  0.0, Avg:  0.0, Max:  0.0, Diff:  0.0, Sum:  0.0, Workers: 6
[37.126s][debug  ][gc,phases      ] GC(28)     Dead                           Min: 0, Avg:  0.0, Max: 0, Diff: 0, Sum: 0, Workers: 6
[37.126s][debug  ][gc,phases      ] GC(28)     Total                          Min: 0, Avg:  0.0, Max: 0, Diff: 0, Sum: 0, Workers: 6
[37.126s][debug  ][gc,phases      ] GC(28)   StringDedup Requests1 Weak     Min:  0.0, Avg:  0.0, Max:  0.0, Diff:  0.0, Sum:  0.0, Workers: 6
[37.126s][debug  ][gc,phases      ] GC(28)     Dead                           Min: 0, Avg:  0.0, Max: 0, Diff: 0, Sum: 0, Workers: 6
[37.126s][debug  ][gc,phases      ] GC(28)     Total                          Min: 0, Avg:  0.0, Max: 0, Diff: 0, Sum: 0, Workers: 6
[37.126s][debug  ][gc,phases      ] GC(28)   Weak JFR Old Object Samples    Min:  0.0, Avg:  0.0, Max:  0.0, Diff:  0.0, Sum:  0.0, Workers: 6
[37.126s][debug  ][gc,phases      ] GC(28)     Dead                           Min: 0, Avg:  0.0, Max: 0, Diff: 0, Sum: 0, Workers: 6
[37.126s][debug  ][gc,phases      ] GC(28)     Total                          Min: 0, Avg:  0.0, Max: 0, Diff: 0, Sum: 0, Workers: 6
[37.126s][debug  ][gc,phases      ] GC(28) Weak Processing 0.818ms
[37.126s][debug  ][gc,ergo        ] GC(28) AdaptiveSizeStart:  collection: 29 
[37.126s][debug  ][gc,ergo        ] GC(28) avg_survived_padded_avg: 55324644.000000
[37.126s][debug  ][gc,ergo        ] GC(28) avg_promoted_padded_avg: 75268488.000000  avg_pretenured_padded_avg: 0.000000  tenuring_thresh: 1  target_size: 44564480
[37.126s][debug  ][gc,age         ] GC(28) Desired survivor size 44564480 bytes, new threshold 1 (max threshold 15)
[37.126s][debug  ][gc,ergo        ] GC(28) PSAdaptiveSizePolicy::compute_eden_space_size: costs minor_time: 0.008859 major_cost: 0.000000 mutator_cost: 0.991141 throughput_goal: 0.990000
[37.126s][debug  ][gc,ergo        ] GC(28) Live_space: 292692672 free_space: 145752064
[37.126s][debug  ][gc,ergo        ] GC(28) Old eden_size: 45088768 desired_eden_size: 44564480
[37.126s][debug  ][gc,ergo        ] GC(28) AdaptiveSizeStop: collection: 29 
[37.126s][info   ][gc,heap        ] GC(28) PSYoungGen: 86884K(87552K)->7168K(87552K) Eden: 43875K(44032K)->0K(44032K) From: 43008K(43520K)->7168K(43520K)
[37.126s][info   ][gc,heap        ] GC(28) ParOldGen: 838341K(917504K)->838341K(917504K)
[37.126s][info   ][gc,metaspace   ] GC(28) Metaspace: 1023K(1216K)->1023K(1216K) NonClass: 939K(1024K)->939K(1024K) Class: 83K(192K)->83K(192K)
[37.126s][info   ][gc             ] GC(28) Pause Young (Allocation Failure) 903M->825M(981M) 3.098ms
[37.126s][info   ][gc,cpu         ] GC(28) User=0.00s Sys=0.00s Real=0.00s
[37.126s][debug  ][gc,heap        ] GC(28) Heap after GC invocations=29 (full 0):
[37.126s][debug  ][gc,heap        ] GC(28)  PSYoungGen      total 87552K, used 7168K [0x00000000f8000000, 0x0000000100000000, 0x0000000100000000)
[37.126s][debug  ][gc,heap        ] GC(28)   eden space 44032K, 0% used [0x00000000f8000000,0x00000000f8000000,0x00000000fab00000)
[37.126s][debug  ][gc,heap        ] GC(28)   from space 43520K, 16% used [0x00000000fab00000,0x00000000fb200070,0x00000000fd580000)
[37.126s][debug  ][gc,heap        ] GC(28)   to   space 43520K, 0% used [0x00000000fd580000,0x00000000fd580000,0x0000000100000000)
[37.126s][debug  ][gc,heap        ] GC(28)  ParOldGen       total 917504K, used 838341K [0x00000000c0000000, 0x00000000f8000000, 0x00000000f8000000)
[37.126s][debug  ][gc,heap        ] GC(28)   object space 917504K, 91% used [0x00000000c0000000,0x00000000f32b14b8,0x00000000f8000000)
[37.126s][debug  ][gc,heap        ] GC(28)  Metaspace       used 1023K, committed 1216K, reserved 1056768K
[37.126s][debug  ][gc,heap        ] GC(28)   class space    used 83K, committed 192K, reserved 1048576K
[37.126s][debug  ][gc,task,time   ] GC(28) VM-Thread 371225476 371243428 371264558
[37.785s][debug  ][gc,heap        ] GC(29) Heap before GC invocations=30 (full 0):
[37.785s][debug  ][gc,heap        ] GC(29)  PSYoungGen      total 87552K, used 51042K [0x00000000f8000000, 0x0000000100000000, 0x0000000100000000)
[37.785s][debug  ][gc,heap        ] GC(29)   eden space 44032K, 99% used [0x00000000f8000000,0x00000000faad89b8,0x00000000fab00000)
[37.785s][debug  ][gc,heap        ] GC(29)   from space 43520K, 16% used [0x00000000fab00000,0x00000000fb200070,0x00000000fd580000)
[37.785s][debug  ][gc,heap        ] GC(29)   to   space 43520K, 0% used [0x00000000fd580000,0x00000000fd580000,0x0000000100000000)
[37.785s][debug  ][gc,heap        ] GC(29)  ParOldGen       total 917504K, used 838341K [0x00000000c0000000, 0x00000000f8000000, 0x00000000f8000000)
[37.786s][debug  ][gc,heap        ] GC(29)   object space 917504K, 91% used [0x00000000c0000000,0x00000000f32b14b8,0x00000000f8000000)
[37.786s][debug  ][gc,heap        ] GC(29)  Metaspace       used 1023K, committed 1216K, reserved 1056768K
[37.786s][debug  ][gc,heap        ] GC(29)   class space    used 83K, committed 192K, reserved 1048576K
[37.786s][debug  ][gc,tlab        ] GC(29) TLAB totals: thrds: 1  refills: 1 max: 1 slow allocs: 41 max 41 waste: 45.8% gc: 886552B max: 886552B slow: 0B max: 0B
[37.786s][info   ][gc,start       ] GC(29) Pause Young (Allocation Failure)
[37.786s][debug  ][gc,phases,start] GC(29) Scavenge
[37.791s][debug  ][gc,phases      ] GC(29) Scavenge 5.669ms
[37.791s][debug  ][gc,phases,start] GC(29) Reference Processing
[37.791s][debug  ][gc,ref         ] GC(29) Skipped phase 1 of Reference Processing: no references
[37.792s][debug  ][gc,ref         ] GC(29) Skipped phase 2 of Reference Processing: no references
[37.792s][debug  ][gc,ref         ] GC(29) Skipped phase 3 of Reference Processing: no references
[37.792s][debug  ][gc,ref         ] GC(29) Skipped phase 4 of Reference Processing: no references
[37.792s][debug  ][gc,phases,ref  ] GC(29) Reference Processing: 0.1ms
[37.792s][debug  ][gc,phases,ref  ] GC(29)   Reconsider SoftReferences: 0.0ms
[37.792s][debug  ][gc,phases,ref  ] GC(29)     SoftRef (ms):                  skipped
[37.792s][debug  ][gc,phases,ref  ] GC(29)   Notify Soft/WeakReferences: 0.0ms
[37.792s][debug  ][gc,phases,ref  ] GC(29)     SoftRef (ms):                  skipped
[37.792s][debug  ][gc,phases,ref  ] GC(29)     WeakRef (ms):                  skipped
[37.792s][debug  ][gc,phases,ref  ] GC(29)     FinalRef (ms):                 skipped
[37.792s][debug  ][gc,phases,ref  ] GC(29)     Total (ms):                    skipped
[37.792s][debug  ][gc,phases,ref  ] GC(29)   Notify and keep alive finalizable: 0.0ms
[37.792s][debug  ][gc,phases,ref  ] GC(29)     FinalRef (ms):                 skipped
[37.792s][debug  ][gc,phases,ref  ] GC(29)   Notify PhantomReferences: 0.0ms
[37.792s][debug  ][gc,phases,ref  ] GC(29)     PhantomRef (ms):               skipped
[37.792s][debug  ][gc,phases,ref  ] GC(29)   SoftReference:
[37.792s][debug  ][gc,phases,ref  ] GC(29)     Discovered: 0
[37.792s][debug  ][gc,phases,ref  ] GC(29)     Cleared: 0
[37.792s][debug  ][gc,phases,ref  ] GC(29)   WeakReference:
[37.792s][debug  ][gc,phases,ref  ] GC(29)     Discovered: 0
[37.792s][debug  ][gc,phases,ref  ] GC(29)     Cleared: 0
[37.792s][debug  ][gc,phases,ref  ] GC(29)   FinalReference:
[37.792s][debug  ][gc,phases,ref  ] GC(29)     Discovered: 0
[37.792s][debug  ][gc,phases,ref  ] GC(29)     Cleared: 0
[37.792s][debug  ][gc,phases,ref  ] GC(29)   PhantomReference:
[37.792s][debug  ][gc,phases,ref  ] GC(29)     Discovered: 0
[37.792s][debug  ][gc,phases,ref  ] GC(29)     Cleared: 0
[37.792s][debug  ][gc,phases      ] GC(29) Reference Processing 0.578ms
[37.792s][debug  ][gc,phases,start] GC(29) Weak Processing
[37.792s][debug  ][gc,phases      ] GC(29)   VM Weak                        Min:  0.0, Avg:  0.0, Max:  0.0, Diff:  0.0, Sum:  0.0, Workers: 6
[37.792s][debug  ][gc,phases      ] GC(29)     Dead                           Min: 0, Avg:  0.0, Max: 0, Diff: 0, Sum: 0, Workers: 6
[37.792s][debug  ][gc,phases      ] GC(29)     Total                          Min: 0, Avg:  1.3, Max: 8, Diff: 8, Sum: 8, Workers: 6
[37.792s][debug  ][gc,phases      ] GC(29)   ObjectSynchronizer Weak        Min:  0.0, Avg:  0.0, Max:  0.0, Diff:  0.0, Sum:  0.0, Workers: 6
[37.792s][debug  ][gc,phases      ] GC(29)     Dead                           Min: 0, Avg:  0.0, Max: 0, Diff: 0, Sum: 0, Workers: 6
[37.792s][debug  ][gc,phases      ] GC(29)     Total                          Min: 0, Avg:  0.5, Max: 3, Diff: 3, Sum: 3, Workers: 6
[37.792s][debug  ][gc,phases      ] GC(29)   JVMTI Tag Weak OopStorage      Min:  0.0, Avg:  0.0, Max:  0.0, Diff:  0.0, Sum:  0.0, Workers: 6
[37.792s][debug  ][gc,phases      ] GC(29)     Dead                           Min: 0, Avg:  0.0, Max: 0, Diff: 0, Sum: 0, Workers: 6
[37.792s][debug  ][gc,phases      ] GC(29)     Total                          Min: 0, Avg:  0.0, Max: 0, Diff: 0, Sum: 0, Workers: 6
[37.792s][debug  ][gc,phases      ] GC(29)   StringTable Weak               Min:  0.0, Avg:  0.0, Max:  0.0, Diff:  0.0, Sum:  0.1, Workers: 6
[37.792s][debug  ][gc,phases      ] GC(29)     Dead                           Min: 0, Avg:  0.0, Max: 0, Diff: 0, Sum: 0, Workers: 6
[37.792s][debug  ][gc,phases      ] GC(29)     Total                          Min: 768, Avg: 892.5, Max: 1088, Diff: 320, Sum: 5355, Workers: 6
[37.792s][debug  ][gc,phases      ] GC(29)   ResolvedMethodTable Weak       Min:  0.0, Avg:  0.0, Max:  0.0, Diff:  0.0, Sum:  0.0, Workers: 6
[37.792s][debug  ][gc,phases      ] GC(29)     Dead                           Min: 0, Avg:  0.0, Max: 0, Diff: 0, Sum: 0, Workers: 6
[37.792s][debug  ][gc,phases      ] GC(29)     Total                          Min: 0, Avg: 21.7, Max: 64, Diff: 64, Sum: 130, Workers: 6
[37.792s][debug  ][gc,phases      ] GC(29)   JNI Weak                       Min:  0.0, Avg:  0.0, Max:  0.0, Diff:  0.0, Sum:  0.0, Workers: 6
[37.792s][debug  ][gc,phases      ] GC(29)     Dead                           Min: 0, Avg:  0.0, Max: 0, Diff: 0, Sum: 0, Workers: 6
[37.792s][debug  ][gc,phases      ] GC(29)     Total                          Min: 0, Avg:  0.0, Max: 0, Diff: 0, Sum: 0, Workers: 6
[37.793s][debug  ][gc,phases      ] GC(29)   StringDedup Table Weak         Min:  0.0, Avg:  0.0, Max:  0.0, Diff:  0.0, Sum:  0.0, Workers: 6
[37.793s][debug  ][gc,phases      ] GC(29)     Dead                           Min: 0, Avg:  0.0, Max: 0, Diff: 0, Sum: 0, Workers: 6
[37.793s][debug  ][gc,phases      ] GC(29)     Total                          Min: 0, Avg:  0.0, Max: 0, Diff: 0, Sum: 0, Workers: 6
[37.793s][debug  ][gc,phases      ] GC(29)   StringDedup Requests0 Weak     Min:  0.0, Avg:  0.0, Max:  0.0, Diff:  0.0, Sum:  0.0, Workers: 6
[37.793s][debug  ][gc,phases      ] GC(29)     Dead                           Min: 0, Avg:  0.0, Max: 0, Diff: 0, Sum: 0, Workers: 6
[37.793s][debug  ][gc,phases      ] GC(29)     Total                          Min: 0, Avg:  0.0, Max: 0, Diff: 0, Sum: 0, Workers: 6
[37.793s][debug  ][gc,phases      ] GC(29)   StringDedup Requests1 Weak     Min:  0.0, Avg:  0.0, Max:  0.0, Diff:  0.0, Sum:  0.0, Workers: 6
[37.793s][debug  ][gc,phases      ] GC(29)     Dead                           Min: 0, Avg:  0.0, Max: 0, Diff: 0, Sum: 0, Workers: 6
[37.793s][debug  ][gc,phases      ] GC(29)     Total                          Min: 0, Avg:  0.0, Max: 0, Diff: 0, Sum: 0, Workers: 6
[37.793s][debug  ][gc,phases      ] GC(29)   Weak JFR Old Object Samples    Min:  0.0, Avg:  0.0, Max:  0.0, Diff:  0.0, Sum:  0.0, Workers: 6
[37.793s][debug  ][gc,phases      ] GC(29)     Dead                           Min: 0, Avg:  0.0, Max: 0, Diff: 0, Sum: 0, Workers: 6
[37.793s][debug  ][gc,phases      ] GC(29)     Total                          Min: 0, Avg:  0.0, Max: 0, Diff: 0, Sum: 0, Workers: 6
[37.793s][debug  ][gc,phases      ] GC(29) Weak Processing 0.690ms
[37.793s][debug  ][gc,ergo        ] GC(29) AdaptiveSizeStart:  collection: 30 
[37.793s][debug  ][gc,ergo        ] GC(29) avg_survived_padded_avg: 59537848.000000
[37.793s][debug  ][gc,ergo        ] GC(29) avg_promoted_padded_avg: 72704720.000000  avg_pretenured_padded_avg: 0.000000  tenuring_thresh: 1  target_size: 44564480
[37.793s][debug  ][gc,age         ] GC(29) Desired survivor size 44564480 bytes, new threshold 1 (max threshold 15)
[37.793s][debug  ][gc,ergo        ] GC(29) PSAdaptiveSizePolicy::compute_eden_space_size: costs minor_time: 0.009293 major_cost: 0.000000 mutator_cost: 0.990707 throughput_goal: 0.990000
[37.793s][debug  ][gc,ergo        ] GC(29) Live_space: 294671040 free_space: 145227776
[37.793s][debug  ][gc,ergo        ] GC(29) Old eden_size: 44564480 desired_eden_size: 44564480
[37.793s][debug  ][gc,ergo        ] GC(29) AdaptiveSizeStop: collection: 30 
[37.793s][info   ][gc,heap        ] GC(29) PSYoungGen: 51042K(87552K)->43008K(87552K) Eden: 43874K(44032K)->0K(44032K) From: 7168K(43520K)->43008K(43520K)
[37.793s][info   ][gc,heap        ] GC(29) ParOldGen: 838341K(917504K)->845509K(917504K)
[37.793s][info   ][gc,metaspace   ] GC(29) Metaspace: 1023K(1216K)->1023K(1216K) NonClass: 939K(1024K)->939K(1024K) Class: 83K(192K)->83K(192K)
[37.793s][info   ][gc             ] GC(29) Pause Young (Allocation Failure) 868M->867M(981M) 7.364ms
[37.793s][info   ][gc,cpu         ] GC(29) User=0.00s Sys=0.00s Real=0.01s
[37.793s][debug  ][gc,heap        ] GC(29) Heap after GC invocations=30 (full 0):
[37.793s][debug  ][gc,heap        ] GC(29)  PSYoungGen      total 87552K, used 43008K [0x00000000f8000000, 0x0000000100000000, 0x0000000100000000)
[37.793s][debug  ][gc,heap        ] GC(29)   eden space 44032K, 0% used [0x00000000f8000000,0x00000000f8000000,0x00000000fab00000)
[37.793s][debug  ][gc,heap        ] GC(29)   from space 43520K, 98% used [0x00000000fd580000,0x00000000fff802a0,0x0000000100000000)
[37.793s][debug  ][gc,heap        ] GC(29)   to   space 43520K, 0% used [0x00000000fab00000,0x00000000fab00000,0x00000000fd580000)
[37.793s][debug  ][gc,heap        ] GC(29)  ParOldGen       total 917504K, used 845509K [0x00000000c0000000, 0x00000000f8000000, 0x00000000f8000000)
[37.793s][debug  ][gc,heap        ] GC(29)   object space 917504K, 92% used [0x00000000c0000000,0x00000000f39b1528,0x00000000f8000000)
[37.793s][debug  ][gc,heap        ] GC(29)  Metaspace       used 1023K, committed 1216K, reserved 1056768K
[37.793s][debug  ][gc,heap        ] GC(29)   class space    used 83K, committed 192K, reserved 1048576K
[37.793s][debug  ][gc,task,time   ] GC(29) VM-Thread 377852666 377914678 377932714
[38.465s][debug  ][gc,heap        ] GC(30) Heap before GC invocations=31 (full 0):
[38.465s][debug  ][gc,heap        ] GC(30)  PSYoungGen      total 87552K, used 86882K [0x00000000f8000000, 0x0000000100000000, 0x0000000100000000)
[38.465s][debug  ][gc,heap        ] GC(30)   eden space 44032K, 99% used [0x00000000f8000000,0x00000000faad8638,0x00000000fab00000)
[38.465s][debug  ][gc,heap        ] GC(30)   from space 43520K, 98% used [0x00000000fd580000,0x00000000fff802a0,0x0000000100000000)
[38.465s][debug  ][gc,heap        ] GC(30)   to   space 43520K, 0% used [0x00000000fab00000,0x00000000fab00000,0x00000000fd580000)
[38.465s][debug  ][gc,heap        ] GC(30)  ParOldGen       total 917504K, used 845509K [0x00000000c0000000, 0x00000000f8000000, 0x00000000f8000000)
[38.465s][debug  ][gc,heap        ] GC(30)   object space 917504K, 92% used [0x00000000c0000000,0x00000000f39b1528,0x00000000f8000000)
[38.465s][debug  ][gc,heap        ] GC(30)  Metaspace       used 1023K, committed 1216K, reserved 1056768K
[38.465s][debug  ][gc,heap        ] GC(30)   class space    used 83K, committed 192K, reserved 1048576K
[38.465s][debug  ][gc,tlab        ] GC(30) TLAB totals: thrds: 1  refills: 1 max: 1 slow allocs: 41 max 41 waste: 45.8% gc: 885656B max: 885656B slow: 0B max: 0B
[38.465s][info   ][gc,start       ] GC(30) Pause Young (Allocation Failure)
[38.465s][debug  ][gc,phases,start] GC(30) Scavenge
[38.476s][debug  ][gc,phases      ] GC(30) Scavenge 10.407ms
[38.476s][debug  ][gc,phases,start] GC(30) Reference Processing
[38.476s][debug  ][gc,ref         ] GC(30) Skipped phase 1 of Reference Processing: no references
[38.476s][debug  ][gc,ref         ] GC(30) Skipped phase 2 of Reference Processing: no references
[38.476s][debug  ][gc,ref         ] GC(30) Skipped phase 3 of Reference Processing: no references
[38.476s][debug  ][gc,ref         ] GC(30) Skipped phase 4 of Reference Processing: no references
[38.476s][debug  ][gc,phases,ref  ] GC(30) Reference Processing: 0.1ms
[38.476s][debug  ][gc,phases,ref  ] GC(30)   Reconsider SoftReferences: 0.0ms
[38.476s][debug  ][gc,phases,ref  ] GC(30)     SoftRef (ms):                  skipped
[38.476s][debug  ][gc,phases,ref  ] GC(30)   Notify Soft/WeakReferences: 0.0ms
[38.476s][debug  ][gc,phases,ref  ] GC(30)     SoftRef (ms):                  skipped
[38.476s][debug  ][gc,phases,ref  ] GC(30)     WeakRef (ms):                  skipped
[38.476s][debug  ][gc,phases,ref  ] GC(30)     FinalRef (ms):                 skipped
[38.476s][debug  ][gc,phases,ref  ] GC(30)     Total (ms):                    skipped
[38.476s][debug  ][gc,phases,ref  ] GC(30)   Notify and keep alive finalizable: 0.0ms
[38.476s][debug  ][gc,phases,ref  ] GC(30)     FinalRef (ms):                 skipped
[38.476s][debug  ][gc,phases,ref  ] GC(30)   Notify PhantomReferences: 0.0ms
[38.476s][debug  ][gc,phases,ref  ] GC(30)     PhantomRef (ms):               skipped
[38.476s][debug  ][gc,phases,ref  ] GC(30)   SoftReference:
[38.476s][debug  ][gc,phases,ref  ] GC(30)     Discovered: 0
[38.476s][debug  ][gc,phases,ref  ] GC(30)     Cleared: 0
[38.476s][debug  ][gc,phases,ref  ] GC(30)   WeakReference:
[38.476s][debug  ][gc,phases,ref  ] GC(30)     Discovered: 0
[38.476s][debug  ][gc,phases,ref  ] GC(30)     Cleared: 0
[38.476s][debug  ][gc,phases,ref  ] GC(30)   FinalReference:
[38.476s][debug  ][gc,phases,ref  ] GC(30)     Discovered: 0
[38.476s][debug  ][gc,phases,ref  ] GC(30)     Cleared: 0
[38.476s][debug  ][gc,phases,ref  ] GC(30)   PhantomReference:
[38.476s][debug  ][gc,phases,ref  ] GC(30)     Discovered: 0
[38.476s][debug  ][gc,phases,ref  ] GC(30)     Cleared: 0
[38.477s][debug  ][gc,phases      ] GC(30) Reference Processing 0.680ms
[38.477s][debug  ][gc,phases,start] GC(30) Weak Processing
[38.477s][debug  ][gc,phases      ] GC(30)   VM Weak                        Min:  0.0, Avg:  0.0, Max:  0.0, Diff:  0.0, Sum:  0.0, Workers: 6
[38.477s][debug  ][gc,phases      ] GC(30)     Dead                           Min: 0, Avg:  0.0, Max: 0, Diff: 0, Sum: 0, Workers: 6
[38.477s][debug  ][gc,phases      ] GC(30)     Total                          Min: 0, Avg:  1.3, Max: 8, Diff: 8, Sum: 8, Workers: 6
[38.477s][debug  ][gc,phases      ] GC(30)   ObjectSynchronizer Weak        Min:  0.0, Avg:  0.0, Max:  0.0, Diff:  0.0, Sum:  0.0, Workers: 6
[38.477s][debug  ][gc,phases      ] GC(30)     Dead                           Min: 0, Avg:  0.0, Max: 0, Diff: 0, Sum: 0, Workers: 6
[38.477s][debug  ][gc,phases      ] GC(30)     Total                          Min: 0, Avg:  0.5, Max: 3, Diff: 3, Sum: 3, Workers: 6
[38.477s][debug  ][gc,phases      ] GC(30)   JVMTI Tag Weak OopStorage      Min:  0.0, Avg:  0.0, Max:  0.0, Diff:  0.0, Sum:  0.0, Workers: 6
[38.477s][debug  ][gc,phases      ] GC(30)     Dead                           Min: 0, Avg:  0.0, Max: 0, Diff: 0, Sum: 0, Workers: 6
[38.477s][debug  ][gc,phases      ] GC(30)     Total                          Min: 0, Avg:  0.0, Max: 0, Diff: 0, Sum: 0, Workers: 6
[38.477s][debug  ][gc,phases      ] GC(30)   StringTable Weak               Min:  0.0, Avg:  0.0, Max:  0.0, Diff:  0.0, Sum:  0.0, Workers: 6
[38.477s][debug  ][gc,phases      ] GC(30)     Dead                           Min: 0, Avg:  0.0, Max: 0, Diff: 0, Sum: 0, Workers: 6
[38.477s][debug  ][gc,phases      ] GC(30)     Total                          Min: 832, Avg: 892.5, Max: 960, Diff: 128, Sum: 5355, Workers: 6
[38.477s][debug  ][gc,phases      ] GC(30)   ResolvedMethodTable Weak       Min:  0.0, Avg:  0.0, Max:  0.0, Diff:  0.0, Sum:  0.0, Workers: 6
[38.477s][debug  ][gc,phases      ] GC(30)     Dead                           Min: 0, Avg:  0.0, Max: 0, Diff: 0, Sum: 0, Workers: 6
[38.477s][debug  ][gc,phases      ] GC(30)     Total                          Min: 0, Avg: 21.7, Max: 64, Diff: 64, Sum: 130, Workers: 6
[38.477s][debug  ][gc,phases      ] GC(30)   JNI Weak                       Min:  0.0, Avg:  0.0, Max:  0.0, Diff:  0.0, Sum:  0.0, Workers: 6
[38.477s][debug  ][gc,phases      ] GC(30)     Dead                           Min: 0, Avg:  0.0, Max: 0, Diff: 0, Sum: 0, Workers: 6
[38.477s][debug  ][gc,phases      ] GC(30)     Total                          Min: 0, Avg:  0.0, Max: 0, Diff: 0, Sum: 0, Workers: 6
[38.477s][debug  ][gc,phases      ] GC(30)   StringDedup Table Weak         Min:  0.0, Avg:  0.0, Max:  0.0, Diff:  0.0, Sum:  0.0, Workers: 6
[38.477s][debug  ][gc,phases      ] GC(30)     Dead                           Min: 0, Avg:  0.0, Max: 0, Diff: 0, Sum: 0, Workers: 6
[38.477s][debug  ][gc,phases      ] GC(30)     Total                          Min: 0, Avg:  0.0, Max: 0, Diff: 0, Sum: 0, Workers: 6
[38.477s][debug  ][gc,phases      ] GC(30)   StringDedup Requests0 Weak     Min:  0.0, Avg:  0.0, Max:  0.0, Diff:  0.0, Sum:  0.0, Workers: 6
[38.477s][debug  ][gc,phases      ] GC(30)     Dead                           Min: 0, Avg:  0.0, Max: 0, Diff: 0, Sum: 0, Workers: 6
[38.477s][debug  ][gc,phases      ] GC(30)     Total                          Min: 0, Avg:  0.0, Max: 0, Diff: 0, Sum: 0, Workers: 6
[38.477s][debug  ][gc,phases      ] GC(30)   StringDedup Requests1 Weak     Min:  0.0, Avg:  0.0, Max:  0.0, Diff:  0.0, Sum:  0.0, Workers: 6
[38.477s][debug  ][gc,phases      ] GC(30)     Dead                           Min: 0, Avg:  0.0, Max: 0, Diff: 0, Sum: 0, Workers: 6
[38.477s][debug  ][gc,phases      ] GC(30)     Total                          Min: 0, Avg:  0.0, Max: 0, Diff: 0, Sum: 0, Workers: 6
[38.477s][debug  ][gc,phases      ] GC(30)   Weak JFR Old Object Samples    Min:  0.0, Avg:  0.0, Max:  0.0, Diff:  0.0, Sum:  0.0, Workers: 6
[38.477s][debug  ][gc,phases      ] GC(30)     Dead                           Min: 0, Avg:  0.0, Max: 0, Diff: 0, Sum: 0, Workers: 6
[38.477s][debug  ][gc,phases      ] GC(30)     Total                          Min: 0, Avg:  0.0, Max: 0, Diff: 0, Sum: 0, Workers: 6
[38.477s][debug  ][gc,phases      ] GC(30) Weak Processing 0.915ms
[38.477s][debug  ][gc,ergo        ] GC(30) AdaptiveSizeStart:  collection: 31 
[38.477s][debug  ][gc,ergo        ] GC(30) avg_survived_padded_avg: 62795576.000000
[38.478s][debug  ][gc,ergo        ] GC(30) avg_promoted_padded_avg: 75941368.000000  avg_pretenured_padded_avg: 0.000000  tenuring_thresh: 1  target_size: 44564480
[38.478s][debug  ][gc,age         ] GC(30) Desired survivor size 44564480 bytes, new threshold 1 (max threshold 15)
[38.478s][debug  ][gc,ergo        ] GC(30) PSAdaptiveSizePolicy::compute_eden_space_size limits: desired_eden_size: 58720256 old_eden_size: 44564480 eden_limit: 45088768 cur_eden: 45088768 max_eden_size: 45088768 avg_young_live: 28016112
[38.478s][debug  ][gc,ergo        ] GC(30) PSAdaptiveSizePolicy::compute_eden_space_size: costs minor_time: 0.011400 major_cost: 0.000000 mutator_cost: 0.988600 throughput_goal: 0.990000
[38.478s][debug  ][gc,ergo        ] GC(30) Live_space: 296451584 free_space: 145227776
[38.478s][debug  ][gc,ergo        ] GC(30) Old eden_size: 44564480 desired_eden_size: 45088768
[38.478s][debug  ][gc,ergo        ] GC(30) AdaptiveSizeStop: collection: 31 
[38.478s][info   ][gc,heap        ] GC(30) PSYoungGen: 86882K(87552K)->43008K(87552K) Eden: 43873K(44032K)->0K(44032K) From: 43008K(43520K)->43008K(43520K)
[38.478s][info   ][gc,heap        ] GC(30) ParOldGen: 845509K(917504K)->888517K(917504K)
[38.478s][info   ][gc,metaspace   ] GC(30) Metaspace: 1023K(1216K)->1023K(1216K) NonClass: 939K(1024K)->939K(1024K) Class: 83K(192K)->83K(192K)
[38.478s][info   ][gc             ] GC(30) Pause Young (Allocation Failure) 910M->909M(981M) 12.516ms
[38.478s][info   ][gc,cpu         ] GC(30) User=0.02s Sys=0.14s Real=0.01s
[38.478s][debug  ][gc,heap        ] GC(30) Heap after GC invocations=31 (full 0):
[38.478s][debug  ][gc,heap        ] GC(30)  PSYoungGen      total 87552K, used 43008K [0x00000000f8000000, 0x0000000100000000, 0x0000000100000000)
[38.478s][debug  ][gc,heap        ] GC(30)   eden space 44032K, 0% used [0x00000000f8000000,0x00000000f8000000,0x00000000fab00000)
[38.478s][debug  ][gc,heap        ] GC(30)   from space 43520K, 98% used [0x00000000fab00000,0x00000000fd5002a0,0x00000000fd580000)
[38.478s][debug  ][gc,heap        ] GC(30)   to   space 43520K, 0% used [0x00000000fd580000,0x00000000fd580000,0x0000000100000000)
[38.478s][debug  ][gc,heap        ] GC(30)  ParOldGen       total 917504K, used 888517K [0x00000000c0000000, 0x00000000f8000000, 0x00000000f8000000)
[38.478s][debug  ][gc,heap        ] GC(30)   object space 917504K, 96% used [0x00000000c0000000,0x00000000f63b17c8,0x00000000f8000000)
[38.478s][debug  ][gc,heap        ] GC(30)  Metaspace       used 1023K, committed 1216K, reserved 1056768K
[38.478s][debug  ][gc,heap        ] GC(30)   class space    used 83K, committed 192K, reserved 1048576K
[38.478s][debug  ][gc,task,time   ] GC(30) VM-Thread 384648403 384758262 384780729
[38.478s][debug  ][gc,phases,start] GC(31) Pre Compact
[38.478s][debug  ][gc,heap        ] GC(31) Heap before GC invocations=32 (full 1):
[38.478s][debug  ][gc,heap        ] GC(31)  PSYoungGen      total 87552K, used 43008K [0x00000000f8000000, 0x0000000100000000, 0x0000000100000000)
[38.478s][debug  ][gc,heap        ] GC(31)   eden space 44032K, 0% used [0x00000000f8000000,0x00000000f8000000,0x00000000fab00000)
[38.478s][debug  ][gc,heap        ] GC(31)   from space 43520K, 98% used [0x00000000fab00000,0x00000000fd5002a0,0x00000000fd580000)
[38.478s][debug  ][gc,heap        ] GC(31)   to   space 43520K, 0% used [0x00000000fd580000,0x00000000fd580000,0x0000000100000000)
[38.478s][debug  ][gc,heap        ] GC(31)  ParOldGen       total 917504K, used 888517K [0x00000000c0000000, 0x00000000f8000000, 0x00000000f8000000)
[38.478s][debug  ][gc,heap        ] GC(31)   object space 917504K, 96% used [0x00000000c0000000,0x00000000f63b17c8,0x00000000f8000000)
[38.478s][debug  ][gc,heap        ] GC(31)  Metaspace       used 1023K, committed 1216K, reserved 1056768K
[38.478s][debug  ][gc,heap        ] GC(31)   class space    used 83K, committed 192K, reserved 1048576K
[38.478s][debug  ][gc,phases      ] GC(31) Pre Compact 0.242ms
[38.478s][info   ][gc,start       ] GC(31) Pause Full (Ergonomics)
[38.485s][info   ][gc,phases,start] GC(31) Marking Phase
[38.485s][debug  ][gc,phases,start] GC(31) Par Mark
[38.485s][debug  ][gc,phases      ] GC(31) Par Mark 0.566ms
[38.485s][debug  ][gc,phases,start] GC(31) Reference Processing
[38.485s][debug  ][gc,ref         ] GC(31) Skipped phase 1 of Reference Processing: no references
[38.485s][debug  ][gc,ref         ] GC(31) ReferenceProcessor::execute queues: 1, RefProcThreadModel::Single, marks_oops_alive: false
[38.485s][debug  ][gc,ref         ] GC(31) Skipped phase 3 of Reference Processing: no references
[38.485s][debug  ][gc,ref         ] GC(31) ReferenceProcessor::execute queues: 1, RefProcThreadModel::Single, marks_oops_alive: false
[38.485s][debug  ][gc,phases,ref  ] GC(31) Reference Processing: 0.1ms
[38.485s][debug  ][gc,phases,ref  ] GC(31)   Reconsider SoftReferences: 0.0ms
[38.485s][debug  ][gc,phases,ref  ] GC(31)     SoftRef (ms):                  skipped
[38.486s][debug  ][gc,phases,ref  ] GC(31)   Notify Soft/WeakReferences: 0.0ms
[38.486s][debug  ][gc,phases,ref  ] GC(31)     SoftRef (ms):                  Min:  0.0, Avg:  0.0, Max:  0.0, Diff:  0.0, Sum:  0.0, Workers: 10
[38.486s][debug  ][gc,phases,ref  ] GC(31)     WeakRef (ms):                  Min:  0.0, Avg:  0.0, Max:  0.0, Diff:  0.0, Sum:  0.0, Workers: 10
[38.486s][debug  ][gc,phases,ref  ] GC(31)     FinalRef (ms):                 Min:  0.0, Avg:  0.0, Max:  0.0, Diff:  0.0, Sum:  0.0, Workers: 10
[38.486s][debug  ][gc,phases,ref  ] GC(31)     Total (ms):                    Min:  0.0, Avg:  0.0, Max:  0.0, Diff:  0.0, Sum:  0.0, Workers: 10
[38.486s][debug  ][gc,phases,ref  ] GC(31)   Notify and keep alive finalizable: 0.0ms
[38.486s][debug  ][gc,phases,ref  ] GC(31)     FinalRef (ms):                 skipped
[38.486s][debug  ][gc,phases,ref  ] GC(31)   Notify PhantomReferences: 0.0ms
[38.486s][debug  ][gc,phases,ref  ] GC(31)     PhantomRef (ms):               Min:  0.0, Avg:  0.0, Max:  0.0, Diff:  0.0, Sum:  0.0, Workers: 10
[38.486s][debug  ][gc,phases,ref  ] GC(31)   SoftReference:
[38.486s][debug  ][gc,phases,ref  ] GC(31)     Discovered: 0
[38.486s][debug  ][gc,phases,ref  ] GC(31)     Cleared: 0
[38.486s][debug  ][gc,phases,ref  ] GC(31)   WeakReference:
[38.486s][debug  ][gc,phases,ref  ] GC(31)     Discovered: 72
[38.486s][debug  ][gc,phases,ref  ] GC(31)     Cleared: 72
[38.486s][debug  ][gc,phases,ref  ] GC(31)   FinalReference:
[38.486s][debug  ][gc,phases,ref  ] GC(31)     Discovered: 0
[38.486s][debug  ][gc,phases,ref  ] GC(31)     Cleared: 0
[38.486s][debug  ][gc,phases,ref  ] GC(31)   PhantomReference:
[38.486s][debug  ][gc,phases,ref  ] GC(31)     Discovered: 3
[38.486s][debug  ][gc,phases,ref  ] GC(31)     Cleared: 3
[38.486s][debug  ][gc,phases      ] GC(31) Reference Processing 0.588ms
[38.486s][debug  ][gc,phases,start] GC(31) Weak Processing
[38.486s][debug  ][gc,phases      ] GC(31)   VM Weak                        Min:  0.0, Avg:  0.0, Max:  0.0, Diff:  0.0, Sum:  0.0, Workers: 6
[38.486s][debug  ][gc,phases      ] GC(31)     Dead                           Min: 0, Avg:  0.0, Max: 0, Diff: 0, Sum: 0, Workers: 6
[38.486s][debug  ][gc,phases      ] GC(31)     Total                          Min: 0, Avg:  1.3, Max: 8, Diff: 8, Sum: 8, Workers: 6
[38.486s][debug  ][gc,phases      ] GC(31)   ObjectSynchronizer Weak        Min:  0.0, Avg:  0.0, Max:  0.0, Diff:  0.0, Sum:  0.0, Workers: 6
[38.486s][debug  ][gc,phases      ] GC(31)     Dead                           Min: 0, Avg:  0.0, Max: 0, Diff: 0, Sum: 0, Workers: 6
[38.486s][debug  ][gc,phases      ] GC(31)     Total                          Min: 0, Avg:  0.5, Max: 3, Diff: 3, Sum: 3, Workers: 6
[38.486s][debug  ][gc,phases      ] GC(31)   JVMTI Tag Weak OopStorage      Min:  0.0, Avg:  0.0, Max:  0.0, Diff:  0.0, Sum:  0.0, Workers: 6
[38.486s][debug  ][gc,phases      ] GC(31)     Dead                           Min: 0, Avg:  0.0, Max: 0, Diff: 0, Sum: 0, Workers: 6
[38.486s][debug  ][gc,phases      ] GC(31)     Total                          Min: 0, Avg:  0.0, Max: 0, Diff: 0, Sum: 0, Workers: 6
[38.486s][debug  ][gc,phases      ] GC(31)   StringTable Weak               Min:  0.0, Avg:  0.0, Max:  0.0, Diff:  0.0, Sum:  0.0, Workers: 6
[38.486s][debug  ][gc,phases      ] GC(31)     Dead                           Min: 0, Avg:  0.0, Max: 0, Diff: 0, Sum: 0, Workers: 6
[38.486s][debug  ][gc,phases      ] GC(31)     Total                          Min: 683, Avg: 892.5, Max: 1152, Diff: 469, Sum: 5355, Workers: 6
[38.486s][debug  ][gc,phases      ] GC(31)   ResolvedMethodTable Weak       Min:  0.0, Avg:  0.0, Max:  0.0, Diff:  0.0, Sum:  0.0, Workers: 6
[38.486s][debug  ][gc,phases      ] GC(31)     Dead                           Min: 0, Avg:  0.0, Max: 0, Diff: 0, Sum: 0, Workers: 6
[38.486s][debug  ][gc,phases      ] GC(31)     Total                          Min: 0, Avg: 21.7, Max: 64, Diff: 64, Sum: 130, Workers: 6
[38.486s][debug  ][gc,phases      ] GC(31)   JNI Weak                       Min:  0.0, Avg:  0.0, Max:  0.0, Diff:  0.0, Sum:  0.0, Workers: 6
[38.486s][debug  ][gc,phases      ] GC(31)     Dead                           Min: 0, Avg:  0.0, Max: 0, Diff: 0, Sum: 0, Workers: 6
[38.486s][debug  ][gc,phases      ] GC(31)     Total                          Min: 0, Avg:  0.0, Max: 0, Diff: 0, Sum: 0, Workers: 6
[38.486s][debug  ][gc,phases      ] GC(31)   StringDedup Table Weak         Min:  0.0, Avg:  0.0, Max:  0.0, Diff:  0.0, Sum:  0.0, Workers: 6
[38.486s][debug  ][gc,phases      ] GC(31)     Dead                           Min: 0, Avg:  0.0, Max: 0, Diff: 0, Sum: 0, Workers: 6
[38.486s][debug  ][gc,phases      ] GC(31)     Total                          Min: 0, Avg:  0.0, Max: 0, Diff: 0, Sum: 0, Workers: 6
[38.486s][debug  ][gc,phases      ] GC(31)   StringDedup Requests0 Weak     Min:  0.0, Avg:  0.0, Max:  0.0, Diff:  0.0, Sum:  0.0, Workers: 6
[38.486s][debug  ][gc,phases      ] GC(31)     Dead                           Min: 0, Avg:  0.0, Max: 0, Diff: 0, Sum: 0, Workers: 6
[38.486s][debug  ][gc,phases      ] GC(31)     Total                          Min: 0, Avg:  0.0, Max: 0, Diff: 0, Sum: 0, Workers: 6
[38.486s][debug  ][gc,phases      ] GC(31)   StringDedup Requests1 Weak     Min:  0.0, Avg:  0.0, Max:  0.0, Diff:  0.0, Sum:  0.0, Workers: 6
[38.486s][debug  ][gc,phases      ] GC(31)     Dead                           Min: 0, Avg:  0.0, Max: 0, Diff: 0, Sum: 0, Workers: 6
[38.487s][debug  ][gc,phases      ] GC(31)     Total                          Min: 0, Avg:  0.0, Max: 0, Diff: 0, Sum: 0, Workers: 6
[38.487s][debug  ][gc,phases      ] GC(31)   Weak JFR Old Object Samples    Min:  0.0, Avg:  0.0, Max:  0.0, Diff:  0.0, Sum:  0.0, Workers: 6
[38.487s][debug  ][gc,phases      ] GC(31)     Dead                           Min: 0, Avg:  0.0, Max: 0, Diff: 0, Sum: 0, Workers: 6
[38.487s][debug  ][gc,phases      ] GC(31)     Total                          Min: 0, Avg:  0.0, Max: 0, Diff: 0, Sum: 0, Workers: 6
[38.487s][debug  ][gc,phases      ] GC(31) Weak Processing 0.654ms
[38.487s][debug  ][gc,phases,start] GC(31) Class Unloading
[38.487s][debug  ][gc,phases,start] GC(31) ClassLoaderData
[38.487s][debug  ][gc,phases      ] GC(31) ClassLoaderData 0.021ms
[38.487s][debug  ][gc,phases,start] GC(31) Trigger cleanups
[38.487s][debug  ][gc,phases      ] GC(31) Trigger cleanups 0.019ms
[38.487s][debug  ][gc,phases      ] GC(31) Class Unloading 0.256ms
[38.487s][info   ][gc,phases      ] GC(31) Marking Phase 2.229ms
[38.487s][info   ][gc,phases,start] GC(31) Summary Phase
[38.487s][info   ][gc,phases      ] GC(31) Summary Phase 0.040ms
[38.487s][info   ][gc,phases,start] GC(31) Adjust Roots
[38.487s][info   ][gc,phases      ] GC(31) Adjust Roots 0.346ms
[38.487s][info   ][gc,phases,start] GC(31) Compaction Phase
[38.498s][info   ][gc,phases      ] GC(31) Compaction Phase 10.239ms
[38.498s][info   ][gc,phases,start] GC(31) Post Compact
[38.509s][info   ][gc,phases      ] GC(31) Post Compact 11.028ms
[38.509s][debug  ][gc,ergo        ] GC(31) AdaptiveSizeStart: collection: 32 
[38.509s][debug  ][gc,ergo        ] GC(31) PSAdaptiveSizePolicy::compute_eden_space_size limits: desired_eden_size: 57833016 old_eden_size: 45088768 eden_limit: 45088768 cur_eden: 45088768 max_eden_size: 45088768 avg_young_live: 25214500
[38.509s][debug  ][gc,ergo        ] GC(31) PSAdaptiveSizePolicy::compute_eden_space_size: costs minor_time: 0.011400 major_cost: 0.000794 mutator_cost: 0.987806 throughput_goal: 0.990000
[38.509s][debug  ][gc,ergo        ] GC(31) Live_space: 293649952 free_space: 145752064
[38.509s][debug  ][gc,ergo        ] GC(31) Old eden_size: 45088768 desired_eden_size: 45088768
[38.509s][debug  ][gc,ergo        ] GC(31) PSAdaptiveSizePolicy::compute_old_gen_free_space: costs minor_time: 0.011400 major_cost: 0.000794  mutator_cost: 0.987806 throughput_goal: 0.990000
[38.509s][debug  ][gc,ergo        ] GC(31) Live_space: 390746048 free_space: 145752064
[38.509s][debug  ][gc,ergo        ] GC(31) Old promo_size: 100663296 desired_promo_size: 107479040
[38.545s][debug  ][gc             ] GC(31) Shrinking ParOldGen from 917504K by 643072K to 274432K
[38.545s][debug  ][gc,ergo        ] GC(31) AdaptiveSizeStop: collection: 32 
[38.545s][info   ][gc,heap        ] GC(31) PSYoungGen: 43008K(87552K)->0K(87552K) Eden: 0K(44032K)->0K(44032K) From: 43008K(43520K)->0K(43520K)
[38.545s][info   ][gc,heap        ] GC(31) ParOldGen: 888517K(917504K)->94820K(274432K)
[38.545s][info   ][gc,metaspace   ] GC(31) Metaspace: 1023K(1216K)->1023K(1216K) NonClass: 939K(1024K)->939K(1024K) Class: 83K(192K)->83K(192K)
[38.546s][info   ][gc             ] GC(31) Pause Full (Ergonomics) 909M->92M(353M) 67.149ms
[38.546s][info   ][gc,cpu         ] GC(31) User=0.00s Sys=0.06s Real=0.07s
[38.546s][debug  ][gc,heap        ] GC(31) Heap after GC invocations=32 (full 1):
[38.546s][debug  ][gc,heap        ] GC(31)  PSYoungGen      total 87552K, used 0K [0x00000000f8000000, 0x0000000100000000, 0x0000000100000000)
[38.546s][debug  ][gc,heap        ] GC(31)   eden space 44032K, 0% used [0x00000000f8000000,0x00000000f8000000,0x00000000fab00000)
[38.546s][debug  ][gc,heap        ] GC(31)   from space 43520K, 0% used [0x00000000fd580000,0x00000000fd580000,0x0000000100000000)
[38.546s][debug  ][gc,heap        ] GC(31)   to   space 43520K, 0% used [0x00000000fab00000,0x00000000fab00000,0x00000000fd580000)
[38.546s][debug  ][gc,heap        ] GC(31)  ParOldGen       total 274432K, used 94820K [0x00000000c0000000, 0x00000000d0c00000, 0x00000000f8000000)
[38.546s][debug  ][gc,heap        ] GC(31)   object space 274432K, 34% used [0x00000000c0000000,0x00000000c5c99198,0x00000000d0c00000)
[38.546s][debug  ][gc,heap        ] GC(31)  Metaspace       used 1023K, committed 1216K, reserved 1056768K
[38.546s][debug  ][gc,heap        ] GC(31)   class space    used 83K, committed 192K, reserved 1048576K
[38.546s][debug  ][gc,task,time   ] GC(31) VM-Thread 384783995 384873480 385455906
[39.207s][debug  ][gc,heap        ] GC(32) Heap before GC invocations=33 (full 1):
[39.207s][debug  ][gc,heap        ] GC(32)  PSYoungGen      total 87552K, used 43872K [0x00000000f8000000, 0x0000000100000000, 0x0000000100000000)
[39.207s][debug  ][gc,heap        ] GC(32)   eden space 44032K, 99% used [0x00000000f8000000,0x00000000faad83f8,0x00000000fab00000)
[39.207s][debug  ][gc,heap        ] GC(32)   from space 43520K, 0% used [0x00000000fd580000,0x00000000fd580000,0x0000000100000000)
[39.207s][debug  ][gc,heap        ] GC(32)   to   space 43520K, 0% used [0x00000000fab00000,0x00000000fab00000,0x00000000fd580000)
[39.207s][debug  ][gc,heap        ] GC(32)  ParOldGen       total 274432K, used 94820K [0x00000000c0000000, 0x00000000d0c00000, 0x00000000f8000000)
[39.207s][debug  ][gc,heap        ] GC(32)   object space 274432K, 34% used [0x00000000c0000000,0x00000000c5c99198,0x00000000d0c00000)
[39.207s][debug  ][gc,heap        ] GC(32)  Metaspace       used 1023K, committed 1216K, reserved 1056768K
[39.207s][debug  ][gc,heap        ] GC(32)   class space    used 83K, committed 192K, reserved 1048576K
[39.207s][debug  ][gc,tlab        ] GC(32) TLAB totals: thrds: 1  refills: 1 max: 1 slow allocs: 41 max 41 waste: 45.7% gc: 884016B max: 884016B slow: 0B max: 0B
[39.207s][info   ][gc,start       ] GC(32) Pause Young (Allocation Failure)
[39.207s][debug  ][gc,phases,start] GC(32) Scavenge
[39.210s][debug  ][gc,phases      ] GC(32) Scavenge 3.302ms
[39.210s][debug  ][gc,phases,start] GC(32) Reference Processing
[39.211s][debug  ][gc,ref         ] GC(32) Skipped phase 1 of Reference Processing: no references
[39.211s][debug  ][gc,ref         ] GC(32) Skipped phase 2 of Reference Processing: no references
[39.211s][debug  ][gc,ref         ] GC(32) Skipped phase 3 of Reference Processing: no references
[39.211s][debug  ][gc,ref         ] GC(32) Skipped phase 4 of Reference Processing: no references
[39.211s][debug  ][gc,phases,ref  ] GC(32) Reference Processing: 0.1ms
[39.211s][debug  ][gc,phases,ref  ] GC(32)   Reconsider SoftReferences: 0.0ms
[39.211s][debug  ][gc,phases,ref  ] GC(32)     SoftRef (ms):                  skipped
[39.211s][debug  ][gc,phases,ref  ] GC(32)   Notify Soft/WeakReferences: 0.0ms
[39.211s][debug  ][gc,phases,ref  ] GC(32)     SoftRef (ms):                  skipped
[39.211s][debug  ][gc,phases,ref  ] GC(32)     WeakRef (ms):                  skipped
[39.211s][debug  ][gc,phases,ref  ] GC(32)     FinalRef (ms):                 skipped
[39.211s][debug  ][gc,phases,ref  ] GC(32)     Total (ms):                    skipped
[39.211s][debug  ][gc,phases,ref  ] GC(32)   Notify and keep alive finalizable: 0.0ms
[39.211s][debug  ][gc,phases,ref  ] GC(32)     FinalRef (ms):                 skipped
[39.211s][debug  ][gc,phases,ref  ] GC(32)   Notify PhantomReferences: 0.0ms
[39.211s][debug  ][gc,phases,ref  ] GC(32)     PhantomRef (ms):               skipped
[39.211s][debug  ][gc,phases,ref  ] GC(32)   SoftReference:
[39.211s][debug  ][gc,phases,ref  ] GC(32)     Discovered: 0
[39.211s][debug  ][gc,phases,ref  ] GC(32)     Cleared: 0
[39.211s][debug  ][gc,phases,ref  ] GC(32)   WeakReference:
[39.211s][debug  ][gc,phases,ref  ] GC(32)     Discovered: 0
[39.211s][debug  ][gc,phases,ref  ] GC(32)     Cleared: 0
[39.211s][debug  ][gc,phases,ref  ] GC(32)   FinalReference:
[39.211s][debug  ][gc,phases,ref  ] GC(32)     Discovered: 0
[39.211s][debug  ][gc,phases,ref  ] GC(32)     Cleared: 0
[39.211s][debug  ][gc,phases,ref  ] GC(32)   PhantomReference:
[39.211s][debug  ][gc,phases,ref  ] GC(32)     Discovered: 0
[39.211s][debug  ][gc,phases,ref  ] GC(32)     Cleared: 0
[39.211s][debug  ][gc,phases      ] GC(32) Reference Processing 0.690ms
[39.211s][debug  ][gc,phases,start] GC(32) Weak Processing
[39.211s][debug  ][gc,phases      ] GC(32)   VM Weak                        Min:  0.0, Avg:  0.0, Max:  0.0, Diff:  0.0, Sum:  0.0, Workers: 6
[39.211s][debug  ][gc,phases      ] GC(32)     Dead                           Min: 0, Avg:  0.0, Max: 0, Diff: 0, Sum: 0, Workers: 6
[39.211s][debug  ][gc,phases      ] GC(32)     Total                          Min: 0, Avg:  1.3, Max: 8, Diff: 8, Sum: 8, Workers: 6
[39.211s][debug  ][gc,phases      ] GC(32)   ObjectSynchronizer Weak        Min:  0.0, Avg:  0.0, Max:  0.0, Diff:  0.0, Sum:  0.0, Workers: 6
[39.211s][debug  ][gc,phases      ] GC(32)     Dead                           Min: 0, Avg:  0.0, Max: 0, Diff: 0, Sum: 0, Workers: 6
[39.211s][debug  ][gc,phases      ] GC(32)     Total                          Min: 0, Avg:  0.5, Max: 3, Diff: 3, Sum: 3, Workers: 6
[39.211s][debug  ][gc,phases      ] GC(32)   JVMTI Tag Weak OopStorage      Min:  0.0, Avg:  0.0, Max:  0.0, Diff:  0.0, Sum:  0.0, Workers: 6
[39.211s][debug  ][gc,phases      ] GC(32)     Dead                           Min: 0, Avg:  0.0, Max: 0, Diff: 0, Sum: 0, Workers: 6
[39.211s][debug  ][gc,phases      ] GC(32)     Total                          Min: 0, Avg:  0.0, Max: 0, Diff: 0, Sum: 0, Workers: 6
[39.211s][debug  ][gc,phases      ] GC(32)   StringTable Weak               Min:  0.0, Avg:  0.0, Max:  0.0, Diff:  0.0, Sum:  0.0, Workers: 6
[39.212s][debug  ][gc,phases      ] GC(32)     Dead                           Min: 0, Avg:  0.0, Max: 0, Diff: 0, Sum: 0, Workers: 6
[39.212s][debug  ][gc,phases      ] GC(32)     Total                          Min: 576, Avg: 892.5, Max: 1088, Diff: 512, Sum: 5355, Workers: 6
[39.212s][debug  ][gc,phases      ] GC(32)   ResolvedMethodTable Weak       Min:  0.0, Avg:  0.0, Max:  0.0, Diff:  0.0, Sum:  0.0, Workers: 6
[39.212s][debug  ][gc,phases      ] GC(32)     Dead                           Min: 0, Avg:  0.0, Max: 0, Diff: 0, Sum: 0, Workers: 6
[39.212s][debug  ][gc,phases      ] GC(32)     Total                          Min: 0, Avg: 21.7, Max: 64, Diff: 64, Sum: 130, Workers: 6
[39.212s][debug  ][gc,phases      ] GC(32)   JNI Weak                       Min:  0.0, Avg:  0.0, Max:  0.0, Diff:  0.0, Sum:  0.0, Workers: 6
[39.212s][debug  ][gc,phases      ] GC(32)     Dead                           Min: 0, Avg:  0.0, Max: 0, Diff: 0, Sum: 0, Workers: 6
[39.212s][debug  ][gc,phases      ] GC(32)     Total                          Min: 0, Avg:  0.0, Max: 0, Diff: 0, Sum: 0, Workers: 6
[39.212s][debug  ][gc,phases      ] GC(32)   StringDedup Table Weak         Min:  0.0, Avg:  0.0, Max:  0.0, Diff:  0.0, Sum:  0.0, Workers: 6
[39.212s][debug  ][gc,phases      ] GC(32)     Dead                           Min: 0, Avg:  0.0, Max: 0, Diff: 0, Sum: 0, Workers: 6
[39.212s][debug  ][gc,phases      ] GC(32)     Total                          Min: 0, Avg:  0.0, Max: 0, Diff: 0, Sum: 0, Workers: 6
[39.212s][debug  ][gc,phases      ] GC(32)   StringDedup Requests0 Weak     Min:  0.0, Avg:  0.0, Max:  0.0, Diff:  0.0, Sum:  0.0, Workers: 6
[39.212s][debug  ][gc,phases      ] GC(32)     Dead                           Min: 0, Avg:  0.0, Max: 0, Diff: 0, Sum: 0, Workers: 6
[39.212s][debug  ][gc,phases      ] GC(32)     Total                          Min: 0, Avg:  0.0, Max: 0, Diff: 0, Sum: 0, Workers: 6
[39.212s][debug  ][gc,phases      ] GC(32)   StringDedup Requests1 Weak     Min:  0.0, Avg:  0.0, Max:  0.0, Diff:  0.0, Sum:  0.0, Workers: 6
[39.212s][debug  ][gc,phases      ] GC(32)     Dead                           Min: 0, Avg:  0.0, Max: 0, Diff: 0, Sum: 0, Workers: 6
[39.212s][debug  ][gc,phases      ] GC(32)     Total                          Min: 0, Avg:  0.0, Max: 0, Diff: 0, Sum: 0, Workers: 6
[39.212s][debug  ][gc,phases      ] GC(32)   Weak JFR Old Object Samples    Min:  0.0, Avg:  0.0, Max:  0.0, Diff:  0.0, Sum:  0.0, Workers: 6
[39.212s][debug  ][gc,phases      ] GC(32)     Dead                           Min: 0, Avg:  0.0, Max: 0, Diff: 0, Sum: 0, Workers: 6
[39.212s][debug  ][gc,phases      ] GC(32)     Total                          Min: 0, Avg:  0.0, Max: 0, Diff: 0, Sum: 0, Workers: 6
[39.212s][debug  ][gc,phases      ] GC(32) Weak Processing 0.801ms
[39.212s][debug  ][gc,ergo        ] GC(32) AdaptiveSizeStart:  collection: 33 
[39.212s][debug  ][gc,ergo        ] GC(32) avg_survived_padded_avg: 61754976.000000
[39.212s][debug  ][gc,ergo        ] GC(32) avg_promoted_padded_avg: 73571632.000000  avg_pretenured_padded_avg: 0.000000  tenuring_thresh: 1  target_size: 44564480
[39.212s][debug  ][gc,age         ] GC(32) Desired survivor size 44564480 bytes, new threshold 1 (max threshold 15)
[39.212s][debug  ][gc,ergo        ] GC(32) PSAdaptiveSizePolicy::compute_eden_space_size limits: desired_eden_size: 57739340 old_eden_size: 45088768 eden_limit: 45088768 cur_eden: 45088768 max_eden_size: 45088768 avg_young_live: 26153404
[39.212s][debug  ][gc,ergo        ] GC(32) PSAdaptiveSizePolicy::compute_eden_space_size: costs minor_time: 0.010236 major_cost: 0.000794 mutator_cost: 0.988970 throughput_goal: 0.990000
[39.212s][debug  ][gc,ergo        ] GC(32) Live_space: 391684960 free_space: 152567808
[39.212s][debug  ][gc,ergo        ] GC(32) Old eden_size: 45088768 desired_eden_size: 45088768
[39.212s][debug  ][gc,ergo        ] GC(32) AdaptiveSizeStop: collection: 33 
[39.212s][info   ][gc,heap        ] GC(32) PSYoungGen: 43872K(87552K)->33792K(87552K) Eden: 43872K(44032K)->0K(44032K) From: 0K(43520K)->33792K(43520K)
[39.212s][info   ][gc,heap        ] GC(32) ParOldGen: 94820K(274432K)->94820K(274432K)
[39.212s][info   ][gc,metaspace   ] GC(32) Metaspace: 1023K(1216K)->1023K(1216K) NonClass: 939K(1024K)->939K(1024K) Class: 83K(192K)->83K(192K)
[39.212s][info   ][gc             ] GC(32) Pause Young (Allocation Failure) 135M->125M(353M) 5.322ms
[39.212s][info   ][gc,cpu         ] GC(32) User=0.00s Sys=0.00s Real=0.01s
[39.212s][debug  ][gc,heap        ] GC(32) Heap after GC invocations=33 (full 1):
[39.212s][debug  ][gc,heap        ] GC(32)  PSYoungGen      total 87552K, used 33792K [0x00000000f8000000, 0x0000000100000000, 0x0000000100000000)
[39.212s][debug  ][gc,heap        ] GC(32)   eden space 44032K, 0% used [0x00000000f8000000,0x00000000f8000000,0x00000000fab00000)
[39.212s][debug  ][gc,heap        ] GC(32)   from space 43520K, 77% used [0x00000000fab00000,0x00000000fcc00210,0x00000000fd580000)
[39.213s][debug  ][gc,heap        ] GC(32)   to   space 43520K, 0% used [0x00000000fd580000,0x00000000fd580000,0x0000000100000000)
[39.213s][debug  ][gc,heap        ] GC(32)  ParOldGen       total 274432K, used 94820K [0x00000000c0000000, 0x00000000d0c00000, 0x00000000f8000000)
[39.213s][debug  ][gc,heap        ] GC(32)   object space 274432K, 34% used [0x00000000c0000000,0x00000000c5c99198,0x00000000d0c00000)
[39.213s][debug  ][gc,heap        ] GC(32)  Metaspace       used 1023K, committed 1216K, reserved 1056768K
[39.213s][debug  ][gc,heap        ] GC(32)   class space    used 83K, committed 192K, reserved 1048576K
[39.213s][debug  ][gc,task,time   ] GC(32) VM-Thread 392066120 392104879 392126330
[39.888s][debug  ][gc,heap        ] GC(33) Heap before GC invocations=34 (full 1):
[39.888s][debug  ][gc,heap        ] GC(33)  PSYoungGen      total 87552K, used 77657K [0x00000000f8000000, 0x0000000100000000, 0x0000000100000000)
[39.888s][debug  ][gc,heap        ] GC(33)   eden space 44032K, 99% used [0x00000000f8000000,0x00000000faad65b8,0x00000000fab00000)
[39.888s][debug  ][gc,heap        ] GC(33)   from space 43520K, 77% used [0x00000000fab00000,0x00000000fcc00210,0x00000000fd580000)
[39.888s][debug  ][gc,heap        ] GC(33)   to   space 43520K, 0% used [0x00000000fd580000,0x00000000fd580000,0x0000000100000000)
[39.888s][debug  ][gc,heap        ] GC(33)  ParOldGen       total 274432K, used 94820K [0x00000000c0000000, 0x00000000d0c00000, 0x00000000f8000000)
[39.888s][debug  ][gc,heap        ] GC(33)   object space 274432K, 34% used [0x00000000c0000000,0x00000000c5c99198,0x00000000d0c00000)
[39.888s][debug  ][gc,heap        ] GC(33)  Metaspace       used 1023K, committed 1216K, reserved 1056768K
[39.888s][debug  ][gc,heap        ] GC(33)   class space    used 83K, committed 192K, reserved 1048576K
[39.888s][debug  ][gc,tlab        ] GC(33) TLAB totals: thrds: 1  refills: 1 max: 1 slow allocs: 41 max 41 waste: 45.6% gc: 877336B max: 877336B slow: 0B max: 0B
[39.888s][info   ][gc,start       ] GC(33) Pause Young (Allocation Failure)
[39.888s][debug  ][gc,phases,start] GC(33) Scavenge
[39.896s][debug  ][gc,phases      ] GC(33) Scavenge 7.681ms
[39.896s][debug  ][gc,phases,start] GC(33) Reference Processing
[39.896s][debug  ][gc,ref         ] GC(33) Skipped phase 1 of Reference Processing: no references
[39.896s][debug  ][gc,ref         ] GC(33) Skipped phase 2 of Reference Processing: no references
[39.896s][debug  ][gc,ref         ] GC(33) Skipped phase 3 of Reference Processing: no references
[39.896s][debug  ][gc,ref         ] GC(33) Skipped phase 4 of Reference Processing: no references
[39.896s][debug  ][gc,phases,ref  ] GC(33) Reference Processing: 0.1ms
[39.896s][debug  ][gc,phases,ref  ] GC(33)   Reconsider SoftReferences: 0.0ms
[39.896s][debug  ][gc,phases,ref  ] GC(33)     SoftRef (ms):                  skipped
[39.897s][debug  ][gc,phases,ref  ] GC(33)   Notify Soft/WeakReferences: 0.0ms
[39.897s][debug  ][gc,phases,ref  ] GC(33)     SoftRef (ms):                  skipped
[39.897s][debug  ][gc,phases,ref  ] GC(33)     WeakRef (ms):                  skipped
[39.897s][debug  ][gc,phases,ref  ] GC(33)     FinalRef (ms):                 skipped
[39.897s][debug  ][gc,phases,ref  ] GC(33)     Total (ms):                    skipped
[39.897s][debug  ][gc,phases,ref  ] GC(33)   Notify and keep alive finalizable: 0.0ms
[39.897s][debug  ][gc,phases,ref  ] GC(33)     FinalRef (ms):                 skipped
[39.897s][debug  ][gc,phases,ref  ] GC(33)   Notify PhantomReferences: 0.0ms
[39.897s][debug  ][gc,phases,ref  ] GC(33)     PhantomRef (ms):               skipped
[39.897s][debug  ][gc,phases,ref  ] GC(33)   SoftReference:
[39.897s][debug  ][gc,phases,ref  ] GC(33)     Discovered: 0
[39.897s][debug  ][gc,phases,ref  ] GC(33)     Cleared: 0
[39.897s][debug  ][gc,phases,ref  ] GC(33)   WeakReference:
[39.897s][debug  ][gc,phases,ref  ] GC(33)     Discovered: 0
[39.897s][debug  ][gc,phases,ref  ] GC(33)     Cleared: 0
[39.897s][debug  ][gc,phases,ref  ] GC(33)   FinalReference:
[39.897s][debug  ][gc,phases,ref  ] GC(33)     Discovered: 0
[39.897s][debug  ][gc,phases,ref  ] GC(33)     Cleared: 0
[39.897s][debug  ][gc,phases,ref  ] GC(33)   PhantomReference:
[39.897s][debug  ][gc,phases,ref  ] GC(33)     Discovered: 0
[39.897s][debug  ][gc,phases,ref  ] GC(33)     Cleared: 0
[39.897s][debug  ][gc,phases      ] GC(33) Reference Processing 0.701ms
[39.897s][debug  ][gc,phases,start] GC(33) Weak Processing
[39.897s][debug  ][gc,phases      ] GC(33)   VM Weak                        Min:  0.0, Avg:  0.0, Max:  0.0, Diff:  0.0, Sum:  0.0, Workers: 6
[39.897s][debug  ][gc,phases      ] GC(33)     Dead                           Min: 0, Avg:  0.0, Max: 0, Diff: 0, Sum: 0, Workers: 6
[39.897s][debug  ][gc,phases      ] GC(33)     Total                          Min: 0, Avg:  1.3, Max: 8, Diff: 8, Sum: 8, Workers: 6
[39.897s][debug  ][gc,phases      ] GC(33)   ObjectSynchronizer Weak        Min:  0.0, Avg:  0.0, Max:  0.0, Diff:  0.0, Sum:  0.0, Workers: 6
[39.897s][debug  ][gc,phases      ] GC(33)     Dead                           Min: 0, Avg:  0.0, Max: 0, Diff: 0, Sum: 0, Workers: 6
[39.897s][debug  ][gc,phases      ] GC(33)     Total                          Min: 0, Avg:  0.5, Max: 3, Diff: 3, Sum: 3, Workers: 6
[39.897s][debug  ][gc,phases      ] GC(33)   JVMTI Tag Weak OopStorage      Min:  0.0, Avg:  0.0, Max:  0.0, Diff:  0.0, Sum:  0.0, Workers: 6
[39.897s][debug  ][gc,phases      ] GC(33)     Dead                           Min: 0, Avg:  0.0, Max: 0, Diff: 0, Sum: 0, Workers: 6
[39.897s][debug  ][gc,phases      ] GC(33)     Total                          Min: 0, Avg:  0.0, Max: 0, Diff: 0, Sum: 0, Workers: 6
[39.897s][debug  ][gc,phases      ] GC(33)   StringTable Weak               Min:  0.0, Avg:  0.0, Max:  0.0, Diff:  0.0, Sum:  0.0, Workers: 6
[39.897s][debug  ][gc,phases      ] GC(33)     Dead                           Min: 0, Avg:  0.0, Max: 0, Diff: 0, Sum: 0, Workers: 6
[39.897s][debug  ][gc,phases      ] GC(33)     Total                          Min: 703, Avg: 892.5, Max: 1024, Diff: 321, Sum: 5355, Workers: 6
[39.897s][debug  ][gc,phases      ] GC(33)   ResolvedMethodTable Weak       Min:  0.0, Avg:  0.0, Max:  0.0, Diff:  0.0, Sum:  0.0, Workers: 6
[39.897s][debug  ][gc,phases      ] GC(33)     Dead                           Min: 0, Avg:  0.0, Max: 0, Diff: 0, Sum: 0, Workers: 6
[39.897s][debug  ][gc,phases      ] GC(33)     Total                          Min: 0, Avg: 21.7, Max: 64, Diff: 64, Sum: 130, Workers: 6
[39.897s][debug  ][gc,phases      ] GC(33)   JNI Weak                       Min:  0.0, Avg:  0.0, Max:  0.0, Diff:  0.0, Sum:  0.0, Workers: 6
[39.898s][debug  ][gc,phases      ] GC(33)     Dead                           Min: 0, Avg:  0.0, Max: 0, Diff: 0, Sum: 0, Workers: 6
[39.898s][debug  ][gc,phases      ] GC(33)     Total                          Min: 0, Avg:  0.0, Max: 0, Diff: 0, Sum: 0, Workers: 6
[39.898s][debug  ][gc,phases      ] GC(33)   StringDedup Table Weak         Min:  0.0, Avg:  0.0, Max:  0.0, Diff:  0.0, Sum:  0.0, Workers: 6
[39.898s][debug  ][gc,phases      ] GC(33)     Dead                           Min: 0, Avg:  0.0, Max: 0, Diff: 0, Sum: 0, Workers: 6
[39.898s][debug  ][gc,phases      ] GC(33)     Total                          Min: 0, Avg:  0.0, Max: 0, Diff: 0, Sum: 0, Workers: 6
[39.898s][debug  ][gc,phases      ] GC(33)   StringDedup Requests0 Weak     Min:  0.0, Avg:  0.0, Max:  0.0, Diff:  0.0, Sum:  0.0, Workers: 6
[39.898s][debug  ][gc,phases      ] GC(33)     Dead                           Min: 0, Avg:  0.0, Max: 0, Diff: 0, Sum: 0, Workers: 6
[39.898s][debug  ][gc,phases      ] GC(33)     Total                          Min: 0, Avg:  0.0, Max: 0, Diff: 0, Sum: 0, Workers: 6
[39.898s][debug  ][gc,phases      ] GC(33)   StringDedup Requests1 Weak     Min:  0.0, Avg:  0.0, Max:  0.0, Diff:  0.0, Sum:  0.0, Workers: 6
[39.898s][debug  ][gc,phases      ] GC(33)     Dead                           Min: 0, Avg:  0.0, Max: 0, Diff: 0, Sum: 0, Workers: 6
[39.898s][debug  ][gc,phases      ] GC(33)     Total                          Min: 0, Avg:  0.0, Max: 0, Diff: 0, Sum: 0, Workers: 6
[39.898s][debug  ][gc,phases      ] GC(33)   Weak JFR Old Object Samples    Min:  0.0, Avg:  0.0, Max:  0.0, Diff:  0.0, Sum:  0.0, Workers: 6
[39.898s][debug  ][gc,phases      ] GC(33)     Dead                           Min: 0, Avg:  0.0, Max: 0, Diff: 0, Sum: 0, Workers: 6
[39.898s][debug  ][gc,phases      ] GC(33)     Total                          Min: 0, Avg:  0.0, Max: 0, Diff: 0, Sum: 0, Workers: 6
[39.898s][debug  ][gc,phases      ] GC(33) Weak Processing 0.797ms
[39.898s][debug  ][gc,ergo        ] GC(33) AdaptiveSizeStart:  collection: 34 
[39.898s][debug  ][gc,ergo        ] GC(33) avg_survived_padded_avg: 64132384.000000
[39.898s][debug  ][gc,ergo        ] GC(33) avg_promoted_padded_avg: 73259304.000000  avg_pretenured_padded_avg: 0.000000  tenuring_thresh: 1  target_size: 44564480
[39.898s][debug  ][gc,age         ] GC(33) Desired survivor size 44564480 bytes, new threshold 1 (max threshold 15)
[39.898s][debug  ][gc,ergo        ] GC(33) PSAdaptiveSizePolicy::compute_eden_space_size limits: desired_eden_size: 55852526 old_eden_size: 45088768 eden_limit: 45088768 cur_eden: 45088768 max_eden_size: 45088768 avg_young_live: 27942150
[39.898s][debug  ][gc,ergo        ] GC(33) PSAdaptiveSizePolicy::compute_eden_space_size: costs minor_time: 0.011086 major_cost: 0.000794 mutator_cost: 0.988120 throughput_goal: 0.990000
[39.898s][debug  ][gc,ergo        ] GC(33) Live_space: 393473696 free_space: 152567808
[39.898s][debug  ][gc,ergo        ] GC(33) Old eden_size: 45088768 desired_eden_size: 45088768
[39.898s][debug  ][gc,ergo        ] GC(33) AdaptiveSizeStop: collection: 34 
[39.898s][info   ][gc,heap        ] GC(33) PSYoungGen: 77657K(87552K)->43008K(87552K) Eden: 43865K(44032K)->0K(44032K) From: 33792K(43520K)->43008K(43520K)
[39.898s][info   ][gc,heap        ] GC(33) ParOldGen: 94820K(274432K)->128612K(274432K)
[39.898s][info   ][gc,metaspace   ] GC(33) Metaspace: 1023K(1216K)->1023K(1216K) NonClass: 939K(1024K)->939K(1024K) Class: 83K(192K)->83K(192K)
[39.898s][info   ][gc             ] GC(33) Pause Young (Allocation Failure) 168M->167M(353M) 9.707ms
[39.898s][info   ][gc,cpu         ] GC(33) User=0.12s Sys=0.00s Real=0.01s
[39.898s][debug  ][gc,heap        ] GC(33) Heap after GC invocations=34 (full 1):
[39.898s][debug  ][gc,heap        ] GC(33)  PSYoungGen      total 87552K, used 43008K [0x00000000f8000000, 0x0000000100000000, 0x0000000100000000)
[39.898s][debug  ][gc,heap        ] GC(33)   eden space 44032K, 0% used [0x00000000f8000000,0x00000000f8000000,0x00000000fab00000)
[39.898s][debug  ][gc,heap        ] GC(33)   from space 43520K, 98% used [0x00000000fd580000,0x00000000fff802a0,0x0000000100000000)
[39.898s][debug  ][gc,heap        ] GC(33)   to   space 43520K, 0% used [0x00000000fab00000,0x00000000fab00000,0x00000000fd580000)
[39.898s][debug  ][gc,heap        ] GC(33)  ParOldGen       total 274432K, used 128612K [0x00000000c0000000, 0x00000000d0c00000, 0x00000000f8000000)
[39.898s][debug  ][gc,heap        ] GC(33)   object space 274432K, 46% used [0x00000000c0000000,0x00000000c7d993a8,0x00000000d0c00000)
[39.898s][debug  ][gc,heap        ] GC(33)  Metaspace       used 1023K, committed 1216K, reserved 1056768K
[39.898s][debug  ][gc,heap        ] GC(33)   class space    used 83K, committed 192K, reserved 1048576K
[39.898s][debug  ][gc,task,time   ] GC(33) VM-Thread 398880405 398963036 398984190
[40.568s][debug  ][gc,heap        ] GC(34) Heap before GC invocations=35 (full 1):
[40.568s][debug  ][gc,heap        ] GC(34)  PSYoungGen      total 87552K, used 86876K [0x00000000f8000000, 0x0000000100000000, 0x0000000100000000)
[40.568s][debug  ][gc,heap        ] GC(34)   eden space 44032K, 99% used [0x00000000f8000000,0x00000000faad6f10,0x00000000fab00000)
[40.568s][debug  ][gc,heap        ] GC(34)   from space 43520K, 98% used [0x00000000fd580000,0x00000000fff802a0,0x0000000100000000)
[40.569s][debug  ][gc,heap        ] GC(34)   to   space 43520K, 0% used [0x00000000fab00000,0x00000000fab00000,0x00000000fd580000)
[40.569s][debug  ][gc,heap        ] GC(34)  ParOldGen       total 274432K, used 128612K [0x00000000c0000000, 0x00000000d0c00000, 0x00000000f8000000)
[40.569s][debug  ][gc,heap        ] GC(34)   object space 274432K, 46% used [0x00000000c0000000,0x00000000c7d993a8,0x00000000d0c00000)
[40.569s][debug  ][gc,heap        ] GC(34)  Metaspace       used 1023K, committed 1216K, reserved 1056768K
[40.569s][debug  ][gc,heap        ] GC(34)   class space    used 83K, committed 192K, reserved 1048576K
[40.569s][debug  ][gc,tlab        ] GC(34) TLAB totals: thrds: 1  refills: 1 max: 1 slow allocs: 41 max 41 waste: 45.6% gc: 878664B max: 878664B slow: 0B max: 0B
[40.569s][info   ][gc,start       ] GC(34) Pause Young (Allocation Failure)
[40.569s][debug  ][gc,phases,start] GC(34) Scavenge
[40.570s][debug  ][gc,phases      ] GC(34) Scavenge 1.585ms
[40.570s][debug  ][gc,phases,start] GC(34) Reference Processing
[40.570s][debug  ][gc,ref         ] GC(34) Skipped phase 1 of Reference Processing: no references
[40.570s][debug  ][gc,ref         ] GC(34) Skipped phase 2 of Reference Processing: no references
[40.570s][debug  ][gc,ref         ] GC(34) Skipped phase 3 of Reference Processing: no references
[40.571s][debug  ][gc,ref         ] GC(34) Skipped phase 4 of Reference Processing: no references
[40.571s][debug  ][gc,phases,ref  ] GC(34) Reference Processing: 0.1ms
[40.571s][debug  ][gc,phases,ref  ] GC(34)   Reconsider SoftReferences: 0.0ms
[40.571s][debug  ][gc,phases,ref  ] GC(34)     SoftRef (ms):                  skipped
[40.571s][debug  ][gc,phases,ref  ] GC(34)   Notify Soft/WeakReferences: 0.0ms
[40.571s][debug  ][gc,phases,ref  ] GC(34)     SoftRef (ms):                  skipped
[40.571s][debug  ][gc,phases,ref  ] GC(34)     WeakRef (ms):                  skipped
[40.571s][debug  ][gc,phases,ref  ] GC(34)     FinalRef (ms):                 skipped
[40.571s][debug  ][gc,phases,ref  ] GC(34)     Total (ms):                    skipped
[40.571s][debug  ][gc,phases,ref  ] GC(34)   Notify and keep alive finalizable: 0.0ms
[40.571s][debug  ][gc,phases,ref  ] GC(34)     FinalRef (ms):                 skipped
[40.571s][debug  ][gc,phases,ref  ] GC(34)   Notify PhantomReferences: 0.0ms
[40.571s][debug  ][gc,phases,ref  ] GC(34)     PhantomRef (ms):               skipped
[40.571s][debug  ][gc,phases,ref  ] GC(34)   SoftReference:
[40.571s][debug  ][gc,phases,ref  ] GC(34)     Discovered: 0
[40.571s][debug  ][gc,phases,ref  ] GC(34)     Cleared: 0
[40.571s][debug  ][gc,phases,ref  ] GC(34)   WeakReference:
[40.571s][debug  ][gc,phases,ref  ] GC(34)     Discovered: 0
[40.571s][debug  ][gc,phases,ref  ] GC(34)     Cleared: 0
[40.571s][debug  ][gc,phases,ref  ] GC(34)   FinalReference:
[40.571s][debug  ][gc,phases,ref  ] GC(34)     Discovered: 0
[40.571s][debug  ][gc,phases,ref  ] GC(34)     Cleared: 0
[40.571s][debug  ][gc,phases,ref  ] GC(34)   PhantomReference:
[40.571s][debug  ][gc,phases,ref  ] GC(34)     Discovered: 0
[40.571s][debug  ][gc,phases,ref  ] GC(34)     Cleared: 0
[40.571s][debug  ][gc,phases      ] GC(34) Reference Processing 0.672ms
[40.571s][debug  ][gc,phases,start] GC(34) Weak Processing
[40.571s][debug  ][gc,phases      ] GC(34)   VM Weak                        Min:  0.0, Avg:  0.0, Max:  0.0, Diff:  0.0, Sum:  0.0, Workers: 6
[40.571s][debug  ][gc,phases      ] GC(34)     Dead                           Min: 0, Avg:  0.0, Max: 0, Diff: 0, Sum: 0, Workers: 6
[40.571s][debug  ][gc,phases      ] GC(34)     Total                          Min: 0, Avg:  1.3, Max: 8, Diff: 8, Sum: 8, Workers: 6
[40.571s][debug  ][gc,phases      ] GC(34)   ObjectSynchronizer Weak        Min:  0.0, Avg:  0.0, Max:  0.0, Diff:  0.0, Sum:  0.0, Workers: 6
[40.571s][debug  ][gc,phases      ] GC(34)     Dead                           Min: 0, Avg:  0.0, Max: 0, Diff: 0, Sum: 0, Workers: 6
[40.571s][debug  ][gc,phases      ] GC(34)     Total                          Min: 0, Avg:  0.5, Max: 3, Diff: 3, Sum: 3, Workers: 6
[40.571s][debug  ][gc,phases      ] GC(34)   JVMTI Tag Weak OopStorage      Min:  0.0, Avg:  0.0, Max:  0.0, Diff:  0.0, Sum:  0.0, Workers: 6
[40.571s][debug  ][gc,phases      ] GC(34)     Dead                           Min: 0, Avg:  0.0, Max: 0, Diff: 0, Sum: 0, Workers: 6
[40.571s][debug  ][gc,phases      ] GC(34)     Total                          Min: 0, Avg:  0.0, Max: 0, Diff: 0, Sum: 0, Workers: 6
[40.571s][debug  ][gc,phases      ] GC(34)   StringTable Weak               Min:  0.0, Avg:  0.0, Max:  0.0, Diff:  0.0, Sum:  0.0, Workers: 6
[40.571s][debug  ][gc,phases      ] GC(34)     Dead                           Min: 0, Avg:  0.0, Max: 0, Diff: 0, Sum: 0, Workers: 6
[40.572s][debug  ][gc,phases      ] GC(34)     Total                          Min: 704, Avg: 892.5, Max: 1088, Diff: 384, Sum: 5355, Workers: 6
[40.572s][debug  ][gc,phases      ] GC(34)   ResolvedMethodTable Weak       Min:  0.0, Avg:  0.0, Max:  0.0, Diff:  0.0, Sum:  0.0, Workers: 6
[40.572s][debug  ][gc,phases      ] GC(34)     Dead                           Min: 0, Avg:  0.0, Max: 0, Diff: 0, Sum: 0, Workers: 6
[40.572s][debug  ][gc,phases      ] GC(34)     Total                          Min: 0, Avg: 21.7, Max: 64, Diff: 64, Sum: 130, Workers: 6
[40.572s][debug  ][gc,phases      ] GC(34)   JNI Weak                       Min:  0.0, Avg:  0.0, Max:  0.0, Diff:  0.0, Sum:  0.0, Workers: 6
[40.572s][debug  ][gc,phases      ] GC(34)     Dead                           Min: 0, Avg:  0.0, Max: 0, Diff: 0, Sum: 0, Workers: 6
[40.572s][debug  ][gc,phases      ] GC(34)     Total                          Min: 0, Avg:  0.0, Max: 0, Diff: 0, Sum: 0, Workers: 6
[40.572s][debug  ][gc,phases      ] GC(34)   StringDedup Table Weak         Min:  0.0, Avg:  0.0, Max:  0.0, Diff:  0.0, Sum:  0.0, Workers: 6
[40.572s][debug  ][gc,phases      ] GC(34)     Dead                           Min: 0, Avg:  0.0, Max: 0, Diff: 0, Sum: 0, Workers: 6
[40.572s][debug  ][gc,phases      ] GC(34)     Total                          Min: 0, Avg:  0.0, Max: 0, Diff: 0, Sum: 0, Workers: 6
[40.572s][debug  ][gc,phases      ] GC(34)   StringDedup Requests0 Weak     Min:  0.0, Avg:  0.0, Max:  0.0, Diff:  0.0, Sum:  0.0, Workers: 6
[40.572s][debug  ][gc,phases      ] GC(34)     Dead                           Min: 0, Avg:  0.0, Max: 0, Diff: 0, Sum: 0, Workers: 6
[40.572s][debug  ][gc,phases      ] GC(34)     Total                          Min: 0, Avg:  0.0, Max: 0, Diff: 0, Sum: 0, Workers: 6
[40.572s][debug  ][gc,phases      ] GC(34)   StringDedup Requests1 Weak     Min:  0.0, Avg:  0.0, Max:  0.0, Diff:  0.0, Sum:  0.0, Workers: 6
[40.572s][debug  ][gc,phases      ] GC(34)     Dead                           Min: 0, Avg:  0.0, Max: 0, Diff: 0, Sum: 0, Workers: 6
[40.572s][debug  ][gc,phases      ] GC(34)     Total                          Min: 0, Avg:  0.0, Max: 0, Diff: 0, Sum: 0, Workers: 6
[40.572s][debug  ][gc,phases      ] GC(34)   Weak JFR Old Object Samples    Min:  0.0, Avg:  0.0, Max:  0.0, Diff:  0.0, Sum:  0.0, Workers: 6
[40.572s][debug  ][gc,phases      ] GC(34)     Dead                           Min: 0, Avg:  0.0, Max: 0, Diff: 0, Sum: 0, Workers: 6
[40.572s][debug  ][gc,phases      ] GC(34)     Total                          Min: 0, Avg:  0.0, Max: 0, Diff: 0, Sum: 0, Workers: 6
[40.572s][debug  ][gc,phases      ] GC(34) Weak Processing 0.889ms
[40.572s][debug  ][gc,ergo        ] GC(34) AdaptiveSizeStart:  collection: 35 
[40.572s][debug  ][gc,ergo        ] GC(34) avg_survived_padded_avg: 62845808.000000
[40.572s][debug  ][gc,ergo        ] GC(34) avg_promoted_padded_avg: 70993776.000000  avg_pretenured_padded_avg: 0.000000  tenuring_thresh: 1  target_size: 44564480
[40.572s][debug  ][gc,age         ] GC(34) Desired survivor size 44564480 bytes, new threshold 1 (max threshold 15)
[40.572s][debug  ][gc,ergo        ] GC(34) PSAdaptiveSizePolicy::compute_eden_space_size limits: desired_eden_size: 55735776 old_eden_size: 45088768 eden_limit: 45088768 cur_eden: 45088768 max_eden_size: 45088768 avg_young_live: 26930540
[40.572s][debug  ][gc,ergo        ] GC(34) PSAdaptiveSizePolicy::compute_eden_space_size: costs minor_time: 0.009523 major_cost: 0.000794 mutator_cost: 0.989683 throughput_goal: 0.990000
[40.572s][debug  ][gc,ergo        ] GC(34) Live_space: 392462080 free_space: 152567808
[40.572s][debug  ][gc,ergo        ] GC(34) Old eden_size: 45088768 desired_eden_size: 45088768
[40.572s][debug  ][gc,ergo        ] GC(34) AdaptiveSizeStop: collection: 35 
[40.572s][info   ][gc,heap        ] GC(34) PSYoungGen: 86876K(87552K)->17408K(87552K) Eden: 43867K(44032K)->0K(44032K) From: 43008K(43520K)->17408K(43520K)
[40.572s][info   ][gc,heap        ] GC(34) ParOldGen: 128612K(274432K)->128612K(274432K)
[40.572s][info   ][gc,metaspace   ] GC(34) Metaspace: 1023K(1216K)->1023K(1216K) NonClass: 939K(1024K)->939K(1024K) Class: 83K(192K)->83K(192K)
[40.572s][info   ][gc             ] GC(34) Pause Young (Allocation Failure) 210M->142M(353M) 3.612ms
[40.572s][info   ][gc,cpu         ] GC(34) User=0.00s Sys=0.00s Real=0.00s
[40.572s][debug  ][gc,heap        ] GC(34) Heap after GC invocations=35 (full 1):
[40.572s][debug  ][gc,heap        ] GC(34)  PSYoungGen      total 87552K, used 17408K [0x00000000f8000000, 0x0000000100000000, 0x0000000100000000)
[40.572s][debug  ][gc,heap        ] GC(34)   eden space 44032K, 0% used [0x00000000f8000000,0x00000000f8000000,0x00000000fab00000)
[40.572s][debug  ][gc,heap        ] GC(34)   from space 43520K, 40% used [0x00000000fab00000,0x00000000fbc00110,0x00000000fd580000)
[40.572s][debug  ][gc,heap        ] GC(34)   to   space 43520K, 0% used [0x00000000fd580000,0x00000000fd580000,0x0000000100000000)
[40.573s][debug  ][gc,heap        ] GC(34)  ParOldGen       total 274432K, used 128612K [0x00000000c0000000, 0x00000000d0c00000, 0x00000000f8000000)
[40.573s][debug  ][gc,heap        ] GC(34)   object space 274432K, 46% used [0x00000000c0000000,0x00000000c7d993a8,0x00000000d0c00000)
[40.573s][debug  ][gc,heap        ] GC(34)  Metaspace       used 1023K, committed 1216K, reserved 1056768K
[40.573s][debug  ][gc,heap        ] GC(34)   class space    used 83K, committed 192K, reserved 1048576K
[40.573s][debug  ][gc,task,time   ] GC(34) VM-Thread 405683119 405704107 405726127
[41.230s][debug  ][gc,heap        ] GC(35) Heap before GC invocations=36 (full 1):
[41.230s][debug  ][gc,heap        ] GC(35)  PSYoungGen      total 87552K, used 61277K [0x00000000f8000000, 0x0000000100000000, 0x0000000100000000)
[41.230s][debug  ][gc,heap        ] GC(35)   eden space 44032K, 99% used [0x00000000f8000000,0x00000000faad7510,0x00000000fab00000)
[41.230s][debug  ][gc,heap        ] GC(35)   from space 43520K, 40% used [0x00000000fab00000,0x00000000fbc00110,0x00000000fd580000)
[41.230s][debug  ][gc,heap        ] GC(35)   to   space 43520K, 0% used [0x00000000fd580000,0x00000000fd580000,0x0000000100000000)
[41.230s][debug  ][gc,heap        ] GC(35)  ParOldGen       total 274432K, used 128612K [0x00000000c0000000, 0x00000000d0c00000, 0x00000000f8000000)
[41.230s][debug  ][gc,heap        ] GC(35)   object space 274432K, 46% used [0x00000000c0000000,0x00000000c7d993a8,0x00000000d0c00000)
[41.230s][debug  ][gc,heap        ] GC(35)  Metaspace       used 1023K, committed 1216K, reserved 1056768K
[41.230s][debug  ][gc,heap        ] GC(35)   class space    used 83K, committed 192K, reserved 1048576K
[41.230s][debug  ][gc,tlab        ] GC(35) TLAB totals: thrds: 1  refills: 1 max: 1 slow allocs: 41 max 41 waste: 45.7% gc: 881264B max: 881264B slow: 0B max: 0B
[41.230s][info   ][gc,start       ] GC(35) Pause Young (Allocation Failure)
[41.230s][debug  ][gc,phases,start] GC(35) Scavenge
[41.236s][debug  ][gc,phases      ] GC(35) Scavenge 6.236ms
[41.236s][debug  ][gc,phases,start] GC(35) Reference Processing
[41.236s][debug  ][gc,ref         ] GC(35) Skipped phase 1 of Reference Processing: no references
[41.236s][debug  ][gc,ref         ] GC(35) Skipped phase 2 of Reference Processing: no references
[41.236s][debug  ][gc,ref         ] GC(35) Skipped phase 3 of Reference Processing: no references
[41.236s][debug  ][gc,ref         ] GC(35) Skipped phase 4 of Reference Processing: no references
[41.236s][debug  ][gc,phases,ref  ] GC(35) Reference Processing: 0.1ms
[41.236s][debug  ][gc,phases,ref  ] GC(35)   Reconsider SoftReferences: 0.0ms
[41.236s][debug  ][gc,phases,ref  ] GC(35)     SoftRef (ms):                  skipped
[41.236s][debug  ][gc,phases,ref  ] GC(35)   Notify Soft/WeakReferences: 0.0ms
[41.236s][debug  ][gc,phases,ref  ] GC(35)     SoftRef (ms):                  skipped
[41.237s][debug  ][gc,phases,ref  ] GC(35)     WeakRef (ms):                  skipped
[41.237s][debug  ][gc,phases,ref  ] GC(35)     FinalRef (ms):                 skipped
[41.237s][debug  ][gc,phases,ref  ] GC(35)     Total (ms):                    skipped
[41.237s][debug  ][gc,phases,ref  ] GC(35)   Notify and keep alive finalizable: 0.0ms
[41.237s][debug  ][gc,phases,ref  ] GC(35)     FinalRef (ms):                 skipped
[41.237s][debug  ][gc,phases,ref  ] GC(35)   Notify PhantomReferences: 0.0ms
[41.237s][debug  ][gc,phases,ref  ] GC(35)     PhantomRef (ms):               skipped
[41.237s][debug  ][gc,phases,ref  ] GC(35)   SoftReference:
[41.237s][debug  ][gc,phases,ref  ] GC(35)     Discovered: 0
[41.237s][debug  ][gc,phases,ref  ] GC(35)     Cleared: 0
[41.237s][debug  ][gc,phases,ref  ] GC(35)   WeakReference:
[41.237s][debug  ][gc,phases,ref  ] GC(35)     Discovered: 0
[41.237s][debug  ][gc,phases,ref  ] GC(35)     Cleared: 0
[41.237s][debug  ][gc,phases,ref  ] GC(35)   FinalReference:
[41.237s][debug  ][gc,phases,ref  ] GC(35)     Discovered: 0
[41.237s][debug  ][gc,phases,ref  ] GC(35)     Cleared: 0
[41.237s][debug  ][gc,phases,ref  ] GC(35)   PhantomReference:
[41.237s][debug  ][gc,phases,ref  ] GC(35)     Discovered: 0
[41.237s][debug  ][gc,phases,ref  ] GC(35)     Cleared: 0
[41.237s][debug  ][gc,phases      ] GC(35) Reference Processing 0.701ms
[41.237s][debug  ][gc,phases,start] GC(35) Weak Processing
[41.237s][debug  ][gc,phases      ] GC(35)   VM Weak                        Min:  0.0, Avg:  0.0, Max:  0.0, Diff:  0.0, Sum:  0.0, Workers: 6
[41.237s][debug  ][gc,phases      ] GC(35)     Dead                           Min: 0, Avg:  0.0, Max: 0, Diff: 0, Sum: 0, Workers: 6
[41.237s][debug  ][gc,phases      ] GC(35)     Total                          Min: 0, Avg:  1.3, Max: 8, Diff: 8, Sum: 8, Workers: 6
[41.237s][debug  ][gc,phases      ] GC(35)   ObjectSynchronizer Weak        Min:  0.0, Avg:  0.0, Max:  0.0, Diff:  0.0, Sum:  0.0, Workers: 6
[41.237s][debug  ][gc,phases      ] GC(35)     Dead                           Min: 0, Avg:  0.0, Max: 0, Diff: 0, Sum: 0, Workers: 6
[41.237s][debug  ][gc,phases      ] GC(35)     Total                          Min: 0, Avg:  0.5, Max: 3, Diff: 3, Sum: 3, Workers: 6
[41.237s][debug  ][gc,phases      ] GC(35)   JVMTI Tag Weak OopStorage      Min:  0.0, Avg:  0.0, Max:  0.0, Diff:  0.0, Sum:  0.0, Workers: 6
[41.237s][debug  ][gc,phases      ] GC(35)     Dead                           Min: 0, Avg:  0.0, Max: 0, Diff: 0, Sum: 0, Workers: 6
[41.237s][debug  ][gc,phases      ] GC(35)     Total                          Min: 0, Avg:  0.0, Max: 0, Diff: 0, Sum: 0, Workers: 6
[41.237s][debug  ][gc,phases      ] GC(35)   StringTable Weak               Min:  0.0, Avg:  0.0, Max:  0.0, Diff:  0.0, Sum:  0.0, Workers: 6
[41.237s][debug  ][gc,phases      ] GC(35)     Dead                           Min: 0, Avg:  0.0, Max: 0, Diff: 0, Sum: 0, Workers: 6
[41.237s][debug  ][gc,phases      ] GC(35)     Total                          Min: 639, Avg: 892.5, Max: 1216, Diff: 577, Sum: 5355, Workers: 6
[41.237s][debug  ][gc,phases      ] GC(35)   ResolvedMethodTable Weak       Min:  0.0, Avg:  0.0, Max:  0.0, Diff:  0.0, Sum:  0.0, Workers: 6
[41.237s][debug  ][gc,phases      ] GC(35)     Dead                           Min: 0, Avg:  0.0, Max: 0, Diff: 0, Sum: 0, Workers: 6
[41.237s][debug  ][gc,phases      ] GC(35)     Total                          Min: 0, Avg: 21.7, Max: 64, Diff: 64, Sum: 130, Workers: 6
[41.237s][debug  ][gc,phases      ] GC(35)   JNI Weak                       Min:  0.0, Avg:  0.0, Max:  0.0, Diff:  0.0, Sum:  0.0, Workers: 6
[41.237s][debug  ][gc,phases      ] GC(35)     Dead                           Min: 0, Avg:  0.0, Max: 0, Diff: 0, Sum: 0, Workers: 6
[41.237s][debug  ][gc,phases      ] GC(35)     Total                          Min: 0, Avg:  0.0, Max: 0, Diff: 0, Sum: 0, Workers: 6
[41.238s][debug  ][gc,phases      ] GC(35)   StringDedup Table Weak         Min:  0.0, Avg:  0.0, Max:  0.0, Diff:  0.0, Sum:  0.0, Workers: 6
[41.238s][debug  ][gc,phases      ] GC(35)     Dead                           Min: 0, Avg:  0.0, Max: 0, Diff: 0, Sum: 0, Workers: 6
[41.238s][debug  ][gc,phases      ] GC(35)     Total                          Min: 0, Avg:  0.0, Max: 0, Diff: 0, Sum: 0, Workers: 6
[41.238s][debug  ][gc,phases      ] GC(35)   StringDedup Requests0 Weak     Min:  0.0, Avg:  0.0, Max:  0.0, Diff:  0.0, Sum:  0.0, Workers: 6
[41.238s][debug  ][gc,phases      ] GC(35)     Dead                           Min: 0, Avg:  0.0, Max: 0, Diff: 0, Sum: 0, Workers: 6
[41.238s][debug  ][gc,phases      ] GC(35)     Total                          Min: 0, Avg:  0.0, Max: 0, Diff: 0, Sum: 0, Workers: 6
[41.238s][debug  ][gc,phases      ] GC(35)   StringDedup Requests1 Weak     Min:  0.0, Avg:  0.0, Max:  0.0, Diff:  0.0, Sum:  0.0, Workers: 6
[41.238s][debug  ][gc,phases      ] GC(35)     Dead                           Min: 0, Avg:  0.0, Max: 0, Diff: 0, Sum: 0, Workers: 6
[41.238s][debug  ][gc,phases      ] GC(35)     Total                          Min: 0, Avg:  0.0, Max: 0, Diff: 0, Sum: 0, Workers: 6
[41.238s][debug  ][gc,phases      ] GC(35)   Weak JFR Old Object Samples    Min:  0.0, Avg:  0.0, Max:  0.0, Diff:  0.0, Sum:  0.0, Workers: 6
[41.238s][debug  ][gc,phases      ] GC(35)     Dead                           Min: 0, Avg:  0.0, Max: 0, Diff: 0, Sum: 0, Workers: 6
[41.238s][debug  ][gc,phases      ] GC(35)     Total                          Min: 0, Avg:  0.0, Max: 0, Diff: 0, Sum: 0, Workers: 6
[41.238s][debug  ][gc,phases      ] GC(35) Weak Processing 0.824ms
[41.238s][debug  ][gc,ergo        ] GC(35) AdaptiveSizeStart:  collection: 36 
[41.238s][debug  ][gc,ergo        ] GC(35) avg_survived_padded_avg: 65033660.000000
[41.238s][debug  ][gc,ergo        ] GC(35) avg_promoted_padded_avg: 66369200.000000  avg_pretenured_padded_avg: 0.000000  tenuring_thresh: 1  target_size: 44564480
[41.238s][debug  ][gc,age         ] GC(35) Desired survivor size 44564480 bytes, new threshold 1 (max threshold 15)
[41.238s][debug  ][gc,ergo        ] GC(35) PSAdaptiveSizePolicy::compute_eden_space_size limits: desired_eden_size: 55783153 old_eden_size: 45088768 eden_limit: 45088768 cur_eden: 45088768 max_eden_size: 45088768 avg_young_live: 28641572
[41.238s][debug  ][gc,ergo        ] GC(35) PSAdaptiveSizePolicy::compute_eden_space_size: costs minor_time: 0.010105 major_cost: 0.000794 mutator_cost: 0.989101 throughput_goal: 0.990000
[41.238s][debug  ][gc,ergo        ] GC(35) Live_space: 394173120 free_space: 152567808
[41.238s][debug  ][gc,ergo        ] GC(35) Old eden_size: 45088768 desired_eden_size: 45088768
[41.238s][debug  ][gc,ergo        ] GC(35) AdaptiveSizeStop: collection: 36 
[41.238s][info   ][gc,heap        ] GC(35) PSYoungGen: 61277K(87552K)->43008K(87552K) Eden: 43869K(44032K)->0K(44032K) From: 17408K(43520K)->43008K(43520K)
[41.238s][info   ][gc,heap        ] GC(35) ParOldGen: 128612K(274432K)->146021K(274432K)
[41.238s][info   ][gc,metaspace   ] GC(35) Metaspace: 1023K(1216K)->1023K(1216K) NonClass: 939K(1024K)->939K(1024K) Class: 83K(192K)->83K(192K)
[41.238s][info   ][gc             ] GC(35) Pause Young (Allocation Failure) 185M->184M(353M) 8.255ms
[41.238s][info   ][gc,cpu         ] GC(35) User=0.12s Sys=0.00s Real=0.01s
[41.238s][debug  ][gc,heap        ] GC(35) Heap after GC invocations=36 (full 1):
[41.238s][debug  ][gc,heap        ] GC(35)  PSYoungGen      total 87552K, used 43008K [0x00000000f8000000, 0x0000000100000000, 0x0000000100000000)
[41.238s][debug  ][gc,heap        ] GC(35)   eden space 44032K, 0% used [0x00000000f8000000,0x00000000f8000000,0x00000000fab00000)
[41.238s][debug  ][gc,heap        ] GC(35)   from space 43520K, 98% used [0x00000000fd580000,0x00000000fff802a0,0x0000000100000000)
[41.238s][debug  ][gc,heap        ] GC(35)   to   space 43520K, 0% used [0x00000000fab00000,0x00000000fab00000,0x00000000fd580000)
[41.238s][debug  ][gc,heap        ] GC(35)  ParOldGen       total 274432K, used 146021K [0x00000000c0000000, 0x00000000d0c00000, 0x00000000f8000000)
[41.238s][debug  ][gc,heap        ] GC(35)   object space 274432K, 53% used [0x00000000c0000000,0x00000000c8e994b8,0x00000000d0c00000)
[41.238s][debug  ][gc,heap        ] GC(35)  Metaspace       used 1023K, committed 1216K, reserved 1056768K
[41.238s][debug  ][gc,heap        ] GC(35)   class space    used 83K, committed 192K, reserved 1048576K
[41.238s][debug  ][gc,task,time   ] GC(35) VM-Thread 412295641 412362455 412384160
[41.911s][debug  ][gc,heap        ] GC(36) Heap before GC invocations=37 (full 1):
[41.911s][debug  ][gc,heap        ] GC(36)  PSYoungGen      total 87552K, used 86878K [0x00000000f8000000, 0x0000000100000000, 0x0000000100000000)
[41.911s][debug  ][gc,heap        ] GC(36)   eden space 44032K, 99% used [0x00000000f8000000,0x00000000faad78f0,0x00000000fab00000)
[41.911s][debug  ][gc,heap        ] GC(36)   from space 43520K, 98% used [0x00000000fd580000,0x00000000fff802a0,0x0000000100000000)
[41.911s][debug  ][gc,heap        ] GC(36)   to   space 43520K, 0% used [0x00000000fab00000,0x00000000fab00000,0x00000000fd580000)
[41.911s][debug  ][gc,heap        ] GC(36)  ParOldGen       total 274432K, used 146021K [0x00000000c0000000, 0x00000000d0c00000, 0x00000000f8000000)
[41.911s][debug  ][gc,heap        ] GC(36)   object space 274432K, 53% used [0x00000000c0000000,0x00000000c8e994b8,0x00000000d0c00000)
[41.911s][debug  ][gc,heap        ] GC(36)  Metaspace       used 1024K, committed 1216K, reserved 1056768K
[41.911s][debug  ][gc,heap        ] GC(36)   class space    used 83K, committed 192K, reserved 1048576K
[41.911s][debug  ][gc,tlab        ] GC(36) TLAB totals: thrds: 1  refills: 1 max: 1 slow allocs: 41 max 41 waste: 45.6% gc: 881192B max: 881192B slow: 0B max: 0B
[41.911s][info   ][gc,start       ] GC(36) Pause Young (Allocation Failure)
[41.911s][debug  ][gc,phases,start] GC(36) Scavenge
[41.912s][debug  ][gc,phases      ] GC(36) Scavenge 0.507ms
[41.912s][debug  ][gc,phases,start] GC(36) Reference Processing
[41.912s][debug  ][gc,ref         ] GC(36) Skipped phase 1 of Reference Processing: no references
[41.912s][debug  ][gc,ref         ] GC(36) Skipped phase 2 of Reference Processing: no references
[41.912s][debug  ][gc,ref         ] GC(36) Skipped phase 3 of Reference Processing: no references
[41.912s][debug  ][gc,ref         ] GC(36) Skipped phase 4 of Reference Processing: no references
[41.912s][debug  ][gc,phases,ref  ] GC(36) Reference Processing: 0.1ms
[41.912s][debug  ][gc,phases,ref  ] GC(36)   Reconsider SoftReferences: 0.0ms
[41.912s][debug  ][gc,phases,ref  ] GC(36)     SoftRef (ms):                  skipped
[41.912s][debug  ][gc,phases,ref  ] GC(36)   Notify Soft/WeakReferences: 0.0ms
[41.912s][debug  ][gc,phases,ref  ] GC(36)     SoftRef (ms):                  skipped
[41.912s][debug  ][gc,phases,ref  ] GC(36)     WeakRef (ms):                  skipped
[41.912s][debug  ][gc,phases,ref  ] GC(36)     FinalRef (ms):                 skipped
[41.912s][debug  ][gc,phases,ref  ] GC(36)     Total (ms):                    skipped
[41.912s][debug  ][gc,phases,ref  ] GC(36)   Notify and keep alive finalizable: 0.0ms
[41.912s][debug  ][gc,phases,ref  ] GC(36)     FinalRef (ms):                 skipped
[41.912s][debug  ][gc,phases,ref  ] GC(36)   Notify PhantomReferences: 0.0ms
[41.912s][debug  ][gc,phases,ref  ] GC(36)     PhantomRef (ms):               skipped
[41.912s][debug  ][gc,phases,ref  ] GC(36)   SoftReference:
[41.912s][debug  ][gc,phases,ref  ] GC(36)     Discovered: 0
[41.912s][debug  ][gc,phases,ref  ] GC(36)     Cleared: 0
[41.912s][debug  ][gc,phases,ref  ] GC(36)   WeakReference:
[41.912s][debug  ][gc,phases,ref  ] GC(36)     Discovered: 0
[41.912s][debug  ][gc,phases,ref  ] GC(36)     Cleared: 0
[41.912s][debug  ][gc,phases,ref  ] GC(36)   FinalReference:
[41.912s][debug  ][gc,phases,ref  ] GC(36)     Discovered: 0
[41.912s][debug  ][gc,phases,ref  ] GC(36)     Cleared: 0
[41.912s][debug  ][gc,phases,ref  ] GC(36)   PhantomReference:
[41.912s][debug  ][gc,phases,ref  ] GC(36)     Discovered: 0
[41.912s][debug  ][gc,phases,ref  ] GC(36)     Cleared: 0
[41.912s][debug  ][gc,phases      ] GC(36) Reference Processing 0.627ms
[41.912s][debug  ][gc,phases,start] GC(36) Weak Processing
[41.912s][debug  ][gc,phases      ] GC(36)   VM Weak                        Min:  0.0, Avg:  0.0, Max:  0.0, Diff:  0.0, Sum:  0.0, Workers: 6
[41.912s][debug  ][gc,phases      ] GC(36)     Dead                           Min: 0, Avg:  0.0, Max: 0, Diff: 0, Sum: 0, Workers: 6
[41.913s][debug  ][gc,phases      ] GC(36)     Total                          Min: 0, Avg:  1.3, Max: 8, Diff: 8, Sum: 8, Workers: 6
[41.913s][debug  ][gc,phases      ] GC(36)   ObjectSynchronizer Weak        Min:  0.0, Avg:  0.0, Max:  0.0, Diff:  0.0, Sum:  0.0, Workers: 6
[41.913s][debug  ][gc,phases      ] GC(36)     Dead                           Min: 0, Avg:  0.0, Max: 0, Diff: 0, Sum: 0, Workers: 6
[41.913s][debug  ][gc,phases      ] GC(36)     Total                          Min: 0, Avg:  0.5, Max: 3, Diff: 3, Sum: 3, Workers: 6
[41.913s][debug  ][gc,phases      ] GC(36)   JVMTI Tag Weak OopStorage      Min:  0.0, Avg:  0.0, Max:  0.0, Diff:  0.0, Sum:  0.0, Workers: 6
[41.913s][debug  ][gc,phases      ] GC(36)     Dead                           Min: 0, Avg:  0.0, Max: 0, Diff: 0, Sum: 0, Workers: 6
[41.913s][debug  ][gc,phases      ] GC(36)     Total                          Min: 0, Avg:  0.0, Max: 0, Diff: 0, Sum: 0, Workers: 6
[41.913s][debug  ][gc,phases      ] GC(36)   StringTable Weak               Min:  0.0, Avg:  0.0, Max:  0.0, Diff:  0.0, Sum:  0.1, Workers: 6
[41.913s][debug  ][gc,phases      ] GC(36)     Dead                           Min: 0, Avg:  0.0, Max: 0, Diff: 0, Sum: 0, Workers: 6
[41.913s][debug  ][gc,phases      ] GC(36)     Total                          Min: 684, Avg: 892.5, Max: 1152, Diff: 468, Sum: 5355, Workers: 6
[41.913s][debug  ][gc,phases      ] GC(36)   ResolvedMethodTable Weak       Min:  0.0, Avg:  0.0, Max:  0.0, Diff:  0.0, Sum:  0.0, Workers: 6
[41.913s][debug  ][gc,phases      ] GC(36)     Dead                           Min: 0, Avg:  0.0, Max: 0, Diff: 0, Sum: 0, Workers: 6
[41.913s][debug  ][gc,phases      ] GC(36)     Total                          Min: 0, Avg: 21.7, Max: 64, Diff: 64, Sum: 130, Workers: 6
[41.913s][debug  ][gc,phases      ] GC(36)   JNI Weak                       Min:  0.0, Avg:  0.0, Max:  0.0, Diff:  0.0, Sum:  0.0, Workers: 6
[41.913s][debug  ][gc,phases      ] GC(36)     Dead                           Min: 0, Avg:  0.0, Max: 0, Diff: 0, Sum: 0, Workers: 6
[41.913s][debug  ][gc,phases      ] GC(36)     Total                          Min: 0, Avg:  0.0, Max: 0, Diff: 0, Sum: 0, Workers: 6
[41.913s][debug  ][gc,phases      ] GC(36)   StringDedup Table Weak         Min:  0.0, Avg:  0.0, Max:  0.0, Diff:  0.0, Sum:  0.0, Workers: 6
[41.913s][debug  ][gc,phases      ] GC(36)     Dead                           Min: 0, Avg:  0.0, Max: 0, Diff: 0, Sum: 0, Workers: 6
[41.913s][debug  ][gc,phases      ] GC(36)     Total                          Min: 0, Avg:  0.0, Max: 0, Diff: 0, Sum: 0, Workers: 6
[41.913s][debug  ][gc,phases      ] GC(36)   StringDedup Requests0 Weak     Min:  0.0, Avg:  0.0, Max:  0.0, Diff:  0.0, Sum:  0.0, Workers: 6
[41.913s][debug  ][gc,phases      ] GC(36)     Dead                           Min: 0, Avg:  0.0, Max: 0, Diff: 0, Sum: 0, Workers: 6
[41.913s][debug  ][gc,phases      ] GC(36)     Total                          Min: 0, Avg:  0.0, Max: 0, Diff: 0, Sum: 0, Workers: 6
[41.913s][debug  ][gc,phases      ] GC(36)   StringDedup Requests1 Weak     Min:  0.0, Avg:  0.0, Max:  0.0, Diff:  0.0, Sum:  0.0, Workers: 6
[41.913s][debug  ][gc,phases      ] GC(36)     Dead                           Min: 0, Avg:  0.0, Max: 0, Diff: 0, Sum: 0, Workers: 6
[41.913s][debug  ][gc,phases      ] GC(36)     Total                          Min: 0, Avg:  0.0, Max: 0, Diff: 0, Sum: 0, Workers: 6
[41.913s][debug  ][gc,phases      ] GC(36)   Weak JFR Old Object Samples    Min:  0.0, Avg:  0.0, Max:  0.0, Diff:  0.0, Sum:  0.0, Workers: 6
[41.913s][debug  ][gc,phases      ] GC(36)     Dead                           Min: 0, Avg:  0.0, Max: 0, Diff: 0, Sum: 0, Workers: 6
[41.913s][debug  ][gc,phases      ] GC(36)     Total                          Min: 0, Avg:  0.0, Max: 0, Diff: 0, Sum: 0, Workers: 6
[41.913s][debug  ][gc,phases      ] GC(36) Weak Processing 0.738ms
[41.913s][debug  ][gc,ergo        ] GC(36) AdaptiveSizeStart:  collection: 37 
[41.913s][debug  ][gc,ergo        ] GC(36) avg_survived_padded_avg: 66581556.000000
[41.913s][debug  ][gc,ergo        ] GC(36) avg_promoted_padded_avg: 64355864.000000  avg_pretenured_padded_avg: 0.000000  tenuring_thresh: 1  target_size: 44564480
[41.913s][debug  ][gc,age         ] GC(36) Desired survivor size 44564480 bytes, new threshold 1 (max threshold 15)
[41.913s][debug  ][gc,ergo        ] GC(36) PSAdaptiveSizePolicy::compute_eden_space_size: costs minor_time: 0.008305 major_cost: 0.000794 mutator_cost: 0.990901 throughput_goal: 0.990000
[41.913s][debug  ][gc,ergo        ] GC(36) Live_space: 391413824 free_space: 152567808
[41.913s][debug  ][gc,ergo        ] GC(36) Old eden_size: 45088768 desired_eden_size: 44564480
[41.913s][debug  ][gc,ergo        ] GC(36) AdaptiveSizeStop: collection: 37 
[41.913s][info   ][gc,heap        ] GC(36) PSYoungGen: 86878K(87552K)->1024K(87552K) Eden: 43870K(44032K)->0K(44032K) From: 43008K(43520K)->1024K(43520K)
[41.913s][info   ][gc,heap        ] GC(36) ParOldGen: 146021K(274432K)->146021K(274432K)
[41.913s][info   ][gc,metaspace   ] GC(36) Metaspace: 1024K(1216K)->1024K(1216K) NonClass: 940K(1024K)->940K(1024K) Class: 83K(192K)->83K(192K)
[41.913s][info   ][gc             ] GC(36) Pause Young (Allocation Failure) 227M->143M(353M) 2.249ms
[41.913s][info   ][gc,cpu         ] GC(36) User=0.00s Sys=0.00s Real=0.00s
[41.913s][debug  ][gc,heap        ] GC(36) Heap after GC invocations=37 (full 1):
[41.913s][debug  ][gc,heap        ] GC(36)  PSYoungGen      total 87552K, used 1024K [0x00000000f8000000, 0x0000000100000000, 0x0000000100000000)
[41.913s][debug  ][gc,heap        ] GC(36)   eden space 44032K, 0% used [0x00000000f8000000,0x00000000f8000000,0x00000000fab00000)
[41.914s][debug  ][gc,heap        ] GC(36)   from space 43520K, 2% used [0x00000000fab00000,0x00000000fac00010,0x00000000fd580000)
[41.914s][debug  ][gc,heap        ] GC(36)   to   space 43520K, 0% used [0x00000000fd580000,0x00000000fd580000,0x0000000100000000)
[41.914s][debug  ][gc,heap        ] GC(36)  ParOldGen       total 274432K, used 146021K [0x00000000c0000000, 0x00000000d0c00000, 0x00000000f8000000)
[41.914s][debug  ][gc,heap        ] GC(36)   object space 274432K, 53% used [0x00000000c0000000,0x00000000c8e994b8,0x00000000d0c00000)
[41.914s][debug  ][gc,heap        ] GC(36)  Metaspace       used 1024K, committed 1216K, reserved 1056768K
[41.914s][debug  ][gc,heap        ] GC(36)   class space    used 83K, committed 192K, reserved 1048576K
[41.914s][debug  ][gc,task,time   ] GC(36) VM-Thread 419107514 419117437 419136431
[42.576s][debug  ][gc,heap        ] GC(37) Heap before GC invocations=38 (full 1):
[42.576s][debug  ][gc,heap        ] GC(37)  PSYoungGen      total 87552K, used 44894K [0x00000000f8000000, 0x0000000100000000, 0x0000000100000000)
[42.576s][debug  ][gc,heap        ] GC(37)   eden space 44032K, 99% used [0x00000000f8000000,0x00000000faad7b68,0x00000000fab00000)
[42.576s][debug  ][gc,heap        ] GC(37)   from space 43520K, 2% used [0x00000000fab00000,0x00000000fac00010,0x00000000fd580000)
[42.576s][debug  ][gc,heap        ] GC(37)   to   space 43520K, 0% used [0x00000000fd580000,0x00000000fd580000,0x0000000100000000)
[42.576s][debug  ][gc,heap        ] GC(37)  ParOldGen       total 274432K, used 146021K [0x00000000c0000000, 0x00000000d0c00000, 0x00000000f8000000)
[42.576s][debug  ][gc,heap        ] GC(37)   object space 274432K, 53% used [0x00000000c0000000,0x00000000c8e994b8,0x00000000d0c00000)
[42.576s][debug  ][gc,heap        ] GC(37)  Metaspace       used 1024K, committed 1216K, reserved 1056768K
[42.576s][debug  ][gc,heap        ] GC(37)   class space    used 83K, committed 192K, reserved 1048576K
[42.576s][debug  ][gc,tlab        ] GC(37) TLAB totals: thrds: 1  refills: 1 max: 1 slow allocs: 41 max 41 waste: 45.7% gc: 882888B max: 882888B slow: 0B max: 0B
[42.577s][info   ][gc,start       ] GC(37) Pause Young (Allocation Failure)
[42.577s][debug  ][gc,phases,start] GC(37) Scavenge
[42.581s][debug  ][gc,phases      ] GC(37) Scavenge 4.698ms
[42.581s][debug  ][gc,phases,start] GC(37) Reference Processing
[42.581s][debug  ][gc,ref         ] GC(37) Skipped phase 1 of Reference Processing: no references
[42.581s][debug  ][gc,ref         ] GC(37) Skipped phase 2 of Reference Processing: no references
[42.581s][debug  ][gc,ref         ] GC(37) Skipped phase 3 of Reference Processing: no references
[42.582s][debug  ][gc,ref         ] GC(37) Skipped phase 4 of Reference Processing: no references
[42.582s][debug  ][gc,phases,ref  ] GC(37) Reference Processing: 0.1ms
[42.582s][debug  ][gc,phases,ref  ] GC(37)   Reconsider SoftReferences: 0.0ms
[42.582s][debug  ][gc,phases,ref  ] GC(37)     SoftRef (ms):                  skipped
[42.582s][debug  ][gc,phases,ref  ] GC(37)   Notify Soft/WeakReferences: 0.0ms
[42.582s][debug  ][gc,phases,ref  ] GC(37)     SoftRef (ms):                  skipped
[42.582s][debug  ][gc,phases,ref  ] GC(37)     WeakRef (ms):                  skipped
[42.582s][debug  ][gc,phases,ref  ] GC(37)     FinalRef (ms):                 skipped
[42.582s][debug  ][gc,phases,ref  ] GC(37)     Total (ms):                    skipped
[42.582s][debug  ][gc,phases,ref  ] GC(37)   Notify and keep alive finalizable: 0.0ms
[42.582s][debug  ][gc,phases,ref  ] GC(37)     FinalRef (ms):                 skipped
[42.582s][debug  ][gc,phases,ref  ] GC(37)   Notify PhantomReferences: 0.0ms
[42.582s][debug  ][gc,phases,ref  ] GC(37)     PhantomRef (ms):               skipped
[42.582s][debug  ][gc,phases,ref  ] GC(37)   SoftReference:
[42.582s][debug  ][gc,phases,ref  ] GC(37)     Discovered: 0
[42.582s][debug  ][gc,phases,ref  ] GC(37)     Cleared: 0
[42.582s][debug  ][gc,phases,ref  ] GC(37)   WeakReference:
[42.582s][debug  ][gc,phases,ref  ] GC(37)     Discovered: 0
[42.582s][debug  ][gc,phases,ref  ] GC(37)     Cleared: 0
[42.582s][debug  ][gc,phases,ref  ] GC(37)   FinalReference:
[42.582s][debug  ][gc,phases,ref  ] GC(37)     Discovered: 0
[42.582s][debug  ][gc,phases,ref  ] GC(37)     Cleared: 0
[42.582s][debug  ][gc,phases,ref  ] GC(37)   PhantomReference:
[42.582s][debug  ][gc,phases,ref  ] GC(37)     Discovered: 0
[42.582s][debug  ][gc,phases,ref  ] GC(37)     Cleared: 0
[42.582s][debug  ][gc,phases      ] GC(37) Reference Processing 0.662ms
[42.582s][debug  ][gc,phases,start] GC(37) Weak Processing
[42.582s][debug  ][gc,phases      ] GC(37)   VM Weak                        Min:  0.0, Avg:  0.0, Max:  0.0, Diff:  0.0, Sum:  0.0, Workers: 6
[42.582s][debug  ][gc,phases      ] GC(37)     Dead                           Min: 0, Avg:  0.0, Max: 0, Diff: 0, Sum: 0, Workers: 6
[42.582s][debug  ][gc,phases      ] GC(37)     Total                          Min: 0, Avg:  1.3, Max: 8, Diff: 8, Sum: 8, Workers: 6
[42.582s][debug  ][gc,phases      ] GC(37)   ObjectSynchronizer Weak        Min:  0.0, Avg:  0.0, Max:  0.0, Diff:  0.0, Sum:  0.0, Workers: 6
[42.582s][debug  ][gc,phases      ] GC(37)     Dead                           Min: 0, Avg:  0.0, Max: 0, Diff: 0, Sum: 0, Workers: 6
[42.582s][debug  ][gc,phases      ] GC(37)     Total                          Min: 0, Avg:  0.5, Max: 3, Diff: 3, Sum: 3, Workers: 6
[42.582s][debug  ][gc,phases      ] GC(37)   JVMTI Tag Weak OopStorage      Min:  0.0, Avg:  0.0, Max:  0.0, Diff:  0.0, Sum:  0.0, Workers: 6
[42.582s][debug  ][gc,phases      ] GC(37)     Dead                           Min: 0, Avg:  0.0, Max: 0, Diff: 0, Sum: 0, Workers: 6
[42.582s][debug  ][gc,phases      ] GC(37)     Total                          Min: 0, Avg:  0.0, Max: 0, Diff: 0, Sum: 0, Workers: 6
[42.582s][debug  ][gc,phases      ] GC(37)   StringTable Weak               Min:  0.0, Avg:  0.0, Max:  0.0, Diff:  0.0, Sum:  0.0, Workers: 6
[42.582s][debug  ][gc,phases      ] GC(37)     Dead                           Min: 0, Avg:  0.0, Max: 0, Diff: 0, Sum: 0, Workers: 6
[42.582s][debug  ][gc,phases      ] GC(37)     Total                          Min: 703, Avg: 892.5, Max: 1196, Diff: 493, Sum: 5355, Workers: 6
[42.582s][debug  ][gc,phases      ] GC(37)   ResolvedMethodTable Weak       Min:  0.0, Avg:  0.0, Max:  0.0, Diff:  0.0, Sum:  0.0, Workers: 6
[42.582s][debug  ][gc,phases      ] GC(37)     Dead                           Min: 0, Avg:  0.0, Max: 0, Diff: 0, Sum: 0, Workers: 6
[42.582s][debug  ][gc,phases      ] GC(37)     Total                          Min: 0, Avg: 21.7, Max: 64, Diff: 64, Sum: 130, Workers: 6
[42.582s][debug  ][gc,phases      ] GC(37)   JNI Weak                       Min:  0.0, Avg:  0.0, Max:  0.0, Diff:  0.0, Sum:  0.0, Workers: 6
[42.583s][debug  ][gc,phases      ] GC(37)     Dead                           Min: 0, Avg:  0.0, Max: 0, Diff: 0, Sum: 0, Workers: 6
[42.583s][debug  ][gc,phases      ] GC(37)     Total                          Min: 0, Avg:  0.0, Max: 0, Diff: 0, Sum: 0, Workers: 6
[42.583s][debug  ][gc,phases      ] GC(37)   StringDedup Table Weak         Min:  0.0, Avg:  0.0, Max:  0.0, Diff:  0.0, Sum:  0.0, Workers: 6
[42.583s][debug  ][gc,phases      ] GC(37)     Dead                           Min: 0, Avg:  0.0, Max: 0, Diff: 0, Sum: 0, Workers: 6
[42.583s][debug  ][gc,phases      ] GC(37)     Total                          Min: 0, Avg:  0.0, Max: 0, Diff: 0, Sum: 0, Workers: 6
[42.583s][debug  ][gc,phases      ] GC(37)   StringDedup Requests0 Weak     Min:  0.0, Avg:  0.0, Max:  0.0, Diff:  0.0, Sum:  0.0, Workers: 6
[42.583s][debug  ][gc,phases      ] GC(37)     Dead                           Min: 0, Avg:  0.0, Max: 0, Diff: 0, Sum: 0, Workers: 6
[42.583s][debug  ][gc,phases      ] GC(37)     Total                          Min: 0, Avg:  0.0, Max: 0, Diff: 0, Sum: 0, Workers: 6
[42.583s][debug  ][gc,phases      ] GC(37)   StringDedup Requests1 Weak     Min:  0.0, Avg:  0.0, Max:  0.0, Diff:  0.0, Sum:  0.0, Workers: 6
[42.583s][debug  ][gc,phases      ] GC(37)     Dead                           Min: 0, Avg:  0.0, Max: 0, Diff: 0, Sum: 0, Workers: 6
[42.583s][debug  ][gc,phases      ] GC(37)     Total                          Min: 0, Avg:  0.0, Max: 0, Diff: 0, Sum: 0, Workers: 6
[42.583s][debug  ][gc,phases      ] GC(37)   Weak JFR Old Object Samples    Min:  0.0, Avg:  0.0, Max:  0.0, Diff:  0.0, Sum:  0.0, Workers: 6
[42.583s][debug  ][gc,phases      ] GC(37)     Dead                           Min: 0, Avg:  0.0, Max: 0, Diff: 0, Sum: 0, Workers: 6
[42.583s][debug  ][gc,phases      ] GC(37)     Total                          Min: 0, Avg:  0.0, Max: 0, Diff: 0, Sum: 0, Workers: 6
[42.583s][debug  ][gc,phases      ] GC(37) Weak Processing 0.715ms
[42.583s][debug  ][gc,ergo        ] GC(37) AdaptiveSizeStart:  collection: 38 
[42.583s][debug  ][gc,ergo        ] GC(37) avg_survived_padded_avg: 68783632.000000
[42.583s][debug  ][gc,ergo        ] GC(37) avg_promoted_padded_avg: 62634424.000000  avg_pretenured_padded_avg: 0.000000  tenuring_thresh: 1  target_size: 44564480
[42.583s][debug  ][gc,age         ] GC(37) Desired survivor size 44564480 bytes, new threshold 1 (max threshold 15)
[42.583s][debug  ][gc,ergo        ] GC(37) PSAdaptiveSizePolicy::compute_eden_space_size: costs minor_time: 0.008572 major_cost: 0.000794 mutator_cost: 0.990634 throughput_goal: 0.990000
[42.583s][debug  ][gc,ergo        ] GC(37) Live_space: 393229696 free_space: 152043520
[42.583s][debug  ][gc,ergo        ] GC(37) Old eden_size: 44564480 desired_eden_size: 44564480
[42.583s][debug  ][gc,ergo        ] GC(37) AdaptiveSizeStop: collection: 38 
[42.583s][info   ][gc,heap        ] GC(37) PSYoungGen: 44894K(87552K)->43008K(87552K) Eden: 43870K(44032K)->0K(44032K) From: 1024K(43520K)->43008K(43520K)
[42.583s][info   ][gc,heap        ] GC(37) ParOldGen: 146021K(274432K)->147045K(274432K)
[42.583s][info   ][gc,metaspace   ] GC(37) Metaspace: 1024K(1216K)->1024K(1216K) NonClass: 940K(1024K)->940K(1024K) Class: 83K(192K)->83K(192K)
[42.583s][info   ][gc             ] GC(37) Pause Young (Allocation Failure) 186M->185M(353M) 6.564ms
[42.583s][info   ][gc,cpu         ] GC(37) User=0.12s Sys=0.00s Real=0.01s
[42.583s][debug  ][gc,heap        ] GC(37) Heap after GC invocations=38 (full 1):
[42.583s][debug  ][gc,heap        ] GC(37)  PSYoungGen      total 87552K, used 43008K [0x00000000f8000000, 0x0000000100000000, 0x0000000100000000)
[42.583s][debug  ][gc,heap        ] GC(37)   eden space 44032K, 0% used [0x00000000f8000000,0x00000000f8000000,0x00000000fab00000)
[42.583s][debug  ][gc,heap        ] GC(37)   from space 43520K, 98% used [0x00000000fd580000,0x00000000fff802a0,0x0000000100000000)
[42.583s][debug  ][gc,heap        ] GC(37)   to   space 43520K, 0% used [0x00000000fab00000,0x00000000fab00000,0x00000000fd580000)
[42.583s][debug  ][gc,heap        ] GC(37)  ParOldGen       total 274432K, used 147045K [0x00000000c0000000, 0x00000000d0c00000, 0x00000000f8000000)
[42.583s][debug  ][gc,heap        ] GC(37)   object space 274432K, 53% used [0x00000000c0000000,0x00000000c8f994c8,0x00000000d0c00000)
[42.583s][debug  ][gc,heap        ] GC(37)  Metaspace       used 1024K, committed 1216K, reserved 1056768K
[42.583s][debug  ][gc,heap        ] GC(37)   class space    used 83K, committed 192K, reserved 1048576K
[42.583s][debug  ][gc,task,time   ] GC(37) VM-Thread 425761486 425813941 425833103
[43.258s][debug  ][gc,heap        ] GC(38) Heap before GC invocations=39 (full 1):
[43.258s][debug  ][gc,heap        ] GC(38)  PSYoungGen      total 87552K, used 86879K [0x00000000f8000000, 0x0000000100000000, 0x0000000100000000)
[43.258s][debug  ][gc,heap        ] GC(38)   eden space 44032K, 99% used [0x00000000f8000000,0x00000000faad7d08,0x00000000fab00000)
[43.258s][debug  ][gc,heap        ] GC(38)   from space 43520K, 98% used [0x00000000fd580000,0x00000000fff802a0,0x0000000100000000)
[43.258s][debug  ][gc,heap        ] GC(38)   to   space 43520K, 0% used [0x00000000fab00000,0x00000000fab00000,0x00000000fd580000)
[43.258s][debug  ][gc,heap        ] GC(38)  ParOldGen       total 274432K, used 147045K [0x00000000c0000000, 0x00000000d0c00000, 0x00000000f8000000)
[43.258s][debug  ][gc,heap        ] GC(38)   object space 274432K, 53% used [0x00000000c0000000,0x00000000c8f994c8,0x00000000d0c00000)
[43.258s][debug  ][gc,heap        ] GC(38)  Metaspace       used 1024K, committed 1216K, reserved 1056768K
[43.258s][debug  ][gc,heap        ] GC(38)   class space    used 83K, committed 192K, reserved 1048576K
[43.258s][debug  ][gc,tlab        ] GC(38) TLAB totals: thrds: 1  refills: 1 max: 1 slow allocs: 41 max 41 waste: 45.7% gc: 883304B max: 883304B slow: 0B max: 0B
[43.258s][info   ][gc,start       ] GC(38) Pause Young (Allocation Failure)
[43.258s][debug  ][gc,phases,start] GC(38) Scavenge
[43.267s][debug  ][gc,phases      ] GC(38) Scavenge 9.230ms
[43.267s][debug  ][gc,phases,start] GC(38) Reference Processing
[43.267s][debug  ][gc,ref         ] GC(38) Skipped phase 1 of Reference Processing: no references
[43.267s][debug  ][gc,ref         ] GC(38) Skipped phase 2 of Reference Processing: no references
[43.267s][debug  ][gc,ref         ] GC(38) Skipped phase 3 of Reference Processing: no references
[43.267s][debug  ][gc,ref         ] GC(38) Skipped phase 4 of Reference Processing: no references
[43.267s][debug  ][gc,phases,ref  ] GC(38) Reference Processing: 0.1ms
[43.267s][debug  ][gc,phases,ref  ] GC(38)   Reconsider SoftReferences: 0.0ms
[43.267s][debug  ][gc,phases,ref  ] GC(38)     SoftRef (ms):                  skipped
[43.267s][debug  ][gc,phases,ref  ] GC(38)   Notify Soft/WeakReferences: 0.0ms
[43.268s][debug  ][gc,phases,ref  ] GC(38)     SoftRef (ms):                  skipped
[43.268s][debug  ][gc,phases,ref  ] GC(38)     WeakRef (ms):                  skipped
[43.268s][debug  ][gc,phases,ref  ] GC(38)     FinalRef (ms):                 skipped
[43.268s][debug  ][gc,phases,ref  ] GC(38)     Total (ms):                    skipped
[43.268s][debug  ][gc,phases,ref  ] GC(38)   Notify and keep alive finalizable: 0.0ms
[43.268s][debug  ][gc,phases,ref  ] GC(38)     FinalRef (ms):                 skipped
[43.268s][debug  ][gc,phases,ref  ] GC(38)   Notify PhantomReferences: 0.0ms
[43.268s][debug  ][gc,phases,ref  ] GC(38)     PhantomRef (ms):               skipped
[43.268s][debug  ][gc,phases,ref  ] GC(38)   SoftReference:
[43.268s][debug  ][gc,phases,ref  ] GC(38)     Discovered: 0
[43.268s][debug  ][gc,phases,ref  ] GC(38)     Cleared: 0
[43.268s][debug  ][gc,phases,ref  ] GC(38)   WeakReference:
[43.268s][debug  ][gc,phases,ref  ] GC(38)     Discovered: 0
[43.268s][debug  ][gc,phases,ref  ] GC(38)     Cleared: 0
[43.268s][debug  ][gc,phases,ref  ] GC(38)   FinalReference:
[43.268s][debug  ][gc,phases,ref  ] GC(38)     Discovered: 0
[43.268s][debug  ][gc,phases,ref  ] GC(38)     Cleared: 0
[43.268s][debug  ][gc,phases,ref  ] GC(38)   PhantomReference:
[43.268s][debug  ][gc,phases,ref  ] GC(38)     Discovered: 0
[43.268s][debug  ][gc,phases,ref  ] GC(38)     Cleared: 0
[43.268s][debug  ][gc,phases      ] GC(38) Reference Processing 0.635ms
[43.268s][debug  ][gc,phases,start] GC(38) Weak Processing
[43.268s][debug  ][gc,phases      ] GC(38)   VM Weak                        Min:  0.0, Avg:  0.0, Max:  0.0, Diff:  0.0, Sum:  0.0, Workers: 6
[43.268s][debug  ][gc,phases      ] GC(38)     Dead                           Min: 0, Avg:  0.0, Max: 0, Diff: 0, Sum: 0, Workers: 6
[43.268s][debug  ][gc,phases      ] GC(38)     Total                          Min: 0, Avg:  1.3, Max: 8, Diff: 8, Sum: 8, Workers: 6
[43.268s][debug  ][gc,phases      ] GC(38)   ObjectSynchronizer Weak        Min:  0.0, Avg:  0.0, Max:  0.0, Diff:  0.0, Sum:  0.0, Workers: 6
[43.268s][debug  ][gc,phases      ] GC(38)     Dead                           Min: 0, Avg:  0.0, Max: 0, Diff: 0, Sum: 0, Workers: 6
[43.268s][debug  ][gc,phases      ] GC(38)     Total                          Min: 0, Avg:  0.5, Max: 3, Diff: 3, Sum: 3, Workers: 6
[43.268s][debug  ][gc,phases      ] GC(38)   JVMTI Tag Weak OopStorage      Min:  0.0, Avg:  0.0, Max:  0.0, Diff:  0.0, Sum:  0.0, Workers: 6
[43.268s][debug  ][gc,phases      ] GC(38)     Dead                           Min: 0, Avg:  0.0, Max: 0, Diff: 0, Sum: 0, Workers: 6
[43.268s][debug  ][gc,phases      ] GC(38)     Total                          Min: 0, Avg:  0.0, Max: 0, Diff: 0, Sum: 0, Workers: 6
[43.268s][debug  ][gc,phases      ] GC(38)   StringTable Weak               Min:  0.0, Avg:  0.0, Max:  0.0, Diff:  0.0, Sum:  0.0, Workers: 6
[43.268s][debug  ][gc,phases      ] GC(38)     Dead                           Min: 0, Avg:  0.0, Max: 0, Diff: 0, Sum: 0, Workers: 6
[43.268s][debug  ][gc,phases      ] GC(38)     Total                          Min: 640, Avg: 892.5, Max: 1132, Diff: 492, Sum: 5355, Workers: 6
[43.268s][debug  ][gc,phases      ] GC(38)   ResolvedMethodTable Weak       Min:  0.0, Avg:  0.0, Max:  0.0, Diff:  0.0, Sum:  0.0, Workers: 6
[43.268s][debug  ][gc,phases      ] GC(38)     Dead                           Min: 0, Avg:  0.0, Max: 0, Diff: 0, Sum: 0, Workers: 6
[43.268s][debug  ][gc,phases      ] GC(38)     Total                          Min: 0, Avg: 21.7, Max: 64, Diff: 64, Sum: 130, Workers: 6
[43.268s][debug  ][gc,phases      ] GC(38)   JNI Weak                       Min:  0.0, Avg:  0.0, Max:  0.0, Diff:  0.0, Sum:  0.0, Workers: 6
[43.268s][debug  ][gc,phases      ] GC(38)     Dead                           Min: 0, Avg:  0.0, Max: 0, Diff: 0, Sum: 0, Workers: 6
[43.268s][debug  ][gc,phases      ] GC(38)     Total                          Min: 0, Avg:  0.0, Max: 0, Diff: 0, Sum: 0, Workers: 6
[43.268s][debug  ][gc,phases      ] GC(38)   StringDedup Table Weak         Min:  0.0, Avg:  0.0, Max:  0.0, Diff:  0.0, Sum:  0.0, Workers: 6
[43.268s][debug  ][gc,phases      ] GC(38)     Dead                           Min: 0, Avg:  0.0, Max: 0, Diff: 0, Sum: 0, Workers: 6
[43.268s][debug  ][gc,phases      ] GC(38)     Total                          Min: 0, Avg:  0.0, Max: 0, Diff: 0, Sum: 0, Workers: 6
[43.268s][debug  ][gc,phases      ] GC(38)   StringDedup Requests0 Weak     Min:  0.0, Avg:  0.0, Max:  0.0, Diff:  0.0, Sum:  0.0, Workers: 6
[43.268s][debug  ][gc,phases      ] GC(38)     Dead                           Min: 0, Avg:  0.0, Max: 0, Diff: 0, Sum: 0, Workers: 6
[43.269s][debug  ][gc,phases      ] GC(38)     Total                          Min: 0, Avg:  0.0, Max: 0, Diff: 0, Sum: 0, Workers: 6
[43.269s][debug  ][gc,phases      ] GC(38)   StringDedup Requests1 Weak     Min:  0.0, Avg:  0.0, Max:  0.0, Diff:  0.0, Sum:  0.0, Workers: 6
[43.269s][debug  ][gc,phases      ] GC(38)     Dead                           Min: 0, Avg:  0.0, Max: 0, Diff: 0, Sum: 0, Workers: 6
[43.269s][debug  ][gc,phases      ] GC(38)     Total                          Min: 0, Avg:  0.0, Max: 0, Diff: 0, Sum: 0, Workers: 6
[43.269s][debug  ][gc,phases      ] GC(38)   Weak JFR Old Object Samples    Min:  0.0, Avg:  0.0, Max:  0.0, Diff:  0.0, Sum:  0.0, Workers: 6
[43.269s][debug  ][gc,phases      ] GC(38)     Dead                           Min: 0, Avg:  0.0, Max: 0, Diff: 0, Sum: 0, Workers: 6
[43.269s][debug  ][gc,phases      ] GC(38)     Total                          Min: 0, Avg:  0.0, Max: 0, Diff: 0, Sum: 0, Workers: 6
[43.269s][debug  ][gc,phases      ] GC(38) Weak Processing 0.734ms
[43.269s][debug  ][gc,ergo        ] GC(38) AdaptiveSizeStart:  collection: 39 
[43.269s][debug  ][gc,ergo        ] GC(38) avg_survived_padded_avg: 70319896.000000
[43.269s][debug  ][gc,ergo        ] GC(38) avg_promoted_padded_avg: 68234624.000000  avg_pretenured_padded_avg: 0.000000  tenuring_thresh: 1  target_size: 44564480
[43.269s][debug  ][gc,age         ] GC(38) Desired survivor size 44564480 bytes, new threshold 1 (max threshold 15)
[43.269s][debug  ][gc,ergo        ] GC(38) PSAdaptiveSizePolicy::compute_eden_space_size limits: desired_eden_size: 55801355 old_eden_size: 44564480 eden_limit: 45088768 cur_eden: 45088768 max_eden_size: 45088768 avg_young_live: 29332408
[43.269s][debug  ][gc,ergo        ] GC(38) PSAdaptiveSizePolicy::compute_eden_space_size: costs minor_time: 0.010347 major_cost: 0.000794 mutator_cost: 0.988860 throughput_goal: 0.990000
[43.269s][debug  ][gc,ergo        ] GC(38) Live_space: 394863968 free_space: 152043520
[43.269s][debug  ][gc,ergo        ] GC(38) Old eden_size: 44564480 desired_eden_size: 45088768
[43.269s][debug  ][gc,ergo        ] GC(38) AdaptiveSizeStop: collection: 39 
[43.269s][info   ][gc,heap        ] GC(38) PSYoungGen: 86879K(87552K)->43008K(87552K) Eden: 43871K(44032K)->0K(44032K) From: 43008K(43520K)->43008K(43520K)
[43.269s][info   ][gc,heap        ] GC(38) ParOldGen: 147045K(274432K)->190053K(274432K)
[43.269s][info   ][gc,metaspace   ] GC(38) Metaspace: 1024K(1216K)->1024K(1216K) NonClass: 940K(1024K)->940K(1024K) Class: 83K(192K)->83K(192K)
[43.269s][info   ][gc             ] GC(38) Pause Young (Allocation Failure) 228M->227M(353M) 11.069ms
[43.269s][info   ][gc,cpu         ] GC(38) User=0.12s Sys=0.00s Real=0.01s
[43.269s][debug  ][gc,heap        ] GC(38) Heap after GC invocations=39 (full 1):
[43.269s][debug  ][gc,heap        ] GC(38)  PSYoungGen      total 87552K, used 43008K [0x00000000f8000000, 0x0000000100000000, 0x0000000100000000)
[43.269s][debug  ][gc,heap        ] GC(38)   eden space 44032K, 0% used [0x00000000f8000000,0x00000000f8000000,0x00000000fab00000)
[43.269s][debug  ][gc,heap        ] GC(38)   from space 43520K, 98% used [0x00000000fab00000,0x00000000fd5002a0,0x00000000fd580000)
[43.269s][debug  ][gc,heap        ] GC(38)   to   space 43520K, 0% used [0x00000000fd580000,0x00000000fd580000,0x0000000100000000)
[43.269s][debug  ][gc,heap        ] GC(38)  ParOldGen       total 274432K, used 190053K [0x00000000c0000000, 0x00000000d0c00000, 0x00000000f8000000)
[43.269s][debug  ][gc,heap        ] GC(38)   object space 274432K, 69% used [0x00000000c0000000,0x00000000cb999768,0x00000000d0c00000)
[43.269s][debug  ][gc,heap        ] GC(38)  Metaspace       used 1024K, committed 1216K, reserved 1056768K
[43.269s][debug  ][gc,heap        ] GC(38)   class space    used 83K, committed 192K, reserved 1048576K
[43.269s][debug  ][gc,task,time   ] GC(38) VM-Thread 432575964 432672599 432691964
[43.940s][debug  ][gc,heap        ] GC(39) Heap before GC invocations=40 (full 1):
[43.940s][debug  ][gc,heap        ] GC(39)  PSYoungGen      total 87552K, used 86880K [0x00000000f8000000, 0x0000000100000000, 0x0000000100000000)
[43.940s][debug  ][gc,heap        ] GC(39)   eden space 44032K, 99% used [0x00000000f8000000,0x00000000faad7e08,0x00000000fab00000)
[43.940s][debug  ][gc,heap        ] GC(39)   from space 43520K, 98% used [0x00000000fab00000,0x00000000fd5002a0,0x00000000fd580000)
[43.940s][debug  ][gc,heap        ] GC(39)   to   space 43520K, 0% used [0x00000000fd580000,0x00000000fd580000,0x0000000100000000)
[43.940s][debug  ][gc,heap        ] GC(39)  ParOldGen       total 274432K, used 190053K [0x00000000c0000000, 0x00000000d0c00000, 0x00000000f8000000)
[43.940s][debug  ][gc,heap        ] GC(39)   object space 274432K, 69% used [0x00000000c0000000,0x00000000cb999768,0x00000000d0c00000)
[43.940s][debug  ][gc,heap        ] GC(39)  Metaspace       used 1025K, committed 1216K, reserved 1056768K
[43.940s][debug  ][gc,heap        ] GC(39)   class space    used 83K, committed 192K, reserved 1048576K
[43.940s][debug  ][gc,tlab        ] GC(39) TLAB totals: thrds: 1  refills: 1 max: 1 slow allocs: 41 max 41 waste: 45.7% gc: 882496B max: 882496B slow: 0B max: 0B
[43.941s][info   ][gc,start       ] GC(39) Pause Young (Allocation Failure)
[43.941s][debug  ][gc,phases,start] GC(39) Scavenge
[43.943s][debug  ][gc,phases      ] GC(39) Scavenge 2.794ms
[43.943s][debug  ][gc,phases,start] GC(39) Reference Processing
[43.944s][debug  ][gc,ref         ] GC(39) Skipped phase 1 of Reference Processing: no references
[43.944s][debug  ][gc,ref         ] GC(39) Skipped phase 2 of Reference Processing: no references
[43.944s][debug  ][gc,ref         ] GC(39) Skipped phase 3 of Reference Processing: no references
[43.944s][debug  ][gc,ref         ] GC(39) Skipped phase 4 of Reference Processing: no references
[43.944s][debug  ][gc,phases,ref  ] GC(39) Reference Processing: 0.1ms
[43.944s][debug  ][gc,phases,ref  ] GC(39)   Reconsider SoftReferences: 0.0ms
[43.944s][debug  ][gc,phases,ref  ] GC(39)     SoftRef (ms):                  skipped
[43.944s][debug  ][gc,phases,ref  ] GC(39)   Notify Soft/WeakReferences: 0.0ms
[43.944s][debug  ][gc,phases,ref  ] GC(39)     SoftRef (ms):                  skipped
[43.944s][debug  ][gc,phases,ref  ] GC(39)     WeakRef (ms):                  skipped
[43.944s][debug  ][gc,phases,ref  ] GC(39)     FinalRef (ms):                 skipped
[43.944s][debug  ][gc,phases,ref  ] GC(39)     Total (ms):                    skipped
[43.944s][debug  ][gc,phases,ref  ] GC(39)   Notify and keep alive finalizable: 0.0ms
[43.944s][debug  ][gc,phases,ref  ] GC(39)     FinalRef (ms):                 skipped
[43.944s][debug  ][gc,phases,ref  ] GC(39)   Notify PhantomReferences: 0.0ms
[43.944s][debug  ][gc,phases,ref  ] GC(39)     PhantomRef (ms):               skipped
[43.944s][debug  ][gc,phases,ref  ] GC(39)   SoftReference:
[43.944s][debug  ][gc,phases,ref  ] GC(39)     Discovered: 0
[43.944s][debug  ][gc,phases,ref  ] GC(39)     Cleared: 0
[43.944s][debug  ][gc,phases,ref  ] GC(39)   WeakReference:
[43.944s][debug  ][gc,phases,ref  ] GC(39)     Discovered: 0
[43.944s][debug  ][gc,phases,ref  ] GC(39)     Cleared: 0
[43.944s][debug  ][gc,phases,ref  ] GC(39)   FinalReference:
[43.944s][debug  ][gc,phases,ref  ] GC(39)     Discovered: 0
[43.944s][debug  ][gc,phases,ref  ] GC(39)     Cleared: 0
[43.944s][debug  ][gc,phases,ref  ] GC(39)   PhantomReference:
[43.944s][debug  ][gc,phases,ref  ] GC(39)     Discovered: 0
[43.944s][debug  ][gc,phases,ref  ] GC(39)     Cleared: 0
[43.944s][debug  ][gc,phases      ] GC(39) Reference Processing 0.629ms
[43.944s][debug  ][gc,phases,start] GC(39) Weak Processing
[43.944s][debug  ][gc,phases      ] GC(39)   VM Weak                        Min:  0.0, Avg:  0.0, Max:  0.0, Diff:  0.0, Sum:  0.0, Workers: 6
[43.944s][debug  ][gc,phases      ] GC(39)     Dead                           Min: 0, Avg:  0.0, Max: 0, Diff: 0, Sum: 0, Workers: 6
[43.944s][debug  ][gc,phases      ] GC(39)     Total                          Min: 0, Avg:  1.3, Max: 8, Diff: 8, Sum: 8, Workers: 6
[43.944s][debug  ][gc,phases      ] GC(39)   ObjectSynchronizer Weak        Min:  0.0, Avg:  0.0, Max:  0.0, Diff:  0.0, Sum:  0.0, Workers: 6
[43.944s][debug  ][gc,phases      ] GC(39)     Dead                           Min: 0, Avg:  0.0, Max: 0, Diff: 0, Sum: 0, Workers: 6
[43.944s][debug  ][gc,phases      ] GC(39)     Total                          Min: 0, Avg:  0.5, Max: 3, Diff: 3, Sum: 3, Workers: 6
[43.944s][debug  ][gc,phases      ] GC(39)   JVMTI Tag Weak OopStorage      Min:  0.0, Avg:  0.0, Max:  0.0, Diff:  0.0, Sum:  0.0, Workers: 6
[43.944s][debug  ][gc,phases      ] GC(39)     Dead                           Min: 0, Avg:  0.0, Max: 0, Diff: 0, Sum: 0, Workers: 6
[43.944s][debug  ][gc,phases      ] GC(39)     Total                          Min: 0, Avg:  0.0, Max: 0, Diff: 0, Sum: 0, Workers: 6
[43.944s][debug  ][gc,phases      ] GC(39)   StringTable Weak               Min:  0.0, Avg:  0.0, Max:  0.0, Diff:  0.0, Sum:  0.1, Workers: 6
[43.944s][debug  ][gc,phases      ] GC(39)     Dead                           Min: 0, Avg:  0.0, Max: 0, Diff: 0, Sum: 0, Workers: 6
[43.944s][debug  ][gc,phases      ] GC(39)     Total                          Min: 640, Avg: 892.5, Max: 1216, Diff: 576, Sum: 5355, Workers: 6
[43.944s][debug  ][gc,phases      ] GC(39)   ResolvedMethodTable Weak       Min:  0.0, Avg:  0.0, Max:  0.0, Diff:  0.0, Sum:  0.0, Workers: 6
[43.944s][debug  ][gc,phases      ] GC(39)     Dead                           Min: 0, Avg:  0.0, Max: 0, Diff: 0, Sum: 0, Workers: 6
[43.945s][debug  ][gc,phases      ] GC(39)     Total                          Min: 0, Avg: 21.7, Max: 64, Diff: 64, Sum: 130, Workers: 6
[43.945s][debug  ][gc,phases      ] GC(39)   JNI Weak                       Min:  0.0, Avg:  0.0, Max:  0.0, Diff:  0.0, Sum:  0.0, Workers: 6
[43.945s][debug  ][gc,phases      ] GC(39)     Dead                           Min: 0, Avg:  0.0, Max: 0, Diff: 0, Sum: 0, Workers: 6
[43.945s][debug  ][gc,phases      ] GC(39)     Total                          Min: 0, Avg:  0.0, Max: 0, Diff: 0, Sum: 0, Workers: 6
[43.945s][debug  ][gc,phases      ] GC(39)   StringDedup Table Weak         Min:  0.0, Avg:  0.0, Max:  0.0, Diff:  0.0, Sum:  0.0, Workers: 6
[43.945s][debug  ][gc,phases      ] GC(39)     Dead                           Min: 0, Avg:  0.0, Max: 0, Diff: 0, Sum: 0, Workers: 6
[43.945s][debug  ][gc,phases      ] GC(39)     Total                          Min: 0, Avg:  0.0, Max: 0, Diff: 0, Sum: 0, Workers: 6
[43.945s][debug  ][gc,phases      ] GC(39)   StringDedup Requests0 Weak     Min:  0.0, Avg:  0.0, Max:  0.0, Diff:  0.0, Sum:  0.0, Workers: 6
[43.945s][debug  ][gc,phases      ] GC(39)     Dead                           Min: 0, Avg:  0.0, Max: 0, Diff: 0, Sum: 0, Workers: 6
[43.945s][debug  ][gc,phases      ] GC(39)     Total                          Min: 0, Avg:  0.0, Max: 0, Diff: 0, Sum: 0, Workers: 6
[43.945s][debug  ][gc,phases      ] GC(39)   StringDedup Requests1 Weak     Min:  0.0, Avg:  0.0, Max:  0.0, Diff:  0.0, Sum:  0.0, Workers: 6
[43.945s][debug  ][gc,phases      ] GC(39)     Dead                           Min: 0, Avg:  0.0, Max: 0, Diff: 0, Sum: 0, Workers: 6
[43.945s][debug  ][gc,phases      ] GC(39)     Total                          Min: 0, Avg:  0.0, Max: 0, Diff: 0, Sum: 0, Workers: 6
[43.945s][debug  ][gc,phases      ] GC(39)   Weak JFR Old Object Samples    Min:  0.0, Avg:  0.0, Max:  0.0, Diff:  0.0, Sum:  0.0, Workers: 6
[43.945s][debug  ][gc,phases      ] GC(39)     Dead                           Min: 0, Avg:  0.0, Max: 0, Diff: 0, Sum: 0, Workers: 6
[43.945s][debug  ][gc,phases      ] GC(39)     Total                          Min: 0, Avg:  0.0, Max: 0, Diff: 0, Sum: 0, Workers: 6
[43.945s][debug  ][gc,phases      ] GC(39) Weak Processing 0.690ms
[43.945s][debug  ][gc,ergo        ] GC(39) AdaptiveSizeStart:  collection: 40 
[43.945s][debug  ][gc,ergo        ] GC(39) avg_survived_padded_avg: 66756416.000000
[43.945s][debug  ][gc,ergo        ] GC(39) avg_promoted_padded_avg: 66317052.000000  avg_pretenured_padded_avg: 0.000000  tenuring_thresh: 1  target_size: 44564480
[43.945s][debug  ][gc,age         ] GC(39) Desired survivor size 44564480 bytes, new threshold 1 (max threshold 15)
[43.945s][debug  ][gc,ergo        ] GC(39) PSAdaptiveSizePolicy::compute_eden_space_size limits: desired_eden_size: 55720578 old_eden_size: 45088768 eden_limit: 45088768 cur_eden: 45088768 max_eden_size: 45088768 avg_young_live: 29230366
[43.945s][debug  ][gc,ergo        ] GC(39) PSAdaptiveSizePolicy::compute_eden_space_size: costs minor_time: 0.009350 major_cost: 0.000794 mutator_cost: 0.989857 throughput_goal: 0.990000
[43.945s][debug  ][gc,ergo        ] GC(39) Live_space: 394761920 free_space: 152567808
[43.945s][debug  ][gc,ergo        ] GC(39) Old eden_size: 45088768 desired_eden_size: 45088768
[43.945s][debug  ][gc,ergo        ] GC(39) AdaptiveSizeStop: collection: 40 
[43.945s][info   ][gc,heap        ] GC(39) PSYoungGen: 86880K(87552K)->27648K(87552K) Eden: 43871K(44032K)->0K(44032K) From: 43008K(43520K)->27648K(43520K)
[43.945s][info   ][gc,heap        ] GC(39) ParOldGen: 190053K(274432K)->190053K(274432K)
[43.945s][info   ][gc,metaspace   ] GC(39) Metaspace: 1025K(1216K)->1025K(1216K) NonClass: 942K(1024K)->942K(1024K) Class: 83K(192K)->83K(192K)
[43.945s][info   ][gc             ] GC(39) Pause Young (Allocation Failure) 270M->212M(353M) 4.636ms
[43.945s][info   ][gc,cpu         ] GC(39) User=0.00s Sys=0.00s Real=0.01s
[43.945s][debug  ][gc,heap        ] GC(39) Heap after GC invocations=40 (full 1):
[43.945s][debug  ][gc,heap        ] GC(39)  PSYoungGen      total 87552K, used 27648K [0x00000000f8000000, 0x0000000100000000, 0x0000000100000000)
[43.945s][debug  ][gc,heap        ] GC(39)   eden space 44032K, 0% used [0x00000000f8000000,0x00000000f8000000,0x00000000fab00000)
[43.945s][debug  ][gc,heap        ] GC(39)   from space 43520K, 63% used [0x00000000fd580000,0x00000000ff0801b0,0x0000000100000000)
[43.945s][debug  ][gc,heap        ] GC(39)   to   space 43520K, 0% used [0x00000000fab00000,0x00000000fab00000,0x00000000fd580000)
[43.945s][debug  ][gc,heap        ] GC(39)  ParOldGen       total 274432K, used 190053K [0x00000000c0000000, 0x00000000d0c00000, 0x00000000f8000000)
[43.945s][debug  ][gc,heap        ] GC(39)   object space 274432K, 69% used [0x00000000c0000000,0x00000000cb999768,0x00000000d0c00000)
[43.945s][debug  ][gc,heap        ] GC(39)  Metaspace       used 1025K, committed 1216K, reserved 1056768K
[43.945s][debug  ][gc,heap        ] GC(39)   class space    used 83K, committed 192K, reserved 1048576K
[43.945s][debug  ][gc,task,time   ] GC(39) VM-Thread 439400821 439434890 439453776
[44.606s][debug  ][gc,heap        ] GC(40) Heap before GC invocations=41 (full 1):
[44.606s][debug  ][gc,heap        ] GC(40)  PSYoungGen      total 87552K, used 71520K [0x00000000f8000000, 0x0000000100000000, 0x0000000100000000)
[44.606s][debug  ][gc,heap        ] GC(40)   eden space 44032K, 99% used [0x00000000f8000000,0x00000000faad7eb0,0x00000000fab00000)
[44.606s][debug  ][gc,heap        ] GC(40)   from space 43520K, 63% used [0x00000000fd580000,0x00000000ff0801b0,0x0000000100000000)
[44.606s][debug  ][gc,heap        ] GC(40)   to   space 43520K, 0% used [0x00000000fab00000,0x00000000fab00000,0x00000000fd580000)
[44.606s][debug  ][gc,heap        ] GC(40)  ParOldGen       total 274432K, used 190053K [0x00000000c0000000, 0x00000000d0c00000, 0x00000000f8000000)
[44.606s][debug  ][gc,heap        ] GC(40)   object space 274432K, 69% used [0x00000000c0000000,0x00000000cb999768,0x00000000d0c00000)
[44.606s][debug  ][gc,heap        ] GC(40)  Metaspace       used 1025K, committed 1216K, reserved 1056768K
[44.607s][debug  ][gc,heap        ] GC(40)   class space    used 83K, committed 192K, reserved 1048576K
[44.607s][debug  ][gc,tlab        ] GC(40) TLAB totals: thrds: 1  refills: 1 max: 1 slow allocs: 41 max 41 waste: 45.7% gc: 883728B max: 883728B slow: 0B max: 0B
[44.607s][info   ][gc,start       ] GC(40) Pause Young (Allocation Failure)
[44.607s][debug  ][gc,phases,start] GC(40) Scavenge
[44.614s][debug  ][gc,phases      ] GC(40) Scavenge 7.228ms
[44.614s][debug  ][gc,phases,start] GC(40) Reference Processing
[44.614s][debug  ][gc,ref         ] GC(40) Skipped phase 1 of Reference Processing: no references
[44.614s][debug  ][gc,ref         ] GC(40) Skipped phase 2 of Reference Processing: no references
[44.614s][debug  ][gc,ref         ] GC(40) Skipped phase 3 of Reference Processing: no references
[44.614s][debug  ][gc,ref         ] GC(40) Skipped phase 4 of Reference Processing: no references
[44.614s][debug  ][gc,phases,ref  ] GC(40) Reference Processing: 0.1ms
[44.614s][debug  ][gc,phases,ref  ] GC(40)   Reconsider SoftReferences: 0.0ms
[44.614s][debug  ][gc,phases,ref  ] GC(40)     SoftRef (ms):                  skipped
[44.614s][debug  ][gc,phases,ref  ] GC(40)   Notify Soft/WeakReferences: 0.0ms
[44.614s][debug  ][gc,phases,ref  ] GC(40)     SoftRef (ms):                  skipped
[44.614s][debug  ][gc,phases,ref  ] GC(40)     WeakRef (ms):                  skipped
[44.614s][debug  ][gc,phases,ref  ] GC(40)     FinalRef (ms):                 skipped
[44.614s][debug  ][gc,phases,ref  ] GC(40)     Total (ms):                    skipped
[44.614s][debug  ][gc,phases,ref  ] GC(40)   Notify and keep alive finalizable: 0.0ms
[44.614s][debug  ][gc,phases,ref  ] GC(40)     FinalRef (ms):                 skipped
[44.614s][debug  ][gc,phases,ref  ] GC(40)   Notify PhantomReferences: 0.0ms
[44.614s][debug  ][gc,phases,ref  ] GC(40)     PhantomRef (ms):               skipped
[44.614s][debug  ][gc,phases,ref  ] GC(40)   SoftReference:
[44.614s][debug  ][gc,phases,ref  ] GC(40)     Discovered: 0
[44.614s][debug  ][gc,phases,ref  ] GC(40)     Cleared: 0
[44.614s][debug  ][gc,phases,ref  ] GC(40)   WeakReference:
[44.614s][debug  ][gc,phases,ref  ] GC(40)     Discovered: 0
[44.614s][debug  ][gc,phases,ref  ] GC(40)     Cleared: 0
[44.615s][debug  ][gc,phases,ref  ] GC(40)   FinalReference:
[44.615s][debug  ][gc,phases,ref  ] GC(40)     Discovered: 0
[44.615s][debug  ][gc,phases,ref  ] GC(40)     Cleared: 0
[44.615s][debug  ][gc,phases,ref  ] GC(40)   PhantomReference:
[44.615s][debug  ][gc,phases,ref  ] GC(40)     Discovered: 0
[44.615s][debug  ][gc,phases,ref  ] GC(40)     Cleared: 0
[44.615s][debug  ][gc,phases      ] GC(40) Reference Processing 0.684ms
[44.615s][debug  ][gc,phases,start] GC(40) Weak Processing
[44.615s][debug  ][gc,phases      ] GC(40)   VM Weak                        Min:  0.0, Avg:  0.0, Max:  0.0, Diff:  0.0, Sum:  0.0, Workers: 6
[44.615s][debug  ][gc,phases      ] GC(40)     Dead                           Min: 0, Avg:  0.0, Max: 0, Diff: 0, Sum: 0, Workers: 6
[44.615s][debug  ][gc,phases      ] GC(40)     Total                          Min: 0, Avg:  1.3, Max: 8, Diff: 8, Sum: 8, Workers: 6
[44.615s][debug  ][gc,phases      ] GC(40)   ObjectSynchronizer Weak        Min:  0.0, Avg:  0.0, Max:  0.0, Diff:  0.0, Sum:  0.0, Workers: 6
[44.615s][debug  ][gc,phases      ] GC(40)     Dead                           Min: 0, Avg:  0.0, Max: 0, Diff: 0, Sum: 0, Workers: 6
[44.615s][debug  ][gc,phases      ] GC(40)     Total                          Min: 0, Avg:  0.5, Max: 3, Diff: 3, Sum: 3, Workers: 6
[44.615s][debug  ][gc,phases      ] GC(40)   JVMTI Tag Weak OopStorage      Min:  0.0, Avg:  0.0, Max:  0.0, Diff:  0.0, Sum:  0.0, Workers: 6
[44.615s][debug  ][gc,phases      ] GC(40)     Dead                           Min: 0, Avg:  0.0, Max: 0, Diff: 0, Sum: 0, Workers: 6
[44.615s][debug  ][gc,phases      ] GC(40)     Total                          Min: 0, Avg:  0.0, Max: 0, Diff: 0, Sum: 0, Workers: 6
[44.615s][debug  ][gc,phases      ] GC(40)   StringTable Weak               Min:  0.0, Avg:  0.0, Max:  0.0, Diff:  0.0, Sum:  0.1, Workers: 6
[44.615s][debug  ][gc,phases      ] GC(40)     Dead                           Min: 0, Avg:  0.0, Max: 0, Diff: 0, Sum: 0, Workers: 6
[44.615s][debug  ][gc,phases      ] GC(40)     Total                          Min: 640, Avg: 892.5, Max: 1132, Diff: 492, Sum: 5355, Workers: 6
[44.615s][debug  ][gc,phases      ] GC(40)   ResolvedMethodTable Weak       Min:  0.0, Avg:  0.0, Max:  0.0, Diff:  0.0, Sum:  0.0, Workers: 6
[44.615s][debug  ][gc,phases      ] GC(40)     Dead                           Min: 0, Avg:  0.0, Max: 0, Diff: 0, Sum: 0, Workers: 6
[44.615s][debug  ][gc,phases      ] GC(40)     Total                          Min: 0, Avg: 21.7, Max: 64, Diff: 64, Sum: 130, Workers: 6
[44.615s][debug  ][gc,phases      ] GC(40)   JNI Weak                       Min:  0.0, Avg:  0.0, Max:  0.0, Diff:  0.0, Sum:  0.0, Workers: 6
[44.615s][debug  ][gc,phases      ] GC(40)     Dead                           Min: 0, Avg:  0.0, Max: 0, Diff: 0, Sum: 0, Workers: 6
[44.615s][debug  ][gc,phases      ] GC(40)     Total                          Min: 0, Avg:  0.0, Max: 0, Diff: 0, Sum: 0, Workers: 6
[44.615s][debug  ][gc,phases      ] GC(40)   StringDedup Table Weak         Min:  0.0, Avg:  0.0, Max:  0.0, Diff:  0.0, Sum:  0.0, Workers: 6
[44.615s][debug  ][gc,phases      ] GC(40)     Dead                           Min: 0, Avg:  0.0, Max: 0, Diff: 0, Sum: 0, Workers: 6
[44.615s][debug  ][gc,phases      ] GC(40)     Total                          Min: 0, Avg:  0.0, Max: 0, Diff: 0, Sum: 0, Workers: 6
[44.615s][debug  ][gc,phases      ] GC(40)   StringDedup Requests0 Weak     Min:  0.0, Avg:  0.0, Max:  0.0, Diff:  0.0, Sum:  0.0, Workers: 6
[44.615s][debug  ][gc,phases      ] GC(40)     Dead                           Min: 0, Avg:  0.0, Max: 0, Diff: 0, Sum: 0, Workers: 6
[44.615s][debug  ][gc,phases      ] GC(40)     Total                          Min: 0, Avg:  0.0, Max: 0, Diff: 0, Sum: 0, Workers: 6
[44.615s][debug  ][gc,phases      ] GC(40)   StringDedup Requests1 Weak     Min:  0.0, Avg:  0.0, Max:  0.0, Diff:  0.0, Sum:  0.0, Workers: 6
[44.615s][debug  ][gc,phases      ] GC(40)     Dead                           Min: 0, Avg:  0.0, Max: 0, Diff: 0, Sum: 0, Workers: 6
[44.615s][debug  ][gc,phases      ] GC(40)     Total                          Min: 0, Avg:  0.0, Max: 0, Diff: 0, Sum: 0, Workers: 6
[44.615s][debug  ][gc,phases      ] GC(40)   Weak JFR Old Object Samples    Min:  0.0, Avg:  0.0, Max:  0.0, Diff:  0.0, Sum:  0.0, Workers: 6
[44.615s][debug  ][gc,phases      ] GC(40)     Dead                           Min: 0, Avg:  0.0, Max: 0, Diff: 0, Sum: 0, Workers: 6
[44.615s][debug  ][gc,phases      ] GC(40)     Total                          Min: 0, Avg:  0.0, Max: 0, Diff: 0, Sum: 0, Workers: 6
[44.616s][debug  ][gc,phases      ] GC(40) Weak Processing 0.832ms
[44.616s][debug  ][gc,ergo        ] GC(40) AdaptiveSizeStart:  collection: 41 
[44.616s][debug  ][gc,ergo        ] GC(40) avg_survived_padded_avg: 68158072.000000
[44.616s][debug  ][gc,ergo        ] GC(40) avg_promoted_padded_avg: 65501092.000000  avg_pretenured_padded_avg: 0.000000  tenuring_thresh: 1  target_size: 44564480
[44.616s][debug  ][gc,age         ] GC(40) Desired survivor size 44564480 bytes, new threshold 1 (max threshold 15)
[44.616s][debug  ][gc,ergo        ] GC(40) PSAdaptiveSizePolicy::compute_eden_space_size limits: desired_eden_size: 55799529 old_eden_size: 45088768 eden_limit: 45088768 cur_eden: 45088768 max_eden_size: 45088768 avg_young_live: 30711416
[44.616s][debug  ][gc,ergo        ] GC(40) PSAdaptiveSizePolicy::compute_eden_space_size: costs minor_time: 0.010322 major_cost: 0.000794 mutator_cost: 0.988884 throughput_goal: 0.990000
[44.616s][debug  ][gc,ergo        ] GC(40) Live_space: 396242976 free_space: 152567808
[44.616s][debug  ][gc,ergo        ] GC(40) Old eden_size: 45088768 desired_eden_size: 45088768
[44.616s][debug  ][gc,ergo        ] GC(40) AdaptiveSizeStop: collection: 41 
[44.616s][info   ][gc,heap        ] GC(40) PSYoungGen: 71520K(87552K)->43008K(87552K) Eden: 43871K(44032K)->0K(44032K) From: 27648K(43520K)->43008K(43520K)
[44.616s][info   ][gc,heap        ] GC(40) ParOldGen: 190053K(274432K)->217702K(274432K)
[44.616s][info   ][gc,metaspace   ] GC(40) Metaspace: 1025K(1216K)->1025K(1216K) NonClass: 942K(1024K)->942K(1024K) Class: 83K(192K)->83K(192K)
[44.616s][info   ][gc             ] GC(40) Pause Young (Allocation Failure) 255M->254M(353M) 9.250ms
[44.616s][info   ][gc,cpu         ] GC(40) User=0.12s Sys=0.00s Real=0.01s
[44.616s][debug  ][gc,heap        ] GC(40) Heap after GC invocations=41 (full 1):
[44.616s][debug  ][gc,heap        ] GC(40)  PSYoungGen      total 87552K, used 43008K [0x00000000f8000000, 0x0000000100000000, 0x0000000100000000)
[44.616s][debug  ][gc,heap        ] GC(40)   eden space 44032K, 0% used [0x00000000f8000000,0x00000000f8000000,0x00000000fab00000)
[44.616s][debug  ][gc,heap        ] GC(40)   from space 43520K, 98% used [0x00000000fab00000,0x00000000fd5002a0,0x00000000fd580000)
[44.616s][debug  ][gc,heap        ] GC(40)   to   space 43520K, 0% used [0x00000000fd580000,0x00000000fd580000,0x0000000100000000)
[44.616s][debug  ][gc,heap        ] GC(40)  ParOldGen       total 274432K, used 217702K [0x00000000c0000000, 0x00000000d0c00000, 0x00000000f8000000)
[44.616s][debug  ][gc,heap        ] GC(40)   object space 274432K, 79% used [0x00000000c0000000,0x00000000cd499918,0x00000000d0c00000)
[44.616s][debug  ][gc,heap        ] GC(40)  Metaspace       used 1025K, committed 1216K, reserved 1056768K
[44.616s][debug  ][gc,heap        ] GC(40)   class space    used 83K, committed 192K, reserved 1048576K
[44.616s][debug  ][gc,task,time   ] GC(40) VM-Thread 446061916 446139688 446161730
[44.616s][debug  ][gc,phases,start] GC(41) Pre Compact
[44.616s][debug  ][gc,heap        ] GC(41) Heap before GC invocations=42 (full 2):
[44.616s][debug  ][gc,heap        ] GC(41)  PSYoungGen      total 87552K, used 43008K [0x00000000f8000000, 0x0000000100000000, 0x0000000100000000)
[44.616s][debug  ][gc,heap        ] GC(41)   eden space 44032K, 0% used [0x00000000f8000000,0x00000000f8000000,0x00000000fab00000)
[44.616s][debug  ][gc,heap        ] GC(41)   from space 43520K, 98% used [0x00000000fab00000,0x00000000fd5002a0,0x00000000fd580000)
[44.616s][debug  ][gc,heap        ] GC(41)   to   space 43520K, 0% used [0x00000000fd580000,0x00000000fd580000,0x0000000100000000)
[44.616s][debug  ][gc,heap        ] GC(41)  ParOldGen       total 274432K, used 217702K [0x00000000c0000000, 0x00000000d0c00000, 0x00000000f8000000)
[44.616s][debug  ][gc,heap        ] GC(41)   object space 274432K, 79% used [0x00000000c0000000,0x00000000cd499918,0x00000000d0c00000)
[44.616s][debug  ][gc,heap        ] GC(41)  Metaspace       used 1025K, committed 1216K, reserved 1056768K
[44.616s][debug  ][gc,heap        ] GC(41)   class space    used 83K, committed 192K, reserved 1048576K
[44.616s][debug  ][gc,phases      ] GC(41) Pre Compact 0.259ms
[44.616s][info   ][gc,start       ] GC(41) Pause Full (Ergonomics)
[44.617s][info   ][gc,phases,start] GC(41) Marking Phase
[44.617s][debug  ][gc,phases,start] GC(41) Par Mark
[44.617s][debug  ][gc,phases      ] GC(41) Par Mark 0.704ms
[44.617s][debug  ][gc,phases,start] GC(41) Reference Processing
[44.617s][debug  ][gc,ref         ] GC(41) Skipped phase 1 of Reference Processing: no references
[44.617s][debug  ][gc,ref         ] GC(41) ReferenceProcessor::execute queues: 1, RefProcThreadModel::Single, marks_oops_alive: false
[44.617s][debug  ][gc,ref         ] GC(41) Skipped phase 3 of Reference Processing: no references
[44.617s][debug  ][gc,ref         ] GC(41) ReferenceProcessor::execute queues: 1, RefProcThreadModel::Single, marks_oops_alive: false
[44.617s][debug  ][gc,phases,ref  ] GC(41) Reference Processing: 0.1ms
[44.617s][debug  ][gc,phases,ref  ] GC(41)   Reconsider SoftReferences: 0.0ms
[44.618s][debug  ][gc,phases,ref  ] GC(41)     SoftRef (ms):                  skipped
[44.618s][debug  ][gc,phases,ref  ] GC(41)   Notify Soft/WeakReferences: 0.0ms
[44.618s][debug  ][gc,phases,ref  ] GC(41)     SoftRef (ms):                  Min:  0.0, Avg:  0.0, Max:  0.0, Diff:  0.0, Sum:  0.0, Workers: 10
[44.618s][debug  ][gc,phases,ref  ] GC(41)     WeakRef (ms):                  Min:  0.0, Avg:  0.0, Max:  0.0, Diff:  0.0, Sum:  0.0, Workers: 10
[44.618s][debug  ][gc,phases,ref  ] GC(41)     FinalRef (ms):                 Min:  0.0, Avg:  0.0, Max:  0.0, Diff:  0.0, Sum:  0.0, Workers: 10
[44.618s][debug  ][gc,phases,ref  ] GC(41)     Total (ms):                    Min:  0.0, Avg:  0.0, Max:  0.0, Diff:  0.0, Sum:  0.0, Workers: 10
[44.618s][debug  ][gc,phases,ref  ] GC(41)   Notify and keep alive finalizable: 0.0ms
[44.618s][debug  ][gc,phases,ref  ] GC(41)     FinalRef (ms):                 skipped
[44.618s][debug  ][gc,phases,ref  ] GC(41)   Notify PhantomReferences: 0.0ms
[44.618s][debug  ][gc,phases,ref  ] GC(41)     PhantomRef (ms):               Min:  0.0, Avg:  0.0, Max:  0.0, Diff:  0.0, Sum:  0.0, Workers: 10
[44.618s][debug  ][gc,phases,ref  ] GC(41)   SoftReference:
[44.618s][debug  ][gc,phases,ref  ] GC(41)     Discovered: 0
[44.618s][debug  ][gc,phases,ref  ] GC(41)     Cleared: 0
[44.618s][debug  ][gc,phases,ref  ] GC(41)   WeakReference:
[44.618s][debug  ][gc,phases,ref  ] GC(41)     Discovered: 88
[44.618s][debug  ][gc,phases,ref  ] GC(41)     Cleared: 88
[44.618s][debug  ][gc,phases,ref  ] GC(41)   FinalReference:
[44.618s][debug  ][gc,phases,ref  ] GC(41)     Discovered: 0
[44.618s][debug  ][gc,phases,ref  ] GC(41)     Cleared: 0
[44.618s][debug  ][gc,phases,ref  ] GC(41)   PhantomReference:
[44.618s][debug  ][gc,phases,ref  ] GC(41)     Discovered: 3
[44.618s][debug  ][gc,phases,ref  ] GC(41)     Cleared: 3
[44.618s][debug  ][gc,phases      ] GC(41) Reference Processing 0.764ms
[44.618s][debug  ][gc,phases,start] GC(41) Weak Processing
[44.618s][debug  ][gc,phases      ] GC(41)   VM Weak                        Min:  0.0, Avg:  0.0, Max:  0.0, Diff:  0.0, Sum:  0.0, Workers: 6
[44.618s][debug  ][gc,phases      ] GC(41)     Dead                           Min: 0, Avg:  0.0, Max: 0, Diff: 0, Sum: 0, Workers: 6
[44.618s][debug  ][gc,phases      ] GC(41)     Total                          Min: 0, Avg:  1.3, Max: 8, Diff: 8, Sum: 8, Workers: 6
[44.618s][debug  ][gc,phases      ] GC(41)   ObjectSynchronizer Weak        Min:  0.0, Avg:  0.0, Max:  0.0, Diff:  0.0, Sum:  0.0, Workers: 6
[44.618s][debug  ][gc,phases      ] GC(41)     Dead                           Min: 0, Avg:  0.0, Max: 0, Diff: 0, Sum: 0, Workers: 6
[44.618s][debug  ][gc,phases      ] GC(41)     Total                          Min: 0, Avg:  0.5, Max: 3, Diff: 3, Sum: 3, Workers: 6
[44.618s][debug  ][gc,phases      ] GC(41)   JVMTI Tag Weak OopStorage      Min:  0.0, Avg:  0.0, Max:  0.0, Diff:  0.0, Sum:  0.0, Workers: 6
[44.618s][debug  ][gc,phases      ] GC(41)     Dead                           Min: 0, Avg:  0.0, Max: 0, Diff: 0, Sum: 0, Workers: 6
[44.618s][debug  ][gc,phases      ] GC(41)     Total                          Min: 0, Avg:  0.0, Max: 0, Diff: 0, Sum: 0, Workers: 6
[44.618s][debug  ][gc,phases      ] GC(41)   StringTable Weak               Min:  0.0, Avg:  0.0, Max:  0.0, Diff:  0.0, Sum:  0.0, Workers: 6
[44.618s][debug  ][gc,phases      ] GC(41)     Dead                           Min: 0, Avg:  0.0, Max: 0, Diff: 0, Sum: 0, Workers: 6
[44.618s][debug  ][gc,phases      ] GC(41)     Total                          Min: 576, Avg: 892.5, Max: 1088, Diff: 512, Sum: 5355, Workers: 6
[44.618s][debug  ][gc,phases      ] GC(41)   ResolvedMethodTable Weak       Min:  0.0, Avg:  0.0, Max:  0.0, Diff:  0.0, Sum:  0.0, Workers: 6
[44.618s][debug  ][gc,phases      ] GC(41)     Dead                           Min: 0, Avg:  0.0, Max: 0, Diff: 0, Sum: 0, Workers: 6
[44.619s][debug  ][gc,phases      ] GC(41)     Total                          Min: 0, Avg: 21.7, Max: 64, Diff: 64, Sum: 130, Workers: 6
[44.619s][debug  ][gc,phases      ] GC(41)   JNI Weak                       Min:  0.0, Avg:  0.0, Max:  0.0, Diff:  0.0, Sum:  0.0, Workers: 6
[44.619s][debug  ][gc,phases      ] GC(41)     Dead                           Min: 0, Avg:  0.0, Max: 0, Diff: 0, Sum: 0, Workers: 6
[44.619s][debug  ][gc,phases      ] GC(41)     Total                          Min: 0, Avg:  0.0, Max: 0, Diff: 0, Sum: 0, Workers: 6
[44.619s][debug  ][gc,phases      ] GC(41)   StringDedup Table Weak         Min:  0.0, Avg:  0.0, Max:  0.0, Diff:  0.0, Sum:  0.0, Workers: 6
[44.619s][debug  ][gc,phases      ] GC(41)     Dead                           Min: 0, Avg:  0.0, Max: 0, Diff: 0, Sum: 0, Workers: 6
[44.619s][debug  ][gc,phases      ] GC(41)     Total                          Min: 0, Avg:  0.0, Max: 0, Diff: 0, Sum: 0, Workers: 6
[44.619s][debug  ][gc,phases      ] GC(41)   StringDedup Requests0 Weak     Min:  0.0, Avg:  0.0, Max:  0.0, Diff:  0.0, Sum:  0.0, Workers: 6
[44.619s][debug  ][gc,phases      ] GC(41)     Dead                           Min: 0, Avg:  0.0, Max: 0, Diff: 0, Sum: 0, Workers: 6
[44.619s][debug  ][gc,phases      ] GC(41)     Total                          Min: 0, Avg:  0.0, Max: 0, Diff: 0, Sum: 0, Workers: 6
[44.619s][debug  ][gc,phases      ] GC(41)   StringDedup Requests1 Weak     Min:  0.0, Avg:  0.0, Max:  0.0, Diff:  0.0, Sum:  0.0, Workers: 6
[44.619s][debug  ][gc,phases      ] GC(41)     Dead                           Min: 0, Avg:  0.0, Max: 0, Diff: 0, Sum: 0, Workers: 6
[44.619s][debug  ][gc,phases      ] GC(41)     Total                          Min: 0, Avg:  0.0, Max: 0, Diff: 0, Sum: 0, Workers: 6
[44.619s][debug  ][gc,phases      ] GC(41)   Weak JFR Old Object Samples    Min:  0.0, Avg:  0.0, Max:  0.0, Diff:  0.0, Sum:  0.0, Workers: 6
[44.619s][debug  ][gc,phases      ] GC(41)     Dead                           Min: 0, Avg:  0.0, Max: 0, Diff: 0, Sum: 0, Workers: 6
[44.619s][debug  ][gc,phases      ] GC(41)     Total                          Min: 0, Avg:  0.0, Max: 0, Diff: 0, Sum: 0, Workers: 6
[44.619s][debug  ][gc,phases      ] GC(41) Weak Processing 0.796ms
[44.619s][debug  ][gc,phases,start] GC(41) Class Unloading
[44.619s][debug  ][gc,phases,start] GC(41) ClassLoaderData
[44.619s][debug  ][gc,phases      ] GC(41) ClassLoaderData 0.023ms
[44.619s][debug  ][gc,phases,start] GC(41) Trigger cleanups
[44.619s][debug  ][gc,phases      ] GC(41) Trigger cleanups 0.022ms
[44.619s][debug  ][gc,phases      ] GC(41) Class Unloading 0.297ms
[44.619s][info   ][gc,phases      ] GC(41) Marking Phase 2.713ms
[44.619s][info   ][gc,phases,start] GC(41) Summary Phase
[44.619s][info   ][gc,phases      ] GC(41) Summary Phase 0.030ms
[44.619s][info   ][gc,phases,start] GC(41) Adjust Roots
[44.619s][info   ][gc,phases      ] GC(41) Adjust Roots 0.159ms
[44.620s][info   ][gc,phases,start] GC(41) Compaction Phase
[44.627s][info   ][gc,phases      ] GC(41) Compaction Phase 7.498ms
[44.627s][info   ][gc,phases,start] GC(41) Post Compact
[44.628s][info   ][gc,phases      ] GC(41) Post Compact 0.993ms
[44.628s][debug  ][gc,ergo        ] GC(41) AdaptiveSizeStart: collection: 42 
[44.628s][debug  ][gc,ergo        ] GC(41) PSAdaptiveSizePolicy::compute_eden_space_size limits: desired_eden_size: 53896968 old_eden_size: 45088768 eden_limit: 45088768 cur_eden: 45088768 max_eden_size: 45088768 avg_young_live: 27640274
[44.628s][debug  ][gc,ergo        ] GC(41) PSAdaptiveSizePolicy::compute_eden_space_size: costs minor_time: 0.010322 major_cost: 0.001351 mutator_cost: 0.988327 throughput_goal: 0.990000
[44.628s][debug  ][gc,ergo        ] GC(41) Live_space: 393171840 free_space: 152567808
[44.628s][debug  ][gc,ergo        ] GC(41) Old eden_size: 45088768 desired_eden_size: 45088768
[44.628s][debug  ][gc,ergo        ] GC(41) PSAdaptiveSizePolicy::compute_old_gen_free_space: costs minor_time: 0.010322 major_cost: 0.001351  mutator_cost: 0.988327 throughput_goal: 0.990000
[44.628s][debug  ][gc,ergo        ] GC(41) Live_space: 381637312 free_space: 152567808
[44.628s][debug  ][gc,ergo        ] GC(41) Old promo_size: 107479040 desired_promo_size: 120061952
[44.630s][debug  ][gc             ] GC(41) Shrinking ParOldGen from 274432K by 20480K to 253952K
[44.630s][debug  ][gc,ergo        ] GC(41) AdaptiveSizeStop: collection: 42 
[44.630s][info   ][gc,heap        ] GC(41) PSYoungGen: 43008K(87552K)->0K(87552K) Eden: 0K(44032K)->0K(44032K) From: 43008K(43520K)->0K(43520K)
[44.630s][info   ][gc,heap        ] GC(41) ParOldGen: 217702K(274432K)->72292K(253952K)
[44.630s][info   ][gc,metaspace   ] GC(41) Metaspace: 1025K(1216K)->1025K(1216K) NonClass: 942K(1024K)->942K(1024K) Class: 83K(192K)->83K(192K)
[44.630s][info   ][gc             ] GC(41) Pause Full (Ergonomics) 254M->70M(333M) 13.338ms
[44.630s][info   ][gc,cpu         ] GC(41) User=0.12s Sys=0.00s Real=0.01s
[44.630s][debug  ][gc,heap        ] GC(41) Heap after GC invocations=42 (full 2):
[44.630s][debug  ][gc,heap        ] GC(41)  PSYoungGen      total 87552K, used 0K [0x00000000f8000000, 0x0000000100000000, 0x0000000100000000)
[44.630s][debug  ][gc,heap        ] GC(41)   eden space 44032K, 0% used [0x00000000f8000000,0x00000000f8000000,0x00000000fab00000)
[44.630s][debug  ][gc,heap        ] GC(41)   from space 43520K, 0% used [0x00000000fd580000,0x00000000fd580000,0x0000000100000000)
[44.630s][debug  ][gc,heap        ] GC(41)   to   space 43520K, 0% used [0x00000000fab00000,0x00000000fab00000,0x00000000fd580000)
[44.630s][debug  ][gc,heap        ] GC(41)  ParOldGen       total 253952K, used 72292K [0x00000000c0000000, 0x00000000cf800000, 0x00000000f8000000)
[44.630s][debug  ][gc,heap        ] GC(41)   object space 253952K, 28% used [0x00000000c0000000,0x00000000c4699038,0x00000000cf800000)
[44.630s][debug  ][gc,heap        ] GC(41)  Metaspace       used 1025K, committed 1216K, reserved 1056768K
[44.630s][debug  ][gc,heap        ] GC(41)   class space    used 83K, committed 192K, reserved 1048576K
[44.630s][debug  ][gc,task,time   ] GC(41) VM-Thread 446165187 446195469 446298800
[45.302s][debug  ][gc,heap        ] GC(42) Heap before GC invocations=43 (full 2):
[45.302s][debug  ][gc,heap        ] GC(42)  PSYoungGen      total 87552K, used 43871K [0x00000000f8000000, 0x0000000100000000, 0x0000000100000000)
[45.302s][debug  ][gc,heap        ] GC(42)   eden space 44032K, 99% used [0x00000000f8000000,0x00000000faad7f20,0x00000000fab00000)
[45.302s][debug  ][gc,heap        ] GC(42)   from space 43520K, 0% used [0x00000000fd580000,0x00000000fd580000,0x0000000100000000)
[45.302s][debug  ][gc,heap        ] GC(42)   to   space 43520K, 0% used [0x00000000fab00000,0x00000000fab00000,0x00000000fd580000)
[45.302s][debug  ][gc,heap        ] GC(42)  ParOldGen       total 253952K, used 72292K [0x00000000c0000000, 0x00000000cf800000, 0x00000000f8000000)
[45.302s][debug  ][gc,heap        ] GC(42)   object space 253952K, 28% used [0x00000000c0000000,0x00000000c4699038,0x00000000cf800000)
[45.302s][debug  ][gc,heap        ] GC(42)  Metaspace       used 1025K, committed 1216K, reserved 1056768K
[45.302s][debug  ][gc,heap        ] GC(42)   class space    used 83K, committed 192K, reserved 1048576K
[45.303s][debug  ][gc,tlab        ] GC(42) TLAB totals: thrds: 1  refills: 1 max: 1 slow allocs: 41 max 41 waste: 45.7% gc: 882776B max: 882776B slow: 0B max: 0B
[45.303s][info   ][gc,start       ] GC(42) Pause Young (Allocation Failure)
[45.303s][debug  ][gc,phases,start] GC(42) Scavenge
[45.304s][debug  ][gc,phases      ] GC(42) Scavenge 1.262ms
[45.304s][debug  ][gc,phases,start] GC(42) Reference Processing
[45.304s][debug  ][gc,ref         ] GC(42) Skipped phase 1 of Reference Processing: no references
[45.304s][debug  ][gc,ref         ] GC(42) Skipped phase 2 of Reference Processing: no references
[45.304s][debug  ][gc,ref         ] GC(42) Skipped phase 3 of Reference Processing: no references
[45.304s][debug  ][gc,ref         ] GC(42) Skipped phase 4 of Reference Processing: no references
[45.304s][debug  ][gc,phases,ref  ] GC(42) Reference Processing: 0.1ms
[45.304s][debug  ][gc,phases,ref  ] GC(42)   Reconsider SoftReferences: 0.0ms
[45.304s][debug  ][gc,phases,ref  ] GC(42)     SoftRef (ms):                  skipped
[45.304s][debug  ][gc,phases,ref  ] GC(42)   Notify Soft/WeakReferences: 0.0ms
[45.304s][debug  ][gc,phases,ref  ] GC(42)     SoftRef (ms):                  skipped
[45.304s][debug  ][gc,phases,ref  ] GC(42)     WeakRef (ms):                  skipped
[45.304s][debug  ][gc,phases,ref  ] GC(42)     FinalRef (ms):                 skipped
[45.304s][debug  ][gc,phases,ref  ] GC(42)     Total (ms):                    skipped
[45.304s][debug  ][gc,phases,ref  ] GC(42)   Notify and keep alive finalizable: 0.0ms
[45.304s][debug  ][gc,phases,ref  ] GC(42)     FinalRef (ms):                 skipped
[45.304s][debug  ][gc,phases,ref  ] GC(42)   Notify PhantomReferences: 0.0ms
[45.304s][debug  ][gc,phases,ref  ] GC(42)     PhantomRef (ms):               skipped
[45.304s][debug  ][gc,phases,ref  ] GC(42)   SoftReference:
[45.304s][debug  ][gc,phases,ref  ] GC(42)     Discovered: 0
[45.304s][debug  ][gc,phases,ref  ] GC(42)     Cleared: 0
[45.304s][debug  ][gc,phases,ref  ] GC(42)   WeakReference:
[45.304s][debug  ][gc,phases,ref  ] GC(42)     Discovered: 0
[45.305s][debug  ][gc,phases,ref  ] GC(42)     Cleared: 0
[45.305s][debug  ][gc,phases,ref  ] GC(42)   FinalReference:
[45.305s][debug  ][gc,phases,ref  ] GC(42)     Discovered: 0
[45.305s][debug  ][gc,phases,ref  ] GC(42)     Cleared: 0
[45.305s][debug  ][gc,phases,ref  ] GC(42)   PhantomReference:
[45.305s][debug  ][gc,phases,ref  ] GC(42)     Discovered: 0
[45.305s][debug  ][gc,phases,ref  ] GC(42)     Cleared: 0
[45.305s][debug  ][gc,phases      ] GC(42) Reference Processing 0.692ms
[45.305s][debug  ][gc,phases,start] GC(42) Weak Processing
[45.305s][debug  ][gc,phases      ] GC(42)   VM Weak                        Min:  0.0, Avg:  0.0, Max:  0.0, Diff:  0.0, Sum:  0.0, Workers: 6
[45.305s][debug  ][gc,phases      ] GC(42)     Dead                           Min: 0, Avg:  0.0, Max: 0, Diff: 0, Sum: 0, Workers: 6
[45.305s][debug  ][gc,phases      ] GC(42)     Total                          Min: 0, Avg:  1.3, Max: 8, Diff: 8, Sum: 8, Workers: 6
[45.305s][debug  ][gc,phases      ] GC(42)   ObjectSynchronizer Weak        Min:  0.0, Avg:  0.0, Max:  0.0, Diff:  0.0, Sum:  0.0, Workers: 6
[45.305s][debug  ][gc,phases      ] GC(42)     Dead                           Min: 0, Avg:  0.0, Max: 0, Diff: 0, Sum: 0, Workers: 6
[45.305s][debug  ][gc,phases      ] GC(42)     Total                          Min: 0, Avg:  0.5, Max: 3, Diff: 3, Sum: 3, Workers: 6
[45.305s][debug  ][gc,phases      ] GC(42)   JVMTI Tag Weak OopStorage      Min:  0.0, Avg:  0.0, Max:  0.0, Diff:  0.0, Sum:  0.0, Workers: 6
[45.305s][debug  ][gc,phases      ] GC(42)     Dead                           Min: 0, Avg:  0.0, Max: 0, Diff: 0, Sum: 0, Workers: 6
[45.305s][debug  ][gc,phases      ] GC(42)     Total                          Min: 0, Avg:  0.0, Max: 0, Diff: 0, Sum: 0, Workers: 6
[45.305s][debug  ][gc,phases      ] GC(42)   StringTable Weak               Min:  0.0, Avg:  0.0, Max:  0.0, Diff:  0.0, Sum:  0.0, Workers: 6
[45.305s][debug  ][gc,phases      ] GC(42)     Dead                           Min: 0, Avg:  0.0, Max: 0, Diff: 0, Sum: 0, Workers: 6
[45.305s][debug  ][gc,phases      ] GC(42)     Total                          Min: 640, Avg: 892.5, Max: 1152, Diff: 512, Sum: 5355, Workers: 6
[45.305s][debug  ][gc,phases      ] GC(42)   ResolvedMethodTable Weak       Min:  0.0, Avg:  0.0, Max:  0.0, Diff:  0.0, Sum:  0.0, Workers: 6
[45.305s][debug  ][gc,phases      ] GC(42)     Dead                           Min: 0, Avg:  0.0, Max: 0, Diff: 0, Sum: 0, Workers: 6
[45.305s][debug  ][gc,phases      ] GC(42)     Total                          Min: 0, Avg: 21.7, Max: 64, Diff: 64, Sum: 130, Workers: 6
[45.305s][debug  ][gc,phases      ] GC(42)   JNI Weak                       Min:  0.0, Avg:  0.0, Max:  0.0, Diff:  0.0, Sum:  0.0, Workers: 6
[45.305s][debug  ][gc,phases      ] GC(42)     Dead                           Min: 0, Avg:  0.0, Max: 0, Diff: 0, Sum: 0, Workers: 6
[45.305s][debug  ][gc,phases      ] GC(42)     Total                          Min: 0, Avg:  0.0, Max: 0, Diff: 0, Sum: 0, Workers: 6
[45.305s][debug  ][gc,phases      ] GC(42)   StringDedup Table Weak         Min:  0.0, Avg:  0.0, Max:  0.0, Diff:  0.0, Sum:  0.0, Workers: 6
[45.305s][debug  ][gc,phases      ] GC(42)     Dead                           Min: 0, Avg:  0.0, Max: 0, Diff: 0, Sum: 0, Workers: 6
[45.305s][debug  ][gc,phases      ] GC(42)     Total                          Min: 0, Avg:  0.0, Max: 0, Diff: 0, Sum: 0, Workers: 6
[45.305s][debug  ][gc,phases      ] GC(42)   StringDedup Requests0 Weak     Min:  0.0, Avg:  0.0, Max:  0.0, Diff:  0.0, Sum:  0.0, Workers: 6
[45.305s][debug  ][gc,phases      ] GC(42)     Dead                           Min: 0, Avg:  0.0, Max: 0, Diff: 0, Sum: 0, Workers: 6
[45.305s][debug  ][gc,phases      ] GC(42)     Total                          Min: 0, Avg:  0.0, Max: 0, Diff: 0, Sum: 0, Workers: 6
[45.305s][debug  ][gc,phases      ] GC(42)   StringDedup Requests1 Weak     Min:  0.0, Avg:  0.0, Max:  0.0, Diff:  0.0, Sum:  0.0, Workers: 6
[45.305s][debug  ][gc,phases      ] GC(42)     Dead                           Min: 0, Avg:  0.0, Max: 0, Diff: 0, Sum: 0, Workers: 6
[45.305s][debug  ][gc,phases      ] GC(42)     Total                          Min: 0, Avg:  0.0, Max: 0, Diff: 0, Sum: 0, Workers: 6
[45.305s][debug  ][gc,phases      ] GC(42)   Weak JFR Old Object Samples    Min:  0.0, Avg:  0.0, Max:  0.0, Diff:  0.0, Sum:  0.0, Workers: 6
[45.305s][debug  ][gc,phases      ] GC(42)     Dead                           Min: 0, Avg:  0.0, Max: 0, Diff: 0, Sum: 0, Workers: 6
[45.305s][debug  ][gc,phases      ] GC(42)     Total                          Min: 0, Avg:  0.0, Max: 0, Diff: 0, Sum: 0, Workers: 6
[45.305s][debug  ][gc,phases      ] GC(42) Weak Processing 0.805ms
[45.306s][debug  ][gc,ergo        ] GC(42) AdaptiveSizeStart:  collection: 43 
[45.306s][debug  ][gc,ergo        ] GC(42) avg_survived_padded_avg: 67966544.000000
[45.306s][debug  ][gc,ergo        ] GC(42) avg_promoted_padded_avg: 63664744.000000  avg_pretenured_padded_avg: 0.000000  tenuring_thresh: 1  target_size: 44564480
[45.306s][debug  ][gc,age         ] GC(42) Desired survivor size 44564480 bytes, new threshold 1 (max threshold 15)
[45.306s][debug  ][gc,ergo        ] GC(42) PSAdaptiveSizePolicy::compute_eden_space_size limits: desired_eden_size: 53722818 old_eden_size: 45088768 eden_limit: 45088768 cur_eden: 45088768 max_eden_size: 45088768 avg_young_live: 26029700
[45.306s][debug  ][gc,ergo        ] GC(42) PSAdaptiveSizePolicy::compute_eden_space_size: costs minor_time: 0.008790 major_cost: 0.001351 mutator_cost: 0.989858 throughput_goal: 0.990000
[45.306s][debug  ][gc,ergo        ] GC(42) Live_space: 380026720 free_space: 165150720
[45.306s][debug  ][gc,ergo        ] GC(42) Old eden_size: 45088768 desired_eden_size: 45088768
[45.306s][debug  ][gc,ergo        ] GC(42) AdaptiveSizeStop: collection: 43 
[45.306s][info   ][gc,heap        ] GC(42) PSYoungGen: 43871K(87552K)->11264K(87552K) Eden: 43871K(44032K)->0K(44032K) From: 0K(43520K)->11264K(43520K)
[45.306s][info   ][gc,heap        ] GC(42) ParOldGen: 72292K(253952K)->72292K(253952K)
[45.306s][info   ][gc,metaspace   ] GC(42) Metaspace: 1025K(1216K)->1025K(1216K) NonClass: 942K(1024K)->942K(1024K) Class: 83K(192K)->83K(192K)
[45.306s][info   ][gc             ] GC(42) Pause Young (Allocation Failure) 113M->81M(333M) 3.266ms
[45.306s][info   ][gc,cpu         ] GC(42) User=0.00s Sys=0.00s Real=0.00s
[45.306s][debug  ][gc,heap        ] GC(42) Heap after GC invocations=43 (full 2):
[45.306s][debug  ][gc,heap        ] GC(42)  PSYoungGen      total 87552K, used 11264K [0x00000000f8000000, 0x0000000100000000, 0x0000000100000000)
[45.306s][debug  ][gc,heap        ] GC(42)   eden space 44032K, 0% used [0x00000000f8000000,0x00000000f8000000,0x00000000fab00000)
[45.306s][debug  ][gc,heap        ] GC(42)   from space 43520K, 25% used [0x00000000fab00000,0x00000000fb6000b0,0x00000000fd580000)
[45.306s][debug  ][gc,heap        ] GC(42)   to   space 43520K, 0% used [0x00000000fd580000,0x00000000fd580000,0x0000000100000000)
[45.306s][debug  ][gc,heap        ] GC(42)  ParOldGen       total 253952K, used 72292K [0x00000000c0000000, 0x00000000cf800000, 0x00000000f8000000)
[45.306s][debug  ][gc,heap        ] GC(42)   object space 253952K, 28% used [0x00000000c0000000,0x00000000c4699038,0x00000000cf800000)
[45.306s][debug  ][gc,heap        ] GC(42)  Metaspace       used 1025K, committed 1216K, reserved 1056768K
[45.306s][debug  ][gc,heap        ] GC(42)   class space    used 83K, committed 192K, reserved 1048576K
[45.306s][debug  ][gc,task,time   ] GC(42) VM-Thread 453021803 453039746 453061130
[45.970s][debug  ][gc,heap        ] GC(43) Heap before GC invocations=44 (full 2):
[45.971s][debug  ][gc,heap        ] GC(43)  PSYoungGen      total 87552K, used 55128K [0x00000000f8000000, 0x0000000100000000, 0x0000000100000000)
[45.971s][debug  ][gc,heap        ] GC(43)   eden space 44032K, 99% used [0x00000000f8000000,0x00000000faad62a0,0x00000000fab00000)
[45.971s][debug  ][gc,heap        ] GC(43)   from space 43520K, 25% used [0x00000000fab00000,0x00000000fb6000b0,0x00000000fd580000)
[45.971s][debug  ][gc,heap        ] GC(43)   to   space 43520K, 0% used [0x00000000fd580000,0x00000000fd580000,0x0000000100000000)
[45.971s][debug  ][gc,heap        ] GC(43)  ParOldGen       total 253952K, used 72292K [0x00000000c0000000, 0x00000000cf800000, 0x00000000f8000000)
[45.971s][debug  ][gc,heap        ] GC(43)   object space 253952K, 28% used [0x00000000c0000000,0x00000000c4699038,0x00000000cf800000)
[45.971s][debug  ][gc,heap        ] GC(43)  Metaspace       used 1025K, committed 1216K, reserved 1056768K
[45.971s][debug  ][gc,heap        ] GC(43)   class space    used 83K, committed 192K, reserved 1048576K
[45.971s][debug  ][gc,tlab        ] GC(43) TLAB totals: thrds: 1  refills: 1 max: 1 slow allocs: 41 max 41 waste: 45.5% gc: 876544B max: 876544B slow: 0B max: 0B
[45.971s][info   ][gc,start       ] GC(43) Pause Young (Allocation Failure)
[45.971s][debug  ][gc,phases,start] GC(43) Scavenge
[45.976s][debug  ][gc,phases      ] GC(43) Scavenge 5.562ms
[45.977s][debug  ][gc,phases,start] GC(43) Reference Processing
[45.977s][debug  ][gc,ref         ] GC(43) Skipped phase 1 of Reference Processing: no references
[45.977s][debug  ][gc,ref         ] GC(43) Skipped phase 2 of Reference Processing: no references
[45.977s][debug  ][gc,ref         ] GC(43) Skipped phase 3 of Reference Processing: no references
[45.977s][debug  ][gc,ref         ] GC(43) Skipped phase 4 of Reference Processing: no references
[45.977s][debug  ][gc,phases,ref  ] GC(43) Reference Processing: 0.1ms
[45.977s][debug  ][gc,phases,ref  ] GC(43)   Reconsider SoftReferences: 0.0ms
[45.977s][debug  ][gc,phases,ref  ] GC(43)     SoftRef (ms):                  skipped
[45.977s][debug  ][gc,phases,ref  ] GC(43)   Notify Soft/WeakReferences: 0.0ms
[45.977s][debug  ][gc,phases,ref  ] GC(43)     SoftRef (ms):                  skipped
[45.977s][debug  ][gc,phases,ref  ] GC(43)     WeakRef (ms):                  skipped
[45.977s][debug  ][gc,phases,ref  ] GC(43)     FinalRef (ms):                 skipped
[45.977s][debug  ][gc,phases,ref  ] GC(43)     Total (ms):                    skipped
[45.977s][debug  ][gc,phases,ref  ] GC(43)   Notify and keep alive finalizable: 0.0ms
[45.977s][debug  ][gc,phases,ref  ] GC(43)     FinalRef (ms):                 skipped
[45.977s][debug  ][gc,phases,ref  ] GC(43)   Notify PhantomReferences: 0.0ms
[45.977s][debug  ][gc,phases,ref  ] GC(43)     PhantomRef (ms):               skipped
[45.977s][debug  ][gc,phases,ref  ] GC(43)   SoftReference:
[45.977s][debug  ][gc,phases,ref  ] GC(43)     Discovered: 0
[45.977s][debug  ][gc,phases,ref  ] GC(43)     Cleared: 0
[45.977s][debug  ][gc,phases,ref  ] GC(43)   WeakReference:
[45.977s][debug  ][gc,phases,ref  ] GC(43)     Discovered: 0
[45.977s][debug  ][gc,phases,ref  ] GC(43)     Cleared: 0
[45.977s][debug  ][gc,phases,ref  ] GC(43)   FinalReference:
[45.977s][debug  ][gc,phases,ref  ] GC(43)     Discovered: 0
[45.977s][debug  ][gc,phases,ref  ] GC(43)     Cleared: 0
[45.977s][debug  ][gc,phases,ref  ] GC(43)   PhantomReference:
[45.977s][debug  ][gc,phases,ref  ] GC(43)     Discovered: 0
[45.977s][debug  ][gc,phases,ref  ] GC(43)     Cleared: 0
[45.977s][debug  ][gc,phases      ] GC(43) Reference Processing 0.697ms
[45.977s][debug  ][gc,phases,start] GC(43) Weak Processing
[45.977s][debug  ][gc,phases      ] GC(43)   VM Weak                        Min:  0.0, Avg:  0.0, Max:  0.0, Diff:  0.0, Sum:  0.0, Workers: 6
[45.977s][debug  ][gc,phases      ] GC(43)     Dead                           Min: 0, Avg:  0.0, Max: 0, Diff: 0, Sum: 0, Workers: 6
[45.977s][debug  ][gc,phases      ] GC(43)     Total                          Min: 0, Avg:  1.3, Max: 8, Diff: 8, Sum: 8, Workers: 6
[45.977s][debug  ][gc,phases      ] GC(43)   ObjectSynchronizer Weak        Min:  0.0, Avg:  0.0, Max:  0.0, Diff:  0.0, Sum:  0.0, Workers: 6
[45.977s][debug  ][gc,phases      ] GC(43)     Dead                           Min: 0, Avg:  0.0, Max: 0, Diff: 0, Sum: 0, Workers: 6
[45.978s][debug  ][gc,phases      ] GC(43)     Total                          Min: 0, Avg:  0.5, Max: 3, Diff: 3, Sum: 3, Workers: 6
[45.978s][debug  ][gc,phases      ] GC(43)   JVMTI Tag Weak OopStorage      Min:  0.0, Avg:  0.0, Max:  0.0, Diff:  0.0, Sum:  0.0, Workers: 6
[45.978s][debug  ][gc,phases      ] GC(43)     Dead                           Min: 0, Avg:  0.0, Max: 0, Diff: 0, Sum: 0, Workers: 6
[45.978s][debug  ][gc,phases      ] GC(43)     Total                          Min: 0, Avg:  0.0, Max: 0, Diff: 0, Sum: 0, Workers: 6
[45.978s][debug  ][gc,phases      ] GC(43)   StringTable Weak               Min:  0.0, Avg:  0.0, Max:  0.0, Diff:  0.0, Sum:  0.1, Workers: 6
[45.978s][debug  ][gc,phases      ] GC(43)     Dead                           Min: 0, Avg:  0.0, Max: 0, Diff: 0, Sum: 0, Workers: 6
[45.978s][debug  ][gc,phases      ] GC(43)     Total                          Min: 703, Avg: 892.5, Max: 1216, Diff: 513, Sum: 5355, Workers: 6
[45.978s][debug  ][gc,phases      ] GC(43)   ResolvedMethodTable Weak       Min:  0.0, Avg:  0.0, Max:  0.0, Diff:  0.0, Sum:  0.0, Workers: 6
[45.978s][debug  ][gc,phases      ] GC(43)     Dead                           Min: 0, Avg:  0.0, Max: 0, Diff: 0, Sum: 0, Workers: 6
[45.978s][debug  ][gc,phases      ] GC(43)     Total                          Min: 0, Avg: 21.7, Max: 64, Diff: 64, Sum: 130, Workers: 6
[45.978s][debug  ][gc,phases      ] GC(43)   JNI Weak                       Min:  0.0, Avg:  0.0, Max:  0.0, Diff:  0.0, Sum:  0.0, Workers: 6
[45.978s][debug  ][gc,phases      ] GC(43)     Dead                           Min: 0, Avg:  0.0, Max: 0, Diff: 0, Sum: 0, Workers: 6
[45.978s][debug  ][gc,phases      ] GC(43)     Total                          Min: 0, Avg:  0.0, Max: 0, Diff: 0, Sum: 0, Workers: 6
[45.978s][debug  ][gc,phases      ] GC(43)   StringDedup Table Weak         Min:  0.0, Avg:  0.0, Max:  0.0, Diff:  0.0, Sum:  0.0, Workers: 6
[45.978s][debug  ][gc,phases      ] GC(43)     Dead                           Min: 0, Avg:  0.0, Max: 0, Diff: 0, Sum: 0, Workers: 6
[45.978s][debug  ][gc,phases      ] GC(43)     Total                          Min: 0, Avg:  0.0, Max: 0, Diff: 0, Sum: 0, Workers: 6
[45.978s][debug  ][gc,phases      ] GC(43)   StringDedup Requests0 Weak     Min:  0.0, Avg:  0.0, Max:  0.0, Diff:  0.0, Sum:  0.0, Workers: 6
[45.978s][debug  ][gc,phases      ] GC(43)     Dead                           Min: 0, Avg:  0.0, Max: 0, Diff: 0, Sum: 0, Workers: 6
[45.978s][debug  ][gc,phases      ] GC(43)     Total                          Min: 0, Avg:  0.0, Max: 0, Diff: 0, Sum: 0, Workers: 6
[45.978s][debug  ][gc,phases      ] GC(43)   StringDedup Requests1 Weak     Min:  0.0, Avg:  0.0, Max:  0.0, Diff:  0.0, Sum:  0.0, Workers: 6
[45.978s][debug  ][gc,phases      ] GC(43)     Dead                           Min: 0, Avg:  0.0, Max: 0, Diff: 0, Sum: 0, Workers: 6
[45.978s][debug  ][gc,phases      ] GC(43)     Total                          Min: 0, Avg:  0.0, Max: 0, Diff: 0, Sum: 0, Workers: 6
[45.978s][debug  ][gc,phases      ] GC(43)   Weak JFR Old Object Samples    Min:  0.0, Avg:  0.0, Max:  0.0, Diff:  0.0, Sum:  0.0, Workers: 6
[45.978s][debug  ][gc,phases      ] GC(43)     Dead                           Min: 0, Avg:  0.0, Max: 0, Diff: 0, Sum: 0, Workers: 6
[45.978s][debug  ][gc,phases      ] GC(43)     Total                          Min: 0, Avg:  0.0, Max: 0, Diff: 0, Sum: 0, Workers: 6
[45.978s][debug  ][gc,phases      ] GC(43) Weak Processing 0.837ms
[45.978s][debug  ][gc,ergo        ] GC(43) AdaptiveSizeStart:  collection: 44 
[45.978s][debug  ][gc,ergo        ] GC(43) avg_survived_padded_avg: 69426944.000000
[45.978s][debug  ][gc,ergo        ] GC(43) avg_promoted_padded_avg: 59799728.000000  avg_pretenured_padded_avg: 0.000000  tenuring_thresh: 1  target_size: 44564480
[45.978s][debug  ][gc,age         ] GC(43) Desired survivor size 44564480 bytes, new threshold 1 (max threshold 15)
[45.978s][debug  ][gc,ergo        ] GC(43) PSAdaptiveSizePolicy::compute_eden_space_size limits: desired_eden_size: 53785105 old_eden_size: 45088768 eden_limit: 45088768 cur_eden: 45088768 max_eden_size: 45088768 avg_young_live: 27830814
[45.978s][debug  ][gc,ergo        ] GC(43) PSAdaptiveSizePolicy::compute_eden_space_size: costs minor_time: 0.009290 major_cost: 0.001351 mutator_cost: 0.989359 throughput_goal: 0.990000
[45.978s][debug  ][gc,ergo        ] GC(43) Live_space: 381827840 free_space: 165150720
[45.978s][debug  ][gc,ergo        ] GC(43) Old eden_size: 45088768 desired_eden_size: 45088768
[45.978s][debug  ][gc,ergo        ] GC(43) AdaptiveSizeStop: collection: 44 
[45.978s][info   ][gc,heap        ] GC(43) PSYoungGen: 55128K(87552K)->43008K(87552K) Eden: 43864K(44032K)->0K(44032K) From: 11264K(43520K)->43008K(43520K)
[45.978s][info   ][gc,heap        ] GC(43) ParOldGen: 72292K(253952K)->83556K(253952K)
[45.978s][info   ][gc,metaspace   ] GC(43) Metaspace: 1025K(1216K)->1025K(1216K) NonClass: 942K(1024K)->942K(1024K) Class: 83K(192K)->83K(192K)
[45.978s][info   ][gc             ] GC(43) Pause Young (Allocation Failure) 124M->123M(333M) 7.625ms
[45.979s][info   ][gc,cpu         ] GC(43) User=0.00s Sys=0.00s Real=0.01s
[45.979s][debug  ][gc,heap        ] GC(43) Heap after GC invocations=44 (full 2):
[45.979s][debug  ][gc,heap        ] GC(43)  PSYoungGen      total 87552K, used 43008K [0x00000000f8000000, 0x0000000100000000, 0x0000000100000000)
[45.979s][debug  ][gc,heap        ] GC(43)   eden space 44032K, 0% used [0x00000000f8000000,0x00000000f8000000,0x00000000fab00000)
[45.979s][debug  ][gc,heap        ] GC(43)   from space 43520K, 98% used [0x00000000fd580000,0x00000000fff802a0,0x0000000100000000)
[45.979s][debug  ][gc,heap        ] GC(43)   to   space 43520K, 0% used [0x00000000fab00000,0x00000000fab00000,0x00000000fd580000)
[45.979s][debug  ][gc,heap        ] GC(43)  ParOldGen       total 253952K, used 83556K [0x00000000c0000000, 0x00000000cf800000, 0x00000000f8000000)
[45.979s][debug  ][gc,heap        ] GC(43)   object space 253952K, 32% used [0x00000000c0000000,0x00000000c51990e8,0x00000000cf800000)
[45.979s][debug  ][gc,heap        ] GC(43)  Metaspace       used 1025K, committed 1216K, reserved 1056768K
[45.979s][debug  ][gc,heap        ] GC(43)   class space    used 83K, committed 192K, reserved 1048576K
[45.979s][debug  ][gc,task,time   ] GC(43) VM-Thread 459704150 459765612 459787492
[46.650s][debug  ][gc,heap        ] GC(44) Heap before GC invocations=45 (full 2):
[46.650s][debug  ][gc,heap        ] GC(44)  PSYoungGen      total 87552K, used 86875K [0x00000000f8000000, 0x0000000100000000, 0x0000000100000000)
[46.650s][debug  ][gc,heap        ] GC(44)   eden space 44032K, 99% used [0x00000000f8000000,0x00000000faad6d10,0x00000000fab00000)
[46.650s][debug  ][gc,heap        ] GC(44)   from space 43520K, 98% used [0x00000000fd580000,0x00000000fff802a0,0x0000000100000000)
[46.650s][debug  ][gc,heap        ] GC(44)   to   space 43520K, 0% used [0x00000000fab00000,0x00000000fab00000,0x00000000fd580000)
[46.650s][debug  ][gc,heap        ] GC(44)  ParOldGen       total 253952K, used 83556K [0x00000000c0000000, 0x00000000cf800000, 0x00000000f8000000)
[46.650s][debug  ][gc,heap        ] GC(44)   object space 253952K, 32% used [0x00000000c0000000,0x00000000c51990e8,0x00000000cf800000)
[46.650s][debug  ][gc,heap        ] GC(44)  Metaspace       used 1025K, committed 1216K, reserved 1056768K
[46.650s][debug  ][gc,heap        ] GC(44)   class space    used 83K, committed 192K, reserved 1048576K
[46.650s][debug  ][gc,tlab        ] GC(44) TLAB totals: thrds: 1  refills: 1 max: 1 slow allocs: 41 max 41 waste: 45.6% gc: 879216B max: 879216B slow: 0B max: 0B
[46.650s][info   ][gc,start       ] GC(44) Pause Young (Allocation Failure)
[46.650s][debug  ][gc,phases,start] GC(44) Scavenge
[46.659s][debug  ][gc,phases      ] GC(44) Scavenge 9.195ms
[46.660s][debug  ][gc,phases,start] GC(44) Reference Processing
[46.660s][debug  ][gc,ref         ] GC(44) Skipped phase 1 of Reference Processing: no references
[46.660s][debug  ][gc,ref         ] GC(44) Skipped phase 2 of Reference Processing: no references
[46.660s][debug  ][gc,ref         ] GC(44) Skipped phase 3 of Reference Processing: no references
[46.660s][debug  ][gc,ref         ] GC(44) Skipped phase 4 of Reference Processing: no references
[46.660s][debug  ][gc,phases,ref  ] GC(44) Reference Processing: 0.1ms
[46.660s][debug  ][gc,phases,ref  ] GC(44)   Reconsider SoftReferences: 0.0ms
[46.660s][debug  ][gc,phases,ref  ] GC(44)     SoftRef (ms):                  skipped
[46.660s][debug  ][gc,phases,ref  ] GC(44)   Notify Soft/WeakReferences: 0.0ms
[46.660s][debug  ][gc,phases,ref  ] GC(44)     SoftRef (ms):                  skipped
[46.660s][debug  ][gc,phases,ref  ] GC(44)     WeakRef (ms):                  skipped
[46.660s][debug  ][gc,phases,ref  ] GC(44)     FinalRef (ms):                 skipped
[46.660s][debug  ][gc,phases,ref  ] GC(44)     Total (ms):                    skipped
[46.660s][debug  ][gc,phases,ref  ] GC(44)   Notify and keep alive finalizable: 0.0ms
[46.660s][debug  ][gc,phases,ref  ] GC(44)     FinalRef (ms):                 skipped
[46.660s][debug  ][gc,phases,ref  ] GC(44)   Notify PhantomReferences: 0.0ms
[46.660s][debug  ][gc,phases,ref  ] GC(44)     PhantomRef (ms):               skipped
[46.660s][debug  ][gc,phases,ref  ] GC(44)   SoftReference:
[46.660s][debug  ][gc,phases,ref  ] GC(44)     Discovered: 0
[46.660s][debug  ][gc,phases,ref  ] GC(44)     Cleared: 0
[46.660s][debug  ][gc,phases,ref  ] GC(44)   WeakReference:
[46.660s][debug  ][gc,phases,ref  ] GC(44)     Discovered: 0
[46.660s][debug  ][gc,phases,ref  ] GC(44)     Cleared: 0
[46.660s][debug  ][gc,phases,ref  ] GC(44)   FinalReference:
[46.660s][debug  ][gc,phases,ref  ] GC(44)     Discovered: 0
[46.660s][debug  ][gc,phases,ref  ] GC(44)     Cleared: 0
[46.660s][debug  ][gc,phases,ref  ] GC(44)   PhantomReference:
[46.660s][debug  ][gc,phases,ref  ] GC(44)     Discovered: 0
[46.660s][debug  ][gc,phases,ref  ] GC(44)     Cleared: 0
[46.660s][debug  ][gc,phases      ] GC(44) Reference Processing 0.698ms
[46.660s][debug  ][gc,phases,start] GC(44) Weak Processing
[46.660s][debug  ][gc,phases      ] GC(44)   VM Weak                        Min:  0.0, Avg:  0.0, Max:  0.0, Diff:  0.0, Sum:  0.0, Workers: 6
[46.660s][debug  ][gc,phases      ] GC(44)     Dead                           Min: 0, Avg:  0.0, Max: 0, Diff: 0, Sum: 0, Workers: 6
[46.660s][debug  ][gc,phases      ] GC(44)     Total                          Min: 0, Avg:  1.3, Max: 8, Diff: 8, Sum: 8, Workers: 6
[46.660s][debug  ][gc,phases      ] GC(44)   ObjectSynchronizer Weak        Min:  0.0, Avg:  0.0, Max:  0.0, Diff:  0.0, Sum:  0.0, Workers: 6
[46.660s][debug  ][gc,phases      ] GC(44)     Dead                           Min: 0, Avg:  0.0, Max: 0, Diff: 0, Sum: 0, Workers: 6
[46.660s][debug  ][gc,phases      ] GC(44)     Total                          Min: 0, Avg:  0.5, Max: 3, Diff: 3, Sum: 3, Workers: 6
[46.661s][debug  ][gc,phases      ] GC(44)   JVMTI Tag Weak OopStorage      Min:  0.0, Avg:  0.0, Max:  0.0, Diff:  0.0, Sum:  0.0, Workers: 6
[46.661s][debug  ][gc,phases      ] GC(44)     Dead                           Min: 0, Avg:  0.0, Max: 0, Diff: 0, Sum: 0, Workers: 6
[46.661s][debug  ][gc,phases      ] GC(44)     Total                          Min: 0, Avg:  0.0, Max: 0, Diff: 0, Sum: 0, Workers: 6
[46.661s][debug  ][gc,phases      ] GC(44)   StringTable Weak               Min:  0.0, Avg:  0.0, Max:  0.0, Diff:  0.0, Sum:  0.1, Workers: 6
[46.661s][debug  ][gc,phases      ] GC(44)     Dead                           Min: 0, Avg:  0.0, Max: 0, Diff: 0, Sum: 0, Workers: 6
[46.661s][debug  ][gc,phases      ] GC(44)     Total                          Min: 639, Avg: 892.5, Max: 1152, Diff: 513, Sum: 5355, Workers: 6
[46.661s][debug  ][gc,phases      ] GC(44)   ResolvedMethodTable Weak       Min:  0.0, Avg:  0.0, Max:  0.0, Diff:  0.0, Sum:  0.0, Workers: 6
[46.661s][debug  ][gc,phases      ] GC(44)     Dead                           Min: 0, Avg:  0.0, Max: 0, Diff: 0, Sum: 0, Workers: 6
[46.661s][debug  ][gc,phases      ] GC(44)     Total                          Min: 0, Avg: 21.7, Max: 64, Diff: 64, Sum: 130, Workers: 6
[46.661s][debug  ][gc,phases      ] GC(44)   JNI Weak                       Min:  0.0, Avg:  0.0, Max:  0.0, Diff:  0.0, Sum:  0.0, Workers: 6
[46.661s][debug  ][gc,phases      ] GC(44)     Dead                           Min: 0, Avg:  0.0, Max: 0, Diff: 0, Sum: 0, Workers: 6
[46.661s][debug  ][gc,phases      ] GC(44)     Total                          Min: 0, Avg:  0.0, Max: 0, Diff: 0, Sum: 0, Workers: 6
[46.661s][debug  ][gc,phases      ] GC(44)   StringDedup Table Weak         Min:  0.0, Avg:  0.0, Max:  0.0, Diff:  0.0, Sum:  0.0, Workers: 6
[46.661s][debug  ][gc,phases      ] GC(44)     Dead                           Min: 0, Avg:  0.0, Max: 0, Diff: 0, Sum: 0, Workers: 6
[46.661s][debug  ][gc,phases      ] GC(44)     Total                          Min: 0, Avg:  0.0, Max: 0, Diff: 0, Sum: 0, Workers: 6
[46.661s][debug  ][gc,phases      ] GC(44)   StringDedup Requests0 Weak     Min:  0.0, Avg:  0.0, Max:  0.0, Diff:  0.0, Sum:  0.0, Workers: 6
[46.661s][debug  ][gc,phases      ] GC(44)     Dead                           Min: 0, Avg:  0.0, Max: 0, Diff: 0, Sum: 0, Workers: 6
[46.661s][debug  ][gc,phases      ] GC(44)     Total                          Min: 0, Avg:  0.0, Max: 0, Diff: 0, Sum: 0, Workers: 6
[46.661s][debug  ][gc,phases      ] GC(44)   StringDedup Requests1 Weak     Min:  0.0, Avg:  0.0, Max:  0.0, Diff:  0.0, Sum:  0.0, Workers: 6
[46.661s][debug  ][gc,phases      ] GC(44)     Dead                           Min: 0, Avg:  0.0, Max: 0, Diff: 0, Sum: 0, Workers: 6
[46.661s][debug  ][gc,phases      ] GC(44)     Total                          Min: 0, Avg:  0.0, Max: 0, Diff: 0, Sum: 0, Workers: 6
[46.661s][debug  ][gc,phases      ] GC(44)   Weak JFR Old Object Samples    Min:  0.0, Avg:  0.0, Max:  0.0, Diff:  0.0, Sum:  0.0, Workers: 6
[46.661s][debug  ][gc,phases      ] GC(44)     Dead                           Min: 0, Avg:  0.0, Max: 0, Diff: 0, Sum: 0, Workers: 6
[46.661s][debug  ][gc,phases      ] GC(44)     Total                          Min: 0, Avg:  0.0, Max: 0, Diff: 0, Sum: 0, Workers: 6
[46.661s][debug  ][gc,phases      ] GC(44) Weak Processing 0.832ms
[46.661s][debug  ][gc,ergo        ] GC(44) AdaptiveSizeStart:  collection: 45 
[46.661s][debug  ][gc,ergo        ] GC(44) avg_survived_padded_avg: 70356016.000000
[46.661s][debug  ][gc,ergo        ] GC(44) avg_promoted_padded_avg: 65787344.000000  avg_pretenured_padded_avg: 0.000000  tenuring_thresh: 1  target_size: 44564480
[46.661s][debug  ][gc,age         ] GC(44) Desired survivor size 44564480 bytes, new threshold 1 (max threshold 15)
[46.661s][debug  ][gc,ergo        ] GC(44) PSAdaptiveSizePolicy::compute_eden_space_size limits: desired_eden_size: 53957244 old_eden_size: 45088768 eden_limit: 45088768 cur_eden: 45088768 max_eden_size: 45088768 avg_young_live: 29451820
[46.661s][debug  ][gc,ergo        ] GC(44) PSAdaptiveSizePolicy::compute_eden_space_size: costs minor_time: 0.010966 major_cost: 0.001351 mutator_cost: 0.987683 throughput_goal: 0.990000
[46.661s][debug  ][gc,ergo        ] GC(44) Live_space: 383448832 free_space: 165150720
[46.661s][debug  ][gc,ergo        ] GC(44) Old eden_size: 45088768 desired_eden_size: 45088768
[46.661s][debug  ][gc,ergo        ] GC(44) AdaptiveSizeStop: collection: 45 
[46.661s][info   ][gc,heap        ] GC(44) PSYoungGen: 86875K(87552K)->43008K(87552K) Eden: 43867K(44032K)->0K(44032K) From: 43008K(43520K)->43008K(43520K)
[46.661s][info   ][gc,heap        ] GC(44) ParOldGen: 83556K(253952K)->126564K(253952K)
[46.661s][info   ][gc,metaspace   ] GC(44) Metaspace: 1025K(1216K)->1025K(1216K) NonClass: 942K(1024K)->942K(1024K) Class: 83K(192K)->83K(192K)
[46.661s][info   ][gc             ] GC(44) Pause Young (Allocation Failure) 166M->165M(333M) 11.280ms
[46.661s][info   ][gc,cpu         ] GC(44) User=0.11s Sys=0.00s Real=0.01s
[46.661s][debug  ][gc,heap        ] GC(44) Heap after GC invocations=45 (full 2):
[46.662s][debug  ][gc,heap        ] GC(44)  PSYoungGen      total 87552K, used 43008K [0x00000000f8000000, 0x0000000100000000, 0x0000000100000000)
[46.662s][debug  ][gc,heap        ] GC(44)   eden space 44032K, 0% used [0x00000000f8000000,0x00000000f8000000,0x00000000fab00000)
[46.662s][debug  ][gc,heap        ] GC(44)   from space 43520K, 98% used [0x00000000fab00000,0x00000000fd5002a0,0x00000000fd580000)
[46.662s][debug  ][gc,heap        ] GC(44)   to   space 43520K, 0% used [0x00000000fd580000,0x00000000fd580000,0x0000000100000000)
[46.662s][debug  ][gc,heap        ] GC(44)  ParOldGen       total 253952K, used 126564K [0x00000000c0000000, 0x00000000cf800000, 0x00000000f8000000)
[46.662s][debug  ][gc,heap        ] GC(44)   object space 253952K, 49% used [0x00000000c0000000,0x00000000c7b99388,0x00000000cf800000)
[46.662s][debug  ][gc,heap        ] GC(44)  Metaspace       used 1025K, committed 1216K, reserved 1056768K
[46.662s][debug  ][gc,heap        ] GC(44)   class space    used 83K, committed 192K, reserved 1048576K
[46.662s][debug  ][gc,task,time   ] GC(44) VM-Thread 466498185 466595267 466617050
[47.332s][debug  ][gc,heap        ] GC(45) Heap before GC invocations=46 (full 2):
[47.332s][debug  ][gc,heap        ] GC(45)  PSYoungGen      total 87552K, used 86877K [0x00000000f8000000, 0x0000000100000000, 0x0000000100000000)
[47.332s][debug  ][gc,heap        ] GC(45)   eden space 44032K, 99% used [0x00000000f8000000,0x00000000faad73c8,0x00000000fab00000)
[47.332s][debug  ][gc,heap        ] GC(45)   from space 43520K, 98% used [0x00000000fab00000,0x00000000fd5002a0,0x00000000fd580000)
[47.332s][debug  ][gc,heap        ] GC(45)   to   space 43520K, 0% used [0x00000000fd580000,0x00000000fd580000,0x0000000100000000)
[47.332s][debug  ][gc,heap        ] GC(45)  ParOldGen       total 253952K, used 126564K [0x00000000c0000000, 0x00000000cf800000, 0x00000000f8000000)
[47.332s][debug  ][gc,heap        ] GC(45)   object space 253952K, 49% used [0x00000000c0000000,0x00000000c7b99388,0x00000000cf800000)
[47.333s][debug  ][gc,heap        ] GC(45)  Metaspace       used 1026K, committed 1216K, reserved 1056768K
[47.333s][debug  ][gc,heap        ] GC(45)   class space    used 83K, committed 192K, reserved 1048576K
[47.333s][debug  ][gc,tlab        ] GC(45) TLAB totals: thrds: 1  refills: 1 max: 1 slow allocs: 41 max 41 waste: 45.6% gc: 879872B max: 879872B slow: 0B max: 0B
[47.333s][info   ][gc,start       ] GC(45) Pause Young (Allocation Failure)
[47.333s][debug  ][gc,phases,start] GC(45) Scavenge
[47.336s][debug  ][gc,phases      ] GC(45) Scavenge 3.582ms
[47.336s][debug  ][gc,phases,start] GC(45) Reference Processing
[47.336s][debug  ][gc,ref         ] GC(45) Skipped phase 1 of Reference Processing: no references
[47.336s][debug  ][gc,ref         ] GC(45) Skipped phase 2 of Reference Processing: no references
[47.336s][debug  ][gc,ref         ] GC(45) Skipped phase 3 of Reference Processing: no references
[47.336s][debug  ][gc,ref         ] GC(45) Skipped phase 4 of Reference Processing: no references
[47.336s][debug  ][gc,phases,ref  ] GC(45) Reference Processing: 0.1ms
[47.337s][debug  ][gc,phases,ref  ] GC(45)   Reconsider SoftReferences: 0.0ms
[47.337s][debug  ][gc,phases,ref  ] GC(45)     SoftRef (ms):                  skipped
[47.337s][debug  ][gc,phases,ref  ] GC(45)   Notify Soft/WeakReferences: 0.0ms
[47.337s][debug  ][gc,phases,ref  ] GC(45)     SoftRef (ms):                  skipped
[47.337s][debug  ][gc,phases,ref  ] GC(45)     WeakRef (ms):                  skipped
[47.337s][debug  ][gc,phases,ref  ] GC(45)     FinalRef (ms):                 skipped
[47.337s][debug  ][gc,phases,ref  ] GC(45)     Total (ms):                    skipped
[47.337s][debug  ][gc,phases,ref  ] GC(45)   Notify and keep alive finalizable: 0.0ms
[47.337s][debug  ][gc,phases,ref  ] GC(45)     FinalRef (ms):                 skipped
[47.337s][debug  ][gc,phases,ref  ] GC(45)   Notify PhantomReferences: 0.0ms
[47.337s][debug  ][gc,phases,ref  ] GC(45)     PhantomRef (ms):               skipped
[47.337s][debug  ][gc,phases,ref  ] GC(45)   SoftReference:
[47.337s][debug  ][gc,phases,ref  ] GC(45)     Discovered: 0
[47.337s][debug  ][gc,phases,ref  ] GC(45)     Cleared: 0
[47.337s][debug  ][gc,phases,ref  ] GC(45)   WeakReference:
[47.337s][debug  ][gc,phases,ref  ] GC(45)     Discovered: 0
[47.337s][debug  ][gc,phases,ref  ] GC(45)     Cleared: 0
[47.337s][debug  ][gc,phases,ref  ] GC(45)   FinalReference:
[47.337s][debug  ][gc,phases,ref  ] GC(45)     Discovered: 0
[47.337s][debug  ][gc,phases,ref  ] GC(45)     Cleared: 0
[47.337s][debug  ][gc,phases,ref  ] GC(45)   PhantomReference:
[47.337s][debug  ][gc,phases,ref  ] GC(45)     Discovered: 0
[47.337s][debug  ][gc,phases,ref  ] GC(45)     Cleared: 0
[47.337s][debug  ][gc,phases      ] GC(45) Reference Processing 0.694ms
[47.337s][debug  ][gc,phases,start] GC(45) Weak Processing
[47.337s][debug  ][gc,phases      ] GC(45)   VM Weak                        Min:  0.0, Avg:  0.0, Max:  0.0, Diff:  0.0, Sum:  0.0, Workers: 6
[47.337s][debug  ][gc,phases      ] GC(45)     Dead                           Min: 0, Avg:  0.0, Max: 0, Diff: 0, Sum: 0, Workers: 6
[47.337s][debug  ][gc,phases      ] GC(45)     Total                          Min: 0, Avg:  1.3, Max: 8, Diff: 8, Sum: 8, Workers: 6
[47.337s][debug  ][gc,phases      ] GC(45)   ObjectSynchronizer Weak        Min:  0.0, Avg:  0.0, Max:  0.0, Diff:  0.0, Sum:  0.0, Workers: 6
[47.337s][debug  ][gc,phases      ] GC(45)     Dead                           Min: 0, Avg:  0.0, Max: 0, Diff: 0, Sum: 0, Workers: 6
[47.337s][debug  ][gc,phases      ] GC(45)     Total                          Min: 0, Avg:  0.5, Max: 3, Diff: 3, Sum: 3, Workers: 6
[47.337s][debug  ][gc,phases      ] GC(45)   JVMTI Tag Weak OopStorage      Min:  0.0, Avg:  0.0, Max:  0.0, Diff:  0.0, Sum:  0.0, Workers: 6
[47.337s][debug  ][gc,phases      ] GC(45)     Dead                           Min: 0, Avg:  0.0, Max: 0, Diff: 0, Sum: 0, Workers: 6
[47.337s][debug  ][gc,phases      ] GC(45)     Total                          Min: 0, Avg:  0.0, Max: 0, Diff: 0, Sum: 0, Workers: 6
[47.337s][debug  ][gc,phases      ] GC(45)   StringTable Weak               Min:  0.0, Avg:  0.0, Max:  0.0, Diff:  0.0, Sum:  0.1, Workers: 6
[47.337s][debug  ][gc,phases      ] GC(45)     Dead                           Min: 0, Avg:  0.0, Max: 0, Diff: 0, Sum: 0, Workers: 6
[47.337s][debug  ][gc,phases      ] GC(45)     Total                          Min: 620, Avg: 892.5, Max: 1088, Diff: 468, Sum: 5355, Workers: 6
[47.338s][debug  ][gc,phases      ] GC(45)   ResolvedMethodTable Weak       Min:  0.0, Avg:  0.0, Max:  0.0, Diff:  0.0, Sum:  0.0, Workers: 6
[47.338s][debug  ][gc,phases      ] GC(45)     Dead                           Min: 0, Avg:  0.0, Max: 0, Diff: 0, Sum: 0, Workers: 6
[47.338s][debug  ][gc,phases      ] GC(45)     Total                          Min: 0, Avg: 21.7, Max: 64, Diff: 64, Sum: 130, Workers: 6
[47.338s][debug  ][gc,phases      ] GC(45)   JNI Weak                       Min:  0.0, Avg:  0.0, Max:  0.0, Diff:  0.0, Sum:  0.0, Workers: 6
[47.338s][debug  ][gc,phases      ] GC(45)     Dead                           Min: 0, Avg:  0.0, Max: 0, Diff: 0, Sum: 0, Workers: 6
[47.338s][debug  ][gc,phases      ] GC(45)     Total                          Min: 0, Avg:  0.0, Max: 0, Diff: 0, Sum: 0, Workers: 6
[47.338s][debug  ][gc,phases      ] GC(45)   StringDedup Table Weak         Min:  0.0, Avg:  0.0, Max:  0.0, Diff:  0.0, Sum:  0.0, Workers: 6
[47.338s][debug  ][gc,phases      ] GC(45)     Dead                           Min: 0, Avg:  0.0, Max: 0, Diff: 0, Sum: 0, Workers: 6
[47.338s][debug  ][gc,phases      ] GC(45)     Total                          Min: 0, Avg:  0.0, Max: 0, Diff: 0, Sum: 0, Workers: 6
[47.338s][debug  ][gc,phases      ] GC(45)   StringDedup Requests0 Weak     Min:  0.0, Avg:  0.0, Max:  0.0, Diff:  0.0, Sum:  0.0, Workers: 6
[47.338s][debug  ][gc,phases      ] GC(45)     Dead                           Min: 0, Avg:  0.0, Max: 0, Diff: 0, Sum: 0, Workers: 6
[47.338s][debug  ][gc,phases      ] GC(45)     Total                          Min: 0, Avg:  0.0, Max: 0, Diff: 0, Sum: 0, Workers: 6
[47.338s][debug  ][gc,phases      ] GC(45)   StringDedup Requests1 Weak     Min:  0.0, Avg:  0.0, Max:  0.0, Diff:  0.0, Sum:  0.0, Workers: 6
[47.338s][debug  ][gc,phases      ] GC(45)     Dead                           Min: 0, Avg:  0.0, Max: 0, Diff: 0, Sum: 0, Workers: 6
[47.338s][debug  ][gc,phases      ] GC(45)     Total                          Min: 0, Avg:  0.0, Max: 0, Diff: 0, Sum: 0, Workers: 6
[47.338s][debug  ][gc,phases      ] GC(45)   Weak JFR Old Object Samples    Min:  0.0, Avg:  0.0, Max:  0.0, Diff:  0.0, Sum:  0.0, Workers: 6
[47.338s][debug  ][gc,phases      ] GC(45)     Dead                           Min: 0, Avg:  0.0, Max: 0, Diff: 0, Sum: 0, Workers: 6
[47.338s][debug  ][gc,phases      ] GC(45)     Total                          Min: 0, Avg:  0.0, Max: 0, Diff: 0, Sum: 0, Workers: 6
[47.338s][debug  ][gc,phases      ] GC(45) Weak Processing 0.905ms
[47.338s][debug  ][gc,ergo        ] GC(45) AdaptiveSizeStart:  collection: 46 
[47.338s][debug  ][gc,ergo        ] GC(45) avg_survived_padded_avg: 68905520.000000
[47.338s][debug  ][gc,ergo        ] GC(45) avg_promoted_padded_avg: 63904424.000000  avg_pretenured_padded_avg: 0.000000  tenuring_thresh: 1  target_size: 44564480
[47.338s][debug  ][gc,age         ] GC(45) Desired survivor size 44564480 bytes, new threshold 1 (max threshold 15)
[47.338s][debug  ][gc,ergo        ] GC(45) PSAdaptiveSizePolicy::compute_eden_space_size limits: desired_eden_size: 53884008 old_eden_size: 45088768 eden_limit: 45088768 cur_eden: 45088768 max_eden_size: 45088768 avg_young_live: 30386426
[47.338s][debug  ][gc,ergo        ] GC(45) PSAdaptiveSizePolicy::compute_eden_space_size: costs minor_time: 0.010192 major_cost: 0.001351 mutator_cost: 0.988456 throughput_goal: 0.990000
[47.338s][debug  ][gc,ergo        ] GC(45) Live_space: 384383456 free_space: 165150720
[47.338s][debug  ][gc,ergo        ] GC(45) Old eden_size: 45088768 desired_eden_size: 45088768
[47.338s][debug  ][gc,ergo        ] GC(45) AdaptiveSizeStop: collection: 46 
[47.338s][info   ][gc,heap        ] GC(45) PSYoungGen: 86877K(87552K)->37888K(87552K) Eden: 43868K(44032K)->0K(44032K) From: 43008K(43520K)->37888K(43520K)
[47.338s][info   ][gc,heap        ] GC(45) ParOldGen: 126564K(253952K)->126564K(253952K)
[47.338s][info   ][gc,metaspace   ] GC(45) Metaspace: 1026K(1216K)->1026K(1216K) NonClass: 942K(1024K)->942K(1024K) Class: 83K(192K)->83K(192K)
[47.338s][info   ][gc             ] GC(45) Pause Young (Allocation Failure) 208M->160M(333M) 5.730ms
[47.338s][info   ][gc,cpu         ] GC(45) User=0.00s Sys=0.00s Real=0.01s
[47.338s][debug  ][gc,heap        ] GC(45) Heap after GC invocations=46 (full 2):
[47.338s][debug  ][gc,heap        ] GC(45)  PSYoungGen      total 87552K, used 37888K [0x00000000f8000000, 0x0000000100000000, 0x0000000100000000)
[47.338s][debug  ][gc,heap        ] GC(45)   eden space 44032K, 0% used [0x00000000f8000000,0x00000000f8000000,0x00000000fab00000)
[47.338s][debug  ][gc,heap        ] GC(45)   from space 43520K, 87% used [0x00000000fd580000,0x00000000ffa80250,0x0000000100000000)
[47.339s][debug  ][gc,heap        ] GC(45)   to   space 43520K, 0% used [0x00000000fab00000,0x00000000fab00000,0x00000000fd580000)
[47.339s][debug  ][gc,heap        ] GC(45)  ParOldGen       total 253952K, used 126564K [0x00000000c0000000, 0x00000000cf800000, 0x00000000f8000000)
[47.339s][debug  ][gc,heap        ] GC(45)   object space 253952K, 49% used [0x00000000c0000000,0x00000000c7b99388,0x00000000cf800000)
[47.339s][debug  ][gc,heap        ] GC(45)  Metaspace       used 1026K, committed 1216K, reserved 1056768K
[47.339s][debug  ][gc,heap        ] GC(45)   class space    used 83K, committed 192K, reserved 1048576K
[47.339s][debug  ][gc,task,time   ] GC(45) VM-Thread 473322156 473363433 473386320
[48.001s][debug  ][gc,heap        ] GC(46) Heap before GC invocations=47 (full 2):
[48.001s][debug  ][gc,heap        ] GC(46)  PSYoungGen      total 87552K, used 81758K [0x00000000f8000000, 0x0000000100000000, 0x0000000100000000)
[48.001s][debug  ][gc,heap        ] GC(46)   eden space 44032K, 99% used [0x00000000f8000000,0x00000000faad7818,0x00000000fab00000)
[48.001s][debug  ][gc,heap        ] GC(46)   from space 43520K, 87% used [0x00000000fd580000,0x00000000ffa80250,0x0000000100000000)
[48.001s][debug  ][gc,heap        ] GC(46)   to   space 43520K, 0% used [0x00000000fab00000,0x00000000fab00000,0x00000000fd580000)
[48.002s][debug  ][gc,heap        ] GC(46)  ParOldGen       total 253952K, used 126564K [0x00000000c0000000, 0x00000000cf800000, 0x00000000f8000000)
[48.002s][debug  ][gc,heap        ] GC(46)   object space 253952K, 49% used [0x00000000c0000000,0x00000000c7b99388,0x00000000cf800000)
[48.002s][debug  ][gc,heap        ] GC(46)  Metaspace       used 1026K, committed 1216K, reserved 1056768K
[48.002s][debug  ][gc,heap        ] GC(46)   class space    used 83K, committed 192K, reserved 1048576K
[48.002s][debug  ][gc,tlab        ] GC(46) TLAB totals: thrds: 1  refills: 1 max: 1 slow allocs: 41 max 41 waste: 45.7% gc: 882040B max: 882040B slow: 0B max: 0B
[48.002s][info   ][gc,start       ] GC(46) Pause Young (Allocation Failure)
[48.002s][debug  ][gc,phases,start] GC(46) Scavenge
[48.010s][debug  ][gc,phases      ] GC(46) Scavenge 8.240ms
[48.010s][debug  ][gc,phases,start] GC(46) Reference Processing
[48.010s][debug  ][gc,ref         ] GC(46) Skipped phase 1 of Reference Processing: no references
[48.010s][debug  ][gc,ref         ] GC(46) Skipped phase 2 of Reference Processing: no references
[48.010s][debug  ][gc,ref         ] GC(46) Skipped phase 3 of Reference Processing: no references
[48.010s][debug  ][gc,ref         ] GC(46) Skipped phase 4 of Reference Processing: no references
[48.010s][debug  ][gc,phases,ref  ] GC(46) Reference Processing: 0.1ms
[48.010s][debug  ][gc,phases,ref  ] GC(46)   Reconsider SoftReferences: 0.0ms
[48.010s][debug  ][gc,phases,ref  ] GC(46)     SoftRef (ms):                  skipped
[48.010s][debug  ][gc,phases,ref  ] GC(46)   Notify Soft/WeakReferences: 0.0ms
[48.010s][debug  ][gc,phases,ref  ] GC(46)     SoftRef (ms):                  skipped
[48.010s][debug  ][gc,phases,ref  ] GC(46)     WeakRef (ms):                  skipped
[48.010s][debug  ][gc,phases,ref  ] GC(46)     FinalRef (ms):                 skipped
[48.010s][debug  ][gc,phases,ref  ] GC(46)     Total (ms):                    skipped
[48.011s][debug  ][gc,phases,ref  ] GC(46)   Notify and keep alive finalizable: 0.0ms
[48.011s][debug  ][gc,phases,ref  ] GC(46)     FinalRef (ms):                 skipped
[48.011s][debug  ][gc,phases,ref  ] GC(46)   Notify PhantomReferences: 0.0ms
[48.011s][debug  ][gc,phases,ref  ] GC(46)     PhantomRef (ms):               skipped
[48.011s][debug  ][gc,phases,ref  ] GC(46)   SoftReference:
[48.011s][debug  ][gc,phases,ref  ] GC(46)     Discovered: 0
[48.011s][debug  ][gc,phases,ref  ] GC(46)     Cleared: 0
[48.011s][debug  ][gc,phases,ref  ] GC(46)   WeakReference:
[48.011s][debug  ][gc,phases,ref  ] GC(46)     Discovered: 0
[48.011s][debug  ][gc,phases,ref  ] GC(46)     Cleared: 0
[48.011s][debug  ][gc,phases,ref  ] GC(46)   FinalReference:
[48.011s][debug  ][gc,phases,ref  ] GC(46)     Discovered: 0
[48.011s][debug  ][gc,phases,ref  ] GC(46)     Cleared: 0
[48.011s][debug  ][gc,phases,ref  ] GC(46)   PhantomReference:
[48.011s][debug  ][gc,phases,ref  ] GC(46)     Discovered: 0
[48.011s][debug  ][gc,phases,ref  ] GC(46)     Cleared: 0
[48.011s][debug  ][gc,phases      ] GC(46) Reference Processing 0.848ms
[48.011s][debug  ][gc,phases,start] GC(46) Weak Processing
[48.011s][debug  ][gc,phases      ] GC(46)   VM Weak                        Min:  0.0, Avg:  0.0, Max:  0.0, Diff:  0.0, Sum:  0.0, Workers: 6
[48.011s][debug  ][gc,phases      ] GC(46)     Dead                           Min: 0, Avg:  0.0, Max: 0, Diff: 0, Sum: 0, Workers: 6
[48.011s][debug  ][gc,phases      ] GC(46)     Total                          Min: 0, Avg:  1.3, Max: 8, Diff: 8, Sum: 8, Workers: 6
[48.011s][debug  ][gc,phases      ] GC(46)   ObjectSynchronizer Weak        Min:  0.0, Avg:  0.0, Max:  0.0, Diff:  0.0, Sum:  0.0, Workers: 6
[48.011s][debug  ][gc,phases      ] GC(46)     Dead                           Min: 0, Avg:  0.0, Max: 0, Diff: 0, Sum: 0, Workers: 6
[48.011s][debug  ][gc,phases      ] GC(46)     Total                          Min: 0, Avg:  0.5, Max: 3, Diff: 3, Sum: 3, Workers: 6
[48.011s][debug  ][gc,phases      ] GC(46)   JVMTI Tag Weak OopStorage      Min:  0.0, Avg:  0.0, Max:  0.0, Diff:  0.0, Sum:  0.0, Workers: 6
[48.011s][debug  ][gc,phases      ] GC(46)     Dead                           Min: 0, Avg:  0.0, Max: 0, Diff: 0, Sum: 0, Workers: 6
[48.011s][debug  ][gc,phases      ] GC(46)     Total                          Min: 0, Avg:  0.0, Max: 0, Diff: 0, Sum: 0, Workers: 6
[48.011s][debug  ][gc,phases      ] GC(46)   StringTable Weak               Min:  0.0, Avg:  0.0, Max:  0.0, Diff:  0.0, Sum:  0.0, Workers: 6
[48.011s][debug  ][gc,phases      ] GC(46)     Dead                           Min: 0, Avg:  0.0, Max: 0, Diff: 0, Sum: 0, Workers: 6
[48.011s][debug  ][gc,phases      ] GC(46)     Total                          Min: 748, Avg: 892.5, Max: 1024, Diff: 276, Sum: 5355, Workers: 6
[48.011s][debug  ][gc,phases      ] GC(46)   ResolvedMethodTable Weak       Min:  0.0, Avg:  0.0, Max:  0.0, Diff:  0.0, Sum:  0.0, Workers: 6
[48.011s][debug  ][gc,phases      ] GC(46)     Dead                           Min: 0, Avg:  0.0, Max: 0, Diff: 0, Sum: 0, Workers: 6
[48.011s][debug  ][gc,phases      ] GC(46)     Total                          Min: 0, Avg: 21.7, Max: 64, Diff: 64, Sum: 130, Workers: 6
[48.011s][debug  ][gc,phases      ] GC(46)   JNI Weak                       Min:  0.0, Avg:  0.0, Max:  0.0, Diff:  0.0, Sum:  0.0, Workers: 6
[48.011s][debug  ][gc,phases      ] GC(46)     Dead                           Min: 0, Avg:  0.0, Max: 0, Diff: 0, Sum: 0, Workers: 6
[48.011s][debug  ][gc,phases      ] GC(46)     Total                          Min: 0, Avg:  0.0, Max: 0, Diff: 0, Sum: 0, Workers: 6
[48.011s][debug  ][gc,phases      ] GC(46)   StringDedup Table Weak         Min:  0.0, Avg:  0.0, Max:  0.0, Diff:  0.0, Sum:  0.0, Workers: 6
[48.012s][debug  ][gc,phases      ] GC(46)     Dead                           Min: 0, Avg:  0.0, Max: 0, Diff: 0, Sum: 0, Workers: 6
[48.012s][debug  ][gc,phases      ] GC(46)     Total                          Min: 0, Avg:  0.0, Max: 0, Diff: 0, Sum: 0, Workers: 6
[48.012s][debug  ][gc,phases      ] GC(46)   StringDedup Requests0 Weak     Min:  0.0, Avg:  0.0, Max:  0.0, Diff:  0.0, Sum:  0.0, Workers: 6
[48.012s][debug  ][gc,phases      ] GC(46)     Dead                           Min: 0, Avg:  0.0, Max: 0, Diff: 0, Sum: 0, Workers: 6
[48.012s][debug  ][gc,phases      ] GC(46)     Total                          Min: 0, Avg:  0.0, Max: 0, Diff: 0, Sum: 0, Workers: 6
[48.012s][debug  ][gc,phases      ] GC(46)   StringDedup Requests1 Weak     Min:  0.0, Avg:  0.0, Max:  0.0, Diff:  0.0, Sum:  0.0, Workers: 6
[48.012s][debug  ][gc,phases      ] GC(46)     Dead                           Min: 0, Avg:  0.0, Max: 0, Diff: 0, Sum: 0, Workers: 6
[48.012s][debug  ][gc,phases      ] GC(46)     Total                          Min: 0, Avg:  0.0, Max: 0, Diff: 0, Sum: 0, Workers: 6
[48.012s][debug  ][gc,phases      ] GC(46)   Weak JFR Old Object Samples    Min:  0.0, Avg:  0.0, Max:  0.0, Diff:  0.0, Sum:  0.0, Workers: 6
[48.012s][debug  ][gc,phases      ] GC(46)     Dead                           Min: 0, Avg:  0.0, Max: 0, Diff: 0, Sum: 0, Workers: 6
[48.012s][debug  ][gc,phases      ] GC(46)     Total                          Min: 0, Avg:  0.0, Max: 0, Diff: 0, Sum: 0, Workers: 6
[48.012s][debug  ][gc,phases      ] GC(46) Weak Processing 0.810ms
[48.012s][debug  ][gc,ergo        ] GC(46) AdaptiveSizeStart:  collection: 47 
[48.012s][debug  ][gc,ergo        ] GC(46) avg_survived_padded_avg: 69369440.000000
[48.012s][debug  ][gc,ergo        ] GC(46) avg_promoted_padded_avg: 67293712.000000  avg_pretenured_padded_avg: 0.000000  tenuring_thresh: 1  target_size: 44564480
[48.012s][debug  ][gc,age         ] GC(46) Desired survivor size 44564480 bytes, new threshold 1 (max threshold 15)
[48.012s][debug  ][gc,ergo        ] GC(46) PSAdaptiveSizePolicy::compute_eden_space_size limits: desired_eden_size: 53994275 old_eden_size: 45088768 eden_limit: 45088768 cur_eden: 45088768 max_eden_size: 45088768 avg_young_live: 31751870
[48.012s][debug  ][gc,ergo        ] GC(46) PSAdaptiveSizePolicy::compute_eden_space_size: costs minor_time: 0.011398 major_cost: 0.001351 mutator_cost: 0.987251 throughput_goal: 0.990000
[48.012s][debug  ][gc,ergo        ] GC(46) Live_space: 385748896 free_space: 165150720
[48.012s][debug  ][gc,ergo        ] GC(46) Old eden_size: 45088768 desired_eden_size: 45088768
[48.012s][debug  ][gc,ergo        ] GC(46) AdaptiveSizeStop: collection: 47 
[48.012s][info   ][gc,heap        ] GC(46) PSYoungGen: 81758K(87552K)->43008K(87552K) Eden: 43870K(44032K)->0K(44032K) From: 37888K(43520K)->43008K(43520K)
[48.012s][info   ][gc,heap        ] GC(46) ParOldGen: 126564K(253952K)->164453K(253952K)
[48.012s][info   ][gc,metaspace   ] GC(46) Metaspace: 1026K(1216K)->1026K(1216K) NonClass: 942K(1024K)->942K(1024K) Class: 83K(192K)->83K(192K)
[48.012s][info   ][gc             ] GC(46) Pause Young (Allocation Failure) 203M->202M(333M) 10.472ms
[48.012s][info   ][gc,cpu         ] GC(46) User=0.00s Sys=0.00s Real=0.01s
[48.012s][debug  ][gc,heap        ] GC(46) Heap after GC invocations=47 (full 2):
[48.012s][debug  ][gc,heap        ] GC(46)  PSYoungGen      total 87552K, used 43008K [0x00000000f8000000, 0x0000000100000000, 0x0000000100000000)
[48.012s][debug  ][gc,heap        ] GC(46)   eden space 44032K, 0% used [0x00000000f8000000,0x00000000f8000000,0x00000000fab00000)
[48.012s][debug  ][gc,heap        ] GC(46)   from space 43520K, 98% used [0x00000000fab00000,0x00000000fd5002a0,0x00000000fd580000)
[48.012s][debug  ][gc,heap        ] GC(46)   to   space 43520K, 0% used [0x00000000fd580000,0x00000000fd580000,0x0000000100000000)
[48.012s][debug  ][gc,heap        ] GC(46)  ParOldGen       total 253952K, used 164453K [0x00000000c0000000, 0x00000000cf800000, 0x00000000f8000000)
[48.012s][debug  ][gc,heap        ] GC(46)   object space 253952K, 64% used [0x00000000c0000000,0x00000000ca0995d8,0x00000000cf800000)
[48.012s][debug  ][gc,heap        ] GC(46)  Metaspace       used 1026K, committed 1216K, reserved 1056768K
[48.012s][debug  ][gc,heap        ] GC(46)   class space    used 83K, committed 192K, reserved 1048576K
[48.012s][debug  ][gc,task,time   ] GC(46) VM-Thread 480013322 480101002 480124041
[48.355s][info   ][gc,heap,exit   ] Heap
[48.355s][info   ][gc,heap,exit   ]  PSYoungGen      total 87552K, used 66542K [0x00000000f8000000, 0x0000000100000000, 0x0000000100000000)
[48.355s][info   ][gc,heap,exit   ]   eden space 44032K, 53% used [0x00000000f8000000,0x00000000f96fb670,0x00000000fab00000)
[48.355s][info   ][gc,heap,exit   ]   from space 43520K, 98% used [0x00000000fab00000,0x00000000fd5002a0,0x00000000fd580000)
[48.355s][info   ][gc,heap,exit   ]   to   space 43520K, 0% used [0x00000000fd580000,0x00000000fd580000,0x0000000100000000)
[48.355s][info   ][gc,heap,exit   ]  ParOldGen       total 253952K, used 164453K [0x00000000c0000000, 0x00000000cf800000, 0x00000000f8000000)
[48.355s][info   ][gc,heap,exit   ]   object space 253952K, 64% used [0x00000000c0000000,0x00000000ca0995d8,0x00000000cf800000)
[48.355s][info   ][gc,heap,exit   ]  Metaspace       used 1092K, committed 1280K, reserved 1056768K
[48.355s][info   ][gc,heap,exit   ]   class space    used 87K, committed 192K, reserved 1048576K
[48.355s][debug  ][gc,ergo        ] UseAdaptiveSizePolicy actions to meet  *** throughput goal ***
[48.355s][debug  ][gc,ergo        ]                        GC overhead (%)
[48.355s][debug  ][gc,ergo        ]     Young generation:        1.14	  (attempted to grow)
[48.355s][debug  ][gc,ergo        ]     Tenured generation:      0.14	  (no change)
[48.355s][debug  ][gc,ergo        ] Tenuring threshold: (attempted to decrease to avoid survivor space overflow) = 1
[48.355s][debug  ][gc,heap,exit   ] Accumulated young generation GC time 0.3724125 secs
[48.355s][debug  ][gc,heap,exit   ] Accumulated old generation GC time 0.0802373 secs
