[0.005s][warning][gc] -XX:+PrintGCDetails is deprecated. Will use -Xlog:gc* instead.
[0.012s][debug  ][gc,heap] Minimum heap 3221225472  Initial heap 3221225472  Maximum heap 3221225472
[0.012s][info   ][gc     ] Using Parallel
[0.012s][debug  ][gc,heap,coops] Heap address: 0x0000000740000000, size: 3072 MB, Compressed Oops mode: Zero based, Oop shift amount: 3
[0.021s][info   ][gc,init      ] Version: 17.0.2+8-86 (release)
[0.021s][info   ][gc,init      ] CPUs: 12 total, 12 available
[0.021s][info   ][gc,init      ] Memory: 14188M
[0.021s][info   ][gc,init      ] Large Page Support: Disabled
[0.021s][info   ][gc,init      ] NUMA Support: Disabled
[0.021s][info   ][gc,init      ] Compressed Oops: Enabled (Zero based)
[0.021s][info   ][gc,init      ] Alignments: Space 512K, Generation 512K, Heap 2M
[0.021s][info   ][gc,init      ] Heap Min Capacity: 3G
[0.021s][info   ][gc,init      ] Heap Initial Capacity: 3G
[0.021s][info   ][gc,init      ] Heap Max Capacity: 3G
[0.021s][info   ][gc,init      ] Pre-touch: Disabled
[0.021s][info   ][gc,init      ] Parallel Workers: 10
[0.022s][info   ][gc,metaspace ] CDS archive(s) mapped at: [0x0000000800000000-0x0000000800bc0000-0x0000000800bc0000), size 12320768, SharedBaseAddress: 0x0000000800000000, ArchiveRelocationMode: 0.
[0.022s][info   ][gc,metaspace ] Compressed class space mapped at: 0x0000000800c00000-0x0000000840c00000, reserved size: 1073741824
[0.022s][info   ][gc,metaspace ] Narrow klass base: 0x0000000800000000, Narrow klass shift: 0, Narrow klass range: 0x100000000
[0.364s][debug  ][gc,heap      ] GC(0) Heap before GC invocations=1 (full 0):
[0.365s][debug  ][gc,heap      ] GC(0)  PSYoungGen      total 229376K, used 189809K [0x00000007f0000000, 0x0000000800000000, 0x0000000800000000)
[0.365s][debug  ][gc,heap      ] GC(0)   eden space 196608K, 96% used [0x00000007f0000000,0x00000007fb95c500,0x00000007fc000000)
[0.365s][debug  ][gc,heap      ] GC(0)   from space 32768K, 0% used [0x00000007fe000000,0x00000007fe000000,0x0000000800000000)
[0.365s][debug  ][gc,heap      ] GC(0)   to   space 32768K, 0% used [0x00000007fc000000,0x00000007fc000000,0x00000007fe000000)
[0.365s][debug  ][gc,heap      ] GC(0)  ParOldGen       total 2883584K, used 0K [0x0000000740000000, 0x00000007f0000000, 0x00000007f0000000)
[0.365s][debug  ][gc,heap      ] GC(0)   object space 2883584K, 0% used [0x0000000740000000,0x0000000740000000,0x00000007f0000000)
[0.365s][debug  ][gc,heap      ] GC(0)  Metaspace       used 714K, committed 832K, reserved 1056768K
[0.365s][debug  ][gc,heap      ] GC(0)   class space    used 59K, committed 128K, reserved 1048576K
[0.365s][debug  ][gc,tlab      ] GC(0) TLAB totals: thrds: 4  refills: 4 max: 1 slow allocs: 18 max 18 waste: 89.8% gc: 14463376B max: 4026448B slow: 0B max: 0B
[0.365s][info   ][gc,start     ] GC(0) Pause Young (Allocation Failure)
[0.365s][debug  ][gc,phases,start] GC(0) Scavenge
[0.381s][debug  ][gc,phases      ] GC(0) Scavenge 15.475ms
[0.381s][debug  ][gc,phases,start] GC(0) Reference Processing
[0.381s][debug  ][gc,ref         ] GC(0) Skipped phase 1 of Reference Processing: no references
[0.381s][debug  ][gc,ref         ] GC(0) ReferenceProcessor::execute queues: 1, RefProcThreadModel::Single, marks_oops_alive: false
[0.381s][debug  ][gc,ref         ] GC(0) Skipped phase 3 of Reference Processing: no references
[0.381s][debug  ][gc,ref         ] GC(0) ReferenceProcessor::execute queues: 1, RefProcThreadModel::Single, marks_oops_alive: false
[0.381s][debug  ][gc,phases,ref  ] GC(0) Reference Processing: 0.1ms
[0.381s][debug  ][gc,phases,ref  ] GC(0)   Reconsider SoftReferences: 0.0ms
[0.381s][debug  ][gc,phases,ref  ] GC(0)     SoftRef (ms):                  skipped
[0.381s][debug  ][gc,phases,ref  ] GC(0)   Notify Soft/WeakReferences: 0.0ms
[0.381s][debug  ][gc,phases,ref  ] GC(0)     SoftRef (ms):                  Min:  0.0, Avg:  0.0, Max:  0.0, Diff:  0.0, Sum:  0.0, Workers: 10
[0.381s][debug  ][gc,phases,ref  ] GC(0)     WeakRef (ms):                  Min:  0.0, Avg:  0.0, Max:  0.0, Diff:  0.0, Sum:  0.0, Workers: 10
[0.381s][debug  ][gc,phases,ref  ] GC(0)     FinalRef (ms):                 Min:  0.0, Avg:  0.0, Max:  0.0, Diff:  0.0, Sum:  0.0, Workers: 10
[0.381s][debug  ][gc,phases,ref  ] GC(0)     Total (ms):                    Min:  0.0, Avg:  0.0, Max:  0.0, Diff:  0.0, Sum:  0.0, Workers: 10
[0.381s][debug  ][gc,phases,ref  ] GC(0)   Notify and keep alive finalizable: 0.0ms
[0.381s][debug  ][gc,phases,ref  ] GC(0)     FinalRef (ms):                 skipped
[0.381s][debug  ][gc,phases,ref  ] GC(0)   Notify PhantomReferences: 0.0ms
[0.381s][debug  ][gc,phases,ref  ] GC(0)     PhantomRef (ms):               Min:  0.0, Avg:  0.0, Max:  0.0, Diff:  0.0, Sum:  0.0, Workers: 10
[0.381s][debug  ][gc,phases,ref  ] GC(0)   SoftReference:
[0.381s][debug  ][gc,phases,ref  ] GC(0)     Discovered: 0
[0.381s][debug  ][gc,phases,ref  ] GC(0)     Cleared: 0
[0.381s][debug  ][gc,phases,ref  ] GC(0)   WeakReference:
[0.381s][debug  ][gc,phases,ref  ] GC(0)     Discovered: 83
[0.381s][debug  ][gc,phases,ref  ] GC(0)     Cleared: 60
[0.381s][debug  ][gc,phases,ref  ] GC(0)   FinalReference:
[0.381s][debug  ][gc,phases,ref  ] GC(0)     Discovered: 0
[0.381s][debug  ][gc,phases,ref  ] GC(0)     Cleared: 0
[0.381s][debug  ][gc,phases,ref  ] GC(0)   PhantomReference:
[0.381s][debug  ][gc,phases,ref  ] GC(0)     Discovered: 19
[0.381s][debug  ][gc,phases,ref  ] GC(0)     Cleared: 4
[0.381s][debug  ][gc,phases      ] GC(0) Reference Processing 0.696ms
[0.381s][debug  ][gc,phases,start] GC(0) Weak Processing
[0.381s][debug  ][gc,phases      ] GC(0)   VM Weak                        Min:  0.0, Avg:  0.0, Max:  0.0, Diff:  0.0, Sum:  0.0, Workers: 3
[0.381s][debug  ][gc,phases      ] GC(0)     Dead                           Min: 0, Avg:  0.0, Max: 0, Diff: 0, Sum: 0, Workers: 3
[0.381s][debug  ][gc,phases      ] GC(0)     Total                          Min: 0, Avg:  2.3, Max: 7, Diff: 7, Sum: 7, Workers: 3
[0.381s][debug  ][gc,phases      ] GC(0)   ObjectSynchronizer Weak        Min:  0.0, Avg:  0.0, Max:  0.0, Diff:  0.0, Sum:  0.0, Workers: 3
[0.382s][debug  ][gc,phases      ] GC(0)     Dead                           Min: 0, Avg:  0.0, Max: 0, Diff: 0, Sum: 0, Workers: 3
[0.382s][debug  ][gc,phases      ] GC(0)     Total                          Min: 0, Avg:  1.0, Max: 3, Diff: 3, Sum: 3, Workers: 3
[0.382s][debug  ][gc,phases      ] GC(0)   JVMTI Tag Weak OopStorage      Min:  0.0, Avg:  0.0, Max:  0.0, Diff:  0.0, Sum:  0.0, Workers: 3
[0.382s][debug  ][gc,phases      ] GC(0)     Dead                           Min: 0, Avg:  0.0, Max: 0, Diff: 0, Sum: 0, Workers: 3
[0.382s][debug  ][gc,phases      ] GC(0)     Total                          Min: 0, Avg:  0.0, Max: 0, Diff: 0, Sum: 0, Workers: 3
[0.382s][debug  ][gc,phases      ] GC(0)   StringTable Weak               Min:  0.0, Avg:  0.0, Max:  0.0, Diff:  0.0, Sum:  0.1, Workers: 3
[0.382s][debug  ][gc,phases      ] GC(0)     Dead                           Min: 0, Avg:  1.3, Max: 3, Diff: 3, Sum: 4, Workers: 3
[0.382s][debug  ][gc,phases      ] GC(0)     Total                          Min: 829, Avg: 873.7, Max: 960, Diff: 131, Sum: 2621, Workers: 3
[0.382s][debug  ][gc,phases      ] GC(0)   ResolvedMethodTable Weak       Min:  0.0, Avg:  0.0, Max:  0.0, Diff:  0.0, Sum:  0.0, Workers: 3
[0.382s][debug  ][gc,phases      ] GC(0)     Dead                           Min: 0, Avg:  0.3, Max: 1, Diff: 1, Sum: 1, Workers: 3
[0.382s][debug  ][gc,phases      ] GC(0)     Total                          Min: 0, Avg: 27.7, Max: 64, Diff: 64, Sum: 83, Workers: 3
[0.382s][debug  ][gc,phases      ] GC(0)   JNI Weak                       Min:  0.0, Avg:  0.0, Max:  0.0, Diff:  0.0, Sum:  0.0, Workers: 3
[0.382s][debug  ][gc,phases      ] GC(0)     Dead                           Min: 0, Avg:  0.0, Max: 0, Diff: 0, Sum: 0, Workers: 3
[0.382s][debug  ][gc,phases      ] GC(0)     Total                          Min: 0, Avg:  0.0, Max: 0, Diff: 0, Sum: 0, Workers: 3
[0.382s][debug  ][gc,phases      ] GC(0)   StringDedup Table Weak         Min:  0.0, Avg:  0.0, Max:  0.0, Diff:  0.0, Sum:  0.0, Workers: 3
[0.382s][debug  ][gc,phases      ] GC(0)     Dead                           Min: 0, Avg:  0.0, Max: 0, Diff: 0, Sum: 0, Workers: 3
[0.382s][debug  ][gc,phases      ] GC(0)     Total                          Min: 0, Avg:  0.0, Max: 0, Diff: 0, Sum: 0, Workers: 3
[0.382s][debug  ][gc,phases      ] GC(0)   StringDedup Requests0 Weak     Min:  0.0, Avg:  0.0, Max:  0.0, Diff:  0.0, Sum:  0.0, Workers: 3
[0.382s][debug  ][gc,phases      ] GC(0)     Dead                           Min: 0, Avg:  0.0, Max: 0, Diff: 0, Sum: 0, Workers: 3
[0.382s][debug  ][gc,phases      ] GC(0)     Total                          Min: 0, Avg:  0.0, Max: 0, Diff: 0, Sum: 0, Workers: 3
[0.382s][debug  ][gc,phases      ] GC(0)   StringDedup Requests1 Weak     Min:  0.0, Avg:  0.0, Max:  0.0, Diff:  0.0, Sum:  0.0, Workers: 3
[0.382s][debug  ][gc,phases      ] GC(0)     Dead                           Min: 0, Avg:  0.0, Max: 0, Diff: 0, Sum: 0, Workers: 3
[0.382s][debug  ][gc,phases      ] GC(0)     Total                          Min: 0, Avg:  0.0, Max: 0, Diff: 0, Sum: 0, Workers: 3
[0.382s][debug  ][gc,phases      ] GC(0)   Weak JFR Old Object Samples    Min:  0.0, Avg:  0.0, Max:  0.0, Diff:  0.0, Sum:  0.0, Workers: 3
[0.382s][debug  ][gc,phases      ] GC(0)     Dead                           Min: 0, Avg:  0.0, Max: 0, Diff: 0, Sum: 0, Workers: 3
[0.382s][debug  ][gc,phases      ] GC(0)     Total                          Min: 0, Avg:  0.0, Max: 0, Diff: 0, Sum: 0, Workers: 3
[0.382s][debug  ][gc,phases      ] GC(0) Weak Processing 0.838ms
[0.382s][debug  ][gc,ergo        ] GC(0) AdaptiveSizeStart:  collection: 1 
[0.382s][debug  ][gc,age         ] GC(0) Desired survivor size 33554432 bytes, new threshold 7 (max threshold 15)
[0.382s][debug  ][gc,ergo        ] GC(0) PSAdaptiveSizePolicy::compute_eden_space_size limits: desired_eden_size: 402653184 old_eden_size: 201326592 eden_limit: 201326592 cur_eden: 201326592 max_eden_size: 201326592 avg_young_live: 32596032
[0.382s][debug  ][gc,ergo        ] GC(0) PSAdaptiveSizePolicy::compute_eden_space_size: costs minor_time: 0.048224 major_cost: 0.000000 mutator_cost: 0.951776 throughput_goal: 0.990000
[0.382s][debug  ][gc,ergo        ] GC(0) Live_space: 301031488 free_space: 402653184
[0.382s][debug  ][gc,ergo        ] GC(0) Old eden_size: 201326592 desired_eden_size: 201326592
[0.382s][debug  ][gc,ergo        ] GC(0) AdaptiveSizeStop: collection: 1 
[0.382s][info   ][gc,heap        ] GC(0) PSYoungGen: 189809K(229376K)->31832K(229376K) Eden: 189809K(196608K)->0K(196608K) From: 0K(32768K)->31832K(32768K)
[0.383s][info   ][gc,heap        ] GC(0) ParOldGen: 0K(2883584K)->143368K(2883584K)
[0.383s][info   ][gc,metaspace   ] GC(0) Metaspace: 714K(832K)->714K(832K) NonClass: 655K(704K)->655K(704K) Class: 59K(128K)->59K(128K)
[0.383s][info   ][gc             ] GC(0) Pause Young (Allocation Failure) 185M->171M(3040M) 17.881ms
[0.383s][info   ][gc,cpu         ] GC(0) User=0.06s Sys=0.06s Real=0.02s
[0.383s][debug  ][gc,heap        ] GC(0) Heap after GC invocations=1 (full 0):
[0.383s][debug  ][gc,heap        ] GC(0)  PSYoungGen      total 229376K, used 31832K [0x00000007f0000000, 0x0000000800000000, 0x0000000800000000)
[0.383s][debug  ][gc,heap        ] GC(0)   eden space 196608K, 0% used [0x00000007f0000000,0x00000007f0000000,0x00000007fc000000)
[0.383s][debug  ][gc,heap        ] GC(0)   from space 32768K, 97% used [0x00000007fc000000,0x00000007fdf16040,0x00000007fe000000)
[0.383s][debug  ][gc,heap        ] GC(0)   to   space 32768K, 0% used [0x00000007fe000000,0x00000007fe000000,0x0000000800000000)
[0.383s][debug  ][gc,heap        ] GC(0)  ParOldGen       total 2883584K, used 143368K [0x0000000740000000, 0x00000007f0000000, 0x00000007f0000000)
[0.383s][debug  ][gc,heap        ] GC(0)   object space 2883584K, 4% used [0x0000000740000000,0x0000000748c020e0,0x00000007f0000000)
[0.383s][debug  ][gc,heap        ] GC(0)  Metaspace       used 714K, committed 832K, reserved 1056768K
[0.383s][debug  ][gc,heap        ] GC(0)   class space    used 59K, committed 128K, reserved 1048576K
[0.383s][debug  ][gc,task,time   ] GC(0) VM-Thread 3644116 3806107 3829389
[0.666s][debug  ][gc,heap        ] GC(1) Heap before GC invocations=2 (full 0):
[0.666s][debug  ][gc,heap        ] GC(1)  PSYoungGen      total 229376K, used 219921K [0x00000007f0000000, 0x0000000800000000, 0x0000000800000000)
[0.667s][debug  ][gc,heap        ] GC(1)   eden space 196608K, 95% used [0x00000007f0000000,0x00000007fb7ae610,0x00000007fc000000)
[0.667s][debug  ][gc,heap        ] GC(1)   from space 32768K, 97% used [0x00000007fc000000,0x00000007fdf16040,0x00000007fe000000)
[0.667s][debug  ][gc,heap        ] GC(1)   to   space 32768K, 0% used [0x00000007fe000000,0x00000007fe000000,0x0000000800000000)
[0.667s][debug  ][gc,heap        ] GC(1)  ParOldGen       total 2883584K, used 143368K [0x0000000740000000, 0x00000007f0000000, 0x00000007f0000000)
[0.667s][debug  ][gc,heap        ] GC(1)   object space 2883584K, 4% used [0x0000000740000000,0x0000000748c020e0,0x00000007f0000000)
[0.667s][debug  ][gc,heap        ] GC(1)  Metaspace       used 714K, committed 832K, reserved 1056768K
[0.667s][debug  ][gc,heap        ] GC(1)   class space    used 59K, committed 128K, reserved 1048576K
[0.667s][debug  ][gc,tlab        ] GC(1) TLAB totals: thrds: 1  refills: 1 max: 1 slow allocs: 17 max 17 waste: 26.9% gc: 3859328B max: 3859328B slow: 0B max: 0B
[0.667s][info   ][gc,start       ] GC(1) Pause Young (Allocation Failure)
[0.667s][debug  ][gc,phases,start] GC(1) Scavenge
[0.685s][debug  ][gc,phases      ] GC(1) Scavenge 18.689ms
[0.686s][debug  ][gc,phases,start] GC(1) Reference Processing
[0.686s][debug  ][gc,ref         ] GC(1) Skipped phase 1 of Reference Processing: no references
[0.686s][debug  ][gc,ref         ] GC(1) ReferenceProcessor::execute queues: 1, RefProcThreadModel::Single, marks_oops_alive: false
[0.686s][debug  ][gc,ref         ] GC(1) Skipped phase 3 of Reference Processing: no references
[0.686s][debug  ][gc,ref         ] GC(1) ReferenceProcessor::execute queues: 1, RefProcThreadModel::Single, marks_oops_alive: false
[0.686s][debug  ][gc,phases,ref  ] GC(1) Reference Processing: 0.1ms
[0.686s][debug  ][gc,phases,ref  ] GC(1)   Reconsider SoftReferences: 0.0ms
[0.686s][debug  ][gc,phases,ref  ] GC(1)     SoftRef (ms):                  skipped
[0.686s][debug  ][gc,phases,ref  ] GC(1)   Notify Soft/WeakReferences: 0.0ms
[0.686s][debug  ][gc,phases,ref  ] GC(1)     SoftRef (ms):                  Min:  0.0, Avg:  0.0, Max:  0.0, Diff:  0.0, Sum:  0.0, Workers: 10
[0.686s][debug  ][gc,phases,ref  ] GC(1)     WeakRef (ms):                  Min:  0.0, Avg:  0.0, Max:  0.0, Diff:  0.0, Sum:  0.0, Workers: 10
[0.686s][debug  ][gc,phases,ref  ] GC(1)     FinalRef (ms):                 Min:  0.0, Avg:  0.0, Max:  0.0, Diff:  0.0, Sum:  0.0, Workers: 10
[0.686s][debug  ][gc,phases,ref  ] GC(1)     Total (ms):                    Min:  0.0, Avg:  0.0, Max:  0.0, Diff:  0.0, Sum:  0.0, Workers: 10
[0.686s][debug  ][gc,phases,ref  ] GC(1)   Notify and keep alive finalizable: 0.0ms
[0.686s][debug  ][gc,phases,ref  ] GC(1)     FinalRef (ms):                 skipped
[0.686s][debug  ][gc,phases,ref  ] GC(1)   Notify PhantomReferences: 0.0ms
[0.686s][debug  ][gc,phases,ref  ] GC(1)     PhantomRef (ms):               Min:  0.0, Avg:  0.0, Max:  0.0, Diff:  0.0, Sum:  0.0, Workers: 10
[0.686s][debug  ][gc,phases,ref  ] GC(1)   SoftReference:
[0.686s][debug  ][gc,phases,ref  ] GC(1)     Discovered: 0
[0.686s][debug  ][gc,phases,ref  ] GC(1)     Cleared: 0
[0.686s][debug  ][gc,phases,ref  ] GC(1)   WeakReference:
[0.686s][debug  ][gc,phases,ref  ] GC(1)     Discovered: 53
[0.686s][debug  ][gc,phases,ref  ] GC(1)     Cleared: 53
[0.686s][debug  ][gc,phases,ref  ] GC(1)   FinalReference:
[0.686s][debug  ][gc,phases,ref  ] GC(1)     Discovered: 0
[0.686s][debug  ][gc,phases,ref  ] GC(1)     Cleared: 0
[0.686s][debug  ][gc,phases,ref  ] GC(1)   PhantomReference:
[0.686s][debug  ][gc,phases,ref  ] GC(1)     Discovered: 4
[0.686s][debug  ][gc,phases,ref  ] GC(1)     Cleared: 4
[0.686s][debug  ][gc,phases      ] GC(1) Reference Processing 0.595ms
[0.686s][debug  ][gc,phases,start] GC(1) Weak Processing
[0.686s][debug  ][gc,phases      ] GC(1)   VM Weak                        Min:  0.0, Avg:  0.0, Max:  0.0, Diff:  0.0, Sum:  0.0, Workers: 3
[0.686s][debug  ][gc,phases      ] GC(1)     Dead                           Min: 0, Avg:  0.0, Max: 0, Diff: 0, Sum: 0, Workers: 3
[0.686s][debug  ][gc,phases      ] GC(1)     Total                          Min: 0, Avg:  2.3, Max: 7, Diff: 7, Sum: 7, Workers: 3
[0.686s][debug  ][gc,phases      ] GC(1)   ObjectSynchronizer Weak        Min:  0.0, Avg:  0.0, Max:  0.0, Diff:  0.0, Sum:  0.0, Workers: 3
[0.686s][debug  ][gc,phases      ] GC(1)     Dead                           Min: 0, Avg:  0.0, Max: 0, Diff: 0, Sum: 0, Workers: 3
[0.686s][debug  ][gc,phases      ] GC(1)     Total                          Min: 0, Avg:  1.0, Max: 3, Diff: 3, Sum: 3, Workers: 3
[0.686s][debug  ][gc,phases      ] GC(1)   JVMTI Tag Weak OopStorage      Min:  0.0, Avg:  0.0, Max:  0.0, Diff:  0.0, Sum:  0.0, Workers: 3
[0.686s][debug  ][gc,phases      ] GC(1)     Dead                           Min: 0, Avg:  0.0, Max: 0, Diff: 0, Sum: 0, Workers: 3
[0.686s][debug  ][gc,phases      ] GC(1)     Total                          Min: 0, Avg:  0.0, Max: 0, Diff: 0, Sum: 0, Workers: 3
[0.686s][debug  ][gc,phases      ] GC(1)   StringTable Weak               Min:  0.0, Avg:  0.0, Max:  0.0, Diff:  0.0, Sum:  0.1, Workers: 3
[0.686s][debug  ][gc,phases      ] GC(1)     Dead                           Min: 0, Avg:  0.0, Max: 0, Diff: 0, Sum: 0, Workers: 3
[0.687s][debug  ][gc,phases      ] GC(1)     Total                          Min: 768, Avg: 873.7, Max: 960, Diff: 192, Sum: 2621, Workers: 3
[0.687s][debug  ][gc,phases      ] GC(1)   ResolvedMethodTable Weak       Min:  0.0, Avg:  0.0, Max:  0.0, Diff:  0.0, Sum:  0.0, Workers: 3
[0.687s][debug  ][gc,phases      ] GC(1)     Dead                           Min: 0, Avg:  0.0, Max: 0, Diff: 0, Sum: 0, Workers: 3
[0.687s][debug  ][gc,phases      ] GC(1)     Total                          Min: 0, Avg: 27.7, Max: 64, Diff: 64, Sum: 83, Workers: 3
[0.687s][debug  ][gc,phases      ] GC(1)   JNI Weak                       Min:  0.0, Avg:  0.0, Max:  0.0, Diff:  0.0, Sum:  0.0, Workers: 3
[0.687s][debug  ][gc,phases      ] GC(1)     Dead                           Min: 0, Avg:  0.0, Max: 0, Diff: 0, Sum: 0, Workers: 3
[0.687s][debug  ][gc,phases      ] GC(1)     Total                          Min: 0, Avg:  0.0, Max: 0, Diff: 0, Sum: 0, Workers: 3
[0.687s][debug  ][gc,phases      ] GC(1)   StringDedup Table Weak         Min:  0.0, Avg:  0.0, Max:  0.0, Diff:  0.0, Sum:  0.0, Workers: 3
[0.687s][debug  ][gc,phases      ] GC(1)     Dead                           Min: 0, Avg:  0.0, Max: 0, Diff: 0, Sum: 0, Workers: 3
[0.687s][debug  ][gc,phases      ] GC(1)     Total                          Min: 0, Avg:  0.0, Max: 0, Diff: 0, Sum: 0, Workers: 3
[0.687s][debug  ][gc,phases      ] GC(1)   StringDedup Requests0 Weak     Min:  0.0, Avg:  0.0, Max:  0.0, Diff:  0.0, Sum:  0.0, Workers: 3
[0.687s][debug  ][gc,phases      ] GC(1)     Dead                           Min: 0, Avg:  0.0, Max: 0, Diff: 0, Sum: 0, Workers: 3
[0.687s][debug  ][gc,phases      ] GC(1)     Total                          Min: 0, Avg:  0.0, Max: 0, Diff: 0, Sum: 0, Workers: 3
[0.687s][debug  ][gc,phases      ] GC(1)   StringDedup Requests1 Weak     Min:  0.0, Avg:  0.0, Max:  0.0, Diff:  0.0, Sum:  0.0, Workers: 3
[0.687s][debug  ][gc,phases      ] GC(1)     Dead                           Min: 0, Avg:  0.0, Max: 0, Diff: 0, Sum: 0, Workers: 3
[0.687s][debug  ][gc,phases      ] GC(1)     Total                          Min: 0, Avg:  0.0, Max: 0, Diff: 0, Sum: 0, Workers: 3
[0.687s][debug  ][gc,phases      ] GC(1)   Weak JFR Old Object Samples    Min:  0.0, Avg:  0.0, Max:  0.0, Diff:  0.0, Sum:  0.0, Workers: 3
[0.687s][debug  ][gc,phases      ] GC(1)     Dead                           Min: 0, Avg:  0.0, Max: 0, Diff: 0, Sum: 0, Workers: 3
[0.687s][debug  ][gc,phases      ] GC(1)     Total                          Min: 0, Avg:  0.0, Max: 0, Diff: 0, Sum: 0, Workers: 3
[0.687s][debug  ][gc,phases      ] GC(1) Weak Processing 0.721ms
[0.687s][debug  ][gc,ergo        ] GC(1) AdaptiveSizeStart:  collection: 2 
[0.687s][debug  ][gc,age         ] GC(1) Desired survivor size 33554432 bytes, new threshold 7 (max threshold 15)
[0.687s][debug  ][gc,ergo        ] GC(1) PSAdaptiveSizePolicy::compute_eden_space_size limits: desired_eden_size: 402653184 old_eden_size: 201326592 eden_limit: 201326592 cur_eden: 201326592 max_eden_size: 201326592 avg_young_live: 32579648
[0.687s][debug  ][gc,ergo        ] GC(1) PSAdaptiveSizePolicy::compute_eden_space_size: costs minor_time: 0.057191 major_cost: 0.000000 mutator_cost: 0.942809 throughput_goal: 0.990000
[0.687s][debug  ][gc,ergo        ] GC(1) Live_space: 301015104 free_space: 402653184
[0.687s][debug  ][gc,ergo        ] GC(1) Old eden_size: 201326592 desired_eden_size: 201326592
[0.687s][debug  ][gc,ergo        ] GC(1) AdaptiveSizeStop: collection: 2 
[0.687s][info   ][gc,heap        ] GC(1) PSYoungGen: 219921K(229376K)->31800K(229376K) Eden: 188089K(196608K)->0K(196608K) From: 31832K(32768K)->31800K(32768K)
[0.687s][info   ][gc,heap        ] GC(1) ParOldGen: 143368K(2883584K)->327696K(2883584K)
[0.687s][info   ][gc,metaspace   ] GC(1) Metaspace: 714K(832K)->714K(832K) NonClass: 655K(704K)->655K(704K) Class: 59K(128K)->59K(128K)
[0.687s][info   ][gc             ] GC(1) Pause Young (Allocation Failure) 354M->351M(3040M) 20.422ms
[0.687s][info   ][gc,cpu         ] GC(1) User=0.02s Sys=0.14s Real=0.02s
[0.687s][debug  ][gc,heap        ] GC(1) Heap after GC invocations=2 (full 0):
[0.687s][debug  ][gc,heap        ] GC(1)  PSYoungGen      total 229376K, used 31800K [0x00000007f0000000, 0x0000000800000000, 0x0000000800000000)
[0.687s][debug  ][gc,heap        ] GC(1)   eden space 196608K, 0% used [0x00000007f0000000,0x00000007f0000000,0x00000007fc000000)
[0.687s][debug  ][gc,heap        ] GC(1)   from space 32768K, 97% used [0x00000007fe000000,0x00000007fff0e040,0x0000000800000000)
[0.687s][debug  ][gc,heap        ] GC(1)   to   space 32768K, 0% used [0x00000007fc000000,0x00000007fc000000,0x00000007fe000000)
[0.687s][debug  ][gc,heap        ] GC(1)  ParOldGen       total 2883584K, used 327696K [0x0000000740000000, 0x00000007f0000000, 0x00000007f0000000)
[0.687s][debug  ][gc,heap        ] GC(1)   object space 2883584K, 11% used [0x0000000740000000,0x0000000754004200,0x00000007f0000000)
[0.687s][debug  ][gc,heap        ] GC(1)  Metaspace       used 714K, committed 832K, reserved 1056768K
[0.687s][debug  ][gc,heap        ] GC(1)   class space    used 59K, committed 128K, reserved 1048576K
[0.687s][debug  ][gc,task,time   ] GC(1) VM-Thread 6664121 6855108 6873872
[0.967s][debug  ][gc,heap        ] GC(2) Heap before GC invocations=3 (full 0):
[0.968s][debug  ][gc,heap        ] GC(2)  PSYoungGen      total 229376K, used 219854K [0x00000007f0000000, 0x0000000800000000, 0x0000000800000000)
[0.968s][debug  ][gc,heap        ] GC(2)   eden space 196608K, 95% used [0x00000007f0000000,0x00000007fb7a5b40,0x00000007fc000000)
[0.968s][debug  ][gc,heap        ] GC(2)   from space 32768K, 97% used [0x00000007fe000000,0x00000007fff0e040,0x0000000800000000)
[0.968s][debug  ][gc,heap        ] GC(2)   to   space 32768K, 0% used [0x00000007fc000000,0x00000007fc000000,0x00000007fe000000)
[0.968s][debug  ][gc,heap        ] GC(2)  ParOldGen       total 2883584K, used 327696K [0x0000000740000000, 0x00000007f0000000, 0x00000007f0000000)
[0.968s][debug  ][gc,heap        ] GC(2)   object space 2883584K, 11% used [0x0000000740000000,0x0000000754004200,0x00000007f0000000)
[0.968s][debug  ][gc,heap        ] GC(2)  Metaspace       used 714K, committed 832K, reserved 1056768K
[0.968s][debug  ][gc,heap        ] GC(2)   class space    used 59K, committed 128K, reserved 1048576K
[0.968s][debug  ][gc,tlab        ] GC(2) TLAB totals: thrds: 1  refills: 1 max: 1 slow allocs: 17 max 17 waste: 26.7% gc: 3823848B max: 3823848B slow: 0B max: 0B
[0.968s][info   ][gc,start       ] GC(2) Pause Young (Allocation Failure)
[0.968s][debug  ][gc,phases,start] GC(2) Scavenge
[0.986s][debug  ][gc,phases      ] GC(2) Scavenge 17.845ms
[0.986s][debug  ][gc,phases,start] GC(2) Reference Processing
[0.986s][debug  ][gc,ref         ] GC(2) Skipped phase 1 of Reference Processing: no references
[0.986s][debug  ][gc,ref         ] GC(2) ReferenceProcessor::execute queues: 1, RefProcThreadModel::Single, marks_oops_alive: false
[0.986s][debug  ][gc,ref         ] GC(2) Skipped phase 3 of Reference Processing: no references
[0.986s][debug  ][gc,ref         ] GC(2) ReferenceProcessor::execute queues: 1, RefProcThreadModel::Single, marks_oops_alive: false
[0.986s][debug  ][gc,phases,ref  ] GC(2) Reference Processing: 0.1ms
[0.986s][debug  ][gc,phases,ref  ] GC(2)   Reconsider SoftReferences: 0.0ms
[0.986s][debug  ][gc,phases,ref  ] GC(2)     SoftRef (ms):                  skipped
[0.986s][debug  ][gc,phases,ref  ] GC(2)   Notify Soft/WeakReferences: 0.0ms
[0.986s][debug  ][gc,phases,ref  ] GC(2)     SoftRef (ms):                  Min:  0.0, Avg:  0.0, Max:  0.0, Diff:  0.0, Sum:  0.0, Workers: 10
[0.986s][debug  ][gc,phases,ref  ] GC(2)     WeakRef (ms):                  Min:  0.0, Avg:  0.0, Max:  0.0, Diff:  0.0, Sum:  0.0, Workers: 10
[0.986s][debug  ][gc,phases,ref  ] GC(2)     FinalRef (ms):                 Min:  0.0, Avg:  0.0, Max:  0.0, Diff:  0.0, Sum:  0.0, Workers: 10
[0.986s][debug  ][gc,phases,ref  ] GC(2)     Total (ms):                    Min:  0.0, Avg:  0.0, Max:  0.0, Diff:  0.0, Sum:  0.0, Workers: 10
[0.986s][debug  ][gc,phases,ref  ] GC(2)   Notify and keep alive finalizable: 0.0ms
[0.986s][debug  ][gc,phases,ref  ] GC(2)     FinalRef (ms):                 skipped
[0.986s][debug  ][gc,phases,ref  ] GC(2)   Notify PhantomReferences: 0.0ms
[0.986s][debug  ][gc,phases,ref  ] GC(2)     PhantomRef (ms):               Min:  0.0, Avg:  0.0, Max:  0.0, Diff:  0.0, Sum:  0.0, Workers: 10
[0.986s][debug  ][gc,phases,ref  ] GC(2)   SoftReference:
[0.986s][debug  ][gc,phases,ref  ] GC(2)     Discovered: 0
[0.986s][debug  ][gc,phases,ref  ] GC(2)     Cleared: 0
[0.986s][debug  ][gc,phases,ref  ] GC(2)   WeakReference:
[0.986s][debug  ][gc,phases,ref  ] GC(2)     Discovered: 52
[0.986s][debug  ][gc,phases,ref  ] GC(2)     Cleared: 52
[0.986s][debug  ][gc,phases,ref  ] GC(2)   FinalReference:
[0.986s][debug  ][gc,phases,ref  ] GC(2)     Discovered: 0
[0.986s][debug  ][gc,phases,ref  ] GC(2)     Cleared: 0
[0.986s][debug  ][gc,phases,ref  ] GC(2)   PhantomReference:
[0.986s][debug  ][gc,phases,ref  ] GC(2)     Discovered: 4
[0.986s][debug  ][gc,phases,ref  ] GC(2)     Cleared: 4
[0.986s][debug  ][gc,phases      ] GC(2) Reference Processing 0.629ms
[0.986s][debug  ][gc,phases,start] GC(2) Weak Processing
[0.987s][debug  ][gc,phases      ] GC(2)   VM Weak                        Min:  0.0, Avg:  0.0, Max:  0.0, Diff:  0.0, Sum:  0.0, Workers: 3
[0.987s][debug  ][gc,phases      ] GC(2)     Dead                           Min: 0, Avg:  0.0, Max: 0, Diff: 0, Sum: 0, Workers: 3
[0.987s][debug  ][gc,phases      ] GC(2)     Total                          Min: 0, Avg:  2.3, Max: 7, Diff: 7, Sum: 7, Workers: 3
[0.987s][debug  ][gc,phases      ] GC(2)   ObjectSynchronizer Weak        Min:  0.0, Avg:  0.0, Max:  0.0, Diff:  0.0, Sum:  0.0, Workers: 3
[0.987s][debug  ][gc,phases      ] GC(2)     Dead                           Min: 0, Avg:  0.0, Max: 0, Diff: 0, Sum: 0, Workers: 3
[0.987s][debug  ][gc,phases      ] GC(2)     Total                          Min: 0, Avg:  1.0, Max: 3, Diff: 3, Sum: 3, Workers: 3
[0.987s][debug  ][gc,phases      ] GC(2)   JVMTI Tag Weak OopStorage      Min:  0.0, Avg:  0.0, Max:  0.0, Diff:  0.0, Sum:  0.0, Workers: 3
[0.987s][debug  ][gc,phases      ] GC(2)     Dead                           Min: 0, Avg:  0.0, Max: 0, Diff: 0, Sum: 0, Workers: 3
[0.987s][debug  ][gc,phases      ] GC(2)     Total                          Min: 0, Avg:  0.0, Max: 0, Diff: 0, Sum: 0, Workers: 3
[0.987s][debug  ][gc,phases      ] GC(2)   StringTable Weak               Min:  0.0, Avg:  0.1, Max:  0.1, Diff:  0.0, Sum:  0.2, Workers: 3
[0.987s][debug  ][gc,phases      ] GC(2)     Dead                           Min: 0, Avg:  0.0, Max: 0, Diff: 0, Sum: 0, Workers: 3
[0.987s][debug  ][gc,phases      ] GC(2)     Total                          Min: 704, Avg: 873.7, Max: 960, Diff: 256, Sum: 2621, Workers: 3
[0.987s][debug  ][gc,phases      ] GC(2)   ResolvedMethodTable Weak       Min:  0.0, Avg:  0.0, Max:  0.0, Diff:  0.0, Sum:  0.0, Workers: 3
[0.987s][debug  ][gc,phases      ] GC(2)     Dead                           Min: 0, Avg:  0.0, Max: 0, Diff: 0, Sum: 0, Workers: 3
[0.987s][debug  ][gc,phases      ] GC(2)     Total                          Min: 0, Avg: 27.7, Max: 64, Diff: 64, Sum: 83, Workers: 3
[0.987s][debug  ][gc,phases      ] GC(2)   JNI Weak                       Min:  0.0, Avg:  0.0, Max:  0.0, Diff:  0.0, Sum:  0.0, Workers: 3
[0.987s][debug  ][gc,phases      ] GC(2)     Dead                           Min: 0, Avg:  0.0, Max: 0, Diff: 0, Sum: 0, Workers: 3
[0.987s][debug  ][gc,phases      ] GC(2)     Total                          Min: 0, Avg:  0.0, Max: 0, Diff: 0, Sum: 0, Workers: 3
[0.987s][debug  ][gc,phases      ] GC(2)   StringDedup Table Weak         Min:  0.0, Avg:  0.0, Max:  0.0, Diff:  0.0, Sum:  0.0, Workers: 3
[0.987s][debug  ][gc,phases      ] GC(2)     Dead                           Min: 0, Avg:  0.0, Max: 0, Diff: 0, Sum: 0, Workers: 3
[0.987s][debug  ][gc,phases      ] GC(2)     Total                          Min: 0, Avg:  0.0, Max: 0, Diff: 0, Sum: 0, Workers: 3
[0.987s][debug  ][gc,phases      ] GC(2)   StringDedup Requests0 Weak     Min:  0.0, Avg:  0.0, Max:  0.0, Diff:  0.0, Sum:  0.0, Workers: 3
[0.987s][debug  ][gc,phases      ] GC(2)     Dead                           Min: 0, Avg:  0.0, Max: 0, Diff: 0, Sum: 0, Workers: 3
[0.987s][debug  ][gc,phases      ] GC(2)     Total                          Min: 0, Avg:  0.0, Max: 0, Diff: 0, Sum: 0, Workers: 3
[0.987s][debug  ][gc,phases      ] GC(2)   StringDedup Requests1 Weak     Min:  0.0, Avg:  0.0, Max:  0.0, Diff:  0.0, Sum:  0.0, Workers: 3
[0.987s][debug  ][gc,phases      ] GC(2)     Dead                           Min: 0, Avg:  0.0, Max: 0, Diff: 0, Sum: 0, Workers: 3
[0.987s][debug  ][gc,phases      ] GC(2)     Total                          Min: 0, Avg:  0.0, Max: 0, Diff: 0, Sum: 0, Workers: 3
[0.987s][debug  ][gc,phases      ] GC(2)   Weak JFR Old Object Samples    Min:  0.0, Avg:  0.0, Max:  0.0, Diff:  0.0, Sum:  0.0, Workers: 3
[0.987s][debug  ][gc,phases      ] GC(2)     Dead                           Min: 0, Avg:  0.0, Max: 0, Diff: 0, Sum: 0, Workers: 3
[0.987s][debug  ][gc,phases      ] GC(2)     Total                          Min: 0, Avg:  0.0, Max: 0, Diff: 0, Sum: 0, Workers: 3
[0.987s][debug  ][gc,phases      ] GC(2) Weak Processing 0.744ms
[0.987s][debug  ][gc,ergo        ] GC(2) AdaptiveSizeStart:  collection: 3 
[0.987s][debug  ][gc,age         ] GC(2) Desired survivor size 33554432 bytes, new threshold 7 (max threshold 15)
[0.987s][debug  ][gc,ergo        ] GC(2) PSAdaptiveSizePolicy::compute_eden_space_size limits: desired_eden_size: 402653184 old_eden_size: 201326592 eden_limit: 201326592 cur_eden: 201326592 max_eden_size: 201326592 avg_young_live: 32568840
[0.987s][debug  ][gc,ergo        ] GC(2) PSAdaptiveSizePolicy::compute_eden_space_size: costs minor_time: 0.059552 major_cost: 0.000000 mutator_cost: 0.940448 throughput_goal: 0.990000
[0.987s][debug  ][gc,ergo        ] GC(2) Live_space: 301004288 free_space: 402653184
[0.987s][debug  ][gc,ergo        ] GC(2) Old eden_size: 201326592 desired_eden_size: 201326592
[0.987s][debug  ][gc,ergo        ] GC(2) AdaptiveSizeStop: collection: 3 
[0.987s][info   ][gc,heap        ] GC(2) PSYoungGen: 219854K(229376K)->31784K(229376K) Eden: 188054K(196608K)->0K(196608K) From: 31800K(32768K)->31784K(32768K)
[0.987s][info   ][gc,heap        ] GC(2) ParOldGen: 327696K(2883584K)->512016K(2883584K)
[0.987s][info   ][gc,metaspace   ] GC(2) Metaspace: 714K(832K)->714K(832K) NonClass: 655K(704K)->655K(704K) Class: 59K(128K)->59K(128K)
[0.988s][info   ][gc             ] GC(2) Pause Young (Allocation Failure) 534M->531M(3040M) 19.703ms
[0.988s][info   ][gc,cpu         ] GC(2) User=0.03s Sys=0.12s Real=0.02s
[0.988s][debug  ][gc,heap        ] GC(2) Heap after GC invocations=3 (full 0):
[0.988s][debug  ][gc,heap        ] GC(2)  PSYoungGen      total 229376K, used 31784K [0x00000007f0000000, 0x0000000800000000, 0x0000000800000000)
[0.988s][debug  ][gc,heap        ] GC(2)   eden space 196608K, 0% used [0x00000007f0000000,0x00000007f0000000,0x00000007fc000000)
[0.988s][debug  ][gc,heap        ] GC(2)   from space 32768K, 96% used [0x00000007fc000000,0x00000007fdf0a050,0x00000007fe000000)
[0.988s][debug  ][gc,heap        ] GC(2)   to   space 32768K, 0% used [0x00000007fe000000,0x00000007fe000000,0x0000000800000000)
[0.988s][debug  ][gc,heap        ] GC(2)  ParOldGen       total 2883584K, used 512016K [0x0000000740000000, 0x00000007f0000000, 0x00000007f0000000)
[0.988s][debug  ][gc,heap        ] GC(2)   object space 2883584K, 17% used [0x0000000740000000,0x000000075f404320,0x00000007f0000000)
[0.988s][debug  ][gc,heap        ] GC(2)  Metaspace       used 714K, committed 832K, reserved 1056768K
[0.988s][debug  ][gc,heap        ] GC(2)   class space    used 59K, committed 128K, reserved 1048576K
[0.988s][debug  ][gc,task,time   ] GC(2) VM-Thread 9674883 9858016 9878343
[1.271s][debug  ][gc,heap        ] GC(3) Heap before GC invocations=4 (full 0):
[1.271s][debug  ][gc,heap        ] GC(3)  PSYoungGen      total 229376K, used 225779K [0x00000007f0000000, 0x0000000800000000, 0x0000000800000000)
[1.271s][debug  ][gc,heap        ] GC(3)   eden space 196608K, 98% used [0x00000007f0000000,0x00000007fbd72c20,0x00000007fc000000)
[1.271s][debug  ][gc,heap        ] GC(3)   from space 32768K, 96% used [0x00000007fc000000,0x00000007fdf0a050,0x00000007fe000000)
[1.271s][debug  ][gc,heap        ] GC(3)   to   space 32768K, 0% used [0x00000007fe000000,0x00000007fe000000,0x0000000800000000)
[1.271s][debug  ][gc,heap        ] GC(3)  ParOldGen       total 2883584K, used 512016K [0x0000000740000000, 0x00000007f0000000, 0x00000007f0000000)
[1.271s][debug  ][gc,heap        ] GC(3)   object space 2883584K, 17% used [0x0000000740000000,0x000000075f404320,0x00000007f0000000)
[1.271s][debug  ][gc,heap        ] GC(3)  Metaspace       used 945K, committed 1152K, reserved 1056768K
[1.271s][debug  ][gc,heap        ] GC(3)   class space    used 74K, committed 192K, reserved 1048576K
[1.271s][debug  ][gc,tlab        ] GC(3) TLAB totals: thrds: 3  refills: 3 max: 1 slow allocs: 17 max 17 waste: 44.9% gc: 9165168B max: 3867008B slow: 0B max: 0B
[1.272s][info   ][gc,start       ] GC(3) Pause Young (Allocation Failure)
[1.272s][debug  ][gc,phases,start] GC(3) Scavenge
[1.290s][debug  ][gc,phases      ] GC(3) Scavenge 18.493ms
[1.290s][debug  ][gc,phases,start] GC(3) Reference Processing
[1.290s][debug  ][gc,ref         ] GC(3) Skipped phase 1 of Reference Processing: no references
[1.290s][debug  ][gc,ref         ] GC(3) ReferenceProcessor::execute queues: 1, RefProcThreadModel::Single, marks_oops_alive: false
[1.290s][debug  ][gc,ref         ] GC(3) Skipped phase 3 of Reference Processing: no references
[1.290s][debug  ][gc,ref         ] GC(3) ReferenceProcessor::execute queues: 1, RefProcThreadModel::Single, marks_oops_alive: false
[1.290s][debug  ][gc,phases,ref  ] GC(3) Reference Processing: 0.1ms
[1.290s][debug  ][gc,phases,ref  ] GC(3)   Reconsider SoftReferences: 0.0ms
[1.290s][debug  ][gc,phases,ref  ] GC(3)     SoftRef (ms):                  skipped
[1.290s][debug  ][gc,phases,ref  ] GC(3)   Notify Soft/WeakReferences: 0.0ms
[1.290s][debug  ][gc,phases,ref  ] GC(3)     SoftRef (ms):                  Min:  0.0, Avg:  0.0, Max:  0.0, Diff:  0.0, Sum:  0.0, Workers: 10
[1.290s][debug  ][gc,phases,ref  ] GC(3)     WeakRef (ms):                  Min:  0.0, Avg:  0.0, Max:  0.0, Diff:  0.0, Sum:  0.0, Workers: 10
[1.290s][debug  ][gc,phases,ref  ] GC(3)     FinalRef (ms):                 Min:  0.0, Avg:  0.0, Max:  0.0, Diff:  0.0, Sum:  0.0, Workers: 10
[1.290s][debug  ][gc,phases,ref  ] GC(3)     Total (ms):                    Min:  0.0, Avg:  0.0, Max:  0.0, Diff:  0.0, Sum:  0.0, Workers: 10
[1.290s][debug  ][gc,phases,ref  ] GC(3)   Notify and keep alive finalizable: 0.0ms
[1.290s][debug  ][gc,phases,ref  ] GC(3)     FinalRef (ms):                 skipped
[1.290s][debug  ][gc,phases,ref  ] GC(3)   Notify PhantomReferences: 0.0ms
[1.290s][debug  ][gc,phases,ref  ] GC(3)     PhantomRef (ms):               Min:  0.0, Avg:  0.0, Max:  0.0, Diff:  0.0, Sum:  0.0, Workers: 10
[1.290s][debug  ][gc,phases,ref  ] GC(3)   SoftReference:
[1.291s][debug  ][gc,phases,ref  ] GC(3)     Discovered: 0
[1.291s][debug  ][gc,phases,ref  ] GC(3)     Cleared: 0
[1.291s][debug  ][gc,phases,ref  ] GC(3)   WeakReference:
[1.291s][debug  ][gc,phases,ref  ] GC(3)     Discovered: 56
[1.291s][debug  ][gc,phases,ref  ] GC(3)     Cleared: 51
[1.291s][debug  ][gc,phases,ref  ] GC(3)   FinalReference:
[1.291s][debug  ][gc,phases,ref  ] GC(3)     Discovered: 0
[1.291s][debug  ][gc,phases,ref  ] GC(3)     Cleared: 0
[1.291s][debug  ][gc,phases,ref  ] GC(3)   PhantomReference:
[1.291s][debug  ][gc,phases,ref  ] GC(3)     Discovered: 9
[1.291s][debug  ][gc,phases,ref  ] GC(3)     Cleared: 4
[1.291s][debug  ][gc,phases      ] GC(3) Reference Processing 0.599ms
[1.291s][debug  ][gc,phases,start] GC(3) Weak Processing
[1.291s][debug  ][gc,phases      ] GC(3)   VM Weak                        Min:  0.0, Avg:  0.0, Max:  0.0, Diff:  0.0, Sum:  0.0, Workers: 5
[1.291s][debug  ][gc,phases      ] GC(3)     Dead                           Min: 0, Avg:  0.0, Max: 0, Diff: 0, Sum: 0, Workers: 5
[1.291s][debug  ][gc,phases      ] GC(3)     Total                          Min: 0, Avg:  1.6, Max: 8, Diff: 8, Sum: 8, Workers: 5
[1.291s][debug  ][gc,phases      ] GC(3)   ObjectSynchronizer Weak        Min:  0.0, Avg:  0.0, Max:  0.0, Diff:  0.0, Sum:  0.0, Workers: 5
[1.291s][debug  ][gc,phases      ] GC(3)     Dead                           Min: 0, Avg:  0.0, Max: 0, Diff: 0, Sum: 0, Workers: 5
[1.291s][debug  ][gc,phases      ] GC(3)     Total                          Min: 0, Avg:  0.6, Max: 3, Diff: 3, Sum: 3, Workers: 5
[1.291s][debug  ][gc,phases      ] GC(3)   JVMTI Tag Weak OopStorage      Min:  0.0, Avg:  0.0, Max:  0.0, Diff:  0.0, Sum:  0.0, Workers: 5
[1.291s][debug  ][gc,phases      ] GC(3)     Dead                           Min: 0, Avg:  0.0, Max: 0, Diff: 0, Sum: 0, Workers: 5
[1.291s][debug  ][gc,phases      ] GC(3)     Total                          Min: 0, Avg:  0.0, Max: 0, Diff: 0, Sum: 0, Workers: 5
[1.291s][debug  ][gc,phases      ] GC(3)   StringTable Weak               Min:  0.0, Avg:  0.0, Max:  0.0, Diff:  0.0, Sum:  0.2, Workers: 5
[1.291s][debug  ][gc,phases      ] GC(3)     Dead                           Min: 0, Avg:  0.2, Max: 1, Diff: 1, Sum: 1, Workers: 5
[1.291s][debug  ][gc,phases      ] GC(3)     Total                          Min: 776, Avg: 948.8, Max: 1216, Diff: 440, Sum: 4744, Workers: 5
[1.291s][debug  ][gc,phases      ] GC(3)   ResolvedMethodTable Weak       Min:  0.0, Avg:  0.0, Max:  0.0, Diff:  0.0, Sum:  0.0, Workers: 5
[1.291s][debug  ][gc,phases      ] GC(3)     Dead                           Min: 0, Avg:  0.0, Max: 0, Diff: 0, Sum: 0, Workers: 5
[1.291s][debug  ][gc,phases      ] GC(3)     Total                          Min: 0, Avg: 18.4, Max: 64, Diff: 64, Sum: 92, Workers: 5
[1.291s][debug  ][gc,phases      ] GC(3)   JNI Weak                       Min:  0.0, Avg:  0.0, Max:  0.0, Diff:  0.0, Sum:  0.0, Workers: 5
[1.291s][debug  ][gc,phases      ] GC(3)     Dead                           Min: 0, Avg:  0.0, Max: 0, Diff: 0, Sum: 0, Workers: 5
[1.291s][debug  ][gc,phases      ] GC(3)     Total                          Min: 0, Avg:  0.0, Max: 0, Diff: 0, Sum: 0, Workers: 5
[1.291s][debug  ][gc,phases      ] GC(3)   StringDedup Table Weak         Min:  0.0, Avg:  0.0, Max:  0.0, Diff:  0.0, Sum:  0.0, Workers: 5
[1.291s][debug  ][gc,phases      ] GC(3)     Dead                           Min: 0, Avg:  0.0, Max: 0, Diff: 0, Sum: 0, Workers: 5
[1.291s][debug  ][gc,phases      ] GC(3)     Total                          Min: 0, Avg:  0.0, Max: 0, Diff: 0, Sum: 0, Workers: 5
[1.291s][debug  ][gc,phases      ] GC(3)   StringDedup Requests0 Weak     Min:  0.0, Avg:  0.0, Max:  0.0, Diff:  0.0, Sum:  0.0, Workers: 5
[1.291s][debug  ][gc,phases      ] GC(3)     Dead                           Min: 0, Avg:  0.0, Max: 0, Diff: 0, Sum: 0, Workers: 5
[1.291s][debug  ][gc,phases      ] GC(3)     Total                          Min: 0, Avg:  0.0, Max: 0, Diff: 0, Sum: 0, Workers: 5
[1.291s][debug  ][gc,phases      ] GC(3)   StringDedup Requests1 Weak     Min:  0.0, Avg:  0.0, Max:  0.0, Diff:  0.0, Sum:  0.0, Workers: 5
[1.291s][debug  ][gc,phases      ] GC(3)     Dead                           Min: 0, Avg:  0.0, Max: 0, Diff: 0, Sum: 0, Workers: 5
[1.291s][debug  ][gc,phases      ] GC(3)     Total                          Min: 0, Avg:  0.0, Max: 0, Diff: 0, Sum: 0, Workers: 5
[1.291s][debug  ][gc,phases      ] GC(3)   Weak JFR Old Object Samples    Min:  0.0, Avg:  0.0, Max:  0.0, Diff:  0.0, Sum:  0.0, Workers: 5
[1.291s][debug  ][gc,phases      ] GC(3)     Dead                           Min: 0, Avg:  0.0, Max: 0, Diff: 0, Sum: 0, Workers: 5
[1.291s][debug  ][gc,phases      ] GC(3)     Total                          Min: 0, Avg:  0.0, Max: 0, Diff: 0, Sum: 0, Workers: 5
[1.291s][debug  ][gc,phases      ] GC(3) Weak Processing 0.708ms
[1.291s][debug  ][gc,ergo        ] GC(3) AdaptiveSizeStart:  collection: 4 
[1.291s][debug  ][gc,age         ] GC(3) Desired survivor size 33554432 bytes, new threshold 7 (max threshold 15)
[1.292s][debug  ][gc,ergo        ] GC(3) PSAdaptiveSizePolicy::compute_eden_space_size limits: desired_eden_size: 402653184 old_eden_size: 201326592 eden_limit: 201326592 cur_eden: 201326592 max_eden_size: 201326592 avg_young_live: 32698526
[1.292s][debug  ][gc,ergo        ] GC(3) PSAdaptiveSizePolicy::compute_eden_space_size: costs minor_time: 0.061027 major_cost: 0.000000 mutator_cost: 0.938973 throughput_goal: 0.990000
[1.292s][debug  ][gc,ergo        ] GC(3) Live_space: 301133984 free_space: 402653184
[1.292s][debug  ][gc,ergo        ] GC(3) Old eden_size: 201326592 desired_eden_size: 201326592
[1.292s][debug  ][gc,ergo        ] GC(3) AdaptiveSizeStop: collection: 4 
[1.292s][info   ][gc,heap        ] GC(3) PSYoungGen: 225779K(229376K)->32312K(229376K) Eden: 193995K(196608K)->0K(196608K) From: 31784K(32768K)->32312K(32768K)
[1.292s][info   ][gc,heap        ] GC(3) ParOldGen: 512016K(2883584K)->696345K(2883584K)
[1.292s][info   ][gc,metaspace   ] GC(3) Metaspace: 945K(1152K)->945K(1152K) NonClass: 870K(960K)->870K(960K) Class: 74K(192K)->74K(192K)
[1.292s][info   ][gc             ] GC(3) Pause Young (Allocation Failure) 720M->711M(3040M) 20.201ms
[1.292s][info   ][gc,cpu         ] GC(3) User=0.02s Sys=0.12s Real=0.02s
[1.292s][debug  ][gc,heap        ] GC(3) Heap after GC invocations=4 (full 0):
[1.292s][debug  ][gc,heap        ] GC(3)  PSYoungGen      total 229376K, used 32312K [0x00000007f0000000, 0x0000000800000000, 0x0000000800000000)
[1.292s][debug  ][gc,heap        ] GC(3)   eden space 196608K, 0% used [0x00000007f0000000,0x00000007f0000000,0x00000007fc000000)
[1.292s][debug  ][gc,heap        ] GC(3)   from space 32768K, 98% used [0x00000007fe000000,0x00000007fff8e060,0x0000000800000000)
[1.292s][debug  ][gc,heap        ] GC(3)   to   space 32768K, 0% used [0x00000007fc000000,0x00000007fc000000,0x00000007fe000000)
[1.292s][debug  ][gc,heap        ] GC(3)  ParOldGen       total 2883584K, used 696345K [0x0000000740000000, 0x00000007f0000000, 0x00000007f0000000)
[1.292s][debug  ][gc,heap        ] GC(3)   object space 2883584K, 24% used [0x0000000740000000,0x000000076a806440,0x00000007f0000000)
[1.292s][debug  ][gc,heap        ] GC(3)  Metaspace       used 945K, committed 1152K, reserved 1056768K
[1.292s][debug  ][gc,heap        ] GC(3)   class space    used 74K, committed 192K, reserved 1048576K
[1.292s][debug  ][gc,task,time   ] GC(3) VM-Thread 12710814 12901160 12919418
[1.574s][debug  ][gc,heap        ] GC(4) Heap before GC invocations=5 (full 0):
[1.574s][debug  ][gc,heap        ] GC(4)  PSYoungGen      total 229376K, used 220394K [0x00000007f0000000, 0x0000000800000000, 0x0000000800000000)
[1.574s][debug  ][gc,heap        ] GC(4)   eden space 196608K, 95% used [0x00000007f0000000,0x00000007fb7aca30,0x00000007fc000000)
[1.574s][debug  ][gc,heap        ] GC(4)   from space 32768K, 98% used [0x00000007fe000000,0x00000007fff8e060,0x0000000800000000)
[1.574s][debug  ][gc,heap        ] GC(4)   to   space 32768K, 0% used [0x00000007fc000000,0x00000007fc000000,0x00000007fe000000)
[1.574s][debug  ][gc,heap        ] GC(4)  ParOldGen       total 2883584K, used 696345K [0x0000000740000000, 0x00000007f0000000, 0x00000007f0000000)
[1.574s][debug  ][gc,heap        ] GC(4)   object space 2883584K, 24% used [0x0000000740000000,0x000000076a806440,0x00000007f0000000)
[1.574s][debug  ][gc,heap        ] GC(4)  Metaspace       used 945K, committed 1152K, reserved 1056768K
[1.574s][debug  ][gc,heap        ] GC(4)   class space    used 74K, committed 192K, reserved 1048576K
[1.574s][debug  ][gc,tlab        ] GC(4) TLAB totals: thrds: 1  refills: 1 max: 1 slow allocs: 17 max 17 waste: 26.9% gc: 3852104B max: 3852104B slow: 0B max: 0B
[1.574s][info   ][gc,start       ] GC(4) Pause Young (Allocation Failure)
[1.574s][debug  ][gc,phases,start] GC(4) Scavenge
[1.592s][debug  ][gc,phases      ] GC(4) Scavenge 17.938ms
[1.592s][debug  ][gc,phases,start] GC(4) Reference Processing
[1.592s][debug  ][gc,ref         ] GC(4) Skipped phase 1 of Reference Processing: no references
[1.592s][debug  ][gc,ref         ] GC(4) ReferenceProcessor::execute queues: 1, RefProcThreadModel::Single, marks_oops_alive: false
[1.592s][debug  ][gc,ref         ] GC(4) Skipped phase 3 of Reference Processing: no references
[1.592s][debug  ][gc,ref         ] GC(4) ReferenceProcessor::execute queues: 1, RefProcThreadModel::Single, marks_oops_alive: false
[1.592s][debug  ][gc,phases,ref  ] GC(4) Reference Processing: 0.1ms
[1.592s][debug  ][gc,phases,ref  ] GC(4)   Reconsider SoftReferences: 0.0ms
[1.592s][debug  ][gc,phases,ref  ] GC(4)     SoftRef (ms):                  skipped
[1.592s][debug  ][gc,phases,ref  ] GC(4)   Notify Soft/WeakReferences: 0.0ms
[1.592s][debug  ][gc,phases,ref  ] GC(4)     SoftRef (ms):                  Min:  0.0, Avg:  0.0, Max:  0.0, Diff:  0.0, Sum:  0.0, Workers: 10
[1.592s][debug  ][gc,phases,ref  ] GC(4)     WeakRef (ms):                  Min:  0.0, Avg:  0.0, Max:  0.0, Diff:  0.0, Sum:  0.0, Workers: 10
[1.592s][debug  ][gc,phases,ref  ] GC(4)     FinalRef (ms):                 Min:  0.0, Avg:  0.0, Max:  0.0, Diff:  0.0, Sum:  0.0, Workers: 10
[1.592s][debug  ][gc,phases,ref  ] GC(4)     Total (ms):                    Min:  0.0, Avg:  0.0, Max:  0.0, Diff:  0.0, Sum:  0.0, Workers: 10
[1.592s][debug  ][gc,phases,ref  ] GC(4)   Notify and keep alive finalizable: 0.0ms
[1.592s][debug  ][gc,phases,ref  ] GC(4)     FinalRef (ms):                 skipped
[1.592s][debug  ][gc,phases,ref  ] GC(4)   Notify PhantomReferences: 0.0ms
[1.593s][debug  ][gc,phases,ref  ] GC(4)     PhantomRef (ms):               Min:  0.0, Avg:  0.0, Max:  0.0, Diff:  0.0, Sum:  0.0, Workers: 10
[1.593s][debug  ][gc,phases,ref  ] GC(4)   SoftReference:
[1.593s][debug  ][gc,phases,ref  ] GC(4)     Discovered: 0
[1.593s][debug  ][gc,phases,ref  ] GC(4)     Cleared: 0
[1.593s][debug  ][gc,phases,ref  ] GC(4)   WeakReference:
[1.593s][debug  ][gc,phases,ref  ] GC(4)     Discovered: 66
[1.593s][debug  ][gc,phases,ref  ] GC(4)     Cleared: 66
[1.593s][debug  ][gc,phases,ref  ] GC(4)   FinalReference:
[1.593s][debug  ][gc,phases,ref  ] GC(4)     Discovered: 0
[1.593s][debug  ][gc,phases,ref  ] GC(4)     Cleared: 0
[1.593s][debug  ][gc,phases,ref  ] GC(4)   PhantomReference:
[1.593s][debug  ][gc,phases,ref  ] GC(4)     Discovered: 4
[1.593s][debug  ][gc,phases,ref  ] GC(4)     Cleared: 4
[1.593s][debug  ][gc,phases      ] GC(4) Reference Processing 0.600ms
[1.593s][debug  ][gc,phases,start] GC(4) Weak Processing
[1.593s][debug  ][gc,phases      ] GC(4)   VM Weak                        Min:  0.0, Avg:  0.0, Max:  0.0, Diff:  0.0, Sum:  0.0, Workers: 5
[1.593s][debug  ][gc,phases      ] GC(4)     Dead                           Min: 0, Avg:  0.0, Max: 0, Diff: 0, Sum: 0, Workers: 5
[1.593s][debug  ][gc,phases      ] GC(4)     Total                          Min: 0, Avg:  1.6, Max: 8, Diff: 8, Sum: 8, Workers: 5
[1.593s][debug  ][gc,phases      ] GC(4)   ObjectSynchronizer Weak        Min:  0.0, Avg:  0.0, Max:  0.0, Diff:  0.0, Sum:  0.0, Workers: 5
[1.593s][debug  ][gc,phases      ] GC(4)     Dead                           Min: 0, Avg:  0.0, Max: 0, Diff: 0, Sum: 0, Workers: 5
[1.593s][debug  ][gc,phases      ] GC(4)     Total                          Min: 0, Avg:  0.6, Max: 3, Diff: 3, Sum: 3, Workers: 5
[1.593s][debug  ][gc,phases      ] GC(4)   JVMTI Tag Weak OopStorage      Min:  0.0, Avg:  0.0, Max:  0.0, Diff:  0.0, Sum:  0.0, Workers: 5
[1.593s][debug  ][gc,phases      ] GC(4)     Dead                           Min: 0, Avg:  0.0, Max: 0, Diff: 0, Sum: 0, Workers: 5
[1.593s][debug  ][gc,phases      ] GC(4)     Total                          Min: 0, Avg:  0.0, Max: 0, Diff: 0, Sum: 0, Workers: 5
[1.593s][debug  ][gc,phases      ] GC(4)   StringTable Weak               Min:  0.0, Avg:  0.0, Max:  0.0, Diff:  0.0, Sum:  0.2, Workers: 5
[1.593s][debug  ][gc,phases      ] GC(4)     Dead                           Min: 0, Avg:  0.0, Max: 0, Diff: 0, Sum: 0, Workers: 5
[1.593s][debug  ][gc,phases      ] GC(4)     Total                          Min: 768, Avg: 948.8, Max: 1280, Diff: 512, Sum: 4744, Workers: 5
[1.593s][debug  ][gc,phases      ] GC(4)   ResolvedMethodTable Weak       Min:  0.0, Avg:  0.0, Max:  0.0, Diff:  0.0, Sum:  0.0, Workers: 5
[1.593s][debug  ][gc,phases      ] GC(4)     Dead                           Min: 0, Avg:  0.0, Max: 0, Diff: 0, Sum: 0, Workers: 5
[1.593s][debug  ][gc,phases      ] GC(4)     Total                          Min: 0, Avg: 18.4, Max: 64, Diff: 64, Sum: 92, Workers: 5
[1.593s][debug  ][gc,phases      ] GC(4)   JNI Weak                       Min:  0.0, Avg:  0.0, Max:  0.0, Diff:  0.0, Sum:  0.0, Workers: 5
[1.593s][debug  ][gc,phases      ] GC(4)     Dead                           Min: 0, Avg:  0.0, Max: 0, Diff: 0, Sum: 0, Workers: 5
[1.593s][debug  ][gc,phases      ] GC(4)     Total                          Min: 0, Avg:  0.0, Max: 0, Diff: 0, Sum: 0, Workers: 5
[1.593s][debug  ][gc,phases      ] GC(4)   StringDedup Table Weak         Min:  0.0, Avg:  0.0, Max:  0.0, Diff:  0.0, Sum:  0.0, Workers: 5
[1.593s][debug  ][gc,phases      ] GC(4)     Dead                           Min: 0, Avg:  0.0, Max: 0, Diff: 0, Sum: 0, Workers: 5
[1.593s][debug  ][gc,phases      ] GC(4)     Total                          Min: 0, Avg:  0.0, Max: 0, Diff: 0, Sum: 0, Workers: 5
[1.593s][debug  ][gc,phases      ] GC(4)   StringDedup Requests0 Weak     Min:  0.0, Avg:  0.0, Max:  0.0, Diff:  0.0, Sum:  0.0, Workers: 5
[1.593s][debug  ][gc,phases      ] GC(4)     Dead                           Min: 0, Avg:  0.0, Max: 0, Diff: 0, Sum: 0, Workers: 5
[1.593s][debug  ][gc,phases      ] GC(4)     Total                          Min: 0, Avg:  0.0, Max: 0, Diff: 0, Sum: 0, Workers: 5
[1.593s][debug  ][gc,phases      ] GC(4)   StringDedup Requests1 Weak     Min:  0.0, Avg:  0.0, Max:  0.0, Diff:  0.0, Sum:  0.0, Workers: 5
[1.593s][debug  ][gc,phases      ] GC(4)     Dead                           Min: 0, Avg:  0.0, Max: 0, Diff: 0, Sum: 0, Workers: 5
[1.593s][debug  ][gc,phases      ] GC(4)     Total                          Min: 0, Avg:  0.0, Max: 0, Diff: 0, Sum: 0, Workers: 5
[1.593s][debug  ][gc,phases      ] GC(4)   Weak JFR Old Object Samples    Min:  0.0, Avg:  0.0, Max:  0.0, Diff:  0.0, Sum:  0.0, Workers: 5
[1.593s][debug  ][gc,phases      ] GC(4)     Dead                           Min: 0, Avg:  0.0, Max: 0, Diff: 0, Sum: 0, Workers: 5
[1.593s][debug  ][gc,phases      ] GC(4)     Total                          Min: 0, Avg:  0.0, Max: 0, Diff: 0, Sum: 0, Workers: 5
[1.593s][debug  ][gc,phases      ] GC(4) Weak Processing 0.708ms
[1.594s][debug  ][gc,ergo        ] GC(4) AdaptiveSizeStart:  collection: 5 
[1.594s][debug  ][gc,ergo        ] GC(4) avg_survived_padded_avg: 33208282.000000
[1.594s][debug  ][gc,ergo        ] GC(4) avg_promoted_padded_avg: 212686688.000000  avg_pretenured_padded_avg: 0.000000  tenuring_thresh: 6  target_size: 33554432
[1.594s][debug  ][gc,age         ] GC(4) Desired survivor size 33554432 bytes, new threshold 6 (max threshold 15)
[1.594s][debug  ][gc,ergo        ] GC(4) PSAdaptiveSizePolicy::compute_eden_space_size limits: desired_eden_size: 402653184 old_eden_size: 201326592 eden_limit: 201326592 cur_eden: 201326592 max_eden_size: 201326592 avg_young_live: 32773056
[1.594s][debug  ][gc,ergo        ] GC(4) PSAdaptiveSizePolicy::compute_eden_space_size: costs minor_time: 0.061801 major_cost: 0.000000 mutator_cost: 0.938199 throughput_goal: 0.990000
[1.594s][debug  ][gc,ergo        ] GC(4) Live_space: 301208512 free_space: 402653184
[1.594s][debug  ][gc,ergo        ] GC(4) Old eden_size: 201326592 desired_eden_size: 201326592
[1.594s][debug  ][gc,ergo        ] GC(4) AdaptiveSizeStop: collection: 5 
[1.594s][info   ][gc,heap        ] GC(4) PSYoungGen: 220394K(229376K)->32296K(229376K) Eden: 188082K(196608K)->0K(196608K) From: 32312K(32768K)->32296K(32768K)
[1.594s][info   ][gc,heap        ] GC(4) ParOldGen: 696345K(2883584K)->880665K(2883584K)
[1.594s][info   ][gc,metaspace   ] GC(4) Metaspace: 945K(1152K)->945K(1152K) NonClass: 870K(960K)->870K(960K) Class: 74K(192K)->74K(192K)
[1.594s][info   ][gc             ] GC(4) Pause Young (Allocation Failure) 895M->891M(3040M) 19.686ms
[1.594s][info   ][gc,cpu         ] GC(4) User=0.02s Sys=0.12s Real=0.02s
[1.594s][debug  ][gc,heap        ] GC(4) Heap after GC invocations=5 (full 0):
[1.594s][debug  ][gc,heap        ] GC(4)  PSYoungGen      total 229376K, used 32296K [0x00000007f0000000, 0x0000000800000000, 0x0000000800000000)
[1.594s][debug  ][gc,heap        ] GC(4)   eden space 196608K, 0% used [0x00000007f0000000,0x00000007f0000000,0x00000007fc000000)
[1.594s][debug  ][gc,heap        ] GC(4)   from space 32768K, 98% used [0x00000007fc000000,0x00000007fdf8a050,0x00000007fe000000)
[1.594s][debug  ][gc,heap        ] GC(4)   to   space 32768K, 0% used [0x00000007fe000000,0x00000007fe000000,0x0000000800000000)
[1.594s][debug  ][gc,heap        ] GC(4)  ParOldGen       total 2883584K, used 880665K [0x0000000740000000, 0x00000007f0000000, 0x00000007f0000000)
[1.594s][debug  ][gc,heap        ] GC(4)   object space 2883584K, 30% used [0x0000000740000000,0x0000000775c06560,0x00000007f0000000)
[1.594s][debug  ][gc,heap        ] GC(4)  Metaspace       used 945K, committed 1152K, reserved 1056768K
[1.594s][debug  ][gc,heap        ] GC(4)   class space    used 74K, committed 192K, reserved 1048576K
[1.594s][debug  ][gc,task,time   ] GC(4) VM-Thread 15736658 15921492 15940058
[1.893s][debug  ][gc,heap        ] GC(5) Heap before GC invocations=6 (full 0):
[1.893s][debug  ][gc,heap        ] GC(5)  PSYoungGen      total 229376K, used 221688K [0x00000007f0000000, 0x0000000800000000, 0x0000000800000000)
[1.893s][debug  ][gc,heap        ] GC(5)   eden space 196608K, 96% used [0x00000007f0000000,0x00000007fb8f41c8,0x00000007fc000000)
[1.893s][debug  ][gc,heap        ] GC(5)   from space 32768K, 98% used [0x00000007fc000000,0x00000007fdf8a050,0x00000007fe000000)
[1.893s][debug  ][gc,heap        ] GC(5)   to   space 32768K, 0% used [0x00000007fe000000,0x00000007fe000000,0x0000000800000000)
[1.893s][debug  ][gc,heap        ] GC(5)  ParOldGen       total 2883584K, used 880665K [0x0000000740000000, 0x00000007f0000000, 0x00000007f0000000)
[1.893s][debug  ][gc,heap        ] GC(5)   object space 2883584K, 30% used [0x0000000740000000,0x0000000775c06560,0x00000007f0000000)
[1.893s][debug  ][gc,heap        ] GC(5)  Metaspace       used 1017K, committed 1152K, reserved 1056768K
[1.893s][debug  ][gc,heap        ] GC(5)   class space    used 83K, committed 192K, reserved 1048576K
[1.893s][debug  ][gc,tlab        ] GC(5) TLAB totals: thrds: 2  refills: 2 max: 1 slow allocs: 17 max 17 waste: 31.0% gc: 4856592B max: 3548168B slow: 0B max: 0B
[1.893s][info   ][gc,start       ] GC(5) Pause Young (Allocation Failure)
[1.893s][debug  ][gc,phases,start] GC(5) Scavenge
[1.901s][debug  ][gc,phases      ] GC(5) Scavenge 7.597ms
[1.901s][debug  ][gc,phases,start] GC(5) Reference Processing
[1.901s][debug  ][gc,ref         ] GC(5) Skipped phase 1 of Reference Processing: no references
[1.901s][debug  ][gc,ref         ] GC(5) ReferenceProcessor::execute queues: 1, RefProcThreadModel::Single, marks_oops_alive: false
[1.901s][debug  ][gc,ref         ] GC(5) Skipped phase 3 of Reference Processing: no references
[1.901s][debug  ][gc,ref         ] GC(5) ReferenceProcessor::execute queues: 1, RefProcThreadModel::Single, marks_oops_alive: false
[1.901s][debug  ][gc,phases,ref  ] GC(5) Reference Processing: 0.1ms
[1.901s][debug  ][gc,phases,ref  ] GC(5)   Reconsider SoftReferences: 0.0ms
[1.901s][debug  ][gc,phases,ref  ] GC(5)     SoftRef (ms):                  skipped
[1.901s][debug  ][gc,phases,ref  ] GC(5)   Notify Soft/WeakReferences: 0.1ms
[1.901s][debug  ][gc,phases,ref  ] GC(5)     SoftRef (ms):                  Min:  0.0, Avg:  0.0, Max:  0.0, Diff:  0.0, Sum:  0.0, Workers: 10
[1.901s][debug  ][gc,phases,ref  ] GC(5)     WeakRef (ms):                  Min:  0.0, Avg:  0.0, Max:  0.0, Diff:  0.0, Sum:  0.0, Workers: 10
[1.901s][debug  ][gc,phases,ref  ] GC(5)     FinalRef (ms):                 Min:  0.0, Avg:  0.0, Max:  0.0, Diff:  0.0, Sum:  0.0, Workers: 10
[1.901s][debug  ][gc,phases,ref  ] GC(5)     Total (ms):                    Min:  0.0, Avg:  0.0, Max:  0.0, Diff:  0.0, Sum:  0.0, Workers: 10
[1.901s][debug  ][gc,phases,ref  ] GC(5)   Notify and keep alive finalizable: 0.0ms
[1.901s][debug  ][gc,phases,ref  ] GC(5)     FinalRef (ms):                 skipped
[1.901s][debug  ][gc,phases,ref  ] GC(5)   Notify PhantomReferences: 0.0ms
[1.901s][debug  ][gc,phases,ref  ] GC(5)     PhantomRef (ms):               Min:  0.0, Avg:  0.0, Max:  0.0, Diff:  0.0, Sum:  0.0, Workers: 10
[1.901s][debug  ][gc,phases,ref  ] GC(5)   SoftReference:
[1.901s][debug  ][gc,phases,ref  ] GC(5)     Discovered: 0
[1.901s][debug  ][gc,phases,ref  ] GC(5)     Cleared: 0
[1.901s][debug  ][gc,phases,ref  ] GC(5)   WeakReference:
[1.902s][debug  ][gc,phases,ref  ] GC(5)     Discovered: 121
[1.902s][debug  ][gc,phases,ref  ] GC(5)     Cleared: 100
[1.902s][debug  ][gc,phases,ref  ] GC(5)   FinalReference:
[1.902s][debug  ][gc,phases,ref  ] GC(5)     Discovered: 0
[1.902s][debug  ][gc,phases,ref  ] GC(5)     Cleared: 0
[1.902s][debug  ][gc,phases,ref  ] GC(5)   PhantomReference:
[1.902s][debug  ][gc,phases,ref  ] GC(5)     Discovered: 14
[1.902s][debug  ][gc,phases,ref  ] GC(5)     Cleared: 4
[1.902s][debug  ][gc,phases      ] GC(5) Reference Processing 0.783ms
[1.902s][debug  ][gc,phases,start] GC(5) Weak Processing
[1.902s][debug  ][gc,phases      ] GC(5)   VM Weak                        Min:  0.0, Avg:  0.0, Max:  0.0, Diff:  0.0, Sum:  0.0, Workers: 6
[1.902s][debug  ][gc,phases      ] GC(5)     Dead                           Min: 0, Avg:  0.0, Max: 0, Diff: 0, Sum: 0, Workers: 6
[1.902s][debug  ][gc,phases      ] GC(5)     Total                          Min: 0, Avg:  1.3, Max: 8, Diff: 8, Sum: 8, Workers: 6
[1.902s][debug  ][gc,phases      ] GC(5)   ObjectSynchronizer Weak        Min:  0.0, Avg:  0.0, Max:  0.0, Diff:  0.0, Sum:  0.0, Workers: 6
[1.902s][debug  ][gc,phases      ] GC(5)     Dead                           Min: 0, Avg:  0.0, Max: 0, Diff: 0, Sum: 0, Workers: 6
[1.902s][debug  ][gc,phases      ] GC(5)     Total                          Min: 0, Avg:  0.5, Max: 3, Diff: 3, Sum: 3, Workers: 6
[1.902s][debug  ][gc,phases      ] GC(5)   JVMTI Tag Weak OopStorage      Min:  0.0, Avg:  0.0, Max:  0.0, Diff:  0.0, Sum:  0.0, Workers: 6
[1.902s][debug  ][gc,phases      ] GC(5)     Dead                           Min: 0, Avg:  0.0, Max: 0, Diff: 0, Sum: 0, Workers: 6
[1.902s][debug  ][gc,phases      ] GC(5)     Total                          Min: 0, Avg:  0.0, Max: 0, Diff: 0, Sum: 0, Workers: 6
[1.902s][debug  ][gc,phases      ] GC(5)   StringTable Weak               Min:  0.0, Avg:  0.0, Max:  0.0, Diff:  0.0, Sum:  0.2, Workers: 6
[1.902s][debug  ][gc,phases      ] GC(5)     Dead                           Min: 0, Avg:  0.5, Max: 2, Diff: 2, Sum: 3, Workers: 6
[1.902s][debug  ][gc,phases      ] GC(5)     Total                          Min: 576, Avg: 892.5, Max: 1536, Diff: 960, Sum: 5355, Workers: 6
[1.902s][debug  ][gc,phases      ] GC(5)   ResolvedMethodTable Weak       Min:  0.0, Avg:  0.0, Max:  0.0, Diff:  0.0, Sum:  0.0, Workers: 6
[1.902s][debug  ][gc,phases      ] GC(5)     Dead                           Min: 0, Avg:  0.0, Max: 0, Diff: 0, Sum: 0, Workers: 6
[1.902s][debug  ][gc,phases      ] GC(5)     Total                          Min: 0, Avg: 21.7, Max: 64, Diff: 64, Sum: 130, Workers: 6
[1.902s][debug  ][gc,phases      ] GC(5)   JNI Weak                       Min:  0.0, Avg:  0.0, Max:  0.0, Diff:  0.0, Sum:  0.0, Workers: 6
[1.902s][debug  ][gc,phases      ] GC(5)     Dead                           Min: 0, Avg:  0.0, Max: 0, Diff: 0, Sum: 0, Workers: 6
[1.902s][debug  ][gc,phases      ] GC(5)     Total                          Min: 0, Avg:  0.0, Max: 0, Diff: 0, Sum: 0, Workers: 6
[1.902s][debug  ][gc,phases      ] GC(5)   StringDedup Table Weak         Min:  0.0, Avg:  0.0, Max:  0.0, Diff:  0.0, Sum:  0.0, Workers: 6
[1.902s][debug  ][gc,phases      ] GC(5)     Dead                           Min: 0, Avg:  0.0, Max: 0, Diff: 0, Sum: 0, Workers: 6
[1.902s][debug  ][gc,phases      ] GC(5)     Total                          Min: 0, Avg:  0.0, Max: 0, Diff: 0, Sum: 0, Workers: 6
[1.902s][debug  ][gc,phases      ] GC(5)   StringDedup Requests0 Weak     Min:  0.0, Avg:  0.0, Max:  0.0, Diff:  0.0, Sum:  0.0, Workers: 6
[1.902s][debug  ][gc,phases      ] GC(5)     Dead                           Min: 0, Avg:  0.0, Max: 0, Diff: 0, Sum: 0, Workers: 6
[1.902s][debug  ][gc,phases      ] GC(5)     Total                          Min: 0, Avg:  0.0, Max: 0, Diff: 0, Sum: 0, Workers: 6
[1.902s][debug  ][gc,phases      ] GC(5)   StringDedup Requests1 Weak     Min:  0.0, Avg:  0.0, Max:  0.0, Diff:  0.0, Sum:  0.0, Workers: 6
[1.902s][debug  ][gc,phases      ] GC(5)     Dead                           Min: 0, Avg:  0.0, Max: 0, Diff: 0, Sum: 0, Workers: 6
[1.902s][debug  ][gc,phases      ] GC(5)     Total                          Min: 0, Avg:  0.0, Max: 0, Diff: 0, Sum: 0, Workers: 6
[1.902s][debug  ][gc,phases      ] GC(5)   Weak JFR Old Object Samples    Min:  0.0, Avg:  0.0, Max:  0.0, Diff:  0.0, Sum:  0.0, Workers: 6
[1.902s][debug  ][gc,phases      ] GC(5)     Dead                           Min: 0, Avg:  0.0, Max: 0, Diff: 0, Sum: 0, Workers: 6
[1.903s][debug  ][gc,phases      ] GC(5)     Total                          Min: 0, Avg:  0.0, Max: 0, Diff: 0, Sum: 0, Workers: 6
[1.903s][debug  ][gc,phases      ] GC(5) Weak Processing 0.826ms
[1.903s][debug  ][gc,ergo        ] GC(5) AdaptiveSizeStart:  collection: 6 
[1.903s][debug  ][gc,ergo        ] GC(5) avg_survived_padded_avg: 33417282.000000
[1.903s][debug  ][gc,ergo        ] GC(5) avg_promoted_padded_avg: 241158592.000000  avg_pretenured_padded_avg: 0.000000  tenuring_thresh: 5  target_size: 33554432
[1.903s][debug  ][gc,age         ] GC(5) Desired survivor size 33554432 bytes, new threshold 5 (max threshold 15)
[1.903s][debug  ][gc,ergo        ] GC(5) PSAdaptiveSizePolicy::compute_eden_space_size limits: desired_eden_size: 402653184 old_eden_size: 201326592 eden_limit: 201326592 cur_eden: 201326592 max_eden_size: 201326592 avg_young_live: 32852214
[1.903s][debug  ][gc,ergo        ] GC(5) PSAdaptiveSizePolicy::compute_eden_space_size: costs minor_time: 0.053909 major_cost: 0.000000 mutator_cost: 0.946091 throughput_goal: 0.990000
[1.903s][debug  ][gc,ergo        ] GC(5) Live_space: 301287680 free_space: 402653184
[1.903s][debug  ][gc,ergo        ] GC(5) Old eden_size: 201326592 desired_eden_size: 201326592
[1.903s][debug  ][gc,ergo        ] GC(5) AdaptiveSizeStop: collection: 6 
[1.903s][info   ][gc,heap        ] GC(5) PSYoungGen: 221688K(229376K)->32488K(229376K) Eden: 189392K(196608K)->0K(196608K) From: 32296K(32768K)->32488K(32768K)
[1.903s][info   ][gc,heap        ] GC(5) ParOldGen: 880665K(2883584K)->921633K(2883584K)
[1.903s][info   ][gc,metaspace   ] GC(5) Metaspace: 1017K(1152K)->1017K(1152K) NonClass: 933K(960K)->933K(960K) Class: 83K(192K)->83K(192K)
[1.903s][info   ][gc             ] GC(5) Pause Young (Allocation Failure) 1076M->931M(3040M) 9.782ms
[1.903s][info   ][gc,cpu         ] GC(5) User=0.12s Sys=0.03s Real=0.01s
[1.903s][debug  ][gc,heap        ] GC(5) Heap after GC invocations=6 (full 0):
[1.903s][debug  ][gc,heap        ] GC(5)  PSYoungGen      total 229376K, used 32488K [0x00000007f0000000, 0x0000000800000000, 0x0000000800000000)
[1.903s][debug  ][gc,heap        ] GC(5)   eden space 196608K, 0% used [0x00000007f0000000,0x00000007f0000000,0x00000007fc000000)
[1.903s][debug  ][gc,heap        ] GC(5)   from space 32768K, 99% used [0x00000007fe000000,0x00000007fffba050,0x0000000800000000)
[1.903s][debug  ][gc,heap        ] GC(5)   to   space 32768K, 0% used [0x00000007fc000000,0x00000007fc000000,0x00000007fe000000)
[1.903s][debug  ][gc,heap        ] GC(5)  ParOldGen       total 2883584K, used 921633K [0x0000000740000000, 0x00000007f0000000, 0x00000007f0000000)
[1.903s][debug  ][gc,heap        ] GC(5)   object space 2883584K, 31% used [0x0000000740000000,0x00000007784085a0,0x00000007f0000000)
[1.903s][debug  ][gc,heap        ] GC(5)  Metaspace       used 1017K, committed 1152K, reserved 1056768K
[1.903s][debug  ][gc,heap        ] GC(5)   class space    used 83K, committed 192K, reserved 1048576K
[1.903s][debug  ][gc,task,time   ] GC(5) VM-Thread 18927609 19008985 19032244
[2.195s][debug  ][gc,heap        ] GC(6) Heap before GC invocations=7 (full 0):
[2.196s][debug  ][gc,heap        ] GC(6)  PSYoungGen      total 229376K, used 220613K [0x00000007f0000000, 0x0000000800000000, 0x0000000800000000)
[2.196s][debug  ][gc,heap        ] GC(6)   eden space 196608K, 95% used [0x00000007f0000000,0x00000007fb7b77a0,0x00000007fc000000)
[2.196s][debug  ][gc,heap        ] GC(6)   from space 32768K, 99% used [0x00000007fe000000,0x00000007fffba050,0x0000000800000000)
[2.196s][debug  ][gc,heap        ] GC(6)   to   space 32768K, 0% used [0x00000007fc000000,0x00000007fc000000,0x00000007fe000000)
[2.196s][debug  ][gc,heap        ] GC(6)  ParOldGen       total 2883584K, used 921633K [0x0000000740000000, 0x00000007f0000000, 0x00000007f0000000)
[2.196s][debug  ][gc,heap        ] GC(6)   object space 2883584K, 31% used [0x0000000740000000,0x00000007784085a0,0x00000007f0000000)
[2.196s][debug  ][gc,heap        ] GC(6)  Metaspace       used 1017K, committed 1152K, reserved 1056768K
[2.196s][debug  ][gc,heap        ] GC(6)   class space    used 83K, committed 192K, reserved 1048576K
[2.196s][debug  ][gc,tlab        ] GC(6) TLAB totals: thrds: 1  refills: 1 max: 1 slow allocs: 17 max 17 waste: 27.1% gc: 3896960B max: 3896960B slow: 0B max: 0B
[2.196s][info   ][gc,start       ] GC(6) Pause Young (Allocation Failure)
[2.196s][debug  ][gc,phases,start] GC(6) Scavenge
[2.212s][debug  ][gc,phases      ] GC(6) Scavenge 16.479ms
[2.212s][debug  ][gc,phases,start] GC(6) Reference Processing
[2.212s][debug  ][gc,ref         ] GC(6) Skipped phase 1 of Reference Processing: no references
[2.212s][debug  ][gc,ref         ] GC(6) Skipped phase 2 of Reference Processing: no references
[2.212s][debug  ][gc,ref         ] GC(6) Skipped phase 3 of Reference Processing: no references
[2.212s][debug  ][gc,ref         ] GC(6) Skipped phase 4 of Reference Processing: no references
[2.212s][debug  ][gc,phases,ref  ] GC(6) Reference Processing: 0.1ms
[2.212s][debug  ][gc,phases,ref  ] GC(6)   Reconsider SoftReferences: 0.0ms
[2.212s][debug  ][gc,phases,ref  ] GC(6)     SoftRef (ms):                  skipped
[2.212s][debug  ][gc,phases,ref  ] GC(6)   Notify Soft/WeakReferences: 0.0ms
[2.213s][debug  ][gc,phases,ref  ] GC(6)     SoftRef (ms):                  skipped
[2.213s][debug  ][gc,phases,ref  ] GC(6)     WeakRef (ms):                  skipped
[2.213s][debug  ][gc,phases,ref  ] GC(6)     FinalRef (ms):                 skipped
[2.213s][debug  ][gc,phases,ref  ] GC(6)     Total (ms):                    skipped
[2.213s][debug  ][gc,phases,ref  ] GC(6)   Notify and keep alive finalizable: 0.0ms
[2.213s][debug  ][gc,phases,ref  ] GC(6)     FinalRef (ms):                 skipped
[2.213s][debug  ][gc,phases,ref  ] GC(6)   Notify PhantomReferences: 0.0ms
[2.213s][debug  ][gc,phases,ref  ] GC(6)     PhantomRef (ms):               skipped
[2.213s][debug  ][gc,phases,ref  ] GC(6)   SoftReference:
[2.213s][debug  ][gc,phases,ref  ] GC(6)     Discovered: 0
[2.213s][debug  ][gc,phases,ref  ] GC(6)     Cleared: 0
[2.213s][debug  ][gc,phases,ref  ] GC(6)   WeakReference:
[2.213s][debug  ][gc,phases,ref  ] GC(6)     Discovered: 0
[2.213s][debug  ][gc,phases,ref  ] GC(6)     Cleared: 0
[2.213s][debug  ][gc,phases,ref  ] GC(6)   FinalReference:
[2.213s][debug  ][gc,phases,ref  ] GC(6)     Discovered: 0
[2.213s][debug  ][gc,phases,ref  ] GC(6)     Cleared: 0
[2.213s][debug  ][gc,phases,ref  ] GC(6)   PhantomReference:
[2.213s][debug  ][gc,phases,ref  ] GC(6)     Discovered: 0
[2.213s][debug  ][gc,phases,ref  ] GC(6)     Cleared: 0
[2.213s][debug  ][gc,phases      ] GC(6) Reference Processing 0.586ms
[2.213s][debug  ][gc,phases,start] GC(6) Weak Processing
[2.213s][debug  ][gc,phases      ] GC(6)   VM Weak                        Min:  0.0, Avg:  0.0, Max:  0.0, Diff:  0.0, Sum:  0.0, Workers: 6
[2.213s][debug  ][gc,phases      ] GC(6)     Dead                           Min: 0, Avg:  0.0, Max: 0, Diff: 0, Sum: 0, Workers: 6
[2.213s][debug  ][gc,phases      ] GC(6)     Total                          Min: 0, Avg:  1.3, Max: 8, Diff: 8, Sum: 8, Workers: 6
[2.213s][debug  ][gc,phases      ] GC(6)   ObjectSynchronizer Weak        Min:  0.0, Avg:  0.0, Max:  0.0, Diff:  0.0, Sum:  0.0, Workers: 6
[2.213s][debug  ][gc,phases      ] GC(6)     Dead                           Min: 0, Avg:  0.0, Max: 0, Diff: 0, Sum: 0, Workers: 6
[2.213s][debug  ][gc,phases      ] GC(6)     Total                          Min: 0, Avg:  0.5, Max: 3, Diff: 3, Sum: 3, Workers: 6
[2.213s][debug  ][gc,phases      ] GC(6)   JVMTI Tag Weak OopStorage      Min:  0.0, Avg:  0.0, Max:  0.0, Diff:  0.0, Sum:  0.0, Workers: 6
[2.213s][debug  ][gc,phases      ] GC(6)     Dead                           Min: 0, Avg:  0.0, Max: 0, Diff: 0, Sum: 0, Workers: 6
[2.213s][debug  ][gc,phases      ] GC(6)     Total                          Min: 0, Avg:  0.0, Max: 0, Diff: 0, Sum: 0, Workers: 6
[2.213s][debug  ][gc,phases      ] GC(6)   StringTable Weak               Min:  0.0, Avg:  0.0, Max:  0.0, Diff:  0.0, Sum:  0.2, Workers: 6
[2.213s][debug  ][gc,phases      ] GC(6)     Dead                           Min: 0, Avg:  0.0, Max: 0, Diff: 0, Sum: 0, Workers: 6
[2.213s][debug  ][gc,phases      ] GC(6)     Total                          Min: 512, Avg: 892.5, Max: 1536, Diff: 1024, Sum: 5355, Workers: 6
[2.213s][debug  ][gc,phases      ] GC(6)   ResolvedMethodTable Weak       Min:  0.0, Avg:  0.0, Max:  0.0, Diff:  0.0, Sum:  0.0, Workers: 6
[2.213s][debug  ][gc,phases      ] GC(6)     Dead                           Min: 0, Avg:  0.0, Max: 0, Diff: 0, Sum: 0, Workers: 6
[2.213s][debug  ][gc,phases      ] GC(6)     Total                          Min: 0, Avg: 21.7, Max: 64, Diff: 64, Sum: 130, Workers: 6
[2.213s][debug  ][gc,phases      ] GC(6)   JNI Weak                       Min:  0.0, Avg:  0.0, Max:  0.0, Diff:  0.0, Sum:  0.0, Workers: 6
[2.213s][debug  ][gc,phases      ] GC(6)     Dead                           Min: 0, Avg:  0.0, Max: 0, Diff: 0, Sum: 0, Workers: 6
[2.213s][debug  ][gc,phases      ] GC(6)     Total                          Min: 0, Avg:  0.0, Max: 0, Diff: 0, Sum: 0, Workers: 6
[2.213s][debug  ][gc,phases      ] GC(6)   StringDedup Table Weak         Min:  0.0, Avg:  0.0, Max:  0.0, Diff:  0.0, Sum:  0.0, Workers: 6
[2.213s][debug  ][gc,phases      ] GC(6)     Dead                           Min: 0, Avg:  0.0, Max: 0, Diff: 0, Sum: 0, Workers: 6
[2.213s][debug  ][gc,phases      ] GC(6)     Total                          Min: 0, Avg:  0.0, Max: 0, Diff: 0, Sum: 0, Workers: 6
[2.213s][debug  ][gc,phases      ] GC(6)   StringDedup Requests0 Weak     Min:  0.0, Avg:  0.0, Max:  0.0, Diff:  0.0, Sum:  0.0, Workers: 6
[2.213s][debug  ][gc,phases      ] GC(6)     Dead                           Min: 0, Avg:  0.0, Max: 0, Diff: 0, Sum: 0, Workers: 6
[2.214s][debug  ][gc,phases      ] GC(6)     Total                          Min: 0, Avg:  0.0, Max: 0, Diff: 0, Sum: 0, Workers: 6
[2.214s][debug  ][gc,phases      ] GC(6)   StringDedup Requests1 Weak     Min:  0.0, Avg:  0.0, Max:  0.0, Diff:  0.0, Sum:  0.0, Workers: 6
[2.214s][debug  ][gc,phases      ] GC(6)     Dead                           Min: 0, Avg:  0.0, Max: 0, Diff: 0, Sum: 0, Workers: 6
[2.214s][debug  ][gc,phases      ] GC(6)     Total                          Min: 0, Avg:  0.0, Max: 0, Diff: 0, Sum: 0, Workers: 6
[2.214s][debug  ][gc,phases      ] GC(6)   Weak JFR Old Object Samples    Min:  0.0, Avg:  0.0, Max:  0.0, Diff:  0.0, Sum:  0.0, Workers: 6
[2.214s][debug  ][gc,phases      ] GC(6)     Dead                           Min: 0, Avg:  0.0, Max: 0, Diff: 0, Sum: 0, Workers: 6
[2.214s][debug  ][gc,phases      ] GC(6)     Total                          Min: 0, Avg:  0.0, Max: 0, Diff: 0, Sum: 0, Workers: 6
[2.214s][debug  ][gc,phases      ] GC(6) Weak Processing 0.713ms
[2.214s][debug  ][gc,ergo        ] GC(6) AdaptiveSizeStart:  collection: 7 
[2.214s][debug  ][gc,ergo        ] GC(6) avg_survived_padded_avg: 33443768.000000
[2.214s][debug  ][gc,ergo        ] GC(6) avg_promoted_padded_avg: 245350080.000000  avg_pretenured_padded_avg: 0.000000  tenuring_thresh: 4  target_size: 33554432
[2.214s][debug  ][gc,age         ] GC(6) Desired survivor size 33554432 bytes, new threshold 4 (max threshold 15)
[2.214s][debug  ][gc,ergo        ] GC(6) PSAdaptiveSizePolicy::compute_eden_space_size limits: desired_eden_size: 402653184 old_eden_size: 201326592 eden_limit: 201326592 cur_eden: 201326592 max_eden_size: 201326592 avg_young_live: 32785380
[2.214s][debug  ][gc,ergo        ] GC(6) PSAdaptiveSizePolicy::compute_eden_space_size: costs minor_time: 0.054799 major_cost: 0.000000 mutator_cost: 0.945201 throughput_goal: 0.990000
[2.214s][debug  ][gc,ergo        ] GC(6) Live_space: 301220832 free_space: 402653184
[2.214s][debug  ][gc,ergo        ] GC(6) Old eden_size: 201326592 desired_eden_size: 201326592
[2.214s][debug  ][gc,ergo        ] GC(6) AdaptiveSizeStop: collection: 7 
[2.214s][info   ][gc,heap        ] GC(6) PSYoungGen: 220613K(229376K)->31616K(229376K) Eden: 188125K(196608K)->0K(196608K) From: 32488K(32768K)->31616K(32768K)
[2.214s][info   ][gc,heap        ] GC(6) ParOldGen: 921633K(2883584K)->1106907K(2883584K)
[2.214s][info   ][gc,metaspace   ] GC(6) Metaspace: 1017K(1152K)->1017K(1152K) NonClass: 933K(960K)->933K(960K) Class: 83K(192K)->83K(192K)
[2.214s][info   ][gc             ] GC(6) Pause Young (Allocation Failure) 1115M->1111M(3040M) 18.188ms
[2.214s][info   ][gc,cpu         ] GC(6) User=0.03s Sys=0.12s Real=0.02s
[2.214s][debug  ][gc,heap        ] GC(6) Heap after GC invocations=7 (full 0):
[2.214s][debug  ][gc,heap        ] GC(6)  PSYoungGen      total 229376K, used 31616K [0x00000007f0000000, 0x0000000800000000, 0x0000000800000000)
[2.214s][debug  ][gc,heap        ] GC(6)   eden space 196608K, 0% used [0x00000007f0000000,0x00000007f0000000,0x00000007fc000000)
[2.214s][debug  ][gc,heap        ] GC(6)   from space 32768K, 96% used [0x00000007fc000000,0x00000007fdee0030,0x00000007fe000000)
[2.214s][debug  ][gc,heap        ] GC(6)   to   space 32768K, 0% used [0x00000007fe000000,0x00000007fe000000,0x0000000800000000)
[2.214s][debug  ][gc,heap        ] GC(6)  ParOldGen       total 2883584K, used 1106907K [0x0000000740000000, 0x00000007f0000000, 0x00000007f0000000)
[2.214s][debug  ][gc,heap        ] GC(6)   object space 2883584K, 38% used [0x0000000740000000,0x00000007838f6f40,0x00000007f0000000)
[2.214s][debug  ][gc,heap        ] GC(6)  Metaspace       used 1017K, committed 1152K, reserved 1056768K
[2.214s][debug  ][gc,heap        ] GC(6)   class space    used 83K, committed 192K, reserved 1048576K
[2.214s][debug  ][gc,task,time   ] GC(6) VM-Thread 21954323 22123260 22141818
[2.496s][debug  ][gc,heap        ] GC(7) Heap before GC invocations=8 (full 0):
[2.496s][debug  ][gc,heap        ] GC(7)  PSYoungGen      total 229376K, used 219760K [0x00000007f0000000, 0x0000000800000000, 0x0000000800000000)
[2.496s][debug  ][gc,heap        ] GC(7)   eden space 196608K, 95% used [0x00000007f0000000,0x00000007fb7bc308,0x00000007fc000000)
[2.496s][debug  ][gc,heap        ] GC(7)   from space 32768K, 96% used [0x00000007fc000000,0x00000007fdee0030,0x00000007fe000000)
[2.496s][debug  ][gc,heap        ] GC(7)   to   space 32768K, 0% used [0x00000007fe000000,0x00000007fe000000,0x0000000800000000)
[2.496s][debug  ][gc,heap        ] GC(7)  ParOldGen       total 2883584K, used 1106907K [0x0000000740000000, 0x00000007f0000000, 0x00000007f0000000)
[2.496s][debug  ][gc,heap        ] GC(7)   object space 2883584K, 38% used [0x0000000740000000,0x00000007838f6f40,0x00000007f0000000)
[2.496s][debug  ][gc,heap        ] GC(7)  Metaspace       used 1017K, committed 1152K, reserved 1056768K
[2.496s][debug  ][gc,heap        ] GC(7)   class space    used 83K, committed 192K, reserved 1048576K
[2.496s][debug  ][gc,tlab        ] GC(7) TLAB totals: thrds: 1  refills: 1 max: 1 slow allocs: 17 max 17 waste: 27.2% gc: 3916264B max: 3916264B slow: 0B max: 0B
[2.496s][info   ][gc,start       ] GC(7) Pause Young (Allocation Failure)
[2.496s][debug  ][gc,phases,start] GC(7) Scavenge
[2.515s][debug  ][gc,phases      ] GC(7) Scavenge 18.816ms
[2.515s][debug  ][gc,phases,start] GC(7) Reference Processing
[2.515s][debug  ][gc,ref         ] GC(7) Skipped phase 1 of Reference Processing: no references
[2.515s][debug  ][gc,ref         ] GC(7) ReferenceProcessor::execute queues: 1, RefProcThreadModel::Single, marks_oops_alive: false
[2.515s][debug  ][gc,ref         ] GC(7) Skipped phase 3 of Reference Processing: no references
[2.515s][debug  ][gc,ref         ] GC(7) Skipped phase 4 of Reference Processing: no references
[2.515s][debug  ][gc,phases,ref  ] GC(7) Reference Processing: 0.1ms
[2.515s][debug  ][gc,phases,ref  ] GC(7)   Reconsider SoftReferences: 0.0ms
[2.515s][debug  ][gc,phases,ref  ] GC(7)     SoftRef (ms):                  skipped
[2.515s][debug  ][gc,phases,ref  ] GC(7)   Notify Soft/WeakReferences: 0.0ms
[2.515s][debug  ][gc,phases,ref  ] GC(7)     SoftRef (ms):                  Min:  0.0, Avg:  0.0, Max:  0.0, Diff:  0.0, Sum:  0.0, Workers: 10
[2.515s][debug  ][gc,phases,ref  ] GC(7)     WeakRef (ms):                  Min:  0.0, Avg:  0.0, Max:  0.0, Diff:  0.0, Sum:  0.0, Workers: 10
[2.515s][debug  ][gc,phases,ref  ] GC(7)     FinalRef (ms):                 Min:  0.0, Avg:  0.0, Max:  0.0, Diff:  0.0, Sum:  0.0, Workers: 10
[2.515s][debug  ][gc,phases,ref  ] GC(7)     Total (ms):                    Min:  0.0, Avg:  0.0, Max:  0.0, Diff:  0.0, Sum:  0.0, Workers: 10
[2.515s][debug  ][gc,phases,ref  ] GC(7)   Notify and keep alive finalizable: 0.0ms
[2.515s][debug  ][gc,phases,ref  ] GC(7)     FinalRef (ms):                 skipped
[2.515s][debug  ][gc,phases,ref  ] GC(7)   Notify PhantomReferences: 0.0ms
[2.515s][debug  ][gc,phases,ref  ] GC(7)     PhantomRef (ms):               skipped
[2.515s][debug  ][gc,phases,ref  ] GC(7)   SoftReference:
[2.515s][debug  ][gc,phases,ref  ] GC(7)     Discovered: 0
[2.515s][debug  ][gc,phases,ref  ] GC(7)     Cleared: 0
[2.515s][debug  ][gc,phases,ref  ] GC(7)   WeakReference:
[2.515s][debug  ][gc,phases,ref  ] GC(7)     Discovered: 16
[2.515s][debug  ][gc,phases,ref  ] GC(7)     Cleared: 16
[2.515s][debug  ][gc,phases,ref  ] GC(7)   FinalReference:
[2.515s][debug  ][gc,phases,ref  ] GC(7)     Discovered: 0
[2.515s][debug  ][gc,phases,ref  ] GC(7)     Cleared: 0
[2.515s][debug  ][gc,phases,ref  ] GC(7)   PhantomReference:
[2.515s][debug  ][gc,phases,ref  ] GC(7)     Discovered: 0
[2.515s][debug  ][gc,phases,ref  ] GC(7)     Cleared: 0
[2.515s][debug  ][gc,phases      ] GC(7) Reference Processing 0.583ms
[2.515s][debug  ][gc,phases,start] GC(7) Weak Processing
[2.516s][debug  ][gc,phases      ] GC(7)   VM Weak                        Min:  0.0, Avg:  0.0, Max:  0.0, Diff:  0.0, Sum:  0.0, Workers: 6
[2.516s][debug  ][gc,phases      ] GC(7)     Dead                           Min: 0, Avg:  0.0, Max: 0, Diff: 0, Sum: 0, Workers: 6
[2.516s][debug  ][gc,phases      ] GC(7)     Total                          Min: 0, Avg:  1.3, Max: 8, Diff: 8, Sum: 8, Workers: 6
[2.516s][debug  ][gc,phases      ] GC(7)   ObjectSynchronizer Weak        Min:  0.0, Avg:  0.0, Max:  0.0, Diff:  0.0, Sum:  0.0, Workers: 6
[2.516s][debug  ][gc,phases      ] GC(7)     Dead                           Min: 0, Avg:  0.0, Max: 0, Diff: 0, Sum: 0, Workers: 6
[2.516s][debug  ][gc,phases      ] GC(7)     Total                          Min: 0, Avg:  0.5, Max: 3, Diff: 3, Sum: 3, Workers: 6
[2.516s][debug  ][gc,phases      ] GC(7)   JVMTI Tag Weak OopStorage      Min:  0.0, Avg:  0.0, Max:  0.0, Diff:  0.0, Sum:  0.0, Workers: 6
[2.516s][debug  ][gc,phases      ] GC(7)     Dead                           Min: 0, Avg:  0.0, Max: 0, Diff: 0, Sum: 0, Workers: 6
[2.516s][debug  ][gc,phases      ] GC(7)     Total                          Min: 0, Avg:  0.0, Max: 0, Diff: 0, Sum: 0, Workers: 6
[2.516s][debug  ][gc,phases      ] GC(7)   StringTable Weak               Min:  0.0, Avg:  0.0, Max:  0.0, Diff:  0.0, Sum:  0.1, Workers: 6
[2.516s][debug  ][gc,phases      ] GC(7)     Dead                           Min: 0, Avg:  0.0, Max: 0, Diff: 0, Sum: 0, Workers: 6
[2.516s][debug  ][gc,phases      ] GC(7)     Total                          Min: 703, Avg: 892.5, Max: 1152, Diff: 449, Sum: 5355, Workers: 6
[2.516s][debug  ][gc,phases      ] GC(7)   ResolvedMethodTable Weak       Min:  0.0, Avg:  0.0, Max:  0.0, Diff:  0.0, Sum:  0.0, Workers: 6
[2.516s][debug  ][gc,phases      ] GC(7)     Dead                           Min: 0, Avg:  0.0, Max: 0, Diff: 0, Sum: 0, Workers: 6
[2.516s][debug  ][gc,phases      ] GC(7)     Total                          Min: 0, Avg: 21.7, Max: 66, Diff: 66, Sum: 130, Workers: 6
[2.516s][debug  ][gc,phases      ] GC(7)   JNI Weak                       Min:  0.0, Avg:  0.0, Max:  0.0, Diff:  0.0, Sum:  0.0, Workers: 6
[2.516s][debug  ][gc,phases      ] GC(7)     Dead                           Min: 0, Avg:  0.0, Max: 0, Diff: 0, Sum: 0, Workers: 6
[2.516s][debug  ][gc,phases      ] GC(7)     Total                          Min: 0, Avg:  0.0, Max: 0, Diff: 0, Sum: 0, Workers: 6
[2.516s][debug  ][gc,phases      ] GC(7)   StringDedup Table Weak         Min:  0.0, Avg:  0.0, Max:  0.0, Diff:  0.0, Sum:  0.0, Workers: 6
[2.516s][debug  ][gc,phases      ] GC(7)     Dead                           Min: 0, Avg:  0.0, Max: 0, Diff: 0, Sum: 0, Workers: 6
[2.516s][debug  ][gc,phases      ] GC(7)     Total                          Min: 0, Avg:  0.0, Max: 0, Diff: 0, Sum: 0, Workers: 6
[2.516s][debug  ][gc,phases      ] GC(7)   StringDedup Requests0 Weak     Min:  0.0, Avg:  0.0, Max:  0.0, Diff:  0.0, Sum:  0.0, Workers: 6
[2.516s][debug  ][gc,phases      ] GC(7)     Dead                           Min: 0, Avg:  0.0, Max: 0, Diff: 0, Sum: 0, Workers: 6
[2.516s][debug  ][gc,phases      ] GC(7)     Total                          Min: 0, Avg:  0.0, Max: 0, Diff: 0, Sum: 0, Workers: 6
[2.516s][debug  ][gc,phases      ] GC(7)   StringDedup Requests1 Weak     Min:  0.0, Avg:  0.0, Max:  0.0, Diff:  0.0, Sum:  0.0, Workers: 6
[2.516s][debug  ][gc,phases      ] GC(7)     Dead                           Min: 0, Avg:  0.0, Max: 0, Diff: 0, Sum: 0, Workers: 6
[2.516s][debug  ][gc,phases      ] GC(7)     Total                          Min: 0, Avg:  0.0, Max: 0, Diff: 0, Sum: 0, Workers: 6
[2.516s][debug  ][gc,phases      ] GC(7)   Weak JFR Old Object Samples    Min:  0.0, Avg:  0.0, Max:  0.0, Diff:  0.0, Sum:  0.0, Workers: 6
[2.516s][debug  ][gc,phases      ] GC(7)     Dead                           Min: 0, Avg:  0.0, Max: 0, Diff: 0, Sum: 0, Workers: 6
[2.516s][debug  ][gc,phases      ] GC(7)     Total                          Min: 0, Avg:  0.0, Max: 0, Diff: 0, Sum: 0, Workers: 6
[2.516s][debug  ][gc,phases      ] GC(7) Weak Processing 0.676ms
[2.516s][debug  ][gc,ergo        ] GC(7) AdaptiveSizeStart:  collection: 8 
[2.516s][debug  ][gc,ergo        ] GC(7) avg_survived_padded_avg: 33535840.000000
[2.516s][debug  ][gc,ergo        ] GC(7) avg_promoted_padded_avg: 247086288.000000  avg_pretenured_padded_avg: 0.000000  tenuring_thresh: 3  target_size: 33554432
[2.516s][debug  ][gc,age         ] GC(7) Desired survivor size 33554432 bytes, new threshold 3 (max threshold 15)
[2.516s][debug  ][gc,ergo        ] GC(7) PSAdaptiveSizePolicy::compute_eden_space_size limits: desired_eden_size: 402653184 old_eden_size: 201326592 eden_limit: 201326592 cur_eden: 201326592 max_eden_size: 201326592 avg_young_live: 32681064
[2.516s][debug  ][gc,ergo        ] GC(7) PSAdaptiveSizePolicy::compute_eden_space_size: costs minor_time: 0.057790 major_cost: 0.000000 mutator_cost: 0.942210 throughput_goal: 0.990000
[2.516s][debug  ][gc,ergo        ] GC(7) Live_space: 301116512 free_space: 402653184
[2.516s][debug  ][gc,ergo        ] GC(7) Old eden_size: 201326592 desired_eden_size: 201326592
[2.516s][debug  ][gc,ergo        ] GC(7) AdaptiveSizeStop: collection: 8 
[2.516s][info   ][gc,heap        ] GC(7) PSYoungGen: 219760K(229376K)->31168K(229376K) Eden: 188144K(196608K)->0K(196608K) From: 31616K(32768K)->31168K(32768K)
[2.516s][info   ][gc,heap        ] GC(7) ParOldGen: 1106907K(2883584K)->1291775K(2883584K)
[2.516s][info   ][gc,metaspace   ] GC(7) Metaspace: 1017K(1152K)->1017K(1152K) NonClass: 933K(960K)->933K(960K) Class: 83K(192K)->83K(192K)
[2.516s][info   ][gc             ] GC(7) Pause Young (Allocation Failure) 1295M->1291M(3040M) 20.511ms
[2.516s][info   ][gc,cpu         ] GC(7) User=0.03s Sys=0.12s Real=0.02s
[2.517s][debug  ][gc,heap        ] GC(7) Heap after GC invocations=8 (full 0):
[2.517s][debug  ][gc,heap        ] GC(7)  PSYoungGen      total 229376K, used 31168K [0x00000007f0000000, 0x0000000800000000, 0x0000000800000000)
[2.517s][debug  ][gc,heap        ] GC(7)   eden space 196608K, 0% used [0x00000007f0000000,0x00000007f0000000,0x00000007fc000000)
[2.517s][debug  ][gc,heap        ] GC(7)   from space 32768K, 95% used [0x00000007fe000000,0x00000007ffe70030,0x0000000800000000)
[2.517s][debug  ][gc,heap        ] GC(7)   to   space 32768K, 0% used [0x00000007fc000000,0x00000007fc000000,0x00000007fe000000)
[2.517s][debug  ][gc,heap        ] GC(7)  ParOldGen       total 2883584K, used 1291775K [0x0000000740000000, 0x00000007f0000000, 0x00000007f0000000)
[2.517s][debug  ][gc,heap        ] GC(7)   object space 2883584K, 44% used [0x0000000740000000,0x000000078ed7fff0,0x00000007f0000000)
[2.517s][debug  ][gc,heap        ] GC(7)  Metaspace       used 1017K, committed 1152K, reserved 1056768K
[2.517s][debug  ][gc,heap        ] GC(7)   class space    used 83K, committed 192K, reserved 1048576K
[2.517s][debug  ][gc,task,time   ] GC(7) VM-Thread 24954982 25148852 25166893
[2.798s][debug  ][gc,heap        ] GC(8) Heap before GC invocations=9 (full 0):
[2.798s][debug  ][gc,heap        ] GC(8)  PSYoungGen      total 229376K, used 219322K [0x00000007f0000000, 0x0000000800000000, 0x0000000800000000)
[2.798s][debug  ][gc,heap        ] GC(8)   eden space 196608K, 95% used [0x00000007f0000000,0x00000007fb7be9e8,0x00000007fc000000)
[2.798s][debug  ][gc,heap        ] GC(8)   from space 32768K, 95% used [0x00000007fe000000,0x00000007ffe70030,0x0000000800000000)
[2.798s][debug  ][gc,heap        ] GC(8)   to   space 32768K, 0% used [0x00000007fc000000,0x00000007fc000000,0x00000007fe000000)
[2.798s][debug  ][gc,heap        ] GC(8)  ParOldGen       total 2883584K, used 1291775K [0x0000000740000000, 0x00000007f0000000, 0x00000007f0000000)
[2.798s][debug  ][gc,heap        ] GC(8)   object space 2883584K, 44% used [0x0000000740000000,0x000000078ed7fff0,0x00000007f0000000)
[2.798s][debug  ][gc,heap        ] GC(8)  Metaspace       used 1017K, committed 1152K, reserved 1056768K
[2.798s][debug  ][gc,heap        ] GC(8)   class space    used 83K, committed 192K, reserved 1048576K
[2.798s][debug  ][gc,tlab        ] GC(8) TLAB totals: thrds: 1  refills: 1 max: 1 slow allocs: 17 max 17 waste: 27.2% gc: 3926216B max: 3926216B slow: 0B max: 0B
[2.798s][info   ][gc,start       ] GC(8) Pause Young (Allocation Failure)
[2.798s][debug  ][gc,phases,start] GC(8) Scavenge
[2.815s][debug  ][gc,phases      ] GC(8) Scavenge 16.613ms
[2.815s][debug  ][gc,phases,start] GC(8) Reference Processing
[2.815s][debug  ][gc,ref         ] GC(8) Skipped phase 1 of Reference Processing: no references
[2.815s][debug  ][gc,ref         ] GC(8) Skipped phase 2 of Reference Processing: no references
[2.815s][debug  ][gc,ref         ] GC(8) Skipped phase 3 of Reference Processing: no references
[2.815s][debug  ][gc,ref         ] GC(8) Skipped phase 4 of Reference Processing: no references
[2.815s][debug  ][gc,phases,ref  ] GC(8) Reference Processing: 0.1ms
[2.815s][debug  ][gc,phases,ref  ] GC(8)   Reconsider SoftReferences: 0.0ms
[2.815s][debug  ][gc,phases,ref  ] GC(8)     SoftRef (ms):                  skipped
[2.815s][debug  ][gc,phases,ref  ] GC(8)   Notify Soft/WeakReferences: 0.0ms
[2.815s][debug  ][gc,phases,ref  ] GC(8)     SoftRef (ms):                  skipped
[2.815s][debug  ][gc,phases,ref  ] GC(8)     WeakRef (ms):                  skipped
[2.815s][debug  ][gc,phases,ref  ] GC(8)     FinalRef (ms):                 skipped
[2.815s][debug  ][gc,phases,ref  ] GC(8)     Total (ms):                    skipped
[2.815s][debug  ][gc,phases,ref  ] GC(8)   Notify and keep alive finalizable: 0.0ms
[2.815s][debug  ][gc,phases,ref  ] GC(8)     FinalRef (ms):                 skipped
[2.815s][debug  ][gc,phases,ref  ] GC(8)   Notify PhantomReferences: 0.0ms
[2.815s][debug  ][gc,phases,ref  ] GC(8)     PhantomRef (ms):               skipped
[2.815s][debug  ][gc,phases,ref  ] GC(8)   SoftReference:
[2.815s][debug  ][gc,phases,ref  ] GC(8)     Discovered: 0
[2.815s][debug  ][gc,phases,ref  ] GC(8)     Cleared: 0
[2.815s][debug  ][gc,phases,ref  ] GC(8)   WeakReference:
[2.815s][debug  ][gc,phases,ref  ] GC(8)     Discovered: 0
[2.815s][debug  ][gc,phases,ref  ] GC(8)     Cleared: 0
[2.815s][debug  ][gc,phases,ref  ] GC(8)   FinalReference:
[2.815s][debug  ][gc,phases,ref  ] GC(8)     Discovered: 0
[2.815s][debug  ][gc,phases,ref  ] GC(8)     Cleared: 0
[2.815s][debug  ][gc,phases,ref  ] GC(8)   PhantomReference:
[2.815s][debug  ][gc,phases,ref  ] GC(8)     Discovered: 0
[2.815s][debug  ][gc,phases,ref  ] GC(8)     Cleared: 0
[2.815s][debug  ][gc,phases      ] GC(8) Reference Processing 0.569ms
[2.815s][debug  ][gc,phases,start] GC(8) Weak Processing
[2.815s][debug  ][gc,phases      ] GC(8)   VM Weak                        Min:  0.0, Avg:  0.0, Max:  0.0, Diff:  0.0, Sum:  0.0, Workers: 6
[2.815s][debug  ][gc,phases      ] GC(8)     Dead                           Min: 0, Avg:  0.0, Max: 0, Diff: 0, Sum: 0, Workers: 6
[2.815s][debug  ][gc,phases      ] GC(8)     Total                          Min: 0, Avg:  1.3, Max: 8, Diff: 8, Sum: 8, Workers: 6
[2.815s][debug  ][gc,phases      ] GC(8)   ObjectSynchronizer Weak        Min:  0.0, Avg:  0.0, Max:  0.0, Diff:  0.0, Sum:  0.0, Workers: 6
[2.815s][debug  ][gc,phases      ] GC(8)     Dead                           Min: 0, Avg:  0.0, Max: 0, Diff: 0, Sum: 0, Workers: 6
[2.815s][debug  ][gc,phases      ] GC(8)     Total                          Min: 0, Avg:  0.5, Max: 3, Diff: 3, Sum: 3, Workers: 6
[2.815s][debug  ][gc,phases      ] GC(8)   JVMTI Tag Weak OopStorage      Min:  0.0, Avg:  0.0, Max:  0.0, Diff:  0.0, Sum:  0.0, Workers: 6
[2.815s][debug  ][gc,phases      ] GC(8)     Dead                           Min: 0, Avg:  0.0, Max: 0, Diff: 0, Sum: 0, Workers: 6
[2.815s][debug  ][gc,phases      ] GC(8)     Total                          Min: 0, Avg:  0.0, Max: 0, Diff: 0, Sum: 0, Workers: 6
[2.815s][debug  ][gc,phases      ] GC(8)   StringTable Weak               Min:  0.0, Avg:  0.0, Max:  0.0, Diff:  0.0, Sum:  0.1, Workers: 6
[2.815s][debug  ][gc,phases      ] GC(8)     Dead                           Min: 0, Avg:  0.0, Max: 0, Diff: 0, Sum: 0, Workers: 6
[2.815s][debug  ][gc,phases      ] GC(8)     Total                          Min: 767, Avg: 892.5, Max: 1024, Diff: 257, Sum: 5355, Workers: 6
[2.815s][debug  ][gc,phases      ] GC(8)   ResolvedMethodTable Weak       Min:  0.0, Avg:  0.0, Max:  0.0, Diff:  0.0, Sum:  0.0, Workers: 6
[2.815s][debug  ][gc,phases      ] GC(8)     Dead                           Min: 0, Avg:  0.0, Max: 0, Diff: 0, Sum: 0, Workers: 6
[2.816s][debug  ][gc,phases      ] GC(8)     Total                          Min: 0, Avg: 21.7, Max: 66, Diff: 66, Sum: 130, Workers: 6
[2.816s][debug  ][gc,phases      ] GC(8)   JNI Weak                       Min:  0.0, Avg:  0.0, Max:  0.0, Diff:  0.0, Sum:  0.0, Workers: 6
[2.816s][debug  ][gc,phases      ] GC(8)     Dead                           Min: 0, Avg:  0.0, Max: 0, Diff: 0, Sum: 0, Workers: 6
[2.816s][debug  ][gc,phases      ] GC(8)     Total                          Min: 0, Avg:  0.0, Max: 0, Diff: 0, Sum: 0, Workers: 6
[2.816s][debug  ][gc,phases      ] GC(8)   StringDedup Table Weak         Min:  0.0, Avg:  0.0, Max:  0.0, Diff:  0.0, Sum:  0.0, Workers: 6
[2.816s][debug  ][gc,phases      ] GC(8)     Dead                           Min: 0, Avg:  0.0, Max: 0, Diff: 0, Sum: 0, Workers: 6
[2.816s][debug  ][gc,phases      ] GC(8)     Total                          Min: 0, Avg:  0.0, Max: 0, Diff: 0, Sum: 0, Workers: 6
[2.816s][debug  ][gc,phases      ] GC(8)   StringDedup Requests0 Weak     Min:  0.0, Avg:  0.0, Max:  0.0, Diff:  0.0, Sum:  0.0, Workers: 6
[2.816s][debug  ][gc,phases      ] GC(8)     Dead                           Min: 0, Avg:  0.0, Max: 0, Diff: 0, Sum: 0, Workers: 6
[2.816s][debug  ][gc,phases      ] GC(8)     Total                          Min: 0, Avg:  0.0, Max: 0, Diff: 0, Sum: 0, Workers: 6
[2.816s][debug  ][gc,phases      ] GC(8)   StringDedup Requests1 Weak     Min:  0.0, Avg:  0.0, Max:  0.0, Diff:  0.0, Sum:  0.0, Workers: 6
[2.816s][debug  ][gc,phases      ] GC(8)     Dead                           Min: 0, Avg:  0.0, Max: 0, Diff: 0, Sum: 0, Workers: 6
[2.816s][debug  ][gc,phases      ] GC(8)     Total                          Min: 0, Avg:  0.0, Max: 0, Diff: 0, Sum: 0, Workers: 6
[2.816s][debug  ][gc,phases      ] GC(8)   Weak JFR Old Object Samples    Min:  0.0, Avg:  0.0, Max:  0.0, Diff:  0.0, Sum:  0.0, Workers: 6
[2.816s][debug  ][gc,phases      ] GC(8)     Dead                           Min: 0, Avg:  0.0, Max: 0, Diff: 0, Sum: 0, Workers: 6
[2.816s][debug  ][gc,phases      ] GC(8)     Total                          Min: 0, Avg:  0.0, Max: 0, Diff: 0, Sum: 0, Workers: 6
[2.816s][debug  ][gc,phases      ] GC(8) Weak Processing 0.671ms
[2.816s][debug  ][gc,ergo        ] GC(8) AdaptiveSizeStart:  collection: 9 
[2.816s][debug  ][gc,ergo        ] GC(8) avg_survived_padded_avg: 33666612.000000
[2.816s][debug  ][gc,ergo        ] GC(8) avg_promoted_padded_avg: 247534000.000000  avg_pretenured_padded_avg: 0.000000  tenuring_thresh: 2  target_size: 34078720
[2.816s][debug  ][gc,age         ] GC(8) Desired survivor size 34078720 bytes, new threshold 2 (max threshold 15)
[2.816s][debug  ][gc,ergo        ] GC(8) PSAdaptiveSizePolicy::compute_eden_space_size limits: desired_eden_size: 322437120 old_eden_size: 201326592 eden_limit: 201326592 cur_eden: 201326592 max_eden_size: 201326592 avg_young_live: 32546452
[2.816s][debug  ][gc,ergo        ] GC(8) PSAdaptiveSizePolicy::compute_eden_space_size: costs minor_time: 0.058320 major_cost: 0.000000 mutator_cost: 0.941680 throughput_goal: 0.990000
[2.816s][debug  ][gc,ergo        ] GC(8) Live_space: 300981920 free_space: 402653184
[2.816s][debug  ][gc,ergo        ] GC(8) Old eden_size: 201326592 desired_eden_size: 201326592
[2.816s][debug  ][gc,ergo        ] GC(8) AdaptiveSizeStop: collection: 9 
[2.816s][info   ][gc,heap        ] GC(8) PSYoungGen: 219322K(229376K)->30720K(227840K) Eden: 188154K(196608K)->0K(196608K) From: 31168K(32768K)->30720K(31232K)
[2.816s][info   ][gc,heap        ] GC(8) ParOldGen: 1291775K(2883584K)->1476403K(2883584K)
[2.816s][info   ][gc,metaspace   ] GC(8) Metaspace: 1017K(1152K)->1017K(1152K) NonClass: 933K(960K)->933K(960K) Class: 83K(192K)->83K(192K)
[2.816s][info   ][gc             ] GC(8) Pause Young (Allocation Failure) 1475M->1471M(3038M) 18.255ms
[2.816s][info   ][gc,cpu         ] GC(8) User=0.06s Sys=0.08s Real=0.02s
[2.816s][debug  ][gc,heap        ] GC(8) Heap after GC invocations=9 (full 0):
[2.816s][debug  ][gc,heap        ] GC(8)  PSYoungGen      total 227840K, used 30720K [0x00000007f0000000, 0x0000000800000000, 0x0000000800000000)
[2.816s][debug  ][gc,heap        ] GC(8)   eden space 196608K, 0% used [0x00000007f0000000,0x00000007f0000000,0x00000007fc000000)
[2.816s][debug  ][gc,heap        ] GC(8)   from space 31232K, 98% used [0x00000007fc000000,0x00000007fde00030,0x00000007fde80000)
[2.816s][debug  ][gc,heap        ] GC(8)   to   space 33280K, 0% used [0x00000007fdf80000,0x00000007fdf80000,0x0000000800000000)
[2.816s][debug  ][gc,heap        ] GC(8)  ParOldGen       total 2883584K, used 1476403K [0x0000000740000000, 0x00000007f0000000, 0x00000007f0000000)
[2.816s][debug  ][gc,heap        ] GC(8)   object space 2883584K, 51% used [0x0000000740000000,0x000000079a1cccd0,0x00000007f0000000)
[2.816s][debug  ][gc,heap        ] GC(8)  Metaspace       used 1017K, committed 1152K, reserved 1056768K
[2.816s][debug  ][gc,heap        ] GC(8)   class space    used 83K, committed 192K, reserved 1048576K
[2.816s][debug  ][gc,task,time   ] GC(8) VM-Thread 27976043 28145783 28163693
[3.096s][debug  ][gc,heap        ] GC(9) Heap before GC invocations=10 (full 0):
[3.096s][debug  ][gc,heap        ] GC(9)  PSYoungGen      total 227840K, used 218880K [0x00000007f0000000, 0x0000000800000000, 0x0000000800000000)
[3.096s][debug  ][gc,heap        ] GC(9)   eden space 196608K, 95% used [0x00000007f0000000,0x00000007fb7c02e0,0x00000007fc000000)
[3.096s][debug  ][gc,heap        ] GC(9)   from space 31232K, 98% used [0x00000007fc000000,0x00000007fde00030,0x00000007fde80000)
[3.096s][debug  ][gc,heap        ] GC(9)   to   space 33280K, 0% used [0x00000007fdf80000,0x00000007fdf80000,0x0000000800000000)
[3.096s][debug  ][gc,heap        ] GC(9)  ParOldGen       total 2883584K, used 1476403K [0x0000000740000000, 0x00000007f0000000, 0x00000007f0000000)
[3.097s][debug  ][gc,heap        ] GC(9)   object space 2883584K, 51% used [0x0000000740000000,0x000000079a1cccd0,0x00000007f0000000)
[3.097s][debug  ][gc,heap        ] GC(9)  Metaspace       used 1017K, committed 1152K, reserved 1056768K
[3.097s][debug  ][gc,heap        ] GC(9)   class space    used 83K, committed 192K, reserved 1048576K
[3.097s][debug  ][gc,tlab        ] GC(9) TLAB totals: thrds: 1  refills: 1 max: 1 slow allocs: 17 max 17 waste: 27.3% gc: 3932608B max: 3932608B slow: 0B max: 0B
[3.097s][info   ][gc,start       ] GC(9) Pause Young (Allocation Failure)
[3.097s][debug  ][gc,phases,start] GC(9) Scavenge
[3.114s][debug  ][gc,phases      ] GC(9) Scavenge 16.921ms
[3.114s][debug  ][gc,phases,start] GC(9) Reference Processing
[3.114s][debug  ][gc,ref         ] GC(9) Skipped phase 1 of Reference Processing: no references
[3.114s][debug  ][gc,ref         ] GC(9) Skipped phase 2 of Reference Processing: no references
[3.114s][debug  ][gc,ref         ] GC(9) Skipped phase 3 of Reference Processing: no references
[3.114s][debug  ][gc,ref         ] GC(9) Skipped phase 4 of Reference Processing: no references
[3.114s][debug  ][gc,phases,ref  ] GC(9) Reference Processing: 0.1ms
[3.114s][debug  ][gc,phases,ref  ] GC(9)   Reconsider SoftReferences: 0.0ms
[3.114s][debug  ][gc,phases,ref  ] GC(9)     SoftRef (ms):                  skipped
[3.114s][debug  ][gc,phases,ref  ] GC(9)   Notify Soft/WeakReferences: 0.0ms
[3.114s][debug  ][gc,phases,ref  ] GC(9)     SoftRef (ms):                  skipped
[3.114s][debug  ][gc,phases,ref  ] GC(9)     WeakRef (ms):                  skipped
[3.114s][debug  ][gc,phases,ref  ] GC(9)     FinalRef (ms):                 skipped
[3.114s][debug  ][gc,phases,ref  ] GC(9)     Total (ms):                    skipped
[3.114s][debug  ][gc,phases,ref  ] GC(9)   Notify and keep alive finalizable: 0.0ms
[3.114s][debug  ][gc,phases,ref  ] GC(9)     FinalRef (ms):                 skipped
[3.114s][debug  ][gc,phases,ref  ] GC(9)   Notify PhantomReferences: 0.0ms
[3.114s][debug  ][gc,phases,ref  ] GC(9)     PhantomRef (ms):               skipped
[3.114s][debug  ][gc,phases,ref  ] GC(9)   SoftReference:
[3.114s][debug  ][gc,phases,ref  ] GC(9)     Discovered: 0
[3.114s][debug  ][gc,phases,ref  ] GC(9)     Cleared: 0
[3.114s][debug  ][gc,phases,ref  ] GC(9)   WeakReference:
[3.114s][debug  ][gc,phases,ref  ] GC(9)     Discovered: 0
[3.114s][debug  ][gc,phases,ref  ] GC(9)     Cleared: 0
[3.114s][debug  ][gc,phases,ref  ] GC(9)   FinalReference:
[3.114s][debug  ][gc,phases,ref  ] GC(9)     Discovered: 0
[3.114s][debug  ][gc,phases,ref  ] GC(9)     Cleared: 0
[3.114s][debug  ][gc,phases,ref  ] GC(9)   PhantomReference:
[3.114s][debug  ][gc,phases,ref  ] GC(9)     Discovered: 0
[3.114s][debug  ][gc,phases,ref  ] GC(9)     Cleared: 0
[3.114s][debug  ][gc,phases      ] GC(9) Reference Processing 0.700ms
[3.114s][debug  ][gc,phases,start] GC(9) Weak Processing
[3.114s][debug  ][gc,phases      ] GC(9)   VM Weak                        Min:  0.0, Avg:  0.0, Max:  0.0, Diff:  0.0, Sum:  0.0, Workers: 6
[3.114s][debug  ][gc,phases      ] GC(9)     Dead                           Min: 0, Avg:  0.0, Max: 0, Diff: 0, Sum: 0, Workers: 6
[3.114s][debug  ][gc,phases      ] GC(9)     Total                          Min: 0, Avg:  1.3, Max: 8, Diff: 8, Sum: 8, Workers: 6
[3.115s][debug  ][gc,phases      ] GC(9)   ObjectSynchronizer Weak        Min:  0.0, Avg:  0.0, Max:  0.0, Diff:  0.0, Sum:  0.0, Workers: 6
[3.115s][debug  ][gc,phases      ] GC(9)     Dead                           Min: 0, Avg:  0.0, Max: 0, Diff: 0, Sum: 0, Workers: 6
[3.115s][debug  ][gc,phases      ] GC(9)     Total                          Min: 0, Avg:  0.5, Max: 3, Diff: 3, Sum: 3, Workers: 6
[3.115s][debug  ][gc,phases      ] GC(9)   JVMTI Tag Weak OopStorage      Min:  0.0, Avg:  0.0, Max:  0.0, Diff:  0.0, Sum:  0.0, Workers: 6
[3.115s][debug  ][gc,phases      ] GC(9)     Dead                           Min: 0, Avg:  0.0, Max: 0, Diff: 0, Sum: 0, Workers: 6
[3.115s][debug  ][gc,phases      ] GC(9)     Total                          Min: 0, Avg:  0.0, Max: 0, Diff: 0, Sum: 0, Workers: 6
[3.115s][debug  ][gc,phases      ] GC(9)   StringTable Weak               Min:  0.0, Avg:  0.0, Max:  0.0, Diff:  0.0, Sum:  0.0, Workers: 6
[3.115s][debug  ][gc,phases      ] GC(9)     Dead                           Min: 0, Avg:  0.0, Max: 0, Diff: 0, Sum: 0, Workers: 6
[3.115s][debug  ][gc,phases      ] GC(9)     Total                          Min: 704, Avg: 892.5, Max: 1088, Diff: 384, Sum: 5355, Workers: 6
[3.115s][debug  ][gc,phases      ] GC(9)   ResolvedMethodTable Weak       Min:  0.0, Avg:  0.0, Max:  0.0, Diff:  0.0, Sum:  0.0, Workers: 6
[3.115s][debug  ][gc,phases      ] GC(9)     Dead                           Min: 0, Avg:  0.0, Max: 0, Diff: 0, Sum: 0, Workers: 6
[3.115s][debug  ][gc,phases      ] GC(9)     Total                          Min: 0, Avg: 21.7, Max: 64, Diff: 64, Sum: 130, Workers: 6
[3.115s][debug  ][gc,phases      ] GC(9)   JNI Weak                       Min:  0.0, Avg:  0.0, Max:  0.0, Diff:  0.0, Sum:  0.0, Workers: 6
[3.115s][debug  ][gc,phases      ] GC(9)     Dead                           Min: 0, Avg:  0.0, Max: 0, Diff: 0, Sum: 0, Workers: 6
[3.115s][debug  ][gc,phases      ] GC(9)     Total                          Min: 0, Avg:  0.0, Max: 0, Diff: 0, Sum: 0, Workers: 6
[3.115s][debug  ][gc,phases      ] GC(9)   StringDedup Table Weak         Min:  0.0, Avg:  0.0, Max:  0.0, Diff:  0.0, Sum:  0.0, Workers: 6
[3.115s][debug  ][gc,phases      ] GC(9)     Dead                           Min: 0, Avg:  0.0, Max: 0, Diff: 0, Sum: 0, Workers: 6
[3.115s][debug  ][gc,phases      ] GC(9)     Total                          Min: 0, Avg:  0.0, Max: 0, Diff: 0, Sum: 0, Workers: 6
[3.115s][debug  ][gc,phases      ] GC(9)   StringDedup Requests0 Weak     Min:  0.0, Avg:  0.0, Max:  0.0, Diff:  0.0, Sum:  0.0, Workers: 6
[3.115s][debug  ][gc,phases      ] GC(9)     Dead                           Min: 0, Avg:  0.0, Max: 0, Diff: 0, Sum: 0, Workers: 6
[3.115s][debug  ][gc,phases      ] GC(9)     Total                          Min: 0, Avg:  0.0, Max: 0, Diff: 0, Sum: 0, Workers: 6
[3.115s][debug  ][gc,phases      ] GC(9)   StringDedup Requests1 Weak     Min:  0.0, Avg:  0.0, Max:  0.0, Diff:  0.0, Sum:  0.0, Workers: 6
[3.115s][debug  ][gc,phases      ] GC(9)     Dead                           Min: 0, Avg:  0.0, Max: 0, Diff: 0, Sum: 0, Workers: 6
[3.115s][debug  ][gc,phases      ] GC(9)     Total                          Min: 0, Avg:  0.0, Max: 0, Diff: 0, Sum: 0, Workers: 6
[3.115s][debug  ][gc,phases      ] GC(9)   Weak JFR Old Object Samples    Min:  0.0, Avg:  0.0, Max:  0.0, Diff:  0.0, Sum:  0.0, Workers: 6
[3.115s][debug  ][gc,phases      ] GC(9)     Dead                           Min: 0, Avg:  0.0, Max: 0, Diff: 0, Sum: 0, Workers: 6
[3.115s][debug  ][gc,phases      ] GC(9)     Total                          Min: 0, Avg:  0.0, Max: 0, Diff: 0, Sum: 0, Workers: 6
[3.115s][debug  ][gc,phases      ] GC(9) Weak Processing 0.707ms
[3.115s][debug  ][gc,ergo        ] GC(9) AdaptiveSizeStart:  collection: 10 
[3.115s][debug  ][gc,ergo        ] GC(9) avg_survived_padded_avg: 33739748.000000
[3.115s][debug  ][gc,ergo        ] GC(9) avg_promoted_padded_avg: 247158944.000000  avg_pretenured_padded_avg: 0.000000  tenuring_thresh: 1  target_size: 34078720
[3.115s][debug  ][gc,age         ] GC(9) Desired survivor size 34078720 bytes, new threshold 1 (max threshold 15)
[3.115s][debug  ][gc,ergo        ] GC(9) PSAdaptiveSizePolicy::compute_eden_space_size limits: desired_eden_size: 322437120 old_eden_size: 201326592 eden_limit: 202375168 cur_eden: 201326592 max_eden_size: 202375168 avg_young_live: 32437538
[3.115s][debug  ][gc,ergo        ] GC(9) PSAdaptiveSizePolicy::compute_eden_space_size: costs minor_time: 0.059134 major_cost: 0.000000 mutator_cost: 0.940866 throughput_goal: 0.990000
[3.115s][debug  ][gc,ergo        ] GC(9) Live_space: 300872992 free_space: 402653184
[3.115s][debug  ][gc,ergo        ] GC(9) Old eden_size: 201326592 desired_eden_size: 202375168
[3.115s][debug  ][gc,ergo        ] GC(9) AdaptiveSizeStop: collection: 10 
[3.115s][info   ][gc,heap        ] GC(9) PSYoungGen: 218880K(227840K)->30720K(228864K) Eden: 188160K(196608K)->0K(195584K) From: 30720K(31232K)->30720K(33280K)
[3.115s][info   ][gc,heap        ] GC(9) ParOldGen: 1476403K(2883584K)->1660723K(2883584K)
[3.115s][info   ][gc,metaspace   ] GC(9) Metaspace: 1017K(1152K)->1017K(1152K) NonClass: 933K(960K)->933K(960K) Class: 83K(192K)->83K(192K)
[3.115s][info   ][gc             ] GC(9) Pause Young (Allocation Failure) 1655M->1651M(3039M) 18.731ms
[3.115s][info   ][gc,cpu         ] GC(9) User=0.14s Sys=0.08s Real=0.02s
[3.115s][debug  ][gc,heap        ] GC(9) Heap after GC invocations=10 (full 0):
[3.115s][debug  ][gc,heap        ] GC(9)  PSYoungGen      total 228864K, used 30720K [0x00000007f0000000, 0x0000000800000000, 0x0000000800000000)
[3.115s][debug  ][gc,heap        ] GC(9)   eden space 195584K, 0% used [0x00000007f0000000,0x00000007f0000000,0x00000007fbf00000)
[3.115s][debug  ][gc,heap        ] GC(9)   from space 33280K, 92% used [0x00000007fdf80000,0x00000007ffd80030,0x0000000800000000)
[3.115s][debug  ][gc,heap        ] GC(9)   to   space 33280K, 0% used [0x00000007fbf00000,0x00000007fbf00000,0x00000007fdf80000)
[3.116s][debug  ][gc,heap        ] GC(9)  ParOldGen       total 2883584K, used 1660723K [0x0000000740000000, 0x00000007f0000000, 0x00000007f0000000)
[3.116s][debug  ][gc,heap        ] GC(9)   object space 2883584K, 57% used [0x0000000740000000,0x00000007a55ccdf0,0x00000007f0000000)
[3.116s][debug  ][gc,heap        ] GC(9)  Metaspace       used 1017K, committed 1152K, reserved 1056768K
[3.116s][debug  ][gc,heap        ] GC(9)   class space    used 83K, committed 192K, reserved 1048576K
[3.116s][debug  ][gc,task,time   ] GC(9) VM-Thread 30963275 31136483 31156022
[3.397s][debug  ][gc,heap        ] GC(10) Heap before GC invocations=11 (full 0):
[3.398s][debug  ][gc,heap        ] GC(10)  PSYoungGen      total 228864K, used 218864K [0x00000007f0000000, 0x0000000800000000, 0x0000000800000000)
[3.398s][debug  ][gc,heap        ] GC(10)   eden space 195584K, 96% used [0x00000007f0000000,0x00000007fb7bc2d0,0x00000007fbf00000)
[3.398s][debug  ][gc,heap        ] GC(10)   from space 33280K, 92% used [0x00000007fdf80000,0x00000007ffd80030,0x0000000800000000)
[3.398s][debug  ][gc,heap        ] GC(10)   to   space 33280K, 0% used [0x00000007fbf00000,0x00000007fbf00000,0x00000007fdf80000)
[3.398s][debug  ][gc,heap        ] GC(10)  ParOldGen       total 2883584K, used 1660723K [0x0000000740000000, 0x00000007f0000000, 0x00000007f0000000)
[3.398s][debug  ][gc,heap        ] GC(10)   object space 2883584K, 57% used [0x0000000740000000,0x00000007a55ccdf0,0x00000007f0000000)
[3.398s][debug  ][gc,heap        ] GC(10)  Metaspace       used 1018K, committed 1152K, reserved 1056768K
[3.398s][debug  ][gc,heap        ] GC(10)   class space    used 83K, committed 192K, reserved 1048576K
[3.398s][debug  ][gc,tlab        ] GC(10) TLAB totals: thrds: 1  refills: 1 max: 1 slow allocs: 17 max 17 waste: 27.2% gc: 3916208B max: 3916208B slow: 0B max: 0B
[3.398s][info   ][gc,start       ] GC(10) Pause Young (Allocation Failure)
[3.398s][debug  ][gc,phases,start] GC(10) Scavenge
[3.417s][debug  ][gc,phases      ] GC(10) Scavenge 18.820ms
[3.417s][debug  ][gc,phases,start] GC(10) Reference Processing
[3.417s][debug  ][gc,ref         ] GC(10) Skipped phase 1 of Reference Processing: no references
[3.417s][debug  ][gc,ref         ] GC(10) Skipped phase 2 of Reference Processing: no references
[3.417s][debug  ][gc,ref         ] GC(10) Skipped phase 3 of Reference Processing: no references
[3.417s][debug  ][gc,ref         ] GC(10) Skipped phase 4 of Reference Processing: no references
[3.417s][debug  ][gc,phases,ref  ] GC(10) Reference Processing: 0.1ms
[3.417s][debug  ][gc,phases,ref  ] GC(10)   Reconsider SoftReferences: 0.0ms
[3.417s][debug  ][gc,phases,ref  ] GC(10)     SoftRef (ms):                  skipped
[3.417s][debug  ][gc,phases,ref  ] GC(10)   Notify Soft/WeakReferences: 0.0ms
[3.417s][debug  ][gc,phases,ref  ] GC(10)     SoftRef (ms):                  skipped
[3.417s][debug  ][gc,phases,ref  ] GC(10)     WeakRef (ms):                  skipped
[3.417s][debug  ][gc,phases,ref  ] GC(10)     FinalRef (ms):                 skipped
[3.417s][debug  ][gc,phases,ref  ] GC(10)     Total (ms):                    skipped
[3.417s][debug  ][gc,phases,ref  ] GC(10)   Notify and keep alive finalizable: 0.0ms
[3.417s][debug  ][gc,phases,ref  ] GC(10)     FinalRef (ms):                 skipped
[3.417s][debug  ][gc,phases,ref  ] GC(10)   Notify PhantomReferences: 0.0ms
[3.417s][debug  ][gc,phases,ref  ] GC(10)     PhantomRef (ms):               skipped
[3.417s][debug  ][gc,phases,ref  ] GC(10)   SoftReference:
[3.417s][debug  ][gc,phases,ref  ] GC(10)     Discovered: 0
[3.417s][debug  ][gc,phases,ref  ] GC(10)     Cleared: 0
[3.417s][debug  ][gc,phases,ref  ] GC(10)   WeakReference:
[3.417s][debug  ][gc,phases,ref  ] GC(10)     Discovered: 0
[3.417s][debug  ][gc,phases,ref  ] GC(10)     Cleared: 0
[3.417s][debug  ][gc,phases,ref  ] GC(10)   FinalReference:
[3.417s][debug  ][gc,phases,ref  ] GC(10)     Discovered: 0
[3.417s][debug  ][gc,phases,ref  ] GC(10)     Cleared: 0
[3.417s][debug  ][gc,phases,ref  ] GC(10)   PhantomReference:
[3.417s][debug  ][gc,phases,ref  ] GC(10)     Discovered: 0
[3.418s][debug  ][gc,phases,ref  ] GC(10)     Cleared: 0
[3.418s][debug  ][gc,phases      ] GC(10) Reference Processing 0.562ms
[3.418s][debug  ][gc,phases,start] GC(10) Weak Processing
[3.418s][debug  ][gc,phases      ] GC(10)   VM Weak                        Min:  0.0, Avg:  0.0, Max:  0.0, Diff:  0.0, Sum:  0.0, Workers: 6
[3.418s][debug  ][gc,phases      ] GC(10)     Dead                           Min: 0, Avg:  0.0, Max: 0, Diff: 0, Sum: 0, Workers: 6
[3.418s][debug  ][gc,phases      ] GC(10)     Total                          Min: 0, Avg:  1.3, Max: 8, Diff: 8, Sum: 8, Workers: 6
[3.418s][debug  ][gc,phases      ] GC(10)   ObjectSynchronizer Weak        Min:  0.0, Avg:  0.0, Max:  0.0, Diff:  0.0, Sum:  0.0, Workers: 6
[3.418s][debug  ][gc,phases      ] GC(10)     Dead                           Min: 0, Avg:  0.0, Max: 0, Diff: 0, Sum: 0, Workers: 6
[3.418s][debug  ][gc,phases      ] GC(10)     Total                          Min: 0, Avg:  0.5, Max: 3, Diff: 3, Sum: 3, Workers: 6
[3.418s][debug  ][gc,phases      ] GC(10)   JVMTI Tag Weak OopStorage      Min:  0.0, Avg:  0.0, Max:  0.0, Diff:  0.0, Sum:  0.0, Workers: 6
[3.418s][debug  ][gc,phases      ] GC(10)     Dead                           Min: 0, Avg:  0.0, Max: 0, Diff: 0, Sum: 0, Workers: 6
[3.418s][debug  ][gc,phases      ] GC(10)     Total                          Min: 0, Avg:  0.0, Max: 0, Diff: 0, Sum: 0, Workers: 6
[3.418s][debug  ][gc,phases      ] GC(10)   StringTable Weak               Min:  0.0, Avg:  0.0, Max:  0.0, Diff:  0.0, Sum:  0.0, Workers: 6
[3.418s][debug  ][gc,phases      ] GC(10)     Dead                           Min: 0, Avg:  0.0, Max: 0, Diff: 0, Sum: 0, Workers: 6
[3.418s][debug  ][gc,phases      ] GC(10)     Total                          Min: 767, Avg: 892.5, Max: 1152, Diff: 385, Sum: 5355, Workers: 6
[3.418s][debug  ][gc,phases      ] GC(10)   ResolvedMethodTable Weak       Min:  0.0, Avg:  0.0, Max:  0.0, Diff:  0.0, Sum:  0.0, Workers: 6
[3.418s][debug  ][gc,phases      ] GC(10)     Dead                           Min: 0, Avg:  0.0, Max: 0, Diff: 0, Sum: 0, Workers: 6
[3.418s][debug  ][gc,phases      ] GC(10)     Total                          Min: 0, Avg: 21.7, Max: 64, Diff: 64, Sum: 130, Workers: 6
[3.418s][debug  ][gc,phases      ] GC(10)   JNI Weak                       Min:  0.0, Avg:  0.0, Max:  0.0, Diff:  0.0, Sum:  0.0, Workers: 6
[3.418s][debug  ][gc,phases      ] GC(10)     Dead                           Min: 0, Avg:  0.0, Max: 0, Diff: 0, Sum: 0, Workers: 6
[3.418s][debug  ][gc,phases      ] GC(10)     Total                          Min: 0, Avg:  0.0, Max: 0, Diff: 0, Sum: 0, Workers: 6
[3.418s][debug  ][gc,phases      ] GC(10)   StringDedup Table Weak         Min:  0.0, Avg:  0.0, Max:  0.0, Diff:  0.0, Sum:  0.0, Workers: 6
[3.418s][debug  ][gc,phases      ] GC(10)     Dead                           Min: 0, Avg:  0.0, Max: 0, Diff: 0, Sum: 0, Workers: 6
[3.418s][debug  ][gc,phases      ] GC(10)     Total                          Min: 0, Avg:  0.0, Max: 0, Diff: 0, Sum: 0, Workers: 6
[3.418s][debug  ][gc,phases      ] GC(10)   StringDedup Requests0 Weak     Min:  0.0, Avg:  0.0, Max:  0.0, Diff:  0.0, Sum:  0.0, Workers: 6
[3.418s][debug  ][gc,phases      ] GC(10)     Dead                           Min: 0, Avg:  0.0, Max: 0, Diff: 0, Sum: 0, Workers: 6
[3.418s][debug  ][gc,phases      ] GC(10)     Total                          Min: 0, Avg:  0.0, Max: 0, Diff: 0, Sum: 0, Workers: 6
[3.418s][debug  ][gc,phases      ] GC(10)   StringDedup Requests1 Weak     Min:  0.0, Avg:  0.0, Max:  0.0, Diff:  0.0, Sum:  0.0, Workers: 6
[3.418s][debug  ][gc,phases      ] GC(10)     Dead                           Min: 0, Avg:  0.0, Max: 0, Diff: 0, Sum: 0, Workers: 6
[3.418s][debug  ][gc,phases      ] GC(10)     Total                          Min: 0, Avg:  0.0, Max: 0, Diff: 0, Sum: 0, Workers: 6
[3.418s][debug  ][gc,phases      ] GC(10)   Weak JFR Old Object Samples    Min:  0.0, Avg:  0.0, Max:  0.0, Diff:  0.0, Sum:  0.0, Workers: 6
[3.418s][debug  ][gc,phases      ] GC(10)     Dead                           Min: 0, Avg:  0.0, Max: 0, Diff: 0, Sum: 0, Workers: 6
[3.418s][debug  ][gc,phases      ] GC(10)     Total                          Min: 0, Avg:  0.0, Max: 0, Diff: 0, Sum: 0, Workers: 6
[3.418s][debug  ][gc,phases      ] GC(10) Weak Processing 0.665ms
[3.418s][debug  ][gc,ergo        ] GC(10) AdaptiveSizeStart:  collection: 11 
[3.418s][debug  ][gc,ergo        ] GC(10) avg_survived_padded_avg: 33776160.000000
[3.418s][debug  ][gc,ergo        ] GC(10) avg_promoted_padded_avg: 246271024.000000  avg_pretenured_padded_avg: 0.000000  tenuring_thresh: 1  target_size: 34078720
[3.418s][debug  ][gc,age         ] GC(10) Desired survivor size 34078720 bytes, new threshold 1 (max threshold 15)
[3.418s][debug  ][gc,ergo        ] GC(10) PSAdaptiveSizePolicy::compute_eden_space_size limits: desired_eden_size: 320864256 old_eden_size: 202375168 eden_limit: 200278016 cur_eden: 200278016 max_eden_size: 200278016 avg_young_live: 32339516
[3.418s][debug  ][gc,ergo        ] GC(10) PSAdaptiveSizePolicy::compute_eden_space_size: costs minor_time: 0.060978 major_cost: 0.000000 mutator_cost: 0.939022 throughput_goal: 0.990000
[3.418s][debug  ][gc,ergo        ] GC(10) Live_space: 300774976 free_space: 403701760
[3.418s][debug  ][gc,ergo        ] GC(10) Old eden_size: 202375168 desired_eden_size: 200278016
[3.418s][debug  ][gc,ergo        ] GC(10) AdaptiveSizeStop: collection: 11 
[3.418s][info   ][gc,heap        ] GC(10) PSYoungGen: 218864K(228864K)->30720K(228864K) Eden: 188144K(195584K)->0K(195584K) From: 30720K(33280K)->30720K(33280K)
[3.418s][info   ][gc,heap        ] GC(10) ParOldGen: 1660723K(2883584K)->1845043K(2883584K)
[3.418s][info   ][gc,metaspace   ] GC(10) Metaspace: 1018K(1152K)->1018K(1152K) NonClass: 935K(960K)->935K(960K) Class: 83K(192K)->83K(192K)
[3.419s][info   ][gc             ] GC(10) Pause Young (Allocation Failure) 1835M->1831M(3039M) 20.489ms
[3.419s][info   ][gc,cpu         ] GC(10) User=0.02s Sys=0.14s Real=0.02s
[3.419s][debug  ][gc,heap        ] GC(10) Heap after GC invocations=11 (full 0):
[3.419s][debug  ][gc,heap        ] GC(10)  PSYoungGen      total 228864K, used 30720K [0x00000007f0000000, 0x0000000800000000, 0x0000000800000000)
[3.419s][debug  ][gc,heap        ] GC(10)   eden space 195584K, 0% used [0x00000007f0000000,0x00000007f0000000,0x00000007fbf00000)
[3.419s][debug  ][gc,heap        ] GC(10)   from space 33280K, 92% used [0x00000007fbf00000,0x00000007fdd00030,0x00000007fdf80000)
[3.419s][debug  ][gc,heap        ] GC(10)   to   space 33280K, 0% used [0x00000007fdf80000,0x00000007fdf80000,0x0000000800000000)
[3.419s][debug  ][gc,heap        ] GC(10)  ParOldGen       total 2883584K, used 1845043K [0x0000000740000000, 0x00000007f0000000, 0x00000007f0000000)
[3.419s][debug  ][gc,heap        ] GC(10)   object space 2883584K, 63% used [0x0000000740000000,0x00000007b09ccf10,0x00000007f0000000)
[3.419s][debug  ][gc,heap        ] GC(10)  Metaspace       used 1018K, committed 1152K, reserved 1056768K
[3.419s][debug  ][gc,heap        ] GC(10)   class space    used 83K, committed 192K, reserved 1048576K
[3.419s][debug  ][gc,task,time   ] GC(10) VM-Thread 33974172 34169627 34187387
[3.698s][debug  ][gc,heap        ] GC(11) Heap before GC invocations=12 (full 0):
[3.698s][debug  ][gc,heap        ] GC(11)  PSYoungGen      total 228864K, used 218867K [0x00000007f0000000, 0x0000000800000000, 0x0000000800000000)
[3.698s][debug  ][gc,heap        ] GC(11)   eden space 195584K, 96% used [0x00000007f0000000,0x00000007fb7bcda8,0x00000007fbf00000)
[3.698s][debug  ][gc,heap        ] GC(11)   from space 33280K, 92% used [0x00000007fbf00000,0x00000007fdd00030,0x00000007fdf80000)
[3.698s][debug  ][gc,heap        ] GC(11)   to   space 33280K, 0% used [0x00000007fdf80000,0x00000007fdf80000,0x0000000800000000)
[3.698s][debug  ][gc,heap        ] GC(11)  ParOldGen       total 2883584K, used 1845043K [0x0000000740000000, 0x00000007f0000000, 0x00000007f0000000)
[3.698s][debug  ][gc,heap        ] GC(11)   object space 2883584K, 63% used [0x0000000740000000,0x00000007b09ccf10,0x00000007f0000000)
[3.698s][debug  ][gc,heap        ] GC(11)  Metaspace       used 1018K, committed 1152K, reserved 1056768K
[3.698s][debug  ][gc,heap        ] GC(11)   class space    used 83K, committed 192K, reserved 1048576K
[3.698s][debug  ][gc,tlab        ] GC(11) TLAB totals: thrds: 1  refills: 1 max: 1 slow allocs: 17 max 17 waste: 27.2% gc: 3917816B max: 3917816B slow: 0B max: 0B
[3.698s][info   ][gc,start       ] GC(11) Pause Young (Allocation Failure)
[3.698s][debug  ][gc,phases,start] GC(11) Scavenge
[3.713s][debug  ][gc,phases      ] GC(11) Scavenge 15.008ms
[3.713s][debug  ][gc,phases,start] GC(11) Reference Processing
[3.713s][debug  ][gc,ref         ] GC(11) Skipped phase 1 of Reference Processing: no references
[3.713s][debug  ][gc,ref         ] GC(11) Skipped phase 2 of Reference Processing: no references
[3.713s][debug  ][gc,ref         ] GC(11) Skipped phase 3 of Reference Processing: no references
[3.713s][debug  ][gc,ref         ] GC(11) Skipped phase 4 of Reference Processing: no references
[3.713s][debug  ][gc,phases,ref  ] GC(11) Reference Processing: 0.1ms
[3.713s][debug  ][gc,phases,ref  ] GC(11)   Reconsider SoftReferences: 0.0ms
[3.713s][debug  ][gc,phases,ref  ] GC(11)     SoftRef (ms):                  skipped
[3.713s][debug  ][gc,phases,ref  ] GC(11)   Notify Soft/WeakReferences: 0.0ms
[3.713s][debug  ][gc,phases,ref  ] GC(11)     SoftRef (ms):                  skipped
[3.713s][debug  ][gc,phases,ref  ] GC(11)     WeakRef (ms):                  skipped
[3.713s][debug  ][gc,phases,ref  ] GC(11)     FinalRef (ms):                 skipped
[3.713s][debug  ][gc,phases,ref  ] GC(11)     Total (ms):                    skipped
[3.713s][debug  ][gc,phases,ref  ] GC(11)   Notify and keep alive finalizable: 0.0ms
[3.713s][debug  ][gc,phases,ref  ] GC(11)     FinalRef (ms):                 skipped
[3.713s][debug  ][gc,phases,ref  ] GC(11)   Notify PhantomReferences: 0.0ms
[3.714s][debug  ][gc,phases,ref  ] GC(11)     PhantomRef (ms):               skipped
[3.714s][debug  ][gc,phases,ref  ] GC(11)   SoftReference:
[3.714s][debug  ][gc,phases,ref  ] GC(11)     Discovered: 0
[3.714s][debug  ][gc,phases,ref  ] GC(11)     Cleared: 0
[3.714s][debug  ][gc,phases,ref  ] GC(11)   WeakReference:
[3.714s][debug  ][gc,phases,ref  ] GC(11)     Discovered: 0
[3.714s][debug  ][gc,phases,ref  ] GC(11)     Cleared: 0
[3.714s][debug  ][gc,phases,ref  ] GC(11)   FinalReference:
[3.714s][debug  ][gc,phases,ref  ] GC(11)     Discovered: 0
[3.714s][debug  ][gc,phases,ref  ] GC(11)     Cleared: 0
[3.714s][debug  ][gc,phases,ref  ] GC(11)   PhantomReference:
[3.714s][debug  ][gc,phases,ref  ] GC(11)     Discovered: 0
[3.714s][debug  ][gc,phases,ref  ] GC(11)     Cleared: 0
[3.714s][debug  ][gc,phases      ] GC(11) Reference Processing 0.684ms
[3.714s][debug  ][gc,phases,start] GC(11) Weak Processing
[3.714s][debug  ][gc,phases      ] GC(11)   VM Weak                        Min:  0.0, Avg:  0.0, Max:  0.0, Diff:  0.0, Sum:  0.0, Workers: 6
[3.714s][debug  ][gc,phases      ] GC(11)     Dead                           Min: 0, Avg:  0.0, Max: 0, Diff: 0, Sum: 0, Workers: 6
[3.714s][debug  ][gc,phases      ] GC(11)     Total                          Min: 0, Avg:  1.3, Max: 8, Diff: 8, Sum: 8, Workers: 6
[3.714s][debug  ][gc,phases      ] GC(11)   ObjectSynchronizer Weak        Min:  0.0, Avg:  0.0, Max:  0.0, Diff:  0.0, Sum:  0.0, Workers: 6
[3.714s][debug  ][gc,phases      ] GC(11)     Dead                           Min: 0, Avg:  0.0, Max: 0, Diff: 0, Sum: 0, Workers: 6
[3.714s][debug  ][gc,phases      ] GC(11)     Total                          Min: 0, Avg:  0.5, Max: 3, Diff: 3, Sum: 3, Workers: 6
[3.714s][debug  ][gc,phases      ] GC(11)   JVMTI Tag Weak OopStorage      Min:  0.0, Avg:  0.0, Max:  0.0, Diff:  0.0, Sum:  0.0, Workers: 6
[3.714s][debug  ][gc,phases      ] GC(11)     Dead                           Min: 0, Avg:  0.0, Max: 0, Diff: 0, Sum: 0, Workers: 6
[3.714s][debug  ][gc,phases      ] GC(11)     Total                          Min: 0, Avg:  0.0, Max: 0, Diff: 0, Sum: 0, Workers: 6
[3.714s][debug  ][gc,phases      ] GC(11)   StringTable Weak               Min:  0.0, Avg:  0.0, Max:  0.0, Diff:  0.0, Sum:  0.0, Workers: 6
[3.714s][debug  ][gc,phases      ] GC(11)     Dead                           Min: 0, Avg:  0.0, Max: 0, Diff: 0, Sum: 0, Workers: 6
[3.714s][debug  ][gc,phases      ] GC(11)     Total                          Min: 0, Avg: 892.5, Max: 1280, Diff: 1280, Sum: 5355, Workers: 6
[3.714s][debug  ][gc,phases      ] GC(11)   ResolvedMethodTable Weak       Min:  0.0, Avg:  0.0, Max:  0.0, Diff:  0.0, Sum:  0.0, Workers: 6
[3.714s][debug  ][gc,phases      ] GC(11)     Dead                           Min: 0, Avg:  0.0, Max: 0, Diff: 0, Sum: 0, Workers: 6
[3.714s][debug  ][gc,phases      ] GC(11)     Total                          Min: 0, Avg: 21.7, Max: 64, Diff: 64, Sum: 130, Workers: 6
[3.714s][debug  ][gc,phases      ] GC(11)   JNI Weak                       Min:  0.0, Avg:  0.0, Max:  0.0, Diff:  0.0, Sum:  0.0, Workers: 6
[3.714s][debug  ][gc,phases      ] GC(11)     Dead                           Min: 0, Avg:  0.0, Max: 0, Diff: 0, Sum: 0, Workers: 6
[3.714s][debug  ][gc,phases      ] GC(11)     Total                          Min: 0, Avg:  0.0, Max: 0, Diff: 0, Sum: 0, Workers: 6
[3.714s][debug  ][gc,phases      ] GC(11)   StringDedup Table Weak         Min:  0.0, Avg:  0.0, Max:  0.0, Diff:  0.0, Sum:  0.0, Workers: 6
[3.714s][debug  ][gc,phases      ] GC(11)     Dead                           Min: 0, Avg:  0.0, Max: 0, Diff: 0, Sum: 0, Workers: 6
[3.714s][debug  ][gc,phases      ] GC(11)     Total                          Min: 0, Avg:  0.0, Max: 0, Diff: 0, Sum: 0, Workers: 6
[3.714s][debug  ][gc,phases      ] GC(11)   StringDedup Requests0 Weak     Min:  0.0, Avg:  0.0, Max:  0.0, Diff:  0.0, Sum:  0.0, Workers: 6
[3.714s][debug  ][gc,phases      ] GC(11)     Dead                           Min: 0, Avg:  0.0, Max: 0, Diff: 0, Sum: 0, Workers: 6
[3.714s][debug  ][gc,phases      ] GC(11)     Total                          Min: 0, Avg:  0.0, Max: 0, Diff: 0, Sum: 0, Workers: 6
[3.714s][debug  ][gc,phases      ] GC(11)   StringDedup Requests1 Weak     Min:  0.0, Avg:  0.0, Max:  0.0, Diff:  0.0, Sum:  0.0, Workers: 6
[3.714s][debug  ][gc,phases      ] GC(11)     Dead                           Min: 0, Avg:  0.0, Max: 0, Diff: 0, Sum: 0, Workers: 6
[3.714s][debug  ][gc,phases      ] GC(11)     Total                          Min: 0, Avg:  0.0, Max: 0, Diff: 0, Sum: 0, Workers: 6
[3.715s][debug  ][gc,phases      ] GC(11)   Weak JFR Old Object Samples    Min:  0.0, Avg:  0.0, Max:  0.0, Diff:  0.0, Sum:  0.0, Workers: 6
[3.715s][debug  ][gc,phases      ] GC(11)     Dead                           Min: 0, Avg:  0.0, Max: 0, Diff: 0, Sum: 0, Workers: 6
[3.715s][debug  ][gc,phases      ] GC(11)     Total                          Min: 0, Avg:  0.0, Max: 0, Diff: 0, Sum: 0, Workers: 6
[3.715s][debug  ][gc,phases      ] GC(11) Weak Processing 0.731ms
[3.715s][debug  ][gc,ergo        ] GC(11) AdaptiveSizeStart:  collection: 12 
[3.715s][debug  ][gc,ergo        ] GC(11) avg_survived_padded_avg: 33782464.000000
[3.715s][debug  ][gc,ergo        ] GC(11) avg_promoted_padded_avg: 246755584.000000  avg_pretenured_padded_avg: 0.000000  tenuring_thresh: 1  target_size: 34078720
[3.715s][debug  ][gc,age         ] GC(11) Desired survivor size 34078720 bytes, new threshold 1 (max threshold 15)
[3.715s][debug  ][gc,ergo        ] GC(11) PSAdaptiveSizePolicy::compute_eden_space_size limits: desired_eden_size: 320864256 old_eden_size: 200278016 eden_limit: 200278016 cur_eden: 200278016 max_eden_size: 200278016 avg_young_live: 32251296
[3.715s][debug  ][gc,ergo        ] GC(11) PSAdaptiveSizePolicy::compute_eden_space_size: costs minor_time: 0.059692 major_cost: 0.000000 mutator_cost: 0.940308 throughput_goal: 0.990000
[3.715s][debug  ][gc,ergo        ] GC(11) Live_space: 300686752 free_space: 401604608
[3.715s][debug  ][gc,ergo        ] GC(11) Old eden_size: 200278016 desired_eden_size: 200278016
[3.715s][debug  ][gc,ergo        ] GC(11) AdaptiveSizeStop: collection: 12 
[3.715s][info   ][gc,heap        ] GC(11) PSYoungGen: 218867K(228864K)->30720K(228864K) Eden: 188147K(195584K)->0K(195584K) From: 30720K(33280K)->30720K(33280K)
[3.715s][info   ][gc,heap        ] GC(11) ParOldGen: 1845043K(2883584K)->1967923K(2883584K)
[3.715s][info   ][gc,metaspace   ] GC(11) Metaspace: 1018K(1152K)->1018K(1152K) NonClass: 935K(960K)->935K(960K) Class: 83K(192K)->83K(192K)
[3.715s][info   ][gc             ] GC(11) Pause Young (Allocation Failure) 2015M->1951M(3039M) 16.856ms
[3.715s][info   ][gc,cpu         ] GC(11) User=0.02s Sys=0.14s Real=0.02s
[3.715s][debug  ][gc,heap        ] GC(11) Heap after GC invocations=12 (full 0):
[3.715s][debug  ][gc,heap        ] GC(11)  PSYoungGen      total 228864K, used 30720K [0x00000007f0000000, 0x0000000800000000, 0x0000000800000000)
[3.715s][debug  ][gc,heap        ] GC(11)   eden space 195584K, 0% used [0x00000007f0000000,0x00000007f0000000,0x00000007fbf00000)
[3.715s][debug  ][gc,heap        ] GC(11)   from space 33280K, 92% used [0x00000007fdf80000,0x00000007ffd80030,0x0000000800000000)
[3.715s][debug  ][gc,heap        ] GC(11)   to   space 33280K, 0% used [0x00000007fbf00000,0x00000007fbf00000,0x00000007fdf80000)
[3.715s][debug  ][gc,heap        ] GC(11)  ParOldGen       total 2883584K, used 1967923K [0x0000000740000000, 0x00000007f0000000, 0x00000007f0000000)
[3.715s][debug  ][gc,heap        ] GC(11)   object space 2883584K, 68% used [0x0000000740000000,0x00000007b81ccfd0,0x00000007f0000000)
[3.715s][debug  ][gc,heap        ] GC(11)  Metaspace       used 1018K, committed 1152K, reserved 1056768K
[3.715s][debug  ][gc,heap        ] GC(11)   class space    used 83K, committed 192K, reserved 1048576K
[3.715s][debug  ][gc,task,time   ] GC(11) VM-Thread 36975337 37131288 37151401
[4.000s][debug  ][gc,heap        ] GC(12) Heap before GC invocations=13 (full 0):
[4.000s][debug  ][gc,heap        ] GC(12)  PSYoungGen      total 228864K, used 218869K [0x00000007f0000000, 0x0000000800000000, 0x0000000800000000)
[4.000s][debug  ][gc,heap        ] GC(12)   eden space 195584K, 96% used [0x00000007f0000000,0x00000007fb7bd4a0,0x00000007fbf00000)
[4.000s][debug  ][gc,heap        ] GC(12)   from space 33280K, 92% used [0x00000007fdf80000,0x00000007ffd80030,0x0000000800000000)
[4.000s][debug  ][gc,heap        ] GC(12)   to   space 33280K, 0% used [0x00000007fbf00000,0x00000007fbf00000,0x00000007fdf80000)
[4.000s][debug  ][gc,heap        ] GC(12)  ParOldGen       total 2883584K, used 1967923K [0x0000000740000000, 0x00000007f0000000, 0x00000007f0000000)
[4.000s][debug  ][gc,heap        ] GC(12)   object space 2883584K, 68% used [0x0000000740000000,0x00000007b81ccfd0,0x00000007f0000000)
[4.000s][debug  ][gc,heap        ] GC(12)  Metaspace       used 1018K, committed 1152K, reserved 1056768K
[4.000s][debug  ][gc,heap        ] GC(12)   class space    used 83K, committed 192K, reserved 1048576K
[4.000s][debug  ][gc,tlab        ] GC(12) TLAB totals: thrds: 1  refills: 1 max: 1 slow allocs: 17 max 17 waste: 27.2% gc: 3920768B max: 3920768B slow: 0B max: 0B
[4.000s][info   ][gc,start       ] GC(12) Pause Young (Allocation Failure)
[4.000s][debug  ][gc,phases,start] GC(12) Scavenge
[4.019s][debug  ][gc,phases      ] GC(12) Scavenge 18.591ms
[4.019s][debug  ][gc,phases,start] GC(12) Reference Processing
[4.019s][debug  ][gc,ref         ] GC(12) Skipped phase 1 of Reference Processing: no references
[4.019s][debug  ][gc,ref         ] GC(12) Skipped phase 2 of Reference Processing: no references
[4.019s][debug  ][gc,ref         ] GC(12) Skipped phase 3 of Reference Processing: no references
[4.019s][debug  ][gc,ref         ] GC(12) Skipped phase 4 of Reference Processing: no references
[4.019s][debug  ][gc,phases,ref  ] GC(12) Reference Processing: 0.1ms
[4.019s][debug  ][gc,phases,ref  ] GC(12)   Reconsider SoftReferences: 0.0ms
[4.019s][debug  ][gc,phases,ref  ] GC(12)     SoftRef (ms):                  skipped
[4.019s][debug  ][gc,phases,ref  ] GC(12)   Notify Soft/WeakReferences: 0.0ms
[4.019s][debug  ][gc,phases,ref  ] GC(12)     SoftRef (ms):                  skipped
[4.019s][debug  ][gc,phases,ref  ] GC(12)     WeakRef (ms):                  skipped
[4.019s][debug  ][gc,phases,ref  ] GC(12)     FinalRef (ms):                 skipped
[4.019s][debug  ][gc,phases,ref  ] GC(12)     Total (ms):                    skipped
[4.019s][debug  ][gc,phases,ref  ] GC(12)   Notify and keep alive finalizable: 0.0ms
[4.019s][debug  ][gc,phases,ref  ] GC(12)     FinalRef (ms):                 skipped
[4.019s][debug  ][gc,phases,ref  ] GC(12)   Notify PhantomReferences: 0.0ms
[4.019s][debug  ][gc,phases,ref  ] GC(12)     PhantomRef (ms):               skipped
[4.019s][debug  ][gc,phases,ref  ] GC(12)   SoftReference:
[4.019s][debug  ][gc,phases,ref  ] GC(12)     Discovered: 0
[4.019s][debug  ][gc,phases,ref  ] GC(12)     Cleared: 0
[4.019s][debug  ][gc,phases,ref  ] GC(12)   WeakReference:
[4.019s][debug  ][gc,phases,ref  ] GC(12)     Discovered: 0
[4.019s][debug  ][gc,phases,ref  ] GC(12)     Cleared: 0
[4.019s][debug  ][gc,phases,ref  ] GC(12)   FinalReference:
[4.019s][debug  ][gc,phases,ref  ] GC(12)     Discovered: 0
[4.019s][debug  ][gc,phases,ref  ] GC(12)     Cleared: 0
[4.019s][debug  ][gc,phases,ref  ] GC(12)   PhantomReference:
[4.019s][debug  ][gc,phases,ref  ] GC(12)     Discovered: 0
[4.019s][debug  ][gc,phases,ref  ] GC(12)     Cleared: 0
[4.019s][debug  ][gc,phases      ] GC(12) Reference Processing 0.627ms
[4.019s][debug  ][gc,phases,start] GC(12) Weak Processing
[4.019s][debug  ][gc,phases      ] GC(12)   VM Weak                        Min:  0.0, Avg:  0.0, Max:  0.0, Diff:  0.0, Sum:  0.0, Workers: 6
[4.020s][debug  ][gc,phases      ] GC(12)     Dead                           Min: 0, Avg:  0.0, Max: 0, Diff: 0, Sum: 0, Workers: 6
[4.020s][debug  ][gc,phases      ] GC(12)     Total                          Min: 0, Avg:  1.3, Max: 8, Diff: 8, Sum: 8, Workers: 6
[4.020s][debug  ][gc,phases      ] GC(12)   ObjectSynchronizer Weak        Min:  0.0, Avg:  0.0, Max:  0.0, Diff:  0.0, Sum:  0.0, Workers: 6
[4.020s][debug  ][gc,phases      ] GC(12)     Dead                           Min: 0, Avg:  0.0, Max: 0, Diff: 0, Sum: 0, Workers: 6
[4.020s][debug  ][gc,phases      ] GC(12)     Total                          Min: 0, Avg:  0.5, Max: 3, Diff: 3, Sum: 3, Workers: 6
[4.020s][debug  ][gc,phases      ] GC(12)   JVMTI Tag Weak OopStorage      Min:  0.0, Avg:  0.0, Max:  0.0, Diff:  0.0, Sum:  0.0, Workers: 6
[4.020s][debug  ][gc,phases      ] GC(12)     Dead                           Min: 0, Avg:  0.0, Max: 0, Diff: 0, Sum: 0, Workers: 6
[4.020s][debug  ][gc,phases      ] GC(12)     Total                          Min: 0, Avg:  0.0, Max: 0, Diff: 0, Sum: 0, Workers: 6
[4.020s][debug  ][gc,phases      ] GC(12)   StringTable Weak               Min:  0.0, Avg:  0.0, Max:  0.0, Diff:  0.0, Sum:  0.0, Workers: 6
[4.020s][debug  ][gc,phases      ] GC(12)     Dead                           Min: 0, Avg:  0.0, Max: 0, Diff: 0, Sum: 0, Workers: 6
[4.020s][debug  ][gc,phases      ] GC(12)     Total                          Min: 703, Avg: 892.5, Max: 1088, Diff: 385, Sum: 5355, Workers: 6
[4.020s][debug  ][gc,phases      ] GC(12)   ResolvedMethodTable Weak       Min:  0.0, Avg:  0.0, Max:  0.0, Diff:  0.0, Sum:  0.0, Workers: 6
[4.020s][debug  ][gc,phases      ] GC(12)     Dead                           Min: 0, Avg:  0.0, Max: 0, Diff: 0, Sum: 0, Workers: 6
[4.020s][debug  ][gc,phases      ] GC(12)     Total                          Min: 0, Avg: 21.7, Max: 64, Diff: 64, Sum: 130, Workers: 6
[4.020s][debug  ][gc,phases      ] GC(12)   JNI Weak                       Min:  0.0, Avg:  0.0, Max:  0.0, Diff:  0.0, Sum:  0.0, Workers: 6
[4.020s][debug  ][gc,phases      ] GC(12)     Dead                           Min: 0, Avg:  0.0, Max: 0, Diff: 0, Sum: 0, Workers: 6
[4.020s][debug  ][gc,phases      ] GC(12)     Total                          Min: 0, Avg:  0.0, Max: 0, Diff: 0, Sum: 0, Workers: 6
[4.020s][debug  ][gc,phases      ] GC(12)   StringDedup Table Weak         Min:  0.0, Avg:  0.0, Max:  0.0, Diff:  0.0, Sum:  0.0, Workers: 6
[4.020s][debug  ][gc,phases      ] GC(12)     Dead                           Min: 0, Avg:  0.0, Max: 0, Diff: 0, Sum: 0, Workers: 6
[4.020s][debug  ][gc,phases      ] GC(12)     Total                          Min: 0, Avg:  0.0, Max: 0, Diff: 0, Sum: 0, Workers: 6
[4.020s][debug  ][gc,phases      ] GC(12)   StringDedup Requests0 Weak     Min:  0.0, Avg:  0.0, Max:  0.0, Diff:  0.0, Sum:  0.0, Workers: 6
[4.020s][debug  ][gc,phases      ] GC(12)     Dead                           Min: 0, Avg:  0.0, Max: 0, Diff: 0, Sum: 0, Workers: 6
[4.020s][debug  ][gc,phases      ] GC(12)     Total                          Min: 0, Avg:  0.0, Max: 0, Diff: 0, Sum: 0, Workers: 6
[4.020s][debug  ][gc,phases      ] GC(12)   StringDedup Requests1 Weak     Min:  0.0, Avg:  0.0, Max:  0.0, Diff:  0.0, Sum:  0.0, Workers: 6
[4.020s][debug  ][gc,phases      ] GC(12)     Dead                           Min: 0, Avg:  0.0, Max: 0, Diff: 0, Sum: 0, Workers: 6
[4.020s][debug  ][gc,phases      ] GC(12)     Total                          Min: 0, Avg:  0.0, Max: 0, Diff: 0, Sum: 0, Workers: 6
[4.020s][debug  ][gc,phases      ] GC(12)   Weak JFR Old Object Samples    Min:  0.0, Avg:  0.0, Max:  0.0, Diff:  0.0, Sum:  0.0, Workers: 6
[4.020s][debug  ][gc,phases      ] GC(12)     Dead                           Min: 0, Avg:  0.0, Max: 0, Diff: 0, Sum: 0, Workers: 6
[4.020s][debug  ][gc,phases      ] GC(12)     Total                          Min: 0, Avg:  0.0, Max: 0, Diff: 0, Sum: 0, Workers: 6
[4.020s][debug  ][gc,phases      ] GC(12) Weak Processing 0.695ms
[4.020s][debug  ][gc,ergo        ] GC(12) AdaptiveSizeStart:  collection: 13 
[4.020s][debug  ][gc,ergo        ] GC(12) avg_survived_padded_avg: 33764320.000000
[4.020s][debug  ][gc,ergo        ] GC(12) avg_promoted_padded_avg: 246665504.000000  avg_pretenured_padded_avg: 0.000000  tenuring_thresh: 1  target_size: 34078720
[4.020s][debug  ][gc,age         ] GC(12) Desired survivor size 34078720 bytes, new threshold 1 (max threshold 15)
[4.020s][debug  ][gc,ergo        ] GC(12) PSAdaptiveSizePolicy::compute_eden_space_size limits: desired_eden_size: 320864256 old_eden_size: 200278016 eden_limit: 200278016 cur_eden: 200278016 max_eden_size: 200278016 avg_young_live: 32171898
[4.020s][debug  ][gc,ergo        ] GC(12) PSAdaptiveSizePolicy::compute_eden_space_size: costs minor_time: 0.061160 major_cost: 0.000000 mutator_cost: 0.938840 throughput_goal: 0.990000
[4.020s][debug  ][gc,ergo        ] GC(12) Live_space: 300607360 free_space: 401604608
[4.020s][debug  ][gc,ergo        ] GC(12) Old eden_size: 200278016 desired_eden_size: 200278016
[4.020s][debug  ][gc,ergo        ] GC(12) AdaptiveSizeStop: collection: 13 
[4.020s][info   ][gc,heap        ] GC(12) PSYoungGen: 218869K(228864K)->30720K(228864K) Eden: 188149K(195584K)->0K(195584K) From: 30720K(33280K)->30720K(33280K)
[4.020s][info   ][gc,heap        ] GC(12) ParOldGen: 1967923K(2883584K)->2152244K(2883584K)
[4.020s][info   ][gc,metaspace   ] GC(12) Metaspace: 1018K(1152K)->1018K(1152K) NonClass: 935K(960K)->935K(960K) Class: 83K(192K)->83K(192K)
[4.020s][info   ][gc             ] GC(12) Pause Young (Allocation Failure) 2135M->2131M(3039M) 20.348ms
[4.020s][info   ][gc,cpu         ] GC(12) User=0.06s Sys=0.11s Real=0.02s
[4.020s][debug  ][gc,heap        ] GC(12) Heap after GC invocations=13 (full 0):
[4.020s][debug  ][gc,heap        ] GC(12)  PSYoungGen      total 228864K, used 30720K [0x00000007f0000000, 0x0000000800000000, 0x0000000800000000)
[4.021s][debug  ][gc,heap        ] GC(12)   eden space 195584K, 0% used [0x00000007f0000000,0x00000007f0000000,0x00000007fbf00000)
[4.021s][debug  ][gc,heap        ] GC(12)   from space 33280K, 92% used [0x00000007fbf00000,0x00000007fdd00030,0x00000007fdf80000)
[4.021s][debug  ][gc,heap        ] GC(12)   to   space 33280K, 0% used [0x00000007fdf80000,0x00000007fdf80000,0x0000000800000000)
[4.021s][debug  ][gc,heap        ] GC(12)  ParOldGen       total 2883584K, used 2152244K [0x0000000740000000, 0x00000007f0000000, 0x00000007f0000000)
[4.021s][debug  ][gc,heap        ] GC(12)   object space 2883584K, 74% used [0x0000000740000000,0x00000007c35cd0f0,0x00000007f0000000)
[4.021s][debug  ][gc,heap        ] GC(12)  Metaspace       used 1018K, committed 1152K, reserved 1056768K
[4.021s][debug  ][gc,heap        ] GC(12)   class space    used 83K, committed 192K, reserved 1048576K
[4.021s][debug  ][gc,task,time   ] GC(12) VM-Thread 39996082 40187861 40206519
[4.301s][debug  ][gc,heap        ] GC(13) Heap before GC invocations=14 (full 0):
[4.301s][debug  ][gc,heap        ] GC(13)  PSYoungGen      total 228864K, used 218870K [0x00000007f0000000, 0x0000000800000000, 0x0000000800000000)
[4.301s][debug  ][gc,heap        ] GC(13)   eden space 195584K, 96% used [0x00000007f0000000,0x00000007fb7bd920,0x00000007fbf00000)
[4.301s][debug  ][gc,heap        ] GC(13)   from space 33280K, 92% used [0x00000007fbf00000,0x00000007fdd00030,0x00000007fdf80000)
[4.301s][debug  ][gc,heap        ] GC(13)   to   space 33280K, 0% used [0x00000007fdf80000,0x00000007fdf80000,0x0000000800000000)
[4.301s][debug  ][gc,heap        ] GC(13)  ParOldGen       total 2883584K, used 2152244K [0x0000000740000000, 0x00000007f0000000, 0x00000007f0000000)
[4.301s][debug  ][gc,heap        ] GC(13)   object space 2883584K, 74% used [0x0000000740000000,0x00000007c35cd0f0,0x00000007f0000000)
[4.301s][debug  ][gc,heap        ] GC(13)  Metaspace       used 1018K, committed 1152K, reserved 1056768K
[4.301s][debug  ][gc,heap        ] GC(13)   class space    used 83K, committed 192K, reserved 1048576K
[4.301s][debug  ][gc,tlab        ] GC(13) TLAB totals: thrds: 1  refills: 1 max: 1 slow allocs: 17 max 17 waste: 27.2% gc: 3921920B max: 3921920B slow: 0B max: 0B
[4.302s][info   ][gc,start       ] GC(13) Pause Young (Allocation Failure)
[4.302s][debug  ][gc,phases,start] GC(13) Scavenge
[4.321s][debug  ][gc,phases      ] GC(13) Scavenge 19.134ms
[4.321s][debug  ][gc,phases,start] GC(13) Reference Processing
[4.321s][debug  ][gc,ref         ] GC(13) Skipped phase 1 of Reference Processing: no references
[4.321s][debug  ][gc,ref         ] GC(13) Skipped phase 2 of Reference Processing: no references
[4.321s][debug  ][gc,ref         ] GC(13) Skipped phase 3 of Reference Processing: no references
[4.321s][debug  ][gc,ref         ] GC(13) Skipped phase 4 of Reference Processing: no references
[4.321s][debug  ][gc,phases,ref  ] GC(13) Reference Processing: 0.1ms
[4.321s][debug  ][gc,phases,ref  ] GC(13)   Reconsider SoftReferences: 0.0ms
[4.321s][debug  ][gc,phases,ref  ] GC(13)     SoftRef (ms):                  skipped
[4.321s][debug  ][gc,phases,ref  ] GC(13)   Notify Soft/WeakReferences: 0.0ms
[4.321s][debug  ][gc,phases,ref  ] GC(13)     SoftRef (ms):                  skipped
[4.321s][debug  ][gc,phases,ref  ] GC(13)     WeakRef (ms):                  skipped
[4.321s][debug  ][gc,phases,ref  ] GC(13)     FinalRef (ms):                 skipped
[4.321s][debug  ][gc,phases,ref  ] GC(13)     Total (ms):                    skipped
[4.321s][debug  ][gc,phases,ref  ] GC(13)   Notify and keep alive finalizable: 0.0ms
[4.321s][debug  ][gc,phases,ref  ] GC(13)     FinalRef (ms):                 skipped
[4.321s][debug  ][gc,phases,ref  ] GC(13)   Notify PhantomReferences: 0.0ms
[4.321s][debug  ][gc,phases,ref  ] GC(13)     PhantomRef (ms):               skipped
[4.321s][debug  ][gc,phases,ref  ] GC(13)   SoftReference:
[4.321s][debug  ][gc,phases,ref  ] GC(13)     Discovered: 0
[4.321s][debug  ][gc,phases,ref  ] GC(13)     Cleared: 0
[4.321s][debug  ][gc,phases,ref  ] GC(13)   WeakReference:
[4.321s][debug  ][gc,phases,ref  ] GC(13)     Discovered: 0
[4.321s][debug  ][gc,phases,ref  ] GC(13)     Cleared: 0
[4.321s][debug  ][gc,phases,ref  ] GC(13)   FinalReference:
[4.321s][debug  ][gc,phases,ref  ] GC(13)     Discovered: 0
[4.321s][debug  ][gc,phases,ref  ] GC(13)     Cleared: 0
[4.321s][debug  ][gc,phases,ref  ] GC(13)   PhantomReference:
[4.321s][debug  ][gc,phases,ref  ] GC(13)     Discovered: 0
[4.321s][debug  ][gc,phases,ref  ] GC(13)     Cleared: 0
[4.321s][debug  ][gc,phases      ] GC(13) Reference Processing 0.562ms
[4.321s][debug  ][gc,phases,start] GC(13) Weak Processing
[4.321s][debug  ][gc,phases      ] GC(13)   VM Weak                        Min:  0.0, Avg:  0.0, Max:  0.0, Diff:  0.0, Sum:  0.0, Workers: 6
[4.321s][debug  ][gc,phases      ] GC(13)     Dead                           Min: 0, Avg:  0.0, Max: 0, Diff: 0, Sum: 0, Workers: 6
[4.321s][debug  ][gc,phases      ] GC(13)     Total                          Min: 0, Avg:  1.3, Max: 8, Diff: 8, Sum: 8, Workers: 6
[4.321s][debug  ][gc,phases      ] GC(13)   ObjectSynchronizer Weak        Min:  0.0, Avg:  0.0, Max:  0.0, Diff:  0.0, Sum:  0.0, Workers: 6
[4.322s][debug  ][gc,phases      ] GC(13)     Dead                           Min: 0, Avg:  0.0, Max: 0, Diff: 0, Sum: 0, Workers: 6
[4.322s][debug  ][gc,phases      ] GC(13)     Total                          Min: 0, Avg:  0.5, Max: 3, Diff: 3, Sum: 3, Workers: 6
[4.322s][debug  ][gc,phases      ] GC(13)   JVMTI Tag Weak OopStorage      Min:  0.0, Avg:  0.0, Max:  0.0, Diff:  0.0, Sum:  0.0, Workers: 6
[4.322s][debug  ][gc,phases      ] GC(13)     Dead                           Min: 0, Avg:  0.0, Max: 0, Diff: 0, Sum: 0, Workers: 6
[4.322s][debug  ][gc,phases      ] GC(13)     Total                          Min: 0, Avg:  0.0, Max: 0, Diff: 0, Sum: 0, Workers: 6
[4.322s][debug  ][gc,phases      ] GC(13)   StringTable Weak               Min:  0.0, Avg:  0.0, Max:  0.0, Diff:  0.0, Sum:  0.0, Workers: 6
[4.322s][debug  ][gc,phases      ] GC(13)     Dead                           Min: 0, Avg:  0.0, Max: 0, Diff: 0, Sum: 0, Workers: 6
[4.322s][debug  ][gc,phases      ] GC(13)     Total                          Min: 703, Avg: 892.5, Max: 1088, Diff: 385, Sum: 5355, Workers: 6
[4.322s][debug  ][gc,phases      ] GC(13)   ResolvedMethodTable Weak       Min:  0.0, Avg:  0.0, Max:  0.0, Diff:  0.0, Sum:  0.0, Workers: 6
[4.322s][debug  ][gc,phases      ] GC(13)     Dead                           Min: 0, Avg:  0.0, Max: 0, Diff: 0, Sum: 0, Workers: 6
[4.322s][debug  ][gc,phases      ] GC(13)     Total                          Min: 0, Avg: 21.7, Max: 64, Diff: 64, Sum: 130, Workers: 6
[4.322s][debug  ][gc,phases      ] GC(13)   JNI Weak                       Min:  0.0, Avg:  0.0, Max:  0.0, Diff:  0.0, Sum:  0.0, Workers: 6
[4.322s][debug  ][gc,phases      ] GC(13)     Dead                           Min: 0, Avg:  0.0, Max: 0, Diff: 0, Sum: 0, Workers: 6
[4.322s][debug  ][gc,phases      ] GC(13)     Total                          Min: 0, Avg:  0.0, Max: 0, Diff: 0, Sum: 0, Workers: 6
[4.322s][debug  ][gc,phases      ] GC(13)   StringDedup Table Weak         Min:  0.0, Avg:  0.0, Max:  0.0, Diff:  0.0, Sum:  0.0, Workers: 6
[4.322s][debug  ][gc,phases      ] GC(13)     Dead                           Min: 0, Avg:  0.0, Max: 0, Diff: 0, Sum: 0, Workers: 6
[4.322s][debug  ][gc,phases      ] GC(13)     Total                          Min: 0, Avg:  0.0, Max: 0, Diff: 0, Sum: 0, Workers: 6
[4.322s][debug  ][gc,phases      ] GC(13)   StringDedup Requests0 Weak     Min:  0.0, Avg:  0.0, Max:  0.0, Diff:  0.0, Sum:  0.0, Workers: 6
[4.322s][debug  ][gc,phases      ] GC(13)     Dead                           Min: 0, Avg:  0.0, Max: 0, Diff: 0, Sum: 0, Workers: 6
[4.322s][debug  ][gc,phases      ] GC(13)     Total                          Min: 0, Avg:  0.0, Max: 0, Diff: 0, Sum: 0, Workers: 6
[4.322s][debug  ][gc,phases      ] GC(13)   StringDedup Requests1 Weak     Min:  0.0, Avg:  0.0, Max:  0.0, Diff:  0.0, Sum:  0.0, Workers: 6
[4.322s][debug  ][gc,phases      ] GC(13)     Dead                           Min: 0, Avg:  0.0, Max: 0, Diff: 0, Sum: 0, Workers: 6
[4.322s][debug  ][gc,phases      ] GC(13)     Total                          Min: 0, Avg:  0.0, Max: 0, Diff: 0, Sum: 0, Workers: 6
[4.322s][debug  ][gc,phases      ] GC(13)   Weak JFR Old Object Samples    Min:  0.0, Avg:  0.0, Max:  0.0, Diff:  0.0, Sum:  0.0, Workers: 6
[4.322s][debug  ][gc,phases      ] GC(13)     Dead                           Min: 0, Avg:  0.0, Max: 0, Diff: 0, Sum: 0, Workers: 6
[4.322s][debug  ][gc,phases      ] GC(13)     Total                          Min: 0, Avg:  0.0, Max: 0, Diff: 0, Sum: 0, Workers: 6
[4.322s][debug  ][gc,phases      ] GC(13) Weak Processing 0.728ms
[4.322s][debug  ][gc,ergo        ] GC(13) AdaptiveSizeStart:  collection: 14 
[4.322s][debug  ][gc,ergo        ] GC(13) avg_survived_padded_avg: 33726556.000000
[4.322s][debug  ][gc,ergo        ] GC(13) avg_promoted_padded_avg: 246013328.000000  avg_pretenured_padded_avg: 0.000000  tenuring_thresh: 1  target_size: 34078720
[4.322s][debug  ][gc,age         ] GC(13) Desired survivor size 34078720 bytes, new threshold 1 (max threshold 15)
[4.322s][debug  ][gc,ergo        ] GC(13) PSAdaptiveSizePolicy::compute_eden_space_size limits: desired_eden_size: 320864256 old_eden_size: 200278016 eden_limit: 200278016 cur_eden: 200278016 max_eden_size: 200278016 avg_young_live: 32100440
[4.322s][debug  ][gc,ergo        ] GC(13) PSAdaptiveSizePolicy::compute_eden_space_size: costs minor_time: 0.062867 major_cost: 0.000000 mutator_cost: 0.937133 throughput_goal: 0.990000
[4.322s][debug  ][gc,ergo        ] GC(13) Live_space: 300535904 free_space: 401604608
[4.322s][debug  ][gc,ergo        ] GC(13) Old eden_size: 200278016 desired_eden_size: 200278016
[4.322s][debug  ][gc,ergo        ] GC(13) AdaptiveSizeStop: collection: 14 
[4.322s][info   ][gc,heap        ] GC(13) PSYoungGen: 218870K(228864K)->30720K(228864K) Eden: 188150K(195584K)->0K(195584K) From: 30720K(33280K)->30720K(33280K)
[4.322s][info   ][gc,heap        ] GC(13) ParOldGen: 2152244K(2883584K)->2336564K(2883584K)
[4.322s][info   ][gc,metaspace   ] GC(13) Metaspace: 1018K(1152K)->1018K(1152K) NonClass: 935K(960K)->935K(960K) Class: 83K(192K)->83K(192K)
[4.322s][info   ][gc             ] GC(13) Pause Young (Allocation Failure) 2315M->2311M(3039M) 20.879ms
[4.322s][info   ][gc,cpu         ] GC(13) User=0.08s Sys=0.06s Real=0.02s
[4.322s][debug  ][gc,heap        ] GC(13) Heap after GC invocations=14 (full 0):
[4.322s][debug  ][gc,heap        ] GC(13)  PSYoungGen      total 228864K, used 30720K [0x00000007f0000000, 0x0000000800000000, 0x0000000800000000)
[4.323s][debug  ][gc,heap        ] GC(13)   eden space 195584K, 0% used [0x00000007f0000000,0x00000007f0000000,0x00000007fbf00000)
[4.323s][debug  ][gc,heap        ] GC(13)   from space 33280K, 92% used [0x00000007fdf80000,0x00000007ffd80030,0x0000000800000000)
[4.323s][debug  ][gc,heap        ] GC(13)   to   space 33280K, 0% used [0x00000007fbf00000,0x00000007fbf00000,0x00000007fdf80000)
[4.323s][debug  ][gc,heap        ] GC(13)  ParOldGen       total 2883584K, used 2336564K [0x0000000740000000, 0x00000007f0000000, 0x00000007f0000000)
[4.323s][debug  ][gc,heap        ] GC(13)   object space 2883584K, 81% used [0x0000000740000000,0x00000007ce9cd210,0x00000007f0000000)
[4.323s][debug  ][gc,heap        ] GC(13)  Metaspace       used 1018K, committed 1152K, reserved 1056768K
[4.323s][debug  ][gc,heap        ] GC(13)   class space    used 83K, committed 192K, reserved 1048576K
[4.323s][debug  ][gc,task,time   ] GC(13) VM-Thread 43010180 43207872 43226487
[4.604s][debug  ][gc,heap        ] GC(14) Heap before GC invocations=15 (full 0):
[4.604s][debug  ][gc,heap        ] GC(14)  PSYoungGen      total 228864K, used 218871K [0x00000007f0000000, 0x0000000800000000, 0x0000000800000000)
[4.604s][debug  ][gc,heap        ] GC(14)   eden space 195584K, 96% used [0x00000007f0000000,0x00000007fb7bdc00,0x00000007fbf00000)
[4.604s][debug  ][gc,heap        ] GC(14)   from space 33280K, 92% used [0x00000007fdf80000,0x00000007ffd80030,0x0000000800000000)
[4.604s][debug  ][gc,heap        ] GC(14)   to   space 33280K, 0% used [0x00000007fbf00000,0x00000007fbf00000,0x00000007fdf80000)
[4.604s][debug  ][gc,heap        ] GC(14)  ParOldGen       total 2883584K, used 2336564K [0x0000000740000000, 0x00000007f0000000, 0x00000007f0000000)
[4.604s][debug  ][gc,heap        ] GC(14)   object space 2883584K, 81% used [0x0000000740000000,0x00000007ce9cd210,0x00000007f0000000)
[4.604s][debug  ][gc,heap        ] GC(14)  Metaspace       used 1018K, committed 1152K, reserved 1056768K
[4.604s][debug  ][gc,heap        ] GC(14)   class space    used 83K, committed 192K, reserved 1048576K
[4.604s][debug  ][gc,tlab        ] GC(14) TLAB totals: thrds: 1  refills: 1 max: 1 slow allocs: 17 max 17 waste: 27.2% gc: 3922656B max: 3922656B slow: 0B max: 0B
[4.604s][info   ][gc,start       ] GC(14) Pause Young (Allocation Failure)
[4.604s][debug  ][gc,phases,start] GC(14) Scavenge
[4.622s][debug  ][gc,phases      ] GC(14) Scavenge 17.201ms
[4.622s][debug  ][gc,phases,start] GC(14) Reference Processing
[4.622s][debug  ][gc,ref         ] GC(14) Skipped phase 1 of Reference Processing: no references
[4.622s][debug  ][gc,ref         ] GC(14) Skipped phase 2 of Reference Processing: no references
[4.622s][debug  ][gc,ref         ] GC(14) Skipped phase 3 of Reference Processing: no references
[4.622s][debug  ][gc,ref         ] GC(14) Skipped phase 4 of Reference Processing: no references
[4.622s][debug  ][gc,phases,ref  ] GC(14) Reference Processing: 0.1ms
[4.622s][debug  ][gc,phases,ref  ] GC(14)   Reconsider SoftReferences: 0.1ms
[4.622s][debug  ][gc,phases,ref  ] GC(14)     SoftRef (ms):                  skipped
[4.622s][debug  ][gc,phases,ref  ] GC(14)   Notify Soft/WeakReferences: 0.0ms
[4.622s][debug  ][gc,phases,ref  ] GC(14)     SoftRef (ms):                  skipped
[4.622s][debug  ][gc,phases,ref  ] GC(14)     WeakRef (ms):                  skipped
[4.622s][debug  ][gc,phases,ref  ] GC(14)     FinalRef (ms):                 skipped
[4.622s][debug  ][gc,phases,ref  ] GC(14)     Total (ms):                    skipped
[4.622s][debug  ][gc,phases,ref  ] GC(14)   Notify and keep alive finalizable: 0.0ms
[4.622s][debug  ][gc,phases,ref  ] GC(14)     FinalRef (ms):                 skipped
[4.622s][debug  ][gc,phases,ref  ] GC(14)   Notify PhantomReferences: 0.0ms
[4.622s][debug  ][gc,phases,ref  ] GC(14)     PhantomRef (ms):               skipped
[4.622s][debug  ][gc,phases,ref  ] GC(14)   SoftReference:
[4.622s][debug  ][gc,phases,ref  ] GC(14)     Discovered: 0
[4.622s][debug  ][gc,phases,ref  ] GC(14)     Cleared: 0
[4.622s][debug  ][gc,phases,ref  ] GC(14)   WeakReference:
[4.622s][debug  ][gc,phases,ref  ] GC(14)     Discovered: 0
[4.622s][debug  ][gc,phases,ref  ] GC(14)     Cleared: 0
[4.622s][debug  ][gc,phases,ref  ] GC(14)   FinalReference:
[4.622s][debug  ][gc,phases,ref  ] GC(14)     Discovered: 0
[4.622s][debug  ][gc,phases,ref  ] GC(14)     Cleared: 0
[4.622s][debug  ][gc,phases,ref  ] GC(14)   PhantomReference:
[4.622s][debug  ][gc,phases,ref  ] GC(14)     Discovered: 0
[4.622s][debug  ][gc,phases,ref  ] GC(14)     Cleared: 0
[4.622s][debug  ][gc,phases      ] GC(14) Reference Processing 0.624ms
[4.622s][debug  ][gc,phases,start] GC(14) Weak Processing
[4.622s][debug  ][gc,phases      ] GC(14)   VM Weak                        Min:  0.0, Avg:  0.0, Max:  0.0, Diff:  0.0, Sum:  0.0, Workers: 6
[4.622s][debug  ][gc,phases      ] GC(14)     Dead                           Min: 0, Avg:  0.0, Max: 0, Diff: 0, Sum: 0, Workers: 6
[4.622s][debug  ][gc,phases      ] GC(14)     Total                          Min: 0, Avg:  1.3, Max: 8, Diff: 8, Sum: 8, Workers: 6
[4.622s][debug  ][gc,phases      ] GC(14)   ObjectSynchronizer Weak        Min:  0.0, Avg:  0.0, Max:  0.0, Diff:  0.0, Sum:  0.0, Workers: 6
[4.623s][debug  ][gc,phases      ] GC(14)     Dead                           Min: 0, Avg:  0.0, Max: 0, Diff: 0, Sum: 0, Workers: 6
[4.623s][debug  ][gc,phases      ] GC(14)     Total                          Min: 0, Avg:  0.5, Max: 3, Diff: 3, Sum: 3, Workers: 6
[4.623s][debug  ][gc,phases      ] GC(14)   JVMTI Tag Weak OopStorage      Min:  0.0, Avg:  0.0, Max:  0.0, Diff:  0.0, Sum:  0.0, Workers: 6
[4.623s][debug  ][gc,phases      ] GC(14)     Dead                           Min: 0, Avg:  0.0, Max: 0, Diff: 0, Sum: 0, Workers: 6
[4.623s][debug  ][gc,phases      ] GC(14)     Total                          Min: 0, Avg:  0.0, Max: 0, Diff: 0, Sum: 0, Workers: 6
[4.623s][debug  ][gc,phases      ] GC(14)   StringTable Weak               Min:  0.0, Avg:  0.0, Max:  0.0, Diff:  0.0, Sum:  0.0, Workers: 6
[4.623s][debug  ][gc,phases      ] GC(14)     Dead                           Min: 0, Avg:  0.0, Max: 0, Diff: 0, Sum: 0, Workers: 6
[4.623s][debug  ][gc,phases      ] GC(14)     Total                          Min: 704, Avg: 892.5, Max: 1024, Diff: 320, Sum: 5355, Workers: 6
[4.623s][debug  ][gc,phases      ] GC(14)   ResolvedMethodTable Weak       Min:  0.0, Avg:  0.0, Max:  0.0, Diff:  0.0, Sum:  0.0, Workers: 6
[4.623s][debug  ][gc,phases      ] GC(14)     Dead                           Min: 0, Avg:  0.0, Max: 0, Diff: 0, Sum: 0, Workers: 6
[4.623s][debug  ][gc,phases      ] GC(14)     Total                          Min: 0, Avg: 21.7, Max: 64, Diff: 64, Sum: 130, Workers: 6
[4.623s][debug  ][gc,phases      ] GC(14)   JNI Weak                       Min:  0.0, Avg:  0.0, Max:  0.0, Diff:  0.0, Sum:  0.0, Workers: 6
[4.623s][debug  ][gc,phases      ] GC(14)     Dead                           Min: 0, Avg:  0.0, Max: 0, Diff: 0, Sum: 0, Workers: 6
[4.623s][debug  ][gc,phases      ] GC(14)     Total                          Min: 0, Avg:  0.0, Max: 0, Diff: 0, Sum: 0, Workers: 6
[4.623s][debug  ][gc,phases      ] GC(14)   StringDedup Table Weak         Min:  0.0, Avg:  0.0, Max:  0.0, Diff:  0.0, Sum:  0.0, Workers: 6
[4.623s][debug  ][gc,phases      ] GC(14)     Dead                           Min: 0, Avg:  0.0, Max: 0, Diff: 0, Sum: 0, Workers: 6
[4.623s][debug  ][gc,phases      ] GC(14)     Total                          Min: 0, Avg:  0.0, Max: 0, Diff: 0, Sum: 0, Workers: 6
[4.623s][debug  ][gc,phases      ] GC(14)   StringDedup Requests0 Weak     Min:  0.0, Avg:  0.0, Max:  0.0, Diff:  0.0, Sum:  0.0, Workers: 6
[4.623s][debug  ][gc,phases      ] GC(14)     Dead                           Min: 0, Avg:  0.0, Max: 0, Diff: 0, Sum: 0, Workers: 6
[4.623s][debug  ][gc,phases      ] GC(14)     Total                          Min: 0, Avg:  0.0, Max: 0, Diff: 0, Sum: 0, Workers: 6
[4.623s][debug  ][gc,phases      ] GC(14)   StringDedup Requests1 Weak     Min:  0.0, Avg:  0.0, Max:  0.0, Diff:  0.0, Sum:  0.0, Workers: 6
[4.623s][debug  ][gc,phases      ] GC(14)     Dead                           Min: 0, Avg:  0.0, Max: 0, Diff: 0, Sum: 0, Workers: 6
[4.623s][debug  ][gc,phases      ] GC(14)     Total                          Min: 0, Avg:  0.0, Max: 0, Diff: 0, Sum: 0, Workers: 6
[4.623s][debug  ][gc,phases      ] GC(14)   Weak JFR Old Object Samples    Min:  0.0, Avg:  0.0, Max:  0.0, Diff:  0.0, Sum:  0.0, Workers: 6
[4.623s][debug  ][gc,phases      ] GC(14)     Dead                           Min: 0, Avg:  0.0, Max: 0, Diff: 0, Sum: 0, Workers: 6
[4.623s][debug  ][gc,phases      ] GC(14)     Total                          Min: 0, Avg:  0.0, Max: 0, Diff: 0, Sum: 0, Workers: 6
[4.623s][debug  ][gc,phases      ] GC(14) Weak Processing 0.695ms
[4.623s][debug  ][gc,ergo        ] GC(14) AdaptiveSizeStart:  collection: 15 
[4.623s][debug  ][gc,ergo        ] GC(14) avg_survived_padded_avg: 33673272.000000
[4.623s][debug  ][gc,ergo        ] GC(14) avg_promoted_padded_avg: 244912384.000000  avg_pretenured_padded_avg: 0.000000  tenuring_thresh: 1  target_size: 34078720
[4.623s][debug  ][gc,age         ] GC(14) Desired survivor size 34078720 bytes, new threshold 1 (max threshold 15)
[4.623s][debug  ][gc,ergo        ] GC(14) PSAdaptiveSizePolicy::compute_eden_space_size limits: desired_eden_size: 320864256 old_eden_size: 200278016 eden_limit: 200278016 cur_eden: 200278016 max_eden_size: 200278016 avg_young_live: 32036128
[4.623s][debug  ][gc,ergo        ] GC(14) PSAdaptiveSizePolicy::compute_eden_space_size: costs minor_time: 0.062628 major_cost: 0.000000 mutator_cost: 0.937372 throughput_goal: 0.990000
[4.623s][debug  ][gc,ergo        ] GC(14) Live_space: 300471584 free_space: 401604608
[4.623s][debug  ][gc,ergo        ] GC(14) Old eden_size: 200278016 desired_eden_size: 200278016
[4.623s][debug  ][gc,ergo        ] GC(14) AdaptiveSizeStop: collection: 15 
[4.623s][info   ][gc,heap        ] GC(14) PSYoungGen: 218871K(228864K)->30720K(228864K) Eden: 188151K(195584K)->0K(195584K) From: 30720K(33280K)->30720K(33280K)
[4.623s][info   ][gc,heap        ] GC(14) ParOldGen: 2336564K(2883584K)->2520884K(2883584K)
[4.623s][info   ][gc,metaspace   ] GC(14) Metaspace: 1018K(1152K)->1018K(1152K) NonClass: 935K(960K)->935K(960K) Class: 83K(192K)->83K(192K)
[4.623s][info   ][gc             ] GC(14) Pause Young (Allocation Failure) 2495M->2491M(3039M) 18.936ms
[4.623s][info   ][gc,cpu         ] GC(14) User=0.08s Sys=0.08s Real=0.02s
[4.623s][debug  ][gc,heap        ] GC(14) Heap after GC invocations=15 (full 0):
[4.623s][debug  ][gc,heap        ] GC(14)  PSYoungGen      total 228864K, used 30720K [0x00000007f0000000, 0x0000000800000000, 0x0000000800000000)
[4.623s][debug  ][gc,heap        ] GC(14)   eden space 195584K, 0% used [0x00000007f0000000,0x00000007f0000000,0x00000007fbf00000)
[4.623s][debug  ][gc,heap        ] GC(14)   from space 33280K, 92% used [0x00000007fbf00000,0x00000007fdd00030,0x00000007fdf80000)
[4.624s][debug  ][gc,heap        ] GC(14)   to   space 33280K, 0% used [0x00000007fdf80000,0x00000007fdf80000,0x0000000800000000)
[4.624s][debug  ][gc,heap        ] GC(14)  ParOldGen       total 2883584K, used 2520884K [0x0000000740000000, 0x00000007f0000000, 0x00000007f0000000)
[4.624s][debug  ][gc,heap        ] GC(14)   object space 2883584K, 87% used [0x0000000740000000,0x00000007d9dcd330,0x00000007f0000000)
[4.624s][debug  ][gc,heap        ] GC(14)  Metaspace       used 1018K, committed 1152K, reserved 1056768K
[4.624s][debug  ][gc,heap        ] GC(14)   class space    used 83K, committed 192K, reserved 1048576K
[4.624s][debug  ][gc,task,time   ] GC(14) VM-Thread 46040851 46217225 46236138
[4.906s][debug  ][gc,heap        ] GC(15) Heap before GC invocations=16 (full 0):
[4.906s][debug  ][gc,heap        ] GC(15)  PSYoungGen      total 228864K, used 218871K [0x00000007f0000000, 0x0000000800000000, 0x0000000800000000)
[4.906s][debug  ][gc,heap        ] GC(15)   eden space 195584K, 96% used [0x00000007f0000000,0x00000007fb7bddd8,0x00000007fbf00000)
[4.906s][debug  ][gc,heap        ] GC(15)   from space 33280K, 92% used [0x00000007fbf00000,0x00000007fdd00030,0x00000007fdf80000)
[4.906s][debug  ][gc,heap        ] GC(15)   to   space 33280K, 0% used [0x00000007fdf80000,0x00000007fdf80000,0x0000000800000000)
[4.906s][debug  ][gc,heap        ] GC(15)  ParOldGen       total 2883584K, used 2520884K [0x0000000740000000, 0x00000007f0000000, 0x00000007f0000000)
[4.906s][debug  ][gc,heap        ] GC(15)   object space 2883584K, 87% used [0x0000000740000000,0x00000007d9dcd330,0x00000007f0000000)
[4.906s][debug  ][gc,heap        ] GC(15)  Metaspace       used 1018K, committed 1152K, reserved 1056768K
[4.906s][debug  ][gc,heap        ] GC(15)   class space    used 83K, committed 192K, reserved 1048576K
[4.906s][debug  ][gc,tlab        ] GC(15) TLAB totals: thrds: 1  refills: 1 max: 1 slow allocs: 17 max 17 waste: 27.2% gc: 3923128B max: 3923128B slow: 0B max: 0B
[4.906s][info   ][gc,start       ] GC(15) Pause Young (Allocation Failure)
[4.906s][debug  ][gc,phases,start] GC(15) Scavenge
[4.925s][debug  ][gc,phases      ] GC(15) Scavenge 18.613ms
[4.925s][debug  ][gc,phases,start] GC(15) Reference Processing
[4.925s][debug  ][gc,ref         ] GC(15) Skipped phase 1 of Reference Processing: no references
[4.925s][debug  ][gc,ref         ] GC(15) Skipped phase 2 of Reference Processing: no references
[4.925s][debug  ][gc,ref         ] GC(15) Skipped phase 3 of Reference Processing: no references
[4.925s][debug  ][gc,ref         ] GC(15) Skipped phase 4 of Reference Processing: no references
[4.925s][debug  ][gc,phases,ref  ] GC(15) Reference Processing: 0.1ms
[4.925s][debug  ][gc,phases,ref  ] GC(15)   Reconsider SoftReferences: 0.0ms
[4.925s][debug  ][gc,phases,ref  ] GC(15)     SoftRef (ms):                  skipped
[4.925s][debug  ][gc,phases,ref  ] GC(15)   Notify Soft/WeakReferences: 0.0ms
[4.925s][debug  ][gc,phases,ref  ] GC(15)     SoftRef (ms):                  skipped
[4.925s][debug  ][gc,phases,ref  ] GC(15)     WeakRef (ms):                  skipped
[4.925s][debug  ][gc,phases,ref  ] GC(15)     FinalRef (ms):                 skipped
[4.925s][debug  ][gc,phases,ref  ] GC(15)     Total (ms):                    skipped
[4.925s][debug  ][gc,phases,ref  ] GC(15)   Notify and keep alive finalizable: 0.0ms
[4.925s][debug  ][gc,phases,ref  ] GC(15)     FinalRef (ms):                 skipped
[4.925s][debug  ][gc,phases,ref  ] GC(15)   Notify PhantomReferences: 0.0ms
[4.925s][debug  ][gc,phases,ref  ] GC(15)     PhantomRef (ms):               skipped
[4.925s][debug  ][gc,phases,ref  ] GC(15)   SoftReference:
[4.925s][debug  ][gc,phases,ref  ] GC(15)     Discovered: 0
[4.925s][debug  ][gc,phases,ref  ] GC(15)     Cleared: 0
[4.925s][debug  ][gc,phases,ref  ] GC(15)   WeakReference:
[4.925s][debug  ][gc,phases,ref  ] GC(15)     Discovered: 0
[4.925s][debug  ][gc,phases,ref  ] GC(15)     Cleared: 0
[4.925s][debug  ][gc,phases,ref  ] GC(15)   FinalReference:
[4.925s][debug  ][gc,phases,ref  ] GC(15)     Discovered: 0
[4.925s][debug  ][gc,phases,ref  ] GC(15)     Cleared: 0
[4.925s][debug  ][gc,phases,ref  ] GC(15)   PhantomReference:
[4.925s][debug  ][gc,phases,ref  ] GC(15)     Discovered: 0
[4.925s][debug  ][gc,phases,ref  ] GC(15)     Cleared: 0
[4.926s][debug  ][gc,phases      ] GC(15) Reference Processing 0.741ms
[4.926s][debug  ][gc,phases,start] GC(15) Weak Processing
[4.926s][debug  ][gc,phases      ] GC(15)   VM Weak                        Min:  0.0, Avg:  0.0, Max:  0.0, Diff:  0.0, Sum:  0.0, Workers: 6
[4.926s][debug  ][gc,phases      ] GC(15)     Dead                           Min: 0, Avg:  0.0, Max: 0, Diff: 0, Sum: 0, Workers: 6
[4.926s][debug  ][gc,phases      ] GC(15)     Total                          Min: 0, Avg:  1.3, Max: 8, Diff: 8, Sum: 8, Workers: 6
[4.926s][debug  ][gc,phases      ] GC(15)   ObjectSynchronizer Weak        Min:  0.0, Avg:  0.0, Max:  0.0, Diff:  0.0, Sum:  0.0, Workers: 6
[4.926s][debug  ][gc,phases      ] GC(15)     Dead                           Min: 0, Avg:  0.0, Max: 0, Diff: 0, Sum: 0, Workers: 6
[4.926s][debug  ][gc,phases      ] GC(15)     Total                          Min: 0, Avg:  0.5, Max: 3, Diff: 3, Sum: 3, Workers: 6
[4.926s][debug  ][gc,phases      ] GC(15)   JVMTI Tag Weak OopStorage      Min:  0.0, Avg:  0.0, Max:  0.0, Diff:  0.0, Sum:  0.0, Workers: 6
[4.926s][debug  ][gc,phases      ] GC(15)     Dead                           Min: 0, Avg:  0.0, Max: 0, Diff: 0, Sum: 0, Workers: 6
[4.926s][debug  ][gc,phases      ] GC(15)     Total                          Min: 0, Avg:  0.0, Max: 0, Diff: 0, Sum: 0, Workers: 6
[4.926s][debug  ][gc,phases      ] GC(15)   StringTable Weak               Min:  0.0, Avg:  0.0, Max:  0.0, Diff:  0.0, Sum:  0.0, Workers: 6
[4.926s][debug  ][gc,phases      ] GC(15)     Dead                           Min: 0, Avg:  0.0, Max: 0, Diff: 0, Sum: 0, Workers: 6
[4.926s][debug  ][gc,phases      ] GC(15)     Total                          Min: 640, Avg: 892.5, Max: 1024, Diff: 384, Sum: 5355, Workers: 6
[4.926s][debug  ][gc,phases      ] GC(15)   ResolvedMethodTable Weak       Min:  0.0, Avg:  0.0, Max:  0.0, Diff:  0.0, Sum:  0.0, Workers: 6
[4.926s][debug  ][gc,phases      ] GC(15)     Dead                           Min: 0, Avg:  0.0, Max: 0, Diff: 0, Sum: 0, Workers: 6
[4.926s][debug  ][gc,phases      ] GC(15)     Total                          Min: 0, Avg: 21.7, Max: 64, Diff: 64, Sum: 130, Workers: 6
[4.926s][debug  ][gc,phases      ] GC(15)   JNI Weak                       Min:  0.0, Avg:  0.0, Max:  0.0, Diff:  0.0, Sum:  0.0, Workers: 6
[4.926s][debug  ][gc,phases      ] GC(15)     Dead                           Min: 0, Avg:  0.0, Max: 0, Diff: 0, Sum: 0, Workers: 6
[4.926s][debug  ][gc,phases      ] GC(15)     Total                          Min: 0, Avg:  0.0, Max: 0, Diff: 0, Sum: 0, Workers: 6
[4.926s][debug  ][gc,phases      ] GC(15)   StringDedup Table Weak         Min:  0.0, Avg:  0.0, Max:  0.0, Diff:  0.0, Sum:  0.0, Workers: 6
[4.926s][debug  ][gc,phases      ] GC(15)     Dead                           Min: 0, Avg:  0.0, Max: 0, Diff: 0, Sum: 0, Workers: 6
[4.926s][debug  ][gc,phases      ] GC(15)     Total                          Min: 0, Avg:  0.0, Max: 0, Diff: 0, Sum: 0, Workers: 6
[4.926s][debug  ][gc,phases      ] GC(15)   StringDedup Requests0 Weak     Min:  0.0, Avg:  0.0, Max:  0.0, Diff:  0.0, Sum:  0.0, Workers: 6
[4.926s][debug  ][gc,phases      ] GC(15)     Dead                           Min: 0, Avg:  0.0, Max: 0, Diff: 0, Sum: 0, Workers: 6
[4.926s][debug  ][gc,phases      ] GC(15)     Total                          Min: 0, Avg:  0.0, Max: 0, Diff: 0, Sum: 0, Workers: 6
[4.926s][debug  ][gc,phases      ] GC(15)   StringDedup Requests1 Weak     Min:  0.0, Avg:  0.0, Max:  0.0, Diff:  0.0, Sum:  0.0, Workers: 6
[4.926s][debug  ][gc,phases      ] GC(15)     Dead                           Min: 0, Avg:  0.0, Max: 0, Diff: 0, Sum: 0, Workers: 6
[4.926s][debug  ][gc,phases      ] GC(15)     Total                          Min: 0, Avg:  0.0, Max: 0, Diff: 0, Sum: 0, Workers: 6
[4.926s][debug  ][gc,phases      ] GC(15)   Weak JFR Old Object Samples    Min:  0.0, Avg:  0.0, Max:  0.0, Diff:  0.0, Sum:  0.0, Workers: 6
[4.926s][debug  ][gc,phases      ] GC(15)     Dead                           Min: 0, Avg:  0.0, Max: 0, Diff: 0, Sum: 0, Workers: 6
[4.926s][debug  ][gc,phases      ] GC(15)     Total                          Min: 0, Avg:  0.0, Max: 0, Diff: 0, Sum: 0, Workers: 6
[4.926s][debug  ][gc,phases      ] GC(15) Weak Processing 0.699ms
[4.926s][debug  ][gc,ergo        ] GC(15) AdaptiveSizeStart:  collection: 16 
[4.926s][debug  ][gc,ergo        ] GC(15) avg_survived_padded_avg: 33607952.000000
[4.926s][debug  ][gc,ergo        ] GC(15) avg_promoted_padded_avg: 243458928.000000  avg_pretenured_padded_avg: 0.000000  tenuring_thresh: 1  target_size: 34078720
[4.926s][debug  ][gc,age         ] GC(15) Desired survivor size 34078720 bytes, new threshold 1 (max threshold 15)
[4.926s][debug  ][gc,ergo        ] GC(15) PSAdaptiveSizePolicy::compute_eden_space_size limits: desired_eden_size: 320864256 old_eden_size: 200278016 eden_limit: 200278016 cur_eden: 200278016 max_eden_size: 200278016 avg_young_live: 31978246
[4.926s][debug  ][gc,ergo        ] GC(15) PSAdaptiveSizePolicy::compute_eden_space_size: costs minor_time: 0.063599 major_cost: 0.000000 mutator_cost: 0.936401 throughput_goal: 0.990000
[4.926s][debug  ][gc,ergo        ] GC(15) Live_space: 300413696 free_space: 401604608
[4.926s][debug  ][gc,ergo        ] GC(15) Old eden_size: 200278016 desired_eden_size: 200278016
[4.926s][debug  ][gc,ergo        ] GC(15) AdaptiveSizeStop: collection: 16 
[4.926s][info   ][gc,heap        ] GC(15) PSYoungGen: 218871K(228864K)->30720K(228864K) Eden: 188151K(195584K)->0K(195584K) From: 30720K(33280K)->30720K(33280K)
[4.926s][info   ][gc,heap        ] GC(15) ParOldGen: 2520884K(2883584K)->2705205K(2883584K)
[4.926s][info   ][gc,metaspace   ] GC(15) Metaspace: 1018K(1152K)->1018K(1152K) NonClass: 935K(960K)->935K(960K) Class: 83K(192K)->83K(192K)
[4.927s][info   ][gc             ] GC(15) Pause Young (Allocation Failure) 2675M->2671M(3039M) 20.492ms
[4.927s][info   ][gc,cpu         ] GC(15) User=0.06s Sys=0.08s Real=0.02s
[4.927s][debug  ][gc,heap        ] GC(15) Heap after GC invocations=16 (full 0):
[4.927s][debug  ][gc,heap        ] GC(15)  PSYoungGen      total 228864K, used 30720K [0x00000007f0000000, 0x0000000800000000, 0x0000000800000000)
[4.927s][debug  ][gc,heap        ] GC(15)   eden space 195584K, 0% used [0x00000007f0000000,0x00000007f0000000,0x00000007fbf00000)
[4.927s][debug  ][gc,heap        ] GC(15)   from space 33280K, 92% used [0x00000007fdf80000,0x00000007ffd80030,0x0000000800000000)
[4.927s][debug  ][gc,heap        ] GC(15)   to   space 33280K, 0% used [0x00000007fbf00000,0x00000007fbf00000,0x00000007fdf80000)
[4.927s][debug  ][gc,heap        ] GC(15)  ParOldGen       total 2883584K, used 2705205K [0x0000000740000000, 0x00000007f0000000, 0x00000007f0000000)
[4.927s][debug  ][gc,heap        ] GC(15)   object space 2883584K, 93% used [0x0000000740000000,0x00000007e51cd450,0x00000007f0000000)
[4.927s][debug  ][gc,heap        ] GC(15)  Metaspace       used 1018K, committed 1152K, reserved 1056768K
[4.927s][debug  ][gc,heap        ] GC(15)   class space    used 83K, committed 192K, reserved 1048576K
[4.927s][debug  ][gc,task,time   ] GC(15) VM-Thread 49055662 49247715 49267492
[4.927s][debug  ][gc,phases,start] GC(16) Pre Compact
[4.927s][debug  ][gc,heap        ] GC(16) Heap before GC invocations=17 (full 1):
[4.927s][debug  ][gc,heap        ] GC(16)  PSYoungGen      total 228864K, used 30720K [0x00000007f0000000, 0x0000000800000000, 0x0000000800000000)
[4.927s][debug  ][gc,heap        ] GC(16)   eden space 195584K, 0% used [0x00000007f0000000,0x00000007f0000000,0x00000007fbf00000)
[4.927s][debug  ][gc,heap        ] GC(16)   from space 33280K, 92% used [0x00000007fdf80000,0x00000007ffd80030,0x0000000800000000)
[4.927s][debug  ][gc,heap        ] GC(16)   to   space 33280K, 0% used [0x00000007fbf00000,0x00000007fbf00000,0x00000007fdf80000)
[4.927s][debug  ][gc,heap        ] GC(16)  ParOldGen       total 2883584K, used 2705205K [0x0000000740000000, 0x00000007f0000000, 0x00000007f0000000)
[4.927s][debug  ][gc,heap        ] GC(16)   object space 2883584K, 93% used [0x0000000740000000,0x00000007e51cd450,0x00000007f0000000)
[4.927s][debug  ][gc,heap        ] GC(16)  Metaspace       used 1018K, committed 1152K, reserved 1056768K
[4.927s][debug  ][gc,heap        ] GC(16)   class space    used 83K, committed 192K, reserved 1048576K
[4.927s][debug  ][gc,phases      ] GC(16) Pre Compact 0.234ms
[4.927s][info   ][gc,start       ] GC(16) Pause Full (Ergonomics)
[4.927s][info   ][gc,phases,start] GC(16) Marking Phase
[4.927s][debug  ][gc,phases,start] GC(16) Par Mark
[4.928s][debug  ][gc,phases      ] GC(16) Par Mark 0.463ms
[4.928s][debug  ][gc,phases,start] GC(16) Reference Processing
[4.928s][debug  ][gc,ref         ] GC(16) Skipped phase 1 of Reference Processing: no references
[4.928s][debug  ][gc,ref         ] GC(16) ReferenceProcessor::execute queues: 1, RefProcThreadModel::Single, marks_oops_alive: false
[4.928s][debug  ][gc,ref         ] GC(16) Skipped phase 3 of Reference Processing: no references
[4.928s][debug  ][gc,ref         ] GC(16) ReferenceProcessor::execute queues: 1, RefProcThreadModel::Single, marks_oops_alive: false
[4.928s][debug  ][gc,phases,ref  ] GC(16) Reference Processing: 0.1ms
[4.928s][debug  ][gc,phases,ref  ] GC(16)   Reconsider SoftReferences: 0.0ms
[4.928s][debug  ][gc,phases,ref  ] GC(16)     SoftRef (ms):                  skipped
[4.928s][debug  ][gc,phases,ref  ] GC(16)   Notify Soft/WeakReferences: 0.0ms
[4.928s][debug  ][gc,phases,ref  ] GC(16)     SoftRef (ms):                  Min:  0.0, Avg:  0.0, Max:  0.0, Diff:  0.0, Sum:  0.0, Workers: 10
[4.928s][debug  ][gc,phases,ref  ] GC(16)     WeakRef (ms):                  Min:  0.0, Avg:  0.0, Max:  0.0, Diff:  0.0, Sum:  0.0, Workers: 10
[4.928s][debug  ][gc,phases,ref  ] GC(16)     FinalRef (ms):                 Min:  0.0, Avg:  0.0, Max:  0.0, Diff:  0.0, Sum:  0.0, Workers: 10
[4.928s][debug  ][gc,phases,ref  ] GC(16)     Total (ms):                    Min:  0.0, Avg:  0.0, Max:  0.0, Diff:  0.0, Sum:  0.0, Workers: 10
[4.928s][debug  ][gc,phases,ref  ] GC(16)   Notify and keep alive finalizable: 0.0ms
[4.928s][debug  ][gc,phases,ref  ] GC(16)     FinalRef (ms):                 skipped
[4.928s][debug  ][gc,phases,ref  ] GC(16)   Notify PhantomReferences: 0.0ms
[4.928s][debug  ][gc,phases,ref  ] GC(16)     PhantomRef (ms):               Min:  0.0, Avg:  0.0, Max:  0.0, Diff:  0.0, Sum:  0.0, Workers: 10
[4.928s][debug  ][gc,phases,ref  ] GC(16)   SoftReference:
[4.928s][debug  ][gc,phases,ref  ] GC(16)     Discovered: 0
[4.928s][debug  ][gc,phases,ref  ] GC(16)     Cleared: 0
[4.928s][debug  ][gc,phases,ref  ] GC(16)   WeakReference:
[4.928s][debug  ][gc,phases,ref  ] GC(16)     Discovered: 82
[4.928s][debug  ][gc,phases,ref  ] GC(16)     Cleared: 82
[4.928s][debug  ][gc,phases,ref  ] GC(16)   FinalReference:
[4.928s][debug  ][gc,phases,ref  ] GC(16)     Discovered: 0
[4.928s][debug  ][gc,phases,ref  ] GC(16)     Cleared: 0
[4.928s][debug  ][gc,phases,ref  ] GC(16)   PhantomReference:
[4.928s][debug  ][gc,phases,ref  ] GC(16)     Discovered: 3
[4.928s][debug  ][gc,phases,ref  ] GC(16)     Cleared: 3
[4.928s][debug  ][gc,phases      ] GC(16) Reference Processing 0.586ms
[4.928s][debug  ][gc,phases,start] GC(16) Weak Processing
[4.928s][debug  ][gc,phases      ] GC(16)   VM Weak                        Min:  0.0, Avg:  0.0, Max:  0.0, Diff:  0.0, Sum:  0.0, Workers: 6
[4.928s][debug  ][gc,phases      ] GC(16)     Dead                           Min: 0, Avg:  0.0, Max: 0, Diff: 0, Sum: 0, Workers: 6
[4.928s][debug  ][gc,phases      ] GC(16)     Total                          Min: 0, Avg:  1.3, Max: 8, Diff: 8, Sum: 8, Workers: 6
[4.928s][debug  ][gc,phases      ] GC(16)   ObjectSynchronizer Weak        Min:  0.0, Avg:  0.0, Max:  0.0, Diff:  0.0, Sum:  0.0, Workers: 6
[4.928s][debug  ][gc,phases      ] GC(16)     Dead                           Min: 0, Avg:  0.0, Max: 0, Diff: 0, Sum: 0, Workers: 6
[4.928s][debug  ][gc,phases      ] GC(16)     Total                          Min: 0, Avg:  0.5, Max: 3, Diff: 3, Sum: 3, Workers: 6
[4.928s][debug  ][gc,phases      ] GC(16)   JVMTI Tag Weak OopStorage      Min:  0.0, Avg:  0.0, Max:  0.0, Diff:  0.0, Sum:  0.0, Workers: 6
[4.928s][debug  ][gc,phases      ] GC(16)     Dead                           Min: 0, Avg:  0.0, Max: 0, Diff: 0, Sum: 0, Workers: 6
[4.928s][debug  ][gc,phases      ] GC(16)     Total                          Min: 0, Avg:  0.0, Max: 0, Diff: 0, Sum: 0, Workers: 6
[4.928s][debug  ][gc,phases      ] GC(16)   StringTable Weak               Min:  0.0, Avg:  0.0, Max:  0.0, Diff:  0.0, Sum:  0.0, Workers: 6
[4.928s][debug  ][gc,phases      ] GC(16)     Dead                           Min: 0, Avg:  0.0, Max: 0, Diff: 0, Sum: 0, Workers: 6
[4.928s][debug  ][gc,phases      ] GC(16)     Total                          Min: 748, Avg: 892.5, Max: 1024, Diff: 276, Sum: 5355, Workers: 6
[4.929s][debug  ][gc,phases      ] GC(16)   ResolvedMethodTable Weak       Min:  0.0, Avg:  0.0, Max:  0.0, Diff:  0.0, Sum:  0.0, Workers: 6
[4.929s][debug  ][gc,phases      ] GC(16)     Dead                           Min: 0, Avg:  0.0, Max: 0, Diff: 0, Sum: 0, Workers: 6
[4.929s][debug  ][gc,phases      ] GC(16)     Total                          Min: 0, Avg: 21.7, Max: 64, Diff: 64, Sum: 130, Workers: 6
[4.929s][debug  ][gc,phases      ] GC(16)   JNI Weak                       Min:  0.0, Avg:  0.0, Max:  0.0, Diff:  0.0, Sum:  0.0, Workers: 6
[4.929s][debug  ][gc,phases      ] GC(16)     Dead                           Min: 0, Avg:  0.0, Max: 0, Diff: 0, Sum: 0, Workers: 6
[4.929s][debug  ][gc,phases      ] GC(16)     Total                          Min: 0, Avg:  0.0, Max: 0, Diff: 0, Sum: 0, Workers: 6
[4.929s][debug  ][gc,phases      ] GC(16)   StringDedup Table Weak         Min:  0.0, Avg:  0.0, Max:  0.0, Diff:  0.0, Sum:  0.0, Workers: 6
[4.929s][debug  ][gc,phases      ] GC(16)     Dead                           Min: 0, Avg:  0.0, Max: 0, Diff: 0, Sum: 0, Workers: 6
[4.929s][debug  ][gc,phases      ] GC(16)     Total                          Min: 0, Avg:  0.0, Max: 0, Diff: 0, Sum: 0, Workers: 6
[4.929s][debug  ][gc,phases      ] GC(16)   StringDedup Requests0 Weak     Min:  0.0, Avg:  0.0, Max:  0.0, Diff:  0.0, Sum:  0.0, Workers: 6
[4.929s][debug  ][gc,phases      ] GC(16)     Dead                           Min: 0, Avg:  0.0, Max: 0, Diff: 0, Sum: 0, Workers: 6
[4.929s][debug  ][gc,phases      ] GC(16)     Total                          Min: 0, Avg:  0.0, Max: 0, Diff: 0, Sum: 0, Workers: 6
[4.929s][debug  ][gc,phases      ] GC(16)   StringDedup Requests1 Weak     Min:  0.0, Avg:  0.0, Max:  0.0, Diff:  0.0, Sum:  0.0, Workers: 6
[4.929s][debug  ][gc,phases      ] GC(16)     Dead                           Min: 0, Avg:  0.0, Max: 0, Diff: 0, Sum: 0, Workers: 6
[4.929s][debug  ][gc,phases      ] GC(16)     Total                          Min: 0, Avg:  0.0, Max: 0, Diff: 0, Sum: 0, Workers: 6
[4.929s][debug  ][gc,phases      ] GC(16)   Weak JFR Old Object Samples    Min:  0.0, Avg:  0.0, Max:  0.0, Diff:  0.0, Sum:  0.0, Workers: 6
[4.929s][debug  ][gc,phases      ] GC(16)     Dead                           Min: 0, Avg:  0.0, Max: 0, Diff: 0, Sum: 0, Workers: 6
[4.929s][debug  ][gc,phases      ] GC(16)     Total                          Min: 0, Avg:  0.0, Max: 0, Diff: 0, Sum: 0, Workers: 6
[4.929s][debug  ][gc,phases      ] GC(16) Weak Processing 0.693ms
[4.929s][debug  ][gc,phases,start] GC(16) Class Unloading
[4.929s][debug  ][gc,phases,start] GC(16) ClassLoaderData
[4.929s][debug  ][gc,phases      ] GC(16) ClassLoaderData 0.021ms
[4.929s][debug  ][gc,phases,start] GC(16) Trigger cleanups
[4.929s][debug  ][gc,phases      ] GC(16) Trigger cleanups 0.048ms
[4.929s][debug  ][gc,phases      ] GC(16) Class Unloading 0.290ms
[4.929s][info   ][gc,phases      ] GC(16) Marking Phase 2.153ms
[4.929s][info   ][gc,phases,start] GC(16) Summary Phase
[4.929s][info   ][gc,phases      ] GC(16) Summary Phase 0.058ms
[4.929s][info   ][gc,phases,start] GC(16) Adjust Roots
[4.930s][info   ][gc,phases      ] GC(16) Adjust Roots 0.326ms
[4.930s][info   ][gc,phases,start] GC(16) Compaction Phase
[5.027s][info   ][gc,phases      ] GC(16) Compaction Phase 97.517ms
[5.027s][info   ][gc,phases,start] GC(16) Post Compact
[5.050s][info   ][gc,phases      ] GC(16) Post Compact 22.260ms
[5.050s][debug  ][gc,ergo        ] GC(16) AdaptiveSizeStart: collection: 17 
[5.050s][debug  ][gc,ergo        ] GC(16) PSAdaptiveSizePolicy::compute_eden_space_size limits: desired_eden_size: 258269399 old_eden_size: 200278016 eden_limit: 200278016 cur_eden: 200278016 max_eden_size: 200278016 avg_young_live: 28780422
[5.050s][debug  ][gc,ergo        ] GC(16) PSAdaptiveSizePolicy::compute_eden_space_size: costs minor_time: 0.063599 major_cost: 0.024374 mutator_cost: 0.912027 throughput_goal: 0.990000
[5.050s][debug  ][gc,ergo        ] GC(16) Live_space: 297215872 free_space: 401604608
[5.050s][debug  ][gc,ergo        ] GC(16) Old eden_size: 200278016 desired_eden_size: 200278016
[5.050s][debug  ][gc,ergo        ] GC(16) PSAdaptiveSizePolicy::compute_old_gen_free_space: costs minor_time: 0.063599 major_cost: 0.024374  mutator_cost: 0.912027 throughput_goal: 0.990000
[5.050s][debug  ][gc,ergo        ] GC(16) Live_space: 1211152640 free_space: 401604608
[5.050s][debug  ][gc,ergo        ] GC(16) Old promo_size: 201326592 desired_promo_size: 257425408
[5.112s][debug  ][gc             ] GC(16) Shrinking ParOldGen from 2883584K by 1501696K to 1381888K
[5.113s][debug  ][gc,ergo        ] GC(16) AdaptiveSizeStop: collection: 17 
[5.113s][info   ][gc,heap        ] GC(16) PSYoungGen: 30720K(228864K)->0K(228864K) Eden: 0K(195584K)->0K(195584K) From: 30720K(33280K)->0K(33280K)
[5.113s][info   ][gc,heap        ] GC(16) ParOldGen: 2705205K(2883584K)->892516K(1381888K)
[5.113s][info   ][gc,metaspace   ] GC(16) Metaspace: 1018K(1152K)->1018K(1152K) NonClass: 935K(960K)->935K(960K) Class: 83K(192K)->83K(192K)
[5.113s][info   ][gc             ] GC(16) Pause Full (Ergonomics) 2671M->871M(1573M) 185.612ms
[5.113s][info   ][gc,cpu         ] GC(16) User=0.86s Sys=0.09s Real=0.19s
[5.113s][debug  ][gc,heap        ] GC(16) Heap after GC invocations=17 (full 1):
[5.113s][debug  ][gc,heap        ] GC(16)  PSYoungGen      total 228864K, used 0K [0x00000007f0000000, 0x0000000800000000, 0x0000000800000000)
[5.113s][debug  ][gc,heap        ] GC(16)   eden space 195584K, 0% used [0x00000007f0000000,0x00000007f0000000,0x00000007fbf00000)
[5.113s][debug  ][gc,heap        ] GC(16)   from space 33280K, 0% used [0x00000007fbf00000,0x00000007fbf00000,0x00000007fdf80000)
[5.113s][debug  ][gc,heap        ] GC(16)   to   space 33280K, 0% used [0x00000007fdf80000,0x00000007fdf80000,0x0000000800000000)
[5.113s][debug  ][gc,heap        ] GC(16)  ParOldGen       total 1381888K, used 892516K [0x0000000740000000, 0x0000000794580000, 0x00000007f0000000)
[5.113s][debug  ][gc,heap        ] GC(16)   object space 1381888K, 64% used [0x0000000740000000,0x0000000776799168,0x0000000794580000)
[5.113s][debug  ][gc,heap        ] GC(16)  Metaspace       used 1018K, committed 1152K, reserved 1056768K
[5.113s][debug  ][gc,heap        ] GC(16)   class space    used 83K, committed 192K, reserved 1048576K
[5.113s][debug  ][gc,task,time   ] GC(16) VM-Thread 49270525 49296788 51126952
[5.395s][debug  ][gc,heap        ] GC(17) Heap before GC invocations=18 (full 1):
[5.395s][debug  ][gc,heap        ] GC(17)  PSYoungGen      total 228864K, used 188151K [0x00000007f0000000, 0x0000000800000000, 0x0000000800000000)
[5.395s][debug  ][gc,heap        ] GC(17)   eden space 195584K, 96% used [0x00000007f0000000,0x00000007fb7bdf08,0x00000007fbf00000)
[5.395s][debug  ][gc,heap        ] GC(17)   from space 33280K, 0% used [0x00000007fbf00000,0x00000007fbf00000,0x00000007fdf80000)
[5.395s][debug  ][gc,heap        ] GC(17)   to   space 33280K, 0% used [0x00000007fdf80000,0x00000007fdf80000,0x0000000800000000)
[5.395s][debug  ][gc,heap        ] GC(17)  ParOldGen       total 1381888K, used 892516K [0x0000000740000000, 0x0000000794580000, 0x00000007f0000000)
[5.395s][debug  ][gc,heap        ] GC(17)   object space 1381888K, 64% used [0x0000000740000000,0x0000000776799168,0x0000000794580000)
[5.395s][debug  ][gc,heap        ] GC(17)  Metaspace       used 1018K, committed 1152K, reserved 1056768K
[5.395s][debug  ][gc,heap        ] GC(17)   class space    used 83K, committed 192K, reserved 1048576K
[5.395s][debug  ][gc,tlab        ] GC(17) TLAB totals: thrds: 1  refills: 1 max: 1 slow allocs: 17 max 17 waste: 27.2% gc: 3922264B max: 3922264B slow: 0B max: 0B
[5.395s][info   ][gc,start       ] GC(17) Pause Young (Allocation Failure)
[5.395s][debug  ][gc,phases,start] GC(17) Scavenge
[5.399s][debug  ][gc,phases      ] GC(17) Scavenge 3.986ms
[5.399s][debug  ][gc,phases,start] GC(17) Reference Processing
[5.399s][debug  ][gc,ref         ] GC(17) Skipped phase 1 of Reference Processing: no references
[5.399s][debug  ][gc,ref         ] GC(17) Skipped phase 2 of Reference Processing: no references
[5.399s][debug  ][gc,ref         ] GC(17) Skipped phase 3 of Reference Processing: no references
[5.400s][debug  ][gc,ref         ] GC(17) Skipped phase 4 of Reference Processing: no references
[5.400s][debug  ][gc,phases,ref  ] GC(17) Reference Processing: 0.1ms
[5.400s][debug  ][gc,phases,ref  ] GC(17)   Reconsider SoftReferences: 0.0ms
[5.400s][debug  ][gc,phases,ref  ] GC(17)     SoftRef (ms):                  skipped
[5.400s][debug  ][gc,phases,ref  ] GC(17)   Notify Soft/WeakReferences: 0.0ms
[5.400s][debug  ][gc,phases,ref  ] GC(17)     SoftRef (ms):                  skipped
[5.400s][debug  ][gc,phases,ref  ] GC(17)     WeakRef (ms):                  skipped
[5.400s][debug  ][gc,phases,ref  ] GC(17)     FinalRef (ms):                 skipped
[5.400s][debug  ][gc,phases,ref  ] GC(17)     Total (ms):                    skipped
[5.400s][debug  ][gc,phases,ref  ] GC(17)   Notify and keep alive finalizable: 0.0ms
[5.400s][debug  ][gc,phases,ref  ] GC(17)     FinalRef (ms):                 skipped
[5.400s][debug  ][gc,phases,ref  ] GC(17)   Notify PhantomReferences: 0.0ms
[5.400s][debug  ][gc,phases,ref  ] GC(17)     PhantomRef (ms):               skipped
[5.400s][debug  ][gc,phases,ref  ] GC(17)   SoftReference:
[5.400s][debug  ][gc,phases,ref  ] GC(17)     Discovered: 0
[5.400s][debug  ][gc,phases,ref  ] GC(17)     Cleared: 0
[5.400s][debug  ][gc,phases,ref  ] GC(17)   WeakReference:
[5.400s][debug  ][gc,phases,ref  ] GC(17)     Discovered: 0
[5.400s][debug  ][gc,phases,ref  ] GC(17)     Cleared: 0
[5.400s][debug  ][gc,phases,ref  ] GC(17)   FinalReference:
[5.400s][debug  ][gc,phases,ref  ] GC(17)     Discovered: 0
[5.400s][debug  ][gc,phases,ref  ] GC(17)     Cleared: 0
[5.400s][debug  ][gc,phases,ref  ] GC(17)   PhantomReference:
[5.400s][debug  ][gc,phases,ref  ] GC(17)     Discovered: 0
[5.400s][debug  ][gc,phases,ref  ] GC(17)     Cleared: 0
[5.400s][debug  ][gc,phases      ] GC(17) Reference Processing 0.781ms
[5.400s][debug  ][gc,phases,start] GC(17) Weak Processing
[5.400s][debug  ][gc,phases      ] GC(17)   VM Weak                        Min:  0.0, Avg:  0.0, Max:  0.0, Diff:  0.0, Sum:  0.0, Workers: 6
[5.400s][debug  ][gc,phases      ] GC(17)     Dead                           Min: 0, Avg:  0.0, Max: 0, Diff: 0, Sum: 0, Workers: 6
[5.400s][debug  ][gc,phases      ] GC(17)     Total                          Min: 0, Avg:  1.3, Max: 8, Diff: 8, Sum: 8, Workers: 6
[5.400s][debug  ][gc,phases      ] GC(17)   ObjectSynchronizer Weak        Min:  0.0, Avg:  0.0, Max:  0.0, Diff:  0.0, Sum:  0.0, Workers: 6
[5.400s][debug  ][gc,phases      ] GC(17)     Dead                           Min: 0, Avg:  0.0, Max: 0, Diff: 0, Sum: 0, Workers: 6
[5.400s][debug  ][gc,phases      ] GC(17)     Total                          Min: 0, Avg:  0.5, Max: 3, Diff: 3, Sum: 3, Workers: 6
[5.400s][debug  ][gc,phases      ] GC(17)   JVMTI Tag Weak OopStorage      Min:  0.0, Avg:  0.0, Max:  0.0, Diff:  0.0, Sum:  0.0, Workers: 6
[5.400s][debug  ][gc,phases      ] GC(17)     Dead                           Min: 0, Avg:  0.0, Max: 0, Diff: 0, Sum: 0, Workers: 6
[5.400s][debug  ][gc,phases      ] GC(17)     Total                          Min: 0, Avg:  0.0, Max: 0, Diff: 0, Sum: 0, Workers: 6
[5.401s][debug  ][gc,phases      ] GC(17)   StringTable Weak               Min:  0.0, Avg:  0.0, Max:  0.0, Diff:  0.0, Sum:  0.0, Workers: 6
[5.401s][debug  ][gc,phases      ] GC(17)     Dead                           Min: 0, Avg:  0.0, Max: 0, Diff: 0, Sum: 0, Workers: 6
[5.401s][debug  ][gc,phases      ] GC(17)     Total                          Min: 812, Avg: 892.5, Max: 1024, Diff: 212, Sum: 5355, Workers: 6
[5.401s][debug  ][gc,phases      ] GC(17)   ResolvedMethodTable Weak       Min:  0.0, Avg:  0.0, Max:  0.0, Diff:  0.0, Sum:  0.0, Workers: 6
[5.401s][debug  ][gc,phases      ] GC(17)     Dead                           Min: 0, Avg:  0.0, Max: 0, Diff: 0, Sum: 0, Workers: 6
[5.401s][debug  ][gc,phases      ] GC(17)     Total                          Min: 0, Avg: 21.7, Max: 64, Diff: 64, Sum: 130, Workers: 6
[5.401s][debug  ][gc,phases      ] GC(17)   JNI Weak                       Min:  0.0, Avg:  0.0, Max:  0.0, Diff:  0.0, Sum:  0.0, Workers: 6
[5.401s][debug  ][gc,phases      ] GC(17)     Dead                           Min: 0, Avg:  0.0, Max: 0, Diff: 0, Sum: 0, Workers: 6
[5.401s][debug  ][gc,phases      ] GC(17)     Total                          Min: 0, Avg:  0.0, Max: 0, Diff: 0, Sum: 0, Workers: 6
[5.401s][debug  ][gc,phases      ] GC(17)   StringDedup Table Weak         Min:  0.0, Avg:  0.0, Max:  0.0, Diff:  0.0, Sum:  0.0, Workers: 6
[5.401s][debug  ][gc,phases      ] GC(17)     Dead                           Min: 0, Avg:  0.0, Max: 0, Diff: 0, Sum: 0, Workers: 6
[5.401s][debug  ][gc,phases      ] GC(17)     Total                          Min: 0, Avg:  0.0, Max: 0, Diff: 0, Sum: 0, Workers: 6
[5.401s][debug  ][gc,phases      ] GC(17)   StringDedup Requests0 Weak     Min:  0.0, Avg:  0.0, Max:  0.0, Diff:  0.0, Sum:  0.0, Workers: 6
[5.401s][debug  ][gc,phases      ] GC(17)     Dead                           Min: 0, Avg:  0.0, Max: 0, Diff: 0, Sum: 0, Workers: 6
[5.401s][debug  ][gc,phases      ] GC(17)     Total                          Min: 0, Avg:  0.0, Max: 0, Diff: 0, Sum: 0, Workers: 6
[5.401s][debug  ][gc,phases      ] GC(17)   StringDedup Requests1 Weak     Min:  0.0, Avg:  0.0, Max:  0.0, Diff:  0.0, Sum:  0.0, Workers: 6
[5.401s][debug  ][gc,phases      ] GC(17)     Dead                           Min: 0, Avg:  0.0, Max: 0, Diff: 0, Sum: 0, Workers: 6
[5.401s][debug  ][gc,phases      ] GC(17)     Total                          Min: 0, Avg:  0.0, Max: 0, Diff: 0, Sum: 0, Workers: 6
[5.401s][debug  ][gc,phases      ] GC(17)   Weak JFR Old Object Samples    Min:  0.0, Avg:  0.0, Max:  0.0, Diff:  0.0, Sum:  0.0, Workers: 6
[5.401s][debug  ][gc,phases      ] GC(17)     Dead                           Min: 0, Avg:  0.0, Max: 0, Diff: 0, Sum: 0, Workers: 6
[5.401s][debug  ][gc,phases      ] GC(17)     Total                          Min: 0, Avg:  0.0, Max: 0, Diff: 0, Sum: 0, Workers: 6
[5.401s][debug  ][gc,phases      ] GC(17) Weak Processing 0.802ms
[5.401s][debug  ][gc,ergo        ] GC(17) AdaptiveSizeStart:  collection: 18 
[5.401s][debug  ][gc,ergo        ] GC(17) avg_survived_padded_avg: 33533536.000000
[5.401s][debug  ][gc,ergo        ] GC(17) avg_promoted_padded_avg: 262761680.000000  avg_pretenured_padded_avg: 0.000000  tenuring_thresh: 1  target_size: 33554432
[5.401s][debug  ][gc,age         ] GC(17) Desired survivor size 33554432 bytes, new threshold 1 (max threshold 15)
[5.401s][debug  ][gc,ergo        ] GC(17) PSAdaptiveSizePolicy::compute_eden_space_size limits: desired_eden_size: 254449794 old_eden_size: 200278016 eden_limit: 200278016 cur_eden: 200278016 max_eden_size: 200278016 avg_young_live: 29048112
[5.401s][debug  ][gc,ergo        ] GC(17) PSAdaptiveSizePolicy::compute_eden_space_size: costs minor_time: 0.050697 major_cost: 0.024374 mutator_cost: 0.924929 throughput_goal: 0.990000
[5.401s][debug  ][gc,ergo        ] GC(17) Live_space: 1211420416 free_space: 457703424
[5.401s][debug  ][gc,ergo        ] GC(17) Old eden_size: 200278016 desired_eden_size: 200278016
[5.401s][debug  ][gc,ergo        ] GC(17) AdaptiveSizeStop: collection: 18 
[5.401s][info   ][gc,heap        ] GC(17) PSYoungGen: 188151K(228864K)->30720K(229376K) Eden: 188151K(195584K)->0K(196096K) From: 0K(33280K)->30720K(33280K)
[5.401s][info   ][gc,heap        ] GC(17) ParOldGen: 892516K(1381888K)->912996K(1381888K)
[5.401s][info   ][gc,metaspace   ] GC(17) Metaspace: 1018K(1152K)->1018K(1152K) NonClass: 935K(960K)->935K(960K) Class: 83K(192K)->83K(192K)
[5.401s][info   ][gc             ] GC(17) Pause Young (Allocation Failure) 1055M->921M(1573M) 6.057ms
[5.401s][info   ][gc,cpu         ] GC(17) User=0.00s Sys=0.00s Real=0.01s
[5.401s][debug  ][gc,heap        ] GC(17) Heap after GC invocations=18 (full 1):
[5.401s][debug  ][gc,heap        ] GC(17)  PSYoungGen      total 229376K, used 30720K [0x00000007f0000000, 0x0000000800000000, 0x0000000800000000)
[5.401s][debug  ][gc,heap        ] GC(17)   eden space 196096K, 0% used [0x00000007f0000000,0x00000007f0000000,0x00000007fbf80000)
[5.401s][debug  ][gc,heap        ] GC(17)   from space 33280K, 92% used [0x00000007fdf80000,0x00000007ffd80030,0x0000000800000000)
[5.402s][debug  ][gc,heap        ] GC(17)   to   space 32768K, 0% used [0x00000007fbf80000,0x00000007fbf80000,0x00000007fdf80000)
[5.402s][debug  ][gc,heap        ] GC(17)  ParOldGen       total 1381888K, used 912996K [0x0000000740000000, 0x0000000794580000, 0x00000007f0000000)
[5.402s][debug  ][gc,heap        ] GC(17)   object space 1381888K, 66% used [0x0000000740000000,0x0000000777b99188,0x0000000794580000)
[5.402s][debug  ][gc,heap        ] GC(17)  Metaspace       used 1018K, committed 1152K, reserved 1056768K
[5.402s][debug  ][gc,heap        ] GC(17)   class space    used 83K, committed 192K, reserved 1048576K
[5.402s][debug  ][gc,task,time   ] GC(17) VM-Thread 53948263 53994036 54016324
[5.698s][debug  ][gc,heap        ] GC(18) Heap before GC invocations=19 (full 1):
[5.698s][debug  ][gc,heap        ] GC(18)  PSYoungGen      total 229376K, used 218807K [0x00000007f0000000, 0x0000000800000000, 0x0000000800000000)
[5.698s][debug  ][gc,heap        ] GC(18)   eden space 196096K, 95% used [0x00000007f0000000,0x00000007fb7add18,0x00000007fbf80000)
[5.698s][debug  ][gc,heap        ] GC(18)   from space 33280K, 92% used [0x00000007fdf80000,0x00000007ffd80030,0x0000000800000000)
[5.698s][debug  ][gc,heap        ] GC(18)   to   space 32768K, 0% used [0x00000007fbf80000,0x00000007fbf80000,0x00000007fdf80000)
[5.698s][debug  ][gc,heap        ] GC(18)  ParOldGen       total 1381888K, used 912996K [0x0000000740000000, 0x0000000794580000, 0x00000007f0000000)
[5.698s][debug  ][gc,heap        ] GC(18)   object space 1381888K, 66% used [0x0000000740000000,0x0000000777b99188,0x0000000794580000)
[5.698s][debug  ][gc,heap        ] GC(18)  Metaspace       used 1018K, committed 1152K, reserved 1056768K
[5.698s][debug  ][gc,heap        ] GC(18)   class space    used 83K, committed 192K, reserved 1048576K
[5.698s][debug  ][gc,tlab        ] GC(18) TLAB totals: thrds: 1  refills: 1 max: 1 slow allocs: 17 max 17 waste: 26.9% gc: 3857400B max: 3857400B slow: 0B max: 0B
[5.698s][info   ][gc,start       ] GC(18) Pause Young (Allocation Failure)
[5.698s][debug  ][gc,phases,start] GC(18) Scavenge
[5.713s][debug  ][gc,phases      ] GC(18) Scavenge 15.095ms
[5.714s][debug  ][gc,phases,start] GC(18) Reference Processing
[5.714s][debug  ][gc,ref         ] GC(18) Skipped phase 1 of Reference Processing: no references
[5.714s][debug  ][gc,ref         ] GC(18) Skipped phase 2 of Reference Processing: no references
[5.714s][debug  ][gc,ref         ] GC(18) Skipped phase 3 of Reference Processing: no references
[5.714s][debug  ][gc,ref         ] GC(18) Skipped phase 4 of Reference Processing: no references
[5.714s][debug  ][gc,phases,ref  ] GC(18) Reference Processing: 0.1ms
[5.714s][debug  ][gc,phases,ref  ] GC(18)   Reconsider SoftReferences: 0.0ms
[5.714s][debug  ][gc,phases,ref  ] GC(18)     SoftRef (ms):                  skipped
[5.714s][debug  ][gc,phases,ref  ] GC(18)   Notify Soft/WeakReferences: 0.0ms
[5.714s][debug  ][gc,phases,ref  ] GC(18)     SoftRef (ms):                  skipped
[5.714s][debug  ][gc,phases,ref  ] GC(18)     WeakRef (ms):                  skipped
[5.714s][debug  ][gc,phases,ref  ] GC(18)     FinalRef (ms):                 skipped
[5.714s][debug  ][gc,phases,ref  ] GC(18)     Total (ms):                    skipped
[5.714s][debug  ][gc,phases,ref  ] GC(18)   Notify and keep alive finalizable: 0.0ms
[5.714s][debug  ][gc,phases,ref  ] GC(18)     FinalRef (ms):                 skipped
[5.714s][debug  ][gc,phases,ref  ] GC(18)   Notify PhantomReferences: 0.0ms
[5.714s][debug  ][gc,phases,ref  ] GC(18)     PhantomRef (ms):               skipped
[5.714s][debug  ][gc,phases,ref  ] GC(18)   SoftReference:
[5.714s][debug  ][gc,phases,ref  ] GC(18)     Discovered: 0
[5.714s][debug  ][gc,phases,ref  ] GC(18)     Cleared: 0
[5.714s][debug  ][gc,phases,ref  ] GC(18)   WeakReference:
[5.714s][debug  ][gc,phases,ref  ] GC(18)     Discovered: 0
[5.714s][debug  ][gc,phases,ref  ] GC(18)     Cleared: 0
[5.714s][debug  ][gc,phases,ref  ] GC(18)   FinalReference:
[5.714s][debug  ][gc,phases,ref  ] GC(18)     Discovered: 0
[5.714s][debug  ][gc,phases,ref  ] GC(18)     Cleared: 0
[5.714s][debug  ][gc,phases,ref  ] GC(18)   PhantomReference:
[5.714s][debug  ][gc,phases,ref  ] GC(18)     Discovered: 0
[5.714s][debug  ][gc,phases,ref  ] GC(18)     Cleared: 0
[5.714s][debug  ][gc,phases      ] GC(18) Reference Processing 0.575ms
[5.714s][debug  ][gc,phases,start] GC(18) Weak Processing
[5.714s][debug  ][gc,phases      ] GC(18)   VM Weak                        Min:  0.0, Avg:  0.0, Max:  0.0, Diff:  0.0, Sum:  0.0, Workers: 6
[5.714s][debug  ][gc,phases      ] GC(18)     Dead                           Min: 0, Avg:  0.0, Max: 0, Diff: 0, Sum: 0, Workers: 6
[5.714s][debug  ][gc,phases      ] GC(18)     Total                          Min: 0, Avg:  1.3, Max: 8, Diff: 8, Sum: 8, Workers: 6
[5.714s][debug  ][gc,phases      ] GC(18)   ObjectSynchronizer Weak        Min:  0.0, Avg:  0.0, Max:  0.0, Diff:  0.0, Sum:  0.0, Workers: 6
[5.714s][debug  ][gc,phases      ] GC(18)     Dead                           Min: 0, Avg:  0.0, Max: 0, Diff: 0, Sum: 0, Workers: 6
[5.714s][debug  ][gc,phases      ] GC(18)     Total                          Min: 0, Avg:  0.5, Max: 3, Diff: 3, Sum: 3, Workers: 6
[5.714s][debug  ][gc,phases      ] GC(18)   JVMTI Tag Weak OopStorage      Min:  0.0, Avg:  0.0, Max:  0.0, Diff:  0.0, Sum:  0.0, Workers: 6
[5.714s][debug  ][gc,phases      ] GC(18)     Dead                           Min: 0, Avg:  0.0, Max: 0, Diff: 0, Sum: 0, Workers: 6
[5.714s][debug  ][gc,phases      ] GC(18)     Total                          Min: 0, Avg:  0.0, Max: 0, Diff: 0, Sum: 0, Workers: 6
[5.714s][debug  ][gc,phases      ] GC(18)   StringTable Weak               Min:  0.0, Avg:  0.0, Max:  0.0, Diff:  0.0, Sum:  0.0, Workers: 6
[5.714s][debug  ][gc,phases      ] GC(18)     Dead                           Min: 0, Avg:  0.0, Max: 0, Diff: 0, Sum: 0, Workers: 6
[5.714s][debug  ][gc,phases      ] GC(18)     Total                          Min: 768, Avg: 892.5, Max: 1088, Diff: 320, Sum: 5355, Workers: 6
[5.714s][debug  ][gc,phases      ] GC(18)   ResolvedMethodTable Weak       Min:  0.0, Avg:  0.0, Max:  0.0, Diff:  0.0, Sum:  0.0, Workers: 6
[5.714s][debug  ][gc,phases      ] GC(18)     Dead                           Min: 0, Avg:  0.0, Max: 0, Diff: 0, Sum: 0, Workers: 6
[5.714s][debug  ][gc,phases      ] GC(18)     Total                          Min: 0, Avg: 21.7, Max: 64, Diff: 64, Sum: 130, Workers: 6
[5.714s][debug  ][gc,phases      ] GC(18)   JNI Weak                       Min:  0.0, Avg:  0.0, Max:  0.0, Diff:  0.0, Sum:  0.0, Workers: 6
[5.715s][debug  ][gc,phases      ] GC(18)     Dead                           Min: 0, Avg:  0.0, Max: 0, Diff: 0, Sum: 0, Workers: 6
[5.715s][debug  ][gc,phases      ] GC(18)     Total                          Min: 0, Avg:  0.0, Max: 0, Diff: 0, Sum: 0, Workers: 6
[5.715s][debug  ][gc,phases      ] GC(18)   StringDedup Table Weak         Min:  0.0, Avg:  0.0, Max:  0.0, Diff:  0.0, Sum:  0.0, Workers: 6
[5.715s][debug  ][gc,phases      ] GC(18)     Dead                           Min: 0, Avg:  0.0, Max: 0, Diff: 0, Sum: 0, Workers: 6
[5.715s][debug  ][gc,phases      ] GC(18)     Total                          Min: 0, Avg:  0.0, Max: 0, Diff: 0, Sum: 0, Workers: 6
[5.715s][debug  ][gc,phases      ] GC(18)   StringDedup Requests0 Weak     Min:  0.0, Avg:  0.0, Max:  0.0, Diff:  0.0, Sum:  0.0, Workers: 6
[5.715s][debug  ][gc,phases      ] GC(18)     Dead                           Min: 0, Avg:  0.0, Max: 0, Diff: 0, Sum: 0, Workers: 6
[5.715s][debug  ][gc,phases      ] GC(18)     Total                          Min: 0, Avg:  0.0, Max: 0, Diff: 0, Sum: 0, Workers: 6
[5.715s][debug  ][gc,phases      ] GC(18)   StringDedup Requests1 Weak     Min:  0.0, Avg:  0.0, Max:  0.0, Diff:  0.0, Sum:  0.0, Workers: 6
[5.715s][debug  ][gc,phases      ] GC(18)     Dead                           Min: 0, Avg:  0.0, Max: 0, Diff: 0, Sum: 0, Workers: 6
[5.715s][debug  ][gc,phases      ] GC(18)     Total                          Min: 0, Avg:  0.0, Max: 0, Diff: 0, Sum: 0, Workers: 6
[5.715s][debug  ][gc,phases      ] GC(18)   Weak JFR Old Object Samples    Min:  0.0, Avg:  0.0, Max:  0.0, Diff:  0.0, Sum:  0.0, Workers: 6
[5.715s][debug  ][gc,phases      ] GC(18)     Dead                           Min: 0, Avg:  0.0, Max: 0, Diff: 0, Sum: 0, Workers: 6
[5.715s][debug  ][gc,phases      ] GC(18)     Total                          Min: 0, Avg:  0.0, Max: 0, Diff: 0, Sum: 0, Workers: 6
[5.715s][debug  ][gc,phases      ] GC(18) Weak Processing 0.681ms
[5.715s][debug  ][gc,ergo        ] GC(18) AdaptiveSizeStart:  collection: 19 
[5.715s][debug  ][gc,ergo        ] GC(18) avg_survived_padded_avg: 33452498.000000
[5.715s][debug  ][gc,ergo        ] GC(18) avg_promoted_padded_avg: 263262096.000000  avg_pretenured_padded_avg: 0.000000  tenuring_thresh: 1  target_size: 33554432
[5.715s][debug  ][gc,age         ] GC(18) Desired survivor size 33554432 bytes, new threshold 1 (max threshold 15)
[5.715s][debug  ][gc,ergo        ] GC(18) PSAdaptiveSizePolicy::compute_eden_space_size limits: desired_eden_size: 255484201 old_eden_size: 200278016 eden_limit: 200802304 cur_eden: 200802304 max_eden_size: 200802304 avg_young_live: 29289034
[5.715s][debug  ][gc,ergo        ] GC(18) PSAdaptiveSizePolicy::compute_eden_space_size: costs minor_time: 0.051147 major_cost: 0.024374 mutator_cost: 0.924479 throughput_goal: 0.990000
[5.715s][debug  ][gc,ergo        ] GC(18) Live_space: 1211661312 free_space: 457703424
[5.715s][debug  ][gc,ergo        ] GC(18) Old eden_size: 200278016 desired_eden_size: 200802304
[5.715s][debug  ][gc,ergo        ] GC(18) AdaptiveSizeStop: collection: 19 
[5.715s][info   ][gc,heap        ] GC(18) PSYoungGen: 218807K(229376K)->30720K(228864K) Eden: 188087K(196096K)->0K(196096K) From: 30720K(33280K)->30720K(32768K)
[5.715s][info   ][gc,heap        ] GC(18) ParOldGen: 912996K(1381888K)->1097316K(1381888K)
[5.715s][info   ][gc,metaspace   ] GC(18) Metaspace: 1018K(1152K)->1018K(1152K) NonClass: 935K(960K)->935K(960K) Class: 83K(192K)->83K(192K)
[5.715s][info   ][gc             ] GC(18) Pause Young (Allocation Failure) 1105M->1101M(1573M) 16.781ms
[5.715s][info   ][gc,cpu         ] GC(18) User=0.16s Sys=0.00s Real=0.02s
[5.715s][debug  ][gc,heap        ] GC(18) Heap after GC invocations=19 (full 1):
[5.715s][debug  ][gc,heap        ] GC(18)  PSYoungGen      total 228864K, used 30720K [0x00000007f0000000, 0x0000000800000000, 0x0000000800000000)
[5.715s][debug  ][gc,heap        ] GC(18)   eden space 196096K, 0% used [0x00000007f0000000,0x00000007f0000000,0x00000007fbf80000)
[5.715s][debug  ][gc,heap        ] GC(18)   from space 32768K, 93% used [0x00000007fbf80000,0x00000007fdd80030,0x00000007fdf80000)
[5.715s][debug  ][gc,heap        ] GC(18)   to   space 32768K, 0% used [0x00000007fe000000,0x00000007fe000000,0x0000000800000000)
[5.715s][debug  ][gc,heap        ] GC(18)  ParOldGen       total 1381888K, used 1097316K [0x0000000740000000, 0x0000000794580000, 0x00000007f0000000)
[5.715s][debug  ][gc,heap        ] GC(18)   object space 1381888K, 79% used [0x0000000740000000,0x0000000782f992a8,0x0000000794580000)
[5.715s][debug  ][gc,heap        ] GC(18)  Metaspace       used 1018K, committed 1152K, reserved 1056768K
[5.715s][debug  ][gc,heap        ] GC(18)   class space    used 83K, committed 192K, reserved 1048576K
[5.715s][debug  ][gc,task,time   ] GC(18) VM-Thread 56979219 57135137 57153190
[5.998s][debug  ][gc,heap        ] GC(19) Heap before GC invocations=20 (full 1):
[5.998s][debug  ][gc,heap        ] GC(19)  PSYoungGen      total 228864K, used 218834K [0x00000007f0000000, 0x0000000800000000, 0x0000000800000000)
[5.998s][debug  ][gc,heap        ] GC(19)   eden space 196096K, 95% used [0x00000007f0000000,0x00000007fb7b4810,0x00000007fbf80000)
[5.998s][debug  ][gc,heap        ] GC(19)   from space 32768K, 93% used [0x00000007fbf80000,0x00000007fdd80030,0x00000007fdf80000)
[5.998s][debug  ][gc,heap        ] GC(19)   to   space 32768K, 0% used [0x00000007fe000000,0x00000007fe000000,0x0000000800000000)
[5.998s][debug  ][gc,heap        ] GC(19)  ParOldGen       total 1381888K, used 1097316K [0x0000000740000000, 0x0000000794580000, 0x00000007f0000000)
[5.998s][debug  ][gc,heap        ] GC(19)   object space 1381888K, 79% used [0x0000000740000000,0x0000000782f992a8,0x0000000794580000)
[5.998s][debug  ][gc,heap        ] GC(19)  Metaspace       used 1018K, committed 1152K, reserved 1056768K
[5.998s][debug  ][gc,heap        ] GC(19)   class space    used 83K, committed 192K, reserved 1048576K
[5.998s][debug  ][gc,tlab        ] GC(19) TLAB totals: thrds: 1  refills: 1 max: 1 slow allocs: 17 max 17 waste: 27.0% gc: 3884784B max: 3884784B slow: 0B max: 0B
[5.998s][info   ][gc,start       ] GC(19) Pause Young (Allocation Failure)
[5.999s][debug  ][gc,phases,start] GC(19) Scavenge
[6.013s][debug  ][gc,phases      ] GC(19) Scavenge 14.906ms
[6.014s][debug  ][gc,phases,start] GC(19) Reference Processing
[6.014s][debug  ][gc,ref         ] GC(19) Skipped phase 1 of Reference Processing: no references
[6.014s][debug  ][gc,ref         ] GC(19) Skipped phase 2 of Reference Processing: no references
[6.014s][debug  ][gc,ref         ] GC(19) Skipped phase 3 of Reference Processing: no references
[6.014s][debug  ][gc,ref         ] GC(19) Skipped phase 4 of Reference Processing: no references
[6.014s][debug  ][gc,phases,ref  ] GC(19) Reference Processing: 0.1ms
[6.014s][debug  ][gc,phases,ref  ] GC(19)   Reconsider SoftReferences: 0.0ms
[6.014s][debug  ][gc,phases,ref  ] GC(19)     SoftRef (ms):                  skipped
[6.014s][debug  ][gc,phases,ref  ] GC(19)   Notify Soft/WeakReferences: 0.0ms
[6.014s][debug  ][gc,phases,ref  ] GC(19)     SoftRef (ms):                  skipped
[6.014s][debug  ][gc,phases,ref  ] GC(19)     WeakRef (ms):                  skipped
[6.014s][debug  ][gc,phases,ref  ] GC(19)     FinalRef (ms):                 skipped
[6.014s][debug  ][gc,phases,ref  ] GC(19)     Total (ms):                    skipped
[6.014s][debug  ][gc,phases,ref  ] GC(19)   Notify and keep alive finalizable: 0.0ms
[6.014s][debug  ][gc,phases,ref  ] GC(19)     FinalRef (ms):                 skipped
[6.014s][debug  ][gc,phases,ref  ] GC(19)   Notify PhantomReferences: 0.0ms
[6.014s][debug  ][gc,phases,ref  ] GC(19)     PhantomRef (ms):               skipped
[6.014s][debug  ][gc,phases,ref  ] GC(19)   SoftReference:
[6.014s][debug  ][gc,phases,ref  ] GC(19)     Discovered: 0
[6.014s][debug  ][gc,phases,ref  ] GC(19)     Cleared: 0
[6.014s][debug  ][gc,phases,ref  ] GC(19)   WeakReference:
[6.014s][debug  ][gc,phases,ref  ] GC(19)     Discovered: 0
[6.014s][debug  ][gc,phases,ref  ] GC(19)     Cleared: 0
[6.014s][debug  ][gc,phases,ref  ] GC(19)   FinalReference:
[6.014s][debug  ][gc,phases,ref  ] GC(19)     Discovered: 0
[6.014s][debug  ][gc,phases,ref  ] GC(19)     Cleared: 0
[6.014s][debug  ][gc,phases,ref  ] GC(19)   PhantomReference:
[6.014s][debug  ][gc,phases,ref  ] GC(19)     Discovered: 0
[6.014s][debug  ][gc,phases,ref  ] GC(19)     Cleared: 0
[6.014s][debug  ][gc,phases      ] GC(19) Reference Processing 0.691ms
[6.014s][debug  ][gc,phases,start] GC(19) Weak Processing
[6.014s][debug  ][gc,phases      ] GC(19)   VM Weak                        Min:  0.0, Avg:  0.0, Max:  0.0, Diff:  0.0, Sum:  0.0, Workers: 6
[6.014s][debug  ][gc,phases      ] GC(19)     Dead                           Min: 0, Avg:  0.0, Max: 0, Diff: 0, Sum: 0, Workers: 6
[6.014s][debug  ][gc,phases      ] GC(19)     Total                          Min: 0, Avg:  1.3, Max: 8, Diff: 8, Sum: 8, Workers: 6
[6.014s][debug  ][gc,phases      ] GC(19)   ObjectSynchronizer Weak        Min:  0.0, Avg:  0.0, Max:  0.0, Diff:  0.0, Sum:  0.0, Workers: 6
[6.014s][debug  ][gc,phases      ] GC(19)     Dead                           Min: 0, Avg:  0.0, Max: 0, Diff: 0, Sum: 0, Workers: 6
[6.014s][debug  ][gc,phases      ] GC(19)     Total                          Min: 0, Avg:  0.5, Max: 3, Diff: 3, Sum: 3, Workers: 6
[6.014s][debug  ][gc,phases      ] GC(19)   JVMTI Tag Weak OopStorage      Min:  0.0, Avg:  0.0, Max:  0.0, Diff:  0.0, Sum:  0.0, Workers: 6
[6.014s][debug  ][gc,phases      ] GC(19)     Dead                           Min: 0, Avg:  0.0, Max: 0, Diff: 0, Sum: 0, Workers: 6
[6.014s][debug  ][gc,phases      ] GC(19)     Total                          Min: 0, Avg:  0.0, Max: 0, Diff: 0, Sum: 0, Workers: 6
[6.014s][debug  ][gc,phases      ] GC(19)   StringTable Weak               Min:  0.0, Avg:  0.0, Max:  0.0, Diff:  0.0, Sum:  0.0, Workers: 6
[6.014s][debug  ][gc,phases      ] GC(19)     Dead                           Min: 0, Avg:  0.0, Max: 0, Diff: 0, Sum: 0, Workers: 6
[6.015s][debug  ][gc,phases      ] GC(19)     Total                          Min: 748, Avg: 892.5, Max: 1024, Diff: 276, Sum: 5355, Workers: 6
[6.015s][debug  ][gc,phases      ] GC(19)   ResolvedMethodTable Weak       Min:  0.0, Avg:  0.0, Max:  0.0, Diff:  0.0, Sum:  0.0, Workers: 6
[6.015s][debug  ][gc,phases      ] GC(19)     Dead                           Min: 0, Avg:  0.0, Max: 0, Diff: 0, Sum: 0, Workers: 6
[6.015s][debug  ][gc,phases      ] GC(19)     Total                          Min: 0, Avg: 21.7, Max: 64, Diff: 64, Sum: 130, Workers: 6
[6.015s][debug  ][gc,phases      ] GC(19)   JNI Weak                       Min:  0.0, Avg:  0.0, Max:  0.0, Diff:  0.0, Sum:  0.0, Workers: 6
[6.015s][debug  ][gc,phases      ] GC(19)     Dead                           Min: 0, Avg:  0.0, Max: 0, Diff: 0, Sum: 0, Workers: 6
[6.015s][debug  ][gc,phases      ] GC(19)     Total                          Min: 0, Avg:  0.0, Max: 0, Diff: 0, Sum: 0, Workers: 6
[6.015s][debug  ][gc,phases      ] GC(19)   StringDedup Table Weak         Min:  0.0, Avg:  0.0, Max:  0.0, Diff:  0.0, Sum:  0.0, Workers: 6
[6.015s][debug  ][gc,phases      ] GC(19)     Dead                           Min: 0, Avg:  0.0, Max: 0, Diff: 0, Sum: 0, Workers: 6
[6.015s][debug  ][gc,phases      ] GC(19)     Total                          Min: 0, Avg:  0.0, Max: 0, Diff: 0, Sum: 0, Workers: 6
[6.015s][debug  ][gc,phases      ] GC(19)   StringDedup Requests0 Weak     Min:  0.0, Avg:  0.0, Max:  0.0, Diff:  0.0, Sum:  0.0, Workers: 6
[6.015s][debug  ][gc,phases      ] GC(19)     Dead                           Min: 0, Avg:  0.0, Max: 0, Diff: 0, Sum: 0, Workers: 6
[6.015s][debug  ][gc,phases      ] GC(19)     Total                          Min: 0, Avg:  0.0, Max: 0, Diff: 0, Sum: 0, Workers: 6
[6.015s][debug  ][gc,phases      ] GC(19)   StringDedup Requests1 Weak     Min:  0.0, Avg:  0.0, Max:  0.0, Diff:  0.0, Sum:  0.0, Workers: 6
[6.015s][debug  ][gc,phases      ] GC(19)     Dead                           Min: 0, Avg:  0.0, Max: 0, Diff: 0, Sum: 0, Workers: 6
[6.015s][debug  ][gc,phases      ] GC(19)     Total                          Min: 0, Avg:  0.0, Max: 0, Diff: 0, Sum: 0, Workers: 6
[6.015s][debug  ][gc,phases      ] GC(19)   Weak JFR Old Object Samples    Min:  0.0, Avg:  0.0, Max:  0.0, Diff:  0.0, Sum:  0.0, Workers: 6
[6.015s][debug  ][gc,phases      ] GC(19)     Dead                           Min: 0, Avg:  0.0, Max: 0, Diff: 0, Sum: 0, Workers: 6
[6.015s][debug  ][gc,phases      ] GC(19)     Total                          Min: 0, Avg:  0.0, Max: 0, Diff: 0, Sum: 0, Workers: 6
[6.015s][debug  ][gc,phases      ] GC(19) Weak Processing 0.676ms
[6.015s][debug  ][gc,ergo        ] GC(19) AdaptiveSizeStart:  collection: 20 
[6.015s][debug  ][gc,ergo        ] GC(19) avg_survived_padded_avg: 33366908.000000
[6.015s][debug  ][gc,ergo        ] GC(19) avg_promoted_padded_avg: 262922272.000000  avg_pretenured_padded_avg: 0.000000  tenuring_thresh: 1  target_size: 33554432
[6.015s][debug  ][gc,age         ] GC(19) Desired survivor size 33554432 bytes, new threshold 1 (max threshold 15)
[6.015s][debug  ][gc,ergo        ] GC(19) PSAdaptiveSizePolicy::compute_eden_space_size limits: desired_eden_size: 255782727 old_eden_size: 200802304 eden_limit: 201326592 cur_eden: 200802304 max_eden_size: 201326592 avg_young_live: 29505862
[6.015s][debug  ][gc,ergo        ] GC(19) PSAdaptiveSizePolicy::compute_eden_space_size: costs minor_time: 0.052022 major_cost: 0.024374 mutator_cost: 0.923604 throughput_goal: 0.990000
[6.015s][debug  ][gc,ergo        ] GC(19) Live_space: 1211878144 free_space: 458227712
[6.015s][debug  ][gc,ergo        ] GC(19) Old eden_size: 200802304 desired_eden_size: 201326592
[6.015s][debug  ][gc,ergo        ] GC(19) AdaptiveSizeStop: collection: 20 
[6.015s][info   ][gc,heap        ] GC(19) PSYoungGen: 218834K(228864K)->30720K(229376K) Eden: 188114K(196096K)->0K(196608K) From: 30720K(32768K)->30720K(32768K)
[6.015s][info   ][gc,heap        ] GC(19) ParOldGen: 1097316K(1381888K)->1281636K(1381888K)
[6.015s][info   ][gc,metaspace   ] GC(19) Metaspace: 1018K(1152K)->1018K(1152K) NonClass: 935K(960K)->935K(960K) Class: 83K(192K)->83K(192K)
[6.015s][info   ][gc             ] GC(19) Pause Young (Allocation Failure) 1285M->1281M(1573M) 16.719ms
[6.015s][info   ][gc,cpu         ] GC(19) User=0.16s Sys=0.00s Real=0.02s
[6.015s][debug  ][gc,heap        ] GC(19) Heap after GC invocations=20 (full 1):
[6.015s][debug  ][gc,heap        ] GC(19)  PSYoungGen      total 229376K, used 30720K [0x00000007f0000000, 0x0000000800000000, 0x0000000800000000)
[6.015s][debug  ][gc,heap        ] GC(19)   eden space 196608K, 0% used [0x00000007f0000000,0x00000007f0000000,0x00000007fc000000)
[6.015s][debug  ][gc,heap        ] GC(19)   from space 32768K, 93% used [0x00000007fe000000,0x00000007ffe00030,0x0000000800000000)
[6.015s][debug  ][gc,heap        ] GC(19)   to   space 32768K, 0% used [0x00000007fc000000,0x00000007fc000000,0x00000007fe000000)
[6.015s][debug  ][gc,heap        ] GC(19)  ParOldGen       total 1381888K, used 1281636K [0x0000000740000000, 0x0000000794580000, 0x00000007f0000000)
[6.015s][debug  ][gc,heap        ] GC(19)   object space 1381888K, 92% used [0x0000000740000000,0x000000078e3993c8,0x0000000794580000)
[6.015s][debug  ][gc,heap        ] GC(19)  Metaspace       used 1018K, committed 1152K, reserved 1056768K
[6.015s][debug  ][gc,heap        ] GC(19)   class space    used 83K, committed 192K, reserved 1048576K
[6.015s][debug  ][gc,task,time   ] GC(19) VM-Thread 59980140 60135036 60154254
[6.015s][debug  ][gc,phases,start] GC(20) Pre Compact
[6.015s][debug  ][gc,heap        ] GC(20) Heap before GC invocations=21 (full 2):
[6.015s][debug  ][gc,heap        ] GC(20)  PSYoungGen      total 229376K, used 30720K [0x00000007f0000000, 0x0000000800000000, 0x0000000800000000)
[6.016s][debug  ][gc,heap        ] GC(20)   eden space 196608K, 0% used [0x00000007f0000000,0x00000007f0000000,0x00000007fc000000)
[6.016s][debug  ][gc,heap        ] GC(20)   from space 32768K, 93% used [0x00000007fe000000,0x00000007ffe00030,0x0000000800000000)
[6.016s][debug  ][gc,heap        ] GC(20)   to   space 32768K, 0% used [0x00000007fc000000,0x00000007fc000000,0x00000007fe000000)
[6.016s][debug  ][gc,heap        ] GC(20)  ParOldGen       total 1381888K, used 1281636K [0x0000000740000000, 0x0000000794580000, 0x00000007f0000000)
[6.016s][debug  ][gc,heap        ] GC(20)   object space 1381888K, 92% used [0x0000000740000000,0x000000078e3993c8,0x0000000794580000)
[6.016s][debug  ][gc,heap        ] GC(20)  Metaspace       used 1018K, committed 1152K, reserved 1056768K
[6.016s][debug  ][gc,heap        ] GC(20)   class space    used 83K, committed 192K, reserved 1048576K
[6.016s][debug  ][gc,phases      ] GC(20) Pre Compact 0.203ms
[6.016s][info   ][gc,start       ] GC(20) Pause Full (Ergonomics)
[6.016s][info   ][gc,phases,start] GC(20) Marking Phase
[6.016s][debug  ][gc,phases,start] GC(20) Par Mark
[6.016s][debug  ][gc,phases      ] GC(20) Par Mark 0.487ms
[6.016s][debug  ][gc,phases,start] GC(20) Reference Processing
[6.016s][debug  ][gc,ref         ] GC(20) Skipped phase 1 of Reference Processing: no references
[6.016s][debug  ][gc,ref         ] GC(20) ReferenceProcessor::execute queues: 1, RefProcThreadModel::Single, marks_oops_alive: false
[6.016s][debug  ][gc,ref         ] GC(20) Skipped phase 3 of Reference Processing: no references
[6.016s][debug  ][gc,ref         ] GC(20) ReferenceProcessor::execute queues: 1, RefProcThreadModel::Single, marks_oops_alive: false
[6.016s][debug  ][gc,phases,ref  ] GC(20) Reference Processing: 0.1ms
[6.016s][debug  ][gc,phases,ref  ] GC(20)   Reconsider SoftReferences: 0.0ms
[6.016s][debug  ][gc,phases,ref  ] GC(20)     SoftRef (ms):                  skipped
[6.016s][debug  ][gc,phases,ref  ] GC(20)   Notify Soft/WeakReferences: 0.0ms
[6.016s][debug  ][gc,phases,ref  ] GC(20)     SoftRef (ms):                  Min:  0.0, Avg:  0.0, Max:  0.0, Diff:  0.0, Sum:  0.0, Workers: 10
[6.016s][debug  ][gc,phases,ref  ] GC(20)     WeakRef (ms):                  Min:  0.0, Avg:  0.0, Max:  0.0, Diff:  0.0, Sum:  0.0, Workers: 10
[6.016s][debug  ][gc,phases,ref  ] GC(20)     FinalRef (ms):                 Min:  0.0, Avg:  0.0, Max:  0.0, Diff:  0.0, Sum:  0.0, Workers: 10
[6.016s][debug  ][gc,phases,ref  ] GC(20)     Total (ms):                    Min:  0.0, Avg:  0.0, Max:  0.0, Diff:  0.0, Sum:  0.0, Workers: 10
[6.017s][debug  ][gc,phases,ref  ] GC(20)   Notify and keep alive finalizable: 0.0ms
[6.017s][debug  ][gc,phases,ref  ] GC(20)     FinalRef (ms):                 skipped
[6.017s][debug  ][gc,phases,ref  ] GC(20)   Notify PhantomReferences: 0.0ms
[6.017s][debug  ][gc,phases,ref  ] GC(20)     PhantomRef (ms):               Min:  0.0, Avg:  0.0, Max:  0.0, Diff:  0.0, Sum:  0.0, Workers: 10
[6.017s][debug  ][gc,phases,ref  ] GC(20)   SoftReference:
[6.017s][debug  ][gc,phases,ref  ] GC(20)     Discovered: 0
[6.017s][debug  ][gc,phases,ref  ] GC(20)     Cleared: 0
[6.017s][debug  ][gc,phases,ref  ] GC(20)   WeakReference:
[6.017s][debug  ][gc,phases,ref  ] GC(20)     Discovered: 71
[6.017s][debug  ][gc,phases,ref  ] GC(20)     Cleared: 71
[6.017s][debug  ][gc,phases,ref  ] GC(20)   FinalReference:
[6.017s][debug  ][gc,phases,ref  ] GC(20)     Discovered: 0
[6.017s][debug  ][gc,phases,ref  ] GC(20)     Cleared: 0
[6.017s][debug  ][gc,phases,ref  ] GC(20)   PhantomReference:
[6.017s][debug  ][gc,phases,ref  ] GC(20)     Discovered: 3
[6.017s][debug  ][gc,phases,ref  ] GC(20)     Cleared: 3
[6.017s][debug  ][gc,phases      ] GC(20) Reference Processing 0.571ms
[6.017s][debug  ][gc,phases,start] GC(20) Weak Processing
[6.017s][debug  ][gc,phases      ] GC(20)   VM Weak                        Min:  0.0, Avg:  0.0, Max:  0.0, Diff:  0.0, Sum:  0.0, Workers: 6
[6.017s][debug  ][gc,phases      ] GC(20)     Dead                           Min: 0, Avg:  0.0, Max: 0, Diff: 0, Sum: 0, Workers: 6
[6.017s][debug  ][gc,phases      ] GC(20)     Total                          Min: 0, Avg:  1.3, Max: 8, Diff: 8, Sum: 8, Workers: 6
[6.017s][debug  ][gc,phases      ] GC(20)   ObjectSynchronizer Weak        Min:  0.0, Avg:  0.0, Max:  0.0, Diff:  0.0, Sum:  0.0, Workers: 6
[6.017s][debug  ][gc,phases      ] GC(20)     Dead                           Min: 0, Avg:  0.0, Max: 0, Diff: 0, Sum: 0, Workers: 6
[6.017s][debug  ][gc,phases      ] GC(20)     Total                          Min: 0, Avg:  0.5, Max: 3, Diff: 3, Sum: 3, Workers: 6
[6.017s][debug  ][gc,phases      ] GC(20)   JVMTI Tag Weak OopStorage      Min:  0.0, Avg:  0.0, Max:  0.0, Diff:  0.0, Sum:  0.0, Workers: 6
[6.017s][debug  ][gc,phases      ] GC(20)     Dead                           Min: 0, Avg:  0.0, Max: 0, Diff: 0, Sum: 0, Workers: 6
[6.017s][debug  ][gc,phases      ] GC(20)     Total                          Min: 0, Avg:  0.0, Max: 0, Diff: 0, Sum: 0, Workers: 6
[6.017s][debug  ][gc,phases      ] GC(20)   StringTable Weak               Min:  0.0, Avg:  0.0, Max:  0.0, Diff:  0.0, Sum:  0.0, Workers: 6
[6.017s][debug  ][gc,phases      ] GC(20)     Dead                           Min: 0, Avg:  0.0, Max: 0, Diff: 0, Sum: 0, Workers: 6
[6.017s][debug  ][gc,phases      ] GC(20)     Total                          Min: 575, Avg: 892.5, Max: 1260, Diff: 685, Sum: 5355, Workers: 6
[6.017s][debug  ][gc,phases      ] GC(20)   ResolvedMethodTable Weak       Min:  0.0, Avg:  0.0, Max:  0.0, Diff:  0.0, Sum:  0.0, Workers: 6
[6.017s][debug  ][gc,phases      ] GC(20)     Dead                           Min: 0, Avg:  0.0, Max: 0, Diff: 0, Sum: 0, Workers: 6
[6.017s][debug  ][gc,phases      ] GC(20)     Total                          Min: 0, Avg: 21.7, Max: 64, Diff: 64, Sum: 130, Workers: 6
[6.017s][debug  ][gc,phases      ] GC(20)   JNI Weak                       Min:  0.0, Avg:  0.0, Max:  0.0, Diff:  0.0, Sum:  0.0, Workers: 6
[6.017s][debug  ][gc,phases      ] GC(20)     Dead                           Min: 0, Avg:  0.0, Max: 0, Diff: 0, Sum: 0, Workers: 6
[6.017s][debug  ][gc,phases      ] GC(20)     Total                          Min: 0, Avg:  0.0, Max: 0, Diff: 0, Sum: 0, Workers: 6
[6.017s][debug  ][gc,phases      ] GC(20)   StringDedup Table Weak         Min:  0.0, Avg:  0.0, Max:  0.0, Diff:  0.0, Sum:  0.0, Workers: 6
[6.017s][debug  ][gc,phases      ] GC(20)     Dead                           Min: 0, Avg:  0.0, Max: 0, Diff: 0, Sum: 0, Workers: 6
[6.017s][debug  ][gc,phases      ] GC(20)     Total                          Min: 0, Avg:  0.0, Max: 0, Diff: 0, Sum: 0, Workers: 6
[6.017s][debug  ][gc,phases      ] GC(20)   StringDedup Requests0 Weak     Min:  0.0, Avg:  0.0, Max:  0.0, Diff:  0.0, Sum:  0.0, Workers: 6
[6.017s][debug  ][gc,phases      ] GC(20)     Dead                           Min: 0, Avg:  0.0, Max: 0, Diff: 0, Sum: 0, Workers: 6
[6.017s][debug  ][gc,phases      ] GC(20)     Total                          Min: 0, Avg:  0.0, Max: 0, Diff: 0, Sum: 0, Workers: 6
[6.017s][debug  ][gc,phases      ] GC(20)   StringDedup Requests1 Weak     Min:  0.0, Avg:  0.0, Max:  0.0, Diff:  0.0, Sum:  0.0, Workers: 6
[6.017s][debug  ][gc,phases      ] GC(20)     Dead                           Min: 0, Avg:  0.0, Max: 0, Diff: 0, Sum: 0, Workers: 6
[6.017s][debug  ][gc,phases      ] GC(20)     Total                          Min: 0, Avg:  0.0, Max: 0, Diff: 0, Sum: 0, Workers: 6
[6.017s][debug  ][gc,phases      ] GC(20)   Weak JFR Old Object Samples    Min:  0.0, Avg:  0.0, Max:  0.0, Diff:  0.0, Sum:  0.0, Workers: 6
[6.017s][debug  ][gc,phases      ] GC(20)     Dead                           Min: 0, Avg:  0.0, Max: 0, Diff: 0, Sum: 0, Workers: 6
[6.017s][debug  ][gc,phases      ] GC(20)     Total                          Min: 0, Avg:  0.0, Max: 0, Diff: 0, Sum: 0, Workers: 6
[6.017s][debug  ][gc,phases      ] GC(20) Weak Processing 0.649ms
[6.017s][debug  ][gc,phases,start] GC(20) Class Unloading
[6.018s][debug  ][gc,phases,start] GC(20) ClassLoaderData
[6.018s][debug  ][gc,phases      ] GC(20) ClassLoaderData 0.019ms
[6.018s][debug  ][gc,phases,start] GC(20) Trigger cleanups
[6.018s][debug  ][gc,phases      ] GC(20) Trigger cleanups 0.019ms
[6.018s][debug  ][gc,phases      ] GC(20) Class Unloading 0.249ms
[6.018s][info   ][gc,phases      ] GC(20) Marking Phase 2.063ms
[6.018s][info   ][gc,phases,start] GC(20) Summary Phase
[6.018s][info   ][gc,phases      ] GC(20) Summary Phase 0.033ms
[6.018s][info   ][gc,phases,start] GC(20) Adjust Roots
[6.018s][info   ][gc,phases      ] GC(20) Adjust Roots 0.128ms
[6.018s][info   ][gc,phases,start] GC(20) Compaction Phase
[6.063s][info   ][gc,phases      ] GC(20) Compaction Phase 44.941ms
[6.063s][info   ][gc,phases,start] GC(20) Post Compact
[6.067s][info   ][gc,phases      ] GC(20) Post Compact 3.808ms
[6.067s][debug  ][gc,ergo        ] GC(20) AdaptiveSizeStart: collection: 21 
[6.067s][debug  ][gc,ergo        ] GC(20) PSAdaptiveSizePolicy::compute_eden_space_size limits: desired_eden_size: 248314466 old_eden_size: 201326592 eden_limit: 201326592 cur_eden: 201326592 max_eden_size: 201326592 avg_young_live: 26555276
[6.067s][debug  ][gc,ergo        ] GC(20) PSAdaptiveSizePolicy::compute_eden_space_size: costs minor_time: 0.052022 major_cost: 0.037369 mutator_cost: 0.910609 throughput_goal: 0.990000
[6.067s][debug  ][gc,ergo        ] GC(20) Live_space: 1208927488 free_space: 458752000
[6.067s][debug  ][gc,ergo        ] GC(20) Old eden_size: 201326592 desired_eden_size: 201326592
[6.067s][debug  ][gc,ergo        ] GC(20) PSAdaptiveSizePolicy::compute_old_gen_free_space: costs minor_time: 0.052022 major_cost: 0.037369  mutator_cost: 0.910609 throughput_goal: 0.990000
[6.067s][debug  ][gc,ergo        ] GC(20) Live_space: 967754624 free_space: 458752000
[6.067s][debug  ][gc,ergo        ] GC(20) Old promo_size: 257425408 desired_promo_size: 365428736
[6.084s][debug  ][gc             ] GC(20) Shrinking ParOldGen from 1381888K by 346624K to 1035264K
[6.084s][debug  ][gc,ergo        ] GC(20) AdaptiveSizeStop: collection: 21 
[6.084s][info   ][gc,heap        ] GC(20) PSYoungGen: 30720K(229376K)->0K(229376K) Eden: 0K(196608K)->0K(196608K) From: 30720K(32768K)->0K(32768K)
[6.084s][info   ][gc,heap        ] GC(20) ParOldGen: 1281636K(1381888K)->421475K(1035264K)
[6.084s][info   ][gc,metaspace   ] GC(20) Metaspace: 1018K(1152K)->1018K(1152K) NonClass: 935K(960K)->935K(960K) Class: 83K(192K)->83K(192K)
[6.084s][info   ][gc             ] GC(20) Pause Full (Ergonomics) 1281M->411M(1235M) 68.572ms
[6.084s][info   ][gc,cpu         ] GC(20) User=0.47s Sys=0.03s Real=0.07s
[6.084s][debug  ][gc,heap        ] GC(20) Heap after GC invocations=21 (full 2):
[6.084s][debug  ][gc,heap        ] GC(20)  PSYoungGen      total 229376K, used 0K [0x00000007f0000000, 0x0000000800000000, 0x0000000800000000)
[6.084s][debug  ][gc,heap        ] GC(20)   eden space 196608K, 0% used [0x00000007f0000000,0x00000007f0000000,0x00000007fc000000)
[6.084s][debug  ][gc,heap        ] GC(20)   from space 32768K, 0% used [0x00000007fc000000,0x00000007fc000000,0x00000007fe000000)
[6.084s][debug  ][gc,heap        ] GC(20)   to   space 32768K, 0% used [0x00000007fe000000,0x00000007fe000000,0x0000000800000000)
[6.084s][debug  ][gc,heap        ] GC(20)  ParOldGen       total 1035264K, used 421475K [0x0000000740000000, 0x000000077f300000, 0x00000007f0000000)
[6.084s][debug  ][gc,heap        ] GC(20)   object space 1035264K, 40% used [0x0000000740000000,0x0000000759b98e88,0x000000077f300000)
[6.084s][debug  ][gc,heap        ] GC(20)  Metaspace       used 1018K, committed 1152K, reserved 1056768K
[6.084s][debug  ][gc,heap        ] GC(20)   class space    used 83K, committed 192K, reserved 1048576K
[6.084s][debug  ][gc,task,time   ] GC(20) VM-Thread 60156957 60180074 60842963
[6.378s][debug  ][gc,heap        ] GC(21) Heap before GC invocations=22 (full 2):
[6.378s][debug  ][gc,heap        ] GC(21)  PSYoungGen      total 229376K, used 188141K [0x00000007f0000000, 0x0000000800000000, 0x0000000800000000)
[6.378s][debug  ][gc,heap        ] GC(21)   eden space 196608K, 95% used [0x00000007f0000000,0x00000007fb7bb490,0x00000007fc000000)
[6.378s][debug  ][gc,heap        ] GC(21)   from space 32768K, 0% used [0x00000007fc000000,0x00000007fc000000,0x00000007fe000000)
[6.378s][debug  ][gc,heap        ] GC(21)   to   space 32768K, 0% used [0x00000007fe000000,0x00000007fe000000,0x0000000800000000)
[6.378s][debug  ][gc,heap        ] GC(21)  ParOldGen       total 1035264K, used 421475K [0x0000000740000000, 0x000000077f300000, 0x00000007f0000000)
[6.378s][debug  ][gc,heap        ] GC(21)   object space 1035264K, 40% used [0x0000000740000000,0x0000000759b98e88,0x000000077f300000)
[6.378s][debug  ][gc,heap        ] GC(21)  Metaspace       used 1018K, committed 1152K, reserved 1056768K
[6.378s][debug  ][gc,heap        ] GC(21)   class space    used 83K, committed 192K, reserved 1048576K
[6.379s][debug  ][gc,tlab        ] GC(21) TLAB totals: thrds: 1  refills: 1 max: 1 slow allocs: 17 max 17 waste: 27.2% gc: 3912560B max: 3912560B slow: 0B max: 0B
[6.379s][info   ][gc,start       ] GC(21) Pause Young (Allocation Failure)
[6.379s][debug  ][gc,phases,start] GC(21) Scavenge
[6.391s][debug  ][gc,phases      ] GC(21) Scavenge 12.687ms
[6.391s][debug  ][gc,phases,start] GC(21) Reference Processing
[6.391s][debug  ][gc,ref         ] GC(21) Skipped phase 1 of Reference Processing: no references
[6.391s][debug  ][gc,ref         ] GC(21) Skipped phase 2 of Reference Processing: no references
[6.391s][debug  ][gc,ref         ] GC(21) Skipped phase 3 of Reference Processing: no references
[6.391s][debug  ][gc,ref         ] GC(21) Skipped phase 4 of Reference Processing: no references
[6.391s][debug  ][gc,phases,ref  ] GC(21) Reference Processing: 0.1ms
[6.392s][debug  ][gc,phases,ref  ] GC(21)   Reconsider SoftReferences: 0.0ms
[6.392s][debug  ][gc,phases,ref  ] GC(21)     SoftRef (ms):                  skipped
[6.392s][debug  ][gc,phases,ref  ] GC(21)   Notify Soft/WeakReferences: 0.0ms
[6.392s][debug  ][gc,phases,ref  ] GC(21)     SoftRef (ms):                  skipped
[6.392s][debug  ][gc,phases,ref  ] GC(21)     WeakRef (ms):                  skipped
[6.392s][debug  ][gc,phases,ref  ] GC(21)     FinalRef (ms):                 skipped
[6.392s][debug  ][gc,phases,ref  ] GC(21)     Total (ms):                    skipped
[6.392s][debug  ][gc,phases,ref  ] GC(21)   Notify and keep alive finalizable: 0.0ms
[6.392s][debug  ][gc,phases,ref  ] GC(21)     FinalRef (ms):                 skipped
[6.392s][debug  ][gc,phases,ref  ] GC(21)   Notify PhantomReferences: 0.0ms
[6.392s][debug  ][gc,phases,ref  ] GC(21)     PhantomRef (ms):               skipped
[6.392s][debug  ][gc,phases,ref  ] GC(21)   SoftReference:
[6.392s][debug  ][gc,phases,ref  ] GC(21)     Discovered: 0
[6.392s][debug  ][gc,phases,ref  ] GC(21)     Cleared: 0
[6.392s][debug  ][gc,phases,ref  ] GC(21)   WeakReference:
[6.392s][debug  ][gc,phases,ref  ] GC(21)     Discovered: 0
[6.392s][debug  ][gc,phases,ref  ] GC(21)     Cleared: 0
[6.392s][debug  ][gc,phases,ref  ] GC(21)   FinalReference:
[6.392s][debug  ][gc,phases,ref  ] GC(21)     Discovered: 0
[6.392s][debug  ][gc,phases,ref  ] GC(21)     Cleared: 0
[6.392s][debug  ][gc,phases,ref  ] GC(21)   PhantomReference:
[6.392s][debug  ][gc,phases,ref  ] GC(21)     Discovered: 0
[6.392s][debug  ][gc,phases,ref  ] GC(21)     Cleared: 0
[6.392s][debug  ][gc,phases      ] GC(21) Reference Processing 0.673ms
[6.392s][debug  ][gc,phases,start] GC(21) Weak Processing
[6.392s][debug  ][gc,phases      ] GC(21)   VM Weak                        Min:  0.0, Avg:  0.0, Max:  0.0, Diff:  0.0, Sum:  0.0, Workers: 6
[6.392s][debug  ][gc,phases      ] GC(21)     Dead                           Min: 0, Avg:  0.0, Max: 0, Diff: 0, Sum: 0, Workers: 6
[6.392s][debug  ][gc,phases      ] GC(21)     Total                          Min: 0, Avg:  1.3, Max: 8, Diff: 8, Sum: 8, Workers: 6
[6.392s][debug  ][gc,phases      ] GC(21)   ObjectSynchronizer Weak        Min:  0.0, Avg:  0.0, Max:  0.0, Diff:  0.0, Sum:  0.0, Workers: 6
[6.392s][debug  ][gc,phases      ] GC(21)     Dead                           Min: 0, Avg:  0.0, Max: 0, Diff: 0, Sum: 0, Workers: 6
[6.392s][debug  ][gc,phases      ] GC(21)     Total                          Min: 0, Avg:  0.5, Max: 3, Diff: 3, Sum: 3, Workers: 6
[6.392s][debug  ][gc,phases      ] GC(21)   JVMTI Tag Weak OopStorage      Min:  0.0, Avg:  0.0, Max:  0.0, Diff:  0.0, Sum:  0.0, Workers: 6
[6.392s][debug  ][gc,phases      ] GC(21)     Dead                           Min: 0, Avg:  0.0, Max: 0, Diff: 0, Sum: 0, Workers: 6
[6.392s][debug  ][gc,phases      ] GC(21)     Total                          Min: 0, Avg:  0.0, Max: 0, Diff: 0, Sum: 0, Workers: 6
[6.392s][debug  ][gc,phases      ] GC(21)   StringTable Weak               Min:  0.0, Avg:  0.0, Max:  0.0, Diff:  0.0, Sum:  0.0, Workers: 6
[6.392s][debug  ][gc,phases      ] GC(21)     Dead                           Min: 0, Avg:  0.0, Max: 0, Diff: 0, Sum: 0, Workers: 6
[6.392s][debug  ][gc,phases      ] GC(21)     Total                          Min: 704, Avg: 892.5, Max: 1088, Diff: 384, Sum: 5355, Workers: 6
[6.392s][debug  ][gc,phases      ] GC(21)   ResolvedMethodTable Weak       Min:  0.0, Avg:  0.0, Max:  0.0, Diff:  0.0, Sum:  0.0, Workers: 6
[6.392s][debug  ][gc,phases      ] GC(21)     Dead                           Min: 0, Avg:  0.0, Max: 0, Diff: 0, Sum: 0, Workers: 6
[6.392s][debug  ][gc,phases      ] GC(21)     Total                          Min: 0, Avg: 21.7, Max: 64, Diff: 64, Sum: 130, Workers: 6
[6.392s][debug  ][gc,phases      ] GC(21)   JNI Weak                       Min:  0.0, Avg:  0.0, Max:  0.0, Diff:  0.0, Sum:  0.0, Workers: 6
[6.393s][debug  ][gc,phases      ] GC(21)     Dead                           Min: 0, Avg:  0.0, Max: 0, Diff: 0, Sum: 0, Workers: 6
[6.393s][debug  ][gc,phases      ] GC(21)     Total                          Min: 0, Avg:  0.0, Max: 0, Diff: 0, Sum: 0, Workers: 6
[6.393s][debug  ][gc,phases      ] GC(21)   StringDedup Table Weak         Min:  0.0, Avg:  0.0, Max:  0.0, Diff:  0.0, Sum:  0.0, Workers: 6
[6.393s][debug  ][gc,phases      ] GC(21)     Dead                           Min: 0, Avg:  0.0, Max: 0, Diff: 0, Sum: 0, Workers: 6
[6.393s][debug  ][gc,phases      ] GC(21)     Total                          Min: 0, Avg:  0.0, Max: 0, Diff: 0, Sum: 0, Workers: 6
[6.393s][debug  ][gc,phases      ] GC(21)   StringDedup Requests0 Weak     Min:  0.0, Avg:  0.0, Max:  0.0, Diff:  0.0, Sum:  0.0, Workers: 6
[6.393s][debug  ][gc,phases      ] GC(21)     Dead                           Min: 0, Avg:  0.0, Max: 0, Diff: 0, Sum: 0, Workers: 6
[6.393s][debug  ][gc,phases      ] GC(21)     Total                          Min: 0, Avg:  0.0, Max: 0, Diff: 0, Sum: 0, Workers: 6
[6.393s][debug  ][gc,phases      ] GC(21)   StringDedup Requests1 Weak     Min:  0.0, Avg:  0.0, Max:  0.0, Diff:  0.0, Sum:  0.0, Workers: 6
[6.393s][debug  ][gc,phases      ] GC(21)     Dead                           Min: 0, Avg:  0.0, Max: 0, Diff: 0, Sum: 0, Workers: 6
[6.393s][debug  ][gc,phases      ] GC(21)     Total                          Min: 0, Avg:  0.0, Max: 0, Diff: 0, Sum: 0, Workers: 6
[6.393s][debug  ][gc,phases      ] GC(21)   Weak JFR Old Object Samples    Min:  0.0, Avg:  0.0, Max:  0.0, Diff:  0.0, Sum:  0.0, Workers: 6
[6.393s][debug  ][gc,phases      ] GC(21)     Dead                           Min: 0, Avg:  0.0, Max: 0, Diff: 0, Sum: 0, Workers: 6
[6.393s][debug  ][gc,phases      ] GC(21)     Total                          Min: 0, Avg:  0.0, Max: 0, Diff: 0, Sum: 0, Workers: 6
[6.393s][debug  ][gc,phases      ] GC(21) Weak Processing 0.791ms
[6.393s][debug  ][gc,ergo        ] GC(21) AdaptiveSizeStart:  collection: 22 
[6.393s][debug  ][gc,ergo        ] GC(21) avg_survived_padded_avg: 33278480.000000
[6.393s][debug  ][gc,ergo        ] GC(21) avg_promoted_padded_avg: 254451440.000000  avg_pretenured_padded_avg: 0.000000  tenuring_thresh: 1  target_size: 33554432
[6.393s][debug  ][gc,age         ] GC(21) Desired survivor size 33554432 bytes, new threshold 1 (max threshold 15)
[6.393s][debug  ][gc,ergo        ] GC(21) PSAdaptiveSizePolicy::compute_eden_space_size limits: desired_eden_size: 246914905 old_eden_size: 201326592 eden_limit: 201326592 cur_eden: 201326592 max_eden_size: 201326592 avg_young_live: 27045480
[6.393s][debug  ][gc,ergo        ] GC(21) PSAdaptiveSizePolicy::compute_eden_space_size: costs minor_time: 0.048463 major_cost: 0.037369 mutator_cost: 0.914168 throughput_goal: 0.990000
[6.393s][debug  ][gc,ergo        ] GC(21) Live_space: 968244864 free_space: 566755328
[6.393s][debug  ][gc,ergo        ] GC(21) Old eden_size: 201326592 desired_eden_size: 201326592
[6.393s][debug  ][gc,ergo        ] GC(21) AdaptiveSizeStop: collection: 22 
[6.393s][info   ][gc,heap        ] GC(21) PSYoungGen: 188141K(229376K)->30720K(229376K) Eden: 188141K(196608K)->0K(196608K) From: 0K(32768K)->30720K(32768K)
[6.393s][info   ][gc,heap        ] GC(21) ParOldGen: 421475K(1035264K)->575075K(1035264K)
[6.393s][info   ][gc,metaspace   ] GC(21) Metaspace: 1018K(1152K)->1018K(1152K) NonClass: 935K(960K)->935K(960K) Class: 83K(192K)->83K(192K)
[6.393s][info   ][gc             ] GC(21) Pause Young (Allocation Failure) 595M->591M(1235M) 14.648ms
[6.393s][info   ][gc,cpu         ] GC(21) User=0.16s Sys=0.00s Real=0.02s
[6.393s][debug  ][gc,heap        ] GC(21) Heap after GC invocations=22 (full 2):
[6.393s][debug  ][gc,heap        ] GC(21)  PSYoungGen      total 229376K, used 30720K [0x00000007f0000000, 0x0000000800000000, 0x0000000800000000)
[6.393s][debug  ][gc,heap        ] GC(21)   eden space 196608K, 0% used [0x00000007f0000000,0x00000007f0000000,0x00000007fc000000)
[6.393s][debug  ][gc,heap        ] GC(21)   from space 32768K, 93% used [0x00000007fe000000,0x00000007ffe00030,0x0000000800000000)
[6.393s][debug  ][gc,heap        ] GC(21)   to   space 32768K, 0% used [0x00000007fc000000,0x00000007fc000000,0x00000007fe000000)
[6.393s][debug  ][gc,heap        ] GC(21)  ParOldGen       total 1035264K, used 575075K [0x0000000740000000, 0x000000077f300000, 0x00000007f0000000)
[6.393s][debug  ][gc,heap        ] GC(21)   object space 1035264K, 55% used [0x0000000740000000,0x0000000763198f78,0x000000077f300000)
[6.393s][debug  ][gc,heap        ] GC(21)  Metaspace       used 1018K, committed 1152K, reserved 1056768K
[6.393s][debug  ][gc,heap        ] GC(21)   class space    used 83K, committed 192K, reserved 1048576K
[6.394s][debug  ][gc,task,time   ] GC(21) VM-Thread 63781200 63913621 63935188
[6.677s][debug  ][gc,heap        ] GC(22) Heap before GC invocations=23 (full 2):
[6.677s][debug  ][gc,heap        ] GC(22)  PSYoungGen      total 229376K, used 218797K [0x00000007f0000000, 0x0000000800000000, 0x0000000800000000)
[6.677s][debug  ][gc,heap        ] GC(22)   eden space 196608K, 95% used [0x00000007f0000000,0x00000007fb7ab4f8,0x00000007fc000000)
[6.677s][debug  ][gc,heap        ] GC(22)   from space 32768K, 93% used [0x00000007fe000000,0x00000007ffe00030,0x0000000800000000)
[6.677s][debug  ][gc,heap        ] GC(22)   to   space 32768K, 0% used [0x00000007fc000000,0x00000007fc000000,0x00000007fe000000)
[6.677s][debug  ][gc,heap        ] GC(22)  ParOldGen       total 1035264K, used 575075K [0x0000000740000000, 0x000000077f300000, 0x00000007f0000000)
[6.678s][debug  ][gc,heap        ] GC(22)   object space 1035264K, 55% used [0x0000000740000000,0x0000000763198f78,0x000000077f300000)
[6.678s][debug  ][gc,heap        ] GC(22)  Metaspace       used 1018K, committed 1152K, reserved 1056768K
[6.678s][debug  ][gc,heap        ] GC(22)   class space    used 83K, committed 192K, reserved 1048576K
[6.678s][debug  ][gc,tlab        ] GC(22) TLAB totals: thrds: 1  refills: 1 max: 1 slow allocs: 17 max 17 waste: 26.8% gc: 3847128B max: 3847128B slow: 0B max: 0B
[6.678s][info   ][gc,start       ] GC(22) Pause Young (Allocation Failure)
[6.678s][debug  ][gc,phases,start] GC(22) Scavenge
[6.693s][debug  ][gc,phases      ] GC(22) Scavenge 14.841ms
[6.693s][debug  ][gc,phases,start] GC(22) Reference Processing
[6.693s][debug  ][gc,ref         ] GC(22) Skipped phase 1 of Reference Processing: no references
[6.693s][debug  ][gc,ref         ] GC(22) Skipped phase 2 of Reference Processing: no references
[6.693s][debug  ][gc,ref         ] GC(22) Skipped phase 3 of Reference Processing: no references
[6.693s][debug  ][gc,ref         ] GC(22) Skipped phase 4 of Reference Processing: no references
[6.693s][debug  ][gc,phases,ref  ] GC(22) Reference Processing: 0.1ms
[6.693s][debug  ][gc,phases,ref  ] GC(22)   Reconsider SoftReferences: 0.0ms
[6.693s][debug  ][gc,phases,ref  ] GC(22)     SoftRef (ms):                  skipped
[6.693s][debug  ][gc,phases,ref  ] GC(22)   Notify Soft/WeakReferences: 0.0ms
[6.693s][debug  ][gc,phases,ref  ] GC(22)     SoftRef (ms):                  skipped
[6.693s][debug  ][gc,phases,ref  ] GC(22)     WeakRef (ms):                  skipped
[6.693s][debug  ][gc,phases,ref  ] GC(22)     FinalRef (ms):                 skipped
[6.693s][debug  ][gc,phases,ref  ] GC(22)     Total (ms):                    skipped
[6.693s][debug  ][gc,phases,ref  ] GC(22)   Notify and keep alive finalizable: 0.0ms
[6.693s][debug  ][gc,phases,ref  ] GC(22)     FinalRef (ms):                 skipped
[6.693s][debug  ][gc,phases,ref  ] GC(22)   Notify PhantomReferences: 0.0ms
[6.693s][debug  ][gc,phases,ref  ] GC(22)     PhantomRef (ms):               skipped
[6.693s][debug  ][gc,phases,ref  ] GC(22)   SoftReference:
[6.693s][debug  ][gc,phases,ref  ] GC(22)     Discovered: 0
[6.693s][debug  ][gc,phases,ref  ] GC(22)     Cleared: 0
[6.693s][debug  ][gc,phases,ref  ] GC(22)   WeakReference:
[6.693s][debug  ][gc,phases,ref  ] GC(22)     Discovered: 0
[6.693s][debug  ][gc,phases,ref  ] GC(22)     Cleared: 0
[6.693s][debug  ][gc,phases,ref  ] GC(22)   FinalReference:
[6.693s][debug  ][gc,phases,ref  ] GC(22)     Discovered: 0
[6.693s][debug  ][gc,phases,ref  ] GC(22)     Cleared: 0
[6.693s][debug  ][gc,phases,ref  ] GC(22)   PhantomReference:
[6.693s][debug  ][gc,phases,ref  ] GC(22)     Discovered: 0
[6.693s][debug  ][gc,phases,ref  ] GC(22)     Cleared: 0
[6.693s][debug  ][gc,phases      ] GC(22) Reference Processing 0.680ms
[6.693s][debug  ][gc,phases,start] GC(22) Weak Processing
[6.693s][debug  ][gc,phases      ] GC(22)   VM Weak                        Min:  0.0, Avg:  0.0, Max:  0.0, Diff:  0.0, Sum:  0.0, Workers: 6
[6.693s][debug  ][gc,phases      ] GC(22)     Dead                           Min: 0, Avg:  0.0, Max: 0, Diff: 0, Sum: 0, Workers: 6
[6.693s][debug  ][gc,phases      ] GC(22)     Total                          Min: 0, Avg:  1.3, Max: 8, Diff: 8, Sum: 8, Workers: 6
[6.693s][debug  ][gc,phases      ] GC(22)   ObjectSynchronizer Weak        Min:  0.0, Avg:  0.0, Max:  0.0, Diff:  0.0, Sum:  0.0, Workers: 6
[6.694s][debug  ][gc,phases      ] GC(22)     Dead                           Min: 0, Avg:  0.0, Max: 0, Diff: 0, Sum: 0, Workers: 6
[6.694s][debug  ][gc,phases      ] GC(22)     Total                          Min: 0, Avg:  0.5, Max: 3, Diff: 3, Sum: 3, Workers: 6
[6.694s][debug  ][gc,phases      ] GC(22)   JVMTI Tag Weak OopStorage      Min:  0.0, Avg:  0.0, Max:  0.0, Diff:  0.0, Sum:  0.0, Workers: 6
[6.694s][debug  ][gc,phases      ] GC(22)     Dead                           Min: 0, Avg:  0.0, Max: 0, Diff: 0, Sum: 0, Workers: 6
[6.694s][debug  ][gc,phases      ] GC(22)     Total                          Min: 0, Avg:  0.0, Max: 0, Diff: 0, Sum: 0, Workers: 6
[6.694s][debug  ][gc,phases      ] GC(22)   StringTable Weak               Min:  0.0, Avg:  0.0, Max:  0.0, Diff:  0.0, Sum:  0.0, Workers: 6
[6.694s][debug  ][gc,phases      ] GC(22)     Dead                           Min: 0, Avg:  0.0, Max: 0, Diff: 0, Sum: 0, Workers: 6
[6.694s][debug  ][gc,phases      ] GC(22)     Total                          Min: 832, Avg: 892.5, Max: 960, Diff: 128, Sum: 5355, Workers: 6
[6.694s][debug  ][gc,phases      ] GC(22)   ResolvedMethodTable Weak       Min:  0.0, Avg:  0.0, Max:  0.0, Diff:  0.0, Sum:  0.0, Workers: 6
[6.694s][debug  ][gc,phases      ] GC(22)     Dead                           Min: 0, Avg:  0.0, Max: 0, Diff: 0, Sum: 0, Workers: 6
[6.694s][debug  ][gc,phases      ] GC(22)     Total                          Min: 0, Avg: 21.7, Max: 64, Diff: 64, Sum: 130, Workers: 6
[6.694s][debug  ][gc,phases      ] GC(22)   JNI Weak                       Min:  0.0, Avg:  0.0, Max:  0.0, Diff:  0.0, Sum:  0.0, Workers: 6
[6.694s][debug  ][gc,phases      ] GC(22)     Dead                           Min: 0, Avg:  0.0, Max: 0, Diff: 0, Sum: 0, Workers: 6
[6.694s][debug  ][gc,phases      ] GC(22)     Total                          Min: 0, Avg:  0.0, Max: 0, Diff: 0, Sum: 0, Workers: 6
[6.694s][debug  ][gc,phases      ] GC(22)   StringDedup Table Weak         Min:  0.0, Avg:  0.0, Max:  0.0, Diff:  0.0, Sum:  0.0, Workers: 6
[6.694s][debug  ][gc,phases      ] GC(22)     Dead                           Min: 0, Avg:  0.0, Max: 0, Diff: 0, Sum: 0, Workers: 6
[6.694s][debug  ][gc,phases      ] GC(22)     Total                          Min: 0, Avg:  0.0, Max: 0, Diff: 0, Sum: 0, Workers: 6
[6.694s][debug  ][gc,phases      ] GC(22)   StringDedup Requests0 Weak     Min:  0.0, Avg:  0.0, Max:  0.0, Diff:  0.0, Sum:  0.0, Workers: 6
[6.694s][debug  ][gc,phases      ] GC(22)     Dead                           Min: 0, Avg:  0.0, Max: 0, Diff: 0, Sum: 0, Workers: 6
[6.694s][debug  ][gc,phases      ] GC(22)     Total                          Min: 0, Avg:  0.0, Max: 0, Diff: 0, Sum: 0, Workers: 6
[6.694s][debug  ][gc,phases      ] GC(22)   StringDedup Requests1 Weak     Min:  0.0, Avg:  0.0, Max:  0.0, Diff:  0.0, Sum:  0.0, Workers: 6
[6.694s][debug  ][gc,phases      ] GC(22)     Dead                           Min: 0, Avg:  0.0, Max: 0, Diff: 0, Sum: 0, Workers: 6
[6.694s][debug  ][gc,phases      ] GC(22)     Total                          Min: 0, Avg:  0.0, Max: 0, Diff: 0, Sum: 0, Workers: 6
[6.694s][debug  ][gc,phases      ] GC(22)   Weak JFR Old Object Samples    Min:  0.0, Avg:  0.0, Max:  0.0, Diff:  0.0, Sum:  0.0, Workers: 6
[6.694s][debug  ][gc,phases      ] GC(22)     Dead                           Min: 0, Avg:  0.0, Max: 0, Diff: 0, Sum: 0, Workers: 6
[6.694s][debug  ][gc,phases      ] GC(22)     Total                          Min: 0, Avg:  0.0, Max: 0, Diff: 0, Sum: 0, Workers: 6
[6.694s][debug  ][gc,phases      ] GC(22) Weak Processing 0.739ms
[6.694s][debug  ][gc,ergo        ] GC(22) AdaptiveSizeStart:  collection: 23 
[6.694s][debug  ][gc,ergo        ] GC(22) avg_survived_padded_avg: 33188644.000000
[6.694s][debug  ][gc,ergo        ] GC(22) avg_promoted_padded_avg: 254490736.000000  avg_pretenured_padded_avg: 0.000000  tenuring_thresh: 1  target_size: 33554432
[6.694s][debug  ][gc,age         ] GC(22) Desired survivor size 33554432 bytes, new threshold 1 (max threshold 15)
[6.694s][debug  ][gc,ergo        ] GC(22) PSAdaptiveSizePolicy::compute_eden_space_size limits: desired_eden_size: 247512345 old_eden_size: 201326592 eden_limit: 201326592 cur_eden: 201326592 max_eden_size: 201326592 avg_young_live: 27486666
[6.694s][debug  ][gc,ergo        ] GC(22) PSAdaptiveSizePolicy::compute_eden_space_size: costs minor_time: 0.049947 major_cost: 0.037369 mutator_cost: 0.912684 throughput_goal: 0.990000
[6.694s][debug  ][gc,ergo        ] GC(22) Live_space: 968686016 free_space: 566755328
[6.694s][debug  ][gc,ergo        ] GC(22) Old eden_size: 201326592 desired_eden_size: 201326592
[6.694s][debug  ][gc,ergo        ] GC(22) AdaptiveSizeStop: collection: 23 
[6.694s][info   ][gc,heap        ] GC(22) PSYoungGen: 218797K(229376K)->30720K(229376K) Eden: 188077K(196608K)->0K(196608K) From: 30720K(32768K)->30720K(32768K)
[6.694s][info   ][gc,heap        ] GC(22) ParOldGen: 575075K(1035264K)->759396K(1035264K)
[6.694s][info   ][gc,metaspace   ] GC(22) Metaspace: 1018K(1152K)->1018K(1152K) NonClass: 935K(960K)->935K(960K) Class: 83K(192K)->83K(192K)
[6.694s][info   ][gc             ] GC(22) Pause Young (Allocation Failure) 775M->771M(1235M) 16.726ms
[6.694s][info   ][gc,cpu         ] GC(22) User=0.14s Sys=0.00s Real=0.02s
[6.694s][debug  ][gc,heap        ] GC(22) Heap after GC invocations=23 (full 2):
[6.694s][debug  ][gc,heap        ] GC(22)  PSYoungGen      total 229376K, used 30720K [0x00000007f0000000, 0x0000000800000000, 0x0000000800000000)
[6.694s][debug  ][gc,heap        ] GC(22)   eden space 196608K, 0% used [0x00000007f0000000,0x00000007f0000000,0x00000007fc000000)
[6.695s][debug  ][gc,heap        ] GC(22)   from space 32768K, 93% used [0x00000007fc000000,0x00000007fde00030,0x00000007fe000000)
[6.695s][debug  ][gc,heap        ] GC(22)   to   space 32768K, 0% used [0x00000007fe000000,0x00000007fe000000,0x0000000800000000)
[6.695s][debug  ][gc,heap        ] GC(22)  ParOldGen       total 1035264K, used 759396K [0x0000000740000000, 0x000000077f300000, 0x00000007f0000000)
[6.695s][debug  ][gc,heap        ] GC(22)   object space 1035264K, 73% used [0x0000000740000000,0x000000076e599098,0x000000077f300000)
[6.695s][debug  ][gc,heap        ] GC(22)  Metaspace       used 1018K, committed 1152K, reserved 1056768K
[6.695s][debug  ][gc,heap        ] GC(22)   class space    used 83K, committed 192K, reserved 1048576K
[6.695s][debug  ][gc,task,time   ] GC(22) VM-Thread 66772340 66926331 66946322
[6.978s][debug  ][gc,heap        ] GC(23) Heap before GC invocations=24 (full 2):
[6.978s][debug  ][gc,heap        ] GC(23)  PSYoungGen      total 229376K, used 218831K [0x00000007f0000000, 0x0000000800000000, 0x0000000800000000)
[6.978s][debug  ][gc,heap        ] GC(23)   eden space 196608K, 95% used [0x00000007f0000000,0x00000007fb7b3c48,0x00000007fc000000)
[6.978s][debug  ][gc,heap        ] GC(23)   from space 32768K, 93% used [0x00000007fc000000,0x00000007fde00030,0x00000007fe000000)
[6.979s][debug  ][gc,heap        ] GC(23)   to   space 32768K, 0% used [0x00000007fe000000,0x00000007fe000000,0x0000000800000000)
[6.979s][debug  ][gc,heap        ] GC(23)  ParOldGen       total 1035264K, used 759396K [0x0000000740000000, 0x000000077f300000, 0x00000007f0000000)
[6.979s][debug  ][gc,heap        ] GC(23)   object space 1035264K, 73% used [0x0000000740000000,0x000000076e599098,0x000000077f300000)
[6.979s][debug  ][gc,heap        ] GC(23)  Metaspace       used 1018K, committed 1152K, reserved 1056768K
[6.979s][debug  ][gc,heap        ] GC(23)   class space    used 83K, committed 192K, reserved 1048576K
[6.979s][debug  ][gc,tlab        ] GC(23) TLAB totals: thrds: 1  refills: 1 max: 1 slow allocs: 17 max 17 waste: 27.0% gc: 3881768B max: 3881768B slow: 0B max: 0B
[6.979s][info   ][gc,start       ] GC(23) Pause Young (Allocation Failure)
[6.979s][debug  ][gc,phases,start] GC(23) Scavenge
[6.993s][debug  ][gc,phases      ] GC(23) Scavenge 14.682ms
[6.994s][debug  ][gc,phases,start] GC(23) Reference Processing
[6.994s][debug  ][gc,ref         ] GC(23) Skipped phase 1 of Reference Processing: no references
[6.994s][debug  ][gc,ref         ] GC(23) Skipped phase 2 of Reference Processing: no references
[6.994s][debug  ][gc,ref         ] GC(23) Skipped phase 3 of Reference Processing: no references
[6.994s][debug  ][gc,ref         ] GC(23) Skipped phase 4 of Reference Processing: no references
[6.994s][debug  ][gc,phases,ref  ] GC(23) Reference Processing: 0.1ms
[6.994s][debug  ][gc,phases,ref  ] GC(23)   Reconsider SoftReferences: 0.0ms
[6.994s][debug  ][gc,phases,ref  ] GC(23)     SoftRef (ms):                  skipped
[6.994s][debug  ][gc,phases,ref  ] GC(23)   Notify Soft/WeakReferences: 0.0ms
[6.994s][debug  ][gc,phases,ref  ] GC(23)     SoftRef (ms):                  skipped
[6.994s][debug  ][gc,phases,ref  ] GC(23)     WeakRef (ms):                  skipped
[6.994s][debug  ][gc,phases,ref  ] GC(23)     FinalRef (ms):                 skipped
[6.994s][debug  ][gc,phases,ref  ] GC(23)     Total (ms):                    skipped
[6.994s][debug  ][gc,phases,ref  ] GC(23)   Notify and keep alive finalizable: 0.0ms
[6.994s][debug  ][gc,phases,ref  ] GC(23)     FinalRef (ms):                 skipped
[6.994s][debug  ][gc,phases,ref  ] GC(23)   Notify PhantomReferences: 0.0ms
[6.994s][debug  ][gc,phases,ref  ] GC(23)     PhantomRef (ms):               skipped
[6.994s][debug  ][gc,phases,ref  ] GC(23)   SoftReference:
[6.994s][debug  ][gc,phases,ref  ] GC(23)     Discovered: 0
[6.994s][debug  ][gc,phases,ref  ] GC(23)     Cleared: 0
[6.994s][debug  ][gc,phases,ref  ] GC(23)   WeakReference:
[6.994s][debug  ][gc,phases,ref  ] GC(23)     Discovered: 0
[6.994s][debug  ][gc,phases,ref  ] GC(23)     Cleared: 0
[6.994s][debug  ][gc,phases,ref  ] GC(23)   FinalReference:
[6.994s][debug  ][gc,phases,ref  ] GC(23)     Discovered: 0
[6.994s][debug  ][gc,phases,ref  ] GC(23)     Cleared: 0
[6.994s][debug  ][gc,phases,ref  ] GC(23)   PhantomReference:
[6.994s][debug  ][gc,phases,ref  ] GC(23)     Discovered: 0
[6.994s][debug  ][gc,phases,ref  ] GC(23)     Cleared: 0
[6.994s][debug  ][gc,phases      ] GC(23) Reference Processing 0.678ms
[6.994s][debug  ][gc,phases,start] GC(23) Weak Processing
[6.994s][debug  ][gc,phases      ] GC(23)   VM Weak                        Min:  0.0, Avg:  0.0, Max:  0.0, Diff:  0.0, Sum:  0.0, Workers: 6
[6.994s][debug  ][gc,phases      ] GC(23)     Dead                           Min: 0, Avg:  0.0, Max: 0, Diff: 0, Sum: 0, Workers: 6
[6.994s][debug  ][gc,phases      ] GC(23)     Total                          Min: 0, Avg:  1.3, Max: 8, Diff: 8, Sum: 8, Workers: 6
[6.994s][debug  ][gc,phases      ] GC(23)   ObjectSynchronizer Weak        Min:  0.0, Avg:  0.0, Max:  0.0, Diff:  0.0, Sum:  0.0, Workers: 6
[6.995s][debug  ][gc,phases      ] GC(23)     Dead                           Min: 0, Avg:  0.0, Max: 0, Diff: 0, Sum: 0, Workers: 6
[6.995s][debug  ][gc,phases      ] GC(23)     Total                          Min: 0, Avg:  0.5, Max: 3, Diff: 3, Sum: 3, Workers: 6
[6.995s][debug  ][gc,phases      ] GC(23)   JVMTI Tag Weak OopStorage      Min:  0.0, Avg:  0.0, Max:  0.0, Diff:  0.0, Sum:  0.0, Workers: 6
[6.995s][debug  ][gc,phases      ] GC(23)     Dead                           Min: 0, Avg:  0.0, Max: 0, Diff: 0, Sum: 0, Workers: 6
[6.995s][debug  ][gc,phases      ] GC(23)     Total                          Min: 0, Avg:  0.0, Max: 0, Diff: 0, Sum: 0, Workers: 6
[6.995s][debug  ][gc,phases      ] GC(23)   StringTable Weak               Min:  0.0, Avg:  0.0, Max:  0.0, Diff:  0.0, Sum:  0.1, Workers: 6
[6.995s][debug  ][gc,phases      ] GC(23)     Dead                           Min: 0, Avg:  0.0, Max: 0, Diff: 0, Sum: 0, Workers: 6
[6.995s][debug  ][gc,phases      ] GC(23)     Total                          Min: 512, Avg: 892.5, Max: 1068, Diff: 556, Sum: 5355, Workers: 6
[6.995s][debug  ][gc,phases      ] GC(23)   ResolvedMethodTable Weak       Min:  0.0, Avg:  0.0, Max:  0.0, Diff:  0.0, Sum:  0.0, Workers: 6
[6.995s][debug  ][gc,phases      ] GC(23)     Dead                           Min: 0, Avg:  0.0, Max: 0, Diff: 0, Sum: 0, Workers: 6
[6.995s][debug  ][gc,phases      ] GC(23)     Total                          Min: 0, Avg: 21.7, Max: 64, Diff: 64, Sum: 130, Workers: 6
[6.995s][debug  ][gc,phases      ] GC(23)   JNI Weak                       Min:  0.0, Avg:  0.0, Max:  0.0, Diff:  0.0, Sum:  0.0, Workers: 6
[6.995s][debug  ][gc,phases      ] GC(23)     Dead                           Min: 0, Avg:  0.0, Max: 0, Diff: 0, Sum: 0, Workers: 6
[6.995s][debug  ][gc,phases      ] GC(23)     Total                          Min: 0, Avg:  0.0, Max: 0, Diff: 0, Sum: 0, Workers: 6
[6.995s][debug  ][gc,phases      ] GC(23)   StringDedup Table Weak         Min:  0.0, Avg:  0.0, Max:  0.0, Diff:  0.0, Sum:  0.0, Workers: 6
[6.995s][debug  ][gc,phases      ] GC(23)     Dead                           Min: 0, Avg:  0.0, Max: 0, Diff: 0, Sum: 0, Workers: 6
[6.995s][debug  ][gc,phases      ] GC(23)     Total                          Min: 0, Avg:  0.0, Max: 0, Diff: 0, Sum: 0, Workers: 6
[6.995s][debug  ][gc,phases      ] GC(23)   StringDedup Requests0 Weak     Min:  0.0, Avg:  0.0, Max:  0.0, Diff:  0.0, Sum:  0.0, Workers: 6
[6.995s][debug  ][gc,phases      ] GC(23)     Dead                           Min: 0, Avg:  0.0, Max: 0, Diff: 0, Sum: 0, Workers: 6
[6.995s][debug  ][gc,phases      ] GC(23)     Total                          Min: 0, Avg:  0.0, Max: 0, Diff: 0, Sum: 0, Workers: 6
[6.995s][debug  ][gc,phases      ] GC(23)   StringDedup Requests1 Weak     Min:  0.0, Avg:  0.0, Max:  0.0, Diff:  0.0, Sum:  0.0, Workers: 6
[6.995s][debug  ][gc,phases      ] GC(23)     Dead                           Min: 0, Avg:  0.0, Max: 0, Diff: 0, Sum: 0, Workers: 6
[6.995s][debug  ][gc,phases      ] GC(23)     Total                          Min: 0, Avg:  0.0, Max: 0, Diff: 0, Sum: 0, Workers: 6
[6.995s][debug  ][gc,phases      ] GC(23)   Weak JFR Old Object Samples    Min:  0.0, Avg:  0.0, Max:  0.0, Diff:  0.0, Sum:  0.0, Workers: 6
[6.995s][debug  ][gc,phases      ] GC(23)     Dead                           Min: 0, Avg:  0.0, Max: 0, Diff: 0, Sum: 0, Workers: 6
[6.995s][debug  ][gc,phases      ] GC(23)     Total                          Min: 0, Avg:  0.0, Max: 0, Diff: 0, Sum: 0, Workers: 6
[6.995s][debug  ][gc,phases      ] GC(23) Weak Processing 1.078ms
[6.995s][debug  ][gc,ergo        ] GC(23) AdaptiveSizeStart:  collection: 24 
[6.995s][debug  ][gc,ergo        ] GC(23) avg_survived_padded_avg: 33098562.000000
[6.995s][debug  ][gc,ergo        ] GC(23) avg_promoted_padded_avg: 253865104.000000  avg_pretenured_padded_avg: 0.000000  tenuring_thresh: 1  target_size: 33554432
[6.995s][debug  ][gc,age         ] GC(23) Desired survivor size 33554432 bytes, new threshold 1 (max threshold 15)
[6.995s][debug  ][gc,ergo        ] GC(23) PSAdaptiveSizePolicy::compute_eden_space_size limits: desired_eden_size: 248006717 old_eden_size: 201326592 eden_limit: 201326592 cur_eden: 201326592 max_eden_size: 201326592 avg_young_live: 27883732
[6.995s][debug  ][gc,ergo        ] GC(23) PSAdaptiveSizePolicy::compute_eden_space_size: costs minor_time: 0.051215 major_cost: 0.037369 mutator_cost: 0.911417 throughput_goal: 0.990000
[6.995s][debug  ][gc,ergo        ] GC(23) Live_space: 969083136 free_space: 566755328
[6.996s][debug  ][gc,ergo        ] GC(23) Old eden_size: 201326592 desired_eden_size: 201326592
[6.996s][debug  ][gc,ergo        ] GC(23) AdaptiveSizeStop: collection: 24 
[6.996s][info   ][gc,heap        ] GC(23) PSYoungGen: 218831K(229376K)->30720K(229376K) Eden: 188111K(196608K)->0K(196608K) From: 30720K(32768K)->30720K(32768K)
[6.996s][info   ][gc,heap        ] GC(23) ParOldGen: 759396K(1035264K)->943716K(1035264K)
[6.996s][info   ][gc,metaspace   ] GC(23) Metaspace: 1018K(1152K)->1018K(1152K) NonClass: 935K(960K)->935K(960K) Class: 83K(192K)->83K(192K)
[6.996s][info   ][gc             ] GC(23) Pause Young (Allocation Failure) 955M->951M(1235M) 16.907ms
[6.996s][info   ][gc,cpu         ] GC(23) User=0.14s Sys=0.00s Real=0.02s
[6.996s][debug  ][gc,heap        ] GC(23) Heap after GC invocations=24 (full 2):
[6.996s][debug  ][gc,heap        ] GC(23)  PSYoungGen      total 229376K, used 30720K [0x00000007f0000000, 0x0000000800000000, 0x0000000800000000)
[6.996s][debug  ][gc,heap        ] GC(23)   eden space 196608K, 0% used [0x00000007f0000000,0x00000007f0000000,0x00000007fc000000)
[6.996s][debug  ][gc,heap        ] GC(23)   from space 32768K, 93% used [0x00000007fe000000,0x00000007ffe00030,0x0000000800000000)
[6.996s][debug  ][gc,heap        ] GC(23)   to   space 32768K, 0% used [0x00000007fc000000,0x00000007fc000000,0x00000007fe000000)
[6.996s][debug  ][gc,heap        ] GC(23)  ParOldGen       total 1035264K, used 943716K [0x0000000740000000, 0x000000077f300000, 0x00000007f0000000)
[6.996s][debug  ][gc,heap        ] GC(23)   object space 1035264K, 91% used [0x0000000740000000,0x00000007799991b8,0x000000077f300000)
[6.996s][debug  ][gc,heap        ] GC(23)  Metaspace       used 1018K, committed 1152K, reserved 1056768K
[6.996s][debug  ][gc,heap        ] GC(23)   class space    used 83K, committed 192K, reserved 1048576K
[6.996s][debug  ][gc,task,time   ] GC(23) VM-Thread 69783114 69935596 69959000
[6.996s][debug  ][gc,phases,start] GC(24) Pre Compact
[6.996s][debug  ][gc,heap        ] GC(24) Heap before GC invocations=25 (full 3):
[6.996s][debug  ][gc,heap        ] GC(24)  PSYoungGen      total 229376K, used 30720K [0x00000007f0000000, 0x0000000800000000, 0x0000000800000000)
[6.996s][debug  ][gc,heap        ] GC(24)   eden space 196608K, 0% used [0x00000007f0000000,0x00000007f0000000,0x00000007fc000000)
[6.996s][debug  ][gc,heap        ] GC(24)   from space 32768K, 93% used [0x00000007fe000000,0x00000007ffe00030,0x0000000800000000)
[6.996s][debug  ][gc,heap        ] GC(24)   to   space 32768K, 0% used [0x00000007fc000000,0x00000007fc000000,0x00000007fe000000)
[6.996s][debug  ][gc,heap        ] GC(24)  ParOldGen       total 1035264K, used 943716K [0x0000000740000000, 0x000000077f300000, 0x00000007f0000000)
[6.996s][debug  ][gc,heap        ] GC(24)   object space 1035264K, 91% used [0x0000000740000000,0x00000007799991b8,0x000000077f300000)
[6.996s][debug  ][gc,heap        ] GC(24)  Metaspace       used 1018K, committed 1152K, reserved 1056768K
[6.996s][debug  ][gc,heap        ] GC(24)   class space    used 83K, committed 192K, reserved 1048576K
[6.996s][debug  ][gc,phases      ] GC(24) Pre Compact 0.210ms
[6.996s][info   ][gc,start       ] GC(24) Pause Full (Ergonomics)
[6.996s][info   ][gc,phases,start] GC(24) Marking Phase
[6.996s][debug  ][gc,phases,start] GC(24) Par Mark
[6.997s][debug  ][gc,phases      ] GC(24) Par Mark 0.480ms
[6.997s][debug  ][gc,phases,start] GC(24) Reference Processing
[6.997s][debug  ][gc,ref         ] GC(24) Skipped phase 1 of Reference Processing: no references
[6.997s][debug  ][gc,ref         ] GC(24) ReferenceProcessor::execute queues: 1, RefProcThreadModel::Single, marks_oops_alive: false
[6.997s][debug  ][gc,ref         ] GC(24) Skipped phase 3 of Reference Processing: no references
[6.997s][debug  ][gc,ref         ] GC(24) ReferenceProcessor::execute queues: 1, RefProcThreadModel::Single, marks_oops_alive: false
[6.997s][debug  ][gc,phases,ref  ] GC(24) Reference Processing: 0.1ms
[6.997s][debug  ][gc,phases,ref  ] GC(24)   Reconsider SoftReferences: 0.0ms
[6.997s][debug  ][gc,phases,ref  ] GC(24)     SoftRef (ms):                  skipped
[6.997s][debug  ][gc,phases,ref  ] GC(24)   Notify Soft/WeakReferences: 0.0ms
[6.997s][debug  ][gc,phases,ref  ] GC(24)     SoftRef (ms):                  Min:  0.0, Avg:  0.0, Max:  0.0, Diff:  0.0, Sum:  0.0, Workers: 10
[6.997s][debug  ][gc,phases,ref  ] GC(24)     WeakRef (ms):                  Min:  0.0, Avg:  0.0, Max:  0.0, Diff:  0.0, Sum:  0.0, Workers: 10
[6.997s][debug  ][gc,phases,ref  ] GC(24)     FinalRef (ms):                 Min:  0.0, Avg:  0.0, Max:  0.0, Diff:  0.0, Sum:  0.0, Workers: 10
[6.997s][debug  ][gc,phases,ref  ] GC(24)     Total (ms):                    Min:  0.0, Avg:  0.0, Max:  0.0, Diff:  0.0, Sum:  0.0, Workers: 10
[6.997s][debug  ][gc,phases,ref  ] GC(24)   Notify and keep alive finalizable: 0.0ms
[6.997s][debug  ][gc,phases,ref  ] GC(24)     FinalRef (ms):                 skipped
[6.997s][debug  ][gc,phases,ref  ] GC(24)   Notify PhantomReferences: 0.0ms
[6.997s][debug  ][gc,phases,ref  ] GC(24)     PhantomRef (ms):               Min:  0.0, Avg:  0.0, Max:  0.0, Diff:  0.0, Sum:  0.0, Workers: 10
[6.997s][debug  ][gc,phases,ref  ] GC(24)   SoftReference:
[6.997s][debug  ][gc,phases,ref  ] GC(24)     Discovered: 0
[6.997s][debug  ][gc,phases,ref  ] GC(24)     Cleared: 0
[6.997s][debug  ][gc,phases,ref  ] GC(24)   WeakReference:
[6.997s][debug  ][gc,phases,ref  ] GC(24)     Discovered: 52
[6.997s][debug  ][gc,phases,ref  ] GC(24)     Cleared: 52
[6.997s][debug  ][gc,phases,ref  ] GC(24)   FinalReference:
[6.997s][debug  ][gc,phases,ref  ] GC(24)     Discovered: 0
[6.997s][debug  ][gc,phases,ref  ] GC(24)     Cleared: 0
[6.997s][debug  ][gc,phases,ref  ] GC(24)   PhantomReference:
[6.997s][debug  ][gc,phases,ref  ] GC(24)     Discovered: 3
[6.997s][debug  ][gc,phases,ref  ] GC(24)     Cleared: 3
[6.997s][debug  ][gc,phases      ] GC(24) Reference Processing 0.572ms
[6.997s][debug  ][gc,phases,start] GC(24) Weak Processing
[6.997s][debug  ][gc,phases      ] GC(24)   VM Weak                        Min:  0.0, Avg:  0.0, Max:  0.0, Diff:  0.0, Sum:  0.0, Workers: 6
[6.997s][debug  ][gc,phases      ] GC(24)     Dead                           Min: 0, Avg:  0.0, Max: 0, Diff: 0, Sum: 0, Workers: 6
[6.997s][debug  ][gc,phases      ] GC(24)     Total                          Min: 0, Avg:  1.3, Max: 8, Diff: 8, Sum: 8, Workers: 6
[6.997s][debug  ][gc,phases      ] GC(24)   ObjectSynchronizer Weak        Min:  0.0, Avg:  0.0, Max:  0.0, Diff:  0.0, Sum:  0.0, Workers: 6
[6.997s][debug  ][gc,phases      ] GC(24)     Dead                           Min: 0, Avg:  0.0, Max: 0, Diff: 0, Sum: 0, Workers: 6
[6.997s][debug  ][gc,phases      ] GC(24)     Total                          Min: 0, Avg:  0.5, Max: 3, Diff: 3, Sum: 3, Workers: 6
[6.997s][debug  ][gc,phases      ] GC(24)   JVMTI Tag Weak OopStorage      Min:  0.0, Avg:  0.0, Max:  0.0, Diff:  0.0, Sum:  0.0, Workers: 6
[6.998s][debug  ][gc,phases      ] GC(24)     Dead                           Min: 0, Avg:  0.0, Max: 0, Diff: 0, Sum: 0, Workers: 6
[6.998s][debug  ][gc,phases      ] GC(24)     Total                          Min: 0, Avg:  0.0, Max: 0, Diff: 0, Sum: 0, Workers: 6
[6.998s][debug  ][gc,phases      ] GC(24)   StringTable Weak               Min:  0.0, Avg:  0.0, Max:  0.0, Diff:  0.0, Sum:  0.0, Workers: 6
[6.998s][debug  ][gc,phases      ] GC(24)     Dead                           Min: 0, Avg:  0.0, Max: 0, Diff: 0, Sum: 0, Workers: 6
[6.998s][debug  ][gc,phases      ] GC(24)     Total                          Min: 576, Avg: 892.5, Max: 1088, Diff: 512, Sum: 5355, Workers: 6
[6.998s][debug  ][gc,phases      ] GC(24)   ResolvedMethodTable Weak       Min:  0.0, Avg:  0.0, Max:  0.0, Diff:  0.0, Sum:  0.0, Workers: 6
[6.998s][debug  ][gc,phases      ] GC(24)     Dead                           Min: 0, Avg:  0.0, Max: 0, Diff: 0, Sum: 0, Workers: 6
[6.998s][debug  ][gc,phases      ] GC(24)     Total                          Min: 0, Avg: 21.7, Max: 64, Diff: 64, Sum: 130, Workers: 6
[6.998s][debug  ][gc,phases      ] GC(24)   JNI Weak                       Min:  0.0, Avg:  0.0, Max:  0.0, Diff:  0.0, Sum:  0.0, Workers: 6
[6.998s][debug  ][gc,phases      ] GC(24)     Dead                           Min: 0, Avg:  0.0, Max: 0, Diff: 0, Sum: 0, Workers: 6
[6.998s][debug  ][gc,phases      ] GC(24)     Total                          Min: 0, Avg:  0.0, Max: 0, Diff: 0, Sum: 0, Workers: 6
[6.998s][debug  ][gc,phases      ] GC(24)   StringDedup Table Weak         Min:  0.0, Avg:  0.0, Max:  0.0, Diff:  0.0, Sum:  0.0, Workers: 6
[6.998s][debug  ][gc,phases      ] GC(24)     Dead                           Min: 0, Avg:  0.0, Max: 0, Diff: 0, Sum: 0, Workers: 6
[6.998s][debug  ][gc,phases      ] GC(24)     Total                          Min: 0, Avg:  0.0, Max: 0, Diff: 0, Sum: 0, Workers: 6
[6.998s][debug  ][gc,phases      ] GC(24)   StringDedup Requests0 Weak     Min:  0.0, Avg:  0.0, Max:  0.0, Diff:  0.0, Sum:  0.0, Workers: 6
[6.998s][debug  ][gc,phases      ] GC(24)     Dead                           Min: 0, Avg:  0.0, Max: 0, Diff: 0, Sum: 0, Workers: 6
[6.998s][debug  ][gc,phases      ] GC(24)     Total                          Min: 0, Avg:  0.0, Max: 0, Diff: 0, Sum: 0, Workers: 6
[6.998s][debug  ][gc,phases      ] GC(24)   StringDedup Requests1 Weak     Min:  0.0, Avg:  0.0, Max:  0.0, Diff:  0.0, Sum:  0.0, Workers: 6
[6.998s][debug  ][gc,phases      ] GC(24)     Dead                           Min: 0, Avg:  0.0, Max: 0, Diff: 0, Sum: 0, Workers: 6
[6.998s][debug  ][gc,phases      ] GC(24)     Total                          Min: 0, Avg:  0.0, Max: 0, Diff: 0, Sum: 0, Workers: 6
[6.998s][debug  ][gc,phases      ] GC(24)   Weak JFR Old Object Samples    Min:  0.0, Avg:  0.0, Max:  0.0, Diff:  0.0, Sum:  0.0, Workers: 6
[6.998s][debug  ][gc,phases      ] GC(24)     Dead                           Min: 0, Avg:  0.0, Max: 0, Diff: 0, Sum: 0, Workers: 6
[6.998s][debug  ][gc,phases      ] GC(24)     Total                          Min: 0, Avg:  0.0, Max: 0, Diff: 0, Sum: 0, Workers: 6
[6.998s][debug  ][gc,phases      ] GC(24) Weak Processing 0.665ms
[6.998s][debug  ][gc,phases,start] GC(24) Class Unloading
[6.998s][debug  ][gc,phases,start] GC(24) ClassLoaderData
[6.998s][debug  ][gc,phases      ] GC(24) ClassLoaderData 0.019ms
[6.998s][debug  ][gc,phases,start] GC(24) Trigger cleanups
[6.998s][debug  ][gc,phases      ] GC(24) Trigger cleanups 0.019ms
[6.998s][debug  ][gc,phases      ] GC(24) Class Unloading 0.252ms
[6.998s][info   ][gc,phases      ] GC(24) Marking Phase 2.083ms
[6.998s][info   ][gc,phases,start] GC(24) Summary Phase
[6.998s][info   ][gc,phases      ] GC(24) Summary Phase 0.030ms
[6.998s][info   ][gc,phases,start] GC(24) Adjust Roots
[6.998s][info   ][gc,phases      ] GC(24) Adjust Roots 0.151ms
[6.999s][info   ][gc,phases,start] GC(24) Compaction Phase
[7.002s][info   ][gc,phases      ] GC(24) Compaction Phase 3.416ms
[7.002s][info   ][gc,phases,start] GC(24) Post Compact
[7.005s][info   ][gc,phases      ] GC(24) Post Compact 2.916ms
[7.005s][debug  ][gc,ergo        ] GC(24) AdaptiveSizeStart: collection: 25 
[7.005s][debug  ][gc,ergo        ] GC(24) PSAdaptiveSizePolicy::compute_eden_space_size limits: desired_eden_size: 253430704 old_eden_size: 201326592 eden_limit: 201326592 cur_eden: 201326592 max_eden_size: 201326592 avg_young_live: 25095360
[7.005s][debug  ][gc,ergo        ] GC(24) PSAdaptiveSizePolicy::compute_eden_space_size: costs minor_time: 0.051215 major_cost: 0.028147 mutator_cost: 0.920638 throughput_goal: 0.990000
[7.005s][debug  ][gc,ergo        ] GC(24) Live_space: 966294720 free_space: 566755328
[7.005s][debug  ][gc,ergo        ] GC(24) Old eden_size: 201326592 desired_eden_size: 201326592
[7.005s][debug  ][gc,ergo        ] GC(24) PSAdaptiveSizePolicy::compute_old_gen_free_space: costs minor_time: 0.051215 major_cost: 0.028147  mutator_cost: 0.920638 throughput_goal: 0.990000
[7.005s][debug  ][gc,ergo        ] GC(24) Live_space: 1073564224 free_space: 566755328
[7.005s][debug  ][gc,ergo        ] GC(24) Old promo_size: 365428736 desired_promo_size: 443547648
[7.006s][debug  ][gc             ] GC(24) Expanding ParOldGen from 1035264K by 620544K to 1655808K
[7.006s][debug  ][gc,ergo        ] GC(24) AdaptiveSizeStop: collection: 25 
[7.006s][info   ][gc,heap        ] GC(24) PSYoungGen: 30720K(229376K)->0K(229376K) Eden: 0K(196608K)->0K(196608K) From: 30720K(32768K)->0K(32768K)
[7.007s][info   ][gc,heap        ] GC(24) ParOldGen: 943716K(1035264K)->974436K(1655808K)
[7.007s][info   ][gc,metaspace   ] GC(24) Metaspace: 1018K(1152K)->1018K(1152K) NonClass: 935K(960K)->935K(960K) Class: 83K(192K)->83K(192K)
[7.007s][info   ][gc             ] GC(24) Pause Full (Ergonomics) 951M->951M(1841M) 10.413ms
[7.007s][info   ][gc,cpu         ] GC(24) User=0.02s Sys=0.00s Real=0.01s
[7.007s][debug  ][gc,heap        ] GC(24) Heap after GC invocations=25 (full 3):
[7.007s][debug  ][gc,heap        ] GC(24)  PSYoungGen      total 229376K, used 0K [0x00000007f0000000, 0x0000000800000000, 0x0000000800000000)
[7.007s][debug  ][gc,heap        ] GC(24)   eden space 196608K, 0% used [0x00000007f0000000,0x00000007f0000000,0x00000007fc000000)
[7.007s][debug  ][gc,heap        ] GC(24)   from space 32768K, 0% used [0x00000007fc000000,0x00000007fc000000,0x00000007fe000000)
[7.007s][debug  ][gc,heap        ] GC(24)   to   space 32768K, 0% used [0x00000007fe000000,0x00000007fe000000,0x0000000800000000)
[7.007s][debug  ][gc,heap        ] GC(24)  ParOldGen       total 1655808K, used 974436K [0x0000000740000000, 0x00000007a5100000, 0x00000007f0000000)
[7.007s][debug  ][gc,heap        ] GC(24)   object space 1655808K, 58% used [0x0000000740000000,0x000000077b7991e8,0x00000007a5100000)
[7.007s][debug  ][gc,heap        ] GC(24)  Metaspace       used 1018K, committed 1152K, reserved 1056768K
[7.007s][debug  ][gc,heap        ] GC(24)   class space    used 83K, committed 192K, reserved 1048576K
[7.007s][debug  ][gc,task,time   ] GC(24) VM-Thread 69961787 69985275 70066256
[7.296s][debug  ][gc,heap        ] GC(25) Heap before GC invocations=26 (full 3):
[7.297s][debug  ][gc,heap        ] GC(25)  PSYoungGen      total 229376K, used 188132K [0x00000007f0000000, 0x0000000800000000, 0x0000000800000000)
[7.297s][debug  ][gc,heap        ] GC(25)   eden space 196608K, 95% used [0x00000007f0000000,0x00000007fb7b9340,0x00000007fc000000)
[7.297s][debug  ][gc,heap        ] GC(25)   from space 32768K, 0% used [0x00000007fc000000,0x00000007fc000000,0x00000007fe000000)
[7.297s][debug  ][gc,heap        ] GC(25)   to   space 32768K, 0% used [0x00000007fe000000,0x00000007fe000000,0x0000000800000000)
[7.297s][debug  ][gc,heap        ] GC(25)  ParOldGen       total 1655808K, used 974436K [0x0000000740000000, 0x00000007a5100000, 0x00000007f0000000)
[7.297s][debug  ][gc,heap        ] GC(25)   object space 1655808K, 58% used [0x0000000740000000,0x000000077b7991e8,0x00000007a5100000)
[7.297s][debug  ][gc,heap        ] GC(25)  Metaspace       used 1018K, committed 1152K, reserved 1056768K
[7.297s][debug  ][gc,heap        ] GC(25)   class space    used 83K, committed 192K, reserved 1048576K
[7.297s][debug  ][gc,tlab        ] GC(25) TLAB totals: thrds: 1  refills: 1 max: 1 slow allocs: 17 max 17 waste: 27.1% gc: 3902864B max: 3902864B slow: 0B max: 0B
[7.297s][info   ][gc,start       ] GC(25) Pause Young (Allocation Failure)
[7.297s][debug  ][gc,phases,start] GC(25) Scavenge
[7.308s][debug  ][gc,phases      ] GC(25) Scavenge 11.484ms
[7.308s][debug  ][gc,phases,start] GC(25) Reference Processing
[7.309s][debug  ][gc,ref         ] GC(25) Skipped phase 1 of Reference Processing: no references
[7.309s][debug  ][gc,ref         ] GC(25) Skipped phase 2 of Reference Processing: no references
[7.309s][debug  ][gc,ref         ] GC(25) Skipped phase 3 of Reference Processing: no references
[7.309s][debug  ][gc,ref         ] GC(25) Skipped phase 4 of Reference Processing: no references
[7.309s][debug  ][gc,phases,ref  ] GC(25) Reference Processing: 0.1ms
[7.309s][debug  ][gc,phases,ref  ] GC(25)   Reconsider SoftReferences: 0.0ms
[7.309s][debug  ][gc,phases,ref  ] GC(25)     SoftRef (ms):                  skipped
[7.309s][debug  ][gc,phases,ref  ] GC(25)   Notify Soft/WeakReferences: 0.0ms
[7.309s][debug  ][gc,phases,ref  ] GC(25)     SoftRef (ms):                  skipped
[7.309s][debug  ][gc,phases,ref  ] GC(25)     WeakRef (ms):                  skipped
[7.309s][debug  ][gc,phases,ref  ] GC(25)     FinalRef (ms):                 skipped
[7.309s][debug  ][gc,phases,ref  ] GC(25)     Total (ms):                    skipped
[7.309s][debug  ][gc,phases,ref  ] GC(25)   Notify and keep alive finalizable: 0.0ms
[7.309s][debug  ][gc,phases,ref  ] GC(25)     FinalRef (ms):                 skipped
[7.309s][debug  ][gc,phases,ref  ] GC(25)   Notify PhantomReferences: 0.0ms
[7.309s][debug  ][gc,phases,ref  ] GC(25)     PhantomRef (ms):               skipped
[7.309s][debug  ][gc,phases,ref  ] GC(25)   SoftReference:
[7.309s][debug  ][gc,phases,ref  ] GC(25)     Discovered: 0
[7.309s][debug  ][gc,phases,ref  ] GC(25)     Cleared: 0
[7.309s][debug  ][gc,phases,ref  ] GC(25)   WeakReference:
[7.309s][debug  ][gc,phases,ref  ] GC(25)     Discovered: 0
[7.309s][debug  ][gc,phases,ref  ] GC(25)     Cleared: 0
[7.309s][debug  ][gc,phases,ref  ] GC(25)   FinalReference:
[7.309s][debug  ][gc,phases,ref  ] GC(25)     Discovered: 0
[7.309s][debug  ][gc,phases,ref  ] GC(25)     Cleared: 0
[7.309s][debug  ][gc,phases,ref  ] GC(25)   PhantomReference:
[7.309s][debug  ][gc,phases,ref  ] GC(25)     Discovered: 0
[7.309s][debug  ][gc,phases,ref  ] GC(25)     Cleared: 0
[7.309s][debug  ][gc,phases      ] GC(25) Reference Processing 0.772ms
[7.309s][debug  ][gc,phases,start] GC(25) Weak Processing
[7.309s][debug  ][gc,phases      ] GC(25)   VM Weak                        Min:  0.0, Avg:  0.0, Max:  0.0, Diff:  0.0, Sum:  0.0, Workers: 6
[7.309s][debug  ][gc,phases      ] GC(25)     Dead                           Min: 0, Avg:  0.0, Max: 0, Diff: 0, Sum: 0, Workers: 6
[7.309s][debug  ][gc,phases      ] GC(25)     Total                          Min: 0, Avg:  1.3, Max: 8, Diff: 8, Sum: 8, Workers: 6
[7.309s][debug  ][gc,phases      ] GC(25)   ObjectSynchronizer Weak        Min:  0.0, Avg:  0.0, Max:  0.0, Diff:  0.0, Sum:  0.0, Workers: 6
[7.309s][debug  ][gc,phases      ] GC(25)     Dead                           Min: 0, Avg:  0.0, Max: 0, Diff: 0, Sum: 0, Workers: 6
[7.310s][debug  ][gc,phases      ] GC(25)     Total                          Min: 0, Avg:  0.5, Max: 3, Diff: 3, Sum: 3, Workers: 6
[7.310s][debug  ][gc,phases      ] GC(25)   JVMTI Tag Weak OopStorage      Min:  0.0, Avg:  0.0, Max:  0.0, Diff:  0.0, Sum:  0.0, Workers: 6
[7.310s][debug  ][gc,phases      ] GC(25)     Dead                           Min: 0, Avg:  0.0, Max: 0, Diff: 0, Sum: 0, Workers: 6
[7.310s][debug  ][gc,phases      ] GC(25)     Total                          Min: 0, Avg:  0.0, Max: 0, Diff: 0, Sum: 0, Workers: 6
[7.310s][debug  ][gc,phases      ] GC(25)   StringTable Weak               Min:  0.0, Avg:  0.0, Max:  0.0, Diff:  0.0, Sum:  0.0, Workers: 6
[7.310s][debug  ][gc,phases      ] GC(25)     Dead                           Min: 0, Avg:  0.0, Max: 0, Diff: 0, Sum: 0, Workers: 6
[7.310s][debug  ][gc,phases      ] GC(25)     Total                          Min: 576, Avg: 892.5, Max: 1023, Diff: 447, Sum: 5355, Workers: 6
[7.310s][debug  ][gc,phases      ] GC(25)   ResolvedMethodTable Weak       Min:  0.0, Avg:  0.0, Max:  0.0, Diff:  0.0, Sum:  0.0, Workers: 6
[7.310s][debug  ][gc,phases      ] GC(25)     Dead                           Min: 0, Avg:  0.0, Max: 0, Diff: 0, Sum: 0, Workers: 6
[7.310s][debug  ][gc,phases      ] GC(25)     Total                          Min: 0, Avg: 21.7, Max: 64, Diff: 64, Sum: 130, Workers: 6
[7.310s][debug  ][gc,phases      ] GC(25)   JNI Weak                       Min:  0.0, Avg:  0.0, Max:  0.0, Diff:  0.0, Sum:  0.0, Workers: 6
[7.310s][debug  ][gc,phases      ] GC(25)     Dead                           Min: 0, Avg:  0.0, Max: 0, Diff: 0, Sum: 0, Workers: 6
[7.310s][debug  ][gc,phases      ] GC(25)     Total                          Min: 0, Avg:  0.0, Max: 0, Diff: 0, Sum: 0, Workers: 6
[7.310s][debug  ][gc,phases      ] GC(25)   StringDedup Table Weak         Min:  0.0, Avg:  0.0, Max:  0.0, Diff:  0.0, Sum:  0.0, Workers: 6
[7.310s][debug  ][gc,phases      ] GC(25)     Dead                           Min: 0, Avg:  0.0, Max: 0, Diff: 0, Sum: 0, Workers: 6
[7.310s][debug  ][gc,phases      ] GC(25)     Total                          Min: 0, Avg:  0.0, Max: 0, Diff: 0, Sum: 0, Workers: 6
[7.310s][debug  ][gc,phases      ] GC(25)   StringDedup Requests0 Weak     Min:  0.0, Avg:  0.0, Max:  0.0, Diff:  0.0, Sum:  0.0, Workers: 6
[7.310s][debug  ][gc,phases      ] GC(25)     Dead                           Min: 0, Avg:  0.0, Max: 0, Diff: 0, Sum: 0, Workers: 6
[7.310s][debug  ][gc,phases      ] GC(25)     Total                          Min: 0, Avg:  0.0, Max: 0, Diff: 0, Sum: 0, Workers: 6
[7.310s][debug  ][gc,phases      ] GC(25)   StringDedup Requests1 Weak     Min:  0.0, Avg:  0.0, Max:  0.0, Diff:  0.0, Sum:  0.0, Workers: 6
[7.310s][debug  ][gc,phases      ] GC(25)     Dead                           Min: 0, Avg:  0.0, Max: 0, Diff: 0, Sum: 0, Workers: 6
[7.310s][debug  ][gc,phases      ] GC(25)     Total                          Min: 0, Avg:  0.0, Max: 0, Diff: 0, Sum: 0, Workers: 6
[7.310s][debug  ][gc,phases      ] GC(25)   Weak JFR Old Object Samples    Min:  0.0, Avg:  0.0, Max:  0.0, Diff:  0.0, Sum:  0.0, Workers: 6
[7.310s][debug  ][gc,phases      ] GC(25)     Dead                           Min: 0, Avg:  0.0, Max: 0, Diff: 0, Sum: 0, Workers: 6
[7.310s][debug  ][gc,phases      ] GC(25)     Total                          Min: 0, Avg:  0.0, Max: 0, Diff: 0, Sum: 0, Workers: 6
[7.310s][debug  ][gc,phases      ] GC(25) Weak Processing 0.874ms
[7.310s][debug  ][gc,ergo        ] GC(25) AdaptiveSizeStart:  collection: 26 
[7.310s][debug  ][gc,ergo        ] GC(25) avg_survived_padded_avg: 33009184.000000
[7.310s][debug  ][gc,ergo        ] GC(25) avg_promoted_padded_avg: 256259520.000000  avg_pretenured_padded_avg: 0.000000  tenuring_thresh: 1  target_size: 33030144
[7.310s][debug  ][gc,age         ] GC(25) Desired survivor size 33030144 bytes, new threshold 1 (max threshold 15)
[7.310s][debug  ][gc,ergo        ] GC(25) PSAdaptiveSizePolicy::compute_eden_space_size limits: desired_eden_size: 252589678 old_eden_size: 201326592 eden_limit: 201326592 cur_eden: 201326592 max_eden_size: 201326592 avg_young_live: 25731558
[7.310s][debug  ][gc,ergo        ] GC(25) PSAdaptiveSizePolicy::compute_eden_space_size: costs minor_time: 0.048950 major_cost: 0.028147 mutator_cost: 0.922902 throughput_goal: 0.990000
[7.310s][debug  ][gc,ergo        ] GC(25) Live_space: 1074200448 free_space: 644874240
[7.310s][debug  ][gc,ergo        ] GC(25) Old eden_size: 201326592 desired_eden_size: 201326592
[7.310s][debug  ][gc,ergo        ] GC(25) AdaptiveSizeStop: collection: 26 
[7.310s][info   ][gc,heap        ] GC(25) PSYoungGen: 188132K(229376K)->30720K(229888K) Eden: 188132K(196608K)->0K(197120K) From: 0K(32768K)->30720K(32768K)
[7.310s][info   ][gc,heap        ] GC(25) ParOldGen: 974436K(1655808K)->1076836K(1655808K)
[7.311s][info   ][gc,metaspace   ] GC(25) Metaspace: 1018K(1152K)->1018K(1152K) NonClass: 935K(960K)->935K(960K) Class: 83K(192K)->83K(192K)
[7.311s][info   ][gc             ] GC(25) Pause Young (Allocation Failure) 1135M->1081M(1841M) 13.670ms
[7.311s][info   ][gc,cpu         ] GC(25) User=0.16s Sys=0.00s Real=0.01s
[7.311s][debug  ][gc,heap        ] GC(25) Heap after GC invocations=26 (full 3):
[7.311s][debug  ][gc,heap        ] GC(25)  PSYoungGen      total 229888K, used 30720K [0x00000007f0000000, 0x0000000800000000, 0x0000000800000000)
[7.311s][debug  ][gc,heap        ] GC(25)   eden space 197120K, 0% used [0x00000007f0000000,0x00000007f0000000,0x00000007fc080000)
[7.311s][debug  ][gc,heap        ] GC(25)   from space 32768K, 93% used [0x00000007fe000000,0x00000007ffe00030,0x0000000800000000)
[7.311s][debug  ][gc,heap        ] GC(25)   to   space 32256K, 0% used [0x00000007fc080000,0x00000007fc080000,0x00000007fe000000)
[7.311s][debug  ][gc,heap        ] GC(25)  ParOldGen       total 1655808K, used 1076836K [0x0000000740000000, 0x00000007a5100000, 0x00000007f0000000)
[7.311s][debug  ][gc,heap        ] GC(25)   object space 1655808K, 65% used [0x0000000740000000,0x0000000781b99288,0x00000007a5100000)
[7.311s][debug  ][gc,heap        ] GC(25)  Metaspace       used 1018K, committed 1152K, reserved 1056768K
[7.311s][debug  ][gc,heap        ] GC(25)   class space    used 83K, committed 192K, reserved 1048576K
[7.311s][debug  ][gc,task,time   ] GC(25) VM-Thread 72964384 73084873 73107938
[7.598s][debug  ][gc,heap        ] GC(26) Heap before GC invocations=27 (full 3):
[7.598s][debug  ][gc,heap        ] GC(26)  PSYoungGen      total 229888K, used 218801K [0x00000007f0000000, 0x0000000800000000, 0x0000000800000000)
[7.598s][debug  ][gc,heap        ] GC(26)   eden space 197120K, 95% used [0x00000007f0000000,0x00000007fb7ac698,0x00000007fc080000)
[7.598s][debug  ][gc,heap        ] GC(26)   from space 32768K, 93% used [0x00000007fe000000,0x00000007ffe00030,0x0000000800000000)
[7.598s][debug  ][gc,heap        ] GC(26)   to   space 32256K, 0% used [0x00000007fc080000,0x00000007fc080000,0x00000007fe000000)
[7.598s][debug  ][gc,heap        ] GC(26)  ParOldGen       total 1655808K, used 1076836K [0x0000000740000000, 0x00000007a5100000, 0x00000007f0000000)
[7.598s][debug  ][gc,heap        ] GC(26)   object space 1655808K, 65% used [0x0000000740000000,0x0000000781b99288,0x00000007a5100000)
[7.598s][debug  ][gc,heap        ] GC(26)  Metaspace       used 1018K, committed 1152K, reserved 1056768K
[7.598s][debug  ][gc,heap        ] GC(26)   class space    used 83K, committed 192K, reserved 1048576K
[7.598s][debug  ][gc,tlab        ] GC(26) TLAB totals: thrds: 1  refills: 1 max: 1 slow allocs: 17 max 17 waste: 26.9% gc: 3851640B max: 3851640B slow: 0B max: 0B
[7.598s][info   ][gc,start       ] GC(26) Pause Young (Allocation Failure)
[7.598s][debug  ][gc,phases,start] GC(26) Scavenge
[7.616s][debug  ][gc,phases      ] GC(26) Scavenge 17.708ms
[7.616s][debug  ][gc,phases,start] GC(26) Reference Processing
[7.616s][debug  ][gc,ref         ] GC(26) Skipped phase 1 of Reference Processing: no references
[7.616s][debug  ][gc,ref         ] GC(26) Skipped phase 2 of Reference Processing: no references
[7.616s][debug  ][gc,ref         ] GC(26) Skipped phase 3 of Reference Processing: no references
[7.616s][debug  ][gc,ref         ] GC(26) Skipped phase 4 of Reference Processing: no references
[7.616s][debug  ][gc,phases,ref  ] GC(26) Reference Processing: 0.1ms
[7.616s][debug  ][gc,phases,ref  ] GC(26)   Reconsider SoftReferences: 0.0ms
[7.616s][debug  ][gc,phases,ref  ] GC(26)     SoftRef (ms):                  skipped
[7.616s][debug  ][gc,phases,ref  ] GC(26)   Notify Soft/WeakReferences: 0.0ms
[7.616s][debug  ][gc,phases,ref  ] GC(26)     SoftRef (ms):                  skipped
[7.616s][debug  ][gc,phases,ref  ] GC(26)     WeakRef (ms):                  skipped
[7.616s][debug  ][gc,phases,ref  ] GC(26)     FinalRef (ms):                 skipped
[7.616s][debug  ][gc,phases,ref  ] GC(26)     Total (ms):                    skipped
[7.616s][debug  ][gc,phases,ref  ] GC(26)   Notify and keep alive finalizable: 0.0ms
[7.616s][debug  ][gc,phases,ref  ] GC(26)     FinalRef (ms):                 skipped
[7.616s][debug  ][gc,phases,ref  ] GC(26)   Notify PhantomReferences: 0.0ms
[7.616s][debug  ][gc,phases,ref  ] GC(26)     PhantomRef (ms):               skipped
[7.616s][debug  ][gc,phases,ref  ] GC(26)   SoftReference:
[7.616s][debug  ][gc,phases,ref  ] GC(26)     Discovered: 0
[7.616s][debug  ][gc,phases,ref  ] GC(26)     Cleared: 0
[7.616s][debug  ][gc,phases,ref  ] GC(26)   WeakReference:
[7.616s][debug  ][gc,phases,ref  ] GC(26)     Discovered: 0
[7.616s][debug  ][gc,phases,ref  ] GC(26)     Cleared: 0
[7.616s][debug  ][gc,phases,ref  ] GC(26)   FinalReference:
[7.616s][debug  ][gc,phases,ref  ] GC(26)     Discovered: 0
[7.616s][debug  ][gc,phases,ref  ] GC(26)     Cleared: 0
[7.616s][debug  ][gc,phases,ref  ] GC(26)   PhantomReference:
[7.616s][debug  ][gc,phases,ref  ] GC(26)     Discovered: 0
[7.617s][debug  ][gc,phases,ref  ] GC(26)     Cleared: 0
[7.617s][debug  ][gc,phases      ] GC(26) Reference Processing 0.698ms
[7.617s][debug  ][gc,phases,start] GC(26) Weak Processing
[7.617s][debug  ][gc,phases      ] GC(26)   VM Weak                        Min:  0.0, Avg:  0.0, Max:  0.0, Diff:  0.0, Sum:  0.0, Workers: 6
[7.617s][debug  ][gc,phases      ] GC(26)     Dead                           Min: 0, Avg:  0.0, Max: 0, Diff: 0, Sum: 0, Workers: 6
[7.617s][debug  ][gc,phases      ] GC(26)     Total                          Min: 0, Avg:  1.3, Max: 8, Diff: 8, Sum: 8, Workers: 6
[7.617s][debug  ][gc,phases      ] GC(26)   ObjectSynchronizer Weak        Min:  0.0, Avg:  0.0, Max:  0.0, Diff:  0.0, Sum:  0.0, Workers: 6
[7.617s][debug  ][gc,phases      ] GC(26)     Dead                           Min: 0, Avg:  0.0, Max: 0, Diff: 0, Sum: 0, Workers: 6
[7.617s][debug  ][gc,phases      ] GC(26)     Total                          Min: 0, Avg:  0.5, Max: 3, Diff: 3, Sum: 3, Workers: 6
[7.617s][debug  ][gc,phases      ] GC(26)   JVMTI Tag Weak OopStorage      Min:  0.0, Avg:  0.0, Max:  0.0, Diff:  0.0, Sum:  0.0, Workers: 6
[7.617s][debug  ][gc,phases      ] GC(26)     Dead                           Min: 0, Avg:  0.0, Max: 0, Diff: 0, Sum: 0, Workers: 6
[7.617s][debug  ][gc,phases      ] GC(26)     Total                          Min: 0, Avg:  0.0, Max: 0, Diff: 0, Sum: 0, Workers: 6
[7.617s][debug  ][gc,phases      ] GC(26)   StringTable Weak               Min:  0.0, Avg:  0.0, Max:  0.0, Diff:  0.0, Sum:  0.0, Workers: 6
[7.617s][debug  ][gc,phases      ] GC(26)     Dead                           Min: 0, Avg:  0.0, Max: 0, Diff: 0, Sum: 0, Workers: 6
[7.617s][debug  ][gc,phases      ] GC(26)     Total                          Min: 768, Avg: 892.5, Max: 960, Diff: 192, Sum: 5355, Workers: 6
[7.617s][debug  ][gc,phases      ] GC(26)   ResolvedMethodTable Weak       Min:  0.0, Avg:  0.0, Max:  0.0, Diff:  0.0, Sum:  0.0, Workers: 6
[7.617s][debug  ][gc,phases      ] GC(26)     Dead                           Min: 0, Avg:  0.0, Max: 0, Diff: 0, Sum: 0, Workers: 6
[7.617s][debug  ][gc,phases      ] GC(26)     Total                          Min: 0, Avg: 21.7, Max: 64, Diff: 64, Sum: 130, Workers: 6
[7.617s][debug  ][gc,phases      ] GC(26)   JNI Weak                       Min:  0.0, Avg:  0.0, Max:  0.0, Diff:  0.0, Sum:  0.0, Workers: 6
[7.617s][debug  ][gc,phases      ] GC(26)     Dead                           Min: 0, Avg:  0.0, Max: 0, Diff: 0, Sum: 0, Workers: 6
[7.617s][debug  ][gc,phases      ] GC(26)     Total                          Min: 0, Avg:  0.0, Max: 0, Diff: 0, Sum: 0, Workers: 6
[7.617s][debug  ][gc,phases      ] GC(26)   StringDedup Table Weak         Min:  0.0, Avg:  0.0, Max:  0.0, Diff:  0.0, Sum:  0.0, Workers: 6
[7.617s][debug  ][gc,phases      ] GC(26)     Dead                           Min: 0, Avg:  0.0, Max: 0, Diff: 0, Sum: 0, Workers: 6
[7.617s][debug  ][gc,phases      ] GC(26)     Total                          Min: 0, Avg:  0.0, Max: 0, Diff: 0, Sum: 0, Workers: 6
[7.617s][debug  ][gc,phases      ] GC(26)   StringDedup Requests0 Weak     Min:  0.0, Avg:  0.0, Max:  0.0, Diff:  0.0, Sum:  0.0, Workers: 6
[7.617s][debug  ][gc,phases      ] GC(26)     Dead                           Min: 0, Avg:  0.0, Max: 0, Diff: 0, Sum: 0, Workers: 6
[7.617s][debug  ][gc,phases      ] GC(26)     Total                          Min: 0, Avg:  0.0, Max: 0, Diff: 0, Sum: 0, Workers: 6
[7.617s][debug  ][gc,phases      ] GC(26)   StringDedup Requests1 Weak     Min:  0.0, Avg:  0.0, Max:  0.0, Diff:  0.0, Sum:  0.0, Workers: 6
[7.617s][debug  ][gc,phases      ] GC(26)     Dead                           Min: 0, Avg:  0.0, Max: 0, Diff: 0, Sum: 0, Workers: 6
[7.617s][debug  ][gc,phases      ] GC(26)     Total                          Min: 0, Avg:  0.0, Max: 0, Diff: 0, Sum: 0, Workers: 6
[7.617s][debug  ][gc,phases      ] GC(26)   Weak JFR Old Object Samples    Min:  0.0, Avg:  0.0, Max:  0.0, Diff:  0.0, Sum:  0.0, Workers: 6
[7.617s][debug  ][gc,phases      ] GC(26)     Dead                           Min: 0, Avg:  0.0, Max: 0, Diff: 0, Sum: 0, Workers: 6
[7.617s][debug  ][gc,phases      ] GC(26)     Total                          Min: 0, Avg:  0.0, Max: 0, Diff: 0, Sum: 0, Workers: 6
[7.617s][debug  ][gc,phases      ] GC(26) Weak Processing 0.780ms
[7.617s][debug  ][gc,ergo        ] GC(26) AdaptiveSizeStart:  collection: 27 
[7.617s][debug  ][gc,ergo        ] GC(26) avg_survived_padded_avg: 32921268.000000
[7.617s][debug  ][gc,ergo        ] GC(26) avg_promoted_padded_avg: 256591616.000000  avg_pretenured_padded_avg: 0.000000  tenuring_thresh: 1  target_size: 33030144
[7.617s][debug  ][gc,age         ] GC(26) Desired survivor size 33030144 bytes, new threshold 1 (max threshold 15)
[7.617s][debug  ][gc,ergo        ] GC(26) PSAdaptiveSizePolicy::compute_eden_space_size limits: desired_eden_size: 254387138 old_eden_size: 201326592 eden_limit: 201850880 cur_eden: 201850880 max_eden_size: 201850880 avg_young_live: 26304134
[7.617s][debug  ][gc,ergo        ] GC(26) PSAdaptiveSizePolicy::compute_eden_space_size: costs minor_time: 0.052431 major_cost: 0.028147 mutator_cost: 0.919422 throughput_goal: 0.990000
[7.617s][debug  ][gc,ergo        ] GC(26) Live_space: 1074772992 free_space: 644874240
[7.618s][debug  ][gc,ergo        ] GC(26) Old eden_size: 201326592 desired_eden_size: 201850880
[7.618s][debug  ][gc,ergo        ] GC(26) AdaptiveSizeStop: collection: 27 
[7.618s][info   ][gc,heap        ] GC(26) PSYoungGen: 218801K(229888K)->30720K(229376K) Eden: 188081K(197120K)->0K(197120K) From: 30720K(32768K)->30720K(32256K)
[7.618s][info   ][gc,heap        ] GC(26) ParOldGen: 1076836K(1655808K)->1261156K(1655808K)
[7.618s][info   ][gc,metaspace   ] GC(26) Metaspace: 1018K(1152K)->1018K(1152K) NonClass: 935K(960K)->935K(960K) Class: 83K(192K)->83K(192K)
[7.618s][info   ][gc             ] GC(26) Pause Young (Allocation Failure) 1265M->1261M(1841M) 19.629ms
[7.618s][info   ][gc,cpu         ] GC(26) User=0.03s Sys=0.11s Real=0.02s
[7.618s][debug  ][gc,heap        ] GC(26) Heap after GC invocations=27 (full 3):
[7.618s][debug  ][gc,heap        ] GC(26)  PSYoungGen      total 229376K, used 30720K [0x00000007f0000000, 0x0000000800000000, 0x0000000800000000)
[7.618s][debug  ][gc,heap        ] GC(26)   eden space 197120K, 0% used [0x00000007f0000000,0x00000007f0000000,0x00000007fc080000)
[7.618s][debug  ][gc,heap        ] GC(26)   from space 32256K, 95% used [0x00000007fc080000,0x00000007fde80030,0x00000007fe000000)
[7.618s][debug  ][gc,heap        ] GC(26)   to   space 32256K, 0% used [0x00000007fe080000,0x00000007fe080000,0x0000000800000000)
[7.618s][debug  ][gc,heap        ] GC(26)  ParOldGen       total 1655808K, used 1261156K [0x0000000740000000, 0x00000007a5100000, 0x00000007f0000000)
[7.618s][debug  ][gc,heap        ] GC(26)   object space 1655808K, 76% used [0x0000000740000000,0x000000078cf993a8,0x00000007a5100000)
[7.618s][debug  ][gc,heap        ] GC(26)  Metaspace       used 1018K, committed 1152K, reserved 1056768K
[7.618s][debug  ][gc,heap        ] GC(26)   class space    used 83K, committed 192K, reserved 1048576K
[7.618s][debug  ][gc,task,time   ] GC(26) VM-Thread 75975872 76158441 76178737
[7.901s][debug  ][gc,heap        ] GC(27) Heap before GC invocations=28 (full 3):
[7.901s][debug  ][gc,heap        ] GC(27)  PSYoungGen      total 229376K, used 218837K [0x00000007f0000000, 0x0000000800000000, 0x0000000800000000)
[7.901s][debug  ][gc,heap        ] GC(27)   eden space 197120K, 95% used [0x00000007f0000000,0x00000007fb7b55b0,0x00000007fc080000)
[7.901s][debug  ][gc,heap        ] GC(27)   from space 32256K, 95% used [0x00000007fc080000,0x00000007fde80030,0x00000007fe000000)
[7.901s][debug  ][gc,heap        ] GC(27)   to   space 32256K, 0% used [0x00000007fe080000,0x00000007fe080000,0x0000000800000000)
[7.901s][debug  ][gc,heap        ] GC(27)  ParOldGen       total 1655808K, used 1261156K [0x0000000740000000, 0x00000007a5100000, 0x00000007f0000000)
[7.901s][debug  ][gc,heap        ] GC(27)   object space 1655808K, 76% used [0x0000000740000000,0x000000078cf993a8,0x00000007a5100000)
[7.901s][debug  ][gc,heap        ] GC(27)  Metaspace       used 1018K, committed 1152K, reserved 1056768K
[7.901s][debug  ][gc,heap        ] GC(27)   class space    used 83K, committed 192K, reserved 1048576K
[7.901s][debug  ][gc,tlab        ] GC(27) TLAB totals: thrds: 1  refills: 1 max: 1 slow allocs: 17 max 17 waste: 27.1% gc: 3888272B max: 3888272B slow: 0B max: 0B
[7.901s][info   ][gc,start       ] GC(27) Pause Young (Allocation Failure)
[7.901s][debug  ][gc,phases,start] GC(27) Scavenge
[7.919s][debug  ][gc,phases      ] GC(27) Scavenge 17.933ms
[7.919s][debug  ][gc,phases,start] GC(27) Reference Processing
[7.919s][debug  ][gc,ref         ] GC(27) Skipped phase 1 of Reference Processing: no references
[7.919s][debug  ][gc,ref         ] GC(27) Skipped phase 2 of Reference Processing: no references
[7.919s][debug  ][gc,ref         ] GC(27) Skipped phase 3 of Reference Processing: no references
[7.919s][debug  ][gc,ref         ] GC(27) Skipped phase 4 of Reference Processing: no references
[7.919s][debug  ][gc,phases,ref  ] GC(27) Reference Processing: 0.1ms
[7.919s][debug  ][gc,phases,ref  ] GC(27)   Reconsider SoftReferences: 0.0ms
[7.919s][debug  ][gc,phases,ref  ] GC(27)     SoftRef (ms):                  skipped
[7.919s][debug  ][gc,phases,ref  ] GC(27)   Notify Soft/WeakReferences: 0.0ms
[7.919s][debug  ][gc,phases,ref  ] GC(27)     SoftRef (ms):                  skipped
[7.919s][debug  ][gc,phases,ref  ] GC(27)     WeakRef (ms):                  skipped
[7.919s][debug  ][gc,phases,ref  ] GC(27)     FinalRef (ms):                 skipped
[7.920s][debug  ][gc,phases,ref  ] GC(27)     Total (ms):                    skipped
[7.920s][debug  ][gc,phases,ref  ] GC(27)   Notify and keep alive finalizable: 0.0ms
[7.920s][debug  ][gc,phases,ref  ] GC(27)     FinalRef (ms):                 skipped
[7.920s][debug  ][gc,phases,ref  ] GC(27)   Notify PhantomReferences: 0.0ms
[7.920s][debug  ][gc,phases,ref  ] GC(27)     PhantomRef (ms):               skipped
[7.920s][debug  ][gc,phases,ref  ] GC(27)   SoftReference:
[7.920s][debug  ][gc,phases,ref  ] GC(27)     Discovered: 0
[7.920s][debug  ][gc,phases,ref  ] GC(27)     Cleared: 0
[7.920s][debug  ][gc,phases,ref  ] GC(27)   WeakReference:
[7.920s][debug  ][gc,phases,ref  ] GC(27)     Discovered: 0
[7.920s][debug  ][gc,phases,ref  ] GC(27)     Cleared: 0
[7.920s][debug  ][gc,phases,ref  ] GC(27)   FinalReference:
[7.920s][debug  ][gc,phases,ref  ] GC(27)     Discovered: 0
[7.920s][debug  ][gc,phases,ref  ] GC(27)     Cleared: 0
[7.920s][debug  ][gc,phases,ref  ] GC(27)   PhantomReference:
[7.920s][debug  ][gc,phases,ref  ] GC(27)     Discovered: 0
[7.920s][debug  ][gc,phases,ref  ] GC(27)     Cleared: 0
[7.920s][debug  ][gc,phases      ] GC(27) Reference Processing 0.675ms
[7.920s][debug  ][gc,phases,start] GC(27) Weak Processing
[7.920s][debug  ][gc,phases      ] GC(27)   VM Weak                        Min:  0.0, Avg:  0.0, Max:  0.0, Diff:  0.0, Sum:  0.0, Workers: 6
[7.920s][debug  ][gc,phases      ] GC(27)     Dead                           Min: 0, Avg:  0.0, Max: 0, Diff: 0, Sum: 0, Workers: 6
[7.920s][debug  ][gc,phases      ] GC(27)     Total                          Min: 0, Avg:  1.3, Max: 8, Diff: 8, Sum: 8, Workers: 6
[7.920s][debug  ][gc,phases      ] GC(27)   ObjectSynchronizer Weak        Min:  0.0, Avg:  0.0, Max:  0.0, Diff:  0.0, Sum:  0.0, Workers: 6
[7.920s][debug  ][gc,phases      ] GC(27)     Dead                           Min: 0, Avg:  0.0, Max: 0, Diff: 0, Sum: 0, Workers: 6
[7.920s][debug  ][gc,phases      ] GC(27)     Total                          Min: 0, Avg:  0.5, Max: 3, Diff: 3, Sum: 3, Workers: 6
[7.920s][debug  ][gc,phases      ] GC(27)   JVMTI Tag Weak OopStorage      Min:  0.0, Avg:  0.0, Max:  0.0, Diff:  0.0, Sum:  0.0, Workers: 6
[7.920s][debug  ][gc,phases      ] GC(27)     Dead                           Min: 0, Avg:  0.0, Max: 0, Diff: 0, Sum: 0, Workers: 6
[7.920s][debug  ][gc,phases      ] GC(27)     Total                          Min: 0, Avg:  0.0, Max: 0, Diff: 0, Sum: 0, Workers: 6
[7.920s][debug  ][gc,phases      ] GC(27)   StringTable Weak               Min:  0.0, Avg:  0.0, Max:  0.0, Diff:  0.0, Sum:  0.0, Workers: 6
[7.920s][debug  ][gc,phases      ] GC(27)     Dead                           Min: 0, Avg:  0.0, Max: 0, Diff: 0, Sum: 0, Workers: 6
[7.920s][debug  ][gc,phases      ] GC(27)     Total                          Min: 812, Avg: 892.5, Max: 1024, Diff: 212, Sum: 5355, Workers: 6
[7.920s][debug  ][gc,phases      ] GC(27)   ResolvedMethodTable Weak       Min:  0.0, Avg:  0.0, Max:  0.0, Diff:  0.0, Sum:  0.0, Workers: 6
[7.920s][debug  ][gc,phases      ] GC(27)     Dead                           Min: 0, Avg:  0.0, Max: 0, Diff: 0, Sum: 0, Workers: 6
[7.920s][debug  ][gc,phases      ] GC(27)     Total                          Min: 0, Avg: 21.7, Max: 64, Diff: 64, Sum: 130, Workers: 6
[7.920s][debug  ][gc,phases      ] GC(27)   JNI Weak                       Min:  0.0, Avg:  0.0, Max:  0.0, Diff:  0.0, Sum:  0.0, Workers: 6
[7.920s][debug  ][gc,phases      ] GC(27)     Dead                           Min: 0, Avg:  0.0, Max: 0, Diff: 0, Sum: 0, Workers: 6
[7.920s][debug  ][gc,phases      ] GC(27)     Total                          Min: 0, Avg:  0.0, Max: 0, Diff: 0, Sum: 0, Workers: 6
[7.920s][debug  ][gc,phases      ] GC(27)   StringDedup Table Weak         Min:  0.0, Avg:  0.0, Max:  0.0, Diff:  0.0, Sum:  0.0, Workers: 6
[7.920s][debug  ][gc,phases      ] GC(27)     Dead                           Min: 0, Avg:  0.0, Max: 0, Diff: 0, Sum: 0, Workers: 6
[7.920s][debug  ][gc,phases      ] GC(27)     Total                          Min: 0, Avg:  0.0, Max: 0, Diff: 0, Sum: 0, Workers: 6
[7.920s][debug  ][gc,phases      ] GC(27)   StringDedup Requests0 Weak     Min:  0.0, Avg:  0.0, Max:  0.0, Diff:  0.0, Sum:  0.0, Workers: 6
[7.920s][debug  ][gc,phases      ] GC(27)     Dead                           Min: 0, Avg:  0.0, Max: 0, Diff: 0, Sum: 0, Workers: 6
[7.920s][debug  ][gc,phases      ] GC(27)     Total                          Min: 0, Avg:  0.0, Max: 0, Diff: 0, Sum: 0, Workers: 6
[7.920s][debug  ][gc,phases      ] GC(27)   StringDedup Requests1 Weak     Min:  0.0, Avg:  0.0, Max:  0.0, Diff:  0.0, Sum:  0.0, Workers: 6
[7.920s][debug  ][gc,phases      ] GC(27)     Dead                           Min: 0, Avg:  0.0, Max: 0, Diff: 0, Sum: 0, Workers: 6
[7.920s][debug  ][gc,phases      ] GC(27)     Total                          Min: 0, Avg:  0.0, Max: 0, Diff: 0, Sum: 0, Workers: 6
[7.921s][debug  ][gc,phases      ] GC(27)   Weak JFR Old Object Samples    Min:  0.0, Avg:  0.0, Max:  0.0, Diff:  0.0, Sum:  0.0, Workers: 6
[7.921s][debug  ][gc,phases      ] GC(27)     Dead                           Min: 0, Avg:  0.0, Max: 0, Diff: 0, Sum: 0, Workers: 6
[7.921s][debug  ][gc,phases      ] GC(27)     Total                          Min: 0, Avg:  0.0, Max: 0, Diff: 0, Sum: 0, Workers: 6
[7.921s][debug  ][gc,phases      ] GC(27) Weak Processing 0.657ms
[7.921s][debug  ][gc,ergo        ] GC(27) AdaptiveSizeStart:  collection: 28 
[7.921s][debug  ][gc,ergo        ] GC(27) avg_survived_padded_avg: 32835418.000000
[7.921s][debug  ][gc,ergo        ] GC(27) avg_promoted_padded_avg: 256182128.000000  avg_pretenured_padded_avg: 0.000000  tenuring_thresh: 1  target_size: 33030144
[7.921s][debug  ][gc,age         ] GC(27) Desired survivor size 33030144 bytes, new threshold 1 (max threshold 15)
[7.921s][debug  ][gc,ergo        ] GC(27) PSAdaptiveSizePolicy::compute_eden_space_size limits: desired_eden_size: 242156611 old_eden_size: 201850880 eden_limit: 202375168 cur_eden: 201850880 max_eden_size: 202375168 avg_young_live: 26819452
[7.921s][debug  ][gc,ergo        ] GC(27) PSAdaptiveSizePolicy::compute_eden_space_size: costs minor_time: 0.055310 major_cost: 0.028147 mutator_cost: 0.916543 throughput_goal: 0.990000
[7.921s][debug  ][gc,ergo        ] GC(27) Live_space: 1075288320 free_space: 645398528
[7.921s][debug  ][gc,ergo        ] GC(27) Old eden_size: 201850880 desired_eden_size: 202375168
[7.921s][debug  ][gc,ergo        ] GC(27) AdaptiveSizeStop: collection: 28 
[7.921s][info   ][gc,heap        ] GC(27) PSYoungGen: 218837K(229376K)->30720K(229888K) Eden: 188117K(197120K)->0K(197632K) From: 30720K(32256K)->30720K(32256K)
[7.921s][info   ][gc,heap        ] GC(27) ParOldGen: 1261156K(1655808K)->1445477K(1655808K)
[7.921s][info   ][gc,metaspace   ] GC(27) Metaspace: 1018K(1152K)->1018K(1152K) NonClass: 935K(960K)->935K(960K) Class: 83K(192K)->83K(192K)
[7.921s][info   ][gc             ] GC(27) Pause Young (Allocation Failure) 1445M->1441M(1841M) 19.705ms
[7.921s][info   ][gc,cpu         ] GC(27) User=0.00s Sys=0.16s Real=0.02s
[7.921s][debug  ][gc,heap        ] GC(27) Heap after GC invocations=28 (full 3):
[7.921s][debug  ][gc,heap        ] GC(27)  PSYoungGen      total 229888K, used 30720K [0x00000007f0000000, 0x0000000800000000, 0x0000000800000000)
[7.921s][debug  ][gc,heap        ] GC(27)   eden space 197632K, 0% used [0x00000007f0000000,0x00000007f0000000,0x00000007fc100000)
[7.921s][debug  ][gc,heap        ] GC(27)   from space 32256K, 95% used [0x00000007fe080000,0x00000007ffe80030,0x0000000800000000)
[7.921s][debug  ][gc,heap        ] GC(27)   to   space 32256K, 0% used [0x00000007fc100000,0x00000007fc100000,0x00000007fe080000)
[7.921s][debug  ][gc,heap        ] GC(27)  ParOldGen       total 1655808K, used 1445477K [0x0000000740000000, 0x00000007a5100000, 0x00000007f0000000)
[7.921s][debug  ][gc,heap        ] GC(27)   object space 1655808K, 87% used [0x0000000740000000,0x00000007983994c8,0x00000007a5100000)
[7.921s][debug  ][gc,heap        ] GC(27)  Metaspace       used 1018K, committed 1152K, reserved 1056768K
[7.921s][debug  ][gc,heap        ] GC(27)   class space    used 83K, committed 192K, reserved 1048576K
[7.921s][debug  ][gc,task,time   ] GC(27) VM-Thread 79006933 79192091 79210872
[7.921s][debug  ][gc,phases,start] GC(28) Pre Compact
[7.921s][debug  ][gc,heap        ] GC(28) Heap before GC invocations=29 (full 4):
[7.921s][debug  ][gc,heap        ] GC(28)  PSYoungGen      total 229888K, used 30720K [0x00000007f0000000, 0x0000000800000000, 0x0000000800000000)
[7.921s][debug  ][gc,heap        ] GC(28)   eden space 197632K, 0% used [0x00000007f0000000,0x00000007f0000000,0x00000007fc100000)
[7.921s][debug  ][gc,heap        ] GC(28)   from space 32256K, 95% used [0x00000007fe080000,0x00000007ffe80030,0x0000000800000000)
[7.921s][debug  ][gc,heap        ] GC(28)   to   space 32256K, 0% used [0x00000007fc100000,0x00000007fc100000,0x00000007fe080000)
[7.921s][debug  ][gc,heap        ] GC(28)  ParOldGen       total 1655808K, used 1445477K [0x0000000740000000, 0x00000007a5100000, 0x00000007f0000000)
[7.921s][debug  ][gc,heap        ] GC(28)   object space 1655808K, 87% used [0x0000000740000000,0x00000007983994c8,0x00000007a5100000)
[7.921s][debug  ][gc,heap        ] GC(28)  Metaspace       used 1018K, committed 1152K, reserved 1056768K
[7.921s][debug  ][gc,heap        ] GC(28)   class space    used 83K, committed 192K, reserved 1048576K
[7.921s][debug  ][gc,phases      ] GC(28) Pre Compact 0.206ms
[7.921s][info   ][gc,start       ] GC(28) Pause Full (Ergonomics)
[7.921s][info   ][gc,phases,start] GC(28) Marking Phase
[7.921s][debug  ][gc,phases,start] GC(28) Par Mark
[7.922s][debug  ][gc,phases      ] GC(28) Par Mark 0.529ms
[7.922s][debug  ][gc,phases,start] GC(28) Reference Processing
[7.922s][debug  ][gc,ref         ] GC(28) Skipped phase 1 of Reference Processing: no references
[7.922s][debug  ][gc,ref         ] GC(28) ReferenceProcessor::execute queues: 1, RefProcThreadModel::Single, marks_oops_alive: false
[7.922s][debug  ][gc,ref         ] GC(28) Skipped phase 3 of Reference Processing: no references
[7.922s][debug  ][gc,ref         ] GC(28) ReferenceProcessor::execute queues: 1, RefProcThreadModel::Single, marks_oops_alive: false
[7.922s][debug  ][gc,phases,ref  ] GC(28) Reference Processing: 0.1ms
[7.922s][debug  ][gc,phases,ref  ] GC(28)   Reconsider SoftReferences: 0.0ms
[7.922s][debug  ][gc,phases,ref  ] GC(28)     SoftRef (ms):                  skipped
[7.922s][debug  ][gc,phases,ref  ] GC(28)   Notify Soft/WeakReferences: 0.0ms
[7.922s][debug  ][gc,phases,ref  ] GC(28)     SoftRef (ms):                  Min:  0.0, Avg:  0.0, Max:  0.0, Diff:  0.0, Sum:  0.0, Workers: 10
[7.922s][debug  ][gc,phases,ref  ] GC(28)     WeakRef (ms):                  Min:  0.0, Avg:  0.0, Max:  0.0, Diff:  0.0, Sum:  0.0, Workers: 10
[7.922s][debug  ][gc,phases,ref  ] GC(28)     FinalRef (ms):                 Min:  0.0, Avg:  0.0, Max:  0.0, Diff:  0.0, Sum:  0.0, Workers: 10
[7.922s][debug  ][gc,phases,ref  ] GC(28)     Total (ms):                    Min:  0.0, Avg:  0.0, Max:  0.0, Diff:  0.0, Sum:  0.0, Workers: 10
[7.922s][debug  ][gc,phases,ref  ] GC(28)   Notify and keep alive finalizable: 0.0ms
[7.922s][debug  ][gc,phases,ref  ] GC(28)     FinalRef (ms):                 skipped
[7.922s][debug  ][gc,phases,ref  ] GC(28)   Notify PhantomReferences: 0.0ms
[7.922s][debug  ][gc,phases,ref  ] GC(28)     PhantomRef (ms):               Min:  0.0, Avg:  0.0, Max:  0.0, Diff:  0.0, Sum:  0.0, Workers: 10
[7.922s][debug  ][gc,phases,ref  ] GC(28)   SoftReference:
[7.922s][debug  ][gc,phases,ref  ] GC(28)     Discovered: 0
[7.922s][debug  ][gc,phases,ref  ] GC(28)     Cleared: 0
[7.922s][debug  ][gc,phases,ref  ] GC(28)   WeakReference:
[7.922s][debug  ][gc,phases,ref  ] GC(28)     Discovered: 62
[7.923s][debug  ][gc,phases,ref  ] GC(28)     Cleared: 62
[7.923s][debug  ][gc,phases,ref  ] GC(28)   FinalReference:
[7.923s][debug  ][gc,phases,ref  ] GC(28)     Discovered: 0
[7.923s][debug  ][gc,phases,ref  ] GC(28)     Cleared: 0
[7.923s][debug  ][gc,phases,ref  ] GC(28)   PhantomReference:
[7.923s][debug  ][gc,phases,ref  ] GC(28)     Discovered: 5
[7.923s][debug  ][gc,phases,ref  ] GC(28)     Cleared: 5
[7.923s][debug  ][gc,phases      ] GC(28) Reference Processing 0.713ms
[7.923s][debug  ][gc,phases,start] GC(28) Weak Processing
[7.923s][debug  ][gc,phases      ] GC(28)   VM Weak                        Min:  0.0, Avg:  0.0, Max:  0.0, Diff:  0.0, Sum:  0.0, Workers: 6
[7.923s][debug  ][gc,phases      ] GC(28)     Dead                           Min: 0, Avg:  0.0, Max: 0, Diff: 0, Sum: 0, Workers: 6
[7.923s][debug  ][gc,phases      ] GC(28)     Total                          Min: 0, Avg:  1.3, Max: 8, Diff: 8, Sum: 8, Workers: 6
[7.923s][debug  ][gc,phases      ] GC(28)   ObjectSynchronizer Weak        Min:  0.0, Avg:  0.0, Max:  0.0, Diff:  0.0, Sum:  0.0, Workers: 6
[7.923s][debug  ][gc,phases      ] GC(28)     Dead                           Min: 0, Avg:  0.0, Max: 0, Diff: 0, Sum: 0, Workers: 6
[7.923s][debug  ][gc,phases      ] GC(28)     Total                          Min: 0, Avg:  0.5, Max: 3, Diff: 3, Sum: 3, Workers: 6
[7.923s][debug  ][gc,phases      ] GC(28)   JVMTI Tag Weak OopStorage      Min:  0.0, Avg:  0.0, Max:  0.0, Diff:  0.0, Sum:  0.0, Workers: 6
[7.923s][debug  ][gc,phases      ] GC(28)     Dead                           Min: 0, Avg:  0.0, Max: 0, Diff: 0, Sum: 0, Workers: 6
[7.923s][debug  ][gc,phases      ] GC(28)     Total                          Min: 0, Avg:  0.0, Max: 0, Diff: 0, Sum: 0, Workers: 6
[7.923s][debug  ][gc,phases      ] GC(28)   StringTable Weak               Min:  0.0, Avg:  0.0, Max:  0.0, Diff:  0.0, Sum:  0.0, Workers: 6
[7.923s][debug  ][gc,phases      ] GC(28)     Dead                           Min: 0, Avg:  0.0, Max: 0, Diff: 0, Sum: 0, Workers: 6
[7.923s][debug  ][gc,phases      ] GC(28)     Total                          Min: 639, Avg: 892.5, Max: 1196, Diff: 557, Sum: 5355, Workers: 6
[7.923s][debug  ][gc,phases      ] GC(28)   ResolvedMethodTable Weak       Min:  0.0, Avg:  0.0, Max:  0.0, Diff:  0.0, Sum:  0.0, Workers: 6
[7.923s][debug  ][gc,phases      ] GC(28)     Dead                           Min: 0, Avg:  0.0, Max: 0, Diff: 0, Sum: 0, Workers: 6
[7.923s][debug  ][gc,phases      ] GC(28)     Total                          Min: 0, Avg: 21.7, Max: 64, Diff: 64, Sum: 130, Workers: 6
[7.923s][debug  ][gc,phases      ] GC(28)   JNI Weak                       Min:  0.0, Avg:  0.0, Max:  0.0, Diff:  0.0, Sum:  0.0, Workers: 6
[7.923s][debug  ][gc,phases      ] GC(28)     Dead                           Min: 0, Avg:  0.0, Max: 0, Diff: 0, Sum: 0, Workers: 6
[7.923s][debug  ][gc,phases      ] GC(28)     Total                          Min: 0, Avg:  0.0, Max: 0, Diff: 0, Sum: 0, Workers: 6
[7.923s][debug  ][gc,phases      ] GC(28)   StringDedup Table Weak         Min:  0.0, Avg:  0.0, Max:  0.0, Diff:  0.0, Sum:  0.0, Workers: 6
[7.923s][debug  ][gc,phases      ] GC(28)     Dead                           Min: 0, Avg:  0.0, Max: 0, Diff: 0, Sum: 0, Workers: 6
[7.923s][debug  ][gc,phases      ] GC(28)     Total                          Min: 0, Avg:  0.0, Max: 0, Diff: 0, Sum: 0, Workers: 6
[7.923s][debug  ][gc,phases      ] GC(28)   StringDedup Requests0 Weak     Min:  0.0, Avg:  0.0, Max:  0.0, Diff:  0.0, Sum:  0.0, Workers: 6
[7.923s][debug  ][gc,phases      ] GC(28)     Dead                           Min: 0, Avg:  0.0, Max: 0, Diff: 0, Sum: 0, Workers: 6
[7.923s][debug  ][gc,phases      ] GC(28)     Total                          Min: 0, Avg:  0.0, Max: 0, Diff: 0, Sum: 0, Workers: 6
[7.923s][debug  ][gc,phases      ] GC(28)   StringDedup Requests1 Weak     Min:  0.0, Avg:  0.0, Max:  0.0, Diff:  0.0, Sum:  0.0, Workers: 6
[7.923s][debug  ][gc,phases      ] GC(28)     Dead                           Min: 0, Avg:  0.0, Max: 0, Diff: 0, Sum: 0, Workers: 6
[7.923s][debug  ][gc,phases      ] GC(28)     Total                          Min: 0, Avg:  0.0, Max: 0, Diff: 0, Sum: 0, Workers: 6
[7.923s][debug  ][gc,phases      ] GC(28)   Weak JFR Old Object Samples    Min:  0.0, Avg:  0.0, Max:  0.0, Diff:  0.0, Sum:  0.0, Workers: 6
[7.923s][debug  ][gc,phases      ] GC(28)     Dead                           Min: 0, Avg:  0.0, Max: 0, Diff: 0, Sum: 0, Workers: 6
[7.923s][debug  ][gc,phases      ] GC(28)     Total                          Min: 0, Avg:  0.0, Max: 0, Diff: 0, Sum: 0, Workers: 6
[7.923s][debug  ][gc,phases      ] GC(28) Weak Processing 0.801ms
[7.924s][debug  ][gc,phases,start] GC(28) Class Unloading
[7.924s][debug  ][gc,phases,start] GC(28) ClassLoaderData
[7.924s][debug  ][gc,phases      ] GC(28) ClassLoaderData 0.024ms
[7.924s][debug  ][gc,phases,start] GC(28) Trigger cleanups
[7.924s][debug  ][gc,phases      ] GC(28) Trigger cleanups 0.023ms
[7.924s][debug  ][gc,phases      ] GC(28) Class Unloading 0.293ms
[7.924s][info   ][gc,phases      ] GC(28) Marking Phase 2.471ms
[7.924s][info   ][gc,phases,start] GC(28) Summary Phase
[7.924s][info   ][gc,phases      ] GC(28) Summary Phase 0.034ms
[7.924s][info   ][gc,phases,start] GC(28) Adjust Roots
[7.924s][info   ][gc,phases      ] GC(28) Adjust Roots 0.147ms
[7.924s][info   ][gc,phases,start] GC(28) Compaction Phase
[7.978s][info   ][gc,phases      ] GC(28) Compaction Phase 54.127ms
[7.978s][info   ][gc,phases,start] GC(28) Post Compact
[7.984s][info   ][gc,phases      ] GC(28) Post Compact 5.178ms
[7.984s][debug  ][gc,ergo        ] GC(28) AdaptiveSizeStart: collection: 29 
[7.984s][debug  ][gc,ergo        ] GC(28) PSAdaptiveSizePolicy::compute_eden_space_size limits: desired_eden_size: 238805550 old_eden_size: 202375168 eden_limit: 202375168 cur_eden: 202375168 max_eden_size: 202375168 avg_young_live: 24137508
[7.984s][debug  ][gc,ergo        ] GC(28) PSAdaptiveSizePolicy::compute_eden_space_size: costs minor_time: 0.055310 major_cost: 0.037025 mutator_cost: 0.907665 throughput_goal: 0.990000
[7.984s][debug  ][gc,ergo        ] GC(28) Live_space: 1072606336 free_space: 645922816
[7.984s][debug  ][gc,ergo        ] GC(28) Old eden_size: 202375168 desired_eden_size: 202375168
[7.984s][debug  ][gc,ergo        ] GC(28) PSAdaptiveSizePolicy::compute_old_gen_free_space: costs minor_time: 0.055310 major_cost: 0.037025  mutator_cost: 0.907665 throughput_goal: 0.990000
[7.984s][debug  ][gc,ergo        ] GC(28) Live_space: 1006467328 free_space: 645922816
[7.984s][debug  ][gc,ergo        ] GC(28) Old promo_size: 443547648 desired_promo_size: 550502400
[7.992s][debug  ][gc             ] GC(28) Shrinking ParOldGen from 1655808K by 364544K to 1291264K
[7.992s][debug  ][gc,ergo        ] GC(28) AdaptiveSizeStop: collection: 29 
[7.992s][info   ][gc,heap        ] GC(28) PSYoungGen: 30720K(229888K)->0K(229888K) Eden: 0K(197632K)->0K(197632K) From: 30720K(32256K)->0K(32256K)
[7.992s][info   ][gc,heap        ] GC(28) ParOldGen: 1445477K(1655808K)->503395K(1291264K)
[7.992s][info   ][gc,metaspace   ] GC(28) Metaspace: 1018K(1152K)->1018K(1152K) NonClass: 935K(960K)->935K(960K) Class: 83K(192K)->83K(192K)
[7.992s][info   ][gc             ] GC(28) Pause Full (Ergonomics) 1441M->491M(1485M) 70.954ms
[7.992s][info   ][gc,cpu         ] GC(28) User=0.62s Sys=0.02s Real=0.07s
[7.992s][debug  ][gc,heap        ] GC(28) Heap after GC invocations=29 (full 4):
[7.992s][debug  ][gc,heap        ] GC(28)  PSYoungGen      total 229888K, used 0K [0x00000007f0000000, 0x0000000800000000, 0x0000000800000000)
[7.992s][debug  ][gc,heap        ] GC(28)   eden space 197632K, 0% used [0x00000007f0000000,0x00000007f0000000,0x00000007fc100000)
[7.992s][debug  ][gc,heap        ] GC(28)   from space 32256K, 0% used [0x00000007fc100000,0x00000007fc100000,0x00000007fe080000)
[7.992s][debug  ][gc,heap        ] GC(28)   to   space 32256K, 0% used [0x00000007fe080000,0x00000007fe080000,0x0000000800000000)
[7.992s][debug  ][gc,heap        ] GC(28)  ParOldGen       total 1291264K, used 503395K [0x0000000740000000, 0x000000078ed00000, 0x00000007f0000000)
[7.992s][debug  ][gc,heap        ] GC(28)   object space 1291264K, 38% used [0x0000000740000000,0x000000075eb98f08,0x000000078ed00000)
[7.992s][debug  ][gc,heap        ] GC(28)  Metaspace       used 1018K, committed 1152K, reserved 1056768K
[7.993s][debug  ][gc,heap        ] GC(28)   class space    used 83K, committed 192K, reserved 1048576K
[7.993s][debug  ][gc,task,time   ] GC(28) VM-Thread 79213600 79241029 79923446
[8.281s][debug  ][gc,heap        ] GC(29) Heap before GC invocations=30 (full 4):
[8.281s][debug  ][gc,heap        ] GC(29)  PSYoungGen      total 229888K, used 188150K [0x00000007f0000000, 0x0000000800000000, 0x0000000800000000)
[8.281s][debug  ][gc,heap        ] GC(29)   eden space 197632K, 95% used [0x00000007f0000000,0x00000007fb7bd958,0x00000007fc100000)
[8.281s][debug  ][gc,heap        ] GC(29)   from space 32256K, 0% used [0x00000007fc100000,0x00000007fc100000,0x00000007fe080000)
[8.281s][debug  ][gc,heap        ] GC(29)   to   space 32256K, 0% used [0x00000007fe080000,0x00000007fe080000,0x0000000800000000)
[8.281s][debug  ][gc,heap        ] GC(29)  ParOldGen       total 1291264K, used 503395K [0x0000000740000000, 0x000000078ed00000, 0x00000007f0000000)
[8.281s][debug  ][gc,heap        ] GC(29)   object space 1291264K, 38% used [0x0000000740000000,0x000000075eb98f08,0x000000078ed00000)
[8.281s][debug  ][gc,heap        ] GC(29)  Metaspace       used 1018K, committed 1152K, reserved 1056768K
[8.281s][debug  ][gc,heap        ] GC(29)   class space    used 83K, committed 192K, reserved 1048576K
[8.281s][debug  ][gc,tlab        ] GC(29) TLAB totals: thrds: 1  refills: 1 max: 1 slow allocs: 17 max 17 waste: 27.2% gc: 3921976B max: 3921976B slow: 0B max: 0B
[8.281s][info   ][gc,start       ] GC(29) Pause Young (Allocation Failure)
[8.281s][debug  ][gc,phases,start] GC(29) Scavenge
[8.294s][debug  ][gc,phases      ] GC(29) Scavenge 12.698ms
[8.294s][debug  ][gc,phases,start] GC(29) Reference Processing
[8.294s][debug  ][gc,ref         ] GC(29) Skipped phase 1 of Reference Processing: no references
[8.294s][debug  ][gc,ref         ] GC(29) Skipped phase 2 of Reference Processing: no references
[8.294s][debug  ][gc,ref         ] GC(29) Skipped phase 3 of Reference Processing: no references
[8.294s][debug  ][gc,ref         ] GC(29) Skipped phase 4 of Reference Processing: no references
[8.294s][debug  ][gc,phases,ref  ] GC(29) Reference Processing: 0.1ms
[8.294s][debug  ][gc,phases,ref  ] GC(29)   Reconsider SoftReferences: 0.0ms
[8.294s][debug  ][gc,phases,ref  ] GC(29)     SoftRef (ms):                  skipped
[8.294s][debug  ][gc,phases,ref  ] GC(29)   Notify Soft/WeakReferences: 0.0ms
[8.294s][debug  ][gc,phases,ref  ] GC(29)     SoftRef (ms):                  skipped
[8.294s][debug  ][gc,phases,ref  ] GC(29)     WeakRef (ms):                  skipped
[8.294s][debug  ][gc,phases,ref  ] GC(29)     FinalRef (ms):                 skipped
[8.294s][debug  ][gc,phases,ref  ] GC(29)     Total (ms):                    skipped
[8.294s][debug  ][gc,phases,ref  ] GC(29)   Notify and keep alive finalizable: 0.0ms
[8.294s][debug  ][gc,phases,ref  ] GC(29)     FinalRef (ms):                 skipped
[8.294s][debug  ][gc,phases,ref  ] GC(29)   Notify PhantomReferences: 0.0ms
[8.294s][debug  ][gc,phases,ref  ] GC(29)     PhantomRef (ms):               skipped
[8.294s][debug  ][gc,phases,ref  ] GC(29)   SoftReference:
[8.294s][debug  ][gc,phases,ref  ] GC(29)     Discovered: 0
[8.294s][debug  ][gc,phases,ref  ] GC(29)     Cleared: 0
[8.294s][debug  ][gc,phases,ref  ] GC(29)   WeakReference:
[8.294s][debug  ][gc,phases,ref  ] GC(29)     Discovered: 0
[8.294s][debug  ][gc,phases,ref  ] GC(29)     Cleared: 0
[8.295s][debug  ][gc,phases,ref  ] GC(29)   FinalReference:
[8.295s][debug  ][gc,phases,ref  ] GC(29)     Discovered: 0
[8.295s][debug  ][gc,phases,ref  ] GC(29)     Cleared: 0
[8.295s][debug  ][gc,phases,ref  ] GC(29)   PhantomReference:
[8.295s][debug  ][gc,phases,ref  ] GC(29)     Discovered: 0
[8.295s][debug  ][gc,phases,ref  ] GC(29)     Cleared: 0
[8.295s][debug  ][gc,phases      ] GC(29) Reference Processing 0.672ms
[8.295s][debug  ][gc,phases,start] GC(29) Weak Processing
[8.295s][debug  ][gc,phases      ] GC(29)   VM Weak                        Min:  0.0, Avg:  0.0, Max:  0.0, Diff:  0.0, Sum:  0.0, Workers: 6
[8.295s][debug  ][gc,phases      ] GC(29)     Dead                           Min: 0, Avg:  0.0, Max: 0, Diff: 0, Sum: 0, Workers: 6
[8.295s][debug  ][gc,phases      ] GC(29)     Total                          Min: 0, Avg:  1.3, Max: 8, Diff: 8, Sum: 8, Workers: 6
[8.295s][debug  ][gc,phases      ] GC(29)   ObjectSynchronizer Weak        Min:  0.0, Avg:  0.0, Max:  0.0, Diff:  0.0, Sum:  0.0, Workers: 6
[8.295s][debug  ][gc,phases      ] GC(29)     Dead                           Min: 0, Avg:  0.0, Max: 0, Diff: 0, Sum: 0, Workers: 6
[8.295s][debug  ][gc,phases      ] GC(29)     Total                          Min: 0, Avg:  0.5, Max: 3, Diff: 3, Sum: 3, Workers: 6
[8.295s][debug  ][gc,phases      ] GC(29)   JVMTI Tag Weak OopStorage      Min:  0.0, Avg:  0.0, Max:  0.0, Diff:  0.0, Sum:  0.0, Workers: 6
[8.295s][debug  ][gc,phases      ] GC(29)     Dead                           Min: 0, Avg:  0.0, Max: 0, Diff: 0, Sum: 0, Workers: 6
[8.295s][debug  ][gc,phases      ] GC(29)     Total                          Min: 0, Avg:  0.0, Max: 0, Diff: 0, Sum: 0, Workers: 6
[8.295s][debug  ][gc,phases      ] GC(29)   StringTable Weak               Min:  0.0, Avg:  0.0, Max:  0.0, Diff:  0.0, Sum:  0.0, Workers: 6
[8.295s][debug  ][gc,phases      ] GC(29)     Dead                           Min: 0, Avg:  0.0, Max: 0, Diff: 0, Sum: 0, Workers: 6
[8.295s][debug  ][gc,phases      ] GC(29)     Total                          Min: 768, Avg: 892.5, Max: 1024, Diff: 256, Sum: 5355, Workers: 6
[8.295s][debug  ][gc,phases      ] GC(29)   ResolvedMethodTable Weak       Min:  0.0, Avg:  0.0, Max:  0.0, Diff:  0.0, Sum:  0.0, Workers: 6
[8.295s][debug  ][gc,phases      ] GC(29)     Dead                           Min: 0, Avg:  0.0, Max: 0, Diff: 0, Sum: 0, Workers: 6
[8.295s][debug  ][gc,phases      ] GC(29)     Total                          Min: 0, Avg: 21.7, Max: 64, Diff: 64, Sum: 130, Workers: 6
[8.295s][debug  ][gc,phases      ] GC(29)   JNI Weak                       Min:  0.0, Avg:  0.0, Max:  0.0, Diff:  0.0, Sum:  0.0, Workers: 6
[8.295s][debug  ][gc,phases      ] GC(29)     Dead                           Min: 0, Avg:  0.0, Max: 0, Diff: 0, Sum: 0, Workers: 6
[8.295s][debug  ][gc,phases      ] GC(29)     Total                          Min: 0, Avg:  0.0, Max: 0, Diff: 0, Sum: 0, Workers: 6
[8.295s][debug  ][gc,phases      ] GC(29)   StringDedup Table Weak         Min:  0.0, Avg:  0.0, Max:  0.0, Diff:  0.0, Sum:  0.0, Workers: 6
[8.295s][debug  ][gc,phases      ] GC(29)     Dead                           Min: 0, Avg:  0.0, Max: 0, Diff: 0, Sum: 0, Workers: 6
[8.295s][debug  ][gc,phases      ] GC(29)     Total                          Min: 0, Avg:  0.0, Max: 0, Diff: 0, Sum: 0, Workers: 6
[8.295s][debug  ][gc,phases      ] GC(29)   StringDedup Requests0 Weak     Min:  0.0, Avg:  0.0, Max:  0.0, Diff:  0.0, Sum:  0.0, Workers: 6
[8.295s][debug  ][gc,phases      ] GC(29)     Dead                           Min: 0, Avg:  0.0, Max: 0, Diff: 0, Sum: 0, Workers: 6
[8.295s][debug  ][gc,phases      ] GC(29)     Total                          Min: 0, Avg:  0.0, Max: 0, Diff: 0, Sum: 0, Workers: 6
[8.295s][debug  ][gc,phases      ] GC(29)   StringDedup Requests1 Weak     Min:  0.0, Avg:  0.0, Max:  0.0, Diff:  0.0, Sum:  0.0, Workers: 6
[8.295s][debug  ][gc,phases      ] GC(29)     Dead                           Min: 0, Avg:  0.0, Max: 0, Diff: 0, Sum: 0, Workers: 6
[8.295s][debug  ][gc,phases      ] GC(29)     Total                          Min: 0, Avg:  0.0, Max: 0, Diff: 0, Sum: 0, Workers: 6
[8.295s][debug  ][gc,phases      ] GC(29)   Weak JFR Old Object Samples    Min:  0.0, Avg:  0.0, Max:  0.0, Diff:  0.0, Sum:  0.0, Workers: 6
[8.295s][debug  ][gc,phases      ] GC(29)     Dead                           Min: 0, Avg:  0.0, Max: 0, Diff: 0, Sum: 0, Workers: 6
[8.296s][debug  ][gc,phases      ] GC(29)     Total                          Min: 0, Avg:  0.0, Max: 0, Diff: 0, Sum: 0, Workers: 6
[8.296s][debug  ][gc,phases      ] GC(29) Weak Processing 0.867ms
[8.296s][debug  ][gc,ergo        ] GC(29) AdaptiveSizeStart:  collection: 30 
[8.296s][debug  ][gc,ergo        ] GC(29) avg_survived_padded_avg: 32752094.000000
[8.296s][debug  ][gc,ergo        ] GC(29) avg_promoted_padded_avg: 249048320.000000  avg_pretenured_padded_avg: 0.000000  tenuring_thresh: 1  target_size: 33030144
[8.296s][debug  ][gc,age         ] GC(29) Desired survivor size 33030144 bytes, new threshold 1 (max threshold 15)
[8.296s][debug  ][gc,ergo        ] GC(29) PSAdaptiveSizePolicy::compute_eden_space_size limits: desired_eden_size: 237629848 old_eden_size: 202375168 eden_limit: 202375168 cur_eden: 202375168 max_eden_size: 202375168 avg_young_live: 24869490
[8.296s][debug  ][gc,ergo        ] GC(29) PSAdaptiveSizePolicy::compute_eden_space_size: costs minor_time: 0.051063 major_cost: 0.037025 mutator_cost: 0.911912 throughput_goal: 0.990000
[8.296s][debug  ][gc,ergo        ] GC(29) Live_space: 1007199296 free_space: 752877568
[8.296s][debug  ][gc,ergo        ] GC(29) Old eden_size: 202375168 desired_eden_size: 202375168
[8.296s][debug  ][gc,ergo        ] GC(29) AdaptiveSizeStop: collection: 30 
[8.296s][info   ][gc,heap        ] GC(29) PSYoungGen: 188150K(229888K)->30720K(229888K) Eden: 188150K(197632K)->0K(197632K) From: 0K(32256K)->30720K(32256K)
[8.296s][info   ][gc,heap        ] GC(29) ParOldGen: 503395K(1291264K)->656995K(1291264K)
[8.296s][info   ][gc,metaspace   ] GC(29) Metaspace: 1018K(1152K)->1018K(1152K) NonClass: 935K(960K)->935K(960K) Class: 83K(192K)->83K(192K)
[8.296s][info   ][gc             ] GC(29) Pause Young (Allocation Failure) 675M->671M(1485M) 14.736ms
[8.296s][info   ][gc,cpu         ] GC(29) User=0.12s Sys=0.00s Real=0.02s
[8.296s][debug  ][gc,heap        ] GC(29) Heap after GC invocations=30 (full 4):
[8.296s][debug  ][gc,heap        ] GC(29)  PSYoungGen      total 229888K, used 30720K [0x00000007f0000000, 0x0000000800000000, 0x0000000800000000)
[8.296s][debug  ][gc,heap        ] GC(29)   eden space 197632K, 0% used [0x00000007f0000000,0x00000007f0000000,0x00000007fc100000)
[8.296s][debug  ][gc,heap        ] GC(29)   from space 32256K, 95% used [0x00000007fe080000,0x00000007ffe80030,0x0000000800000000)
[8.296s][debug  ][gc,heap        ] GC(29)   to   space 32256K, 0% used [0x00000007fc100000,0x00000007fc100000,0x00000007fe080000)
[8.296s][debug  ][gc,heap        ] GC(29)  ParOldGen       total 1291264K, used 656995K [0x0000000740000000, 0x000000078ed00000, 0x00000007f0000000)
[8.296s][debug  ][gc,heap        ] GC(29)   object space 1291264K, 50% used [0x0000000740000000,0x0000000768198ff8,0x000000078ed00000)
[8.296s][debug  ][gc,heap        ] GC(29)  Metaspace       used 1018K, committed 1152K, reserved 1056768K
[8.296s][debug  ][gc,heap        ] GC(29)   class space    used 83K, committed 192K, reserved 1048576K
[8.296s][debug  ][gc,task,time   ] GC(29) VM-Thread 82807523 82939724 82961626
[8.585s][debug  ][gc,heap        ] GC(30) Heap before GC invocations=31 (full 4):
[8.585s][debug  ][gc,heap        ] GC(30)  PSYoungGen      total 229888K, used 218809K [0x00000007f0000000, 0x0000000800000000, 0x0000000800000000)
[8.585s][debug  ][gc,heap        ] GC(30)   eden space 197632K, 95% used [0x00000007f0000000,0x00000007fb7ae720,0x00000007fc100000)
[8.585s][debug  ][gc,heap        ] GC(30)   from space 32256K, 95% used [0x00000007fe080000,0x00000007ffe80030,0x0000000800000000)
[8.585s][debug  ][gc,heap        ] GC(30)   to   space 32256K, 0% used [0x00000007fc100000,0x00000007fc100000,0x00000007fe080000)
[8.585s][debug  ][gc,heap        ] GC(30)  ParOldGen       total 1291264K, used 656995K [0x0000000740000000, 0x000000078ed00000, 0x00000007f0000000)
[8.585s][debug  ][gc,heap        ] GC(30)   object space 1291264K, 50% used [0x0000000740000000,0x0000000768198ff8,0x000000078ed00000)
[8.585s][debug  ][gc,heap        ] GC(30)  Metaspace       used 1018K, committed 1152K, reserved 1056768K
[8.585s][debug  ][gc,heap        ] GC(30)   class space    used 83K, committed 192K, reserved 1048576K
[8.585s][debug  ][gc,tlab        ] GC(30) TLAB totals: thrds: 1  refills: 1 max: 1 slow allocs: 17 max 17 waste: 26.9% gc: 3859968B max: 3859968B slow: 0B max: 0B
[8.585s][info   ][gc,start       ] GC(30) Pause Young (Allocation Failure)
[8.585s][debug  ][gc,phases,start] GC(30) Scavenge
[8.600s][debug  ][gc,phases      ] GC(30) Scavenge 14.657ms
[8.600s][debug  ][gc,phases,start] GC(30) Reference Processing
[8.600s][debug  ][gc,ref         ] GC(30) Skipped phase 1 of Reference Processing: no references
[8.600s][debug  ][gc,ref         ] GC(30) Skipped phase 2 of Reference Processing: no references
[8.600s][debug  ][gc,ref         ] GC(30) Skipped phase 3 of Reference Processing: no references
[8.600s][debug  ][gc,ref         ] GC(30) Skipped phase 4 of Reference Processing: no references
[8.600s][debug  ][gc,phases,ref  ] GC(30) Reference Processing: 0.1ms
[8.600s][debug  ][gc,phases,ref  ] GC(30)   Reconsider SoftReferences: 0.0ms
[8.600s][debug  ][gc,phases,ref  ] GC(30)     SoftRef (ms):                  skipped
[8.600s][debug  ][gc,phases,ref  ] GC(30)   Notify Soft/WeakReferences: 0.0ms
[8.600s][debug  ][gc,phases,ref  ] GC(30)     SoftRef (ms):                  skipped
[8.600s][debug  ][gc,phases,ref  ] GC(30)     WeakRef (ms):                  skipped
[8.600s][debug  ][gc,phases,ref  ] GC(30)     FinalRef (ms):                 skipped
[8.600s][debug  ][gc,phases,ref  ] GC(30)     Total (ms):                    skipped
[8.600s][debug  ][gc,phases,ref  ] GC(30)   Notify and keep alive finalizable: 0.0ms
[8.600s][debug  ][gc,phases,ref  ] GC(30)     FinalRef (ms):                 skipped
[8.600s][debug  ][gc,phases,ref  ] GC(30)   Notify PhantomReferences: 0.0ms
[8.600s][debug  ][gc,phases,ref  ] GC(30)     PhantomRef (ms):               skipped
[8.600s][debug  ][gc,phases,ref  ] GC(30)   SoftReference:
[8.600s][debug  ][gc,phases,ref  ] GC(30)     Discovered: 0
[8.601s][debug  ][gc,phases,ref  ] GC(30)     Cleared: 0
[8.601s][debug  ][gc,phases,ref  ] GC(30)   WeakReference:
[8.601s][debug  ][gc,phases,ref  ] GC(30)     Discovered: 0
[8.601s][debug  ][gc,phases,ref  ] GC(30)     Cleared: 0
[8.601s][debug  ][gc,phases,ref  ] GC(30)   FinalReference:
[8.601s][debug  ][gc,phases,ref  ] GC(30)     Discovered: 0
[8.601s][debug  ][gc,phases,ref  ] GC(30)     Cleared: 0
[8.601s][debug  ][gc,phases,ref  ] GC(30)   PhantomReference:
[8.601s][debug  ][gc,phases,ref  ] GC(30)     Discovered: 0
[8.601s][debug  ][gc,phases,ref  ] GC(30)     Cleared: 0
[8.601s][debug  ][gc,phases      ] GC(30) Reference Processing 0.699ms
[8.601s][debug  ][gc,phases,start] GC(30) Weak Processing
[8.601s][debug  ][gc,phases      ] GC(30)   VM Weak                        Min:  0.0, Avg:  0.0, Max:  0.0, Diff:  0.0, Sum:  0.0, Workers: 6
[8.601s][debug  ][gc,phases      ] GC(30)     Dead                           Min: 0, Avg:  0.0, Max: 0, Diff: 0, Sum: 0, Workers: 6
[8.601s][debug  ][gc,phases      ] GC(30)     Total                          Min: 0, Avg:  1.3, Max: 8, Diff: 8, Sum: 8, Workers: 6
[8.601s][debug  ][gc,phases      ] GC(30)   ObjectSynchronizer Weak        Min:  0.0, Avg:  0.0, Max:  0.0, Diff:  0.0, Sum:  0.0, Workers: 6
[8.601s][debug  ][gc,phases      ] GC(30)     Dead                           Min: 0, Avg:  0.0, Max: 0, Diff: 0, Sum: 0, Workers: 6
[8.601s][debug  ][gc,phases      ] GC(30)     Total                          Min: 0, Avg:  0.5, Max: 3, Diff: 3, Sum: 3, Workers: 6
[8.601s][debug  ][gc,phases      ] GC(30)   JVMTI Tag Weak OopStorage      Min:  0.0, Avg:  0.0, Max:  0.0, Diff:  0.0, Sum:  0.0, Workers: 6
[8.601s][debug  ][gc,phases      ] GC(30)     Dead                           Min: 0, Avg:  0.0, Max: 0, Diff: 0, Sum: 0, Workers: 6
[8.601s][debug  ][gc,phases      ] GC(30)     Total                          Min: 0, Avg:  0.0, Max: 0, Diff: 0, Sum: 0, Workers: 6
[8.601s][debug  ][gc,phases      ] GC(30)   StringTable Weak               Min:  0.0, Avg:  0.0, Max:  0.0, Diff:  0.0, Sum:  0.1, Workers: 6
[8.601s][debug  ][gc,phases      ] GC(30)     Dead                           Min: 0, Avg:  0.0, Max: 0, Diff: 0, Sum: 0, Workers: 6
[8.601s][debug  ][gc,phases      ] GC(30)     Total                          Min: 639, Avg: 892.5, Max: 1024, Diff: 385, Sum: 5355, Workers: 6
[8.601s][debug  ][gc,phases      ] GC(30)   ResolvedMethodTable Weak       Min:  0.0, Avg:  0.0, Max:  0.0, Diff:  0.0, Sum:  0.0, Workers: 6
[8.601s][debug  ][gc,phases      ] GC(30)     Dead                           Min: 0, Avg:  0.0, Max: 0, Diff: 0, Sum: 0, Workers: 6
[8.601s][debug  ][gc,phases      ] GC(30)     Total                          Min: 0, Avg: 21.7, Max: 64, Diff: 64, Sum: 130, Workers: 6
[8.601s][debug  ][gc,phases      ] GC(30)   JNI Weak                       Min:  0.0, Avg:  0.0, Max:  0.0, Diff:  0.0, Sum:  0.0, Workers: 6
[8.601s][debug  ][gc,phases      ] GC(30)     Dead                           Min: 0, Avg:  0.0, Max: 0, Diff: 0, Sum: 0, Workers: 6
[8.601s][debug  ][gc,phases      ] GC(30)     Total                          Min: 0, Avg:  0.0, Max: 0, Diff: 0, Sum: 0, Workers: 6
[8.601s][debug  ][gc,phases      ] GC(30)   StringDedup Table Weak         Min:  0.0, Avg:  0.0, Max:  0.0, Diff:  0.0, Sum:  0.0, Workers: 6
[8.601s][debug  ][gc,phases      ] GC(30)     Dead                           Min: 0, Avg:  0.0, Max: 0, Diff: 0, Sum: 0, Workers: 6
[8.601s][debug  ][gc,phases      ] GC(30)     Total                          Min: 0, Avg:  0.0, Max: 0, Diff: 0, Sum: 0, Workers: 6
[8.601s][debug  ][gc,phases      ] GC(30)   StringDedup Requests0 Weak     Min:  0.0, Avg:  0.0, Max:  0.0, Diff:  0.0, Sum:  0.0, Workers: 6
[8.601s][debug  ][gc,phases      ] GC(30)     Dead                           Min: 0, Avg:  0.0, Max: 0, Diff: 0, Sum: 0, Workers: 6
[8.601s][debug  ][gc,phases      ] GC(30)     Total                          Min: 0, Avg:  0.0, Max: 0, Diff: 0, Sum: 0, Workers: 6
[8.601s][debug  ][gc,phases      ] GC(30)   StringDedup Requests1 Weak     Min:  0.0, Avg:  0.0, Max:  0.0, Diff:  0.0, Sum:  0.0, Workers: 6
[8.601s][debug  ][gc,phases      ] GC(30)     Dead                           Min: 0, Avg:  0.0, Max: 0, Diff: 0, Sum: 0, Workers: 6
[8.601s][debug  ][gc,phases      ] GC(30)     Total                          Min: 0, Avg:  0.0, Max: 0, Diff: 0, Sum: 0, Workers: 6
[8.601s][debug  ][gc,phases      ] GC(30)   Weak JFR Old Object Samples    Min:  0.0, Avg:  0.0, Max:  0.0, Diff:  0.0, Sum:  0.0, Workers: 6
[8.601s][debug  ][gc,phases      ] GC(30)     Dead                           Min: 0, Avg:  0.0, Max: 0, Diff: 0, Sum: 0, Workers: 6
[8.602s][debug  ][gc,phases      ] GC(30)     Total                          Min: 0, Avg:  0.0, Max: 0, Diff: 0, Sum: 0, Workers: 6
[8.602s][debug  ][gc,phases      ] GC(30) Weak Processing 0.752ms
[8.602s][debug  ][gc,ergo        ] GC(30) AdaptiveSizeStart:  collection: 31 
[8.602s][debug  ][gc,ergo        ] GC(30) avg_survived_padded_avg: 32671656.000000
[8.602s][debug  ][gc,ergo        ] GC(30) avg_promoted_padded_avg: 249031216.000000  avg_pretenured_padded_avg: 0.000000  tenuring_thresh: 1  target_size: 33030144
[8.602s][debug  ][gc,age         ] GC(30) Desired survivor size 33030144 bytes, new threshold 1 (max threshold 15)
[8.602s][debug  ][gc,ergo        ] GC(30) PSAdaptiveSizePolicy::compute_eden_space_size limits: desired_eden_size: 237773841 old_eden_size: 202375168 eden_limit: 202375168 cur_eden: 202375168 max_eden_size: 202375168 avg_young_live: 25528272
[8.602s][debug  ][gc,ergo        ] GC(30) PSAdaptiveSizePolicy::compute_eden_space_size: costs minor_time: 0.051562 major_cost: 0.037025 mutator_cost: 0.911413 throughput_goal: 0.990000
[8.602s][debug  ][gc,ergo        ] GC(30) Live_space: 1007858048 free_space: 752877568
[8.602s][debug  ][gc,ergo        ] GC(30) Old eden_size: 202375168 desired_eden_size: 202375168
[8.602s][debug  ][gc,ergo        ] GC(30) AdaptiveSizeStop: collection: 31 
[8.602s][info   ][gc,heap        ] GC(30) PSYoungGen: 218809K(229888K)->30720K(229888K) Eden: 188089K(197632K)->0K(197632K) From: 30720K(32256K)->30720K(32256K)
[8.602s][info   ][gc,heap        ] GC(30) ParOldGen: 656995K(1291264K)->841316K(1291264K)
[8.602s][info   ][gc,metaspace   ] GC(30) Metaspace: 1018K(1152K)->1018K(1152K) NonClass: 935K(960K)->935K(960K) Class: 83K(192K)->83K(192K)
[8.602s][info   ][gc             ] GC(30) Pause Young (Allocation Failure) 855M->851M(1485M) 16.558ms
[8.602s][info   ][gc,cpu         ] GC(30) User=0.16s Sys=0.00s Real=0.02s
[8.602s][debug  ][gc,heap        ] GC(30) Heap after GC invocations=31 (full 4):
[8.602s][debug  ][gc,heap        ] GC(30)  PSYoungGen      total 229888K, used 30720K [0x00000007f0000000, 0x0000000800000000, 0x0000000800000000)
[8.602s][debug  ][gc,heap        ] GC(30)   eden space 197632K, 0% used [0x00000007f0000000,0x00000007f0000000,0x00000007fc100000)
[8.602s][debug  ][gc,heap        ] GC(30)   from space 32256K, 95% used [0x00000007fc100000,0x00000007fdf00030,0x00000007fe080000)
[8.602s][debug  ][gc,heap        ] GC(30)   to   space 32256K, 0% used [0x00000007fe080000,0x00000007fe080000,0x0000000800000000)
[8.602s][debug  ][gc,heap        ] GC(30)  ParOldGen       total 1291264K, used 841316K [0x0000000740000000, 0x000000078ed00000, 0x00000007f0000000)
[8.602s][debug  ][gc,heap        ] GC(30)   object space 1291264K, 65% used [0x0000000740000000,0x0000000773599118,0x000000078ed00000)
[8.602s][debug  ][gc,heap        ] GC(30)  Metaspace       used 1018K, committed 1152K, reserved 1056768K
[8.602s][debug  ][gc,heap        ] GC(30)   class space    used 83K, committed 192K, reserved 1048576K
[8.602s][debug  ][gc,task,time   ] GC(30) VM-Thread 85848643 86000557 86020627
[8.888s][debug  ][gc,heap        ] GC(31) Heap before GC invocations=32 (full 4):
[8.888s][debug  ][gc,heap        ] GC(31)  PSYoungGen      total 229888K, used 218846K [0x00000007f0000000, 0x0000000800000000, 0x0000000800000000)
[8.888s][debug  ][gc,heap        ] GC(31)   eden space 197632K, 95% used [0x00000007f0000000,0x00000007fb7b78a0,0x00000007fc100000)
[8.888s][debug  ][gc,heap        ] GC(31)   from space 32256K, 95% used [0x00000007fc100000,0x00000007fdf00030,0x00000007fe080000)
[8.888s][debug  ][gc,heap        ] GC(31)   to   space 32256K, 0% used [0x00000007fe080000,0x00000007fe080000,0x0000000800000000)
[8.888s][debug  ][gc,heap        ] GC(31)  ParOldGen       total 1291264K, used 841316K [0x0000000740000000, 0x000000078ed00000, 0x00000007f0000000)
[8.888s][debug  ][gc,heap        ] GC(31)   object space 1291264K, 65% used [0x0000000740000000,0x0000000773599118,0x000000078ed00000)
[8.888s][debug  ][gc,heap        ] GC(31)  Metaspace       used 1018K, committed 1152K, reserved 1056768K
[8.888s][debug  ][gc,heap        ] GC(31)   class space    used 83K, committed 192K, reserved 1048576K
[8.888s][debug  ][gc,tlab        ] GC(31) TLAB totals: thrds: 1  refills: 1 max: 1 slow allocs: 17 max 17 waste: 27.1% gc: 3896048B max: 3896048B slow: 0B max: 0B
[8.888s][info   ][gc,start       ] GC(31) Pause Young (Allocation Failure)
[8.888s][debug  ][gc,phases,start] GC(31) Scavenge
[8.891s][debug  ][gc,phases      ] GC(31) Scavenge 3.036ms
[8.891s][debug  ][gc,phases,start] GC(31) Reference Processing
[8.892s][debug  ][gc,ref         ] GC(31) Skipped phase 1 of Reference Processing: no references
[8.892s][debug  ][gc,ref         ] GC(31) Skipped phase 2 of Reference Processing: no references
[8.892s][debug  ][gc,ref         ] GC(31) Skipped phase 3 of Reference Processing: no references
[8.892s][debug  ][gc,ref         ] GC(31) Skipped phase 4 of Reference Processing: no references
[8.892s][debug  ][gc,phases,ref  ] GC(31) Reference Processing: 0.1ms
[8.892s][debug  ][gc,phases,ref  ] GC(31)   Reconsider SoftReferences: 0.0ms
[8.892s][debug  ][gc,phases,ref  ] GC(31)     SoftRef (ms):                  skipped
[8.892s][debug  ][gc,phases,ref  ] GC(31)   Notify Soft/WeakReferences: 0.0ms
[8.892s][debug  ][gc,phases,ref  ] GC(31)     SoftRef (ms):                  skipped
[8.892s][debug  ][gc,phases,ref  ] GC(31)     WeakRef (ms):                  skipped
[8.892s][debug  ][gc,phases,ref  ] GC(31)     FinalRef (ms):                 skipped
[8.892s][debug  ][gc,phases,ref  ] GC(31)     Total (ms):                    skipped
[8.892s][debug  ][gc,phases,ref  ] GC(31)   Notify and keep alive finalizable: 0.0ms
[8.892s][debug  ][gc,phases,ref  ] GC(31)     FinalRef (ms):                 skipped
[8.892s][debug  ][gc,phases,ref  ] GC(31)   Notify PhantomReferences: 0.0ms
[8.892s][debug  ][gc,phases,ref  ] GC(31)     PhantomRef (ms):               skipped
[8.892s][debug  ][gc,phases,ref  ] GC(31)   SoftReference:
[8.892s][debug  ][gc,phases,ref  ] GC(31)     Discovered: 0
[8.892s][debug  ][gc,phases,ref  ] GC(31)     Cleared: 0
[8.892s][debug  ][gc,phases,ref  ] GC(31)   WeakReference:
[8.892s][debug  ][gc,phases,ref  ] GC(31)     Discovered: 0
[8.892s][debug  ][gc,phases,ref  ] GC(31)     Cleared: 0
[8.892s][debug  ][gc,phases,ref  ] GC(31)   FinalReference:
[8.892s][debug  ][gc,phases,ref  ] GC(31)     Discovered: 0
[8.892s][debug  ][gc,phases,ref  ] GC(31)     Cleared: 0
[8.892s][debug  ][gc,phases,ref  ] GC(31)   PhantomReference:
[8.892s][debug  ][gc,phases,ref  ] GC(31)     Discovered: 0
[8.892s][debug  ][gc,phases,ref  ] GC(31)     Cleared: 0
[8.892s][debug  ][gc,phases      ] GC(31) Reference Processing 0.675ms
[8.892s][debug  ][gc,phases,start] GC(31) Weak Processing
[8.892s][debug  ][gc,phases      ] GC(31)   VM Weak                        Min:  0.0, Avg:  0.0, Max:  0.0, Diff:  0.0, Sum:  0.0, Workers: 6
[8.892s][debug  ][gc,phases      ] GC(31)     Dead                           Min: 0, Avg:  0.0, Max: 0, Diff: 0, Sum: 0, Workers: 6
[8.892s][debug  ][gc,phases      ] GC(31)     Total                          Min: 0, Avg:  1.3, Max: 8, Diff: 8, Sum: 8, Workers: 6
[8.892s][debug  ][gc,phases      ] GC(31)   ObjectSynchronizer Weak        Min:  0.0, Avg:  0.0, Max:  0.0, Diff:  0.0, Sum:  0.0, Workers: 6
[8.892s][debug  ][gc,phases      ] GC(31)     Dead                           Min: 0, Avg:  0.0, Max: 0, Diff: 0, Sum: 0, Workers: 6
[8.892s][debug  ][gc,phases      ] GC(31)     Total                          Min: 0, Avg:  0.5, Max: 3, Diff: 3, Sum: 3, Workers: 6
[8.892s][debug  ][gc,phases      ] GC(31)   JVMTI Tag Weak OopStorage      Min:  0.0, Avg:  0.0, Max:  0.0, Diff:  0.0, Sum:  0.0, Workers: 6
[8.892s][debug  ][gc,phases      ] GC(31)     Dead                           Min: 0, Avg:  0.0, Max: 0, Diff: 0, Sum: 0, Workers: 6
[8.892s][debug  ][gc,phases      ] GC(31)     Total                          Min: 0, Avg:  0.0, Max: 0, Diff: 0, Sum: 0, Workers: 6
[8.892s][debug  ][gc,phases      ] GC(31)   StringTable Weak               Min:  0.0, Avg:  0.0, Max:  0.0, Diff:  0.0, Sum:  0.0, Workers: 6
[8.893s][debug  ][gc,phases      ] GC(31)     Dead                           Min: 0, Avg:  0.0, Max: 0, Diff: 0, Sum: 0, Workers: 6
[8.893s][debug  ][gc,phases      ] GC(31)     Total                          Min: 620, Avg: 892.5, Max: 1280, Diff: 660, Sum: 5355, Workers: 6
[8.893s][debug  ][gc,phases      ] GC(31)   ResolvedMethodTable Weak       Min:  0.0, Avg:  0.0, Max:  0.0, Diff:  0.0, Sum:  0.0, Workers: 6
[8.893s][debug  ][gc,phases      ] GC(31)     Dead                           Min: 0, Avg:  0.0, Max: 0, Diff: 0, Sum: 0, Workers: 6
[8.893s][debug  ][gc,phases      ] GC(31)     Total                          Min: 0, Avg: 21.7, Max: 64, Diff: 64, Sum: 130, Workers: 6
[8.893s][debug  ][gc,phases      ] GC(31)   JNI Weak                       Min:  0.0, Avg:  0.0, Max:  0.0, Diff:  0.0, Sum:  0.0, Workers: 6
[8.893s][debug  ][gc,phases      ] GC(31)     Dead                           Min: 0, Avg:  0.0, Max: 0, Diff: 0, Sum: 0, Workers: 6
[8.893s][debug  ][gc,phases      ] GC(31)     Total                          Min: 0, Avg:  0.0, Max: 0, Diff: 0, Sum: 0, Workers: 6
[8.893s][debug  ][gc,phases      ] GC(31)   StringDedup Table Weak         Min:  0.0, Avg:  0.0, Max:  0.0, Diff:  0.0, Sum:  0.0, Workers: 6
[8.893s][debug  ][gc,phases      ] GC(31)     Dead                           Min: 0, Avg:  0.0, Max: 0, Diff: 0, Sum: 0, Workers: 6
[8.893s][debug  ][gc,phases      ] GC(31)     Total                          Min: 0, Avg:  0.0, Max: 0, Diff: 0, Sum: 0, Workers: 6
[8.893s][debug  ][gc,phases      ] GC(31)   StringDedup Requests0 Weak     Min:  0.0, Avg:  0.0, Max:  0.0, Diff:  0.0, Sum:  0.0, Workers: 6
[8.893s][debug  ][gc,phases      ] GC(31)     Dead                           Min: 0, Avg:  0.0, Max: 0, Diff: 0, Sum: 0, Workers: 6
[8.893s][debug  ][gc,phases      ] GC(31)     Total                          Min: 0, Avg:  0.0, Max: 0, Diff: 0, Sum: 0, Workers: 6
[8.893s][debug  ][gc,phases      ] GC(31)   StringDedup Requests1 Weak     Min:  0.0, Avg:  0.0, Max:  0.0, Diff:  0.0, Sum:  0.0, Workers: 6
[8.893s][debug  ][gc,phases      ] GC(31)     Dead                           Min: 0, Avg:  0.0, Max: 0, Diff: 0, Sum: 0, Workers: 6
[8.893s][debug  ][gc,phases      ] GC(31)     Total                          Min: 0, Avg:  0.0, Max: 0, Diff: 0, Sum: 0, Workers: 6
[8.893s][debug  ][gc,phases      ] GC(31)   Weak JFR Old Object Samples    Min:  0.0, Avg:  0.0, Max:  0.0, Diff:  0.0, Sum:  0.0, Workers: 6
[8.893s][debug  ][gc,phases      ] GC(31)     Dead                           Min: 0, Avg:  0.0, Max: 0, Diff: 0, Sum: 0, Workers: 6
[8.893s][debug  ][gc,phases      ] GC(31)     Total                          Min: 0, Avg:  0.0, Max: 0, Diff: 0, Sum: 0, Workers: 6
[8.893s][debug  ][gc,phases      ] GC(31) Weak Processing 0.797ms
[8.893s][debug  ][gc,ergo        ] GC(31) AdaptiveSizeStart:  collection: 32 
[8.893s][debug  ][gc,ergo        ] GC(31) avg_survived_padded_avg: 32594358.000000
[8.893s][debug  ][gc,ergo        ] GC(31) avg_promoted_padded_avg: 232161264.000000  avg_pretenured_padded_avg: 0.000000  tenuring_thresh: 1  target_size: 33030144
[8.893s][debug  ][gc,age         ] GC(31) Desired survivor size 33030144 bytes, new threshold 1 (max threshold 15)
[8.893s][debug  ][gc,ergo        ] GC(31) PSAdaptiveSizePolicy::compute_eden_space_size limits: desired_eden_size: 234926998 old_eden_size: 202375168 eden_limit: 202375168 cur_eden: 202375168 max_eden_size: 202375168 avg_young_live: 26121176
[8.893s][debug  ][gc,ergo        ] GC(31) PSAdaptiveSizePolicy::compute_eden_space_size: costs minor_time: 0.042640 major_cost: 0.037025 mutator_cost: 0.920335 throughput_goal: 0.990000
[8.893s][debug  ][gc,ergo        ] GC(31) Live_space: 1008450944 free_space: 752877568
[8.893s][debug  ][gc,ergo        ] GC(31) Old eden_size: 202375168 desired_eden_size: 202375168
[8.893s][debug  ][gc,ergo        ] GC(31) AdaptiveSizeStop: collection: 32 
[8.893s][info   ][gc,heap        ] GC(31) PSYoungGen: 218846K(229888K)->30720K(229888K) Eden: 188126K(197632K)->0K(197632K) From: 30720K(32256K)->30720K(32256K)
[8.893s][info   ][gc,heap        ] GC(31) ParOldGen: 841316K(1291264K)->841316K(1291264K)
[8.893s][info   ][gc,metaspace   ] GC(31) Metaspace: 1018K(1152K)->1018K(1152K) NonClass: 935K(960K)->935K(960K) Class: 83K(192K)->83K(192K)
[8.893s][info   ][gc             ] GC(31) Pause Young (Allocation Failure) 1035M->851M(1485M) 4.990ms
[8.893s][info   ][gc,cpu         ] GC(31) User=0.00s Sys=0.00s Real=0.01s
[8.893s][debug  ][gc,heap        ] GC(31) Heap after GC invocations=32 (full 4):
[8.893s][debug  ][gc,heap        ] GC(31)  PSYoungGen      total 229888K, used 30720K [0x00000007f0000000, 0x0000000800000000, 0x0000000800000000)
[8.893s][debug  ][gc,heap        ] GC(31)   eden space 197632K, 0% used [0x00000007f0000000,0x00000007f0000000,0x00000007fc100000)
[8.893s][debug  ][gc,heap        ] GC(31)   from space 32256K, 95% used [0x00000007fe080000,0x00000007ffe80030,0x0000000800000000)
[8.893s][debug  ][gc,heap        ] GC(31)   to   space 32256K, 0% used [0x00000007fc100000,0x00000007fc100000,0x00000007fe080000)
[8.894s][debug  ][gc,heap        ] GC(31)  ParOldGen       total 1291264K, used 841316K [0x0000000740000000, 0x000000078ed00000, 0x00000007f0000000)
[8.894s][debug  ][gc,heap        ] GC(31)   object space 1291264K, 65% used [0x0000000740000000,0x0000000773599118,0x000000078ed00000)
[8.894s][debug  ][gc,heap        ] GC(31)  Metaspace       used 1018K, committed 1152K, reserved 1056768K
[8.894s][debug  ][gc,heap        ] GC(31)   class space    used 83K, committed 192K, reserved 1048576K
[8.894s][debug  ][gc,task,time   ] GC(31) VM-Thread 88879383 88914863 88936003
[9.176s][debug  ][gc,heap        ] GC(32) Heap before GC invocations=33 (full 4):
[9.176s][debug  ][gc,heap        ] GC(32)  PSYoungGen      total 229888K, used 218869K [0x00000007f0000000, 0x0000000800000000, 0x0000000800000000)
[9.176s][debug  ][gc,heap        ] GC(32)   eden space 197632K, 95% used [0x00000007f0000000,0x00000007fb7bd620,0x00000007fc100000)
[9.176s][debug  ][gc,heap        ] GC(32)   from space 32256K, 95% used [0x00000007fe080000,0x00000007ffe80030,0x0000000800000000)
[9.176s][debug  ][gc,heap        ] GC(32)   to   space 32256K, 0% used [0x00000007fc100000,0x00000007fc100000,0x00000007fe080000)
[9.176s][debug  ][gc,heap        ] GC(32)  ParOldGen       total 1291264K, used 841316K [0x0000000740000000, 0x000000078ed00000, 0x00000007f0000000)
[9.176s][debug  ][gc,heap        ] GC(32)   object space 1291264K, 65% used [0x0000000740000000,0x0000000773599118,0x000000078ed00000)
[9.176s][debug  ][gc,heap        ] GC(32)  Metaspace       used 1018K, committed 1152K, reserved 1056768K
[9.176s][debug  ][gc,heap        ] GC(32)   class space    used 83K, committed 192K, reserved 1048576K
[9.176s][debug  ][gc,tlab        ] GC(32) TLAB totals: thrds: 1  refills: 1 max: 1 slow allocs: 17 max 17 waste: 27.2% gc: 3921152B max: 3921152B slow: 0B max: 0B
[9.176s][info   ][gc,start       ] GC(32) Pause Young (Allocation Failure)
[9.176s][debug  ][gc,phases,start] GC(32) Scavenge
[9.191s][debug  ][gc,phases      ] GC(32) Scavenge 14.551ms
[9.191s][debug  ][gc,phases,start] GC(32) Reference Processing
[9.191s][debug  ][gc,ref         ] GC(32) Skipped phase 1 of Reference Processing: no references
[9.191s][debug  ][gc,ref         ] GC(32) Skipped phase 2 of Reference Processing: no references
[9.191s][debug  ][gc,ref         ] GC(32) Skipped phase 3 of Reference Processing: no references
[9.191s][debug  ][gc,ref         ] GC(32) Skipped phase 4 of Reference Processing: no references
[9.191s][debug  ][gc,phases,ref  ] GC(32) Reference Processing: 0.1ms
[9.191s][debug  ][gc,phases,ref  ] GC(32)   Reconsider SoftReferences: 0.0ms
[9.191s][debug  ][gc,phases,ref  ] GC(32)     SoftRef (ms):                  skipped
[9.191s][debug  ][gc,phases,ref  ] GC(32)   Notify Soft/WeakReferences: 0.0ms
[9.191s][debug  ][gc,phases,ref  ] GC(32)     SoftRef (ms):                  skipped
[9.191s][debug  ][gc,phases,ref  ] GC(32)     WeakRef (ms):                  skipped
[9.191s][debug  ][gc,phases,ref  ] GC(32)     FinalRef (ms):                 skipped
[9.191s][debug  ][gc,phases,ref  ] GC(32)     Total (ms):                    skipped
[9.191s][debug  ][gc,phases,ref  ] GC(32)   Notify and keep alive finalizable: 0.0ms
[9.191s][debug  ][gc,phases,ref  ] GC(32)     FinalRef (ms):                 skipped
[9.191s][debug  ][gc,phases,ref  ] GC(32)   Notify PhantomReferences: 0.0ms
[9.191s][debug  ][gc,phases,ref  ] GC(32)     PhantomRef (ms):               skipped
[9.191s][debug  ][gc,phases,ref  ] GC(32)   SoftReference:
[9.192s][debug  ][gc,phases,ref  ] GC(32)     Discovered: 0
[9.192s][debug  ][gc,phases,ref  ] GC(32)     Cleared: 0
[9.192s][debug  ][gc,phases,ref  ] GC(32)   WeakReference:
[9.192s][debug  ][gc,phases,ref  ] GC(32)     Discovered: 0
[9.192s][debug  ][gc,phases,ref  ] GC(32)     Cleared: 0
[9.192s][debug  ][gc,phases,ref  ] GC(32)   FinalReference:
[9.192s][debug  ][gc,phases,ref  ] GC(32)     Discovered: 0
[9.192s][debug  ][gc,phases,ref  ] GC(32)     Cleared: 0
[9.192s][debug  ][gc,phases,ref  ] GC(32)   PhantomReference:
[9.192s][debug  ][gc,phases,ref  ] GC(32)     Discovered: 0
[9.192s][debug  ][gc,phases,ref  ] GC(32)     Cleared: 0
[9.192s][debug  ][gc,phases      ] GC(32) Reference Processing 0.629ms
[9.192s][debug  ][gc,phases,start] GC(32) Weak Processing
[9.192s][debug  ][gc,phases      ] GC(32)   VM Weak                        Min:  0.0, Avg:  0.0, Max:  0.0, Diff:  0.0, Sum:  0.0, Workers: 6
[9.192s][debug  ][gc,phases      ] GC(32)     Dead                           Min: 0, Avg:  0.0, Max: 0, Diff: 0, Sum: 0, Workers: 6
[9.192s][debug  ][gc,phases      ] GC(32)     Total                          Min: 0, Avg:  1.3, Max: 8, Diff: 8, Sum: 8, Workers: 6
[9.192s][debug  ][gc,phases      ] GC(32)   ObjectSynchronizer Weak        Min:  0.0, Avg:  0.0, Max:  0.0, Diff:  0.0, Sum:  0.0, Workers: 6
[9.192s][debug  ][gc,phases      ] GC(32)     Dead                           Min: 0, Avg:  0.0, Max: 0, Diff: 0, Sum: 0, Workers: 6
[9.192s][debug  ][gc,phases      ] GC(32)     Total                          Min: 0, Avg:  0.5, Max: 3, Diff: 3, Sum: 3, Workers: 6
[9.192s][debug  ][gc,phases      ] GC(32)   JVMTI Tag Weak OopStorage      Min:  0.0, Avg:  0.0, Max:  0.0, Diff:  0.0, Sum:  0.0, Workers: 6
[9.192s][debug  ][gc,phases      ] GC(32)     Dead                           Min: 0, Avg:  0.0, Max: 0, Diff: 0, Sum: 0, Workers: 6
[9.192s][debug  ][gc,phases      ] GC(32)     Total                          Min: 0, Avg:  0.0, Max: 0, Diff: 0, Sum: 0, Workers: 6
[9.192s][debug  ][gc,phases      ] GC(32)   StringTable Weak               Min:  0.0, Avg:  0.0, Max:  0.0, Diff:  0.0, Sum:  0.0, Workers: 6
[9.192s][debug  ][gc,phases      ] GC(32)     Dead                           Min: 0, Avg:  0.0, Max: 0, Diff: 0, Sum: 0, Workers: 6
[9.192s][debug  ][gc,phases      ] GC(32)     Total                          Min: 639, Avg: 892.5, Max: 1132, Diff: 493, Sum: 5355, Workers: 6
[9.192s][debug  ][gc,phases      ] GC(32)   ResolvedMethodTable Weak       Min:  0.0, Avg:  0.0, Max:  0.0, Diff:  0.0, Sum:  0.0, Workers: 6
[9.192s][debug  ][gc,phases      ] GC(32)     Dead                           Min: 0, Avg:  0.0, Max: 0, Diff: 0, Sum: 0, Workers: 6
[9.192s][debug  ][gc,phases      ] GC(32)     Total                          Min: 0, Avg: 21.7, Max: 64, Diff: 64, Sum: 130, Workers: 6
[9.192s][debug  ][gc,phases      ] GC(32)   JNI Weak                       Min:  0.0, Avg:  0.0, Max:  0.0, Diff:  0.0, Sum:  0.0, Workers: 6
[9.192s][debug  ][gc,phases      ] GC(32)     Dead                           Min: 0, Avg:  0.0, Max: 0, Diff: 0, Sum: 0, Workers: 6
[9.192s][debug  ][gc,phases      ] GC(32)     Total                          Min: 0, Avg:  0.0, Max: 0, Diff: 0, Sum: 0, Workers: 6
[9.192s][debug  ][gc,phases      ] GC(32)   StringDedup Table Weak         Min:  0.0, Avg:  0.0, Max:  0.0, Diff:  0.0, Sum:  0.0, Workers: 6
[9.192s][debug  ][gc,phases      ] GC(32)     Dead                           Min: 0, Avg:  0.0, Max: 0, Diff: 0, Sum: 0, Workers: 6
[9.192s][debug  ][gc,phases      ] GC(32)     Total                          Min: 0, Avg:  0.0, Max: 0, Diff: 0, Sum: 0, Workers: 6
[9.192s][debug  ][gc,phases      ] GC(32)   StringDedup Requests0 Weak     Min:  0.0, Avg:  0.0, Max:  0.0, Diff:  0.0, Sum:  0.0, Workers: 6
[9.192s][debug  ][gc,phases      ] GC(32)     Dead                           Min: 0, Avg:  0.0, Max: 0, Diff: 0, Sum: 0, Workers: 6
[9.192s][debug  ][gc,phases      ] GC(32)     Total                          Min: 0, Avg:  0.0, Max: 0, Diff: 0, Sum: 0, Workers: 6
[9.192s][debug  ][gc,phases      ] GC(32)   StringDedup Requests1 Weak     Min:  0.0, Avg:  0.0, Max:  0.0, Diff:  0.0, Sum:  0.0, Workers: 6
[9.192s][debug  ][gc,phases      ] GC(32)     Dead                           Min: 0, Avg:  0.0, Max: 0, Diff: 0, Sum: 0, Workers: 6
[9.192s][debug  ][gc,phases      ] GC(32)     Total                          Min: 0, Avg:  0.0, Max: 0, Diff: 0, Sum: 0, Workers: 6
[9.192s][debug  ][gc,phases      ] GC(32)   Weak JFR Old Object Samples    Min:  0.0, Avg:  0.0, Max:  0.0, Diff:  0.0, Sum:  0.0, Workers: 6
[9.192s][debug  ][gc,phases      ] GC(32)     Dead                           Min: 0, Avg:  0.0, Max: 0, Diff: 0, Sum: 0, Workers: 6
[9.192s][debug  ][gc,phases      ] GC(32)     Total                          Min: 0, Avg:  0.0, Max: 0, Diff: 0, Sum: 0, Workers: 6
[9.192s][debug  ][gc,phases      ] GC(32) Weak Processing 0.741ms
[9.193s][debug  ][gc,ergo        ] GC(32) AdaptiveSizeStart:  collection: 33 
[9.193s][debug  ][gc,ergo        ] GC(32) avg_survived_padded_avg: 32520378.000000
[9.193s][debug  ][gc,ergo        ] GC(32) avg_promoted_padded_avg: 237786416.000000  avg_pretenured_padded_avg: 0.000000  tenuring_thresh: 1  target_size: 33030144
[9.193s][debug  ][gc,age         ] GC(32) Desired survivor size 33030144 bytes, new threshold 1 (max threshold 15)
[9.193s][debug  ][gc,ergo        ] GC(32) PSAdaptiveSizePolicy::compute_eden_space_size limits: desired_eden_size: 235864365 old_eden_size: 202375168 eden_limit: 202375168 cur_eden: 202375168 max_eden_size: 202375168 avg_young_live: 26654790
[9.193s][debug  ][gc,ergo        ] GC(32) PSAdaptiveSizePolicy::compute_eden_space_size: costs minor_time: 0.045372 major_cost: 0.037025 mutator_cost: 0.917602 throughput_goal: 0.990000
[9.193s][debug  ][gc,ergo        ] GC(32) Live_space: 1008984576 free_space: 752877568
[9.193s][debug  ][gc,ergo        ] GC(32) Old eden_size: 202375168 desired_eden_size: 202375168
[9.193s][debug  ][gc,ergo        ] GC(32) AdaptiveSizeStop: collection: 33 
[9.193s][info   ][gc,heap        ] GC(32) PSYoungGen: 218869K(229888K)->30720K(229888K) Eden: 188149K(197632K)->0K(197632K) From: 30720K(32256K)->30720K(32256K)
[9.193s][info   ][gc,heap        ] GC(32) ParOldGen: 841316K(1291264K)->1025636K(1291264K)
[9.193s][info   ][gc,metaspace   ] GC(32) Metaspace: 1018K(1152K)->1018K(1152K) NonClass: 935K(960K)->935K(960K) Class: 83K(192K)->83K(192K)
[9.193s][info   ][gc             ] GC(32) Pause Young (Allocation Failure) 1035M->1031M(1485M) 16.363ms
[9.193s][info   ][gc,cpu         ] GC(32) User=0.00s Sys=0.02s Real=0.02s
[9.193s][debug  ][gc,heap        ] GC(32) Heap after GC invocations=33 (full 4):
[9.193s][debug  ][gc,heap        ] GC(32)  PSYoungGen      total 229888K, used 30720K [0x00000007f0000000, 0x0000000800000000, 0x0000000800000000)
[9.193s][debug  ][gc,heap        ] GC(32)   eden space 197632K, 0% used [0x00000007f0000000,0x00000007f0000000,0x00000007fc100000)
[9.193s][debug  ][gc,heap        ] GC(32)   from space 32256K, 95% used [0x00000007fc100000,0x00000007fdf00030,0x00000007fe080000)
[9.193s][debug  ][gc,heap        ] GC(32)   to   space 32256K, 0% used [0x00000007fe080000,0x00000007fe080000,0x0000000800000000)
[9.193s][debug  ][gc,heap        ] GC(32)  ParOldGen       total 1291264K, used 1025636K [0x0000000740000000, 0x000000078ed00000, 0x00000007f0000000)
[9.193s][debug  ][gc,heap        ] GC(32)   object space 1291264K, 79% used [0x0000000740000000,0x000000077e999238,0x000000078ed00000)
[9.193s][debug  ][gc,heap        ] GC(32)  Metaspace       used 1018K, committed 1152K, reserved 1056768K
[9.193s][debug  ][gc,heap        ] GC(32)   class space    used 83K, committed 192K, reserved 1048576K
[9.193s][debug  ][gc,task,time   ] GC(32) VM-Thread 91760086 91910943 91930153
[9.477s][debug  ][gc,heap        ] GC(33) Heap before GC invocations=34 (full 4):
[9.478s][debug  ][gc,heap        ] GC(33)  PSYoungGen      total 229888K, used 218884K [0x00000007f0000000, 0x0000000800000000, 0x0000000800000000)
[9.478s][debug  ][gc,heap        ] GC(33)   eden space 197632K, 95% used [0x00000007f0000000,0x00000007fb7c1248,0x00000007fc100000)
[9.478s][debug  ][gc,heap        ] GC(33)   from space 32256K, 95% used [0x00000007fc100000,0x00000007fdf00030,0x00000007fe080000)
[9.478s][debug  ][gc,heap        ] GC(33)   to   space 32256K, 0% used [0x00000007fe080000,0x00000007fe080000,0x0000000800000000)
[9.478s][debug  ][gc,heap        ] GC(33)  ParOldGen       total 1291264K, used 1025636K [0x0000000740000000, 0x000000078ed00000, 0x00000007f0000000)
[9.478s][debug  ][gc,heap        ] GC(33)   object space 1291264K, 79% used [0x0000000740000000,0x000000077e999238,0x000000078ed00000)
[9.478s][debug  ][gc,heap        ] GC(33)  Metaspace       used 1018K, committed 1152K, reserved 1056768K
[9.478s][debug  ][gc,heap        ] GC(33)   class space    used 83K, committed 192K, reserved 1048576K
[9.478s][debug  ][gc,tlab        ] GC(33) TLAB totals: thrds: 1  refills: 1 max: 1 slow allocs: 17 max 17 waste: 27.3% gc: 3936552B max: 3936552B slow: 0B max: 0B
[9.478s][info   ][gc,start       ] GC(33) Pause Young (Allocation Failure)
[9.478s][debug  ][gc,phases,start] GC(33) Scavenge
[9.492s][debug  ][gc,phases      ] GC(33) Scavenge 14.590ms
[9.492s][debug  ][gc,phases,start] GC(33) Reference Processing
[9.492s][debug  ][gc,ref         ] GC(33) Skipped phase 1 of Reference Processing: no references
[9.493s][debug  ][gc,ref         ] GC(33) Skipped phase 2 of Reference Processing: no references
[9.493s][debug  ][gc,ref         ] GC(33) Skipped phase 3 of Reference Processing: no references
[9.493s][debug  ][gc,ref         ] GC(33) Skipped phase 4 of Reference Processing: no references
[9.493s][debug  ][gc,phases,ref  ] GC(33) Reference Processing: 0.1ms
[9.493s][debug  ][gc,phases,ref  ] GC(33)   Reconsider SoftReferences: 0.0ms
[9.493s][debug  ][gc,phases,ref  ] GC(33)     SoftRef (ms):                  skipped
[9.493s][debug  ][gc,phases,ref  ] GC(33)   Notify Soft/WeakReferences: 0.0ms
[9.493s][debug  ][gc,phases,ref  ] GC(33)     SoftRef (ms):                  skipped
[9.493s][debug  ][gc,phases,ref  ] GC(33)     WeakRef (ms):                  skipped
[9.493s][debug  ][gc,phases,ref  ] GC(33)     FinalRef (ms):                 skipped
[9.493s][debug  ][gc,phases,ref  ] GC(33)     Total (ms):                    skipped
[9.493s][debug  ][gc,phases,ref  ] GC(33)   Notify and keep alive finalizable: 0.0ms
[9.493s][debug  ][gc,phases,ref  ] GC(33)     FinalRef (ms):                 skipped
[9.493s][debug  ][gc,phases,ref  ] GC(33)   Notify PhantomReferences: 0.0ms
[9.493s][debug  ][gc,phases,ref  ] GC(33)     PhantomRef (ms):               skipped
[9.493s][debug  ][gc,phases,ref  ] GC(33)   SoftReference:
[9.493s][debug  ][gc,phases,ref  ] GC(33)     Discovered: 0
[9.493s][debug  ][gc,phases,ref  ] GC(33)     Cleared: 0
[9.493s][debug  ][gc,phases,ref  ] GC(33)   WeakReference:
[9.493s][debug  ][gc,phases,ref  ] GC(33)     Discovered: 0
[9.493s][debug  ][gc,phases,ref  ] GC(33)     Cleared: 0
[9.493s][debug  ][gc,phases,ref  ] GC(33)   FinalReference:
[9.493s][debug  ][gc,phases,ref  ] GC(33)     Discovered: 0
[9.493s][debug  ][gc,phases,ref  ] GC(33)     Cleared: 0
[9.493s][debug  ][gc,phases,ref  ] GC(33)   PhantomReference:
[9.493s][debug  ][gc,phases,ref  ] GC(33)     Discovered: 0
[9.493s][debug  ][gc,phases,ref  ] GC(33)     Cleared: 0
[9.493s][debug  ][gc,phases      ] GC(33) Reference Processing 0.602ms
[9.493s][debug  ][gc,phases,start] GC(33) Weak Processing
[9.493s][debug  ][gc,phases      ] GC(33)   VM Weak                        Min:  0.0, Avg:  0.0, Max:  0.0, Diff:  0.0, Sum:  0.0, Workers: 6
[9.493s][debug  ][gc,phases      ] GC(33)     Dead                           Min: 0, Avg:  0.0, Max: 0, Diff: 0, Sum: 0, Workers: 6
[9.493s][debug  ][gc,phases      ] GC(33)     Total                          Min: 0, Avg:  1.3, Max: 8, Diff: 8, Sum: 8, Workers: 6
[9.493s][debug  ][gc,phases      ] GC(33)   ObjectSynchronizer Weak        Min:  0.0, Avg:  0.0, Max:  0.0, Diff:  0.0, Sum:  0.0, Workers: 6
[9.493s][debug  ][gc,phases      ] GC(33)     Dead                           Min: 0, Avg:  0.0, Max: 0, Diff: 0, Sum: 0, Workers: 6
[9.493s][debug  ][gc,phases      ] GC(33)     Total                          Min: 0, Avg:  0.5, Max: 3, Diff: 3, Sum: 3, Workers: 6
[9.493s][debug  ][gc,phases      ] GC(33)   JVMTI Tag Weak OopStorage      Min:  0.0, Avg:  0.0, Max:  0.0, Diff:  0.0, Sum:  0.0, Workers: 6
[9.493s][debug  ][gc,phases      ] GC(33)     Dead                           Min: 0, Avg:  0.0, Max: 0, Diff: 0, Sum: 0, Workers: 6
[9.493s][debug  ][gc,phases      ] GC(33)     Total                          Min: 0, Avg:  0.0, Max: 0, Diff: 0, Sum: 0, Workers: 6
[9.493s][debug  ][gc,phases      ] GC(33)   StringTable Weak               Min:  0.0, Avg:  0.0, Max:  0.0, Diff:  0.0, Sum:  0.0, Workers: 6
[9.493s][debug  ][gc,phases      ] GC(33)     Dead                           Min: 0, Avg:  0.0, Max: 0, Diff: 0, Sum: 0, Workers: 6
[9.493s][debug  ][gc,phases      ] GC(33)     Total                          Min: 747, Avg: 892.5, Max: 1152, Diff: 405, Sum: 5355, Workers: 6
[9.493s][debug  ][gc,phases      ] GC(33)   ResolvedMethodTable Weak       Min:  0.0, Avg:  0.0, Max:  0.0, Diff:  0.0, Sum:  0.0, Workers: 6
[9.493s][debug  ][gc,phases      ] GC(33)     Dead                           Min: 0, Avg:  0.0, Max: 0, Diff: 0, Sum: 0, Workers: 6
[9.493s][debug  ][gc,phases      ] GC(33)     Total                          Min: 0, Avg: 21.7, Max: 64, Diff: 64, Sum: 130, Workers: 6
[9.493s][debug  ][gc,phases      ] GC(33)   JNI Weak                       Min:  0.0, Avg:  0.0, Max:  0.0, Diff:  0.0, Sum:  0.0, Workers: 6
[9.493s][debug  ][gc,phases      ] GC(33)     Dead                           Min: 0, Avg:  0.0, Max: 0, Diff: 0, Sum: 0, Workers: 6
[9.493s][debug  ][gc,phases      ] GC(33)     Total                          Min: 0, Avg:  0.0, Max: 0, Diff: 0, Sum: 0, Workers: 6
[9.494s][debug  ][gc,phases      ] GC(33)   StringDedup Table Weak         Min:  0.0, Avg:  0.0, Max:  0.0, Diff:  0.0, Sum:  0.0, Workers: 6
[9.494s][debug  ][gc,phases      ] GC(33)     Dead                           Min: 0, Avg:  0.0, Max: 0, Diff: 0, Sum: 0, Workers: 6
[9.494s][debug  ][gc,phases      ] GC(33)     Total                          Min: 0, Avg:  0.0, Max: 0, Diff: 0, Sum: 0, Workers: 6
[9.494s][debug  ][gc,phases      ] GC(33)   StringDedup Requests0 Weak     Min:  0.0, Avg:  0.0, Max:  0.0, Diff:  0.0, Sum:  0.0, Workers: 6
[9.494s][debug  ][gc,phases      ] GC(33)     Dead                           Min: 0, Avg:  0.0, Max: 0, Diff: 0, Sum: 0, Workers: 6
[9.494s][debug  ][gc,phases      ] GC(33)     Total                          Min: 0, Avg:  0.0, Max: 0, Diff: 0, Sum: 0, Workers: 6
[9.494s][debug  ][gc,phases      ] GC(33)   StringDedup Requests1 Weak     Min:  0.0, Avg:  0.0, Max:  0.0, Diff:  0.0, Sum:  0.0, Workers: 6
[9.494s][debug  ][gc,phases      ] GC(33)     Dead                           Min: 0, Avg:  0.0, Max: 0, Diff: 0, Sum: 0, Workers: 6
[9.494s][debug  ][gc,phases      ] GC(33)     Total                          Min: 0, Avg:  0.0, Max: 0, Diff: 0, Sum: 0, Workers: 6
[9.494s][debug  ][gc,phases      ] GC(33)   Weak JFR Old Object Samples    Min:  0.0, Avg:  0.0, Max:  0.0, Diff:  0.0, Sum:  0.0, Workers: 6
[9.494s][debug  ][gc,phases      ] GC(33)     Dead                           Min: 0, Avg:  0.0, Max: 0, Diff: 0, Sum: 0, Workers: 6
[9.494s][debug  ][gc,phases      ] GC(33)     Total                          Min: 0, Avg:  0.0, Max: 0, Diff: 0, Sum: 0, Workers: 6
[9.494s][debug  ][gc,phases      ] GC(33) Weak Processing 0.657ms
[9.494s][debug  ][gc,ergo        ] GC(33) AdaptiveSizeStart:  collection: 34 
[9.494s][debug  ][gc,ergo        ] GC(33) avg_survived_padded_avg: 32449820.000000
[9.494s][debug  ][gc,ergo        ] GC(33) avg_promoted_padded_avg: 241852352.000000  avg_pretenured_padded_avg: 0.000000  tenuring_thresh: 1  target_size: 32505856
[9.494s][debug  ][gc,age         ] GC(33) Desired survivor size 32505856 bytes, new threshold 1 (max threshold 15)
[9.494s][debug  ][gc,ergo        ] GC(33) PSAdaptiveSizePolicy::compute_eden_space_size limits: desired_eden_size: 236481896 old_eden_size: 202375168 eden_limit: 202375168 cur_eden: 202375168 max_eden_size: 202375168 avg_young_live: 27135044
[9.494s][debug  ][gc,ergo        ] GC(33) PSAdaptiveSizePolicy::compute_eden_space_size: costs minor_time: 0.047277 major_cost: 0.037025 mutator_cost: 0.915697 throughput_goal: 0.990000
[9.494s][debug  ][gc,ergo        ] GC(33) Live_space: 1009464832 free_space: 752877568
[9.494s][debug  ][gc,ergo        ] GC(33) Old eden_size: 202375168 desired_eden_size: 202375168
[9.494s][debug  ][gc,ergo        ] GC(33) AdaptiveSizeStop: collection: 34 
[9.494s][info   ][gc,heap        ] GC(33) PSYoungGen: 218884K(229888K)->30720K(230400K) Eden: 188164K(197632K)->0K(198144K) From: 30720K(32256K)->30720K(32256K)
[9.494s][info   ][gc,heap        ] GC(33) ParOldGen: 1025636K(1291264K)->1209956K(1291264K)
[9.494s][info   ][gc,metaspace   ] GC(33) Metaspace: 1018K(1152K)->1018K(1152K) NonClass: 935K(960K)->935K(960K) Class: 83K(192K)->83K(192K)
[9.494s][info   ][gc             ] GC(33) Pause Young (Allocation Failure) 1215M->1211M(1486M) 16.268ms
[9.494s][info   ][gc,cpu         ] GC(33) User=0.16s Sys=0.00s Real=0.02s
[9.494s][debug  ][gc,heap        ] GC(33) Heap after GC invocations=34 (full 4):
[9.494s][debug  ][gc,heap        ] GC(33)  PSYoungGen      total 230400K, used 30720K [0x00000007f0000000, 0x0000000800000000, 0x0000000800000000)
[9.494s][debug  ][gc,heap        ] GC(33)   eden space 198144K, 0% used [0x00000007f0000000,0x00000007f0000000,0x00000007fc180000)
[9.494s][debug  ][gc,heap        ] GC(33)   from space 32256K, 95% used [0x00000007fe080000,0x00000007ffe80030,0x0000000800000000)
[9.494s][debug  ][gc,heap        ] GC(33)   to   space 31744K, 0% used [0x00000007fc180000,0x00000007fc180000,0x00000007fe080000)
[9.494s][debug  ][gc,heap        ] GC(33)  ParOldGen       total 1291264K, used 1209956K [0x0000000740000000, 0x000000078ed00000, 0x00000007f0000000)
[9.494s][debug  ][gc,heap        ] GC(33)   object space 1291264K, 93% used [0x0000000740000000,0x0000000789d99358,0x000000078ed00000)
[9.494s][debug  ][gc,heap        ] GC(33)  Metaspace       used 1018K, committed 1152K, reserved 1056768K
[9.494s][debug  ][gc,heap        ] GC(33)   class space    used 83K, committed 192K, reserved 1048576K
[9.494s][debug  ][gc,task,time   ] GC(33) VM-Thread 94774375 94924631 94942638
[9.494s][debug  ][gc,phases,start] GC(34) Pre Compact
[9.494s][debug  ][gc,heap        ] GC(34) Heap before GC invocations=35 (full 5):
[9.494s][debug  ][gc,heap        ] GC(34)  PSYoungGen      total 230400K, used 30720K [0x00000007f0000000, 0x0000000800000000, 0x0000000800000000)
[9.494s][debug  ][gc,heap        ] GC(34)   eden space 198144K, 0% used [0x00000007f0000000,0x00000007f0000000,0x00000007fc180000)
[9.494s][debug  ][gc,heap        ] GC(34)   from space 32256K, 95% used [0x00000007fe080000,0x00000007ffe80030,0x0000000800000000)
[9.494s][debug  ][gc,heap        ] GC(34)   to   space 31744K, 0% used [0x00000007fc180000,0x00000007fc180000,0x00000007fe080000)
[9.494s][debug  ][gc,heap        ] GC(34)  ParOldGen       total 1291264K, used 1209956K [0x0000000740000000, 0x000000078ed00000, 0x00000007f0000000)
[9.494s][debug  ][gc,heap        ] GC(34)   object space 1291264K, 93% used [0x0000000740000000,0x0000000789d99358,0x000000078ed00000)
[9.494s][debug  ][gc,heap        ] GC(34)  Metaspace       used 1018K, committed 1152K, reserved 1056768K
[9.494s][debug  ][gc,heap        ] GC(34)   class space    used 83K, committed 192K, reserved 1048576K
[9.494s][debug  ][gc,phases      ] GC(34) Pre Compact 0.201ms
[9.495s][info   ][gc,start       ] GC(34) Pause Full (Ergonomics)
[9.495s][info   ][gc,phases,start] GC(34) Marking Phase
[9.495s][debug  ][gc,phases,start] GC(34) Par Mark
[9.495s][debug  ][gc,phases      ] GC(34) Par Mark 0.479ms
[9.495s][debug  ][gc,phases,start] GC(34) Reference Processing
[9.495s][debug  ][gc,ref         ] GC(34) Skipped phase 1 of Reference Processing: no references
[9.495s][debug  ][gc,ref         ] GC(34) ReferenceProcessor::execute queues: 1, RefProcThreadModel::Single, marks_oops_alive: false
[9.495s][debug  ][gc,ref         ] GC(34) Skipped phase 3 of Reference Processing: no references
[9.495s][debug  ][gc,ref         ] GC(34) ReferenceProcessor::execute queues: 1, RefProcThreadModel::Single, marks_oops_alive: false
[9.495s][debug  ][gc,phases,ref  ] GC(34) Reference Processing: 0.1ms
[9.495s][debug  ][gc,phases,ref  ] GC(34)   Reconsider SoftReferences: 0.0ms
[9.495s][debug  ][gc,phases,ref  ] GC(34)     SoftRef (ms):                  skipped
[9.495s][debug  ][gc,phases,ref  ] GC(34)   Notify Soft/WeakReferences: 0.0ms
[9.495s][debug  ][gc,phases,ref  ] GC(34)     SoftRef (ms):                  Min:  0.0, Avg:  0.0, Max:  0.0, Diff:  0.0, Sum:  0.0, Workers: 10
[9.495s][debug  ][gc,phases,ref  ] GC(34)     WeakRef (ms):                  Min:  0.0, Avg:  0.0, Max:  0.0, Diff:  0.0, Sum:  0.0, Workers: 10
[9.495s][debug  ][gc,phases,ref  ] GC(34)     FinalRef (ms):                 Min:  0.0, Avg:  0.0, Max:  0.0, Diff:  0.0, Sum:  0.0, Workers: 10
[9.495s][debug  ][gc,phases,ref  ] GC(34)     Total (ms):                    Min:  0.0, Avg:  0.0, Max:  0.0, Diff:  0.0, Sum:  0.0, Workers: 10
[9.495s][debug  ][gc,phases,ref  ] GC(34)   Notify and keep alive finalizable: 0.0ms
[9.495s][debug  ][gc,phases,ref  ] GC(34)     FinalRef (ms):                 skipped
[9.495s][debug  ][gc,phases,ref  ] GC(34)   Notify PhantomReferences: 0.0ms
[9.496s][debug  ][gc,phases,ref  ] GC(34)     PhantomRef (ms):               Min:  0.0, Avg:  0.0, Max:  0.0, Diff:  0.0, Sum:  0.0, Workers: 10
[9.496s][debug  ][gc,phases,ref  ] GC(34)   SoftReference:
[9.496s][debug  ][gc,phases,ref  ] GC(34)     Discovered: 0
[9.496s][debug  ][gc,phases,ref  ] GC(34)     Cleared: 0
[9.496s][debug  ][gc,phases,ref  ] GC(34)   WeakReference:
[9.496s][debug  ][gc,phases,ref  ] GC(34)     Discovered: 67
[9.496s][debug  ][gc,phases,ref  ] GC(34)     Cleared: 67
[9.496s][debug  ][gc,phases,ref  ] GC(34)   FinalReference:
[9.496s][debug  ][gc,phases,ref  ] GC(34)     Discovered: 0
[9.496s][debug  ][gc,phases,ref  ] GC(34)     Cleared: 0
[9.496s][debug  ][gc,phases,ref  ] GC(34)   PhantomReference:
[9.496s][debug  ][gc,phases,ref  ] GC(34)     Discovered: 5
[9.496s][debug  ][gc,phases,ref  ] GC(34)     Cleared: 5
[9.496s][debug  ][gc,phases      ] GC(34) Reference Processing 0.731ms
[9.496s][debug  ][gc,phases,start] GC(34) Weak Processing
[9.496s][debug  ][gc,phases      ] GC(34)   VM Weak                        Min:  0.0, Avg:  0.0, Max:  0.0, Diff:  0.0, Sum:  0.0, Workers: 6
[9.496s][debug  ][gc,phases      ] GC(34)     Dead                           Min: 0, Avg:  0.0, Max: 0, Diff: 0, Sum: 0, Workers: 6
[9.496s][debug  ][gc,phases      ] GC(34)     Total                          Min: 0, Avg:  1.3, Max: 8, Diff: 8, Sum: 8, Workers: 6
[9.496s][debug  ][gc,phases      ] GC(34)   ObjectSynchronizer Weak        Min:  0.0, Avg:  0.0, Max:  0.0, Diff:  0.0, Sum:  0.0, Workers: 6
[9.496s][debug  ][gc,phases      ] GC(34)     Dead                           Min: 0, Avg:  0.0, Max: 0, Diff: 0, Sum: 0, Workers: 6
[9.496s][debug  ][gc,phases      ] GC(34)     Total                          Min: 0, Avg:  0.5, Max: 3, Diff: 3, Sum: 3, Workers: 6
[9.496s][debug  ][gc,phases      ] GC(34)   JVMTI Tag Weak OopStorage      Min:  0.0, Avg:  0.0, Max:  0.0, Diff:  0.0, Sum:  0.0, Workers: 6
[9.496s][debug  ][gc,phases      ] GC(34)     Dead                           Min: 0, Avg:  0.0, Max: 0, Diff: 0, Sum: 0, Workers: 6
[9.496s][debug  ][gc,phases      ] GC(34)     Total                          Min: 0, Avg:  0.0, Max: 0, Diff: 0, Sum: 0, Workers: 6
[9.496s][debug  ][gc,phases      ] GC(34)   StringTable Weak               Min:  0.0, Avg:  0.0, Max:  0.0, Diff:  0.0, Sum:  0.0, Workers: 6
[9.496s][debug  ][gc,phases      ] GC(34)     Dead                           Min: 0, Avg:  0.0, Max: 0, Diff: 0, Sum: 0, Workers: 6
[9.496s][debug  ][gc,phases      ] GC(34)     Total                          Min: 640, Avg: 892.5, Max: 1087, Diff: 447, Sum: 5355, Workers: 6
[9.496s][debug  ][gc,phases      ] GC(34)   ResolvedMethodTable Weak       Min:  0.0, Avg:  0.0, Max:  0.0, Diff:  0.0, Sum:  0.0, Workers: 6
[9.496s][debug  ][gc,phases      ] GC(34)     Dead                           Min: 0, Avg:  0.0, Max: 0, Diff: 0, Sum: 0, Workers: 6
[9.496s][debug  ][gc,phases      ] GC(34)     Total                          Min: 0, Avg: 21.7, Max: 64, Diff: 64, Sum: 130, Workers: 6
[9.496s][debug  ][gc,phases      ] GC(34)   JNI Weak                       Min:  0.0, Avg:  0.0, Max:  0.0, Diff:  0.0, Sum:  0.0, Workers: 6
[9.496s][debug  ][gc,phases      ] GC(34)     Dead                           Min: 0, Avg:  0.0, Max: 0, Diff: 0, Sum: 0, Workers: 6
[9.496s][debug  ][gc,phases      ] GC(34)     Total                          Min: 0, Avg:  0.0, Max: 0, Diff: 0, Sum: 0, Workers: 6
[9.496s][debug  ][gc,phases      ] GC(34)   StringDedup Table Weak         Min:  0.0, Avg:  0.0, Max:  0.0, Diff:  0.0, Sum:  0.0, Workers: 6
[9.496s][debug  ][gc,phases      ] GC(34)     Dead                           Min: 0, Avg:  0.0, Max: 0, Diff: 0, Sum: 0, Workers: 6
[9.496s][debug  ][gc,phases      ] GC(34)     Total                          Min: 0, Avg:  0.0, Max: 0, Diff: 0, Sum: 0, Workers: 6
[9.496s][debug  ][gc,phases      ] GC(34)   StringDedup Requests0 Weak     Min:  0.0, Avg:  0.0, Max:  0.0, Diff:  0.0, Sum:  0.0, Workers: 6
[9.496s][debug  ][gc,phases      ] GC(34)     Dead                           Min: 0, Avg:  0.0, Max: 0, Diff: 0, Sum: 0, Workers: 6
[9.496s][debug  ][gc,phases      ] GC(34)     Total                          Min: 0, Avg:  0.0, Max: 0, Diff: 0, Sum: 0, Workers: 6
[9.496s][debug  ][gc,phases      ] GC(34)   StringDedup Requests1 Weak     Min:  0.0, Avg:  0.0, Max:  0.0, Diff:  0.0, Sum:  0.0, Workers: 6
[9.496s][debug  ][gc,phases      ] GC(34)     Dead                           Min: 0, Avg:  0.0, Max: 0, Diff: 0, Sum: 0, Workers: 6
[9.496s][debug  ][gc,phases      ] GC(34)     Total                          Min: 0, Avg:  0.0, Max: 0, Diff: 0, Sum: 0, Workers: 6
[9.496s][debug  ][gc,phases      ] GC(34)   Weak JFR Old Object Samples    Min:  0.0, Avg:  0.0, Max:  0.0, Diff:  0.0, Sum:  0.0, Workers: 6
[9.496s][debug  ][gc,phases      ] GC(34)     Dead                           Min: 0, Avg:  0.0, Max: 0, Diff: 0, Sum: 0, Workers: 6
[9.496s][debug  ][gc,phases      ] GC(34)     Total                          Min: 0, Avg:  0.0, Max: 0, Diff: 0, Sum: 0, Workers: 6
[9.496s][debug  ][gc,phases      ] GC(34) Weak Processing 0.652ms
[9.497s][debug  ][gc,phases,start] GC(34) Class Unloading
[9.497s][debug  ][gc,phases,start] GC(34) ClassLoaderData
[9.497s][debug  ][gc,phases      ] GC(34) ClassLoaderData 0.019ms
[9.497s][debug  ][gc,phases,start] GC(34) Trigger cleanups
[9.497s][debug  ][gc,phases      ] GC(34) Trigger cleanups 0.019ms
[9.497s][debug  ][gc,phases      ] GC(34) Class Unloading 0.250ms
[9.497s][info   ][gc,phases      ] GC(34) Marking Phase 2.241ms
[9.497s][info   ][gc,phases,start] GC(34) Summary Phase
[9.497s][info   ][gc,phases      ] GC(34) Summary Phase 0.033ms
[9.497s][info   ][gc,phases,start] GC(34) Adjust Roots
[9.497s][info   ][gc,phases      ] GC(34) Adjust Roots 0.157ms
[9.497s][info   ][gc,phases,start] GC(34) Compaction Phase
[9.541s][info   ][gc,phases      ] GC(34) Compaction Phase 43.539ms
[9.541s][info   ][gc,phases,start] GC(34) Post Compact
[9.545s][info   ][gc,phases      ] GC(34) Post Compact 3.837ms
[9.545s][debug  ][gc,ergo        ] GC(34) AdaptiveSizeStart: collection: 35 
[9.545s][debug  ][gc,ergo        ] GC(34) PSAdaptiveSizePolicy::compute_eden_space_size limits: desired_eden_size: 237811561 old_eden_size: 202375168 eden_limit: 202899456 cur_eden: 202899456 max_eden_size: 202899456 avg_young_live: 24421540
[9.545s][debug  ][gc,ergo        ] GC(34) PSAdaptiveSizePolicy::compute_eden_space_size: costs minor_time: 0.047277 major_cost: 0.035790 mutator_cost: 0.916932 throughput_goal: 0.990000
[9.545s][debug  ][gc,ergo        ] GC(34) Live_space: 1006751360 free_space: 752877568
[9.545s][debug  ][gc,ergo        ] GC(34) Old eden_size: 202375168 desired_eden_size: 202899456
[9.545s][debug  ][gc,ergo        ] GC(34) PSAdaptiveSizePolicy::compute_old_gen_free_space: costs minor_time: 0.047277 major_cost: 0.035790  mutator_cost: 0.916932 throughput_goal: 0.990000
[9.545s][debug  ][gc,ergo        ] GC(34) Live_space: 946096384 free_space: 753401856
[9.545s][debug  ][gc,ergo        ] GC(34) Old promo_size: 550502400 desired_promo_size: 645398528
[9.546s][debug  ][gc             ] GC(34) Shrinking ParOldGen from 1291264K by 23552K to 1267712K
[9.546s][debug  ][gc,ergo        ] GC(34) AdaptiveSizeStop: collection: 35 
[9.546s][info   ][gc,heap        ] GC(34) PSYoungGen: 30720K(230400K)->0K(229888K) Eden: 0K(198144K)->0K(198144K) From: 30720K(32256K)->0K(31744K)
[9.546s][info   ][gc,heap        ] GC(34) ParOldGen: 1209956K(1291264K)->400995K(1267712K)
[9.546s][info   ][gc,metaspace   ] GC(34) Metaspace: 1018K(1152K)->1018K(1152K) NonClass: 935K(960K)->935K(960K) Class: 83K(192K)->83K(192K)
[9.546s][info   ][gc             ] GC(34) Pause Full (Ergonomics) 1211M->391M(1462M) 51.794ms
[9.546s][info   ][gc,cpu         ] GC(34) User=0.44s Sys=0.00s Real=0.05s
[9.546s][debug  ][gc,heap        ] GC(34) Heap after GC invocations=35 (full 5):
[9.546s][debug  ][gc,heap        ] GC(34)  PSYoungGen      total 229888K, used 0K [0x00000007f0000000, 0x0000000800000000, 0x0000000800000000)
[9.546s][debug  ][gc,heap        ] GC(34)   eden space 198144K, 0% used [0x00000007f0000000,0x00000007f0000000,0x00000007fc180000)
[9.546s][debug  ][gc,heap        ] GC(34)   from space 31744K, 0% used [0x00000007fc180000,0x00000007fc180000,0x00000007fe080000)
[9.546s][debug  ][gc,heap        ] GC(34)   to   space 31744K, 0% used [0x00000007fe100000,0x00000007fe100000,0x0000000800000000)
[9.546s][debug  ][gc,heap        ] GC(34)  ParOldGen       total 1267712K, used 400995K [0x0000000740000000, 0x000000078d600000, 0x00000007f0000000)
[9.546s][debug  ][gc,heap        ] GC(34)   object space 1267712K, 31% used [0x0000000740000000,0x0000000758798e68,0x000000078d600000)
[9.546s][debug  ][gc,heap        ] GC(34)  Metaspace       used 1018K, committed 1152K, reserved 1056768K
[9.547s][debug  ][gc,heap        ] GC(34)   class space    used 83K, committed 192K, reserved 1048576K
[9.547s][debug  ][gc,task,time   ] GC(34) VM-Thread 94945345 94970409 95463561
[9.841s][debug  ][gc,heap        ] GC(35) Heap before GC invocations=36 (full 5):
[9.841s][debug  ][gc,heap        ] GC(35)  PSYoungGen      total 229888K, used 188184K [0x00000007f0000000, 0x0000000800000000, 0x0000000800000000)
[9.842s][debug  ][gc,heap        ] GC(35)   eden space 198144K, 94% used [0x00000007f0000000,0x00000007fb7c60d8,0x00000007fc180000)
[9.842s][debug  ][gc,heap        ] GC(35)   from space 31744K, 0% used [0x00000007fc180000,0x00000007fc180000,0x00000007fe080000)
[9.842s][debug  ][gc,heap        ] GC(35)   to   space 31744K, 0% used [0x00000007fe100000,0x00000007fe100000,0x0000000800000000)
[9.842s][debug  ][gc,heap        ] GC(35)  ParOldGen       total 1267712K, used 400995K [0x0000000740000000, 0x000000078d600000, 0x00000007f0000000)
[9.842s][debug  ][gc,heap        ] GC(35)   object space 1267712K, 31% used [0x0000000740000000,0x0000000758798e68,0x000000078d600000)
[9.842s][debug  ][gc,heap        ] GC(35)  Metaspace       used 1018K, committed 1152K, reserved 1056768K
[9.842s][debug  ][gc,heap        ] GC(35)   class space    used 83K, committed 192K, reserved 1048576K
[9.842s][debug  ][gc,tlab        ] GC(35) TLAB totals: thrds: 1  refills: 1 max: 1 slow allocs: 17 max 17 waste: 27.4% gc: 3956664B max: 3956664B slow: 0B max: 0B
[9.842s][info   ][gc,start       ] GC(35) Pause Young (Allocation Failure)
[9.842s][debug  ][gc,phases,start] GC(35) Scavenge
[9.854s][debug  ][gc,phases      ] GC(35) Scavenge 12.403ms
[9.854s][debug  ][gc,phases,start] GC(35) Reference Processing
[9.854s][debug  ][gc,ref         ] GC(35) Skipped phase 1 of Reference Processing: no references
[9.854s][debug  ][gc,ref         ] GC(35) Skipped phase 2 of Reference Processing: no references
[9.854s][debug  ][gc,ref         ] GC(35) Skipped phase 3 of Reference Processing: no references
[9.854s][debug  ][gc,ref         ] GC(35) Skipped phase 4 of Reference Processing: no references
[9.854s][debug  ][gc,phases,ref  ] GC(35) Reference Processing: 0.1ms
[9.854s][debug  ][gc,phases,ref  ] GC(35)   Reconsider SoftReferences: 0.0ms
[9.854s][debug  ][gc,phases,ref  ] GC(35)     SoftRef (ms):                  skipped
[9.854s][debug  ][gc,phases,ref  ] GC(35)   Notify Soft/WeakReferences: 0.0ms
[9.854s][debug  ][gc,phases,ref  ] GC(35)     SoftRef (ms):                  skipped
[9.854s][debug  ][gc,phases,ref  ] GC(35)     WeakRef (ms):                  skipped
[9.854s][debug  ][gc,phases,ref  ] GC(35)     FinalRef (ms):                 skipped
[9.854s][debug  ][gc,phases,ref  ] GC(35)     Total (ms):                    skipped
[9.855s][debug  ][gc,phases,ref  ] GC(35)   Notify and keep alive finalizable: 0.0ms
[9.855s][debug  ][gc,phases,ref  ] GC(35)     FinalRef (ms):                 skipped
[9.855s][debug  ][gc,phases,ref  ] GC(35)   Notify PhantomReferences: 0.0ms
[9.855s][debug  ][gc,phases,ref  ] GC(35)     PhantomRef (ms):               skipped
[9.855s][debug  ][gc,phases,ref  ] GC(35)   SoftReference:
[9.855s][debug  ][gc,phases,ref  ] GC(35)     Discovered: 0
[9.855s][debug  ][gc,phases,ref  ] GC(35)     Cleared: 0
[9.855s][debug  ][gc,phases,ref  ] GC(35)   WeakReference:
[9.855s][debug  ][gc,phases,ref  ] GC(35)     Discovered: 0
[9.855s][debug  ][gc,phases,ref  ] GC(35)     Cleared: 0
[9.855s][debug  ][gc,phases,ref  ] GC(35)   FinalReference:
[9.855s][debug  ][gc,phases,ref  ] GC(35)     Discovered: 0
[9.855s][debug  ][gc,phases,ref  ] GC(35)     Cleared: 0
[9.855s][debug  ][gc,phases,ref  ] GC(35)   PhantomReference:
[9.855s][debug  ][gc,phases,ref  ] GC(35)     Discovered: 0
[9.855s][debug  ][gc,phases,ref  ] GC(35)     Cleared: 0
[9.855s][debug  ][gc,phases      ] GC(35) Reference Processing 0.566ms
[9.855s][debug  ][gc,phases,start] GC(35) Weak Processing
[9.855s][debug  ][gc,phases      ] GC(35)   VM Weak                        Min:  0.0, Avg:  0.0, Max:  0.0, Diff:  0.0, Sum:  0.0, Workers: 6
[9.855s][debug  ][gc,phases      ] GC(35)     Dead                           Min: 0, Avg:  0.0, Max: 0, Diff: 0, Sum: 0, Workers: 6
[9.855s][debug  ][gc,phases      ] GC(35)     Total                          Min: 0, Avg:  1.3, Max: 8, Diff: 8, Sum: 8, Workers: 6
[9.855s][debug  ][gc,phases      ] GC(35)   ObjectSynchronizer Weak        Min:  0.0, Avg:  0.0, Max:  0.0, Diff:  0.0, Sum:  0.0, Workers: 6
[9.855s][debug  ][gc,phases      ] GC(35)     Dead                           Min: 0, Avg:  0.0, Max: 0, Diff: 0, Sum: 0, Workers: 6
[9.855s][debug  ][gc,phases      ] GC(35)     Total                          Min: 0, Avg:  0.5, Max: 3, Diff: 3, Sum: 3, Workers: 6
[9.855s][debug  ][gc,phases      ] GC(35)   JVMTI Tag Weak OopStorage      Min:  0.0, Avg:  0.0, Max:  0.0, Diff:  0.0, Sum:  0.0, Workers: 6
[9.855s][debug  ][gc,phases      ] GC(35)     Dead                           Min: 0, Avg:  0.0, Max: 0, Diff: 0, Sum: 0, Workers: 6
[9.855s][debug  ][gc,phases      ] GC(35)     Total                          Min: 0, Avg:  0.0, Max: 0, Diff: 0, Sum: 0, Workers: 6
[9.855s][debug  ][gc,phases      ] GC(35)   StringTable Weak               Min:  0.0, Avg:  0.0, Max:  0.0, Diff:  0.0, Sum:  0.0, Workers: 6
[9.855s][debug  ][gc,phases      ] GC(35)     Dead                           Min: 0, Avg:  0.0, Max: 0, Diff: 0, Sum: 0, Workers: 6
[9.855s][debug  ][gc,phases      ] GC(35)     Total                          Min: 640, Avg: 892.5, Max: 1152, Diff: 512, Sum: 5355, Workers: 6
[9.855s][debug  ][gc,phases      ] GC(35)   ResolvedMethodTable Weak       Min:  0.0, Avg:  0.0, Max:  0.0, Diff:  0.0, Sum:  0.0, Workers: 6
[9.855s][debug  ][gc,phases      ] GC(35)     Dead                           Min: 0, Avg:  0.0, Max: 0, Diff: 0, Sum: 0, Workers: 6
[9.855s][debug  ][gc,phases      ] GC(35)     Total                          Min: 0, Avg: 21.7, Max: 64, Diff: 64, Sum: 130, Workers: 6
[9.855s][debug  ][gc,phases      ] GC(35)   JNI Weak                       Min:  0.0, Avg:  0.0, Max:  0.0, Diff:  0.0, Sum:  0.0, Workers: 6
[9.855s][debug  ][gc,phases      ] GC(35)     Dead                           Min: 0, Avg:  0.0, Max: 0, Diff: 0, Sum: 0, Workers: 6
[9.855s][debug  ][gc,phases      ] GC(35)     Total                          Min: 0, Avg:  0.0, Max: 0, Diff: 0, Sum: 0, Workers: 6
[9.855s][debug  ][gc,phases      ] GC(35)   StringDedup Table Weak         Min:  0.0, Avg:  0.0, Max:  0.0, Diff:  0.0, Sum:  0.0, Workers: 6
[9.855s][debug  ][gc,phases      ] GC(35)     Dead                           Min: 0, Avg:  0.0, Max: 0, Diff: 0, Sum: 0, Workers: 6
[9.855s][debug  ][gc,phases      ] GC(35)     Total                          Min: 0, Avg:  0.0, Max: 0, Diff: 0, Sum: 0, Workers: 6
[9.855s][debug  ][gc,phases      ] GC(35)   StringDedup Requests0 Weak     Min:  0.0, Avg:  0.0, Max:  0.0, Diff:  0.0, Sum:  0.0, Workers: 6
[9.855s][debug  ][gc,phases      ] GC(35)     Dead                           Min: 0, Avg:  0.0, Max: 0, Diff: 0, Sum: 0, Workers: 6
[9.855s][debug  ][gc,phases      ] GC(35)     Total                          Min: 0, Avg:  0.0, Max: 0, Diff: 0, Sum: 0, Workers: 6
[9.855s][debug  ][gc,phases      ] GC(35)   StringDedup Requests1 Weak     Min:  0.0, Avg:  0.0, Max:  0.0, Diff:  0.0, Sum:  0.0, Workers: 6
[9.856s][debug  ][gc,phases      ] GC(35)     Dead                           Min: 0, Avg:  0.0, Max: 0, Diff: 0, Sum: 0, Workers: 6
[9.856s][debug  ][gc,phases      ] GC(35)     Total                          Min: 0, Avg:  0.0, Max: 0, Diff: 0, Sum: 0, Workers: 6
[9.856s][debug  ][gc,phases      ] GC(35)   Weak JFR Old Object Samples    Min:  0.0, Avg:  0.0, Max:  0.0, Diff:  0.0, Sum:  0.0, Workers: 6
[9.856s][debug  ][gc,phases      ] GC(35)     Dead                           Min: 0, Avg:  0.0, Max: 0, Diff: 0, Sum: 0, Workers: 6
[9.856s][debug  ][gc,phases      ] GC(35)     Total                          Min: 0, Avg:  0.0, Max: 0, Diff: 0, Sum: 0, Workers: 6
[9.856s][debug  ][gc,phases      ] GC(35) Weak Processing 0.791ms
[9.856s][debug  ][gc,ergo        ] GC(35) AdaptiveSizeStart:  collection: 36 
[9.856s][debug  ][gc,ergo        ] GC(35) avg_survived_padded_avg: 32382744.000000
[9.856s][debug  ][gc,ergo        ] GC(35) avg_promoted_padded_avg: 233816080.000000  avg_pretenured_padded_avg: 0.000000  tenuring_thresh: 1  target_size: 32505856
[9.856s][debug  ][gc,age         ] GC(35) Desired survivor size 32505856 bytes, new threshold 1 (max threshold 15)
[9.856s][debug  ][gc,ergo        ] GC(35) PSAdaptiveSizePolicy::compute_eden_space_size limits: desired_eden_size: 237080392 old_eden_size: 202899456 eden_limit: 203423744 cur_eden: 202899456 max_eden_size: 203423744 avg_young_live: 25125118
[9.856s][debug  ][gc,ergo        ] GC(35) PSAdaptiveSizePolicy::compute_eden_space_size: costs minor_time: 0.045041 major_cost: 0.035790 mutator_cost: 0.919168 throughput_goal: 0.990000
[9.856s][debug  ][gc,ergo        ] GC(35) Live_space: 946799936 free_space: 848297984
[9.856s][debug  ][gc,ergo        ] GC(35) Old eden_size: 202899456 desired_eden_size: 203423744
[9.856s][debug  ][gc,ergo        ] GC(35) AdaptiveSizeStop: collection: 36 
[9.856s][info   ][gc,heap        ] GC(35) PSYoungGen: 188184K(229888K)->30720K(230400K) Eden: 188184K(198144K)->0K(198656K) From: 0K(31744K)->30720K(31744K)
[9.856s][info   ][gc,heap        ] GC(35) ParOldGen: 400995K(1267712K)->554595K(1267712K)
[9.856s][info   ][gc,metaspace   ] GC(35) Metaspace: 1018K(1152K)->1018K(1152K) NonClass: 935K(960K)->935K(960K) Class: 83K(192K)->83K(192K)
[9.856s][info   ][gc             ] GC(35) Pause Young (Allocation Failure) 575M->571M(1463M) 14.175ms
[9.856s][info   ][gc,cpu         ] GC(35) User=0.16s Sys=0.00s Real=0.01s
[9.856s][debug  ][gc,heap        ] GC(35) Heap after GC invocations=36 (full 5):
[9.856s][debug  ][gc,heap        ] GC(35)  PSYoungGen      total 230400K, used 30720K [0x00000007f0000000, 0x0000000800000000, 0x0000000800000000)
[9.856s][debug  ][gc,heap        ] GC(35)   eden space 198656K, 0% used [0x00000007f0000000,0x00000007f0000000,0x00000007fc200000)
[9.856s][debug  ][gc,heap        ] GC(35)   from space 31744K, 96% used [0x00000007fe100000,0x00000007fff00030,0x0000000800000000)
[9.856s][debug  ][gc,heap        ] GC(35)   to   space 31744K, 0% used [0x00000007fc200000,0x00000007fc200000,0x00000007fe100000)
[9.856s][debug  ][gc,heap        ] GC(35)  ParOldGen       total 1267712K, used 554595K [0x0000000740000000, 0x000000078d600000, 0x00000007f0000000)
[9.856s][debug  ][gc,heap        ] GC(35)   object space 1267712K, 43% used [0x0000000740000000,0x0000000761d98f58,0x000000078d600000)
[9.856s][debug  ][gc,heap        ] GC(35)  Metaspace       used 1018K, committed 1152K, reserved 1056768K
[9.856s][debug  ][gc,heap        ] GC(35)   class space    used 83K, committed 192K, reserved 1048576K
[9.856s][debug  ][gc,task,time   ] GC(35) VM-Thread 98414086 98542405 98561416
[10.158s][debug  ][gc,heap        ] GC(36) Heap before GC invocations=37 (full 5):
[10.158s][debug  ][gc,heap        ] GC(36)  PSYoungGen      total 230400K, used 229084K [0x00000007f0000000, 0x0000000800000000, 0x0000000800000000)
[10.158s][debug  ][gc,heap        ] GC(36)   eden space 198656K, 99% used [0x00000007f0000000,0x00000007fc1b72d8,0x00000007fc200000)
[10.158s][debug  ][gc,heap        ] GC(36)   from space 31744K, 96% used [0x00000007fe100000,0x00000007fff00030,0x0000000800000000)
[10.158s][debug  ][gc,heap        ] GC(36)   to   space 31744K, 0% used [0x00000007fc200000,0x00000007fc200000,0x00000007fe100000)
[10.158s][debug  ][gc,heap        ] GC(36)  ParOldGen       total 1267712K, used 554595K [0x0000000740000000, 0x000000078d600000, 0x00000007f0000000)
[10.158s][debug  ][gc,heap        ] GC(36)   object space 1267712K, 43% used [0x0000000740000000,0x0000000761d98f58,0x000000078d600000)
[10.158s][debug  ][gc,heap        ] GC(36)  Metaspace       used 1018K, committed 1152K, reserved 1056768K
[10.158s][debug  ][gc,heap        ] GC(36)   class space    used 83K, committed 192K, reserved 1048576K
[10.158s][debug  ][gc,tlab        ] GC(36) TLAB totals: thrds: 1  refills: 1 max: 1 slow allocs: 18 max 18 waste: 27.1% gc: 3895720B max: 3895720B slow: 0B max: 0B
[10.158s][info   ][gc,start       ] GC(36) Pause Young (Allocation Failure)
[10.159s][debug  ][gc,phases,start] GC(36) Scavenge
[10.174s][debug  ][gc,phases      ] GC(36) Scavenge 15.521ms
[10.174s][debug  ][gc,phases,start] GC(36) Reference Processing
[10.174s][debug  ][gc,ref         ] GC(36) Skipped phase 1 of Reference Processing: no references
[10.174s][debug  ][gc,ref         ] GC(36) Skipped phase 2 of Reference Processing: no references
[10.174s][debug  ][gc,ref         ] GC(36) Skipped phase 3 of Reference Processing: no references
[10.174s][debug  ][gc,ref         ] GC(36) Skipped phase 4 of Reference Processing: no references
[10.174s][debug  ][gc,phases,ref  ] GC(36) Reference Processing: 0.1ms
[10.174s][debug  ][gc,phases,ref  ] GC(36)   Reconsider SoftReferences: 0.0ms
[10.174s][debug  ][gc,phases,ref  ] GC(36)     SoftRef (ms):                  skipped
[10.174s][debug  ][gc,phases,ref  ] GC(36)   Notify Soft/WeakReferences: 0.0ms
[10.174s][debug  ][gc,phases,ref  ] GC(36)     SoftRef (ms):                  skipped
[10.174s][debug  ][gc,phases,ref  ] GC(36)     WeakRef (ms):                  skipped
[10.174s][debug  ][gc,phases,ref  ] GC(36)     FinalRef (ms):                 skipped
[10.174s][debug  ][gc,phases,ref  ] GC(36)     Total (ms):                    skipped
[10.174s][debug  ][gc,phases,ref  ] GC(36)   Notify and keep alive finalizable: 0.0ms
[10.174s][debug  ][gc,phases,ref  ] GC(36)     FinalRef (ms):                 skipped
[10.174s][debug  ][gc,phases,ref  ] GC(36)   Notify PhantomReferences: 0.0ms
[10.174s][debug  ][gc,phases,ref  ] GC(36)     PhantomRef (ms):               skipped
[10.174s][debug  ][gc,phases,ref  ] GC(36)   SoftReference:
[10.175s][debug  ][gc,phases,ref  ] GC(36)     Discovered: 0
[10.175s][debug  ][gc,phases,ref  ] GC(36)     Cleared: 0
[10.175s][debug  ][gc,phases,ref  ] GC(36)   WeakReference:
[10.175s][debug  ][gc,phases,ref  ] GC(36)     Discovered: 0
[10.175s][debug  ][gc,phases,ref  ] GC(36)     Cleared: 0
[10.175s][debug  ][gc,phases,ref  ] GC(36)   FinalReference:
[10.175s][debug  ][gc,phases,ref  ] GC(36)     Discovered: 0
[10.175s][debug  ][gc,phases,ref  ] GC(36)     Cleared: 0
[10.175s][debug  ][gc,phases,ref  ] GC(36)   PhantomReference:
[10.175s][debug  ][gc,phases,ref  ] GC(36)     Discovered: 0
[10.175s][debug  ][gc,phases,ref  ] GC(36)     Cleared: 0
[10.175s][debug  ][gc,phases      ] GC(36) Reference Processing 0.610ms
[10.175s][debug  ][gc,phases,start] GC(36) Weak Processing
[10.175s][debug  ][gc,phases      ] GC(36)   VM Weak                        Min:  0.0, Avg:  0.0, Max:  0.0, Diff:  0.0, Sum:  0.0, Workers: 6
[10.175s][debug  ][gc,phases      ] GC(36)     Dead                           Min: 0, Avg:  0.0, Max: 0, Diff: 0, Sum: 0, Workers: 6
[10.175s][debug  ][gc,phases      ] GC(36)     Total                          Min: 0, Avg:  1.3, Max: 8, Diff: 8, Sum: 8, Workers: 6
[10.175s][debug  ][gc,phases      ] GC(36)   ObjectSynchronizer Weak        Min:  0.0, Avg:  0.0, Max:  0.0, Diff:  0.0, Sum:  0.0, Workers: 6
[10.175s][debug  ][gc,phases      ] GC(36)     Dead                           Min: 0, Avg:  0.0, Max: 0, Diff: 0, Sum: 0, Workers: 6
[10.175s][debug  ][gc,phases      ] GC(36)     Total                          Min: 0, Avg:  0.5, Max: 3, Diff: 3, Sum: 3, Workers: 6
[10.175s][debug  ][gc,phases      ] GC(36)   JVMTI Tag Weak OopStorage      Min:  0.0, Avg:  0.0, Max:  0.0, Diff:  0.0, Sum:  0.0, Workers: 6
[10.175s][debug  ][gc,phases      ] GC(36)     Dead                           Min: 0, Avg:  0.0, Max: 0, Diff: 0, Sum: 0, Workers: 6
[10.175s][debug  ][gc,phases      ] GC(36)     Total                          Min: 0, Avg:  0.0, Max: 0, Diff: 0, Sum: 0, Workers: 6
[10.175s][debug  ][gc,phases      ] GC(36)   StringTable Weak               Min:  0.0, Avg:  0.0, Max:  0.0, Diff:  0.0, Sum:  0.0, Workers: 6
[10.175s][debug  ][gc,phases      ] GC(36)     Dead                           Min: 0, Avg:  0.0, Max: 0, Diff: 0, Sum: 0, Workers: 6
[10.175s][debug  ][gc,phases      ] GC(36)     Total                          Min: 767, Avg: 892.5, Max: 1152, Diff: 385, Sum: 5355, Workers: 6
[10.175s][debug  ][gc,phases      ] GC(36)   ResolvedMethodTable Weak       Min:  0.0, Avg:  0.0, Max:  0.0, Diff:  0.0, Sum:  0.0, Workers: 6
[10.175s][debug  ][gc,phases      ] GC(36)     Dead                           Min: 0, Avg:  0.0, Max: 0, Diff: 0, Sum: 0, Workers: 6
[10.175s][debug  ][gc,phases      ] GC(36)     Total                          Min: 0, Avg: 21.7, Max: 64, Diff: 64, Sum: 130, Workers: 6
[10.175s][debug  ][gc,phases      ] GC(36)   JNI Weak                       Min:  0.0, Avg:  0.0, Max:  0.0, Diff:  0.0, Sum:  0.0, Workers: 6
[10.175s][debug  ][gc,phases      ] GC(36)     Dead                           Min: 0, Avg:  0.0, Max: 0, Diff: 0, Sum: 0, Workers: 6
[10.175s][debug  ][gc,phases      ] GC(36)     Total                          Min: 0, Avg:  0.0, Max: 0, Diff: 0, Sum: 0, Workers: 6
[10.175s][debug  ][gc,phases      ] GC(36)   StringDedup Table Weak         Min:  0.0, Avg:  0.0, Max:  0.0, Diff:  0.0, Sum:  0.0, Workers: 6
[10.175s][debug  ][gc,phases      ] GC(36)     Dead                           Min: 0, Avg:  0.0, Max: 0, Diff: 0, Sum: 0, Workers: 6
[10.175s][debug  ][gc,phases      ] GC(36)     Total                          Min: 0, Avg:  0.0, Max: 0, Diff: 0, Sum: 0, Workers: 6
[10.175s][debug  ][gc,phases      ] GC(36)   StringDedup Requests0 Weak     Min:  0.0, Avg:  0.0, Max:  0.0, Diff:  0.0, Sum:  0.0, Workers: 6
[10.175s][debug  ][gc,phases      ] GC(36)     Dead                           Min: 0, Avg:  0.0, Max: 0, Diff: 0, Sum: 0, Workers: 6
[10.175s][debug  ][gc,phases      ] GC(36)     Total                          Min: 0, Avg:  0.0, Max: 0, Diff: 0, Sum: 0, Workers: 6
[10.175s][debug  ][gc,phases      ] GC(36)   StringDedup Requests1 Weak     Min:  0.0, Avg:  0.0, Max:  0.0, Diff:  0.0, Sum:  0.0, Workers: 6
[10.175s][debug  ][gc,phases      ] GC(36)     Dead                           Min: 0, Avg:  0.0, Max: 0, Diff: 0, Sum: 0, Workers: 6
[10.175s][debug  ][gc,phases      ] GC(36)     Total                          Min: 0, Avg:  0.0, Max: 0, Diff: 0, Sum: 0, Workers: 6
[10.175s][debug  ][gc,phases      ] GC(36)   Weak JFR Old Object Samples    Min:  0.0, Avg:  0.0, Max:  0.0, Diff:  0.0, Sum:  0.0, Workers: 6
[10.175s][debug  ][gc,phases      ] GC(36)     Dead                           Min: 0, Avg:  0.0, Max: 0, Diff: 0, Sum: 0, Workers: 6
[10.175s][debug  ][gc,phases      ] GC(36)     Total                          Min: 0, Avg:  0.0, Max: 0, Diff: 0, Sum: 0, Workers: 6
[10.175s][debug  ][gc,phases      ] GC(36) Weak Processing 0.715ms
[10.175s][debug  ][gc,ergo        ] GC(36) AdaptiveSizeStart:  collection: 37 
[10.176s][debug  ][gc,ergo        ] GC(36) avg_survived_padded_avg: 32319158.000000
[10.176s][debug  ][gc,ergo        ] GC(36) avg_promoted_padded_avg: 241303808.000000  avg_pretenured_padded_avg: 0.000000  tenuring_thresh: 1  target_size: 32505856
[10.176s][debug  ][gc,age         ] GC(36) Desired survivor size 32505856 bytes, new threshold 1 (max threshold 15)
[10.176s][debug  ][gc,ergo        ] GC(36) PSAdaptiveSizePolicy::compute_eden_space_size limits: desired_eden_size: 238260137 old_eden_size: 203423744 eden_limit: 203423744 cur_eden: 203423744 max_eden_size: 203423744 avg_young_live: 25758338
[10.176s][debug  ][gc,ergo        ] GC(36) PSAdaptiveSizePolicy::compute_eden_space_size: costs minor_time: 0.047040 major_cost: 0.035790 mutator_cost: 0.917169 throughput_goal: 0.990000
[10.176s][debug  ][gc,ergo        ] GC(36) Live_space: 947433152 free_space: 848822272
[10.176s][debug  ][gc,ergo        ] GC(36) Old eden_size: 203423744 desired_eden_size: 203423744
[10.176s][debug  ][gc,ergo        ] GC(36) AdaptiveSizeStop: collection: 37 
[10.176s][info   ][gc,heap        ] GC(36) PSYoungGen: 229084K(230400K)->30720K(230400K) Eden: 198364K(198656K)->0K(198656K) From: 30720K(31744K)->30720K(31744K)
[10.176s][info   ][gc,heap        ] GC(36) ParOldGen: 554595K(1267712K)->749156K(1267712K)
[10.176s][info   ][gc,metaspace   ] GC(36) Metaspace: 1018K(1152K)->1018K(1152K) NonClass: 935K(960K)->935K(960K) Class: 83K(192K)->83K(192K)
[10.176s][info   ][gc             ] GC(36) Pause Young (Allocation Failure) 765M->761M(1463M) 17.278ms
[10.176s][info   ][gc,cpu         ] GC(36) User=0.16s Sys=0.00s Real=0.02s
[10.176s][debug  ][gc,heap        ] GC(36) Heap after GC invocations=37 (full 5):
[10.176s][debug  ][gc,heap        ] GC(36)  PSYoungGen      total 230400K, used 30720K [0x00000007f0000000, 0x0000000800000000, 0x0000000800000000)
[10.176s][debug  ][gc,heap        ] GC(36)   eden space 198656K, 0% used [0x00000007f0000000,0x00000007f0000000,0x00000007fc200000)
[10.176s][debug  ][gc,heap        ] GC(36)   from space 31744K, 96% used [0x00000007fc200000,0x00000007fe000030,0x00000007fe100000)
[10.176s][debug  ][gc,heap        ] GC(36)   to   space 31744K, 0% used [0x00000007fe100000,0x00000007fe100000,0x0000000800000000)
[10.176s][debug  ][gc,heap        ] GC(36)  ParOldGen       total 1267712K, used 749156K [0x0000000740000000, 0x000000078d600000, 0x00000007f0000000)
[10.176s][debug  ][gc,heap        ] GC(36)   object space 1267712K, 59% used [0x0000000740000000,0x000000076db99088,0x000000078d600000)
[10.176s][debug  ][gc,heap        ] GC(36)  Metaspace       used 1018K, committed 1152K, reserved 1056768K
[10.176s][debug  ][gc,heap        ] GC(36)   class space    used 83K, committed 192K, reserved 1048576K
[10.176s][debug  ][gc,task,time   ] GC(36) VM-Thread 101580448 101741239 101759965
[10.473s][debug  ][gc,heap        ] GC(37) Heap before GC invocations=38 (full 5):
[10.474s][debug  ][gc,heap        ] GC(37)  PSYoungGen      total 230400K, used 229117K [0x00000007f0000000, 0x0000000800000000, 0x0000000800000000)
[10.474s][debug  ][gc,heap        ] GC(37)   eden space 198656K, 99% used [0x00000007f0000000,0x00000007fc1bf458,0x00000007fc200000)
[10.474s][debug  ][gc,heap        ] GC(37)   from space 31744K, 96% used [0x00000007fc200000,0x00000007fe000030,0x00000007fe100000)
[10.474s][debug  ][gc,heap        ] GC(37)   to   space 31744K, 0% used [0x00000007fe100000,0x00000007fe100000,0x0000000800000000)
[10.474s][debug  ][gc,heap        ] GC(37)  ParOldGen       total 1267712K, used 749156K [0x0000000740000000, 0x000000078d600000, 0x00000007f0000000)
[10.474s][debug  ][gc,heap        ] GC(37)   object space 1267712K, 59% used [0x0000000740000000,0x000000076db99088,0x000000078d600000)
[10.474s][debug  ][gc,heap        ] GC(37)  Metaspace       used 1018K, committed 1152K, reserved 1056768K
[10.474s][debug  ][gc,heap        ] GC(37)   class space    used 83K, committed 192K, reserved 1048576K
[10.474s][debug  ][gc,tlab        ] GC(37) TLAB totals: thrds: 1  refills: 1 max: 1 slow allocs: 18 max 18 waste: 27.3% gc: 3928872B max: 3928872B slow: 0B max: 0B
[10.474s][info   ][gc,start       ] GC(37) Pause Young (Allocation Failure)
[10.474s][debug  ][gc,phases,start] GC(37) Scavenge
[10.489s][debug  ][gc,phases      ] GC(37) Scavenge 15.173ms
[10.489s][debug  ][gc,phases,start] GC(37) Reference Processing
[10.489s][debug  ][gc,ref         ] GC(37) Skipped phase 1 of Reference Processing: no references
[10.489s][debug  ][gc,ref         ] GC(37) Skipped phase 2 of Reference Processing: no references
[10.489s][debug  ][gc,ref         ] GC(37) Skipped phase 3 of Reference Processing: no references
[10.489s][debug  ][gc,ref         ] GC(37) Skipped phase 4 of Reference Processing: no references
[10.489s][debug  ][gc,phases,ref  ] GC(37) Reference Processing: 0.1ms
[10.489s][debug  ][gc,phases,ref  ] GC(37)   Reconsider SoftReferences: 0.0ms
[10.489s][debug  ][gc,phases,ref  ] GC(37)     SoftRef (ms):                  skipped
[10.489s][debug  ][gc,phases,ref  ] GC(37)   Notify Soft/WeakReferences: 0.0ms
[10.489s][debug  ][gc,phases,ref  ] GC(37)     SoftRef (ms):                  skipped
[10.489s][debug  ][gc,phases,ref  ] GC(37)     WeakRef (ms):                  skipped
[10.489s][debug  ][gc,phases,ref  ] GC(37)     FinalRef (ms):                 skipped
[10.489s][debug  ][gc,phases,ref  ] GC(37)     Total (ms):                    skipped
[10.489s][debug  ][gc,phases,ref  ] GC(37)   Notify and keep alive finalizable: 0.0ms
[10.489s][debug  ][gc,phases,ref  ] GC(37)     FinalRef (ms):                 skipped
[10.490s][debug  ][gc,phases,ref  ] GC(37)   Notify PhantomReferences: 0.0ms
[10.490s][debug  ][gc,phases,ref  ] GC(37)     PhantomRef (ms):               skipped
[10.490s][debug  ][gc,phases,ref  ] GC(37)   SoftReference:
[10.490s][debug  ][gc,phases,ref  ] GC(37)     Discovered: 0
[10.490s][debug  ][gc,phases,ref  ] GC(37)     Cleared: 0
[10.490s][debug  ][gc,phases,ref  ] GC(37)   WeakReference:
[10.490s][debug  ][gc,phases,ref  ] GC(37)     Discovered: 0
[10.490s][debug  ][gc,phases,ref  ] GC(37)     Cleared: 0
[10.490s][debug  ][gc,phases,ref  ] GC(37)   FinalReference:
[10.490s][debug  ][gc,phases,ref  ] GC(37)     Discovered: 0
[10.490s][debug  ][gc,phases,ref  ] GC(37)     Cleared: 0
[10.490s][debug  ][gc,phases,ref  ] GC(37)   PhantomReference:
[10.490s][debug  ][gc,phases,ref  ] GC(37)     Discovered: 0
[10.490s][debug  ][gc,phases,ref  ] GC(37)     Cleared: 0
[10.490s][debug  ][gc,phases      ] GC(37) Reference Processing 0.659ms
[10.490s][debug  ][gc,phases,start] GC(37) Weak Processing
[10.490s][debug  ][gc,phases      ] GC(37)   VM Weak                        Min:  0.0, Avg:  0.0, Max:  0.0, Diff:  0.0, Sum:  0.0, Workers: 6
[10.490s][debug  ][gc,phases      ] GC(37)     Dead                           Min: 0, Avg:  0.0, Max: 0, Diff: 0, Sum: 0, Workers: 6
[10.490s][debug  ][gc,phases      ] GC(37)     Total                          Min: 0, Avg:  1.3, Max: 8, Diff: 8, Sum: 8, Workers: 6
[10.490s][debug  ][gc,phases      ] GC(37)   ObjectSynchronizer Weak        Min:  0.0, Avg:  0.0, Max:  0.0, Diff:  0.0, Sum:  0.0, Workers: 6
[10.490s][debug  ][gc,phases      ] GC(37)     Dead                           Min: 0, Avg:  0.0, Max: 0, Diff: 0, Sum: 0, Workers: 6
[10.490s][debug  ][gc,phases      ] GC(37)     Total                          Min: 0, Avg:  0.5, Max: 3, Diff: 3, Sum: 3, Workers: 6
[10.490s][debug  ][gc,phases      ] GC(37)   JVMTI Tag Weak OopStorage      Min:  0.0, Avg:  0.0, Max:  0.0, Diff:  0.0, Sum:  0.0, Workers: 6
[10.490s][debug  ][gc,phases      ] GC(37)     Dead                           Min: 0, Avg:  0.0, Max: 0, Diff: 0, Sum: 0, Workers: 6
[10.490s][debug  ][gc,phases      ] GC(37)     Total                          Min: 0, Avg:  0.0, Max: 0, Diff: 0, Sum: 0, Workers: 6
[10.490s][debug  ][gc,phases      ] GC(37)   StringTable Weak               Min:  0.0, Avg:  0.0, Max:  0.0, Diff:  0.0, Sum:  0.0, Workers: 6
[10.490s][debug  ][gc,phases      ] GC(37)     Dead                           Min: 0, Avg:  0.0, Max: 0, Diff: 0, Sum: 0, Workers: 6
[10.490s][debug  ][gc,phases      ] GC(37)     Total                          Min: 747, Avg: 892.5, Max: 1024, Diff: 277, Sum: 5355, Workers: 6
[10.490s][debug  ][gc,phases      ] GC(37)   ResolvedMethodTable Weak       Min:  0.0, Avg:  0.0, Max:  0.0, Diff:  0.0, Sum:  0.0, Workers: 6
[10.490s][debug  ][gc,phases      ] GC(37)     Dead                           Min: 0, Avg:  0.0, Max: 0, Diff: 0, Sum: 0, Workers: 6
[10.490s][debug  ][gc,phases      ] GC(37)     Total                          Min: 0, Avg: 21.7, Max: 64, Diff: 64, Sum: 130, Workers: 6
[10.490s][debug  ][gc,phases      ] GC(37)   JNI Weak                       Min:  0.0, Avg:  0.0, Max:  0.0, Diff:  0.0, Sum:  0.0, Workers: 6
[10.490s][debug  ][gc,phases      ] GC(37)     Dead                           Min: 0, Avg:  0.0, Max: 0, Diff: 0, Sum: 0, Workers: 6
[10.490s][debug  ][gc,phases      ] GC(37)     Total                          Min: 0, Avg:  0.0, Max: 0, Diff: 0, Sum: 0, Workers: 6
[10.490s][debug  ][gc,phases      ] GC(37)   StringDedup Table Weak         Min:  0.0, Avg:  0.0, Max:  0.0, Diff:  0.0, Sum:  0.0, Workers: 6
[10.490s][debug  ][gc,phases      ] GC(37)     Dead                           Min: 0, Avg:  0.0, Max: 0, Diff: 0, Sum: 0, Workers: 6
[10.490s][debug  ][gc,phases      ] GC(37)     Total                          Min: 0, Avg:  0.0, Max: 0, Diff: 0, Sum: 0, Workers: 6
[10.490s][debug  ][gc,phases      ] GC(37)   StringDedup Requests0 Weak     Min:  0.0, Avg:  0.0, Max:  0.0, Diff:  0.0, Sum:  0.0, Workers: 6
[10.490s][debug  ][gc,phases      ] GC(37)     Dead                           Min: 0, Avg:  0.0, Max: 0, Diff: 0, Sum: 0, Workers: 6
[10.490s][debug  ][gc,phases      ] GC(37)     Total                          Min: 0, Avg:  0.0, Max: 0, Diff: 0, Sum: 0, Workers: 6
[10.490s][debug  ][gc,phases      ] GC(37)   StringDedup Requests1 Weak     Min:  0.0, Avg:  0.0, Max:  0.0, Diff:  0.0, Sum:  0.0, Workers: 6
[10.490s][debug  ][gc,phases      ] GC(37)     Dead                           Min: 0, Avg:  0.0, Max: 0, Diff: 0, Sum: 0, Workers: 6
[10.490s][debug  ][gc,phases      ] GC(37)     Total                          Min: 0, Avg:  0.0, Max: 0, Diff: 0, Sum: 0, Workers: 6
[10.490s][debug  ][gc,phases      ] GC(37)   Weak JFR Old Object Samples    Min:  0.0, Avg:  0.0, Max:  0.0, Diff:  0.0, Sum:  0.0, Workers: 6
[10.491s][debug  ][gc,phases      ] GC(37)     Dead                           Min: 0, Avg:  0.0, Max: 0, Diff: 0, Sum: 0, Workers: 6
[10.491s][debug  ][gc,phases      ] GC(37)     Total                          Min: 0, Avg:  0.0, Max: 0, Diff: 0, Sum: 0, Workers: 6
[10.491s][debug  ][gc,phases      ] GC(37) Weak Processing 0.713ms
[10.491s][debug  ][gc,ergo        ] GC(37) AdaptiveSizeStart:  collection: 38 
[10.491s][debug  ][gc,ergo        ] GC(37) avg_survived_padded_avg: 32259034.000000
[10.491s][debug  ][gc,ergo        ] GC(37) avg_promoted_padded_avg: 246948128.000000  avg_pretenured_padded_avg: 0.000000  tenuring_thresh: 1  target_size: 32505856
[10.491s][debug  ][gc,age         ] GC(37) Desired survivor size 32505856 bytes, new threshold 1 (max threshold 15)
[10.491s][debug  ][gc,ergo        ] GC(37) PSAdaptiveSizePolicy::compute_eden_space_size limits: desired_eden_size: 232686234 old_eden_size: 203423744 eden_limit: 203423744 cur_eden: 203423744 max_eden_size: 203423744 avg_young_live: 26328236
[10.491s][debug  ][gc,ergo        ] GC(37) PSAdaptiveSizePolicy::compute_eden_space_size: costs minor_time: 0.048502 major_cost: 0.035790 mutator_cost: 0.915708 throughput_goal: 0.990000
[10.491s][debug  ][gc,ergo        ] GC(37) Live_space: 948003072 free_space: 848822272
[10.491s][debug  ][gc,ergo        ] GC(37) Old eden_size: 203423744 desired_eden_size: 203423744
[10.491s][debug  ][gc,ergo        ] GC(37) AdaptiveSizeStop: collection: 38 
[10.491s][info   ][gc,heap        ] GC(37) PSYoungGen: 229117K(230400K)->30720K(230400K) Eden: 198397K(198656K)->0K(198656K) From: 30720K(31744K)->30720K(31744K)
[10.491s][info   ][gc,heap        ] GC(37) ParOldGen: 749156K(1267712K)->943716K(1267712K)
[10.491s][info   ][gc,metaspace   ] GC(37) Metaspace: 1018K(1152K)->1018K(1152K) NonClass: 935K(960K)->935K(960K) Class: 83K(192K)->83K(192K)
[10.491s][info   ][gc             ] GC(37) Pause Young (Allocation Failure) 955M->951M(1463M) 16.979ms
[10.491s][info   ][gc,cpu         ] GC(37) User=0.11s Sys=0.00s Real=0.02s
[10.491s][debug  ][gc,heap        ] GC(37) Heap after GC invocations=38 (full 5):
[10.491s][debug  ][gc,heap        ] GC(37)  PSYoungGen      total 230400K, used 30720K [0x00000007f0000000, 0x0000000800000000, 0x0000000800000000)
[10.491s][debug  ][gc,heap        ] GC(37)   eden space 198656K, 0% used [0x00000007f0000000,0x00000007f0000000,0x00000007fc200000)
[10.491s][debug  ][gc,heap        ] GC(37)   from space 31744K, 96% used [0x00000007fe100000,0x00000007fff00030,0x0000000800000000)
[10.491s][debug  ][gc,heap        ] GC(37)   to   space 31744K, 0% used [0x00000007fc200000,0x00000007fc200000,0x00000007fe100000)
[10.491s][debug  ][gc,heap        ] GC(37)  ParOldGen       total 1267712K, used 943716K [0x0000000740000000, 0x000000078d600000, 0x00000007f0000000)
[10.491s][debug  ][gc,heap        ] GC(37)   object space 1267712K, 74% used [0x0000000740000000,0x00000007799991b8,0x000000078d600000)
[10.491s][debug  ][gc,heap        ] GC(37)  Metaspace       used 1018K, committed 1152K, reserved 1056768K
[10.491s][debug  ][gc,heap        ] GC(37)   class space    used 83K, committed 192K, reserved 1048576K
[10.491s][debug  ][gc,task,time   ] GC(37) VM-Thread 104734303 104891609 104910826
[10.791s][debug  ][gc,heap        ] GC(38) Heap before GC invocations=39 (full 5):
[10.791s][debug  ][gc,heap        ] GC(38)  PSYoungGen      total 230400K, used 229137K [0x00000007f0000000, 0x0000000800000000, 0x0000000800000000)
[10.791s][debug  ][gc,heap        ] GC(38)   eden space 198656K, 99% used [0x00000007f0000000,0x00000007fc1c47a0,0x00000007fc200000)
[10.791s][debug  ][gc,heap        ] GC(38)   from space 31744K, 96% used [0x00000007fe100000,0x00000007fff00030,0x0000000800000000)
[10.791s][debug  ][gc,heap        ] GC(38)   to   space 31744K, 0% used [0x00000007fc200000,0x00000007fc200000,0x00000007fe100000)
[10.791s][debug  ][gc,heap        ] GC(38)  ParOldGen       total 1267712K, used 943716K [0x0000000740000000, 0x000000078d600000, 0x00000007f0000000)
[10.791s][debug  ][gc,heap        ] GC(38)   object space 1267712K, 74% used [0x0000000740000000,0x00000007799991b8,0x000000078d600000)
[10.791s][debug  ][gc,heap        ] GC(38)  Metaspace       used 1018K, committed 1152K, reserved 1056768K
[10.791s][debug  ][gc,heap        ] GC(38)   class space    used 83K, committed 192K, reserved 1048576K
[10.791s][debug  ][gc,tlab        ] GC(38) TLAB totals: thrds: 1  refills: 1 max: 1 slow allocs: 18 max 18 waste: 27.4% gc: 3949024B max: 3949024B slow: 0B max: 0B
[10.791s][info   ][gc,start       ] GC(38) Pause Young (Allocation Failure)
[10.792s][debug  ][gc,phases,start] GC(38) Scavenge
[10.802s][debug  ][gc,phases      ] GC(38) Scavenge 10.030ms
[10.802s][debug  ][gc,phases,start] GC(38) Reference Processing
[10.802s][debug  ][gc,ref         ] GC(38) Skipped phase 1 of Reference Processing: no references
[10.802s][debug  ][gc,ref         ] GC(38) Skipped phase 2 of Reference Processing: no references
[10.802s][debug  ][gc,ref         ] GC(38) Skipped phase 3 of Reference Processing: no references
[10.802s][debug  ][gc,ref         ] GC(38) Skipped phase 4 of Reference Processing: no references
[10.802s][debug  ][gc,phases,ref  ] GC(38) Reference Processing: 0.1ms
[10.802s][debug  ][gc,phases,ref  ] GC(38)   Reconsider SoftReferences: 0.0ms
[10.802s][debug  ][gc,phases,ref  ] GC(38)     SoftRef (ms):                  skipped
[10.802s][debug  ][gc,phases,ref  ] GC(38)   Notify Soft/WeakReferences: 0.0ms
[10.802s][debug  ][gc,phases,ref  ] GC(38)     SoftRef (ms):                  skipped
[10.802s][debug  ][gc,phases,ref  ] GC(38)     WeakRef (ms):                  skipped
[10.802s][debug  ][gc,phases,ref  ] GC(38)     FinalRef (ms):                 skipped
[10.802s][debug  ][gc,phases,ref  ] GC(38)     Total (ms):                    skipped
[10.802s][debug  ][gc,phases,ref  ] GC(38)   Notify and keep alive finalizable: 0.0ms
[10.802s][debug  ][gc,phases,ref  ] GC(38)     FinalRef (ms):                 skipped
[10.802s][debug  ][gc,phases,ref  ] GC(38)   Notify PhantomReferences: 0.0ms
[10.802s][debug  ][gc,phases,ref  ] GC(38)     PhantomRef (ms):               skipped
[10.802s][debug  ][gc,phases,ref  ] GC(38)   SoftReference:
[10.802s][debug  ][gc,phases,ref  ] GC(38)     Discovered: 0
[10.802s][debug  ][gc,phases,ref  ] GC(38)     Cleared: 0
[10.802s][debug  ][gc,phases,ref  ] GC(38)   WeakReference:
[10.802s][debug  ][gc,phases,ref  ] GC(38)     Discovered: 0
[10.802s][debug  ][gc,phases,ref  ] GC(38)     Cleared: 0
[10.802s][debug  ][gc,phases,ref  ] GC(38)   FinalReference:
[10.802s][debug  ][gc,phases,ref  ] GC(38)     Discovered: 0
[10.802s][debug  ][gc,phases,ref  ] GC(38)     Cleared: 0
[10.802s][debug  ][gc,phases,ref  ] GC(38)   PhantomReference:
[10.802s][debug  ][gc,phases,ref  ] GC(38)     Discovered: 0
[10.802s][debug  ][gc,phases,ref  ] GC(38)     Cleared: 0
[10.802s][debug  ][gc,phases      ] GC(38) Reference Processing 0.675ms
[10.802s][debug  ][gc,phases,start] GC(38) Weak Processing
[10.802s][debug  ][gc,phases      ] GC(38)   VM Weak                        Min:  0.0, Avg:  0.0, Max:  0.0, Diff:  0.0, Sum:  0.0, Workers: 6
[10.802s][debug  ][gc,phases      ] GC(38)     Dead                           Min: 0, Avg:  0.0, Max: 0, Diff: 0, Sum: 0, Workers: 6
[10.802s][debug  ][gc,phases      ] GC(38)     Total                          Min: 0, Avg:  1.3, Max: 8, Diff: 8, Sum: 8, Workers: 6
[10.802s][debug  ][gc,phases      ] GC(38)   ObjectSynchronizer Weak        Min:  0.0, Avg:  0.0, Max:  0.0, Diff:  0.0, Sum:  0.0, Workers: 6
[10.802s][debug  ][gc,phases      ] GC(38)     Dead                           Min: 0, Avg:  0.0, Max: 0, Diff: 0, Sum: 0, Workers: 6
[10.802s][debug  ][gc,phases      ] GC(38)     Total                          Min: 0, Avg:  0.5, Max: 3, Diff: 3, Sum: 3, Workers: 6
[10.803s][debug  ][gc,phases      ] GC(38)   JVMTI Tag Weak OopStorage      Min:  0.0, Avg:  0.0, Max:  0.0, Diff:  0.0, Sum:  0.0, Workers: 6
[10.803s][debug  ][gc,phases      ] GC(38)     Dead                           Min: 0, Avg:  0.0, Max: 0, Diff: 0, Sum: 0, Workers: 6
[10.803s][debug  ][gc,phases      ] GC(38)     Total                          Min: 0, Avg:  0.0, Max: 0, Diff: 0, Sum: 0, Workers: 6
[10.803s][debug  ][gc,phases      ] GC(38)   StringTable Weak               Min:  0.0, Avg:  0.0, Max:  0.0, Diff:  0.0, Sum:  0.0, Workers: 6
[10.803s][debug  ][gc,phases      ] GC(38)     Dead                           Min: 0, Avg:  0.0, Max: 0, Diff: 0, Sum: 0, Workers: 6
[10.803s][debug  ][gc,phases      ] GC(38)     Total                          Min: 831, Avg: 892.5, Max: 1088, Diff: 257, Sum: 5355, Workers: 6
[10.803s][debug  ][gc,phases      ] GC(38)   ResolvedMethodTable Weak       Min:  0.0, Avg:  0.0, Max:  0.0, Diff:  0.0, Sum:  0.0, Workers: 6
[10.803s][debug  ][gc,phases      ] GC(38)     Dead                           Min: 0, Avg:  0.0, Max: 0, Diff: 0, Sum: 0, Workers: 6
[10.803s][debug  ][gc,phases      ] GC(38)     Total                          Min: 0, Avg: 21.7, Max: 64, Diff: 64, Sum: 130, Workers: 6
[10.803s][debug  ][gc,phases      ] GC(38)   JNI Weak                       Min:  0.0, Avg:  0.0, Max:  0.0, Diff:  0.0, Sum:  0.0, Workers: 6
[10.803s][debug  ][gc,phases      ] GC(38)     Dead                           Min: 0, Avg:  0.0, Max: 0, Diff: 0, Sum: 0, Workers: 6
[10.803s][debug  ][gc,phases      ] GC(38)     Total                          Min: 0, Avg:  0.0, Max: 0, Diff: 0, Sum: 0, Workers: 6
[10.803s][debug  ][gc,phases      ] GC(38)   StringDedup Table Weak         Min:  0.0, Avg:  0.0, Max:  0.0, Diff:  0.0, Sum:  0.0, Workers: 6
[10.803s][debug  ][gc,phases      ] GC(38)     Dead                           Min: 0, Avg:  0.0, Max: 0, Diff: 0, Sum: 0, Workers: 6
[10.803s][debug  ][gc,phases      ] GC(38)     Total                          Min: 0, Avg:  0.0, Max: 0, Diff: 0, Sum: 0, Workers: 6
[10.803s][debug  ][gc,phases      ] GC(38)   StringDedup Requests0 Weak     Min:  0.0, Avg:  0.0, Max:  0.0, Diff:  0.0, Sum:  0.0, Workers: 6
[10.803s][debug  ][gc,phases      ] GC(38)     Dead                           Min: 0, Avg:  0.0, Max: 0, Diff: 0, Sum: 0, Workers: 6
[10.803s][debug  ][gc,phases      ] GC(38)     Total                          Min: 0, Avg:  0.0, Max: 0, Diff: 0, Sum: 0, Workers: 6
[10.803s][debug  ][gc,phases      ] GC(38)   StringDedup Requests1 Weak     Min:  0.0, Avg:  0.0, Max:  0.0, Diff:  0.0, Sum:  0.0, Workers: 6
[10.803s][debug  ][gc,phases      ] GC(38)     Dead                           Min: 0, Avg:  0.0, Max: 0, Diff: 0, Sum: 0, Workers: 6
[10.803s][debug  ][gc,phases      ] GC(38)     Total                          Min: 0, Avg:  0.0, Max: 0, Diff: 0, Sum: 0, Workers: 6
[10.803s][debug  ][gc,phases      ] GC(38)   Weak JFR Old Object Samples    Min:  0.0, Avg:  0.0, Max:  0.0, Diff:  0.0, Sum:  0.0, Workers: 6
[10.803s][debug  ][gc,phases      ] GC(38)     Dead                           Min: 0, Avg:  0.0, Max: 0, Diff: 0, Sum: 0, Workers: 6
[10.803s][debug  ][gc,phases      ] GC(38)     Total                          Min: 0, Avg:  0.0, Max: 0, Diff: 0, Sum: 0, Workers: 6
[10.803s][debug  ][gc,phases      ] GC(38) Weak Processing 0.791ms
[10.803s][debug  ][gc,ergo        ] GC(38) AdaptiveSizeStart:  collection: 39 
[10.803s][debug  ][gc,ergo        ] GC(38) avg_survived_padded_avg: 32202316.000000
[10.803s][debug  ][gc,ergo        ] GC(38) avg_promoted_padded_avg: 247570384.000000  avg_pretenured_padded_avg: 0.000000  tenuring_thresh: 1  target_size: 32505856
[10.803s][debug  ][gc,age         ] GC(38) Desired survivor size 32505856 bytes, new threshold 1 (max threshold 15)
[10.803s][debug  ][gc,ergo        ] GC(38) PSAdaptiveSizePolicy::compute_eden_space_size limits: desired_eden_size: 231934860 old_eden_size: 203423744 eden_limit: 203423744 cur_eden: 203423744 max_eden_size: 203423744 avg_young_live: 26841144
[10.803s][debug  ][gc,ergo        ] GC(38) PSAdaptiveSizePolicy::compute_eden_space_size: costs minor_time: 0.045667 major_cost: 0.035790 mutator_cost: 0.918542 throughput_goal: 0.990000
[10.803s][debug  ][gc,ergo        ] GC(38) Live_space: 948515968 free_space: 848822272
[10.803s][debug  ][gc,ergo        ] GC(38) Old eden_size: 203423744 desired_eden_size: 203423744
[10.803s][debug  ][gc,ergo        ] GC(38) AdaptiveSizeStop: collection: 39 
[10.803s][info   ][gc,heap        ] GC(38) PSYoungGen: 229137K(230400K)->30720K(230400K) Eden: 198417K(198656K)->0K(198656K) From: 30720K(31744K)->30720K(31744K)
[10.803s][info   ][gc,heap        ] GC(38) ParOldGen: 943716K(1267712K)->1056356K(1267712K)
[10.803s][info   ][gc,metaspace   ] GC(38) Metaspace: 1018K(1152K)->1018K(1152K) NonClass: 935K(960K)->935K(960K) Class: 83K(192K)->83K(192K)
[10.803s][info   ][gc             ] GC(38) Pause Young (Allocation Failure) 1145M->1061M(1463M) 11.979ms
[10.803s][info   ][gc,cpu         ] GC(38) User=0.09s Sys=0.00s Real=0.01s
[10.803s][debug  ][gc,heap        ] GC(38) Heap after GC invocations=39 (full 5):
[10.804s][debug  ][gc,heap        ] GC(38)  PSYoungGen      total 230400K, used 30720K [0x00000007f0000000, 0x0000000800000000, 0x0000000800000000)
[10.804s][debug  ][gc,heap        ] GC(38)   eden space 198656K, 0% used [0x00000007f0000000,0x00000007f0000000,0x00000007fc200000)
[10.804s][debug  ][gc,heap        ] GC(38)   from space 31744K, 96% used [0x00000007fc200000,0x00000007fe000030,0x00000007fe100000)
[10.804s][debug  ][gc,heap        ] GC(38)   to   space 31744K, 0% used [0x00000007fe100000,0x00000007fe100000,0x0000000800000000)
[10.804s][debug  ][gc,heap        ] GC(38)  ParOldGen       total 1267712K, used 1056356K [0x0000000740000000, 0x000000078d600000, 0x00000007f0000000)
[10.804s][debug  ][gc,heap        ] GC(38)   object space 1267712K, 83% used [0x0000000740000000,0x0000000780799268,0x000000078d600000)
[10.804s][debug  ][gc,heap        ] GC(38)  Metaspace       used 1018K, committed 1152K, reserved 1056768K
[10.804s][debug  ][gc,heap        ] GC(38)   class space    used 83K, committed 192K, reserved 1048576K
[10.804s][debug  ][gc,task,time   ] GC(38) VM-Thread 107910053 108015965 108037110
[10.804s][debug  ][gc,phases,start] GC(39) Pre Compact
[10.804s][debug  ][gc,heap        ] GC(39) Heap before GC invocations=40 (full 6):
[10.804s][debug  ][gc,heap        ] GC(39)  PSYoungGen      total 230400K, used 30720K [0x00000007f0000000, 0x0000000800000000, 0x0000000800000000)
[10.804s][debug  ][gc,heap        ] GC(39)   eden space 198656K, 0% used [0x00000007f0000000,0x00000007f0000000,0x00000007fc200000)
[10.804s][debug  ][gc,heap        ] GC(39)   from space 31744K, 96% used [0x00000007fc200000,0x00000007fe000030,0x00000007fe100000)
[10.804s][debug  ][gc,heap        ] GC(39)   to   space 31744K, 0% used [0x00000007fe100000,0x00000007fe100000,0x0000000800000000)
[10.804s][debug  ][gc,heap        ] GC(39)  ParOldGen       total 1267712K, used 1056356K [0x0000000740000000, 0x000000078d600000, 0x00000007f0000000)
[10.804s][debug  ][gc,heap        ] GC(39)   object space 1267712K, 83% used [0x0000000740000000,0x0000000780799268,0x000000078d600000)
[10.804s][debug  ][gc,heap        ] GC(39)  Metaspace       used 1018K, committed 1152K, reserved 1056768K
[10.804s][debug  ][gc,heap        ] GC(39)   class space    used 83K, committed 192K, reserved 1048576K
[10.804s][debug  ][gc,phases      ] GC(39) Pre Compact 0.242ms
[10.804s][info   ][gc,start       ] GC(39) Pause Full (Ergonomics)
[10.804s][info   ][gc,phases,start] GC(39) Marking Phase
[10.804s][debug  ][gc,phases,start] GC(39) Par Mark
[10.805s][debug  ][gc,phases      ] GC(39) Par Mark 0.607ms
[10.805s][debug  ][gc,phases,start] GC(39) Reference Processing
[10.805s][debug  ][gc,ref         ] GC(39) Skipped phase 1 of Reference Processing: no references
[10.805s][debug  ][gc,ref         ] GC(39) ReferenceProcessor::execute queues: 1, RefProcThreadModel::Single, marks_oops_alive: false
[10.805s][debug  ][gc,ref         ] GC(39) Skipped phase 3 of Reference Processing: no references
[10.805s][debug  ][gc,ref         ] GC(39) ReferenceProcessor::execute queues: 1, RefProcThreadModel::Single, marks_oops_alive: false
[10.805s][debug  ][gc,phases,ref  ] GC(39) Reference Processing: 0.1ms
[10.805s][debug  ][gc,phases,ref  ] GC(39)   Reconsider SoftReferences: 0.0ms
[10.805s][debug  ][gc,phases,ref  ] GC(39)     SoftRef (ms):                  skipped
[10.805s][debug  ][gc,phases,ref  ] GC(39)   Notify Soft/WeakReferences: 0.0ms
[10.805s][debug  ][gc,phases,ref  ] GC(39)     SoftRef (ms):                  Min:  0.0, Avg:  0.0, Max:  0.0, Diff:  0.0, Sum:  0.0, Workers: 10
[10.805s][debug  ][gc,phases,ref  ] GC(39)     WeakRef (ms):                  Min:  0.0, Avg:  0.0, Max:  0.0, Diff:  0.0, Sum:  0.0, Workers: 10
[10.805s][debug  ][gc,phases,ref  ] GC(39)     FinalRef (ms):                 Min:  0.0, Avg:  0.0, Max:  0.0, Diff:  0.0, Sum:  0.0, Workers: 10
[10.805s][debug  ][gc,phases,ref  ] GC(39)     Total (ms):                    Min:  0.0, Avg:  0.0, Max:  0.0, Diff:  0.0, Sum:  0.0, Workers: 10
[10.805s][debug  ][gc,phases,ref  ] GC(39)   Notify and keep alive finalizable: 0.0ms
[10.805s][debug  ][gc,phases,ref  ] GC(39)     FinalRef (ms):                 skipped
[10.805s][debug  ][gc,phases,ref  ] GC(39)   Notify PhantomReferences: 0.0ms
[10.805s][debug  ][gc,phases,ref  ] GC(39)     PhantomRef (ms):               Min:  0.0, Avg:  0.0, Max:  0.0, Diff:  0.0, Sum:  0.0, Workers: 10
[10.805s][debug  ][gc,phases,ref  ] GC(39)   SoftReference:
[10.805s][debug  ][gc,phases,ref  ] GC(39)     Discovered: 0
[10.805s][debug  ][gc,phases,ref  ] GC(39)     Cleared: 0
[10.805s][debug  ][gc,phases,ref  ] GC(39)   WeakReference:
[10.805s][debug  ][gc,phases,ref  ] GC(39)     Discovered: 81
[10.805s][debug  ][gc,phases,ref  ] GC(39)     Cleared: 81
[10.805s][debug  ][gc,phases,ref  ] GC(39)   FinalReference:
[10.805s][debug  ][gc,phases,ref  ] GC(39)     Discovered: 0
[10.805s][debug  ][gc,phases,ref  ] GC(39)     Cleared: 0
[10.805s][debug  ][gc,phases,ref  ] GC(39)   PhantomReference:
[10.805s][debug  ][gc,phases,ref  ] GC(39)     Discovered: 3
[10.805s][debug  ][gc,phases,ref  ] GC(39)     Cleared: 3
[10.805s][debug  ][gc,phases      ] GC(39) Reference Processing 0.698ms
[10.805s][debug  ][gc,phases,start] GC(39) Weak Processing
[10.805s][debug  ][gc,phases      ] GC(39)   VM Weak                        Min:  0.0, Avg:  0.0, Max:  0.0, Diff:  0.0, Sum:  0.0, Workers: 6
[10.806s][debug  ][gc,phases      ] GC(39)     Dead                           Min: 0, Avg:  0.0, Max: 0, Diff: 0, Sum: 0, Workers: 6
[10.806s][debug  ][gc,phases      ] GC(39)     Total                          Min: 0, Avg:  1.3, Max: 8, Diff: 8, Sum: 8, Workers: 6
[10.806s][debug  ][gc,phases      ] GC(39)   ObjectSynchronizer Weak        Min:  0.0, Avg:  0.0, Max:  0.0, Diff:  0.0, Sum:  0.0, Workers: 6
[10.806s][debug  ][gc,phases      ] GC(39)     Dead                           Min: 0, Avg:  0.0, Max: 0, Diff: 0, Sum: 0, Workers: 6
[10.806s][debug  ][gc,phases      ] GC(39)     Total                          Min: 0, Avg:  0.5, Max: 3, Diff: 3, Sum: 3, Workers: 6
[10.806s][debug  ][gc,phases      ] GC(39)   JVMTI Tag Weak OopStorage      Min:  0.0, Avg:  0.0, Max:  0.0, Diff:  0.0, Sum:  0.0, Workers: 6
[10.806s][debug  ][gc,phases      ] GC(39)     Dead                           Min: 0, Avg:  0.0, Max: 0, Diff: 0, Sum: 0, Workers: 6
[10.806s][debug  ][gc,phases      ] GC(39)     Total                          Min: 0, Avg:  0.0, Max: 0, Diff: 0, Sum: 0, Workers: 6
[10.806s][debug  ][gc,phases      ] GC(39)   StringTable Weak               Min:  0.0, Avg:  0.0, Max:  0.0, Diff:  0.0, Sum:  0.1, Workers: 6
[10.806s][debug  ][gc,phases      ] GC(39)     Dead                           Min: 0, Avg:  0.0, Max: 0, Diff: 0, Sum: 0, Workers: 6
[10.806s][debug  ][gc,phases      ] GC(39)     Total                          Min: 575, Avg: 892.5, Max: 1472, Diff: 897, Sum: 5355, Workers: 6
[10.806s][debug  ][gc,phases      ] GC(39)   ResolvedMethodTable Weak       Min:  0.0, Avg:  0.0, Max:  0.0, Diff:  0.0, Sum:  0.0, Workers: 6
[10.806s][debug  ][gc,phases      ] GC(39)     Dead                           Min: 0, Avg:  0.0, Max: 0, Diff: 0, Sum: 0, Workers: 6
[10.806s][debug  ][gc,phases      ] GC(39)     Total                          Min: 0, Avg: 21.7, Max: 64, Diff: 64, Sum: 130, Workers: 6
[10.806s][debug  ][gc,phases      ] GC(39)   JNI Weak                       Min:  0.0, Avg:  0.0, Max:  0.0, Diff:  0.0, Sum:  0.0, Workers: 6
[10.806s][debug  ][gc,phases      ] GC(39)     Dead                           Min: 0, Avg:  0.0, Max: 0, Diff: 0, Sum: 0, Workers: 6
[10.806s][debug  ][gc,phases      ] GC(39)     Total                          Min: 0, Avg:  0.0, Max: 0, Diff: 0, Sum: 0, Workers: 6
[10.806s][debug  ][gc,phases      ] GC(39)   StringDedup Table Weak         Min:  0.0, Avg:  0.0, Max:  0.0, Diff:  0.0, Sum:  0.0, Workers: 6
[10.806s][debug  ][gc,phases      ] GC(39)     Dead                           Min: 0, Avg:  0.0, Max: 0, Diff: 0, Sum: 0, Workers: 6
[10.806s][debug  ][gc,phases      ] GC(39)     Total                          Min: 0, Avg:  0.0, Max: 0, Diff: 0, Sum: 0, Workers: 6
[10.806s][debug  ][gc,phases      ] GC(39)   StringDedup Requests0 Weak     Min:  0.0, Avg:  0.0, Max:  0.0, Diff:  0.0, Sum:  0.0, Workers: 6
[10.806s][debug  ][gc,phases      ] GC(39)     Dead                           Min: 0, Avg:  0.0, Max: 0, Diff: 0, Sum: 0, Workers: 6
[10.806s][debug  ][gc,phases      ] GC(39)     Total                          Min: 0, Avg:  0.0, Max: 0, Diff: 0, Sum: 0, Workers: 6
[10.806s][debug  ][gc,phases      ] GC(39)   StringDedup Requests1 Weak     Min:  0.0, Avg:  0.0, Max:  0.0, Diff:  0.0, Sum:  0.0, Workers: 6
[10.806s][debug  ][gc,phases      ] GC(39)     Dead                           Min: 0, Avg:  0.0, Max: 0, Diff: 0, Sum: 0, Workers: 6
[10.806s][debug  ][gc,phases      ] GC(39)     Total                          Min: 0, Avg:  0.0, Max: 0, Diff: 0, Sum: 0, Workers: 6
[10.806s][debug  ][gc,phases      ] GC(39)   Weak JFR Old Object Samples    Min:  0.0, Avg:  0.0, Max:  0.0, Diff:  0.0, Sum:  0.0, Workers: 6
[10.806s][debug  ][gc,phases      ] GC(39)     Dead                           Min: 0, Avg:  0.0, Max: 0, Diff: 0, Sum: 0, Workers: 6
[10.806s][debug  ][gc,phases      ] GC(39)     Total                          Min: 0, Avg:  0.0, Max: 0, Diff: 0, Sum: 0, Workers: 6
[10.806s][debug  ][gc,phases      ] GC(39) Weak Processing 0.832ms
[10.806s][debug  ][gc,phases,start] GC(39) Class Unloading
[10.806s][debug  ][gc,phases,start] GC(39) ClassLoaderData
[10.806s][debug  ][gc,phases      ] GC(39) ClassLoaderData 0.031ms
[10.806s][debug  ][gc,phases,start] GC(39) Trigger cleanups
[10.806s][debug  ][gc,phases      ] GC(39) Trigger cleanups 0.022ms
[10.807s][debug  ][gc,phases      ] GC(39) Class Unloading 0.364ms
[10.807s][info   ][gc,phases      ] GC(39) Marking Phase 2.665ms
[10.807s][info   ][gc,phases,start] GC(39) Summary Phase
[10.807s][info   ][gc,phases      ] GC(39) Summary Phase 0.036ms
[10.807s][info   ][gc,phases,start] GC(39) Adjust Roots
[10.807s][info   ][gc,phases      ] GC(39) Adjust Roots 0.182ms
[10.807s][info   ][gc,phases,start] GC(39) Compaction Phase
[10.823s][info   ][gc,phases      ] GC(39) Compaction Phase 15.639ms
[10.823s][info   ][gc,phases,start] GC(39) Post Compact
[10.826s][info   ][gc,phases      ] GC(39) Post Compact 3.632ms
[10.827s][debug  ][gc,ergo        ] GC(39) AdaptiveSizeStart: collection: 40 
[10.827s][debug  ][gc,ergo        ] GC(39) PSAdaptiveSizePolicy::compute_eden_space_size limits: desired_eden_size: 233627367 old_eden_size: 203423744 eden_limit: 203423744 cur_eden: 203423744 max_eden_size: 203423744 avg_young_live: 24157030
[10.827s][debug  ][gc,ergo        ] GC(39) PSAdaptiveSizePolicy::compute_eden_space_size: costs minor_time: 0.045667 major_cost: 0.031226 mutator_cost: 0.923107 throughput_goal: 0.990000
[10.827s][debug  ][gc,ergo        ] GC(39) Live_space: 945831808 free_space: 848822272
[10.827s][debug  ][gc,ergo        ] GC(39) Old eden_size: 203423744 desired_eden_size: 203423744
[10.827s][debug  ][gc,ergo        ] GC(39) PSAdaptiveSizePolicy::compute_old_gen_free_space: costs minor_time: 0.045667 major_cost: 0.031226  mutator_cost: 0.923107 throughput_goal: 0.990000
[10.827s][debug  ][gc,ergo        ] GC(39) Live_space: 865069568 free_space: 848822272
[10.827s][debug  ][gc,ergo        ] GC(39) Old promo_size: 645398528 desired_promo_size: 750780416
[10.834s][debug  ][gc             ] GC(39) Shrinking ParOldGen from 1267712K by 147456K to 1120256K
[10.834s][debug  ][gc,ergo        ] GC(39) AdaptiveSizeStop: collection: 40 
[10.834s][info   ][gc,heap        ] GC(39) PSYoungGen: 30720K(230400K)->0K(230400K) Eden: 0K(198656K)->0K(198656K) From: 30720K(31744K)->0K(31744K)
[10.834s][info   ][gc,heap        ] GC(39) ParOldGen: 1056356K(1267712K)->144995K(1120256K)
[10.834s][info   ][gc,metaspace   ] GC(39) Metaspace: 1018K(1152K)->1018K(1152K) NonClass: 935K(960K)->935K(960K) Class: 83K(192K)->83K(192K)
[10.834s][info   ][gc             ] GC(39) Pause Full (Ergonomics) 1061M->141M(1319M) 30.163ms
[10.834s][info   ][gc,cpu         ] GC(39) User=0.16s Sys=0.02s Real=0.03s
[10.834s][debug  ][gc,heap        ] GC(39) Heap after GC invocations=40 (full 6):
[10.834s][debug  ][gc,heap        ] GC(39)  PSYoungGen      total 230400K, used 0K [0x00000007f0000000, 0x0000000800000000, 0x0000000800000000)
[10.834s][debug  ][gc,heap        ] GC(39)   eden space 198656K, 0% used [0x00000007f0000000,0x00000007f0000000,0x00000007fc200000)
[10.834s][debug  ][gc,heap        ] GC(39)   from space 31744K, 0% used [0x00000007fe100000,0x00000007fe100000,0x0000000800000000)
[10.834s][debug  ][gc,heap        ] GC(39)   to   space 31744K, 0% used [0x00000007fc200000,0x00000007fc200000,0x00000007fe100000)
[10.834s][debug  ][gc,heap        ] GC(39)  ParOldGen       total 1120256K, used 144995K [0x0000000740000000, 0x0000000784600000, 0x00000007f0000000)
[10.834s][debug  ][gc,heap        ] GC(39)   object space 1120256K, 12% used [0x0000000740000000,0x0000000748d98cd8,0x0000000784600000)
[10.834s][debug  ][gc,heap        ] GC(39)  Metaspace       used 1018K, committed 1152K, reserved 1056768K
[10.834s][debug  ][gc,heap        ] GC(39)   class space    used 83K, committed 192K, reserved 1048576K
[10.834s][debug  ][gc,task,time   ] GC(39) VM-Thread 108040350 108070291 108342201
[11.140s][debug  ][gc,heap        ] GC(40) Heap before GC invocations=41 (full 6):
[11.140s][debug  ][gc,heap        ] GC(40)  PSYoungGen      total 230400K, used 198431K [0x00000007f0000000, 0x0000000800000000, 0x0000000800000000)
[11.140s][debug  ][gc,heap        ] GC(40)   eden space 198656K, 99% used [0x00000007f0000000,0x00000007fc1c7d30,0x00000007fc200000)
[11.140s][debug  ][gc,heap        ] GC(40)   from space 31744K, 0% used [0x00000007fe100000,0x00000007fe100000,0x0000000800000000)
[11.140s][debug  ][gc,heap        ] GC(40)   to   space 31744K, 0% used [0x00000007fc200000,0x00000007fc200000,0x00000007fe100000)
[11.140s][debug  ][gc,heap        ] GC(40)  ParOldGen       total 1120256K, used 144995K [0x0000000740000000, 0x0000000784600000, 0x00000007f0000000)
[11.140s][debug  ][gc,heap        ] GC(40)   object space 1120256K, 12% used [0x0000000740000000,0x0000000748d98cd8,0x0000000784600000)
[11.141s][debug  ][gc,heap        ] GC(40)  Metaspace       used 1018K, committed 1152K, reserved 1056768K
[11.141s][debug  ][gc,heap        ] GC(40)   class space    used 83K, committed 192K, reserved 1048576K
[11.141s][debug  ][gc,tlab        ] GC(40) TLAB totals: thrds: 1  refills: 1 max: 1 slow allocs: 18 max 18 waste: 27.4% gc: 3963904B max: 3963904B slow: 0B max: 0B
[11.141s][info   ][gc,start       ] GC(40) Pause Young (Allocation Failure)
[11.141s][debug  ][gc,phases,start] GC(40) Scavenge
[11.154s][debug  ][gc,phases      ] GC(40) Scavenge 13.454ms
[11.154s][debug  ][gc,phases,start] GC(40) Reference Processing
[11.154s][debug  ][gc,ref         ] GC(40) Skipped phase 1 of Reference Processing: no references
[11.154s][debug  ][gc,ref         ] GC(40) Skipped phase 2 of Reference Processing: no references
[11.154s][debug  ][gc,ref         ] GC(40) Skipped phase 3 of Reference Processing: no references
[11.154s][debug  ][gc,ref         ] GC(40) Skipped phase 4 of Reference Processing: no references
[11.154s][debug  ][gc,phases,ref  ] GC(40) Reference Processing: 0.1ms
[11.154s][debug  ][gc,phases,ref  ] GC(40)   Reconsider SoftReferences: 0.0ms
[11.154s][debug  ][gc,phases,ref  ] GC(40)     SoftRef (ms):                  skipped
[11.154s][debug  ][gc,phases,ref  ] GC(40)   Notify Soft/WeakReferences: 0.0ms
[11.154s][debug  ][gc,phases,ref  ] GC(40)     SoftRef (ms):                  skipped
[11.154s][debug  ][gc,phases,ref  ] GC(40)     WeakRef (ms):                  skipped
[11.155s][debug  ][gc,phases,ref  ] GC(40)     FinalRef (ms):                 skipped
[11.155s][debug  ][gc,phases,ref  ] GC(40)     Total (ms):                    skipped
[11.155s][debug  ][gc,phases,ref  ] GC(40)   Notify and keep alive finalizable: 0.0ms
[11.155s][debug  ][gc,phases,ref  ] GC(40)     FinalRef (ms):                 skipped
[11.155s][debug  ][gc,phases,ref  ] GC(40)   Notify PhantomReferences: 0.0ms
[11.155s][debug  ][gc,phases,ref  ] GC(40)     PhantomRef (ms):               skipped
[11.155s][debug  ][gc,phases,ref  ] GC(40)   SoftReference:
[11.155s][debug  ][gc,phases,ref  ] GC(40)     Discovered: 0
[11.155s][debug  ][gc,phases,ref  ] GC(40)     Cleared: 0
[11.155s][debug  ][gc,phases,ref  ] GC(40)   WeakReference:
[11.155s][debug  ][gc,phases,ref  ] GC(40)     Discovered: 0
[11.155s][debug  ][gc,phases,ref  ] GC(40)     Cleared: 0
[11.155s][debug  ][gc,phases,ref  ] GC(40)   FinalReference:
[11.155s][debug  ][gc,phases,ref  ] GC(40)     Discovered: 0
[11.155s][debug  ][gc,phases,ref  ] GC(40)     Cleared: 0
[11.155s][debug  ][gc,phases,ref  ] GC(40)   PhantomReference:
[11.155s][debug  ][gc,phases,ref  ] GC(40)     Discovered: 0
[11.155s][debug  ][gc,phases,ref  ] GC(40)     Cleared: 0
[11.155s][debug  ][gc,phases      ] GC(40) Reference Processing 0.677ms
[11.155s][debug  ][gc,phases,start] GC(40) Weak Processing
[11.155s][debug  ][gc,phases      ] GC(40)   VM Weak                        Min:  0.0, Avg:  0.0, Max:  0.0, Diff:  0.0, Sum:  0.0, Workers: 6
[11.155s][debug  ][gc,phases      ] GC(40)     Dead                           Min: 0, Avg:  0.0, Max: 0, Diff: 0, Sum: 0, Workers: 6
[11.155s][debug  ][gc,phases      ] GC(40)     Total                          Min: 0, Avg:  1.3, Max: 8, Diff: 8, Sum: 8, Workers: 6
[11.155s][debug  ][gc,phases      ] GC(40)   ObjectSynchronizer Weak        Min:  0.0, Avg:  0.0, Max:  0.0, Diff:  0.0, Sum:  0.0, Workers: 6
[11.155s][debug  ][gc,phases      ] GC(40)     Dead                           Min: 0, Avg:  0.0, Max: 0, Diff: 0, Sum: 0, Workers: 6
[11.155s][debug  ][gc,phases      ] GC(40)     Total                          Min: 0, Avg:  0.5, Max: 3, Diff: 3, Sum: 3, Workers: 6
[11.155s][debug  ][gc,phases      ] GC(40)   JVMTI Tag Weak OopStorage      Min:  0.0, Avg:  0.0, Max:  0.0, Diff:  0.0, Sum:  0.0, Workers: 6
[11.155s][debug  ][gc,phases      ] GC(40)     Dead                           Min: 0, Avg:  0.0, Max: 0, Diff: 0, Sum: 0, Workers: 6
[11.155s][debug  ][gc,phases      ] GC(40)     Total                          Min: 0, Avg:  0.0, Max: 0, Diff: 0, Sum: 0, Workers: 6
[11.155s][debug  ][gc,phases      ] GC(40)   StringTable Weak               Min:  0.0, Avg:  0.0, Max:  0.0, Diff:  0.0, Sum:  0.0, Workers: 6
[11.155s][debug  ][gc,phases      ] GC(40)     Dead                           Min: 0, Avg:  0.0, Max: 0, Diff: 0, Sum: 0, Workers: 6
[11.155s][debug  ][gc,phases      ] GC(40)     Total                          Min: 703, Avg: 892.5, Max: 1088, Diff: 385, Sum: 5355, Workers: 6
[11.155s][debug  ][gc,phases      ] GC(40)   ResolvedMethodTable Weak       Min:  0.0, Avg:  0.0, Max:  0.0, Diff:  0.0, Sum:  0.0, Workers: 6
[11.155s][debug  ][gc,phases      ] GC(40)     Dead                           Min: 0, Avg:  0.0, Max: 0, Diff: 0, Sum: 0, Workers: 6
[11.155s][debug  ][gc,phases      ] GC(40)     Total                          Min: 0, Avg: 21.7, Max: 64, Diff: 64, Sum: 130, Workers: 6
[11.155s][debug  ][gc,phases      ] GC(40)   JNI Weak                       Min:  0.0, Avg:  0.0, Max:  0.0, Diff:  0.0, Sum:  0.0, Workers: 6
[11.156s][debug  ][gc,phases      ] GC(40)     Dead                           Min: 0, Avg:  0.0, Max: 0, Diff: 0, Sum: 0, Workers: 6
[11.156s][debug  ][gc,phases      ] GC(40)     Total                          Min: 0, Avg:  0.0, Max: 0, Diff: 0, Sum: 0, Workers: 6
[11.156s][debug  ][gc,phases      ] GC(40)   StringDedup Table Weak         Min:  0.0, Avg:  0.0, Max:  0.0, Diff:  0.0, Sum:  0.0, Workers: 6
[11.156s][debug  ][gc,phases      ] GC(40)     Dead                           Min: 0, Avg:  0.0, Max: 0, Diff: 0, Sum: 0, Workers: 6
[11.156s][debug  ][gc,phases      ] GC(40)     Total                          Min: 0, Avg:  0.0, Max: 0, Diff: 0, Sum: 0, Workers: 6
[11.156s][debug  ][gc,phases      ] GC(40)   StringDedup Requests0 Weak     Min:  0.0, Avg:  0.0, Max:  0.0, Diff:  0.0, Sum:  0.0, Workers: 6
[11.156s][debug  ][gc,phases      ] GC(40)     Dead                           Min: 0, Avg:  0.0, Max: 0, Diff: 0, Sum: 0, Workers: 6
[11.156s][debug  ][gc,phases      ] GC(40)     Total                          Min: 0, Avg:  0.0, Max: 0, Diff: 0, Sum: 0, Workers: 6
[11.156s][debug  ][gc,phases      ] GC(40)   StringDedup Requests1 Weak     Min:  0.0, Avg:  0.0, Max:  0.0, Diff:  0.0, Sum:  0.0, Workers: 6
[11.156s][debug  ][gc,phases      ] GC(40)     Dead                           Min: 0, Avg:  0.0, Max: 0, Diff: 0, Sum: 0, Workers: 6
[11.156s][debug  ][gc,phases      ] GC(40)     Total                          Min: 0, Avg:  0.0, Max: 0, Diff: 0, Sum: 0, Workers: 6
[11.156s][debug  ][gc,phases      ] GC(40)   Weak JFR Old Object Samples    Min:  0.0, Avg:  0.0, Max:  0.0, Diff:  0.0, Sum:  0.0, Workers: 6
[11.156s][debug  ][gc,phases      ] GC(40)     Dead                           Min: 0, Avg:  0.0, Max: 0, Diff: 0, Sum: 0, Workers: 6
[11.156s][debug  ][gc,phases      ] GC(40)     Total                          Min: 0, Avg:  0.0, Max: 0, Diff: 0, Sum: 0, Workers: 6
[11.156s][debug  ][gc,phases      ] GC(40) Weak Processing 0.992ms
[11.156s][debug  ][gc,ergo        ] GC(40) AdaptiveSizeStart:  collection: 41 
[11.156s][debug  ][gc,ergo        ] GC(40) avg_survived_padded_avg: 32148926.000000
[11.156s][debug  ][gc,ergo        ] GC(40) avg_promoted_padded_avg: 241341936.000000  avg_pretenured_padded_avg: 0.000000  tenuring_thresh: 1  target_size: 32505856
[11.156s][debug  ][gc,age         ] GC(40) Desired survivor size 32505856 bytes, new threshold 1 (max threshold 15)
[11.156s][debug  ][gc,ergo        ] GC(40) PSAdaptiveSizePolicy::compute_eden_space_size limits: desired_eden_size: 233464252 old_eden_size: 203423744 eden_limit: 203423744 cur_eden: 203423744 max_eden_size: 203423744 avg_young_live: 24887060
[11.156s][debug  ][gc,ergo        ] GC(40) PSAdaptiveSizePolicy::compute_eden_space_size: costs minor_time: 0.045065 major_cost: 0.031226 mutator_cost: 0.923709 throughput_goal: 0.990000
[11.156s][debug  ][gc,ergo        ] GC(40) Live_space: 865799552 free_space: 954204160
[11.156s][debug  ][gc,ergo        ] GC(40) Old eden_size: 203423744 desired_eden_size: 203423744
[11.156s][debug  ][gc,ergo        ] GC(40) AdaptiveSizeStop: collection: 41 
[11.156s][info   ][gc,heap        ] GC(40) PSYoungGen: 198431K(230400K)->30720K(230400K) Eden: 198431K(198656K)->0K(198656K) From: 0K(31744K)->30720K(31744K)
[11.156s][info   ][gc,heap        ] GC(40) ParOldGen: 144995K(1120256K)->308835K(1120256K)
[11.156s][info   ][gc,metaspace   ] GC(40) Metaspace: 1018K(1152K)->1018K(1152K) NonClass: 935K(960K)->935K(960K) Class: 83K(192K)->83K(192K)
[11.156s][info   ][gc             ] GC(40) Pause Young (Allocation Failure) 335M->331M(1319M) 15.669ms
[11.156s][info   ][gc,cpu         ] GC(40) User=0.16s Sys=0.00s Real=0.02s
[11.156s][debug  ][gc,heap        ] GC(40) Heap after GC invocations=41 (full 6):
[11.156s][debug  ][gc,heap        ] GC(40)  PSYoungGen      total 230400K, used 30720K [0x00000007f0000000, 0x0000000800000000, 0x0000000800000000)
[11.156s][debug  ][gc,heap        ] GC(40)   eden space 198656K, 0% used [0x00000007f0000000,0x00000007f0000000,0x00000007fc200000)
[11.156s][debug  ][gc,heap        ] GC(40)   from space 31744K, 96% used [0x00000007fc200000,0x00000007fe000030,0x00000007fe100000)
[11.156s][debug  ][gc,heap        ] GC(40)   to   space 31744K, 0% used [0x00000007fe100000,0x00000007fe100000,0x0000000800000000)
[11.156s][debug  ][gc,heap        ] GC(40)  ParOldGen       total 1120256K, used 308835K [0x0000000740000000, 0x0000000784600000, 0x00000007f0000000)
[11.157s][debug  ][gc,heap        ] GC(40)   object space 1120256K, 27% used [0x0000000740000000,0x0000000752d98dd8,0x0000000784600000)
[11.157s][debug  ][gc,heap        ] GC(40)  Metaspace       used 1018K, committed 1152K, reserved 1056768K
[11.157s][debug  ][gc,heap        ] GC(40)   class space    used 83K, committed 192K, reserved 1048576K
[11.157s][debug  ][gc,task,time   ] GC(40) VM-Thread 111402007 111542362 111565855
[11.459s][debug  ][gc,heap        ] GC(41) Heap before GC invocations=42 (full 6):
[11.459s][debug  ][gc,heap        ] GC(41)  PSYoungGen      total 230400K, used 229088K [0x00000007f0000000, 0x0000000800000000, 0x0000000800000000)
[11.460s][debug  ][gc,heap        ] GC(41)   eden space 198656K, 99% used [0x00000007f0000000,0x00000007fc1b8098,0x00000007fc200000)
[11.460s][debug  ][gc,heap        ] GC(41)   from space 31744K, 96% used [0x00000007fc200000,0x00000007fe000030,0x00000007fe100000)
[11.460s][debug  ][gc,heap        ] GC(41)   to   space 31744K, 0% used [0x00000007fe100000,0x00000007fe100000,0x0000000800000000)
[11.460s][debug  ][gc,heap        ] GC(41)  ParOldGen       total 1120256K, used 308835K [0x0000000740000000, 0x0000000784600000, 0x00000007f0000000)
[11.460s][debug  ][gc,heap        ] GC(41)   object space 1120256K, 27% used [0x0000000740000000,0x0000000752d98dd8,0x0000000784600000)
[11.460s][debug  ][gc,heap        ] GC(41)  Metaspace       used 1018K, committed 1152K, reserved 1056768K
[11.460s][debug  ][gc,heap        ] GC(41)   class space    used 83K, committed 192K, reserved 1048576K
[11.460s][debug  ][gc,tlab        ] GC(41) TLAB totals: thrds: 1  refills: 1 max: 1 slow allocs: 18 max 18 waste: 27.1% gc: 3899240B max: 3899240B slow: 0B max: 0B
[11.460s][info   ][gc,start       ] GC(41) Pause Young (Allocation Failure)
[11.460s][debug  ][gc,phases,start] GC(41) Scavenge
[11.475s][debug  ][gc,phases      ] GC(41) Scavenge 15.443ms
[11.475s][debug  ][gc,phases,start] GC(41) Reference Processing
[11.475s][debug  ][gc,ref         ] GC(41) Skipped phase 1 of Reference Processing: no references
[11.475s][debug  ][gc,ref         ] GC(41) Skipped phase 2 of Reference Processing: no references
[11.475s][debug  ][gc,ref         ] GC(41) Skipped phase 3 of Reference Processing: no references
[11.475s][debug  ][gc,ref         ] GC(41) Skipped phase 4 of Reference Processing: no references
[11.476s][debug  ][gc,phases,ref  ] GC(41) Reference Processing: 0.1ms
[11.476s][debug  ][gc,phases,ref  ] GC(41)   Reconsider SoftReferences: 0.0ms
[11.476s][debug  ][gc,phases,ref  ] GC(41)     SoftRef (ms):                  skipped
[11.476s][debug  ][gc,phases,ref  ] GC(41)   Notify Soft/WeakReferences: 0.0ms
[11.476s][debug  ][gc,phases,ref  ] GC(41)     SoftRef (ms):                  skipped
[11.476s][debug  ][gc,phases,ref  ] GC(41)     WeakRef (ms):                  skipped
[11.476s][debug  ][gc,phases,ref  ] GC(41)     FinalRef (ms):                 skipped
[11.476s][debug  ][gc,phases,ref  ] GC(41)     Total (ms):                    skipped
[11.476s][debug  ][gc,phases,ref  ] GC(41)   Notify and keep alive finalizable: 0.0ms
[11.476s][debug  ][gc,phases,ref  ] GC(41)     FinalRef (ms):                 skipped
[11.476s][debug  ][gc,phases,ref  ] GC(41)   Notify PhantomReferences: 0.0ms
[11.476s][debug  ][gc,phases,ref  ] GC(41)     PhantomRef (ms):               skipped
[11.476s][debug  ][gc,phases,ref  ] GC(41)   SoftReference:
[11.476s][debug  ][gc,phases,ref  ] GC(41)     Discovered: 0
[11.476s][debug  ][gc,phases,ref  ] GC(41)     Cleared: 0
[11.476s][debug  ][gc,phases,ref  ] GC(41)   WeakReference:
[11.476s][debug  ][gc,phases,ref  ] GC(41)     Discovered: 0
[11.476s][debug  ][gc,phases,ref  ] GC(41)     Cleared: 0
[11.476s][debug  ][gc,phases,ref  ] GC(41)   FinalReference:
[11.476s][debug  ][gc,phases,ref  ] GC(41)     Discovered: 0
[11.476s][debug  ][gc,phases,ref  ] GC(41)     Cleared: 0
[11.476s][debug  ][gc,phases,ref  ] GC(41)   PhantomReference:
[11.476s][debug  ][gc,phases,ref  ] GC(41)     Discovered: 0
[11.476s][debug  ][gc,phases,ref  ] GC(41)     Cleared: 0
[11.476s][debug  ][gc,phases      ] GC(41) Reference Processing 0.716ms
[11.476s][debug  ][gc,phases,start] GC(41) Weak Processing
[11.476s][debug  ][gc,phases      ] GC(41)   VM Weak                        Min:  0.0, Avg:  0.0, Max:  0.0, Diff:  0.0, Sum:  0.0, Workers: 6
[11.476s][debug  ][gc,phases      ] GC(41)     Dead                           Min: 0, Avg:  0.0, Max: 0, Diff: 0, Sum: 0, Workers: 6
[11.476s][debug  ][gc,phases      ] GC(41)     Total                          Min: 0, Avg:  1.3, Max: 8, Diff: 8, Sum: 8, Workers: 6
[11.476s][debug  ][gc,phases      ] GC(41)   ObjectSynchronizer Weak        Min:  0.0, Avg:  0.0, Max:  0.0, Diff:  0.0, Sum:  0.0, Workers: 6
[11.476s][debug  ][gc,phases      ] GC(41)     Dead                           Min: 0, Avg:  0.0, Max: 0, Diff: 0, Sum: 0, Workers: 6
[11.476s][debug  ][gc,phases      ] GC(41)     Total                          Min: 0, Avg:  0.5, Max: 3, Diff: 3, Sum: 3, Workers: 6
[11.476s][debug  ][gc,phases      ] GC(41)   JVMTI Tag Weak OopStorage      Min:  0.0, Avg:  0.0, Max:  0.0, Diff:  0.0, Sum:  0.0, Workers: 6
[11.476s][debug  ][gc,phases      ] GC(41)     Dead                           Min: 0, Avg:  0.0, Max: 0, Diff: 0, Sum: 0, Workers: 6
[11.476s][debug  ][gc,phases      ] GC(41)     Total                          Min: 0, Avg:  0.0, Max: 0, Diff: 0, Sum: 0, Workers: 6
[11.476s][debug  ][gc,phases      ] GC(41)   StringTable Weak               Min:  0.0, Avg:  0.0, Max:  0.0, Diff:  0.0, Sum:  0.0, Workers: 6
[11.476s][debug  ][gc,phases      ] GC(41)     Dead                           Min: 0, Avg:  0.0, Max: 0, Diff: 0, Sum: 0, Workers: 6
[11.476s][debug  ][gc,phases      ] GC(41)     Total                          Min: 704, Avg: 892.5, Max: 1024, Diff: 320, Sum: 5355, Workers: 6
[11.476s][debug  ][gc,phases      ] GC(41)   ResolvedMethodTable Weak       Min:  0.0, Avg:  0.0, Max:  0.0, Diff:  0.0, Sum:  0.0, Workers: 6
[11.476s][debug  ][gc,phases      ] GC(41)     Dead                           Min: 0, Avg:  0.0, Max: 0, Diff: 0, Sum: 0, Workers: 6
[11.476s][debug  ][gc,phases      ] GC(41)     Total                          Min: 0, Avg: 21.7, Max: 64, Diff: 64, Sum: 130, Workers: 6
[11.476s][debug  ][gc,phases      ] GC(41)   JNI Weak                       Min:  0.0, Avg:  0.0, Max:  0.0, Diff:  0.0, Sum:  0.0, Workers: 6
[11.477s][debug  ][gc,phases      ] GC(41)     Dead                           Min: 0, Avg:  0.0, Max: 0, Diff: 0, Sum: 0, Workers: 6
[11.477s][debug  ][gc,phases      ] GC(41)     Total                          Min: 0, Avg:  0.0, Max: 0, Diff: 0, Sum: 0, Workers: 6
[11.477s][debug  ][gc,phases      ] GC(41)   StringDedup Table Weak         Min:  0.0, Avg:  0.0, Max:  0.0, Diff:  0.0, Sum:  0.0, Workers: 6
[11.477s][debug  ][gc,phases      ] GC(41)     Dead                           Min: 0, Avg:  0.0, Max: 0, Diff: 0, Sum: 0, Workers: 6
[11.477s][debug  ][gc,phases      ] GC(41)     Total                          Min: 0, Avg:  0.0, Max: 0, Diff: 0, Sum: 0, Workers: 6
[11.477s][debug  ][gc,phases      ] GC(41)   StringDedup Requests0 Weak     Min:  0.0, Avg:  0.0, Max:  0.0, Diff:  0.0, Sum:  0.0, Workers: 6
[11.477s][debug  ][gc,phases      ] GC(41)     Dead                           Min: 0, Avg:  0.0, Max: 0, Diff: 0, Sum: 0, Workers: 6
[11.477s][debug  ][gc,phases      ] GC(41)     Total                          Min: 0, Avg:  0.0, Max: 0, Diff: 0, Sum: 0, Workers: 6
[11.477s][debug  ][gc,phases      ] GC(41)   StringDedup Requests1 Weak     Min:  0.0, Avg:  0.0, Max:  0.0, Diff:  0.0, Sum:  0.0, Workers: 6
[11.477s][debug  ][gc,phases      ] GC(41)     Dead                           Min: 0, Avg:  0.0, Max: 0, Diff: 0, Sum: 0, Workers: 6
[11.477s][debug  ][gc,phases      ] GC(41)     Total                          Min: 0, Avg:  0.0, Max: 0, Diff: 0, Sum: 0, Workers: 6
[11.477s][debug  ][gc,phases      ] GC(41)   Weak JFR Old Object Samples    Min:  0.0, Avg:  0.0, Max:  0.0, Diff:  0.0, Sum:  0.0, Workers: 6
[11.477s][debug  ][gc,phases      ] GC(41)     Dead                           Min: 0, Avg:  0.0, Max: 0, Diff: 0, Sum: 0, Workers: 6
[11.477s][debug  ][gc,phases      ] GC(41)     Total                          Min: 0, Avg:  0.0, Max: 0, Diff: 0, Sum: 0, Workers: 6
[11.477s][debug  ][gc,phases      ] GC(41) Weak Processing 0.744ms
[11.477s][debug  ][gc,ergo        ] GC(41) AdaptiveSizeStart:  collection: 42 
[11.477s][debug  ][gc,ergo        ] GC(41) avg_survived_padded_avg: 32098764.000000
[11.477s][debug  ][gc,ergo        ] GC(41) avg_promoted_padded_avg: 247200416.000000  avg_pretenured_padded_avg: 0.000000  tenuring_thresh: 1  target_size: 32505856
[11.477s][debug  ][gc,age         ] GC(41) Desired survivor size 32505856 bytes, new threshold 1 (max threshold 15)
[11.477s][debug  ][gc,ergo        ] GC(41) PSAdaptiveSizePolicy::compute_eden_space_size limits: desired_eden_size: 233996372 old_eden_size: 203423744 eden_limit: 203423744 cur_eden: 203423744 max_eden_size: 203423744 avg_young_live: 25544086
[11.477s][debug  ][gc,ergo        ] GC(41) PSAdaptiveSizePolicy::compute_eden_space_size: costs minor_time: 0.047066 major_cost: 0.031226 mutator_cost: 0.921708 throughput_goal: 0.990000
[11.477s][debug  ][gc,ergo        ] GC(41) Live_space: 866456576 free_space: 954204160
[11.477s][debug  ][gc,ergo        ] GC(41) Old eden_size: 203423744 desired_eden_size: 203423744
[11.477s][debug  ][gc,ergo        ] GC(41) AdaptiveSizeStop: collection: 42 
[11.477s][info   ][gc,heap        ] GC(41) PSYoungGen: 229088K(230400K)->30720K(230400K) Eden: 198368K(198656K)->0K(198656K) From: 30720K(31744K)->30720K(31744K)
[11.477s][info   ][gc,heap        ] GC(41) ParOldGen: 308835K(1120256K)->503395K(1120256K)
[11.477s][info   ][gc,metaspace   ] GC(41) Metaspace: 1018K(1152K)->1018K(1152K) NonClass: 935K(960K)->935K(960K) Class: 83K(192K)->83K(192K)
[11.477s][info   ][gc             ] GC(41) Pause Young (Allocation Failure) 525M->521M(1319M) 17.346ms
[11.477s][info   ][gc,cpu         ] GC(41) User=0.16s Sys=0.00s Real=0.02s
[11.477s][debug  ][gc,heap        ] GC(41) Heap after GC invocations=42 (full 6):
[11.477s][debug  ][gc,heap        ] GC(41)  PSYoungGen      total 230400K, used 30720K [0x00000007f0000000, 0x0000000800000000, 0x0000000800000000)
[11.477s][debug  ][gc,heap        ] GC(41)   eden space 198656K, 0% used [0x00000007f0000000,0x00000007f0000000,0x00000007fc200000)
[11.477s][debug  ][gc,heap        ] GC(41)   from space 31744K, 96% used [0x00000007fe100000,0x00000007fff00030,0x0000000800000000)
[11.477s][debug  ][gc,heap        ] GC(41)   to   space 31744K, 0% used [0x00000007fc200000,0x00000007fc200000,0x00000007fe100000)
[11.477s][debug  ][gc,heap        ] GC(41)  ParOldGen       total 1120256K, used 503395K [0x0000000740000000, 0x0000000784600000, 0x00000007f0000000)
[11.477s][debug  ][gc,heap        ] GC(41)   object space 1120256K, 44% used [0x0000000740000000,0x000000075eb98f08,0x0000000784600000)
[11.477s][debug  ][gc,heap        ] GC(41)  Metaspace       used 1018K, committed 1152K, reserved 1056768K
[11.477s][debug  ][gc,heap        ] GC(41)   class space    used 83K, committed 192K, reserved 1048576K
[11.477s][debug  ][gc,task,time   ] GC(41) VM-Thread 114593756 114753648 114774078
[11.777s][debug  ][gc,heap        ] GC(42) Heap before GC invocations=43 (full 6):
[11.778s][debug  ][gc,heap        ] GC(42)  PSYoungGen      total 230400K, used 229119K [0x00000007f0000000, 0x0000000800000000, 0x0000000800000000)
[11.778s][debug  ][gc,heap        ] GC(42)   eden space 198656K, 99% used [0x00000007f0000000,0x00000007fc1bfd30,0x00000007fc200000)
[11.778s][debug  ][gc,heap        ] GC(42)   from space 31744K, 96% used [0x00000007fe100000,0x00000007fff00030,0x0000000800000000)
[11.778s][debug  ][gc,heap        ] GC(42)   to   space 31744K, 0% used [0x00000007fc200000,0x00000007fc200000,0x00000007fe100000)
[11.778s][debug  ][gc,heap        ] GC(42)  ParOldGen       total 1120256K, used 503395K [0x0000000740000000, 0x0000000784600000, 0x00000007f0000000)
[11.778s][debug  ][gc,heap        ] GC(42)   object space 1120256K, 44% used [0x0000000740000000,0x000000075eb98f08,0x0000000784600000)
[11.778s][debug  ][gc,heap        ] GC(42)  Metaspace       used 1018K, committed 1152K, reserved 1056768K
[11.778s][debug  ][gc,heap        ] GC(42)   class space    used 83K, committed 192K, reserved 1048576K
[11.778s][debug  ][gc,tlab        ] GC(42) TLAB totals: thrds: 1  refills: 1 max: 1 slow allocs: 18 max 18 waste: 27.3% gc: 3931136B max: 3931136B slow: 0B max: 0B
[11.778s][info   ][gc,start       ] GC(42) Pause Young (Allocation Failure)
[11.778s][debug  ][gc,phases,start] GC(42) Scavenge
[11.794s][debug  ][gc,phases      ] GC(42) Scavenge 15.866ms
[11.794s][debug  ][gc,phases,start] GC(42) Reference Processing
[11.794s][debug  ][gc,ref         ] GC(42) Skipped phase 1 of Reference Processing: no references
[11.794s][debug  ][gc,ref         ] GC(42) Skipped phase 2 of Reference Processing: no references
[11.794s][debug  ][gc,ref         ] GC(42) Skipped phase 3 of Reference Processing: no references
[11.794s][debug  ][gc,ref         ] GC(42) Skipped phase 4 of Reference Processing: no references
[11.794s][debug  ][gc,phases,ref  ] GC(42) Reference Processing: 0.1ms
[11.794s][debug  ][gc,phases,ref  ] GC(42)   Reconsider SoftReferences: 0.0ms
[11.794s][debug  ][gc,phases,ref  ] GC(42)     SoftRef (ms):                  skipped
[11.794s][debug  ][gc,phases,ref  ] GC(42)   Notify Soft/WeakReferences: 0.0ms
[11.794s][debug  ][gc,phases,ref  ] GC(42)     SoftRef (ms):                  skipped
[11.794s][debug  ][gc,phases,ref  ] GC(42)     WeakRef (ms):                  skipped
[11.794s][debug  ][gc,phases,ref  ] GC(42)     FinalRef (ms):                 skipped
[11.794s][debug  ][gc,phases,ref  ] GC(42)     Total (ms):                    skipped
[11.794s][debug  ][gc,phases,ref  ] GC(42)   Notify and keep alive finalizable: 0.0ms
[11.794s][debug  ][gc,phases,ref  ] GC(42)     FinalRef (ms):                 skipped
[11.794s][debug  ][gc,phases,ref  ] GC(42)   Notify PhantomReferences: 0.0ms
[11.794s][debug  ][gc,phases,ref  ] GC(42)     PhantomRef (ms):               skipped
[11.794s][debug  ][gc,phases,ref  ] GC(42)   SoftReference:
[11.794s][debug  ][gc,phases,ref  ] GC(42)     Discovered: 0
[11.794s][debug  ][gc,phases,ref  ] GC(42)     Cleared: 0
[11.794s][debug  ][gc,phases,ref  ] GC(42)   WeakReference:
[11.794s][debug  ][gc,phases,ref  ] GC(42)     Discovered: 0
[11.794s][debug  ][gc,phases,ref  ] GC(42)     Cleared: 0
[11.794s][debug  ][gc,phases,ref  ] GC(42)   FinalReference:
[11.794s][debug  ][gc,phases,ref  ] GC(42)     Discovered: 0
[11.794s][debug  ][gc,phases,ref  ] GC(42)     Cleared: 0
[11.794s][debug  ][gc,phases,ref  ] GC(42)   PhantomReference:
[11.794s][debug  ][gc,phases,ref  ] GC(42)     Discovered: 0
[11.794s][debug  ][gc,phases,ref  ] GC(42)     Cleared: 0
[11.794s][debug  ][gc,phases      ] GC(42) Reference Processing 0.704ms
[11.794s][debug  ][gc,phases,start] GC(42) Weak Processing
[11.795s][debug  ][gc,phases      ] GC(42)   VM Weak                        Min:  0.0, Avg:  0.0, Max:  0.0, Diff:  0.0, Sum:  0.0, Workers: 6
[11.795s][debug  ][gc,phases      ] GC(42)     Dead                           Min: 0, Avg:  0.0, Max: 0, Diff: 0, Sum: 0, Workers: 6
[11.795s][debug  ][gc,phases      ] GC(42)     Total                          Min: 0, Avg:  1.3, Max: 8, Diff: 8, Sum: 8, Workers: 6
[11.795s][debug  ][gc,phases      ] GC(42)   ObjectSynchronizer Weak        Min:  0.0, Avg:  0.0, Max:  0.0, Diff:  0.0, Sum:  0.0, Workers: 6
[11.795s][debug  ][gc,phases      ] GC(42)     Dead                           Min: 0, Avg:  0.0, Max: 0, Diff: 0, Sum: 0, Workers: 6
[11.795s][debug  ][gc,phases      ] GC(42)     Total                          Min: 0, Avg:  0.5, Max: 3, Diff: 3, Sum: 3, Workers: 6
[11.795s][debug  ][gc,phases      ] GC(42)   JVMTI Tag Weak OopStorage      Min:  0.0, Avg:  0.0, Max:  0.0, Diff:  0.0, Sum:  0.0, Workers: 6
[11.795s][debug  ][gc,phases      ] GC(42)     Dead                           Min: 0, Avg:  0.0, Max: 0, Diff: 0, Sum: 0, Workers: 6
[11.795s][debug  ][gc,phases      ] GC(42)     Total                          Min: 0, Avg:  0.0, Max: 0, Diff: 0, Sum: 0, Workers: 6
[11.795s][debug  ][gc,phases      ] GC(42)   StringTable Weak               Min:  0.0, Avg:  0.0, Max:  0.0, Diff:  0.0, Sum:  0.0, Workers: 6
[11.795s][debug  ][gc,phases      ] GC(42)     Dead                           Min: 0, Avg:  0.0, Max: 0, Diff: 0, Sum: 0, Workers: 6
[11.795s][debug  ][gc,phases      ] GC(42)     Total                          Min: 767, Avg: 892.5, Max: 1088, Diff: 321, Sum: 5355, Workers: 6
[11.795s][debug  ][gc,phases      ] GC(42)   ResolvedMethodTable Weak       Min:  0.0, Avg:  0.0, Max:  0.0, Diff:  0.0, Sum:  0.0, Workers: 6
[11.795s][debug  ][gc,phases      ] GC(42)     Dead                           Min: 0, Avg:  0.0, Max: 0, Diff: 0, Sum: 0, Workers: 6
[11.795s][debug  ][gc,phases      ] GC(42)     Total                          Min: 0, Avg: 21.7, Max: 64, Diff: 64, Sum: 130, Workers: 6
[11.795s][debug  ][gc,phases      ] GC(42)   JNI Weak                       Min:  0.0, Avg:  0.0, Max:  0.0, Diff:  0.0, Sum:  0.0, Workers: 6
[11.795s][debug  ][gc,phases      ] GC(42)     Dead                           Min: 0, Avg:  0.0, Max: 0, Diff: 0, Sum: 0, Workers: 6
[11.795s][debug  ][gc,phases      ] GC(42)     Total                          Min: 0, Avg:  0.0, Max: 0, Diff: 0, Sum: 0, Workers: 6
[11.795s][debug  ][gc,phases      ] GC(42)   StringDedup Table Weak         Min:  0.0, Avg:  0.0, Max:  0.0, Diff:  0.0, Sum:  0.0, Workers: 6
[11.795s][debug  ][gc,phases      ] GC(42)     Dead                           Min: 0, Avg:  0.0, Max: 0, Diff: 0, Sum: 0, Workers: 6
[11.795s][debug  ][gc,phases      ] GC(42)     Total                          Min: 0, Avg:  0.0, Max: 0, Diff: 0, Sum: 0, Workers: 6
[11.795s][debug  ][gc,phases      ] GC(42)   StringDedup Requests0 Weak     Min:  0.0, Avg:  0.0, Max:  0.0, Diff:  0.0, Sum:  0.0, Workers: 6
[11.795s][debug  ][gc,phases      ] GC(42)     Dead                           Min: 0, Avg:  0.0, Max: 0, Diff: 0, Sum: 0, Workers: 6
[11.795s][debug  ][gc,phases      ] GC(42)     Total                          Min: 0, Avg:  0.0, Max: 0, Diff: 0, Sum: 0, Workers: 6
[11.795s][debug  ][gc,phases      ] GC(42)   StringDedup Requests1 Weak     Min:  0.0, Avg:  0.0, Max:  0.0, Diff:  0.0, Sum:  0.0, Workers: 6
[11.795s][debug  ][gc,phases      ] GC(42)     Dead                           Min: 0, Avg:  0.0, Max: 0, Diff: 0, Sum: 0, Workers: 6
[11.795s][debug  ][gc,phases      ] GC(42)     Total                          Min: 0, Avg:  0.0, Max: 0, Diff: 0, Sum: 0, Workers: 6
[11.795s][debug  ][gc,phases      ] GC(42)   Weak JFR Old Object Samples    Min:  0.0, Avg:  0.0, Max:  0.0, Diff:  0.0, Sum:  0.0, Workers: 6
[11.795s][debug  ][gc,phases      ] GC(42)     Dead                           Min: 0, Avg:  0.0, Max: 0, Diff: 0, Sum: 0, Workers: 6
[11.795s][debug  ][gc,phases      ] GC(42)     Total                          Min: 0, Avg:  0.0, Max: 0, Diff: 0, Sum: 0, Workers: 6
[11.795s][debug  ][gc,phases      ] GC(42) Weak Processing 0.772ms
[11.795s][debug  ][gc,ergo        ] GC(42) AdaptiveSizeStart:  collection: 43 
[11.795s][debug  ][gc,ergo        ] GC(42) avg_survived_padded_avg: 32051716.000000
[11.795s][debug  ][gc,ergo        ] GC(42) avg_promoted_padded_avg: 251466048.000000  avg_pretenured_padded_avg: 0.000000  tenuring_thresh: 1  target_size: 32505856
[11.795s][debug  ][gc,age         ] GC(42) Desired survivor size 32505856 bytes, new threshold 1 (max threshold 15)
[11.795s][debug  ][gc,ergo        ] GC(42) PSAdaptiveSizePolicy::compute_eden_space_size limits: desired_eden_size: 234485984 old_eden_size: 203423744 eden_limit: 203423744 cur_eden: 203423744 max_eden_size: 203423744 avg_young_live: 26135410
[11.795s][debug  ][gc,ergo        ] GC(42) PSAdaptiveSizePolicy::compute_eden_space_size: costs minor_time: 0.049003 major_cost: 0.031226 mutator_cost: 0.919771 throughput_goal: 0.990000
[11.795s][debug  ][gc,ergo        ] GC(42) Live_space: 867047936 free_space: 954204160
[11.795s][debug  ][gc,ergo        ] GC(42) Old eden_size: 203423744 desired_eden_size: 203423744
[11.795s][debug  ][gc,ergo        ] GC(42) AdaptiveSizeStop: collection: 43 
[11.795s][info   ][gc,heap        ] GC(42) PSYoungGen: 229119K(230400K)->30720K(230400K) Eden: 198399K(198656K)->0K(198656K) From: 30720K(31744K)->30720K(31744K)
[11.795s][info   ][gc,heap        ] GC(42) ParOldGen: 503395K(1120256K)->697956K(1120256K)
[11.796s][info   ][gc,metaspace   ] GC(42) Metaspace: 1018K(1152K)->1018K(1152K) NonClass: 935K(960K)->935K(960K) Class: 83K(192K)->83K(192K)
[11.796s][info   ][gc             ] GC(42) Pause Young (Allocation Failure) 715M->711M(1319M) 17.764ms
[11.796s][info   ][gc,cpu         ] GC(42) User=0.16s Sys=0.00s Real=0.02s
[11.796s][debug  ][gc,heap        ] GC(42) Heap after GC invocations=43 (full 6):
[11.796s][debug  ][gc,heap        ] GC(42)  PSYoungGen      total 230400K, used 30720K [0x00000007f0000000, 0x0000000800000000, 0x0000000800000000)
[11.796s][debug  ][gc,heap        ] GC(42)   eden space 198656K, 0% used [0x00000007f0000000,0x00000007f0000000,0x00000007fc200000)
[11.796s][debug  ][gc,heap        ] GC(42)   from space 31744K, 96% used [0x00000007fc200000,0x00000007fe000030,0x00000007fe100000)
[11.796s][debug  ][gc,heap        ] GC(42)   to   space 31744K, 0% used [0x00000007fe100000,0x00000007fe100000,0x0000000800000000)
[11.796s][debug  ][gc,heap        ] GC(42)  ParOldGen       total 1120256K, used 697956K [0x0000000740000000, 0x0000000784600000, 0x00000007f0000000)
[11.796s][debug  ][gc,heap        ] GC(42)   object space 1120256K, 62% used [0x0000000740000000,0x000000076a999038,0x0000000784600000)
[11.796s][debug  ][gc,heap        ] GC(42)  Metaspace       used 1018K, committed 1152K, reserved 1056768K
[11.796s][debug  ][gc,heap        ] GC(42)   class space    used 83K, committed 192K, reserved 1048576K
[11.796s][debug  ][gc,task,time   ] GC(42) VM-Thread 117774521 117937479 117957814
[12.094s][debug  ][gc,heap        ] GC(43) Heap before GC invocations=44 (full 6):
[12.094s][debug  ][gc,heap        ] GC(43)  PSYoungGen      total 230400K, used 229139K [0x00000007f0000000, 0x0000000800000000, 0x0000000800000000)
[12.094s][debug  ][gc,heap        ] GC(43)   eden space 198656K, 99% used [0x00000007f0000000,0x00000007fc1c4d50,0x00000007fc200000)
[12.094s][debug  ][gc,heap        ] GC(43)   from space 31744K, 96% used [0x00000007fc200000,0x00000007fe000030,0x00000007fe100000)
[12.094s][debug  ][gc,heap        ] GC(43)   to   space 31744K, 0% used [0x00000007fe100000,0x00000007fe100000,0x0000000800000000)
[12.094s][debug  ][gc,heap        ] GC(43)  ParOldGen       total 1120256K, used 697956K [0x0000000740000000, 0x0000000784600000, 0x00000007f0000000)
[12.094s][debug  ][gc,heap        ] GC(43)   object space 1120256K, 62% used [0x0000000740000000,0x000000076a999038,0x0000000784600000)
[12.094s][debug  ][gc,heap        ] GC(43)  Metaspace       used 1018K, committed 1152K, reserved 1056768K
[12.094s][debug  ][gc,heap        ] GC(43)   class space    used 83K, committed 192K, reserved 1048576K
[12.094s][debug  ][gc,tlab        ] GC(43) TLAB totals: thrds: 1  refills: 1 max: 1 slow allocs: 18 max 18 waste: 27.4% gc: 3951648B max: 3951648B slow: 0B max: 0B
[12.094s][info   ][gc,start       ] GC(43) Pause Young (Allocation Failure)
[12.095s][debug  ][gc,phases,start] GC(43) Scavenge
[12.110s][debug  ][gc,phases      ] GC(43) Scavenge 15.340ms
[12.110s][debug  ][gc,phases,start] GC(43) Reference Processing
[12.110s][debug  ][gc,ref         ] GC(43) Skipped phase 1 of Reference Processing: no references
[12.110s][debug  ][gc,ref         ] GC(43) Skipped phase 2 of Reference Processing: no references
[12.110s][debug  ][gc,ref         ] GC(43) Skipped phase 3 of Reference Processing: no references
[12.110s][debug  ][gc,ref         ] GC(43) Skipped phase 4 of Reference Processing: no references
[12.110s][debug  ][gc,phases,ref  ] GC(43) Reference Processing: 0.1ms
[12.110s][debug  ][gc,phases,ref  ] GC(43)   Reconsider SoftReferences: 0.0ms
[12.110s][debug  ][gc,phases,ref  ] GC(43)     SoftRef (ms):                  skipped
[12.110s][debug  ][gc,phases,ref  ] GC(43)   Notify Soft/WeakReferences: 0.0ms
[12.110s][debug  ][gc,phases,ref  ] GC(43)     SoftRef (ms):                  skipped
[12.110s][debug  ][gc,phases,ref  ] GC(43)     WeakRef (ms):                  skipped
[12.110s][debug  ][gc,phases,ref  ] GC(43)     FinalRef (ms):                 skipped
[12.110s][debug  ][gc,phases,ref  ] GC(43)     Total (ms):                    skipped
[12.110s][debug  ][gc,phases,ref  ] GC(43)   Notify and keep alive finalizable: 0.0ms
[12.110s][debug  ][gc,phases,ref  ] GC(43)     FinalRef (ms):                 skipped
[12.110s][debug  ][gc,phases,ref  ] GC(43)   Notify PhantomReferences: 0.0ms
[12.110s][debug  ][gc,phases,ref  ] GC(43)     PhantomRef (ms):               skipped
[12.110s][debug  ][gc,phases,ref  ] GC(43)   SoftReference:
[12.110s][debug  ][gc,phases,ref  ] GC(43)     Discovered: 0
[12.110s][debug  ][gc,phases,ref  ] GC(43)     Cleared: 0
[12.110s][debug  ][gc,phases,ref  ] GC(43)   WeakReference:
[12.110s][debug  ][gc,phases,ref  ] GC(43)     Discovered: 0
[12.110s][debug  ][gc,phases,ref  ] GC(43)     Cleared: 0
[12.110s][debug  ][gc,phases,ref  ] GC(43)   FinalReference:
[12.110s][debug  ][gc,phases,ref  ] GC(43)     Discovered: 0
[12.110s][debug  ][gc,phases,ref  ] GC(43)     Cleared: 0
[12.111s][debug  ][gc,phases,ref  ] GC(43)   PhantomReference:
[12.111s][debug  ][gc,phases,ref  ] GC(43)     Discovered: 0
[12.111s][debug  ][gc,phases,ref  ] GC(43)     Cleared: 0
[12.111s][debug  ][gc,phases      ] GC(43) Reference Processing 0.635ms
[12.111s][debug  ][gc,phases,start] GC(43) Weak Processing
[12.111s][debug  ][gc,phases      ] GC(43)   VM Weak                        Min:  0.0, Avg:  0.0, Max:  0.0, Diff:  0.0, Sum:  0.0, Workers: 6
[12.111s][debug  ][gc,phases      ] GC(43)     Dead                           Min: 0, Avg:  0.0, Max: 0, Diff: 0, Sum: 0, Workers: 6
[12.111s][debug  ][gc,phases      ] GC(43)     Total                          Min: 0, Avg:  1.3, Max: 8, Diff: 8, Sum: 8, Workers: 6
[12.111s][debug  ][gc,phases      ] GC(43)   ObjectSynchronizer Weak        Min:  0.0, Avg:  0.0, Max:  0.0, Diff:  0.0, Sum:  0.0, Workers: 6
[12.111s][debug  ][gc,phases      ] GC(43)     Dead                           Min: 0, Avg:  0.0, Max: 0, Diff: 0, Sum: 0, Workers: 6
[12.111s][debug  ][gc,phases      ] GC(43)     Total                          Min: 0, Avg:  0.5, Max: 3, Diff: 3, Sum: 3, Workers: 6
[12.111s][debug  ][gc,phases      ] GC(43)   JVMTI Tag Weak OopStorage      Min:  0.0, Avg:  0.0, Max:  0.0, Diff:  0.0, Sum:  0.0, Workers: 6
[12.111s][debug  ][gc,phases      ] GC(43)     Dead                           Min: 0, Avg:  0.0, Max: 0, Diff: 0, Sum: 0, Workers: 6
[12.111s][debug  ][gc,phases      ] GC(43)     Total                          Min: 0, Avg:  0.0, Max: 0, Diff: 0, Sum: 0, Workers: 6
[12.111s][debug  ][gc,phases      ] GC(43)   StringTable Weak               Min:  0.0, Avg:  0.0, Max:  0.0, Diff:  0.0, Sum:  0.0, Workers: 6
[12.111s][debug  ][gc,phases      ] GC(43)     Dead                           Min: 0, Avg:  0.0, Max: 0, Diff: 0, Sum: 0, Workers: 6
[12.111s][debug  ][gc,phases      ] GC(43)     Total                          Min: 703, Avg: 892.5, Max: 1088, Diff: 385, Sum: 5355, Workers: 6
[12.111s][debug  ][gc,phases      ] GC(43)   ResolvedMethodTable Weak       Min:  0.0, Avg:  0.0, Max:  0.0, Diff:  0.0, Sum:  0.0, Workers: 6
[12.111s][debug  ][gc,phases      ] GC(43)     Dead                           Min: 0, Avg:  0.0, Max: 0, Diff: 0, Sum: 0, Workers: 6
[12.111s][debug  ][gc,phases      ] GC(43)     Total                          Min: 0, Avg: 21.7, Max: 64, Diff: 64, Sum: 130, Workers: 6
[12.111s][debug  ][gc,phases      ] GC(43)   JNI Weak                       Min:  0.0, Avg:  0.0, Max:  0.0, Diff:  0.0, Sum:  0.0, Workers: 6
[12.111s][debug  ][gc,phases      ] GC(43)     Dead                           Min: 0, Avg:  0.0, Max: 0, Diff: 0, Sum: 0, Workers: 6
[12.111s][debug  ][gc,phases      ] GC(43)     Total                          Min: 0, Avg:  0.0, Max: 0, Diff: 0, Sum: 0, Workers: 6
[12.111s][debug  ][gc,phases      ] GC(43)   StringDedup Table Weak         Min:  0.0, Avg:  0.0, Max:  0.0, Diff:  0.0, Sum:  0.0, Workers: 6
[12.111s][debug  ][gc,phases      ] GC(43)     Dead                           Min: 0, Avg:  0.0, Max: 0, Diff: 0, Sum: 0, Workers: 6
[12.111s][debug  ][gc,phases      ] GC(43)     Total                          Min: 0, Avg:  0.0, Max: 0, Diff: 0, Sum: 0, Workers: 6
[12.111s][debug  ][gc,phases      ] GC(43)   StringDedup Requests0 Weak     Min:  0.0, Avg:  0.0, Max:  0.0, Diff:  0.0, Sum:  0.0, Workers: 6
[12.111s][debug  ][gc,phases      ] GC(43)     Dead                           Min: 0, Avg:  0.0, Max: 0, Diff: 0, Sum: 0, Workers: 6
[12.111s][debug  ][gc,phases      ] GC(43)     Total                          Min: 0, Avg:  0.0, Max: 0, Diff: 0, Sum: 0, Workers: 6
[12.111s][debug  ][gc,phases      ] GC(43)   StringDedup Requests1 Weak     Min:  0.0, Avg:  0.0, Max:  0.0, Diff:  0.0, Sum:  0.0, Workers: 6
[12.111s][debug  ][gc,phases      ] GC(43)     Dead                           Min: 0, Avg:  0.0, Max: 0, Diff: 0, Sum: 0, Workers: 6
[12.111s][debug  ][gc,phases      ] GC(43)     Total                          Min: 0, Avg:  0.0, Max: 0, Diff: 0, Sum: 0, Workers: 6
[12.111s][debug  ][gc,phases      ] GC(43)   Weak JFR Old Object Samples    Min:  0.0, Avg:  0.0, Max:  0.0, Diff:  0.0, Sum:  0.0, Workers: 6
[12.111s][debug  ][gc,phases      ] GC(43)     Dead                           Min: 0, Avg:  0.0, Max: 0, Diff: 0, Sum: 0, Workers: 6
[12.111s][debug  ][gc,phases      ] GC(43)     Total                          Min: 0, Avg:  0.0, Max: 0, Diff: 0, Sum: 0, Workers: 6
[12.111s][debug  ][gc,phases      ] GC(43) Weak Processing 0.705ms
[12.111s][debug  ][gc,ergo        ] GC(43) AdaptiveSizeStart:  collection: 44 
[12.111s][debug  ][gc,ergo        ] GC(43) avg_survived_padded_avg: 32007664.000000
[12.111s][debug  ][gc,ergo        ] GC(43) avg_promoted_padded_avg: 254398880.000000  avg_pretenured_padded_avg: 0.000000  tenuring_thresh: 1  target_size: 32505856
[12.111s][debug  ][gc,age         ] GC(43) Desired survivor size 32505856 bytes, new threshold 1 (max threshold 15)
[12.111s][debug  ][gc,ergo        ] GC(43) PSAdaptiveSizePolicy::compute_eden_space_size limits: desired_eden_size: 234739690 old_eden_size: 203423744 eden_limit: 203423744 cur_eden: 203423744 max_eden_size: 203423744 avg_young_live: 26667600
[12.111s][debug  ][gc,ergo        ] GC(43) PSAdaptiveSizePolicy::compute_eden_space_size: costs minor_time: 0.050044 major_cost: 0.031226 mutator_cost: 0.918730 throughput_goal: 0.990000
[12.111s][debug  ][gc,ergo        ] GC(43) Live_space: 867580096 free_space: 954204160
[12.111s][debug  ][gc,ergo        ] GC(43) Old eden_size: 203423744 desired_eden_size: 203423744
[12.111s][debug  ][gc,ergo        ] GC(43) AdaptiveSizeStop: collection: 44 
[12.111s][info   ][gc,heap        ] GC(43) PSYoungGen: 229139K(230400K)->30720K(230400K) Eden: 198419K(198656K)->0K(198656K) From: 30720K(31744K)->30720K(31744K)
[12.112s][info   ][gc,heap        ] GC(43) ParOldGen: 697956K(1120256K)->892516K(1120256K)
[12.112s][info   ][gc,metaspace   ] GC(43) Metaspace: 1018K(1152K)->1018K(1152K) NonClass: 935K(960K)->935K(960K) Class: 83K(192K)->83K(192K)
[12.112s][info   ][gc             ] GC(43) Pause Young (Allocation Failure) 905M->901M(1319M) 17.117ms
[12.112s][info   ][gc,cpu         ] GC(43) User=0.12s Sys=0.00s Real=0.02s
[12.112s][debug  ][gc,heap        ] GC(43) Heap after GC invocations=44 (full 6):
[12.112s][debug  ][gc,heap        ] GC(43)  PSYoungGen      total 230400K, used 30720K [0x00000007f0000000, 0x0000000800000000, 0x0000000800000000)
[12.112s][debug  ][gc,heap        ] GC(43)   eden space 198656K, 0% used [0x00000007f0000000,0x00000007f0000000,0x00000007fc200000)
[12.112s][debug  ][gc,heap        ] GC(43)   from space 31744K, 96% used [0x00000007fe100000,0x00000007fff00030,0x0000000800000000)
[12.112s][debug  ][gc,heap        ] GC(43)   to   space 31744K, 0% used [0x00000007fc200000,0x00000007fc200000,0x00000007fe100000)
[12.112s][debug  ][gc,heap        ] GC(43)  ParOldGen       total 1120256K, used 892516K [0x0000000740000000, 0x0000000784600000, 0x00000007f0000000)
[12.112s][debug  ][gc,heap        ] GC(43)   object space 1120256K, 79% used [0x0000000740000000,0x0000000776799168,0x0000000784600000)
[12.112s][debug  ][gc,heap        ] GC(43)  Metaspace       used 1018K, committed 1152K, reserved 1056768K
[12.112s][debug  ][gc,heap        ] GC(43)   class space    used 83K, committed 192K, reserved 1048576K
[12.112s][debug  ][gc,task,time   ] GC(43) VM-Thread 120940755 121099279 121118119
[12.112s][debug  ][gc,phases,start] GC(44) Pre Compact
[12.112s][debug  ][gc,heap        ] GC(44) Heap before GC invocations=45 (full 7):
[12.112s][debug  ][gc,heap        ] GC(44)  PSYoungGen      total 230400K, used 30720K [0x00000007f0000000, 0x0000000800000000, 0x0000000800000000)
[12.112s][debug  ][gc,heap        ] GC(44)   eden space 198656K, 0% used [0x00000007f0000000,0x00000007f0000000,0x00000007fc200000)
[12.112s][debug  ][gc,heap        ] GC(44)   from space 31744K, 96% used [0x00000007fe100000,0x00000007fff00030,0x0000000800000000)
[12.112s][debug  ][gc,heap        ] GC(44)   to   space 31744K, 0% used [0x00000007fc200000,0x00000007fc200000,0x00000007fe100000)
[12.112s][debug  ][gc,heap        ] GC(44)  ParOldGen       total 1120256K, used 892516K [0x0000000740000000, 0x0000000784600000, 0x00000007f0000000)
[12.112s][debug  ][gc,heap        ] GC(44)   object space 1120256K, 79% used [0x0000000740000000,0x0000000776799168,0x0000000784600000)
[12.112s][debug  ][gc,heap        ] GC(44)  Metaspace       used 1018K, committed 1152K, reserved 1056768K
[12.112s][debug  ][gc,heap        ] GC(44)   class space    used 83K, committed 192K, reserved 1048576K
[12.112s][debug  ][gc,phases      ] GC(44) Pre Compact 0.203ms
[12.112s][info   ][gc,start       ] GC(44) Pause Full (Ergonomics)
[12.112s][info   ][gc,phases,start] GC(44) Marking Phase
[12.112s][debug  ][gc,phases,start] GC(44) Par Mark
[12.113s][debug  ][gc,phases      ] GC(44) Par Mark 0.515ms
[12.113s][debug  ][gc,phases,start] GC(44) Reference Processing
[12.113s][debug  ][gc,ref         ] GC(44) Skipped phase 1 of Reference Processing: no references
[12.113s][debug  ][gc,ref         ] GC(44) ReferenceProcessor::execute queues: 1, RefProcThreadModel::Single, marks_oops_alive: false
[12.113s][debug  ][gc,ref         ] GC(44) Skipped phase 3 of Reference Processing: no references
[12.113s][debug  ][gc,ref         ] GC(44) ReferenceProcessor::execute queues: 1, RefProcThreadModel::Single, marks_oops_alive: false
[12.113s][debug  ][gc,phases,ref  ] GC(44) Reference Processing: 0.1ms
[12.113s][debug  ][gc,phases,ref  ] GC(44)   Reconsider SoftReferences: 0.0ms
[12.113s][debug  ][gc,phases,ref  ] GC(44)     SoftRef (ms):                  skipped
[12.113s][debug  ][gc,phases,ref  ] GC(44)   Notify Soft/WeakReferences: 0.0ms
[12.113s][debug  ][gc,phases,ref  ] GC(44)     SoftRef (ms):                  Min:  0.0, Avg:  0.0, Max:  0.0, Diff:  0.0, Sum:  0.0, Workers: 10
[12.113s][debug  ][gc,phases,ref  ] GC(44)     WeakRef (ms):                  Min:  0.0, Avg:  0.0, Max:  0.0, Diff:  0.0, Sum:  0.0, Workers: 10
[12.113s][debug  ][gc,phases,ref  ] GC(44)     FinalRef (ms):                 Min:  0.0, Avg:  0.0, Max:  0.0, Diff:  0.0, Sum:  0.0, Workers: 10
[12.113s][debug  ][gc,phases,ref  ] GC(44)     Total (ms):                    Min:  0.0, Avg:  0.0, Max:  0.0, Diff:  0.0, Sum:  0.0, Workers: 10
[12.113s][debug  ][gc,phases,ref  ] GC(44)   Notify and keep alive finalizable: 0.0ms
[12.113s][debug  ][gc,phases,ref  ] GC(44)     FinalRef (ms):                 skipped
[12.113s][debug  ][gc,phases,ref  ] GC(44)   Notify PhantomReferences: 0.0ms
[12.113s][debug  ][gc,phases,ref  ] GC(44)     PhantomRef (ms):               Min:  0.0, Avg:  0.0, Max:  0.0, Diff:  0.0, Sum:  0.0, Workers: 10
[12.113s][debug  ][gc,phases,ref  ] GC(44)   SoftReference:
[12.113s][debug  ][gc,phases,ref  ] GC(44)     Discovered: 0
[12.113s][debug  ][gc,phases,ref  ] GC(44)     Cleared: 0
[12.113s][debug  ][gc,phases,ref  ] GC(44)   WeakReference:
[12.113s][debug  ][gc,phases,ref  ] GC(44)     Discovered: 67
[12.113s][debug  ][gc,phases,ref  ] GC(44)     Cleared: 67
[12.113s][debug  ][gc,phases,ref  ] GC(44)   FinalReference:
[12.113s][debug  ][gc,phases,ref  ] GC(44)     Discovered: 0
[12.113s][debug  ][gc,phases,ref  ] GC(44)     Cleared: 0
[12.113s][debug  ][gc,phases,ref  ] GC(44)   PhantomReference:
[12.113s][debug  ][gc,phases,ref  ] GC(44)     Discovered: 3
[12.113s][debug  ][gc,phases,ref  ] GC(44)     Cleared: 3
[12.113s][debug  ][gc,phases      ] GC(44) Reference Processing 0.579ms
[12.113s][debug  ][gc,phases,start] GC(44) Weak Processing
[12.113s][debug  ][gc,phases      ] GC(44)   VM Weak                        Min:  0.0, Avg:  0.0, Max:  0.0, Diff:  0.0, Sum:  0.0, Workers: 6
[12.113s][debug  ][gc,phases      ] GC(44)     Dead                           Min: 0, Avg:  0.0, Max: 0, Diff: 0, Sum: 0, Workers: 6
[12.113s][debug  ][gc,phases      ] GC(44)     Total                          Min: 0, Avg:  1.3, Max: 8, Diff: 8, Sum: 8, Workers: 6
[12.113s][debug  ][gc,phases      ] GC(44)   ObjectSynchronizer Weak        Min:  0.0, Avg:  0.0, Max:  0.0, Diff:  0.0, Sum:  0.0, Workers: 6
[12.113s][debug  ][gc,phases      ] GC(44)     Dead                           Min: 0, Avg:  0.0, Max: 0, Diff: 0, Sum: 0, Workers: 6
[12.113s][debug  ][gc,phases      ] GC(44)     Total                          Min: 0, Avg:  0.5, Max: 3, Diff: 3, Sum: 3, Workers: 6
[12.113s][debug  ][gc,phases      ] GC(44)   JVMTI Tag Weak OopStorage      Min:  0.0, Avg:  0.0, Max:  0.0, Diff:  0.0, Sum:  0.0, Workers: 6
[12.113s][debug  ][gc,phases      ] GC(44)     Dead                           Min: 0, Avg:  0.0, Max: 0, Diff: 0, Sum: 0, Workers: 6
[12.113s][debug  ][gc,phases      ] GC(44)     Total                          Min: 0, Avg:  0.0, Max: 0, Diff: 0, Sum: 0, Workers: 6
[12.113s][debug  ][gc,phases      ] GC(44)   StringTable Weak               Min:  0.0, Avg:  0.0, Max:  0.0, Diff:  0.0, Sum:  0.0, Workers: 6
[12.114s][debug  ][gc,phases      ] GC(44)     Dead                           Min: 0, Avg:  0.0, Max: 0, Diff: 0, Sum: 0, Workers: 6
[12.114s][debug  ][gc,phases      ] GC(44)     Total                          Min: 575, Avg: 892.5, Max: 1088, Diff: 513, Sum: 5355, Workers: 6
[12.114s][debug  ][gc,phases      ] GC(44)   ResolvedMethodTable Weak       Min:  0.0, Avg:  0.0, Max:  0.0, Diff:  0.0, Sum:  0.0, Workers: 6
[12.114s][debug  ][gc,phases      ] GC(44)     Dead                           Min: 0, Avg:  0.0, Max: 0, Diff: 0, Sum: 0, Workers: 6
[12.114s][debug  ][gc,phases      ] GC(44)     Total                          Min: 0, Avg: 21.7, Max: 64, Diff: 64, Sum: 130, Workers: 6
[12.114s][debug  ][gc,phases      ] GC(44)   JNI Weak                       Min:  0.0, Avg:  0.0, Max:  0.0, Diff:  0.0, Sum:  0.0, Workers: 6
[12.114s][debug  ][gc,phases      ] GC(44)     Dead                           Min: 0, Avg:  0.0, Max: 0, Diff: 0, Sum: 0, Workers: 6
[12.114s][debug  ][gc,phases      ] GC(44)     Total                          Min: 0, Avg:  0.0, Max: 0, Diff: 0, Sum: 0, Workers: 6
[12.114s][debug  ][gc,phases      ] GC(44)   StringDedup Table Weak         Min:  0.0, Avg:  0.0, Max:  0.0, Diff:  0.0, Sum:  0.0, Workers: 6
[12.114s][debug  ][gc,phases      ] GC(44)     Dead                           Min: 0, Avg:  0.0, Max: 0, Diff: 0, Sum: 0, Workers: 6
[12.114s][debug  ][gc,phases      ] GC(44)     Total                          Min: 0, Avg:  0.0, Max: 0, Diff: 0, Sum: 0, Workers: 6
[12.114s][debug  ][gc,phases      ] GC(44)   StringDedup Requests0 Weak     Min:  0.0, Avg:  0.0, Max:  0.0, Diff:  0.0, Sum:  0.0, Workers: 6
[12.114s][debug  ][gc,phases      ] GC(44)     Dead                           Min: 0, Avg:  0.0, Max: 0, Diff: 0, Sum: 0, Workers: 6
[12.114s][debug  ][gc,phases      ] GC(44)     Total                          Min: 0, Avg:  0.0, Max: 0, Diff: 0, Sum: 0, Workers: 6
[12.114s][debug  ][gc,phases      ] GC(44)   StringDedup Requests1 Weak     Min:  0.0, Avg:  0.0, Max:  0.0, Diff:  0.0, Sum:  0.0, Workers: 6
[12.114s][debug  ][gc,phases      ] GC(44)     Dead                           Min: 0, Avg:  0.0, Max: 0, Diff: 0, Sum: 0, Workers: 6
[12.114s][debug  ][gc,phases      ] GC(44)     Total                          Min: 0, Avg:  0.0, Max: 0, Diff: 0, Sum: 0, Workers: 6
[12.114s][debug  ][gc,phases      ] GC(44)   Weak JFR Old Object Samples    Min:  0.0, Avg:  0.0, Max:  0.0, Diff:  0.0, Sum:  0.0, Workers: 6
[12.114s][debug  ][gc,phases      ] GC(44)     Dead                           Min: 0, Avg:  0.0, Max: 0, Diff: 0, Sum: 0, Workers: 6
[12.114s][debug  ][gc,phases      ] GC(44)     Total                          Min: 0, Avg:  0.0, Max: 0, Diff: 0, Sum: 0, Workers: 6
[12.114s][debug  ][gc,phases      ] GC(44) Weak Processing 0.669ms
[12.114s][debug  ][gc,phases,start] GC(44) Class Unloading
[12.114s][debug  ][gc,phases,start] GC(44) ClassLoaderData
[12.114s][debug  ][gc,phases      ] GC(44) ClassLoaderData 0.019ms
[12.114s][debug  ][gc,phases,start] GC(44) Trigger cleanups
[12.114s][debug  ][gc,phases      ] GC(44) Trigger cleanups 0.020ms
[12.114s][debug  ][gc,phases      ] GC(44) Class Unloading 0.252ms
[12.114s][info   ][gc,phases      ] GC(44) Marking Phase 2.125ms
[12.114s][info   ][gc,phases,start] GC(44) Summary Phase
[12.114s][info   ][gc,phases      ] GC(44) Summary Phase 0.030ms
[12.114s][info   ][gc,phases,start] GC(44) Adjust Roots
[12.114s][info   ][gc,phases      ] GC(44) Adjust Roots 0.148ms
[12.114s][info   ][gc,phases,start] GC(44) Compaction Phase
[12.118s][info   ][gc,phases      ] GC(44) Compaction Phase 3.538ms
[12.118s][info   ][gc,phases,start] GC(44) Post Compact
[12.121s][info   ][gc,phases      ] GC(44) Post Compact 2.723ms
[12.121s][debug  ][gc,ergo        ] GC(44) AdaptiveSizeStart: collection: 45 
[12.121s][debug  ][gc,ergo        ] GC(44) PSAdaptiveSizePolicy::compute_eden_space_size limits: desired_eden_size: 237286953 old_eden_size: 203423744 eden_limit: 203423744 cur_eden: 203423744 max_eden_size: 203423744 avg_young_live: 24000840
[12.121s][debug  ][gc,ergo        ] GC(44) PSAdaptiveSizePolicy::compute_eden_space_size: costs minor_time: 0.050044 major_cost: 0.025113 mutator_cost: 0.924843 throughput_goal: 0.990000
[12.121s][debug  ][gc,ergo        ] GC(44) Live_space: 864913344 free_space: 954204160
[12.121s][debug  ][gc,ergo        ] GC(44) Old eden_size: 203423744 desired_eden_size: 203423744
[12.121s][debug  ][gc,ergo        ] GC(44) PSAdaptiveSizePolicy::compute_old_gen_free_space: costs minor_time: 0.050044 major_cost: 0.025113  mutator_cost: 0.924843 throughput_goal: 0.990000
[12.121s][debug  ][gc,ergo        ] GC(44) Live_space: 917121728 free_space: 954204160
[12.121s][debug  ][gc,ergo        ] GC(44) Old promo_size: 750780416 desired_promo_size: 826277888
[12.123s][debug  ][gc             ] GC(44) Expanding ParOldGen from 1120256K by 858624K to 1978880K
[12.123s][debug  ][gc,ergo        ] GC(44) AdaptiveSizeStop: collection: 45 
[12.123s][info   ][gc,heap        ] GC(44) PSYoungGen: 30720K(230400K)->0K(230400K) Eden: 0K(198656K)->0K(198656K) From: 30720K(31744K)->0K(31744K)
[12.123s][info   ][gc,heap        ] GC(44) ParOldGen: 892516K(1120256K)->923236K(1978880K)
[12.123s][info   ][gc,metaspace   ] GC(44) Metaspace: 1018K(1152K)->1018K(1152K) NonClass: 935K(960K)->935K(960K) Class: 83K(192K)->83K(192K)
[12.123s][info   ][gc             ] GC(44) Pause Full (Ergonomics) 901M->901M(2157M) 10.818ms
[12.123s][info   ][gc,cpu         ] GC(44) User=0.00s Sys=0.02s Real=0.01s
[12.123s][debug  ][gc,heap        ] GC(44) Heap after GC invocations=45 (full 7):
[12.123s][debug  ][gc,heap        ] GC(44)  PSYoungGen      total 230400K, used 0K [0x00000007f0000000, 0x0000000800000000, 0x0000000800000000)
[12.123s][debug  ][gc,heap        ] GC(44)   eden space 198656K, 0% used [0x00000007f0000000,0x00000007f0000000,0x00000007fc200000)
[12.123s][debug  ][gc,heap        ] GC(44)   from space 31744K, 0% used [0x00000007fc200000,0x00000007fc200000,0x00000007fe100000)
[12.123s][debug  ][gc,heap        ] GC(44)   to   space 31744K, 0% used [0x00000007fe100000,0x00000007fe100000,0x0000000800000000)
[12.123s][debug  ][gc,heap        ] GC(44)  ParOldGen       total 1978880K, used 923236K [0x0000000740000000, 0x00000007b8c80000, 0x00000007f0000000)
[12.123s][debug  ][gc,heap        ] GC(44)   object space 1978880K, 46% used [0x0000000740000000,0x0000000778599198,0x00000007b8c80000)
[12.123s][debug  ][gc,heap        ] GC(44)  Metaspace       used 1018K, committed 1152K, reserved 1056768K
[12.123s][debug  ][gc,heap        ] GC(44)   class space    used 83K, committed 192K, reserved 1048576K
[12.123s][debug  ][gc,task,time   ] GC(44) VM-Thread 121120823 121144617 121229270
[12.429s][debug  ][gc,heap        ] GC(45) Heap before GC invocations=46 (full 7):
[12.429s][debug  ][gc,heap        ] GC(45)  PSYoungGen      total 230400K, used 198432K [0x00000007f0000000, 0x0000000800000000, 0x0000000800000000)
[12.429s][debug  ][gc,heap        ] GC(45)   eden space 198656K, 99% used [0x00000007f0000000,0x00000007fc1c80d8,0x00000007fc200000)
[12.429s][debug  ][gc,heap        ] GC(45)   from space 31744K, 0% used [0x00000007fc200000,0x00000007fc200000,0x00000007fe100000)
[12.429s][debug  ][gc,heap        ] GC(45)   to   space 31744K, 0% used [0x00000007fe100000,0x00000007fe100000,0x0000000800000000)
[12.429s][debug  ][gc,heap        ] GC(45)  ParOldGen       total 1978880K, used 923236K [0x0000000740000000, 0x00000007b8c80000, 0x00000007f0000000)
[12.429s][debug  ][gc,heap        ] GC(45)   object space 1978880K, 46% used [0x0000000740000000,0x0000000778599198,0x00000007b8c80000)
[12.429s][debug  ][gc,heap        ] GC(45)  Metaspace       used 1019K, committed 1152K, reserved 1056768K
[12.429s][debug  ][gc,heap        ] GC(45)   class space    used 83K, committed 192K, reserved 1048576K
[12.429s][debug  ][gc,tlab        ] GC(45) TLAB totals: thrds: 1  refills: 1 max: 1 slow allocs: 18 max 18 waste: 27.4% gc: 3963672B max: 3963672B slow: 0B max: 0B
[12.429s][info   ][gc,start       ] GC(45) Pause Young (Allocation Failure)
[12.429s][debug  ][gc,phases,start] GC(45) Scavenge
[12.436s][debug  ][gc,phases      ] GC(45) Scavenge 6.758ms
[12.436s][debug  ][gc,phases,start] GC(45) Reference Processing
[12.436s][debug  ][gc,ref         ] GC(45) Skipped phase 1 of Reference Processing: no references
[12.436s][debug  ][gc,ref         ] GC(45) Skipped phase 2 of Reference Processing: no references
[12.436s][debug  ][gc,ref         ] GC(45) Skipped phase 3 of Reference Processing: no references
[12.436s][debug  ][gc,ref         ] GC(45) Skipped phase 4 of Reference Processing: no references
[12.436s][debug  ][gc,phases,ref  ] GC(45) Reference Processing: 0.1ms
[12.436s][debug  ][gc,phases,ref  ] GC(45)   Reconsider SoftReferences: 0.0ms
[12.436s][debug  ][gc,phases,ref  ] GC(45)     SoftRef (ms):                  skipped
[12.436s][debug  ][gc,phases,ref  ] GC(45)   Notify Soft/WeakReferences: 0.0ms
[12.436s][debug  ][gc,phases,ref  ] GC(45)     SoftRef (ms):                  skipped
[12.436s][debug  ][gc,phases,ref  ] GC(45)     WeakRef (ms):                  skipped
[12.437s][debug  ][gc,phases,ref  ] GC(45)     FinalRef (ms):                 skipped
[12.437s][debug  ][gc,phases,ref  ] GC(45)     Total (ms):                    skipped
[12.437s][debug  ][gc,phases,ref  ] GC(45)   Notify and keep alive finalizable: 0.0ms
[12.437s][debug  ][gc,phases,ref  ] GC(45)     FinalRef (ms):                 skipped
[12.437s][debug  ][gc,phases,ref  ] GC(45)   Notify PhantomReferences: 0.0ms
[12.437s][debug  ][gc,phases,ref  ] GC(45)     PhantomRef (ms):               skipped
[12.437s][debug  ][gc,phases,ref  ] GC(45)   SoftReference:
[12.437s][debug  ][gc,phases,ref  ] GC(45)     Discovered: 0
[12.437s][debug  ][gc,phases,ref  ] GC(45)     Cleared: 0
[12.437s][debug  ][gc,phases,ref  ] GC(45)   WeakReference:
[12.437s][debug  ][gc,phases,ref  ] GC(45)     Discovered: 0
[12.437s][debug  ][gc,phases,ref  ] GC(45)     Cleared: 0
[12.437s][debug  ][gc,phases,ref  ] GC(45)   FinalReference:
[12.437s][debug  ][gc,phases,ref  ] GC(45)     Discovered: 0
[12.437s][debug  ][gc,phases,ref  ] GC(45)     Cleared: 0
[12.437s][debug  ][gc,phases,ref  ] GC(45)   PhantomReference:
[12.437s][debug  ][gc,phases,ref  ] GC(45)     Discovered: 0
[12.437s][debug  ][gc,phases,ref  ] GC(45)     Cleared: 0
[12.437s][debug  ][gc,phases      ] GC(45) Reference Processing 0.609ms
[12.437s][debug  ][gc,phases,start] GC(45) Weak Processing
[12.437s][debug  ][gc,phases      ] GC(45)   VM Weak                        Min:  0.0, Avg:  0.0, Max:  0.0, Diff:  0.0, Sum:  0.0, Workers: 6
[12.437s][debug  ][gc,phases      ] GC(45)     Dead                           Min: 0, Avg:  0.0, Max: 0, Diff: 0, Sum: 0, Workers: 6
[12.437s][debug  ][gc,phases      ] GC(45)     Total                          Min: 0, Avg:  1.3, Max: 8, Diff: 8, Sum: 8, Workers: 6
[12.437s][debug  ][gc,phases      ] GC(45)   ObjectSynchronizer Weak        Min:  0.0, Avg:  0.0, Max:  0.0, Diff:  0.0, Sum:  0.0, Workers: 6
[12.437s][debug  ][gc,phases      ] GC(45)     Dead                           Min: 0, Avg:  0.0, Max: 0, Diff: 0, Sum: 0, Workers: 6
[12.437s][debug  ][gc,phases      ] GC(45)     Total                          Min: 0, Avg:  0.5, Max: 3, Diff: 3, Sum: 3, Workers: 6
[12.437s][debug  ][gc,phases      ] GC(45)   JVMTI Tag Weak OopStorage      Min:  0.0, Avg:  0.0, Max:  0.0, Diff:  0.0, Sum:  0.0, Workers: 6
[12.437s][debug  ][gc,phases      ] GC(45)     Dead                           Min: 0, Avg:  0.0, Max: 0, Diff: 0, Sum: 0, Workers: 6
[12.437s][debug  ][gc,phases      ] GC(45)     Total                          Min: 0, Avg:  0.0, Max: 0, Diff: 0, Sum: 0, Workers: 6
[12.437s][debug  ][gc,phases      ] GC(45)   StringTable Weak               Min:  0.0, Avg:  0.0, Max:  0.0, Diff:  0.0, Sum:  0.0, Workers: 6
[12.437s][debug  ][gc,phases      ] GC(45)     Dead                           Min: 0, Avg:  0.0, Max: 0, Diff: 0, Sum: 0, Workers: 6
[12.437s][debug  ][gc,phases      ] GC(45)     Total                          Min: 639, Avg: 892.5, Max: 1024, Diff: 385, Sum: 5355, Workers: 6
[12.437s][debug  ][gc,phases      ] GC(45)   ResolvedMethodTable Weak       Min:  0.0, Avg:  0.0, Max:  0.0, Diff:  0.0, Sum:  0.0, Workers: 6
[12.437s][debug  ][gc,phases      ] GC(45)     Dead                           Min: 0, Avg:  0.0, Max: 0, Diff: 0, Sum: 0, Workers: 6
[12.437s][debug  ][gc,phases      ] GC(45)     Total                          Min: 0, Avg: 21.7, Max: 64, Diff: 64, Sum: 130, Workers: 6
[12.437s][debug  ][gc,phases      ] GC(45)   JNI Weak                       Min:  0.0, Avg:  0.0, Max:  0.0, Diff:  0.0, Sum:  0.0, Workers: 6
[12.437s][debug  ][gc,phases      ] GC(45)     Dead                           Min: 0, Avg:  0.0, Max: 0, Diff: 0, Sum: 0, Workers: 6
[12.437s][debug  ][gc,phases      ] GC(45)     Total                          Min: 0, Avg:  0.0, Max: 0, Diff: 0, Sum: 0, Workers: 6
[12.437s][debug  ][gc,phases      ] GC(45)   StringDedup Table Weak         Min:  0.0, Avg:  0.0, Max:  0.0, Diff:  0.0, Sum:  0.0, Workers: 6
[12.437s][debug  ][gc,phases      ] GC(45)     Dead                           Min: 0, Avg:  0.0, Max: 0, Diff: 0, Sum: 0, Workers: 6
[12.437s][debug  ][gc,phases      ] GC(45)     Total                          Min: 0, Avg:  0.0, Max: 0, Diff: 0, Sum: 0, Workers: 6
[12.437s][debug  ][gc,phases      ] GC(45)   StringDedup Requests0 Weak     Min:  0.0, Avg:  0.0, Max:  0.0, Diff:  0.0, Sum:  0.0, Workers: 6
[12.437s][debug  ][gc,phases      ] GC(45)     Dead                           Min: 0, Avg:  0.0, Max: 0, Diff: 0, Sum: 0, Workers: 6
[12.437s][debug  ][gc,phases      ] GC(45)     Total                          Min: 0, Avg:  0.0, Max: 0, Diff: 0, Sum: 0, Workers: 6
[12.437s][debug  ][gc,phases      ] GC(45)   StringDedup Requests1 Weak     Min:  0.0, Avg:  0.0, Max:  0.0, Diff:  0.0, Sum:  0.0, Workers: 6
[12.437s][debug  ][gc,phases      ] GC(45)     Dead                           Min: 0, Avg:  0.0, Max: 0, Diff: 0, Sum: 0, Workers: 6
[12.437s][debug  ][gc,phases      ] GC(45)     Total                          Min: 0, Avg:  0.0, Max: 0, Diff: 0, Sum: 0, Workers: 6
[12.437s][debug  ][gc,phases      ] GC(45)   Weak JFR Old Object Samples    Min:  0.0, Avg:  0.0, Max:  0.0, Diff:  0.0, Sum:  0.0, Workers: 6
[12.438s][debug  ][gc,phases      ] GC(45)     Dead                           Min: 0, Avg:  0.0, Max: 0, Diff: 0, Sum: 0, Workers: 6
[12.438s][debug  ][gc,phases      ] GC(45)     Total                          Min: 0, Avg:  0.0, Max: 0, Diff: 0, Sum: 0, Workers: 6
[12.438s][debug  ][gc,phases      ] GC(45) Weak Processing 0.682ms
[12.438s][debug  ][gc,ergo        ] GC(45) AdaptiveSizeStart:  collection: 46 
[12.438s][debug  ][gc,ergo        ] GC(45) avg_survived_padded_avg: 31966480.000000
[12.438s][debug  ][gc,ergo        ] GC(45) avg_promoted_padded_avg: 264714736.000000  avg_pretenured_padded_avg: 0.000000  tenuring_thresh: 1  target_size: 31981568
[12.438s][debug  ][gc,age         ] GC(45) Desired survivor size 31981568 bytes, new threshold 1 (max threshold 15)
[12.438s][debug  ][gc,ergo        ] GC(45) PSAdaptiveSizePolicy::compute_eden_space_size limits: desired_eden_size: 235746745 old_eden_size: 203423744 eden_limit: 203423744 cur_eden: 203423744 max_eden_size: 203423744 avg_young_live: 24746488
[12.438s][debug  ][gc,ergo        ] GC(45) PSAdaptiveSizePolicy::compute_eden_space_size: costs minor_time: 0.043798 major_cost: 0.025113 mutator_cost: 0.931089 throughput_goal: 0.990000
[12.438s][debug  ][gc,ergo        ] GC(45) Live_space: 917867392 free_space: 1029701632
[12.438s][debug  ][gc,ergo        ] GC(45) Old eden_size: 203423744 desired_eden_size: 203423744
[12.438s][debug  ][gc,ergo        ] GC(45) AdaptiveSizeStop: collection: 46 
[12.438s][info   ][gc,heap        ] GC(45) PSYoungGen: 198432K(230400K)->30720K(230912K) Eden: 198432K(198656K)->0K(199168K) From: 0K(31744K)->30720K(31744K)
[12.438s][info   ][gc,heap        ] GC(45) ParOldGen: 923236K(1978880K)->984676K(1978880K)
[12.438s][info   ][gc,metaspace   ] GC(45) Metaspace: 1019K(1152K)->1019K(1152K) NonClass: 935K(960K)->935K(960K) Class: 83K(192K)->83K(192K)
[12.438s][info   ][gc             ] GC(45) Pause Young (Allocation Failure) 1095M->991M(2158M) 8.501ms
[12.438s][info   ][gc,cpu         ] GC(45) User=0.00s Sys=0.00s Real=0.01s
[12.438s][debug  ][gc,heap        ] GC(45) Heap after GC invocations=46 (full 7):
[12.438s][debug  ][gc,heap        ] GC(45)  PSYoungGen      total 230912K, used 30720K [0x00000007f0000000, 0x0000000800000000, 0x0000000800000000)
[12.438s][debug  ][gc,heap        ] GC(45)   eden space 199168K, 0% used [0x00000007f0000000,0x00000007f0000000,0x00000007fc280000)
[12.438s][debug  ][gc,heap        ] GC(45)   from space 31744K, 96% used [0x00000007fe100000,0x00000007fff00030,0x0000000800000000)
[12.438s][debug  ][gc,heap        ] GC(45)   to   space 31232K, 0% used [0x00000007fc280000,0x00000007fc280000,0x00000007fe100000)
[12.438s][debug  ][gc,heap        ] GC(45)  ParOldGen       total 1978880K, used 984676K [0x0000000740000000, 0x00000007b8c80000, 0x00000007f0000000)
[12.438s][debug  ][gc,heap        ] GC(45)   object space 1978880K, 49% used [0x0000000740000000,0x000000077c1991f8,0x00000007b8c80000)
[12.438s][debug  ][gc,heap        ] GC(45)  Metaspace       used 1019K, committed 1152K, reserved 1056768K
[12.438s][debug  ][gc,heap        ] GC(45)   class space    used 83K, committed 192K, reserved 1048576K
[12.438s][debug  ][gc,task,time   ] GC(45) VM-Thread 124288280 124362403 124380790
[12.746s][debug  ][gc,heap        ] GC(46) Heap before GC invocations=47 (full 7):
[12.746s][debug  ][gc,heap        ] GC(46)  PSYoungGen      total 230912K, used 229098K [0x00000007f0000000, 0x0000000800000000, 0x0000000800000000)
[12.746s][debug  ][gc,heap        ] GC(46)   eden space 199168K, 99% used [0x00000007f0000000,0x00000007fc1baa38,0x00000007fc280000)
[12.746s][debug  ][gc,heap        ] GC(46)   from space 31744K, 96% used [0x00000007fe100000,0x00000007fff00030,0x0000000800000000)
[12.746s][debug  ][gc,heap        ] GC(46)   to   space 31232K, 0% used [0x00000007fc280000,0x00000007fc280000,0x00000007fe100000)
[12.746s][debug  ][gc,heap        ] GC(46)  ParOldGen       total 1978880K, used 984676K [0x0000000740000000, 0x00000007b8c80000, 0x00000007f0000000)
[12.746s][debug  ][gc,heap        ] GC(46)   object space 1978880K, 49% used [0x0000000740000000,0x000000077c1991f8,0x00000007b8c80000)
[12.746s][debug  ][gc,heap        ] GC(46)  Metaspace       used 1019K, committed 1152K, reserved 1056768K
[12.746s][debug  ][gc,heap        ] GC(46)   class space    used 83K, committed 192K, reserved 1048576K
[12.746s][debug  ][gc,tlab        ] GC(46) TLAB totals: thrds: 1  refills: 1 max: 1 slow allocs: 18 max 18 waste: 27.2% gc: 3909896B max: 3909896B slow: 0B max: 0B
[12.746s][info   ][gc,start       ] GC(46) Pause Young (Allocation Failure)
[12.746s][debug  ][gc,phases,start] GC(46) Scavenge
[12.764s][debug  ][gc,phases      ] GC(46) Scavenge 17.490ms
[12.764s][debug  ][gc,phases,start] GC(46) Reference Processing
[12.764s][debug  ][gc,ref         ] GC(46) Skipped phase 1 of Reference Processing: no references
[12.764s][debug  ][gc,ref         ] GC(46) Skipped phase 2 of Reference Processing: no references
[12.764s][debug  ][gc,ref         ] GC(46) Skipped phase 3 of Reference Processing: no references
[12.764s][debug  ][gc,ref         ] GC(46) Skipped phase 4 of Reference Processing: no references
[12.764s][debug  ][gc,phases,ref  ] GC(46) Reference Processing: 0.1ms
[12.764s][debug  ][gc,phases,ref  ] GC(46)   Reconsider SoftReferences: 0.0ms
[12.764s][debug  ][gc,phases,ref  ] GC(46)     SoftRef (ms):                  skipped
[12.764s][debug  ][gc,phases,ref  ] GC(46)   Notify Soft/WeakReferences: 0.0ms
[12.764s][debug  ][gc,phases,ref  ] GC(46)     SoftRef (ms):                  skipped
[12.764s][debug  ][gc,phases,ref  ] GC(46)     WeakRef (ms):                  skipped
[12.764s][debug  ][gc,phases,ref  ] GC(46)     FinalRef (ms):                 skipped
[12.764s][debug  ][gc,phases,ref  ] GC(46)     Total (ms):                    skipped
[12.764s][debug  ][gc,phases,ref  ] GC(46)   Notify and keep alive finalizable: 0.0ms
[12.764s][debug  ][gc,phases,ref  ] GC(46)     FinalRef (ms):                 skipped
[12.764s][debug  ][gc,phases,ref  ] GC(46)   Notify PhantomReferences: 0.0ms
[12.764s][debug  ][gc,phases,ref  ] GC(46)     PhantomRef (ms):               skipped
[12.764s][debug  ][gc,phases,ref  ] GC(46)   SoftReference:
[12.764s][debug  ][gc,phases,ref  ] GC(46)     Discovered: 0
[12.764s][debug  ][gc,phases,ref  ] GC(46)     Cleared: 0
[12.764s][debug  ][gc,phases,ref  ] GC(46)   WeakReference:
[12.764s][debug  ][gc,phases,ref  ] GC(46)     Discovered: 0
[12.764s][debug  ][gc,phases,ref  ] GC(46)     Cleared: 0
[12.764s][debug  ][gc,phases,ref  ] GC(46)   FinalReference:
[12.764s][debug  ][gc,phases,ref  ] GC(46)     Discovered: 0
[12.764s][debug  ][gc,phases,ref  ] GC(46)     Cleared: 0
[12.764s][debug  ][gc,phases,ref  ] GC(46)   PhantomReference:
[12.764s][debug  ][gc,phases,ref  ] GC(46)     Discovered: 0
[12.764s][debug  ][gc,phases,ref  ] GC(46)     Cleared: 0
[12.764s][debug  ][gc,phases      ] GC(46) Reference Processing 0.562ms
[12.765s][debug  ][gc,phases,start] GC(46) Weak Processing
[12.765s][debug  ][gc,phases      ] GC(46)   VM Weak                        Min:  0.0, Avg:  0.0, Max:  0.0, Diff:  0.0, Sum:  0.0, Workers: 6
[12.765s][debug  ][gc,phases      ] GC(46)     Dead                           Min: 0, Avg:  0.0, Max: 0, Diff: 0, Sum: 0, Workers: 6
[12.765s][debug  ][gc,phases      ] GC(46)     Total                          Min: 0, Avg:  1.3, Max: 8, Diff: 8, Sum: 8, Workers: 6
[12.765s][debug  ][gc,phases      ] GC(46)   ObjectSynchronizer Weak        Min:  0.0, Avg:  0.0, Max:  0.0, Diff:  0.0, Sum:  0.0, Workers: 6
[12.765s][debug  ][gc,phases      ] GC(46)     Dead                           Min: 0, Avg:  0.0, Max: 0, Diff: 0, Sum: 0, Workers: 6
[12.765s][debug  ][gc,phases      ] GC(46)     Total                          Min: 0, Avg:  0.5, Max: 3, Diff: 3, Sum: 3, Workers: 6
[12.765s][debug  ][gc,phases      ] GC(46)   JVMTI Tag Weak OopStorage      Min:  0.0, Avg:  0.0, Max:  0.0, Diff:  0.0, Sum:  0.0, Workers: 6
[12.765s][debug  ][gc,phases      ] GC(46)     Dead                           Min: 0, Avg:  0.0, Max: 0, Diff: 0, Sum: 0, Workers: 6
[12.765s][debug  ][gc,phases      ] GC(46)     Total                          Min: 0, Avg:  0.0, Max: 0, Diff: 0, Sum: 0, Workers: 6
[12.765s][debug  ][gc,phases      ] GC(46)   StringTable Weak               Min:  0.0, Avg:  0.0, Max:  0.0, Diff:  0.0, Sum:  0.0, Workers: 6
[12.765s][debug  ][gc,phases      ] GC(46)     Dead                           Min: 0, Avg:  0.0, Max: 0, Diff: 0, Sum: 0, Workers: 6
[12.765s][debug  ][gc,phases      ] GC(46)     Total                          Min: 703, Avg: 892.5, Max: 1024, Diff: 321, Sum: 5355, Workers: 6
[12.765s][debug  ][gc,phases      ] GC(46)   ResolvedMethodTable Weak       Min:  0.0, Avg:  0.0, Max:  0.0, Diff:  0.0, Sum:  0.0, Workers: 6
[12.765s][debug  ][gc,phases      ] GC(46)     Dead                           Min: 0, Avg:  0.0, Max: 0, Diff: 0, Sum: 0, Workers: 6
[12.765s][debug  ][gc,phases      ] GC(46)     Total                          Min: 0, Avg: 21.7, Max: 64, Diff: 64, Sum: 130, Workers: 6
[12.765s][debug  ][gc,phases      ] GC(46)   JNI Weak                       Min:  0.0, Avg:  0.0, Max:  0.0, Diff:  0.0, Sum:  0.0, Workers: 6
[12.765s][debug  ][gc,phases      ] GC(46)     Dead                           Min: 0, Avg:  0.0, Max: 0, Diff: 0, Sum: 0, Workers: 6
[12.765s][debug  ][gc,phases      ] GC(46)     Total                          Min: 0, Avg:  0.0, Max: 0, Diff: 0, Sum: 0, Workers: 6
[12.765s][debug  ][gc,phases      ] GC(46)   StringDedup Table Weak         Min:  0.0, Avg:  0.0, Max:  0.0, Diff:  0.0, Sum:  0.0, Workers: 6
[12.765s][debug  ][gc,phases      ] GC(46)     Dead                           Min: 0, Avg:  0.0, Max: 0, Diff: 0, Sum: 0, Workers: 6
[12.765s][debug  ][gc,phases      ] GC(46)     Total                          Min: 0, Avg:  0.0, Max: 0, Diff: 0, Sum: 0, Workers: 6
[12.765s][debug  ][gc,phases      ] GC(46)   StringDedup Requests0 Weak     Min:  0.0, Avg:  0.0, Max:  0.0, Diff:  0.0, Sum:  0.0, Workers: 6
[12.765s][debug  ][gc,phases      ] GC(46)     Dead                           Min: 0, Avg:  0.0, Max: 0, Diff: 0, Sum: 0, Workers: 6
[12.765s][debug  ][gc,phases      ] GC(46)     Total                          Min: 0, Avg:  0.0, Max: 0, Diff: 0, Sum: 0, Workers: 6
[12.765s][debug  ][gc,phases      ] GC(46)   StringDedup Requests1 Weak     Min:  0.0, Avg:  0.0, Max:  0.0, Diff:  0.0, Sum:  0.0, Workers: 6
[12.765s][debug  ][gc,phases      ] GC(46)     Dead                           Min: 0, Avg:  0.0, Max: 0, Diff: 0, Sum: 0, Workers: 6
[12.765s][debug  ][gc,phases      ] GC(46)     Total                          Min: 0, Avg:  0.0, Max: 0, Diff: 0, Sum: 0, Workers: 6
[12.765s][debug  ][gc,phases      ] GC(46)   Weak JFR Old Object Samples    Min:  0.0, Avg:  0.0, Max:  0.0, Diff:  0.0, Sum:  0.0, Workers: 6
[12.765s][debug  ][gc,phases      ] GC(46)     Dead                           Min: 0, Avg:  0.0, Max: 0, Diff: 0, Sum: 0, Workers: 6
[12.765s][debug  ][gc,phases      ] GC(46)     Total                          Min: 0, Avg:  0.0, Max: 0, Diff: 0, Sum: 0, Workers: 6
[12.765s][debug  ][gc,phases      ] GC(46) Weak Processing 0.660ms
[12.765s][debug  ][gc,ergo        ] GC(46) AdaptiveSizeStart:  collection: 47 
[12.765s][debug  ][gc,ergo        ] GC(46) avg_survived_padded_avg: 31928028.000000
[12.765s][debug  ][gc,ergo        ] GC(46) avg_promoted_padded_avg: 268453472.000000  avg_pretenured_padded_avg: 0.000000  tenuring_thresh: 1  target_size: 31981568
[12.765s][debug  ][gc,age         ] GC(46) Desired survivor size 31981568 bytes, new threshold 1 (max threshold 15)
[12.765s][debug  ][gc,ergo        ] GC(46) PSAdaptiveSizePolicy::compute_eden_space_size limits: desired_eden_size: 237489538 old_eden_size: 203423744 eden_limit: 203948032 cur_eden: 203948032 max_eden_size: 203948032 avg_young_live: 25417570
[12.765s][debug  ][gc,ergo        ] GC(46) PSAdaptiveSizePolicy::compute_eden_space_size: costs minor_time: 0.047218 major_cost: 0.025113 mutator_cost: 0.927669 throughput_goal: 0.990000
[12.765s][debug  ][gc,ergo        ] GC(46) Live_space: 918538496 free_space: 1029701632
[12.765s][debug  ][gc,ergo        ] GC(46) Old eden_size: 203423744 desired_eden_size: 203948032
[12.765s][debug  ][gc,ergo        ] GC(46) AdaptiveSizeStop: collection: 47 
[12.765s][info   ][gc,heap        ] GC(46) PSYoungGen: 229098K(230912K)->30720K(230400K) Eden: 198378K(199168K)->0K(199168K) From: 30720K(31744K)->30720K(31232K)
[12.765s][info   ][gc,heap        ] GC(46) ParOldGen: 984676K(1978880K)->1179236K(1978880K)
[12.765s][info   ][gc,metaspace   ] GC(46) Metaspace: 1019K(1152K)->1019K(1152K) NonClass: 935K(960K)->935K(960K) Class: 83K(192K)->83K(192K)
[12.765s][info   ][gc             ] GC(46) Pause Young (Allocation Failure) 1185M->1181M(2157M) 19.150ms
[12.765s][info   ][gc,cpu         ] GC(46) User=0.16s Sys=0.00s Real=0.02s
[12.766s][debug  ][gc,heap        ] GC(46) Heap after GC invocations=47 (full 7):
[12.766s][debug  ][gc,heap        ] GC(46)  PSYoungGen      total 230400K, used 30720K [0x00000007f0000000, 0x0000000800000000, 0x0000000800000000)
[12.766s][debug  ][gc,heap        ] GC(46)   eden space 199168K, 0% used [0x00000007f0000000,0x00000007f0000000,0x00000007fc280000)
[12.766s][debug  ][gc,heap        ] GC(46)   from space 31232K, 98% used [0x00000007fc280000,0x00000007fe080030,0x00000007fe100000)
[12.766s][debug  ][gc,heap        ] GC(46)   to   space 31232K, 0% used [0x00000007fe180000,0x00000007fe180000,0x0000000800000000)
[12.766s][debug  ][gc,heap        ] GC(46)  ParOldGen       total 1978880K, used 1179236K [0x0000000740000000, 0x00000007b8c80000, 0x00000007f0000000)
[12.766s][debug  ][gc,heap        ] GC(46)   object space 1978880K, 59% used [0x0000000740000000,0x0000000787f99328,0x00000007b8c80000)
[12.766s][debug  ][gc,heap        ] GC(46)  Metaspace       used 1019K, committed 1152K, reserved 1056768K
[12.766s][debug  ][gc,heap        ] GC(46)   class space    used 83K, committed 192K, reserved 1048576K
[12.766s][debug  ][gc,task,time   ] GC(46) VM-Thread 127458395 127639244 127656824
[13.064s][debug  ][gc,heap        ] GC(47) Heap before GC invocations=48 (full 7):
[13.064s][debug  ][gc,heap        ] GC(47)  PSYoungGen      total 230400K, used 229129K [0x00000007f0000000, 0x0000000800000000, 0x0000000800000000)
[13.064s][debug  ][gc,heap        ] GC(47)   eden space 199168K, 99% used [0x00000007f0000000,0x00000007fc1c2610,0x00000007fc280000)
[13.064s][debug  ][gc,heap        ] GC(47)   from space 31232K, 98% used [0x00000007fc280000,0x00000007fe080030,0x00000007fe100000)
[13.064s][debug  ][gc,heap        ] GC(47)   to   space 31232K, 0% used [0x00000007fe180000,0x00000007fe180000,0x0000000800000000)
[13.064s][debug  ][gc,heap        ] GC(47)  ParOldGen       total 1978880K, used 1179236K [0x0000000740000000, 0x00000007b8c80000, 0x00000007f0000000)
[13.064s][debug  ][gc,heap        ] GC(47)   object space 1978880K, 59% used [0x0000000740000000,0x0000000787f99328,0x00000007b8c80000)
[13.064s][debug  ][gc,heap        ] GC(47)  Metaspace       used 1019K, committed 1152K, reserved 1056768K
[13.064s][debug  ][gc,heap        ] GC(47)   class space    used 83K, committed 192K, reserved 1048576K
[13.064s][debug  ][gc,tlab        ] GC(47) TLAB totals: thrds: 1  refills: 1 max: 1 slow allocs: 18 max 18 waste: 27.3% gc: 3941600B max: 3941600B slow: 0B max: 0B
[13.064s][info   ][gc,start       ] GC(47) Pause Young (Allocation Failure)
[13.065s][debug  ][gc,phases,start] GC(47) Scavenge
[13.083s][debug  ][gc,phases      ] GC(47) Scavenge 18.337ms
[13.083s][debug  ][gc,phases,start] GC(47) Reference Processing
[13.083s][debug  ][gc,ref         ] GC(47) Skipped phase 1 of Reference Processing: no references
[13.083s][debug  ][gc,ref         ] GC(47) Skipped phase 2 of Reference Processing: no references
[13.083s][debug  ][gc,ref         ] GC(47) Skipped phase 3 of Reference Processing: no references
[13.083s][debug  ][gc,ref         ] GC(47) Skipped phase 4 of Reference Processing: no references
[13.083s][debug  ][gc,phases,ref  ] GC(47) Reference Processing: 0.1ms
[13.083s][debug  ][gc,phases,ref  ] GC(47)   Reconsider SoftReferences: 0.0ms
[13.083s][debug  ][gc,phases,ref  ] GC(47)     SoftRef (ms):                  skipped
[13.083s][debug  ][gc,phases,ref  ] GC(47)   Notify Soft/WeakReferences: 0.0ms
[13.083s][debug  ][gc,phases,ref  ] GC(47)     SoftRef (ms):                  skipped
[13.083s][debug  ][gc,phases,ref  ] GC(47)     WeakRef (ms):                  skipped
[13.083s][debug  ][gc,phases,ref  ] GC(47)     FinalRef (ms):                 skipped
[13.083s][debug  ][gc,phases,ref  ] GC(47)     Total (ms):                    skipped
[13.083s][debug  ][gc,phases,ref  ] GC(47)   Notify and keep alive finalizable: 0.0ms
[13.083s][debug  ][gc,phases,ref  ] GC(47)     FinalRef (ms):                 skipped
[13.083s][debug  ][gc,phases,ref  ] GC(47)   Notify PhantomReferences: 0.0ms
[13.083s][debug  ][gc,phases,ref  ] GC(47)     PhantomRef (ms):               skipped
[13.083s][debug  ][gc,phases,ref  ] GC(47)   SoftReference:
[13.083s][debug  ][gc,phases,ref  ] GC(47)     Discovered: 0
[13.083s][debug  ][gc,phases,ref  ] GC(47)     Cleared: 0
[13.083s][debug  ][gc,phases,ref  ] GC(47)   WeakReference:
[13.083s][debug  ][gc,phases,ref  ] GC(47)     Discovered: 0
[13.083s][debug  ][gc,phases,ref  ] GC(47)     Cleared: 0
[13.083s][debug  ][gc,phases,ref  ] GC(47)   FinalReference:
[13.083s][debug  ][gc,phases,ref  ] GC(47)     Discovered: 0
[13.083s][debug  ][gc,phases,ref  ] GC(47)     Cleared: 0
[13.083s][debug  ][gc,phases,ref  ] GC(47)   PhantomReference:
[13.083s][debug  ][gc,phases,ref  ] GC(47)     Discovered: 0
[13.083s][debug  ][gc,phases,ref  ] GC(47)     Cleared: 0
[13.083s][debug  ][gc,phases      ] GC(47) Reference Processing 0.562ms
[13.084s][debug  ][gc,phases,start] GC(47) Weak Processing
[13.084s][debug  ][gc,phases      ] GC(47)   VM Weak                        Min:  0.0, Avg:  0.0, Max:  0.0, Diff:  0.0, Sum:  0.0, Workers: 6
[13.084s][debug  ][gc,phases      ] GC(47)     Dead                           Min: 0, Avg:  0.0, Max: 0, Diff: 0, Sum: 0, Workers: 6
[13.084s][debug  ][gc,phases      ] GC(47)     Total                          Min: 0, Avg:  1.3, Max: 8, Diff: 8, Sum: 8, Workers: 6
[13.084s][debug  ][gc,phases      ] GC(47)   ObjectSynchronizer Weak        Min:  0.0, Avg:  0.0, Max:  0.0, Diff:  0.0, Sum:  0.0, Workers: 6
[13.084s][debug  ][gc,phases      ] GC(47)     Dead                           Min: 0, Avg:  0.0, Max: 0, Diff: 0, Sum: 0, Workers: 6
[13.084s][debug  ][gc,phases      ] GC(47)     Total                          Min: 0, Avg:  0.5, Max: 3, Diff: 3, Sum: 3, Workers: 6
[13.084s][debug  ][gc,phases      ] GC(47)   JVMTI Tag Weak OopStorage      Min:  0.0, Avg:  0.0, Max:  0.0, Diff:  0.0, Sum:  0.0, Workers: 6
[13.084s][debug  ][gc,phases      ] GC(47)     Dead                           Min: 0, Avg:  0.0, Max: 0, Diff: 0, Sum: 0, Workers: 6
[13.084s][debug  ][gc,phases      ] GC(47)     Total                          Min: 0, Avg:  0.0, Max: 0, Diff: 0, Sum: 0, Workers: 6
[13.084s][debug  ][gc,phases      ] GC(47)   StringTable Weak               Min:  0.0, Avg:  0.0, Max:  0.0, Diff:  0.0, Sum:  0.0, Workers: 6
[13.084s][debug  ][gc,phases      ] GC(47)     Dead                           Min: 0, Avg:  0.0, Max: 0, Diff: 0, Sum: 0, Workers: 6
[13.084s][debug  ][gc,phases      ] GC(47)     Total                          Min: 639, Avg: 892.5, Max: 1068, Diff: 429, Sum: 5355, Workers: 6
[13.084s][debug  ][gc,phases      ] GC(47)   ResolvedMethodTable Weak       Min:  0.0, Avg:  0.0, Max:  0.0, Diff:  0.0, Sum:  0.0, Workers: 6
[13.084s][debug  ][gc,phases      ] GC(47)     Dead                           Min: 0, Avg:  0.0, Max: 0, Diff: 0, Sum: 0, Workers: 6
[13.084s][debug  ][gc,phases      ] GC(47)     Total                          Min: 0, Avg: 21.7, Max: 64, Diff: 64, Sum: 130, Workers: 6
[13.084s][debug  ][gc,phases      ] GC(47)   JNI Weak                       Min:  0.0, Avg:  0.0, Max:  0.0, Diff:  0.0, Sum:  0.0, Workers: 6
[13.084s][debug  ][gc,phases      ] GC(47)     Dead                           Min: 0, Avg:  0.0, Max: 0, Diff: 0, Sum: 0, Workers: 6
[13.084s][debug  ][gc,phases      ] GC(47)     Total                          Min: 0, Avg:  0.0, Max: 0, Diff: 0, Sum: 0, Workers: 6
[13.084s][debug  ][gc,phases      ] GC(47)   StringDedup Table Weak         Min:  0.0, Avg:  0.0, Max:  0.0, Diff:  0.0, Sum:  0.0, Workers: 6
[13.084s][debug  ][gc,phases      ] GC(47)     Dead                           Min: 0, Avg:  0.0, Max: 0, Diff: 0, Sum: 0, Workers: 6
[13.084s][debug  ][gc,phases      ] GC(47)     Total                          Min: 0, Avg:  0.0, Max: 0, Diff: 0, Sum: 0, Workers: 6
[13.084s][debug  ][gc,phases      ] GC(47)   StringDedup Requests0 Weak     Min:  0.0, Avg:  0.0, Max:  0.0, Diff:  0.0, Sum:  0.0, Workers: 6
[13.084s][debug  ][gc,phases      ] GC(47)     Dead                           Min: 0, Avg:  0.0, Max: 0, Diff: 0, Sum: 0, Workers: 6
[13.084s][debug  ][gc,phases      ] GC(47)     Total                          Min: 0, Avg:  0.0, Max: 0, Diff: 0, Sum: 0, Workers: 6
[13.084s][debug  ][gc,phases      ] GC(47)   StringDedup Requests1 Weak     Min:  0.0, Avg:  0.0, Max:  0.0, Diff:  0.0, Sum:  0.0, Workers: 6
[13.084s][debug  ][gc,phases      ] GC(47)     Dead                           Min: 0, Avg:  0.0, Max: 0, Diff: 0, Sum: 0, Workers: 6
[13.084s][debug  ][gc,phases      ] GC(47)     Total                          Min: 0, Avg:  0.0, Max: 0, Diff: 0, Sum: 0, Workers: 6
[13.084s][debug  ][gc,phases      ] GC(47)   Weak JFR Old Object Samples    Min:  0.0, Avg:  0.0, Max:  0.0, Diff:  0.0, Sum:  0.0, Workers: 6
[13.084s][debug  ][gc,phases      ] GC(47)     Dead                           Min: 0, Avg:  0.0, Max: 0, Diff: 0, Sum: 0, Workers: 6
[13.084s][debug  ][gc,phases      ] GC(47)     Total                          Min: 0, Avg:  0.0, Max: 0, Diff: 0, Sum: 0, Workers: 6
[13.084s][debug  ][gc,phases      ] GC(47) Weak Processing 0.663ms
[13.084s][debug  ][gc,ergo        ] GC(47) AdaptiveSizeStart:  collection: 48 
[13.084s][debug  ][gc,ergo        ] GC(47) avg_survived_padded_avg: 31892174.000000
[13.084s][debug  ][gc,ergo        ] GC(47) avg_promoted_padded_avg: 270789600.000000  avg_pretenured_padded_avg: 0.000000  tenuring_thresh: 1  target_size: 31981568
[13.084s][debug  ][gc,age         ] GC(47) Desired survivor size 31981568 bytes, new threshold 1 (max threshold 15)
[13.084s][debug  ][gc,ergo        ] GC(47) PSAdaptiveSizePolicy::compute_eden_space_size limits: desired_eden_size: 234127750 old_eden_size: 203948032 eden_limit: 204472320 cur_eden: 203948032 max_eden_size: 204472320 avg_young_live: 26021544
[13.084s][debug  ][gc,ergo        ] GC(47) PSAdaptiveSizePolicy::compute_eden_space_size: costs minor_time: 0.050834 major_cost: 0.025113 mutator_cost: 0.924053 throughput_goal: 0.990000
[13.084s][debug  ][gc,ergo        ] GC(47) Live_space: 919142400 free_space: 1030225920
[13.084s][debug  ][gc,ergo        ] GC(47) Old eden_size: 203948032 desired_eden_size: 204472320
[13.084s][debug  ][gc,ergo        ] GC(47) AdaptiveSizeStop: collection: 48 
[13.084s][info   ][gc,heap        ] GC(47) PSYoungGen: 229129K(230400K)->30720K(230912K) Eden: 198409K(199168K)->0K(199680K) From: 30720K(31232K)->30720K(31232K)
[13.084s][info   ][gc,heap        ] GC(47) ParOldGen: 1179236K(1978880K)->1373797K(1978880K)
[13.084s][info   ][gc,metaspace   ] GC(47) Metaspace: 1019K(1152K)->1019K(1152K) NonClass: 935K(960K)->935K(960K) Class: 83K(192K)->83K(192K)
[13.084s][info   ][gc             ] GC(47) Pause Young (Allocation Failure) 1375M->1371M(2158M) 20.001ms
[13.084s][info   ][gc,cpu         ] GC(47) User=0.11s Sys=0.19s Real=0.02s
[13.085s][debug  ][gc,heap        ] GC(47) Heap after GC invocations=48 (full 7):
[13.085s][debug  ][gc,heap        ] GC(47)  PSYoungGen      total 230912K, used 30720K [0x00000007f0000000, 0x0000000800000000, 0x0000000800000000)
[13.085s][debug  ][gc,heap        ] GC(47)   eden space 199680K, 0% used [0x00000007f0000000,0x00000007f0000000,0x00000007fc300000)
[13.085s][debug  ][gc,heap        ] GC(47)   from space 31232K, 98% used [0x00000007fe180000,0x00000007fff80030,0x0000000800000000)
[13.085s][debug  ][gc,heap        ] GC(47)   to   space 31232K, 0% used [0x00000007fc300000,0x00000007fc300000,0x00000007fe180000)
[13.085s][debug  ][gc,heap        ] GC(47)  ParOldGen       total 1978880K, used 1373797K [0x0000000740000000, 0x00000007b8c80000, 0x00000007f0000000)
[13.085s][debug  ][gc,heap        ] GC(47)   object space 1978880K, 69% used [0x0000000740000000,0x0000000793d99458,0x00000007b8c80000)
[13.085s][debug  ][gc,heap        ] GC(47)  Metaspace       used 1019K, committed 1152K, reserved 1056768K
[13.085s][debug  ][gc,heap        ] GC(47)   class space    used 83K, committed 192K, reserved 1048576K
[13.085s][debug  ][gc,task,time   ] GC(47) VM-Thread 130639141 130829289 130846940
[13.397s][debug  ][gc,heap        ] GC(48) Heap before GC invocations=49 (full 7):
[13.397s][debug  ][gc,heap        ] GC(48)  PSYoungGen      total 230912K, used 229159K [0x00000007f0000000, 0x0000000800000000, 0x0000000800000000)
[13.397s][debug  ][gc,heap        ] GC(48)   eden space 199680K, 99% used [0x00000007f0000000,0x00000007fc1c9d70,0x00000007fc300000)
[13.397s][debug  ][gc,heap        ] GC(48)   from space 31232K, 98% used [0x00000007fe180000,0x00000007fff80030,0x0000000800000000)
[13.397s][debug  ][gc,heap        ] GC(48)   to   space 31232K, 0% used [0x00000007fc300000,0x00000007fc300000,0x00000007fe180000)
[13.397s][debug  ][gc,heap        ] GC(48)  ParOldGen       total 1978880K, used 1373797K [0x0000000740000000, 0x00000007b8c80000, 0x00000007f0000000)
[13.397s][debug  ][gc,heap        ] GC(48)   object space 1978880K, 69% used [0x0000000740000000,0x0000000793d99458,0x00000007b8c80000)
[13.397s][debug  ][gc,heap        ] GC(48)  Metaspace       used 1019K, committed 1152K, reserved 1056768K
[13.397s][debug  ][gc,heap        ] GC(48)   class space    used 83K, committed 192K, reserved 1048576K
[13.397s][debug  ][gc,tlab        ] GC(48) TLAB totals: thrds: 1  refills: 1 max: 1 slow allocs: 18 max 18 waste: 27.5% gc: 3972160B max: 3972160B slow: 0B max: 0B
[13.397s][info   ][gc,start       ] GC(48) Pause Young (Allocation Failure)
[13.397s][debug  ][gc,phases,start] GC(48) Scavenge
[13.415s][debug  ][gc,phases      ] GC(48) Scavenge 18.488ms
[13.416s][debug  ][gc,phases,start] GC(48) Reference Processing
[13.416s][debug  ][gc,ref         ] GC(48) Skipped phase 1 of Reference Processing: no references
[13.416s][debug  ][gc,ref         ] GC(48) Skipped phase 2 of Reference Processing: no references
[13.416s][debug  ][gc,ref         ] GC(48) Skipped phase 3 of Reference Processing: no references
[13.416s][debug  ][gc,ref         ] GC(48) Skipped phase 4 of Reference Processing: no references
[13.416s][debug  ][gc,phases,ref  ] GC(48) Reference Processing: 0.1ms
[13.416s][debug  ][gc,phases,ref  ] GC(48)   Reconsider SoftReferences: 0.0ms
[13.416s][debug  ][gc,phases,ref  ] GC(48)     SoftRef (ms):                  skipped
[13.416s][debug  ][gc,phases,ref  ] GC(48)   Notify Soft/WeakReferences: 0.0ms
[13.416s][debug  ][gc,phases,ref  ] GC(48)     SoftRef (ms):                  skipped
[13.416s][debug  ][gc,phases,ref  ] GC(48)     WeakRef (ms):                  skipped
[13.416s][debug  ][gc,phases,ref  ] GC(48)     FinalRef (ms):                 skipped
[13.416s][debug  ][gc,phases,ref  ] GC(48)     Total (ms):                    skipped
[13.416s][debug  ][gc,phases,ref  ] GC(48)   Notify and keep alive finalizable: 0.0ms
[13.416s][debug  ][gc,phases,ref  ] GC(48)     FinalRef (ms):                 skipped
[13.416s][debug  ][gc,phases,ref  ] GC(48)   Notify PhantomReferences: 0.0ms
[13.416s][debug  ][gc,phases,ref  ] GC(48)     PhantomRef (ms):               skipped
[13.416s][debug  ][gc,phases,ref  ] GC(48)   SoftReference:
[13.416s][debug  ][gc,phases,ref  ] GC(48)     Discovered: 0
[13.416s][debug  ][gc,phases,ref  ] GC(48)     Cleared: 0
[13.416s][debug  ][gc,phases,ref  ] GC(48)   WeakReference:
[13.416s][debug  ][gc,phases,ref  ] GC(48)     Discovered: 0
[13.416s][debug  ][gc,phases,ref  ] GC(48)     Cleared: 0
[13.416s][debug  ][gc,phases,ref  ] GC(48)   FinalReference:
[13.416s][debug  ][gc,phases,ref  ] GC(48)     Discovered: 0
[13.416s][debug  ][gc,phases,ref  ] GC(48)     Cleared: 0
[13.416s][debug  ][gc,phases,ref  ] GC(48)   PhantomReference:
[13.416s][debug  ][gc,phases,ref  ] GC(48)     Discovered: 0
[13.416s][debug  ][gc,phases,ref  ] GC(48)     Cleared: 0
[13.416s][debug  ][gc,phases      ] GC(48) Reference Processing 0.700ms
[13.416s][debug  ][gc,phases,start] GC(48) Weak Processing
[13.416s][debug  ][gc,phases      ] GC(48)   VM Weak                        Min:  0.0, Avg:  0.0, Max:  0.0, Diff:  0.0, Sum:  0.0, Workers: 6
[13.416s][debug  ][gc,phases      ] GC(48)     Dead                           Min: 0, Avg:  0.0, Max: 0, Diff: 0, Sum: 0, Workers: 6
[13.416s][debug  ][gc,phases      ] GC(48)     Total                          Min: 0, Avg:  1.3, Max: 8, Diff: 8, Sum: 8, Workers: 6
[13.416s][debug  ][gc,phases      ] GC(48)   ObjectSynchronizer Weak        Min:  0.0, Avg:  0.0, Max:  0.0, Diff:  0.0, Sum:  0.0, Workers: 6
[13.416s][debug  ][gc,phases      ] GC(48)     Dead                           Min: 0, Avg:  0.0, Max: 0, Diff: 0, Sum: 0, Workers: 6
[13.416s][debug  ][gc,phases      ] GC(48)     Total                          Min: 0, Avg:  0.5, Max: 3, Diff: 3, Sum: 3, Workers: 6
[13.416s][debug  ][gc,phases      ] GC(48)   JVMTI Tag Weak OopStorage      Min:  0.0, Avg:  0.0, Max:  0.0, Diff:  0.0, Sum:  0.0, Workers: 6
[13.416s][debug  ][gc,phases      ] GC(48)     Dead                           Min: 0, Avg:  0.0, Max: 0, Diff: 0, Sum: 0, Workers: 6
[13.417s][debug  ][gc,phases      ] GC(48)     Total                          Min: 0, Avg:  0.0, Max: 0, Diff: 0, Sum: 0, Workers: 6
[13.417s][debug  ][gc,phases      ] GC(48)   StringTable Weak               Min:  0.0, Avg:  0.0, Max:  0.0, Diff:  0.0, Sum:  0.0, Workers: 6
[13.417s][debug  ][gc,phases      ] GC(48)     Dead                           Min: 0, Avg:  0.0, Max: 0, Diff: 0, Sum: 0, Workers: 6
[13.417s][debug  ][gc,phases      ] GC(48)     Total                          Min: 703, Avg: 892.5, Max: 1068, Diff: 365, Sum: 5355, Workers: 6
[13.417s][debug  ][gc,phases      ] GC(48)   ResolvedMethodTable Weak       Min:  0.0, Avg:  0.0, Max:  0.0, Diff:  0.0, Sum:  0.0, Workers: 6
[13.417s][debug  ][gc,phases      ] GC(48)     Dead                           Min: 0, Avg:  0.0, Max: 0, Diff: 0, Sum: 0, Workers: 6
[13.417s][debug  ][gc,phases      ] GC(48)     Total                          Min: 0, Avg: 21.7, Max: 64, Diff: 64, Sum: 130, Workers: 6
[13.417s][debug  ][gc,phases      ] GC(48)   JNI Weak                       Min:  0.0, Avg:  0.0, Max:  0.0, Diff:  0.0, Sum:  0.0, Workers: 6
[13.417s][debug  ][gc,phases      ] GC(48)     Dead                           Min: 0, Avg:  0.0, Max: 0, Diff: 0, Sum: 0, Workers: 6
[13.417s][debug  ][gc,phases      ] GC(48)     Total                          Min: 0, Avg:  0.0, Max: 0, Diff: 0, Sum: 0, Workers: 6
[13.417s][debug  ][gc,phases      ] GC(48)   StringDedup Table Weak         Min:  0.0, Avg:  0.0, Max:  0.0, Diff:  0.0, Sum:  0.0, Workers: 6
[13.417s][debug  ][gc,phases      ] GC(48)     Dead                           Min: 0, Avg:  0.0, Max: 0, Diff: 0, Sum: 0, Workers: 6
[13.417s][debug  ][gc,phases      ] GC(48)     Total                          Min: 0, Avg:  0.0, Max: 0, Diff: 0, Sum: 0, Workers: 6
[13.417s][debug  ][gc,phases      ] GC(48)   StringDedup Requests0 Weak     Min:  0.0, Avg:  0.0, Max:  0.0, Diff:  0.0, Sum:  0.0, Workers: 6
[13.417s][debug  ][gc,phases      ] GC(48)     Dead                           Min: 0, Avg:  0.0, Max: 0, Diff: 0, Sum: 0, Workers: 6
[13.417s][debug  ][gc,phases      ] GC(48)     Total                          Min: 0, Avg:  0.0, Max: 0, Diff: 0, Sum: 0, Workers: 6
[13.417s][debug  ][gc,phases      ] GC(48)   StringDedup Requests1 Weak     Min:  0.0, Avg:  0.0, Max:  0.0, Diff:  0.0, Sum:  0.0, Workers: 6
[13.417s][debug  ][gc,phases      ] GC(48)     Dead                           Min: 0, Avg:  0.0, Max: 0, Diff: 0, Sum: 0, Workers: 6
[13.417s][debug  ][gc,phases      ] GC(48)     Total                          Min: 0, Avg:  0.0, Max: 0, Diff: 0, Sum: 0, Workers: 6
[13.417s][debug  ][gc,phases      ] GC(48)   Weak JFR Old Object Samples    Min:  0.0, Avg:  0.0, Max:  0.0, Diff:  0.0, Sum:  0.0, Workers: 6
[13.417s][debug  ][gc,phases      ] GC(48)     Dead                           Min: 0, Avg:  0.0, Max: 0, Diff: 0, Sum: 0, Workers: 6
[13.417s][debug  ][gc,phases      ] GC(48)     Total                          Min: 0, Avg:  0.0, Max: 0, Diff: 0, Sum: 0, Workers: 6
[13.417s][debug  ][gc,phases      ] GC(48) Weak Processing 0.670ms
[13.417s][debug  ][gc,ergo        ] GC(48) AdaptiveSizeStart:  collection: 49 
[13.417s][debug  ][gc,ergo        ] GC(48) avg_survived_padded_avg: 31858782.000000
[13.417s][debug  ][gc,ergo        ] GC(48) avg_promoted_padded_avg: 271966272.000000  avg_pretenured_padded_avg: 0.000000  tenuring_thresh: 1  target_size: 31981568
[13.417s][debug  ][gc,age         ] GC(48) Desired survivor size 31981568 bytes, new threshold 1 (max threshold 15)
[13.417s][debug  ][gc,ergo        ] GC(48) PSAdaptiveSizePolicy::compute_eden_space_size limits: desired_eden_size: 235090954 old_eden_size: 204472320 eden_limit: 204472320 cur_eden: 204472320 max_eden_size: 204472320 avg_young_live: 26565122
[13.417s][debug  ][gc,ergo        ] GC(48) PSAdaptiveSizePolicy::compute_eden_space_size: costs minor_time: 0.053138 major_cost: 0.025113 mutator_cost: 0.921750 throughput_goal: 0.990000
[13.417s][debug  ][gc,ergo        ] GC(48) Live_space: 919686016 free_space: 1030750208
[13.417s][debug  ][gc,ergo        ] GC(48) Old eden_size: 204472320 desired_eden_size: 204472320
[13.417s][debug  ][gc,ergo        ] GC(48) AdaptiveSizeStop: collection: 49 
[13.417s][info   ][gc,heap        ] GC(48) PSYoungGen: 229159K(230912K)->30720K(230912K) Eden: 198439K(199680K)->0K(199680K) From: 30720K(31232K)->30720K(31232K)
[13.417s][info   ][gc,heap        ] GC(48) ParOldGen: 1373797K(1978880K)->1568357K(1978880K)
[13.417s][info   ][gc,metaspace   ] GC(48) Metaspace: 1019K(1152K)->1019K(1152K) NonClass: 935K(960K)->935K(960K) Class: 83K(192K)->83K(192K)
[13.417s][info   ][gc             ] GC(48) Pause Young (Allocation Failure) 1565M->1561M(2158M) 20.299ms
[13.417s][info   ][gc,cpu         ] GC(48) User=0.00s Sys=0.16s Real=0.02s
[13.417s][debug  ][gc,heap        ] GC(48) Heap after GC invocations=49 (full 7):
[13.417s][debug  ][gc,heap        ] GC(48)  PSYoungGen      total 230912K, used 30720K [0x00000007f0000000, 0x0000000800000000, 0x0000000800000000)
[13.417s][debug  ][gc,heap        ] GC(48)   eden space 199680K, 0% used [0x00000007f0000000,0x00000007f0000000,0x00000007fc300000)
[13.417s][debug  ][gc,heap        ] GC(48)   from space 31232K, 98% used [0x00000007fc300000,0x00000007fe100030,0x00000007fe180000)
[13.417s][debug  ][gc,heap        ] GC(48)   to   space 31232K, 0% used [0x00000007fe180000,0x00000007fe180000,0x0000000800000000)
[13.417s][debug  ][gc,heap        ] GC(48)  ParOldGen       total 1978880K, used 1568357K [0x0000000740000000, 0x00000007b8c80000, 0x00000007f0000000)
[13.417s][debug  ][gc,heap        ] GC(48)   object space 1978880K, 79% used [0x0000000740000000,0x000000079fb99588,0x00000007b8c80000)
[13.417s][debug  ][gc,heap        ] GC(48)  Metaspace       used 1019K, committed 1152K, reserved 1056768K
[13.417s][debug  ][gc,heap        ] GC(48)   class space    used 83K, committed 192K, reserved 1048576K
[13.417s][debug  ][gc,task,time   ] GC(48) VM-Thread 133965191 134155612 134174829
[13.714s][debug  ][gc,heap        ] GC(49) Heap before GC invocations=50 (full 7):
[13.714s][debug  ][gc,heap        ] GC(49)  PSYoungGen      total 230912K, used 229172K [0x00000007f0000000, 0x0000000800000000, 0x0000000800000000)
[13.714s][debug  ][gc,heap        ] GC(49)   eden space 199680K, 99% used [0x00000007f0000000,0x00000007fc1cd080,0x00000007fc300000)
[13.714s][debug  ][gc,heap        ] GC(49)   from space 31232K, 98% used [0x00000007fc300000,0x00000007fe100030,0x00000007fe180000)
[13.714s][debug  ][gc,heap        ] GC(49)   to   space 31232K, 0% used [0x00000007fe180000,0x00000007fe180000,0x0000000800000000)
[13.714s][debug  ][gc,heap        ] GC(49)  ParOldGen       total 1978880K, used 1568357K [0x0000000740000000, 0x00000007b8c80000, 0x00000007f0000000)
[13.714s][debug  ][gc,heap        ] GC(49)   object space 1978880K, 79% used [0x0000000740000000,0x000000079fb99588,0x00000007b8c80000)
[13.714s][debug  ][gc,heap        ] GC(49)  Metaspace       used 1019K, committed 1152K, reserved 1056768K
[13.714s][debug  ][gc,heap        ] GC(49)   class space    used 83K, committed 192K, reserved 1048576K
[13.714s][debug  ][gc,tlab        ] GC(49) TLAB totals: thrds: 1  refills: 1 max: 1 slow allocs: 18 max 18 waste: 27.5% gc: 3985232B max: 3985232B slow: 0B max: 0B
[13.714s][info   ][gc,start       ] GC(49) Pause Young (Allocation Failure)
[13.714s][debug  ][gc,phases,start] GC(49) Scavenge
[13.731s][debug  ][gc,phases      ] GC(49) Scavenge 16.432ms
[13.731s][debug  ][gc,phases,start] GC(49) Reference Processing
[13.731s][debug  ][gc,ref         ] GC(49) Skipped phase 1 of Reference Processing: no references
[13.731s][debug  ][gc,ref         ] GC(49) Skipped phase 2 of Reference Processing: no references
[13.731s][debug  ][gc,ref         ] GC(49) Skipped phase 3 of Reference Processing: no references
[13.731s][debug  ][gc,ref         ] GC(49) Skipped phase 4 of Reference Processing: no references
[13.731s][debug  ][gc,phases,ref  ] GC(49) Reference Processing: 0.1ms
[13.731s][debug  ][gc,phases,ref  ] GC(49)   Reconsider SoftReferences: 0.0ms
[13.731s][debug  ][gc,phases,ref  ] GC(49)     SoftRef (ms):                  skipped
[13.731s][debug  ][gc,phases,ref  ] GC(49)   Notify Soft/WeakReferences: 0.0ms
[13.731s][debug  ][gc,phases,ref  ] GC(49)     SoftRef (ms):                  skipped
[13.731s][debug  ][gc,phases,ref  ] GC(49)     WeakRef (ms):                  skipped
[13.731s][debug  ][gc,phases,ref  ] GC(49)     FinalRef (ms):                 skipped
[13.731s][debug  ][gc,phases,ref  ] GC(49)     Total (ms):                    skipped
[13.731s][debug  ][gc,phases,ref  ] GC(49)   Notify and keep alive finalizable: 0.0ms
[13.731s][debug  ][gc,phases,ref  ] GC(49)     FinalRef (ms):                 skipped
[13.731s][debug  ][gc,phases,ref  ] GC(49)   Notify PhantomReferences: 0.0ms
[13.731s][debug  ][gc,phases,ref  ] GC(49)     PhantomRef (ms):               skipped
[13.731s][debug  ][gc,phases,ref  ] GC(49)   SoftReference:
[13.731s][debug  ][gc,phases,ref  ] GC(49)     Discovered: 0
[13.731s][debug  ][gc,phases,ref  ] GC(49)     Cleared: 0
[13.731s][debug  ][gc,phases,ref  ] GC(49)   WeakReference:
[13.731s][debug  ][gc,phases,ref  ] GC(49)     Discovered: 0
[13.731s][debug  ][gc,phases,ref  ] GC(49)     Cleared: 0
[13.731s][debug  ][gc,phases,ref  ] GC(49)   FinalReference:
[13.731s][debug  ][gc,phases,ref  ] GC(49)     Discovered: 0
[13.731s][debug  ][gc,phases,ref  ] GC(49)     Cleared: 0
[13.731s][debug  ][gc,phases,ref  ] GC(49)   PhantomReference:
[13.731s][debug  ][gc,phases,ref  ] GC(49)     Discovered: 0
[13.731s][debug  ][gc,phases,ref  ] GC(49)     Cleared: 0
[13.731s][debug  ][gc,phases      ] GC(49) Reference Processing 0.574ms
[13.731s][debug  ][gc,phases,start] GC(49) Weak Processing
[13.732s][debug  ][gc,phases      ] GC(49)   VM Weak                        Min:  0.0, Avg:  0.0, Max:  0.0, Diff:  0.0, Sum:  0.0, Workers: 6
[13.732s][debug  ][gc,phases      ] GC(49)     Dead                           Min: 0, Avg:  0.0, Max: 0, Diff: 0, Sum: 0, Workers: 6
[13.732s][debug  ][gc,phases      ] GC(49)     Total                          Min: 0, Avg:  1.3, Max: 8, Diff: 8, Sum: 8, Workers: 6
[13.732s][debug  ][gc,phases      ] GC(49)   ObjectSynchronizer Weak        Min:  0.0, Avg:  0.0, Max:  0.0, Diff:  0.0, Sum:  0.0, Workers: 6
[13.732s][debug  ][gc,phases      ] GC(49)     Dead                           Min: 0, Avg:  0.0, Max: 0, Diff: 0, Sum: 0, Workers: 6
[13.732s][debug  ][gc,phases      ] GC(49)     Total                          Min: 0, Avg:  0.5, Max: 3, Diff: 3, Sum: 3, Workers: 6
[13.732s][debug  ][gc,phases      ] GC(49)   JVMTI Tag Weak OopStorage      Min:  0.0, Avg:  0.0, Max:  0.0, Diff:  0.0, Sum:  0.0, Workers: 6
[13.732s][debug  ][gc,phases      ] GC(49)     Dead                           Min: 0, Avg:  0.0, Max: 0, Diff: 0, Sum: 0, Workers: 6
[13.732s][debug  ][gc,phases      ] GC(49)     Total                          Min: 0, Avg:  0.0, Max: 0, Diff: 0, Sum: 0, Workers: 6
[13.732s][debug  ][gc,phases      ] GC(49)   StringTable Weak               Min:  0.0, Avg:  0.0, Max:  0.0, Diff:  0.0, Sum:  0.0, Workers: 6
[13.732s][debug  ][gc,phases      ] GC(49)     Dead                           Min: 0, Avg:  0.0, Max: 0, Diff: 0, Sum: 0, Workers: 6
[13.732s][debug  ][gc,phases      ] GC(49)     Total                          Min: 703, Avg: 892.5, Max: 1088, Diff: 385, Sum: 5355, Workers: 6
[13.732s][debug  ][gc,phases      ] GC(49)   ResolvedMethodTable Weak       Min:  0.0, Avg:  0.0, Max:  0.0, Diff:  0.0, Sum:  0.0, Workers: 6
[13.732s][debug  ][gc,phases      ] GC(49)     Dead                           Min: 0, Avg:  0.0, Max: 0, Diff: 0, Sum: 0, Workers: 6
[13.732s][debug  ][gc,phases      ] GC(49)     Total                          Min: 0, Avg: 21.7, Max: 64, Diff: 64, Sum: 130, Workers: 6
[13.732s][debug  ][gc,phases      ] GC(49)   JNI Weak                       Min:  0.0, Avg:  0.0, Max:  0.0, Diff:  0.0, Sum:  0.0, Workers: 6
[13.732s][debug  ][gc,phases      ] GC(49)     Dead                           Min: 0, Avg:  0.0, Max: 0, Diff: 0, Sum: 0, Workers: 6
[13.732s][debug  ][gc,phases      ] GC(49)     Total                          Min: 0, Avg:  0.0, Max: 0, Diff: 0, Sum: 0, Workers: 6
[13.732s][debug  ][gc,phases      ] GC(49)   StringDedup Table Weak         Min:  0.0, Avg:  0.0, Max:  0.0, Diff:  0.0, Sum:  0.0, Workers: 6
[13.732s][debug  ][gc,phases      ] GC(49)     Dead                           Min: 0, Avg:  0.0, Max: 0, Diff: 0, Sum: 0, Workers: 6
[13.732s][debug  ][gc,phases      ] GC(49)     Total                          Min: 0, Avg:  0.0, Max: 0, Diff: 0, Sum: 0, Workers: 6
[13.732s][debug  ][gc,phases      ] GC(49)   StringDedup Requests0 Weak     Min:  0.0, Avg:  0.0, Max:  0.0, Diff:  0.0, Sum:  0.0, Workers: 6
[13.732s][debug  ][gc,phases      ] GC(49)     Dead                           Min: 0, Avg:  0.0, Max: 0, Diff: 0, Sum: 0, Workers: 6
[13.732s][debug  ][gc,phases      ] GC(49)     Total                          Min: 0, Avg:  0.0, Max: 0, Diff: 0, Sum: 0, Workers: 6
[13.732s][debug  ][gc,phases      ] GC(49)   StringDedup Requests1 Weak     Min:  0.0, Avg:  0.0, Max:  0.0, Diff:  0.0, Sum:  0.0, Workers: 6
[13.732s][debug  ][gc,phases      ] GC(49)     Dead                           Min: 0, Avg:  0.0, Max: 0, Diff: 0, Sum: 0, Workers: 6
[13.732s][debug  ][gc,phases      ] GC(49)     Total                          Min: 0, Avg:  0.0, Max: 0, Diff: 0, Sum: 0, Workers: 6
[13.732s][debug  ][gc,phases      ] GC(49)   Weak JFR Old Object Samples    Min:  0.0, Avg:  0.0, Max:  0.0, Diff:  0.0, Sum:  0.0, Workers: 6
[13.732s][debug  ][gc,phases      ] GC(49)     Dead                           Min: 0, Avg:  0.0, Max: 0, Diff: 0, Sum: 0, Workers: 6
[13.732s][debug  ][gc,phases      ] GC(49)     Total                          Min: 0, Avg:  0.0, Max: 0, Diff: 0, Sum: 0, Workers: 6
[13.732s][debug  ][gc,phases      ] GC(49) Weak Processing 0.674ms
[13.732s][debug  ][gc,ergo        ] GC(49) AdaptiveSizeStart:  collection: 50 
[13.732s][debug  ][gc,ergo        ] GC(49) avg_survived_padded_avg: 31827722.000000
[13.732s][debug  ][gc,ergo        ] GC(49) avg_promoted_padded_avg: 272192000.000000  avg_pretenured_padded_avg: 0.000000  tenuring_thresh: 1  target_size: 31981568
[13.732s][debug  ][gc,age         ] GC(49) Desired survivor size 31981568 bytes, new threshold 1 (max threshold 15)
[13.732s][debug  ][gc,ergo        ] GC(49) PSAdaptiveSizePolicy::compute_eden_space_size limits: desired_eden_size: 235239928 old_eden_size: 204472320 eden_limit: 204472320 cur_eden: 204472320 max_eden_size: 204472320 avg_young_live: 27054342
[13.732s][debug  ][gc,ergo        ] GC(49) PSAdaptiveSizePolicy::compute_eden_space_size: costs minor_time: 0.053952 major_cost: 0.025113 mutator_cost: 0.920936 throughput_goal: 0.990000
[13.732s][debug  ][gc,ergo        ] GC(49) Live_space: 920175232 free_space: 1030750208
[13.732s][debug  ][gc,ergo        ] GC(49) Old eden_size: 204472320 desired_eden_size: 204472320
[13.732s][debug  ][gc,ergo        ] GC(49) AdaptiveSizeStop: collection: 50 
[13.732s][info   ][gc,heap        ] GC(49) PSYoungGen: 229172K(230912K)->30720K(230912K) Eden: 198452K(199680K)->0K(199680K) From: 30720K(31232K)->30720K(31232K)
[13.732s][info   ][gc,heap        ] GC(49) ParOldGen: 1568357K(1978880K)->1762917K(1978880K)
[13.732s][info   ][gc,metaspace   ] GC(49) Metaspace: 1019K(1152K)->1019K(1152K) NonClass: 935K(960K)->935K(960K) Class: 83K(192K)->83K(192K)
[13.732s][info   ][gc             ] GC(49) Pause Young (Allocation Failure) 1755M->1751M(2158M) 18.074ms
[13.732s][info   ][gc,cpu         ] GC(49) User=0.03s Sys=0.12s Real=0.02s
[13.732s][debug  ][gc,heap        ] GC(49) Heap after GC invocations=50 (full 7):
[13.733s][debug  ][gc,heap        ] GC(49)  PSYoungGen      total 230912K, used 30720K [0x00000007f0000000, 0x0000000800000000, 0x0000000800000000)
[13.733s][debug  ][gc,heap        ] GC(49)   eden space 199680K, 0% used [0x00000007f0000000,0x00000007f0000000,0x00000007fc300000)
[13.733s][debug  ][gc,heap        ] GC(49)   from space 31232K, 98% used [0x00000007fe180000,0x00000007fff80030,0x0000000800000000)
[13.733s][debug  ][gc,heap        ] GC(49)   to   space 31232K, 0% used [0x00000007fc300000,0x00000007fc300000,0x00000007fe180000)
[13.733s][debug  ][gc,heap        ] GC(49)  ParOldGen       total 1978880K, used 1762917K [0x0000000740000000, 0x00000007b8c80000, 0x00000007f0000000)
[13.733s][debug  ][gc,heap        ] GC(49)   object space 1978880K, 89% used [0x0000000740000000,0x00000007ab9996b8,0x00000007b8c80000)
[13.733s][debug  ][gc,heap        ] GC(49)  Metaspace       used 1019K, committed 1152K, reserved 1056768K
[13.733s][debug  ][gc,heap        ] GC(49)   class space    used 83K, committed 192K, reserved 1048576K
[13.733s][debug  ][gc,task,time   ] GC(49) VM-Thread 137140479 137308915 137326762
[13.733s][debug  ][gc,phases,start] GC(50) Pre Compact
[13.733s][debug  ][gc,heap        ] GC(50) Heap before GC invocations=51 (full 8):
[13.733s][debug  ][gc,heap        ] GC(50)  PSYoungGen      total 230912K, used 30720K [0x00000007f0000000, 0x0000000800000000, 0x0000000800000000)
[13.733s][debug  ][gc,heap        ] GC(50)   eden space 199680K, 0% used [0x00000007f0000000,0x00000007f0000000,0x00000007fc300000)
[13.733s][debug  ][gc,heap        ] GC(50)   from space 31232K, 98% used [0x00000007fe180000,0x00000007fff80030,0x0000000800000000)
[13.733s][debug  ][gc,heap        ] GC(50)   to   space 31232K, 0% used [0x00000007fc300000,0x00000007fc300000,0x00000007fe180000)
[13.733s][debug  ][gc,heap        ] GC(50)  ParOldGen       total 1978880K, used 1762917K [0x0000000740000000, 0x00000007b8c80000, 0x00000007f0000000)
[13.733s][debug  ][gc,heap        ] GC(50)   object space 1978880K, 89% used [0x0000000740000000,0x00000007ab9996b8,0x00000007b8c80000)
[13.733s][debug  ][gc,heap        ] GC(50)  Metaspace       used 1019K, committed 1152K, reserved 1056768K
[13.733s][debug  ][gc,heap        ] GC(50)   class space    used 83K, committed 192K, reserved 1048576K
[13.733s][debug  ][gc,phases      ] GC(50) Pre Compact 0.204ms
[13.733s][info   ][gc,start       ] GC(50) Pause Full (Ergonomics)
[13.733s][info   ][gc,phases,start] GC(50) Marking Phase
[13.733s][debug  ][gc,phases,start] GC(50) Par Mark
[13.734s][debug  ][gc,phases      ] GC(50) Par Mark 0.531ms
[13.734s][debug  ][gc,phases,start] GC(50) Reference Processing
[13.734s][debug  ][gc,ref         ] GC(50) Skipped phase 1 of Reference Processing: no references
[13.734s][debug  ][gc,ref         ] GC(50) ReferenceProcessor::execute queues: 1, RefProcThreadModel::Single, marks_oops_alive: false
[13.734s][debug  ][gc,ref         ] GC(50) Skipped phase 3 of Reference Processing: no references
[13.734s][debug  ][gc,ref         ] GC(50) ReferenceProcessor::execute queues: 1, RefProcThreadModel::Single, marks_oops_alive: false
[13.734s][debug  ][gc,phases,ref  ] GC(50) Reference Processing: 0.1ms
[13.734s][debug  ][gc,phases,ref  ] GC(50)   Reconsider SoftReferences: 0.0ms
[13.734s][debug  ][gc,phases,ref  ] GC(50)     SoftRef (ms):                  skipped
[13.734s][debug  ][gc,phases,ref  ] GC(50)   Notify Soft/WeakReferences: 0.0ms
[13.734s][debug  ][gc,phases,ref  ] GC(50)     SoftRef (ms):                  Min:  0.0, Avg:  0.0, Max:  0.0, Diff:  0.0, Sum:  0.0, Workers: 10
[13.734s][debug  ][gc,phases,ref  ] GC(50)     WeakRef (ms):                  Min:  0.0, Avg:  0.0, Max:  0.0, Diff:  0.0, Sum:  0.0, Workers: 10
[13.734s][debug  ][gc,phases,ref  ] GC(50)     FinalRef (ms):                 Min:  0.0, Avg:  0.0, Max:  0.0, Diff:  0.0, Sum:  0.0, Workers: 10
[13.734s][debug  ][gc,phases,ref  ] GC(50)     Total (ms):                    Min:  0.0, Avg:  0.0, Max:  0.0, Diff:  0.0, Sum:  0.0, Workers: 10
[13.734s][debug  ][gc,phases,ref  ] GC(50)   Notify and keep alive finalizable: 0.0ms
[13.734s][debug  ][gc,phases,ref  ] GC(50)     FinalRef (ms):                 skipped
[13.734s][debug  ][gc,phases,ref  ] GC(50)   Notify PhantomReferences: 0.0ms
[13.734s][debug  ][gc,phases,ref  ] GC(50)     PhantomRef (ms):               Min:  0.0, Avg:  0.0, Max:  0.0, Diff:  0.0, Sum:  0.0, Workers: 10
[13.734s][debug  ][gc,phases,ref  ] GC(50)   SoftReference:
[13.734s][debug  ][gc,phases,ref  ] GC(50)     Discovered: 0
[13.734s][debug  ][gc,phases,ref  ] GC(50)     Cleared: 0
[13.734s][debug  ][gc,phases,ref  ] GC(50)   WeakReference:
[13.734s][debug  ][gc,phases,ref  ] GC(50)     Discovered: 64
[13.734s][debug  ][gc,phases,ref  ] GC(50)     Cleared: 64
[13.734s][debug  ][gc,phases,ref  ] GC(50)   FinalReference:
[13.734s][debug  ][gc,phases,ref  ] GC(50)     Discovered: 0
[13.734s][debug  ][gc,phases,ref  ] GC(50)     Cleared: 0
[13.734s][debug  ][gc,phases,ref  ] GC(50)   PhantomReference:
[13.734s][debug  ][gc,phases,ref  ] GC(50)     Discovered: 3
[13.734s][debug  ][gc,phases,ref  ] GC(50)     Cleared: 3
[13.734s][debug  ][gc,phases      ] GC(50) Reference Processing 0.576ms
[13.734s][debug  ][gc,phases,start] GC(50) Weak Processing
[13.734s][debug  ][gc,phases      ] GC(50)   VM Weak                        Min:  0.0, Avg:  0.0, Max:  0.0, Diff:  0.0, Sum:  0.0, Workers: 6
[13.734s][debug  ][gc,phases      ] GC(50)     Dead                           Min: 0, Avg:  0.0, Max: 0, Diff: 0, Sum: 0, Workers: 6
[13.734s][debug  ][gc,phases      ] GC(50)     Total                          Min: 0, Avg:  1.3, Max: 8, Diff: 8, Sum: 8, Workers: 6
[13.734s][debug  ][gc,phases      ] GC(50)   ObjectSynchronizer Weak        Min:  0.0, Avg:  0.0, Max:  0.0, Diff:  0.0, Sum:  0.0, Workers: 6
[13.734s][debug  ][gc,phases      ] GC(50)     Dead                           Min: 0, Avg:  0.0, Max: 0, Diff: 0, Sum: 0, Workers: 6
[13.734s][debug  ][gc,phases      ] GC(50)     Total                          Min: 0, Avg:  0.5, Max: 3, Diff: 3, Sum: 3, Workers: 6
[13.734s][debug  ][gc,phases      ] GC(50)   JVMTI Tag Weak OopStorage      Min:  0.0, Avg:  0.0, Max:  0.0, Diff:  0.0, Sum:  0.0, Workers: 6
[13.734s][debug  ][gc,phases      ] GC(50)     Dead                           Min: 0, Avg:  0.0, Max: 0, Diff: 0, Sum: 0, Workers: 6
[13.734s][debug  ][gc,phases      ] GC(50)     Total                          Min: 0, Avg:  0.0, Max: 0, Diff: 0, Sum: 0, Workers: 6
[13.734s][debug  ][gc,phases      ] GC(50)   StringTable Weak               Min:  0.0, Avg:  0.0, Max:  0.0, Diff:  0.0, Sum:  0.0, Workers: 6
[13.734s][debug  ][gc,phases      ] GC(50)     Dead                           Min: 0, Avg:  0.0, Max: 0, Diff: 0, Sum: 0, Workers: 6
[13.734s][debug  ][gc,phases      ] GC(50)     Total                          Min: 684, Avg: 892.5, Max: 1344, Diff: 660, Sum: 5355, Workers: 6
[13.734s][debug  ][gc,phases      ] GC(50)   ResolvedMethodTable Weak       Min:  0.0, Avg:  0.0, Max:  0.0, Diff:  0.0, Sum:  0.0, Workers: 6
[13.734s][debug  ][gc,phases      ] GC(50)     Dead                           Min: 0, Avg:  0.0, Max: 0, Diff: 0, Sum: 0, Workers: 6
[13.734s][debug  ][gc,phases      ] GC(50)     Total                          Min: 0, Avg: 21.7, Max: 64, Diff: 64, Sum: 130, Workers: 6
[13.734s][debug  ][gc,phases      ] GC(50)   JNI Weak                       Min:  0.0, Avg:  0.0, Max:  0.0, Diff:  0.0, Sum:  0.0, Workers: 6
[13.735s][debug  ][gc,phases      ] GC(50)     Dead                           Min: 0, Avg:  0.0, Max: 0, Diff: 0, Sum: 0, Workers: 6
[13.735s][debug  ][gc,phases      ] GC(50)     Total                          Min: 0, Avg:  0.0, Max: 0, Diff: 0, Sum: 0, Workers: 6
[13.735s][debug  ][gc,phases      ] GC(50)   StringDedup Table Weak         Min:  0.0, Avg:  0.0, Max:  0.0, Diff:  0.0, Sum:  0.0, Workers: 6
[13.735s][debug  ][gc,phases      ] GC(50)     Dead                           Min: 0, Avg:  0.0, Max: 0, Diff: 0, Sum: 0, Workers: 6
[13.735s][debug  ][gc,phases      ] GC(50)     Total                          Min: 0, Avg:  0.0, Max: 0, Diff: 0, Sum: 0, Workers: 6
[13.735s][debug  ][gc,phases      ] GC(50)   StringDedup Requests0 Weak     Min:  0.0, Avg:  0.0, Max:  0.0, Diff:  0.0, Sum:  0.0, Workers: 6
[13.735s][debug  ][gc,phases      ] GC(50)     Dead                           Min: 0, Avg:  0.0, Max: 0, Diff: 0, Sum: 0, Workers: 6
[13.735s][debug  ][gc,phases      ] GC(50)     Total                          Min: 0, Avg:  0.0, Max: 0, Diff: 0, Sum: 0, Workers: 6
[13.735s][debug  ][gc,phases      ] GC(50)   StringDedup Requests1 Weak     Min:  0.0, Avg:  0.0, Max:  0.0, Diff:  0.0, Sum:  0.0, Workers: 6
[13.735s][debug  ][gc,phases      ] GC(50)     Dead                           Min: 0, Avg:  0.0, Max: 0, Diff: 0, Sum: 0, Workers: 6
[13.735s][debug  ][gc,phases      ] GC(50)     Total                          Min: 0, Avg:  0.0, Max: 0, Diff: 0, Sum: 0, Workers: 6
[13.735s][debug  ][gc,phases      ] GC(50)   Weak JFR Old Object Samples    Min:  0.0, Avg:  0.0, Max:  0.0, Diff:  0.0, Sum:  0.0, Workers: 6
[13.735s][debug  ][gc,phases      ] GC(50)     Dead                           Min: 0, Avg:  0.0, Max: 0, Diff: 0, Sum: 0, Workers: 6
[13.735s][debug  ][gc,phases      ] GC(50)     Total                          Min: 0, Avg:  0.0, Max: 0, Diff: 0, Sum: 0, Workers: 6
[13.735s][debug  ][gc,phases      ] GC(50) Weak Processing 0.669ms
[13.735s][debug  ][gc,phases,start] GC(50) Class Unloading
[13.735s][debug  ][gc,phases,start] GC(50) ClassLoaderData
[13.735s][debug  ][gc,phases      ] GC(50) ClassLoaderData 0.019ms
[13.735s][debug  ][gc,phases,start] GC(50) Trigger cleanups
[13.735s][debug  ][gc,phases      ] GC(50) Trigger cleanups 0.019ms
[13.735s][debug  ][gc,phases      ] GC(50) Class Unloading 0.252ms
[13.735s][info   ][gc,phases      ] GC(50) Marking Phase 2.142ms
[13.735s][info   ][gc,phases,start] GC(50) Summary Phase
[13.735s][info   ][gc,phases      ] GC(50) Summary Phase 0.038ms
[13.735s][info   ][gc,phases,start] GC(50) Adjust Roots
[13.735s][info   ][gc,phases      ] GC(50) Adjust Roots 0.131ms
[13.735s][info   ][gc,phases,start] GC(50) Compaction Phase
[13.830s][info   ][gc,phases      ] GC(50) Compaction Phase 94.532ms
[13.830s][info   ][gc,phases,start] GC(50) Post Compact
[13.836s][info   ][gc,phases      ] GC(50) Post Compact 5.715ms
[13.836s][debug  ][gc,ergo        ] GC(50) AdaptiveSizeStart: collection: 51 
[13.836s][debug  ][gc,ergo        ] GC(50) PSAdaptiveSizePolicy::compute_eden_space_size limits: desired_eden_size: 232187463 old_eden_size: 204472320 eden_limit: 204472320 cur_eden: 204472320 max_eden_size: 204472320 avg_young_live: 24348908
[13.836s][debug  ][gc,ergo        ] GC(50) PSAdaptiveSizePolicy::compute_eden_space_size: costs minor_time: 0.053952 major_cost: 0.033820 mutator_cost: 0.912228 throughput_goal: 0.990000
[13.836s][debug  ][gc,ergo        ] GC(50) Live_space: 917469824 free_space: 1030750208
[13.836s][debug  ][gc,ergo        ] GC(50) Old eden_size: 204472320 desired_eden_size: 204472320
[13.836s][debug  ][gc,ergo        ] GC(50) PSAdaptiveSizePolicy::compute_old_gen_free_space: costs minor_time: 0.053952 major_cost: 0.033820  mutator_cost: 0.912228 throughput_goal: 0.990000
[13.836s][debug  ][gc,ergo        ] GC(50) Live_space: 949663360 free_space: 1030750208
[13.836s][debug  ][gc,ergo        ] GC(50) Old promo_size: 826277888 desired_promo_size: 922222592
[13.836s][debug  ][gc             ] GC(50) Expanding ParOldGen from 1978880K by 59904K to 2038784K
[13.836s][debug  ][gc,ergo        ] GC(50) AdaptiveSizeStop: collection: 51 
[13.836s][info   ][gc,heap        ] GC(50) PSYoungGen: 30720K(230912K)->0K(230912K) Eden: 0K(199680K)->0K(199680K) From: 30720K(31232K)->0K(31232K)
[13.836s][info   ][gc,heap        ] GC(50) ParOldGen: 1762917K(1978880K)->872036K(2038784K)
[13.836s][info   ][gc,metaspace   ] GC(50) Metaspace: 1019K(1152K)->1019K(1152K) NonClass: 935K(960K)->935K(960K) Class: 83K(192K)->83K(192K)
[13.836s][info   ][gc             ] GC(50) Pause Full (Ergonomics) 1751M->851M(2216M) 103.243ms
[13.836s][info   ][gc,cpu         ] GC(50) User=0.91s Sys=0.00s Real=0.10s
[13.836s][debug  ][gc,heap        ] GC(50) Heap after GC invocations=51 (full 8):
[13.836s][debug  ][gc,heap        ] GC(50)  PSYoungGen      total 230912K, used 0K [0x00000007f0000000, 0x0000000800000000, 0x0000000800000000)
[13.836s][debug  ][gc,heap        ] GC(50)   eden space 199680K, 0% used [0x00000007f0000000,0x00000007f0000000,0x00000007fc300000)
[13.836s][debug  ][gc,heap        ] GC(50)   from space 31232K, 0% used [0x00000007fc300000,0x00000007fc300000,0x00000007fe180000)
[13.836s][debug  ][gc,heap        ] GC(50)   to   space 31232K, 0% used [0x00000007fe180000,0x00000007fe180000,0x0000000800000000)
[13.836s][debug  ][gc,heap        ] GC(50)  ParOldGen       total 2038784K, used 872036K [0x0000000740000000, 0x00000007bc700000, 0x00000007f0000000)
[13.836s][debug  ][gc,heap        ] GC(50)   object space 2038784K, 42% used [0x0000000740000000,0x0000000775399148,0x00000007bc700000)
[13.836s][debug  ][gc,heap        ] GC(50)  Metaspace       used 1019K, committed 1152K, reserved 1056768K
[13.836s][debug  ][gc,heap        ] GC(50)   class space    used 83K, committed 192K, reserved 1048576K
[13.836s][debug  ][gc,task,time   ] GC(50) VM-Thread 137329488 137353368 138362197
[14.142s][debug  ][gc,heap        ] GC(51) Heap before GC invocations=52 (full 8):
[14.142s][debug  ][gc,heap        ] GC(51)  PSYoungGen      total 230912K, used 198460K [0x00000007f0000000, 0x0000000800000000, 0x0000000800000000)
[14.142s][debug  ][gc,heap        ] GC(51)   eden space 199680K, 99% used [0x00000007f0000000,0x00000007fc1cf150,0x00000007fc300000)
[14.142s][debug  ][gc,heap        ] GC(51)   from space 31232K, 0% used [0x00000007fc300000,0x00000007fc300000,0x00000007fe180000)
[14.142s][debug  ][gc,heap        ] GC(51)   to   space 31232K, 0% used [0x00000007fe180000,0x00000007fe180000,0x0000000800000000)
[14.142s][debug  ][gc,heap        ] GC(51)  ParOldGen       total 2038784K, used 872036K [0x0000000740000000, 0x00000007bc700000, 0x00000007f0000000)
[14.142s][debug  ][gc,heap        ] GC(51)   object space 2038784K, 42% used [0x0000000740000000,0x0000000775399148,0x00000007bc700000)
[14.142s][debug  ][gc,heap        ] GC(51)  Metaspace       used 1019K, committed 1152K, reserved 1056768K
[14.142s][debug  ][gc,heap        ] GC(51)   class space    used 83K, committed 192K, reserved 1048576K
[14.142s][debug  ][gc,tlab        ] GC(51) TLAB totals: thrds: 1  refills: 1 max: 1 slow allocs: 18 max 18 waste: 27.6% gc: 3992464B max: 3992464B slow: 0B max: 0B
[14.142s][info   ][gc,start       ] GC(51) Pause Young (Allocation Failure)
[14.142s][debug  ][gc,phases,start] GC(51) Scavenge
[14.146s][debug  ][gc,phases      ] GC(51) Scavenge 3.586ms
[14.146s][debug  ][gc,phases,start] GC(51) Reference Processing
[14.146s][debug  ][gc,ref         ] GC(51) Skipped phase 1 of Reference Processing: no references
[14.146s][debug  ][gc,ref         ] GC(51) Skipped phase 2 of Reference Processing: no references
[14.146s][debug  ][gc,ref         ] GC(51) Skipped phase 3 of Reference Processing: no references
[14.146s][debug  ][gc,ref         ] GC(51) Skipped phase 4 of Reference Processing: no references
[14.146s][debug  ][gc,phases,ref  ] GC(51) Reference Processing: 0.1ms
[14.146s][debug  ][gc,phases,ref  ] GC(51)   Reconsider SoftReferences: 0.0ms
[14.146s][debug  ][gc,phases,ref  ] GC(51)     SoftRef (ms):                  skipped
[14.146s][debug  ][gc,phases,ref  ] GC(51)   Notify Soft/WeakReferences: 0.0ms
[14.146s][debug  ][gc,phases,ref  ] GC(51)     SoftRef (ms):                  skipped
[14.146s][debug  ][gc,phases,ref  ] GC(51)     WeakRef (ms):                  skipped
[14.146s][debug  ][gc,phases,ref  ] GC(51)     FinalRef (ms):                 skipped
[14.146s][debug  ][gc,phases,ref  ] GC(51)     Total (ms):                    skipped
[14.146s][debug  ][gc,phases,ref  ] GC(51)   Notify and keep alive finalizable: 0.0ms
[14.146s][debug  ][gc,phases,ref  ] GC(51)     FinalRef (ms):                 skipped
[14.146s][debug  ][gc,phases,ref  ] GC(51)   Notify PhantomReferences: 0.0ms
[14.146s][debug  ][gc,phases,ref  ] GC(51)     PhantomRef (ms):               skipped
[14.146s][debug  ][gc,phases,ref  ] GC(51)   SoftReference:
[14.146s][debug  ][gc,phases,ref  ] GC(51)     Discovered: 0
[14.146s][debug  ][gc,phases,ref  ] GC(51)     Cleared: 0
[14.146s][debug  ][gc,phases,ref  ] GC(51)   WeakReference:
[14.146s][debug  ][gc,phases,ref  ] GC(51)     Discovered: 0
[14.146s][debug  ][gc,phases,ref  ] GC(51)     Cleared: 0
[14.146s][debug  ][gc,phases,ref  ] GC(51)   FinalReference:
[14.146s][debug  ][gc,phases,ref  ] GC(51)     Discovered: 0
[14.146s][debug  ][gc,phases,ref  ] GC(51)     Cleared: 0
[14.146s][debug  ][gc,phases,ref  ] GC(51)   PhantomReference:
[14.146s][debug  ][gc,phases,ref  ] GC(51)     Discovered: 0
[14.147s][debug  ][gc,phases,ref  ] GC(51)     Cleared: 0
[14.147s][debug  ][gc,phases      ] GC(51) Reference Processing 0.839ms
[14.147s][debug  ][gc,phases,start] GC(51) Weak Processing
[14.147s][debug  ][gc,phases      ] GC(51)   VM Weak                        Min:  0.0, Avg:  0.0, Max:  0.0, Diff:  0.0, Sum:  0.0, Workers: 6
[14.147s][debug  ][gc,phases      ] GC(51)     Dead                           Min: 0, Avg:  0.0, Max: 0, Diff: 0, Sum: 0, Workers: 6
[14.147s][debug  ][gc,phases      ] GC(51)     Total                          Min: 0, Avg:  1.3, Max: 8, Diff: 8, Sum: 8, Workers: 6
[14.147s][debug  ][gc,phases      ] GC(51)   ObjectSynchronizer Weak        Min:  0.0, Avg:  0.0, Max:  0.0, Diff:  0.0, Sum:  0.0, Workers: 6
[14.147s][debug  ][gc,phases      ] GC(51)     Dead                           Min: 0, Avg:  0.0, Max: 0, Diff: 0, Sum: 0, Workers: 6
[14.147s][debug  ][gc,phases      ] GC(51)     Total                          Min: 0, Avg:  0.5, Max: 3, Diff: 3, Sum: 3, Workers: 6
[14.147s][debug  ][gc,phases      ] GC(51)   JVMTI Tag Weak OopStorage      Min:  0.0, Avg:  0.0, Max:  0.0, Diff:  0.0, Sum:  0.0, Workers: 6
[14.147s][debug  ][gc,phases      ] GC(51)     Dead                           Min: 0, Avg:  0.0, Max: 0, Diff: 0, Sum: 0, Workers: 6
[14.147s][debug  ][gc,phases      ] GC(51)     Total                          Min: 0, Avg:  0.0, Max: 0, Diff: 0, Sum: 0, Workers: 6
[14.147s][debug  ][gc,phases      ] GC(51)   StringTable Weak               Min:  0.0, Avg:  0.0, Max:  0.0, Diff:  0.0, Sum:  0.0, Workers: 6
[14.147s][debug  ][gc,phases      ] GC(51)     Dead                           Min: 0, Avg:  0.0, Max: 0, Diff: 0, Sum: 0, Workers: 6
[14.147s][debug  ][gc,phases      ] GC(51)     Total                          Min: 576, Avg: 892.5, Max: 1088, Diff: 512, Sum: 5355, Workers: 6
[14.147s][debug  ][gc,phases      ] GC(51)   ResolvedMethodTable Weak       Min:  0.0, Avg:  0.0, Max:  0.0, Diff:  0.0, Sum:  0.0, Workers: 6
[14.147s][debug  ][gc,phases      ] GC(51)     Dead                           Min: 0, Avg:  0.0, Max: 0, Diff: 0, Sum: 0, Workers: 6
[14.147s][debug  ][gc,phases      ] GC(51)     Total                          Min: 0, Avg: 21.7, Max: 64, Diff: 64, Sum: 130, Workers: 6
[14.147s][debug  ][gc,phases      ] GC(51)   JNI Weak                       Min:  0.0, Avg:  0.0, Max:  0.0, Diff:  0.0, Sum:  0.0, Workers: 6
[14.147s][debug  ][gc,phases      ] GC(51)     Dead                           Min: 0, Avg:  0.0, Max: 0, Diff: 0, Sum: 0, Workers: 6
[14.147s][debug  ][gc,phases      ] GC(51)     Total                          Min: 0, Avg:  0.0, Max: 0, Diff: 0, Sum: 0, Workers: 6
[14.147s][debug  ][gc,phases      ] GC(51)   StringDedup Table Weak         Min:  0.0, Avg:  0.0, Max:  0.0, Diff:  0.0, Sum:  0.0, Workers: 6
[14.147s][debug  ][gc,phases      ] GC(51)     Dead                           Min: 0, Avg:  0.0, Max: 0, Diff: 0, Sum: 0, Workers: 6
[14.147s][debug  ][gc,phases      ] GC(51)     Total                          Min: 0, Avg:  0.0, Max: 0, Diff: 0, Sum: 0, Workers: 6
[14.147s][debug  ][gc,phases      ] GC(51)   StringDedup Requests0 Weak     Min:  0.0, Avg:  0.0, Max:  0.0, Diff:  0.0, Sum:  0.0, Workers: 6
[14.147s][debug  ][gc,phases      ] GC(51)     Dead                           Min: 0, Avg:  0.0, Max: 0, Diff: 0, Sum: 0, Workers: 6
[14.147s][debug  ][gc,phases      ] GC(51)     Total                          Min: 0, Avg:  0.0, Max: 0, Diff: 0, Sum: 0, Workers: 6
[14.147s][debug  ][gc,phases      ] GC(51)   StringDedup Requests1 Weak     Min:  0.0, Avg:  0.0, Max:  0.0, Diff:  0.0, Sum:  0.0, Workers: 6
[14.147s][debug  ][gc,phases      ] GC(51)     Dead                           Min: 0, Avg:  0.0, Max: 0, Diff: 0, Sum: 0, Workers: 6
[14.147s][debug  ][gc,phases      ] GC(51)     Total                          Min: 0, Avg:  0.0, Max: 0, Diff: 0, Sum: 0, Workers: 6
[14.147s][debug  ][gc,phases      ] GC(51)   Weak JFR Old Object Samples    Min:  0.0, Avg:  0.0, Max:  0.0, Diff:  0.0, Sum:  0.0, Workers: 6
[14.147s][debug  ][gc,phases      ] GC(51)     Dead                           Min: 0, Avg:  0.0, Max: 0, Diff: 0, Sum: 0, Workers: 6
[14.147s][debug  ][gc,phases      ] GC(51)     Total                          Min: 0, Avg:  0.0, Max: 0, Diff: 0, Sum: 0, Workers: 6
[14.147s][debug  ][gc,phases      ] GC(51) Weak Processing 0.822ms
[14.147s][debug  ][gc,ergo        ] GC(51) AdaptiveSizeStart:  collection: 52 
[14.147s][debug  ][gc,ergo        ] GC(51) avg_survived_padded_avg: 31798860.000000
[14.147s][debug  ][gc,ergo        ] GC(51) avg_promoted_padded_avg: 290232800.000000  avg_pretenured_padded_avg: 0.000000  tenuring_thresh: 1  target_size: 31981568
[14.147s][debug  ][gc,age         ] GC(51) Desired survivor size 31981568 bytes, new threshold 1 (max threshold 15)
[14.148s][debug  ][gc,ergo        ] GC(51) PSAdaptiveSizePolicy::compute_eden_space_size limits: desired_eden_size: 229892348 old_eden_size: 204472320 eden_limit: 204472320 cur_eden: 204472320 max_eden_size: 204472320 avg_young_live: 25059750
[14.148s][debug  ][gc,ergo        ] GC(51) PSAdaptiveSizePolicy::compute_eden_space_size: costs minor_time: 0.043710 major_cost: 0.033820 mutator_cost: 0.922470 throughput_goal: 0.990000
[14.148s][debug  ][gc,ergo        ] GC(51) Live_space: 950374272 free_space: 1126694912
[14.148s][debug  ][gc,ergo        ] GC(51) Old eden_size: 204472320 desired_eden_size: 204472320
[14.148s][debug  ][gc,ergo        ] GC(51) AdaptiveSizeStop: collection: 52 
[14.148s][info   ][gc,heap        ] GC(51) PSYoungGen: 198460K(230912K)->30720K(230912K) Eden: 198460K(199680K)->0K(199680K) From: 0K(31232K)->30720K(31232K)
[14.148s][info   ][gc,heap        ] GC(51) ParOldGen: 872036K(2038784K)->882276K(2038784K)
[14.148s][info   ][gc,metaspace   ] GC(51) Metaspace: 1019K(1152K)->1019K(1152K) NonClass: 935K(960K)->935K(960K) Class: 83K(192K)->83K(192K)
[14.148s][info   ][gc             ] GC(51) Pause Young (Allocation Failure) 1045M->891M(2216M) 5.757ms
[14.148s][info   ][gc,cpu         ] GC(51) User=0.09s Sys=0.00s Real=0.01s
[14.148s][debug  ][gc,heap        ] GC(51) Heap after GC invocations=52 (full 8):
[14.148s][debug  ][gc,heap        ] GC(51)  PSYoungGen      total 230912K, used 30720K [0x00000007f0000000, 0x0000000800000000, 0x0000000800000000)
[14.148s][debug  ][gc,heap        ] GC(51)   eden space 199680K, 0% used [0x00000007f0000000,0x00000007f0000000,0x00000007fc300000)
[14.148s][debug  ][gc,heap        ] GC(51)   from space 31232K, 98% used [0x00000007fe180000,0x00000007fff80030,0x0000000800000000)
[14.148s][debug  ][gc,heap        ] GC(51)   to   space 31232K, 0% used [0x00000007fc300000,0x00000007fc300000,0x00000007fe180000)
[14.148s][debug  ][gc,heap        ] GC(51)  ParOldGen       total 2038784K, used 882276K [0x0000000740000000, 0x00000007bc700000, 0x00000007f0000000)
[14.148s][debug  ][gc,heap        ] GC(51)   object space 2038784K, 43% used [0x0000000740000000,0x0000000775d99158,0x00000007bc700000)
[14.148s][debug  ][gc,heap        ] GC(51)  Metaspace       used 1019K, committed 1152K, reserved 1056768K
[14.148s][debug  ][gc,heap        ] GC(51)   class space    used 83K, committed 192K, reserved 1048576K
[14.148s][debug  ][gc,task,time   ] GC(51) VM-Thread 141415570 141457071 141480260
[14.461s][debug  ][gc,heap        ] GC(52) Heap before GC invocations=53 (full 8):
[14.461s][debug  ][gc,heap        ] GC(52)  PSYoungGen      total 230912K, used 229113K [0x00000007f0000000, 0x0000000800000000, 0x0000000800000000)
[14.461s][debug  ][gc,heap        ] GC(52)   eden space 199680K, 99% used [0x00000007f0000000,0x00000007fc1be5f8,0x00000007fc300000)
[14.461s][debug  ][gc,heap        ] GC(52)   from space 31232K, 98% used [0x00000007fe180000,0x00000007fff80030,0x0000000800000000)
[14.461s][debug  ][gc,heap        ] GC(52)   to   space 31232K, 0% used [0x00000007fc300000,0x00000007fc300000,0x00000007fe180000)
[14.461s][debug  ][gc,heap        ] GC(52)  ParOldGen       total 2038784K, used 882276K [0x0000000740000000, 0x00000007bc700000, 0x00000007f0000000)
[14.461s][debug  ][gc,heap        ] GC(52)   object space 2038784K, 43% used [0x0000000740000000,0x0000000775d99158,0x00000007bc700000)
[14.461s][debug  ][gc,heap        ] GC(52)  Metaspace       used 1019K, committed 1152K, reserved 1056768K
[14.461s][debug  ][gc,heap        ] GC(52)   class space    used 83K, committed 192K, reserved 1048576K
[14.461s][debug  ][gc,tlab        ] GC(52) TLAB totals: thrds: 1  refills: 1 max: 1 slow allocs: 18 max 18 waste: 27.2% gc: 3925192B max: 3925192B slow: 0B max: 0B
[14.461s][info   ][gc,start       ] GC(52) Pause Young (Allocation Failure)
[14.461s][debug  ][gc,phases,start] GC(52) Scavenge
[14.476s][debug  ][gc,phases      ] GC(52) Scavenge 15.118ms
[14.476s][debug  ][gc,phases,start] GC(52) Reference Processing
[14.476s][debug  ][gc,ref         ] GC(52) Skipped phase 1 of Reference Processing: no references
[14.476s][debug  ][gc,ref         ] GC(52) Skipped phase 2 of Reference Processing: no references
[14.476s][debug  ][gc,ref         ] GC(52) Skipped phase 3 of Reference Processing: no references
[14.476s][debug  ][gc,ref         ] GC(52) Skipped phase 4 of Reference Processing: no references
[14.476s][debug  ][gc,phases,ref  ] GC(52) Reference Processing: 0.1ms
[14.476s][debug  ][gc,phases,ref  ] GC(52)   Reconsider SoftReferences: 0.0ms
[14.476s][debug  ][gc,phases,ref  ] GC(52)     SoftRef (ms):                  skipped
[14.477s][debug  ][gc,phases,ref  ] GC(52)   Notify Soft/WeakReferences: 0.0ms
[14.477s][debug  ][gc,phases,ref  ] GC(52)     SoftRef (ms):                  skipped
[14.477s][debug  ][gc,phases,ref  ] GC(52)     WeakRef (ms):                  skipped
[14.477s][debug  ][gc,phases,ref  ] GC(52)     FinalRef (ms):                 skipped
[14.477s][debug  ][gc,phases,ref  ] GC(52)     Total (ms):                    skipped
[14.477s][debug  ][gc,phases,ref  ] GC(52)   Notify and keep alive finalizable: 0.0ms
[14.477s][debug  ][gc,phases,ref  ] GC(52)     FinalRef (ms):                 skipped
[14.477s][debug  ][gc,phases,ref  ] GC(52)   Notify PhantomReferences: 0.0ms
[14.477s][debug  ][gc,phases,ref  ] GC(52)     PhantomRef (ms):               skipped
[14.477s][debug  ][gc,phases,ref  ] GC(52)   SoftReference:
[14.477s][debug  ][gc,phases,ref  ] GC(52)     Discovered: 0
[14.477s][debug  ][gc,phases,ref  ] GC(52)     Cleared: 0
[14.477s][debug  ][gc,phases,ref  ] GC(52)   WeakReference:
[14.477s][debug  ][gc,phases,ref  ] GC(52)     Discovered: 0
[14.477s][debug  ][gc,phases,ref  ] GC(52)     Cleared: 0
[14.477s][debug  ][gc,phases,ref  ] GC(52)   FinalReference:
[14.477s][debug  ][gc,phases,ref  ] GC(52)     Discovered: 0
[14.477s][debug  ][gc,phases,ref  ] GC(52)     Cleared: 0
[14.477s][debug  ][gc,phases,ref  ] GC(52)   PhantomReference:
[14.477s][debug  ][gc,phases,ref  ] GC(52)     Discovered: 0
[14.477s][debug  ][gc,phases,ref  ] GC(52)     Cleared: 0
[14.477s][debug  ][gc,phases      ] GC(52) Reference Processing 0.606ms
[14.477s][debug  ][gc,phases,start] GC(52) Weak Processing
[14.477s][debug  ][gc,phases      ] GC(52)   VM Weak                        Min:  0.0, Avg:  0.0, Max:  0.0, Diff:  0.0, Sum:  0.0, Workers: 6
[14.477s][debug  ][gc,phases      ] GC(52)     Dead                           Min: 0, Avg:  0.0, Max: 0, Diff: 0, Sum: 0, Workers: 6
[14.477s][debug  ][gc,phases      ] GC(52)     Total                          Min: 0, Avg:  1.3, Max: 8, Diff: 8, Sum: 8, Workers: 6
[14.477s][debug  ][gc,phases      ] GC(52)   ObjectSynchronizer Weak        Min:  0.0, Avg:  0.0, Max:  0.0, Diff:  0.0, Sum:  0.0, Workers: 6
[14.477s][debug  ][gc,phases      ] GC(52)     Dead                           Min: 0, Avg:  0.0, Max: 0, Diff: 0, Sum: 0, Workers: 6
[14.477s][debug  ][gc,phases      ] GC(52)     Total                          Min: 0, Avg:  0.5, Max: 3, Diff: 3, Sum: 3, Workers: 6
[14.477s][debug  ][gc,phases      ] GC(52)   JVMTI Tag Weak OopStorage      Min:  0.0, Avg:  0.0, Max:  0.0, Diff:  0.0, Sum:  0.0, Workers: 6
[14.477s][debug  ][gc,phases      ] GC(52)     Dead                           Min: 0, Avg:  0.0, Max: 0, Diff: 0, Sum: 0, Workers: 6
[14.477s][debug  ][gc,phases      ] GC(52)     Total                          Min: 0, Avg:  0.0, Max: 0, Diff: 0, Sum: 0, Workers: 6
[14.477s][debug  ][gc,phases      ] GC(52)   StringTable Weak               Min:  0.0, Avg:  0.0, Max:  0.0, Diff:  0.0, Sum:  0.0, Workers: 6
[14.477s][debug  ][gc,phases      ] GC(52)     Dead                           Min: 0, Avg:  0.0, Max: 0, Diff: 0, Sum: 0, Workers: 6
[14.477s][debug  ][gc,phases      ] GC(52)     Total                          Min: 703, Avg: 892.5, Max: 1024, Diff: 321, Sum: 5355, Workers: 6
[14.477s][debug  ][gc,phases      ] GC(52)   ResolvedMethodTable Weak       Min:  0.0, Avg:  0.0, Max:  0.0, Diff:  0.0, Sum:  0.0, Workers: 6
[14.477s][debug  ][gc,phases      ] GC(52)     Dead                           Min: 0, Avg:  0.0, Max: 0, Diff: 0, Sum: 0, Workers: 6
[14.477s][debug  ][gc,phases      ] GC(52)     Total                          Min: 0, Avg: 21.7, Max: 64, Diff: 64, Sum: 130, Workers: 6
[14.477s][debug  ][gc,phases      ] GC(52)   JNI Weak                       Min:  0.0, Avg:  0.0, Max:  0.0, Diff:  0.0, Sum:  0.0, Workers: 6
[14.477s][debug  ][gc,phases      ] GC(52)     Dead                           Min: 0, Avg:  0.0, Max: 0, Diff: 0, Sum: 0, Workers: 6
[14.477s][debug  ][gc,phases      ] GC(52)     Total                          Min: 0, Avg:  0.0, Max: 0, Diff: 0, Sum: 0, Workers: 6
[14.477s][debug  ][gc,phases      ] GC(52)   StringDedup Table Weak         Min:  0.0, Avg:  0.0, Max:  0.0, Diff:  0.0, Sum:  0.0, Workers: 6
[14.477s][debug  ][gc,phases      ] GC(52)     Dead                           Min: 0, Avg:  0.0, Max: 0, Diff: 0, Sum: 0, Workers: 6
[14.477s][debug  ][gc,phases      ] GC(52)     Total                          Min: 0, Avg:  0.0, Max: 0, Diff: 0, Sum: 0, Workers: 6
[14.477s][debug  ][gc,phases      ] GC(52)   StringDedup Requests0 Weak     Min:  0.0, Avg:  0.0, Max:  0.0, Diff:  0.0, Sum:  0.0, Workers: 6
[14.477s][debug  ][gc,phases      ] GC(52)     Dead                           Min: 0, Avg:  0.0, Max: 0, Diff: 0, Sum: 0, Workers: 6
[14.477s][debug  ][gc,phases      ] GC(52)     Total                          Min: 0, Avg:  0.0, Max: 0, Diff: 0, Sum: 0, Workers: 6
[14.478s][debug  ][gc,phases      ] GC(52)   StringDedup Requests1 Weak     Min:  0.0, Avg:  0.0, Max:  0.0, Diff:  0.0, Sum:  0.0, Workers: 6
[14.478s][debug  ][gc,phases      ] GC(52)     Dead                           Min: 0, Avg:  0.0, Max: 0, Diff: 0, Sum: 0, Workers: 6
[14.478s][debug  ][gc,phases      ] GC(52)     Total                          Min: 0, Avg:  0.0, Max: 0, Diff: 0, Sum: 0, Workers: 6
[14.478s][debug  ][gc,phases      ] GC(52)   Weak JFR Old Object Samples    Min:  0.0, Avg:  0.0, Max:  0.0, Diff:  0.0, Sum:  0.0, Workers: 6
[14.478s][debug  ][gc,phases      ] GC(52)     Dead                           Min: 0, Avg:  0.0, Max: 0, Diff: 0, Sum: 0, Workers: 6
[14.478s][debug  ][gc,phases      ] GC(52)     Total                          Min: 0, Avg:  0.0, Max: 0, Diff: 0, Sum: 0, Workers: 6
[14.478s][debug  ][gc,phases      ] GC(52) Weak Processing 0.686ms
[14.478s][debug  ][gc,ergo        ] GC(52) AdaptiveSizeStart:  collection: 53 
[14.478s][debug  ][gc,ergo        ] GC(52) avg_survived_padded_avg: 31772064.000000
[14.478s][debug  ][gc,ergo        ] GC(52) avg_promoted_padded_avg: 292303104.000000  avg_pretenured_padded_avg: 0.000000  tenuring_thresh: 1  target_size: 31981568
[14.478s][debug  ][gc,age         ] GC(52) Desired survivor size 31981568 bytes, new threshold 1 (max threshold 15)
[14.478s][debug  ][gc,ergo        ] GC(52) PSAdaptiveSizePolicy::compute_eden_space_size limits: desired_eden_size: 230285630 old_eden_size: 204472320 eden_limit: 204472320 cur_eden: 204472320 max_eden_size: 204472320 avg_young_live: 25699506
[14.478s][debug  ][gc,ergo        ] GC(52) PSAdaptiveSizePolicy::compute_eden_space_size: costs minor_time: 0.045292 major_cost: 0.033820 mutator_cost: 0.920888 throughput_goal: 0.990000
[14.478s][debug  ][gc,ergo        ] GC(52) Live_space: 951014016 free_space: 1126694912
[14.478s][debug  ][gc,ergo        ] GC(52) Old eden_size: 204472320 desired_eden_size: 204472320
[14.478s][debug  ][gc,ergo        ] GC(52) AdaptiveSizeStop: collection: 53 
[14.478s][info   ][gc,heap        ] GC(52) PSYoungGen: 229113K(230912K)->30720K(230912K) Eden: 198393K(199680K)->0K(199680K) From: 30720K(31232K)->30720K(31232K)
[14.478s][info   ][gc,heap        ] GC(52) ParOldGen: 882276K(2038784K)->1076836K(2038784K)
[14.478s][info   ][gc,metaspace   ] GC(52) Metaspace: 1019K(1152K)->1019K(1152K) NonClass: 935K(960K)->935K(960K) Class: 83K(192K)->83K(192K)
[14.478s][info   ][gc             ] GC(52) Pause Young (Allocation Failure) 1085M->1081M(2216M) 16.839ms
[14.478s][info   ][gc,cpu         ] GC(52) User=0.16s Sys=0.00s Real=0.02s
[14.478s][debug  ][gc,heap        ] GC(52) Heap after GC invocations=53 (full 8):
[14.478s][debug  ][gc,heap        ] GC(52)  PSYoungGen      total 230912K, used 30720K [0x00000007f0000000, 0x0000000800000000, 0x0000000800000000)
[14.478s][debug  ][gc,heap        ] GC(52)   eden space 199680K, 0% used [0x00000007f0000000,0x00000007f0000000,0x00000007fc300000)
[14.478s][debug  ][gc,heap        ] GC(52)   from space 31232K, 98% used [0x00000007fc300000,0x00000007fe100030,0x00000007fe180000)
[14.478s][debug  ][gc,heap        ] GC(52)   to   space 31232K, 0% used [0x00000007fe180000,0x00000007fe180000,0x0000000800000000)
[14.478s][debug  ][gc,heap        ] GC(52)  ParOldGen       total 2038784K, used 1076836K [0x0000000740000000, 0x00000007bc700000, 0x00000007f0000000)
[14.478s][debug  ][gc,heap        ] GC(52)   object space 2038784K, 52% used [0x0000000740000000,0x0000000781b99288,0x00000007bc700000)
[14.478s][debug  ][gc,heap        ] GC(52)  Metaspace       used 1019K, committed 1152K, reserved 1056768K
[14.478s][debug  ][gc,heap        ] GC(52)   class space    used 83K, committed 192K, reserved 1048576K
[14.478s][debug  ][gc,task,time   ] GC(52) VM-Thread 144606841 144763237 144782176
[14.777s][debug  ][gc,heap        ] GC(53) Heap before GC invocations=54 (full 8):
[14.777s][debug  ][gc,heap        ] GC(53)  PSYoungGen      total 230912K, used 229142K [0x00000007f0000000, 0x0000000800000000, 0x0000000800000000)
[14.777s][debug  ][gc,heap        ] GC(53)   eden space 199680K, 99% used [0x00000007f0000000,0x00000007fc1c5a88,0x00000007fc300000)
[14.777s][debug  ][gc,heap        ] GC(53)   from space 31232K, 98% used [0x00000007fc300000,0x00000007fe100030,0x00000007fe180000)
[14.777s][debug  ][gc,heap        ] GC(53)   to   space 31232K, 0% used [0x00000007fe180000,0x00000007fe180000,0x0000000800000000)
[14.777s][debug  ][gc,heap        ] GC(53)  ParOldGen       total 2038784K, used 1076836K [0x0000000740000000, 0x00000007bc700000, 0x00000007f0000000)
[14.777s][debug  ][gc,heap        ] GC(53)   object space 2038784K, 52% used [0x0000000740000000,0x0000000781b99288,0x00000007bc700000)
[14.777s][debug  ][gc,heap        ] GC(53)  Metaspace       used 1019K, committed 1152K, reserved 1056768K
[14.777s][debug  ][gc,heap        ] GC(53)   class space    used 83K, committed 192K, reserved 1048576K
[14.777s][debug  ][gc,tlab        ] GC(53) TLAB totals: thrds: 1  refills: 1 max: 1 slow allocs: 18 max 18 waste: 27.4% gc: 3955032B max: 3955032B slow: 0B max: 0B
[14.777s][info   ][gc,start       ] GC(53) Pause Young (Allocation Failure)
[14.777s][debug  ][gc,phases,start] GC(53) Scavenge
[14.792s][debug  ][gc,phases      ] GC(53) Scavenge 15.200ms
[14.793s][debug  ][gc,phases,start] GC(53) Reference Processing
[14.793s][debug  ][gc,ref         ] GC(53) Skipped phase 1 of Reference Processing: no references
[14.793s][debug  ][gc,ref         ] GC(53) Skipped phase 2 of Reference Processing: no references
[14.793s][debug  ][gc,ref         ] GC(53) Skipped phase 3 of Reference Processing: no references
[14.793s][debug  ][gc,ref         ] GC(53) Skipped phase 4 of Reference Processing: no references
[14.793s][debug  ][gc,phases,ref  ] GC(53) Reference Processing: 0.1ms
[14.793s][debug  ][gc,phases,ref  ] GC(53)   Reconsider SoftReferences: 0.0ms
[14.793s][debug  ][gc,phases,ref  ] GC(53)     SoftRef (ms):                  skipped
[14.793s][debug  ][gc,phases,ref  ] GC(53)   Notify Soft/WeakReferences: 0.0ms
[14.793s][debug  ][gc,phases,ref  ] GC(53)     SoftRef (ms):                  skipped
[14.793s][debug  ][gc,phases,ref  ] GC(53)     WeakRef (ms):                  skipped
[14.793s][debug  ][gc,phases,ref  ] GC(53)     FinalRef (ms):                 skipped
[14.793s][debug  ][gc,phases,ref  ] GC(53)     Total (ms):                    skipped
[14.793s][debug  ][gc,phases,ref  ] GC(53)   Notify and keep alive finalizable: 0.0ms
[14.793s][debug  ][gc,phases,ref  ] GC(53)     FinalRef (ms):                 skipped
[14.793s][debug  ][gc,phases,ref  ] GC(53)   Notify PhantomReferences: 0.0ms
[14.793s][debug  ][gc,phases,ref  ] GC(53)     PhantomRef (ms):               skipped
[14.793s][debug  ][gc,phases,ref  ] GC(53)   SoftReference:
[14.793s][debug  ][gc,phases,ref  ] GC(53)     Discovered: 0
[14.793s][debug  ][gc,phases,ref  ] GC(53)     Cleared: 0
[14.793s][debug  ][gc,phases,ref  ] GC(53)   WeakReference:
[14.793s][debug  ][gc,phases,ref  ] GC(53)     Discovered: 0
[14.793s][debug  ][gc,phases,ref  ] GC(53)     Cleared: 0
[14.793s][debug  ][gc,phases,ref  ] GC(53)   FinalReference:
[14.793s][debug  ][gc,phases,ref  ] GC(53)     Discovered: 0
[14.793s][debug  ][gc,phases,ref  ] GC(53)     Cleared: 0
[14.793s][debug  ][gc,phases,ref  ] GC(53)   PhantomReference:
[14.793s][debug  ][gc,phases,ref  ] GC(53)     Discovered: 0
[14.793s][debug  ][gc,phases,ref  ] GC(53)     Cleared: 0
[14.793s][debug  ][gc,phases      ] GC(53) Reference Processing 0.721ms
[14.793s][debug  ][gc,phases,start] GC(53) Weak Processing
[14.793s][debug  ][gc,phases      ] GC(53)   VM Weak                        Min:  0.0, Avg:  0.0, Max:  0.0, Diff:  0.0, Sum:  0.0, Workers: 6
[14.793s][debug  ][gc,phases      ] GC(53)     Dead                           Min: 0, Avg:  0.0, Max: 0, Diff: 0, Sum: 0, Workers: 6
[14.793s][debug  ][gc,phases      ] GC(53)     Total                          Min: 0, Avg:  1.3, Max: 8, Diff: 8, Sum: 8, Workers: 6
[14.793s][debug  ][gc,phases      ] GC(53)   ObjectSynchronizer Weak        Min:  0.0, Avg:  0.0, Max:  0.0, Diff:  0.0, Sum:  0.0, Workers: 6
[14.793s][debug  ][gc,phases      ] GC(53)     Dead                           Min: 0, Avg:  0.0, Max: 0, Diff: 0, Sum: 0, Workers: 6
[14.793s][debug  ][gc,phases      ] GC(53)     Total                          Min: 0, Avg:  0.5, Max: 3, Diff: 3, Sum: 3, Workers: 6
[14.793s][debug  ][gc,phases      ] GC(53)   JVMTI Tag Weak OopStorage      Min:  0.0, Avg:  0.0, Max:  0.0, Diff:  0.0, Sum:  0.0, Workers: 6
[14.793s][debug  ][gc,phases      ] GC(53)     Dead                           Min: 0, Avg:  0.0, Max: 0, Diff: 0, Sum: 0, Workers: 6
[14.794s][debug  ][gc,phases      ] GC(53)     Total                          Min: 0, Avg:  0.0, Max: 0, Diff: 0, Sum: 0, Workers: 6
[14.794s][debug  ][gc,phases      ] GC(53)   StringTable Weak               Min:  0.0, Avg:  0.0, Max:  0.0, Diff:  0.0, Sum:  0.0, Workers: 6
[14.794s][debug  ][gc,phases      ] GC(53)     Dead                           Min: 0, Avg:  0.0, Max: 0, Diff: 0, Sum: 0, Workers: 6
[14.794s][debug  ][gc,phases      ] GC(53)     Total                          Min: 768, Avg: 892.5, Max: 960, Diff: 192, Sum: 5355, Workers: 6
[14.794s][debug  ][gc,phases      ] GC(53)   ResolvedMethodTable Weak       Min:  0.0, Avg:  0.0, Max:  0.0, Diff:  0.0, Sum:  0.0, Workers: 6
[14.794s][debug  ][gc,phases      ] GC(53)     Dead                           Min: 0, Avg:  0.0, Max: 0, Diff: 0, Sum: 0, Workers: 6
[14.794s][debug  ][gc,phases      ] GC(53)     Total                          Min: 0, Avg: 21.7, Max: 64, Diff: 64, Sum: 130, Workers: 6
[14.794s][debug  ][gc,phases      ] GC(53)   JNI Weak                       Min:  0.0, Avg:  0.0, Max:  0.0, Diff:  0.0, Sum:  0.0, Workers: 6
[14.794s][debug  ][gc,phases      ] GC(53)     Dead                           Min: 0, Avg:  0.0, Max: 0, Diff: 0, Sum: 0, Workers: 6
[14.794s][debug  ][gc,phases      ] GC(53)     Total                          Min: 0, Avg:  0.0, Max: 0, Diff: 0, Sum: 0, Workers: 6
[14.794s][debug  ][gc,phases      ] GC(53)   StringDedup Table Weak         Min:  0.0, Avg:  0.0, Max:  0.0, Diff:  0.0, Sum:  0.0, Workers: 6
[14.794s][debug  ][gc,phases      ] GC(53)     Dead                           Min: 0, Avg:  0.0, Max: 0, Diff: 0, Sum: 0, Workers: 6
[14.794s][debug  ][gc,phases      ] GC(53)     Total                          Min: 0, Avg:  0.0, Max: 0, Diff: 0, Sum: 0, Workers: 6
[14.794s][debug  ][gc,phases      ] GC(53)   StringDedup Requests0 Weak     Min:  0.0, Avg:  0.0, Max:  0.0, Diff:  0.0, Sum:  0.0, Workers: 6
[14.794s][debug  ][gc,phases      ] GC(53)     Dead                           Min: 0, Avg:  0.0, Max: 0, Diff: 0, Sum: 0, Workers: 6
[14.794s][debug  ][gc,phases      ] GC(53)     Total                          Min: 0, Avg:  0.0, Max: 0, Diff: 0, Sum: 0, Workers: 6
[14.794s][debug  ][gc,phases      ] GC(53)   StringDedup Requests1 Weak     Min:  0.0, Avg:  0.0, Max:  0.0, Diff:  0.0, Sum:  0.0, Workers: 6
[14.794s][debug  ][gc,phases      ] GC(53)     Dead                           Min: 0, Avg:  0.0, Max: 0, Diff: 0, Sum: 0, Workers: 6
[14.794s][debug  ][gc,phases      ] GC(53)     Total                          Min: 0, Avg:  0.0, Max: 0, Diff: 0, Sum: 0, Workers: 6
[14.794s][debug  ][gc,phases      ] GC(53)   Weak JFR Old Object Samples    Min:  0.0, Avg:  0.0, Max:  0.0, Diff:  0.0, Sum:  0.0, Workers: 6
[14.794s][debug  ][gc,phases      ] GC(53)     Dead                           Min: 0, Avg:  0.0, Max: 0, Diff: 0, Sum: 0, Workers: 6
[14.794s][debug  ][gc,phases      ] GC(53)     Total                          Min: 0, Avg:  0.0, Max: 0, Diff: 0, Sum: 0, Workers: 6
[14.794s][debug  ][gc,phases      ] GC(53) Weak Processing 0.772ms
[14.794s][debug  ][gc,ergo        ] GC(53) AdaptiveSizeStart:  collection: 54 
[14.794s][debug  ][gc,ergo        ] GC(53) avg_survived_padded_avg: 31747214.000000
[14.794s][debug  ][gc,ergo        ] GC(53) avg_promoted_padded_avg: 293049280.000000  avg_pretenured_padded_avg: 0.000000  tenuring_thresh: 1  target_size: 31981568
[14.794s][debug  ][gc,age         ] GC(53) Desired survivor size 31981568 bytes, new threshold 1 (max threshold 15)
[14.794s][debug  ][gc,ergo        ] GC(53) PSAdaptiveSizePolicy::compute_eden_space_size limits: desired_eden_size: 230752003 old_eden_size: 204472320 eden_limit: 204472320 cur_eden: 204472320 max_eden_size: 204472320 avg_young_live: 26275288
[14.794s][debug  ][gc,ergo        ] GC(53) PSAdaptiveSizePolicy::compute_eden_space_size: costs minor_time: 0.047253 major_cost: 0.033820 mutator_cost: 0.918926 throughput_goal: 0.990000
[14.794s][debug  ][gc,ergo        ] GC(53) Live_space: 951589760 free_space: 1126694912
[14.794s][debug  ][gc,ergo        ] GC(53) Old eden_size: 204472320 desired_eden_size: 204472320
[14.794s][debug  ][gc,ergo        ] GC(53) AdaptiveSizeStop: collection: 54 
[14.794s][info   ][gc,heap        ] GC(53) PSYoungGen: 229142K(230912K)->30720K(230912K) Eden: 198422K(199680K)->0K(199680K) From: 30720K(31232K)->30720K(31232K)
[14.794s][info   ][gc,heap        ] GC(53) ParOldGen: 1076836K(2038784K)->1271396K(2038784K)
[14.794s][info   ][gc,metaspace   ] GC(53) Metaspace: 1019K(1152K)->1019K(1152K) NonClass: 935K(960K)->935K(960K) Class: 83K(192K)->83K(192K)
[14.794s][info   ][gc             ] GC(53) Pause Young (Allocation Failure) 1275M->1271M(2216M) 17.125ms
[14.794s][info   ][gc,cpu         ] GC(53) User=0.16s Sys=0.00s Real=0.02s
[14.794s][debug  ][gc,heap        ] GC(53) Heap after GC invocations=54 (full 8):
[14.794s][debug  ][gc,heap        ] GC(53)  PSYoungGen      total 230912K, used 30720K [0x00000007f0000000, 0x0000000800000000, 0x0000000800000000)
[14.794s][debug  ][gc,heap        ] GC(53)   eden space 199680K, 0% used [0x00000007f0000000,0x00000007f0000000,0x00000007fc300000)
[14.794s][debug  ][gc,heap        ] GC(53)   from space 31232K, 98% used [0x00000007fe180000,0x00000007fff80030,0x0000000800000000)
[14.794s][debug  ][gc,heap        ] GC(53)   to   space 31232K, 0% used [0x00000007fc300000,0x00000007fc300000,0x00000007fe180000)
[14.794s][debug  ][gc,heap        ] GC(53)  ParOldGen       total 2038784K, used 1271396K [0x0000000740000000, 0x00000007bc700000, 0x00000007f0000000)
[14.794s][debug  ][gc,heap        ] GC(53)   object space 2038784K, 62% used [0x0000000740000000,0x000000078d9993b8,0x00000007bc700000)
[14.795s][debug  ][gc,heap        ] GC(53)  Metaspace       used 1019K, committed 1152K, reserved 1056768K
[14.795s][debug  ][gc,heap        ] GC(53)   class space    used 83K, committed 192K, reserved 1048576K
[14.795s][debug  ][gc,task,time   ] GC(53) VM-Thread 147768087 147925264 147945624
[15.094s][debug  ][gc,heap        ] GC(54) Heap before GC invocations=55 (full 8):
[15.094s][debug  ][gc,heap        ] GC(54)  PSYoungGen      total 230912K, used 229161K [0x00000007f0000000, 0x0000000800000000, 0x0000000800000000)
[15.094s][debug  ][gc,heap        ] GC(54)   eden space 199680K, 99% used [0x00000007f0000000,0x00000007fc1ca578,0x00000007fc300000)
[15.094s][debug  ][gc,heap        ] GC(54)   from space 31232K, 98% used [0x00000007fe180000,0x00000007fff80030,0x0000000800000000)
[15.094s][debug  ][gc,heap        ] GC(54)   to   space 31232K, 0% used [0x00000007fc300000,0x00000007fc300000,0x00000007fe180000)
[15.094s][debug  ][gc,heap        ] GC(54)  ParOldGen       total 2038784K, used 1271396K [0x0000000740000000, 0x00000007bc700000, 0x00000007f0000000)
[15.094s][debug  ][gc,heap        ] GC(54)   object space 2038784K, 62% used [0x0000000740000000,0x000000078d9993b8,0x00000007bc700000)
[15.094s][debug  ][gc,heap        ] GC(54)  Metaspace       used 1019K, committed 1152K, reserved 1056768K
[15.094s][debug  ][gc,heap        ] GC(54)   class space    used 83K, committed 192K, reserved 1048576K
[15.094s][debug  ][gc,tlab        ] GC(54) TLAB totals: thrds: 1  refills: 1 max: 1 slow allocs: 18 max 18 waste: 27.5% gc: 3974216B max: 3974216B slow: 0B max: 0B
[15.094s][info   ][gc,start       ] GC(54) Pause Young (Allocation Failure)
[15.094s][debug  ][gc,phases,start] GC(54) Scavenge
[15.110s][debug  ][gc,phases      ] GC(54) Scavenge 15.361ms
[15.110s][debug  ][gc,phases,start] GC(54) Reference Processing
[15.110s][debug  ][gc,ref         ] GC(54) Skipped phase 1 of Reference Processing: no references
[15.110s][debug  ][gc,ref         ] GC(54) Skipped phase 2 of Reference Processing: no references
[15.110s][debug  ][gc,ref         ] GC(54) Skipped phase 3 of Reference Processing: no references
[15.110s][debug  ][gc,ref         ] GC(54) Skipped phase 4 of Reference Processing: no references
[15.110s][debug  ][gc,phases,ref  ] GC(54) Reference Processing: 0.1ms
[15.110s][debug  ][gc,phases,ref  ] GC(54)   Reconsider SoftReferences: 0.0ms
[15.110s][debug  ][gc,phases,ref  ] GC(54)     SoftRef (ms):                  skipped
[15.110s][debug  ][gc,phases,ref  ] GC(54)   Notify Soft/WeakReferences: 0.0ms
[15.110s][debug  ][gc,phases,ref  ] GC(54)     SoftRef (ms):                  skipped
[15.110s][debug  ][gc,phases,ref  ] GC(54)     WeakRef (ms):                  skipped
[15.110s][debug  ][gc,phases,ref  ] GC(54)     FinalRef (ms):                 skipped
[15.110s][debug  ][gc,phases,ref  ] GC(54)     Total (ms):                    skipped
[15.110s][debug  ][gc,phases,ref  ] GC(54)   Notify and keep alive finalizable: 0.0ms
[15.110s][debug  ][gc,phases,ref  ] GC(54)     FinalRef (ms):                 skipped
[15.110s][debug  ][gc,phases,ref  ] GC(54)   Notify PhantomReferences: 0.0ms
[15.110s][debug  ][gc,phases,ref  ] GC(54)     PhantomRef (ms):               skipped
[15.110s][debug  ][gc,phases,ref  ] GC(54)   SoftReference:
[15.110s][debug  ][gc,phases,ref  ] GC(54)     Discovered: 0
[15.110s][debug  ][gc,phases,ref  ] GC(54)     Cleared: 0
[15.110s][debug  ][gc,phases,ref  ] GC(54)   WeakReference:
[15.110s][debug  ][gc,phases,ref  ] GC(54)     Discovered: 0
[15.110s][debug  ][gc,phases,ref  ] GC(54)     Cleared: 0
[15.110s][debug  ][gc,phases,ref  ] GC(54)   FinalReference:
[15.110s][debug  ][gc,phases,ref  ] GC(54)     Discovered: 0
[15.110s][debug  ][gc,phases,ref  ] GC(54)     Cleared: 0
[15.110s][debug  ][gc,phases,ref  ] GC(54)   PhantomReference:
[15.110s][debug  ][gc,phases,ref  ] GC(54)     Discovered: 0
[15.110s][debug  ][gc,phases,ref  ] GC(54)     Cleared: 0
[15.110s][debug  ][gc,phases      ] GC(54) Reference Processing 0.633ms
[15.110s][debug  ][gc,phases,start] GC(54) Weak Processing
[15.111s][debug  ][gc,phases      ] GC(54)   VM Weak                        Min:  0.0, Avg:  0.0, Max:  0.0, Diff:  0.0, Sum:  0.0, Workers: 6
[15.111s][debug  ][gc,phases      ] GC(54)     Dead                           Min: 0, Avg:  0.0, Max: 0, Diff: 0, Sum: 0, Workers: 6
[15.111s][debug  ][gc,phases      ] GC(54)     Total                          Min: 0, Avg:  1.3, Max: 8, Diff: 8, Sum: 8, Workers: 6
[15.111s][debug  ][gc,phases      ] GC(54)   ObjectSynchronizer Weak        Min:  0.0, Avg:  0.0, Max:  0.0, Diff:  0.0, Sum:  0.0, Workers: 6
[15.111s][debug  ][gc,phases      ] GC(54)     Dead                           Min: 0, Avg:  0.0, Max: 0, Diff: 0, Sum: 0, Workers: 6
[15.111s][debug  ][gc,phases      ] GC(54)     Total                          Min: 0, Avg:  0.5, Max: 3, Diff: 3, Sum: 3, Workers: 6
[15.111s][debug  ][gc,phases      ] GC(54)   JVMTI Tag Weak OopStorage      Min:  0.0, Avg:  0.0, Max:  0.0, Diff:  0.0, Sum:  0.0, Workers: 6
[15.111s][debug  ][gc,phases      ] GC(54)     Dead                           Min: 0, Avg:  0.0, Max: 0, Diff: 0, Sum: 0, Workers: 6
[15.111s][debug  ][gc,phases      ] GC(54)     Total                          Min: 0, Avg:  0.0, Max: 0, Diff: 0, Sum: 0, Workers: 6
[15.111s][debug  ][gc,phases      ] GC(54)   StringTable Weak               Min:  0.0, Avg:  0.0, Max:  0.0, Diff:  0.0, Sum:  0.0, Workers: 6
[15.111s][debug  ][gc,phases      ] GC(54)     Dead                           Min: 0, Avg:  0.0, Max: 0, Diff: 0, Sum: 0, Workers: 6
[15.111s][debug  ][gc,phases      ] GC(54)     Total                          Min: 703, Avg: 892.5, Max: 1024, Diff: 321, Sum: 5355, Workers: 6
[15.111s][debug  ][gc,phases      ] GC(54)   ResolvedMethodTable Weak       Min:  0.0, Avg:  0.0, Max:  0.0, Diff:  0.0, Sum:  0.0, Workers: 6
[15.111s][debug  ][gc,phases      ] GC(54)     Dead                           Min: 0, Avg:  0.0, Max: 0, Diff: 0, Sum: 0, Workers: 6
[15.111s][debug  ][gc,phases      ] GC(54)     Total                          Min: 0, Avg: 21.7, Max: 64, Diff: 64, Sum: 130, Workers: 6
[15.111s][debug  ][gc,phases      ] GC(54)   JNI Weak                       Min:  0.0, Avg:  0.0, Max:  0.0, Diff:  0.0, Sum:  0.0, Workers: 6
[15.111s][debug  ][gc,phases      ] GC(54)     Dead                           Min: 0, Avg:  0.0, Max: 0, Diff: 0, Sum: 0, Workers: 6
[15.111s][debug  ][gc,phases      ] GC(54)     Total                          Min: 0, Avg:  0.0, Max: 0, Diff: 0, Sum: 0, Workers: 6
[15.111s][debug  ][gc,phases      ] GC(54)   StringDedup Table Weak         Min:  0.0, Avg:  0.0, Max:  0.0, Diff:  0.0, Sum:  0.0, Workers: 6
[15.111s][debug  ][gc,phases      ] GC(54)     Dead                           Min: 0, Avg:  0.0, Max: 0, Diff: 0, Sum: 0, Workers: 6
[15.111s][debug  ][gc,phases      ] GC(54)     Total                          Min: 0, Avg:  0.0, Max: 0, Diff: 0, Sum: 0, Workers: 6
[15.111s][debug  ][gc,phases      ] GC(54)   StringDedup Requests0 Weak     Min:  0.0, Avg:  0.0, Max:  0.0, Diff:  0.0, Sum:  0.0, Workers: 6
[15.111s][debug  ][gc,phases      ] GC(54)     Dead                           Min: 0, Avg:  0.0, Max: 0, Diff: 0, Sum: 0, Workers: 6
[15.111s][debug  ][gc,phases      ] GC(54)     Total                          Min: 0, Avg:  0.0, Max: 0, Diff: 0, Sum: 0, Workers: 6
[15.111s][debug  ][gc,phases      ] GC(54)   StringDedup Requests1 Weak     Min:  0.0, Avg:  0.0, Max:  0.0, Diff:  0.0, Sum:  0.0, Workers: 6
[15.111s][debug  ][gc,phases      ] GC(54)     Dead                           Min: 0, Avg:  0.0, Max: 0, Diff: 0, Sum: 0, Workers: 6
[15.111s][debug  ][gc,phases      ] GC(54)     Total                          Min: 0, Avg:  0.0, Max: 0, Diff: 0, Sum: 0, Workers: 6
[15.111s][debug  ][gc,phases      ] GC(54)   Weak JFR Old Object Samples    Min:  0.0, Avg:  0.0, Max:  0.0, Diff:  0.0, Sum:  0.0, Workers: 6
[15.111s][debug  ][gc,phases      ] GC(54)     Dead                           Min: 0, Avg:  0.0, Max: 0, Diff: 0, Sum: 0, Workers: 6
[15.111s][debug  ][gc,phases      ] GC(54)     Total                          Min: 0, Avg:  0.0, Max: 0, Diff: 0, Sum: 0, Workers: 6
[15.111s][debug  ][gc,phases      ] GC(54) Weak Processing 0.777ms
[15.111s][debug  ][gc,ergo        ] GC(54) AdaptiveSizeStart:  collection: 55 
[15.111s][debug  ][gc,ergo        ] GC(54) avg_survived_padded_avg: 31724184.000000
[15.111s][debug  ][gc,ergo        ] GC(54) avg_promoted_padded_avg: 292715520.000000  avg_pretenured_padded_avg: 0.000000  tenuring_thresh: 1  target_size: 31981568
[15.111s][debug  ][gc,age         ] GC(54) Desired survivor size 31981568 bytes, new threshold 1 (max threshold 15)
[15.111s][debug  ][gc,ergo        ] GC(54) PSAdaptiveSizePolicy::compute_eden_space_size limits: desired_eden_size: 231093885 old_eden_size: 204472320 eden_limit: 204472320 cur_eden: 204472320 max_eden_size: 204472320 avg_young_live: 26793492
[15.111s][debug  ][gc,ergo        ] GC(54) PSAdaptiveSizePolicy::compute_eden_space_size: costs minor_time: 0.048754 major_cost: 0.033820 mutator_cost: 0.917425 throughput_goal: 0.990000
[15.111s][debug  ][gc,ergo        ] GC(54) Live_space: 952108032 free_space: 1126694912
[15.111s][debug  ][gc,ergo        ] GC(54) Old eden_size: 204472320 desired_eden_size: 204472320
[15.111s][debug  ][gc,ergo        ] GC(54) AdaptiveSizeStop: collection: 55 
[15.112s][info   ][gc,heap        ] GC(54) PSYoungGen: 229161K(230912K)->30720K(230912K) Eden: 198441K(199680K)->0K(199680K) From: 30720K(31232K)->30720K(31232K)
[15.112s][info   ][gc,heap        ] GC(54) ParOldGen: 1271396K(2038784K)->1465957K(2038784K)
[15.112s][info   ][gc,metaspace   ] GC(54) Metaspace: 1019K(1152K)->1019K(1152K) NonClass: 935K(960K)->935K(960K) Class: 83K(192K)->83K(192K)
[15.112s][info   ][gc             ] GC(54) Pause Young (Allocation Failure) 1465M->1461M(2216M) 17.253ms
[15.112s][info   ][gc,cpu         ] GC(54) User=0.11s Sys=0.00s Real=0.02s
[15.112s][debug  ][gc,heap        ] GC(54) Heap after GC invocations=55 (full 8):
[15.112s][debug  ][gc,heap        ] GC(54)  PSYoungGen      total 230912K, used 30720K [0x00000007f0000000, 0x0000000800000000, 0x0000000800000000)
[15.112s][debug  ][gc,heap        ] GC(54)   eden space 199680K, 0% used [0x00000007f0000000,0x00000007f0000000,0x00000007fc300000)
[15.112s][debug  ][gc,heap        ] GC(54)   from space 31232K, 98% used [0x00000007fc300000,0x00000007fe100030,0x00000007fe180000)
[15.112s][debug  ][gc,heap        ] GC(54)   to   space 31232K, 0% used [0x00000007fe180000,0x00000007fe180000,0x0000000800000000)
[15.112s][debug  ][gc,heap        ] GC(54)  ParOldGen       total 2038784K, used 1465957K [0x0000000740000000, 0x00000007bc700000, 0x00000007f0000000)
[15.112s][debug  ][gc,heap        ] GC(54)   object space 2038784K, 71% used [0x0000000740000000,0x00000007997994e8,0x00000007bc700000)
[15.112s][debug  ][gc,heap        ] GC(54)  Metaspace       used 1019K, committed 1152K, reserved 1056768K
[15.112s][debug  ][gc,heap        ] GC(54)   class space    used 83K, committed 192K, reserved 1048576K
[15.112s][debug  ][gc,task,time   ] GC(54) VM-Thread 150938412 151098245 151118265
[15.411s][debug  ][gc,heap        ] GC(55) Heap before GC invocations=56 (full 8):
[15.411s][debug  ][gc,heap        ] GC(55)  PSYoungGen      total 230912K, used 229173K [0x00000007f0000000, 0x0000000800000000, 0x0000000800000000)
[15.411s][debug  ][gc,heap        ] GC(55)   eden space 199680K, 99% used [0x00000007f0000000,0x00000007fc1cd5a8,0x00000007fc300000)
[15.411s][debug  ][gc,heap        ] GC(55)   from space 31232K, 98% used [0x00000007fc300000,0x00000007fe100030,0x00000007fe180000)
[15.411s][debug  ][gc,heap        ] GC(55)   to   space 31232K, 0% used [0x00000007fe180000,0x00000007fe180000,0x0000000800000000)
[15.411s][debug  ][gc,heap        ] GC(55)  ParOldGen       total 2038784K, used 1465957K [0x0000000740000000, 0x00000007bc700000, 0x00000007f0000000)
[15.411s][debug  ][gc,heap        ] GC(55)   object space 2038784K, 71% used [0x0000000740000000,0x00000007997994e8,0x00000007bc700000)
[15.411s][debug  ][gc,heap        ] GC(55)  Metaspace       used 1019K, committed 1152K, reserved 1056768K
[15.411s][debug  ][gc,heap        ] GC(55)   class space    used 83K, committed 192K, reserved 1048576K
[15.411s][debug  ][gc,tlab        ] GC(55) TLAB totals: thrds: 1  refills: 1 max: 1 slow allocs: 18 max 18 waste: 27.5% gc: 3986552B max: 3986552B slow: 0B max: 0B
[15.411s][info   ][gc,start       ] GC(55) Pause Young (Allocation Failure)
[15.411s][debug  ][gc,phases,start] GC(55) Scavenge
[15.427s][debug  ][gc,phases      ] GC(55) Scavenge 15.528ms
[15.427s][debug  ][gc,phases,start] GC(55) Reference Processing
[15.427s][debug  ][gc,ref         ] GC(55) Skipped phase 1 of Reference Processing: no references
[15.427s][debug  ][gc,ref         ] GC(55) Skipped phase 2 of Reference Processing: no references
[15.427s][debug  ][gc,ref         ] GC(55) Skipped phase 3 of Reference Processing: no references
[15.427s][debug  ][gc,ref         ] GC(55) Skipped phase 4 of Reference Processing: no references
[15.427s][debug  ][gc,phases,ref  ] GC(55) Reference Processing: 0.2ms
[15.427s][debug  ][gc,phases,ref  ] GC(55)   Reconsider SoftReferences: 0.0ms
[15.427s][debug  ][gc,phases,ref  ] GC(55)     SoftRef (ms):                  skipped
[15.427s][debug  ][gc,phases,ref  ] GC(55)   Notify Soft/WeakReferences: 0.0ms
[15.427s][debug  ][gc,phases,ref  ] GC(55)     SoftRef (ms):                  skipped
[15.427s][debug  ][gc,phases,ref  ] GC(55)     WeakRef (ms):                  skipped
[15.427s][debug  ][gc,phases,ref  ] GC(55)     FinalRef (ms):                 skipped
[15.427s][debug  ][gc,phases,ref  ] GC(55)     Total (ms):                    skipped
[15.427s][debug  ][gc,phases,ref  ] GC(55)   Notify and keep alive finalizable: 0.1ms
[15.427s][debug  ][gc,phases,ref  ] GC(55)     FinalRef (ms):                 skipped
[15.427s][debug  ][gc,phases,ref  ] GC(55)   Notify PhantomReferences: 0.0ms
[15.427s][debug  ][gc,phases,ref  ] GC(55)     PhantomRef (ms):               skipped
[15.427s][debug  ][gc,phases,ref  ] GC(55)   SoftReference:
[15.427s][debug  ][gc,phases,ref  ] GC(55)     Discovered: 0
[15.427s][debug  ][gc,phases,ref  ] GC(55)     Cleared: 0
[15.427s][debug  ][gc,phases,ref  ] GC(55)   WeakReference:
[15.428s][debug  ][gc,phases,ref  ] GC(55)     Discovered: 0
[15.428s][debug  ][gc,phases,ref  ] GC(55)     Cleared: 0
[15.428s][debug  ][gc,phases,ref  ] GC(55)   FinalReference:
[15.428s][debug  ][gc,phases,ref  ] GC(55)     Discovered: 0
[15.428s][debug  ][gc,phases,ref  ] GC(55)     Cleared: 0
[15.428s][debug  ][gc,phases,ref  ] GC(55)   PhantomReference:
[15.428s][debug  ][gc,phases,ref  ] GC(55)     Discovered: 0
[15.428s][debug  ][gc,phases,ref  ] GC(55)     Cleared: 0
[15.428s][debug  ][gc,phases      ] GC(55) Reference Processing 0.702ms
[15.428s][debug  ][gc,phases,start] GC(55) Weak Processing
[15.428s][debug  ][gc,phases      ] GC(55)   VM Weak                        Min:  0.0, Avg:  0.0, Max:  0.0, Diff:  0.0, Sum:  0.0, Workers: 6
[15.428s][debug  ][gc,phases      ] GC(55)     Dead                           Min: 0, Avg:  0.0, Max: 0, Diff: 0, Sum: 0, Workers: 6
[15.428s][debug  ][gc,phases      ] GC(55)     Total                          Min: 0, Avg:  1.3, Max: 8, Diff: 8, Sum: 8, Workers: 6
[15.428s][debug  ][gc,phases      ] GC(55)   ObjectSynchronizer Weak        Min:  0.0, Avg:  0.0, Max:  0.0, Diff:  0.0, Sum:  0.0, Workers: 6
[15.428s][debug  ][gc,phases      ] GC(55)     Dead                           Min: 0, Avg:  0.0, Max: 0, Diff: 0, Sum: 0, Workers: 6
[15.428s][debug  ][gc,phases      ] GC(55)     Total                          Min: 0, Avg:  0.5, Max: 3, Diff: 3, Sum: 3, Workers: 6
[15.428s][debug  ][gc,phases      ] GC(55)   JVMTI Tag Weak OopStorage      Min:  0.0, Avg:  0.0, Max:  0.0, Diff:  0.0, Sum:  0.0, Workers: 6
[15.428s][debug  ][gc,phases      ] GC(55)     Dead                           Min: 0, Avg:  0.0, Max: 0, Diff: 0, Sum: 0, Workers: 6
[15.428s][debug  ][gc,phases      ] GC(55)     Total                          Min: 0, Avg:  0.0, Max: 0, Diff: 0, Sum: 0, Workers: 6
[15.428s][debug  ][gc,phases      ] GC(55)   StringTable Weak               Min:  0.0, Avg:  0.0, Max:  0.0, Diff:  0.0, Sum:  0.0, Workers: 6
[15.428s][debug  ][gc,phases      ] GC(55)     Dead                           Min: 0, Avg:  0.0, Max: 0, Diff: 0, Sum: 0, Workers: 6
[15.428s][debug  ][gc,phases      ] GC(55)     Total                          Min: 640, Avg: 892.5, Max: 1024, Diff: 384, Sum: 5355, Workers: 6
[15.428s][debug  ][gc,phases      ] GC(55)   ResolvedMethodTable Weak       Min:  0.0, Avg:  0.0, Max:  0.0, Diff:  0.0, Sum:  0.0, Workers: 6
[15.428s][debug  ][gc,phases      ] GC(55)     Dead                           Min: 0, Avg:  0.0, Max: 0, Diff: 0, Sum: 0, Workers: 6
[15.428s][debug  ][gc,phases      ] GC(55)     Total                          Min: 0, Avg: 21.7, Max: 64, Diff: 64, Sum: 130, Workers: 6
[15.428s][debug  ][gc,phases      ] GC(55)   JNI Weak                       Min:  0.0, Avg:  0.0, Max:  0.0, Diff:  0.0, Sum:  0.0, Workers: 6
[15.428s][debug  ][gc,phases      ] GC(55)     Dead                           Min: 0, Avg:  0.0, Max: 0, Diff: 0, Sum: 0, Workers: 6
[15.428s][debug  ][gc,phases      ] GC(55)     Total                          Min: 0, Avg:  0.0, Max: 0, Diff: 0, Sum: 0, Workers: 6
[15.428s][debug  ][gc,phases      ] GC(55)   StringDedup Table Weak         Min:  0.0, Avg:  0.0, Max:  0.0, Diff:  0.0, Sum:  0.0, Workers: 6
[15.428s][debug  ][gc,phases      ] GC(55)     Dead                           Min: 0, Avg:  0.0, Max: 0, Diff: 0, Sum: 0, Workers: 6
[15.428s][debug  ][gc,phases      ] GC(55)     Total                          Min: 0, Avg:  0.0, Max: 0, Diff: 0, Sum: 0, Workers: 6
[15.428s][debug  ][gc,phases      ] GC(55)   StringDedup Requests0 Weak     Min:  0.0, Avg:  0.0, Max:  0.0, Diff:  0.0, Sum:  0.0, Workers: 6
[15.428s][debug  ][gc,phases      ] GC(55)     Dead                           Min: 0, Avg:  0.0, Max: 0, Diff: 0, Sum: 0, Workers: 6
[15.428s][debug  ][gc,phases      ] GC(55)     Total                          Min: 0, Avg:  0.0, Max: 0, Diff: 0, Sum: 0, Workers: 6
[15.428s][debug  ][gc,phases      ] GC(55)   StringDedup Requests1 Weak     Min:  0.0, Avg:  0.0, Max:  0.0, Diff:  0.0, Sum:  0.0, Workers: 6
[15.428s][debug  ][gc,phases      ] GC(55)     Dead                           Min: 0, Avg:  0.0, Max: 0, Diff: 0, Sum: 0, Workers: 6
[15.428s][debug  ][gc,phases      ] GC(55)     Total                          Min: 0, Avg:  0.0, Max: 0, Diff: 0, Sum: 0, Workers: 6
[15.428s][debug  ][gc,phases      ] GC(55)   Weak JFR Old Object Samples    Min:  0.0, Avg:  0.0, Max:  0.0, Diff:  0.0, Sum:  0.0, Workers: 6
[15.428s][debug  ][gc,phases      ] GC(55)     Dead                           Min: 0, Avg:  0.0, Max: 0, Diff: 0, Sum: 0, Workers: 6
[15.428s][debug  ][gc,phases      ] GC(55)     Total                          Min: 0, Avg:  0.0, Max: 0, Diff: 0, Sum: 0, Workers: 6
[15.428s][debug  ][gc,phases      ] GC(55) Weak Processing 0.741ms
[15.428s][debug  ][gc,ergo        ] GC(55) AdaptiveSizeStart:  collection: 56 
[15.428s][debug  ][gc,ergo        ] GC(55) avg_survived_padded_avg: 31702864.000000
[15.428s][debug  ][gc,ergo        ] GC(55) avg_promoted_padded_avg: 291510304.000000  avg_pretenured_padded_avg: 0.000000  tenuring_thresh: 1  target_size: 31981568
[15.429s][debug  ][gc,age         ] GC(55) Desired survivor size 31981568 bytes, new threshold 1 (max threshold 15)
[15.429s][debug  ][gc,ergo        ] GC(55) PSAdaptiveSizePolicy::compute_eden_space_size limits: desired_eden_size: 231376930 old_eden_size: 204472320 eden_limit: 204472320 cur_eden: 204472320 max_eden_size: 204472320 avg_young_live: 27259874
[15.429s][debug  ][gc,ergo        ] GC(55) PSAdaptiveSizePolicy::compute_eden_space_size: costs minor_time: 0.050039 major_cost: 0.033820 mutator_cost: 0.916140 throughput_goal: 0.990000
[15.429s][debug  ][gc,ergo        ] GC(55) Live_space: 952574336 free_space: 1126694912
[15.429s][debug  ][gc,ergo        ] GC(55) Old eden_size: 204472320 desired_eden_size: 204472320
[15.429s][debug  ][gc,ergo        ] GC(55) AdaptiveSizeStop: collection: 56 
[15.429s][info   ][gc,heap        ] GC(55) PSYoungGen: 229173K(230912K)->30720K(230912K) Eden: 198453K(199680K)->0K(199680K) From: 30720K(31232K)->30720K(31232K)
[15.429s][info   ][gc,heap        ] GC(55) ParOldGen: 1465957K(2038784K)->1660517K(2038784K)
[15.429s][info   ][gc,metaspace   ] GC(55) Metaspace: 1019K(1152K)->1019K(1152K) NonClass: 935K(960K)->935K(960K) Class: 83K(192K)->83K(192K)
[15.429s][info   ][gc             ] GC(55) Pause Young (Allocation Failure) 1655M->1651M(2216M) 17.409ms
[15.429s][info   ][gc,cpu         ] GC(55) User=0.14s Sys=0.00s Real=0.02s
[15.429s][debug  ][gc,heap        ] GC(55) Heap after GC invocations=56 (full 8):
[15.429s][debug  ][gc,heap        ] GC(55)  PSYoungGen      total 230912K, used 30720K [0x00000007f0000000, 0x0000000800000000, 0x0000000800000000)
[15.429s][debug  ][gc,heap        ] GC(55)   eden space 199680K, 0% used [0x00000007f0000000,0x00000007f0000000,0x00000007fc300000)
[15.429s][debug  ][gc,heap        ] GC(55)   from space 31232K, 98% used [0x00000007fe180000,0x00000007fff80030,0x0000000800000000)
[15.429s][debug  ][gc,heap        ] GC(55)   to   space 31232K, 0% used [0x00000007fc300000,0x00000007fc300000,0x00000007fe180000)
[15.429s][debug  ][gc,heap        ] GC(55)  ParOldGen       total 2038784K, used 1660517K [0x0000000740000000, 0x00000007bc700000, 0x00000007f0000000)
[15.429s][debug  ][gc,heap        ] GC(55)   object space 2038784K, 81% used [0x0000000740000000,0x00000007a5599618,0x00000007bc700000)
[15.429s][debug  ][gc,heap        ] GC(55)  Metaspace       used 1019K, committed 1152K, reserved 1056768K
[15.429s][debug  ][gc,heap        ] GC(55)   class space    used 83K, committed 192K, reserved 1048576K
[15.429s][debug  ][gc,task,time   ] GC(55) VM-Thread 154108951 154269715 154289934
[15.728s][debug  ][gc,heap        ] GC(56) Heap before GC invocations=57 (full 8):
[15.728s][debug  ][gc,heap        ] GC(56)  PSYoungGen      total 230912K, used 229181K [0x00000007f0000000, 0x0000000800000000, 0x0000000800000000)
[15.728s][debug  ][gc,heap        ] GC(56)   eden space 199680K, 99% used [0x00000007f0000000,0x00000007fc1cf4a8,0x00000007fc300000)
[15.728s][debug  ][gc,heap        ] GC(56)   from space 31232K, 98% used [0x00000007fe180000,0x00000007fff80030,0x0000000800000000)
[15.728s][debug  ][gc,heap        ] GC(56)   to   space 31232K, 0% used [0x00000007fc300000,0x00000007fc300000,0x00000007fe180000)
[15.728s][debug  ][gc,heap        ] GC(56)  ParOldGen       total 2038784K, used 1660517K [0x0000000740000000, 0x00000007bc700000, 0x00000007f0000000)
[15.728s][debug  ][gc,heap        ] GC(56)   object space 2038784K, 81% used [0x0000000740000000,0x00000007a5599618,0x00000007bc700000)
[15.728s][debug  ][gc,heap        ] GC(56)  Metaspace       used 1019K, committed 1152K, reserved 1056768K
[15.728s][debug  ][gc,heap        ] GC(56)   class space    used 83K, committed 192K, reserved 1048576K
[15.728s][debug  ][gc,tlab        ] GC(56) TLAB totals: thrds: 1  refills: 1 max: 1 slow allocs: 18 max 18 waste: 27.6% gc: 3994488B max: 3994488B slow: 0B max: 0B
[15.728s][info   ][gc,start       ] GC(56) Pause Young (Allocation Failure)
[15.728s][debug  ][gc,phases,start] GC(56) Scavenge
[15.746s][debug  ][gc,phases      ] GC(56) Scavenge 17.548ms
[15.746s][debug  ][gc,phases,start] GC(56) Reference Processing
[15.746s][debug  ][gc,ref         ] GC(56) Skipped phase 1 of Reference Processing: no references
[15.746s][debug  ][gc,ref         ] GC(56) Skipped phase 2 of Reference Processing: no references
[15.746s][debug  ][gc,ref         ] GC(56) Skipped phase 3 of Reference Processing: no references
[15.746s][debug  ][gc,ref         ] GC(56) Skipped phase 4 of Reference Processing: no references
[15.746s][debug  ][gc,phases,ref  ] GC(56) Reference Processing: 0.1ms
[15.746s][debug  ][gc,phases,ref  ] GC(56)   Reconsider SoftReferences: 0.0ms
[15.746s][debug  ][gc,phases,ref  ] GC(56)     SoftRef (ms):                  skipped
[15.746s][debug  ][gc,phases,ref  ] GC(56)   Notify Soft/WeakReferences: 0.0ms
[15.746s][debug  ][gc,phases,ref  ] GC(56)     SoftRef (ms):                  skipped
[15.746s][debug  ][gc,phases,ref  ] GC(56)     WeakRef (ms):                  skipped
[15.746s][debug  ][gc,phases,ref  ] GC(56)     FinalRef (ms):                 skipped
[15.746s][debug  ][gc,phases,ref  ] GC(56)     Total (ms):                    skipped
[15.746s][debug  ][gc,phases,ref  ] GC(56)   Notify and keep alive finalizable: 0.0ms
[15.746s][debug  ][gc,phases,ref  ] GC(56)     FinalRef (ms):                 skipped
[15.746s][debug  ][gc,phases,ref  ] GC(56)   Notify PhantomReferences: 0.0ms
[15.746s][debug  ][gc,phases,ref  ] GC(56)     PhantomRef (ms):               skipped
[15.746s][debug  ][gc,phases,ref  ] GC(56)   SoftReference:
[15.746s][debug  ][gc,phases,ref  ] GC(56)     Discovered: 0
[15.746s][debug  ][gc,phases,ref  ] GC(56)     Cleared: 0
[15.746s][debug  ][gc,phases,ref  ] GC(56)   WeakReference:
[15.746s][debug  ][gc,phases,ref  ] GC(56)     Discovered: 0
[15.746s][debug  ][gc,phases,ref  ] GC(56)     Cleared: 0
[15.746s][debug  ][gc,phases,ref  ] GC(56)   FinalReference:
[15.746s][debug  ][gc,phases,ref  ] GC(56)     Discovered: 0
[15.746s][debug  ][gc,phases,ref  ] GC(56)     Cleared: 0
[15.746s][debug  ][gc,phases,ref  ] GC(56)   PhantomReference:
[15.746s][debug  ][gc,phases,ref  ] GC(56)     Discovered: 0
[15.746s][debug  ][gc,phases,ref  ] GC(56)     Cleared: 0
[15.746s][debug  ][gc,phases      ] GC(56) Reference Processing 0.645ms
[15.746s][debug  ][gc,phases,start] GC(56) Weak Processing
[15.747s][debug  ][gc,phases      ] GC(56)   VM Weak                        Min:  0.0, Avg:  0.0, Max:  0.0, Diff:  0.0, Sum:  0.0, Workers: 6
[15.747s][debug  ][gc,phases      ] GC(56)     Dead                           Min: 0, Avg:  0.0, Max: 0, Diff: 0, Sum: 0, Workers: 6
[15.747s][debug  ][gc,phases      ] GC(56)     Total                          Min: 0, Avg:  1.3, Max: 8, Diff: 8, Sum: 8, Workers: 6
[15.747s][debug  ][gc,phases      ] GC(56)   ObjectSynchronizer Weak        Min:  0.0, Avg:  0.0, Max:  0.0, Diff:  0.0, Sum:  0.0, Workers: 6
[15.747s][debug  ][gc,phases      ] GC(56)     Dead                           Min: 0, Avg:  0.0, Max: 0, Diff: 0, Sum: 0, Workers: 6
[15.747s][debug  ][gc,phases      ] GC(56)     Total                          Min: 0, Avg:  0.5, Max: 3, Diff: 3, Sum: 3, Workers: 6
[15.747s][debug  ][gc,phases      ] GC(56)   JVMTI Tag Weak OopStorage      Min:  0.0, Avg:  0.0, Max:  0.0, Diff:  0.0, Sum:  0.0, Workers: 6
[15.747s][debug  ][gc,phases      ] GC(56)     Dead                           Min: 0, Avg:  0.0, Max: 0, Diff: 0, Sum: 0, Workers: 6
[15.747s][debug  ][gc,phases      ] GC(56)     Total                          Min: 0, Avg:  0.0, Max: 0, Diff: 0, Sum: 0, Workers: 6
[15.747s][debug  ][gc,phases      ] GC(56)   StringTable Weak               Min:  0.0, Avg:  0.0, Max:  0.0, Diff:  0.0, Sum:  0.0, Workers: 6
[15.747s][debug  ][gc,phases      ] GC(56)     Dead                           Min: 0, Avg:  0.0, Max: 0, Diff: 0, Sum: 0, Workers: 6
[15.747s][debug  ][gc,phases      ] GC(56)     Total                          Min: 704, Avg: 892.5, Max: 1088, Diff: 384, Sum: 5355, Workers: 6
[15.747s][debug  ][gc,phases      ] GC(56)   ResolvedMethodTable Weak       Min:  0.0, Avg:  0.0, Max:  0.0, Diff:  0.0, Sum:  0.0, Workers: 6
[15.747s][debug  ][gc,phases      ] GC(56)     Dead                           Min: 0, Avg:  0.0, Max: 0, Diff: 0, Sum: 0, Workers: 6
[15.747s][debug  ][gc,phases      ] GC(56)     Total                          Min: 0, Avg: 21.7, Max: 64, Diff: 64, Sum: 130, Workers: 6
[15.747s][debug  ][gc,phases      ] GC(56)   JNI Weak                       Min:  0.0, Avg:  0.0, Max:  0.0, Diff:  0.0, Sum:  0.0, Workers: 6
[15.747s][debug  ][gc,phases      ] GC(56)     Dead                           Min: 0, Avg:  0.0, Max: 0, Diff: 0, Sum: 0, Workers: 6
[15.747s][debug  ][gc,phases      ] GC(56)     Total                          Min: 0, Avg:  0.0, Max: 0, Diff: 0, Sum: 0, Workers: 6
[15.747s][debug  ][gc,phases      ] GC(56)   StringDedup Table Weak         Min:  0.0, Avg:  0.0, Max:  0.0, Diff:  0.0, Sum:  0.0, Workers: 6
[15.747s][debug  ][gc,phases      ] GC(56)     Dead                           Min: 0, Avg:  0.0, Max: 0, Diff: 0, Sum: 0, Workers: 6
[15.747s][debug  ][gc,phases      ] GC(56)     Total                          Min: 0, Avg:  0.0, Max: 0, Diff: 0, Sum: 0, Workers: 6
[15.747s][debug  ][gc,phases      ] GC(56)   StringDedup Requests0 Weak     Min:  0.0, Avg:  0.0, Max:  0.0, Diff:  0.0, Sum:  0.0, Workers: 6
[15.747s][debug  ][gc,phases      ] GC(56)     Dead                           Min: 0, Avg:  0.0, Max: 0, Diff: 0, Sum: 0, Workers: 6
[15.747s][debug  ][gc,phases      ] GC(56)     Total                          Min: 0, Avg:  0.0, Max: 0, Diff: 0, Sum: 0, Workers: 6
[15.747s][debug  ][gc,phases      ] GC(56)   StringDedup Requests1 Weak     Min:  0.0, Avg:  0.0, Max:  0.0, Diff:  0.0, Sum:  0.0, Workers: 6
[15.747s][debug  ][gc,phases      ] GC(56)     Dead                           Min: 0, Avg:  0.0, Max: 0, Diff: 0, Sum: 0, Workers: 6
[15.747s][debug  ][gc,phases      ] GC(56)     Total                          Min: 0, Avg:  0.0, Max: 0, Diff: 0, Sum: 0, Workers: 6
[15.747s][debug  ][gc,phases      ] GC(56)   Weak JFR Old Object Samples    Min:  0.0, Avg:  0.0, Max:  0.0, Diff:  0.0, Sum:  0.0, Workers: 6
[15.747s][debug  ][gc,phases      ] GC(56)     Dead                           Min: 0, Avg:  0.0, Max: 0, Diff: 0, Sum: 0, Workers: 6
[15.747s][debug  ][gc,phases      ] GC(56)     Total                          Min: 0, Avg:  0.0, Max: 0, Diff: 0, Sum: 0, Workers: 6
[15.747s][debug  ][gc,phases      ] GC(56) Weak Processing 0.665ms
[15.747s][debug  ][gc,ergo        ] GC(56) AdaptiveSizeStart:  collection: 57 
[15.747s][debug  ][gc,ergo        ] GC(56) avg_survived_padded_avg: 31683140.000000
[15.747s][debug  ][gc,ergo        ] GC(56) avg_promoted_padded_avg: 289611264.000000  avg_pretenured_padded_avg: 0.000000  tenuring_thresh: 1  target_size: 31981568
[15.747s][debug  ][gc,age         ] GC(56) Desired survivor size 31981568 bytes, new threshold 1 (max threshold 15)
[15.747s][debug  ][gc,ergo        ] GC(56) PSAdaptiveSizePolicy::compute_eden_space_size limits: desired_eden_size: 230601587 old_eden_size: 204472320 eden_limit: 204472320 cur_eden: 204472320 max_eden_size: 204472320 avg_young_live: 27679618
[15.747s][debug  ][gc,ergo        ] GC(56) PSAdaptiveSizePolicy::compute_eden_space_size: costs minor_time: 0.052407 major_cost: 0.033820 mutator_cost: 0.913773 throughput_goal: 0.990000
[15.747s][debug  ][gc,ergo        ] GC(56) Live_space: 952994112 free_space: 1126694912
[15.747s][debug  ][gc,ergo        ] GC(56) Old eden_size: 204472320 desired_eden_size: 204472320
[15.747s][debug  ][gc,ergo        ] GC(56) AdaptiveSizeStop: collection: 57 
[15.747s][info   ][gc,heap        ] GC(56) PSYoungGen: 229181K(230912K)->30720K(230912K) Eden: 198461K(199680K)->0K(199680K) From: 30720K(31232K)->30720K(31232K)
[15.747s][info   ][gc,heap        ] GC(56) ParOldGen: 1660517K(2038784K)->1855077K(2038784K)
[15.747s][info   ][gc,metaspace   ] GC(56) Metaspace: 1019K(1152K)->1019K(1152K) NonClass: 935K(960K)->935K(960K) Class: 83K(192K)->83K(192K)
[15.747s][info   ][gc             ] GC(56) Pause Young (Allocation Failure) 1845M->1841M(2216M) 19.290ms
[15.747s][info   ][gc,cpu         ] GC(56) User=0.12s Sys=0.03s Real=0.02s
[15.747s][debug  ][gc,heap        ] GC(56) Heap after GC invocations=57 (full 8):
[15.747s][debug  ][gc,heap        ] GC(56)  PSYoungGen      total 230912K, used 30720K [0x00000007f0000000, 0x0000000800000000, 0x0000000800000000)
[15.748s][debug  ][gc,heap        ] GC(56)   eden space 199680K, 0% used [0x00000007f0000000,0x00000007f0000000,0x00000007fc300000)
[15.748s][debug  ][gc,heap        ] GC(56)   from space 31232K, 98% used [0x00000007fc300000,0x00000007fe100030,0x00000007fe180000)
[15.748s][debug  ][gc,heap        ] GC(56)   to   space 31232K, 0% used [0x00000007fe180000,0x00000007fe180000,0x0000000800000000)
[15.748s][debug  ][gc,heap        ] GC(56)  ParOldGen       total 2038784K, used 1855077K [0x0000000740000000, 0x00000007bc700000, 0x00000007f0000000)
[15.748s][debug  ][gc,heap        ] GC(56)   object space 2038784K, 90% used [0x0000000740000000,0x00000007b1399748,0x00000007bc700000)
[15.748s][debug  ][gc,heap        ] GC(56)  Metaspace       used 1019K, committed 1152K, reserved 1056768K
[15.748s][debug  ][gc,heap        ] GC(56)   class space    used 83K, committed 192K, reserved 1048576K
[15.748s][debug  ][gc,task,time   ] GC(56) VM-Thread 157276423 157458060 157476577
[15.748s][debug  ][gc,phases,start] GC(57) Pre Compact
[15.748s][debug  ][gc,heap        ] GC(57) Heap before GC invocations=58 (full 9):
[15.748s][debug  ][gc,heap        ] GC(57)  PSYoungGen      total 230912K, used 30720K [0x00000007f0000000, 0x0000000800000000, 0x0000000800000000)
[15.748s][debug  ][gc,heap        ] GC(57)   eden space 199680K, 0% used [0x00000007f0000000,0x00000007f0000000,0x00000007fc300000)
[15.748s][debug  ][gc,heap        ] GC(57)   from space 31232K, 98% used [0x00000007fc300000,0x00000007fe100030,0x00000007fe180000)
[15.748s][debug  ][gc,heap        ] GC(57)   to   space 31232K, 0% used [0x00000007fe180000,0x00000007fe180000,0x0000000800000000)
[15.748s][debug  ][gc,heap        ] GC(57)  ParOldGen       total 2038784K, used 1855077K [0x0000000740000000, 0x00000007bc700000, 0x00000007f0000000)
[15.748s][debug  ][gc,heap        ] GC(57)   object space 2038784K, 90% used [0x0000000740000000,0x00000007b1399748,0x00000007bc700000)
[15.748s][debug  ][gc,heap        ] GC(57)  Metaspace       used 1019K, committed 1152K, reserved 1056768K
[15.748s][debug  ][gc,heap        ] GC(57)   class space    used 83K, committed 192K, reserved 1048576K
[15.748s][debug  ][gc,phases      ] GC(57) Pre Compact 0.205ms
[15.748s][info   ][gc,start       ] GC(57) Pause Full (Ergonomics)
[15.748s][info   ][gc,phases,start] GC(57) Marking Phase
[15.748s][debug  ][gc,phases,start] GC(57) Par Mark
[15.748s][debug  ][gc,phases      ] GC(57) Par Mark 0.534ms
[15.749s][debug  ][gc,phases,start] GC(57) Reference Processing
[15.749s][debug  ][gc,ref         ] GC(57) Skipped phase 1 of Reference Processing: no references
[15.749s][debug  ][gc,ref         ] GC(57) ReferenceProcessor::execute queues: 1, RefProcThreadModel::Single, marks_oops_alive: false
[15.749s][debug  ][gc,ref         ] GC(57) Skipped phase 3 of Reference Processing: no references
[15.749s][debug  ][gc,ref         ] GC(57) ReferenceProcessor::execute queues: 1, RefProcThreadModel::Single, marks_oops_alive: false
[15.749s][debug  ][gc,phases,ref  ] GC(57) Reference Processing: 0.1ms
[15.749s][debug  ][gc,phases,ref  ] GC(57)   Reconsider SoftReferences: 0.0ms
[15.749s][debug  ][gc,phases,ref  ] GC(57)     SoftRef (ms):                  skipped
[15.749s][debug  ][gc,phases,ref  ] GC(57)   Notify Soft/WeakReferences: 0.0ms
[15.749s][debug  ][gc,phases,ref  ] GC(57)     SoftRef (ms):                  Min:  0.0, Avg:  0.0, Max:  0.0, Diff:  0.0, Sum:  0.0, Workers: 10
[15.749s][debug  ][gc,phases,ref  ] GC(57)     WeakRef (ms):                  Min:  0.0, Avg:  0.0, Max:  0.0, Diff:  0.0, Sum:  0.0, Workers: 10
[15.749s][debug  ][gc,phases,ref  ] GC(57)     FinalRef (ms):                 Min:  0.0, Avg:  0.0, Max:  0.0, Diff:  0.0, Sum:  0.0, Workers: 10
[15.749s][debug  ][gc,phases,ref  ] GC(57)     Total (ms):                    Min:  0.0, Avg:  0.0, Max:  0.0, Diff:  0.0, Sum:  0.0, Workers: 10
[15.749s][debug  ][gc,phases,ref  ] GC(57)   Notify and keep alive finalizable: 0.0ms
[15.749s][debug  ][gc,phases,ref  ] GC(57)     FinalRef (ms):                 skipped
[15.749s][debug  ][gc,phases,ref  ] GC(57)   Notify PhantomReferences: 0.0ms
[15.749s][debug  ][gc,phases,ref  ] GC(57)     PhantomRef (ms):               Min:  0.0, Avg:  0.0, Max:  0.0, Diff:  0.0, Sum:  0.0, Workers: 10
[15.749s][debug  ][gc,phases,ref  ] GC(57)   SoftReference:
[15.749s][debug  ][gc,phases,ref  ] GC(57)     Discovered: 0
[15.749s][debug  ][gc,phases,ref  ] GC(57)     Cleared: 0
[15.749s][debug  ][gc,phases,ref  ] GC(57)   WeakReference:
[15.749s][debug  ][gc,phases,ref  ] GC(57)     Discovered: 77
[15.749s][debug  ][gc,phases,ref  ] GC(57)     Cleared: 77
[15.749s][debug  ][gc,phases,ref  ] GC(57)   FinalReference:
[15.749s][debug  ][gc,phases,ref  ] GC(57)     Discovered: 0
[15.749s][debug  ][gc,phases,ref  ] GC(57)     Cleared: 0
[15.749s][debug  ][gc,phases,ref  ] GC(57)   PhantomReference:
[15.749s][debug  ][gc,phases,ref  ] GC(57)     Discovered: 3
[15.749s][debug  ][gc,phases,ref  ] GC(57)     Cleared: 3
[15.749s][debug  ][gc,phases      ] GC(57) Reference Processing 0.639ms
[15.749s][debug  ][gc,phases,start] GC(57) Weak Processing
[15.749s][debug  ][gc,phases      ] GC(57)   VM Weak                        Min:  0.0, Avg:  0.0, Max:  0.0, Diff:  0.0, Sum:  0.0, Workers: 6
[15.749s][debug  ][gc,phases      ] GC(57)     Dead                           Min: 0, Avg:  0.0, Max: 0, Diff: 0, Sum: 0, Workers: 6
[15.749s][debug  ][gc,phases      ] GC(57)     Total                          Min: 0, Avg:  1.3, Max: 8, Diff: 8, Sum: 8, Workers: 6
[15.749s][debug  ][gc,phases      ] GC(57)   ObjectSynchronizer Weak        Min:  0.0, Avg:  0.0, Max:  0.0, Diff:  0.0, Sum:  0.0, Workers: 6
[15.749s][debug  ][gc,phases      ] GC(57)     Dead                           Min: 0, Avg:  0.0, Max: 0, Diff: 0, Sum: 0, Workers: 6
[15.749s][debug  ][gc,phases      ] GC(57)     Total                          Min: 0, Avg:  0.5, Max: 3, Diff: 3, Sum: 3, Workers: 6
[15.749s][debug  ][gc,phases      ] GC(57)   JVMTI Tag Weak OopStorage      Min:  0.0, Avg:  0.0, Max:  0.0, Diff:  0.0, Sum:  0.0, Workers: 6
[15.749s][debug  ][gc,phases      ] GC(57)     Dead                           Min: 0, Avg:  0.0, Max: 0, Diff: 0, Sum: 0, Workers: 6
[15.749s][debug  ][gc,phases      ] GC(57)     Total                          Min: 0, Avg:  0.0, Max: 0, Diff: 0, Sum: 0, Workers: 6
[15.749s][debug  ][gc,phases      ] GC(57)   StringTable Weak               Min:  0.0, Avg:  0.0, Max:  0.0, Diff:  0.0, Sum:  0.0, Workers: 6
[15.749s][debug  ][gc,phases      ] GC(57)     Dead                           Min: 0, Avg:  0.0, Max: 0, Diff: 0, Sum: 0, Workers: 6
[15.749s][debug  ][gc,phases      ] GC(57)     Total                          Min: 639, Avg: 892.5, Max: 1216, Diff: 577, Sum: 5355, Workers: 6
[15.749s][debug  ][gc,phases      ] GC(57)   ResolvedMethodTable Weak       Min:  0.0, Avg:  0.0, Max:  0.0, Diff:  0.0, Sum:  0.0, Workers: 6
[15.750s][debug  ][gc,phases      ] GC(57)     Dead                           Min: 0, Avg:  0.0, Max: 0, Diff: 0, Sum: 0, Workers: 6
[15.750s][debug  ][gc,phases      ] GC(57)     Total                          Min: 0, Avg: 21.7, Max: 64, Diff: 64, Sum: 130, Workers: 6
[15.750s][debug  ][gc,phases      ] GC(57)   JNI Weak                       Min:  0.0, Avg:  0.0, Max:  0.0, Diff:  0.0, Sum:  0.0, Workers: 6
[15.750s][debug  ][gc,phases      ] GC(57)     Dead                           Min: 0, Avg:  0.0, Max: 0, Diff: 0, Sum: 0, Workers: 6
[15.750s][debug  ][gc,phases      ] GC(57)     Total                          Min: 0, Avg:  0.0, Max: 0, Diff: 0, Sum: 0, Workers: 6
[15.750s][debug  ][gc,phases      ] GC(57)   StringDedup Table Weak         Min:  0.0, Avg:  0.0, Max:  0.0, Diff:  0.0, Sum:  0.0, Workers: 6
[15.750s][debug  ][gc,phases      ] GC(57)     Dead                           Min: 0, Avg:  0.0, Max: 0, Diff: 0, Sum: 0, Workers: 6
[15.750s][debug  ][gc,phases      ] GC(57)     Total                          Min: 0, Avg:  0.0, Max: 0, Diff: 0, Sum: 0, Workers: 6
[15.750s][debug  ][gc,phases      ] GC(57)   StringDedup Requests0 Weak     Min:  0.0, Avg:  0.0, Max:  0.0, Diff:  0.0, Sum:  0.0, Workers: 6
[15.750s][debug  ][gc,phases      ] GC(57)     Dead                           Min: 0, Avg:  0.0, Max: 0, Diff: 0, Sum: 0, Workers: 6
[15.750s][debug  ][gc,phases      ] GC(57)     Total                          Min: 0, Avg:  0.0, Max: 0, Diff: 0, Sum: 0, Workers: 6
[15.750s][debug  ][gc,phases      ] GC(57)   StringDedup Requests1 Weak     Min:  0.0, Avg:  0.0, Max:  0.0, Diff:  0.0, Sum:  0.0, Workers: 6
[15.750s][debug  ][gc,phases      ] GC(57)     Dead                           Min: 0, Avg:  0.0, Max: 0, Diff: 0, Sum: 0, Workers: 6
[15.750s][debug  ][gc,phases      ] GC(57)     Total                          Min: 0, Avg:  0.0, Max: 0, Diff: 0, Sum: 0, Workers: 6
[15.750s][debug  ][gc,phases      ] GC(57)   Weak JFR Old Object Samples    Min:  0.0, Avg:  0.0, Max:  0.0, Diff:  0.0, Sum:  0.0, Workers: 6
[15.750s][debug  ][gc,phases      ] GC(57)     Dead                           Min: 0, Avg:  0.0, Max: 0, Diff: 0, Sum: 0, Workers: 6
[15.750s][debug  ][gc,phases      ] GC(57)     Total                          Min: 0, Avg:  0.0, Max: 0, Diff: 0, Sum: 0, Workers: 6
[15.750s][debug  ][gc,phases      ] GC(57) Weak Processing 0.651ms
[15.750s][debug  ][gc,phases,start] GC(57) Class Unloading
[15.750s][debug  ][gc,phases,start] GC(57) ClassLoaderData
[15.750s][debug  ][gc,phases      ] GC(57) ClassLoaderData 0.020ms
[15.750s][debug  ][gc,phases,start] GC(57) Trigger cleanups
[15.750s][debug  ][gc,phases      ] GC(57) Trigger cleanups 0.019ms
[15.750s][debug  ][gc,phases      ] GC(57) Class Unloading 0.252ms
[15.750s][info   ][gc,phases      ] GC(57) Marking Phase 2.202ms
[15.750s][info   ][gc,phases,start] GC(57) Summary Phase
[15.750s][info   ][gc,phases      ] GC(57) Summary Phase 0.039ms
[15.750s][info   ][gc,phases,start] GC(57) Adjust Roots
[15.750s][info   ][gc,phases      ] GC(57) Adjust Roots 0.125ms
[15.750s][info   ][gc,phases,start] GC(57) Compaction Phase
[15.860s][info   ][gc,phases      ] GC(57) Compaction Phase 110.088ms
[15.861s][info   ][gc,phases,start] GC(57) Post Compact
[15.866s][info   ][gc,phases      ] GC(57) Post Compact 5.698ms
[15.866s][debug  ][gc,ergo        ] GC(57) AdaptiveSizeStart: collection: 58 
[15.866s][debug  ][gc,ergo        ] GC(57) PSAdaptiveSizePolicy::compute_eden_space_size limits: desired_eden_size: 228868515 old_eden_size: 204472320 eden_limit: 204472320 cur_eden: 204472320 max_eden_size: 204472320 avg_young_live: 24911656
[15.866s][debug  ][gc,ergo        ] GC(57) PSAdaptiveSizePolicy::compute_eden_space_size: costs minor_time: 0.052407 major_cost: 0.039946 mutator_cost: 0.907647 throughput_goal: 0.990000
[15.866s][debug  ][gc,ergo        ] GC(57) Live_space: 950226176 free_space: 1126694912
[15.866s][debug  ][gc,ergo        ] GC(57) Old eden_size: 204472320 desired_eden_size: 204472320
[15.866s][debug  ][gc,ergo        ] GC(57) PSAdaptiveSizePolicy::compute_old_gen_free_space: costs minor_time: 0.052407 major_cost: 0.039946  mutator_cost: 0.907647 throughput_goal: 0.990000
[15.866s][debug  ][gc,ergo        ] GC(57) Live_space: 992343680 free_space: 1126694912
[15.867s][debug  ][gc,ergo        ] GC(57) Old promo_size: 922222592 desired_promo_size: 1022361600
[15.867s][debug  ][gc             ] GC(57) Expanding ParOldGen from 2038784K by 258048K to 2296832K
[15.867s][debug  ][gc,ergo        ] GC(57) AdaptiveSizeStop: collection: 58 
[15.867s][info   ][gc,heap        ] GC(57) PSYoungGen: 30720K(230912K)->0K(230912K) Eden: 0K(199680K)->0K(199680K) From: 30720K(31232K)->0K(31232K)
[15.867s][info   ][gc,heap        ] GC(57) ParOldGen: 1855077K(2038784K)->1015396K(2296832K)
[15.867s][info   ][gc,metaspace   ] GC(57) Metaspace: 1019K(1152K)->1019K(1152K) NonClass: 935K(960K)->935K(960K) Class: 83K(192K)->83K(192K)
[15.867s][info   ][gc             ] GC(57) Pause Full (Ergonomics) 1841M->991M(2468M) 119.341ms
[15.867s][info   ][gc,cpu         ] GC(57) User=1.06s Sys=0.00s Real=0.12s
[15.867s][debug  ][gc,heap        ] GC(57) Heap after GC invocations=58 (full 9):
[15.867s][debug  ][gc,heap        ] GC(57)  PSYoungGen      total 230912K, used 0K [0x00000007f0000000, 0x0000000800000000, 0x0000000800000000)
[15.867s][debug  ][gc,heap        ] GC(57)   eden space 199680K, 0% used [0x00000007f0000000,0x00000007f0000000,0x00000007fc300000)
[15.867s][debug  ][gc,heap        ] GC(57)   from space 31232K, 0% used [0x00000007fe180000,0x00000007fe180000,0x0000000800000000)
[15.867s][debug  ][gc,heap        ] GC(57)   to   space 31232K, 0% used [0x00000007fc300000,0x00000007fc300000,0x00000007fe180000)
[15.867s][debug  ][gc,heap        ] GC(57)  ParOldGen       total 2296832K, used 1015396K [0x0000000740000000, 0x00000007cc300000, 0x00000007f0000000)
[15.867s][debug  ][gc,heap        ] GC(57)   object space 2296832K, 44% used [0x0000000740000000,0x000000077df99228,0x00000007cc300000)
[15.867s][debug  ][gc,heap        ] GC(57)  Metaspace       used 1019K, committed 1152K, reserved 1056768K
[15.867s][debug  ][gc,heap        ] GC(57)   class space    used 83K, committed 192K, reserved 1048576K
[15.867s][debug  ][gc,task,time   ] GC(57) VM-Thread 157479303 157503917 158673010
[16.171s][debug  ][gc,heap        ] GC(58) Heap before GC invocations=59 (full 9):
[16.171s][debug  ][gc,heap        ] GC(58)  PSYoungGen      total 230912K, used 198466K [0x00000007f0000000, 0x0000000800000000, 0x0000000800000000)
[16.171s][debug  ][gc,heap        ] GC(58)   eden space 199680K, 99% used [0x00000007f0000000,0x00000007fc1d08a8,0x00000007fc300000)
[16.171s][debug  ][gc,heap        ] GC(58)   from space 31232K, 0% used [0x00000007fe180000,0x00000007fe180000,0x0000000800000000)
[16.172s][debug  ][gc,heap        ] GC(58)   to   space 31232K, 0% used [0x00000007fc300000,0x00000007fc300000,0x00000007fe180000)
[16.172s][debug  ][gc,heap        ] GC(58)  ParOldGen       total 2296832K, used 1015396K [0x0000000740000000, 0x00000007cc300000, 0x00000007f0000000)
[16.172s][debug  ][gc,heap        ] GC(58)   object space 2296832K, 44% used [0x0000000740000000,0x000000077df99228,0x00000007cc300000)
[16.172s][debug  ][gc,heap        ] GC(58)  Metaspace       used 1020K, committed 1216K, reserved 1056768K
[16.172s][debug  ][gc,heap        ] GC(58)   class space    used 83K, committed 192K, reserved 1048576K
[16.172s][debug  ][gc,tlab        ] GC(58) TLAB totals: thrds: 1  refills: 1 max: 1 slow allocs: 19 max 19 waste: 100.0% gc: 3998440B max: 3998440B slow: 0B max: 0B
[16.172s][info   ][gc,start       ] GC(58) Pause Young (Allocation Failure)
[16.172s][debug  ][gc,phases,start] GC(58) Scavenge
[16.185s][debug  ][gc,phases      ] GC(58) Scavenge 12.920ms
[16.185s][debug  ][gc,phases,start] GC(58) Reference Processing
[16.185s][debug  ][gc,ref         ] GC(58) Skipped phase 1 of Reference Processing: no references
[16.185s][debug  ][gc,ref         ] GC(58) Skipped phase 2 of Reference Processing: no references
[16.185s][debug  ][gc,ref         ] GC(58) Skipped phase 3 of Reference Processing: no references
[16.185s][debug  ][gc,ref         ] GC(58) Skipped phase 4 of Reference Processing: no references
[16.185s][debug  ][gc,phases,ref  ] GC(58) Reference Processing: 0.1ms
[16.185s][debug  ][gc,phases,ref  ] GC(58)   Reconsider SoftReferences: 0.0ms
[16.185s][debug  ][gc,phases,ref  ] GC(58)     SoftRef (ms):                  skipped
[16.185s][debug  ][gc,phases,ref  ] GC(58)   Notify Soft/WeakReferences: 0.0ms
[16.185s][debug  ][gc,phases,ref  ] GC(58)     SoftRef (ms):                  skipped
[16.185s][debug  ][gc,phases,ref  ] GC(58)     WeakRef (ms):                  skipped
[16.185s][debug  ][gc,phases,ref  ] GC(58)     FinalRef (ms):                 skipped
[16.185s][debug  ][gc,phases,ref  ] GC(58)     Total (ms):                    skipped
[16.185s][debug  ][gc,phases,ref  ] GC(58)   Notify and keep alive finalizable: 0.0ms
[16.185s][debug  ][gc,phases,ref  ] GC(58)     FinalRef (ms):                 skipped
[16.185s][debug  ][gc,phases,ref  ] GC(58)   Notify PhantomReferences: 0.0ms
[16.185s][debug  ][gc,phases,ref  ] GC(58)     PhantomRef (ms):               skipped
[16.185s][debug  ][gc,phases,ref  ] GC(58)   SoftReference:
[16.185s][debug  ][gc,phases,ref  ] GC(58)     Discovered: 0
[16.185s][debug  ][gc,phases,ref  ] GC(58)     Cleared: 0
[16.185s][debug  ][gc,phases,ref  ] GC(58)   WeakReference:
[16.185s][debug  ][gc,phases,ref  ] GC(58)     Discovered: 0
[16.185s][debug  ][gc,phases,ref  ] GC(58)     Cleared: 0
[16.185s][debug  ][gc,phases,ref  ] GC(58)   FinalReference:
[16.185s][debug  ][gc,phases,ref  ] GC(58)     Discovered: 0
[16.185s][debug  ][gc,phases,ref  ] GC(58)     Cleared: 0
[16.186s][debug  ][gc,phases,ref  ] GC(58)   PhantomReference:
[16.186s][debug  ][gc,phases,ref  ] GC(58)     Discovered: 0
[16.186s][debug  ][gc,phases,ref  ] GC(58)     Cleared: 0
[16.186s][debug  ][gc,phases      ] GC(58) Reference Processing 0.834ms
[16.186s][debug  ][gc,phases,start] GC(58) Weak Processing
[16.186s][debug  ][gc,phases      ] GC(58)   VM Weak                        Min:  0.0, Avg:  0.0, Max:  0.0, Diff:  0.0, Sum:  0.0, Workers: 6
[16.186s][debug  ][gc,phases      ] GC(58)     Dead                           Min: 0, Avg:  0.0, Max: 0, Diff: 0, Sum: 0, Workers: 6
[16.186s][debug  ][gc,phases      ] GC(58)     Total                          Min: 0, Avg:  1.3, Max: 8, Diff: 8, Sum: 8, Workers: 6
[16.186s][debug  ][gc,phases      ] GC(58)   ObjectSynchronizer Weak        Min:  0.0, Avg:  0.0, Max:  0.0, Diff:  0.0, Sum:  0.0, Workers: 6
[16.186s][debug  ][gc,phases      ] GC(58)     Dead                           Min: 0, Avg:  0.0, Max: 0, Diff: 0, Sum: 0, Workers: 6
[16.186s][debug  ][gc,phases      ] GC(58)     Total                          Min: 0, Avg:  0.5, Max: 3, Diff: 3, Sum: 3, Workers: 6
[16.186s][debug  ][gc,phases      ] GC(58)   JVMTI Tag Weak OopStorage      Min:  0.0, Avg:  0.0, Max:  0.0, Diff:  0.0, Sum:  0.0, Workers: 6
[16.186s][debug  ][gc,phases      ] GC(58)     Dead                           Min: 0, Avg:  0.0, Max: 0, Diff: 0, Sum: 0, Workers: 6
[16.186s][debug  ][gc,phases      ] GC(58)     Total                          Min: 0, Avg:  0.0, Max: 0, Diff: 0, Sum: 0, Workers: 6
[16.186s][debug  ][gc,phases      ] GC(58)   StringTable Weak               Min:  0.0, Avg:  0.0, Max:  0.0, Diff:  0.0, Sum:  0.0, Workers: 6
[16.186s][debug  ][gc,phases      ] GC(58)     Dead                           Min: 0, Avg:  0.0, Max: 0, Diff: 0, Sum: 0, Workers: 6
[16.186s][debug  ][gc,phases      ] GC(58)     Total                          Min: 747, Avg: 892.5, Max: 1152, Diff: 405, Sum: 5355, Workers: 6
[16.186s][debug  ][gc,phases      ] GC(58)   ResolvedMethodTable Weak       Min:  0.0, Avg:  0.0, Max:  0.0, Diff:  0.0, Sum:  0.0, Workers: 6
[16.186s][debug  ][gc,phases      ] GC(58)     Dead                           Min: 0, Avg:  0.0, Max: 0, Diff: 0, Sum: 0, Workers: 6
[16.186s][debug  ][gc,phases      ] GC(58)     Total                          Min: 0, Avg: 21.7, Max: 64, Diff: 64, Sum: 130, Workers: 6
[16.186s][debug  ][gc,phases      ] GC(58)   JNI Weak                       Min:  0.0, Avg:  0.0, Max:  0.0, Diff:  0.0, Sum:  0.0, Workers: 6
[16.186s][debug  ][gc,phases      ] GC(58)     Dead                           Min: 0, Avg:  0.0, Max: 0, Diff: 0, Sum: 0, Workers: 6
[16.186s][debug  ][gc,phases      ] GC(58)     Total                          Min: 0, Avg:  0.0, Max: 0, Diff: 0, Sum: 0, Workers: 6
[16.186s][debug  ][gc,phases      ] GC(58)   StringDedup Table Weak         Min:  0.0, Avg:  0.0, Max:  0.0, Diff:  0.0, Sum:  0.0, Workers: 6
[16.186s][debug  ][gc,phases      ] GC(58)     Dead                           Min: 0, Avg:  0.0, Max: 0, Diff: 0, Sum: 0, Workers: 6
[16.186s][debug  ][gc,phases      ] GC(58)     Total                          Min: 0, Avg:  0.0, Max: 0, Diff: 0, Sum: 0, Workers: 6
[16.186s][debug  ][gc,phases      ] GC(58)   StringDedup Requests0 Weak     Min:  0.0, Avg:  0.0, Max:  0.0, Diff:  0.0, Sum:  0.0, Workers: 6
[16.186s][debug  ][gc,phases      ] GC(58)     Dead                           Min: 0, Avg:  0.0, Max: 0, Diff: 0, Sum: 0, Workers: 6
[16.186s][debug  ][gc,phases      ] GC(58)     Total                          Min: 0, Avg:  0.0, Max: 0, Diff: 0, Sum: 0, Workers: 6
[16.186s][debug  ][gc,phases      ] GC(58)   StringDedup Requests1 Weak     Min:  0.0, Avg:  0.0, Max:  0.0, Diff:  0.0, Sum:  0.0, Workers: 6
[16.186s][debug  ][gc,phases      ] GC(58)     Dead                           Min: 0, Avg:  0.0, Max: 0, Diff: 0, Sum: 0, Workers: 6
[16.186s][debug  ][gc,phases      ] GC(58)     Total                          Min: 0, Avg:  0.0, Max: 0, Diff: 0, Sum: 0, Workers: 6
[16.186s][debug  ][gc,phases      ] GC(58)   Weak JFR Old Object Samples    Min:  0.0, Avg:  0.0, Max:  0.0, Diff:  0.0, Sum:  0.0, Workers: 6
[16.186s][debug  ][gc,phases      ] GC(58)     Dead                           Min: 0, Avg:  0.0, Max: 0, Diff: 0, Sum: 0, Workers: 6
[16.186s][debug  ][gc,phases      ] GC(58)     Total                          Min: 0, Avg:  0.0, Max: 0, Diff: 0, Sum: 0, Workers: 6
[16.186s][debug  ][gc,phases      ] GC(58) Weak Processing 0.821ms
[16.186s][debug  ][gc,ergo        ] GC(58) AdaptiveSizeStart:  collection: 59 
[16.187s][debug  ][gc,ergo        ] GC(58) avg_survived_padded_avg: 31664902.000000
[16.187s][debug  ][gc,ergo        ] GC(58) avg_promoted_padded_avg: 281107328.000000  avg_pretenured_padded_avg: 0.000000  tenuring_thresh: 1  target_size: 31981568
[16.187s][debug  ][gc,age         ] GC(58) Desired survivor size 31981568 bytes, new threshold 1 (max threshold 15)
[16.187s][debug  ][gc,ergo        ] GC(58) PSAdaptiveSizePolicy::compute_eden_space_size limits: desired_eden_size: 227865744 old_eden_size: 204472320 eden_limit: 204472320 cur_eden: 204472320 max_eden_size: 204472320 avg_young_live: 25566222
[16.187s][debug  ][gc,ergo        ] GC(58) PSAdaptiveSizePolicy::compute_eden_space_size: costs minor_time: 0.047682 major_cost: 0.039946 mutator_cost: 0.912373 throughput_goal: 0.990000
[16.187s][debug  ][gc,ergo        ] GC(58) Live_space: 992998272 free_space: 1226833920
[16.187s][debug  ][gc,ergo        ] GC(58) Old eden_size: 204472320 desired_eden_size: 204472320
[16.187s][debug  ][gc,ergo        ] GC(58) AdaptiveSizeStop: collection: 59 
[16.187s][info   ][gc,heap        ] GC(58) PSYoungGen: 198466K(230912K)->30720K(230912K) Eden: 198466K(199680K)->0K(199680K) From: 0K(31232K)->30720K(31232K)
[16.187s][info   ][gc,heap        ] GC(58) ParOldGen: 1015396K(2296832K)->1168996K(2296832K)
[16.187s][info   ][gc,metaspace   ] GC(58) Metaspace: 1020K(1216K)->1020K(1216K) NonClass: 937K(1024K)->937K(1024K) Class: 83K(192K)->83K(192K)
[16.187s][info   ][gc             ] GC(58) Pause Young (Allocation Failure) 1185M->1171M(2468M) 15.089ms
[16.187s][info   ][gc,cpu         ] GC(58) User=0.14s Sys=0.00s Real=0.02s
[16.187s][debug  ][gc,heap        ] GC(58) Heap after GC invocations=59 (full 9):
[16.187s][debug  ][gc,heap        ] GC(58)  PSYoungGen      total 230912K, used 30720K [0x00000007f0000000, 0x0000000800000000, 0x0000000800000000)
[16.187s][debug  ][gc,heap        ] GC(58)   eden space 199680K, 0% used [0x00000007f0000000,0x00000007f0000000,0x00000007fc300000)
[16.187s][debug  ][gc,heap        ] GC(58)   from space 31232K, 98% used [0x00000007fc300000,0x00000007fe100030,0x00000007fe180000)
[16.187s][debug  ][gc,heap        ] GC(58)   to   space 31232K, 0% used [0x00000007fe180000,0x00000007fe180000,0x0000000800000000)
[16.187s][debug  ][gc,heap        ] GC(58)  ParOldGen       total 2296832K, used 1168996K [0x0000000740000000, 0x00000007cc300000, 0x00000007f0000000)
[16.187s][debug  ][gc,heap        ] GC(58)   object space 2296832K, 50% used [0x0000000740000000,0x0000000787599318,0x00000007cc300000)
[16.187s][debug  ][gc,heap        ] GC(58)  Metaspace       used 1020K, committed 1216K, reserved 1056768K
[16.187s][debug  ][gc,heap        ] GC(58)   class space    used 83K, committed 192K, reserved 1048576K
[16.187s][debug  ][gc,task,time   ] GC(58) VM-Thread 161713000 161847735 161870841
[16.490s][debug  ][gc,heap        ] GC(59) Heap before GC invocations=60 (full 9):
[16.490s][debug  ][gc,heap        ] GC(59)  PSYoungGen      total 230912K, used 229189K [0x00000007f0000000, 0x0000000800000000, 0x0000000800000000)
[16.490s][debug  ][gc,heap        ] GC(59)   eden space 199680K, 99% used [0x00000007f0000000,0x00000007fc1d1560,0x00000007fc300000)
[16.490s][debug  ][gc,heap        ] GC(59)   from space 31232K, 98% used [0x00000007fc300000,0x00000007fe100030,0x00000007fe180000)
[16.490s][debug  ][gc,heap        ] GC(59)   to   space 31232K, 0% used [0x00000007fe180000,0x00000007fe180000,0x0000000800000000)
[16.490s][debug  ][gc,heap        ] GC(59)  ParOldGen       total 2296832K, used 1168996K [0x0000000740000000, 0x00000007cc300000, 0x00000007f0000000)
[16.490s][debug  ][gc,heap        ] GC(59)   object space 2296832K, 50% used [0x0000000740000000,0x0000000787599318,0x00000007cc300000)
[16.490s][debug  ][gc,heap        ] GC(59)  Metaspace       used 1020K, committed 1216K, reserved 1056768K
[16.490s][debug  ][gc,heap        ] GC(59)   class space    used 83K, committed 192K, reserved 1048576K
[16.490s][debug  ][gc,tlab        ] GC(59) TLAB totals: thrds: 1  refills: 1 max: 1 slow allocs: 18 max 18 waste: 27.6% gc: 4002864B max: 4002864B slow: 0B max: 0B
[16.490s][info   ][gc,start       ] GC(59) Pause Young (Allocation Failure)
[16.490s][debug  ][gc,phases,start] GC(59) Scavenge
[16.506s][debug  ][gc,phases      ] GC(59) Scavenge 15.767ms
[16.506s][debug  ][gc,phases,start] GC(59) Reference Processing
[16.506s][debug  ][gc,ref         ] GC(59) Skipped phase 1 of Reference Processing: no references
[16.506s][debug  ][gc,ref         ] GC(59) Skipped phase 2 of Reference Processing: no references
[16.506s][debug  ][gc,ref         ] GC(59) Skipped phase 3 of Reference Processing: no references
[16.506s][debug  ][gc,ref         ] GC(59) Skipped phase 4 of Reference Processing: no references
[16.506s][debug  ][gc,phases,ref  ] GC(59) Reference Processing: 0.1ms
[16.506s][debug  ][gc,phases,ref  ] GC(59)   Reconsider SoftReferences: 0.0ms
[16.506s][debug  ][gc,phases,ref  ] GC(59)     SoftRef (ms):                  skipped
[16.507s][debug  ][gc,phases,ref  ] GC(59)   Notify Soft/WeakReferences: 0.0ms
[16.507s][debug  ][gc,phases,ref  ] GC(59)     SoftRef (ms):                  skipped
[16.507s][debug  ][gc,phases,ref  ] GC(59)     WeakRef (ms):                  skipped
[16.507s][debug  ][gc,phases,ref  ] GC(59)     FinalRef (ms):                 skipped
[16.507s][debug  ][gc,phases,ref  ] GC(59)     Total (ms):                    skipped
[16.507s][debug  ][gc,phases,ref  ] GC(59)   Notify and keep alive finalizable: 0.0ms
[16.507s][debug  ][gc,phases,ref  ] GC(59)     FinalRef (ms):                 skipped
[16.507s][debug  ][gc,phases,ref  ] GC(59)   Notify PhantomReferences: 0.0ms
[16.507s][debug  ][gc,phases,ref  ] GC(59)     PhantomRef (ms):               skipped
[16.507s][debug  ][gc,phases,ref  ] GC(59)   SoftReference:
[16.507s][debug  ][gc,phases,ref  ] GC(59)     Discovered: 0
[16.507s][debug  ][gc,phases,ref  ] GC(59)     Cleared: 0
[16.507s][debug  ][gc,phases,ref  ] GC(59)   WeakReference:
[16.507s][debug  ][gc,phases,ref  ] GC(59)     Discovered: 0
[16.507s][debug  ][gc,phases,ref  ] GC(59)     Cleared: 0
[16.507s][debug  ][gc,phases,ref  ] GC(59)   FinalReference:
[16.507s][debug  ][gc,phases,ref  ] GC(59)     Discovered: 0
[16.507s][debug  ][gc,phases,ref  ] GC(59)     Cleared: 0
[16.507s][debug  ][gc,phases,ref  ] GC(59)   PhantomReference:
[16.507s][debug  ][gc,phases,ref  ] GC(59)     Discovered: 0
[16.507s][debug  ][gc,phases,ref  ] GC(59)     Cleared: 0
[16.507s][debug  ][gc,phases      ] GC(59) Reference Processing 0.634ms
[16.507s][debug  ][gc,phases,start] GC(59) Weak Processing
[16.507s][debug  ][gc,phases      ] GC(59)   VM Weak                        Min:  0.0, Avg:  0.0, Max:  0.0, Diff:  0.0, Sum:  0.0, Workers: 6
[16.507s][debug  ][gc,phases      ] GC(59)     Dead                           Min: 0, Avg:  0.0, Max: 0, Diff: 0, Sum: 0, Workers: 6
[16.507s][debug  ][gc,phases      ] GC(59)     Total                          Min: 0, Avg:  1.3, Max: 8, Diff: 8, Sum: 8, Workers: 6
[16.507s][debug  ][gc,phases      ] GC(59)   ObjectSynchronizer Weak        Min:  0.0, Avg:  0.0, Max:  0.0, Diff:  0.0, Sum:  0.0, Workers: 6
[16.507s][debug  ][gc,phases      ] GC(59)     Dead                           Min: 0, Avg:  0.0, Max: 0, Diff: 0, Sum: 0, Workers: 6
[16.507s][debug  ][gc,phases      ] GC(59)     Total                          Min: 0, Avg:  0.5, Max: 3, Diff: 3, Sum: 3, Workers: 6
[16.507s][debug  ][gc,phases      ] GC(59)   JVMTI Tag Weak OopStorage      Min:  0.0, Avg:  0.0, Max:  0.0, Diff:  0.0, Sum:  0.0, Workers: 6
[16.507s][debug  ][gc,phases      ] GC(59)     Dead                           Min: 0, Avg:  0.0, Max: 0, Diff: 0, Sum: 0, Workers: 6
[16.507s][debug  ][gc,phases      ] GC(59)     Total                          Min: 0, Avg:  0.0, Max: 0, Diff: 0, Sum: 0, Workers: 6
[16.507s][debug  ][gc,phases      ] GC(59)   StringTable Weak               Min:  0.0, Avg:  0.0, Max:  0.0, Diff:  0.0, Sum:  0.0, Workers: 6
[16.507s][debug  ][gc,phases      ] GC(59)     Dead                           Min: 0, Avg:  0.0, Max: 0, Diff: 0, Sum: 0, Workers: 6
[16.507s][debug  ][gc,phases      ] GC(59)     Total                          Min: 768, Avg: 892.5, Max: 1024, Diff: 256, Sum: 5355, Workers: 6
[16.507s][debug  ][gc,phases      ] GC(59)   ResolvedMethodTable Weak       Min:  0.0, Avg:  0.0, Max:  0.0, Diff:  0.0, Sum:  0.0, Workers: 6
[16.507s][debug  ][gc,phases      ] GC(59)     Dead                           Min: 0, Avg:  0.0, Max: 0, Diff: 0, Sum: 0, Workers: 6
[16.507s][debug  ][gc,phases      ] GC(59)     Total                          Min: 0, Avg: 21.7, Max: 64, Diff: 64, Sum: 130, Workers: 6
[16.507s][debug  ][gc,phases      ] GC(59)   JNI Weak                       Min:  0.0, Avg:  0.0, Max:  0.0, Diff:  0.0, Sum:  0.0, Workers: 6
[16.507s][debug  ][gc,phases      ] GC(59)     Dead                           Min: 0, Avg:  0.0, Max: 0, Diff: 0, Sum: 0, Workers: 6
[16.507s][debug  ][gc,phases      ] GC(59)     Total                          Min: 0, Avg:  0.0, Max: 0, Diff: 0, Sum: 0, Workers: 6
[16.507s][debug  ][gc,phases      ] GC(59)   StringDedup Table Weak         Min:  0.0, Avg:  0.0, Max:  0.0, Diff:  0.0, Sum:  0.0, Workers: 6
[16.507s][debug  ][gc,phases      ] GC(59)     Dead                           Min: 0, Avg:  0.0, Max: 0, Diff: 0, Sum: 0, Workers: 6
[16.507s][debug  ][gc,phases      ] GC(59)     Total                          Min: 0, Avg:  0.0, Max: 0, Diff: 0, Sum: 0, Workers: 6
[16.507s][debug  ][gc,phases      ] GC(59)   StringDedup Requests0 Weak     Min:  0.0, Avg:  0.0, Max:  0.0, Diff:  0.0, Sum:  0.0, Workers: 6
[16.508s][debug  ][gc,phases      ] GC(59)     Dead                           Min: 0, Avg:  0.0, Max: 0, Diff: 0, Sum: 0, Workers: 6
[16.508s][debug  ][gc,phases      ] GC(59)     Total                          Min: 0, Avg:  0.0, Max: 0, Diff: 0, Sum: 0, Workers: 6
[16.508s][debug  ][gc,phases      ] GC(59)   StringDedup Requests1 Weak     Min:  0.0, Avg:  0.0, Max:  0.0, Diff:  0.0, Sum:  0.0, Workers: 6
[16.508s][debug  ][gc,phases      ] GC(59)     Dead                           Min: 0, Avg:  0.0, Max: 0, Diff: 0, Sum: 0, Workers: 6
[16.508s][debug  ][gc,phases      ] GC(59)     Total                          Min: 0, Avg:  0.0, Max: 0, Diff: 0, Sum: 0, Workers: 6
[16.508s][debug  ][gc,phases      ] GC(59)   Weak JFR Old Object Samples    Min:  0.0, Avg:  0.0, Max:  0.0, Diff:  0.0, Sum:  0.0, Workers: 6
[16.508s][debug  ][gc,phases      ] GC(59)     Dead                           Min: 0, Avg:  0.0, Max: 0, Diff: 0, Sum: 0, Workers: 6
[16.508s][debug  ][gc,phases      ] GC(59)     Total                          Min: 0, Avg:  0.0, Max: 0, Diff: 0, Sum: 0, Workers: 6
[16.508s][debug  ][gc,phases      ] GC(59) Weak Processing 0.697ms
[16.508s][debug  ][gc,ergo        ] GC(59) AdaptiveSizeStart:  collection: 60 
[16.508s][debug  ][gc,ergo        ] GC(59) avg_survived_padded_avg: 31648056.000000
[16.508s][debug  ][gc,ergo        ] GC(59) avg_promoted_padded_avg: 279988544.000000  avg_pretenured_padded_avg: 0.000000  tenuring_thresh: 1  target_size: 31981568
[16.508s][debug  ][gc,age         ] GC(59) Desired survivor size 31981568 bytes, new threshold 1 (max threshold 15)
[16.508s][debug  ][gc,ergo        ] GC(59) PSAdaptiveSizePolicy::compute_eden_space_size limits: desired_eden_size: 228192011 old_eden_size: 204472320 eden_limit: 204472320 cur_eden: 204472320 max_eden_size: 204472320 avg_young_live: 26155332
[16.508s][debug  ][gc,ergo        ] GC(59) PSAdaptiveSizePolicy::compute_eden_space_size: costs minor_time: 0.049165 major_cost: 0.039946 mutator_cost: 0.910889 throughput_goal: 0.990000
[16.508s][debug  ][gc,ergo        ] GC(59) Live_space: 993587392 free_space: 1226833920
[16.508s][debug  ][gc,ergo        ] GC(59) Old eden_size: 204472320 desired_eden_size: 204472320
[16.508s][debug  ][gc,ergo        ] GC(59) AdaptiveSizeStop: collection: 60 
[16.508s][info   ][gc,heap        ] GC(59) PSYoungGen: 229189K(230912K)->30720K(230912K) Eden: 198469K(199680K)->0K(199680K) From: 30720K(31232K)->30720K(31232K)
[16.508s][info   ][gc,heap        ] GC(59) ParOldGen: 1168996K(2296832K)->1363557K(2296832K)
[16.508s][info   ][gc,metaspace   ] GC(59) Metaspace: 1020K(1216K)->1020K(1216K) NonClass: 937K(1024K)->937K(1024K) Class: 83K(192K)->83K(192K)
[16.508s][info   ][gc             ] GC(59) Pause Young (Allocation Failure) 1365M->1361M(2468M) 17.541ms
[16.508s][info   ][gc,cpu         ] GC(59) User=0.14s Sys=0.00s Real=0.02s
[16.508s][debug  ][gc,heap        ] GC(59) Heap after GC invocations=60 (full 9):
[16.508s][debug  ][gc,heap        ] GC(59)  PSYoungGen      total 230912K, used 30720K [0x00000007f0000000, 0x0000000800000000, 0x0000000800000000)
[16.508s][debug  ][gc,heap        ] GC(59)   eden space 199680K, 0% used [0x00000007f0000000,0x00000007f0000000,0x00000007fc300000)
[16.508s][debug  ][gc,heap        ] GC(59)   from space 31232K, 98% used [0x00000007fe180000,0x00000007fff80030,0x0000000800000000)
[16.508s][debug  ][gc,heap        ] GC(59)   to   space 31232K, 0% used [0x00000007fc300000,0x00000007fc300000,0x00000007fe180000)
[16.508s][debug  ][gc,heap        ] GC(59)  ParOldGen       total 2296832K, used 1363557K [0x0000000740000000, 0x00000007cc300000, 0x00000007f0000000)
[16.508s][debug  ][gc,heap        ] GC(59)   object space 2296832K, 59% used [0x0000000740000000,0x0000000793399448,0x00000007cc300000)
[16.508s][debug  ][gc,heap        ] GC(59)  Metaspace       used 1020K, committed 1216K, reserved 1056768K
[16.508s][debug  ][gc,heap        ] GC(59)   class space    used 83K, committed 192K, reserved 1048576K
[16.508s][debug  ][gc,task,time   ] GC(59) VM-Thread 164899833 165063214 165082069
[16.807s][debug  ][gc,heap        ] GC(60) Heap before GC invocations=61 (full 9):
[16.807s][debug  ][gc,heap        ] GC(60)  PSYoungGen      total 230912K, used 229119K [0x00000007f0000000, 0x0000000800000000, 0x0000000800000000)
[16.807s][debug  ][gc,heap        ] GC(60)   eden space 199680K, 99% used [0x00000007f0000000,0x00000007fc1bfd30,0x00000007fc300000)
[16.807s][debug  ][gc,heap        ] GC(60)   from space 31232K, 98% used [0x00000007fe180000,0x00000007fff80030,0x0000000800000000)
[16.807s][debug  ][gc,heap        ] GC(60)   to   space 31232K, 0% used [0x00000007fc300000,0x00000007fc300000,0x00000007fe180000)
[16.807s][debug  ][gc,heap        ] GC(60)  ParOldGen       total 2296832K, used 1363557K [0x0000000740000000, 0x00000007cc300000, 0x00000007f0000000)
[16.807s][debug  ][gc,heap        ] GC(60)   object space 2296832K, 59% used [0x0000000740000000,0x0000000793399448,0x00000007cc300000)
[16.807s][debug  ][gc,heap        ] GC(60)  Metaspace       used 1020K, committed 1216K, reserved 1056768K
[16.807s][debug  ][gc,heap        ] GC(60)   class space    used 83K, committed 192K, reserved 1048576K
[16.807s][debug  ][gc,tlab        ] GC(60) TLAB totals: thrds: 1  refills: 1 max: 1 slow allocs: 18 max 18 waste: 27.3% gc: 3931136B max: 3931136B slow: 0B max: 0B
[16.807s][info   ][gc,start       ] GC(60) Pause Young (Allocation Failure)
[16.807s][debug  ][gc,phases,start] GC(60) Scavenge
[16.822s][debug  ][gc,phases      ] GC(60) Scavenge 15.411ms
[16.823s][debug  ][gc,phases,start] GC(60) Reference Processing
[16.823s][debug  ][gc,ref         ] GC(60) Skipped phase 1 of Reference Processing: no references
[16.823s][debug  ][gc,ref         ] GC(60) Skipped phase 2 of Reference Processing: no references
[16.823s][debug  ][gc,ref         ] GC(60) Skipped phase 3 of Reference Processing: no references
[16.823s][debug  ][gc,ref         ] GC(60) Skipped phase 4 of Reference Processing: no references
[16.823s][debug  ][gc,phases,ref  ] GC(60) Reference Processing: 0.1ms
[16.823s][debug  ][gc,phases,ref  ] GC(60)   Reconsider SoftReferences: 0.0ms
[16.823s][debug  ][gc,phases,ref  ] GC(60)     SoftRef (ms):                  skipped
[16.823s][debug  ][gc,phases,ref  ] GC(60)   Notify Soft/WeakReferences: 0.0ms
[16.823s][debug  ][gc,phases,ref  ] GC(60)     SoftRef (ms):                  skipped
[16.823s][debug  ][gc,phases,ref  ] GC(60)     WeakRef (ms):                  skipped
[16.823s][debug  ][gc,phases,ref  ] GC(60)     FinalRef (ms):                 skipped
[16.823s][debug  ][gc,phases,ref  ] GC(60)     Total (ms):                    skipped
[16.823s][debug  ][gc,phases,ref  ] GC(60)   Notify and keep alive finalizable: 0.0ms
[16.823s][debug  ][gc,phases,ref  ] GC(60)     FinalRef (ms):                 skipped
[16.823s][debug  ][gc,phases,ref  ] GC(60)   Notify PhantomReferences: 0.0ms
[16.823s][debug  ][gc,phases,ref  ] GC(60)     PhantomRef (ms):               skipped
[16.823s][debug  ][gc,phases,ref  ] GC(60)   SoftReference:
[16.823s][debug  ][gc,phases,ref  ] GC(60)     Discovered: 0
[16.823s][debug  ][gc,phases,ref  ] GC(60)     Cleared: 0
[16.823s][debug  ][gc,phases,ref  ] GC(60)   WeakReference:
[16.823s][debug  ][gc,phases,ref  ] GC(60)     Discovered: 0
[16.823s][debug  ][gc,phases,ref  ] GC(60)     Cleared: 0
[16.823s][debug  ][gc,phases,ref  ] GC(60)   FinalReference:
[16.823s][debug  ][gc,phases,ref  ] GC(60)     Discovered: 0
[16.823s][debug  ][gc,phases,ref  ] GC(60)     Cleared: 0
[16.823s][debug  ][gc,phases,ref  ] GC(60)   PhantomReference:
[16.823s][debug  ][gc,phases,ref  ] GC(60)     Discovered: 0
[16.823s][debug  ][gc,phases,ref  ] GC(60)     Cleared: 0
[16.823s][debug  ][gc,phases      ] GC(60) Reference Processing 0.587ms
[16.823s][debug  ][gc,phases,start] GC(60) Weak Processing
[16.823s][debug  ][gc,phases      ] GC(60)   VM Weak                        Min:  0.0, Avg:  0.0, Max:  0.0, Diff:  0.0, Sum:  0.0, Workers: 6
[16.823s][debug  ][gc,phases      ] GC(60)     Dead                           Min: 0, Avg:  0.0, Max: 0, Diff: 0, Sum: 0, Workers: 6
[16.823s][debug  ][gc,phases      ] GC(60)     Total                          Min: 0, Avg:  1.3, Max: 8, Diff: 8, Sum: 8, Workers: 6
[16.823s][debug  ][gc,phases      ] GC(60)   ObjectSynchronizer Weak        Min:  0.0, Avg:  0.0, Max:  0.0, Diff:  0.0, Sum:  0.0, Workers: 6
[16.823s][debug  ][gc,phases      ] GC(60)     Dead                           Min: 0, Avg:  0.0, Max: 0, Diff: 0, Sum: 0, Workers: 6
[16.823s][debug  ][gc,phases      ] GC(60)     Total                          Min: 0, Avg:  0.5, Max: 3, Diff: 3, Sum: 3, Workers: 6
[16.823s][debug  ][gc,phases      ] GC(60)   JVMTI Tag Weak OopStorage      Min:  0.0, Avg:  0.0, Max:  0.0, Diff:  0.0, Sum:  0.0, Workers: 6
[16.823s][debug  ][gc,phases      ] GC(60)     Dead                           Min: 0, Avg:  0.0, Max: 0, Diff: 0, Sum: 0, Workers: 6
[16.823s][debug  ][gc,phases      ] GC(60)     Total                          Min: 0, Avg:  0.0, Max: 0, Diff: 0, Sum: 0, Workers: 6
[16.823s][debug  ][gc,phases      ] GC(60)   StringTable Weak               Min:  0.0, Avg:  0.0, Max:  0.0, Diff:  0.0, Sum:  0.0, Workers: 6
[16.823s][debug  ][gc,phases      ] GC(60)     Dead                           Min: 0, Avg:  0.0, Max: 0, Diff: 0, Sum: 0, Workers: 6
[16.823s][debug  ][gc,phases      ] GC(60)     Total                          Min: 768, Avg: 892.5, Max: 1088, Diff: 320, Sum: 5355, Workers: 6
[16.823s][debug  ][gc,phases      ] GC(60)   ResolvedMethodTable Weak       Min:  0.0, Avg:  0.0, Max:  0.0, Diff:  0.0, Sum:  0.0, Workers: 6
[16.823s][debug  ][gc,phases      ] GC(60)     Dead                           Min: 0, Avg:  0.0, Max: 0, Diff: 0, Sum: 0, Workers: 6
[16.823s][debug  ][gc,phases      ] GC(60)     Total                          Min: 0, Avg: 21.7, Max: 64, Diff: 64, Sum: 130, Workers: 6
[16.823s][debug  ][gc,phases      ] GC(60)   JNI Weak                       Min:  0.0, Avg:  0.0, Max:  0.0, Diff:  0.0, Sum:  0.0, Workers: 6
[16.824s][debug  ][gc,phases      ] GC(60)     Dead                           Min: 0, Avg:  0.0, Max: 0, Diff: 0, Sum: 0, Workers: 6
[16.824s][debug  ][gc,phases      ] GC(60)     Total                          Min: 0, Avg:  0.0, Max: 0, Diff: 0, Sum: 0, Workers: 6
[16.824s][debug  ][gc,phases      ] GC(60)   StringDedup Table Weak         Min:  0.0, Avg:  0.0, Max:  0.0, Diff:  0.0, Sum:  0.0, Workers: 6
[16.824s][debug  ][gc,phases      ] GC(60)     Dead                           Min: 0, Avg:  0.0, Max: 0, Diff: 0, Sum: 0, Workers: 6
[16.824s][debug  ][gc,phases      ] GC(60)     Total                          Min: 0, Avg:  0.0, Max: 0, Diff: 0, Sum: 0, Workers: 6
[16.824s][debug  ][gc,phases      ] GC(60)   StringDedup Requests0 Weak     Min:  0.0, Avg:  0.0, Max:  0.0, Diff:  0.0, Sum:  0.0, Workers: 6
[16.824s][debug  ][gc,phases      ] GC(60)     Dead                           Min: 0, Avg:  0.0, Max: 0, Diff: 0, Sum: 0, Workers: 6
[16.824s][debug  ][gc,phases      ] GC(60)     Total                          Min: 0, Avg:  0.0, Max: 0, Diff: 0, Sum: 0, Workers: 6
[16.824s][debug  ][gc,phases      ] GC(60)   StringDedup Requests1 Weak     Min:  0.0, Avg:  0.0, Max:  0.0, Diff:  0.0, Sum:  0.0, Workers: 6
[16.824s][debug  ][gc,phases      ] GC(60)     Dead                           Min: 0, Avg:  0.0, Max: 0, Diff: 0, Sum: 0, Workers: 6
[16.824s][debug  ][gc,phases      ] GC(60)     Total                          Min: 0, Avg:  0.0, Max: 0, Diff: 0, Sum: 0, Workers: 6
[16.824s][debug  ][gc,phases      ] GC(60)   Weak JFR Old Object Samples    Min:  0.0, Avg:  0.0, Max:  0.0, Diff:  0.0, Sum:  0.0, Workers: 6
[16.824s][debug  ][gc,phases      ] GC(60)     Dead                           Min: 0, Avg:  0.0, Max: 0, Diff: 0, Sum: 0, Workers: 6
[16.824s][debug  ][gc,phases      ] GC(60)     Total                          Min: 0, Avg:  0.0, Max: 0, Diff: 0, Sum: 0, Workers: 6
[16.824s][debug  ][gc,phases      ] GC(60) Weak Processing 0.662ms
[16.824s][debug  ][gc,ergo        ] GC(60) AdaptiveSizeStart:  collection: 61 
[16.824s][debug  ][gc,ergo        ] GC(60) avg_survived_padded_avg: 31632502.000000
[16.824s][debug  ][gc,ergo        ] GC(60) avg_promoted_padded_avg: 278274720.000000  avg_pretenured_padded_avg: 0.000000  tenuring_thresh: 1  target_size: 31981568
[16.824s][debug  ][gc,age         ] GC(60) Desired survivor size 31981568 bytes, new threshold 1 (max threshold 15)
[16.824s][debug  ][gc,ergo        ] GC(60) PSAdaptiveSizePolicy::compute_eden_space_size limits: desired_eden_size: 228399694 old_eden_size: 204472320 eden_limit: 204472320 cur_eden: 204472320 max_eden_size: 204472320 avg_young_live: 26685532
[16.824s][debug  ][gc,ergo        ] GC(60) PSAdaptiveSizePolicy::compute_eden_space_size: costs minor_time: 0.050136 major_cost: 0.039946 mutator_cost: 0.909918 throughput_goal: 0.990000
[16.824s][debug  ][gc,ergo        ] GC(60) Live_space: 994117632 free_space: 1226833920
[16.824s][debug  ][gc,ergo        ] GC(60) Old eden_size: 204472320 desired_eden_size: 204472320
[16.824s][debug  ][gc,ergo        ] GC(60) AdaptiveSizeStop: collection: 61 
[16.824s][info   ][gc,heap        ] GC(60) PSYoungGen: 229119K(230912K)->30720K(230912K) Eden: 198399K(199680K)->0K(199680K) From: 30720K(31232K)->30720K(31232K)
[16.824s][info   ][gc,heap        ] GC(60) ParOldGen: 1363557K(2296832K)->1558117K(2296832K)
[16.824s][info   ][gc,metaspace   ] GC(60) Metaspace: 1020K(1216K)->1020K(1216K) NonClass: 937K(1024K)->937K(1024K) Class: 83K(192K)->83K(192K)
[16.824s][info   ][gc             ] GC(60) Pause Young (Allocation Failure) 1555M->1551M(2468M) 17.078ms
[16.824s][info   ][gc,cpu         ] GC(60) User=0.16s Sys=0.00s Real=0.02s
[16.824s][debug  ][gc,heap        ] GC(60) Heap after GC invocations=61 (full 9):
[16.824s][debug  ][gc,heap        ] GC(60)  PSYoungGen      total 230912K, used 30720K [0x00000007f0000000, 0x0000000800000000, 0x0000000800000000)
[16.824s][debug  ][gc,heap        ] GC(60)   eden space 199680K, 0% used [0x00000007f0000000,0x00000007f0000000,0x00000007fc300000)
[16.824s][debug  ][gc,heap        ] GC(60)   from space 31232K, 98% used [0x00000007fc300000,0x00000007fe100030,0x00000007fe180000)
[16.824s][debug  ][gc,heap        ] GC(60)   to   space 31232K, 0% used [0x00000007fe180000,0x00000007fe180000,0x0000000800000000)
[16.824s][debug  ][gc,heap        ] GC(60)  ParOldGen       total 2296832K, used 1558117K [0x0000000740000000, 0x00000007cc300000, 0x00000007f0000000)
[16.824s][debug  ][gc,heap        ] GC(60)   object space 2296832K, 67% used [0x0000000740000000,0x000000079f199578,0x00000007cc300000)
[16.824s][debug  ][gc,heap        ] GC(60)  Metaspace       used 1020K, committed 1216K, reserved 1056768K
[16.824s][debug  ][gc,heap        ] GC(60)   class space    used 83K, committed 192K, reserved 1048576K
[16.824s][debug  ][gc,task,time   ] GC(60) VM-Thread 168065879 168225213 168243109
[17.124s][debug  ][gc,heap        ] GC(61) Heap before GC invocations=62 (full 9):
[17.124s][debug  ][gc,heap        ] GC(61)  PSYoungGen      total 230912K, used 229146K [0x00000007f0000000, 0x0000000800000000, 0x0000000800000000)
[17.124s][debug  ][gc,heap        ] GC(61)   eden space 199680K, 99% used [0x00000007f0000000,0x00000007fc1c6970,0x00000007fc300000)
[17.124s][debug  ][gc,heap        ] GC(61)   from space 31232K, 98% used [0x00000007fc300000,0x00000007fe100030,0x00000007fe180000)
[17.124s][debug  ][gc,heap        ] GC(61)   to   space 31232K, 0% used [0x00000007fe180000,0x00000007fe180000,0x0000000800000000)
[17.124s][debug  ][gc,heap        ] GC(61)  ParOldGen       total 2296832K, used 1558117K [0x0000000740000000, 0x00000007cc300000, 0x00000007f0000000)
[17.124s][debug  ][gc,heap        ] GC(61)   object space 2296832K, 67% used [0x0000000740000000,0x000000079f199578,0x00000007cc300000)
[17.124s][debug  ][gc,heap        ] GC(61)  Metaspace       used 1020K, committed 1216K, reserved 1056768K
[17.124s][debug  ][gc,heap        ] GC(61)   class space    used 83K, committed 192K, reserved 1048576K
[17.124s][debug  ][gc,tlab        ] GC(61) TLAB totals: thrds: 1  refills: 1 max: 1 slow allocs: 18 max 18 waste: 27.4% gc: 3958848B max: 3958848B slow: 0B max: 0B
[17.124s][info   ][gc,start       ] GC(61) Pause Young (Allocation Failure)
[17.124s][debug  ][gc,phases,start] GC(61) Scavenge
[17.140s][debug  ][gc,phases      ] GC(61) Scavenge 15.810ms
[17.140s][debug  ][gc,phases,start] GC(61) Reference Processing
[17.140s][debug  ][gc,ref         ] GC(61) Skipped phase 1 of Reference Processing: no references
[17.140s][debug  ][gc,ref         ] GC(61) Skipped phase 2 of Reference Processing: no references
[17.140s][debug  ][gc,ref         ] GC(61) Skipped phase 3 of Reference Processing: no references
[17.140s][debug  ][gc,ref         ] GC(61) Skipped phase 4 of Reference Processing: no references
[17.140s][debug  ][gc,phases,ref  ] GC(61) Reference Processing: 0.1ms
[17.140s][debug  ][gc,phases,ref  ] GC(61)   Reconsider SoftReferences: 0.0ms
[17.140s][debug  ][gc,phases,ref  ] GC(61)     SoftRef (ms):                  skipped
[17.140s][debug  ][gc,phases,ref  ] GC(61)   Notify Soft/WeakReferences: 0.0ms
[17.140s][debug  ][gc,phases,ref  ] GC(61)     SoftRef (ms):                  skipped
[17.140s][debug  ][gc,phases,ref  ] GC(61)     WeakRef (ms):                  skipped
[17.140s][debug  ][gc,phases,ref  ] GC(61)     FinalRef (ms):                 skipped
[17.140s][debug  ][gc,phases,ref  ] GC(61)     Total (ms):                    skipped
[17.140s][debug  ][gc,phases,ref  ] GC(61)   Notify and keep alive finalizable: 0.0ms
[17.140s][debug  ][gc,phases,ref  ] GC(61)     FinalRef (ms):                 skipped
[17.140s][debug  ][gc,phases,ref  ] GC(61)   Notify PhantomReferences: 0.0ms
[17.140s][debug  ][gc,phases,ref  ] GC(61)     PhantomRef (ms):               skipped
[17.141s][debug  ][gc,phases,ref  ] GC(61)   SoftReference:
[17.141s][debug  ][gc,phases,ref  ] GC(61)     Discovered: 0
[17.141s][debug  ][gc,phases,ref  ] GC(61)     Cleared: 0
[17.141s][debug  ][gc,phases,ref  ] GC(61)   WeakReference:
[17.141s][debug  ][gc,phases,ref  ] GC(61)     Discovered: 0
[17.141s][debug  ][gc,phases,ref  ] GC(61)     Cleared: 0
[17.141s][debug  ][gc,phases,ref  ] GC(61)   FinalReference:
[17.141s][debug  ][gc,phases,ref  ] GC(61)     Discovered: 0
[17.141s][debug  ][gc,phases,ref  ] GC(61)     Cleared: 0
[17.141s][debug  ][gc,phases,ref  ] GC(61)   PhantomReference:
[17.141s][debug  ][gc,phases,ref  ] GC(61)     Discovered: 0
[17.141s][debug  ][gc,phases,ref  ] GC(61)     Cleared: 0
[17.141s][debug  ][gc,phases      ] GC(61) Reference Processing 0.633ms
[17.141s][debug  ][gc,phases,start] GC(61) Weak Processing
[17.141s][debug  ][gc,phases      ] GC(61)   VM Weak                        Min:  0.0, Avg:  0.0, Max:  0.0, Diff:  0.0, Sum:  0.0, Workers: 6
[17.141s][debug  ][gc,phases      ] GC(61)     Dead                           Min: 0, Avg:  0.0, Max: 0, Diff: 0, Sum: 0, Workers: 6
[17.141s][debug  ][gc,phases      ] GC(61)     Total                          Min: 0, Avg:  1.3, Max: 8, Diff: 8, Sum: 8, Workers: 6
[17.141s][debug  ][gc,phases      ] GC(61)   ObjectSynchronizer Weak        Min:  0.0, Avg:  0.0, Max:  0.0, Diff:  0.0, Sum:  0.0, Workers: 6
[17.141s][debug  ][gc,phases      ] GC(61)     Dead                           Min: 0, Avg:  0.0, Max: 0, Diff: 0, Sum: 0, Workers: 6
[17.141s][debug  ][gc,phases      ] GC(61)     Total                          Min: 0, Avg:  0.5, Max: 3, Diff: 3, Sum: 3, Workers: 6
[17.141s][debug  ][gc,phases      ] GC(61)   JVMTI Tag Weak OopStorage      Min:  0.0, Avg:  0.0, Max:  0.0, Diff:  0.0, Sum:  0.0, Workers: 6
[17.141s][debug  ][gc,phases      ] GC(61)     Dead                           Min: 0, Avg:  0.0, Max: 0, Diff: 0, Sum: 0, Workers: 6
[17.141s][debug  ][gc,phases      ] GC(61)     Total                          Min: 0, Avg:  0.0, Max: 0, Diff: 0, Sum: 0, Workers: 6
[17.141s][debug  ][gc,phases      ] GC(61)   StringTable Weak               Min:  0.0, Avg:  0.0, Max:  0.0, Diff:  0.0, Sum:  0.0, Workers: 6
[17.141s][debug  ][gc,phases      ] GC(61)     Dead                           Min: 0, Avg:  0.0, Max: 0, Diff: 0, Sum: 0, Workers: 6
[17.141s][debug  ][gc,phases      ] GC(61)     Total                          Min: 703, Avg: 892.5, Max: 1068, Diff: 365, Sum: 5355, Workers: 6
[17.141s][debug  ][gc,phases      ] GC(61)   ResolvedMethodTable Weak       Min:  0.0, Avg:  0.0, Max:  0.0, Diff:  0.0, Sum:  0.0, Workers: 6
[17.141s][debug  ][gc,phases      ] GC(61)     Dead                           Min: 0, Avg:  0.0, Max: 0, Diff: 0, Sum: 0, Workers: 6
[17.141s][debug  ][gc,phases      ] GC(61)     Total                          Min: 0, Avg: 21.7, Max: 64, Diff: 64, Sum: 130, Workers: 6
[17.141s][debug  ][gc,phases      ] GC(61)   JNI Weak                       Min:  0.0, Avg:  0.0, Max:  0.0, Diff:  0.0, Sum:  0.0, Workers: 6
[17.141s][debug  ][gc,phases      ] GC(61)     Dead                           Min: 0, Avg:  0.0, Max: 0, Diff: 0, Sum: 0, Workers: 6
[17.141s][debug  ][gc,phases      ] GC(61)     Total                          Min: 0, Avg:  0.0, Max: 0, Diff: 0, Sum: 0, Workers: 6
[17.141s][debug  ][gc,phases      ] GC(61)   StringDedup Table Weak         Min:  0.0, Avg:  0.0, Max:  0.0, Diff:  0.0, Sum:  0.0, Workers: 6
[17.141s][debug  ][gc,phases      ] GC(61)     Dead                           Min: 0, Avg:  0.0, Max: 0, Diff: 0, Sum: 0, Workers: 6
[17.141s][debug  ][gc,phases      ] GC(61)     Total                          Min: 0, Avg:  0.0, Max: 0, Diff: 0, Sum: 0, Workers: 6
[17.141s][debug  ][gc,phases      ] GC(61)   StringDedup Requests0 Weak     Min:  0.0, Avg:  0.0, Max:  0.0, Diff:  0.0, Sum:  0.0, Workers: 6
[17.141s][debug  ][gc,phases      ] GC(61)     Dead                           Min: 0, Avg:  0.0, Max: 0, Diff: 0, Sum: 0, Workers: 6
[17.141s][debug  ][gc,phases      ] GC(61)     Total                          Min: 0, Avg:  0.0, Max: 0, Diff: 0, Sum: 0, Workers: 6
[17.141s][debug  ][gc,phases      ] GC(61)   StringDedup Requests1 Weak     Min:  0.0, Avg:  0.0, Max:  0.0, Diff:  0.0, Sum:  0.0, Workers: 6
[17.141s][debug  ][gc,phases      ] GC(61)     Dead                           Min: 0, Avg:  0.0, Max: 0, Diff: 0, Sum: 0, Workers: 6
[17.141s][debug  ][gc,phases      ] GC(61)     Total                          Min: 0, Avg:  0.0, Max: 0, Diff: 0, Sum: 0, Workers: 6
[17.141s][debug  ][gc,phases      ] GC(61)   Weak JFR Old Object Samples    Min:  0.0, Avg:  0.0, Max:  0.0, Diff:  0.0, Sum:  0.0, Workers: 6
[17.141s][debug  ][gc,phases      ] GC(61)     Dead                           Min: 0, Avg:  0.0, Max: 0, Diff: 0, Sum: 0, Workers: 6
[17.141s][debug  ][gc,phases      ] GC(61)     Total                          Min: 0, Avg:  0.0, Max: 0, Diff: 0, Sum: 0, Workers: 6
[17.141s][debug  ][gc,phases      ] GC(61) Weak Processing 0.706ms
[17.142s][debug  ][gc,ergo        ] GC(61) AdaptiveSizeStart:  collection: 62 
[17.142s][debug  ][gc,ergo        ] GC(61) avg_survived_padded_avg: 31618150.000000
[17.142s][debug  ][gc,ergo        ] GC(61) avg_promoted_padded_avg: 276096128.000000  avg_pretenured_padded_avg: 0.000000  tenuring_thresh: 1  target_size: 31981568
[17.142s][debug  ][gc,age         ] GC(61) Desired survivor size 31981568 bytes, new threshold 1 (max threshold 15)
[17.142s][debug  ][gc,ergo        ] GC(61) PSAdaptiveSizePolicy::compute_eden_space_size limits: desired_eden_size: 228620668 old_eden_size: 204472320 eden_limit: 204472320 cur_eden: 204472320 max_eden_size: 204472320 avg_young_live: 27162710
[17.142s][debug  ][gc,ergo        ] GC(61) PSAdaptiveSizePolicy::compute_eden_space_size: costs minor_time: 0.051192 major_cost: 0.039946 mutator_cost: 0.908862 throughput_goal: 0.990000
[17.142s][debug  ][gc,ergo        ] GC(61) Live_space: 994594816 free_space: 1226833920
[17.142s][debug  ][gc,ergo        ] GC(61) Old eden_size: 204472320 desired_eden_size: 204472320
[17.142s][debug  ][gc,ergo        ] GC(61) AdaptiveSizeStop: collection: 62 
[17.142s][info   ][gc,heap        ] GC(61) PSYoungGen: 229146K(230912K)->30720K(230912K) Eden: 198426K(199680K)->0K(199680K) From: 30720K(31232K)->30720K(31232K)
[17.142s][info   ][gc,heap        ] GC(61) ParOldGen: 1558117K(2296832K)->1752677K(2296832K)
[17.142s][info   ][gc,metaspace   ] GC(61) Metaspace: 1020K(1216K)->1020K(1216K) NonClass: 937K(1024K)->937K(1024K) Class: 83K(192K)->83K(192K)
[17.142s][info   ][gc             ] GC(61) Pause Young (Allocation Failure) 1745M->1741M(2468M) 17.587ms
[17.142s][info   ][gc,cpu         ] GC(61) User=0.14s Sys=0.00s Real=0.02s
[17.142s][debug  ][gc,heap        ] GC(61) Heap after GC invocations=62 (full 9):
[17.142s][debug  ][gc,heap        ] GC(61)  PSYoungGen      total 230912K, used 30720K [0x00000007f0000000, 0x0000000800000000, 0x0000000800000000)
[17.142s][debug  ][gc,heap        ] GC(61)   eden space 199680K, 0% used [0x00000007f0000000,0x00000007f0000000,0x00000007fc300000)
[17.142s][debug  ][gc,heap        ] GC(61)   from space 31232K, 98% used [0x00000007fe180000,0x00000007fff80030,0x0000000800000000)
[17.142s][debug  ][gc,heap        ] GC(61)   to   space 31232K, 0% used [0x00000007fc300000,0x00000007fc300000,0x00000007fe180000)
[17.142s][debug  ][gc,heap        ] GC(61)  ParOldGen       total 2296832K, used 1752677K [0x0000000740000000, 0x00000007cc300000, 0x00000007f0000000)
[17.142s][debug  ][gc,heap        ] GC(61)   object space 2296832K, 76% used [0x0000000740000000,0x00000007aaf996a8,0x00000007cc300000)
[17.142s][debug  ][gc,heap        ] GC(61)  Metaspace       used 1020K, committed 1216K, reserved 1056768K
[17.142s][debug  ][gc,heap        ] GC(61)   class space    used 83K, committed 192K, reserved 1048576K
[17.142s][debug  ][gc,task,time   ] GC(61) VM-Thread 171237309 171401245 171420098
[17.442s][debug  ][gc,heap        ] GC(62) Heap before GC invocations=63 (full 9):
[17.442s][debug  ][gc,heap        ] GC(62)  PSYoungGen      total 230912K, used 229163K [0x00000007f0000000, 0x0000000800000000, 0x0000000800000000)
[17.442s][debug  ][gc,heap        ] GC(62)   eden space 199680K, 99% used [0x00000007f0000000,0x00000007fc1caf10,0x00000007fc300000)
[17.442s][debug  ][gc,heap        ] GC(62)   from space 31232K, 98% used [0x00000007fe180000,0x00000007fff80030,0x0000000800000000)
[17.442s][debug  ][gc,heap        ] GC(62)   to   space 31232K, 0% used [0x00000007fc300000,0x00000007fc300000,0x00000007fe180000)
[17.442s][debug  ][gc,heap        ] GC(62)  ParOldGen       total 2296832K, used 1752677K [0x0000000740000000, 0x00000007cc300000, 0x00000007f0000000)
[17.442s][debug  ][gc,heap        ] GC(62)   object space 2296832K, 76% used [0x0000000740000000,0x00000007aaf996a8,0x00000007cc300000)
[17.442s][debug  ][gc,heap        ] GC(62)  Metaspace       used 1020K, committed 1216K, reserved 1056768K
[17.442s][debug  ][gc,heap        ] GC(62)   class space    used 83K, committed 192K, reserved 1048576K
[17.442s][debug  ][gc,tlab        ] GC(62) TLAB totals: thrds: 1  refills: 1 max: 1 slow allocs: 18 max 18 waste: 27.5% gc: 3976672B max: 3976672B slow: 0B max: 0B
[17.442s][info   ][gc,start       ] GC(62) Pause Young (Allocation Failure)
[17.442s][debug  ][gc,phases,start] GC(62) Scavenge
[17.460s][debug  ][gc,phases      ] GC(62) Scavenge 17.482ms
[17.460s][debug  ][gc,phases,start] GC(62) Reference Processing
[17.460s][debug  ][gc,ref         ] GC(62) Skipped phase 1 of Reference Processing: no references
[17.460s][debug  ][gc,ref         ] GC(62) Skipped phase 2 of Reference Processing: no references
[17.460s][debug  ][gc,ref         ] GC(62) Skipped phase 3 of Reference Processing: no references
[17.460s][debug  ][gc,ref         ] GC(62) Skipped phase 4 of Reference Processing: no references
[17.460s][debug  ][gc,phases,ref  ] GC(62) Reference Processing: 0.1ms
[17.460s][debug  ][gc,phases,ref  ] GC(62)   Reconsider SoftReferences: 0.0ms
[17.460s][debug  ][gc,phases,ref  ] GC(62)     SoftRef (ms):                  skipped
[17.460s][debug  ][gc,phases,ref  ] GC(62)   Notify Soft/WeakReferences: 0.0ms
[17.460s][debug  ][gc,phases,ref  ] GC(62)     SoftRef (ms):                  skipped
[17.460s][debug  ][gc,phases,ref  ] GC(62)     WeakRef (ms):                  skipped
[17.460s][debug  ][gc,phases,ref  ] GC(62)     FinalRef (ms):                 skipped
[17.460s][debug  ][gc,phases,ref  ] GC(62)     Total (ms):                    skipped
[17.460s][debug  ][gc,phases,ref  ] GC(62)   Notify and keep alive finalizable: 0.0ms
[17.460s][debug  ][gc,phases,ref  ] GC(62)     FinalRef (ms):                 skipped
[17.460s][debug  ][gc,phases,ref  ] GC(62)   Notify PhantomReferences: 0.0ms
[17.460s][debug  ][gc,phases,ref  ] GC(62)     PhantomRef (ms):               skipped
[17.460s][debug  ][gc,phases,ref  ] GC(62)   SoftReference:
[17.460s][debug  ][gc,phases,ref  ] GC(62)     Discovered: 0
[17.460s][debug  ][gc,phases,ref  ] GC(62)     Cleared: 0
[17.460s][debug  ][gc,phases,ref  ] GC(62)   WeakReference:
[17.460s][debug  ][gc,phases,ref  ] GC(62)     Discovered: 0
[17.460s][debug  ][gc,phases,ref  ] GC(62)     Cleared: 0
[17.460s][debug  ][gc,phases,ref  ] GC(62)   FinalReference:
[17.460s][debug  ][gc,phases,ref  ] GC(62)     Discovered: 0
[17.460s][debug  ][gc,phases,ref  ] GC(62)     Cleared: 0
[17.460s][debug  ][gc,phases,ref  ] GC(62)   PhantomReference:
[17.460s][debug  ][gc,phases,ref  ] GC(62)     Discovered: 0
[17.460s][debug  ][gc,phases,ref  ] GC(62)     Cleared: 0
[17.460s][debug  ][gc,phases      ] GC(62) Reference Processing 0.563ms
[17.460s][debug  ][gc,phases,start] GC(62) Weak Processing
[17.460s][debug  ][gc,phases      ] GC(62)   VM Weak                        Min:  0.0, Avg:  0.0, Max:  0.0, Diff:  0.0, Sum:  0.0, Workers: 6
[17.461s][debug  ][gc,phases      ] GC(62)     Dead                           Min: 0, Avg:  0.0, Max: 0, Diff: 0, Sum: 0, Workers: 6
[17.461s][debug  ][gc,phases      ] GC(62)     Total                          Min: 0, Avg:  1.3, Max: 8, Diff: 8, Sum: 8, Workers: 6
[17.461s][debug  ][gc,phases      ] GC(62)   ObjectSynchronizer Weak        Min:  0.0, Avg:  0.0, Max:  0.0, Diff:  0.0, Sum:  0.0, Workers: 6
[17.461s][debug  ][gc,phases      ] GC(62)     Dead                           Min: 0, Avg:  0.0, Max: 0, Diff: 0, Sum: 0, Workers: 6
[17.461s][debug  ][gc,phases      ] GC(62)     Total                          Min: 0, Avg:  0.5, Max: 3, Diff: 3, Sum: 3, Workers: 6
[17.461s][debug  ][gc,phases      ] GC(62)   JVMTI Tag Weak OopStorage      Min:  0.0, Avg:  0.0, Max:  0.0, Diff:  0.0, Sum:  0.0, Workers: 6
[17.461s][debug  ][gc,phases      ] GC(62)     Dead                           Min: 0, Avg:  0.0, Max: 0, Diff: 0, Sum: 0, Workers: 6
[17.461s][debug  ][gc,phases      ] GC(62)     Total                          Min: 0, Avg:  0.0, Max: 0, Diff: 0, Sum: 0, Workers: 6
[17.461s][debug  ][gc,phases      ] GC(62)   StringTable Weak               Min:  0.0, Avg:  0.0, Max:  0.0, Diff:  0.0, Sum:  0.0, Workers: 6
[17.461s][debug  ][gc,phases      ] GC(62)     Dead                           Min: 0, Avg:  0.0, Max: 0, Diff: 0, Sum: 0, Workers: 6
[17.461s][debug  ][gc,phases      ] GC(62)     Total                          Min: 768, Avg: 892.5, Max: 1024, Diff: 256, Sum: 5355, Workers: 6
[17.461s][debug  ][gc,phases      ] GC(62)   ResolvedMethodTable Weak       Min:  0.0, Avg:  0.0, Max:  0.0, Diff:  0.0, Sum:  0.0, Workers: 6
[17.461s][debug  ][gc,phases      ] GC(62)     Dead                           Min: 0, Avg:  0.0, Max: 0, Diff: 0, Sum: 0, Workers: 6
[17.461s][debug  ][gc,phases      ] GC(62)     Total                          Min: 0, Avg: 21.7, Max: 64, Diff: 64, Sum: 130, Workers: 6
[17.461s][debug  ][gc,phases      ] GC(62)   JNI Weak                       Min:  0.0, Avg:  0.0, Max:  0.0, Diff:  0.0, Sum:  0.0, Workers: 6
[17.461s][debug  ][gc,phases      ] GC(62)     Dead                           Min: 0, Avg:  0.0, Max: 0, Diff: 0, Sum: 0, Workers: 6
[17.461s][debug  ][gc,phases      ] GC(62)     Total                          Min: 0, Avg:  0.0, Max: 0, Diff: 0, Sum: 0, Workers: 6
[17.461s][debug  ][gc,phases      ] GC(62)   StringDedup Table Weak         Min:  0.0, Avg:  0.0, Max:  0.0, Diff:  0.0, Sum:  0.0, Workers: 6
[17.461s][debug  ][gc,phases      ] GC(62)     Dead                           Min: 0, Avg:  0.0, Max: 0, Diff: 0, Sum: 0, Workers: 6
[17.461s][debug  ][gc,phases      ] GC(62)     Total                          Min: 0, Avg:  0.0, Max: 0, Diff: 0, Sum: 0, Workers: 6
[17.461s][debug  ][gc,phases      ] GC(62)   StringDedup Requests0 Weak     Min:  0.0, Avg:  0.0, Max:  0.0, Diff:  0.0, Sum:  0.0, Workers: 6
[17.461s][debug  ][gc,phases      ] GC(62)     Dead                           Min: 0, Avg:  0.0, Max: 0, Diff: 0, Sum: 0, Workers: 6
[17.461s][debug  ][gc,phases      ] GC(62)     Total                          Min: 0, Avg:  0.0, Max: 0, Diff: 0, Sum: 0, Workers: 6
[17.461s][debug  ][gc,phases      ] GC(62)   StringDedup Requests1 Weak     Min:  0.0, Avg:  0.0, Max:  0.0, Diff:  0.0, Sum:  0.0, Workers: 6
[17.461s][debug  ][gc,phases      ] GC(62)     Dead                           Min: 0, Avg:  0.0, Max: 0, Diff: 0, Sum: 0, Workers: 6
[17.461s][debug  ][gc,phases      ] GC(62)     Total                          Min: 0, Avg:  0.0, Max: 0, Diff: 0, Sum: 0, Workers: 6
[17.461s][debug  ][gc,phases      ] GC(62)   Weak JFR Old Object Samples    Min:  0.0, Avg:  0.0, Max:  0.0, Diff:  0.0, Sum:  0.0, Workers: 6
[17.461s][debug  ][gc,phases      ] GC(62)     Dead                           Min: 0, Avg:  0.0, Max: 0, Diff: 0, Sum: 0, Workers: 6
[17.461s][debug  ][gc,phases      ] GC(62)     Total                          Min: 0, Avg:  0.0, Max: 0, Diff: 0, Sum: 0, Workers: 6
[17.461s][debug  ][gc,phases      ] GC(62) Weak Processing 0.660ms
[17.461s][debug  ][gc,ergo        ] GC(62) AdaptiveSizeStart:  collection: 63 
[17.461s][debug  ][gc,ergo        ] GC(62) avg_survived_padded_avg: 31604916.000000
[17.461s][debug  ][gc,ergo        ] GC(62) avg_promoted_padded_avg: 273562752.000000  avg_pretenured_padded_avg: 0.000000  tenuring_thresh: 1  target_size: 31981568
[17.461s][debug  ][gc,age         ] GC(62) Desired survivor size 31981568 bytes, new threshold 1 (max threshold 15)
[17.461s][debug  ][gc,ergo        ] GC(62) PSAdaptiveSizePolicy::compute_eden_space_size limits: desired_eden_size: 229008427 old_eden_size: 204472320 eden_limit: 204472320 cur_eden: 204472320 max_eden_size: 204472320 avg_young_live: 27592170
[17.461s][debug  ][gc,ergo        ] GC(62) PSAdaptiveSizePolicy::compute_eden_space_size: costs minor_time: 0.053107 major_cost: 0.039946 mutator_cost: 0.906947 throughput_goal: 0.990000
[17.461s][debug  ][gc,ergo        ] GC(62) Live_space: 995024256 free_space: 1226833920
[17.461s][debug  ][gc,ergo        ] GC(62) Old eden_size: 204472320 desired_eden_size: 204472320
[17.461s][debug  ][gc,ergo        ] GC(62) AdaptiveSizeStop: collection: 63 
[17.461s][info   ][gc,heap        ] GC(62) PSYoungGen: 229163K(230912K)->30720K(230912K) Eden: 198443K(199680K)->0K(199680K) From: 30720K(31232K)->30720K(31232K)
[17.461s][info   ][gc,heap        ] GC(62) ParOldGen: 1752677K(2296832K)->1947237K(2296832K)
[17.461s][info   ][gc,metaspace   ] GC(62) Metaspace: 1020K(1216K)->1020K(1216K) NonClass: 937K(1024K)->937K(1024K) Class: 83K(192K)->83K(192K)
[17.461s][info   ][gc             ] GC(62) Pause Young (Allocation Failure) 1935M->1931M(2468M) 19.122ms
[17.461s][info   ][gc,cpu         ] GC(62) User=0.03s Sys=0.12s Real=0.02s
[17.461s][debug  ][gc,heap        ] GC(62) Heap after GC invocations=63 (full 9):
[17.461s][debug  ][gc,heap        ] GC(62)  PSYoungGen      total 230912K, used 30720K [0x00000007f0000000, 0x0000000800000000, 0x0000000800000000)
[17.461s][debug  ][gc,heap        ] GC(62)   eden space 199680K, 0% used [0x00000007f0000000,0x00000007f0000000,0x00000007fc300000)
[17.461s][debug  ][gc,heap        ] GC(62)   from space 31232K, 98% used [0x00000007fc300000,0x00000007fe100030,0x00000007fe180000)
[17.462s][debug  ][gc,heap        ] GC(62)   to   space 31232K, 0% used [0x00000007fe180000,0x00000007fe180000,0x0000000800000000)
[17.462s][debug  ][gc,heap        ] GC(62)  ParOldGen       total 2296832K, used 1947237K [0x0000000740000000, 0x00000007cc300000, 0x00000007f0000000)
[17.462s][debug  ][gc,heap        ] GC(62)   object space 2296832K, 84% used [0x0000000740000000,0x00000007b6d997d8,0x00000007cc300000)
[17.462s][debug  ][gc,heap        ] GC(62)  Metaspace       used 1020K, committed 1216K, reserved 1056768K
[17.462s][debug  ][gc,heap        ] GC(62)   class space    used 83K, committed 192K, reserved 1048576K
[17.462s][debug  ][gc,task,time   ] GC(62) VM-Thread 174418371 174598441 174616093
[17.759s][debug  ][gc,heap        ] GC(63) Heap before GC invocations=64 (full 9):
[17.760s][debug  ][gc,heap        ] GC(63)  PSYoungGen      total 230912K, used 229175K [0x00000007f0000000, 0x0000000800000000, 0x0000000800000000)
[17.760s][debug  ][gc,heap        ] GC(63)   eden space 199680K, 99% used [0x00000007f0000000,0x00000007fc1cdbd0,0x00000007fc300000)
[17.760s][debug  ][gc,heap        ] GC(63)   from space 31232K, 98% used [0x00000007fc300000,0x00000007fe100030,0x00000007fe180000)
[17.760s][debug  ][gc,heap        ] GC(63)   to   space 31232K, 0% used [0x00000007fe180000,0x00000007fe180000,0x0000000800000000)
[17.760s][debug  ][gc,heap        ] GC(63)  ParOldGen       total 2296832K, used 1947237K [0x0000000740000000, 0x00000007cc300000, 0x00000007f0000000)
[17.760s][debug  ][gc,heap        ] GC(63)   object space 2296832K, 84% used [0x0000000740000000,0x00000007b6d997d8,0x00000007cc300000)
[17.760s][debug  ][gc,heap        ] GC(63)  Metaspace       used 1020K, committed 1216K, reserved 1056768K
[17.760s][debug  ][gc,heap        ] GC(63)   class space    used 83K, committed 192K, reserved 1048576K
[17.760s][debug  ][gc,tlab        ] GC(63) TLAB totals: thrds: 1  refills: 1 max: 1 slow allocs: 18 max 18 waste: 27.5% gc: 3987064B max: 3987064B slow: 0B max: 0B
[17.760s][info   ][gc,start       ] GC(63) Pause Young (Allocation Failure)
[17.760s][debug  ][gc,phases,start] GC(63) Scavenge
[17.773s][debug  ][gc,phases      ] GC(63) Scavenge 12.880ms
[17.773s][debug  ][gc,phases,start] GC(63) Reference Processing
[17.773s][debug  ][gc,ref         ] GC(63) Skipped phase 1 of Reference Processing: no references
[17.773s][debug  ][gc,ref         ] GC(63) Skipped phase 2 of Reference Processing: no references
[17.773s][debug  ][gc,ref         ] GC(63) Skipped phase 3 of Reference Processing: no references
[17.773s][debug  ][gc,ref         ] GC(63) Skipped phase 4 of Reference Processing: no references
[17.773s][debug  ][gc,phases,ref  ] GC(63) Reference Processing: 0.1ms
[17.773s][debug  ][gc,phases,ref  ] GC(63)   Reconsider SoftReferences: 0.0ms
[17.773s][debug  ][gc,phases,ref  ] GC(63)     SoftRef (ms):                  skipped
[17.773s][debug  ][gc,phases,ref  ] GC(63)   Notify Soft/WeakReferences: 0.0ms
[17.773s][debug  ][gc,phases,ref  ] GC(63)     SoftRef (ms):                  skipped
[17.773s][debug  ][gc,phases,ref  ] GC(63)     WeakRef (ms):                  skipped
[17.773s][debug  ][gc,phases,ref  ] GC(63)     FinalRef (ms):                 skipped
[17.773s][debug  ][gc,phases,ref  ] GC(63)     Total (ms):                    skipped
[17.773s][debug  ][gc,phases,ref  ] GC(63)   Notify and keep alive finalizable: 0.0ms
[17.773s][debug  ][gc,phases,ref  ] GC(63)     FinalRef (ms):                 skipped
[17.773s][debug  ][gc,phases,ref  ] GC(63)   Notify PhantomReferences: 0.0ms
[17.773s][debug  ][gc,phases,ref  ] GC(63)     PhantomRef (ms):               skipped
[17.773s][debug  ][gc,phases,ref  ] GC(63)   SoftReference:
[17.773s][debug  ][gc,phases,ref  ] GC(63)     Discovered: 0
[17.773s][debug  ][gc,phases,ref  ] GC(63)     Cleared: 0
[17.773s][debug  ][gc,phases,ref  ] GC(63)   WeakReference:
[17.773s][debug  ][gc,phases,ref  ] GC(63)     Discovered: 0
[17.773s][debug  ][gc,phases,ref  ] GC(63)     Cleared: 0
[17.773s][debug  ][gc,phases,ref  ] GC(63)   FinalReference:
[17.773s][debug  ][gc,phases,ref  ] GC(63)     Discovered: 0
[17.774s][debug  ][gc,phases,ref  ] GC(63)     Cleared: 0
[17.774s][debug  ][gc,phases,ref  ] GC(63)   PhantomReference:
[17.774s][debug  ][gc,phases,ref  ] GC(63)     Discovered: 0
[17.774s][debug  ][gc,phases,ref  ] GC(63)     Cleared: 0
[17.774s][debug  ][gc,phases      ] GC(63) Reference Processing 0.839ms
[17.774s][debug  ][gc,phases,start] GC(63) Weak Processing
[17.774s][debug  ][gc,phases      ] GC(63)   VM Weak                        Min:  0.0, Avg:  0.0, Max:  0.0, Diff:  0.0, Sum:  0.0, Workers: 6
[17.774s][debug  ][gc,phases      ] GC(63)     Dead                           Min: 0, Avg:  0.0, Max: 0, Diff: 0, Sum: 0, Workers: 6
[17.774s][debug  ][gc,phases      ] GC(63)     Total                          Min: 0, Avg:  1.3, Max: 8, Diff: 8, Sum: 8, Workers: 6
[17.774s][debug  ][gc,phases      ] GC(63)   ObjectSynchronizer Weak        Min:  0.0, Avg:  0.0, Max:  0.0, Diff:  0.0, Sum:  0.0, Workers: 6
[17.774s][debug  ][gc,phases      ] GC(63)     Dead                           Min: 0, Avg:  0.0, Max: 0, Diff: 0, Sum: 0, Workers: 6
[17.774s][debug  ][gc,phases      ] GC(63)     Total                          Min: 0, Avg:  0.5, Max: 3, Diff: 3, Sum: 3, Workers: 6
[17.774s][debug  ][gc,phases      ] GC(63)   JVMTI Tag Weak OopStorage      Min:  0.0, Avg:  0.0, Max:  0.0, Diff:  0.0, Sum:  0.0, Workers: 6
[17.774s][debug  ][gc,phases      ] GC(63)     Dead                           Min: 0, Avg:  0.0, Max: 0, Diff: 0, Sum: 0, Workers: 6
[17.774s][debug  ][gc,phases      ] GC(63)     Total                          Min: 0, Avg:  0.0, Max: 0, Diff: 0, Sum: 0, Workers: 6
[17.774s][debug  ][gc,phases      ] GC(63)   StringTable Weak               Min:  0.0, Avg:  0.0, Max:  0.0, Diff:  0.0, Sum:  0.0, Workers: 6
[17.774s][debug  ][gc,phases      ] GC(63)     Dead                           Min: 0, Avg:  0.0, Max: 0, Diff: 0, Sum: 0, Workers: 6
[17.774s][debug  ][gc,phases      ] GC(63)     Total                          Min: 683, Avg: 892.5, Max: 1472, Diff: 789, Sum: 5355, Workers: 6
[17.774s][debug  ][gc,phases      ] GC(63)   ResolvedMethodTable Weak       Min:  0.0, Avg:  0.0, Max:  0.0, Diff:  0.0, Sum:  0.0, Workers: 6
[17.774s][debug  ][gc,phases      ] GC(63)     Dead                           Min: 0, Avg:  0.0, Max: 0, Diff: 0, Sum: 0, Workers: 6
[17.774s][debug  ][gc,phases      ] GC(63)     Total                          Min: 0, Avg: 21.7, Max: 64, Diff: 64, Sum: 130, Workers: 6
[17.774s][debug  ][gc,phases      ] GC(63)   JNI Weak                       Min:  0.0, Avg:  0.0, Max:  0.0, Diff:  0.0, Sum:  0.0, Workers: 6
[17.774s][debug  ][gc,phases      ] GC(63)     Dead                           Min: 0, Avg:  0.0, Max: 0, Diff: 0, Sum: 0, Workers: 6
[17.774s][debug  ][gc,phases      ] GC(63)     Total                          Min: 0, Avg:  0.0, Max: 0, Diff: 0, Sum: 0, Workers: 6
[17.774s][debug  ][gc,phases      ] GC(63)   StringDedup Table Weak         Min:  0.0, Avg:  0.0, Max:  0.0, Diff:  0.0, Sum:  0.0, Workers: 6
[17.774s][debug  ][gc,phases      ] GC(63)     Dead                           Min: 0, Avg:  0.0, Max: 0, Diff: 0, Sum: 0, Workers: 6
[17.774s][debug  ][gc,phases      ] GC(63)     Total                          Min: 0, Avg:  0.0, Max: 0, Diff: 0, Sum: 0, Workers: 6
[17.774s][debug  ][gc,phases      ] GC(63)   StringDedup Requests0 Weak     Min:  0.0, Avg:  0.0, Max:  0.0, Diff:  0.0, Sum:  0.0, Workers: 6
[17.774s][debug  ][gc,phases      ] GC(63)     Dead                           Min: 0, Avg:  0.0, Max: 0, Diff: 0, Sum: 0, Workers: 6
[17.774s][debug  ][gc,phases      ] GC(63)     Total                          Min: 0, Avg:  0.0, Max: 0, Diff: 0, Sum: 0, Workers: 6
[17.774s][debug  ][gc,phases      ] GC(63)   StringDedup Requests1 Weak     Min:  0.0, Avg:  0.0, Max:  0.0, Diff:  0.0, Sum:  0.0, Workers: 6
[17.774s][debug  ][gc,phases      ] GC(63)     Dead                           Min: 0, Avg:  0.0, Max: 0, Diff: 0, Sum: 0, Workers: 6
[17.774s][debug  ][gc,phases      ] GC(63)     Total                          Min: 0, Avg:  0.0, Max: 0, Diff: 0, Sum: 0, Workers: 6
[17.774s][debug  ][gc,phases      ] GC(63)   Weak JFR Old Object Samples    Min:  0.0, Avg:  0.0, Max:  0.0, Diff:  0.0, Sum:  0.0, Workers: 6
[17.774s][debug  ][gc,phases      ] GC(63)     Dead                           Min: 0, Avg:  0.0, Max: 0, Diff: 0, Sum: 0, Workers: 6
[17.774s][debug  ][gc,phases      ] GC(63)     Total                          Min: 0, Avg:  0.0, Max: 0, Diff: 0, Sum: 0, Workers: 6
[17.774s][debug  ][gc,phases      ] GC(63) Weak Processing 0.791ms
[17.774s][debug  ][gc,ergo        ] GC(63) AdaptiveSizeStart:  collection: 64 
[17.775s][debug  ][gc,ergo        ] GC(63) avg_survived_padded_avg: 31592722.000000
[17.775s][debug  ][gc,ergo        ] GC(63) avg_promoted_padded_avg: 277534720.000000  avg_pretenured_padded_avg: 0.000000  tenuring_thresh: 1  target_size: 31981568
[17.775s][debug  ][gc,age         ] GC(63) Desired survivor size 31981568 bytes, new threshold 1 (max threshold 15)
[17.775s][debug  ][gc,ergo        ] GC(63) PSAdaptiveSizePolicy::compute_eden_space_size limits: desired_eden_size: 228688165 old_eden_size: 204472320 eden_limit: 204472320 cur_eden: 204472320 max_eden_size: 204472320 avg_young_live: 27978684
[17.775s][debug  ][gc,ergo        ] GC(63) PSAdaptiveSizePolicy::compute_eden_space_size: costs minor_time: 0.051520 major_cost: 0.039946 mutator_cost: 0.908534 throughput_goal: 0.990000
[17.775s][debug  ][gc,ergo        ] GC(63) Live_space: 995410752 free_space: 1226833920
[17.775s][debug  ][gc,ergo        ] GC(63) Old eden_size: 204472320 desired_eden_size: 204472320
[17.775s][debug  ][gc,ergo        ] GC(63) AdaptiveSizeStop: collection: 64 
[17.775s][info   ][gc,heap        ] GC(63) PSYoungGen: 229175K(230912K)->30720K(230912K) Eden: 198454K(199680K)->0K(199680K) From: 30720K(31232K)->30720K(31232K)
[17.775s][info   ][gc,heap        ] GC(63) ParOldGen: 1947237K(2296832K)->2049638K(2296832K)
[17.775s][info   ][gc,metaspace   ] GC(63) Metaspace: 1020K(1216K)->1020K(1216K) NonClass: 937K(1024K)->937K(1024K) Class: 83K(192K)->83K(192K)
[17.775s][info   ][gc             ] GC(63) Pause Young (Allocation Failure) 2125M->2031M(2468M) 14.995ms
[17.775s][info   ][gc,cpu         ] GC(63) User=0.03s Sys=0.12s Real=0.02s
[17.775s][debug  ][gc,heap        ] GC(63) Heap after GC invocations=64 (full 9):
[17.775s][debug  ][gc,heap        ] GC(63)  PSYoungGen      total 230912K, used 30720K [0x00000007f0000000, 0x0000000800000000, 0x0000000800000000)
[17.775s][debug  ][gc,heap        ] GC(63)   eden space 199680K, 0% used [0x00000007f0000000,0x00000007f0000000,0x00000007fc300000)
[17.775s][debug  ][gc,heap        ] GC(63)   from space 31232K, 98% used [0x00000007fe180000,0x00000007fff80030,0x0000000800000000)
[17.775s][debug  ][gc,heap        ] GC(63)   to   space 31232K, 0% used [0x00000007fc300000,0x00000007fc300000,0x00000007fe180000)
[17.775s][debug  ][gc,heap        ] GC(63)  ParOldGen       total 2296832K, used 2049638K [0x0000000740000000, 0x00000007cc300000, 0x00000007f0000000)
[17.775s][debug  ][gc,heap        ] GC(63)   object space 2296832K, 89% used [0x0000000740000000,0x00000007bd199878,0x00000007cc300000)
[17.775s][debug  ][gc,heap        ] GC(63)  Metaspace       used 1020K, committed 1216K, reserved 1056768K
[17.775s][debug  ][gc,heap        ] GC(63)   class space    used 83K, committed 192K, reserved 1048576K
[17.775s][debug  ][gc,task,time   ] GC(63) VM-Thread 177594333 177727971 177750249
[17.775s][debug  ][gc,phases,start] GC(64) Pre Compact
[17.775s][debug  ][gc,heap        ] GC(64) Heap before GC invocations=65 (full 10):
[17.775s][debug  ][gc,heap        ] GC(64)  PSYoungGen      total 230912K, used 30720K [0x00000007f0000000, 0x0000000800000000, 0x0000000800000000)
[17.775s][debug  ][gc,heap        ] GC(64)   eden space 199680K, 0% used [0x00000007f0000000,0x00000007f0000000,0x00000007fc300000)
[17.775s][debug  ][gc,heap        ] GC(64)   from space 31232K, 98% used [0x00000007fe180000,0x00000007fff80030,0x0000000800000000)
[17.775s][debug  ][gc,heap        ] GC(64)   to   space 31232K, 0% used [0x00000007fc300000,0x00000007fc300000,0x00000007fe180000)
[17.775s][debug  ][gc,heap        ] GC(64)  ParOldGen       total 2296832K, used 2049638K [0x0000000740000000, 0x00000007cc300000, 0x00000007f0000000)
[17.775s][debug  ][gc,heap        ] GC(64)   object space 2296832K, 89% used [0x0000000740000000,0x00000007bd199878,0x00000007cc300000)
[17.775s][debug  ][gc,heap        ] GC(64)  Metaspace       used 1020K, committed 1216K, reserved 1056768K
[17.775s][debug  ][gc,heap        ] GC(64)   class space    used 83K, committed 192K, reserved 1048576K
[17.775s][debug  ][gc,phases      ] GC(64) Pre Compact 0.215ms
[17.775s][info   ][gc,start       ] GC(64) Pause Full (Ergonomics)
[17.775s][info   ][gc,phases,start] GC(64) Marking Phase
[17.775s][debug  ][gc,phases,start] GC(64) Par Mark
[17.776s][debug  ][gc,phases      ] GC(64) Par Mark 0.573ms
[17.776s][debug  ][gc,phases,start] GC(64) Reference Processing
[17.776s][debug  ][gc,ref         ] GC(64) Skipped phase 1 of Reference Processing: no references
[17.776s][debug  ][gc,ref         ] GC(64) ReferenceProcessor::execute queues: 1, RefProcThreadModel::Single, marks_oops_alive: false
[17.776s][debug  ][gc,ref         ] GC(64) Skipped phase 3 of Reference Processing: no references
[17.776s][debug  ][gc,ref         ] GC(64) ReferenceProcessor::execute queues: 1, RefProcThreadModel::Single, marks_oops_alive: false
[17.776s][debug  ][gc,phases,ref  ] GC(64) Reference Processing: 0.1ms
[17.776s][debug  ][gc,phases,ref  ] GC(64)   Reconsider SoftReferences: 0.0ms
[17.776s][debug  ][gc,phases,ref  ] GC(64)     SoftRef (ms):                  skipped
[17.776s][debug  ][gc,phases,ref  ] GC(64)   Notify Soft/WeakReferences: 0.0ms
[17.776s][debug  ][gc,phases,ref  ] GC(64)     SoftRef (ms):                  Min:  0.0, Avg:  0.0, Max:  0.0, Diff:  0.0, Sum:  0.0, Workers: 10
[17.776s][debug  ][gc,phases,ref  ] GC(64)     WeakRef (ms):                  Min:  0.0, Avg:  0.0, Max:  0.0, Diff:  0.0, Sum:  0.0, Workers: 10
[17.776s][debug  ][gc,phases,ref  ] GC(64)     FinalRef (ms):                 Min:  0.0, Avg:  0.0, Max:  0.0, Diff:  0.0, Sum:  0.0, Workers: 10
[17.776s][debug  ][gc,phases,ref  ] GC(64)     Total (ms):                    Min:  0.0, Avg:  0.0, Max:  0.0, Diff:  0.0, Sum:  0.0, Workers: 10
[17.776s][debug  ][gc,phases,ref  ] GC(64)   Notify and keep alive finalizable: 0.0ms
[17.776s][debug  ][gc,phases,ref  ] GC(64)     FinalRef (ms):                 skipped
[17.776s][debug  ][gc,phases,ref  ] GC(64)   Notify PhantomReferences: 0.0ms
[17.776s][debug  ][gc,phases,ref  ] GC(64)     PhantomRef (ms):               Min:  0.0, Avg:  0.0, Max:  0.0, Diff:  0.0, Sum:  0.0, Workers: 10
[17.776s][debug  ][gc,phases,ref  ] GC(64)   SoftReference:
[17.776s][debug  ][gc,phases,ref  ] GC(64)     Discovered: 0
[17.777s][debug  ][gc,phases,ref  ] GC(64)     Cleared: 0
[17.777s][debug  ][gc,phases,ref  ] GC(64)   WeakReference:
[17.777s][debug  ][gc,phases,ref  ] GC(64)     Discovered: 85
[17.777s][debug  ][gc,phases,ref  ] GC(64)     Cleared: 85
[17.777s][debug  ][gc,phases,ref  ] GC(64)   FinalReference:
[17.777s][debug  ][gc,phases,ref  ] GC(64)     Discovered: 0
[17.777s][debug  ][gc,phases,ref  ] GC(64)     Cleared: 0
[17.777s][debug  ][gc,phases,ref  ] GC(64)   PhantomReference:
[17.777s][debug  ][gc,phases,ref  ] GC(64)     Discovered: 3
[17.777s][debug  ][gc,phases,ref  ] GC(64)     Cleared: 3
[17.777s][debug  ][gc,phases      ] GC(64) Reference Processing 0.713ms
[17.777s][debug  ][gc,phases,start] GC(64) Weak Processing
[17.777s][debug  ][gc,phases      ] GC(64)   VM Weak                        Min:  0.0, Avg:  0.0, Max:  0.0, Diff:  0.0, Sum:  0.0, Workers: 6
[17.777s][debug  ][gc,phases      ] GC(64)     Dead                           Min: 0, Avg:  0.0, Max: 0, Diff: 0, Sum: 0, Workers: 6
[17.777s][debug  ][gc,phases      ] GC(64)     Total                          Min: 0, Avg:  1.3, Max: 8, Diff: 8, Sum: 8, Workers: 6
[17.777s][debug  ][gc,phases      ] GC(64)   ObjectSynchronizer Weak        Min:  0.0, Avg:  0.0, Max:  0.0, Diff:  0.0, Sum:  0.0, Workers: 6
[17.777s][debug  ][gc,phases      ] GC(64)     Dead                           Min: 0, Avg:  0.0, Max: 0, Diff: 0, Sum: 0, Workers: 6
[17.777s][debug  ][gc,phases      ] GC(64)     Total                          Min: 0, Avg:  0.5, Max: 3, Diff: 3, Sum: 3, Workers: 6
[17.777s][debug  ][gc,phases      ] GC(64)   JVMTI Tag Weak OopStorage      Min:  0.0, Avg:  0.0, Max:  0.0, Diff:  0.0, Sum:  0.0, Workers: 6
[17.777s][debug  ][gc,phases      ] GC(64)     Dead                           Min: 0, Avg:  0.0, Max: 0, Diff: 0, Sum: 0, Workers: 6
[17.777s][debug  ][gc,phases      ] GC(64)     Total                          Min: 0, Avg:  0.0, Max: 0, Diff: 0, Sum: 0, Workers: 6
[17.777s][debug  ][gc,phases      ] GC(64)   StringTable Weak               Min:  0.0, Avg:  0.0, Max:  0.0, Diff:  0.0, Sum:  0.0, Workers: 6
[17.777s][debug  ][gc,phases      ] GC(64)     Dead                           Min: 0, Avg:  0.0, Max: 0, Diff: 0, Sum: 0, Workers: 6
[17.777s][debug  ][gc,phases      ] GC(64)     Total                          Min: 639, Avg: 892.5, Max: 1088, Diff: 449, Sum: 5355, Workers: 6
[17.777s][debug  ][gc,phases      ] GC(64)   ResolvedMethodTable Weak       Min:  0.0, Avg:  0.0, Max:  0.0, Diff:  0.0, Sum:  0.0, Workers: 6
[17.777s][debug  ][gc,phases      ] GC(64)     Dead                           Min: 0, Avg:  0.0, Max: 0, Diff: 0, Sum: 0, Workers: 6
[17.777s][debug  ][gc,phases      ] GC(64)     Total                          Min: 0, Avg: 21.7, Max: 64, Diff: 64, Sum: 130, Workers: 6
[17.777s][debug  ][gc,phases      ] GC(64)   JNI Weak                       Min:  0.0, Avg:  0.0, Max:  0.0, Diff:  0.0, Sum:  0.0, Workers: 6
[17.777s][debug  ][gc,phases      ] GC(64)     Dead                           Min: 0, Avg:  0.0, Max: 0, Diff: 0, Sum: 0, Workers: 6
[17.777s][debug  ][gc,phases      ] GC(64)     Total                          Min: 0, Avg:  0.0, Max: 0, Diff: 0, Sum: 0, Workers: 6
[17.777s][debug  ][gc,phases      ] GC(64)   StringDedup Table Weak         Min:  0.0, Avg:  0.0, Max:  0.0, Diff:  0.0, Sum:  0.0, Workers: 6
[17.777s][debug  ][gc,phases      ] GC(64)     Dead                           Min: 0, Avg:  0.0, Max: 0, Diff: 0, Sum: 0, Workers: 6
[17.777s][debug  ][gc,phases      ] GC(64)     Total                          Min: 0, Avg:  0.0, Max: 0, Diff: 0, Sum: 0, Workers: 6
[17.777s][debug  ][gc,phases      ] GC(64)   StringDedup Requests0 Weak     Min:  0.0, Avg:  0.0, Max:  0.0, Diff:  0.0, Sum:  0.0, Workers: 6
[17.777s][debug  ][gc,phases      ] GC(64)     Dead                           Min: 0, Avg:  0.0, Max: 0, Diff: 0, Sum: 0, Workers: 6
[17.777s][debug  ][gc,phases      ] GC(64)     Total                          Min: 0, Avg:  0.0, Max: 0, Diff: 0, Sum: 0, Workers: 6
[17.777s][debug  ][gc,phases      ] GC(64)   StringDedup Requests1 Weak     Min:  0.0, Avg:  0.0, Max:  0.0, Diff:  0.0, Sum:  0.0, Workers: 6
[17.777s][debug  ][gc,phases      ] GC(64)     Dead                           Min: 0, Avg:  0.0, Max: 0, Diff: 0, Sum: 0, Workers: 6
[17.777s][debug  ][gc,phases      ] GC(64)     Total                          Min: 0, Avg:  0.0, Max: 0, Diff: 0, Sum: 0, Workers: 6
[17.777s][debug  ][gc,phases      ] GC(64)   Weak JFR Old Object Samples    Min:  0.0, Avg:  0.0, Max:  0.0, Diff:  0.0, Sum:  0.0, Workers: 6
[17.777s][debug  ][gc,phases      ] GC(64)     Dead                           Min: 0, Avg:  0.0, Max: 0, Diff: 0, Sum: 0, Workers: 6
[17.777s][debug  ][gc,phases      ] GC(64)     Total                          Min: 0, Avg:  0.0, Max: 0, Diff: 0, Sum: 0, Workers: 6
[17.777s][debug  ][gc,phases      ] GC(64) Weak Processing 0.740ms
[17.778s][debug  ][gc,phases,start] GC(64) Class Unloading
[17.778s][debug  ][gc,phases,start] GC(64) ClassLoaderData
[17.778s][debug  ][gc,phases      ] GC(64) ClassLoaderData 0.020ms
[17.778s][debug  ][gc,phases,start] GC(64) Trigger cleanups
[17.778s][debug  ][gc,phases      ] GC(64) Trigger cleanups 0.019ms
[17.778s][debug  ][gc,phases      ] GC(64) Class Unloading 0.255ms
[17.778s][info   ][gc,phases      ] GC(64) Marking Phase 2.431ms
[17.778s][info   ][gc,phases,start] GC(64) Summary Phase
[17.778s][info   ][gc,phases      ] GC(64) Summary Phase 0.038ms
[17.778s][info   ][gc,phases,start] GC(64) Adjust Roots
[17.778s][info   ][gc,phases      ] GC(64) Adjust Roots 0.154ms
[17.778s][info   ][gc,phases,start] GC(64) Compaction Phase
[17.793s][info   ][gc,phases      ] GC(64) Compaction Phase 14.718ms
[17.793s][info   ][gc,phases,start] GC(64) Post Compact
[17.800s][info   ][gc,phases      ] GC(64) Post Compact 6.613ms
[17.800s][debug  ][gc,ergo        ] GC(64) AdaptiveSizeStart: collection: 65 
[17.800s][debug  ][gc,ergo        ] GC(64) PSAdaptiveSizePolicy::compute_eden_space_size limits: desired_eden_size: 230646923 old_eden_size: 204472320 eden_limit: 204472320 cur_eden: 204472320 max_eden_size: 204472320 avg_young_live: 25180816
[17.800s][debug  ][gc,ergo        ] GC(64) PSAdaptiveSizePolicy::compute_eden_space_size: costs minor_time: 0.051520 major_cost: 0.033101 mutator_cost: 0.915379 throughput_goal: 0.990000
[17.800s][debug  ][gc,ergo        ] GC(64) Live_space: 992612864 free_space: 1226833920
[17.800s][debug  ][gc,ergo        ] GC(64) Old eden_size: 204472320 desired_eden_size: 204472320
[17.800s][debug  ][gc,ergo        ] GC(64) PSAdaptiveSizePolicy::compute_old_gen_free_space: costs minor_time: 0.051520 major_cost: 0.033101  mutator_cost: 0.915379 throughput_goal: 0.990000
[17.800s][debug  ][gc,ergo        ] GC(64) Live_space: 936512128 free_space: 1226833920
[17.800s][debug  ][gc,ergo        ] GC(64) Old promo_size: 1022361600 desired_promo_size: 1122500608
[17.827s][debug  ][gc             ] GC(64) Shrinking ParOldGen from 2296832K by 794624K to 1502208K
[17.827s][debug  ][gc,ergo        ] GC(64) AdaptiveSizeStop: collection: 65 
[17.827s][info   ][gc,heap        ] GC(64) PSYoungGen: 30720K(230912K)->0K(230912K) Eden: 0K(199680K)->0K(199680K) From: 30720K(31232K)->0K(31232K)
[17.827s][info   ][gc,heap        ] GC(64) ParOldGen: 2049638K(2296832K)->134755K(1502208K)
[17.827s][info   ][gc,metaspace   ] GC(64) Metaspace: 1020K(1216K)->1020K(1216K) NonClass: 937K(1024K)->937K(1024K) Class: 83K(192K)->83K(192K)
[17.827s][info   ][gc             ] GC(64) Pause Full (Ergonomics) 2031M->131M(1692M) 51.593ms
[17.827s][info   ][gc,cpu         ] GC(64) User=0.14s Sys=0.03s Real=0.05s
[17.827s][debug  ][gc,heap        ] GC(64) Heap after GC invocations=65 (full 10):
[17.827s][debug  ][gc,heap        ] GC(64)  PSYoungGen      total 230912K, used 0K [0x00000007f0000000, 0x0000000800000000, 0x0000000800000000)
[17.827s][debug  ][gc,heap        ] GC(64)   eden space 199680K, 0% used [0x00000007f0000000,0x00000007f0000000,0x00000007fc300000)
[17.827s][debug  ][gc,heap        ] GC(64)   from space 31232K, 0% used [0x00000007fc300000,0x00000007fc300000,0x00000007fe180000)
[17.827s][debug  ][gc,heap        ] GC(64)   to   space 31232K, 0% used [0x00000007fe180000,0x00000007fe180000,0x0000000800000000)
[17.827s][debug  ][gc,heap        ] GC(64)  ParOldGen       total 1502208K, used 134755K [0x0000000740000000, 0x000000079bb00000, 0x00000007f0000000)
[17.827s][debug  ][gc,heap        ] GC(64)   object space 1502208K, 8% used [0x0000000740000000,0x0000000748398cc8,0x000000079bb00000)
[17.827s][debug  ][gc,heap        ] GC(64)  Metaspace       used 1020K, committed 1216K, reserved 1056768K
[17.827s][debug  ][gc,heap        ] GC(64)   class space    used 83K, committed 192K, reserved 1048576K
[17.827s][debug  ][gc,task,time   ] GC(64) VM-Thread 177753606 177780636 178269334
[18.125s][debug  ][gc,heap        ] GC(65) Heap before GC invocations=66 (full 10):
[18.125s][debug  ][gc,heap        ] GC(65)  PSYoungGen      total 230912K, used 198462K [0x00000007f0000000, 0x0000000800000000, 0x0000000800000000)
[18.125s][debug  ][gc,heap        ] GC(65)   eden space 199680K, 99% used [0x00000007f0000000,0x00000007fc1cf8a0,0x00000007fc300000)
[18.125s][debug  ][gc,heap        ] GC(65)   from space 31232K, 0% used [0x00000007fc300000,0x00000007fc300000,0x00000007fe180000)
[18.126s][debug  ][gc,heap        ] GC(65)   to   space 31232K, 0% used [0x00000007fe180000,0x00000007fe180000,0x0000000800000000)
[18.126s][debug  ][gc,heap        ] GC(65)  ParOldGen       total 1502208K, used 134755K [0x0000000740000000, 0x000000079bb00000, 0x00000007f0000000)
[18.126s][debug  ][gc,heap        ] GC(65)   object space 1502208K, 8% used [0x0000000740000000,0x0000000748398cc8,0x000000079bb00000)
[18.126s][debug  ][gc,heap        ] GC(65)  Metaspace       used 1020K, committed 1216K, reserved 1056768K
[18.126s][debug  ][gc,heap        ] GC(65)   class space    used 83K, committed 192K, reserved 1048576K
[18.126s][debug  ][gc,tlab        ] GC(65) TLAB totals: thrds: 1  refills: 1 max: 1 slow allocs: 18 max 18 waste: 27.6% gc: 3995504B max: 3995504B slow: 0B max: 0B
[18.126s][info   ][gc,start       ] GC(65) Pause Young (Allocation Failure)
[18.126s][debug  ][gc,phases,start] GC(65) Scavenge
[18.139s][debug  ][gc,phases      ] GC(65) Scavenge 13.192ms
[18.139s][debug  ][gc,phases,start] GC(65) Reference Processing
[18.139s][debug  ][gc,ref         ] GC(65) Skipped phase 1 of Reference Processing: no references
[18.139s][debug  ][gc,ref         ] GC(65) Skipped phase 2 of Reference Processing: no references
[18.139s][debug  ][gc,ref         ] GC(65) Skipped phase 3 of Reference Processing: no references
[18.139s][debug  ][gc,ref         ] GC(65) Skipped phase 4 of Reference Processing: no references
[18.139s][debug  ][gc,phases,ref  ] GC(65) Reference Processing: 0.1ms
[18.139s][debug  ][gc,phases,ref  ] GC(65)   Reconsider SoftReferences: 0.0ms
[18.139s][debug  ][gc,phases,ref  ] GC(65)     SoftRef (ms):                  skipped
[18.139s][debug  ][gc,phases,ref  ] GC(65)   Notify Soft/WeakReferences: 0.0ms
[18.139s][debug  ][gc,phases,ref  ] GC(65)     SoftRef (ms):                  skipped
[18.139s][debug  ][gc,phases,ref  ] GC(65)     WeakRef (ms):                  skipped
[18.139s][debug  ][gc,phases,ref  ] GC(65)     FinalRef (ms):                 skipped
[18.139s][debug  ][gc,phases,ref  ] GC(65)     Total (ms):                    skipped
[18.139s][debug  ][gc,phases,ref  ] GC(65)   Notify and keep alive finalizable: 0.0ms
[18.139s][debug  ][gc,phases,ref  ] GC(65)     FinalRef (ms):                 skipped
[18.139s][debug  ][gc,phases,ref  ] GC(65)   Notify PhantomReferences: 0.0ms
[18.139s][debug  ][gc,phases,ref  ] GC(65)     PhantomRef (ms):               skipped
[18.139s][debug  ][gc,phases,ref  ] GC(65)   SoftReference:
[18.139s][debug  ][gc,phases,ref  ] GC(65)     Discovered: 0
[18.140s][debug  ][gc,phases,ref  ] GC(65)     Cleared: 0
[18.140s][debug  ][gc,phases,ref  ] GC(65)   WeakReference:
[18.140s][debug  ][gc,phases,ref  ] GC(65)     Discovered: 0
[18.140s][debug  ][gc,phases,ref  ] GC(65)     Cleared: 0
[18.140s][debug  ][gc,phases,ref  ] GC(65)   FinalReference:
[18.140s][debug  ][gc,phases,ref  ] GC(65)     Discovered: 0
[18.140s][debug  ][gc,phases,ref  ] GC(65)     Cleared: 0
[18.140s][debug  ][gc,phases,ref  ] GC(65)   PhantomReference:
[18.140s][debug  ][gc,phases,ref  ] GC(65)     Discovered: 0
[18.140s][debug  ][gc,phases,ref  ] GC(65)     Cleared: 0
[18.140s][debug  ][gc,phases      ] GC(65) Reference Processing 0.674ms
[18.140s][debug  ][gc,phases,start] GC(65) Weak Processing
[18.140s][debug  ][gc,phases      ] GC(65)   VM Weak                        Min:  0.0, Avg:  0.0, Max:  0.0, Diff:  0.0, Sum:  0.0, Workers: 6
[18.140s][debug  ][gc,phases      ] GC(65)     Dead                           Min: 0, Avg:  0.0, Max: 0, Diff: 0, Sum: 0, Workers: 6
[18.140s][debug  ][gc,phases      ] GC(65)     Total                          Min: 0, Avg:  1.3, Max: 8, Diff: 8, Sum: 8, Workers: 6
[18.140s][debug  ][gc,phases      ] GC(65)   ObjectSynchronizer Weak        Min:  0.0, Avg:  0.0, Max:  0.0, Diff:  0.0, Sum:  0.0, Workers: 6
[18.140s][debug  ][gc,phases      ] GC(65)     Dead                           Min: 0, Avg:  0.0, Max: 0, Diff: 0, Sum: 0, Workers: 6
[18.140s][debug  ][gc,phases      ] GC(65)     Total                          Min: 0, Avg:  0.5, Max: 3, Diff: 3, Sum: 3, Workers: 6
[18.140s][debug  ][gc,phases      ] GC(65)   JVMTI Tag Weak OopStorage      Min:  0.0, Avg:  0.0, Max:  0.0, Diff:  0.0, Sum:  0.0, Workers: 6
[18.140s][debug  ][gc,phases      ] GC(65)     Dead                           Min: 0, Avg:  0.0, Max: 0, Diff: 0, Sum: 0, Workers: 6
[18.140s][debug  ][gc,phases      ] GC(65)     Total                          Min: 0, Avg:  0.0, Max: 0, Diff: 0, Sum: 0, Workers: 6
[18.140s][debug  ][gc,phases      ] GC(65)   StringTable Weak               Min:  0.0, Avg:  0.0, Max:  0.0, Diff:  0.0, Sum:  0.0, Workers: 6
[18.140s][debug  ][gc,phases      ] GC(65)     Dead                           Min: 0, Avg:  0.0, Max: 0, Diff: 0, Sum: 0, Workers: 6
[18.140s][debug  ][gc,phases      ] GC(65)     Total                          Min: 576, Avg: 892.5, Max: 1152, Diff: 576, Sum: 5355, Workers: 6
[18.140s][debug  ][gc,phases      ] GC(65)   ResolvedMethodTable Weak       Min:  0.0, Avg:  0.0, Max:  0.0, Diff:  0.0, Sum:  0.0, Workers: 6
[18.140s][debug  ][gc,phases      ] GC(65)     Dead                           Min: 0, Avg:  0.0, Max: 0, Diff: 0, Sum: 0, Workers: 6
[18.140s][debug  ][gc,phases      ] GC(65)     Total                          Min: 0, Avg: 21.7, Max: 64, Diff: 64, Sum: 130, Workers: 6
[18.140s][debug  ][gc,phases      ] GC(65)   JNI Weak                       Min:  0.0, Avg:  0.0, Max:  0.0, Diff:  0.0, Sum:  0.0, Workers: 6
[18.140s][debug  ][gc,phases      ] GC(65)     Dead                           Min: 0, Avg:  0.0, Max: 0, Diff: 0, Sum: 0, Workers: 6
[18.140s][debug  ][gc,phases      ] GC(65)     Total                          Min: 0, Avg:  0.0, Max: 0, Diff: 0, Sum: 0, Workers: 6
[18.140s][debug  ][gc,phases      ] GC(65)   StringDedup Table Weak         Min:  0.0, Avg:  0.0, Max:  0.0, Diff:  0.0, Sum:  0.0, Workers: 6
[18.140s][debug  ][gc,phases      ] GC(65)     Dead                           Min: 0, Avg:  0.0, Max: 0, Diff: 0, Sum: 0, Workers: 6
[18.140s][debug  ][gc,phases      ] GC(65)     Total                          Min: 0, Avg:  0.0, Max: 0, Diff: 0, Sum: 0, Workers: 6
[18.140s][debug  ][gc,phases      ] GC(65)   StringDedup Requests0 Weak     Min:  0.0, Avg:  0.0, Max:  0.0, Diff:  0.0, Sum:  0.0, Workers: 6
[18.140s][debug  ][gc,phases      ] GC(65)     Dead                           Min: 0, Avg:  0.0, Max: 0, Diff: 0, Sum: 0, Workers: 6
[18.140s][debug  ][gc,phases      ] GC(65)     Total                          Min: 0, Avg:  0.0, Max: 0, Diff: 0, Sum: 0, Workers: 6
[18.140s][debug  ][gc,phases      ] GC(65)   StringDedup Requests1 Weak     Min:  0.0, Avg:  0.0, Max:  0.0, Diff:  0.0, Sum:  0.0, Workers: 6
[18.140s][debug  ][gc,phases      ] GC(65)     Dead                           Min: 0, Avg:  0.0, Max: 0, Diff: 0, Sum: 0, Workers: 6
[18.140s][debug  ][gc,phases      ] GC(65)     Total                          Min: 0, Avg:  0.0, Max: 0, Diff: 0, Sum: 0, Workers: 6
[18.141s][debug  ][gc,phases      ] GC(65)   Weak JFR Old Object Samples    Min:  0.0, Avg:  0.0, Max:  0.0, Diff:  0.0, Sum:  0.0, Workers: 6
[18.141s][debug  ][gc,phases      ] GC(65)     Dead                           Min: 0, Avg:  0.0, Max: 0, Diff: 0, Sum: 0, Workers: 6
[18.141s][debug  ][gc,phases      ] GC(65)     Total                          Min: 0, Avg:  0.0, Max: 0, Diff: 0, Sum: 0, Workers: 6
[18.141s][debug  ][gc,phases      ] GC(65) Weak Processing 0.817ms
[18.141s][debug  ][gc,ergo        ] GC(65) AdaptiveSizeStart:  collection: 66 
[18.141s][debug  ][gc,ergo        ] GC(65) avg_survived_padded_avg: 31581490.000000
[18.141s][debug  ][gc,ergo        ] GC(65) avg_promoted_padded_avg: 268329776.000000  avg_pretenured_padded_avg: 0.000000  tenuring_thresh: 1  target_size: 31981568
[18.141s][debug  ][gc,age         ] GC(65) Desired survivor size 31981568 bytes, new threshold 1 (max threshold 15)
[18.141s][debug  ][gc,ergo        ] GC(65) PSAdaptiveSizePolicy::compute_eden_space_size limits: desired_eden_size: 230078344 old_eden_size: 204472320 eden_limit: 204472320 cur_eden: 204472320 max_eden_size: 204472320 avg_young_live: 25808468
[18.141s][debug  ][gc,ergo        ] GC(65) PSAdaptiveSizePolicy::compute_eden_space_size: costs minor_time: 0.048752 major_cost: 0.033101 mutator_cost: 0.918146 throughput_goal: 0.990000
[18.141s][debug  ][gc,ergo        ] GC(65) Live_space: 937139840 free_space: 1326972928
[18.141s][debug  ][gc,ergo        ] GC(65) Old eden_size: 204472320 desired_eden_size: 204472320
[18.141s][debug  ][gc,ergo        ] GC(65) AdaptiveSizeStop: collection: 66 
[18.141s][info   ][gc,heap        ] GC(65) PSYoungGen: 198462K(230912K)->30720K(230912K) Eden: 198462K(199680K)->0K(199680K) From: 0K(31232K)->30720K(31232K)
[18.141s][info   ][gc,heap        ] GC(65) ParOldGen: 134755K(1502208K)->298595K(1502208K)
[18.141s][info   ][gc,metaspace   ] GC(65) Metaspace: 1020K(1216K)->1020K(1216K) NonClass: 937K(1024K)->937K(1024K) Class: 83K(192K)->83K(192K)
[18.141s][info   ][gc             ] GC(65) Pause Young (Allocation Failure) 325M->321M(1692M) 15.168ms
[18.141s][info   ][gc,cpu         ] GC(65) User=0.16s Sys=0.00s Real=0.02s
[18.141s][debug  ][gc,heap        ] GC(65) Heap after GC invocations=66 (full 10):
[18.141s][debug  ][gc,heap        ] GC(65)  PSYoungGen      total 230912K, used 30720K [0x00000007f0000000, 0x0000000800000000, 0x0000000800000000)
[18.141s][debug  ][gc,heap        ] GC(65)   eden space 199680K, 0% used [0x00000007f0000000,0x00000007f0000000,0x00000007fc300000)
[18.141s][debug  ][gc,heap        ] GC(65)   from space 31232K, 98% used [0x00000007fe180000,0x00000007fff80030,0x0000000800000000)
[18.141s][debug  ][gc,heap        ] GC(65)   to   space 31232K, 0% used [0x00000007fc300000,0x00000007fc300000,0x00000007fe180000)
[18.141s][debug  ][gc,heap        ] GC(65)  ParOldGen       total 1502208K, used 298595K [0x0000000740000000, 0x000000079bb00000, 0x00000007f0000000)
[18.141s][debug  ][gc,heap        ] GC(65)   object space 1502208K, 19% used [0x0000000740000000,0x0000000752398dc8,0x000000079bb00000)
[18.141s][debug  ][gc,heap        ] GC(65)  Metaspace       used 1020K, committed 1216K, reserved 1056768K
[18.141s][debug  ][gc,heap        ] GC(65)   class space    used 83K, committed 192K, reserved 1048576K
[18.141s][debug  ][gc,task,time   ] GC(65) VM-Thread 181253112 181390615 181411789
[18.439s][debug  ][gc,heap        ] GC(66) Heap before GC invocations=67 (full 10):
[18.440s][debug  ][gc,heap        ] GC(66)  PSYoungGen      total 230912K, used 229114K [0x00000007f0000000, 0x0000000800000000, 0x0000000800000000)
[18.440s][debug  ][gc,heap        ] GC(66)   eden space 199680K, 99% used [0x00000007f0000000,0x00000007fc1beaa8,0x00000007fc300000)
[18.440s][debug  ][gc,heap        ] GC(66)   from space 31232K, 98% used [0x00000007fe180000,0x00000007fff80030,0x0000000800000000)
[18.440s][debug  ][gc,heap        ] GC(66)   to   space 31232K, 0% used [0x00000007fc300000,0x00000007fc300000,0x00000007fe180000)
[18.440s][debug  ][gc,heap        ] GC(66)  ParOldGen       total 1502208K, used 298595K [0x0000000740000000, 0x000000079bb00000, 0x00000007f0000000)
[18.440s][debug  ][gc,heap        ] GC(66)   object space 1502208K, 19% used [0x0000000740000000,0x0000000752398dc8,0x000000079bb00000)
[18.440s][debug  ][gc,heap        ] GC(66)  Metaspace       used 1020K, committed 1216K, reserved 1056768K
[18.440s][debug  ][gc,heap        ] GC(66)   class space    used 83K, committed 192K, reserved 1048576K
[18.440s][debug  ][gc,tlab        ] GC(66) TLAB totals: thrds: 1  refills: 1 max: 1 slow allocs: 18 max 18 waste: 27.2% gc: 3926392B max: 3926392B slow: 0B max: 0B
[18.440s][info   ][gc,start       ] GC(66) Pause Young (Allocation Failure)
[18.440s][debug  ][gc,phases,start] GC(66) Scavenge
[18.455s][debug  ][gc,phases      ] GC(66) Scavenge 15.240ms
[18.455s][debug  ][gc,phases,start] GC(66) Reference Processing
[18.455s][debug  ][gc,ref         ] GC(66) Skipped phase 1 of Reference Processing: no references
[18.455s][debug  ][gc,ref         ] GC(66) Skipped phase 2 of Reference Processing: no references
[18.455s][debug  ][gc,ref         ] GC(66) Skipped phase 3 of Reference Processing: no references
[18.455s][debug  ][gc,ref         ] GC(66) Skipped phase 4 of Reference Processing: no references
[18.455s][debug  ][gc,phases,ref  ] GC(66) Reference Processing: 0.1ms
[18.455s][debug  ][gc,phases,ref  ] GC(66)   Reconsider SoftReferences: 0.0ms
[18.455s][debug  ][gc,phases,ref  ] GC(66)     SoftRef (ms):                  skipped
[18.455s][debug  ][gc,phases,ref  ] GC(66)   Notify Soft/WeakReferences: 0.0ms
[18.455s][debug  ][gc,phases,ref  ] GC(66)     SoftRef (ms):                  skipped
[18.455s][debug  ][gc,phases,ref  ] GC(66)     WeakRef (ms):                  skipped
[18.455s][debug  ][gc,phases,ref  ] GC(66)     FinalRef (ms):                 skipped
[18.456s][debug  ][gc,phases,ref  ] GC(66)     Total (ms):                    skipped
[18.456s][debug  ][gc,phases,ref  ] GC(66)   Notify and keep alive finalizable: 0.0ms
[18.456s][debug  ][gc,phases,ref  ] GC(66)     FinalRef (ms):                 skipped
[18.456s][debug  ][gc,phases,ref  ] GC(66)   Notify PhantomReferences: 0.0ms
[18.456s][debug  ][gc,phases,ref  ] GC(66)     PhantomRef (ms):               skipped
[18.456s][debug  ][gc,phases,ref  ] GC(66)   SoftReference:
[18.456s][debug  ][gc,phases,ref  ] GC(66)     Discovered: 0
[18.456s][debug  ][gc,phases,ref  ] GC(66)     Cleared: 0
[18.456s][debug  ][gc,phases,ref  ] GC(66)   WeakReference:
[18.456s][debug  ][gc,phases,ref  ] GC(66)     Discovered: 0
[18.456s][debug  ][gc,phases,ref  ] GC(66)     Cleared: 0
[18.456s][debug  ][gc,phases,ref  ] GC(66)   FinalReference:
[18.456s][debug  ][gc,phases,ref  ] GC(66)     Discovered: 0
[18.456s][debug  ][gc,phases,ref  ] GC(66)     Cleared: 0
[18.456s][debug  ][gc,phases,ref  ] GC(66)   PhantomReference:
[18.456s][debug  ][gc,phases,ref  ] GC(66)     Discovered: 0
[18.456s][debug  ][gc,phases,ref  ] GC(66)     Cleared: 0
[18.456s][debug  ][gc,phases      ] GC(66) Reference Processing 0.587ms
[18.456s][debug  ][gc,phases,start] GC(66) Weak Processing
[18.456s][debug  ][gc,phases      ] GC(66)   VM Weak                        Min:  0.0, Avg:  0.0, Max:  0.0, Diff:  0.0, Sum:  0.0, Workers: 6
[18.456s][debug  ][gc,phases      ] GC(66)     Dead                           Min: 0, Avg:  0.0, Max: 0, Diff: 0, Sum: 0, Workers: 6
[18.456s][debug  ][gc,phases      ] GC(66)     Total                          Min: 0, Avg:  1.3, Max: 8, Diff: 8, Sum: 8, Workers: 6
[18.456s][debug  ][gc,phases      ] GC(66)   ObjectSynchronizer Weak        Min:  0.0, Avg:  0.0, Max:  0.0, Diff:  0.0, Sum:  0.0, Workers: 6
[18.456s][debug  ][gc,phases      ] GC(66)     Dead                           Min: 0, Avg:  0.0, Max: 0, Diff: 0, Sum: 0, Workers: 6
[18.456s][debug  ][gc,phases      ] GC(66)     Total                          Min: 0, Avg:  0.5, Max: 3, Diff: 3, Sum: 3, Workers: 6
[18.456s][debug  ][gc,phases      ] GC(66)   JVMTI Tag Weak OopStorage      Min:  0.0, Avg:  0.0, Max:  0.0, Diff:  0.0, Sum:  0.0, Workers: 6
[18.456s][debug  ][gc,phases      ] GC(66)     Dead                           Min: 0, Avg:  0.0, Max: 0, Diff: 0, Sum: 0, Workers: 6
[18.456s][debug  ][gc,phases      ] GC(66)     Total                          Min: 0, Avg:  0.0, Max: 0, Diff: 0, Sum: 0, Workers: 6
[18.456s][debug  ][gc,phases      ] GC(66)   StringTable Weak               Min:  0.0, Avg:  0.0, Max:  0.0, Diff:  0.0, Sum:  0.0, Workers: 6
[18.456s][debug  ][gc,phases      ] GC(66)     Dead                           Min: 0, Avg:  0.0, Max: 0, Diff: 0, Sum: 0, Workers: 6
[18.456s][debug  ][gc,phases      ] GC(66)     Total                          Min: 684, Avg: 892.5, Max: 1088, Diff: 404, Sum: 5355, Workers: 6
[18.456s][debug  ][gc,phases      ] GC(66)   ResolvedMethodTable Weak       Min:  0.0, Avg:  0.0, Max:  0.0, Diff:  0.0, Sum:  0.0, Workers: 6
[18.456s][debug  ][gc,phases      ] GC(66)     Dead                           Min: 0, Avg:  0.0, Max: 0, Diff: 0, Sum: 0, Workers: 6
[18.456s][debug  ][gc,phases      ] GC(66)     Total                          Min: 0, Avg: 21.7, Max: 64, Diff: 64, Sum: 130, Workers: 6
[18.456s][debug  ][gc,phases      ] GC(66)   JNI Weak                       Min:  0.0, Avg:  0.0, Max:  0.0, Diff:  0.0, Sum:  0.0, Workers: 6
[18.456s][debug  ][gc,phases      ] GC(66)     Dead                           Min: 0, Avg:  0.0, Max: 0, Diff: 0, Sum: 0, Workers: 6
[18.456s][debug  ][gc,phases      ] GC(66)     Total                          Min: 0, Avg:  0.0, Max: 0, Diff: 0, Sum: 0, Workers: 6
[18.456s][debug  ][gc,phases      ] GC(66)   StringDedup Table Weak         Min:  0.0, Avg:  0.0, Max:  0.0, Diff:  0.0, Sum:  0.0, Workers: 6
[18.456s][debug  ][gc,phases      ] GC(66)     Dead                           Min: 0, Avg:  0.0, Max: 0, Diff: 0, Sum: 0, Workers: 6
[18.456s][debug  ][gc,phases      ] GC(66)     Total                          Min: 0, Avg:  0.0, Max: 0, Diff: 0, Sum: 0, Workers: 6
[18.456s][debug  ][gc,phases      ] GC(66)   StringDedup Requests0 Weak     Min:  0.0, Avg:  0.0, Max:  0.0, Diff:  0.0, Sum:  0.0, Workers: 6
[18.456s][debug  ][gc,phases      ] GC(66)     Dead                           Min: 0, Avg:  0.0, Max: 0, Diff: 0, Sum: 0, Workers: 6
[18.456s][debug  ][gc,phases      ] GC(66)     Total                          Min: 0, Avg:  0.0, Max: 0, Diff: 0, Sum: 0, Workers: 6
[18.456s][debug  ][gc,phases      ] GC(66)   StringDedup Requests1 Weak     Min:  0.0, Avg:  0.0, Max:  0.0, Diff:  0.0, Sum:  0.0, Workers: 6
[18.456s][debug  ][gc,phases      ] GC(66)     Dead                           Min: 0, Avg:  0.0, Max: 0, Diff: 0, Sum: 0, Workers: 6
[18.456s][debug  ][gc,phases      ] GC(66)     Total                          Min: 0, Avg:  0.0, Max: 0, Diff: 0, Sum: 0, Workers: 6
[18.457s][debug  ][gc,phases      ] GC(66)   Weak JFR Old Object Samples    Min:  0.0, Avg:  0.0, Max:  0.0, Diff:  0.0, Sum:  0.0, Workers: 6
[18.457s][debug  ][gc,phases      ] GC(66)     Dead                           Min: 0, Avg:  0.0, Max: 0, Diff: 0, Sum: 0, Workers: 6
[18.457s][debug  ][gc,phases      ] GC(66)     Total                          Min: 0, Avg:  0.0, Max: 0, Diff: 0, Sum: 0, Workers: 6
[18.457s][debug  ][gc,phases      ] GC(66) Weak Processing 0.690ms
[18.457s][debug  ][gc,ergo        ] GC(66) AdaptiveSizeStart:  collection: 67 
[18.457s][debug  ][gc,ergo        ] GC(66) avg_survived_padded_avg: 31571150.000000
[18.457s][debug  ][gc,ergo        ] GC(66) avg_promoted_padded_avg: 268319104.000000  avg_pretenured_padded_avg: 0.000000  tenuring_thresh: 1  target_size: 31981568
[18.457s][debug  ][gc,age         ] GC(66) Desired survivor size 31981568 bytes, new threshold 1 (max threshold 15)
[18.457s][debug  ][gc,ergo        ] GC(66) PSAdaptiveSizePolicy::compute_eden_space_size limits: desired_eden_size: 229024325 old_eden_size: 204472320 eden_limit: 204472320 cur_eden: 204472320 max_eden_size: 204472320 avg_young_live: 26373354
[18.457s][debug  ][gc,ergo        ] GC(66) PSAdaptiveSizePolicy::compute_eden_space_size: costs minor_time: 0.049729 major_cost: 0.033101 mutator_cost: 0.917170 throughput_goal: 0.990000
[18.457s][debug  ][gc,ergo        ] GC(66) Live_space: 937704704 free_space: 1326972928
[18.457s][debug  ][gc,ergo        ] GC(66) Old eden_size: 204472320 desired_eden_size: 204472320
[18.457s][debug  ][gc,ergo        ] GC(66) AdaptiveSizeStop: collection: 67 
[18.457s][info   ][gc,heap        ] GC(66) PSYoungGen: 229114K(230912K)->30720K(230912K) Eden: 198394K(199680K)->0K(199680K) From: 30720K(31232K)->30720K(31232K)
[18.457s][info   ][gc,heap        ] GC(66) ParOldGen: 298595K(1502208K)->493155K(1502208K)
[18.457s][info   ][gc,metaspace   ] GC(66) Metaspace: 1020K(1216K)->1020K(1216K) NonClass: 937K(1024K)->937K(1024K) Class: 83K(192K)->83K(192K)
[18.457s][info   ][gc             ] GC(66) Pause Young (Allocation Failure) 515M->511M(1692M) 16.955ms
[18.457s][info   ][gc,cpu         ] GC(66) User=0.16s Sys=0.00s Real=0.02s
[18.457s][debug  ][gc,heap        ] GC(66) Heap after GC invocations=67 (full 10):
[18.457s][debug  ][gc,heap        ] GC(66)  PSYoungGen      total 230912K, used 30720K [0x00000007f0000000, 0x0000000800000000, 0x0000000800000000)
[18.457s][debug  ][gc,heap        ] GC(66)   eden space 199680K, 0% used [0x00000007f0000000,0x00000007f0000000,0x00000007fc300000)
[18.457s][debug  ][gc,heap        ] GC(66)   from space 31232K, 98% used [0x00000007fc300000,0x00000007fe100030,0x00000007fe180000)
[18.457s][debug  ][gc,heap        ] GC(66)   to   space 31232K, 0% used [0x00000007fe180000,0x00000007fe180000,0x0000000800000000)
[18.457s][debug  ][gc,heap        ] GC(66)  ParOldGen       total 1502208K, used 493155K [0x0000000740000000, 0x000000079bb00000, 0x00000007f0000000)
[18.457s][debug  ][gc,heap        ] GC(66)   object space 1502208K, 32% used [0x0000000740000000,0x000000075e198ef8,0x000000079bb00000)
[18.457s][debug  ][gc,heap        ] GC(66)  Metaspace       used 1020K, committed 1216K, reserved 1056768K
[18.457s][debug  ][gc,heap        ] GC(66)   class space    used 83K, committed 192K, reserved 1048576K
[18.457s][debug  ][gc,task,time   ] GC(66) VM-Thread 184394123 184552542 184570842
[18.757s][debug  ][gc,heap        ] GC(67) Heap before GC invocations=68 (full 10):
[18.757s][debug  ][gc,heap        ] GC(67)  PSYoungGen      total 230912K, used 229143K [0x00000007f0000000, 0x0000000800000000, 0x0000000800000000)
[18.757s][debug  ][gc,heap        ] GC(67)   eden space 199680K, 99% used [0x00000007f0000000,0x00000007fc1c5d80,0x00000007fc300000)
[18.757s][debug  ][gc,heap        ] GC(67)   from space 31232K, 98% used [0x00000007fc300000,0x00000007fe100030,0x00000007fe180000)
[18.757s][debug  ][gc,heap        ] GC(67)   to   space 31232K, 0% used [0x00000007fe180000,0x00000007fe180000,0x0000000800000000)
[18.757s][debug  ][gc,heap        ] GC(67)  ParOldGen       total 1502208K, used 493155K [0x0000000740000000, 0x000000079bb00000, 0x00000007f0000000)
[18.757s][debug  ][gc,heap        ] GC(67)   object space 1502208K, 32% used [0x0000000740000000,0x000000075e198ef8,0x000000079bb00000)
[18.757s][debug  ][gc,heap        ] GC(67)  Metaspace       used 1020K, committed 1216K, reserved 1056768K
[18.757s][debug  ][gc,heap        ] GC(67)   class space    used 83K, committed 192K, reserved 1048576K
[18.757s][debug  ][gc,tlab        ] GC(67) TLAB totals: thrds: 1  refills: 1 max: 1 slow allocs: 18 max 18 waste: 27.4% gc: 3955792B max: 3955792B slow: 0B max: 0B
[18.757s][info   ][gc,start       ] GC(67) Pause Young (Allocation Failure)
[18.757s][debug  ][gc,phases,start] GC(67) Scavenge
[18.772s][debug  ][gc,phases      ] GC(67) Scavenge 15.245ms
[18.772s][debug  ][gc,phases,start] GC(67) Reference Processing
[18.772s][debug  ][gc,ref         ] GC(67) Skipped phase 1 of Reference Processing: no references
[18.772s][debug  ][gc,ref         ] GC(67) Skipped phase 2 of Reference Processing: no references
[18.772s][debug  ][gc,ref         ] GC(67) Skipped phase 3 of Reference Processing: no references
[18.773s][debug  ][gc,ref         ] GC(67) Skipped phase 4 of Reference Processing: no references
[18.773s][debug  ][gc,phases,ref  ] GC(67) Reference Processing: 0.1ms
[18.773s][debug  ][gc,phases,ref  ] GC(67)   Reconsider SoftReferences: 0.0ms
[18.773s][debug  ][gc,phases,ref  ] GC(67)     SoftRef (ms):                  skipped
[18.773s][debug  ][gc,phases,ref  ] GC(67)   Notify Soft/WeakReferences: 0.0ms
[18.773s][debug  ][gc,phases,ref  ] GC(67)     SoftRef (ms):                  skipped
[18.773s][debug  ][gc,phases,ref  ] GC(67)     WeakRef (ms):                  skipped
[18.773s][debug  ][gc,phases,ref  ] GC(67)     FinalRef (ms):                 skipped
[18.773s][debug  ][gc,phases,ref  ] GC(67)     Total (ms):                    skipped
[18.773s][debug  ][gc,phases,ref  ] GC(67)   Notify and keep alive finalizable: 0.0ms
[18.773s][debug  ][gc,phases,ref  ] GC(67)     FinalRef (ms):                 skipped
[18.773s][debug  ][gc,phases,ref  ] GC(67)   Notify PhantomReferences: 0.0ms
[18.773s][debug  ][gc,phases,ref  ] GC(67)     PhantomRef (ms):               skipped
[18.773s][debug  ][gc,phases,ref  ] GC(67)   SoftReference:
[18.773s][debug  ][gc,phases,ref  ] GC(67)     Discovered: 0
[18.773s][debug  ][gc,phases,ref  ] GC(67)     Cleared: 0
[18.773s][debug  ][gc,phases,ref  ] GC(67)   WeakReference:
[18.773s][debug  ][gc,phases,ref  ] GC(67)     Discovered: 0
[18.773s][debug  ][gc,phases,ref  ] GC(67)     Cleared: 0
[18.773s][debug  ][gc,phases,ref  ] GC(67)   FinalReference:
[18.773s][debug  ][gc,phases,ref  ] GC(67)     Discovered: 0
[18.773s][debug  ][gc,phases,ref  ] GC(67)     Cleared: 0
[18.773s][debug  ][gc,phases,ref  ] GC(67)   PhantomReference:
[18.773s][debug  ][gc,phases,ref  ] GC(67)     Discovered: 0
[18.773s][debug  ][gc,phases,ref  ] GC(67)     Cleared: 0
[18.773s][debug  ][gc,phases      ] GC(67) Reference Processing 0.580ms
[18.773s][debug  ][gc,phases,start] GC(67) Weak Processing
[18.773s][debug  ][gc,phases      ] GC(67)   VM Weak                        Min:  0.0, Avg:  0.0, Max:  0.0, Diff:  0.0, Sum:  0.0, Workers: 6
[18.773s][debug  ][gc,phases      ] GC(67)     Dead                           Min: 0, Avg:  0.0, Max: 0, Diff: 0, Sum: 0, Workers: 6
[18.773s][debug  ][gc,phases      ] GC(67)     Total                          Min: 0, Avg:  1.3, Max: 8, Diff: 8, Sum: 8, Workers: 6
[18.773s][debug  ][gc,phases      ] GC(67)   ObjectSynchronizer Weak        Min:  0.0, Avg:  0.0, Max:  0.0, Diff:  0.0, Sum:  0.0, Workers: 6
[18.773s][debug  ][gc,phases      ] GC(67)     Dead                           Min: 0, Avg:  0.0, Max: 0, Diff: 0, Sum: 0, Workers: 6
[18.773s][debug  ][gc,phases      ] GC(67)     Total                          Min: 0, Avg:  0.5, Max: 3, Diff: 3, Sum: 3, Workers: 6
[18.773s][debug  ][gc,phases      ] GC(67)   JVMTI Tag Weak OopStorage      Min:  0.0, Avg:  0.0, Max:  0.0, Diff:  0.0, Sum:  0.0, Workers: 6
[18.773s][debug  ][gc,phases      ] GC(67)     Dead                           Min: 0, Avg:  0.0, Max: 0, Diff: 0, Sum: 0, Workers: 6
[18.773s][debug  ][gc,phases      ] GC(67)     Total                          Min: 0, Avg:  0.0, Max: 0, Diff: 0, Sum: 0, Workers: 6
[18.773s][debug  ][gc,phases      ] GC(67)   StringTable Weak               Min:  0.0, Avg:  0.0, Max:  0.0, Diff:  0.0, Sum:  0.0, Workers: 6
[18.773s][debug  ][gc,phases      ] GC(67)     Dead                           Min: 0, Avg:  0.0, Max: 0, Diff: 0, Sum: 0, Workers: 6
[18.773s][debug  ][gc,phases      ] GC(67)     Total                          Min: 768, Avg: 892.5, Max: 1132, Diff: 364, Sum: 5355, Workers: 6
[18.773s][debug  ][gc,phases      ] GC(67)   ResolvedMethodTable Weak       Min:  0.0, Avg:  0.0, Max:  0.0, Diff:  0.0, Sum:  0.0, Workers: 6
[18.773s][debug  ][gc,phases      ] GC(67)     Dead                           Min: 0, Avg:  0.0, Max: 0, Diff: 0, Sum: 0, Workers: 6
[18.773s][debug  ][gc,phases      ] GC(67)     Total                          Min: 0, Avg: 21.7, Max: 64, Diff: 64, Sum: 130, Workers: 6
[18.773s][debug  ][gc,phases      ] GC(67)   JNI Weak                       Min:  0.0, Avg:  0.0, Max:  0.0, Diff:  0.0, Sum:  0.0, Workers: 6
[18.773s][debug  ][gc,phases      ] GC(67)     Dead                           Min: 0, Avg:  0.0, Max: 0, Diff: 0, Sum: 0, Workers: 6
[18.773s][debug  ][gc,phases      ] GC(67)     Total                          Min: 0, Avg:  0.0, Max: 0, Diff: 0, Sum: 0, Workers: 6
[18.773s][debug  ][gc,phases      ] GC(67)   StringDedup Table Weak         Min:  0.0, Avg:  0.0, Max:  0.0, Diff:  0.0, Sum:  0.0, Workers: 6
[18.773s][debug  ][gc,phases      ] GC(67)     Dead                           Min: 0, Avg:  0.0, Max: 0, Diff: 0, Sum: 0, Workers: 6
[18.773s][debug  ][gc,phases      ] GC(67)     Total                          Min: 0, Avg:  0.0, Max: 0, Diff: 0, Sum: 0, Workers: 6
[18.774s][debug  ][gc,phases      ] GC(67)   StringDedup Requests0 Weak     Min:  0.0, Avg:  0.0, Max:  0.0, Diff:  0.0, Sum:  0.0, Workers: 6
[18.774s][debug  ][gc,phases      ] GC(67)     Dead                           Min: 0, Avg:  0.0, Max: 0, Diff: 0, Sum: 0, Workers: 6
[18.774s][debug  ][gc,phases      ] GC(67)     Total                          Min: 0, Avg:  0.0, Max: 0, Diff: 0, Sum: 0, Workers: 6
[18.774s][debug  ][gc,phases      ] GC(67)   StringDedup Requests1 Weak     Min:  0.0, Avg:  0.0, Max:  0.0, Diff:  0.0, Sum:  0.0, Workers: 6
[18.774s][debug  ][gc,phases      ] GC(67)     Dead                           Min: 0, Avg:  0.0, Max: 0, Diff: 0, Sum: 0, Workers: 6
[18.774s][debug  ][gc,phases      ] GC(67)     Total                          Min: 0, Avg:  0.0, Max: 0, Diff: 0, Sum: 0, Workers: 6
[18.774s][debug  ][gc,phases      ] GC(67)   Weak JFR Old Object Samples    Min:  0.0, Avg:  0.0, Max:  0.0, Diff:  0.0, Sum:  0.0, Workers: 6
[18.774s][debug  ][gc,phases      ] GC(67)     Dead                           Min: 0, Avg:  0.0, Max: 0, Diff: 0, Sum: 0, Workers: 6
[18.774s][debug  ][gc,phases      ] GC(67)     Total                          Min: 0, Avg:  0.0, Max: 0, Diff: 0, Sum: 0, Workers: 6
[18.774s][debug  ][gc,phases      ] GC(67) Weak Processing 0.685ms
[18.774s][debug  ][gc,ergo        ] GC(67) AdaptiveSizeStart:  collection: 68 
[18.774s][debug  ][gc,ergo        ] GC(67) avg_survived_padded_avg: 31561636.000000
[18.774s][debug  ][gc,ergo        ] GC(67) avg_promoted_padded_avg: 267619568.000000  avg_pretenured_padded_avg: 0.000000  tenuring_thresh: 1  target_size: 31981568
[18.774s][debug  ][gc,age         ] GC(67) Desired survivor size 31981568 bytes, new threshold 1 (max threshold 15)
[18.774s][debug  ][gc,ergo        ] GC(67) PSAdaptiveSizePolicy::compute_eden_space_size limits: desired_eden_size: 229154502 old_eden_size: 204472320 eden_limit: 204472320 cur_eden: 204472320 max_eden_size: 204472320 avg_young_live: 26881750
[18.774s][debug  ][gc,ergo        ] GC(67) PSAdaptiveSizePolicy::compute_eden_space_size: costs minor_time: 0.050394 major_cost: 0.033101 mutator_cost: 0.916504 throughput_goal: 0.990000
[18.774s][debug  ][gc,ergo        ] GC(67) Live_space: 938213120 free_space: 1326972928
[18.774s][debug  ][gc,ergo        ] GC(67) Old eden_size: 204472320 desired_eden_size: 204472320
[18.774s][debug  ][gc,ergo        ] GC(67) AdaptiveSizeStop: collection: 68 
[18.774s][info   ][gc,heap        ] GC(67) PSYoungGen: 229143K(230912K)->30720K(230912K) Eden: 198423K(199680K)->0K(199680K) From: 30720K(31232K)->30720K(31232K)
[18.774s][info   ][gc,heap        ] GC(67) ParOldGen: 493155K(1502208K)->687716K(1502208K)
[18.774s][info   ][gc,metaspace   ] GC(67) Metaspace: 1020K(1216K)->1020K(1216K) NonClass: 937K(1024K)->937K(1024K) Class: 83K(192K)->83K(192K)
[18.774s][info   ][gc             ] GC(67) Pause Young (Allocation Failure) 705M->701M(1692M) 16.921ms
[18.774s][info   ][gc,cpu         ] GC(67) User=0.16s Sys=0.00s Real=0.02s
[18.774s][debug  ][gc,heap        ] GC(67) Heap after GC invocations=68 (full 10):
[18.774s][debug  ][gc,heap        ] GC(67)  PSYoungGen      total 230912K, used 30720K [0x00000007f0000000, 0x0000000800000000, 0x0000000800000000)
[18.774s][debug  ][gc,heap        ] GC(67)   eden space 199680K, 0% used [0x00000007f0000000,0x00000007f0000000,0x00000007fc300000)
[18.774s][debug  ][gc,heap        ] GC(67)   from space 31232K, 98% used [0x00000007fe180000,0x00000007fff80030,0x0000000800000000)
[18.774s][debug  ][gc,heap        ] GC(67)   to   space 31232K, 0% used [0x00000007fc300000,0x00000007fc300000,0x00000007fe180000)
[18.774s][debug  ][gc,heap        ] GC(67)  ParOldGen       total 1502208K, used 687716K [0x0000000740000000, 0x000000079bb00000, 0x00000007f0000000)
[18.774s][debug  ][gc,heap        ] GC(67)   object space 1502208K, 45% used [0x0000000740000000,0x0000000769f99028,0x000000079bb00000)
[18.774s][debug  ][gc,heap        ] GC(67)  Metaspace       used 1020K, committed 1216K, reserved 1056768K
[18.774s][debug  ][gc,heap        ] GC(67)   class space    used 83K, committed 192K, reserved 1048576K
[18.774s][debug  ][gc,task,time   ] GC(67) VM-Thread 187567322 187724117 187742242
[19.073s][debug  ][gc,heap        ] GC(68) Heap before GC invocations=69 (full 10):
[19.073s][debug  ][gc,heap        ] GC(68)  PSYoungGen      total 230912K, used 229161K [0x00000007f0000000, 0x0000000800000000, 0x0000000800000000)
[19.073s][debug  ][gc,heap        ] GC(68)   eden space 199680K, 99% used [0x00000007f0000000,0x00000007fc1ca760,0x00000007fc300000)
[19.073s][debug  ][gc,heap        ] GC(68)   from space 31232K, 98% used [0x00000007fe180000,0x00000007fff80030,0x0000000800000000)
[19.073s][debug  ][gc,heap        ] GC(68)   to   space 31232K, 0% used [0x00000007fc300000,0x00000007fc300000,0x00000007fe180000)
[19.073s][debug  ][gc,heap        ] GC(68)  ParOldGen       total 1502208K, used 687716K [0x0000000740000000, 0x000000079bb00000, 0x00000007f0000000)
[19.073s][debug  ][gc,heap        ] GC(68)   object space 1502208K, 45% used [0x0000000740000000,0x0000000769f99028,0x000000079bb00000)
[19.073s][debug  ][gc,heap        ] GC(68)  Metaspace       used 1020K, committed 1216K, reserved 1056768K
[19.073s][debug  ][gc,heap        ] GC(68)   class space    used 83K, committed 192K, reserved 1048576K
[19.073s][debug  ][gc,tlab        ] GC(68) TLAB totals: thrds: 1  refills: 1 max: 1 slow allocs: 18 max 18 waste: 27.5% gc: 3974704B max: 3974704B slow: 0B max: 0B
[19.073s][info   ][gc,start       ] GC(68) Pause Young (Allocation Failure)
[19.073s][debug  ][gc,phases,start] GC(68) Scavenge
[19.088s][debug  ][gc,phases      ] GC(68) Scavenge 15.031ms
[19.088s][debug  ][gc,phases,start] GC(68) Reference Processing
[19.088s][debug  ][gc,ref         ] GC(68) Skipped phase 1 of Reference Processing: no references
[19.088s][debug  ][gc,ref         ] GC(68) Skipped phase 2 of Reference Processing: no references
[19.088s][debug  ][gc,ref         ] GC(68) Skipped phase 3 of Reference Processing: no references
[19.088s][debug  ][gc,ref         ] GC(68) Skipped phase 4 of Reference Processing: no references
[19.088s][debug  ][gc,phases,ref  ] GC(68) Reference Processing: 0.1ms
[19.088s][debug  ][gc,phases,ref  ] GC(68)   Reconsider SoftReferences: 0.0ms
[19.088s][debug  ][gc,phases,ref  ] GC(68)     SoftRef (ms):                  skipped
[19.088s][debug  ][gc,phases,ref  ] GC(68)   Notify Soft/WeakReferences: 0.0ms
[19.088s][debug  ][gc,phases,ref  ] GC(68)     SoftRef (ms):                  skipped
[19.088s][debug  ][gc,phases,ref  ] GC(68)     WeakRef (ms):                  skipped
[19.088s][debug  ][gc,phases,ref  ] GC(68)     FinalRef (ms):                 skipped
[19.088s][debug  ][gc,phases,ref  ] GC(68)     Total (ms):                    skipped
[19.088s][debug  ][gc,phases,ref  ] GC(68)   Notify and keep alive finalizable: 0.0ms
[19.088s][debug  ][gc,phases,ref  ] GC(68)     FinalRef (ms):                 skipped
[19.089s][debug  ][gc,phases,ref  ] GC(68)   Notify PhantomReferences: 0.0ms
[19.089s][debug  ][gc,phases,ref  ] GC(68)     PhantomRef (ms):               skipped
[19.089s][debug  ][gc,phases,ref  ] GC(68)   SoftReference:
[19.089s][debug  ][gc,phases,ref  ] GC(68)     Discovered: 0
[19.089s][debug  ][gc,phases,ref  ] GC(68)     Cleared: 0
[19.089s][debug  ][gc,phases,ref  ] GC(68)   WeakReference:
[19.089s][debug  ][gc,phases,ref  ] GC(68)     Discovered: 0
[19.089s][debug  ][gc,phases,ref  ] GC(68)     Cleared: 0
[19.089s][debug  ][gc,phases,ref  ] GC(68)   FinalReference:
[19.089s][debug  ][gc,phases,ref  ] GC(68)     Discovered: 0
[19.089s][debug  ][gc,phases,ref  ] GC(68)     Cleared: 0
[19.089s][debug  ][gc,phases,ref  ] GC(68)   PhantomReference:
[19.089s][debug  ][gc,phases,ref  ] GC(68)     Discovered: 0
[19.089s][debug  ][gc,phases,ref  ] GC(68)     Cleared: 0
[19.089s][debug  ][gc,phases      ] GC(68) Reference Processing 0.594ms
[19.089s][debug  ][gc,phases,start] GC(68) Weak Processing
[19.089s][debug  ][gc,phases      ] GC(68)   VM Weak                        Min:  0.0, Avg:  0.0, Max:  0.0, Diff:  0.0, Sum:  0.0, Workers: 6
[19.089s][debug  ][gc,phases      ] GC(68)     Dead                           Min: 0, Avg:  0.0, Max: 0, Diff: 0, Sum: 0, Workers: 6
[19.089s][debug  ][gc,phases      ] GC(68)     Total                          Min: 0, Avg:  1.3, Max: 8, Diff: 8, Sum: 8, Workers: 6
[19.089s][debug  ][gc,phases      ] GC(68)   ObjectSynchronizer Weak        Min:  0.0, Avg:  0.0, Max:  0.0, Diff:  0.0, Sum:  0.0, Workers: 6
[19.089s][debug  ][gc,phases      ] GC(68)     Dead                           Min: 0, Avg:  0.0, Max: 0, Diff: 0, Sum: 0, Workers: 6
[19.089s][debug  ][gc,phases      ] GC(68)     Total                          Min: 0, Avg:  0.5, Max: 3, Diff: 3, Sum: 3, Workers: 6
[19.089s][debug  ][gc,phases      ] GC(68)   JVMTI Tag Weak OopStorage      Min:  0.0, Avg:  0.0, Max:  0.0, Diff:  0.0, Sum:  0.0, Workers: 6
[19.089s][debug  ][gc,phases      ] GC(68)     Dead                           Min: 0, Avg:  0.0, Max: 0, Diff: 0, Sum: 0, Workers: 6
[19.089s][debug  ][gc,phases      ] GC(68)     Total                          Min: 0, Avg:  0.0, Max: 0, Diff: 0, Sum: 0, Workers: 6
[19.089s][debug  ][gc,phases      ] GC(68)   StringTable Weak               Min:  0.0, Avg:  0.0, Max:  0.0, Diff:  0.0, Sum:  0.0, Workers: 6
[19.089s][debug  ][gc,phases      ] GC(68)     Dead                           Min: 0, Avg:  0.0, Max: 0, Diff: 0, Sum: 0, Workers: 6
[19.089s][debug  ][gc,phases      ] GC(68)     Total                          Min: 812, Avg: 892.5, Max: 960, Diff: 148, Sum: 5355, Workers: 6
[19.089s][debug  ][gc,phases      ] GC(68)   ResolvedMethodTable Weak       Min:  0.0, Avg:  0.0, Max:  0.0, Diff:  0.0, Sum:  0.0, Workers: 6
[19.089s][debug  ][gc,phases      ] GC(68)     Dead                           Min: 0, Avg:  0.0, Max: 0, Diff: 0, Sum: 0, Workers: 6
[19.089s][debug  ][gc,phases      ] GC(68)     Total                          Min: 0, Avg: 21.7, Max: 64, Diff: 64, Sum: 130, Workers: 6
[19.089s][debug  ][gc,phases      ] GC(68)   JNI Weak                       Min:  0.0, Avg:  0.0, Max:  0.0, Diff:  0.0, Sum:  0.0, Workers: 6
[19.089s][debug  ][gc,phases      ] GC(68)     Dead                           Min: 0, Avg:  0.0, Max: 0, Diff: 0, Sum: 0, Workers: 6
[19.089s][debug  ][gc,phases      ] GC(68)     Total                          Min: 0, Avg:  0.0, Max: 0, Diff: 0, Sum: 0, Workers: 6
[19.089s][debug  ][gc,phases      ] GC(68)   StringDedup Table Weak         Min:  0.0, Avg:  0.0, Max:  0.0, Diff:  0.0, Sum:  0.0, Workers: 6
[19.089s][debug  ][gc,phases      ] GC(68)     Dead                           Min: 0, Avg:  0.0, Max: 0, Diff: 0, Sum: 0, Workers: 6
[19.089s][debug  ][gc,phases      ] GC(68)     Total                          Min: 0, Avg:  0.0, Max: 0, Diff: 0, Sum: 0, Workers: 6
[19.089s][debug  ][gc,phases      ] GC(68)   StringDedup Requests0 Weak     Min:  0.0, Avg:  0.0, Max:  0.0, Diff:  0.0, Sum:  0.0, Workers: 6
[19.089s][debug  ][gc,phases      ] GC(68)     Dead                           Min: 0, Avg:  0.0, Max: 0, Diff: 0, Sum: 0, Workers: 6
[19.089s][debug  ][gc,phases      ] GC(68)     Total                          Min: 0, Avg:  0.0, Max: 0, Diff: 0, Sum: 0, Workers: 6
[19.089s][debug  ][gc,phases      ] GC(68)   StringDedup Requests1 Weak     Min:  0.0, Avg:  0.0, Max:  0.0, Diff:  0.0, Sum:  0.0, Workers: 6
[19.089s][debug  ][gc,phases      ] GC(68)     Dead                           Min: 0, Avg:  0.0, Max: 0, Diff: 0, Sum: 0, Workers: 6
[19.089s][debug  ][gc,phases      ] GC(68)     Total                          Min: 0, Avg:  0.0, Max: 0, Diff: 0, Sum: 0, Workers: 6
[19.090s][debug  ][gc,phases      ] GC(68)   Weak JFR Old Object Samples    Min:  0.0, Avg:  0.0, Max:  0.0, Diff:  0.0, Sum:  0.0, Workers: 6
[19.090s][debug  ][gc,phases      ] GC(68)     Dead                           Min: 0, Avg:  0.0, Max: 0, Diff: 0, Sum: 0, Workers: 6
[19.090s][debug  ][gc,phases      ] GC(68)     Total                          Min: 0, Avg:  0.0, Max: 0, Diff: 0, Sum: 0, Workers: 6
[19.090s][debug  ][gc,phases      ] GC(68) Weak Processing 0.762ms
[19.090s][debug  ][gc,ergo        ] GC(68) AdaptiveSizeStart:  collection: 69 
[19.090s][debug  ][gc,ergo        ] GC(68) avg_survived_padded_avg: 31552886.000000
[19.090s][debug  ][gc,ergo        ] GC(68) avg_promoted_padded_avg: 266369056.000000  avg_pretenured_padded_avg: 0.000000  tenuring_thresh: 1  target_size: 31981568
[19.090s][debug  ][gc,age         ] GC(68) Desired survivor size 31981568 bytes, new threshold 1 (max threshold 15)
[19.090s][debug  ][gc,ergo        ] GC(68) PSAdaptiveSizePolicy::compute_eden_space_size limits: desired_eden_size: 229241415 old_eden_size: 204472320 eden_limit: 204472320 cur_eden: 204472320 max_eden_size: 204472320 avg_young_live: 27339306
[19.090s][debug  ][gc,ergo        ] GC(68) PSAdaptiveSizePolicy::compute_eden_space_size: costs minor_time: 0.050844 major_cost: 0.033101 mutator_cost: 0.916054 throughput_goal: 0.990000
[19.090s][debug  ][gc,ergo        ] GC(68) Live_space: 938670592 free_space: 1326972928
[19.090s][debug  ][gc,ergo        ] GC(68) Old eden_size: 204472320 desired_eden_size: 204472320
[19.090s][debug  ][gc,ergo        ] GC(68) AdaptiveSizeStop: collection: 69 
[19.090s][info   ][gc,heap        ] GC(68) PSYoungGen: 229161K(230912K)->30720K(230912K) Eden: 198441K(199680K)->0K(199680K) From: 30720K(31232K)->30720K(31232K)
[19.090s][info   ][gc,heap        ] GC(68) ParOldGen: 687716K(1502208K)->882276K(1502208K)
[19.090s][info   ][gc,metaspace   ] GC(68) Metaspace: 1020K(1216K)->1020K(1216K) NonClass: 937K(1024K)->937K(1024K) Class: 83K(192K)->83K(192K)
[19.090s][info   ][gc             ] GC(68) Pause Young (Allocation Failure) 895M->891M(1692M) 16.799ms
[19.090s][info   ][gc,cpu         ] GC(68) User=0.16s Sys=0.00s Real=0.02s
[19.090s][debug  ][gc,heap        ] GC(68) Heap after GC invocations=69 (full 10):
[19.090s][debug  ][gc,heap        ] GC(68)  PSYoungGen      total 230912K, used 30720K [0x00000007f0000000, 0x0000000800000000, 0x0000000800000000)
[19.090s][debug  ][gc,heap        ] GC(68)   eden space 199680K, 0% used [0x00000007f0000000,0x00000007f0000000,0x00000007fc300000)
[19.090s][debug  ][gc,heap        ] GC(68)   from space 31232K, 98% used [0x00000007fc300000,0x00000007fe100030,0x00000007fe180000)
[19.090s][debug  ][gc,heap        ] GC(68)   to   space 31232K, 0% used [0x00000007fe180000,0x00000007fe180000,0x0000000800000000)
[19.090s][debug  ][gc,heap        ] GC(68)  ParOldGen       total 1502208K, used 882276K [0x0000000740000000, 0x000000079bb00000, 0x00000007f0000000)
[19.090s][debug  ][gc,heap        ] GC(68)   object space 1502208K, 58% used [0x0000000740000000,0x0000000775d99158,0x000000079bb00000)
[19.090s][debug  ][gc,heap        ] GC(68)  Metaspace       used 1020K, committed 1216K, reserved 1056768K
[19.090s][debug  ][gc,heap        ] GC(68)   class space    used 83K, committed 192K, reserved 1048576K
[19.090s][debug  ][gc,task,time   ] GC(68) VM-Thread 190727418 190881950 190901084
[19.392s][debug  ][gc,heap        ] GC(69) Heap before GC invocations=70 (full 10):
[19.392s][debug  ][gc,heap        ] GC(69)  PSYoungGen      total 230912K, used 229173K [0x00000007f0000000, 0x0000000800000000, 0x0000000800000000)
[19.392s][debug  ][gc,heap        ] GC(69)   eden space 199680K, 99% used [0x00000007f0000000,0x00000007fc1cd6e0,0x00000007fc300000)
[19.392s][debug  ][gc,heap        ] GC(69)   from space 31232K, 98% used [0x00000007fc300000,0x00000007fe100030,0x00000007fe180000)
[19.392s][debug  ][gc,heap        ] GC(69)   to   space 31232K, 0% used [0x00000007fe180000,0x00000007fe180000,0x0000000800000000)
[19.392s][debug  ][gc,heap        ] GC(69)  ParOldGen       total 1502208K, used 882276K [0x0000000740000000, 0x000000079bb00000, 0x00000007f0000000)
[19.392s][debug  ][gc,heap        ] GC(69)   object space 1502208K, 58% used [0x0000000740000000,0x0000000775d99158,0x000000079bb00000)
[19.392s][debug  ][gc,heap        ] GC(69)  Metaspace       used 1020K, committed 1216K, reserved 1056768K
[19.392s][debug  ][gc,heap        ] GC(69)   class space    used 83K, committed 192K, reserved 1048576K
[19.392s][debug  ][gc,tlab        ] GC(69) TLAB totals: thrds: 1  refills: 1 max: 1 slow allocs: 18 max 18 waste: 27.5% gc: 3985800B max: 3985800B slow: 0B max: 0B
[19.392s][info   ][gc,start       ] GC(69) Pause Young (Allocation Failure)
[19.392s][debug  ][gc,phases,start] GC(69) Scavenge
[19.398s][debug  ][gc,phases      ] GC(69) Scavenge 5.717ms
[19.398s][debug  ][gc,phases,start] GC(69) Reference Processing
[19.398s][debug  ][gc,ref         ] GC(69) Skipped phase 1 of Reference Processing: no references
[19.398s][debug  ][gc,ref         ] GC(69) Skipped phase 2 of Reference Processing: no references
[19.398s][debug  ][gc,ref         ] GC(69) Skipped phase 3 of Reference Processing: no references
[19.398s][debug  ][gc,ref         ] GC(69) Skipped phase 4 of Reference Processing: no references
[19.398s][debug  ][gc,phases,ref  ] GC(69) Reference Processing: 0.1ms
[19.398s][debug  ][gc,phases,ref  ] GC(69)   Reconsider SoftReferences: 0.0ms
[19.398s][debug  ][gc,phases,ref  ] GC(69)     SoftRef (ms):                  skipped
[19.398s][debug  ][gc,phases,ref  ] GC(69)   Notify Soft/WeakReferences: 0.0ms
[19.398s][debug  ][gc,phases,ref  ] GC(69)     SoftRef (ms):                  skipped
[19.398s][debug  ][gc,phases,ref  ] GC(69)     WeakRef (ms):                  skipped
[19.398s][debug  ][gc,phases,ref  ] GC(69)     FinalRef (ms):                 skipped
[19.398s][debug  ][gc,phases,ref  ] GC(69)     Total (ms):                    skipped
[19.398s][debug  ][gc,phases,ref  ] GC(69)   Notify and keep alive finalizable: 0.0ms
[19.398s][debug  ][gc,phases,ref  ] GC(69)     FinalRef (ms):                 skipped
[19.398s][debug  ][gc,phases,ref  ] GC(69)   Notify PhantomReferences: 0.0ms
[19.398s][debug  ][gc,phases,ref  ] GC(69)     PhantomRef (ms):               skipped
[19.398s][debug  ][gc,phases,ref  ] GC(69)   SoftReference:
[19.398s][debug  ][gc,phases,ref  ] GC(69)     Discovered: 0
[19.398s][debug  ][gc,phases,ref  ] GC(69)     Cleared: 0
[19.398s][debug  ][gc,phases,ref  ] GC(69)   WeakReference:
[19.398s][debug  ][gc,phases,ref  ] GC(69)     Discovered: 0
[19.398s][debug  ][gc,phases,ref  ] GC(69)     Cleared: 0
[19.398s][debug  ][gc,phases,ref  ] GC(69)   FinalReference:
[19.398s][debug  ][gc,phases,ref  ] GC(69)     Discovered: 0
[19.398s][debug  ][gc,phases,ref  ] GC(69)     Cleared: 0
[19.398s][debug  ][gc,phases,ref  ] GC(69)   PhantomReference:
[19.398s][debug  ][gc,phases,ref  ] GC(69)     Discovered: 0
[19.399s][debug  ][gc,phases,ref  ] GC(69)     Cleared: 0
[19.399s][debug  ][gc,phases      ] GC(69) Reference Processing 0.579ms
[19.399s][debug  ][gc,phases,start] GC(69) Weak Processing
[19.399s][debug  ][gc,phases      ] GC(69)   VM Weak                        Min:  0.0, Avg:  0.0, Max:  0.0, Diff:  0.0, Sum:  0.0, Workers: 6
[19.399s][debug  ][gc,phases      ] GC(69)     Dead                           Min: 0, Avg:  0.0, Max: 0, Diff: 0, Sum: 0, Workers: 6
[19.399s][debug  ][gc,phases      ] GC(69)     Total                          Min: 0, Avg:  1.3, Max: 8, Diff: 8, Sum: 8, Workers: 6
[19.399s][debug  ][gc,phases      ] GC(69)   ObjectSynchronizer Weak        Min:  0.0, Avg:  0.0, Max:  0.0, Diff:  0.0, Sum:  0.0, Workers: 6
[19.399s][debug  ][gc,phases      ] GC(69)     Dead                           Min: 0, Avg:  0.0, Max: 0, Diff: 0, Sum: 0, Workers: 6
[19.399s][debug  ][gc,phases      ] GC(69)     Total                          Min: 0, Avg:  0.5, Max: 3, Diff: 3, Sum: 3, Workers: 6
[19.399s][debug  ][gc,phases      ] GC(69)   JVMTI Tag Weak OopStorage      Min:  0.0, Avg:  0.0, Max:  0.0, Diff:  0.0, Sum:  0.0, Workers: 6
[19.399s][debug  ][gc,phases      ] GC(69)     Dead                           Min: 0, Avg:  0.0, Max: 0, Diff: 0, Sum: 0, Workers: 6
[19.399s][debug  ][gc,phases      ] GC(69)     Total                          Min: 0, Avg:  0.0, Max: 0, Diff: 0, Sum: 0, Workers: 6
[19.399s][debug  ][gc,phases      ] GC(69)   StringTable Weak               Min:  0.0, Avg:  0.0, Max:  0.0, Diff:  0.0, Sum:  0.0, Workers: 6
[19.399s][debug  ][gc,phases      ] GC(69)     Dead                           Min: 0, Avg:  0.0, Max: 0, Diff: 0, Sum: 0, Workers: 6
[19.399s][debug  ][gc,phases      ] GC(69)     Total                          Min: 767, Avg: 892.5, Max: 1088, Diff: 321, Sum: 5355, Workers: 6
[19.399s][debug  ][gc,phases      ] GC(69)   ResolvedMethodTable Weak       Min:  0.0, Avg:  0.0, Max:  0.0, Diff:  0.0, Sum:  0.0, Workers: 6
[19.399s][debug  ][gc,phases      ] GC(69)     Dead                           Min: 0, Avg:  0.0, Max: 0, Diff: 0, Sum: 0, Workers: 6
[19.399s][debug  ][gc,phases      ] GC(69)     Total                          Min: 0, Avg: 21.7, Max: 64, Diff: 64, Sum: 130, Workers: 6
[19.399s][debug  ][gc,phases      ] GC(69)   JNI Weak                       Min:  0.0, Avg:  0.0, Max:  0.0, Diff:  0.0, Sum:  0.0, Workers: 6
[19.399s][debug  ][gc,phases      ] GC(69)     Dead                           Min: 0, Avg:  0.0, Max: 0, Diff: 0, Sum: 0, Workers: 6
[19.399s][debug  ][gc,phases      ] GC(69)     Total                          Min: 0, Avg:  0.0, Max: 0, Diff: 0, Sum: 0, Workers: 6
[19.399s][debug  ][gc,phases      ] GC(69)   StringDedup Table Weak         Min:  0.0, Avg:  0.0, Max:  0.0, Diff:  0.0, Sum:  0.0, Workers: 6
[19.399s][debug  ][gc,phases      ] GC(69)     Dead                           Min: 0, Avg:  0.0, Max: 0, Diff: 0, Sum: 0, Workers: 6
[19.399s][debug  ][gc,phases      ] GC(69)     Total                          Min: 0, Avg:  0.0, Max: 0, Diff: 0, Sum: 0, Workers: 6
[19.399s][debug  ][gc,phases      ] GC(69)   StringDedup Requests0 Weak     Min:  0.0, Avg:  0.0, Max:  0.0, Diff:  0.0, Sum:  0.0, Workers: 6
[19.399s][debug  ][gc,phases      ] GC(69)     Dead                           Min: 0, Avg:  0.0, Max: 0, Diff: 0, Sum: 0, Workers: 6
[19.399s][debug  ][gc,phases      ] GC(69)     Total                          Min: 0, Avg:  0.0, Max: 0, Diff: 0, Sum: 0, Workers: 6
[19.399s][debug  ][gc,phases      ] GC(69)   StringDedup Requests1 Weak     Min:  0.0, Avg:  0.0, Max:  0.0, Diff:  0.0, Sum:  0.0, Workers: 6
[19.399s][debug  ][gc,phases      ] GC(69)     Dead                           Min: 0, Avg:  0.0, Max: 0, Diff: 0, Sum: 0, Workers: 6
[19.399s][debug  ][gc,phases      ] GC(69)     Total                          Min: 0, Avg:  0.0, Max: 0, Diff: 0, Sum: 0, Workers: 6
[19.399s][debug  ][gc,phases      ] GC(69)   Weak JFR Old Object Samples    Min:  0.0, Avg:  0.0, Max:  0.0, Diff:  0.0, Sum:  0.0, Workers: 6
[19.399s][debug  ][gc,phases      ] GC(69)     Dead                           Min: 0, Avg:  0.0, Max: 0, Diff: 0, Sum: 0, Workers: 6
[19.399s][debug  ][gc,phases      ] GC(69)     Total                          Min: 0, Avg:  0.0, Max: 0, Diff: 0, Sum: 0, Workers: 6
[19.399s][debug  ][gc,phases      ] GC(69) Weak Processing 0.698ms
[19.399s][debug  ][gc,ergo        ] GC(69) AdaptiveSizeStart:  collection: 70 
[19.399s][debug  ][gc,ergo        ] GC(69) avg_survived_padded_avg: 31544844.000000
[19.399s][debug  ][gc,ergo        ] GC(69) avg_promoted_padded_avg: 279581632.000000  avg_pretenured_padded_avg: 0.000000  tenuring_thresh: 1  target_size: 31981568
[19.399s][debug  ][gc,age         ] GC(69) Desired survivor size 31981568 bytes, new threshold 1 (max threshold 15)
[19.399s][debug  ][gc,ergo        ] GC(69) PSAdaptiveSizePolicy::compute_eden_space_size limits: desired_eden_size: 227778714 old_eden_size: 204472320 eden_limit: 204472320 cur_eden: 204472320 max_eden_size: 204472320 avg_young_live: 27751108
[19.399s][debug  ][gc,ergo        ] GC(69) PSAdaptiveSizePolicy::compute_eden_space_size: costs minor_time: 0.043863 major_cost: 0.033101 mutator_cost: 0.923036 throughput_goal: 0.990000
[19.399s][debug  ][gc,ergo        ] GC(69) Live_space: 939082432 free_space: 1326972928
[19.399s][debug  ][gc,ergo        ] GC(69) Old eden_size: 204472320 desired_eden_size: 204472320
[19.399s][debug  ][gc,ergo        ] GC(69) AdaptiveSizeStop: collection: 70 
[19.399s][info   ][gc,heap        ] GC(69) PSYoungGen: 229173K(230912K)->30720K(230912K) Eden: 198453K(199680K)->0K(199680K) From: 30720K(31232K)->30720K(31232K)
[19.399s][info   ][gc,heap        ] GC(69) ParOldGen: 882276K(1502208K)->933476K(1502208K)
[19.400s][info   ][gc,metaspace   ] GC(69) Metaspace: 1020K(1216K)->1020K(1216K) NonClass: 937K(1024K)->937K(1024K) Class: 83K(192K)->83K(192K)
[19.400s][info   ][gc             ] GC(69) Pause Young (Allocation Failure) 1085M->941M(1692M) 7.408ms
[19.400s][info   ][gc,cpu         ] GC(69) User=0.12s Sys=0.00s Real=0.01s
[19.400s][debug  ][gc,heap        ] GC(69) Heap after GC invocations=70 (full 10):
[19.400s][debug  ][gc,heap        ] GC(69)  PSYoungGen      total 230912K, used 30720K [0x00000007f0000000, 0x0000000800000000, 0x0000000800000000)
[19.400s][debug  ][gc,heap        ] GC(69)   eden space 199680K, 0% used [0x00000007f0000000,0x00000007f0000000,0x00000007fc300000)
[19.400s][debug  ][gc,heap        ] GC(69)   from space 31232K, 98% used [0x00000007fe180000,0x00000007fff80030,0x0000000800000000)
[19.400s][debug  ][gc,heap        ] GC(69)   to   space 31232K, 0% used [0x00000007fc300000,0x00000007fc300000,0x00000007fe180000)
[19.400s][debug  ][gc,heap        ] GC(69)  ParOldGen       total 1502208K, used 933476K [0x0000000740000000, 0x000000079bb00000, 0x00000007f0000000)
[19.400s][debug  ][gc,heap        ] GC(69)   object space 1502208K, 62% used [0x0000000740000000,0x0000000778f991a8,0x000000079bb00000)
[19.400s][debug  ][gc,heap        ] GC(69)  Metaspace       used 1020K, committed 1216K, reserved 1056768K
[19.400s][debug  ][gc,heap        ] GC(69)   class space    used 83K, committed 192K, reserved 1048576K
[19.400s][debug  ][gc,task,time   ] GC(69) VM-Thread 193918118 193979504 193997844
[19.712s][debug  ][gc,heap        ] GC(70) Heap before GC invocations=71 (full 10):
[19.712s][debug  ][gc,heap        ] GC(70)  PSYoungGen      total 230912K, used 229181K [0x00000007f0000000, 0x0000000800000000, 0x0000000800000000)
[19.712s][debug  ][gc,heap        ] GC(70)   eden space 199680K, 99% used [0x00000007f0000000,0x00000007fc1cf570,0x00000007fc300000)
[19.712s][debug  ][gc,heap        ] GC(70)   from space 31232K, 98% used [0x00000007fe180000,0x00000007fff80030,0x0000000800000000)
[19.712s][debug  ][gc,heap        ] GC(70)   to   space 31232K, 0% used [0x00000007fc300000,0x00000007fc300000,0x00000007fe180000)
[19.712s][debug  ][gc,heap        ] GC(70)  ParOldGen       total 1502208K, used 933476K [0x0000000740000000, 0x000000079bb00000, 0x00000007f0000000)
[19.712s][debug  ][gc,heap        ] GC(70)   object space 1502208K, 62% used [0x0000000740000000,0x0000000778f991a8,0x000000079bb00000)
[19.712s][debug  ][gc,heap        ] GC(70)  Metaspace       used 1020K, committed 1216K, reserved 1056768K
[19.712s][debug  ][gc,heap        ] GC(70)   class space    used 83K, committed 192K, reserved 1048576K
[19.712s][debug  ][gc,tlab        ] GC(70) TLAB totals: thrds: 1  refills: 1 max: 1 slow allocs: 18 max 18 waste: 27.6% gc: 3994688B max: 3994688B slow: 0B max: 0B
[19.712s][info   ][gc,start       ] GC(70) Pause Young (Allocation Failure)
[19.712s][debug  ][gc,phases,start] GC(70) Scavenge
[19.727s][debug  ][gc,phases      ] GC(70) Scavenge 15.061ms
[19.727s][debug  ][gc,phases,start] GC(70) Reference Processing
[19.727s][debug  ][gc,ref         ] GC(70) Skipped phase 1 of Reference Processing: no references
[19.727s][debug  ][gc,ref         ] GC(70) Skipped phase 2 of Reference Processing: no references
[19.727s][debug  ][gc,ref         ] GC(70) Skipped phase 3 of Reference Processing: no references
[19.727s][debug  ][gc,ref         ] GC(70) Skipped phase 4 of Reference Processing: no references
[19.727s][debug  ][gc,phases,ref  ] GC(70) Reference Processing: 0.1ms
[19.727s][debug  ][gc,phases,ref  ] GC(70)   Reconsider SoftReferences: 0.0ms
[19.727s][debug  ][gc,phases,ref  ] GC(70)     SoftRef (ms):                  skipped
[19.727s][debug  ][gc,phases,ref  ] GC(70)   Notify Soft/WeakReferences: 0.0ms
[19.727s][debug  ][gc,phases,ref  ] GC(70)     SoftRef (ms):                  skipped
[19.727s][debug  ][gc,phases,ref  ] GC(70)     WeakRef (ms):                  skipped
[19.727s][debug  ][gc,phases,ref  ] GC(70)     FinalRef (ms):                 skipped
[19.728s][debug  ][gc,phases,ref  ] GC(70)     Total (ms):                    skipped
[19.728s][debug  ][gc,phases,ref  ] GC(70)   Notify and keep alive finalizable: 0.0ms
[19.728s][debug  ][gc,phases,ref  ] GC(70)     FinalRef (ms):                 skipped
[19.728s][debug  ][gc,phases,ref  ] GC(70)   Notify PhantomReferences: 0.0ms
[19.728s][debug  ][gc,phases,ref  ] GC(70)     PhantomRef (ms):               skipped
[19.728s][debug  ][gc,phases,ref  ] GC(70)   SoftReference:
[19.728s][debug  ][gc,phases,ref  ] GC(70)     Discovered: 0
[19.728s][debug  ][gc,phases,ref  ] GC(70)     Cleared: 0
[19.728s][debug  ][gc,phases,ref  ] GC(70)   WeakReference:
[19.728s][debug  ][gc,phases,ref  ] GC(70)     Discovered: 0
[19.728s][debug  ][gc,phases,ref  ] GC(70)     Cleared: 0
[19.728s][debug  ][gc,phases,ref  ] GC(70)   FinalReference:
[19.728s][debug  ][gc,phases,ref  ] GC(70)     Discovered: 0
[19.728s][debug  ][gc,phases,ref  ] GC(70)     Cleared: 0
[19.728s][debug  ][gc,phases,ref  ] GC(70)   PhantomReference:
[19.728s][debug  ][gc,phases,ref  ] GC(70)     Discovered: 0
[19.728s][debug  ][gc,phases,ref  ] GC(70)     Cleared: 0
[19.728s][debug  ][gc,phases      ] GC(70) Reference Processing 0.598ms
[19.728s][debug  ][gc,phases,start] GC(70) Weak Processing
[19.728s][debug  ][gc,phases      ] GC(70)   VM Weak                        Min:  0.0, Avg:  0.0, Max:  0.0, Diff:  0.0, Sum:  0.0, Workers: 6
[19.728s][debug  ][gc,phases      ] GC(70)     Dead                           Min: 0, Avg:  0.0, Max: 0, Diff: 0, Sum: 0, Workers: 6
[19.728s][debug  ][gc,phases      ] GC(70)     Total                          Min: 0, Avg:  1.3, Max: 8, Diff: 8, Sum: 8, Workers: 6
[19.728s][debug  ][gc,phases      ] GC(70)   ObjectSynchronizer Weak        Min:  0.0, Avg:  0.0, Max:  0.0, Diff:  0.0, Sum:  0.0, Workers: 6
[19.728s][debug  ][gc,phases      ] GC(70)     Dead                           Min: 0, Avg:  0.0, Max: 0, Diff: 0, Sum: 0, Workers: 6
[19.728s][debug  ][gc,phases      ] GC(70)     Total                          Min: 0, Avg:  0.5, Max: 3, Diff: 3, Sum: 3, Workers: 6
[19.728s][debug  ][gc,phases      ] GC(70)   JVMTI Tag Weak OopStorage      Min:  0.0, Avg:  0.0, Max:  0.0, Diff:  0.0, Sum:  0.0, Workers: 6
[19.728s][debug  ][gc,phases      ] GC(70)     Dead                           Min: 0, Avg:  0.0, Max: 0, Diff: 0, Sum: 0, Workers: 6
[19.728s][debug  ][gc,phases      ] GC(70)     Total                          Min: 0, Avg:  0.0, Max: 0, Diff: 0, Sum: 0, Workers: 6
[19.728s][debug  ][gc,phases      ] GC(70)   StringTable Weak               Min:  0.0, Avg:  0.0, Max:  0.0, Diff:  0.0, Sum:  0.0, Workers: 6
[19.728s][debug  ][gc,phases      ] GC(70)     Dead                           Min: 0, Avg:  0.0, Max: 0, Diff: 0, Sum: 0, Workers: 6
[19.728s][debug  ][gc,phases      ] GC(70)     Total                          Min: 767, Avg: 892.5, Max: 1068, Diff: 301, Sum: 5355, Workers: 6
[19.728s][debug  ][gc,phases      ] GC(70)   ResolvedMethodTable Weak       Min:  0.0, Avg:  0.0, Max:  0.0, Diff:  0.0, Sum:  0.0, Workers: 6
[19.728s][debug  ][gc,phases      ] GC(70)     Dead                           Min: 0, Avg:  0.0, Max: 0, Diff: 0, Sum: 0, Workers: 6
[19.728s][debug  ][gc,phases      ] GC(70)     Total                          Min: 0, Avg: 21.7, Max: 64, Diff: 64, Sum: 130, Workers: 6
[19.728s][debug  ][gc,phases      ] GC(70)   JNI Weak                       Min:  0.0, Avg:  0.0, Max:  0.0, Diff:  0.0, Sum:  0.0, Workers: 6
[19.728s][debug  ][gc,phases      ] GC(70)     Dead                           Min: 0, Avg:  0.0, Max: 0, Diff: 0, Sum: 0, Workers: 6
[19.728s][debug  ][gc,phases      ] GC(70)     Total                          Min: 0, Avg:  0.0, Max: 0, Diff: 0, Sum: 0, Workers: 6
[19.728s][debug  ][gc,phases      ] GC(70)   StringDedup Table Weak         Min:  0.0, Avg:  0.0, Max:  0.0, Diff:  0.0, Sum:  0.0, Workers: 6
[19.728s][debug  ][gc,phases      ] GC(70)     Dead                           Min: 0, Avg:  0.0, Max: 0, Diff: 0, Sum: 0, Workers: 6
[19.728s][debug  ][gc,phases      ] GC(70)     Total                          Min: 0, Avg:  0.0, Max: 0, Diff: 0, Sum: 0, Workers: 6
[19.728s][debug  ][gc,phases      ] GC(70)   StringDedup Requests0 Weak     Min:  0.0, Avg:  0.0, Max:  0.0, Diff:  0.0, Sum:  0.0, Workers: 6
[19.728s][debug  ][gc,phases      ] GC(70)     Dead                           Min: 0, Avg:  0.0, Max: 0, Diff: 0, Sum: 0, Workers: 6
[19.729s][debug  ][gc,phases      ] GC(70)     Total                          Min: 0, Avg:  0.0, Max: 0, Diff: 0, Sum: 0, Workers: 6
[19.729s][debug  ][gc,phases      ] GC(70)   StringDedup Requests1 Weak     Min:  0.0, Avg:  0.0, Max:  0.0, Diff:  0.0, Sum:  0.0, Workers: 6
[19.729s][debug  ][gc,phases      ] GC(70)     Dead                           Min: 0, Avg:  0.0, Max: 0, Diff: 0, Sum: 0, Workers: 6
[19.729s][debug  ][gc,phases      ] GC(70)     Total                          Min: 0, Avg:  0.0, Max: 0, Diff: 0, Sum: 0, Workers: 6
[19.729s][debug  ][gc,phases      ] GC(70)   Weak JFR Old Object Samples    Min:  0.0, Avg:  0.0, Max:  0.0, Diff:  0.0, Sum:  0.0, Workers: 6
[19.729s][debug  ][gc,phases      ] GC(70)     Dead                           Min: 0, Avg:  0.0, Max: 0, Diff: 0, Sum: 0, Workers: 6
[19.729s][debug  ][gc,phases      ] GC(70)     Total                          Min: 0, Avg:  0.0, Max: 0, Diff: 0, Sum: 0, Workers: 6
[19.729s][debug  ][gc,phases      ] GC(70) Weak Processing 0.775ms
[19.729s][debug  ][gc,ergo        ] GC(70) AdaptiveSizeStart:  collection: 71 
[19.729s][debug  ][gc,ergo        ] GC(70) avg_survived_padded_avg: 31537454.000000
[19.729s][debug  ][gc,ergo        ] GC(70) avg_promoted_padded_avg: 280036736.000000  avg_pretenured_padded_avg: 0.000000  tenuring_thresh: 1  target_size: 31981568
[19.729s][debug  ][gc,age         ] GC(70) Desired survivor size 31981568 bytes, new threshold 1 (max threshold 15)
[19.729s][debug  ][gc,ergo        ] GC(70) PSAdaptiveSizePolicy::compute_eden_space_size limits: desired_eden_size: 228136441 old_eden_size: 204472320 eden_limit: 204472320 cur_eden: 204472320 max_eden_size: 204472320 avg_young_live: 28121730
[19.729s][debug  ][gc,ergo        ] GC(70) PSAdaptiveSizePolicy::compute_eden_space_size: costs minor_time: 0.045461 major_cost: 0.033101 mutator_cost: 0.921438 throughput_goal: 0.990000
[19.729s][debug  ][gc,ergo        ] GC(70) Live_space: 939453056 free_space: 1326972928
[19.729s][debug  ][gc,ergo        ] GC(70) Old eden_size: 204472320 desired_eden_size: 204472320
[19.729s][debug  ][gc,ergo        ] GC(70) AdaptiveSizeStop: collection: 71 
[19.729s][info   ][gc,heap        ] GC(70) PSYoungGen: 229181K(230912K)->30720K(230912K) Eden: 198461K(199680K)->0K(199680K) From: 30720K(31232K)->30720K(31232K)
[19.729s][info   ][gc,heap        ] GC(70) ParOldGen: 933476K(1502208K)->1128036K(1502208K)
[19.729s][info   ][gc,metaspace   ] GC(70) Metaspace: 1020K(1216K)->1020K(1216K) NonClass: 937K(1024K)->937K(1024K) Class: 83K(192K)->83K(192K)
[19.729s][info   ][gc             ] GC(70) Pause Young (Allocation Failure) 1135M->1131M(1692M) 16.863ms
[19.729s][info   ][gc,cpu         ] GC(70) User=0.16s Sys=0.00s Real=0.02s
[19.729s][debug  ][gc,heap        ] GC(70) Heap after GC invocations=71 (full 10):
[19.729s][debug  ][gc,heap        ] GC(70)  PSYoungGen      total 230912K, used 30720K [0x00000007f0000000, 0x0000000800000000, 0x0000000800000000)
[19.729s][debug  ][gc,heap        ] GC(70)   eden space 199680K, 0% used [0x00000007f0000000,0x00000007f0000000,0x00000007fc300000)
[19.729s][debug  ][gc,heap        ] GC(70)   from space 31232K, 98% used [0x00000007fc300000,0x00000007fe100030,0x00000007fe180000)
[19.729s][debug  ][gc,heap        ] GC(70)   to   space 31232K, 0% used [0x00000007fe180000,0x00000007fe180000,0x0000000800000000)
[19.729s][debug  ][gc,heap        ] GC(70)  ParOldGen       total 1502208K, used 1128036K [0x0000000740000000, 0x000000079bb00000, 0x00000007f0000000)
[19.729s][debug  ][gc,heap        ] GC(70)   object space 1502208K, 75% used [0x0000000740000000,0x0000000784d992d8,0x000000079bb00000)
[19.729s][debug  ][gc,heap        ] GC(70)  Metaspace       used 1020K, committed 1216K, reserved 1056768K
[19.729s][debug  ][gc,heap        ] GC(70)   class space    used 83K, committed 192K, reserved 1048576K
[19.729s][debug  ][gc,task,time   ] GC(70) VM-Thread 197117672 197272595 197292275
[20.029s][debug  ][gc,heap        ] GC(71) Heap before GC invocations=72 (full 10):
[20.029s][debug  ][gc,heap        ] GC(71)  PSYoungGen      total 230912K, used 229186K [0x00000007f0000000, 0x0000000800000000, 0x0000000800000000)
[20.029s][debug  ][gc,heap        ] GC(71)   eden space 199680K, 99% used [0x00000007f0000000,0x00000007fc1d0920,0x00000007fc300000)
[20.029s][debug  ][gc,heap        ] GC(71)   from space 31232K, 98% used [0x00000007fc300000,0x00000007fe100030,0x00000007fe180000)
[20.029s][debug  ][gc,heap        ] GC(71)   to   space 31232K, 0% used [0x00000007fe180000,0x00000007fe180000,0x0000000800000000)
[20.029s][debug  ][gc,heap        ] GC(71)  ParOldGen       total 1502208K, used 1128036K [0x0000000740000000, 0x000000079bb00000, 0x00000007f0000000)
[20.029s][debug  ][gc,heap        ] GC(71)   object space 1502208K, 75% used [0x0000000740000000,0x0000000784d992d8,0x000000079bb00000)
[20.029s][debug  ][gc,heap        ] GC(71)  Metaspace       used 1020K, committed 1216K, reserved 1056768K
[20.029s][debug  ][gc,heap        ] GC(71)   class space    used 83K, committed 192K, reserved 1048576K
[20.029s][debug  ][gc,tlab        ] GC(71) TLAB totals: thrds: 1  refills: 1 max: 1 slow allocs: 18 max 18 waste: 27.6% gc: 3999728B max: 3999728B slow: 0B max: 0B
[20.029s][info   ][gc,start       ] GC(71) Pause Young (Allocation Failure)
[20.029s][debug  ][gc,phases,start] GC(71) Scavenge
[20.045s][debug  ][gc,phases      ] GC(71) Scavenge 15.491ms
[20.045s][debug  ][gc,phases,start] GC(71) Reference Processing
[20.045s][debug  ][gc,ref         ] GC(71) Skipped phase 1 of Reference Processing: no references
[20.045s][debug  ][gc,ref         ] GC(71) Skipped phase 2 of Reference Processing: no references
[20.045s][debug  ][gc,ref         ] GC(71) Skipped phase 3 of Reference Processing: no references
[20.045s][debug  ][gc,ref         ] GC(71) Skipped phase 4 of Reference Processing: no references
[20.045s][debug  ][gc,phases,ref  ] GC(71) Reference Processing: 0.1ms
[20.045s][debug  ][gc,phases,ref  ] GC(71)   Reconsider SoftReferences: 0.0ms
[20.045s][debug  ][gc,phases,ref  ] GC(71)     SoftRef (ms):                  skipped
[20.045s][debug  ][gc,phases,ref  ] GC(71)   Notify Soft/WeakReferences: 0.0ms
[20.045s][debug  ][gc,phases,ref  ] GC(71)     SoftRef (ms):                  skipped
[20.045s][debug  ][gc,phases,ref  ] GC(71)     WeakRef (ms):                  skipped
[20.045s][debug  ][gc,phases,ref  ] GC(71)     FinalRef (ms):                 skipped
[20.045s][debug  ][gc,phases,ref  ] GC(71)     Total (ms):                    skipped
[20.045s][debug  ][gc,phases,ref  ] GC(71)   Notify and keep alive finalizable: 0.0ms
[20.045s][debug  ][gc,phases,ref  ] GC(71)     FinalRef (ms):                 skipped
[20.045s][debug  ][gc,phases,ref  ] GC(71)   Notify PhantomReferences: 0.0ms
[20.045s][debug  ][gc,phases,ref  ] GC(71)     PhantomRef (ms):               skipped
[20.045s][debug  ][gc,phases,ref  ] GC(71)   SoftReference:
[20.045s][debug  ][gc,phases,ref  ] GC(71)     Discovered: 0
[20.045s][debug  ][gc,phases,ref  ] GC(71)     Cleared: 0
[20.045s][debug  ][gc,phases,ref  ] GC(71)   WeakReference:
[20.045s][debug  ][gc,phases,ref  ] GC(71)     Discovered: 0
[20.045s][debug  ][gc,phases,ref  ] GC(71)     Cleared: 0
[20.045s][debug  ][gc,phases,ref  ] GC(71)   FinalReference:
[20.045s][debug  ][gc,phases,ref  ] GC(71)     Discovered: 0
[20.045s][debug  ][gc,phases,ref  ] GC(71)     Cleared: 0
[20.045s][debug  ][gc,phases,ref  ] GC(71)   PhantomReference:
[20.045s][debug  ][gc,phases,ref  ] GC(71)     Discovered: 0
[20.045s][debug  ][gc,phases,ref  ] GC(71)     Cleared: 0
[20.045s][debug  ][gc,phases      ] GC(71) Reference Processing 0.575ms
[20.045s][debug  ][gc,phases,start] GC(71) Weak Processing
[20.045s][debug  ][gc,phases      ] GC(71)   VM Weak                        Min:  0.0, Avg:  0.0, Max:  0.0, Diff:  0.0, Sum:  0.0, Workers: 6
[20.045s][debug  ][gc,phases      ] GC(71)     Dead                           Min: 0, Avg:  0.0, Max: 0, Diff: 0, Sum: 0, Workers: 6
[20.045s][debug  ][gc,phases      ] GC(71)     Total                          Min: 0, Avg:  1.3, Max: 8, Diff: 8, Sum: 8, Workers: 6
[20.045s][debug  ][gc,phases      ] GC(71)   ObjectSynchronizer Weak        Min:  0.0, Avg:  0.0, Max:  0.0, Diff:  0.0, Sum:  0.0, Workers: 6
[20.045s][debug  ][gc,phases      ] GC(71)     Dead                           Min: 0, Avg:  0.0, Max: 0, Diff: 0, Sum: 0, Workers: 6
[20.045s][debug  ][gc,phases      ] GC(71)     Total                          Min: 0, Avg:  0.5, Max: 3, Diff: 3, Sum: 3, Workers: 6
[20.046s][debug  ][gc,phases      ] GC(71)   JVMTI Tag Weak OopStorage      Min:  0.0, Avg:  0.0, Max:  0.0, Diff:  0.0, Sum:  0.0, Workers: 6
[20.046s][debug  ][gc,phases      ] GC(71)     Dead                           Min: 0, Avg:  0.0, Max: 0, Diff: 0, Sum: 0, Workers: 6
[20.046s][debug  ][gc,phases      ] GC(71)     Total                          Min: 0, Avg:  0.0, Max: 0, Diff: 0, Sum: 0, Workers: 6
[20.046s][debug  ][gc,phases      ] GC(71)   StringTable Weak               Min:  0.0, Avg:  0.0, Max:  0.0, Diff:  0.0, Sum:  0.0, Workers: 6
[20.046s][debug  ][gc,phases      ] GC(71)     Dead                           Min: 0, Avg:  0.0, Max: 0, Diff: 0, Sum: 0, Workers: 6
[20.046s][debug  ][gc,phases      ] GC(71)     Total                          Min: 640, Avg: 892.5, Max: 1024, Diff: 384, Sum: 5355, Workers: 6
[20.046s][debug  ][gc,phases      ] GC(71)   ResolvedMethodTable Weak       Min:  0.0, Avg:  0.0, Max:  0.0, Diff:  0.0, Sum:  0.0, Workers: 6
[20.046s][debug  ][gc,phases      ] GC(71)     Dead                           Min: 0, Avg:  0.0, Max: 0, Diff: 0, Sum: 0, Workers: 6
[20.046s][debug  ][gc,phases      ] GC(71)     Total                          Min: 0, Avg: 21.7, Max: 64, Diff: 64, Sum: 130, Workers: 6
[20.046s][debug  ][gc,phases      ] GC(71)   JNI Weak                       Min:  0.0, Avg:  0.0, Max:  0.0, Diff:  0.0, Sum:  0.0, Workers: 6
[20.046s][debug  ][gc,phases      ] GC(71)     Dead                           Min: 0, Avg:  0.0, Max: 0, Diff: 0, Sum: 0, Workers: 6
[20.046s][debug  ][gc,phases      ] GC(71)     Total                          Min: 0, Avg:  0.0, Max: 0, Diff: 0, Sum: 0, Workers: 6
[20.046s][debug  ][gc,phases      ] GC(71)   StringDedup Table Weak         Min:  0.0, Avg:  0.0, Max:  0.0, Diff:  0.0, Sum:  0.0, Workers: 6
[20.046s][debug  ][gc,phases      ] GC(71)     Dead                           Min: 0, Avg:  0.0, Max: 0, Diff: 0, Sum: 0, Workers: 6
[20.046s][debug  ][gc,phases      ] GC(71)     Total                          Min: 0, Avg:  0.0, Max: 0, Diff: 0, Sum: 0, Workers: 6
[20.046s][debug  ][gc,phases      ] GC(71)   StringDedup Requests0 Weak     Min:  0.0, Avg:  0.0, Max:  0.0, Diff:  0.0, Sum:  0.0, Workers: 6
[20.046s][debug  ][gc,phases      ] GC(71)     Dead                           Min: 0, Avg:  0.0, Max: 0, Diff: 0, Sum: 0, Workers: 6
[20.046s][debug  ][gc,phases      ] GC(71)     Total                          Min: 0, Avg:  0.0, Max: 0, Diff: 0, Sum: 0, Workers: 6
[20.046s][debug  ][gc,phases      ] GC(71)   StringDedup Requests1 Weak     Min:  0.0, Avg:  0.0, Max:  0.0, Diff:  0.0, Sum:  0.0, Workers: 6
[20.046s][debug  ][gc,phases      ] GC(71)     Dead                           Min: 0, Avg:  0.0, Max: 0, Diff: 0, Sum: 0, Workers: 6
[20.046s][debug  ][gc,phases      ] GC(71)     Total                          Min: 0, Avg:  0.0, Max: 0, Diff: 0, Sum: 0, Workers: 6
[20.046s][debug  ][gc,phases      ] GC(71)   Weak JFR Old Object Samples    Min:  0.0, Avg:  0.0, Max:  0.0, Diff:  0.0, Sum:  0.0, Workers: 6
[20.046s][debug  ][gc,phases      ] GC(71)     Dead                           Min: 0, Avg:  0.0, Max: 0, Diff: 0, Sum: 0, Workers: 6
[20.046s][debug  ][gc,phases      ] GC(71)     Total                          Min: 0, Avg:  0.0, Max: 0, Diff: 0, Sum: 0, Workers: 6
[20.046s][debug  ][gc,phases      ] GC(71) Weak Processing 0.714ms
[20.046s][debug  ][gc,ergo        ] GC(71) AdaptiveSizeStart:  collection: 72 
[20.046s][debug  ][gc,ergo        ] GC(71) avg_survived_padded_avg: 31530666.000000
[20.046s][debug  ][gc,ergo        ] GC(71) avg_promoted_padded_avg: 279597280.000000  avg_pretenured_padded_avg: 0.000000  tenuring_thresh: 1  target_size: 31981568
[20.046s][debug  ][gc,age         ] GC(71) Desired survivor size 31981568 bytes, new threshold 1 (max threshold 15)
[20.046s][debug  ][gc,ergo        ] GC(71) PSAdaptiveSizePolicy::compute_eden_space_size limits: desired_eden_size: 228562732 old_eden_size: 204472320 eden_limit: 204472320 cur_eden: 204472320 max_eden_size: 204472320 avg_young_live: 28455290
[20.046s][debug  ][gc,ergo        ] GC(71) PSAdaptiveSizePolicy::compute_eden_space_size: costs minor_time: 0.047454 major_cost: 0.033101 mutator_cost: 0.919445 throughput_goal: 0.990000
[20.046s][debug  ][gc,ergo        ] GC(71) Live_space: 939786624 free_space: 1326972928
[20.046s][debug  ][gc,ergo        ] GC(71) Old eden_size: 204472320 desired_eden_size: 204472320
[20.046s][debug  ][gc,ergo        ] GC(71) AdaptiveSizeStop: collection: 72 
[20.046s][info   ][gc,heap        ] GC(71) PSYoungGen: 229186K(230912K)->30720K(230912K) Eden: 198466K(199680K)->0K(199680K) From: 30720K(31232K)->30720K(31232K)
[20.046s][info   ][gc,heap        ] GC(71) ParOldGen: 1128036K(1502208K)->1322597K(1502208K)
[20.046s][info   ][gc,metaspace   ] GC(71) Metaspace: 1020K(1216K)->1020K(1216K) NonClass: 937K(1024K)->937K(1024K) Class: 83K(192K)->83K(192K)
[20.046s][info   ][gc             ] GC(71) Pause Young (Allocation Failure) 1325M->1321M(1692M) 17.261ms
[20.046s][info   ][gc,cpu         ] GC(71) User=0.16s Sys=0.00s Real=0.02s
[20.046s][debug  ][gc,heap        ] GC(71) Heap after GC invocations=72 (full 10):
[20.046s][debug  ][gc,heap        ] GC(71)  PSYoungGen      total 230912K, used 30720K [0x00000007f0000000, 0x0000000800000000, 0x0000000800000000)
[20.046s][debug  ][gc,heap        ] GC(71)   eden space 199680K, 0% used [0x00000007f0000000,0x00000007f0000000,0x00000007fc300000)
[20.046s][debug  ][gc,heap        ] GC(71)   from space 31232K, 98% used [0x00000007fe180000,0x00000007fff80030,0x0000000800000000)
[20.046s][debug  ][gc,heap        ] GC(71)   to   space 31232K, 0% used [0x00000007fc300000,0x00000007fc300000,0x00000007fe180000)
[20.046s][debug  ][gc,heap        ] GC(71)  ParOldGen       total 1502208K, used 1322597K [0x0000000740000000, 0x000000079bb00000, 0x00000007f0000000)
[20.046s][debug  ][gc,heap        ] GC(71)   object space 1502208K, 88% used [0x0000000740000000,0x0000000790b99408,0x000000079bb00000)
[20.047s][debug  ][gc,heap        ] GC(71)  Metaspace       used 1020K, committed 1216K, reserved 1056768K
[20.047s][debug  ][gc,heap        ] GC(71)   class space    used 83K, committed 192K, reserved 1048576K
[20.047s][debug  ][gc,task,time   ] GC(71) VM-Thread 200287575 200446473 200465588
[20.047s][debug  ][gc,phases,start] GC(72) Pre Compact
[20.047s][debug  ][gc,heap        ] GC(72) Heap before GC invocations=73 (full 11):
[20.047s][debug  ][gc,heap        ] GC(72)  PSYoungGen      total 230912K, used 30720K [0x00000007f0000000, 0x0000000800000000, 0x0000000800000000)
[20.047s][debug  ][gc,heap        ] GC(72)   eden space 199680K, 0% used [0x00000007f0000000,0x00000007f0000000,0x00000007fc300000)
[20.047s][debug  ][gc,heap        ] GC(72)   from space 31232K, 98% used [0x00000007fe180000,0x00000007fff80030,0x0000000800000000)
[20.047s][debug  ][gc,heap        ] GC(72)   to   space 31232K, 0% used [0x00000007fc300000,0x00000007fc300000,0x00000007fe180000)
[20.047s][debug  ][gc,heap        ] GC(72)  ParOldGen       total 1502208K, used 1322597K [0x0000000740000000, 0x000000079bb00000, 0x00000007f0000000)
[20.047s][debug  ][gc,heap        ] GC(72)   object space 1502208K, 88% used [0x0000000740000000,0x0000000790b99408,0x000000079bb00000)
[20.047s][debug  ][gc,heap        ] GC(72)  Metaspace       used 1020K, committed 1216K, reserved 1056768K
[20.047s][debug  ][gc,heap        ] GC(72)   class space    used 83K, committed 192K, reserved 1048576K
[20.047s][debug  ][gc,phases      ] GC(72) Pre Compact 0.243ms
[20.047s][info   ][gc,start       ] GC(72) Pause Full (Ergonomics)
[20.047s][info   ][gc,phases,start] GC(72) Marking Phase
[20.047s][debug  ][gc,phases,start] GC(72) Par Mark
[20.047s][debug  ][gc,phases      ] GC(72) Par Mark 0.517ms
[20.047s][debug  ][gc,phases,start] GC(72) Reference Processing
[20.047s][debug  ][gc,ref         ] GC(72) Skipped phase 1 of Reference Processing: no references
[20.048s][debug  ][gc,ref         ] GC(72) ReferenceProcessor::execute queues: 1, RefProcThreadModel::Single, marks_oops_alive: false
[20.048s][debug  ][gc,ref         ] GC(72) Skipped phase 3 of Reference Processing: no references
[20.048s][debug  ][gc,ref         ] GC(72) ReferenceProcessor::execute queues: 1, RefProcThreadModel::Single, marks_oops_alive: false
[20.048s][debug  ][gc,phases,ref  ] GC(72) Reference Processing: 0.1ms
[20.048s][debug  ][gc,phases,ref  ] GC(72)   Reconsider SoftReferences: 0.0ms
[20.048s][debug  ][gc,phases,ref  ] GC(72)     SoftRef (ms):                  skipped
[20.048s][debug  ][gc,phases,ref  ] GC(72)   Notify Soft/WeakReferences: 0.0ms
[20.048s][debug  ][gc,phases,ref  ] GC(72)     SoftRef (ms):                  Min:  0.0, Avg:  0.0, Max:  0.0, Diff:  0.0, Sum:  0.0, Workers: 10
[20.048s][debug  ][gc,phases,ref  ] GC(72)     WeakRef (ms):                  Min:  0.0, Avg:  0.0, Max:  0.0, Diff:  0.0, Sum:  0.0, Workers: 10
[20.048s][debug  ][gc,phases,ref  ] GC(72)     FinalRef (ms):                 Min:  0.0, Avg:  0.0, Max:  0.0, Diff:  0.0, Sum:  0.0, Workers: 10
[20.048s][debug  ][gc,phases,ref  ] GC(72)     Total (ms):                    Min:  0.0, Avg:  0.0, Max:  0.0, Diff:  0.0, Sum:  0.0, Workers: 10
[20.048s][debug  ][gc,phases,ref  ] GC(72)   Notify and keep alive finalizable: 0.0ms
[20.048s][debug  ][gc,phases,ref  ] GC(72)     FinalRef (ms):                 skipped
[20.048s][debug  ][gc,phases,ref  ] GC(72)   Notify PhantomReferences: 0.0ms
[20.048s][debug  ][gc,phases,ref  ] GC(72)     PhantomRef (ms):               Min:  0.0, Avg:  0.0, Max:  0.0, Diff:  0.0, Sum:  0.0, Workers: 10
[20.048s][debug  ][gc,phases,ref  ] GC(72)   SoftReference:
[20.048s][debug  ][gc,phases,ref  ] GC(72)     Discovered: 0
[20.048s][debug  ][gc,phases,ref  ] GC(72)     Cleared: 0
[20.048s][debug  ][gc,phases,ref  ] GC(72)   WeakReference:
[20.048s][debug  ][gc,phases,ref  ] GC(72)     Discovered: 52
[20.048s][debug  ][gc,phases,ref  ] GC(72)     Cleared: 52
[20.048s][debug  ][gc,phases,ref  ] GC(72)   FinalReference:
[20.048s][debug  ][gc,phases,ref  ] GC(72)     Discovered: 0
[20.048s][debug  ][gc,phases,ref  ] GC(72)     Cleared: 0
[20.048s][debug  ][gc,phases,ref  ] GC(72)   PhantomReference:
[20.048s][debug  ][gc,phases,ref  ] GC(72)     Discovered: 5
[20.048s][debug  ][gc,phases,ref  ] GC(72)     Cleared: 5
[20.048s][debug  ][gc,phases      ] GC(72) Reference Processing 0.690ms
[20.048s][debug  ][gc,phases,start] GC(72) Weak Processing
[20.048s][debug  ][gc,phases      ] GC(72)   VM Weak                        Min:  0.0, Avg:  0.0, Max:  0.0, Diff:  0.0, Sum:  0.0, Workers: 6
[20.048s][debug  ][gc,phases      ] GC(72)     Dead                           Min: 0, Avg:  0.0, Max: 0, Diff: 0, Sum: 0, Workers: 6
[20.048s][debug  ][gc,phases      ] GC(72)     Total                          Min: 0, Avg:  1.3, Max: 8, Diff: 8, Sum: 8, Workers: 6
[20.048s][debug  ][gc,phases      ] GC(72)   ObjectSynchronizer Weak        Min:  0.0, Avg:  0.0, Max:  0.0, Diff:  0.0, Sum:  0.0, Workers: 6
[20.048s][debug  ][gc,phases      ] GC(72)     Dead                           Min: 0, Avg:  0.0, Max: 0, Diff: 0, Sum: 0, Workers: 6
[20.048s][debug  ][gc,phases      ] GC(72)     Total                          Min: 0, Avg:  0.5, Max: 3, Diff: 3, Sum: 3, Workers: 6
[20.048s][debug  ][gc,phases      ] GC(72)   JVMTI Tag Weak OopStorage      Min:  0.0, Avg:  0.0, Max:  0.0, Diff:  0.0, Sum:  0.0, Workers: 6
[20.048s][debug  ][gc,phases      ] GC(72)     Dead                           Min: 0, Avg:  0.0, Max: 0, Diff: 0, Sum: 0, Workers: 6
[20.048s][debug  ][gc,phases      ] GC(72)     Total                          Min: 0, Avg:  0.0, Max: 0, Diff: 0, Sum: 0, Workers: 6
[20.048s][debug  ][gc,phases      ] GC(72)   StringTable Weak               Min:  0.0, Avg:  0.0, Max:  0.0, Diff:  0.0, Sum:  0.0, Workers: 6
[20.048s][debug  ][gc,phases      ] GC(72)     Dead                           Min: 0, Avg:  0.0, Max: 0, Diff: 0, Sum: 0, Workers: 6
[20.048s][debug  ][gc,phases      ] GC(72)     Total                          Min: 640, Avg: 892.5, Max: 1216, Diff: 576, Sum: 5355, Workers: 6
[20.048s][debug  ][gc,phases      ] GC(72)   ResolvedMethodTable Weak       Min:  0.0, Avg:  0.0, Max:  0.0, Diff:  0.0, Sum:  0.0, Workers: 6
[20.048s][debug  ][gc,phases      ] GC(72)     Dead                           Min: 0, Avg:  0.0, Max: 0, Diff: 0, Sum: 0, Workers: 6
[20.048s][debug  ][gc,phases      ] GC(72)     Total                          Min: 0, Avg: 21.7, Max: 64, Diff: 64, Sum: 130, Workers: 6
[20.049s][debug  ][gc,phases      ] GC(72)   JNI Weak                       Min:  0.0, Avg:  0.0, Max:  0.0, Diff:  0.0, Sum:  0.0, Workers: 6
[20.049s][debug  ][gc,phases      ] GC(72)     Dead                           Min: 0, Avg:  0.0, Max: 0, Diff: 0, Sum: 0, Workers: 6
[20.049s][debug  ][gc,phases      ] GC(72)     Total                          Min: 0, Avg:  0.0, Max: 0, Diff: 0, Sum: 0, Workers: 6
[20.049s][debug  ][gc,phases      ] GC(72)   StringDedup Table Weak         Min:  0.0, Avg:  0.0, Max:  0.0, Diff:  0.0, Sum:  0.0, Workers: 6
[20.049s][debug  ][gc,phases      ] GC(72)     Dead                           Min: 0, Avg:  0.0, Max: 0, Diff: 0, Sum: 0, Workers: 6
[20.049s][debug  ][gc,phases      ] GC(72)     Total                          Min: 0, Avg:  0.0, Max: 0, Diff: 0, Sum: 0, Workers: 6
[20.049s][debug  ][gc,phases      ] GC(72)   StringDedup Requests0 Weak     Min:  0.0, Avg:  0.0, Max:  0.0, Diff:  0.0, Sum:  0.0, Workers: 6
[20.049s][debug  ][gc,phases      ] GC(72)     Dead                           Min: 0, Avg:  0.0, Max: 0, Diff: 0, Sum: 0, Workers: 6
[20.049s][debug  ][gc,phases      ] GC(72)     Total                          Min: 0, Avg:  0.0, Max: 0, Diff: 0, Sum: 0, Workers: 6
[20.049s][debug  ][gc,phases      ] GC(72)   StringDedup Requests1 Weak     Min:  0.0, Avg:  0.0, Max:  0.0, Diff:  0.0, Sum:  0.0, Workers: 6
[20.049s][debug  ][gc,phases      ] GC(72)     Dead                           Min: 0, Avg:  0.0, Max: 0, Diff: 0, Sum: 0, Workers: 6
[20.049s][debug  ][gc,phases      ] GC(72)     Total                          Min: 0, Avg:  0.0, Max: 0, Diff: 0, Sum: 0, Workers: 6
[20.049s][debug  ][gc,phases      ] GC(72)   Weak JFR Old Object Samples    Min:  0.0, Avg:  0.0, Max:  0.0, Diff:  0.0, Sum:  0.0, Workers: 6
[20.049s][debug  ][gc,phases      ] GC(72)     Dead                           Min: 0, Avg:  0.0, Max: 0, Diff: 0, Sum: 0, Workers: 6
[20.049s][debug  ][gc,phases      ] GC(72)     Total                          Min: 0, Avg:  0.0, Max: 0, Diff: 0, Sum: 0, Workers: 6
[20.049s][debug  ][gc,phases      ] GC(72) Weak Processing 0.665ms
[20.049s][debug  ][gc,phases,start] GC(72) Class Unloading
[20.049s][debug  ][gc,phases,start] GC(72) ClassLoaderData
[20.049s][debug  ][gc,phases      ] GC(72) ClassLoaderData 0.019ms
[20.049s][debug  ][gc,phases,start] GC(72) Trigger cleanups
[20.049s][debug  ][gc,phases      ] GC(72) Trigger cleanups 0.019ms
[20.049s][debug  ][gc,phases      ] GC(72) Class Unloading 0.249ms
[20.049s][info   ][gc,phases      ] GC(72) Marking Phase 2.237ms
[20.049s][info   ][gc,phases,start] GC(72) Summary Phase
[20.049s][info   ][gc,phases      ] GC(72) Summary Phase 0.034ms
[20.049s][info   ][gc,phases,start] GC(72) Adjust Roots
[20.049s][info   ][gc,phases      ] GC(72) Adjust Roots 0.140ms
[20.049s][info   ][gc,phases,start] GC(72) Compaction Phase
[20.102s][info   ][gc,phases      ] GC(72) Compaction Phase 52.242ms
[20.102s][info   ][gc,phases,start] GC(72) Post Compact
[20.107s][info   ][gc,phases      ] GC(72) Post Compact 4.863ms
[20.107s][debug  ][gc,ergo        ] GC(72) AdaptiveSizeStart: collection: 73 
[20.107s][debug  ][gc,ergo        ] GC(72) PSAdaptiveSizePolicy::compute_eden_space_size limits: desired_eden_size: 229110068 old_eden_size: 204472320 eden_limit: 204472320 cur_eden: 204472320 max_eden_size: 204472320 avg_young_live: 25609762
[20.107s][debug  ][gc,ergo        ] GC(72) PSAdaptiveSizePolicy::compute_eden_space_size: costs minor_time: 0.047454 major_cost: 0.031312 mutator_cost: 0.921234 throughput_goal: 0.990000
[20.107s][debug  ][gc,ergo        ] GC(72) Live_space: 936941056 free_space: 1326972928
[20.107s][debug  ][gc,ergo        ] GC(72) Old eden_size: 204472320 desired_eden_size: 204472320
[20.107s][debug  ][gc,ergo        ] GC(72) PSAdaptiveSizePolicy::compute_old_gen_free_space: costs minor_time: 0.047454 major_cost: 0.031312  mutator_cost: 0.921234 throughput_goal: 0.990000
[20.107s][debug  ][gc,ergo        ] GC(72) Live_space: 921053440 free_space: 1326972928
[20.107s][debug  ][gc,ergo        ] GC(72) Old promo_size: 1122500608 desired_promo_size: 1221066752
[20.108s][debug  ][gc             ] GC(72) Expanding ParOldGen from 1502208K by 436224K to 1938432K
[20.108s][debug  ][gc,ergo        ] GC(72) AdaptiveSizeStop: collection: 73 
[20.108s][info   ][gc,heap        ] GC(72) PSYoungGen: 30720K(230912K)->0K(230912K) Eden: 0K(199680K)->0K(199680K) From: 30720K(31232K)->0K(31232K)
[20.108s][info   ][gc,heap        ] GC(72) ParOldGen: 1322597K(1502208K)->472675K(1938432K)
[20.108s][info   ][gc,metaspace   ] GC(72) Metaspace: 1020K(1216K)->1020K(1216K) NonClass: 937K(1024K)->937K(1024K) Class: 83K(192K)->83K(192K)
[20.108s][info   ][gc             ] GC(72) Pause Full (Ergonomics) 1321M->461M(2118M) 61.220ms
[20.108s][info   ][gc,cpu         ] GC(72) User=0.52s Sys=0.00s Real=0.06s
[20.108s][debug  ][gc,heap        ] GC(72) Heap after GC invocations=73 (full 11):
[20.108s][debug  ][gc,heap        ] GC(72)  PSYoungGen      total 230912K, used 0K [0x00000007f0000000, 0x0000000800000000, 0x0000000800000000)
[20.108s][debug  ][gc,heap        ] GC(72)   eden space 199680K, 0% used [0x00000007f0000000,0x00000007f0000000,0x00000007fc300000)
[20.108s][debug  ][gc,heap        ] GC(72)   from space 31232K, 0% used [0x00000007fc300000,0x00000007fc300000,0x00000007fe180000)
[20.108s][debug  ][gc,heap        ] GC(72)   to   space 31232K, 0% used [0x00000007fe180000,0x00000007fe180000,0x0000000800000000)
[20.108s][debug  ][gc,heap        ] GC(72)  ParOldGen       total 1938432K, used 472675K [0x0000000740000000, 0x00000007b6500000, 0x00000007f0000000)
[20.108s][debug  ][gc,heap        ] GC(72)   object space 1938432K, 24% used [0x0000000740000000,0x000000075cd98ed8,0x00000007b6500000)
[20.108s][debug  ][gc,heap        ] GC(72)  Metaspace       used 1020K, committed 1216K, reserved 1056768K
[20.108s][debug  ][gc,heap        ] GC(72)   class space    used 83K, committed 192K, reserved 1048576K
[20.108s][debug  ][gc,task,time   ] GC(72) VM-Thread 200468712 200493800 201081228
[20.410s][debug  ][gc,heap        ] GC(73) Heap before GC invocations=74 (full 11):
[20.410s][debug  ][gc,heap        ] GC(73)  PSYoungGen      total 230912K, used 198469K [0x00000007f0000000, 0x0000000800000000, 0x0000000800000000)
[20.410s][debug  ][gc,heap        ] GC(73)   eden space 199680K, 99% used [0x00000007f0000000,0x00000007fc1d15c0,0x00000007fc300000)
[20.410s][debug  ][gc,heap        ] GC(73)   from space 31232K, 0% used [0x00000007fc300000,0x00000007fc300000,0x00000007fe180000)
[20.410s][debug  ][gc,heap        ] GC(73)   to   space 31232K, 0% used [0x00000007fe180000,0x00000007fe180000,0x0000000800000000)
[20.410s][debug  ][gc,heap        ] GC(73)  ParOldGen       total 1938432K, used 472675K [0x0000000740000000, 0x00000007b6500000, 0x00000007f0000000)
[20.410s][debug  ][gc,heap        ] GC(73)   object space 1938432K, 24% used [0x0000000740000000,0x000000075cd98ed8,0x00000007b6500000)
[20.410s][debug  ][gc,heap        ] GC(73)  Metaspace       used 1020K, committed 1216K, reserved 1056768K
[20.410s][debug  ][gc,heap        ] GC(73)   class space    used 83K, committed 192K, reserved 1048576K
[20.410s][debug  ][gc,tlab        ] GC(73) TLAB totals: thrds: 1  refills: 1 max: 1 slow allocs: 18 max 18 waste: 27.6% gc: 4002960B max: 4002960B slow: 0B max: 0B
[20.410s][info   ][gc,start       ] GC(73) Pause Young (Allocation Failure)
[20.410s][debug  ][gc,phases,start] GC(73) Scavenge
[20.423s][debug  ][gc,phases      ] GC(73) Scavenge 13.288ms
[20.424s][debug  ][gc,phases,start] GC(73) Reference Processing
[20.424s][debug  ][gc,ref         ] GC(73) Skipped phase 1 of Reference Processing: no references
[20.424s][debug  ][gc,ref         ] GC(73) Skipped phase 2 of Reference Processing: no references
[20.424s][debug  ][gc,ref         ] GC(73) Skipped phase 3 of Reference Processing: no references
[20.424s][debug  ][gc,ref         ] GC(73) Skipped phase 4 of Reference Processing: no references
[20.424s][debug  ][gc,phases,ref  ] GC(73) Reference Processing: 0.1ms
[20.424s][debug  ][gc,phases,ref  ] GC(73)   Reconsider SoftReferences: 0.0ms
[20.424s][debug  ][gc,phases,ref  ] GC(73)     SoftRef (ms):                  skipped
[20.424s][debug  ][gc,phases,ref  ] GC(73)   Notify Soft/WeakReferences: 0.0ms
[20.424s][debug  ][gc,phases,ref  ] GC(73)     SoftRef (ms):                  skipped
[20.424s][debug  ][gc,phases,ref  ] GC(73)     WeakRef (ms):                  skipped
[20.424s][debug  ][gc,phases,ref  ] GC(73)     FinalRef (ms):                 skipped
[20.424s][debug  ][gc,phases,ref  ] GC(73)     Total (ms):                    skipped
[20.424s][debug  ][gc,phases,ref  ] GC(73)   Notify and keep alive finalizable: 0.0ms
[20.424s][debug  ][gc,phases,ref  ] GC(73)     FinalRef (ms):                 skipped
[20.424s][debug  ][gc,phases,ref  ] GC(73)   Notify PhantomReferences: 0.0ms
[20.424s][debug  ][gc,phases,ref  ] GC(73)     PhantomRef (ms):               skipped
[20.424s][debug  ][gc,phases,ref  ] GC(73)   SoftReference:
[20.424s][debug  ][gc,phases,ref  ] GC(73)     Discovered: 0
[20.424s][debug  ][gc,phases,ref  ] GC(73)     Cleared: 0
[20.424s][debug  ][gc,phases,ref  ] GC(73)   WeakReference:
[20.424s][debug  ][gc,phases,ref  ] GC(73)     Discovered: 0
[20.424s][debug  ][gc,phases,ref  ] GC(73)     Cleared: 0
[20.424s][debug  ][gc,phases,ref  ] GC(73)   FinalReference:
[20.424s][debug  ][gc,phases,ref  ] GC(73)     Discovered: 0
[20.424s][debug  ][gc,phases,ref  ] GC(73)     Cleared: 0
[20.424s][debug  ][gc,phases,ref  ] GC(73)   PhantomReference:
[20.424s][debug  ][gc,phases,ref  ] GC(73)     Discovered: 0
[20.424s][debug  ][gc,phases,ref  ] GC(73)     Cleared: 0
[20.424s][debug  ][gc,phases      ] GC(73) Reference Processing 0.675ms
[20.424s][debug  ][gc,phases,start] GC(73) Weak Processing
[20.424s][debug  ][gc,phases      ] GC(73)   VM Weak                        Min:  0.0, Avg:  0.0, Max:  0.0, Diff:  0.0, Sum:  0.0, Workers: 6
[20.424s][debug  ][gc,phases      ] GC(73)     Dead                           Min: 0, Avg:  0.0, Max: 0, Diff: 0, Sum: 0, Workers: 6
[20.424s][debug  ][gc,phases      ] GC(73)     Total                          Min: 0, Avg:  1.3, Max: 8, Diff: 8, Sum: 8, Workers: 6
[20.424s][debug  ][gc,phases      ] GC(73)   ObjectSynchronizer Weak        Min:  0.0, Avg:  0.0, Max:  0.0, Diff:  0.0, Sum:  0.0, Workers: 6
[20.424s][debug  ][gc,phases      ] GC(73)     Dead                           Min: 0, Avg:  0.0, Max: 0, Diff: 0, Sum: 0, Workers: 6
[20.424s][debug  ][gc,phases      ] GC(73)     Total                          Min: 0, Avg:  0.5, Max: 3, Diff: 3, Sum: 3, Workers: 6
[20.424s][debug  ][gc,phases      ] GC(73)   JVMTI Tag Weak OopStorage      Min:  0.0, Avg:  0.0, Max:  0.0, Diff:  0.0, Sum:  0.0, Workers: 6
[20.424s][debug  ][gc,phases      ] GC(73)     Dead                           Min: 0, Avg:  0.0, Max: 0, Diff: 0, Sum: 0, Workers: 6
[20.424s][debug  ][gc,phases      ] GC(73)     Total                          Min: 0, Avg:  0.0, Max: 0, Diff: 0, Sum: 0, Workers: 6
[20.425s][debug  ][gc,phases      ] GC(73)   StringTable Weak               Min:  0.0, Avg:  0.0, Max:  0.0, Diff:  0.0, Sum:  0.0, Workers: 6
[20.425s][debug  ][gc,phases      ] GC(73)     Dead                           Min: 0, Avg:  0.0, Max: 0, Diff: 0, Sum: 0, Workers: 6
[20.425s][debug  ][gc,phases      ] GC(73)     Total                          Min: 767, Avg: 892.5, Max: 1216, Diff: 449, Sum: 5355, Workers: 6
[20.425s][debug  ][gc,phases      ] GC(73)   ResolvedMethodTable Weak       Min:  0.0, Avg:  0.0, Max:  0.0, Diff:  0.0, Sum:  0.0, Workers: 6
[20.425s][debug  ][gc,phases      ] GC(73)     Dead                           Min: 0, Avg:  0.0, Max: 0, Diff: 0, Sum: 0, Workers: 6
[20.425s][debug  ][gc,phases      ] GC(73)     Total                          Min: 0, Avg: 21.7, Max: 64, Diff: 64, Sum: 130, Workers: 6
[20.425s][debug  ][gc,phases      ] GC(73)   JNI Weak                       Min:  0.0, Avg:  0.0, Max:  0.0, Diff:  0.0, Sum:  0.0, Workers: 6
[20.425s][debug  ][gc,phases      ] GC(73)     Dead                           Min: 0, Avg:  0.0, Max: 0, Diff: 0, Sum: 0, Workers: 6
[20.425s][debug  ][gc,phases      ] GC(73)     Total                          Min: 0, Avg:  0.0, Max: 0, Diff: 0, Sum: 0, Workers: 6
[20.425s][debug  ][gc,phases      ] GC(73)   StringDedup Table Weak         Min:  0.0, Avg:  0.0, Max:  0.0, Diff:  0.0, Sum:  0.0, Workers: 6
[20.425s][debug  ][gc,phases      ] GC(73)     Dead                           Min: 0, Avg:  0.0, Max: 0, Diff: 0, Sum: 0, Workers: 6
[20.425s][debug  ][gc,phases      ] GC(73)     Total                          Min: 0, Avg:  0.0, Max: 0, Diff: 0, Sum: 0, Workers: 6
[20.425s][debug  ][gc,phases      ] GC(73)   StringDedup Requests0 Weak     Min:  0.0, Avg:  0.0, Max:  0.0, Diff:  0.0, Sum:  0.0, Workers: 6
[20.425s][debug  ][gc,phases      ] GC(73)     Dead                           Min: 0, Avg:  0.0, Max: 0, Diff: 0, Sum: 0, Workers: 6
[20.425s][debug  ][gc,phases      ] GC(73)     Total                          Min: 0, Avg:  0.0, Max: 0, Diff: 0, Sum: 0, Workers: 6
[20.425s][debug  ][gc,phases      ] GC(73)   StringDedup Requests1 Weak     Min:  0.0, Avg:  0.0, Max:  0.0, Diff:  0.0, Sum:  0.0, Workers: 6
[20.425s][debug  ][gc,phases      ] GC(73)     Dead                           Min: 0, Avg:  0.0, Max: 0, Diff: 0, Sum: 0, Workers: 6
[20.425s][debug  ][gc,phases      ] GC(73)     Total                          Min: 0, Avg:  0.0, Max: 0, Diff: 0, Sum: 0, Workers: 6
[20.425s][debug  ][gc,phases      ] GC(73)   Weak JFR Old Object Samples    Min:  0.0, Avg:  0.0, Max:  0.0, Diff:  0.0, Sum:  0.0, Workers: 6
[20.425s][debug  ][gc,phases      ] GC(73)     Dead                           Min: 0, Avg:  0.0, Max: 0, Diff: 0, Sum: 0, Workers: 6
[20.425s][debug  ][gc,phases      ] GC(73)     Total                          Min: 0, Avg:  0.0, Max: 0, Diff: 0, Sum: 0, Workers: 6
[20.425s][debug  ][gc,phases      ] GC(73) Weak Processing 0.788ms
[20.425s][debug  ][gc,ergo        ] GC(73) AdaptiveSizeStart:  collection: 74 
[20.425s][debug  ][gc,ergo        ] GC(73) avg_survived_padded_avg: 31524434.000000
[20.425s][debug  ][gc,ergo        ] GC(73) avg_promoted_padded_avg: 270031168.000000  avg_pretenured_padded_avg: 0.000000  tenuring_thresh: 1  target_size: 31981568
[20.425s][debug  ][gc,age         ] GC(73) Desired survivor size 31981568 bytes, new threshold 1 (max threshold 15)
[20.425s][debug  ][gc,ergo        ] GC(73) PSAdaptiveSizePolicy::compute_eden_space_size limits: desired_eden_size: 228675669 old_eden_size: 204472320 eden_limit: 204472320 cur_eden: 204472320 max_eden_size: 204472320 avg_young_live: 26194518
[20.425s][debug  ][gc,ergo        ] GC(73) PSAdaptiveSizePolicy::compute_eden_space_size: costs minor_time: 0.045404 major_cost: 0.031312 mutator_cost: 0.923284 throughput_goal: 0.990000
[20.425s][debug  ][gc,ergo        ] GC(73) Live_space: 921638272 free_space: 1425539072
[20.425s][debug  ][gc,ergo        ] GC(73) Old eden_size: 204472320 desired_eden_size: 204472320
[20.425s][debug  ][gc,ergo        ] GC(73) AdaptiveSizeStop: collection: 74 
[20.425s][info   ][gc,heap        ] GC(73) PSYoungGen: 198469K(230912K)->30720K(230912K) Eden: 198469K(199680K)->0K(199680K) From: 0K(31232K)->30720K(31232K)
[20.425s][info   ][gc,heap        ] GC(73) ParOldGen: 472675K(1938432K)->636515K(1938432K)
[20.425s][info   ][gc,metaspace   ] GC(73) Metaspace: 1020K(1216K)->1020K(1216K) NonClass: 937K(1024K)->937K(1024K) Class: 83K(192K)->83K(192K)
[20.425s][info   ][gc             ] GC(73) Pause Young (Allocation Failure) 655M->651M(2118M) 15.222ms
[20.425s][info   ][gc,cpu         ] GC(73) User=0.16s Sys=0.00s Real=0.01s
[20.425s][debug  ][gc,heap        ] GC(73) Heap after GC invocations=74 (full 11):
[20.425s][debug  ][gc,heap        ] GC(73)  PSYoungGen      total 230912K, used 30720K [0x00000007f0000000, 0x0000000800000000, 0x0000000800000000)
[20.425s][debug  ][gc,heap        ] GC(73)   eden space 199680K, 0% used [0x00000007f0000000,0x00000007f0000000,0x00000007fc300000)
[20.425s][debug  ][gc,heap        ] GC(73)   from space 31232K, 98% used [0x00000007fe180000,0x00000007fff80030,0x0000000800000000)
[20.425s][debug  ][gc,heap        ] GC(73)   to   space 31232K, 0% used [0x00000007fc300000,0x00000007fc300000,0x00000007fe180000)
[20.426s][debug  ][gc,heap        ] GC(73)  ParOldGen       total 1938432K, used 636515K [0x0000000740000000, 0x00000007b6500000, 0x00000007f0000000)
[20.426s][debug  ][gc,heap        ] GC(73)   object space 1938432K, 32% used [0x0000000740000000,0x0000000766d98fd8,0x00000007b6500000)
[20.426s][debug  ][gc,heap        ] GC(73)  Metaspace       used 1020K, committed 1216K, reserved 1056768K
[20.426s][debug  ][gc,heap        ] GC(73)   class space    used 83K, committed 192K, reserved 1048576K
[20.426s][debug  ][gc,task,time   ] GC(73) VM-Thread 204097072 204235388 204256082
[20.725s][debug  ][gc,heap        ] GC(74) Heap before GC invocations=75 (full 11):
[20.725s][debug  ][gc,heap        ] GC(74)  PSYoungGen      total 230912K, used 229119K [0x00000007f0000000, 0x0000000800000000, 0x0000000800000000)
[20.725s][debug  ][gc,heap        ] GC(74)   eden space 199680K, 99% used [0x00000007f0000000,0x00000007fc1bfd60,0x00000007fc300000)
[20.725s][debug  ][gc,heap        ] GC(74)   from space 31232K, 98% used [0x00000007fe180000,0x00000007fff80030,0x0000000800000000)
[20.725s][debug  ][gc,heap        ] GC(74)   to   space 31232K, 0% used [0x00000007fc300000,0x00000007fc300000,0x00000007fe180000)
[20.725s][debug  ][gc,heap        ] GC(74)  ParOldGen       total 1938432K, used 636515K [0x0000000740000000, 0x00000007b6500000, 0x00000007f0000000)
[20.725s][debug  ][gc,heap        ] GC(74)   object space 1938432K, 32% used [0x0000000740000000,0x0000000766d98fd8,0x00000007b6500000)
[20.725s][debug  ][gc,heap        ] GC(74)  Metaspace       used 1020K, committed 1216K, reserved 1056768K
[20.725s][debug  ][gc,heap        ] GC(74)   class space    used 83K, committed 192K, reserved 1048576K
[20.725s][debug  ][gc,tlab        ] GC(74) TLAB totals: thrds: 1  refills: 1 max: 1 slow allocs: 18 max 18 waste: 27.3% gc: 3931184B max: 3931184B slow: 0B max: 0B
[20.725s][info   ][gc,start       ] GC(74) Pause Young (Allocation Failure)
[20.725s][debug  ][gc,phases,start] GC(74) Scavenge
[20.740s][debug  ][gc,phases      ] GC(74) Scavenge 15.141ms
[20.740s][debug  ][gc,phases,start] GC(74) Reference Processing
[20.741s][debug  ][gc,ref         ] GC(74) Skipped phase 1 of Reference Processing: no references
[20.741s][debug  ][gc,ref         ] GC(74) Skipped phase 2 of Reference Processing: no references
[20.741s][debug  ][gc,ref         ] GC(74) Skipped phase 3 of Reference Processing: no references
[20.741s][debug  ][gc,ref         ] GC(74) Skipped phase 4 of Reference Processing: no references
[20.741s][debug  ][gc,phases,ref  ] GC(74) Reference Processing: 0.1ms
[20.741s][debug  ][gc,phases,ref  ] GC(74)   Reconsider SoftReferences: 0.0ms
[20.741s][debug  ][gc,phases,ref  ] GC(74)     SoftRef (ms):                  skipped
[20.741s][debug  ][gc,phases,ref  ] GC(74)   Notify Soft/WeakReferences: 0.0ms
[20.741s][debug  ][gc,phases,ref  ] GC(74)     SoftRef (ms):                  skipped
[20.741s][debug  ][gc,phases,ref  ] GC(74)     WeakRef (ms):                  skipped
[20.741s][debug  ][gc,phases,ref  ] GC(74)     FinalRef (ms):                 skipped
[20.741s][debug  ][gc,phases,ref  ] GC(74)     Total (ms):                    skipped
[20.741s][debug  ][gc,phases,ref  ] GC(74)   Notify and keep alive finalizable: 0.0ms
[20.741s][debug  ][gc,phases,ref  ] GC(74)     FinalRef (ms):                 skipped
[20.741s][debug  ][gc,phases,ref  ] GC(74)   Notify PhantomReferences: 0.0ms
[20.741s][debug  ][gc,phases,ref  ] GC(74)     PhantomRef (ms):               skipped
[20.741s][debug  ][gc,phases,ref  ] GC(74)   SoftReference:
[20.741s][debug  ][gc,phases,ref  ] GC(74)     Discovered: 0
[20.741s][debug  ][gc,phases,ref  ] GC(74)     Cleared: 0
[20.741s][debug  ][gc,phases,ref  ] GC(74)   WeakReference:
[20.741s][debug  ][gc,phases,ref  ] GC(74)     Discovered: 0
[20.741s][debug  ][gc,phases,ref  ] GC(74)     Cleared: 0
[20.741s][debug  ][gc,phases,ref  ] GC(74)   FinalReference:
[20.741s][debug  ][gc,phases,ref  ] GC(74)     Discovered: 0
[20.741s][debug  ][gc,phases,ref  ] GC(74)     Cleared: 0
[20.741s][debug  ][gc,phases,ref  ] GC(74)   PhantomReference:
[20.741s][debug  ][gc,phases,ref  ] GC(74)     Discovered: 0
[20.741s][debug  ][gc,phases,ref  ] GC(74)     Cleared: 0
[20.741s][debug  ][gc,phases      ] GC(74) Reference Processing 0.661ms
[20.741s][debug  ][gc,phases,start] GC(74) Weak Processing
[20.741s][debug  ][gc,phases      ] GC(74)   VM Weak                        Min:  0.0, Avg:  0.0, Max:  0.0, Diff:  0.0, Sum:  0.0, Workers: 6
[20.741s][debug  ][gc,phases      ] GC(74)     Dead                           Min: 0, Avg:  0.0, Max: 0, Diff: 0, Sum: 0, Workers: 6
[20.741s][debug  ][gc,phases      ] GC(74)     Total                          Min: 0, Avg:  1.3, Max: 8, Diff: 8, Sum: 8, Workers: 6
[20.741s][debug  ][gc,phases      ] GC(74)   ObjectSynchronizer Weak        Min:  0.0, Avg:  0.0, Max:  0.0, Diff:  0.0, Sum:  0.0, Workers: 6
[20.741s][debug  ][gc,phases      ] GC(74)     Dead                           Min: 0, Avg:  0.0, Max: 0, Diff: 0, Sum: 0, Workers: 6
[20.741s][debug  ][gc,phases      ] GC(74)     Total                          Min: 0, Avg:  0.5, Max: 3, Diff: 3, Sum: 3, Workers: 6
[20.741s][debug  ][gc,phases      ] GC(74)   JVMTI Tag Weak OopStorage      Min:  0.0, Avg:  0.0, Max:  0.0, Diff:  0.0, Sum:  0.0, Workers: 6
[20.741s][debug  ][gc,phases      ] GC(74)     Dead                           Min: 0, Avg:  0.0, Max: 0, Diff: 0, Sum: 0, Workers: 6
[20.741s][debug  ][gc,phases      ] GC(74)     Total                          Min: 0, Avg:  0.0, Max: 0, Diff: 0, Sum: 0, Workers: 6
[20.741s][debug  ][gc,phases      ] GC(74)   StringTable Weak               Min:  0.0, Avg:  0.0, Max:  0.0, Diff:  0.0, Sum:  0.0, Workers: 6
[20.741s][debug  ][gc,phases      ] GC(74)     Dead                           Min: 0, Avg:  0.0, Max: 0, Diff: 0, Sum: 0, Workers: 6
[20.741s][debug  ][gc,phases      ] GC(74)     Total                          Min: 767, Avg: 892.5, Max: 1088, Diff: 321, Sum: 5355, Workers: 6
[20.741s][debug  ][gc,phases      ] GC(74)   ResolvedMethodTable Weak       Min:  0.0, Avg:  0.0, Max:  0.0, Diff:  0.0, Sum:  0.0, Workers: 6
[20.742s][debug  ][gc,phases      ] GC(74)     Dead                           Min: 0, Avg:  0.0, Max: 0, Diff: 0, Sum: 0, Workers: 6
[20.742s][debug  ][gc,phases      ] GC(74)     Total                          Min: 0, Avg: 21.7, Max: 64, Diff: 64, Sum: 130, Workers: 6
[20.742s][debug  ][gc,phases      ] GC(74)   JNI Weak                       Min:  0.0, Avg:  0.0, Max:  0.0, Diff:  0.0, Sum:  0.0, Workers: 6
[20.742s][debug  ][gc,phases      ] GC(74)     Dead                           Min: 0, Avg:  0.0, Max: 0, Diff: 0, Sum: 0, Workers: 6
[20.742s][debug  ][gc,phases      ] GC(74)     Total                          Min: 0, Avg:  0.0, Max: 0, Diff: 0, Sum: 0, Workers: 6
[20.742s][debug  ][gc,phases      ] GC(74)   StringDedup Table Weak         Min:  0.0, Avg:  0.0, Max:  0.0, Diff:  0.0, Sum:  0.0, Workers: 6
[20.742s][debug  ][gc,phases      ] GC(74)     Dead                           Min: 0, Avg:  0.0, Max: 0, Diff: 0, Sum: 0, Workers: 6
[20.742s][debug  ][gc,phases      ] GC(74)     Total                          Min: 0, Avg:  0.0, Max: 0, Diff: 0, Sum: 0, Workers: 6
[20.742s][debug  ][gc,phases      ] GC(74)   StringDedup Requests0 Weak     Min:  0.0, Avg:  0.0, Max:  0.0, Diff:  0.0, Sum:  0.0, Workers: 6
[20.742s][debug  ][gc,phases      ] GC(74)     Dead                           Min: 0, Avg:  0.0, Max: 0, Diff: 0, Sum: 0, Workers: 6
[20.742s][debug  ][gc,phases      ] GC(74)     Total                          Min: 0, Avg:  0.0, Max: 0, Diff: 0, Sum: 0, Workers: 6
[20.742s][debug  ][gc,phases      ] GC(74)   StringDedup Requests1 Weak     Min:  0.0, Avg:  0.0, Max:  0.0, Diff:  0.0, Sum:  0.0, Workers: 6
[20.742s][debug  ][gc,phases      ] GC(74)     Dead                           Min: 0, Avg:  0.0, Max: 0, Diff: 0, Sum: 0, Workers: 6
[20.742s][debug  ][gc,phases      ] GC(74)     Total                          Min: 0, Avg:  0.0, Max: 0, Diff: 0, Sum: 0, Workers: 6
[20.742s][debug  ][gc,phases      ] GC(74)   Weak JFR Old Object Samples    Min:  0.0, Avg:  0.0, Max:  0.0, Diff:  0.0, Sum:  0.0, Workers: 6
[20.742s][debug  ][gc,phases      ] GC(74)     Dead                           Min: 0, Avg:  0.0, Max: 0, Diff: 0, Sum: 0, Workers: 6
[20.742s][debug  ][gc,phases      ] GC(74)     Total                          Min: 0, Avg:  0.0, Max: 0, Diff: 0, Sum: 0, Workers: 6
[20.742s][debug  ][gc,phases      ] GC(74) Weak Processing 0.705ms
[20.742s][debug  ][gc,ergo        ] GC(74) AdaptiveSizeStart:  collection: 75 
[20.742s][debug  ][gc,ergo        ] GC(74) avg_survived_padded_avg: 31518716.000000
[20.742s][debug  ][gc,ergo        ] GC(74) avg_promoted_padded_avg: 269989760.000000  avg_pretenured_padded_avg: 0.000000  tenuring_thresh: 1  target_size: 31981568
[20.742s][debug  ][gc,age         ] GC(74) Desired survivor size 31981568 bytes, new threshold 1 (max threshold 15)
[20.742s][debug  ][gc,ergo        ] GC(74) PSAdaptiveSizePolicy::compute_eden_space_size limits: desired_eden_size: 229051167 old_eden_size: 204472320 eden_limit: 204472320 cur_eden: 204472320 max_eden_size: 204472320 avg_young_live: 26720798
[20.742s][debug  ][gc,ergo        ] GC(74) PSAdaptiveSizePolicy::compute_eden_space_size: costs minor_time: 0.047170 major_cost: 0.031312 mutator_cost: 0.921519 throughput_goal: 0.990000
[20.742s][debug  ][gc,ergo        ] GC(74) Live_space: 922164480 free_space: 1425539072
[20.742s][debug  ][gc,ergo        ] GC(74) Old eden_size: 204472320 desired_eden_size: 204472320
[20.742s][debug  ][gc,ergo        ] GC(74) AdaptiveSizeStop: collection: 75 
[20.742s][info   ][gc,heap        ] GC(74) PSYoungGen: 229119K(230912K)->30720K(230912K) Eden: 198399K(199680K)->0K(199680K) From: 30720K(31232K)->30720K(31232K)
[20.742s][info   ][gc,heap        ] GC(74) ParOldGen: 636515K(1938432K)->831076K(1938432K)
[20.742s][info   ][gc,metaspace   ] GC(74) Metaspace: 1020K(1216K)->1020K(1216K) NonClass: 937K(1024K)->937K(1024K) Class: 83K(192K)->83K(192K)
[20.742s][info   ][gc             ] GC(74) Pause Young (Allocation Failure) 845M->841M(2118M) 16.938ms
[20.742s][info   ][gc,cpu         ] GC(74) User=0.08s Sys=0.00s Real=0.02s
[20.742s][debug  ][gc,heap        ] GC(74) Heap after GC invocations=75 (full 11):
[20.742s][debug  ][gc,heap        ] GC(74)  PSYoungGen      total 230912K, used 30720K [0x00000007f0000000, 0x0000000800000000, 0x0000000800000000)
[20.742s][debug  ][gc,heap        ] GC(74)   eden space 199680K, 0% used [0x00000007f0000000,0x00000007f0000000,0x00000007fc300000)
[20.742s][debug  ][gc,heap        ] GC(74)   from space 31232K, 98% used [0x00000007fc300000,0x00000007fe100030,0x00000007fe180000)
[20.742s][debug  ][gc,heap        ] GC(74)   to   space 31232K, 0% used [0x00000007fe180000,0x00000007fe180000,0x0000000800000000)
[20.742s][debug  ][gc,heap        ] GC(74)  ParOldGen       total 1938432K, used 831076K [0x0000000740000000, 0x00000007b6500000, 0x00000007f0000000)
[20.742s][debug  ][gc,heap        ] GC(74)   object space 1938432K, 42% used [0x0000000740000000,0x0000000772b99108,0x00000007b6500000)
[20.742s][debug  ][gc,heap        ] GC(74)  Metaspace       used 1020K, committed 1216K, reserved 1056768K
[20.742s][debug  ][gc,heap        ] GC(74)   class space    used 83K, committed 192K, reserved 1048576K
[20.742s][debug  ][gc,task,time   ] GC(74) VM-Thread 207248036 207404795 207423919
[21.042s][debug  ][gc,heap        ] GC(75) Heap before GC invocations=76 (full 11):
[21.042s][debug  ][gc,heap        ] GC(75)  PSYoungGen      total 230912K, used 229146K [0x00000007f0000000, 0x0000000800000000, 0x0000000800000000)
[21.042s][debug  ][gc,heap        ] GC(75)   eden space 199680K, 99% used [0x00000007f0000000,0x00000007fc1c6990,0x00000007fc300000)
[21.042s][debug  ][gc,heap        ] GC(75)   from space 31232K, 98% used [0x00000007fc300000,0x00000007fe100030,0x00000007fe180000)
[21.042s][debug  ][gc,heap        ] GC(75)   to   space 31232K, 0% used [0x00000007fe180000,0x00000007fe180000,0x0000000800000000)
[21.042s][debug  ][gc,heap        ] GC(75)  ParOldGen       total 1938432K, used 831076K [0x0000000740000000, 0x00000007b6500000, 0x00000007f0000000)
[21.042s][debug  ][gc,heap        ] GC(75)   object space 1938432K, 42% used [0x0000000740000000,0x0000000772b99108,0x00000007b6500000)
[21.042s][debug  ][gc,heap        ] GC(75)  Metaspace       used 1021K, committed 1216K, reserved 1056768K
[21.042s][debug  ][gc,heap        ] GC(75)   class space    used 83K, committed 192K, reserved 1048576K
[21.042s][debug  ][gc,tlab        ] GC(75) TLAB totals: thrds: 1  refills: 1 max: 1 slow allocs: 18 max 18 waste: 27.4% gc: 3957816B max: 3957816B slow: 0B max: 0B
[21.042s][info   ][gc,start       ] GC(75) Pause Young (Allocation Failure)
[21.042s][debug  ][gc,phases,start] GC(75) Scavenge
[21.045s][debug  ][gc,phases      ] GC(75) Scavenge 3.004ms
[21.045s][debug  ][gc,phases,start] GC(75) Reference Processing
[21.045s][debug  ][gc,ref         ] GC(75) Skipped phase 1 of Reference Processing: no references
[21.045s][debug  ][gc,ref         ] GC(75) Skipped phase 2 of Reference Processing: no references
[21.045s][debug  ][gc,ref         ] GC(75) Skipped phase 3 of Reference Processing: no references
[21.045s][debug  ][gc,ref         ] GC(75) Skipped phase 4 of Reference Processing: no references
[21.046s][debug  ][gc,phases,ref  ] GC(75) Reference Processing: 0.1ms
[21.046s][debug  ][gc,phases,ref  ] GC(75)   Reconsider SoftReferences: 0.0ms
[21.046s][debug  ][gc,phases,ref  ] GC(75)     SoftRef (ms):                  skipped
[21.046s][debug  ][gc,phases,ref  ] GC(75)   Notify Soft/WeakReferences: 0.0ms
[21.046s][debug  ][gc,phases,ref  ] GC(75)     SoftRef (ms):                  skipped
[21.046s][debug  ][gc,phases,ref  ] GC(75)     WeakRef (ms):                  skipped
[21.046s][debug  ][gc,phases,ref  ] GC(75)     FinalRef (ms):                 skipped
[21.046s][debug  ][gc,phases,ref  ] GC(75)     Total (ms):                    skipped
[21.046s][debug  ][gc,phases,ref  ] GC(75)   Notify and keep alive finalizable: 0.0ms
[21.046s][debug  ][gc,phases,ref  ] GC(75)     FinalRef (ms):                 skipped
[21.046s][debug  ][gc,phases,ref  ] GC(75)   Notify PhantomReferences: 0.0ms
[21.046s][debug  ][gc,phases,ref  ] GC(75)     PhantomRef (ms):               skipped
[21.046s][debug  ][gc,phases,ref  ] GC(75)   SoftReference:
[21.046s][debug  ][gc,phases,ref  ] GC(75)     Discovered: 0
[21.046s][debug  ][gc,phases,ref  ] GC(75)     Cleared: 0
[21.046s][debug  ][gc,phases,ref  ] GC(75)   WeakReference:
[21.046s][debug  ][gc,phases,ref  ] GC(75)     Discovered: 0
[21.046s][debug  ][gc,phases,ref  ] GC(75)     Cleared: 0
[21.046s][debug  ][gc,phases,ref  ] GC(75)   FinalReference:
[21.046s][debug  ][gc,phases,ref  ] GC(75)     Discovered: 0
[21.046s][debug  ][gc,phases,ref  ] GC(75)     Cleared: 0
[21.046s][debug  ][gc,phases,ref  ] GC(75)   PhantomReference:
[21.046s][debug  ][gc,phases,ref  ] GC(75)     Discovered: 0
[21.046s][debug  ][gc,phases,ref  ] GC(75)     Cleared: 0
[21.046s][debug  ][gc,phases      ] GC(75) Reference Processing 0.899ms
[21.046s][debug  ][gc,phases,start] GC(75) Weak Processing
[21.046s][debug  ][gc,phases      ] GC(75)   VM Weak                        Min:  0.0, Avg:  0.0, Max:  0.0, Diff:  0.0, Sum:  0.0, Workers: 6
[21.046s][debug  ][gc,phases      ] GC(75)     Dead                           Min: 0, Avg:  0.0, Max: 0, Diff: 0, Sum: 0, Workers: 6
[21.046s][debug  ][gc,phases      ] GC(75)     Total                          Min: 0, Avg:  1.3, Max: 8, Diff: 8, Sum: 8, Workers: 6
[21.046s][debug  ][gc,phases      ] GC(75)   ObjectSynchronizer Weak        Min:  0.0, Avg:  0.0, Max:  0.0, Diff:  0.0, Sum:  0.0, Workers: 6
[21.046s][debug  ][gc,phases      ] GC(75)     Dead                           Min: 0, Avg:  0.0, Max: 0, Diff: 0, Sum: 0, Workers: 6
[21.046s][debug  ][gc,phases      ] GC(75)     Total                          Min: 0, Avg:  0.5, Max: 3, Diff: 3, Sum: 3, Workers: 6
[21.046s][debug  ][gc,phases      ] GC(75)   JVMTI Tag Weak OopStorage      Min:  0.0, Avg:  0.0, Max:  0.0, Diff:  0.0, Sum:  0.0, Workers: 6
[21.047s][debug  ][gc,phases      ] GC(75)     Dead                           Min: 0, Avg:  0.0, Max: 0, Diff: 0, Sum: 0, Workers: 6
[21.047s][debug  ][gc,phases      ] GC(75)     Total                          Min: 0, Avg:  0.0, Max: 0, Diff: 0, Sum: 0, Workers: 6
[21.047s][debug  ][gc,phases      ] GC(75)   StringTable Weak               Min:  0.0, Avg:  0.0, Max:  0.0, Diff:  0.0, Sum:  0.0, Workers: 6
[21.047s][debug  ][gc,phases      ] GC(75)     Dead                           Min: 0, Avg:  0.0, Max: 0, Diff: 0, Sum: 0, Workers: 6
[21.047s][debug  ][gc,phases      ] GC(75)     Total                          Min: 640, Avg: 892.5, Max: 1196, Diff: 556, Sum: 5355, Workers: 6
[21.047s][debug  ][gc,phases      ] GC(75)   ResolvedMethodTable Weak       Min:  0.0, Avg:  0.0, Max:  0.0, Diff:  0.0, Sum:  0.0, Workers: 6
[21.047s][debug  ][gc,phases      ] GC(75)     Dead                           Min: 0, Avg:  0.0, Max: 0, Diff: 0, Sum: 0, Workers: 6
[21.047s][debug  ][gc,phases      ] GC(75)     Total                          Min: 0, Avg: 21.7, Max: 64, Diff: 64, Sum: 130, Workers: 6
[21.047s][debug  ][gc,phases      ] GC(75)   JNI Weak                       Min:  0.0, Avg:  0.0, Max:  0.0, Diff:  0.0, Sum:  0.0, Workers: 6
[21.047s][debug  ][gc,phases      ] GC(75)     Dead                           Min: 0, Avg:  0.0, Max: 0, Diff: 0, Sum: 0, Workers: 6
[21.047s][debug  ][gc,phases      ] GC(75)     Total                          Min: 0, Avg:  0.0, Max: 0, Diff: 0, Sum: 0, Workers: 6
[21.047s][debug  ][gc,phases      ] GC(75)   StringDedup Table Weak         Min:  0.0, Avg:  0.0, Max:  0.0, Diff:  0.0, Sum:  0.0, Workers: 6
[21.047s][debug  ][gc,phases      ] GC(75)     Dead                           Min: 0, Avg:  0.0, Max: 0, Diff: 0, Sum: 0, Workers: 6
[21.047s][debug  ][gc,phases      ] GC(75)     Total                          Min: 0, Avg:  0.0, Max: 0, Diff: 0, Sum: 0, Workers: 6
[21.047s][debug  ][gc,phases      ] GC(75)   StringDedup Requests0 Weak     Min:  0.0, Avg:  0.0, Max:  0.0, Diff:  0.0, Sum:  0.0, Workers: 6
[21.047s][debug  ][gc,phases      ] GC(75)     Dead                           Min: 0, Avg:  0.0, Max: 0, Diff: 0, Sum: 0, Workers: 6
[21.047s][debug  ][gc,phases      ] GC(75)     Total                          Min: 0, Avg:  0.0, Max: 0, Diff: 0, Sum: 0, Workers: 6
[21.047s][debug  ][gc,phases      ] GC(75)   StringDedup Requests1 Weak     Min:  0.0, Avg:  0.0, Max:  0.0, Diff:  0.0, Sum:  0.0, Workers: 6
[21.047s][debug  ][gc,phases      ] GC(75)     Dead                           Min: 0, Avg:  0.0, Max: 0, Diff: 0, Sum: 0, Workers: 6
[21.047s][debug  ][gc,phases      ] GC(75)     Total                          Min: 0, Avg:  0.0, Max: 0, Diff: 0, Sum: 0, Workers: 6
[21.047s][debug  ][gc,phases      ] GC(75)   Weak JFR Old Object Samples    Min:  0.0, Avg:  0.0, Max:  0.0, Diff:  0.0, Sum:  0.0, Workers: 6
[21.047s][debug  ][gc,phases      ] GC(75)     Dead                           Min: 0, Avg:  0.0, Max: 0, Diff: 0, Sum: 0, Workers: 6
[21.047s][debug  ][gc,phases      ] GC(75)     Total                          Min: 0, Avg:  0.0, Max: 0, Diff: 0, Sum: 0, Workers: 6
[21.047s][debug  ][gc,phases      ] GC(75) Weak Processing 0.711ms
[21.047s][debug  ][gc,ergo        ] GC(75) AdaptiveSizeStart:  collection: 76 
[21.047s][debug  ][gc,ergo        ] GC(75) avg_survived_padded_avg: 31513468.000000
[21.047s][debug  ][gc,ergo        ] GC(75) avg_promoted_padded_avg: 252413056.000000  avg_pretenured_padded_avg: 0.000000  tenuring_thresh: 1  target_size: 31981568
[21.047s][debug  ][gc,age         ] GC(75) Desired survivor size 31981568 bytes, new threshold 1 (max threshold 15)
[21.047s][debug  ][gc,ergo        ] GC(75) PSAdaptiveSizePolicy::compute_eden_space_size limits: desired_eden_size: 227220043 old_eden_size: 204472320 eden_limit: 204472320 cur_eden: 204472320 max_eden_size: 204472320 avg_young_live: 27194452
[21.047s][debug  ][gc,ergo        ] GC(75) PSAdaptiveSizePolicy::compute_eden_space_size: costs minor_time: 0.039250 major_cost: 0.031312 mutator_cost: 0.929438 throughput_goal: 0.990000
[21.047s][debug  ][gc,ergo        ] GC(75) Live_space: 922638208 free_space: 1425539072
[21.047s][debug  ][gc,ergo        ] GC(75) Old eden_size: 204472320 desired_eden_size: 204472320
[21.047s][debug  ][gc,ergo        ] GC(75) AdaptiveSizeStop: collection: 76 
[21.047s][info   ][gc,heap        ] GC(75) PSYoungGen: 229146K(230912K)->30720K(230912K) Eden: 198426K(199680K)->0K(199680K) From: 30720K(31232K)->30720K(31232K)
[21.047s][info   ][gc,heap        ] GC(75) ParOldGen: 831076K(1938432K)->831076K(1938432K)
[21.047s][info   ][gc,metaspace   ] GC(75) Metaspace: 1021K(1216K)->1021K(1216K) NonClass: 937K(1024K)->937K(1024K) Class: 83K(192K)->83K(192K)
[21.047s][info   ][gc             ] GC(75) Pause Young (Allocation Failure) 1035M->841M(2118M) 5.038ms
[21.047s][info   ][gc,cpu         ] GC(75) User=0.00s Sys=0.00s Real=0.00s
[21.047s][debug  ][gc,heap        ] GC(75) Heap after GC invocations=76 (full 11):
[21.047s][debug  ][gc,heap        ] GC(75)  PSYoungGen      total 230912K, used 30720K [0x00000007f0000000, 0x0000000800000000, 0x0000000800000000)
[21.047s][debug  ][gc,heap        ] GC(75)   eden space 199680K, 0% used [0x00000007f0000000,0x00000007f0000000,0x00000007fc300000)
[21.047s][debug  ][gc,heap        ] GC(75)   from space 31232K, 98% used [0x00000007fe180000,0x00000007fff80030,0x0000000800000000)
[21.047s][debug  ][gc,heap        ] GC(75)   to   space 31232K, 0% used [0x00000007fc300000,0x00000007fc300000,0x00000007fe180000)
[21.047s][debug  ][gc,heap        ] GC(75)  ParOldGen       total 1938432K, used 831076K [0x0000000740000000, 0x00000007b6500000, 0x00000007f0000000)
[21.047s][debug  ][gc,heap        ] GC(75)   object space 1938432K, 42% used [0x0000000740000000,0x0000000772b99108,0x00000007b6500000)
[21.047s][debug  ][gc,heap        ] GC(75)  Metaspace       used 1021K, committed 1216K, reserved 1056768K
[21.048s][debug  ][gc,heap        ] GC(75)   class space    used 83K, committed 192K, reserved 1048576K
[21.048s][debug  ][gc,task,time   ] GC(75) VM-Thread 210419373 210453540 210475289
[21.356s][debug  ][gc,heap        ] GC(76) Heap before GC invocations=77 (full 11):
[21.356s][debug  ][gc,heap        ] GC(76)  PSYoungGen      total 230912K, used 229163K [0x00000007f0000000, 0x0000000800000000, 0x0000000800000000)
[21.356s][debug  ][gc,heap        ] GC(76)   eden space 199680K, 99% used [0x00000007f0000000,0x00000007fc1caf20,0x00000007fc300000)
[21.356s][debug  ][gc,heap        ] GC(76)   from space 31232K, 98% used [0x00000007fe180000,0x00000007fff80030,0x0000000800000000)
[21.356s][debug  ][gc,heap        ] GC(76)   to   space 31232K, 0% used [0x00000007fc300000,0x00000007fc300000,0x00000007fe180000)
[21.356s][debug  ][gc,heap        ] GC(76)  ParOldGen       total 1938432K, used 831076K [0x0000000740000000, 0x00000007b6500000, 0x00000007f0000000)
[21.356s][debug  ][gc,heap        ] GC(76)   object space 1938432K, 42% used [0x0000000740000000,0x0000000772b99108,0x00000007b6500000)
[21.356s][debug  ][gc,heap        ] GC(76)  Metaspace       used 1021K, committed 1216K, reserved 1056768K
[21.356s][debug  ][gc,heap        ] GC(76)   class space    used 83K, committed 192K, reserved 1048576K
[21.356s][debug  ][gc,tlab        ] GC(76) TLAB totals: thrds: 1  refills: 1 max: 1 slow allocs: 18 max 18 waste: 27.5% gc: 3976688B max: 3976688B slow: 0B max: 0B
[21.356s][info   ][gc,start       ] GC(76) Pause Young (Allocation Failure)
[21.356s][debug  ][gc,phases,start] GC(76) Scavenge
[21.372s][debug  ][gc,phases      ] GC(76) Scavenge 15.518ms
[21.372s][debug  ][gc,phases,start] GC(76) Reference Processing
[21.372s][debug  ][gc,ref         ] GC(76) Skipped phase 1 of Reference Processing: no references
[21.372s][debug  ][gc,ref         ] GC(76) Skipped phase 2 of Reference Processing: no references
[21.372s][debug  ][gc,ref         ] GC(76) Skipped phase 3 of Reference Processing: no references
[21.372s][debug  ][gc,ref         ] GC(76) Skipped phase 4 of Reference Processing: no references
[21.372s][debug  ][gc,phases,ref  ] GC(76) Reference Processing: 0.1ms
[21.372s][debug  ][gc,phases,ref  ] GC(76)   Reconsider SoftReferences: 0.0ms
[21.372s][debug  ][gc,phases,ref  ] GC(76)     SoftRef (ms):                  skipped
[21.372s][debug  ][gc,phases,ref  ] GC(76)   Notify Soft/WeakReferences: 0.0ms
[21.372s][debug  ][gc,phases,ref  ] GC(76)     SoftRef (ms):                  skipped
[21.372s][debug  ][gc,phases,ref  ] GC(76)     WeakRef (ms):                  skipped
[21.372s][debug  ][gc,phases,ref  ] GC(76)     FinalRef (ms):                 skipped
[21.372s][debug  ][gc,phases,ref  ] GC(76)     Total (ms):                    skipped
[21.372s][debug  ][gc,phases,ref  ] GC(76)   Notify and keep alive finalizable: 0.0ms
[21.372s][debug  ][gc,phases,ref  ] GC(76)     FinalRef (ms):                 skipped
[21.372s][debug  ][gc,phases,ref  ] GC(76)   Notify PhantomReferences: 0.0ms
[21.372s][debug  ][gc,phases,ref  ] GC(76)     PhantomRef (ms):               skipped
[21.372s][debug  ][gc,phases,ref  ] GC(76)   SoftReference:
[21.372s][debug  ][gc,phases,ref  ] GC(76)     Discovered: 0
[21.372s][debug  ][gc,phases,ref  ] GC(76)     Cleared: 0
[21.372s][debug  ][gc,phases,ref  ] GC(76)   WeakReference:
[21.373s][debug  ][gc,phases,ref  ] GC(76)     Discovered: 0
[21.373s][debug  ][gc,phases,ref  ] GC(76)     Cleared: 0
[21.373s][debug  ][gc,phases,ref  ] GC(76)   FinalReference:
[21.373s][debug  ][gc,phases,ref  ] GC(76)     Discovered: 0
[21.373s][debug  ][gc,phases,ref  ] GC(76)     Cleared: 0
[21.373s][debug  ][gc,phases,ref  ] GC(76)   PhantomReference:
[21.373s][debug  ][gc,phases,ref  ] GC(76)     Discovered: 0
[21.373s][debug  ][gc,phases,ref  ] GC(76)     Cleared: 0
[21.373s][debug  ][gc,phases      ] GC(76) Reference Processing 0.587ms
[21.373s][debug  ][gc,phases,start] GC(76) Weak Processing
[21.373s][debug  ][gc,phases      ] GC(76)   VM Weak                        Min:  0.0, Avg:  0.0, Max:  0.0, Diff:  0.0, Sum:  0.0, Workers: 6
[21.373s][debug  ][gc,phases      ] GC(76)     Dead                           Min: 0, Avg:  0.0, Max: 0, Diff: 0, Sum: 0, Workers: 6
[21.373s][debug  ][gc,phases      ] GC(76)     Total                          Min: 0, Avg:  1.3, Max: 8, Diff: 8, Sum: 8, Workers: 6
[21.373s][debug  ][gc,phases      ] GC(76)   ObjectSynchronizer Weak        Min:  0.0, Avg:  0.0, Max:  0.0, Diff:  0.0, Sum:  0.0, Workers: 6
[21.373s][debug  ][gc,phases      ] GC(76)     Dead                           Min: 0, Avg:  0.0, Max: 0, Diff: 0, Sum: 0, Workers: 6
[21.373s][debug  ][gc,phases      ] GC(76)     Total                          Min: 0, Avg:  0.5, Max: 3, Diff: 3, Sum: 3, Workers: 6
[21.373s][debug  ][gc,phases      ] GC(76)   JVMTI Tag Weak OopStorage      Min:  0.0, Avg:  0.0, Max:  0.0, Diff:  0.0, Sum:  0.0, Workers: 6
[21.373s][debug  ][gc,phases      ] GC(76)     Dead                           Min: 0, Avg:  0.0, Max: 0, Diff: 0, Sum: 0, Workers: 6
[21.373s][debug  ][gc,phases      ] GC(76)     Total                          Min: 0, Avg:  0.0, Max: 0, Diff: 0, Sum: 0, Workers: 6
[21.373s][debug  ][gc,phases      ] GC(76)   StringTable Weak               Min:  0.0, Avg:  0.0, Max:  0.0, Diff:  0.0, Sum:  0.0, Workers: 6
[21.373s][debug  ][gc,phases      ] GC(76)     Dead                           Min: 0, Avg:  0.0, Max: 0, Diff: 0, Sum: 0, Workers: 6
[21.373s][debug  ][gc,phases      ] GC(76)     Total                          Min: 704, Avg: 892.5, Max: 1088, Diff: 384, Sum: 5355, Workers: 6
[21.373s][debug  ][gc,phases      ] GC(76)   ResolvedMethodTable Weak       Min:  0.0, Avg:  0.0, Max:  0.0, Diff:  0.0, Sum:  0.0, Workers: 6
[21.373s][debug  ][gc,phases      ] GC(76)     Dead                           Min: 0, Avg:  0.0, Max: 0, Diff: 0, Sum: 0, Workers: 6
[21.373s][debug  ][gc,phases      ] GC(76)     Total                          Min: 0, Avg: 21.7, Max: 64, Diff: 64, Sum: 130, Workers: 6
[21.373s][debug  ][gc,phases      ] GC(76)   JNI Weak                       Min:  0.0, Avg:  0.0, Max:  0.0, Diff:  0.0, Sum:  0.0, Workers: 6
[21.373s][debug  ][gc,phases      ] GC(76)     Dead                           Min: 0, Avg:  0.0, Max: 0, Diff: 0, Sum: 0, Workers: 6
[21.373s][debug  ][gc,phases      ] GC(76)     Total                          Min: 0, Avg:  0.0, Max: 0, Diff: 0, Sum: 0, Workers: 6
[21.373s][debug  ][gc,phases      ] GC(76)   StringDedup Table Weak         Min:  0.0, Avg:  0.0, Max:  0.0, Diff:  0.0, Sum:  0.0, Workers: 6
[21.373s][debug  ][gc,phases      ] GC(76)     Dead                           Min: 0, Avg:  0.0, Max: 0, Diff: 0, Sum: 0, Workers: 6
[21.373s][debug  ][gc,phases      ] GC(76)     Total                          Min: 0, Avg:  0.0, Max: 0, Diff: 0, Sum: 0, Workers: 6
[21.373s][debug  ][gc,phases      ] GC(76)   StringDedup Requests0 Weak     Min:  0.0, Avg:  0.0, Max:  0.0, Diff:  0.0, Sum:  0.0, Workers: 6
[21.373s][debug  ][gc,phases      ] GC(76)     Dead                           Min: 0, Avg:  0.0, Max: 0, Diff: 0, Sum: 0, Workers: 6
[21.373s][debug  ][gc,phases      ] GC(76)     Total                          Min: 0, Avg:  0.0, Max: 0, Diff: 0, Sum: 0, Workers: 6
[21.373s][debug  ][gc,phases      ] GC(76)   StringDedup Requests1 Weak     Min:  0.0, Avg:  0.0, Max:  0.0, Diff:  0.0, Sum:  0.0, Workers: 6
[21.373s][debug  ][gc,phases      ] GC(76)     Dead                           Min: 0, Avg:  0.0, Max: 0, Diff: 0, Sum: 0, Workers: 6
[21.373s][debug  ][gc,phases      ] GC(76)     Total                          Min: 0, Avg:  0.0, Max: 0, Diff: 0, Sum: 0, Workers: 6
[21.373s][debug  ][gc,phases      ] GC(76)   Weak JFR Old Object Samples    Min:  0.0, Avg:  0.0, Max:  0.0, Diff:  0.0, Sum:  0.0, Workers: 6
[21.373s][debug  ][gc,phases      ] GC(76)     Dead                           Min: 0, Avg:  0.0, Max: 0, Diff: 0, Sum: 0, Workers: 6
[21.373s][debug  ][gc,phases      ] GC(76)     Total                          Min: 0, Avg:  0.0, Max: 0, Diff: 0, Sum: 0, Workers: 6
[21.373s][debug  ][gc,phases      ] GC(76) Weak Processing 0.687ms
[21.373s][debug  ][gc,ergo        ] GC(76) AdaptiveSizeStart:  collection: 77 
[21.373s][debug  ][gc,ergo        ] GC(76) avg_survived_padded_avg: 31508658.000000
[21.373s][debug  ][gc,ergo        ] GC(76) avg_promoted_padded_avg: 258175328.000000  avg_pretenured_padded_avg: 0.000000  tenuring_thresh: 1  target_size: 31981568
[21.373s][debug  ][gc,age         ] GC(76) Desired survivor size 31981568 bytes, new threshold 1 (max threshold 15)
[21.373s][debug  ][gc,ergo        ] GC(76) PSAdaptiveSizePolicy::compute_eden_space_size limits: desired_eden_size: 227992884 old_eden_size: 204472320 eden_limit: 204472320 cur_eden: 204472320 max_eden_size: 204472320 avg_young_live: 27620740
[21.373s][debug  ][gc,ergo        ] GC(76) PSAdaptiveSizePolicy::compute_eden_space_size: costs minor_time: 0.042389 major_cost: 0.031312 mutator_cost: 0.926299 throughput_goal: 0.990000
[21.374s][debug  ][gc,ergo        ] GC(76) Live_space: 923064448 free_space: 1425539072
[21.374s][debug  ][gc,ergo        ] GC(76) Old eden_size: 204472320 desired_eden_size: 204472320
[21.374s][debug  ][gc,ergo        ] GC(76) AdaptiveSizeStop: collection: 77 
[21.374s][info   ][gc,heap        ] GC(76) PSYoungGen: 229163K(230912K)->30720K(230912K) Eden: 198443K(199680K)->0K(199680K) From: 30720K(31232K)->30720K(31232K)
[21.374s][info   ][gc,heap        ] GC(76) ParOldGen: 831076K(1938432K)->1025636K(1938432K)
[21.374s][info   ][gc,metaspace   ] GC(76) Metaspace: 1021K(1216K)->1021K(1216K) NonClass: 937K(1024K)->937K(1024K) Class: 83K(192K)->83K(192K)
[21.374s][info   ][gc             ] GC(76) Pause Young (Allocation Failure) 1035M->1031M(2118M) 17.230ms
[21.374s][info   ][gc,cpu         ] GC(76) User=0.14s Sys=0.00s Real=0.02s
[21.374s][debug  ][gc,heap        ] GC(76) Heap after GC invocations=77 (full 11):
[21.374s][debug  ][gc,heap        ] GC(76)  PSYoungGen      total 230912K, used 30720K [0x00000007f0000000, 0x0000000800000000, 0x0000000800000000)
[21.374s][debug  ][gc,heap        ] GC(76)   eden space 199680K, 0% used [0x00000007f0000000,0x00000007f0000000,0x00000007fc300000)
[21.374s][debug  ][gc,heap        ] GC(76)   from space 31232K, 98% used [0x00000007fc300000,0x00000007fe100030,0x00000007fe180000)
[21.374s][debug  ][gc,heap        ] GC(76)   to   space 31232K, 0% used [0x00000007fe180000,0x00000007fe180000,0x0000000800000000)
[21.374s][debug  ][gc,heap        ] GC(76)  ParOldGen       total 1938432K, used 1025636K [0x0000000740000000, 0x00000007b6500000, 0x00000007f0000000)
[21.374s][debug  ][gc,heap        ] GC(76)   object space 1938432K, 52% used [0x0000000740000000,0x000000077e999238,0x00000007b6500000)
[21.374s][debug  ][gc,heap        ] GC(76)  Metaspace       used 1021K, committed 1216K, reserved 1056768K
[21.374s][debug  ][gc,heap        ] GC(76)   class space    used 83K, committed 192K, reserved 1048576K
[21.374s][debug  ][gc,task,time   ] GC(76) VM-Thread 213559798 213720784 213738973
[21.672s][debug  ][gc,heap        ] GC(77) Heap before GC invocations=78 (full 11):
[21.672s][debug  ][gc,heap        ] GC(77)  PSYoungGen      total 230912K, used 229175K [0x00000007f0000000, 0x0000000800000000, 0x0000000800000000)
[21.672s][debug  ][gc,heap        ] GC(77)   eden space 199680K, 99% used [0x00000007f0000000,0x00000007fc1cdbe8,0x00000007fc300000)
[21.672s][debug  ][gc,heap        ] GC(77)   from space 31232K, 98% used [0x00000007fc300000,0x00000007fe100030,0x00000007fe180000)
[21.672s][debug  ][gc,heap        ] GC(77)   to   space 31232K, 0% used [0x00000007fe180000,0x00000007fe180000,0x0000000800000000)
[21.672s][debug  ][gc,heap        ] GC(77)  ParOldGen       total 1938432K, used 1025636K [0x0000000740000000, 0x00000007b6500000, 0x00000007f0000000)
[21.672s][debug  ][gc,heap        ] GC(77)   object space 1938432K, 52% used [0x0000000740000000,0x000000077e999238,0x00000007b6500000)
[21.672s][debug  ][gc,heap        ] GC(77)  Metaspace       used 1021K, committed 1216K, reserved 1056768K
[21.672s][debug  ][gc,heap        ] GC(77)   class space    used 83K, committed 192K, reserved 1048576K
[21.672s][debug  ][gc,tlab        ] GC(77) TLAB totals: thrds: 1  refills: 1 max: 1 slow allocs: 18 max 18 waste: 27.6% gc: 3988152B max: 3988152B slow: 0B max: 0B
[21.672s][info   ][gc,start       ] GC(77) Pause Young (Allocation Failure)
[21.672s][debug  ][gc,phases,start] GC(77) Scavenge
[21.688s][debug  ][gc,phases      ] GC(77) Scavenge 15.579ms
[21.688s][debug  ][gc,phases,start] GC(77) Reference Processing
[21.688s][debug  ][gc,ref         ] GC(77) Skipped phase 1 of Reference Processing: no references
[21.688s][debug  ][gc,ref         ] GC(77) Skipped phase 2 of Reference Processing: no references
[21.688s][debug  ][gc,ref         ] GC(77) Skipped phase 3 of Reference Processing: no references
[21.688s][debug  ][gc,ref         ] GC(77) Skipped phase 4 of Reference Processing: no references
[21.688s][debug  ][gc,phases,ref  ] GC(77) Reference Processing: 0.1ms
[21.688s][debug  ][gc,phases,ref  ] GC(77)   Reconsider SoftReferences: 0.0ms
[21.688s][debug  ][gc,phases,ref  ] GC(77)     SoftRef (ms):                  skipped
[21.688s][debug  ][gc,phases,ref  ] GC(77)   Notify Soft/WeakReferences: 0.0ms
[21.688s][debug  ][gc,phases,ref  ] GC(77)     SoftRef (ms):                  skipped
[21.688s][debug  ][gc,phases,ref  ] GC(77)     WeakRef (ms):                  skipped
[21.688s][debug  ][gc,phases,ref  ] GC(77)     FinalRef (ms):                 skipped
[21.688s][debug  ][gc,phases,ref  ] GC(77)     Total (ms):                    skipped
[21.688s][debug  ][gc,phases,ref  ] GC(77)   Notify and keep alive finalizable: 0.0ms
[21.688s][debug  ][gc,phases,ref  ] GC(77)     FinalRef (ms):                 skipped
[21.688s][debug  ][gc,phases,ref  ] GC(77)   Notify PhantomReferences: 0.0ms
[21.688s][debug  ][gc,phases,ref  ] GC(77)     PhantomRef (ms):               skipped
[21.688s][debug  ][gc,phases,ref  ] GC(77)   SoftReference:
[21.688s][debug  ][gc,phases,ref  ] GC(77)     Discovered: 0
[21.688s][debug  ][gc,phases,ref  ] GC(77)     Cleared: 0
[21.689s][debug  ][gc,phases,ref  ] GC(77)   WeakReference:
[21.689s][debug  ][gc,phases,ref  ] GC(77)     Discovered: 0
[21.689s][debug  ][gc,phases,ref  ] GC(77)     Cleared: 0
[21.689s][debug  ][gc,phases,ref  ] GC(77)   FinalReference:
[21.689s][debug  ][gc,phases,ref  ] GC(77)     Discovered: 0
[21.689s][debug  ][gc,phases,ref  ] GC(77)     Cleared: 0
[21.689s][debug  ][gc,phases,ref  ] GC(77)   PhantomReference:
[21.689s][debug  ][gc,phases,ref  ] GC(77)     Discovered: 0
[21.689s][debug  ][gc,phases,ref  ] GC(77)     Cleared: 0
[21.689s][debug  ][gc,phases      ] GC(77) Reference Processing 0.597ms
[21.689s][debug  ][gc,phases,start] GC(77) Weak Processing
[21.689s][debug  ][gc,phases      ] GC(77)   VM Weak                        Min:  0.0, Avg:  0.0, Max:  0.0, Diff:  0.0, Sum:  0.0, Workers: 6
[21.689s][debug  ][gc,phases      ] GC(77)     Dead                           Min: 0, Avg:  0.0, Max: 0, Diff: 0, Sum: 0, Workers: 6
[21.689s][debug  ][gc,phases      ] GC(77)     Total                          Min: 0, Avg:  1.3, Max: 8, Diff: 8, Sum: 8, Workers: 6
[21.689s][debug  ][gc,phases      ] GC(77)   ObjectSynchronizer Weak        Min:  0.0, Avg:  0.0, Max:  0.0, Diff:  0.0, Sum:  0.0, Workers: 6
[21.689s][debug  ][gc,phases      ] GC(77)     Dead                           Min: 0, Avg:  0.0, Max: 0, Diff: 0, Sum: 0, Workers: 6
[21.689s][debug  ][gc,phases      ] GC(77)     Total                          Min: 0, Avg:  0.5, Max: 3, Diff: 3, Sum: 3, Workers: 6
[21.689s][debug  ][gc,phases      ] GC(77)   JVMTI Tag Weak OopStorage      Min:  0.0, Avg:  0.0, Max:  0.0, Diff:  0.0, Sum:  0.0, Workers: 6
[21.689s][debug  ][gc,phases      ] GC(77)     Dead                           Min: 0, Avg:  0.0, Max: 0, Diff: 0, Sum: 0, Workers: 6
[21.689s][debug  ][gc,phases      ] GC(77)     Total                          Min: 0, Avg:  0.0, Max: 0, Diff: 0, Sum: 0, Workers: 6
[21.689s][debug  ][gc,phases      ] GC(77)   StringTable Weak               Min:  0.0, Avg:  0.0, Max:  0.0, Diff:  0.0, Sum:  0.0, Workers: 6
[21.689s][debug  ][gc,phases      ] GC(77)     Dead                           Min: 0, Avg:  0.0, Max: 0, Diff: 0, Sum: 0, Workers: 6
[21.689s][debug  ][gc,phases      ] GC(77)     Total                          Min: 640, Avg: 892.5, Max: 1152, Diff: 512, Sum: 5355, Workers: 6
[21.689s][debug  ][gc,phases      ] GC(77)   ResolvedMethodTable Weak       Min:  0.0, Avg:  0.0, Max:  0.0, Diff:  0.0, Sum:  0.0, Workers: 6
[21.689s][debug  ][gc,phases      ] GC(77)     Dead                           Min: 0, Avg:  0.0, Max: 0, Diff: 0, Sum: 0, Workers: 6
[21.689s][debug  ][gc,phases      ] GC(77)     Total                          Min: 0, Avg: 21.7, Max: 64, Diff: 64, Sum: 130, Workers: 6
[21.689s][debug  ][gc,phases      ] GC(77)   JNI Weak                       Min:  0.0, Avg:  0.0, Max:  0.0, Diff:  0.0, Sum:  0.0, Workers: 6
[21.689s][debug  ][gc,phases      ] GC(77)     Dead                           Min: 0, Avg:  0.0, Max: 0, Diff: 0, Sum: 0, Workers: 6
[21.689s][debug  ][gc,phases      ] GC(77)     Total                          Min: 0, Avg:  0.0, Max: 0, Diff: 0, Sum: 0, Workers: 6
[21.689s][debug  ][gc,phases      ] GC(77)   StringDedup Table Weak         Min:  0.0, Avg:  0.0, Max:  0.0, Diff:  0.0, Sum:  0.0, Workers: 6
[21.689s][debug  ][gc,phases      ] GC(77)     Dead                           Min: 0, Avg:  0.0, Max: 0, Diff: 0, Sum: 0, Workers: 6
[21.689s][debug  ][gc,phases      ] GC(77)     Total                          Min: 0, Avg:  0.0, Max: 0, Diff: 0, Sum: 0, Workers: 6
[21.689s][debug  ][gc,phases      ] GC(77)   StringDedup Requests0 Weak     Min:  0.0, Avg:  0.0, Max:  0.0, Diff:  0.0, Sum:  0.0, Workers: 6
[21.689s][debug  ][gc,phases      ] GC(77)     Dead                           Min: 0, Avg:  0.0, Max: 0, Diff: 0, Sum: 0, Workers: 6
[21.689s][debug  ][gc,phases      ] GC(77)     Total                          Min: 0, Avg:  0.0, Max: 0, Diff: 0, Sum: 0, Workers: 6
[21.689s][debug  ][gc,phases      ] GC(77)   StringDedup Requests1 Weak     Min:  0.0, Avg:  0.0, Max:  0.0, Diff:  0.0, Sum:  0.0, Workers: 6
[21.689s][debug  ][gc,phases      ] GC(77)     Dead                           Min: 0, Avg:  0.0, Max: 0, Diff: 0, Sum: 0, Workers: 6
[21.689s][debug  ][gc,phases      ] GC(77)     Total                          Min: 0, Avg:  0.0, Max: 0, Diff: 0, Sum: 0, Workers: 6
[21.689s][debug  ][gc,phases      ] GC(77)   Weak JFR Old Object Samples    Min:  0.0, Avg:  0.0, Max:  0.0, Diff:  0.0, Sum:  0.0, Workers: 6
[21.689s][debug  ][gc,phases      ] GC(77)     Dead                           Min: 0, Avg:  0.0, Max: 0, Diff: 0, Sum: 0, Workers: 6
[21.689s][debug  ][gc,phases      ] GC(77)     Total                          Min: 0, Avg:  0.0, Max: 0, Diff: 0, Sum: 0, Workers: 6
[21.689s][debug  ][gc,phases      ] GC(77) Weak Processing 0.694ms
[21.689s][debug  ][gc,ergo        ] GC(77) AdaptiveSizeStart:  collection: 78 
[21.689s][debug  ][gc,ergo        ] GC(77) avg_survived_padded_avg: 31504244.000000
[21.689s][debug  ][gc,ergo        ] GC(77) avg_promoted_padded_avg: 262253312.000000  avg_pretenured_padded_avg: 0.000000  tenuring_thresh: 1  target_size: 31981568
[21.689s][debug  ][gc,age         ] GC(77) Desired survivor size 31981568 bytes, new threshold 1 (max threshold 15)
[21.690s][debug  ][gc,ergo        ] GC(77) PSAdaptiveSizePolicy::compute_eden_space_size limits: desired_eden_size: 228638383 old_eden_size: 204472320 eden_limit: 204472320 cur_eden: 204472320 max_eden_size: 204472320 avg_young_live: 28004396
[21.690s][debug  ][gc,ergo        ] GC(77) PSAdaptiveSizePolicy::compute_eden_space_size: costs minor_time: 0.045233 major_cost: 0.031312 mutator_cost: 0.923455 throughput_goal: 0.990000
[21.690s][debug  ][gc,ergo        ] GC(77) Live_space: 923448064 free_space: 1425539072
[21.690s][debug  ][gc,ergo        ] GC(77) Old eden_size: 204472320 desired_eden_size: 204472320
[21.690s][debug  ][gc,ergo        ] GC(77) AdaptiveSizeStop: collection: 78 
[21.690s][info   ][gc,heap        ] GC(77) PSYoungGen: 229175K(230912K)->30720K(230912K) Eden: 198454K(199680K)->0K(199680K) From: 30720K(31232K)->30720K(31232K)
[21.690s][info   ][gc,heap        ] GC(77) ParOldGen: 1025636K(1938432K)->1220196K(1938432K)
[21.690s][info   ][gc,metaspace   ] GC(77) Metaspace: 1021K(1216K)->1021K(1216K) NonClass: 937K(1024K)->937K(1024K) Class: 83K(192K)->83K(192K)
[21.690s][info   ][gc             ] GC(77) Pause Young (Allocation Failure) 1225M->1221M(2118M) 17.306ms
[21.690s][info   ][gc,cpu         ] GC(77) User=0.16s Sys=0.00s Real=0.02s
[21.690s][debug  ][gc,heap        ] GC(77) Heap after GC invocations=78 (full 11):
[21.690s][debug  ][gc,heap        ] GC(77)  PSYoungGen      total 230912K, used 30720K [0x00000007f0000000, 0x0000000800000000, 0x0000000800000000)
[21.690s][debug  ][gc,heap        ] GC(77)   eden space 199680K, 0% used [0x00000007f0000000,0x00000007f0000000,0x00000007fc300000)
[21.690s][debug  ][gc,heap        ] GC(77)   from space 31232K, 98% used [0x00000007fe180000,0x00000007fff80030,0x0000000800000000)
[21.690s][debug  ][gc,heap        ] GC(77)   to   space 31232K, 0% used [0x00000007fc300000,0x00000007fc300000,0x00000007fe180000)
[21.690s][debug  ][gc,heap        ] GC(77)  ParOldGen       total 1938432K, used 1220196K [0x0000000740000000, 0x00000007b6500000, 0x00000007f0000000)
[21.690s][debug  ][gc,heap        ] GC(77)   object space 1938432K, 62% used [0x0000000740000000,0x000000078a799368,0x00000007b6500000)
[21.690s][debug  ][gc,heap        ] GC(77)  Metaspace       used 1021K, committed 1216K, reserved 1056768K
[21.690s][debug  ][gc,heap        ] GC(77)   class space    used 83K, committed 192K, reserved 1048576K
[21.690s][debug  ][gc,task,time   ] GC(77) VM-Thread 216719648 216880907 216899289
[21.987s][debug  ][gc,heap        ] GC(78) Heap before GC invocations=79 (full 11):
[21.987s][debug  ][gc,heap        ] GC(78)  PSYoungGen      total 230912K, used 229182K [0x00000007f0000000, 0x0000000800000000, 0x0000000800000000)
[21.987s][debug  ][gc,heap        ] GC(78)   eden space 199680K, 99% used [0x00000007f0000000,0x00000007fc1cf8a8,0x00000007fc300000)
[21.987s][debug  ][gc,heap        ] GC(78)   from space 31232K, 98% used [0x00000007fe180000,0x00000007fff80030,0x0000000800000000)
[21.987s][debug  ][gc,heap        ] GC(78)   to   space 31232K, 0% used [0x00000007fc300000,0x00000007fc300000,0x00000007fe180000)
[21.987s][debug  ][gc,heap        ] GC(78)  ParOldGen       total 1938432K, used 1220196K [0x0000000740000000, 0x00000007b6500000, 0x00000007f0000000)
[21.987s][debug  ][gc,heap        ] GC(78)   object space 1938432K, 62% used [0x0000000740000000,0x000000078a799368,0x00000007b6500000)
[21.987s][debug  ][gc,heap        ] GC(78)  Metaspace       used 1021K, committed 1216K, reserved 1056768K
[21.988s][debug  ][gc,heap        ] GC(78)   class space    used 83K, committed 192K, reserved 1048576K
[21.988s][debug  ][gc,tlab        ] GC(78) TLAB totals: thrds: 1  refills: 1 max: 1 slow allocs: 18 max 18 waste: 27.6% gc: 3995512B max: 3995512B slow: 0B max: 0B
[21.988s][info   ][gc,start       ] GC(78) Pause Young (Allocation Failure)
[21.988s][debug  ][gc,phases,start] GC(78) Scavenge
[22.003s][debug  ][gc,phases      ] GC(78) Scavenge 15.662ms
[22.003s][debug  ][gc,phases,start] GC(78) Reference Processing
[22.003s][debug  ][gc,ref         ] GC(78) Skipped phase 1 of Reference Processing: no references
[22.003s][debug  ][gc,ref         ] GC(78) Skipped phase 2 of Reference Processing: no references
[22.003s][debug  ][gc,ref         ] GC(78) Skipped phase 3 of Reference Processing: no references
[22.004s][debug  ][gc,ref         ] GC(78) Skipped phase 4 of Reference Processing: no references
[22.004s][debug  ][gc,phases,ref  ] GC(78) Reference Processing: 0.1ms
[22.004s][debug  ][gc,phases,ref  ] GC(78)   Reconsider SoftReferences: 0.0ms
[22.004s][debug  ][gc,phases,ref  ] GC(78)     SoftRef (ms):                  skipped
[22.004s][debug  ][gc,phases,ref  ] GC(78)   Notify Soft/WeakReferences: 0.0ms
[22.004s][debug  ][gc,phases,ref  ] GC(78)     SoftRef (ms):                  skipped
[22.004s][debug  ][gc,phases,ref  ] GC(78)     WeakRef (ms):                  skipped
[22.004s][debug  ][gc,phases,ref  ] GC(78)     FinalRef (ms):                 skipped
[22.004s][debug  ][gc,phases,ref  ] GC(78)     Total (ms):                    skipped
[22.004s][debug  ][gc,phases,ref  ] GC(78)   Notify and keep alive finalizable: 0.0ms
[22.004s][debug  ][gc,phases,ref  ] GC(78)     FinalRef (ms):                 skipped
[22.004s][debug  ][gc,phases,ref  ] GC(78)   Notify PhantomReferences: 0.0ms
[22.004s][debug  ][gc,phases,ref  ] GC(78)     PhantomRef (ms):               skipped
[22.004s][debug  ][gc,phases,ref  ] GC(78)   SoftReference:
[22.004s][debug  ][gc,phases,ref  ] GC(78)     Discovered: 0
[22.004s][debug  ][gc,phases,ref  ] GC(78)     Cleared: 0
[22.004s][debug  ][gc,phases,ref  ] GC(78)   WeakReference:
[22.004s][debug  ][gc,phases,ref  ] GC(78)     Discovered: 0
[22.004s][debug  ][gc,phases,ref  ] GC(78)     Cleared: 0
[22.004s][debug  ][gc,phases,ref  ] GC(78)   FinalReference:
[22.004s][debug  ][gc,phases,ref  ] GC(78)     Discovered: 0
[22.004s][debug  ][gc,phases,ref  ] GC(78)     Cleared: 0
[22.004s][debug  ][gc,phases,ref  ] GC(78)   PhantomReference:
[22.004s][debug  ][gc,phases,ref  ] GC(78)     Discovered: 0
[22.004s][debug  ][gc,phases,ref  ] GC(78)     Cleared: 0
[22.004s][debug  ][gc,phases      ] GC(78) Reference Processing 0.648ms
[22.004s][debug  ][gc,phases,start] GC(78) Weak Processing
[22.004s][debug  ][gc,phases      ] GC(78)   VM Weak                        Min:  0.0, Avg:  0.0, Max:  0.0, Diff:  0.0, Sum:  0.0, Workers: 6
[22.004s][debug  ][gc,phases      ] GC(78)     Dead                           Min: 0, Avg:  0.0, Max: 0, Diff: 0, Sum: 0, Workers: 6
[22.004s][debug  ][gc,phases      ] GC(78)     Total                          Min: 0, Avg:  1.3, Max: 8, Diff: 8, Sum: 8, Workers: 6
[22.004s][debug  ][gc,phases      ] GC(78)   ObjectSynchronizer Weak        Min:  0.0, Avg:  0.0, Max:  0.0, Diff:  0.0, Sum:  0.0, Workers: 6
[22.004s][debug  ][gc,phases      ] GC(78)     Dead                           Min: 0, Avg:  0.0, Max: 0, Diff: 0, Sum: 0, Workers: 6
[22.004s][debug  ][gc,phases      ] GC(78)     Total                          Min: 0, Avg:  0.5, Max: 3, Diff: 3, Sum: 3, Workers: 6
[22.004s][debug  ][gc,phases      ] GC(78)   JVMTI Tag Weak OopStorage      Min:  0.0, Avg:  0.0, Max:  0.0, Diff:  0.0, Sum:  0.0, Workers: 6
[22.004s][debug  ][gc,phases      ] GC(78)     Dead                           Min: 0, Avg:  0.0, Max: 0, Diff: 0, Sum: 0, Workers: 6
[22.004s][debug  ][gc,phases      ] GC(78)     Total                          Min: 0, Avg:  0.0, Max: 0, Diff: 0, Sum: 0, Workers: 6
[22.004s][debug  ][gc,phases      ] GC(78)   StringTable Weak               Min:  0.0, Avg:  0.0, Max:  0.0, Diff:  0.0, Sum:  0.0, Workers: 6
[22.004s][debug  ][gc,phases      ] GC(78)     Dead                           Min: 0, Avg:  0.0, Max: 0, Diff: 0, Sum: 0, Workers: 6
[22.004s][debug  ][gc,phases      ] GC(78)     Total                          Min: 703, Avg: 892.5, Max: 1088, Diff: 385, Sum: 5355, Workers: 6
[22.004s][debug  ][gc,phases      ] GC(78)   ResolvedMethodTable Weak       Min:  0.0, Avg:  0.0, Max:  0.0, Diff:  0.0, Sum:  0.0, Workers: 6
[22.004s][debug  ][gc,phases      ] GC(78)     Dead                           Min: 0, Avg:  0.0, Max: 0, Diff: 0, Sum: 0, Workers: 6
[22.004s][debug  ][gc,phases      ] GC(78)     Total                          Min: 0, Avg: 21.7, Max: 64, Diff: 64, Sum: 130, Workers: 6
[22.004s][debug  ][gc,phases      ] GC(78)   JNI Weak                       Min:  0.0, Avg:  0.0, Max:  0.0, Diff:  0.0, Sum:  0.0, Workers: 6
[22.005s][debug  ][gc,phases      ] GC(78)     Dead                           Min: 0, Avg:  0.0, Max: 0, Diff: 0, Sum: 0, Workers: 6
[22.005s][debug  ][gc,phases      ] GC(78)     Total                          Min: 0, Avg:  0.0, Max: 0, Diff: 0, Sum: 0, Workers: 6
[22.005s][debug  ][gc,phases      ] GC(78)   StringDedup Table Weak         Min:  0.0, Avg:  0.0, Max:  0.0, Diff:  0.0, Sum:  0.0, Workers: 6
[22.005s][debug  ][gc,phases      ] GC(78)     Dead                           Min: 0, Avg:  0.0, Max: 0, Diff: 0, Sum: 0, Workers: 6
[22.005s][debug  ][gc,phases      ] GC(78)     Total                          Min: 0, Avg:  0.0, Max: 0, Diff: 0, Sum: 0, Workers: 6
[22.005s][debug  ][gc,phases      ] GC(78)   StringDedup Requests0 Weak     Min:  0.0, Avg:  0.0, Max:  0.0, Diff:  0.0, Sum:  0.0, Workers: 6
[22.005s][debug  ][gc,phases      ] GC(78)     Dead                           Min: 0, Avg:  0.0, Max: 0, Diff: 0, Sum: 0, Workers: 6
[22.005s][debug  ][gc,phases      ] GC(78)     Total                          Min: 0, Avg:  0.0, Max: 0, Diff: 0, Sum: 0, Workers: 6
[22.005s][debug  ][gc,phases      ] GC(78)   StringDedup Requests1 Weak     Min:  0.0, Avg:  0.0, Max:  0.0, Diff:  0.0, Sum:  0.0, Workers: 6
[22.005s][debug  ][gc,phases      ] GC(78)     Dead                           Min: 0, Avg:  0.0, Max: 0, Diff: 0, Sum: 0, Workers: 6
[22.005s][debug  ][gc,phases      ] GC(78)     Total                          Min: 0, Avg:  0.0, Max: 0, Diff: 0, Sum: 0, Workers: 6
[22.005s][debug  ][gc,phases      ] GC(78)   Weak JFR Old Object Samples    Min:  0.0, Avg:  0.0, Max:  0.0, Diff:  0.0, Sum:  0.0, Workers: 6
[22.005s][debug  ][gc,phases      ] GC(78)     Dead                           Min: 0, Avg:  0.0, Max: 0, Diff: 0, Sum: 0, Workers: 6
[22.005s][debug  ][gc,phases      ] GC(78)     Total                          Min: 0, Avg:  0.0, Max: 0, Diff: 0, Sum: 0, Workers: 6
[22.005s][debug  ][gc,phases      ] GC(78) Weak Processing 0.734ms
[22.005s][debug  ][gc,ergo        ] GC(78) AdaptiveSizeStart:  collection: 79 
[22.005s][debug  ][gc,ergo        ] GC(78) avg_survived_padded_avg: 31500202.000000
[22.005s][debug  ][gc,ergo        ] GC(78) avg_promoted_padded_avg: 264926224.000000  avg_pretenured_padded_avg: 0.000000  tenuring_thresh: 1  target_size: 31981568
[22.005s][debug  ][gc,age         ] GC(78) Desired survivor size 31981568 bytes, new threshold 1 (max threshold 15)
[22.005s][debug  ][gc,ergo        ] GC(78) PSAdaptiveSizePolicy::compute_eden_space_size limits: desired_eden_size: 229127633 old_eden_size: 204472320 eden_limit: 204472320 cur_eden: 204472320 max_eden_size: 204472320 avg_young_live: 28349688
[22.005s][debug  ][gc,ergo        ] GC(78) PSAdaptiveSizePolicy::compute_eden_space_size: costs minor_time: 0.047539 major_cost: 0.031312 mutator_cost: 0.921149 throughput_goal: 0.990000
[22.005s][debug  ][gc,ergo        ] GC(78) Live_space: 923793408 free_space: 1425539072
[22.005s][debug  ][gc,ergo        ] GC(78) Old eden_size: 204472320 desired_eden_size: 204472320
[22.005s][debug  ][gc,ergo        ] GC(78) AdaptiveSizeStop: collection: 79 
[22.005s][info   ][gc,heap        ] GC(78) PSYoungGen: 229182K(230912K)->30720K(230912K) Eden: 198462K(199680K)->0K(199680K) From: 30720K(31232K)->30720K(31232K)
[22.005s][info   ][gc,heap        ] GC(78) ParOldGen: 1220196K(1938432K)->1414757K(1938432K)
[22.005s][info   ][gc,metaspace   ] GC(78) Metaspace: 1021K(1216K)->1021K(1216K) NonClass: 937K(1024K)->937K(1024K) Class: 83K(192K)->83K(192K)
[22.005s][info   ][gc             ] GC(78) Pause Young (Allocation Failure) 1415M->1411M(2118M) 17.492ms
[22.005s][info   ][gc,cpu         ] GC(78) User=0.16s Sys=0.02s Real=0.02s
[22.005s][debug  ][gc,heap        ] GC(78) Heap after GC invocations=79 (full 11):
[22.005s][debug  ][gc,heap        ] GC(78)  PSYoungGen      total 230912K, used 30720K [0x00000007f0000000, 0x0000000800000000, 0x0000000800000000)
[22.005s][debug  ][gc,heap        ] GC(78)   eden space 199680K, 0% used [0x00000007f0000000,0x00000007f0000000,0x00000007fc300000)
[22.005s][debug  ][gc,heap        ] GC(78)   from space 31232K, 98% used [0x00000007fc300000,0x00000007fe100030,0x00000007fe180000)
[22.005s][debug  ][gc,heap        ] GC(78)   to   space 31232K, 0% used [0x00000007fe180000,0x00000007fe180000,0x0000000800000000)
[22.005s][debug  ][gc,heap        ] GC(78)  ParOldGen       total 1938432K, used 1414757K [0x0000000740000000, 0x00000007b6500000, 0x00000007f0000000)
[22.005s][debug  ][gc,heap        ] GC(78)   object space 1938432K, 72% used [0x0000000740000000,0x0000000796599498,0x00000007b6500000)
[22.005s][debug  ][gc,heap        ] GC(78)  Metaspace       used 1021K, committed 1216K, reserved 1056768K
[22.005s][debug  ][gc,heap        ] GC(78)   class space    used 83K, committed 192K, reserved 1048576K
[22.005s][debug  ][gc,task,time   ] GC(78) VM-Thread 219871955 220034103 220053397
[22.303s][debug  ][gc,heap        ] GC(79) Heap before GC invocations=80 (full 11):
[22.303s][debug  ][gc,heap        ] GC(79)  PSYoungGen      total 230912K, used 229186K [0x00000007f0000000, 0x0000000800000000, 0x0000000800000000)
[22.303s][debug  ][gc,heap        ] GC(79)   eden space 199680K, 99% used [0x00000007f0000000,0x00000007fc1d0b28,0x00000007fc300000)
[22.303s][debug  ][gc,heap        ] GC(79)   from space 31232K, 98% used [0x00000007fc300000,0x00000007fe100030,0x00000007fe180000)
[22.304s][debug  ][gc,heap        ] GC(79)   to   space 31232K, 0% used [0x00000007fe180000,0x00000007fe180000,0x0000000800000000)
[22.304s][debug  ][gc,heap        ] GC(79)  ParOldGen       total 1938432K, used 1414757K [0x0000000740000000, 0x00000007b6500000, 0x00000007f0000000)
[22.304s][debug  ][gc,heap        ] GC(79)   object space 1938432K, 72% used [0x0000000740000000,0x0000000796599498,0x00000007b6500000)
[22.304s][debug  ][gc,heap        ] GC(79)  Metaspace       used 1021K, committed 1216K, reserved 1056768K
[22.304s][debug  ][gc,heap        ] GC(79)   class space    used 83K, committed 192K, reserved 1048576K
[22.304s][debug  ][gc,tlab        ] GC(79) TLAB totals: thrds: 1  refills: 1 max: 1 slow allocs: 18 max 18 waste: 27.6% gc: 4000248B max: 4000248B slow: 0B max: 0B
[22.304s][info   ][gc,start       ] GC(79) Pause Young (Allocation Failure)
[22.304s][debug  ][gc,phases,start] GC(79) Scavenge
[22.321s][debug  ][gc,phases      ] GC(79) Scavenge 17.517ms
[22.321s][debug  ][gc,phases,start] GC(79) Reference Processing
[22.321s][debug  ][gc,ref         ] GC(79) Skipped phase 1 of Reference Processing: no references
[22.321s][debug  ][gc,ref         ] GC(79) Skipped phase 2 of Reference Processing: no references
[22.321s][debug  ][gc,ref         ] GC(79) Skipped phase 3 of Reference Processing: no references
[22.321s][debug  ][gc,ref         ] GC(79) Skipped phase 4 of Reference Processing: no references
[22.322s][debug  ][gc,phases,ref  ] GC(79) Reference Processing: 0.1ms
[22.322s][debug  ][gc,phases,ref  ] GC(79)   Reconsider SoftReferences: 0.0ms
[22.322s][debug  ][gc,phases,ref  ] GC(79)     SoftRef (ms):                  skipped
[22.322s][debug  ][gc,phases,ref  ] GC(79)   Notify Soft/WeakReferences: 0.0ms
[22.322s][debug  ][gc,phases,ref  ] GC(79)     SoftRef (ms):                  skipped
[22.322s][debug  ][gc,phases,ref  ] GC(79)     WeakRef (ms):                  skipped
[22.322s][debug  ][gc,phases,ref  ] GC(79)     FinalRef (ms):                 skipped
[22.322s][debug  ][gc,phases,ref  ] GC(79)     Total (ms):                    skipped
[22.322s][debug  ][gc,phases,ref  ] GC(79)   Notify and keep alive finalizable: 0.0ms
[22.322s][debug  ][gc,phases,ref  ] GC(79)     FinalRef (ms):                 skipped
[22.322s][debug  ][gc,phases,ref  ] GC(79)   Notify PhantomReferences: 0.0ms
[22.322s][debug  ][gc,phases,ref  ] GC(79)     PhantomRef (ms):               skipped
[22.322s][debug  ][gc,phases,ref  ] GC(79)   SoftReference:
[22.322s][debug  ][gc,phases,ref  ] GC(79)     Discovered: 0
[22.322s][debug  ][gc,phases,ref  ] GC(79)     Cleared: 0
[22.322s][debug  ][gc,phases,ref  ] GC(79)   WeakReference:
[22.322s][debug  ][gc,phases,ref  ] GC(79)     Discovered: 0
[22.322s][debug  ][gc,phases,ref  ] GC(79)     Cleared: 0
[22.322s][debug  ][gc,phases,ref  ] GC(79)   FinalReference:
[22.322s][debug  ][gc,phases,ref  ] GC(79)     Discovered: 0
[22.322s][debug  ][gc,phases,ref  ] GC(79)     Cleared: 0
[22.322s][debug  ][gc,phases,ref  ] GC(79)   PhantomReference:
[22.322s][debug  ][gc,phases,ref  ] GC(79)     Discovered: 0
[22.322s][debug  ][gc,phases,ref  ] GC(79)     Cleared: 0
[22.322s][debug  ][gc,phases      ] GC(79) Reference Processing 0.569ms
[22.322s][debug  ][gc,phases,start] GC(79) Weak Processing
[22.322s][debug  ][gc,phases      ] GC(79)   VM Weak                        Min:  0.0, Avg:  0.0, Max:  0.0, Diff:  0.0, Sum:  0.0, Workers: 6
[22.322s][debug  ][gc,phases      ] GC(79)     Dead                           Min: 0, Avg:  0.0, Max: 0, Diff: 0, Sum: 0, Workers: 6
[22.322s][debug  ][gc,phases      ] GC(79)     Total                          Min: 0, Avg:  1.3, Max: 8, Diff: 8, Sum: 8, Workers: 6
[22.322s][debug  ][gc,phases      ] GC(79)   ObjectSynchronizer Weak        Min:  0.0, Avg:  0.0, Max:  0.0, Diff:  0.0, Sum:  0.0, Workers: 6
[22.322s][debug  ][gc,phases      ] GC(79)     Dead                           Min: 0, Avg:  0.0, Max: 0, Diff: 0, Sum: 0, Workers: 6
[22.322s][debug  ][gc,phases      ] GC(79)     Total                          Min: 0, Avg:  0.5, Max: 3, Diff: 3, Sum: 3, Workers: 6
[22.322s][debug  ][gc,phases      ] GC(79)   JVMTI Tag Weak OopStorage      Min:  0.0, Avg:  0.0, Max:  0.0, Diff:  0.0, Sum:  0.0, Workers: 6
[22.322s][debug  ][gc,phases      ] GC(79)     Dead                           Min: 0, Avg:  0.0, Max: 0, Diff: 0, Sum: 0, Workers: 6
[22.322s][debug  ][gc,phases      ] GC(79)     Total                          Min: 0, Avg:  0.0, Max: 0, Diff: 0, Sum: 0, Workers: 6
[22.322s][debug  ][gc,phases      ] GC(79)   StringTable Weak               Min:  0.0, Avg:  0.0, Max:  0.0, Diff:  0.0, Sum:  0.0, Workers: 6
[22.322s][debug  ][gc,phases      ] GC(79)     Dead                           Min: 0, Avg:  0.0, Max: 0, Diff: 0, Sum: 0, Workers: 6
[22.322s][debug  ][gc,phases      ] GC(79)     Total                          Min: 640, Avg: 892.5, Max: 1260, Diff: 620, Sum: 5355, Workers: 6
[22.322s][debug  ][gc,phases      ] GC(79)   ResolvedMethodTable Weak       Min:  0.0, Avg:  0.0, Max:  0.0, Diff:  0.0, Sum:  0.0, Workers: 6
[22.322s][debug  ][gc,phases      ] GC(79)     Dead                           Min: 0, Avg:  0.0, Max: 0, Diff: 0, Sum: 0, Workers: 6
[22.322s][debug  ][gc,phases      ] GC(79)     Total                          Min: 0, Avg: 21.7, Max: 64, Diff: 64, Sum: 130, Workers: 6
[22.322s][debug  ][gc,phases      ] GC(79)   JNI Weak                       Min:  0.0, Avg:  0.0, Max:  0.0, Diff:  0.0, Sum:  0.0, Workers: 6
[22.322s][debug  ][gc,phases      ] GC(79)     Dead                           Min: 0, Avg:  0.0, Max: 0, Diff: 0, Sum: 0, Workers: 6
[22.322s][debug  ][gc,phases      ] GC(79)     Total                          Min: 0, Avg:  0.0, Max: 0, Diff: 0, Sum: 0, Workers: 6
[22.322s][debug  ][gc,phases      ] GC(79)   StringDedup Table Weak         Min:  0.0, Avg:  0.0, Max:  0.0, Diff:  0.0, Sum:  0.0, Workers: 6
[22.322s][debug  ][gc,phases      ] GC(79)     Dead                           Min: 0, Avg:  0.0, Max: 0, Diff: 0, Sum: 0, Workers: 6
[22.322s][debug  ][gc,phases      ] GC(79)     Total                          Min: 0, Avg:  0.0, Max: 0, Diff: 0, Sum: 0, Workers: 6
[22.322s][debug  ][gc,phases      ] GC(79)   StringDedup Requests0 Weak     Min:  0.0, Avg:  0.0, Max:  0.0, Diff:  0.0, Sum:  0.0, Workers: 6
[22.323s][debug  ][gc,phases      ] GC(79)     Dead                           Min: 0, Avg:  0.0, Max: 0, Diff: 0, Sum: 0, Workers: 6
[22.323s][debug  ][gc,phases      ] GC(79)     Total                          Min: 0, Avg:  0.0, Max: 0, Diff: 0, Sum: 0, Workers: 6
[22.323s][debug  ][gc,phases      ] GC(79)   StringDedup Requests1 Weak     Min:  0.0, Avg:  0.0, Max:  0.0, Diff:  0.0, Sum:  0.0, Workers: 6
[22.323s][debug  ][gc,phases      ] GC(79)     Dead                           Min: 0, Avg:  0.0, Max: 0, Diff: 0, Sum: 0, Workers: 6
[22.323s][debug  ][gc,phases      ] GC(79)     Total                          Min: 0, Avg:  0.0, Max: 0, Diff: 0, Sum: 0, Workers: 6
[22.323s][debug  ][gc,phases      ] GC(79)   Weak JFR Old Object Samples    Min:  0.0, Avg:  0.0, Max:  0.0, Diff:  0.0, Sum:  0.0, Workers: 6
[22.323s][debug  ][gc,phases      ] GC(79)     Dead                           Min: 0, Avg:  0.0, Max: 0, Diff: 0, Sum: 0, Workers: 6
[22.323s][debug  ][gc,phases      ] GC(79)     Total                          Min: 0, Avg:  0.0, Max: 0, Diff: 0, Sum: 0, Workers: 6
[22.323s][debug  ][gc,phases      ] GC(79) Weak Processing 0.692ms
[22.323s][debug  ][gc,ergo        ] GC(79) AdaptiveSizeStart:  collection: 80 
[22.323s][debug  ][gc,ergo        ] GC(79) avg_survived_padded_avg: 31496498.000000
[22.323s][debug  ][gc,ergo        ] GC(79) avg_promoted_padded_avg: 266434336.000000  avg_pretenured_padded_avg: 0.000000  tenuring_thresh: 1  target_size: 31981568
[22.323s][debug  ][gc,age         ] GC(79) Desired survivor size 31981568 bytes, new threshold 1 (max threshold 15)
[22.323s][debug  ][gc,ergo        ] GC(79) PSAdaptiveSizePolicy::compute_eden_space_size limits: desired_eden_size: 229718494 old_eden_size: 204472320 eden_limit: 204472320 cur_eden: 204472320 max_eden_size: 204472320 avg_young_live: 28660450
[22.323s][debug  ][gc,ergo        ] GC(79) PSAdaptiveSizePolicy::compute_eden_space_size: costs minor_time: 0.050517 major_cost: 0.031312 mutator_cost: 0.918172 throughput_goal: 0.990000
[22.323s][debug  ][gc,ergo        ] GC(79) Live_space: 924104192 free_space: 1425539072
[22.323s][debug  ][gc,ergo        ] GC(79) Old eden_size: 204472320 desired_eden_size: 204472320
[22.323s][debug  ][gc,ergo        ] GC(79) AdaptiveSizeStop: collection: 80 
[22.323s][info   ][gc,heap        ] GC(79) PSYoungGen: 229186K(230912K)->30720K(230912K) Eden: 198466K(199680K)->0K(199680K) From: 30720K(31232K)->30720K(31232K)
[22.323s][info   ][gc,heap        ] GC(79) ParOldGen: 1414757K(1938432K)->1609317K(1938432K)
[22.323s][info   ][gc,metaspace   ] GC(79) Metaspace: 1021K(1216K)->1021K(1216K) NonClass: 937K(1024K)->937K(1024K) Class: 83K(192K)->83K(192K)
[22.323s][info   ][gc             ] GC(79) Pause Young (Allocation Failure) 1605M->1601M(2118M) 19.215ms
[22.323s][info   ][gc,cpu         ] GC(79) User=0.03s Sys=0.12s Real=0.02s
[22.323s][debug  ][gc,heap        ] GC(79) Heap after GC invocations=80 (full 11):
[22.323s][debug  ][gc,heap        ] GC(79)  PSYoungGen      total 230912K, used 30720K [0x00000007f0000000, 0x0000000800000000, 0x0000000800000000)
[22.323s][debug  ][gc,heap        ] GC(79)   eden space 199680K, 0% used [0x00000007f0000000,0x00000007f0000000,0x00000007fc300000)
[22.323s][debug  ][gc,heap        ] GC(79)   from space 31232K, 98% used [0x00000007fe180000,0x00000007fff80030,0x0000000800000000)
[22.323s][debug  ][gc,heap        ] GC(79)   to   space 31232K, 0% used [0x00000007fc300000,0x00000007fc300000,0x00000007fe180000)
[22.323s][debug  ][gc,heap        ] GC(79)  ParOldGen       total 1938432K, used 1609317K [0x0000000740000000, 0x00000007b6500000, 0x00000007f0000000)
[22.323s][debug  ][gc,heap        ] GC(79)   object space 1938432K, 83% used [0x0000000740000000,0x00000007a23995c8,0x00000007b6500000)
[22.323s][debug  ][gc,heap        ] GC(79)  Metaspace       used 1021K, committed 1216K, reserved 1056768K
[22.323s][debug  ][gc,heap        ] GC(79)   class space    used 83K, committed 192K, reserved 1048576K
[22.323s][debug  ][gc,task,time   ] GC(79) VM-Thread 223033060 223213912 223232031
[22.622s][debug  ][gc,heap        ] GC(80) Heap before GC invocations=81 (full 11):
[22.622s][debug  ][gc,heap        ] GC(80)  PSYoungGen      total 230912K, used 229189K [0x00000007f0000000, 0x0000000800000000, 0x0000000800000000)
[22.622s][debug  ][gc,heap        ] GC(80)   eden space 199680K, 99% used [0x00000007f0000000,0x00000007fc1d1710,0x00000007fc300000)
[22.622s][debug  ][gc,heap        ] GC(80)   from space 31232K, 98% used [0x00000007fe180000,0x00000007fff80030,0x0000000800000000)
[22.623s][debug  ][gc,heap        ] GC(80)   to   space 31232K, 0% used [0x00000007fc300000,0x00000007fc300000,0x00000007fe180000)
[22.623s][debug  ][gc,heap        ] GC(80)  ParOldGen       total 1938432K, used 1609317K [0x0000000740000000, 0x00000007b6500000, 0x00000007f0000000)
[22.623s][debug  ][gc,heap        ] GC(80)   object space 1938432K, 83% used [0x0000000740000000,0x00000007a23995c8,0x00000007b6500000)
[22.623s][debug  ][gc,heap        ] GC(80)  Metaspace       used 1021K, committed 1216K, reserved 1056768K
[22.623s][debug  ][gc,heap        ] GC(80)   class space    used 83K, committed 192K, reserved 1048576K
[22.623s][debug  ][gc,tlab        ] GC(80) TLAB totals: thrds: 1  refills: 1 max: 1 slow allocs: 18 max 18 waste: 27.6% gc: 4003296B max: 4003296B slow: 0B max: 0B
[22.623s][info   ][gc,start       ] GC(80) Pause Young (Allocation Failure)
[22.623s][debug  ][gc,phases,start] GC(80) Scavenge
[22.642s][debug  ][gc,phases      ] GC(80) Scavenge 18.825ms
[22.642s][debug  ][gc,phases,start] GC(80) Reference Processing
[22.642s][debug  ][gc,ref         ] GC(80) Skipped phase 1 of Reference Processing: no references
[22.642s][debug  ][gc,ref         ] GC(80) Skipped phase 2 of Reference Processing: no references
[22.642s][debug  ][gc,ref         ] GC(80) Skipped phase 3 of Reference Processing: no references
[22.642s][debug  ][gc,ref         ] GC(80) Skipped phase 4 of Reference Processing: no references
[22.642s][debug  ][gc,phases,ref  ] GC(80) Reference Processing: 0.1ms
[22.642s][debug  ][gc,phases,ref  ] GC(80)   Reconsider SoftReferences: 0.0ms
[22.642s][debug  ][gc,phases,ref  ] GC(80)     SoftRef (ms):                  skipped
[22.642s][debug  ][gc,phases,ref  ] GC(80)   Notify Soft/WeakReferences: 0.0ms
[22.642s][debug  ][gc,phases,ref  ] GC(80)     SoftRef (ms):                  skipped
[22.642s][debug  ][gc,phases,ref  ] GC(80)     WeakRef (ms):                  skipped
[22.642s][debug  ][gc,phases,ref  ] GC(80)     FinalRef (ms):                 skipped
[22.642s][debug  ][gc,phases,ref  ] GC(80)     Total (ms):                    skipped
[22.642s][debug  ][gc,phases,ref  ] GC(80)   Notify and keep alive finalizable: 0.0ms
[22.642s][debug  ][gc,phases,ref  ] GC(80)     FinalRef (ms):                 skipped
[22.642s][debug  ][gc,phases,ref  ] GC(80)   Notify PhantomReferences: 0.0ms
[22.642s][debug  ][gc,phases,ref  ] GC(80)     PhantomRef (ms):               skipped
[22.642s][debug  ][gc,phases,ref  ] GC(80)   SoftReference:
[22.642s][debug  ][gc,phases,ref  ] GC(80)     Discovered: 0
[22.642s][debug  ][gc,phases,ref  ] GC(80)     Cleared: 0
[22.642s][debug  ][gc,phases,ref  ] GC(80)   WeakReference:
[22.642s][debug  ][gc,phases,ref  ] GC(80)     Discovered: 0
[22.642s][debug  ][gc,phases,ref  ] GC(80)     Cleared: 0
[22.642s][debug  ][gc,phases,ref  ] GC(80)   FinalReference:
[22.642s][debug  ][gc,phases,ref  ] GC(80)     Discovered: 0
[22.642s][debug  ][gc,phases,ref  ] GC(80)     Cleared: 0
[22.642s][debug  ][gc,phases,ref  ] GC(80)   PhantomReference:
[22.642s][debug  ][gc,phases,ref  ] GC(80)     Discovered: 0
[22.642s][debug  ][gc,phases,ref  ] GC(80)     Cleared: 0
[22.642s][debug  ][gc,phases      ] GC(80) Reference Processing 0.706ms
[22.642s][debug  ][gc,phases,start] GC(80) Weak Processing
[22.643s][debug  ][gc,phases      ] GC(80)   VM Weak                        Min:  0.0, Avg:  0.0, Max:  0.0, Diff:  0.0, Sum:  0.0, Workers: 6
[22.643s][debug  ][gc,phases      ] GC(80)     Dead                           Min: 0, Avg:  0.0, Max: 0, Diff: 0, Sum: 0, Workers: 6
[22.643s][debug  ][gc,phases      ] GC(80)     Total                          Min: 0, Avg:  1.3, Max: 8, Diff: 8, Sum: 8, Workers: 6
[22.643s][debug  ][gc,phases      ] GC(80)   ObjectSynchronizer Weak        Min:  0.0, Avg:  0.0, Max:  0.0, Diff:  0.0, Sum:  0.0, Workers: 6
[22.643s][debug  ][gc,phases      ] GC(80)     Dead                           Min: 0, Avg:  0.0, Max: 0, Diff: 0, Sum: 0, Workers: 6
[22.643s][debug  ][gc,phases      ] GC(80)     Total                          Min: 0, Avg:  0.5, Max: 3, Diff: 3, Sum: 3, Workers: 6
[22.643s][debug  ][gc,phases      ] GC(80)   JVMTI Tag Weak OopStorage      Min:  0.0, Avg:  0.0, Max:  0.0, Diff:  0.0, Sum:  0.0, Workers: 6
[22.643s][debug  ][gc,phases      ] GC(80)     Dead                           Min: 0, Avg:  0.0, Max: 0, Diff: 0, Sum: 0, Workers: 6
[22.643s][debug  ][gc,phases      ] GC(80)     Total                          Min: 0, Avg:  0.0, Max: 0, Diff: 0, Sum: 0, Workers: 6
[22.643s][debug  ][gc,phases      ] GC(80)   StringTable Weak               Min:  0.0, Avg:  0.0, Max:  0.0, Diff:  0.0, Sum:  0.0, Workers: 6
[22.643s][debug  ][gc,phases      ] GC(80)     Dead                           Min: 0, Avg:  0.0, Max: 0, Diff: 0, Sum: 0, Workers: 6
[22.643s][debug  ][gc,phases      ] GC(80)     Total                          Min: 0, Avg: 892.5, Max: 1344, Diff: 1344, Sum: 5355, Workers: 6
[22.643s][debug  ][gc,phases      ] GC(80)   ResolvedMethodTable Weak       Min:  0.0, Avg:  0.0, Max:  0.0, Diff:  0.0, Sum:  0.0, Workers: 6
[22.643s][debug  ][gc,phases      ] GC(80)     Dead                           Min: 0, Avg:  0.0, Max: 0, Diff: 0, Sum: 0, Workers: 6
[22.643s][debug  ][gc,phases      ] GC(80)     Total                          Min: 0, Avg: 21.7, Max: 64, Diff: 64, Sum: 130, Workers: 6
[22.643s][debug  ][gc,phases      ] GC(80)   JNI Weak                       Min:  0.0, Avg:  0.0, Max:  0.0, Diff:  0.0, Sum:  0.0, Workers: 6
[22.643s][debug  ][gc,phases      ] GC(80)     Dead                           Min: 0, Avg:  0.0, Max: 0, Diff: 0, Sum: 0, Workers: 6
[22.643s][debug  ][gc,phases      ] GC(80)     Total                          Min: 0, Avg:  0.0, Max: 0, Diff: 0, Sum: 0, Workers: 6
[22.643s][debug  ][gc,phases      ] GC(80)   StringDedup Table Weak         Min:  0.0, Avg:  0.0, Max:  0.0, Diff:  0.0, Sum:  0.0, Workers: 6
[22.643s][debug  ][gc,phases      ] GC(80)     Dead                           Min: 0, Avg:  0.0, Max: 0, Diff: 0, Sum: 0, Workers: 6
[22.643s][debug  ][gc,phases      ] GC(80)     Total                          Min: 0, Avg:  0.0, Max: 0, Diff: 0, Sum: 0, Workers: 6
[22.643s][debug  ][gc,phases      ] GC(80)   StringDedup Requests0 Weak     Min:  0.0, Avg:  0.0, Max:  0.0, Diff:  0.0, Sum:  0.0, Workers: 6
[22.643s][debug  ][gc,phases      ] GC(80)     Dead                           Min: 0, Avg:  0.0, Max: 0, Diff: 0, Sum: 0, Workers: 6
[22.643s][debug  ][gc,phases      ] GC(80)     Total                          Min: 0, Avg:  0.0, Max: 0, Diff: 0, Sum: 0, Workers: 6
[22.643s][debug  ][gc,phases      ] GC(80)   StringDedup Requests1 Weak     Min:  0.0, Avg:  0.0, Max:  0.0, Diff:  0.0, Sum:  0.0, Workers: 6
[22.643s][debug  ][gc,phases      ] GC(80)     Dead                           Min: 0, Avg:  0.0, Max: 0, Diff: 0, Sum: 0, Workers: 6
[22.643s][debug  ][gc,phases      ] GC(80)     Total                          Min: 0, Avg:  0.0, Max: 0, Diff: 0, Sum: 0, Workers: 6
[22.643s][debug  ][gc,phases      ] GC(80)   Weak JFR Old Object Samples    Min:  0.0, Avg:  0.0, Max:  0.0, Diff:  0.0, Sum:  0.0, Workers: 6
[22.643s][debug  ][gc,phases      ] GC(80)     Dead                           Min: 0, Avg:  0.0, Max: 0, Diff: 0, Sum: 0, Workers: 6
[22.643s][debug  ][gc,phases      ] GC(80)     Total                          Min: 0, Avg:  0.0, Max: 0, Diff: 0, Sum: 0, Workers: 6
[22.643s][debug  ][gc,phases      ] GC(80) Weak Processing 0.789ms
[22.643s][debug  ][gc,ergo        ] GC(80) AdaptiveSizeStart:  collection: 81 
[22.643s][debug  ][gc,ergo        ] GC(80) avg_survived_padded_avg: 31493108.000000
[22.643s][debug  ][gc,ergo        ] GC(80) avg_promoted_padded_avg: 266983856.000000  avg_pretenured_padded_avg: 0.000000  tenuring_thresh: 1  target_size: 31981568
[22.643s][debug  ][gc,age         ] GC(80) Desired survivor size 31981568 bytes, new threshold 1 (max threshold 15)
[22.643s][debug  ][gc,ergo        ] GC(80) PSAdaptiveSizePolicy::compute_eden_space_size limits: desired_eden_size: 230328131 old_eden_size: 204472320 eden_limit: 204472320 cur_eden: 204472320 max_eden_size: 204472320 avg_young_live: 28940136
[22.643s][debug  ][gc,ergo        ] GC(80) PSAdaptiveSizePolicy::compute_eden_space_size: costs minor_time: 0.053834 major_cost: 0.031312 mutator_cost: 0.914855 throughput_goal: 0.990000
[22.643s][debug  ][gc,ergo        ] GC(80) Live_space: 924383872 free_space: 1425539072
[22.643s][debug  ][gc,ergo        ] GC(80) Old eden_size: 204472320 desired_eden_size: 204472320
[22.643s][debug  ][gc,ergo        ] GC(80) AdaptiveSizeStop: collection: 81 
[22.643s][info   ][gc,heap        ] GC(80) PSYoungGen: 229189K(230912K)->30720K(230912K) Eden: 198469K(199680K)->0K(199680K) From: 30720K(31232K)->30720K(31232K)
[22.643s][info   ][gc,heap        ] GC(80) ParOldGen: 1609317K(1938432K)->1803877K(1938432K)
[22.643s][info   ][gc,metaspace   ] GC(80) Metaspace: 1021K(1216K)->1021K(1216K) NonClass: 937K(1024K)->937K(1024K) Class: 83K(192K)->83K(192K)
[22.644s][info   ][gc             ] GC(80) Pause Young (Allocation Failure) 1795M->1791M(2118M) 20.761ms
[22.644s][info   ][gc,cpu         ] GC(80) User=0.06s Sys=0.09s Real=0.02s
[22.644s][debug  ][gc,heap        ] GC(80) Heap after GC invocations=81 (full 11):
[22.644s][debug  ][gc,heap        ] GC(80)  PSYoungGen      total 230912K, used 30720K [0x00000007f0000000, 0x0000000800000000, 0x0000000800000000)
[22.644s][debug  ][gc,heap        ] GC(80)   eden space 199680K, 0% used [0x00000007f0000000,0x00000007f0000000,0x00000007fc300000)
[22.644s][debug  ][gc,heap        ] GC(80)   from space 31232K, 98% used [0x00000007fc300000,0x00000007fe100030,0x00000007fe180000)
[22.644s][debug  ][gc,heap        ] GC(80)   to   space 31232K, 0% used [0x00000007fe180000,0x00000007fe180000,0x0000000800000000)
[22.644s][debug  ][gc,heap        ] GC(80)  ParOldGen       total 1938432K, used 1803877K [0x0000000740000000, 0x00000007b6500000, 0x00000007f0000000)
[22.644s][debug  ][gc,heap        ] GC(80)   object space 1938432K, 93% used [0x0000000740000000,0x00000007ae1996f8,0x00000007b6500000)
[22.644s][debug  ][gc,heap        ] GC(80)  Metaspace       used 1021K, committed 1216K, reserved 1056768K
[22.644s][debug  ][gc,heap        ] GC(80)   class space    used 83K, committed 192K, reserved 1048576K
[22.644s][debug  ][gc,task,time   ] GC(80) VM-Thread 226223022 226416993 226437408
[22.644s][debug  ][gc,phases,start] GC(81) Pre Compact
[22.644s][debug  ][gc,heap        ] GC(81) Heap before GC invocations=82 (full 12):
[22.644s][debug  ][gc,heap        ] GC(81)  PSYoungGen      total 230912K, used 30720K [0x00000007f0000000, 0x0000000800000000, 0x0000000800000000)
[22.644s][debug  ][gc,heap        ] GC(81)   eden space 199680K, 0% used [0x00000007f0000000,0x00000007f0000000,0x00000007fc300000)
[22.644s][debug  ][gc,heap        ] GC(81)   from space 31232K, 98% used [0x00000007fc300000,0x00000007fe100030,0x00000007fe180000)
[22.644s][debug  ][gc,heap        ] GC(81)   to   space 31232K, 0% used [0x00000007fe180000,0x00000007fe180000,0x0000000800000000)
[22.644s][debug  ][gc,heap        ] GC(81)  ParOldGen       total 1938432K, used 1803877K [0x0000000740000000, 0x00000007b6500000, 0x00000007f0000000)
[22.644s][debug  ][gc,heap        ] GC(81)   object space 1938432K, 93% used [0x0000000740000000,0x00000007ae1996f8,0x00000007b6500000)
[22.644s][debug  ][gc,heap        ] GC(81)  Metaspace       used 1021K, committed 1216K, reserved 1056768K
[22.644s][debug  ][gc,heap        ] GC(81)   class space    used 83K, committed 192K, reserved 1048576K
[22.644s][debug  ][gc,phases      ] GC(81) Pre Compact 0.201ms
[22.644s][info   ][gc,start       ] GC(81) Pause Full (Ergonomics)
[22.644s][info   ][gc,phases,start] GC(81) Marking Phase
[22.644s][debug  ][gc,phases,start] GC(81) Par Mark
[22.645s][debug  ][gc,phases      ] GC(81) Par Mark 0.511ms
[22.645s][debug  ][gc,phases,start] GC(81) Reference Processing
[22.645s][debug  ][gc,ref         ] GC(81) Skipped phase 1 of Reference Processing: no references
[22.645s][debug  ][gc,ref         ] GC(81) ReferenceProcessor::execute queues: 1, RefProcThreadModel::Single, marks_oops_alive: false
[22.645s][debug  ][gc,ref         ] GC(81) Skipped phase 3 of Reference Processing: no references
[22.645s][debug  ][gc,ref         ] GC(81) ReferenceProcessor::execute queues: 1, RefProcThreadModel::Single, marks_oops_alive: false
[22.645s][debug  ][gc,phases,ref  ] GC(81) Reference Processing: 0.1ms
[22.645s][debug  ][gc,phases,ref  ] GC(81)   Reconsider SoftReferences: 0.0ms
[22.645s][debug  ][gc,phases,ref  ] GC(81)     SoftRef (ms):                  skipped
[22.645s][debug  ][gc,phases,ref  ] GC(81)   Notify Soft/WeakReferences: 0.0ms
[22.645s][debug  ][gc,phases,ref  ] GC(81)     SoftRef (ms):                  Min:  0.0, Avg:  0.0, Max:  0.0, Diff:  0.0, Sum:  0.0, Workers: 10
[22.645s][debug  ][gc,phases,ref  ] GC(81)     WeakRef (ms):                  Min:  0.0, Avg:  0.0, Max:  0.0, Diff:  0.0, Sum:  0.0, Workers: 10
[22.645s][debug  ][gc,phases,ref  ] GC(81)     FinalRef (ms):                 Min:  0.0, Avg:  0.0, Max:  0.0, Diff:  0.0, Sum:  0.0, Workers: 10
[22.645s][debug  ][gc,phases,ref  ] GC(81)     Total (ms):                    Min:  0.0, Avg:  0.0, Max:  0.0, Diff:  0.0, Sum:  0.0, Workers: 10
[22.645s][debug  ][gc,phases,ref  ] GC(81)   Notify and keep alive finalizable: 0.0ms
[22.645s][debug  ][gc,phases,ref  ] GC(81)     FinalRef (ms):                 skipped
[22.645s][debug  ][gc,phases,ref  ] GC(81)   Notify PhantomReferences: 0.0ms
[22.645s][debug  ][gc,phases,ref  ] GC(81)     PhantomRef (ms):               Min:  0.0, Avg:  0.0, Max:  0.0, Diff:  0.0, Sum:  0.0, Workers: 10
[22.645s][debug  ][gc,phases,ref  ] GC(81)   SoftReference:
[22.645s][debug  ][gc,phases,ref  ] GC(81)     Discovered: 0
[22.645s][debug  ][gc,phases,ref  ] GC(81)     Cleared: 0
[22.645s][debug  ][gc,phases,ref  ] GC(81)   WeakReference:
[22.645s][debug  ][gc,phases,ref  ] GC(81)     Discovered: 74
[22.645s][debug  ][gc,phases,ref  ] GC(81)     Cleared: 74
[22.645s][debug  ][gc,phases,ref  ] GC(81)   FinalReference:
[22.645s][debug  ][gc,phases,ref  ] GC(81)     Discovered: 0
[22.645s][debug  ][gc,phases,ref  ] GC(81)     Cleared: 0
[22.645s][debug  ][gc,phases,ref  ] GC(81)   PhantomReference:
[22.645s][debug  ][gc,phases,ref  ] GC(81)     Discovered: 5
[22.645s][debug  ][gc,phases,ref  ] GC(81)     Cleared: 5
[22.645s][debug  ][gc,phases      ] GC(81) Reference Processing 0.577ms
[22.645s][debug  ][gc,phases,start] GC(81) Weak Processing
[22.645s][debug  ][gc,phases      ] GC(81)   VM Weak                        Min:  0.0, Avg:  0.0, Max:  0.0, Diff:  0.0, Sum:  0.0, Workers: 6
[22.645s][debug  ][gc,phases      ] GC(81)     Dead                           Min: 0, Avg:  0.0, Max: 0, Diff: 0, Sum: 0, Workers: 6
[22.645s][debug  ][gc,phases      ] GC(81)     Total                          Min: 0, Avg:  1.3, Max: 8, Diff: 8, Sum: 8, Workers: 6
[22.645s][debug  ][gc,phases      ] GC(81)   ObjectSynchronizer Weak        Min:  0.0, Avg:  0.0, Max:  0.0, Diff:  0.0, Sum:  0.0, Workers: 6
[22.645s][debug  ][gc,phases      ] GC(81)     Dead                           Min: 0, Avg:  0.0, Max: 0, Diff: 0, Sum: 0, Workers: 6
[22.645s][debug  ][gc,phases      ] GC(81)     Total                          Min: 0, Avg:  0.5, Max: 3, Diff: 3, Sum: 3, Workers: 6
[22.645s][debug  ][gc,phases      ] GC(81)   JVMTI Tag Weak OopStorage      Min:  0.0, Avg:  0.0, Max:  0.0, Diff:  0.0, Sum:  0.0, Workers: 6
[22.645s][debug  ][gc,phases      ] GC(81)     Dead                           Min: 0, Avg:  0.0, Max: 0, Diff: 0, Sum: 0, Workers: 6
[22.645s][debug  ][gc,phases      ] GC(81)     Total                          Min: 0, Avg:  0.0, Max: 0, Diff: 0, Sum: 0, Workers: 6
[22.645s][debug  ][gc,phases      ] GC(81)   StringTable Weak               Min:  0.0, Avg:  0.0, Max:  0.0, Diff:  0.0, Sum:  0.0, Workers: 6
[22.645s][debug  ][gc,phases      ] GC(81)     Dead                           Min: 0, Avg:  0.0, Max: 0, Diff: 0, Sum: 0, Workers: 6
[22.645s][debug  ][gc,phases      ] GC(81)     Total                          Min: 384, Avg: 892.5, Max: 1216, Diff: 832, Sum: 5355, Workers: 6
[22.645s][debug  ][gc,phases      ] GC(81)   ResolvedMethodTable Weak       Min:  0.0, Avg:  0.0, Max:  0.0, Diff:  0.0, Sum:  0.0, Workers: 6
[22.645s][debug  ][gc,phases      ] GC(81)     Dead                           Min: 0, Avg:  0.0, Max: 0, Diff: 0, Sum: 0, Workers: 6
[22.646s][debug  ][gc,phases      ] GC(81)     Total                          Min: 0, Avg: 21.7, Max: 64, Diff: 64, Sum: 130, Workers: 6
[22.646s][debug  ][gc,phases      ] GC(81)   JNI Weak                       Min:  0.0, Avg:  0.0, Max:  0.0, Diff:  0.0, Sum:  0.0, Workers: 6
[22.646s][debug  ][gc,phases      ] GC(81)     Dead                           Min: 0, Avg:  0.0, Max: 0, Diff: 0, Sum: 0, Workers: 6
[22.646s][debug  ][gc,phases      ] GC(81)     Total                          Min: 0, Avg:  0.0, Max: 0, Diff: 0, Sum: 0, Workers: 6
[22.646s][debug  ][gc,phases      ] GC(81)   StringDedup Table Weak         Min:  0.0, Avg:  0.0, Max:  0.0, Diff:  0.0, Sum:  0.0, Workers: 6
[22.646s][debug  ][gc,phases      ] GC(81)     Dead                           Min: 0, Avg:  0.0, Max: 0, Diff: 0, Sum: 0, Workers: 6
[22.646s][debug  ][gc,phases      ] GC(81)     Total                          Min: 0, Avg:  0.0, Max: 0, Diff: 0, Sum: 0, Workers: 6
[22.646s][debug  ][gc,phases      ] GC(81)   StringDedup Requests0 Weak     Min:  0.0, Avg:  0.0, Max:  0.0, Diff:  0.0, Sum:  0.0, Workers: 6
[22.646s][debug  ][gc,phases      ] GC(81)     Dead                           Min: 0, Avg:  0.0, Max: 0, Diff: 0, Sum: 0, Workers: 6
[22.646s][debug  ][gc,phases      ] GC(81)     Total                          Min: 0, Avg:  0.0, Max: 0, Diff: 0, Sum: 0, Workers: 6
[22.646s][debug  ][gc,phases      ] GC(81)   StringDedup Requests1 Weak     Min:  0.0, Avg:  0.0, Max:  0.0, Diff:  0.0, Sum:  0.0, Workers: 6
[22.646s][debug  ][gc,phases      ] GC(81)     Dead                           Min: 0, Avg:  0.0, Max: 0, Diff: 0, Sum: 0, Workers: 6
[22.646s][debug  ][gc,phases      ] GC(81)     Total                          Min: 0, Avg:  0.0, Max: 0, Diff: 0, Sum: 0, Workers: 6
[22.646s][debug  ][gc,phases      ] GC(81)   Weak JFR Old Object Samples    Min:  0.0, Avg:  0.0, Max:  0.0, Diff:  0.0, Sum:  0.0, Workers: 6
[22.646s][debug  ][gc,phases      ] GC(81)     Dead                           Min: 0, Avg:  0.0, Max: 0, Diff: 0, Sum: 0, Workers: 6
[22.646s][debug  ][gc,phases      ] GC(81)     Total                          Min: 0, Avg:  0.0, Max: 0, Diff: 0, Sum: 0, Workers: 6
[22.646s][debug  ][gc,phases      ] GC(81) Weak Processing 0.670ms
[22.646s][debug  ][gc,phases,start] GC(81) Class Unloading
[22.646s][debug  ][gc,phases,start] GC(81) ClassLoaderData
[22.646s][debug  ][gc,phases      ] GC(81) ClassLoaderData 0.019ms
[22.646s][debug  ][gc,phases,start] GC(81) Trigger cleanups
[22.646s][debug  ][gc,phases      ] GC(81) Trigger cleanups 0.019ms
[22.646s][debug  ][gc,phases      ] GC(81) Class Unloading 0.252ms
[22.646s][info   ][gc,phases      ] GC(81) Marking Phase 2.119ms
[22.646s][info   ][gc,phases,start] GC(81) Summary Phase
[22.646s][info   ][gc,phases      ] GC(81) Summary Phase 0.039ms
[22.646s][info   ][gc,phases,start] GC(81) Adjust Roots
[22.646s][info   ][gc,phases      ] GC(81) Adjust Roots 0.158ms
[22.646s][info   ][gc,phases,start] GC(81) Compaction Phase
[22.756s][info   ][gc,phases      ] GC(81) Compaction Phase 110.055ms
[22.757s][info   ][gc,phases,start] GC(81) Post Compact
[22.763s][info   ][gc,phases      ] GC(81) Post Compact 6.528ms
[22.763s][debug  ][gc,ergo        ] GC(81) AdaptiveSizeStart: collection: 82 
[22.763s][debug  ][gc,ergo        ] GC(81) PSAdaptiveSizePolicy::compute_eden_space_size limits: desired_eden_size: 229337412 old_eden_size: 204472320 eden_limit: 204472320 cur_eden: 204472320 max_eden_size: 204472320 avg_young_live: 26046124
[22.763s][debug  ][gc,ergo        ] GC(81) PSAdaptiveSizePolicy::compute_eden_space_size: costs minor_time: 0.053834 major_cost: 0.034704 mutator_cost: 0.911462 throughput_goal: 0.990000
[22.763s][debug  ][gc,ergo        ] GC(81) Live_space: 921489792 free_space: 1425539072
[22.763s][debug  ][gc,ergo        ] GC(81) Old eden_size: 204472320 desired_eden_size: 204472320
[22.763s][debug  ][gc,ergo        ] GC(81) PSAdaptiveSizePolicy::compute_old_gen_free_space: costs minor_time: 0.053834 major_cost: 0.034704  mutator_cost: 0.911462 throughput_goal: 0.990000
[22.763s][debug  ][gc,ergo        ] GC(81) Live_space: 961716992 free_space: 1425539072
[22.763s][debug  ][gc,ergo        ] GC(81) Old promo_size: 1221066752 desired_promo_size: 1326972928
[22.765s][debug  ][gc             ] GC(81) Expanding ParOldGen from 1938432K by 623616K to 2562048K
[22.765s][debug  ][gc,ergo        ] GC(81) AdaptiveSizeStop: collection: 82 
[22.765s][info   ][gc,heap        ] GC(81) PSYoungGen: 30720K(230912K)->0K(230912K) Eden: 0K(199680K)->0K(199680K) From: 30720K(31232K)->0K(31232K)
[22.765s][info   ][gc,heap        ] GC(81) ParOldGen: 1803877K(1938432K)->1005156K(2562048K)
[22.765s][info   ][gc,metaspace   ] GC(81) Metaspace: 1021K(1216K)->1021K(1216K) NonClass: 937K(1024K)->937K(1024K) Class: 83K(192K)->83K(192K)
[22.765s][info   ][gc             ] GC(81) Pause Full (Ergonomics) 1791M->981M(2727M) 120.917ms
[22.765s][info   ][gc,cpu         ] GC(81) User=1.20s Sys=0.00s Real=0.12s
[22.765s][debug  ][gc,heap        ] GC(81) Heap after GC invocations=82 (full 12):
[22.765s][debug  ][gc,heap        ] GC(81)  PSYoungGen      total 230912K, used 0K [0x00000007f0000000, 0x0000000800000000, 0x0000000800000000)
[22.765s][debug  ][gc,heap        ] GC(81)   eden space 199680K, 0% used [0x00000007f0000000,0x00000007f0000000,0x00000007fc300000)
[22.765s][debug  ][gc,heap        ] GC(81)   from space 31232K, 0% used [0x00000007fe180000,0x00000007fe180000,0x0000000800000000)
[22.765s][debug  ][gc,heap        ] GC(81)   to   space 31232K, 0% used [0x00000007fc300000,0x00000007fc300000,0x00000007fe180000)
[22.765s][debug  ][gc,heap        ] GC(81)  ParOldGen       total 2562048K, used 1005156K [0x0000000740000000, 0x00000007dc600000, 0x00000007f0000000)
[22.765s][debug  ][gc,heap        ] GC(81)   object space 2562048K, 39% used [0x0000000740000000,0x000000077d599218,0x00000007dc600000)
[22.765s][debug  ][gc,heap        ] GC(81)  Metaspace       used 1021K, committed 1216K, reserved 1056768K
[22.765s][debug  ][gc,heap        ] GC(81)   class space    used 83K, committed 192K, reserved 1048576K
[22.765s][debug  ][gc,task,time   ] GC(81) VM-Thread 226440113 226464247 227649657
[23.066s][debug  ][gc,heap        ] GC(82) Heap before GC invocations=83 (full 12):
[23.067s][debug  ][gc,heap        ] GC(82)  PSYoungGen      total 230912K, used 198471K [0x00000007f0000000, 0x0000000800000000, 0x0000000800000000)
[23.067s][debug  ][gc,heap        ] GC(82)   eden space 199680K, 99% used [0x00000007f0000000,0x00000007fc1d1eb0,0x00000007fc300000)
[23.067s][debug  ][gc,heap        ] GC(82)   from space 31232K, 0% used [0x00000007fe180000,0x00000007fe180000,0x0000000800000000)
[23.067s][debug  ][gc,heap        ] GC(82)   to   space 31232K, 0% used [0x00000007fc300000,0x00000007fc300000,0x00000007fe180000)
[23.067s][debug  ][gc,heap        ] GC(82)  ParOldGen       total 2562048K, used 1005156K [0x0000000740000000, 0x00000007dc600000, 0x00000007f0000000)
[23.067s][debug  ][gc,heap        ] GC(82)   object space 2562048K, 39% used [0x0000000740000000,0x000000077d599218,0x00000007dc600000)
[23.067s][debug  ][gc,heap        ] GC(82)  Metaspace       used 1021K, committed 1216K, reserved 1056768K
[23.067s][debug  ][gc,heap        ] GC(82)   class space    used 83K, committed 192K, reserved 1048576K
[23.067s][debug  ][gc,tlab        ] GC(82) TLAB totals: thrds: 1  refills: 1 max: 1 slow allocs: 18 max 18 waste: 27.6% gc: 4004184B max: 4004184B slow: 0B max: 0B
[23.067s][info   ][gc,start       ] GC(82) Pause Young (Allocation Failure)
[23.067s][debug  ][gc,phases,start] GC(82) Scavenge
[23.079s][debug  ][gc,phases      ] GC(82) Scavenge 12.169ms
[23.079s][debug  ][gc,phases,start] GC(82) Reference Processing
[23.079s][debug  ][gc,ref         ] GC(82) Skipped phase 1 of Reference Processing: no references
[23.079s][debug  ][gc,ref         ] GC(82) Skipped phase 2 of Reference Processing: no references
[23.079s][debug  ][gc,ref         ] GC(82) Skipped phase 3 of Reference Processing: no references
[23.079s][debug  ][gc,ref         ] GC(82) Skipped phase 4 of Reference Processing: no references
[23.079s][debug  ][gc,phases,ref  ] GC(82) Reference Processing: 0.1ms
[23.079s][debug  ][gc,phases,ref  ] GC(82)   Reconsider SoftReferences: 0.0ms
[23.079s][debug  ][gc,phases,ref  ] GC(82)     SoftRef (ms):                  skipped
[23.079s][debug  ][gc,phases,ref  ] GC(82)   Notify Soft/WeakReferences: 0.0ms
[23.080s][debug  ][gc,phases,ref  ] GC(82)     SoftRef (ms):                  skipped
[23.080s][debug  ][gc,phases,ref  ] GC(82)     WeakRef (ms):                  skipped
[23.080s][debug  ][gc,phases,ref  ] GC(82)     FinalRef (ms):                 skipped
[23.080s][debug  ][gc,phases,ref  ] GC(82)     Total (ms):                    skipped
[23.080s][debug  ][gc,phases,ref  ] GC(82)   Notify and keep alive finalizable: 0.0ms
[23.080s][debug  ][gc,phases,ref  ] GC(82)     FinalRef (ms):                 skipped
[23.080s][debug  ][gc,phases,ref  ] GC(82)   Notify PhantomReferences: 0.0ms
[23.080s][debug  ][gc,phases,ref  ] GC(82)     PhantomRef (ms):               skipped
[23.080s][debug  ][gc,phases,ref  ] GC(82)   SoftReference:
[23.080s][debug  ][gc,phases,ref  ] GC(82)     Discovered: 0
[23.080s][debug  ][gc,phases,ref  ] GC(82)     Cleared: 0
[23.080s][debug  ][gc,phases,ref  ] GC(82)   WeakReference:
[23.080s][debug  ][gc,phases,ref  ] GC(82)     Discovered: 0
[23.080s][debug  ][gc,phases,ref  ] GC(82)     Cleared: 0
[23.080s][debug  ][gc,phases,ref  ] GC(82)   FinalReference:
[23.080s][debug  ][gc,phases,ref  ] GC(82)     Discovered: 0
[23.080s][debug  ][gc,phases,ref  ] GC(82)     Cleared: 0
[23.080s][debug  ][gc,phases,ref  ] GC(82)   PhantomReference:
[23.080s][debug  ][gc,phases,ref  ] GC(82)     Discovered: 0
[23.080s][debug  ][gc,phases,ref  ] GC(82)     Cleared: 0
[23.080s][debug  ][gc,phases      ] GC(82) Reference Processing 0.817ms
[23.080s][debug  ][gc,phases,start] GC(82) Weak Processing
[23.080s][debug  ][gc,phases      ] GC(82)   VM Weak                        Min:  0.0, Avg:  0.0, Max:  0.0, Diff:  0.0, Sum:  0.0, Workers: 6
[23.080s][debug  ][gc,phases      ] GC(82)     Dead                           Min: 0, Avg:  0.0, Max: 0, Diff: 0, Sum: 0, Workers: 6
[23.080s][debug  ][gc,phases      ] GC(82)     Total                          Min: 0, Avg:  1.3, Max: 8, Diff: 8, Sum: 8, Workers: 6
[23.080s][debug  ][gc,phases      ] GC(82)   ObjectSynchronizer Weak        Min:  0.0, Avg:  0.0, Max:  0.0, Diff:  0.0, Sum:  0.0, Workers: 6
[23.080s][debug  ][gc,phases      ] GC(82)     Dead                           Min: 0, Avg:  0.0, Max: 0, Diff: 0, Sum: 0, Workers: 6
[23.080s][debug  ][gc,phases      ] GC(82)     Total                          Min: 0, Avg:  0.5, Max: 3, Diff: 3, Sum: 3, Workers: 6
[23.080s][debug  ][gc,phases      ] GC(82)   JVMTI Tag Weak OopStorage      Min:  0.0, Avg:  0.0, Max:  0.0, Diff:  0.0, Sum:  0.0, Workers: 6
[23.080s][debug  ][gc,phases      ] GC(82)     Dead                           Min: 0, Avg:  0.0, Max: 0, Diff: 0, Sum: 0, Workers: 6
[23.080s][debug  ][gc,phases      ] GC(82)     Total                          Min: 0, Avg:  0.0, Max: 0, Diff: 0, Sum: 0, Workers: 6
[23.080s][debug  ][gc,phases      ] GC(82)   StringTable Weak               Min:  0.0, Avg:  0.0, Max:  0.0, Diff:  0.0, Sum:  0.1, Workers: 6
[23.080s][debug  ][gc,phases      ] GC(82)     Dead                           Min: 0, Avg:  0.0, Max: 0, Diff: 0, Sum: 0, Workers: 6
[23.080s][debug  ][gc,phases      ] GC(82)     Total                          Min: 812, Avg: 892.5, Max: 1023, Diff: 211, Sum: 5355, Workers: 6
[23.080s][debug  ][gc,phases      ] GC(82)   ResolvedMethodTable Weak       Min:  0.0, Avg:  0.0, Max:  0.0, Diff:  0.0, Sum:  0.0, Workers: 6
[23.080s][debug  ][gc,phases      ] GC(82)     Dead                           Min: 0, Avg:  0.0, Max: 0, Diff: 0, Sum: 0, Workers: 6
[23.080s][debug  ][gc,phases      ] GC(82)     Total                          Min: 0, Avg: 21.7, Max: 66, Diff: 66, Sum: 130, Workers: 6
[23.081s][debug  ][gc,phases      ] GC(82)   JNI Weak                       Min:  0.0, Avg:  0.0, Max:  0.0, Diff:  0.0, Sum:  0.0, Workers: 6
[23.081s][debug  ][gc,phases      ] GC(82)     Dead                           Min: 0, Avg:  0.0, Max: 0, Diff: 0, Sum: 0, Workers: 6
[23.081s][debug  ][gc,phases      ] GC(82)     Total                          Min: 0, Avg:  0.0, Max: 0, Diff: 0, Sum: 0, Workers: 6
[23.081s][debug  ][gc,phases      ] GC(82)   StringDedup Table Weak         Min:  0.0, Avg:  0.0, Max:  0.0, Diff:  0.0, Sum:  0.0, Workers: 6
[23.081s][debug  ][gc,phases      ] GC(82)     Dead                           Min: 0, Avg:  0.0, Max: 0, Diff: 0, Sum: 0, Workers: 6
[23.081s][debug  ][gc,phases      ] GC(82)     Total                          Min: 0, Avg:  0.0, Max: 0, Diff: 0, Sum: 0, Workers: 6
[23.081s][debug  ][gc,phases      ] GC(82)   StringDedup Requests0 Weak     Min:  0.0, Avg:  0.0, Max:  0.0, Diff:  0.0, Sum:  0.0, Workers: 6
[23.081s][debug  ][gc,phases      ] GC(82)     Dead                           Min: 0, Avg:  0.0, Max: 0, Diff: 0, Sum: 0, Workers: 6
[23.081s][debug  ][gc,phases      ] GC(82)     Total                          Min: 0, Avg:  0.0, Max: 0, Diff: 0, Sum: 0, Workers: 6
[23.081s][debug  ][gc,phases      ] GC(82)   StringDedup Requests1 Weak     Min:  0.0, Avg:  0.0, Max:  0.0, Diff:  0.0, Sum:  0.0, Workers: 6
[23.081s][debug  ][gc,phases      ] GC(82)     Dead                           Min: 0, Avg:  0.0, Max: 0, Diff: 0, Sum: 0, Workers: 6
[23.081s][debug  ][gc,phases      ] GC(82)     Total                          Min: 0, Avg:  0.0, Max: 0, Diff: 0, Sum: 0, Workers: 6
[23.081s][debug  ][gc,phases      ] GC(82)   Weak JFR Old Object Samples    Min:  0.0, Avg:  0.0, Max:  0.0, Diff:  0.0, Sum:  0.0, Workers: 6
[23.081s][debug  ][gc,phases      ] GC(82)     Dead                           Min: 0, Avg:  0.0, Max: 0, Diff: 0, Sum: 0, Workers: 6
[23.081s][debug  ][gc,phases      ] GC(82)     Total                          Min: 0, Avg:  0.0, Max: 0, Diff: 0, Sum: 0, Workers: 6
[23.081s][debug  ][gc,phases      ] GC(82) Weak Processing 0.721ms
[23.081s][debug  ][gc,ergo        ] GC(82) AdaptiveSizeStart:  collection: 83 
[23.081s][debug  ][gc,ergo        ] GC(82) avg_survived_padded_avg: 31490004.000000
[23.081s][debug  ][gc,ergo        ] GC(82) avg_promoted_padded_avg: 262578368.000000  avg_pretenured_padded_avg: 0.000000  tenuring_thresh: 1  target_size: 31981568
[23.081s][debug  ][gc,age         ] GC(82) Desired survivor size 31981568 bytes, new threshold 1 (max threshold 15)
[23.081s][debug  ][gc,ergo        ] GC(82) PSAdaptiveSizePolicy::compute_eden_space_size limits: desired_eden_size: 228266329 old_eden_size: 204472320 eden_limit: 204472320 cur_eden: 204472320 max_eden_size: 204472320 avg_young_live: 26587242
[23.081s][debug  ][gc,ergo        ] GC(82) PSAdaptiveSizePolicy::compute_eden_space_size: costs minor_time: 0.048288 major_cost: 0.034704 mutator_cost: 0.917008 throughput_goal: 0.990000
[23.081s][debug  ][gc,ergo        ] GC(82) Live_space: 962258176 free_space: 1531445248
[23.081s][debug  ][gc,ergo        ] GC(82) Old eden_size: 204472320 desired_eden_size: 204472320
[23.081s][debug  ][gc,ergo        ] GC(82) AdaptiveSizeStop: collection: 83 
[23.081s][info   ][gc,heap        ] GC(82) PSYoungGen: 198471K(230912K)->30720K(230912K) Eden: 198471K(199680K)->0K(199680K) From: 0K(31232K)->30720K(31232K)
[23.081s][info   ][gc,heap        ] GC(82) ParOldGen: 1005156K(2562048K)->1148516K(2562048K)
[23.081s][info   ][gc,metaspace   ] GC(82) Metaspace: 1021K(1216K)->1021K(1216K) NonClass: 937K(1024K)->937K(1024K) Class: 83K(192K)->83K(192K)
[23.081s][info   ][gc             ] GC(82) Pause Young (Allocation Failure) 1175M->1151M(2727M) 14.196ms
[23.081s][info   ][gc,cpu         ] GC(82) User=0.00s Sys=0.00s Real=0.01s
[23.081s][debug  ][gc,heap        ] GC(82) Heap after GC invocations=83 (full 12):
[23.081s][debug  ][gc,heap        ] GC(82)  PSYoungGen      total 230912K, used 30720K [0x00000007f0000000, 0x0000000800000000, 0x0000000800000000)
[23.081s][debug  ][gc,heap        ] GC(82)   eden space 199680K, 0% used [0x00000007f0000000,0x00000007f0000000,0x00000007fc300000)
[23.081s][debug  ][gc,heap        ] GC(82)   from space 31232K, 98% used [0x00000007fc300000,0x00000007fe100030,0x00000007fe180000)
[23.081s][debug  ][gc,heap        ] GC(82)   to   space 31232K, 0% used [0x00000007fe180000,0x00000007fe180000,0x0000000800000000)
[23.081s][debug  ][gc,heap        ] GC(82)  ParOldGen       total 2562048K, used 1148516K [0x0000000740000000, 0x00000007dc600000, 0x00000007f0000000)
[23.081s][debug  ][gc,heap        ] GC(82)   object space 2562048K, 44% used [0x0000000740000000,0x00000007861992f8,0x00000007dc600000)
[23.081s][debug  ][gc,heap        ] GC(82)  Metaspace       used 1021K, committed 1216K, reserved 1056768K
[23.081s][debug  ][gc,heap        ] GC(82)   class space    used 83K, committed 192K, reserved 1048576K
[23.081s][debug  ][gc,task,time   ] GC(82) VM-Thread 230664522 230792573 230814017
[23.384s][debug  ][gc,heap        ] GC(83) Heap before GC invocations=84 (full 12):
[23.384s][debug  ][gc,heap        ] GC(83)  PSYoungGen      total 230912K, used 229120K [0x00000007f0000000, 0x0000000800000000, 0x0000000800000000)
[23.384s][debug  ][gc,heap        ] GC(83)   eden space 199680K, 99% used [0x00000007f0000000,0x00000007fc1c0328,0x00000007fc300000)
[23.384s][debug  ][gc,heap        ] GC(83)   from space 31232K, 98% used [0x00000007fc300000,0x00000007fe100030,0x00000007fe180000)
[23.384s][debug  ][gc,heap        ] GC(83)   to   space 31232K, 0% used [0x00000007fe180000,0x00000007fe180000,0x0000000800000000)
[23.384s][debug  ][gc,heap        ] GC(83)  ParOldGen       total 2562048K, used 1148516K [0x0000000740000000, 0x00000007dc600000, 0x00000007f0000000)
[23.384s][debug  ][gc,heap        ] GC(83)   object space 2562048K, 44% used [0x0000000740000000,0x00000007861992f8,0x00000007dc600000)
[23.384s][debug  ][gc,heap        ] GC(83)  Metaspace       used 1021K, committed 1216K, reserved 1056768K
[23.384s][debug  ][gc,heap        ] GC(83)   class space    used 83K, committed 192K, reserved 1048576K
[23.384s][debug  ][gc,tlab        ] GC(83) TLAB totals: thrds: 1  refills: 1 max: 1 slow allocs: 18 max 18 waste: 27.3% gc: 3932664B max: 3932664B slow: 0B max: 0B
[23.384s][info   ][gc,start       ] GC(83) Pause Young (Allocation Failure)
[23.384s][debug  ][gc,phases,start] GC(83) Scavenge
[23.399s][debug  ][gc,phases      ] GC(83) Scavenge 15.232ms
[23.399s][debug  ][gc,phases,start] GC(83) Reference Processing
[23.399s][debug  ][gc,ref         ] GC(83) Skipped phase 1 of Reference Processing: no references
[23.399s][debug  ][gc,ref         ] GC(83) Skipped phase 2 of Reference Processing: no references
[23.399s][debug  ][gc,ref         ] GC(83) Skipped phase 3 of Reference Processing: no references
[23.399s][debug  ][gc,ref         ] GC(83) Skipped phase 4 of Reference Processing: no references
[23.399s][debug  ][gc,phases,ref  ] GC(83) Reference Processing: 0.1ms
[23.399s][debug  ][gc,phases,ref  ] GC(83)   Reconsider SoftReferences: 0.0ms
[23.399s][debug  ][gc,phases,ref  ] GC(83)     SoftRef (ms):                  skipped
[23.399s][debug  ][gc,phases,ref  ] GC(83)   Notify Soft/WeakReferences: 0.0ms
[23.399s][debug  ][gc,phases,ref  ] GC(83)     SoftRef (ms):                  skipped
[23.399s][debug  ][gc,phases,ref  ] GC(83)     WeakRef (ms):                  skipped
[23.400s][debug  ][gc,phases,ref  ] GC(83)     FinalRef (ms):                 skipped
[23.400s][debug  ][gc,phases,ref  ] GC(83)     Total (ms):                    skipped
[23.400s][debug  ][gc,phases,ref  ] GC(83)   Notify and keep alive finalizable: 0.0ms
[23.400s][debug  ][gc,phases,ref  ] GC(83)     FinalRef (ms):                 skipped
[23.400s][debug  ][gc,phases,ref  ] GC(83)   Notify PhantomReferences: 0.0ms
[23.400s][debug  ][gc,phases,ref  ] GC(83)     PhantomRef (ms):               skipped
[23.400s][debug  ][gc,phases,ref  ] GC(83)   SoftReference:
[23.400s][debug  ][gc,phases,ref  ] GC(83)     Discovered: 0
[23.400s][debug  ][gc,phases,ref  ] GC(83)     Cleared: 0
[23.400s][debug  ][gc,phases,ref  ] GC(83)   WeakReference:
[23.400s][debug  ][gc,phases,ref  ] GC(83)     Discovered: 0
[23.400s][debug  ][gc,phases,ref  ] GC(83)     Cleared: 0
[23.400s][debug  ][gc,phases,ref  ] GC(83)   FinalReference:
[23.400s][debug  ][gc,phases,ref  ] GC(83)     Discovered: 0
[23.400s][debug  ][gc,phases,ref  ] GC(83)     Cleared: 0
[23.400s][debug  ][gc,phases,ref  ] GC(83)   PhantomReference:
[23.400s][debug  ][gc,phases,ref  ] GC(83)     Discovered: 0
[23.400s][debug  ][gc,phases,ref  ] GC(83)     Cleared: 0
[23.400s][debug  ][gc,phases      ] GC(83) Reference Processing 0.675ms
[23.400s][debug  ][gc,phases,start] GC(83) Weak Processing
[23.400s][debug  ][gc,phases      ] GC(83)   VM Weak                        Min:  0.0, Avg:  0.0, Max:  0.0, Diff:  0.0, Sum:  0.0, Workers: 6
[23.400s][debug  ][gc,phases      ] GC(83)     Dead                           Min: 0, Avg:  0.0, Max: 0, Diff: 0, Sum: 0, Workers: 6
[23.400s][debug  ][gc,phases      ] GC(83)     Total                          Min: 0, Avg:  1.3, Max: 8, Diff: 8, Sum: 8, Workers: 6
[23.400s][debug  ][gc,phases      ] GC(83)   ObjectSynchronizer Weak        Min:  0.0, Avg:  0.0, Max:  0.0, Diff:  0.0, Sum:  0.0, Workers: 6
[23.400s][debug  ][gc,phases      ] GC(83)     Dead                           Min: 0, Avg:  0.0, Max: 0, Diff: 0, Sum: 0, Workers: 6
[23.400s][debug  ][gc,phases      ] GC(83)     Total                          Min: 0, Avg:  0.5, Max: 3, Diff: 3, Sum: 3, Workers: 6
[23.400s][debug  ][gc,phases      ] GC(83)   JVMTI Tag Weak OopStorage      Min:  0.0, Avg:  0.0, Max:  0.0, Diff:  0.0, Sum:  0.0, Workers: 6
[23.400s][debug  ][gc,phases      ] GC(83)     Dead                           Min: 0, Avg:  0.0, Max: 0, Diff: 0, Sum: 0, Workers: 6
[23.400s][debug  ][gc,phases      ] GC(83)     Total                          Min: 0, Avg:  0.0, Max: 0, Diff: 0, Sum: 0, Workers: 6
[23.400s][debug  ][gc,phases      ] GC(83)   StringTable Weak               Min:  0.0, Avg:  0.0, Max:  0.0, Diff:  0.0, Sum:  0.1, Workers: 6
[23.400s][debug  ][gc,phases      ] GC(83)     Dead                           Min: 0, Avg:  0.0, Max: 0, Diff: 0, Sum: 0, Workers: 6
[23.400s][debug  ][gc,phases      ] GC(83)     Total                          Min: 704, Avg: 892.5, Max: 1087, Diff: 383, Sum: 5355, Workers: 6
[23.400s][debug  ][gc,phases      ] GC(83)   ResolvedMethodTable Weak       Min:  0.0, Avg:  0.0, Max:  0.0, Diff:  0.0, Sum:  0.0, Workers: 6
[23.400s][debug  ][gc,phases      ] GC(83)     Dead                           Min: 0, Avg:  0.0, Max: 0, Diff: 0, Sum: 0, Workers: 6
[23.400s][debug  ][gc,phases      ] GC(83)     Total                          Min: 0, Avg: 21.7, Max: 64, Diff: 64, Sum: 130, Workers: 6
[23.400s][debug  ][gc,phases      ] GC(83)   JNI Weak                       Min:  0.0, Avg:  0.0, Max:  0.0, Diff:  0.0, Sum:  0.0, Workers: 6
[23.400s][debug  ][gc,phases      ] GC(83)     Dead                           Min: 0, Avg:  0.0, Max: 0, Diff: 0, Sum: 0, Workers: 6
[23.400s][debug  ][gc,phases      ] GC(83)     Total                          Min: 0, Avg:  0.0, Max: 0, Diff: 0, Sum: 0, Workers: 6
[23.400s][debug  ][gc,phases      ] GC(83)   StringDedup Table Weak         Min:  0.0, Avg:  0.0, Max:  0.0, Diff:  0.0, Sum:  0.0, Workers: 6
[23.400s][debug  ][gc,phases      ] GC(83)     Dead                           Min: 0, Avg:  0.0, Max: 0, Diff: 0, Sum: 0, Workers: 6
[23.401s][debug  ][gc,phases      ] GC(83)     Total                          Min: 0, Avg:  0.0, Max: 0, Diff: 0, Sum: 0, Workers: 6
[23.401s][debug  ][gc,phases      ] GC(83)   StringDedup Requests0 Weak     Min:  0.0, Avg:  0.0, Max:  0.0, Diff:  0.0, Sum:  0.0, Workers: 6
[23.401s][debug  ][gc,phases      ] GC(83)     Dead                           Min: 0, Avg:  0.0, Max: 0, Diff: 0, Sum: 0, Workers: 6
[23.401s][debug  ][gc,phases      ] GC(83)     Total                          Min: 0, Avg:  0.0, Max: 0, Diff: 0, Sum: 0, Workers: 6
[23.401s][debug  ][gc,phases      ] GC(83)   StringDedup Requests1 Weak     Min:  0.0, Avg:  0.0, Max:  0.0, Diff:  0.0, Sum:  0.0, Workers: 6
[23.401s][debug  ][gc,phases      ] GC(83)     Dead                           Min: 0, Avg:  0.0, Max: 0, Diff: 0, Sum: 0, Workers: 6
[23.401s][debug  ][gc,phases      ] GC(83)     Total                          Min: 0, Avg:  0.0, Max: 0, Diff: 0, Sum: 0, Workers: 6
[23.401s][debug  ][gc,phases      ] GC(83)   Weak JFR Old Object Samples    Min:  0.0, Avg:  0.0, Max:  0.0, Diff:  0.0, Sum:  0.0, Workers: 6
[23.401s][debug  ][gc,phases      ] GC(83)     Dead                           Min: 0, Avg:  0.0, Max: 0, Diff: 0, Sum: 0, Workers: 6
[23.401s][debug  ][gc,phases      ] GC(83)     Total                          Min: 0, Avg:  0.0, Max: 0, Diff: 0, Sum: 0, Workers: 6
[23.401s][debug  ][gc,phases      ] GC(83) Weak Processing 0.878ms
[23.401s][debug  ][gc,ergo        ] GC(83) AdaptiveSizeStart:  collection: 84 
[23.401s][debug  ][gc,ergo        ] GC(83) avg_survived_padded_avg: 31487162.000000
[23.401s][debug  ][gc,ergo        ] GC(83) avg_promoted_padded_avg: 263547760.000000  avg_pretenured_padded_avg: 0.000000  tenuring_thresh: 1  target_size: 31981568
[23.401s][debug  ][gc,age         ] GC(83) Desired survivor size 31981568 bytes, new threshold 1 (max threshold 15)
[23.401s][debug  ][gc,ergo        ] GC(83) PSAdaptiveSizePolicy::compute_eden_space_size limits: desired_eden_size: 228501389 old_eden_size: 204472320 eden_limit: 204472320 cur_eden: 204472320 max_eden_size: 204472320 avg_young_live: 27074250
[23.401s][debug  ][gc,ergo        ] GC(83) PSAdaptiveSizePolicy::compute_eden_space_size: costs minor_time: 0.049445 major_cost: 0.034704 mutator_cost: 0.915851 throughput_goal: 0.990000
[23.401s][debug  ][gc,ergo        ] GC(83) Live_space: 962745152 free_space: 1531445248
[23.401s][debug  ][gc,ergo        ] GC(83) Old eden_size: 204472320 desired_eden_size: 204472320
[23.401s][debug  ][gc,ergo        ] GC(83) AdaptiveSizeStop: collection: 84 
[23.401s][info   ][gc,heap        ] GC(83) PSYoungGen: 229120K(230912K)->30720K(230912K) Eden: 198400K(199680K)->0K(199680K) From: 30720K(31232K)->30720K(31232K)
[23.401s][info   ][gc,heap        ] GC(83) ParOldGen: 1148516K(2562048K)->1343077K(2562048K)
[23.401s][info   ][gc,metaspace   ] GC(83) Metaspace: 1021K(1216K)->1021K(1216K) NonClass: 937K(1024K)->937K(1024K) Class: 83K(192K)->83K(192K)
[23.401s][info   ][gc             ] GC(83) Pause Young (Allocation Failure) 1345M->1341M(2727M) 17.326ms
[23.401s][info   ][gc,cpu         ] GC(83) User=0.16s Sys=0.00s Real=0.02s
[23.401s][debug  ][gc,heap        ] GC(83) Heap after GC invocations=84 (full 12):
[23.401s][debug  ][gc,heap        ] GC(83)  PSYoungGen      total 230912K, used 30720K [0x00000007f0000000, 0x0000000800000000, 0x0000000800000000)
[23.401s][debug  ][gc,heap        ] GC(83)   eden space 199680K, 0% used [0x00000007f0000000,0x00000007f0000000,0x00000007fc300000)
[23.401s][debug  ][gc,heap        ] GC(83)   from space 31232K, 98% used [0x00000007fe180000,0x00000007fff80030,0x0000000800000000)
[23.401s][debug  ][gc,heap        ] GC(83)   to   space 31232K, 0% used [0x00000007fc300000,0x00000007fc300000,0x00000007fe180000)
[23.401s][debug  ][gc,heap        ] GC(83)  ParOldGen       total 2562048K, used 1343077K [0x0000000740000000, 0x00000007dc600000, 0x00000007f0000000)
[23.401s][debug  ][gc,heap        ] GC(83)   object space 2562048K, 52% used [0x0000000740000000,0x0000000791f99428,0x00000007dc600000)
[23.401s][debug  ][gc,heap        ] GC(83)  Metaspace       used 1021K, committed 1216K, reserved 1056768K
[23.401s][debug  ][gc,heap        ] GC(83)   class space    used 83K, committed 192K, reserved 1048576K
[23.401s][debug  ][gc,task,time   ] GC(83) VM-Thread 233835221 233992040 234014219
[23.700s][debug  ][gc,heap        ] GC(84) Heap before GC invocations=85 (full 12):
[23.700s][debug  ][gc,heap        ] GC(84)  PSYoungGen      total 230912K, used 229147K [0x00000007f0000000, 0x0000000800000000, 0x0000000800000000)
[23.700s][debug  ][gc,heap        ] GC(84)   eden space 199680K, 99% used [0x00000007f0000000,0x00000007fc1c6d50,0x00000007fc300000)
[23.700s][debug  ][gc,heap        ] GC(84)   from space 31232K, 98% used [0x00000007fe180000,0x00000007fff80030,0x0000000800000000)
[23.700s][debug  ][gc,heap        ] GC(84)   to   space 31232K, 0% used [0x00000007fc300000,0x00000007fc300000,0x00000007fe180000)
[23.701s][debug  ][gc,heap        ] GC(84)  ParOldGen       total 2562048K, used 1343077K [0x0000000740000000, 0x00000007dc600000, 0x00000007f0000000)
[23.701s][debug  ][gc,heap        ] GC(84)   object space 2562048K, 52% used [0x0000000740000000,0x0000000791f99428,0x00000007dc600000)
[23.701s][debug  ][gc,heap        ] GC(84)  Metaspace       used 1021K, committed 1216K, reserved 1056768K
[23.701s][debug  ][gc,heap        ] GC(84)   class space    used 83K, committed 192K, reserved 1048576K
[23.701s][debug  ][gc,tlab        ] GC(84) TLAB totals: thrds: 1  refills: 1 max: 1 slow allocs: 18 max 18 waste: 27.4% gc: 3959840B max: 3959840B slow: 0B max: 0B
[23.701s][info   ][gc,start       ] GC(84) Pause Young (Allocation Failure)
[23.701s][debug  ][gc,phases,start] GC(84) Scavenge
[23.716s][debug  ][gc,phases      ] GC(84) Scavenge 15.203ms
[23.716s][debug  ][gc,phases,start] GC(84) Reference Processing
[23.716s][debug  ][gc,ref         ] GC(84) Skipped phase 1 of Reference Processing: no references
[23.716s][debug  ][gc,ref         ] GC(84) Skipped phase 2 of Reference Processing: no references
[23.716s][debug  ][gc,ref         ] GC(84) Skipped phase 3 of Reference Processing: no references
[23.716s][debug  ][gc,ref         ] GC(84) Skipped phase 4 of Reference Processing: no references
[23.716s][debug  ][gc,phases,ref  ] GC(84) Reference Processing: 0.1ms
[23.716s][debug  ][gc,phases,ref  ] GC(84)   Reconsider SoftReferences: 0.0ms
[23.716s][debug  ][gc,phases,ref  ] GC(84)     SoftRef (ms):                  skipped
[23.716s][debug  ][gc,phases,ref  ] GC(84)   Notify Soft/WeakReferences: 0.0ms
[23.716s][debug  ][gc,phases,ref  ] GC(84)     SoftRef (ms):                  skipped
[23.716s][debug  ][gc,phases,ref  ] GC(84)     WeakRef (ms):                  skipped
[23.716s][debug  ][gc,phases,ref  ] GC(84)     FinalRef (ms):                 skipped
[23.716s][debug  ][gc,phases,ref  ] GC(84)     Total (ms):                    skipped
[23.716s][debug  ][gc,phases,ref  ] GC(84)   Notify and keep alive finalizable: 0.0ms
[23.716s][debug  ][gc,phases,ref  ] GC(84)     FinalRef (ms):                 skipped
[23.716s][debug  ][gc,phases,ref  ] GC(84)   Notify PhantomReferences: 0.0ms
[23.716s][debug  ][gc,phases,ref  ] GC(84)     PhantomRef (ms):               skipped
[23.716s][debug  ][gc,phases,ref  ] GC(84)   SoftReference:
[23.716s][debug  ][gc,phases,ref  ] GC(84)     Discovered: 0
[23.716s][debug  ][gc,phases,ref  ] GC(84)     Cleared: 0
[23.716s][debug  ][gc,phases,ref  ] GC(84)   WeakReference:
[23.716s][debug  ][gc,phases,ref  ] GC(84)     Discovered: 0
[23.716s][debug  ][gc,phases,ref  ] GC(84)     Cleared: 0
[23.716s][debug  ][gc,phases,ref  ] GC(84)   FinalReference:
[23.716s][debug  ][gc,phases,ref  ] GC(84)     Discovered: 0
[23.716s][debug  ][gc,phases,ref  ] GC(84)     Cleared: 0
[23.716s][debug  ][gc,phases,ref  ] GC(84)   PhantomReference:
[23.717s][debug  ][gc,phases,ref  ] GC(84)     Discovered: 0
[23.717s][debug  ][gc,phases,ref  ] GC(84)     Cleared: 0
[23.717s][debug  ][gc,phases      ] GC(84) Reference Processing 0.574ms
[23.717s][debug  ][gc,phases,start] GC(84) Weak Processing
[23.717s][debug  ][gc,phases      ] GC(84)   VM Weak                        Min:  0.0, Avg:  0.0, Max:  0.0, Diff:  0.0, Sum:  0.0, Workers: 6
[23.717s][debug  ][gc,phases      ] GC(84)     Dead                           Min: 0, Avg:  0.0, Max: 0, Diff: 0, Sum: 0, Workers: 6
[23.717s][debug  ][gc,phases      ] GC(84)     Total                          Min: 0, Avg:  1.3, Max: 8, Diff: 8, Sum: 8, Workers: 6
[23.717s][debug  ][gc,phases      ] GC(84)   ObjectSynchronizer Weak        Min:  0.0, Avg:  0.0, Max:  0.0, Diff:  0.0, Sum:  0.0, Workers: 6
[23.717s][debug  ][gc,phases      ] GC(84)     Dead                           Min: 0, Avg:  0.0, Max: 0, Diff: 0, Sum: 0, Workers: 6
[23.717s][debug  ][gc,phases      ] GC(84)     Total                          Min: 0, Avg:  0.5, Max: 3, Diff: 3, Sum: 3, Workers: 6
[23.717s][debug  ][gc,phases      ] GC(84)   JVMTI Tag Weak OopStorage      Min:  0.0, Avg:  0.0, Max:  0.0, Diff:  0.0, Sum:  0.0, Workers: 6
[23.717s][debug  ][gc,phases      ] GC(84)     Dead                           Min: 0, Avg:  0.0, Max: 0, Diff: 0, Sum: 0, Workers: 6
[23.717s][debug  ][gc,phases      ] GC(84)     Total                          Min: 0, Avg:  0.0, Max: 0, Diff: 0, Sum: 0, Workers: 6
[23.717s][debug  ][gc,phases      ] GC(84)   StringTable Weak               Min:  0.0, Avg:  0.0, Max:  0.0, Diff:  0.0, Sum:  0.0, Workers: 6
[23.717s][debug  ][gc,phases      ] GC(84)     Dead                           Min: 0, Avg:  0.0, Max: 0, Diff: 0, Sum: 0, Workers: 6
[23.717s][debug  ][gc,phases      ] GC(84)     Total                          Min: 703, Avg: 892.5, Max: 1152, Diff: 449, Sum: 5355, Workers: 6
[23.717s][debug  ][gc,phases      ] GC(84)   ResolvedMethodTable Weak       Min:  0.0, Avg:  0.0, Max:  0.0, Diff:  0.0, Sum:  0.0, Workers: 6
[23.717s][debug  ][gc,phases      ] GC(84)     Dead                           Min: 0, Avg:  0.0, Max: 0, Diff: 0, Sum: 0, Workers: 6
[23.717s][debug  ][gc,phases      ] GC(84)     Total                          Min: 0, Avg: 21.7, Max: 64, Diff: 64, Sum: 130, Workers: 6
[23.717s][debug  ][gc,phases      ] GC(84)   JNI Weak                       Min:  0.0, Avg:  0.0, Max:  0.0, Diff:  0.0, Sum:  0.0, Workers: 6
[23.717s][debug  ][gc,phases      ] GC(84)     Dead                           Min: 0, Avg:  0.0, Max: 0, Diff: 0, Sum: 0, Workers: 6
[23.717s][debug  ][gc,phases      ] GC(84)     Total                          Min: 0, Avg:  0.0, Max: 0, Diff: 0, Sum: 0, Workers: 6
[23.717s][debug  ][gc,phases      ] GC(84)   StringDedup Table Weak         Min:  0.0, Avg:  0.0, Max:  0.0, Diff:  0.0, Sum:  0.0, Workers: 6
[23.717s][debug  ][gc,phases      ] GC(84)     Dead                           Min: 0, Avg:  0.0, Max: 0, Diff: 0, Sum: 0, Workers: 6
[23.717s][debug  ][gc,phases      ] GC(84)     Total                          Min: 0, Avg:  0.0, Max: 0, Diff: 0, Sum: 0, Workers: 6
[23.717s][debug  ][gc,phases      ] GC(84)   StringDedup Requests0 Weak     Min:  0.0, Avg:  0.0, Max:  0.0, Diff:  0.0, Sum:  0.0, Workers: 6
[23.717s][debug  ][gc,phases      ] GC(84)     Dead                           Min: 0, Avg:  0.0, Max: 0, Diff: 0, Sum: 0, Workers: 6
[23.717s][debug  ][gc,phases      ] GC(84)     Total                          Min: 0, Avg:  0.0, Max: 0, Diff: 0, Sum: 0, Workers: 6
[23.717s][debug  ][gc,phases      ] GC(84)   StringDedup Requests1 Weak     Min:  0.0, Avg:  0.0, Max:  0.0, Diff:  0.0, Sum:  0.0, Workers: 6
[23.717s][debug  ][gc,phases      ] GC(84)     Dead                           Min: 0, Avg:  0.0, Max: 0, Diff: 0, Sum: 0, Workers: 6
[23.717s][debug  ][gc,phases      ] GC(84)     Total                          Min: 0, Avg:  0.0, Max: 0, Diff: 0, Sum: 0, Workers: 6
[23.717s][debug  ][gc,phases      ] GC(84)   Weak JFR Old Object Samples    Min:  0.0, Avg:  0.0, Max:  0.0, Diff:  0.0, Sum:  0.0, Workers: 6
[23.717s][debug  ][gc,phases      ] GC(84)     Dead                           Min: 0, Avg:  0.0, Max: 0, Diff: 0, Sum: 0, Workers: 6
[23.717s][debug  ][gc,phases      ] GC(84)     Total                          Min: 0, Avg:  0.0, Max: 0, Diff: 0, Sum: 0, Workers: 6
[23.717s][debug  ][gc,phases      ] GC(84) Weak Processing 0.662ms
[23.717s][debug  ][gc,ergo        ] GC(84) AdaptiveSizeStart:  collection: 85 
[23.717s][debug  ][gc,ergo        ] GC(84) avg_survived_padded_avg: 31484558.000000
[23.717s][debug  ][gc,ergo        ] GC(84) avg_promoted_padded_avg: 263689792.000000  avg_pretenured_padded_avg: 0.000000  tenuring_thresh: 1  target_size: 31981568
[23.717s][debug  ][gc,age         ] GC(84) Desired survivor size 31981568 bytes, new threshold 1 (max threshold 15)
[23.717s][debug  ][gc,ergo        ] GC(84) PSAdaptiveSizePolicy::compute_eden_space_size limits: desired_eden_size: 228644355 old_eden_size: 204472320 eden_limit: 204472320 cur_eden: 204472320 max_eden_size: 204472320 avg_young_live: 27512556
[23.717s][debug  ][gc,ergo        ] GC(84) PSAdaptiveSizePolicy::compute_eden_space_size: costs minor_time: 0.050164 major_cost: 0.034704 mutator_cost: 0.915132 throughput_goal: 0.990000
[23.717s][debug  ][gc,ergo        ] GC(84) Live_space: 963183488 free_space: 1531445248
[23.717s][debug  ][gc,ergo        ] GC(84) Old eden_size: 204472320 desired_eden_size: 204472320
[23.717s][debug  ][gc,ergo        ] GC(84) AdaptiveSizeStop: collection: 85 
[23.717s][info   ][gc,heap        ] GC(84) PSYoungGen: 229147K(230912K)->30720K(230912K) Eden: 198427K(199680K)->0K(199680K) From: 30720K(31232K)->30720K(31232K)
[23.717s][info   ][gc,heap        ] GC(84) ParOldGen: 1343077K(2562048K)->1537637K(2562048K)
[23.717s][info   ][gc,metaspace   ] GC(84) Metaspace: 1021K(1216K)->1021K(1216K) NonClass: 937K(1024K)->937K(1024K) Class: 83K(192K)->83K(192K)
[23.718s][info   ][gc             ] GC(84) Pause Young (Allocation Failure) 1535M->1531M(2727M) 16.862ms
[23.718s][info   ][gc,cpu         ] GC(84) User=0.14s Sys=0.00s Real=0.02s
[23.718s][debug  ][gc,heap        ] GC(84) Heap after GC invocations=85 (full 12):
[23.718s][debug  ][gc,heap        ] GC(84)  PSYoungGen      total 230912K, used 30720K [0x00000007f0000000, 0x0000000800000000, 0x0000000800000000)
[23.718s][debug  ][gc,heap        ] GC(84)   eden space 199680K, 0% used [0x00000007f0000000,0x00000007f0000000,0x00000007fc300000)
[23.718s][debug  ][gc,heap        ] GC(84)   from space 31232K, 98% used [0x00000007fc300000,0x00000007fe100030,0x00000007fe180000)
[23.718s][debug  ][gc,heap        ] GC(84)   to   space 31232K, 0% used [0x00000007fe180000,0x00000007fe180000,0x0000000800000000)
[23.718s][debug  ][gc,heap        ] GC(84)  ParOldGen       total 2562048K, used 1537637K [0x0000000740000000, 0x00000007dc600000, 0x00000007f0000000)
[23.718s][debug  ][gc,heap        ] GC(84)   object space 2562048K, 60% used [0x0000000740000000,0x000000079dd99558,0x00000007dc600000)
[23.718s][debug  ][gc,heap        ] GC(84)  Metaspace       used 1021K, committed 1216K, reserved 1056768K
[23.718s][debug  ][gc,heap        ] GC(84)   class space    used 83K, committed 192K, reserved 1048576K
[23.718s][debug  ][gc,task,time   ] GC(84) VM-Thread 237003024 237159759 237177536
[24.015s][debug  ][gc,heap        ] GC(85) Heap before GC invocations=86 (full 12):
[24.015s][debug  ][gc,heap        ] GC(85)  PSYoungGen      total 230912K, used 229164K [0x00000007f0000000, 0x0000000800000000, 0x0000000800000000)
[24.015s][debug  ][gc,heap        ] GC(85)   eden space 199680K, 99% used [0x00000007f0000000,0x00000007fc1cb188,0x00000007fc300000)
[24.015s][debug  ][gc,heap        ] GC(85)   from space 31232K, 98% used [0x00000007fc300000,0x00000007fe100030,0x00000007fe180000)
[24.015s][debug  ][gc,heap        ] GC(85)   to   space 31232K, 0% used [0x00000007fe180000,0x00000007fe180000,0x0000000800000000)
[24.015s][debug  ][gc,heap        ] GC(85)  ParOldGen       total 2562048K, used 1537637K [0x0000000740000000, 0x00000007dc600000, 0x00000007f0000000)
[24.016s][debug  ][gc,heap        ] GC(85)   object space 2562048K, 60% used [0x0000000740000000,0x000000079dd99558,0x00000007dc600000)
[24.016s][debug  ][gc,heap        ] GC(85)  Metaspace       used 1021K, committed 1216K, reserved 1056768K
[24.016s][debug  ][gc,heap        ] GC(85)   class space    used 83K, committed 192K, reserved 1048576K
[24.016s][debug  ][gc,tlab        ] GC(85) TLAB totals: thrds: 1  refills: 1 max: 1 slow allocs: 18 max 18 waste: 27.5% gc: 3977304B max: 3977304B slow: 0B max: 0B
[24.016s][info   ][gc,start       ] GC(85) Pause Young (Allocation Failure)
[24.016s][debug  ][gc,phases,start] GC(85) Scavenge
[24.031s][debug  ][gc,phases      ] GC(85) Scavenge 15.258ms
[24.031s][debug  ][gc,phases,start] GC(85) Reference Processing
[24.031s][debug  ][gc,ref         ] GC(85) Skipped phase 1 of Reference Processing: no references
[24.031s][debug  ][gc,ref         ] GC(85) Skipped phase 2 of Reference Processing: no references
[24.031s][debug  ][gc,ref         ] GC(85) Skipped phase 3 of Reference Processing: no references
[24.031s][debug  ][gc,ref         ] GC(85) Skipped phase 4 of Reference Processing: no references
[24.031s][debug  ][gc,phases,ref  ] GC(85) Reference Processing: 0.1ms
[24.031s][debug  ][gc,phases,ref  ] GC(85)   Reconsider SoftReferences: 0.0ms
[24.031s][debug  ][gc,phases,ref  ] GC(85)     SoftRef (ms):                  skipped
[24.031s][debug  ][gc,phases,ref  ] GC(85)   Notify Soft/WeakReferences: 0.0ms
[24.031s][debug  ][gc,phases,ref  ] GC(85)     SoftRef (ms):                  skipped
[24.031s][debug  ][gc,phases,ref  ] GC(85)     WeakRef (ms):                  skipped
[24.031s][debug  ][gc,phases,ref  ] GC(85)     FinalRef (ms):                 skipped
[24.031s][debug  ][gc,phases,ref  ] GC(85)     Total (ms):                    skipped
[24.031s][debug  ][gc,phases,ref  ] GC(85)   Notify and keep alive finalizable: 0.0ms
[24.031s][debug  ][gc,phases,ref  ] GC(85)     FinalRef (ms):                 skipped
[24.031s][debug  ][gc,phases,ref  ] GC(85)   Notify PhantomReferences: 0.0ms
[24.031s][debug  ][gc,phases,ref  ] GC(85)     PhantomRef (ms):               skipped
[24.031s][debug  ][gc,phases,ref  ] GC(85)   SoftReference:
[24.031s][debug  ][gc,phases,ref  ] GC(85)     Discovered: 0
[24.031s][debug  ][gc,phases,ref  ] GC(85)     Cleared: 0
[24.031s][debug  ][gc,phases,ref  ] GC(85)   WeakReference:
[24.031s][debug  ][gc,phases,ref  ] GC(85)     Discovered: 0
[24.031s][debug  ][gc,phases,ref  ] GC(85)     Cleared: 0
[24.031s][debug  ][gc,phases,ref  ] GC(85)   FinalReference:
[24.032s][debug  ][gc,phases,ref  ] GC(85)     Discovered: 0
[24.032s][debug  ][gc,phases,ref  ] GC(85)     Cleared: 0
[24.032s][debug  ][gc,phases,ref  ] GC(85)   PhantomReference:
[24.032s][debug  ][gc,phases,ref  ] GC(85)     Discovered: 0
[24.032s][debug  ][gc,phases,ref  ] GC(85)     Cleared: 0
[24.032s][debug  ][gc,phases      ] GC(85) Reference Processing 0.583ms
[24.032s][debug  ][gc,phases,start] GC(85) Weak Processing
[24.032s][debug  ][gc,phases      ] GC(85)   VM Weak                        Min:  0.0, Avg:  0.0, Max:  0.0, Diff:  0.0, Sum:  0.0, Workers: 6
[24.032s][debug  ][gc,phases      ] GC(85)     Dead                           Min: 0, Avg:  0.0, Max: 0, Diff: 0, Sum: 0, Workers: 6
[24.032s][debug  ][gc,phases      ] GC(85)     Total                          Min: 0, Avg:  1.3, Max: 8, Diff: 8, Sum: 8, Workers: 6
[24.032s][debug  ][gc,phases      ] GC(85)   ObjectSynchronizer Weak        Min:  0.0, Avg:  0.0, Max:  0.0, Diff:  0.0, Sum:  0.0, Workers: 6
[24.032s][debug  ][gc,phases      ] GC(85)     Dead                           Min: 0, Avg:  0.0, Max: 0, Diff: 0, Sum: 0, Workers: 6
[24.032s][debug  ][gc,phases      ] GC(85)     Total                          Min: 0, Avg:  0.5, Max: 3, Diff: 3, Sum: 3, Workers: 6
[24.032s][debug  ][gc,phases      ] GC(85)   JVMTI Tag Weak OopStorage      Min:  0.0, Avg:  0.0, Max:  0.0, Diff:  0.0, Sum:  0.0, Workers: 6
[24.032s][debug  ][gc,phases      ] GC(85)     Dead                           Min: 0, Avg:  0.0, Max: 0, Diff: 0, Sum: 0, Workers: 6
[24.032s][debug  ][gc,phases      ] GC(85)     Total                          Min: 0, Avg:  0.0, Max: 0, Diff: 0, Sum: 0, Workers: 6
[24.032s][debug  ][gc,phases      ] GC(85)   StringTable Weak               Min:  0.0, Avg:  0.0, Max:  0.0, Diff:  0.0, Sum:  0.0, Workers: 6
[24.032s][debug  ][gc,phases      ] GC(85)     Dead                           Min: 0, Avg:  0.0, Max: 0, Diff: 0, Sum: 0, Workers: 6
[24.032s][debug  ][gc,phases      ] GC(85)     Total                          Min: 832, Avg: 892.5, Max: 960, Diff: 128, Sum: 5355, Workers: 6
[24.032s][debug  ][gc,phases      ] GC(85)   ResolvedMethodTable Weak       Min:  0.0, Avg:  0.0, Max:  0.0, Diff:  0.0, Sum:  0.0, Workers: 6
[24.032s][debug  ][gc,phases      ] GC(85)     Dead                           Min: 0, Avg:  0.0, Max: 0, Diff: 0, Sum: 0, Workers: 6
[24.032s][debug  ][gc,phases      ] GC(85)     Total                          Min: 0, Avg: 21.7, Max: 64, Diff: 64, Sum: 130, Workers: 6
[24.032s][debug  ][gc,phases      ] GC(85)   JNI Weak                       Min:  0.0, Avg:  0.0, Max:  0.0, Diff:  0.0, Sum:  0.0, Workers: 6
[24.032s][debug  ][gc,phases      ] GC(85)     Dead                           Min: 0, Avg:  0.0, Max: 0, Diff: 0, Sum: 0, Workers: 6
[24.032s][debug  ][gc,phases      ] GC(85)     Total                          Min: 0, Avg:  0.0, Max: 0, Diff: 0, Sum: 0, Workers: 6
[24.032s][debug  ][gc,phases      ] GC(85)   StringDedup Table Weak         Min:  0.0, Avg:  0.0, Max:  0.0, Diff:  0.0, Sum:  0.0, Workers: 6
[24.032s][debug  ][gc,phases      ] GC(85)     Dead                           Min: 0, Avg:  0.0, Max: 0, Diff: 0, Sum: 0, Workers: 6
[24.032s][debug  ][gc,phases      ] GC(85)     Total                          Min: 0, Avg:  0.0, Max: 0, Diff: 0, Sum: 0, Workers: 6
[24.032s][debug  ][gc,phases      ] GC(85)   StringDedup Requests0 Weak     Min:  0.0, Avg:  0.0, Max:  0.0, Diff:  0.0, Sum:  0.0, Workers: 6
[24.032s][debug  ][gc,phases      ] GC(85)     Dead                           Min: 0, Avg:  0.0, Max: 0, Diff: 0, Sum: 0, Workers: 6
[24.032s][debug  ][gc,phases      ] GC(85)     Total                          Min: 0, Avg:  0.0, Max: 0, Diff: 0, Sum: 0, Workers: 6
[24.032s][debug  ][gc,phases      ] GC(85)   StringDedup Requests1 Weak     Min:  0.0, Avg:  0.0, Max:  0.0, Diff:  0.0, Sum:  0.0, Workers: 6
[24.032s][debug  ][gc,phases      ] GC(85)     Dead                           Min: 0, Avg:  0.0, Max: 0, Diff: 0, Sum: 0, Workers: 6
[24.032s][debug  ][gc,phases      ] GC(85)     Total                          Min: 0, Avg:  0.0, Max: 0, Diff: 0, Sum: 0, Workers: 6
[24.032s][debug  ][gc,phases      ] GC(85)   Weak JFR Old Object Samples    Min:  0.0, Avg:  0.0, Max:  0.0, Diff:  0.0, Sum:  0.0, Workers: 6
[24.032s][debug  ][gc,phases      ] GC(85)     Dead                           Min: 0, Avg:  0.0, Max: 0, Diff: 0, Sum: 0, Workers: 6
[24.032s][debug  ][gc,phases      ] GC(85)     Total                          Min: 0, Avg:  0.0, Max: 0, Diff: 0, Sum: 0, Workers: 6
[24.032s][debug  ][gc,phases      ] GC(85) Weak Processing 0.679ms
[24.032s][debug  ][gc,ergo        ] GC(85) AdaptiveSizeStart:  collection: 86 
[24.032s][debug  ][gc,ergo        ] GC(85) avg_survived_padded_avg: 31482176.000000
[24.032s][debug  ][gc,ergo        ] GC(85) avg_promoted_padded_avg: 263160224.000000  avg_pretenured_padded_avg: 0.000000  tenuring_thresh: 1  target_size: 31981568
[24.032s][debug  ][gc,age         ] GC(85) Desired survivor size 31981568 bytes, new threshold 1 (max threshold 15)
[24.032s][debug  ][gc,ergo        ] GC(85) PSAdaptiveSizePolicy::compute_eden_space_size limits: desired_eden_size: 228773172 old_eden_size: 204472320 eden_limit: 204472320 cur_eden: 204472320 max_eden_size: 204472320 avg_young_live: 27907032
[24.032s][debug  ][gc,ergo        ] GC(85) PSAdaptiveSizePolicy::compute_eden_space_size: costs minor_time: 0.050823 major_cost: 0.034704 mutator_cost: 0.914473 throughput_goal: 0.990000
[24.032s][debug  ][gc,ergo        ] GC(85) Live_space: 963577984 free_space: 1531445248
[24.032s][debug  ][gc,ergo        ] GC(85) Old eden_size: 204472320 desired_eden_size: 204472320
[24.032s][debug  ][gc,ergo        ] GC(85) AdaptiveSizeStop: collection: 86 
[24.033s][info   ][gc,heap        ] GC(85) PSYoungGen: 229164K(230912K)->30720K(230912K) Eden: 198444K(199680K)->0K(199680K) From: 30720K(31232K)->30720K(31232K)
[24.033s][info   ][gc,heap        ] GC(85) ParOldGen: 1537637K(2562048K)->1732197K(2562048K)
[24.033s][info   ][gc,metaspace   ] GC(85) Metaspace: 1021K(1216K)->1021K(1216K) NonClass: 937K(1024K)->937K(1024K) Class: 83K(192K)->83K(192K)
[24.033s][info   ][gc             ] GC(85) Pause Young (Allocation Failure) 1725M->1721M(2727M) 16.942ms
[24.033s][info   ][gc,cpu         ] GC(85) User=0.14s Sys=0.02s Real=0.02s
[24.033s][debug  ][gc,heap        ] GC(85) Heap after GC invocations=86 (full 12):
[24.033s][debug  ][gc,heap        ] GC(85)  PSYoungGen      total 230912K, used 30720K [0x00000007f0000000, 0x0000000800000000, 0x0000000800000000)
[24.033s][debug  ][gc,heap        ] GC(85)   eden space 199680K, 0% used [0x00000007f0000000,0x00000007f0000000,0x00000007fc300000)
[24.033s][debug  ][gc,heap        ] GC(85)   from space 31232K, 98% used [0x00000007fe180000,0x00000007fff80030,0x0000000800000000)
[24.033s][debug  ][gc,heap        ] GC(85)   to   space 31232K, 0% used [0x00000007fc300000,0x00000007fc300000,0x00000007fe180000)
[24.033s][debug  ][gc,heap        ] GC(85)  ParOldGen       total 2562048K, used 1732197K [0x0000000740000000, 0x00000007dc600000, 0x00000007f0000000)
[24.033s][debug  ][gc,heap        ] GC(85)   object space 2562048K, 67% used [0x0000000740000000,0x00000007a9b99688,0x00000007dc600000)
[24.033s][debug  ][gc,heap        ] GC(85)  Metaspace       used 1021K, committed 1216K, reserved 1056768K
[24.033s][debug  ][gc,heap        ] GC(85)   class space    used 83K, committed 192K, reserved 1048576K
[24.033s][debug  ][gc,task,time   ] GC(85) VM-Thread 240152332 240310251 240328316
[24.332s][debug  ][gc,heap        ] GC(86) Heap before GC invocations=87 (full 12):
[24.332s][debug  ][gc,heap        ] GC(86)  PSYoungGen      total 230912K, used 229175K [0x00000007f0000000, 0x0000000800000000, 0x0000000800000000)
[24.333s][debug  ][gc,heap        ] GC(86)   eden space 199680K, 99% used [0x00000007f0000000,0x00000007fc1cdd68,0x00000007fc300000)
[24.333s][debug  ][gc,heap        ] GC(86)   from space 31232K, 98% used [0x00000007fe180000,0x00000007fff80030,0x0000000800000000)
[24.333s][debug  ][gc,heap        ] GC(86)   to   space 31232K, 0% used [0x00000007fc300000,0x00000007fc300000,0x00000007fe180000)
[24.333s][debug  ][gc,heap        ] GC(86)  ParOldGen       total 2562048K, used 1732197K [0x0000000740000000, 0x00000007dc600000, 0x00000007f0000000)
[24.333s][debug  ][gc,heap        ] GC(86)   object space 2562048K, 67% used [0x0000000740000000,0x00000007a9b99688,0x00000007dc600000)
[24.333s][debug  ][gc,heap        ] GC(86)  Metaspace       used 1021K, committed 1216K, reserved 1056768K
[24.333s][debug  ][gc,heap        ] GC(86)   class space    used 83K, committed 192K, reserved 1048576K
[24.333s][debug  ][gc,tlab        ] GC(86) TLAB totals: thrds: 1  refills: 1 max: 1 slow allocs: 18 max 18 waste: 27.6% gc: 3988536B max: 3988536B slow: 0B max: 0B
[24.333s][info   ][gc,start       ] GC(86) Pause Young (Allocation Failure)
[24.333s][debug  ][gc,phases,start] GC(86) Scavenge
[24.351s][debug  ][gc,phases      ] GC(86) Scavenge 18.603ms
[24.352s][debug  ][gc,phases,start] GC(86) Reference Processing
[24.352s][debug  ][gc,ref         ] GC(86) Skipped phase 1 of Reference Processing: no references
[24.352s][debug  ][gc,ref         ] GC(86) Skipped phase 2 of Reference Processing: no references
[24.352s][debug  ][gc,ref         ] GC(86) Skipped phase 3 of Reference Processing: no references
[24.352s][debug  ][gc,ref         ] GC(86) Skipped phase 4 of Reference Processing: no references
[24.352s][debug  ][gc,phases,ref  ] GC(86) Reference Processing: 0.1ms
[24.352s][debug  ][gc,phases,ref  ] GC(86)   Reconsider SoftReferences: 0.0ms
[24.352s][debug  ][gc,phases,ref  ] GC(86)     SoftRef (ms):                  skipped
[24.352s][debug  ][gc,phases,ref  ] GC(86)   Notify Soft/WeakReferences: 0.0ms
[24.352s][debug  ][gc,phases,ref  ] GC(86)     SoftRef (ms):                  skipped
[24.352s][debug  ][gc,phases,ref  ] GC(86)     WeakRef (ms):                  skipped
[24.352s][debug  ][gc,phases,ref  ] GC(86)     FinalRef (ms):                 skipped
[24.352s][debug  ][gc,phases,ref  ] GC(86)     Total (ms):                    skipped
[24.352s][debug  ][gc,phases,ref  ] GC(86)   Notify and keep alive finalizable: 0.0ms
[24.352s][debug  ][gc,phases,ref  ] GC(86)     FinalRef (ms):                 skipped
[24.352s][debug  ][gc,phases,ref  ] GC(86)   Notify PhantomReferences: 0.0ms
[24.352s][debug  ][gc,phases,ref  ] GC(86)     PhantomRef (ms):               skipped
[24.352s][debug  ][gc,phases,ref  ] GC(86)   SoftReference:
[24.352s][debug  ][gc,phases,ref  ] GC(86)     Discovered: 0
[24.352s][debug  ][gc,phases,ref  ] GC(86)     Cleared: 0
[24.352s][debug  ][gc,phases,ref  ] GC(86)   WeakReference:
[24.352s][debug  ][gc,phases,ref  ] GC(86)     Discovered: 0
[24.352s][debug  ][gc,phases,ref  ] GC(86)     Cleared: 0
[24.352s][debug  ][gc,phases,ref  ] GC(86)   FinalReference:
[24.352s][debug  ][gc,phases,ref  ] GC(86)     Discovered: 0
[24.352s][debug  ][gc,phases,ref  ] GC(86)     Cleared: 0
[24.352s][debug  ][gc,phases,ref  ] GC(86)   PhantomReference:
[24.352s][debug  ][gc,phases,ref  ] GC(86)     Discovered: 0
[24.352s][debug  ][gc,phases,ref  ] GC(86)     Cleared: 0
[24.352s][debug  ][gc,phases      ] GC(86) Reference Processing 0.703ms
[24.352s][debug  ][gc,phases,start] GC(86) Weak Processing
[24.352s][debug  ][gc,phases      ] GC(86)   VM Weak                        Min:  0.0, Avg:  0.0, Max:  0.0, Diff:  0.0, Sum:  0.0, Workers: 6
[24.352s][debug  ][gc,phases      ] GC(86)     Dead                           Min: 0, Avg:  0.0, Max: 0, Diff: 0, Sum: 0, Workers: 6
[24.352s][debug  ][gc,phases      ] GC(86)     Total                          Min: 0, Avg:  1.3, Max: 8, Diff: 8, Sum: 8, Workers: 6
[24.352s][debug  ][gc,phases      ] GC(86)   ObjectSynchronizer Weak        Min:  0.0, Avg:  0.0, Max:  0.0, Diff:  0.0, Sum:  0.0, Workers: 6
[24.352s][debug  ][gc,phases      ] GC(86)     Dead                           Min: 0, Avg:  0.0, Max: 0, Diff: 0, Sum: 0, Workers: 6
[24.352s][debug  ][gc,phases      ] GC(86)     Total                          Min: 0, Avg:  0.5, Max: 3, Diff: 3, Sum: 3, Workers: 6
[24.352s][debug  ][gc,phases      ] GC(86)   JVMTI Tag Weak OopStorage      Min:  0.0, Avg:  0.0, Max:  0.0, Diff:  0.0, Sum:  0.0, Workers: 6
[24.352s][debug  ][gc,phases      ] GC(86)     Dead                           Min: 0, Avg:  0.0, Max: 0, Diff: 0, Sum: 0, Workers: 6
[24.352s][debug  ][gc,phases      ] GC(86)     Total                          Min: 0, Avg:  0.0, Max: 0, Diff: 0, Sum: 0, Workers: 6
[24.353s][debug  ][gc,phases      ] GC(86)   StringTable Weak               Min:  0.0, Avg:  0.0, Max:  0.0, Diff:  0.0, Sum:  0.0, Workers: 6
[24.353s][debug  ][gc,phases      ] GC(86)     Dead                           Min: 0, Avg:  0.0, Max: 0, Diff: 0, Sum: 0, Workers: 6
[24.353s][debug  ][gc,phases      ] GC(86)     Total                          Min: 768, Avg: 892.5, Max: 1151, Diff: 383, Sum: 5355, Workers: 6
[24.353s][debug  ][gc,phases      ] GC(86)   ResolvedMethodTable Weak       Min:  0.0, Avg:  0.0, Max:  0.0, Diff:  0.0, Sum:  0.0, Workers: 6
[24.353s][debug  ][gc,phases      ] GC(86)     Dead                           Min: 0, Avg:  0.0, Max: 0, Diff: 0, Sum: 0, Workers: 6
[24.353s][debug  ][gc,phases      ] GC(86)     Total                          Min: 0, Avg: 21.7, Max: 64, Diff: 64, Sum: 130, Workers: 6
[24.353s][debug  ][gc,phases      ] GC(86)   JNI Weak                       Min:  0.0, Avg:  0.0, Max:  0.0, Diff:  0.0, Sum:  0.0, Workers: 6
[24.353s][debug  ][gc,phases      ] GC(86)     Dead                           Min: 0, Avg:  0.0, Max: 0, Diff: 0, Sum: 0, Workers: 6
[24.353s][debug  ][gc,phases      ] GC(86)     Total                          Min: 0, Avg:  0.0, Max: 0, Diff: 0, Sum: 0, Workers: 6
[24.353s][debug  ][gc,phases      ] GC(86)   StringDedup Table Weak         Min:  0.0, Avg:  0.0, Max:  0.0, Diff:  0.0, Sum:  0.0, Workers: 6
[24.353s][debug  ][gc,phases      ] GC(86)     Dead                           Min: 0, Avg:  0.0, Max: 0, Diff: 0, Sum: 0, Workers: 6
[24.353s][debug  ][gc,phases      ] GC(86)     Total                          Min: 0, Avg:  0.0, Max: 0, Diff: 0, Sum: 0, Workers: 6
[24.353s][debug  ][gc,phases      ] GC(86)   StringDedup Requests0 Weak     Min:  0.0, Avg:  0.0, Max:  0.0, Diff:  0.0, Sum:  0.0, Workers: 6
[24.353s][debug  ][gc,phases      ] GC(86)     Dead                           Min: 0, Avg:  0.0, Max: 0, Diff: 0, Sum: 0, Workers: 6
[24.353s][debug  ][gc,phases      ] GC(86)     Total                          Min: 0, Avg:  0.0, Max: 0, Diff: 0, Sum: 0, Workers: 6
[24.353s][debug  ][gc,phases      ] GC(86)   StringDedup Requests1 Weak     Min:  0.0, Avg:  0.0, Max:  0.0, Diff:  0.0, Sum:  0.0, Workers: 6
[24.353s][debug  ][gc,phases      ] GC(86)     Dead                           Min: 0, Avg:  0.0, Max: 0, Diff: 0, Sum: 0, Workers: 6
[24.353s][debug  ][gc,phases      ] GC(86)     Total                          Min: 0, Avg:  0.0, Max: 0, Diff: 0, Sum: 0, Workers: 6
[24.353s][debug  ][gc,phases      ] GC(86)   Weak JFR Old Object Samples    Min:  0.0, Avg:  0.0, Max:  0.0, Diff:  0.0, Sum:  0.0, Workers: 6
[24.353s][debug  ][gc,phases      ] GC(86)     Dead                           Min: 0, Avg:  0.0, Max: 0, Diff: 0, Sum: 0, Workers: 6
[24.353s][debug  ][gc,phases      ] GC(86)     Total                          Min: 0, Avg:  0.0, Max: 0, Diff: 0, Sum: 0, Workers: 6
[24.353s][debug  ][gc,phases      ] GC(86) Weak Processing 0.679ms
[24.353s][debug  ][gc,ergo        ] GC(86) AdaptiveSizeStart:  collection: 87 
[24.353s][debug  ][gc,ergo        ] GC(86) avg_survived_padded_avg: 31480002.000000
[24.353s][debug  ][gc,ergo        ] GC(86) avg_promoted_padded_avg: 262091984.000000  avg_pretenured_padded_avg: 0.000000  tenuring_thresh: 1  target_size: 31981568
[24.353s][debug  ][gc,age         ] GC(86) Desired survivor size 31981568 bytes, new threshold 1 (max threshold 15)
[24.353s][debug  ][gc,ergo        ] GC(86) PSAdaptiveSizePolicy::compute_eden_space_size limits: desired_eden_size: 229331021 old_eden_size: 204472320 eden_limit: 204472320 cur_eden: 204472320 max_eden_size: 204472320 avg_young_live: 28262060
[24.353s][debug  ][gc,ergo        ] GC(86) PSAdaptiveSizePolicy::compute_eden_space_size: costs minor_time: 0.053798 major_cost: 0.034704 mutator_cost: 0.911497 throughput_goal: 0.990000
[24.353s][debug  ][gc,ergo        ] GC(86) Live_space: 963932928 free_space: 1531445248
[24.353s][debug  ][gc,ergo        ] GC(86) Old eden_size: 204472320 desired_eden_size: 204472320
[24.353s][debug  ][gc,ergo        ] GC(86) AdaptiveSizeStop: collection: 87 
[24.353s][info   ][gc,heap        ] GC(86) PSYoungGen: 229175K(230912K)->30720K(230912K) Eden: 198455K(199680K)->0K(199680K) From: 30720K(31232K)->30720K(31232K)
[24.353s][info   ][gc,heap        ] GC(86) ParOldGen: 1732197K(2562048K)->1926757K(2562048K)
[24.353s][info   ][gc,metaspace   ] GC(86) Metaspace: 1021K(1216K)->1021K(1216K) NonClass: 937K(1024K)->937K(1024K) Class: 83K(192K)->83K(192K)
[24.353s][info   ][gc             ] GC(86) Pause Young (Allocation Failure) 1915M->1911M(2727M) 20.426ms
[24.353s][info   ][gc,cpu         ] GC(86) User=0.02s Sys=0.12s Real=0.02s
[24.353s][debug  ][gc,heap        ] GC(86) Heap after GC invocations=87 (full 12):
[24.353s][debug  ][gc,heap        ] GC(86)  PSYoungGen      total 230912K, used 30720K [0x00000007f0000000, 0x0000000800000000, 0x0000000800000000)
[24.353s][debug  ][gc,heap        ] GC(86)   eden space 199680K, 0% used [0x00000007f0000000,0x00000007f0000000,0x00000007fc300000)
[24.353s][debug  ][gc,heap        ] GC(86)   from space 31232K, 98% used [0x00000007fc300000,0x00000007fe100030,0x00000007fe180000)
[24.353s][debug  ][gc,heap        ] GC(86)   to   space 31232K, 0% used [0x00000007fe180000,0x00000007fe180000,0x0000000800000000)
[24.353s][debug  ][gc,heap        ] GC(86)  ParOldGen       total 2562048K, used 1926757K [0x0000000740000000, 0x00000007dc600000, 0x00000007f0000000)
[24.353s][debug  ][gc,heap        ] GC(86)   object space 2562048K, 75% used [0x0000000740000000,0x00000007b59997b8,0x00000007dc600000)
[24.353s][debug  ][gc,heap        ] GC(86)  Metaspace       used 1021K, committed 1216K, reserved 1056768K
[24.353s][debug  ][gc,heap        ] GC(86)   class space    used 83K, committed 192K, reserved 1048576K
[24.353s][debug  ][gc,task,time   ] GC(86) VM-Thread 243323593 243515159 243534470
[24.664s][debug  ][gc,heap        ] GC(87) Heap before GC invocations=88 (full 12):
[24.664s][debug  ][gc,heap        ] GC(87)  PSYoungGen      total 230912K, used 229182K [0x00000007f0000000, 0x0000000800000000, 0x0000000800000000)
[24.664s][debug  ][gc,heap        ] GC(87)   eden space 199680K, 99% used [0x00000007f0000000,0x00000007fc1cf9a0,0x00000007fc300000)
[24.664s][debug  ][gc,heap        ] GC(87)   from space 31232K, 98% used [0x00000007fc300000,0x00000007fe100030,0x00000007fe180000)
[24.664s][debug  ][gc,heap        ] GC(87)   to   space 31232K, 0% used [0x00000007fe180000,0x00000007fe180000,0x0000000800000000)
[24.664s][debug  ][gc,heap        ] GC(87)  ParOldGen       total 2562048K, used 1926757K [0x0000000740000000, 0x00000007dc600000, 0x00000007f0000000)
[24.664s][debug  ][gc,heap        ] GC(87)   object space 2562048K, 75% used [0x0000000740000000,0x00000007b59997b8,0x00000007dc600000)
[24.664s][debug  ][gc,heap        ] GC(87)  Metaspace       used 1021K, committed 1216K, reserved 1056768K
[24.664s][debug  ][gc,heap        ] GC(87)   class space    used 83K, committed 192K, reserved 1048576K
[24.664s][debug  ][gc,tlab        ] GC(87) TLAB totals: thrds: 1  refills: 1 max: 1 slow allocs: 18 max 18 waste: 27.6% gc: 3994696B max: 3994696B slow: 0B max: 0B
[24.664s][info   ][gc,start       ] GC(87) Pause Young (Allocation Failure)
[24.664s][debug  ][gc,phases,start] GC(87) Scavenge
[24.676s][debug  ][gc,phases      ] GC(87) Scavenge 11.764ms
[24.676s][debug  ][gc,phases,start] GC(87) Reference Processing
[24.676s][debug  ][gc,ref         ] GC(87) Skipped phase 1 of Reference Processing: no references
[24.676s][debug  ][gc,ref         ] GC(87) Skipped phase 2 of Reference Processing: no references
[24.676s][debug  ][gc,ref         ] GC(87) Skipped phase 3 of Reference Processing: no references
[24.676s][debug  ][gc,ref         ] GC(87) Skipped phase 4 of Reference Processing: no references
[24.676s][debug  ][gc,phases,ref  ] GC(87) Reference Processing: 0.1ms
[24.676s][debug  ][gc,phases,ref  ] GC(87)   Reconsider SoftReferences: 0.0ms
[24.676s][debug  ][gc,phases,ref  ] GC(87)     SoftRef (ms):                  skipped
[24.676s][debug  ][gc,phases,ref  ] GC(87)   Notify Soft/WeakReferences: 0.0ms
[24.676s][debug  ][gc,phases,ref  ] GC(87)     SoftRef (ms):                  skipped
[24.676s][debug  ][gc,phases,ref  ] GC(87)     WeakRef (ms):                  skipped
[24.676s][debug  ][gc,phases,ref  ] GC(87)     FinalRef (ms):                 skipped
[24.676s][debug  ][gc,phases,ref  ] GC(87)     Total (ms):                    skipped
[24.676s][debug  ][gc,phases,ref  ] GC(87)   Notify and keep alive finalizable: 0.0ms
[24.676s][debug  ][gc,phases,ref  ] GC(87)     FinalRef (ms):                 skipped
[24.676s][debug  ][gc,phases,ref  ] GC(87)   Notify PhantomReferences: 0.0ms
[24.676s][debug  ][gc,phases,ref  ] GC(87)     PhantomRef (ms):               skipped
[24.676s][debug  ][gc,phases,ref  ] GC(87)   SoftReference:
[24.677s][debug  ][gc,phases,ref  ] GC(87)     Discovered: 0
[24.677s][debug  ][gc,phases,ref  ] GC(87)     Cleared: 0
[24.677s][debug  ][gc,phases,ref  ] GC(87)   WeakReference:
[24.677s][debug  ][gc,phases,ref  ] GC(87)     Discovered: 0
[24.677s][debug  ][gc,phases,ref  ] GC(87)     Cleared: 0
[24.677s][debug  ][gc,phases,ref  ] GC(87)   FinalReference:
[24.677s][debug  ][gc,phases,ref  ] GC(87)     Discovered: 0
[24.677s][debug  ][gc,phases,ref  ] GC(87)     Cleared: 0
[24.677s][debug  ][gc,phases,ref  ] GC(87)   PhantomReference:
[24.677s][debug  ][gc,phases,ref  ] GC(87)     Discovered: 0
[24.677s][debug  ][gc,phases,ref  ] GC(87)     Cleared: 0
[24.677s][debug  ][gc,phases      ] GC(87) Reference Processing 0.575ms
[24.677s][debug  ][gc,phases,start] GC(87) Weak Processing
[24.677s][debug  ][gc,phases      ] GC(87)   VM Weak                        Min:  0.0, Avg:  0.0, Max:  0.0, Diff:  0.0, Sum:  0.0, Workers: 6
[24.677s][debug  ][gc,phases      ] GC(87)     Dead                           Min: 0, Avg:  0.0, Max: 0, Diff: 0, Sum: 0, Workers: 6
[24.677s][debug  ][gc,phases      ] GC(87)     Total                          Min: 0, Avg:  1.3, Max: 8, Diff: 8, Sum: 8, Workers: 6
[24.677s][debug  ][gc,phases      ] GC(87)   ObjectSynchronizer Weak        Min:  0.0, Avg:  0.0, Max:  0.0, Diff:  0.0, Sum:  0.0, Workers: 6
[24.677s][debug  ][gc,phases      ] GC(87)     Dead                           Min: 0, Avg:  0.0, Max: 0, Diff: 0, Sum: 0, Workers: 6
[24.677s][debug  ][gc,phases      ] GC(87)     Total                          Min: 0, Avg:  0.5, Max: 3, Diff: 3, Sum: 3, Workers: 6
[24.677s][debug  ][gc,phases      ] GC(87)   JVMTI Tag Weak OopStorage      Min:  0.0, Avg:  0.0, Max:  0.0, Diff:  0.0, Sum:  0.0, Workers: 6
[24.677s][debug  ][gc,phases      ] GC(87)     Dead                           Min: 0, Avg:  0.0, Max: 0, Diff: 0, Sum: 0, Workers: 6
[24.677s][debug  ][gc,phases      ] GC(87)     Total                          Min: 0, Avg:  0.0, Max: 0, Diff: 0, Sum: 0, Workers: 6
[24.677s][debug  ][gc,phases      ] GC(87)   StringTable Weak               Min:  0.0, Avg:  0.0, Max:  0.0, Diff:  0.0, Sum:  0.0, Workers: 6
[24.677s][debug  ][gc,phases      ] GC(87)     Dead                           Min: 0, Avg:  0.0, Max: 0, Diff: 0, Sum: 0, Workers: 6
[24.677s][debug  ][gc,phases      ] GC(87)     Total                          Min: 831, Avg: 892.5, Max: 1024, Diff: 193, Sum: 5355, Workers: 6
[24.677s][debug  ][gc,phases      ] GC(87)   ResolvedMethodTable Weak       Min:  0.0, Avg:  0.0, Max:  0.0, Diff:  0.0, Sum:  0.0, Workers: 6
[24.677s][debug  ][gc,phases      ] GC(87)     Dead                           Min: 0, Avg:  0.0, Max: 0, Diff: 0, Sum: 0, Workers: 6
[24.677s][debug  ][gc,phases      ] GC(87)     Total                          Min: 0, Avg: 21.7, Max: 64, Diff: 64, Sum: 130, Workers: 6
[24.677s][debug  ][gc,phases      ] GC(87)   JNI Weak                       Min:  0.0, Avg:  0.0, Max:  0.0, Diff:  0.0, Sum:  0.0, Workers: 6
[24.677s][debug  ][gc,phases      ] GC(87)     Dead                           Min: 0, Avg:  0.0, Max: 0, Diff: 0, Sum: 0, Workers: 6
[24.677s][debug  ][gc,phases      ] GC(87)     Total                          Min: 0, Avg:  0.0, Max: 0, Diff: 0, Sum: 0, Workers: 6
[24.677s][debug  ][gc,phases      ] GC(87)   StringDedup Table Weak         Min:  0.0, Avg:  0.0, Max:  0.0, Diff:  0.0, Sum:  0.0, Workers: 6
[24.677s][debug  ][gc,phases      ] GC(87)     Dead                           Min: 0, Avg:  0.0, Max: 0, Diff: 0, Sum: 0, Workers: 6
[24.677s][debug  ][gc,phases      ] GC(87)     Total                          Min: 0, Avg:  0.0, Max: 0, Diff: 0, Sum: 0, Workers: 6
[24.677s][debug  ][gc,phases      ] GC(87)   StringDedup Requests0 Weak     Min:  0.0, Avg:  0.0, Max:  0.0, Diff:  0.0, Sum:  0.0, Workers: 6
[24.677s][debug  ][gc,phases      ] GC(87)     Dead                           Min: 0, Avg:  0.0, Max: 0, Diff: 0, Sum: 0, Workers: 6
[24.677s][debug  ][gc,phases      ] GC(87)     Total                          Min: 0, Avg:  0.0, Max: 0, Diff: 0, Sum: 0, Workers: 6
[24.677s][debug  ][gc,phases      ] GC(87)   StringDedup Requests1 Weak     Min:  0.0, Avg:  0.0, Max:  0.0, Diff:  0.0, Sum:  0.0, Workers: 6
[24.677s][debug  ][gc,phases      ] GC(87)     Dead                           Min: 0, Avg:  0.0, Max: 0, Diff: 0, Sum: 0, Workers: 6
[24.677s][debug  ][gc,phases      ] GC(87)     Total                          Min: 0, Avg:  0.0, Max: 0, Diff: 0, Sum: 0, Workers: 6
[24.677s][debug  ][gc,phases      ] GC(87)   Weak JFR Old Object Samples    Min:  0.0, Avg:  0.0, Max:  0.0, Diff:  0.0, Sum:  0.0, Workers: 6
[24.677s][debug  ][gc,phases      ] GC(87)     Dead                           Min: 0, Avg:  0.0, Max: 0, Diff: 0, Sum: 0, Workers: 6
[24.677s][debug  ][gc,phases      ] GC(87)     Total                          Min: 0, Avg:  0.0, Max: 0, Diff: 0, Sum: 0, Workers: 6
[24.677s][debug  ][gc,phases      ] GC(87) Weak Processing 0.734ms
[24.677s][debug  ][gc,ergo        ] GC(87) AdaptiveSizeStart:  collection: 88 
[24.678s][debug  ][gc,ergo        ] GC(87) avg_survived_padded_avg: 31478012.000000
[24.678s][debug  ][gc,ergo        ] GC(87) avg_promoted_padded_avg: 268839232.000000  avg_pretenured_padded_avg: 0.000000  tenuring_thresh: 1  target_size: 31981568
[24.678s][debug  ][gc,age         ] GC(87) Desired survivor size 31981568 bytes, new threshold 1 (max threshold 15)
[24.678s][debug  ][gc,ergo        ] GC(87) PSAdaptiveSizePolicy::compute_eden_space_size limits: desired_eden_size: 228709182 old_eden_size: 204472320 eden_limit: 204472320 cur_eden: 204472320 max_eden_size: 204472320 avg_young_live: 28581584
[24.678s][debug  ][gc,ergo        ] GC(87) PSAdaptiveSizePolicy::compute_eden_space_size: costs minor_time: 0.050495 major_cost: 0.034704 mutator_cost: 0.914801 throughput_goal: 0.990000
[24.678s][debug  ][gc,ergo        ] GC(87) Live_space: 964252480 free_space: 1531445248
[24.678s][debug  ][gc,ergo        ] GC(87) Old eden_size: 204472320 desired_eden_size: 204472320
[24.678s][debug  ][gc,ergo        ] GC(87) AdaptiveSizeStop: collection: 88 
[24.678s][info   ][gc,heap        ] GC(87) PSYoungGen: 229182K(230912K)->30720K(230912K) Eden: 198462K(199680K)->0K(199680K) From: 30720K(31232K)->30720K(31232K)
[24.678s][info   ][gc,heap        ] GC(87) ParOldGen: 1926757K(2562048K)->2018918K(2562048K)
[24.678s][info   ][gc,metaspace   ] GC(87) Metaspace: 1021K(1216K)->1021K(1216K) NonClass: 937K(1024K)->937K(1024K) Class: 83K(192K)->83K(192K)
[24.678s][info   ][gc             ] GC(87) Pause Young (Allocation Failure) 2105M->2001M(2727M) 13.493ms
[24.678s][info   ][gc,cpu         ] GC(87) User=0.02s Sys=0.02s Real=0.01s
[24.678s][debug  ][gc,heap        ] GC(87) Heap after GC invocations=88 (full 12):
[24.678s][debug  ][gc,heap        ] GC(87)  PSYoungGen      total 230912K, used 30720K [0x00000007f0000000, 0x0000000800000000, 0x0000000800000000)
[24.678s][debug  ][gc,heap        ] GC(87)   eden space 199680K, 0% used [0x00000007f0000000,0x00000007f0000000,0x00000007fc300000)
[24.678s][debug  ][gc,heap        ] GC(87)   from space 31232K, 98% used [0x00000007fe180000,0x00000007fff80030,0x0000000800000000)
[24.678s][debug  ][gc,heap        ] GC(87)   to   space 31232K, 0% used [0x00000007fc300000,0x00000007fc300000,0x00000007fe180000)
[24.678s][debug  ][gc,heap        ] GC(87)  ParOldGen       total 2562048K, used 2018918K [0x0000000740000000, 0x00000007dc600000, 0x00000007f0000000)
[24.678s][debug  ][gc,heap        ] GC(87)   object space 2562048K, 78% used [0x0000000740000000,0x00000007bb399848,0x00000007dc600000)
[24.678s][debug  ][gc,heap        ] GC(87)  Metaspace       used 1021K, committed 1216K, reserved 1056768K
[24.678s][debug  ][gc,heap        ] GC(87)   class space    used 83K, committed 192K, reserved 1048576K
[24.678s][debug  ][gc,task,time   ] GC(87) VM-Thread 246639065 246761407 246780847
[24.981s][debug  ][gc,heap        ] GC(88) Heap before GC invocations=89 (full 12):
[24.981s][debug  ][gc,heap        ] GC(88)  PSYoungGen      total 230912K, used 229186K [0x00000007f0000000, 0x0000000800000000, 0x0000000800000000)
[24.981s][debug  ][gc,heap        ] GC(88)   eden space 199680K, 99% used [0x00000007f0000000,0x00000007fc1d0bc8,0x00000007fc300000)
[24.982s][debug  ][gc,heap        ] GC(88)   from space 31232K, 98% used [0x00000007fe180000,0x00000007fff80030,0x0000000800000000)
[24.982s][debug  ][gc,heap        ] GC(88)   to   space 31232K, 0% used [0x00000007fc300000,0x00000007fc300000,0x00000007fe180000)
[24.982s][debug  ][gc,heap        ] GC(88)  ParOldGen       total 2562048K, used 2018918K [0x0000000740000000, 0x00000007dc600000, 0x00000007f0000000)
[24.982s][debug  ][gc,heap        ] GC(88)   object space 2562048K, 78% used [0x0000000740000000,0x00000007bb399848,0x00000007dc600000)
[24.982s][debug  ][gc,heap        ] GC(88)  Metaspace       used 1021K, committed 1216K, reserved 1056768K
[24.982s][debug  ][gc,heap        ] GC(88)   class space    used 83K, committed 192K, reserved 1048576K
[24.982s][debug  ][gc,tlab        ] GC(88) TLAB totals: thrds: 1  refills: 1 max: 1 slow allocs: 18 max 18 waste: 27.6% gc: 4000408B max: 4000408B slow: 0B max: 0B
[24.982s][info   ][gc,start       ] GC(88) Pause Young (Allocation Failure)
[24.982s][debug  ][gc,phases,start] GC(88) Scavenge
[25.000s][debug  ][gc,phases      ] GC(88) Scavenge 17.827ms
[25.000s][debug  ][gc,phases,start] GC(88) Reference Processing
[25.000s][debug  ][gc,ref         ] GC(88) Skipped phase 1 of Reference Processing: no references
[25.000s][debug  ][gc,ref         ] GC(88) Skipped phase 2 of Reference Processing: no references
[25.000s][debug  ][gc,ref         ] GC(88) Skipped phase 3 of Reference Processing: no references
[25.000s][debug  ][gc,ref         ] GC(88) Skipped phase 4 of Reference Processing: no references
[25.000s][debug  ][gc,phases,ref  ] GC(88) Reference Processing: 0.1ms
[25.000s][debug  ][gc,phases,ref  ] GC(88)   Reconsider SoftReferences: 0.0ms
[25.000s][debug  ][gc,phases,ref  ] GC(88)     SoftRef (ms):                  skipped
[25.000s][debug  ][gc,phases,ref  ] GC(88)   Notify Soft/WeakReferences: 0.0ms
[25.000s][debug  ][gc,phases,ref  ] GC(88)     SoftRef (ms):                  skipped
[25.000s][debug  ][gc,phases,ref  ] GC(88)     WeakRef (ms):                  skipped
[25.000s][debug  ][gc,phases,ref  ] GC(88)     FinalRef (ms):                 skipped
[25.000s][debug  ][gc,phases,ref  ] GC(88)     Total (ms):                    skipped
[25.000s][debug  ][gc,phases,ref  ] GC(88)   Notify and keep alive finalizable: 0.0ms
[25.000s][debug  ][gc,phases,ref  ] GC(88)     FinalRef (ms):                 skipped
[25.000s][debug  ][gc,phases,ref  ] GC(88)   Notify PhantomReferences: 0.0ms
[25.000s][debug  ][gc,phases,ref  ] GC(88)     PhantomRef (ms):               skipped
[25.000s][debug  ][gc,phases,ref  ] GC(88)   SoftReference:
[25.000s][debug  ][gc,phases,ref  ] GC(88)     Discovered: 0
[25.000s][debug  ][gc,phases,ref  ] GC(88)     Cleared: 0
[25.000s][debug  ][gc,phases,ref  ] GC(88)   WeakReference:
[25.000s][debug  ][gc,phases,ref  ] GC(88)     Discovered: 0
[25.000s][debug  ][gc,phases,ref  ] GC(88)     Cleared: 0
[25.000s][debug  ][gc,phases,ref  ] GC(88)   FinalReference:
[25.000s][debug  ][gc,phases,ref  ] GC(88)     Discovered: 0
[25.000s][debug  ][gc,phases,ref  ] GC(88)     Cleared: 0
[25.000s][debug  ][gc,phases,ref  ] GC(88)   PhantomReference:
[25.000s][debug  ][gc,phases,ref  ] GC(88)     Discovered: 0
[25.000s][debug  ][gc,phases,ref  ] GC(88)     Cleared: 0
[25.000s][debug  ][gc,phases      ] GC(88) Reference Processing 0.773ms
[25.001s][debug  ][gc,phases,start] GC(88) Weak Processing
[25.001s][debug  ][gc,phases      ] GC(88)   VM Weak                        Min:  0.0, Avg:  0.0, Max:  0.0, Diff:  0.0, Sum:  0.0, Workers: 6
[25.001s][debug  ][gc,phases      ] GC(88)     Dead                           Min: 0, Avg:  0.0, Max: 0, Diff: 0, Sum: 0, Workers: 6
[25.001s][debug  ][gc,phases      ] GC(88)     Total                          Min: 0, Avg:  1.3, Max: 8, Diff: 8, Sum: 8, Workers: 6
[25.001s][debug  ][gc,phases      ] GC(88)   ObjectSynchronizer Weak        Min:  0.0, Avg:  0.0, Max:  0.0, Diff:  0.0, Sum:  0.0, Workers: 6
[25.001s][debug  ][gc,phases      ] GC(88)     Dead                           Min: 0, Avg:  0.0, Max: 0, Diff: 0, Sum: 0, Workers: 6
[25.001s][debug  ][gc,phases      ] GC(88)     Total                          Min: 0, Avg:  0.5, Max: 3, Diff: 3, Sum: 3, Workers: 6
[25.001s][debug  ][gc,phases      ] GC(88)   JVMTI Tag Weak OopStorage      Min:  0.0, Avg:  0.0, Max:  0.0, Diff:  0.0, Sum:  0.0, Workers: 6
[25.001s][debug  ][gc,phases      ] GC(88)     Dead                           Min: 0, Avg:  0.0, Max: 0, Diff: 0, Sum: 0, Workers: 6
[25.001s][debug  ][gc,phases      ] GC(88)     Total                          Min: 0, Avg:  0.0, Max: 0, Diff: 0, Sum: 0, Workers: 6
[25.001s][debug  ][gc,phases      ] GC(88)   StringTable Weak               Min:  0.0, Avg:  0.0, Max:  0.0, Diff:  0.0, Sum:  0.0, Workers: 6
[25.001s][debug  ][gc,phases      ] GC(88)     Dead                           Min: 0, Avg:  0.0, Max: 0, Diff: 0, Sum: 0, Workers: 6
[25.001s][debug  ][gc,phases      ] GC(88)     Total                          Min: 704, Avg: 892.5, Max: 1196, Diff: 492, Sum: 5355, Workers: 6
[25.001s][debug  ][gc,phases      ] GC(88)   ResolvedMethodTable Weak       Min:  0.0, Avg:  0.0, Max:  0.0, Diff:  0.0, Sum:  0.0, Workers: 6
[25.001s][debug  ][gc,phases      ] GC(88)     Dead                           Min: 0, Avg:  0.0, Max: 0, Diff: 0, Sum: 0, Workers: 6
[25.001s][debug  ][gc,phases      ] GC(88)     Total                          Min: 0, Avg: 21.7, Max: 64, Diff: 64, Sum: 130, Workers: 6
[25.001s][debug  ][gc,phases      ] GC(88)   JNI Weak                       Min:  0.0, Avg:  0.0, Max:  0.0, Diff:  0.0, Sum:  0.0, Workers: 6
[25.001s][debug  ][gc,phases      ] GC(88)     Dead                           Min: 0, Avg:  0.0, Max: 0, Diff: 0, Sum: 0, Workers: 6
[25.001s][debug  ][gc,phases      ] GC(88)     Total                          Min: 0, Avg:  0.0, Max: 0, Diff: 0, Sum: 0, Workers: 6
[25.001s][debug  ][gc,phases      ] GC(88)   StringDedup Table Weak         Min:  0.0, Avg:  0.0, Max:  0.0, Diff:  0.0, Sum:  0.0, Workers: 6
[25.001s][debug  ][gc,phases      ] GC(88)     Dead                           Min: 0, Avg:  0.0, Max: 0, Diff: 0, Sum: 0, Workers: 6
[25.001s][debug  ][gc,phases      ] GC(88)     Total                          Min: 0, Avg:  0.0, Max: 0, Diff: 0, Sum: 0, Workers: 6
[25.001s][debug  ][gc,phases      ] GC(88)   StringDedup Requests0 Weak     Min:  0.0, Avg:  0.0, Max:  0.0, Diff:  0.0, Sum:  0.0, Workers: 6
[25.001s][debug  ][gc,phases      ] GC(88)     Dead                           Min: 0, Avg:  0.0, Max: 0, Diff: 0, Sum: 0, Workers: 6
[25.001s][debug  ][gc,phases      ] GC(88)     Total                          Min: 0, Avg:  0.0, Max: 0, Diff: 0, Sum: 0, Workers: 6
[25.001s][debug  ][gc,phases      ] GC(88)   StringDedup Requests1 Weak     Min:  0.0, Avg:  0.0, Max:  0.0, Diff:  0.0, Sum:  0.0, Workers: 6
[25.001s][debug  ][gc,phases      ] GC(88)     Dead                           Min: 0, Avg:  0.0, Max: 0, Diff: 0, Sum: 0, Workers: 6
[25.001s][debug  ][gc,phases      ] GC(88)     Total                          Min: 0, Avg:  0.0, Max: 0, Diff: 0, Sum: 0, Workers: 6
[25.001s][debug  ][gc,phases      ] GC(88)   Weak JFR Old Object Samples    Min:  0.0, Avg:  0.0, Max:  0.0, Diff:  0.0, Sum:  0.0, Workers: 6
[25.001s][debug  ][gc,phases      ] GC(88)     Dead                           Min: 0, Avg:  0.0, Max: 0, Diff: 0, Sum: 0, Workers: 6
[25.001s][debug  ][gc,phases      ] GC(88)     Total                          Min: 0, Avg:  0.0, Max: 0, Diff: 0, Sum: 0, Workers: 6
[25.001s][debug  ][gc,phases      ] GC(88) Weak Processing 0.704ms
[25.001s][debug  ][gc,ergo        ] GC(88) AdaptiveSizeStart:  collection: 89 
[25.001s][debug  ][gc,ergo        ] GC(88) avg_survived_padded_avg: 31476192.000000
[25.001s][debug  ][gc,ergo        ] GC(88) avg_promoted_padded_avg: 269022528.000000  avg_pretenured_padded_avg: 0.000000  tenuring_thresh: 1  target_size: 31981568
[25.001s][debug  ][gc,age         ] GC(88) Desired survivor size 31981568 bytes, new threshold 1 (max threshold 15)
[25.001s][debug  ][gc,ergo        ] GC(88) PSAdaptiveSizePolicy::compute_eden_space_size limits: desired_eden_size: 229161043 old_eden_size: 204472320 eden_limit: 204472320 cur_eden: 204472320 max_eden_size: 204472320 avg_young_live: 28869158
[25.001s][debug  ][gc,ergo        ] GC(88) PSAdaptiveSizePolicy::compute_eden_space_size: costs minor_time: 0.052870 major_cost: 0.034704 mutator_cost: 0.912426 throughput_goal: 0.990000
[25.001s][debug  ][gc,ergo        ] GC(88) Live_space: 964540032 free_space: 1531445248
[25.001s][debug  ][gc,ergo        ] GC(88) Old eden_size: 204472320 desired_eden_size: 204472320
[25.001s][debug  ][gc,ergo        ] GC(88) AdaptiveSizeStop: collection: 89 
[25.001s][info   ][gc,heap        ] GC(88) PSYoungGen: 229186K(230912K)->30720K(230912K) Eden: 198466K(199680K)->0K(199680K) From: 30720K(31232K)->30720K(31232K)
[25.001s][info   ][gc,heap        ] GC(88) ParOldGen: 2018918K(2562048K)->2213478K(2562048K)
[25.001s][info   ][gc,metaspace   ] GC(88) Metaspace: 1021K(1216K)->1021K(1216K) NonClass: 937K(1024K)->937K(1024K) Class: 83K(192K)->83K(192K)
[25.002s][info   ][gc             ] GC(88) Pause Young (Allocation Failure) 2195M->2191M(2727M) 19.737ms
[25.002s][info   ][gc,cpu         ] GC(88) User=0.08s Sys=0.08s Real=0.02s
[25.002s][debug  ][gc,heap        ] GC(88) Heap after GC invocations=89 (full 12):
[25.002s][debug  ][gc,heap        ] GC(88)  PSYoungGen      total 230912K, used 30720K [0x00000007f0000000, 0x0000000800000000, 0x0000000800000000)
[25.002s][debug  ][gc,heap        ] GC(88)   eden space 199680K, 0% used [0x00000007f0000000,0x00000007f0000000,0x00000007fc300000)
[25.002s][debug  ][gc,heap        ] GC(88)   from space 31232K, 98% used [0x00000007fc300000,0x00000007fe100030,0x00000007fe180000)
[25.002s][debug  ][gc,heap        ] GC(88)   to   space 31232K, 0% used [0x00000007fe180000,0x00000007fe180000,0x0000000800000000)
[25.002s][debug  ][gc,heap        ] GC(88)  ParOldGen       total 2562048K, used 2213478K [0x0000000740000000, 0x00000007dc600000, 0x00000007f0000000)
[25.002s][debug  ][gc,heap        ] GC(88)   object space 2562048K, 86% used [0x0000000740000000,0x00000007c7199978,0x00000007dc600000)
[25.002s][debug  ][gc,heap        ] GC(88)  Metaspace       used 1021K, committed 1216K, reserved 1056768K
[25.002s][debug  ][gc,heap        ] GC(88)   class space    used 83K, committed 192K, reserved 1048576K
[25.002s][debug  ][gc,task,time   ] GC(88) VM-Thread 249813505 249997123 250017352
[25.312s][debug  ][gc,heap        ] GC(89) Heap before GC invocations=90 (full 12):
[25.313s][debug  ][gc,heap        ] GC(89)  PSYoungGen      total 230912K, used 229189K [0x00000007f0000000, 0x0000000800000000, 0x0000000800000000)
[25.313s][debug  ][gc,heap        ] GC(89)   eden space 199680K, 99% used [0x00000007f0000000,0x00000007fc1d1780,0x00000007fc300000)
[25.313s][debug  ][gc,heap        ] GC(89)   from space 31232K, 98% used [0x00000007fc300000,0x00000007fe100030,0x00000007fe180000)
[25.313s][debug  ][gc,heap        ] GC(89)   to   space 31232K, 0% used [0x00000007fe180000,0x00000007fe180000,0x0000000800000000)
[25.313s][debug  ][gc,heap        ] GC(89)  ParOldGen       total 2562048K, used 2213478K [0x0000000740000000, 0x00000007dc600000, 0x00000007f0000000)
[25.313s][debug  ][gc,heap        ] GC(89)   object space 2562048K, 86% used [0x0000000740000000,0x00000007c7199978,0x00000007dc600000)
[25.313s][debug  ][gc,heap        ] GC(89)  Metaspace       used 1021K, committed 1216K, reserved 1056768K
[25.313s][debug  ][gc,heap        ] GC(89)   class space    used 83K, committed 192K, reserved 1048576K
[25.313s][debug  ][gc,tlab        ] GC(89) TLAB totals: thrds: 1  refills: 1 max: 1 slow allocs: 18 max 18 waste: 27.6% gc: 4003408B max: 4003408B slow: 0B max: 0B
[25.313s][info   ][gc,start       ] GC(89) Pause Young (Allocation Failure)
[25.313s][debug  ][gc,phases,start] GC(89) Scavenge
[25.331s][debug  ][gc,phases      ] GC(89) Scavenge 18.110ms
[25.331s][debug  ][gc,phases,start] GC(89) Reference Processing
[25.331s][debug  ][gc,ref         ] GC(89) Skipped phase 1 of Reference Processing: no references
[25.331s][debug  ][gc,ref         ] GC(89) Skipped phase 2 of Reference Processing: no references
[25.331s][debug  ][gc,ref         ] GC(89) Skipped phase 3 of Reference Processing: no references
[25.331s][debug  ][gc,ref         ] GC(89) Skipped phase 4 of Reference Processing: no references
[25.331s][debug  ][gc,phases,ref  ] GC(89) Reference Processing: 0.1ms
[25.331s][debug  ][gc,phases,ref  ] GC(89)   Reconsider SoftReferences: 0.0ms
[25.331s][debug  ][gc,phases,ref  ] GC(89)     SoftRef (ms):                  skipped
[25.331s][debug  ][gc,phases,ref  ] GC(89)   Notify Soft/WeakReferences: 0.0ms
[25.331s][debug  ][gc,phases,ref  ] GC(89)     SoftRef (ms):                  skipped
[25.331s][debug  ][gc,phases,ref  ] GC(89)     WeakRef (ms):                  skipped
[25.331s][debug  ][gc,phases,ref  ] GC(89)     FinalRef (ms):                 skipped
[25.331s][debug  ][gc,phases,ref  ] GC(89)     Total (ms):                    skipped
[25.331s][debug  ][gc,phases,ref  ] GC(89)   Notify and keep alive finalizable: 0.0ms
[25.331s][debug  ][gc,phases,ref  ] GC(89)     FinalRef (ms):                 skipped
[25.331s][debug  ][gc,phases,ref  ] GC(89)   Notify PhantomReferences: 0.0ms
[25.331s][debug  ][gc,phases,ref  ] GC(89)     PhantomRef (ms):               skipped
[25.331s][debug  ][gc,phases,ref  ] GC(89)   SoftReference:
[25.331s][debug  ][gc,phases,ref  ] GC(89)     Discovered: 0
[25.332s][debug  ][gc,phases,ref  ] GC(89)     Cleared: 0
[25.332s][debug  ][gc,phases,ref  ] GC(89)   WeakReference:
[25.332s][debug  ][gc,phases,ref  ] GC(89)     Discovered: 0
[25.332s][debug  ][gc,phases,ref  ] GC(89)     Cleared: 0
[25.332s][debug  ][gc,phases,ref  ] GC(89)   FinalReference:
[25.332s][debug  ][gc,phases,ref  ] GC(89)     Discovered: 0
[25.332s][debug  ][gc,phases,ref  ] GC(89)     Cleared: 0
[25.332s][debug  ][gc,phases,ref  ] GC(89)   PhantomReference:
[25.332s][debug  ][gc,phases,ref  ] GC(89)     Discovered: 0
[25.332s][debug  ][gc,phases,ref  ] GC(89)     Cleared: 0
[25.332s][debug  ][gc,phases      ] GC(89) Reference Processing 0.563ms
[25.332s][debug  ][gc,phases,start] GC(89) Weak Processing
[25.332s][debug  ][gc,phases      ] GC(89)   VM Weak                        Min:  0.0, Avg:  0.0, Max:  0.0, Diff:  0.0, Sum:  0.0, Workers: 6
[25.332s][debug  ][gc,phases      ] GC(89)     Dead                           Min: 0, Avg:  0.0, Max: 0, Diff: 0, Sum: 0, Workers: 6
[25.332s][debug  ][gc,phases      ] GC(89)     Total                          Min: 0, Avg:  1.3, Max: 8, Diff: 8, Sum: 8, Workers: 6
[25.332s][debug  ][gc,phases      ] GC(89)   ObjectSynchronizer Weak        Min:  0.0, Avg:  0.0, Max:  0.0, Diff:  0.0, Sum:  0.0, Workers: 6
[25.332s][debug  ][gc,phases      ] GC(89)     Dead                           Min: 0, Avg:  0.0, Max: 0, Diff: 0, Sum: 0, Workers: 6
[25.332s][debug  ][gc,phases      ] GC(89)     Total                          Min: 0, Avg:  0.5, Max: 3, Diff: 3, Sum: 3, Workers: 6
[25.332s][debug  ][gc,phases      ] GC(89)   JVMTI Tag Weak OopStorage      Min:  0.0, Avg:  0.0, Max:  0.0, Diff:  0.0, Sum:  0.0, Workers: 6
[25.332s][debug  ][gc,phases      ] GC(89)     Dead                           Min: 0, Avg:  0.0, Max: 0, Diff: 0, Sum: 0, Workers: 6
[25.332s][debug  ][gc,phases      ] GC(89)     Total                          Min: 0, Avg:  0.0, Max: 0, Diff: 0, Sum: 0, Workers: 6
[25.332s][debug  ][gc,phases      ] GC(89)   StringTable Weak               Min:  0.0, Avg:  0.0, Max:  0.0, Diff:  0.0, Sum:  0.0, Workers: 6
[25.332s][debug  ][gc,phases      ] GC(89)     Dead                           Min: 0, Avg:  0.0, Max: 0, Diff: 0, Sum: 0, Workers: 6
[25.332s][debug  ][gc,phases      ] GC(89)     Total                          Min: 684, Avg: 892.5, Max: 1088, Diff: 404, Sum: 5355, Workers: 6
[25.332s][debug  ][gc,phases      ] GC(89)   ResolvedMethodTable Weak       Min:  0.0, Avg:  0.0, Max:  0.0, Diff:  0.0, Sum:  0.0, Workers: 6
[25.332s][debug  ][gc,phases      ] GC(89)     Dead                           Min: 0, Avg:  0.0, Max: 0, Diff: 0, Sum: 0, Workers: 6
[25.332s][debug  ][gc,phases      ] GC(89)     Total                          Min: 0, Avg: 21.7, Max: 64, Diff: 64, Sum: 130, Workers: 6
[25.332s][debug  ][gc,phases      ] GC(89)   JNI Weak                       Min:  0.0, Avg:  0.0, Max:  0.0, Diff:  0.0, Sum:  0.0, Workers: 6
[25.332s][debug  ][gc,phases      ] GC(89)     Dead                           Min: 0, Avg:  0.0, Max: 0, Diff: 0, Sum: 0, Workers: 6
[25.332s][debug  ][gc,phases      ] GC(89)     Total                          Min: 0, Avg:  0.0, Max: 0, Diff: 0, Sum: 0, Workers: 6
[25.332s][debug  ][gc,phases      ] GC(89)   StringDedup Table Weak         Min:  0.0, Avg:  0.0, Max:  0.0, Diff:  0.0, Sum:  0.0, Workers: 6
[25.332s][debug  ][gc,phases      ] GC(89)     Dead                           Min: 0, Avg:  0.0, Max: 0, Diff: 0, Sum: 0, Workers: 6
[25.332s][debug  ][gc,phases      ] GC(89)     Total                          Min: 0, Avg:  0.0, Max: 0, Diff: 0, Sum: 0, Workers: 6
[25.332s][debug  ][gc,phases      ] GC(89)   StringDedup Requests0 Weak     Min:  0.0, Avg:  0.0, Max:  0.0, Diff:  0.0, Sum:  0.0, Workers: 6
[25.332s][debug  ][gc,phases      ] GC(89)     Dead                           Min: 0, Avg:  0.0, Max: 0, Diff: 0, Sum: 0, Workers: 6
[25.332s][debug  ][gc,phases      ] GC(89)     Total                          Min: 0, Avg:  0.0, Max: 0, Diff: 0, Sum: 0, Workers: 6
[25.332s][debug  ][gc,phases      ] GC(89)   StringDedup Requests1 Weak     Min:  0.0, Avg:  0.0, Max:  0.0, Diff:  0.0, Sum:  0.0, Workers: 6
[25.332s][debug  ][gc,phases      ] GC(89)     Dead                           Min: 0, Avg:  0.0, Max: 0, Diff: 0, Sum: 0, Workers: 6
[25.332s][debug  ][gc,phases      ] GC(89)     Total                          Min: 0, Avg:  0.0, Max: 0, Diff: 0, Sum: 0, Workers: 6
[25.332s][debug  ][gc,phases      ] GC(89)   Weak JFR Old Object Samples    Min:  0.0, Avg:  0.0, Max:  0.0, Diff:  0.0, Sum:  0.0, Workers: 6
[25.332s][debug  ][gc,phases      ] GC(89)     Dead                           Min: 0, Avg:  0.0, Max: 0, Diff: 0, Sum: 0, Workers: 6
[25.332s][debug  ][gc,phases      ] GC(89)     Total                          Min: 0, Avg:  0.0, Max: 0, Diff: 0, Sum: 0, Workers: 6
[25.332s][debug  ][gc,phases      ] GC(89) Weak Processing 0.739ms
[25.332s][debug  ][gc,ergo        ] GC(89) AdaptiveSizeStart:  collection: 90 
[25.332s][debug  ][gc,ergo        ] GC(89) avg_survived_padded_avg: 31474530.000000
[25.333s][debug  ][gc,ergo        ] GC(89) avg_promoted_padded_avg: 268473088.000000  avg_pretenured_padded_avg: 0.000000  tenuring_thresh: 1  target_size: 31981568
[25.333s][debug  ][gc,age         ] GC(89) Desired survivor size 31981568 bytes, new threshold 1 (max threshold 15)
[25.333s][debug  ][gc,ergo        ] GC(89) PSAdaptiveSizePolicy::compute_eden_space_size limits: desired_eden_size: 229437123 old_eden_size: 204472320 eden_limit: 204472320 cur_eden: 204472320 max_eden_size: 204472320 avg_young_live: 29127974
[25.333s][debug  ][gc,ergo        ] GC(89) PSAdaptiveSizePolicy::compute_eden_space_size: costs minor_time: 0.054388 major_cost: 0.034704 mutator_cost: 0.910908 throughput_goal: 0.990000
[25.333s][debug  ][gc,ergo        ] GC(89) Live_space: 964798848 free_space: 1531445248
[25.333s][debug  ][gc,ergo        ] GC(89) Old eden_size: 204472320 desired_eden_size: 204472320
[25.333s][debug  ][gc,ergo        ] GC(89) AdaptiveSizeStop: collection: 90 
[25.333s][info   ][gc,heap        ] GC(89) PSYoungGen: 229189K(230912K)->30720K(230912K) Eden: 198469K(199680K)->0K(199680K) From: 30720K(31232K)->30720K(31232K)
[25.333s][info   ][gc,heap        ] GC(89) ParOldGen: 2213478K(2562048K)->2408038K(2562048K)
[25.333s][info   ][gc,metaspace   ] GC(89) Metaspace: 1021K(1216K)->1021K(1216K) NonClass: 937K(1024K)->937K(1024K) Class: 83K(192K)->83K(192K)
[25.333s][info   ][gc             ] GC(89) Pause Young (Allocation Failure) 2385M->2381M(2727M) 19.840ms
[25.333s][info   ][gc,cpu         ] GC(89) User=0.09s Sys=0.08s Real=0.02s
[25.333s][debug  ][gc,heap        ] GC(89) Heap after GC invocations=90 (full 12):
[25.333s][debug  ][gc,heap        ] GC(89)  PSYoungGen      total 230912K, used 30720K [0x00000007f0000000, 0x0000000800000000, 0x0000000800000000)
[25.333s][debug  ][gc,heap        ] GC(89)   eden space 199680K, 0% used [0x00000007f0000000,0x00000007f0000000,0x00000007fc300000)
[25.333s][debug  ][gc,heap        ] GC(89)   from space 31232K, 98% used [0x00000007fe180000,0x00000007fff80030,0x0000000800000000)
[25.333s][debug  ][gc,heap        ] GC(89)   to   space 31232K, 0% used [0x00000007fc300000,0x00000007fc300000,0x00000007fe180000)
[25.333s][debug  ][gc,heap        ] GC(89)  ParOldGen       total 2562048K, used 2408038K [0x0000000740000000, 0x00000007dc600000, 0x00000007f0000000)
[25.333s][debug  ][gc,heap        ] GC(89)   object space 2562048K, 93% used [0x0000000740000000,0x00000007d2f99aa8,0x00000007dc600000)
[25.333s][debug  ][gc,heap        ] GC(89)  Metaspace       used 1021K, committed 1216K, reserved 1056768K
[25.333s][debug  ][gc,heap        ] GC(89)   class space    used 83K, committed 192K, reserved 1048576K
[25.333s][debug  ][gc,task,time   ] GC(89) VM-Thread 253124092 253311331 253329762
[25.333s][debug  ][gc,phases,start] GC(90) Pre Compact
[25.333s][debug  ][gc,heap        ] GC(90) Heap before GC invocations=91 (full 13):
[25.333s][debug  ][gc,heap        ] GC(90)  PSYoungGen      total 230912K, used 30720K [0x00000007f0000000, 0x0000000800000000, 0x0000000800000000)
[25.333s][debug  ][gc,heap        ] GC(90)   eden space 199680K, 0% used [0x00000007f0000000,0x00000007f0000000,0x00000007fc300000)
[25.333s][debug  ][gc,heap        ] GC(90)   from space 31232K, 98% used [0x00000007fe180000,0x00000007fff80030,0x0000000800000000)
[25.333s][debug  ][gc,heap        ] GC(90)   to   space 31232K, 0% used [0x00000007fc300000,0x00000007fc300000,0x00000007fe180000)
[25.333s][debug  ][gc,heap        ] GC(90)  ParOldGen       total 2562048K, used 2408038K [0x0000000740000000, 0x00000007dc600000, 0x00000007f0000000)
[25.333s][debug  ][gc,heap        ] GC(90)   object space 2562048K, 93% used [0x0000000740000000,0x00000007d2f99aa8,0x00000007dc600000)
[25.333s][debug  ][gc,heap        ] GC(90)  Metaspace       used 1021K, committed 1216K, reserved 1056768K
[25.333s][debug  ][gc,heap        ] GC(90)   class space    used 83K, committed 192K, reserved 1048576K
[25.333s][debug  ][gc,phases      ] GC(90) Pre Compact 0.201ms
[25.333s][info   ][gc,start       ] GC(90) Pause Full (Ergonomics)
[25.333s][info   ][gc,phases,start] GC(90) Marking Phase
[25.333s][debug  ][gc,phases,start] GC(90) Par Mark
[25.334s][debug  ][gc,phases      ] GC(90) Par Mark 0.528ms
[25.334s][debug  ][gc,phases,start] GC(90) Reference Processing
[25.334s][debug  ][gc,ref         ] GC(90) Skipped phase 1 of Reference Processing: no references
[25.334s][debug  ][gc,ref         ] GC(90) ReferenceProcessor::execute queues: 1, RefProcThreadModel::Single, marks_oops_alive: false
[25.334s][debug  ][gc,ref         ] GC(90) Skipped phase 3 of Reference Processing: no references
[25.334s][debug  ][gc,ref         ] GC(90) ReferenceProcessor::execute queues: 1, RefProcThreadModel::Single, marks_oops_alive: false
[25.334s][debug  ][gc,phases,ref  ] GC(90) Reference Processing: 0.1ms
[25.334s][debug  ][gc,phases,ref  ] GC(90)   Reconsider SoftReferences: 0.0ms
[25.334s][debug  ][gc,phases,ref  ] GC(90)     SoftRef (ms):                  skipped
[25.334s][debug  ][gc,phases,ref  ] GC(90)   Notify Soft/WeakReferences: 0.0ms
[25.334s][debug  ][gc,phases,ref  ] GC(90)     SoftRef (ms):                  Min:  0.0, Avg:  0.0, Max:  0.0, Diff:  0.0, Sum:  0.0, Workers: 10
[25.334s][debug  ][gc,phases,ref  ] GC(90)     WeakRef (ms):                  Min:  0.0, Avg:  0.0, Max:  0.0, Diff:  0.0, Sum:  0.0, Workers: 10
[25.334s][debug  ][gc,phases,ref  ] GC(90)     FinalRef (ms):                 Min:  0.0, Avg:  0.0, Max:  0.0, Diff:  0.0, Sum:  0.0, Workers: 10
[25.334s][debug  ][gc,phases,ref  ] GC(90)     Total (ms):                    Min:  0.0, Avg:  0.0, Max:  0.0, Diff:  0.0, Sum:  0.0, Workers: 10
[25.334s][debug  ][gc,phases,ref  ] GC(90)   Notify and keep alive finalizable: 0.0ms
[25.334s][debug  ][gc,phases,ref  ] GC(90)     FinalRef (ms):                 skipped
[25.334s][debug  ][gc,phases,ref  ] GC(90)   Notify PhantomReferences: 0.0ms
[25.334s][debug  ][gc,phases,ref  ] GC(90)     PhantomRef (ms):               Min:  0.0, Avg:  0.0, Max:  0.0, Diff:  0.0, Sum:  0.0, Workers: 10
[25.334s][debug  ][gc,phases,ref  ] GC(90)   SoftReference:
[25.334s][debug  ][gc,phases,ref  ] GC(90)     Discovered: 0
[25.334s][debug  ][gc,phases,ref  ] GC(90)     Cleared: 0
[25.334s][debug  ][gc,phases,ref  ] GC(90)   WeakReference:
[25.334s][debug  ][gc,phases,ref  ] GC(90)     Discovered: 74
[25.334s][debug  ][gc,phases,ref  ] GC(90)     Cleared: 74
[25.334s][debug  ][gc,phases,ref  ] GC(90)   FinalReference:
[25.334s][debug  ][gc,phases,ref  ] GC(90)     Discovered: 0
[25.334s][debug  ][gc,phases,ref  ] GC(90)     Cleared: 0
[25.334s][debug  ][gc,phases,ref  ] GC(90)   PhantomReference:
[25.334s][debug  ][gc,phases,ref  ] GC(90)     Discovered: 3
[25.334s][debug  ][gc,phases,ref  ] GC(90)     Cleared: 3
[25.334s][debug  ][gc,phases      ] GC(90) Reference Processing 0.573ms
[25.334s][debug  ][gc,phases,start] GC(90) Weak Processing
[25.334s][debug  ][gc,phases      ] GC(90)   VM Weak                        Min:  0.0, Avg:  0.0, Max:  0.0, Diff:  0.0, Sum:  0.0, Workers: 6
[25.335s][debug  ][gc,phases      ] GC(90)     Dead                           Min: 0, Avg:  0.0, Max: 0, Diff: 0, Sum: 0, Workers: 6
[25.335s][debug  ][gc,phases      ] GC(90)     Total                          Min: 0, Avg:  1.3, Max: 8, Diff: 8, Sum: 8, Workers: 6
[25.335s][debug  ][gc,phases      ] GC(90)   ObjectSynchronizer Weak        Min:  0.0, Avg:  0.0, Max:  0.0, Diff:  0.0, Sum:  0.0, Workers: 6
[25.335s][debug  ][gc,phases      ] GC(90)     Dead                           Min: 0, Avg:  0.0, Max: 0, Diff: 0, Sum: 0, Workers: 6
[25.335s][debug  ][gc,phases      ] GC(90)     Total                          Min: 0, Avg:  0.5, Max: 3, Diff: 3, Sum: 3, Workers: 6
[25.335s][debug  ][gc,phases      ] GC(90)   JVMTI Tag Weak OopStorage      Min:  0.0, Avg:  0.0, Max:  0.0, Diff:  0.0, Sum:  0.0, Workers: 6
[25.335s][debug  ][gc,phases      ] GC(90)     Dead                           Min: 0, Avg:  0.0, Max: 0, Diff: 0, Sum: 0, Workers: 6
[25.335s][debug  ][gc,phases      ] GC(90)     Total                          Min: 0, Avg:  0.0, Max: 0, Diff: 0, Sum: 0, Workers: 6
[25.335s][debug  ][gc,phases      ] GC(90)   StringTable Weak               Min:  0.0, Avg:  0.0, Max:  0.0, Diff:  0.0, Sum:  0.0, Workers: 6
[25.335s][debug  ][gc,phases      ] GC(90)     Dead                           Min: 0, Avg:  0.0, Max: 0, Diff: 0, Sum: 0, Workers: 6
[25.335s][debug  ][gc,phases      ] GC(90)     Total                          Min: 704, Avg: 892.5, Max: 1216, Diff: 512, Sum: 5355, Workers: 6
[25.335s][debug  ][gc,phases      ] GC(90)   ResolvedMethodTable Weak       Min:  0.0, Avg:  0.0, Max:  0.0, Diff:  0.0, Sum:  0.0, Workers: 6
[25.335s][debug  ][gc,phases      ] GC(90)     Dead                           Min: 0, Avg:  0.0, Max: 0, Diff: 0, Sum: 0, Workers: 6
[25.335s][debug  ][gc,phases      ] GC(90)     Total                          Min: 0, Avg: 21.7, Max: 64, Diff: 64, Sum: 130, Workers: 6
[25.335s][debug  ][gc,phases      ] GC(90)   JNI Weak                       Min:  0.0, Avg:  0.0, Max:  0.0, Diff:  0.0, Sum:  0.0, Workers: 6
[25.335s][debug  ][gc,phases      ] GC(90)     Dead                           Min: 0, Avg:  0.0, Max: 0, Diff: 0, Sum: 0, Workers: 6
[25.335s][debug  ][gc,phases      ] GC(90)     Total                          Min: 0, Avg:  0.0, Max: 0, Diff: 0, Sum: 0, Workers: 6
[25.335s][debug  ][gc,phases      ] GC(90)   StringDedup Table Weak         Min:  0.0, Avg:  0.0, Max:  0.0, Diff:  0.0, Sum:  0.0, Workers: 6
[25.335s][debug  ][gc,phases      ] GC(90)     Dead                           Min: 0, Avg:  0.0, Max: 0, Diff: 0, Sum: 0, Workers: 6
[25.335s][debug  ][gc,phases      ] GC(90)     Total                          Min: 0, Avg:  0.0, Max: 0, Diff: 0, Sum: 0, Workers: 6
[25.335s][debug  ][gc,phases      ] GC(90)   StringDedup Requests0 Weak     Min:  0.0, Avg:  0.0, Max:  0.0, Diff:  0.0, Sum:  0.0, Workers: 6
[25.335s][debug  ][gc,phases      ] GC(90)     Dead                           Min: 0, Avg:  0.0, Max: 0, Diff: 0, Sum: 0, Workers: 6
[25.335s][debug  ][gc,phases      ] GC(90)     Total                          Min: 0, Avg:  0.0, Max: 0, Diff: 0, Sum: 0, Workers: 6
[25.335s][debug  ][gc,phases      ] GC(90)   StringDedup Requests1 Weak     Min:  0.0, Avg:  0.0, Max:  0.0, Diff:  0.0, Sum:  0.0, Workers: 6
[25.335s][debug  ][gc,phases      ] GC(90)     Dead                           Min: 0, Avg:  0.0, Max: 0, Diff: 0, Sum: 0, Workers: 6
[25.335s][debug  ][gc,phases      ] GC(90)     Total                          Min: 0, Avg:  0.0, Max: 0, Diff: 0, Sum: 0, Workers: 6
[25.335s][debug  ][gc,phases      ] GC(90)   Weak JFR Old Object Samples    Min:  0.0, Avg:  0.0, Max:  0.0, Diff:  0.0, Sum:  0.0, Workers: 6
[25.335s][debug  ][gc,phases      ] GC(90)     Dead                           Min: 0, Avg:  0.0, Max: 0, Diff: 0, Sum: 0, Workers: 6
[25.335s][debug  ][gc,phases      ] GC(90)     Total                          Min: 0, Avg:  0.0, Max: 0, Diff: 0, Sum: 0, Workers: 6
[25.335s][debug  ][gc,phases      ] GC(90) Weak Processing 0.677ms
[25.335s][debug  ][gc,phases,start] GC(90) Class Unloading
[25.335s][debug  ][gc,phases,start] GC(90) ClassLoaderData
[25.335s][debug  ][gc,phases      ] GC(90) ClassLoaderData 0.019ms
[25.335s][debug  ][gc,phases,start] GC(90) Trigger cleanups
[25.335s][debug  ][gc,phases      ] GC(90) Trigger cleanups 0.019ms
[25.335s][debug  ][gc,phases      ] GC(90) Class Unloading 0.263ms
[25.335s][info   ][gc,phases      ] GC(90) Marking Phase 2.156ms
[25.335s][info   ][gc,phases,start] GC(90) Summary Phase
[25.335s][info   ][gc,phases      ] GC(90) Summary Phase 0.039ms
[25.335s][info   ][gc,phases,start] GC(90) Adjust Roots
[25.336s][info   ][gc,phases      ] GC(90) Adjust Roots 0.151ms
[25.336s][info   ][gc,phases,start] GC(90) Compaction Phase
[25.392s][info   ][gc,phases      ] GC(90) Compaction Phase 56.432ms
[25.392s][info   ][gc,phases,start] GC(90) Post Compact
[25.400s][info   ][gc,phases      ] GC(90) Post Compact 7.679ms
[25.400s][debug  ][gc,ergo        ] GC(90) AdaptiveSizeStart: collection: 91 
[25.400s][debug  ][gc,ergo        ] GC(90) PSAdaptiveSizePolicy::compute_eden_space_size limits: desired_eden_size: 230111853 old_eden_size: 204472320 eden_limit: 204472320 cur_eden: 204472320 max_eden_size: 204472320 avg_young_live: 26215176
[25.400s][debug  ][gc,ergo        ] GC(90) PSAdaptiveSizePolicy::compute_eden_space_size: costs minor_time: 0.054388 major_cost: 0.032360 mutator_cost: 0.913253 throughput_goal: 0.990000
[25.400s][debug  ][gc,ergo        ] GC(90) Live_space: 961886080 free_space: 1531445248
[25.400s][debug  ][gc,ergo        ] GC(90) Old eden_size: 204472320 desired_eden_size: 204472320
[25.400s][debug  ][gc,ergo        ] GC(90) PSAdaptiveSizePolicy::compute_old_gen_free_space: costs minor_time: 0.054388 major_cost: 0.032360  mutator_cost: 0.913253 throughput_goal: 0.990000
[25.400s][debug  ][gc,ergo        ] GC(90) Live_space: 947758784 free_space: 1531445248
[25.400s][debug  ][gc,ergo        ] GC(90) Old promo_size: 1326972928 desired_promo_size: 1431306240
[25.412s][debug  ][gc             ] GC(90) Shrinking ParOldGen from 2562048K by 388096K to 2173952K
[25.412s][debug  ][gc,ergo        ] GC(90) AdaptiveSizeStop: collection: 91 
[25.412s][info   ][gc,heap        ] GC(90) PSYoungGen: 30720K(230912K)->0K(230912K) Eden: 0K(199680K)->0K(199680K) From: 30720K(31232K)->0K(31232K)
[25.412s][info   ][gc,heap        ] GC(90) ParOldGen: 2408038K(2562048K)->513635K(2173952K)
[25.412s][info   ][gc,metaspace   ] GC(90) Metaspace: 1021K(1216K)->1021K(1216K) NonClass: 937K(1024K)->937K(1024K) Class: 83K(192K)->83K(192K)
[25.412s][info   ][gc             ] GC(90) Pause Full (Ergonomics) 2381M->501M(2348M) 79.143ms
[25.412s][info   ][gc,cpu         ] GC(90) User=0.48s Sys=0.02s Real=0.08s
[25.412s][debug  ][gc,heap        ] GC(90) Heap after GC invocations=91 (full 13):
[25.412s][debug  ][gc,heap        ] GC(90)  PSYoungGen      total 230912K, used 0K [0x00000007f0000000, 0x0000000800000000, 0x0000000800000000)
[25.412s][debug  ][gc,heap        ] GC(90)   eden space 199680K, 0% used [0x00000007f0000000,0x00000007f0000000,0x00000007fc300000)
[25.412s][debug  ][gc,heap        ] GC(90)   from space 31232K, 0% used [0x00000007fc300000,0x00000007fc300000,0x00000007fe180000)
[25.413s][debug  ][gc,heap        ] GC(90)   to   space 31232K, 0% used [0x00000007fe180000,0x00000007fe180000,0x0000000800000000)
[25.413s][debug  ][gc,heap        ] GC(90)  ParOldGen       total 2173952K, used 513635K [0x0000000740000000, 0x00000007c4b00000, 0x00000007f0000000)
[25.413s][debug  ][gc,heap        ] GC(90)   object space 2173952K, 23% used [0x0000000740000000,0x000000075f598f18,0x00000007c4b00000)
[25.413s][debug  ][gc,heap        ] GC(90)  Metaspace       used 1021K, committed 1216K, reserved 1056768K
[25.413s][debug  ][gc,heap        ] GC(90)   class space    used 83K, committed 192K, reserved 1048576K
[25.413s][debug  ][gc,task,time   ] GC(90) VM-Thread 253332450 253356749 254124181
[25.709s][debug  ][gc,heap        ] GC(91) Heap before GC invocations=92 (full 13):
[25.709s][debug  ][gc,heap        ] GC(91)  PSYoungGen      total 230912K, used 198471K [0x00000007f0000000, 0x0000000800000000, 0x0000000800000000)
[25.709s][debug  ][gc,heap        ] GC(91)   eden space 199680K, 99% used [0x00000007f0000000,0x00000007fc1d1ef8,0x00000007fc300000)
[25.709s][debug  ][gc,heap        ] GC(91)   from space 31232K, 0% used [0x00000007fc300000,0x00000007fc300000,0x00000007fe180000)
[25.709s][debug  ][gc,heap        ] GC(91)   to   space 31232K, 0% used [0x00000007fe180000,0x00000007fe180000,0x0000000800000000)
[25.709s][debug  ][gc,heap        ] GC(91)  ParOldGen       total 2173952K, used 513635K [0x0000000740000000, 0x00000007c4b00000, 0x00000007f0000000)
[25.709s][debug  ][gc,heap        ] GC(91)   object space 2173952K, 23% used [0x0000000740000000,0x000000075f598f18,0x00000007c4b00000)
[25.709s][debug  ][gc,heap        ] GC(91)  Metaspace       used 1021K, committed 1216K, reserved 1056768K
[25.709s][debug  ][gc,heap        ] GC(91)   class space    used 83K, committed 192K, reserved 1048576K
[25.709s][debug  ][gc,tlab        ] GC(91) TLAB totals: thrds: 1  refills: 1 max: 1 slow allocs: 18 max 18 waste: 27.6% gc: 4005320B max: 4005320B slow: 0B max: 0B
[25.709s][info   ][gc,start       ] GC(91) Pause Young (Allocation Failure)
[25.709s][debug  ][gc,phases,start] GC(91) Scavenge
[25.722s][debug  ][gc,phases      ] GC(91) Scavenge 13.120ms
[25.722s][debug  ][gc,phases,start] GC(91) Reference Processing
[25.722s][debug  ][gc,ref         ] GC(91) Skipped phase 1 of Reference Processing: no references
[25.722s][debug  ][gc,ref         ] GC(91) Skipped phase 2 of Reference Processing: no references
[25.722s][debug  ][gc,ref         ] GC(91) Skipped phase 3 of Reference Processing: no references
[25.722s][debug  ][gc,ref         ] GC(91) Skipped phase 4 of Reference Processing: no references
[25.722s][debug  ][gc,phases,ref  ] GC(91) Reference Processing: 0.1ms
[25.722s][debug  ][gc,phases,ref  ] GC(91)   Reconsider SoftReferences: 0.0ms
[25.722s][debug  ][gc,phases,ref  ] GC(91)     SoftRef (ms):                  skipped
[25.722s][debug  ][gc,phases,ref  ] GC(91)   Notify Soft/WeakReferences: 0.0ms
[25.722s][debug  ][gc,phases,ref  ] GC(91)     SoftRef (ms):                  skipped
[25.723s][debug  ][gc,phases,ref  ] GC(91)     WeakRef (ms):                  skipped
[25.723s][debug  ][gc,phases,ref  ] GC(91)     FinalRef (ms):                 skipped
[25.723s][debug  ][gc,phases,ref  ] GC(91)     Total (ms):                    skipped
[25.723s][debug  ][gc,phases,ref  ] GC(91)   Notify and keep alive finalizable: 0.0ms
[25.723s][debug  ][gc,phases,ref  ] GC(91)     FinalRef (ms):                 skipped
[25.723s][debug  ][gc,phases,ref  ] GC(91)   Notify PhantomReferences: 0.0ms
[25.723s][debug  ][gc,phases,ref  ] GC(91)     PhantomRef (ms):               skipped
[25.723s][debug  ][gc,phases,ref  ] GC(91)   SoftReference:
[25.723s][debug  ][gc,phases,ref  ] GC(91)     Discovered: 0
[25.723s][debug  ][gc,phases,ref  ] GC(91)     Cleared: 0
[25.723s][debug  ][gc,phases,ref  ] GC(91)   WeakReference:
[25.723s][debug  ][gc,phases,ref  ] GC(91)     Discovered: 0
[25.723s][debug  ][gc,phases,ref  ] GC(91)     Cleared: 0
[25.723s][debug  ][gc,phases,ref  ] GC(91)   FinalReference:
[25.723s][debug  ][gc,phases,ref  ] GC(91)     Discovered: 0
[25.723s][debug  ][gc,phases,ref  ] GC(91)     Cleared: 0
[25.723s][debug  ][gc,phases,ref  ] GC(91)   PhantomReference:
[25.723s][debug  ][gc,phases,ref  ] GC(91)     Discovered: 0
[25.723s][debug  ][gc,phases,ref  ] GC(91)     Cleared: 0
[25.723s][debug  ][gc,phases      ] GC(91) Reference Processing 0.685ms
[25.723s][debug  ][gc,phases,start] GC(91) Weak Processing
[25.723s][debug  ][gc,phases      ] GC(91)   VM Weak                        Min:  0.0, Avg:  0.0, Max:  0.0, Diff:  0.0, Sum:  0.0, Workers: 6
[25.723s][debug  ][gc,phases      ] GC(91)     Dead                           Min: 0, Avg:  0.0, Max: 0, Diff: 0, Sum: 0, Workers: 6
[25.723s][debug  ][gc,phases      ] GC(91)     Total                          Min: 0, Avg:  1.3, Max: 8, Diff: 8, Sum: 8, Workers: 6
[25.723s][debug  ][gc,phases      ] GC(91)   ObjectSynchronizer Weak        Min:  0.0, Avg:  0.0, Max:  0.0, Diff:  0.0, Sum:  0.0, Workers: 6
[25.723s][debug  ][gc,phases      ] GC(91)     Dead                           Min: 0, Avg:  0.0, Max: 0, Diff: 0, Sum: 0, Workers: 6
[25.723s][debug  ][gc,phases      ] GC(91)     Total                          Min: 0, Avg:  0.5, Max: 3, Diff: 3, Sum: 3, Workers: 6
[25.723s][debug  ][gc,phases      ] GC(91)   JVMTI Tag Weak OopStorage      Min:  0.0, Avg:  0.0, Max:  0.0, Diff:  0.0, Sum:  0.0, Workers: 6
[25.723s][debug  ][gc,phases      ] GC(91)     Dead                           Min: 0, Avg:  0.0, Max: 0, Diff: 0, Sum: 0, Workers: 6
[25.723s][debug  ][gc,phases      ] GC(91)     Total                          Min: 0, Avg:  0.0, Max: 0, Diff: 0, Sum: 0, Workers: 6
[25.723s][debug  ][gc,phases      ] GC(91)   StringTable Weak               Min:  0.0, Avg:  0.0, Max:  0.0, Diff:  0.0, Sum:  0.0, Workers: 6
[25.723s][debug  ][gc,phases      ] GC(91)     Dead                           Min: 0, Avg:  0.0, Max: 0, Diff: 0, Sum: 0, Workers: 6
[25.723s][debug  ][gc,phases      ] GC(91)     Total                          Min: 704, Avg: 892.5, Max: 1132, Diff: 428, Sum: 5355, Workers: 6
[25.723s][debug  ][gc,phases      ] GC(91)   ResolvedMethodTable Weak       Min:  0.0, Avg:  0.0, Max:  0.0, Diff:  0.0, Sum:  0.0, Workers: 6
[25.723s][debug  ][gc,phases      ] GC(91)     Dead                           Min: 0, Avg:  0.0, Max: 0, Diff: 0, Sum: 0, Workers: 6
[25.723s][debug  ][gc,phases      ] GC(91)     Total                          Min: 0, Avg: 21.7, Max: 64, Diff: 64, Sum: 130, Workers: 6
[25.723s][debug  ][gc,phases      ] GC(91)   JNI Weak                       Min:  0.0, Avg:  0.0, Max:  0.0, Diff:  0.0, Sum:  0.0, Workers: 6
[25.723s][debug  ][gc,phases      ] GC(91)     Dead                           Min: 0, Avg:  0.0, Max: 0, Diff: 0, Sum: 0, Workers: 6
[25.723s][debug  ][gc,phases      ] GC(91)     Total                          Min: 0, Avg:  0.0, Max: 0, Diff: 0, Sum: 0, Workers: 6
[25.723s][debug  ][gc,phases      ] GC(91)   StringDedup Table Weak         Min:  0.0, Avg:  0.0, Max:  0.0, Diff:  0.0, Sum:  0.0, Workers: 6
[25.723s][debug  ][gc,phases      ] GC(91)     Dead                           Min: 0, Avg:  0.0, Max: 0, Diff: 0, Sum: 0, Workers: 6
[25.723s][debug  ][gc,phases      ] GC(91)     Total                          Min: 0, Avg:  0.0, Max: 0, Diff: 0, Sum: 0, Workers: 6
[25.724s][debug  ][gc,phases      ] GC(91)   StringDedup Requests0 Weak     Min:  0.0, Avg:  0.0, Max:  0.0, Diff:  0.0, Sum:  0.0, Workers: 6
[25.724s][debug  ][gc,phases      ] GC(91)     Dead                           Min: 0, Avg:  0.0, Max: 0, Diff: 0, Sum: 0, Workers: 6
[25.724s][debug  ][gc,phases      ] GC(91)     Total                          Min: 0, Avg:  0.0, Max: 0, Diff: 0, Sum: 0, Workers: 6
[25.724s][debug  ][gc,phases      ] GC(91)   StringDedup Requests1 Weak     Min:  0.0, Avg:  0.0, Max:  0.0, Diff:  0.0, Sum:  0.0, Workers: 6
[25.724s][debug  ][gc,phases      ] GC(91)     Dead                           Min: 0, Avg:  0.0, Max: 0, Diff: 0, Sum: 0, Workers: 6
[25.724s][debug  ][gc,phases      ] GC(91)     Total                          Min: 0, Avg:  0.0, Max: 0, Diff: 0, Sum: 0, Workers: 6
[25.724s][debug  ][gc,phases      ] GC(91)   Weak JFR Old Object Samples    Min:  0.0, Avg:  0.0, Max:  0.0, Diff:  0.0, Sum:  0.0, Workers: 6
[25.724s][debug  ][gc,phases      ] GC(91)     Dead                           Min: 0, Avg:  0.0, Max: 0, Diff: 0, Sum: 0, Workers: 6
[25.724s][debug  ][gc,phases      ] GC(91)     Total                          Min: 0, Avg:  0.0, Max: 0, Diff: 0, Sum: 0, Workers: 6
[25.724s][debug  ][gc,phases      ] GC(91) Weak Processing 0.741ms
[25.724s][debug  ][gc,ergo        ] GC(91) AdaptiveSizeStart:  collection: 92 
[25.724s][debug  ][gc,ergo        ] GC(91) avg_survived_padded_avg: 31473014.000000
[25.724s][debug  ][gc,ergo        ] GC(91) avg_promoted_padded_avg: 261109664.000000  avg_pretenured_padded_avg: 0.000000  tenuring_thresh: 1  target_size: 31981568
[25.724s][debug  ][gc,age         ] GC(91) Desired survivor size 31981568 bytes, new threshold 1 (max threshold 15)
[25.724s][debug  ][gc,ergo        ] GC(91) PSAdaptiveSizePolicy::compute_eden_space_size limits: desired_eden_size: 229332656 old_eden_size: 204472320 eden_limit: 204472320 cur_eden: 204472320 max_eden_size: 204472320 avg_young_live: 26739390
[25.724s][debug  ][gc,ergo        ] GC(91) PSAdaptiveSizePolicy::compute_eden_space_size: costs minor_time: 0.050172 major_cost: 0.032360 mutator_cost: 0.917468 throughput_goal: 0.990000
[25.724s][debug  ][gc,ergo        ] GC(91) Live_space: 948283008 free_space: 1635778560
[25.724s][debug  ][gc,ergo        ] GC(91) Old eden_size: 204472320 desired_eden_size: 204472320
[25.724s][debug  ][gc,ergo        ] GC(91) AdaptiveSizeStop: collection: 92 
[25.724s][info   ][gc,heap        ] GC(91) PSYoungGen: 198471K(230912K)->30720K(230912K) Eden: 198471K(199680K)->0K(199680K) From: 0K(31232K)->30720K(31232K)
[25.724s][info   ][gc,heap        ] GC(91) ParOldGen: 513635K(2173952K)->677476K(2173952K)
[25.724s][info   ][gc,metaspace   ] GC(91) Metaspace: 1021K(1216K)->1021K(1216K) NonClass: 937K(1024K)->937K(1024K) Class: 83K(192K)->83K(192K)
[25.724s][info   ][gc             ] GC(91) Pause Young (Allocation Failure) 695M->691M(2348M) 15.042ms
[25.724s][info   ][gc,cpu         ] GC(91) User=0.00s Sys=0.02s Real=0.02s
[25.724s][debug  ][gc,heap        ] GC(91) Heap after GC invocations=92 (full 13):
[25.724s][debug  ][gc,heap        ] GC(91)  PSYoungGen      total 230912K, used 30720K [0x00000007f0000000, 0x0000000800000000, 0x0000000800000000)
[25.724s][debug  ][gc,heap        ] GC(91)   eden space 199680K, 0% used [0x00000007f0000000,0x00000007f0000000,0x00000007fc300000)
[25.724s][debug  ][gc,heap        ] GC(91)   from space 31232K, 98% used [0x00000007fe180000,0x00000007fff80030,0x0000000800000000)
[25.724s][debug  ][gc,heap        ] GC(91)   to   space 31232K, 0% used [0x00000007fc300000,0x00000007fc300000,0x00000007fe180000)
[25.724s][debug  ][gc,heap        ] GC(91)  ParOldGen       total 2173952K, used 677476K [0x0000000740000000, 0x00000007c4b00000, 0x00000007f0000000)
[25.724s][debug  ][gc,heap        ] GC(91)   object space 2173952K, 31% used [0x0000000740000000,0x0000000769599018,0x00000007c4b00000)
[25.724s][debug  ][gc,heap        ] GC(91)  Metaspace       used 1021K, committed 1216K, reserved 1056768K
[25.724s][debug  ][gc,heap        ] GC(91)   class space    used 83K, committed 192K, reserved 1048576K
[25.724s][debug  ][gc,task,time   ] GC(91) VM-Thread 257085360 257222409 257242650
[26.025s][debug  ][gc,heap        ] GC(92) Heap before GC invocations=93 (full 13):
[26.025s][debug  ][gc,heap        ] GC(92)  PSYoungGen      total 230912K, used 229120K [0x00000007f0000000, 0x0000000800000000, 0x0000000800000000)
[26.025s][debug  ][gc,heap        ] GC(92)   eden space 199680K, 99% used [0x00000007f0000000,0x00000007fc1c0358,0x00000007fc300000)
[26.025s][debug  ][gc,heap        ] GC(92)   from space 31232K, 98% used [0x00000007fe180000,0x00000007fff80030,0x0000000800000000)
[26.025s][debug  ][gc,heap        ] GC(92)   to   space 31232K, 0% used [0x00000007fc300000,0x00000007fc300000,0x00000007fe180000)
[26.025s][debug  ][gc,heap        ] GC(92)  ParOldGen       total 2173952K, used 677476K [0x0000000740000000, 0x00000007c4b00000, 0x00000007f0000000)
[26.025s][debug  ][gc,heap        ] GC(92)   object space 2173952K, 31% used [0x0000000740000000,0x0000000769599018,0x00000007c4b00000)
[26.025s][debug  ][gc,heap        ] GC(92)  Metaspace       used 1021K, committed 1216K, reserved 1056768K
[26.025s][debug  ][gc,heap        ] GC(92)   class space    used 83K, committed 192K, reserved 1048576K
[26.025s][debug  ][gc,tlab        ] GC(92) TLAB totals: thrds: 1  refills: 1 max: 1 slow allocs: 18 max 18 waste: 27.3% gc: 3932712B max: 3932712B slow: 0B max: 0B
[26.026s][info   ][gc,start       ] GC(92) Pause Young (Allocation Failure)
[26.026s][debug  ][gc,phases,start] GC(92) Scavenge
[26.041s][debug  ][gc,phases      ] GC(92) Scavenge 15.318ms
[26.041s][debug  ][gc,phases,start] GC(92) Reference Processing
[26.041s][debug  ][gc,ref         ] GC(92) Skipped phase 1 of Reference Processing: no references
[26.041s][debug  ][gc,ref         ] GC(92) Skipped phase 2 of Reference Processing: no references
[26.041s][debug  ][gc,ref         ] GC(92) Skipped phase 3 of Reference Processing: no references
[26.041s][debug  ][gc,ref         ] GC(92) Skipped phase 4 of Reference Processing: no references
[26.041s][debug  ][gc,phases,ref  ] GC(92) Reference Processing: 0.1ms
[26.041s][debug  ][gc,phases,ref  ] GC(92)   Reconsider SoftReferences: 0.0ms
[26.041s][debug  ][gc,phases,ref  ] GC(92)     SoftRef (ms):                  skipped
[26.041s][debug  ][gc,phases,ref  ] GC(92)   Notify Soft/WeakReferences: 0.0ms
[26.041s][debug  ][gc,phases,ref  ] GC(92)     SoftRef (ms):                  skipped
[26.041s][debug  ][gc,phases,ref  ] GC(92)     WeakRef (ms):                  skipped
[26.041s][debug  ][gc,phases,ref  ] GC(92)     FinalRef (ms):                 skipped
[26.041s][debug  ][gc,phases,ref  ] GC(92)     Total (ms):                    skipped
[26.041s][debug  ][gc,phases,ref  ] GC(92)   Notify and keep alive finalizable: 0.0ms
[26.041s][debug  ][gc,phases,ref  ] GC(92)     FinalRef (ms):                 skipped
[26.041s][debug  ][gc,phases,ref  ] GC(92)   Notify PhantomReferences: 0.0ms
[26.041s][debug  ][gc,phases,ref  ] GC(92)     PhantomRef (ms):               skipped
[26.041s][debug  ][gc,phases,ref  ] GC(92)   SoftReference:
[26.041s][debug  ][gc,phases,ref  ] GC(92)     Discovered: 0
[26.041s][debug  ][gc,phases,ref  ] GC(92)     Cleared: 0
[26.041s][debug  ][gc,phases,ref  ] GC(92)   WeakReference:
[26.042s][debug  ][gc,phases,ref  ] GC(92)     Discovered: 0
[26.042s][debug  ][gc,phases,ref  ] GC(92)     Cleared: 0
[26.042s][debug  ][gc,phases,ref  ] GC(92)   FinalReference:
[26.042s][debug  ][gc,phases,ref  ] GC(92)     Discovered: 0
[26.042s][debug  ][gc,phases,ref  ] GC(92)     Cleared: 0
[26.042s][debug  ][gc,phases,ref  ] GC(92)   PhantomReference:
[26.042s][debug  ][gc,phases,ref  ] GC(92)     Discovered: 0
[26.042s][debug  ][gc,phases,ref  ] GC(92)     Cleared: 0
[26.042s][debug  ][gc,phases      ] GC(92) Reference Processing 0.726ms
[26.042s][debug  ][gc,phases,start] GC(92) Weak Processing
[26.042s][debug  ][gc,phases      ] GC(92)   VM Weak                        Min:  0.0, Avg:  0.0, Max:  0.0, Diff:  0.0, Sum:  0.0, Workers: 6
[26.042s][debug  ][gc,phases      ] GC(92)     Dead                           Min: 0, Avg:  0.0, Max: 0, Diff: 0, Sum: 0, Workers: 6
[26.042s][debug  ][gc,phases      ] GC(92)     Total                          Min: 0, Avg:  1.3, Max: 8, Diff: 8, Sum: 8, Workers: 6
[26.042s][debug  ][gc,phases      ] GC(92)   ObjectSynchronizer Weak        Min:  0.0, Avg:  0.0, Max:  0.0, Diff:  0.0, Sum:  0.0, Workers: 6
[26.042s][debug  ][gc,phases      ] GC(92)     Dead                           Min: 0, Avg:  0.0, Max: 0, Diff: 0, Sum: 0, Workers: 6
[26.042s][debug  ][gc,phases      ] GC(92)     Total                          Min: 0, Avg:  0.5, Max: 3, Diff: 3, Sum: 3, Workers: 6
[26.042s][debug  ][gc,phases      ] GC(92)   JVMTI Tag Weak OopStorage      Min:  0.0, Avg:  0.0, Max:  0.0, Diff:  0.0, Sum:  0.0, Workers: 6
[26.042s][debug  ][gc,phases      ] GC(92)     Dead                           Min: 0, Avg:  0.0, Max: 0, Diff: 0, Sum: 0, Workers: 6
[26.042s][debug  ][gc,phases      ] GC(92)     Total                          Min: 0, Avg:  0.0, Max: 0, Diff: 0, Sum: 0, Workers: 6
[26.042s][debug  ][gc,phases      ] GC(92)   StringTable Weak               Min:  0.0, Avg:  0.0, Max:  0.0, Diff:  0.0, Sum:  0.0, Workers: 6
[26.042s][debug  ][gc,phases      ] GC(92)     Dead                           Min: 0, Avg:  0.0, Max: 0, Diff: 0, Sum: 0, Workers: 6
[26.042s][debug  ][gc,phases      ] GC(92)     Total                          Min: 703, Avg: 892.5, Max: 1024, Diff: 321, Sum: 5355, Workers: 6
[26.042s][debug  ][gc,phases      ] GC(92)   ResolvedMethodTable Weak       Min:  0.0, Avg:  0.0, Max:  0.0, Diff:  0.0, Sum:  0.0, Workers: 6
[26.042s][debug  ][gc,phases      ] GC(92)     Dead                           Min: 0, Avg:  0.0, Max: 0, Diff: 0, Sum: 0, Workers: 6
[26.042s][debug  ][gc,phases      ] GC(92)     Total                          Min: 0, Avg: 21.7, Max: 64, Diff: 64, Sum: 130, Workers: 6
[26.042s][debug  ][gc,phases      ] GC(92)   JNI Weak                       Min:  0.0, Avg:  0.0, Max:  0.0, Diff:  0.0, Sum:  0.0, Workers: 6
[26.042s][debug  ][gc,phases      ] GC(92)     Dead                           Min: 0, Avg:  0.0, Max: 0, Diff: 0, Sum: 0, Workers: 6
[26.042s][debug  ][gc,phases      ] GC(92)     Total                          Min: 0, Avg:  0.0, Max: 0, Diff: 0, Sum: 0, Workers: 6
[26.042s][debug  ][gc,phases      ] GC(92)   StringDedup Table Weak         Min:  0.0, Avg:  0.0, Max:  0.0, Diff:  0.0, Sum:  0.0, Workers: 6
[26.042s][debug  ][gc,phases      ] GC(92)     Dead                           Min: 0, Avg:  0.0, Max: 0, Diff: 0, Sum: 0, Workers: 6
[26.042s][debug  ][gc,phases      ] GC(92)     Total                          Min: 0, Avg:  0.0, Max: 0, Diff: 0, Sum: 0, Workers: 6
[26.042s][debug  ][gc,phases      ] GC(92)   StringDedup Requests0 Weak     Min:  0.0, Avg:  0.0, Max:  0.0, Diff:  0.0, Sum:  0.0, Workers: 6
[26.042s][debug  ][gc,phases      ] GC(92)     Dead                           Min: 0, Avg:  0.0, Max: 0, Diff: 0, Sum: 0, Workers: 6
[26.042s][debug  ][gc,phases      ] GC(92)     Total                          Min: 0, Avg:  0.0, Max: 0, Diff: 0, Sum: 0, Workers: 6
[26.042s][debug  ][gc,phases      ] GC(92)   StringDedup Requests1 Weak     Min:  0.0, Avg:  0.0, Max:  0.0, Diff:  0.0, Sum:  0.0, Workers: 6
[26.042s][debug  ][gc,phases      ] GC(92)     Dead                           Min: 0, Avg:  0.0, Max: 0, Diff: 0, Sum: 0, Workers: 6
[26.042s][debug  ][gc,phases      ] GC(92)     Total                          Min: 0, Avg:  0.0, Max: 0, Diff: 0, Sum: 0, Workers: 6
[26.042s][debug  ][gc,phases      ] GC(92)   Weak JFR Old Object Samples    Min:  0.0, Avg:  0.0, Max:  0.0, Diff:  0.0, Sum:  0.0, Workers: 6
[26.043s][debug  ][gc,phases      ] GC(92)     Dead                           Min: 0, Avg:  0.0, Max: 0, Diff: 0, Sum: 0, Workers: 6
[26.043s][debug  ][gc,phases      ] GC(92)     Total                          Min: 0, Avg:  0.0, Max: 0, Diff: 0, Sum: 0, Workers: 6
[26.043s][debug  ][gc,phases      ] GC(92) Weak Processing 0.808ms
[26.043s][debug  ][gc,ergo        ] GC(92) AdaptiveSizeStart:  collection: 93 
[26.043s][debug  ][gc,ergo        ] GC(92) avg_survived_padded_avg: 31471628.000000
[26.043s][debug  ][gc,ergo        ] GC(92) avg_promoted_padded_avg: 260979184.000000  avg_pretenured_padded_avg: 0.000000  tenuring_thresh: 1  target_size: 31981568
[26.043s][debug  ][gc,age         ] GC(92) Desired survivor size 31981568 bytes, new threshold 1 (max threshold 15)
[26.043s][debug  ][gc,ergo        ] GC(92) PSAdaptiveSizePolicy::compute_eden_space_size limits: desired_eden_size: 229483941 old_eden_size: 204472320 eden_limit: 204472320 cur_eden: 204472320 max_eden_size: 204472320 avg_young_live: 27211184
[26.043s][debug  ][gc,ergo        ] GC(92) PSAdaptiveSizePolicy::compute_eden_space_size: costs minor_time: 0.050958 major_cost: 0.032360 mutator_cost: 0.916682 throughput_goal: 0.990000
[26.043s][debug  ][gc,ergo        ] GC(92) Live_space: 948754816 free_space: 1635778560
[26.043s][debug  ][gc,ergo        ] GC(92) Old eden_size: 204472320 desired_eden_size: 204472320
[26.043s][debug  ][gc,ergo        ] GC(92) AdaptiveSizeStop: collection: 93 
[26.043s][info   ][gc,heap        ] GC(92) PSYoungGen: 229120K(230912K)->30720K(230912K) Eden: 198400K(199680K)->0K(199680K) From: 30720K(31232K)->30720K(31232K)
[26.043s][info   ][gc,heap        ] GC(92) ParOldGen: 677476K(2173952K)->872036K(2173952K)
[26.043s][info   ][gc,metaspace   ] GC(92) Metaspace: 1021K(1216K)->1021K(1216K) NonClass: 937K(1024K)->937K(1024K) Class: 83K(192K)->83K(192K)
[26.043s][info   ][gc             ] GC(92) Pause Young (Allocation Failure) 885M->881M(2348M) 17.308ms
[26.043s][info   ][gc,cpu         ] GC(92) User=0.14s Sys=0.00s Real=0.02s
[26.043s][debug  ][gc,heap        ] GC(92) Heap after GC invocations=93 (full 13):
[26.043s][debug  ][gc,heap        ] GC(92)  PSYoungGen      total 230912K, used 30720K [0x00000007f0000000, 0x0000000800000000, 0x0000000800000000)
[26.043s][debug  ][gc,heap        ] GC(92)   eden space 199680K, 0% used [0x00000007f0000000,0x00000007f0000000,0x00000007fc300000)
[26.043s][debug  ][gc,heap        ] GC(92)   from space 31232K, 98% used [0x00000007fc300000,0x00000007fe100030,0x00000007fe180000)
[26.043s][debug  ][gc,heap        ] GC(92)   to   space 31232K, 0% used [0x00000007fe180000,0x00000007fe180000,0x0000000800000000)
[26.043s][debug  ][gc,heap        ] GC(92)  ParOldGen       total 2173952K, used 872036K [0x0000000740000000, 0x00000007c4b00000, 0x00000007f0000000)
[26.043s][debug  ][gc,heap        ] GC(92)   object space 2173952K, 40% used [0x0000000740000000,0x0000000775399148,0x00000007c4b00000)
[26.043s][debug  ][gc,heap        ] GC(92)  Metaspace       used 1021K, committed 1216K, reserved 1056768K
[26.043s][debug  ][gc,heap        ] GC(92)   class space    used 83K, committed 192K, reserved 1048576K
[26.043s][debug  ][gc,task,time   ] GC(92) VM-Thread 260251181 260409942 260431040
[26.340s][debug  ][gc,heap        ] GC(93) Heap before GC invocations=94 (full 13):
[26.340s][debug  ][gc,heap        ] GC(93)  PSYoungGen      total 230912K, used 229147K [0x00000007f0000000, 0x0000000800000000, 0x0000000800000000)
[26.340s][debug  ][gc,heap        ] GC(93)   eden space 199680K, 99% used [0x00000007f0000000,0x00000007fc1c6d60,0x00000007fc300000)
[26.340s][debug  ][gc,heap        ] GC(93)   from space 31232K, 98% used [0x00000007fc300000,0x00000007fe100030,0x00000007fe180000)
[26.340s][debug  ][gc,heap        ] GC(93)   to   space 31232K, 0% used [0x00000007fe180000,0x00000007fe180000,0x0000000800000000)
[26.340s][debug  ][gc,heap        ] GC(93)  ParOldGen       total 2173952K, used 872036K [0x0000000740000000, 0x00000007c4b00000, 0x00000007f0000000)
[26.340s][debug  ][gc,heap        ] GC(93)   object space 2173952K, 40% used [0x0000000740000000,0x0000000775399148,0x00000007c4b00000)
[26.340s][debug  ][gc,heap        ] GC(93)  Metaspace       used 1021K, committed 1216K, reserved 1056768K
[26.340s][debug  ][gc,heap        ] GC(93)   class space    used 83K, committed 192K, reserved 1048576K
[26.341s][debug  ][gc,tlab        ] GC(93) TLAB totals: thrds: 1  refills: 1 max: 1 slow allocs: 18 max 18 waste: 27.4% gc: 3958792B max: 3958792B slow: 0B max: 0B
[26.341s][info   ][gc,start       ] GC(93) Pause Young (Allocation Failure)
[26.341s][debug  ][gc,phases,start] GC(93) Scavenge
[26.346s][debug  ][gc,phases      ] GC(93) Scavenge 5.067ms
[26.346s][debug  ][gc,phases,start] GC(93) Reference Processing
[26.346s][debug  ][gc,ref         ] GC(93) Skipped phase 1 of Reference Processing: no references
[26.346s][debug  ][gc,ref         ] GC(93) Skipped phase 2 of Reference Processing: no references
[26.346s][debug  ][gc,ref         ] GC(93) Skipped phase 3 of Reference Processing: no references
[26.346s][debug  ][gc,ref         ] GC(93) Skipped phase 4 of Reference Processing: no references
[26.346s][debug  ][gc,phases,ref  ] GC(93) Reference Processing: 0.1ms
[26.346s][debug  ][gc,phases,ref  ] GC(93)   Reconsider SoftReferences: 0.0ms
[26.346s][debug  ][gc,phases,ref  ] GC(93)     SoftRef (ms):                  skipped
[26.346s][debug  ][gc,phases,ref  ] GC(93)   Notify Soft/WeakReferences: 0.0ms
[26.346s][debug  ][gc,phases,ref  ] GC(93)     SoftRef (ms):                  skipped
[26.346s][debug  ][gc,phases,ref  ] GC(93)     WeakRef (ms):                  skipped
[26.346s][debug  ][gc,phases,ref  ] GC(93)     FinalRef (ms):                 skipped
[26.346s][debug  ][gc,phases,ref  ] GC(93)     Total (ms):                    skipped
[26.346s][debug  ][gc,phases,ref  ] GC(93)   Notify and keep alive finalizable: 0.0ms
[26.346s][debug  ][gc,phases,ref  ] GC(93)     FinalRef (ms):                 skipped
[26.346s][debug  ][gc,phases,ref  ] GC(93)   Notify PhantomReferences: 0.0ms
[26.346s][debug  ][gc,phases,ref  ] GC(93)     PhantomRef (ms):               skipped
[26.346s][debug  ][gc,phases,ref  ] GC(93)   SoftReference:
[26.346s][debug  ][gc,phases,ref  ] GC(93)     Discovered: 0
[26.346s][debug  ][gc,phases,ref  ] GC(93)     Cleared: 0
[26.346s][debug  ][gc,phases,ref  ] GC(93)   WeakReference:
[26.346s][debug  ][gc,phases,ref  ] GC(93)     Discovered: 0
[26.346s][debug  ][gc,phases,ref  ] GC(93)     Cleared: 0
[26.346s][debug  ][gc,phases,ref  ] GC(93)   FinalReference:
[26.346s][debug  ][gc,phases,ref  ] GC(93)     Discovered: 0
[26.346s][debug  ][gc,phases,ref  ] GC(93)     Cleared: 0
[26.346s][debug  ][gc,phases,ref  ] GC(93)   PhantomReference:
[26.346s][debug  ][gc,phases,ref  ] GC(93)     Discovered: 0
[26.346s][debug  ][gc,phases,ref  ] GC(93)     Cleared: 0
[26.346s][debug  ][gc,phases      ] GC(93) Reference Processing 0.618ms
[26.346s][debug  ][gc,phases,start] GC(93) Weak Processing
[26.346s][debug  ][gc,phases      ] GC(93)   VM Weak                        Min:  0.0, Avg:  0.0, Max:  0.0, Diff:  0.0, Sum:  0.0, Workers: 6
[26.346s][debug  ][gc,phases      ] GC(93)     Dead                           Min: 0, Avg:  0.0, Max: 0, Diff: 0, Sum: 0, Workers: 6
[26.346s][debug  ][gc,phases      ] GC(93)     Total                          Min: 0, Avg:  1.3, Max: 8, Diff: 8, Sum: 8, Workers: 6
[26.347s][debug  ][gc,phases      ] GC(93)   ObjectSynchronizer Weak        Min:  0.0, Avg:  0.0, Max:  0.0, Diff:  0.0, Sum:  0.0, Workers: 6
[26.347s][debug  ][gc,phases      ] GC(93)     Dead                           Min: 0, Avg:  0.0, Max: 0, Diff: 0, Sum: 0, Workers: 6
[26.347s][debug  ][gc,phases      ] GC(93)     Total                          Min: 0, Avg:  0.5, Max: 3, Diff: 3, Sum: 3, Workers: 6
[26.347s][debug  ][gc,phases      ] GC(93)   JVMTI Tag Weak OopStorage      Min:  0.0, Avg:  0.0, Max:  0.0, Diff:  0.0, Sum:  0.0, Workers: 6
[26.347s][debug  ][gc,phases      ] GC(93)     Dead                           Min: 0, Avg:  0.0, Max: 0, Diff: 0, Sum: 0, Workers: 6
[26.347s][debug  ][gc,phases      ] GC(93)     Total                          Min: 0, Avg:  0.0, Max: 0, Diff: 0, Sum: 0, Workers: 6
[26.347s][debug  ][gc,phases      ] GC(93)   StringTable Weak               Min:  0.0, Avg:  0.0, Max:  0.0, Diff:  0.0, Sum:  0.0, Workers: 6
[26.347s][debug  ][gc,phases      ] GC(93)     Dead                           Min: 0, Avg:  0.0, Max: 0, Diff: 0, Sum: 0, Workers: 6
[26.347s][debug  ][gc,phases      ] GC(93)     Total                          Min: 832, Avg: 892.5, Max: 1087, Diff: 255, Sum: 5355, Workers: 6
[26.347s][debug  ][gc,phases      ] GC(93)   ResolvedMethodTable Weak       Min:  0.0, Avg:  0.0, Max:  0.0, Diff:  0.0, Sum:  0.0, Workers: 6
[26.347s][debug  ][gc,phases      ] GC(93)     Dead                           Min: 0, Avg:  0.0, Max: 0, Diff: 0, Sum: 0, Workers: 6
[26.347s][debug  ][gc,phases      ] GC(93)     Total                          Min: 0, Avg: 21.7, Max: 64, Diff: 64, Sum: 130, Workers: 6
[26.347s][debug  ][gc,phases      ] GC(93)   JNI Weak                       Min:  0.0, Avg:  0.0, Max:  0.0, Diff:  0.0, Sum:  0.0, Workers: 6
[26.347s][debug  ][gc,phases      ] GC(93)     Dead                           Min: 0, Avg:  0.0, Max: 0, Diff: 0, Sum: 0, Workers: 6
[26.347s][debug  ][gc,phases      ] GC(93)     Total                          Min: 0, Avg:  0.0, Max: 0, Diff: 0, Sum: 0, Workers: 6
[26.347s][debug  ][gc,phases      ] GC(93)   StringDedup Table Weak         Min:  0.0, Avg:  0.0, Max:  0.0, Diff:  0.0, Sum:  0.0, Workers: 6
[26.347s][debug  ][gc,phases      ] GC(93)     Dead                           Min: 0, Avg:  0.0, Max: 0, Diff: 0, Sum: 0, Workers: 6
[26.347s][debug  ][gc,phases      ] GC(93)     Total                          Min: 0, Avg:  0.0, Max: 0, Diff: 0, Sum: 0, Workers: 6
[26.347s][debug  ][gc,phases      ] GC(93)   StringDedup Requests0 Weak     Min:  0.0, Avg:  0.0, Max:  0.0, Diff:  0.0, Sum:  0.0, Workers: 6
[26.347s][debug  ][gc,phases      ] GC(93)     Dead                           Min: 0, Avg:  0.0, Max: 0, Diff: 0, Sum: 0, Workers: 6
[26.347s][debug  ][gc,phases      ] GC(93)     Total                          Min: 0, Avg:  0.0, Max: 0, Diff: 0, Sum: 0, Workers: 6
[26.347s][debug  ][gc,phases      ] GC(93)   StringDedup Requests1 Weak     Min:  0.0, Avg:  0.0, Max:  0.0, Diff:  0.0, Sum:  0.0, Workers: 6
[26.347s][debug  ][gc,phases      ] GC(93)     Dead                           Min: 0, Avg:  0.0, Max: 0, Diff: 0, Sum: 0, Workers: 6
[26.347s][debug  ][gc,phases      ] GC(93)     Total                          Min: 0, Avg:  0.0, Max: 0, Diff: 0, Sum: 0, Workers: 6
[26.347s][debug  ][gc,phases      ] GC(93)   Weak JFR Old Object Samples    Min:  0.0, Avg:  0.0, Max:  0.0, Diff:  0.0, Sum:  0.0, Workers: 6
[26.347s][debug  ][gc,phases      ] GC(93)     Dead                           Min: 0, Avg:  0.0, Max: 0, Diff: 0, Sum: 0, Workers: 6
[26.347s][debug  ][gc,phases      ] GC(93)     Total                          Min: 0, Avg:  0.0, Max: 0, Diff: 0, Sum: 0, Workers: 6
[26.347s][debug  ][gc,phases      ] GC(93) Weak Processing 0.681ms
[26.347s][debug  ][gc,ergo        ] GC(93) AdaptiveSizeStart:  collection: 94 
[26.347s][debug  ][gc,ergo        ] GC(93) avg_survived_padded_avg: 31470362.000000
[26.347s][debug  ][gc,ergo        ] GC(93) avg_promoted_padded_avg: 276091200.000000  avg_pretenured_padded_avg: 0.000000  tenuring_thresh: 1  target_size: 31981568
[26.347s][debug  ][gc,age         ] GC(93) Desired survivor size 31981568 bytes, new threshold 1 (max threshold 15)
[26.347s][debug  ][gc,ergo        ] GC(93) PSAdaptiveSizePolicy::compute_eden_space_size limits: desired_eden_size: 227931968 old_eden_size: 204472320 eden_limit: 204472320 cur_eden: 204472320 max_eden_size: 204472320 avg_young_live: 27635798
[26.347s][debug  ][gc,ergo        ] GC(93) PSAdaptiveSizePolicy::compute_eden_space_size: costs minor_time: 0.043542 major_cost: 0.032360 mutator_cost: 0.924099 throughput_goal: 0.990000
[26.347s][debug  ][gc,ergo        ] GC(93) Live_space: 949179392 free_space: 1635778560
[26.347s][debug  ][gc,ergo        ] GC(93) Old eden_size: 204472320 desired_eden_size: 204472320
[26.347s][debug  ][gc,ergo        ] GC(93) AdaptiveSizeStop: collection: 94 
[26.347s][info   ][gc,heap        ] GC(93) PSYoungGen: 229147K(230912K)->30720K(230912K) Eden: 198427K(199680K)->0K(199680K) From: 30720K(31232K)->30720K(31232K)
[26.347s][info   ][gc,heap        ] GC(93) ParOldGen: 872036K(2173952K)->912996K(2173952K)
[26.347s][info   ][gc,metaspace   ] GC(93) Metaspace: 1021K(1216K)->1021K(1216K) NonClass: 937K(1024K)->937K(1024K) Class: 83K(192K)->83K(192K)
[26.347s][info   ][gc             ] GC(93) Pause Young (Allocation Failure) 1075M->921M(2348M) 6.798ms
[26.347s][info   ][gc,cpu         ] GC(93) User=0.00s Sys=0.00s Real=0.01s
[26.347s][debug  ][gc,heap        ] GC(93) Heap after GC invocations=94 (full 13):
[26.347s][debug  ][gc,heap        ] GC(93)  PSYoungGen      total 230912K, used 30720K [0x00000007f0000000, 0x0000000800000000, 0x0000000800000000)
[26.347s][debug  ][gc,heap        ] GC(93)   eden space 199680K, 0% used [0x00000007f0000000,0x00000007f0000000,0x00000007fc300000)
[26.347s][debug  ][gc,heap        ] GC(93)   from space 31232K, 98% used [0x00000007fe180000,0x00000007fff80030,0x0000000800000000)
[26.347s][debug  ][gc,heap        ] GC(93)   to   space 31232K, 0% used [0x00000007fc300000,0x00000007fc300000,0x00000007fe180000)
[26.347s][debug  ][gc,heap        ] GC(93)  ParOldGen       total 2173952K, used 912996K [0x0000000740000000, 0x00000007c4b00000, 0x00000007f0000000)
[26.348s][debug  ][gc,heap        ] GC(93)   object space 2173952K, 41% used [0x0000000740000000,0x0000000777b99188,0x00000007c4b00000)
[26.348s][debug  ][gc,heap        ] GC(93)  Metaspace       used 1021K, committed 1216K, reserved 1056768K
[26.348s][debug  ][gc,heap        ] GC(93)   class space    used 83K, committed 192K, reserved 1048576K
[26.348s][debug  ][gc,task,time   ] GC(93) VM-Thread 263402565 263457321 263475774
[26.658s][debug  ][gc,heap        ] GC(94) Heap before GC invocations=95 (full 13):
[26.658s][debug  ][gc,heap        ] GC(94)  PSYoungGen      total 230912K, used 229164K [0x00000007f0000000, 0x0000000800000000, 0x0000000800000000)
[26.658s][debug  ][gc,heap        ] GC(94)   eden space 199680K, 99% used [0x00000007f0000000,0x00000007fc1cb198,0x00000007fc300000)
[26.658s][debug  ][gc,heap        ] GC(94)   from space 31232K, 98% used [0x00000007fe180000,0x00000007fff80030,0x0000000800000000)
[26.658s][debug  ][gc,heap        ] GC(94)   to   space 31232K, 0% used [0x00000007fc300000,0x00000007fc300000,0x00000007fe180000)
[26.658s][debug  ][gc,heap        ] GC(94)  ParOldGen       total 2173952K, used 912996K [0x0000000740000000, 0x00000007c4b00000, 0x00000007f0000000)
[26.658s][debug  ][gc,heap        ] GC(94)   object space 2173952K, 41% used [0x0000000740000000,0x0000000777b99188,0x00000007c4b00000)
[26.658s][debug  ][gc,heap        ] GC(94)  Metaspace       used 1021K, committed 1216K, reserved 1056768K
[26.658s][debug  ][gc,heap        ] GC(94)   class space    used 83K, committed 192K, reserved 1048576K
[26.658s][debug  ][gc,tlab        ] GC(94) TLAB totals: thrds: 1  refills: 1 max: 1 slow allocs: 18 max 18 waste: 27.5% gc: 3977320B max: 3977320B slow: 0B max: 0B
[26.658s][info   ][gc,start       ] GC(94) Pause Young (Allocation Failure)
[26.658s][debug  ][gc,phases,start] GC(94) Scavenge
[26.673s][debug  ][gc,phases      ] GC(94) Scavenge 15.150ms
[26.673s][debug  ][gc,phases,start] GC(94) Reference Processing
[26.673s][debug  ][gc,ref         ] GC(94) Skipped phase 1 of Reference Processing: no references
[26.674s][debug  ][gc,ref         ] GC(94) Skipped phase 2 of Reference Processing: no references
[26.674s][debug  ][gc,ref         ] GC(94) Skipped phase 3 of Reference Processing: no references
[26.674s][debug  ][gc,ref         ] GC(94) Skipped phase 4 of Reference Processing: no references
[26.674s][debug  ][gc,phases,ref  ] GC(94) Reference Processing: 0.1ms
[26.674s][debug  ][gc,phases,ref  ] GC(94)   Reconsider SoftReferences: 0.0ms
[26.674s][debug  ][gc,phases,ref  ] GC(94)     SoftRef (ms):                  skipped
[26.674s][debug  ][gc,phases,ref  ] GC(94)   Notify Soft/WeakReferences: 0.0ms
[26.674s][debug  ][gc,phases,ref  ] GC(94)     SoftRef (ms):                  skipped
[26.674s][debug  ][gc,phases,ref  ] GC(94)     WeakRef (ms):                  skipped
[26.674s][debug  ][gc,phases,ref  ] GC(94)     FinalRef (ms):                 skipped
[26.674s][debug  ][gc,phases,ref  ] GC(94)     Total (ms):                    skipped
[26.674s][debug  ][gc,phases,ref  ] GC(94)   Notify and keep alive finalizable: 0.0ms
[26.674s][debug  ][gc,phases,ref  ] GC(94)     FinalRef (ms):                 skipped
[26.674s][debug  ][gc,phases,ref  ] GC(94)   Notify PhantomReferences: 0.0ms
[26.674s][debug  ][gc,phases,ref  ] GC(94)     PhantomRef (ms):               skipped
[26.674s][debug  ][gc,phases,ref  ] GC(94)   SoftReference:
[26.674s][debug  ][gc,phases,ref  ] GC(94)     Discovered: 0
[26.674s][debug  ][gc,phases,ref  ] GC(94)     Cleared: 0
[26.674s][debug  ][gc,phases,ref  ] GC(94)   WeakReference:
[26.674s][debug  ][gc,phases,ref  ] GC(94)     Discovered: 0
[26.674s][debug  ][gc,phases,ref  ] GC(94)     Cleared: 0
[26.674s][debug  ][gc,phases,ref  ] GC(94)   FinalReference:
[26.674s][debug  ][gc,phases,ref  ] GC(94)     Discovered: 0
[26.674s][debug  ][gc,phases,ref  ] GC(94)     Cleared: 0
[26.674s][debug  ][gc,phases,ref  ] GC(94)   PhantomReference:
[26.674s][debug  ][gc,phases,ref  ] GC(94)     Discovered: 0
[26.674s][debug  ][gc,phases,ref  ] GC(94)     Cleared: 0
[26.674s][debug  ][gc,phases      ] GC(94) Reference Processing 0.775ms
[26.674s][debug  ][gc,phases,start] GC(94) Weak Processing
[26.674s][debug  ][gc,phases      ] GC(94)   VM Weak                        Min:  0.0, Avg:  0.0, Max:  0.0, Diff:  0.0, Sum:  0.0, Workers: 6
[26.674s][debug  ][gc,phases      ] GC(94)     Dead                           Min: 0, Avg:  0.0, Max: 0, Diff: 0, Sum: 0, Workers: 6
[26.674s][debug  ][gc,phases      ] GC(94)     Total                          Min: 0, Avg:  1.3, Max: 8, Diff: 8, Sum: 8, Workers: 6
[26.674s][debug  ][gc,phases      ] GC(94)   ObjectSynchronizer Weak        Min:  0.0, Avg:  0.0, Max:  0.0, Diff:  0.0, Sum:  0.0, Workers: 6
[26.674s][debug  ][gc,phases      ] GC(94)     Dead                           Min: 0, Avg:  0.0, Max: 0, Diff: 0, Sum: 0, Workers: 6
[26.674s][debug  ][gc,phases      ] GC(94)     Total                          Min: 0, Avg:  0.5, Max: 3, Diff: 3, Sum: 3, Workers: 6
[26.675s][debug  ][gc,phases      ] GC(94)   JVMTI Tag Weak OopStorage      Min:  0.0, Avg:  0.0, Max:  0.0, Diff:  0.0, Sum:  0.0, Workers: 6
[26.675s][debug  ][gc,phases      ] GC(94)     Dead                           Min: 0, Avg:  0.0, Max: 0, Diff: 0, Sum: 0, Workers: 6
[26.675s][debug  ][gc,phases      ] GC(94)     Total                          Min: 0, Avg:  0.0, Max: 0, Diff: 0, Sum: 0, Workers: 6
[26.675s][debug  ][gc,phases      ] GC(94)   StringTable Weak               Min:  0.0, Avg:  0.0, Max:  0.0, Diff:  0.0, Sum:  0.0, Workers: 6
[26.675s][debug  ][gc,phases      ] GC(94)     Dead                           Min: 0, Avg:  0.0, Max: 0, Diff: 0, Sum: 0, Workers: 6
[26.675s][debug  ][gc,phases      ] GC(94)     Total                          Min: 704, Avg: 892.5, Max: 1132, Diff: 428, Sum: 5355, Workers: 6
[26.675s][debug  ][gc,phases      ] GC(94)   ResolvedMethodTable Weak       Min:  0.0, Avg:  0.0, Max:  0.0, Diff:  0.0, Sum:  0.0, Workers: 6
[26.675s][debug  ][gc,phases      ] GC(94)     Dead                           Min: 0, Avg:  0.0, Max: 0, Diff: 0, Sum: 0, Workers: 6
[26.675s][debug  ][gc,phases      ] GC(94)     Total                          Min: 0, Avg: 21.7, Max: 64, Diff: 64, Sum: 130, Workers: 6
[26.675s][debug  ][gc,phases      ] GC(94)   JNI Weak                       Min:  0.0, Avg:  0.0, Max:  0.0, Diff:  0.0, Sum:  0.0, Workers: 6
[26.675s][debug  ][gc,phases      ] GC(94)     Dead                           Min: 0, Avg:  0.0, Max: 0, Diff: 0, Sum: 0, Workers: 6
[26.675s][debug  ][gc,phases      ] GC(94)     Total                          Min: 0, Avg:  0.0, Max: 0, Diff: 0, Sum: 0, Workers: 6
[26.675s][debug  ][gc,phases      ] GC(94)   StringDedup Table Weak         Min:  0.0, Avg:  0.0, Max:  0.0, Diff:  0.0, Sum:  0.0, Workers: 6
[26.675s][debug  ][gc,phases      ] GC(94)     Dead                           Min: 0, Avg:  0.0, Max: 0, Diff: 0, Sum: 0, Workers: 6
[26.675s][debug  ][gc,phases      ] GC(94)     Total                          Min: 0, Avg:  0.0, Max: 0, Diff: 0, Sum: 0, Workers: 6
[26.675s][debug  ][gc,phases      ] GC(94)   StringDedup Requests0 Weak     Min:  0.0, Avg:  0.0, Max:  0.0, Diff:  0.0, Sum:  0.0, Workers: 6
[26.675s][debug  ][gc,phases      ] GC(94)     Dead                           Min: 0, Avg:  0.0, Max: 0, Diff: 0, Sum: 0, Workers: 6
[26.675s][debug  ][gc,phases      ] GC(94)     Total                          Min: 0, Avg:  0.0, Max: 0, Diff: 0, Sum: 0, Workers: 6
[26.675s][debug  ][gc,phases      ] GC(94)   StringDedup Requests1 Weak     Min:  0.0, Avg:  0.0, Max:  0.0, Diff:  0.0, Sum:  0.0, Workers: 6
[26.675s][debug  ][gc,phases      ] GC(94)     Dead                           Min: 0, Avg:  0.0, Max: 0, Diff: 0, Sum: 0, Workers: 6
[26.675s][debug  ][gc,phases      ] GC(94)     Total                          Min: 0, Avg:  0.0, Max: 0, Diff: 0, Sum: 0, Workers: 6
[26.675s][debug  ][gc,phases      ] GC(94)   Weak JFR Old Object Samples    Min:  0.0, Avg:  0.0, Max:  0.0, Diff:  0.0, Sum:  0.0, Workers: 6
[26.675s][debug  ][gc,phases      ] GC(94)     Dead                           Min: 0, Avg:  0.0, Max: 0, Diff: 0, Sum: 0, Workers: 6
[26.675s][debug  ][gc,phases      ] GC(94)     Total                          Min: 0, Avg:  0.0, Max: 0, Diff: 0, Sum: 0, Workers: 6
[26.675s][debug  ][gc,phases      ] GC(94) Weak Processing 0.921ms
[26.675s][debug  ][gc,ergo        ] GC(94) AdaptiveSizeStart:  collection: 95 
[26.675s][debug  ][gc,ergo        ] GC(94) avg_survived_padded_avg: 31469208.000000
[26.675s][debug  ][gc,ergo        ] GC(94) avg_promoted_padded_avg: 277558400.000000  avg_pretenured_padded_avg: 0.000000  tenuring_thresh: 1  target_size: 31981568
[26.675s][debug  ][gc,age         ] GC(94) Desired survivor size 31981568 bytes, new threshold 1 (max threshold 15)
[26.675s][debug  ][gc,ergo        ] GC(94) PSAdaptiveSizePolicy::compute_eden_space_size limits: desired_eden_size: 228390679 old_eden_size: 204472320 eden_limit: 204472320 cur_eden: 204472320 max_eden_size: 204472320 avg_young_live: 28017950
[26.675s][debug  ][gc,ergo        ] GC(94) PSAdaptiveSizePolicy::compute_eden_space_size: costs minor_time: 0.045593 major_cost: 0.032360 mutator_cost: 0.922048 throughput_goal: 0.990000
[26.675s][debug  ][gc,ergo        ] GC(94) Live_space: 949561600 free_space: 1635778560
[26.675s][debug  ][gc,ergo        ] GC(94) Old eden_size: 204472320 desired_eden_size: 204472320
[26.675s][debug  ][gc,ergo        ] GC(94) AdaptiveSizeStop: collection: 95 
[26.675s][info   ][gc,heap        ] GC(94) PSYoungGen: 229164K(230912K)->30720K(230912K) Eden: 198444K(199680K)->0K(199680K) From: 30720K(31232K)->30720K(31232K)
[26.675s][info   ][gc,heap        ] GC(94) ParOldGen: 912996K(2173952K)->1107556K(2173952K)
[26.675s][info   ][gc,metaspace   ] GC(94) Metaspace: 1021K(1216K)->1021K(1216K) NonClass: 937K(1024K)->937K(1024K) Class: 83K(192K)->83K(192K)
[26.675s][info   ][gc             ] GC(94) Pause Young (Allocation Failure) 1115M->1111M(2348M) 17.336ms
[26.676s][info   ][gc,cpu         ] GC(94) User=0.16s Sys=0.00s Real=0.02s
[26.676s][debug  ][gc,heap        ] GC(94) Heap after GC invocations=95 (full 13):
[26.676s][debug  ][gc,heap        ] GC(94)  PSYoungGen      total 230912K, used 30720K [0x00000007f0000000, 0x0000000800000000, 0x0000000800000000)
[26.676s][debug  ][gc,heap        ] GC(94)   eden space 199680K, 0% used [0x00000007f0000000,0x00000007f0000000,0x00000007fc300000)
[26.676s][debug  ][gc,heap        ] GC(94)   from space 31232K, 98% used [0x00000007fc300000,0x00000007fe100030,0x00000007fe180000)
[26.676s][debug  ][gc,heap        ] GC(94)   to   space 31232K, 0% used [0x00000007fe180000,0x00000007fe180000,0x0000000800000000)
[26.676s][debug  ][gc,heap        ] GC(94)  ParOldGen       total 2173952K, used 1107556K [0x0000000740000000, 0x00000007c4b00000, 0x00000007f0000000)
[26.676s][debug  ][gc,heap        ] GC(94)   object space 2173952K, 50% used [0x0000000740000000,0x00000007839992b8,0x00000007c4b00000)
[26.676s][debug  ][gc,heap        ] GC(94)  Metaspace       used 1021K, committed 1216K, reserved 1056768K
[26.676s][debug  ][gc,heap        ] GC(94)   class space    used 83K, committed 192K, reserved 1048576K
[26.676s][debug  ][gc,task,time   ] GC(94) VM-Thread 266576493 266734556 266757556
[26.976s][debug  ][gc,heap        ] GC(95) Heap before GC invocations=96 (full 13):
[26.976s][debug  ][gc,heap        ] GC(95)  PSYoungGen      total 230912K, used 229175K [0x00000007f0000000, 0x0000000800000000, 0x0000000800000000)
[26.976s][debug  ][gc,heap        ] GC(95)   eden space 199680K, 99% used [0x00000007f0000000,0x00000007fc1cdd78,0x00000007fc300000)
[26.976s][debug  ][gc,heap        ] GC(95)   from space 31232K, 98% used [0x00000007fc300000,0x00000007fe100030,0x00000007fe180000)
[26.976s][debug  ][gc,heap        ] GC(95)   to   space 31232K, 0% used [0x00000007fe180000,0x00000007fe180000,0x0000000800000000)
[26.976s][debug  ][gc,heap        ] GC(95)  ParOldGen       total 2173952K, used 1107556K [0x0000000740000000, 0x00000007c4b00000, 0x00000007f0000000)
[26.976s][debug  ][gc,heap        ] GC(95)   object space 2173952K, 50% used [0x0000000740000000,0x00000007839992b8,0x00000007c4b00000)
[26.976s][debug  ][gc,heap        ] GC(95)  Metaspace       used 1021K, committed 1216K, reserved 1056768K
[26.976s][debug  ][gc,heap        ] GC(95)   class space    used 83K, committed 192K, reserved 1048576K
[26.976s][debug  ][gc,tlab        ] GC(95) TLAB totals: thrds: 1  refills: 1 max: 1 slow allocs: 18 max 18 waste: 27.6% gc: 3988552B max: 3988552B slow: 0B max: 0B
[26.976s][info   ][gc,start       ] GC(95) Pause Young (Allocation Failure)
[26.976s][debug  ][gc,phases,start] GC(95) Scavenge
[26.992s][debug  ][gc,phases      ] GC(95) Scavenge 15.390ms
[26.992s][debug  ][gc,phases,start] GC(95) Reference Processing
[26.992s][debug  ][gc,ref         ] GC(95) Skipped phase 1 of Reference Processing: no references
[26.992s][debug  ][gc,ref         ] GC(95) Skipped phase 2 of Reference Processing: no references
[26.992s][debug  ][gc,ref         ] GC(95) Skipped phase 3 of Reference Processing: no references
[26.992s][debug  ][gc,ref         ] GC(95) Skipped phase 4 of Reference Processing: no references
[26.992s][debug  ][gc,phases,ref  ] GC(95) Reference Processing: 0.1ms
[26.992s][debug  ][gc,phases,ref  ] GC(95)   Reconsider SoftReferences: 0.0ms
[26.992s][debug  ][gc,phases,ref  ] GC(95)     SoftRef (ms):                  skipped
[26.992s][debug  ][gc,phases,ref  ] GC(95)   Notify Soft/WeakReferences: 0.0ms
[26.992s][debug  ][gc,phases,ref  ] GC(95)     SoftRef (ms):                  skipped
[26.992s][debug  ][gc,phases,ref  ] GC(95)     WeakRef (ms):                  skipped
[26.992s][debug  ][gc,phases,ref  ] GC(95)     FinalRef (ms):                 skipped
[26.992s][debug  ][gc,phases,ref  ] GC(95)     Total (ms):                    skipped
[26.992s][debug  ][gc,phases,ref  ] GC(95)   Notify and keep alive finalizable: 0.0ms
[26.992s][debug  ][gc,phases,ref  ] GC(95)     FinalRef (ms):                 skipped
[26.992s][debug  ][gc,phases,ref  ] GC(95)   Notify PhantomReferences: 0.0ms
[26.992s][debug  ][gc,phases,ref  ] GC(95)     PhantomRef (ms):               skipped
[26.992s][debug  ][gc,phases,ref  ] GC(95)   SoftReference:
[26.992s][debug  ][gc,phases,ref  ] GC(95)     Discovered: 0
[26.992s][debug  ][gc,phases,ref  ] GC(95)     Cleared: 0
[26.992s][debug  ][gc,phases,ref  ] GC(95)   WeakReference:
[26.992s][debug  ][gc,phases,ref  ] GC(95)     Discovered: 0
[26.992s][debug  ][gc,phases,ref  ] GC(95)     Cleared: 0
[26.992s][debug  ][gc,phases,ref  ] GC(95)   FinalReference:
[26.992s][debug  ][gc,phases,ref  ] GC(95)     Discovered: 0
[26.993s][debug  ][gc,phases,ref  ] GC(95)     Cleared: 0
[26.993s][debug  ][gc,phases,ref  ] GC(95)   PhantomReference:
[26.993s][debug  ][gc,phases,ref  ] GC(95)     Discovered: 0
[26.993s][debug  ][gc,phases,ref  ] GC(95)     Cleared: 0
[26.993s][debug  ][gc,phases      ] GC(95) Reference Processing 0.616ms
[26.993s][debug  ][gc,phases,start] GC(95) Weak Processing
[26.993s][debug  ][gc,phases      ] GC(95)   VM Weak                        Min:  0.0, Avg:  0.0, Max:  0.0, Diff:  0.0, Sum:  0.0, Workers: 6
[26.993s][debug  ][gc,phases      ] GC(95)     Dead                           Min: 0, Avg:  0.0, Max: 0, Diff: 0, Sum: 0, Workers: 6
[26.993s][debug  ][gc,phases      ] GC(95)     Total                          Min: 0, Avg:  1.3, Max: 8, Diff: 8, Sum: 8, Workers: 6
[26.993s][debug  ][gc,phases      ] GC(95)   ObjectSynchronizer Weak        Min:  0.0, Avg:  0.0, Max:  0.0, Diff:  0.0, Sum:  0.0, Workers: 6
[26.993s][debug  ][gc,phases      ] GC(95)     Dead                           Min: 0, Avg:  0.0, Max: 0, Diff: 0, Sum: 0, Workers: 6
[26.993s][debug  ][gc,phases      ] GC(95)     Total                          Min: 0, Avg:  0.5, Max: 3, Diff: 3, Sum: 3, Workers: 6
[26.993s][debug  ][gc,phases      ] GC(95)   JVMTI Tag Weak OopStorage      Min:  0.0, Avg:  0.0, Max:  0.0, Diff:  0.0, Sum:  0.0, Workers: 6
[26.993s][debug  ][gc,phases      ] GC(95)     Dead                           Min: 0, Avg:  0.0, Max: 0, Diff: 0, Sum: 0, Workers: 6
[26.993s][debug  ][gc,phases      ] GC(95)     Total                          Min: 0, Avg:  0.0, Max: 0, Diff: 0, Sum: 0, Workers: 6
[26.993s][debug  ][gc,phases      ] GC(95)   StringTable Weak               Min:  0.0, Avg:  0.0, Max:  0.0, Diff:  0.0, Sum:  0.0, Workers: 6
[26.993s][debug  ][gc,phases      ] GC(95)     Dead                           Min: 0, Avg:  0.0, Max: 0, Diff: 0, Sum: 0, Workers: 6
[26.993s][debug  ][gc,phases      ] GC(95)     Total                          Min: 768, Avg: 892.5, Max: 1087, Diff: 319, Sum: 5355, Workers: 6
[26.993s][debug  ][gc,phases      ] GC(95)   ResolvedMethodTable Weak       Min:  0.0, Avg:  0.0, Max:  0.0, Diff:  0.0, Sum:  0.0, Workers: 6
[26.993s][debug  ][gc,phases      ] GC(95)     Dead                           Min: 0, Avg:  0.0, Max: 0, Diff: 0, Sum: 0, Workers: 6
[26.993s][debug  ][gc,phases      ] GC(95)     Total                          Min: 0, Avg: 21.7, Max: 64, Diff: 64, Sum: 130, Workers: 6
[26.993s][debug  ][gc,phases      ] GC(95)   JNI Weak                       Min:  0.0, Avg:  0.0, Max:  0.0, Diff:  0.0, Sum:  0.0, Workers: 6
[26.993s][debug  ][gc,phases      ] GC(95)     Dead                           Min: 0, Avg:  0.0, Max: 0, Diff: 0, Sum: 0, Workers: 6
[26.993s][debug  ][gc,phases      ] GC(95)     Total                          Min: 0, Avg:  0.0, Max: 0, Diff: 0, Sum: 0, Workers: 6
[26.993s][debug  ][gc,phases      ] GC(95)   StringDedup Table Weak         Min:  0.0, Avg:  0.0, Max:  0.0, Diff:  0.0, Sum:  0.0, Workers: 6
[26.993s][debug  ][gc,phases      ] GC(95)     Dead                           Min: 0, Avg:  0.0, Max: 0, Diff: 0, Sum: 0, Workers: 6
[26.993s][debug  ][gc,phases      ] GC(95)     Total                          Min: 0, Avg:  0.0, Max: 0, Diff: 0, Sum: 0, Workers: 6
[26.993s][debug  ][gc,phases      ] GC(95)   StringDedup Requests0 Weak     Min:  0.0, Avg:  0.0, Max:  0.0, Diff:  0.0, Sum:  0.0, Workers: 6
[26.993s][debug  ][gc,phases      ] GC(95)     Dead                           Min: 0, Avg:  0.0, Max: 0, Diff: 0, Sum: 0, Workers: 6
[26.993s][debug  ][gc,phases      ] GC(95)     Total                          Min: 0, Avg:  0.0, Max: 0, Diff: 0, Sum: 0, Workers: 6
[26.993s][debug  ][gc,phases      ] GC(95)   StringDedup Requests1 Weak     Min:  0.0, Avg:  0.0, Max:  0.0, Diff:  0.0, Sum:  0.0, Workers: 6
[26.993s][debug  ][gc,phases      ] GC(95)     Dead                           Min: 0, Avg:  0.0, Max: 0, Diff: 0, Sum: 0, Workers: 6
[26.993s][debug  ][gc,phases      ] GC(95)     Total                          Min: 0, Avg:  0.0, Max: 0, Diff: 0, Sum: 0, Workers: 6
[26.993s][debug  ][gc,phases      ] GC(95)   Weak JFR Old Object Samples    Min:  0.0, Avg:  0.0, Max:  0.0, Diff:  0.0, Sum:  0.0, Workers: 6
[26.993s][debug  ][gc,phases      ] GC(95)     Dead                           Min: 0, Avg:  0.0, Max: 0, Diff: 0, Sum: 0, Workers: 6
[26.993s][debug  ][gc,phases      ] GC(95)     Total                          Min: 0, Avg:  0.0, Max: 0, Diff: 0, Sum: 0, Workers: 6
[26.993s][debug  ][gc,phases      ] GC(95) Weak Processing 0.727ms
[26.993s][debug  ][gc,ergo        ] GC(95) AdaptiveSizeStart:  collection: 96 
[26.993s][debug  ][gc,ergo        ] GC(95) avg_survived_padded_avg: 31468154.000000
[26.993s][debug  ][gc,ergo        ] GC(95) avg_promoted_padded_avg: 277963520.000000  avg_pretenured_padded_avg: 0.000000  tenuring_thresh: 1  target_size: 31981568
[26.993s][debug  ][gc,age         ] GC(95) Desired survivor size 31981568 bytes, new threshold 1 (max threshold 15)
[26.993s][debug  ][gc,ergo        ] GC(95) PSAdaptiveSizePolicy::compute_eden_space_size limits: desired_eden_size: 228784052 old_eden_size: 204472320 eden_limit: 204472320 cur_eden: 204472320 max_eden_size: 204472320 avg_young_live: 28361888
[26.993s][debug  ][gc,ergo        ] GC(95) PSAdaptiveSizePolicy::compute_eden_space_size: costs minor_time: 0.047442 major_cost: 0.032360 mutator_cost: 0.920199 throughput_goal: 0.990000
[26.993s][debug  ][gc,ergo        ] GC(95) Live_space: 949905536 free_space: 1635778560
[26.993s][debug  ][gc,ergo        ] GC(95) Old eden_size: 204472320 desired_eden_size: 204472320
[26.994s][debug  ][gc,ergo        ] GC(95) AdaptiveSizeStop: collection: 96 
[26.994s][info   ][gc,heap        ] GC(95) PSYoungGen: 229175K(230912K)->30720K(230912K) Eden: 198455K(199680K)->0K(199680K) From: 30720K(31232K)->30720K(31232K)
[26.994s][info   ][gc,heap        ] GC(95) ParOldGen: 1107556K(2173952K)->1302116K(2173952K)
[26.994s][info   ][gc,metaspace   ] GC(95) Metaspace: 1021K(1216K)->1021K(1216K) NonClass: 937K(1024K)->937K(1024K) Class: 83K(192K)->83K(192K)
[26.994s][info   ][gc             ] GC(95) Pause Young (Allocation Failure) 1305M->1301M(2348M) 17.196ms
[26.994s][info   ][gc,cpu         ] GC(95) User=0.16s Sys=0.00s Real=0.02s
[26.994s][debug  ][gc,heap        ] GC(95) Heap after GC invocations=96 (full 13):
[26.994s][debug  ][gc,heap        ] GC(95)  PSYoungGen      total 230912K, used 30720K [0x00000007f0000000, 0x0000000800000000, 0x0000000800000000)
[26.994s][debug  ][gc,heap        ] GC(95)   eden space 199680K, 0% used [0x00000007f0000000,0x00000007f0000000,0x00000007fc300000)
[26.994s][debug  ][gc,heap        ] GC(95)   from space 31232K, 98% used [0x00000007fe180000,0x00000007fff80030,0x0000000800000000)
[26.994s][debug  ][gc,heap        ] GC(95)   to   space 31232K, 0% used [0x00000007fc300000,0x00000007fc300000,0x00000007fe180000)
[26.994s][debug  ][gc,heap        ] GC(95)  ParOldGen       total 2173952K, used 1302116K [0x0000000740000000, 0x00000007c4b00000, 0x00000007f0000000)
[26.994s][debug  ][gc,heap        ] GC(95)   object space 2173952K, 59% used [0x0000000740000000,0x000000078f7993e8,0x00000007c4b00000)
[26.994s][debug  ][gc,heap        ] GC(95)  Metaspace       used 1021K, committed 1216K, reserved 1056768K
[26.994s][debug  ][gc,heap        ] GC(95)   class space    used 83K, committed 192K, reserved 1048576K
[26.994s][debug  ][gc,task,time   ] GC(95) VM-Thread 269759121 269919693 269938974
[27.291s][debug  ][gc,heap        ] GC(96) Heap before GC invocations=97 (full 13):
[27.291s][debug  ][gc,heap        ] GC(96)  PSYoungGen      total 230912K, used 229182K [0x00000007f0000000, 0x0000000800000000, 0x0000000800000000)
[27.291s][debug  ][gc,heap        ] GC(96)   eden space 199680K, 99% used [0x00000007f0000000,0x00000007fc1cf9b0,0x00000007fc300000)
[27.291s][debug  ][gc,heap        ] GC(96)   from space 31232K, 98% used [0x00000007fe180000,0x00000007fff80030,0x0000000800000000)
[27.291s][debug  ][gc,heap        ] GC(96)   to   space 31232K, 0% used [0x00000007fc300000,0x00000007fc300000,0x00000007fe180000)
[27.291s][debug  ][gc,heap        ] GC(96)  ParOldGen       total 2173952K, used 1302116K [0x0000000740000000, 0x00000007c4b00000, 0x00000007f0000000)
[27.291s][debug  ][gc,heap        ] GC(96)   object space 2173952K, 59% used [0x0000000740000000,0x000000078f7993e8,0x00000007c4b00000)
[27.291s][debug  ][gc,heap        ] GC(96)  Metaspace       used 1021K, committed 1216K, reserved 1056768K
[27.291s][debug  ][gc,heap        ] GC(96)   class space    used 83K, committed 192K, reserved 1048576K
[27.291s][debug  ][gc,tlab        ] GC(96) TLAB totals: thrds: 1  refills: 1 max: 1 slow allocs: 18 max 18 waste: 27.6% gc: 3995776B max: 3995776B slow: 0B max: 0B
[27.292s][info   ][gc,start       ] GC(96) Pause Young (Allocation Failure)
[27.292s][debug  ][gc,phases,start] GC(96) Scavenge
[27.307s][debug  ][gc,phases      ] GC(96) Scavenge 15.653ms
[27.307s][debug  ][gc,phases,start] GC(96) Reference Processing
[27.307s][debug  ][gc,ref         ] GC(96) Skipped phase 1 of Reference Processing: no references
[27.307s][debug  ][gc,ref         ] GC(96) Skipped phase 2 of Reference Processing: no references
[27.307s][debug  ][gc,ref         ] GC(96) Skipped phase 3 of Reference Processing: no references
[27.307s][debug  ][gc,ref         ] GC(96) Skipped phase 4 of Reference Processing: no references
[27.307s][debug  ][gc,phases,ref  ] GC(96) Reference Processing: 0.1ms
[27.307s][debug  ][gc,phases,ref  ] GC(96)   Reconsider SoftReferences: 0.0ms
[27.307s][debug  ][gc,phases,ref  ] GC(96)     SoftRef (ms):                  skipped
[27.308s][debug  ][gc,phases,ref  ] GC(96)   Notify Soft/WeakReferences: 0.0ms
[27.308s][debug  ][gc,phases,ref  ] GC(96)     SoftRef (ms):                  skipped
[27.308s][debug  ][gc,phases,ref  ] GC(96)     WeakRef (ms):                  skipped
[27.308s][debug  ][gc,phases,ref  ] GC(96)     FinalRef (ms):                 skipped
[27.308s][debug  ][gc,phases,ref  ] GC(96)     Total (ms):                    skipped
[27.308s][debug  ][gc,phases,ref  ] GC(96)   Notify and keep alive finalizable: 0.0ms
[27.308s][debug  ][gc,phases,ref  ] GC(96)     FinalRef (ms):                 skipped
[27.308s][debug  ][gc,phases,ref  ] GC(96)   Notify PhantomReferences: 0.0ms
[27.308s][debug  ][gc,phases,ref  ] GC(96)     PhantomRef (ms):               skipped
[27.308s][debug  ][gc,phases,ref  ] GC(96)   SoftReference:
[27.308s][debug  ][gc,phases,ref  ] GC(96)     Discovered: 0
[27.308s][debug  ][gc,phases,ref  ] GC(96)     Cleared: 0
[27.308s][debug  ][gc,phases,ref  ] GC(96)   WeakReference:
[27.308s][debug  ][gc,phases,ref  ] GC(96)     Discovered: 0
[27.308s][debug  ][gc,phases,ref  ] GC(96)     Cleared: 0
[27.308s][debug  ][gc,phases,ref  ] GC(96)   FinalReference:
[27.308s][debug  ][gc,phases,ref  ] GC(96)     Discovered: 0
[27.308s][debug  ][gc,phases,ref  ] GC(96)     Cleared: 0
[27.308s][debug  ][gc,phases,ref  ] GC(96)   PhantomReference:
[27.308s][debug  ][gc,phases,ref  ] GC(96)     Discovered: 0
[27.308s][debug  ][gc,phases,ref  ] GC(96)     Cleared: 0
[27.308s][debug  ][gc,phases      ] GC(96) Reference Processing 0.653ms
[27.308s][debug  ][gc,phases,start] GC(96) Weak Processing
[27.308s][debug  ][gc,phases      ] GC(96)   VM Weak                        Min:  0.0, Avg:  0.0, Max:  0.0, Diff:  0.0, Sum:  0.0, Workers: 6
[27.308s][debug  ][gc,phases      ] GC(96)     Dead                           Min: 0, Avg:  0.0, Max: 0, Diff: 0, Sum: 0, Workers: 6
[27.308s][debug  ][gc,phases      ] GC(96)     Total                          Min: 0, Avg:  1.3, Max: 8, Diff: 8, Sum: 8, Workers: 6
[27.308s][debug  ][gc,phases      ] GC(96)   ObjectSynchronizer Weak        Min:  0.0, Avg:  0.0, Max:  0.0, Diff:  0.0, Sum:  0.0, Workers: 6
[27.308s][debug  ][gc,phases      ] GC(96)     Dead                           Min: 0, Avg:  0.0, Max: 0, Diff: 0, Sum: 0, Workers: 6
[27.308s][debug  ][gc,phases      ] GC(96)     Total                          Min: 0, Avg:  0.5, Max: 3, Diff: 3, Sum: 3, Workers: 6
[27.308s][debug  ][gc,phases      ] GC(96)   JVMTI Tag Weak OopStorage      Min:  0.0, Avg:  0.0, Max:  0.0, Diff:  0.0, Sum:  0.0, Workers: 6
[27.308s][debug  ][gc,phases      ] GC(96)     Dead                           Min: 0, Avg:  0.0, Max: 0, Diff: 0, Sum: 0, Workers: 6
[27.308s][debug  ][gc,phases      ] GC(96)     Total                          Min: 0, Avg:  0.0, Max: 0, Diff: 0, Sum: 0, Workers: 6
[27.308s][debug  ][gc,phases      ] GC(96)   StringTable Weak               Min:  0.0, Avg:  0.0, Max:  0.0, Diff:  0.0, Sum:  0.0, Workers: 6
[27.308s][debug  ][gc,phases      ] GC(96)     Dead                           Min: 0, Avg:  0.0, Max: 0, Diff: 0, Sum: 0, Workers: 6
[27.308s][debug  ][gc,phases      ] GC(96)     Total                          Min: 767, Avg: 892.5, Max: 1152, Diff: 385, Sum: 5355, Workers: 6
[27.308s][debug  ][gc,phases      ] GC(96)   ResolvedMethodTable Weak       Min:  0.0, Avg:  0.0, Max:  0.0, Diff:  0.0, Sum:  0.0, Workers: 6
[27.308s][debug  ][gc,phases      ] GC(96)     Dead                           Min: 0, Avg:  0.0, Max: 0, Diff: 0, Sum: 0, Workers: 6
[27.308s][debug  ][gc,phases      ] GC(96)     Total                          Min: 0, Avg: 21.7, Max: 64, Diff: 64, Sum: 130, Workers: 6
[27.308s][debug  ][gc,phases      ] GC(96)   JNI Weak                       Min:  0.0, Avg:  0.0, Max:  0.0, Diff:  0.0, Sum:  0.0, Workers: 6
[27.308s][debug  ][gc,phases      ] GC(96)     Dead                           Min: 0, Avg:  0.0, Max: 0, Diff: 0, Sum: 0, Workers: 6
[27.308s][debug  ][gc,phases      ] GC(96)     Total                          Min: 0, Avg:  0.0, Max: 0, Diff: 0, Sum: 0, Workers: 6
[27.308s][debug  ][gc,phases      ] GC(96)   StringDedup Table Weak         Min:  0.0, Avg:  0.0, Max:  0.0, Diff:  0.0, Sum:  0.0, Workers: 6
[27.308s][debug  ][gc,phases      ] GC(96)     Dead                           Min: 0, Avg:  0.0, Max: 0, Diff: 0, Sum: 0, Workers: 6
[27.308s][debug  ][gc,phases      ] GC(96)     Total                          Min: 0, Avg:  0.0, Max: 0, Diff: 0, Sum: 0, Workers: 6
[27.308s][debug  ][gc,phases      ] GC(96)   StringDedup Requests0 Weak     Min:  0.0, Avg:  0.0, Max:  0.0, Diff:  0.0, Sum:  0.0, Workers: 6
[27.309s][debug  ][gc,phases      ] GC(96)     Dead                           Min: 0, Avg:  0.0, Max: 0, Diff: 0, Sum: 0, Workers: 6
[27.309s][debug  ][gc,phases      ] GC(96)     Total                          Min: 0, Avg:  0.0, Max: 0, Diff: 0, Sum: 0, Workers: 6
[27.309s][debug  ][gc,phases      ] GC(96)   StringDedup Requests1 Weak     Min:  0.0, Avg:  0.0, Max:  0.0, Diff:  0.0, Sum:  0.0, Workers: 6
[27.309s][debug  ][gc,phases      ] GC(96)     Dead                           Min: 0, Avg:  0.0, Max: 0, Diff: 0, Sum: 0, Workers: 6
[27.309s][debug  ][gc,phases      ] GC(96)     Total                          Min: 0, Avg:  0.0, Max: 0, Diff: 0, Sum: 0, Workers: 6
[27.309s][debug  ][gc,phases      ] GC(96)   Weak JFR Old Object Samples    Min:  0.0, Avg:  0.0, Max:  0.0, Diff:  0.0, Sum:  0.0, Workers: 6
[27.309s][debug  ][gc,phases      ] GC(96)     Dead                           Min: 0, Avg:  0.0, Max: 0, Diff: 0, Sum: 0, Workers: 6
[27.309s][debug  ][gc,phases      ] GC(96)     Total                          Min: 0, Avg:  0.0, Max: 0, Diff: 0, Sum: 0, Workers: 6
[27.309s][debug  ][gc,phases      ] GC(96) Weak Processing 0.698ms
[27.309s][debug  ][gc,ergo        ] GC(96) AdaptiveSizeStart:  collection: 97 
[27.309s][debug  ][gc,ergo        ] GC(96) avg_survived_padded_avg: 31467188.000000
[27.309s][debug  ][gc,ergo        ] GC(96) avg_promoted_padded_avg: 277504320.000000  avg_pretenured_padded_avg: 0.000000  tenuring_thresh: 1  target_size: 31981568
[27.309s][debug  ][gc,age         ] GC(96) Desired survivor size 31981568 bytes, new threshold 1 (max threshold 15)
[27.309s][debug  ][gc,ergo        ] GC(96) PSAdaptiveSizePolicy::compute_eden_space_size limits: desired_eden_size: 229133771 old_eden_size: 204472320 eden_limit: 204472320 cur_eden: 204472320 max_eden_size: 204472320 avg_young_live: 28671430
[27.309s][debug  ][gc,ergo        ] GC(96) PSAdaptiveSizePolicy::compute_eden_space_size: costs minor_time: 0.049161 major_cost: 0.032360 mutator_cost: 0.918479 throughput_goal: 0.990000
[27.309s][debug  ][gc,ergo        ] GC(96) Live_space: 950215040 free_space: 1635778560
[27.309s][debug  ][gc,ergo        ] GC(96) Old eden_size: 204472320 desired_eden_size: 204472320
[27.309s][debug  ][gc,ergo        ] GC(96) AdaptiveSizeStop: collection: 97 
[27.309s][info   ][gc,heap        ] GC(96) PSYoungGen: 229182K(230912K)->30720K(230912K) Eden: 198462K(199680K)->0K(199680K) From: 30720K(31232K)->30720K(31232K)
[27.309s][info   ][gc,heap        ] GC(96) ParOldGen: 1302116K(2173952K)->1496677K(2173952K)
[27.309s][info   ][gc,metaspace   ] GC(96) Metaspace: 1021K(1216K)->1021K(1216K) NonClass: 937K(1024K)->937K(1024K) Class: 83K(192K)->83K(192K)
[27.309s][info   ][gc             ] GC(96) Pause Young (Allocation Failure) 1495M->1491M(2348M) 17.481ms
[27.309s][info   ][gc,cpu         ] GC(96) User=0.16s Sys=0.00s Real=0.02s
[27.309s][debug  ][gc,heap        ] GC(96) Heap after GC invocations=97 (full 13):
[27.309s][debug  ][gc,heap        ] GC(96)  PSYoungGen      total 230912K, used 30720K [0x00000007f0000000, 0x0000000800000000, 0x0000000800000000)
[27.309s][debug  ][gc,heap        ] GC(96)   eden space 199680K, 0% used [0x00000007f0000000,0x00000007f0000000,0x00000007fc300000)
[27.309s][debug  ][gc,heap        ] GC(96)   from space 31232K, 98% used [0x00000007fc300000,0x00000007fe100030,0x00000007fe180000)
[27.309s][debug  ][gc,heap        ] GC(96)   to   space 31232K, 0% used [0x00000007fe180000,0x00000007fe180000,0x0000000800000000)
[27.309s][debug  ][gc,heap        ] GC(96)  ParOldGen       total 2173952K, used 1496677K [0x0000000740000000, 0x00000007c4b00000, 0x00000007f0000000)
[27.309s][debug  ][gc,heap        ] GC(96)   object space 2173952K, 68% used [0x0000000740000000,0x000000079b599518,0x00000007c4b00000)
[27.309s][debug  ][gc,heap        ] GC(96)  Metaspace       used 1021K, committed 1216K, reserved 1056768K
[27.309s][debug  ][gc,heap        ] GC(96)   class space    used 83K, committed 192K, reserved 1048576K
[27.309s][debug  ][gc,task,time   ] GC(96) VM-Thread 272910605 273073042 273093151
[27.607s][debug  ][gc,heap        ] GC(97) Heap before GC invocations=98 (full 13):
[27.607s][debug  ][gc,heap        ] GC(97)  PSYoungGen      total 230912K, used 229187K [0x00000007f0000000, 0x0000000800000000, 0x0000000800000000)
[27.607s][debug  ][gc,heap        ] GC(97)   eden space 199680K, 99% used [0x00000007f0000000,0x00000007fc1d0bd0,0x00000007fc300000)
[27.607s][debug  ][gc,heap        ] GC(97)   from space 31232K, 98% used [0x00000007fc300000,0x00000007fe100030,0x00000007fe180000)
[27.607s][debug  ][gc,heap        ] GC(97)   to   space 31232K, 0% used [0x00000007fe180000,0x00000007fe180000,0x0000000800000000)
[27.608s][debug  ][gc,heap        ] GC(97)  ParOldGen       total 2173952K, used 1496677K [0x0000000740000000, 0x00000007c4b00000, 0x00000007f0000000)
[27.608s][debug  ][gc,heap        ] GC(97)   object space 2173952K, 68% used [0x0000000740000000,0x000000079b599518,0x00000007c4b00000)
[27.608s][debug  ][gc,heap        ] GC(97)  Metaspace       used 1021K, committed 1216K, reserved 1056768K
[27.608s][debug  ][gc,heap        ] GC(97)   class space    used 83K, committed 192K, reserved 1048576K
[27.608s][debug  ][gc,tlab        ] GC(97) TLAB totals: thrds: 1  refills: 1 max: 1 slow allocs: 18 max 18 waste: 27.6% gc: 4000416B max: 4000416B slow: 0B max: 0B
[27.608s][info   ][gc,start       ] GC(97) Pause Young (Allocation Failure)
[27.608s][debug  ][gc,phases,start] GC(97) Scavenge
[27.623s][debug  ][gc,phases      ] GC(97) Scavenge 15.741ms
[27.624s][debug  ][gc,phases,start] GC(97) Reference Processing
[27.624s][debug  ][gc,ref         ] GC(97) Skipped phase 1 of Reference Processing: no references
[27.624s][debug  ][gc,ref         ] GC(97) Skipped phase 2 of Reference Processing: no references
[27.624s][debug  ][gc,ref         ] GC(97) Skipped phase 3 of Reference Processing: no references
[27.624s][debug  ][gc,ref         ] GC(97) Skipped phase 4 of Reference Processing: no references
[27.624s][debug  ][gc,phases,ref  ] GC(97) Reference Processing: 0.1ms
[27.624s][debug  ][gc,phases,ref  ] GC(97)   Reconsider SoftReferences: 0.0ms
[27.624s][debug  ][gc,phases,ref  ] GC(97)     SoftRef (ms):                  skipped
[27.624s][debug  ][gc,phases,ref  ] GC(97)   Notify Soft/WeakReferences: 0.0ms
[27.624s][debug  ][gc,phases,ref  ] GC(97)     SoftRef (ms):                  skipped
[27.624s][debug  ][gc,phases,ref  ] GC(97)     WeakRef (ms):                  skipped
[27.624s][debug  ][gc,phases,ref  ] GC(97)     FinalRef (ms):                 skipped
[27.624s][debug  ][gc,phases,ref  ] GC(97)     Total (ms):                    skipped
[27.624s][debug  ][gc,phases,ref  ] GC(97)   Notify and keep alive finalizable: 0.0ms
[27.624s][debug  ][gc,phases,ref  ] GC(97)     FinalRef (ms):                 skipped
[27.624s][debug  ][gc,phases,ref  ] GC(97)   Notify PhantomReferences: 0.0ms
[27.624s][debug  ][gc,phases,ref  ] GC(97)     PhantomRef (ms):               skipped
[27.624s][debug  ][gc,phases,ref  ] GC(97)   SoftReference:
[27.624s][debug  ][gc,phases,ref  ] GC(97)     Discovered: 0
[27.624s][debug  ][gc,phases,ref  ] GC(97)     Cleared: 0
[27.624s][debug  ][gc,phases,ref  ] GC(97)   WeakReference:
[27.624s][debug  ][gc,phases,ref  ] GC(97)     Discovered: 0
[27.624s][debug  ][gc,phases,ref  ] GC(97)     Cleared: 0
[27.624s][debug  ][gc,phases,ref  ] GC(97)   FinalReference:
[27.624s][debug  ][gc,phases,ref  ] GC(97)     Discovered: 0
[27.624s][debug  ][gc,phases,ref  ] GC(97)     Cleared: 0
[27.624s][debug  ][gc,phases,ref  ] GC(97)   PhantomReference:
[27.624s][debug  ][gc,phases,ref  ] GC(97)     Discovered: 0
[27.624s][debug  ][gc,phases,ref  ] GC(97)     Cleared: 0
[27.624s][debug  ][gc,phases      ] GC(97) Reference Processing 0.689ms
[27.624s][debug  ][gc,phases,start] GC(97) Weak Processing
[27.624s][debug  ][gc,phases      ] GC(97)   VM Weak                        Min:  0.0, Avg:  0.0, Max:  0.0, Diff:  0.0, Sum:  0.0, Workers: 6
[27.624s][debug  ][gc,phases      ] GC(97)     Dead                           Min: 0, Avg:  0.0, Max: 0, Diff: 0, Sum: 0, Workers: 6
[27.624s][debug  ][gc,phases      ] GC(97)     Total                          Min: 0, Avg:  1.3, Max: 8, Diff: 8, Sum: 8, Workers: 6
[27.624s][debug  ][gc,phases      ] GC(97)   ObjectSynchronizer Weak        Min:  0.0, Avg:  0.0, Max:  0.0, Diff:  0.0, Sum:  0.0, Workers: 6
[27.624s][debug  ][gc,phases      ] GC(97)     Dead                           Min: 0, Avg:  0.0, Max: 0, Diff: 0, Sum: 0, Workers: 6
[27.624s][debug  ][gc,phases      ] GC(97)     Total                          Min: 0, Avg:  0.5, Max: 3, Diff: 3, Sum: 3, Workers: 6
[27.624s][debug  ][gc,phases      ] GC(97)   JVMTI Tag Weak OopStorage      Min:  0.0, Avg:  0.0, Max:  0.0, Diff:  0.0, Sum:  0.0, Workers: 6
[27.624s][debug  ][gc,phases      ] GC(97)     Dead                           Min: 0, Avg:  0.0, Max: 0, Diff: 0, Sum: 0, Workers: 6
[27.624s][debug  ][gc,phases      ] GC(97)     Total                          Min: 0, Avg:  0.0, Max: 0, Diff: 0, Sum: 0, Workers: 6
[27.625s][debug  ][gc,phases      ] GC(97)   StringTable Weak               Min:  0.0, Avg:  0.0, Max:  0.0, Diff:  0.0, Sum:  0.1, Workers: 6
[27.625s][debug  ][gc,phases      ] GC(97)     Dead                           Min: 0, Avg:  0.0, Max: 0, Diff: 0, Sum: 0, Workers: 6
[27.625s][debug  ][gc,phases      ] GC(97)     Total                          Min: 832, Avg: 892.5, Max: 960, Diff: 128, Sum: 5355, Workers: 6
[27.625s][debug  ][gc,phases      ] GC(97)   ResolvedMethodTable Weak       Min:  0.0, Avg:  0.0, Max:  0.0, Diff:  0.0, Sum:  0.0, Workers: 6
[27.625s][debug  ][gc,phases      ] GC(97)     Dead                           Min: 0, Avg:  0.0, Max: 0, Diff: 0, Sum: 0, Workers: 6
[27.625s][debug  ][gc,phases      ] GC(97)     Total                          Min: 0, Avg: 21.7, Max: 64, Diff: 64, Sum: 130, Workers: 6
[27.625s][debug  ][gc,phases      ] GC(97)   JNI Weak                       Min:  0.0, Avg:  0.0, Max:  0.0, Diff:  0.0, Sum:  0.0, Workers: 6
[27.625s][debug  ][gc,phases      ] GC(97)     Dead                           Min: 0, Avg:  0.0, Max: 0, Diff: 0, Sum: 0, Workers: 6
[27.625s][debug  ][gc,phases      ] GC(97)     Total                          Min: 0, Avg:  0.0, Max: 0, Diff: 0, Sum: 0, Workers: 6
[27.625s][debug  ][gc,phases      ] GC(97)   StringDedup Table Weak         Min:  0.0, Avg:  0.0, Max:  0.0, Diff:  0.0, Sum:  0.0, Workers: 6
[27.625s][debug  ][gc,phases      ] GC(97)     Dead                           Min: 0, Avg:  0.0, Max: 0, Diff: 0, Sum: 0, Workers: 6
[27.625s][debug  ][gc,phases      ] GC(97)     Total                          Min: 0, Avg:  0.0, Max: 0, Diff: 0, Sum: 0, Workers: 6
[27.625s][debug  ][gc,phases      ] GC(97)   StringDedup Requests0 Weak     Min:  0.0, Avg:  0.0, Max:  0.0, Diff:  0.0, Sum:  0.0, Workers: 6
[27.625s][debug  ][gc,phases      ] GC(97)     Dead                           Min: 0, Avg:  0.0, Max: 0, Diff: 0, Sum: 0, Workers: 6
[27.625s][debug  ][gc,phases      ] GC(97)     Total                          Min: 0, Avg:  0.0, Max: 0, Diff: 0, Sum: 0, Workers: 6
[27.625s][debug  ][gc,phases      ] GC(97)   StringDedup Requests1 Weak     Min:  0.0, Avg:  0.0, Max:  0.0, Diff:  0.0, Sum:  0.0, Workers: 6
[27.625s][debug  ][gc,phases      ] GC(97)     Dead                           Min: 0, Avg:  0.0, Max: 0, Diff: 0, Sum: 0, Workers: 6
[27.625s][debug  ][gc,phases      ] GC(97)     Total                          Min: 0, Avg:  0.0, Max: 0, Diff: 0, Sum: 0, Workers: 6
[27.625s][debug  ][gc,phases      ] GC(97)   Weak JFR Old Object Samples    Min:  0.0, Avg:  0.0, Max:  0.0, Diff:  0.0, Sum:  0.0, Workers: 6
[27.625s][debug  ][gc,phases      ] GC(97)     Dead                           Min: 0, Avg:  0.0, Max: 0, Diff: 0, Sum: 0, Workers: 6
[27.625s][debug  ][gc,phases      ] GC(97)     Total                          Min: 0, Avg:  0.0, Max: 0, Diff: 0, Sum: 0, Workers: 6
[27.625s][debug  ][gc,phases      ] GC(97) Weak Processing 0.761ms
[27.625s][debug  ][gc,ergo        ] GC(97) AdaptiveSizeStart:  collection: 98 
[27.625s][debug  ][gc,ergo        ] GC(97) avg_survived_padded_avg: 31466310.000000
[27.625s][debug  ][gc,ergo        ] GC(97) avg_promoted_padded_avg: 276349632.000000  avg_pretenured_padded_avg: 0.000000  tenuring_thresh: 1  target_size: 31981568
[27.625s][debug  ][gc,age         ] GC(97) Desired survivor size 31981568 bytes, new threshold 1 (max threshold 15)
[27.625s][debug  ][gc,ergo        ] GC(97) PSAdaptiveSizePolicy::compute_eden_space_size limits: desired_eden_size: 229408223 old_eden_size: 204472320 eden_limit: 204472320 cur_eden: 204472320 max_eden_size: 204472320 avg_young_live: 28950020
[27.625s][debug  ][gc,ergo        ] GC(97) PSAdaptiveSizePolicy::compute_eden_space_size: costs minor_time: 0.050563 major_cost: 0.032360 mutator_cost: 0.917077 throughput_goal: 0.990000
[27.625s][debug  ][gc,ergo        ] GC(97) Live_space: 950493632 free_space: 1635778560
[27.625s][debug  ][gc,ergo        ] GC(97) Old eden_size: 204472320 desired_eden_size: 204472320
[27.625s][debug  ][gc,ergo        ] GC(97) AdaptiveSizeStop: collection: 98 
[27.625s][info   ][gc,heap        ] GC(97) PSYoungGen: 229187K(230912K)->30720K(230912K) Eden: 198466K(199680K)->0K(199680K) From: 30720K(31232K)->30720K(31232K)
[27.625s][info   ][gc,heap        ] GC(97) ParOldGen: 1496677K(2173952K)->1691237K(2173952K)
[27.625s][info   ][gc,metaspace   ] GC(97) Metaspace: 1021K(1216K)->1021K(1216K) NonClass: 937K(1024K)->937K(1024K) Class: 83K(192K)->83K(192K)
[27.625s][info   ][gc             ] GC(97) Pause Young (Allocation Failure) 1685M->1681M(2348M) 17.819ms
[27.626s][info   ][gc,cpu         ] GC(97) User=0.14s Sys=0.00s Real=0.02s
[27.626s][debug  ][gc,heap        ] GC(97) Heap after GC invocations=98 (full 13):
[27.626s][debug  ][gc,heap        ] GC(97)  PSYoungGen      total 230912K, used 30720K [0x00000007f0000000, 0x0000000800000000, 0x0000000800000000)
[27.626s][debug  ][gc,heap        ] GC(97)   eden space 199680K, 0% used [0x00000007f0000000,0x00000007f0000000,0x00000007fc300000)
[27.626s][debug  ][gc,heap        ] GC(97)   from space 31232K, 98% used [0x00000007fe180000,0x00000007fff80030,0x0000000800000000)
[27.626s][debug  ][gc,heap        ] GC(97)   to   space 31232K, 0% used [0x00000007fc300000,0x00000007fc300000,0x00000007fe180000)
[27.626s][debug  ][gc,heap        ] GC(97)  ParOldGen       total 2173952K, used 1691237K [0x0000000740000000, 0x00000007c4b00000, 0x00000007f0000000)
[27.626s][debug  ][gc,heap        ] GC(97)   object space 2173952K, 77% used [0x0000000740000000,0x00000007a7399648,0x00000007c4b00000)
[27.626s][debug  ][gc,heap        ] GC(97)  Metaspace       used 1021K, committed 1216K, reserved 1056768K
[27.626s][debug  ][gc,heap        ] GC(97)   class space    used 83K, committed 192K, reserved 1048576K
[27.626s][debug  ][gc,task,time   ] GC(97) VM-Thread 276073026 276235345 276257822
[27.925s][debug  ][gc,heap        ] GC(98) Heap before GC invocations=99 (full 13):
[27.925s][debug  ][gc,heap        ] GC(98)  PSYoungGen      total 230912K, used 229189K [0x00000007f0000000, 0x0000000800000000, 0x0000000800000000)
[27.925s][debug  ][gc,heap        ] GC(98)   eden space 199680K, 99% used [0x00000007f0000000,0x00000007fc1d1778,0x00000007fc300000)
[27.925s][debug  ][gc,heap        ] GC(98)   from space 31232K, 98% used [0x00000007fe180000,0x00000007fff80030,0x0000000800000000)
[27.925s][debug  ][gc,heap        ] GC(98)   to   space 31232K, 0% used [0x00000007fc300000,0x00000007fc300000,0x00000007fe180000)
[27.925s][debug  ][gc,heap        ] GC(98)  ParOldGen       total 2173952K, used 1691237K [0x0000000740000000, 0x00000007c4b00000, 0x00000007f0000000)
[27.925s][debug  ][gc,heap        ] GC(98)   object space 2173952K, 77% used [0x0000000740000000,0x00000007a7399648,0x00000007c4b00000)
[27.925s][debug  ][gc,heap        ] GC(98)  Metaspace       used 1021K, committed 1216K, reserved 1056768K
[27.925s][debug  ][gc,heap        ] GC(98)   class space    used 83K, committed 192K, reserved 1048576K
[27.925s][debug  ][gc,tlab        ] GC(98) TLAB totals: thrds: 1  refills: 1 max: 1 slow allocs: 18 max 18 waste: 27.6% gc: 4002336B max: 4002336B slow: 0B max: 0B
[27.925s][info   ][gc,start       ] GC(98) Pause Young (Allocation Failure)
[27.925s][debug  ][gc,phases,start] GC(98) Scavenge
[27.931s][debug  ][gc,phases      ] GC(98) Scavenge 5.884ms
[27.931s][debug  ][gc,phases,start] GC(98) Reference Processing
[27.931s][debug  ][gc,ref         ] GC(98) Skipped phase 1 of Reference Processing: no references
[27.931s][debug  ][gc,ref         ] GC(98) Skipped phase 2 of Reference Processing: no references
[27.931s][debug  ][gc,ref         ] GC(98) Skipped phase 3 of Reference Processing: no references
[27.931s][debug  ][gc,ref         ] GC(98) Skipped phase 4 of Reference Processing: no references
[27.932s][debug  ][gc,phases,ref  ] GC(98) Reference Processing: 0.1ms
[27.932s][debug  ][gc,phases,ref  ] GC(98)   Reconsider SoftReferences: 0.0ms
[27.932s][debug  ][gc,phases,ref  ] GC(98)     SoftRef (ms):                  skipped
[27.932s][debug  ][gc,phases,ref  ] GC(98)   Notify Soft/WeakReferences: 0.0ms
[27.932s][debug  ][gc,phases,ref  ] GC(98)     SoftRef (ms):                  skipped
[27.932s][debug  ][gc,phases,ref  ] GC(98)     WeakRef (ms):                  skipped
[27.932s][debug  ][gc,phases,ref  ] GC(98)     FinalRef (ms):                 skipped
[27.932s][debug  ][gc,phases,ref  ] GC(98)     Total (ms):                    skipped
[27.932s][debug  ][gc,phases,ref  ] GC(98)   Notify and keep alive finalizable: 0.0ms
[27.932s][debug  ][gc,phases,ref  ] GC(98)     FinalRef (ms):                 skipped
[27.932s][debug  ][gc,phases,ref  ] GC(98)   Notify PhantomReferences: 0.0ms
[27.932s][debug  ][gc,phases,ref  ] GC(98)     PhantomRef (ms):               skipped
[27.932s][debug  ][gc,phases,ref  ] GC(98)   SoftReference:
[27.932s][debug  ][gc,phases,ref  ] GC(98)     Discovered: 0
[27.932s][debug  ][gc,phases,ref  ] GC(98)     Cleared: 0
[27.932s][debug  ][gc,phases,ref  ] GC(98)   WeakReference:
[27.932s][debug  ][gc,phases,ref  ] GC(98)     Discovered: 0
[27.932s][debug  ][gc,phases,ref  ] GC(98)     Cleared: 0
[27.932s][debug  ][gc,phases,ref  ] GC(98)   FinalReference:
[27.932s][debug  ][gc,phases,ref  ] GC(98)     Discovered: 0
[27.932s][debug  ][gc,phases,ref  ] GC(98)     Cleared: 0
[27.932s][debug  ][gc,phases,ref  ] GC(98)   PhantomReference:
[27.932s][debug  ][gc,phases,ref  ] GC(98)     Discovered: 0
[27.932s][debug  ][gc,phases,ref  ] GC(98)     Cleared: 0
[27.932s][debug  ][gc,phases      ] GC(98) Reference Processing 0.827ms
[27.932s][debug  ][gc,phases,start] GC(98) Weak Processing
[27.932s][debug  ][gc,phases      ] GC(98)   VM Weak                        Min:  0.0, Avg:  0.0, Max:  0.0, Diff:  0.0, Sum:  0.0, Workers: 6
[27.932s][debug  ][gc,phases      ] GC(98)     Dead                           Min: 0, Avg:  0.0, Max: 0, Diff: 0, Sum: 0, Workers: 6
[27.932s][debug  ][gc,phases      ] GC(98)     Total                          Min: 0, Avg:  1.3, Max: 8, Diff: 8, Sum: 8, Workers: 6
[27.932s][debug  ][gc,phases      ] GC(98)   ObjectSynchronizer Weak        Min:  0.0, Avg:  0.0, Max:  0.0, Diff:  0.0, Sum:  0.0, Workers: 6
[27.932s][debug  ][gc,phases      ] GC(98)     Dead                           Min: 0, Avg:  0.0, Max: 0, Diff: 0, Sum: 0, Workers: 6
[27.932s][debug  ][gc,phases      ] GC(98)     Total                          Min: 0, Avg:  0.5, Max: 3, Diff: 3, Sum: 3, Workers: 6
[27.932s][debug  ][gc,phases      ] GC(98)   JVMTI Tag Weak OopStorage      Min:  0.0, Avg:  0.0, Max:  0.0, Diff:  0.0, Sum:  0.0, Workers: 6
[27.933s][debug  ][gc,phases      ] GC(98)     Dead                           Min: 0, Avg:  0.0, Max: 0, Diff: 0, Sum: 0, Workers: 6
[27.933s][debug  ][gc,phases      ] GC(98)     Total                          Min: 0, Avg:  0.0, Max: 0, Diff: 0, Sum: 0, Workers: 6
[27.933s][debug  ][gc,phases      ] GC(98)   StringTable Weak               Min:  0.0, Avg:  0.0, Max:  0.0, Diff:  0.0, Sum:  0.0, Workers: 6
[27.933s][debug  ][gc,phases      ] GC(98)     Dead                           Min: 0, Avg:  0.0, Max: 0, Diff: 0, Sum: 0, Workers: 6
[27.933s][debug  ][gc,phases      ] GC(98)     Total                          Min: 703, Avg: 892.5, Max: 1196, Diff: 493, Sum: 5355, Workers: 6
[27.933s][debug  ][gc,phases      ] GC(98)   ResolvedMethodTable Weak       Min:  0.0, Avg:  0.0, Max:  0.0, Diff:  0.0, Sum:  0.0, Workers: 6
[27.933s][debug  ][gc,phases      ] GC(98)     Dead                           Min: 0, Avg:  0.0, Max: 0, Diff: 0, Sum: 0, Workers: 6
[27.933s][debug  ][gc,phases      ] GC(98)     Total                          Min: 0, Avg: 21.7, Max: 64, Diff: 64, Sum: 130, Workers: 6
[27.933s][debug  ][gc,phases      ] GC(98)   JNI Weak                       Min:  0.0, Avg:  0.0, Max:  0.0, Diff:  0.0, Sum:  0.0, Workers: 6
[27.933s][debug  ][gc,phases      ] GC(98)     Dead                           Min: 0, Avg:  0.0, Max: 0, Diff: 0, Sum: 0, Workers: 6
[27.933s][debug  ][gc,phases      ] GC(98)     Total                          Min: 0, Avg:  0.0, Max: 0, Diff: 0, Sum: 0, Workers: 6
[27.933s][debug  ][gc,phases      ] GC(98)   StringDedup Table Weak         Min:  0.0, Avg:  0.0, Max:  0.0, Diff:  0.0, Sum:  0.0, Workers: 6
[27.933s][debug  ][gc,phases      ] GC(98)     Dead                           Min: 0, Avg:  0.0, Max: 0, Diff: 0, Sum: 0, Workers: 6
[27.933s][debug  ][gc,phases      ] GC(98)     Total                          Min: 0, Avg:  0.0, Max: 0, Diff: 0, Sum: 0, Workers: 6
[27.933s][debug  ][gc,phases      ] GC(98)   StringDedup Requests0 Weak     Min:  0.0, Avg:  0.0, Max:  0.0, Diff:  0.0, Sum:  0.0, Workers: 6
[27.933s][debug  ][gc,phases      ] GC(98)     Dead                           Min: 0, Avg:  0.0, Max: 0, Diff: 0, Sum: 0, Workers: 6
[27.933s][debug  ][gc,phases      ] GC(98)     Total                          Min: 0, Avg:  0.0, Max: 0, Diff: 0, Sum: 0, Workers: 6
[27.933s][debug  ][gc,phases      ] GC(98)   StringDedup Requests1 Weak     Min:  0.0, Avg:  0.0, Max:  0.0, Diff:  0.0, Sum:  0.0, Workers: 6
[27.933s][debug  ][gc,phases      ] GC(98)     Dead                           Min: 0, Avg:  0.0, Max: 0, Diff: 0, Sum: 0, Workers: 6
[27.933s][debug  ][gc,phases      ] GC(98)     Total                          Min: 0, Avg:  0.0, Max: 0, Diff: 0, Sum: 0, Workers: 6
[27.933s][debug  ][gc,phases      ] GC(98)   Weak JFR Old Object Samples    Min:  0.0, Avg:  0.0, Max:  0.0, Diff:  0.0, Sum:  0.0, Workers: 6
[27.933s][debug  ][gc,phases      ] GC(98)     Dead                           Min: 0, Avg:  0.0, Max: 0, Diff: 0, Sum: 0, Workers: 6
[27.933s][debug  ][gc,phases      ] GC(98)     Total                          Min: 0, Avg:  0.0, Max: 0, Diff: 0, Sum: 0, Workers: 6
[27.933s][debug  ][gc,phases      ] GC(98) Weak Processing 0.979ms
[27.933s][debug  ][gc,ergo        ] GC(98) AdaptiveSizeStart:  collection: 99 
[27.933s][debug  ][gc,ergo        ] GC(98) avg_survived_padded_avg: 33248092.000000
[27.933s][debug  ][gc,ergo        ] GC(98) avg_promoted_padded_avg: 258650928.000000  avg_pretenured_padded_avg: 0.000000  tenuring_thresh: 1  target_size: 33554432
[27.933s][debug  ][gc,age         ] GC(98) Desired survivor size 33554432 bytes, new threshold 1 (max threshold 15)
[27.933s][debug  ][gc,ergo        ] GC(98) PSAdaptiveSizePolicy::compute_eden_space_size limits: desired_eden_size: 228097349 old_eden_size: 204472320 eden_limit: 204472320 cur_eden: 204472320 max_eden_size: 204472320 avg_young_live: 28152172
[27.933s][debug  ][gc,ergo        ] GC(98) PSAdaptiveSizePolicy::compute_eden_space_size: costs minor_time: 0.044269 major_cost: 0.032360 mutator_cost: 0.923372 throughput_goal: 0.990000
[27.933s][debug  ][gc,ergo        ] GC(98) Live_space: 949695744 free_space: 1635778560
[27.933s][debug  ][gc,ergo        ] GC(98) Old eden_size: 204472320 desired_eden_size: 204472320
[27.933s][debug  ][gc,ergo        ] GC(98) AdaptiveSizeStop: collection: 99 
[27.933s][info   ][gc,heap        ] GC(98) PSYoungGen: 229189K(230912K)->20480K(220672K) Eden: 198469K(199680K)->0K(199680K) From: 30720K(31232K)->20480K(20992K)
[27.933s][info   ][gc,heap        ] GC(98) ParOldGen: 1691237K(2173952K)->1691237K(2173952K)
[27.934s][info   ][gc,metaspace   ] GC(98) Metaspace: 1021K(1216K)->1021K(1216K) NonClass: 937K(1024K)->937K(1024K) Class: 83K(192K)->83K(192K)
[27.934s][info   ][gc             ] GC(98) Pause Young (Allocation Failure) 1875M->1671M(2338M) 8.226ms
[27.934s][info   ][gc,cpu         ] GC(98) User=0.16s Sys=0.00s Real=0.01s
[27.934s][debug  ][gc,heap        ] GC(98) Heap after GC invocations=99 (full 13):
[27.934s][debug  ][gc,heap        ] GC(98)  PSYoungGen      total 220672K, used 20480K [0x00000007f0000000, 0x0000000800000000, 0x0000000800000000)
[27.934s][debug  ][gc,heap        ] GC(98)   eden space 199680K, 0% used [0x00000007f0000000,0x00000007f0000000,0x00000007fc300000)
[27.934s][debug  ][gc,heap        ] GC(98)   from space 20992K, 97% used [0x00000007fc300000,0x00000007fd700020,0x00000007fd780000)
[27.934s][debug  ][gc,heap        ] GC(98)   to   space 32768K, 0% used [0x00000007fe000000,0x00000007fe000000,0x0000000800000000)
[27.934s][debug  ][gc,heap        ] GC(98)  ParOldGen       total 2173952K, used 1691237K [0x0000000740000000, 0x00000007c4b00000, 0x00000007f0000000)
[27.934s][debug  ][gc,heap        ] GC(98)   object space 2173952K, 77% used [0x0000000740000000,0x00000007a7399648,0x00000007c4b00000)
[27.934s][debug  ][gc,heap        ] GC(98)  Metaspace       used 1021K, committed 1216K, reserved 1056768K
[27.934s][debug  ][gc,heap        ] GC(98)   class space    used 83K, committed 192K, reserved 1048576K
[27.934s][debug  ][gc,task,time   ] GC(98) VM-Thread 279249192 279313675 279338825
[28.243s][debug  ][gc,heap        ] GC(99) Heap before GC invocations=100 (full 13):
[28.243s][debug  ][gc,heap        ] GC(99)  PSYoungGen      total 220672K, used 218951K [0x00000007f0000000, 0x0000000800000000, 0x0000000800000000)
[28.243s][debug  ][gc,heap        ] GC(99)   eden space 199680K, 99% used [0x00000007f0000000,0x00000007fc1d1ef8,0x00000007fc300000)
[28.243s][debug  ][gc,heap        ] GC(99)   from space 20992K, 97% used [0x00000007fc300000,0x00000007fd700020,0x00000007fd780000)
[28.243s][debug  ][gc,heap        ] GC(99)   to   space 32768K, 0% used [0x00000007fe000000,0x00000007fe000000,0x0000000800000000)
[28.243s][debug  ][gc,heap        ] GC(99)  ParOldGen       total 2173952K, used 1691237K [0x0000000740000000, 0x00000007c4b00000, 0x00000007f0000000)
[28.243s][debug  ][gc,heap        ] GC(99)   object space 2173952K, 77% used [0x0000000740000000,0x00000007a7399648,0x00000007c4b00000)
[28.243s][debug  ][gc,heap        ] GC(99)  Metaspace       used 1021K, committed 1216K, reserved 1056768K
[28.243s][debug  ][gc,heap        ] GC(99)   class space    used 83K, committed 192K, reserved 1048576K
[28.243s][debug  ][gc,tlab        ] GC(99) TLAB totals: thrds: 1  refills: 1 max: 1 slow allocs: 18 max 18 waste: 27.6% gc: 4005320B max: 4005320B slow: 0B max: 0B
[28.244s][info   ][gc,start       ] GC(99) Pause Young (Allocation Failure)
[28.244s][debug  ][gc,phases,start] GC(99) Scavenge
[28.259s][debug  ][gc,phases      ] GC(99) Scavenge 15.340ms
[28.259s][debug  ][gc,phases,start] GC(99) Reference Processing
[28.259s][debug  ][gc,ref         ] GC(99) Skipped phase 1 of Reference Processing: no references
[28.259s][debug  ][gc,ref         ] GC(99) Skipped phase 2 of Reference Processing: no references
[28.259s][debug  ][gc,ref         ] GC(99) Skipped phase 3 of Reference Processing: no references
[28.259s][debug  ][gc,ref         ] GC(99) Skipped phase 4 of Reference Processing: no references
[28.259s][debug  ][gc,phases,ref  ] GC(99) Reference Processing: 0.1ms
[28.259s][debug  ][gc,phases,ref  ] GC(99)   Reconsider SoftReferences: 0.0ms
[28.259s][debug  ][gc,phases,ref  ] GC(99)     SoftRef (ms):                  skipped
[28.259s][debug  ][gc,phases,ref  ] GC(99)   Notify Soft/WeakReferences: 0.0ms
[28.259s][debug  ][gc,phases,ref  ] GC(99)     SoftRef (ms):                  skipped
[28.259s][debug  ][gc,phases,ref  ] GC(99)     WeakRef (ms):                  skipped
[28.259s][debug  ][gc,phases,ref  ] GC(99)     FinalRef (ms):                 skipped
[28.259s][debug  ][gc,phases,ref  ] GC(99)     Total (ms):                    skipped
[28.259s][debug  ][gc,phases,ref  ] GC(99)   Notify and keep alive finalizable: 0.0ms
[28.259s][debug  ][gc,phases,ref  ] GC(99)     FinalRef (ms):                 skipped
[28.259s][debug  ][gc,phases,ref  ] GC(99)   Notify PhantomReferences: 0.0ms
[28.259s][debug  ][gc,phases,ref  ] GC(99)     PhantomRef (ms):               skipped
[28.259s][debug  ][gc,phases,ref  ] GC(99)   SoftReference:
[28.259s][debug  ][gc,phases,ref  ] GC(99)     Discovered: 0
[28.259s][debug  ][gc,phases,ref  ] GC(99)     Cleared: 0
[28.259s][debug  ][gc,phases,ref  ] GC(99)   WeakReference:
[28.259s][debug  ][gc,phases,ref  ] GC(99)     Discovered: 0
[28.259s][debug  ][gc,phases,ref  ] GC(99)     Cleared: 0
[28.259s][debug  ][gc,phases,ref  ] GC(99)   FinalReference:
[28.260s][debug  ][gc,phases,ref  ] GC(99)     Discovered: 0
[28.260s][debug  ][gc,phases,ref  ] GC(99)     Cleared: 0
[28.260s][debug  ][gc,phases,ref  ] GC(99)   PhantomReference:
[28.260s][debug  ][gc,phases,ref  ] GC(99)     Discovered: 0
[28.260s][debug  ][gc,phases,ref  ] GC(99)     Cleared: 0
[28.260s][debug  ][gc,phases      ] GC(99) Reference Processing 0.609ms
[28.260s][debug  ][gc,phases,start] GC(99) Weak Processing
[28.260s][debug  ][gc,phases      ] GC(99)   VM Weak                        Min:  0.0, Avg:  0.0, Max:  0.0, Diff:  0.0, Sum:  0.0, Workers: 6
[28.260s][debug  ][gc,phases      ] GC(99)     Dead                           Min: 0, Avg:  0.0, Max: 0, Diff: 0, Sum: 0, Workers: 6
[28.260s][debug  ][gc,phases      ] GC(99)     Total                          Min: 0, Avg:  1.3, Max: 8, Diff: 8, Sum: 8, Workers: 6
[28.260s][debug  ][gc,phases      ] GC(99)   ObjectSynchronizer Weak        Min:  0.0, Avg:  0.0, Max:  0.0, Diff:  0.0, Sum:  0.0, Workers: 6
[28.260s][debug  ][gc,phases      ] GC(99)     Dead                           Min: 0, Avg:  0.0, Max: 0, Diff: 0, Sum: 0, Workers: 6
[28.260s][debug  ][gc,phases      ] GC(99)     Total                          Min: 0, Avg:  0.5, Max: 3, Diff: 3, Sum: 3, Workers: 6
[28.260s][debug  ][gc,phases      ] GC(99)   JVMTI Tag Weak OopStorage      Min:  0.0, Avg:  0.0, Max:  0.0, Diff:  0.0, Sum:  0.0, Workers: 6
[28.260s][debug  ][gc,phases      ] GC(99)     Dead                           Min: 0, Avg:  0.0, Max: 0, Diff: 0, Sum: 0, Workers: 6
[28.260s][debug  ][gc,phases      ] GC(99)     Total                          Min: 0, Avg:  0.0, Max: 0, Diff: 0, Sum: 0, Workers: 6
[28.260s][debug  ][gc,phases      ] GC(99)   StringTable Weak               Min:  0.0, Avg:  0.0, Max:  0.0, Diff:  0.0, Sum:  0.0, Workers: 6
[28.260s][debug  ][gc,phases      ] GC(99)     Dead                           Min: 0, Avg:  0.0, Max: 0, Diff: 0, Sum: 0, Workers: 6
[28.260s][debug  ][gc,phases      ] GC(99)     Total                          Min: 812, Avg: 892.5, Max: 1087, Diff: 275, Sum: 5355, Workers: 6
[28.260s][debug  ][gc,phases      ] GC(99)   ResolvedMethodTable Weak       Min:  0.0, Avg:  0.0, Max:  0.0, Diff:  0.0, Sum:  0.0, Workers: 6
[28.260s][debug  ][gc,phases      ] GC(99)     Dead                           Min: 0, Avg:  0.0, Max: 0, Diff: 0, Sum: 0, Workers: 6
[28.260s][debug  ][gc,phases      ] GC(99)     Total                          Min: 0, Avg: 21.7, Max: 64, Diff: 64, Sum: 130, Workers: 6
[28.260s][debug  ][gc,phases      ] GC(99)   JNI Weak                       Min:  0.0, Avg:  0.0, Max:  0.0, Diff:  0.0, Sum:  0.0, Workers: 6
[28.260s][debug  ][gc,phases      ] GC(99)     Dead                           Min: 0, Avg:  0.0, Max: 0, Diff: 0, Sum: 0, Workers: 6
[28.260s][debug  ][gc,phases      ] GC(99)     Total                          Min: 0, Avg:  0.0, Max: 0, Diff: 0, Sum: 0, Workers: 6
[28.260s][debug  ][gc,phases      ] GC(99)   StringDedup Table Weak         Min:  0.0, Avg:  0.0, Max:  0.0, Diff:  0.0, Sum:  0.0, Workers: 6
[28.260s][debug  ][gc,phases      ] GC(99)     Dead                           Min: 0, Avg:  0.0, Max: 0, Diff: 0, Sum: 0, Workers: 6
[28.260s][debug  ][gc,phases      ] GC(99)     Total                          Min: 0, Avg:  0.0, Max: 0, Diff: 0, Sum: 0, Workers: 6
[28.260s][debug  ][gc,phases      ] GC(99)   StringDedup Requests0 Weak     Min:  0.0, Avg:  0.0, Max:  0.0, Diff:  0.0, Sum:  0.0, Workers: 6
[28.260s][debug  ][gc,phases      ] GC(99)     Dead                           Min: 0, Avg:  0.0, Max: 0, Diff: 0, Sum: 0, Workers: 6
[28.260s][debug  ][gc,phases      ] GC(99)     Total                          Min: 0, Avg:  0.0, Max: 0, Diff: 0, Sum: 0, Workers: 6
[28.260s][debug  ][gc,phases      ] GC(99)   StringDedup Requests1 Weak     Min:  0.0, Avg:  0.0, Max:  0.0, Diff:  0.0, Sum:  0.0, Workers: 6
[28.260s][debug  ][gc,phases      ] GC(99)     Dead                           Min: 0, Avg:  0.0, Max: 0, Diff: 0, Sum: 0, Workers: 6
[28.260s][debug  ][gc,phases      ] GC(99)     Total                          Min: 0, Avg:  0.0, Max: 0, Diff: 0, Sum: 0, Workers: 6
[28.260s][debug  ][gc,phases      ] GC(99)   Weak JFR Old Object Samples    Min:  0.0, Avg:  0.0, Max:  0.0, Diff:  0.0, Sum:  0.0, Workers: 6
[28.260s][debug  ][gc,phases      ] GC(99)     Dead                           Min: 0, Avg:  0.0, Max: 0, Diff: 0, Sum: 0, Workers: 6
[28.260s][debug  ][gc,phases      ] GC(99)     Total                          Min: 0, Avg:  0.0, Max: 0, Diff: 0, Sum: 0, Workers: 6
[28.260s][debug  ][gc,phases      ] GC(99) Weak Processing 0.697ms
[28.260s][debug  ][gc,ergo        ] GC(99) AdaptiveSizeStart:  collection: 100 
[28.260s][debug  ][gc,ergo        ] GC(99) avg_survived_padded_avg: 33352044.000000
[28.260s][debug  ][gc,ergo        ] GC(99) avg_promoted_padded_avg: 259613216.000000  avg_pretenured_padded_avg: 0.000000  tenuring_thresh: 1  target_size: 33554432
[28.260s][debug  ][gc,age         ] GC(99) Desired survivor size 33554432 bytes, new threshold 1 (max threshold 15)
[28.260s][debug  ][gc,ergo        ] GC(99) PSAdaptiveSizePolicy::compute_eden_space_size limits: desired_eden_size: 228485365 old_eden_size: 204472320 eden_limit: 213385216 cur_eden: 204472320 max_eden_size: 213385216 avg_young_live: 28482686
[28.260s][debug  ][gc,ergo        ] GC(99) PSAdaptiveSizePolicy::compute_eden_space_size: costs minor_time: 0.046030 major_cost: 0.032360 mutator_cost: 0.921610 throughput_goal: 0.990000
[28.260s][debug  ][gc,ergo        ] GC(99) Live_space: 950026304 free_space: 1635778560
[28.260s][debug  ][gc,ergo        ] GC(99) Old eden_size: 204472320 desired_eden_size: 213385216
[28.261s][debug  ][gc,ergo        ] GC(99) AdaptiveSizeStop: collection: 100 
[28.261s][info   ][gc,heap        ] GC(99) PSYoungGen: 218951K(220672K)->30720K(229376K) Eden: 198471K(199680K)->0K(196608K) From: 20480K(20992K)->30720K(32768K)
[28.261s][info   ][gc,heap        ] GC(99) ParOldGen: 1691237K(2173952K)->1875557K(2173952K)
[28.261s][info   ][gc,metaspace   ] GC(99) Metaspace: 1021K(1216K)->1021K(1216K) NonClass: 937K(1024K)->937K(1024K) Class: 83K(192K)->83K(192K)
[28.261s][info   ][gc             ] GC(99) Pause Young (Allocation Failure) 1865M->1861M(2347M) 17.120ms
[28.261s][info   ][gc,cpu         ] GC(99) User=0.16s Sys=0.00s Real=0.02s
[28.261s][debug  ][gc,heap        ] GC(99) Heap after GC invocations=100 (full 13):
[28.261s][debug  ][gc,heap        ] GC(99)  PSYoungGen      total 229376K, used 30720K [0x00000007f0000000, 0x0000000800000000, 0x0000000800000000)
[28.261s][debug  ][gc,heap        ] GC(99)   eden space 196608K, 0% used [0x00000007f0000000,0x00000007f0000000,0x00000007fc000000)
[28.261s][debug  ][gc,heap        ] GC(99)   from space 32768K, 93% used [0x00000007fe000000,0x00000007ffe00030,0x0000000800000000)
[28.261s][debug  ][gc,heap        ] GC(99)   to   space 32768K, 0% used [0x00000007fc000000,0x00000007fc000000,0x00000007fe000000)
[28.261s][debug  ][gc,heap        ] GC(99)  ParOldGen       total 2173952K, used 1875557K [0x0000000740000000, 0x00000007c4b00000, 0x00000007f0000000)
[28.261s][debug  ][gc,heap        ] GC(99)   object space 2173952K, 86% used [0x0000000740000000,0x00000007b2799768,0x00000007c4b00000)
[28.261s][debug  ][gc,heap        ] GC(99)  Metaspace       used 1021K, committed 1216K, reserved 1056768K
[28.261s][debug  ][gc,heap        ] GC(99)   class space    used 83K, committed 192K, reserved 1048576K
[28.261s][debug  ][gc,task,time   ] GC(99) VM-Thread 282431601 282590053 282609351
[28.542s][debug  ][gc,heap        ] GC(100) Heap before GC invocations=101 (full 13):
[28.542s][debug  ][gc,heap        ] GC(100)  PSYoungGen      total 229376K, used 218892K [0x00000007f0000000, 0x0000000800000000, 0x0000000800000000)
[28.542s][debug  ][gc,heap        ] GC(100)   eden space 196608K, 95% used [0x00000007f0000000,0x00000007fb7c32f8,0x00000007fc000000)
[28.542s][debug  ][gc,heap        ] GC(100)   from space 32768K, 93% used [0x00000007fe000000,0x00000007ffe00030,0x0000000800000000)
[28.542s][debug  ][gc,heap        ] GC(100)   to   space 32768K, 0% used [0x00000007fc000000,0x00000007fc000000,0x00000007fe000000)
[28.542s][debug  ][gc,heap        ] GC(100)  ParOldGen       total 2173952K, used 1875557K [0x0000000740000000, 0x00000007c4b00000, 0x00000007f0000000)
[28.542s][debug  ][gc,heap        ] GC(100)   object space 2173952K, 86% used [0x0000000740000000,0x00000007b2799768,0x00000007c4b00000)
[28.543s][debug  ][gc,heap        ] GC(100)  Metaspace       used 1021K, committed 1216K, reserved 1056768K
[28.543s][debug  ][gc,heap        ] GC(100)   class space    used 83K, committed 192K, reserved 1048576K
[28.543s][debug  ][gc,tlab        ] GC(100) TLAB totals: thrds: 1  refills: 1 max: 1 slow allocs: 17 max 17 waste: 27.3% gc: 3944920B max: 3944920B slow: 0B max: 0B
[28.543s][info   ][gc,start       ] GC(100) Pause Young (Allocation Failure)
[28.543s][debug  ][gc,phases,start] GC(100) Scavenge
[28.557s][debug  ][gc,phases      ] GC(100) Scavenge 14.775ms
[28.558s][debug  ][gc,phases,start] GC(100) Reference Processing
[28.558s][debug  ][gc,ref         ] GC(100) Skipped phase 1 of Reference Processing: no references
[28.558s][debug  ][gc,ref         ] GC(100) Skipped phase 2 of Reference Processing: no references
[28.558s][debug  ][gc,ref         ] GC(100) Skipped phase 3 of Reference Processing: no references
[28.558s][debug  ][gc,ref         ] GC(100) Skipped phase 4 of Reference Processing: no references
[28.558s][debug  ][gc,phases,ref  ] GC(100) Reference Processing: 0.1ms
[28.558s][debug  ][gc,phases,ref  ] GC(100)   Reconsider SoftReferences: 0.0ms
[28.558s][debug  ][gc,phases,ref  ] GC(100)     SoftRef (ms):                  skipped
[28.558s][debug  ][gc,phases,ref  ] GC(100)   Notify Soft/WeakReferences: 0.0ms
[28.558s][debug  ][gc,phases,ref  ] GC(100)     SoftRef (ms):                  skipped
[28.558s][debug  ][gc,phases,ref  ] GC(100)     WeakRef (ms):                  skipped
[28.558s][debug  ][gc,phases,ref  ] GC(100)     FinalRef (ms):                 skipped
[28.558s][debug  ][gc,phases,ref  ] GC(100)     Total (ms):                    skipped
[28.558s][debug  ][gc,phases,ref  ] GC(100)   Notify and keep alive finalizable: 0.0ms
[28.558s][debug  ][gc,phases,ref  ] GC(100)     FinalRef (ms):                 skipped
[28.558s][debug  ][gc,phases,ref  ] GC(100)   Notify PhantomReferences: 0.0ms
[28.558s][debug  ][gc,phases,ref  ] GC(100)     PhantomRef (ms):               skipped
[28.558s][debug  ][gc,phases,ref  ] GC(100)   SoftReference:
[28.558s][debug  ][gc,phases,ref  ] GC(100)     Discovered: 0
[28.558s][debug  ][gc,phases,ref  ] GC(100)     Cleared: 0
[28.558s][debug  ][gc,phases,ref  ] GC(100)   WeakReference:
[28.558s][debug  ][gc,phases,ref  ] GC(100)     Discovered: 0
[28.558s][debug  ][gc,phases,ref  ] GC(100)     Cleared: 0
[28.558s][debug  ][gc,phases,ref  ] GC(100)   FinalReference:
[28.558s][debug  ][gc,phases,ref  ] GC(100)     Discovered: 0
[28.558s][debug  ][gc,phases,ref  ] GC(100)     Cleared: 0
[28.558s][debug  ][gc,phases,ref  ] GC(100)   PhantomReference:
[28.558s][debug  ][gc,phases,ref  ] GC(100)     Discovered: 0
[28.558s][debug  ][gc,phases,ref  ] GC(100)     Cleared: 0
[28.558s][debug  ][gc,phases      ] GC(100) Reference Processing 0.717ms
[28.558s][debug  ][gc,phases,start] GC(100) Weak Processing
[28.558s][debug  ][gc,phases      ] GC(100)   VM Weak                        Min:  0.0, Avg:  0.0, Max:  0.0, Diff:  0.0, Sum:  0.0, Workers: 6
[28.558s][debug  ][gc,phases      ] GC(100)     Dead                           Min: 0, Avg:  0.0, Max: 0, Diff: 0, Sum: 0, Workers: 6
[28.558s][debug  ][gc,phases      ] GC(100)     Total                          Min: 0, Avg:  1.3, Max: 8, Diff: 8, Sum: 8, Workers: 6
[28.558s][debug  ][gc,phases      ] GC(100)   ObjectSynchronizer Weak        Min:  0.0, Avg:  0.0, Max:  0.0, Diff:  0.0, Sum:  0.0, Workers: 6
[28.558s][debug  ][gc,phases      ] GC(100)     Dead                           Min: 0, Avg:  0.0, Max: 0, Diff: 0, Sum: 0, Workers: 6
[28.558s][debug  ][gc,phases      ] GC(100)     Total                          Min: 0, Avg:  0.5, Max: 3, Diff: 3, Sum: 3, Workers: 6
[28.559s][debug  ][gc,phases      ] GC(100)   JVMTI Tag Weak OopStorage      Min:  0.0, Avg:  0.0, Max:  0.0, Diff:  0.0, Sum:  0.0, Workers: 6
[28.559s][debug  ][gc,phases      ] GC(100)     Dead                           Min: 0, Avg:  0.0, Max: 0, Diff: 0, Sum: 0, Workers: 6
[28.559s][debug  ][gc,phases      ] GC(100)     Total                          Min: 0, Avg:  0.0, Max: 0, Diff: 0, Sum: 0, Workers: 6
[28.559s][debug  ][gc,phases      ] GC(100)   StringTable Weak               Min:  0.0, Avg:  0.0, Max:  0.0, Diff:  0.0, Sum:  0.0, Workers: 6
[28.559s][debug  ][gc,phases      ] GC(100)     Dead                           Min: 0, Avg:  0.0, Max: 0, Diff: 0, Sum: 0, Workers: 6
[28.559s][debug  ][gc,phases      ] GC(100)     Total                          Min: 704, Avg: 892.5, Max: 1088, Diff: 384, Sum: 5355, Workers: 6
[28.559s][debug  ][gc,phases      ] GC(100)   ResolvedMethodTable Weak       Min:  0.0, Avg:  0.0, Max:  0.0, Diff:  0.0, Sum:  0.0, Workers: 6
[28.559s][debug  ][gc,phases      ] GC(100)     Dead                           Min: 0, Avg:  0.0, Max: 0, Diff: 0, Sum: 0, Workers: 6
[28.559s][debug  ][gc,phases      ] GC(100)     Total                          Min: 0, Avg: 21.7, Max: 64, Diff: 64, Sum: 130, Workers: 6
[28.559s][debug  ][gc,phases      ] GC(100)   JNI Weak                       Min:  0.0, Avg:  0.0, Max:  0.0, Diff:  0.0, Sum:  0.0, Workers: 6
[28.559s][debug  ][gc,phases      ] GC(100)     Dead                           Min: 0, Avg:  0.0, Max: 0, Diff: 0, Sum: 0, Workers: 6
[28.559s][debug  ][gc,phases      ] GC(100)     Total                          Min: 0, Avg:  0.0, Max: 0, Diff: 0, Sum: 0, Workers: 6
[28.559s][debug  ][gc,phases      ] GC(100)   StringDedup Table Weak         Min:  0.0, Avg:  0.0, Max:  0.0, Diff:  0.0, Sum:  0.0, Workers: 6
[28.559s][debug  ][gc,phases      ] GC(100)     Dead                           Min: 0, Avg:  0.0, Max: 0, Diff: 0, Sum: 0, Workers: 6
[28.559s][debug  ][gc,phases      ] GC(100)     Total                          Min: 0, Avg:  0.0, Max: 0, Diff: 0, Sum: 0, Workers: 6
[28.559s][debug  ][gc,phases      ] GC(100)   StringDedup Requests0 Weak     Min:  0.0, Avg:  0.0, Max:  0.0, Diff:  0.0, Sum:  0.0, Workers: 6
[28.559s][debug  ][gc,phases      ] GC(100)     Dead                           Min: 0, Avg:  0.0, Max: 0, Diff: 0, Sum: 0, Workers: 6
[28.559s][debug  ][gc,phases      ] GC(100)     Total                          Min: 0, Avg:  0.0, Max: 0, Diff: 0, Sum: 0, Workers: 6
[28.559s][debug  ][gc,phases      ] GC(100)   StringDedup Requests1 Weak     Min:  0.0, Avg:  0.0, Max:  0.0, Diff:  0.0, Sum:  0.0, Workers: 6
[28.559s][debug  ][gc,phases      ] GC(100)     Dead                           Min: 0, Avg:  0.0, Max: 0, Diff: 0, Sum: 0, Workers: 6
[28.559s][debug  ][gc,phases      ] GC(100)     Total                          Min: 0, Avg:  0.0, Max: 0, Diff: 0, Sum: 0, Workers: 6
[28.559s][debug  ][gc,phases      ] GC(100)   Weak JFR Old Object Samples    Min:  0.0, Avg:  0.0, Max:  0.0, Diff:  0.0, Sum:  0.0, Workers: 6
[28.559s][debug  ][gc,phases      ] GC(100)     Dead                           Min: 0, Avg:  0.0, Max: 0, Diff: 0, Sum: 0, Workers: 6
[28.559s][debug  ][gc,phases      ] GC(100)     Total                          Min: 0, Avg:  0.0, Max: 0, Diff: 0, Sum: 0, Workers: 6
[28.559s][debug  ][gc,phases      ] GC(100) Weak Processing 0.767ms
[28.559s][debug  ][gc,ergo        ] GC(100) AdaptiveSizeStart:  collection: 101 
[28.559s][debug  ][gc,ergo        ] GC(100) avg_survived_padded_avg: 33417296.000000
[28.559s][debug  ][gc,ergo        ] GC(100) avg_promoted_padded_avg: 259683968.000000  avg_pretenured_padded_avg: 0.000000  tenuring_thresh: 1  target_size: 33554432
[28.559s][debug  ][gc,age         ] GC(100) Desired survivor size 33554432 bytes, new threshold 1 (max threshold 15)
[28.559s][debug  ][gc,ergo        ] GC(100) PSAdaptiveSizePolicy::compute_eden_space_size limits: desired_eden_size: 225497767 old_eden_size: 213385216 eden_limit: 201326592 cur_eden: 201326592 max_eden_size: 201326592 avg_young_live: 28780148
[28.559s][debug  ][gc,ergo        ] GC(100) PSAdaptiveSizePolicy::compute_eden_space_size: costs minor_time: 0.048285 major_cost: 0.032360 mutator_cost: 0.919355 throughput_goal: 0.990000
[28.559s][debug  ][gc,ergo        ] GC(100) Live_space: 950323776 free_space: 1644691456
[28.559s][debug  ][gc,ergo        ] GC(100) Old eden_size: 213385216 desired_eden_size: 201326592
[28.559s][debug  ][gc,ergo        ] GC(100) AdaptiveSizeStop: collection: 101 
[28.559s][info   ][gc,heap        ] GC(100) PSYoungGen: 218892K(229376K)->30720K(229376K) Eden: 188172K(196608K)->0K(196608K) From: 30720K(32768K)->30720K(32768K)
[28.559s][info   ][gc,heap        ] GC(100) ParOldGen: 1875557K(2173952K)->2059878K(2173952K)
[28.559s][info   ][gc,metaspace   ] GC(100) Metaspace: 1021K(1216K)->1021K(1216K) NonClass: 937K(1024K)->937K(1024K) Class: 83K(192K)->83K(192K)
[28.559s][info   ][gc             ] GC(100) Pause Young (Allocation Failure) 2045M->2041M(2347M) 16.776ms
[28.559s][info   ][gc,cpu         ] GC(100) User=0.16s Sys=0.00s Real=0.02s
[28.559s][debug  ][gc,heap        ] GC(100) Heap after GC invocations=101 (full 13):
[28.559s][debug  ][gc,heap        ] GC(100)  PSYoungGen      total 229376K, used 30720K [0x00000007f0000000, 0x0000000800000000, 0x0000000800000000)
[28.559s][debug  ][gc,heap        ] GC(100)   eden space 196608K, 0% used [0x00000007f0000000,0x00000007f0000000,0x00000007fc000000)
[28.560s][debug  ][gc,heap        ] GC(100)   from space 32768K, 93% used [0x00000007fc000000,0x00000007fde00030,0x00000007fe000000)
[28.560s][debug  ][gc,heap        ] GC(100)   to   space 32768K, 0% used [0x00000007fe000000,0x00000007fe000000,0x0000000800000000)
[28.560s][debug  ][gc,heap        ] GC(100)  ParOldGen       total 2173952K, used 2059878K [0x0000000740000000, 0x00000007c4b00000, 0x00000007f0000000)
[28.560s][debug  ][gc,heap        ] GC(100)   object space 2173952K, 94% used [0x0000000740000000,0x00000007bdb99888,0x00000007c4b00000)
[28.560s][debug  ][gc,heap        ] GC(100)  Metaspace       used 1021K, committed 1216K, reserved 1056768K
[28.560s][debug  ][gc,heap        ] GC(100)   class space    used 83K, committed 192K, reserved 1048576K
[28.560s][debug  ][gc,task,time   ] GC(100) VM-Thread 285421528 285575667 285596393
[28.560s][debug  ][gc,phases,start] GC(101) Pre Compact
[28.560s][debug  ][gc,heap        ] GC(101) Heap before GC invocations=102 (full 14):
[28.560s][debug  ][gc,heap        ] GC(101)  PSYoungGen      total 229376K, used 30720K [0x00000007f0000000, 0x0000000800000000, 0x0000000800000000)
[28.560s][debug  ][gc,heap        ] GC(101)   eden space 196608K, 0% used [0x00000007f0000000,0x00000007f0000000,0x00000007fc000000)
[28.560s][debug  ][gc,heap        ] GC(101)   from space 32768K, 93% used [0x00000007fc000000,0x00000007fde00030,0x00000007fe000000)
[28.560s][debug  ][gc,heap        ] GC(101)   to   space 32768K, 0% used [0x00000007fe000000,0x00000007fe000000,0x0000000800000000)
[28.560s][debug  ][gc,heap        ] GC(101)  ParOldGen       total 2173952K, used 2059878K [0x0000000740000000, 0x00000007c4b00000, 0x00000007f0000000)
[28.560s][debug  ][gc,heap        ] GC(101)   object space 2173952K, 94% used [0x0000000740000000,0x00000007bdb99888,0x00000007c4b00000)
[28.560s][debug  ][gc,heap        ] GC(101)  Metaspace       used 1021K, committed 1216K, reserved 1056768K
[28.560s][debug  ][gc,heap        ] GC(101)   class space    used 83K, committed 192K, reserved 1048576K
[28.560s][debug  ][gc,phases      ] GC(101) Pre Compact 0.200ms
[28.560s][info   ][gc,start       ] GC(101) Pause Full (Ergonomics)
[28.560s][info   ][gc,phases,start] GC(101) Marking Phase
[28.560s][debug  ][gc,phases,start] GC(101) Par Mark
[28.560s][debug  ][gc,phases      ] GC(101) Par Mark 0.500ms
[28.560s][debug  ][gc,phases,start] GC(101) Reference Processing
[28.561s][debug  ][gc,ref         ] GC(101) Skipped phase 1 of Reference Processing: no references
[28.561s][debug  ][gc,ref         ] GC(101) ReferenceProcessor::execute queues: 1, RefProcThreadModel::Single, marks_oops_alive: false
[28.561s][debug  ][gc,ref         ] GC(101) Skipped phase 3 of Reference Processing: no references
[28.561s][debug  ][gc,ref         ] GC(101) ReferenceProcessor::execute queues: 1, RefProcThreadModel::Single, marks_oops_alive: false
[28.561s][debug  ][gc,phases,ref  ] GC(101) Reference Processing: 0.1ms
[28.561s][debug  ][gc,phases,ref  ] GC(101)   Reconsider SoftReferences: 0.0ms
[28.561s][debug  ][gc,phases,ref  ] GC(101)     SoftRef (ms):                  skipped
[28.561s][debug  ][gc,phases,ref  ] GC(101)   Notify Soft/WeakReferences: 0.0ms
[28.561s][debug  ][gc,phases,ref  ] GC(101)     SoftRef (ms):                  Min:  0.0, Avg:  0.0, Max:  0.0, Diff:  0.0, Sum:  0.0, Workers: 10
[28.561s][debug  ][gc,phases,ref  ] GC(101)     WeakRef (ms):                  Min:  0.0, Avg:  0.0, Max:  0.0, Diff:  0.0, Sum:  0.0, Workers: 10
[28.561s][debug  ][gc,phases,ref  ] GC(101)     FinalRef (ms):                 Min:  0.0, Avg:  0.0, Max:  0.0, Diff:  0.0, Sum:  0.0, Workers: 10
[28.561s][debug  ][gc,phases,ref  ] GC(101)     Total (ms):                    Min:  0.0, Avg:  0.0, Max:  0.0, Diff:  0.0, Sum:  0.0, Workers: 10
[28.561s][debug  ][gc,phases,ref  ] GC(101)   Notify and keep alive finalizable: 0.0ms
[28.561s][debug  ][gc,phases,ref  ] GC(101)     FinalRef (ms):                 skipped
[28.561s][debug  ][gc,phases,ref  ] GC(101)   Notify PhantomReferences: 0.0ms
[28.561s][debug  ][gc,phases,ref  ] GC(101)     PhantomRef (ms):               Min:  0.0, Avg:  0.0, Max:  0.0, Diff:  0.0, Sum:  0.0, Workers: 10
[28.561s][debug  ][gc,phases,ref  ] GC(101)   SoftReference:
[28.561s][debug  ][gc,phases,ref  ] GC(101)     Discovered: 0
[28.561s][debug  ][gc,phases,ref  ] GC(101)     Cleared: 0
[28.561s][debug  ][gc,phases,ref  ] GC(101)   WeakReference:
[28.561s][debug  ][gc,phases,ref  ] GC(101)     Discovered: 66
[28.561s][debug  ][gc,phases,ref  ] GC(101)     Cleared: 66
[28.561s][debug  ][gc,phases,ref  ] GC(101)   FinalReference:
[28.561s][debug  ][gc,phases,ref  ] GC(101)     Discovered: 0
[28.561s][debug  ][gc,phases,ref  ] GC(101)     Cleared: 0
[28.561s][debug  ][gc,phases,ref  ] GC(101)   PhantomReference:
[28.561s][debug  ][gc,phases,ref  ] GC(101)     Discovered: 5
[28.561s][debug  ][gc,phases,ref  ] GC(101)     Cleared: 5
[28.561s][debug  ][gc,phases      ] GC(101) Reference Processing 0.714ms
[28.561s][debug  ][gc,phases,start] GC(101) Weak Processing
[28.561s][debug  ][gc,phases      ] GC(101)   VM Weak                        Min:  0.0, Avg:  0.0, Max:  0.0, Diff:  0.0, Sum:  0.0, Workers: 6
[28.561s][debug  ][gc,phases      ] GC(101)     Dead                           Min: 0, Avg:  0.0, Max: 0, Diff: 0, Sum: 0, Workers: 6
[28.561s][debug  ][gc,phases      ] GC(101)     Total                          Min: 0, Avg:  1.3, Max: 8, Diff: 8, Sum: 8, Workers: 6
[28.561s][debug  ][gc,phases      ] GC(101)   ObjectSynchronizer Weak        Min:  0.0, Avg:  0.0, Max:  0.0, Diff:  0.0, Sum:  0.0, Workers: 6
[28.561s][debug  ][gc,phases      ] GC(101)     Dead                           Min: 0, Avg:  0.0, Max: 0, Diff: 0, Sum: 0, Workers: 6
[28.561s][debug  ][gc,phases      ] GC(101)     Total                          Min: 0, Avg:  0.5, Max: 3, Diff: 3, Sum: 3, Workers: 6
[28.561s][debug  ][gc,phases      ] GC(101)   JVMTI Tag Weak OopStorage      Min:  0.0, Avg:  0.0, Max:  0.0, Diff:  0.0, Sum:  0.0, Workers: 6
[28.561s][debug  ][gc,phases      ] GC(101)     Dead                           Min: 0, Avg:  0.0, Max: 0, Diff: 0, Sum: 0, Workers: 6
[28.561s][debug  ][gc,phases      ] GC(101)     Total                          Min: 0, Avg:  0.0, Max: 0, Diff: 0, Sum: 0, Workers: 6
[28.562s][debug  ][gc,phases      ] GC(101)   StringTable Weak               Min:  0.0, Avg:  0.0, Max:  0.0, Diff:  0.0, Sum:  0.0, Workers: 6
[28.562s][debug  ][gc,phases      ] GC(101)     Dead                           Min: 0, Avg:  0.0, Max: 0, Diff: 0, Sum: 0, Workers: 6
[28.562s][debug  ][gc,phases      ] GC(101)     Total                          Min: 704, Avg: 892.5, Max: 1195, Diff: 491, Sum: 5355, Workers: 6
[28.562s][debug  ][gc,phases      ] GC(101)   ResolvedMethodTable Weak       Min:  0.0, Avg:  0.0, Max:  0.0, Diff:  0.0, Sum:  0.0, Workers: 6
[28.562s][debug  ][gc,phases      ] GC(101)     Dead                           Min: 0, Avg:  0.0, Max: 0, Diff: 0, Sum: 0, Workers: 6
[28.562s][debug  ][gc,phases      ] GC(101)     Total                          Min: 0, Avg: 21.7, Max: 64, Diff: 64, Sum: 130, Workers: 6
[28.562s][debug  ][gc,phases      ] GC(101)   JNI Weak                       Min:  0.0, Avg:  0.0, Max:  0.0, Diff:  0.0, Sum:  0.0, Workers: 6
[28.562s][debug  ][gc,phases      ] GC(101)     Dead                           Min: 0, Avg:  0.0, Max: 0, Diff: 0, Sum: 0, Workers: 6
[28.562s][debug  ][gc,phases      ] GC(101)     Total                          Min: 0, Avg:  0.0, Max: 0, Diff: 0, Sum: 0, Workers: 6
[28.562s][debug  ][gc,phases      ] GC(101)   StringDedup Table Weak         Min:  0.0, Avg:  0.0, Max:  0.0, Diff:  0.0, Sum:  0.0, Workers: 6
[28.562s][debug  ][gc,phases      ] GC(101)     Dead                           Min: 0, Avg:  0.0, Max: 0, Diff: 0, Sum: 0, Workers: 6
[28.562s][debug  ][gc,phases      ] GC(101)     Total                          Min: 0, Avg:  0.0, Max: 0, Diff: 0, Sum: 0, Workers: 6
[28.562s][debug  ][gc,phases      ] GC(101)   StringDedup Requests0 Weak     Min:  0.0, Avg:  0.0, Max:  0.0, Diff:  0.0, Sum:  0.0, Workers: 6
[28.562s][debug  ][gc,phases      ] GC(101)     Dead                           Min: 0, Avg:  0.0, Max: 0, Diff: 0, Sum: 0, Workers: 6
[28.562s][debug  ][gc,phases      ] GC(101)     Total                          Min: 0, Avg:  0.0, Max: 0, Diff: 0, Sum: 0, Workers: 6
[28.562s][debug  ][gc,phases      ] GC(101)   StringDedup Requests1 Weak     Min:  0.0, Avg:  0.0, Max:  0.0, Diff:  0.0, Sum:  0.0, Workers: 6
[28.562s][debug  ][gc,phases      ] GC(101)     Dead                           Min: 0, Avg:  0.0, Max: 0, Diff: 0, Sum: 0, Workers: 6
[28.562s][debug  ][gc,phases      ] GC(101)     Total                          Min: 0, Avg:  0.0, Max: 0, Diff: 0, Sum: 0, Workers: 6
[28.562s][debug  ][gc,phases      ] GC(101)   Weak JFR Old Object Samples    Min:  0.0, Avg:  0.0, Max:  0.0, Diff:  0.0, Sum:  0.0, Workers: 6
[28.562s][debug  ][gc,phases      ] GC(101)     Dead                           Min: 0, Avg:  0.0, Max: 0, Diff: 0, Sum: 0, Workers: 6
[28.562s][debug  ][gc,phases      ] GC(101)     Total                          Min: 0, Avg:  0.0, Max: 0, Diff: 0, Sum: 0, Workers: 6
[28.562s][debug  ][gc,phases      ] GC(101) Weak Processing 0.826ms
[28.562s][debug  ][gc,phases,start] GC(101) Class Unloading
[28.562s][debug  ][gc,phases,start] GC(101) ClassLoaderData
[28.562s][debug  ][gc,phases      ] GC(101) ClassLoaderData 0.024ms
[28.562s][debug  ][gc,phases,start] GC(101) Trigger cleanups
[28.562s][debug  ][gc,phases      ] GC(101) Trigger cleanups 0.023ms
[28.562s][debug  ][gc,phases      ] GC(101) Class Unloading 0.291ms
[28.562s][info   ][gc,phases      ] GC(101) Marking Phase 2.461ms
[28.562s][info   ][gc,phases,start] GC(101) Summary Phase
[28.562s][info   ][gc,phases      ] GC(101) Summary Phase 0.045ms
[28.562s][info   ][gc,phases,start] GC(101) Adjust Roots
[28.563s][info   ][gc,phases      ] GC(101) Adjust Roots 0.154ms
[28.563s][info   ][gc,phases,start] GC(101) Compaction Phase
[28.607s][info   ][gc,phases      ] GC(101) Compaction Phase 44.354ms
[28.607s][info   ][gc,phases,start] GC(101) Post Compact
[28.614s][info   ][gc,phases      ] GC(101) Post Compact 6.635ms
[28.614s][debug  ][gc,ergo        ] GC(101) AdaptiveSizeStart: collection: 102 
[28.614s][debug  ][gc,ergo        ] GC(101) PSAdaptiveSizePolicy::compute_eden_space_size limits: desired_eden_size: 226723338 old_eden_size: 201326592 eden_limit: 201326592 cur_eden: 201326592 max_eden_size: 201326592 avg_young_live: 25902134
[28.614s][debug  ][gc,ergo        ] GC(101) PSAdaptiveSizePolicy::compute_eden_space_size: costs minor_time: 0.048285 major_cost: 0.028468 mutator_cost: 0.923247 throughput_goal: 0.990000
[28.614s][debug  ][gc,ergo        ] GC(101) Live_space: 947445760 free_space: 1632632832
[28.614s][debug  ][gc,ergo        ] GC(101) Old eden_size: 201326592 desired_eden_size: 201326592
[28.614s][debug  ][gc,ergo        ] GC(101) PSAdaptiveSizePolicy::compute_old_gen_free_space: costs minor_time: 0.048285 major_cost: 0.028468  mutator_cost: 0.923247 throughput_goal: 0.990000
[28.614s][debug  ][gc,ergo        ] GC(101) Live_space: 923196864 free_space: 1632632832
[28.614s][debug  ][gc,ergo        ] GC(101) Old promo_size: 1431306240 desired_promo_size: 1542979584
[28.615s][debug  ][gc             ] GC(101) Shrinking ParOldGen from 2173952K by 12288K to 2161664K
[28.615s][debug  ][gc,ergo        ] GC(101) AdaptiveSizeStop: collection: 102 
[28.615s][info   ][gc,heap        ] GC(101) PSYoungGen: 30720K(229376K)->0K(229376K) Eden: 0K(196608K)->0K(196608K) From: 30720K(32768K)->0K(32768K)
[28.615s][info   ][gc,heap        ] GC(101) ParOldGen: 2059878K(2173952K)->400995K(2161664K)
[28.615s][info   ][gc,metaspace   ] GC(101) Metaspace: 1021K(1216K)->1021K(1216K) NonClass: 937K(1024K)->937K(1024K) Class: 83K(192K)->83K(192K)
[28.615s][info   ][gc             ] GC(101) Pause Full (Ergonomics) 2041M->391M(2335M) 54.960ms
[28.615s][info   ][gc,cpu         ] GC(101) User=0.42s Sys=0.00s Real=0.06s
[28.615s][debug  ][gc,heap        ] GC(101) Heap after GC invocations=102 (full 14):
[28.615s][debug  ][gc,heap        ] GC(101)  PSYoungGen      total 229376K, used 0K [0x00000007f0000000, 0x0000000800000000, 0x0000000800000000)
[28.615s][debug  ][gc,heap        ] GC(101)   eden space 196608K, 0% used [0x00000007f0000000,0x00000007f0000000,0x00000007fc000000)
[28.615s][debug  ][gc,heap        ] GC(101)   from space 32768K, 0% used [0x00000007fe000000,0x00000007fe000000,0x0000000800000000)
[28.615s][debug  ][gc,heap        ] GC(101)   to   space 32768K, 0% used [0x00000007fc000000,0x00000007fc000000,0x00000007fe000000)
[28.615s][debug  ][gc,heap        ] GC(101)  ParOldGen       total 2161664K, used 400995K [0x0000000740000000, 0x00000007c3f00000, 0x00000007f0000000)
[28.615s][debug  ][gc,heap        ] GC(101)   object space 2161664K, 18% used [0x0000000740000000,0x0000000758798e68,0x00000007c3f00000)
[28.615s][debug  ][gc,heap        ] GC(101)  Metaspace       used 1021K, committed 1216K, reserved 1056768K
[28.615s][debug  ][gc,heap        ] GC(101)   class space    used 83K, committed 192K, reserved 1048576K
[28.615s][debug  ][gc,task,time   ] GC(101) VM-Thread 285599156 285626766 286149040
[28.905s][debug  ][gc,heap        ] GC(102) Heap before GC invocations=103 (full 14):
[28.905s][debug  ][gc,heap        ] GC(102)  PSYoungGen      total 229376K, used 188172K [0x00000007f0000000, 0x0000000800000000, 0x0000000800000000)
[28.905s][debug  ][gc,heap        ] GC(102)   eden space 196608K, 95% used [0x00000007f0000000,0x00000007fb7c31d8,0x00000007fc000000)
[28.905s][debug  ][gc,heap        ] GC(102)   from space 32768K, 0% used [0x00000007fe000000,0x00000007fe000000,0x0000000800000000)
[28.905s][debug  ][gc,heap        ] GC(102)   to   space 32768K, 0% used [0x00000007fc000000,0x00000007fc000000,0x00000007fe000000)
[28.905s][debug  ][gc,heap        ] GC(102)  ParOldGen       total 2161664K, used 400995K [0x0000000740000000, 0x00000007c3f00000, 0x00000007f0000000)
[28.905s][debug  ][gc,heap        ] GC(102)   object space 2161664K, 18% used [0x0000000740000000,0x0000000758798e68,0x00000007c3f00000)
[28.905s][debug  ][gc,heap        ] GC(102)  Metaspace       used 1021K, committed 1216K, reserved 1056768K
[28.905s][debug  ][gc,heap        ] GC(102)   class space    used 83K, committed 192K, reserved 1048576K
[28.905s][debug  ][gc,tlab        ] GC(102) TLAB totals: thrds: 1  refills: 1 max: 1 slow allocs: 17 max 17 waste: 27.3% gc: 3944632B max: 3944632B slow: 0B max: 0B
[28.905s][info   ][gc,start       ] GC(102) Pause Young (Allocation Failure)
[28.905s][debug  ][gc,phases,start] GC(102) Scavenge
[28.917s][debug  ][gc,phases      ] GC(102) Scavenge 12.320ms
[28.917s][debug  ][gc,phases,start] GC(102) Reference Processing
[28.918s][debug  ][gc,ref         ] GC(102) Skipped phase 1 of Reference Processing: no references
[28.918s][debug  ][gc,ref         ] GC(102) Skipped phase 2 of Reference Processing: no references
[28.918s][debug  ][gc,ref         ] GC(102) Skipped phase 3 of Reference Processing: no references
[28.918s][debug  ][gc,ref         ] GC(102) Skipped phase 4 of Reference Processing: no references
[28.918s][debug  ][gc,phases,ref  ] GC(102) Reference Processing: 0.1ms
[28.918s][debug  ][gc,phases,ref  ] GC(102)   Reconsider SoftReferences: 0.0ms
[28.918s][debug  ][gc,phases,ref  ] GC(102)     SoftRef (ms):                  skipped
[28.918s][debug  ][gc,phases,ref  ] GC(102)   Notify Soft/WeakReferences: 0.0ms
[28.918s][debug  ][gc,phases,ref  ] GC(102)     SoftRef (ms):                  skipped
[28.918s][debug  ][gc,phases,ref  ] GC(102)     WeakRef (ms):                  skipped
[28.918s][debug  ][gc,phases,ref  ] GC(102)     FinalRef (ms):                 skipped
[28.918s][debug  ][gc,phases,ref  ] GC(102)     Total (ms):                    skipped
[28.918s][debug  ][gc,phases,ref  ] GC(102)   Notify and keep alive finalizable: 0.0ms
[28.918s][debug  ][gc,phases,ref  ] GC(102)     FinalRef (ms):                 skipped
[28.918s][debug  ][gc,phases,ref  ] GC(102)   Notify PhantomReferences: 0.0ms
[28.918s][debug  ][gc,phases,ref  ] GC(102)     PhantomRef (ms):               skipped
[28.918s][debug  ][gc,phases,ref  ] GC(102)   SoftReference:
[28.918s][debug  ][gc,phases,ref  ] GC(102)     Discovered: 0
[28.918s][debug  ][gc,phases,ref  ] GC(102)     Cleared: 0
[28.918s][debug  ][gc,phases,ref  ] GC(102)   WeakReference:
[28.918s][debug  ][gc,phases,ref  ] GC(102)     Discovered: 0
[28.918s][debug  ][gc,phases,ref  ] GC(102)     Cleared: 0
[28.918s][debug  ][gc,phases,ref  ] GC(102)   FinalReference:
[28.918s][debug  ][gc,phases,ref  ] GC(102)     Discovered: 0
[28.918s][debug  ][gc,phases,ref  ] GC(102)     Cleared: 0
[28.918s][debug  ][gc,phases,ref  ] GC(102)   PhantomReference:
[28.918s][debug  ][gc,phases,ref  ] GC(102)     Discovered: 0
[28.918s][debug  ][gc,phases,ref  ] GC(102)     Cleared: 0
[28.918s][debug  ][gc,phases      ] GC(102) Reference Processing 0.675ms
[28.918s][debug  ][gc,phases,start] GC(102) Weak Processing
[28.918s][debug  ][gc,phases      ] GC(102)   VM Weak                        Min:  0.0, Avg:  0.0, Max:  0.0, Diff:  0.0, Sum:  0.0, Workers: 6
[28.918s][debug  ][gc,phases      ] GC(102)     Dead                           Min: 0, Avg:  0.0, Max: 0, Diff: 0, Sum: 0, Workers: 6
[28.918s][debug  ][gc,phases      ] GC(102)     Total                          Min: 0, Avg:  1.3, Max: 8, Diff: 8, Sum: 8, Workers: 6
[28.918s][debug  ][gc,phases      ] GC(102)   ObjectSynchronizer Weak        Min:  0.0, Avg:  0.0, Max:  0.0, Diff:  0.0, Sum:  0.0, Workers: 6
[28.918s][debug  ][gc,phases      ] GC(102)     Dead                           Min: 0, Avg:  0.0, Max: 0, Diff: 0, Sum: 0, Workers: 6
[28.918s][debug  ][gc,phases      ] GC(102)     Total                          Min: 0, Avg:  0.5, Max: 3, Diff: 3, Sum: 3, Workers: 6
[28.918s][debug  ][gc,phases      ] GC(102)   JVMTI Tag Weak OopStorage      Min:  0.0, Avg:  0.0, Max:  0.0, Diff:  0.0, Sum:  0.0, Workers: 6
[28.918s][debug  ][gc,phases      ] GC(102)     Dead                           Min: 0, Avg:  0.0, Max: 0, Diff: 0, Sum: 0, Workers: 6
[28.918s][debug  ][gc,phases      ] GC(102)     Total                          Min: 0, Avg:  0.0, Max: 0, Diff: 0, Sum: 0, Workers: 6
[28.918s][debug  ][gc,phases      ] GC(102)   StringTable Weak               Min:  0.0, Avg:  0.0, Max:  0.0, Diff:  0.0, Sum:  0.0, Workers: 6
[28.918s][debug  ][gc,phases      ] GC(102)     Dead                           Min: 0, Avg:  0.0, Max: 0, Diff: 0, Sum: 0, Workers: 6
[28.918s][debug  ][gc,phases      ] GC(102)     Total                          Min: 811, Avg: 892.5, Max: 1088, Diff: 277, Sum: 5355, Workers: 6
[28.918s][debug  ][gc,phases      ] GC(102)   ResolvedMethodTable Weak       Min:  0.0, Avg:  0.0, Max:  0.0, Diff:  0.0, Sum:  0.0, Workers: 6
[28.919s][debug  ][gc,phases      ] GC(102)     Dead                           Min: 0, Avg:  0.0, Max: 0, Diff: 0, Sum: 0, Workers: 6
[28.919s][debug  ][gc,phases      ] GC(102)     Total                          Min: 0, Avg: 21.7, Max: 128, Diff: 128, Sum: 130, Workers: 6
[28.919s][debug  ][gc,phases      ] GC(102)   JNI Weak                       Min:  0.0, Avg:  0.0, Max:  0.0, Diff:  0.0, Sum:  0.0, Workers: 6
[28.919s][debug  ][gc,phases      ] GC(102)     Dead                           Min: 0, Avg:  0.0, Max: 0, Diff: 0, Sum: 0, Workers: 6
[28.919s][debug  ][gc,phases      ] GC(102)     Total                          Min: 0, Avg:  0.0, Max: 0, Diff: 0, Sum: 0, Workers: 6
[28.919s][debug  ][gc,phases      ] GC(102)   StringDedup Table Weak         Min:  0.0, Avg:  0.0, Max:  0.0, Diff:  0.0, Sum:  0.0, Workers: 6
[28.919s][debug  ][gc,phases      ] GC(102)     Dead                           Min: 0, Avg:  0.0, Max: 0, Diff: 0, Sum: 0, Workers: 6
[28.919s][debug  ][gc,phases      ] GC(102)     Total                          Min: 0, Avg:  0.0, Max: 0, Diff: 0, Sum: 0, Workers: 6
[28.919s][debug  ][gc,phases      ] GC(102)   StringDedup Requests0 Weak     Min:  0.0, Avg:  0.0, Max:  0.0, Diff:  0.0, Sum:  0.0, Workers: 6
[28.919s][debug  ][gc,phases      ] GC(102)     Dead                           Min: 0, Avg:  0.0, Max: 0, Diff: 0, Sum: 0, Workers: 6
[28.919s][debug  ][gc,phases      ] GC(102)     Total                          Min: 0, Avg:  0.0, Max: 0, Diff: 0, Sum: 0, Workers: 6
[28.919s][debug  ][gc,phases      ] GC(102)   StringDedup Requests1 Weak     Min:  0.0, Avg:  0.0, Max:  0.0, Diff:  0.0, Sum:  0.0, Workers: 6
[28.919s][debug  ][gc,phases      ] GC(102)     Dead                           Min: 0, Avg:  0.0, Max: 0, Diff: 0, Sum: 0, Workers: 6
[28.919s][debug  ][gc,phases      ] GC(102)     Total                          Min: 0, Avg:  0.0, Max: 0, Diff: 0, Sum: 0, Workers: 6
[28.919s][debug  ][gc,phases      ] GC(102)   Weak JFR Old Object Samples    Min:  0.0, Avg:  0.0, Max:  0.0, Diff:  0.0, Sum:  0.0, Workers: 6
[28.919s][debug  ][gc,phases      ] GC(102)     Dead                           Min: 0, Avg:  0.0, Max: 0, Diff: 0, Sum: 0, Workers: 6
[28.919s][debug  ][gc,phases      ] GC(102)     Total                          Min: 0, Avg:  0.0, Max: 0, Diff: 0, Sum: 0, Workers: 6
[28.919s][debug  ][gc,phases      ] GC(102) Weak Processing 0.701ms
[28.919s][debug  ][gc,ergo        ] GC(102) AdaptiveSizeStart:  collection: 103 
[28.919s][debug  ][gc,ergo        ] GC(102) avg_survived_padded_avg: 33450554.000000
[28.919s][debug  ][gc,ergo        ] GC(102) avg_promoted_padded_avg: 251495776.000000  avg_pretenured_padded_avg: 0.000000  tenuring_thresh: 1  target_size: 33554432
[28.919s][debug  ][gc,age         ] GC(102) Desired survivor size 33554432 bytes, new threshold 1 (max threshold 15)
[28.919s][debug  ][gc,ergo        ] GC(102) PSAdaptiveSizePolicy::compute_eden_space_size limits: desired_eden_size: 226223857 old_eden_size: 201326592 eden_limit: 201326592 cur_eden: 201326592 max_eden_size: 201326592 avg_young_live: 26457652
[28.919s][debug  ][gc,ergo        ] GC(102) PSAdaptiveSizePolicy::compute_eden_space_size: costs minor_time: 0.045807 major_cost: 0.028468 mutator_cost: 0.925725 throughput_goal: 0.990000
[28.919s][debug  ][gc,ergo        ] GC(102) Live_space: 923752384 free_space: 1744306176
[28.919s][debug  ][gc,ergo        ] GC(102) Old eden_size: 201326592 desired_eden_size: 201326592
[28.919s][debug  ][gc,ergo        ] GC(102) AdaptiveSizeStop: collection: 103 
[28.919s][info   ][gc,heap        ] GC(102) PSYoungGen: 188172K(229376K)->30720K(229376K) Eden: 188172K(196608K)->0K(196608K) From: 0K(32768K)->30720K(32768K)
[28.919s][info   ][gc,heap        ] GC(102) ParOldGen: 400995K(2161664K)->554595K(2161664K)
[28.919s][info   ][gc,metaspace   ] GC(102) Metaspace: 1021K(1216K)->1021K(1216K) NonClass: 937K(1024K)->937K(1024K) Class: 83K(192K)->83K(192K)
[28.919s][info   ][gc             ] GC(102) Pause Young (Allocation Failure) 575M->571M(2335M) 14.124ms
[28.919s][info   ][gc,cpu         ] GC(102) User=0.14s Sys=0.00s Real=0.01s
[28.919s][debug  ][gc,heap        ] GC(102) Heap after GC invocations=103 (full 14):
[28.919s][debug  ][gc,heap        ] GC(102)  PSYoungGen      total 229376K, used 30720K [0x00000007f0000000, 0x0000000800000000, 0x0000000800000000)
[28.919s][debug  ][gc,heap        ] GC(102)   eden space 196608K, 0% used [0x00000007f0000000,0x00000007f0000000,0x00000007fc000000)
[28.919s][debug  ][gc,heap        ] GC(102)   from space 32768K, 93% used [0x00000007fc000000,0x00000007fde00030,0x00000007fe000000)
[28.919s][debug  ][gc,heap        ] GC(102)   to   space 32768K, 0% used [0x00000007fe000000,0x00000007fe000000,0x0000000800000000)
[28.919s][debug  ][gc,heap        ] GC(102)  ParOldGen       total 2161664K, used 554595K [0x0000000740000000, 0x00000007c3f00000, 0x00000007f0000000)
[28.919s][debug  ][gc,heap        ] GC(102)   object space 2161664K, 25% used [0x0000000740000000,0x0000000761d98f58,0x00000007c3f00000)
[28.919s][debug  ][gc,heap        ] GC(102)  Metaspace       used 1021K, committed 1216K, reserved 1056768K
[28.919s][debug  ][gc,heap        ] GC(102)   class space    used 83K, committed 192K, reserved 1048576K
[28.919s][debug  ][gc,task,time   ] GC(102) VM-Thread 289046873 289174738 289194042
[29.207s][debug  ][gc,heap        ] GC(103) Heap before GC invocations=104 (full 14):
[29.207s][debug  ][gc,heap        ] GC(103)  PSYoungGen      total 229376K, used 218817K [0x00000007f0000000, 0x0000000800000000, 0x0000000800000000)
[29.207s][debug  ][gc,heap        ] GC(103)   eden space 196608K, 95% used [0x00000007f0000000,0x00000007fb7b0588,0x00000007fc000000)
[29.207s][debug  ][gc,heap        ] GC(103)   from space 32768K, 93% used [0x00000007fc000000,0x00000007fde00030,0x00000007fe000000)
[29.208s][debug  ][gc,heap        ] GC(103)   to   space 32768K, 0% used [0x00000007fe000000,0x00000007fe000000,0x0000000800000000)
[29.208s][debug  ][gc,heap        ] GC(103)  ParOldGen       total 2161664K, used 554595K [0x0000000740000000, 0x00000007c3f00000, 0x00000007f0000000)
[29.208s][debug  ][gc,heap        ] GC(103)   object space 2161664K, 25% used [0x0000000740000000,0x0000000761d98f58,0x00000007c3f00000)
[29.208s][debug  ][gc,heap        ] GC(103)  Metaspace       used 1021K, committed 1216K, reserved 1056768K
[29.208s][debug  ][gc,heap        ] GC(103)   class space    used 83K, committed 192K, reserved 1048576K
[29.208s][debug  ][gc,tlab        ] GC(103) TLAB totals: thrds: 1  refills: 1 max: 1 slow allocs: 17 max 17 waste: 26.9% gc: 3867752B max: 3867752B slow: 0B max: 0B
[29.208s][info   ][gc,start       ] GC(103) Pause Young (Allocation Failure)
[29.208s][debug  ][gc,phases,start] GC(103) Scavenge
[29.222s][debug  ][gc,phases      ] GC(103) Scavenge 14.128ms
[29.222s][debug  ][gc,phases,start] GC(103) Reference Processing
[29.222s][debug  ][gc,ref         ] GC(103) Skipped phase 1 of Reference Processing: no references
[29.222s][debug  ][gc,ref         ] GC(103) Skipped phase 2 of Reference Processing: no references
[29.222s][debug  ][gc,ref         ] GC(103) Skipped phase 3 of Reference Processing: no references
[29.222s][debug  ][gc,ref         ] GC(103) Skipped phase 4 of Reference Processing: no references
[29.222s][debug  ][gc,phases,ref  ] GC(103) Reference Processing: 0.1ms
[29.222s][debug  ][gc,phases,ref  ] GC(103)   Reconsider SoftReferences: 0.0ms
[29.222s][debug  ][gc,phases,ref  ] GC(103)     SoftRef (ms):                  skipped
[29.222s][debug  ][gc,phases,ref  ] GC(103)   Notify Soft/WeakReferences: 0.0ms
[29.222s][debug  ][gc,phases,ref  ] GC(103)     SoftRef (ms):                  skipped
[29.222s][debug  ][gc,phases,ref  ] GC(103)     WeakRef (ms):                  skipped
[29.222s][debug  ][gc,phases,ref  ] GC(103)     FinalRef (ms):                 skipped
[29.222s][debug  ][gc,phases,ref  ] GC(103)     Total (ms):                    skipped
[29.222s][debug  ][gc,phases,ref  ] GC(103)   Notify and keep alive finalizable: 0.0ms
[29.222s][debug  ][gc,phases,ref  ] GC(103)     FinalRef (ms):                 skipped
[29.222s][debug  ][gc,phases,ref  ] GC(103)   Notify PhantomReferences: 0.0ms
[29.222s][debug  ][gc,phases,ref  ] GC(103)     PhantomRef (ms):               skipped
[29.222s][debug  ][gc,phases,ref  ] GC(103)   SoftReference:
[29.222s][debug  ][gc,phases,ref  ] GC(103)     Discovered: 0
[29.222s][debug  ][gc,phases,ref  ] GC(103)     Cleared: 0
[29.222s][debug  ][gc,phases,ref  ] GC(103)   WeakReference:
[29.222s][debug  ][gc,phases,ref  ] GC(103)     Discovered: 0
[29.222s][debug  ][gc,phases,ref  ] GC(103)     Cleared: 0
[29.222s][debug  ][gc,phases,ref  ] GC(103)   FinalReference:
[29.222s][debug  ][gc,phases,ref  ] GC(103)     Discovered: 0
[29.222s][debug  ][gc,phases,ref  ] GC(103)     Cleared: 0
[29.222s][debug  ][gc,phases,ref  ] GC(103)   PhantomReference:
[29.223s][debug  ][gc,phases,ref  ] GC(103)     Discovered: 0
[29.223s][debug  ][gc,phases,ref  ] GC(103)     Cleared: 0
[29.223s][debug  ][gc,phases      ] GC(103) Reference Processing 0.612ms
[29.223s][debug  ][gc,phases,start] GC(103) Weak Processing
[29.223s][debug  ][gc,phases      ] GC(103)   VM Weak                        Min:  0.0, Avg:  0.0, Max:  0.0, Diff:  0.0, Sum:  0.0, Workers: 6
[29.223s][debug  ][gc,phases      ] GC(103)     Dead                           Min: 0, Avg:  0.0, Max: 0, Diff: 0, Sum: 0, Workers: 6
[29.223s][debug  ][gc,phases      ] GC(103)     Total                          Min: 0, Avg:  1.3, Max: 8, Diff: 8, Sum: 8, Workers: 6
[29.223s][debug  ][gc,phases      ] GC(103)   ObjectSynchronizer Weak        Min:  0.0, Avg:  0.0, Max:  0.0, Diff:  0.0, Sum:  0.0, Workers: 6
[29.223s][debug  ][gc,phases      ] GC(103)     Dead                           Min: 0, Avg:  0.0, Max: 0, Diff: 0, Sum: 0, Workers: 6
[29.223s][debug  ][gc,phases      ] GC(103)     Total                          Min: 0, Avg:  0.5, Max: 3, Diff: 3, Sum: 3, Workers: 6
[29.223s][debug  ][gc,phases      ] GC(103)   JVMTI Tag Weak OopStorage      Min:  0.0, Avg:  0.0, Max:  0.0, Diff:  0.0, Sum:  0.0, Workers: 6
[29.223s][debug  ][gc,phases      ] GC(103)     Dead                           Min: 0, Avg:  0.0, Max: 0, Diff: 0, Sum: 0, Workers: 6
[29.223s][debug  ][gc,phases      ] GC(103)     Total                          Min: 0, Avg:  0.0, Max: 0, Diff: 0, Sum: 0, Workers: 6
[29.223s][debug  ][gc,phases      ] GC(103)   StringTable Weak               Min:  0.0, Avg:  0.0, Max:  0.0, Diff:  0.0, Sum:  0.0, Workers: 6
[29.223s][debug  ][gc,phases      ] GC(103)     Dead                           Min: 0, Avg:  0.0, Max: 0, Diff: 0, Sum: 0, Workers: 6
[29.223s][debug  ][gc,phases      ] GC(103)     Total                          Min: 703, Avg: 892.5, Max: 1088, Diff: 385, Sum: 5355, Workers: 6
[29.223s][debug  ][gc,phases      ] GC(103)   ResolvedMethodTable Weak       Min:  0.0, Avg:  0.0, Max:  0.0, Diff:  0.0, Sum:  0.0, Workers: 6
[29.223s][debug  ][gc,phases      ] GC(103)     Dead                           Min: 0, Avg:  0.0, Max: 0, Diff: 0, Sum: 0, Workers: 6
[29.223s][debug  ][gc,phases      ] GC(103)     Total                          Min: 0, Avg: 21.7, Max: 64, Diff: 64, Sum: 130, Workers: 6
[29.223s][debug  ][gc,phases      ] GC(103)   JNI Weak                       Min:  0.0, Avg:  0.0, Max:  0.0, Diff:  0.0, Sum:  0.0, Workers: 6
[29.223s][debug  ][gc,phases      ] GC(103)     Dead                           Min: 0, Avg:  0.0, Max: 0, Diff: 0, Sum: 0, Workers: 6
[29.223s][debug  ][gc,phases      ] GC(103)     Total                          Min: 0, Avg:  0.0, Max: 0, Diff: 0, Sum: 0, Workers: 6
[29.223s][debug  ][gc,phases      ] GC(103)   StringDedup Table Weak         Min:  0.0, Avg:  0.0, Max:  0.0, Diff:  0.0, Sum:  0.0, Workers: 6
[29.223s][debug  ][gc,phases      ] GC(103)     Dead                           Min: 0, Avg:  0.0, Max: 0, Diff: 0, Sum: 0, Workers: 6
[29.223s][debug  ][gc,phases      ] GC(103)     Total                          Min: 0, Avg:  0.0, Max: 0, Diff: 0, Sum: 0, Workers: 6
[29.223s][debug  ][gc,phases      ] GC(103)   StringDedup Requests0 Weak     Min:  0.0, Avg:  0.0, Max:  0.0, Diff:  0.0, Sum:  0.0, Workers: 6
[29.223s][debug  ][gc,phases      ] GC(103)     Dead                           Min: 0, Avg:  0.0, Max: 0, Diff: 0, Sum: 0, Workers: 6
[29.223s][debug  ][gc,phases      ] GC(103)     Total                          Min: 0, Avg:  0.0, Max: 0, Diff: 0, Sum: 0, Workers: 6
[29.223s][debug  ][gc,phases      ] GC(103)   StringDedup Requests1 Weak     Min:  0.0, Avg:  0.0, Max:  0.0, Diff:  0.0, Sum:  0.0, Workers: 6
[29.223s][debug  ][gc,phases      ] GC(103)     Dead                           Min: 0, Avg:  0.0, Max: 0, Diff: 0, Sum: 0, Workers: 6
[29.223s][debug  ][gc,phases      ] GC(103)     Total                          Min: 0, Avg:  0.0, Max: 0, Diff: 0, Sum: 0, Workers: 6
[29.223s][debug  ][gc,phases      ] GC(103)   Weak JFR Old Object Samples    Min:  0.0, Avg:  0.0, Max:  0.0, Diff:  0.0, Sum:  0.0, Workers: 6
[29.223s][debug  ][gc,phases      ] GC(103)     Dead                           Min: 0, Avg:  0.0, Max: 0, Diff: 0, Sum: 0, Workers: 6
[29.223s][debug  ][gc,phases      ] GC(103)     Total                          Min: 0, Avg:  0.0, Max: 0, Diff: 0, Sum: 0, Workers: 6
[29.223s][debug  ][gc,phases      ] GC(103) Weak Processing 0.682ms
[29.223s][debug  ][gc,ergo        ] GC(103) AdaptiveSizeStart:  collection: 104 
[29.223s][debug  ][gc,ergo        ] GC(103) avg_survived_padded_avg: 33457560.000000
[29.223s][debug  ][gc,ergo        ] GC(103) avg_promoted_padded_avg: 251867680.000000  avg_pretenured_padded_avg: 0.000000  tenuring_thresh: 1  target_size: 33554432
[29.223s][debug  ][gc,age         ] GC(103) Desired survivor size 33554432 bytes, new threshold 1 (max threshold 15)
[29.223s][debug  ][gc,ergo        ] GC(103) PSAdaptiveSizePolicy::compute_eden_space_size limits: desired_eden_size: 226492374 old_eden_size: 201326592 eden_limit: 201326592 cur_eden: 201326592 max_eden_size: 201326592 avg_young_live: 26957618
[29.223s][debug  ][gc,ergo        ] GC(103) PSAdaptiveSizePolicy::compute_eden_space_size: costs minor_time: 0.047119 major_cost: 0.028468 mutator_cost: 0.924413 throughput_goal: 0.990000
[29.223s][debug  ][gc,ergo        ] GC(103) Live_space: 924252352 free_space: 1744306176
[29.223s][debug  ][gc,ergo        ] GC(103) Old eden_size: 201326592 desired_eden_size: 201326592
[29.223s][debug  ][gc,ergo        ] GC(103) AdaptiveSizeStop: collection: 104 
[29.223s][info   ][gc,heap        ] GC(103) PSYoungGen: 218817K(229376K)->30720K(229376K) Eden: 188097K(196608K)->0K(196608K) From: 30720K(32768K)->30720K(32768K)
[29.224s][info   ][gc,heap        ] GC(103) ParOldGen: 554595K(2161664K)->738916K(2161664K)
[29.224s][info   ][gc,metaspace   ] GC(103) Metaspace: 1021K(1216K)->1021K(1216K) NonClass: 937K(1024K)->937K(1024K) Class: 83K(192K)->83K(192K)
[29.224s][info   ][gc             ] GC(103) Pause Young (Allocation Failure) 755M->751M(2335M) 15.918ms
[29.224s][info   ][gc,cpu         ] GC(103) User=0.00s Sys=0.02s Real=0.02s
[29.224s][debug  ][gc,heap        ] GC(103) Heap after GC invocations=104 (full 14):
[29.224s][debug  ][gc,heap        ] GC(103)  PSYoungGen      total 229376K, used 30720K [0x00000007f0000000, 0x0000000800000000, 0x0000000800000000)
[29.224s][debug  ][gc,heap        ] GC(103)   eden space 196608K, 0% used [0x00000007f0000000,0x00000007f0000000,0x00000007fc000000)
[29.224s][debug  ][gc,heap        ] GC(103)   from space 32768K, 93% used [0x00000007fe000000,0x00000007ffe00030,0x0000000800000000)
[29.224s][debug  ][gc,heap        ] GC(103)   to   space 32768K, 0% used [0x00000007fc000000,0x00000007fc000000,0x00000007fe000000)
[29.224s][debug  ][gc,heap        ] GC(103)  ParOldGen       total 2161664K, used 738916K [0x0000000740000000, 0x00000007c3f00000, 0x00000007f0000000)
[29.224s][debug  ][gc,heap        ] GC(103)   object space 2161664K, 34% used [0x0000000740000000,0x000000076d199078,0x00000007c3f00000)
[29.224s][debug  ][gc,heap        ] GC(103)  Metaspace       used 1021K, committed 1216K, reserved 1056768K
[29.224s][debug  ][gc,heap        ] GC(103)   class space    used 83K, committed 192K, reserved 1048576K
[29.224s][debug  ][gc,task,time   ] GC(103) VM-Thread 292073727 292219292 292238470
[29.508s][debug  ][gc,heap        ] GC(104) Heap before GC invocations=105 (full 14):
[29.508s][debug  ][gc,heap        ] GC(104)  PSYoungGen      total 229376K, used 218844K [0x00000007f0000000, 0x0000000800000000, 0x0000000800000000)
[29.508s][debug  ][gc,heap        ] GC(104)   eden space 196608K, 95% used [0x00000007f0000000,0x00000007fb7b7010,0x00000007fc000000)
[29.508s][debug  ][gc,heap        ] GC(104)   from space 32768K, 93% used [0x00000007fe000000,0x00000007ffe00030,0x0000000800000000)
[29.508s][debug  ][gc,heap        ] GC(104)   to   space 32768K, 0% used [0x00000007fc000000,0x00000007fc000000,0x00000007fe000000)
[29.508s][debug  ][gc,heap        ] GC(104)  ParOldGen       total 2161664K, used 738916K [0x0000000740000000, 0x00000007c3f00000, 0x00000007f0000000)
[29.508s][debug  ][gc,heap        ] GC(104)   object space 2161664K, 34% used [0x0000000740000000,0x000000076d199078,0x00000007c3f00000)
[29.508s][debug  ][gc,heap        ] GC(104)  Metaspace       used 1021K, committed 1216K, reserved 1056768K
[29.508s][debug  ][gc,heap        ] GC(104)   class space    used 83K, committed 192K, reserved 1048576K
[29.508s][debug  ][gc,tlab        ] GC(104) TLAB totals: thrds: 1  refills: 1 max: 1 slow allocs: 17 max 17 waste: 27.1% gc: 3895024B max: 3895024B slow: 0B max: 0B
[29.508s][info   ][gc,start       ] GC(104) Pause Young (Allocation Failure)
[29.508s][debug  ][gc,phases,start] GC(104) Scavenge
[29.523s][debug  ][gc,phases      ] GC(104) Scavenge 14.496ms
[29.523s][debug  ][gc,phases,start] GC(104) Reference Processing
[29.523s][debug  ][gc,ref         ] GC(104) Skipped phase 1 of Reference Processing: no references
[29.523s][debug  ][gc,ref         ] GC(104) Skipped phase 2 of Reference Processing: no references
[29.523s][debug  ][gc,ref         ] GC(104) Skipped phase 3 of Reference Processing: no references
[29.523s][debug  ][gc,ref         ] GC(104) Skipped phase 4 of Reference Processing: no references
[29.523s][debug  ][gc,phases,ref  ] GC(104) Reference Processing: 0.1ms
[29.523s][debug  ][gc,phases,ref  ] GC(104)   Reconsider SoftReferences: 0.0ms
[29.523s][debug  ][gc,phases,ref  ] GC(104)     SoftRef (ms):                  skipped
[29.523s][debug  ][gc,phases,ref  ] GC(104)   Notify Soft/WeakReferences: 0.0ms
[29.523s][debug  ][gc,phases,ref  ] GC(104)     SoftRef (ms):                  skipped
[29.523s][debug  ][gc,phases,ref  ] GC(104)     WeakRef (ms):                  skipped
[29.523s][debug  ][gc,phases,ref  ] GC(104)     FinalRef (ms):                 skipped
[29.523s][debug  ][gc,phases,ref  ] GC(104)     Total (ms):                    skipped
[29.523s][debug  ][gc,phases,ref  ] GC(104)   Notify and keep alive finalizable: 0.0ms
[29.523s][debug  ][gc,phases,ref  ] GC(104)     FinalRef (ms):                 skipped
[29.523s][debug  ][gc,phases,ref  ] GC(104)   Notify PhantomReferences: 0.0ms
[29.523s][debug  ][gc,phases,ref  ] GC(104)     PhantomRef (ms):               skipped
[29.523s][debug  ][gc,phases,ref  ] GC(104)   SoftReference:
[29.523s][debug  ][gc,phases,ref  ] GC(104)     Discovered: 0
[29.523s][debug  ][gc,phases,ref  ] GC(104)     Cleared: 0
[29.523s][debug  ][gc,phases,ref  ] GC(104)   WeakReference:
[29.523s][debug  ][gc,phases,ref  ] GC(104)     Discovered: 0
[29.523s][debug  ][gc,phases,ref  ] GC(104)     Cleared: 0
[29.523s][debug  ][gc,phases,ref  ] GC(104)   FinalReference:
[29.523s][debug  ][gc,phases,ref  ] GC(104)     Discovered: 0
[29.523s][debug  ][gc,phases,ref  ] GC(104)     Cleared: 0
[29.523s][debug  ][gc,phases,ref  ] GC(104)   PhantomReference:
[29.524s][debug  ][gc,phases,ref  ] GC(104)     Discovered: 0
[29.524s][debug  ][gc,phases,ref  ] GC(104)     Cleared: 0
[29.524s][debug  ][gc,phases      ] GC(104) Reference Processing 0.578ms
[29.524s][debug  ][gc,phases,start] GC(104) Weak Processing
[29.524s][debug  ][gc,phases      ] GC(104)   VM Weak                        Min:  0.0, Avg:  0.0, Max:  0.0, Diff:  0.0, Sum:  0.0, Workers: 6
[29.524s][debug  ][gc,phases      ] GC(104)     Dead                           Min: 0, Avg:  0.0, Max: 0, Diff: 0, Sum: 0, Workers: 6
[29.524s][debug  ][gc,phases      ] GC(104)     Total                          Min: 0, Avg:  1.3, Max: 8, Diff: 8, Sum: 8, Workers: 6
[29.524s][debug  ][gc,phases      ] GC(104)   ObjectSynchronizer Weak        Min:  0.0, Avg:  0.0, Max:  0.0, Diff:  0.0, Sum:  0.0, Workers: 6
[29.524s][debug  ][gc,phases      ] GC(104)     Dead                           Min: 0, Avg:  0.0, Max: 0, Diff: 0, Sum: 0, Workers: 6
[29.524s][debug  ][gc,phases      ] GC(104)     Total                          Min: 0, Avg:  0.5, Max: 3, Diff: 3, Sum: 3, Workers: 6
[29.524s][debug  ][gc,phases      ] GC(104)   JVMTI Tag Weak OopStorage      Min:  0.0, Avg:  0.0, Max:  0.0, Diff:  0.0, Sum:  0.0, Workers: 6
[29.524s][debug  ][gc,phases      ] GC(104)     Dead                           Min: 0, Avg:  0.0, Max: 0, Diff: 0, Sum: 0, Workers: 6
[29.524s][debug  ][gc,phases      ] GC(104)     Total                          Min: 0, Avg:  0.0, Max: 0, Diff: 0, Sum: 0, Workers: 6
[29.524s][debug  ][gc,phases      ] GC(104)   StringTable Weak               Min:  0.0, Avg:  0.0, Max:  0.0, Diff:  0.0, Sum:  0.0, Workers: 6
[29.524s][debug  ][gc,phases      ] GC(104)     Dead                           Min: 0, Avg:  0.0, Max: 0, Diff: 0, Sum: 0, Workers: 6
[29.524s][debug  ][gc,phases      ] GC(104)     Total                          Min: 703, Avg: 892.5, Max: 1088, Diff: 385, Sum: 5355, Workers: 6
[29.524s][debug  ][gc,phases      ] GC(104)   ResolvedMethodTable Weak       Min:  0.0, Avg:  0.0, Max:  0.0, Diff:  0.0, Sum:  0.0, Workers: 6
[29.524s][debug  ][gc,phases      ] GC(104)     Dead                           Min: 0, Avg:  0.0, Max: 0, Diff: 0, Sum: 0, Workers: 6
[29.524s][debug  ][gc,phases      ] GC(104)     Total                          Min: 0, Avg: 21.7, Max: 64, Diff: 64, Sum: 130, Workers: 6
[29.524s][debug  ][gc,phases      ] GC(104)   JNI Weak                       Min:  0.0, Avg:  0.0, Max:  0.0, Diff:  0.0, Sum:  0.0, Workers: 6
[29.524s][debug  ][gc,phases      ] GC(104)     Dead                           Min: 0, Avg:  0.0, Max: 0, Diff: 0, Sum: 0, Workers: 6
[29.524s][debug  ][gc,phases      ] GC(104)     Total                          Min: 0, Avg:  0.0, Max: 0, Diff: 0, Sum: 0, Workers: 6
[29.524s][debug  ][gc,phases      ] GC(104)   StringDedup Table Weak         Min:  0.0, Avg:  0.0, Max:  0.0, Diff:  0.0, Sum:  0.0, Workers: 6
[29.524s][debug  ][gc,phases      ] GC(104)     Dead                           Min: 0, Avg:  0.0, Max: 0, Diff: 0, Sum: 0, Workers: 6
[29.524s][debug  ][gc,phases      ] GC(104)     Total                          Min: 0, Avg:  0.0, Max: 0, Diff: 0, Sum: 0, Workers: 6
[29.524s][debug  ][gc,phases      ] GC(104)   StringDedup Requests0 Weak     Min:  0.0, Avg:  0.0, Max:  0.0, Diff:  0.0, Sum:  0.0, Workers: 6
[29.524s][debug  ][gc,phases      ] GC(104)     Dead                           Min: 0, Avg:  0.0, Max: 0, Diff: 0, Sum: 0, Workers: 6
[29.524s][debug  ][gc,phases      ] GC(104)     Total                          Min: 0, Avg:  0.0, Max: 0, Diff: 0, Sum: 0, Workers: 6
[29.524s][debug  ][gc,phases      ] GC(104)   StringDedup Requests1 Weak     Min:  0.0, Avg:  0.0, Max:  0.0, Diff:  0.0, Sum:  0.0, Workers: 6
[29.524s][debug  ][gc,phases      ] GC(104)     Dead                           Min: 0, Avg:  0.0, Max: 0, Diff: 0, Sum: 0, Workers: 6
[29.524s][debug  ][gc,phases      ] GC(104)     Total                          Min: 0, Avg:  0.0, Max: 0, Diff: 0, Sum: 0, Workers: 6
[29.524s][debug  ][gc,phases      ] GC(104)   Weak JFR Old Object Samples    Min:  0.0, Avg:  0.0, Max:  0.0, Diff:  0.0, Sum:  0.0, Workers: 6
[29.524s][debug  ][gc,phases      ] GC(104)     Dead                           Min: 0, Avg:  0.0, Max: 0, Diff: 0, Sum: 0, Workers: 6
[29.524s][debug  ][gc,phases      ] GC(104)     Total                          Min: 0, Avg:  0.0, Max: 0, Diff: 0, Sum: 0, Workers: 6
[29.524s][debug  ][gc,phases      ] GC(104) Weak Processing 0.729ms
[29.524s][debug  ][gc,ergo        ] GC(104) AdaptiveSizeStart:  collection: 105 
[29.524s][debug  ][gc,ergo        ] GC(104) avg_survived_padded_avg: 33443232.000000
[29.524s][debug  ][gc,ergo        ] GC(104) avg_promoted_padded_avg: 251537680.000000  avg_pretenured_padded_avg: 0.000000  tenuring_thresh: 1  target_size: 33554432
[29.524s][debug  ][gc,age         ] GC(104) Desired survivor size 33554432 bytes, new threshold 1 (max threshold 15)
[29.524s][debug  ][gc,ergo        ] GC(104) PSAdaptiveSizePolicy::compute_eden_space_size limits: desired_eden_size: 226776473 old_eden_size: 201326592 eden_limit: 201326592 cur_eden: 201326592 max_eden_size: 201326592 avg_young_live: 27407590
[29.524s][debug  ][gc,ergo        ] GC(104) PSAdaptiveSizePolicy::compute_eden_space_size: costs minor_time: 0.048558 major_cost: 0.028468 mutator_cost: 0.922974 throughput_goal: 0.990000
[29.524s][debug  ][gc,ergo        ] GC(104) Live_space: 924702336 free_space: 1744306176
[29.524s][debug  ][gc,ergo        ] GC(104) Old eden_size: 201326592 desired_eden_size: 201326592
[29.524s][debug  ][gc,ergo        ] GC(104) AdaptiveSizeStop: collection: 105 
[29.525s][info   ][gc,heap        ] GC(104) PSYoungGen: 218844K(229376K)->30720K(229376K) Eden: 188124K(196608K)->0K(196608K) From: 30720K(32768K)->30720K(32768K)
[29.525s][info   ][gc,heap        ] GC(104) ParOldGen: 738916K(2161664K)->923236K(2161664K)
[29.525s][info   ][gc,metaspace   ] GC(104) Metaspace: 1021K(1216K)->1021K(1216K) NonClass: 937K(1024K)->937K(1024K) Class: 83K(192K)->83K(192K)
[29.525s][info   ][gc             ] GC(104) Pause Young (Allocation Failure) 935M->931M(2335M) 16.270ms
[29.525s][info   ][gc,cpu         ] GC(104) User=0.16s Sys=0.00s Real=0.02s
[29.525s][debug  ][gc,heap        ] GC(104) Heap after GC invocations=105 (full 14):
[29.525s][debug  ][gc,heap        ] GC(104)  PSYoungGen      total 229376K, used 30720K [0x00000007f0000000, 0x0000000800000000, 0x0000000800000000)
[29.525s][debug  ][gc,heap        ] GC(104)   eden space 196608K, 0% used [0x00000007f0000000,0x00000007f0000000,0x00000007fc000000)
[29.525s][debug  ][gc,heap        ] GC(104)   from space 32768K, 93% used [0x00000007fc000000,0x00000007fde00030,0x00000007fe000000)
[29.525s][debug  ][gc,heap        ] GC(104)   to   space 32768K, 0% used [0x00000007fe000000,0x00000007fe000000,0x0000000800000000)
[29.525s][debug  ][gc,heap        ] GC(104)  ParOldGen       total 2161664K, used 923236K [0x0000000740000000, 0x00000007c3f00000, 0x00000007f0000000)
[29.525s][debug  ][gc,heap        ] GC(104)   object space 2161664K, 42% used [0x0000000740000000,0x0000000778599198,0x00000007c3f00000)
[29.525s][debug  ][gc,heap        ] GC(104)  Metaspace       used 1021K, committed 1216K, reserved 1056768K
[29.525s][debug  ][gc,heap        ] GC(104)   class space    used 83K, committed 192K, reserved 1048576K
[29.525s][debug  ][gc,task,time   ] GC(104) VM-Thread 295078660 295229710 295248679
[29.810s][debug  ][gc,heap        ] GC(105) Heap before GC invocations=106 (full 14):
[29.810s][debug  ][gc,heap        ] GC(105)  PSYoungGen      total 229376K, used 218861K [0x00000007f0000000, 0x0000000800000000, 0x0000000800000000)
[29.810s][debug  ][gc,heap        ] GC(105)   eden space 196608K, 95% used [0x00000007f0000000,0x00000007fb7bb490,0x00000007fc000000)
[29.810s][debug  ][gc,heap        ] GC(105)   from space 32768K, 93% used [0x00000007fc000000,0x00000007fde00030,0x00000007fe000000)
[29.810s][debug  ][gc,heap        ] GC(105)   to   space 32768K, 0% used [0x00000007fe000000,0x00000007fe000000,0x0000000800000000)
[29.810s][debug  ][gc,heap        ] GC(105)  ParOldGen       total 2161664K, used 923236K [0x0000000740000000, 0x00000007c3f00000, 0x00000007f0000000)
[29.810s][debug  ][gc,heap        ] GC(105)   object space 2161664K, 42% used [0x0000000740000000,0x0000000778599198,0x00000007c3f00000)
[29.810s][debug  ][gc,heap        ] GC(105)  Metaspace       used 1022K, committed 1216K, reserved 1056768K
[29.810s][debug  ][gc,heap        ] GC(105)   class space    used 83K, committed 192K, reserved 1048576K
[29.810s][debug  ][gc,tlab        ] GC(105) TLAB totals: thrds: 1  refills: 1 max: 1 slow allocs: 17 max 17 waste: 27.2% gc: 3911496B max: 3911496B slow: 0B max: 0B
[29.810s][info   ][gc,start       ] GC(105) Pause Young (Allocation Failure)
[29.811s][debug  ][gc,phases,start] GC(105) Scavenge
[29.818s][debug  ][gc,phases      ] GC(105) Scavenge 7.734ms
[29.818s][debug  ][gc,phases,start] GC(105) Reference Processing
[29.818s][debug  ][gc,ref         ] GC(105) Skipped phase 1 of Reference Processing: no references
[29.818s][debug  ][gc,ref         ] GC(105) Skipped phase 2 of Reference Processing: no references
[29.818s][debug  ][gc,ref         ] GC(105) Skipped phase 3 of Reference Processing: no references
[29.818s][debug  ][gc,ref         ] GC(105) Skipped phase 4 of Reference Processing: no references
[29.818s][debug  ][gc,phases,ref  ] GC(105) Reference Processing: 0.1ms
[29.818s][debug  ][gc,phases,ref  ] GC(105)   Reconsider SoftReferences: 0.0ms
[29.819s][debug  ][gc,phases,ref  ] GC(105)     SoftRef (ms):                  skipped
[29.819s][debug  ][gc,phases,ref  ] GC(105)   Notify Soft/WeakReferences: 0.0ms
[29.819s][debug  ][gc,phases,ref  ] GC(105)     SoftRef (ms):                  skipped
[29.819s][debug  ][gc,phases,ref  ] GC(105)     WeakRef (ms):                  skipped
[29.819s][debug  ][gc,phases,ref  ] GC(105)     FinalRef (ms):                 skipped
[29.819s][debug  ][gc,phases,ref  ] GC(105)     Total (ms):                    skipped
[29.819s][debug  ][gc,phases,ref  ] GC(105)   Notify and keep alive finalizable: 0.0ms
[29.819s][debug  ][gc,phases,ref  ] GC(105)     FinalRef (ms):                 skipped
[29.819s][debug  ][gc,phases,ref  ] GC(105)   Notify PhantomReferences: 0.0ms
[29.819s][debug  ][gc,phases,ref  ] GC(105)     PhantomRef (ms):               skipped
[29.819s][debug  ][gc,phases,ref  ] GC(105)   SoftReference:
[29.819s][debug  ][gc,phases,ref  ] GC(105)     Discovered: 0
[29.819s][debug  ][gc,phases,ref  ] GC(105)     Cleared: 0
[29.819s][debug  ][gc,phases,ref  ] GC(105)   WeakReference:
[29.819s][debug  ][gc,phases,ref  ] GC(105)     Discovered: 0
[29.819s][debug  ][gc,phases,ref  ] GC(105)     Cleared: 0
[29.819s][debug  ][gc,phases,ref  ] GC(105)   FinalReference:
[29.819s][debug  ][gc,phases,ref  ] GC(105)     Discovered: 0
[29.819s][debug  ][gc,phases,ref  ] GC(105)     Cleared: 0
[29.819s][debug  ][gc,phases,ref  ] GC(105)   PhantomReference:
[29.819s][debug  ][gc,phases,ref  ] GC(105)     Discovered: 0
[29.819s][debug  ][gc,phases,ref  ] GC(105)     Cleared: 0
[29.819s][debug  ][gc,phases      ] GC(105) Reference Processing 0.696ms
[29.819s][debug  ][gc,phases,start] GC(105) Weak Processing
[29.819s][debug  ][gc,phases      ] GC(105)   VM Weak                        Min:  0.0, Avg:  0.0, Max:  0.0, Diff:  0.0, Sum:  0.0, Workers: 6
[29.819s][debug  ][gc,phases      ] GC(105)     Dead                           Min: 0, Avg:  0.0, Max: 0, Diff: 0, Sum: 0, Workers: 6
[29.819s][debug  ][gc,phases      ] GC(105)     Total                          Min: 0, Avg:  1.3, Max: 8, Diff: 8, Sum: 8, Workers: 6
[29.819s][debug  ][gc,phases      ] GC(105)   ObjectSynchronizer Weak        Min:  0.0, Avg:  0.0, Max:  0.0, Diff:  0.0, Sum:  0.0, Workers: 6
[29.819s][debug  ][gc,phases      ] GC(105)     Dead                           Min: 0, Avg:  0.0, Max: 0, Diff: 0, Sum: 0, Workers: 6
[29.819s][debug  ][gc,phases      ] GC(105)     Total                          Min: 0, Avg:  0.5, Max: 3, Diff: 3, Sum: 3, Workers: 6
[29.819s][debug  ][gc,phases      ] GC(105)   JVMTI Tag Weak OopStorage      Min:  0.0, Avg:  0.0, Max:  0.0, Diff:  0.0, Sum:  0.0, Workers: 6
[29.819s][debug  ][gc,phases      ] GC(105)     Dead                           Min: 0, Avg:  0.0, Max: 0, Diff: 0, Sum: 0, Workers: 6
[29.819s][debug  ][gc,phases      ] GC(105)     Total                          Min: 0, Avg:  0.0, Max: 0, Diff: 0, Sum: 0, Workers: 6
[29.819s][debug  ][gc,phases      ] GC(105)   StringTable Weak               Min:  0.0, Avg:  0.0, Max:  0.0, Diff:  0.0, Sum:  0.0, Workers: 6
[29.819s][debug  ][gc,phases      ] GC(105)     Dead                           Min: 0, Avg:  0.0, Max: 0, Diff: 0, Sum: 0, Workers: 6
[29.819s][debug  ][gc,phases      ] GC(105)     Total                          Min: 640, Avg: 892.5, Max: 1088, Diff: 448, Sum: 5355, Workers: 6
[29.819s][debug  ][gc,phases      ] GC(105)   ResolvedMethodTable Weak       Min:  0.0, Avg:  0.0, Max:  0.0, Diff:  0.0, Sum:  0.0, Workers: 6
[29.819s][debug  ][gc,phases      ] GC(105)     Dead                           Min: 0, Avg:  0.0, Max: 0, Diff: 0, Sum: 0, Workers: 6
[29.820s][debug  ][gc,phases      ] GC(105)     Total                          Min: 0, Avg: 21.7, Max: 64, Diff: 64, Sum: 130, Workers: 6
[29.820s][debug  ][gc,phases      ] GC(105)   JNI Weak                       Min:  0.0, Avg:  0.0, Max:  0.0, Diff:  0.0, Sum:  0.0, Workers: 6
[29.820s][debug  ][gc,phases      ] GC(105)     Dead                           Min: 0, Avg:  0.0, Max: 0, Diff: 0, Sum: 0, Workers: 6
[29.820s][debug  ][gc,phases      ] GC(105)     Total                          Min: 0, Avg:  0.0, Max: 0, Diff: 0, Sum: 0, Workers: 6
[29.820s][debug  ][gc,phases      ] GC(105)   StringDedup Table Weak         Min:  0.0, Avg:  0.0, Max:  0.0, Diff:  0.0, Sum:  0.0, Workers: 6
[29.820s][debug  ][gc,phases      ] GC(105)     Dead                           Min: 0, Avg:  0.0, Max: 0, Diff: 0, Sum: 0, Workers: 6
[29.820s][debug  ][gc,phases      ] GC(105)     Total                          Min: 0, Avg:  0.0, Max: 0, Diff: 0, Sum: 0, Workers: 6
[29.820s][debug  ][gc,phases      ] GC(105)   StringDedup Requests0 Weak     Min:  0.0, Avg:  0.0, Max:  0.0, Diff:  0.0, Sum:  0.0, Workers: 6
[29.820s][debug  ][gc,phases      ] GC(105)     Dead                           Min: 0, Avg:  0.0, Max: 0, Diff: 0, Sum: 0, Workers: 6
[29.820s][debug  ][gc,phases      ] GC(105)     Total                          Min: 0, Avg:  0.0, Max: 0, Diff: 0, Sum: 0, Workers: 6
[29.820s][debug  ][gc,phases      ] GC(105)   StringDedup Requests1 Weak     Min:  0.0, Avg:  0.0, Max:  0.0, Diff:  0.0, Sum:  0.0, Workers: 6
[29.820s][debug  ][gc,phases      ] GC(105)     Dead                           Min: 0, Avg:  0.0, Max: 0, Diff: 0, Sum: 0, Workers: 6
[29.820s][debug  ][gc,phases      ] GC(105)     Total                          Min: 0, Avg:  0.0, Max: 0, Diff: 0, Sum: 0, Workers: 6
[29.820s][debug  ][gc,phases      ] GC(105)   Weak JFR Old Object Samples    Min:  0.0, Avg:  0.0, Max:  0.0, Diff:  0.0, Sum:  0.0, Workers: 6
[29.820s][debug  ][gc,phases      ] GC(105)     Dead                           Min: 0, Avg:  0.0, Max: 0, Diff: 0, Sum: 0, Workers: 6
[29.820s][debug  ][gc,phases      ] GC(105)     Total                          Min: 0, Avg:  0.0, Max: 0, Diff: 0, Sum: 0, Workers: 6
[29.820s][debug  ][gc,phases      ] GC(105) Weak Processing 0.895ms
[29.820s][debug  ][gc,ergo        ] GC(105) AdaptiveSizeStart:  collection: 106 
[29.820s][debug  ][gc,ergo        ] GC(105) avg_survived_padded_avg: 33411768.000000
[29.820s][debug  ][gc,ergo        ] GC(105) avg_promoted_padded_avg: 257700000.000000  avg_pretenured_padded_avg: 0.000000  tenuring_thresh: 1  target_size: 33554432
[29.820s][debug  ][gc,age         ] GC(105) Desired survivor size 33554432 bytes, new threshold 1 (max threshold 15)
[29.820s][debug  ][gc,ergo        ] GC(105) PSAdaptiveSizePolicy::compute_eden_space_size limits: desired_eden_size: 225928875 old_eden_size: 201326592 eden_limit: 201326592 cur_eden: 201326592 max_eden_size: 201326592 avg_young_live: 27812564
[29.820s][debug  ][gc,ergo        ] GC(105) PSAdaptiveSizePolicy::compute_eden_space_size: costs minor_time: 0.044418 major_cost: 0.028468 mutator_cost: 0.927114 throughput_goal: 0.990000
[29.820s][debug  ][gc,ergo        ] GC(105) Live_space: 925107328 free_space: 1744306176
[29.820s][debug  ][gc,ergo        ] GC(105) Old eden_size: 201326592 desired_eden_size: 201326592
[29.820s][debug  ][gc,ergo        ] GC(105) AdaptiveSizeStop: collection: 106 
[29.820s][info   ][gc,heap        ] GC(105) PSYoungGen: 218861K(229376K)->30720K(229376K) Eden: 188141K(196608K)->0K(196608K) From: 30720K(32768K)->30720K(32768K)
[29.820s][info   ][gc,heap        ] GC(105) ParOldGen: 923236K(2161664K)->1005156K(2161664K)
[29.820s][info   ][gc,metaspace   ] GC(105) Metaspace: 1022K(1216K)->1022K(1216K) NonClass: 938K(1024K)->938K(1024K) Class: 83K(192K)->83K(192K)
[29.820s][info   ][gc             ] GC(105) Pause Young (Allocation Failure) 1115M->1011M(2335M) 9.954ms
[29.820s][info   ][gc,cpu         ] GC(105) User=0.12s Sys=0.00s Real=0.01s
[29.820s][debug  ][gc,heap        ] GC(105) Heap after GC invocations=106 (full 14):
[29.821s][debug  ][gc,heap        ] GC(105)  PSYoungGen      total 229376K, used 30720K [0x00000007f0000000, 0x0000000800000000, 0x0000000800000000)
[29.821s][debug  ][gc,heap        ] GC(105)   eden space 196608K, 0% used [0x00000007f0000000,0x00000007f0000000,0x00000007fc000000)
[29.821s][debug  ][gc,heap        ] GC(105)   from space 32768K, 93% used [0x00000007fe000000,0x00000007ffe00030,0x0000000800000000)
[29.821s][debug  ][gc,heap        ] GC(105)   to   space 32768K, 0% used [0x00000007fc000000,0x00000007fc000000,0x00000007fe000000)
[29.821s][debug  ][gc,heap        ] GC(105)  ParOldGen       total 2161664K, used 1005156K [0x0000000740000000, 0x00000007c3f00000, 0x00000007f0000000)
[29.821s][debug  ][gc,heap        ] GC(105)   object space 2161664K, 46% used [0x0000000740000000,0x000000077d599218,0x00000007c3f00000)
[29.821s][debug  ][gc,heap        ] GC(105)  Metaspace       used 1022K, committed 1216K, reserved 1056768K
[29.821s][debug  ][gc,heap        ] GC(105)   class space    used 83K, committed 192K, reserved 1048576K
[29.821s][debug  ][gc,task,time   ] GC(105) VM-Thread 298100148 298183305 298206647
[30.111s][debug  ][gc,heap        ] GC(106) Heap before GC invocations=107 (full 14):
[30.111s][debug  ][gc,heap        ] GC(106)  PSYoungGen      total 229376K, used 218872K [0x00000007f0000000, 0x0000000800000000, 0x0000000800000000)
[30.111s][debug  ][gc,heap        ] GC(106)   eden space 196608K, 95% used [0x00000007f0000000,0x00000007fb7be090,0x00000007fc000000)
[30.112s][debug  ][gc,heap        ] GC(106)   from space 32768K, 93% used [0x00000007fe000000,0x00000007ffe00030,0x0000000800000000)
[30.112s][debug  ][gc,heap        ] GC(106)   to   space 32768K, 0% used [0x00000007fc000000,0x00000007fc000000,0x00000007fe000000)
[30.112s][debug  ][gc,heap        ] GC(106)  ParOldGen       total 2161664K, used 1005156K [0x0000000740000000, 0x00000007c3f00000, 0x00000007f0000000)
[30.112s][debug  ][gc,heap        ] GC(106)   object space 2161664K, 46% used [0x0000000740000000,0x000000077d599218,0x00000007c3f00000)
[30.112s][debug  ][gc,heap        ] GC(106)  Metaspace       used 1022K, committed 1216K, reserved 1056768K
[30.112s][debug  ][gc,heap        ] GC(106)   class space    used 83K, committed 192K, reserved 1048576K
[30.112s][debug  ][gc,tlab        ] GC(106) TLAB totals: thrds: 1  refills: 1 max: 1 slow allocs: 17 max 17 waste: 27.2% gc: 3923824B max: 3923824B slow: 0B max: 0B
[30.112s][info   ][gc,start       ] GC(106) Pause Young (Allocation Failure)
[30.112s][debug  ][gc,phases,start] GC(106) Scavenge
[30.127s][debug  ][gc,phases      ] GC(106) Scavenge 14.942ms
[30.127s][debug  ][gc,phases,start] GC(106) Reference Processing
[30.127s][debug  ][gc,ref         ] GC(106) Skipped phase 1 of Reference Processing: no references
[30.127s][debug  ][gc,ref         ] GC(106) Skipped phase 2 of Reference Processing: no references
[30.127s][debug  ][gc,ref         ] GC(106) Skipped phase 3 of Reference Processing: no references
[30.127s][debug  ][gc,ref         ] GC(106) Skipped phase 4 of Reference Processing: no references
[30.127s][debug  ][gc,phases,ref  ] GC(106) Reference Processing: 0.1ms
[30.127s][debug  ][gc,phases,ref  ] GC(106)   Reconsider SoftReferences: 0.0ms
[30.127s][debug  ][gc,phases,ref  ] GC(106)     SoftRef (ms):                  skipped
[30.127s][debug  ][gc,phases,ref  ] GC(106)   Notify Soft/WeakReferences: 0.0ms
[30.127s][debug  ][gc,phases,ref  ] GC(106)     SoftRef (ms):                  skipped
[30.127s][debug  ][gc,phases,ref  ] GC(106)     WeakRef (ms):                  skipped
[30.127s][debug  ][gc,phases,ref  ] GC(106)     FinalRef (ms):                 skipped
[30.127s][debug  ][gc,phases,ref  ] GC(106)     Total (ms):                    skipped
[30.127s][debug  ][gc,phases,ref  ] GC(106)   Notify and keep alive finalizable: 0.0ms
[30.127s][debug  ][gc,phases,ref  ] GC(106)     FinalRef (ms):                 skipped
[30.127s][debug  ][gc,phases,ref  ] GC(106)   Notify PhantomReferences: 0.0ms
[30.128s][debug  ][gc,phases,ref  ] GC(106)     PhantomRef (ms):               skipped
[30.128s][debug  ][gc,phases,ref  ] GC(106)   SoftReference:
[30.128s][debug  ][gc,phases,ref  ] GC(106)     Discovered: 0
[30.128s][debug  ][gc,phases,ref  ] GC(106)     Cleared: 0
[30.128s][debug  ][gc,phases,ref  ] GC(106)   WeakReference:
[30.128s][debug  ][gc,phases,ref  ] GC(106)     Discovered: 0
[30.128s][debug  ][gc,phases,ref  ] GC(106)     Cleared: 0
[30.128s][debug  ][gc,phases,ref  ] GC(106)   FinalReference:
[30.128s][debug  ][gc,phases,ref  ] GC(106)     Discovered: 0
[30.128s][debug  ][gc,phases,ref  ] GC(106)     Cleared: 0
[30.128s][debug  ][gc,phases,ref  ] GC(106)   PhantomReference:
[30.128s][debug  ][gc,phases,ref  ] GC(106)     Discovered: 0
[30.128s][debug  ][gc,phases,ref  ] GC(106)     Cleared: 0
[30.128s][debug  ][gc,phases      ] GC(106) Reference Processing 0.854ms
[30.128s][debug  ][gc,phases,start] GC(106) Weak Processing
[30.128s][debug  ][gc,phases      ] GC(106)   VM Weak                        Min:  0.0, Avg:  0.0, Max:  0.0, Diff:  0.0, Sum:  0.0, Workers: 6
[30.128s][debug  ][gc,phases      ] GC(106)     Dead                           Min: 0, Avg:  0.0, Max: 0, Diff: 0, Sum: 0, Workers: 6
[30.128s][debug  ][gc,phases      ] GC(106)     Total                          Min: 0, Avg:  1.3, Max: 8, Diff: 8, Sum: 8, Workers: 6
[30.128s][debug  ][gc,phases      ] GC(106)   ObjectSynchronizer Weak        Min:  0.0, Avg:  0.0, Max:  0.0, Diff:  0.0, Sum:  0.0, Workers: 6
[30.128s][debug  ][gc,phases      ] GC(106)     Dead                           Min: 0, Avg:  0.0, Max: 0, Diff: 0, Sum: 0, Workers: 6
[30.128s][debug  ][gc,phases      ] GC(106)     Total                          Min: 0, Avg:  0.5, Max: 3, Diff: 3, Sum: 3, Workers: 6
[30.128s][debug  ][gc,phases      ] GC(106)   JVMTI Tag Weak OopStorage      Min:  0.0, Avg:  0.0, Max:  0.0, Diff:  0.0, Sum:  0.0, Workers: 6
[30.128s][debug  ][gc,phases      ] GC(106)     Dead                           Min: 0, Avg:  0.0, Max: 0, Diff: 0, Sum: 0, Workers: 6
[30.128s][debug  ][gc,phases      ] GC(106)     Total                          Min: 0, Avg:  0.0, Max: 0, Diff: 0, Sum: 0, Workers: 6
[30.128s][debug  ][gc,phases      ] GC(106)   StringTable Weak               Min:  0.0, Avg:  0.0, Max:  0.0, Diff:  0.0, Sum:  0.1, Workers: 6
[30.128s][debug  ][gc,phases      ] GC(106)     Dead                           Min: 0, Avg:  0.0, Max: 0, Diff: 0, Sum: 0, Workers: 6
[30.128s][debug  ][gc,phases      ] GC(106)     Total                          Min: 768, Avg: 892.5, Max: 1023, Diff: 255, Sum: 5355, Workers: 6
[30.128s][debug  ][gc,phases      ] GC(106)   ResolvedMethodTable Weak       Min:  0.0, Avg:  0.0, Max:  0.0, Diff:  0.0, Sum:  0.0, Workers: 6
[30.128s][debug  ][gc,phases      ] GC(106)     Dead                           Min: 0, Avg:  0.0, Max: 0, Diff: 0, Sum: 0, Workers: 6
[30.128s][debug  ][gc,phases      ] GC(106)     Total                          Min: 0, Avg: 21.7, Max: 64, Diff: 64, Sum: 130, Workers: 6
[30.128s][debug  ][gc,phases      ] GC(106)   JNI Weak                       Min:  0.0, Avg:  0.0, Max:  0.0, Diff:  0.0, Sum:  0.0, Workers: 6
[30.128s][debug  ][gc,phases      ] GC(106)     Dead                           Min: 0, Avg:  0.0, Max: 0, Diff: 0, Sum: 0, Workers: 6
[30.128s][debug  ][gc,phases      ] GC(106)     Total                          Min: 0, Avg:  0.0, Max: 0, Diff: 0, Sum: 0, Workers: 6
[30.128s][debug  ][gc,phases      ] GC(106)   StringDedup Table Weak         Min:  0.0, Avg:  0.0, Max:  0.0, Diff:  0.0, Sum:  0.0, Workers: 6
[30.129s][debug  ][gc,phases      ] GC(106)     Dead                           Min: 0, Avg:  0.0, Max: 0, Diff: 0, Sum: 0, Workers: 6
[30.129s][debug  ][gc,phases      ] GC(106)     Total                          Min: 0, Avg:  0.0, Max: 0, Diff: 0, Sum: 0, Workers: 6
[30.129s][debug  ][gc,phases      ] GC(106)   StringDedup Requests0 Weak     Min:  0.0, Avg:  0.0, Max:  0.0, Diff:  0.0, Sum:  0.0, Workers: 6
[30.129s][debug  ][gc,phases      ] GC(106)     Dead                           Min: 0, Avg:  0.0, Max: 0, Diff: 0, Sum: 0, Workers: 6
[30.129s][debug  ][gc,phases      ] GC(106)     Total                          Min: 0, Avg:  0.0, Max: 0, Diff: 0, Sum: 0, Workers: 6
[30.129s][debug  ][gc,phases      ] GC(106)   StringDedup Requests1 Weak     Min:  0.0, Avg:  0.0, Max:  0.0, Diff:  0.0, Sum:  0.0, Workers: 6
[30.129s][debug  ][gc,phases      ] GC(106)     Dead                           Min: 0, Avg:  0.0, Max: 0, Diff: 0, Sum: 0, Workers: 6
[30.129s][debug  ][gc,phases      ] GC(106)     Total                          Min: 0, Avg:  0.0, Max: 0, Diff: 0, Sum: 0, Workers: 6
[30.129s][debug  ][gc,phases      ] GC(106)   Weak JFR Old Object Samples    Min:  0.0, Avg:  0.0, Max:  0.0, Diff:  0.0, Sum:  0.0, Workers: 6
[30.129s][debug  ][gc,phases      ] GC(106)     Dead                           Min: 0, Avg:  0.0, Max: 0, Diff: 0, Sum: 0, Workers: 6
[30.129s][debug  ][gc,phases      ] GC(106)     Total                          Min: 0, Avg:  0.0, Max: 0, Diff: 0, Sum: 0, Workers: 6
[30.129s][debug  ][gc,phases      ] GC(106) Weak Processing 1.050ms
[30.129s][debug  ][gc,ergo        ] GC(106) AdaptiveSizeStart:  collection: 107 
[30.129s][debug  ][gc,ergo        ] GC(106) avg_survived_padded_avg: 33366736.000000
[30.129s][debug  ][gc,ergo        ] GC(106) avg_promoted_padded_avg: 258481280.000000  avg_pretenured_padded_avg: 0.000000  tenuring_thresh: 1  target_size: 33554432
[30.129s][debug  ][gc,age         ] GC(106) Desired survivor size 33554432 bytes, new threshold 1 (max threshold 15)
[30.129s][debug  ][gc,ergo        ] GC(106) PSAdaptiveSizePolicy::compute_eden_space_size limits: desired_eden_size: 226484006 old_eden_size: 201326592 eden_limit: 201326592 cur_eden: 201326592 max_eden_size: 201326592 avg_young_live: 28177040
[30.129s][debug  ][gc,ergo        ] GC(106) PSAdaptiveSizePolicy::compute_eden_space_size: costs minor_time: 0.047077 major_cost: 0.028468 mutator_cost: 0.924455 throughput_goal: 0.990000
[30.129s][debug  ][gc,ergo        ] GC(106) Live_space: 925471744 free_space: 1744306176
[30.129s][debug  ][gc,ergo        ] GC(106) Old eden_size: 201326592 desired_eden_size: 201326592
[30.129s][debug  ][gc,ergo        ] GC(106) AdaptiveSizeStop: collection: 107 
[30.129s][info   ][gc,heap        ] GC(106) PSYoungGen: 218872K(229376K)->30720K(229376K) Eden: 188152K(196608K)->0K(196608K) From: 30720K(32768K)->30720K(32768K)
[30.129s][info   ][gc,heap        ] GC(106) ParOldGen: 1005156K(2161664K)->1189476K(2161664K)
[30.129s][info   ][gc,metaspace   ] GC(106) Metaspace: 1022K(1216K)->1022K(1216K) NonClass: 938K(1024K)->938K(1024K) Class: 83K(192K)->83K(192K)
[30.129s][info   ][gc             ] GC(106) Pause Young (Allocation Failure) 1195M->1191M(2335M) 17.444ms
[30.129s][info   ][gc,cpu         ] GC(106) User=0.14s Sys=0.02s Real=0.02s
[30.129s][debug  ][gc,heap        ] GC(106) Heap after GC invocations=107 (full 14):
[30.129s][debug  ][gc,heap        ] GC(106)  PSYoungGen      total 229376K, used 30720K [0x00000007f0000000, 0x0000000800000000, 0x0000000800000000)
[30.129s][debug  ][gc,heap        ] GC(106)   eden space 196608K, 0% used [0x00000007f0000000,0x00000007f0000000,0x00000007fc000000)
[30.129s][debug  ][gc,heap        ] GC(106)   from space 32768K, 93% used [0x00000007fc000000,0x00000007fde00030,0x00000007fe000000)
[30.129s][debug  ][gc,heap        ] GC(106)   to   space 32768K, 0% used [0x00000007fe000000,0x00000007fe000000,0x0000000800000000)
[30.129s][debug  ][gc,heap        ] GC(106)  ParOldGen       total 2161664K, used 1189476K [0x0000000740000000, 0x00000007c3f00000, 0x00000007f0000000)
[30.130s][debug  ][gc,heap        ] GC(106)   object space 2161664K, 55% used [0x0000000740000000,0x0000000788999338,0x00000007c3f00000)
[30.130s][debug  ][gc,heap        ] GC(106)  Metaspace       used 1022K, committed 1216K, reserved 1056768K
[30.130s][debug  ][gc,heap        ] GC(106)   class space    used 83K, committed 192K, reserved 1048576K
[30.130s][debug  ][gc,task,time   ] GC(106) VM-Thread 301113710 301269534 301296468
[30.412s][debug  ][gc,heap        ] GC(107) Heap before GC invocations=108 (full 14):
[30.412s][debug  ][gc,heap        ] GC(107)  PSYoungGen      total 229376K, used 218879K [0x00000007f0000000, 0x0000000800000000, 0x0000000800000000)
[30.412s][debug  ][gc,heap        ] GC(107)   eden space 196608K, 95% used [0x00000007f0000000,0x00000007fb7bfce8,0x00000007fc000000)
[30.412s][debug  ][gc,heap        ] GC(107)   from space 32768K, 93% used [0x00000007fc000000,0x00000007fde00030,0x00000007fe000000)
[30.412s][debug  ][gc,heap        ] GC(107)   to   space 32768K, 0% used [0x00000007fe000000,0x00000007fe000000,0x0000000800000000)
[30.412s][debug  ][gc,heap        ] GC(107)  ParOldGen       total 2161664K, used 1189476K [0x0000000740000000, 0x00000007c3f00000, 0x00000007f0000000)
[30.412s][debug  ][gc,heap        ] GC(107)   object space 2161664K, 55% used [0x0000000740000000,0x0000000788999338,0x00000007c3f00000)
[30.412s][debug  ][gc,heap        ] GC(107)  Metaspace       used 1022K, committed 1216K, reserved 1056768K
[30.412s][debug  ][gc,heap        ] GC(107)   class space    used 83K, committed 192K, reserved 1048576K
[30.412s][debug  ][gc,tlab        ] GC(107) TLAB totals: thrds: 1  refills: 1 max: 1 slow allocs: 17 max 17 waste: 27.3% gc: 3931080B max: 3931080B slow: 0B max: 0B
[30.412s][info   ][gc,start       ] GC(107) Pause Young (Allocation Failure)
[30.412s][debug  ][gc,phases,start] GC(107) Scavenge
[30.427s][debug  ][gc,phases      ] GC(107) Scavenge 14.639ms
[30.427s][debug  ][gc,phases,start] GC(107) Reference Processing
[30.427s][debug  ][gc,ref         ] GC(107) Skipped phase 1 of Reference Processing: no references
[30.427s][debug  ][gc,ref         ] GC(107) Skipped phase 2 of Reference Processing: no references
[30.427s][debug  ][gc,ref         ] GC(107) Skipped phase 3 of Reference Processing: no references
[30.427s][debug  ][gc,ref         ] GC(107) Skipped phase 4 of Reference Processing: no references
[30.427s][debug  ][gc,phases,ref  ] GC(107) Reference Processing: 0.1ms
[30.427s][debug  ][gc,phases,ref  ] GC(107)   Reconsider SoftReferences: 0.0ms
[30.427s][debug  ][gc,phases,ref  ] GC(107)     SoftRef (ms):                  skipped
[30.427s][debug  ][gc,phases,ref  ] GC(107)   Notify Soft/WeakReferences: 0.0ms
[30.427s][debug  ][gc,phases,ref  ] GC(107)     SoftRef (ms):                  skipped
[30.428s][debug  ][gc,phases,ref  ] GC(107)     WeakRef (ms):                  skipped
[30.428s][debug  ][gc,phases,ref  ] GC(107)     FinalRef (ms):                 skipped
[30.428s][debug  ][gc,phases,ref  ] GC(107)     Total (ms):                    skipped
[30.428s][debug  ][gc,phases,ref  ] GC(107)   Notify and keep alive finalizable: 0.0ms
[30.428s][debug  ][gc,phases,ref  ] GC(107)     FinalRef (ms):                 skipped
[30.428s][debug  ][gc,phases,ref  ] GC(107)   Notify PhantomReferences: 0.0ms
[30.428s][debug  ][gc,phases,ref  ] GC(107)     PhantomRef (ms):               skipped
[30.428s][debug  ][gc,phases,ref  ] GC(107)   SoftReference:
[30.428s][debug  ][gc,phases,ref  ] GC(107)     Discovered: 0
[30.428s][debug  ][gc,phases,ref  ] GC(107)     Cleared: 0
[30.428s][debug  ][gc,phases,ref  ] GC(107)   WeakReference:
[30.428s][debug  ][gc,phases,ref  ] GC(107)     Discovered: 0
[30.428s][debug  ][gc,phases,ref  ] GC(107)     Cleared: 0
[30.428s][debug  ][gc,phases,ref  ] GC(107)   FinalReference:
[30.428s][debug  ][gc,phases,ref  ] GC(107)     Discovered: 0
[30.428s][debug  ][gc,phases,ref  ] GC(107)     Cleared: 0
[30.428s][debug  ][gc,phases,ref  ] GC(107)   PhantomReference:
[30.428s][debug  ][gc,phases,ref  ] GC(107)     Discovered: 0
[30.428s][debug  ][gc,phases,ref  ] GC(107)     Cleared: 0
[30.428s][debug  ][gc,phases      ] GC(107) Reference Processing 0.928ms
[30.428s][debug  ][gc,phases,start] GC(107) Weak Processing
[30.428s][debug  ][gc,phases      ] GC(107)   VM Weak                        Min:  0.0, Avg:  0.0, Max:  0.0, Diff:  0.0, Sum:  0.0, Workers: 6
[30.428s][debug  ][gc,phases      ] GC(107)     Dead                           Min: 0, Avg:  0.0, Max: 0, Diff: 0, Sum: 0, Workers: 6
[30.428s][debug  ][gc,phases      ] GC(107)     Total                          Min: 0, Avg:  1.3, Max: 8, Diff: 8, Sum: 8, Workers: 6
[30.428s][debug  ][gc,phases      ] GC(107)   ObjectSynchronizer Weak        Min:  0.0, Avg:  0.0, Max:  0.0, Diff:  0.0, Sum:  0.0, Workers: 6
[30.428s][debug  ][gc,phases      ] GC(107)     Dead                           Min: 0, Avg:  0.0, Max: 0, Diff: 0, Sum: 0, Workers: 6
[30.428s][debug  ][gc,phases      ] GC(107)     Total                          Min: 0, Avg:  0.5, Max: 3, Diff: 3, Sum: 3, Workers: 6
[30.428s][debug  ][gc,phases      ] GC(107)   JVMTI Tag Weak OopStorage      Min:  0.0, Avg:  0.0, Max:  0.0, Diff:  0.0, Sum:  0.0, Workers: 6
[30.429s][debug  ][gc,phases      ] GC(107)     Dead                           Min: 0, Avg:  0.0, Max: 0, Diff: 0, Sum: 0, Workers: 6
[30.429s][debug  ][gc,phases      ] GC(107)     Total                          Min: 0, Avg:  0.0, Max: 0, Diff: 0, Sum: 0, Workers: 6
[30.429s][debug  ][gc,phases      ] GC(107)   StringTable Weak               Min:  0.0, Avg:  0.0, Max:  0.0, Diff:  0.0, Sum:  0.0, Workers: 6
[30.429s][debug  ][gc,phases      ] GC(107)     Dead                           Min: 0, Avg:  0.0, Max: 0, Diff: 0, Sum: 0, Workers: 6
[30.429s][debug  ][gc,phases      ] GC(107)     Total                          Min: 832, Avg: 892.5, Max: 960, Diff: 128, Sum: 5355, Workers: 6
[30.429s][debug  ][gc,phases      ] GC(107)   ResolvedMethodTable Weak       Min:  0.0, Avg:  0.0, Max:  0.0, Diff:  0.0, Sum:  0.0, Workers: 6
[30.429s][debug  ][gc,phases      ] GC(107)     Dead                           Min: 0, Avg:  0.0, Max: 0, Diff: 0, Sum: 0, Workers: 6
[30.429s][debug  ][gc,phases      ] GC(107)     Total                          Min: 0, Avg: 21.7, Max: 64, Diff: 64, Sum: 130, Workers: 6
[30.429s][debug  ][gc,phases      ] GC(107)   JNI Weak                       Min:  0.0, Avg:  0.0, Max:  0.0, Diff:  0.0, Sum:  0.0, Workers: 6
[30.429s][debug  ][gc,phases      ] GC(107)     Dead                           Min: 0, Avg:  0.0, Max: 0, Diff: 0, Sum: 0, Workers: 6
[30.429s][debug  ][gc,phases      ] GC(107)     Total                          Min: 0, Avg:  0.0, Max: 0, Diff: 0, Sum: 0, Workers: 6
[30.429s][debug  ][gc,phases      ] GC(107)   StringDedup Table Weak         Min:  0.0, Avg:  0.0, Max:  0.0, Diff:  0.0, Sum:  0.0, Workers: 6
[30.429s][debug  ][gc,phases      ] GC(107)     Dead                           Min: 0, Avg:  0.0, Max: 0, Diff: 0, Sum: 0, Workers: 6
[30.429s][debug  ][gc,phases      ] GC(107)     Total                          Min: 0, Avg:  0.0, Max: 0, Diff: 0, Sum: 0, Workers: 6
[30.429s][debug  ][gc,phases      ] GC(107)   StringDedup Requests0 Weak     Min:  0.0, Avg:  0.0, Max:  0.0, Diff:  0.0, Sum:  0.0, Workers: 6
[30.429s][debug  ][gc,phases      ] GC(107)     Dead                           Min: 0, Avg:  0.0, Max: 0, Diff: 0, Sum: 0, Workers: 6
[30.429s][debug  ][gc,phases      ] GC(107)     Total                          Min: 0, Avg:  0.0, Max: 0, Diff: 0, Sum: 0, Workers: 6
[30.429s][debug  ][gc,phases      ] GC(107)   StringDedup Requests1 Weak     Min:  0.0, Avg:  0.0, Max:  0.0, Diff:  0.0, Sum:  0.0, Workers: 6
[30.429s][debug  ][gc,phases      ] GC(107)     Dead                           Min: 0, Avg:  0.0, Max: 0, Diff: 0, Sum: 0, Workers: 6
[30.429s][debug  ][gc,phases      ] GC(107)     Total                          Min: 0, Avg:  0.0, Max: 0, Diff: 0, Sum: 0, Workers: 6
[30.429s][debug  ][gc,phases      ] GC(107)   Weak JFR Old Object Samples    Min:  0.0, Avg:  0.0, Max:  0.0, Diff:  0.0, Sum:  0.0, Workers: 6
[30.429s][debug  ][gc,phases      ] GC(107)     Dead                           Min: 0, Avg:  0.0, Max: 0, Diff: 0, Sum: 0, Workers: 6
[30.429s][debug  ][gc,phases      ] GC(107)     Total                          Min: 0, Avg:  0.0, Max: 0, Diff: 0, Sum: 0, Workers: 6
[30.429s][debug  ][gc,phases      ] GC(107) Weak Processing 1.086ms
[30.429s][debug  ][gc,ergo        ] GC(107) AdaptiveSizeStart:  collection: 108 
[30.429s][debug  ][gc,ergo        ] GC(107) avg_survived_padded_avg: 33311166.000000
[30.429s][debug  ][gc,ergo        ] GC(107) avg_promoted_padded_avg: 258416736.000000  avg_pretenured_padded_avg: 0.000000  tenuring_thresh: 1  target_size: 33554432
[30.429s][debug  ][gc,age         ] GC(107) Desired survivor size 33554432 bytes, new threshold 1 (max threshold 15)
[30.429s][debug  ][gc,ergo        ] GC(107) PSAdaptiveSizePolicy::compute_eden_space_size limits: desired_eden_size: 226918797 old_eden_size: 201326592 eden_limit: 201326592 cur_eden: 201326592 max_eden_size: 201326592 avg_young_live: 28505068
[30.429s][debug  ][gc,ergo        ] GC(107) PSAdaptiveSizePolicy::compute_eden_space_size: costs minor_time: 0.049300 major_cost: 0.028468 mutator_cost: 0.922232 throughput_goal: 0.990000
[30.429s][debug  ][gc,ergo        ] GC(107) Live_space: 925799808 free_space: 1744306176
[30.430s][debug  ][gc,ergo        ] GC(107) Old eden_size: 201326592 desired_eden_size: 201326592
[30.430s][debug  ][gc,ergo        ] GC(107) AdaptiveSizeStop: collection: 108 
[30.430s][info   ][gc,heap        ] GC(107) PSYoungGen: 218879K(229376K)->30720K(229376K) Eden: 188159K(196608K)->0K(196608K) From: 30720K(32768K)->30720K(32768K)
[30.430s][info   ][gc,heap        ] GC(107) ParOldGen: 1189476K(2161664K)->1373797K(2161664K)
[30.430s][info   ][gc,metaspace   ] GC(107) Metaspace: 1022K(1216K)->1022K(1216K) NonClass: 938K(1024K)->938K(1024K) Class: 83K(192K)->83K(192K)
[30.430s][info   ][gc             ] GC(107) Pause Young (Allocation Failure) 1375M->1371M(2335M) 17.234ms
[30.430s][info   ][gc,cpu         ] GC(107) User=0.09s Sys=0.00s Real=0.02s
[30.430s][debug  ][gc,heap        ] GC(107) Heap after GC invocations=108 (full 14):
[30.430s][debug  ][gc,heap        ] GC(107)  PSYoungGen      total 229376K, used 30720K [0x00000007f0000000, 0x0000000800000000, 0x0000000800000000)
[30.430s][debug  ][gc,heap        ] GC(107)   eden space 196608K, 0% used [0x00000007f0000000,0x00000007f0000000,0x00000007fc000000)
[30.430s][debug  ][gc,heap        ] GC(107)   from space 32768K, 93% used [0x00000007fe000000,0x00000007ffe00030,0x0000000800000000)
[30.430s][debug  ][gc,heap        ] GC(107)   to   space 32768K, 0% used [0x00000007fc000000,0x00000007fc000000,0x00000007fe000000)
[30.430s][debug  ][gc,heap        ] GC(107)  ParOldGen       total 2161664K, used 1373797K [0x0000000740000000, 0x00000007c3f00000, 0x00000007f0000000)
[30.430s][debug  ][gc,heap        ] GC(107)   object space 2161664K, 63% used [0x0000000740000000,0x0000000793d99458,0x00000007c3f00000)
[30.430s][debug  ][gc,heap        ] GC(107)  Metaspace       used 1022K, committed 1216K, reserved 1056768K
[30.430s][debug  ][gc,heap        ] GC(107)   class space    used 83K, committed 192K, reserved 1048576K
[30.430s][debug  ][gc,task,time   ] GC(107) VM-Thread 304119491 304272070 304299317
[30.714s][debug  ][gc,heap        ] GC(108) Heap before GC invocations=109 (full 14):
[30.714s][debug  ][gc,heap        ] GC(108)  PSYoungGen      total 229376K, used 218883K [0x00000007f0000000, 0x0000000800000000, 0x0000000800000000)
[30.714s][debug  ][gc,heap        ] GC(108)   eden space 196608K, 95% used [0x00000007f0000000,0x00000007fb7c0f18,0x00000007fc000000)
[30.714s][debug  ][gc,heap        ] GC(108)   from space 32768K, 93% used [0x00000007fe000000,0x00000007ffe00030,0x0000000800000000)
[30.714s][debug  ][gc,heap        ] GC(108)   to   space 32768K, 0% used [0x00000007fc000000,0x00000007fc000000,0x00000007fe000000)
[30.714s][debug  ][gc,heap        ] GC(108)  ParOldGen       total 2161664K, used 1373797K [0x0000000740000000, 0x00000007c3f00000, 0x00000007f0000000)
[30.714s][debug  ][gc,heap        ] GC(108)   object space 2161664K, 63% used [0x0000000740000000,0x0000000793d99458,0x00000007c3f00000)
[30.714s][debug  ][gc,heap        ] GC(108)  Metaspace       used 1022K, committed 1216K, reserved 1056768K
[30.715s][debug  ][gc,heap        ] GC(108)   class space    used 83K, committed 192K, reserved 1048576K
[30.715s][debug  ][gc,tlab        ] GC(108) TLAB totals: thrds: 1  refills: 1 max: 1 slow allocs: 17 max 17 waste: 27.3% gc: 3935736B max: 3935736B slow: 0B max: 0B
[30.715s][info   ][gc,start       ] GC(108) Pause Young (Allocation Failure)
[30.715s][debug  ][gc,phases,start] GC(108) Scavenge
[30.730s][debug  ][gc,phases      ] GC(108) Scavenge 15.117ms
[30.730s][debug  ][gc,phases,start] GC(108) Reference Processing
[30.730s][debug  ][gc,ref         ] GC(108) Skipped phase 1 of Reference Processing: no references
[30.730s][debug  ][gc,ref         ] GC(108) Skipped phase 2 of Reference Processing: no references
[30.730s][debug  ][gc,ref         ] GC(108) Skipped phase 3 of Reference Processing: no references
[30.730s][debug  ][gc,ref         ] GC(108) Skipped phase 4 of Reference Processing: no references
[30.730s][debug  ][gc,phases,ref  ] GC(108) Reference Processing: 0.1ms
[30.730s][debug  ][gc,phases,ref  ] GC(108)   Reconsider SoftReferences: 0.0ms
[30.730s][debug  ][gc,phases,ref  ] GC(108)     SoftRef (ms):                  skipped
[30.730s][debug  ][gc,phases,ref  ] GC(108)   Notify Soft/WeakReferences: 0.0ms
[30.730s][debug  ][gc,phases,ref  ] GC(108)     SoftRef (ms):                  skipped
[30.730s][debug  ][gc,phases,ref  ] GC(108)     WeakRef (ms):                  skipped
[30.730s][debug  ][gc,phases,ref  ] GC(108)     FinalRef (ms):                 skipped
[30.730s][debug  ][gc,phases,ref  ] GC(108)     Total (ms):                    skipped
[30.730s][debug  ][gc,phases,ref  ] GC(108)   Notify and keep alive finalizable: 0.0ms
[30.730s][debug  ][gc,phases,ref  ] GC(108)     FinalRef (ms):                 skipped
[30.730s][debug  ][gc,phases,ref  ] GC(108)   Notify PhantomReferences: 0.0ms
[30.730s][debug  ][gc,phases,ref  ] GC(108)     PhantomRef (ms):               skipped
[30.730s][debug  ][gc,phases,ref  ] GC(108)   SoftReference:
[30.730s][debug  ][gc,phases,ref  ] GC(108)     Discovered: 0
[30.730s][debug  ][gc,phases,ref  ] GC(108)     Cleared: 0
[30.730s][debug  ][gc,phases,ref  ] GC(108)   WeakReference:
[30.730s][debug  ][gc,phases,ref  ] GC(108)     Discovered: 0
[30.730s][debug  ][gc,phases,ref  ] GC(108)     Cleared: 0
[30.730s][debug  ][gc,phases,ref  ] GC(108)   FinalReference:
[30.730s][debug  ][gc,phases,ref  ] GC(108)     Discovered: 0
[30.730s][debug  ][gc,phases,ref  ] GC(108)     Cleared: 0
[30.730s][debug  ][gc,phases,ref  ] GC(108)   PhantomReference:
[30.730s][debug  ][gc,phases,ref  ] GC(108)     Discovered: 0
[30.730s][debug  ][gc,phases,ref  ] GC(108)     Cleared: 0
[30.730s][debug  ][gc,phases      ] GC(108) Reference Processing 0.577ms
[30.730s][debug  ][gc,phases,start] GC(108) Weak Processing
[30.731s][debug  ][gc,phases      ] GC(108)   VM Weak                        Min:  0.0, Avg:  0.0, Max:  0.0, Diff:  0.0, Sum:  0.0, Workers: 6
[30.731s][debug  ][gc,phases      ] GC(108)     Dead                           Min: 0, Avg:  0.0, Max: 0, Diff: 0, Sum: 0, Workers: 6
[30.731s][debug  ][gc,phases      ] GC(108)     Total                          Min: 0, Avg:  1.3, Max: 8, Diff: 8, Sum: 8, Workers: 6
[30.731s][debug  ][gc,phases      ] GC(108)   ObjectSynchronizer Weak        Min:  0.0, Avg:  0.0, Max:  0.0, Diff:  0.0, Sum:  0.0, Workers: 6
[30.731s][debug  ][gc,phases      ] GC(108)     Dead                           Min: 0, Avg:  0.0, Max: 0, Diff: 0, Sum: 0, Workers: 6
[30.731s][debug  ][gc,phases      ] GC(108)     Total                          Min: 0, Avg:  0.5, Max: 3, Diff: 3, Sum: 3, Workers: 6
[30.731s][debug  ][gc,phases      ] GC(108)   JVMTI Tag Weak OopStorage      Min:  0.0, Avg:  0.0, Max:  0.0, Diff:  0.0, Sum:  0.0, Workers: 6
[30.731s][debug  ][gc,phases      ] GC(108)     Dead                           Min: 0, Avg:  0.0, Max: 0, Diff: 0, Sum: 0, Workers: 6
[30.731s][debug  ][gc,phases      ] GC(108)     Total                          Min: 0, Avg:  0.0, Max: 0, Diff: 0, Sum: 0, Workers: 6
[30.731s][debug  ][gc,phases      ] GC(108)   StringTable Weak               Min:  0.0, Avg:  0.0, Max:  0.0, Diff:  0.0, Sum:  0.0, Workers: 6
[30.731s][debug  ][gc,phases      ] GC(108)     Dead                           Min: 0, Avg:  0.0, Max: 0, Diff: 0, Sum: 0, Workers: 6
[30.731s][debug  ][gc,phases      ] GC(108)     Total                          Min: 748, Avg: 892.5, Max: 1152, Diff: 404, Sum: 5355, Workers: 6
[30.731s][debug  ][gc,phases      ] GC(108)   ResolvedMethodTable Weak       Min:  0.0, Avg:  0.0, Max:  0.0, Diff:  0.0, Sum:  0.0, Workers: 6
[30.731s][debug  ][gc,phases      ] GC(108)     Dead                           Min: 0, Avg:  0.0, Max: 0, Diff: 0, Sum: 0, Workers: 6
[30.731s][debug  ][gc,phases      ] GC(108)     Total                          Min: 0, Avg: 21.7, Max: 64, Diff: 64, Sum: 130, Workers: 6
[30.731s][debug  ][gc,phases      ] GC(108)   JNI Weak                       Min:  0.0, Avg:  0.0, Max:  0.0, Diff:  0.0, Sum:  0.0, Workers: 6
[30.731s][debug  ][gc,phases      ] GC(108)     Dead                           Min: 0, Avg:  0.0, Max: 0, Diff: 0, Sum: 0, Workers: 6
[30.731s][debug  ][gc,phases      ] GC(108)     Total                          Min: 0, Avg:  0.0, Max: 0, Diff: 0, Sum: 0, Workers: 6
[30.731s][debug  ][gc,phases      ] GC(108)   StringDedup Table Weak         Min:  0.0, Avg:  0.0, Max:  0.0, Diff:  0.0, Sum:  0.0, Workers: 6
[30.731s][debug  ][gc,phases      ] GC(108)     Dead                           Min: 0, Avg:  0.0, Max: 0, Diff: 0, Sum: 0, Workers: 6
[30.731s][debug  ][gc,phases      ] GC(108)     Total                          Min: 0, Avg:  0.0, Max: 0, Diff: 0, Sum: 0, Workers: 6
[30.731s][debug  ][gc,phases      ] GC(108)   StringDedup Requests0 Weak     Min:  0.0, Avg:  0.0, Max:  0.0, Diff:  0.0, Sum:  0.0, Workers: 6
[30.731s][debug  ][gc,phases      ] GC(108)     Dead                           Min: 0, Avg:  0.0, Max: 0, Diff: 0, Sum: 0, Workers: 6
[30.731s][debug  ][gc,phases      ] GC(108)     Total                          Min: 0, Avg:  0.0, Max: 0, Diff: 0, Sum: 0, Workers: 6
[30.731s][debug  ][gc,phases      ] GC(108)   StringDedup Requests1 Weak     Min:  0.0, Avg:  0.0, Max:  0.0, Diff:  0.0, Sum:  0.0, Workers: 6
[30.731s][debug  ][gc,phases      ] GC(108)     Dead                           Min: 0, Avg:  0.0, Max: 0, Diff: 0, Sum: 0, Workers: 6
[30.731s][debug  ][gc,phases      ] GC(108)     Total                          Min: 0, Avg:  0.0, Max: 0, Diff: 0, Sum: 0, Workers: 6
[30.731s][debug  ][gc,phases      ] GC(108)   Weak JFR Old Object Samples    Min:  0.0, Avg:  0.0, Max:  0.0, Diff:  0.0, Sum:  0.0, Workers: 6
[30.731s][debug  ][gc,phases      ] GC(108)     Dead                           Min: 0, Avg:  0.0, Max: 0, Diff: 0, Sum: 0, Workers: 6
[30.731s][debug  ][gc,phases      ] GC(108)     Total                          Min: 0, Avg:  0.0, Max: 0, Diff: 0, Sum: 0, Workers: 6
[30.731s][debug  ][gc,phases      ] GC(108) Weak Processing 0.723ms
[30.731s][debug  ][gc,ergo        ] GC(108) AdaptiveSizeStart:  collection: 109 
[30.731s][debug  ][gc,ergo        ] GC(108) avg_survived_padded_avg: 33247618.000000
[30.731s][debug  ][gc,ergo        ] GC(108) avg_promoted_padded_avg: 257667712.000000  avg_pretenured_padded_avg: 0.000000  tenuring_thresh: 1  target_size: 33554432
[30.731s][debug  ][gc,age         ] GC(108) Desired survivor size 33554432 bytes, new threshold 1 (max threshold 15)
[30.731s][debug  ][gc,ergo        ] GC(108) PSAdaptiveSizePolicy::compute_eden_space_size limits: desired_eden_size: 227171821 old_eden_size: 201326592 eden_limit: 201326592 cur_eden: 201326592 max_eden_size: 201326592 avg_young_live: 28800294
[30.731s][debug  ][gc,ergo        ] GC(108) PSAdaptiveSizePolicy::compute_eden_space_size: costs minor_time: 0.050655 major_cost: 0.028468 mutator_cost: 0.920877 throughput_goal: 0.990000
[30.731s][debug  ][gc,ergo        ] GC(108) Live_space: 926094976 free_space: 1744306176
[30.731s][debug  ][gc,ergo        ] GC(108) Old eden_size: 201326592 desired_eden_size: 201326592
[30.731s][debug  ][gc,ergo        ] GC(108) AdaptiveSizeStop: collection: 109 
[30.731s][info   ][gc,heap        ] GC(108) PSYoungGen: 218883K(229376K)->30720K(229376K) Eden: 188163K(196608K)->0K(196608K) From: 30720K(32768K)->30720K(32768K)
[30.732s][info   ][gc,heap        ] GC(108) ParOldGen: 1373797K(2161664K)->1558117K(2161664K)
[30.732s][info   ][gc,metaspace   ] GC(108) Metaspace: 1022K(1216K)->1022K(1216K) NonClass: 938K(1024K)->938K(1024K) Class: 83K(192K)->83K(192K)
[30.732s][info   ][gc             ] GC(108) Pause Young (Allocation Failure) 1555M->1551M(2335M) 16.923ms
[30.732s][info   ][gc,cpu         ] GC(108) User=0.14s Sys=0.00s Real=0.02s
[30.732s][debug  ][gc,heap        ] GC(108) Heap after GC invocations=109 (full 14):
[30.732s][debug  ][gc,heap        ] GC(108)  PSYoungGen      total 229376K, used 30720K [0x00000007f0000000, 0x0000000800000000, 0x0000000800000000)
[30.732s][debug  ][gc,heap        ] GC(108)   eden space 196608K, 0% used [0x00000007f0000000,0x00000007f0000000,0x00000007fc000000)
[30.732s][debug  ][gc,heap        ] GC(108)   from space 32768K, 93% used [0x00000007fc000000,0x00000007fde00030,0x00000007fe000000)
[30.732s][debug  ][gc,heap        ] GC(108)   to   space 32768K, 0% used [0x00000007fe000000,0x00000007fe000000,0x0000000800000000)
[30.732s][debug  ][gc,heap        ] GC(108)  ParOldGen       total 2161664K, used 1558117K [0x0000000740000000, 0x00000007c3f00000, 0x00000007f0000000)
[30.732s][debug  ][gc,heap        ] GC(108)   object space 2161664K, 72% used [0x0000000740000000,0x000000079f199578,0x00000007c3f00000)
[30.732s][debug  ][gc,heap        ] GC(108)  Metaspace       used 1022K, committed 1216K, reserved 1056768K
[30.732s][debug  ][gc,heap        ] GC(108)   class space    used 83K, committed 192K, reserved 1048576K
[30.732s][debug  ][gc,task,time   ] GC(108) VM-Thread 307141279 307298925 307318248
[31.014s][debug  ][gc,heap        ] GC(109) Heap before GC invocations=110 (full 14):
[31.014s][debug  ][gc,heap        ] GC(109)  PSYoungGen      total 229376K, used 218886K [0x00000007f0000000, 0x0000000800000000, 0x0000000800000000)
[31.014s][debug  ][gc,heap        ] GC(109)   eden space 196608K, 95% used [0x00000007f0000000,0x00000007fb7c1ac8,0x00000007fc000000)
[31.014s][debug  ][gc,heap        ] GC(109)   from space 32768K, 93% used [0x00000007fc000000,0x00000007fde00030,0x00000007fe000000)
[31.014s][debug  ][gc,heap        ] GC(109)   to   space 32768K, 0% used [0x00000007fe000000,0x00000007fe000000,0x0000000800000000)
[31.015s][debug  ][gc,heap        ] GC(109)  ParOldGen       total 2161664K, used 1558117K [0x0000000740000000, 0x00000007c3f00000, 0x00000007f0000000)
[31.015s][debug  ][gc,heap        ] GC(109)   object space 2161664K, 72% used [0x0000000740000000,0x000000079f199578,0x00000007c3f00000)
[31.015s][debug  ][gc,heap        ] GC(109)  Metaspace       used 1022K, committed 1216K, reserved 1056768K
[31.015s][debug  ][gc,heap        ] GC(109)   class space    used 83K, committed 192K, reserved 1048576K
[31.015s][debug  ][gc,tlab        ] GC(109) TLAB totals: thrds: 1  refills: 1 max: 1 slow allocs: 17 max 17 waste: 27.3% gc: 3938728B max: 3938728B slow: 0B max: 0B
[31.015s][info   ][gc,start       ] GC(109) Pause Young (Allocation Failure)
[31.015s][debug  ][gc,phases,start] GC(109) Scavenge
[31.029s][debug  ][gc,phases      ] GC(109) Scavenge 14.612ms
[31.029s][debug  ][gc,phases,start] GC(109) Reference Processing
[31.029s][debug  ][gc,ref         ] GC(109) Skipped phase 1 of Reference Processing: no references
[31.030s][debug  ][gc,ref         ] GC(109) Skipped phase 2 of Reference Processing: no references
[31.030s][debug  ][gc,ref         ] GC(109) Skipped phase 3 of Reference Processing: no references
[31.030s][debug  ][gc,ref         ] GC(109) Skipped phase 4 of Reference Processing: no references
[31.030s][debug  ][gc,phases,ref  ] GC(109) Reference Processing: 0.1ms
[31.030s][debug  ][gc,phases,ref  ] GC(109)   Reconsider SoftReferences: 0.0ms
[31.030s][debug  ][gc,phases,ref  ] GC(109)     SoftRef (ms):                  skipped
[31.030s][debug  ][gc,phases,ref  ] GC(109)   Notify Soft/WeakReferences: 0.0ms
[31.030s][debug  ][gc,phases,ref  ] GC(109)     SoftRef (ms):                  skipped
[31.030s][debug  ][gc,phases,ref  ] GC(109)     WeakRef (ms):                  skipped
[31.030s][debug  ][gc,phases,ref  ] GC(109)     FinalRef (ms):                 skipped
[31.030s][debug  ][gc,phases,ref  ] GC(109)     Total (ms):                    skipped
[31.030s][debug  ][gc,phases,ref  ] GC(109)   Notify and keep alive finalizable: 0.0ms
[31.030s][debug  ][gc,phases,ref  ] GC(109)     FinalRef (ms):                 skipped
[31.030s][debug  ][gc,phases,ref  ] GC(109)   Notify PhantomReferences: 0.0ms
[31.030s][debug  ][gc,phases,ref  ] GC(109)     PhantomRef (ms):               skipped
[31.030s][debug  ][gc,phases,ref  ] GC(109)   SoftReference:
[31.030s][debug  ][gc,phases,ref  ] GC(109)     Discovered: 0
[31.030s][debug  ][gc,phases,ref  ] GC(109)     Cleared: 0
[31.030s][debug  ][gc,phases,ref  ] GC(109)   WeakReference:
[31.030s][debug  ][gc,phases,ref  ] GC(109)     Discovered: 0
[31.030s][debug  ][gc,phases,ref  ] GC(109)     Cleared: 0
[31.030s][debug  ][gc,phases,ref  ] GC(109)   FinalReference:
[31.030s][debug  ][gc,phases,ref  ] GC(109)     Discovered: 0
[31.030s][debug  ][gc,phases,ref  ] GC(109)     Cleared: 0
[31.030s][debug  ][gc,phases,ref  ] GC(109)   PhantomReference:
[31.030s][debug  ][gc,phases,ref  ] GC(109)     Discovered: 0
[31.030s][debug  ][gc,phases,ref  ] GC(109)     Cleared: 0
[31.030s][debug  ][gc,phases      ] GC(109) Reference Processing 0.839ms
[31.030s][debug  ][gc,phases,start] GC(109) Weak Processing
[31.030s][debug  ][gc,phases      ] GC(109)   VM Weak                        Min:  0.0, Avg:  0.0, Max:  0.0, Diff:  0.0, Sum:  0.0, Workers: 6
[31.030s][debug  ][gc,phases      ] GC(109)     Dead                           Min: 0, Avg:  0.0, Max: 0, Diff: 0, Sum: 0, Workers: 6
[31.030s][debug  ][gc,phases      ] GC(109)     Total                          Min: 0, Avg:  1.3, Max: 8, Diff: 8, Sum: 8, Workers: 6
[31.030s][debug  ][gc,phases      ] GC(109)   ObjectSynchronizer Weak        Min:  0.0, Avg:  0.0, Max:  0.0, Diff:  0.0, Sum:  0.0, Workers: 6
[31.030s][debug  ][gc,phases      ] GC(109)     Dead                           Min: 0, Avg:  0.0, Max: 0, Diff: 0, Sum: 0, Workers: 6
[31.030s][debug  ][gc,phases      ] GC(109)     Total                          Min: 0, Avg:  0.5, Max: 3, Diff: 3, Sum: 3, Workers: 6
[31.031s][debug  ][gc,phases      ] GC(109)   JVMTI Tag Weak OopStorage      Min:  0.0, Avg:  0.0, Max:  0.0, Diff:  0.0, Sum:  0.0, Workers: 6
[31.031s][debug  ][gc,phases      ] GC(109)     Dead                           Min: 0, Avg:  0.0, Max: 0, Diff: 0, Sum: 0, Workers: 6
[31.031s][debug  ][gc,phases      ] GC(109)     Total                          Min: 0, Avg:  0.0, Max: 0, Diff: 0, Sum: 0, Workers: 6
[31.031s][debug  ][gc,phases      ] GC(109)   StringTable Weak               Min:  0.0, Avg:  0.0, Max:  0.0, Diff:  0.0, Sum:  0.0, Workers: 6
[31.031s][debug  ][gc,phases      ] GC(109)     Dead                           Min: 0, Avg:  0.0, Max: 0, Diff: 0, Sum: 0, Workers: 6
[31.031s][debug  ][gc,phases      ] GC(109)     Total                          Min: 703, Avg: 892.5, Max: 1408, Diff: 705, Sum: 5355, Workers: 6
[31.031s][debug  ][gc,phases      ] GC(109)   ResolvedMethodTable Weak       Min:  0.0, Avg:  0.0, Max:  0.0, Diff:  0.0, Sum:  0.0, Workers: 6
[31.031s][debug  ][gc,phases      ] GC(109)     Dead                           Min: 0, Avg:  0.0, Max: 0, Diff: 0, Sum: 0, Workers: 6
[31.031s][debug  ][gc,phases      ] GC(109)     Total                          Min: 0, Avg: 21.7, Max: 64, Diff: 64, Sum: 130, Workers: 6
[31.031s][debug  ][gc,phases      ] GC(109)   JNI Weak                       Min:  0.0, Avg:  0.0, Max:  0.0, Diff:  0.0, Sum:  0.0, Workers: 6
[31.031s][debug  ][gc,phases      ] GC(109)     Dead                           Min: 0, Avg:  0.0, Max: 0, Diff: 0, Sum: 0, Workers: 6
[31.031s][debug  ][gc,phases      ] GC(109)     Total                          Min: 0, Avg:  0.0, Max: 0, Diff: 0, Sum: 0, Workers: 6
[31.031s][debug  ][gc,phases      ] GC(109)   StringDedup Table Weak         Min:  0.0, Avg:  0.0, Max:  0.0, Diff:  0.0, Sum:  0.0, Workers: 6
[31.031s][debug  ][gc,phases      ] GC(109)     Dead                           Min: 0, Avg:  0.0, Max: 0, Diff: 0, Sum: 0, Workers: 6
[31.031s][debug  ][gc,phases      ] GC(109)     Total                          Min: 0, Avg:  0.0, Max: 0, Diff: 0, Sum: 0, Workers: 6
[31.031s][debug  ][gc,phases      ] GC(109)   StringDedup Requests0 Weak     Min:  0.0, Avg:  0.0, Max:  0.0, Diff:  0.0, Sum:  0.0, Workers: 6
[31.031s][debug  ][gc,phases      ] GC(109)     Dead                           Min: 0, Avg:  0.0, Max: 0, Diff: 0, Sum: 0, Workers: 6
[31.031s][debug  ][gc,phases      ] GC(109)     Total                          Min: 0, Avg:  0.0, Max: 0, Diff: 0, Sum: 0, Workers: 6
[31.031s][debug  ][gc,phases      ] GC(109)   StringDedup Requests1 Weak     Min:  0.0, Avg:  0.0, Max:  0.0, Diff:  0.0, Sum:  0.0, Workers: 6
[31.031s][debug  ][gc,phases      ] GC(109)     Dead                           Min: 0, Avg:  0.0, Max: 0, Diff: 0, Sum: 0, Workers: 6
[31.031s][debug  ][gc,phases      ] GC(109)     Total                          Min: 0, Avg:  0.0, Max: 0, Diff: 0, Sum: 0, Workers: 6
[31.031s][debug  ][gc,phases      ] GC(109)   Weak JFR Old Object Samples    Min:  0.0, Avg:  0.0, Max:  0.0, Diff:  0.0, Sum:  0.0, Workers: 6
[31.031s][debug  ][gc,phases      ] GC(109)     Dead                           Min: 0, Avg:  0.0, Max: 0, Diff: 0, Sum: 0, Workers: 6
[31.031s][debug  ][gc,phases      ] GC(109)     Total                          Min: 0, Avg:  0.0, Max: 0, Diff: 0, Sum: 0, Workers: 6
[31.031s][debug  ][gc,phases      ] GC(109) Weak Processing 0.687ms
[31.031s][debug  ][gc,ergo        ] GC(109) AdaptiveSizeStart:  collection: 110 
[31.031s][debug  ][gc,ergo        ] GC(109) avg_survived_padded_avg: 33178242.000000
[31.031s][debug  ][gc,ergo        ] GC(109) avg_promoted_padded_avg: 256371776.000000  avg_pretenured_padded_avg: 0.000000  tenuring_thresh: 1  target_size: 33554432
[31.031s][debug  ][gc,age         ] GC(109) Desired survivor size 33554432 bytes, new threshold 1 (max threshold 15)
[31.031s][debug  ][gc,ergo        ] GC(109) PSAdaptiveSizePolicy::compute_eden_space_size limits: desired_eden_size: 227336991 old_eden_size: 201326592 eden_limit: 201326592 cur_eden: 201326592 max_eden_size: 201326592 avg_young_live: 29065996
[31.031s][debug  ][gc,ergo        ] GC(109) PSAdaptiveSizePolicy::compute_eden_space_size: costs minor_time: 0.051565 major_cost: 0.028468 mutator_cost: 0.919967 throughput_goal: 0.990000
[31.031s][debug  ][gc,ergo        ] GC(109) Live_space: 926360704 free_space: 1744306176
[31.031s][debug  ][gc,ergo        ] GC(109) Old eden_size: 201326592 desired_eden_size: 201326592
[31.031s][debug  ][gc,ergo        ] GC(109) AdaptiveSizeStop: collection: 110 
[31.031s][info   ][gc,heap        ] GC(109) PSYoungGen: 218886K(229376K)->30720K(229376K) Eden: 188166K(196608K)->0K(196608K) From: 30720K(32768K)->30720K(32768K)
[31.031s][info   ][gc,heap        ] GC(109) ParOldGen: 1558117K(2161664K)->1742437K(2161664K)
[31.031s][info   ][gc,metaspace   ] GC(109) Metaspace: 1022K(1216K)->1022K(1216K) NonClass: 938K(1024K)->938K(1024K) Class: 83K(192K)->83K(192K)
[31.031s][info   ][gc             ] GC(109) Pause Young (Allocation Failure) 1735M->1731M(2335M) 16.671ms
[31.031s][info   ][gc,cpu         ] GC(109) User=0.14s Sys=0.00s Real=0.02s
[31.031s][debug  ][gc,heap        ] GC(109) Heap after GC invocations=110 (full 14):
[31.031s][debug  ][gc,heap        ] GC(109)  PSYoungGen      total 229376K, used 30720K [0x00000007f0000000, 0x0000000800000000, 0x0000000800000000)
[31.031s][debug  ][gc,heap        ] GC(109)   eden space 196608K, 0% used [0x00000007f0000000,0x00000007f0000000,0x00000007fc000000)
[31.031s][debug  ][gc,heap        ] GC(109)   from space 32768K, 93% used [0x00000007fe000000,0x00000007ffe00030,0x0000000800000000)
[31.032s][debug  ][gc,heap        ] GC(109)   to   space 32768K, 0% used [0x00000007fc000000,0x00000007fc000000,0x00000007fe000000)
[31.032s][debug  ][gc,heap        ] GC(109)  ParOldGen       total 2161664K, used 1742437K [0x0000000740000000, 0x00000007c3f00000, 0x00000007f0000000)
[31.032s][debug  ][gc,heap        ] GC(109)   object space 2161664K, 80% used [0x0000000740000000,0x00000007aa599698,0x00000007c3f00000)
[31.032s][debug  ][gc,heap        ] GC(109)  Metaspace       used 1022K, committed 1216K, reserved 1056768K
[31.032s][debug  ][gc,heap        ] GC(109)   class space    used 83K, committed 192K, reserved 1048576K
[31.032s][debug  ][gc,task,time   ] GC(109) VM-Thread 310142596 310294572 310316225
[31.316s][debug  ][gc,heap        ] GC(110) Heap before GC invocations=111 (full 14):
[31.316s][debug  ][gc,heap        ] GC(110)  PSYoungGen      total 229376K, used 218888K [0x00000007f0000000, 0x0000000800000000, 0x0000000800000000)
[31.316s][debug  ][gc,heap        ] GC(110)   eden space 196608K, 95% used [0x00000007f0000000,0x00000007fb7c2248,0x00000007fc000000)
[31.316s][debug  ][gc,heap        ] GC(110)   from space 32768K, 93% used [0x00000007fe000000,0x00000007ffe00030,0x0000000800000000)
[31.317s][debug  ][gc,heap        ] GC(110)   to   space 32768K, 0% used [0x00000007fc000000,0x00000007fc000000,0x00000007fe000000)
[31.317s][debug  ][gc,heap        ] GC(110)  ParOldGen       total 2161664K, used 1742437K [0x0000000740000000, 0x00000007c3f00000, 0x00000007f0000000)
[31.317s][debug  ][gc,heap        ] GC(110)   object space 2161664K, 80% used [0x0000000740000000,0x00000007aa599698,0x00000007c3f00000)
[31.317s][debug  ][gc,heap        ] GC(110)  Metaspace       used 1022K, committed 1216K, reserved 1056768K
[31.317s][debug  ][gc,heap        ] GC(110)   class space    used 83K, committed 192K, reserved 1048576K
[31.317s][debug  ][gc,tlab        ] GC(110) TLAB totals: thrds: 1  refills: 1 max: 1 slow allocs: 17 max 17 waste: 27.3% gc: 3939584B max: 3939584B slow: 0B max: 0B
[31.317s][info   ][gc,start       ] GC(110) Pause Young (Allocation Failure)
[31.317s][debug  ][gc,phases,start] GC(110) Scavenge
[31.321s][debug  ][gc,phases      ] GC(110) Scavenge 4.294ms
[31.321s][debug  ][gc,phases,start] GC(110) Reference Processing
[31.321s][debug  ][gc,ref         ] GC(110) Skipped phase 1 of Reference Processing: no references
[31.321s][debug  ][gc,ref         ] GC(110) Skipped phase 2 of Reference Processing: no references
[31.321s][debug  ][gc,ref         ] GC(110) Skipped phase 3 of Reference Processing: no references
[31.321s][debug  ][gc,ref         ] GC(110) Skipped phase 4 of Reference Processing: no references
[31.321s][debug  ][gc,phases,ref  ] GC(110) Reference Processing: 0.1ms
[31.321s][debug  ][gc,phases,ref  ] GC(110)   Reconsider SoftReferences: 0.0ms
[31.321s][debug  ][gc,phases,ref  ] GC(110)     SoftRef (ms):                  skipped
[31.321s][debug  ][gc,phases,ref  ] GC(110)   Notify Soft/WeakReferences: 0.0ms
[31.321s][debug  ][gc,phases,ref  ] GC(110)     SoftRef (ms):                  skipped
[31.321s][debug  ][gc,phases,ref  ] GC(110)     WeakRef (ms):                  skipped
[31.321s][debug  ][gc,phases,ref  ] GC(110)     FinalRef (ms):                 skipped
[31.321s][debug  ][gc,phases,ref  ] GC(110)     Total (ms):                    skipped
[31.321s][debug  ][gc,phases,ref  ] GC(110)   Notify and keep alive finalizable: 0.0ms
[31.321s][debug  ][gc,phases,ref  ] GC(110)     FinalRef (ms):                 skipped
[31.322s][debug  ][gc,phases,ref  ] GC(110)   Notify PhantomReferences: 0.0ms
[31.322s][debug  ][gc,phases,ref  ] GC(110)     PhantomRef (ms):               skipped
[31.322s][debug  ][gc,phases,ref  ] GC(110)   SoftReference:
[31.322s][debug  ][gc,phases,ref  ] GC(110)     Discovered: 0
[31.322s][debug  ][gc,phases,ref  ] GC(110)     Cleared: 0
[31.322s][debug  ][gc,phases,ref  ] GC(110)   WeakReference:
[31.322s][debug  ][gc,phases,ref  ] GC(110)     Discovered: 0
[31.322s][debug  ][gc,phases,ref  ] GC(110)     Cleared: 0
[31.322s][debug  ][gc,phases,ref  ] GC(110)   FinalReference:
[31.322s][debug  ][gc,phases,ref  ] GC(110)     Discovered: 0
[31.322s][debug  ][gc,phases,ref  ] GC(110)     Cleared: 0
[31.322s][debug  ][gc,phases,ref  ] GC(110)   PhantomReference:
[31.322s][debug  ][gc,phases,ref  ] GC(110)     Discovered: 0
[31.322s][debug  ][gc,phases,ref  ] GC(110)     Cleared: 0
[31.322s][debug  ][gc,phases      ] GC(110) Reference Processing 0.714ms
[31.322s][debug  ][gc,phases,start] GC(110) Weak Processing
[31.322s][debug  ][gc,phases      ] GC(110)   VM Weak                        Min:  0.0, Avg:  0.0, Max:  0.0, Diff:  0.0, Sum:  0.0, Workers: 6
[31.322s][debug  ][gc,phases      ] GC(110)     Dead                           Min: 0, Avg:  0.0, Max: 0, Diff: 0, Sum: 0, Workers: 6
[31.322s][debug  ][gc,phases      ] GC(110)     Total                          Min: 0, Avg:  1.3, Max: 8, Diff: 8, Sum: 8, Workers: 6
[31.322s][debug  ][gc,phases      ] GC(110)   ObjectSynchronizer Weak        Min:  0.0, Avg:  0.0, Max:  0.0, Diff:  0.0, Sum:  0.0, Workers: 6
[31.322s][debug  ][gc,phases      ] GC(110)     Dead                           Min: 0, Avg:  0.0, Max: 0, Diff: 0, Sum: 0, Workers: 6
[31.322s][debug  ][gc,phases      ] GC(110)     Total                          Min: 0, Avg:  0.5, Max: 3, Diff: 3, Sum: 3, Workers: 6
[31.322s][debug  ][gc,phases      ] GC(110)   JVMTI Tag Weak OopStorage      Min:  0.0, Avg:  0.0, Max:  0.0, Diff:  0.0, Sum:  0.0, Workers: 6
[31.322s][debug  ][gc,phases      ] GC(110)     Dead                           Min: 0, Avg:  0.0, Max: 0, Diff: 0, Sum: 0, Workers: 6
[31.322s][debug  ][gc,phases      ] GC(110)     Total                          Min: 0, Avg:  0.0, Max: 0, Diff: 0, Sum: 0, Workers: 6
[31.322s][debug  ][gc,phases      ] GC(110)   StringTable Weak               Min:  0.0, Avg:  0.0, Max:  0.0, Diff:  0.0, Sum:  0.0, Workers: 6
[31.322s][debug  ][gc,phases      ] GC(110)     Dead                           Min: 0, Avg:  0.0, Max: 0, Diff: 0, Sum: 0, Workers: 6
[31.322s][debug  ][gc,phases      ] GC(110)     Total                          Min: 704, Avg: 892.5, Max: 1216, Diff: 512, Sum: 5355, Workers: 6
[31.322s][debug  ][gc,phases      ] GC(110)   ResolvedMethodTable Weak       Min:  0.0, Avg:  0.0, Max:  0.0, Diff:  0.0, Sum:  0.0, Workers: 6
[31.322s][debug  ][gc,phases      ] GC(110)     Dead                           Min: 0, Avg:  0.0, Max: 0, Diff: 0, Sum: 0, Workers: 6
[31.322s][debug  ][gc,phases      ] GC(110)     Total                          Min: 0, Avg: 21.7, Max: 64, Diff: 64, Sum: 130, Workers: 6
[31.322s][debug  ][gc,phases      ] GC(110)   JNI Weak                       Min:  0.0, Avg:  0.0, Max:  0.0, Diff:  0.0, Sum:  0.0, Workers: 6
[31.322s][debug  ][gc,phases      ] GC(110)     Dead                           Min: 0, Avg:  0.0, Max: 0, Diff: 0, Sum: 0, Workers: 6
[31.322s][debug  ][gc,phases      ] GC(110)     Total                          Min: 0, Avg:  0.0, Max: 0, Diff: 0, Sum: 0, Workers: 6
[31.322s][debug  ][gc,phases      ] GC(110)   StringDedup Table Weak         Min:  0.0, Avg:  0.0, Max:  0.0, Diff:  0.0, Sum:  0.0, Workers: 6
[31.322s][debug  ][gc,phases      ] GC(110)     Dead                           Min: 0, Avg:  0.0, Max: 0, Diff: 0, Sum: 0, Workers: 6
[31.322s][debug  ][gc,phases      ] GC(110)     Total                          Min: 0, Avg:  0.0, Max: 0, Diff: 0, Sum: 0, Workers: 6
[31.322s][debug  ][gc,phases      ] GC(110)   StringDedup Requests0 Weak     Min:  0.0, Avg:  0.0, Max:  0.0, Diff:  0.0, Sum:  0.0, Workers: 6
[31.322s][debug  ][gc,phases      ] GC(110)     Dead                           Min: 0, Avg:  0.0, Max: 0, Diff: 0, Sum: 0, Workers: 6
[31.322s][debug  ][gc,phases      ] GC(110)     Total                          Min: 0, Avg:  0.0, Max: 0, Diff: 0, Sum: 0, Workers: 6
[31.322s][debug  ][gc,phases      ] GC(110)   StringDedup Requests1 Weak     Min:  0.0, Avg:  0.0, Max:  0.0, Diff:  0.0, Sum:  0.0, Workers: 6
[31.323s][debug  ][gc,phases      ] GC(110)     Dead                           Min: 0, Avg:  0.0, Max: 0, Diff: 0, Sum: 0, Workers: 6
[31.323s][debug  ][gc,phases      ] GC(110)     Total                          Min: 0, Avg:  0.0, Max: 0, Diff: 0, Sum: 0, Workers: 6
[31.323s][debug  ][gc,phases      ] GC(110)   Weak JFR Old Object Samples    Min:  0.0, Avg:  0.0, Max:  0.0, Diff:  0.0, Sum:  0.0, Workers: 6
[31.323s][debug  ][gc,phases      ] GC(110)     Dead                           Min: 0, Avg:  0.0, Max: 0, Diff: 0, Sum: 0, Workers: 6
[31.323s][debug  ][gc,phases      ] GC(110)     Total                          Min: 0, Avg:  0.0, Max: 0, Diff: 0, Sum: 0, Workers: 6
[31.323s][debug  ][gc,phases      ] GC(110) Weak Processing 0.820ms
[31.323s][debug  ][gc,ergo        ] GC(110) AdaptiveSizeStart:  collection: 111 
[31.323s][debug  ][gc,ergo        ] GC(110) avg_survived_padded_avg: 36472624.000000
[31.323s][debug  ][gc,ergo        ] GC(110) avg_promoted_padded_avg: 239362880.000000  avg_pretenured_padded_avg: 0.000000  tenuring_thresh: 1  target_size: 36700160
[31.323s][debug  ][gc,age         ] GC(110) Desired survivor size 36700160 bytes, new threshold 1 (max threshold 15)
[31.323s][debug  ][gc,ergo        ] GC(110) PSAdaptiveSizePolicy::compute_eden_space_size limits: desired_eden_size: 225785315 old_eden_size: 201326592 eden_limit: 201326592 cur_eden: 201326592 max_eden_size: 201326592 avg_young_live: 27207974
[31.323s][debug  ][gc,ergo        ] GC(110) PSAdaptiveSizePolicy::compute_eden_space_size: costs minor_time: 0.043760 major_cost: 0.028468 mutator_cost: 0.927772 throughput_goal: 0.990000
[31.323s][debug  ][gc,ergo        ] GC(110) Live_space: 924502656 free_space: 1744306176
[31.323s][debug  ][gc,ergo        ] GC(110) Old eden_size: 201326592 desired_eden_size: 201326592
[31.323s][debug  ][gc,ergo        ] GC(110) AdaptiveSizeStop: collection: 111 
[31.323s][info   ][gc,heap        ] GC(110) PSYoungGen: 218888K(229376K)->10240K(207360K) Eden: 188168K(196608K)->0K(196608K) From: 30720K(32768K)->10240K(10752K)
[31.323s][info   ][gc,heap        ] GC(110) ParOldGen: 1742437K(2161664K)->1742437K(2161664K)
[31.323s][info   ][gc,metaspace   ] GC(110) Metaspace: 1022K(1216K)->1022K(1216K) NonClass: 938K(1024K)->938K(1024K) Class: 83K(192K)->83K(192K)
[31.323s][info   ][gc             ] GC(110) Pause Young (Allocation Failure) 1915M->1711M(2313M) 6.266ms
[31.323s][info   ][gc,cpu         ] GC(110) User=0.00s Sys=0.00s Real=0.01s
[31.323s][debug  ][gc,heap        ] GC(110) Heap after GC invocations=111 (full 14):
[31.323s][debug  ][gc,heap        ] GC(110)  PSYoungGen      total 207360K, used 10240K [0x00000007f0000000, 0x0000000800000000, 0x0000000800000000)
[31.323s][debug  ][gc,heap        ] GC(110)   eden space 196608K, 0% used [0x00000007f0000000,0x00000007f0000000,0x00000007fc000000)
[31.323s][debug  ][gc,heap        ] GC(110)   from space 10752K, 95% used [0x00000007fc000000,0x00000007fca00010,0x00000007fca80000)
[31.323s][debug  ][gc,heap        ] GC(110)   to   space 35840K, 0% used [0x00000007fdd00000,0x00000007fdd00000,0x0000000800000000)
[31.323s][debug  ][gc,heap        ] GC(110)  ParOldGen       total 2161664K, used 1742437K [0x0000000740000000, 0x00000007c3f00000, 0x00000007f0000000)
[31.323s][debug  ][gc,heap        ] GC(110)   object space 2161664K, 80% used [0x0000000740000000,0x00000007aa599698,0x00000007c3f00000)
[31.323s][debug  ][gc,heap        ] GC(110)  Metaspace       used 1022K, committed 1216K, reserved 1056768K
[31.323s][debug  ][gc,heap        ] GC(110)   class space    used 83K, committed 192K, reserved 1048576K
[31.323s][debug  ][gc,task,time   ] GC(110) VM-Thread 313163096 313210814 313231932
[31.617s][debug  ][gc,heap        ] GC(111) Heap before GC invocations=112 (full 14):
[31.617s][debug  ][gc,heap        ] GC(111)  PSYoungGen      total 207360K, used 198409K [0x00000007f0000000, 0x0000000800000000, 0x0000000800000000)
[31.617s][debug  ][gc,heap        ] GC(111)   eden space 196608K, 95% used [0x00000007f0000000,0x00000007fb7c2720,0x00000007fc000000)
[31.617s][debug  ][gc,heap        ] GC(111)   from space 10752K, 95% used [0x00000007fc000000,0x00000007fca00010,0x00000007fca80000)
[31.617s][debug  ][gc,heap        ] GC(111)   to   space 35840K, 0% used [0x00000007fdd00000,0x00000007fdd00000,0x0000000800000000)
[31.617s][debug  ][gc,heap        ] GC(111)  ParOldGen       total 2161664K, used 1742437K [0x0000000740000000, 0x00000007c3f00000, 0x00000007f0000000)
[31.617s][debug  ][gc,heap        ] GC(111)   object space 2161664K, 80% used [0x0000000740000000,0x00000007aa599698,0x00000007c3f00000)
[31.617s][debug  ][gc,heap        ] GC(111)  Metaspace       used 1022K, committed 1216K, reserved 1056768K
[31.617s][debug  ][gc,heap        ] GC(111)   class space    used 83K, committed 192K, reserved 1048576K
[31.617s][debug  ][gc,tlab        ] GC(111) TLAB totals: thrds: 1  refills: 1 max: 1 slow allocs: 17 max 17 waste: 27.3% gc: 3941888B max: 3941888B slow: 0B max: 0B
[31.617s][info   ][gc,start       ] GC(111) Pause Young (Allocation Failure)
[31.617s][debug  ][gc,phases,start] GC(111) Scavenge
[31.631s][debug  ][gc,phases      ] GC(111) Scavenge 13.664ms
[31.631s][debug  ][gc,phases,start] GC(111) Reference Processing
[31.631s][debug  ][gc,ref         ] GC(111) Skipped phase 1 of Reference Processing: no references
[31.631s][debug  ][gc,ref         ] GC(111) Skipped phase 2 of Reference Processing: no references
[31.631s][debug  ][gc,ref         ] GC(111) Skipped phase 3 of Reference Processing: no references
[31.631s][debug  ][gc,ref         ] GC(111) Skipped phase 4 of Reference Processing: no references
[31.631s][debug  ][gc,phases,ref  ] GC(111) Reference Processing: 0.1ms
[31.631s][debug  ][gc,phases,ref  ] GC(111)   Reconsider SoftReferences: 0.0ms
[31.631s][debug  ][gc,phases,ref  ] GC(111)     SoftRef (ms):                  skipped
[31.631s][debug  ][gc,phases,ref  ] GC(111)   Notify Soft/WeakReferences: 0.0ms
[31.631s][debug  ][gc,phases,ref  ] GC(111)     SoftRef (ms):                  skipped
[31.631s][debug  ][gc,phases,ref  ] GC(111)     WeakRef (ms):                  skipped
[31.631s][debug  ][gc,phases,ref  ] GC(111)     FinalRef (ms):                 skipped
[31.631s][debug  ][gc,phases,ref  ] GC(111)     Total (ms):                    skipped
[31.631s][debug  ][gc,phases,ref  ] GC(111)   Notify and keep alive finalizable: 0.0ms
[31.631s][debug  ][gc,phases,ref  ] GC(111)     FinalRef (ms):                 skipped
[31.631s][debug  ][gc,phases,ref  ] GC(111)   Notify PhantomReferences: 0.0ms
[31.631s][debug  ][gc,phases,ref  ] GC(111)     PhantomRef (ms):               skipped
[31.631s][debug  ][gc,phases,ref  ] GC(111)   SoftReference:
[31.632s][debug  ][gc,phases,ref  ] GC(111)     Discovered: 0
[31.632s][debug  ][gc,phases,ref  ] GC(111)     Cleared: 0
[31.632s][debug  ][gc,phases,ref  ] GC(111)   WeakReference:
[31.632s][debug  ][gc,phases,ref  ] GC(111)     Discovered: 0
[31.632s][debug  ][gc,phases,ref  ] GC(111)     Cleared: 0
[31.632s][debug  ][gc,phases,ref  ] GC(111)   FinalReference:
[31.632s][debug  ][gc,phases,ref  ] GC(111)     Discovered: 0
[31.632s][debug  ][gc,phases,ref  ] GC(111)     Cleared: 0
[31.632s][debug  ][gc,phases,ref  ] GC(111)   PhantomReference:
[31.632s][debug  ][gc,phases,ref  ] GC(111)     Discovered: 0
[31.632s][debug  ][gc,phases,ref  ] GC(111)     Cleared: 0
[31.632s][debug  ][gc,phases      ] GC(111) Reference Processing 0.606ms
[31.632s][debug  ][gc,phases,start] GC(111) Weak Processing
[31.632s][debug  ][gc,phases      ] GC(111)   VM Weak                        Min:  0.0, Avg:  0.0, Max:  0.0, Diff:  0.0, Sum:  0.0, Workers: 6
[31.632s][debug  ][gc,phases      ] GC(111)     Dead                           Min: 0, Avg:  0.0, Max: 0, Diff: 0, Sum: 0, Workers: 6
[31.632s][debug  ][gc,phases      ] GC(111)     Total                          Min: 0, Avg:  1.3, Max: 8, Diff: 8, Sum: 8, Workers: 6
[31.632s][debug  ][gc,phases      ] GC(111)   ObjectSynchronizer Weak        Min:  0.0, Avg:  0.0, Max:  0.0, Diff:  0.0, Sum:  0.0, Workers: 6
[31.632s][debug  ][gc,phases      ] GC(111)     Dead                           Min: 0, Avg:  0.0, Max: 0, Diff: 0, Sum: 0, Workers: 6
[31.632s][debug  ][gc,phases      ] GC(111)     Total                          Min: 0, Avg:  0.5, Max: 3, Diff: 3, Sum: 3, Workers: 6
[31.632s][debug  ][gc,phases      ] GC(111)   JVMTI Tag Weak OopStorage      Min:  0.0, Avg:  0.0, Max:  0.0, Diff:  0.0, Sum:  0.0, Workers: 6
[31.632s][debug  ][gc,phases      ] GC(111)     Dead                           Min: 0, Avg:  0.0, Max: 0, Diff: 0, Sum: 0, Workers: 6
[31.632s][debug  ][gc,phases      ] GC(111)     Total                          Min: 0, Avg:  0.0, Max: 0, Diff: 0, Sum: 0, Workers: 6
[31.632s][debug  ][gc,phases      ] GC(111)   StringTable Weak               Min:  0.0, Avg:  0.0, Max:  0.0, Diff:  0.0, Sum:  0.1, Workers: 6
[31.632s][debug  ][gc,phases      ] GC(111)     Dead                           Min: 0, Avg:  0.0, Max: 0, Diff: 0, Sum: 0, Workers: 6
[31.632s][debug  ][gc,phases      ] GC(111)     Total                          Min: 832, Avg: 892.5, Max: 1004, Diff: 172, Sum: 5355, Workers: 6
[31.632s][debug  ][gc,phases      ] GC(111)   ResolvedMethodTable Weak       Min:  0.0, Avg:  0.0, Max:  0.0, Diff:  0.0, Sum:  0.0, Workers: 6
[31.632s][debug  ][gc,phases      ] GC(111)     Dead                           Min: 0, Avg:  0.0, Max: 0, Diff: 0, Sum: 0, Workers: 6
[31.632s][debug  ][gc,phases      ] GC(111)     Total                          Min: 0, Avg: 21.7, Max: 64, Diff: 64, Sum: 130, Workers: 6
[31.632s][debug  ][gc,phases      ] GC(111)   JNI Weak                       Min:  0.0, Avg:  0.0, Max:  0.0, Diff:  0.0, Sum:  0.0, Workers: 6
[31.632s][debug  ][gc,phases      ] GC(111)     Dead                           Min: 0, Avg:  0.0, Max: 0, Diff: 0, Sum: 0, Workers: 6
[31.632s][debug  ][gc,phases      ] GC(111)     Total                          Min: 0, Avg:  0.0, Max: 0, Diff: 0, Sum: 0, Workers: 6
[31.632s][debug  ][gc,phases      ] GC(111)   StringDedup Table Weak         Min:  0.0, Avg:  0.0, Max:  0.0, Diff:  0.0, Sum:  0.0, Workers: 6
[31.632s][debug  ][gc,phases      ] GC(111)     Dead                           Min: 0, Avg:  0.0, Max: 0, Diff: 0, Sum: 0, Workers: 6
[31.632s][debug  ][gc,phases      ] GC(111)     Total                          Min: 0, Avg:  0.0, Max: 0, Diff: 0, Sum: 0, Workers: 6
[31.632s][debug  ][gc,phases      ] GC(111)   StringDedup Requests0 Weak     Min:  0.0, Avg:  0.0, Max:  0.0, Diff:  0.0, Sum:  0.0, Workers: 6
[31.632s][debug  ][gc,phases      ] GC(111)     Dead                           Min: 0, Avg:  0.0, Max: 0, Diff: 0, Sum: 0, Workers: 6
[31.632s][debug  ][gc,phases      ] GC(111)     Total                          Min: 0, Avg:  0.0, Max: 0, Diff: 0, Sum: 0, Workers: 6
[31.632s][debug  ][gc,phases      ] GC(111)   StringDedup Requests1 Weak     Min:  0.0, Avg:  0.0, Max:  0.0, Diff:  0.0, Sum:  0.0, Workers: 6
[31.632s][debug  ][gc,phases      ] GC(111)     Dead                           Min: 0, Avg:  0.0, Max: 0, Diff: 0, Sum: 0, Workers: 6
[31.632s][debug  ][gc,phases      ] GC(111)     Total                          Min: 0, Avg:  0.0, Max: 0, Diff: 0, Sum: 0, Workers: 6
[31.632s][debug  ][gc,phases      ] GC(111)   Weak JFR Old Object Samples    Min:  0.0, Avg:  0.0, Max:  0.0, Diff:  0.0, Sum:  0.0, Workers: 6
[31.632s][debug  ][gc,phases      ] GC(111)     Dead                           Min: 0, Avg:  0.0, Max: 0, Diff: 0, Sum: 0, Workers: 6
[31.632s][debug  ][gc,phases      ] GC(111)     Total                          Min: 0, Avg:  0.0, Max: 0, Diff: 0, Sum: 0, Workers: 6
[31.632s][debug  ][gc,phases      ] GC(111) Weak Processing 0.693ms
[31.632s][debug  ][gc,ergo        ] GC(111) AdaptiveSizeStart:  collection: 112 
[31.632s][debug  ][gc,ergo        ] GC(111) avg_survived_padded_avg: 36626148.000000
[31.633s][debug  ][gc,ergo        ] GC(111) avg_promoted_padded_avg: 236170720.000000  avg_pretenured_padded_avg: 0.000000  tenuring_thresh: 1  target_size: 36700160
[31.633s][debug  ][gc,age         ] GC(111) Desired survivor size 36700160 bytes, new threshold 1 (max threshold 15)
[31.633s][debug  ][gc,ergo        ] GC(111) PSAdaptiveSizePolicy::compute_eden_space_size limits: desired_eden_size: 226052184 old_eden_size: 201326592 eden_limit: 220725248 cur_eden: 201326592 max_eden_size: 220725248 avg_young_live: 27632908
[31.633s][debug  ][gc,ergo        ] GC(111) PSAdaptiveSizePolicy::compute_eden_space_size: costs minor_time: 0.044992 major_cost: 0.028468 mutator_cost: 0.926540 throughput_goal: 0.990000
[31.633s][debug  ][gc,ergo        ] GC(111) Live_space: 924927616 free_space: 1744306176
[31.633s][debug  ][gc,ergo        ] GC(111) Old eden_size: 201326592 desired_eden_size: 220725248
[31.633s][debug  ][gc,ergo        ] GC(111) AdaptiveSizeStop: collection: 112 
[31.633s][info   ][gc,heap        ] GC(111) PSYoungGen: 198409K(207360K)->30720K(226304K) Eden: 188169K(196608K)->0K(190464K) From: 10240K(10752K)->30720K(35840K)
[31.633s][info   ][gc,heap        ] GC(111) ParOldGen: 1742437K(2161664K)->1906277K(2161664K)
[31.633s][info   ][gc,metaspace   ] GC(111) Metaspace: 1022K(1216K)->1022K(1216K) NonClass: 938K(1024K)->938K(1024K) Class: 83K(192K)->83K(192K)
[31.633s][info   ][gc             ] GC(111) Pause Young (Allocation Failure) 1895M->1891M(2332M) 15.425ms
[31.633s][info   ][gc,cpu         ] GC(111) User=0.16s Sys=0.00s Real=0.02s
[31.633s][debug  ][gc,heap        ] GC(111) Heap after GC invocations=112 (full 14):
[31.633s][debug  ][gc,heap        ] GC(111)  PSYoungGen      total 226304K, used 30720K [0x00000007f0000000, 0x0000000800000000, 0x0000000800000000)
[31.633s][debug  ][gc,heap        ] GC(111)   eden space 190464K, 0% used [0x00000007f0000000,0x00000007f0000000,0x00000007fba00000)
[31.633s][debug  ][gc,heap        ] GC(111)   from space 35840K, 85% used [0x00000007fdd00000,0x00000007ffb00030,0x0000000800000000)
[31.633s][debug  ][gc,heap        ] GC(111)   to   space 35840K, 0% used [0x00000007fba00000,0x00000007fba00000,0x00000007fdd00000)
[31.633s][debug  ][gc,heap        ] GC(111)  ParOldGen       total 2161664K, used 1906277K [0x0000000740000000, 0x00000007c3f00000, 0x00000007f0000000)
[31.633s][debug  ][gc,heap        ] GC(111)   object space 2161664K, 88% used [0x0000000740000000,0x00000007b4599798,0x00000007c3f00000)
[31.633s][debug  ][gc,heap        ] GC(111)  Metaspace       used 1022K, committed 1216K, reserved 1056768K
[31.633s][debug  ][gc,heap        ] GC(111)   class space    used 83K, committed 192K, reserved 1048576K
[31.633s][debug  ][gc,task,time   ] GC(111) VM-Thread 316168878 316311203 316330379
[31.921s][debug  ][gc,heap        ] GC(112) Heap before GC invocations=113 (full 14):
[31.921s][debug  ][gc,heap        ] GC(112)  PSYoungGen      total 226304K, used 218770K [0x00000007f0000000, 0x0000000800000000, 0x0000000800000000)
[31.921s][debug  ][gc,heap        ] GC(112)   eden space 190464K, 98% used [0x00000007f0000000,0x00000007fb7a48f8,0x00000007fba00000)
[31.921s][debug  ][gc,heap        ] GC(112)   from space 35840K, 85% used [0x00000007fdd00000,0x00000007ffb00030,0x0000000800000000)
[31.921s][debug  ][gc,heap        ] GC(112)   to   space 35840K, 0% used [0x00000007fba00000,0x00000007fba00000,0x00000007fdd00000)
[31.921s][debug  ][gc,heap        ] GC(112)  ParOldGen       total 2161664K, used 1906277K [0x0000000740000000, 0x00000007c3f00000, 0x00000007f0000000)
[31.921s][debug  ][gc,heap        ] GC(112)   object space 2161664K, 88% used [0x0000000740000000,0x00000007b4599798,0x00000007c3f00000)
[31.921s][debug  ][gc,heap        ] GC(112)  Metaspace       used 1022K, committed 1216K, reserved 1056768K
[31.921s][debug  ][gc,heap        ] GC(112)   class space    used 83K, committed 192K, reserved 1048576K
[31.921s][debug  ][gc,tlab        ] GC(112) TLAB totals: thrds: 1  refills: 1 max: 1 slow allocs: 17 max 17 waste: 26.7% gc: 3819480B max: 3819480B slow: 0B max: 0B
[31.921s][info   ][gc,start       ] GC(112) Pause Young (Allocation Failure)
[31.921s][debug  ][gc,phases,start] GC(112) Scavenge
[31.936s][debug  ][gc,phases      ] GC(112) Scavenge 14.948ms
[31.936s][debug  ][gc,phases,start] GC(112) Reference Processing
[31.936s][debug  ][gc,ref         ] GC(112) Skipped phase 1 of Reference Processing: no references
[31.936s][debug  ][gc,ref         ] GC(112) Skipped phase 2 of Reference Processing: no references
[31.936s][debug  ][gc,ref         ] GC(112) Skipped phase 3 of Reference Processing: no references
[31.936s][debug  ][gc,ref         ] GC(112) Skipped phase 4 of Reference Processing: no references
[31.936s][debug  ][gc,phases,ref  ] GC(112) Reference Processing: 0.1ms
[31.936s][debug  ][gc,phases,ref  ] GC(112)   Reconsider SoftReferences: 0.0ms
[31.936s][debug  ][gc,phases,ref  ] GC(112)     SoftRef (ms):                  skipped
[31.936s][debug  ][gc,phases,ref  ] GC(112)   Notify Soft/WeakReferences: 0.0ms
[31.936s][debug  ][gc,phases,ref  ] GC(112)     SoftRef (ms):                  skipped
[31.936s][debug  ][gc,phases,ref  ] GC(112)     WeakRef (ms):                  skipped
[31.936s][debug  ][gc,phases,ref  ] GC(112)     FinalRef (ms):                 skipped
[31.936s][debug  ][gc,phases,ref  ] GC(112)     Total (ms):                    skipped
[31.936s][debug  ][gc,phases,ref  ] GC(112)   Notify and keep alive finalizable: 0.0ms
[31.936s][debug  ][gc,phases,ref  ] GC(112)     FinalRef (ms):                 skipped
[31.936s][debug  ][gc,phases,ref  ] GC(112)   Notify PhantomReferences: 0.0ms
[31.936s][debug  ][gc,phases,ref  ] GC(112)     PhantomRef (ms):               skipped
[31.937s][debug  ][gc,phases,ref  ] GC(112)   SoftReference:
[31.937s][debug  ][gc,phases,ref  ] GC(112)     Discovered: 0
[31.937s][debug  ][gc,phases,ref  ] GC(112)     Cleared: 0
[31.937s][debug  ][gc,phases,ref  ] GC(112)   WeakReference:
[31.937s][debug  ][gc,phases,ref  ] GC(112)     Discovered: 0
[31.937s][debug  ][gc,phases,ref  ] GC(112)     Cleared: 0
[31.937s][debug  ][gc,phases,ref  ] GC(112)   FinalReference:
[31.937s][debug  ][gc,phases,ref  ] GC(112)     Discovered: 0
[31.937s][debug  ][gc,phases,ref  ] GC(112)     Cleared: 0
[31.937s][debug  ][gc,phases,ref  ] GC(112)   PhantomReference:
[31.937s][debug  ][gc,phases,ref  ] GC(112)     Discovered: 0
[31.937s][debug  ][gc,phases,ref  ] GC(112)     Cleared: 0
[31.937s][debug  ][gc,phases      ] GC(112) Reference Processing 0.675ms
[31.937s][debug  ][gc,phases,start] GC(112) Weak Processing
[31.937s][debug  ][gc,phases      ] GC(112)   VM Weak                        Min:  0.0, Avg:  0.0, Max:  0.0, Diff:  0.0, Sum:  0.0, Workers: 6
[31.937s][debug  ][gc,phases      ] GC(112)     Dead                           Min: 0, Avg:  0.0, Max: 0, Diff: 0, Sum: 0, Workers: 6
[31.937s][debug  ][gc,phases      ] GC(112)     Total                          Min: 0, Avg:  1.3, Max: 8, Diff: 8, Sum: 8, Workers: 6
[31.937s][debug  ][gc,phases      ] GC(112)   ObjectSynchronizer Weak        Min:  0.0, Avg:  0.0, Max:  0.0, Diff:  0.0, Sum:  0.0, Workers: 6
[31.937s][debug  ][gc,phases      ] GC(112)     Dead                           Min: 0, Avg:  0.0, Max: 0, Diff: 0, Sum: 0, Workers: 6
[31.937s][debug  ][gc,phases      ] GC(112)     Total                          Min: 0, Avg:  0.5, Max: 3, Diff: 3, Sum: 3, Workers: 6
[31.937s][debug  ][gc,phases      ] GC(112)   JVMTI Tag Weak OopStorage      Min:  0.0, Avg:  0.0, Max:  0.0, Diff:  0.0, Sum:  0.0, Workers: 6
[31.937s][debug  ][gc,phases      ] GC(112)     Dead                           Min: 0, Avg:  0.0, Max: 0, Diff: 0, Sum: 0, Workers: 6
[31.937s][debug  ][gc,phases      ] GC(112)     Total                          Min: 0, Avg:  0.0, Max: 0, Diff: 0, Sum: 0, Workers: 6
[31.937s][debug  ][gc,phases      ] GC(112)   StringTable Weak               Min:  0.0, Avg:  0.0, Max:  0.0, Diff:  0.0, Sum:  0.0, Workers: 6
[31.937s][debug  ][gc,phases      ] GC(112)     Dead                           Min: 0, Avg:  0.0, Max: 0, Diff: 0, Sum: 0, Workers: 6
[31.937s][debug  ][gc,phases      ] GC(112)     Total                          Min: 832, Avg: 892.5, Max: 1068, Diff: 236, Sum: 5355, Workers: 6
[31.937s][debug  ][gc,phases      ] GC(112)   ResolvedMethodTable Weak       Min:  0.0, Avg:  0.0, Max:  0.0, Diff:  0.0, Sum:  0.0, Workers: 6
[31.937s][debug  ][gc,phases      ] GC(112)     Dead                           Min: 0, Avg:  0.0, Max: 0, Diff: 0, Sum: 0, Workers: 6
[31.937s][debug  ][gc,phases      ] GC(112)     Total                          Min: 0, Avg: 21.7, Max: 64, Diff: 64, Sum: 130, Workers: 6
[31.937s][debug  ][gc,phases      ] GC(112)   JNI Weak                       Min:  0.0, Avg:  0.0, Max:  0.0, Diff:  0.0, Sum:  0.0, Workers: 6
[31.937s][debug  ][gc,phases      ] GC(112)     Dead                           Min: 0, Avg:  0.0, Max: 0, Diff: 0, Sum: 0, Workers: 6
[31.937s][debug  ][gc,phases      ] GC(112)     Total                          Min: 0, Avg:  0.0, Max: 0, Diff: 0, Sum: 0, Workers: 6
[31.937s][debug  ][gc,phases      ] GC(112)   StringDedup Table Weak         Min:  0.0, Avg:  0.0, Max:  0.0, Diff:  0.0, Sum:  0.0, Workers: 6
[31.937s][debug  ][gc,phases      ] GC(112)     Dead                           Min: 0, Avg:  0.0, Max: 0, Diff: 0, Sum: 0, Workers: 6
[31.937s][debug  ][gc,phases      ] GC(112)     Total                          Min: 0, Avg:  0.0, Max: 0, Diff: 0, Sum: 0, Workers: 6
[31.937s][debug  ][gc,phases      ] GC(112)   StringDedup Requests0 Weak     Min:  0.0, Avg:  0.0, Max:  0.0, Diff:  0.0, Sum:  0.0, Workers: 6
[31.937s][debug  ][gc,phases      ] GC(112)     Dead                           Min: 0, Avg:  0.0, Max: 0, Diff: 0, Sum: 0, Workers: 6
[31.937s][debug  ][gc,phases      ] GC(112)     Total                          Min: 0, Avg:  0.0, Max: 0, Diff: 0, Sum: 0, Workers: 6
[31.937s][debug  ][gc,phases      ] GC(112)   StringDedup Requests1 Weak     Min:  0.0, Avg:  0.0, Max:  0.0, Diff:  0.0, Sum:  0.0, Workers: 6
[31.937s][debug  ][gc,phases      ] GC(112)     Dead                           Min: 0, Avg:  0.0, Max: 0, Diff: 0, Sum: 0, Workers: 6
[31.937s][debug  ][gc,phases      ] GC(112)     Total                          Min: 0, Avg:  0.0, Max: 0, Diff: 0, Sum: 0, Workers: 6
[31.937s][debug  ][gc,phases      ] GC(112)   Weak JFR Old Object Samples    Min:  0.0, Avg:  0.0, Max:  0.0, Diff:  0.0, Sum:  0.0, Workers: 6
[31.938s][debug  ][gc,phases      ] GC(112)     Dead                           Min: 0, Avg:  0.0, Max: 0, Diff: 0, Sum: 0, Workers: 6
[31.938s][debug  ][gc,phases      ] GC(112)     Total                          Min: 0, Avg:  0.0, Max: 0, Diff: 0, Sum: 0, Workers: 6
[31.938s][debug  ][gc,phases      ] GC(112) Weak Processing 0.769ms
[31.938s][debug  ][gc,ergo        ] GC(112) AdaptiveSizeStart:  collection: 113 
[31.938s][debug  ][gc,ergo        ] GC(112) avg_survived_padded_avg: 36698812.000000
[31.938s][debug  ][gc,ergo        ] GC(112) avg_promoted_padded_avg: 240660560.000000  avg_pretenured_padded_avg: 0.000000  tenuring_thresh: 1  target_size: 36700160
[31.938s][debug  ][gc,age         ] GC(112) Desired survivor size 36700160 bytes, new threshold 1 (max threshold 15)
[31.938s][debug  ][gc,ergo        ] GC(112) PSAdaptiveSizePolicy::compute_eden_space_size limits: desired_eden_size: 219578243 old_eden_size: 220725248 eden_limit: 195035136 cur_eden: 195035136 max_eden_size: 195035136 avg_young_live: 28015348
[31.938s][debug  ][gc,ergo        ] GC(112) PSAdaptiveSizePolicy::compute_eden_space_size: costs minor_time: 0.047278 major_cost: 0.028468 mutator_cost: 0.924255 throughput_goal: 0.990000
[31.938s][debug  ][gc,ergo        ] GC(112) Live_space: 925310080 free_space: 1763704832
[31.938s][debug  ][gc,ergo        ] GC(112) Old eden_size: 220725248 desired_eden_size: 195035136
[31.938s][debug  ][gc,ergo        ] GC(112) AdaptiveSizeStop: collection: 113 
[31.938s][info   ][gc,heap        ] GC(112) PSYoungGen: 218770K(226304K)->30720K(226304K) Eden: 188050K(190464K)->0K(190464K) From: 30720K(35840K)->30720K(35840K)
[31.938s][info   ][gc,heap        ] GC(112) ParOldGen: 1906277K(2161664K)->2090598K(2161664K)
[31.938s][info   ][gc,metaspace   ] GC(112) Metaspace: 1022K(1216K)->1022K(1216K) NonClass: 938K(1024K)->938K(1024K) Class: 83K(192K)->83K(192K)
[31.938s][info   ][gc             ] GC(112) Pause Young (Allocation Failure) 2075M->2071M(2332M) 16.867ms
[31.938s][info   ][gc,cpu         ] GC(112) User=0.16s Sys=0.00s Real=0.02s
[31.938s][debug  ][gc,heap        ] GC(112) Heap after GC invocations=113 (full 14):
[31.938s][debug  ][gc,heap        ] GC(112)  PSYoungGen      total 226304K, used 30720K [0x00000007f0000000, 0x0000000800000000, 0x0000000800000000)
[31.938s][debug  ][gc,heap        ] GC(112)   eden space 190464K, 0% used [0x00000007f0000000,0x00000007f0000000,0x00000007fba00000)
[31.938s][debug  ][gc,heap        ] GC(112)   from space 35840K, 85% used [0x00000007fba00000,0x00000007fd800030,0x00000007fdd00000)
[31.938s][debug  ][gc,heap        ] GC(112)   to   space 35840K, 0% used [0x00000007fdd00000,0x00000007fdd00000,0x0000000800000000)
[31.938s][debug  ][gc,heap        ] GC(112)  ParOldGen       total 2161664K, used 2090598K [0x0000000740000000, 0x00000007c3f00000, 0x00000007f0000000)
[31.938s][debug  ][gc,heap        ] GC(112)   object space 2161664K, 96% used [0x0000000740000000,0x00000007bf9998b8,0x00000007c3f00000)
[31.938s][debug  ][gc,heap        ] GC(112)  Metaspace       used 1022K, committed 1216K, reserved 1056768K
[31.938s][debug  ][gc,heap        ] GC(112)   class space    used 83K, committed 192K, reserved 1048576K
[31.938s][debug  ][gc,task,time   ] GC(112) VM-Thread 319205413 319360801 319381125
[31.938s][debug  ][gc,phases,start] GC(113) Pre Compact
[31.938s][debug  ][gc,heap        ] GC(113) Heap before GC invocations=114 (full 15):
[31.938s][debug  ][gc,heap        ] GC(113)  PSYoungGen      total 226304K, used 30720K [0x00000007f0000000, 0x0000000800000000, 0x0000000800000000)
[31.938s][debug  ][gc,heap        ] GC(113)   eden space 190464K, 0% used [0x00000007f0000000,0x00000007f0000000,0x00000007fba00000)
[31.938s][debug  ][gc,heap        ] GC(113)   from space 35840K, 85% used [0x00000007fba00000,0x00000007fd800030,0x00000007fdd00000)
[31.938s][debug  ][gc,heap        ] GC(113)   to   space 35840K, 0% used [0x00000007fdd00000,0x00000007fdd00000,0x0000000800000000)
[31.938s][debug  ][gc,heap        ] GC(113)  ParOldGen       total 2161664K, used 2090598K [0x0000000740000000, 0x00000007c3f00000, 0x00000007f0000000)
[31.938s][debug  ][gc,heap        ] GC(113)   object space 2161664K, 96% used [0x0000000740000000,0x00000007bf9998b8,0x00000007c3f00000)
[31.938s][debug  ][gc,heap        ] GC(113)  Metaspace       used 1022K, committed 1216K, reserved 1056768K
[31.938s][debug  ][gc,heap        ] GC(113)   class space    used 83K, committed 192K, reserved 1048576K
[31.938s][debug  ][gc,phases      ] GC(113) Pre Compact 0.201ms
[31.938s][info   ][gc,start       ] GC(113) Pause Full (Ergonomics)
[31.938s][info   ][gc,phases,start] GC(113) Marking Phase
[31.938s][debug  ][gc,phases,start] GC(113) Par Mark
[31.939s][debug  ][gc,phases      ] GC(113) Par Mark 0.497ms
[31.939s][debug  ][gc,phases,start] GC(113) Reference Processing
[31.939s][debug  ][gc,ref         ] GC(113) Skipped phase 1 of Reference Processing: no references
[31.939s][debug  ][gc,ref         ] GC(113) ReferenceProcessor::execute queues: 1, RefProcThreadModel::Single, marks_oops_alive: false
[31.939s][debug  ][gc,ref         ] GC(113) Skipped phase 3 of Reference Processing: no references
[31.939s][debug  ][gc,ref         ] GC(113) ReferenceProcessor::execute queues: 1, RefProcThreadModel::Single, marks_oops_alive: false
[31.939s][debug  ][gc,phases,ref  ] GC(113) Reference Processing: 0.1ms
[31.939s][debug  ][gc,phases,ref  ] GC(113)   Reconsider SoftReferences: 0.0ms
[31.939s][debug  ][gc,phases,ref  ] GC(113)     SoftRef (ms):                  skipped
[31.939s][debug  ][gc,phases,ref  ] GC(113)   Notify Soft/WeakReferences: 0.0ms
[31.939s][debug  ][gc,phases,ref  ] GC(113)     SoftRef (ms):                  Min:  0.0, Avg:  0.0, Max:  0.0, Diff:  0.0, Sum:  0.0, Workers: 10
[31.939s][debug  ][gc,phases,ref  ] GC(113)     WeakRef (ms):                  Min:  0.0, Avg:  0.0, Max:  0.0, Diff:  0.0, Sum:  0.0, Workers: 10
[31.939s][debug  ][gc,phases,ref  ] GC(113)     FinalRef (ms):                 Min:  0.0, Avg:  0.0, Max:  0.0, Diff:  0.0, Sum:  0.0, Workers: 10
[31.939s][debug  ][gc,phases,ref  ] GC(113)     Total (ms):                    Min:  0.0, Avg:  0.0, Max:  0.0, Diff:  0.0, Sum:  0.0, Workers: 10
[31.939s][debug  ][gc,phases,ref  ] GC(113)   Notify and keep alive finalizable: 0.0ms
[31.939s][debug  ][gc,phases,ref  ] GC(113)     FinalRef (ms):                 skipped
[31.939s][debug  ][gc,phases,ref  ] GC(113)   Notify PhantomReferences: 0.0ms
[31.939s][debug  ][gc,phases,ref  ] GC(113)     PhantomRef (ms):               Min:  0.0, Avg:  0.0, Max:  0.0, Diff:  0.0, Sum:  0.0, Workers: 10
[31.939s][debug  ][gc,phases,ref  ] GC(113)   SoftReference:
[31.939s][debug  ][gc,phases,ref  ] GC(113)     Discovered: 0
[31.939s][debug  ][gc,phases,ref  ] GC(113)     Cleared: 0
[31.939s][debug  ][gc,phases,ref  ] GC(113)   WeakReference:
[31.940s][debug  ][gc,phases,ref  ] GC(113)     Discovered: 71
[31.940s][debug  ][gc,phases,ref  ] GC(113)     Cleared: 71
[31.940s][debug  ][gc,phases,ref  ] GC(113)   FinalReference:
[31.940s][debug  ][gc,phases,ref  ] GC(113)     Discovered: 0
[31.940s][debug  ][gc,phases,ref  ] GC(113)     Cleared: 0
[31.940s][debug  ][gc,phases,ref  ] GC(113)   PhantomReference:
[31.940s][debug  ][gc,phases,ref  ] GC(113)     Discovered: 5
[31.940s][debug  ][gc,phases,ref  ] GC(113)     Cleared: 5
[31.940s][debug  ][gc,phases      ] GC(113) Reference Processing 0.713ms
[31.940s][debug  ][gc,phases,start] GC(113) Weak Processing
[31.940s][debug  ][gc,phases      ] GC(113)   VM Weak                        Min:  0.0, Avg:  0.0, Max:  0.0, Diff:  0.0, Sum:  0.0, Workers: 6
[31.940s][debug  ][gc,phases      ] GC(113)     Dead                           Min: 0, Avg:  0.0, Max: 0, Diff: 0, Sum: 0, Workers: 6
[31.940s][debug  ][gc,phases      ] GC(113)     Total                          Min: 0, Avg:  1.3, Max: 8, Diff: 8, Sum: 8, Workers: 6
[31.940s][debug  ][gc,phases      ] GC(113)   ObjectSynchronizer Weak        Min:  0.0, Avg:  0.0, Max:  0.0, Diff:  0.0, Sum:  0.0, Workers: 6
[31.940s][debug  ][gc,phases      ] GC(113)     Dead                           Min: 0, Avg:  0.0, Max: 0, Diff: 0, Sum: 0, Workers: 6
[31.940s][debug  ][gc,phases      ] GC(113)     Total                          Min: 0, Avg:  0.5, Max: 3, Diff: 3, Sum: 3, Workers: 6
[31.940s][debug  ][gc,phases      ] GC(113)   JVMTI Tag Weak OopStorage      Min:  0.0, Avg:  0.0, Max:  0.0, Diff:  0.0, Sum:  0.0, Workers: 6
[31.940s][debug  ][gc,phases      ] GC(113)     Dead                           Min: 0, Avg:  0.0, Max: 0, Diff: 0, Sum: 0, Workers: 6
[31.940s][debug  ][gc,phases      ] GC(113)     Total                          Min: 0, Avg:  0.0, Max: 0, Diff: 0, Sum: 0, Workers: 6
[31.940s][debug  ][gc,phases      ] GC(113)   StringTable Weak               Min:  0.0, Avg:  0.0, Max:  0.0, Diff:  0.0, Sum:  0.0, Workers: 6
[31.940s][debug  ][gc,phases      ] GC(113)     Dead                           Min: 0, Avg:  0.0, Max: 0, Diff: 0, Sum: 0, Workers: 6
[31.940s][debug  ][gc,phases      ] GC(113)     Total                          Min: 684, Avg: 892.5, Max: 1088, Diff: 404, Sum: 5355, Workers: 6
[31.940s][debug  ][gc,phases      ] GC(113)   ResolvedMethodTable Weak       Min:  0.0, Avg:  0.0, Max:  0.0, Diff:  0.0, Sum:  0.0, Workers: 6
[31.940s][debug  ][gc,phases      ] GC(113)     Dead                           Min: 0, Avg:  0.0, Max: 0, Diff: 0, Sum: 0, Workers: 6
[31.940s][debug  ][gc,phases      ] GC(113)     Total                          Min: 0, Avg: 21.7, Max: 64, Diff: 64, Sum: 130, Workers: 6
[31.940s][debug  ][gc,phases      ] GC(113)   JNI Weak                       Min:  0.0, Avg:  0.0, Max:  0.0, Diff:  0.0, Sum:  0.0, Workers: 6
[31.940s][debug  ][gc,phases      ] GC(113)     Dead                           Min: 0, Avg:  0.0, Max: 0, Diff: 0, Sum: 0, Workers: 6
[31.940s][debug  ][gc,phases      ] GC(113)     Total                          Min: 0, Avg:  0.0, Max: 0, Diff: 0, Sum: 0, Workers: 6
[31.940s][debug  ][gc,phases      ] GC(113)   StringDedup Table Weak         Min:  0.0, Avg:  0.0, Max:  0.0, Diff:  0.0, Sum:  0.0, Workers: 6
[31.940s][debug  ][gc,phases      ] GC(113)     Dead                           Min: 0, Avg:  0.0, Max: 0, Diff: 0, Sum: 0, Workers: 6
[31.940s][debug  ][gc,phases      ] GC(113)     Total                          Min: 0, Avg:  0.0, Max: 0, Diff: 0, Sum: 0, Workers: 6
[31.940s][debug  ][gc,phases      ] GC(113)   StringDedup Requests0 Weak     Min:  0.0, Avg:  0.0, Max:  0.0, Diff:  0.0, Sum:  0.0, Workers: 6
[31.940s][debug  ][gc,phases      ] GC(113)     Dead                           Min: 0, Avg:  0.0, Max: 0, Diff: 0, Sum: 0, Workers: 6
[31.940s][debug  ][gc,phases      ] GC(113)     Total                          Min: 0, Avg:  0.0, Max: 0, Diff: 0, Sum: 0, Workers: 6
[31.940s][debug  ][gc,phases      ] GC(113)   StringDedup Requests1 Weak     Min:  0.0, Avg:  0.0, Max:  0.0, Diff:  0.0, Sum:  0.0, Workers: 6
[31.940s][debug  ][gc,phases      ] GC(113)     Dead                           Min: 0, Avg:  0.0, Max: 0, Diff: 0, Sum: 0, Workers: 6
[31.941s][debug  ][gc,phases      ] GC(113)     Total                          Min: 0, Avg:  0.0, Max: 0, Diff: 0, Sum: 0, Workers: 6
[31.941s][debug  ][gc,phases      ] GC(113)   Weak JFR Old Object Samples    Min:  0.0, Avg:  0.0, Max:  0.0, Diff:  0.0, Sum:  0.0, Workers: 6
[31.941s][debug  ][gc,phases      ] GC(113)     Dead                           Min: 0, Avg:  0.0, Max: 0, Diff: 0, Sum: 0, Workers: 6
[31.941s][debug  ][gc,phases      ] GC(113)     Total                          Min: 0, Avg:  0.0, Max: 0, Diff: 0, Sum: 0, Workers: 6
[31.941s][debug  ][gc,phases      ] GC(113) Weak Processing 0.893ms
[31.941s][debug  ][gc,phases,start] GC(113) Class Unloading
[31.941s][debug  ][gc,phases,start] GC(113) ClassLoaderData
[31.941s][debug  ][gc,phases      ] GC(113) ClassLoaderData 0.025ms
[31.941s][debug  ][gc,phases,start] GC(113) Trigger cleanups
[31.941s][debug  ][gc,phases      ] GC(113) Trigger cleanups 0.024ms
[31.941s][debug  ][gc,phases      ] GC(113) Class Unloading 0.328ms
[31.941s][info   ][gc,phases      ] GC(113) Marking Phase 2.584ms
[31.941s][info   ][gc,phases,start] GC(113) Summary Phase
[31.941s][info   ][gc,phases      ] GC(113) Summary Phase 0.051ms
[31.941s][info   ][gc,phases,start] GC(113) Adjust Roots
[31.941s][info   ][gc,phases      ] GC(113) Adjust Roots 0.163ms
[31.941s][info   ][gc,phases,start] GC(113) Compaction Phase
[31.983s][info   ][gc,phases      ] GC(113) Compaction Phase 41.429ms
[31.983s][info   ][gc,phases,start] GC(113) Post Compact
[31.989s][info   ][gc,phases      ] GC(113) Post Compact 6.511ms
[31.989s][debug  ][gc,ergo        ] GC(113) AdaptiveSizeStart: collection: 114 
[31.989s][debug  ][gc,ergo        ] GC(113) PSAdaptiveSizePolicy::compute_eden_space_size limits: desired_eden_size: 220710362 old_eden_size: 195035136 eden_limit: 195035136 cur_eden: 195035136 max_eden_size: 195035136 avg_young_live: 25213814
[31.989s][debug  ][gc,ergo        ] GC(113) PSAdaptiveSizePolicy::compute_eden_space_size: costs minor_time: 0.047278 major_cost: 0.025128 mutator_cost: 0.927594 throughput_goal: 0.990000
[31.989s][debug  ][gc,ergo        ] GC(113) Live_space: 922508544 free_space: 1738014720
[31.989s][debug  ][gc,ergo        ] GC(113) Old eden_size: 195035136 desired_eden_size: 195035136
[31.990s][debug  ][gc,ergo        ] GC(113) PSAdaptiveSizePolicy::compute_old_gen_free_space: costs minor_time: 0.047278 major_cost: 0.025128  mutator_cost: 0.927594 throughput_goal: 0.990000
[31.990s][debug  ][gc,ergo        ] GC(113) Live_space: 898587392 free_space: 1738014720
[31.990s][debug  ][gc,ergo        ] GC(113) Old promo_size: 1542979584 desired_promo_size: 1650458624
[31.990s][debug  ][gc             ] GC(113) Expanding ParOldGen from 2161664K by 66048K to 2227712K
[31.990s][debug  ][gc,ergo        ] GC(113) AdaptiveSizeStop: collection: 114 
[31.990s][info   ][gc,heap        ] GC(113) PSYoungGen: 30720K(226304K)->0K(226304K) Eden: 0K(190464K)->0K(190464K) From: 30720K(35840K)->0K(35840K)
[31.990s][info   ][gc,heap        ] GC(113) ParOldGen: 2090598K(2161664K)->380515K(2227712K)
[31.990s][info   ][gc,metaspace   ] GC(113) Metaspace: 1022K(1216K)->1022K(1216K) NonClass: 938K(1024K)->938K(1024K) Class: 83K(192K)->83K(192K)
[31.990s][info   ][gc             ] GC(113) Pause Full (Ergonomics) 2071M->371M(2396M) 51.498ms
[31.990s][info   ][gc,cpu         ] GC(113) User=0.33s Sys=0.00s Real=0.05s
[31.990s][debug  ][gc,heap        ] GC(113) Heap after GC invocations=114 (full 15):
[31.990s][debug  ][gc,heap        ] GC(113)  PSYoungGen      total 226304K, used 0K [0x00000007f0000000, 0x0000000800000000, 0x0000000800000000)
[31.990s][debug  ][gc,heap        ] GC(113)   eden space 190464K, 0% used [0x00000007f0000000,0x00000007f0000000,0x00000007fba00000)
[31.990s][debug  ][gc,heap        ] GC(113)   from space 35840K, 0% used [0x00000007fdd00000,0x00000007fdd00000,0x0000000800000000)
[31.990s][debug  ][gc,heap        ] GC(113)   to   space 35840K, 0% used [0x00000007fba00000,0x00000007fba00000,0x00000007fdd00000)
[31.990s][debug  ][gc,heap        ] GC(113)  ParOldGen       total 2227712K, used 380515K [0x0000000740000000, 0x00000007c7f80000, 0x00000007f0000000)
[31.990s][debug  ][gc,heap        ] GC(113)   object space 2227712K, 17% used [0x0000000740000000,0x0000000757398e48,0x00000007c7f80000)
[31.990s][debug  ][gc,heap        ] GC(113)  Metaspace       used 1022K, committed 1216K, reserved 1056768K
[31.990s][debug  ][gc,heap        ] GC(113)   class space    used 83K, committed 192K, reserved 1048576K
[31.990s][debug  ][gc,task,time   ] GC(113) VM-Thread 319384046 319413026 319899418
[32.287s][debug  ][gc,heap        ] GC(114) Heap before GC invocations=115 (full 15):
[32.287s][debug  ][gc,heap        ] GC(114)  PSYoungGen      total 226304K, used 188051K [0x00000007f0000000, 0x0000000800000000, 0x0000000800000000)
[32.287s][debug  ][gc,heap        ] GC(114)   eden space 190464K, 98% used [0x00000007f0000000,0x00000007fb7a4e38,0x00000007fba00000)
[32.287s][debug  ][gc,heap        ] GC(114)   from space 35840K, 0% used [0x00000007fdd00000,0x00000007fdd00000,0x0000000800000000)
[32.287s][debug  ][gc,heap        ] GC(114)   to   space 35840K, 0% used [0x00000007fba00000,0x00000007fba00000,0x00000007fdd00000)
[32.287s][debug  ][gc,heap        ] GC(114)  ParOldGen       total 2227712K, used 380515K [0x0000000740000000, 0x00000007c7f80000, 0x00000007f0000000)
[32.287s][debug  ][gc,heap        ] GC(114)   object space 2227712K, 17% used [0x0000000740000000,0x0000000757398e48,0x00000007c7f80000)
[32.287s][debug  ][gc,heap        ] GC(114)  Metaspace       used 1022K, committed 1216K, reserved 1056768K
[32.287s][debug  ][gc,heap        ] GC(114)   class space    used 83K, committed 192K, reserved 1048576K
[32.287s][debug  ][gc,tlab        ] GC(114) TLAB totals: thrds: 1  refills: 1 max: 1 slow allocs: 17 max 17 waste: 26.7% gc: 3820824B max: 3820824B slow: 0B max: 0B
[32.287s][info   ][gc,start       ] GC(114) Pause Young (Allocation Failure)
[32.287s][debug  ][gc,phases,start] GC(114) Scavenge
[32.300s][debug  ][gc,phases      ] GC(114) Scavenge 12.803ms
[32.300s][debug  ][gc,phases,start] GC(114) Reference Processing
[32.300s][debug  ][gc,ref         ] GC(114) Skipped phase 1 of Reference Processing: no references
[32.300s][debug  ][gc,ref         ] GC(114) Skipped phase 2 of Reference Processing: no references
[32.300s][debug  ][gc,ref         ] GC(114) Skipped phase 3 of Reference Processing: no references
[32.300s][debug  ][gc,ref         ] GC(114) Skipped phase 4 of Reference Processing: no references
[32.300s][debug  ][gc,phases,ref  ] GC(114) Reference Processing: 0.1ms
[32.300s][debug  ][gc,phases,ref  ] GC(114)   Reconsider SoftReferences: 0.0ms
[32.300s][debug  ][gc,phases,ref  ] GC(114)     SoftRef (ms):                  skipped
[32.300s][debug  ][gc,phases,ref  ] GC(114)   Notify Soft/WeakReferences: 0.0ms
[32.300s][debug  ][gc,phases,ref  ] GC(114)     SoftRef (ms):                  skipped
[32.300s][debug  ][gc,phases,ref  ] GC(114)     WeakRef (ms):                  skipped
[32.300s][debug  ][gc,phases,ref  ] GC(114)     FinalRef (ms):                 skipped
[32.301s][debug  ][gc,phases,ref  ] GC(114)     Total (ms):                    skipped
[32.301s][debug  ][gc,phases,ref  ] GC(114)   Notify and keep alive finalizable: 0.0ms
[32.301s][debug  ][gc,phases,ref  ] GC(114)     FinalRef (ms):                 skipped
[32.301s][debug  ][gc,phases,ref  ] GC(114)   Notify PhantomReferences: 0.0ms
[32.301s][debug  ][gc,phases,ref  ] GC(114)     PhantomRef (ms):               skipped
[32.301s][debug  ][gc,phases,ref  ] GC(114)   SoftReference:
[32.301s][debug  ][gc,phases,ref  ] GC(114)     Discovered: 0
[32.301s][debug  ][gc,phases,ref  ] GC(114)     Cleared: 0
[32.301s][debug  ][gc,phases,ref  ] GC(114)   WeakReference:
[32.301s][debug  ][gc,phases,ref  ] GC(114)     Discovered: 0
[32.301s][debug  ][gc,phases,ref  ] GC(114)     Cleared: 0
[32.301s][debug  ][gc,phases,ref  ] GC(114)   FinalReference:
[32.301s][debug  ][gc,phases,ref  ] GC(114)     Discovered: 0
[32.301s][debug  ][gc,phases,ref  ] GC(114)     Cleared: 0
[32.301s][debug  ][gc,phases,ref  ] GC(114)   PhantomReference:
[32.301s][debug  ][gc,phases,ref  ] GC(114)     Discovered: 0
[32.301s][debug  ][gc,phases,ref  ] GC(114)     Cleared: 0
[32.301s][debug  ][gc,phases      ] GC(114) Reference Processing 0.685ms
[32.301s][debug  ][gc,phases,start] GC(114) Weak Processing
[32.301s][debug  ][gc,phases      ] GC(114)   VM Weak                        Min:  0.0, Avg:  0.0, Max:  0.0, Diff:  0.0, Sum:  0.0, Workers: 6
[32.301s][debug  ][gc,phases      ] GC(114)     Dead                           Min: 0, Avg:  0.0, Max: 0, Diff: 0, Sum: 0, Workers: 6
[32.301s][debug  ][gc,phases      ] GC(114)     Total                          Min: 0, Avg:  1.3, Max: 8, Diff: 8, Sum: 8, Workers: 6
[32.301s][debug  ][gc,phases      ] GC(114)   ObjectSynchronizer Weak        Min:  0.0, Avg:  0.0, Max:  0.0, Diff:  0.0, Sum:  0.0, Workers: 6
[32.301s][debug  ][gc,phases      ] GC(114)     Dead                           Min: 0, Avg:  0.0, Max: 0, Diff: 0, Sum: 0, Workers: 6
[32.301s][debug  ][gc,phases      ] GC(114)     Total                          Min: 0, Avg:  0.5, Max: 3, Diff: 3, Sum: 3, Workers: 6
[32.301s][debug  ][gc,phases      ] GC(114)   JVMTI Tag Weak OopStorage      Min:  0.0, Avg:  0.0, Max:  0.0, Diff:  0.0, Sum:  0.0, Workers: 6
[32.301s][debug  ][gc,phases      ] GC(114)     Dead                           Min: 0, Avg:  0.0, Max: 0, Diff: 0, Sum: 0, Workers: 6
[32.301s][debug  ][gc,phases      ] GC(114)     Total                          Min: 0, Avg:  0.0, Max: 0, Diff: 0, Sum: 0, Workers: 6
[32.301s][debug  ][gc,phases      ] GC(114)   StringTable Weak               Min:  0.0, Avg:  0.0, Max:  0.0, Diff:  0.0, Sum:  0.0, Workers: 6
[32.301s][debug  ][gc,phases      ] GC(114)     Dead                           Min: 0, Avg:  0.0, Max: 0, Diff: 0, Sum: 0, Workers: 6
[32.301s][debug  ][gc,phases      ] GC(114)     Total                          Min: 768, Avg: 892.5, Max: 1132, Diff: 364, Sum: 5355, Workers: 6
[32.301s][debug  ][gc,phases      ] GC(114)   ResolvedMethodTable Weak       Min:  0.0, Avg:  0.0, Max:  0.0, Diff:  0.0, Sum:  0.0, Workers: 6
[32.301s][debug  ][gc,phases      ] GC(114)     Dead                           Min: 0, Avg:  0.0, Max: 0, Diff: 0, Sum: 0, Workers: 6
[32.301s][debug  ][gc,phases      ] GC(114)     Total                          Min: 0, Avg: 21.7, Max: 64, Diff: 64, Sum: 130, Workers: 6
[32.301s][debug  ][gc,phases      ] GC(114)   JNI Weak                       Min:  0.0, Avg:  0.0, Max:  0.0, Diff:  0.0, Sum:  0.0, Workers: 6
[32.302s][debug  ][gc,phases      ] GC(114)     Dead                           Min: 0, Avg:  0.0, Max: 0, Diff: 0, Sum: 0, Workers: 6
[32.302s][debug  ][gc,phases      ] GC(114)     Total                          Min: 0, Avg:  0.0, Max: 0, Diff: 0, Sum: 0, Workers: 6
[32.302s][debug  ][gc,phases      ] GC(114)   StringDedup Table Weak         Min:  0.0, Avg:  0.0, Max:  0.0, Diff:  0.0, Sum:  0.0, Workers: 6
[32.302s][debug  ][gc,phases      ] GC(114)     Dead                           Min: 0, Avg:  0.0, Max: 0, Diff: 0, Sum: 0, Workers: 6
[32.302s][debug  ][gc,phases      ] GC(114)     Total                          Min: 0, Avg:  0.0, Max: 0, Diff: 0, Sum: 0, Workers: 6
[32.302s][debug  ][gc,phases      ] GC(114)   StringDedup Requests0 Weak     Min:  0.0, Avg:  0.0, Max:  0.0, Diff:  0.0, Sum:  0.0, Workers: 6
[32.302s][debug  ][gc,phases      ] GC(114)     Dead                           Min: 0, Avg:  0.0, Max: 0, Diff: 0, Sum: 0, Workers: 6
[32.302s][debug  ][gc,phases      ] GC(114)     Total                          Min: 0, Avg:  0.0, Max: 0, Diff: 0, Sum: 0, Workers: 6
[32.302s][debug  ][gc,phases      ] GC(114)   StringDedup Requests1 Weak     Min:  0.0, Avg:  0.0, Max:  0.0, Diff:  0.0, Sum:  0.0, Workers: 6
[32.302s][debug  ][gc,phases      ] GC(114)     Dead                           Min: 0, Avg:  0.0, Max: 0, Diff: 0, Sum: 0, Workers: 6
[32.302s][debug  ][gc,phases      ] GC(114)     Total                          Min: 0, Avg:  0.0, Max: 0, Diff: 0, Sum: 0, Workers: 6
[32.302s][debug  ][gc,phases      ] GC(114)   Weak JFR Old Object Samples    Min:  0.0, Avg:  0.0, Max:  0.0, Diff:  0.0, Sum:  0.0, Workers: 6
[32.302s][debug  ][gc,phases      ] GC(114)     Dead                           Min: 0, Avg:  0.0, Max: 0, Diff: 0, Sum: 0, Workers: 6
[32.302s][debug  ][gc,phases      ] GC(114)     Total                          Min: 0, Avg:  0.0, Max: 0, Diff: 0, Sum: 0, Workers: 6
[32.302s][debug  ][gc,phases      ] GC(114) Weak Processing 0.918ms
[32.302s][debug  ][gc,ergo        ] GC(114) AdaptiveSizeStart:  collection: 115 
[32.302s][debug  ][gc,ergo        ] GC(114) avg_survived_padded_avg: 36705252.000000
[32.302s][debug  ][gc,ergo        ] GC(114) avg_promoted_padded_avg: 232507392.000000  avg_pretenured_padded_avg: 0.000000  tenuring_thresh: 1  target_size: 37224448
[32.302s][debug  ][gc,age         ] GC(114) Desired survivor size 37224448 bytes, new threshold 1 (max threshold 15)
[32.302s][debug  ][gc,ergo        ] GC(114) PSAdaptiveSizePolicy::compute_eden_space_size limits: desired_eden_size: 220354015 old_eden_size: 195035136 eden_limit: 195035136 cur_eden: 195035136 max_eden_size: 195035136 avg_young_live: 25838164
[32.302s][debug  ][gc,ergo        ] GC(114) PSAdaptiveSizePolicy::compute_eden_space_size: costs minor_time: 0.045435 major_cost: 0.025128 mutator_cost: 0.929437 throughput_goal: 0.990000
[32.302s][debug  ][gc,ergo        ] GC(114) Live_space: 899211776 free_space: 1845493760
[32.302s][debug  ][gc,ergo        ] GC(114) Old eden_size: 195035136 desired_eden_size: 195035136
[32.302s][debug  ][gc,ergo        ] GC(114) AdaptiveSizeStop: collection: 115 
[32.302s][info   ][gc,heap        ] GC(114) PSYoungGen: 188051K(226304K)->30720K(221696K) Eden: 188051K(190464K)->0K(190464K) From: 0K(35840K)->30720K(31232K)
[32.302s][info   ][gc,heap        ] GC(114) ParOldGen: 380515K(2227712K)->534115K(2227712K)
[32.302s][info   ][gc,metaspace   ] GC(114) Metaspace: 1022K(1216K)->1022K(1216K) NonClass: 938K(1024K)->938K(1024K) Class: 83K(192K)->83K(192K)
[32.302s][info   ][gc             ] GC(114) Pause Young (Allocation Failure) 555M->551M(2392M) 14.947ms
[32.302s][info   ][gc,cpu         ] GC(114) User=0.00s Sys=0.02s Real=0.02s
[32.302s][debug  ][gc,heap        ] GC(114) Heap after GC invocations=115 (full 15):
[32.302s][debug  ][gc,heap        ] GC(114)  PSYoungGen      total 221696K, used 30720K [0x00000007f0000000, 0x0000000800000000, 0x0000000800000000)
[32.302s][debug  ][gc,heap        ] GC(114)   eden space 190464K, 0% used [0x00000007f0000000,0x00000007f0000000,0x00000007fba00000)
[32.302s][debug  ][gc,heap        ] GC(114)   from space 31232K, 98% used [0x00000007fba00000,0x00000007fd800030,0x00000007fd880000)
[32.302s][debug  ][gc,heap        ] GC(114)   to   space 36352K, 0% used [0x00000007fdc80000,0x00000007fdc80000,0x0000000800000000)
[32.302s][debug  ][gc,heap        ] GC(114)  ParOldGen       total 2227712K, used 534115K [0x0000000740000000, 0x00000007c7f80000, 0x00000007f0000000)
[32.302s][debug  ][gc,heap        ] GC(114)   object space 2227712K, 23% used [0x0000000740000000,0x0000000760998f38,0x00000007c7f80000)
[32.303s][debug  ][gc,heap        ] GC(114)  Metaspace       used 1022K, committed 1216K, reserved 1056768K
[32.303s][debug  ][gc,heap        ] GC(114)   class space    used 83K, committed 192K, reserved 1048576K
[32.303s][debug  ][gc,task,time   ] GC(114) VM-Thread 322868578 323002225 323025603
[32.589s][debug  ][gc,heap        ] GC(115) Heap before GC invocations=116 (full 15):
[32.589s][debug  ][gc,heap        ] GC(115)  PSYoungGen      total 221696K, used 218699K [0x00000007f0000000, 0x0000000800000000, 0x0000000800000000)
[32.589s][debug  ][gc,heap        ] GC(115)   eden space 190464K, 98% used [0x00000007f0000000,0x00000007fb792f38,0x00000007fba00000)
[32.589s][debug  ][gc,heap        ] GC(115)   from space 31232K, 98% used [0x00000007fba00000,0x00000007fd800030,0x00000007fd880000)
[32.589s][debug  ][gc,heap        ] GC(115)   to   space 36352K, 0% used [0x00000007fdc80000,0x00000007fdc80000,0x0000000800000000)
[32.589s][debug  ][gc,heap        ] GC(115)  ParOldGen       total 2227712K, used 534115K [0x0000000740000000, 0x00000007c7f80000, 0x00000007f0000000)
[32.589s][debug  ][gc,heap        ] GC(115)   object space 2227712K, 23% used [0x0000000740000000,0x0000000760998f38,0x00000007c7f80000)
[32.589s][debug  ][gc,heap        ] GC(115)  Metaspace       used 1022K, committed 1216K, reserved 1056768K
[32.589s][debug  ][gc,heap        ] GC(115)   class space    used 83K, committed 192K, reserved 1048576K
[32.589s][debug  ][gc,tlab        ] GC(115) TLAB totals: thrds: 1  refills: 1 max: 1 slow allocs: 17 max 17 waste: 26.3% gc: 3747352B max: 3747352B slow: 0B max: 0B
[32.589s][info   ][gc,start       ] GC(115) Pause Young (Allocation Failure)
[32.589s][debug  ][gc,phases,start] GC(115) Scavenge
[32.604s][debug  ][gc,phases      ] GC(115) Scavenge 14.281ms
[32.604s][debug  ][gc,phases,start] GC(115) Reference Processing
[32.604s][debug  ][gc,ref         ] GC(115) Skipped phase 1 of Reference Processing: no references
[32.604s][debug  ][gc,ref         ] GC(115) Skipped phase 2 of Reference Processing: no references
[32.604s][debug  ][gc,ref         ] GC(115) Skipped phase 3 of Reference Processing: no references
[32.604s][debug  ][gc,ref         ] GC(115) Skipped phase 4 of Reference Processing: no references
[32.604s][debug  ][gc,phases,ref  ] GC(115) Reference Processing: 0.1ms
[32.604s][debug  ][gc,phases,ref  ] GC(115)   Reconsider SoftReferences: 0.0ms
[32.604s][debug  ][gc,phases,ref  ] GC(115)     SoftRef (ms):                  skipped
[32.604s][debug  ][gc,phases,ref  ] GC(115)   Notify Soft/WeakReferences: 0.0ms
[32.604s][debug  ][gc,phases,ref  ] GC(115)     SoftRef (ms):                  skipped
[32.604s][debug  ][gc,phases,ref  ] GC(115)     WeakRef (ms):                  skipped
[32.604s][debug  ][gc,phases,ref  ] GC(115)     FinalRef (ms):                 skipped
[32.604s][debug  ][gc,phases,ref  ] GC(115)     Total (ms):                    skipped
[32.604s][debug  ][gc,phases,ref  ] GC(115)   Notify and keep alive finalizable: 0.0ms
[32.604s][debug  ][gc,phases,ref  ] GC(115)     FinalRef (ms):                 skipped
[32.604s][debug  ][gc,phases,ref  ] GC(115)   Notify PhantomReferences: 0.0ms
[32.604s][debug  ][gc,phases,ref  ] GC(115)     PhantomRef (ms):               skipped
[32.604s][debug  ][gc,phases,ref  ] GC(115)   SoftReference:
[32.604s][debug  ][gc,phases,ref  ] GC(115)     Discovered: 0
[32.604s][debug  ][gc,phases,ref  ] GC(115)     Cleared: 0
[32.604s][debug  ][gc,phases,ref  ] GC(115)   WeakReference:
[32.604s][debug  ][gc,phases,ref  ] GC(115)     Discovered: 0
[32.604s][debug  ][gc,phases,ref  ] GC(115)     Cleared: 0
[32.604s][debug  ][gc,phases,ref  ] GC(115)   FinalReference:
[32.604s][debug  ][gc,phases,ref  ] GC(115)     Discovered: 0
[32.604s][debug  ][gc,phases,ref  ] GC(115)     Cleared: 0
[32.604s][debug  ][gc,phases,ref  ] GC(115)   PhantomReference:
[32.604s][debug  ][gc,phases,ref  ] GC(115)     Discovered: 0
[32.604s][debug  ][gc,phases,ref  ] GC(115)     Cleared: 0
[32.604s][debug  ][gc,phases      ] GC(115) Reference Processing 0.648ms
[32.604s][debug  ][gc,phases,start] GC(115) Weak Processing
[32.604s][debug  ][gc,phases      ] GC(115)   VM Weak                        Min:  0.0, Avg:  0.0, Max:  0.0, Diff:  0.0, Sum:  0.0, Workers: 6
[32.604s][debug  ][gc,phases      ] GC(115)     Dead                           Min: 0, Avg:  0.0, Max: 0, Diff: 0, Sum: 0, Workers: 6
[32.604s][debug  ][gc,phases      ] GC(115)     Total                          Min: 0, Avg:  1.3, Max: 8, Diff: 8, Sum: 8, Workers: 6
[32.604s][debug  ][gc,phases      ] GC(115)   ObjectSynchronizer Weak        Min:  0.0, Avg:  0.0, Max:  0.0, Diff:  0.0, Sum:  0.0, Workers: 6
[32.604s][debug  ][gc,phases      ] GC(115)     Dead                           Min: 0, Avg:  0.0, Max: 0, Diff: 0, Sum: 0, Workers: 6
[32.604s][debug  ][gc,phases      ] GC(115)     Total                          Min: 0, Avg:  0.5, Max: 3, Diff: 3, Sum: 3, Workers: 6
[32.604s][debug  ][gc,phases      ] GC(115)   JVMTI Tag Weak OopStorage      Min:  0.0, Avg:  0.0, Max:  0.0, Diff:  0.0, Sum:  0.0, Workers: 6
[32.605s][debug  ][gc,phases      ] GC(115)     Dead                           Min: 0, Avg:  0.0, Max: 0, Diff: 0, Sum: 0, Workers: 6
[32.605s][debug  ][gc,phases      ] GC(115)     Total                          Min: 0, Avg:  0.0, Max: 0, Diff: 0, Sum: 0, Workers: 6
[32.605s][debug  ][gc,phases      ] GC(115)   StringTable Weak               Min:  0.0, Avg:  0.0, Max:  0.0, Diff:  0.0, Sum:  0.0, Workers: 6
[32.605s][debug  ][gc,phases      ] GC(115)     Dead                           Min: 0, Avg:  0.0, Max: 0, Diff: 0, Sum: 0, Workers: 6
[32.605s][debug  ][gc,phases      ] GC(115)     Total                          Min: 767, Avg: 892.5, Max: 1068, Diff: 301, Sum: 5355, Workers: 6
[32.605s][debug  ][gc,phases      ] GC(115)   ResolvedMethodTable Weak       Min:  0.0, Avg:  0.0, Max:  0.0, Diff:  0.0, Sum:  0.0, Workers: 6
[32.605s][debug  ][gc,phases      ] GC(115)     Dead                           Min: 0, Avg:  0.0, Max: 0, Diff: 0, Sum: 0, Workers: 6
[32.605s][debug  ][gc,phases      ] GC(115)     Total                          Min: 0, Avg: 21.7, Max: 64, Diff: 64, Sum: 130, Workers: 6
[32.605s][debug  ][gc,phases      ] GC(115)   JNI Weak                       Min:  0.0, Avg:  0.0, Max:  0.0, Diff:  0.0, Sum:  0.0, Workers: 6
[32.605s][debug  ][gc,phases      ] GC(115)     Dead                           Min: 0, Avg:  0.0, Max: 0, Diff: 0, Sum: 0, Workers: 6
[32.605s][debug  ][gc,phases      ] GC(115)     Total                          Min: 0, Avg:  0.0, Max: 0, Diff: 0, Sum: 0, Workers: 6
[32.605s][debug  ][gc,phases      ] GC(115)   StringDedup Table Weak         Min:  0.0, Avg:  0.0, Max:  0.0, Diff:  0.0, Sum:  0.0, Workers: 6
[32.605s][debug  ][gc,phases      ] GC(115)     Dead                           Min: 0, Avg:  0.0, Max: 0, Diff: 0, Sum: 0, Workers: 6
[32.605s][debug  ][gc,phases      ] GC(115)     Total                          Min: 0, Avg:  0.0, Max: 0, Diff: 0, Sum: 0, Workers: 6
[32.605s][debug  ][gc,phases      ] GC(115)   StringDedup Requests0 Weak     Min:  0.0, Avg:  0.0, Max:  0.0, Diff:  0.0, Sum:  0.0, Workers: 6
[32.605s][debug  ][gc,phases      ] GC(115)     Dead                           Min: 0, Avg:  0.0, Max: 0, Diff: 0, Sum: 0, Workers: 6
[32.605s][debug  ][gc,phases      ] GC(115)     Total                          Min: 0, Avg:  0.0, Max: 0, Diff: 0, Sum: 0, Workers: 6
[32.605s][debug  ][gc,phases      ] GC(115)   StringDedup Requests1 Weak     Min:  0.0, Avg:  0.0, Max:  0.0, Diff:  0.0, Sum:  0.0, Workers: 6
[32.605s][debug  ][gc,phases      ] GC(115)     Dead                           Min: 0, Avg:  0.0, Max: 0, Diff: 0, Sum: 0, Workers: 6
[32.605s][debug  ][gc,phases      ] GC(115)     Total                          Min: 0, Avg:  0.0, Max: 0, Diff: 0, Sum: 0, Workers: 6
[32.605s][debug  ][gc,phases      ] GC(115)   Weak JFR Old Object Samples    Min:  0.0, Avg:  0.0, Max:  0.0, Diff:  0.0, Sum:  0.0, Workers: 6
[32.605s][debug  ][gc,phases      ] GC(115)     Dead                           Min: 0, Avg:  0.0, Max: 0, Diff: 0, Sum: 0, Workers: 6
[32.605s][debug  ][gc,phases      ] GC(115)     Total                          Min: 0, Avg:  0.0, Max: 0, Diff: 0, Sum: 0, Workers: 6
[32.605s][debug  ][gc,phases      ] GC(115) Weak Processing 0.731ms
[32.605s][debug  ][gc,ergo        ] GC(115) AdaptiveSizeStart:  collection: 116 
[32.605s][debug  ][gc,ergo        ] GC(115) avg_survived_padded_avg: 36657992.000000
[32.605s][debug  ][gc,ergo        ] GC(115) avg_promoted_padded_avg: 236458736.000000  avg_pretenured_padded_avg: 0.000000  tenuring_thresh: 1  target_size: 36700160
[32.605s][debug  ][gc,age         ] GC(115) Desired survivor size 36700160 bytes, new threshold 1 (max threshold 15)
[32.605s][debug  ][gc,ergo        ] GC(115) PSAdaptiveSizePolicy::compute_eden_space_size limits: desired_eden_size: 220675327 old_eden_size: 195035136 eden_limit: 199229440 cur_eden: 195035136 max_eden_size: 199229440 avg_young_live: 26400080
[32.605s][debug  ][gc,ergo        ] GC(115) PSAdaptiveSizePolicy::compute_eden_space_size: costs minor_time: 0.047092 major_cost: 0.025128 mutator_cost: 0.927780 throughput_goal: 0.990000
[32.605s][debug  ][gc,ergo        ] GC(115) Live_space: 899773632 free_space: 1845493760
[32.605s][debug  ][gc,ergo        ] GC(115) Old eden_size: 195035136 desired_eden_size: 199229440
[32.605s][debug  ][gc,ergo        ] GC(115) AdaptiveSizeStop: collection: 116 
[32.605s][info   ][gc,heap        ] GC(115) PSYoungGen: 218699K(221696K)->30720K(226304K) Eden: 187979K(190464K)->0K(189952K) From: 30720K(31232K)->30720K(36352K)
[32.605s][info   ][gc,heap        ] GC(115) ParOldGen: 534115K(2227712K)->718436K(2227712K)
[32.605s][info   ][gc,metaspace   ] GC(115) Metaspace: 1022K(1216K)->1022K(1216K) NonClass: 938K(1024K)->938K(1024K) Class: 83K(192K)->83K(192K)
[32.605s][info   ][gc             ] GC(115) Pause Young (Allocation Failure) 735M->731M(2396M) 16.132ms
[32.605s][info   ][gc,cpu         ] GC(115) User=0.16s Sys=0.00s Real=0.02s
[32.605s][debug  ][gc,heap        ] GC(115) Heap after GC invocations=116 (full 15):
[32.605s][debug  ][gc,heap        ] GC(115)  PSYoungGen      total 226304K, used 30720K [0x00000007f0000000, 0x0000000800000000, 0x0000000800000000)
[32.605s][debug  ][gc,heap        ] GC(115)   eden space 189952K, 0% used [0x00000007f0000000,0x00000007f0000000,0x00000007fb980000)
[32.605s][debug  ][gc,heap        ] GC(115)   from space 36352K, 84% used [0x00000007fdc80000,0x00000007ffa80030,0x0000000800000000)
[32.605s][debug  ][gc,heap        ] GC(115)   to   space 35840K, 0% used [0x00000007fb980000,0x00000007fb980000,0x00000007fdc80000)
[32.606s][debug  ][gc,heap        ] GC(115)  ParOldGen       total 2227712K, used 718436K [0x0000000740000000, 0x00000007c7f80000, 0x00000007f0000000)
[32.606s][debug  ][gc,heap        ] GC(115)   object space 2227712K, 32% used [0x0000000740000000,0x000000076bd99058,0x00000007c7f80000)
[32.606s][debug  ][gc,heap        ] GC(115)  Metaspace       used 1022K, committed 1216K, reserved 1056768K
[32.606s][debug  ][gc,heap        ] GC(115)   class space    used 83K, committed 192K, reserved 1048576K
[32.606s][debug  ][gc,task,time   ] GC(115) VM-Thread 325887959 326036222 326055869
[32.888s][debug  ][gc,heap        ] GC(116) Heap before GC invocations=117 (full 15):
[32.888s][debug  ][gc,heap        ] GC(116)  PSYoungGen      total 226304K, used 218716K [0x00000007f0000000, 0x0000000800000000, 0x0000000800000000)
[32.888s][debug  ][gc,heap        ] GC(116)   eden space 189952K, 98% used [0x00000007f0000000,0x00000007fb797168,0x00000007fb980000)
[32.888s][debug  ][gc,heap        ] GC(116)   from space 36352K, 84% used [0x00000007fdc80000,0x00000007ffa80030,0x0000000800000000)
[32.888s][debug  ][gc,heap        ] GC(116)   to   space 35840K, 0% used [0x00000007fb980000,0x00000007fb980000,0x00000007fdc80000)
[32.888s][debug  ][gc,heap        ] GC(116)  ParOldGen       total 2227712K, used 718436K [0x0000000740000000, 0x00000007c7f80000, 0x00000007f0000000)
[32.888s][debug  ][gc,heap        ] GC(116)   object space 2227712K, 32% used [0x0000000740000000,0x000000076bd99058,0x00000007c7f80000)
[32.888s][debug  ][gc,heap        ] GC(116)  Metaspace       used 1022K, committed 1216K, reserved 1056768K
[32.888s][debug  ][gc,heap        ] GC(116)   class space    used 83K, committed 192K, reserved 1048576K
[32.888s][debug  ][gc,tlab        ] GC(116) TLAB totals: thrds: 1  refills: 1 max: 1 slow allocs: 17 max 17 waste: 26.4% gc: 3764296B max: 3764296B slow: 0B max: 0B
[32.888s][info   ][gc,start       ] GC(116) Pause Young (Allocation Failure)
[32.888s][debug  ][gc,phases,start] GC(116) Scavenge
[32.903s][debug  ][gc,phases      ] GC(116) Scavenge 14.342ms
[32.903s][debug  ][gc,phases,start] GC(116) Reference Processing
[32.903s][debug  ][gc,ref         ] GC(116) Skipped phase 1 of Reference Processing: no references
[32.903s][debug  ][gc,ref         ] GC(116) Skipped phase 2 of Reference Processing: no references
[32.903s][debug  ][gc,ref         ] GC(116) Skipped phase 3 of Reference Processing: no references
[32.903s][debug  ][gc,ref         ] GC(116) Skipped phase 4 of Reference Processing: no references
[32.903s][debug  ][gc,phases,ref  ] GC(116) Reference Processing: 0.1ms
[32.903s][debug  ][gc,phases,ref  ] GC(116)   Reconsider SoftReferences: 0.0ms
[32.903s][debug  ][gc,phases,ref  ] GC(116)     SoftRef (ms):                  skipped
[32.903s][debug  ][gc,phases,ref  ] GC(116)   Notify Soft/WeakReferences: 0.0ms
[32.903s][debug  ][gc,phases,ref  ] GC(116)     SoftRef (ms):                  skipped
[32.903s][debug  ][gc,phases,ref  ] GC(116)     WeakRef (ms):                  skipped
[32.903s][debug  ][gc,phases,ref  ] GC(116)     FinalRef (ms):                 skipped
[32.903s][debug  ][gc,phases,ref  ] GC(116)     Total (ms):                    skipped
[32.903s][debug  ][gc,phases,ref  ] GC(116)   Notify and keep alive finalizable: 0.0ms
[32.903s][debug  ][gc,phases,ref  ] GC(116)     FinalRef (ms):                 skipped
[32.903s][debug  ][gc,phases,ref  ] GC(116)   Notify PhantomReferences: 0.0ms
[32.903s][debug  ][gc,phases,ref  ] GC(116)     PhantomRef (ms):               skipped
[32.903s][debug  ][gc,phases,ref  ] GC(116)   SoftReference:
[32.903s][debug  ][gc,phases,ref  ] GC(116)     Discovered: 0
[32.903s][debug  ][gc,phases,ref  ] GC(116)     Cleared: 0
[32.903s][debug  ][gc,phases,ref  ] GC(116)   WeakReference:
[32.903s][debug  ][gc,phases,ref  ] GC(116)     Discovered: 0
[32.903s][debug  ][gc,phases,ref  ] GC(116)     Cleared: 0
[32.903s][debug  ][gc,phases,ref  ] GC(116)   FinalReference:
[32.903s][debug  ][gc,phases,ref  ] GC(116)     Discovered: 0
[32.903s][debug  ][gc,phases,ref  ] GC(116)     Cleared: 0
[32.903s][debug  ][gc,phases,ref  ] GC(116)   PhantomReference:
[32.903s][debug  ][gc,phases,ref  ] GC(116)     Discovered: 0
[32.903s][debug  ][gc,phases,ref  ] GC(116)     Cleared: 0
[32.903s][debug  ][gc,phases      ] GC(116) Reference Processing 0.681ms
[32.903s][debug  ][gc,phases,start] GC(116) Weak Processing
[32.904s][debug  ][gc,phases      ] GC(116)   VM Weak                        Min:  0.0, Avg:  0.0, Max:  0.0, Diff:  0.0, Sum:  0.0, Workers: 6
[32.904s][debug  ][gc,phases      ] GC(116)     Dead                           Min: 0, Avg:  0.0, Max: 0, Diff: 0, Sum: 0, Workers: 6
[32.904s][debug  ][gc,phases      ] GC(116)     Total                          Min: 0, Avg:  1.3, Max: 8, Diff: 8, Sum: 8, Workers: 6
[32.904s][debug  ][gc,phases      ] GC(116)   ObjectSynchronizer Weak        Min:  0.0, Avg:  0.0, Max:  0.0, Diff:  0.0, Sum:  0.0, Workers: 6
[32.904s][debug  ][gc,phases      ] GC(116)     Dead                           Min: 0, Avg:  0.0, Max: 0, Diff: 0, Sum: 0, Workers: 6
[32.904s][debug  ][gc,phases      ] GC(116)     Total                          Min: 0, Avg:  0.5, Max: 3, Diff: 3, Sum: 3, Workers: 6
[32.904s][debug  ][gc,phases      ] GC(116)   JVMTI Tag Weak OopStorage      Min:  0.0, Avg:  0.0, Max:  0.0, Diff:  0.0, Sum:  0.0, Workers: 6
[32.904s][debug  ][gc,phases      ] GC(116)     Dead                           Min: 0, Avg:  0.0, Max: 0, Diff: 0, Sum: 0, Workers: 6
[32.904s][debug  ][gc,phases      ] GC(116)     Total                          Min: 0, Avg:  0.0, Max: 0, Diff: 0, Sum: 0, Workers: 6
[32.904s][debug  ][gc,phases      ] GC(116)   StringTable Weak               Min:  0.0, Avg:  0.0, Max:  0.0, Diff:  0.0, Sum:  0.0, Workers: 6
[32.904s][debug  ][gc,phases      ] GC(116)     Dead                           Min: 0, Avg:  0.0, Max: 0, Diff: 0, Sum: 0, Workers: 6
[32.904s][debug  ][gc,phases      ] GC(116)     Total                          Min: 684, Avg: 892.5, Max: 1088, Diff: 404, Sum: 5355, Workers: 6
[32.904s][debug  ][gc,phases      ] GC(116)   ResolvedMethodTable Weak       Min:  0.0, Avg:  0.0, Max:  0.0, Diff:  0.0, Sum:  0.0, Workers: 6
[32.904s][debug  ][gc,phases      ] GC(116)     Dead                           Min: 0, Avg:  0.0, Max: 0, Diff: 0, Sum: 0, Workers: 6
[32.904s][debug  ][gc,phases      ] GC(116)     Total                          Min: 0, Avg: 21.7, Max: 64, Diff: 64, Sum: 130, Workers: 6
[32.904s][debug  ][gc,phases      ] GC(116)   JNI Weak                       Min:  0.0, Avg:  0.0, Max:  0.0, Diff:  0.0, Sum:  0.0, Workers: 6
[32.904s][debug  ][gc,phases      ] GC(116)     Dead                           Min: 0, Avg:  0.0, Max: 0, Diff: 0, Sum: 0, Workers: 6
[32.904s][debug  ][gc,phases      ] GC(116)     Total                          Min: 0, Avg:  0.0, Max: 0, Diff: 0, Sum: 0, Workers: 6
[32.904s][debug  ][gc,phases      ] GC(116)   StringDedup Table Weak         Min:  0.0, Avg:  0.0, Max:  0.0, Diff:  0.0, Sum:  0.0, Workers: 6
[32.904s][debug  ][gc,phases      ] GC(116)     Dead                           Min: 0, Avg:  0.0, Max: 0, Diff: 0, Sum: 0, Workers: 6
[32.904s][debug  ][gc,phases      ] GC(116)     Total                          Min: 0, Avg:  0.0, Max: 0, Diff: 0, Sum: 0, Workers: 6
[32.904s][debug  ][gc,phases      ] GC(116)   StringDedup Requests0 Weak     Min:  0.0, Avg:  0.0, Max:  0.0, Diff:  0.0, Sum:  0.0, Workers: 6
[32.904s][debug  ][gc,phases      ] GC(116)     Dead                           Min: 0, Avg:  0.0, Max: 0, Diff: 0, Sum: 0, Workers: 6
[32.904s][debug  ][gc,phases      ] GC(116)     Total                          Min: 0, Avg:  0.0, Max: 0, Diff: 0, Sum: 0, Workers: 6
[32.904s][debug  ][gc,phases      ] GC(116)   StringDedup Requests1 Weak     Min:  0.0, Avg:  0.0, Max:  0.0, Diff:  0.0, Sum:  0.0, Workers: 6
[32.904s][debug  ][gc,phases      ] GC(116)     Dead                           Min: 0, Avg:  0.0, Max: 0, Diff: 0, Sum: 0, Workers: 6
[32.904s][debug  ][gc,phases      ] GC(116)     Total                          Min: 0, Avg:  0.0, Max: 0, Diff: 0, Sum: 0, Workers: 6
[32.904s][debug  ][gc,phases      ] GC(116)   Weak JFR Old Object Samples    Min:  0.0, Avg:  0.0, Max:  0.0, Diff:  0.0, Sum:  0.0, Workers: 6
[32.904s][debug  ][gc,phases      ] GC(116)     Dead                           Min: 0, Avg:  0.0, Max: 0, Diff: 0, Sum: 0, Workers: 6
[32.904s][debug  ][gc,phases      ] GC(116)     Total                          Min: 0, Avg:  0.0, Max: 0, Diff: 0, Sum: 0, Workers: 6
[32.904s][debug  ][gc,phases      ] GC(116) Weak Processing 0.694ms
[32.904s][debug  ][gc,ergo        ] GC(116) AdaptiveSizeStart:  collection: 117 
[32.904s][debug  ][gc,ergo        ] GC(116) avg_survived_padded_avg: 36567704.000000
[32.904s][debug  ][gc,ergo        ] GC(116) avg_promoted_padded_avg: 239182176.000000  avg_pretenured_padded_avg: 0.000000  tenuring_thresh: 1  target_size: 36700160
[32.904s][debug  ][gc,age         ] GC(116) Desired survivor size 36700160 bytes, new threshold 1 (max threshold 15)
[32.904s][debug  ][gc,ergo        ] GC(116) PSAdaptiveSizePolicy::compute_eden_space_size limits: desired_eden_size: 220425051 old_eden_size: 199229440 eden_limit: 194510848 cur_eden: 194510848 max_eden_size: 194510848 avg_young_live: 26905804
[32.904s][debug  ][gc,ergo        ] GC(116) PSAdaptiveSizePolicy::compute_eden_space_size: costs minor_time: 0.048568 major_cost: 0.025128 mutator_cost: 0.926304 throughput_goal: 0.990000
[32.904s][debug  ][gc,ergo        ] GC(116) Live_space: 900279360 free_space: 1849688064
[32.904s][debug  ][gc,ergo        ] GC(116) Old eden_size: 199229440 desired_eden_size: 194510848
[32.904s][debug  ][gc,ergo        ] GC(116) AdaptiveSizeStop: collection: 117 
[32.904s][info   ][gc,heap        ] GC(116) PSYoungGen: 218716K(226304K)->30720K(225792K) Eden: 187996K(189952K)->0K(189952K) From: 30720K(36352K)->30720K(35840K)
[32.904s][info   ][gc,heap        ] GC(116) ParOldGen: 718436K(2227712K)->902756K(2227712K)
[32.904s][info   ][gc,metaspace   ] GC(116) Metaspace: 1022K(1216K)->1022K(1216K) NonClass: 938K(1024K)->938K(1024K) Class: 83K(192K)->83K(192K)
[32.904s][info   ][gc             ] GC(116) Pause Young (Allocation Failure) 915M->911M(2396M) 16.175ms
[32.904s][info   ][gc,cpu         ] GC(116) User=0.16s Sys=0.00s Real=0.02s
[32.904s][debug  ][gc,heap        ] GC(116) Heap after GC invocations=117 (full 15):
[32.905s][debug  ][gc,heap        ] GC(116)  PSYoungGen      total 225792K, used 30720K [0x00000007f0000000, 0x0000000800000000, 0x0000000800000000)
[32.905s][debug  ][gc,heap        ] GC(116)   eden space 189952K, 0% used [0x00000007f0000000,0x00000007f0000000,0x00000007fb980000)
[32.905s][debug  ][gc,heap        ] GC(116)   from space 35840K, 85% used [0x00000007fb980000,0x00000007fd780030,0x00000007fdc80000)
[32.905s][debug  ][gc,heap        ] GC(116)   to   space 35840K, 0% used [0x00000007fdd00000,0x00000007fdd00000,0x0000000800000000)
[32.905s][debug  ][gc,heap        ] GC(116)  ParOldGen       total 2227712K, used 902756K [0x0000000740000000, 0x00000007c7f80000, 0x00000007f0000000)
[32.905s][debug  ][gc,heap        ] GC(116)   object space 2227712K, 40% used [0x0000000740000000,0x0000000777199178,0x00000007c7f80000)
[32.905s][debug  ][gc,heap        ] GC(116)  Metaspace       used 1022K, committed 1216K, reserved 1056768K
[32.905s][debug  ][gc,heap        ] GC(116)   class space    used 83K, committed 192K, reserved 1048576K
[32.905s][debug  ][gc,task,time   ] GC(116) VM-Thread 328877844 329027523 329046731
[33.189s][debug  ][gc,heap        ] GC(117) Heap before GC invocations=118 (full 15):
[33.189s][debug  ][gc,heap        ] GC(117)  PSYoungGen      total 225792K, used 218733K [0x00000007f0000000, 0x0000000800000000, 0x0000000800000000)
[33.189s][debug  ][gc,heap        ] GC(117)   eden space 189952K, 98% used [0x00000007f0000000,0x00000007fb79b590,0x00000007fb980000)
[33.189s][debug  ][gc,heap        ] GC(117)   from space 35840K, 85% used [0x00000007fb980000,0x00000007fd780030,0x00000007fdc80000)
[33.189s][debug  ][gc,heap        ] GC(117)   to   space 35840K, 0% used [0x00000007fdd00000,0x00000007fdd00000,0x0000000800000000)
[33.189s][debug  ][gc,heap        ] GC(117)  ParOldGen       total 2227712K, used 902756K [0x0000000740000000, 0x00000007c7f80000, 0x00000007f0000000)
[33.189s][debug  ][gc,heap        ] GC(117)   object space 2227712K, 40% used [0x0000000740000000,0x0000000777199178,0x00000007c7f80000)
[33.189s][debug  ][gc,heap        ] GC(117)  Metaspace       used 1022K, committed 1216K, reserved 1056768K
[33.189s][debug  ][gc,heap        ] GC(117)   class space    used 83K, committed 192K, reserved 1048576K
[33.189s][debug  ][gc,tlab        ] GC(117) TLAB totals: thrds: 1  refills: 1 max: 1 slow allocs: 17 max 17 waste: 26.5% gc: 3780680B max: 3780680B slow: 0B max: 0B
[33.189s][info   ][gc,start       ] GC(117) Pause Young (Allocation Failure)
[33.189s][debug  ][gc,phases,start] GC(117) Scavenge
[33.196s][debug  ][gc,phases      ] GC(117) Scavenge 6.509ms
[33.196s][debug  ][gc,phases,start] GC(117) Reference Processing
[33.196s][debug  ][gc,ref         ] GC(117) Skipped phase 1 of Reference Processing: no references
[33.196s][debug  ][gc,ref         ] GC(117) Skipped phase 2 of Reference Processing: no references
[33.196s][debug  ][gc,ref         ] GC(117) Skipped phase 3 of Reference Processing: no references
[33.196s][debug  ][gc,ref         ] GC(117) Skipped phase 4 of Reference Processing: no references
[33.196s][debug  ][gc,phases,ref  ] GC(117) Reference Processing: 0.1ms
[33.196s][debug  ][gc,phases,ref  ] GC(117)   Reconsider SoftReferences: 0.0ms
[33.196s][debug  ][gc,phases,ref  ] GC(117)     SoftRef (ms):                  skipped
[33.196s][debug  ][gc,phases,ref  ] GC(117)   Notify Soft/WeakReferences: 0.0ms
[33.196s][debug  ][gc,phases,ref  ] GC(117)     SoftRef (ms):                  skipped
[33.196s][debug  ][gc,phases,ref  ] GC(117)     WeakRef (ms):                  skipped
[33.196s][debug  ][gc,phases,ref  ] GC(117)     FinalRef (ms):                 skipped
[33.196s][debug  ][gc,phases,ref  ] GC(117)     Total (ms):                    skipped
[33.196s][debug  ][gc,phases,ref  ] GC(117)   Notify and keep alive finalizable: 0.0ms
[33.196s][debug  ][gc,phases,ref  ] GC(117)     FinalRef (ms):                 skipped
[33.196s][debug  ][gc,phases,ref  ] GC(117)   Notify PhantomReferences: 0.0ms
[33.196s][debug  ][gc,phases,ref  ] GC(117)     PhantomRef (ms):               skipped
[33.196s][debug  ][gc,phases,ref  ] GC(117)   SoftReference:
[33.196s][debug  ][gc,phases,ref  ] GC(117)     Discovered: 0
[33.196s][debug  ][gc,phases,ref  ] GC(117)     Cleared: 0
[33.196s][debug  ][gc,phases,ref  ] GC(117)   WeakReference:
[33.196s][debug  ][gc,phases,ref  ] GC(117)     Discovered: 0
[33.196s][debug  ][gc,phases,ref  ] GC(117)     Cleared: 0
[33.197s][debug  ][gc,phases,ref  ] GC(117)   FinalReference:
[33.197s][debug  ][gc,phases,ref  ] GC(117)     Discovered: 0
[33.197s][debug  ][gc,phases,ref  ] GC(117)     Cleared: 0
[33.197s][debug  ][gc,phases,ref  ] GC(117)   PhantomReference:
[33.197s][debug  ][gc,phases,ref  ] GC(117)     Discovered: 0
[33.197s][debug  ][gc,phases,ref  ] GC(117)     Cleared: 0
[33.197s][debug  ][gc,phases      ] GC(117) Reference Processing 0.678ms
[33.197s][debug  ][gc,phases,start] GC(117) Weak Processing
[33.197s][debug  ][gc,phases      ] GC(117)   VM Weak                        Min:  0.0, Avg:  0.0, Max:  0.0, Diff:  0.0, Sum:  0.0, Workers: 6
[33.197s][debug  ][gc,phases      ] GC(117)     Dead                           Min: 0, Avg:  0.0, Max: 0, Diff: 0, Sum: 0, Workers: 6
[33.197s][debug  ][gc,phases      ] GC(117)     Total                          Min: 0, Avg:  1.3, Max: 8, Diff: 8, Sum: 8, Workers: 6
[33.197s][debug  ][gc,phases      ] GC(117)   ObjectSynchronizer Weak        Min:  0.0, Avg:  0.0, Max:  0.0, Diff:  0.0, Sum:  0.0, Workers: 6
[33.197s][debug  ][gc,phases      ] GC(117)     Dead                           Min: 0, Avg:  0.0, Max: 0, Diff: 0, Sum: 0, Workers: 6
[33.197s][debug  ][gc,phases      ] GC(117)     Total                          Min: 0, Avg:  0.5, Max: 3, Diff: 3, Sum: 3, Workers: 6
[33.197s][debug  ][gc,phases      ] GC(117)   JVMTI Tag Weak OopStorage      Min:  0.0, Avg:  0.0, Max:  0.0, Diff:  0.0, Sum:  0.0, Workers: 6
[33.197s][debug  ][gc,phases      ] GC(117)     Dead                           Min: 0, Avg:  0.0, Max: 0, Diff: 0, Sum: 0, Workers: 6
[33.197s][debug  ][gc,phases      ] GC(117)     Total                          Min: 0, Avg:  0.0, Max: 0, Diff: 0, Sum: 0, Workers: 6
[33.197s][debug  ][gc,phases      ] GC(117)   StringTable Weak               Min:  0.0, Avg:  0.0, Max:  0.0, Diff:  0.0, Sum:  0.0, Workers: 6
[33.197s][debug  ][gc,phases      ] GC(117)     Dead                           Min: 0, Avg:  0.0, Max: 0, Diff: 0, Sum: 0, Workers: 6
[33.197s][debug  ][gc,phases      ] GC(117)     Total                          Min: 703, Avg: 892.5, Max: 1088, Diff: 385, Sum: 5355, Workers: 6
[33.197s][debug  ][gc,phases      ] GC(117)   ResolvedMethodTable Weak       Min:  0.0, Avg:  0.0, Max:  0.0, Diff:  0.0, Sum:  0.0, Workers: 6
[33.197s][debug  ][gc,phases      ] GC(117)     Dead                           Min: 0, Avg:  0.0, Max: 0, Diff: 0, Sum: 0, Workers: 6
[33.197s][debug  ][gc,phases      ] GC(117)     Total                          Min: 0, Avg: 21.7, Max: 64, Diff: 64, Sum: 130, Workers: 6
[33.197s][debug  ][gc,phases      ] GC(117)   JNI Weak                       Min:  0.0, Avg:  0.0, Max:  0.0, Diff:  0.0, Sum:  0.0, Workers: 6
[33.197s][debug  ][gc,phases      ] GC(117)     Dead                           Min: 0, Avg:  0.0, Max: 0, Diff: 0, Sum: 0, Workers: 6
[33.197s][debug  ][gc,phases      ] GC(117)     Total                          Min: 0, Avg:  0.0, Max: 0, Diff: 0, Sum: 0, Workers: 6
[33.197s][debug  ][gc,phases      ] GC(117)   StringDedup Table Weak         Min:  0.0, Avg:  0.0, Max:  0.0, Diff:  0.0, Sum:  0.0, Workers: 6
[33.197s][debug  ][gc,phases      ] GC(117)     Dead                           Min: 0, Avg:  0.0, Max: 0, Diff: 0, Sum: 0, Workers: 6
[33.197s][debug  ][gc,phases      ] GC(117)     Total                          Min: 0, Avg:  0.0, Max: 0, Diff: 0, Sum: 0, Workers: 6
[33.197s][debug  ][gc,phases      ] GC(117)   StringDedup Requests0 Weak     Min:  0.0, Avg:  0.0, Max:  0.0, Diff:  0.0, Sum:  0.0, Workers: 6
[33.197s][debug  ][gc,phases      ] GC(117)     Dead                           Min: 0, Avg:  0.0, Max: 0, Diff: 0, Sum: 0, Workers: 6
[33.197s][debug  ][gc,phases      ] GC(117)     Total                          Min: 0, Avg:  0.0, Max: 0, Diff: 0, Sum: 0, Workers: 6
[33.197s][debug  ][gc,phases      ] GC(117)   StringDedup Requests1 Weak     Min:  0.0, Avg:  0.0, Max:  0.0, Diff:  0.0, Sum:  0.0, Workers: 6
[33.197s][debug  ][gc,phases      ] GC(117)     Dead                           Min: 0, Avg:  0.0, Max: 0, Diff: 0, Sum: 0, Workers: 6
[33.197s][debug  ][gc,phases      ] GC(117)     Total                          Min: 0, Avg:  0.0, Max: 0, Diff: 0, Sum: 0, Workers: 6
[33.198s][debug  ][gc,phases      ] GC(117)   Weak JFR Old Object Samples    Min:  0.0, Avg:  0.0, Max:  0.0, Diff:  0.0, Sum:  0.0, Workers: 6
[33.198s][debug  ][gc,phases      ] GC(117)     Dead                           Min: 0, Avg:  0.0, Max: 0, Diff: 0, Sum: 0, Workers: 6
[33.198s][debug  ][gc,phases      ] GC(117)     Total                          Min: 0, Avg:  0.0, Max: 0, Diff: 0, Sum: 0, Workers: 6
[33.198s][debug  ][gc,phases      ] GC(117) Weak Processing 0.913ms
[33.198s][debug  ][gc,ergo        ] GC(117) AdaptiveSizeStart:  collection: 118 
[33.198s][debug  ][gc,ergo        ] GC(117) avg_survived_padded_avg: 36443468.000000
[33.198s][debug  ][gc,ergo        ] GC(117) avg_promoted_padded_avg: 248783936.000000  avg_pretenured_padded_avg: 0.000000  tenuring_thresh: 1  target_size: 36700160
[33.198s][debug  ][gc,age         ] GC(117) Desired survivor size 36700160 bytes, new threshold 1 (max threshold 15)
[33.198s][debug  ][gc,ergo        ] GC(117) PSAdaptiveSizePolicy::compute_eden_space_size limits: desired_eden_size: 219421732 old_eden_size: 194510848 eden_limit: 195035136 cur_eden: 194510848 max_eden_size: 195035136 avg_young_live: 27360956
[33.198s][debug  ][gc,ergo        ] GC(117) PSAdaptiveSizePolicy::compute_eden_space_size: costs minor_time: 0.043437 major_cost: 0.025128 mutator_cost: 0.931435 throughput_goal: 0.990000
[33.198s][debug  ][gc,ergo        ] GC(117) Live_space: 900734528 free_space: 1844969472
[33.198s][debug  ][gc,ergo        ] GC(117) Old eden_size: 194510848 desired_eden_size: 195035136
[33.198s][debug  ][gc,ergo        ] GC(117) AdaptiveSizeStop: collection: 118 
[33.198s][info   ][gc,heap        ] GC(117) PSYoungGen: 218733K(225792K)->30720K(226304K) Eden: 188013K(189952K)->0K(190464K) From: 30720K(35840K)->30720K(35840K)
[33.198s][info   ][gc,heap        ] GC(117) ParOldGen: 902756K(2227712K)->964196K(2227712K)
[33.198s][info   ][gc,metaspace   ] GC(117) Metaspace: 1022K(1216K)->1022K(1216K) NonClass: 938K(1024K)->938K(1024K) Class: 83K(192K)->83K(192K)
[33.198s][info   ][gc             ] GC(117) Pause Young (Allocation Failure) 1095M->971M(2396M) 8.628ms
[33.198s][info   ][gc,cpu         ] GC(117) User=0.16s Sys=0.00s Real=0.01s
[33.198s][debug  ][gc,heap        ] GC(117) Heap after GC invocations=118 (full 15):
[33.198s][debug  ][gc,heap        ] GC(117)  PSYoungGen      total 226304K, used 30720K [0x00000007f0000000, 0x0000000800000000, 0x0000000800000000)
[33.198s][debug  ][gc,heap        ] GC(117)   eden space 190464K, 0% used [0x00000007f0000000,0x00000007f0000000,0x00000007fba00000)
[33.198s][debug  ][gc,heap        ] GC(117)   from space 35840K, 85% used [0x00000007fdd00000,0x00000007ffb00030,0x0000000800000000)
[33.198s][debug  ][gc,heap        ] GC(117)   to   space 35840K, 0% used [0x00000007fba00000,0x00000007fba00000,0x00000007fdd00000)
[33.198s][debug  ][gc,heap        ] GC(117)  ParOldGen       total 2227712K, used 964196K [0x0000000740000000, 0x00000007c7f80000, 0x00000007f0000000)
[33.198s][debug  ][gc,heap        ] GC(117)   object space 2227712K, 43% used [0x0000000740000000,0x000000077ad991d8,0x00000007c7f80000)
[33.198s][debug  ][gc,heap        ] GC(117)  Metaspace       used 1022K, committed 1216K, reserved 1056768K
[33.198s][debug  ][gc,heap        ] GC(117)   class space    used 83K, committed 192K, reserved 1048576K
[33.198s][debug  ][gc,task,time   ] GC(117) VM-Thread 331889366 331959651 331982799
[33.490s][debug  ][gc,heap        ] GC(118) Heap before GC invocations=119 (full 15):
[33.490s][debug  ][gc,heap        ] GC(118)  PSYoungGen      total 226304K, used 218754K [0x00000007f0000000, 0x0000000800000000, 0x0000000800000000)
[33.490s][debug  ][gc,heap        ] GC(118)   eden space 190464K, 98% used [0x00000007f0000000,0x00000007fb7a0950,0x00000007fba00000)
[33.490s][debug  ][gc,heap        ] GC(118)   from space 35840K, 85% used [0x00000007fdd00000,0x00000007ffb00030,0x0000000800000000)
[33.490s][debug  ][gc,heap        ] GC(118)   to   space 35840K, 0% used [0x00000007fba00000,0x00000007fba00000,0x00000007fdd00000)
[33.490s][debug  ][gc,heap        ] GC(118)  ParOldGen       total 2227712K, used 964196K [0x0000000740000000, 0x00000007c7f80000, 0x00000007f0000000)
[33.490s][debug  ][gc,heap        ] GC(118)   object space 2227712K, 43% used [0x0000000740000000,0x000000077ad991d8,0x00000007c7f80000)
[33.490s][debug  ][gc,heap        ] GC(118)  Metaspace       used 1022K, committed 1216K, reserved 1056768K
[33.490s][debug  ][gc,heap        ] GC(118)   class space    used 83K, committed 192K, reserved 1048576K
[33.490s][debug  ][gc,tlab        ] GC(118) TLAB totals: thrds: 1  refills: 1 max: 1 slow allocs: 17 max 17 waste: 26.6% gc: 3803184B max: 3803184B slow: 0B max: 0B
[33.490s][info   ][gc,start       ] GC(118) Pause Young (Allocation Failure)
[33.490s][debug  ][gc,phases,start] GC(118) Scavenge
[33.505s][debug  ][gc,phases      ] GC(118) Scavenge 14.338ms
[33.505s][debug  ][gc,phases,start] GC(118) Reference Processing
[33.505s][debug  ][gc,ref         ] GC(118) Skipped phase 1 of Reference Processing: no references
[33.505s][debug  ][gc,ref         ] GC(118) Skipped phase 2 of Reference Processing: no references
[33.505s][debug  ][gc,ref         ] GC(118) Skipped phase 3 of Reference Processing: no references
[33.505s][debug  ][gc,ref         ] GC(118) Skipped phase 4 of Reference Processing: no references
[33.505s][debug  ][gc,phases,ref  ] GC(118) Reference Processing: 0.1ms
[33.505s][debug  ][gc,phases,ref  ] GC(118)   Reconsider SoftReferences: 0.0ms
[33.505s][debug  ][gc,phases,ref  ] GC(118)     SoftRef (ms):                  skipped
[33.505s][debug  ][gc,phases,ref  ] GC(118)   Notify Soft/WeakReferences: 0.0ms
[33.505s][debug  ][gc,phases,ref  ] GC(118)     SoftRef (ms):                  skipped
[33.505s][debug  ][gc,phases,ref  ] GC(118)     WeakRef (ms):                  skipped
[33.505s][debug  ][gc,phases,ref  ] GC(118)     FinalRef (ms):                 skipped
[33.505s][debug  ][gc,phases,ref  ] GC(118)     Total (ms):                    skipped
[33.505s][debug  ][gc,phases,ref  ] GC(118)   Notify and keep alive finalizable: 0.0ms
[33.505s][debug  ][gc,phases,ref  ] GC(118)     FinalRef (ms):                 skipped
[33.505s][debug  ][gc,phases,ref  ] GC(118)   Notify PhantomReferences: 0.0ms
[33.505s][debug  ][gc,phases,ref  ] GC(118)     PhantomRef (ms):               skipped
[33.505s][debug  ][gc,phases,ref  ] GC(118)   SoftReference:
[33.505s][debug  ][gc,phases,ref  ] GC(118)     Discovered: 0
[33.505s][debug  ][gc,phases,ref  ] GC(118)     Cleared: 0
[33.505s][debug  ][gc,phases,ref  ] GC(118)   WeakReference:
[33.505s][debug  ][gc,phases,ref  ] GC(118)     Discovered: 0
[33.505s][debug  ][gc,phases,ref  ] GC(118)     Cleared: 0
[33.506s][debug  ][gc,phases,ref  ] GC(118)   FinalReference:
[33.506s][debug  ][gc,phases,ref  ] GC(118)     Discovered: 0
[33.506s][debug  ][gc,phases,ref  ] GC(118)     Cleared: 0
[33.506s][debug  ][gc,phases,ref  ] GC(118)   PhantomReference:
[33.506s][debug  ][gc,phases,ref  ] GC(118)     Discovered: 0
[33.506s][debug  ][gc,phases,ref  ] GC(118)     Cleared: 0
[33.506s][debug  ][gc,phases      ] GC(118) Reference Processing 0.779ms
[33.506s][debug  ][gc,phases,start] GC(118) Weak Processing
[33.506s][debug  ][gc,phases      ] GC(118)   VM Weak                        Min:  0.0, Avg:  0.0, Max:  0.0, Diff:  0.0, Sum:  0.0, Workers: 6
[33.506s][debug  ][gc,phases      ] GC(118)     Dead                           Min: 0, Avg:  0.0, Max: 0, Diff: 0, Sum: 0, Workers: 6
[33.506s][debug  ][gc,phases      ] GC(118)     Total                          Min: 0, Avg:  1.3, Max: 8, Diff: 8, Sum: 8, Workers: 6
[33.506s][debug  ][gc,phases      ] GC(118)   ObjectSynchronizer Weak        Min:  0.0, Avg:  0.0, Max:  0.0, Diff:  0.0, Sum:  0.0, Workers: 6
[33.506s][debug  ][gc,phases      ] GC(118)     Dead                           Min: 0, Avg:  0.0, Max: 0, Diff: 0, Sum: 0, Workers: 6
[33.506s][debug  ][gc,phases      ] GC(118)     Total                          Min: 0, Avg:  0.5, Max: 3, Diff: 3, Sum: 3, Workers: 6
[33.506s][debug  ][gc,phases      ] GC(118)   JVMTI Tag Weak OopStorage      Min:  0.0, Avg:  0.0, Max:  0.0, Diff:  0.0, Sum:  0.0, Workers: 6
[33.506s][debug  ][gc,phases      ] GC(118)     Dead                           Min: 0, Avg:  0.0, Max: 0, Diff: 0, Sum: 0, Workers: 6
[33.506s][debug  ][gc,phases      ] GC(118)     Total                          Min: 0, Avg:  0.0, Max: 0, Diff: 0, Sum: 0, Workers: 6
[33.506s][debug  ][gc,phases      ] GC(118)   StringTable Weak               Min:  0.0, Avg:  0.0, Max:  0.0, Diff:  0.0, Sum:  0.0, Workers: 6
[33.506s][debug  ][gc,phases      ] GC(118)     Dead                           Min: 0, Avg:  0.0, Max: 0, Diff: 0, Sum: 0, Workers: 6
[33.506s][debug  ][gc,phases      ] GC(118)     Total                          Min: 704, Avg: 892.5, Max: 1152, Diff: 448, Sum: 5355, Workers: 6
[33.506s][debug  ][gc,phases      ] GC(118)   ResolvedMethodTable Weak       Min:  0.0, Avg:  0.0, Max:  0.0, Diff:  0.0, Sum:  0.0, Workers: 6
[33.506s][debug  ][gc,phases      ] GC(118)     Dead                           Min: 0, Avg:  0.0, Max: 0, Diff: 0, Sum: 0, Workers: 6
[33.506s][debug  ][gc,phases      ] GC(118)     Total                          Min: 0, Avg: 21.7, Max: 64, Diff: 64, Sum: 130, Workers: 6
[33.506s][debug  ][gc,phases      ] GC(118)   JNI Weak                       Min:  0.0, Avg:  0.0, Max:  0.0, Diff:  0.0, Sum:  0.0, Workers: 6
[33.506s][debug  ][gc,phases      ] GC(118)     Dead                           Min: 0, Avg:  0.0, Max: 0, Diff: 0, Sum: 0, Workers: 6
[33.506s][debug  ][gc,phases      ] GC(118)     Total                          Min: 0, Avg:  0.0, Max: 0, Diff: 0, Sum: 0, Workers: 6
[33.506s][debug  ][gc,phases      ] GC(118)   StringDedup Table Weak         Min:  0.0, Avg:  0.0, Max:  0.0, Diff:  0.0, Sum:  0.0, Workers: 6
[33.506s][debug  ][gc,phases      ] GC(118)     Dead                           Min: 0, Avg:  0.0, Max: 0, Diff: 0, Sum: 0, Workers: 6
[33.506s][debug  ][gc,phases      ] GC(118)     Total                          Min: 0, Avg:  0.0, Max: 0, Diff: 0, Sum: 0, Workers: 6
[33.506s][debug  ][gc,phases      ] GC(118)   StringDedup Requests0 Weak     Min:  0.0, Avg:  0.0, Max:  0.0, Diff:  0.0, Sum:  0.0, Workers: 6
[33.506s][debug  ][gc,phases      ] GC(118)     Dead                           Min: 0, Avg:  0.0, Max: 0, Diff: 0, Sum: 0, Workers: 6
[33.506s][debug  ][gc,phases      ] GC(118)     Total                          Min: 0, Avg:  0.0, Max: 0, Diff: 0, Sum: 0, Workers: 6
[33.506s][debug  ][gc,phases      ] GC(118)   StringDedup Requests1 Weak     Min:  0.0, Avg:  0.0, Max:  0.0, Diff:  0.0, Sum:  0.0, Workers: 6
[33.506s][debug  ][gc,phases      ] GC(118)     Dead                           Min: 0, Avg:  0.0, Max: 0, Diff: 0, Sum: 0, Workers: 6
[33.506s][debug  ][gc,phases      ] GC(118)     Total                          Min: 0, Avg:  0.0, Max: 0, Diff: 0, Sum: 0, Workers: 6
[33.506s][debug  ][gc,phases      ] GC(118)   Weak JFR Old Object Samples    Min:  0.0, Avg:  0.0, Max:  0.0, Diff:  0.0, Sum:  0.0, Workers: 6
[33.506s][debug  ][gc,phases      ] GC(118)     Dead                           Min: 0, Avg:  0.0, Max: 0, Diff: 0, Sum: 0, Workers: 6
[33.506s][debug  ][gc,phases      ] GC(118)     Total                          Min: 0, Avg:  0.0, Max: 0, Diff: 0, Sum: 0, Workers: 6
[33.506s][debug  ][gc,phases      ] GC(118) Weak Processing 0.744ms
[33.506s][debug  ][gc,ergo        ] GC(118) AdaptiveSizeStart:  collection: 119 
[33.506s][debug  ][gc,ergo        ] GC(118) avg_survived_padded_avg: 36292976.000000
[33.507s][debug  ][gc,ergo        ] GC(118) avg_promoted_padded_avg: 252248192.000000  avg_pretenured_padded_avg: 0.000000  tenuring_thresh: 1  target_size: 36700160
[33.507s][debug  ][gc,age         ] GC(118) Desired survivor size 36700160 bytes, new threshold 1 (max threshold 15)
[33.507s][debug  ][gc,ergo        ] GC(118) PSAdaptiveSizePolicy::compute_eden_space_size limits: desired_eden_size: 220371155 old_eden_size: 195035136 eden_limit: 195035136 cur_eden: 195035136 max_eden_size: 195035136 avg_young_live: 27770592
[33.507s][debug  ][gc,ergo        ] GC(118) PSAdaptiveSizePolicy::compute_eden_space_size: costs minor_time: 0.045521 major_cost: 0.025128 mutator_cost: 0.929351 throughput_goal: 0.990000
[33.507s][debug  ][gc,ergo        ] GC(118) Live_space: 901144192 free_space: 1845493760
[33.507s][debug  ][gc,ergo        ] GC(118) Old eden_size: 195035136 desired_eden_size: 195035136
[33.507s][debug  ][gc,ergo        ] GC(118) AdaptiveSizeStop: collection: 119 
[33.507s][info   ][gc,heap        ] GC(118) PSYoungGen: 218754K(226304K)->30720K(226304K) Eden: 188034K(190464K)->0K(190464K) From: 30720K(35840K)->30720K(35840K)
[33.507s][info   ][gc,heap        ] GC(118) ParOldGen: 964196K(2227712K)->1148516K(2227712K)
[33.507s][info   ][gc,metaspace   ] GC(118) Metaspace: 1022K(1216K)->1022K(1216K) NonClass: 938K(1024K)->938K(1024K) Class: 83K(192K)->83K(192K)
[33.507s][info   ][gc             ] GC(118) Pause Young (Allocation Failure) 1155M->1151M(2396M) 16.313ms
[33.507s][info   ][gc,cpu         ] GC(118) User=0.09s Sys=0.00s Real=0.02s
[33.507s][debug  ][gc,heap        ] GC(118) Heap after GC invocations=119 (full 15):
[33.507s][debug  ][gc,heap        ] GC(118)  PSYoungGen      total 226304K, used 30720K [0x00000007f0000000, 0x0000000800000000, 0x0000000800000000)
[33.507s][debug  ][gc,heap        ] GC(118)   eden space 190464K, 0% used [0x00000007f0000000,0x00000007f0000000,0x00000007fba00000)
[33.507s][debug  ][gc,heap        ] GC(118)   from space 35840K, 85% used [0x00000007fba00000,0x00000007fd800030,0x00000007fdd00000)
[33.507s][debug  ][gc,heap        ] GC(118)   to   space 35840K, 0% used [0x00000007fdd00000,0x00000007fdd00000,0x0000000800000000)
[33.507s][debug  ][gc,heap        ] GC(118)  ParOldGen       total 2227712K, used 1148516K [0x0000000740000000, 0x00000007c7f80000, 0x00000007f0000000)
[33.507s][debug  ][gc,heap        ] GC(118)   object space 2227712K, 51% used [0x0000000740000000,0x00000007861992f8,0x00000007c7f80000)
[33.507s][debug  ][gc,heap        ] GC(118)  Metaspace       used 1022K, committed 1216K, reserved 1056768K
[33.507s][debug  ][gc,heap        ] GC(118)   class space    used 83K, committed 192K, reserved 1048576K
[33.507s][debug  ][gc,task,time   ] GC(118) VM-Thread 334900263 335048936 335069687
[33.791s][debug  ][gc,heap        ] GC(119) Heap before GC invocations=120 (full 15):
[33.791s][debug  ][gc,heap        ] GC(119)  PSYoungGen      total 226304K, used 218761K [0x00000007f0000000, 0x0000000800000000, 0x0000000800000000)
[33.791s][debug  ][gc,heap        ] GC(119)   eden space 190464K, 98% used [0x00000007f0000000,0x00000007fb7a2558,0x00000007fba00000)
[33.791s][debug  ][gc,heap        ] GC(119)   from space 35840K, 85% used [0x00000007fba00000,0x00000007fd800030,0x00000007fdd00000)
[33.791s][debug  ][gc,heap        ] GC(119)   to   space 35840K, 0% used [0x00000007fdd00000,0x00000007fdd00000,0x0000000800000000)
[33.791s][debug  ][gc,heap        ] GC(119)  ParOldGen       total 2227712K, used 1148516K [0x0000000740000000, 0x00000007c7f80000, 0x00000007f0000000)
[33.791s][debug  ][gc,heap        ] GC(119)   object space 2227712K, 51% used [0x0000000740000000,0x00000007861992f8,0x00000007c7f80000)
[33.791s][debug  ][gc,heap        ] GC(119)  Metaspace       used 1022K, committed 1216K, reserved 1056768K
[33.792s][debug  ][gc,heap        ] GC(119)   class space    used 83K, committed 192K, reserved 1048576K
[33.792s][debug  ][gc,tlab        ] GC(119) TLAB totals: thrds: 1  refills: 1 max: 1 slow allocs: 17 max 17 waste: 26.7% gc: 3810360B max: 3810360B slow: 0B max: 0B
[33.792s][info   ][gc,start       ] GC(119) Pause Young (Allocation Failure)
[33.792s][debug  ][gc,phases,start] GC(119) Scavenge
[33.806s][debug  ][gc,phases      ] GC(119) Scavenge 14.456ms
[33.806s][debug  ][gc,phases,start] GC(119) Reference Processing
[33.806s][debug  ][gc,ref         ] GC(119) Skipped phase 1 of Reference Processing: no references
[33.806s][debug  ][gc,ref         ] GC(119) Skipped phase 2 of Reference Processing: no references
[33.806s][debug  ][gc,ref         ] GC(119) Skipped phase 3 of Reference Processing: no references
[33.806s][debug  ][gc,ref         ] GC(119) Skipped phase 4 of Reference Processing: no references
[33.806s][debug  ][gc,phases,ref  ] GC(119) Reference Processing: 0.1ms
[33.806s][debug  ][gc,phases,ref  ] GC(119)   Reconsider SoftReferences: 0.0ms
[33.806s][debug  ][gc,phases,ref  ] GC(119)     SoftRef (ms):                  skipped
[33.806s][debug  ][gc,phases,ref  ] GC(119)   Notify Soft/WeakReferences: 0.0ms
[33.806s][debug  ][gc,phases,ref  ] GC(119)     SoftRef (ms):                  skipped
[33.806s][debug  ][gc,phases,ref  ] GC(119)     WeakRef (ms):                  skipped
[33.806s][debug  ][gc,phases,ref  ] GC(119)     FinalRef (ms):                 skipped
[33.806s][debug  ][gc,phases,ref  ] GC(119)     Total (ms):                    skipped
[33.806s][debug  ][gc,phases,ref  ] GC(119)   Notify and keep alive finalizable: 0.0ms
[33.806s][debug  ][gc,phases,ref  ] GC(119)     FinalRef (ms):                 skipped
[33.807s][debug  ][gc,phases,ref  ] GC(119)   Notify PhantomReferences: 0.0ms
[33.807s][debug  ][gc,phases,ref  ] GC(119)     PhantomRef (ms):               skipped
[33.807s][debug  ][gc,phases,ref  ] GC(119)   SoftReference:
[33.807s][debug  ][gc,phases,ref  ] GC(119)     Discovered: 0
[33.807s][debug  ][gc,phases,ref  ] GC(119)     Cleared: 0
[33.807s][debug  ][gc,phases,ref  ] GC(119)   WeakReference:
[33.807s][debug  ][gc,phases,ref  ] GC(119)     Discovered: 0
[33.807s][debug  ][gc,phases,ref  ] GC(119)     Cleared: 0
[33.807s][debug  ][gc,phases,ref  ] GC(119)   FinalReference:
[33.807s][debug  ][gc,phases,ref  ] GC(119)     Discovered: 0
[33.807s][debug  ][gc,phases,ref  ] GC(119)     Cleared: 0
[33.807s][debug  ][gc,phases,ref  ] GC(119)   PhantomReference:
[33.807s][debug  ][gc,phases,ref  ] GC(119)     Discovered: 0
[33.807s][debug  ][gc,phases,ref  ] GC(119)     Cleared: 0
[33.807s][debug  ][gc,phases      ] GC(119) Reference Processing 0.563ms
[33.807s][debug  ][gc,phases,start] GC(119) Weak Processing
[33.807s][debug  ][gc,phases      ] GC(119)   VM Weak                        Min:  0.0, Avg:  0.0, Max:  0.0, Diff:  0.0, Sum:  0.0, Workers: 6
[33.807s][debug  ][gc,phases      ] GC(119)     Dead                           Min: 0, Avg:  0.0, Max: 0, Diff: 0, Sum: 0, Workers: 6
[33.807s][debug  ][gc,phases      ] GC(119)     Total                          Min: 0, Avg:  1.3, Max: 8, Diff: 8, Sum: 8, Workers: 6
[33.807s][debug  ][gc,phases      ] GC(119)   ObjectSynchronizer Weak        Min:  0.0, Avg:  0.0, Max:  0.0, Diff:  0.0, Sum:  0.0, Workers: 6
[33.807s][debug  ][gc,phases      ] GC(119)     Dead                           Min: 0, Avg:  0.0, Max: 0, Diff: 0, Sum: 0, Workers: 6
[33.807s][debug  ][gc,phases      ] GC(119)     Total                          Min: 0, Avg:  0.5, Max: 3, Diff: 3, Sum: 3, Workers: 6
[33.807s][debug  ][gc,phases      ] GC(119)   JVMTI Tag Weak OopStorage      Min:  0.0, Avg:  0.0, Max:  0.0, Diff:  0.0, Sum:  0.0, Workers: 6
[33.807s][debug  ][gc,phases      ] GC(119)     Dead                           Min: 0, Avg:  0.0, Max: 0, Diff: 0, Sum: 0, Workers: 6
[33.807s][debug  ][gc,phases      ] GC(119)     Total                          Min: 0, Avg:  0.0, Max: 0, Diff: 0, Sum: 0, Workers: 6
[33.807s][debug  ][gc,phases      ] GC(119)   StringTable Weak               Min:  0.0, Avg:  0.0, Max:  0.0, Diff:  0.0, Sum:  0.0, Workers: 6
[33.807s][debug  ][gc,phases      ] GC(119)     Dead                           Min: 0, Avg:  0.0, Max: 0, Diff: 0, Sum: 0, Workers: 6
[33.807s][debug  ][gc,phases      ] GC(119)     Total                          Min: 768, Avg: 892.5, Max: 1088, Diff: 320, Sum: 5355, Workers: 6
[33.807s][debug  ][gc,phases      ] GC(119)   ResolvedMethodTable Weak       Min:  0.0, Avg:  0.0, Max:  0.0, Diff:  0.0, Sum:  0.0, Workers: 6
[33.807s][debug  ][gc,phases      ] GC(119)     Dead                           Min: 0, Avg:  0.0, Max: 0, Diff: 0, Sum: 0, Workers: 6
[33.807s][debug  ][gc,phases      ] GC(119)     Total                          Min: 0, Avg: 21.7, Max: 64, Diff: 64, Sum: 130, Workers: 6
[33.807s][debug  ][gc,phases      ] GC(119)   JNI Weak                       Min:  0.0, Avg:  0.0, Max:  0.0, Diff:  0.0, Sum:  0.0, Workers: 6
[33.807s][debug  ][gc,phases      ] GC(119)     Dead                           Min: 0, Avg:  0.0, Max: 0, Diff: 0, Sum: 0, Workers: 6
[33.807s][debug  ][gc,phases      ] GC(119)     Total                          Min: 0, Avg:  0.0, Max: 0, Diff: 0, Sum: 0, Workers: 6
[33.807s][debug  ][gc,phases      ] GC(119)   StringDedup Table Weak         Min:  0.0, Avg:  0.0, Max:  0.0, Diff:  0.0, Sum:  0.0, Workers: 6
[33.807s][debug  ][gc,phases      ] GC(119)     Dead                           Min: 0, Avg:  0.0, Max: 0, Diff: 0, Sum: 0, Workers: 6
[33.807s][debug  ][gc,phases      ] GC(119)     Total                          Min: 0, Avg:  0.0, Max: 0, Diff: 0, Sum: 0, Workers: 6
[33.807s][debug  ][gc,phases      ] GC(119)   StringDedup Requests0 Weak     Min:  0.0, Avg:  0.0, Max:  0.0, Diff:  0.0, Sum:  0.0, Workers: 6
[33.807s][debug  ][gc,phases      ] GC(119)     Dead                           Min: 0, Avg:  0.0, Max: 0, Diff: 0, Sum: 0, Workers: 6
[33.807s][debug  ][gc,phases      ] GC(119)     Total                          Min: 0, Avg:  0.0, Max: 0, Diff: 0, Sum: 0, Workers: 6
[33.807s][debug  ][gc,phases      ] GC(119)   StringDedup Requests1 Weak     Min:  0.0, Avg:  0.0, Max:  0.0, Diff:  0.0, Sum:  0.0, Workers: 6
[33.807s][debug  ][gc,phases      ] GC(119)     Dead                           Min: 0, Avg:  0.0, Max: 0, Diff: 0, Sum: 0, Workers: 6
[33.807s][debug  ][gc,phases      ] GC(119)     Total                          Min: 0, Avg:  0.0, Max: 0, Diff: 0, Sum: 0, Workers: 6
[33.807s][debug  ][gc,phases      ] GC(119)   Weak JFR Old Object Samples    Min:  0.0, Avg:  0.0, Max:  0.0, Diff:  0.0, Sum:  0.0, Workers: 6
[33.807s][debug  ][gc,phases      ] GC(119)     Dead                           Min: 0, Avg:  0.0, Max: 0, Diff: 0, Sum: 0, Workers: 6
[33.807s][debug  ][gc,phases      ] GC(119)     Total                          Min: 0, Avg:  0.0, Max: 0, Diff: 0, Sum: 0, Workers: 6
[33.807s][debug  ][gc,phases      ] GC(119) Weak Processing 0.704ms
[33.808s][debug  ][gc,ergo        ] GC(119) AdaptiveSizeStart:  collection: 120 
[33.808s][debug  ][gc,ergo        ] GC(119) avg_survived_padded_avg: 36122720.000000
[33.808s][debug  ][gc,ergo        ] GC(119) avg_promoted_padded_avg: 254419216.000000  avg_pretenured_padded_avg: 0.000000  tenuring_thresh: 1  target_size: 36175872
[33.808s][debug  ][gc,age         ] GC(119) Desired survivor size 36175872 bytes, new threshold 1 (max threshold 15)
[33.808s][debug  ][gc,ergo        ] GC(119) PSAdaptiveSizePolicy::compute_eden_space_size limits: desired_eden_size: 220712793 old_eden_size: 195035136 eden_limit: 195035136 cur_eden: 195035136 max_eden_size: 195035136 avg_young_live: 28139266
[33.808s][debug  ][gc,ergo        ] GC(119) PSAdaptiveSizePolicy::compute_eden_space_size: costs minor_time: 0.047290 major_cost: 0.025128 mutator_cost: 0.927582 throughput_goal: 0.990000
[33.808s][debug  ][gc,ergo        ] GC(119) Live_space: 901512832 free_space: 1845493760
[33.808s][debug  ][gc,ergo        ] GC(119) Old eden_size: 195035136 desired_eden_size: 195035136
[33.808s][debug  ][gc,ergo        ] GC(119) AdaptiveSizeStop: collection: 120 
[33.808s][info   ][gc,heap        ] GC(119) PSYoungGen: 218761K(226304K)->30720K(226816K) Eden: 188041K(190464K)->0K(190976K) From: 30720K(35840K)->30720K(35840K)
[33.808s][info   ][gc,heap        ] GC(119) ParOldGen: 1148516K(2227712K)->1332837K(2227712K)
[33.808s][info   ][gc,metaspace   ] GC(119) Metaspace: 1022K(1216K)->1022K(1216K) NonClass: 938K(1024K)->938K(1024K) Class: 83K(192K)->83K(192K)
[33.808s][info   ][gc             ] GC(119) Pause Young (Allocation Failure) 1335M->1331M(2397M) 16.225ms
[33.808s][info   ][gc,cpu         ] GC(119) User=0.16s Sys=0.00s Real=0.02s
[33.808s][debug  ][gc,heap        ] GC(119) Heap after GC invocations=120 (full 15):
[33.808s][debug  ][gc,heap        ] GC(119)  PSYoungGen      total 226816K, used 30720K [0x00000007f0000000, 0x0000000800000000, 0x0000000800000000)
[33.808s][debug  ][gc,heap        ] GC(119)   eden space 190976K, 0% used [0x00000007f0000000,0x00000007f0000000,0x00000007fba80000)
[33.808s][debug  ][gc,heap        ] GC(119)   from space 35840K, 85% used [0x00000007fdd00000,0x00000007ffb00030,0x0000000800000000)
[33.808s][debug  ][gc,heap        ] GC(119)   to   space 35328K, 0% used [0x00000007fba80000,0x00000007fba80000,0x00000007fdd00000)
[33.808s][debug  ][gc,heap        ] GC(119)  ParOldGen       total 2227712K, used 1332837K [0x0000000740000000, 0x00000007c7f80000, 0x00000007f0000000)
[33.808s][debug  ][gc,heap        ] GC(119)   object space 2227712K, 59% used [0x0000000740000000,0x0000000791599418,0x00000007c7f80000)
[33.808s][debug  ][gc,heap        ] GC(119)  Metaspace       used 1022K, committed 1216K, reserved 1056768K
[33.808s][debug  ][gc,heap        ] GC(119)   class space    used 83K, committed 192K, reserved 1048576K
[33.808s][debug  ][gc,task,time   ] GC(119) VM-Thread 337911731 338062008 338080909
[34.092s][debug  ][gc,heap        ] GC(120) Heap before GC invocations=121 (full 15):
[34.092s][debug  ][gc,heap        ] GC(120)  PSYoungGen      total 226816K, used 218775K [0x00000007f0000000, 0x0000000800000000, 0x0000000800000000)
[34.092s][debug  ][gc,heap        ] GC(120)   eden space 190976K, 98% used [0x00000007f0000000,0x00000007fb7a5f60,0x00000007fba80000)
[34.092s][debug  ][gc,heap        ] GC(120)   from space 35840K, 85% used [0x00000007fdd00000,0x00000007ffb00030,0x0000000800000000)
[34.092s][debug  ][gc,heap        ] GC(120)   to   space 35328K, 0% used [0x00000007fba80000,0x00000007fba80000,0x00000007fdd00000)
[34.092s][debug  ][gc,heap        ] GC(120)  ParOldGen       total 2227712K, used 1332837K [0x0000000740000000, 0x00000007c7f80000, 0x00000007f0000000)
[34.093s][debug  ][gc,heap        ] GC(120)   object space 2227712K, 59% used [0x0000000740000000,0x0000000791599418,0x00000007c7f80000)
[34.093s][debug  ][gc,heap        ] GC(120)  Metaspace       used 1022K, committed 1216K, reserved 1056768K
[34.093s][debug  ][gc,heap        ] GC(120)   class space    used 83K, committed 192K, reserved 1048576K
[34.093s][debug  ][gc,tlab        ] GC(120) TLAB totals: thrds: 1  refills: 1 max: 1 slow allocs: 17 max 17 waste: 26.7% gc: 3825216B max: 3825216B slow: 0B max: 0B
[34.093s][info   ][gc,start       ] GC(120) Pause Young (Allocation Failure)
[34.093s][debug  ][gc,phases,start] GC(120) Scavenge
[34.108s][debug  ][gc,phases      ] GC(120) Scavenge 14.877ms
[34.108s][debug  ][gc,phases,start] GC(120) Reference Processing
[34.108s][debug  ][gc,ref         ] GC(120) Skipped phase 1 of Reference Processing: no references
[34.108s][debug  ][gc,ref         ] GC(120) Skipped phase 2 of Reference Processing: no references
[34.108s][debug  ][gc,ref         ] GC(120) Skipped phase 3 of Reference Processing: no references
[34.108s][debug  ][gc,ref         ] GC(120) Skipped phase 4 of Reference Processing: no references
[34.108s][debug  ][gc,phases,ref  ] GC(120) Reference Processing: 0.1ms
[34.108s][debug  ][gc,phases,ref  ] GC(120)   Reconsider SoftReferences: 0.0ms
[34.108s][debug  ][gc,phases,ref  ] GC(120)     SoftRef (ms):                  skipped
[34.108s][debug  ][gc,phases,ref  ] GC(120)   Notify Soft/WeakReferences: 0.0ms
[34.108s][debug  ][gc,phases,ref  ] GC(120)     SoftRef (ms):                  skipped
[34.108s][debug  ][gc,phases,ref  ] GC(120)     WeakRef (ms):                  skipped
[34.108s][debug  ][gc,phases,ref  ] GC(120)     FinalRef (ms):                 skipped
[34.108s][debug  ][gc,phases,ref  ] GC(120)     Total (ms):                    skipped
[34.108s][debug  ][gc,phases,ref  ] GC(120)   Notify and keep alive finalizable: 0.0ms
[34.108s][debug  ][gc,phases,ref  ] GC(120)     FinalRef (ms):                 skipped
[34.108s][debug  ][gc,phases,ref  ] GC(120)   Notify PhantomReferences: 0.0ms
[34.108s][debug  ][gc,phases,ref  ] GC(120)     PhantomRef (ms):               skipped
[34.108s][debug  ][gc,phases,ref  ] GC(120)   SoftReference:
[34.108s][debug  ][gc,phases,ref  ] GC(120)     Discovered: 0
[34.108s][debug  ][gc,phases,ref  ] GC(120)     Cleared: 0
[34.108s][debug  ][gc,phases,ref  ] GC(120)   WeakReference:
[34.108s][debug  ][gc,phases,ref  ] GC(120)     Discovered: 0
[34.108s][debug  ][gc,phases,ref  ] GC(120)     Cleared: 0
[34.108s][debug  ][gc,phases,ref  ] GC(120)   FinalReference:
[34.108s][debug  ][gc,phases,ref  ] GC(120)     Discovered: 0
[34.108s][debug  ][gc,phases,ref  ] GC(120)     Cleared: 0
[34.108s][debug  ][gc,phases,ref  ] GC(120)   PhantomReference:
[34.108s][debug  ][gc,phases,ref  ] GC(120)     Discovered: 0
[34.108s][debug  ][gc,phases,ref  ] GC(120)     Cleared: 0
[34.108s][debug  ][gc,phases      ] GC(120) Reference Processing 0.723ms
[34.108s][debug  ][gc,phases,start] GC(120) Weak Processing
[34.108s][debug  ][gc,phases      ] GC(120)   VM Weak                        Min:  0.0, Avg:  0.0, Max:  0.0, Diff:  0.0, Sum:  0.0, Workers: 6
[34.109s][debug  ][gc,phases      ] GC(120)     Dead                           Min: 0, Avg:  0.0, Max: 0, Diff: 0, Sum: 0, Workers: 6
[34.109s][debug  ][gc,phases      ] GC(120)     Total                          Min: 0, Avg:  1.3, Max: 8, Diff: 8, Sum: 8, Workers: 6
[34.109s][debug  ][gc,phases      ] GC(120)   ObjectSynchronizer Weak        Min:  0.0, Avg:  0.0, Max:  0.0, Diff:  0.0, Sum:  0.0, Workers: 6
[34.109s][debug  ][gc,phases      ] GC(120)     Dead                           Min: 0, Avg:  0.0, Max: 0, Diff: 0, Sum: 0, Workers: 6
[34.109s][debug  ][gc,phases      ] GC(120)     Total                          Min: 0, Avg:  0.5, Max: 3, Diff: 3, Sum: 3, Workers: 6
[34.109s][debug  ][gc,phases      ] GC(120)   JVMTI Tag Weak OopStorage      Min:  0.0, Avg:  0.0, Max:  0.0, Diff:  0.0, Sum:  0.0, Workers: 6
[34.109s][debug  ][gc,phases      ] GC(120)     Dead                           Min: 0, Avg:  0.0, Max: 0, Diff: 0, Sum: 0, Workers: 6
[34.109s][debug  ][gc,phases      ] GC(120)     Total                          Min: 0, Avg:  0.0, Max: 0, Diff: 0, Sum: 0, Workers: 6
[34.109s][debug  ][gc,phases      ] GC(120)   StringTable Weak               Min:  0.0, Avg:  0.0, Max:  0.0, Diff:  0.0, Sum:  0.0, Workers: 6
[34.109s][debug  ][gc,phases      ] GC(120)     Dead                           Min: 0, Avg:  0.0, Max: 0, Diff: 0, Sum: 0, Workers: 6
[34.109s][debug  ][gc,phases      ] GC(120)     Total                          Min: 767, Avg: 892.5, Max: 1152, Diff: 385, Sum: 5355, Workers: 6
[34.109s][debug  ][gc,phases      ] GC(120)   ResolvedMethodTable Weak       Min:  0.0, Avg:  0.0, Max:  0.0, Diff:  0.0, Sum:  0.0, Workers: 6
[34.109s][debug  ][gc,phases      ] GC(120)     Dead                           Min: 0, Avg:  0.0, Max: 0, Diff: 0, Sum: 0, Workers: 6
[34.109s][debug  ][gc,phases      ] GC(120)     Total                          Min: 0, Avg: 21.7, Max: 64, Diff: 64, Sum: 130, Workers: 6
[34.109s][debug  ][gc,phases      ] GC(120)   JNI Weak                       Min:  0.0, Avg:  0.0, Max:  0.0, Diff:  0.0, Sum:  0.0, Workers: 6
[34.109s][debug  ][gc,phases      ] GC(120)     Dead                           Min: 0, Avg:  0.0, Max: 0, Diff: 0, Sum: 0, Workers: 6
[34.109s][debug  ][gc,phases      ] GC(120)     Total                          Min: 0, Avg:  0.0, Max: 0, Diff: 0, Sum: 0, Workers: 6
[34.109s][debug  ][gc,phases      ] GC(120)   StringDedup Table Weak         Min:  0.0, Avg:  0.0, Max:  0.0, Diff:  0.0, Sum:  0.0, Workers: 6
[34.109s][debug  ][gc,phases      ] GC(120)     Dead                           Min: 0, Avg:  0.0, Max: 0, Diff: 0, Sum: 0, Workers: 6
[34.109s][debug  ][gc,phases      ] GC(120)     Total                          Min: 0, Avg:  0.0, Max: 0, Diff: 0, Sum: 0, Workers: 6
[34.109s][debug  ][gc,phases      ] GC(120)   StringDedup Requests0 Weak     Min:  0.0, Avg:  0.0, Max:  0.0, Diff:  0.0, Sum:  0.0, Workers: 6
[34.109s][debug  ][gc,phases      ] GC(120)     Dead                           Min: 0, Avg:  0.0, Max: 0, Diff: 0, Sum: 0, Workers: 6
[34.109s][debug  ][gc,phases      ] GC(120)     Total                          Min: 0, Avg:  0.0, Max: 0, Diff: 0, Sum: 0, Workers: 6
[34.109s][debug  ][gc,phases      ] GC(120)   StringDedup Requests1 Weak     Min:  0.0, Avg:  0.0, Max:  0.0, Diff:  0.0, Sum:  0.0, Workers: 6
[34.109s][debug  ][gc,phases      ] GC(120)     Dead                           Min: 0, Avg:  0.0, Max: 0, Diff: 0, Sum: 0, Workers: 6
[34.109s][debug  ][gc,phases      ] GC(120)     Total                          Min: 0, Avg:  0.0, Max: 0, Diff: 0, Sum: 0, Workers: 6
[34.109s][debug  ][gc,phases      ] GC(120)   Weak JFR Old Object Samples    Min:  0.0, Avg:  0.0, Max:  0.0, Diff:  0.0, Sum:  0.0, Workers: 6
[34.109s][debug  ][gc,phases      ] GC(120)     Dead                           Min: 0, Avg:  0.0, Max: 0, Diff: 0, Sum: 0, Workers: 6
[34.109s][debug  ][gc,phases      ] GC(120)     Total                          Min: 0, Avg:  0.0, Max: 0, Diff: 0, Sum: 0, Workers: 6
[34.109s][debug  ][gc,phases      ] GC(120) Weak Processing 0.783ms
[34.109s][debug  ][gc,ergo        ] GC(120) AdaptiveSizeStart:  collection: 121 
[34.109s][debug  ][gc,ergo        ] GC(120) avg_survived_padded_avg: 35938160.000000
[34.109s][debug  ][gc,ergo        ] GC(120) avg_promoted_padded_avg: 255520992.000000  avg_pretenured_padded_avg: 0.000000  tenuring_thresh: 1  target_size: 36175872
[34.109s][debug  ][gc,age         ] GC(120) Desired survivor size 36175872 bytes, new threshold 1 (max threshold 15)
[34.109s][debug  ][gc,ergo        ] GC(120) PSAdaptiveSizePolicy::compute_eden_space_size limits: desired_eden_size: 221579149 old_eden_size: 195035136 eden_limit: 195559424 cur_eden: 195559424 max_eden_size: 195559424 avg_young_live: 28471072
[34.109s][debug  ][gc,ergo        ] GC(120) PSAdaptiveSizePolicy::compute_eden_space_size: costs minor_time: 0.049153 major_cost: 0.025128 mutator_cost: 0.925719 throughput_goal: 0.990000
[34.109s][debug  ][gc,ergo        ] GC(120) Live_space: 901844608 free_space: 1845493760
[34.109s][debug  ][gc,ergo        ] GC(120) Old eden_size: 195035136 desired_eden_size: 195559424
[34.109s][debug  ][gc,ergo        ] GC(120) AdaptiveSizeStop: collection: 121 
[34.109s][info   ][gc,heap        ] GC(120) PSYoungGen: 218775K(226816K)->30720K(226304K) Eden: 188055K(190976K)->0K(190976K) From: 30720K(35840K)->30720K(35328K)
[34.109s][info   ][gc,heap        ] GC(120) ParOldGen: 1332837K(2227712K)->1517157K(2227712K)
[34.109s][info   ][gc,metaspace   ] GC(120) Metaspace: 1022K(1216K)->1022K(1216K) NonClass: 938K(1024K)->938K(1024K) Class: 83K(192K)->83K(192K)
[34.110s][info   ][gc             ] GC(120) Pause Young (Allocation Failure) 1515M->1511M(2396M) 16.869ms
[34.110s][info   ][gc,cpu         ] GC(120) User=0.16s Sys=0.00s Real=0.02s
[34.110s][debug  ][gc,heap        ] GC(120) Heap after GC invocations=121 (full 15):
[34.110s][debug  ][gc,heap        ] GC(120)  PSYoungGen      total 226304K, used 30720K [0x00000007f0000000, 0x0000000800000000, 0x0000000800000000)
[34.110s][debug  ][gc,heap        ] GC(120)   eden space 190976K, 0% used [0x00000007f0000000,0x00000007f0000000,0x00000007fba80000)
[34.110s][debug  ][gc,heap        ] GC(120)   from space 35328K, 86% used [0x00000007fba80000,0x00000007fd880030,0x00000007fdd00000)
[34.110s][debug  ][gc,heap        ] GC(120)   to   space 35328K, 0% used [0x00000007fdd80000,0x00000007fdd80000,0x0000000800000000)
[34.110s][debug  ][gc,heap        ] GC(120)  ParOldGen       total 2227712K, used 1517157K [0x0000000740000000, 0x00000007c7f80000, 0x00000007f0000000)
[34.110s][debug  ][gc,heap        ] GC(120)   object space 2227712K, 68% used [0x0000000740000000,0x000000079c999538,0x00000007c7f80000)
[34.110s][debug  ][gc,heap        ] GC(120)  Metaspace       used 1022K, committed 1216K, reserved 1056768K
[34.110s][debug  ][gc,heap        ] GC(120)   class space    used 83K, committed 192K, reserved 1048576K
[34.110s][debug  ][gc,task,time   ] GC(120) VM-Thread 340922620 341076513 341097856
[34.394s][debug  ][gc,heap        ] GC(121) Heap before GC invocations=122 (full 15):
[34.394s][debug  ][gc,heap        ] GC(121)  PSYoungGen      total 226304K, used 218778K [0x00000007f0000000, 0x0000000800000000, 0x0000000800000000)
[34.394s][debug  ][gc,heap        ] GC(121)   eden space 190976K, 98% used [0x00000007f0000000,0x00000007fb7a6ab0,0x00000007fba80000)
[34.394s][debug  ][gc,heap        ] GC(121)   from space 35328K, 86% used [0x00000007fba80000,0x00000007fd880030,0x00000007fdd00000)
[34.394s][debug  ][gc,heap        ] GC(121)   to   space 35328K, 0% used [0x00000007fdd80000,0x00000007fdd80000,0x0000000800000000)
[34.394s][debug  ][gc,heap        ] GC(121)  ParOldGen       total 2227712K, used 1517157K [0x0000000740000000, 0x00000007c7f80000, 0x00000007f0000000)
[34.394s][debug  ][gc,heap        ] GC(121)   object space 2227712K, 68% used [0x0000000740000000,0x000000079c999538,0x00000007c7f80000)
[34.394s][debug  ][gc,heap        ] GC(121)  Metaspace       used 1022K, committed 1216K, reserved 1056768K
[34.394s][debug  ][gc,heap        ] GC(121)   class space    used 83K, committed 192K, reserved 1048576K
[34.394s][debug  ][gc,tlab        ] GC(121) TLAB totals: thrds: 1  refills: 1 max: 1 slow allocs: 17 max 17 waste: 26.7% gc: 3828112B max: 3828112B slow: 0B max: 0B
[34.394s][info   ][gc,start       ] GC(121) Pause Young (Allocation Failure)
[34.394s][debug  ][gc,phases,start] GC(121) Scavenge
[34.409s][debug  ][gc,phases      ] GC(121) Scavenge 14.942ms
[34.409s][debug  ][gc,phases,start] GC(121) Reference Processing
[34.409s][debug  ][gc,ref         ] GC(121) Skipped phase 1 of Reference Processing: no references
[34.409s][debug  ][gc,ref         ] GC(121) Skipped phase 2 of Reference Processing: no references
[34.410s][debug  ][gc,ref         ] GC(121) Skipped phase 3 of Reference Processing: no references
[34.410s][debug  ][gc,ref         ] GC(121) Skipped phase 4 of Reference Processing: no references
[34.410s][debug  ][gc,phases,ref  ] GC(121) Reference Processing: 0.1ms
[34.410s][debug  ][gc,phases,ref  ] GC(121)   Reconsider SoftReferences: 0.0ms
[34.410s][debug  ][gc,phases,ref  ] GC(121)     SoftRef (ms):                  skipped
[34.410s][debug  ][gc,phases,ref  ] GC(121)   Notify Soft/WeakReferences: 0.0ms
[34.410s][debug  ][gc,phases,ref  ] GC(121)     SoftRef (ms):                  skipped
[34.410s][debug  ][gc,phases,ref  ] GC(121)     WeakRef (ms):                  skipped
[34.410s][debug  ][gc,phases,ref  ] GC(121)     FinalRef (ms):                 skipped
[34.410s][debug  ][gc,phases,ref  ] GC(121)     Total (ms):                    skipped
[34.410s][debug  ][gc,phases,ref  ] GC(121)   Notify and keep alive finalizable: 0.0ms
[34.410s][debug  ][gc,phases,ref  ] GC(121)     FinalRef (ms):                 skipped
[34.410s][debug  ][gc,phases,ref  ] GC(121)   Notify PhantomReferences: 0.0ms
[34.410s][debug  ][gc,phases,ref  ] GC(121)     PhantomRef (ms):               skipped
[34.410s][debug  ][gc,phases,ref  ] GC(121)   SoftReference:
[34.410s][debug  ][gc,phases,ref  ] GC(121)     Discovered: 0
[34.410s][debug  ][gc,phases,ref  ] GC(121)     Cleared: 0
[34.410s][debug  ][gc,phases,ref  ] GC(121)   WeakReference:
[34.410s][debug  ][gc,phases,ref  ] GC(121)     Discovered: 0
[34.410s][debug  ][gc,phases,ref  ] GC(121)     Cleared: 0
[34.410s][debug  ][gc,phases,ref  ] GC(121)   FinalReference:
[34.410s][debug  ][gc,phases,ref  ] GC(121)     Discovered: 0
[34.410s][debug  ][gc,phases,ref  ] GC(121)     Cleared: 0
[34.410s][debug  ][gc,phases,ref  ] GC(121)   PhantomReference:
[34.410s][debug  ][gc,phases,ref  ] GC(121)     Discovered: 0
[34.410s][debug  ][gc,phases,ref  ] GC(121)     Cleared: 0
[34.410s][debug  ][gc,phases      ] GC(121) Reference Processing 0.700ms
[34.410s][debug  ][gc,phases,start] GC(121) Weak Processing
[34.410s][debug  ][gc,phases      ] GC(121)   VM Weak                        Min:  0.0, Avg:  0.0, Max:  0.0, Diff:  0.0, Sum:  0.0, Workers: 6
[34.410s][debug  ][gc,phases      ] GC(121)     Dead                           Min: 0, Avg:  0.0, Max: 0, Diff: 0, Sum: 0, Workers: 6
[34.410s][debug  ][gc,phases      ] GC(121)     Total                          Min: 0, Avg:  1.3, Max: 8, Diff: 8, Sum: 8, Workers: 6
[34.410s][debug  ][gc,phases      ] GC(121)   ObjectSynchronizer Weak        Min:  0.0, Avg:  0.0, Max:  0.0, Diff:  0.0, Sum:  0.0, Workers: 6
[34.410s][debug  ][gc,phases      ] GC(121)     Dead                           Min: 0, Avg:  0.0, Max: 0, Diff: 0, Sum: 0, Workers: 6
[34.410s][debug  ][gc,phases      ] GC(121)     Total                          Min: 0, Avg:  0.5, Max: 3, Diff: 3, Sum: 3, Workers: 6
[34.410s][debug  ][gc,phases      ] GC(121)   JVMTI Tag Weak OopStorage      Min:  0.0, Avg:  0.0, Max:  0.0, Diff:  0.0, Sum:  0.0, Workers: 6
[34.410s][debug  ][gc,phases      ] GC(121)     Dead                           Min: 0, Avg:  0.0, Max: 0, Diff: 0, Sum: 0, Workers: 6
[34.410s][debug  ][gc,phases      ] GC(121)     Total                          Min: 0, Avg:  0.0, Max: 0, Diff: 0, Sum: 0, Workers: 6
[34.410s][debug  ][gc,phases      ] GC(121)   StringTable Weak               Min:  0.0, Avg:  0.0, Max:  0.0, Diff:  0.0, Sum:  0.0, Workers: 6
[34.410s][debug  ][gc,phases      ] GC(121)     Dead                           Min: 0, Avg:  0.0, Max: 0, Diff: 0, Sum: 0, Workers: 6
[34.411s][debug  ][gc,phases      ] GC(121)     Total                          Min: 812, Avg: 892.5, Max: 1024, Diff: 212, Sum: 5355, Workers: 6
[34.411s][debug  ][gc,phases      ] GC(121)   ResolvedMethodTable Weak       Min:  0.0, Avg:  0.0, Max:  0.0, Diff:  0.0, Sum:  0.0, Workers: 6
[34.411s][debug  ][gc,phases      ] GC(121)     Dead                           Min: 0, Avg:  0.0, Max: 0, Diff: 0, Sum: 0, Workers: 6
[34.411s][debug  ][gc,phases      ] GC(121)     Total                          Min: 0, Avg: 21.7, Max: 64, Diff: 64, Sum: 130, Workers: 6
[34.411s][debug  ][gc,phases      ] GC(121)   JNI Weak                       Min:  0.0, Avg:  0.0, Max:  0.0, Diff:  0.0, Sum:  0.0, Workers: 6
[34.411s][debug  ][gc,phases      ] GC(121)     Dead                           Min: 0, Avg:  0.0, Max: 0, Diff: 0, Sum: 0, Workers: 6
[34.411s][debug  ][gc,phases      ] GC(121)     Total                          Min: 0, Avg:  0.0, Max: 0, Diff: 0, Sum: 0, Workers: 6
[34.411s][debug  ][gc,phases      ] GC(121)   StringDedup Table Weak         Min:  0.0, Avg:  0.0, Max:  0.0, Diff:  0.0, Sum:  0.0, Workers: 6
[34.411s][debug  ][gc,phases      ] GC(121)     Dead                           Min: 0, Avg:  0.0, Max: 0, Diff: 0, Sum: 0, Workers: 6
[34.411s][debug  ][gc,phases      ] GC(121)     Total                          Min: 0, Avg:  0.0, Max: 0, Diff: 0, Sum: 0, Workers: 6
[34.411s][debug  ][gc,phases      ] GC(121)   StringDedup Requests0 Weak     Min:  0.0, Avg:  0.0, Max:  0.0, Diff:  0.0, Sum:  0.0, Workers: 6
[34.411s][debug  ][gc,phases      ] GC(121)     Dead                           Min: 0, Avg:  0.0, Max: 0, Diff: 0, Sum: 0, Workers: 6
[34.411s][debug  ][gc,phases      ] GC(121)     Total                          Min: 0, Avg:  0.0, Max: 0, Diff: 0, Sum: 0, Workers: 6
[34.411s][debug  ][gc,phases      ] GC(121)   StringDedup Requests1 Weak     Min:  0.0, Avg:  0.0, Max:  0.0, Diff:  0.0, Sum:  0.0, Workers: 6
[34.411s][debug  ][gc,phases      ] GC(121)     Dead                           Min: 0, Avg:  0.0, Max: 0, Diff: 0, Sum: 0, Workers: 6
[34.411s][debug  ][gc,phases      ] GC(121)     Total                          Min: 0, Avg:  0.0, Max: 0, Diff: 0, Sum: 0, Workers: 6
[34.411s][debug  ][gc,phases      ] GC(121)   Weak JFR Old Object Samples    Min:  0.0, Avg:  0.0, Max:  0.0, Diff:  0.0, Sum:  0.0, Workers: 6
[34.411s][debug  ][gc,phases      ] GC(121)     Dead                           Min: 0, Avg:  0.0, Max: 0, Diff: 0, Sum: 0, Workers: 6
[34.411s][debug  ][gc,phases      ] GC(121)     Total                          Min: 0, Avg:  0.0, Max: 0, Diff: 0, Sum: 0, Workers: 6
[34.411s][debug  ][gc,phases      ] GC(121) Weak Processing 0.771ms
[34.411s][debug  ][gc,ergo        ] GC(121) AdaptiveSizeStart:  collection: 122 
[34.411s][debug  ][gc,ergo        ] GC(121) avg_survived_padded_avg: 35743860.000000
[34.411s][debug  ][gc,ergo        ] GC(121) avg_promoted_padded_avg: 255745632.000000  avg_pretenured_padded_avg: 0.000000  tenuring_thresh: 1  target_size: 36175872
[34.411s][debug  ][gc,age         ] GC(121) Desired survivor size 36175872 bytes, new threshold 1 (max threshold 15)
[34.411s][debug  ][gc,ergo        ] GC(121) PSAdaptiveSizePolicy::compute_eden_space_size limits: desired_eden_size: 221828219 old_eden_size: 195559424 eden_limit: 196083712 cur_eden: 195559424 max_eden_size: 196083712 avg_young_live: 28769696
[34.411s][debug  ][gc,ergo        ] GC(121) PSAdaptiveSizePolicy::compute_eden_space_size: costs minor_time: 0.050570 major_cost: 0.025128 mutator_cost: 0.924302 throughput_goal: 0.990000
[34.411s][debug  ][gc,ergo        ] GC(121) Live_space: 902143232 free_space: 1846018048
[34.411s][debug  ][gc,ergo        ] GC(121) Old eden_size: 195559424 desired_eden_size: 196083712
[34.411s][debug  ][gc,ergo        ] GC(121) AdaptiveSizeStop: collection: 122 
[34.411s][info   ][gc,heap        ] GC(121) PSYoungGen: 218778K(226304K)->30720K(226816K) Eden: 188058K(190976K)->0K(191488K) From: 30720K(35328K)->30720K(35328K)
[34.411s][info   ][gc,heap        ] GC(121) ParOldGen: 1517157K(2227712K)->1701477K(2227712K)
[34.411s][info   ][gc,metaspace   ] GC(121) Metaspace: 1022K(1216K)->1022K(1216K) NonClass: 938K(1024K)->938K(1024K) Class: 83K(192K)->83K(192K)
[34.411s][info   ][gc             ] GC(121) Pause Young (Allocation Failure) 1695M->1691M(2397M) 16.899ms
[34.411s][info   ][gc,cpu         ] GC(121) User=0.16s Sys=0.02s Real=0.02s
[34.411s][debug  ][gc,heap        ] GC(121) Heap after GC invocations=122 (full 15):
[34.411s][debug  ][gc,heap        ] GC(121)  PSYoungGen      total 226816K, used 30720K [0x00000007f0000000, 0x0000000800000000, 0x0000000800000000)
[34.411s][debug  ][gc,heap        ] GC(121)   eden space 191488K, 0% used [0x00000007f0000000,0x00000007f0000000,0x00000007fbb00000)
[34.411s][debug  ][gc,heap        ] GC(121)   from space 35328K, 86% used [0x00000007fdd80000,0x00000007ffb80030,0x0000000800000000)
[34.411s][debug  ][gc,heap        ] GC(121)   to   space 35328K, 0% used [0x00000007fbb00000,0x00000007fbb00000,0x00000007fdd80000)
[34.411s][debug  ][gc,heap        ] GC(121)  ParOldGen       total 2227712K, used 1701477K [0x0000000740000000, 0x00000007c7f80000, 0x00000007f0000000)
[34.411s][debug  ][gc,heap        ] GC(121)   object space 2227712K, 76% used [0x0000000740000000,0x00000007a7d99658,0x00000007c7f80000)
[34.411s][debug  ][gc,heap        ] GC(121)  Metaspace       used 1022K, committed 1216K, reserved 1056768K
[34.411s][debug  ][gc,heap        ] GC(121)   class space    used 83K, committed 192K, reserved 1048576K
[34.412s][debug  ][gc,task,time   ] GC(121) VM-Thread 343939146 344094303 344115243
[34.696s][debug  ][gc,heap        ] GC(122) Heap before GC invocations=123 (full 15):
[34.696s][debug  ][gc,heap        ] GC(122)  PSYoungGen      total 226816K, used 218790K [0x00000007f0000000, 0x0000000800000000, 0x0000000800000000)
[34.696s][debug  ][gc,heap        ] GC(122)   eden space 191488K, 98% used [0x00000007f0000000,0x00000007fb7a9a10,0x00000007fbb00000)
[34.696s][debug  ][gc,heap        ] GC(122)   from space 35328K, 86% used [0x00000007fdd80000,0x00000007ffb80030,0x0000000800000000)
[34.696s][debug  ][gc,heap        ] GC(122)   to   space 35328K, 0% used [0x00000007fbb00000,0x00000007fbb00000,0x00000007fdd80000)
[34.696s][debug  ][gc,heap        ] GC(122)  ParOldGen       total 2227712K, used 1701477K [0x0000000740000000, 0x00000007c7f80000, 0x00000007f0000000)
[34.696s][debug  ][gc,heap        ] GC(122)   object space 2227712K, 76% used [0x0000000740000000,0x00000007a7d99658,0x00000007c7f80000)
[34.696s][debug  ][gc,heap        ] GC(122)  Metaspace       used 1022K, committed 1216K, reserved 1056768K
[34.696s][debug  ][gc,heap        ] GC(122)   class space    used 83K, committed 192K, reserved 1048576K
[34.696s][debug  ][gc,tlab        ] GC(122) TLAB totals: thrds: 1  refills: 1 max: 1 slow allocs: 17 max 17 waste: 26.8% gc: 3840240B max: 3840240B slow: 0B max: 0B
[34.696s][info   ][gc,start       ] GC(122) Pause Young (Allocation Failure)
[34.697s][debug  ][gc,phases,start] GC(122) Scavenge
[34.712s][debug  ][gc,phases      ] GC(122) Scavenge 15.229ms
[34.712s][debug  ][gc,phases,start] GC(122) Reference Processing
[34.712s][debug  ][gc,ref         ] GC(122) Skipped phase 1 of Reference Processing: no references
[34.712s][debug  ][gc,ref         ] GC(122) Skipped phase 2 of Reference Processing: no references
[34.712s][debug  ][gc,ref         ] GC(122) Skipped phase 3 of Reference Processing: no references
[34.712s][debug  ][gc,ref         ] GC(122) Skipped phase 4 of Reference Processing: no references
[34.712s][debug  ][gc,phases,ref  ] GC(122) Reference Processing: 0.1ms
[34.712s][debug  ][gc,phases,ref  ] GC(122)   Reconsider SoftReferences: 0.0ms
[34.712s][debug  ][gc,phases,ref  ] GC(122)     SoftRef (ms):                  skipped
[34.712s][debug  ][gc,phases,ref  ] GC(122)   Notify Soft/WeakReferences: 0.0ms
[34.712s][debug  ][gc,phases,ref  ] GC(122)     SoftRef (ms):                  skipped
[34.712s][debug  ][gc,phases,ref  ] GC(122)     WeakRef (ms):                  skipped
[34.712s][debug  ][gc,phases,ref  ] GC(122)     FinalRef (ms):                 skipped
[34.712s][debug  ][gc,phases,ref  ] GC(122)     Total (ms):                    skipped
[34.712s][debug  ][gc,phases,ref  ] GC(122)   Notify and keep alive finalizable: 0.0ms
[34.712s][debug  ][gc,phases,ref  ] GC(122)     FinalRef (ms):                 skipped
[34.712s][debug  ][gc,phases,ref  ] GC(122)   Notify PhantomReferences: 0.0ms
[34.712s][debug  ][gc,phases,ref  ] GC(122)     PhantomRef (ms):               skipped
[34.712s][debug  ][gc,phases,ref  ] GC(122)   SoftReference:
[34.712s][debug  ][gc,phases,ref  ] GC(122)     Discovered: 0
[34.712s][debug  ][gc,phases,ref  ] GC(122)     Cleared: 0
[34.712s][debug  ][gc,phases,ref  ] GC(122)   WeakReference:
[34.712s][debug  ][gc,phases,ref  ] GC(122)     Discovered: 0
[34.712s][debug  ][gc,phases,ref  ] GC(122)     Cleared: 0
[34.712s][debug  ][gc,phases,ref  ] GC(122)   FinalReference:
[34.712s][debug  ][gc,phases,ref  ] GC(122)     Discovered: 0
[34.712s][debug  ][gc,phases,ref  ] GC(122)     Cleared: 0
[34.712s][debug  ][gc,phases,ref  ] GC(122)   PhantomReference:
[34.712s][debug  ][gc,phases,ref  ] GC(122)     Discovered: 0
[34.712s][debug  ][gc,phases,ref  ] GC(122)     Cleared: 0
[34.712s][debug  ][gc,phases      ] GC(122) Reference Processing 0.650ms
[34.713s][debug  ][gc,phases,start] GC(122) Weak Processing
[34.713s][debug  ][gc,phases      ] GC(122)   VM Weak                        Min:  0.0, Avg:  0.0, Max:  0.0, Diff:  0.0, Sum:  0.0, Workers: 6
[34.713s][debug  ][gc,phases      ] GC(122)     Dead                           Min: 0, Avg:  0.0, Max: 0, Diff: 0, Sum: 0, Workers: 6
[34.713s][debug  ][gc,phases      ] GC(122)     Total                          Min: 0, Avg:  1.3, Max: 8, Diff: 8, Sum: 8, Workers: 6
[34.713s][debug  ][gc,phases      ] GC(122)   ObjectSynchronizer Weak        Min:  0.0, Avg:  0.0, Max:  0.0, Diff:  0.0, Sum:  0.0, Workers: 6
[34.713s][debug  ][gc,phases      ] GC(122)     Dead                           Min: 0, Avg:  0.0, Max: 0, Diff: 0, Sum: 0, Workers: 6
[34.713s][debug  ][gc,phases      ] GC(122)     Total                          Min: 0, Avg:  0.5, Max: 3, Diff: 3, Sum: 3, Workers: 6
[34.713s][debug  ][gc,phases      ] GC(122)   JVMTI Tag Weak OopStorage      Min:  0.0, Avg:  0.0, Max:  0.0, Diff:  0.0, Sum:  0.0, Workers: 6
[34.713s][debug  ][gc,phases      ] GC(122)     Dead                           Min: 0, Avg:  0.0, Max: 0, Diff: 0, Sum: 0, Workers: 6
[34.713s][debug  ][gc,phases      ] GC(122)     Total                          Min: 0, Avg:  0.0, Max: 0, Diff: 0, Sum: 0, Workers: 6
[34.713s][debug  ][gc,phases      ] GC(122)   StringTable Weak               Min:  0.0, Avg:  0.0, Max:  0.0, Diff:  0.0, Sum:  0.0, Workers: 6
[34.713s][debug  ][gc,phases      ] GC(122)     Dead                           Min: 0, Avg:  0.0, Max: 0, Diff: 0, Sum: 0, Workers: 6
[34.713s][debug  ][gc,phases      ] GC(122)     Total                          Min: 704, Avg: 892.5, Max: 1088, Diff: 384, Sum: 5355, Workers: 6
[34.713s][debug  ][gc,phases      ] GC(122)   ResolvedMethodTable Weak       Min:  0.0, Avg:  0.0, Max:  0.0, Diff:  0.0, Sum:  0.0, Workers: 6
[34.713s][debug  ][gc,phases      ] GC(122)     Dead                           Min: 0, Avg:  0.0, Max: 0, Diff: 0, Sum: 0, Workers: 6
[34.713s][debug  ][gc,phases      ] GC(122)     Total                          Min: 0, Avg: 21.7, Max: 64, Diff: 64, Sum: 130, Workers: 6
[34.713s][debug  ][gc,phases      ] GC(122)   JNI Weak                       Min:  0.0, Avg:  0.0, Max:  0.0, Diff:  0.0, Sum:  0.0, Workers: 6
[34.713s][debug  ][gc,phases      ] GC(122)     Dead                           Min: 0, Avg:  0.0, Max: 0, Diff: 0, Sum: 0, Workers: 6
[34.713s][debug  ][gc,phases      ] GC(122)     Total                          Min: 0, Avg:  0.0, Max: 0, Diff: 0, Sum: 0, Workers: 6
[34.713s][debug  ][gc,phases      ] GC(122)   StringDedup Table Weak         Min:  0.0, Avg:  0.0, Max:  0.0, Diff:  0.0, Sum:  0.0, Workers: 6
[34.713s][debug  ][gc,phases      ] GC(122)     Dead                           Min: 0, Avg:  0.0, Max: 0, Diff: 0, Sum: 0, Workers: 6
[34.713s][debug  ][gc,phases      ] GC(122)     Total                          Min: 0, Avg:  0.0, Max: 0, Diff: 0, Sum: 0, Workers: 6
[34.713s][debug  ][gc,phases      ] GC(122)   StringDedup Requests0 Weak     Min:  0.0, Avg:  0.0, Max:  0.0, Diff:  0.0, Sum:  0.0, Workers: 6
[34.713s][debug  ][gc,phases      ] GC(122)     Dead                           Min: 0, Avg:  0.0, Max: 0, Diff: 0, Sum: 0, Workers: 6
[34.713s][debug  ][gc,phases      ] GC(122)     Total                          Min: 0, Avg:  0.0, Max: 0, Diff: 0, Sum: 0, Workers: 6
[34.713s][debug  ][gc,phases      ] GC(122)   StringDedup Requests1 Weak     Min:  0.0, Avg:  0.0, Max:  0.0, Diff:  0.0, Sum:  0.0, Workers: 6
[34.713s][debug  ][gc,phases      ] GC(122)     Dead                           Min: 0, Avg:  0.0, Max: 0, Diff: 0, Sum: 0, Workers: 6
[34.713s][debug  ][gc,phases      ] GC(122)     Total                          Min: 0, Avg:  0.0, Max: 0, Diff: 0, Sum: 0, Workers: 6
[34.713s][debug  ][gc,phases      ] GC(122)   Weak JFR Old Object Samples    Min:  0.0, Avg:  0.0, Max:  0.0, Diff:  0.0, Sum:  0.0, Workers: 6
[34.713s][debug  ][gc,phases      ] GC(122)     Dead                           Min: 0, Avg:  0.0, Max: 0, Diff: 0, Sum: 0, Workers: 6
[34.713s][debug  ][gc,phases      ] GC(122)     Total                          Min: 0, Avg:  0.0, Max: 0, Diff: 0, Sum: 0, Workers: 6
[34.713s][debug  ][gc,phases      ] GC(122) Weak Processing 0.734ms
[34.713s][debug  ][gc,ergo        ] GC(122) AdaptiveSizeStart:  collection: 123 
[34.713s][debug  ][gc,ergo        ] GC(122) avg_survived_padded_avg: 35543608.000000
[34.713s][debug  ][gc,ergo        ] GC(122) avg_promoted_padded_avg: 255257600.000000  avg_pretenured_padded_avg: 0.000000  tenuring_thresh: 1  target_size: 35651584
[34.713s][debug  ][gc,age         ] GC(122) Desired survivor size 35651584 bytes, new threshold 1 (max threshold 15)
[34.713s][debug  ][gc,ergo        ] GC(122) PSAdaptiveSizePolicy::compute_eden_space_size limits: desired_eden_size: 222555136 old_eden_size: 196083712 eden_limit: 196083712 cur_eden: 196083712 max_eden_size: 196083712 avg_young_live: 29038458
[34.713s][debug  ][gc,ergo        ] GC(122) PSAdaptiveSizePolicy::compute_eden_space_size: costs minor_time: 0.051764 major_cost: 0.025128 mutator_cost: 0.923108 throughput_goal: 0.990000
[34.713s][debug  ][gc,ergo        ] GC(122) Live_space: 902412032 free_space: 1846542336
[34.713s][debug  ][gc,ergo        ] GC(122) Old eden_size: 196083712 desired_eden_size: 196083712
[34.713s][debug  ][gc,ergo        ] GC(122) AdaptiveSizeStop: collection: 123 
[34.713s][info   ][gc,heap        ] GC(122) PSYoungGen: 218790K(226816K)->30720K(226816K) Eden: 188070K(191488K)->0K(191488K) From: 30720K(35328K)->30720K(35328K)
[34.713s][info   ][gc,heap        ] GC(122) ParOldGen: 1701477K(2227712K)->1885797K(2227712K)
[34.714s][info   ][gc,metaspace   ] GC(122) Metaspace: 1022K(1216K)->1022K(1216K) NonClass: 938K(1024K)->938K(1024K) Class: 83K(192K)->83K(192K)
[34.714s][info   ][gc             ] GC(122) Pause Young (Allocation Failure) 1875M->1871M(2397M) 17.074ms
[34.714s][info   ][gc,cpu         ] GC(122) User=0.16s Sys=0.00s Real=0.02s
[34.714s][debug  ][gc,heap        ] GC(122) Heap after GC invocations=123 (full 15):
[34.714s][debug  ][gc,heap        ] GC(122)  PSYoungGen      total 226816K, used 30720K [0x00000007f0000000, 0x0000000800000000, 0x0000000800000000)
[34.714s][debug  ][gc,heap        ] GC(122)   eden space 191488K, 0% used [0x00000007f0000000,0x00000007f0000000,0x00000007fbb00000)
[34.714s][debug  ][gc,heap        ] GC(122)   from space 35328K, 86% used [0x00000007fbb00000,0x00000007fd900030,0x00000007fdd80000)
[34.714s][debug  ][gc,heap        ] GC(122)   to   space 34816K, 0% used [0x00000007fde00000,0x00000007fde00000,0x0000000800000000)
[34.714s][debug  ][gc,heap        ] GC(122)  ParOldGen       total 2227712K, used 1885797K [0x0000000740000000, 0x00000007c7f80000, 0x00000007f0000000)
[34.714s][debug  ][gc,heap        ] GC(122)   object space 2227712K, 84% used [0x0000000740000000,0x00000007b3199778,0x00000007c7f80000)
[34.714s][debug  ][gc,heap        ] GC(122)  Metaspace       used 1022K, committed 1216K, reserved 1056768K
[34.714s][debug  ][gc,heap        ] GC(122)   class space    used 83K, committed 192K, reserved 1048576K
[34.714s][debug  ][gc,task,time   ] GC(122) VM-Thread 346960452 347118335 347138121
[34.997s][debug  ][gc,heap        ] GC(123) Heap before GC invocations=124 (full 15):
[34.997s][debug  ][gc,heap        ] GC(123)  PSYoungGen      total 226816K, used 218791K [0x00000007f0000000, 0x0000000800000000, 0x0000000800000000)
[34.997s][debug  ][gc,heap        ] GC(123)   eden space 191488K, 98% used [0x00000007f0000000,0x00000007fb7a9e98,0x00000007fbb00000)
[34.997s][debug  ][gc,heap        ] GC(123)   from space 35328K, 86% used [0x00000007fbb00000,0x00000007fd900030,0x00000007fdd80000)
[34.997s][debug  ][gc,heap        ] GC(123)   to   space 34816K, 0% used [0x00000007fde00000,0x00000007fde00000,0x0000000800000000)
[34.997s][debug  ][gc,heap        ] GC(123)  ParOldGen       total 2227712K, used 1885797K [0x0000000740000000, 0x00000007c7f80000, 0x00000007f0000000)
[34.997s][debug  ][gc,heap        ] GC(123)   object space 2227712K, 84% used [0x0000000740000000,0x00000007b3199778,0x00000007c7f80000)
[34.997s][debug  ][gc,heap        ] GC(123)  Metaspace       used 1022K, committed 1216K, reserved 1056768K
[34.997s][debug  ][gc,heap        ] GC(123)   class space    used 83K, committed 192K, reserved 1048576K
[34.997s][debug  ][gc,tlab        ] GC(123) TLAB totals: thrds: 1  refills: 1 max: 1 slow allocs: 18 max 18 waste: 100.0% gc: 3840336B max: 3840336B slow: 0B max: 0B
[34.997s][info   ][gc,start       ] GC(123) Pause Young (Allocation Failure)
[34.997s][debug  ][gc,phases,start] GC(123) Scavenge
[35.009s][debug  ][gc,phases      ] GC(123) Scavenge 12.135ms
[35.009s][debug  ][gc,phases,start] GC(123) Reference Processing
[35.010s][debug  ][gc,ref         ] GC(123) Skipped phase 1 of Reference Processing: no references
[35.010s][debug  ][gc,ref         ] GC(123) Skipped phase 2 of Reference Processing: no references
[35.010s][debug  ][gc,ref         ] GC(123) Skipped phase 3 of Reference Processing: no references
[35.010s][debug  ][gc,ref         ] GC(123) Skipped phase 4 of Reference Processing: no references
[35.010s][debug  ][gc,phases,ref  ] GC(123) Reference Processing: 0.1ms
[35.010s][debug  ][gc,phases,ref  ] GC(123)   Reconsider SoftReferences: 0.0ms
[35.010s][debug  ][gc,phases,ref  ] GC(123)     SoftRef (ms):                  skipped
[35.010s][debug  ][gc,phases,ref  ] GC(123)   Notify Soft/WeakReferences: 0.0ms
[35.010s][debug  ][gc,phases,ref  ] GC(123)     SoftRef (ms):                  skipped
[35.010s][debug  ][gc,phases,ref  ] GC(123)     WeakRef (ms):                  skipped
[35.010s][debug  ][gc,phases,ref  ] GC(123)     FinalRef (ms):                 skipped
[35.010s][debug  ][gc,phases,ref  ] GC(123)     Total (ms):                    skipped
[35.010s][debug  ][gc,phases,ref  ] GC(123)   Notify and keep alive finalizable: 0.0ms
[35.010s][debug  ][gc,phases,ref  ] GC(123)     FinalRef (ms):                 skipped
[35.010s][debug  ][gc,phases,ref  ] GC(123)   Notify PhantomReferences: 0.0ms
[35.010s][debug  ][gc,phases,ref  ] GC(123)     PhantomRef (ms):               skipped
[35.010s][debug  ][gc,phases,ref  ] GC(123)   SoftReference:
[35.010s][debug  ][gc,phases,ref  ] GC(123)     Discovered: 0
[35.010s][debug  ][gc,phases,ref  ] GC(123)     Cleared: 0
[35.010s][debug  ][gc,phases,ref  ] GC(123)   WeakReference:
[35.010s][debug  ][gc,phases,ref  ] GC(123)     Discovered: 0
[35.010s][debug  ][gc,phases,ref  ] GC(123)     Cleared: 0
[35.010s][debug  ][gc,phases,ref  ] GC(123)   FinalReference:
[35.010s][debug  ][gc,phases,ref  ] GC(123)     Discovered: 0
[35.010s][debug  ][gc,phases,ref  ] GC(123)     Cleared: 0
[35.010s][debug  ][gc,phases,ref  ] GC(123)   PhantomReference:
[35.010s][debug  ][gc,phases,ref  ] GC(123)     Discovered: 0
[35.010s][debug  ][gc,phases,ref  ] GC(123)     Cleared: 0
[35.010s][debug  ][gc,phases      ] GC(123) Reference Processing 0.731ms
[35.010s][debug  ][gc,phases,start] GC(123) Weak Processing
[35.010s][debug  ][gc,phases      ] GC(123)   VM Weak                        Min:  0.0, Avg:  0.0, Max:  0.0, Diff:  0.0, Sum:  0.0, Workers: 6
[35.010s][debug  ][gc,phases      ] GC(123)     Dead                           Min: 0, Avg:  0.0, Max: 0, Diff: 0, Sum: 0, Workers: 6
[35.010s][debug  ][gc,phases      ] GC(123)     Total                          Min: 0, Avg:  1.3, Max: 8, Diff: 8, Sum: 8, Workers: 6
[35.010s][debug  ][gc,phases      ] GC(123)   ObjectSynchronizer Weak        Min:  0.0, Avg:  0.0, Max:  0.0, Diff:  0.0, Sum:  0.0, Workers: 6
[35.010s][debug  ][gc,phases      ] GC(123)     Dead                           Min: 0, Avg:  0.0, Max: 0, Diff: 0, Sum: 0, Workers: 6
[35.010s][debug  ][gc,phases      ] GC(123)     Total                          Min: 0, Avg:  0.5, Max: 3, Diff: 3, Sum: 3, Workers: 6
[35.010s][debug  ][gc,phases      ] GC(123)   JVMTI Tag Weak OopStorage      Min:  0.0, Avg:  0.0, Max:  0.0, Diff:  0.0, Sum:  0.0, Workers: 6
[35.010s][debug  ][gc,phases      ] GC(123)     Dead                           Min: 0, Avg:  0.0, Max: 0, Diff: 0, Sum: 0, Workers: 6
[35.011s][debug  ][gc,phases      ] GC(123)     Total                          Min: 0, Avg:  0.0, Max: 0, Diff: 0, Sum: 0, Workers: 6
[35.011s][debug  ][gc,phases      ] GC(123)   StringTable Weak               Min:  0.0, Avg:  0.0, Max:  0.0, Diff:  0.0, Sum:  0.0, Workers: 6
[35.011s][debug  ][gc,phases      ] GC(123)     Dead                           Min: 0, Avg:  0.0, Max: 0, Diff: 0, Sum: 0, Workers: 6
[35.011s][debug  ][gc,phases      ] GC(123)     Total                          Min: 768, Avg: 892.5, Max: 1088, Diff: 320, Sum: 5355, Workers: 6
[35.011s][debug  ][gc,phases      ] GC(123)   ResolvedMethodTable Weak       Min:  0.0, Avg:  0.0, Max:  0.0, Diff:  0.0, Sum:  0.0, Workers: 6
[35.011s][debug  ][gc,phases      ] GC(123)     Dead                           Min: 0, Avg:  0.0, Max: 0, Diff: 0, Sum: 0, Workers: 6
[35.011s][debug  ][gc,phases      ] GC(123)     Total                          Min: 0, Avg: 21.7, Max: 64, Diff: 64, Sum: 130, Workers: 6
[35.011s][debug  ][gc,phases      ] GC(123)   JNI Weak                       Min:  0.0, Avg:  0.0, Max:  0.0, Diff:  0.0, Sum:  0.0, Workers: 6
[35.011s][debug  ][gc,phases      ] GC(123)     Dead                           Min: 0, Avg:  0.0, Max: 0, Diff: 0, Sum: 0, Workers: 6
[35.011s][debug  ][gc,phases      ] GC(123)     Total                          Min: 0, Avg:  0.0, Max: 0, Diff: 0, Sum: 0, Workers: 6
[35.011s][debug  ][gc,phases      ] GC(123)   StringDedup Table Weak         Min:  0.0, Avg:  0.0, Max:  0.0, Diff:  0.0, Sum:  0.0, Workers: 6
[35.011s][debug  ][gc,phases      ] GC(123)     Dead                           Min: 0, Avg:  0.0, Max: 0, Diff: 0, Sum: 0, Workers: 6
[35.011s][debug  ][gc,phases      ] GC(123)     Total                          Min: 0, Avg:  0.0, Max: 0, Diff: 0, Sum: 0, Workers: 6
[35.011s][debug  ][gc,phases      ] GC(123)   StringDedup Requests0 Weak     Min:  0.0, Avg:  0.0, Max:  0.0, Diff:  0.0, Sum:  0.0, Workers: 6
[35.011s][debug  ][gc,phases      ] GC(123)     Dead                           Min: 0, Avg:  0.0, Max: 0, Diff: 0, Sum: 0, Workers: 6
[35.011s][debug  ][gc,phases      ] GC(123)     Total                          Min: 0, Avg:  0.0, Max: 0, Diff: 0, Sum: 0, Workers: 6
[35.011s][debug  ][gc,phases      ] GC(123)   StringDedup Requests1 Weak     Min:  0.0, Avg:  0.0, Max:  0.0, Diff:  0.0, Sum:  0.0, Workers: 6
[35.011s][debug  ][gc,phases      ] GC(123)     Dead                           Min: 0, Avg:  0.0, Max: 0, Diff: 0, Sum: 0, Workers: 6
[35.011s][debug  ][gc,phases      ] GC(123)     Total                          Min: 0, Avg:  0.0, Max: 0, Diff: 0, Sum: 0, Workers: 6
[35.011s][debug  ][gc,phases      ] GC(123)   Weak JFR Old Object Samples    Min:  0.0, Avg:  0.0, Max:  0.0, Diff:  0.0, Sum:  0.0, Workers: 6
[35.011s][debug  ][gc,phases      ] GC(123)     Dead                           Min: 0, Avg:  0.0, Max: 0, Diff: 0, Sum: 0, Workers: 6
[35.011s][debug  ][gc,phases      ] GC(123)     Total                          Min: 0, Avg:  0.0, Max: 0, Diff: 0, Sum: 0, Workers: 6
[35.011s][debug  ][gc,phases      ] GC(123) Weak Processing 0.998ms
[35.011s][debug  ][gc,ergo        ] GC(123) AdaptiveSizeStart:  collection: 124 
[35.011s][debug  ][gc,ergo        ] GC(123) avg_survived_padded_avg: 35340544.000000
[35.011s][debug  ][gc,ergo        ] GC(123) avg_promoted_padded_avg: 250145632.000000  avg_pretenured_padded_avg: 0.000000  tenuring_thresh: 1  target_size: 35651584
[35.011s][debug  ][gc,age         ] GC(123) Desired survivor size 35651584 bytes, new threshold 1 (max threshold 15)
[35.011s][debug  ][gc,ergo        ] GC(123) PSAdaptiveSizePolicy::compute_eden_space_size limits: desired_eden_size: 222352351 old_eden_size: 196083712 eden_limit: 196608000 cur_eden: 196083712 max_eden_size: 196608000 avg_young_live: 29280344
[35.011s][debug  ][gc,ergo        ] GC(123) PSAdaptiveSizePolicy::compute_eden_space_size: costs minor_time: 0.050569 major_cost: 0.025128 mutator_cost: 0.924303 throughput_goal: 0.990000
[35.011s][debug  ][gc,ergo        ] GC(123) Live_space: 902653952 free_space: 1846542336
[35.011s][debug  ][gc,ergo        ] GC(123) Old eden_size: 196083712 desired_eden_size: 196608000
[35.011s][debug  ][gc,ergo        ] GC(123) AdaptiveSizeStop: collection: 124 
[35.012s][info   ][gc,heap        ] GC(123) PSYoungGen: 218791K(226816K)->30720K(227328K) Eden: 188071K(191488K)->0K(192512K) From: 30720K(35328K)->30720K(34816K)
[35.012s][info   ][gc,heap        ] GC(123) ParOldGen: 1885797K(2227712K)->2029158K(2227712K)
[35.012s][info   ][gc,metaspace   ] GC(123) Metaspace: 1022K(1216K)->1022K(1216K) NonClass: 938K(1024K)->938K(1024K) Class: 83K(192K)->83K(192K)
[35.012s][info   ][gc             ] GC(123) Pause Young (Allocation Failure) 2055M->2011M(2397M) 14.504ms
[35.012s][info   ][gc,cpu         ] GC(123) User=0.16s Sys=0.00s Real=0.02s
[35.012s][debug  ][gc,heap        ] GC(123) Heap after GC invocations=124 (full 15):
[35.012s][debug  ][gc,heap        ] GC(123)  PSYoungGen      total 227328K, used 30720K [0x00000007f0000000, 0x0000000800000000, 0x0000000800000000)
[35.012s][debug  ][gc,heap        ] GC(123)   eden space 192512K, 0% used [0x00000007f0000000,0x00000007f0000000,0x00000007fbc00000)
[35.012s][debug  ][gc,heap        ] GC(123)   from space 34816K, 88% used [0x00000007fde00000,0x00000007ffc00030,0x0000000800000000)
[35.012s][debug  ][gc,heap        ] GC(123)   to   space 34816K, 0% used [0x00000007fbc00000,0x00000007fbc00000,0x00000007fde00000)
[35.012s][debug  ][gc,heap        ] GC(123)  ParOldGen       total 2227712K, used 2029158K [0x0000000740000000, 0x00000007c7f80000, 0x00000007f0000000)
[35.012s][debug  ][gc,heap        ] GC(123)   object space 2227712K, 91% used [0x0000000740000000,0x00000007bbd99858,0x00000007c7f80000)
[35.012s][debug  ][gc,heap        ] GC(123)  Metaspace       used 1022K, committed 1216K, reserved 1056768K
[35.012s][debug  ][gc,heap        ] GC(123)   class space    used 83K, committed 192K, reserved 1048576K
[35.012s][debug  ][gc,task,time   ] GC(123) VM-Thread 349966782 350094770 350119992
[35.012s][debug  ][gc,phases,start] GC(124) Pre Compact
[35.012s][debug  ][gc,heap        ] GC(124) Heap before GC invocations=125 (full 16):
[35.012s][debug  ][gc,heap        ] GC(124)  PSYoungGen      total 227328K, used 30720K [0x00000007f0000000, 0x0000000800000000, 0x0000000800000000)
[35.012s][debug  ][gc,heap        ] GC(124)   eden space 192512K, 0% used [0x00000007f0000000,0x00000007f0000000,0x00000007fbc00000)
[35.012s][debug  ][gc,heap        ] GC(124)   from space 34816K, 88% used [0x00000007fde00000,0x00000007ffc00030,0x0000000800000000)
[35.012s][debug  ][gc,heap        ] GC(124)   to   space 34816K, 0% used [0x00000007fbc00000,0x00000007fbc00000,0x00000007fde00000)
[35.012s][debug  ][gc,heap        ] GC(124)  ParOldGen       total 2227712K, used 2029158K [0x0000000740000000, 0x00000007c7f80000, 0x00000007f0000000)
[35.012s][debug  ][gc,heap        ] GC(124)   object space 2227712K, 91% used [0x0000000740000000,0x00000007bbd99858,0x00000007c7f80000)
[35.012s][debug  ][gc,heap        ] GC(124)  Metaspace       used 1022K, committed 1216K, reserved 1056768K
[35.012s][debug  ][gc,heap        ] GC(124)   class space    used 83K, committed 192K, reserved 1048576K
[35.012s][debug  ][gc,phases      ] GC(124) Pre Compact 0.241ms
[35.012s][info   ][gc,start       ] GC(124) Pause Full (Ergonomics)
[35.012s][info   ][gc,phases,start] GC(124) Marking Phase
[35.012s][debug  ][gc,phases,start] GC(124) Par Mark
[35.013s][debug  ][gc,phases      ] GC(124) Par Mark 0.577ms
[35.013s][debug  ][gc,phases,start] GC(124) Reference Processing
[35.013s][debug  ][gc,ref         ] GC(124) Skipped phase 1 of Reference Processing: no references
[35.013s][debug  ][gc,ref         ] GC(124) ReferenceProcessor::execute queues: 1, RefProcThreadModel::Single, marks_oops_alive: false
[35.013s][debug  ][gc,ref         ] GC(124) Skipped phase 3 of Reference Processing: no references
[35.013s][debug  ][gc,ref         ] GC(124) ReferenceProcessor::execute queues: 1, RefProcThreadModel::Single, marks_oops_alive: false
[35.013s][debug  ][gc,phases,ref  ] GC(124) Reference Processing: 0.1ms
[35.013s][debug  ][gc,phases,ref  ] GC(124)   Reconsider SoftReferences: 0.0ms
[35.013s][debug  ][gc,phases,ref  ] GC(124)     SoftRef (ms):                  skipped
[35.013s][debug  ][gc,phases,ref  ] GC(124)   Notify Soft/WeakReferences: 0.0ms
[35.013s][debug  ][gc,phases,ref  ] GC(124)     SoftRef (ms):                  Min:  0.0, Avg:  0.0, Max:  0.0, Diff:  0.0, Sum:  0.0, Workers: 10
[35.013s][debug  ][gc,phases,ref  ] GC(124)     WeakRef (ms):                  Min:  0.0, Avg:  0.0, Max:  0.0, Diff:  0.0, Sum:  0.0, Workers: 10
[35.013s][debug  ][gc,phases,ref  ] GC(124)     FinalRef (ms):                 Min:  0.0, Avg:  0.0, Max:  0.0, Diff:  0.0, Sum:  0.0, Workers: 10
[35.013s][debug  ][gc,phases,ref  ] GC(124)     Total (ms):                    Min:  0.0, Avg:  0.0, Max:  0.0, Diff:  0.0, Sum:  0.0, Workers: 10
[35.013s][debug  ][gc,phases,ref  ] GC(124)   Notify and keep alive finalizable: 0.0ms
[35.013s][debug  ][gc,phases,ref  ] GC(124)     FinalRef (ms):                 skipped
[35.013s][debug  ][gc,phases,ref  ] GC(124)   Notify PhantomReferences: 0.0ms
[35.013s][debug  ][gc,phases,ref  ] GC(124)     PhantomRef (ms):               Min:  0.0, Avg:  0.0, Max:  0.0, Diff:  0.0, Sum:  0.0, Workers: 10
[35.013s][debug  ][gc,phases,ref  ] GC(124)   SoftReference:
[35.013s][debug  ][gc,phases,ref  ] GC(124)     Discovered: 0
[35.013s][debug  ][gc,phases,ref  ] GC(124)     Cleared: 0
[35.013s][debug  ][gc,phases,ref  ] GC(124)   WeakReference:
[35.013s][debug  ][gc,phases,ref  ] GC(124)     Discovered: 59
[35.013s][debug  ][gc,phases,ref  ] GC(124)     Cleared: 59
[35.014s][debug  ][gc,phases,ref  ] GC(124)   FinalReference:
[35.014s][debug  ][gc,phases,ref  ] GC(124)     Discovered: 0
[35.014s][debug  ][gc,phases,ref  ] GC(124)     Cleared: 0
[35.014s][debug  ][gc,phases,ref  ] GC(124)   PhantomReference:
[35.014s][debug  ][gc,phases,ref  ] GC(124)     Discovered: 5
[35.014s][debug  ][gc,phases,ref  ] GC(124)     Cleared: 5
[35.014s][debug  ][gc,phases      ] GC(124) Reference Processing 0.656ms
[35.014s][debug  ][gc,phases,start] GC(124) Weak Processing
[35.014s][debug  ][gc,phases      ] GC(124)   VM Weak                        Min:  0.0, Avg:  0.0, Max:  0.0, Diff:  0.0, Sum:  0.0, Workers: 6
[35.014s][debug  ][gc,phases      ] GC(124)     Dead                           Min: 0, Avg:  0.0, Max: 0, Diff: 0, Sum: 0, Workers: 6
[35.014s][debug  ][gc,phases      ] GC(124)     Total                          Min: 0, Avg:  1.3, Max: 8, Diff: 8, Sum: 8, Workers: 6
[35.014s][debug  ][gc,phases      ] GC(124)   ObjectSynchronizer Weak        Min:  0.0, Avg:  0.0, Max:  0.0, Diff:  0.0, Sum:  0.0, Workers: 6
[35.014s][debug  ][gc,phases      ] GC(124)     Dead                           Min: 0, Avg:  0.0, Max: 0, Diff: 0, Sum: 0, Workers: 6
[35.014s][debug  ][gc,phases      ] GC(124)     Total                          Min: 0, Avg:  0.5, Max: 3, Diff: 3, Sum: 3, Workers: 6
[35.014s][debug  ][gc,phases      ] GC(124)   JVMTI Tag Weak OopStorage      Min:  0.0, Avg:  0.0, Max:  0.0, Diff:  0.0, Sum:  0.0, Workers: 6
[35.014s][debug  ][gc,phases      ] GC(124)     Dead                           Min: 0, Avg:  0.0, Max: 0, Diff: 0, Sum: 0, Workers: 6
[35.014s][debug  ][gc,phases      ] GC(124)     Total                          Min: 0, Avg:  0.0, Max: 0, Diff: 0, Sum: 0, Workers: 6
[35.014s][debug  ][gc,phases      ] GC(124)   StringTable Weak               Min:  0.0, Avg:  0.0, Max:  0.0, Diff:  0.0, Sum:  0.0, Workers: 6
[35.014s][debug  ][gc,phases      ] GC(124)     Dead                           Min: 0, Avg:  0.0, Max: 0, Diff: 0, Sum: 0, Workers: 6
[35.014s][debug  ][gc,phases      ] GC(124)     Total                          Min: 556, Avg: 892.5, Max: 1472, Diff: 916, Sum: 5355, Workers: 6
[35.014s][debug  ][gc,phases      ] GC(124)   ResolvedMethodTable Weak       Min:  0.0, Avg:  0.0, Max:  0.0, Diff:  0.0, Sum:  0.0, Workers: 6
[35.014s][debug  ][gc,phases      ] GC(124)     Dead                           Min: 0, Avg:  0.0, Max: 0, Diff: 0, Sum: 0, Workers: 6
[35.014s][debug  ][gc,phases      ] GC(124)     Total                          Min: 0, Avg: 21.7, Max: 64, Diff: 64, Sum: 130, Workers: 6
[35.014s][debug  ][gc,phases      ] GC(124)   JNI Weak                       Min:  0.0, Avg:  0.0, Max:  0.0, Diff:  0.0, Sum:  0.0, Workers: 6
[35.014s][debug  ][gc,phases      ] GC(124)     Dead                           Min: 0, Avg:  0.0, Max: 0, Diff: 0, Sum: 0, Workers: 6
[35.014s][debug  ][gc,phases      ] GC(124)     Total                          Min: 0, Avg:  0.0, Max: 0, Diff: 0, Sum: 0, Workers: 6
[35.014s][debug  ][gc,phases      ] GC(124)   StringDedup Table Weak         Min:  0.0, Avg:  0.0, Max:  0.0, Diff:  0.0, Sum:  0.0, Workers: 6
[35.014s][debug  ][gc,phases      ] GC(124)     Dead                           Min: 0, Avg:  0.0, Max: 0, Diff: 0, Sum: 0, Workers: 6
[35.014s][debug  ][gc,phases      ] GC(124)     Total                          Min: 0, Avg:  0.0, Max: 0, Diff: 0, Sum: 0, Workers: 6
[35.014s][debug  ][gc,phases      ] GC(124)   StringDedup Requests0 Weak     Min:  0.0, Avg:  0.0, Max:  0.0, Diff:  0.0, Sum:  0.0, Workers: 6
[35.014s][debug  ][gc,phases      ] GC(124)     Dead                           Min: 0, Avg:  0.0, Max: 0, Diff: 0, Sum: 0, Workers: 6
[35.014s][debug  ][gc,phases      ] GC(124)     Total                          Min: 0, Avg:  0.0, Max: 0, Diff: 0, Sum: 0, Workers: 6
[35.014s][debug  ][gc,phases      ] GC(124)   StringDedup Requests1 Weak     Min:  0.0, Avg:  0.0, Max:  0.0, Diff:  0.0, Sum:  0.0, Workers: 6
[35.014s][debug  ][gc,phases      ] GC(124)     Dead                           Min: 0, Avg:  0.0, Max: 0, Diff: 0, Sum: 0, Workers: 6
[35.014s][debug  ][gc,phases      ] GC(124)     Total                          Min: 0, Avg:  0.0, Max: 0, Diff: 0, Sum: 0, Workers: 6
[35.014s][debug  ][gc,phases      ] GC(124)   Weak JFR Old Object Samples    Min:  0.0, Avg:  0.0, Max:  0.0, Diff:  0.0, Sum:  0.0, Workers: 6
[35.014s][debug  ][gc,phases      ] GC(124)     Dead                           Min: 0, Avg:  0.0, Max: 0, Diff: 0, Sum: 0, Workers: 6
[35.014s][debug  ][gc,phases      ] GC(124)     Total                          Min: 0, Avg:  0.0, Max: 0, Diff: 0, Sum: 0, Workers: 6
[35.014s][debug  ][gc,phases      ] GC(124) Weak Processing 0.663ms
[35.014s][debug  ][gc,phases,start] GC(124) Class Unloading
[35.014s][debug  ][gc,phases,start] GC(124) ClassLoaderData
[35.014s][debug  ][gc,phases      ] GC(124) ClassLoaderData 0.019ms
[35.014s][debug  ][gc,phases,start] GC(124) Trigger cleanups
[35.014s][debug  ][gc,phases      ] GC(124) Trigger cleanups 0.019ms
[35.015s][debug  ][gc,phases      ] GC(124) Class Unloading 0.253ms
[35.015s][info   ][gc,phases      ] GC(124) Marking Phase 2.287ms
[35.015s][info   ][gc,phases,start] GC(124) Summary Phase
[35.015s][info   ][gc,phases      ] GC(124) Summary Phase 0.042ms
[35.015s][info   ][gc,phases,start] GC(124) Adjust Roots
[35.015s][info   ][gc,phases      ] GC(124) Adjust Roots 0.134ms
[35.015s][info   ][gc,phases,start] GC(124) Compaction Phase
[35.034s][info   ][gc,phases      ] GC(124) Compaction Phase 18.729ms
[35.034s][info   ][gc,phases,start] GC(124) Post Compact
[35.041s][info   ][gc,phases      ] GC(124) Post Compact 6.787ms
[35.041s][debug  ][gc,ergo        ] GC(124) AdaptiveSizeStart: collection: 125 
[35.041s][debug  ][gc,ergo        ] GC(124) PSAdaptiveSizePolicy::compute_eden_space_size limits: desired_eden_size: 225220912 old_eden_size: 196608000 eden_limit: 197132288 cur_eden: 197132288 max_eden_size: 197132288 avg_young_live: 26352310
[35.041s][debug  ][gc,ergo        ] GC(124) PSAdaptiveSizePolicy::compute_eden_space_size: costs minor_time: 0.050569 major_cost: 0.021167 mutator_cost: 0.928264 throughput_goal: 0.990000
[35.041s][debug  ][gc,ergo        ] GC(124) Live_space: 899725888 free_space: 1847066624
[35.041s][debug  ][gc,ergo        ] GC(124) Old eden_size: 196608000 desired_eden_size: 197132288
[35.041s][debug  ][gc,ergo        ] GC(124) PSAdaptiveSizePolicy::compute_old_gen_free_space: costs minor_time: 0.050569 major_cost: 0.021167  mutator_cost: 0.928264 throughput_goal: 0.990000
[35.041s][debug  ][gc,ergo        ] GC(124) Live_space: 857225280 free_space: 1847590912
[35.041s][debug  ][gc,ergo        ] GC(124) Old promo_size: 1650458624 desired_promo_size: 1747976192
[35.043s][debug  ][gc             ] GC(124) Shrinking ParOldGen from 2227712K by 100352K to 2127360K
[35.043s][debug  ][gc,ergo        ] GC(124) AdaptiveSizeStop: collection: 125 
[35.043s][info   ][gc,heap        ] GC(124) PSYoungGen: 30720K(227328K)->0K(227328K) Eden: 0K(192512K)->0K(192512K) From: 30720K(34816K)->0K(34816K)
[35.043s][info   ][gc,heap        ] GC(124) ParOldGen: 2029158K(2227712K)->175715K(2127360K)
[35.043s][info   ][gc,metaspace   ] GC(124) Metaspace: 1022K(1216K)->1022K(1216K) NonClass: 938K(1024K)->938K(1024K) Class: 83K(192K)->83K(192K)
[35.043s][info   ][gc             ] GC(124) Pause Full (Ergonomics) 2011M->171M(2299M) 30.986ms
[35.043s][info   ][gc,cpu         ] GC(124) User=0.17s Sys=0.00s Real=0.03s
[35.043s][debug  ][gc,heap        ] GC(124) Heap after GC invocations=125 (full 16):
[35.043s][debug  ][gc,heap        ] GC(124)  PSYoungGen      total 227328K, used 0K [0x00000007f0000000, 0x0000000800000000, 0x0000000800000000)
[35.043s][debug  ][gc,heap        ] GC(124)   eden space 192512K, 0% used [0x00000007f0000000,0x00000007f0000000,0x00000007fbc00000)
[35.043s][debug  ][gc,heap        ] GC(124)   from space 34816K, 0% used [0x00000007fbc00000,0x00000007fbc00000,0x00000007fde00000)
[35.043s][debug  ][gc,heap        ] GC(124)   to   space 34816K, 0% used [0x00000007fde00000,0x00000007fde00000,0x0000000800000000)
[35.043s][debug  ][gc,heap        ] GC(124)  ParOldGen       total 2127360K, used 175715K [0x0000000740000000, 0x00000007c1d80000, 0x00000007f0000000)
[35.043s][debug  ][gc,heap        ] GC(124)   object space 2127360K, 8% used [0x0000000740000000,0x000000074ab98d08,0x00000007c1d80000)
[35.043s][debug  ][gc,heap        ] GC(124)  Metaspace       used 1022K, committed 1216K, reserved 1056768K
[35.044s][debug  ][gc,heap        ] GC(124)   class space    used 83K, committed 192K, reserved 1048576K
[35.044s][debug  ][gc,task,time   ] GC(124) VM-Thread 350123302 350148892 350433473
[35.328s][debug  ][gc,heap        ] GC(125) Heap before GC invocations=126 (full 16):
[35.328s][debug  ][gc,heap        ] GC(125)  PSYoungGen      total 227328K, used 188119K [0x00000007f0000000, 0x0000000800000000, 0x0000000800000000)
[35.328s][debug  ][gc,heap        ] GC(125)   eden space 192512K, 97% used [0x00000007f0000000,0x00000007fb7b5d18,0x00000007fbc00000)
[35.328s][debug  ][gc,heap        ] GC(125)   from space 34816K, 0% used [0x00000007fbc00000,0x00000007fbc00000,0x00000007fde00000)
[35.328s][debug  ][gc,heap        ] GC(125)   to   space 34816K, 0% used [0x00000007fde00000,0x00000007fde00000,0x0000000800000000)
[35.328s][debug  ][gc,heap        ] GC(125)  ParOldGen       total 2127360K, used 175715K [0x0000000740000000, 0x00000007c1d80000, 0x00000007f0000000)
[35.328s][debug  ][gc,heap        ] GC(125)   object space 2127360K, 8% used [0x0000000740000000,0x000000074ab98d08,0x00000007c1d80000)
[35.328s][debug  ][gc,heap        ] GC(125)  Metaspace       used 1022K, committed 1216K, reserved 1056768K
[35.328s][debug  ][gc,heap        ] GC(125)   class space    used 83K, committed 192K, reserved 1048576K
[35.328s][debug  ][gc,tlab        ] GC(125) TLAB totals: thrds: 1  refills: 1 max: 1 slow allocs: 17 max 17 waste: 27.1% gc: 3890168B max: 3890168B slow: 0B max: 0B
[35.328s][info   ][gc,start       ] GC(125) Pause Young (Allocation Failure)
[35.328s][debug  ][gc,phases,start] GC(125) Scavenge
[35.341s][debug  ][gc,phases      ] GC(125) Scavenge 12.448ms
[35.341s][debug  ][gc,phases,start] GC(125) Reference Processing
[35.341s][debug  ][gc,ref         ] GC(125) Skipped phase 1 of Reference Processing: no references
[35.341s][debug  ][gc,ref         ] GC(125) Skipped phase 2 of Reference Processing: no references
[35.341s][debug  ][gc,ref         ] GC(125) Skipped phase 3 of Reference Processing: no references
[35.341s][debug  ][gc,ref         ] GC(125) Skipped phase 4 of Reference Processing: no references
[35.341s][debug  ][gc,phases,ref  ] GC(125) Reference Processing: 0.1ms
[35.341s][debug  ][gc,phases,ref  ] GC(125)   Reconsider SoftReferences: 0.0ms
[35.341s][debug  ][gc,phases,ref  ] GC(125)     SoftRef (ms):                  skipped
[35.341s][debug  ][gc,phases,ref  ] GC(125)   Notify Soft/WeakReferences: 0.0ms
[35.341s][debug  ][gc,phases,ref  ] GC(125)     SoftRef (ms):                  skipped
[35.341s][debug  ][gc,phases,ref  ] GC(125)     WeakRef (ms):                  skipped
[35.341s][debug  ][gc,phases,ref  ] GC(125)     FinalRef (ms):                 skipped
[35.341s][debug  ][gc,phases,ref  ] GC(125)     Total (ms):                    skipped
[35.341s][debug  ][gc,phases,ref  ] GC(125)   Notify and keep alive finalizable: 0.0ms
[35.341s][debug  ][gc,phases,ref  ] GC(125)     FinalRef (ms):                 skipped
[35.341s][debug  ][gc,phases,ref  ] GC(125)   Notify PhantomReferences: 0.0ms
[35.341s][debug  ][gc,phases,ref  ] GC(125)     PhantomRef (ms):               skipped
[35.341s][debug  ][gc,phases,ref  ] GC(125)   SoftReference:
[35.341s][debug  ][gc,phases,ref  ] GC(125)     Discovered: 0
[35.341s][debug  ][gc,phases,ref  ] GC(125)     Cleared: 0
[35.341s][debug  ][gc,phases,ref  ] GC(125)   WeakReference:
[35.341s][debug  ][gc,phases,ref  ] GC(125)     Discovered: 0
[35.341s][debug  ][gc,phases,ref  ] GC(125)     Cleared: 0
[35.341s][debug  ][gc,phases,ref  ] GC(125)   FinalReference:
[35.341s][debug  ][gc,phases,ref  ] GC(125)     Discovered: 0
[35.342s][debug  ][gc,phases,ref  ] GC(125)     Cleared: 0
[35.342s][debug  ][gc,phases,ref  ] GC(125)   PhantomReference:
[35.342s][debug  ][gc,phases,ref  ] GC(125)     Discovered: 0
[35.342s][debug  ][gc,phases,ref  ] GC(125)     Cleared: 0
[35.342s][debug  ][gc,phases      ] GC(125) Reference Processing 0.682ms
[35.342s][debug  ][gc,phases,start] GC(125) Weak Processing
[35.342s][debug  ][gc,phases      ] GC(125)   VM Weak                        Min:  0.0, Avg:  0.0, Max:  0.0, Diff:  0.0, Sum:  0.0, Workers: 6
[35.342s][debug  ][gc,phases      ] GC(125)     Dead                           Min: 0, Avg:  0.0, Max: 0, Diff: 0, Sum: 0, Workers: 6
[35.342s][debug  ][gc,phases      ] GC(125)     Total                          Min: 0, Avg:  1.3, Max: 8, Diff: 8, Sum: 8, Workers: 6
[35.342s][debug  ][gc,phases      ] GC(125)   ObjectSynchronizer Weak        Min:  0.0, Avg:  0.0, Max:  0.0, Diff:  0.0, Sum:  0.0, Workers: 6
[35.342s][debug  ][gc,phases      ] GC(125)     Dead                           Min: 0, Avg:  0.0, Max: 0, Diff: 0, Sum: 0, Workers: 6
[35.342s][debug  ][gc,phases      ] GC(125)     Total                          Min: 0, Avg:  0.5, Max: 3, Diff: 3, Sum: 3, Workers: 6
[35.342s][debug  ][gc,phases      ] GC(125)   JVMTI Tag Weak OopStorage      Min:  0.0, Avg:  0.0, Max:  0.0, Diff:  0.0, Sum:  0.0, Workers: 6
[35.342s][debug  ][gc,phases      ] GC(125)     Dead                           Min: 0, Avg:  0.0, Max: 0, Diff: 0, Sum: 0, Workers: 6
[35.342s][debug  ][gc,phases      ] GC(125)     Total                          Min: 0, Avg:  0.0, Max: 0, Diff: 0, Sum: 0, Workers: 6
[35.342s][debug  ][gc,phases      ] GC(125)   StringTable Weak               Min:  0.0, Avg:  0.0, Max:  0.0, Diff:  0.0, Sum:  0.0, Workers: 6
[35.342s][debug  ][gc,phases      ] GC(125)     Dead                           Min: 0, Avg:  0.0, Max: 0, Diff: 0, Sum: 0, Workers: 6
[35.342s][debug  ][gc,phases      ] GC(125)     Total                          Min: 747, Avg: 892.5, Max: 1088, Diff: 341, Sum: 5355, Workers: 6
[35.342s][debug  ][gc,phases      ] GC(125)   ResolvedMethodTable Weak       Min:  0.0, Avg:  0.0, Max:  0.0, Diff:  0.0, Sum:  0.0, Workers: 6
[35.342s][debug  ][gc,phases      ] GC(125)     Dead                           Min: 0, Avg:  0.0, Max: 0, Diff: 0, Sum: 0, Workers: 6
[35.342s][debug  ][gc,phases      ] GC(125)     Total                          Min: 0, Avg: 21.7, Max: 64, Diff: 64, Sum: 130, Workers: 6
[35.342s][debug  ][gc,phases      ] GC(125)   JNI Weak                       Min:  0.0, Avg:  0.0, Max:  0.0, Diff:  0.0, Sum:  0.0, Workers: 6
[35.342s][debug  ][gc,phases      ] GC(125)     Dead                           Min: 0, Avg:  0.0, Max: 0, Diff: 0, Sum: 0, Workers: 6
[35.342s][debug  ][gc,phases      ] GC(125)     Total                          Min: 0, Avg:  0.0, Max: 0, Diff: 0, Sum: 0, Workers: 6
[35.342s][debug  ][gc,phases      ] GC(125)   StringDedup Table Weak         Min:  0.0, Avg:  0.0, Max:  0.0, Diff:  0.0, Sum:  0.0, Workers: 6
[35.342s][debug  ][gc,phases      ] GC(125)     Dead                           Min: 0, Avg:  0.0, Max: 0, Diff: 0, Sum: 0, Workers: 6
[35.342s][debug  ][gc,phases      ] GC(125)     Total                          Min: 0, Avg:  0.0, Max: 0, Diff: 0, Sum: 0, Workers: 6
[35.342s][debug  ][gc,phases      ] GC(125)   StringDedup Requests0 Weak     Min:  0.0, Avg:  0.0, Max:  0.0, Diff:  0.0, Sum:  0.0, Workers: 6
[35.342s][debug  ][gc,phases      ] GC(125)     Dead                           Min: 0, Avg:  0.0, Max: 0, Diff: 0, Sum: 0, Workers: 6
[35.342s][debug  ][gc,phases      ] GC(125)     Total                          Min: 0, Avg:  0.0, Max: 0, Diff: 0, Sum: 0, Workers: 6
[35.342s][debug  ][gc,phases      ] GC(125)   StringDedup Requests1 Weak     Min:  0.0, Avg:  0.0, Max:  0.0, Diff:  0.0, Sum:  0.0, Workers: 6
[35.342s][debug  ][gc,phases      ] GC(125)     Dead                           Min: 0, Avg:  0.0, Max: 0, Diff: 0, Sum: 0, Workers: 6
[35.342s][debug  ][gc,phases      ] GC(125)     Total                          Min: 0, Avg:  0.0, Max: 0, Diff: 0, Sum: 0, Workers: 6
[35.342s][debug  ][gc,phases      ] GC(125)   Weak JFR Old Object Samples    Min:  0.0, Avg:  0.0, Max:  0.0, Diff:  0.0, Sum:  0.0, Workers: 6
[35.342s][debug  ][gc,phases      ] GC(125)     Dead                           Min: 0, Avg:  0.0, Max: 0, Diff: 0, Sum: 0, Workers: 6
[35.342s][debug  ][gc,phases      ] GC(125)     Total                          Min: 0, Avg:  0.0, Max: 0, Diff: 0, Sum: 0, Workers: 6
[35.342s][debug  ][gc,phases      ] GC(125) Weak Processing 0.794ms
[35.342s][debug  ][gc,ergo        ] GC(125) AdaptiveSizeStart:  collection: 126 
[35.342s][debug  ][gc,ergo        ] GC(125) avg_survived_padded_avg: 35137228.000000
[35.342s][debug  ][gc,ergo        ] GC(125) avg_promoted_padded_avg: 243188912.000000  avg_pretenured_padded_avg: 0.000000  tenuring_thresh: 1  target_size: 35651584
[35.343s][debug  ][gc,age         ] GC(125) Desired survivor size 35651584 bytes, new threshold 1 (max threshold 15)
[35.343s][debug  ][gc,ergo        ] GC(125) PSAdaptiveSizePolicy::compute_eden_space_size limits: desired_eden_size: 224878311 old_eden_size: 197132288 eden_limit: 197132288 cur_eden: 197132288 max_eden_size: 197132288 avg_young_live: 26862812
[35.343s][debug  ][gc,ergo        ] GC(125) PSAdaptiveSizePolicy::compute_eden_space_size: costs minor_time: 0.048538 major_cost: 0.021167 mutator_cost: 0.930295 throughput_goal: 0.990000
[35.343s][debug  ][gc,ergo        ] GC(125) Live_space: 857735808 free_space: 1945108480
[35.343s][debug  ][gc,ergo        ] GC(125) Old eden_size: 197132288 desired_eden_size: 197132288
[35.343s][debug  ][gc,ergo        ] GC(125) AdaptiveSizeStop: collection: 126 
[35.343s][info   ][gc,heap        ] GC(125) PSYoungGen: 188119K(227328K)->30720K(227328K) Eden: 188119K(192512K)->0K(192512K) From: 0K(34816K)->30720K(34816K)
[35.343s][info   ][gc,heap        ] GC(125) ParOldGen: 175715K(2127360K)->329315K(2127360K)
[35.343s][info   ][gc,metaspace   ] GC(125) Metaspace: 1022K(1216K)->1022K(1216K) NonClass: 938K(1024K)->938K(1024K) Class: 83K(192K)->83K(192K)
[35.343s][info   ][gc             ] GC(125) Pause Young (Allocation Failure) 355M->351M(2299M) 14.441ms
[35.343s][info   ][gc,cpu         ] GC(125) User=0.16s Sys=0.00s Real=0.01s
[35.343s][debug  ][gc,heap        ] GC(125) Heap after GC invocations=126 (full 16):
[35.343s][debug  ][gc,heap        ] GC(125)  PSYoungGen      total 227328K, used 30720K [0x00000007f0000000, 0x0000000800000000, 0x0000000800000000)
[35.343s][debug  ][gc,heap        ] GC(125)   eden space 192512K, 0% used [0x00000007f0000000,0x00000007f0000000,0x00000007fbc00000)
[35.343s][debug  ][gc,heap        ] GC(125)   from space 34816K, 88% used [0x00000007fde00000,0x00000007ffc00030,0x0000000800000000)
[35.343s][debug  ][gc,heap        ] GC(125)   to   space 34816K, 0% used [0x00000007fbc00000,0x00000007fbc00000,0x00000007fde00000)
[35.343s][debug  ][gc,heap        ] GC(125)  ParOldGen       total 2127360K, used 329315K [0x0000000740000000, 0x00000007c1d80000, 0x00000007f0000000)
[35.343s][debug  ][gc,heap        ] GC(125)   object space 2127360K, 15% used [0x0000000740000000,0x0000000754198df8,0x00000007c1d80000)
[35.343s][debug  ][gc,heap        ] GC(125)  Metaspace       used 1022K, committed 1216K, reserved 1056768K
[35.343s][debug  ][gc,heap        ] GC(125)   class space    used 83K, committed 192K, reserved 1048576K
[35.343s][debug  ][gc,task,time   ] GC(125) VM-Thread 353279097 353409169 353430969
[35.629s][debug  ][gc,heap        ] GC(126) Heap before GC invocations=127 (full 16):
[35.629s][debug  ][gc,heap        ] GC(126)  PSYoungGen      total 227328K, used 218756K [0x00000007f0000000, 0x0000000800000000, 0x0000000800000000)
[35.629s][debug  ][gc,heap        ] GC(126)   eden space 192512K, 97% used [0x00000007f0000000,0x00000007fb7a1290,0x00000007fbc00000)
[35.629s][debug  ][gc,heap        ] GC(126)   from space 34816K, 88% used [0x00000007fde00000,0x00000007ffc00030,0x0000000800000000)
[35.629s][debug  ][gc,heap        ] GC(126)   to   space 34816K, 0% used [0x00000007fbc00000,0x00000007fbc00000,0x00000007fde00000)
[35.629s][debug  ][gc,heap        ] GC(126)  ParOldGen       total 2127360K, used 329315K [0x0000000740000000, 0x00000007c1d80000, 0x00000007f0000000)
[35.629s][debug  ][gc,heap        ] GC(126)   object space 2127360K, 15% used [0x0000000740000000,0x0000000754198df8,0x00000007c1d80000)
[35.629s][debug  ][gc,heap        ] GC(126)  Metaspace       used 1022K, committed 1216K, reserved 1056768K
[35.629s][debug  ][gc,heap        ] GC(126)   class space    used 83K, committed 192K, reserved 1048576K
[35.630s][debug  ][gc,tlab        ] GC(126) TLAB totals: thrds: 1  refills: 1 max: 1 slow allocs: 17 max 17 waste: 26.6% gc: 3805552B max: 3805552B slow: 0B max: 0B
[35.630s][info   ][gc,start       ] GC(126) Pause Young (Allocation Failure)
[35.630s][debug  ][gc,phases,start] GC(126) Scavenge
[35.644s][debug  ][gc,phases      ] GC(126) Scavenge 14.746ms
[35.644s][debug  ][gc,phases,start] GC(126) Reference Processing
[35.645s][debug  ][gc,ref         ] GC(126) Skipped phase 1 of Reference Processing: no references
[35.645s][debug  ][gc,ref         ] GC(126) Skipped phase 2 of Reference Processing: no references
[35.645s][debug  ][gc,ref         ] GC(126) Skipped phase 3 of Reference Processing: no references
[35.645s][debug  ][gc,ref         ] GC(126) Skipped phase 4 of Reference Processing: no references
[35.645s][debug  ][gc,phases,ref  ] GC(126) Reference Processing: 0.1ms
[35.645s][debug  ][gc,phases,ref  ] GC(126)   Reconsider SoftReferences: 0.0ms
[35.645s][debug  ][gc,phases,ref  ] GC(126)     SoftRef (ms):                  skipped
[35.645s][debug  ][gc,phases,ref  ] GC(126)   Notify Soft/WeakReferences: 0.0ms
[35.645s][debug  ][gc,phases,ref  ] GC(126)     SoftRef (ms):                  skipped
[35.645s][debug  ][gc,phases,ref  ] GC(126)     WeakRef (ms):                  skipped
[35.645s][debug  ][gc,phases,ref  ] GC(126)     FinalRef (ms):                 skipped
[35.645s][debug  ][gc,phases,ref  ] GC(126)     Total (ms):                    skipped
[35.645s][debug  ][gc,phases,ref  ] GC(126)   Notify and keep alive finalizable: 0.0ms
[35.645s][debug  ][gc,phases,ref  ] GC(126)     FinalRef (ms):                 skipped
[35.645s][debug  ][gc,phases,ref  ] GC(126)   Notify PhantomReferences: 0.0ms
[35.645s][debug  ][gc,phases,ref  ] GC(126)     PhantomRef (ms):               skipped
[35.645s][debug  ][gc,phases,ref  ] GC(126)   SoftReference:
[35.645s][debug  ][gc,phases,ref  ] GC(126)     Discovered: 0
[35.645s][debug  ][gc,phases,ref  ] GC(126)     Cleared: 0
[35.645s][debug  ][gc,phases,ref  ] GC(126)   WeakReference:
[35.645s][debug  ][gc,phases,ref  ] GC(126)     Discovered: 0
[35.645s][debug  ][gc,phases,ref  ] GC(126)     Cleared: 0
[35.645s][debug  ][gc,phases,ref  ] GC(126)   FinalReference:
[35.645s][debug  ][gc,phases,ref  ] GC(126)     Discovered: 0
[35.645s][debug  ][gc,phases,ref  ] GC(126)     Cleared: 0
[35.645s][debug  ][gc,phases,ref  ] GC(126)   PhantomReference:
[35.645s][debug  ][gc,phases,ref  ] GC(126)     Discovered: 0
[35.645s][debug  ][gc,phases,ref  ] GC(126)     Cleared: 0
[35.645s][debug  ][gc,phases      ] GC(126) Reference Processing 0.698ms
[35.645s][debug  ][gc,phases,start] GC(126) Weak Processing
[35.645s][debug  ][gc,phases      ] GC(126)   VM Weak                        Min:  0.0, Avg:  0.0, Max:  0.0, Diff:  0.0, Sum:  0.0, Workers: 6
[35.645s][debug  ][gc,phases      ] GC(126)     Dead                           Min: 0, Avg:  0.0, Max: 0, Diff: 0, Sum: 0, Workers: 6
[35.645s][debug  ][gc,phases      ] GC(126)     Total                          Min: 0, Avg:  1.3, Max: 8, Diff: 8, Sum: 8, Workers: 6
[35.645s][debug  ][gc,phases      ] GC(126)   ObjectSynchronizer Weak        Min:  0.0, Avg:  0.0, Max:  0.0, Diff:  0.0, Sum:  0.0, Workers: 6
[35.645s][debug  ][gc,phases      ] GC(126)     Dead                           Min: 0, Avg:  0.0, Max: 0, Diff: 0, Sum: 0, Workers: 6
[35.645s][debug  ][gc,phases      ] GC(126)     Total                          Min: 0, Avg:  0.5, Max: 3, Diff: 3, Sum: 3, Workers: 6
[35.645s][debug  ][gc,phases      ] GC(126)   JVMTI Tag Weak OopStorage      Min:  0.0, Avg:  0.0, Max:  0.0, Diff:  0.0, Sum:  0.0, Workers: 6
[35.645s][debug  ][gc,phases      ] GC(126)     Dead                           Min: 0, Avg:  0.0, Max: 0, Diff: 0, Sum: 0, Workers: 6
[35.646s][debug  ][gc,phases      ] GC(126)     Total                          Min: 0, Avg:  0.0, Max: 0, Diff: 0, Sum: 0, Workers: 6
[35.646s][debug  ][gc,phases      ] GC(126)   StringTable Weak               Min:  0.0, Avg:  0.0, Max:  0.0, Diff:  0.0, Sum:  0.0, Workers: 6
[35.646s][debug  ][gc,phases      ] GC(126)     Dead                           Min: 0, Avg:  0.0, Max: 0, Diff: 0, Sum: 0, Workers: 6
[35.646s][debug  ][gc,phases      ] GC(126)     Total                          Min: 703, Avg: 892.5, Max: 1024, Diff: 321, Sum: 5355, Workers: 6
[35.646s][debug  ][gc,phases      ] GC(126)   ResolvedMethodTable Weak       Min:  0.0, Avg:  0.0, Max:  0.0, Diff:  0.0, Sum:  0.0, Workers: 6
[35.646s][debug  ][gc,phases      ] GC(126)     Dead                           Min: 0, Avg:  0.0, Max: 0, Diff: 0, Sum: 0, Workers: 6
[35.646s][debug  ][gc,phases      ] GC(126)     Total                          Min: 0, Avg: 21.7, Max: 64, Diff: 64, Sum: 130, Workers: 6
[35.646s][debug  ][gc,phases      ] GC(126)   JNI Weak                       Min:  0.0, Avg:  0.0, Max:  0.0, Diff:  0.0, Sum:  0.0, Workers: 6
[35.646s][debug  ][gc,phases      ] GC(126)     Dead                           Min: 0, Avg:  0.0, Max: 0, Diff: 0, Sum: 0, Workers: 6
[35.646s][debug  ][gc,phases      ] GC(126)     Total                          Min: 0, Avg:  0.0, Max: 0, Diff: 0, Sum: 0, Workers: 6
[35.646s][debug  ][gc,phases      ] GC(126)   StringDedup Table Weak         Min:  0.0, Avg:  0.0, Max:  0.0, Diff:  0.0, Sum:  0.0, Workers: 6
[35.646s][debug  ][gc,phases      ] GC(126)     Dead                           Min: 0, Avg:  0.0, Max: 0, Diff: 0, Sum: 0, Workers: 6
[35.646s][debug  ][gc,phases      ] GC(126)     Total                          Min: 0, Avg:  0.0, Max: 0, Diff: 0, Sum: 0, Workers: 6
[35.646s][debug  ][gc,phases      ] GC(126)   StringDedup Requests0 Weak     Min:  0.0, Avg:  0.0, Max:  0.0, Diff:  0.0, Sum:  0.0, Workers: 6
[35.646s][debug  ][gc,phases      ] GC(126)     Dead                           Min: 0, Avg:  0.0, Max: 0, Diff: 0, Sum: 0, Workers: 6
[35.646s][debug  ][gc,phases      ] GC(126)     Total                          Min: 0, Avg:  0.0, Max: 0, Diff: 0, Sum: 0, Workers: 6
[35.646s][debug  ][gc,phases      ] GC(126)   StringDedup Requests1 Weak     Min:  0.0, Avg:  0.0, Max:  0.0, Diff:  0.0, Sum:  0.0, Workers: 6
[35.646s][debug  ][gc,phases      ] GC(126)     Dead                           Min: 0, Avg:  0.0, Max: 0, Diff: 0, Sum: 0, Workers: 6
[35.646s][debug  ][gc,phases      ] GC(126)     Total                          Min: 0, Avg:  0.0, Max: 0, Diff: 0, Sum: 0, Workers: 6
[35.646s][debug  ][gc,phases      ] GC(126)   Weak JFR Old Object Samples    Min:  0.0, Avg:  0.0, Max:  0.0, Diff:  0.0, Sum:  0.0, Workers: 6
[35.646s][debug  ][gc,phases      ] GC(126)     Dead                           Min: 0, Avg:  0.0, Max: 0, Diff: 0, Sum: 0, Workers: 6
[35.646s][debug  ][gc,phases      ] GC(126)     Total                          Min: 0, Avg:  0.0, Max: 0, Diff: 0, Sum: 0, Workers: 6
[35.646s][debug  ][gc,phases      ] GC(126) Weak Processing 0.822ms
[35.646s][debug  ][gc,ergo        ] GC(126) AdaptiveSizeStart:  collection: 127 
[35.646s][debug  ][gc,ergo        ] GC(126) avg_survived_padded_avg: 34935744.000000
[35.646s][debug  ][gc,ergo        ] GC(126) avg_promoted_padded_avg: 244141632.000000  avg_pretenured_padded_avg: 0.000000  tenuring_thresh: 1  target_size: 35127296
[35.646s][debug  ][gc,age         ] GC(126) Desired survivor size 35127296 bytes, new threshold 1 (max threshold 15)
[35.646s][debug  ][gc,ergo        ] GC(126) PSAdaptiveSizePolicy::compute_eden_space_size limits: desired_eden_size: 225113146 old_eden_size: 197132288 eden_limit: 197132288 cur_eden: 197132288 max_eden_size: 197132288 avg_young_live: 27322262
[35.646s][debug  ][gc,ergo        ] GC(126) PSAdaptiveSizePolicy::compute_eden_space_size: costs minor_time: 0.049918 major_cost: 0.021167 mutator_cost: 0.928915 throughput_goal: 0.990000
[35.646s][debug  ][gc,ergo        ] GC(126) Live_space: 858195200 free_space: 1945108480
[35.646s][debug  ][gc,ergo        ] GC(126) Old eden_size: 197132288 desired_eden_size: 197132288
[35.646s][debug  ][gc,ergo        ] GC(126) AdaptiveSizeStop: collection: 127 
[35.646s][info   ][gc,heap        ] GC(126) PSYoungGen: 218756K(227328K)->30720K(227328K) Eden: 188036K(192512K)->0K(192512K) From: 30720K(34816K)->30720K(34816K)
[35.646s][info   ][gc,heap        ] GC(126) ParOldGen: 329315K(2127360K)->513635K(2127360K)
[35.646s][info   ][gc,metaspace   ] GC(126) Metaspace: 1022K(1216K)->1022K(1216K) NonClass: 938K(1024K)->938K(1024K) Class: 83K(192K)->83K(192K)
[35.646s][info   ][gc             ] GC(126) Pause Young (Allocation Failure) 535M->531M(2299M) 16.792ms
[35.646s][info   ][gc,cpu         ] GC(126) User=0.00s Sys=0.00s Real=0.02s
[35.646s][debug  ][gc,heap        ] GC(126) Heap after GC invocations=127 (full 16):
[35.646s][debug  ][gc,heap        ] GC(126)  PSYoungGen      total 227328K, used 30720K [0x00000007f0000000, 0x0000000800000000, 0x0000000800000000)
[35.646s][debug  ][gc,heap        ] GC(126)   eden space 192512K, 0% used [0x00000007f0000000,0x00000007f0000000,0x00000007fbc00000)
[35.647s][debug  ][gc,heap        ] GC(126)   from space 34816K, 88% used [0x00000007fbc00000,0x00000007fda00030,0x00000007fde00000)
[35.647s][debug  ][gc,heap        ] GC(126)   to   space 34304K, 0% used [0x00000007fde80000,0x00000007fde80000,0x0000000800000000)
[35.647s][debug  ][gc,heap        ] GC(126)  ParOldGen       total 2127360K, used 513635K [0x0000000740000000, 0x00000007c1d80000, 0x00000007f0000000)
[35.647s][debug  ][gc,heap        ] GC(126)   object space 2127360K, 24% used [0x0000000740000000,0x000000075f598f18,0x00000007c1d80000)
[35.647s][debug  ][gc,heap        ] GC(126)  Metaspace       used 1022K, committed 1216K, reserved 1056768K
[35.647s][debug  ][gc,heap        ] GC(126)   class space    used 83K, committed 192K, reserved 1048576K
[35.647s][debug  ][gc,task,time   ] GC(126) VM-Thread 356290076 356444947 356466304
[35.932s][debug  ][gc,heap        ] GC(127) Heap before GC invocations=128 (full 16):
[35.932s][debug  ][gc,heap        ] GC(127)  PSYoungGen      total 227328K, used 218776K [0x00000007f0000000, 0x0000000800000000, 0x0000000800000000)
[35.932s][debug  ][gc,heap        ] GC(127)   eden space 192512K, 97% used [0x00000007f0000000,0x00000007fb7a6378,0x00000007fbc00000)
[35.932s][debug  ][gc,heap        ] GC(127)   from space 34816K, 88% used [0x00000007fbc00000,0x00000007fda00030,0x00000007fde00000)
[35.932s][debug  ][gc,heap        ] GC(127)   to   space 34304K, 0% used [0x00000007fde80000,0x00000007fde80000,0x0000000800000000)
[35.932s][debug  ][gc,heap        ] GC(127)  ParOldGen       total 2127360K, used 513635K [0x0000000740000000, 0x00000007c1d80000, 0x00000007f0000000)
[35.932s][debug  ][gc,heap        ] GC(127)   object space 2127360K, 24% used [0x0000000740000000,0x000000075f598f18,0x00000007c1d80000)
[35.932s][debug  ][gc,heap        ] GC(127)  Metaspace       used 1022K, committed 1216K, reserved 1056768K
[35.932s][debug  ][gc,heap        ] GC(127)   class space    used 83K, committed 192K, reserved 1048576K
[35.932s][debug  ][gc,tlab        ] GC(127) TLAB totals: thrds: 1  refills: 1 max: 1 slow allocs: 17 max 17 waste: 26.7% gc: 3826264B max: 3826264B slow: 0B max: 0B
[35.933s][info   ][gc,start       ] GC(127) Pause Young (Allocation Failure)
[35.933s][debug  ][gc,phases,start] GC(127) Scavenge
[35.947s][debug  ][gc,phases      ] GC(127) Scavenge 14.900ms
[35.948s][debug  ][gc,phases,start] GC(127) Reference Processing
[35.948s][debug  ][gc,ref         ] GC(127) Skipped phase 1 of Reference Processing: no references
[35.948s][debug  ][gc,ref         ] GC(127) Skipped phase 2 of Reference Processing: no references
[35.948s][debug  ][gc,ref         ] GC(127) Skipped phase 3 of Reference Processing: no references
[35.948s][debug  ][gc,ref         ] GC(127) Skipped phase 4 of Reference Processing: no references
[35.948s][debug  ][gc,phases,ref  ] GC(127) Reference Processing: 0.1ms
[35.948s][debug  ][gc,phases,ref  ] GC(127)   Reconsider SoftReferences: 0.0ms
[35.948s][debug  ][gc,phases,ref  ] GC(127)     SoftRef (ms):                  skipped
[35.948s][debug  ][gc,phases,ref  ] GC(127)   Notify Soft/WeakReferences: 0.0ms
[35.948s][debug  ][gc,phases,ref  ] GC(127)     SoftRef (ms):                  skipped
[35.948s][debug  ][gc,phases,ref  ] GC(127)     WeakRef (ms):                  skipped
[35.948s][debug  ][gc,phases,ref  ] GC(127)     FinalRef (ms):                 skipped
[35.948s][debug  ][gc,phases,ref  ] GC(127)     Total (ms):                    skipped
[35.948s][debug  ][gc,phases,ref  ] GC(127)   Notify and keep alive finalizable: 0.0ms
[35.948s][debug  ][gc,phases,ref  ] GC(127)     FinalRef (ms):                 skipped
[35.948s][debug  ][gc,phases,ref  ] GC(127)   Notify PhantomReferences: 0.0ms
[35.948s][debug  ][gc,phases,ref  ] GC(127)     PhantomRef (ms):               skipped
[35.948s][debug  ][gc,phases,ref  ] GC(127)   SoftReference:
[35.948s][debug  ][gc,phases,ref  ] GC(127)     Discovered: 0
[35.948s][debug  ][gc,phases,ref  ] GC(127)     Cleared: 0
[35.948s][debug  ][gc,phases,ref  ] GC(127)   WeakReference:
[35.948s][debug  ][gc,phases,ref  ] GC(127)     Discovered: 0
[35.948s][debug  ][gc,phases,ref  ] GC(127)     Cleared: 0
[35.948s][debug  ][gc,phases,ref  ] GC(127)   FinalReference:
[35.948s][debug  ][gc,phases,ref  ] GC(127)     Discovered: 0
[35.948s][debug  ][gc,phases,ref  ] GC(127)     Cleared: 0
[35.948s][debug  ][gc,phases,ref  ] GC(127)   PhantomReference:
[35.948s][debug  ][gc,phases,ref  ] GC(127)     Discovered: 0
[35.948s][debug  ][gc,phases,ref  ] GC(127)     Cleared: 0
[35.948s][debug  ][gc,phases      ] GC(127) Reference Processing 0.693ms
[35.948s][debug  ][gc,phases,start] GC(127) Weak Processing
[35.948s][debug  ][gc,phases      ] GC(127)   VM Weak                        Min:  0.0, Avg:  0.0, Max:  0.0, Diff:  0.0, Sum:  0.0, Workers: 6
[35.948s][debug  ][gc,phases      ] GC(127)     Dead                           Min: 0, Avg:  0.0, Max: 0, Diff: 0, Sum: 0, Workers: 6
[35.948s][debug  ][gc,phases      ] GC(127)     Total                          Min: 0, Avg:  1.3, Max: 8, Diff: 8, Sum: 8, Workers: 6
[35.948s][debug  ][gc,phases      ] GC(127)   ObjectSynchronizer Weak        Min:  0.0, Avg:  0.0, Max:  0.0, Diff:  0.0, Sum:  0.0, Workers: 6
[35.948s][debug  ][gc,phases      ] GC(127)     Dead                           Min: 0, Avg:  0.0, Max: 0, Diff: 0, Sum: 0, Workers: 6
[35.948s][debug  ][gc,phases      ] GC(127)     Total                          Min: 0, Avg:  0.5, Max: 3, Diff: 3, Sum: 3, Workers: 6
[35.949s][debug  ][gc,phases      ] GC(127)   JVMTI Tag Weak OopStorage      Min:  0.0, Avg:  0.0, Max:  0.0, Diff:  0.0, Sum:  0.0, Workers: 6
[35.949s][debug  ][gc,phases      ] GC(127)     Dead                           Min: 0, Avg:  0.0, Max: 0, Diff: 0, Sum: 0, Workers: 6
[35.949s][debug  ][gc,phases      ] GC(127)     Total                          Min: 0, Avg:  0.0, Max: 0, Diff: 0, Sum: 0, Workers: 6
[35.949s][debug  ][gc,phases      ] GC(127)   StringTable Weak               Min:  0.0, Avg:  0.0, Max:  0.0, Diff:  0.0, Sum:  0.0, Workers: 6
[35.949s][debug  ][gc,phases      ] GC(127)     Dead                           Min: 0, Avg:  0.0, Max: 0, Diff: 0, Sum: 0, Workers: 6
[35.949s][debug  ][gc,phases      ] GC(127)     Total                          Min: 767, Avg: 892.5, Max: 1132, Diff: 365, Sum: 5355, Workers: 6
[35.949s][debug  ][gc,phases      ] GC(127)   ResolvedMethodTable Weak       Min:  0.0, Avg:  0.0, Max:  0.0, Diff:  0.0, Sum:  0.0, Workers: 6
[35.949s][debug  ][gc,phases      ] GC(127)     Dead                           Min: 0, Avg:  0.0, Max: 0, Diff: 0, Sum: 0, Workers: 6
[35.949s][debug  ][gc,phases      ] GC(127)     Total                          Min: 0, Avg: 21.7, Max: 64, Diff: 64, Sum: 130, Workers: 6
[35.949s][debug  ][gc,phases      ] GC(127)   JNI Weak                       Min:  0.0, Avg:  0.0, Max:  0.0, Diff:  0.0, Sum:  0.0, Workers: 6
[35.949s][debug  ][gc,phases      ] GC(127)     Dead                           Min: 0, Avg:  0.0, Max: 0, Diff: 0, Sum: 0, Workers: 6
[35.949s][debug  ][gc,phases      ] GC(127)     Total                          Min: 0, Avg:  0.0, Max: 0, Diff: 0, Sum: 0, Workers: 6
[35.949s][debug  ][gc,phases      ] GC(127)   StringDedup Table Weak         Min:  0.0, Avg:  0.0, Max:  0.0, Diff:  0.0, Sum:  0.0, Workers: 6
[35.949s][debug  ][gc,phases      ] GC(127)     Dead                           Min: 0, Avg:  0.0, Max: 0, Diff: 0, Sum: 0, Workers: 6
[35.949s][debug  ][gc,phases      ] GC(127)     Total                          Min: 0, Avg:  0.0, Max: 0, Diff: 0, Sum: 0, Workers: 6
[35.949s][debug  ][gc,phases      ] GC(127)   StringDedup Requests0 Weak     Min:  0.0, Avg:  0.0, Max:  0.0, Diff:  0.0, Sum:  0.0, Workers: 6
[35.949s][debug  ][gc,phases      ] GC(127)     Dead                           Min: 0, Avg:  0.0, Max: 0, Diff: 0, Sum: 0, Workers: 6
[35.949s][debug  ][gc,phases      ] GC(127)     Total                          Min: 0, Avg:  0.0, Max: 0, Diff: 0, Sum: 0, Workers: 6
[35.949s][debug  ][gc,phases      ] GC(127)   StringDedup Requests1 Weak     Min:  0.0, Avg:  0.0, Max:  0.0, Diff:  0.0, Sum:  0.0, Workers: 6
[35.949s][debug  ][gc,phases      ] GC(127)     Dead                           Min: 0, Avg:  0.0, Max: 0, Diff: 0, Sum: 0, Workers: 6
[35.949s][debug  ][gc,phases      ] GC(127)     Total                          Min: 0, Avg:  0.0, Max: 0, Diff: 0, Sum: 0, Workers: 6
[35.949s][debug  ][gc,phases      ] GC(127)   Weak JFR Old Object Samples    Min:  0.0, Avg:  0.0, Max:  0.0, Diff:  0.0, Sum:  0.0, Workers: 6
[35.949s][debug  ][gc,phases      ] GC(127)     Dead                           Min: 0, Avg:  0.0, Max: 0, Diff: 0, Sum: 0, Workers: 6
[35.949s][debug  ][gc,phases      ] GC(127)     Total                          Min: 0, Avg:  0.0, Max: 0, Diff: 0, Sum: 0, Workers: 6
[35.949s][debug  ][gc,phases      ] GC(127) Weak Processing 0.815ms
[35.949s][debug  ][gc,ergo        ] GC(127) AdaptiveSizeStart:  collection: 128 
[35.949s][debug  ][gc,ergo        ] GC(127) avg_survived_padded_avg: 34737760.000000
[35.949s][debug  ][gc,ergo        ] GC(127) avg_promoted_padded_avg: 244359376.000000  avg_pretenured_padded_avg: 0.000000  tenuring_thresh: 1  target_size: 35127296
[35.949s][debug  ][gc,age         ] GC(127) Desired survivor size 35127296 bytes, new threshold 1 (max threshold 15)
[35.949s][debug  ][gc,ergo        ] GC(127) PSAdaptiveSizePolicy::compute_eden_space_size limits: desired_eden_size: 225304436 old_eden_size: 197132288 eden_limit: 197656576 cur_eden: 197132288 max_eden_size: 197656576 avg_young_live: 27735768
[35.949s][debug  ][gc,ergo        ] GC(127) PSAdaptiveSizePolicy::compute_eden_space_size: costs minor_time: 0.051082 major_cost: 0.021167 mutator_cost: 0.927750 throughput_goal: 0.990000
[35.949s][debug  ][gc,ergo        ] GC(127) Live_space: 858608768 free_space: 1945108480
[35.949s][debug  ][gc,ergo        ] GC(127) Old eden_size: 197132288 desired_eden_size: 197656576
[35.949s][debug  ][gc,ergo        ] GC(127) AdaptiveSizeStop: collection: 128 
[35.949s][info   ][gc,heap        ] GC(127) PSYoungGen: 218776K(227328K)->30720K(227840K) Eden: 188056K(192512K)->0K(193536K) From: 30720K(34816K)->30720K(34304K)
[35.949s][info   ][gc,heap        ] GC(127) ParOldGen: 513635K(2127360K)->697956K(2127360K)
[35.949s][info   ][gc,metaspace   ] GC(127) Metaspace: 1022K(1216K)->1022K(1216K) NonClass: 938K(1024K)->938K(1024K) Class: 83K(192K)->83K(192K)
[35.949s][info   ][gc             ] GC(127) Pause Young (Allocation Failure) 715M->711M(2300M) 16.921ms
[35.949s][info   ][gc,cpu         ] GC(127) User=0.16s Sys=0.00s Real=0.02s
[35.950s][debug  ][gc,heap        ] GC(127) Heap after GC invocations=128 (full 16):
[35.950s][debug  ][gc,heap        ] GC(127)  PSYoungGen      total 227840K, used 30720K [0x00000007f0000000, 0x0000000800000000, 0x0000000800000000)
[35.950s][debug  ][gc,heap        ] GC(127)   eden space 193536K, 0% used [0x00000007f0000000,0x00000007f0000000,0x00000007fbd00000)
[35.950s][debug  ][gc,heap        ] GC(127)   from space 34304K, 89% used [0x00000007fde80000,0x00000007ffc80030,0x0000000800000000)
[35.950s][debug  ][gc,heap        ] GC(127)   to   space 34304K, 0% used [0x00000007fbd00000,0x00000007fbd00000,0x00000007fde80000)
[35.950s][debug  ][gc,heap        ] GC(127)  ParOldGen       total 2127360K, used 697956K [0x0000000740000000, 0x00000007c1d80000, 0x00000007f0000000)
[35.950s][debug  ][gc,heap        ] GC(127)   object space 2127360K, 32% used [0x0000000740000000,0x000000076a999038,0x00000007c1d80000)
[35.950s][debug  ][gc,heap        ] GC(127)  Metaspace       used 1022K, committed 1216K, reserved 1056768K
[35.950s][debug  ][gc,heap        ] GC(127)   class space    used 83K, committed 192K, reserved 1048576K
[35.950s][debug  ][gc,task,time   ] GC(127) VM-Thread 359320689 359475655 359496955
[36.232s][debug  ][gc,heap        ] GC(128) Heap before GC invocations=129 (full 16):
[36.232s][debug  ][gc,heap        ] GC(128)  PSYoungGen      total 227840K, used 218809K [0x00000007f0000000, 0x0000000800000000, 0x0000000800000000)
[36.232s][debug  ][gc,heap        ] GC(128)   eden space 193536K, 97% used [0x00000007f0000000,0x00000007fb7ae740,0x00000007fbd00000)
[36.232s][debug  ][gc,heap        ] GC(128)   from space 34304K, 89% used [0x00000007fde80000,0x00000007ffc80030,0x0000000800000000)
[36.232s][debug  ][gc,heap        ] GC(128)   to   space 34304K, 0% used [0x00000007fbd00000,0x00000007fbd00000,0x00000007fde80000)
[36.232s][debug  ][gc,heap        ] GC(128)  ParOldGen       total 2127360K, used 697956K [0x0000000740000000, 0x00000007c1d80000, 0x00000007f0000000)
[36.233s][debug  ][gc,heap        ] GC(128)   object space 2127360K, 32% used [0x0000000740000000,0x000000076a999038,0x00000007c1d80000)
[36.233s][debug  ][gc,heap        ] GC(128)  Metaspace       used 1022K, committed 1216K, reserved 1056768K
[36.233s][debug  ][gc,heap        ] GC(128)   class space    used 83K, committed 192K, reserved 1048576K
[36.233s][debug  ][gc,tlab        ] GC(128) TLAB totals: thrds: 1  refills: 1 max: 1 slow allocs: 17 max 17 waste: 26.9% gc: 3860000B max: 3860000B slow: 0B max: 0B
[36.233s][info   ][gc,start       ] GC(128) Pause Young (Allocation Failure)
[36.233s][debug  ][gc,phases,start] GC(128) Scavenge
[36.248s][debug  ][gc,phases      ] GC(128) Scavenge 15.133ms
[36.248s][debug  ][gc,phases,start] GC(128) Reference Processing
[36.248s][debug  ][gc,ref         ] GC(128) Skipped phase 1 of Reference Processing: no references
[36.248s][debug  ][gc,ref         ] GC(128) Skipped phase 2 of Reference Processing: no references
[36.248s][debug  ][gc,ref         ] GC(128) Skipped phase 3 of Reference Processing: no references
[36.248s][debug  ][gc,ref         ] GC(128) Skipped phase 4 of Reference Processing: no references
[36.248s][debug  ][gc,phases,ref  ] GC(128) Reference Processing: 0.1ms
[36.248s][debug  ][gc,phases,ref  ] GC(128)   Reconsider SoftReferences: 0.0ms
[36.248s][debug  ][gc,phases,ref  ] GC(128)     SoftRef (ms):                  skipped
[36.248s][debug  ][gc,phases,ref  ] GC(128)   Notify Soft/WeakReferences: 0.0ms
[36.248s][debug  ][gc,phases,ref  ] GC(128)     SoftRef (ms):                  skipped
[36.248s][debug  ][gc,phases,ref  ] GC(128)     WeakRef (ms):                  skipped
[36.248s][debug  ][gc,phases,ref  ] GC(128)     FinalRef (ms):                 skipped
[36.248s][debug  ][gc,phases,ref  ] GC(128)     Total (ms):                    skipped
[36.248s][debug  ][gc,phases,ref  ] GC(128)   Notify and keep alive finalizable: 0.0ms
[36.248s][debug  ][gc,phases,ref  ] GC(128)     FinalRef (ms):                 skipped
[36.248s][debug  ][gc,phases,ref  ] GC(128)   Notify PhantomReferences: 0.0ms
[36.248s][debug  ][gc,phases,ref  ] GC(128)     PhantomRef (ms):               skipped
[36.248s][debug  ][gc,phases,ref  ] GC(128)   SoftReference:
[36.248s][debug  ][gc,phases,ref  ] GC(128)     Discovered: 0
[36.248s][debug  ][gc,phases,ref  ] GC(128)     Cleared: 0
[36.248s][debug  ][gc,phases,ref  ] GC(128)   WeakReference:
[36.248s][debug  ][gc,phases,ref  ] GC(128)     Discovered: 0
[36.248s][debug  ][gc,phases,ref  ] GC(128)     Cleared: 0
[36.248s][debug  ][gc,phases,ref  ] GC(128)   FinalReference:
[36.249s][debug  ][gc,phases,ref  ] GC(128)     Discovered: 0
[36.249s][debug  ][gc,phases,ref  ] GC(128)     Cleared: 0
[36.249s][debug  ][gc,phases,ref  ] GC(128)   PhantomReference:
[36.249s][debug  ][gc,phases,ref  ] GC(128)     Discovered: 0
[36.249s][debug  ][gc,phases,ref  ] GC(128)     Cleared: 0
[36.249s][debug  ][gc,phases      ] GC(128) Reference Processing 0.671ms
[36.249s][debug  ][gc,phases,start] GC(128) Weak Processing
[36.249s][debug  ][gc,phases      ] GC(128)   VM Weak                        Min:  0.0, Avg:  0.0, Max:  0.0, Diff:  0.0, Sum:  0.0, Workers: 6
[36.249s][debug  ][gc,phases      ] GC(128)     Dead                           Min: 0, Avg:  0.0, Max: 0, Diff: 0, Sum: 0, Workers: 6
[36.249s][debug  ][gc,phases      ] GC(128)     Total                          Min: 0, Avg:  1.3, Max: 8, Diff: 8, Sum: 8, Workers: 6
[36.249s][debug  ][gc,phases      ] GC(128)   ObjectSynchronizer Weak        Min:  0.0, Avg:  0.0, Max:  0.0, Diff:  0.0, Sum:  0.0, Workers: 6
[36.249s][debug  ][gc,phases      ] GC(128)     Dead                           Min: 0, Avg:  0.0, Max: 0, Diff: 0, Sum: 0, Workers: 6
[36.249s][debug  ][gc,phases      ] GC(128)     Total                          Min: 0, Avg:  0.5, Max: 3, Diff: 3, Sum: 3, Workers: 6
[36.249s][debug  ][gc,phases      ] GC(128)   JVMTI Tag Weak OopStorage      Min:  0.0, Avg:  0.0, Max:  0.0, Diff:  0.0, Sum:  0.0, Workers: 6
[36.249s][debug  ][gc,phases      ] GC(128)     Dead                           Min: 0, Avg:  0.0, Max: 0, Diff: 0, Sum: 0, Workers: 6
[36.249s][debug  ][gc,phases      ] GC(128)     Total                          Min: 0, Avg:  0.0, Max: 0, Diff: 0, Sum: 0, Workers: 6
[36.249s][debug  ][gc,phases      ] GC(128)   StringTable Weak               Min:  0.0, Avg:  0.0, Max:  0.0, Diff:  0.0, Sum:  0.0, Workers: 6
[36.249s][debug  ][gc,phases      ] GC(128)     Dead                           Min: 0, Avg:  0.0, Max: 0, Diff: 0, Sum: 0, Workers: 6
[36.249s][debug  ][gc,phases      ] GC(128)     Total                          Min: 812, Avg: 892.5, Max: 1023, Diff: 211, Sum: 5355, Workers: 6
[36.249s][debug  ][gc,phases      ] GC(128)   ResolvedMethodTable Weak       Min:  0.0, Avg:  0.0, Max:  0.0, Diff:  0.0, Sum:  0.0, Workers: 6
[36.249s][debug  ][gc,phases      ] GC(128)     Dead                           Min: 0, Avg:  0.0, Max: 0, Diff: 0, Sum: 0, Workers: 6
[36.249s][debug  ][gc,phases      ] GC(128)     Total                          Min: 0, Avg: 21.7, Max: 64, Diff: 64, Sum: 130, Workers: 6
[36.249s][debug  ][gc,phases      ] GC(128)   JNI Weak                       Min:  0.0, Avg:  0.0, Max:  0.0, Diff:  0.0, Sum:  0.0, Workers: 6
[36.249s][debug  ][gc,phases      ] GC(128)     Dead                           Min: 0, Avg:  0.0, Max: 0, Diff: 0, Sum: 0, Workers: 6
[36.249s][debug  ][gc,phases      ] GC(128)     Total                          Min: 0, Avg:  0.0, Max: 0, Diff: 0, Sum: 0, Workers: 6
[36.249s][debug  ][gc,phases      ] GC(128)   StringDedup Table Weak         Min:  0.0, Avg:  0.0, Max:  0.0, Diff:  0.0, Sum:  0.0, Workers: 6
[36.249s][debug  ][gc,phases      ] GC(128)     Dead                           Min: 0, Avg:  0.0, Max: 0, Diff: 0, Sum: 0, Workers: 6
[36.249s][debug  ][gc,phases      ] GC(128)     Total                          Min: 0, Avg:  0.0, Max: 0, Diff: 0, Sum: 0, Workers: 6
[36.249s][debug  ][gc,phases      ] GC(128)   StringDedup Requests0 Weak     Min:  0.0, Avg:  0.0, Max:  0.0, Diff:  0.0, Sum:  0.0, Workers: 6
[36.249s][debug  ][gc,phases      ] GC(128)     Dead                           Min: 0, Avg:  0.0, Max: 0, Diff: 0, Sum: 0, Workers: 6
[36.249s][debug  ][gc,phases      ] GC(128)     Total                          Min: 0, Avg:  0.0, Max: 0, Diff: 0, Sum: 0, Workers: 6
[36.249s][debug  ][gc,phases      ] GC(128)   StringDedup Requests1 Weak     Min:  0.0, Avg:  0.0, Max:  0.0, Diff:  0.0, Sum:  0.0, Workers: 6
[36.249s][debug  ][gc,phases      ] GC(128)     Dead                           Min: 0, Avg:  0.0, Max: 0, Diff: 0, Sum: 0, Workers: 6
[36.249s][debug  ][gc,phases      ] GC(128)     Total                          Min: 0, Avg:  0.0, Max: 0, Diff: 0, Sum: 0, Workers: 6
[36.249s][debug  ][gc,phases      ] GC(128)   Weak JFR Old Object Samples    Min:  0.0, Avg:  0.0, Max:  0.0, Diff:  0.0, Sum:  0.0, Workers: 6
[36.249s][debug  ][gc,phases      ] GC(128)     Dead                           Min: 0, Avg:  0.0, Max: 0, Diff: 0, Sum: 0, Workers: 6
[36.249s][debug  ][gc,phases      ] GC(128)     Total                          Min: 0, Avg:  0.0, Max: 0, Diff: 0, Sum: 0, Workers: 6
[36.249s][debug  ][gc,phases      ] GC(128) Weak Processing 0.750ms
[36.249s][debug  ][gc,ergo        ] GC(128) AdaptiveSizeStart:  collection: 129 
[36.249s][debug  ][gc,ergo        ] GC(128) avg_survived_padded_avg: 34544588.000000
[36.249s][debug  ][gc,ergo        ] GC(128) avg_promoted_padded_avg: 243979568.000000  avg_pretenured_padded_avg: 0.000000  tenuring_thresh: 1  target_size: 34603008
[36.249s][debug  ][gc,age         ] GC(128) Desired survivor size 34603008 bytes, new threshold 1 (max threshold 15)
[36.249s][debug  ][gc,ergo        ] GC(128) PSAdaptiveSizePolicy::compute_eden_space_size limits: desired_eden_size: 226529912 old_eden_size: 197656576 eden_limit: 198180864 cur_eden: 198180864 max_eden_size: 198180864 avg_young_live: 28107924
[36.250s][debug  ][gc,ergo        ] GC(128) PSAdaptiveSizePolicy::compute_eden_space_size: costs minor_time: 0.052194 major_cost: 0.021167 mutator_cost: 0.926639 throughput_goal: 0.990000
[36.250s][debug  ][gc,ergo        ] GC(128) Live_space: 858980864 free_space: 1945632768
[36.250s][debug  ][gc,ergo        ] GC(128) Old eden_size: 197656576 desired_eden_size: 198180864
[36.250s][debug  ][gc,ergo        ] GC(128) AdaptiveSizeStop: collection: 129 
[36.250s][info   ][gc,heap        ] GC(128) PSYoungGen: 218809K(227840K)->30720K(227840K) Eden: 188089K(193536K)->0K(193536K) From: 30720K(34304K)->30720K(34304K)
[36.250s][info   ][gc,heap        ] GC(128) ParOldGen: 697956K(2127360K)->882276K(2127360K)
[36.250s][info   ][gc,metaspace   ] GC(128) Metaspace: 1022K(1216K)->1022K(1216K) NonClass: 938K(1024K)->938K(1024K) Class: 83K(192K)->83K(192K)
[36.250s][info   ][gc             ] GC(128) Pause Young (Allocation Failure) 895M->891M(2300M) 17.028ms
[36.250s][info   ][gc,cpu         ] GC(128) User=0.16s Sys=0.00s Real=0.02s
[36.250s][debug  ][gc,heap        ] GC(128) Heap after GC invocations=129 (full 16):
[36.250s][debug  ][gc,heap        ] GC(128)  PSYoungGen      total 227840K, used 30720K [0x00000007f0000000, 0x0000000800000000, 0x0000000800000000)
[36.250s][debug  ][gc,heap        ] GC(128)   eden space 193536K, 0% used [0x00000007f0000000,0x00000007f0000000,0x00000007fbd00000)
[36.250s][debug  ][gc,heap        ] GC(128)   from space 34304K, 89% used [0x00000007fbd00000,0x00000007fdb00030,0x00000007fde80000)
[36.250s][debug  ][gc,heap        ] GC(128)   to   space 33792K, 0% used [0x00000007fdf00000,0x00000007fdf00000,0x0000000800000000)
[36.250s][debug  ][gc,heap        ] GC(128)  ParOldGen       total 2127360K, used 882276K [0x0000000740000000, 0x00000007c1d80000, 0x00000007f0000000)
[36.250s][debug  ][gc,heap        ] GC(128)   object space 2127360K, 41% used [0x0000000740000000,0x0000000775d99158,0x00000007c1d80000)
[36.250s][debug  ][gc,heap        ] GC(128)  Metaspace       used 1022K, committed 1216K, reserved 1056768K
[36.250s][debug  ][gc,heap        ] GC(128)   class space    used 83K, committed 192K, reserved 1048576K
[36.250s][debug  ][gc,task,time   ] GC(128) VM-Thread 362322549 362479444 362499751
[36.532s][debug  ][gc,heap        ] GC(129) Heap before GC invocations=130 (full 16):
[36.533s][debug  ][gc,heap        ] GC(129)  PSYoungGen      total 227840K, used 218818K [0x00000007f0000000, 0x0000000800000000, 0x0000000800000000)
[36.533s][debug  ][gc,heap        ] GC(129)   eden space 193536K, 97% used [0x00000007f0000000,0x00000007fb7b0850,0x00000007fbd00000)
[36.533s][debug  ][gc,heap        ] GC(129)   from space 34304K, 89% used [0x00000007fbd00000,0x00000007fdb00030,0x00000007fde80000)
[36.533s][debug  ][gc,heap        ] GC(129)   to   space 33792K, 0% used [0x00000007fdf00000,0x00000007fdf00000,0x0000000800000000)
[36.533s][debug  ][gc,heap        ] GC(129)  ParOldGen       total 2127360K, used 882276K [0x0000000740000000, 0x00000007c1d80000, 0x00000007f0000000)
[36.533s][debug  ][gc,heap        ] GC(129)   object space 2127360K, 41% used [0x0000000740000000,0x0000000775d99158,0x00000007c1d80000)
[36.533s][debug  ][gc,heap        ] GC(129)  Metaspace       used 1022K, committed 1216K, reserved 1056768K
[36.533s][debug  ][gc,heap        ] GC(129)   class space    used 83K, committed 192K, reserved 1048576K
[36.533s][debug  ][gc,tlab        ] GC(129) TLAB totals: thrds: 1  refills: 1 max: 1 slow allocs: 17 max 17 waste: 26.9% gc: 3867400B max: 3867400B slow: 0B max: 0B
[36.533s][info   ][gc,start       ] GC(129) Pause Young (Allocation Failure)
[36.533s][debug  ][gc,phases,start] GC(129) Scavenge
[36.539s][debug  ][gc,phases      ] GC(129) Scavenge 5.754ms
[36.539s][debug  ][gc,phases,start] GC(129) Reference Processing
[36.539s][debug  ][gc,ref         ] GC(129) Skipped phase 1 of Reference Processing: no references
[36.539s][debug  ][gc,ref         ] GC(129) Skipped phase 2 of Reference Processing: no references
[36.539s][debug  ][gc,ref         ] GC(129) Skipped phase 3 of Reference Processing: no references
[36.539s][debug  ][gc,ref         ] GC(129) Skipped phase 4 of Reference Processing: no references
[36.539s][debug  ][gc,phases,ref  ] GC(129) Reference Processing: 0.1ms
[36.539s][debug  ][gc,phases,ref  ] GC(129)   Reconsider SoftReferences: 0.0ms
[36.539s][debug  ][gc,phases,ref  ] GC(129)     SoftRef (ms):                  skipped
[36.539s][debug  ][gc,phases,ref  ] GC(129)   Notify Soft/WeakReferences: 0.0ms
[36.539s][debug  ][gc,phases,ref  ] GC(129)     SoftRef (ms):                  skipped
[36.539s][debug  ][gc,phases,ref  ] GC(129)     WeakRef (ms):                  skipped
[36.539s][debug  ][gc,phases,ref  ] GC(129)     FinalRef (ms):                 skipped
[36.539s][debug  ][gc,phases,ref  ] GC(129)     Total (ms):                    skipped
[36.539s][debug  ][gc,phases,ref  ] GC(129)   Notify and keep alive finalizable: 0.0ms
[36.539s][debug  ][gc,phases,ref  ] GC(129)     FinalRef (ms):                 skipped
[36.539s][debug  ][gc,phases,ref  ] GC(129)   Notify PhantomReferences: 0.0ms
[36.539s][debug  ][gc,phases,ref  ] GC(129)     PhantomRef (ms):               skipped
[36.539s][debug  ][gc,phases,ref  ] GC(129)   SoftReference:
[36.539s][debug  ][gc,phases,ref  ] GC(129)     Discovered: 0
[36.539s][debug  ][gc,phases,ref  ] GC(129)     Cleared: 0
[36.539s][debug  ][gc,phases,ref  ] GC(129)   WeakReference:
[36.539s][debug  ][gc,phases,ref  ] GC(129)     Discovered: 0
[36.539s][debug  ][gc,phases,ref  ] GC(129)     Cleared: 0
[36.539s][debug  ][gc,phases,ref  ] GC(129)   FinalReference:
[36.540s][debug  ][gc,phases,ref  ] GC(129)     Discovered: 0
[36.540s][debug  ][gc,phases,ref  ] GC(129)     Cleared: 0
[36.540s][debug  ][gc,phases,ref  ] GC(129)   PhantomReference:
[36.540s][debug  ][gc,phases,ref  ] GC(129)     Discovered: 0
[36.540s][debug  ][gc,phases,ref  ] GC(129)     Cleared: 0
[36.540s][debug  ][gc,phases      ] GC(129) Reference Processing 0.907ms
[36.540s][debug  ][gc,phases,start] GC(129) Weak Processing
[36.540s][debug  ][gc,phases      ] GC(129)   VM Weak                        Min:  0.0, Avg:  0.0, Max:  0.0, Diff:  0.0, Sum:  0.0, Workers: 6
[36.540s][debug  ][gc,phases      ] GC(129)     Dead                           Min: 0, Avg:  0.0, Max: 0, Diff: 0, Sum: 0, Workers: 6
[36.540s][debug  ][gc,phases      ] GC(129)     Total                          Min: 0, Avg:  1.3, Max: 8, Diff: 8, Sum: 8, Workers: 6
[36.540s][debug  ][gc,phases      ] GC(129)   ObjectSynchronizer Weak        Min:  0.0, Avg:  0.0, Max:  0.0, Diff:  0.0, Sum:  0.0, Workers: 6
[36.540s][debug  ][gc,phases      ] GC(129)     Dead                           Min: 0, Avg:  0.0, Max: 0, Diff: 0, Sum: 0, Workers: 6
[36.540s][debug  ][gc,phases      ] GC(129)     Total                          Min: 0, Avg:  0.5, Max: 3, Diff: 3, Sum: 3, Workers: 6
[36.540s][debug  ][gc,phases      ] GC(129)   JVMTI Tag Weak OopStorage      Min:  0.0, Avg:  0.0, Max:  0.0, Diff:  0.0, Sum:  0.0, Workers: 6
[36.540s][debug  ][gc,phases      ] GC(129)     Dead                           Min: 0, Avg:  0.0, Max: 0, Diff: 0, Sum: 0, Workers: 6
[36.540s][debug  ][gc,phases      ] GC(129)     Total                          Min: 0, Avg:  0.0, Max: 0, Diff: 0, Sum: 0, Workers: 6
[36.540s][debug  ][gc,phases      ] GC(129)   StringTable Weak               Min:  0.0, Avg:  0.0, Max:  0.0, Diff:  0.0, Sum:  0.0, Workers: 6
[36.540s][debug  ][gc,phases      ] GC(129)     Dead                           Min: 0, Avg:  0.0, Max: 0, Diff: 0, Sum: 0, Workers: 6
[36.540s][debug  ][gc,phases      ] GC(129)     Total                          Min: 768, Avg: 892.5, Max: 1088, Diff: 320, Sum: 5355, Workers: 6
[36.540s][debug  ][gc,phases      ] GC(129)   ResolvedMethodTable Weak       Min:  0.0, Avg:  0.0, Max:  0.0, Diff:  0.0, Sum:  0.0, Workers: 6
[36.540s][debug  ][gc,phases      ] GC(129)     Dead                           Min: 0, Avg:  0.0, Max: 0, Diff: 0, Sum: 0, Workers: 6
[36.540s][debug  ][gc,phases      ] GC(129)     Total                          Min: 0, Avg: 21.7, Max: 64, Diff: 64, Sum: 130, Workers: 6
[36.540s][debug  ][gc,phases      ] GC(129)   JNI Weak                       Min:  0.0, Avg:  0.0, Max:  0.0, Diff:  0.0, Sum:  0.0, Workers: 6
[36.540s][debug  ][gc,phases      ] GC(129)     Dead                           Min: 0, Avg:  0.0, Max: 0, Diff: 0, Sum: 0, Workers: 6
[36.540s][debug  ][gc,phases      ] GC(129)     Total                          Min: 0, Avg:  0.0, Max: 0, Diff: 0, Sum: 0, Workers: 6
[36.540s][debug  ][gc,phases      ] GC(129)   StringDedup Table Weak         Min:  0.0, Avg:  0.0, Max:  0.0, Diff:  0.0, Sum:  0.0, Workers: 6
[36.540s][debug  ][gc,phases      ] GC(129)     Dead                           Min: 0, Avg:  0.0, Max: 0, Diff: 0, Sum: 0, Workers: 6
[36.540s][debug  ][gc,phases      ] GC(129)     Total                          Min: 0, Avg:  0.0, Max: 0, Diff: 0, Sum: 0, Workers: 6
[36.540s][debug  ][gc,phases      ] GC(129)   StringDedup Requests0 Weak     Min:  0.0, Avg:  0.0, Max:  0.0, Diff:  0.0, Sum:  0.0, Workers: 6
[36.540s][debug  ][gc,phases      ] GC(129)     Dead                           Min: 0, Avg:  0.0, Max: 0, Diff: 0, Sum: 0, Workers: 6
[36.540s][debug  ][gc,phases      ] GC(129)     Total                          Min: 0, Avg:  0.0, Max: 0, Diff: 0, Sum: 0, Workers: 6
[36.540s][debug  ][gc,phases      ] GC(129)   StringDedup Requests1 Weak     Min:  0.0, Avg:  0.0, Max:  0.0, Diff:  0.0, Sum:  0.0, Workers: 6
[36.540s][debug  ][gc,phases      ] GC(129)     Dead                           Min: 0, Avg:  0.0, Max: 0, Diff: 0, Sum: 0, Workers: 6
[36.540s][debug  ][gc,phases      ] GC(129)     Total                          Min: 0, Avg:  0.0, Max: 0, Diff: 0, Sum: 0, Workers: 6
[36.540s][debug  ][gc,phases      ] GC(129)   Weak JFR Old Object Samples    Min:  0.0, Avg:  0.0, Max:  0.0, Diff:  0.0, Sum:  0.0, Workers: 6
[36.540s][debug  ][gc,phases      ] GC(129)     Dead                           Min: 0, Avg:  0.0, Max: 0, Diff: 0, Sum: 0, Workers: 6
[36.540s][debug  ][gc,phases      ] GC(129)     Total                          Min: 0, Avg:  0.0, Max: 0, Diff: 0, Sum: 0, Workers: 6
[36.540s][debug  ][gc,phases      ] GC(129) Weak Processing 0.792ms
[36.540s][debug  ][gc,ergo        ] GC(129) AdaptiveSizeStart:  collection: 130 
[36.541s][debug  ][gc,ergo        ] GC(129) avg_survived_padded_avg: 34357244.000000
[36.541s][debug  ][gc,ergo        ] GC(129) avg_promoted_padded_avg: 258748576.000000  avg_pretenured_padded_avg: 0.000000  tenuring_thresh: 1  target_size: 34603008
[36.541s][debug  ][gc,age         ] GC(129) Desired survivor size 34603008 bytes, new threshold 1 (max threshold 15)
[36.541s][debug  ][gc,ergo        ] GC(129) PSAdaptiveSizePolicy::compute_eden_space_size limits: desired_eden_size: 225406798 old_eden_size: 198180864 eden_limit: 198705152 cur_eden: 198180864 max_eden_size: 198705152 avg_young_live: 28442864
[36.541s][debug  ][gc,ergo        ] GC(129) PSAdaptiveSizePolicy::compute_eden_space_size: costs minor_time: 0.045665 major_cost: 0.021167 mutator_cost: 0.933167 throughput_goal: 0.990000
[36.541s][debug  ][gc,ergo        ] GC(129) Live_space: 859315840 free_space: 1946157056
[36.541s][debug  ][gc,ergo        ] GC(129) Old eden_size: 198180864 desired_eden_size: 198705152
[36.541s][debug  ][gc,ergo        ] GC(129) AdaptiveSizeStop: collection: 130 
[36.541s][info   ][gc,heap        ] GC(129) PSYoungGen: 218818K(227840K)->30720K(228352K) Eden: 188098K(193536K)->0K(194560K) From: 30720K(34304K)->30720K(33792K)
[36.541s][info   ][gc,heap        ] GC(129) ParOldGen: 882276K(2127360K)->923236K(2127360K)
[36.541s][info   ][gc,metaspace   ] GC(129) Metaspace: 1022K(1216K)->1022K(1216K) NonClass: 938K(1024K)->938K(1024K) Class: 83K(192K)->83K(192K)
[36.541s][info   ][gc             ] GC(129) Pause Young (Allocation Failure) 1075M->931M(2300M) 7.984ms
[36.541s][info   ][gc,cpu         ] GC(129) User=0.14s Sys=0.00s Real=0.01s
[36.541s][debug  ][gc,heap        ] GC(129) Heap after GC invocations=130 (full 16):
[36.541s][debug  ][gc,heap        ] GC(129)  PSYoungGen      total 228352K, used 30720K [0x00000007f0000000, 0x0000000800000000, 0x0000000800000000)
[36.541s][debug  ][gc,heap        ] GC(129)   eden space 194560K, 0% used [0x00000007f0000000,0x00000007f0000000,0x00000007fbe00000)
[36.541s][debug  ][gc,heap        ] GC(129)   from space 33792K, 90% used [0x00000007fdf00000,0x00000007ffd00030,0x0000000800000000)
[36.541s][debug  ][gc,heap        ] GC(129)   to   space 33792K, 0% used [0x00000007fbe00000,0x00000007fbe00000,0x00000007fdf00000)
[36.541s][debug  ][gc,heap        ] GC(129)  ParOldGen       total 2127360K, used 923236K [0x0000000740000000, 0x00000007c1d80000, 0x00000007f0000000)
[36.541s][debug  ][gc,heap        ] GC(129)   object space 2127360K, 43% used [0x0000000740000000,0x0000000778599198,0x00000007c1d80000)
[36.541s][debug  ][gc,heap        ] GC(129)  Metaspace       used 1022K, committed 1216K, reserved 1056768K
[36.541s][debug  ][gc,heap        ] GC(129)   class space    used 83K, committed 192K, reserved 1048576K
[36.541s][debug  ][gc,task,time   ] GC(129) VM-Thread 365323930 365387450 365411065
[36.835s][debug  ][gc,heap        ] GC(130) Heap before GC invocations=131 (full 16):
[36.836s][debug  ][gc,heap        ] GC(130)  PSYoungGen      total 228352K, used 218843K [0x00000007f0000000, 0x0000000800000000, 0x0000000800000000)
[36.836s][debug  ][gc,heap        ] GC(130)   eden space 194560K, 96% used [0x00000007f0000000,0x00000007fb7b6da0,0x00000007fbe00000)
[36.836s][debug  ][gc,heap        ] GC(130)   from space 33792K, 90% used [0x00000007fdf00000,0x00000007ffd00030,0x0000000800000000)
[36.836s][debug  ][gc,heap        ] GC(130)   to   space 33792K, 0% used [0x00000007fbe00000,0x00000007fbe00000,0x00000007fdf00000)
[36.836s][debug  ][gc,heap        ] GC(130)  ParOldGen       total 2127360K, used 923236K [0x0000000740000000, 0x00000007c1d80000, 0x00000007f0000000)
[36.836s][debug  ][gc,heap        ] GC(130)   object space 2127360K, 43% used [0x0000000740000000,0x0000000778599198,0x00000007c1d80000)
[36.836s][debug  ][gc,heap        ] GC(130)  Metaspace       used 1022K, committed 1216K, reserved 1056768K
[36.836s][debug  ][gc,heap        ] GC(130)   class space    used 83K, committed 192K, reserved 1048576K
[36.836s][debug  ][gc,tlab        ] GC(130) TLAB totals: thrds: 1  refills: 1 max: 1 slow allocs: 17 max 17 waste: 27.1% gc: 3894400B max: 3894400B slow: 0B max: 0B
[36.836s][info   ][gc,start       ] GC(130) Pause Young (Allocation Failure)
[36.836s][debug  ][gc,phases,start] GC(130) Scavenge
[36.851s][debug  ][gc,phases      ] GC(130) Scavenge 14.904ms
[36.851s][debug  ][gc,phases,start] GC(130) Reference Processing
[36.851s][debug  ][gc,ref         ] GC(130) Skipped phase 1 of Reference Processing: no references
[36.851s][debug  ][gc,ref         ] GC(130) Skipped phase 2 of Reference Processing: no references
[36.851s][debug  ][gc,ref         ] GC(130) Skipped phase 3 of Reference Processing: no references
[36.851s][debug  ][gc,ref         ] GC(130) Skipped phase 4 of Reference Processing: no references
[36.851s][debug  ][gc,phases,ref  ] GC(130) Reference Processing: 0.1ms
[36.851s][debug  ][gc,phases,ref  ] GC(130)   Reconsider SoftReferences: 0.0ms
[36.851s][debug  ][gc,phases,ref  ] GC(130)     SoftRef (ms):                  skipped
[36.851s][debug  ][gc,phases,ref  ] GC(130)   Notify Soft/WeakReferences: 0.0ms
[36.851s][debug  ][gc,phases,ref  ] GC(130)     SoftRef (ms):                  skipped
[36.851s][debug  ][gc,phases,ref  ] GC(130)     WeakRef (ms):                  skipped
[36.851s][debug  ][gc,phases,ref  ] GC(130)     FinalRef (ms):                 skipped
[36.851s][debug  ][gc,phases,ref  ] GC(130)     Total (ms):                    skipped
[36.851s][debug  ][gc,phases,ref  ] GC(130)   Notify and keep alive finalizable: 0.0ms
[36.851s][debug  ][gc,phases,ref  ] GC(130)     FinalRef (ms):                 skipped
[36.851s][debug  ][gc,phases,ref  ] GC(130)   Notify PhantomReferences: 0.0ms
[36.851s][debug  ][gc,phases,ref  ] GC(130)     PhantomRef (ms):               skipped
[36.851s][debug  ][gc,phases,ref  ] GC(130)   SoftReference:
[36.851s][debug  ][gc,phases,ref  ] GC(130)     Discovered: 0
[36.851s][debug  ][gc,phases,ref  ] GC(130)     Cleared: 0
[36.851s][debug  ][gc,phases,ref  ] GC(130)   WeakReference:
[36.851s][debug  ][gc,phases,ref  ] GC(130)     Discovered: 0
[36.851s][debug  ][gc,phases,ref  ] GC(130)     Cleared: 0
[36.851s][debug  ][gc,phases,ref  ] GC(130)   FinalReference:
[36.851s][debug  ][gc,phases,ref  ] GC(130)     Discovered: 0
[36.852s][debug  ][gc,phases,ref  ] GC(130)     Cleared: 0
[36.852s][debug  ][gc,phases,ref  ] GC(130)   PhantomReference:
[36.852s][debug  ][gc,phases,ref  ] GC(130)     Discovered: 0
[36.852s][debug  ][gc,phases,ref  ] GC(130)     Cleared: 0
[36.852s][debug  ][gc,phases      ] GC(130) Reference Processing 0.727ms
[36.852s][debug  ][gc,phases,start] GC(130) Weak Processing
[36.852s][debug  ][gc,phases      ] GC(130)   VM Weak                        Min:  0.0, Avg:  0.0, Max:  0.0, Diff:  0.0, Sum:  0.0, Workers: 6
[36.852s][debug  ][gc,phases      ] GC(130)     Dead                           Min: 0, Avg:  0.0, Max: 0, Diff: 0, Sum: 0, Workers: 6
[36.852s][debug  ][gc,phases      ] GC(130)     Total                          Min: 0, Avg:  1.3, Max: 8, Diff: 8, Sum: 8, Workers: 6
[36.852s][debug  ][gc,phases      ] GC(130)   ObjectSynchronizer Weak        Min:  0.0, Avg:  0.0, Max:  0.0, Diff:  0.0, Sum:  0.0, Workers: 6
[36.852s][debug  ][gc,phases      ] GC(130)     Dead                           Min: 0, Avg:  0.0, Max: 0, Diff: 0, Sum: 0, Workers: 6
[36.852s][debug  ][gc,phases      ] GC(130)     Total                          Min: 0, Avg:  0.5, Max: 3, Diff: 3, Sum: 3, Workers: 6
[36.852s][debug  ][gc,phases      ] GC(130)   JVMTI Tag Weak OopStorage      Min:  0.0, Avg:  0.0, Max:  0.0, Diff:  0.0, Sum:  0.0, Workers: 6
[36.852s][debug  ][gc,phases      ] GC(130)     Dead                           Min: 0, Avg:  0.0, Max: 0, Diff: 0, Sum: 0, Workers: 6
[36.852s][debug  ][gc,phases      ] GC(130)     Total                          Min: 0, Avg:  0.0, Max: 0, Diff: 0, Sum: 0, Workers: 6
[36.852s][debug  ][gc,phases      ] GC(130)   StringTable Weak               Min:  0.0, Avg:  0.0, Max:  0.0, Diff:  0.0, Sum:  0.0, Workers: 6
[36.852s][debug  ][gc,phases      ] GC(130)     Dead                           Min: 0, Avg:  0.0, Max: 0, Diff: 0, Sum: 0, Workers: 6
[36.852s][debug  ][gc,phases      ] GC(130)     Total                          Min: 767, Avg: 892.5, Max: 1088, Diff: 321, Sum: 5355, Workers: 6
[36.852s][debug  ][gc,phases      ] GC(130)   ResolvedMethodTable Weak       Min:  0.0, Avg:  0.0, Max:  0.0, Diff:  0.0, Sum:  0.0, Workers: 6
[36.852s][debug  ][gc,phases      ] GC(130)     Dead                           Min: 0, Avg:  0.0, Max: 0, Diff: 0, Sum: 0, Workers: 6
[36.852s][debug  ][gc,phases      ] GC(130)     Total                          Min: 0, Avg: 21.7, Max: 128, Diff: 128, Sum: 130, Workers: 6
[36.852s][debug  ][gc,phases      ] GC(130)   JNI Weak                       Min:  0.0, Avg:  0.0, Max:  0.0, Diff:  0.0, Sum:  0.0, Workers: 6
[36.852s][debug  ][gc,phases      ] GC(130)     Dead                           Min: 0, Avg:  0.0, Max: 0, Diff: 0, Sum: 0, Workers: 6
[36.852s][debug  ][gc,phases      ] GC(130)     Total                          Min: 0, Avg:  0.0, Max: 0, Diff: 0, Sum: 0, Workers: 6
[36.852s][debug  ][gc,phases      ] GC(130)   StringDedup Table Weak         Min:  0.0, Avg:  0.0, Max:  0.0, Diff:  0.0, Sum:  0.0, Workers: 6
[36.852s][debug  ][gc,phases      ] GC(130)     Dead                           Min: 0, Avg:  0.0, Max: 0, Diff: 0, Sum: 0, Workers: 6
[36.852s][debug  ][gc,phases      ] GC(130)     Total                          Min: 0, Avg:  0.0, Max: 0, Diff: 0, Sum: 0, Workers: 6
[36.852s][debug  ][gc,phases      ] GC(130)   StringDedup Requests0 Weak     Min:  0.0, Avg:  0.0, Max:  0.0, Diff:  0.0, Sum:  0.0, Workers: 6
[36.852s][debug  ][gc,phases      ] GC(130)     Dead                           Min: 0, Avg:  0.0, Max: 0, Diff: 0, Sum: 0, Workers: 6
[36.852s][debug  ][gc,phases      ] GC(130)     Total                          Min: 0, Avg:  0.0, Max: 0, Diff: 0, Sum: 0, Workers: 6
[36.852s][debug  ][gc,phases      ] GC(130)   StringDedup Requests1 Weak     Min:  0.0, Avg:  0.0, Max:  0.0, Diff:  0.0, Sum:  0.0, Workers: 6
[36.852s][debug  ][gc,phases      ] GC(130)     Dead                           Min: 0, Avg:  0.0, Max: 0, Diff: 0, Sum: 0, Workers: 6
[36.852s][debug  ][gc,phases      ] GC(130)     Total                          Min: 0, Avg:  0.0, Max: 0, Diff: 0, Sum: 0, Workers: 6
[36.852s][debug  ][gc,phases      ] GC(130)   Weak JFR Old Object Samples    Min:  0.0, Avg:  0.0, Max:  0.0, Diff:  0.0, Sum:  0.0, Workers: 6
[36.852s][debug  ][gc,phases      ] GC(130)     Dead                           Min: 0, Avg:  0.0, Max: 0, Diff: 0, Sum: 0, Workers: 6
[36.852s][debug  ][gc,phases      ] GC(130)     Total                          Min: 0, Avg:  0.0, Max: 0, Diff: 0, Sum: 0, Workers: 6
[36.852s][debug  ][gc,phases      ] GC(130) Weak Processing 0.727ms
[36.852s][debug  ][gc,ergo        ] GC(130) AdaptiveSizeStart:  collection: 131 
[36.852s][debug  ][gc,ergo        ] GC(130) avg_survived_padded_avg: 34176500.000000
[36.852s][debug  ][gc,ergo        ] GC(130) avg_promoted_padded_avg: 259908960.000000  avg_pretenured_padded_avg: 0.000000  tenuring_thresh: 1  target_size: 34603008
[36.852s][debug  ][gc,age         ] GC(130) Desired survivor size 34603008 bytes, new threshold 1 (max threshold 15)
[36.852s][debug  ][gc,ergo        ] GC(130) PSAdaptiveSizePolicy::compute_eden_space_size limits: desired_eden_size: 226786282 old_eden_size: 198705152 eden_limit: 199229440 cur_eden: 199229440 max_eden_size: 199229440 avg_young_live: 28744308
[36.853s][debug  ][gc,ergo        ] GC(130) PSAdaptiveSizePolicy::compute_eden_space_size: costs minor_time: 0.047465 major_cost: 0.021167 mutator_cost: 0.931368 throughput_goal: 0.990000
[36.853s][debug  ][gc,ergo        ] GC(130) Live_space: 859617280 free_space: 1946681344
[36.853s][debug  ][gc,ergo        ] GC(130) Old eden_size: 198705152 desired_eden_size: 199229440
[36.853s][debug  ][gc,ergo        ] GC(130) AdaptiveSizeStop: collection: 131 
[36.853s][info   ][gc,heap        ] GC(130) PSYoungGen: 218843K(228352K)->30720K(228352K) Eden: 188123K(194560K)->0K(194560K) From: 30720K(33792K)->30720K(33792K)
[36.853s][info   ][gc,heap        ] GC(130) ParOldGen: 923236K(2127360K)->1107556K(2127360K)
[36.853s][info   ][gc,metaspace   ] GC(130) Metaspace: 1022K(1216K)->1022K(1216K) NonClass: 938K(1024K)->938K(1024K) Class: 83K(192K)->83K(192K)
[36.853s][info   ][gc             ] GC(130) Pause Young (Allocation Failure) 1115M->1111M(2300M) 16.839ms
[36.853s][info   ][gc,cpu         ] GC(130) User=0.14s Sys=0.00s Real=0.02s
[36.853s][debug  ][gc,heap        ] GC(130) Heap after GC invocations=131 (full 16):
[36.853s][debug  ][gc,heap        ] GC(130)  PSYoungGen      total 228352K, used 30720K [0x00000007f0000000, 0x0000000800000000, 0x0000000800000000)
[36.853s][debug  ][gc,heap        ] GC(130)   eden space 194560K, 0% used [0x00000007f0000000,0x00000007f0000000,0x00000007fbe00000)
[36.853s][debug  ][gc,heap        ] GC(130)   from space 33792K, 90% used [0x00000007fbe00000,0x00000007fdc00030,0x00000007fdf00000)
[36.853s][debug  ][gc,heap        ] GC(130)   to   space 33792K, 0% used [0x00000007fdf00000,0x00000007fdf00000,0x0000000800000000)
[36.853s][debug  ][gc,heap        ] GC(130)  ParOldGen       total 2127360K, used 1107556K [0x0000000740000000, 0x00000007c1d80000, 0x00000007f0000000)
[36.853s][debug  ][gc,heap        ] GC(130)   object space 2127360K, 52% used [0x0000000740000000,0x00000007839992b8,0x00000007c1d80000)
[36.853s][debug  ][gc,heap        ] GC(130)  Metaspace       used 1022K, committed 1216K, reserved 1056768K
[36.853s][debug  ][gc,heap        ] GC(130)   class space    used 83K, committed 192K, reserved 1048576K
[36.853s][debug  ][gc,task,time   ] GC(130) VM-Thread 368354241 368508945 368529610
[37.137s][debug  ][gc,heap        ] GC(131) Heap before GC invocations=132 (full 16):
[37.137s][debug  ][gc,heap        ] GC(131)  PSYoungGen      total 228352K, used 218846K [0x00000007f0000000, 0x0000000800000000, 0x0000000800000000)
[37.137s][debug  ][gc,heap        ] GC(131)   eden space 194560K, 96% used [0x00000007f0000000,0x00000007fb7b7ad0,0x00000007fbe00000)
[37.137s][debug  ][gc,heap        ] GC(131)   from space 33792K, 90% used [0x00000007fbe00000,0x00000007fdc00030,0x00000007fdf00000)
[37.137s][debug  ][gc,heap        ] GC(131)   to   space 33792K, 0% used [0x00000007fdf00000,0x00000007fdf00000,0x0000000800000000)
[37.137s][debug  ][gc,heap        ] GC(131)  ParOldGen       total 2127360K, used 1107556K [0x0000000740000000, 0x00000007c1d80000, 0x00000007f0000000)
[37.137s][debug  ][gc,heap        ] GC(131)   object space 2127360K, 52% used [0x0000000740000000,0x00000007839992b8,0x00000007c1d80000)
[37.137s][debug  ][gc,heap        ] GC(131)  Metaspace       used 1022K, committed 1216K, reserved 1056768K
[37.137s][debug  ][gc,heap        ] GC(131)   class space    used 83K, committed 192K, reserved 1048576K
[37.137s][debug  ][gc,tlab        ] GC(131) TLAB totals: thrds: 1  refills: 1 max: 1 slow allocs: 17 max 17 waste: 27.1% gc: 3897776B max: 3897776B slow: 0B max: 0B
[37.137s][info   ][gc,start       ] GC(131) Pause Young (Allocation Failure)
[37.137s][debug  ][gc,phases,start] GC(131) Scavenge
[37.152s][debug  ][gc,phases      ] GC(131) Scavenge 14.549ms
[37.152s][debug  ][gc,phases,start] GC(131) Reference Processing
[37.152s][debug  ][gc,ref         ] GC(131) Skipped phase 1 of Reference Processing: no references
[37.152s][debug  ][gc,ref         ] GC(131) Skipped phase 2 of Reference Processing: no references
[37.152s][debug  ][gc,ref         ] GC(131) Skipped phase 3 of Reference Processing: no references
[37.152s][debug  ][gc,ref         ] GC(131) Skipped phase 4 of Reference Processing: no references
[37.152s][debug  ][gc,phases,ref  ] GC(131) Reference Processing: 0.1ms
[37.152s][debug  ][gc,phases,ref  ] GC(131)   Reconsider SoftReferences: 0.0ms
[37.152s][debug  ][gc,phases,ref  ] GC(131)     SoftRef (ms):                  skipped
[37.152s][debug  ][gc,phases,ref  ] GC(131)   Notify Soft/WeakReferences: 0.0ms
[37.152s][debug  ][gc,phases,ref  ] GC(131)     SoftRef (ms):                  skipped
[37.152s][debug  ][gc,phases,ref  ] GC(131)     WeakRef (ms):                  skipped
[37.152s][debug  ][gc,phases,ref  ] GC(131)     FinalRef (ms):                 skipped
[37.152s][debug  ][gc,phases,ref  ] GC(131)     Total (ms):                    skipped
[37.152s][debug  ][gc,phases,ref  ] GC(131)   Notify and keep alive finalizable: 0.0ms
[37.152s][debug  ][gc,phases,ref  ] GC(131)     FinalRef (ms):                 skipped
[37.152s][debug  ][gc,phases,ref  ] GC(131)   Notify PhantomReferences: 0.0ms
[37.152s][debug  ][gc,phases,ref  ] GC(131)     PhantomRef (ms):               skipped
[37.152s][debug  ][gc,phases,ref  ] GC(131)   SoftReference:
[37.152s][debug  ][gc,phases,ref  ] GC(131)     Discovered: 0
[37.152s][debug  ][gc,phases,ref  ] GC(131)     Cleared: 0
[37.152s][debug  ][gc,phases,ref  ] GC(131)   WeakReference:
[37.152s][debug  ][gc,phases,ref  ] GC(131)     Discovered: 0
[37.152s][debug  ][gc,phases,ref  ] GC(131)     Cleared: 0
[37.152s][debug  ][gc,phases,ref  ] GC(131)   FinalReference:
[37.152s][debug  ][gc,phases,ref  ] GC(131)     Discovered: 0
[37.152s][debug  ][gc,phases,ref  ] GC(131)     Cleared: 0
[37.152s][debug  ][gc,phases,ref  ] GC(131)   PhantomReference:
[37.152s][debug  ][gc,phases,ref  ] GC(131)     Discovered: 0
[37.152s][debug  ][gc,phases,ref  ] GC(131)     Cleared: 0
[37.152s][debug  ][gc,phases      ] GC(131) Reference Processing 0.593ms
[37.152s][debug  ][gc,phases,start] GC(131) Weak Processing
[37.152s][debug  ][gc,phases      ] GC(131)   VM Weak                        Min:  0.0, Avg:  0.0, Max:  0.0, Diff:  0.0, Sum:  0.0, Workers: 6
[37.153s][debug  ][gc,phases      ] GC(131)     Dead                           Min: 0, Avg:  0.0, Max: 0, Diff: 0, Sum: 0, Workers: 6
[37.153s][debug  ][gc,phases      ] GC(131)     Total                          Min: 0, Avg:  1.3, Max: 8, Diff: 8, Sum: 8, Workers: 6
[37.153s][debug  ][gc,phases      ] GC(131)   ObjectSynchronizer Weak        Min:  0.0, Avg:  0.0, Max:  0.0, Diff:  0.0, Sum:  0.0, Workers: 6
[37.153s][debug  ][gc,phases      ] GC(131)     Dead                           Min: 0, Avg:  0.0, Max: 0, Diff: 0, Sum: 0, Workers: 6
[37.153s][debug  ][gc,phases      ] GC(131)     Total                          Min: 0, Avg:  0.5, Max: 3, Diff: 3, Sum: 3, Workers: 6
[37.153s][debug  ][gc,phases      ] GC(131)   JVMTI Tag Weak OopStorage      Min:  0.0, Avg:  0.0, Max:  0.0, Diff:  0.0, Sum:  0.0, Workers: 6
[37.153s][debug  ][gc,phases      ] GC(131)     Dead                           Min: 0, Avg:  0.0, Max: 0, Diff: 0, Sum: 0, Workers: 6
[37.153s][debug  ][gc,phases      ] GC(131)     Total                          Min: 0, Avg:  0.0, Max: 0, Diff: 0, Sum: 0, Workers: 6
[37.153s][debug  ][gc,phases      ] GC(131)   StringTable Weak               Min:  0.0, Avg:  0.0, Max:  0.0, Diff:  0.0, Sum:  0.0, Workers: 6
[37.153s][debug  ][gc,phases      ] GC(131)     Dead                           Min: 0, Avg:  0.0, Max: 0, Diff: 0, Sum: 0, Workers: 6
[37.153s][debug  ][gc,phases      ] GC(131)     Total                          Min: 812, Avg: 892.5, Max: 1024, Diff: 212, Sum: 5355, Workers: 6
[37.153s][debug  ][gc,phases      ] GC(131)   ResolvedMethodTable Weak       Min:  0.0, Avg:  0.0, Max:  0.0, Diff:  0.0, Sum:  0.0, Workers: 6
[37.153s][debug  ][gc,phases      ] GC(131)     Dead                           Min: 0, Avg:  0.0, Max: 0, Diff: 0, Sum: 0, Workers: 6
[37.153s][debug  ][gc,phases      ] GC(131)     Total                          Min: 0, Avg: 21.7, Max: 64, Diff: 64, Sum: 130, Workers: 6
[37.153s][debug  ][gc,phases      ] GC(131)   JNI Weak                       Min:  0.0, Avg:  0.0, Max:  0.0, Diff:  0.0, Sum:  0.0, Workers: 6
[37.153s][debug  ][gc,phases      ] GC(131)     Dead                           Min: 0, Avg:  0.0, Max: 0, Diff: 0, Sum: 0, Workers: 6
[37.153s][debug  ][gc,phases      ] GC(131)     Total                          Min: 0, Avg:  0.0, Max: 0, Diff: 0, Sum: 0, Workers: 6
[37.153s][debug  ][gc,phases      ] GC(131)   StringDedup Table Weak         Min:  0.0, Avg:  0.0, Max:  0.0, Diff:  0.0, Sum:  0.0, Workers: 6
[37.153s][debug  ][gc,phases      ] GC(131)     Dead                           Min: 0, Avg:  0.0, Max: 0, Diff: 0, Sum: 0, Workers: 6
[37.153s][debug  ][gc,phases      ] GC(131)     Total                          Min: 0, Avg:  0.0, Max: 0, Diff: 0, Sum: 0, Workers: 6
[37.153s][debug  ][gc,phases      ] GC(131)   StringDedup Requests0 Weak     Min:  0.0, Avg:  0.0, Max:  0.0, Diff:  0.0, Sum:  0.0, Workers: 6
[37.153s][debug  ][gc,phases      ] GC(131)     Dead                           Min: 0, Avg:  0.0, Max: 0, Diff: 0, Sum: 0, Workers: 6
[37.153s][debug  ][gc,phases      ] GC(131)     Total                          Min: 0, Avg:  0.0, Max: 0, Diff: 0, Sum: 0, Workers: 6
[37.153s][debug  ][gc,phases      ] GC(131)   StringDedup Requests1 Weak     Min:  0.0, Avg:  0.0, Max:  0.0, Diff:  0.0, Sum:  0.0, Workers: 6
[37.153s][debug  ][gc,phases      ] GC(131)     Dead                           Min: 0, Avg:  0.0, Max: 0, Diff: 0, Sum: 0, Workers: 6
[37.153s][debug  ][gc,phases      ] GC(131)     Total                          Min: 0, Avg:  0.0, Max: 0, Diff: 0, Sum: 0, Workers: 6
[37.153s][debug  ][gc,phases      ] GC(131)   Weak JFR Old Object Samples    Min:  0.0, Avg:  0.0, Max:  0.0, Diff:  0.0, Sum:  0.0, Workers: 6
[37.153s][debug  ][gc,phases      ] GC(131)     Dead                           Min: 0, Avg:  0.0, Max: 0, Diff: 0, Sum: 0, Workers: 6
[37.153s][debug  ][gc,phases      ] GC(131)     Total                          Min: 0, Avg:  0.0, Max: 0, Diff: 0, Sum: 0, Workers: 6
[37.153s][debug  ][gc,phases      ] GC(131) Weak Processing 0.666ms
[37.153s][debug  ][gc,ergo        ] GC(131) AdaptiveSizeStart:  collection: 132 
[37.153s][debug  ][gc,ergo        ] GC(131) avg_survived_padded_avg: 34002904.000000
[37.153s][debug  ][gc,ergo        ] GC(131) avg_promoted_padded_avg: 260137200.000000  avg_pretenured_padded_avg: 0.000000  tenuring_thresh: 1  target_size: 34078720
[37.153s][debug  ][gc,age         ] GC(131) Desired survivor size 34078720 bytes, new threshold 1 (max threshold 15)
[37.153s][debug  ][gc,ergo        ] GC(131) PSAdaptiveSizePolicy::compute_eden_space_size limits: desired_eden_size: 227029806 old_eden_size: 199229440 eden_limit: 199229440 cur_eden: 199229440 max_eden_size: 199229440 avg_young_live: 29015610
[37.153s][debug  ][gc,ergo        ] GC(131) PSAdaptiveSizePolicy::compute_eden_space_size: costs minor_time: 0.048853 major_cost: 0.021167 mutator_cost: 0.929980 throughput_goal: 0.990000
[37.153s][debug  ][gc,ergo        ] GC(131) Live_space: 859888576 free_space: 1947205632
[37.153s][debug  ][gc,ergo        ] GC(131) Old eden_size: 199229440 desired_eden_size: 199229440
[37.153s][debug  ][gc,ergo        ] GC(131) AdaptiveSizeStop: collection: 132 
[37.153s][info   ][gc,heap        ] GC(131) PSYoungGen: 218846K(228352K)->30720K(228864K) Eden: 188126K(194560K)->0K(195072K) From: 30720K(33792K)->30720K(33792K)
[37.153s][info   ][gc,heap        ] GC(131) ParOldGen: 1107556K(2127360K)->1291876K(2127360K)
[37.153s][info   ][gc,metaspace   ] GC(131) Metaspace: 1022K(1216K)->1022K(1216K) NonClass: 938K(1024K)->938K(1024K) Class: 83K(192K)->83K(192K)
[37.153s][info   ][gc             ] GC(131) Pause Young (Allocation Failure) 1295M->1291M(2301M) 16.299ms
[37.153s][info   ][gc,cpu         ] GC(131) User=0.16s Sys=0.00s Real=0.02s
[37.153s][debug  ][gc,heap        ] GC(131) Heap after GC invocations=132 (full 16):
[37.154s][debug  ][gc,heap        ] GC(131)  PSYoungGen      total 228864K, used 30720K [0x00000007f0000000, 0x0000000800000000, 0x0000000800000000)
[37.154s][debug  ][gc,heap        ] GC(131)   eden space 195072K, 0% used [0x00000007f0000000,0x00000007f0000000,0x00000007fbe80000)
[37.154s][debug  ][gc,heap        ] GC(131)   from space 33792K, 90% used [0x00000007fdf00000,0x00000007ffd00030,0x0000000800000000)
[37.154s][debug  ][gc,heap        ] GC(131)   to   space 33280K, 0% used [0x00000007fbe80000,0x00000007fbe80000,0x00000007fdf00000)
[37.154s][debug  ][gc,heap        ] GC(131)  ParOldGen       total 2127360K, used 1291876K [0x0000000740000000, 0x00000007c1d80000, 0x00000007f0000000)
[37.154s][debug  ][gc,heap        ] GC(131)   object space 2127360K, 60% used [0x0000000740000000,0x000000078ed993d8,0x00000007c1d80000)
[37.154s][debug  ][gc,heap        ] GC(131)  Metaspace       used 1022K, committed 1216K, reserved 1056768K
[37.154s][debug  ][gc,heap        ] GC(131)   class space    used 83K, committed 192K, reserved 1048576K
[37.154s][debug  ][gc,task,time   ] GC(131) VM-Thread 371366331 371518248 371536749
[37.437s][debug  ][gc,heap        ] GC(132) Heap before GC invocations=133 (full 16):
[37.437s][debug  ][gc,heap        ] GC(132)  PSYoungGen      total 228864K, used 218858K [0x00000007f0000000, 0x0000000800000000, 0x0000000800000000)
[37.437s][debug  ][gc,heap        ] GC(132)   eden space 195072K, 96% used [0x00000007f0000000,0x00000007fb7bab60,0x00000007fbe80000)
[37.437s][debug  ][gc,heap        ] GC(132)   from space 33792K, 90% used [0x00000007fdf00000,0x00000007ffd00030,0x0000000800000000)
[37.437s][debug  ][gc,heap        ] GC(132)   to   space 33280K, 0% used [0x00000007fbe80000,0x00000007fbe80000,0x00000007fdf00000)
[37.437s][debug  ][gc,heap        ] GC(132)  ParOldGen       total 2127360K, used 1291876K [0x0000000740000000, 0x00000007c1d80000, 0x00000007f0000000)
[37.437s][debug  ][gc,heap        ] GC(132)   object space 2127360K, 60% used [0x0000000740000000,0x000000078ed993d8,0x00000007c1d80000)
[37.437s][debug  ][gc,heap        ] GC(132)  Metaspace       used 1022K, committed 1216K, reserved 1056768K
[37.437s][debug  ][gc,heap        ] GC(132)   class space    used 83K, committed 192K, reserved 1048576K
[37.437s][debug  ][gc,tlab        ] GC(132) TLAB totals: thrds: 1  refills: 1 max: 1 slow allocs: 17 max 17 waste: 27.2% gc: 3910208B max: 3910208B slow: 0B max: 0B
[37.437s][info   ][gc,start       ] GC(132) Pause Young (Allocation Failure)
[37.437s][debug  ][gc,phases,start] GC(132) Scavenge
[37.452s][debug  ][gc,phases      ] GC(132) Scavenge 14.883ms
[37.452s][debug  ][gc,phases,start] GC(132) Reference Processing
[37.452s][debug  ][gc,ref         ] GC(132) Skipped phase 1 of Reference Processing: no references
[37.452s][debug  ][gc,ref         ] GC(132) Skipped phase 2 of Reference Processing: no references
[37.452s][debug  ][gc,ref         ] GC(132) Skipped phase 3 of Reference Processing: no references
[37.452s][debug  ][gc,ref         ] GC(132) Skipped phase 4 of Reference Processing: no references
[37.452s][debug  ][gc,phases,ref  ] GC(132) Reference Processing: 0.1ms
[37.452s][debug  ][gc,phases,ref  ] GC(132)   Reconsider SoftReferences: 0.0ms
[37.452s][debug  ][gc,phases,ref  ] GC(132)     SoftRef (ms):                  skipped
[37.452s][debug  ][gc,phases,ref  ] GC(132)   Notify Soft/WeakReferences: 0.0ms
[37.452s][debug  ][gc,phases,ref  ] GC(132)     SoftRef (ms):                  skipped
[37.453s][debug  ][gc,phases,ref  ] GC(132)     WeakRef (ms):                  skipped
[37.453s][debug  ][gc,phases,ref  ] GC(132)     FinalRef (ms):                 skipped
[37.453s][debug  ][gc,phases,ref  ] GC(132)     Total (ms):                    skipped
[37.453s][debug  ][gc,phases,ref  ] GC(132)   Notify and keep alive finalizable: 0.0ms
[37.453s][debug  ][gc,phases,ref  ] GC(132)     FinalRef (ms):                 skipped
[37.453s][debug  ][gc,phases,ref  ] GC(132)   Notify PhantomReferences: 0.0ms
[37.453s][debug  ][gc,phases,ref  ] GC(132)     PhantomRef (ms):               skipped
[37.453s][debug  ][gc,phases,ref  ] GC(132)   SoftReference:
[37.453s][debug  ][gc,phases,ref  ] GC(132)     Discovered: 0
[37.453s][debug  ][gc,phases,ref  ] GC(132)     Cleared: 0
[37.453s][debug  ][gc,phases,ref  ] GC(132)   WeakReference:
[37.453s][debug  ][gc,phases,ref  ] GC(132)     Discovered: 0
[37.453s][debug  ][gc,phases,ref  ] GC(132)     Cleared: 0
[37.453s][debug  ][gc,phases,ref  ] GC(132)   FinalReference:
[37.453s][debug  ][gc,phases,ref  ] GC(132)     Discovered: 0
[37.453s][debug  ][gc,phases,ref  ] GC(132)     Cleared: 0
[37.453s][debug  ][gc,phases,ref  ] GC(132)   PhantomReference:
[37.453s][debug  ][gc,phases,ref  ] GC(132)     Discovered: 0
[37.453s][debug  ][gc,phases,ref  ] GC(132)     Cleared: 0
[37.453s][debug  ][gc,phases      ] GC(132) Reference Processing 0.894ms
[37.453s][debug  ][gc,phases,start] GC(132) Weak Processing
[37.453s][debug  ][gc,phases      ] GC(132)   VM Weak                        Min:  0.0, Avg:  0.0, Max:  0.0, Diff:  0.0, Sum:  0.0, Workers: 6
[37.453s][debug  ][gc,phases      ] GC(132)     Dead                           Min: 0, Avg:  0.0, Max: 0, Diff: 0, Sum: 0, Workers: 6
[37.453s][debug  ][gc,phases      ] GC(132)     Total                          Min: 0, Avg:  1.3, Max: 8, Diff: 8, Sum: 8, Workers: 6
[37.453s][debug  ][gc,phases      ] GC(132)   ObjectSynchronizer Weak        Min:  0.0, Avg:  0.0, Max:  0.0, Diff:  0.0, Sum:  0.0, Workers: 6
[37.453s][debug  ][gc,phases      ] GC(132)     Dead                           Min: 0, Avg:  0.0, Max: 0, Diff: 0, Sum: 0, Workers: 6
[37.453s][debug  ][gc,phases      ] GC(132)     Total                          Min: 0, Avg:  0.5, Max: 3, Diff: 3, Sum: 3, Workers: 6
[37.453s][debug  ][gc,phases      ] GC(132)   JVMTI Tag Weak OopStorage      Min:  0.0, Avg:  0.0, Max:  0.0, Diff:  0.0, Sum:  0.0, Workers: 6
[37.453s][debug  ][gc,phases      ] GC(132)     Dead                           Min: 0, Avg:  0.0, Max: 0, Diff: 0, Sum: 0, Workers: 6
[37.453s][debug  ][gc,phases      ] GC(132)     Total                          Min: 0, Avg:  0.0, Max: 0, Diff: 0, Sum: 0, Workers: 6
[37.453s][debug  ][gc,phases      ] GC(132)   StringTable Weak               Min:  0.0, Avg:  0.0, Max:  0.0, Diff:  0.0, Sum:  0.0, Workers: 6
[37.453s][debug  ][gc,phases      ] GC(132)     Dead                           Min: 0, Avg:  0.0, Max: 0, Diff: 0, Sum: 0, Workers: 6
[37.453s][debug  ][gc,phases      ] GC(132)     Total                          Min: 832, Avg: 892.5, Max: 1087, Diff: 255, Sum: 5355, Workers: 6
[37.454s][debug  ][gc,phases      ] GC(132)   ResolvedMethodTable Weak       Min:  0.0, Avg:  0.0, Max:  0.0, Diff:  0.0, Sum:  0.0, Workers: 6
[37.454s][debug  ][gc,phases      ] GC(132)     Dead                           Min: 0, Avg:  0.0, Max: 0, Diff: 0, Sum: 0, Workers: 6
[37.454s][debug  ][gc,phases      ] GC(132)     Total                          Min: 0, Avg: 21.7, Max: 64, Diff: 64, Sum: 130, Workers: 6
[37.454s][debug  ][gc,phases      ] GC(132)   JNI Weak                       Min:  0.0, Avg:  0.0, Max:  0.0, Diff:  0.0, Sum:  0.0, Workers: 6
[37.454s][debug  ][gc,phases      ] GC(132)     Dead                           Min: 0, Avg:  0.0, Max: 0, Diff: 0, Sum: 0, Workers: 6
[37.454s][debug  ][gc,phases      ] GC(132)     Total                          Min: 0, Avg:  0.0, Max: 0, Diff: 0, Sum: 0, Workers: 6
[37.454s][debug  ][gc,phases      ] GC(132)   StringDedup Table Weak         Min:  0.0, Avg:  0.0, Max:  0.0, Diff:  0.0, Sum:  0.0, Workers: 6
[37.454s][debug  ][gc,phases      ] GC(132)     Dead                           Min: 0, Avg:  0.0, Max: 0, Diff: 0, Sum: 0, Workers: 6
[37.454s][debug  ][gc,phases      ] GC(132)     Total                          Min: 0, Avg:  0.0, Max: 0, Diff: 0, Sum: 0, Workers: 6
[37.454s][debug  ][gc,phases      ] GC(132)   StringDedup Requests0 Weak     Min:  0.0, Avg:  0.0, Max:  0.0, Diff:  0.0, Sum:  0.0, Workers: 6
[37.454s][debug  ][gc,phases      ] GC(132)     Dead                           Min: 0, Avg:  0.0, Max: 0, Diff: 0, Sum: 0, Workers: 6
[37.454s][debug  ][gc,phases      ] GC(132)     Total                          Min: 0, Avg:  0.0, Max: 0, Diff: 0, Sum: 0, Workers: 6
[37.454s][debug  ][gc,phases      ] GC(132)   StringDedup Requests1 Weak     Min:  0.0, Avg:  0.0, Max:  0.0, Diff:  0.0, Sum:  0.0, Workers: 6
[37.454s][debug  ][gc,phases      ] GC(132)     Dead                           Min: 0, Avg:  0.0, Max: 0, Diff: 0, Sum: 0, Workers: 6
[37.454s][debug  ][gc,phases      ] GC(132)     Total                          Min: 0, Avg:  0.0, Max: 0, Diff: 0, Sum: 0, Workers: 6
[37.454s][debug  ][gc,phases      ] GC(132)   Weak JFR Old Object Samples    Min:  0.0, Avg:  0.0, Max:  0.0, Diff:  0.0, Sum:  0.0, Workers: 6
[37.454s][debug  ][gc,phases      ] GC(132)     Dead                           Min: 0, Avg:  0.0, Max: 0, Diff: 0, Sum: 0, Workers: 6
[37.454s][debug  ][gc,phases      ] GC(132)     Total                          Min: 0, Avg:  0.0, Max: 0, Diff: 0, Sum: 0, Workers: 6
[37.454s][debug  ][gc,phases      ] GC(132) Weak Processing 0.821ms
[37.454s][debug  ][gc,ergo        ] GC(132) AdaptiveSizeStart:  collection: 133 
[37.454s][debug  ][gc,ergo        ] GC(132) avg_survived_padded_avg: 33836836.000000
[37.454s][debug  ][gc,ergo        ] GC(132) avg_promoted_padded_avg: 259608160.000000  avg_pretenured_padded_avg: 0.000000  tenuring_thresh: 1  target_size: 34078720
[37.454s][debug  ][gc,age         ] GC(132) Desired survivor size 34078720 bytes, new threshold 1 (max threshold 15)
[37.454s][debug  ][gc,ergo        ] GC(132) PSAdaptiveSizePolicy::compute_eden_space_size limits: desired_eden_size: 228207673 old_eden_size: 199229440 eden_limit: 199753728 cur_eden: 199753728 max_eden_size: 199753728 avg_young_live: 29259780
[37.454s][debug  ][gc,ergo        ] GC(132) PSAdaptiveSizePolicy::compute_eden_space_size: costs minor_time: 0.050544 major_cost: 0.021167 mutator_cost: 0.928289 throughput_goal: 0.990000
[37.454s][debug  ][gc,ergo        ] GC(132) Live_space: 860132736 free_space: 1947205632
[37.454s][debug  ][gc,ergo        ] GC(132) Old eden_size: 199229440 desired_eden_size: 199753728
[37.454s][debug  ][gc,ergo        ] GC(132) AdaptiveSizeStop: collection: 133 
[37.454s][info   ][gc,heap        ] GC(132) PSYoungGen: 218858K(228864K)->30720K(228352K) Eden: 188138K(195072K)->0K(195072K) From: 30720K(33792K)->30720K(33280K)
[37.454s][info   ][gc,heap        ] GC(132) ParOldGen: 1291876K(2127360K)->1476197K(2127360K)
[37.454s][info   ][gc,metaspace   ] GC(132) Metaspace: 1022K(1216K)->1022K(1216K) NonClass: 938K(1024K)->938K(1024K) Class: 83K(192K)->83K(192K)
[37.454s][info   ][gc             ] GC(132) Pause Young (Allocation Failure) 1475M->1471M(2300M) 17.108ms
[37.454s][info   ][gc,cpu         ] GC(132) User=0.16s Sys=0.00s Real=0.02s
[37.454s][debug  ][gc,heap        ] GC(132) Heap after GC invocations=133 (full 16):
[37.454s][debug  ][gc,heap        ] GC(132)  PSYoungGen      total 228352K, used 30720K [0x00000007f0000000, 0x0000000800000000, 0x0000000800000000)
[37.454s][debug  ][gc,heap        ] GC(132)   eden space 195072K, 0% used [0x00000007f0000000,0x00000007f0000000,0x00000007fbe80000)
[37.454s][debug  ][gc,heap        ] GC(132)   from space 33280K, 92% used [0x00000007fbe80000,0x00000007fdc80030,0x00000007fdf00000)
[37.454s][debug  ][gc,heap        ] GC(132)   to   space 33280K, 0% used [0x00000007fdf80000,0x00000007fdf80000,0x0000000800000000)
[37.454s][debug  ][gc,heap        ] GC(132)  ParOldGen       total 2127360K, used 1476197K [0x0000000740000000, 0x00000007c1d80000, 0x00000007f0000000)
[37.454s][debug  ][gc,heap        ] GC(132)   object space 2127360K, 69% used [0x0000000740000000,0x000000079a1994f8,0x00000007c1d80000)
[37.455s][debug  ][gc,heap        ] GC(132)  Metaspace       used 1022K, committed 1216K, reserved 1056768K
[37.455s][debug  ][gc,heap        ] GC(132)   class space    used 83K, committed 192K, reserved 1048576K
[37.455s][debug  ][gc,task,time   ] GC(132) VM-Thread 374367398 374522059 374545527
[37.740s][debug  ][gc,heap        ] GC(133) Heap before GC invocations=134 (full 16):
[37.740s][debug  ][gc,heap        ] GC(133)  PSYoungGen      total 228352K, used 218860K [0x00000007f0000000, 0x0000000800000000, 0x0000000800000000)
[37.740s][debug  ][gc,heap        ] GC(133)   eden space 195072K, 96% used [0x00000007f0000000,0x00000007fb7bb088,0x00000007fbe80000)
[37.740s][debug  ][gc,heap        ] GC(133)   from space 33280K, 92% used [0x00000007fbe80000,0x00000007fdc80030,0x00000007fdf00000)
[37.740s][debug  ][gc,heap        ] GC(133)   to   space 33280K, 0% used [0x00000007fdf80000,0x00000007fdf80000,0x0000000800000000)
[37.740s][debug  ][gc,heap        ] GC(133)  ParOldGen       total 2127360K, used 1476197K [0x0000000740000000, 0x00000007c1d80000, 0x00000007f0000000)
[37.740s][debug  ][gc,heap        ] GC(133)   object space 2127360K, 69% used [0x0000000740000000,0x000000079a1994f8,0x00000007c1d80000)
[37.740s][debug  ][gc,heap        ] GC(133)  Metaspace       used 1022K, committed 1216K, reserved 1056768K
[37.740s][debug  ][gc,heap        ] GC(133)   class space    used 83K, committed 192K, reserved 1048576K
[37.740s][debug  ][gc,tlab        ] GC(133) TLAB totals: thrds: 1  refills: 1 max: 1 slow allocs: 17 max 17 waste: 27.2% gc: 3911528B max: 3911528B slow: 0B max: 0B
[37.740s][info   ][gc,start       ] GC(133) Pause Young (Allocation Failure)
[37.741s][debug  ][gc,phases,start] GC(133) Scavenge
[37.755s][debug  ][gc,phases      ] GC(133) Scavenge 14.909ms
[37.756s][debug  ][gc,phases,start] GC(133) Reference Processing
[37.756s][debug  ][gc,ref         ] GC(133) Skipped phase 1 of Reference Processing: no references
[37.756s][debug  ][gc,ref         ] GC(133) Skipped phase 2 of Reference Processing: no references
[37.756s][debug  ][gc,ref         ] GC(133) Skipped phase 3 of Reference Processing: no references
[37.756s][debug  ][gc,ref         ] GC(133) Skipped phase 4 of Reference Processing: no references
[37.756s][debug  ][gc,phases,ref  ] GC(133) Reference Processing: 0.1ms
[37.756s][debug  ][gc,phases,ref  ] GC(133)   Reconsider SoftReferences: 0.0ms
[37.756s][debug  ][gc,phases,ref  ] GC(133)     SoftRef (ms):                  skipped
[37.756s][debug  ][gc,phases,ref  ] GC(133)   Notify Soft/WeakReferences: 0.0ms
[37.756s][debug  ][gc,phases,ref  ] GC(133)     SoftRef (ms):                  skipped
[37.756s][debug  ][gc,phases,ref  ] GC(133)     WeakRef (ms):                  skipped
[37.756s][debug  ][gc,phases,ref  ] GC(133)     FinalRef (ms):                 skipped
[37.756s][debug  ][gc,phases,ref  ] GC(133)     Total (ms):                    skipped
[37.756s][debug  ][gc,phases,ref  ] GC(133)   Notify and keep alive finalizable: 0.0ms
[37.756s][debug  ][gc,phases,ref  ] GC(133)     FinalRef (ms):                 skipped
[37.756s][debug  ][gc,phases,ref  ] GC(133)   Notify PhantomReferences: 0.0ms
[37.756s][debug  ][gc,phases,ref  ] GC(133)     PhantomRef (ms):               skipped
[37.756s][debug  ][gc,phases,ref  ] GC(133)   SoftReference:
[37.756s][debug  ][gc,phases,ref  ] GC(133)     Discovered: 0
[37.756s][debug  ][gc,phases,ref  ] GC(133)     Cleared: 0
[37.756s][debug  ][gc,phases,ref  ] GC(133)   WeakReference:
[37.756s][debug  ][gc,phases,ref  ] GC(133)     Discovered: 0
[37.756s][debug  ][gc,phases,ref  ] GC(133)     Cleared: 0
[37.756s][debug  ][gc,phases,ref  ] GC(133)   FinalReference:
[37.756s][debug  ][gc,phases,ref  ] GC(133)     Discovered: 0
[37.756s][debug  ][gc,phases,ref  ] GC(133)     Cleared: 0
[37.756s][debug  ][gc,phases,ref  ] GC(133)   PhantomReference:
[37.756s][debug  ][gc,phases,ref  ] GC(133)     Discovered: 0
[37.756s][debug  ][gc,phases,ref  ] GC(133)     Cleared: 0
[37.756s][debug  ][gc,phases      ] GC(133) Reference Processing 0.734ms
[37.756s][debug  ][gc,phases,start] GC(133) Weak Processing
[37.756s][debug  ][gc,phases      ] GC(133)   VM Weak                        Min:  0.0, Avg:  0.0, Max:  0.0, Diff:  0.0, Sum:  0.0, Workers: 6
[37.756s][debug  ][gc,phases      ] GC(133)     Dead                           Min: 0, Avg:  0.0, Max: 0, Diff: 0, Sum: 0, Workers: 6
[37.756s][debug  ][gc,phases      ] GC(133)     Total                          Min: 0, Avg:  1.3, Max: 8, Diff: 8, Sum: 8, Workers: 6
[37.756s][debug  ][gc,phases      ] GC(133)   ObjectSynchronizer Weak        Min:  0.0, Avg:  0.0, Max:  0.0, Diff:  0.0, Sum:  0.0, Workers: 6
[37.757s][debug  ][gc,phases      ] GC(133)     Dead                           Min: 0, Avg:  0.0, Max: 0, Diff: 0, Sum: 0, Workers: 6
[37.757s][debug  ][gc,phases      ] GC(133)     Total                          Min: 0, Avg:  0.5, Max: 3, Diff: 3, Sum: 3, Workers: 6
[37.757s][debug  ][gc,phases      ] GC(133)   JVMTI Tag Weak OopStorage      Min:  0.0, Avg:  0.0, Max:  0.0, Diff:  0.0, Sum:  0.0, Workers: 6
[37.757s][debug  ][gc,phases      ] GC(133)     Dead                           Min: 0, Avg:  0.0, Max: 0, Diff: 0, Sum: 0, Workers: 6
[37.757s][debug  ][gc,phases      ] GC(133)     Total                          Min: 0, Avg:  0.0, Max: 0, Diff: 0, Sum: 0, Workers: 6
[37.757s][debug  ][gc,phases      ] GC(133)   StringTable Weak               Min:  0.0, Avg:  0.0, Max:  0.0, Diff:  0.0, Sum:  0.0, Workers: 6
[37.757s][debug  ][gc,phases      ] GC(133)     Dead                           Min: 0, Avg:  0.0, Max: 0, Diff: 0, Sum: 0, Workers: 6
[37.757s][debug  ][gc,phases      ] GC(133)     Total                          Min: 704, Avg: 892.5, Max: 1151, Diff: 447, Sum: 5355, Workers: 6
[37.757s][debug  ][gc,phases      ] GC(133)   ResolvedMethodTable Weak       Min:  0.0, Avg:  0.0, Max:  0.0, Diff:  0.0, Sum:  0.0, Workers: 6
[37.757s][debug  ][gc,phases      ] GC(133)     Dead                           Min: 0, Avg:  0.0, Max: 0, Diff: 0, Sum: 0, Workers: 6
[37.757s][debug  ][gc,phases      ] GC(133)     Total                          Min: 0, Avg: 21.7, Max: 64, Diff: 64, Sum: 130, Workers: 6
[37.757s][debug  ][gc,phases      ] GC(133)   JNI Weak                       Min:  0.0, Avg:  0.0, Max:  0.0, Diff:  0.0, Sum:  0.0, Workers: 6
[37.757s][debug  ][gc,phases      ] GC(133)     Dead                           Min: 0, Avg:  0.0, Max: 0, Diff: 0, Sum: 0, Workers: 6
[37.757s][debug  ][gc,phases      ] GC(133)     Total                          Min: 0, Avg:  0.0, Max: 0, Diff: 0, Sum: 0, Workers: 6
[37.757s][debug  ][gc,phases      ] GC(133)   StringDedup Table Weak         Min:  0.0, Avg:  0.0, Max:  0.0, Diff:  0.0, Sum:  0.0, Workers: 6
[37.757s][debug  ][gc,phases      ] GC(133)     Dead                           Min: 0, Avg:  0.0, Max: 0, Diff: 0, Sum: 0, Workers: 6
[37.757s][debug  ][gc,phases      ] GC(133)     Total                          Min: 0, Avg:  0.0, Max: 0, Diff: 0, Sum: 0, Workers: 6
[37.757s][debug  ][gc,phases      ] GC(133)   StringDedup Requests0 Weak     Min:  0.0, Avg:  0.0, Max:  0.0, Diff:  0.0, Sum:  0.0, Workers: 6
[37.757s][debug  ][gc,phases      ] GC(133)     Dead                           Min: 0, Avg:  0.0, Max: 0, Diff: 0, Sum: 0, Workers: 6
[37.757s][debug  ][gc,phases      ] GC(133)     Total                          Min: 0, Avg:  0.0, Max: 0, Diff: 0, Sum: 0, Workers: 6
[37.757s][debug  ][gc,phases      ] GC(133)   StringDedup Requests1 Weak     Min:  0.0, Avg:  0.0, Max:  0.0, Diff:  0.0, Sum:  0.0, Workers: 6
[37.757s][debug  ][gc,phases      ] GC(133)     Dead                           Min: 0, Avg:  0.0, Max: 0, Diff: 0, Sum: 0, Workers: 6
[37.757s][debug  ][gc,phases      ] GC(133)     Total                          Min: 0, Avg:  0.0, Max: 0, Diff: 0, Sum: 0, Workers: 6
[37.757s][debug  ][gc,phases      ] GC(133)   Weak JFR Old Object Samples    Min:  0.0, Avg:  0.0, Max:  0.0, Diff:  0.0, Sum:  0.0, Workers: 6
[37.757s][debug  ][gc,phases      ] GC(133)     Dead                           Min: 0, Avg:  0.0, Max: 0, Diff: 0, Sum: 0, Workers: 6
[37.757s][debug  ][gc,phases      ] GC(133)     Total                          Min: 0, Avg:  0.0, Max: 0, Diff: 0, Sum: 0, Workers: 6
[37.757s][debug  ][gc,phases      ] GC(133) Weak Processing 0.874ms
[37.757s][debug  ][gc,ergo        ] GC(133) AdaptiveSizeStart:  collection: 134 
[37.757s][debug  ][gc,ergo        ] GC(133) avg_survived_padded_avg: 33678528.000000
[37.757s][debug  ][gc,ergo        ] GC(133) avg_promoted_padded_avg: 258470976.000000  avg_pretenured_padded_avg: 0.000000  tenuring_thresh: 1  target_size: 34078720
[37.757s][debug  ][gc,age         ] GC(133) Desired survivor size 34078720 bytes, new threshold 1 (max threshold 15)
[37.757s][debug  ][gc,ergo        ] GC(133) PSAdaptiveSizePolicy::compute_eden_space_size limits: desired_eden_size: 228385556 old_eden_size: 199753728 eden_limit: 200278016 cur_eden: 199753728 max_eden_size: 200278016 avg_young_live: 29479532
[37.757s][debug  ][gc,ergo        ] GC(133) PSAdaptiveSizePolicy::compute_eden_space_size: costs minor_time: 0.051630 major_cost: 0.021167 mutator_cost: 0.927203 throughput_goal: 0.990000
[37.757s][debug  ][gc,ergo        ] GC(133) Live_space: 860352512 free_space: 1947729920
[37.757s][debug  ][gc,ergo        ] GC(133) Old eden_size: 199753728 desired_eden_size: 200278016
[37.757s][debug  ][gc,ergo        ] GC(133) AdaptiveSizeStop: collection: 134 
[37.757s][info   ][gc,heap        ] GC(133) PSYoungGen: 218860K(228352K)->30720K(228864K) Eden: 188140K(195072K)->0K(195584K) From: 30720K(33280K)->30720K(33280K)
[37.757s][info   ][gc,heap        ] GC(133) ParOldGen: 1476197K(2127360K)->1660517K(2127360K)
[37.757s][info   ][gc,metaspace   ] GC(133) Metaspace: 1022K(1216K)->1022K(1216K) NonClass: 938K(1024K)->938K(1024K) Class: 83K(192K)->83K(192K)
[37.757s][info   ][gc             ] GC(133) Pause Young (Allocation Failure) 1655M->1651M(2301M) 17.006ms
[37.758s][info   ][gc,cpu         ] GC(133) User=0.16s Sys=0.00s Real=0.02s
[37.758s][debug  ][gc,heap        ] GC(133) Heap after GC invocations=134 (full 16):
[37.758s][debug  ][gc,heap        ] GC(133)  PSYoungGen      total 228864K, used 30720K [0x00000007f0000000, 0x0000000800000000, 0x0000000800000000)
[37.758s][debug  ][gc,heap        ] GC(133)   eden space 195584K, 0% used [0x00000007f0000000,0x00000007f0000000,0x00000007fbf00000)
[37.758s][debug  ][gc,heap        ] GC(133)   from space 33280K, 92% used [0x00000007fdf80000,0x00000007ffd80030,0x0000000800000000)
[37.758s][debug  ][gc,heap        ] GC(133)   to   space 33280K, 0% used [0x00000007fbf00000,0x00000007fbf00000,0x00000007fdf80000)
[37.758s][debug  ][gc,heap        ] GC(133)  ParOldGen       total 2127360K, used 1660517K [0x0000000740000000, 0x00000007c1d80000, 0x00000007f0000000)
[37.758s][debug  ][gc,heap        ] GC(133)   object space 2127360K, 78% used [0x0000000740000000,0x00000007a5599618,0x00000007c1d80000)
[37.758s][debug  ][gc,heap        ] GC(133)  Metaspace       used 1022K, committed 1216K, reserved 1056768K
[37.758s][debug  ][gc,heap        ] GC(133)   class space    used 83K, committed 192K, reserved 1048576K
[37.758s][debug  ][gc,task,time   ] GC(133) VM-Thread 377400130 377555407 377577588
[38.041s][debug  ][gc,heap        ] GC(134) Heap before GC invocations=135 (full 16):
[38.041s][debug  ][gc,heap        ] GC(134)  PSYoungGen      total 228864K, used 218871K [0x00000007f0000000, 0x0000000800000000, 0x0000000800000000)
[38.041s][debug  ][gc,heap        ] GC(134)   eden space 195584K, 96% used [0x00000007f0000000,0x00000007fb7bdbf8,0x00000007fbf00000)
[38.041s][debug  ][gc,heap        ] GC(134)   from space 33280K, 92% used [0x00000007fdf80000,0x00000007ffd80030,0x0000000800000000)
[38.041s][debug  ][gc,heap        ] GC(134)   to   space 33280K, 0% used [0x00000007fbf00000,0x00000007fbf00000,0x00000007fdf80000)
[38.041s][debug  ][gc,heap        ] GC(134)  ParOldGen       total 2127360K, used 1660517K [0x0000000740000000, 0x00000007c1d80000, 0x00000007f0000000)
[38.041s][debug  ][gc,heap        ] GC(134)   object space 2127360K, 78% used [0x0000000740000000,0x00000007a5599618,0x00000007c1d80000)
[38.041s][debug  ][gc,heap        ] GC(134)  Metaspace       used 1022K, committed 1216K, reserved 1056768K
[38.041s][debug  ][gc,heap        ] GC(134)   class space    used 83K, committed 192K, reserved 1048576K
[38.041s][debug  ][gc,tlab        ] GC(134) TLAB totals: thrds: 1  refills: 1 max: 1 slow allocs: 17 max 17 waste: 27.2% gc: 3922648B max: 3922648B slow: 0B max: 0B
[38.041s][info   ][gc,start       ] GC(134) Pause Young (Allocation Failure)
[38.041s][debug  ][gc,phases,start] GC(134) Scavenge
[38.057s][debug  ][gc,phases      ] GC(134) Scavenge 15.168ms
[38.057s][debug  ][gc,phases,start] GC(134) Reference Processing
[38.057s][debug  ][gc,ref         ] GC(134) Skipped phase 1 of Reference Processing: no references
[38.057s][debug  ][gc,ref         ] GC(134) Skipped phase 2 of Reference Processing: no references
[38.057s][debug  ][gc,ref         ] GC(134) Skipped phase 3 of Reference Processing: no references
[38.057s][debug  ][gc,ref         ] GC(134) Skipped phase 4 of Reference Processing: no references
[38.057s][debug  ][gc,phases,ref  ] GC(134) Reference Processing: 0.1ms
[38.057s][debug  ][gc,phases,ref  ] GC(134)   Reconsider SoftReferences: 0.0ms
[38.057s][debug  ][gc,phases,ref  ] GC(134)     SoftRef (ms):                  skipped
[38.057s][debug  ][gc,phases,ref  ] GC(134)   Notify Soft/WeakReferences: 0.0ms
[38.057s][debug  ][gc,phases,ref  ] GC(134)     SoftRef (ms):                  skipped
[38.057s][debug  ][gc,phases,ref  ] GC(134)     WeakRef (ms):                  skipped
[38.057s][debug  ][gc,phases,ref  ] GC(134)     FinalRef (ms):                 skipped
[38.057s][debug  ][gc,phases,ref  ] GC(134)     Total (ms):                    skipped
[38.057s][debug  ][gc,phases,ref  ] GC(134)   Notify and keep alive finalizable: 0.0ms
[38.057s][debug  ][gc,phases,ref  ] GC(134)     FinalRef (ms):                 skipped
[38.057s][debug  ][gc,phases,ref  ] GC(134)   Notify PhantomReferences: 0.0ms
[38.057s][debug  ][gc,phases,ref  ] GC(134)     PhantomRef (ms):               skipped
[38.057s][debug  ][gc,phases,ref  ] GC(134)   SoftReference:
[38.057s][debug  ][gc,phases,ref  ] GC(134)     Discovered: 0
[38.057s][debug  ][gc,phases,ref  ] GC(134)     Cleared: 0
[38.057s][debug  ][gc,phases,ref  ] GC(134)   WeakReference:
[38.057s][debug  ][gc,phases,ref  ] GC(134)     Discovered: 0
[38.057s][debug  ][gc,phases,ref  ] GC(134)     Cleared: 0
[38.057s][debug  ][gc,phases,ref  ] GC(134)   FinalReference:
[38.057s][debug  ][gc,phases,ref  ] GC(134)     Discovered: 0
[38.057s][debug  ][gc,phases,ref  ] GC(134)     Cleared: 0
[38.057s][debug  ][gc,phases,ref  ] GC(134)   PhantomReference:
[38.057s][debug  ][gc,phases,ref  ] GC(134)     Discovered: 0
[38.058s][debug  ][gc,phases,ref  ] GC(134)     Cleared: 0
[38.058s][debug  ][gc,phases      ] GC(134) Reference Processing 0.852ms
[38.058s][debug  ][gc,phases,start] GC(134) Weak Processing
[38.058s][debug  ][gc,phases      ] GC(134)   VM Weak                        Min:  0.0, Avg:  0.0, Max:  0.0, Diff:  0.0, Sum:  0.0, Workers: 6
[38.058s][debug  ][gc,phases      ] GC(134)     Dead                           Min: 0, Avg:  0.0, Max: 0, Diff: 0, Sum: 0, Workers: 6
[38.058s][debug  ][gc,phases      ] GC(134)     Total                          Min: 0, Avg:  1.3, Max: 8, Diff: 8, Sum: 8, Workers: 6
[38.058s][debug  ][gc,phases      ] GC(134)   ObjectSynchronizer Weak        Min:  0.0, Avg:  0.0, Max:  0.0, Diff:  0.0, Sum:  0.0, Workers: 6
[38.058s][debug  ][gc,phases      ] GC(134)     Dead                           Min: 0, Avg:  0.0, Max: 0, Diff: 0, Sum: 0, Workers: 6
[38.058s][debug  ][gc,phases      ] GC(134)     Total                          Min: 0, Avg:  0.5, Max: 3, Diff: 3, Sum: 3, Workers: 6
[38.058s][debug  ][gc,phases      ] GC(134)   JVMTI Tag Weak OopStorage      Min:  0.0, Avg:  0.0, Max:  0.0, Diff:  0.0, Sum:  0.0, Workers: 6
[38.058s][debug  ][gc,phases      ] GC(134)     Dead                           Min: 0, Avg:  0.0, Max: 0, Diff: 0, Sum: 0, Workers: 6
[38.058s][debug  ][gc,phases      ] GC(134)     Total                          Min: 0, Avg:  0.0, Max: 0, Diff: 0, Sum: 0, Workers: 6
[38.058s][debug  ][gc,phases      ] GC(134)   StringTable Weak               Min:  0.0, Avg:  0.0, Max:  0.0, Diff:  0.0, Sum:  0.0, Workers: 6
[38.058s][debug  ][gc,phases      ] GC(134)     Dead                           Min: 0, Avg:  0.0, Max: 0, Diff: 0, Sum: 0, Workers: 6
[38.058s][debug  ][gc,phases      ] GC(134)     Total                          Min: 704, Avg: 892.5, Max: 1196, Diff: 492, Sum: 5355, Workers: 6
[38.058s][debug  ][gc,phases      ] GC(134)   ResolvedMethodTable Weak       Min:  0.0, Avg:  0.0, Max:  0.0, Diff:  0.0, Sum:  0.0, Workers: 6
[38.058s][debug  ][gc,phases      ] GC(134)     Dead                           Min: 0, Avg:  0.0, Max: 0, Diff: 0, Sum: 0, Workers: 6
[38.058s][debug  ][gc,phases      ] GC(134)     Total                          Min: 0, Avg: 21.7, Max: 64, Diff: 64, Sum: 130, Workers: 6
[38.058s][debug  ][gc,phases      ] GC(134)   JNI Weak                       Min:  0.0, Avg:  0.0, Max:  0.0, Diff:  0.0, Sum:  0.0, Workers: 6
[38.058s][debug  ][gc,phases      ] GC(134)     Dead                           Min: 0, Avg:  0.0, Max: 0, Diff: 0, Sum: 0, Workers: 6
[38.058s][debug  ][gc,phases      ] GC(134)     Total                          Min: 0, Avg:  0.0, Max: 0, Diff: 0, Sum: 0, Workers: 6
[38.058s][debug  ][gc,phases      ] GC(134)   StringDedup Table Weak         Min:  0.0, Avg:  0.0, Max:  0.0, Diff:  0.0, Sum:  0.0, Workers: 6
[38.058s][debug  ][gc,phases      ] GC(134)     Dead                           Min: 0, Avg:  0.0, Max: 0, Diff: 0, Sum: 0, Workers: 6
[38.058s][debug  ][gc,phases      ] GC(134)     Total                          Min: 0, Avg:  0.0, Max: 0, Diff: 0, Sum: 0, Workers: 6
[38.058s][debug  ][gc,phases      ] GC(134)   StringDedup Requests0 Weak     Min:  0.0, Avg:  0.0, Max:  0.0, Diff:  0.0, Sum:  0.0, Workers: 6
[38.058s][debug  ][gc,phases      ] GC(134)     Dead                           Min: 0, Avg:  0.0, Max: 0, Diff: 0, Sum: 0, Workers: 6
[38.058s][debug  ][gc,phases      ] GC(134)     Total                          Min: 0, Avg:  0.0, Max: 0, Diff: 0, Sum: 0, Workers: 6
[38.058s][debug  ][gc,phases      ] GC(134)   StringDedup Requests1 Weak     Min:  0.0, Avg:  0.0, Max:  0.0, Diff:  0.0, Sum:  0.0, Workers: 6
[38.058s][debug  ][gc,phases      ] GC(134)     Dead                           Min: 0, Avg:  0.0, Max: 0, Diff: 0, Sum: 0, Workers: 6
[38.058s][debug  ][gc,phases      ] GC(134)     Total                          Min: 0, Avg:  0.0, Max: 0, Diff: 0, Sum: 0, Workers: 6
[38.058s][debug  ][gc,phases      ] GC(134)   Weak JFR Old Object Samples    Min:  0.0, Avg:  0.0, Max:  0.0, Diff:  0.0, Sum:  0.0, Workers: 6
[38.058s][debug  ][gc,phases      ] GC(134)     Dead                           Min: 0, Avg:  0.0, Max: 0, Diff: 0, Sum: 0, Workers: 6
[38.058s][debug  ][gc,phases      ] GC(134)     Total                          Min: 0, Avg:  0.0, Max: 0, Diff: 0, Sum: 0, Workers: 6
[38.058s][debug  ][gc,phases      ] GC(134) Weak Processing 0.872ms
[38.058s][debug  ][gc,ergo        ] GC(134) AdaptiveSizeStart:  collection: 135 
[38.058s][debug  ][gc,ergo        ] GC(134) avg_survived_padded_avg: 33528082.000000
[38.059s][debug  ][gc,ergo        ] GC(134) avg_promoted_padded_avg: 256852592.000000  avg_pretenured_padded_avg: 0.000000  tenuring_thresh: 1  target_size: 33554432
[38.059s][debug  ][gc,age         ] GC(134) Desired survivor size 33554432 bytes, new threshold 1 (max threshold 15)
[38.059s][debug  ][gc,ergo        ] GC(134) PSAdaptiveSizePolicy::compute_eden_space_size limits: desired_eden_size: 229102199 old_eden_size: 200278016 eden_limit: 200278016 cur_eden: 200278016 max_eden_size: 200278016 avg_young_live: 29677310
[38.059s][debug  ][gc,ergo        ] GC(134) PSAdaptiveSizePolicy::compute_eden_space_size: costs minor_time: 0.052843 major_cost: 0.021167 mutator_cost: 0.925990 throughput_goal: 0.990000
[38.059s][debug  ][gc,ergo        ] GC(134) Live_space: 860550272 free_space: 1948254208
[38.059s][debug  ][gc,ergo        ] GC(134) Old eden_size: 200278016 desired_eden_size: 200278016
[38.059s][debug  ][gc,ergo        ] GC(134) AdaptiveSizeStop: collection: 135 
[38.059s][info   ][gc,heap        ] GC(134) PSYoungGen: 218871K(228864K)->30720K(228864K) Eden: 188150K(195584K)->0K(195584K) From: 30720K(33280K)->30720K(33280K)
[38.059s][info   ][gc,heap        ] GC(134) ParOldGen: 1660517K(2127360K)->1844837K(2127360K)
[38.059s][info   ][gc,metaspace   ] GC(134) Metaspace: 1022K(1216K)->1022K(1216K) NonClass: 938K(1024K)->938K(1024K) Class: 83K(192K)->83K(192K)
[38.059s][info   ][gc             ] GC(134) Pause Young (Allocation Failure) 1835M->1831M(2301M) 17.373ms
[38.059s][info   ][gc,cpu         ] GC(134) User=0.16s Sys=0.00s Real=0.02s
[38.059s][debug  ][gc,heap        ] GC(134) Heap after GC invocations=135 (full 16):
[38.059s][debug  ][gc,heap        ] GC(134)  PSYoungGen      total 228864K, used 30720K [0x00000007f0000000, 0x0000000800000000, 0x0000000800000000)
[38.059s][debug  ][gc,heap        ] GC(134)   eden space 195584K, 0% used [0x00000007f0000000,0x00000007f0000000,0x00000007fbf00000)
[38.059s][debug  ][gc,heap        ] GC(134)   from space 33280K, 92% used [0x00000007fbf00000,0x00000007fdd00030,0x00000007fdf80000)
[38.059s][debug  ][gc,heap        ] GC(134)   to   space 32768K, 0% used [0x00000007fe000000,0x00000007fe000000,0x0000000800000000)
[38.059s][debug  ][gc,heap        ] GC(134)  ParOldGen       total 2127360K, used 1844837K [0x0000000740000000, 0x00000007c1d80000, 0x00000007f0000000)
[38.059s][debug  ][gc,heap        ] GC(134)   object space 2127360K, 86% used [0x0000000740000000,0x00000007b0999738,0x00000007c1d80000)
[38.059s][debug  ][gc,heap        ] GC(134)  Metaspace       used 1022K, committed 1216K, reserved 1056768K
[38.059s][debug  ][gc,heap        ] GC(134)   class space    used 83K, committed 192K, reserved 1048576K
[38.059s][debug  ][gc,task,time   ] GC(134) VM-Thread 380409771 380566974 380590315
[38.343s][debug  ][gc,heap        ] GC(135) Heap before GC invocations=136 (full 16):
[38.343s][debug  ][gc,heap        ] GC(135)  PSYoungGen      total 228864K, used 218871K [0x00000007f0000000, 0x0000000800000000, 0x0000000800000000)
[38.343s][debug  ][gc,heap        ] GC(135)   eden space 195584K, 96% used [0x00000007f0000000,0x00000007fb7bddd0,0x00000007fbf00000)
[38.343s][debug  ][gc,heap        ] GC(135)   from space 33280K, 92% used [0x00000007fbf00000,0x00000007fdd00030,0x00000007fdf80000)
[38.343s][debug  ][gc,heap        ] GC(135)   to   space 32768K, 0% used [0x00000007fe000000,0x00000007fe000000,0x0000000800000000)
[38.343s][debug  ][gc,heap        ] GC(135)  ParOldGen       total 2127360K, used 1844837K [0x0000000740000000, 0x00000007c1d80000, 0x00000007f0000000)
[38.343s][debug  ][gc,heap        ] GC(135)   object space 2127360K, 86% used [0x0000000740000000,0x00000007b0999738,0x00000007c1d80000)
[38.343s][debug  ][gc,heap        ] GC(135)  Metaspace       used 1022K, committed 1216K, reserved 1056768K
[38.343s][debug  ][gc,heap        ] GC(135)   class space    used 83K, committed 192K, reserved 1048576K
[38.343s][debug  ][gc,tlab        ] GC(135) TLAB totals: thrds: 1  refills: 1 max: 1 slow allocs: 17 max 17 waste: 27.2% gc: 3922056B max: 3922056B slow: 0B max: 0B
[38.344s][info   ][gc,start       ] GC(135) Pause Young (Allocation Failure)
[38.344s][debug  ][gc,phases,start] GC(135) Scavenge
[38.356s][debug  ][gc,phases      ] GC(135) Scavenge 12.551ms
[38.356s][debug  ][gc,phases,start] GC(135) Reference Processing
[38.356s][debug  ][gc,ref         ] GC(135) Skipped phase 1 of Reference Processing: no references
[38.356s][debug  ][gc,ref         ] GC(135) Skipped phase 2 of Reference Processing: no references
[38.356s][debug  ][gc,ref         ] GC(135) Skipped phase 3 of Reference Processing: no references
[38.356s][debug  ][gc,ref         ] GC(135) Skipped phase 4 of Reference Processing: no references
[38.356s][debug  ][gc,phases,ref  ] GC(135) Reference Processing: 0.1ms
[38.356s][debug  ][gc,phases,ref  ] GC(135)   Reconsider SoftReferences: 0.0ms
[38.356s][debug  ][gc,phases,ref  ] GC(135)     SoftRef (ms):                  skipped
[38.356s][debug  ][gc,phases,ref  ] GC(135)   Notify Soft/WeakReferences: 0.0ms
[38.357s][debug  ][gc,phases,ref  ] GC(135)     SoftRef (ms):                  skipped
[38.357s][debug  ][gc,phases,ref  ] GC(135)     WeakRef (ms):                  skipped
[38.357s][debug  ][gc,phases,ref  ] GC(135)     FinalRef (ms):                 skipped
[38.357s][debug  ][gc,phases,ref  ] GC(135)     Total (ms):                    skipped
[38.357s][debug  ][gc,phases,ref  ] GC(135)   Notify and keep alive finalizable: 0.0ms
[38.357s][debug  ][gc,phases,ref  ] GC(135)     FinalRef (ms):                 skipped
[38.357s][debug  ][gc,phases,ref  ] GC(135)   Notify PhantomReferences: 0.0ms
[38.357s][debug  ][gc,phases,ref  ] GC(135)     PhantomRef (ms):               skipped
[38.357s][debug  ][gc,phases,ref  ] GC(135)   SoftReference:
[38.357s][debug  ][gc,phases,ref  ] GC(135)     Discovered: 0
[38.357s][debug  ][gc,phases,ref  ] GC(135)     Cleared: 0
[38.357s][debug  ][gc,phases,ref  ] GC(135)   WeakReference:
[38.357s][debug  ][gc,phases,ref  ] GC(135)     Discovered: 0
[38.357s][debug  ][gc,phases,ref  ] GC(135)     Cleared: 0
[38.357s][debug  ][gc,phases,ref  ] GC(135)   FinalReference:
[38.357s][debug  ][gc,phases,ref  ] GC(135)     Discovered: 0
[38.357s][debug  ][gc,phases,ref  ] GC(135)     Cleared: 0
[38.357s][debug  ][gc,phases,ref  ] GC(135)   PhantomReference:
[38.357s][debug  ][gc,phases,ref  ] GC(135)     Discovered: 0
[38.357s][debug  ][gc,phases,ref  ] GC(135)     Cleared: 0
[38.357s][debug  ][gc,phases      ] GC(135) Reference Processing 0.914ms
[38.357s][debug  ][gc,phases,start] GC(135) Weak Processing
[38.357s][debug  ][gc,phases      ] GC(135)   VM Weak                        Min:  0.0, Avg:  0.0, Max:  0.0, Diff:  0.0, Sum:  0.0, Workers: 6
[38.357s][debug  ][gc,phases      ] GC(135)     Dead                           Min: 0, Avg:  0.0, Max: 0, Diff: 0, Sum: 0, Workers: 6
[38.357s][debug  ][gc,phases      ] GC(135)     Total                          Min: 0, Avg:  1.3, Max: 8, Diff: 8, Sum: 8, Workers: 6
[38.357s][debug  ][gc,phases      ] GC(135)   ObjectSynchronizer Weak        Min:  0.0, Avg:  0.0, Max:  0.0, Diff:  0.0, Sum:  0.0, Workers: 6
[38.357s][debug  ][gc,phases      ] GC(135)     Dead                           Min: 0, Avg:  0.0, Max: 0, Diff: 0, Sum: 0, Workers: 6
[38.357s][debug  ][gc,phases      ] GC(135)     Total                          Min: 0, Avg:  0.5, Max: 3, Diff: 3, Sum: 3, Workers: 6
[38.357s][debug  ][gc,phases      ] GC(135)   JVMTI Tag Weak OopStorage      Min:  0.0, Avg:  0.0, Max:  0.0, Diff:  0.0, Sum:  0.0, Workers: 6
[38.357s][debug  ][gc,phases      ] GC(135)     Dead                           Min: 0, Avg:  0.0, Max: 0, Diff: 0, Sum: 0, Workers: 6
[38.357s][debug  ][gc,phases      ] GC(135)     Total                          Min: 0, Avg:  0.0, Max: 0, Diff: 0, Sum: 0, Workers: 6
[38.357s][debug  ][gc,phases      ] GC(135)   StringTable Weak               Min:  0.0, Avg:  0.0, Max:  0.0, Diff:  0.0, Sum:  0.0, Workers: 6
[38.358s][debug  ][gc,phases      ] GC(135)     Dead                           Min: 0, Avg:  0.0, Max: 0, Diff: 0, Sum: 0, Workers: 6
[38.358s][debug  ][gc,phases      ] GC(135)     Total                          Min: 768, Avg: 892.5, Max: 1152, Diff: 384, Sum: 5355, Workers: 6
[38.358s][debug  ][gc,phases      ] GC(135)   ResolvedMethodTable Weak       Min:  0.0, Avg:  0.0, Max:  0.0, Diff:  0.0, Sum:  0.0, Workers: 6
[38.358s][debug  ][gc,phases      ] GC(135)     Dead                           Min: 0, Avg:  0.0, Max: 0, Diff: 0, Sum: 0, Workers: 6
[38.358s][debug  ][gc,phases      ] GC(135)     Total                          Min: 0, Avg: 21.7, Max: 64, Diff: 64, Sum: 130, Workers: 6
[38.358s][debug  ][gc,phases      ] GC(135)   JNI Weak                       Min:  0.0, Avg:  0.0, Max:  0.0, Diff:  0.0, Sum:  0.0, Workers: 6
[38.358s][debug  ][gc,phases      ] GC(135)     Dead                           Min: 0, Avg:  0.0, Max: 0, Diff: 0, Sum: 0, Workers: 6
[38.358s][debug  ][gc,phases      ] GC(135)     Total                          Min: 0, Avg:  0.0, Max: 0, Diff: 0, Sum: 0, Workers: 6
[38.358s][debug  ][gc,phases      ] GC(135)   StringDedup Table Weak         Min:  0.0, Avg:  0.0, Max:  0.0, Diff:  0.0, Sum:  0.0, Workers: 6
[38.358s][debug  ][gc,phases      ] GC(135)     Dead                           Min: 0, Avg:  0.0, Max: 0, Diff: 0, Sum: 0, Workers: 6
[38.358s][debug  ][gc,phases      ] GC(135)     Total                          Min: 0, Avg:  0.0, Max: 0, Diff: 0, Sum: 0, Workers: 6
[38.358s][debug  ][gc,phases      ] GC(135)   StringDedup Requests0 Weak     Min:  0.0, Avg:  0.0, Max:  0.0, Diff:  0.0, Sum:  0.0, Workers: 6
[38.358s][debug  ][gc,phases      ] GC(135)     Dead                           Min: 0, Avg:  0.0, Max: 0, Diff: 0, Sum: 0, Workers: 6
[38.358s][debug  ][gc,phases      ] GC(135)     Total                          Min: 0, Avg:  0.0, Max: 0, Diff: 0, Sum: 0, Workers: 6
[38.358s][debug  ][gc,phases      ] GC(135)   StringDedup Requests1 Weak     Min:  0.0, Avg:  0.0, Max:  0.0, Diff:  0.0, Sum:  0.0, Workers: 6
[38.358s][debug  ][gc,phases      ] GC(135)     Dead                           Min: 0, Avg:  0.0, Max: 0, Diff: 0, Sum: 0, Workers: 6
[38.358s][debug  ][gc,phases      ] GC(135)     Total                          Min: 0, Avg:  0.0, Max: 0, Diff: 0, Sum: 0, Workers: 6
[38.358s][debug  ][gc,phases      ] GC(135)   Weak JFR Old Object Samples    Min:  0.0, Avg:  0.0, Max:  0.0, Diff:  0.0, Sum:  0.0, Workers: 6
[38.358s][debug  ][gc,phases      ] GC(135)     Dead                           Min: 0, Avg:  0.0, Max: 0, Diff: 0, Sum: 0, Workers: 6
[38.358s][debug  ][gc,phases      ] GC(135)     Total                          Min: 0, Avg:  0.0, Max: 0, Diff: 0, Sum: 0, Workers: 6
[38.358s][debug  ][gc,phases      ] GC(135) Weak Processing 0.874ms
[38.358s][debug  ][gc,ergo        ] GC(135) AdaptiveSizeStart:  collection: 136 
[38.358s][debug  ][gc,ergo        ] GC(135) avg_survived_padded_avg: 33385516.000000
[38.358s][debug  ][gc,ergo        ] GC(135) avg_promoted_padded_avg: 255918336.000000  avg_pretenured_padded_avg: 0.000000  tenuring_thresh: 1  target_size: 33554432
[38.358s][debug  ][gc,age         ] GC(135) Desired survivor size 33554432 bytes, new threshold 1 (max threshold 15)
[38.358s][debug  ][gc,ergo        ] GC(135) PSAdaptiveSizePolicy::compute_eden_space_size limits: desired_eden_size: 228923087 old_eden_size: 200278016 eden_limit: 200802304 cur_eden: 200278016 max_eden_size: 200802304 avg_young_live: 29855310
[38.358s][debug  ][gc,ergo        ] GC(135) PSAdaptiveSizePolicy::compute_eden_space_size: costs minor_time: 0.051712 major_cost: 0.021167 mutator_cost: 0.927120 throughput_goal: 0.990000
[38.358s][debug  ][gc,ergo        ] GC(135) Live_space: 860728256 free_space: 1948254208
[38.358s][debug  ][gc,ergo        ] GC(135) Old eden_size: 200278016 desired_eden_size: 200802304
[38.358s][debug  ][gc,ergo        ] GC(135) AdaptiveSizeStop: collection: 136 
[38.358s][info   ][gc,heap        ] GC(135) PSYoungGen: 218871K(228864K)->30720K(229376K) Eden: 188151K(195584K)->0K(196608K) From: 30720K(33280K)->30720K(32768K)
[38.358s][info   ][gc,heap        ] GC(135) ParOldGen: 1844837K(2127360K)->1967717K(2127360K)
[38.358s][info   ][gc,metaspace   ] GC(135) Metaspace: 1022K(1216K)->1022K(1216K) NonClass: 938K(1024K)->938K(1024K) Class: 83K(192K)->83K(192K)
[38.358s][info   ][gc             ] GC(135) Pause Young (Allocation Failure) 2015M->1951M(2301M) 14.879ms
[38.358s][info   ][gc,cpu         ] GC(135) User=0.16s Sys=0.00s Real=0.02s
[38.358s][debug  ][gc,heap        ] GC(135) Heap after GC invocations=136 (full 16):
[38.358s][debug  ][gc,heap        ] GC(135)  PSYoungGen      total 229376K, used 30720K [0x00000007f0000000, 0x0000000800000000, 0x0000000800000000)
[38.359s][debug  ][gc,heap        ] GC(135)   eden space 196608K, 0% used [0x00000007f0000000,0x00000007f0000000,0x00000007fc000000)
[38.359s][debug  ][gc,heap        ] GC(135)   from space 32768K, 93% used [0x00000007fe000000,0x00000007ffe00030,0x0000000800000000)
[38.359s][debug  ][gc,heap        ] GC(135)   to   space 32768K, 0% used [0x00000007fc000000,0x00000007fc000000,0x00000007fe000000)
[38.359s][debug  ][gc,heap        ] GC(135)  ParOldGen       total 2127360K, used 1967717K [0x0000000740000000, 0x00000007c1d80000, 0x00000007f0000000)
[38.359s][debug  ][gc,heap        ] GC(135)   object space 2127360K, 92% used [0x0000000740000000,0x00000007b81997f8,0x00000007c1d80000)
[38.359s][debug  ][gc,heap        ] GC(135)  Metaspace       used 1022K, committed 1216K, reserved 1056768K
[38.359s][debug  ][gc,heap        ] GC(135)   class space    used 83K, committed 192K, reserved 1048576K
[38.359s][debug  ][gc,task,time   ] GC(135) VM-Thread 383430642 383562037 383586943
[38.359s][debug  ][gc,phases,start] GC(136) Pre Compact
[38.359s][debug  ][gc,heap        ] GC(136) Heap before GC invocations=137 (full 17):
[38.359s][debug  ][gc,heap        ] GC(136)  PSYoungGen      total 229376K, used 30720K [0x00000007f0000000, 0x0000000800000000, 0x0000000800000000)
[38.359s][debug  ][gc,heap        ] GC(136)   eden space 196608K, 0% used [0x00000007f0000000,0x00000007f0000000,0x00000007fc000000)
[38.359s][debug  ][gc,heap        ] GC(136)   from space 32768K, 93% used [0x00000007fe000000,0x00000007ffe00030,0x0000000800000000)
[38.359s][debug  ][gc,heap        ] GC(136)   to   space 32768K, 0% used [0x00000007fc000000,0x00000007fc000000,0x00000007fe000000)
[38.359s][debug  ][gc,heap        ] GC(136)  ParOldGen       total 2127360K, used 1967717K [0x0000000740000000, 0x00000007c1d80000, 0x00000007f0000000)
[38.359s][debug  ][gc,heap        ] GC(136)   object space 2127360K, 92% used [0x0000000740000000,0x00000007b81997f8,0x00000007c1d80000)
[38.359s][debug  ][gc,heap        ] GC(136)  Metaspace       used 1022K, committed 1216K, reserved 1056768K
[38.359s][debug  ][gc,heap        ] GC(136)   class space    used 83K, committed 192K, reserved 1048576K
[38.359s][debug  ][gc,phases      ] GC(136) Pre Compact 0.287ms
[38.359s][info   ][gc,start       ] GC(136) Pause Full (Ergonomics)
[38.359s][info   ][gc,phases,start] GC(136) Marking Phase
[38.359s][debug  ][gc,phases,start] GC(136) Par Mark
[38.360s][debug  ][gc,phases      ] GC(136) Par Mark 0.553ms
[38.360s][debug  ][gc,phases,start] GC(136) Reference Processing
[38.360s][debug  ][gc,ref         ] GC(136) Skipped phase 1 of Reference Processing: no references
[38.360s][debug  ][gc,ref         ] GC(136) ReferenceProcessor::execute queues: 1, RefProcThreadModel::Single, marks_oops_alive: false
[38.360s][debug  ][gc,ref         ] GC(136) Skipped phase 3 of Reference Processing: no references
[38.360s][debug  ][gc,ref         ] GC(136) ReferenceProcessor::execute queues: 1, RefProcThreadModel::Single, marks_oops_alive: false
[38.360s][debug  ][gc,phases,ref  ] GC(136) Reference Processing: 0.1ms
[38.360s][debug  ][gc,phases,ref  ] GC(136)   Reconsider SoftReferences: 0.0ms
[38.360s][debug  ][gc,phases,ref  ] GC(136)     SoftRef (ms):                  skipped
[38.360s][debug  ][gc,phases,ref  ] GC(136)   Notify Soft/WeakReferences: 0.0ms
[38.360s][debug  ][gc,phases,ref  ] GC(136)     SoftRef (ms):                  Min:  0.0, Avg:  0.0, Max:  0.0, Diff:  0.0, Sum:  0.0, Workers: 10
[38.360s][debug  ][gc,phases,ref  ] GC(136)     WeakRef (ms):                  Min:  0.0, Avg:  0.0, Max:  0.0, Diff:  0.0, Sum:  0.0, Workers: 10
[38.360s][debug  ][gc,phases,ref  ] GC(136)     FinalRef (ms):                 Min:  0.0, Avg:  0.0, Max:  0.0, Diff:  0.0, Sum:  0.0, Workers: 10
[38.360s][debug  ][gc,phases,ref  ] GC(136)     Total (ms):                    Min:  0.0, Avg:  0.0, Max:  0.0, Diff:  0.0, Sum:  0.0, Workers: 10
[38.360s][debug  ][gc,phases,ref  ] GC(136)   Notify and keep alive finalizable: 0.0ms
[38.360s][debug  ][gc,phases,ref  ] GC(136)     FinalRef (ms):                 skipped
[38.360s][debug  ][gc,phases,ref  ] GC(136)   Notify PhantomReferences: 0.0ms
[38.360s][debug  ][gc,phases,ref  ] GC(136)     PhantomRef (ms):               Min:  0.0, Avg:  0.0, Max:  0.0, Diff:  0.0, Sum:  0.0, Workers: 10
[38.360s][debug  ][gc,phases,ref  ] GC(136)   SoftReference:
[38.360s][debug  ][gc,phases,ref  ] GC(136)     Discovered: 0
[38.360s][debug  ][gc,phases,ref  ] GC(136)     Cleared: 0
[38.360s][debug  ][gc,phases,ref  ] GC(136)   WeakReference:
[38.360s][debug  ][gc,phases,ref  ] GC(136)     Discovered: 63
[38.360s][debug  ][gc,phases,ref  ] GC(136)     Cleared: 63
[38.360s][debug  ][gc,phases,ref  ] GC(136)   FinalReference:
[38.360s][debug  ][gc,phases,ref  ] GC(136)     Discovered: 0
[38.360s][debug  ][gc,phases,ref  ] GC(136)     Cleared: 0
[38.360s][debug  ][gc,phases,ref  ] GC(136)   PhantomReference:
[38.360s][debug  ][gc,phases,ref  ] GC(136)     Discovered: 3
[38.360s][debug  ][gc,phases,ref  ] GC(136)     Cleared: 3
[38.360s][debug  ][gc,phases      ] GC(136) Reference Processing 0.636ms
[38.360s][debug  ][gc,phases,start] GC(136) Weak Processing
[38.360s][debug  ][gc,phases      ] GC(136)   VM Weak                        Min:  0.0, Avg:  0.0, Max:  0.0, Diff:  0.0, Sum:  0.0, Workers: 6
[38.360s][debug  ][gc,phases      ] GC(136)     Dead                           Min: 0, Avg:  0.0, Max: 0, Diff: 0, Sum: 0, Workers: 6
[38.360s][debug  ][gc,phases      ] GC(136)     Total                          Min: 0, Avg:  1.3, Max: 8, Diff: 8, Sum: 8, Workers: 6
[38.360s][debug  ][gc,phases      ] GC(136)   ObjectSynchronizer Weak        Min:  0.0, Avg:  0.0, Max:  0.0, Diff:  0.0, Sum:  0.0, Workers: 6
[38.361s][debug  ][gc,phases      ] GC(136)     Dead                           Min: 0, Avg:  0.0, Max: 0, Diff: 0, Sum: 0, Workers: 6
[38.361s][debug  ][gc,phases      ] GC(136)     Total                          Min: 0, Avg:  0.5, Max: 3, Diff: 3, Sum: 3, Workers: 6
[38.361s][debug  ][gc,phases      ] GC(136)   JVMTI Tag Weak OopStorage      Min:  0.0, Avg:  0.0, Max:  0.0, Diff:  0.0, Sum:  0.0, Workers: 6
[38.361s][debug  ][gc,phases      ] GC(136)     Dead                           Min: 0, Avg:  0.0, Max: 0, Diff: 0, Sum: 0, Workers: 6
[38.361s][debug  ][gc,phases      ] GC(136)     Total                          Min: 0, Avg:  0.0, Max: 0, Diff: 0, Sum: 0, Workers: 6
[38.361s][debug  ][gc,phases      ] GC(136)   StringTable Weak               Min:  0.0, Avg:  0.0, Max:  0.0, Diff:  0.0, Sum:  0.0, Workers: 6
[38.361s][debug  ][gc,phases      ] GC(136)     Dead                           Min: 0, Avg:  0.0, Max: 0, Diff: 0, Sum: 0, Workers: 6
[38.361s][debug  ][gc,phases      ] GC(136)     Total                          Min: 767, Avg: 892.5, Max: 1152, Diff: 385, Sum: 5355, Workers: 6
[38.361s][debug  ][gc,phases      ] GC(136)   ResolvedMethodTable Weak       Min:  0.0, Avg:  0.0, Max:  0.0, Diff:  0.0, Sum:  0.0, Workers: 6
[38.361s][debug  ][gc,phases      ] GC(136)     Dead                           Min: 0, Avg:  0.0, Max: 0, Diff: 0, Sum: 0, Workers: 6
[38.361s][debug  ][gc,phases      ] GC(136)     Total                          Min: 0, Avg: 21.7, Max: 64, Diff: 64, Sum: 130, Workers: 6
[38.361s][debug  ][gc,phases      ] GC(136)   JNI Weak                       Min:  0.0, Avg:  0.0, Max:  0.0, Diff:  0.0, Sum:  0.0, Workers: 6
[38.361s][debug  ][gc,phases      ] GC(136)     Dead                           Min: 0, Avg:  0.0, Max: 0, Diff: 0, Sum: 0, Workers: 6
[38.361s][debug  ][gc,phases      ] GC(136)     Total                          Min: 0, Avg:  0.0, Max: 0, Diff: 0, Sum: 0, Workers: 6
[38.361s][debug  ][gc,phases      ] GC(136)   StringDedup Table Weak         Min:  0.0, Avg:  0.0, Max:  0.0, Diff:  0.0, Sum:  0.0, Workers: 6
[38.361s][debug  ][gc,phases      ] GC(136)     Dead                           Min: 0, Avg:  0.0, Max: 0, Diff: 0, Sum: 0, Workers: 6
[38.361s][debug  ][gc,phases      ] GC(136)     Total                          Min: 0, Avg:  0.0, Max: 0, Diff: 0, Sum: 0, Workers: 6
[38.361s][debug  ][gc,phases      ] GC(136)   StringDedup Requests0 Weak     Min:  0.0, Avg:  0.0, Max:  0.0, Diff:  0.0, Sum:  0.0, Workers: 6
[38.361s][debug  ][gc,phases      ] GC(136)     Dead                           Min: 0, Avg:  0.0, Max: 0, Diff: 0, Sum: 0, Workers: 6
[38.361s][debug  ][gc,phases      ] GC(136)     Total                          Min: 0, Avg:  0.0, Max: 0, Diff: 0, Sum: 0, Workers: 6
[38.361s][debug  ][gc,phases      ] GC(136)   StringDedup Requests1 Weak     Min:  0.0, Avg:  0.0, Max:  0.0, Diff:  0.0, Sum:  0.0, Workers: 6
[38.361s][debug  ][gc,phases      ] GC(136)     Dead                           Min: 0, Avg:  0.0, Max: 0, Diff: 0, Sum: 0, Workers: 6
[38.361s][debug  ][gc,phases      ] GC(136)     Total                          Min: 0, Avg:  0.0, Max: 0, Diff: 0, Sum: 0, Workers: 6
[38.361s][debug  ][gc,phases      ] GC(136)   Weak JFR Old Object Samples    Min:  0.0, Avg:  0.0, Max:  0.0, Diff:  0.0, Sum:  0.0, Workers: 6
[38.361s][debug  ][gc,phases      ] GC(136)     Dead                           Min: 0, Avg:  0.0, Max: 0, Diff: 0, Sum: 0, Workers: 6
[38.361s][debug  ][gc,phases      ] GC(136)     Total                          Min: 0, Avg:  0.0, Max: 0, Diff: 0, Sum: 0, Workers: 6
[38.361s][debug  ][gc,phases      ] GC(136) Weak Processing 0.685ms
[38.361s][debug  ][gc,phases,start] GC(136) Class Unloading
[38.361s][debug  ][gc,phases,start] GC(136) ClassLoaderData
[38.361s][debug  ][gc,phases      ] GC(136) ClassLoaderData 0.020ms
[38.361s][debug  ][gc,phases,start] GC(136) Trigger cleanups
[38.361s][debug  ][gc,phases      ] GC(136) Trigger cleanups 0.019ms
[38.361s][debug  ][gc,phases      ] GC(136) Class Unloading 0.260ms
[38.361s][info   ][gc,phases      ] GC(136) Marking Phase 2.266ms
[38.361s][info   ][gc,phases,start] GC(136) Summary Phase
[38.361s][info   ][gc,phases      ] GC(136) Summary Phase 0.045ms
[38.361s][info   ][gc,phases,start] GC(136) Adjust Roots
[38.362s][info   ][gc,phases      ] GC(136) Adjust Roots 0.160ms
[38.362s][info   ][gc,phases,start] GC(136) Compaction Phase
[38.379s][info   ][gc,phases      ] GC(136) Compaction Phase 16.884ms
[38.379s][info   ][gc,phases,start] GC(136) Post Compact
[38.386s][info   ][gc,phases      ] GC(136) Post Compact 7.067ms
[38.386s][debug  ][gc,ergo        ] GC(136) AdaptiveSizeStart: collection: 137 
[38.386s][debug  ][gc,ergo        ] GC(136) PSAdaptiveSizePolicy::compute_eden_space_size limits: desired_eden_size: 231324256 old_eden_size: 200802304 eden_limit: 201326592 cur_eden: 201326592 max_eden_size: 201326592 avg_young_live: 26869778
[38.386s][debug  ][gc,ergo        ] GC(136) PSAdaptiveSizePolicy::compute_eden_space_size: costs minor_time: 0.051712 major_cost: 0.017881 mutator_cost: 0.930407 throughput_goal: 0.990000
[38.386s][debug  ][gc,ergo        ] GC(136) Live_space: 857742720 free_space: 1948778496
[38.386s][debug  ][gc,ergo        ] GC(136) Old eden_size: 200802304 desired_eden_size: 201326592
[38.386s][debug  ][gc,ergo        ] GC(136) PSAdaptiveSizePolicy::compute_old_gen_free_space: costs minor_time: 0.051712 major_cost: 0.017881  mutator_cost: 0.930407 throughput_goal: 0.990000
[38.386s][debug  ][gc,ergo        ] GC(136) Live_space: 817395072 free_space: 1949302784
[38.386s][debug  ][gc,ergo        ] GC(136) Old promo_size: 1747976192 desired_promo_size: 1838153728
[38.386s][debug  ][gc             ] GC(136) Expanding ParOldGen from 2127360K by 73216K to 2200576K
[38.386s][debug  ][gc,ergo        ] GC(136) AdaptiveSizeStop: collection: 137 
[38.386s][info   ][gc,heap        ] GC(136) PSYoungGen: 30720K(229376K)->0K(229376K) Eden: 0K(196608K)->0K(196608K) From: 30720K(32768K)->0K(32768K)
[38.386s][info   ][gc,heap        ] GC(136) ParOldGen: 1967717K(2127360K)->155235K(2200576K)
[38.386s][info   ][gc,metaspace   ] GC(136) Metaspace: 1022K(1216K)->1022K(1216K) NonClass: 938K(1024K)->938K(1024K) Class: 83K(192K)->83K(192K)
[38.386s][info   ][gc             ] GC(136) Pause Full (Ergonomics) 1951M->151M(2373M) 27.407ms
[38.386s][info   ][gc,cpu         ] GC(136) User=0.16s Sys=0.02s Real=0.03s
[38.387s][debug  ][gc,heap        ] GC(136) Heap after GC invocations=137 (full 17):
[38.387s][debug  ][gc,heap        ] GC(136)  PSYoungGen      total 229376K, used 0K [0x00000007f0000000, 0x0000000800000000, 0x0000000800000000)
[38.387s][debug  ][gc,heap        ] GC(136)   eden space 196608K, 0% used [0x00000007f0000000,0x00000007f0000000,0x00000007fc000000)
[38.387s][debug  ][gc,heap        ] GC(136)   from space 32768K, 0% used [0x00000007fc000000,0x00000007fc000000,0x00000007fe000000)
[38.387s][debug  ][gc,heap        ] GC(136)   to   space 32768K, 0% used [0x00000007fe000000,0x00000007fe000000,0x0000000800000000)
[38.387s][debug  ][gc,heap        ] GC(136)  ParOldGen       total 2200576K, used 155235K [0x0000000740000000, 0x00000007c6500000, 0x00000007f0000000)
[38.387s][debug  ][gc,heap        ] GC(136)   object space 2200576K, 7% used [0x0000000740000000,0x0000000749798ce8,0x00000007c6500000)
[38.387s][debug  ][gc,heap        ] GC(136)  Metaspace       used 1022K, committed 1216K, reserved 1056768K
[38.387s][debug  ][gc,heap        ] GC(136)   class space    used 83K, committed 192K, reserved 1048576K
[38.387s][debug  ][gc,task,time   ] GC(136) VM-Thread 383590891 383616630 383865302
[38.676s][debug  ][gc,heap        ] GC(137) Heap before GC invocations=138 (full 17):
[38.676s][debug  ][gc,heap        ] GC(137)  PSYoungGen      total 229376K, used 188171K [0x00000007f0000000, 0x0000000800000000, 0x0000000800000000)
[38.676s][debug  ][gc,heap        ] GC(137)   eden space 196608K, 95% used [0x00000007f0000000,0x00000007fb7c2f40,0x00000007fc000000)
[38.676s][debug  ][gc,heap        ] GC(137)   from space 32768K, 0% used [0x00000007fc000000,0x00000007fc000000,0x00000007fe000000)
[38.676s][debug  ][gc,heap        ] GC(137)   to   space 32768K, 0% used [0x00000007fe000000,0x00000007fe000000,0x0000000800000000)
[38.676s][debug  ][gc,heap        ] GC(137)  ParOldGen       total 2200576K, used 155235K [0x0000000740000000, 0x00000007c6500000, 0x00000007f0000000)
[38.676s][debug  ][gc,heap        ] GC(137)   object space 2200576K, 7% used [0x0000000740000000,0x0000000749798ce8,0x00000007c6500000)
[38.676s][debug  ][gc,heap        ] GC(137)  Metaspace       used 1022K, committed 1216K, reserved 1056768K
[38.676s][debug  ][gc,heap        ] GC(137)   class space    used 83K, committed 192K, reserved 1048576K
[38.676s][debug  ][gc,tlab        ] GC(137) TLAB totals: thrds: 1  refills: 1 max: 1 slow allocs: 17 max 17 waste: 27.3% gc: 3943968B max: 3943968B slow: 0B max: 0B
[38.676s][info   ][gc,start       ] GC(137) Pause Young (Allocation Failure)
[38.677s][debug  ][gc,phases,start] GC(137) Scavenge
[38.689s][debug  ][gc,phases      ] GC(137) Scavenge 12.629ms
[38.689s][debug  ][gc,phases,start] GC(137) Reference Processing
[38.689s][debug  ][gc,ref         ] GC(137) Skipped phase 1 of Reference Processing: no references
[38.689s][debug  ][gc,ref         ] GC(137) Skipped phase 2 of Reference Processing: no references
[38.689s][debug  ][gc,ref         ] GC(137) Skipped phase 3 of Reference Processing: no references
[38.689s][debug  ][gc,ref         ] GC(137) Skipped phase 4 of Reference Processing: no references
[38.689s][debug  ][gc,phases,ref  ] GC(137) Reference Processing: 0.1ms
[38.689s][debug  ][gc,phases,ref  ] GC(137)   Reconsider SoftReferences: 0.0ms
[38.689s][debug  ][gc,phases,ref  ] GC(137)     SoftRef (ms):                  skipped
[38.689s][debug  ][gc,phases,ref  ] GC(137)   Notify Soft/WeakReferences: 0.0ms
[38.690s][debug  ][gc,phases,ref  ] GC(137)     SoftRef (ms):                  skipped
[38.690s][debug  ][gc,phases,ref  ] GC(137)     WeakRef (ms):                  skipped
[38.690s][debug  ][gc,phases,ref  ] GC(137)     FinalRef (ms):                 skipped
[38.690s][debug  ][gc,phases,ref  ] GC(137)     Total (ms):                    skipped
[38.690s][debug  ][gc,phases,ref  ] GC(137)   Notify and keep alive finalizable: 0.0ms
[38.690s][debug  ][gc,phases,ref  ] GC(137)     FinalRef (ms):                 skipped
[38.690s][debug  ][gc,phases,ref  ] GC(137)   Notify PhantomReferences: 0.0ms
[38.690s][debug  ][gc,phases,ref  ] GC(137)     PhantomRef (ms):               skipped
[38.690s][debug  ][gc,phases,ref  ] GC(137)   SoftReference:
[38.690s][debug  ][gc,phases,ref  ] GC(137)     Discovered: 0
[38.690s][debug  ][gc,phases,ref  ] GC(137)     Cleared: 0
[38.690s][debug  ][gc,phases,ref  ] GC(137)   WeakReference:
[38.690s][debug  ][gc,phases,ref  ] GC(137)     Discovered: 0
[38.690s][debug  ][gc,phases,ref  ] GC(137)     Cleared: 0
[38.690s][debug  ][gc,phases,ref  ] GC(137)   FinalReference:
[38.690s][debug  ][gc,phases,ref  ] GC(137)     Discovered: 0
[38.690s][debug  ][gc,phases,ref  ] GC(137)     Cleared: 0
[38.690s][debug  ][gc,phases,ref  ] GC(137)   PhantomReference:
[38.690s][debug  ][gc,phases,ref  ] GC(137)     Discovered: 0
[38.690s][debug  ][gc,phases,ref  ] GC(137)     Cleared: 0
[38.690s][debug  ][gc,phases      ] GC(137) Reference Processing 0.809ms
[38.690s][debug  ][gc,phases,start] GC(137) Weak Processing
[38.690s][debug  ][gc,phases      ] GC(137)   VM Weak                        Min:  0.0, Avg:  0.0, Max:  0.0, Diff:  0.0, Sum:  0.0, Workers: 6
[38.690s][debug  ][gc,phases      ] GC(137)     Dead                           Min: 0, Avg:  0.0, Max: 0, Diff: 0, Sum: 0, Workers: 6
[38.690s][debug  ][gc,phases      ] GC(137)     Total                          Min: 0, Avg:  1.3, Max: 8, Diff: 8, Sum: 8, Workers: 6
[38.690s][debug  ][gc,phases      ] GC(137)   ObjectSynchronizer Weak        Min:  0.0, Avg:  0.0, Max:  0.0, Diff:  0.0, Sum:  0.0, Workers: 6
[38.690s][debug  ][gc,phases      ] GC(137)     Dead                           Min: 0, Avg:  0.0, Max: 0, Diff: 0, Sum: 0, Workers: 6
[38.690s][debug  ][gc,phases      ] GC(137)     Total                          Min: 0, Avg:  0.5, Max: 3, Diff: 3, Sum: 3, Workers: 6
[38.690s][debug  ][gc,phases      ] GC(137)   JVMTI Tag Weak OopStorage      Min:  0.0, Avg:  0.0, Max:  0.0, Diff:  0.0, Sum:  0.0, Workers: 6
[38.690s][debug  ][gc,phases      ] GC(137)     Dead                           Min: 0, Avg:  0.0, Max: 0, Diff: 0, Sum: 0, Workers: 6
[38.690s][debug  ][gc,phases      ] GC(137)     Total                          Min: 0, Avg:  0.0, Max: 0, Diff: 0, Sum: 0, Workers: 6
[38.690s][debug  ][gc,phases      ] GC(137)   StringTable Weak               Min:  0.0, Avg:  0.0, Max:  0.0, Diff:  0.0, Sum:  0.0, Workers: 6
[38.690s][debug  ][gc,phases      ] GC(137)     Dead                           Min: 0, Avg:  0.0, Max: 0, Diff: 0, Sum: 0, Workers: 6
[38.690s][debug  ][gc,phases      ] GC(137)     Total                          Min: 704, Avg: 892.5, Max: 1152, Diff: 448, Sum: 5355, Workers: 6
[38.690s][debug  ][gc,phases      ] GC(137)   ResolvedMethodTable Weak       Min:  0.0, Avg:  0.0, Max:  0.0, Diff:  0.0, Sum:  0.0, Workers: 6
[38.690s][debug  ][gc,phases      ] GC(137)     Dead                           Min: 0, Avg:  0.0, Max: 0, Diff: 0, Sum: 0, Workers: 6
[38.691s][debug  ][gc,phases      ] GC(137)     Total                          Min: 0, Avg: 21.7, Max: 64, Diff: 64, Sum: 130, Workers: 6
[38.691s][debug  ][gc,phases      ] GC(137)   JNI Weak                       Min:  0.0, Avg:  0.0, Max:  0.0, Diff:  0.0, Sum:  0.0, Workers: 6
[38.691s][debug  ][gc,phases      ] GC(137)     Dead                           Min: 0, Avg:  0.0, Max: 0, Diff: 0, Sum: 0, Workers: 6
[38.691s][debug  ][gc,phases      ] GC(137)     Total                          Min: 0, Avg:  0.0, Max: 0, Diff: 0, Sum: 0, Workers: 6
[38.691s][debug  ][gc,phases      ] GC(137)   StringDedup Table Weak         Min:  0.0, Avg:  0.0, Max:  0.0, Diff:  0.0, Sum:  0.0, Workers: 6
[38.691s][debug  ][gc,phases      ] GC(137)     Dead                           Min: 0, Avg:  0.0, Max: 0, Diff: 0, Sum: 0, Workers: 6
[38.691s][debug  ][gc,phases      ] GC(137)     Total                          Min: 0, Avg:  0.0, Max: 0, Diff: 0, Sum: 0, Workers: 6
[38.691s][debug  ][gc,phases      ] GC(137)   StringDedup Requests0 Weak     Min:  0.0, Avg:  0.0, Max:  0.0, Diff:  0.0, Sum:  0.0, Workers: 6
[38.691s][debug  ][gc,phases      ] GC(137)     Dead                           Min: 0, Avg:  0.0, Max: 0, Diff: 0, Sum: 0, Workers: 6
[38.691s][debug  ][gc,phases      ] GC(137)     Total                          Min: 0, Avg:  0.0, Max: 0, Diff: 0, Sum: 0, Workers: 6
[38.691s][debug  ][gc,phases      ] GC(137)   StringDedup Requests1 Weak     Min:  0.0, Avg:  0.0, Max:  0.0, Diff:  0.0, Sum:  0.0, Workers: 6
[38.691s][debug  ][gc,phases      ] GC(137)     Dead                           Min: 0, Avg:  0.0, Max: 0, Diff: 0, Sum: 0, Workers: 6
[38.691s][debug  ][gc,phases      ] GC(137)     Total                          Min: 0, Avg:  0.0, Max: 0, Diff: 0, Sum: 0, Workers: 6
[38.691s][debug  ][gc,phases      ] GC(137)   Weak JFR Old Object Samples    Min:  0.0, Avg:  0.0, Max:  0.0, Diff:  0.0, Sum:  0.0, Workers: 6
[38.691s][debug  ][gc,phases      ] GC(137)     Dead                           Min: 0, Avg:  0.0, Max: 0, Diff: 0, Sum: 0, Workers: 6
[38.691s][debug  ][gc,phases      ] GC(137)     Total                          Min: 0, Avg:  0.0, Max: 0, Diff: 0, Sum: 0, Workers: 6
[38.691s][debug  ][gc,phases      ] GC(137) Weak Processing 0.828ms
[38.691s][debug  ][gc,ergo        ] GC(137) AdaptiveSizeStart:  collection: 138 
[38.691s][debug  ][gc,ergo        ] GC(137) avg_survived_padded_avg: 33250756.000000
[38.691s][debug  ][gc,ergo        ] GC(137) avg_promoted_padded_avg: 248512928.000000  avg_pretenured_padded_avg: 0.000000  tenuring_thresh: 1  target_size: 33554432
[38.691s][debug  ][gc,age         ] GC(137) Desired survivor size 33554432 bytes, new threshold 1 (max threshold 15)
[38.691s][debug  ][gc,ergo        ] GC(137) PSAdaptiveSizePolicy::compute_eden_space_size limits: desired_eden_size: 230999841 old_eden_size: 201326592 eden_limit: 201326592 cur_eden: 201326592 max_eden_size: 201326592 avg_young_live: 27328532
[38.691s][debug  ][gc,ergo        ] GC(137) PSAdaptiveSizePolicy::compute_eden_space_size: costs minor_time: 0.049602 major_cost: 0.017881 mutator_cost: 0.932517 throughput_goal: 0.990000
[38.691s][debug  ][gc,ergo        ] GC(137) Live_space: 817853824 free_space: 2039480320
[38.691s][debug  ][gc,ergo        ] GC(137) Old eden_size: 201326592 desired_eden_size: 201326592
[38.691s][debug  ][gc,ergo        ] GC(137) AdaptiveSizeStop: collection: 138 
[38.691s][info   ][gc,heap        ] GC(137) PSYoungGen: 188171K(229376K)->30720K(229376K) Eden: 188171K(196608K)->0K(196608K) From: 0K(32768K)->30720K(32768K)
[38.691s][info   ][gc,heap        ] GC(137) ParOldGen: 155235K(2200576K)->308835K(2200576K)
[38.691s][info   ][gc,metaspace   ] GC(137) Metaspace: 1022K(1216K)->1022K(1216K) NonClass: 938K(1024K)->938K(1024K) Class: 83K(192K)->83K(192K)
[38.691s][info   ][gc             ] GC(137) Pause Young (Allocation Failure) 335M->331M(2373M) 14.803ms
[38.691s][info   ][gc,cpu         ] GC(137) User=0.02s Sys=0.00s Real=0.01s
[38.691s][debug  ][gc,heap        ] GC(137) Heap after GC invocations=138 (full 17):
[38.691s][debug  ][gc,heap        ] GC(137)  PSYoungGen      total 229376K, used 30720K [0x00000007f0000000, 0x0000000800000000, 0x0000000800000000)
[38.691s][debug  ][gc,heap        ] GC(137)   eden space 196608K, 0% used [0x00000007f0000000,0x00000007f0000000,0x00000007fc000000)
[38.691s][debug  ][gc,heap        ] GC(137)   from space 32768K, 93% used [0x00000007fe000000,0x00000007ffe00030,0x0000000800000000)
[38.691s][debug  ][gc,heap        ] GC(137)   to   space 32768K, 0% used [0x00000007fc000000,0x00000007fc000000,0x00000007fe000000)
[38.691s][debug  ][gc,heap        ] GC(137)  ParOldGen       total 2200576K, used 308835K [0x0000000740000000, 0x00000007c6500000, 0x00000007f0000000)
[38.691s][debug  ][gc,heap        ] GC(137)   object space 2200576K, 14% used [0x0000000740000000,0x0000000752d98dd8,0x00000007c6500000)
[38.692s][debug  ][gc,heap        ] GC(137)  Metaspace       used 1022K, committed 1216K, reserved 1056768K
[38.692s][debug  ][gc,heap        ] GC(137)   class space    used 83K, committed 192K, reserved 1048576K
[38.692s][debug  ][gc,task,time   ] GC(137) VM-Thread 386760568 386892479 386915617
[38.976s][debug  ][gc,heap        ] GC(138) Heap before GC invocations=139 (full 17):
[38.976s][debug  ][gc,heap        ] GC(138)  PSYoungGen      total 229376K, used 218817K [0x00000007f0000000, 0x0000000800000000, 0x0000000800000000)
[38.976s][debug  ][gc,heap        ] GC(138)   eden space 196608K, 95% used [0x00000007f0000000,0x00000007fb7b03e0,0x00000007fc000000)
[38.976s][debug  ][gc,heap        ] GC(138)   from space 32768K, 93% used [0x00000007fe000000,0x00000007ffe00030,0x0000000800000000)
[38.976s][debug  ][gc,heap        ] GC(138)   to   space 32768K, 0% used [0x00000007fc000000,0x00000007fc000000,0x00000007fe000000)
[38.976s][debug  ][gc,heap        ] GC(138)  ParOldGen       total 2200576K, used 308835K [0x0000000740000000, 0x00000007c6500000, 0x00000007f0000000)
[38.976s][debug  ][gc,heap        ] GC(138)   object space 2200576K, 14% used [0x0000000740000000,0x0000000752d98dd8,0x00000007c6500000)
[38.976s][debug  ][gc,heap        ] GC(138)  Metaspace       used 1022K, committed 1216K, reserved 1056768K
[38.976s][debug  ][gc,heap        ] GC(138)   class space    used 83K, committed 192K, reserved 1048576K
[38.977s][debug  ][gc,tlab        ] GC(138) TLAB totals: thrds: 1  refills: 1 max: 1 slow allocs: 17 max 17 waste: 26.9% gc: 3867328B max: 3867328B slow: 0B max: 0B
[38.977s][info   ][gc,start       ] GC(138) Pause Young (Allocation Failure)
[38.977s][debug  ][gc,phases,start] GC(138) Scavenge
[38.991s][debug  ][gc,phases      ] GC(138) Scavenge 14.679ms
[38.991s][debug  ][gc,phases,start] GC(138) Reference Processing
[38.991s][debug  ][gc,ref         ] GC(138) Skipped phase 1 of Reference Processing: no references
[38.991s][debug  ][gc,ref         ] GC(138) Skipped phase 2 of Reference Processing: no references
[38.991s][debug  ][gc,ref         ] GC(138) Skipped phase 3 of Reference Processing: no references
[38.991s][debug  ][gc,ref         ] GC(138) Skipped phase 4 of Reference Processing: no references
[38.991s][debug  ][gc,phases,ref  ] GC(138) Reference Processing: 0.1ms
[38.992s][debug  ][gc,phases,ref  ] GC(138)   Reconsider SoftReferences: 0.0ms
[38.992s][debug  ][gc,phases,ref  ] GC(138)     SoftRef (ms):                  skipped
[38.992s][debug  ][gc,phases,ref  ] GC(138)   Notify Soft/WeakReferences: 0.0ms
[38.992s][debug  ][gc,phases,ref  ] GC(138)     SoftRef (ms):                  skipped
[38.992s][debug  ][gc,phases,ref  ] GC(138)     WeakRef (ms):                  skipped
[38.992s][debug  ][gc,phases,ref  ] GC(138)     FinalRef (ms):                 skipped
[38.992s][debug  ][gc,phases,ref  ] GC(138)     Total (ms):                    skipped
[38.992s][debug  ][gc,phases,ref  ] GC(138)   Notify and keep alive finalizable: 0.0ms
[38.992s][debug  ][gc,phases,ref  ] GC(138)     FinalRef (ms):                 skipped
[38.992s][debug  ][gc,phases,ref  ] GC(138)   Notify PhantomReferences: 0.0ms
[38.992s][debug  ][gc,phases,ref  ] GC(138)     PhantomRef (ms):               skipped
[38.992s][debug  ][gc,phases,ref  ] GC(138)   SoftReference:
[38.992s][debug  ][gc,phases,ref  ] GC(138)     Discovered: 0
[38.992s][debug  ][gc,phases,ref  ] GC(138)     Cleared: 0
[38.992s][debug  ][gc,phases,ref  ] GC(138)   WeakReference:
[38.992s][debug  ][gc,phases,ref  ] GC(138)     Discovered: 0
[38.992s][debug  ][gc,phases,ref  ] GC(138)     Cleared: 0
[38.992s][debug  ][gc,phases,ref  ] GC(138)   FinalReference:
[38.992s][debug  ][gc,phases,ref  ] GC(138)     Discovered: 0
[38.992s][debug  ][gc,phases,ref  ] GC(138)     Cleared: 0
[38.992s][debug  ][gc,phases,ref  ] GC(138)   PhantomReference:
[38.992s][debug  ][gc,phases,ref  ] GC(138)     Discovered: 0
[38.992s][debug  ][gc,phases,ref  ] GC(138)     Cleared: 0
[38.992s][debug  ][gc,phases      ] GC(138) Reference Processing 0.673ms
[38.992s][debug  ][gc,phases,start] GC(138) Weak Processing
[38.992s][debug  ][gc,phases      ] GC(138)   VM Weak                        Min:  0.0, Avg:  0.0, Max:  0.0, Diff:  0.0, Sum:  0.0, Workers: 6
[38.992s][debug  ][gc,phases      ] GC(138)     Dead                           Min: 0, Avg:  0.0, Max: 0, Diff: 0, Sum: 0, Workers: 6
[38.992s][debug  ][gc,phases      ] GC(138)     Total                          Min: 0, Avg:  1.3, Max: 8, Diff: 8, Sum: 8, Workers: 6
[38.992s][debug  ][gc,phases      ] GC(138)   ObjectSynchronizer Weak        Min:  0.0, Avg:  0.0, Max:  0.0, Diff:  0.0, Sum:  0.0, Workers: 6
[38.992s][debug  ][gc,phases      ] GC(138)     Dead                           Min: 0, Avg:  0.0, Max: 0, Diff: 0, Sum: 0, Workers: 6
[38.992s][debug  ][gc,phases      ] GC(138)     Total                          Min: 0, Avg:  0.5, Max: 3, Diff: 3, Sum: 3, Workers: 6
[38.992s][debug  ][gc,phases      ] GC(138)   JVMTI Tag Weak OopStorage      Min:  0.0, Avg:  0.0, Max:  0.0, Diff:  0.0, Sum:  0.0, Workers: 6
[38.992s][debug  ][gc,phases      ] GC(138)     Dead                           Min: 0, Avg:  0.0, Max: 0, Diff: 0, Sum: 0, Workers: 6
[38.992s][debug  ][gc,phases      ] GC(138)     Total                          Min: 0, Avg:  0.0, Max: 0, Diff: 0, Sum: 0, Workers: 6
[38.992s][debug  ][gc,phases      ] GC(138)   StringTable Weak               Min:  0.0, Avg:  0.0, Max:  0.0, Diff:  0.0, Sum:  0.1, Workers: 6
[38.992s][debug  ][gc,phases      ] GC(138)     Dead                           Min: 0, Avg:  0.0, Max: 0, Diff: 0, Sum: 0, Workers: 6
[38.993s][debug  ][gc,phases      ] GC(138)     Total                          Min: 767, Avg: 892.5, Max: 1216, Diff: 449, Sum: 5355, Workers: 6
[38.993s][debug  ][gc,phases      ] GC(138)   ResolvedMethodTable Weak       Min:  0.0, Avg:  0.0, Max:  0.0, Diff:  0.0, Sum:  0.0, Workers: 6
[38.993s][debug  ][gc,phases      ] GC(138)     Dead                           Min: 0, Avg:  0.0, Max: 0, Diff: 0, Sum: 0, Workers: 6
[38.993s][debug  ][gc,phases      ] GC(138)     Total                          Min: 0, Avg: 21.7, Max: 64, Diff: 64, Sum: 130, Workers: 6
[38.993s][debug  ][gc,phases      ] GC(138)   JNI Weak                       Min:  0.0, Avg:  0.0, Max:  0.0, Diff:  0.0, Sum:  0.0, Workers: 6
[38.993s][debug  ][gc,phases      ] GC(138)     Dead                           Min: 0, Avg:  0.0, Max: 0, Diff: 0, Sum: 0, Workers: 6
[38.993s][debug  ][gc,phases      ] GC(138)     Total                          Min: 0, Avg:  0.0, Max: 0, Diff: 0, Sum: 0, Workers: 6
[38.993s][debug  ][gc,phases      ] GC(138)   StringDedup Table Weak         Min:  0.0, Avg:  0.0, Max:  0.0, Diff:  0.0, Sum:  0.0, Workers: 6
[38.993s][debug  ][gc,phases      ] GC(138)     Dead                           Min: 0, Avg:  0.0, Max: 0, Diff: 0, Sum: 0, Workers: 6
[38.993s][debug  ][gc,phases      ] GC(138)     Total                          Min: 0, Avg:  0.0, Max: 0, Diff: 0, Sum: 0, Workers: 6
[38.993s][debug  ][gc,phases      ] GC(138)   StringDedup Requests0 Weak     Min:  0.0, Avg:  0.0, Max:  0.0, Diff:  0.0, Sum:  0.0, Workers: 6
[38.993s][debug  ][gc,phases      ] GC(138)     Dead                           Min: 0, Avg:  0.0, Max: 0, Diff: 0, Sum: 0, Workers: 6
[38.993s][debug  ][gc,phases      ] GC(138)     Total                          Min: 0, Avg:  0.0, Max: 0, Diff: 0, Sum: 0, Workers: 6
[38.993s][debug  ][gc,phases      ] GC(138)   StringDedup Requests1 Weak     Min:  0.0, Avg:  0.0, Max:  0.0, Diff:  0.0, Sum:  0.0, Workers: 6
[38.993s][debug  ][gc,phases      ] GC(138)     Dead                           Min: 0, Avg:  0.0, Max: 0, Diff: 0, Sum: 0, Workers: 6
[38.993s][debug  ][gc,phases      ] GC(138)     Total                          Min: 0, Avg:  0.0, Max: 0, Diff: 0, Sum: 0, Workers: 6
[38.993s][debug  ][gc,phases      ] GC(138)   Weak JFR Old Object Samples    Min:  0.0, Avg:  0.0, Max:  0.0, Diff:  0.0, Sum:  0.0, Workers: 6
[38.993s][debug  ][gc,phases      ] GC(138)     Dead                           Min: 0, Avg:  0.0, Max: 0, Diff: 0, Sum: 0, Workers: 6
[38.993s][debug  ][gc,phases      ] GC(138)     Total                          Min: 0, Avg:  0.0, Max: 0, Diff: 0, Sum: 0, Workers: 6
[38.993s][debug  ][gc,phases      ] GC(138) Weak Processing 0.955ms
[38.993s][debug  ][gc,ergo        ] GC(138) AdaptiveSizeStart:  collection: 139 
[38.993s][debug  ][gc,ergo        ] GC(138) avg_survived_padded_avg: 33123668.000000
[38.993s][debug  ][gc,ergo        ] GC(138) avg_promoted_padded_avg: 248817520.000000  avg_pretenured_padded_avg: 0.000000  tenuring_thresh: 1  target_size: 33554432
[38.993s][debug  ][gc,age         ] GC(138) Desired survivor size 33554432 bytes, new threshold 1 (max threshold 15)
[38.993s][debug  ][gc,ergo        ] GC(138) PSAdaptiveSizePolicy::compute_eden_space_size limits: desired_eden_size: 231189203 old_eden_size: 201326592 eden_limit: 201326592 cur_eden: 201326592 max_eden_size: 201326592 avg_young_live: 27741410
[38.993s][debug  ][gc,ergo        ] GC(138) PSAdaptiveSizePolicy::compute_eden_space_size: costs minor_time: 0.050818 major_cost: 0.017881 mutator_cost: 0.931301 throughput_goal: 0.990000
[38.993s][debug  ][gc,ergo        ] GC(138) Live_space: 818266752 free_space: 2039480320
[38.993s][debug  ][gc,ergo        ] GC(138) Old eden_size: 201326592 desired_eden_size: 201326592
[38.993s][debug  ][gc,ergo        ] GC(138) AdaptiveSizeStop: collection: 139 
[38.993s][info   ][gc,heap        ] GC(138) PSYoungGen: 218817K(229376K)->30720K(229376K) Eden: 188096K(196608K)->0K(196608K) From: 30720K(32768K)->30720K(32768K)
[38.993s][info   ][gc,heap        ] GC(138) ParOldGen: 308835K(2200576K)->493155K(2200576K)
[38.993s][info   ][gc,metaspace   ] GC(138) Metaspace: 1022K(1216K)->1022K(1216K) NonClass: 938K(1024K)->938K(1024K) Class: 83K(192K)->83K(192K)
[38.993s][info   ][gc             ] GC(138) Pause Young (Allocation Failure) 515M->511M(2373M) 16.876ms
[38.993s][info   ][gc,cpu         ] GC(138) User=0.14s Sys=0.00s Real=0.02s
[38.993s][debug  ][gc,heap        ] GC(138) Heap after GC invocations=139 (full 17):
[38.994s][debug  ][gc,heap        ] GC(138)  PSYoungGen      total 229376K, used 30720K [0x00000007f0000000, 0x0000000800000000, 0x0000000800000000)
[38.994s][debug  ][gc,heap        ] GC(138)   eden space 196608K, 0% used [0x00000007f0000000,0x00000007f0000000,0x00000007fc000000)
[38.994s][debug  ][gc,heap        ] GC(138)   from space 32768K, 93% used [0x00000007fc000000,0x00000007fde00030,0x00000007fe000000)
[38.994s][debug  ][gc,heap        ] GC(138)   to   space 32768K, 0% used [0x00000007fe000000,0x00000007fe000000,0x0000000800000000)
[38.994s][debug  ][gc,heap        ] GC(138)  ParOldGen       total 2200576K, used 493155K [0x0000000740000000, 0x00000007c6500000, 0x00000007f0000000)
[38.994s][debug  ][gc,heap        ] GC(138)   object space 2200576K, 22% used [0x0000000740000000,0x000000075e198ef8,0x00000007c6500000)
[38.994s][debug  ][gc,heap        ] GC(138)  Metaspace       used 1022K, committed 1216K, reserved 1056768K
[38.994s][debug  ][gc,heap        ] GC(138)   class space    used 83K, committed 192K, reserved 1048576K
[38.994s][debug  ][gc,task,time   ] GC(138) VM-Thread 389761459 389913647 389936860
[39.280s][debug  ][gc,heap        ] GC(139) Heap before GC invocations=140 (full 17):
[39.280s][debug  ][gc,heap        ] GC(139)  PSYoungGen      total 229376K, used 218843K [0x00000007f0000000, 0x0000000800000000, 0x0000000800000000)
[39.280s][debug  ][gc,heap        ] GC(139)   eden space 196608K, 95% used [0x00000007f0000000,0x00000007fb7b6f00,0x00000007fc000000)
[39.280s][debug  ][gc,heap        ] GC(139)   from space 32768K, 93% used [0x00000007fc000000,0x00000007fde00030,0x00000007fe000000)
[39.280s][debug  ][gc,heap        ] GC(139)   to   space 32768K, 0% used [0x00000007fe000000,0x00000007fe000000,0x0000000800000000)
[39.280s][debug  ][gc,heap        ] GC(139)  ParOldGen       total 2200576K, used 493155K [0x0000000740000000, 0x00000007c6500000, 0x00000007f0000000)
[39.281s][debug  ][gc,heap        ] GC(139)   object space 2200576K, 22% used [0x0000000740000000,0x000000075e198ef8,0x00000007c6500000)
[39.281s][debug  ][gc,heap        ] GC(139)  Metaspace       used 1022K, committed 1216K, reserved 1056768K
[39.281s][debug  ][gc,heap        ] GC(139)   class space    used 83K, committed 192K, reserved 1048576K
[39.281s][debug  ][gc,tlab        ] GC(139) TLAB totals: thrds: 1  refills: 1 max: 1 slow allocs: 17 max 17 waste: 27.1% gc: 3894752B max: 3894752B slow: 0B max: 0B
[39.281s][info   ][gc,start       ] GC(139) Pause Young (Allocation Failure)
[39.281s][debug  ][gc,phases,start] GC(139) Scavenge
[39.295s][debug  ][gc,phases      ] GC(139) Scavenge 14.568ms
[39.295s][debug  ][gc,phases,start] GC(139) Reference Processing
[39.295s][debug  ][gc,ref         ] GC(139) Skipped phase 1 of Reference Processing: no references
[39.295s][debug  ][gc,ref         ] GC(139) Skipped phase 2 of Reference Processing: no references
[39.295s][debug  ][gc,ref         ] GC(139) Skipped phase 3 of Reference Processing: no references
[39.295s][debug  ][gc,ref         ] GC(139) Skipped phase 4 of Reference Processing: no references
[39.296s][debug  ][gc,phases,ref  ] GC(139) Reference Processing: 0.1ms
[39.296s][debug  ][gc,phases,ref  ] GC(139)   Reconsider SoftReferences: 0.0ms
[39.296s][debug  ][gc,phases,ref  ] GC(139)     SoftRef (ms):                  skipped
[39.296s][debug  ][gc,phases,ref  ] GC(139)   Notify Soft/WeakReferences: 0.0ms
[39.296s][debug  ][gc,phases,ref  ] GC(139)     SoftRef (ms):                  skipped
[39.296s][debug  ][gc,phases,ref  ] GC(139)     WeakRef (ms):                  skipped
[39.296s][debug  ][gc,phases,ref  ] GC(139)     FinalRef (ms):                 skipped
[39.296s][debug  ][gc,phases,ref  ] GC(139)     Total (ms):                    skipped
[39.296s][debug  ][gc,phases,ref  ] GC(139)   Notify and keep alive finalizable: 0.0ms
[39.296s][debug  ][gc,phases,ref  ] GC(139)     FinalRef (ms):                 skipped
[39.296s][debug  ][gc,phases,ref  ] GC(139)   Notify PhantomReferences: 0.0ms
[39.296s][debug  ][gc,phases,ref  ] GC(139)     PhantomRef (ms):               skipped
[39.296s][debug  ][gc,phases,ref  ] GC(139)   SoftReference:
[39.296s][debug  ][gc,phases,ref  ] GC(139)     Discovered: 0
[39.296s][debug  ][gc,phases,ref  ] GC(139)     Cleared: 0
[39.296s][debug  ][gc,phases,ref  ] GC(139)   WeakReference:
[39.296s][debug  ][gc,phases,ref  ] GC(139)     Discovered: 0
[39.296s][debug  ][gc,phases,ref  ] GC(139)     Cleared: 0
[39.296s][debug  ][gc,phases,ref  ] GC(139)   FinalReference:
[39.296s][debug  ][gc,phases,ref  ] GC(139)     Discovered: 0
[39.296s][debug  ][gc,phases,ref  ] GC(139)     Cleared: 0
[39.296s][debug  ][gc,phases,ref  ] GC(139)   PhantomReference:
[39.296s][debug  ][gc,phases,ref  ] GC(139)     Discovered: 0
[39.296s][debug  ][gc,phases,ref  ] GC(139)     Cleared: 0
[39.296s][debug  ][gc,phases      ] GC(139) Reference Processing 0.723ms
[39.296s][debug  ][gc,phases,start] GC(139) Weak Processing
[39.296s][debug  ][gc,phases      ] GC(139)   VM Weak                        Min:  0.0, Avg:  0.0, Max:  0.0, Diff:  0.0, Sum:  0.0, Workers: 6
[39.296s][debug  ][gc,phases      ] GC(139)     Dead                           Min: 0, Avg:  0.0, Max: 0, Diff: 0, Sum: 0, Workers: 6
[39.296s][debug  ][gc,phases      ] GC(139)     Total                          Min: 0, Avg:  1.3, Max: 8, Diff: 8, Sum: 8, Workers: 6
[39.296s][debug  ][gc,phases      ] GC(139)   ObjectSynchronizer Weak        Min:  0.0, Avg:  0.0, Max:  0.0, Diff:  0.0, Sum:  0.0, Workers: 6
[39.296s][debug  ][gc,phases      ] GC(139)     Dead                           Min: 0, Avg:  0.0, Max: 0, Diff: 0, Sum: 0, Workers: 6
[39.296s][debug  ][gc,phases      ] GC(139)     Total                          Min: 0, Avg:  0.5, Max: 3, Diff: 3, Sum: 3, Workers: 6
[39.296s][debug  ][gc,phases      ] GC(139)   JVMTI Tag Weak OopStorage      Min:  0.0, Avg:  0.0, Max:  0.0, Diff:  0.0, Sum:  0.0, Workers: 6
[39.296s][debug  ][gc,phases      ] GC(139)     Dead                           Min: 0, Avg:  0.0, Max: 0, Diff: 0, Sum: 0, Workers: 6
[39.296s][debug  ][gc,phases      ] GC(139)     Total                          Min: 0, Avg:  0.0, Max: 0, Diff: 0, Sum: 0, Workers: 6
[39.296s][debug  ][gc,phases      ] GC(139)   StringTable Weak               Min:  0.0, Avg:  0.0, Max:  0.0, Diff:  0.0, Sum:  0.1, Workers: 6
[39.297s][debug  ][gc,phases      ] GC(139)     Dead                           Min: 0, Avg:  0.0, Max: 0, Diff: 0, Sum: 0, Workers: 6
[39.297s][debug  ][gc,phases      ] GC(139)     Total                          Min: 704, Avg: 892.5, Max: 1088, Diff: 384, Sum: 5355, Workers: 6
[39.297s][debug  ][gc,phases      ] GC(139)   ResolvedMethodTable Weak       Min:  0.0, Avg:  0.0, Max:  0.0, Diff:  0.0, Sum:  0.0, Workers: 6
[39.297s][debug  ][gc,phases      ] GC(139)     Dead                           Min: 0, Avg:  0.0, Max: 0, Diff: 0, Sum: 0, Workers: 6
[39.297s][debug  ][gc,phases      ] GC(139)     Total                          Min: 0, Avg: 21.7, Max: 64, Diff: 64, Sum: 130, Workers: 6
[39.297s][debug  ][gc,phases      ] GC(139)   JNI Weak                       Min:  0.0, Avg:  0.0, Max:  0.0, Diff:  0.0, Sum:  0.0, Workers: 6
[39.297s][debug  ][gc,phases      ] GC(139)     Dead                           Min: 0, Avg:  0.0, Max: 0, Diff: 0, Sum: 0, Workers: 6
[39.297s][debug  ][gc,phases      ] GC(139)     Total                          Min: 0, Avg:  0.0, Max: 0, Diff: 0, Sum: 0, Workers: 6
[39.297s][debug  ][gc,phases      ] GC(139)   StringDedup Table Weak         Min:  0.0, Avg:  0.0, Max:  0.0, Diff:  0.0, Sum:  0.0, Workers: 6
[39.297s][debug  ][gc,phases      ] GC(139)     Dead                           Min: 0, Avg:  0.0, Max: 0, Diff: 0, Sum: 0, Workers: 6
[39.297s][debug  ][gc,phases      ] GC(139)     Total                          Min: 0, Avg:  0.0, Max: 0, Diff: 0, Sum: 0, Workers: 6
[39.297s][debug  ][gc,phases      ] GC(139)   StringDedup Requests0 Weak     Min:  0.0, Avg:  0.0, Max:  0.0, Diff:  0.0, Sum:  0.0, Workers: 6
[39.297s][debug  ][gc,phases      ] GC(139)     Dead                           Min: 0, Avg:  0.0, Max: 0, Diff: 0, Sum: 0, Workers: 6
[39.297s][debug  ][gc,phases      ] GC(139)     Total                          Min: 0, Avg:  0.0, Max: 0, Diff: 0, Sum: 0, Workers: 6
[39.297s][debug  ][gc,phases      ] GC(139)   StringDedup Requests1 Weak     Min:  0.0, Avg:  0.0, Max:  0.0, Diff:  0.0, Sum:  0.0, Workers: 6
[39.297s][debug  ][gc,phases      ] GC(139)     Dead                           Min: 0, Avg:  0.0, Max: 0, Diff: 0, Sum: 0, Workers: 6
[39.297s][debug  ][gc,phases      ] GC(139)     Total                          Min: 0, Avg:  0.0, Max: 0, Diff: 0, Sum: 0, Workers: 6
[39.297s][debug  ][gc,phases      ] GC(139)   Weak JFR Old Object Samples    Min:  0.0, Avg:  0.0, Max:  0.0, Diff:  0.0, Sum:  0.0, Workers: 6
[39.297s][debug  ][gc,phases      ] GC(139)     Dead                           Min: 0, Avg:  0.0, Max: 0, Diff: 0, Sum: 0, Workers: 6
[39.297s][debug  ][gc,phases      ] GC(139)     Total                          Min: 0, Avg:  0.0, Max: 0, Diff: 0, Sum: 0, Workers: 6
[39.297s][debug  ][gc,phases      ] GC(139) Weak Processing 0.919ms
[39.297s][debug  ][gc,ergo        ] GC(139) AdaptiveSizeStart:  collection: 140 
[39.297s][debug  ][gc,ergo        ] GC(139) avg_survived_padded_avg: 33004062.000000
[39.297s][debug  ][gc,ergo        ] GC(139) avg_promoted_padded_avg: 248463488.000000  avg_pretenured_padded_avg: 0.000000  tenuring_thresh: 1  target_size: 33030144
[39.297s][debug  ][gc,age         ] GC(139) Desired survivor size 33030144 bytes, new threshold 1 (max threshold 15)
[39.297s][debug  ][gc,ergo        ] GC(139) PSAdaptiveSizePolicy::compute_eden_space_size limits: desired_eden_size: 231300079 old_eden_size: 201326592 eden_limit: 201326592 cur_eden: 201326592 max_eden_size: 201326592 avg_young_live: 28113000
[39.297s][debug  ][gc,ergo        ] GC(139) PSAdaptiveSizePolicy::compute_eden_space_size: costs minor_time: 0.051551 major_cost: 0.017881 mutator_cost: 0.930568 throughput_goal: 0.990000
[39.297s][debug  ][gc,ergo        ] GC(139) Live_space: 818638336 free_space: 2039480320
[39.297s][debug  ][gc,ergo        ] GC(139) Old eden_size: 201326592 desired_eden_size: 201326592
[39.297s][debug  ][gc,ergo        ] GC(139) AdaptiveSizeStop: collection: 140 
[39.297s][info   ][gc,heap        ] GC(139) PSYoungGen: 218843K(229376K)->30720K(229888K) Eden: 188123K(196608K)->0K(197120K) From: 30720K(32768K)->30720K(32768K)
[39.297s][info   ][gc,heap        ] GC(139) ParOldGen: 493155K(2200576K)->677476K(2200576K)
[39.297s][info   ][gc,metaspace   ] GC(139) Metaspace: 1022K(1216K)->1022K(1216K) NonClass: 938K(1024K)->938K(1024K) Class: 83K(192K)->83K(192K)
[39.297s][info   ][gc             ] GC(139) Pause Young (Allocation Failure) 695M->691M(2373M) 16.692ms
[39.297s][info   ][gc,cpu         ] GC(139) User=0.16s Sys=0.00s Real=0.02s
[39.297s][debug  ][gc,heap        ] GC(139) Heap after GC invocations=140 (full 17):
[39.297s][debug  ][gc,heap        ] GC(139)  PSYoungGen      total 229888K, used 30720K [0x00000007f0000000, 0x0000000800000000, 0x0000000800000000)
[39.297s][debug  ][gc,heap        ] GC(139)   eden space 197120K, 0% used [0x00000007f0000000,0x00000007f0000000,0x00000007fc080000)
[39.298s][debug  ][gc,heap        ] GC(139)   from space 32768K, 93% used [0x00000007fe000000,0x00000007ffe00030,0x0000000800000000)
[39.298s][debug  ][gc,heap        ] GC(139)   to   space 32256K, 0% used [0x00000007fc080000,0x00000007fc080000,0x00000007fe000000)
[39.298s][debug  ][gc,heap        ] GC(139)  ParOldGen       total 2200576K, used 677476K [0x0000000740000000, 0x00000007c6500000, 0x00000007f0000000)
[39.298s][debug  ][gc,heap        ] GC(139)   object space 2200576K, 30% used [0x0000000740000000,0x0000000769599018,0x00000007c6500000)
[39.298s][debug  ][gc,heap        ] GC(139)  Metaspace       used 1022K, committed 1216K, reserved 1056768K
[39.298s][debug  ][gc,heap        ] GC(139)   class space    used 83K, committed 192K, reserved 1048576K
[39.298s][debug  ][gc,task,time   ] GC(139) VM-Thread 392802580 392953761 392976324
[39.582s][debug  ][gc,heap        ] GC(140) Heap before GC invocations=141 (full 17):
[39.582s][debug  ][gc,heap        ] GC(140)  PSYoungGen      total 229888K, used 218870K [0x00000007f0000000, 0x0000000800000000, 0x0000000800000000)
[39.582s][debug  ][gc,heap        ] GC(140)   eden space 197120K, 95% used [0x00000007f0000000,0x00000007fb7bdba8,0x00000007fc080000)
[39.582s][debug  ][gc,heap        ] GC(140)   from space 32768K, 93% used [0x00000007fe000000,0x00000007ffe00030,0x0000000800000000)
[39.582s][debug  ][gc,heap        ] GC(140)   to   space 32256K, 0% used [0x00000007fc080000,0x00000007fc080000,0x00000007fe000000)
[39.582s][debug  ][gc,heap        ] GC(140)  ParOldGen       total 2200576K, used 677476K [0x0000000740000000, 0x00000007c6500000, 0x00000007f0000000)
[39.582s][debug  ][gc,heap        ] GC(140)   object space 2200576K, 30% used [0x0000000740000000,0x0000000769599018,0x00000007c6500000)
[39.582s][debug  ][gc,heap        ] GC(140)  Metaspace       used 1022K, committed 1216K, reserved 1056768K
[39.582s][debug  ][gc,heap        ] GC(140)   class space    used 83K, committed 192K, reserved 1048576K
[39.582s][debug  ][gc,tlab        ] GC(140) TLAB totals: thrds: 1  refills: 1 max: 1 slow allocs: 17 max 17 waste: 27.2% gc: 3922568B max: 3922568B slow: 0B max: 0B
[39.582s][info   ][gc,start       ] GC(140) Pause Young (Allocation Failure)
[39.582s][debug  ][gc,phases,start] GC(140) Scavenge
[39.597s][debug  ][gc,phases      ] GC(140) Scavenge 14.968ms
[39.597s][debug  ][gc,phases,start] GC(140) Reference Processing
[39.597s][debug  ][gc,ref         ] GC(140) Skipped phase 1 of Reference Processing: no references
[39.597s][debug  ][gc,ref         ] GC(140) Skipped phase 2 of Reference Processing: no references
[39.597s][debug  ][gc,ref         ] GC(140) Skipped phase 3 of Reference Processing: no references
[39.597s][debug  ][gc,ref         ] GC(140) Skipped phase 4 of Reference Processing: no references
[39.597s][debug  ][gc,phases,ref  ] GC(140) Reference Processing: 0.1ms
[39.597s][debug  ][gc,phases,ref  ] GC(140)   Reconsider SoftReferences: 0.0ms
[39.597s][debug  ][gc,phases,ref  ] GC(140)     SoftRef (ms):                  skipped
[39.597s][debug  ][gc,phases,ref  ] GC(140)   Notify Soft/WeakReferences: 0.0ms
[39.597s][debug  ][gc,phases,ref  ] GC(140)     SoftRef (ms):                  skipped
[39.597s][debug  ][gc,phases,ref  ] GC(140)     WeakRef (ms):                  skipped
[39.597s][debug  ][gc,phases,ref  ] GC(140)     FinalRef (ms):                 skipped
[39.598s][debug  ][gc,phases,ref  ] GC(140)     Total (ms):                    skipped
[39.598s][debug  ][gc,phases,ref  ] GC(140)   Notify and keep alive finalizable: 0.0ms
[39.598s][debug  ][gc,phases,ref  ] GC(140)     FinalRef (ms):                 skipped
[39.598s][debug  ][gc,phases,ref  ] GC(140)   Notify PhantomReferences: 0.0ms
[39.598s][debug  ][gc,phases,ref  ] GC(140)     PhantomRef (ms):               skipped
[39.598s][debug  ][gc,phases,ref  ] GC(140)   SoftReference:
[39.598s][debug  ][gc,phases,ref  ] GC(140)     Discovered: 0
[39.598s][debug  ][gc,phases,ref  ] GC(140)     Cleared: 0
[39.598s][debug  ][gc,phases,ref  ] GC(140)   WeakReference:
[39.598s][debug  ][gc,phases,ref  ] GC(140)     Discovered: 0
[39.598s][debug  ][gc,phases,ref  ] GC(140)     Cleared: 0
[39.598s][debug  ][gc,phases,ref  ] GC(140)   FinalReference:
[39.598s][debug  ][gc,phases,ref  ] GC(140)     Discovered: 0
[39.598s][debug  ][gc,phases,ref  ] GC(140)     Cleared: 0
[39.598s][debug  ][gc,phases,ref  ] GC(140)   PhantomReference:
[39.598s][debug  ][gc,phases,ref  ] GC(140)     Discovered: 0
[39.598s][debug  ][gc,phases,ref  ] GC(140)     Cleared: 0
[39.598s][debug  ][gc,phases      ] GC(140) Reference Processing 0.671ms
[39.598s][debug  ][gc,phases,start] GC(140) Weak Processing
[39.598s][debug  ][gc,phases      ] GC(140)   VM Weak                        Min:  0.0, Avg:  0.0, Max:  0.0, Diff:  0.0, Sum:  0.0, Workers: 6
[39.598s][debug  ][gc,phases      ] GC(140)     Dead                           Min: 0, Avg:  0.0, Max: 0, Diff: 0, Sum: 0, Workers: 6
[39.598s][debug  ][gc,phases      ] GC(140)     Total                          Min: 0, Avg:  1.3, Max: 8, Diff: 8, Sum: 8, Workers: 6
[39.598s][debug  ][gc,phases      ] GC(140)   ObjectSynchronizer Weak        Min:  0.0, Avg:  0.0, Max:  0.0, Diff:  0.0, Sum:  0.0, Workers: 6
[39.598s][debug  ][gc,phases      ] GC(140)     Dead                           Min: 0, Avg:  0.0, Max: 0, Diff: 0, Sum: 0, Workers: 6
[39.598s][debug  ][gc,phases      ] GC(140)     Total                          Min: 0, Avg:  0.5, Max: 3, Diff: 3, Sum: 3, Workers: 6
[39.598s][debug  ][gc,phases      ] GC(140)   JVMTI Tag Weak OopStorage      Min:  0.0, Avg:  0.0, Max:  0.0, Diff:  0.0, Sum:  0.0, Workers: 6
[39.598s][debug  ][gc,phases      ] GC(140)     Dead                           Min: 0, Avg:  0.0, Max: 0, Diff: 0, Sum: 0, Workers: 6
[39.598s][debug  ][gc,phases      ] GC(140)     Total                          Min: 0, Avg:  0.0, Max: 0, Diff: 0, Sum: 0, Workers: 6
[39.598s][debug  ][gc,phases      ] GC(140)   StringTable Weak               Min:  0.0, Avg:  0.0, Max:  0.0, Diff:  0.0, Sum:  0.0, Workers: 6
[39.598s][debug  ][gc,phases      ] GC(140)     Dead                           Min: 0, Avg:  0.0, Max: 0, Diff: 0, Sum: 0, Workers: 6
[39.598s][debug  ][gc,phases      ] GC(140)     Total                          Min: 704, Avg: 892.5, Max: 1068, Diff: 364, Sum: 5355, Workers: 6
[39.598s][debug  ][gc,phases      ] GC(140)   ResolvedMethodTable Weak       Min:  0.0, Avg:  0.0, Max:  0.0, Diff:  0.0, Sum:  0.0, Workers: 6
[39.598s][debug  ][gc,phases      ] GC(140)     Dead                           Min: 0, Avg:  0.0, Max: 0, Diff: 0, Sum: 0, Workers: 6
[39.598s][debug  ][gc,phases      ] GC(140)     Total                          Min: 0, Avg: 21.7, Max: 64, Diff: 64, Sum: 130, Workers: 6
[39.598s][debug  ][gc,phases      ] GC(140)   JNI Weak                       Min:  0.0, Avg:  0.0, Max:  0.0, Diff:  0.0, Sum:  0.0, Workers: 6
[39.598s][debug  ][gc,phases      ] GC(140)     Dead                           Min: 0, Avg:  0.0, Max: 0, Diff: 0, Sum: 0, Workers: 6
[39.598s][debug  ][gc,phases      ] GC(140)     Total                          Min: 0, Avg:  0.0, Max: 0, Diff: 0, Sum: 0, Workers: 6
[39.598s][debug  ][gc,phases      ] GC(140)   StringDedup Table Weak         Min:  0.0, Avg:  0.0, Max:  0.0, Diff:  0.0, Sum:  0.0, Workers: 6
[39.598s][debug  ][gc,phases      ] GC(140)     Dead                           Min: 0, Avg:  0.0, Max: 0, Diff: 0, Sum: 0, Workers: 6
[39.598s][debug  ][gc,phases      ] GC(140)     Total                          Min: 0, Avg:  0.0, Max: 0, Diff: 0, Sum: 0, Workers: 6
[39.599s][debug  ][gc,phases      ] GC(140)   StringDedup Requests0 Weak     Min:  0.0, Avg:  0.0, Max:  0.0, Diff:  0.0, Sum:  0.0, Workers: 6
[39.599s][debug  ][gc,phases      ] GC(140)     Dead                           Min: 0, Avg:  0.0, Max: 0, Diff: 0, Sum: 0, Workers: 6
[39.599s][debug  ][gc,phases      ] GC(140)     Total                          Min: 0, Avg:  0.0, Max: 0, Diff: 0, Sum: 0, Workers: 6
[39.599s][debug  ][gc,phases      ] GC(140)   StringDedup Requests1 Weak     Min:  0.0, Avg:  0.0, Max:  0.0, Diff:  0.0, Sum:  0.0, Workers: 6
[39.599s][debug  ][gc,phases      ] GC(140)     Dead                           Min: 0, Avg:  0.0, Max: 0, Diff: 0, Sum: 0, Workers: 6
[39.599s][debug  ][gc,phases      ] GC(140)     Total                          Min: 0, Avg:  0.0, Max: 0, Diff: 0, Sum: 0, Workers: 6
[39.599s][debug  ][gc,phases      ] GC(140)   Weak JFR Old Object Samples    Min:  0.0, Avg:  0.0, Max:  0.0, Diff:  0.0, Sum:  0.0, Workers: 6
[39.599s][debug  ][gc,phases      ] GC(140)     Dead                           Min: 0, Avg:  0.0, Max: 0, Diff: 0, Sum: 0, Workers: 6
[39.599s][debug  ][gc,phases      ] GC(140)     Total                          Min: 0, Avg:  0.0, Max: 0, Diff: 0, Sum: 0, Workers: 6
[39.599s][debug  ][gc,phases      ] GC(140) Weak Processing 0.802ms
[39.599s][debug  ][gc,ergo        ] GC(140) AdaptiveSizeStart:  collection: 141 
[39.599s][debug  ][gc,ergo        ] GC(140) avg_survived_padded_avg: 32891712.000000
[39.599s][debug  ][gc,ergo        ] GC(140) avg_promoted_padded_avg: 247579552.000000  avg_pretenured_padded_avg: 0.000000  tenuring_thresh: 1  target_size: 33030144
[39.599s][debug  ][gc,age         ] GC(140) Desired survivor size 33030144 bytes, new threshold 1 (max threshold 15)
[39.599s][debug  ][gc,ergo        ] GC(140) PSAdaptiveSizePolicy::compute_eden_space_size limits: desired_eden_size: 231949833 old_eden_size: 201326592 eden_limit: 201850880 cur_eden: 201850880 max_eden_size: 201850880 avg_young_live: 28447434
[39.599s][debug  ][gc,ergo        ] GC(140) PSAdaptiveSizePolicy::compute_eden_space_size: costs minor_time: 0.052399 major_cost: 0.017881 mutator_cost: 0.929720 throughput_goal: 0.990000
[39.599s][debug  ][gc,ergo        ] GC(140) Live_space: 818972736 free_space: 2039480320
[39.599s][debug  ][gc,ergo        ] GC(140) Old eden_size: 201326592 desired_eden_size: 201850880
[39.599s][debug  ][gc,ergo        ] GC(140) AdaptiveSizeStop: collection: 141 
[39.599s][info   ][gc,heap        ] GC(140) PSYoungGen: 218870K(229888K)->30720K(229376K) Eden: 188150K(197120K)->0K(197120K) From: 30720K(32768K)->30720K(32256K)
[39.599s][info   ][gc,heap        ] GC(140) ParOldGen: 677476K(2200576K)->861796K(2200576K)
[39.599s][info   ][gc,metaspace   ] GC(140) Metaspace: 1022K(1216K)->1022K(1216K) NonClass: 938K(1024K)->938K(1024K) Class: 83K(192K)->83K(192K)
[39.599s][info   ][gc             ] GC(140) Pause Young (Allocation Failure) 875M->871M(2373M) 16.932ms
[39.599s][info   ][gc,cpu         ] GC(140) User=0.00s Sys=0.02s Real=0.02s
[39.599s][debug  ][gc,heap        ] GC(140) Heap after GC invocations=141 (full 17):
[39.599s][debug  ][gc,heap        ] GC(140)  PSYoungGen      total 229376K, used 30720K [0x00000007f0000000, 0x0000000800000000, 0x0000000800000000)
[39.599s][debug  ][gc,heap        ] GC(140)   eden space 197120K, 0% used [0x00000007f0000000,0x00000007f0000000,0x00000007fc080000)
[39.599s][debug  ][gc,heap        ] GC(140)   from space 32256K, 95% used [0x00000007fc080000,0x00000007fde80030,0x00000007fe000000)
[39.599s][debug  ][gc,heap        ] GC(140)   to   space 32256K, 0% used [0x00000007fe080000,0x00000007fe080000,0x0000000800000000)
[39.599s][debug  ][gc,heap        ] GC(140)  ParOldGen       total 2200576K, used 861796K [0x0000000740000000, 0x00000007c6500000, 0x00000007f0000000)
[39.599s][debug  ][gc,heap        ] GC(140)   object space 2200576K, 39% used [0x0000000740000000,0x0000000774999138,0x00000007c6500000)
[39.599s][debug  ][gc,heap        ] GC(140)  Metaspace       used 1022K, committed 1216K, reserved 1056768K
[39.599s][debug  ][gc,heap        ] GC(140)   class space    used 83K, committed 192K, reserved 1048576K
[39.599s][debug  ][gc,task,time   ] GC(140) VM-Thread 395816788 395972086 395994223
[39.882s][debug  ][gc,heap        ] GC(141) Heap before GC invocations=142 (full 17):
[39.882s][debug  ][gc,heap        ] GC(141)  PSYoungGen      total 229376K, used 218881K [0x00000007f0000000, 0x0000000800000000, 0x0000000800000000)
[39.882s][debug  ][gc,heap        ] GC(141)   eden space 197120K, 95% used [0x00000007f0000000,0x00000007fb7c07c0,0x00000007fc080000)
[39.882s][debug  ][gc,heap        ] GC(141)   from space 32256K, 95% used [0x00000007fc080000,0x00000007fde80030,0x00000007fe000000)
[39.882s][debug  ][gc,heap        ] GC(141)   to   space 32256K, 0% used [0x00000007fe080000,0x00000007fe080000,0x0000000800000000)
[39.882s][debug  ][gc,heap        ] GC(141)  ParOldGen       total 2200576K, used 861796K [0x0000000740000000, 0x00000007c6500000, 0x00000007f0000000)
[39.882s][debug  ][gc,heap        ] GC(141)   object space 2200576K, 39% used [0x0000000740000000,0x0000000774999138,0x00000007c6500000)
[39.882s][debug  ][gc,heap        ] GC(141)  Metaspace       used 1022K, committed 1216K, reserved 1056768K
[39.882s][debug  ][gc,heap        ] GC(141)   class space    used 83K, committed 192K, reserved 1048576K
[39.882s][debug  ][gc,tlab        ] GC(141) TLAB totals: thrds: 1  refills: 1 max: 1 slow allocs: 17 max 17 waste: 27.3% gc: 3932792B max: 3932792B slow: 0B max: 0B
[39.882s][info   ][gc,start       ] GC(141) Pause Young (Allocation Failure)
[39.882s][debug  ][gc,phases,start] GC(141) Scavenge
[39.887s][debug  ][gc,phases      ] GC(141) Scavenge 4.412ms
[39.887s][debug  ][gc,phases,start] GC(141) Reference Processing
[39.887s][debug  ][gc,ref         ] GC(141) Skipped phase 1 of Reference Processing: no references
[39.887s][debug  ][gc,ref         ] GC(141) Skipped phase 2 of Reference Processing: no references
[39.887s][debug  ][gc,ref         ] GC(141) Skipped phase 3 of Reference Processing: no references
[39.887s][debug  ][gc,ref         ] GC(141) Skipped phase 4 of Reference Processing: no references
[39.887s][debug  ][gc,phases,ref  ] GC(141) Reference Processing: 0.1ms
[39.887s][debug  ][gc,phases,ref  ] GC(141)   Reconsider SoftReferences: 0.0ms
[39.887s][debug  ][gc,phases,ref  ] GC(141)     SoftRef (ms):                  skipped
[39.887s][debug  ][gc,phases,ref  ] GC(141)   Notify Soft/WeakReferences: 0.0ms
[39.887s][debug  ][gc,phases,ref  ] GC(141)     SoftRef (ms):                  skipped
[39.887s][debug  ][gc,phases,ref  ] GC(141)     WeakRef (ms):                  skipped
[39.887s][debug  ][gc,phases,ref  ] GC(141)     FinalRef (ms):                 skipped
[39.887s][debug  ][gc,phases,ref  ] GC(141)     Total (ms):                    skipped
[39.887s][debug  ][gc,phases,ref  ] GC(141)   Notify and keep alive finalizable: 0.0ms
[39.887s][debug  ][gc,phases,ref  ] GC(141)     FinalRef (ms):                 skipped
[39.887s][debug  ][gc,phases,ref  ] GC(141)   Notify PhantomReferences: 0.0ms
[39.887s][debug  ][gc,phases,ref  ] GC(141)     PhantomRef (ms):               skipped
[39.887s][debug  ][gc,phases,ref  ] GC(141)   SoftReference:
[39.887s][debug  ][gc,phases,ref  ] GC(141)     Discovered: 0
[39.887s][debug  ][gc,phases,ref  ] GC(141)     Cleared: 0
[39.887s][debug  ][gc,phases,ref  ] GC(141)   WeakReference:
[39.887s][debug  ][gc,phases,ref  ] GC(141)     Discovered: 0
[39.887s][debug  ][gc,phases,ref  ] GC(141)     Cleared: 0
[39.887s][debug  ][gc,phases,ref  ] GC(141)   FinalReference:
[39.887s][debug  ][gc,phases,ref  ] GC(141)     Discovered: 0
[39.887s][debug  ][gc,phases,ref  ] GC(141)     Cleared: 0
[39.887s][debug  ][gc,phases,ref  ] GC(141)   PhantomReference:
[39.888s][debug  ][gc,phases,ref  ] GC(141)     Discovered: 0
[39.888s][debug  ][gc,phases,ref  ] GC(141)     Cleared: 0
[39.888s][debug  ][gc,phases      ] GC(141) Reference Processing 0.670ms
[39.888s][debug  ][gc,phases,start] GC(141) Weak Processing
[39.888s][debug  ][gc,phases      ] GC(141)   VM Weak                        Min:  0.0, Avg:  0.0, Max:  0.0, Diff:  0.0, Sum:  0.0, Workers: 6
[39.888s][debug  ][gc,phases      ] GC(141)     Dead                           Min: 0, Avg:  0.0, Max: 0, Diff: 0, Sum: 0, Workers: 6
[39.888s][debug  ][gc,phases      ] GC(141)     Total                          Min: 0, Avg:  1.3, Max: 8, Diff: 8, Sum: 8, Workers: 6
[39.888s][debug  ][gc,phases      ] GC(141)   ObjectSynchronizer Weak        Min:  0.0, Avg:  0.0, Max:  0.0, Diff:  0.0, Sum:  0.0, Workers: 6
[39.888s][debug  ][gc,phases      ] GC(141)     Dead                           Min: 0, Avg:  0.0, Max: 0, Diff: 0, Sum: 0, Workers: 6
[39.888s][debug  ][gc,phases      ] GC(141)     Total                          Min: 0, Avg:  0.5, Max: 3, Diff: 3, Sum: 3, Workers: 6
[39.888s][debug  ][gc,phases      ] GC(141)   JVMTI Tag Weak OopStorage      Min:  0.0, Avg:  0.0, Max:  0.0, Diff:  0.0, Sum:  0.0, Workers: 6
[39.888s][debug  ][gc,phases      ] GC(141)     Dead                           Min: 0, Avg:  0.0, Max: 0, Diff: 0, Sum: 0, Workers: 6
[39.888s][debug  ][gc,phases      ] GC(141)     Total                          Min: 0, Avg:  0.0, Max: 0, Diff: 0, Sum: 0, Workers: 6
[39.888s][debug  ][gc,phases      ] GC(141)   StringTable Weak               Min:  0.0, Avg:  0.0, Max:  0.0, Diff:  0.0, Sum:  0.0, Workers: 6
[39.888s][debug  ][gc,phases      ] GC(141)     Dead                           Min: 0, Avg:  0.0, Max: 0, Diff: 0, Sum: 0, Workers: 6
[39.888s][debug  ][gc,phases      ] GC(141)     Total                          Min: 704, Avg: 892.5, Max: 1152, Diff: 448, Sum: 5355, Workers: 6
[39.888s][debug  ][gc,phases      ] GC(141)   ResolvedMethodTable Weak       Min:  0.0, Avg:  0.0, Max:  0.0, Diff:  0.0, Sum:  0.0, Workers: 6
[39.888s][debug  ][gc,phases      ] GC(141)     Dead                           Min: 0, Avg:  0.0, Max: 0, Diff: 0, Sum: 0, Workers: 6
[39.888s][debug  ][gc,phases      ] GC(141)     Total                          Min: 0, Avg: 21.7, Max: 64, Diff: 64, Sum: 130, Workers: 6
[39.888s][debug  ][gc,phases      ] GC(141)   JNI Weak                       Min:  0.0, Avg:  0.0, Max:  0.0, Diff:  0.0, Sum:  0.0, Workers: 6
[39.888s][debug  ][gc,phases      ] GC(141)     Dead                           Min: 0, Avg:  0.0, Max: 0, Diff: 0, Sum: 0, Workers: 6
[39.888s][debug  ][gc,phases      ] GC(141)     Total                          Min: 0, Avg:  0.0, Max: 0, Diff: 0, Sum: 0, Workers: 6
[39.888s][debug  ][gc,phases      ] GC(141)   StringDedup Table Weak         Min:  0.0, Avg:  0.0, Max:  0.0, Diff:  0.0, Sum:  0.0, Workers: 6
[39.888s][debug  ][gc,phases      ] GC(141)     Dead                           Min: 0, Avg:  0.0, Max: 0, Diff: 0, Sum: 0, Workers: 6
[39.888s][debug  ][gc,phases      ] GC(141)     Total                          Min: 0, Avg:  0.0, Max: 0, Diff: 0, Sum: 0, Workers: 6
[39.888s][debug  ][gc,phases      ] GC(141)   StringDedup Requests0 Weak     Min:  0.0, Avg:  0.0, Max:  0.0, Diff:  0.0, Sum:  0.0, Workers: 6
[39.888s][debug  ][gc,phases      ] GC(141)     Dead                           Min: 0, Avg:  0.0, Max: 0, Diff: 0, Sum: 0, Workers: 6
[39.889s][debug  ][gc,phases      ] GC(141)     Total                          Min: 0, Avg:  0.0, Max: 0, Diff: 0, Sum: 0, Workers: 6
[39.889s][debug  ][gc,phases      ] GC(141)   StringDedup Requests1 Weak     Min:  0.0, Avg:  0.0, Max:  0.0, Diff:  0.0, Sum:  0.0, Workers: 6
[39.889s][debug  ][gc,phases      ] GC(141)     Dead                           Min: 0, Avg:  0.0, Max: 0, Diff: 0, Sum: 0, Workers: 6
[39.889s][debug  ][gc,phases      ] GC(141)     Total                          Min: 0, Avg:  0.0, Max: 0, Diff: 0, Sum: 0, Workers: 6
[39.889s][debug  ][gc,phases      ] GC(141)   Weak JFR Old Object Samples    Min:  0.0, Avg:  0.0, Max:  0.0, Diff:  0.0, Sum:  0.0, Workers: 6
[39.889s][debug  ][gc,phases      ] GC(141)     Dead                           Min: 0, Avg:  0.0, Max: 0, Diff: 0, Sum: 0, Workers: 6
[39.889s][debug  ][gc,phases      ] GC(141)     Total                          Min: 0, Avg:  0.0, Max: 0, Diff: 0, Sum: 0, Workers: 6
[39.889s][debug  ][gc,phases      ] GC(141) Weak Processing 1.153ms
[39.889s][debug  ][gc,ergo        ] GC(141) AdaptiveSizeStart:  collection: 142 
[39.889s][debug  ][gc,ergo        ] GC(141) avg_survived_padded_avg: 32786368.000000
[39.889s][debug  ][gc,ergo        ] GC(141) avg_promoted_padded_avg: 265638096.000000  avg_pretenured_padded_avg: 0.000000  tenuring_thresh: 1  target_size: 33030144
[39.889s][debug  ][gc,age         ] GC(141) Desired survivor size 33030144 bytes, new threshold 1 (max threshold 15)
[39.889s][debug  ][gc,ergo        ] GC(141) PSAdaptiveSizePolicy::compute_eden_space_size limits: desired_eden_size: 230714509 old_eden_size: 201850880 eden_limit: 202375168 cur_eden: 201850880 max_eden_size: 202375168 avg_young_live: 28748422
[39.889s][debug  ][gc,ergo        ] GC(141) PSAdaptiveSizePolicy::compute_eden_space_size: costs minor_time: 0.044854 major_cost: 0.017881 mutator_cost: 0.937265 throughput_goal: 0.990000
[39.889s][debug  ][gc,ergo        ] GC(141) Live_space: 819273728 free_space: 2040004608
[39.889s][debug  ][gc,ergo        ] GC(141) Old eden_size: 201850880 desired_eden_size: 202375168
[39.889s][debug  ][gc,ergo        ] GC(141) AdaptiveSizeStop: collection: 142 
[39.889s][info   ][gc,heap        ] GC(141) PSYoungGen: 218881K(229376K)->30720K(229888K) Eden: 188161K(197120K)->0K(197632K) From: 30720K(32256K)->30720K(32256K)
[39.889s][info   ][gc,heap        ] GC(141) ParOldGen: 861796K(2200576K)->882276K(2200576K)
[39.889s][info   ][gc,metaspace   ] GC(141) Metaspace: 1022K(1216K)->1022K(1216K) NonClass: 938K(1024K)->938K(1024K) Class: 83K(192K)->83K(192K)
[39.889s][info   ][gc             ] GC(141) Pause Young (Allocation Failure) 1055M->891M(2373M) 6.938ms
[39.889s][info   ][gc,cpu         ] GC(141) User=0.00s Sys=0.00s Real=0.01s
[39.889s][debug  ][gc,heap        ] GC(141) Heap after GC invocations=142 (full 17):
[39.889s][debug  ][gc,heap        ] GC(141)  PSYoungGen      total 229888K, used 30720K [0x00000007f0000000, 0x0000000800000000, 0x0000000800000000)
[39.889s][debug  ][gc,heap        ] GC(141)   eden space 197632K, 0% used [0x00000007f0000000,0x00000007f0000000,0x00000007fc100000)
[39.889s][debug  ][gc,heap        ] GC(141)   from space 32256K, 95% used [0x00000007fe080000,0x00000007ffe80030,0x0000000800000000)
[39.889s][debug  ][gc,heap        ] GC(141)   to   space 32256K, 0% used [0x00000007fc100000,0x00000007fc100000,0x00000007fe080000)
[39.889s][debug  ][gc,heap        ] GC(141)  ParOldGen       total 2200576K, used 882276K [0x0000000740000000, 0x00000007c6500000, 0x00000007f0000000)
[39.889s][debug  ][gc,heap        ] GC(141)   object space 2200576K, 40% used [0x0000000740000000,0x0000000775d99158,0x00000007c6500000)
[39.890s][debug  ][gc,heap        ] GC(141)  Metaspace       used 1022K, committed 1216K, reserved 1056768K
[39.890s][debug  ][gc,heap        ] GC(141)   class space    used 83K, committed 192K, reserved 1048576K
[39.890s][debug  ][gc,task,time   ] GC(141) VM-Thread 398818802 398868844 398895577
[40.182s][debug  ][gc,heap        ] GC(142) Heap before GC invocations=143 (full 17):
[40.182s][debug  ][gc,heap        ] GC(142)  PSYoungGen      total 229888K, used 218899K [0x00000007f0000000, 0x0000000800000000, 0x0000000800000000)
[40.182s][debug  ][gc,heap        ] GC(142)   eden space 197632K, 95% used [0x00000007f0000000,0x00000007fb7c4c18,0x00000007fc100000)
[40.182s][debug  ][gc,heap        ] GC(142)   from space 32256K, 95% used [0x00000007fe080000,0x00000007ffe80030,0x0000000800000000)
[40.182s][debug  ][gc,heap        ] GC(142)   to   space 32256K, 0% used [0x00000007fc100000,0x00000007fc100000,0x00000007fe080000)
[40.182s][debug  ][gc,heap        ] GC(142)  ParOldGen       total 2200576K, used 882276K [0x0000000740000000, 0x00000007c6500000, 0x00000007f0000000)
[40.182s][debug  ][gc,heap        ] GC(142)   object space 2200576K, 40% used [0x0000000740000000,0x0000000775d99158,0x00000007c6500000)
[40.182s][debug  ][gc,heap        ] GC(142)  Metaspace       used 1022K, committed 1216K, reserved 1056768K
[40.182s][debug  ][gc,heap        ] GC(142)   class space    used 83K, committed 192K, reserved 1048576K
[40.182s][debug  ][gc,tlab        ] GC(142) TLAB totals: thrds: 1  refills: 1 max: 1 slow allocs: 17 max 17 waste: 27.4% gc: 3951352B max: 3951352B slow: 0B max: 0B
[40.182s][info   ][gc,start       ] GC(142) Pause Young (Allocation Failure)
[40.182s][debug  ][gc,phases,start] GC(142) Scavenge
[40.197s][debug  ][gc,phases      ] GC(142) Scavenge 14.665ms
[40.197s][debug  ][gc,phases,start] GC(142) Reference Processing
[40.197s][debug  ][gc,ref         ] GC(142) Skipped phase 1 of Reference Processing: no references
[40.197s][debug  ][gc,ref         ] GC(142) Skipped phase 2 of Reference Processing: no references
[40.197s][debug  ][gc,ref         ] GC(142) Skipped phase 3 of Reference Processing: no references
[40.197s][debug  ][gc,ref         ] GC(142) Skipped phase 4 of Reference Processing: no references
[40.197s][debug  ][gc,phases,ref  ] GC(142) Reference Processing: 0.1ms
[40.197s][debug  ][gc,phases,ref  ] GC(142)   Reconsider SoftReferences: 0.0ms
[40.197s][debug  ][gc,phases,ref  ] GC(142)     SoftRef (ms):                  skipped
[40.197s][debug  ][gc,phases,ref  ] GC(142)   Notify Soft/WeakReferences: 0.0ms
[40.197s][debug  ][gc,phases,ref  ] GC(142)     SoftRef (ms):                  skipped
[40.197s][debug  ][gc,phases,ref  ] GC(142)     WeakRef (ms):                  skipped
[40.197s][debug  ][gc,phases,ref  ] GC(142)     FinalRef (ms):                 skipped
[40.197s][debug  ][gc,phases,ref  ] GC(142)     Total (ms):                    skipped
[40.197s][debug  ][gc,phases,ref  ] GC(142)   Notify and keep alive finalizable: 0.0ms
[40.197s][debug  ][gc,phases,ref  ] GC(142)     FinalRef (ms):                 skipped
[40.197s][debug  ][gc,phases,ref  ] GC(142)   Notify PhantomReferences: 0.0ms
[40.197s][debug  ][gc,phases,ref  ] GC(142)     PhantomRef (ms):               skipped
[40.197s][debug  ][gc,phases,ref  ] GC(142)   SoftReference:
[40.197s][debug  ][gc,phases,ref  ] GC(142)     Discovered: 0
[40.198s][debug  ][gc,phases,ref  ] GC(142)     Cleared: 0
[40.198s][debug  ][gc,phases,ref  ] GC(142)   WeakReference:
[40.198s][debug  ][gc,phases,ref  ] GC(142)     Discovered: 0
[40.198s][debug  ][gc,phases,ref  ] GC(142)     Cleared: 0
[40.198s][debug  ][gc,phases,ref  ] GC(142)   FinalReference:
[40.198s][debug  ][gc,phases,ref  ] GC(142)     Discovered: 0
[40.198s][debug  ][gc,phases,ref  ] GC(142)     Cleared: 0
[40.198s][debug  ][gc,phases,ref  ] GC(142)   PhantomReference:
[40.198s][debug  ][gc,phases,ref  ] GC(142)     Discovered: 0
[40.198s][debug  ][gc,phases,ref  ] GC(142)     Cleared: 0
[40.198s][debug  ][gc,phases      ] GC(142) Reference Processing 0.817ms
[40.198s][debug  ][gc,phases,start] GC(142) Weak Processing
[40.198s][debug  ][gc,phases      ] GC(142)   VM Weak                        Min:  0.0, Avg:  0.0, Max:  0.0, Diff:  0.0, Sum:  0.0, Workers: 6
[40.198s][debug  ][gc,phases      ] GC(142)     Dead                           Min: 0, Avg:  0.0, Max: 0, Diff: 0, Sum: 0, Workers: 6
[40.198s][debug  ][gc,phases      ] GC(142)     Total                          Min: 0, Avg:  1.3, Max: 8, Diff: 8, Sum: 8, Workers: 6
[40.198s][debug  ][gc,phases      ] GC(142)   ObjectSynchronizer Weak        Min:  0.0, Avg:  0.0, Max:  0.0, Diff:  0.0, Sum:  0.0, Workers: 6
[40.198s][debug  ][gc,phases      ] GC(142)     Dead                           Min: 0, Avg:  0.0, Max: 0, Diff: 0, Sum: 0, Workers: 6
[40.198s][debug  ][gc,phases      ] GC(142)     Total                          Min: 0, Avg:  0.5, Max: 3, Diff: 3, Sum: 3, Workers: 6
[40.198s][debug  ][gc,phases      ] GC(142)   JVMTI Tag Weak OopStorage      Min:  0.0, Avg:  0.0, Max:  0.0, Diff:  0.0, Sum:  0.0, Workers: 6
[40.198s][debug  ][gc,phases      ] GC(142)     Dead                           Min: 0, Avg:  0.0, Max: 0, Diff: 0, Sum: 0, Workers: 6
[40.198s][debug  ][gc,phases      ] GC(142)     Total                          Min: 0, Avg:  0.0, Max: 0, Diff: 0, Sum: 0, Workers: 6
[40.198s][debug  ][gc,phases      ] GC(142)   StringTable Weak               Min:  0.0, Avg:  0.0, Max:  0.0, Diff:  0.0, Sum:  0.0, Workers: 6
[40.198s][debug  ][gc,phases      ] GC(142)     Dead                           Min: 0, Avg:  0.0, Max: 0, Diff: 0, Sum: 0, Workers: 6
[40.198s][debug  ][gc,phases      ] GC(142)     Total                          Min: 767, Avg: 892.5, Max: 1088, Diff: 321, Sum: 5355, Workers: 6
[40.198s][debug  ][gc,phases      ] GC(142)   ResolvedMethodTable Weak       Min:  0.0, Avg:  0.0, Max:  0.0, Diff:  0.0, Sum:  0.0, Workers: 6
[40.198s][debug  ][gc,phases      ] GC(142)     Dead                           Min: 0, Avg:  0.0, Max: 0, Diff: 0, Sum: 0, Workers: 6
[40.198s][debug  ][gc,phases      ] GC(142)     Total                          Min: 0, Avg: 21.7, Max: 64, Diff: 64, Sum: 130, Workers: 6
[40.198s][debug  ][gc,phases      ] GC(142)   JNI Weak                       Min:  0.0, Avg:  0.0, Max:  0.0, Diff:  0.0, Sum:  0.0, Workers: 6
[40.198s][debug  ][gc,phases      ] GC(142)     Dead                           Min: 0, Avg:  0.0, Max: 0, Diff: 0, Sum: 0, Workers: 6
[40.198s][debug  ][gc,phases      ] GC(142)     Total                          Min: 0, Avg:  0.0, Max: 0, Diff: 0, Sum: 0, Workers: 6
[40.198s][debug  ][gc,phases      ] GC(142)   StringDedup Table Weak         Min:  0.0, Avg:  0.0, Max:  0.0, Diff:  0.0, Sum:  0.0, Workers: 6
[40.198s][debug  ][gc,phases      ] GC(142)     Dead                           Min: 0, Avg:  0.0, Max: 0, Diff: 0, Sum: 0, Workers: 6
[40.198s][debug  ][gc,phases      ] GC(142)     Total                          Min: 0, Avg:  0.0, Max: 0, Diff: 0, Sum: 0, Workers: 6
[40.198s][debug  ][gc,phases      ] GC(142)   StringDedup Requests0 Weak     Min:  0.0, Avg:  0.0, Max:  0.0, Diff:  0.0, Sum:  0.0, Workers: 6
[40.198s][debug  ][gc,phases      ] GC(142)     Dead                           Min: 0, Avg:  0.0, Max: 0, Diff: 0, Sum: 0, Workers: 6
[40.198s][debug  ][gc,phases      ] GC(142)     Total                          Min: 0, Avg:  0.0, Max: 0, Diff: 0, Sum: 0, Workers: 6
[40.198s][debug  ][gc,phases      ] GC(142)   StringDedup Requests1 Weak     Min:  0.0, Avg:  0.0, Max:  0.0, Diff:  0.0, Sum:  0.0, Workers: 6
[40.198s][debug  ][gc,phases      ] GC(142)     Dead                           Min: 0, Avg:  0.0, Max: 0, Diff: 0, Sum: 0, Workers: 6
[40.198s][debug  ][gc,phases      ] GC(142)     Total                          Min: 0, Avg:  0.0, Max: 0, Diff: 0, Sum: 0, Workers: 6
[40.198s][debug  ][gc,phases      ] GC(142)   Weak JFR Old Object Samples    Min:  0.0, Avg:  0.0, Max:  0.0, Diff:  0.0, Sum:  0.0, Workers: 6
[40.199s][debug  ][gc,phases      ] GC(142)     Dead                           Min: 0, Avg:  0.0, Max: 0, Diff: 0, Sum: 0, Workers: 6
[40.199s][debug  ][gc,phases      ] GC(142)     Total                          Min: 0, Avg:  0.0, Max: 0, Diff: 0, Sum: 0, Workers: 6
[40.199s][debug  ][gc,phases      ] GC(142) Weak Processing 0.793ms
[40.199s][debug  ][gc,ergo        ] GC(142) AdaptiveSizeStart:  collection: 143 
[40.199s][debug  ][gc,ergo        ] GC(142) avg_survived_padded_avg: 32687746.000000
[40.199s][debug  ][gc,ergo        ] GC(142) avg_promoted_padded_avg: 266599824.000000  avg_pretenured_padded_avg: 0.000000  tenuring_thresh: 1  target_size: 33030144
[40.199s][debug  ][gc,age         ] GC(142) Desired survivor size 33030144 bytes, new threshold 1 (max threshold 15)
[40.199s][debug  ][gc,ergo        ] GC(142) PSAdaptiveSizePolicy::compute_eden_space_size limits: desired_eden_size: 231979549 old_eden_size: 202375168 eden_limit: 202375168 cur_eden: 202375168 max_eden_size: 202375168 avg_young_live: 29019312
[40.199s][debug  ][gc,ergo        ] GC(142) PSAdaptiveSizePolicy::compute_eden_space_size: costs minor_time: 0.046887 major_cost: 0.017881 mutator_cost: 0.935232 throughput_goal: 0.990000
[40.199s][debug  ][gc,ergo        ] GC(142) Live_space: 819544640 free_space: 2040528896
[40.199s][debug  ][gc,ergo        ] GC(142) Old eden_size: 202375168 desired_eden_size: 202375168
[40.199s][debug  ][gc,ergo        ] GC(142) AdaptiveSizeStop: collection: 143 
[40.199s][info   ][gc,heap        ] GC(142) PSYoungGen: 218899K(229888K)->30720K(229888K) Eden: 188179K(197632K)->0K(197632K) From: 30720K(32256K)->30720K(32256K)
[40.199s][info   ][gc,heap        ] GC(142) ParOldGen: 882276K(2200576K)->1066596K(2200576K)
[40.199s][info   ][gc,metaspace   ] GC(142) Metaspace: 1022K(1216K)->1022K(1216K) NonClass: 938K(1024K)->938K(1024K) Class: 83K(192K)->83K(192K)
[40.199s][info   ][gc             ] GC(142) Pause Young (Allocation Failure) 1075M->1071M(2373M) 16.808ms
[40.199s][info   ][gc,cpu         ] GC(142) User=0.16s Sys=0.00s Real=0.02s
[40.199s][debug  ][gc,heap        ] GC(142) Heap after GC invocations=143 (full 17):
[40.199s][debug  ][gc,heap        ] GC(142)  PSYoungGen      total 229888K, used 30720K [0x00000007f0000000, 0x0000000800000000, 0x0000000800000000)
[40.199s][debug  ][gc,heap        ] GC(142)   eden space 197632K, 0% used [0x00000007f0000000,0x00000007f0000000,0x00000007fc100000)
[40.199s][debug  ][gc,heap        ] GC(142)   from space 32256K, 95% used [0x00000007fc100000,0x00000007fdf00030,0x00000007fe080000)
[40.199s][debug  ][gc,heap        ] GC(142)   to   space 32256K, 0% used [0x00000007fe080000,0x00000007fe080000,0x0000000800000000)
[40.199s][debug  ][gc,heap        ] GC(142)  ParOldGen       total 2200576K, used 1066596K [0x0000000740000000, 0x00000007c6500000, 0x00000007f0000000)
[40.199s][debug  ][gc,heap        ] GC(142)   object space 2200576K, 48% used [0x0000000740000000,0x0000000781199278,0x00000007c6500000)
[40.199s][debug  ][gc,heap        ] GC(142)  Metaspace       used 1022K, committed 1216K, reserved 1056768K
[40.199s][debug  ][gc,heap        ] GC(142)   class space    used 83K, committed 192K, reserved 1048576K
[40.199s][debug  ][gc,task,time   ] GC(142) VM-Thread 401816044 401969235 401991614
[40.483s][debug  ][gc,heap        ] GC(143) Heap before GC invocations=144 (full 17):
[40.483s][debug  ][gc,heap        ] GC(143)  PSYoungGen      total 229888K, used 218903K [0x00000007f0000000, 0x0000000800000000, 0x0000000800000000)
[40.483s][debug  ][gc,heap        ] GC(143)   eden space 197632K, 95% used [0x00000007f0000000,0x00000007fb7c5e18,0x00000007fc100000)
[40.483s][debug  ][gc,heap        ] GC(143)   from space 32256K, 95% used [0x00000007fc100000,0x00000007fdf00030,0x00000007fe080000)
[40.483s][debug  ][gc,heap        ] GC(143)   to   space 32256K, 0% used [0x00000007fe080000,0x00000007fe080000,0x0000000800000000)
[40.483s][debug  ][gc,heap        ] GC(143)  ParOldGen       total 2200576K, used 1066596K [0x0000000740000000, 0x00000007c6500000, 0x00000007f0000000)
[40.483s][debug  ][gc,heap        ] GC(143)   object space 2200576K, 48% used [0x0000000740000000,0x0000000781199278,0x00000007c6500000)
[40.484s][debug  ][gc,heap        ] GC(143)  Metaspace       used 1022K, committed 1216K, reserved 1056768K
[40.484s][debug  ][gc,heap        ] GC(143)   class space    used 83K, committed 192K, reserved 1048576K
[40.484s][debug  ][gc,tlab        ] GC(143) TLAB totals: thrds: 1  refills: 1 max: 1 slow allocs: 17 max 17 waste: 27.4% gc: 3955960B max: 3955960B slow: 0B max: 0B
[40.484s][info   ][gc,start       ] GC(143) Pause Young (Allocation Failure)
[40.484s][debug  ][gc,phases,start] GC(143) Scavenge
[40.499s][debug  ][gc,phases      ] GC(143) Scavenge 14.842ms
[40.499s][debug  ][gc,phases,start] GC(143) Reference Processing
[40.499s][debug  ][gc,ref         ] GC(143) Skipped phase 1 of Reference Processing: no references
[40.499s][debug  ][gc,ref         ] GC(143) Skipped phase 2 of Reference Processing: no references
[40.499s][debug  ][gc,ref         ] GC(143) Skipped phase 3 of Reference Processing: no references
[40.499s][debug  ][gc,ref         ] GC(143) Skipped phase 4 of Reference Processing: no references
[40.499s][debug  ][gc,phases,ref  ] GC(143) Reference Processing: 0.1ms
[40.499s][debug  ][gc,phases,ref  ] GC(143)   Reconsider SoftReferences: 0.0ms
[40.499s][debug  ][gc,phases,ref  ] GC(143)     SoftRef (ms):                  skipped
[40.499s][debug  ][gc,phases,ref  ] GC(143)   Notify Soft/WeakReferences: 0.0ms
[40.499s][debug  ][gc,phases,ref  ] GC(143)     SoftRef (ms):                  skipped
[40.499s][debug  ][gc,phases,ref  ] GC(143)     WeakRef (ms):                  skipped
[40.499s][debug  ][gc,phases,ref  ] GC(143)     FinalRef (ms):                 skipped
[40.499s][debug  ][gc,phases,ref  ] GC(143)     Total (ms):                    skipped
[40.499s][debug  ][gc,phases,ref  ] GC(143)   Notify and keep alive finalizable: 0.0ms
[40.499s][debug  ][gc,phases,ref  ] GC(143)     FinalRef (ms):                 skipped
[40.499s][debug  ][gc,phases,ref  ] GC(143)   Notify PhantomReferences: 0.0ms
[40.499s][debug  ][gc,phases,ref  ] GC(143)     PhantomRef (ms):               skipped
[40.499s][debug  ][gc,phases,ref  ] GC(143)   SoftReference:
[40.499s][debug  ][gc,phases,ref  ] GC(143)     Discovered: 0
[40.499s][debug  ][gc,phases,ref  ] GC(143)     Cleared: 0
[40.499s][debug  ][gc,phases,ref  ] GC(143)   WeakReference:
[40.499s][debug  ][gc,phases,ref  ] GC(143)     Discovered: 0
[40.499s][debug  ][gc,phases,ref  ] GC(143)     Cleared: 0
[40.499s][debug  ][gc,phases,ref  ] GC(143)   FinalReference:
[40.499s][debug  ][gc,phases,ref  ] GC(143)     Discovered: 0
[40.499s][debug  ][gc,phases,ref  ] GC(143)     Cleared: 0
[40.499s][debug  ][gc,phases,ref  ] GC(143)   PhantomReference:
[40.499s][debug  ][gc,phases,ref  ] GC(143)     Discovered: 0
[40.499s][debug  ][gc,phases,ref  ] GC(143)     Cleared: 0
[40.499s][debug  ][gc,phases      ] GC(143) Reference Processing 0.778ms
[40.499s][debug  ][gc,phases,start] GC(143) Weak Processing
[40.499s][debug  ][gc,phases      ] GC(143)   VM Weak                        Min:  0.0, Avg:  0.0, Max:  0.0, Diff:  0.0, Sum:  0.0, Workers: 6
[40.499s][debug  ][gc,phases      ] GC(143)     Dead                           Min: 0, Avg:  0.0, Max: 0, Diff: 0, Sum: 0, Workers: 6
[40.500s][debug  ][gc,phases      ] GC(143)     Total                          Min: 0, Avg:  1.3, Max: 8, Diff: 8, Sum: 8, Workers: 6
[40.500s][debug  ][gc,phases      ] GC(143)   ObjectSynchronizer Weak        Min:  0.0, Avg:  0.0, Max:  0.0, Diff:  0.0, Sum:  0.0, Workers: 6
[40.500s][debug  ][gc,phases      ] GC(143)     Dead                           Min: 0, Avg:  0.0, Max: 0, Diff: 0, Sum: 0, Workers: 6
[40.500s][debug  ][gc,phases      ] GC(143)     Total                          Min: 0, Avg:  0.5, Max: 3, Diff: 3, Sum: 3, Workers: 6
[40.500s][debug  ][gc,phases      ] GC(143)   JVMTI Tag Weak OopStorage      Min:  0.0, Avg:  0.0, Max:  0.0, Diff:  0.0, Sum:  0.0, Workers: 6
[40.500s][debug  ][gc,phases      ] GC(143)     Dead                           Min: 0, Avg:  0.0, Max: 0, Diff: 0, Sum: 0, Workers: 6
[40.500s][debug  ][gc,phases      ] GC(143)     Total                          Min: 0, Avg:  0.0, Max: 0, Diff: 0, Sum: 0, Workers: 6
[40.500s][debug  ][gc,phases      ] GC(143)   StringTable Weak               Min:  0.0, Avg:  0.0, Max:  0.0, Diff:  0.0, Sum:  0.0, Workers: 6
[40.500s][debug  ][gc,phases      ] GC(143)     Dead                           Min: 0, Avg:  0.0, Max: 0, Diff: 0, Sum: 0, Workers: 6
[40.500s][debug  ][gc,phases      ] GC(143)     Total                          Min: 831, Avg: 892.5, Max: 1088, Diff: 257, Sum: 5355, Workers: 6
[40.500s][debug  ][gc,phases      ] GC(143)   ResolvedMethodTable Weak       Min:  0.0, Avg:  0.0, Max:  0.0, Diff:  0.0, Sum:  0.0, Workers: 6
[40.500s][debug  ][gc,phases      ] GC(143)     Dead                           Min: 0, Avg:  0.0, Max: 0, Diff: 0, Sum: 0, Workers: 6
[40.500s][debug  ][gc,phases      ] GC(143)     Total                          Min: 0, Avg: 21.7, Max: 64, Diff: 64, Sum: 130, Workers: 6
[40.500s][debug  ][gc,phases      ] GC(143)   JNI Weak                       Min:  0.0, Avg:  0.0, Max:  0.0, Diff:  0.0, Sum:  0.0, Workers: 6
[40.500s][debug  ][gc,phases      ] GC(143)     Dead                           Min: 0, Avg:  0.0, Max: 0, Diff: 0, Sum: 0, Workers: 6
[40.500s][debug  ][gc,phases      ] GC(143)     Total                          Min: 0, Avg:  0.0, Max: 0, Diff: 0, Sum: 0, Workers: 6
[40.500s][debug  ][gc,phases      ] GC(143)   StringDedup Table Weak         Min:  0.0, Avg:  0.0, Max:  0.0, Diff:  0.0, Sum:  0.0, Workers: 6
[40.500s][debug  ][gc,phases      ] GC(143)     Dead                           Min: 0, Avg:  0.0, Max: 0, Diff: 0, Sum: 0, Workers: 6
[40.500s][debug  ][gc,phases      ] GC(143)     Total                          Min: 0, Avg:  0.0, Max: 0, Diff: 0, Sum: 0, Workers: 6
[40.500s][debug  ][gc,phases      ] GC(143)   StringDedup Requests0 Weak     Min:  0.0, Avg:  0.0, Max:  0.0, Diff:  0.0, Sum:  0.0, Workers: 6
[40.500s][debug  ][gc,phases      ] GC(143)     Dead                           Min: 0, Avg:  0.0, Max: 0, Diff: 0, Sum: 0, Workers: 6
[40.500s][debug  ][gc,phases      ] GC(143)     Total                          Min: 0, Avg:  0.0, Max: 0, Diff: 0, Sum: 0, Workers: 6
[40.500s][debug  ][gc,phases      ] GC(143)   StringDedup Requests1 Weak     Min:  0.0, Avg:  0.0, Max:  0.0, Diff:  0.0, Sum:  0.0, Workers: 6
[40.500s][debug  ][gc,phases      ] GC(143)     Dead                           Min: 0, Avg:  0.0, Max: 0, Diff: 0, Sum: 0, Workers: 6
[40.500s][debug  ][gc,phases      ] GC(143)     Total                          Min: 0, Avg:  0.0, Max: 0, Diff: 0, Sum: 0, Workers: 6
[40.500s][debug  ][gc,phases      ] GC(143)   Weak JFR Old Object Samples    Min:  0.0, Avg:  0.0, Max:  0.0, Diff:  0.0, Sum:  0.0, Workers: 6
[40.500s][debug  ][gc,phases      ] GC(143)     Dead                           Min: 0, Avg:  0.0, Max: 0, Diff: 0, Sum: 0, Workers: 6
[40.500s][debug  ][gc,phases      ] GC(143)     Total                          Min: 0, Avg:  0.0, Max: 0, Diff: 0, Sum: 0, Workers: 6
[40.500s][debug  ][gc,phases      ] GC(143) Weak Processing 0.797ms
[40.500s][debug  ][gc,ergo        ] GC(143) AdaptiveSizeStart:  collection: 144 
[40.500s][debug  ][gc,ergo        ] GC(143) avg_survived_padded_avg: 32595562.000000
[40.500s][debug  ][gc,ergo        ] GC(143) avg_promoted_padded_avg: 266600256.000000  avg_pretenured_padded_avg: 0.000000  tenuring_thresh: 1  target_size: 33030144
[40.500s][debug  ][gc,age         ] GC(143) Desired survivor size 33030144 bytes, new threshold 1 (max threshold 15)
[40.500s][debug  ][gc,ergo        ] GC(143) PSAdaptiveSizePolicy::compute_eden_space_size limits: desired_eden_size: 232316165 old_eden_size: 202375168 eden_limit: 202375168 cur_eden: 202375168 max_eden_size: 202375168 avg_young_live: 29263114
[40.500s][debug  ][gc,ergo        ] GC(143) PSAdaptiveSizePolicy::compute_eden_space_size: costs minor_time: 0.048877 major_cost: 0.017881 mutator_cost: 0.933242 throughput_goal: 0.990000
[40.500s][debug  ][gc,ergo        ] GC(143) Live_space: 819788416 free_space: 2040528896
[40.500s][debug  ][gc,ergo        ] GC(143) Old eden_size: 202375168 desired_eden_size: 202375168
[40.500s][debug  ][gc,ergo        ] GC(143) AdaptiveSizeStop: collection: 144 
[40.500s][info   ][gc,heap        ] GC(143) PSYoungGen: 218903K(229888K)->30720K(229888K) Eden: 188183K(197632K)->0K(197632K) From: 30720K(32256K)->30720K(32256K)
[40.500s][info   ][gc,heap        ] GC(143) ParOldGen: 1066596K(2200576K)->1250916K(2200576K)
[40.500s][info   ][gc,metaspace   ] GC(143) Metaspace: 1022K(1216K)->1022K(1216K) NonClass: 938K(1024K)->938K(1024K) Class: 83K(192K)->83K(192K)
[40.501s][info   ][gc             ] GC(143) Pause Young (Allocation Failure) 1255M->1251M(2373M) 16.905ms
[40.501s][info   ][gc,cpu         ] GC(143) User=0.16s Sys=0.00s Real=0.02s
[40.501s][debug  ][gc,heap        ] GC(143) Heap after GC invocations=144 (full 17):
[40.501s][debug  ][gc,heap        ] GC(143)  PSYoungGen      total 229888K, used 30720K [0x00000007f0000000, 0x0000000800000000, 0x0000000800000000)
[40.501s][debug  ][gc,heap        ] GC(143)   eden space 197632K, 0% used [0x00000007f0000000,0x00000007f0000000,0x00000007fc100000)
[40.501s][debug  ][gc,heap        ] GC(143)   from space 32256K, 95% used [0x00000007fe080000,0x00000007ffe80030,0x0000000800000000)
[40.501s][debug  ][gc,heap        ] GC(143)   to   space 32256K, 0% used [0x00000007fc100000,0x00000007fc100000,0x00000007fe080000)
[40.501s][debug  ][gc,heap        ] GC(143)  ParOldGen       total 2200576K, used 1250916K [0x0000000740000000, 0x00000007c6500000, 0x00000007f0000000)
[40.501s][debug  ][gc,heap        ] GC(143)   object space 2200576K, 56% used [0x0000000740000000,0x000000078c599398,0x00000007c6500000)
[40.501s][debug  ][gc,heap        ] GC(143)  Metaspace       used 1022K, committed 1216K, reserved 1056768K
[40.501s][debug  ][gc,heap        ] GC(143)   class space    used 83K, committed 192K, reserved 1048576K
[40.501s][debug  ][gc,task,time   ] GC(143) VM-Thread 404832006 404986059 405008326
[40.784s][debug  ][gc,heap        ] GC(144) Heap before GC invocations=145 (full 17):
[40.784s][debug  ][gc,heap        ] GC(144)  PSYoungGen      total 229888K, used 218906K [0x00000007f0000000, 0x0000000800000000, 0x0000000800000000)
[40.784s][debug  ][gc,heap        ] GC(144)   eden space 197632K, 95% used [0x00000007f0000000,0x00000007fb7c69a8,0x00000007fc100000)
[40.784s][debug  ][gc,heap        ] GC(144)   from space 32256K, 95% used [0x00000007fe080000,0x00000007ffe80030,0x0000000800000000)
[40.785s][debug  ][gc,heap        ] GC(144)   to   space 32256K, 0% used [0x00000007fc100000,0x00000007fc100000,0x00000007fe080000)
[40.785s][debug  ][gc,heap        ] GC(144)  ParOldGen       total 2200576K, used 1250916K [0x0000000740000000, 0x00000007c6500000, 0x00000007f0000000)
[40.785s][debug  ][gc,heap        ] GC(144)   object space 2200576K, 56% used [0x0000000740000000,0x000000078c599398,0x00000007c6500000)
[40.785s][debug  ][gc,heap        ] GC(144)  Metaspace       used 1022K, committed 1216K, reserved 1056768K
[40.785s][debug  ][gc,heap        ] GC(144)   class space    used 83K, committed 192K, reserved 1048576K
[40.785s][debug  ][gc,tlab        ] GC(144) TLAB totals: thrds: 1  refills: 1 max: 1 slow allocs: 17 max 17 waste: 27.4% gc: 3958920B max: 3958920B slow: 0B max: 0B
[40.785s][info   ][gc,start       ] GC(144) Pause Young (Allocation Failure)
[40.785s][debug  ][gc,phases,start] GC(144) Scavenge
[40.800s][debug  ][gc,phases      ] GC(144) Scavenge 14.871ms
[40.800s][debug  ][gc,phases,start] GC(144) Reference Processing
[40.800s][debug  ][gc,ref         ] GC(144) Skipped phase 1 of Reference Processing: no references
[40.800s][debug  ][gc,ref         ] GC(144) Skipped phase 2 of Reference Processing: no references
[40.800s][debug  ][gc,ref         ] GC(144) Skipped phase 3 of Reference Processing: no references
[40.800s][debug  ][gc,ref         ] GC(144) Skipped phase 4 of Reference Processing: no references
[40.800s][debug  ][gc,phases,ref  ] GC(144) Reference Processing: 0.1ms
[40.800s][debug  ][gc,phases,ref  ] GC(144)   Reconsider SoftReferences: 0.0ms
[40.800s][debug  ][gc,phases,ref  ] GC(144)     SoftRef (ms):                  skipped
[40.800s][debug  ][gc,phases,ref  ] GC(144)   Notify Soft/WeakReferences: 0.0ms
[40.800s][debug  ][gc,phases,ref  ] GC(144)     SoftRef (ms):                  skipped
[40.800s][debug  ][gc,phases,ref  ] GC(144)     WeakRef (ms):                  skipped
[40.800s][debug  ][gc,phases,ref  ] GC(144)     FinalRef (ms):                 skipped
[40.800s][debug  ][gc,phases,ref  ] GC(144)     Total (ms):                    skipped
[40.800s][debug  ][gc,phases,ref  ] GC(144)   Notify and keep alive finalizable: 0.0ms
[40.800s][debug  ][gc,phases,ref  ] GC(144)     FinalRef (ms):                 skipped
[40.800s][debug  ][gc,phases,ref  ] GC(144)   Notify PhantomReferences: 0.0ms
[40.800s][debug  ][gc,phases,ref  ] GC(144)     PhantomRef (ms):               skipped
[40.800s][debug  ][gc,phases,ref  ] GC(144)   SoftReference:
[40.800s][debug  ][gc,phases,ref  ] GC(144)     Discovered: 0
[40.800s][debug  ][gc,phases,ref  ] GC(144)     Cleared: 0
[40.800s][debug  ][gc,phases,ref  ] GC(144)   WeakReference:
[40.800s][debug  ][gc,phases,ref  ] GC(144)     Discovered: 0
[40.800s][debug  ][gc,phases,ref  ] GC(144)     Cleared: 0
[40.800s][debug  ][gc,phases,ref  ] GC(144)   FinalReference:
[40.800s][debug  ][gc,phases,ref  ] GC(144)     Discovered: 0
[40.800s][debug  ][gc,phases,ref  ] GC(144)     Cleared: 0
[40.800s][debug  ][gc,phases,ref  ] GC(144)   PhantomReference:
[40.800s][debug  ][gc,phases,ref  ] GC(144)     Discovered: 0
[40.800s][debug  ][gc,phases,ref  ] GC(144)     Cleared: 0
[40.801s][debug  ][gc,phases      ] GC(144) Reference Processing 0.750ms
[40.801s][debug  ][gc,phases,start] GC(144) Weak Processing
[40.801s][debug  ][gc,phases      ] GC(144)   VM Weak                        Min:  0.0, Avg:  0.0, Max:  0.0, Diff:  0.0, Sum:  0.0, Workers: 6
[40.801s][debug  ][gc,phases      ] GC(144)     Dead                           Min: 0, Avg:  0.0, Max: 0, Diff: 0, Sum: 0, Workers: 6
[40.801s][debug  ][gc,phases      ] GC(144)     Total                          Min: 0, Avg:  1.3, Max: 8, Diff: 8, Sum: 8, Workers: 6
[40.801s][debug  ][gc,phases      ] GC(144)   ObjectSynchronizer Weak        Min:  0.0, Avg:  0.0, Max:  0.0, Diff:  0.0, Sum:  0.0, Workers: 6
[40.801s][debug  ][gc,phases      ] GC(144)     Dead                           Min: 0, Avg:  0.0, Max: 0, Diff: 0, Sum: 0, Workers: 6
[40.801s][debug  ][gc,phases      ] GC(144)     Total                          Min: 0, Avg:  0.5, Max: 3, Diff: 3, Sum: 3, Workers: 6
[40.801s][debug  ][gc,phases      ] GC(144)   JVMTI Tag Weak OopStorage      Min:  0.0, Avg:  0.0, Max:  0.0, Diff:  0.0, Sum:  0.0, Workers: 6
[40.801s][debug  ][gc,phases      ] GC(144)     Dead                           Min: 0, Avg:  0.0, Max: 0, Diff: 0, Sum: 0, Workers: 6
[40.801s][debug  ][gc,phases      ] GC(144)     Total                          Min: 0, Avg:  0.0, Max: 0, Diff: 0, Sum: 0, Workers: 6
[40.801s][debug  ][gc,phases      ] GC(144)   StringTable Weak               Min:  0.0, Avg:  0.0, Max:  0.0, Diff:  0.0, Sum:  0.0, Workers: 6
[40.801s][debug  ][gc,phases      ] GC(144)     Dead                           Min: 0, Avg:  0.0, Max: 0, Diff: 0, Sum: 0, Workers: 6
[40.801s][debug  ][gc,phases      ] GC(144)     Total                          Min: 767, Avg: 892.5, Max: 1068, Diff: 301, Sum: 5355, Workers: 6
[40.801s][debug  ][gc,phases      ] GC(144)   ResolvedMethodTable Weak       Min:  0.0, Avg:  0.0, Max:  0.0, Diff:  0.0, Sum:  0.0, Workers: 6
[40.801s][debug  ][gc,phases      ] GC(144)     Dead                           Min: 0, Avg:  0.0, Max: 0, Diff: 0, Sum: 0, Workers: 6
[40.801s][debug  ][gc,phases      ] GC(144)     Total                          Min: 0, Avg: 21.7, Max: 64, Diff: 64, Sum: 130, Workers: 6
[40.801s][debug  ][gc,phases      ] GC(144)   JNI Weak                       Min:  0.0, Avg:  0.0, Max:  0.0, Diff:  0.0, Sum:  0.0, Workers: 6
[40.801s][debug  ][gc,phases      ] GC(144)     Dead                           Min: 0, Avg:  0.0, Max: 0, Diff: 0, Sum: 0, Workers: 6
[40.801s][debug  ][gc,phases      ] GC(144)     Total                          Min: 0, Avg:  0.0, Max: 0, Diff: 0, Sum: 0, Workers: 6
[40.801s][debug  ][gc,phases      ] GC(144)   StringDedup Table Weak         Min:  0.0, Avg:  0.0, Max:  0.0, Diff:  0.0, Sum:  0.0, Workers: 6
[40.801s][debug  ][gc,phases      ] GC(144)     Dead                           Min: 0, Avg:  0.0, Max: 0, Diff: 0, Sum: 0, Workers: 6
[40.801s][debug  ][gc,phases      ] GC(144)     Total                          Min: 0, Avg:  0.0, Max: 0, Diff: 0, Sum: 0, Workers: 6
[40.801s][debug  ][gc,phases      ] GC(144)   StringDedup Requests0 Weak     Min:  0.0, Avg:  0.0, Max:  0.0, Diff:  0.0, Sum:  0.0, Workers: 6
[40.801s][debug  ][gc,phases      ] GC(144)     Dead                           Min: 0, Avg:  0.0, Max: 0, Diff: 0, Sum: 0, Workers: 6
[40.801s][debug  ][gc,phases      ] GC(144)     Total                          Min: 0, Avg:  0.0, Max: 0, Diff: 0, Sum: 0, Workers: 6
[40.801s][debug  ][gc,phases      ] GC(144)   StringDedup Requests1 Weak     Min:  0.0, Avg:  0.0, Max:  0.0, Diff:  0.0, Sum:  0.0, Workers: 6
[40.801s][debug  ][gc,phases      ] GC(144)     Dead                           Min: 0, Avg:  0.0, Max: 0, Diff: 0, Sum: 0, Workers: 6
[40.801s][debug  ][gc,phases      ] GC(144)     Total                          Min: 0, Avg:  0.0, Max: 0, Diff: 0, Sum: 0, Workers: 6
[40.801s][debug  ][gc,phases      ] GC(144)   Weak JFR Old Object Samples    Min:  0.0, Avg:  0.0, Max:  0.0, Diff:  0.0, Sum:  0.0, Workers: 6
[40.801s][debug  ][gc,phases      ] GC(144)     Dead                           Min: 0, Avg:  0.0, Max: 0, Diff: 0, Sum: 0, Workers: 6
[40.801s][debug  ][gc,phases      ] GC(144)     Total                          Min: 0, Avg:  0.0, Max: 0, Diff: 0, Sum: 0, Workers: 6
[40.801s][debug  ][gc,phases      ] GC(144) Weak Processing 0.936ms
[40.802s][debug  ][gc,ergo        ] GC(144) AdaptiveSizeStart:  collection: 145 
[40.802s][debug  ][gc,ergo        ] GC(144) avg_survived_padded_avg: 32509510.000000
[40.802s][debug  ][gc,ergo        ] GC(144) avg_promoted_padded_avg: 265822048.000000  avg_pretenured_padded_avg: 0.000000  tenuring_thresh: 1  target_size: 33030144
[40.802s][debug  ][gc,age         ] GC(144) Desired survivor size 33030144 bytes, new threshold 1 (max threshold 15)
[40.802s][debug  ][gc,ergo        ] GC(144) PSAdaptiveSizePolicy::compute_eden_space_size limits: desired_eden_size: 232577536 old_eden_size: 202375168 eden_limit: 202375168 cur_eden: 202375168 max_eden_size: 202375168 avg_young_live: 29482536
[40.802s][debug  ][gc,ergo        ] GC(144) PSAdaptiveSizePolicy::compute_eden_space_size: costs minor_time: 0.050509 major_cost: 0.017881 mutator_cost: 0.931610 throughput_goal: 0.990000
[40.802s][debug  ][gc,ergo        ] GC(144) Live_space: 820007808 free_space: 2040528896
[40.802s][debug  ][gc,ergo        ] GC(144) Old eden_size: 202375168 desired_eden_size: 202375168
[40.802s][debug  ][gc,ergo        ] GC(144) AdaptiveSizeStop: collection: 145 
[40.802s][info   ][gc,heap        ] GC(144) PSYoungGen: 218906K(229888K)->30720K(229888K) Eden: 188186K(197632K)->0K(197632K) From: 30720K(32256K)->30720K(32256K)
[40.802s][info   ][gc,heap        ] GC(144) ParOldGen: 1250916K(2200576K)->1435237K(2200576K)
[40.802s][info   ][gc,metaspace   ] GC(144) Metaspace: 1022K(1216K)->1022K(1216K) NonClass: 938K(1024K)->938K(1024K) Class: 83K(192K)->83K(192K)
[40.802s][info   ][gc             ] GC(144) Pause Young (Allocation Failure) 1435M->1431M(2373M) 17.066ms
[40.802s][info   ][gc,cpu         ] GC(144) User=0.16s Sys=0.02s Real=0.02s
[40.802s][debug  ][gc,heap        ] GC(144) Heap after GC invocations=145 (full 17):
[40.802s][debug  ][gc,heap        ] GC(144)  PSYoungGen      total 229888K, used 30720K [0x00000007f0000000, 0x0000000800000000, 0x0000000800000000)
[40.802s][debug  ][gc,heap        ] GC(144)   eden space 197632K, 0% used [0x00000007f0000000,0x00000007f0000000,0x00000007fc100000)
[40.802s][debug  ][gc,heap        ] GC(144)   from space 32256K, 95% used [0x00000007fc100000,0x00000007fdf00030,0x00000007fe080000)
[40.802s][debug  ][gc,heap        ] GC(144)   to   space 32256K, 0% used [0x00000007fe080000,0x00000007fe080000,0x0000000800000000)
[40.802s][debug  ][gc,heap        ] GC(144)  ParOldGen       total 2200576K, used 1435237K [0x0000000740000000, 0x00000007c6500000, 0x00000007f0000000)
[40.802s][debug  ][gc,heap        ] GC(144)   object space 2200576K, 65% used [0x0000000740000000,0x00000007979994b8,0x00000007c6500000)
[40.802s][debug  ][gc,heap        ] GC(144)  Metaspace       used 1022K, committed 1216K, reserved 1056768K
[40.802s][debug  ][gc,heap        ] GC(144)   class space    used 83K, committed 192K, reserved 1048576K
[40.802s][debug  ][gc,task,time   ] GC(144) VM-Thread 407842653 407997597 408020603
[41.086s][debug  ][gc,heap        ] GC(145) Heap before GC invocations=146 (full 17):
[41.086s][debug  ][gc,heap        ] GC(145)  PSYoungGen      total 229888K, used 218908K [0x00000007f0000000, 0x0000000800000000, 0x0000000800000000)
[41.086s][debug  ][gc,heap        ] GC(145)   eden space 197632K, 95% used [0x00000007f0000000,0x00000007fb7c7110,0x00000007fc100000)
[41.086s][debug  ][gc,heap        ] GC(145)   from space 32256K, 95% used [0x00000007fc100000,0x00000007fdf00030,0x00000007fe080000)
[41.086s][debug  ][gc,heap        ] GC(145)   to   space 32256K, 0% used [0x00000007fe080000,0x00000007fe080000,0x0000000800000000)
[41.086s][debug  ][gc,heap        ] GC(145)  ParOldGen       total 2200576K, used 1435237K [0x0000000740000000, 0x00000007c6500000, 0x00000007f0000000)
[41.086s][debug  ][gc,heap        ] GC(145)   object space 2200576K, 65% used [0x0000000740000000,0x00000007979994b8,0x00000007c6500000)
[41.086s][debug  ][gc,heap        ] GC(145)  Metaspace       used 1022K, committed 1216K, reserved 1056768K
[41.086s][debug  ][gc,heap        ] GC(145)   class space    used 83K, committed 192K, reserved 1048576K
[41.086s][debug  ][gc,tlab        ] GC(145) TLAB totals: thrds: 1  refills: 1 max: 1 slow allocs: 17 max 17 waste: 27.4% gc: 3960816B max: 3960816B slow: 0B max: 0B
[41.086s][info   ][gc,start       ] GC(145) Pause Young (Allocation Failure)
[41.086s][debug  ][gc,phases,start] GC(145) Scavenge
[41.101s][debug  ][gc,phases      ] GC(145) Scavenge 14.907ms
[41.101s][debug  ][gc,phases,start] GC(145) Reference Processing
[41.101s][debug  ][gc,ref         ] GC(145) Skipped phase 1 of Reference Processing: no references
[41.101s][debug  ][gc,ref         ] GC(145) Skipped phase 2 of Reference Processing: no references
[41.101s][debug  ][gc,ref         ] GC(145) Skipped phase 3 of Reference Processing: no references
[41.101s][debug  ][gc,ref         ] GC(145) Skipped phase 4 of Reference Processing: no references
[41.102s][debug  ][gc,phases,ref  ] GC(145) Reference Processing: 0.1ms
[41.102s][debug  ][gc,phases,ref  ] GC(145)   Reconsider SoftReferences: 0.0ms
[41.102s][debug  ][gc,phases,ref  ] GC(145)     SoftRef (ms):                  skipped
[41.102s][debug  ][gc,phases,ref  ] GC(145)   Notify Soft/WeakReferences: 0.0ms
[41.102s][debug  ][gc,phases,ref  ] GC(145)     SoftRef (ms):                  skipped
[41.102s][debug  ][gc,phases,ref  ] GC(145)     WeakRef (ms):                  skipped
[41.102s][debug  ][gc,phases,ref  ] GC(145)     FinalRef (ms):                 skipped
[41.102s][debug  ][gc,phases,ref  ] GC(145)     Total (ms):                    skipped
[41.102s][debug  ][gc,phases,ref  ] GC(145)   Notify and keep alive finalizable: 0.0ms
[41.102s][debug  ][gc,phases,ref  ] GC(145)     FinalRef (ms):                 skipped
[41.102s][debug  ][gc,phases,ref  ] GC(145)   Notify PhantomReferences: 0.0ms
[41.102s][debug  ][gc,phases,ref  ] GC(145)     PhantomRef (ms):               skipped
[41.102s][debug  ][gc,phases,ref  ] GC(145)   SoftReference:
[41.102s][debug  ][gc,phases,ref  ] GC(145)     Discovered: 0
[41.102s][debug  ][gc,phases,ref  ] GC(145)     Cleared: 0
[41.102s][debug  ][gc,phases,ref  ] GC(145)   WeakReference:
[41.102s][debug  ][gc,phases,ref  ] GC(145)     Discovered: 0
[41.102s][debug  ][gc,phases,ref  ] GC(145)     Cleared: 0
[41.102s][debug  ][gc,phases,ref  ] GC(145)   FinalReference:
[41.102s][debug  ][gc,phases,ref  ] GC(145)     Discovered: 0
[41.102s][debug  ][gc,phases,ref  ] GC(145)     Cleared: 0
[41.102s][debug  ][gc,phases,ref  ] GC(145)   PhantomReference:
[41.102s][debug  ][gc,phases,ref  ] GC(145)     Discovered: 0
[41.102s][debug  ][gc,phases,ref  ] GC(145)     Cleared: 0
[41.102s][debug  ][gc,phases      ] GC(145) Reference Processing 0.882ms
[41.102s][debug  ][gc,phases,start] GC(145) Weak Processing
[41.102s][debug  ][gc,phases      ] GC(145)   VM Weak                        Min:  0.0, Avg:  0.0, Max:  0.0, Diff:  0.0, Sum:  0.0, Workers: 6
[41.102s][debug  ][gc,phases      ] GC(145)     Dead                           Min: 0, Avg:  0.0, Max: 0, Diff: 0, Sum: 0, Workers: 6
[41.102s][debug  ][gc,phases      ] GC(145)     Total                          Min: 0, Avg:  1.3, Max: 8, Diff: 8, Sum: 8, Workers: 6
[41.102s][debug  ][gc,phases      ] GC(145)   ObjectSynchronizer Weak        Min:  0.0, Avg:  0.0, Max:  0.0, Diff:  0.0, Sum:  0.0, Workers: 6
[41.102s][debug  ][gc,phases      ] GC(145)     Dead                           Min: 0, Avg:  0.0, Max: 0, Diff: 0, Sum: 0, Workers: 6
[41.103s][debug  ][gc,phases      ] GC(145)     Total                          Min: 0, Avg:  0.5, Max: 3, Diff: 3, Sum: 3, Workers: 6
[41.103s][debug  ][gc,phases      ] GC(145)   JVMTI Tag Weak OopStorage      Min:  0.0, Avg:  0.0, Max:  0.0, Diff:  0.0, Sum:  0.0, Workers: 6
[41.103s][debug  ][gc,phases      ] GC(145)     Dead                           Min: 0, Avg:  0.0, Max: 0, Diff: 0, Sum: 0, Workers: 6
[41.103s][debug  ][gc,phases      ] GC(145)     Total                          Min: 0, Avg:  0.0, Max: 0, Diff: 0, Sum: 0, Workers: 6
[41.103s][debug  ][gc,phases      ] GC(145)   StringTable Weak               Min:  0.0, Avg:  0.0, Max:  0.0, Diff:  0.0, Sum:  0.0, Workers: 6
[41.103s][debug  ][gc,phases      ] GC(145)     Dead                           Min: 0, Avg:  0.0, Max: 0, Diff: 0, Sum: 0, Workers: 6
[41.103s][debug  ][gc,phases      ] GC(145)     Total                          Min: 768, Avg: 892.5, Max: 1131, Diff: 363, Sum: 5355, Workers: 6
[41.103s][debug  ][gc,phases      ] GC(145)   ResolvedMethodTable Weak       Min:  0.0, Avg:  0.0, Max:  0.0, Diff:  0.0, Sum:  0.0, Workers: 6
[41.103s][debug  ][gc,phases      ] GC(145)     Dead                           Min: 0, Avg:  0.0, Max: 0, Diff: 0, Sum: 0, Workers: 6
[41.103s][debug  ][gc,phases      ] GC(145)     Total                          Min: 0, Avg: 21.7, Max: 64, Diff: 64, Sum: 130, Workers: 6
[41.103s][debug  ][gc,phases      ] GC(145)   JNI Weak                       Min:  0.0, Avg:  0.0, Max:  0.0, Diff:  0.0, Sum:  0.0, Workers: 6
[41.103s][debug  ][gc,phases      ] GC(145)     Dead                           Min: 0, Avg:  0.0, Max: 0, Diff: 0, Sum: 0, Workers: 6
[41.103s][debug  ][gc,phases      ] GC(145)     Total                          Min: 0, Avg:  0.0, Max: 0, Diff: 0, Sum: 0, Workers: 6
[41.103s][debug  ][gc,phases      ] GC(145)   StringDedup Table Weak         Min:  0.0, Avg:  0.0, Max:  0.0, Diff:  0.0, Sum:  0.0, Workers: 6
[41.103s][debug  ][gc,phases      ] GC(145)     Dead                           Min: 0, Avg:  0.0, Max: 0, Diff: 0, Sum: 0, Workers: 6
[41.103s][debug  ][gc,phases      ] GC(145)     Total                          Min: 0, Avg:  0.0, Max: 0, Diff: 0, Sum: 0, Workers: 6
[41.103s][debug  ][gc,phases      ] GC(145)   StringDedup Requests0 Weak     Min:  0.0, Avg:  0.0, Max:  0.0, Diff:  0.0, Sum:  0.0, Workers: 6
[41.103s][debug  ][gc,phases      ] GC(145)     Dead                           Min: 0, Avg:  0.0, Max: 0, Diff: 0, Sum: 0, Workers: 6
[41.103s][debug  ][gc,phases      ] GC(145)     Total                          Min: 0, Avg:  0.0, Max: 0, Diff: 0, Sum: 0, Workers: 6
[41.103s][debug  ][gc,phases      ] GC(145)   StringDedup Requests1 Weak     Min:  0.0, Avg:  0.0, Max:  0.0, Diff:  0.0, Sum:  0.0, Workers: 6
[41.103s][debug  ][gc,phases      ] GC(145)     Dead                           Min: 0, Avg:  0.0, Max: 0, Diff: 0, Sum: 0, Workers: 6
[41.103s][debug  ][gc,phases      ] GC(145)     Total                          Min: 0, Avg:  0.0, Max: 0, Diff: 0, Sum: 0, Workers: 6
[41.103s][debug  ][gc,phases      ] GC(145)   Weak JFR Old Object Samples    Min:  0.0, Avg:  0.0, Max:  0.0, Diff:  0.0, Sum:  0.0, Workers: 6
[41.103s][debug  ][gc,phases      ] GC(145)     Dead                           Min: 0, Avg:  0.0, Max: 0, Diff: 0, Sum: 0, Workers: 6
[41.103s][debug  ][gc,phases      ] GC(145)     Total                          Min: 0, Avg:  0.0, Max: 0, Diff: 0, Sum: 0, Workers: 6
[41.103s][debug  ][gc,phases      ] GC(145) Weak Processing 0.926ms
[41.103s][debug  ][gc,ergo        ] GC(145) AdaptiveSizeStart:  collection: 146 
[41.103s][debug  ][gc,ergo        ] GC(145) avg_survived_padded_avg: 32429284.000000
[41.103s][debug  ][gc,ergo        ] GC(145) avg_promoted_padded_avg: 264420912.000000  avg_pretenured_padded_avg: 0.000000  tenuring_thresh: 1  target_size: 32505856
[41.103s][debug  ][gc,age         ] GC(145) Desired survivor size 32505856 bytes, new threshold 1 (max threshold 15)
[41.103s][debug  ][gc,ergo        ] GC(145) PSAdaptiveSizePolicy::compute_eden_space_size limits: desired_eden_size: 232783325 old_eden_size: 202375168 eden_limit: 202375168 cur_eden: 202375168 max_eden_size: 202375168 avg_young_live: 29680014
[41.103s][debug  ][gc,ergo        ] GC(145) PSAdaptiveSizePolicy::compute_eden_space_size: costs minor_time: 0.051851 major_cost: 0.017881 mutator_cost: 0.930268 throughput_goal: 0.990000
[41.103s][debug  ][gc,ergo        ] GC(145) Live_space: 820205312 free_space: 2040528896
[41.103s][debug  ][gc,ergo        ] GC(145) Old eden_size: 202375168 desired_eden_size: 202375168
[41.103s][debug  ][gc,ergo        ] GC(145) AdaptiveSizeStop: collection: 146 
[41.103s][info   ][gc,heap        ] GC(145) PSYoungGen: 218908K(229888K)->30720K(230400K) Eden: 188188K(197632K)->0K(198144K) From: 30720K(32256K)->30720K(32256K)
[41.103s][info   ][gc,heap        ] GC(145) ParOldGen: 1435237K(2200576K)->1619557K(2200576K)
[41.104s][info   ][gc,metaspace   ] GC(145) Metaspace: 1022K(1216K)->1022K(1216K) NonClass: 938K(1024K)->938K(1024K) Class: 83K(192K)->83K(192K)
[41.104s][info   ][gc             ] GC(145) Pause Young (Allocation Failure) 1615M->1611M(2374M) 17.249ms
[41.104s][info   ][gc,cpu         ] GC(145) User=0.16s Sys=0.00s Real=0.02s
[41.104s][debug  ][gc,heap        ] GC(145) Heap after GC invocations=146 (full 17):
[41.104s][debug  ][gc,heap        ] GC(145)  PSYoungGen      total 230400K, used 30720K [0x00000007f0000000, 0x0000000800000000, 0x0000000800000000)
[41.104s][debug  ][gc,heap        ] GC(145)   eden space 198144K, 0% used [0x00000007f0000000,0x00000007f0000000,0x00000007fc180000)
[41.104s][debug  ][gc,heap        ] GC(145)   from space 32256K, 95% used [0x00000007fe080000,0x00000007ffe80030,0x0000000800000000)
[41.104s][debug  ][gc,heap        ] GC(145)   to   space 31744K, 0% used [0x00000007fc180000,0x00000007fc180000,0x00000007fe080000)
[41.104s][debug  ][gc,heap        ] GC(145)  ParOldGen       total 2200576K, used 1619557K [0x0000000740000000, 0x00000007c6500000, 0x00000007f0000000)
[41.104s][debug  ][gc,heap        ] GC(145)   object space 2200576K, 73% used [0x0000000740000000,0x00000007a2d995d8,0x00000007c6500000)
[41.104s][debug  ][gc,heap        ] GC(145)  Metaspace       used 1022K, committed 1216K, reserved 1056768K
[41.104s][debug  ][gc,heap        ] GC(145)   class space    used 83K, committed 192K, reserved 1048576K
[41.104s][debug  ][gc,task,time   ] GC(145) VM-Thread 410859035 411013607 411038148
[41.385s][debug  ][gc,heap        ] GC(146) Heap before GC invocations=147 (full 17):
[41.385s][debug  ][gc,heap        ] GC(146)  PSYoungGen      total 230400K, used 218919K [0x00000007f0000000, 0x0000000800000000, 0x0000000800000000)
[41.385s][debug  ][gc,heap        ] GC(146)   eden space 198144K, 94% used [0x00000007f0000000,0x00000007fb7c9df0,0x00000007fc180000)
[41.385s][debug  ][gc,heap        ] GC(146)   from space 32256K, 95% used [0x00000007fe080000,0x00000007ffe80030,0x0000000800000000)
[41.385s][debug  ][gc,heap        ] GC(146)   to   space 31744K, 0% used [0x00000007fc180000,0x00000007fc180000,0x00000007fe080000)
[41.385s][debug  ][gc,heap        ] GC(146)  ParOldGen       total 2200576K, used 1619557K [0x0000000740000000, 0x00000007c6500000, 0x00000007f0000000)
[41.385s][debug  ][gc,heap        ] GC(146)   object space 2200576K, 73% used [0x0000000740000000,0x00000007a2d995d8,0x00000007c6500000)
[41.385s][debug  ][gc,heap        ] GC(146)  Metaspace       used 1022K, committed 1216K, reserved 1056768K
[41.385s][debug  ][gc,heap        ] GC(146)   class space    used 83K, committed 192K, reserved 1048576K
[41.385s][debug  ][gc,tlab        ] GC(146) TLAB totals: thrds: 1  refills: 1 max: 1 slow allocs: 17 max 17 waste: 27.5% gc: 3972304B max: 3972304B slow: 0B max: 0B
[41.385s][info   ][gc,start       ] GC(146) Pause Young (Allocation Failure)
[41.386s][debug  ][gc,phases,start] GC(146) Scavenge
[41.400s][debug  ][gc,phases      ] GC(146) Scavenge 14.724ms
[41.400s][debug  ][gc,phases,start] GC(146) Reference Processing
[41.400s][debug  ][gc,ref         ] GC(146) Skipped phase 1 of Reference Processing: no references
[41.400s][debug  ][gc,ref         ] GC(146) Skipped phase 2 of Reference Processing: no references
[41.400s][debug  ][gc,ref         ] GC(146) Skipped phase 3 of Reference Processing: no references
[41.400s][debug  ][gc,ref         ] GC(146) Skipped phase 4 of Reference Processing: no references
[41.401s][debug  ][gc,phases,ref  ] GC(146) Reference Processing: 0.1ms
[41.401s][debug  ][gc,phases,ref  ] GC(146)   Reconsider SoftReferences: 0.0ms
[41.401s][debug  ][gc,phases,ref  ] GC(146)     SoftRef (ms):                  skipped
[41.401s][debug  ][gc,phases,ref  ] GC(146)   Notify Soft/WeakReferences: 0.0ms
[41.401s][debug  ][gc,phases,ref  ] GC(146)     SoftRef (ms):                  skipped
[41.401s][debug  ][gc,phases,ref  ] GC(146)     WeakRef (ms):                  skipped
[41.401s][debug  ][gc,phases,ref  ] GC(146)     FinalRef (ms):                 skipped
[41.401s][debug  ][gc,phases,ref  ] GC(146)     Total (ms):                    skipped
[41.401s][debug  ][gc,phases,ref  ] GC(146)   Notify and keep alive finalizable: 0.0ms
[41.401s][debug  ][gc,phases,ref  ] GC(146)     FinalRef (ms):                 skipped
[41.401s][debug  ][gc,phases,ref  ] GC(146)   Notify PhantomReferences: 0.0ms
[41.401s][debug  ][gc,phases,ref  ] GC(146)     PhantomRef (ms):               skipped
[41.401s][debug  ][gc,phases,ref  ] GC(146)   SoftReference:
[41.401s][debug  ][gc,phases,ref  ] GC(146)     Discovered: 0
[41.401s][debug  ][gc,phases,ref  ] GC(146)     Cleared: 0
[41.401s][debug  ][gc,phases,ref  ] GC(146)   WeakReference:
[41.401s][debug  ][gc,phases,ref  ] GC(146)     Discovered: 0
[41.401s][debug  ][gc,phases,ref  ] GC(146)     Cleared: 0
[41.401s][debug  ][gc,phases,ref  ] GC(146)   FinalReference:
[41.401s][debug  ][gc,phases,ref  ] GC(146)     Discovered: 0
[41.401s][debug  ][gc,phases,ref  ] GC(146)     Cleared: 0
[41.401s][debug  ][gc,phases,ref  ] GC(146)   PhantomReference:
[41.401s][debug  ][gc,phases,ref  ] GC(146)     Discovered: 0
[41.401s][debug  ][gc,phases,ref  ] GC(146)     Cleared: 0
[41.401s][debug  ][gc,phases      ] GC(146) Reference Processing 0.660ms
[41.401s][debug  ][gc,phases,start] GC(146) Weak Processing
[41.401s][debug  ][gc,phases      ] GC(146)   VM Weak                        Min:  0.0, Avg:  0.0, Max:  0.0, Diff:  0.0, Sum:  0.0, Workers: 6
[41.401s][debug  ][gc,phases      ] GC(146)     Dead                           Min: 0, Avg:  0.0, Max: 0, Diff: 0, Sum: 0, Workers: 6
[41.401s][debug  ][gc,phases      ] GC(146)     Total                          Min: 0, Avg:  1.3, Max: 8, Diff: 8, Sum: 8, Workers: 6
[41.401s][debug  ][gc,phases      ] GC(146)   ObjectSynchronizer Weak        Min:  0.0, Avg:  0.0, Max:  0.0, Diff:  0.0, Sum:  0.0, Workers: 6
[41.401s][debug  ][gc,phases      ] GC(146)     Dead                           Min: 0, Avg:  0.0, Max: 0, Diff: 0, Sum: 0, Workers: 6
[41.401s][debug  ][gc,phases      ] GC(146)     Total                          Min: 0, Avg:  0.5, Max: 3, Diff: 3, Sum: 3, Workers: 6
[41.401s][debug  ][gc,phases      ] GC(146)   JVMTI Tag Weak OopStorage      Min:  0.0, Avg:  0.0, Max:  0.0, Diff:  0.0, Sum:  0.0, Workers: 6
[41.401s][debug  ][gc,phases      ] GC(146)     Dead                           Min: 0, Avg:  0.0, Max: 0, Diff: 0, Sum: 0, Workers: 6
[41.401s][debug  ][gc,phases      ] GC(146)     Total                          Min: 0, Avg:  0.0, Max: 0, Diff: 0, Sum: 0, Workers: 6
[41.401s][debug  ][gc,phases      ] GC(146)   StringTable Weak               Min:  0.0, Avg:  0.0, Max:  0.0, Diff:  0.0, Sum:  0.0, Workers: 6
[41.401s][debug  ][gc,phases      ] GC(146)     Dead                           Min: 0, Avg:  0.0, Max: 0, Diff: 0, Sum: 0, Workers: 6
[41.401s][debug  ][gc,phases      ] GC(146)     Total                          Min: 768, Avg: 892.5, Max: 1088, Diff: 320, Sum: 5355, Workers: 6
[41.401s][debug  ][gc,phases      ] GC(146)   ResolvedMethodTable Weak       Min:  0.0, Avg:  0.0, Max:  0.0, Diff:  0.0, Sum:  0.0, Workers: 6
[41.401s][debug  ][gc,phases      ] GC(146)     Dead                           Min: 0, Avg:  0.0, Max: 0, Diff: 0, Sum: 0, Workers: 6
[41.401s][debug  ][gc,phases      ] GC(146)     Total                          Min: 0, Avg: 21.7, Max: 64, Diff: 64, Sum: 130, Workers: 6
[41.401s][debug  ][gc,phases      ] GC(146)   JNI Weak                       Min:  0.0, Avg:  0.0, Max:  0.0, Diff:  0.0, Sum:  0.0, Workers: 6
[41.402s][debug  ][gc,phases      ] GC(146)     Dead                           Min: 0, Avg:  0.0, Max: 0, Diff: 0, Sum: 0, Workers: 6
[41.402s][debug  ][gc,phases      ] GC(146)     Total                          Min: 0, Avg:  0.0, Max: 0, Diff: 0, Sum: 0, Workers: 6
[41.402s][debug  ][gc,phases      ] GC(146)   StringDedup Table Weak         Min:  0.0, Avg:  0.0, Max:  0.0, Diff:  0.0, Sum:  0.0, Workers: 6
[41.402s][debug  ][gc,phases      ] GC(146)     Dead                           Min: 0, Avg:  0.0, Max: 0, Diff: 0, Sum: 0, Workers: 6
[41.402s][debug  ][gc,phases      ] GC(146)     Total                          Min: 0, Avg:  0.0, Max: 0, Diff: 0, Sum: 0, Workers: 6
[41.402s][debug  ][gc,phases      ] GC(146)   StringDedup Requests0 Weak     Min:  0.0, Avg:  0.0, Max:  0.0, Diff:  0.0, Sum:  0.0, Workers: 6
[41.402s][debug  ][gc,phases      ] GC(146)     Dead                           Min: 0, Avg:  0.0, Max: 0, Diff: 0, Sum: 0, Workers: 6
[41.402s][debug  ][gc,phases      ] GC(146)     Total                          Min: 0, Avg:  0.0, Max: 0, Diff: 0, Sum: 0, Workers: 6
[41.402s][debug  ][gc,phases      ] GC(146)   StringDedup Requests1 Weak     Min:  0.0, Avg:  0.0, Max:  0.0, Diff:  0.0, Sum:  0.0, Workers: 6
[41.402s][debug  ][gc,phases      ] GC(146)     Dead                           Min: 0, Avg:  0.0, Max: 0, Diff: 0, Sum: 0, Workers: 6
[41.402s][debug  ][gc,phases      ] GC(146)     Total                          Min: 0, Avg:  0.0, Max: 0, Diff: 0, Sum: 0, Workers: 6
[41.402s][debug  ][gc,phases      ] GC(146)   Weak JFR Old Object Samples    Min:  0.0, Avg:  0.0, Max:  0.0, Diff:  0.0, Sum:  0.0, Workers: 6
[41.402s][debug  ][gc,phases      ] GC(146)     Dead                           Min: 0, Avg:  0.0, Max: 0, Diff: 0, Sum: 0, Workers: 6
[41.402s][debug  ][gc,phases      ] GC(146)     Total                          Min: 0, Avg:  0.0, Max: 0, Diff: 0, Sum: 0, Workers: 6
[41.402s][debug  ][gc,phases      ] GC(146) Weak Processing 0.762ms
[41.402s][debug  ][gc,ergo        ] GC(146) AdaptiveSizeStart:  collection: 147 
[41.402s][debug  ][gc,ergo        ] GC(146) avg_survived_padded_avg: 32354584.000000
[41.402s][debug  ][gc,ergo        ] GC(146) avg_promoted_padded_avg: 262529232.000000  avg_pretenured_padded_avg: 0.000000  tenuring_thresh: 1  target_size: 32505856
[41.402s][debug  ][gc,age         ] GC(146) Desired survivor size 32505856 bytes, new threshold 1 (max threshold 15)
[41.402s][debug  ][gc,ergo        ] GC(146) PSAdaptiveSizePolicy::compute_eden_space_size limits: desired_eden_size: 233407190 old_eden_size: 202375168 eden_limit: 202899456 cur_eden: 202899456 max_eden_size: 202899456 avg_young_live: 29857744
[41.402s][debug  ][gc,ergo        ] GC(146) PSAdaptiveSizePolicy::compute_eden_space_size: costs minor_time: 0.052520 major_cost: 0.017881 mutator_cost: 0.929599 throughput_goal: 0.990000
[41.402s][debug  ][gc,ergo        ] GC(146) Live_space: 820383040 free_space: 2040528896
[41.402s][debug  ][gc,ergo        ] GC(146) Old eden_size: 202375168 desired_eden_size: 202899456
[41.402s][debug  ][gc,ergo        ] GC(146) AdaptiveSizeStop: collection: 147 
[41.402s][info   ][gc,heap        ] GC(146) PSYoungGen: 218919K(230400K)->30720K(229888K) Eden: 188199K(198144K)->0K(198144K) From: 30720K(32256K)->30720K(31744K)
[41.402s][info   ][gc,heap        ] GC(146) ParOldGen: 1619557K(2200576K)->1803877K(2200576K)
[41.402s][info   ][gc,metaspace   ] GC(146) Metaspace: 1022K(1216K)->1022K(1216K) NonClass: 938K(1024K)->938K(1024K) Class: 83K(192K)->83K(192K)
[41.402s][info   ][gc             ] GC(146) Pause Young (Allocation Failure) 1795M->1791M(2373M) 16.644ms
[41.402s][info   ][gc,cpu         ] GC(146) User=0.14s Sys=0.00s Real=0.02s
[41.402s][debug  ][gc,heap        ] GC(146) Heap after GC invocations=147 (full 17):
[41.402s][debug  ][gc,heap        ] GC(146)  PSYoungGen      total 229888K, used 30720K [0x00000007f0000000, 0x0000000800000000, 0x0000000800000000)
[41.402s][debug  ][gc,heap        ] GC(146)   eden space 198144K, 0% used [0x00000007f0000000,0x00000007f0000000,0x00000007fc180000)
[41.402s][debug  ][gc,heap        ] GC(146)   from space 31744K, 96% used [0x00000007fc180000,0x00000007fdf80030,0x00000007fe080000)
[41.402s][debug  ][gc,heap        ] GC(146)   to   space 31744K, 0% used [0x00000007fe100000,0x00000007fe100000,0x0000000800000000)
[41.402s][debug  ][gc,heap        ] GC(146)  ParOldGen       total 2200576K, used 1803877K [0x0000000740000000, 0x00000007c6500000, 0x00000007f0000000)
[41.402s][debug  ][gc,heap        ] GC(146)   object space 2200576K, 81% used [0x0000000740000000,0x00000007ae1996f8,0x00000007c6500000)
[41.402s][debug  ][gc,heap        ] GC(146)  Metaspace       used 1022K, committed 1216K, reserved 1056768K
[41.402s][debug  ][gc,heap        ] GC(146)   class space    used 83K, committed 192K, reserved 1048576K
[41.402s][debug  ][gc,task,time   ] GC(146) VM-Thread 413850613 414003698 414023878
[41.683s][debug  ][gc,heap        ] GC(147) Heap before GC invocations=148 (full 17):
[41.683s][debug  ][gc,heap        ] GC(147)  PSYoungGen      total 229888K, used 218920K [0x00000007f0000000, 0x0000000800000000, 0x0000000800000000)
[41.684s][debug  ][gc,heap        ] GC(147)   eden space 198144K, 94% used [0x00000007f0000000,0x00000007fb7ca0b8,0x00000007fc180000)
[41.684s][debug  ][gc,heap        ] GC(147)   from space 31744K, 96% used [0x00000007fc180000,0x00000007fdf80030,0x00000007fe080000)
[41.684s][debug  ][gc,heap        ] GC(147)   to   space 31744K, 0% used [0x00000007fe100000,0x00000007fe100000,0x0000000800000000)
[41.684s][debug  ][gc,heap        ] GC(147)  ParOldGen       total 2200576K, used 1803877K [0x0000000740000000, 0x00000007c6500000, 0x00000007f0000000)
[41.684s][debug  ][gc,heap        ] GC(147)   object space 2200576K, 81% used [0x0000000740000000,0x00000007ae1996f8,0x00000007c6500000)
[41.684s][debug  ][gc,heap        ] GC(147)  Metaspace       used 1022K, committed 1216K, reserved 1056768K
[41.684s][debug  ][gc,heap        ] GC(147)   class space    used 83K, committed 192K, reserved 1048576K
[41.684s][debug  ][gc,tlab        ] GC(147) TLAB totals: thrds: 1  refills: 1 max: 1 slow allocs: 17 max 17 waste: 27.5% gc: 3971952B max: 3971952B slow: 0B max: 0B
[41.684s][info   ][gc,start       ] GC(147) Pause Young (Allocation Failure)
[41.684s][debug  ][gc,phases,start] GC(147) Scavenge
[41.694s][debug  ][gc,phases      ] GC(147) Scavenge 10.604ms
[41.695s][debug  ][gc,phases,start] GC(147) Reference Processing
[41.695s][debug  ][gc,ref         ] GC(147) Skipped phase 1 of Reference Processing: no references
[41.695s][debug  ][gc,ref         ] GC(147) Skipped phase 2 of Reference Processing: no references
[41.695s][debug  ][gc,ref         ] GC(147) Skipped phase 3 of Reference Processing: no references
[41.695s][debug  ][gc,ref         ] GC(147) Skipped phase 4 of Reference Processing: no references
[41.695s][debug  ][gc,phases,ref  ] GC(147) Reference Processing: 0.1ms
[41.695s][debug  ][gc,phases,ref  ] GC(147)   Reconsider SoftReferences: 0.0ms
[41.695s][debug  ][gc,phases,ref  ] GC(147)     SoftRef (ms):                  skipped
[41.695s][debug  ][gc,phases,ref  ] GC(147)   Notify Soft/WeakReferences: 0.0ms
[41.695s][debug  ][gc,phases,ref  ] GC(147)     SoftRef (ms):                  skipped
[41.695s][debug  ][gc,phases,ref  ] GC(147)     WeakRef (ms):                  skipped
[41.695s][debug  ][gc,phases,ref  ] GC(147)     FinalRef (ms):                 skipped
[41.695s][debug  ][gc,phases,ref  ] GC(147)     Total (ms):                    skipped
[41.695s][debug  ][gc,phases,ref  ] GC(147)   Notify and keep alive finalizable: 0.0ms
[41.695s][debug  ][gc,phases,ref  ] GC(147)     FinalRef (ms):                 skipped
[41.695s][debug  ][gc,phases,ref  ] GC(147)   Notify PhantomReferences: 0.0ms
[41.695s][debug  ][gc,phases,ref  ] GC(147)     PhantomRef (ms):               skipped
[41.695s][debug  ][gc,phases,ref  ] GC(147)   SoftReference:
[41.695s][debug  ][gc,phases,ref  ] GC(147)     Discovered: 0
[41.695s][debug  ][gc,phases,ref  ] GC(147)     Cleared: 0
[41.695s][debug  ][gc,phases,ref  ] GC(147)   WeakReference:
[41.695s][debug  ][gc,phases,ref  ] GC(147)     Discovered: 0
[41.695s][debug  ][gc,phases,ref  ] GC(147)     Cleared: 0
[41.695s][debug  ][gc,phases,ref  ] GC(147)   FinalReference:
[41.695s][debug  ][gc,phases,ref  ] GC(147)     Discovered: 0
[41.695s][debug  ][gc,phases,ref  ] GC(147)     Cleared: 0
[41.695s][debug  ][gc,phases,ref  ] GC(147)   PhantomReference:
[41.695s][debug  ][gc,phases,ref  ] GC(147)     Discovered: 0
[41.695s][debug  ][gc,phases,ref  ] GC(147)     Cleared: 0
[41.695s][debug  ][gc,phases      ] GC(147) Reference Processing 0.840ms
[41.695s][debug  ][gc,phases,start] GC(147) Weak Processing
[41.695s][debug  ][gc,phases      ] GC(147)   VM Weak                        Min:  0.0, Avg:  0.0, Max:  0.0, Diff:  0.0, Sum:  0.0, Workers: 6
[41.696s][debug  ][gc,phases      ] GC(147)     Dead                           Min: 0, Avg:  0.0, Max: 0, Diff: 0, Sum: 0, Workers: 6
[41.696s][debug  ][gc,phases      ] GC(147)     Total                          Min: 0, Avg:  1.3, Max: 8, Diff: 8, Sum: 8, Workers: 6
[41.696s][debug  ][gc,phases      ] GC(147)   ObjectSynchronizer Weak        Min:  0.0, Avg:  0.0, Max:  0.0, Diff:  0.0, Sum:  0.0, Workers: 6
[41.696s][debug  ][gc,phases      ] GC(147)     Dead                           Min: 0, Avg:  0.0, Max: 0, Diff: 0, Sum: 0, Workers: 6
[41.696s][debug  ][gc,phases      ] GC(147)     Total                          Min: 0, Avg:  0.5, Max: 3, Diff: 3, Sum: 3, Workers: 6
[41.696s][debug  ][gc,phases      ] GC(147)   JVMTI Tag Weak OopStorage      Min:  0.0, Avg:  0.0, Max:  0.0, Diff:  0.0, Sum:  0.0, Workers: 6
[41.696s][debug  ][gc,phases      ] GC(147)     Dead                           Min: 0, Avg:  0.0, Max: 0, Diff: 0, Sum: 0, Workers: 6
[41.696s][debug  ][gc,phases      ] GC(147)     Total                          Min: 0, Avg:  0.0, Max: 0, Diff: 0, Sum: 0, Workers: 6
[41.696s][debug  ][gc,phases      ] GC(147)   StringTable Weak               Min:  0.0, Avg:  0.0, Max:  0.0, Diff:  0.0, Sum:  0.1, Workers: 6
[41.696s][debug  ][gc,phases      ] GC(147)     Dead                           Min: 0, Avg:  0.0, Max: 0, Diff: 0, Sum: 0, Workers: 6
[41.696s][debug  ][gc,phases      ] GC(147)     Total                          Min: 767, Avg: 892.5, Max: 1324, Diff: 557, Sum: 5355, Workers: 6
[41.696s][debug  ][gc,phases      ] GC(147)   ResolvedMethodTable Weak       Min:  0.0, Avg:  0.0, Max:  0.0, Diff:  0.0, Sum:  0.0, Workers: 6
[41.696s][debug  ][gc,phases      ] GC(147)     Dead                           Min: 0, Avg:  0.0, Max: 0, Diff: 0, Sum: 0, Workers: 6
[41.696s][debug  ][gc,phases      ] GC(147)     Total                          Min: 0, Avg: 21.7, Max: 64, Diff: 64, Sum: 130, Workers: 6
[41.696s][debug  ][gc,phases      ] GC(147)   JNI Weak                       Min:  0.0, Avg:  0.0, Max:  0.0, Diff:  0.0, Sum:  0.0, Workers: 6
[41.696s][debug  ][gc,phases      ] GC(147)     Dead                           Min: 0, Avg:  0.0, Max: 0, Diff: 0, Sum: 0, Workers: 6
[41.696s][debug  ][gc,phases      ] GC(147)     Total                          Min: 0, Avg:  0.0, Max: 0, Diff: 0, Sum: 0, Workers: 6
[41.696s][debug  ][gc,phases      ] GC(147)   StringDedup Table Weak         Min:  0.0, Avg:  0.0, Max:  0.0, Diff:  0.0, Sum:  0.0, Workers: 6
[41.696s][debug  ][gc,phases      ] GC(147)     Dead                           Min: 0, Avg:  0.0, Max: 0, Diff: 0, Sum: 0, Workers: 6
[41.696s][debug  ][gc,phases      ] GC(147)     Total                          Min: 0, Avg:  0.0, Max: 0, Diff: 0, Sum: 0, Workers: 6
[41.696s][debug  ][gc,phases      ] GC(147)   StringDedup Requests0 Weak     Min:  0.0, Avg:  0.0, Max:  0.0, Diff:  0.0, Sum:  0.0, Workers: 6
[41.696s][debug  ][gc,phases      ] GC(147)     Dead                           Min: 0, Avg:  0.0, Max: 0, Diff: 0, Sum: 0, Workers: 6
[41.696s][debug  ][gc,phases      ] GC(147)     Total                          Min: 0, Avg:  0.0, Max: 0, Diff: 0, Sum: 0, Workers: 6
[41.696s][debug  ][gc,phases      ] GC(147)   StringDedup Requests1 Weak     Min:  0.0, Avg:  0.0, Max:  0.0, Diff:  0.0, Sum:  0.0, Workers: 6
[41.696s][debug  ][gc,phases      ] GC(147)     Dead                           Min: 0, Avg:  0.0, Max: 0, Diff: 0, Sum: 0, Workers: 6
[41.696s][debug  ][gc,phases      ] GC(147)     Total                          Min: 0, Avg:  0.0, Max: 0, Diff: 0, Sum: 0, Workers: 6
[41.696s][debug  ][gc,phases      ] GC(147)   Weak JFR Old Object Samples    Min:  0.0, Avg:  0.0, Max:  0.0, Diff:  0.0, Sum:  0.0, Workers: 6
[41.696s][debug  ][gc,phases      ] GC(147)     Dead                           Min: 0, Avg:  0.0, Max: 0, Diff: 0, Sum: 0, Workers: 6
[41.696s][debug  ][gc,phases      ] GC(147)     Total                          Min: 0, Avg:  0.0, Max: 0, Diff: 0, Sum: 0, Workers: 6
[41.696s][debug  ][gc,phases      ] GC(147) Weak Processing 1.004ms
[41.696s][debug  ][gc,ergo        ] GC(147) AdaptiveSizeStart:  collection: 148 
[41.696s][debug  ][gc,ergo        ] GC(147) avg_survived_padded_avg: 32285104.000000
[41.697s][debug  ][gc,ergo        ] GC(147) avg_promoted_padded_avg: 264302944.000000  avg_pretenured_padded_avg: 0.000000  tenuring_thresh: 1  target_size: 32505856
[41.697s][debug  ][gc,age         ] GC(147) Desired survivor size 32505856 bytes, new threshold 1 (max threshold 15)
[41.697s][debug  ][gc,ergo        ] GC(147) PSAdaptiveSizePolicy::compute_eden_space_size limits: desired_eden_size: 233032981 old_eden_size: 202899456 eden_limit: 203423744 cur_eden: 202899456 max_eden_size: 203423744 avg_young_live: 30017702
[41.697s][debug  ][gc,ergo        ] GC(147) PSAdaptiveSizePolicy::compute_eden_space_size: costs minor_time: 0.050072 major_cost: 0.017881 mutator_cost: 0.932047 throughput_goal: 0.990000
[41.697s][debug  ][gc,ergo        ] GC(147) Live_space: 820542976 free_space: 2041053184
[41.697s][debug  ][gc,ergo        ] GC(147) Old eden_size: 202899456 desired_eden_size: 203423744
[41.697s][debug  ][gc,ergo        ] GC(147) AdaptiveSizeStop: collection: 148 
[41.697s][info   ][gc,heap        ] GC(147) PSYoungGen: 218920K(229888K)->30720K(230400K) Eden: 188200K(198144K)->0K(198656K) From: 30720K(31744K)->30720K(31744K)
[41.697s][info   ][gc,heap        ] GC(147) ParOldGen: 1803877K(2200576K)->1906277K(2200576K)
[41.697s][info   ][gc,metaspace   ] GC(147) Metaspace: 1022K(1216K)->1022K(1216K) NonClass: 938K(1024K)->938K(1024K) Class: 83K(192K)->83K(192K)
[41.697s][info   ][gc             ] GC(147) Pause Young (Allocation Failure) 1975M->1891M(2374M) 13.018ms
[41.697s][info   ][gc,cpu         ] GC(147) User=0.16s Sys=0.00s Real=0.01s
[41.697s][debug  ][gc,heap        ] GC(147) Heap after GC invocations=148 (full 17):
[41.697s][debug  ][gc,heap        ] GC(147)  PSYoungGen      total 230400K, used 30720K [0x00000007f0000000, 0x0000000800000000, 0x0000000800000000)
[41.697s][debug  ][gc,heap        ] GC(147)   eden space 198656K, 0% used [0x00000007f0000000,0x00000007f0000000,0x00000007fc200000)
[41.697s][debug  ][gc,heap        ] GC(147)   from space 31744K, 96% used [0x00000007fe100000,0x00000007fff00030,0x0000000800000000)
[41.697s][debug  ][gc,heap        ] GC(147)   to   space 31744K, 0% used [0x00000007fc200000,0x00000007fc200000,0x00000007fe100000)
[41.697s][debug  ][gc,heap        ] GC(147)  ParOldGen       total 2200576K, used 1906277K [0x0000000740000000, 0x00000007c6500000, 0x00000007f0000000)
[41.697s][debug  ][gc,heap        ] GC(147)   object space 2200576K, 86% used [0x0000000740000000,0x00000007b4599798,0x00000007c6500000)
[41.697s][debug  ][gc,heap        ] GC(147)  Metaspace       used 1022K, committed 1216K, reserved 1056768K
[41.697s][debug  ][gc,heap        ] GC(147)   class space    used 83K, committed 192K, reserved 1048576K
[41.697s][debug  ][gc,task,time   ] GC(147) VM-Thread 416833906 416945419 416971128
[42.002s][debug  ][gc,heap        ] GC(148) Heap before GC invocations=149 (full 17):
[42.002s][debug  ][gc,heap        ] GC(148)  PSYoungGen      total 230400K, used 229170K [0x00000007f0000000, 0x0000000800000000, 0x0000000800000000)
[42.002s][debug  ][gc,heap        ] GC(148)   eden space 198656K, 99% used [0x00000007f0000000,0x00000007fc1ccab0,0x00000007fc200000)
[42.002s][debug  ][gc,heap        ] GC(148)   from space 31744K, 96% used [0x00000007fe100000,0x00000007fff00030,0x0000000800000000)
[42.002s][debug  ][gc,heap        ] GC(148)   to   space 31744K, 0% used [0x00000007fc200000,0x00000007fc200000,0x00000007fe100000)
[42.002s][debug  ][gc,heap        ] GC(148)  ParOldGen       total 2200576K, used 1906277K [0x0000000740000000, 0x00000007c6500000, 0x00000007f0000000)
[42.002s][debug  ][gc,heap        ] GC(148)   object space 2200576K, 86% used [0x0000000740000000,0x00000007b4599798,0x00000007c6500000)
[42.002s][debug  ][gc,heap        ] GC(148)  Metaspace       used 1022K, committed 1216K, reserved 1056768K
[42.002s][debug  ][gc,heap        ] GC(148)   class space    used 83K, committed 192K, reserved 1048576K
[42.002s][debug  ][gc,tlab        ] GC(148) TLAB totals: thrds: 1  refills: 1 max: 1 slow allocs: 18 max 18 waste: 27.5% gc: 3983744B max: 3983744B slow: 0B max: 0B
[42.002s][info   ][gc,start       ] GC(148) Pause Young (Allocation Failure)
[42.002s][debug  ][gc,phases,start] GC(148) Scavenge
[42.018s][debug  ][gc,phases      ] GC(148) Scavenge 15.795ms
[42.018s][debug  ][gc,phases,start] GC(148) Reference Processing
[42.018s][debug  ][gc,ref         ] GC(148) Skipped phase 1 of Reference Processing: no references
[42.018s][debug  ][gc,ref         ] GC(148) Skipped phase 2 of Reference Processing: no references
[42.018s][debug  ][gc,ref         ] GC(148) Skipped phase 3 of Reference Processing: no references
[42.018s][debug  ][gc,ref         ] GC(148) Skipped phase 4 of Reference Processing: no references
[42.018s][debug  ][gc,phases,ref  ] GC(148) Reference Processing: 0.1ms
[42.018s][debug  ][gc,phases,ref  ] GC(148)   Reconsider SoftReferences: 0.0ms
[42.018s][debug  ][gc,phases,ref  ] GC(148)     SoftRef (ms):                  skipped
[42.019s][debug  ][gc,phases,ref  ] GC(148)   Notify Soft/WeakReferences: 0.0ms
[42.019s][debug  ][gc,phases,ref  ] GC(148)     SoftRef (ms):                  skipped
[42.019s][debug  ][gc,phases,ref  ] GC(148)     WeakRef (ms):                  skipped
[42.019s][debug  ][gc,phases,ref  ] GC(148)     FinalRef (ms):                 skipped
[42.019s][debug  ][gc,phases,ref  ] GC(148)     Total (ms):                    skipped
[42.019s][debug  ][gc,phases,ref  ] GC(148)   Notify and keep alive finalizable: 0.0ms
[42.019s][debug  ][gc,phases,ref  ] GC(148)     FinalRef (ms):                 skipped
[42.019s][debug  ][gc,phases,ref  ] GC(148)   Notify PhantomReferences: 0.0ms
[42.019s][debug  ][gc,phases,ref  ] GC(148)     PhantomRef (ms):               skipped
[42.019s][debug  ][gc,phases,ref  ] GC(148)   SoftReference:
[42.019s][debug  ][gc,phases,ref  ] GC(148)     Discovered: 0
[42.019s][debug  ][gc,phases,ref  ] GC(148)     Cleared: 0
[42.019s][debug  ][gc,phases,ref  ] GC(148)   WeakReference:
[42.019s][debug  ][gc,phases,ref  ] GC(148)     Discovered: 0
[42.019s][debug  ][gc,phases,ref  ] GC(148)     Cleared: 0
[42.019s][debug  ][gc,phases,ref  ] GC(148)   FinalReference:
[42.019s][debug  ][gc,phases,ref  ] GC(148)     Discovered: 0
[42.019s][debug  ][gc,phases,ref  ] GC(148)     Cleared: 0
[42.019s][debug  ][gc,phases,ref  ] GC(148)   PhantomReference:
[42.019s][debug  ][gc,phases,ref  ] GC(148)     Discovered: 0
[42.019s][debug  ][gc,phases,ref  ] GC(148)     Cleared: 0
[42.019s][debug  ][gc,phases      ] GC(148) Reference Processing 0.619ms
[42.019s][debug  ][gc,phases,start] GC(148) Weak Processing
[42.019s][debug  ][gc,phases      ] GC(148)   VM Weak                        Min:  0.0, Avg:  0.0, Max:  0.0, Diff:  0.0, Sum:  0.0, Workers: 6
[42.019s][debug  ][gc,phases      ] GC(148)     Dead                           Min: 0, Avg:  0.0, Max: 0, Diff: 0, Sum: 0, Workers: 6
[42.019s][debug  ][gc,phases      ] GC(148)     Total                          Min: 0, Avg:  1.3, Max: 8, Diff: 8, Sum: 8, Workers: 6
[42.019s][debug  ][gc,phases      ] GC(148)   ObjectSynchronizer Weak        Min:  0.0, Avg:  0.0, Max:  0.0, Diff:  0.0, Sum:  0.0, Workers: 6
[42.019s][debug  ][gc,phases      ] GC(148)     Dead                           Min: 0, Avg:  0.0, Max: 0, Diff: 0, Sum: 0, Workers: 6
[42.019s][debug  ][gc,phases      ] GC(148)     Total                          Min: 0, Avg:  0.5, Max: 3, Diff: 3, Sum: 3, Workers: 6
[42.019s][debug  ][gc,phases      ] GC(148)   JVMTI Tag Weak OopStorage      Min:  0.0, Avg:  0.0, Max:  0.0, Diff:  0.0, Sum:  0.0, Workers: 6
[42.019s][debug  ][gc,phases      ] GC(148)     Dead                           Min: 0, Avg:  0.0, Max: 0, Diff: 0, Sum: 0, Workers: 6
[42.019s][debug  ][gc,phases      ] GC(148)     Total                          Min: 0, Avg:  0.0, Max: 0, Diff: 0, Sum: 0, Workers: 6
[42.019s][debug  ][gc,phases      ] GC(148)   StringTable Weak               Min:  0.0, Avg:  0.0, Max:  0.0, Diff:  0.0, Sum:  0.0, Workers: 6
[42.019s][debug  ][gc,phases      ] GC(148)     Dead                           Min: 0, Avg:  0.0, Max: 0, Diff: 0, Sum: 0, Workers: 6
[42.019s][debug  ][gc,phases      ] GC(148)     Total                          Min: 768, Avg: 892.5, Max: 1004, Diff: 236, Sum: 5355, Workers: 6
[42.019s][debug  ][gc,phases      ] GC(148)   ResolvedMethodTable Weak       Min:  0.0, Avg:  0.0, Max:  0.0, Diff:  0.0, Sum:  0.0, Workers: 6
[42.019s][debug  ][gc,phases      ] GC(148)     Dead                           Min: 0, Avg:  0.0, Max: 0, Diff: 0, Sum: 0, Workers: 6
[42.019s][debug  ][gc,phases      ] GC(148)     Total                          Min: 0, Avg: 21.7, Max: 64, Diff: 64, Sum: 130, Workers: 6
[42.019s][debug  ][gc,phases      ] GC(148)   JNI Weak                       Min:  0.0, Avg:  0.0, Max:  0.0, Diff:  0.0, Sum:  0.0, Workers: 6
[42.019s][debug  ][gc,phases      ] GC(148)     Dead                           Min: 0, Avg:  0.0, Max: 0, Diff: 0, Sum: 0, Workers: 6
[42.019s][debug  ][gc,phases      ] GC(148)     Total                          Min: 0, Avg:  0.0, Max: 0, Diff: 0, Sum: 0, Workers: 6
[42.019s][debug  ][gc,phases      ] GC(148)   StringDedup Table Weak         Min:  0.0, Avg:  0.0, Max:  0.0, Diff:  0.0, Sum:  0.0, Workers: 6
[42.019s][debug  ][gc,phases      ] GC(148)     Dead                           Min: 0, Avg:  0.0, Max: 0, Diff: 0, Sum: 0, Workers: 6
[42.019s][debug  ][gc,phases      ] GC(148)     Total                          Min: 0, Avg:  0.0, Max: 0, Diff: 0, Sum: 0, Workers: 6
[42.019s][debug  ][gc,phases      ] GC(148)   StringDedup Requests0 Weak     Min:  0.0, Avg:  0.0, Max:  0.0, Diff:  0.0, Sum:  0.0, Workers: 6
[42.019s][debug  ][gc,phases      ] GC(148)     Dead                           Min: 0, Avg:  0.0, Max: 0, Diff: 0, Sum: 0, Workers: 6
[42.020s][debug  ][gc,phases      ] GC(148)     Total                          Min: 0, Avg:  0.0, Max: 0, Diff: 0, Sum: 0, Workers: 6
[42.020s][debug  ][gc,phases      ] GC(148)   StringDedup Requests1 Weak     Min:  0.0, Avg:  0.0, Max:  0.0, Diff:  0.0, Sum:  0.0, Workers: 6
[42.020s][debug  ][gc,phases      ] GC(148)     Dead                           Min: 0, Avg:  0.0, Max: 0, Diff: 0, Sum: 0, Workers: 6
[42.020s][debug  ][gc,phases      ] GC(148)     Total                          Min: 0, Avg:  0.0, Max: 0, Diff: 0, Sum: 0, Workers: 6
[42.020s][debug  ][gc,phases      ] GC(148)   Weak JFR Old Object Samples    Min:  0.0, Avg:  0.0, Max:  0.0, Diff:  0.0, Sum:  0.0, Workers: 6
[42.020s][debug  ][gc,phases      ] GC(148)     Dead                           Min: 0, Avg:  0.0, Max: 0, Diff: 0, Sum: 0, Workers: 6
[42.020s][debug  ][gc,phases      ] GC(148)     Total                          Min: 0, Avg:  0.0, Max: 0, Diff: 0, Sum: 0, Workers: 6
[42.020s][debug  ][gc,phases      ] GC(148) Weak Processing 0.679ms
[42.020s][debug  ][gc,ergo        ] GC(148) AdaptiveSizeStart:  collection: 149 
[42.020s][debug  ][gc,ergo        ] GC(148) avg_survived_padded_avg: 32220546.000000
[42.020s][debug  ][gc,ergo        ] GC(148) avg_promoted_padded_avg: 267489280.000000  avg_pretenured_padded_avg: 0.000000  tenuring_thresh: 1  target_size: 32505856
[42.020s][debug  ][gc,age         ] GC(148) Desired survivor size 32505856 bytes, new threshold 1 (max threshold 15)
[42.020s][debug  ][gc,ergo        ] GC(148) PSAdaptiveSizePolicy::compute_eden_space_size limits: desired_eden_size: 233681838 old_eden_size: 203423744 eden_limit: 203423744 cur_eden: 203423744 max_eden_size: 203423744 avg_young_live: 30161662
[42.020s][debug  ][gc,ergo        ] GC(148) PSAdaptiveSizePolicy::compute_eden_space_size: costs minor_time: 0.050867 major_cost: 0.017881 mutator_cost: 0.931252 throughput_goal: 0.990000
[42.020s][debug  ][gc,ergo        ] GC(148) Live_space: 820686976 free_space: 2041577472
[42.020s][debug  ][gc,ergo        ] GC(148) Old eden_size: 203423744 desired_eden_size: 203423744
[42.020s][debug  ][gc,ergo        ] GC(148) AdaptiveSizeStop: collection: 149 
[42.020s][info   ][gc,heap        ] GC(148) PSYoungGen: 229170K(230400K)->30720K(230400K) Eden: 198450K(198656K)->0K(198656K) From: 30720K(31744K)->30720K(31744K)
[42.020s][info   ][gc,heap        ] GC(148) ParOldGen: 1906277K(2200576K)->2100838K(2200576K)
[42.020s][info   ][gc,metaspace   ] GC(148) Metaspace: 1022K(1216K)->1022K(1216K) NonClass: 938K(1024K)->938K(1024K) Class: 83K(192K)->83K(192K)
[42.020s][info   ][gc             ] GC(148) Pause Young (Allocation Failure) 2085M->2081M(2374M) 17.575ms
[42.020s][info   ][gc,cpu         ] GC(148) User=0.16s Sys=0.02s Real=0.02s
[42.020s][debug  ][gc,heap        ] GC(148) Heap after GC invocations=149 (full 17):
[42.020s][debug  ][gc,heap        ] GC(148)  PSYoungGen      total 230400K, used 30720K [0x00000007f0000000, 0x0000000800000000, 0x0000000800000000)
[42.020s][debug  ][gc,heap        ] GC(148)   eden space 198656K, 0% used [0x00000007f0000000,0x00000007f0000000,0x00000007fc200000)
[42.020s][debug  ][gc,heap        ] GC(148)   from space 31744K, 96% used [0x00000007fc200000,0x00000007fe000030,0x00000007fe100000)
[42.020s][debug  ][gc,heap        ] GC(148)   to   space 31744K, 0% used [0x00000007fe100000,0x00000007fe100000,0x0000000800000000)
[42.020s][debug  ][gc,heap        ] GC(148)  ParOldGen       total 2200576K, used 2100838K [0x0000000740000000, 0x00000007c6500000, 0x00000007f0000000)
[42.020s][debug  ][gc,heap        ] GC(148)   object space 2200576K, 95% used [0x0000000740000000,0x00000007c03998c8,0x00000007c6500000)
[42.020s][debug  ][gc,heap        ] GC(148)  Metaspace       used 1022K, committed 1216K, reserved 1056768K
[42.020s][debug  ][gc,heap        ] GC(148)   class space    used 83K, committed 192K, reserved 1048576K
[42.020s][debug  ][gc,task,time   ] GC(148) VM-Thread 420019596 420183238 420202194
[42.020s][debug  ][gc,phases,start] GC(149) Pre Compact
[42.020s][debug  ][gc,heap        ] GC(149) Heap before GC invocations=150 (full 18):
[42.020s][debug  ][gc,heap        ] GC(149)  PSYoungGen      total 230400K, used 30720K [0x00000007f0000000, 0x0000000800000000, 0x0000000800000000)
[42.020s][debug  ][gc,heap        ] GC(149)   eden space 198656K, 0% used [0x00000007f0000000,0x00000007f0000000,0x00000007fc200000)
[42.020s][debug  ][gc,heap        ] GC(149)   from space 31744K, 96% used [0x00000007fc200000,0x00000007fe000030,0x00000007fe100000)
[42.020s][debug  ][gc,heap        ] GC(149)   to   space 31744K, 0% used [0x00000007fe100000,0x00000007fe100000,0x0000000800000000)
[42.020s][debug  ][gc,heap        ] GC(149)  ParOldGen       total 2200576K, used 2100838K [0x0000000740000000, 0x00000007c6500000, 0x00000007f0000000)
[42.020s][debug  ][gc,heap        ] GC(149)   object space 2200576K, 95% used [0x0000000740000000,0x00000007c03998c8,0x00000007c6500000)
[42.020s][debug  ][gc,heap        ] GC(149)  Metaspace       used 1022K, committed 1216K, reserved 1056768K
[42.020s][debug  ][gc,heap        ] GC(149)   class space    used 83K, committed 192K, reserved 1048576K
[42.020s][debug  ][gc,phases      ] GC(149) Pre Compact 0.202ms
[42.020s][info   ][gc,start       ] GC(149) Pause Full (Ergonomics)
[42.021s][info   ][gc,phases,start] GC(149) Marking Phase
[42.021s][debug  ][gc,phases,start] GC(149) Par Mark
[42.021s][debug  ][gc,phases      ] GC(149) Par Mark 0.533ms
[42.021s][debug  ][gc,phases,start] GC(149) Reference Processing
[42.021s][debug  ][gc,ref         ] GC(149) Skipped phase 1 of Reference Processing: no references
[42.021s][debug  ][gc,ref         ] GC(149) ReferenceProcessor::execute queues: 1, RefProcThreadModel::Single, marks_oops_alive: false
[42.021s][debug  ][gc,ref         ] GC(149) Skipped phase 3 of Reference Processing: no references
[42.021s][debug  ][gc,ref         ] GC(149) ReferenceProcessor::execute queues: 1, RefProcThreadModel::Single, marks_oops_alive: false
[42.021s][debug  ][gc,phases,ref  ] GC(149) Reference Processing: 0.1ms
[42.021s][debug  ][gc,phases,ref  ] GC(149)   Reconsider SoftReferences: 0.0ms
[42.021s][debug  ][gc,phases,ref  ] GC(149)     SoftRef (ms):                  skipped
[42.021s][debug  ][gc,phases,ref  ] GC(149)   Notify Soft/WeakReferences: 0.0ms
[42.021s][debug  ][gc,phases,ref  ] GC(149)     SoftRef (ms):                  Min:  0.0, Avg:  0.0, Max:  0.0, Diff:  0.0, Sum:  0.0, Workers: 10
[42.021s][debug  ][gc,phases,ref  ] GC(149)     WeakRef (ms):                  Min:  0.0, Avg:  0.0, Max:  0.0, Diff:  0.0, Sum:  0.0, Workers: 10
[42.021s][debug  ][gc,phases,ref  ] GC(149)     FinalRef (ms):                 Min:  0.0, Avg:  0.0, Max:  0.0, Diff:  0.0, Sum:  0.0, Workers: 10
[42.021s][debug  ][gc,phases,ref  ] GC(149)     Total (ms):                    Min:  0.0, Avg:  0.0, Max:  0.0, Diff:  0.0, Sum:  0.0, Workers: 10
[42.021s][debug  ][gc,phases,ref  ] GC(149)   Notify and keep alive finalizable: 0.0ms
[42.021s][debug  ][gc,phases,ref  ] GC(149)     FinalRef (ms):                 skipped
[42.021s][debug  ][gc,phases,ref  ] GC(149)   Notify PhantomReferences: 0.0ms
[42.021s][debug  ][gc,phases,ref  ] GC(149)     PhantomRef (ms):               Min:  0.0, Avg:  0.0, Max:  0.0, Diff:  0.0, Sum:  0.0, Workers: 10
[42.021s][debug  ][gc,phases,ref  ] GC(149)   SoftReference:
[42.021s][debug  ][gc,phases,ref  ] GC(149)     Discovered: 0
[42.022s][debug  ][gc,phases,ref  ] GC(149)     Cleared: 0
[42.022s][debug  ][gc,phases,ref  ] GC(149)   WeakReference:
[42.022s][debug  ][gc,phases,ref  ] GC(149)     Discovered: 75
[42.022s][debug  ][gc,phases,ref  ] GC(149)     Cleared: 75
[42.022s][debug  ][gc,phases,ref  ] GC(149)   FinalReference:
[42.022s][debug  ][gc,phases,ref  ] GC(149)     Discovered: 0
[42.022s][debug  ][gc,phases,ref  ] GC(149)     Cleared: 0
[42.022s][debug  ][gc,phases,ref  ] GC(149)   PhantomReference:
[42.022s][debug  ][gc,phases,ref  ] GC(149)     Discovered: 5
[42.022s][debug  ][gc,phases,ref  ] GC(149)     Cleared: 5
[42.022s][debug  ][gc,phases      ] GC(149) Reference Processing 0.599ms
[42.022s][debug  ][gc,phases,start] GC(149) Weak Processing
[42.022s][debug  ][gc,phases      ] GC(149)   VM Weak                        Min:  0.0, Avg:  0.0, Max:  0.0, Diff:  0.0, Sum:  0.0, Workers: 6
[42.022s][debug  ][gc,phases      ] GC(149)     Dead                           Min: 0, Avg:  0.0, Max: 0, Diff: 0, Sum: 0, Workers: 6
[42.022s][debug  ][gc,phases      ] GC(149)     Total                          Min: 0, Avg:  1.3, Max: 8, Diff: 8, Sum: 8, Workers: 6
[42.022s][debug  ][gc,phases      ] GC(149)   ObjectSynchronizer Weak        Min:  0.0, Avg:  0.0, Max:  0.0, Diff:  0.0, Sum:  0.0, Workers: 6
[42.022s][debug  ][gc,phases      ] GC(149)     Dead                           Min: 0, Avg:  0.0, Max: 0, Diff: 0, Sum: 0, Workers: 6
[42.022s][debug  ][gc,phases      ] GC(149)     Total                          Min: 0, Avg:  0.5, Max: 3, Diff: 3, Sum: 3, Workers: 6
[42.022s][debug  ][gc,phases      ] GC(149)   JVMTI Tag Weak OopStorage      Min:  0.0, Avg:  0.0, Max:  0.0, Diff:  0.0, Sum:  0.0, Workers: 6
[42.022s][debug  ][gc,phases      ] GC(149)     Dead                           Min: 0, Avg:  0.0, Max: 0, Diff: 0, Sum: 0, Workers: 6
[42.022s][debug  ][gc,phases      ] GC(149)     Total                          Min: 0, Avg:  0.0, Max: 0, Diff: 0, Sum: 0, Workers: 6
[42.022s][debug  ][gc,phases      ] GC(149)   StringTable Weak               Min:  0.0, Avg:  0.0, Max:  0.0, Diff:  0.0, Sum:  0.0, Workers: 6
[42.022s][debug  ][gc,phases      ] GC(149)     Dead                           Min: 0, Avg:  0.0, Max: 0, Diff: 0, Sum: 0, Workers: 6
[42.022s][debug  ][gc,phases      ] GC(149)     Total                          Min: 812, Avg: 892.5, Max: 1024, Diff: 212, Sum: 5355, Workers: 6
[42.022s][debug  ][gc,phases      ] GC(149)   ResolvedMethodTable Weak       Min:  0.0, Avg:  0.0, Max:  0.0, Diff:  0.0, Sum:  0.0, Workers: 6
[42.022s][debug  ][gc,phases      ] GC(149)     Dead                           Min: 0, Avg:  0.0, Max: 0, Diff: 0, Sum: 0, Workers: 6
[42.022s][debug  ][gc,phases      ] GC(149)     Total                          Min: 0, Avg: 21.7, Max: 64, Diff: 64, Sum: 130, Workers: 6
[42.022s][debug  ][gc,phases      ] GC(149)   JNI Weak                       Min:  0.0, Avg:  0.0, Max:  0.0, Diff:  0.0, Sum:  0.0, Workers: 6
[42.022s][debug  ][gc,phases      ] GC(149)     Dead                           Min: 0, Avg:  0.0, Max: 0, Diff: 0, Sum: 0, Workers: 6
[42.022s][debug  ][gc,phases      ] GC(149)     Total                          Min: 0, Avg:  0.0, Max: 0, Diff: 0, Sum: 0, Workers: 6
[42.022s][debug  ][gc,phases      ] GC(149)   StringDedup Table Weak         Min:  0.0, Avg:  0.0, Max:  0.0, Diff:  0.0, Sum:  0.0, Workers: 6
[42.022s][debug  ][gc,phases      ] GC(149)     Dead                           Min: 0, Avg:  0.0, Max: 0, Diff: 0, Sum: 0, Workers: 6
[42.022s][debug  ][gc,phases      ] GC(149)     Total                          Min: 0, Avg:  0.0, Max: 0, Diff: 0, Sum: 0, Workers: 6
[42.022s][debug  ][gc,phases      ] GC(149)   StringDedup Requests0 Weak     Min:  0.0, Avg:  0.0, Max:  0.0, Diff:  0.0, Sum:  0.0, Workers: 6
[42.022s][debug  ][gc,phases      ] GC(149)     Dead                           Min: 0, Avg:  0.0, Max: 0, Diff: 0, Sum: 0, Workers: 6
[42.022s][debug  ][gc,phases      ] GC(149)     Total                          Min: 0, Avg:  0.0, Max: 0, Diff: 0, Sum: 0, Workers: 6
[42.022s][debug  ][gc,phases      ] GC(149)   StringDedup Requests1 Weak     Min:  0.0, Avg:  0.0, Max:  0.0, Diff:  0.0, Sum:  0.0, Workers: 6
[42.022s][debug  ][gc,phases      ] GC(149)     Dead                           Min: 0, Avg:  0.0, Max: 0, Diff: 0, Sum: 0, Workers: 6
[42.022s][debug  ][gc,phases      ] GC(149)     Total                          Min: 0, Avg:  0.0, Max: 0, Diff: 0, Sum: 0, Workers: 6
[42.022s][debug  ][gc,phases      ] GC(149)   Weak JFR Old Object Samples    Min:  0.0, Avg:  0.0, Max:  0.0, Diff:  0.0, Sum:  0.0, Workers: 6
[42.022s][debug  ][gc,phases      ] GC(149)     Dead                           Min: 0, Avg:  0.0, Max: 0, Diff: 0, Sum: 0, Workers: 6
[42.022s][debug  ][gc,phases      ] GC(149)     Total                          Min: 0, Avg:  0.0, Max: 0, Diff: 0, Sum: 0, Workers: 6
[42.022s][debug  ][gc,phases      ] GC(149) Weak Processing 0.720ms
[42.022s][debug  ][gc,phases,start] GC(149) Class Unloading
[42.022s][debug  ][gc,phases,start] GC(149) ClassLoaderData
[42.023s][debug  ][gc,phases      ] GC(149) ClassLoaderData 0.019ms
[42.023s][debug  ][gc,phases,start] GC(149) Trigger cleanups
[42.023s][debug  ][gc,phases      ] GC(149) Trigger cleanups 0.021ms
[42.023s][debug  ][gc,phases      ] GC(149) Class Unloading 0.287ms
[42.023s][info   ][gc,phases      ] GC(149) Marking Phase 2.285ms
[42.023s][info   ][gc,phases,start] GC(149) Summary Phase
[42.023s][info   ][gc,phases      ] GC(149) Summary Phase 0.048ms
[42.023s][info   ][gc,phases,start] GC(149) Adjust Roots
[42.023s][info   ][gc,phases      ] GC(149) Adjust Roots 0.146ms
[42.023s][info   ][gc,phases,start] GC(149) Compaction Phase
[42.060s][info   ][gc,phases      ] GC(149) Compaction Phase 36.439ms
[42.060s][info   ][gc,phases,start] GC(149) Post Compact
[42.068s][info   ][gc,phases      ] GC(149) Post Compact 8.088ms
[42.068s][debug  ][gc,ergo        ] GC(149) AdaptiveSizeStart: collection: 150 
[42.068s][debug  ][gc,ergo        ] GC(149) PSAdaptiveSizePolicy::compute_eden_space_size limits: desired_eden_size: 234243742 old_eden_size: 203423744 eden_limit: 203423744 cur_eden: 203423744 max_eden_size: 203423744 avg_young_live: 27145496
[42.068s][debug  ][gc,ergo        ] GC(149) PSAdaptiveSizePolicy::compute_eden_space_size: costs minor_time: 0.050867 major_cost: 0.016628 mutator_cost: 0.932505 throughput_goal: 0.990000
[42.068s][debug  ][gc,ergo        ] GC(149) Live_space: 817670784 free_space: 2041577472
[42.068s][debug  ][gc,ergo        ] GC(149) Old eden_size: 203423744 desired_eden_size: 203423744
[42.068s][debug  ][gc,ergo        ] GC(149) PSAdaptiveSizePolicy::compute_old_gen_free_space: costs minor_time: 0.050867 major_cost: 0.016628  mutator_cost: 0.932505 throughput_goal: 0.990000
[42.068s][debug  ][gc,ergo        ] GC(149) Live_space: 799183744 free_space: 2041577472
[42.068s][debug  ][gc,ergo        ] GC(149) Old promo_size: 1838153728 desired_promo_size: 1928855552
[42.069s][debug  ][gc             ] GC(149) Expanding ParOldGen from 2200576K by 273920K to 2474496K
[42.069s][debug  ][gc,ergo        ] GC(149) AdaptiveSizeStop: collection: 150 
[42.069s][info   ][gc,heap        ] GC(149) PSYoungGen: 30720K(230400K)->0K(230400K) Eden: 0K(198656K)->0K(198656K) From: 30720K(31744K)->0K(31744K)
[42.069s][info   ][gc,heap        ] GC(149) ParOldGen: 2100838K(2200576K)->329315K(2474496K)
[42.069s][info   ][gc,metaspace   ] GC(149) Metaspace: 1022K(1216K)->1022K(1216K) NonClass: 938K(1024K)->938K(1024K) Class: 83K(192K)->83K(192K)
[42.069s][info   ][gc             ] GC(149) Pause Full (Ergonomics) 2081M->321M(2641M) 48.457ms
[42.069s][info   ][gc,cpu         ] GC(149) User=0.31s Sys=0.00s Real=0.05s
[42.069s][debug  ][gc,heap        ] GC(149) Heap after GC invocations=150 (full 18):
[42.069s][debug  ][gc,heap        ] GC(149)  PSYoungGen      total 230400K, used 0K [0x00000007f0000000, 0x0000000800000000, 0x0000000800000000)
[42.069s][debug  ][gc,heap        ] GC(149)   eden space 198656K, 0% used [0x00000007f0000000,0x00000007f0000000,0x00000007fc200000)
[42.069s][debug  ][gc,heap        ] GC(149)   from space 31744K, 0% used [0x00000007fe100000,0x00000007fe100000,0x0000000800000000)
[42.069s][debug  ][gc,heap        ] GC(149)   to   space 31744K, 0% used [0x00000007fc200000,0x00000007fc200000,0x00000007fe100000)
[42.069s][debug  ][gc,heap        ] GC(149)  ParOldGen       total 2474496K, used 329315K [0x0000000740000000, 0x00000007d7080000, 0x00000007f0000000)
[42.069s][debug  ][gc,heap        ] GC(149)   object space 2474496K, 13% used [0x0000000740000000,0x0000000754198df8,0x00000007d7080000)
[42.069s][debug  ][gc,heap        ] GC(149)  Metaspace       used 1022K, committed 1216K, reserved 1056768K
[42.069s][debug  ][gc,heap        ] GC(149)   class space    used 83K, committed 192K, reserved 1048576K
[42.069s][debug  ][gc,task,time   ] GC(149) VM-Thread 420205002 420230895 420689933
[42.368s][debug  ][gc,heap        ] GC(150) Heap before GC invocations=151 (full 18):
[42.368s][debug  ][gc,heap        ] GC(150)  PSYoungGen      total 230400K, used 198452K [0x00000007f0000000, 0x0000000800000000, 0x0000000800000000)
[42.368s][debug  ][gc,heap        ] GC(150)   eden space 198656K, 99% used [0x00000007f0000000,0x00000007fc1cd180,0x00000007fc200000)
[42.368s][debug  ][gc,heap        ] GC(150)   from space 31744K, 0% used [0x00000007fe100000,0x00000007fe100000,0x0000000800000000)
[42.368s][debug  ][gc,heap        ] GC(150)   to   space 31744K, 0% used [0x00000007fc200000,0x00000007fc200000,0x00000007fe100000)
[42.368s][debug  ][gc,heap        ] GC(150)  ParOldGen       total 2474496K, used 329315K [0x0000000740000000, 0x00000007d7080000, 0x00000007f0000000)
[42.368s][debug  ][gc,heap        ] GC(150)   object space 2474496K, 13% used [0x0000000740000000,0x0000000754198df8,0x00000007d7080000)
[42.368s][debug  ][gc,heap        ] GC(150)  Metaspace       used 1022K, committed 1216K, reserved 1056768K
[42.368s][debug  ][gc,heap        ] GC(150)   class space    used 83K, committed 192K, reserved 1048576K
[42.368s][debug  ][gc,tlab        ] GC(150) TLAB totals: thrds: 1  refills: 1 max: 1 slow allocs: 18 max 18 waste: 27.5% gc: 3985488B max: 3985488B slow: 0B max: 0B
[42.368s][info   ][gc,start       ] GC(150) Pause Young (Allocation Failure)
[42.369s][debug  ][gc,phases,start] GC(150) Scavenge
[42.382s][debug  ][gc,phases      ] GC(150) Scavenge 13.537ms
[42.382s][debug  ][gc,phases,start] GC(150) Reference Processing
[42.382s][debug  ][gc,ref         ] GC(150) Skipped phase 1 of Reference Processing: no references
[42.382s][debug  ][gc,ref         ] GC(150) Skipped phase 2 of Reference Processing: no references
[42.382s][debug  ][gc,ref         ] GC(150) Skipped phase 3 of Reference Processing: no references
[42.382s][debug  ][gc,ref         ] GC(150) Skipped phase 4 of Reference Processing: no references
[42.382s][debug  ][gc,phases,ref  ] GC(150) Reference Processing: 0.1ms
[42.382s][debug  ][gc,phases,ref  ] GC(150)   Reconsider SoftReferences: 0.0ms
[42.382s][debug  ][gc,phases,ref  ] GC(150)     SoftRef (ms):                  skipped
[42.382s][debug  ][gc,phases,ref  ] GC(150)   Notify Soft/WeakReferences: 0.0ms
[42.382s][debug  ][gc,phases,ref  ] GC(150)     SoftRef (ms):                  skipped
[42.382s][debug  ][gc,phases,ref  ] GC(150)     WeakRef (ms):                  skipped
[42.382s][debug  ][gc,phases,ref  ] GC(150)     FinalRef (ms):                 skipped
[42.382s][debug  ][gc,phases,ref  ] GC(150)     Total (ms):                    skipped
[42.382s][debug  ][gc,phases,ref  ] GC(150)   Notify and keep alive finalizable: 0.0ms
[42.382s][debug  ][gc,phases,ref  ] GC(150)     FinalRef (ms):                 skipped
[42.383s][debug  ][gc,phases,ref  ] GC(150)   Notify PhantomReferences: 0.0ms
[42.383s][debug  ][gc,phases,ref  ] GC(150)     PhantomRef (ms):               skipped
[42.383s][debug  ][gc,phases,ref  ] GC(150)   SoftReference:
[42.383s][debug  ][gc,phases,ref  ] GC(150)     Discovered: 0
[42.383s][debug  ][gc,phases,ref  ] GC(150)     Cleared: 0
[42.383s][debug  ][gc,phases,ref  ] GC(150)   WeakReference:
[42.383s][debug  ][gc,phases,ref  ] GC(150)     Discovered: 0
[42.383s][debug  ][gc,phases,ref  ] GC(150)     Cleared: 0
[42.383s][debug  ][gc,phases,ref  ] GC(150)   FinalReference:
[42.383s][debug  ][gc,phases,ref  ] GC(150)     Discovered: 0
[42.383s][debug  ][gc,phases,ref  ] GC(150)     Cleared: 0
[42.383s][debug  ][gc,phases,ref  ] GC(150)   PhantomReference:
[42.383s][debug  ][gc,phases,ref  ] GC(150)     Discovered: 0
[42.383s][debug  ][gc,phases,ref  ] GC(150)     Cleared: 0
[42.383s][debug  ][gc,phases      ] GC(150) Reference Processing 0.680ms
[42.383s][debug  ][gc,phases,start] GC(150) Weak Processing
[42.383s][debug  ][gc,phases      ] GC(150)   VM Weak                        Min:  0.0, Avg:  0.0, Max:  0.0, Diff:  0.0, Sum:  0.0, Workers: 6
[42.383s][debug  ][gc,phases      ] GC(150)     Dead                           Min: 0, Avg:  0.0, Max: 0, Diff: 0, Sum: 0, Workers: 6
[42.383s][debug  ][gc,phases      ] GC(150)     Total                          Min: 0, Avg:  1.3, Max: 8, Diff: 8, Sum: 8, Workers: 6
[42.383s][debug  ][gc,phases      ] GC(150)   ObjectSynchronizer Weak        Min:  0.0, Avg:  0.0, Max:  0.0, Diff:  0.0, Sum:  0.0, Workers: 6
[42.383s][debug  ][gc,phases      ] GC(150)     Dead                           Min: 0, Avg:  0.0, Max: 0, Diff: 0, Sum: 0, Workers: 6
[42.383s][debug  ][gc,phases      ] GC(150)     Total                          Min: 0, Avg:  0.5, Max: 3, Diff: 3, Sum: 3, Workers: 6
[42.383s][debug  ][gc,phases      ] GC(150)   JVMTI Tag Weak OopStorage      Min:  0.0, Avg:  0.0, Max:  0.0, Diff:  0.0, Sum:  0.0, Workers: 6
[42.383s][debug  ][gc,phases      ] GC(150)     Dead                           Min: 0, Avg:  0.0, Max: 0, Diff: 0, Sum: 0, Workers: 6
[42.383s][debug  ][gc,phases      ] GC(150)     Total                          Min: 0, Avg:  0.0, Max: 0, Diff: 0, Sum: 0, Workers: 6
[42.383s][debug  ][gc,phases      ] GC(150)   StringTable Weak               Min:  0.0, Avg:  0.0, Max:  0.0, Diff:  0.0, Sum:  0.0, Workers: 6
[42.383s][debug  ][gc,phases      ] GC(150)     Dead                           Min: 0, Avg:  0.0, Max: 0, Diff: 0, Sum: 0, Workers: 6
[42.383s][debug  ][gc,phases      ] GC(150)     Total                          Min: 768, Avg: 892.5, Max: 1024, Diff: 256, Sum: 5355, Workers: 6
[42.383s][debug  ][gc,phases      ] GC(150)   ResolvedMethodTable Weak       Min:  0.0, Avg:  0.0, Max:  0.0, Diff:  0.0, Sum:  0.0, Workers: 6
[42.383s][debug  ][gc,phases      ] GC(150)     Dead                           Min: 0, Avg:  0.0, Max: 0, Diff: 0, Sum: 0, Workers: 6
[42.383s][debug  ][gc,phases      ] GC(150)     Total                          Min: 0, Avg: 21.7, Max: 64, Diff: 64, Sum: 130, Workers: 6
[42.383s][debug  ][gc,phases      ] GC(150)   JNI Weak                       Min:  0.0, Avg:  0.0, Max:  0.0, Diff:  0.0, Sum:  0.0, Workers: 6
[42.383s][debug  ][gc,phases      ] GC(150)     Dead                           Min: 0, Avg:  0.0, Max: 0, Diff: 0, Sum: 0, Workers: 6
[42.383s][debug  ][gc,phases      ] GC(150)     Total                          Min: 0, Avg:  0.0, Max: 0, Diff: 0, Sum: 0, Workers: 6
[42.383s][debug  ][gc,phases      ] GC(150)   StringDedup Table Weak         Min:  0.0, Avg:  0.0, Max:  0.0, Diff:  0.0, Sum:  0.0, Workers: 6
[42.383s][debug  ][gc,phases      ] GC(150)     Dead                           Min: 0, Avg:  0.0, Max: 0, Diff: 0, Sum: 0, Workers: 6
[42.383s][debug  ][gc,phases      ] GC(150)     Total                          Min: 0, Avg:  0.0, Max: 0, Diff: 0, Sum: 0, Workers: 6
[42.383s][debug  ][gc,phases      ] GC(150)   StringDedup Requests0 Weak     Min:  0.0, Avg:  0.0, Max:  0.0, Diff:  0.0, Sum:  0.0, Workers: 6
[42.383s][debug  ][gc,phases      ] GC(150)     Dead                           Min: 0, Avg:  0.0, Max: 0, Diff: 0, Sum: 0, Workers: 6
[42.383s][debug  ][gc,phases      ] GC(150)     Total                          Min: 0, Avg:  0.0, Max: 0, Diff: 0, Sum: 0, Workers: 6
[42.384s][debug  ][gc,phases      ] GC(150)   StringDedup Requests1 Weak     Min:  0.0, Avg:  0.0, Max:  0.0, Diff:  0.0, Sum:  0.0, Workers: 6
[42.384s][debug  ][gc,phases      ] GC(150)     Dead                           Min: 0, Avg:  0.0, Max: 0, Diff: 0, Sum: 0, Workers: 6
[42.384s][debug  ][gc,phases      ] GC(150)     Total                          Min: 0, Avg:  0.0, Max: 0, Diff: 0, Sum: 0, Workers: 6
[42.384s][debug  ][gc,phases      ] GC(150)   Weak JFR Old Object Samples    Min:  0.0, Avg:  0.0, Max:  0.0, Diff:  0.0, Sum:  0.0, Workers: 6
[42.384s][debug  ][gc,phases      ] GC(150)     Dead                           Min: 0, Avg:  0.0, Max: 0, Diff: 0, Sum: 0, Workers: 6
[42.384s][debug  ][gc,phases      ] GC(150)     Total                          Min: 0, Avg:  0.0, Max: 0, Diff: 0, Sum: 0, Workers: 6
[42.384s][debug  ][gc,phases      ] GC(150) Weak Processing 0.820ms
[42.384s][debug  ][gc,ergo        ] GC(150) AdaptiveSizeStart:  collection: 151 
[42.384s][debug  ][gc,ergo        ] GC(150) avg_survived_padded_avg: 32160622.000000
[42.384s][debug  ][gc,ergo        ] GC(150) avg_promoted_padded_avg: 257748400.000000  avg_pretenured_padded_avg: 0.000000  tenuring_thresh: 1  target_size: 32505856
[42.384s][debug  ][gc,age         ] GC(150) Desired survivor size 32505856 bytes, new threshold 1 (max threshold 15)
[42.384s][debug  ][gc,ergo        ] GC(150) PSAdaptiveSizePolicy::compute_eden_space_size limits: desired_eden_size: 233890218 old_eden_size: 203423744 eden_limit: 203423744 cur_eden: 203423744 max_eden_size: 203423744 avg_young_live: 27576678
[42.384s][debug  ][gc,ergo        ] GC(150) PSAdaptiveSizePolicy::compute_eden_space_size: costs minor_time: 0.048579 major_cost: 0.016628 mutator_cost: 0.934793 throughput_goal: 0.990000
[42.384s][debug  ][gc,ergo        ] GC(150) Live_space: 799614912 free_space: 2132279296
[42.384s][debug  ][gc,ergo        ] GC(150) Old eden_size: 203423744 desired_eden_size: 203423744
[42.384s][debug  ][gc,ergo        ] GC(150) AdaptiveSizeStop: collection: 151 
[42.384s][info   ][gc,heap        ] GC(150) PSYoungGen: 198452K(230400K)->30720K(230400K) Eden: 198452K(198656K)->0K(198656K) From: 0K(31744K)->30720K(31744K)
[42.384s][info   ][gc,heap        ] GC(150) ParOldGen: 329315K(2474496K)->493155K(2474496K)
[42.384s][info   ][gc,metaspace   ] GC(150) Metaspace: 1022K(1216K)->1022K(1216K) NonClass: 938K(1024K)->938K(1024K) Class: 83K(192K)->83K(192K)
[42.384s][info   ][gc             ] GC(150) Pause Young (Allocation Failure) 515M->511M(2641M) 15.592ms
[42.384s][info   ][gc,cpu         ] GC(150) User=0.16s Sys=0.00s Real=0.02s
[42.384s][debug  ][gc,heap        ] GC(150) Heap after GC invocations=151 (full 18):
[42.384s][debug  ][gc,heap        ] GC(150)  PSYoungGen      total 230400K, used 30720K [0x00000007f0000000, 0x0000000800000000, 0x0000000800000000)
[42.384s][debug  ][gc,heap        ] GC(150)   eden space 198656K, 0% used [0x00000007f0000000,0x00000007f0000000,0x00000007fc200000)
[42.384s][debug  ][gc,heap        ] GC(150)   from space 31744K, 96% used [0x00000007fc200000,0x00000007fe000030,0x00000007fe100000)
[42.384s][debug  ][gc,heap        ] GC(150)   to   space 31744K, 0% used [0x00000007fe100000,0x00000007fe100000,0x0000000800000000)
[42.384s][debug  ][gc,heap        ] GC(150)  ParOldGen       total 2474496K, used 493155K [0x0000000740000000, 0x00000007d7080000, 0x00000007f0000000)
[42.384s][debug  ][gc,heap        ] GC(150)   object space 2474496K, 19% used [0x0000000740000000,0x000000075e198ef8,0x00000007d7080000)
[42.384s][debug  ][gc,heap        ] GC(150)  Metaspace       used 1022K, committed 1216K, reserved 1056768K
[42.384s][debug  ][gc,heap        ] GC(150)   class space    used 83K, committed 192K, reserved 1048576K
[42.384s][debug  ][gc,task,time   ] GC(150) VM-Thread 423680260 423821395 423843452
[42.683s][debug  ][gc,heap        ] GC(151) Heap before GC invocations=152 (full 18):
[42.683s][debug  ][gc,heap        ] GC(151)  PSYoungGen      total 230400K, used 229101K [0x00000007f0000000, 0x0000000800000000, 0x0000000800000000)
[42.683s][debug  ][gc,heap        ] GC(151)   eden space 198656K, 99% used [0x00000007f0000000,0x00000007fc1bb6d8,0x00000007fc200000)
[42.683s][debug  ][gc,heap        ] GC(151)   from space 31744K, 96% used [0x00000007fc200000,0x00000007fe000030,0x00000007fe100000)
[42.683s][debug  ][gc,heap        ] GC(151)   to   space 31744K, 0% used [0x00000007fe100000,0x00000007fe100000,0x0000000800000000)
[42.683s][debug  ][gc,heap        ] GC(151)  ParOldGen       total 2474496K, used 493155K [0x0000000740000000, 0x00000007d7080000, 0x00000007f0000000)
[42.683s][debug  ][gc,heap        ] GC(151)   object space 2474496K, 19% used [0x0000000740000000,0x000000075e198ef8,0x00000007d7080000)
[42.683s][debug  ][gc,heap        ] GC(151)  Metaspace       used 1022K, committed 1216K, reserved 1056768K
[42.683s][debug  ][gc,heap        ] GC(151)   class space    used 83K, committed 192K, reserved 1048576K
[42.683s][debug  ][gc,tlab        ] GC(151) TLAB totals: thrds: 1  refills: 1 max: 1 slow allocs: 18 max 18 waste: 27.2% gc: 3913128B max: 3913128B slow: 0B max: 0B
[42.683s][info   ][gc,start       ] GC(151) Pause Young (Allocation Failure)
[42.684s][debug  ][gc,phases,start] GC(151) Scavenge
[42.699s][debug  ][gc,phases      ] GC(151) Scavenge 15.329ms
[42.699s][debug  ][gc,phases,start] GC(151) Reference Processing
[42.699s][debug  ][gc,ref         ] GC(151) Skipped phase 1 of Reference Processing: no references
[42.699s][debug  ][gc,ref         ] GC(151) Skipped phase 2 of Reference Processing: no references
[42.699s][debug  ][gc,ref         ] GC(151) Skipped phase 3 of Reference Processing: no references
[42.699s][debug  ][gc,ref         ] GC(151) Skipped phase 4 of Reference Processing: no references
[42.699s][debug  ][gc,phases,ref  ] GC(151) Reference Processing: 0.1ms
[42.699s][debug  ][gc,phases,ref  ] GC(151)   Reconsider SoftReferences: 0.0ms
[42.699s][debug  ][gc,phases,ref  ] GC(151)     SoftRef (ms):                  skipped
[42.699s][debug  ][gc,phases,ref  ] GC(151)   Notify Soft/WeakReferences: 0.0ms
[42.699s][debug  ][gc,phases,ref  ] GC(151)     SoftRef (ms):                  skipped
[42.699s][debug  ][gc,phases,ref  ] GC(151)     WeakRef (ms):                  skipped
[42.699s][debug  ][gc,phases,ref  ] GC(151)     FinalRef (ms):                 skipped
[42.699s][debug  ][gc,phases,ref  ] GC(151)     Total (ms):                    skipped
[42.699s][debug  ][gc,phases,ref  ] GC(151)   Notify and keep alive finalizable: 0.0ms
[42.699s][debug  ][gc,phases,ref  ] GC(151)     FinalRef (ms):                 skipped
[42.699s][debug  ][gc,phases,ref  ] GC(151)   Notify PhantomReferences: 0.0ms
[42.699s][debug  ][gc,phases,ref  ] GC(151)     PhantomRef (ms):               skipped
[42.699s][debug  ][gc,phases,ref  ] GC(151)   SoftReference:
[42.699s][debug  ][gc,phases,ref  ] GC(151)     Discovered: 0
[42.699s][debug  ][gc,phases,ref  ] GC(151)     Cleared: 0
[42.699s][debug  ][gc,phases,ref  ] GC(151)   WeakReference:
[42.699s][debug  ][gc,phases,ref  ] GC(151)     Discovered: 0
[42.699s][debug  ][gc,phases,ref  ] GC(151)     Cleared: 0
[42.699s][debug  ][gc,phases,ref  ] GC(151)   FinalReference:
[42.699s][debug  ][gc,phases,ref  ] GC(151)     Discovered: 0
[42.699s][debug  ][gc,phases,ref  ] GC(151)     Cleared: 0
[42.699s][debug  ][gc,phases,ref  ] GC(151)   PhantomReference:
[42.699s][debug  ][gc,phases,ref  ] GC(151)     Discovered: 0
[42.699s][debug  ][gc,phases,ref  ] GC(151)     Cleared: 0
[42.699s][debug  ][gc,phases      ] GC(151) Reference Processing 0.573ms
[42.700s][debug  ][gc,phases,start] GC(151) Weak Processing
[42.700s][debug  ][gc,phases      ] GC(151)   VM Weak                        Min:  0.0, Avg:  0.0, Max:  0.0, Diff:  0.0, Sum:  0.0, Workers: 6
[42.700s][debug  ][gc,phases      ] GC(151)     Dead                           Min: 0, Avg:  0.0, Max: 0, Diff: 0, Sum: 0, Workers: 6
[42.700s][debug  ][gc,phases      ] GC(151)     Total                          Min: 0, Avg:  1.3, Max: 8, Diff: 8, Sum: 8, Workers: 6
[42.700s][debug  ][gc,phases      ] GC(151)   ObjectSynchronizer Weak        Min:  0.0, Avg:  0.0, Max:  0.0, Diff:  0.0, Sum:  0.0, Workers: 6
[42.700s][debug  ][gc,phases      ] GC(151)     Dead                           Min: 0, Avg:  0.0, Max: 0, Diff: 0, Sum: 0, Workers: 6
[42.700s][debug  ][gc,phases      ] GC(151)     Total                          Min: 0, Avg:  0.5, Max: 3, Diff: 3, Sum: 3, Workers: 6
[42.700s][debug  ][gc,phases      ] GC(151)   JVMTI Tag Weak OopStorage      Min:  0.0, Avg:  0.0, Max:  0.0, Diff:  0.0, Sum:  0.0, Workers: 6
[42.700s][debug  ][gc,phases      ] GC(151)     Dead                           Min: 0, Avg:  0.0, Max: 0, Diff: 0, Sum: 0, Workers: 6
[42.700s][debug  ][gc,phases      ] GC(151)     Total                          Min: 0, Avg:  0.0, Max: 0, Diff: 0, Sum: 0, Workers: 6
[42.700s][debug  ][gc,phases      ] GC(151)   StringTable Weak               Min:  0.0, Avg:  0.0, Max:  0.0, Diff:  0.0, Sum:  0.0, Workers: 6
[42.700s][debug  ][gc,phases      ] GC(151)     Dead                           Min: 0, Avg:  0.0, Max: 0, Diff: 0, Sum: 0, Workers: 6
[42.700s][debug  ][gc,phases      ] GC(151)     Total                          Min: 767, Avg: 892.5, Max: 1088, Diff: 321, Sum: 5355, Workers: 6
[42.700s][debug  ][gc,phases      ] GC(151)   ResolvedMethodTable Weak       Min:  0.0, Avg:  0.0, Max:  0.0, Diff:  0.0, Sum:  0.0, Workers: 6
[42.700s][debug  ][gc,phases      ] GC(151)     Dead                           Min: 0, Avg:  0.0, Max: 0, Diff: 0, Sum: 0, Workers: 6
[42.700s][debug  ][gc,phases      ] GC(151)     Total                          Min: 0, Avg: 21.7, Max: 64, Diff: 64, Sum: 130, Workers: 6
[42.700s][debug  ][gc,phases      ] GC(151)   JNI Weak                       Min:  0.0, Avg:  0.0, Max:  0.0, Diff:  0.0, Sum:  0.0, Workers: 6
[42.700s][debug  ][gc,phases      ] GC(151)     Dead                           Min: 0, Avg:  0.0, Max: 0, Diff: 0, Sum: 0, Workers: 6
[42.700s][debug  ][gc,phases      ] GC(151)     Total                          Min: 0, Avg:  0.0, Max: 0, Diff: 0, Sum: 0, Workers: 6
[42.700s][debug  ][gc,phases      ] GC(151)   StringDedup Table Weak         Min:  0.0, Avg:  0.0, Max:  0.0, Diff:  0.0, Sum:  0.0, Workers: 6
[42.700s][debug  ][gc,phases      ] GC(151)     Dead                           Min: 0, Avg:  0.0, Max: 0, Diff: 0, Sum: 0, Workers: 6
[42.700s][debug  ][gc,phases      ] GC(151)     Total                          Min: 0, Avg:  0.0, Max: 0, Diff: 0, Sum: 0, Workers: 6
[42.700s][debug  ][gc,phases      ] GC(151)   StringDedup Requests0 Weak     Min:  0.0, Avg:  0.0, Max:  0.0, Diff:  0.0, Sum:  0.0, Workers: 6
[42.700s][debug  ][gc,phases      ] GC(151)     Dead                           Min: 0, Avg:  0.0, Max: 0, Diff: 0, Sum: 0, Workers: 6
[42.700s][debug  ][gc,phases      ] GC(151)     Total                          Min: 0, Avg:  0.0, Max: 0, Diff: 0, Sum: 0, Workers: 6
[42.700s][debug  ][gc,phases      ] GC(151)   StringDedup Requests1 Weak     Min:  0.0, Avg:  0.0, Max:  0.0, Diff:  0.0, Sum:  0.0, Workers: 6
[42.700s][debug  ][gc,phases      ] GC(151)     Dead                           Min: 0, Avg:  0.0, Max: 0, Diff: 0, Sum: 0, Workers: 6
[42.700s][debug  ][gc,phases      ] GC(151)     Total                          Min: 0, Avg:  0.0, Max: 0, Diff: 0, Sum: 0, Workers: 6
[42.700s][debug  ][gc,phases      ] GC(151)   Weak JFR Old Object Samples    Min:  0.0, Avg:  0.0, Max:  0.0, Diff:  0.0, Sum:  0.0, Workers: 6
[42.700s][debug  ][gc,phases      ] GC(151)     Dead                           Min: 0, Avg:  0.0, Max: 0, Diff: 0, Sum: 0, Workers: 6
[42.700s][debug  ][gc,phases      ] GC(151)     Total                          Min: 0, Avg:  0.0, Max: 0, Diff: 0, Sum: 0, Workers: 6
[42.700s][debug  ][gc,phases      ] GC(151) Weak Processing 0.693ms
[42.700s][debug  ][gc,ergo        ] GC(151) AdaptiveSizeStart:  collection: 152 
[42.700s][debug  ][gc,ergo        ] GC(151) avg_survived_padded_avg: 32105052.000000
[42.700s][debug  ][gc,ergo        ] GC(151) avg_promoted_padded_avg: 260597728.000000  avg_pretenured_padded_avg: 0.000000  tenuring_thresh: 1  target_size: 32505856
[42.700s][debug  ][gc,age         ] GC(151) Desired survivor size 32505856 bytes, new threshold 1 (max threshold 15)
[42.700s][debug  ][gc,ergo        ] GC(151) PSAdaptiveSizePolicy::compute_eden_space_size limits: desired_eden_size: 234056310 old_eden_size: 203423744 eden_limit: 203423744 cur_eden: 203423744 max_eden_size: 203423744 avg_young_live: 27964742
[42.700s][debug  ][gc,ergo        ] GC(151) PSAdaptiveSizePolicy::compute_eden_space_size: costs minor_time: 0.049635 major_cost: 0.016628 mutator_cost: 0.933738 throughput_goal: 0.990000
[42.700s][debug  ][gc,ergo        ] GC(151) Live_space: 800002944 free_space: 2132279296
[42.700s][debug  ][gc,ergo        ] GC(151) Old eden_size: 203423744 desired_eden_size: 203423744
[42.700s][debug  ][gc,ergo        ] GC(151) AdaptiveSizeStop: collection: 152 
[42.700s][info   ][gc,heap        ] GC(151) PSYoungGen: 229101K(230400K)->30720K(230400K) Eden: 198381K(198656K)->0K(198656K) From: 30720K(31744K)->30720K(31744K)
[42.700s][info   ][gc,heap        ] GC(151) ParOldGen: 493155K(2474496K)->687716K(2474496K)
[42.700s][info   ][gc,metaspace   ] GC(151) Metaspace: 1022K(1216K)->1022K(1216K) NonClass: 938K(1024K)->938K(1024K) Class: 83K(192K)->83K(192K)
[42.701s][info   ][gc             ] GC(151) Pause Young (Allocation Failure) 705M->701M(2641M) 17.055ms
[42.701s][info   ][gc,cpu         ] GC(151) User=0.16s Sys=0.00s Real=0.02s
[42.701s][debug  ][gc,heap        ] GC(151) Heap after GC invocations=152 (full 18):
[42.701s][debug  ][gc,heap        ] GC(151)  PSYoungGen      total 230400K, used 30720K [0x00000007f0000000, 0x0000000800000000, 0x0000000800000000)
[42.701s][debug  ][gc,heap        ] GC(151)   eden space 198656K, 0% used [0x00000007f0000000,0x00000007f0000000,0x00000007fc200000)
[42.701s][debug  ][gc,heap        ] GC(151)   from space 31744K, 96% used [0x00000007fe100000,0x00000007fff00030,0x0000000800000000)
[42.701s][debug  ][gc,heap        ] GC(151)   to   space 31744K, 0% used [0x00000007fc200000,0x00000007fc200000,0x00000007fe100000)
[42.701s][debug  ][gc,heap        ] GC(151)  ParOldGen       total 2474496K, used 687716K [0x0000000740000000, 0x00000007d7080000, 0x00000007f0000000)
[42.701s][debug  ][gc,heap        ] GC(151)   object space 2474496K, 27% used [0x0000000740000000,0x0000000769f99028,0x00000007d7080000)
[42.701s][debug  ][gc,heap        ] GC(151)  Metaspace       used 1022K, committed 1216K, reserved 1056768K
[42.701s][debug  ][gc,heap        ] GC(151)   class space    used 83K, committed 192K, reserved 1048576K
[42.701s][debug  ][gc,task,time   ] GC(151) VM-Thread 426829345 426989131 427007668
[42.998s][debug  ][gc,heap        ] GC(152) Heap before GC invocations=153 (full 18):
[42.998s][debug  ][gc,heap        ] GC(152)  PSYoungGen      total 230400K, used 229128K [0x00000007f0000000, 0x0000000800000000, 0x0000000800000000)
[42.998s][debug  ][gc,heap        ] GC(152)   eden space 198656K, 99% used [0x00000007f0000000,0x00000007fc1c2018,0x00000007fc200000)
[42.998s][debug  ][gc,heap        ] GC(152)   from space 31744K, 96% used [0x00000007fe100000,0x00000007fff00030,0x0000000800000000)
[42.998s][debug  ][gc,heap        ] GC(152)   to   space 31744K, 0% used [0x00000007fc200000,0x00000007fc200000,0x00000007fe100000)
[42.998s][debug  ][gc,heap        ] GC(152)  ParOldGen       total 2474496K, used 687716K [0x0000000740000000, 0x00000007d7080000, 0x00000007f0000000)
[42.998s][debug  ][gc,heap        ] GC(152)   object space 2474496K, 27% used [0x0000000740000000,0x0000000769f99028,0x00000007d7080000)
[42.998s][debug  ][gc,heap        ] GC(152)  Metaspace       used 1022K, committed 1216K, reserved 1056768K
[42.998s][debug  ][gc,heap        ] GC(152)   class space    used 83K, committed 192K, reserved 1048576K
[42.998s][debug  ][gc,tlab        ] GC(152) TLAB totals: thrds: 1  refills: 1 max: 1 slow allocs: 18 max 18 waste: 27.3% gc: 3940072B max: 3940072B slow: 0B max: 0B
[42.998s][info   ][gc,start       ] GC(152) Pause Young (Allocation Failure)
[42.998s][debug  ][gc,phases,start] GC(152) Scavenge
[43.014s][debug  ][gc,phases      ] GC(152) Scavenge 15.138ms
[43.014s][debug  ][gc,phases,start] GC(152) Reference Processing
[43.014s][debug  ][gc,ref         ] GC(152) Skipped phase 1 of Reference Processing: no references
[43.014s][debug  ][gc,ref         ] GC(152) Skipped phase 2 of Reference Processing: no references
[43.014s][debug  ][gc,ref         ] GC(152) Skipped phase 3 of Reference Processing: no references
[43.014s][debug  ][gc,ref         ] GC(152) Skipped phase 4 of Reference Processing: no references
[43.014s][debug  ][gc,phases,ref  ] GC(152) Reference Processing: 0.1ms
[43.014s][debug  ][gc,phases,ref  ] GC(152)   Reconsider SoftReferences: 0.0ms
[43.014s][debug  ][gc,phases,ref  ] GC(152)     SoftRef (ms):                  skipped
[43.014s][debug  ][gc,phases,ref  ] GC(152)   Notify Soft/WeakReferences: 0.0ms
[43.014s][debug  ][gc,phases,ref  ] GC(152)     SoftRef (ms):                  skipped
[43.014s][debug  ][gc,phases,ref  ] GC(152)     WeakRef (ms):                  skipped
[43.014s][debug  ][gc,phases,ref  ] GC(152)     FinalRef (ms):                 skipped
[43.014s][debug  ][gc,phases,ref  ] GC(152)     Total (ms):                    skipped
[43.014s][debug  ][gc,phases,ref  ] GC(152)   Notify and keep alive finalizable: 0.0ms
[43.014s][debug  ][gc,phases,ref  ] GC(152)     FinalRef (ms):                 skipped
[43.014s][debug  ][gc,phases,ref  ] GC(152)   Notify PhantomReferences: 0.0ms
[43.014s][debug  ][gc,phases,ref  ] GC(152)     PhantomRef (ms):               skipped
[43.014s][debug  ][gc,phases,ref  ] GC(152)   SoftReference:
[43.014s][debug  ][gc,phases,ref  ] GC(152)     Discovered: 0
[43.014s][debug  ][gc,phases,ref  ] GC(152)     Cleared: 0
[43.014s][debug  ][gc,phases,ref  ] GC(152)   WeakReference:
[43.014s][debug  ][gc,phases,ref  ] GC(152)     Discovered: 0
[43.014s][debug  ][gc,phases,ref  ] GC(152)     Cleared: 0
[43.014s][debug  ][gc,phases,ref  ] GC(152)   FinalReference:
[43.014s][debug  ][gc,phases,ref  ] GC(152)     Discovered: 0
[43.014s][debug  ][gc,phases,ref  ] GC(152)     Cleared: 0
[43.014s][debug  ][gc,phases,ref  ] GC(152)   PhantomReference:
[43.014s][debug  ][gc,phases,ref  ] GC(152)     Discovered: 0
[43.014s][debug  ][gc,phases,ref  ] GC(152)     Cleared: 0
[43.014s][debug  ][gc,phases      ] GC(152) Reference Processing 0.634ms
[43.014s][debug  ][gc,phases,start] GC(152) Weak Processing
[43.014s][debug  ][gc,phases      ] GC(152)   VM Weak                        Min:  0.0, Avg:  0.0, Max:  0.0, Diff:  0.0, Sum:  0.0, Workers: 6
[43.014s][debug  ][gc,phases      ] GC(152)     Dead                           Min: 0, Avg:  0.0, Max: 0, Diff: 0, Sum: 0, Workers: 6
[43.014s][debug  ][gc,phases      ] GC(152)     Total                          Min: 0, Avg:  1.3, Max: 8, Diff: 8, Sum: 8, Workers: 6
[43.014s][debug  ][gc,phases      ] GC(152)   ObjectSynchronizer Weak        Min:  0.0, Avg:  0.0, Max:  0.0, Diff:  0.0, Sum:  0.0, Workers: 6
[43.014s][debug  ][gc,phases      ] GC(152)     Dead                           Min: 0, Avg:  0.0, Max: 0, Diff: 0, Sum: 0, Workers: 6
[43.014s][debug  ][gc,phases      ] GC(152)     Total                          Min: 0, Avg:  0.5, Max: 3, Diff: 3, Sum: 3, Workers: 6
[43.014s][debug  ][gc,phases      ] GC(152)   JVMTI Tag Weak OopStorage      Min:  0.0, Avg:  0.0, Max:  0.0, Diff:  0.0, Sum:  0.0, Workers: 6
[43.014s][debug  ][gc,phases      ] GC(152)     Dead                           Min: 0, Avg:  0.0, Max: 0, Diff: 0, Sum: 0, Workers: 6
[43.015s][debug  ][gc,phases      ] GC(152)     Total                          Min: 0, Avg:  0.0, Max: 0, Diff: 0, Sum: 0, Workers: 6
[43.015s][debug  ][gc,phases      ] GC(152)   StringTable Weak               Min:  0.0, Avg:  0.0, Max:  0.0, Diff:  0.0, Sum:  0.0, Workers: 6
[43.015s][debug  ][gc,phases      ] GC(152)     Dead                           Min: 0, Avg:  0.0, Max: 0, Diff: 0, Sum: 0, Workers: 6
[43.015s][debug  ][gc,phases      ] GC(152)     Total                          Min: 767, Avg: 892.5, Max: 1088, Diff: 321, Sum: 5355, Workers: 6
[43.015s][debug  ][gc,phases      ] GC(152)   ResolvedMethodTable Weak       Min:  0.0, Avg:  0.0, Max:  0.0, Diff:  0.0, Sum:  0.0, Workers: 6
[43.015s][debug  ][gc,phases      ] GC(152)     Dead                           Min: 0, Avg:  0.0, Max: 0, Diff: 0, Sum: 0, Workers: 6
[43.015s][debug  ][gc,phases      ] GC(152)     Total                          Min: 0, Avg: 21.7, Max: 64, Diff: 64, Sum: 130, Workers: 6
[43.015s][debug  ][gc,phases      ] GC(152)   JNI Weak                       Min:  0.0, Avg:  0.0, Max:  0.0, Diff:  0.0, Sum:  0.0, Workers: 6
[43.015s][debug  ][gc,phases      ] GC(152)     Dead                           Min: 0, Avg:  0.0, Max: 0, Diff: 0, Sum: 0, Workers: 6
[43.015s][debug  ][gc,phases      ] GC(152)     Total                          Min: 0, Avg:  0.0, Max: 0, Diff: 0, Sum: 0, Workers: 6
[43.015s][debug  ][gc,phases      ] GC(152)   StringDedup Table Weak         Min:  0.0, Avg:  0.0, Max:  0.0, Diff:  0.0, Sum:  0.0, Workers: 6
[43.015s][debug  ][gc,phases      ] GC(152)     Dead                           Min: 0, Avg:  0.0, Max: 0, Diff: 0, Sum: 0, Workers: 6
[43.015s][debug  ][gc,phases      ] GC(152)     Total                          Min: 0, Avg:  0.0, Max: 0, Diff: 0, Sum: 0, Workers: 6
[43.015s][debug  ][gc,phases      ] GC(152)   StringDedup Requests0 Weak     Min:  0.0, Avg:  0.0, Max:  0.0, Diff:  0.0, Sum:  0.0, Workers: 6
[43.015s][debug  ][gc,phases      ] GC(152)     Dead                           Min: 0, Avg:  0.0, Max: 0, Diff: 0, Sum: 0, Workers: 6
[43.015s][debug  ][gc,phases      ] GC(152)     Total                          Min: 0, Avg:  0.0, Max: 0, Diff: 0, Sum: 0, Workers: 6
[43.015s][debug  ][gc,phases      ] GC(152)   StringDedup Requests1 Weak     Min:  0.0, Avg:  0.0, Max:  0.0, Diff:  0.0, Sum:  0.0, Workers: 6
[43.015s][debug  ][gc,phases      ] GC(152)     Dead                           Min: 0, Avg:  0.0, Max: 0, Diff: 0, Sum: 0, Workers: 6
[43.015s][debug  ][gc,phases      ] GC(152)     Total                          Min: 0, Avg:  0.0, Max: 0, Diff: 0, Sum: 0, Workers: 6
[43.015s][debug  ][gc,phases      ] GC(152)   Weak JFR Old Object Samples    Min:  0.0, Avg:  0.0, Max:  0.0, Diff:  0.0, Sum:  0.0, Workers: 6
[43.015s][debug  ][gc,phases      ] GC(152)     Dead                           Min: 0, Avg:  0.0, Max: 0, Diff: 0, Sum: 0, Workers: 6
[43.015s][debug  ][gc,phases      ] GC(152)     Total                          Min: 0, Avg:  0.0, Max: 0, Diff: 0, Sum: 0, Workers: 6
[43.015s][debug  ][gc,phases      ] GC(152) Weak Processing 0.875ms
[43.015s][debug  ][gc,ergo        ] GC(152) AdaptiveSizeStart:  collection: 153 
[43.015s][debug  ][gc,ergo        ] GC(152) avg_survived_padded_avg: 32053562.000000
[43.015s][debug  ][gc,ergo        ] GC(152) avg_promoted_padded_avg: 262292016.000000  avg_pretenured_padded_avg: 0.000000  tenuring_thresh: 1  target_size: 32505856
[43.015s][debug  ][gc,age         ] GC(152) Desired survivor size 32505856 bytes, new threshold 1 (max threshold 15)
[43.015s][debug  ][gc,ergo        ] GC(152) PSAdaptiveSizePolicy::compute_eden_space_size limits: desired_eden_size: 234191705 old_eden_size: 203423744 eden_limit: 203423744 cur_eden: 203423744 max_eden_size: 203423744 avg_young_live: 28314000
[43.015s][debug  ][gc,ergo        ] GC(152) PSAdaptiveSizePolicy::compute_eden_space_size: costs minor_time: 0.050521 major_cost: 0.016628 mutator_cost: 0.932852 throughput_goal: 0.990000
[43.015s][debug  ][gc,ergo        ] GC(152) Live_space: 800352256 free_space: 2132279296
[43.015s][debug  ][gc,ergo        ] GC(152) Old eden_size: 203423744 desired_eden_size: 203423744
[43.015s][debug  ][gc,ergo        ] GC(152) AdaptiveSizeStop: collection: 153 
[43.015s][info   ][gc,heap        ] GC(152) PSYoungGen: 229128K(230400K)->30720K(230400K) Eden: 198408K(198656K)->0K(198656K) From: 30720K(31744K)->30720K(31744K)
[43.015s][info   ][gc,heap        ] GC(152) ParOldGen: 687716K(2474496K)->882276K(2474496K)
[43.015s][info   ][gc,metaspace   ] GC(152) Metaspace: 1022K(1216K)->1022K(1216K) NonClass: 938K(1024K)->938K(1024K) Class: 83K(192K)->83K(192K)
[43.015s][info   ][gc             ] GC(152) Pause Young (Allocation Failure) 895M->891M(2641M) 17.093ms
[43.015s][info   ][gc,cpu         ] GC(152) User=0.16s Sys=0.00s Real=0.02s
[43.016s][debug  ][gc,heap        ] GC(152) Heap after GC invocations=153 (full 18):
[43.016s][debug  ][gc,heap        ] GC(152)  PSYoungGen      total 230400K, used 30720K [0x00000007f0000000, 0x0000000800000000, 0x0000000800000000)
[43.016s][debug  ][gc,heap        ] GC(152)   eden space 198656K, 0% used [0x00000007f0000000,0x00000007f0000000,0x00000007fc200000)
[43.016s][debug  ][gc,heap        ] GC(152)   from space 31744K, 96% used [0x00000007fc200000,0x00000007fe000030,0x00000007fe100000)
[43.016s][debug  ][gc,heap        ] GC(152)   to   space 31744K, 0% used [0x00000007fe100000,0x00000007fe100000,0x0000000800000000)
[43.016s][debug  ][gc,heap        ] GC(152)  ParOldGen       total 2474496K, used 882276K [0x0000000740000000, 0x00000007d7080000, 0x00000007f0000000)
[43.016s][debug  ][gc,heap        ] GC(152)   object space 2474496K, 35% used [0x0000000740000000,0x0000000775d99158,0x00000007d7080000)
[43.016s][debug  ][gc,heap        ] GC(152)  Metaspace       used 1022K, committed 1216K, reserved 1056768K
[43.016s][debug  ][gc,heap        ] GC(152)   class space    used 83K, committed 192K, reserved 1048576K
[43.016s][debug  ][gc,task,time   ] GC(152) VM-Thread 429979410 430135964 430156953
[43.316s][debug  ][gc,heap        ] GC(153) Heap before GC invocations=154 (full 18):
[43.316s][debug  ][gc,heap        ] GC(153)  PSYoungGen      total 230400K, used 229144K [0x00000007f0000000, 0x0000000800000000, 0x0000000800000000)
[43.316s][debug  ][gc,heap        ] GC(153)   eden space 198656K, 99% used [0x00000007f0000000,0x00000007fc1c63c0,0x00000007fc200000)
[43.316s][debug  ][gc,heap        ] GC(153)   from space 31744K, 96% used [0x00000007fc200000,0x00000007fe000030,0x00000007fe100000)
[43.316s][debug  ][gc,heap        ] GC(153)   to   space 31744K, 0% used [0x00000007fe100000,0x00000007fe100000,0x0000000800000000)
[43.316s][debug  ][gc,heap        ] GC(153)  ParOldGen       total 2474496K, used 882276K [0x0000000740000000, 0x00000007d7080000, 0x00000007f0000000)
[43.316s][debug  ][gc,heap        ] GC(153)   object space 2474496K, 35% used [0x0000000740000000,0x0000000775d99158,0x00000007d7080000)
[43.316s][debug  ][gc,heap        ] GC(153)  Metaspace       used 1022K, committed 1216K, reserved 1056768K
[43.316s][debug  ][gc,heap        ] GC(153)   class space    used 83K, committed 192K, reserved 1048576K
[43.316s][debug  ][gc,tlab        ] GC(153) TLAB totals: thrds: 1  refills: 1 max: 1 slow allocs: 18 max 18 waste: 27.4% gc: 3956328B max: 3956328B slow: 0B max: 0B
[43.316s][info   ][gc,start       ] GC(153) Pause Young (Allocation Failure)
[43.316s][debug  ][gc,phases,start] GC(153) Scavenge
[43.322s][debug  ][gc,phases      ] GC(153) Scavenge 5.916ms
[43.322s][debug  ][gc,phases,start] GC(153) Reference Processing
[43.322s][debug  ][gc,ref         ] GC(153) Skipped phase 1 of Reference Processing: no references
[43.322s][debug  ][gc,ref         ] GC(153) Skipped phase 2 of Reference Processing: no references
[43.322s][debug  ][gc,ref         ] GC(153) Skipped phase 3 of Reference Processing: no references
[43.322s][debug  ][gc,ref         ] GC(153) Skipped phase 4 of Reference Processing: no references
[43.322s][debug  ][gc,phases,ref  ] GC(153) Reference Processing: 0.1ms
[43.322s][debug  ][gc,phases,ref  ] GC(153)   Reconsider SoftReferences: 0.0ms
[43.322s][debug  ][gc,phases,ref  ] GC(153)     SoftRef (ms):                  skipped
[43.322s][debug  ][gc,phases,ref  ] GC(153)   Notify Soft/WeakReferences: 0.0ms
[43.323s][debug  ][gc,phases,ref  ] GC(153)     SoftRef (ms):                  skipped
[43.323s][debug  ][gc,phases,ref  ] GC(153)     WeakRef (ms):                  skipped
[43.323s][debug  ][gc,phases,ref  ] GC(153)     FinalRef (ms):                 skipped
[43.323s][debug  ][gc,phases,ref  ] GC(153)     Total (ms):                    skipped
[43.323s][debug  ][gc,phases,ref  ] GC(153)   Notify and keep alive finalizable: 0.0ms
[43.323s][debug  ][gc,phases,ref  ] GC(153)     FinalRef (ms):                 skipped
[43.323s][debug  ][gc,phases,ref  ] GC(153)   Notify PhantomReferences: 0.0ms
[43.323s][debug  ][gc,phases,ref  ] GC(153)     PhantomRef (ms):               skipped
[43.323s][debug  ][gc,phases,ref  ] GC(153)   SoftReference:
[43.323s][debug  ][gc,phases,ref  ] GC(153)     Discovered: 0
[43.323s][debug  ][gc,phases,ref  ] GC(153)     Cleared: 0
[43.323s][debug  ][gc,phases,ref  ] GC(153)   WeakReference:
[43.323s][debug  ][gc,phases,ref  ] GC(153)     Discovered: 0
[43.323s][debug  ][gc,phases,ref  ] GC(153)     Cleared: 0
[43.323s][debug  ][gc,phases,ref  ] GC(153)   FinalReference:
[43.323s][debug  ][gc,phases,ref  ] GC(153)     Discovered: 0
[43.323s][debug  ][gc,phases,ref  ] GC(153)     Cleared: 0
[43.323s][debug  ][gc,phases,ref  ] GC(153)   PhantomReference:
[43.323s][debug  ][gc,phases,ref  ] GC(153)     Discovered: 0
[43.323s][debug  ][gc,phases,ref  ] GC(153)     Cleared: 0
[43.323s][debug  ][gc,phases      ] GC(153) Reference Processing 0.722ms
[43.323s][debug  ][gc,phases,start] GC(153) Weak Processing
[43.323s][debug  ][gc,phases      ] GC(153)   VM Weak                        Min:  0.0, Avg:  0.0, Max:  0.0, Diff:  0.0, Sum:  0.0, Workers: 6
[43.323s][debug  ][gc,phases      ] GC(153)     Dead                           Min: 0, Avg:  0.0, Max: 0, Diff: 0, Sum: 0, Workers: 6
[43.323s][debug  ][gc,phases      ] GC(153)     Total                          Min: 0, Avg:  1.3, Max: 8, Diff: 8, Sum: 8, Workers: 6
[43.323s][debug  ][gc,phases      ] GC(153)   ObjectSynchronizer Weak        Min:  0.0, Avg:  0.0, Max:  0.0, Diff:  0.0, Sum:  0.0, Workers: 6
[43.323s][debug  ][gc,phases      ] GC(153)     Dead                           Min: 0, Avg:  0.0, Max: 0, Diff: 0, Sum: 0, Workers: 6
[43.323s][debug  ][gc,phases      ] GC(153)     Total                          Min: 0, Avg:  0.5, Max: 3, Diff: 3, Sum: 3, Workers: 6
[43.323s][debug  ][gc,phases      ] GC(153)   JVMTI Tag Weak OopStorage      Min:  0.0, Avg:  0.0, Max:  0.0, Diff:  0.0, Sum:  0.0, Workers: 6
[43.323s][debug  ][gc,phases      ] GC(153)     Dead                           Min: 0, Avg:  0.0, Max: 0, Diff: 0, Sum: 0, Workers: 6
[43.323s][debug  ][gc,phases      ] GC(153)     Total                          Min: 0, Avg:  0.0, Max: 0, Diff: 0, Sum: 0, Workers: 6
[43.323s][debug  ][gc,phases      ] GC(153)   StringTable Weak               Min:  0.0, Avg:  0.0, Max:  0.0, Diff:  0.0, Sum:  0.0, Workers: 6
[43.323s][debug  ][gc,phases      ] GC(153)     Dead                           Min: 0, Avg:  0.0, Max: 0, Diff: 0, Sum: 0, Workers: 6
[43.323s][debug  ][gc,phases      ] GC(153)     Total                          Min: 768, Avg: 892.5, Max: 1087, Diff: 319, Sum: 5355, Workers: 6
[43.323s][debug  ][gc,phases      ] GC(153)   ResolvedMethodTable Weak       Min:  0.0, Avg:  0.0, Max:  0.0, Diff:  0.0, Sum:  0.0, Workers: 6
[43.323s][debug  ][gc,phases      ] GC(153)     Dead                           Min: 0, Avg:  0.0, Max: 0, Diff: 0, Sum: 0, Workers: 6
[43.323s][debug  ][gc,phases      ] GC(153)     Total                          Min: 0, Avg: 21.7, Max: 64, Diff: 64, Sum: 130, Workers: 6
[43.323s][debug  ][gc,phases      ] GC(153)   JNI Weak                       Min:  0.0, Avg:  0.0, Max:  0.0, Diff:  0.0, Sum:  0.0, Workers: 6
[43.324s][debug  ][gc,phases      ] GC(153)     Dead                           Min: 0, Avg:  0.0, Max: 0, Diff: 0, Sum: 0, Workers: 6
[43.324s][debug  ][gc,phases      ] GC(153)     Total                          Min: 0, Avg:  0.0, Max: 0, Diff: 0, Sum: 0, Workers: 6
[43.324s][debug  ][gc,phases      ] GC(153)   StringDedup Table Weak         Min:  0.0, Avg:  0.0, Max:  0.0, Diff:  0.0, Sum:  0.0, Workers: 6
[43.324s][debug  ][gc,phases      ] GC(153)     Dead                           Min: 0, Avg:  0.0, Max: 0, Diff: 0, Sum: 0, Workers: 6
[43.324s][debug  ][gc,phases      ] GC(153)     Total                          Min: 0, Avg:  0.0, Max: 0, Diff: 0, Sum: 0, Workers: 6
[43.324s][debug  ][gc,phases      ] GC(153)   StringDedup Requests0 Weak     Min:  0.0, Avg:  0.0, Max:  0.0, Diff:  0.0, Sum:  0.0, Workers: 6
[43.324s][debug  ][gc,phases      ] GC(153)     Dead                           Min: 0, Avg:  0.0, Max: 0, Diff: 0, Sum: 0, Workers: 6
[43.324s][debug  ][gc,phases      ] GC(153)     Total                          Min: 0, Avg:  0.0, Max: 0, Diff: 0, Sum: 0, Workers: 6
[43.324s][debug  ][gc,phases      ] GC(153)   StringDedup Requests1 Weak     Min:  0.0, Avg:  0.0, Max:  0.0, Diff:  0.0, Sum:  0.0, Workers: 6
[43.324s][debug  ][gc,phases      ] GC(153)     Dead                           Min: 0, Avg:  0.0, Max: 0, Diff: 0, Sum: 0, Workers: 6
[43.324s][debug  ][gc,phases      ] GC(153)     Total                          Min: 0, Avg:  0.0, Max: 0, Diff: 0, Sum: 0, Workers: 6
[43.324s][debug  ][gc,phases      ] GC(153)   Weak JFR Old Object Samples    Min:  0.0, Avg:  0.0, Max:  0.0, Diff:  0.0, Sum:  0.0, Workers: 6
[43.324s][debug  ][gc,phases      ] GC(153)     Dead                           Min: 0, Avg:  0.0, Max: 0, Diff: 0, Sum: 0, Workers: 6
[43.324s][debug  ][gc,phases      ] GC(153)     Total                          Min: 0, Avg:  0.0, Max: 0, Diff: 0, Sum: 0, Workers: 6
[43.324s][debug  ][gc,phases      ] GC(153) Weak Processing 0.808ms
[43.324s][debug  ][gc,ergo        ] GC(153) AdaptiveSizeStart:  collection: 154 
[43.324s][debug  ][gc,ergo        ] GC(153) avg_survived_padded_avg: 32005894.000000
[43.324s][debug  ][gc,ergo        ] GC(153) avg_promoted_padded_avg: 273893952.000000  avg_pretenured_padded_avg: 0.000000  tenuring_thresh: 1  target_size: 32505856
[43.324s][debug  ][gc,age         ] GC(153) Desired survivor size 32505856 bytes, new threshold 1 (max threshold 15)
[43.324s][debug  ][gc,ergo        ] GC(153) PSAdaptiveSizePolicy::compute_eden_space_size limits: desired_eden_size: 233107257 old_eden_size: 203423744 eden_limit: 203423744 cur_eden: 203423744 max_eden_size: 203423744 avg_young_live: 28628332
[43.324s][debug  ][gc,ergo        ] GC(153) PSAdaptiveSizePolicy::compute_eden_space_size: costs minor_time: 0.044025 major_cost: 0.016628 mutator_cost: 0.939347 throughput_goal: 0.990000
[43.324s][debug  ][gc,ergo        ] GC(153) Live_space: 800666560 free_space: 2132279296
[43.324s][debug  ][gc,ergo        ] GC(153) Old eden_size: 203423744 desired_eden_size: 203423744
[43.324s][debug  ][gc,ergo        ] GC(153) AdaptiveSizeStop: collection: 154 
[43.324s][info   ][gc,heap        ] GC(153) PSYoungGen: 229144K(230400K)->30720K(230400K) Eden: 198424K(198656K)->0K(198656K) From: 30720K(31744K)->30720K(31744K)
[43.324s][info   ][gc,heap        ] GC(153) ParOldGen: 882276K(2474496K)->933476K(2474496K)
[43.324s][info   ][gc,metaspace   ] GC(153) Metaspace: 1022K(1216K)->1022K(1216K) NonClass: 938K(1024K)->938K(1024K) Class: 83K(192K)->83K(192K)
[43.324s][info   ][gc             ] GC(153) Pause Young (Allocation Failure) 1085M->941M(2641M) 7.967ms
[43.324s][info   ][gc,cpu         ] GC(153) User=0.16s Sys=0.00s Real=0.01s
[43.324s][debug  ][gc,heap        ] GC(153) Heap after GC invocations=154 (full 18):
[43.324s][debug  ][gc,heap        ] GC(153)  PSYoungGen      total 230400K, used 30720K [0x00000007f0000000, 0x0000000800000000, 0x0000000800000000)
[43.324s][debug  ][gc,heap        ] GC(153)   eden space 198656K, 0% used [0x00000007f0000000,0x00000007f0000000,0x00000007fc200000)
[43.324s][debug  ][gc,heap        ] GC(153)   from space 31744K, 96% used [0x00000007fe100000,0x00000007fff00030,0x0000000800000000)
[43.324s][debug  ][gc,heap        ] GC(153)   to   space 31744K, 0% used [0x00000007fc200000,0x00000007fc200000,0x00000007fe100000)
[43.324s][debug  ][gc,heap        ] GC(153)  ParOldGen       total 2474496K, used 933476K [0x0000000740000000, 0x00000007d7080000, 0x00000007f0000000)
[43.324s][debug  ][gc,heap        ] GC(153)   object space 2474496K, 37% used [0x0000000740000000,0x0000000778f991a8,0x00000007d7080000)
[43.324s][debug  ][gc,heap        ] GC(153)  Metaspace       used 1022K, committed 1216K, reserved 1056768K
[43.324s][debug  ][gc,heap        ] GC(153)   class space    used 83K, committed 192K, reserved 1048576K
[43.325s][debug  ][gc,task,time   ] GC(153) VM-Thread 433158574 433222902 433245137
[43.630s][debug  ][gc,heap        ] GC(154) Heap before GC invocations=155 (full 18):
[43.630s][debug  ][gc,heap        ] GC(154)  PSYoungGen      total 230400K, used 229155K [0x00000007f0000000, 0x0000000800000000, 0x0000000800000000)
[43.630s][debug  ][gc,heap        ] GC(154)   eden space 198656K, 99% used [0x00000007f0000000,0x00000007fc1c8f48,0x00000007fc200000)
[43.630s][debug  ][gc,heap        ] GC(154)   from space 31744K, 96% used [0x00000007fe100000,0x00000007fff00030,0x0000000800000000)
[43.630s][debug  ][gc,heap        ] GC(154)   to   space 31744K, 0% used [0x00000007fc200000,0x00000007fc200000,0x00000007fe100000)
[43.630s][debug  ][gc,heap        ] GC(154)  ParOldGen       total 2474496K, used 933476K [0x0000000740000000, 0x00000007d7080000, 0x00000007f0000000)
[43.630s][debug  ][gc,heap        ] GC(154)   object space 2474496K, 37% used [0x0000000740000000,0x0000000778f991a8,0x00000007d7080000)
[43.630s][debug  ][gc,heap        ] GC(154)  Metaspace       used 1022K, committed 1216K, reserved 1056768K
[43.630s][debug  ][gc,heap        ] GC(154)   class space    used 83K, committed 192K, reserved 1048576K
[43.630s][debug  ][gc,tlab        ] GC(154) TLAB totals: thrds: 1  refills: 1 max: 1 slow allocs: 18 max 18 waste: 27.5% gc: 3968536B max: 3968536B slow: 0B max: 0B
[43.630s][info   ][gc,start       ] GC(154) Pause Young (Allocation Failure)
[43.630s][debug  ][gc,phases,start] GC(154) Scavenge
[43.646s][debug  ][gc,phases      ] GC(154) Scavenge 15.276ms
[43.646s][debug  ][gc,phases,start] GC(154) Reference Processing
[43.646s][debug  ][gc,ref         ] GC(154) Skipped phase 1 of Reference Processing: no references
[43.646s][debug  ][gc,ref         ] GC(154) Skipped phase 2 of Reference Processing: no references
[43.646s][debug  ][gc,ref         ] GC(154) Skipped phase 3 of Reference Processing: no references
[43.646s][debug  ][gc,ref         ] GC(154) Skipped phase 4 of Reference Processing: no references
[43.646s][debug  ][gc,phases,ref  ] GC(154) Reference Processing: 0.1ms
[43.646s][debug  ][gc,phases,ref  ] GC(154)   Reconsider SoftReferences: 0.0ms
[43.646s][debug  ][gc,phases,ref  ] GC(154)     SoftRef (ms):                  skipped
[43.646s][debug  ][gc,phases,ref  ] GC(154)   Notify Soft/WeakReferences: 0.0ms
[43.646s][debug  ][gc,phases,ref  ] GC(154)     SoftRef (ms):                  skipped
[43.646s][debug  ][gc,phases,ref  ] GC(154)     WeakRef (ms):                  skipped
[43.646s][debug  ][gc,phases,ref  ] GC(154)     FinalRef (ms):                 skipped
[43.646s][debug  ][gc,phases,ref  ] GC(154)     Total (ms):                    skipped
[43.646s][debug  ][gc,phases,ref  ] GC(154)   Notify and keep alive finalizable: 0.0ms
[43.646s][debug  ][gc,phases,ref  ] GC(154)     FinalRef (ms):                 skipped
[43.646s][debug  ][gc,phases,ref  ] GC(154)   Notify PhantomReferences: 0.0ms
[43.646s][debug  ][gc,phases,ref  ] GC(154)     PhantomRef (ms):               skipped
[43.646s][debug  ][gc,phases,ref  ] GC(154)   SoftReference:
[43.646s][debug  ][gc,phases,ref  ] GC(154)     Discovered: 0
[43.646s][debug  ][gc,phases,ref  ] GC(154)     Cleared: 0
[43.646s][debug  ][gc,phases,ref  ] GC(154)   WeakReference:
[43.646s][debug  ][gc,phases,ref  ] GC(154)     Discovered: 0
[43.646s][debug  ][gc,phases,ref  ] GC(154)     Cleared: 0
[43.646s][debug  ][gc,phases,ref  ] GC(154)   FinalReference:
[43.646s][debug  ][gc,phases,ref  ] GC(154)     Discovered: 0
[43.646s][debug  ][gc,phases,ref  ] GC(154)     Cleared: 0
[43.646s][debug  ][gc,phases,ref  ] GC(154)   PhantomReference:
[43.646s][debug  ][gc,phases,ref  ] GC(154)     Discovered: 0
[43.646s][debug  ][gc,phases,ref  ] GC(154)     Cleared: 0
[43.646s][debug  ][gc,phases      ] GC(154) Reference Processing 0.573ms
[43.646s][debug  ][gc,phases,start] GC(154) Weak Processing
[43.646s][debug  ][gc,phases      ] GC(154)   VM Weak                        Min:  0.0, Avg:  0.0, Max:  0.0, Diff:  0.0, Sum:  0.0, Workers: 6
[43.646s][debug  ][gc,phases      ] GC(154)     Dead                           Min: 0, Avg:  0.0, Max: 0, Diff: 0, Sum: 0, Workers: 6
[43.646s][debug  ][gc,phases      ] GC(154)     Total                          Min: 0, Avg:  1.3, Max: 8, Diff: 8, Sum: 8, Workers: 6
[43.647s][debug  ][gc,phases      ] GC(154)   ObjectSynchronizer Weak        Min:  0.0, Avg:  0.0, Max:  0.0, Diff:  0.0, Sum:  0.0, Workers: 6
[43.647s][debug  ][gc,phases      ] GC(154)     Dead                           Min: 0, Avg:  0.0, Max: 0, Diff: 0, Sum: 0, Workers: 6
[43.647s][debug  ][gc,phases      ] GC(154)     Total                          Min: 0, Avg:  0.5, Max: 3, Diff: 3, Sum: 3, Workers: 6
[43.647s][debug  ][gc,phases      ] GC(154)   JVMTI Tag Weak OopStorage      Min:  0.0, Avg:  0.0, Max:  0.0, Diff:  0.0, Sum:  0.0, Workers: 6
[43.647s][debug  ][gc,phases      ] GC(154)     Dead                           Min: 0, Avg:  0.0, Max: 0, Diff: 0, Sum: 0, Workers: 6
[43.647s][debug  ][gc,phases      ] GC(154)     Total                          Min: 0, Avg:  0.0, Max: 0, Diff: 0, Sum: 0, Workers: 6
[43.647s][debug  ][gc,phases      ] GC(154)   StringTable Weak               Min:  0.0, Avg:  0.0, Max:  0.0, Diff:  0.0, Sum:  0.0, Workers: 6
[43.647s][debug  ][gc,phases      ] GC(154)     Dead                           Min: 0, Avg:  0.0, Max: 0, Diff: 0, Sum: 0, Workers: 6
[43.647s][debug  ][gc,phases      ] GC(154)     Total                          Min: 704, Avg: 892.5, Max: 1152, Diff: 448, Sum: 5355, Workers: 6
[43.647s][debug  ][gc,phases      ] GC(154)   ResolvedMethodTable Weak       Min:  0.0, Avg:  0.0, Max:  0.0, Diff:  0.0, Sum:  0.0, Workers: 6
[43.647s][debug  ][gc,phases      ] GC(154)     Dead                           Min: 0, Avg:  0.0, Max: 0, Diff: 0, Sum: 0, Workers: 6
[43.647s][debug  ][gc,phases      ] GC(154)     Total                          Min: 0, Avg: 21.7, Max: 64, Diff: 64, Sum: 130, Workers: 6
[43.647s][debug  ][gc,phases      ] GC(154)   JNI Weak                       Min:  0.0, Avg:  0.0, Max:  0.0, Diff:  0.0, Sum:  0.0, Workers: 6
[43.647s][debug  ][gc,phases      ] GC(154)     Dead                           Min: 0, Avg:  0.0, Max: 0, Diff: 0, Sum: 0, Workers: 6
[43.647s][debug  ][gc,phases      ] GC(154)     Total                          Min: 0, Avg:  0.0, Max: 0, Diff: 0, Sum: 0, Workers: 6
[43.647s][debug  ][gc,phases      ] GC(154)   StringDedup Table Weak         Min:  0.0, Avg:  0.0, Max:  0.0, Diff:  0.0, Sum:  0.0, Workers: 6
[43.647s][debug  ][gc,phases      ] GC(154)     Dead                           Min: 0, Avg:  0.0, Max: 0, Diff: 0, Sum: 0, Workers: 6
[43.647s][debug  ][gc,phases      ] GC(154)     Total                          Min: 0, Avg:  0.0, Max: 0, Diff: 0, Sum: 0, Workers: 6
[43.647s][debug  ][gc,phases      ] GC(154)   StringDedup Requests0 Weak     Min:  0.0, Avg:  0.0, Max:  0.0, Diff:  0.0, Sum:  0.0, Workers: 6
[43.647s][debug  ][gc,phases      ] GC(154)     Dead                           Min: 0, Avg:  0.0, Max: 0, Diff: 0, Sum: 0, Workers: 6
[43.647s][debug  ][gc,phases      ] GC(154)     Total                          Min: 0, Avg:  0.0, Max: 0, Diff: 0, Sum: 0, Workers: 6
[43.647s][debug  ][gc,phases      ] GC(154)   StringDedup Requests1 Weak     Min:  0.0, Avg:  0.0, Max:  0.0, Diff:  0.0, Sum:  0.0, Workers: 6
[43.647s][debug  ][gc,phases      ] GC(154)     Dead                           Min: 0, Avg:  0.0, Max: 0, Diff: 0, Sum: 0, Workers: 6
[43.647s][debug  ][gc,phases      ] GC(154)     Total                          Min: 0, Avg:  0.0, Max: 0, Diff: 0, Sum: 0, Workers: 6
[43.647s][debug  ][gc,phases      ] GC(154)   Weak JFR Old Object Samples    Min:  0.0, Avg:  0.0, Max:  0.0, Diff:  0.0, Sum:  0.0, Workers: 6
[43.647s][debug  ][gc,phases      ] GC(154)     Dead                           Min: 0, Avg:  0.0, Max: 0, Diff: 0, Sum: 0, Workers: 6
[43.647s][debug  ][gc,phases      ] GC(154)     Total                          Min: 0, Avg:  0.0, Max: 0, Diff: 0, Sum: 0, Workers: 6
[43.647s][debug  ][gc,phases      ] GC(154) Weak Processing 0.728ms
[43.647s][debug  ][gc,ergo        ] GC(154) AdaptiveSizeStart:  collection: 155 
[43.647s][debug  ][gc,ergo        ] GC(154) avg_survived_padded_avg: 31961796.000000
[43.647s][debug  ][gc,ergo        ] GC(154) avg_promoted_padded_avg: 276734336.000000  avg_pretenured_padded_avg: 0.000000  tenuring_thresh: 1  target_size: 31981568
[43.647s][debug  ][gc,age         ] GC(154) Desired survivor size 31981568 bytes, new threshold 1 (max threshold 15)
[43.647s][debug  ][gc,ergo        ] GC(154) PSAdaptiveSizePolicy::compute_eden_space_size limits: desired_eden_size: 233448308 old_eden_size: 203423744 eden_limit: 203423744 cur_eden: 203423744 max_eden_size: 203423744 avg_young_live: 28911230
[43.647s][debug  ][gc,ergo        ] GC(154) PSAdaptiveSizePolicy::compute_eden_space_size: costs minor_time: 0.045928 major_cost: 0.016628 mutator_cost: 0.937444 throughput_goal: 0.990000
[43.647s][debug  ][gc,ergo        ] GC(154) Live_space: 800949504 free_space: 2132279296
[43.647s][debug  ][gc,ergo        ] GC(154) Old eden_size: 203423744 desired_eden_size: 203423744
[43.647s][debug  ][gc,ergo        ] GC(154) AdaptiveSizeStop: collection: 155 
[43.647s][info   ][gc,heap        ] GC(154) PSYoungGen: 229155K(230400K)->30720K(230400K) Eden: 198435K(198656K)->0K(198656K) From: 30720K(31744K)->30720K(31744K)
[43.647s][info   ][gc,heap        ] GC(154) ParOldGen: 933476K(2474496K)->1128036K(2474496K)
[43.647s][info   ][gc,metaspace   ] GC(154) Metaspace: 1022K(1216K)->1022K(1216K) NonClass: 938K(1024K)->938K(1024K) Class: 83K(192K)->83K(192K)
[43.647s][info   ][gc             ] GC(154) Pause Young (Allocation Failure) 1135M->1131M(2641M) 17.042ms
[43.647s][info   ][gc,cpu         ] GC(154) User=0.06s Sys=0.00s Real=0.02s
[43.647s][debug  ][gc,heap        ] GC(154) Heap after GC invocations=155 (full 18):
[43.648s][debug  ][gc,heap        ] GC(154)  PSYoungGen      total 230400K, used 30720K [0x00000007f0000000, 0x0000000800000000, 0x0000000800000000)
[43.648s][debug  ][gc,heap        ] GC(154)   eden space 198656K, 0% used [0x00000007f0000000,0x00000007f0000000,0x00000007fc200000)
[43.648s][debug  ][gc,heap        ] GC(154)   from space 31744K, 96% used [0x00000007fc200000,0x00000007fe000030,0x00000007fe100000)
[43.648s][debug  ][gc,heap        ] GC(154)   to   space 31232K, 0% used [0x00000007fe180000,0x00000007fe180000,0x0000000800000000)
[43.648s][debug  ][gc,heap        ] GC(154)  ParOldGen       total 2474496K, used 1128036K [0x0000000740000000, 0x00000007d7080000, 0x00000007f0000000)
[43.648s][debug  ][gc,heap        ] GC(154)   object space 2474496K, 45% used [0x0000000740000000,0x0000000784d992d8,0x00000007d7080000)
[43.648s][debug  ][gc,heap        ] GC(154)  Metaspace       used 1022K, committed 1216K, reserved 1056768K
[43.648s][debug  ][gc,heap        ] GC(154)   class space    used 83K, committed 192K, reserved 1048576K
[43.648s][debug  ][gc,task,time   ] GC(154) VM-Thread 436299532 436457957 436476798
[43.946s][debug  ][gc,heap        ] GC(155) Heap before GC invocations=156 (full 18):
[43.946s][debug  ][gc,heap        ] GC(155)  PSYoungGen      total 230400K, used 229162K [0x00000007f0000000, 0x0000000800000000, 0x0000000800000000)
[43.946s][debug  ][gc,heap        ] GC(155)   eden space 198656K, 99% used [0x00000007f0000000,0x00000007fc1cab50,0x00000007fc200000)
[43.946s][debug  ][gc,heap        ] GC(155)   from space 31744K, 96% used [0x00000007fc200000,0x00000007fe000030,0x00000007fe100000)
[43.946s][debug  ][gc,heap        ] GC(155)   to   space 31232K, 0% used [0x00000007fe180000,0x00000007fe180000,0x0000000800000000)
[43.946s][debug  ][gc,heap        ] GC(155)  ParOldGen       total 2474496K, used 1128036K [0x0000000740000000, 0x00000007d7080000, 0x00000007f0000000)
[43.946s][debug  ][gc,heap        ] GC(155)   object space 2474496K, 45% used [0x0000000740000000,0x0000000784d992d8,0x00000007d7080000)
[43.946s][debug  ][gc,heap        ] GC(155)  Metaspace       used 1022K, committed 1216K, reserved 1056768K
[43.946s][debug  ][gc,heap        ] GC(155)   class space    used 83K, committed 192K, reserved 1048576K
[43.946s][debug  ][gc,tlab        ] GC(155) TLAB totals: thrds: 1  refills: 1 max: 1 slow allocs: 18 max 18 waste: 27.5% gc: 3975712B max: 3975712B slow: 0B max: 0B
[43.946s][info   ][gc,start       ] GC(155) Pause Young (Allocation Failure)
[43.946s][debug  ][gc,phases,start] GC(155) Scavenge
[43.962s][debug  ][gc,phases      ] GC(155) Scavenge 15.513ms
[43.962s][debug  ][gc,phases,start] GC(155) Reference Processing
[43.962s][debug  ][gc,ref         ] GC(155) Skipped phase 1 of Reference Processing: no references
[43.962s][debug  ][gc,ref         ] GC(155) Skipped phase 2 of Reference Processing: no references
[43.962s][debug  ][gc,ref         ] GC(155) Skipped phase 3 of Reference Processing: no references
[43.962s][debug  ][gc,ref         ] GC(155) Skipped phase 4 of Reference Processing: no references
[43.962s][debug  ][gc,phases,ref  ] GC(155) Reference Processing: 0.1ms
[43.962s][debug  ][gc,phases,ref  ] GC(155)   Reconsider SoftReferences: 0.0ms
[43.962s][debug  ][gc,phases,ref  ] GC(155)     SoftRef (ms):                  skipped
[43.962s][debug  ][gc,phases,ref  ] GC(155)   Notify Soft/WeakReferences: 0.0ms
[43.962s][debug  ][gc,phases,ref  ] GC(155)     SoftRef (ms):                  skipped
[43.962s][debug  ][gc,phases,ref  ] GC(155)     WeakRef (ms):                  skipped
[43.962s][debug  ][gc,phases,ref  ] GC(155)     FinalRef (ms):                 skipped
[43.962s][debug  ][gc,phases,ref  ] GC(155)     Total (ms):                    skipped
[43.962s][debug  ][gc,phases,ref  ] GC(155)   Notify and keep alive finalizable: 0.0ms
[43.962s][debug  ][gc,phases,ref  ] GC(155)     FinalRef (ms):                 skipped
[43.962s][debug  ][gc,phases,ref  ] GC(155)   Notify PhantomReferences: 0.0ms
[43.963s][debug  ][gc,phases,ref  ] GC(155)     PhantomRef (ms):               skipped
[43.963s][debug  ][gc,phases,ref  ] GC(155)   SoftReference:
[43.963s][debug  ][gc,phases,ref  ] GC(155)     Discovered: 0
[43.963s][debug  ][gc,phases,ref  ] GC(155)     Cleared: 0
[43.963s][debug  ][gc,phases,ref  ] GC(155)   WeakReference:
[43.963s][debug  ][gc,phases,ref  ] GC(155)     Discovered: 0
[43.963s][debug  ][gc,phases,ref  ] GC(155)     Cleared: 0
[43.963s][debug  ][gc,phases,ref  ] GC(155)   FinalReference:
[43.963s][debug  ][gc,phases,ref  ] GC(155)     Discovered: 0
[43.963s][debug  ][gc,phases,ref  ] GC(155)     Cleared: 0
[43.963s][debug  ][gc,phases,ref  ] GC(155)   PhantomReference:
[43.963s][debug  ][gc,phases,ref  ] GC(155)     Discovered: 0
[43.963s][debug  ][gc,phases,ref  ] GC(155)     Cleared: 0
[43.963s][debug  ][gc,phases      ] GC(155) Reference Processing 0.789ms
[43.963s][debug  ][gc,phases,start] GC(155) Weak Processing
[43.963s][debug  ][gc,phases      ] GC(155)   VM Weak                        Min:  0.0, Avg:  0.0, Max:  0.0, Diff:  0.0, Sum:  0.0, Workers: 6
[43.963s][debug  ][gc,phases      ] GC(155)     Dead                           Min: 0, Avg:  0.0, Max: 0, Diff: 0, Sum: 0, Workers: 6
[43.963s][debug  ][gc,phases      ] GC(155)     Total                          Min: 0, Avg:  1.3, Max: 8, Diff: 8, Sum: 8, Workers: 6
[43.963s][debug  ][gc,phases      ] GC(155)   ObjectSynchronizer Weak        Min:  0.0, Avg:  0.0, Max:  0.0, Diff:  0.0, Sum:  0.0, Workers: 6
[43.963s][debug  ][gc,phases      ] GC(155)     Dead                           Min: 0, Avg:  0.0, Max: 0, Diff: 0, Sum: 0, Workers: 6
[43.963s][debug  ][gc,phases      ] GC(155)     Total                          Min: 0, Avg:  0.5, Max: 3, Diff: 3, Sum: 3, Workers: 6
[43.963s][debug  ][gc,phases      ] GC(155)   JVMTI Tag Weak OopStorage      Min:  0.0, Avg:  0.0, Max:  0.0, Diff:  0.0, Sum:  0.0, Workers: 6
[43.963s][debug  ][gc,phases      ] GC(155)     Dead                           Min: 0, Avg:  0.0, Max: 0, Diff: 0, Sum: 0, Workers: 6
[43.963s][debug  ][gc,phases      ] GC(155)     Total                          Min: 0, Avg:  0.0, Max: 0, Diff: 0, Sum: 0, Workers: 6
[43.963s][debug  ][gc,phases      ] GC(155)   StringTable Weak               Min:  0.0, Avg:  0.0, Max:  0.0, Diff:  0.0, Sum:  0.0, Workers: 6
[43.963s][debug  ][gc,phases      ] GC(155)     Dead                           Min: 0, Avg:  0.0, Max: 0, Diff: 0, Sum: 0, Workers: 6
[43.963s][debug  ][gc,phases      ] GC(155)     Total                          Min: 832, Avg: 892.5, Max: 1024, Diff: 192, Sum: 5355, Workers: 6
[43.963s][debug  ][gc,phases      ] GC(155)   ResolvedMethodTable Weak       Min:  0.0, Avg:  0.0, Max:  0.0, Diff:  0.0, Sum:  0.0, Workers: 6
[43.963s][debug  ][gc,phases      ] GC(155)     Dead                           Min: 0, Avg:  0.0, Max: 0, Diff: 0, Sum: 0, Workers: 6
[43.963s][debug  ][gc,phases      ] GC(155)     Total                          Min: 0, Avg: 21.7, Max: 64, Diff: 64, Sum: 130, Workers: 6
[43.963s][debug  ][gc,phases      ] GC(155)   JNI Weak                       Min:  0.0, Avg:  0.0, Max:  0.0, Diff:  0.0, Sum:  0.0, Workers: 6
[43.963s][debug  ][gc,phases      ] GC(155)     Dead                           Min: 0, Avg:  0.0, Max: 0, Diff: 0, Sum: 0, Workers: 6
[43.963s][debug  ][gc,phases      ] GC(155)     Total                          Min: 0, Avg:  0.0, Max: 0, Diff: 0, Sum: 0, Workers: 6
[43.963s][debug  ][gc,phases      ] GC(155)   StringDedup Table Weak         Min:  0.0, Avg:  0.0, Max:  0.0, Diff:  0.0, Sum:  0.0, Workers: 6
[43.963s][debug  ][gc,phases      ] GC(155)     Dead                           Min: 0, Avg:  0.0, Max: 0, Diff: 0, Sum: 0, Workers: 6
[43.963s][debug  ][gc,phases      ] GC(155)     Total                          Min: 0, Avg:  0.0, Max: 0, Diff: 0, Sum: 0, Workers: 6
[43.963s][debug  ][gc,phases      ] GC(155)   StringDedup Requests0 Weak     Min:  0.0, Avg:  0.0, Max:  0.0, Diff:  0.0, Sum:  0.0, Workers: 6
[43.963s][debug  ][gc,phases      ] GC(155)     Dead                           Min: 0, Avg:  0.0, Max: 0, Diff: 0, Sum: 0, Workers: 6
[43.963s][debug  ][gc,phases      ] GC(155)     Total                          Min: 0, Avg:  0.0, Max: 0, Diff: 0, Sum: 0, Workers: 6
[43.963s][debug  ][gc,phases      ] GC(155)   StringDedup Requests1 Weak     Min:  0.0, Avg:  0.0, Max:  0.0, Diff:  0.0, Sum:  0.0, Workers: 6
[43.963s][debug  ][gc,phases      ] GC(155)     Dead                           Min: 0, Avg:  0.0, Max: 0, Diff: 0, Sum: 0, Workers: 6
[43.964s][debug  ][gc,phases      ] GC(155)     Total                          Min: 0, Avg:  0.0, Max: 0, Diff: 0, Sum: 0, Workers: 6
[43.964s][debug  ][gc,phases      ] GC(155)   Weak JFR Old Object Samples    Min:  0.0, Avg:  0.0, Max:  0.0, Diff:  0.0, Sum:  0.0, Workers: 6
[43.964s][debug  ][gc,phases      ] GC(155)     Dead                           Min: 0, Avg:  0.0, Max: 0, Diff: 0, Sum: 0, Workers: 6
[43.964s][debug  ][gc,phases      ] GC(155)     Total                          Min: 0, Avg:  0.0, Max: 0, Diff: 0, Sum: 0, Workers: 6
[43.964s][debug  ][gc,phases      ] GC(155) Weak Processing 0.712ms
[43.964s][debug  ][gc,ergo        ] GC(155) AdaptiveSizeStart:  collection: 156 
[43.964s][debug  ][gc,ergo        ] GC(155) avg_survived_padded_avg: 31921032.000000
[43.964s][debug  ][gc,ergo        ] GC(155) avg_promoted_padded_avg: 278260000.000000  avg_pretenured_padded_avg: 0.000000  tenuring_thresh: 1  target_size: 31981568
[43.964s][debug  ][gc,age         ] GC(155) Desired survivor size 31981568 bytes, new threshold 1 (max threshold 15)
[43.964s][debug  ][gc,ergo        ] GC(155) PSAdaptiveSizePolicy::compute_eden_space_size limits: desired_eden_size: 233795369 old_eden_size: 203423744 eden_limit: 203948032 cur_eden: 203423744 max_eden_size: 203948032 avg_young_live: 29165838
[43.964s][debug  ][gc,ergo        ] GC(155) PSAdaptiveSizePolicy::compute_eden_space_size: costs minor_time: 0.047992 major_cost: 0.016628 mutator_cost: 0.935381 throughput_goal: 0.990000
[43.964s][debug  ][gc,ergo        ] GC(155) Live_space: 801204096 free_space: 2132279296
[43.964s][debug  ][gc,ergo        ] GC(155) Old eden_size: 203423744 desired_eden_size: 203948032
[43.964s][debug  ][gc,ergo        ] GC(155) AdaptiveSizeStop: collection: 156 
[43.964s][info   ][gc,heap        ] GC(155) PSYoungGen: 229162K(230400K)->30720K(230912K) Eden: 198442K(198656K)->0K(199680K) From: 30720K(31744K)->30720K(31232K)
[43.964s][info   ][gc,heap        ] GC(155) ParOldGen: 1128036K(2474496K)->1322597K(2474496K)
[43.964s][info   ][gc,metaspace   ] GC(155) Metaspace: 1022K(1216K)->1022K(1216K) NonClass: 938K(1024K)->938K(1024K) Class: 83K(192K)->83K(192K)
[43.964s][info   ][gc             ] GC(155) Pause Young (Allocation Failure) 1325M->1321M(2642M) 17.491ms
[43.964s][info   ][gc,cpu         ] GC(155) User=0.14s Sys=0.00s Real=0.02s
[43.964s][debug  ][gc,heap        ] GC(155) Heap after GC invocations=156 (full 18):
[43.964s][debug  ][gc,heap        ] GC(155)  PSYoungGen      total 230912K, used 30720K [0x00000007f0000000, 0x0000000800000000, 0x0000000800000000)
[43.964s][debug  ][gc,heap        ] GC(155)   eden space 199680K, 0% used [0x00000007f0000000,0x00000007f0000000,0x00000007fc300000)
[43.964s][debug  ][gc,heap        ] GC(155)   from space 31232K, 98% used [0x00000007fe180000,0x00000007fff80030,0x0000000800000000)
[43.964s][debug  ][gc,heap        ] GC(155)   to   space 31232K, 0% used [0x00000007fc300000,0x00000007fc300000,0x00000007fe180000)
[43.964s][debug  ][gc,heap        ] GC(155)  ParOldGen       total 2474496K, used 1322597K [0x0000000740000000, 0x00000007d7080000, 0x00000007f0000000)
[43.964s][debug  ][gc,heap        ] GC(155)   object space 2474496K, 53% used [0x0000000740000000,0x0000000790b99408,0x00000007d7080000)
[43.964s][debug  ][gc,heap        ] GC(155)  Metaspace       used 1022K, committed 1216K, reserved 1056768K
[43.964s][debug  ][gc,heap        ] GC(155)   class space    used 83K, committed 192K, reserved 1048576K
[43.964s][debug  ][gc,task,time   ] GC(155) VM-Thread 439460153 439620738 439641700
[44.262s][debug  ][gc,heap        ] GC(156) Heap before GC invocations=157 (full 18):
[44.262s][debug  ][gc,heap        ] GC(156)  PSYoungGen      total 230912K, used 229187K [0x00000007f0000000, 0x0000000800000000, 0x0000000800000000)
[44.262s][debug  ][gc,heap        ] GC(156)   eden space 199680K, 99% used [0x00000007f0000000,0x00000007fc1d0d70,0x00000007fc300000)
[44.262s][debug  ][gc,heap        ] GC(156)   from space 31232K, 98% used [0x00000007fe180000,0x00000007fff80030,0x0000000800000000)
[44.262s][debug  ][gc,heap        ] GC(156)   to   space 31232K, 0% used [0x00000007fc300000,0x00000007fc300000,0x00000007fe180000)
[44.262s][debug  ][gc,heap        ] GC(156)  ParOldGen       total 2474496K, used 1322597K [0x0000000740000000, 0x00000007d7080000, 0x00000007f0000000)
[44.262s][debug  ][gc,heap        ] GC(156)   object space 2474496K, 53% used [0x0000000740000000,0x0000000790b99408,0x00000007d7080000)
[44.262s][debug  ][gc,heap        ] GC(156)  Metaspace       used 1022K, committed 1216K, reserved 1056768K
[44.262s][debug  ][gc,heap        ] GC(156)   class space    used 83K, committed 192K, reserved 1048576K
[44.262s][debug  ][gc,tlab        ] GC(156) TLAB totals: thrds: 1  refills: 1 max: 1 slow allocs: 18 max 18 waste: 27.6% gc: 4000832B max: 4000832B slow: 0B max: 0B
[44.262s][info   ][gc,start       ] GC(156) Pause Young (Allocation Failure)
[44.262s][debug  ][gc,phases,start] GC(156) Scavenge
[44.277s][debug  ][gc,phases      ] GC(156) Scavenge 14.983ms
[44.277s][debug  ][gc,phases,start] GC(156) Reference Processing
[44.277s][debug  ][gc,ref         ] GC(156) Skipped phase 1 of Reference Processing: no references
[44.277s][debug  ][gc,ref         ] GC(156) Skipped phase 2 of Reference Processing: no references
[44.277s][debug  ][gc,ref         ] GC(156) Skipped phase 3 of Reference Processing: no references
[44.277s][debug  ][gc,ref         ] GC(156) Skipped phase 4 of Reference Processing: no references
[44.277s][debug  ][gc,phases,ref  ] GC(156) Reference Processing: 0.1ms
[44.277s][debug  ][gc,phases,ref  ] GC(156)   Reconsider SoftReferences: 0.0ms
[44.277s][debug  ][gc,phases,ref  ] GC(156)     SoftRef (ms):                  skipped
[44.277s][debug  ][gc,phases,ref  ] GC(156)   Notify Soft/WeakReferences: 0.0ms
[44.277s][debug  ][gc,phases,ref  ] GC(156)     SoftRef (ms):                  skipped
[44.277s][debug  ][gc,phases,ref  ] GC(156)     WeakRef (ms):                  skipped
[44.277s][debug  ][gc,phases,ref  ] GC(156)     FinalRef (ms):                 skipped
[44.277s][debug  ][gc,phases,ref  ] GC(156)     Total (ms):                    skipped
[44.277s][debug  ][gc,phases,ref  ] GC(156)   Notify and keep alive finalizable: 0.0ms
[44.277s][debug  ][gc,phases,ref  ] GC(156)     FinalRef (ms):                 skipped
[44.277s][debug  ][gc,phases,ref  ] GC(156)   Notify PhantomReferences: 0.0ms
[44.277s][debug  ][gc,phases,ref  ] GC(156)     PhantomRef (ms):               skipped
[44.277s][debug  ][gc,phases,ref  ] GC(156)   SoftReference:
[44.277s][debug  ][gc,phases,ref  ] GC(156)     Discovered: 0
[44.277s][debug  ][gc,phases,ref  ] GC(156)     Cleared: 0
[44.277s][debug  ][gc,phases,ref  ] GC(156)   WeakReference:
[44.278s][debug  ][gc,phases,ref  ] GC(156)     Discovered: 0
[44.278s][debug  ][gc,phases,ref  ] GC(156)     Cleared: 0
[44.278s][debug  ][gc,phases,ref  ] GC(156)   FinalReference:
[44.278s][debug  ][gc,phases,ref  ] GC(156)     Discovered: 0
[44.278s][debug  ][gc,phases,ref  ] GC(156)     Cleared: 0
[44.278s][debug  ][gc,phases,ref  ] GC(156)   PhantomReference:
[44.278s][debug  ][gc,phases,ref  ] GC(156)     Discovered: 0
[44.278s][debug  ][gc,phases,ref  ] GC(156)     Cleared: 0
[44.278s][debug  ][gc,phases      ] GC(156) Reference Processing 0.631ms
[44.278s][debug  ][gc,phases,start] GC(156) Weak Processing
[44.278s][debug  ][gc,phases      ] GC(156)   VM Weak                        Min:  0.0, Avg:  0.0, Max:  0.0, Diff:  0.0, Sum:  0.0, Workers: 6
[44.278s][debug  ][gc,phases      ] GC(156)     Dead                           Min: 0, Avg:  0.0, Max: 0, Diff: 0, Sum: 0, Workers: 6
[44.278s][debug  ][gc,phases      ] GC(156)     Total                          Min: 0, Avg:  1.3, Max: 8, Diff: 8, Sum: 8, Workers: 6
[44.278s][debug  ][gc,phases      ] GC(156)   ObjectSynchronizer Weak        Min:  0.0, Avg:  0.0, Max:  0.0, Diff:  0.0, Sum:  0.0, Workers: 6
[44.278s][debug  ][gc,phases      ] GC(156)     Dead                           Min: 0, Avg:  0.0, Max: 0, Diff: 0, Sum: 0, Workers: 6
[44.278s][debug  ][gc,phases      ] GC(156)     Total                          Min: 0, Avg:  0.5, Max: 3, Diff: 3, Sum: 3, Workers: 6
[44.278s][debug  ][gc,phases      ] GC(156)   JVMTI Tag Weak OopStorage      Min:  0.0, Avg:  0.0, Max:  0.0, Diff:  0.0, Sum:  0.0, Workers: 6
[44.278s][debug  ][gc,phases      ] GC(156)     Dead                           Min: 0, Avg:  0.0, Max: 0, Diff: 0, Sum: 0, Workers: 6
[44.278s][debug  ][gc,phases      ] GC(156)     Total                          Min: 0, Avg:  0.0, Max: 0, Diff: 0, Sum: 0, Workers: 6
[44.278s][debug  ][gc,phases      ] GC(156)   StringTable Weak               Min:  0.0, Avg:  0.0, Max:  0.0, Diff:  0.0, Sum:  0.0, Workers: 6
[44.278s][debug  ][gc,phases      ] GC(156)     Dead                           Min: 0, Avg:  0.0, Max: 0, Diff: 0, Sum: 0, Workers: 6
[44.278s][debug  ][gc,phases      ] GC(156)     Total                          Min: 831, Avg: 892.5, Max: 1024, Diff: 193, Sum: 5355, Workers: 6
[44.278s][debug  ][gc,phases      ] GC(156)   ResolvedMethodTable Weak       Min:  0.0, Avg:  0.0, Max:  0.0, Diff:  0.0, Sum:  0.0, Workers: 6
[44.278s][debug  ][gc,phases      ] GC(156)     Dead                           Min: 0, Avg:  0.0, Max: 0, Diff: 0, Sum: 0, Workers: 6
[44.278s][debug  ][gc,phases      ] GC(156)     Total                          Min: 0, Avg: 21.7, Max: 64, Diff: 64, Sum: 130, Workers: 6
[44.278s][debug  ][gc,phases      ] GC(156)   JNI Weak                       Min:  0.0, Avg:  0.0, Max:  0.0, Diff:  0.0, Sum:  0.0, Workers: 6
[44.278s][debug  ][gc,phases      ] GC(156)     Dead                           Min: 0, Avg:  0.0, Max: 0, Diff: 0, Sum: 0, Workers: 6
[44.278s][debug  ][gc,phases      ] GC(156)     Total                          Min: 0, Avg:  0.0, Max: 0, Diff: 0, Sum: 0, Workers: 6
[44.278s][debug  ][gc,phases      ] GC(156)   StringDedup Table Weak         Min:  0.0, Avg:  0.0, Max:  0.0, Diff:  0.0, Sum:  0.0, Workers: 6
[44.278s][debug  ][gc,phases      ] GC(156)     Dead                           Min: 0, Avg:  0.0, Max: 0, Diff: 0, Sum: 0, Workers: 6
[44.278s][debug  ][gc,phases      ] GC(156)     Total                          Min: 0, Avg:  0.0, Max: 0, Diff: 0, Sum: 0, Workers: 6
[44.278s][debug  ][gc,phases      ] GC(156)   StringDedup Requests0 Weak     Min:  0.0, Avg:  0.0, Max:  0.0, Diff:  0.0, Sum:  0.0, Workers: 6
[44.278s][debug  ][gc,phases      ] GC(156)     Dead                           Min: 0, Avg:  0.0, Max: 0, Diff: 0, Sum: 0, Workers: 6
[44.278s][debug  ][gc,phases      ] GC(156)     Total                          Min: 0, Avg:  0.0, Max: 0, Diff: 0, Sum: 0, Workers: 6
[44.278s][debug  ][gc,phases      ] GC(156)   StringDedup Requests1 Weak     Min:  0.0, Avg:  0.0, Max:  0.0, Diff:  0.0, Sum:  0.0, Workers: 6
[44.278s][debug  ][gc,phases      ] GC(156)     Dead                           Min: 0, Avg:  0.0, Max: 0, Diff: 0, Sum: 0, Workers: 6
[44.278s][debug  ][gc,phases      ] GC(156)     Total                          Min: 0, Avg:  0.0, Max: 0, Diff: 0, Sum: 0, Workers: 6
[44.278s][debug  ][gc,phases      ] GC(156)   Weak JFR Old Object Samples    Min:  0.0, Avg:  0.0, Max:  0.0, Diff:  0.0, Sum:  0.0, Workers: 6
[44.278s][debug  ][gc,phases      ] GC(156)     Dead                           Min: 0, Avg:  0.0, Max: 0, Diff: 0, Sum: 0, Workers: 6
[44.278s][debug  ][gc,phases      ] GC(156)     Total                          Min: 0, Avg:  0.0, Max: 0, Diff: 0, Sum: 0, Workers: 6
[44.279s][debug  ][gc,phases      ] GC(156) Weak Processing 0.806ms
[44.279s][debug  ][gc,ergo        ] GC(156) AdaptiveSizeStart:  collection: 157 
[44.279s][debug  ][gc,ergo        ] GC(156) avg_survived_padded_avg: 31883378.000000
[44.279s][debug  ][gc,ergo        ] GC(156) avg_promoted_padded_avg: 278705472.000000  avg_pretenured_padded_avg: 0.000000  tenuring_thresh: 1  target_size: 31981568
[44.279s][debug  ][gc,age         ] GC(156) Desired survivor size 31981568 bytes, new threshold 1 (max threshold 15)
[44.279s][debug  ][gc,ergo        ] GC(156) PSAdaptiveSizePolicy::compute_eden_space_size limits: desired_eden_size: 235026298 old_eden_size: 203948032 eden_limit: 204472320 cur_eden: 204472320 max_eden_size: 204472320 avg_young_live: 29394986
[44.279s][debug  ][gc,ergo        ] GC(156) PSAdaptiveSizePolicy::compute_eden_space_size: costs minor_time: 0.049131 major_cost: 0.016628 mutator_cost: 0.934241 throughput_goal: 0.990000
[44.279s][debug  ][gc,ergo        ] GC(156) Live_space: 801433216 free_space: 2132803584
[44.279s][debug  ][gc,ergo        ] GC(156) Old eden_size: 203948032 desired_eden_size: 204472320
[44.279s][debug  ][gc,ergo        ] GC(156) AdaptiveSizeStop: collection: 157 
[44.279s][info   ][gc,heap        ] GC(156) PSYoungGen: 229187K(230912K)->30720K(230912K) Eden: 198467K(199680K)->0K(199680K) From: 30720K(31232K)->30720K(31232K)
[44.279s][info   ][gc,heap        ] GC(156) ParOldGen: 1322597K(2474496K)->1517157K(2474496K)
[44.279s][info   ][gc,metaspace   ] GC(156) Metaspace: 1022K(1216K)->1022K(1216K) NonClass: 938K(1024K)->938K(1024K) Class: 83K(192K)->83K(192K)
[44.279s][info   ][gc             ] GC(156) Pause Young (Allocation Failure) 1515M->1511M(2642M) 16.882ms
[44.279s][info   ][gc,cpu         ] GC(156) User=0.16s Sys=0.00s Real=0.02s
[44.279s][debug  ][gc,heap        ] GC(156) Heap after GC invocations=157 (full 18):
[44.279s][debug  ][gc,heap        ] GC(156)  PSYoungGen      total 230912K, used 30720K [0x00000007f0000000, 0x0000000800000000, 0x0000000800000000)
[44.279s][debug  ][gc,heap        ] GC(156)   eden space 199680K, 0% used [0x00000007f0000000,0x00000007f0000000,0x00000007fc300000)
[44.279s][debug  ][gc,heap        ] GC(156)   from space 31232K, 98% used [0x00000007fc300000,0x00000007fe100030,0x00000007fe180000)
[44.279s][debug  ][gc,heap        ] GC(156)   to   space 31232K, 0% used [0x00000007fe180000,0x00000007fe180000,0x0000000800000000)
[44.279s][debug  ][gc,heap        ] GC(156)  ParOldGen       total 2474496K, used 1517157K [0x0000000740000000, 0x00000007d7080000, 0x00000007f0000000)
[44.279s][debug  ][gc,heap        ] GC(156)   object space 2474496K, 61% used [0x0000000740000000,0x000000079c999538,0x00000007d7080000)
[44.279s][debug  ][gc,heap        ] GC(156)  Metaspace       used 1022K, committed 1216K, reserved 1056768K
[44.279s][debug  ][gc,heap        ] GC(156)   class space    used 83K, committed 192K, reserved 1048576K
[44.279s][debug  ][gc,task,time   ] GC(156) VM-Thread 442615833 442770495 442790741
[44.577s][debug  ][gc,heap        ] GC(157) Heap before GC invocations=158 (full 18):
[44.577s][debug  ][gc,heap        ] GC(157)  PSYoungGen      total 230912K, used 229190K [0x00000007f0000000, 0x0000000800000000, 0x0000000800000000)
[44.577s][debug  ][gc,heap        ] GC(157)   eden space 199680K, 99% used [0x00000007f0000000,0x00000007fc1d1888,0x00000007fc300000)
[44.577s][debug  ][gc,heap        ] GC(157)   from space 31232K, 98% used [0x00000007fc300000,0x00000007fe100030,0x00000007fe180000)
[44.577s][debug  ][gc,heap        ] GC(157)   to   space 31232K, 0% used [0x00000007fe180000,0x00000007fe180000,0x0000000800000000)
[44.577s][debug  ][gc,heap        ] GC(157)  ParOldGen       total 2474496K, used 1517157K [0x0000000740000000, 0x00000007d7080000, 0x00000007f0000000)
[44.577s][debug  ][gc,heap        ] GC(157)   object space 2474496K, 61% used [0x0000000740000000,0x000000079c999538,0x00000007d7080000)
[44.577s][debug  ][gc,heap        ] GC(157)  Metaspace       used 1022K, committed 1216K, reserved 1056768K
[44.577s][debug  ][gc,heap        ] GC(157)   class space    used 83K, committed 192K, reserved 1048576K
[44.577s][debug  ][gc,tlab        ] GC(157) TLAB totals: thrds: 1  refills: 1 max: 1 slow allocs: 18 max 18 waste: 27.6% gc: 4003672B max: 4003672B slow: 0B max: 0B
[44.577s][info   ][gc,start       ] GC(157) Pause Young (Allocation Failure)
[44.577s][debug  ][gc,phases,start] GC(157) Scavenge
[44.593s][debug  ][gc,phases      ] GC(157) Scavenge 15.698ms
[44.593s][debug  ][gc,phases,start] GC(157) Reference Processing
[44.593s][debug  ][gc,ref         ] GC(157) Skipped phase 1 of Reference Processing: no references
[44.593s][debug  ][gc,ref         ] GC(157) Skipped phase 2 of Reference Processing: no references
[44.593s][debug  ][gc,ref         ] GC(157) Skipped phase 3 of Reference Processing: no references
[44.593s][debug  ][gc,ref         ] GC(157) Skipped phase 4 of Reference Processing: no references
[44.593s][debug  ][gc,phases,ref  ] GC(157) Reference Processing: 0.1ms
[44.593s][debug  ][gc,phases,ref  ] GC(157)   Reconsider SoftReferences: 0.0ms
[44.593s][debug  ][gc,phases,ref  ] GC(157)     SoftRef (ms):                  skipped
[44.593s][debug  ][gc,phases,ref  ] GC(157)   Notify Soft/WeakReferences: 0.0ms
[44.593s][debug  ][gc,phases,ref  ] GC(157)     SoftRef (ms):                  skipped
[44.593s][debug  ][gc,phases,ref  ] GC(157)     WeakRef (ms):                  skipped
[44.593s][debug  ][gc,phases,ref  ] GC(157)     FinalRef (ms):                 skipped
[44.593s][debug  ][gc,phases,ref  ] GC(157)     Total (ms):                    skipped
[44.593s][debug  ][gc,phases,ref  ] GC(157)   Notify and keep alive finalizable: 0.0ms
[44.593s][debug  ][gc,phases,ref  ] GC(157)     FinalRef (ms):                 skipped
[44.593s][debug  ][gc,phases,ref  ] GC(157)   Notify PhantomReferences: 0.0ms
[44.593s][debug  ][gc,phases,ref  ] GC(157)     PhantomRef (ms):               skipped
[44.593s][debug  ][gc,phases,ref  ] GC(157)   SoftReference:
[44.593s][debug  ][gc,phases,ref  ] GC(157)     Discovered: 0
[44.593s][debug  ][gc,phases,ref  ] GC(157)     Cleared: 0
[44.593s][debug  ][gc,phases,ref  ] GC(157)   WeakReference:
[44.593s][debug  ][gc,phases,ref  ] GC(157)     Discovered: 0
[44.593s][debug  ][gc,phases,ref  ] GC(157)     Cleared: 0
[44.593s][debug  ][gc,phases,ref  ] GC(157)   FinalReference:
[44.593s][debug  ][gc,phases,ref  ] GC(157)     Discovered: 0
[44.593s][debug  ][gc,phases,ref  ] GC(157)     Cleared: 0
[44.594s][debug  ][gc,phases,ref  ] GC(157)   PhantomReference:
[44.594s][debug  ][gc,phases,ref  ] GC(157)     Discovered: 0
[44.594s][debug  ][gc,phases,ref  ] GC(157)     Cleared: 0
[44.594s][debug  ][gc,phases      ] GC(157) Reference Processing 0.623ms
[44.594s][debug  ][gc,phases,start] GC(157) Weak Processing
[44.594s][debug  ][gc,phases      ] GC(157)   VM Weak                        Min:  0.0, Avg:  0.0, Max:  0.0, Diff:  0.0, Sum:  0.0, Workers: 6
[44.594s][debug  ][gc,phases      ] GC(157)     Dead                           Min: 0, Avg:  0.0, Max: 0, Diff: 0, Sum: 0, Workers: 6
[44.594s][debug  ][gc,phases      ] GC(157)     Total                          Min: 0, Avg:  1.3, Max: 8, Diff: 8, Sum: 8, Workers: 6
[44.594s][debug  ][gc,phases      ] GC(157)   ObjectSynchronizer Weak        Min:  0.0, Avg:  0.0, Max:  0.0, Diff:  0.0, Sum:  0.0, Workers: 6
[44.594s][debug  ][gc,phases      ] GC(157)     Dead                           Min: 0, Avg:  0.0, Max: 0, Diff: 0, Sum: 0, Workers: 6
[44.594s][debug  ][gc,phases      ] GC(157)     Total                          Min: 0, Avg:  0.5, Max: 3, Diff: 3, Sum: 3, Workers: 6
[44.594s][debug  ][gc,phases      ] GC(157)   JVMTI Tag Weak OopStorage      Min:  0.0, Avg:  0.0, Max:  0.0, Diff:  0.0, Sum:  0.0, Workers: 6
[44.594s][debug  ][gc,phases      ] GC(157)     Dead                           Min: 0, Avg:  0.0, Max: 0, Diff: 0, Sum: 0, Workers: 6
[44.594s][debug  ][gc,phases      ] GC(157)     Total                          Min: 0, Avg:  0.0, Max: 0, Diff: 0, Sum: 0, Workers: 6
[44.594s][debug  ][gc,phases      ] GC(157)   StringTable Weak               Min:  0.0, Avg:  0.0, Max:  0.0, Diff:  0.0, Sum:  0.0, Workers: 6
[44.594s][debug  ][gc,phases      ] GC(157)     Dead                           Min: 0, Avg:  0.0, Max: 0, Diff: 0, Sum: 0, Workers: 6
[44.594s][debug  ][gc,phases      ] GC(157)     Total                          Min: 640, Avg: 892.5, Max: 1132, Diff: 492, Sum: 5355, Workers: 6
[44.594s][debug  ][gc,phases      ] GC(157)   ResolvedMethodTable Weak       Min:  0.0, Avg:  0.0, Max:  0.0, Diff:  0.0, Sum:  0.0, Workers: 6
[44.594s][debug  ][gc,phases      ] GC(157)     Dead                           Min: 0, Avg:  0.0, Max: 0, Diff: 0, Sum: 0, Workers: 6
[44.594s][debug  ][gc,phases      ] GC(157)     Total                          Min: 0, Avg: 21.7, Max: 64, Diff: 64, Sum: 130, Workers: 6
[44.594s][debug  ][gc,phases      ] GC(157)   JNI Weak                       Min:  0.0, Avg:  0.0, Max:  0.0, Diff:  0.0, Sum:  0.0, Workers: 6
[44.594s][debug  ][gc,phases      ] GC(157)     Dead                           Min: 0, Avg:  0.0, Max: 0, Diff: 0, Sum: 0, Workers: 6
[44.594s][debug  ][gc,phases      ] GC(157)     Total                          Min: 0, Avg:  0.0, Max: 0, Diff: 0, Sum: 0, Workers: 6
[44.594s][debug  ][gc,phases      ] GC(157)   StringDedup Table Weak         Min:  0.0, Avg:  0.0, Max:  0.0, Diff:  0.0, Sum:  0.0, Workers: 6
[44.594s][debug  ][gc,phases      ] GC(157)     Dead                           Min: 0, Avg:  0.0, Max: 0, Diff: 0, Sum: 0, Workers: 6
[44.594s][debug  ][gc,phases      ] GC(157)     Total                          Min: 0, Avg:  0.0, Max: 0, Diff: 0, Sum: 0, Workers: 6
[44.594s][debug  ][gc,phases      ] GC(157)   StringDedup Requests0 Weak     Min:  0.0, Avg:  0.0, Max:  0.0, Diff:  0.0, Sum:  0.0, Workers: 6
[44.594s][debug  ][gc,phases      ] GC(157)     Dead                           Min: 0, Avg:  0.0, Max: 0, Diff: 0, Sum: 0, Workers: 6
[44.594s][debug  ][gc,phases      ] GC(157)     Total                          Min: 0, Avg:  0.0, Max: 0, Diff: 0, Sum: 0, Workers: 6
[44.594s][debug  ][gc,phases      ] GC(157)   StringDedup Requests1 Weak     Min:  0.0, Avg:  0.0, Max:  0.0, Diff:  0.0, Sum:  0.0, Workers: 6
[44.594s][debug  ][gc,phases      ] GC(157)     Dead                           Min: 0, Avg:  0.0, Max: 0, Diff: 0, Sum: 0, Workers: 6
[44.594s][debug  ][gc,phases      ] GC(157)     Total                          Min: 0, Avg:  0.0, Max: 0, Diff: 0, Sum: 0, Workers: 6
[44.594s][debug  ][gc,phases      ] GC(157)   Weak JFR Old Object Samples    Min:  0.0, Avg:  0.0, Max:  0.0, Diff:  0.0, Sum:  0.0, Workers: 6
[44.594s][debug  ][gc,phases      ] GC(157)     Dead                           Min: 0, Avg:  0.0, Max: 0, Diff: 0, Sum: 0, Workers: 6
[44.594s][debug  ][gc,phases      ] GC(157)     Total                          Min: 0, Avg:  0.0, Max: 0, Diff: 0, Sum: 0, Workers: 6
[44.594s][debug  ][gc,phases      ] GC(157) Weak Processing 0.748ms
[44.594s][debug  ][gc,ergo        ] GC(157) AdaptiveSizeStart:  collection: 158 
[44.594s][debug  ][gc,ergo        ] GC(157) avg_survived_padded_avg: 31848618.000000
[44.594s][debug  ][gc,ergo        ] GC(157) avg_promoted_padded_avg: 278271552.000000  avg_pretenured_padded_avg: 0.000000  tenuring_thresh: 1  target_size: 31981568
[44.594s][debug  ][gc,age         ] GC(157) Desired survivor size 31981568 bytes, new threshold 1 (max threshold 15)
[44.594s][debug  ][gc,ergo        ] GC(157) PSAdaptiveSizePolicy::compute_eden_space_size limits: desired_eden_size: 235231636 old_eden_size: 204472320 eden_limit: 204472320 cur_eden: 204472320 max_eden_size: 204472320 avg_young_live: 29601220
[44.594s][debug  ][gc,ergo        ] GC(157) PSAdaptiveSizePolicy::compute_eden_space_size: costs minor_time: 0.050463 major_cost: 0.016628 mutator_cost: 0.932909 throughput_goal: 0.990000
[44.594s][debug  ][gc,ergo        ] GC(157) Live_space: 801639424 free_space: 2133327872
[44.595s][debug  ][gc,ergo        ] GC(157) Old eden_size: 204472320 desired_eden_size: 204472320
[44.595s][debug  ][gc,ergo        ] GC(157) AdaptiveSizeStop: collection: 158 
[44.595s][info   ][gc,heap        ] GC(157) PSYoungGen: 229190K(230912K)->30720K(230912K) Eden: 198470K(199680K)->0K(199680K) From: 30720K(31232K)->30720K(31232K)
[44.595s][info   ][gc,heap        ] GC(157) ParOldGen: 1517157K(2474496K)->1711717K(2474496K)
[44.595s][info   ][gc,metaspace   ] GC(157) Metaspace: 1022K(1216K)->1022K(1216K) NonClass: 938K(1024K)->938K(1024K) Class: 83K(192K)->83K(192K)
[44.595s][info   ][gc             ] GC(157) Pause Young (Allocation Failure) 1705M->1701M(2642M) 17.555ms
[44.595s][info   ][gc,cpu         ] GC(157) User=0.14s Sys=0.00s Real=0.02s
[44.595s][debug  ][gc,heap        ] GC(157) Heap after GC invocations=158 (full 18):
[44.595s][debug  ][gc,heap        ] GC(157)  PSYoungGen      total 230912K, used 30720K [0x00000007f0000000, 0x0000000800000000, 0x0000000800000000)
[44.595s][debug  ][gc,heap        ] GC(157)   eden space 199680K, 0% used [0x00000007f0000000,0x00000007f0000000,0x00000007fc300000)
[44.595s][debug  ][gc,heap        ] GC(157)   from space 31232K, 98% used [0x00000007fe180000,0x00000007fff80030,0x0000000800000000)
[44.595s][debug  ][gc,heap        ] GC(157)   to   space 31232K, 0% used [0x00000007fc300000,0x00000007fc300000,0x00000007fe180000)
[44.595s][debug  ][gc,heap        ] GC(157)  ParOldGen       total 2474496K, used 1711717K [0x0000000740000000, 0x00000007d7080000, 0x00000007f0000000)
[44.595s][debug  ][gc,heap        ] GC(157)   object space 2474496K, 69% used [0x0000000740000000,0x00000007a8799668,0x00000007d7080000)
[44.595s][debug  ][gc,heap        ] GC(157)  Metaspace       used 1022K, committed 1216K, reserved 1056768K
[44.595s][debug  ][gc,heap        ] GC(157)   class space    used 83K, committed 192K, reserved 1048576K
[44.595s][debug  ][gc,task,time   ] GC(157) VM-Thread 445766934 445929511 445949146
[44.892s][debug  ][gc,heap        ] GC(158) Heap before GC invocations=159 (full 18):
[44.892s][debug  ][gc,heap        ] GC(158)  PSYoungGen      total 230912K, used 229191K [0x00000007f0000000, 0x0000000800000000, 0x0000000800000000)
[44.892s][debug  ][gc,heap        ] GC(158)   eden space 199680K, 99% used [0x00000007f0000000,0x00000007fc1d1fa8,0x00000007fc300000)
[44.892s][debug  ][gc,heap        ] GC(158)   from space 31232K, 98% used [0x00000007fe180000,0x00000007fff80030,0x0000000800000000)
[44.893s][debug  ][gc,heap        ] GC(158)   to   space 31232K, 0% used [0x00000007fc300000,0x00000007fc300000,0x00000007fe180000)
[44.893s][debug  ][gc,heap        ] GC(158)  ParOldGen       total 2474496K, used 1711717K [0x0000000740000000, 0x00000007d7080000, 0x00000007f0000000)
[44.893s][debug  ][gc,heap        ] GC(158)   object space 2474496K, 69% used [0x0000000740000000,0x00000007a8799668,0x00000007d7080000)
[44.893s][debug  ][gc,heap        ] GC(158)  Metaspace       used 1023K, committed 1216K, reserved 1056768K
[44.893s][debug  ][gc,heap        ] GC(158)   class space    used 83K, committed 192K, reserved 1048576K
[44.893s][debug  ][gc,tlab        ] GC(158) TLAB totals: thrds: 1  refills: 1 max: 1 slow allocs: 18 max 18 waste: 27.6% gc: 4004432B max: 4004432B slow: 0B max: 0B
[44.893s][info   ][gc,start       ] GC(158) Pause Young (Allocation Failure)
[44.893s][debug  ][gc,phases,start] GC(158) Scavenge
[44.898s][debug  ][gc,phases      ] GC(158) Scavenge 5.696ms
[44.899s][debug  ][gc,phases,start] GC(158) Reference Processing
[44.899s][debug  ][gc,ref         ] GC(158) Skipped phase 1 of Reference Processing: no references
[44.899s][debug  ][gc,ref         ] GC(158) Skipped phase 2 of Reference Processing: no references
[44.899s][debug  ][gc,ref         ] GC(158) Skipped phase 3 of Reference Processing: no references
[44.899s][debug  ][gc,ref         ] GC(158) Skipped phase 4 of Reference Processing: no references
[44.899s][debug  ][gc,phases,ref  ] GC(158) Reference Processing: 0.1ms
[44.899s][debug  ][gc,phases,ref  ] GC(158)   Reconsider SoftReferences: 0.0ms
[44.899s][debug  ][gc,phases,ref  ] GC(158)     SoftRef (ms):                  skipped
[44.899s][debug  ][gc,phases,ref  ] GC(158)   Notify Soft/WeakReferences: 0.0ms
[44.899s][debug  ][gc,phases,ref  ] GC(158)     SoftRef (ms):                  skipped
[44.899s][debug  ][gc,phases,ref  ] GC(158)     WeakRef (ms):                  skipped
[44.899s][debug  ][gc,phases,ref  ] GC(158)     FinalRef (ms):                 skipped
[44.899s][debug  ][gc,phases,ref  ] GC(158)     Total (ms):                    skipped
[44.899s][debug  ][gc,phases,ref  ] GC(158)   Notify and keep alive finalizable: 0.0ms
[44.899s][debug  ][gc,phases,ref  ] GC(158)     FinalRef (ms):                 skipped
[44.899s][debug  ][gc,phases,ref  ] GC(158)   Notify PhantomReferences: 0.0ms
[44.899s][debug  ][gc,phases,ref  ] GC(158)     PhantomRef (ms):               skipped
[44.899s][debug  ][gc,phases,ref  ] GC(158)   SoftReference:
[44.899s][debug  ][gc,phases,ref  ] GC(158)     Discovered: 0
[44.899s][debug  ][gc,phases,ref  ] GC(158)     Cleared: 0
[44.899s][debug  ][gc,phases,ref  ] GC(158)   WeakReference:
[44.899s][debug  ][gc,phases,ref  ] GC(158)     Discovered: 0
[44.899s][debug  ][gc,phases,ref  ] GC(158)     Cleared: 0
[44.899s][debug  ][gc,phases,ref  ] GC(158)   FinalReference:
[44.899s][debug  ][gc,phases,ref  ] GC(158)     Discovered: 0
[44.899s][debug  ][gc,phases,ref  ] GC(158)     Cleared: 0
[44.899s][debug  ][gc,phases,ref  ] GC(158)   PhantomReference:
[44.899s][debug  ][gc,phases,ref  ] GC(158)     Discovered: 0
[44.899s][debug  ][gc,phases,ref  ] GC(158)     Cleared: 0
[44.899s][debug  ][gc,phases      ] GC(158) Reference Processing 0.700ms
[44.899s][debug  ][gc,phases,start] GC(158) Weak Processing
[44.899s][debug  ][gc,phases      ] GC(158)   VM Weak                        Min:  0.0, Avg:  0.0, Max:  0.0, Diff:  0.0, Sum:  0.0, Workers: 6
[44.899s][debug  ][gc,phases      ] GC(158)     Dead                           Min: 0, Avg:  0.0, Max: 0, Diff: 0, Sum: 0, Workers: 6
[44.899s][debug  ][gc,phases      ] GC(158)     Total                          Min: 0, Avg:  1.3, Max: 8, Diff: 8, Sum: 8, Workers: 6
[44.899s][debug  ][gc,phases      ] GC(158)   ObjectSynchronizer Weak        Min:  0.0, Avg:  0.0, Max:  0.0, Diff:  0.0, Sum:  0.0, Workers: 6
[44.899s][debug  ][gc,phases      ] GC(158)     Dead                           Min: 0, Avg:  0.0, Max: 0, Diff: 0, Sum: 0, Workers: 6
[44.899s][debug  ][gc,phases      ] GC(158)     Total                          Min: 0, Avg:  0.5, Max: 3, Diff: 3, Sum: 3, Workers: 6
[44.899s][debug  ][gc,phases      ] GC(158)   JVMTI Tag Weak OopStorage      Min:  0.0, Avg:  0.0, Max:  0.0, Diff:  0.0, Sum:  0.0, Workers: 6
[44.900s][debug  ][gc,phases      ] GC(158)     Dead                           Min: 0, Avg:  0.0, Max: 0, Diff: 0, Sum: 0, Workers: 6
[44.900s][debug  ][gc,phases      ] GC(158)     Total                          Min: 0, Avg:  0.0, Max: 0, Diff: 0, Sum: 0, Workers: 6
[44.900s][debug  ][gc,phases      ] GC(158)   StringTable Weak               Min:  0.0, Avg:  0.0, Max:  0.0, Diff:  0.0, Sum:  0.0, Workers: 6
[44.900s][debug  ][gc,phases      ] GC(158)     Dead                           Min: 0, Avg:  0.0, Max: 0, Diff: 0, Sum: 0, Workers: 6
[44.900s][debug  ][gc,phases      ] GC(158)     Total                          Min: 767, Avg: 892.5, Max: 1088, Diff: 321, Sum: 5355, Workers: 6
[44.900s][debug  ][gc,phases      ] GC(158)   ResolvedMethodTable Weak       Min:  0.0, Avg:  0.0, Max:  0.0, Diff:  0.0, Sum:  0.0, Workers: 6
[44.900s][debug  ][gc,phases      ] GC(158)     Dead                           Min: 0, Avg:  0.0, Max: 0, Diff: 0, Sum: 0, Workers: 6
[44.900s][debug  ][gc,phases      ] GC(158)     Total                          Min: 0, Avg: 21.7, Max: 64, Diff: 64, Sum: 130, Workers: 6
[44.900s][debug  ][gc,phases      ] GC(158)   JNI Weak                       Min:  0.0, Avg:  0.0, Max:  0.0, Diff:  0.0, Sum:  0.0, Workers: 6
[44.900s][debug  ][gc,phases      ] GC(158)     Dead                           Min: 0, Avg:  0.0, Max: 0, Diff: 0, Sum: 0, Workers: 6
[44.900s][debug  ][gc,phases      ] GC(158)     Total                          Min: 0, Avg:  0.0, Max: 0, Diff: 0, Sum: 0, Workers: 6
[44.900s][debug  ][gc,phases      ] GC(158)   StringDedup Table Weak         Min:  0.0, Avg:  0.0, Max:  0.0, Diff:  0.0, Sum:  0.0, Workers: 6
[44.900s][debug  ][gc,phases      ] GC(158)     Dead                           Min: 0, Avg:  0.0, Max: 0, Diff: 0, Sum: 0, Workers: 6
[44.900s][debug  ][gc,phases      ] GC(158)     Total                          Min: 0, Avg:  0.0, Max: 0, Diff: 0, Sum: 0, Workers: 6
[44.900s][debug  ][gc,phases      ] GC(158)   StringDedup Requests0 Weak     Min:  0.0, Avg:  0.0, Max:  0.0, Diff:  0.0, Sum:  0.0, Workers: 6
[44.900s][debug  ][gc,phases      ] GC(158)     Dead                           Min: 0, Avg:  0.0, Max: 0, Diff: 0, Sum: 0, Workers: 6
[44.900s][debug  ][gc,phases      ] GC(158)     Total                          Min: 0, Avg:  0.0, Max: 0, Diff: 0, Sum: 0, Workers: 6
[44.900s][debug  ][gc,phases      ] GC(158)   StringDedup Requests1 Weak     Min:  0.0, Avg:  0.0, Max:  0.0, Diff:  0.0, Sum:  0.0, Workers: 6
[44.900s][debug  ][gc,phases      ] GC(158)     Dead                           Min: 0, Avg:  0.0, Max: 0, Diff: 0, Sum: 0, Workers: 6
[44.900s][debug  ][gc,phases      ] GC(158)     Total                          Min: 0, Avg:  0.0, Max: 0, Diff: 0, Sum: 0, Workers: 6
[44.900s][debug  ][gc,phases      ] GC(158)   Weak JFR Old Object Samples    Min:  0.0, Avg:  0.0, Max:  0.0, Diff:  0.0, Sum:  0.0, Workers: 6
[44.900s][debug  ][gc,phases      ] GC(158)     Dead                           Min: 0, Avg:  0.0, Max: 0, Diff: 0, Sum: 0, Workers: 6
[44.900s][debug  ][gc,phases      ] GC(158)     Total                          Min: 0, Avg:  0.0, Max: 0, Diff: 0, Sum: 0, Workers: 6
[44.900s][debug  ][gc,phases      ] GC(158) Weak Processing 0.751ms
[44.900s][debug  ][gc,ergo        ] GC(158) AdaptiveSizeStart:  collection: 159 
[44.900s][debug  ][gc,ergo        ] GC(158) avg_survived_padded_avg: 31816548.000000
[44.900s][debug  ][gc,ergo        ] GC(158) avg_promoted_padded_avg: 260853152.000000  avg_pretenured_padded_avg: 0.000000  tenuring_thresh: 1  target_size: 31981568
[44.900s][debug  ][gc,age         ] GC(158) Desired survivor size 31981568 bytes, new threshold 1 (max threshold 15)
[44.900s][debug  ][gc,ergo        ] GC(158) PSAdaptiveSizePolicy::compute_eden_space_size limits: desired_eden_size: 234113078 old_eden_size: 204472320 eden_limit: 204472320 cur_eden: 204472320 max_eden_size: 204472320 avg_young_live: 29786830
[44.900s][debug  ][gc,ergo        ] GC(158) PSAdaptiveSizePolicy::compute_eden_space_size: costs minor_time: 0.043795 major_cost: 0.016628 mutator_cost: 0.939578 throughput_goal: 0.990000
[44.900s][debug  ][gc,ergo        ] GC(158) Live_space: 801825024 free_space: 2133327872
[44.900s][debug  ][gc,ergo        ] GC(158) Old eden_size: 204472320 desired_eden_size: 204472320
[44.900s][debug  ][gc,ergo        ] GC(158) AdaptiveSizeStop: collection: 159 
[44.900s][info   ][gc,heap        ] GC(158) PSYoungGen: 229191K(230912K)->30720K(230912K) Eden: 198471K(199680K)->0K(199680K) From: 30720K(31232K)->30720K(31232K)
[44.900s][info   ][gc,heap        ] GC(158) ParOldGen: 1711717K(2474496K)->1711717K(2474496K)
[44.900s][info   ][gc,metaspace   ] GC(158) Metaspace: 1023K(1216K)->1023K(1216K) NonClass: 939K(1024K)->939K(1024K) Class: 83K(192K)->83K(192K)
[44.900s][info   ][gc             ] GC(158) Pause Young (Allocation Failure) 1895M->1701M(2642M) 7.631ms
[44.900s][info   ][gc,cpu         ] GC(158) User=0.08s Sys=0.00s Real=0.01s
[44.900s][debug  ][gc,heap        ] GC(158) Heap after GC invocations=159 (full 18):
[44.900s][debug  ][gc,heap        ] GC(158)  PSYoungGen      total 230912K, used 30720K [0x00000007f0000000, 0x0000000800000000, 0x0000000800000000)
[44.900s][debug  ][gc,heap        ] GC(158)   eden space 199680K, 0% used [0x00000007f0000000,0x00000007f0000000,0x00000007fc300000)
[44.900s][debug  ][gc,heap        ] GC(158)   from space 31232K, 98% used [0x00000007fc300000,0x00000007fe100030,0x00000007fe180000)
[44.901s][debug  ][gc,heap        ] GC(158)   to   space 31232K, 0% used [0x00000007fe180000,0x00000007fe180000,0x0000000800000000)
[44.901s][debug  ][gc,heap        ] GC(158)  ParOldGen       total 2474496K, used 1711717K [0x0000000740000000, 0x00000007d7080000, 0x00000007f0000000)
[44.901s][debug  ][gc,heap        ] GC(158)   object space 2474496K, 69% used [0x0000000740000000,0x00000007a8799668,0x00000007d7080000)
[44.901s][debug  ][gc,heap        ] GC(158)  Metaspace       used 1023K, committed 1216K, reserved 1056768K
[44.901s][debug  ][gc,heap        ] GC(158)   class space    used 83K, committed 192K, reserved 1048576K
[44.901s][debug  ][gc,task,time   ] GC(158) VM-Thread 448923393 448985549 449006152
[45.212s][debug  ][gc,heap        ] GC(159) Heap before GC invocations=160 (full 18):
[45.212s][debug  ][gc,heap        ] GC(159)  PSYoungGen      total 230912K, used 229193K [0x00000007f0000000, 0x0000000800000000, 0x0000000800000000)
[45.212s][debug  ][gc,heap        ] GC(159)   eden space 199680K, 99% used [0x00000007f0000000,0x00000007fc1d2438,0x00000007fc300000)
[45.212s][debug  ][gc,heap        ] GC(159)   from space 31232K, 98% used [0x00000007fc300000,0x00000007fe100030,0x00000007fe180000)
[45.212s][debug  ][gc,heap        ] GC(159)   to   space 31232K, 0% used [0x00000007fe180000,0x00000007fe180000,0x0000000800000000)
[45.212s][debug  ][gc,heap        ] GC(159)  ParOldGen       total 2474496K, used 1711717K [0x0000000740000000, 0x00000007d7080000, 0x00000007f0000000)
[45.212s][debug  ][gc,heap        ] GC(159)   object space 2474496K, 69% used [0x0000000740000000,0x00000007a8799668,0x00000007d7080000)
[45.212s][debug  ][gc,heap        ] GC(159)  Metaspace       used 1023K, committed 1216K, reserved 1056768K
[45.212s][debug  ][gc,heap        ] GC(159)   class space    used 83K, committed 192K, reserved 1048576K
[45.212s][debug  ][gc,tlab        ] GC(159) TLAB totals: thrds: 1  refills: 1 max: 1 slow allocs: 18 max 18 waste: 27.6% gc: 4006664B max: 4006664B slow: 0B max: 0B
[45.212s][info   ][gc,start       ] GC(159) Pause Young (Allocation Failure)
[45.212s][debug  ][gc,phases,start] GC(159) Scavenge
[45.228s][debug  ][gc,phases      ] GC(159) Scavenge 15.739ms
[45.228s][debug  ][gc,phases,start] GC(159) Reference Processing
[45.228s][debug  ][gc,ref         ] GC(159) Skipped phase 1 of Reference Processing: no references
[45.228s][debug  ][gc,ref         ] GC(159) Skipped phase 2 of Reference Processing: no references
[45.228s][debug  ][gc,ref         ] GC(159) Skipped phase 3 of Reference Processing: no references
[45.228s][debug  ][gc,ref         ] GC(159) Skipped phase 4 of Reference Processing: no references
[45.228s][debug  ][gc,phases,ref  ] GC(159) Reference Processing: 0.1ms
[45.228s][debug  ][gc,phases,ref  ] GC(159)   Reconsider SoftReferences: 0.0ms
[45.228s][debug  ][gc,phases,ref  ] GC(159)     SoftRef (ms):                  skipped
[45.228s][debug  ][gc,phases,ref  ] GC(159)   Notify Soft/WeakReferences: 0.0ms
[45.228s][debug  ][gc,phases,ref  ] GC(159)     SoftRef (ms):                  skipped
[45.228s][debug  ][gc,phases,ref  ] GC(159)     WeakRef (ms):                  skipped
[45.228s][debug  ][gc,phases,ref  ] GC(159)     FinalRef (ms):                 skipped
[45.229s][debug  ][gc,phases,ref  ] GC(159)     Total (ms):                    skipped
[45.229s][debug  ][gc,phases,ref  ] GC(159)   Notify and keep alive finalizable: 0.0ms
[45.229s][debug  ][gc,phases,ref  ] GC(159)     FinalRef (ms):                 skipped
[45.229s][debug  ][gc,phases,ref  ] GC(159)   Notify PhantomReferences: 0.0ms
[45.229s][debug  ][gc,phases,ref  ] GC(159)     PhantomRef (ms):               skipped
[45.229s][debug  ][gc,phases,ref  ] GC(159)   SoftReference:
[45.229s][debug  ][gc,phases,ref  ] GC(159)     Discovered: 0
[45.229s][debug  ][gc,phases,ref  ] GC(159)     Cleared: 0
[45.229s][debug  ][gc,phases,ref  ] GC(159)   WeakReference:
[45.229s][debug  ][gc,phases,ref  ] GC(159)     Discovered: 0
[45.229s][debug  ][gc,phases,ref  ] GC(159)     Cleared: 0
[45.229s][debug  ][gc,phases,ref  ] GC(159)   FinalReference:
[45.229s][debug  ][gc,phases,ref  ] GC(159)     Discovered: 0
[45.229s][debug  ][gc,phases,ref  ] GC(159)     Cleared: 0
[45.229s][debug  ][gc,phases,ref  ] GC(159)   PhantomReference:
[45.229s][debug  ][gc,phases,ref  ] GC(159)     Discovered: 0
[45.229s][debug  ][gc,phases,ref  ] GC(159)     Cleared: 0
[45.229s][debug  ][gc,phases      ] GC(159) Reference Processing 0.658ms
[45.229s][debug  ][gc,phases,start] GC(159) Weak Processing
[45.229s][debug  ][gc,phases      ] GC(159)   VM Weak                        Min:  0.0, Avg:  0.0, Max:  0.0, Diff:  0.0, Sum:  0.0, Workers: 6
[45.229s][debug  ][gc,phases      ] GC(159)     Dead                           Min: 0, Avg:  0.0, Max: 0, Diff: 0, Sum: 0, Workers: 6
[45.229s][debug  ][gc,phases      ] GC(159)     Total                          Min: 0, Avg:  1.3, Max: 8, Diff: 8, Sum: 8, Workers: 6
[45.229s][debug  ][gc,phases      ] GC(159)   ObjectSynchronizer Weak        Min:  0.0, Avg:  0.0, Max:  0.0, Diff:  0.0, Sum:  0.0, Workers: 6
[45.229s][debug  ][gc,phases      ] GC(159)     Dead                           Min: 0, Avg:  0.0, Max: 0, Diff: 0, Sum: 0, Workers: 6
[45.229s][debug  ][gc,phases      ] GC(159)     Total                          Min: 0, Avg:  0.5, Max: 3, Diff: 3, Sum: 3, Workers: 6
[45.229s][debug  ][gc,phases      ] GC(159)   JVMTI Tag Weak OopStorage      Min:  0.0, Avg:  0.0, Max:  0.0, Diff:  0.0, Sum:  0.0, Workers: 6
[45.229s][debug  ][gc,phases      ] GC(159)     Dead                           Min: 0, Avg:  0.0, Max: 0, Diff: 0, Sum: 0, Workers: 6
[45.229s][debug  ][gc,phases      ] GC(159)     Total                          Min: 0, Avg:  0.0, Max: 0, Diff: 0, Sum: 0, Workers: 6
[45.229s][debug  ][gc,phases      ] GC(159)   StringTable Weak               Min:  0.0, Avg:  0.0, Max:  0.0, Diff:  0.0, Sum:  0.0, Workers: 6
[45.229s][debug  ][gc,phases      ] GC(159)     Dead                           Min: 0, Avg:  0.0, Max: 0, Diff: 0, Sum: 0, Workers: 6
[45.229s][debug  ][gc,phases      ] GC(159)     Total                          Min: 831, Avg: 892.5, Max: 1088, Diff: 257, Sum: 5355, Workers: 6
[45.229s][debug  ][gc,phases      ] GC(159)   ResolvedMethodTable Weak       Min:  0.0, Avg:  0.0, Max:  0.0, Diff:  0.0, Sum:  0.0, Workers: 6
[45.229s][debug  ][gc,phases      ] GC(159)     Dead                           Min: 0, Avg:  0.0, Max: 0, Diff: 0, Sum: 0, Workers: 6
[45.229s][debug  ][gc,phases      ] GC(159)     Total                          Min: 0, Avg: 21.7, Max: 64, Diff: 64, Sum: 130, Workers: 6
[45.229s][debug  ][gc,phases      ] GC(159)   JNI Weak                       Min:  0.0, Avg:  0.0, Max:  0.0, Diff:  0.0, Sum:  0.0, Workers: 6
[45.229s][debug  ][gc,phases      ] GC(159)     Dead                           Min: 0, Avg:  0.0, Max: 0, Diff: 0, Sum: 0, Workers: 6
[45.229s][debug  ][gc,phases      ] GC(159)     Total                          Min: 0, Avg:  0.0, Max: 0, Diff: 0, Sum: 0, Workers: 6
[45.229s][debug  ][gc,phases      ] GC(159)   StringDedup Table Weak         Min:  0.0, Avg:  0.0, Max:  0.0, Diff:  0.0, Sum:  0.0, Workers: 6
[45.229s][debug  ][gc,phases      ] GC(159)     Dead                           Min: 0, Avg:  0.0, Max: 0, Diff: 0, Sum: 0, Workers: 6
[45.229s][debug  ][gc,phases      ] GC(159)     Total                          Min: 0, Avg:  0.0, Max: 0, Diff: 0, Sum: 0, Workers: 6
[45.229s][debug  ][gc,phases      ] GC(159)   StringDedup Requests0 Weak     Min:  0.0, Avg:  0.0, Max:  0.0, Diff:  0.0, Sum:  0.0, Workers: 6
[45.229s][debug  ][gc,phases      ] GC(159)     Dead                           Min: 0, Avg:  0.0, Max: 0, Diff: 0, Sum: 0, Workers: 6
[45.229s][debug  ][gc,phases      ] GC(159)     Total                          Min: 0, Avg:  0.0, Max: 0, Diff: 0, Sum: 0, Workers: 6
[45.229s][debug  ][gc,phases      ] GC(159)   StringDedup Requests1 Weak     Min:  0.0, Avg:  0.0, Max:  0.0, Diff:  0.0, Sum:  0.0, Workers: 6
[45.230s][debug  ][gc,phases      ] GC(159)     Dead                           Min: 0, Avg:  0.0, Max: 0, Diff: 0, Sum: 0, Workers: 6
[45.230s][debug  ][gc,phases      ] GC(159)     Total                          Min: 0, Avg:  0.0, Max: 0, Diff: 0, Sum: 0, Workers: 6
[45.230s][debug  ][gc,phases      ] GC(159)   Weak JFR Old Object Samples    Min:  0.0, Avg:  0.0, Max:  0.0, Diff:  0.0, Sum:  0.0, Workers: 6
[45.230s][debug  ][gc,phases      ] GC(159)     Dead                           Min: 0, Avg:  0.0, Max: 0, Diff: 0, Sum: 0, Workers: 6
[45.230s][debug  ][gc,phases      ] GC(159)     Total                          Min: 0, Avg:  0.0, Max: 0, Diff: 0, Sum: 0, Workers: 6
[45.230s][debug  ][gc,phases      ] GC(159) Weak Processing 0.727ms
[45.230s][debug  ][gc,ergo        ] GC(159) AdaptiveSizeStart:  collection: 160 
[45.230s][debug  ][gc,ergo        ] GC(159) avg_survived_padded_avg: 31786980.000000
[45.230s][debug  ][gc,ergo        ] GC(159) avg_promoted_padded_avg: 266156064.000000  avg_pretenured_padded_avg: 0.000000  tenuring_thresh: 1  target_size: 31981568
[45.230s][debug  ][gc,age         ] GC(159) Desired survivor size 31981568 bytes, new threshold 1 (max threshold 15)
[45.230s][debug  ][gc,ergo        ] GC(159) PSAdaptiveSizePolicy::compute_eden_space_size limits: desired_eden_size: 234501768 old_eden_size: 204472320 eden_limit: 204472320 cur_eden: 204472320 max_eden_size: 204472320 avg_young_live: 29953878
[45.230s][debug  ][gc,ergo        ] GC(159) PSAdaptiveSizePolicy::compute_eden_space_size: costs minor_time: 0.045956 major_cost: 0.016628 mutator_cost: 0.937416 throughput_goal: 0.990000
[45.230s][debug  ][gc,ergo        ] GC(159) Live_space: 801992128 free_space: 2133327872
[45.230s][debug  ][gc,ergo        ] GC(159) Old eden_size: 204472320 desired_eden_size: 204472320
[45.230s][debug  ][gc,ergo        ] GC(159) AdaptiveSizeStop: collection: 160 
[45.230s][info   ][gc,heap        ] GC(159) PSYoungGen: 229193K(230912K)->30720K(230912K) Eden: 198473K(199680K)->0K(199680K) From: 30720K(31232K)->30720K(31232K)
[45.230s][info   ][gc,heap        ] GC(159) ParOldGen: 1711717K(2474496K)->1906277K(2474496K)
[45.230s][info   ][gc,metaspace   ] GC(159) Metaspace: 1023K(1216K)->1023K(1216K) NonClass: 939K(1024K)->939K(1024K) Class: 83K(192K)->83K(192K)
[45.230s][info   ][gc             ] GC(159) Pause Young (Allocation Failure) 1895M->1891M(2642M) 17.633ms
[45.230s][info   ][gc,cpu         ] GC(159) User=0.16s Sys=0.00s Real=0.02s
[45.230s][debug  ][gc,heap        ] GC(159) Heap after GC invocations=160 (full 18):
[45.230s][debug  ][gc,heap        ] GC(159)  PSYoungGen      total 230912K, used 30720K [0x00000007f0000000, 0x0000000800000000, 0x0000000800000000)
[45.230s][debug  ][gc,heap        ] GC(159)   eden space 199680K, 0% used [0x00000007f0000000,0x00000007f0000000,0x00000007fc300000)
[45.230s][debug  ][gc,heap        ] GC(159)   from space 31232K, 98% used [0x00000007fe180000,0x00000007fff80030,0x0000000800000000)
[45.230s][debug  ][gc,heap        ] GC(159)   to   space 31232K, 0% used [0x00000007fc300000,0x00000007fc300000,0x00000007fe180000)
[45.230s][debug  ][gc,heap        ] GC(159)  ParOldGen       total 2474496K, used 1906277K [0x0000000740000000, 0x00000007d7080000, 0x00000007f0000000)
[45.230s][debug  ][gc,heap        ] GC(159)   object space 2474496K, 77% used [0x0000000740000000,0x00000007b4599798,0x00000007d7080000)
[45.230s][debug  ][gc,heap        ] GC(159)  Metaspace       used 1023K, committed 1216K, reserved 1056768K
[45.230s][debug  ][gc,heap        ] GC(159)   class space    used 83K, committed 192K, reserved 1048576K
[45.230s][debug  ][gc,task,time   ] GC(159) VM-Thread 452118507 452282045 452301885
[45.529s][debug  ][gc,heap        ] GC(160) Heap before GC invocations=161 (full 18):
[45.529s][debug  ][gc,heap        ] GC(160)  PSYoungGen      total 230912K, used 229193K [0x00000007f0000000, 0x0000000800000000, 0x0000000800000000)
[45.529s][debug  ][gc,heap        ] GC(160)   eden space 199680K, 99% used [0x00000007f0000000,0x00000007fc1d2738,0x00000007fc300000)
[45.529s][debug  ][gc,heap        ] GC(160)   from space 31232K, 98% used [0x00000007fe180000,0x00000007fff80030,0x0000000800000000)
[45.529s][debug  ][gc,heap        ] GC(160)   to   space 31232K, 0% used [0x00000007fc300000,0x00000007fc300000,0x00000007fe180000)
[45.529s][debug  ][gc,heap        ] GC(160)  ParOldGen       total 2474496K, used 1906277K [0x0000000740000000, 0x00000007d7080000, 0x00000007f0000000)
[45.529s][debug  ][gc,heap        ] GC(160)   object space 2474496K, 77% used [0x0000000740000000,0x00000007b4599798,0x00000007d7080000)
[45.529s][debug  ][gc,heap        ] GC(160)  Metaspace       used 1023K, committed 1216K, reserved 1056768K
[45.529s][debug  ][gc,heap        ] GC(160)   class space    used 83K, committed 192K, reserved 1048576K
[45.529s][debug  ][gc,tlab        ] GC(160) TLAB totals: thrds: 1  refills: 1 max: 1 slow allocs: 18 max 18 waste: 27.7% gc: 4007432B max: 4007432B slow: 0B max: 0B
[45.529s][info   ][gc,start       ] GC(160) Pause Young (Allocation Failure)
[45.529s][debug  ][gc,phases,start] GC(160) Scavenge
[45.545s][debug  ][gc,phases      ] GC(160) Scavenge 15.516ms
[45.545s][debug  ][gc,phases,start] GC(160) Reference Processing
[45.545s][debug  ][gc,ref         ] GC(160) Skipped phase 1 of Reference Processing: no references
[45.545s][debug  ][gc,ref         ] GC(160) Skipped phase 2 of Reference Processing: no references
[45.545s][debug  ][gc,ref         ] GC(160) Skipped phase 3 of Reference Processing: no references
[45.545s][debug  ][gc,ref         ] GC(160) Skipped phase 4 of Reference Processing: no references
[45.545s][debug  ][gc,phases,ref  ] GC(160) Reference Processing: 0.1ms
[45.545s][debug  ][gc,phases,ref  ] GC(160)   Reconsider SoftReferences: 0.0ms
[45.545s][debug  ][gc,phases,ref  ] GC(160)     SoftRef (ms):                  skipped
[45.545s][debug  ][gc,phases,ref  ] GC(160)   Notify Soft/WeakReferences: 0.0ms
[45.545s][debug  ][gc,phases,ref  ] GC(160)     SoftRef (ms):                  skipped
[45.545s][debug  ][gc,phases,ref  ] GC(160)     WeakRef (ms):                  skipped
[45.545s][debug  ][gc,phases,ref  ] GC(160)     FinalRef (ms):                 skipped
[45.545s][debug  ][gc,phases,ref  ] GC(160)     Total (ms):                    skipped
[45.545s][debug  ][gc,phases,ref  ] GC(160)   Notify and keep alive finalizable: 0.0ms
[45.545s][debug  ][gc,phases,ref  ] GC(160)     FinalRef (ms):                 skipped
[45.545s][debug  ][gc,phases,ref  ] GC(160)   Notify PhantomReferences: 0.0ms
[45.545s][debug  ][gc,phases,ref  ] GC(160)     PhantomRef (ms):               skipped
[45.545s][debug  ][gc,phases,ref  ] GC(160)   SoftReference:
[45.545s][debug  ][gc,phases,ref  ] GC(160)     Discovered: 0
[45.545s][debug  ][gc,phases,ref  ] GC(160)     Cleared: 0
[45.545s][debug  ][gc,phases,ref  ] GC(160)   WeakReference:
[45.545s][debug  ][gc,phases,ref  ] GC(160)     Discovered: 0
[45.545s][debug  ][gc,phases,ref  ] GC(160)     Cleared: 0
[45.545s][debug  ][gc,phases,ref  ] GC(160)   FinalReference:
[45.545s][debug  ][gc,phases,ref  ] GC(160)     Discovered: 0
[45.545s][debug  ][gc,phases,ref  ] GC(160)     Cleared: 0
[45.545s][debug  ][gc,phases,ref  ] GC(160)   PhantomReference:
[45.545s][debug  ][gc,phases,ref  ] GC(160)     Discovered: 0
[45.545s][debug  ][gc,phases,ref  ] GC(160)     Cleared: 0
[45.545s][debug  ][gc,phases      ] GC(160) Reference Processing 0.638ms
[45.545s][debug  ][gc,phases,start] GC(160) Weak Processing
[45.545s][debug  ][gc,phases      ] GC(160)   VM Weak                        Min:  0.0, Avg:  0.0, Max:  0.0, Diff:  0.0, Sum:  0.0, Workers: 6
[45.545s][debug  ][gc,phases      ] GC(160)     Dead                           Min: 0, Avg:  0.0, Max: 0, Diff: 0, Sum: 0, Workers: 6
[45.545s][debug  ][gc,phases      ] GC(160)     Total                          Min: 0, Avg:  1.3, Max: 8, Diff: 8, Sum: 8, Workers: 6
[45.545s][debug  ][gc,phases      ] GC(160)   ObjectSynchronizer Weak        Min:  0.0, Avg:  0.0, Max:  0.0, Diff:  0.0, Sum:  0.0, Workers: 6
[45.545s][debug  ][gc,phases      ] GC(160)     Dead                           Min: 0, Avg:  0.0, Max: 0, Diff: 0, Sum: 0, Workers: 6
[45.545s][debug  ][gc,phases      ] GC(160)     Total                          Min: 0, Avg:  0.5, Max: 3, Diff: 3, Sum: 3, Workers: 6
[45.545s][debug  ][gc,phases      ] GC(160)   JVMTI Tag Weak OopStorage      Min:  0.0, Avg:  0.0, Max:  0.0, Diff:  0.0, Sum:  0.0, Workers: 6
[45.546s][debug  ][gc,phases      ] GC(160)     Dead                           Min: 0, Avg:  0.0, Max: 0, Diff: 0, Sum: 0, Workers: 6
[45.546s][debug  ][gc,phases      ] GC(160)     Total                          Min: 0, Avg:  0.0, Max: 0, Diff: 0, Sum: 0, Workers: 6
[45.546s][debug  ][gc,phases      ] GC(160)   StringTable Weak               Min:  0.0, Avg:  0.0, Max:  0.0, Diff:  0.0, Sum:  0.0, Workers: 6
[45.546s][debug  ][gc,phases      ] GC(160)     Dead                           Min: 0, Avg:  0.0, Max: 0, Diff: 0, Sum: 0, Workers: 6
[45.546s][debug  ][gc,phases      ] GC(160)     Total                          Min: 768, Avg: 892.5, Max: 1024, Diff: 256, Sum: 5355, Workers: 6
[45.546s][debug  ][gc,phases      ] GC(160)   ResolvedMethodTable Weak       Min:  0.0, Avg:  0.0, Max:  0.0, Diff:  0.0, Sum:  0.0, Workers: 6
[45.546s][debug  ][gc,phases      ] GC(160)     Dead                           Min: 0, Avg:  0.0, Max: 0, Diff: 0, Sum: 0, Workers: 6
[45.546s][debug  ][gc,phases      ] GC(160)     Total                          Min: 0, Avg: 21.7, Max: 64, Diff: 64, Sum: 130, Workers: 6
[45.546s][debug  ][gc,phases      ] GC(160)   JNI Weak                       Min:  0.0, Avg:  0.0, Max:  0.0, Diff:  0.0, Sum:  0.0, Workers: 6
[45.546s][debug  ][gc,phases      ] GC(160)     Dead                           Min: 0, Avg:  0.0, Max: 0, Diff: 0, Sum: 0, Workers: 6
[45.546s][debug  ][gc,phases      ] GC(160)     Total                          Min: 0, Avg:  0.0, Max: 0, Diff: 0, Sum: 0, Workers: 6
[45.546s][debug  ][gc,phases      ] GC(160)   StringDedup Table Weak         Min:  0.0, Avg:  0.0, Max:  0.0, Diff:  0.0, Sum:  0.0, Workers: 6
[45.546s][debug  ][gc,phases      ] GC(160)     Dead                           Min: 0, Avg:  0.0, Max: 0, Diff: 0, Sum: 0, Workers: 6
[45.546s][debug  ][gc,phases      ] GC(160)     Total                          Min: 0, Avg:  0.0, Max: 0, Diff: 0, Sum: 0, Workers: 6
[45.546s][debug  ][gc,phases      ] GC(160)   StringDedup Requests0 Weak     Min:  0.0, Avg:  0.0, Max:  0.0, Diff:  0.0, Sum:  0.0, Workers: 6
[45.546s][debug  ][gc,phases      ] GC(160)     Dead                           Min: 0, Avg:  0.0, Max: 0, Diff: 0, Sum: 0, Workers: 6
[45.546s][debug  ][gc,phases      ] GC(160)     Total                          Min: 0, Avg:  0.0, Max: 0, Diff: 0, Sum: 0, Workers: 6
[45.546s][debug  ][gc,phases      ] GC(160)   StringDedup Requests1 Weak     Min:  0.0, Avg:  0.0, Max:  0.0, Diff:  0.0, Sum:  0.0, Workers: 6
[45.546s][debug  ][gc,phases      ] GC(160)     Dead                           Min: 0, Avg:  0.0, Max: 0, Diff: 0, Sum: 0, Workers: 6
[45.546s][debug  ][gc,phases      ] GC(160)     Total                          Min: 0, Avg:  0.0, Max: 0, Diff: 0, Sum: 0, Workers: 6
[45.546s][debug  ][gc,phases      ] GC(160)   Weak JFR Old Object Samples    Min:  0.0, Avg:  0.0, Max:  0.0, Diff:  0.0, Sum:  0.0, Workers: 6
[45.546s][debug  ][gc,phases      ] GC(160)     Dead                           Min: 0, Avg:  0.0, Max: 0, Diff: 0, Sum: 0, Workers: 6
[45.546s][debug  ][gc,phases      ] GC(160)     Total                          Min: 0, Avg:  0.0, Max: 0, Diff: 0, Sum: 0, Workers: 6
[45.546s][debug  ][gc,phases      ] GC(160) Weak Processing 0.790ms
[45.546s][debug  ][gc,ergo        ] GC(160) AdaptiveSizeStart:  collection: 161 
[45.546s][debug  ][gc,ergo        ] GC(160) avg_survived_padded_avg: 31759734.000000
[45.546s][debug  ][gc,ergo        ] GC(160) avg_promoted_padded_avg: 269782176.000000  avg_pretenured_padded_avg: 0.000000  tenuring_thresh: 1  target_size: 31981568
[45.546s][debug  ][gc,age         ] GC(160) Desired survivor size 31981568 bytes, new threshold 1 (max threshold 15)
[45.546s][debug  ][gc,ergo        ] GC(160) PSAdaptiveSizePolicy::compute_eden_space_size limits: desired_eden_size: 234837529 old_eden_size: 204472320 eden_limit: 204472320 cur_eden: 204472320 max_eden_size: 204472320 avg_young_live: 30104222
[45.546s][debug  ][gc,ergo        ] GC(160) PSAdaptiveSizePolicy::compute_eden_space_size: costs minor_time: 0.047952 major_cost: 0.016628 mutator_cost: 0.935420 throughput_goal: 0.990000
[45.546s][debug  ][gc,ergo        ] GC(160) Live_space: 802142464 free_space: 2133327872
[45.546s][debug  ][gc,ergo        ] GC(160) Old eden_size: 204472320 desired_eden_size: 204472320
[45.546s][debug  ][gc,ergo        ] GC(160) AdaptiveSizeStop: collection: 161 
[45.546s][info   ][gc,heap        ] GC(160) PSYoungGen: 229193K(230912K)->30720K(230912K) Eden: 198473K(199680K)->0K(199680K) From: 30720K(31232K)->30720K(31232K)
[45.546s][info   ][gc,heap        ] GC(160) ParOldGen: 1906277K(2474496K)->2100838K(2474496K)
[45.546s][info   ][gc,metaspace   ] GC(160) Metaspace: 1023K(1216K)->1023K(1216K) NonClass: 939K(1024K)->939K(1024K) Class: 83K(192K)->83K(192K)
[45.546s][info   ][gc             ] GC(160) Pause Young (Allocation Failure) 2085M->2081M(2642M) 17.414ms
[45.546s][info   ][gc,cpu         ] GC(160) User=0.16s Sys=0.00s Real=0.02s
[45.546s][debug  ][gc,heap        ] GC(160) Heap after GC invocations=161 (full 18):
[45.546s][debug  ][gc,heap        ] GC(160)  PSYoungGen      total 230912K, used 30720K [0x00000007f0000000, 0x0000000800000000, 0x0000000800000000)
[45.546s][debug  ][gc,heap        ] GC(160)   eden space 199680K, 0% used [0x00000007f0000000,0x00000007f0000000,0x00000007fc300000)
[45.547s][debug  ][gc,heap        ] GC(160)   from space 31232K, 98% used [0x00000007fc300000,0x00000007fe100030,0x00000007fe180000)
[45.547s][debug  ][gc,heap        ] GC(160)   to   space 31232K, 0% used [0x00000007fe180000,0x00000007fe180000,0x0000000800000000)
[45.547s][debug  ][gc,heap        ] GC(160)  ParOldGen       total 2474496K, used 2100838K [0x0000000740000000, 0x00000007d7080000, 0x00000007f0000000)
[45.547s][debug  ][gc,heap        ] GC(160)   object space 2474496K, 84% used [0x0000000740000000,0x00000007c03998c8,0x00000007d7080000)
[45.547s][debug  ][gc,heap        ] GC(160)  Metaspace       used 1023K, committed 1216K, reserved 1056768K
[45.547s][debug  ][gc,heap        ] GC(160)   class space    used 83K, committed 192K, reserved 1048576K
[45.547s][debug  ][gc,task,time   ] GC(160) VM-Thread 455285299 455446105 455466275
[45.844s][debug  ][gc,heap        ] GC(161) Heap before GC invocations=162 (full 18):
[45.844s][debug  ][gc,heap        ] GC(161)  PSYoungGen      total 230912K, used 229194K [0x00000007f0000000, 0x0000000800000000, 0x0000000800000000)
[45.844s][debug  ][gc,heap        ] GC(161)   eden space 199680K, 99% used [0x00000007f0000000,0x00000007fc1d2918,0x00000007fc300000)
[45.844s][debug  ][gc,heap        ] GC(161)   from space 31232K, 98% used [0x00000007fc300000,0x00000007fe100030,0x00000007fe180000)
[45.844s][debug  ][gc,heap        ] GC(161)   to   space 31232K, 0% used [0x00000007fe180000,0x00000007fe180000,0x0000000800000000)
[45.844s][debug  ][gc,heap        ] GC(161)  ParOldGen       total 2474496K, used 2100838K [0x0000000740000000, 0x00000007d7080000, 0x00000007f0000000)
[45.844s][debug  ][gc,heap        ] GC(161)   object space 2474496K, 84% used [0x0000000740000000,0x00000007c03998c8,0x00000007d7080000)
[45.844s][debug  ][gc,heap        ] GC(161)  Metaspace       used 1023K, committed 1216K, reserved 1056768K
[45.844s][debug  ][gc,heap        ] GC(161)   class space    used 83K, committed 192K, reserved 1048576K
[45.844s][debug  ][gc,tlab        ] GC(161) TLAB totals: thrds: 1  refills: 1 max: 1 slow allocs: 18 max 18 waste: 27.7% gc: 4007912B max: 4007912B slow: 0B max: 0B
[45.844s][info   ][gc,start       ] GC(161) Pause Young (Allocation Failure)
[45.844s][debug  ][gc,phases,start] GC(161) Scavenge
[45.863s][debug  ][gc,phases      ] GC(161) Scavenge 18.802ms
[45.863s][debug  ][gc,phases,start] GC(161) Reference Processing
[45.863s][debug  ][gc,ref         ] GC(161) Skipped phase 1 of Reference Processing: no references
[45.863s][debug  ][gc,ref         ] GC(161) Skipped phase 2 of Reference Processing: no references
[45.863s][debug  ][gc,ref         ] GC(161) Skipped phase 3 of Reference Processing: no references
[45.863s][debug  ][gc,ref         ] GC(161) Skipped phase 4 of Reference Processing: no references
[45.863s][debug  ][gc,phases,ref  ] GC(161) Reference Processing: 0.1ms
[45.863s][debug  ][gc,phases,ref  ] GC(161)   Reconsider SoftReferences: 0.0ms
[45.863s][debug  ][gc,phases,ref  ] GC(161)     SoftRef (ms):                  skipped
[45.863s][debug  ][gc,phases,ref  ] GC(161)   Notify Soft/WeakReferences: 0.0ms
[45.863s][debug  ][gc,phases,ref  ] GC(161)     SoftRef (ms):                  skipped
[45.863s][debug  ][gc,phases,ref  ] GC(161)     WeakRef (ms):                  skipped
[45.863s][debug  ][gc,phases,ref  ] GC(161)     FinalRef (ms):                 skipped
[45.863s][debug  ][gc,phases,ref  ] GC(161)     Total (ms):                    skipped
[45.863s][debug  ][gc,phases,ref  ] GC(161)   Notify and keep alive finalizable: 0.0ms
[45.863s][debug  ][gc,phases,ref  ] GC(161)     FinalRef (ms):                 skipped
[45.863s][debug  ][gc,phases,ref  ] GC(161)   Notify PhantomReferences: 0.0ms
[45.863s][debug  ][gc,phases,ref  ] GC(161)     PhantomRef (ms):               skipped
[45.863s][debug  ][gc,phases,ref  ] GC(161)   SoftReference:
[45.863s][debug  ][gc,phases,ref  ] GC(161)     Discovered: 0
[45.863s][debug  ][gc,phases,ref  ] GC(161)     Cleared: 0
[45.863s][debug  ][gc,phases,ref  ] GC(161)   WeakReference:
[45.864s][debug  ][gc,phases,ref  ] GC(161)     Discovered: 0
[45.864s][debug  ][gc,phases,ref  ] GC(161)     Cleared: 0
[45.864s][debug  ][gc,phases,ref  ] GC(161)   FinalReference:
[45.864s][debug  ][gc,phases,ref  ] GC(161)     Discovered: 0
[45.864s][debug  ][gc,phases,ref  ] GC(161)     Cleared: 0
[45.864s][debug  ][gc,phases,ref  ] GC(161)   PhantomReference:
[45.864s][debug  ][gc,phases,ref  ] GC(161)     Discovered: 0
[45.864s][debug  ][gc,phases,ref  ] GC(161)     Cleared: 0
[45.864s][debug  ][gc,phases      ] GC(161) Reference Processing 0.568ms
[45.864s][debug  ][gc,phases,start] GC(161) Weak Processing
[45.864s][debug  ][gc,phases      ] GC(161)   VM Weak                        Min:  0.0, Avg:  0.0, Max:  0.0, Diff:  0.0, Sum:  0.0, Workers: 6
[45.864s][debug  ][gc,phases      ] GC(161)     Dead                           Min: 0, Avg:  0.0, Max: 0, Diff: 0, Sum: 0, Workers: 6
[45.864s][debug  ][gc,phases      ] GC(161)     Total                          Min: 0, Avg:  1.3, Max: 8, Diff: 8, Sum: 8, Workers: 6
[45.864s][debug  ][gc,phases      ] GC(161)   ObjectSynchronizer Weak        Min:  0.0, Avg:  0.0, Max:  0.0, Diff:  0.0, Sum:  0.0, Workers: 6
[45.864s][debug  ][gc,phases      ] GC(161)     Dead                           Min: 0, Avg:  0.0, Max: 0, Diff: 0, Sum: 0, Workers: 6
[45.864s][debug  ][gc,phases      ] GC(161)     Total                          Min: 0, Avg:  0.5, Max: 3, Diff: 3, Sum: 3, Workers: 6
[45.864s][debug  ][gc,phases      ] GC(161)   JVMTI Tag Weak OopStorage      Min:  0.0, Avg:  0.0, Max:  0.0, Diff:  0.0, Sum:  0.0, Workers: 6
[45.864s][debug  ][gc,phases      ] GC(161)     Dead                           Min: 0, Avg:  0.0, Max: 0, Diff: 0, Sum: 0, Workers: 6
[45.864s][debug  ][gc,phases      ] GC(161)     Total                          Min: 0, Avg:  0.0, Max: 0, Diff: 0, Sum: 0, Workers: 6
[45.864s][debug  ][gc,phases      ] GC(161)   StringTable Weak               Min:  0.0, Avg:  0.0, Max:  0.0, Diff:  0.0, Sum:  0.0, Workers: 6
[45.864s][debug  ][gc,phases      ] GC(161)     Dead                           Min: 0, Avg:  0.0, Max: 0, Diff: 0, Sum: 0, Workers: 6
[45.864s][debug  ][gc,phases      ] GC(161)     Total                          Min: 639, Avg: 892.5, Max: 1152, Diff: 513, Sum: 5355, Workers: 6
[45.864s][debug  ][gc,phases      ] GC(161)   ResolvedMethodTable Weak       Min:  0.0, Avg:  0.0, Max:  0.0, Diff:  0.0, Sum:  0.0, Workers: 6
[45.864s][debug  ][gc,phases      ] GC(161)     Dead                           Min: 0, Avg:  0.0, Max: 0, Diff: 0, Sum: 0, Workers: 6
[45.864s][debug  ][gc,phases      ] GC(161)     Total                          Min: 0, Avg: 21.7, Max: 64, Diff: 64, Sum: 130, Workers: 6
[45.864s][debug  ][gc,phases      ] GC(161)   JNI Weak                       Min:  0.0, Avg:  0.0, Max:  0.0, Diff:  0.0, Sum:  0.0, Workers: 6
[45.864s][debug  ][gc,phases      ] GC(161)     Dead                           Min: 0, Avg:  0.0, Max: 0, Diff: 0, Sum: 0, Workers: 6
[45.864s][debug  ][gc,phases      ] GC(161)     Total                          Min: 0, Avg:  0.0, Max: 0, Diff: 0, Sum: 0, Workers: 6
[45.864s][debug  ][gc,phases      ] GC(161)   StringDedup Table Weak         Min:  0.0, Avg:  0.0, Max:  0.0, Diff:  0.0, Sum:  0.0, Workers: 6
[45.864s][debug  ][gc,phases      ] GC(161)     Dead                           Min: 0, Avg:  0.0, Max: 0, Diff: 0, Sum: 0, Workers: 6
[45.864s][debug  ][gc,phases      ] GC(161)     Total                          Min: 0, Avg:  0.0, Max: 0, Diff: 0, Sum: 0, Workers: 6
[45.864s][debug  ][gc,phases      ] GC(161)   StringDedup Requests0 Weak     Min:  0.0, Avg:  0.0, Max:  0.0, Diff:  0.0, Sum:  0.0, Workers: 6
[45.864s][debug  ][gc,phases      ] GC(161)     Dead                           Min: 0, Avg:  0.0, Max: 0, Diff: 0, Sum: 0, Workers: 6
[45.864s][debug  ][gc,phases      ] GC(161)     Total                          Min: 0, Avg:  0.0, Max: 0, Diff: 0, Sum: 0, Workers: 6
[45.864s][debug  ][gc,phases      ] GC(161)   StringDedup Requests1 Weak     Min:  0.0, Avg:  0.0, Max:  0.0, Diff:  0.0, Sum:  0.0, Workers: 6
[45.864s][debug  ][gc,phases      ] GC(161)     Dead                           Min: 0, Avg:  0.0, Max: 0, Diff: 0, Sum: 0, Workers: 6
[45.864s][debug  ][gc,phases      ] GC(161)     Total                          Min: 0, Avg:  0.0, Max: 0, Diff: 0, Sum: 0, Workers: 6
[45.864s][debug  ][gc,phases      ] GC(161)   Weak JFR Old Object Samples    Min:  0.0, Avg:  0.0, Max:  0.0, Diff:  0.0, Sum:  0.0, Workers: 6
[45.864s][debug  ][gc,phases      ] GC(161)     Dead                           Min: 0, Avg:  0.0, Max: 0, Diff: 0, Sum: 0, Workers: 6
[45.864s][debug  ][gc,phases      ] GC(161)     Total                          Min: 0, Avg:  0.0, Max: 0, Diff: 0, Sum: 0, Workers: 6
[45.864s][debug  ][gc,phases      ] GC(161) Weak Processing 0.824ms
[45.865s][debug  ][gc,ergo        ] GC(161) AdaptiveSizeStart:  collection: 162 
[45.865s][debug  ][gc,ergo        ] GC(161) avg_survived_padded_avg: 31734640.000000
[45.865s][debug  ][gc,ergo        ] GC(161) avg_promoted_padded_avg: 272013792.000000  avg_pretenured_padded_avg: 0.000000  tenuring_thresh: 1  target_size: 31981568
[45.865s][debug  ][gc,age         ] GC(161) Desired survivor size 31981568 bytes, new threshold 1 (max threshold 15)
[45.865s][debug  ][gc,ergo        ] GC(161) PSAdaptiveSizePolicy::compute_eden_space_size limits: desired_eden_size: 235444369 old_eden_size: 204472320 eden_limit: 204472320 cur_eden: 204472320 max_eden_size: 204472320 avg_young_live: 30239532
[45.865s][debug  ][gc,ergo        ] GC(161) PSAdaptiveSizePolicy::compute_eden_space_size: costs minor_time: 0.051902 major_cost: 0.016628 mutator_cost: 0.931471 throughput_goal: 0.990000
[45.865s][debug  ][gc,ergo        ] GC(161) Live_space: 802277760 free_space: 2133327872
[45.865s][debug  ][gc,ergo        ] GC(161) Old eden_size: 204472320 desired_eden_size: 204472320
[45.865s][debug  ][gc,ergo        ] GC(161) AdaptiveSizeStop: collection: 162 
[45.865s][info   ][gc,heap        ] GC(161) PSYoungGen: 229194K(230912K)->30720K(230912K) Eden: 198474K(199680K)->0K(199680K) From: 30720K(31232K)->30720K(31232K)
[45.865s][info   ][gc,heap        ] GC(161) ParOldGen: 2100838K(2474496K)->2295398K(2474496K)
[45.865s][info   ][gc,metaspace   ] GC(161) Metaspace: 1023K(1216K)->1023K(1216K) NonClass: 939K(1024K)->939K(1024K) Class: 83K(192K)->83K(192K)
[45.865s][info   ][gc             ] GC(161) Pause Young (Allocation Failure) 2275M->2271M(2642M) 20.653ms
[45.865s][info   ][gc,cpu         ] GC(161) User=0.12s Sys=0.05s Real=0.02s
[45.865s][debug  ][gc,heap        ] GC(161) Heap after GC invocations=162 (full 18):
[45.865s][debug  ][gc,heap        ] GC(161)  PSYoungGen      total 230912K, used 30720K [0x00000007f0000000, 0x0000000800000000, 0x0000000800000000)
[45.865s][debug  ][gc,heap        ] GC(161)   eden space 199680K, 0% used [0x00000007f0000000,0x00000007f0000000,0x00000007fc300000)
[45.865s][debug  ][gc,heap        ] GC(161)   from space 31232K, 98% used [0x00000007fe180000,0x00000007fff80030,0x0000000800000000)
[45.865s][debug  ][gc,heap        ] GC(161)   to   space 31232K, 0% used [0x00000007fc300000,0x00000007fc300000,0x00000007fe180000)
[45.865s][debug  ][gc,heap        ] GC(161)  ParOldGen       total 2474496K, used 2295398K [0x0000000740000000, 0x00000007d7080000, 0x00000007f0000000)
[45.865s][debug  ][gc,heap        ] GC(161)   object space 2474496K, 92% used [0x0000000740000000,0x00000007cc1999f8,0x00000007d7080000)
[45.865s][debug  ][gc,heap        ] GC(161)  Metaspace       used 1023K, committed 1216K, reserved 1056768K
[45.865s][debug  ][gc,heap        ] GC(161)   class space    used 83K, committed 192K, reserved 1048576K
[45.865s][debug  ][gc,task,time   ] GC(161) VM-Thread 458437284 458630861 458650633
[45.865s][debug  ][gc,phases,start] GC(162) Pre Compact
[45.865s][debug  ][gc,heap        ] GC(162) Heap before GC invocations=163 (full 19):
[45.865s][debug  ][gc,heap        ] GC(162)  PSYoungGen      total 230912K, used 30720K [0x00000007f0000000, 0x0000000800000000, 0x0000000800000000)
[45.865s][debug  ][gc,heap        ] GC(162)   eden space 199680K, 0% used [0x00000007f0000000,0x00000007f0000000,0x00000007fc300000)
[45.865s][debug  ][gc,heap        ] GC(162)   from space 31232K, 98% used [0x00000007fe180000,0x00000007fff80030,0x0000000800000000)
[45.865s][debug  ][gc,heap        ] GC(162)   to   space 31232K, 0% used [0x00000007fc300000,0x00000007fc300000,0x00000007fe180000)
[45.865s][debug  ][gc,heap        ] GC(162)  ParOldGen       total 2474496K, used 2295398K [0x0000000740000000, 0x00000007d7080000, 0x00000007f0000000)
[45.865s][debug  ][gc,heap        ] GC(162)   object space 2474496K, 92% used [0x0000000740000000,0x00000007cc1999f8,0x00000007d7080000)
[45.865s][debug  ][gc,heap        ] GC(162)  Metaspace       used 1023K, committed 1216K, reserved 1056768K
[45.865s][debug  ][gc,heap        ] GC(162)   class space    used 83K, committed 192K, reserved 1048576K
[45.865s][debug  ][gc,phases      ] GC(162) Pre Compact 0.215ms
[45.865s][info   ][gc,start       ] GC(162) Pause Full (Ergonomics)
[45.865s][info   ][gc,phases,start] GC(162) Marking Phase
[45.865s][debug  ][gc,phases,start] GC(162) Par Mark
[45.866s][debug  ][gc,phases      ] GC(162) Par Mark 0.524ms
[45.866s][debug  ][gc,phases,start] GC(162) Reference Processing
[45.866s][debug  ][gc,ref         ] GC(162) Skipped phase 1 of Reference Processing: no references
[45.866s][debug  ][gc,ref         ] GC(162) ReferenceProcessor::execute queues: 1, RefProcThreadModel::Single, marks_oops_alive: false
[45.866s][debug  ][gc,ref         ] GC(162) Skipped phase 3 of Reference Processing: no references
[45.866s][debug  ][gc,ref         ] GC(162) ReferenceProcessor::execute queues: 1, RefProcThreadModel::Single, marks_oops_alive: false
[45.866s][debug  ][gc,phases,ref  ] GC(162) Reference Processing: 0.1ms
[45.866s][debug  ][gc,phases,ref  ] GC(162)   Reconsider SoftReferences: 0.0ms
[45.866s][debug  ][gc,phases,ref  ] GC(162)     SoftRef (ms):                  skipped
[45.866s][debug  ][gc,phases,ref  ] GC(162)   Notify Soft/WeakReferences: 0.0ms
[45.866s][debug  ][gc,phases,ref  ] GC(162)     SoftRef (ms):                  Min:  0.0, Avg:  0.0, Max:  0.0, Diff:  0.0, Sum:  0.0, Workers: 10
[45.866s][debug  ][gc,phases,ref  ] GC(162)     WeakRef (ms):                  Min:  0.0, Avg:  0.0, Max:  0.0, Diff:  0.0, Sum:  0.0, Workers: 10
[45.866s][debug  ][gc,phases,ref  ] GC(162)     FinalRef (ms):                 Min:  0.0, Avg:  0.0, Max:  0.0, Diff:  0.0, Sum:  0.0, Workers: 10
[45.866s][debug  ][gc,phases,ref  ] GC(162)     Total (ms):                    Min:  0.0, Avg:  0.0, Max:  0.0, Diff:  0.0, Sum:  0.0, Workers: 10
[45.866s][debug  ][gc,phases,ref  ] GC(162)   Notify and keep alive finalizable: 0.0ms
[45.866s][debug  ][gc,phases,ref  ] GC(162)     FinalRef (ms):                 skipped
[45.866s][debug  ][gc,phases,ref  ] GC(162)   Notify PhantomReferences: 0.0ms
[45.866s][debug  ][gc,phases,ref  ] GC(162)     PhantomRef (ms):               Min:  0.0, Avg:  0.0, Max:  0.0, Diff:  0.0, Sum:  0.0, Workers: 10
[45.866s][debug  ][gc,phases,ref  ] GC(162)   SoftReference:
[45.866s][debug  ][gc,phases,ref  ] GC(162)     Discovered: 0
[45.866s][debug  ][gc,phases,ref  ] GC(162)     Cleared: 0
[45.866s][debug  ][gc,phases,ref  ] GC(162)   WeakReference:
[45.866s][debug  ][gc,phases,ref  ] GC(162)     Discovered: 72
[45.866s][debug  ][gc,phases,ref  ] GC(162)     Cleared: 72
[45.867s][debug  ][gc,phases,ref  ] GC(162)   FinalReference:
[45.867s][debug  ][gc,phases,ref  ] GC(162)     Discovered: 0
[45.867s][debug  ][gc,phases,ref  ] GC(162)     Cleared: 0
[45.867s][debug  ][gc,phases,ref  ] GC(162)   PhantomReference:
[45.867s][debug  ][gc,phases,ref  ] GC(162)     Discovered: 3
[45.867s][debug  ][gc,phases,ref  ] GC(162)     Cleared: 3
[45.867s][debug  ][gc,phases      ] GC(162) Reference Processing 0.682ms
[45.867s][debug  ][gc,phases,start] GC(162) Weak Processing
[45.867s][debug  ][gc,phases      ] GC(162)   VM Weak                        Min:  0.0, Avg:  0.0, Max:  0.0, Diff:  0.0, Sum:  0.0, Workers: 6
[45.867s][debug  ][gc,phases      ] GC(162)     Dead                           Min: 0, Avg:  0.0, Max: 0, Diff: 0, Sum: 0, Workers: 6
[45.867s][debug  ][gc,phases      ] GC(162)     Total                          Min: 0, Avg:  1.3, Max: 8, Diff: 8, Sum: 8, Workers: 6
[45.867s][debug  ][gc,phases      ] GC(162)   ObjectSynchronizer Weak        Min:  0.0, Avg:  0.0, Max:  0.0, Diff:  0.0, Sum:  0.0, Workers: 6
[45.867s][debug  ][gc,phases      ] GC(162)     Dead                           Min: 0, Avg:  0.0, Max: 0, Diff: 0, Sum: 0, Workers: 6
[45.867s][debug  ][gc,phases      ] GC(162)     Total                          Min: 0, Avg:  0.5, Max: 3, Diff: 3, Sum: 3, Workers: 6
[45.867s][debug  ][gc,phases      ] GC(162)   JVMTI Tag Weak OopStorage      Min:  0.0, Avg:  0.0, Max:  0.0, Diff:  0.0, Sum:  0.0, Workers: 6
[45.867s][debug  ][gc,phases      ] GC(162)     Dead                           Min: 0, Avg:  0.0, Max: 0, Diff: 0, Sum: 0, Workers: 6
[45.867s][debug  ][gc,phases      ] GC(162)     Total                          Min: 0, Avg:  0.0, Max: 0, Diff: 0, Sum: 0, Workers: 6
[45.867s][debug  ][gc,phases      ] GC(162)   StringTable Weak               Min:  0.0, Avg:  0.0, Max:  0.0, Diff:  0.0, Sum:  0.0, Workers: 6
[45.867s][debug  ][gc,phases      ] GC(162)     Dead                           Min: 0, Avg:  0.0, Max: 0, Diff: 0, Sum: 0, Workers: 6
[45.867s][debug  ][gc,phases      ] GC(162)     Total                          Min: 703, Avg: 892.5, Max: 1260, Diff: 557, Sum: 5355, Workers: 6
[45.867s][debug  ][gc,phases      ] GC(162)   ResolvedMethodTable Weak       Min:  0.0, Avg:  0.0, Max:  0.0, Diff:  0.0, Sum:  0.0, Workers: 6
[45.867s][debug  ][gc,phases      ] GC(162)     Dead                           Min: 0, Avg:  0.0, Max: 0, Diff: 0, Sum: 0, Workers: 6
[45.867s][debug  ][gc,phases      ] GC(162)     Total                          Min: 0, Avg: 21.7, Max: 64, Diff: 64, Sum: 130, Workers: 6
[45.867s][debug  ][gc,phases      ] GC(162)   JNI Weak                       Min:  0.0, Avg:  0.0, Max:  0.0, Diff:  0.0, Sum:  0.0, Workers: 6
[45.867s][debug  ][gc,phases      ] GC(162)     Dead                           Min: 0, Avg:  0.0, Max: 0, Diff: 0, Sum: 0, Workers: 6
[45.867s][debug  ][gc,phases      ] GC(162)     Total                          Min: 0, Avg:  0.0, Max: 0, Diff: 0, Sum: 0, Workers: 6
[45.867s][debug  ][gc,phases      ] GC(162)   StringDedup Table Weak         Min:  0.0, Avg:  0.0, Max:  0.0, Diff:  0.0, Sum:  0.0, Workers: 6
[45.867s][debug  ][gc,phases      ] GC(162)     Dead                           Min: 0, Avg:  0.0, Max: 0, Diff: 0, Sum: 0, Workers: 6
[45.867s][debug  ][gc,phases      ] GC(162)     Total                          Min: 0, Avg:  0.0, Max: 0, Diff: 0, Sum: 0, Workers: 6
[45.867s][debug  ][gc,phases      ] GC(162)   StringDedup Requests0 Weak     Min:  0.0, Avg:  0.0, Max:  0.0, Diff:  0.0, Sum:  0.0, Workers: 6
[45.867s][debug  ][gc,phases      ] GC(162)     Dead                           Min: 0, Avg:  0.0, Max: 0, Diff: 0, Sum: 0, Workers: 6
[45.867s][debug  ][gc,phases      ] GC(162)     Total                          Min: 0, Avg:  0.0, Max: 0, Diff: 0, Sum: 0, Workers: 6
[45.867s][debug  ][gc,phases      ] GC(162)   StringDedup Requests1 Weak     Min:  0.0, Avg:  0.0, Max:  0.0, Diff:  0.0, Sum:  0.0, Workers: 6
[45.867s][debug  ][gc,phases      ] GC(162)     Dead                           Min: 0, Avg:  0.0, Max: 0, Diff: 0, Sum: 0, Workers: 6
[45.867s][debug  ][gc,phases      ] GC(162)     Total                          Min: 0, Avg:  0.0, Max: 0, Diff: 0, Sum: 0, Workers: 6
[45.867s][debug  ][gc,phases      ] GC(162)   Weak JFR Old Object Samples    Min:  0.0, Avg:  0.0, Max:  0.0, Diff:  0.0, Sum:  0.0, Workers: 6
[45.867s][debug  ][gc,phases      ] GC(162)     Dead                           Min: 0, Avg:  0.0, Max: 0, Diff: 0, Sum: 0, Workers: 6
[45.867s][debug  ][gc,phases      ] GC(162)     Total                          Min: 0, Avg:  0.0, Max: 0, Diff: 0, Sum: 0, Workers: 6
[45.867s][debug  ][gc,phases      ] GC(162) Weak Processing 0.658ms
[45.867s][debug  ][gc,phases,start] GC(162) Class Unloading
[45.867s][debug  ][gc,phases,start] GC(162) ClassLoaderData
[45.867s][debug  ][gc,phases      ] GC(162) ClassLoaderData 0.019ms
[45.867s][debug  ][gc,phases,start] GC(162) Trigger cleanups
[45.867s][debug  ][gc,phases      ] GC(162) Trigger cleanups 0.018ms
[45.868s][debug  ][gc,phases      ] GC(162) Class Unloading 0.252ms
[45.868s][info   ][gc,phases      ] GC(162) Marking Phase 2.239ms
[45.868s][info   ][gc,phases,start] GC(162) Summary Phase
[45.868s][info   ][gc,phases      ] GC(162) Summary Phase 0.047ms
[45.868s][info   ][gc,phases,start] GC(162) Adjust Roots
[45.868s][info   ][gc,phases      ] GC(162) Adjust Roots 0.157ms
[45.868s][info   ][gc,phases,start] GC(162) Compaction Phase
[45.934s][info   ][gc,phases      ] GC(162) Compaction Phase 66.151ms
[45.934s][info   ][gc,phases,start] GC(162) Post Compact
[45.942s][info   ][gc,phases      ] GC(162) Post Compact 7.615ms
[45.942s][debug  ][gc,ergo        ] GC(162) AdaptiveSizeStart: collection: 163 
[45.942s][debug  ][gc,ergo        ] GC(162) PSAdaptiveSizePolicy::compute_eden_space_size limits: desired_eden_size: 235094120 old_eden_size: 204472320 eden_limit: 204472320 cur_eden: 204472320 max_eden_size: 204472320 avg_young_live: 27215578
[45.942s][debug  ][gc,ergo        ] GC(162) PSAdaptiveSizePolicy::compute_eden_space_size: costs minor_time: 0.051902 major_cost: 0.017411 mutator_cost: 0.930687 throughput_goal: 0.990000
[45.942s][debug  ][gc,ergo        ] GC(162) Live_space: 799253824 free_space: 2133327872
[45.942s][debug  ][gc,ergo        ] GC(162) Old eden_size: 204472320 desired_eden_size: 204472320
[45.942s][debug  ][gc,ergo        ] GC(162) PSAdaptiveSizePolicy::compute_old_gen_free_space: costs minor_time: 0.051902 major_cost: 0.017411  mutator_cost: 0.930687 throughput_goal: 0.990000
[45.942s][debug  ][gc,ergo        ] GC(162) Live_space: 811975616 free_space: 2133327872
[45.942s][debug  ][gc,ergo        ] GC(162) Old promo_size: 1928855552 desired_promo_size: 2025848832
[45.943s][debug  ][gc             ] GC(162) Expanding ParOldGen from 2474496K by 386048K to 2860544K
[45.943s][debug  ][gc,ergo        ] GC(162) AdaptiveSizeStop: collection: 163 
[45.943s][info   ][gc,heap        ] GC(162) PSYoungGen: 30720K(230912K)->0K(230912K) Eden: 0K(199680K)->0K(199680K) From: 30720K(31232K)->0K(31232K)
[45.943s][info   ][gc,heap        ] GC(162) ParOldGen: 2295398K(2474496K)->616035K(2860544K)
[45.943s][info   ][gc,metaspace   ] GC(162) Metaspace: 1023K(1216K)->1023K(1216K) NonClass: 939K(1024K)->939K(1024K) Class: 83K(192K)->83K(192K)
[45.943s][info   ][gc             ] GC(162) Pause Full (Ergonomics) 2271M->601M(3019M) 77.756ms
[45.943s][info   ][gc,cpu         ] GC(162) User=0.59s Sys=0.00s Real=0.08s
[45.943s][debug  ][gc,heap        ] GC(162) Heap after GC invocations=163 (full 19):
[45.943s][debug  ][gc,heap        ] GC(162)  PSYoungGen      total 230912K, used 0K [0x00000007f0000000, 0x0000000800000000, 0x0000000800000000)
[45.943s][debug  ][gc,heap        ] GC(162)   eden space 199680K, 0% used [0x00000007f0000000,0x00000007f0000000,0x00000007fc300000)
[45.943s][debug  ][gc,heap        ] GC(162)   from space 31232K, 0% used [0x00000007fc300000,0x00000007fc300000,0x00000007fe180000)
[45.943s][debug  ][gc,heap        ] GC(162)   to   space 31232K, 0% used [0x00000007fe180000,0x00000007fe180000,0x0000000800000000)
[45.943s][debug  ][gc,heap        ] GC(162)  ParOldGen       total 2860544K, used 616035K [0x0000000740000000, 0x00000007ee980000, 0x00000007f0000000)
[45.943s][debug  ][gc,heap        ] GC(162)   object space 2860544K, 21% used [0x0000000740000000,0x0000000765998fb8,0x00000007ee980000)
[45.943s][debug  ][gc,heap        ] GC(162)  Metaspace       used 1023K, committed 1216K, reserved 1056768K
[45.943s][debug  ][gc,heap        ] GC(162)   class space    used 83K, committed 192K, reserved 1048576K
[45.943s][debug  ][gc,task,time   ] GC(162) VM-Thread 458653603 458679265 459431513
[46.254s][debug  ][gc,heap        ] GC(163) Heap before GC invocations=164 (full 19):
[46.254s][debug  ][gc,heap        ] GC(163)  PSYoungGen      total 230912K, used 198474K [0x00000007f0000000, 0x0000000800000000, 0x0000000800000000)
[46.254s][debug  ][gc,heap        ] GC(163)   eden space 199680K, 99% used [0x00000007f0000000,0x00000007fc1d2a50,0x00000007fc300000)
[46.254s][debug  ][gc,heap        ] GC(163)   from space 31232K, 0% used [0x00000007fc300000,0x00000007fc300000,0x00000007fe180000)
[46.254s][debug  ][gc,heap        ] GC(163)   to   space 31232K, 0% used [0x00000007fe180000,0x00000007fe180000,0x0000000800000000)
[46.254s][debug  ][gc,heap        ] GC(163)  ParOldGen       total 2860544K, used 616035K [0x0000000740000000, 0x00000007ee980000, 0x00000007f0000000)
[46.254s][debug  ][gc,heap        ] GC(163)   object space 2860544K, 21% used [0x0000000740000000,0x0000000765998fb8,0x00000007ee980000)
[46.255s][debug  ][gc,heap        ] GC(163)  Metaspace       used 1023K, committed 1216K, reserved 1056768K
[46.255s][debug  ][gc,heap        ] GC(163)   class space    used 83K, committed 192K, reserved 1048576K
[46.255s][debug  ][gc,tlab        ] GC(163) TLAB totals: thrds: 1  refills: 1 max: 1 slow allocs: 18 max 18 waste: 27.7% gc: 4008224B max: 4008224B slow: 0B max: 0B
[46.255s][info   ][gc,start       ] GC(163) Pause Young (Allocation Failure)
[46.255s][debug  ][gc,phases,start] GC(163) Scavenge
[46.268s][debug  ][gc,phases      ] GC(163) Scavenge 13.722ms
[46.268s][debug  ][gc,phases,start] GC(163) Reference Processing
[46.269s][debug  ][gc,ref         ] GC(163) Skipped phase 1 of Reference Processing: no references
[46.269s][debug  ][gc,ref         ] GC(163) Skipped phase 2 of Reference Processing: no references
[46.269s][debug  ][gc,ref         ] GC(163) Skipped phase 3 of Reference Processing: no references
[46.269s][debug  ][gc,ref         ] GC(163) Skipped phase 4 of Reference Processing: no references
[46.269s][debug  ][gc,phases,ref  ] GC(163) Reference Processing: 0.1ms
[46.269s][debug  ][gc,phases,ref  ] GC(163)   Reconsider SoftReferences: 0.0ms
[46.269s][debug  ][gc,phases,ref  ] GC(163)     SoftRef (ms):                  skipped
[46.269s][debug  ][gc,phases,ref  ] GC(163)   Notify Soft/WeakReferences: 0.0ms
[46.269s][debug  ][gc,phases,ref  ] GC(163)     SoftRef (ms):                  skipped
[46.269s][debug  ][gc,phases,ref  ] GC(163)     WeakRef (ms):                  skipped
[46.269s][debug  ][gc,phases,ref  ] GC(163)     FinalRef (ms):                 skipped
[46.269s][debug  ][gc,phases,ref  ] GC(163)     Total (ms):                    skipped
[46.269s][debug  ][gc,phases,ref  ] GC(163)   Notify and keep alive finalizable: 0.0ms
[46.269s][debug  ][gc,phases,ref  ] GC(163)     FinalRef (ms):                 skipped
[46.269s][debug  ][gc,phases,ref  ] GC(163)   Notify PhantomReferences: 0.0ms
[46.269s][debug  ][gc,phases,ref  ] GC(163)     PhantomRef (ms):               skipped
[46.269s][debug  ][gc,phases,ref  ] GC(163)   SoftReference:
[46.269s][debug  ][gc,phases,ref  ] GC(163)     Discovered: 0
[46.269s][debug  ][gc,phases,ref  ] GC(163)     Cleared: 0
[46.269s][debug  ][gc,phases,ref  ] GC(163)   WeakReference:
[46.269s][debug  ][gc,phases,ref  ] GC(163)     Discovered: 0
[46.269s][debug  ][gc,phases,ref  ] GC(163)     Cleared: 0
[46.269s][debug  ][gc,phases,ref  ] GC(163)   FinalReference:
[46.269s][debug  ][gc,phases,ref  ] GC(163)     Discovered: 0
[46.269s][debug  ][gc,phases,ref  ] GC(163)     Cleared: 0
[46.269s][debug  ][gc,phases,ref  ] GC(163)   PhantomReference:
[46.269s][debug  ][gc,phases,ref  ] GC(163)     Discovered: 0
[46.269s][debug  ][gc,phases,ref  ] GC(163)     Cleared: 0
[46.269s][debug  ][gc,phases      ] GC(163) Reference Processing 0.685ms
[46.269s][debug  ][gc,phases,start] GC(163) Weak Processing
[46.269s][debug  ][gc,phases      ] GC(163)   VM Weak                        Min:  0.0, Avg:  0.0, Max:  0.0, Diff:  0.0, Sum:  0.0, Workers: 6
[46.269s][debug  ][gc,phases      ] GC(163)     Dead                           Min: 0, Avg:  0.0, Max: 0, Diff: 0, Sum: 0, Workers: 6
[46.269s][debug  ][gc,phases      ] GC(163)     Total                          Min: 0, Avg:  1.3, Max: 8, Diff: 8, Sum: 8, Workers: 6
[46.269s][debug  ][gc,phases      ] GC(163)   ObjectSynchronizer Weak        Min:  0.0, Avg:  0.0, Max:  0.0, Diff:  0.0, Sum:  0.0, Workers: 6
[46.269s][debug  ][gc,phases      ] GC(163)     Dead                           Min: 0, Avg:  0.0, Max: 0, Diff: 0, Sum: 0, Workers: 6
[46.269s][debug  ][gc,phases      ] GC(163)     Total                          Min: 0, Avg:  0.5, Max: 3, Diff: 3, Sum: 3, Workers: 6
[46.269s][debug  ][gc,phases      ] GC(163)   JVMTI Tag Weak OopStorage      Min:  0.0, Avg:  0.0, Max:  0.0, Diff:  0.0, Sum:  0.0, Workers: 6
[46.269s][debug  ][gc,phases      ] GC(163)     Dead                           Min: 0, Avg:  0.0, Max: 0, Diff: 0, Sum: 0, Workers: 6
[46.269s][debug  ][gc,phases      ] GC(163)     Total                          Min: 0, Avg:  0.0, Max: 0, Diff: 0, Sum: 0, Workers: 6
[46.270s][debug  ][gc,phases      ] GC(163)   StringTable Weak               Min:  0.0, Avg:  0.0, Max:  0.0, Diff:  0.0, Sum:  0.0, Workers: 6
[46.270s][debug  ][gc,phases      ] GC(163)     Dead                           Min: 0, Avg:  0.0, Max: 0, Diff: 0, Sum: 0, Workers: 6
[46.270s][debug  ][gc,phases      ] GC(163)     Total                          Min: 704, Avg: 892.5, Max: 1131, Diff: 427, Sum: 5355, Workers: 6
[46.270s][debug  ][gc,phases      ] GC(163)   ResolvedMethodTable Weak       Min:  0.0, Avg:  0.0, Max:  0.0, Diff:  0.0, Sum:  0.0, Workers: 6
[46.270s][debug  ][gc,phases      ] GC(163)     Dead                           Min: 0, Avg:  0.0, Max: 0, Diff: 0, Sum: 0, Workers: 6
[46.270s][debug  ][gc,phases      ] GC(163)     Total                          Min: 0, Avg: 21.7, Max: 64, Diff: 64, Sum: 130, Workers: 6
[46.270s][debug  ][gc,phases      ] GC(163)   JNI Weak                       Min:  0.0, Avg:  0.0, Max:  0.0, Diff:  0.0, Sum:  0.0, Workers: 6
[46.270s][debug  ][gc,phases      ] GC(163)     Dead                           Min: 0, Avg:  0.0, Max: 0, Diff: 0, Sum: 0, Workers: 6
[46.270s][debug  ][gc,phases      ] GC(163)     Total                          Min: 0, Avg:  0.0, Max: 0, Diff: 0, Sum: 0, Workers: 6
[46.270s][debug  ][gc,phases      ] GC(163)   StringDedup Table Weak         Min:  0.0, Avg:  0.0, Max:  0.0, Diff:  0.0, Sum:  0.0, Workers: 6
[46.270s][debug  ][gc,phases      ] GC(163)     Dead                           Min: 0, Avg:  0.0, Max: 0, Diff: 0, Sum: 0, Workers: 6
[46.270s][debug  ][gc,phases      ] GC(163)     Total                          Min: 0, Avg:  0.0, Max: 0, Diff: 0, Sum: 0, Workers: 6
[46.270s][debug  ][gc,phases      ] GC(163)   StringDedup Requests0 Weak     Min:  0.0, Avg:  0.0, Max:  0.0, Diff:  0.0, Sum:  0.0, Workers: 6
[46.270s][debug  ][gc,phases      ] GC(163)     Dead                           Min: 0, Avg:  0.0, Max: 0, Diff: 0, Sum: 0, Workers: 6
[46.270s][debug  ][gc,phases      ] GC(163)     Total                          Min: 0, Avg:  0.0, Max: 0, Diff: 0, Sum: 0, Workers: 6
[46.270s][debug  ][gc,phases      ] GC(163)   StringDedup Requests1 Weak     Min:  0.0, Avg:  0.0, Max:  0.0, Diff:  0.0, Sum:  0.0, Workers: 6
[46.270s][debug  ][gc,phases      ] GC(163)     Dead                           Min: 0, Avg:  0.0, Max: 0, Diff: 0, Sum: 0, Workers: 6
[46.270s][debug  ][gc,phases      ] GC(163)     Total                          Min: 0, Avg:  0.0, Max: 0, Diff: 0, Sum: 0, Workers: 6
[46.270s][debug  ][gc,phases      ] GC(163)   Weak JFR Old Object Samples    Min:  0.0, Avg:  0.0, Max:  0.0, Diff:  0.0, Sum:  0.0, Workers: 6
[46.270s][debug  ][gc,phases      ] GC(163)     Dead                           Min: 0, Avg:  0.0, Max: 0, Diff: 0, Sum: 0, Workers: 6
[46.270s][debug  ][gc,phases      ] GC(163)     Total                          Min: 0, Avg:  0.0, Max: 0, Diff: 0, Sum: 0, Workers: 6
[46.270s][debug  ][gc,phases      ] GC(163) Weak Processing 0.877ms
[46.270s][debug  ][gc,ergo        ] GC(163) AdaptiveSizeStart:  collection: 164 
[46.270s][debug  ][gc,ergo        ] GC(163) avg_survived_padded_avg: 31711542.000000
[46.270s][debug  ][gc,ergo        ] GC(163) avg_promoted_padded_avg: 261724960.000000  avg_pretenured_padded_avg: 0.000000  tenuring_thresh: 1  target_size: 31981568
[46.270s][debug  ][gc,age         ] GC(163) Desired survivor size 31981568 bytes, new threshold 1 (max threshold 15)
[46.270s][debug  ][gc,ergo        ] GC(163) PSAdaptiveSizePolicy::compute_eden_space_size limits: desired_eden_size: 234552761 old_eden_size: 204472320 eden_limit: 204472320 cur_eden: 204472320 max_eden_size: 204472320 avg_young_live: 27639754
[46.270s][debug  ][gc,ergo        ] GC(163) PSAdaptiveSizePolicy::compute_eden_space_size: costs minor_time: 0.048432 major_cost: 0.017411 mutator_cost: 0.934157 throughput_goal: 0.990000
[46.270s][debug  ][gc,ergo        ] GC(163) Live_space: 812399744 free_space: 2230321152
[46.270s][debug  ][gc,ergo        ] GC(163) Old eden_size: 204472320 desired_eden_size: 204472320
[46.270s][debug  ][gc,ergo        ] GC(163) AdaptiveSizeStop: collection: 164 
[46.270s][info   ][gc,heap        ] GC(163) PSYoungGen: 198474K(230912K)->30720K(230912K) Eden: 198474K(199680K)->0K(199680K) From: 0K(31232K)->30720K(31232K)
[46.270s][info   ][gc,heap        ] GC(163) ParOldGen: 616035K(2860544K)->779876K(2860544K)
[46.270s][info   ][gc,metaspace   ] GC(163) Metaspace: 1023K(1216K)->1023K(1216K) NonClass: 939K(1024K)->939K(1024K) Class: 83K(192K)->83K(192K)
[46.270s][info   ][gc             ] GC(163) Pause Young (Allocation Failure) 795M->791M(3019M) 15.812ms
[46.270s][info   ][gc,cpu         ] GC(163) User=0.02s Sys=0.00s Real=0.02s
[46.271s][debug  ][gc,heap        ] GC(163) Heap after GC invocations=164 (full 19):
[46.271s][debug  ][gc,heap        ] GC(163)  PSYoungGen      total 230912K, used 30720K [0x00000007f0000000, 0x0000000800000000, 0x0000000800000000)
[46.271s][debug  ][gc,heap        ] GC(163)   eden space 199680K, 0% used [0x00000007f0000000,0x00000007f0000000,0x00000007fc300000)
[46.271s][debug  ][gc,heap        ] GC(163)   from space 31232K, 98% used [0x00000007fe180000,0x00000007fff80030,0x0000000800000000)
[46.271s][debug  ][gc,heap        ] GC(163)   to   space 31232K, 0% used [0x00000007fc300000,0x00000007fc300000,0x00000007fe180000)
[46.271s][debug  ][gc,heap        ] GC(163)  ParOldGen       total 2860544K, used 779876K [0x0000000740000000, 0x00000007ee980000, 0x00000007f0000000)
[46.271s][debug  ][gc,heap        ] GC(163)   object space 2860544K, 27% used [0x0000000740000000,0x000000076f9990b8,0x00000007ee980000)
[46.271s][debug  ][gc,heap        ] GC(163)  Metaspace       used 1023K, committed 1216K, reserved 1056768K
[46.271s][debug  ][gc,heap        ] GC(163)   class space    used 83K, committed 192K, reserved 1048576K
[46.271s][debug  ][gc,task,time   ] GC(163) VM-Thread 462541730 462684890 462707377
[46.572s][debug  ][gc,heap        ] GC(164) Heap before GC invocations=165 (full 19):
[46.572s][debug  ][gc,heap        ] GC(164)  PSYoungGen      total 230912K, used 229122K [0x00000007f0000000, 0x0000000800000000, 0x0000000800000000)
[46.572s][debug  ][gc,heap        ] GC(164)   eden space 199680K, 99% used [0x00000007f0000000,0x00000007fc1c0aa0,0x00000007fc300000)
[46.572s][debug  ][gc,heap        ] GC(164)   from space 31232K, 98% used [0x00000007fe180000,0x00000007fff80030,0x0000000800000000)
[46.572s][debug  ][gc,heap        ] GC(164)   to   space 31232K, 0% used [0x00000007fc300000,0x00000007fc300000,0x00000007fe180000)
[46.572s][debug  ][gc,heap        ] GC(164)  ParOldGen       total 2860544K, used 779876K [0x0000000740000000, 0x00000007ee980000, 0x00000007f0000000)
[46.572s][debug  ][gc,heap        ] GC(164)   object space 2860544K, 27% used [0x0000000740000000,0x000000076f9990b8,0x00000007ee980000)
[46.572s][debug  ][gc,heap        ] GC(164)  Metaspace       used 1023K, committed 1216K, reserved 1056768K
[46.572s][debug  ][gc,heap        ] GC(164)   class space    used 83K, committed 192K, reserved 1048576K
[46.572s][debug  ][gc,tlab        ] GC(164) TLAB totals: thrds: 1  refills: 1 max: 1 slow allocs: 18 max 18 waste: 27.3% gc: 3934576B max: 3934576B slow: 0B max: 0B
[46.572s][info   ][gc,start       ] GC(164) Pause Young (Allocation Failure)
[46.572s][debug  ][gc,phases,start] GC(164) Scavenge
[46.588s][debug  ][gc,phases      ] GC(164) Scavenge 15.911ms
[46.588s][debug  ][gc,phases,start] GC(164) Reference Processing
[46.588s][debug  ][gc,ref         ] GC(164) Skipped phase 1 of Reference Processing: no references
[46.589s][debug  ][gc,ref         ] GC(164) Skipped phase 2 of Reference Processing: no references
[46.589s][debug  ][gc,ref         ] GC(164) Skipped phase 3 of Reference Processing: no references
[46.589s][debug  ][gc,ref         ] GC(164) Skipped phase 4 of Reference Processing: no references
[46.589s][debug  ][gc,phases,ref  ] GC(164) Reference Processing: 0.1ms
[46.589s][debug  ][gc,phases,ref  ] GC(164)   Reconsider SoftReferences: 0.0ms
[46.589s][debug  ][gc,phases,ref  ] GC(164)     SoftRef (ms):                  skipped
[46.589s][debug  ][gc,phases,ref  ] GC(164)   Notify Soft/WeakReferences: 0.0ms
[46.589s][debug  ][gc,phases,ref  ] GC(164)     SoftRef (ms):                  skipped
[46.589s][debug  ][gc,phases,ref  ] GC(164)     WeakRef (ms):                  skipped
[46.589s][debug  ][gc,phases,ref  ] GC(164)     FinalRef (ms):                 skipped
[46.589s][debug  ][gc,phases,ref  ] GC(164)     Total (ms):                    skipped
[46.589s][debug  ][gc,phases,ref  ] GC(164)   Notify and keep alive finalizable: 0.0ms
[46.589s][debug  ][gc,phases,ref  ] GC(164)     FinalRef (ms):                 skipped
[46.589s][debug  ][gc,phases,ref  ] GC(164)   Notify PhantomReferences: 0.0ms
[46.589s][debug  ][gc,phases,ref  ] GC(164)     PhantomRef (ms):               skipped
[46.589s][debug  ][gc,phases,ref  ] GC(164)   SoftReference:
[46.589s][debug  ][gc,phases,ref  ] GC(164)     Discovered: 0
[46.589s][debug  ][gc,phases,ref  ] GC(164)     Cleared: 0
[46.589s][debug  ][gc,phases,ref  ] GC(164)   WeakReference:
[46.589s][debug  ][gc,phases,ref  ] GC(164)     Discovered: 0
[46.589s][debug  ][gc,phases,ref  ] GC(164)     Cleared: 0
[46.589s][debug  ][gc,phases,ref  ] GC(164)   FinalReference:
[46.589s][debug  ][gc,phases,ref  ] GC(164)     Discovered: 0
[46.589s][debug  ][gc,phases,ref  ] GC(164)     Cleared: 0
[46.589s][debug  ][gc,phases,ref  ] GC(164)   PhantomReference:
[46.589s][debug  ][gc,phases,ref  ] GC(164)     Discovered: 0
[46.589s][debug  ][gc,phases,ref  ] GC(164)     Cleared: 0
[46.589s][debug  ][gc,phases      ] GC(164) Reference Processing 0.784ms
[46.589s][debug  ][gc,phases,start] GC(164) Weak Processing
[46.589s][debug  ][gc,phases      ] GC(164)   VM Weak                        Min:  0.0, Avg:  0.0, Max:  0.0, Diff:  0.0, Sum:  0.0, Workers: 6
[46.589s][debug  ][gc,phases      ] GC(164)     Dead                           Min: 0, Avg:  0.0, Max: 0, Diff: 0, Sum: 0, Workers: 6
[46.589s][debug  ][gc,phases      ] GC(164)     Total                          Min: 0, Avg:  1.3, Max: 8, Diff: 8, Sum: 8, Workers: 6
[46.589s][debug  ][gc,phases      ] GC(164)   ObjectSynchronizer Weak        Min:  0.0, Avg:  0.0, Max:  0.0, Diff:  0.0, Sum:  0.0, Workers: 6
[46.589s][debug  ][gc,phases      ] GC(164)     Dead                           Min: 0, Avg:  0.0, Max: 0, Diff: 0, Sum: 0, Workers: 6
[46.590s][debug  ][gc,phases      ] GC(164)     Total                          Min: 0, Avg:  0.5, Max: 3, Diff: 3, Sum: 3, Workers: 6
[46.590s][debug  ][gc,phases      ] GC(164)   JVMTI Tag Weak OopStorage      Min:  0.0, Avg:  0.0, Max:  0.0, Diff:  0.0, Sum:  0.0, Workers: 6
[46.590s][debug  ][gc,phases      ] GC(164)     Dead                           Min: 0, Avg:  0.0, Max: 0, Diff: 0, Sum: 0, Workers: 6
[46.590s][debug  ][gc,phases      ] GC(164)     Total                          Min: 0, Avg:  0.0, Max: 0, Diff: 0, Sum: 0, Workers: 6
[46.590s][debug  ][gc,phases      ] GC(164)   StringTable Weak               Min:  0.0, Avg:  0.0, Max:  0.0, Diff:  0.0, Sum:  0.0, Workers: 6
[46.590s][debug  ][gc,phases      ] GC(164)     Dead                           Min: 0, Avg:  0.0, Max: 0, Diff: 0, Sum: 0, Workers: 6
[46.590s][debug  ][gc,phases      ] GC(164)     Total                          Min: 832, Avg: 892.5, Max: 1004, Diff: 172, Sum: 5355, Workers: 6
[46.590s][debug  ][gc,phases      ] GC(164)   ResolvedMethodTable Weak       Min:  0.0, Avg:  0.0, Max:  0.0, Diff:  0.0, Sum:  0.0, Workers: 6
[46.590s][debug  ][gc,phases      ] GC(164)     Dead                           Min: 0, Avg:  0.0, Max: 0, Diff: 0, Sum: 0, Workers: 6
[46.590s][debug  ][gc,phases      ] GC(164)     Total                          Min: 0, Avg: 21.7, Max: 64, Diff: 64, Sum: 130, Workers: 6
[46.590s][debug  ][gc,phases      ] GC(164)   JNI Weak                       Min:  0.0, Avg:  0.0, Max:  0.0, Diff:  0.0, Sum:  0.0, Workers: 6
[46.590s][debug  ][gc,phases      ] GC(164)     Dead                           Min: 0, Avg:  0.0, Max: 0, Diff: 0, Sum: 0, Workers: 6
[46.590s][debug  ][gc,phases      ] GC(164)     Total                          Min: 0, Avg:  0.0, Max: 0, Diff: 0, Sum: 0, Workers: 6
[46.590s][debug  ][gc,phases      ] GC(164)   StringDedup Table Weak         Min:  0.0, Avg:  0.0, Max:  0.0, Diff:  0.0, Sum:  0.0, Workers: 6
[46.590s][debug  ][gc,phases      ] GC(164)     Dead                           Min: 0, Avg:  0.0, Max: 0, Diff: 0, Sum: 0, Workers: 6
[46.590s][debug  ][gc,phases      ] GC(164)     Total                          Min: 0, Avg:  0.0, Max: 0, Diff: 0, Sum: 0, Workers: 6
[46.590s][debug  ][gc,phases      ] GC(164)   StringDedup Requests0 Weak     Min:  0.0, Avg:  0.0, Max:  0.0, Diff:  0.0, Sum:  0.0, Workers: 6
[46.590s][debug  ][gc,phases      ] GC(164)     Dead                           Min: 0, Avg:  0.0, Max: 0, Diff: 0, Sum: 0, Workers: 6
[46.590s][debug  ][gc,phases      ] GC(164)     Total                          Min: 0, Avg:  0.0, Max: 0, Diff: 0, Sum: 0, Workers: 6
[46.590s][debug  ][gc,phases      ] GC(164)   StringDedup Requests1 Weak     Min:  0.0, Avg:  0.0, Max:  0.0, Diff:  0.0, Sum:  0.0, Workers: 6
[46.590s][debug  ][gc,phases      ] GC(164)     Dead                           Min: 0, Avg:  0.0, Max: 0, Diff: 0, Sum: 0, Workers: 6
[46.590s][debug  ][gc,phases      ] GC(164)     Total                          Min: 0, Avg:  0.0, Max: 0, Diff: 0, Sum: 0, Workers: 6
[46.590s][debug  ][gc,phases      ] GC(164)   Weak JFR Old Object Samples    Min:  0.0, Avg:  0.0, Max:  0.0, Diff:  0.0, Sum:  0.0, Workers: 6
[46.590s][debug  ][gc,phases      ] GC(164)     Dead                           Min: 0, Avg:  0.0, Max: 0, Diff: 0, Sum: 0, Workers: 6
[46.590s][debug  ][gc,phases      ] GC(164)     Total                          Min: 0, Avg:  0.0, Max: 0, Diff: 0, Sum: 0, Workers: 6
[46.590s][debug  ][gc,phases      ] GC(164) Weak Processing 0.987ms
[46.590s][debug  ][gc,ergo        ] GC(164) AdaptiveSizeStart:  collection: 165 
[46.590s][debug  ][gc,ergo        ] GC(164) avg_survived_padded_avg: 31690290.000000
[46.590s][debug  ][gc,ergo        ] GC(164) avg_promoted_padded_avg: 263847152.000000  avg_pretenured_padded_avg: 0.000000  tenuring_thresh: 1  target_size: 31981568
[46.590s][debug  ][gc,age         ] GC(164) Desired survivor size 31981568 bytes, new threshold 1 (max threshold 15)
[46.590s][debug  ][gc,ergo        ] GC(164) PSAdaptiveSizePolicy::compute_eden_space_size limits: desired_eden_size: 234843126 old_eden_size: 204472320 eden_limit: 204472320 cur_eden: 204472320 max_eden_size: 204472320 avg_young_live: 28021510
[46.590s][debug  ][gc,ergo        ] GC(164) PSAdaptiveSizePolicy::compute_eden_space_size: costs minor_time: 0.050249 major_cost: 0.017411 mutator_cost: 0.932340 throughput_goal: 0.990000
[46.590s][debug  ][gc,ergo        ] GC(164) Live_space: 812781568 free_space: 2230321152
[46.590s][debug  ][gc,ergo        ] GC(164) Old eden_size: 204472320 desired_eden_size: 204472320
[46.590s][debug  ][gc,ergo        ] GC(164) AdaptiveSizeStop: collection: 165 
[46.591s][info   ][gc,heap        ] GC(164) PSYoungGen: 229122K(230912K)->30720K(230912K) Eden: 198402K(199680K)->0K(199680K) From: 30720K(31232K)->30720K(31232K)
[46.591s][info   ][gc,heap        ] GC(164) ParOldGen: 779876K(2860544K)->974436K(2860544K)
[46.591s][info   ][gc,metaspace   ] GC(164) Metaspace: 1023K(1216K)->1023K(1216K) NonClass: 939K(1024K)->939K(1024K) Class: 83K(192K)->83K(192K)
[46.591s][info   ][gc             ] GC(164) Pause Young (Allocation Failure) 985M->981M(3019M) 18.237ms
[46.591s][info   ][gc,cpu         ] GC(164) User=0.12s Sys=0.00s Real=0.02s
[46.591s][debug  ][gc,heap        ] GC(164) Heap after GC invocations=165 (full 19):
[46.591s][debug  ][gc,heap        ] GC(164)  PSYoungGen      total 230912K, used 30720K [0x00000007f0000000, 0x0000000800000000, 0x0000000800000000)
[46.591s][debug  ][gc,heap        ] GC(164)   eden space 199680K, 0% used [0x00000007f0000000,0x00000007f0000000,0x00000007fc300000)
[46.591s][debug  ][gc,heap        ] GC(164)   from space 31232K, 98% used [0x00000007fc300000,0x00000007fe100030,0x00000007fe180000)
[46.591s][debug  ][gc,heap        ] GC(164)   to   space 31232K, 0% used [0x00000007fe180000,0x00000007fe180000,0x0000000800000000)
[46.591s][debug  ][gc,heap        ] GC(164)  ParOldGen       total 2860544K, used 974436K [0x0000000740000000, 0x00000007ee980000, 0x00000007f0000000)
[46.591s][debug  ][gc,heap        ] GC(164)   object space 2860544K, 34% used [0x0000000740000000,0x000000077b7991e8,0x00000007ee980000)
[46.591s][debug  ][gc,heap        ] GC(164)  Metaspace       used 1023K, committed 1216K, reserved 1056768K
[46.591s][debug  ][gc,heap        ] GC(164)   class space    used 83K, committed 192K, reserved 1048576K
[46.591s][debug  ][gc,task,time   ] GC(164) VM-Thread 465719285 465884424 465908859
[46.889s][debug  ][gc,heap        ] GC(165) Heap before GC invocations=166 (full 19):
[46.889s][debug  ][gc,heap        ] GC(165)  PSYoungGen      total 230912K, used 229148K [0x00000007f0000000, 0x0000000800000000, 0x0000000800000000)
[46.889s][debug  ][gc,heap        ] GC(165)   eden space 199680K, 99% used [0x00000007f0000000,0x00000007fc1c7210,0x00000007fc300000)
[46.889s][debug  ][gc,heap        ] GC(165)   from space 31232K, 98% used [0x00000007fc300000,0x00000007fe100030,0x00000007fe180000)
[46.889s][debug  ][gc,heap        ] GC(165)   to   space 31232K, 0% used [0x00000007fe180000,0x00000007fe180000,0x0000000800000000)
[46.889s][debug  ][gc,heap        ] GC(165)  ParOldGen       total 2860544K, used 974436K [0x0000000740000000, 0x00000007ee980000, 0x00000007f0000000)
[46.889s][debug  ][gc,heap        ] GC(165)   object space 2860544K, 34% used [0x0000000740000000,0x000000077b7991e8,0x00000007ee980000)
[46.889s][debug  ][gc,heap        ] GC(165)  Metaspace       used 1024K, committed 1216K, reserved 1056768K
[46.889s][debug  ][gc,heap        ] GC(165)   class space    used 83K, committed 192K, reserved 1048576K
[46.889s][debug  ][gc,tlab        ] GC(165) TLAB totals: thrds: 1  refills: 1 max: 1 slow allocs: 18 max 18 waste: 27.4% gc: 3959992B max: 3959992B slow: 0B max: 0B
[46.889s][info   ][gc,start       ] GC(165) Pause Young (Allocation Failure)
[46.890s][debug  ][gc,phases,start] GC(165) Scavenge
[46.902s][debug  ][gc,phases      ] GC(165) Scavenge 12.170ms
[46.902s][debug  ][gc,phases,start] GC(165) Reference Processing
[46.902s][debug  ][gc,ref         ] GC(165) Skipped phase 1 of Reference Processing: no references
[46.902s][debug  ][gc,ref         ] GC(165) Skipped phase 2 of Reference Processing: no references
[46.902s][debug  ][gc,ref         ] GC(165) Skipped phase 3 of Reference Processing: no references
[46.902s][debug  ][gc,ref         ] GC(165) Skipped phase 4 of Reference Processing: no references
[46.902s][debug  ][gc,phases,ref  ] GC(165) Reference Processing: 0.1ms
[46.902s][debug  ][gc,phases,ref  ] GC(165)   Reconsider SoftReferences: 0.0ms
[46.902s][debug  ][gc,phases,ref  ] GC(165)     SoftRef (ms):                  skipped
[46.902s][debug  ][gc,phases,ref  ] GC(165)   Notify Soft/WeakReferences: 0.0ms
[46.902s][debug  ][gc,phases,ref  ] GC(165)     SoftRef (ms):                  skipped
[46.902s][debug  ][gc,phases,ref  ] GC(165)     WeakRef (ms):                  skipped
[46.902s][debug  ][gc,phases,ref  ] GC(165)     FinalRef (ms):                 skipped
[46.902s][debug  ][gc,phases,ref  ] GC(165)     Total (ms):                    skipped
[46.902s][debug  ][gc,phases,ref  ] GC(165)   Notify and keep alive finalizable: 0.0ms
[46.902s][debug  ][gc,phases,ref  ] GC(165)     FinalRef (ms):                 skipped
[46.902s][debug  ][gc,phases,ref  ] GC(165)   Notify PhantomReferences: 0.0ms
[46.902s][debug  ][gc,phases,ref  ] GC(165)     PhantomRef (ms):               skipped
[46.902s][debug  ][gc,phases,ref  ] GC(165)   SoftReference:
[46.902s][debug  ][gc,phases,ref  ] GC(165)     Discovered: 0
[46.902s][debug  ][gc,phases,ref  ] GC(165)     Cleared: 0
[46.902s][debug  ][gc,phases,ref  ] GC(165)   WeakReference:
[46.902s][debug  ][gc,phases,ref  ] GC(165)     Discovered: 0
[46.902s][debug  ][gc,phases,ref  ] GC(165)     Cleared: 0
[46.902s][debug  ][gc,phases,ref  ] GC(165)   FinalReference:
[46.902s][debug  ][gc,phases,ref  ] GC(165)     Discovered: 0
[46.902s][debug  ][gc,phases,ref  ] GC(165)     Cleared: 0
[46.902s][debug  ][gc,phases,ref  ] GC(165)   PhantomReference:
[46.902s][debug  ][gc,phases,ref  ] GC(165)     Discovered: 0
[46.902s][debug  ][gc,phases,ref  ] GC(165)     Cleared: 0
[46.902s][debug  ][gc,phases      ] GC(165) Reference Processing 0.697ms
[46.902s][debug  ][gc,phases,start] GC(165) Weak Processing
[46.903s][debug  ][gc,phases      ] GC(165)   VM Weak                        Min:  0.0, Avg:  0.0, Max:  0.0, Diff:  0.0, Sum:  0.0, Workers: 6
[46.903s][debug  ][gc,phases      ] GC(165)     Dead                           Min: 0, Avg:  0.0, Max: 0, Diff: 0, Sum: 0, Workers: 6
[46.903s][debug  ][gc,phases      ] GC(165)     Total                          Min: 0, Avg:  1.3, Max: 8, Diff: 8, Sum: 8, Workers: 6
[46.903s][debug  ][gc,phases      ] GC(165)   ObjectSynchronizer Weak        Min:  0.0, Avg:  0.0, Max:  0.0, Diff:  0.0, Sum:  0.0, Workers: 6
[46.903s][debug  ][gc,phases      ] GC(165)     Dead                           Min: 0, Avg:  0.0, Max: 0, Diff: 0, Sum: 0, Workers: 6
[46.903s][debug  ][gc,phases      ] GC(165)     Total                          Min: 0, Avg:  0.5, Max: 3, Diff: 3, Sum: 3, Workers: 6
[46.903s][debug  ][gc,phases      ] GC(165)   JVMTI Tag Weak OopStorage      Min:  0.0, Avg:  0.0, Max:  0.0, Diff:  0.0, Sum:  0.0, Workers: 6
[46.903s][debug  ][gc,phases      ] GC(165)     Dead                           Min: 0, Avg:  0.0, Max: 0, Diff: 0, Sum: 0, Workers: 6
[46.903s][debug  ][gc,phases      ] GC(165)     Total                          Min: 0, Avg:  0.0, Max: 0, Diff: 0, Sum: 0, Workers: 6
[46.903s][debug  ][gc,phases      ] GC(165)   StringTable Weak               Min:  0.0, Avg:  0.0, Max:  0.0, Diff:  0.0, Sum:  0.0, Workers: 6
[46.903s][debug  ][gc,phases      ] GC(165)     Dead                           Min: 0, Avg:  0.0, Max: 0, Diff: 0, Sum: 0, Workers: 6
[46.903s][debug  ][gc,phases      ] GC(165)     Total                          Min: 748, Avg: 892.5, Max: 1088, Diff: 340, Sum: 5355, Workers: 6
[46.903s][debug  ][gc,phases      ] GC(165)   ResolvedMethodTable Weak       Min:  0.0, Avg:  0.0, Max:  0.0, Diff:  0.0, Sum:  0.0, Workers: 6
[46.903s][debug  ][gc,phases      ] GC(165)     Dead                           Min: 0, Avg:  0.0, Max: 0, Diff: 0, Sum: 0, Workers: 6
[46.903s][debug  ][gc,phases      ] GC(165)     Total                          Min: 0, Avg: 21.7, Max: 64, Diff: 64, Sum: 130, Workers: 6
[46.903s][debug  ][gc,phases      ] GC(165)   JNI Weak                       Min:  0.0, Avg:  0.0, Max:  0.0, Diff:  0.0, Sum:  0.0, Workers: 6
[46.903s][debug  ][gc,phases      ] GC(165)     Dead                           Min: 0, Avg:  0.0, Max: 0, Diff: 0, Sum: 0, Workers: 6
[46.903s][debug  ][gc,phases      ] GC(165)     Total                          Min: 0, Avg:  0.0, Max: 0, Diff: 0, Sum: 0, Workers: 6
[46.903s][debug  ][gc,phases      ] GC(165)   StringDedup Table Weak         Min:  0.0, Avg:  0.0, Max:  0.0, Diff:  0.0, Sum:  0.0, Workers: 6
[46.903s][debug  ][gc,phases      ] GC(165)     Dead                           Min: 0, Avg:  0.0, Max: 0, Diff: 0, Sum: 0, Workers: 6
[46.903s][debug  ][gc,phases      ] GC(165)     Total                          Min: 0, Avg:  0.0, Max: 0, Diff: 0, Sum: 0, Workers: 6
[46.903s][debug  ][gc,phases      ] GC(165)   StringDedup Requests0 Weak     Min:  0.0, Avg:  0.0, Max:  0.0, Diff:  0.0, Sum:  0.0, Workers: 6
[46.903s][debug  ][gc,phases      ] GC(165)     Dead                           Min: 0, Avg:  0.0, Max: 0, Diff: 0, Sum: 0, Workers: 6
[46.903s][debug  ][gc,phases      ] GC(165)     Total                          Min: 0, Avg:  0.0, Max: 0, Diff: 0, Sum: 0, Workers: 6
[46.903s][debug  ][gc,phases      ] GC(165)   StringDedup Requests1 Weak     Min:  0.0, Avg:  0.0, Max:  0.0, Diff:  0.0, Sum:  0.0, Workers: 6
[46.903s][debug  ][gc,phases      ] GC(165)     Dead                           Min: 0, Avg:  0.0, Max: 0, Diff: 0, Sum: 0, Workers: 6
[46.903s][debug  ][gc,phases      ] GC(165)     Total                          Min: 0, Avg:  0.0, Max: 0, Diff: 0, Sum: 0, Workers: 6
[46.903s][debug  ][gc,phases      ] GC(165)   Weak JFR Old Object Samples    Min:  0.0, Avg:  0.0, Max:  0.0, Diff:  0.0, Sum:  0.0, Workers: 6
[46.903s][debug  ][gc,phases      ] GC(165)     Dead                           Min: 0, Avg:  0.0, Max: 0, Diff: 0, Sum: 0, Workers: 6
[46.903s][debug  ][gc,phases      ] GC(165)     Total                          Min: 0, Avg:  0.0, Max: 0, Diff: 0, Sum: 0, Workers: 6
[46.903s][debug  ][gc,phases      ] GC(165) Weak Processing 0.820ms
[46.903s][debug  ][gc,ergo        ] GC(165) AdaptiveSizeStart:  collection: 166 
[46.903s][debug  ][gc,ergo        ] GC(165) avg_survived_padded_avg: 31670746.000000
[46.903s][debug  ][gc,ergo        ] GC(165) avg_promoted_padded_avg: 258763776.000000  avg_pretenured_padded_avg: 0.000000  tenuring_thresh: 1  target_size: 31981568
[46.903s][debug  ][gc,age         ] GC(165) Desired survivor size 31981568 bytes, new threshold 1 (max threshold 15)
[46.903s][debug  ][gc,ergo        ] GC(165) PSAdaptiveSizePolicy::compute_eden_space_size limits: desired_eden_size: 234599775 old_eden_size: 204472320 eden_limit: 204472320 cur_eden: 204472320 max_eden_size: 204472320 avg_young_live: 28365090
[46.903s][debug  ][gc,ergo        ] GC(165) PSAdaptiveSizePolicy::compute_eden_space_size: costs minor_time: 0.048719 major_cost: 0.017411 mutator_cost: 0.933869 throughput_goal: 0.990000
[46.903s][debug  ][gc,ergo        ] GC(165) Live_space: 813125120 free_space: 2230321152
[46.904s][debug  ][gc,ergo        ] GC(165) Old eden_size: 204472320 desired_eden_size: 204472320
[46.904s][debug  ][gc,ergo        ] GC(165) AdaptiveSizeStop: collection: 166 
[46.904s][info   ][gc,heap        ] GC(165) PSYoungGen: 229148K(230912K)->30720K(230912K) Eden: 198428K(199680K)->0K(199680K) From: 30720K(31232K)->30720K(31232K)
[46.904s][info   ][gc,heap        ] GC(165) ParOldGen: 974436K(2860544K)->1117796K(2860544K)
[46.904s][info   ][gc,metaspace   ] GC(165) Metaspace: 1024K(1216K)->1024K(1216K) NonClass: 941K(1024K)->941K(1024K) Class: 83K(192K)->83K(192K)
[46.904s][info   ][gc             ] GC(165) Pause Young (Allocation Failure) 1175M->1121M(3019M) 14.215ms
[46.904s][info   ][gc,cpu         ] GC(165) User=0.16s Sys=0.00s Real=0.01s
[46.904s][debug  ][gc,heap        ] GC(165) Heap after GC invocations=166 (full 19):
[46.904s][debug  ][gc,heap        ] GC(165)  PSYoungGen      total 230912K, used 30720K [0x00000007f0000000, 0x0000000800000000, 0x0000000800000000)
[46.904s][debug  ][gc,heap        ] GC(165)   eden space 199680K, 0% used [0x00000007f0000000,0x00000007f0000000,0x00000007fc300000)
[46.904s][debug  ][gc,heap        ] GC(165)   from space 31232K, 98% used [0x00000007fe180000,0x00000007fff80030,0x0000000800000000)
[46.904s][debug  ][gc,heap        ] GC(165)   to   space 31232K, 0% used [0x00000007fc300000,0x00000007fc300000,0x00000007fe180000)
[46.904s][debug  ][gc,heap        ] GC(165)  ParOldGen       total 2860544K, used 1117796K [0x0000000740000000, 0x00000007ee980000, 0x00000007f0000000)
[46.904s][debug  ][gc,heap        ] GC(165)   object space 2860544K, 39% used [0x0000000740000000,0x00000007843992c8,0x00000007ee980000)
[46.904s][debug  ][gc,heap        ] GC(165)  Metaspace       used 1024K, committed 1216K, reserved 1056768K
[46.904s][debug  ][gc,heap        ] GC(165)   class space    used 83K, committed 192K, reserved 1048576K
[46.904s][debug  ][gc,task,time   ] GC(165) VM-Thread 468889986 469017751 469039846
[47.206s][debug  ][gc,heap        ] GC(166) Heap before GC invocations=167 (full 19):
[47.206s][debug  ][gc,heap        ] GC(166)  PSYoungGen      total 230912K, used 229165K [0x00000007f0000000, 0x0000000800000000, 0x0000000800000000)
[47.206s][debug  ][gc,heap        ] GC(166)   eden space 199680K, 99% used [0x00000007f0000000,0x00000007fc1cb498,0x00000007fc300000)
[47.206s][debug  ][gc,heap        ] GC(166)   from space 31232K, 98% used [0x00000007fe180000,0x00000007fff80030,0x0000000800000000)
[47.206s][debug  ][gc,heap        ] GC(166)   to   space 31232K, 0% used [0x00000007fc300000,0x00000007fc300000,0x00000007fe180000)
[47.206s][debug  ][gc,heap        ] GC(166)  ParOldGen       total 2860544K, used 1117796K [0x0000000740000000, 0x00000007ee980000, 0x00000007f0000000)
[47.206s][debug  ][gc,heap        ] GC(166)   object space 2860544K, 39% used [0x0000000740000000,0x00000007843992c8,0x00000007ee980000)
[47.206s][debug  ][gc,heap        ] GC(166)  Metaspace       used 1024K, committed 1216K, reserved 1056768K
[47.206s][debug  ][gc,heap        ] GC(166)   class space    used 83K, committed 192K, reserved 1048576K
[47.206s][debug  ][gc,tlab        ] GC(166) TLAB totals: thrds: 1  refills: 1 max: 1 slow allocs: 18 max 18 waste: 27.5% gc: 3978088B max: 3978088B slow: 0B max: 0B
[47.206s][info   ][gc,start       ] GC(166) Pause Young (Allocation Failure)
[47.206s][debug  ][gc,phases,start] GC(166) Scavenge
[47.222s][debug  ][gc,phases      ] GC(166) Scavenge 15.972ms
[47.222s][debug  ][gc,phases,start] GC(166) Reference Processing
[47.222s][debug  ][gc,ref         ] GC(166) Skipped phase 1 of Reference Processing: no references
[47.222s][debug  ][gc,ref         ] GC(166) Skipped phase 2 of Reference Processing: no references
[47.222s][debug  ][gc,ref         ] GC(166) Skipped phase 3 of Reference Processing: no references
[47.222s][debug  ][gc,ref         ] GC(166) Skipped phase 4 of Reference Processing: no references
[47.222s][debug  ][gc,phases,ref  ] GC(166) Reference Processing: 0.1ms
[47.222s][debug  ][gc,phases,ref  ] GC(166)   Reconsider SoftReferences: 0.0ms
[47.222s][debug  ][gc,phases,ref  ] GC(166)     SoftRef (ms):                  skipped
[47.222s][debug  ][gc,phases,ref  ] GC(166)   Notify Soft/WeakReferences: 0.0ms
[47.222s][debug  ][gc,phases,ref  ] GC(166)     SoftRef (ms):                  skipped
[47.222s][debug  ][gc,phases,ref  ] GC(166)     WeakRef (ms):                  skipped
[47.222s][debug  ][gc,phases,ref  ] GC(166)     FinalRef (ms):                 skipped
[47.223s][debug  ][gc,phases,ref  ] GC(166)     Total (ms):                    skipped
[47.223s][debug  ][gc,phases,ref  ] GC(166)   Notify and keep alive finalizable: 0.0ms
[47.223s][debug  ][gc,phases,ref  ] GC(166)     FinalRef (ms):                 skipped
[47.223s][debug  ][gc,phases,ref  ] GC(166)   Notify PhantomReferences: 0.0ms
[47.223s][debug  ][gc,phases,ref  ] GC(166)     PhantomRef (ms):               skipped
[47.223s][debug  ][gc,phases,ref  ] GC(166)   SoftReference:
[47.223s][debug  ][gc,phases,ref  ] GC(166)     Discovered: 0
[47.223s][debug  ][gc,phases,ref  ] GC(166)     Cleared: 0
[47.223s][debug  ][gc,phases,ref  ] GC(166)   WeakReference:
[47.223s][debug  ][gc,phases,ref  ] GC(166)     Discovered: 0
[47.223s][debug  ][gc,phases,ref  ] GC(166)     Cleared: 0
[47.223s][debug  ][gc,phases,ref  ] GC(166)   FinalReference:
[47.223s][debug  ][gc,phases,ref  ] GC(166)     Discovered: 0
[47.223s][debug  ][gc,phases,ref  ] GC(166)     Cleared: 0
[47.223s][debug  ][gc,phases,ref  ] GC(166)   PhantomReference:
[47.223s][debug  ][gc,phases,ref  ] GC(166)     Discovered: 0
[47.223s][debug  ][gc,phases,ref  ] GC(166)     Cleared: 0
[47.223s][debug  ][gc,phases      ] GC(166) Reference Processing 0.599ms
[47.223s][debug  ][gc,phases,start] GC(166) Weak Processing
[47.223s][debug  ][gc,phases      ] GC(166)   VM Weak                        Min:  0.0, Avg:  0.0, Max:  0.0, Diff:  0.0, Sum:  0.0, Workers: 6
[47.223s][debug  ][gc,phases      ] GC(166)     Dead                           Min: 0, Avg:  0.0, Max: 0, Diff: 0, Sum: 0, Workers: 6
[47.223s][debug  ][gc,phases      ] GC(166)     Total                          Min: 0, Avg:  1.3, Max: 8, Diff: 8, Sum: 8, Workers: 6
[47.223s][debug  ][gc,phases      ] GC(166)   ObjectSynchronizer Weak        Min:  0.0, Avg:  0.0, Max:  0.0, Diff:  0.0, Sum:  0.0, Workers: 6
[47.223s][debug  ][gc,phases      ] GC(166)     Dead                           Min: 0, Avg:  0.0, Max: 0, Diff: 0, Sum: 0, Workers: 6
[47.223s][debug  ][gc,phases      ] GC(166)     Total                          Min: 0, Avg:  0.5, Max: 3, Diff: 3, Sum: 3, Workers: 6
[47.223s][debug  ][gc,phases      ] GC(166)   JVMTI Tag Weak OopStorage      Min:  0.0, Avg:  0.0, Max:  0.0, Diff:  0.0, Sum:  0.0, Workers: 6
[47.223s][debug  ][gc,phases      ] GC(166)     Dead                           Min: 0, Avg:  0.0, Max: 0, Diff: 0, Sum: 0, Workers: 6
[47.223s][debug  ][gc,phases      ] GC(166)     Total                          Min: 0, Avg:  0.0, Max: 0, Diff: 0, Sum: 0, Workers: 6
[47.223s][debug  ][gc,phases      ] GC(166)   StringTable Weak               Min:  0.0, Avg:  0.0, Max:  0.0, Diff:  0.0, Sum:  0.0, Workers: 6
[47.223s][debug  ][gc,phases      ] GC(166)     Dead                           Min: 0, Avg:  0.0, Max: 0, Diff: 0, Sum: 0, Workers: 6
[47.223s][debug  ][gc,phases      ] GC(166)     Total                          Min: 768, Avg: 892.5, Max: 1004, Diff: 236, Sum: 5355, Workers: 6
[47.223s][debug  ][gc,phases      ] GC(166)   ResolvedMethodTable Weak       Min:  0.0, Avg:  0.0, Max:  0.0, Diff:  0.0, Sum:  0.0, Workers: 6
[47.223s][debug  ][gc,phases      ] GC(166)     Dead                           Min: 0, Avg:  0.0, Max: 0, Diff: 0, Sum: 0, Workers: 6
[47.223s][debug  ][gc,phases      ] GC(166)     Total                          Min: 0, Avg: 21.7, Max: 64, Diff: 64, Sum: 130, Workers: 6
[47.223s][debug  ][gc,phases      ] GC(166)   JNI Weak                       Min:  0.0, Avg:  0.0, Max:  0.0, Diff:  0.0, Sum:  0.0, Workers: 6
[47.223s][debug  ][gc,phases      ] GC(166)     Dead                           Min: 0, Avg:  0.0, Max: 0, Diff: 0, Sum: 0, Workers: 6
[47.223s][debug  ][gc,phases      ] GC(166)     Total                          Min: 0, Avg:  0.0, Max: 0, Diff: 0, Sum: 0, Workers: 6
[47.223s][debug  ][gc,phases      ] GC(166)   StringDedup Table Weak         Min:  0.0, Avg:  0.0, Max:  0.0, Diff:  0.0, Sum:  0.0, Workers: 6
[47.223s][debug  ][gc,phases      ] GC(166)     Dead                           Min: 0, Avg:  0.0, Max: 0, Diff: 0, Sum: 0, Workers: 6
[47.223s][debug  ][gc,phases      ] GC(166)     Total                          Min: 0, Avg:  0.0, Max: 0, Diff: 0, Sum: 0, Workers: 6
[47.223s][debug  ][gc,phases      ] GC(166)   StringDedup Requests0 Weak     Min:  0.0, Avg:  0.0, Max:  0.0, Diff:  0.0, Sum:  0.0, Workers: 6
[47.223s][debug  ][gc,phases      ] GC(166)     Dead                           Min: 0, Avg:  0.0, Max: 0, Diff: 0, Sum: 0, Workers: 6
[47.223s][debug  ][gc,phases      ] GC(166)     Total                          Min: 0, Avg:  0.0, Max: 0, Diff: 0, Sum: 0, Workers: 6
[47.223s][debug  ][gc,phases      ] GC(166)   StringDedup Requests1 Weak     Min:  0.0, Avg:  0.0, Max:  0.0, Diff:  0.0, Sum:  0.0, Workers: 6
[47.223s][debug  ][gc,phases      ] GC(166)     Dead                           Min: 0, Avg:  0.0, Max: 0, Diff: 0, Sum: 0, Workers: 6
[47.223s][debug  ][gc,phases      ] GC(166)     Total                          Min: 0, Avg:  0.0, Max: 0, Diff: 0, Sum: 0, Workers: 6
[47.223s][debug  ][gc,phases      ] GC(166)   Weak JFR Old Object Samples    Min:  0.0, Avg:  0.0, Max:  0.0, Diff:  0.0, Sum:  0.0, Workers: 6
[47.224s][debug  ][gc,phases      ] GC(166)     Dead                           Min: 0, Avg:  0.0, Max: 0, Diff: 0, Sum: 0, Workers: 6
[47.224s][debug  ][gc,phases      ] GC(166)     Total                          Min: 0, Avg:  0.0, Max: 0, Diff: 0, Sum: 0, Workers: 6
[47.224s][debug  ][gc,phases      ] GC(166) Weak Processing 0.670ms
[47.224s][debug  ][gc,ergo        ] GC(166) AdaptiveSizeStart:  collection: 167 
[47.224s][debug  ][gc,ergo        ] GC(166) avg_survived_padded_avg: 31652782.000000
[47.224s][debug  ][gc,ergo        ] GC(166) avg_promoted_padded_avg: 261007056.000000  avg_pretenured_padded_avg: 0.000000  tenuring_thresh: 1  target_size: 31981568
[47.224s][debug  ][gc,age         ] GC(166) Desired survivor size 31981568 bytes, new threshold 1 (max threshold 15)
[47.224s][debug  ][gc,ergo        ] GC(166) PSAdaptiveSizePolicy::compute_eden_space_size limits: desired_eden_size: 234819190 old_eden_size: 204472320 eden_limit: 204472320 cur_eden: 204472320 max_eden_size: 204472320 avg_young_live: 28674314
[47.224s][debug  ][gc,ergo        ] GC(166) PSAdaptiveSizePolicy::compute_eden_space_size: costs minor_time: 0.050095 major_cost: 0.017411 mutator_cost: 0.932494 throughput_goal: 0.990000
[47.224s][debug  ][gc,ergo        ] GC(166) Live_space: 813434368 free_space: 2230321152
[47.224s][debug  ][gc,ergo        ] GC(166) Old eden_size: 204472320 desired_eden_size: 204472320
[47.224s][debug  ][gc,ergo        ] GC(166) AdaptiveSizeStop: collection: 167 
[47.224s][info   ][gc,heap        ] GC(166) PSYoungGen: 229165K(230912K)->30720K(230912K) Eden: 198445K(199680K)->0K(199680K) From: 30720K(31232K)->30720K(31232K)
[47.224s][info   ][gc,heap        ] GC(166) ParOldGen: 1117796K(2860544K)->1312356K(2860544K)
[47.224s][info   ][gc,metaspace   ] GC(166) Metaspace: 1024K(1216K)->1024K(1216K) NonClass: 941K(1024K)->941K(1024K) Class: 83K(192K)->83K(192K)
[47.224s][info   ][gc             ] GC(166) Pause Young (Allocation Failure) 1315M->1311M(3019M) 17.721ms
[47.224s][info   ][gc,cpu         ] GC(166) User=0.16s Sys=0.02s Real=0.02s
[47.224s][debug  ][gc,heap        ] GC(166) Heap after GC invocations=167 (full 19):
[47.224s][debug  ][gc,heap        ] GC(166)  PSYoungGen      total 230912K, used 30720K [0x00000007f0000000, 0x0000000800000000, 0x0000000800000000)
[47.224s][debug  ][gc,heap        ] GC(166)   eden space 199680K, 0% used [0x00000007f0000000,0x00000007f0000000,0x00000007fc300000)
[47.224s][debug  ][gc,heap        ] GC(166)   from space 31232K, 98% used [0x00000007fc300000,0x00000007fe100030,0x00000007fe180000)
[47.224s][debug  ][gc,heap        ] GC(166)   to   space 31232K, 0% used [0x00000007fe180000,0x00000007fe180000,0x0000000800000000)
[47.224s][debug  ][gc,heap        ] GC(166)  ParOldGen       total 2860544K, used 1312356K [0x0000000740000000, 0x00000007ee980000, 0x00000007f0000000)
[47.224s][debug  ][gc,heap        ] GC(166)   object space 2860544K, 45% used [0x0000000740000000,0x00000007901993f8,0x00000007ee980000)
[47.224s][debug  ][gc,heap        ] GC(166)  Metaspace       used 1024K, committed 1216K, reserved 1056768K
[47.224s][debug  ][gc,heap        ] GC(166)   class space    used 83K, committed 192K, reserved 1048576K
[47.224s][debug  ][gc,task,time   ] GC(166) VM-Thread 472056880 472222606 472241205
[47.523s][debug  ][gc,heap        ] GC(167) Heap before GC invocations=168 (full 19):
[47.524s][debug  ][gc,heap        ] GC(167)  PSYoungGen      total 230912K, used 229175K [0x00000007f0000000, 0x0000000800000000, 0x0000000800000000)
[47.524s][debug  ][gc,heap        ] GC(167)   eden space 199680K, 99% used [0x00000007f0000000,0x00000007fc1cdf68,0x00000007fc300000)
[47.524s][debug  ][gc,heap        ] GC(167)   from space 31232K, 98% used [0x00000007fc300000,0x00000007fe100030,0x00000007fe180000)
[47.524s][debug  ][gc,heap        ] GC(167)   to   space 31232K, 0% used [0x00000007fe180000,0x00000007fe180000,0x0000000800000000)
[47.524s][debug  ][gc,heap        ] GC(167)  ParOldGen       total 2860544K, used 1312356K [0x0000000740000000, 0x00000007ee980000, 0x00000007f0000000)
[47.524s][debug  ][gc,heap        ] GC(167)   object space 2860544K, 45% used [0x0000000740000000,0x00000007901993f8,0x00000007ee980000)
[47.524s][debug  ][gc,heap        ] GC(167)  Metaspace       used 1024K, committed 1216K, reserved 1056768K
[47.524s][debug  ][gc,heap        ] GC(167)   class space    used 83K, committed 192K, reserved 1048576K
[47.524s][debug  ][gc,tlab        ] GC(167) TLAB totals: thrds: 1  refills: 1 max: 1 slow allocs: 18 max 18 waste: 27.6% gc: 3989048B max: 3989048B slow: 0B max: 0B
[47.524s][info   ][gc,start       ] GC(167) Pause Young (Allocation Failure)
[47.524s][debug  ][gc,phases,start] GC(167) Scavenge
[47.540s][debug  ][gc,phases      ] GC(167) Scavenge 15.919ms
[47.540s][debug  ][gc,phases,start] GC(167) Reference Processing
[47.540s][debug  ][gc,ref         ] GC(167) Skipped phase 1 of Reference Processing: no references
[47.540s][debug  ][gc,ref         ] GC(167) Skipped phase 2 of Reference Processing: no references
[47.540s][debug  ][gc,ref         ] GC(167) Skipped phase 3 of Reference Processing: no references
[47.540s][debug  ][gc,ref         ] GC(167) Skipped phase 4 of Reference Processing: no references
[47.540s][debug  ][gc,phases,ref  ] GC(167) Reference Processing: 0.1ms
[47.540s][debug  ][gc,phases,ref  ] GC(167)   Reconsider SoftReferences: 0.0ms
[47.540s][debug  ][gc,phases,ref  ] GC(167)     SoftRef (ms):                  skipped
[47.540s][debug  ][gc,phases,ref  ] GC(167)   Notify Soft/WeakReferences: 0.0ms
[47.540s][debug  ][gc,phases,ref  ] GC(167)     SoftRef (ms):                  skipped
[47.540s][debug  ][gc,phases,ref  ] GC(167)     WeakRef (ms):                  skipped
[47.540s][debug  ][gc,phases,ref  ] GC(167)     FinalRef (ms):                 skipped
[47.540s][debug  ][gc,phases,ref  ] GC(167)     Total (ms):                    skipped
[47.540s][debug  ][gc,phases,ref  ] GC(167)   Notify and keep alive finalizable: 0.0ms
[47.540s][debug  ][gc,phases,ref  ] GC(167)     FinalRef (ms):                 skipped
[47.540s][debug  ][gc,phases,ref  ] GC(167)   Notify PhantomReferences: 0.0ms
[47.540s][debug  ][gc,phases,ref  ] GC(167)     PhantomRef (ms):               skipped
[47.540s][debug  ][gc,phases,ref  ] GC(167)   SoftReference:
[47.540s][debug  ][gc,phases,ref  ] GC(167)     Discovered: 0
[47.540s][debug  ][gc,phases,ref  ] GC(167)     Cleared: 0
[47.541s][debug  ][gc,phases,ref  ] GC(167)   WeakReference:
[47.541s][debug  ][gc,phases,ref  ] GC(167)     Discovered: 0
[47.541s][debug  ][gc,phases,ref  ] GC(167)     Cleared: 0
[47.541s][debug  ][gc,phases,ref  ] GC(167)   FinalReference:
[47.541s][debug  ][gc,phases,ref  ] GC(167)     Discovered: 0
[47.541s][debug  ][gc,phases,ref  ] GC(167)     Cleared: 0
[47.541s][debug  ][gc,phases,ref  ] GC(167)   PhantomReference:
[47.541s][debug  ][gc,phases,ref  ] GC(167)     Discovered: 0
[47.541s][debug  ][gc,phases,ref  ] GC(167)     Cleared: 0
[47.541s][debug  ][gc,phases      ] GC(167) Reference Processing 0.782ms
[47.541s][debug  ][gc,phases,start] GC(167) Weak Processing
[47.541s][debug  ][gc,phases      ] GC(167)   VM Weak                        Min:  0.0, Avg:  0.0, Max:  0.0, Diff:  0.0, Sum:  0.0, Workers: 6
[47.541s][debug  ][gc,phases      ] GC(167)     Dead                           Min: 0, Avg:  0.0, Max: 0, Diff: 0, Sum: 0, Workers: 6
[47.541s][debug  ][gc,phases      ] GC(167)     Total                          Min: 0, Avg:  1.3, Max: 8, Diff: 8, Sum: 8, Workers: 6
[47.541s][debug  ][gc,phases      ] GC(167)   ObjectSynchronizer Weak        Min:  0.0, Avg:  0.0, Max:  0.0, Diff:  0.0, Sum:  0.0, Workers: 6
[47.541s][debug  ][gc,phases      ] GC(167)     Dead                           Min: 0, Avg:  0.0, Max: 0, Diff: 0, Sum: 0, Workers: 6
[47.541s][debug  ][gc,phases      ] GC(167)     Total                          Min: 0, Avg:  0.5, Max: 3, Diff: 3, Sum: 3, Workers: 6
[47.541s][debug  ][gc,phases      ] GC(167)   JVMTI Tag Weak OopStorage      Min:  0.0, Avg:  0.0, Max:  0.0, Diff:  0.0, Sum:  0.0, Workers: 6
[47.541s][debug  ][gc,phases      ] GC(167)     Dead                           Min: 0, Avg:  0.0, Max: 0, Diff: 0, Sum: 0, Workers: 6
[47.541s][debug  ][gc,phases      ] GC(167)     Total                          Min: 0, Avg:  0.0, Max: 0, Diff: 0, Sum: 0, Workers: 6
[47.541s][debug  ][gc,phases      ] GC(167)   StringTable Weak               Min:  0.0, Avg:  0.0, Max:  0.0, Diff:  0.0, Sum:  0.0, Workers: 6
[47.541s][debug  ][gc,phases      ] GC(167)     Dead                           Min: 0, Avg:  0.0, Max: 0, Diff: 0, Sum: 0, Workers: 6
[47.541s][debug  ][gc,phases      ] GC(167)     Total                          Min: 768, Avg: 892.5, Max: 1152, Diff: 384, Sum: 5355, Workers: 6
[47.541s][debug  ][gc,phases      ] GC(167)   ResolvedMethodTable Weak       Min:  0.0, Avg:  0.0, Max:  0.0, Diff:  0.0, Sum:  0.0, Workers: 6
[47.541s][debug  ][gc,phases      ] GC(167)     Dead                           Min: 0, Avg:  0.0, Max: 0, Diff: 0, Sum: 0, Workers: 6
[47.541s][debug  ][gc,phases      ] GC(167)     Total                          Min: 0, Avg: 21.7, Max: 64, Diff: 64, Sum: 130, Workers: 6
[47.541s][debug  ][gc,phases      ] GC(167)   JNI Weak                       Min:  0.0, Avg:  0.0, Max:  0.0, Diff:  0.0, Sum:  0.0, Workers: 6
[47.541s][debug  ][gc,phases      ] GC(167)     Dead                           Min: 0, Avg:  0.0, Max: 0, Diff: 0, Sum: 0, Workers: 6
[47.541s][debug  ][gc,phases      ] GC(167)     Total                          Min: 0, Avg:  0.0, Max: 0, Diff: 0, Sum: 0, Workers: 6
[47.541s][debug  ][gc,phases      ] GC(167)   StringDedup Table Weak         Min:  0.0, Avg:  0.0, Max:  0.0, Diff:  0.0, Sum:  0.0, Workers: 6
[47.541s][debug  ][gc,phases      ] GC(167)     Dead                           Min: 0, Avg:  0.0, Max: 0, Diff: 0, Sum: 0, Workers: 6
[47.541s][debug  ][gc,phases      ] GC(167)     Total                          Min: 0, Avg:  0.0, Max: 0, Diff: 0, Sum: 0, Workers: 6
[47.541s][debug  ][gc,phases      ] GC(167)   StringDedup Requests0 Weak     Min:  0.0, Avg:  0.0, Max:  0.0, Diff:  0.0, Sum:  0.0, Workers: 6
[47.541s][debug  ][gc,phases      ] GC(167)     Dead                           Min: 0, Avg:  0.0, Max: 0, Diff: 0, Sum: 0, Workers: 6
[47.541s][debug  ][gc,phases      ] GC(167)     Total                          Min: 0, Avg:  0.0, Max: 0, Diff: 0, Sum: 0, Workers: 6
[47.541s][debug  ][gc,phases      ] GC(167)   StringDedup Requests1 Weak     Min:  0.0, Avg:  0.0, Max:  0.0, Diff:  0.0, Sum:  0.0, Workers: 6
[47.541s][debug  ][gc,phases      ] GC(167)     Dead                           Min: 0, Avg:  0.0, Max: 0, Diff: 0, Sum: 0, Workers: 6
[47.541s][debug  ][gc,phases      ] GC(167)     Total                          Min: 0, Avg:  0.0, Max: 0, Diff: 0, Sum: 0, Workers: 6
[47.541s][debug  ][gc,phases      ] GC(167)   Weak JFR Old Object Samples    Min:  0.0, Avg:  0.0, Max:  0.0, Diff:  0.0, Sum:  0.0, Workers: 6
[47.541s][debug  ][gc,phases      ] GC(167)     Dead                           Min: 0, Avg:  0.0, Max: 0, Diff: 0, Sum: 0, Workers: 6
[47.541s][debug  ][gc,phases      ] GC(167)     Total                          Min: 0, Avg:  0.0, Max: 0, Diff: 0, Sum: 0, Workers: 6
[47.541s][debug  ][gc,phases      ] GC(167) Weak Processing 0.683ms
[47.541s][debug  ][gc,ergo        ] GC(167) AdaptiveSizeStart:  collection: 168 
[47.541s][debug  ][gc,ergo        ] GC(167) avg_survived_padded_avg: 31636276.000000
[47.542s][debug  ][gc,ergo        ] GC(167) avg_promoted_padded_avg: 262206304.000000  avg_pretenured_padded_avg: 0.000000  tenuring_thresh: 1  target_size: 31981568
[47.542s][debug  ][gc,age         ] GC(167) Desired survivor size 31981568 bytes, new threshold 1 (max threshold 15)
[47.542s][debug  ][gc,ergo        ] GC(167) PSAdaptiveSizePolicy::compute_eden_space_size limits: desired_eden_size: 235010861 old_eden_size: 204472320 eden_limit: 204472320 cur_eden: 204472320 max_eden_size: 204472320 avg_young_live: 28952616
[47.542s][debug  ][gc,ergo        ] GC(167) PSAdaptiveSizePolicy::compute_eden_space_size: costs minor_time: 0.051344 major_cost: 0.017411 mutator_cost: 0.931244 throughput_goal: 0.990000
[47.542s][debug  ][gc,ergo        ] GC(167) Live_space: 813712640 free_space: 2230321152
[47.542s][debug  ][gc,ergo        ] GC(167) Old eden_size: 204472320 desired_eden_size: 204472320
[47.542s][debug  ][gc,ergo        ] GC(167) AdaptiveSizeStop: collection: 168 
[47.542s][info   ][gc,heap        ] GC(167) PSYoungGen: 229175K(230912K)->30720K(230912K) Eden: 198455K(199680K)->0K(199680K) From: 30720K(31232K)->30720K(31232K)
[47.542s][info   ][gc,heap        ] GC(167) ParOldGen: 1312356K(2860544K)->1506917K(2860544K)
[47.542s][info   ][gc,metaspace   ] GC(167) Metaspace: 1024K(1216K)->1024K(1216K) NonClass: 941K(1024K)->941K(1024K) Class: 83K(192K)->83K(192K)
[47.542s][info   ][gc             ] GC(167) Pause Young (Allocation Failure) 1505M->1501M(3019M) 17.867ms
[47.542s][info   ][gc,cpu         ] GC(167) User=0.12s Sys=0.00s Real=0.02s
[47.542s][debug  ][gc,heap        ] GC(167) Heap after GC invocations=168 (full 19):
[47.542s][debug  ][gc,heap        ] GC(167)  PSYoungGen      total 230912K, used 30720K [0x00000007f0000000, 0x0000000800000000, 0x0000000800000000)
[47.542s][debug  ][gc,heap        ] GC(167)   eden space 199680K, 0% used [0x00000007f0000000,0x00000007f0000000,0x00000007fc300000)
[47.542s][debug  ][gc,heap        ] GC(167)   from space 31232K, 98% used [0x00000007fe180000,0x00000007fff80030,0x0000000800000000)
[47.542s][debug  ][gc,heap        ] GC(167)   to   space 31232K, 0% used [0x00000007fc300000,0x00000007fc300000,0x00000007fe180000)
[47.542s][debug  ][gc,heap        ] GC(167)  ParOldGen       total 2860544K, used 1506917K [0x0000000740000000, 0x00000007ee980000, 0x00000007f0000000)
[47.542s][debug  ][gc,heap        ] GC(167)   object space 2860544K, 52% used [0x0000000740000000,0x000000079bf99528,0x00000007ee980000)
[47.542s][debug  ][gc,heap        ] GC(167)  Metaspace       used 1024K, committed 1216K, reserved 1056768K
[47.542s][debug  ][gc,heap        ] GC(167)   class space    used 83K, committed 192K, reserved 1048576K
[47.542s][debug  ][gc,task,time   ] GC(167) VM-Thread 475234551 475399500 475420315
[47.839s][debug  ][gc,heap        ] GC(168) Heap before GC invocations=169 (full 19):
[47.839s][debug  ][gc,heap        ] GC(168)  PSYoungGen      total 230912K, used 229182K [0x00000007f0000000, 0x0000000800000000, 0x0000000800000000)
[47.840s][debug  ][gc,heap        ] GC(168)   eden space 199680K, 99% used [0x00000007f0000000,0x00000007fc1cfaf0,0x00000007fc300000)
[47.840s][debug  ][gc,heap        ] GC(168)   from space 31232K, 98% used [0x00000007fe180000,0x00000007fff80030,0x0000000800000000)
[47.840s][debug  ][gc,heap        ] GC(168)   to   space 31232K, 0% used [0x00000007fc300000,0x00000007fc300000,0x00000007fe180000)
[47.840s][debug  ][gc,heap        ] GC(168)  ParOldGen       total 2860544K, used 1506917K [0x0000000740000000, 0x00000007ee980000, 0x00000007f0000000)
[47.840s][debug  ][gc,heap        ] GC(168)   object space 2860544K, 52% used [0x0000000740000000,0x000000079bf99528,0x00000007ee980000)
[47.840s][debug  ][gc,heap        ] GC(168)  Metaspace       used 1024K, committed 1216K, reserved 1056768K
[47.840s][debug  ][gc,heap        ] GC(168)   class space    used 83K, committed 192K, reserved 1048576K
[47.840s][debug  ][gc,tlab        ] GC(168) TLAB totals: thrds: 1  refills: 1 max: 1 slow allocs: 18 max 18 waste: 27.6% gc: 3996096B max: 3996096B slow: 0B max: 0B
[47.840s][info   ][gc,start       ] GC(168) Pause Young (Allocation Failure)
[47.840s][debug  ][gc,phases,start] GC(168) Scavenge
[47.855s][debug  ][gc,phases      ] GC(168) Scavenge 15.386ms
[47.855s][debug  ][gc,phases,start] GC(168) Reference Processing
[47.855s][debug  ][gc,ref         ] GC(168) Skipped phase 1 of Reference Processing: no references
[47.855s][debug  ][gc,ref         ] GC(168) Skipped phase 2 of Reference Processing: no references
[47.855s][debug  ][gc,ref         ] GC(168) Skipped phase 3 of Reference Processing: no references
[47.855s][debug  ][gc,ref         ] GC(168) Skipped phase 4 of Reference Processing: no references
[47.855s][debug  ][gc,phases,ref  ] GC(168) Reference Processing: 0.1ms
[47.855s][debug  ][gc,phases,ref  ] GC(168)   Reconsider SoftReferences: 0.0ms
[47.855s][debug  ][gc,phases,ref  ] GC(168)     SoftRef (ms):                  skipped
[47.855s][debug  ][gc,phases,ref  ] GC(168)   Notify Soft/WeakReferences: 0.0ms
[47.856s][debug  ][gc,phases,ref  ] GC(168)     SoftRef (ms):                  skipped
[47.856s][debug  ][gc,phases,ref  ] GC(168)     WeakRef (ms):                  skipped
[47.856s][debug  ][gc,phases,ref  ] GC(168)     FinalRef (ms):                 skipped
[47.856s][debug  ][gc,phases,ref  ] GC(168)     Total (ms):                    skipped
[47.856s][debug  ][gc,phases,ref  ] GC(168)   Notify and keep alive finalizable: 0.0ms
[47.856s][debug  ][gc,phases,ref  ] GC(168)     FinalRef (ms):                 skipped
[47.856s][debug  ][gc,phases,ref  ] GC(168)   Notify PhantomReferences: 0.0ms
[47.856s][debug  ][gc,phases,ref  ] GC(168)     PhantomRef (ms):               skipped
[47.856s][debug  ][gc,phases,ref  ] GC(168)   SoftReference:
[47.856s][debug  ][gc,phases,ref  ] GC(168)     Discovered: 0
[47.856s][debug  ][gc,phases,ref  ] GC(168)     Cleared: 0
[47.856s][debug  ][gc,phases,ref  ] GC(168)   WeakReference:
[47.856s][debug  ][gc,phases,ref  ] GC(168)     Discovered: 0
[47.856s][debug  ][gc,phases,ref  ] GC(168)     Cleared: 0
[47.856s][debug  ][gc,phases,ref  ] GC(168)   FinalReference:
[47.856s][debug  ][gc,phases,ref  ] GC(168)     Discovered: 0
[47.856s][debug  ][gc,phases,ref  ] GC(168)     Cleared: 0
[47.856s][debug  ][gc,phases,ref  ] GC(168)   PhantomReference:
[47.856s][debug  ][gc,phases,ref  ] GC(168)     Discovered: 0
[47.856s][debug  ][gc,phases,ref  ] GC(168)     Cleared: 0
[47.856s][debug  ][gc,phases      ] GC(168) Reference Processing 0.568ms
[47.856s][debug  ][gc,phases,start] GC(168) Weak Processing
[47.856s][debug  ][gc,phases      ] GC(168)   VM Weak                        Min:  0.0, Avg:  0.0, Max:  0.0, Diff:  0.0, Sum:  0.0, Workers: 6
[47.856s][debug  ][gc,phases      ] GC(168)     Dead                           Min: 0, Avg:  0.0, Max: 0, Diff: 0, Sum: 0, Workers: 6
[47.856s][debug  ][gc,phases      ] GC(168)     Total                          Min: 0, Avg:  1.3, Max: 8, Diff: 8, Sum: 8, Workers: 6
[47.856s][debug  ][gc,phases      ] GC(168)   ObjectSynchronizer Weak        Min:  0.0, Avg:  0.0, Max:  0.0, Diff:  0.0, Sum:  0.0, Workers: 6
[47.856s][debug  ][gc,phases      ] GC(168)     Dead                           Min: 0, Avg:  0.0, Max: 0, Diff: 0, Sum: 0, Workers: 6
[47.856s][debug  ][gc,phases      ] GC(168)     Total                          Min: 0, Avg:  0.5, Max: 3, Diff: 3, Sum: 3, Workers: 6
[47.856s][debug  ][gc,phases      ] GC(168)   JVMTI Tag Weak OopStorage      Min:  0.0, Avg:  0.0, Max:  0.0, Diff:  0.0, Sum:  0.0, Workers: 6
[47.856s][debug  ][gc,phases      ] GC(168)     Dead                           Min: 0, Avg:  0.0, Max: 0, Diff: 0, Sum: 0, Workers: 6
[47.856s][debug  ][gc,phases      ] GC(168)     Total                          Min: 0, Avg:  0.0, Max: 0, Diff: 0, Sum: 0, Workers: 6
[47.856s][debug  ][gc,phases      ] GC(168)   StringTable Weak               Min:  0.0, Avg:  0.0, Max:  0.0, Diff:  0.0, Sum:  0.0, Workers: 6
[47.856s][debug  ][gc,phases      ] GC(168)     Dead                           Min: 0, Avg:  0.0, Max: 0, Diff: 0, Sum: 0, Workers: 6
[47.856s][debug  ][gc,phases      ] GC(168)     Total                          Min: 768, Avg: 892.5, Max: 1024, Diff: 256, Sum: 5355, Workers: 6
[47.856s][debug  ][gc,phases      ] GC(168)   ResolvedMethodTable Weak       Min:  0.0, Avg:  0.0, Max:  0.0, Diff:  0.0, Sum:  0.0, Workers: 6
[47.856s][debug  ][gc,phases      ] GC(168)     Dead                           Min: 0, Avg:  0.0, Max: 0, Diff: 0, Sum: 0, Workers: 6
[47.856s][debug  ][gc,phases      ] GC(168)     Total                          Min: 0, Avg: 21.7, Max: 64, Diff: 64, Sum: 130, Workers: 6
[47.856s][debug  ][gc,phases      ] GC(168)   JNI Weak                       Min:  0.0, Avg:  0.0, Max:  0.0, Diff:  0.0, Sum:  0.0, Workers: 6
[47.856s][debug  ][gc,phases      ] GC(168)     Dead                           Min: 0, Avg:  0.0, Max: 0, Diff: 0, Sum: 0, Workers: 6
[47.856s][debug  ][gc,phases      ] GC(168)     Total                          Min: 0, Avg:  0.0, Max: 0, Diff: 0, Sum: 0, Workers: 6
[47.856s][debug  ][gc,phases      ] GC(168)   StringDedup Table Weak         Min:  0.0, Avg:  0.0, Max:  0.0, Diff:  0.0, Sum:  0.0, Workers: 6
[47.856s][debug  ][gc,phases      ] GC(168)     Dead                           Min: 0, Avg:  0.0, Max: 0, Diff: 0, Sum: 0, Workers: 6
[47.856s][debug  ][gc,phases      ] GC(168)     Total                          Min: 0, Avg:  0.0, Max: 0, Diff: 0, Sum: 0, Workers: 6
[47.856s][debug  ][gc,phases      ] GC(168)   StringDedup Requests0 Weak     Min:  0.0, Avg:  0.0, Max:  0.0, Diff:  0.0, Sum:  0.0, Workers: 6
[47.856s][debug  ][gc,phases      ] GC(168)     Dead                           Min: 0, Avg:  0.0, Max: 0, Diff: 0, Sum: 0, Workers: 6
[47.856s][debug  ][gc,phases      ] GC(168)     Total                          Min: 0, Avg:  0.0, Max: 0, Diff: 0, Sum: 0, Workers: 6
[47.856s][debug  ][gc,phases      ] GC(168)   StringDedup Requests1 Weak     Min:  0.0, Avg:  0.0, Max:  0.0, Diff:  0.0, Sum:  0.0, Workers: 6
[47.857s][debug  ][gc,phases      ] GC(168)     Dead                           Min: 0, Avg:  0.0, Max: 0, Diff: 0, Sum: 0, Workers: 6
[47.857s][debug  ][gc,phases      ] GC(168)     Total                          Min: 0, Avg:  0.0, Max: 0, Diff: 0, Sum: 0, Workers: 6
[47.857s][debug  ][gc,phases      ] GC(168)   Weak JFR Old Object Samples    Min:  0.0, Avg:  0.0, Max:  0.0, Diff:  0.0, Sum:  0.0, Workers: 6
[47.857s][debug  ][gc,phases      ] GC(168)     Dead                           Min: 0, Avg:  0.0, Max: 0, Diff: 0, Sum: 0, Workers: 6
[47.857s][debug  ][gc,phases      ] GC(168)     Total                          Min: 0, Avg:  0.0, Max: 0, Diff: 0, Sum: 0, Workers: 6
[47.857s][debug  ][gc,phases      ] GC(168) Weak Processing 0.729ms
[47.857s][debug  ][gc,ergo        ] GC(168) AdaptiveSizeStart:  collection: 169 
[47.857s][debug  ][gc,ergo        ] GC(168) avg_survived_padded_avg: 31621118.000000
[47.857s][debug  ][gc,ergo        ] GC(168) avg_promoted_padded_avg: 262547952.000000  avg_pretenured_padded_avg: 0.000000  tenuring_thresh: 1  target_size: 31981568
[47.857s][debug  ][gc,age         ] GC(168) Desired survivor size 31981568 bytes, new threshold 1 (max threshold 15)
[47.857s][debug  ][gc,ergo        ] GC(168) PSAdaptiveSizePolicy::compute_eden_space_size limits: desired_eden_size: 235085802 old_eden_size: 204472320 eden_limit: 204472320 cur_eden: 204472320 max_eden_size: 204472320 avg_young_live: 29203086
[47.857s][debug  ][gc,ergo        ] GC(168) PSAdaptiveSizePolicy::compute_eden_space_size: costs minor_time: 0.051846 major_cost: 0.017411 mutator_cost: 0.930743 throughput_goal: 0.990000
[47.857s][debug  ][gc,ergo        ] GC(168) Live_space: 813963136 free_space: 2230321152
[47.857s][debug  ][gc,ergo        ] GC(168) Old eden_size: 204472320 desired_eden_size: 204472320
[47.857s][debug  ][gc,ergo        ] GC(168) AdaptiveSizeStop: collection: 169 
[47.857s][info   ][gc,heap        ] GC(168) PSYoungGen: 229182K(230912K)->30720K(230912K) Eden: 198462K(199680K)->0K(199680K) From: 30720K(31232K)->30720K(31232K)
[47.857s][info   ][gc,heap        ] GC(168) ParOldGen: 1506917K(2860544K)->1701477K(2860544K)
[47.857s][info   ][gc,metaspace   ] GC(168) Metaspace: 1024K(1216K)->1024K(1216K) NonClass: 941K(1024K)->941K(1024K) Class: 83K(192K)->83K(192K)
[47.857s][info   ][gc             ] GC(168) Pause Young (Allocation Failure) 1695M->1691M(3019M) 17.168ms
[47.857s][info   ][gc,cpu         ] GC(168) User=0.16s Sys=0.00s Real=0.02s
[47.857s][debug  ][gc,heap        ] GC(168) Heap after GC invocations=169 (full 19):
[47.857s][debug  ][gc,heap        ] GC(168)  PSYoungGen      total 230912K, used 30720K [0x00000007f0000000, 0x0000000800000000, 0x0000000800000000)
[47.857s][debug  ][gc,heap        ] GC(168)   eden space 199680K, 0% used [0x00000007f0000000,0x00000007f0000000,0x00000007fc300000)
[47.857s][debug  ][gc,heap        ] GC(168)   from space 31232K, 98% used [0x00000007fc300000,0x00000007fe100030,0x00000007fe180000)
[47.857s][debug  ][gc,heap        ] GC(168)   to   space 31232K, 0% used [0x00000007fe180000,0x00000007fe180000,0x0000000800000000)
[47.857s][debug  ][gc,heap        ] GC(168)  ParOldGen       total 2860544K, used 1701477K [0x0000000740000000, 0x00000007ee980000, 0x00000007f0000000)
[47.857s][debug  ][gc,heap        ] GC(168)   object space 2860544K, 59% used [0x0000000740000000,0x00000007a7d99658,0x00000007ee980000)
[47.857s][debug  ][gc,heap        ] GC(168)  Metaspace       used 1024K, committed 1216K, reserved 1056768K
[47.857s][debug  ][gc,heap        ] GC(168)   class space    used 83K, committed 192K, reserved 1048576K
[47.857s][debug  ][gc,task,time   ] GC(168) VM-Thread 478393542 478553148 478571969
[48.153s][debug  ][gc,heap        ] GC(169) Heap before GC invocations=170 (full 19):
[48.154s][debug  ][gc,heap        ] GC(169)  PSYoungGen      total 230912K, used 229187K [0x00000007f0000000, 0x0000000800000000, 0x0000000800000000)
[48.154s][debug  ][gc,heap        ] GC(169)   eden space 199680K, 99% used [0x00000007f0000000,0x00000007fc1d0ca0,0x00000007fc300000)
[48.154s][debug  ][gc,heap        ] GC(169)   from space 31232K, 98% used [0x00000007fc300000,0x00000007fe100030,0x00000007fe180000)
[48.154s][debug  ][gc,heap        ] GC(169)   to   space 31232K, 0% used [0x00000007fe180000,0x00000007fe180000,0x0000000800000000)
[48.154s][debug  ][gc,heap        ] GC(169)  ParOldGen       total 2860544K, used 1701477K [0x0000000740000000, 0x00000007ee980000, 0x00000007f0000000)
[48.154s][debug  ][gc,heap        ] GC(169)   object space 2860544K, 59% used [0x0000000740000000,0x00000007a7d99658,0x00000007ee980000)
[48.154s][debug  ][gc,heap        ] GC(169)  Metaspace       used 1024K, committed 1216K, reserved 1056768K
[48.154s][debug  ][gc,heap        ] GC(169)   class space    used 83K, committed 192K, reserved 1048576K
[48.154s][debug  ][gc,tlab        ] GC(169) TLAB totals: thrds: 1  refills: 1 max: 1 slow allocs: 18 max 18 waste: 27.6% gc: 4000624B max: 4000624B slow: 0B max: 0B
[48.154s][info   ][gc,start       ] GC(169) Pause Young (Allocation Failure)
[48.154s][debug  ][gc,phases,start] GC(169) Scavenge
[48.169s][debug  ][gc,phases      ] GC(169) Scavenge 15.270ms
[48.169s][debug  ][gc,phases,start] GC(169) Reference Processing
[48.169s][debug  ][gc,ref         ] GC(169) Skipped phase 1 of Reference Processing: no references
[48.169s][debug  ][gc,ref         ] GC(169) Skipped phase 2 of Reference Processing: no references
[48.169s][debug  ][gc,ref         ] GC(169) Skipped phase 3 of Reference Processing: no references
[48.169s][debug  ][gc,ref         ] GC(169) Skipped phase 4 of Reference Processing: no references
[48.170s][debug  ][gc,phases,ref  ] GC(169) Reference Processing: 0.1ms
[48.170s][debug  ][gc,phases,ref  ] GC(169)   Reconsider SoftReferences: 0.0ms
[48.170s][debug  ][gc,phases,ref  ] GC(169)     SoftRef (ms):                  skipped
[48.170s][debug  ][gc,phases,ref  ] GC(169)   Notify Soft/WeakReferences: 0.0ms
[48.170s][debug  ][gc,phases,ref  ] GC(169)     SoftRef (ms):                  skipped
[48.170s][debug  ][gc,phases,ref  ] GC(169)     WeakRef (ms):                  skipped
[48.170s][debug  ][gc,phases,ref  ] GC(169)     FinalRef (ms):                 skipped
[48.170s][debug  ][gc,phases,ref  ] GC(169)     Total (ms):                    skipped
[48.170s][debug  ][gc,phases,ref  ] GC(169)   Notify and keep alive finalizable: 0.0ms
[48.170s][debug  ][gc,phases,ref  ] GC(169)     FinalRef (ms):                 skipped
[48.170s][debug  ][gc,phases,ref  ] GC(169)   Notify PhantomReferences: 0.0ms
[48.170s][debug  ][gc,phases,ref  ] GC(169)     PhantomRef (ms):               skipped
[48.170s][debug  ][gc,phases,ref  ] GC(169)   SoftReference:
[48.170s][debug  ][gc,phases,ref  ] GC(169)     Discovered: 0
[48.170s][debug  ][gc,phases,ref  ] GC(169)     Cleared: 0
[48.170s][debug  ][gc,phases,ref  ] GC(169)   WeakReference:
[48.170s][debug  ][gc,phases,ref  ] GC(169)     Discovered: 0
[48.170s][debug  ][gc,phases,ref  ] GC(169)     Cleared: 0
[48.170s][debug  ][gc,phases,ref  ] GC(169)   FinalReference:
[48.170s][debug  ][gc,phases,ref  ] GC(169)     Discovered: 0
[48.170s][debug  ][gc,phases,ref  ] GC(169)     Cleared: 0
[48.170s][debug  ][gc,phases,ref  ] GC(169)   PhantomReference:
[48.170s][debug  ][gc,phases,ref  ] GC(169)     Discovered: 0
[48.170s][debug  ][gc,phases,ref  ] GC(169)     Cleared: 0
[48.170s][debug  ][gc,phases      ] GC(169) Reference Processing 0.753ms
[48.170s][debug  ][gc,phases,start] GC(169) Weak Processing
[48.170s][debug  ][gc,phases      ] GC(169)   VM Weak                        Min:  0.0, Avg:  0.0, Max:  0.0, Diff:  0.0, Sum:  0.0, Workers: 6
[48.170s][debug  ][gc,phases      ] GC(169)     Dead                           Min: 0, Avg:  0.0, Max: 0, Diff: 0, Sum: 0, Workers: 6
[48.170s][debug  ][gc,phases      ] GC(169)     Total                          Min: 0, Avg:  1.3, Max: 8, Diff: 8, Sum: 8, Workers: 6
[48.170s][debug  ][gc,phases      ] GC(169)   ObjectSynchronizer Weak        Min:  0.0, Avg:  0.0, Max:  0.0, Diff:  0.0, Sum:  0.0, Workers: 6
[48.170s][debug  ][gc,phases      ] GC(169)     Dead                           Min: 0, Avg:  0.0, Max: 0, Diff: 0, Sum: 0, Workers: 6
[48.170s][debug  ][gc,phases      ] GC(169)     Total                          Min: 0, Avg:  0.5, Max: 3, Diff: 3, Sum: 3, Workers: 6
[48.170s][debug  ][gc,phases      ] GC(169)   JVMTI Tag Weak OopStorage      Min:  0.0, Avg:  0.0, Max:  0.0, Diff:  0.0, Sum:  0.0, Workers: 6
[48.170s][debug  ][gc,phases      ] GC(169)     Dead                           Min: 0, Avg:  0.0, Max: 0, Diff: 0, Sum: 0, Workers: 6
[48.170s][debug  ][gc,phases      ] GC(169)     Total                          Min: 0, Avg:  0.0, Max: 0, Diff: 0, Sum: 0, Workers: 6
[48.170s][debug  ][gc,phases      ] GC(169)   StringTable Weak               Min:  0.0, Avg:  0.0, Max:  0.0, Diff:  0.0, Sum:  0.0, Workers: 6
[48.170s][debug  ][gc,phases      ] GC(169)     Dead                           Min: 0, Avg:  0.0, Max: 0, Diff: 0, Sum: 0, Workers: 6
[48.170s][debug  ][gc,phases      ] GC(169)     Total                          Min: 768, Avg: 892.5, Max: 1024, Diff: 256, Sum: 5355, Workers: 6
[48.170s][debug  ][gc,phases      ] GC(169)   ResolvedMethodTable Weak       Min:  0.0, Avg:  0.0, Max:  0.0, Diff:  0.0, Sum:  0.0, Workers: 6
[48.170s][debug  ][gc,phases      ] GC(169)     Dead                           Min: 0, Avg:  0.0, Max: 0, Diff: 0, Sum: 0, Workers: 6
[48.170s][debug  ][gc,phases      ] GC(169)     Total                          Min: 0, Avg: 21.7, Max: 64, Diff: 64, Sum: 130, Workers: 6
[48.170s][debug  ][gc,phases      ] GC(169)   JNI Weak                       Min:  0.0, Avg:  0.0, Max:  0.0, Diff:  0.0, Sum:  0.0, Workers: 6
[48.171s][debug  ][gc,phases      ] GC(169)     Dead                           Min: 0, Avg:  0.0, Max: 0, Diff: 0, Sum: 0, Workers: 6
[48.171s][debug  ][gc,phases      ] GC(169)     Total                          Min: 0, Avg:  0.0, Max: 0, Diff: 0, Sum: 0, Workers: 6
[48.171s][debug  ][gc,phases      ] GC(169)   StringDedup Table Weak         Min:  0.0, Avg:  0.0, Max:  0.0, Diff:  0.0, Sum:  0.0, Workers: 6
[48.171s][debug  ][gc,phases      ] GC(169)     Dead                           Min: 0, Avg:  0.0, Max: 0, Diff: 0, Sum: 0, Workers: 6
[48.171s][debug  ][gc,phases      ] GC(169)     Total                          Min: 0, Avg:  0.0, Max: 0, Diff: 0, Sum: 0, Workers: 6
[48.171s][debug  ][gc,phases      ] GC(169)   StringDedup Requests0 Weak     Min:  0.0, Avg:  0.0, Max:  0.0, Diff:  0.0, Sum:  0.0, Workers: 6
[48.171s][debug  ][gc,phases      ] GC(169)     Dead                           Min: 0, Avg:  0.0, Max: 0, Diff: 0, Sum: 0, Workers: 6
[48.171s][debug  ][gc,phases      ] GC(169)     Total                          Min: 0, Avg:  0.0, Max: 0, Diff: 0, Sum: 0, Workers: 6
[48.171s][debug  ][gc,phases      ] GC(169)   StringDedup Requests1 Weak     Min:  0.0, Avg:  0.0, Max:  0.0, Diff:  0.0, Sum:  0.0, Workers: 6
[48.171s][debug  ][gc,phases      ] GC(169)     Dead                           Min: 0, Avg:  0.0, Max: 0, Diff: 0, Sum: 0, Workers: 6
[48.171s][debug  ][gc,phases      ] GC(169)     Total                          Min: 0, Avg:  0.0, Max: 0, Diff: 0, Sum: 0, Workers: 6
[48.171s][debug  ][gc,phases      ] GC(169)   Weak JFR Old Object Samples    Min:  0.0, Avg:  0.0, Max:  0.0, Diff:  0.0, Sum:  0.0, Workers: 6
[48.171s][debug  ][gc,phases      ] GC(169)     Dead                           Min: 0, Avg:  0.0, Max: 0, Diff: 0, Sum: 0, Workers: 6
[48.171s][debug  ][gc,phases      ] GC(169)     Total                          Min: 0, Avg:  0.0, Max: 0, Diff: 0, Sum: 0, Workers: 6
[48.171s][debug  ][gc,phases      ] GC(169) Weak Processing 0.699ms
[48.171s][debug  ][gc,ergo        ] GC(169) AdaptiveSizeStart:  collection: 170 
[48.171s][debug  ][gc,ergo        ] GC(169) avg_survived_padded_avg: 31607198.000000
[48.171s][debug  ][gc,ergo        ] GC(169) avg_promoted_padded_avg: 262191488.000000  avg_pretenured_padded_avg: 0.000000  tenuring_thresh: 1  target_size: 31981568
[48.171s][debug  ][gc,age         ] GC(169) Desired survivor size 31981568 bytes, new threshold 1 (max threshold 15)
[48.171s][debug  ][gc,ergo        ] GC(169) PSAdaptiveSizePolicy::compute_eden_space_size limits: desired_eden_size: 235154139 old_eden_size: 204472320 eden_limit: 204472320 cur_eden: 204472320 max_eden_size: 204472320 avg_young_live: 29428510
[48.171s][debug  ][gc,ergo        ] GC(169) PSAdaptiveSizePolicy::compute_eden_space_size: costs minor_time: 0.052309 major_cost: 0.017411 mutator_cost: 0.930280 throughput_goal: 0.990000
[48.171s][debug  ][gc,ergo        ] GC(169) Live_space: 814188544 free_space: 2230321152
[48.171s][debug  ][gc,ergo        ] GC(169) Old eden_size: 204472320 desired_eden_size: 204472320
[48.171s][debug  ][gc,ergo        ] GC(169) AdaptiveSizeStop: collection: 170 
[48.171s][info   ][gc,heap        ] GC(169) PSYoungGen: 229187K(230912K)->30720K(230912K) Eden: 198467K(199680K)->0K(199680K) From: 30720K(31232K)->30720K(31232K)
[48.171s][info   ][gc,heap        ] GC(169) ParOldGen: 1701477K(2860544K)->1896037K(2860544K)
[48.171s][info   ][gc,metaspace   ] GC(169) Metaspace: 1024K(1216K)->1024K(1216K) NonClass: 941K(1024K)->941K(1024K) Class: 83K(192K)->83K(192K)
[48.171s][info   ][gc             ] GC(169) Pause Young (Allocation Failure) 1885M->1881M(3019M) 17.222ms
[48.171s][info   ][gc,cpu         ] GC(169) User=0.16s Sys=0.00s Real=0.02s
[48.171s][debug  ][gc,heap        ] GC(169) Heap after GC invocations=170 (full 19):
[48.171s][debug  ][gc,heap        ] GC(169)  PSYoungGen      total 230912K, used 30720K [0x00000007f0000000, 0x0000000800000000, 0x0000000800000000)
[48.171s][debug  ][gc,heap        ] GC(169)   eden space 199680K, 0% used [0x00000007f0000000,0x00000007f0000000,0x00000007fc300000)
[48.171s][debug  ][gc,heap        ] GC(169)   from space 31232K, 98% used [0x00000007fe180000,0x00000007fff80030,0x0000000800000000)
[48.171s][debug  ][gc,heap        ] GC(169)   to   space 31232K, 0% used [0x00000007fc300000,0x00000007fc300000,0x00000007fe180000)
[48.171s][debug  ][gc,heap        ] GC(169)  ParOldGen       total 2860544K, used 1896037K [0x0000000740000000, 0x00000007ee980000, 0x00000007f0000000)
[48.171s][debug  ][gc,heap        ] GC(169)   object space 2860544K, 66% used [0x0000000740000000,0x00000007b3b99788,0x00000007ee980000)
[48.171s][debug  ][gc,heap        ] GC(169)  Metaspace       used 1024K, committed 1216K, reserved 1056768K
[48.171s][debug  ][gc,heap        ] GC(169)   class space    used 83K, committed 192K, reserved 1048576K
[48.171s][debug  ][gc,task,time   ] GC(169) VM-Thread 481534391 481693313 481713727
[48.472s][debug  ][gc,heap        ] GC(170) Heap before GC invocations=171 (full 19):
[48.472s][debug  ][gc,heap        ] GC(170)  PSYoungGen      total 230912K, used 229190K [0x00000007f0000000, 0x0000000800000000, 0x0000000800000000)
[48.472s][debug  ][gc,heap        ] GC(170)   eden space 199680K, 99% used [0x00000007f0000000,0x00000007fc1d1800,0x00000007fc300000)
[48.472s][debug  ][gc,heap        ] GC(170)   from space 31232K, 98% used [0x00000007fe180000,0x00000007fff80030,0x0000000800000000)
[48.472s][debug  ][gc,heap        ] GC(170)   to   space 31232K, 0% used [0x00000007fc300000,0x00000007fc300000,0x00000007fe180000)
[48.472s][debug  ][gc,heap        ] GC(170)  ParOldGen       total 2860544K, used 1896037K [0x0000000740000000, 0x00000007ee980000, 0x00000007f0000000)
[48.472s][debug  ][gc,heap        ] GC(170)   object space 2860544K, 66% used [0x0000000740000000,0x00000007b3b99788,0x00000007ee980000)
[48.472s][debug  ][gc,heap        ] GC(170)  Metaspace       used 1024K, committed 1216K, reserved 1056768K
[48.472s][debug  ][gc,heap        ] GC(170)   class space    used 83K, committed 192K, reserved 1048576K
[48.472s][debug  ][gc,tlab        ] GC(170) TLAB totals: thrds: 1  refills: 1 max: 1 slow allocs: 18 max 18 waste: 27.6% gc: 4002472B max: 4002472B slow: 0B max: 0B
[48.472s][info   ][gc,start       ] GC(170) Pause Young (Allocation Failure)
[48.472s][debug  ][gc,phases,start] GC(170) Scavenge
[48.482s][debug  ][gc,phases      ] GC(170) Scavenge 9.906ms
[48.482s][debug  ][gc,phases,start] GC(170) Reference Processing
[48.482s][debug  ][gc,ref         ] GC(170) Skipped phase 1 of Reference Processing: no references
[48.482s][debug  ][gc,ref         ] GC(170) Skipped phase 2 of Reference Processing: no references
[48.482s][debug  ][gc,ref         ] GC(170) Skipped phase 3 of Reference Processing: no references
[48.483s][debug  ][gc,ref         ] GC(170) Skipped phase 4 of Reference Processing: no references
[48.483s][debug  ][gc,phases,ref  ] GC(170) Reference Processing: 0.1ms
[48.483s][debug  ][gc,phases,ref  ] GC(170)   Reconsider SoftReferences: 0.0ms
[48.483s][debug  ][gc,phases,ref  ] GC(170)     SoftRef (ms):                  skipped
[48.483s][debug  ][gc,phases,ref  ] GC(170)   Notify Soft/WeakReferences: 0.0ms
[48.483s][debug  ][gc,phases,ref  ] GC(170)     SoftRef (ms):                  skipped
[48.483s][debug  ][gc,phases,ref  ] GC(170)     WeakRef (ms):                  skipped
[48.483s][debug  ][gc,phases,ref  ] GC(170)     FinalRef (ms):                 skipped
[48.483s][debug  ][gc,phases,ref  ] GC(170)     Total (ms):                    skipped
[48.483s][debug  ][gc,phases,ref  ] GC(170)   Notify and keep alive finalizable: 0.0ms
[48.483s][debug  ][gc,phases,ref  ] GC(170)     FinalRef (ms):                 skipped
[48.483s][debug  ][gc,phases,ref  ] GC(170)   Notify PhantomReferences: 0.0ms
[48.483s][debug  ][gc,phases,ref  ] GC(170)     PhantomRef (ms):               skipped
[48.483s][debug  ][gc,phases,ref  ] GC(170)   SoftReference:
[48.483s][debug  ][gc,phases,ref  ] GC(170)     Discovered: 0
[48.483s][debug  ][gc,phases,ref  ] GC(170)     Cleared: 0
[48.483s][debug  ][gc,phases,ref  ] GC(170)   WeakReference:
[48.483s][debug  ][gc,phases,ref  ] GC(170)     Discovered: 0
[48.483s][debug  ][gc,phases,ref  ] GC(170)     Cleared: 0
[48.483s][debug  ][gc,phases,ref  ] GC(170)   FinalReference:
[48.483s][debug  ][gc,phases,ref  ] GC(170)     Discovered: 0
[48.483s][debug  ][gc,phases,ref  ] GC(170)     Cleared: 0
[48.483s][debug  ][gc,phases,ref  ] GC(170)   PhantomReference:
[48.483s][debug  ][gc,phases,ref  ] GC(170)     Discovered: 0
[48.483s][debug  ][gc,phases,ref  ] GC(170)     Cleared: 0
[48.483s][debug  ][gc,phases      ] GC(170) Reference Processing 0.772ms
[48.483s][debug  ][gc,phases,start] GC(170) Weak Processing
[48.483s][debug  ][gc,phases      ] GC(170)   VM Weak                        Min:  0.0, Avg:  0.0, Max:  0.0, Diff:  0.0, Sum:  0.0, Workers: 6
[48.483s][debug  ][gc,phases      ] GC(170)     Dead                           Min: 0, Avg:  0.0, Max: 0, Diff: 0, Sum: 0, Workers: 6
[48.483s][debug  ][gc,phases      ] GC(170)     Total                          Min: 0, Avg:  1.3, Max: 8, Diff: 8, Sum: 8, Workers: 6
[48.483s][debug  ][gc,phases      ] GC(170)   ObjectSynchronizer Weak        Min:  0.0, Avg:  0.0, Max:  0.0, Diff:  0.0, Sum:  0.0, Workers: 6
[48.483s][debug  ][gc,phases      ] GC(170)     Dead                           Min: 0, Avg:  0.0, Max: 0, Diff: 0, Sum: 0, Workers: 6
[48.483s][debug  ][gc,phases      ] GC(170)     Total                          Min: 0, Avg:  0.5, Max: 3, Diff: 3, Sum: 3, Workers: 6
[48.483s][debug  ][gc,phases      ] GC(170)   JVMTI Tag Weak OopStorage      Min:  0.0, Avg:  0.0, Max:  0.0, Diff:  0.0, Sum:  0.0, Workers: 6
[48.483s][debug  ][gc,phases      ] GC(170)     Dead                           Min: 0, Avg:  0.0, Max: 0, Diff: 0, Sum: 0, Workers: 6
[48.484s][debug  ][gc,phases      ] GC(170)     Total                          Min: 0, Avg:  0.0, Max: 0, Diff: 0, Sum: 0, Workers: 6
[48.484s][debug  ][gc,phases      ] GC(170)   StringTable Weak               Min:  0.0, Avg:  0.0, Max:  0.0, Diff:  0.0, Sum:  0.0, Workers: 6
[48.484s][debug  ][gc,phases      ] GC(170)     Dead                           Min: 0, Avg:  0.0, Max: 0, Diff: 0, Sum: 0, Workers: 6
[48.484s][debug  ][gc,phases      ] GC(170)     Total                          Min: 748, Avg: 892.5, Max: 1088, Diff: 340, Sum: 5355, Workers: 6
[48.484s][debug  ][gc,phases      ] GC(170)   ResolvedMethodTable Weak       Min:  0.0, Avg:  0.0, Max:  0.0, Diff:  0.0, Sum:  0.0, Workers: 6
[48.484s][debug  ][gc,phases      ] GC(170)     Dead                           Min: 0, Avg:  0.0, Max: 0, Diff: 0, Sum: 0, Workers: 6
[48.484s][debug  ][gc,phases      ] GC(170)     Total                          Min: 0, Avg: 21.7, Max: 64, Diff: 64, Sum: 130, Workers: 6
[48.484s][debug  ][gc,phases      ] GC(170)   JNI Weak                       Min:  0.0, Avg:  0.0, Max:  0.0, Diff:  0.0, Sum:  0.0, Workers: 6
[48.484s][debug  ][gc,phases      ] GC(170)     Dead                           Min: 0, Avg:  0.0, Max: 0, Diff: 0, Sum: 0, Workers: 6
[48.484s][debug  ][gc,phases      ] GC(170)     Total                          Min: 0, Avg:  0.0, Max: 0, Diff: 0, Sum: 0, Workers: 6
[48.484s][debug  ][gc,phases      ] GC(170)   StringDedup Table Weak         Min:  0.0, Avg:  0.0, Max:  0.0, Diff:  0.0, Sum:  0.0, Workers: 6
[48.484s][debug  ][gc,phases      ] GC(170)     Dead                           Min: 0, Avg:  0.0, Max: 0, Diff: 0, Sum: 0, Workers: 6
[48.484s][debug  ][gc,phases      ] GC(170)     Total                          Min: 0, Avg:  0.0, Max: 0, Diff: 0, Sum: 0, Workers: 6
[48.484s][debug  ][gc,phases      ] GC(170)   StringDedup Requests0 Weak     Min:  0.0, Avg:  0.0, Max:  0.0, Diff:  0.0, Sum:  0.0, Workers: 6
[48.484s][debug  ][gc,phases      ] GC(170)     Dead                           Min: 0, Avg:  0.0, Max: 0, Diff: 0, Sum: 0, Workers: 6
[48.484s][debug  ][gc,phases      ] GC(170)     Total                          Min: 0, Avg:  0.0, Max: 0, Diff: 0, Sum: 0, Workers: 6
[48.484s][debug  ][gc,phases      ] GC(170)   StringDedup Requests1 Weak     Min:  0.0, Avg:  0.0, Max:  0.0, Diff:  0.0, Sum:  0.0, Workers: 6
[48.484s][debug  ][gc,phases      ] GC(170)     Dead                           Min: 0, Avg:  0.0, Max: 0, Diff: 0, Sum: 0, Workers: 6
[48.484s][debug  ][gc,phases      ] GC(170)     Total                          Min: 0, Avg:  0.0, Max: 0, Diff: 0, Sum: 0, Workers: 6
[48.484s][debug  ][gc,phases      ] GC(170)   Weak JFR Old Object Samples    Min:  0.0, Avg:  0.0, Max:  0.0, Diff:  0.0, Sum:  0.0, Workers: 6
[48.484s][debug  ][gc,phases      ] GC(170)     Dead                           Min: 0, Avg:  0.0, Max: 0, Diff: 0, Sum: 0, Workers: 6
[48.484s][debug  ][gc,phases      ] GC(170)     Total                          Min: 0, Avg:  0.0, Max: 0, Diff: 0, Sum: 0, Workers: 6
[48.484s][debug  ][gc,phases      ] GC(170) Weak Processing 0.771ms
[48.484s][debug  ][gc,ergo        ] GC(170) AdaptiveSizeStart:  collection: 171 
[48.484s][debug  ][gc,ergo        ] GC(170) avg_survived_padded_avg: 31594426.000000
[48.484s][debug  ][gc,ergo        ] GC(170) avg_promoted_padded_avg: 268343296.000000  avg_pretenured_padded_avg: 0.000000  tenuring_thresh: 1  target_size: 31981568
[48.484s][debug  ][gc,age         ] GC(170) Desired survivor size 31981568 bytes, new threshold 1 (max threshold 15)
[48.484s][debug  ][gc,ergo        ] GC(170) PSAdaptiveSizePolicy::compute_eden_space_size limits: desired_eden_size: 234560605 old_eden_size: 204472320 eden_limit: 204472320 cur_eden: 204472320 max_eden_size: 204472320 avg_young_live: 29631392
[48.484s][debug  ][gc,ergo        ] GC(170) PSAdaptiveSizePolicy::compute_eden_space_size: costs minor_time: 0.048480 major_cost: 0.017411 mutator_cost: 0.934109 throughput_goal: 0.990000
[48.484s][debug  ][gc,ergo        ] GC(170) Live_space: 814391424 free_space: 2230321152
[48.484s][debug  ][gc,ergo        ] GC(170) Old eden_size: 204472320 desired_eden_size: 204472320
[48.484s][debug  ][gc,ergo        ] GC(170) AdaptiveSizeStop: collection: 171 
[48.484s][info   ][gc,heap        ] GC(170) PSYoungGen: 229190K(230912K)->30720K(230912K) Eden: 198470K(199680K)->0K(199680K) From: 30720K(31232K)->30720K(31232K)
[48.484s][info   ][gc,heap        ] GC(170) ParOldGen: 1896037K(2860544K)->1988198K(2860544K)
[48.484s][info   ][gc,metaspace   ] GC(170) Metaspace: 1024K(1216K)->1024K(1216K) NonClass: 941K(1024K)->941K(1024K) Class: 83K(192K)->83K(192K)
[48.484s][info   ][gc             ] GC(170) Pause Young (Allocation Failure) 2075M->1971M(3019M) 11.933ms
[48.484s][info   ][gc,cpu         ] GC(170) User=0.00s Sys=0.02s Real=0.01s
[48.484s][debug  ][gc,heap        ] GC(170) Heap after GC invocations=171 (full 19):
[48.484s][debug  ][gc,heap        ] GC(170)  PSYoungGen      total 230912K, used 30720K [0x00000007f0000000, 0x0000000800000000, 0x0000000800000000)
[48.484s][debug  ][gc,heap        ] GC(170)   eden space 199680K, 0% used [0x00000007f0000000,0x00000007f0000000,0x00000007fc300000)
[48.484s][debug  ][gc,heap        ] GC(170)   from space 31232K, 98% used [0x00000007fc300000,0x00000007fe100030,0x00000007fe180000)
[48.484s][debug  ][gc,heap        ] GC(170)   to   space 31232K, 0% used [0x00000007fe180000,0x00000007fe180000,0x0000000800000000)
[48.484s][debug  ][gc,heap        ] GC(170)  ParOldGen       total 2860544K, used 1988198K [0x0000000740000000, 0x00000007ee980000, 0x00000007f0000000)
[48.484s][debug  ][gc,heap        ] GC(170)   object space 2860544K, 69% used [0x0000000740000000,0x00000007b9599818,0x00000007ee980000)
[48.485s][debug  ][gc,heap        ] GC(170)  Metaspace       used 1024K, committed 1216K, reserved 1056768K
[48.485s][debug  ][gc,heap        ] GC(170)   class space    used 83K, committed 192K, reserved 1048576K
[48.485s][debug  ][gc,task,time   ] GC(170) VM-Thread 484719731 484824144 484845632
[48.788s][debug  ][gc,heap        ] GC(171) Heap before GC invocations=172 (full 19):
[48.788s][debug  ][gc,heap        ] GC(171)  PSYoungGen      total 230912K, used 229191K [0x00000007f0000000, 0x0000000800000000, 0x0000000800000000)
[48.788s][debug  ][gc,heap        ] GC(171)   eden space 199680K, 99% used [0x00000007f0000000,0x00000007fc1d1f50,0x00000007fc300000)
[48.788s][debug  ][gc,heap        ] GC(171)   from space 31232K, 98% used [0x00000007fc300000,0x00000007fe100030,0x00000007fe180000)
[48.788s][debug  ][gc,heap        ] GC(171)   to   space 31232K, 0% used [0x00000007fe180000,0x00000007fe180000,0x0000000800000000)
[48.788s][debug  ][gc,heap        ] GC(171)  ParOldGen       total 2860544K, used 1988198K [0x0000000740000000, 0x00000007ee980000, 0x00000007f0000000)
[48.788s][debug  ][gc,heap        ] GC(171)   object space 2860544K, 69% used [0x0000000740000000,0x00000007b9599818,0x00000007ee980000)
[48.788s][debug  ][gc,heap        ] GC(171)  Metaspace       used 1024K, committed 1216K, reserved 1056768K
[48.788s][debug  ][gc,heap        ] GC(171)   class space    used 83K, committed 192K, reserved 1048576K
[48.788s][debug  ][gc,tlab        ] GC(171) TLAB totals: thrds: 1  refills: 1 max: 1 slow allocs: 18 max 18 waste: 27.6% gc: 4005408B max: 4005408B slow: 0B max: 0B
[48.788s][info   ][gc,start       ] GC(171) Pause Young (Allocation Failure)
[48.788s][debug  ][gc,phases,start] GC(171) Scavenge
[48.804s][debug  ][gc,phases      ] GC(171) Scavenge 15.390ms
[48.804s][debug  ][gc,phases,start] GC(171) Reference Processing
[48.804s][debug  ][gc,ref         ] GC(171) Skipped phase 1 of Reference Processing: no references
[48.804s][debug  ][gc,ref         ] GC(171) Skipped phase 2 of Reference Processing: no references
[48.804s][debug  ][gc,ref         ] GC(171) Skipped phase 3 of Reference Processing: no references
[48.804s][debug  ][gc,ref         ] GC(171) Skipped phase 4 of Reference Processing: no references
[48.804s][debug  ][gc,phases,ref  ] GC(171) Reference Processing: 0.1ms
[48.804s][debug  ][gc,phases,ref  ] GC(171)   Reconsider SoftReferences: 0.0ms
[48.804s][debug  ][gc,phases,ref  ] GC(171)     SoftRef (ms):                  skipped
[48.804s][debug  ][gc,phases,ref  ] GC(171)   Notify Soft/WeakReferences: 0.0ms
[48.804s][debug  ][gc,phases,ref  ] GC(171)     SoftRef (ms):                  skipped
[48.804s][debug  ][gc,phases,ref  ] GC(171)     WeakRef (ms):                  skipped
[48.804s][debug  ][gc,phases,ref  ] GC(171)     FinalRef (ms):                 skipped
[48.804s][debug  ][gc,phases,ref  ] GC(171)     Total (ms):                    skipped
[48.804s][debug  ][gc,phases,ref  ] GC(171)   Notify and keep alive finalizable: 0.0ms
[48.804s][debug  ][gc,phases,ref  ] GC(171)     FinalRef (ms):                 skipped
[48.804s][debug  ][gc,phases,ref  ] GC(171)   Notify PhantomReferences: 0.0ms
[48.804s][debug  ][gc,phases,ref  ] GC(171)     PhantomRef (ms):               skipped
[48.804s][debug  ][gc,phases,ref  ] GC(171)   SoftReference:
[48.804s][debug  ][gc,phases,ref  ] GC(171)     Discovered: 0
[48.804s][debug  ][gc,phases,ref  ] GC(171)     Cleared: 0
[48.804s][debug  ][gc,phases,ref  ] GC(171)   WeakReference:
[48.804s][debug  ][gc,phases,ref  ] GC(171)     Discovered: 0
[48.804s][debug  ][gc,phases,ref  ] GC(171)     Cleared: 0
[48.804s][debug  ][gc,phases,ref  ] GC(171)   FinalReference:
[48.804s][debug  ][gc,phases,ref  ] GC(171)     Discovered: 0
[48.804s][debug  ][gc,phases,ref  ] GC(171)     Cleared: 0
[48.805s][debug  ][gc,phases,ref  ] GC(171)   PhantomReference:
[48.805s][debug  ][gc,phases,ref  ] GC(171)     Discovered: 0
[48.805s][debug  ][gc,phases,ref  ] GC(171)     Cleared: 0
[48.805s][debug  ][gc,phases      ] GC(171) Reference Processing 0.873ms
[48.805s][debug  ][gc,phases,start] GC(171) Weak Processing
[48.805s][debug  ][gc,phases      ] GC(171)   VM Weak                        Min:  0.0, Avg:  0.0, Max:  0.0, Diff:  0.0, Sum:  0.0, Workers: 6
[48.805s][debug  ][gc,phases      ] GC(171)     Dead                           Min: 0, Avg:  0.0, Max: 0, Diff: 0, Sum: 0, Workers: 6
[48.805s][debug  ][gc,phases      ] GC(171)     Total                          Min: 0, Avg:  1.3, Max: 8, Diff: 8, Sum: 8, Workers: 6
[48.805s][debug  ][gc,phases      ] GC(171)   ObjectSynchronizer Weak        Min:  0.0, Avg:  0.0, Max:  0.0, Diff:  0.0, Sum:  0.0, Workers: 6
[48.805s][debug  ][gc,phases      ] GC(171)     Dead                           Min: 0, Avg:  0.0, Max: 0, Diff: 0, Sum: 0, Workers: 6
[48.805s][debug  ][gc,phases      ] GC(171)     Total                          Min: 0, Avg:  0.5, Max: 3, Diff: 3, Sum: 3, Workers: 6
[48.805s][debug  ][gc,phases      ] GC(171)   JVMTI Tag Weak OopStorage      Min:  0.0, Avg:  0.0, Max:  0.0, Diff:  0.0, Sum:  0.0, Workers: 6
[48.805s][debug  ][gc,phases      ] GC(171)     Dead                           Min: 0, Avg:  0.0, Max: 0, Diff: 0, Sum: 0, Workers: 6
[48.805s][debug  ][gc,phases      ] GC(171)     Total                          Min: 0, Avg:  0.0, Max: 0, Diff: 0, Sum: 0, Workers: 6
[48.805s][debug  ][gc,phases      ] GC(171)   StringTable Weak               Min:  0.0, Avg:  0.0, Max:  0.0, Diff:  0.0, Sum:  0.0, Workers: 6
[48.805s][debug  ][gc,phases      ] GC(171)     Dead                           Min: 0, Avg:  0.0, Max: 0, Diff: 0, Sum: 0, Workers: 6
[48.805s][debug  ][gc,phases      ] GC(171)     Total                          Min: 768, Avg: 892.5, Max: 1024, Diff: 256, Sum: 5355, Workers: 6
[48.805s][debug  ][gc,phases      ] GC(171)   ResolvedMethodTable Weak       Min:  0.0, Avg:  0.0, Max:  0.0, Diff:  0.0, Sum:  0.0, Workers: 6
[48.805s][debug  ][gc,phases      ] GC(171)     Dead                           Min: 0, Avg:  0.0, Max: 0, Diff: 0, Sum: 0, Workers: 6
[48.805s][debug  ][gc,phases      ] GC(171)     Total                          Min: 0, Avg: 21.7, Max: 64, Diff: 64, Sum: 130, Workers: 6
[48.805s][debug  ][gc,phases      ] GC(171)   JNI Weak                       Min:  0.0, Avg:  0.0, Max:  0.0, Diff:  0.0, Sum:  0.0, Workers: 6
[48.805s][debug  ][gc,phases      ] GC(171)     Dead                           Min: 0, Avg:  0.0, Max: 0, Diff: 0, Sum: 0, Workers: 6
[48.805s][debug  ][gc,phases      ] GC(171)     Total                          Min: 0, Avg:  0.0, Max: 0, Diff: 0, Sum: 0, Workers: 6
[48.805s][debug  ][gc,phases      ] GC(171)   StringDedup Table Weak         Min:  0.0, Avg:  0.0, Max:  0.0, Diff:  0.0, Sum:  0.0, Workers: 6
[48.805s][debug  ][gc,phases      ] GC(171)     Dead                           Min: 0, Avg:  0.0, Max: 0, Diff: 0, Sum: 0, Workers: 6
[48.805s][debug  ][gc,phases      ] GC(171)     Total                          Min: 0, Avg:  0.0, Max: 0, Diff: 0, Sum: 0, Workers: 6
[48.805s][debug  ][gc,phases      ] GC(171)   StringDedup Requests0 Weak     Min:  0.0, Avg:  0.0, Max:  0.0, Diff:  0.0, Sum:  0.0, Workers: 6
[48.805s][debug  ][gc,phases      ] GC(171)     Dead                           Min: 0, Avg:  0.0, Max: 0, Diff: 0, Sum: 0, Workers: 6
[48.805s][debug  ][gc,phases      ] GC(171)     Total                          Min: 0, Avg:  0.0, Max: 0, Diff: 0, Sum: 0, Workers: 6
[48.805s][debug  ][gc,phases      ] GC(171)   StringDedup Requests1 Weak     Min:  0.0, Avg:  0.0, Max:  0.0, Diff:  0.0, Sum:  0.0, Workers: 6
[48.805s][debug  ][gc,phases      ] GC(171)     Dead                           Min: 0, Avg:  0.0, Max: 0, Diff: 0, Sum: 0, Workers: 6
[48.805s][debug  ][gc,phases      ] GC(171)     Total                          Min: 0, Avg:  0.0, Max: 0, Diff: 0, Sum: 0, Workers: 6
[48.805s][debug  ][gc,phases      ] GC(171)   Weak JFR Old Object Samples    Min:  0.0, Avg:  0.0, Max:  0.0, Diff:  0.0, Sum:  0.0, Workers: 6
[48.806s][debug  ][gc,phases      ] GC(171)     Dead                           Min: 0, Avg:  0.0, Max: 0, Diff: 0, Sum: 0, Workers: 6
[48.806s][debug  ][gc,phases      ] GC(171)     Total                          Min: 0, Avg:  0.0, Max: 0, Diff: 0, Sum: 0, Workers: 6
[48.806s][debug  ][gc,phases      ] GC(171) Weak Processing 0.951ms
[48.806s][debug  ][gc,ergo        ] GC(171) AdaptiveSizeStart:  collection: 172 
[48.806s][debug  ][gc,ergo        ] GC(171) avg_survived_padded_avg: 31582710.000000
[48.806s][debug  ][gc,ergo        ] GC(171) avg_promoted_padded_avg: 269103168.000000  avg_pretenured_padded_avg: 0.000000  tenuring_thresh: 1  target_size: 31981568
[48.806s][debug  ][gc,age         ] GC(171) Desired survivor size 31981568 bytes, new threshold 1 (max threshold 15)
[48.806s][debug  ][gc,ergo        ] GC(171) PSAdaptiveSizePolicy::compute_eden_space_size limits: desired_eden_size: 234780786 old_eden_size: 204472320 eden_limit: 204472320 cur_eden: 204472320 max_eden_size: 204472320 avg_young_live: 29813984
[48.806s][debug  ][gc,ergo        ] GC(171) PSAdaptiveSizePolicy::compute_eden_space_size: costs minor_time: 0.049850 major_cost: 0.017411 mutator_cost: 0.932738 throughput_goal: 0.990000
[48.806s][debug  ][gc,ergo        ] GC(171) Live_space: 814574016 free_space: 2230321152
[48.806s][debug  ][gc,ergo        ] GC(171) Old eden_size: 204472320 desired_eden_size: 204472320
[48.806s][debug  ][gc,ergo        ] GC(171) AdaptiveSizeStop: collection: 172 
[48.806s][info   ][gc,heap        ] GC(171) PSYoungGen: 229191K(230912K)->30720K(230912K) Eden: 198471K(199680K)->0K(199680K) From: 30720K(31232K)->30720K(31232K)
[48.806s][info   ][gc,heap        ] GC(171) ParOldGen: 1988198K(2860544K)->2182758K(2860544K)
[48.806s][info   ][gc,metaspace   ] GC(171) Metaspace: 1024K(1216K)->1024K(1216K) NonClass: 941K(1024K)->941K(1024K) Class: 83K(192K)->83K(192K)
[48.806s][info   ][gc             ] GC(171) Pause Young (Allocation Failure) 2165M->2161M(3019M) 17.761ms
[48.806s][info   ][gc,cpu         ] GC(171) User=0.14s Sys=0.00s Real=0.02s
[48.806s][debug  ][gc,heap        ] GC(171) Heap after GC invocations=172 (full 19):
[48.806s][debug  ][gc,heap        ] GC(171)  PSYoungGen      total 230912K, used 30720K [0x00000007f0000000, 0x0000000800000000, 0x0000000800000000)
[48.806s][debug  ][gc,heap        ] GC(171)   eden space 199680K, 0% used [0x00000007f0000000,0x00000007f0000000,0x00000007fc300000)
[48.806s][debug  ][gc,heap        ] GC(171)   from space 31232K, 98% used [0x00000007fe180000,0x00000007fff80030,0x0000000800000000)
[48.806s][debug  ][gc,heap        ] GC(171)   to   space 31232K, 0% used [0x00000007fc300000,0x00000007fc300000,0x00000007fe180000)
[48.806s][debug  ][gc,heap        ] GC(171)  ParOldGen       total 2860544K, used 2182758K [0x0000000740000000, 0x00000007ee980000, 0x00000007f0000000)
[48.806s][debug  ][gc,heap        ] GC(171)   object space 2860544K, 76% used [0x0000000740000000,0x00000007c5399948,0x00000007ee980000)
[48.806s][debug  ][gc,heap        ] GC(171)  Metaspace       used 1024K, committed 1216K, reserved 1056768K
[48.806s][debug  ][gc,heap        ] GC(171)   class space    used 83K, committed 192K, reserved 1048576K
[48.806s][debug  ][gc,task,time   ] GC(171) VM-Thread 487877869 488037155 488062911
[49.104s][debug  ][gc,heap        ] GC(172) Heap before GC invocations=173 (full 19):
[49.104s][debug  ][gc,heap        ] GC(172)  PSYoungGen      total 230912K, used 229193K [0x00000007f0000000, 0x0000000800000000, 0x0000000800000000)
[49.104s][debug  ][gc,heap        ] GC(172)   eden space 199680K, 99% used [0x00000007f0000000,0x00000007fc1d2408,0x00000007fc300000)
[49.104s][debug  ][gc,heap        ] GC(172)   from space 31232K, 98% used [0x00000007fe180000,0x00000007fff80030,0x0000000800000000)
[49.104s][debug  ][gc,heap        ] GC(172)   to   space 31232K, 0% used [0x00000007fc300000,0x00000007fc300000,0x00000007fe180000)
[49.104s][debug  ][gc,heap        ] GC(172)  ParOldGen       total 2860544K, used 2182758K [0x0000000740000000, 0x00000007ee980000, 0x00000007f0000000)
[49.104s][debug  ][gc,heap        ] GC(172)   object space 2860544K, 76% used [0x0000000740000000,0x00000007c5399948,0x00000007ee980000)
[49.104s][debug  ][gc,heap        ] GC(172)  Metaspace       used 1024K, committed 1216K, reserved 1056768K
[49.104s][debug  ][gc,heap        ] GC(172)   class space    used 83K, committed 192K, reserved 1048576K
[49.104s][debug  ][gc,tlab        ] GC(172) TLAB totals: thrds: 1  refills: 1 max: 1 slow allocs: 18 max 18 waste: 27.6% gc: 4006616B max: 4006616B slow: 0B max: 0B
[49.104s][info   ][gc,start       ] GC(172) Pause Young (Allocation Failure)
[49.104s][debug  ][gc,phases,start] GC(172) Scavenge
[49.121s][debug  ][gc,phases      ] GC(172) Scavenge 16.627ms
[49.121s][debug  ][gc,phases,start] GC(172) Reference Processing
[49.121s][debug  ][gc,ref         ] GC(172) Skipped phase 1 of Reference Processing: no references
[49.121s][debug  ][gc,ref         ] GC(172) Skipped phase 2 of Reference Processing: no references
[49.121s][debug  ][gc,ref         ] GC(172) Skipped phase 3 of Reference Processing: no references
[49.121s][debug  ][gc,ref         ] GC(172) Skipped phase 4 of Reference Processing: no references
[49.121s][debug  ][gc,phases,ref  ] GC(172) Reference Processing: 0.1ms
[49.121s][debug  ][gc,phases,ref  ] GC(172)   Reconsider SoftReferences: 0.0ms
[49.121s][debug  ][gc,phases,ref  ] GC(172)     SoftRef (ms):                  skipped
[49.121s][debug  ][gc,phases,ref  ] GC(172)   Notify Soft/WeakReferences: 0.0ms
[49.121s][debug  ][gc,phases,ref  ] GC(172)     SoftRef (ms):                  skipped
[49.121s][debug  ][gc,phases,ref  ] GC(172)     WeakRef (ms):                  skipped
[49.121s][debug  ][gc,phases,ref  ] GC(172)     FinalRef (ms):                 skipped
[49.121s][debug  ][gc,phases,ref  ] GC(172)     Total (ms):                    skipped
[49.121s][debug  ][gc,phases,ref  ] GC(172)   Notify and keep alive finalizable: 0.0ms
[49.121s][debug  ][gc,phases,ref  ] GC(172)     FinalRef (ms):                 skipped
[49.121s][debug  ][gc,phases,ref  ] GC(172)   Notify PhantomReferences: 0.0ms
[49.121s][debug  ][gc,phases,ref  ] GC(172)     PhantomRef (ms):               skipped
[49.121s][debug  ][gc,phases,ref  ] GC(172)   SoftReference:
[49.121s][debug  ][gc,phases,ref  ] GC(172)     Discovered: 0
[49.121s][debug  ][gc,phases,ref  ] GC(172)     Cleared: 0
[49.121s][debug  ][gc,phases,ref  ] GC(172)   WeakReference:
[49.121s][debug  ][gc,phases,ref  ] GC(172)     Discovered: 0
[49.121s][debug  ][gc,phases,ref  ] GC(172)     Cleared: 0
[49.121s][debug  ][gc,phases,ref  ] GC(172)   FinalReference:
[49.121s][debug  ][gc,phases,ref  ] GC(172)     Discovered: 0
[49.121s][debug  ][gc,phases,ref  ] GC(172)     Cleared: 0
[49.121s][debug  ][gc,phases,ref  ] GC(172)   PhantomReference:
[49.121s][debug  ][gc,phases,ref  ] GC(172)     Discovered: 0
[49.121s][debug  ][gc,phases,ref  ] GC(172)     Cleared: 0
[49.121s][debug  ][gc,phases      ] GC(172) Reference Processing 0.597ms
[49.122s][debug  ][gc,phases,start] GC(172) Weak Processing
[49.122s][debug  ][gc,phases      ] GC(172)   VM Weak                        Min:  0.0, Avg:  0.0, Max:  0.0, Diff:  0.0, Sum:  0.0, Workers: 6
[49.122s][debug  ][gc,phases      ] GC(172)     Dead                           Min: 0, Avg:  0.0, Max: 0, Diff: 0, Sum: 0, Workers: 6
[49.122s][debug  ][gc,phases      ] GC(172)     Total                          Min: 0, Avg:  1.3, Max: 8, Diff: 8, Sum: 8, Workers: 6
[49.122s][debug  ][gc,phases      ] GC(172)   ObjectSynchronizer Weak        Min:  0.0, Avg:  0.0, Max:  0.0, Diff:  0.0, Sum:  0.0, Workers: 6
[49.122s][debug  ][gc,phases      ] GC(172)     Dead                           Min: 0, Avg:  0.0, Max: 0, Diff: 0, Sum: 0, Workers: 6
[49.122s][debug  ][gc,phases      ] GC(172)     Total                          Min: 0, Avg:  0.5, Max: 3, Diff: 3, Sum: 3, Workers: 6
[49.122s][debug  ][gc,phases      ] GC(172)   JVMTI Tag Weak OopStorage      Min:  0.0, Avg:  0.0, Max:  0.0, Diff:  0.0, Sum:  0.0, Workers: 6
[49.122s][debug  ][gc,phases      ] GC(172)     Dead                           Min: 0, Avg:  0.0, Max: 0, Diff: 0, Sum: 0, Workers: 6
[49.122s][debug  ][gc,phases      ] GC(172)     Total                          Min: 0, Avg:  0.0, Max: 0, Diff: 0, Sum: 0, Workers: 6
[49.122s][debug  ][gc,phases      ] GC(172)   StringTable Weak               Min:  0.0, Avg:  0.0, Max:  0.0, Diff:  0.0, Sum:  0.0, Workers: 6
[49.122s][debug  ][gc,phases      ] GC(172)     Dead                           Min: 0, Avg:  0.0, Max: 0, Diff: 0, Sum: 0, Workers: 6
[49.122s][debug  ][gc,phases      ] GC(172)     Total                          Min: 831, Avg: 892.5, Max: 1024, Diff: 193, Sum: 5355, Workers: 6
[49.122s][debug  ][gc,phases      ] GC(172)   ResolvedMethodTable Weak       Min:  0.0, Avg:  0.0, Max:  0.0, Diff:  0.0, Sum:  0.0, Workers: 6
[49.122s][debug  ][gc,phases      ] GC(172)     Dead                           Min: 0, Avg:  0.0, Max: 0, Diff: 0, Sum: 0, Workers: 6
[49.122s][debug  ][gc,phases      ] GC(172)     Total                          Min: 0, Avg: 21.7, Max: 64, Diff: 64, Sum: 130, Workers: 6
[49.122s][debug  ][gc,phases      ] GC(172)   JNI Weak                       Min:  0.0, Avg:  0.0, Max:  0.0, Diff:  0.0, Sum:  0.0, Workers: 6
[49.122s][debug  ][gc,phases      ] GC(172)     Dead                           Min: 0, Avg:  0.0, Max: 0, Diff: 0, Sum: 0, Workers: 6
[49.122s][debug  ][gc,phases      ] GC(172)     Total                          Min: 0, Avg:  0.0, Max: 0, Diff: 0, Sum: 0, Workers: 6
[49.122s][debug  ][gc,phases      ] GC(172)   StringDedup Table Weak         Min:  0.0, Avg:  0.0, Max:  0.0, Diff:  0.0, Sum:  0.0, Workers: 6
[49.122s][debug  ][gc,phases      ] GC(172)     Dead                           Min: 0, Avg:  0.0, Max: 0, Diff: 0, Sum: 0, Workers: 6
[49.122s][debug  ][gc,phases      ] GC(172)     Total                          Min: 0, Avg:  0.0, Max: 0, Diff: 0, Sum: 0, Workers: 6
[49.122s][debug  ][gc,phases      ] GC(172)   StringDedup Requests0 Weak     Min:  0.0, Avg:  0.0, Max:  0.0, Diff:  0.0, Sum:  0.0, Workers: 6
[49.122s][debug  ][gc,phases      ] GC(172)     Dead                           Min: 0, Avg:  0.0, Max: 0, Diff: 0, Sum: 0, Workers: 6
[49.122s][debug  ][gc,phases      ] GC(172)     Total                          Min: 0, Avg:  0.0, Max: 0, Diff: 0, Sum: 0, Workers: 6
[49.122s][debug  ][gc,phases      ] GC(172)   StringDedup Requests1 Weak     Min:  0.0, Avg:  0.0, Max:  0.0, Diff:  0.0, Sum:  0.0, Workers: 6
[49.122s][debug  ][gc,phases      ] GC(172)     Dead                           Min: 0, Avg:  0.0, Max: 0, Diff: 0, Sum: 0, Workers: 6
[49.122s][debug  ][gc,phases      ] GC(172)     Total                          Min: 0, Avg:  0.0, Max: 0, Diff: 0, Sum: 0, Workers: 6
[49.122s][debug  ][gc,phases      ] GC(172)   Weak JFR Old Object Samples    Min:  0.0, Avg:  0.0, Max:  0.0, Diff:  0.0, Sum:  0.0, Workers: 6
[49.122s][debug  ][gc,phases      ] GC(172)     Dead                           Min: 0, Avg:  0.0, Max: 0, Diff: 0, Sum: 0, Workers: 6
[49.122s][debug  ][gc,phases      ] GC(172)     Total                          Min: 0, Avg:  0.0, Max: 0, Diff: 0, Sum: 0, Workers: 6
[49.122s][debug  ][gc,phases      ] GC(172) Weak Processing 0.693ms
[49.122s][debug  ][gc,ergo        ] GC(172) AdaptiveSizeStart:  collection: 173 
[49.122s][debug  ][gc,ergo        ] GC(172) avg_survived_padded_avg: 31571966.000000
[49.122s][debug  ][gc,ergo        ] GC(172) avg_promoted_padded_avg: 269019904.000000  avg_pretenured_padded_avg: 0.000000  tenuring_thresh: 1  target_size: 31981568
[49.122s][debug  ][gc,age         ] GC(172) Desired survivor size 31981568 bytes, new threshold 1 (max threshold 15)
[49.122s][debug  ][gc,ergo        ] GC(172) PSAdaptiveSizePolicy::compute_eden_space_size limits: desired_eden_size: 235054704 old_eden_size: 204472320 eden_limit: 204472320 cur_eden: 204472320 max_eden_size: 204472320 avg_young_live: 29978318
[49.122s][debug  ][gc,ergo        ] GC(172) PSAdaptiveSizePolicy::compute_eden_space_size: costs minor_time: 0.051637 major_cost: 0.017411 mutator_cost: 0.930952 throughput_goal: 0.990000
[49.122s][debug  ][gc,ergo        ] GC(172) Live_space: 814738304 free_space: 2230321152
[49.122s][debug  ][gc,ergo        ] GC(172) Old eden_size: 204472320 desired_eden_size: 204472320
[49.122s][debug  ][gc,ergo        ] GC(172) AdaptiveSizeStop: collection: 173 
[49.122s][info   ][gc,heap        ] GC(172) PSYoungGen: 229193K(230912K)->30720K(230912K) Eden: 198473K(199680K)->0K(199680K) From: 30720K(31232K)->30720K(31232K)
[49.122s][info   ][gc,heap        ] GC(172) ParOldGen: 2182758K(2860544K)->2377318K(2860544K)
[49.122s][info   ][gc,metaspace   ] GC(172) Metaspace: 1024K(1216K)->1024K(1216K) NonClass: 941K(1024K)->941K(1024K) Class: 83K(192K)->83K(192K)
[49.123s][info   ][gc             ] GC(172) Pause Young (Allocation Failure) 2355M->2351M(3019M) 18.377ms
[49.123s][info   ][gc,cpu         ] GC(172) User=0.14s Sys=0.02s Real=0.02s
[49.123s][debug  ][gc,heap        ] GC(172) Heap after GC invocations=173 (full 19):
[49.123s][debug  ][gc,heap        ] GC(172)  PSYoungGen      total 230912K, used 30720K [0x00000007f0000000, 0x0000000800000000, 0x0000000800000000)
[49.123s][debug  ][gc,heap        ] GC(172)   eden space 199680K, 0% used [0x00000007f0000000,0x00000007f0000000,0x00000007fc300000)
[49.123s][debug  ][gc,heap        ] GC(172)   from space 31232K, 98% used [0x00000007fc300000,0x00000007fe100030,0x00000007fe180000)
[49.123s][debug  ][gc,heap        ] GC(172)   to   space 31232K, 0% used [0x00000007fe180000,0x00000007fe180000,0x0000000800000000)
[49.123s][debug  ][gc,heap        ] GC(172)  ParOldGen       total 2860544K, used 2377318K [0x0000000740000000, 0x00000007ee980000, 0x00000007f0000000)
[49.123s][debug  ][gc,heap        ] GC(172)   object space 2860544K, 83% used [0x0000000740000000,0x00000007d1199a78,0x00000007ee980000)
[49.123s][debug  ][gc,heap        ] GC(172)  Metaspace       used 1024K, committed 1216K, reserved 1056768K
[49.123s][debug  ][gc,heap        ] GC(172)   class space    used 83K, committed 192K, reserved 1048576K
[49.123s][debug  ][gc,task,time   ] GC(172) VM-Thread 491038438 491208860 491227667
[49.419s][debug  ][gc,heap        ] GC(173) Heap before GC invocations=174 (full 19):
[49.419s][debug  ][gc,heap        ] GC(173)  PSYoungGen      total 230912K, used 229193K [0x00000007f0000000, 0x0000000800000000, 0x0000000800000000)
[49.419s][debug  ][gc,heap        ] GC(173)   eden space 199680K, 99% used [0x00000007f0000000,0x00000007fc1d2710,0x00000007fc300000)
[49.419s][debug  ][gc,heap        ] GC(173)   from space 31232K, 98% used [0x00000007fc300000,0x00000007fe100030,0x00000007fe180000)
[49.419s][debug  ][gc,heap        ] GC(173)   to   space 31232K, 0% used [0x00000007fe180000,0x00000007fe180000,0x0000000800000000)
[49.419s][debug  ][gc,heap        ] GC(173)  ParOldGen       total 2860544K, used 2377318K [0x0000000740000000, 0x00000007ee980000, 0x00000007f0000000)
[49.419s][debug  ][gc,heap        ] GC(173)   object space 2860544K, 83% used [0x0000000740000000,0x00000007d1199a78,0x00000007ee980000)
[49.419s][debug  ][gc,heap        ] GC(173)  Metaspace       used 1024K, committed 1216K, reserved 1056768K
[49.419s][debug  ][gc,heap        ] GC(173)   class space    used 83K, committed 192K, reserved 1048576K
[49.419s][debug  ][gc,tlab        ] GC(173) TLAB totals: thrds: 1  refills: 1 max: 1 slow allocs: 18 max 18 waste: 27.7% gc: 4007392B max: 4007392B slow: 0B max: 0B
[49.419s][info   ][gc,start       ] GC(173) Pause Young (Allocation Failure)
[49.419s][debug  ][gc,phases,start] GC(173) Scavenge
[49.438s][debug  ][gc,phases      ] GC(173) Scavenge 18.558ms
[49.438s][debug  ][gc,phases,start] GC(173) Reference Processing
[49.438s][debug  ][gc,ref         ] GC(173) Skipped phase 1 of Reference Processing: no references
[49.438s][debug  ][gc,ref         ] GC(173) Skipped phase 2 of Reference Processing: no references
[49.438s][debug  ][gc,ref         ] GC(173) Skipped phase 3 of Reference Processing: no references
[49.438s][debug  ][gc,ref         ] GC(173) Skipped phase 4 of Reference Processing: no references
[49.438s][debug  ][gc,phases,ref  ] GC(173) Reference Processing: 0.1ms
[49.438s][debug  ][gc,phases,ref  ] GC(173)   Reconsider SoftReferences: 0.0ms
[49.438s][debug  ][gc,phases,ref  ] GC(173)     SoftRef (ms):                  skipped
[49.438s][debug  ][gc,phases,ref  ] GC(173)   Notify Soft/WeakReferences: 0.0ms
[49.438s][debug  ][gc,phases,ref  ] GC(173)     SoftRef (ms):                  skipped
[49.438s][debug  ][gc,phases,ref  ] GC(173)     WeakRef (ms):                  skipped
[49.438s][debug  ][gc,phases,ref  ] GC(173)     FinalRef (ms):                 skipped
[49.438s][debug  ][gc,phases,ref  ] GC(173)     Total (ms):                    skipped
[49.438s][debug  ][gc,phases,ref  ] GC(173)   Notify and keep alive finalizable: 0.0ms
[49.438s][debug  ][gc,phases,ref  ] GC(173)     FinalRef (ms):                 skipped
[49.438s][debug  ][gc,phases,ref  ] GC(173)   Notify PhantomReferences: 0.0ms
[49.438s][debug  ][gc,phases,ref  ] GC(173)     PhantomRef (ms):               skipped
[49.438s][debug  ][gc,phases,ref  ] GC(173)   SoftReference:
[49.438s][debug  ][gc,phases,ref  ] GC(173)     Discovered: 0
[49.438s][debug  ][gc,phases,ref  ] GC(173)     Cleared: 0
[49.438s][debug  ][gc,phases,ref  ] GC(173)   WeakReference:
[49.438s][debug  ][gc,phases,ref  ] GC(173)     Discovered: 0
[49.438s][debug  ][gc,phases,ref  ] GC(173)     Cleared: 0
[49.438s][debug  ][gc,phases,ref  ] GC(173)   FinalReference:
[49.438s][debug  ][gc,phases,ref  ] GC(173)     Discovered: 0
[49.438s][debug  ][gc,phases,ref  ] GC(173)     Cleared: 0
[49.438s][debug  ][gc,phases,ref  ] GC(173)   PhantomReference:
[49.438s][debug  ][gc,phases,ref  ] GC(173)     Discovered: 0
[49.438s][debug  ][gc,phases,ref  ] GC(173)     Cleared: 0
[49.438s][debug  ][gc,phases      ] GC(173) Reference Processing 0.568ms
[49.438s][debug  ][gc,phases,start] GC(173) Weak Processing
[49.438s][debug  ][gc,phases      ] GC(173)   VM Weak                        Min:  0.0, Avg:  0.0, Max:  0.0, Diff:  0.0, Sum:  0.0, Workers: 6
[49.438s][debug  ][gc,phases      ] GC(173)     Dead                           Min: 0, Avg:  0.0, Max: 0, Diff: 0, Sum: 0, Workers: 6
[49.439s][debug  ][gc,phases      ] GC(173)     Total                          Min: 0, Avg:  1.3, Max: 8, Diff: 8, Sum: 8, Workers: 6
[49.439s][debug  ][gc,phases      ] GC(173)   ObjectSynchronizer Weak        Min:  0.0, Avg:  0.0, Max:  0.0, Diff:  0.0, Sum:  0.0, Workers: 6
[49.439s][debug  ][gc,phases      ] GC(173)     Dead                           Min: 0, Avg:  0.0, Max: 0, Diff: 0, Sum: 0, Workers: 6
[49.439s][debug  ][gc,phases      ] GC(173)     Total                          Min: 0, Avg:  0.5, Max: 3, Diff: 3, Sum: 3, Workers: 6
[49.439s][debug  ][gc,phases      ] GC(173)   JVMTI Tag Weak OopStorage      Min:  0.0, Avg:  0.0, Max:  0.0, Diff:  0.0, Sum:  0.0, Workers: 6
[49.439s][debug  ][gc,phases      ] GC(173)     Dead                           Min: 0, Avg:  0.0, Max: 0, Diff: 0, Sum: 0, Workers: 6
[49.439s][debug  ][gc,phases      ] GC(173)     Total                          Min: 0, Avg:  0.0, Max: 0, Diff: 0, Sum: 0, Workers: 6
[49.439s][debug  ][gc,phases      ] GC(173)   StringTable Weak               Min:  0.0, Avg:  0.0, Max:  0.0, Diff:  0.0, Sum:  0.0, Workers: 6
[49.439s][debug  ][gc,phases      ] GC(173)     Dead                           Min: 0, Avg:  0.0, Max: 0, Diff: 0, Sum: 0, Workers: 6
[49.439s][debug  ][gc,phases      ] GC(173)     Total                          Min: 767, Avg: 892.5, Max: 1132, Diff: 365, Sum: 5355, Workers: 6
[49.439s][debug  ][gc,phases      ] GC(173)   ResolvedMethodTable Weak       Min:  0.0, Avg:  0.0, Max:  0.0, Diff:  0.0, Sum:  0.0, Workers: 6
[49.439s][debug  ][gc,phases      ] GC(173)     Dead                           Min: 0, Avg:  0.0, Max: 0, Diff: 0, Sum: 0, Workers: 6
[49.439s][debug  ][gc,phases      ] GC(173)     Total                          Min: 0, Avg: 21.7, Max: 64, Diff: 64, Sum: 130, Workers: 6
[49.439s][debug  ][gc,phases      ] GC(173)   JNI Weak                       Min:  0.0, Avg:  0.0, Max:  0.0, Diff:  0.0, Sum:  0.0, Workers: 6
[49.439s][debug  ][gc,phases      ] GC(173)     Dead                           Min: 0, Avg:  0.0, Max: 0, Diff: 0, Sum: 0, Workers: 6
[49.439s][debug  ][gc,phases      ] GC(173)     Total                          Min: 0, Avg:  0.0, Max: 0, Diff: 0, Sum: 0, Workers: 6
[49.439s][debug  ][gc,phases      ] GC(173)   StringDedup Table Weak         Min:  0.0, Avg:  0.0, Max:  0.0, Diff:  0.0, Sum:  0.0, Workers: 6
[49.439s][debug  ][gc,phases      ] GC(173)     Dead                           Min: 0, Avg:  0.0, Max: 0, Diff: 0, Sum: 0, Workers: 6
[49.439s][debug  ][gc,phases      ] GC(173)     Total                          Min: 0, Avg:  0.0, Max: 0, Diff: 0, Sum: 0, Workers: 6
[49.439s][debug  ][gc,phases      ] GC(173)   StringDedup Requests0 Weak     Min:  0.0, Avg:  0.0, Max:  0.0, Diff:  0.0, Sum:  0.0, Workers: 6
[49.439s][debug  ][gc,phases      ] GC(173)     Dead                           Min: 0, Avg:  0.0, Max: 0, Diff: 0, Sum: 0, Workers: 6
[49.439s][debug  ][gc,phases      ] GC(173)     Total                          Min: 0, Avg:  0.0, Max: 0, Diff: 0, Sum: 0, Workers: 6
[49.439s][debug  ][gc,phases      ] GC(173)   StringDedup Requests1 Weak     Min:  0.0, Avg:  0.0, Max:  0.0, Diff:  0.0, Sum:  0.0, Workers: 6
[49.439s][debug  ][gc,phases      ] GC(173)     Dead                           Min: 0, Avg:  0.0, Max: 0, Diff: 0, Sum: 0, Workers: 6
[49.439s][debug  ][gc,phases      ] GC(173)     Total                          Min: 0, Avg:  0.0, Max: 0, Diff: 0, Sum: 0, Workers: 6
[49.439s][debug  ][gc,phases      ] GC(173)   Weak JFR Old Object Samples    Min:  0.0, Avg:  0.0, Max:  0.0, Diff:  0.0, Sum:  0.0, Workers: 6
[49.439s][debug  ][gc,phases      ] GC(173)     Dead                           Min: 0, Avg:  0.0, Max: 0, Diff: 0, Sum: 0, Workers: 6
[49.439s][debug  ][gc,phases      ] GC(173)     Total                          Min: 0, Avg:  0.0, Max: 0, Diff: 0, Sum: 0, Workers: 6
[49.439s][debug  ][gc,phases      ] GC(173) Weak Processing 0.827ms
[49.439s][debug  ][gc,ergo        ] GC(173) AdaptiveSizeStart:  collection: 174 
[49.439s][debug  ][gc,ergo        ] GC(173) avg_survived_padded_avg: 31562118.000000
[49.439s][debug  ][gc,ergo        ] GC(173) avg_promoted_padded_avg: 268254560.000000  avg_pretenured_padded_avg: 0.000000  tenuring_thresh: 1  target_size: 31981568
[49.439s][debug  ][gc,age         ] GC(173) Desired survivor size 31981568 bytes, new threshold 1 (max threshold 15)
[49.439s][debug  ][gc,ergo        ] GC(173) PSAdaptiveSizePolicy::compute_eden_space_size limits: desired_eden_size: 235472485 old_eden_size: 204472320 eden_limit: 204472320 cur_eden: 204472320 max_eden_size: 204472320 avg_young_live: 30126218
[49.439s][debug  ][gc,ergo        ] GC(173) PSAdaptiveSizePolicy::compute_eden_space_size: costs minor_time: 0.054552 major_cost: 0.017411 mutator_cost: 0.928036 throughput_goal: 0.990000
[49.439s][debug  ][gc,ergo        ] GC(173) Live_space: 814886272 free_space: 2230321152
[49.439s][debug  ][gc,ergo        ] GC(173) Old eden_size: 204472320 desired_eden_size: 204472320
[49.439s][debug  ][gc,ergo        ] GC(173) AdaptiveSizeStop: collection: 174 
[49.439s][info   ][gc,heap        ] GC(173) PSYoungGen: 229193K(230912K)->30720K(230912K) Eden: 198473K(199680K)->0K(199680K) From: 30720K(31232K)->30720K(31232K)
[49.439s][info   ][gc,heap        ] GC(173) ParOldGen: 2377318K(2860544K)->2571878K(2860544K)
[49.440s][info   ][gc,metaspace   ] GC(173) Metaspace: 1024K(1216K)->1024K(1216K) NonClass: 941K(1024K)->941K(1024K) Class: 83K(192K)->83K(192K)
[49.440s][info   ][gc             ] GC(173) Pause Young (Allocation Failure) 2545M->2541M(3019M) 20.418ms
[49.440s][info   ][gc,cpu         ] GC(173) User=0.06s Sys=0.09s Real=0.02s
[49.440s][debug  ][gc,heap        ] GC(173) Heap after GC invocations=174 (full 19):
[49.440s][debug  ][gc,heap        ] GC(173)  PSYoungGen      total 230912K, used 30720K [0x00000007f0000000, 0x0000000800000000, 0x0000000800000000)
[49.440s][debug  ][gc,heap        ] GC(173)   eden space 199680K, 0% used [0x00000007f0000000,0x00000007f0000000,0x00000007fc300000)
[49.440s][debug  ][gc,heap        ] GC(173)   from space 31232K, 98% used [0x00000007fe180000,0x00000007fff80030,0x0000000800000000)
[49.440s][debug  ][gc,heap        ] GC(173)   to   space 31232K, 0% used [0x00000007fc300000,0x00000007fc300000,0x00000007fe180000)
[49.440s][debug  ][gc,heap        ] GC(173)  ParOldGen       total 2860544K, used 2571878K [0x0000000740000000, 0x00000007ee980000, 0x00000007f0000000)
[49.440s][debug  ][gc,heap        ] GC(173)   object space 2860544K, 89% used [0x0000000740000000,0x00000007dcf99ba8,0x00000007ee980000)
[49.440s][debug  ][gc,heap        ] GC(173)  Metaspace       used 1024K, committed 1216K, reserved 1056768K
[49.440s][debug  ][gc,heap        ] GC(173)   class space    used 83K, committed 192K, reserved 1048576K
[49.440s][debug  ][gc,task,time   ] GC(173) VM-Thread 494187306 494377962 494398000
[49.736s][debug  ][gc,heap        ] GC(174) Heap before GC invocations=175 (full 19):
[49.736s][debug  ][gc,heap        ] GC(174)  PSYoungGen      total 230912K, used 229194K [0x00000007f0000000, 0x0000000800000000, 0x0000000800000000)
[49.737s][debug  ][gc,heap        ] GC(174)   eden space 199680K, 99% used [0x00000007f0000000,0x00000007fc1d2900,0x00000007fc300000)
[49.737s][debug  ][gc,heap        ] GC(174)   from space 31232K, 98% used [0x00000007fe180000,0x00000007fff80030,0x0000000800000000)
[49.737s][debug  ][gc,heap        ] GC(174)   to   space 31232K, 0% used [0x00000007fc300000,0x00000007fc300000,0x00000007fe180000)
[49.737s][debug  ][gc,heap        ] GC(174)  ParOldGen       total 2860544K, used 2571878K [0x0000000740000000, 0x00000007ee980000, 0x00000007f0000000)
[49.737s][debug  ][gc,heap        ] GC(174)   object space 2860544K, 89% used [0x0000000740000000,0x00000007dcf99ba8,0x00000007ee980000)
[49.737s][debug  ][gc,heap        ] GC(174)  Metaspace       used 1024K, committed 1216K, reserved 1056768K
[49.737s][debug  ][gc,heap        ] GC(174)   class space    used 83K, committed 192K, reserved 1048576K
[49.737s][debug  ][gc,tlab        ] GC(174) TLAB totals: thrds: 1  refills: 1 max: 1 slow allocs: 18 max 18 waste: 27.7% gc: 4007888B max: 4007888B slow: 0B max: 0B
[49.737s][info   ][gc,start       ] GC(174) Pause Young (Allocation Failure)
[49.737s][debug  ][gc,phases,start] GC(174) Scavenge
[49.756s][debug  ][gc,phases      ] GC(174) Scavenge 19.553ms
[49.756s][debug  ][gc,phases,start] GC(174) Reference Processing
[49.757s][debug  ][gc,ref         ] GC(174) Skipped phase 1 of Reference Processing: no references
[49.757s][debug  ][gc,ref         ] GC(174) Skipped phase 2 of Reference Processing: no references
[49.757s][debug  ][gc,ref         ] GC(174) Skipped phase 3 of Reference Processing: no references
[49.757s][debug  ][gc,ref         ] GC(174) Skipped phase 4 of Reference Processing: no references
[49.757s][debug  ][gc,phases,ref  ] GC(174) Reference Processing: 0.1ms
[49.757s][debug  ][gc,phases,ref  ] GC(174)   Reconsider SoftReferences: 0.0ms
[49.757s][debug  ][gc,phases,ref  ] GC(174)     SoftRef (ms):                  skipped
[49.757s][debug  ][gc,phases,ref  ] GC(174)   Notify Soft/WeakReferences: 0.0ms
[49.757s][debug  ][gc,phases,ref  ] GC(174)     SoftRef (ms):                  skipped
[49.757s][debug  ][gc,phases,ref  ] GC(174)     WeakRef (ms):                  skipped
[49.757s][debug  ][gc,phases,ref  ] GC(174)     FinalRef (ms):                 skipped
[49.757s][debug  ][gc,phases,ref  ] GC(174)     Total (ms):                    skipped
[49.757s][debug  ][gc,phases,ref  ] GC(174)   Notify and keep alive finalizable: 0.0ms
[49.757s][debug  ][gc,phases,ref  ] GC(174)     FinalRef (ms):                 skipped
[49.757s][debug  ][gc,phases,ref  ] GC(174)   Notify PhantomReferences: 0.0ms
[49.757s][debug  ][gc,phases,ref  ] GC(174)     PhantomRef (ms):               skipped
[49.757s][debug  ][gc,phases,ref  ] GC(174)   SoftReference:
[49.757s][debug  ][gc,phases,ref  ] GC(174)     Discovered: 0
[49.757s][debug  ][gc,phases,ref  ] GC(174)     Cleared: 0
[49.757s][debug  ][gc,phases,ref  ] GC(174)   WeakReference:
[49.757s][debug  ][gc,phases,ref  ] GC(174)     Discovered: 0
[49.757s][debug  ][gc,phases,ref  ] GC(174)     Cleared: 0
[49.757s][debug  ][gc,phases,ref  ] GC(174)   FinalReference:
[49.757s][debug  ][gc,phases,ref  ] GC(174)     Discovered: 0
[49.757s][debug  ][gc,phases,ref  ] GC(174)     Cleared: 0
[49.757s][debug  ][gc,phases,ref  ] GC(174)   PhantomReference:
[49.757s][debug  ][gc,phases,ref  ] GC(174)     Discovered: 0
[49.757s][debug  ][gc,phases,ref  ] GC(174)     Cleared: 0
[49.757s][debug  ][gc,phases      ] GC(174) Reference Processing 0.645ms
[49.757s][debug  ][gc,phases,start] GC(174) Weak Processing
[49.757s][debug  ][gc,phases      ] GC(174)   VM Weak                        Min:  0.0, Avg:  0.0, Max:  0.0, Diff:  0.0, Sum:  0.0, Workers: 6
[49.757s][debug  ][gc,phases      ] GC(174)     Dead                           Min: 0, Avg:  0.0, Max: 0, Diff: 0, Sum: 0, Workers: 6
[49.757s][debug  ][gc,phases      ] GC(174)     Total                          Min: 0, Avg:  1.3, Max: 8, Diff: 8, Sum: 8, Workers: 6
[49.757s][debug  ][gc,phases      ] GC(174)   ObjectSynchronizer Weak        Min:  0.0, Avg:  0.0, Max:  0.0, Diff:  0.0, Sum:  0.0, Workers: 6
[49.757s][debug  ][gc,phases      ] GC(174)     Dead                           Min: 0, Avg:  0.0, Max: 0, Diff: 0, Sum: 0, Workers: 6
[49.757s][debug  ][gc,phases      ] GC(174)     Total                          Min: 0, Avg:  0.5, Max: 3, Diff: 3, Sum: 3, Workers: 6
[49.757s][debug  ][gc,phases      ] GC(174)   JVMTI Tag Weak OopStorage      Min:  0.0, Avg:  0.0, Max:  0.0, Diff:  0.0, Sum:  0.0, Workers: 6
[49.757s][debug  ][gc,phases      ] GC(174)     Dead                           Min: 0, Avg:  0.0, Max: 0, Diff: 0, Sum: 0, Workers: 6
[49.757s][debug  ][gc,phases      ] GC(174)     Total                          Min: 0, Avg:  0.0, Max: 0, Diff: 0, Sum: 0, Workers: 6
[49.757s][debug  ][gc,phases      ] GC(174)   StringTable Weak               Min:  0.0, Avg:  0.0, Max:  0.0, Diff:  0.0, Sum:  0.0, Workers: 6
[49.757s][debug  ][gc,phases      ] GC(174)     Dead                           Min: 0, Avg:  0.0, Max: 0, Diff: 0, Sum: 0, Workers: 6
[49.757s][debug  ][gc,phases      ] GC(174)     Total                          Min: 704, Avg: 892.5, Max: 1216, Diff: 512, Sum: 5355, Workers: 6
[49.757s][debug  ][gc,phases      ] GC(174)   ResolvedMethodTable Weak       Min:  0.0, Avg:  0.0, Max:  0.0, Diff:  0.0, Sum:  0.0, Workers: 6
[49.758s][debug  ][gc,phases      ] GC(174)     Dead                           Min: 0, Avg:  0.0, Max: 0, Diff: 0, Sum: 0, Workers: 6
[49.758s][debug  ][gc,phases      ] GC(174)     Total                          Min: 0, Avg: 21.7, Max: 64, Diff: 64, Sum: 130, Workers: 6
[49.758s][debug  ][gc,phases      ] GC(174)   JNI Weak                       Min:  0.0, Avg:  0.0, Max:  0.0, Diff:  0.0, Sum:  0.0, Workers: 6
[49.758s][debug  ][gc,phases      ] GC(174)     Dead                           Min: 0, Avg:  0.0, Max: 0, Diff: 0, Sum: 0, Workers: 6
[49.758s][debug  ][gc,phases      ] GC(174)     Total                          Min: 0, Avg:  0.0, Max: 0, Diff: 0, Sum: 0, Workers: 6
[49.758s][debug  ][gc,phases      ] GC(174)   StringDedup Table Weak         Min:  0.0, Avg:  0.0, Max:  0.0, Diff:  0.0, Sum:  0.0, Workers: 6
[49.758s][debug  ][gc,phases      ] GC(174)     Dead                           Min: 0, Avg:  0.0, Max: 0, Diff: 0, Sum: 0, Workers: 6
[49.758s][debug  ][gc,phases      ] GC(174)     Total                          Min: 0, Avg:  0.0, Max: 0, Diff: 0, Sum: 0, Workers: 6
[49.758s][debug  ][gc,phases      ] GC(174)   StringDedup Requests0 Weak     Min:  0.0, Avg:  0.0, Max:  0.0, Diff:  0.0, Sum:  0.0, Workers: 6
[49.758s][debug  ][gc,phases      ] GC(174)     Dead                           Min: 0, Avg:  0.0, Max: 0, Diff: 0, Sum: 0, Workers: 6
[49.758s][debug  ][gc,phases      ] GC(174)     Total                          Min: 0, Avg:  0.0, Max: 0, Diff: 0, Sum: 0, Workers: 6
[49.758s][debug  ][gc,phases      ] GC(174)   StringDedup Requests1 Weak     Min:  0.0, Avg:  0.0, Max:  0.0, Diff:  0.0, Sum:  0.0, Workers: 6
[49.758s][debug  ][gc,phases      ] GC(174)     Dead                           Min: 0, Avg:  0.0, Max: 0, Diff: 0, Sum: 0, Workers: 6
[49.758s][debug  ][gc,phases      ] GC(174)     Total                          Min: 0, Avg:  0.0, Max: 0, Diff: 0, Sum: 0, Workers: 6
[49.758s][debug  ][gc,phases      ] GC(174)   Weak JFR Old Object Samples    Min:  0.0, Avg:  0.0, Max:  0.0, Diff:  0.0, Sum:  0.0, Workers: 6
[49.758s][debug  ][gc,phases      ] GC(174)     Dead                           Min: 0, Avg:  0.0, Max: 0, Diff: 0, Sum: 0, Workers: 6
[49.758s][debug  ][gc,phases      ] GC(174)     Total                          Min: 0, Avg:  0.0, Max: 0, Diff: 0, Sum: 0, Workers: 6
[49.758s][debug  ][gc,phases      ] GC(174) Weak Processing 0.691ms
[49.758s][debug  ][gc,ergo        ] GC(174) AdaptiveSizeStart:  collection: 175 
[49.758s][debug  ][gc,ergo        ] GC(174) avg_survived_padded_avg: 31553092.000000
[49.758s][debug  ][gc,ergo        ] GC(174) avg_promoted_padded_avg: 266944384.000000  avg_pretenured_padded_avg: 0.000000  tenuring_thresh: 1  target_size: 31981568
[49.758s][debug  ][gc,age         ] GC(174) Desired survivor size 31981568 bytes, new threshold 1 (max threshold 15)
[49.758s][debug  ][gc,ergo        ] GC(174) PSAdaptiveSizePolicy::compute_eden_space_size limits: desired_eden_size: 235848933 old_eden_size: 204472320 eden_limit: 204472320 cur_eden: 204472320 max_eden_size: 204472320 avg_young_live: 30259330
[49.758s][debug  ][gc,ergo        ] GC(174) PSAdaptiveSizePolicy::compute_eden_space_size: costs minor_time: 0.057399 major_cost: 0.017411 mutator_cost: 0.925190 throughput_goal: 0.990000
[49.758s][debug  ][gc,ergo        ] GC(174) Live_space: 815019392 free_space: 2230321152
[49.758s][debug  ][gc,ergo        ] GC(174) Old eden_size: 204472320 desired_eden_size: 204472320
[49.758s][debug  ][gc,ergo        ] GC(174) AdaptiveSizeStop: collection: 175 
[49.758s][info   ][gc,heap        ] GC(174) PSYoungGen: 229194K(230912K)->30720K(230912K) Eden: 198474K(199680K)->0K(199680K) From: 30720K(31232K)->30720K(31232K)
[49.758s][info   ][gc,heap        ] GC(174) ParOldGen: 2571878K(2860544K)->2766439K(2860544K)
[49.758s][info   ][gc,metaspace   ] GC(174) Metaspace: 1024K(1216K)->1024K(1216K) NonClass: 941K(1024K)->941K(1024K) Class: 83K(192K)->83K(192K)
[49.758s][info   ][gc             ] GC(174) Pause Young (Allocation Failure) 2735M->2731M(3019M) 21.391ms
[49.758s][info   ][gc,cpu         ] GC(174) User=0.11s Sys=0.12s Real=0.02s
[49.758s][debug  ][gc,heap        ] GC(174) Heap after GC invocations=175 (full 19):
[49.758s][debug  ][gc,heap        ] GC(174)  PSYoungGen      total 230912K, used 30720K [0x00000007f0000000, 0x0000000800000000, 0x0000000800000000)
[49.758s][debug  ][gc,heap        ] GC(174)   eden space 199680K, 0% used [0x00000007f0000000,0x00000007f0000000,0x00000007fc300000)
[49.758s][debug  ][gc,heap        ] GC(174)   from space 31232K, 98% used [0x00000007fc300000,0x00000007fe100030,0x00000007fe180000)
[49.758s][debug  ][gc,heap        ] GC(174)   to   space 31232K, 0% used [0x00000007fe180000,0x00000007fe180000,0x0000000800000000)
[49.758s][debug  ][gc,heap        ] GC(174)  ParOldGen       total 2860544K, used 2766439K [0x0000000740000000, 0x00000007ee980000, 0x00000007f0000000)
[49.758s][debug  ][gc,heap        ] GC(174)   object space 2860544K, 96% used [0x0000000740000000,0x00000007e8d99cd8,0x00000007ee980000)
[49.758s][debug  ][gc,heap        ] GC(174)  Metaspace       used 1024K, committed 1216K, reserved 1056768K
[49.758s][debug  ][gc,heap        ] GC(174)   class space    used 83K, committed 192K, reserved 1048576K
[49.758s][debug  ][gc,task,time   ] GC(174) VM-Thread 497363555 497564893 497584436
[49.758s][debug  ][gc,phases,start] GC(175) Pre Compact
[49.758s][debug  ][gc,heap        ] GC(175) Heap before GC invocations=176 (full 20):
[49.759s][debug  ][gc,heap        ] GC(175)  PSYoungGen      total 230912K, used 30720K [0x00000007f0000000, 0x0000000800000000, 0x0000000800000000)
[49.759s][debug  ][gc,heap        ] GC(175)   eden space 199680K, 0% used [0x00000007f0000000,0x00000007f0000000,0x00000007fc300000)
[49.759s][debug  ][gc,heap        ] GC(175)   from space 31232K, 98% used [0x00000007fc300000,0x00000007fe100030,0x00000007fe180000)
[49.759s][debug  ][gc,heap        ] GC(175)   to   space 31232K, 0% used [0x00000007fe180000,0x00000007fe180000,0x0000000800000000)
[49.759s][debug  ][gc,heap        ] GC(175)  ParOldGen       total 2860544K, used 2766439K [0x0000000740000000, 0x00000007ee980000, 0x00000007f0000000)
[49.759s][debug  ][gc,heap        ] GC(175)   object space 2860544K, 96% used [0x0000000740000000,0x00000007e8d99cd8,0x00000007ee980000)
[49.759s][debug  ][gc,heap        ] GC(175)  Metaspace       used 1024K, committed 1216K, reserved 1056768K
[49.759s][debug  ][gc,heap        ] GC(175)   class space    used 83K, committed 192K, reserved 1048576K
[49.759s][debug  ][gc,phases      ] GC(175) Pre Compact 0.203ms
[49.759s][info   ][gc,start       ] GC(175) Pause Full (Ergonomics)
[49.759s][info   ][gc,phases,start] GC(175) Marking Phase
[49.759s][debug  ][gc,phases,start] GC(175) Par Mark
[49.759s][debug  ][gc,phases      ] GC(175) Par Mark 0.528ms
[49.759s][debug  ][gc,phases,start] GC(175) Reference Processing
[49.759s][debug  ][gc,ref         ] GC(175) Skipped phase 1 of Reference Processing: no references
[49.759s][debug  ][gc,ref         ] GC(175) ReferenceProcessor::execute queues: 1, RefProcThreadModel::Single, marks_oops_alive: false
[49.759s][debug  ][gc,ref         ] GC(175) Skipped phase 3 of Reference Processing: no references
[49.759s][debug  ][gc,ref         ] GC(175) ReferenceProcessor::execute queues: 1, RefProcThreadModel::Single, marks_oops_alive: false
[49.759s][debug  ][gc,phases,ref  ] GC(175) Reference Processing: 0.1ms
[49.759s][debug  ][gc,phases,ref  ] GC(175)   Reconsider SoftReferences: 0.0ms
[49.760s][debug  ][gc,phases,ref  ] GC(175)     SoftRef (ms):                  skipped
[49.760s][debug  ][gc,phases,ref  ] GC(175)   Notify Soft/WeakReferences: 0.0ms
[49.760s][debug  ][gc,phases,ref  ] GC(175)     SoftRef (ms):                  Min:  0.0, Avg:  0.0, Max:  0.0, Diff:  0.0, Sum:  0.0, Workers: 10
[49.760s][debug  ][gc,phases,ref  ] GC(175)     WeakRef (ms):                  Min:  0.0, Avg:  0.0, Max:  0.0, Diff:  0.0, Sum:  0.0, Workers: 10
[49.760s][debug  ][gc,phases,ref  ] GC(175)     FinalRef (ms):                 Min:  0.0, Avg:  0.0, Max:  0.0, Diff:  0.0, Sum:  0.0, Workers: 10
[49.760s][debug  ][gc,phases,ref  ] GC(175)     Total (ms):                    Min:  0.0, Avg:  0.0, Max:  0.0, Diff:  0.0, Sum:  0.0, Workers: 10
[49.760s][debug  ][gc,phases,ref  ] GC(175)   Notify and keep alive finalizable: 0.0ms
[49.760s][debug  ][gc,phases,ref  ] GC(175)     FinalRef (ms):                 skipped
[49.760s][debug  ][gc,phases,ref  ] GC(175)   Notify PhantomReferences: 0.0ms
[49.760s][debug  ][gc,phases,ref  ] GC(175)     PhantomRef (ms):               Min:  0.0, Avg:  0.0, Max:  0.0, Diff:  0.0, Sum:  0.0, Workers: 10
[49.760s][debug  ][gc,phases,ref  ] GC(175)   SoftReference:
[49.760s][debug  ][gc,phases,ref  ] GC(175)     Discovered: 0
[49.760s][debug  ][gc,phases,ref  ] GC(175)     Cleared: 0
[49.760s][debug  ][gc,phases,ref  ] GC(175)   WeakReference:
[49.760s][debug  ][gc,phases,ref  ] GC(175)     Discovered: 86
[49.760s][debug  ][gc,phases,ref  ] GC(175)     Cleared: 86
[49.760s][debug  ][gc,phases,ref  ] GC(175)   FinalReference:
[49.760s][debug  ][gc,phases,ref  ] GC(175)     Discovered: 0
[49.760s][debug  ][gc,phases,ref  ] GC(175)     Cleared: 0
[49.760s][debug  ][gc,phases,ref  ] GC(175)   PhantomReference:
[49.760s][debug  ][gc,phases,ref  ] GC(175)     Discovered: 5
[49.760s][debug  ][gc,phases,ref  ] GC(175)     Cleared: 5
[49.760s][debug  ][gc,phases      ] GC(175) Reference Processing 0.700ms
[49.760s][debug  ][gc,phases,start] GC(175) Weak Processing
[49.760s][debug  ][gc,phases      ] GC(175)   VM Weak                        Min:  0.0, Avg:  0.0, Max:  0.0, Diff:  0.0, Sum:  0.0, Workers: 6
[49.760s][debug  ][gc,phases      ] GC(175)     Dead                           Min: 0, Avg:  0.0, Max: 0, Diff: 0, Sum: 0, Workers: 6
[49.760s][debug  ][gc,phases      ] GC(175)     Total                          Min: 0, Avg:  1.3, Max: 8, Diff: 8, Sum: 8, Workers: 6
[49.760s][debug  ][gc,phases      ] GC(175)   ObjectSynchronizer Weak        Min:  0.0, Avg:  0.0, Max:  0.0, Diff:  0.0, Sum:  0.0, Workers: 6
[49.760s][debug  ][gc,phases      ] GC(175)     Dead                           Min: 0, Avg:  0.0, Max: 0, Diff: 0, Sum: 0, Workers: 6
[49.760s][debug  ][gc,phases      ] GC(175)     Total                          Min: 0, Avg:  0.5, Max: 3, Diff: 3, Sum: 3, Workers: 6
[49.760s][debug  ][gc,phases      ] GC(175)   JVMTI Tag Weak OopStorage      Min:  0.0, Avg:  0.0, Max:  0.0, Diff:  0.0, Sum:  0.0, Workers: 6
[49.760s][debug  ][gc,phases      ] GC(175)     Dead                           Min: 0, Avg:  0.0, Max: 0, Diff: 0, Sum: 0, Workers: 6
[49.760s][debug  ][gc,phases      ] GC(175)     Total                          Min: 0, Avg:  0.0, Max: 0, Diff: 0, Sum: 0, Workers: 6
[49.760s][debug  ][gc,phases      ] GC(175)   StringTable Weak               Min:  0.0, Avg:  0.0, Max:  0.0, Diff:  0.0, Sum:  0.0, Workers: 6
[49.760s][debug  ][gc,phases      ] GC(175)     Dead                           Min: 0, Avg:  0.0, Max: 0, Diff: 0, Sum: 0, Workers: 6
[49.760s][debug  ][gc,phases      ] GC(175)     Total                          Min: 703, Avg: 892.5, Max: 1344, Diff: 641, Sum: 5355, Workers: 6
[49.760s][debug  ][gc,phases      ] GC(175)   ResolvedMethodTable Weak       Min:  0.0, Avg:  0.0, Max:  0.0, Diff:  0.0, Sum:  0.0, Workers: 6
[49.760s][debug  ][gc,phases      ] GC(175)     Dead                           Min: 0, Avg:  0.0, Max: 0, Diff: 0, Sum: 0, Workers: 6
[49.760s][debug  ][gc,phases      ] GC(175)     Total                          Min: 0, Avg: 21.7, Max: 64, Diff: 64, Sum: 130, Workers: 6
[49.760s][debug  ][gc,phases      ] GC(175)   JNI Weak                       Min:  0.0, Avg:  0.0, Max:  0.0, Diff:  0.0, Sum:  0.0, Workers: 6
[49.760s][debug  ][gc,phases      ] GC(175)     Dead                           Min: 0, Avg:  0.0, Max: 0, Diff: 0, Sum: 0, Workers: 6
[49.760s][debug  ][gc,phases      ] GC(175)     Total                          Min: 0, Avg:  0.0, Max: 0, Diff: 0, Sum: 0, Workers: 6
[49.760s][debug  ][gc,phases      ] GC(175)   StringDedup Table Weak         Min:  0.0, Avg:  0.0, Max:  0.0, Diff:  0.0, Sum:  0.0, Workers: 6
[49.761s][debug  ][gc,phases      ] GC(175)     Dead                           Min: 0, Avg:  0.0, Max: 0, Diff: 0, Sum: 0, Workers: 6
[49.761s][debug  ][gc,phases      ] GC(175)     Total                          Min: 0, Avg:  0.0, Max: 0, Diff: 0, Sum: 0, Workers: 6
[49.761s][debug  ][gc,phases      ] GC(175)   StringDedup Requests0 Weak     Min:  0.0, Avg:  0.0, Max:  0.0, Diff:  0.0, Sum:  0.0, Workers: 6
[49.761s][debug  ][gc,phases      ] GC(175)     Dead                           Min: 0, Avg:  0.0, Max: 0, Diff: 0, Sum: 0, Workers: 6
[49.761s][debug  ][gc,phases      ] GC(175)     Total                          Min: 0, Avg:  0.0, Max: 0, Diff: 0, Sum: 0, Workers: 6
[49.761s][debug  ][gc,phases      ] GC(175)   StringDedup Requests1 Weak     Min:  0.0, Avg:  0.0, Max:  0.0, Diff:  0.0, Sum:  0.0, Workers: 6
[49.761s][debug  ][gc,phases      ] GC(175)     Dead                           Min: 0, Avg:  0.0, Max: 0, Diff: 0, Sum: 0, Workers: 6
[49.761s][debug  ][gc,phases      ] GC(175)     Total                          Min: 0, Avg:  0.0, Max: 0, Diff: 0, Sum: 0, Workers: 6
[49.761s][debug  ][gc,phases      ] GC(175)   Weak JFR Old Object Samples    Min:  0.0, Avg:  0.0, Max:  0.0, Diff:  0.0, Sum:  0.0, Workers: 6
[49.761s][debug  ][gc,phases      ] GC(175)     Dead                           Min: 0, Avg:  0.0, Max: 0, Diff: 0, Sum: 0, Workers: 6
[49.761s][debug  ][gc,phases      ] GC(175)     Total                          Min: 0, Avg:  0.0, Max: 0, Diff: 0, Sum: 0, Workers: 6
[49.761s][debug  ][gc,phases      ] GC(175) Weak Processing 0.737ms
[49.761s][debug  ][gc,phases,start] GC(175) Class Unloading
[49.761s][debug  ][gc,phases,start] GC(175) ClassLoaderData
[49.761s][debug  ][gc,phases      ] GC(175) ClassLoaderData 0.019ms
[49.761s][debug  ][gc,phases,start] GC(175) Trigger cleanups
[49.761s][debug  ][gc,phases      ] GC(175) Trigger cleanups 0.018ms
[49.761s][debug  ][gc,phases      ] GC(175) Class Unloading 0.254ms
[49.761s][info   ][gc,phases      ] GC(175) Marking Phase 2.357ms
[49.761s][info   ][gc,phases,start] GC(175) Summary Phase
[49.761s][info   ][gc,phases      ] GC(175) Summary Phase 0.051ms
[49.761s][info   ][gc,phases,start] GC(175) Adjust Roots
[49.761s][info   ][gc,phases      ] GC(175) Adjust Roots 0.165ms
[49.761s][info   ][gc,phases,start] GC(175) Compaction Phase
[49.859s][info   ][gc,phases      ] GC(175) Compaction Phase 97.815ms
[49.859s][info   ][gc,phases,start] GC(175) Post Compact
[49.868s][info   ][gc,phases      ] GC(175) Post Compact 8.889ms
[49.868s][debug  ][gc,ergo        ] GC(175) AdaptiveSizeStart: collection: 176 
[49.868s][debug  ][gc,ergo        ] GC(175) PSAdaptiveSizePolicy::compute_eden_space_size limits: desired_eden_size: 234784926 old_eden_size: 204472320 eden_limit: 204472320 cur_eden: 204472320 max_eden_size: 204472320 avg_young_live: 27233398
[49.868s][debug  ][gc,ergo        ] GC(175) PSAdaptiveSizePolicy::compute_eden_space_size: costs minor_time: 0.057399 major_cost: 0.020037 mutator_cost: 0.922564 throughput_goal: 0.990000
[49.868s][debug  ][gc,ergo        ] GC(175) Live_space: 811993472 free_space: 2230321152
[49.868s][debug  ][gc,ergo        ] GC(175) Old eden_size: 204472320 desired_eden_size: 204472320
[49.868s][debug  ][gc,ergo        ] GC(175) PSAdaptiveSizePolicy::compute_old_gen_free_space: costs minor_time: 0.057399 major_cost: 0.020037  mutator_cost: 0.922564 throughput_goal: 0.990000
[49.868s][debug  ][gc,ergo        ] GC(175) Live_space: 852803200 free_space: 2230321152
[49.868s][debug  ][gc,ergo        ] GC(175) Old promo_size: 2025848832 desired_promo_size: 2131230720
[49.869s][debug  ][gc             ] GC(175) Expanding ParOldGen from 2860544K by 23040K to 2883584K
[49.869s][debug  ][gc,ergo        ] GC(175) AdaptiveSizeStop: collection: 176 
[49.869s][info   ][gc,heap        ] GC(175) PSYoungGen: 30720K(230912K)->0K(230912K) Eden: 0K(199680K)->0K(199680K) From: 30720K(31232K)->0K(31232K)
[49.869s][info   ][gc,heap        ] GC(175) ParOldGen: 2766439K(2860544K)->902756K(2883584K)
[49.869s][info   ][gc,metaspace   ] GC(175) Metaspace: 1024K(1216K)->1024K(1216K) NonClass: 941K(1024K)->941K(1024K) Class: 83K(192K)->83K(192K)
[49.869s][info   ][gc             ] GC(175) Pause Full (Ergonomics) 2731M->881M(3041M) 110.022ms
[49.869s][info   ][gc,cpu         ] GC(175) User=0.89s Sys=0.00s Real=0.11s
[49.869s][debug  ][gc,heap        ] GC(175) Heap after GC invocations=176 (full 20):
[49.869s][debug  ][gc,heap        ] GC(175)  PSYoungGen      total 230912K, used 0K [0x00000007f0000000, 0x0000000800000000, 0x0000000800000000)
[49.869s][debug  ][gc,heap        ] GC(175)   eden space 199680K, 0% used [0x00000007f0000000,0x00000007f0000000,0x00000007fc300000)
[49.869s][debug  ][gc,heap        ] GC(175)   from space 31232K, 0% used [0x00000007fe180000,0x00000007fe180000,0x0000000800000000)
[49.869s][debug  ][gc,heap        ] GC(175)   to   space 31232K, 0% used [0x00000007fc300000,0x00000007fc300000,0x00000007fe180000)
[49.869s][debug  ][gc,heap        ] GC(175)  ParOldGen       total 2883584K, used 902756K [0x0000000740000000, 0x00000007f0000000, 0x00000007f0000000)
[49.869s][debug  ][gc,heap        ] GC(175)   object space 2883584K, 31% used [0x0000000740000000,0x0000000777199178,0x00000007f0000000)
[49.869s][debug  ][gc,heap        ] GC(175)  Metaspace       used 1024K, committed 1216K, reserved 1056768K
[49.869s][debug  ][gc,heap        ] GC(175)   class space    used 83K, committed 192K, reserved 1048576K
[49.869s][debug  ][gc,task,time   ] GC(175) VM-Thread 497587227 497614149 498687792
[50.183s][debug  ][gc,heap        ] GC(176) Heap before GC invocations=177 (full 20):
[50.183s][debug  ][gc,heap        ] GC(176)  PSYoungGen      total 230912K, used 198474K [0x00000007f0000000, 0x0000000800000000, 0x0000000800000000)
[50.183s][debug  ][gc,heap        ] GC(176)   eden space 199680K, 99% used [0x00000007f0000000,0x00000007fc1d2a40,0x00000007fc300000)
[50.183s][debug  ][gc,heap        ] GC(176)   from space 31232K, 0% used [0x00000007fe180000,0x00000007fe180000,0x0000000800000000)
[50.183s][debug  ][gc,heap        ] GC(176)   to   space 31232K, 0% used [0x00000007fc300000,0x00000007fc300000,0x00000007fe180000)
[50.183s][debug  ][gc,heap        ] GC(176)  ParOldGen       total 2883584K, used 902756K [0x0000000740000000, 0x00000007f0000000, 0x00000007f0000000)
[50.183s][debug  ][gc,heap        ] GC(176)   object space 2883584K, 31% used [0x0000000740000000,0x0000000777199178,0x00000007f0000000)
[50.183s][debug  ][gc,heap        ] GC(176)  Metaspace       used 1025K, committed 1216K, reserved 1056768K
[50.184s][debug  ][gc,heap        ] GC(176)   class space    used 83K, committed 192K, reserved 1048576K
[50.184s][debug  ][gc,tlab        ] GC(176) TLAB totals: thrds: 1  refills: 1 max: 1 slow allocs: 18 max 18 waste: 27.6% gc: 4007144B max: 4007144B slow: 0B max: 0B
[50.184s][info   ][gc,start       ] GC(176) Pause Young (Allocation Failure)
[50.184s][debug  ][gc,phases,start] GC(176) Scavenge
[50.189s][debug  ][gc,phases      ] GC(176) Scavenge 5.277ms
[50.189s][debug  ][gc,phases,start] GC(176) Reference Processing
[50.189s][debug  ][gc,ref         ] GC(176) Skipped phase 1 of Reference Processing: no references
[50.189s][debug  ][gc,ref         ] GC(176) Skipped phase 2 of Reference Processing: no references
[50.189s][debug  ][gc,ref         ] GC(176) Skipped phase 3 of Reference Processing: no references
[50.189s][debug  ][gc,ref         ] GC(176) Skipped phase 4 of Reference Processing: no references
[50.189s][debug  ][gc,phases,ref  ] GC(176) Reference Processing: 0.1ms
[50.189s][debug  ][gc,phases,ref  ] GC(176)   Reconsider SoftReferences: 0.0ms
[50.189s][debug  ][gc,phases,ref  ] GC(176)     SoftRef (ms):                  skipped
[50.189s][debug  ][gc,phases,ref  ] GC(176)   Notify Soft/WeakReferences: 0.0ms
[50.189s][debug  ][gc,phases,ref  ] GC(176)     SoftRef (ms):                  skipped
[50.189s][debug  ][gc,phases,ref  ] GC(176)     WeakRef (ms):                  skipped
[50.189s][debug  ][gc,phases,ref  ] GC(176)     FinalRef (ms):                 skipped
[50.189s][debug  ][gc,phases,ref  ] GC(176)     Total (ms):                    skipped
[50.189s][debug  ][gc,phases,ref  ] GC(176)   Notify and keep alive finalizable: 0.0ms
[50.189s][debug  ][gc,phases,ref  ] GC(176)     FinalRef (ms):                 skipped
[50.189s][debug  ][gc,phases,ref  ] GC(176)   Notify PhantomReferences: 0.0ms
[50.189s][debug  ][gc,phases,ref  ] GC(176)     PhantomRef (ms):               skipped
[50.189s][debug  ][gc,phases,ref  ] GC(176)   SoftReference:
[50.189s][debug  ][gc,phases,ref  ] GC(176)     Discovered: 0
[50.189s][debug  ][gc,phases,ref  ] GC(176)     Cleared: 0
[50.190s][debug  ][gc,phases,ref  ] GC(176)   WeakReference:
[50.190s][debug  ][gc,phases,ref  ] GC(176)     Discovered: 0
[50.190s][debug  ][gc,phases,ref  ] GC(176)     Cleared: 0
[50.190s][debug  ][gc,phases,ref  ] GC(176)   FinalReference:
[50.190s][debug  ][gc,phases,ref  ] GC(176)     Discovered: 0
[50.190s][debug  ][gc,phases,ref  ] GC(176)     Cleared: 0
[50.190s][debug  ][gc,phases,ref  ] GC(176)   PhantomReference:
[50.190s][debug  ][gc,phases,ref  ] GC(176)     Discovered: 0
[50.190s][debug  ][gc,phases,ref  ] GC(176)     Cleared: 0
[50.190s][debug  ][gc,phases      ] GC(176) Reference Processing 0.676ms
[50.190s][debug  ][gc,phases,start] GC(176) Weak Processing
[50.190s][debug  ][gc,phases      ] GC(176)   VM Weak                        Min:  0.0, Avg:  0.0, Max:  0.0, Diff:  0.0, Sum:  0.0, Workers: 6
[50.190s][debug  ][gc,phases      ] GC(176)     Dead                           Min: 0, Avg:  0.0, Max: 0, Diff: 0, Sum: 0, Workers: 6
[50.190s][debug  ][gc,phases      ] GC(176)     Total                          Min: 0, Avg:  1.3, Max: 8, Diff: 8, Sum: 8, Workers: 6
[50.190s][debug  ][gc,phases      ] GC(176)   ObjectSynchronizer Weak        Min:  0.0, Avg:  0.0, Max:  0.0, Diff:  0.0, Sum:  0.0, Workers: 6
[50.190s][debug  ][gc,phases      ] GC(176)     Dead                           Min: 0, Avg:  0.0, Max: 0, Diff: 0, Sum: 0, Workers: 6
[50.190s][debug  ][gc,phases      ] GC(176)     Total                          Min: 0, Avg:  0.5, Max: 3, Diff: 3, Sum: 3, Workers: 6
[50.190s][debug  ][gc,phases      ] GC(176)   JVMTI Tag Weak OopStorage      Min:  0.0, Avg:  0.0, Max:  0.0, Diff:  0.0, Sum:  0.0, Workers: 6
[50.190s][debug  ][gc,phases      ] GC(176)     Dead                           Min: 0, Avg:  0.0, Max: 0, Diff: 0, Sum: 0, Workers: 6
[50.190s][debug  ][gc,phases      ] GC(176)     Total                          Min: 0, Avg:  0.0, Max: 0, Diff: 0, Sum: 0, Workers: 6
[50.190s][debug  ][gc,phases      ] GC(176)   StringTable Weak               Min:  0.0, Avg:  0.0, Max:  0.0, Diff:  0.0, Sum:  0.0, Workers: 6
[50.190s][debug  ][gc,phases      ] GC(176)     Dead                           Min: 0, Avg:  0.0, Max: 0, Diff: 0, Sum: 0, Workers: 6
[50.190s][debug  ][gc,phases      ] GC(176)     Total                          Min: 704, Avg: 892.5, Max: 1024, Diff: 320, Sum: 5355, Workers: 6
[50.190s][debug  ][gc,phases      ] GC(176)   ResolvedMethodTable Weak       Min:  0.0, Avg:  0.0, Max:  0.0, Diff:  0.0, Sum:  0.0, Workers: 6
[50.190s][debug  ][gc,phases      ] GC(176)     Dead                           Min: 0, Avg:  0.0, Max: 0, Diff: 0, Sum: 0, Workers: 6
[50.190s][debug  ][gc,phases      ] GC(176)     Total                          Min: 0, Avg: 21.7, Max: 64, Diff: 64, Sum: 130, Workers: 6
[50.190s][debug  ][gc,phases      ] GC(176)   JNI Weak                       Min:  0.0, Avg:  0.0, Max:  0.0, Diff:  0.0, Sum:  0.0, Workers: 6
[50.190s][debug  ][gc,phases      ] GC(176)     Dead                           Min: 0, Avg:  0.0, Max: 0, Diff: 0, Sum: 0, Workers: 6
[50.190s][debug  ][gc,phases      ] GC(176)     Total                          Min: 0, Avg:  0.0, Max: 0, Diff: 0, Sum: 0, Workers: 6
[50.190s][debug  ][gc,phases      ] GC(176)   StringDedup Table Weak         Min:  0.0, Avg:  0.0, Max:  0.0, Diff:  0.0, Sum:  0.0, Workers: 6
[50.190s][debug  ][gc,phases      ] GC(176)     Dead                           Min: 0, Avg:  0.0, Max: 0, Diff: 0, Sum: 0, Workers: 6
[50.190s][debug  ][gc,phases      ] GC(176)     Total                          Min: 0, Avg:  0.0, Max: 0, Diff: 0, Sum: 0, Workers: 6
[50.190s][debug  ][gc,phases      ] GC(176)   StringDedup Requests0 Weak     Min:  0.0, Avg:  0.0, Max:  0.0, Diff:  0.0, Sum:  0.0, Workers: 6
[50.190s][debug  ][gc,phases      ] GC(176)     Dead                           Min: 0, Avg:  0.0, Max: 0, Diff: 0, Sum: 0, Workers: 6
[50.190s][debug  ][gc,phases      ] GC(176)     Total                          Min: 0, Avg:  0.0, Max: 0, Diff: 0, Sum: 0, Workers: 6
[50.190s][debug  ][gc,phases      ] GC(176)   StringDedup Requests1 Weak     Min:  0.0, Avg:  0.0, Max:  0.0, Diff:  0.0, Sum:  0.0, Workers: 6
[50.190s][debug  ][gc,phases      ] GC(176)     Dead                           Min: 0, Avg:  0.0, Max: 0, Diff: 0, Sum: 0, Workers: 6
[50.190s][debug  ][gc,phases      ] GC(176)     Total                          Min: 0, Avg:  0.0, Max: 0, Diff: 0, Sum: 0, Workers: 6
[50.190s][debug  ][gc,phases      ] GC(176)   Weak JFR Old Object Samples    Min:  0.0, Avg:  0.0, Max:  0.0, Diff:  0.0, Sum:  0.0, Workers: 6
[50.191s][debug  ][gc,phases      ] GC(176)     Dead                           Min: 0, Avg:  0.0, Max: 0, Diff: 0, Sum: 0, Workers: 6
[50.191s][debug  ][gc,phases      ] GC(176)     Total                          Min: 0, Avg:  0.0, Max: 0, Diff: 0, Sum: 0, Workers: 6
[50.191s][debug  ][gc,phases      ] GC(176) Weak Processing 0.825ms
[50.191s][debug  ][gc,ergo        ] GC(176) AdaptiveSizeStart:  collection: 177 
[50.191s][debug  ][gc,ergo        ] GC(176) avg_survived_padded_avg: 31544824.000000
[50.191s][debug  ][gc,ergo        ] GC(176) avg_promoted_padded_avg: 281878560.000000  avg_pretenured_padded_avg: 0.000000  tenuring_thresh: 1  target_size: 31981568
[50.191s][debug  ][gc,age         ] GC(176) Desired survivor size 31981568 bytes, new threshold 1 (max threshold 15)
[50.191s][debug  ][gc,ergo        ] GC(176) PSAdaptiveSizePolicy::compute_eden_space_size limits: desired_eden_size: 233152648 old_eden_size: 204472320 eden_limit: 204472320 cur_eden: 204472320 max_eden_size: 204472320 avg_young_live: 27655788
[50.191s][debug  ][gc,ergo        ] GC(176) PSAdaptiveSizePolicy::compute_eden_space_size: costs minor_time: 0.047050 major_cost: 0.020037 mutator_cost: 0.932912 throughput_goal: 0.990000
[50.191s][debug  ][gc,ergo        ] GC(176) Live_space: 853225600 free_space: 2335703040
[50.191s][debug  ][gc,ergo        ] GC(176) Old eden_size: 204472320 desired_eden_size: 204472320
[50.191s][debug  ][gc,ergo        ] GC(176) AdaptiveSizeStop: collection: 177 
[50.191s][info   ][gc,heap        ] GC(176) PSYoungGen: 198474K(230912K)->30720K(230912K) Eden: 198474K(199680K)->0K(199680K) From: 0K(31232K)->30720K(31232K)
[50.191s][info   ][gc,heap        ] GC(176) ParOldGen: 902756K(2883584K)->943716K(2883584K)
[50.191s][info   ][gc,metaspace   ] GC(176) Metaspace: 1025K(1216K)->1025K(1216K) NonClass: 942K(1024K)->942K(1024K) Class: 83K(192K)->83K(192K)
[50.191s][info   ][gc             ] GC(176) Pause Young (Allocation Failure) 1075M->951M(3041M) 7.335ms
[50.191s][info   ][gc,cpu         ] GC(176) User=0.00s Sys=0.00s Real=0.01s
[50.191s][debug  ][gc,heap        ] GC(176) Heap after GC invocations=177 (full 20):
[50.191s][debug  ][gc,heap        ] GC(176)  PSYoungGen      total 230912K, used 30720K [0x00000007f0000000, 0x0000000800000000, 0x0000000800000000)
[50.191s][debug  ][gc,heap        ] GC(176)   eden space 199680K, 0% used [0x00000007f0000000,0x00000007f0000000,0x00000007fc300000)
[50.191s][debug  ][gc,heap        ] GC(176)   from space 31232K, 98% used [0x00000007fc300000,0x00000007fe100030,0x00000007fe180000)
[50.191s][debug  ][gc,heap        ] GC(176)   to   space 31232K, 0% used [0x00000007fe180000,0x00000007fe180000,0x0000000800000000)
[50.191s][debug  ][gc,heap        ] GC(176)  ParOldGen       total 2883584K, used 943716K [0x0000000740000000, 0x00000007f0000000, 0x00000007f0000000)
[50.191s][debug  ][gc,heap        ] GC(176)   object space 2883584K, 32% used [0x0000000740000000,0x00000007799991b8,0x00000007f0000000)
[50.191s][debug  ][gc,heap        ] GC(176)  Metaspace       used 1025K, committed 1216K, reserved 1056768K
[50.191s][debug  ][gc,heap        ] GC(176)   class space    used 83K, committed 192K, reserved 1048576K
[50.191s][debug  ][gc,task,time   ] GC(176) VM-Thread 501831751 501890390 501912414
[50.495s][debug  ][gc,heap        ] GC(177) Heap before GC invocations=178 (full 20):
[50.495s][debug  ][gc,heap        ] GC(177)  PSYoungGen      total 230912K, used 229122K [0x00000007f0000000, 0x0000000800000000, 0x0000000800000000)
[50.495s][debug  ][gc,heap        ] GC(177)   eden space 199680K, 99% used [0x00000007f0000000,0x00000007fc1c0a98,0x00000007fc300000)
[50.495s][debug  ][gc,heap        ] GC(177)   from space 31232K, 98% used [0x00000007fc300000,0x00000007fe100030,0x00000007fe180000)
[50.496s][debug  ][gc,heap        ] GC(177)   to   space 31232K, 0% used [0x00000007fe180000,0x00000007fe180000,0x0000000800000000)
[50.496s][debug  ][gc,heap        ] GC(177)  ParOldGen       total 2883584K, used 943716K [0x0000000740000000, 0x00000007f0000000, 0x00000007f0000000)
[50.496s][debug  ][gc,heap        ] GC(177)   object space 2883584K, 32% used [0x0000000740000000,0x00000007799991b8,0x00000007f0000000)
[50.496s][debug  ][gc,heap        ] GC(177)  Metaspace       used 1025K, committed 1216K, reserved 1056768K
[50.496s][debug  ][gc,heap        ] GC(177)   class space    used 83K, committed 192K, reserved 1048576K
[50.496s][debug  ][gc,tlab        ] GC(177) TLAB totals: thrds: 1  refills: 1 max: 1 slow allocs: 18 max 18 waste: 27.3% gc: 3934568B max: 3934568B slow: 0B max: 0B
[50.496s][info   ][gc,start       ] GC(177) Pause Young (Allocation Failure)
[50.496s][debug  ][gc,phases,start] GC(177) Scavenge
[50.511s][debug  ][gc,phases      ] GC(177) Scavenge 15.138ms
[50.511s][debug  ][gc,phases,start] GC(177) Reference Processing
[50.511s][debug  ][gc,ref         ] GC(177) Skipped phase 1 of Reference Processing: no references
[50.511s][debug  ][gc,ref         ] GC(177) Skipped phase 2 of Reference Processing: no references
[50.511s][debug  ][gc,ref         ] GC(177) Skipped phase 3 of Reference Processing: no references
[50.511s][debug  ][gc,ref         ] GC(177) Skipped phase 4 of Reference Processing: no references
[50.511s][debug  ][gc,phases,ref  ] GC(177) Reference Processing: 0.1ms
[50.511s][debug  ][gc,phases,ref  ] GC(177)   Reconsider SoftReferences: 0.0ms
[50.511s][debug  ][gc,phases,ref  ] GC(177)     SoftRef (ms):                  skipped
[50.511s][debug  ][gc,phases,ref  ] GC(177)   Notify Soft/WeakReferences: 0.0ms
[50.511s][debug  ][gc,phases,ref  ] GC(177)     SoftRef (ms):                  skipped
[50.511s][debug  ][gc,phases,ref  ] GC(177)     WeakRef (ms):                  skipped
[50.511s][debug  ][gc,phases,ref  ] GC(177)     FinalRef (ms):                 skipped
[50.511s][debug  ][gc,phases,ref  ] GC(177)     Total (ms):                    skipped
[50.511s][debug  ][gc,phases,ref  ] GC(177)   Notify and keep alive finalizable: 0.0ms
[50.511s][debug  ][gc,phases,ref  ] GC(177)     FinalRef (ms):                 skipped
[50.511s][debug  ][gc,phases,ref  ] GC(177)   Notify PhantomReferences: 0.0ms
[50.511s][debug  ][gc,phases,ref  ] GC(177)     PhantomRef (ms):               skipped
[50.511s][debug  ][gc,phases,ref  ] GC(177)   SoftReference:
[50.511s][debug  ][gc,phases,ref  ] GC(177)     Discovered: 0
[50.511s][debug  ][gc,phases,ref  ] GC(177)     Cleared: 0
[50.511s][debug  ][gc,phases,ref  ] GC(177)   WeakReference:
[50.511s][debug  ][gc,phases,ref  ] GC(177)     Discovered: 0
[50.511s][debug  ][gc,phases,ref  ] GC(177)     Cleared: 0
[50.512s][debug  ][gc,phases,ref  ] GC(177)   FinalReference:
[50.512s][debug  ][gc,phases,ref  ] GC(177)     Discovered: 0
[50.512s][debug  ][gc,phases,ref  ] GC(177)     Cleared: 0
[50.512s][debug  ][gc,phases,ref  ] GC(177)   PhantomReference:
[50.512s][debug  ][gc,phases,ref  ] GC(177)     Discovered: 0
[50.512s][debug  ][gc,phases,ref  ] GC(177)     Cleared: 0
[50.512s][debug  ][gc,phases      ] GC(177) Reference Processing 0.608ms
[50.512s][debug  ][gc,phases,start] GC(177) Weak Processing
[50.512s][debug  ][gc,phases      ] GC(177)   VM Weak                        Min:  0.0, Avg:  0.0, Max:  0.0, Diff:  0.0, Sum:  0.0, Workers: 6
[50.512s][debug  ][gc,phases      ] GC(177)     Dead                           Min: 0, Avg:  0.0, Max: 0, Diff: 0, Sum: 0, Workers: 6
[50.512s][debug  ][gc,phases      ] GC(177)     Total                          Min: 0, Avg:  1.3, Max: 8, Diff: 8, Sum: 8, Workers: 6
[50.512s][debug  ][gc,phases      ] GC(177)   ObjectSynchronizer Weak        Min:  0.0, Avg:  0.0, Max:  0.0, Diff:  0.0, Sum:  0.0, Workers: 6
[50.512s][debug  ][gc,phases      ] GC(177)     Dead                           Min: 0, Avg:  0.0, Max: 0, Diff: 0, Sum: 0, Workers: 6
[50.512s][debug  ][gc,phases      ] GC(177)     Total                          Min: 0, Avg:  0.5, Max: 3, Diff: 3, Sum: 3, Workers: 6
[50.512s][debug  ][gc,phases      ] GC(177)   JVMTI Tag Weak OopStorage      Min:  0.0, Avg:  0.0, Max:  0.0, Diff:  0.0, Sum:  0.0, Workers: 6
[50.512s][debug  ][gc,phases      ] GC(177)     Dead                           Min: 0, Avg:  0.0, Max: 0, Diff: 0, Sum: 0, Workers: 6
[50.512s][debug  ][gc,phases      ] GC(177)     Total                          Min: 0, Avg:  0.0, Max: 0, Diff: 0, Sum: 0, Workers: 6
[50.512s][debug  ][gc,phases      ] GC(177)   StringTable Weak               Min:  0.0, Avg:  0.0, Max:  0.0, Diff:  0.0, Sum:  0.0, Workers: 6
[50.512s][debug  ][gc,phases      ] GC(177)     Dead                           Min: 0, Avg:  0.0, Max: 0, Diff: 0, Sum: 0, Workers: 6
[50.512s][debug  ][gc,phases      ] GC(177)     Total                          Min: 703, Avg: 892.5, Max: 1152, Diff: 449, Sum: 5355, Workers: 6
[50.512s][debug  ][gc,phases      ] GC(177)   ResolvedMethodTable Weak       Min:  0.0, Avg:  0.0, Max:  0.0, Diff:  0.0, Sum:  0.0, Workers: 6
[50.512s][debug  ][gc,phases      ] GC(177)     Dead                           Min: 0, Avg:  0.0, Max: 0, Diff: 0, Sum: 0, Workers: 6
[50.512s][debug  ][gc,phases      ] GC(177)     Total                          Min: 0, Avg: 21.7, Max: 64, Diff: 64, Sum: 130, Workers: 6
[50.512s][debug  ][gc,phases      ] GC(177)   JNI Weak                       Min:  0.0, Avg:  0.0, Max:  0.0, Diff:  0.0, Sum:  0.0, Workers: 6
[50.512s][debug  ][gc,phases      ] GC(177)     Dead                           Min: 0, Avg:  0.0, Max: 0, Diff: 0, Sum: 0, Workers: 6
[50.512s][debug  ][gc,phases      ] GC(177)     Total                          Min: 0, Avg:  0.0, Max: 0, Diff: 0, Sum: 0, Workers: 6
[50.512s][debug  ][gc,phases      ] GC(177)   StringDedup Table Weak         Min:  0.0, Avg:  0.0, Max:  0.0, Diff:  0.0, Sum:  0.0, Workers: 6
[50.512s][debug  ][gc,phases      ] GC(177)     Dead                           Min: 0, Avg:  0.0, Max: 0, Diff: 0, Sum: 0, Workers: 6
[50.512s][debug  ][gc,phases      ] GC(177)     Total                          Min: 0, Avg:  0.0, Max: 0, Diff: 0, Sum: 0, Workers: 6
[50.512s][debug  ][gc,phases      ] GC(177)   StringDedup Requests0 Weak     Min:  0.0, Avg:  0.0, Max:  0.0, Diff:  0.0, Sum:  0.0, Workers: 6
[50.512s][debug  ][gc,phases      ] GC(177)     Dead                           Min: 0, Avg:  0.0, Max: 0, Diff: 0, Sum: 0, Workers: 6
[50.512s][debug  ][gc,phases      ] GC(177)     Total                          Min: 0, Avg:  0.0, Max: 0, Diff: 0, Sum: 0, Workers: 6
[50.512s][debug  ][gc,phases      ] GC(177)   StringDedup Requests1 Weak     Min:  0.0, Avg:  0.0, Max:  0.0, Diff:  0.0, Sum:  0.0, Workers: 6
[50.512s][debug  ][gc,phases      ] GC(177)     Dead                           Min: 0, Avg:  0.0, Max: 0, Diff: 0, Sum: 0, Workers: 6
[50.512s][debug  ][gc,phases      ] GC(177)     Total                          Min: 0, Avg:  0.0, Max: 0, Diff: 0, Sum: 0, Workers: 6
[50.512s][debug  ][gc,phases      ] GC(177)   Weak JFR Old Object Samples    Min:  0.0, Avg:  0.0, Max:  0.0, Diff:  0.0, Sum:  0.0, Workers: 6
[50.512s][debug  ][gc,phases      ] GC(177)     Dead                           Min: 0, Avg:  0.0, Max: 0, Diff: 0, Sum: 0, Workers: 6
[50.512s][debug  ][gc,phases      ] GC(177)     Total                          Min: 0, Avg:  0.0, Max: 0, Diff: 0, Sum: 0, Workers: 6
[50.512s][debug  ][gc,phases      ] GC(177) Weak Processing 0.670ms
[50.512s][debug  ][gc,ergo        ] GC(177) AdaptiveSizeStart:  collection: 178 
[50.512s][debug  ][gc,ergo        ] GC(177) avg_survived_padded_avg: 31537252.000000
[50.512s][debug  ][gc,ergo        ] GC(177) avg_promoted_padded_avg: 282390208.000000  avg_pretenured_padded_avg: 0.000000  tenuring_thresh: 1  target_size: 31981568
[50.512s][debug  ][gc,age         ] GC(177) Desired survivor size 31981568 bytes, new threshold 1 (max threshold 15)
[50.512s][debug  ][gc,ergo        ] GC(177) PSAdaptiveSizePolicy::compute_eden_space_size limits: desired_eden_size: 233348976 old_eden_size: 204472320 eden_limit: 204472320 cur_eden: 204472320 max_eden_size: 204472320 avg_young_live: 28035942
[50.512s][debug  ][gc,ergo        ] GC(177) PSAdaptiveSizePolicy::compute_eden_space_size: costs minor_time: 0.048146 major_cost: 0.020037 mutator_cost: 0.931817 throughput_goal: 0.990000
[50.512s][debug  ][gc,ergo        ] GC(177) Live_space: 853605760 free_space: 2335703040
[50.512s][debug  ][gc,ergo        ] GC(177) Old eden_size: 204472320 desired_eden_size: 204472320
[50.512s][debug  ][gc,ergo        ] GC(177) AdaptiveSizeStop: collection: 178 
[50.513s][info   ][gc,heap        ] GC(177) PSYoungGen: 229122K(230912K)->30720K(230912K) Eden: 198402K(199680K)->0K(199680K) From: 30720K(31232K)->30720K(31232K)
[50.513s][info   ][gc,heap        ] GC(177) ParOldGen: 943716K(2883584K)->1138276K(2883584K)
[50.513s][info   ][gc,metaspace   ] GC(177) Metaspace: 1025K(1216K)->1025K(1216K) NonClass: 942K(1024K)->942K(1024K) Class: 83K(192K)->83K(192K)
[50.513s][info   ][gc             ] GC(177) Pause Young (Allocation Failure) 1145M->1141M(3041M) 16.901ms
[50.513s][info   ][gc,cpu         ] GC(177) User=0.16s Sys=0.00s Real=0.02s
[50.513s][debug  ][gc,heap        ] GC(177) Heap after GC invocations=178 (full 20):
[50.513s][debug  ][gc,heap        ] GC(177)  PSYoungGen      total 230912K, used 30720K [0x00000007f0000000, 0x0000000800000000, 0x0000000800000000)
[50.513s][debug  ][gc,heap        ] GC(177)   eden space 199680K, 0% used [0x00000007f0000000,0x00000007f0000000,0x00000007fc300000)
[50.513s][debug  ][gc,heap        ] GC(177)   from space 31232K, 98% used [0x00000007fe180000,0x00000007fff80030,0x0000000800000000)
[50.513s][debug  ][gc,heap        ] GC(177)   to   space 31232K, 0% used [0x00000007fc300000,0x00000007fc300000,0x00000007fe180000)
[50.513s][debug  ][gc,heap        ] GC(177)  ParOldGen       total 2883584K, used 1138276K [0x0000000740000000, 0x00000007f0000000, 0x00000007f0000000)
[50.513s][debug  ][gc,heap        ] GC(177)   object space 2883584K, 39% used [0x0000000740000000,0x00000007857992e8,0x00000007f0000000)
[50.513s][debug  ][gc,heap        ] GC(177)  Metaspace       used 1025K, committed 1216K, reserved 1056768K
[50.513s][debug  ][gc,heap        ] GC(177)   class space    used 83K, committed 192K, reserved 1048576K
[50.513s][debug  ][gc,task,time   ] GC(177) VM-Thread 504953040 505110181 505128856
[50.812s][debug  ][gc,heap        ] GC(178) Heap before GC invocations=179 (full 20):
[50.812s][debug  ][gc,heap        ] GC(178)  PSYoungGen      total 230912K, used 229148K [0x00000007f0000000, 0x0000000800000000, 0x0000000800000000)
[50.812s][debug  ][gc,heap        ] GC(178)   eden space 199680K, 99% used [0x00000007f0000000,0x00000007fc1c7210,0x00000007fc300000)
[50.813s][debug  ][gc,heap        ] GC(178)   from space 31232K, 98% used [0x00000007fe180000,0x00000007fff80030,0x0000000800000000)
[50.813s][debug  ][gc,heap        ] GC(178)   to   space 31232K, 0% used [0x00000007fc300000,0x00000007fc300000,0x00000007fe180000)
[50.813s][debug  ][gc,heap        ] GC(178)  ParOldGen       total 2883584K, used 1138276K [0x0000000740000000, 0x00000007f0000000, 0x00000007f0000000)
[50.813s][debug  ][gc,heap        ] GC(178)   object space 2883584K, 39% used [0x0000000740000000,0x00000007857992e8,0x00000007f0000000)
[50.813s][debug  ][gc,heap        ] GC(178)  Metaspace       used 1025K, committed 1216K, reserved 1056768K
[50.813s][debug  ][gc,heap        ] GC(178)   class space    used 83K, committed 192K, reserved 1048576K
[50.813s][debug  ][gc,tlab        ] GC(178) TLAB totals: thrds: 1  refills: 1 max: 1 slow allocs: 18 max 18 waste: 27.4% gc: 3961056B max: 3961056B slow: 0B max: 0B
[50.813s][info   ][gc,start       ] GC(178) Pause Young (Allocation Failure)
[50.813s][debug  ][gc,phases,start] GC(178) Scavenge
[50.828s][debug  ][gc,phases      ] GC(178) Scavenge 15.173ms
[50.828s][debug  ][gc,phases,start] GC(178) Reference Processing
[50.828s][debug  ][gc,ref         ] GC(178) Skipped phase 1 of Reference Processing: no references
[50.828s][debug  ][gc,ref         ] GC(178) Skipped phase 2 of Reference Processing: no references
[50.828s][debug  ][gc,ref         ] GC(178) Skipped phase 3 of Reference Processing: no references
[50.828s][debug  ][gc,ref         ] GC(178) Skipped phase 4 of Reference Processing: no references
[50.828s][debug  ][gc,phases,ref  ] GC(178) Reference Processing: 0.1ms
[50.828s][debug  ][gc,phases,ref  ] GC(178)   Reconsider SoftReferences: 0.0ms
[50.828s][debug  ][gc,phases,ref  ] GC(178)     SoftRef (ms):                  skipped
[50.828s][debug  ][gc,phases,ref  ] GC(178)   Notify Soft/WeakReferences: 0.0ms
[50.828s][debug  ][gc,phases,ref  ] GC(178)     SoftRef (ms):                  skipped
[50.828s][debug  ][gc,phases,ref  ] GC(178)     WeakRef (ms):                  skipped
[50.828s][debug  ][gc,phases,ref  ] GC(178)     FinalRef (ms):                 skipped
[50.828s][debug  ][gc,phases,ref  ] GC(178)     Total (ms):                    skipped
[50.828s][debug  ][gc,phases,ref  ] GC(178)   Notify and keep alive finalizable: 0.0ms
[50.828s][debug  ][gc,phases,ref  ] GC(178)     FinalRef (ms):                 skipped
[50.828s][debug  ][gc,phases,ref  ] GC(178)   Notify PhantomReferences: 0.0ms
[50.828s][debug  ][gc,phases,ref  ] GC(178)     PhantomRef (ms):               skipped
[50.828s][debug  ][gc,phases,ref  ] GC(178)   SoftReference:
[50.828s][debug  ][gc,phases,ref  ] GC(178)     Discovered: 0
[50.828s][debug  ][gc,phases,ref  ] GC(178)     Cleared: 0
[50.828s][debug  ][gc,phases,ref  ] GC(178)   WeakReference:
[50.828s][debug  ][gc,phases,ref  ] GC(178)     Discovered: 0
[50.829s][debug  ][gc,phases,ref  ] GC(178)     Cleared: 0
[50.829s][debug  ][gc,phases,ref  ] GC(178)   FinalReference:
[50.829s][debug  ][gc,phases,ref  ] GC(178)     Discovered: 0
[50.829s][debug  ][gc,phases,ref  ] GC(178)     Cleared: 0
[50.829s][debug  ][gc,phases,ref  ] GC(178)   PhantomReference:
[50.829s][debug  ][gc,phases,ref  ] GC(178)     Discovered: 0
[50.829s][debug  ][gc,phases,ref  ] GC(178)     Cleared: 0
[50.829s][debug  ][gc,phases      ] GC(178) Reference Processing 0.584ms
[50.829s][debug  ][gc,phases,start] GC(178) Weak Processing
[50.829s][debug  ][gc,phases      ] GC(178)   VM Weak                        Min:  0.0, Avg:  0.0, Max:  0.0, Diff:  0.0, Sum:  0.0, Workers: 6
[50.829s][debug  ][gc,phases      ] GC(178)     Dead                           Min: 0, Avg:  0.0, Max: 0, Diff: 0, Sum: 0, Workers: 6
[50.829s][debug  ][gc,phases      ] GC(178)     Total                          Min: 0, Avg:  1.3, Max: 8, Diff: 8, Sum: 8, Workers: 6
[50.829s][debug  ][gc,phases      ] GC(178)   ObjectSynchronizer Weak        Min:  0.0, Avg:  0.0, Max:  0.0, Diff:  0.0, Sum:  0.0, Workers: 6
[50.829s][debug  ][gc,phases      ] GC(178)     Dead                           Min: 0, Avg:  0.0, Max: 0, Diff: 0, Sum: 0, Workers: 6
[50.829s][debug  ][gc,phases      ] GC(178)     Total                          Min: 0, Avg:  0.5, Max: 3, Diff: 3, Sum: 3, Workers: 6
[50.829s][debug  ][gc,phases      ] GC(178)   JVMTI Tag Weak OopStorage      Min:  0.0, Avg:  0.0, Max:  0.0, Diff:  0.0, Sum:  0.0, Workers: 6
[50.829s][debug  ][gc,phases      ] GC(178)     Dead                           Min: 0, Avg:  0.0, Max: 0, Diff: 0, Sum: 0, Workers: 6
[50.829s][debug  ][gc,phases      ] GC(178)     Total                          Min: 0, Avg:  0.0, Max: 0, Diff: 0, Sum: 0, Workers: 6
[50.829s][debug  ][gc,phases      ] GC(178)   StringTable Weak               Min:  0.0, Avg:  0.0, Max:  0.0, Diff:  0.0, Sum:  0.0, Workers: 6
[50.829s][debug  ][gc,phases      ] GC(178)     Dead                           Min: 0, Avg:  0.0, Max: 0, Diff: 0, Sum: 0, Workers: 6
[50.829s][debug  ][gc,phases      ] GC(178)     Total                          Min: 831, Avg: 892.5, Max: 1024, Diff: 193, Sum: 5355, Workers: 6
[50.829s][debug  ][gc,phases      ] GC(178)   ResolvedMethodTable Weak       Min:  0.0, Avg:  0.0, Max:  0.0, Diff:  0.0, Sum:  0.0, Workers: 6
[50.829s][debug  ][gc,phases      ] GC(178)     Dead                           Min: 0, Avg:  0.0, Max: 0, Diff: 0, Sum: 0, Workers: 6
[50.829s][debug  ][gc,phases      ] GC(178)     Total                          Min: 0, Avg: 21.7, Max: 64, Diff: 64, Sum: 130, Workers: 6
[50.829s][debug  ][gc,phases      ] GC(178)   JNI Weak                       Min:  0.0, Avg:  0.0, Max:  0.0, Diff:  0.0, Sum:  0.0, Workers: 6
[50.829s][debug  ][gc,phases      ] GC(178)     Dead                           Min: 0, Avg:  0.0, Max: 0, Diff: 0, Sum: 0, Workers: 6
[50.829s][debug  ][gc,phases      ] GC(178)     Total                          Min: 0, Avg:  0.0, Max: 0, Diff: 0, Sum: 0, Workers: 6
[50.829s][debug  ][gc,phases      ] GC(178)   StringDedup Table Weak         Min:  0.0, Avg:  0.0, Max:  0.0, Diff:  0.0, Sum:  0.0, Workers: 6
[50.829s][debug  ][gc,phases      ] GC(178)     Dead                           Min: 0, Avg:  0.0, Max: 0, Diff: 0, Sum: 0, Workers: 6
[50.829s][debug  ][gc,phases      ] GC(178)     Total                          Min: 0, Avg:  0.0, Max: 0, Diff: 0, Sum: 0, Workers: 6
[50.829s][debug  ][gc,phases      ] GC(178)   StringDedup Requests0 Weak     Min:  0.0, Avg:  0.0, Max:  0.0, Diff:  0.0, Sum:  0.0, Workers: 6
[50.829s][debug  ][gc,phases      ] GC(178)     Dead                           Min: 0, Avg:  0.0, Max: 0, Diff: 0, Sum: 0, Workers: 6
[50.829s][debug  ][gc,phases      ] GC(178)     Total                          Min: 0, Avg:  0.0, Max: 0, Diff: 0, Sum: 0, Workers: 6
[50.829s][debug  ][gc,phases      ] GC(178)   StringDedup Requests1 Weak     Min:  0.0, Avg:  0.0, Max:  0.0, Diff:  0.0, Sum:  0.0, Workers: 6
[50.829s][debug  ][gc,phases      ] GC(178)     Dead                           Min: 0, Avg:  0.0, Max: 0, Diff: 0, Sum: 0, Workers: 6
[50.829s][debug  ][gc,phases      ] GC(178)     Total                          Min: 0, Avg:  0.0, Max: 0, Diff: 0, Sum: 0, Workers: 6
[50.829s][debug  ][gc,phases      ] GC(178)   Weak JFR Old Object Samples    Min:  0.0, Avg:  0.0, Max:  0.0, Diff:  0.0, Sum:  0.0, Workers: 6
[50.829s][debug  ][gc,phases      ] GC(178)     Dead                           Min: 0, Avg:  0.0, Max: 0, Diff: 0, Sum: 0, Workers: 6
[50.829s][debug  ][gc,phases      ] GC(178)     Total                          Min: 0, Avg:  0.0, Max: 0, Diff: 0, Sum: 0, Workers: 6
[50.829s][debug  ][gc,phases      ] GC(178) Weak Processing 0.709ms
[50.829s][debug  ][gc,ergo        ] GC(178) AdaptiveSizeStart:  collection: 179 
[50.829s][debug  ][gc,ergo        ] GC(178) avg_survived_padded_avg: 31530320.000000
[50.829s][debug  ][gc,ergo        ] GC(178) avg_promoted_padded_avg: 281972992.000000  avg_pretenured_padded_avg: 0.000000  tenuring_thresh: 1  target_size: 31981568
[50.829s][debug  ][gc,age         ] GC(178) Desired survivor size 31981568 bytes, new threshold 1 (max threshold 15)
[50.829s][debug  ][gc,ergo        ] GC(178) PSAdaptiveSizePolicy::compute_eden_space_size limits: desired_eden_size: 233529773 old_eden_size: 204472320 eden_limit: 204472320 cur_eden: 204472320 max_eden_size: 204472320 avg_young_live: 28378080
[50.830s][debug  ][gc,ergo        ] GC(178) PSAdaptiveSizePolicy::compute_eden_space_size: costs minor_time: 0.049188 major_cost: 0.020037 mutator_cost: 0.930775 throughput_goal: 0.990000
[50.830s][debug  ][gc,ergo        ] GC(178) Live_space: 853947904 free_space: 2335703040
[50.830s][debug  ][gc,ergo        ] GC(178) Old eden_size: 204472320 desired_eden_size: 204472320
[50.830s][debug  ][gc,ergo        ] GC(178) AdaptiveSizeStop: collection: 179 
[50.830s][info   ][gc,heap        ] GC(178) PSYoungGen: 229148K(230912K)->30720K(230912K) Eden: 198428K(199680K)->0K(199680K) From: 30720K(31232K)->30720K(31232K)
[50.830s][info   ][gc,heap        ] GC(178) ParOldGen: 1138276K(2883584K)->1332837K(2883584K)
[50.830s][info   ][gc,metaspace   ] GC(178) Metaspace: 1025K(1216K)->1025K(1216K) NonClass: 942K(1024K)->942K(1024K) Class: 83K(192K)->83K(192K)
[50.830s][info   ][gc             ] GC(178) Pause Young (Allocation Failure) 1335M->1331M(3041M) 16.902ms
[50.830s][info   ][gc,cpu         ] GC(178) User=0.16s Sys=0.00s Real=0.02s
[50.830s][debug  ][gc,heap        ] GC(178) Heap after GC invocations=179 (full 20):
[50.830s][debug  ][gc,heap        ] GC(178)  PSYoungGen      total 230912K, used 30720K [0x00000007f0000000, 0x0000000800000000, 0x0000000800000000)
[50.830s][debug  ][gc,heap        ] GC(178)   eden space 199680K, 0% used [0x00000007f0000000,0x00000007f0000000,0x00000007fc300000)
[50.830s][debug  ][gc,heap        ] GC(178)   from space 31232K, 98% used [0x00000007fc300000,0x00000007fe100030,0x00000007fe180000)
[50.830s][debug  ][gc,heap        ] GC(178)   to   space 31232K, 0% used [0x00000007fe180000,0x00000007fe180000,0x0000000800000000)
[50.830s][debug  ][gc,heap        ] GC(178)  ParOldGen       total 2883584K, used 1332837K [0x0000000740000000, 0x00000007f0000000, 0x00000007f0000000)
[50.830s][debug  ][gc,heap        ] GC(178)   object space 2883584K, 46% used [0x0000000740000000,0x0000000791599418,0x00000007f0000000)
[50.830s][debug  ][gc,heap        ] GC(178)  Metaspace       used 1025K, committed 1216K, reserved 1056768K
[50.830s][debug  ][gc,heap        ] GC(178)   class space    used 83K, committed 192K, reserved 1048576K
[50.830s][debug  ][gc,task,time   ] GC(178) VM-Thread 508123256 508280719 508299653
[51.129s][debug  ][gc,heap        ] GC(179) Heap before GC invocations=180 (full 20):
[51.129s][debug  ][gc,heap        ] GC(179)  PSYoungGen      total 230912K, used 229165K [0x00000007f0000000, 0x0000000800000000, 0x0000000800000000)
[51.129s][debug  ][gc,heap        ] GC(179)   eden space 199680K, 99% used [0x00000007f0000000,0x00000007fc1cb498,0x00000007fc300000)
[51.129s][debug  ][gc,heap        ] GC(179)   from space 31232K, 98% used [0x00000007fc300000,0x00000007fe100030,0x00000007fe180000)
[51.129s][debug  ][gc,heap        ] GC(179)   to   space 31232K, 0% used [0x00000007fe180000,0x00000007fe180000,0x0000000800000000)
[51.129s][debug  ][gc,heap        ] GC(179)  ParOldGen       total 2883584K, used 1332837K [0x0000000740000000, 0x00000007f0000000, 0x00000007f0000000)
[51.129s][debug  ][gc,heap        ] GC(179)   object space 2883584K, 46% used [0x0000000740000000,0x0000000791599418,0x00000007f0000000)
[51.129s][debug  ][gc,heap        ] GC(179)  Metaspace       used 1025K, committed 1216K, reserved 1056768K
[51.129s][debug  ][gc,heap        ] GC(179)   class space    used 83K, committed 192K, reserved 1048576K
[51.129s][debug  ][gc,tlab        ] GC(179) TLAB totals: thrds: 1  refills: 1 max: 1 slow allocs: 18 max 18 waste: 27.5% gc: 3978088B max: 3978088B slow: 0B max: 0B
[51.129s][info   ][gc,start       ] GC(179) Pause Young (Allocation Failure)
[51.129s][debug  ][gc,phases,start] GC(179) Scavenge
[51.145s][debug  ][gc,phases      ] GC(179) Scavenge 15.526ms
[51.145s][debug  ][gc,phases,start] GC(179) Reference Processing
[51.145s][debug  ][gc,ref         ] GC(179) Skipped phase 1 of Reference Processing: no references
[51.145s][debug  ][gc,ref         ] GC(179) Skipped phase 2 of Reference Processing: no references
[51.145s][debug  ][gc,ref         ] GC(179) Skipped phase 3 of Reference Processing: no references
[51.145s][debug  ][gc,ref         ] GC(179) Skipped phase 4 of Reference Processing: no references
[51.145s][debug  ][gc,phases,ref  ] GC(179) Reference Processing: 0.1ms
[51.145s][debug  ][gc,phases,ref  ] GC(179)   Reconsider SoftReferences: 0.0ms
[51.145s][debug  ][gc,phases,ref  ] GC(179)     SoftRef (ms):                  skipped
[51.145s][debug  ][gc,phases,ref  ] GC(179)   Notify Soft/WeakReferences: 0.0ms
[51.145s][debug  ][gc,phases,ref  ] GC(179)     SoftRef (ms):                  skipped
[51.145s][debug  ][gc,phases,ref  ] GC(179)     WeakRef (ms):                  skipped
[51.145s][debug  ][gc,phases,ref  ] GC(179)     FinalRef (ms):                 skipped
[51.145s][debug  ][gc,phases,ref  ] GC(179)     Total (ms):                    skipped
[51.145s][debug  ][gc,phases,ref  ] GC(179)   Notify and keep alive finalizable: 0.0ms
[51.145s][debug  ][gc,phases,ref  ] GC(179)     FinalRef (ms):                 skipped
[51.145s][debug  ][gc,phases,ref  ] GC(179)   Notify PhantomReferences: 0.0ms
[51.145s][debug  ][gc,phases,ref  ] GC(179)     PhantomRef (ms):               skipped
[51.145s][debug  ][gc,phases,ref  ] GC(179)   SoftReference:
[51.145s][debug  ][gc,phases,ref  ] GC(179)     Discovered: 0
[51.145s][debug  ][gc,phases,ref  ] GC(179)     Cleared: 0
[51.145s][debug  ][gc,phases,ref  ] GC(179)   WeakReference:
[51.145s][debug  ][gc,phases,ref  ] GC(179)     Discovered: 0
[51.145s][debug  ][gc,phases,ref  ] GC(179)     Cleared: 0
[51.145s][debug  ][gc,phases,ref  ] GC(179)   FinalReference:
[51.145s][debug  ][gc,phases,ref  ] GC(179)     Discovered: 0
[51.145s][debug  ][gc,phases,ref  ] GC(179)     Cleared: 0
[51.145s][debug  ][gc,phases,ref  ] GC(179)   PhantomReference:
[51.145s][debug  ][gc,phases,ref  ] GC(179)     Discovered: 0
[51.145s][debug  ][gc,phases,ref  ] GC(179)     Cleared: 0
[51.145s][debug  ][gc,phases      ] GC(179) Reference Processing 0.602ms
[51.145s][debug  ][gc,phases,start] GC(179) Weak Processing
[51.145s][debug  ][gc,phases      ] GC(179)   VM Weak                        Min:  0.0, Avg:  0.0, Max:  0.0, Diff:  0.0, Sum:  0.0, Workers: 6
[51.145s][debug  ][gc,phases      ] GC(179)     Dead                           Min: 0, Avg:  0.0, Max: 0, Diff: 0, Sum: 0, Workers: 6
[51.145s][debug  ][gc,phases      ] GC(179)     Total                          Min: 0, Avg:  1.3, Max: 8, Diff: 8, Sum: 8, Workers: 6
[51.145s][debug  ][gc,phases      ] GC(179)   ObjectSynchronizer Weak        Min:  0.0, Avg:  0.0, Max:  0.0, Diff:  0.0, Sum:  0.0, Workers: 6
[51.145s][debug  ][gc,phases      ] GC(179)     Dead                           Min: 0, Avg:  0.0, Max: 0, Diff: 0, Sum: 0, Workers: 6
[51.145s][debug  ][gc,phases      ] GC(179)     Total                          Min: 0, Avg:  0.5, Max: 3, Diff: 3, Sum: 3, Workers: 6
[51.145s][debug  ][gc,phases      ] GC(179)   JVMTI Tag Weak OopStorage      Min:  0.0, Avg:  0.0, Max:  0.0, Diff:  0.0, Sum:  0.0, Workers: 6
[51.145s][debug  ][gc,phases      ] GC(179)     Dead                           Min: 0, Avg:  0.0, Max: 0, Diff: 0, Sum: 0, Workers: 6
[51.146s][debug  ][gc,phases      ] GC(179)     Total                          Min: 0, Avg:  0.0, Max: 0, Diff: 0, Sum: 0, Workers: 6
[51.146s][debug  ][gc,phases      ] GC(179)   StringTable Weak               Min:  0.0, Avg:  0.0, Max:  0.0, Diff:  0.0, Sum:  0.0, Workers: 6
[51.146s][debug  ][gc,phases      ] GC(179)     Dead                           Min: 0, Avg:  0.0, Max: 0, Diff: 0, Sum: 0, Workers: 6
[51.146s][debug  ][gc,phases      ] GC(179)     Total                          Min: 768, Avg: 892.5, Max: 960, Diff: 192, Sum: 5355, Workers: 6
[51.146s][debug  ][gc,phases      ] GC(179)   ResolvedMethodTable Weak       Min:  0.0, Avg:  0.0, Max:  0.0, Diff:  0.0, Sum:  0.0, Workers: 6
[51.146s][debug  ][gc,phases      ] GC(179)     Dead                           Min: 0, Avg:  0.0, Max: 0, Diff: 0, Sum: 0, Workers: 6
[51.146s][debug  ][gc,phases      ] GC(179)     Total                          Min: 0, Avg: 21.7, Max: 64, Diff: 64, Sum: 130, Workers: 6
[51.146s][debug  ][gc,phases      ] GC(179)   JNI Weak                       Min:  0.0, Avg:  0.0, Max:  0.0, Diff:  0.0, Sum:  0.0, Workers: 6
[51.146s][debug  ][gc,phases      ] GC(179)     Dead                           Min: 0, Avg:  0.0, Max: 0, Diff: 0, Sum: 0, Workers: 6
[51.146s][debug  ][gc,phases      ] GC(179)     Total                          Min: 0, Avg:  0.0, Max: 0, Diff: 0, Sum: 0, Workers: 6
[51.146s][debug  ][gc,phases      ] GC(179)   StringDedup Table Weak         Min:  0.0, Avg:  0.0, Max:  0.0, Diff:  0.0, Sum:  0.0, Workers: 6
[51.146s][debug  ][gc,phases      ] GC(179)     Dead                           Min: 0, Avg:  0.0, Max: 0, Diff: 0, Sum: 0, Workers: 6
[51.146s][debug  ][gc,phases      ] GC(179)     Total                          Min: 0, Avg:  0.0, Max: 0, Diff: 0, Sum: 0, Workers: 6
[51.146s][debug  ][gc,phases      ] GC(179)   StringDedup Requests0 Weak     Min:  0.0, Avg:  0.0, Max:  0.0, Diff:  0.0, Sum:  0.0, Workers: 6
[51.146s][debug  ][gc,phases      ] GC(179)     Dead                           Min: 0, Avg:  0.0, Max: 0, Diff: 0, Sum: 0, Workers: 6
[51.146s][debug  ][gc,phases      ] GC(179)     Total                          Min: 0, Avg:  0.0, Max: 0, Diff: 0, Sum: 0, Workers: 6
[51.146s][debug  ][gc,phases      ] GC(179)   StringDedup Requests1 Weak     Min:  0.0, Avg:  0.0, Max:  0.0, Diff:  0.0, Sum:  0.0, Workers: 6
[51.146s][debug  ][gc,phases      ] GC(179)     Dead                           Min: 0, Avg:  0.0, Max: 0, Diff: 0, Sum: 0, Workers: 6
[51.146s][debug  ][gc,phases      ] GC(179)     Total                          Min: 0, Avg:  0.0, Max: 0, Diff: 0, Sum: 0, Workers: 6
[51.146s][debug  ][gc,phases      ] GC(179)   Weak JFR Old Object Samples    Min:  0.0, Avg:  0.0, Max:  0.0, Diff:  0.0, Sum:  0.0, Workers: 6
[51.146s][debug  ][gc,phases      ] GC(179)     Dead                           Min: 0, Avg:  0.0, Max: 0, Diff: 0, Sum: 0, Workers: 6
[51.146s][debug  ][gc,phases      ] GC(179)     Total                          Min: 0, Avg:  0.0, Max: 0, Diff: 0, Sum: 0, Workers: 6
[51.146s][debug  ][gc,phases      ] GC(179) Weak Processing 0.682ms
[51.146s][debug  ][gc,ergo        ] GC(179) AdaptiveSizeStart:  collection: 180 
[51.146s][debug  ][gc,ergo        ] GC(179) avg_survived_padded_avg: 31523976.000000
[51.146s][debug  ][gc,ergo        ] GC(179) avg_promoted_padded_avg: 280807648.000000  avg_pretenured_padded_avg: 0.000000  tenuring_thresh: 1  target_size: 31981568
[51.146s][debug  ][gc,age         ] GC(179) Desired survivor size 31981568 bytes, new threshold 1 (max threshold 15)
[51.146s][debug  ][gc,ergo        ] GC(179) PSAdaptiveSizePolicy::compute_eden_space_size limits: desired_eden_size: 233712843 old_eden_size: 204472320 eden_limit: 204472320 cur_eden: 204472320 max_eden_size: 204472320 avg_young_live: 28686004
[51.146s][debug  ][gc,ergo        ] GC(179) PSAdaptiveSizePolicy::compute_eden_space_size: costs minor_time: 0.050275 major_cost: 0.020037 mutator_cost: 0.929688 throughput_goal: 0.990000
[51.146s][debug  ][gc,ergo        ] GC(179) Live_space: 854255808 free_space: 2335703040
[51.146s][debug  ][gc,ergo        ] GC(179) Old eden_size: 204472320 desired_eden_size: 204472320
[51.146s][debug  ][gc,ergo        ] GC(179) AdaptiveSizeStop: collection: 180 
[51.146s][info   ][gc,heap        ] GC(179) PSYoungGen: 229165K(230912K)->30720K(230912K) Eden: 198445K(199680K)->0K(199680K) From: 30720K(31232K)->30720K(31232K)
[51.146s][info   ][gc,heap        ] GC(179) ParOldGen: 1332837K(2883584K)->1527397K(2883584K)
[51.146s][info   ][gc,metaspace   ] GC(179) Metaspace: 1025K(1216K)->1025K(1216K) NonClass: 942K(1024K)->942K(1024K) Class: 83K(192K)->83K(192K)
[51.146s][info   ][gc             ] GC(179) Pause Young (Allocation Failure) 1525M->1521M(3041M) 17.266ms
[51.146s][info   ][gc,cpu         ] GC(179) User=0.05s Sys=0.00s Real=0.02s
[51.146s][debug  ][gc,heap        ] GC(179) Heap after GC invocations=180 (full 20):
[51.146s][debug  ][gc,heap        ] GC(179)  PSYoungGen      total 230912K, used 30720K [0x00000007f0000000, 0x0000000800000000, 0x0000000800000000)
[51.146s][debug  ][gc,heap        ] GC(179)   eden space 199680K, 0% used [0x00000007f0000000,0x00000007f0000000,0x00000007fc300000)
[51.146s][debug  ][gc,heap        ] GC(179)   from space 31232K, 98% used [0x00000007fe180000,0x00000007fff80030,0x0000000800000000)
[51.146s][debug  ][gc,heap        ] GC(179)   to   space 31232K, 0% used [0x00000007fc300000,0x00000007fc300000,0x00000007fe180000)
[51.146s][debug  ][gc,heap        ] GC(179)  ParOldGen       total 2883584K, used 1527397K [0x0000000740000000, 0x00000007f0000000, 0x00000007f0000000)
[51.146s][debug  ][gc,heap        ] GC(179)   object space 2883584K, 52% used [0x0000000740000000,0x000000079d399548,0x00000007f0000000)
[51.146s][debug  ][gc,heap        ] GC(179)  Metaspace       used 1025K, committed 1216K, reserved 1056768K
[51.146s][debug  ][gc,heap        ] GC(179)   class space    used 83K, committed 192K, reserved 1048576K
[51.146s][debug  ][gc,task,time   ] GC(179) VM-Thread 511285218 511446533 511464947
[51.445s][debug  ][gc,heap        ] GC(180) Heap before GC invocations=181 (full 20):
[51.445s][debug  ][gc,heap        ] GC(180)  PSYoungGen      total 230912K, used 229175K [0x00000007f0000000, 0x0000000800000000, 0x0000000800000000)
[51.445s][debug  ][gc,heap        ] GC(180)   eden space 199680K, 99% used [0x00000007f0000000,0x00000007fc1cdf68,0x00000007fc300000)
[51.445s][debug  ][gc,heap        ] GC(180)   from space 31232K, 98% used [0x00000007fe180000,0x00000007fff80030,0x0000000800000000)
[51.445s][debug  ][gc,heap        ] GC(180)   to   space 31232K, 0% used [0x00000007fc300000,0x00000007fc300000,0x00000007fe180000)
[51.445s][debug  ][gc,heap        ] GC(180)  ParOldGen       total 2883584K, used 1527397K [0x0000000740000000, 0x00000007f0000000, 0x00000007f0000000)
[51.445s][debug  ][gc,heap        ] GC(180)   object space 2883584K, 52% used [0x0000000740000000,0x000000079d399548,0x00000007f0000000)
[51.445s][debug  ][gc,heap        ] GC(180)  Metaspace       used 1025K, committed 1216K, reserved 1056768K
[51.445s][debug  ][gc,heap        ] GC(180)   class space    used 83K, committed 192K, reserved 1048576K
[51.445s][debug  ][gc,tlab        ] GC(180) TLAB totals: thrds: 1  refills: 1 max: 1 slow allocs: 18 max 18 waste: 27.6% gc: 3989048B max: 3989048B slow: 0B max: 0B
[51.445s][info   ][gc,start       ] GC(180) Pause Young (Allocation Failure)
[51.445s][debug  ][gc,phases,start] GC(180) Scavenge
[51.461s][debug  ][gc,phases      ] GC(180) Scavenge 15.561ms
[51.461s][debug  ][gc,phases,start] GC(180) Reference Processing
[51.461s][debug  ][gc,ref         ] GC(180) Skipped phase 1 of Reference Processing: no references
[51.461s][debug  ][gc,ref         ] GC(180) Skipped phase 2 of Reference Processing: no references
[51.461s][debug  ][gc,ref         ] GC(180) Skipped phase 3 of Reference Processing: no references
[51.461s][debug  ][gc,ref         ] GC(180) Skipped phase 4 of Reference Processing: no references
[51.461s][debug  ][gc,phases,ref  ] GC(180) Reference Processing: 0.1ms
[51.461s][debug  ][gc,phases,ref  ] GC(180)   Reconsider SoftReferences: 0.0ms
[51.461s][debug  ][gc,phases,ref  ] GC(180)     SoftRef (ms):                  skipped
[51.461s][debug  ][gc,phases,ref  ] GC(180)   Notify Soft/WeakReferences: 0.0ms
[51.461s][debug  ][gc,phases,ref  ] GC(180)     SoftRef (ms):                  skipped
[51.461s][debug  ][gc,phases,ref  ] GC(180)     WeakRef (ms):                  skipped
[51.461s][debug  ][gc,phases,ref  ] GC(180)     FinalRef (ms):                 skipped
[51.461s][debug  ][gc,phases,ref  ] GC(180)     Total (ms):                    skipped
[51.461s][debug  ][gc,phases,ref  ] GC(180)   Notify and keep alive finalizable: 0.0ms
[51.461s][debug  ][gc,phases,ref  ] GC(180)     FinalRef (ms):                 skipped
[51.461s][debug  ][gc,phases,ref  ] GC(180)   Notify PhantomReferences: 0.0ms
[51.461s][debug  ][gc,phases,ref  ] GC(180)     PhantomRef (ms):               skipped
[51.461s][debug  ][gc,phases,ref  ] GC(180)   SoftReference:
[51.461s][debug  ][gc,phases,ref  ] GC(180)     Discovered: 0
[51.461s][debug  ][gc,phases,ref  ] GC(180)     Cleared: 0
[51.461s][debug  ][gc,phases,ref  ] GC(180)   WeakReference:
[51.461s][debug  ][gc,phases,ref  ] GC(180)     Discovered: 0
[51.461s][debug  ][gc,phases,ref  ] GC(180)     Cleared: 0
[51.461s][debug  ][gc,phases,ref  ] GC(180)   FinalReference:
[51.461s][debug  ][gc,phases,ref  ] GC(180)     Discovered: 0
[51.461s][debug  ][gc,phases,ref  ] GC(180)     Cleared: 0
[51.461s][debug  ][gc,phases,ref  ] GC(180)   PhantomReference:
[51.461s][debug  ][gc,phases,ref  ] GC(180)     Discovered: 0
[51.462s][debug  ][gc,phases,ref  ] GC(180)     Cleared: 0
[51.462s][debug  ][gc,phases      ] GC(180) Reference Processing 0.697ms
[51.462s][debug  ][gc,phases,start] GC(180) Weak Processing
[51.462s][debug  ][gc,phases      ] GC(180)   VM Weak                        Min:  0.0, Avg:  0.0, Max:  0.0, Diff:  0.0, Sum:  0.0, Workers: 6
[51.462s][debug  ][gc,phases      ] GC(180)     Dead                           Min: 0, Avg:  0.0, Max: 0, Diff: 0, Sum: 0, Workers: 6
[51.462s][debug  ][gc,phases      ] GC(180)     Total                          Min: 0, Avg:  1.3, Max: 8, Diff: 8, Sum: 8, Workers: 6
[51.462s][debug  ][gc,phases      ] GC(180)   ObjectSynchronizer Weak        Min:  0.0, Avg:  0.0, Max:  0.0, Diff:  0.0, Sum:  0.0, Workers: 6
[51.462s][debug  ][gc,phases      ] GC(180)     Dead                           Min: 0, Avg:  0.0, Max: 0, Diff: 0, Sum: 0, Workers: 6
[51.462s][debug  ][gc,phases      ] GC(180)     Total                          Min: 0, Avg:  0.5, Max: 3, Diff: 3, Sum: 3, Workers: 6
[51.462s][debug  ][gc,phases      ] GC(180)   JVMTI Tag Weak OopStorage      Min:  0.0, Avg:  0.0, Max:  0.0, Diff:  0.0, Sum:  0.0, Workers: 6
[51.462s][debug  ][gc,phases      ] GC(180)     Dead                           Min: 0, Avg:  0.0, Max: 0, Diff: 0, Sum: 0, Workers: 6
[51.462s][debug  ][gc,phases      ] GC(180)     Total                          Min: 0, Avg:  0.0, Max: 0, Diff: 0, Sum: 0, Workers: 6
[51.462s][debug  ][gc,phases      ] GC(180)   StringTable Weak               Min:  0.0, Avg:  0.0, Max:  0.0, Diff:  0.0, Sum:  0.0, Workers: 6
[51.462s][debug  ][gc,phases      ] GC(180)     Dead                           Min: 0, Avg:  0.0, Max: 0, Diff: 0, Sum: 0, Workers: 6
[51.462s][debug  ][gc,phases      ] GC(180)     Total                          Min: 704, Avg: 892.5, Max: 1132, Diff: 428, Sum: 5355, Workers: 6
[51.462s][debug  ][gc,phases      ] GC(180)   ResolvedMethodTable Weak       Min:  0.0, Avg:  0.0, Max:  0.0, Diff:  0.0, Sum:  0.0, Workers: 6
[51.462s][debug  ][gc,phases      ] GC(180)     Dead                           Min: 0, Avg:  0.0, Max: 0, Diff: 0, Sum: 0, Workers: 6
[51.462s][debug  ][gc,phases      ] GC(180)     Total                          Min: 0, Avg: 21.7, Max: 64, Diff: 64, Sum: 130, Workers: 6
[51.462s][debug  ][gc,phases      ] GC(180)   JNI Weak                       Min:  0.0, Avg:  0.0, Max:  0.0, Diff:  0.0, Sum:  0.0, Workers: 6
[51.462s][debug  ][gc,phases      ] GC(180)     Dead                           Min: 0, Avg:  0.0, Max: 0, Diff: 0, Sum: 0, Workers: 6
[51.462s][debug  ][gc,phases      ] GC(180)     Total                          Min: 0, Avg:  0.0, Max: 0, Diff: 0, Sum: 0, Workers: 6
[51.462s][debug  ][gc,phases      ] GC(180)   StringDedup Table Weak         Min:  0.0, Avg:  0.0, Max:  0.0, Diff:  0.0, Sum:  0.0, Workers: 6
[51.462s][debug  ][gc,phases      ] GC(180)     Dead                           Min: 0, Avg:  0.0, Max: 0, Diff: 0, Sum: 0, Workers: 6
[51.462s][debug  ][gc,phases      ] GC(180)     Total                          Min: 0, Avg:  0.0, Max: 0, Diff: 0, Sum: 0, Workers: 6
[51.462s][debug  ][gc,phases      ] GC(180)   StringDedup Requests0 Weak     Min:  0.0, Avg:  0.0, Max:  0.0, Diff:  0.0, Sum:  0.0, Workers: 6
[51.462s][debug  ][gc,phases      ] GC(180)     Dead                           Min: 0, Avg:  0.0, Max: 0, Diff: 0, Sum: 0, Workers: 6
[51.462s][debug  ][gc,phases      ] GC(180)     Total                          Min: 0, Avg:  0.0, Max: 0, Diff: 0, Sum: 0, Workers: 6
[51.462s][debug  ][gc,phases      ] GC(180)   StringDedup Requests1 Weak     Min:  0.0, Avg:  0.0, Max:  0.0, Diff:  0.0, Sum:  0.0, Workers: 6
[51.462s][debug  ][gc,phases      ] GC(180)     Dead                           Min: 0, Avg:  0.0, Max: 0, Diff: 0, Sum: 0, Workers: 6
[51.462s][debug  ][gc,phases      ] GC(180)     Total                          Min: 0, Avg:  0.0, Max: 0, Diff: 0, Sum: 0, Workers: 6
[51.462s][debug  ][gc,phases      ] GC(180)   Weak JFR Old Object Samples    Min:  0.0, Avg:  0.0, Max:  0.0, Diff:  0.0, Sum:  0.0, Workers: 6
[51.462s][debug  ][gc,phases      ] GC(180)     Dead                           Min: 0, Avg:  0.0, Max: 0, Diff: 0, Sum: 0, Workers: 6
[51.462s][debug  ][gc,phases      ] GC(180)     Total                          Min: 0, Avg:  0.0, Max: 0, Diff: 0, Sum: 0, Workers: 6
[51.462s][debug  ][gc,phases      ] GC(180) Weak Processing 0.737ms
[51.462s][debug  ][gc,ergo        ] GC(180) AdaptiveSizeStart:  collection: 181 
[51.462s][debug  ][gc,ergo        ] GC(180) avg_survived_padded_avg: 31518170.000000
[51.462s][debug  ][gc,ergo        ] GC(180) avg_promoted_padded_avg: 279047936.000000  avg_pretenured_padded_avg: 0.000000  tenuring_thresh: 1  target_size: 31981568
[51.462s][debug  ][gc,age         ] GC(180) Desired survivor size 31981568 bytes, new threshold 1 (max threshold 15)
[51.462s][debug  ][gc,ergo        ] GC(180) PSAdaptiveSizePolicy::compute_eden_space_size limits: desired_eden_size: 233873197 old_eden_size: 204472320 eden_limit: 204472320 cur_eden: 204472320 max_eden_size: 204472320 avg_young_live: 28963134
[51.462s][debug  ][gc,ergo        ] GC(180) PSAdaptiveSizePolicy::compute_eden_space_size: costs minor_time: 0.051256 major_cost: 0.020037 mutator_cost: 0.928707 throughput_goal: 0.990000
[51.462s][debug  ][gc,ergo        ] GC(180) Live_space: 854532928 free_space: 2335703040
