[0.005s][warning][gc] -XX:+PrintGCDetails is deprecated. Will use -Xlog:gc* instead.
[0.011s][debug  ][gc,heap] Minimum heap 4294967296  Initial heap 4294967296  Maximum heap 4294967296
[0.011s][info   ][gc     ] Using Parallel
[0.011s][debug  ][gc,heap,coops] Heap address: 0x0000000700000000, size: 4096 MB, Compressed Oops mode: Zero based, Oop shift amount: 3
[0.020s][info   ][gc,init      ] Version: 17.0.2+8-86 (release)
[0.020s][info   ][gc,init      ] CPUs: 12 total, 12 available
[0.020s][info   ][gc,init      ] Memory: 14188M
[0.020s][info   ][gc,init      ] Large Page Support: Disabled
[0.021s][info   ][gc,init      ] NUMA Support: Disabled
[0.021s][info   ][gc,init      ] Compressed Oops: Enabled (Zero based)
[0.021s][info   ][gc,init      ] Alignments: Space 512K, Generation 512K, Heap 2M
[0.021s][info   ][gc,init      ] Heap Min Capacity: 4G
[0.021s][info   ][gc,init      ] Heap Initial Capacity: 4G
[0.021s][info   ][gc,init      ] Heap Max Capacity: 4G
[0.021s][info   ][gc,init      ] Pre-touch: Disabled
[0.021s][info   ][gc,init      ] Parallel Workers: 10
[0.021s][info   ][gc,metaspace ] CDS archive(s) mapped at: [0x0000000800000000-0x0000000800bc0000-0x0000000800bc0000), size 12320768, SharedBaseAddress: 0x0000000800000000, ArchiveRelocationMode: 0.
[0.022s][info   ][gc,metaspace ] Compressed class space mapped at: 0x0000000800c00000-0x0000000840c00000, reserved size: 1073741824
[0.022s][info   ][gc,metaspace ] Narrow klass base: 0x0000000800000000, Narrow klass shift: 0, Narrow klass range: 0x100000000
[0.361s][debug  ][gc,heap      ] GC(0) Heap before GC invocations=1 (full 0):
[0.361s][debug  ][gc,heap      ] GC(0)  PSYoungGen      total 229376K, used 189809K [0x00000007f0000000, 0x0000000800000000, 0x0000000800000000)
[0.361s][debug  ][gc,heap      ] GC(0)   eden space 196608K, 96% used [0x00000007f0000000,0x00000007fb95c500,0x00000007fc000000)
[0.361s][debug  ][gc,heap      ] GC(0)   from space 32768K, 0% used [0x00000007fe000000,0x00000007fe000000,0x0000000800000000)
[0.361s][debug  ][gc,heap      ] GC(0)   to   space 32768K, 0% used [0x00000007fc000000,0x00000007fc000000,0x00000007fe000000)
[0.361s][debug  ][gc,heap      ] GC(0)  ParOldGen       total 3932160K, used 0K [0x0000000700000000, 0x00000007f0000000, 0x00000007f0000000)
[0.361s][debug  ][gc,heap      ] GC(0)   object space 3932160K, 0% used [0x0000000700000000,0x0000000700000000,0x00000007f0000000)
[0.361s][debug  ][gc,heap      ] GC(0)  Metaspace       used 714K, committed 832K, reserved 1056768K
[0.361s][debug  ][gc,heap      ] GC(0)   class space    used 59K, committed 128K, reserved 1048576K
[0.361s][debug  ][gc,tlab      ] GC(0) TLAB totals: thrds: 4  refills: 4 max: 1 slow allocs: 18 max 18 waste: 89.8% gc: 14463376B max: 4026448B slow: 0B max: 0B
[0.361s][info   ][gc,start     ] GC(0) Pause Young (Allocation Failure)
[0.361s][debug  ][gc,phases,start] GC(0) Scavenge
[0.376s][debug  ][gc,phases      ] GC(0) Scavenge 14.536ms
[0.376s][debug  ][gc,phases,start] GC(0) Reference Processing
[0.376s][debug  ][gc,ref         ] GC(0) Skipped phase 1 of Reference Processing: no references
[0.376s][debug  ][gc,ref         ] GC(0) ReferenceProcessor::execute queues: 1, RefProcThreadModel::Single, marks_oops_alive: false
[0.376s][debug  ][gc,ref         ] GC(0) Skipped phase 3 of Reference Processing: no references
[0.376s][debug  ][gc,ref         ] GC(0) ReferenceProcessor::execute queues: 1, RefProcThreadModel::Single, marks_oops_alive: false
[0.376s][debug  ][gc,phases,ref  ] GC(0) Reference Processing: 0.1ms
[0.376s][debug  ][gc,phases,ref  ] GC(0)   Reconsider SoftReferences: 0.0ms
[0.376s][debug  ][gc,phases,ref  ] GC(0)     SoftRef (ms):                  skipped
[0.376s][debug  ][gc,phases,ref  ] GC(0)   Notify Soft/WeakReferences: 0.0ms
[0.376s][debug  ][gc,phases,ref  ] GC(0)     SoftRef (ms):                  Min:  0.0, Avg:  0.0, Max:  0.0, Diff:  0.0, Sum:  0.0, Workers: 10
[0.376s][debug  ][gc,phases,ref  ] GC(0)     WeakRef (ms):                  Min:  0.0, Avg:  0.0, Max:  0.0, Diff:  0.0, Sum:  0.0, Workers: 10
[0.376s][debug  ][gc,phases,ref  ] GC(0)     FinalRef (ms):                 Min:  0.0, Avg:  0.0, Max:  0.0, Diff:  0.0, Sum:  0.0, Workers: 10
[0.376s][debug  ][gc,phases,ref  ] GC(0)     Total (ms):                    Min:  0.0, Avg:  0.0, Max:  0.0, Diff:  0.0, Sum:  0.0, Workers: 10
[0.376s][debug  ][gc,phases,ref  ] GC(0)   Notify and keep alive finalizable: 0.0ms
[0.376s][debug  ][gc,phases,ref  ] GC(0)     FinalRef (ms):                 skipped
[0.376s][debug  ][gc,phases,ref  ] GC(0)   Notify PhantomReferences: 0.0ms
[0.376s][debug  ][gc,phases,ref  ] GC(0)     PhantomRef (ms):               Min:  0.0, Avg:  0.0, Max:  0.0, Diff:  0.0, Sum:  0.0, Workers: 10
[0.376s][debug  ][gc,phases,ref  ] GC(0)   SoftReference:
[0.377s][debug  ][gc,phases,ref  ] GC(0)     Discovered: 0
[0.377s][debug  ][gc,phases,ref  ] GC(0)     Cleared: 0
[0.377s][debug  ][gc,phases,ref  ] GC(0)   WeakReference:
[0.377s][debug  ][gc,phases,ref  ] GC(0)     Discovered: 76
[0.377s][debug  ][gc,phases,ref  ] GC(0)     Cleared: 53
[0.377s][debug  ][gc,phases,ref  ] GC(0)   FinalReference:
[0.377s][debug  ][gc,phases,ref  ] GC(0)     Discovered: 0
[0.377s][debug  ][gc,phases,ref  ] GC(0)     Cleared: 0
[0.377s][debug  ][gc,phases,ref  ] GC(0)   PhantomReference:
[0.377s][debug  ][gc,phases,ref  ] GC(0)     Discovered: 19
[0.377s][debug  ][gc,phases,ref  ] GC(0)     Cleared: 4
[0.377s][debug  ][gc,phases      ] GC(0) Reference Processing 0.841ms
[0.377s][debug  ][gc,phases,start] GC(0) Weak Processing
[0.377s][debug  ][gc,phases      ] GC(0)   VM Weak                        Min:  0.0, Avg:  0.0, Max:  0.0, Diff:  0.0, Sum:  0.0, Workers: 3
[0.377s][debug  ][gc,phases      ] GC(0)     Dead                           Min: 0, Avg:  0.0, Max: 0, Diff: 0, Sum: 0, Workers: 3
[0.377s][debug  ][gc,phases      ] GC(0)     Total                          Min: 0, Avg:  2.3, Max: 7, Diff: 7, Sum: 7, Workers: 3
[0.377s][debug  ][gc,phases      ] GC(0)   ObjectSynchronizer Weak        Min:  0.0, Avg:  0.0, Max:  0.0, Diff:  0.0, Sum:  0.0, Workers: 3
[0.377s][debug  ][gc,phases      ] GC(0)     Dead                           Min: 0, Avg:  0.0, Max: 0, Diff: 0, Sum: 0, Workers: 3
[0.377s][debug  ][gc,phases      ] GC(0)     Total                          Min: 0, Avg:  1.0, Max: 3, Diff: 3, Sum: 3, Workers: 3
[0.377s][debug  ][gc,phases      ] GC(0)   JVMTI Tag Weak OopStorage      Min:  0.0, Avg:  0.0, Max:  0.0, Diff:  0.0, Sum:  0.0, Workers: 3
[0.377s][debug  ][gc,phases      ] GC(0)     Dead                           Min: 0, Avg:  0.0, Max: 0, Diff: 0, Sum: 0, Workers: 3
[0.377s][debug  ][gc,phases      ] GC(0)     Total                          Min: 0, Avg:  0.0, Max: 0, Diff: 0, Sum: 0, Workers: 3
[0.377s][debug  ][gc,phases      ] GC(0)   StringTable Weak               Min:  0.0, Avg:  0.0, Max:  0.0, Diff:  0.0, Sum:  0.1, Workers: 3
[0.377s][debug  ][gc,phases      ] GC(0)     Dead                           Min: 0, Avg:  1.3, Max: 3, Diff: 3, Sum: 4, Workers: 3
[0.377s][debug  ][gc,phases      ] GC(0)     Total                          Min: 832, Avg: 873.7, Max: 896, Diff: 64, Sum: 2621, Workers: 3
[0.377s][debug  ][gc,phases      ] GC(0)   ResolvedMethodTable Weak       Min:  0.0, Avg:  0.0, Max:  0.0, Diff:  0.0, Sum:  0.0, Workers: 3
[0.377s][debug  ][gc,phases      ] GC(0)     Dead                           Min: 0, Avg:  0.3, Max: 1, Diff: 1, Sum: 1, Workers: 3
[0.377s][debug  ][gc,phases      ] GC(0)     Total                          Min: 0, Avg: 27.7, Max: 64, Diff: 64, Sum: 83, Workers: 3
[0.377s][debug  ][gc,phases      ] GC(0)   JNI Weak                       Min:  0.0, Avg:  0.0, Max:  0.0, Diff:  0.0, Sum:  0.0, Workers: 3
[0.377s][debug  ][gc,phases      ] GC(0)     Dead                           Min: 0, Avg:  0.0, Max: 0, Diff: 0, Sum: 0, Workers: 3
[0.377s][debug  ][gc,phases      ] GC(0)     Total                          Min: 0, Avg:  0.0, Max: 0, Diff: 0, Sum: 0, Workers: 3
[0.377s][debug  ][gc,phases      ] GC(0)   StringDedup Table Weak         Min:  0.0, Avg:  0.0, Max:  0.0, Diff:  0.0, Sum:  0.0, Workers: 3
[0.377s][debug  ][gc,phases      ] GC(0)     Dead                           Min: 0, Avg:  0.0, Max: 0, Diff: 0, Sum: 0, Workers: 3
[0.377s][debug  ][gc,phases      ] GC(0)     Total                          Min: 0, Avg:  0.0, Max: 0, Diff: 0, Sum: 0, Workers: 3
[0.378s][debug  ][gc,phases      ] GC(0)   StringDedup Requests0 Weak     Min:  0.0, Avg:  0.0, Max:  0.0, Diff:  0.0, Sum:  0.0, Workers: 3
[0.378s][debug  ][gc,phases      ] GC(0)     Dead                           Min: 0, Avg:  0.0, Max: 0, Diff: 0, Sum: 0, Workers: 3
[0.378s][debug  ][gc,phases      ] GC(0)     Total                          Min: 0, Avg:  0.0, Max: 0, Diff: 0, Sum: 0, Workers: 3
[0.378s][debug  ][gc,phases      ] GC(0)   StringDedup Requests1 Weak     Min:  0.0, Avg:  0.0, Max:  0.0, Diff:  0.0, Sum:  0.0, Workers: 3
[0.378s][debug  ][gc,phases      ] GC(0)     Dead                           Min: 0, Avg:  0.0, Max: 0, Diff: 0, Sum: 0, Workers: 3
[0.378s][debug  ][gc,phases      ] GC(0)     Total                          Min: 0, Avg:  0.0, Max: 0, Diff: 0, Sum: 0, Workers: 3
[0.378s][debug  ][gc,phases      ] GC(0)   Weak JFR Old Object Samples    Min:  0.0, Avg:  0.0, Max:  0.0, Diff:  0.0, Sum:  0.0, Workers: 3
[0.378s][debug  ][gc,phases      ] GC(0)     Dead                           Min: 0, Avg:  0.0, Max: 0, Diff: 0, Sum: 0, Workers: 3
[0.378s][debug  ][gc,phases      ] GC(0)     Total                          Min: 0, Avg:  0.0, Max: 0, Diff: 0, Sum: 0, Workers: 3
[0.378s][debug  ][gc,phases      ] GC(0) Weak Processing 0.989ms
[0.378s][debug  ][gc,ergo        ] GC(0) AdaptiveSizeStart:  collection: 1 
[0.378s][debug  ][gc,age         ] GC(0) Desired survivor size 33554432 bytes, new threshold 7 (max threshold 15)
[0.378s][debug  ][gc,ergo        ] GC(0) PSAdaptiveSizePolicy::compute_eden_space_size limits: desired_eden_size: 402653184 old_eden_size: 201326592 eden_limit: 201326592 cur_eden: 201326592 max_eden_size: 201326592 avg_young_live: 32514128
[0.378s][debug  ][gc,ergo        ] GC(0) PSAdaptiveSizePolicy::compute_eden_space_size: costs minor_time: 0.046824 major_cost: 0.000000 mutator_cost: 0.953176 throughput_goal: 0.990000
[0.378s][debug  ][gc,ergo        ] GC(0) Live_space: 300949568 free_space: 402653184
[0.378s][debug  ][gc,ergo        ] GC(0) Old eden_size: 201326592 desired_eden_size: 201326592
[0.378s][debug  ][gc,ergo        ] GC(0) AdaptiveSizeStop: collection: 1 
[0.378s][info   ][gc,heap        ] GC(0) PSYoungGen: 189809K(229376K)->31752K(229376K) Eden: 189809K(196608K)->0K(196608K) From: 0K(32768K)->31752K(32768K)
[0.378s][info   ][gc,heap        ] GC(0) ParOldGen: 0K(3932160K)->143368K(3932160K)
[0.378s][info   ][gc,metaspace   ] GC(0) Metaspace: 714K(832K)->714K(832K) NonClass: 654K(704K)->654K(704K) Class: 59K(128K)->59K(128K)
[0.378s][info   ][gc             ] GC(0) Pause Young (Allocation Failure) 185M->171M(4064M) 17.074ms
[0.378s][info   ][gc,cpu         ] GC(0) User=0.02s Sys=0.11s Real=0.02s
[0.378s][debug  ][gc,heap        ] GC(0) Heap after GC invocations=1 (full 0):
[0.378s][debug  ][gc,heap        ] GC(0)  PSYoungGen      total 229376K, used 31752K [0x00000007f0000000, 0x0000000800000000, 0x0000000800000000)
[0.378s][debug  ][gc,heap        ] GC(0)   eden space 196608K, 0% used [0x00000007f0000000,0x00000007f0000000,0x00000007fc000000)
[0.378s][debug  ][gc,heap        ] GC(0)   from space 32768K, 96% used [0x00000007fc000000,0x00000007fdf02050,0x00000007fe000000)
[0.378s][debug  ][gc,heap        ] GC(0)   to   space 32768K, 0% used [0x00000007fe000000,0x00000007fe000000,0x0000000800000000)
[0.378s][debug  ][gc,heap        ] GC(0)  ParOldGen       total 3932160K, used 143368K [0x0000000700000000, 0x00000007f0000000, 0x00000007f0000000)
[0.378s][debug  ][gc,heap        ] GC(0)   object space 3932160K, 3% used [0x0000000700000000,0x0000000708c020e0,0x00000007f0000000)
[0.378s][debug  ][gc,heap        ] GC(0)  Metaspace       used 714K, committed 832K, reserved 1056768K
[0.378s][debug  ][gc,heap        ] GC(0)   class space    used 59K, committed 128K, reserved 1048576K
[0.378s][debug  ][gc,task,time   ] GC(0) VM-Thread 3606676 3759145 3783891
[0.660s][debug  ][gc,heap        ] GC(1) Heap before GC invocations=2 (full 0):
[0.660s][debug  ][gc,heap        ] GC(1)  PSYoungGen      total 229376K, used 219841K [0x00000007f0000000, 0x0000000800000000, 0x0000000800000000)
[0.660s][debug  ][gc,heap        ] GC(1)   eden space 196608K, 95% used [0x00000007f0000000,0x00000007fb7ae610,0x00000007fc000000)
[0.660s][debug  ][gc,heap        ] GC(1)   from space 32768K, 96% used [0x00000007fc000000,0x00000007fdf02050,0x00000007fe000000)
[0.660s][debug  ][gc,heap        ] GC(1)   to   space 32768K, 0% used [0x00000007fe000000,0x00000007fe000000,0x0000000800000000)
[0.660s][debug  ][gc,heap        ] GC(1)  ParOldGen       total 3932160K, used 143368K [0x0000000700000000, 0x00000007f0000000, 0x00000007f0000000)
[0.660s][debug  ][gc,heap        ] GC(1)   object space 3932160K, 3% used [0x0000000700000000,0x0000000708c020e0,0x00000007f0000000)
[0.660s][debug  ][gc,heap        ] GC(1)  Metaspace       used 714K, committed 832K, reserved 1056768K
[0.660s][debug  ][gc,heap        ] GC(1)   class space    used 59K, committed 128K, reserved 1048576K
[0.660s][debug  ][gc,tlab        ] GC(1) TLAB totals: thrds: 1  refills: 1 max: 1 slow allocs: 17 max 17 waste: 26.9% gc: 3859328B max: 3859328B slow: 0B max: 0B
[0.660s][info   ][gc,start       ] GC(1) Pause Young (Allocation Failure)
[0.660s][debug  ][gc,phases,start] GC(1) Scavenge
[0.683s][debug  ][gc,phases      ] GC(1) Scavenge 22.092ms
[0.683s][debug  ][gc,phases,start] GC(1) Reference Processing
[0.683s][debug  ][gc,ref         ] GC(1) Skipped phase 1 of Reference Processing: no references
[0.683s][debug  ][gc,ref         ] GC(1) ReferenceProcessor::execute queues: 1, RefProcThreadModel::Single, marks_oops_alive: false
[0.683s][debug  ][gc,ref         ] GC(1) Skipped phase 3 of Reference Processing: no references
[0.683s][debug  ][gc,ref         ] GC(1) ReferenceProcessor::execute queues: 1, RefProcThreadModel::Single, marks_oops_alive: false
[0.683s][debug  ][gc,phases,ref  ] GC(1) Reference Processing: 0.1ms
[0.683s][debug  ][gc,phases,ref  ] GC(1)   Reconsider SoftReferences: 0.0ms
[0.683s][debug  ][gc,phases,ref  ] GC(1)     SoftRef (ms):                  skipped
[0.683s][debug  ][gc,phases,ref  ] GC(1)   Notify Soft/WeakReferences: 0.0ms
[0.683s][debug  ][gc,phases,ref  ] GC(1)     SoftRef (ms):                  Min:  0.0, Avg:  0.0, Max:  0.0, Diff:  0.0, Sum:  0.0, Workers: 10
[0.683s][debug  ][gc,phases,ref  ] GC(1)     WeakRef (ms):                  Min:  0.0, Avg:  0.0, Max:  0.0, Diff:  0.0, Sum:  0.0, Workers: 10
[0.683s][debug  ][gc,phases,ref  ] GC(1)     FinalRef (ms):                 Min:  0.0, Avg:  0.0, Max:  0.0, Diff:  0.0, Sum:  0.0, Workers: 10
[0.683s][debug  ][gc,phases,ref  ] GC(1)     Total (ms):                    Min:  0.0, Avg:  0.0, Max:  0.0, Diff:  0.0, Sum:  0.0, Workers: 10
[0.683s][debug  ][gc,phases,ref  ] GC(1)   Notify and keep alive finalizable: 0.0ms
[0.683s][debug  ][gc,phases,ref  ] GC(1)     FinalRef (ms):                 skipped
[0.683s][debug  ][gc,phases,ref  ] GC(1)   Notify PhantomReferences: 0.0ms
[0.683s][debug  ][gc,phases,ref  ] GC(1)     PhantomRef (ms):               Min:  0.0, Avg:  0.0, Max:  0.0, Diff:  0.0, Sum:  0.0, Workers: 10
[0.683s][debug  ][gc,phases,ref  ] GC(1)   SoftReference:
[0.683s][debug  ][gc,phases,ref  ] GC(1)     Discovered: 0
[0.683s][debug  ][gc,phases,ref  ] GC(1)     Cleared: 0
[0.683s][debug  ][gc,phases,ref  ] GC(1)   WeakReference:
[0.683s][debug  ][gc,phases,ref  ] GC(1)     Discovered: 3
[0.683s][debug  ][gc,phases,ref  ] GC(1)     Cleared: 3
[0.683s][debug  ][gc,phases,ref  ] GC(1)   FinalReference:
[0.683s][debug  ][gc,phases,ref  ] GC(1)     Discovered: 0
[0.683s][debug  ][gc,phases,ref  ] GC(1)     Cleared: 0
[0.683s][debug  ][gc,phases,ref  ] GC(1)   PhantomReference:
[0.683s][debug  ][gc,phases,ref  ] GC(1)     Discovered: 5
[0.683s][debug  ][gc,phases,ref  ] GC(1)     Cleared: 5
[0.683s][debug  ][gc,phases      ] GC(1) Reference Processing 0.608ms
[0.683s][debug  ][gc,phases,start] GC(1) Weak Processing
[0.683s][debug  ][gc,phases      ] GC(1)   VM Weak                        Min:  0.0, Avg:  0.0, Max:  0.0, Diff:  0.0, Sum:  0.0, Workers: 3
[0.683s][debug  ][gc,phases      ] GC(1)     Dead                           Min: 0, Avg:  0.0, Max: 0, Diff: 0, Sum: 0, Workers: 3
[0.683s][debug  ][gc,phases      ] GC(1)     Total                          Min: 0, Avg:  2.3, Max: 7, Diff: 7, Sum: 7, Workers: 3
[0.683s][debug  ][gc,phases      ] GC(1)   ObjectSynchronizer Weak        Min:  0.0, Avg:  0.0, Max:  0.0, Diff:  0.0, Sum:  0.0, Workers: 3
[0.683s][debug  ][gc,phases      ] GC(1)     Dead                           Min: 0, Avg:  0.0, Max: 0, Diff: 0, Sum: 0, Workers: 3
[0.683s][debug  ][gc,phases      ] GC(1)     Total                          Min: 0, Avg:  1.0, Max: 3, Diff: 3, Sum: 3, Workers: 3
[0.683s][debug  ][gc,phases      ] GC(1)   JVMTI Tag Weak OopStorage      Min:  0.0, Avg:  0.0, Max:  0.0, Diff:  0.0, Sum:  0.0, Workers: 3
[0.683s][debug  ][gc,phases      ] GC(1)     Dead                           Min: 0, Avg:  0.0, Max: 0, Diff: 0, Sum: 0, Workers: 3
[0.684s][debug  ][gc,phases      ] GC(1)     Total                          Min: 0, Avg:  0.0, Max: 0, Diff: 0, Sum: 0, Workers: 3
[0.684s][debug  ][gc,phases      ] GC(1)   StringTable Weak               Min:  0.0, Avg:  0.0, Max:  0.0, Diff:  0.0, Sum:  0.1, Workers: 3
[0.684s][debug  ][gc,phases      ] GC(1)     Dead                           Min: 0, Avg:  0.0, Max: 0, Diff: 0, Sum: 0, Workers: 3
[0.684s][debug  ][gc,phases      ] GC(1)     Total                          Min: 768, Avg: 873.7, Max: 957, Diff: 189, Sum: 2621, Workers: 3
[0.684s][debug  ][gc,phases      ] GC(1)   ResolvedMethodTable Weak       Min:  0.0, Avg:  0.0, Max:  0.0, Diff:  0.0, Sum:  0.0, Workers: 3
[0.684s][debug  ][gc,phases      ] GC(1)     Dead                           Min: 0, Avg:  0.0, Max: 0, Diff: 0, Sum: 0, Workers: 3
[0.684s][debug  ][gc,phases      ] GC(1)     Total                          Min: 0, Avg: 27.7, Max: 64, Diff: 64, Sum: 83, Workers: 3
[0.684s][debug  ][gc,phases      ] GC(1)   JNI Weak                       Min:  0.0, Avg:  0.0, Max:  0.0, Diff:  0.0, Sum:  0.0, Workers: 3
[0.684s][debug  ][gc,phases      ] GC(1)     Dead                           Min: 0, Avg:  0.0, Max: 0, Diff: 0, Sum: 0, Workers: 3
[0.684s][debug  ][gc,phases      ] GC(1)     Total                          Min: 0, Avg:  0.0, Max: 0, Diff: 0, Sum: 0, Workers: 3
[0.684s][debug  ][gc,phases      ] GC(1)   StringDedup Table Weak         Min:  0.0, Avg:  0.0, Max:  0.0, Diff:  0.0, Sum:  0.0, Workers: 3
[0.684s][debug  ][gc,phases      ] GC(1)     Dead                           Min: 0, Avg:  0.0, Max: 0, Diff: 0, Sum: 0, Workers: 3
[0.684s][debug  ][gc,phases      ] GC(1)     Total                          Min: 0, Avg:  0.0, Max: 0, Diff: 0, Sum: 0, Workers: 3
[0.684s][debug  ][gc,phases      ] GC(1)   StringDedup Requests0 Weak     Min:  0.0, Avg:  0.0, Max:  0.0, Diff:  0.0, Sum:  0.0, Workers: 3
[0.684s][debug  ][gc,phases      ] GC(1)     Dead                           Min: 0, Avg:  0.0, Max: 0, Diff: 0, Sum: 0, Workers: 3
[0.684s][debug  ][gc,phases      ] GC(1)     Total                          Min: 0, Avg:  0.0, Max: 0, Diff: 0, Sum: 0, Workers: 3
[0.684s][debug  ][gc,phases      ] GC(1)   StringDedup Requests1 Weak     Min:  0.0, Avg:  0.0, Max:  0.0, Diff:  0.0, Sum:  0.0, Workers: 3
[0.684s][debug  ][gc,phases      ] GC(1)     Dead                           Min: 0, Avg:  0.0, Max: 0, Diff: 0, Sum: 0, Workers: 3
[0.684s][debug  ][gc,phases      ] GC(1)     Total                          Min: 0, Avg:  0.0, Max: 0, Diff: 0, Sum: 0, Workers: 3
[0.684s][debug  ][gc,phases      ] GC(1)   Weak JFR Old Object Samples    Min:  0.0, Avg:  0.0, Max:  0.0, Diff:  0.0, Sum:  0.0, Workers: 3
[0.684s][debug  ][gc,phases      ] GC(1)     Dead                           Min: 0, Avg:  0.0, Max: 0, Diff: 0, Sum: 0, Workers: 3
[0.684s][debug  ][gc,phases      ] GC(1)     Total                          Min: 0, Avg:  0.0, Max: 0, Diff: 0, Sum: 0, Workers: 3
[0.684s][debug  ][gc,phases      ] GC(1) Weak Processing 0.715ms
[0.684s][debug  ][gc,ergo        ] GC(1) AdaptiveSizeStart:  collection: 2 
[0.684s][debug  ][gc,age         ] GC(1) Desired survivor size 33554432 bytes, new threshold 7 (max threshold 15)
[0.684s][debug  ][gc,ergo        ] GC(1) PSAdaptiveSizePolicy::compute_eden_space_size limits: desired_eden_size: 402653184 old_eden_size: 201326592 eden_limit: 201326592 cur_eden: 201326592 max_eden_size: 201326592 avg_young_live: 32522328
[0.684s][debug  ][gc,ergo        ] GC(1) PSAdaptiveSizePolicy::compute_eden_space_size: costs minor_time: 0.061891 major_cost: 0.000000 mutator_cost: 0.938109 throughput_goal: 0.990000
[0.684s][debug  ][gc,ergo        ] GC(1) Live_space: 300957792 free_space: 402653184
[0.684s][debug  ][gc,ergo        ] GC(1) Old eden_size: 201326592 desired_eden_size: 201326592
[0.684s][debug  ][gc,ergo        ] GC(1) AdaptiveSizeStop: collection: 2 
[0.684s][info   ][gc,heap        ] GC(1) PSYoungGen: 219841K(229376K)->31768K(229376K) Eden: 188089K(196608K)->0K(196608K) From: 31752K(32768K)->31768K(32768K)
[0.684s][info   ][gc,heap        ] GC(1) ParOldGen: 143368K(3932160K)->327696K(3932160K)
[0.684s][info   ][gc,metaspace   ] GC(1) Metaspace: 714K(832K)->714K(832K) NonClass: 655K(704K)->655K(704K) Class: 59K(128K)->59K(128K)
[0.684s][info   ][gc             ] GC(1) Pause Young (Allocation Failure) 354M->351M(4064M) 23.833ms
[0.684s][info   ][gc,cpu         ] GC(1) User=0.09s Sys=0.19s Real=0.02s
[0.684s][debug  ][gc,heap        ] GC(1) Heap after GC invocations=2 (full 0):
[0.684s][debug  ][gc,heap        ] GC(1)  PSYoungGen      total 229376K, used 31768K [0x00000007f0000000, 0x0000000800000000, 0x0000000800000000)
[0.684s][debug  ][gc,heap        ] GC(1)   eden space 196608K, 0% used [0x00000007f0000000,0x00000007f0000000,0x00000007fc000000)
[0.684s][debug  ][gc,heap        ] GC(1)   from space 32768K, 96% used [0x00000007fe000000,0x00000007fff06060,0x0000000800000000)
[0.684s][debug  ][gc,heap        ] GC(1)   to   space 32768K, 0% used [0x00000007fc000000,0x00000007fc000000,0x00000007fe000000)
[0.684s][debug  ][gc,heap        ] GC(1)  ParOldGen       total 3932160K, used 327696K [0x0000000700000000, 0x00000007f0000000, 0x00000007f0000000)
[0.684s][debug  ][gc,heap        ] GC(1)   object space 3932160K, 8% used [0x0000000700000000,0x0000000714004200,0x00000007f0000000)
[0.684s][debug  ][gc,heap        ] GC(1)  Metaspace       used 714K, committed 832K, reserved 1056768K
[0.684s][debug  ][gc,heap        ] GC(1)   class space    used 59K, committed 128K, reserved 1048576K
[0.684s][debug  ][gc,task,time   ] GC(1) VM-Thread 6600241 6825643 6844491
[0.978s][debug  ][gc,heap        ] GC(2) Heap before GC invocations=3 (full 0):
[0.978s][debug  ][gc,heap        ] GC(2)  PSYoungGen      total 229376K, used 219822K [0x00000007f0000000, 0x0000000800000000, 0x0000000800000000)
[0.978s][debug  ][gc,heap        ] GC(2)   eden space 196608K, 95% used [0x00000007f0000000,0x00000007fb7a5b40,0x00000007fc000000)
[0.978s][debug  ][gc,heap        ] GC(2)   from space 32768K, 96% used [0x00000007fe000000,0x00000007fff06060,0x0000000800000000)
[0.978s][debug  ][gc,heap        ] GC(2)   to   space 32768K, 0% used [0x00000007fc000000,0x00000007fc000000,0x00000007fe000000)
[0.978s][debug  ][gc,heap        ] GC(2)  ParOldGen       total 3932160K, used 327696K [0x0000000700000000, 0x00000007f0000000, 0x00000007f0000000)
[0.978s][debug  ][gc,heap        ] GC(2)   object space 3932160K, 8% used [0x0000000700000000,0x0000000714004200,0x00000007f0000000)
[0.978s][debug  ][gc,heap        ] GC(2)  Metaspace       used 714K, committed 832K, reserved 1056768K
[0.978s][debug  ][gc,heap        ] GC(2)   class space    used 59K, committed 128K, reserved 1048576K
[0.978s][debug  ][gc,tlab        ] GC(2) TLAB totals: thrds: 1  refills: 1 max: 1 slow allocs: 17 max 17 waste: 26.7% gc: 3823848B max: 3823848B slow: 0B max: 0B
[0.978s][info   ][gc,start       ] GC(2) Pause Young (Allocation Failure)
[0.978s][debug  ][gc,phases,start] GC(2) Scavenge
[1.011s][debug  ][gc,phases      ] GC(2) Scavenge 32.684ms
[1.011s][debug  ][gc,phases,start] GC(2) Reference Processing
[1.011s][debug  ][gc,ref         ] GC(2) Skipped phase 1 of Reference Processing: no references
[1.011s][debug  ][gc,ref         ] GC(2) ReferenceProcessor::execute queues: 1, RefProcThreadModel::Single, marks_oops_alive: false
[1.011s][debug  ][gc,ref         ] GC(2) Skipped phase 3 of Reference Processing: no references
[1.011s][debug  ][gc,ref         ] GC(2) ReferenceProcessor::execute queues: 1, RefProcThreadModel::Single, marks_oops_alive: false
[1.011s][debug  ][gc,phases,ref  ] GC(2) Reference Processing: 0.1ms
[1.011s][debug  ][gc,phases,ref  ] GC(2)   Reconsider SoftReferences: 0.0ms
[1.011s][debug  ][gc,phases,ref  ] GC(2)     SoftRef (ms):                  skipped
[1.011s][debug  ][gc,phases,ref  ] GC(2)   Notify Soft/WeakReferences: 0.0ms
[1.011s][debug  ][gc,phases,ref  ] GC(2)     SoftRef (ms):                  Min:  0.0, Avg:  0.0, Max:  0.0, Diff:  0.0, Sum:  0.0, Workers: 10
[1.011s][debug  ][gc,phases,ref  ] GC(2)     WeakRef (ms):                  Min:  0.0, Avg:  0.0, Max:  0.0, Diff:  0.0, Sum:  0.0, Workers: 10
[1.011s][debug  ][gc,phases,ref  ] GC(2)     FinalRef (ms):                 Min:  0.0, Avg:  0.0, Max:  0.0, Diff:  0.0, Sum:  0.0, Workers: 10
[1.011s][debug  ][gc,phases,ref  ] GC(2)     Total (ms):                    Min:  0.0, Avg:  0.0, Max:  0.0, Diff:  0.0, Sum:  0.0, Workers: 10
[1.011s][debug  ][gc,phases,ref  ] GC(2)   Notify and keep alive finalizable: 0.0ms
[1.011s][debug  ][gc,phases,ref  ] GC(2)     FinalRef (ms):                 skipped
[1.011s][debug  ][gc,phases,ref  ] GC(2)   Notify PhantomReferences: 0.0ms
[1.011s][debug  ][gc,phases,ref  ] GC(2)     PhantomRef (ms):               Min:  0.0, Avg:  0.0, Max:  0.0, Diff:  0.0, Sum:  0.0, Workers: 10
[1.011s][debug  ][gc,phases,ref  ] GC(2)   SoftReference:
[1.011s][debug  ][gc,phases,ref  ] GC(2)     Discovered: 0
[1.011s][debug  ][gc,phases,ref  ] GC(2)     Cleared: 0
[1.011s][debug  ][gc,phases,ref  ] GC(2)   WeakReference:
[1.011s][debug  ][gc,phases,ref  ] GC(2)     Discovered: 48
[1.011s][debug  ][gc,phases,ref  ] GC(2)     Cleared: 48
[1.011s][debug  ][gc,phases,ref  ] GC(2)   FinalReference:
[1.011s][debug  ][gc,phases,ref  ] GC(2)     Discovered: 0
[1.011s][debug  ][gc,phases,ref  ] GC(2)     Cleared: 0
[1.011s][debug  ][gc,phases,ref  ] GC(2)   PhantomReference:
[1.011s][debug  ][gc,phases,ref  ] GC(2)     Discovered: 4
[1.011s][debug  ][gc,phases,ref  ] GC(2)     Cleared: 4
[1.011s][debug  ][gc,phases      ] GC(2) Reference Processing 0.605ms
[1.011s][debug  ][gc,phases,start] GC(2) Weak Processing
[1.011s][debug  ][gc,phases      ] GC(2)   VM Weak                        Min:  0.0, Avg:  0.0, Max:  0.0, Diff:  0.0, Sum:  0.0, Workers: 3
[1.011s][debug  ][gc,phases      ] GC(2)     Dead                           Min: 0, Avg:  0.0, Max: 0, Diff: 0, Sum: 0, Workers: 3
[1.011s][debug  ][gc,phases      ] GC(2)     Total                          Min: 0, Avg:  2.3, Max: 7, Diff: 7, Sum: 7, Workers: 3
[1.011s][debug  ][gc,phases      ] GC(2)   ObjectSynchronizer Weak        Min:  0.0, Avg:  0.0, Max:  0.0, Diff:  0.0, Sum:  0.0, Workers: 3
[1.011s][debug  ][gc,phases      ] GC(2)     Dead                           Min: 0, Avg:  0.0, Max: 0, Diff: 0, Sum: 0, Workers: 3
[1.011s][debug  ][gc,phases      ] GC(2)     Total                          Min: 0, Avg:  1.0, Max: 3, Diff: 3, Sum: 3, Workers: 3
[1.012s][debug  ][gc,phases      ] GC(2)   JVMTI Tag Weak OopStorage      Min:  0.0, Avg:  0.0, Max:  0.0, Diff:  0.0, Sum:  0.0, Workers: 3
[1.012s][debug  ][gc,phases      ] GC(2)     Dead                           Min: 0, Avg:  0.0, Max: 0, Diff: 0, Sum: 0, Workers: 3
[1.012s][debug  ][gc,phases      ] GC(2)     Total                          Min: 0, Avg:  0.0, Max: 0, Diff: 0, Sum: 0, Workers: 3
[1.012s][debug  ][gc,phases      ] GC(2)   StringTable Weak               Min:  0.0, Avg:  0.0, Max:  0.0, Diff:  0.0, Sum:  0.1, Workers: 3
[1.012s][debug  ][gc,phases      ] GC(2)     Dead                           Min: 0, Avg:  0.0, Max: 0, Diff: 0, Sum: 0, Workers: 3
[1.012s][debug  ][gc,phases      ] GC(2)     Total                          Min: 765, Avg: 873.7, Max: 960, Diff: 195, Sum: 2621, Workers: 3
[1.012s][debug  ][gc,phases      ] GC(2)   ResolvedMethodTable Weak       Min:  0.0, Avg:  0.0, Max:  0.0, Diff:  0.0, Sum:  0.0, Workers: 3
[1.012s][debug  ][gc,phases      ] GC(2)     Dead                           Min: 0, Avg:  0.0, Max: 0, Diff: 0, Sum: 0, Workers: 3
[1.012s][debug  ][gc,phases      ] GC(2)     Total                          Min: 0, Avg: 27.7, Max: 64, Diff: 64, Sum: 83, Workers: 3
[1.012s][debug  ][gc,phases      ] GC(2)   JNI Weak                       Min:  0.0, Avg:  0.0, Max:  0.0, Diff:  0.0, Sum:  0.0, Workers: 3
[1.012s][debug  ][gc,phases      ] GC(2)     Dead                           Min: 0, Avg:  0.0, Max: 0, Diff: 0, Sum: 0, Workers: 3
[1.012s][debug  ][gc,phases      ] GC(2)     Total                          Min: 0, Avg:  0.0, Max: 0, Diff: 0, Sum: 0, Workers: 3
[1.012s][debug  ][gc,phases      ] GC(2)   StringDedup Table Weak         Min:  0.0, Avg:  0.0, Max:  0.0, Diff:  0.0, Sum:  0.0, Workers: 3
[1.012s][debug  ][gc,phases      ] GC(2)     Dead                           Min: 0, Avg:  0.0, Max: 0, Diff: 0, Sum: 0, Workers: 3
[1.012s][debug  ][gc,phases      ] GC(2)     Total                          Min: 0, Avg:  0.0, Max: 0, Diff: 0, Sum: 0, Workers: 3
[1.012s][debug  ][gc,phases      ] GC(2)   StringDedup Requests0 Weak     Min:  0.0, Avg:  0.0, Max:  0.0, Diff:  0.0, Sum:  0.0, Workers: 3
[1.012s][debug  ][gc,phases      ] GC(2)     Dead                           Min: 0, Avg:  0.0, Max: 0, Diff: 0, Sum: 0, Workers: 3
[1.012s][debug  ][gc,phases      ] GC(2)     Total                          Min: 0, Avg:  0.0, Max: 0, Diff: 0, Sum: 0, Workers: 3
[1.012s][debug  ][gc,phases      ] GC(2)   StringDedup Requests1 Weak     Min:  0.0, Avg:  0.0, Max:  0.0, Diff:  0.0, Sum:  0.0, Workers: 3
[1.012s][debug  ][gc,phases      ] GC(2)     Dead                           Min: 0, Avg:  0.0, Max: 0, Diff: 0, Sum: 0, Workers: 3
[1.012s][debug  ][gc,phases      ] GC(2)     Total                          Min: 0, Avg:  0.0, Max: 0, Diff: 0, Sum: 0, Workers: 3
[1.012s][debug  ][gc,phases      ] GC(2)   Weak JFR Old Object Samples    Min:  0.0, Avg:  0.0, Max:  0.0, Diff:  0.0, Sum:  0.0, Workers: 3
[1.012s][debug  ][gc,phases      ] GC(2)     Dead                           Min: 0, Avg:  0.0, Max: 0, Diff: 0, Sum: 0, Workers: 3
[1.012s][debug  ][gc,phases      ] GC(2)     Total                          Min: 0, Avg:  0.0, Max: 0, Diff: 0, Sum: 0, Workers: 3
[1.012s][debug  ][gc,phases      ] GC(2) Weak Processing 0.719ms
[1.012s][debug  ][gc,ergo        ] GC(2) AdaptiveSizeStart:  collection: 3 
[1.012s][debug  ][gc,age         ] GC(2) Desired survivor size 33554432 bytes, new threshold 7 (max threshold 15)
[1.012s][debug  ][gc,ergo        ] GC(2) PSAdaptiveSizePolicy::compute_eden_space_size limits: desired_eden_size: 402653184 old_eden_size: 201326592 eden_limit: 201326592 cur_eden: 201326592 max_eden_size: 201326592 avg_young_live: 32530436
[1.012s][debug  ][gc,ergo        ] GC(2) PSAdaptiveSizePolicy::compute_eden_space_size: costs minor_time: 0.075786 major_cost: 0.000000 mutator_cost: 0.924214 throughput_goal: 0.990000
[1.012s][debug  ][gc,ergo        ] GC(2) Live_space: 300965888 free_space: 402653184
[1.012s][debug  ][gc,ergo        ] GC(2) Old eden_size: 201326592 desired_eden_size: 201326592
[1.012s][debug  ][gc,ergo        ] GC(2) AdaptiveSizeStop: collection: 3 
[1.012s][info   ][gc,heap        ] GC(2) PSYoungGen: 219822K(229376K)->31784K(229376K) Eden: 188054K(196608K)->0K(196608K) From: 31768K(32768K)->31784K(32768K)
[1.012s][info   ][gc,heap        ] GC(2) ParOldGen: 327696K(3932160K)->512016K(3932160K)
[1.012s][info   ][gc,metaspace   ] GC(2) Metaspace: 714K(832K)->714K(832K) NonClass: 655K(704K)->655K(704K) Class: 59K(128K)->59K(128K)
[1.012s][info   ][gc             ] GC(2) Pause Young (Allocation Failure) 534M->531M(4064M) 34.433ms
[1.012s][info   ][gc,cpu         ] GC(2) User=0.02s Sys=0.28s Real=0.03s
[1.012s][debug  ][gc,heap        ] GC(2) Heap after GC invocations=3 (full 0):
[1.012s][debug  ][gc,heap        ] GC(2)  PSYoungGen      total 229376K, used 31784K [0x00000007f0000000, 0x0000000800000000, 0x0000000800000000)
[1.012s][debug  ][gc,heap        ] GC(2)   eden space 196608K, 0% used [0x00000007f0000000,0x00000007f0000000,0x00000007fc000000)
[1.012s][debug  ][gc,heap        ] GC(2)   from space 32768K, 96% used [0x00000007fc000000,0x00000007fdf0a050,0x00000007fe000000)
[1.012s][debug  ][gc,heap        ] GC(2)   to   space 32768K, 0% used [0x00000007fe000000,0x00000007fe000000,0x0000000800000000)
[1.012s][debug  ][gc,heap        ] GC(2)  ParOldGen       total 3932160K, used 512016K [0x0000000700000000, 0x00000007f0000000, 0x00000007f0000000)
[1.012s][debug  ][gc,heap        ] GC(2)   object space 3932160K, 13% used [0x0000000700000000,0x000000071f404320,0x00000007f0000000)
[1.012s][debug  ][gc,heap        ] GC(2)  Metaspace       used 714K, committed 832K, reserved 1056768K
[1.013s][debug  ][gc,heap        ] GC(2)   class space    used 59K, committed 128K, reserved 1048576K
[1.013s][debug  ][gc,task,time   ] GC(2) VM-Thread 9775098 10106584 10125403
[1.295s][debug  ][gc,heap        ] GC(3) Heap before GC invocations=4 (full 0):
[1.296s][debug  ][gc,heap        ] GC(3)  PSYoungGen      total 229376K, used 225779K [0x00000007f0000000, 0x0000000800000000, 0x0000000800000000)
[1.296s][debug  ][gc,heap        ] GC(3)   eden space 196608K, 98% used [0x00000007f0000000,0x00000007fbd72c20,0x00000007fc000000)
[1.296s][debug  ][gc,heap        ] GC(3)   from space 32768K, 96% used [0x00000007fc000000,0x00000007fdf0a050,0x00000007fe000000)
[1.296s][debug  ][gc,heap        ] GC(3)   to   space 32768K, 0% used [0x00000007fe000000,0x00000007fe000000,0x0000000800000000)
[1.296s][debug  ][gc,heap        ] GC(3)  ParOldGen       total 3932160K, used 512016K [0x0000000700000000, 0x00000007f0000000, 0x00000007f0000000)
[1.296s][debug  ][gc,heap        ] GC(3)   object space 3932160K, 13% used [0x0000000700000000,0x000000071f404320,0x00000007f0000000)
[1.296s][debug  ][gc,heap        ] GC(3)  Metaspace       used 947K, committed 1152K, reserved 1056768K
[1.296s][debug  ][gc,heap        ] GC(3)   class space    used 74K, committed 192K, reserved 1048576K
[1.296s][debug  ][gc,tlab        ] GC(3) TLAB totals: thrds: 3  refills: 3 max: 1 slow allocs: 17 max 17 waste: 44.9% gc: 9165168B max: 3867008B slow: 0B max: 0B
[1.296s][info   ][gc,start       ] GC(3) Pause Young (Allocation Failure)
[1.296s][debug  ][gc,phases,start] GC(3) Scavenge
[1.331s][debug  ][gc,phases      ] GC(3) Scavenge 34.975ms
[1.331s][debug  ][gc,phases,start] GC(3) Reference Processing
[1.331s][debug  ][gc,ref         ] GC(3) Skipped phase 1 of Reference Processing: no references
[1.331s][debug  ][gc,ref         ] GC(3) ReferenceProcessor::execute queues: 1, RefProcThreadModel::Single, marks_oops_alive: false
[1.331s][debug  ][gc,ref         ] GC(3) Skipped phase 3 of Reference Processing: no references
[1.331s][debug  ][gc,ref         ] GC(3) ReferenceProcessor::execute queues: 1, RefProcThreadModel::Single, marks_oops_alive: false
[1.331s][debug  ][gc,phases,ref  ] GC(3) Reference Processing: 0.1ms
[1.331s][debug  ][gc,phases,ref  ] GC(3)   Reconsider SoftReferences: 0.0ms
[1.331s][debug  ][gc,phases,ref  ] GC(3)     SoftRef (ms):                  skipped
[1.331s][debug  ][gc,phases,ref  ] GC(3)   Notify Soft/WeakReferences: 0.0ms
[1.331s][debug  ][gc,phases,ref  ] GC(3)     SoftRef (ms):                  Min:  0.0, Avg:  0.0, Max:  0.0, Diff:  0.0, Sum:  0.0, Workers: 10
[1.331s][debug  ][gc,phases,ref  ] GC(3)     WeakRef (ms):                  Min:  0.0, Avg:  0.0, Max:  0.0, Diff:  0.0, Sum:  0.0, Workers: 10
[1.331s][debug  ][gc,phases,ref  ] GC(3)     FinalRef (ms):                 Min:  0.0, Avg:  0.0, Max:  0.0, Diff:  0.0, Sum:  0.0, Workers: 10
[1.331s][debug  ][gc,phases,ref  ] GC(3)     Total (ms):                    Min:  0.0, Avg:  0.0, Max:  0.0, Diff:  0.0, Sum:  0.0, Workers: 10
[1.331s][debug  ][gc,phases,ref  ] GC(3)   Notify and keep alive finalizable: 0.0ms
[1.331s][debug  ][gc,phases,ref  ] GC(3)     FinalRef (ms):                 skipped
[1.331s][debug  ][gc,phases,ref  ] GC(3)   Notify PhantomReferences: 0.0ms
[1.331s][debug  ][gc,phases,ref  ] GC(3)     PhantomRef (ms):               Min:  0.0, Avg:  0.0, Max:  0.0, Diff:  0.0, Sum:  0.0, Workers: 10
[1.331s][debug  ][gc,phases,ref  ] GC(3)   SoftReference:
[1.331s][debug  ][gc,phases,ref  ] GC(3)     Discovered: 0
[1.331s][debug  ][gc,phases,ref  ] GC(3)     Cleared: 0
[1.331s][debug  ][gc,phases,ref  ] GC(3)   WeakReference:
[1.331s][debug  ][gc,phases,ref  ] GC(3)     Discovered: 8
[1.331s][debug  ][gc,phases,ref  ] GC(3)     Cleared: 3
[1.331s][debug  ][gc,phases,ref  ] GC(3)   FinalReference:
[1.331s][debug  ][gc,phases,ref  ] GC(3)     Discovered: 0
[1.331s][debug  ][gc,phases,ref  ] GC(3)     Cleared: 0
[1.331s][debug  ][gc,phases,ref  ] GC(3)   PhantomReference:
[1.331s][debug  ][gc,phases,ref  ] GC(3)     Discovered: 10
[1.331s][debug  ][gc,phases,ref  ] GC(3)     Cleared: 5
[1.331s][debug  ][gc,phases      ] GC(3) Reference Processing 0.608ms
[1.332s][debug  ][gc,phases,start] GC(3) Weak Processing
[1.332s][debug  ][gc,phases      ] GC(3)   VM Weak                        Min:  0.0, Avg:  0.0, Max:  0.0, Diff:  0.0, Sum:  0.0, Workers: 5
[1.332s][debug  ][gc,phases      ] GC(3)     Dead                           Min: 0, Avg:  0.0, Max: 0, Diff: 0, Sum: 0, Workers: 5
[1.332s][debug  ][gc,phases      ] GC(3)     Total                          Min: 0, Avg:  1.6, Max: 8, Diff: 8, Sum: 8, Workers: 5
[1.332s][debug  ][gc,phases      ] GC(3)   ObjectSynchronizer Weak        Min:  0.0, Avg:  0.0, Max:  0.0, Diff:  0.0, Sum:  0.0, Workers: 5
[1.332s][debug  ][gc,phases      ] GC(3)     Dead                           Min: 0, Avg:  0.0, Max: 0, Diff: 0, Sum: 0, Workers: 5
[1.332s][debug  ][gc,phases      ] GC(3)     Total                          Min: 0, Avg:  0.6, Max: 3, Diff: 3, Sum: 3, Workers: 5
[1.332s][debug  ][gc,phases      ] GC(3)   JVMTI Tag Weak OopStorage      Min:  0.0, Avg:  0.0, Max:  0.0, Diff:  0.0, Sum:  0.0, Workers: 5
[1.332s][debug  ][gc,phases      ] GC(3)     Dead                           Min: 0, Avg:  0.0, Max: 0, Diff: 0, Sum: 0, Workers: 5
[1.332s][debug  ][gc,phases      ] GC(3)     Total                          Min: 0, Avg:  0.0, Max: 0, Diff: 0, Sum: 0, Workers: 5
[1.332s][debug  ][gc,phases      ] GC(3)   StringTable Weak               Min:  0.0, Avg:  0.0, Max:  0.0, Diff:  0.0, Sum:  0.2, Workers: 5
[1.332s][debug  ][gc,phases      ] GC(3)     Dead                           Min: 0, Avg:  0.2, Max: 1, Diff: 1, Sum: 1, Workers: 5
[1.332s][debug  ][gc,phases      ] GC(3)     Total                          Min: 704, Avg: 948.8, Max: 1152, Diff: 448, Sum: 4744, Workers: 5
[1.332s][debug  ][gc,phases      ] GC(3)   ResolvedMethodTable Weak       Min:  0.0, Avg:  0.0, Max:  0.0, Diff:  0.0, Sum:  0.0, Workers: 5
[1.332s][debug  ][gc,phases      ] GC(3)     Dead                           Min: 0, Avg:  0.0, Max: 0, Diff: 0, Sum: 0, Workers: 5
[1.332s][debug  ][gc,phases      ] GC(3)     Total                          Min: 0, Avg: 18.4, Max: 64, Diff: 64, Sum: 92, Workers: 5
[1.332s][debug  ][gc,phases      ] GC(3)   JNI Weak                       Min:  0.0, Avg:  0.0, Max:  0.0, Diff:  0.0, Sum:  0.0, Workers: 5
[1.332s][debug  ][gc,phases      ] GC(3)     Dead                           Min: 0, Avg:  0.0, Max: 0, Diff: 0, Sum: 0, Workers: 5
[1.332s][debug  ][gc,phases      ] GC(3)     Total                          Min: 0, Avg:  0.0, Max: 0, Diff: 0, Sum: 0, Workers: 5
[1.332s][debug  ][gc,phases      ] GC(3)   StringDedup Table Weak         Min:  0.0, Avg:  0.0, Max:  0.0, Diff:  0.0, Sum:  0.0, Workers: 5
[1.332s][debug  ][gc,phases      ] GC(3)     Dead                           Min: 0, Avg:  0.0, Max: 0, Diff: 0, Sum: 0, Workers: 5
[1.332s][debug  ][gc,phases      ] GC(3)     Total                          Min: 0, Avg:  0.0, Max: 0, Diff: 0, Sum: 0, Workers: 5
[1.332s][debug  ][gc,phases      ] GC(3)   StringDedup Requests0 Weak     Min:  0.0, Avg:  0.0, Max:  0.0, Diff:  0.0, Sum:  0.0, Workers: 5
[1.332s][debug  ][gc,phases      ] GC(3)     Dead                           Min: 0, Avg:  0.0, Max: 0, Diff: 0, Sum: 0, Workers: 5
[1.332s][debug  ][gc,phases      ] GC(3)     Total                          Min: 0, Avg:  0.0, Max: 0, Diff: 0, Sum: 0, Workers: 5
[1.332s][debug  ][gc,phases      ] GC(3)   StringDedup Requests1 Weak     Min:  0.0, Avg:  0.0, Max:  0.0, Diff:  0.0, Sum:  0.0, Workers: 5
[1.332s][debug  ][gc,phases      ] GC(3)     Dead                           Min: 0, Avg:  0.0, Max: 0, Diff: 0, Sum: 0, Workers: 5
[1.332s][debug  ][gc,phases      ] GC(3)     Total                          Min: 0, Avg:  0.0, Max: 0, Diff: 0, Sum: 0, Workers: 5
[1.332s][debug  ][gc,phases      ] GC(3)   Weak JFR Old Object Samples    Min:  0.0, Avg:  0.0, Max:  0.0, Diff:  0.0, Sum:  0.0, Workers: 5
[1.332s][debug  ][gc,phases      ] GC(3)     Dead                           Min: 0, Avg:  0.0, Max: 0, Diff: 0, Sum: 0, Workers: 5
[1.332s][debug  ][gc,phases      ] GC(3)     Total                          Min: 0, Avg:  0.0, Max: 0, Diff: 0, Sum: 0, Workers: 5
[1.332s][debug  ][gc,phases      ] GC(3) Weak Processing 0.699ms
[1.332s][debug  ][gc,ergo        ] GC(3) AdaptiveSizeStart:  collection: 4 
[1.332s][debug  ][gc,age         ] GC(3) Desired survivor size 33554432 bytes, new threshold 7 (max threshold 15)
[1.332s][debug  ][gc,ergo        ] GC(3) PSAdaptiveSizePolicy::compute_eden_space_size limits: desired_eden_size: 402653184 old_eden_size: 201326592 eden_limit: 201326592 cur_eden: 201326592 max_eden_size: 201326592 avg_young_live: 32673814
[1.332s][debug  ][gc,ergo        ] GC(3) PSAdaptiveSizePolicy::compute_eden_space_size: costs minor_time: 0.085243 major_cost: 0.000000 mutator_cost: 0.914757 throughput_goal: 0.990000
[1.332s][debug  ][gc,ergo        ] GC(3) Live_space: 301109280 free_space: 402653184
[1.332s][debug  ][gc,ergo        ] GC(3) Old eden_size: 201326592 desired_eden_size: 201326592
[1.332s][debug  ][gc,ergo        ] GC(3) AdaptiveSizeStop: collection: 4 
[1.332s][info   ][gc,heap        ] GC(3) PSYoungGen: 225779K(229376K)->32328K(229376K) Eden: 193995K(196608K)->0K(196608K) From: 31784K(32768K)->32328K(32768K)
[1.332s][info   ][gc,heap        ] GC(3) ParOldGen: 512016K(3932160K)->696345K(3932160K)
[1.332s][info   ][gc,metaspace   ] GC(3) Metaspace: 947K(1152K)->947K(1152K) NonClass: 872K(960K)->872K(960K) Class: 74K(192K)->74K(192K)
[1.332s][info   ][gc             ] GC(3) Pause Young (Allocation Failure) 720M->711M(4064M) 36.647ms
[1.332s][info   ][gc,cpu         ] GC(3) User=0.02s Sys=0.28s Real=0.04s
[1.333s][debug  ][gc,heap        ] GC(3) Heap after GC invocations=4 (full 0):
[1.333s][debug  ][gc,heap        ] GC(3)  PSYoungGen      total 229376K, used 32328K [0x00000007f0000000, 0x0000000800000000, 0x0000000800000000)
[1.333s][debug  ][gc,heap        ] GC(3)   eden space 196608K, 0% used [0x00000007f0000000,0x00000007f0000000,0x00000007fc000000)
[1.333s][debug  ][gc,heap        ] GC(3)   from space 32768K, 98% used [0x00000007fe000000,0x00000007fff92050,0x0000000800000000)
[1.333s][debug  ][gc,heap        ] GC(3)   to   space 32768K, 0% used [0x00000007fc000000,0x00000007fc000000,0x00000007fe000000)
[1.333s][debug  ][gc,heap        ] GC(3)  ParOldGen       total 3932160K, used 696345K [0x0000000700000000, 0x00000007f0000000, 0x00000007f0000000)
[1.333s][debug  ][gc,heap        ] GC(3)   object space 3932160K, 17% used [0x0000000700000000,0x000000072a806440,0x00000007f0000000)
[1.333s][debug  ][gc,heap        ] GC(3)  Metaspace       used 947K, committed 1152K, reserved 1056768K
[1.333s][debug  ][gc,heap        ] GC(3)   class space    used 74K, committed 192K, reserved 1048576K
[1.333s][debug  ][gc,task,time   ] GC(3) VM-Thread 12954773 13308836 13326952
[1.613s][debug  ][gc,heap        ] GC(4) Heap before GC invocations=5 (full 0):
[1.613s][debug  ][gc,heap        ] GC(4)  PSYoungGen      total 229376K, used 220410K [0x00000007f0000000, 0x0000000800000000, 0x0000000800000000)
[1.613s][debug  ][gc,heap        ] GC(4)   eden space 196608K, 95% used [0x00000007f0000000,0x00000007fb7aca30,0x00000007fc000000)
[1.613s][debug  ][gc,heap        ] GC(4)   from space 32768K, 98% used [0x00000007fe000000,0x00000007fff92050,0x0000000800000000)
[1.613s][debug  ][gc,heap        ] GC(4)   to   space 32768K, 0% used [0x00000007fc000000,0x00000007fc000000,0x00000007fe000000)
[1.613s][debug  ][gc,heap        ] GC(4)  ParOldGen       total 3932160K, used 696345K [0x0000000700000000, 0x00000007f0000000, 0x00000007f0000000)
[1.613s][debug  ][gc,heap        ] GC(4)   object space 3932160K, 17% used [0x0000000700000000,0x000000072a806440,0x00000007f0000000)
[1.613s][debug  ][gc,heap        ] GC(4)  Metaspace       used 947K, committed 1152K, reserved 1056768K
[1.613s][debug  ][gc,heap        ] GC(4)   class space    used 74K, committed 192K, reserved 1048576K
[1.613s][debug  ][gc,tlab        ] GC(4) TLAB totals: thrds: 1  refills: 1 max: 1 slow allocs: 17 max 17 waste: 26.9% gc: 3852104B max: 3852104B slow: 0B max: 0B
[1.613s][info   ][gc,start       ] GC(4) Pause Young (Allocation Failure)
[1.613s][debug  ][gc,phases,start] GC(4) Scavenge
[1.647s][debug  ][gc,phases      ] GC(4) Scavenge 33.816ms
[1.647s][debug  ][gc,phases,start] GC(4) Reference Processing
[1.647s][debug  ][gc,ref         ] GC(4) Skipped phase 1 of Reference Processing: no references
[1.647s][debug  ][gc,ref         ] GC(4) ReferenceProcessor::execute queues: 1, RefProcThreadModel::Single, marks_oops_alive: false
[1.647s][debug  ][gc,ref         ] GC(4) Skipped phase 3 of Reference Processing: no references
[1.647s][debug  ][gc,ref         ] GC(4) ReferenceProcessor::execute queues: 1, RefProcThreadModel::Single, marks_oops_alive: false
[1.647s][debug  ][gc,phases,ref  ] GC(4) Reference Processing: 0.1ms
[1.647s][debug  ][gc,phases,ref  ] GC(4)   Reconsider SoftReferences: 0.0ms
[1.647s][debug  ][gc,phases,ref  ] GC(4)     SoftRef (ms):                  skipped
[1.647s][debug  ][gc,phases,ref  ] GC(4)   Notify Soft/WeakReferences: 0.0ms
[1.647s][debug  ][gc,phases,ref  ] GC(4)     SoftRef (ms):                  Min:  0.0, Avg:  0.0, Max:  0.0, Diff:  0.0, Sum:  0.0, Workers: 10
[1.647s][debug  ][gc,phases,ref  ] GC(4)     WeakRef (ms):                  Min:  0.0, Avg:  0.0, Max:  0.0, Diff:  0.0, Sum:  0.0, Workers: 10
[1.647s][debug  ][gc,phases,ref  ] GC(4)     FinalRef (ms):                 Min:  0.0, Avg:  0.0, Max:  0.0, Diff:  0.0, Sum:  0.0, Workers: 10
[1.647s][debug  ][gc,phases,ref  ] GC(4)     Total (ms):                    Min:  0.0, Avg:  0.0, Max:  0.0, Diff:  0.0, Sum:  0.0, Workers: 10
[1.647s][debug  ][gc,phases,ref  ] GC(4)   Notify and keep alive finalizable: 0.0ms
[1.647s][debug  ][gc,phases,ref  ] GC(4)     FinalRef (ms):                 skipped
[1.647s][debug  ][gc,phases,ref  ] GC(4)   Notify PhantomReferences: 0.0ms
[1.647s][debug  ][gc,phases,ref  ] GC(4)     PhantomRef (ms):               Min:  0.0, Avg:  0.0, Max:  0.0, Diff:  0.0, Sum:  0.0, Workers: 10
[1.647s][debug  ][gc,phases,ref  ] GC(4)   SoftReference:
[1.647s][debug  ][gc,phases,ref  ] GC(4)     Discovered: 0
[1.647s][debug  ][gc,phases,ref  ] GC(4)     Cleared: 0
[1.647s][debug  ][gc,phases,ref  ] GC(4)   WeakReference:
[1.647s][debug  ][gc,phases,ref  ] GC(4)     Discovered: 3
[1.647s][debug  ][gc,phases,ref  ] GC(4)     Cleared: 3
[1.647s][debug  ][gc,phases,ref  ] GC(4)   FinalReference:
[1.648s][debug  ][gc,phases,ref  ] GC(4)     Discovered: 0
[1.648s][debug  ][gc,phases,ref  ] GC(4)     Cleared: 0
[1.648s][debug  ][gc,phases,ref  ] GC(4)   PhantomReference:
[1.648s][debug  ][gc,phases,ref  ] GC(4)     Discovered: 4
[1.648s][debug  ][gc,phases,ref  ] GC(4)     Cleared: 4
[1.648s][debug  ][gc,phases      ] GC(4) Reference Processing 0.596ms
[1.648s][debug  ][gc,phases,start] GC(4) Weak Processing
[1.648s][debug  ][gc,phases      ] GC(4)   VM Weak                        Min:  0.0, Avg:  0.0, Max:  0.0, Diff:  0.0, Sum:  0.0, Workers: 5
[1.648s][debug  ][gc,phases      ] GC(4)     Dead                           Min: 0, Avg:  0.0, Max: 0, Diff: 0, Sum: 0, Workers: 5
[1.648s][debug  ][gc,phases      ] GC(4)     Total                          Min: 0, Avg:  1.6, Max: 8, Diff: 8, Sum: 8, Workers: 5
[1.648s][debug  ][gc,phases      ] GC(4)   ObjectSynchronizer Weak        Min:  0.0, Avg:  0.0, Max:  0.0, Diff:  0.0, Sum:  0.0, Workers: 5
[1.648s][debug  ][gc,phases      ] GC(4)     Dead                           Min: 0, Avg:  0.0, Max: 0, Diff: 0, Sum: 0, Workers: 5
[1.648s][debug  ][gc,phases      ] GC(4)     Total                          Min: 0, Avg:  0.6, Max: 3, Diff: 3, Sum: 3, Workers: 5
[1.648s][debug  ][gc,phases      ] GC(4)   JVMTI Tag Weak OopStorage      Min:  0.0, Avg:  0.0, Max:  0.0, Diff:  0.0, Sum:  0.0, Workers: 5
[1.648s][debug  ][gc,phases      ] GC(4)     Dead                           Min: 0, Avg:  0.0, Max: 0, Diff: 0, Sum: 0, Workers: 5
[1.648s][debug  ][gc,phases      ] GC(4)     Total                          Min: 0, Avg:  0.0, Max: 0, Diff: 0, Sum: 0, Workers: 5
[1.648s][debug  ][gc,phases      ] GC(4)   StringTable Weak               Min:  0.0, Avg:  0.0, Max:  0.0, Diff:  0.0, Sum:  0.2, Workers: 5
[1.648s][debug  ][gc,phases      ] GC(4)     Dead                           Min: 0, Avg:  0.0, Max: 0, Diff: 0, Sum: 0, Workers: 5
[1.648s][debug  ][gc,phases      ] GC(4)     Total                          Min: 704, Avg: 948.8, Max: 1152, Diff: 448, Sum: 4744, Workers: 5
[1.648s][debug  ][gc,phases      ] GC(4)   ResolvedMethodTable Weak       Min:  0.0, Avg:  0.0, Max:  0.0, Diff:  0.0, Sum:  0.0, Workers: 5
[1.648s][debug  ][gc,phases      ] GC(4)     Dead                           Min: 0, Avg:  0.0, Max: 0, Diff: 0, Sum: 0, Workers: 5
[1.648s][debug  ][gc,phases      ] GC(4)     Total                          Min: 0, Avg: 18.4, Max: 64, Diff: 64, Sum: 92, Workers: 5
[1.648s][debug  ][gc,phases      ] GC(4)   JNI Weak                       Min:  0.0, Avg:  0.0, Max:  0.0, Diff:  0.0, Sum:  0.0, Workers: 5
[1.648s][debug  ][gc,phases      ] GC(4)     Dead                           Min: 0, Avg:  0.0, Max: 0, Diff: 0, Sum: 0, Workers: 5
[1.648s][debug  ][gc,phases      ] GC(4)     Total                          Min: 0, Avg:  0.0, Max: 0, Diff: 0, Sum: 0, Workers: 5
[1.648s][debug  ][gc,phases      ] GC(4)   StringDedup Table Weak         Min:  0.0, Avg:  0.0, Max:  0.0, Diff:  0.0, Sum:  0.0, Workers: 5
[1.648s][debug  ][gc,phases      ] GC(4)     Dead                           Min: 0, Avg:  0.0, Max: 0, Diff: 0, Sum: 0, Workers: 5
[1.648s][debug  ][gc,phases      ] GC(4)     Total                          Min: 0, Avg:  0.0, Max: 0, Diff: 0, Sum: 0, Workers: 5
[1.648s][debug  ][gc,phases      ] GC(4)   StringDedup Requests0 Weak     Min:  0.0, Avg:  0.0, Max:  0.0, Diff:  0.0, Sum:  0.0, Workers: 5
[1.648s][debug  ][gc,phases      ] GC(4)     Dead                           Min: 0, Avg:  0.0, Max: 0, Diff: 0, Sum: 0, Workers: 5
[1.648s][debug  ][gc,phases      ] GC(4)     Total                          Min: 0, Avg:  0.0, Max: 0, Diff: 0, Sum: 0, Workers: 5
[1.648s][debug  ][gc,phases      ] GC(4)   StringDedup Requests1 Weak     Min:  0.0, Avg:  0.0, Max:  0.0, Diff:  0.0, Sum:  0.0, Workers: 5
[1.648s][debug  ][gc,phases      ] GC(4)     Dead                           Min: 0, Avg:  0.0, Max: 0, Diff: 0, Sum: 0, Workers: 5
[1.648s][debug  ][gc,phases      ] GC(4)     Total                          Min: 0, Avg:  0.0, Max: 0, Diff: 0, Sum: 0, Workers: 5
[1.648s][debug  ][gc,phases      ] GC(4)   Weak JFR Old Object Samples    Min:  0.0, Avg:  0.0, Max:  0.0, Diff:  0.0, Sum:  0.0, Workers: 5
[1.648s][debug  ][gc,phases      ] GC(4)     Dead                           Min: 0, Avg:  0.0, Max: 0, Diff: 0, Sum: 0, Workers: 5
[1.648s][debug  ][gc,phases      ] GC(4)     Total                          Min: 0, Avg:  0.0, Max: 0, Diff: 0, Sum: 0, Workers: 5
[1.648s][debug  ][gc,phases      ] GC(4) Weak Processing 0.734ms
[1.648s][debug  ][gc,ergo        ] GC(4) AdaptiveSizeStart:  collection: 5 
[1.648s][debug  ][gc,ergo        ] GC(4) avg_survived_padded_avg: 33172266.000000
[1.648s][debug  ][gc,ergo        ] GC(4) avg_promoted_padded_avg: 212692256.000000  avg_pretenured_padded_avg: 0.000000  tenuring_thresh: 6  target_size: 33554432
[1.648s][debug  ][gc,age         ] GC(4) Desired survivor size 33554432 bytes, new threshold 6 (max threshold 15)
[1.648s][debug  ][gc,ergo        ] GC(4) PSAdaptiveSizePolicy::compute_eden_space_size limits: desired_eden_size: 402653184 old_eden_size: 201326592 eden_limit: 201326592 cur_eden: 201326592 max_eden_size: 201326592 avg_young_live: 32740182
[1.648s][debug  ][gc,ergo        ] GC(4) PSAdaptiveSizePolicy::compute_eden_space_size: costs minor_time: 0.091811 major_cost: 0.000000 mutator_cost: 0.908189 throughput_goal: 0.990000
[1.649s][debug  ][gc,ergo        ] GC(4) Live_space: 301175648 free_space: 402653184
[1.649s][debug  ][gc,ergo        ] GC(4) Old eden_size: 201326592 desired_eden_size: 201326592
[1.649s][debug  ][gc,ergo        ] GC(4) AdaptiveSizeStop: collection: 5 
[1.649s][info   ][gc,heap        ] GC(4) PSYoungGen: 220410K(229376K)->32232K(229376K) Eden: 188082K(196608K)->0K(196608K) From: 32328K(32768K)->32232K(32768K)
[1.649s][info   ][gc,heap        ] GC(4) ParOldGen: 696345K(3932160K)->880673K(3932160K)
[1.649s][info   ][gc,metaspace   ] GC(4) Metaspace: 947K(1152K)->947K(1152K) NonClass: 872K(960K)->872K(960K) Class: 74K(192K)->74K(192K)
[1.649s][info   ][gc             ] GC(4) Pause Young (Allocation Failure) 895M->891M(4064M) 35.572ms
[1.649s][info   ][gc,cpu         ] GC(4) User=0.08s Sys=0.22s Real=0.04s
[1.649s][debug  ][gc,heap        ] GC(4) Heap after GC invocations=5 (full 0):
[1.649s][debug  ][gc,heap        ] GC(4)  PSYoungGen      total 229376K, used 32232K [0x00000007f0000000, 0x0000000800000000, 0x0000000800000000)
[1.649s][debug  ][gc,heap        ] GC(4)   eden space 196608K, 0% used [0x00000007f0000000,0x00000007f0000000,0x00000007fc000000)
[1.649s][debug  ][gc,heap        ] GC(4)   from space 32768K, 98% used [0x00000007fc000000,0x00000007fdf7a050,0x00000007fe000000)
[1.649s][debug  ][gc,heap        ] GC(4)   to   space 32768K, 0% used [0x00000007fe000000,0x00000007fe000000,0x0000000800000000)
[1.649s][debug  ][gc,heap        ] GC(4)  ParOldGen       total 3932160K, used 880673K [0x0000000700000000, 0x00000007f0000000, 0x00000007f0000000)
[1.649s][debug  ][gc,heap        ] GC(4)   object space 3932160K, 22% used [0x0000000700000000,0x0000000735c08560,0x00000007f0000000)
[1.649s][debug  ][gc,heap        ] GC(4)  Metaspace       used 947K, committed 1152K, reserved 1056768K
[1.649s][debug  ][gc,heap        ] GC(4)   class space    used 74K, committed 192K, reserved 1048576K
[1.649s][debug  ][gc,task,time   ] GC(4) VM-Thread 16126540 16470191 16488956
[1.946s][debug  ][gc,heap        ] GC(5) Heap before GC invocations=6 (full 0):
[1.946s][debug  ][gc,heap        ] GC(5)  PSYoungGen      total 229376K, used 221624K [0x00000007f0000000, 0x0000000800000000, 0x0000000800000000)
[1.946s][debug  ][gc,heap        ] GC(5)   eden space 196608K, 96% used [0x00000007f0000000,0x00000007fb8f41c8,0x00000007fc000000)
[1.946s][debug  ][gc,heap        ] GC(5)   from space 32768K, 98% used [0x00000007fc000000,0x00000007fdf7a050,0x00000007fe000000)
[1.946s][debug  ][gc,heap        ] GC(5)   to   space 32768K, 0% used [0x00000007fe000000,0x00000007fe000000,0x0000000800000000)
[1.946s][debug  ][gc,heap        ] GC(5)  ParOldGen       total 3932160K, used 880673K [0x0000000700000000, 0x00000007f0000000, 0x00000007f0000000)
[1.946s][debug  ][gc,heap        ] GC(5)   object space 3932160K, 22% used [0x0000000700000000,0x0000000735c08560,0x00000007f0000000)
[1.946s][debug  ][gc,heap        ] GC(5)  Metaspace       used 1020K, committed 1152K, reserved 1056768K
[1.946s][debug  ][gc,heap        ] GC(5)   class space    used 83K, committed 192K, reserved 1048576K
[1.946s][debug  ][gc,tlab        ] GC(5) TLAB totals: thrds: 2  refills: 2 max: 1 slow allocs: 17 max 17 waste: 31.0% gc: 4856592B max: 3548168B slow: 0B max: 0B
[1.946s][info   ][gc,start       ] GC(5) Pause Young (Allocation Failure)
[1.946s][debug  ][gc,phases,start] GC(5) Scavenge
[1.955s][debug  ][gc,phases      ] GC(5) Scavenge 8.532ms
[1.955s][debug  ][gc,phases,start] GC(5) Reference Processing
[1.955s][debug  ][gc,ref         ] GC(5) Skipped phase 1 of Reference Processing: no references
[1.955s][debug  ][gc,ref         ] GC(5) ReferenceProcessor::execute queues: 1, RefProcThreadModel::Single, marks_oops_alive: false
[1.955s][debug  ][gc,ref         ] GC(5) Skipped phase 3 of Reference Processing: no references
[1.955s][debug  ][gc,ref         ] GC(5) ReferenceProcessor::execute queues: 1, RefProcThreadModel::Single, marks_oops_alive: false
[1.955s][debug  ][gc,phases,ref  ] GC(5) Reference Processing: 0.1ms
[1.955s][debug  ][gc,phases,ref  ] GC(5)   Reconsider SoftReferences: 0.0ms
[1.955s][debug  ][gc,phases,ref  ] GC(5)     SoftRef (ms):                  skipped
[1.955s][debug  ][gc,phases,ref  ] GC(5)   Notify Soft/WeakReferences: 0.0ms
[1.955s][debug  ][gc,phases,ref  ] GC(5)     SoftRef (ms):                  Min:  0.0, Avg:  0.0, Max:  0.0, Diff:  0.0, Sum:  0.0, Workers: 10
[1.955s][debug  ][gc,phases,ref  ] GC(5)     WeakRef (ms):                  Min:  0.0, Avg:  0.0, Max:  0.0, Diff:  0.0, Sum:  0.0, Workers: 10
[1.955s][debug  ][gc,phases,ref  ] GC(5)     FinalRef (ms):                 Min:  0.0, Avg:  0.0, Max:  0.0, Diff:  0.0, Sum:  0.0, Workers: 10
[1.955s][debug  ][gc,phases,ref  ] GC(5)     Total (ms):                    Min:  0.0, Avg:  0.0, Max:  0.0, Diff:  0.0, Sum:  0.0, Workers: 10
[1.955s][debug  ][gc,phases,ref  ] GC(5)   Notify and keep alive finalizable: 0.0ms
[1.955s][debug  ][gc,phases,ref  ] GC(5)     FinalRef (ms):                 skipped
[1.955s][debug  ][gc,phases,ref  ] GC(5)   Notify PhantomReferences: 0.0ms
[1.955s][debug  ][gc,phases,ref  ] GC(5)     PhantomRef (ms):               Min:  0.0, Avg:  0.0, Max:  0.0, Diff:  0.0, Sum:  0.0, Workers: 10
[1.955s][debug  ][gc,phases,ref  ] GC(5)   SoftReference:
[1.955s][debug  ][gc,phases,ref  ] GC(5)     Discovered: 0
[1.955s][debug  ][gc,phases,ref  ] GC(5)     Cleared: 0
[1.955s][debug  ][gc,phases,ref  ] GC(5)   WeakReference:
[1.955s][debug  ][gc,phases,ref  ] GC(5)     Discovered: 108
[1.955s][debug  ][gc,phases,ref  ] GC(5)     Cleared: 87
[1.955s][debug  ][gc,phases,ref  ] GC(5)   FinalReference:
[1.955s][debug  ][gc,phases,ref  ] GC(5)     Discovered: 0
[1.955s][debug  ][gc,phases,ref  ] GC(5)     Cleared: 0
[1.955s][debug  ][gc,phases,ref  ] GC(5)   PhantomReference:
[1.955s][debug  ][gc,phases,ref  ] GC(5)     Discovered: 15
[1.955s][debug  ][gc,phases,ref  ] GC(5)     Cleared: 5
[1.955s][debug  ][gc,phases      ] GC(5) Reference Processing 0.714ms
[1.955s][debug  ][gc,phases,start] GC(5) Weak Processing
[1.956s][debug  ][gc,phases      ] GC(5)   VM Weak                        Min:  0.0, Avg:  0.0, Max:  0.0, Diff:  0.0, Sum:  0.0, Workers: 6
[1.956s][debug  ][gc,phases      ] GC(5)     Dead                           Min: 0, Avg:  0.0, Max: 0, Diff: 0, Sum: 0, Workers: 6
[1.956s][debug  ][gc,phases      ] GC(5)     Total                          Min: 0, Avg:  1.3, Max: 8, Diff: 8, Sum: 8, Workers: 6
[1.956s][debug  ][gc,phases      ] GC(5)   ObjectSynchronizer Weak        Min:  0.0, Avg:  0.0, Max:  0.0, Diff:  0.0, Sum:  0.0, Workers: 6
[1.956s][debug  ][gc,phases      ] GC(5)     Dead                           Min: 0, Avg:  0.0, Max: 0, Diff: 0, Sum: 0, Workers: 6
[1.956s][debug  ][gc,phases      ] GC(5)     Total                          Min: 0, Avg:  0.5, Max: 3, Diff: 3, Sum: 3, Workers: 6
[1.956s][debug  ][gc,phases      ] GC(5)   JVMTI Tag Weak OopStorage      Min:  0.0, Avg:  0.0, Max:  0.0, Diff:  0.0, Sum:  0.0, Workers: 6
[1.956s][debug  ][gc,phases      ] GC(5)     Dead                           Min: 0, Avg:  0.0, Max: 0, Diff: 0, Sum: 0, Workers: 6
[1.956s][debug  ][gc,phases      ] GC(5)     Total                          Min: 0, Avg:  0.0, Max: 0, Diff: 0, Sum: 0, Workers: 6
[1.956s][debug  ][gc,phases      ] GC(5)   StringTable Weak               Min:  0.0, Avg:  0.0, Max:  0.0, Diff:  0.0, Sum:  0.2, Workers: 6
[1.956s][debug  ][gc,phases      ] GC(5)     Dead                           Min: 0, Avg:  0.5, Max: 2, Diff: 2, Sum: 3, Workers: 6
[1.956s][debug  ][gc,phases      ] GC(5)     Total                          Min: 556, Avg: 892.5, Max: 1472, Diff: 916, Sum: 5355, Workers: 6
[1.956s][debug  ][gc,phases      ] GC(5)   ResolvedMethodTable Weak       Min:  0.0, Avg:  0.0, Max:  0.0, Diff:  0.0, Sum:  0.0, Workers: 6
[1.956s][debug  ][gc,phases      ] GC(5)     Dead                           Min: 0, Avg:  0.0, Max: 0, Diff: 0, Sum: 0, Workers: 6
[1.956s][debug  ][gc,phases      ] GC(5)     Total                          Min: 0, Avg: 21.7, Max: 64, Diff: 64, Sum: 130, Workers: 6
[1.956s][debug  ][gc,phases      ] GC(5)   JNI Weak                       Min:  0.0, Avg:  0.0, Max:  0.0, Diff:  0.0, Sum:  0.0, Workers: 6
[1.956s][debug  ][gc,phases      ] GC(5)     Dead                           Min: 0, Avg:  0.0, Max: 0, Diff: 0, Sum: 0, Workers: 6
[1.956s][debug  ][gc,phases      ] GC(5)     Total                          Min: 0, Avg:  0.0, Max: 0, Diff: 0, Sum: 0, Workers: 6
[1.956s][debug  ][gc,phases      ] GC(5)   StringDedup Table Weak         Min:  0.0, Avg:  0.0, Max:  0.0, Diff:  0.0, Sum:  0.0, Workers: 6
[1.956s][debug  ][gc,phases      ] GC(5)     Dead                           Min: 0, Avg:  0.0, Max: 0, Diff: 0, Sum: 0, Workers: 6
[1.956s][debug  ][gc,phases      ] GC(5)     Total                          Min: 0, Avg:  0.0, Max: 0, Diff: 0, Sum: 0, Workers: 6
[1.956s][debug  ][gc,phases      ] GC(5)   StringDedup Requests0 Weak     Min:  0.0, Avg:  0.0, Max:  0.0, Diff:  0.0, Sum:  0.0, Workers: 6
[1.956s][debug  ][gc,phases      ] GC(5)     Dead                           Min: 0, Avg:  0.0, Max: 0, Diff: 0, Sum: 0, Workers: 6
[1.956s][debug  ][gc,phases      ] GC(5)     Total                          Min: 0, Avg:  0.0, Max: 0, Diff: 0, Sum: 0, Workers: 6
[1.956s][debug  ][gc,phases      ] GC(5)   StringDedup Requests1 Weak     Min:  0.0, Avg:  0.0, Max:  0.0, Diff:  0.0, Sum:  0.0, Workers: 6
[1.956s][debug  ][gc,phases      ] GC(5)     Dead                           Min: 0, Avg:  0.0, Max: 0, Diff: 0, Sum: 0, Workers: 6
[1.956s][debug  ][gc,phases      ] GC(5)     Total                          Min: 0, Avg:  0.0, Max: 0, Diff: 0, Sum: 0, Workers: 6
[1.956s][debug  ][gc,phases      ] GC(5)   Weak JFR Old Object Samples    Min:  0.0, Avg:  0.0, Max:  0.0, Diff:  0.0, Sum:  0.0, Workers: 6
[1.956s][debug  ][gc,phases      ] GC(5)     Dead                           Min: 0, Avg:  0.0, Max: 0, Diff: 0, Sum: 0, Workers: 6
[1.956s][debug  ][gc,phases      ] GC(5)     Total                          Min: 0, Avg:  0.0, Max: 0, Diff: 0, Sum: 0, Workers: 6
[1.956s][debug  ][gc,phases      ] GC(5) Weak Processing 0.832ms
[1.956s][debug  ][gc,ergo        ] GC(5) AdaptiveSizeStart:  collection: 6 
[1.956s][debug  ][gc,ergo        ] GC(5) avg_survived_padded_avg: 33427956.000000
[1.956s][debug  ][gc,ergo        ] GC(5) avg_promoted_padded_avg: 241163952.000000  avg_pretenured_padded_avg: 0.000000  tenuring_thresh: 5  target_size: 33554432
[1.956s][debug  ][gc,age         ] GC(5) Desired survivor size 33554432 bytes, new threshold 5 (max threshold 15)
[1.956s][debug  ][gc,ergo        ] GC(5) PSAdaptiveSizePolicy::compute_eden_space_size limits: desired_eden_size: 402653184 old_eden_size: 201326592 eden_limit: 201326592 cur_eden: 201326592 max_eden_size: 201326592 avg_young_live: 32832460
[1.956s][debug  ][gc,ergo        ] GC(5) PSAdaptiveSizePolicy::compute_eden_space_size: costs minor_time: 0.077141 major_cost: 0.000000 mutator_cost: 0.922859 throughput_goal: 0.990000
[1.956s][debug  ][gc,ergo        ] GC(5) Live_space: 301267904 free_space: 402653184
[1.956s][debug  ][gc,ergo        ] GC(5) Old eden_size: 201326592 desired_eden_size: 201326592
[1.956s][debug  ][gc,ergo        ] GC(5) AdaptiveSizeStop: collection: 6 
[1.957s][info   ][gc,heap        ] GC(5) PSYoungGen: 221624K(229376K)->32536K(229376K) Eden: 189392K(196608K)->0K(196608K) From: 32232K(32768K)->32536K(32768K)
[1.957s][info   ][gc,heap        ] GC(5) ParOldGen: 880673K(3932160K)->921641K(3932160K)
[1.957s][info   ][gc,metaspace   ] GC(5) Metaspace: 1020K(1152K)->1020K(1152K) NonClass: 936K(960K)->936K(960K) Class: 83K(192K)->83K(192K)
[1.957s][info   ][gc             ] GC(5) Pause Young (Allocation Failure) 1076M->931M(4064M) 10.624ms
[1.957s][info   ][gc,cpu         ] GC(5) User=0.00s Sys=0.00s Real=0.01s
[1.957s][debug  ][gc,heap        ] GC(5) Heap after GC invocations=6 (full 0):
[1.957s][debug  ][gc,heap        ] GC(5)  PSYoungGen      total 229376K, used 32536K [0x00000007f0000000, 0x0000000800000000, 0x0000000800000000)
[1.957s][debug  ][gc,heap        ] GC(5)   eden space 196608K, 0% used [0x00000007f0000000,0x00000007f0000000,0x00000007fc000000)
[1.957s][debug  ][gc,heap        ] GC(5)   from space 32768K, 99% used [0x00000007fe000000,0x00000007fffc6040,0x0000000800000000)
[1.957s][debug  ][gc,heap        ] GC(5)   to   space 32768K, 0% used [0x00000007fc000000,0x00000007fc000000,0x00000007fe000000)
[1.957s][debug  ][gc,heap        ] GC(5)  ParOldGen       total 3932160K, used 921641K [0x0000000700000000, 0x00000007f0000000, 0x00000007f0000000)
[1.957s][debug  ][gc,heap        ] GC(5)   object space 3932160K, 23% used [0x0000000700000000,0x000000073840a5a0,0x00000007f0000000)
[1.957s][debug  ][gc,heap        ] GC(5)  Metaspace       used 1020K, committed 1152K, reserved 1056768K
[1.957s][debug  ][gc,heap        ] GC(5)   class space    used 83K, committed 192K, reserved 1048576K
[1.957s][debug  ][gc,task,time   ] GC(5) VM-Thread 19456544 19546878 19569469
[2.250s][debug  ][gc,heap        ] GC(6) Heap before GC invocations=7 (full 0):
[2.250s][debug  ][gc,heap        ] GC(6)  PSYoungGen      total 229376K, used 220661K [0x00000007f0000000, 0x0000000800000000, 0x0000000800000000)
[2.250s][debug  ][gc,heap        ] GC(6)   eden space 196608K, 95% used [0x00000007f0000000,0x00000007fb7b77a0,0x00000007fc000000)
[2.250s][debug  ][gc,heap        ] GC(6)   from space 32768K, 99% used [0x00000007fe000000,0x00000007fffc6040,0x0000000800000000)
[2.250s][debug  ][gc,heap        ] GC(6)   to   space 32768K, 0% used [0x00000007fc000000,0x00000007fc000000,0x00000007fe000000)
[2.250s][debug  ][gc,heap        ] GC(6)  ParOldGen       total 3932160K, used 921641K [0x0000000700000000, 0x00000007f0000000, 0x00000007f0000000)
[2.250s][debug  ][gc,heap        ] GC(6)   object space 3932160K, 23% used [0x0000000700000000,0x000000073840a5a0,0x00000007f0000000)
[2.250s][debug  ][gc,heap        ] GC(6)  Metaspace       used 1020K, committed 1152K, reserved 1056768K
[2.250s][debug  ][gc,heap        ] GC(6)   class space    used 83K, committed 192K, reserved 1048576K
[2.250s][debug  ][gc,tlab        ] GC(6) TLAB totals: thrds: 1  refills: 1 max: 1 slow allocs: 17 max 17 waste: 27.1% gc: 3896960B max: 3896960B slow: 0B max: 0B
[2.250s][info   ][gc,start       ] GC(6) Pause Young (Allocation Failure)
[2.250s][debug  ][gc,phases,start] GC(6) Scavenge
[2.284s][debug  ][gc,phases      ] GC(6) Scavenge 33.683ms
[2.284s][debug  ][gc,phases,start] GC(6) Reference Processing
[2.284s][debug  ][gc,ref         ] GC(6) Skipped phase 1 of Reference Processing: no references
[2.284s][debug  ][gc,ref         ] GC(6) Skipped phase 2 of Reference Processing: no references
[2.284s][debug  ][gc,ref         ] GC(6) Skipped phase 3 of Reference Processing: no references
[2.284s][debug  ][gc,ref         ] GC(6) Skipped phase 4 of Reference Processing: no references
[2.284s][debug  ][gc,phases,ref  ] GC(6) Reference Processing: 0.1ms
[2.284s][debug  ][gc,phases,ref  ] GC(6)   Reconsider SoftReferences: 0.0ms
[2.284s][debug  ][gc,phases,ref  ] GC(6)     SoftRef (ms):                  skipped
[2.284s][debug  ][gc,phases,ref  ] GC(6)   Notify Soft/WeakReferences: 0.0ms
[2.284s][debug  ][gc,phases,ref  ] GC(6)     SoftRef (ms):                  skipped
[2.284s][debug  ][gc,phases,ref  ] GC(6)     WeakRef (ms):                  skipped
[2.284s][debug  ][gc,phases,ref  ] GC(6)     FinalRef (ms):                 skipped
[2.284s][debug  ][gc,phases,ref  ] GC(6)     Total (ms):                    skipped
[2.284s][debug  ][gc,phases,ref  ] GC(6)   Notify and keep alive finalizable: 0.0ms
[2.284s][debug  ][gc,phases,ref  ] GC(6)     FinalRef (ms):                 skipped
[2.284s][debug  ][gc,phases,ref  ] GC(6)   Notify PhantomReferences: 0.0ms
[2.284s][debug  ][gc,phases,ref  ] GC(6)     PhantomRef (ms):               skipped
[2.284s][debug  ][gc,phases,ref  ] GC(6)   SoftReference:
[2.284s][debug  ][gc,phases,ref  ] GC(6)     Discovered: 0
[2.284s][debug  ][gc,phases,ref  ] GC(6)     Cleared: 0
[2.284s][debug  ][gc,phases,ref  ] GC(6)   WeakReference:
[2.284s][debug  ][gc,phases,ref  ] GC(6)     Discovered: 0
[2.284s][debug  ][gc,phases,ref  ] GC(6)     Cleared: 0
[2.285s][debug  ][gc,phases,ref  ] GC(6)   FinalReference:
[2.285s][debug  ][gc,phases,ref  ] GC(6)     Discovered: 0
[2.285s][debug  ][gc,phases,ref  ] GC(6)     Cleared: 0
[2.285s][debug  ][gc,phases,ref  ] GC(6)   PhantomReference:
[2.285s][debug  ][gc,phases,ref  ] GC(6)     Discovered: 0
[2.285s][debug  ][gc,phases,ref  ] GC(6)     Cleared: 0
[2.285s][debug  ][gc,phases      ] GC(6) Reference Processing 0.716ms
[2.285s][debug  ][gc,phases,start] GC(6) Weak Processing
[2.285s][debug  ][gc,phases      ] GC(6)   VM Weak                        Min:  0.0, Avg:  0.0, Max:  0.0, Diff:  0.0, Sum:  0.0, Workers: 6
[2.285s][debug  ][gc,phases      ] GC(6)     Dead                           Min: 0, Avg:  0.0, Max: 0, Diff: 0, Sum: 0, Workers: 6
[2.285s][debug  ][gc,phases      ] GC(6)     Total                          Min: 0, Avg:  1.3, Max: 8, Diff: 8, Sum: 8, Workers: 6
[2.285s][debug  ][gc,phases      ] GC(6)   ObjectSynchronizer Weak        Min:  0.0, Avg:  0.0, Max:  0.0, Diff:  0.0, Sum:  0.0, Workers: 6
[2.285s][debug  ][gc,phases      ] GC(6)     Dead                           Min: 0, Avg:  0.0, Max: 0, Diff: 0, Sum: 0, Workers: 6
[2.285s][debug  ][gc,phases      ] GC(6)     Total                          Min: 0, Avg:  0.5, Max: 3, Diff: 3, Sum: 3, Workers: 6
[2.285s][debug  ][gc,phases      ] GC(6)   JVMTI Tag Weak OopStorage      Min:  0.0, Avg:  0.0, Max:  0.0, Diff:  0.0, Sum:  0.0, Workers: 6
[2.285s][debug  ][gc,phases      ] GC(6)     Dead                           Min: 0, Avg:  0.0, Max: 0, Diff: 0, Sum: 0, Workers: 6
[2.285s][debug  ][gc,phases      ] GC(6)     Total                          Min: 0, Avg:  0.0, Max: 0, Diff: 0, Sum: 0, Workers: 6
[2.285s][debug  ][gc,phases      ] GC(6)   StringTable Weak               Min:  0.0, Avg:  0.0, Max:  0.1, Diff:  0.0, Sum:  0.3, Workers: 6
[2.285s][debug  ][gc,phases      ] GC(6)     Dead                           Min: 0, Avg:  0.0, Max: 0, Diff: 0, Sum: 0, Workers: 6
[2.285s][debug  ][gc,phases      ] GC(6)     Total                          Min: 512, Avg: 892.5, Max: 1452, Diff: 940, Sum: 5355, Workers: 6
[2.285s][debug  ][gc,phases      ] GC(6)   ResolvedMethodTable Weak       Min:  0.0, Avg:  0.0, Max:  0.0, Diff:  0.0, Sum:  0.0, Workers: 6
[2.285s][debug  ][gc,phases      ] GC(6)     Dead                           Min: 0, Avg:  0.0, Max: 0, Diff: 0, Sum: 0, Workers: 6
[2.285s][debug  ][gc,phases      ] GC(6)     Total                          Min: 0, Avg: 21.7, Max: 64, Diff: 64, Sum: 130, Workers: 6
[2.285s][debug  ][gc,phases      ] GC(6)   JNI Weak                       Min:  0.0, Avg:  0.0, Max:  0.0, Diff:  0.0, Sum:  0.0, Workers: 6
[2.285s][debug  ][gc,phases      ] GC(6)     Dead                           Min: 0, Avg:  0.0, Max: 0, Diff: 0, Sum: 0, Workers: 6
[2.285s][debug  ][gc,phases      ] GC(6)     Total                          Min: 0, Avg:  0.0, Max: 0, Diff: 0, Sum: 0, Workers: 6
[2.285s][debug  ][gc,phases      ] GC(6)   StringDedup Table Weak         Min:  0.0, Avg:  0.0, Max:  0.0, Diff:  0.0, Sum:  0.0, Workers: 6
[2.285s][debug  ][gc,phases      ] GC(6)     Dead                           Min: 0, Avg:  0.0, Max: 0, Diff: 0, Sum: 0, Workers: 6
[2.285s][debug  ][gc,phases      ] GC(6)     Total                          Min: 0, Avg:  0.0, Max: 0, Diff: 0, Sum: 0, Workers: 6
[2.285s][debug  ][gc,phases      ] GC(6)   StringDedup Requests0 Weak     Min:  0.0, Avg:  0.0, Max:  0.0, Diff:  0.0, Sum:  0.0, Workers: 6
[2.285s][debug  ][gc,phases      ] GC(6)     Dead                           Min: 0, Avg:  0.0, Max: 0, Diff: 0, Sum: 0, Workers: 6
[2.285s][debug  ][gc,phases      ] GC(6)     Total                          Min: 0, Avg:  0.0, Max: 0, Diff: 0, Sum: 0, Workers: 6
[2.285s][debug  ][gc,phases      ] GC(6)   StringDedup Requests1 Weak     Min:  0.0, Avg:  0.0, Max:  0.0, Diff:  0.0, Sum:  0.0, Workers: 6
[2.285s][debug  ][gc,phases      ] GC(6)     Dead                           Min: 0, Avg:  0.0, Max: 0, Diff: 0, Sum: 0, Workers: 6
[2.285s][debug  ][gc,phases      ] GC(6)     Total                          Min: 0, Avg:  0.0, Max: 0, Diff: 0, Sum: 0, Workers: 6
[2.285s][debug  ][gc,phases      ] GC(6)   Weak JFR Old Object Samples    Min:  0.0, Avg:  0.0, Max:  0.0, Diff:  0.0, Sum:  0.0, Workers: 6
[2.285s][debug  ][gc,phases      ] GC(6)     Dead                           Min: 0, Avg:  0.0, Max: 0, Diff: 0, Sum: 0, Workers: 6
[2.285s][debug  ][gc,phases      ] GC(6)     Total                          Min: 0, Avg:  0.0, Max: 0, Diff: 0, Sum: 0, Workers: 6
[2.285s][debug  ][gc,phases      ] GC(6) Weak Processing 0.715ms
[2.285s][debug  ][gc,ergo        ] GC(6) AdaptiveSizeStart:  collection: 7 
[2.285s][debug  ][gc,ergo        ] GC(6) avg_survived_padded_avg: 33445814.000000
[2.285s][debug  ][gc,ergo        ] GC(6) avg_promoted_padded_avg: 245343904.000000  avg_pretenured_padded_avg: 0.000000  tenuring_thresh: 4  target_size: 33554432
[2.285s][debug  ][gc,age         ] GC(6) Desired survivor size 33554432 bytes, new threshold 4 (max threshold 15)
[2.285s][debug  ][gc,ergo        ] GC(6) PSAdaptiveSizePolicy::compute_eden_space_size limits: desired_eden_size: 402653184 old_eden_size: 201326592 eden_limit: 201326592 cur_eden: 201326592 max_eden_size: 201326592 avg_young_live: 32768392
[2.285s][debug  ][gc,ergo        ] GC(6) PSAdaptiveSizePolicy::compute_eden_space_size: costs minor_time: 0.084616 major_cost: 0.000000 mutator_cost: 0.915384 throughput_goal: 0.990000
[2.286s][debug  ][gc,ergo        ] GC(6) Live_space: 301203840 free_space: 402653184
[2.286s][debug  ][gc,ergo        ] GC(6) Old eden_size: 201326592 desired_eden_size: 201326592
[2.286s][debug  ][gc,ergo        ] GC(6) AdaptiveSizeStop: collection: 7 
[2.286s][info   ][gc,heap        ] GC(6) PSYoungGen: 220661K(229376K)->31616K(229376K) Eden: 188125K(196608K)->0K(196608K) From: 32536K(32768K)->31616K(32768K)
[2.286s][info   ][gc,heap        ] GC(6) ParOldGen: 921641K(3932160K)->1106895K(3932160K)
[2.286s][info   ][gc,metaspace   ] GC(6) Metaspace: 1020K(1152K)->1020K(1152K) NonClass: 936K(960K)->936K(960K) Class: 83K(192K)->83K(192K)
[2.286s][info   ][gc             ] GC(6) Pause Young (Allocation Failure) 1115M->1111M(4064M) 35.538ms
[2.286s][info   ][gc,cpu         ] GC(6) User=0.00s Sys=0.31s Real=0.04s
[2.286s][debug  ][gc,heap        ] GC(6) Heap after GC invocations=7 (full 0):
[2.286s][debug  ][gc,heap        ] GC(6)  PSYoungGen      total 229376K, used 31616K [0x00000007f0000000, 0x0000000800000000, 0x0000000800000000)
[2.286s][debug  ][gc,heap        ] GC(6)   eden space 196608K, 0% used [0x00000007f0000000,0x00000007f0000000,0x00000007fc000000)
[2.286s][debug  ][gc,heap        ] GC(6)   from space 32768K, 96% used [0x00000007fc000000,0x00000007fdee0030,0x00000007fe000000)
[2.286s][debug  ][gc,heap        ] GC(6)   to   space 32768K, 0% used [0x00000007fe000000,0x00000007fe000000,0x0000000800000000)
[2.286s][debug  ][gc,heap        ] GC(6)  ParOldGen       total 3932160K, used 1106895K [0x0000000700000000, 0x00000007f0000000, 0x00000007f0000000)
[2.286s][debug  ][gc,heap        ] GC(6)   object space 3932160K, 28% used [0x0000000700000000,0x00000007438f3f30,0x00000007f0000000)
[2.286s][debug  ][gc,heap        ] GC(6)  Metaspace       used 1020K, committed 1152K, reserved 1056768K
[2.286s][debug  ][gc,heap        ] GC(6)   class space    used 83K, committed 192K, reserved 1048576K
[2.286s][debug  ][gc,task,time   ] GC(6) VM-Thread 22497518 22839039 22858952
[2.566s][debug  ][gc,heap        ] GC(7) Heap before GC invocations=8 (full 0):
[2.566s][debug  ][gc,heap        ] GC(7)  PSYoungGen      total 229376K, used 219760K [0x00000007f0000000, 0x0000000800000000, 0x0000000800000000)
[2.566s][debug  ][gc,heap        ] GC(7)   eden space 196608K, 95% used [0x00000007f0000000,0x00000007fb7bc308,0x00000007fc000000)
[2.566s][debug  ][gc,heap        ] GC(7)   from space 32768K, 96% used [0x00000007fc000000,0x00000007fdee0030,0x00000007fe000000)
[2.566s][debug  ][gc,heap        ] GC(7)   to   space 32768K, 0% used [0x00000007fe000000,0x00000007fe000000,0x0000000800000000)
[2.566s][debug  ][gc,heap        ] GC(7)  ParOldGen       total 3932160K, used 1106895K [0x0000000700000000, 0x00000007f0000000, 0x00000007f0000000)
[2.566s][debug  ][gc,heap        ] GC(7)   object space 3932160K, 28% used [0x0000000700000000,0x00000007438f3f30,0x00000007f0000000)
[2.566s][debug  ][gc,heap        ] GC(7)  Metaspace       used 1020K, committed 1152K, reserved 1056768K
[2.566s][debug  ][gc,heap        ] GC(7)   class space    used 83K, committed 192K, reserved 1048576K
[2.566s][debug  ][gc,tlab        ] GC(7) TLAB totals: thrds: 1  refills: 1 max: 1 slow allocs: 17 max 17 waste: 27.2% gc: 3916264B max: 3916264B slow: 0B max: 0B
[2.566s][info   ][gc,start       ] GC(7) Pause Young (Allocation Failure)
[2.566s][debug  ][gc,phases,start] GC(7) Scavenge
[2.605s][debug  ][gc,phases      ] GC(7) Scavenge 38.345ms
[2.605s][debug  ][gc,phases,start] GC(7) Reference Processing
[2.605s][debug  ][gc,ref         ] GC(7) Skipped phase 1 of Reference Processing: no references
[2.605s][debug  ][gc,ref         ] GC(7) ReferenceProcessor::execute queues: 1, RefProcThreadModel::Single, marks_oops_alive: false
[2.605s][debug  ][gc,ref         ] GC(7) Skipped phase 3 of Reference Processing: no references
[2.605s][debug  ][gc,ref         ] GC(7) Skipped phase 4 of Reference Processing: no references
[2.605s][debug  ][gc,phases,ref  ] GC(7) Reference Processing: 0.1ms
[2.605s][debug  ][gc,phases,ref  ] GC(7)   Reconsider SoftReferences: 0.0ms
[2.605s][debug  ][gc,phases,ref  ] GC(7)     SoftRef (ms):                  skipped
[2.605s][debug  ][gc,phases,ref  ] GC(7)   Notify Soft/WeakReferences: 0.0ms
[2.605s][debug  ][gc,phases,ref  ] GC(7)     SoftRef (ms):                  Min:  0.0, Avg:  0.0, Max:  0.0, Diff:  0.0, Sum:  0.0, Workers: 10
[2.605s][debug  ][gc,phases,ref  ] GC(7)     WeakRef (ms):                  Min:  0.0, Avg:  0.0, Max:  0.0, Diff:  0.0, Sum:  0.0, Workers: 10
[2.605s][debug  ][gc,phases,ref  ] GC(7)     FinalRef (ms):                 Min:  0.0, Avg:  0.0, Max:  0.0, Diff:  0.0, Sum:  0.0, Workers: 10
[2.605s][debug  ][gc,phases,ref  ] GC(7)     Total (ms):                    Min:  0.0, Avg:  0.0, Max:  0.0, Diff:  0.0, Sum:  0.0, Workers: 10
[2.605s][debug  ][gc,phases,ref  ] GC(7)   Notify and keep alive finalizable: 0.0ms
[2.605s][debug  ][gc,phases,ref  ] GC(7)     FinalRef (ms):                 skipped
[2.605s][debug  ][gc,phases,ref  ] GC(7)   Notify PhantomReferences: 0.0ms
[2.605s][debug  ][gc,phases,ref  ] GC(7)     PhantomRef (ms):               skipped
[2.605s][debug  ][gc,phases,ref  ] GC(7)   SoftReference:
[2.605s][debug  ][gc,phases,ref  ] GC(7)     Discovered: 0
[2.605s][debug  ][gc,phases,ref  ] GC(7)     Cleared: 0
[2.605s][debug  ][gc,phases,ref  ] GC(7)   WeakReference:
[2.605s][debug  ][gc,phases,ref  ] GC(7)     Discovered: 42
[2.605s][debug  ][gc,phases,ref  ] GC(7)     Cleared: 42
[2.605s][debug  ][gc,phases,ref  ] GC(7)   FinalReference:
[2.605s][debug  ][gc,phases,ref  ] GC(7)     Discovered: 0
[2.606s][debug  ][gc,phases,ref  ] GC(7)     Cleared: 0
[2.606s][debug  ][gc,phases,ref  ] GC(7)   PhantomReference:
[2.606s][debug  ][gc,phases,ref  ] GC(7)     Discovered: 0
[2.606s][debug  ][gc,phases,ref  ] GC(7)     Cleared: 0
[2.606s][debug  ][gc,phases      ] GC(7) Reference Processing 0.727ms
[2.606s][debug  ][gc,phases,start] GC(7) Weak Processing
[2.606s][debug  ][gc,phases      ] GC(7)   VM Weak                        Min:  0.0, Avg:  0.0, Max:  0.0, Diff:  0.0, Sum:  0.0, Workers: 6
[2.606s][debug  ][gc,phases      ] GC(7)     Dead                           Min: 0, Avg:  0.0, Max: 0, Diff: 0, Sum: 0, Workers: 6
[2.606s][debug  ][gc,phases      ] GC(7)     Total                          Min: 0, Avg:  1.3, Max: 8, Diff: 8, Sum: 8, Workers: 6
[2.606s][debug  ][gc,phases      ] GC(7)   ObjectSynchronizer Weak        Min:  0.0, Avg:  0.0, Max:  0.0, Diff:  0.0, Sum:  0.0, Workers: 6
[2.606s][debug  ][gc,phases      ] GC(7)     Dead                           Min: 0, Avg:  0.0, Max: 0, Diff: 0, Sum: 0, Workers: 6
[2.606s][debug  ][gc,phases      ] GC(7)     Total                          Min: 0, Avg:  0.5, Max: 3, Diff: 3, Sum: 3, Workers: 6
[2.606s][debug  ][gc,phases      ] GC(7)   JVMTI Tag Weak OopStorage      Min:  0.0, Avg:  0.0, Max:  0.0, Diff:  0.0, Sum:  0.0, Workers: 6
[2.606s][debug  ][gc,phases      ] GC(7)     Dead                           Min: 0, Avg:  0.0, Max: 0, Diff: 0, Sum: 0, Workers: 6
[2.606s][debug  ][gc,phases      ] GC(7)     Total                          Min: 0, Avg:  0.0, Max: 0, Diff: 0, Sum: 0, Workers: 6
[2.606s][debug  ][gc,phases      ] GC(7)   StringTable Weak               Min:  0.0, Avg:  0.0, Max:  0.0, Diff:  0.0, Sum:  0.1, Workers: 6
[2.606s][debug  ][gc,phases      ] GC(7)     Dead                           Min: 0, Avg:  0.0, Max: 0, Diff: 0, Sum: 0, Workers: 6
[2.606s][debug  ][gc,phases      ] GC(7)     Total                          Min: 704, Avg: 892.5, Max: 1132, Diff: 428, Sum: 5355, Workers: 6
[2.606s][debug  ][gc,phases      ] GC(7)   ResolvedMethodTable Weak       Min:  0.0, Avg:  0.0, Max:  0.0, Diff:  0.0, Sum:  0.0, Workers: 6
[2.606s][debug  ][gc,phases      ] GC(7)     Dead                           Min: 0, Avg:  0.0, Max: 0, Diff: 0, Sum: 0, Workers: 6
[2.606s][debug  ][gc,phases      ] GC(7)     Total                          Min: 0, Avg: 21.7, Max: 64, Diff: 64, Sum: 130, Workers: 6
[2.606s][debug  ][gc,phases      ] GC(7)   JNI Weak                       Min:  0.0, Avg:  0.0, Max:  0.0, Diff:  0.0, Sum:  0.0, Workers: 6
[2.606s][debug  ][gc,phases      ] GC(7)     Dead                           Min: 0, Avg:  0.0, Max: 0, Diff: 0, Sum: 0, Workers: 6
[2.606s][debug  ][gc,phases      ] GC(7)     Total                          Min: 0, Avg:  0.0, Max: 0, Diff: 0, Sum: 0, Workers: 6
[2.606s][debug  ][gc,phases      ] GC(7)   StringDedup Table Weak         Min:  0.0, Avg:  0.0, Max:  0.0, Diff:  0.0, Sum:  0.0, Workers: 6
[2.606s][debug  ][gc,phases      ] GC(7)     Dead                           Min: 0, Avg:  0.0, Max: 0, Diff: 0, Sum: 0, Workers: 6
[2.606s][debug  ][gc,phases      ] GC(7)     Total                          Min: 0, Avg:  0.0, Max: 0, Diff: 0, Sum: 0, Workers: 6
[2.606s][debug  ][gc,phases      ] GC(7)   StringDedup Requests0 Weak     Min:  0.0, Avg:  0.0, Max:  0.0, Diff:  0.0, Sum:  0.0, Workers: 6
[2.606s][debug  ][gc,phases      ] GC(7)     Dead                           Min: 0, Avg:  0.0, Max: 0, Diff: 0, Sum: 0, Workers: 6
[2.606s][debug  ][gc,phases      ] GC(7)     Total                          Min: 0, Avg:  0.0, Max: 0, Diff: 0, Sum: 0, Workers: 6
[2.606s][debug  ][gc,phases      ] GC(7)   StringDedup Requests1 Weak     Min:  0.0, Avg:  0.0, Max:  0.0, Diff:  0.0, Sum:  0.0, Workers: 6
[2.606s][debug  ][gc,phases      ] GC(7)     Dead                           Min: 0, Avg:  0.0, Max: 0, Diff: 0, Sum: 0, Workers: 6
[2.606s][debug  ][gc,phases      ] GC(7)     Total                          Min: 0, Avg:  0.0, Max: 0, Diff: 0, Sum: 0, Workers: 6
[2.606s][debug  ][gc,phases      ] GC(7)   Weak JFR Old Object Samples    Min:  0.0, Avg:  0.0, Max:  0.0, Diff:  0.0, Sum:  0.0, Workers: 6
[2.606s][debug  ][gc,phases      ] GC(7)     Dead                           Min: 0, Avg:  0.0, Max: 0, Diff: 0, Sum: 0, Workers: 6
[2.606s][debug  ][gc,phases      ] GC(7)     Total                          Min: 0, Avg:  0.0, Max: 0, Diff: 0, Sum: 0, Workers: 6
[2.606s][debug  ][gc,phases      ] GC(7) Weak Processing 0.749ms
[2.606s][debug  ][gc,ergo        ] GC(7) AdaptiveSizeStart:  collection: 8 
[2.606s][debug  ][gc,ergo        ] GC(7) avg_survived_padded_avg: 33519362.000000
[2.606s][debug  ][gc,ergo        ] GC(7) avg_promoted_padded_avg: 247088512.000000  avg_pretenured_padded_avg: 0.000000  tenuring_thresh: 3  target_size: 33554432
[2.606s][debug  ][gc,age         ] GC(7) Desired survivor size 33554432 bytes, new threshold 3 (max threshold 15)
[2.607s][debug  ][gc,ergo        ] GC(7) PSAdaptiveSizePolicy::compute_eden_space_size limits: desired_eden_size: 402653184 old_eden_size: 201326592 eden_limit: 201326592 cur_eden: 201326592 max_eden_size: 201326592 avg_young_live: 32673980
[2.607s][debug  ][gc,ergo        ] GC(7) PSAdaptiveSizePolicy::compute_eden_space_size: costs minor_time: 0.094578 major_cost: 0.000000 mutator_cost: 0.905422 throughput_goal: 0.990000
[2.607s][debug  ][gc,ergo        ] GC(7) Live_space: 301109440 free_space: 402653184
[2.607s][debug  ][gc,ergo        ] GC(7) Old eden_size: 201326592 desired_eden_size: 201326592
[2.607s][debug  ][gc,ergo        ] GC(7) AdaptiveSizeStop: collection: 8 
[2.607s][info   ][gc,heap        ] GC(7) PSYoungGen: 219760K(229376K)->31232K(229376K) Eden: 188144K(196608K)->0K(196608K) From: 31616K(32768K)->31232K(32768K)
[2.607s][info   ][gc,heap        ] GC(7) ParOldGen: 1106895K(3932160K)->1291779K(3932160K)
[2.607s][info   ][gc,metaspace   ] GC(7) Metaspace: 1020K(1152K)->1020K(1152K) NonClass: 936K(960K)->936K(960K) Class: 83K(192K)->83K(192K)
[2.607s][info   ][gc             ] GC(7) Pause Young (Allocation Failure) 1295M->1292M(4064M) 40.291ms
[2.607s][info   ][gc,cpu         ] GC(7) User=0.08s Sys=0.36s Real=0.04s
[2.607s][debug  ][gc,heap        ] GC(7) Heap after GC invocations=8 (full 0):
[2.607s][debug  ][gc,heap        ] GC(7)  PSYoungGen      total 229376K, used 31232K [0x00000007f0000000, 0x0000000800000000, 0x0000000800000000)
[2.607s][debug  ][gc,heap        ] GC(7)   eden space 196608K, 0% used [0x00000007f0000000,0x00000007f0000000,0x00000007fc000000)
[2.607s][debug  ][gc,heap        ] GC(7)   from space 32768K, 95% used [0x00000007fe000000,0x00000007ffe80030,0x0000000800000000)
[2.607s][debug  ][gc,heap        ] GC(7)   to   space 32768K, 0% used [0x00000007fc000000,0x00000007fc000000,0x00000007fe000000)
[2.607s][debug  ][gc,heap        ] GC(7)  ParOldGen       total 3932160K, used 1291779K [0x0000000700000000, 0x00000007f0000000, 0x00000007f0000000)
[2.607s][debug  ][gc,heap        ] GC(7)   object space 3932160K, 32% used [0x0000000700000000,0x000000074ed80fc0,0x00000007f0000000)
[2.607s][debug  ][gc,heap        ] GC(7)  Metaspace       used 1020K, committed 1152K, reserved 1056768K
[2.607s][debug  ][gc,heap        ] GC(7)   class space    used 83K, committed 192K, reserved 1048576K
[2.607s][debug  ][gc,task,time   ] GC(7) VM-Thread 25659218 26048868 26069259
[2.897s][debug  ][gc,heap        ] GC(8) Heap before GC invocations=9 (full 0):
[2.897s][debug  ][gc,heap        ] GC(8)  PSYoungGen      total 229376K, used 219386K [0x00000007f0000000, 0x0000000800000000, 0x0000000800000000)
[2.897s][debug  ][gc,heap        ] GC(8)   eden space 196608K, 95% used [0x00000007f0000000,0x00000007fb7be9e8,0x00000007fc000000)
[2.897s][debug  ][gc,heap        ] GC(8)   from space 32768K, 95% used [0x00000007fe000000,0x00000007ffe80030,0x0000000800000000)
[2.897s][debug  ][gc,heap        ] GC(8)   to   space 32768K, 0% used [0x00000007fc000000,0x00000007fc000000,0x00000007fe000000)
[2.897s][debug  ][gc,heap        ] GC(8)  ParOldGen       total 3932160K, used 1291779K [0x0000000700000000, 0x00000007f0000000, 0x00000007f0000000)
[2.897s][debug  ][gc,heap        ] GC(8)   object space 3932160K, 32% used [0x0000000700000000,0x000000074ed80fc0,0x00000007f0000000)
[2.897s][debug  ][gc,heap        ] GC(8)  Metaspace       used 1020K, committed 1152K, reserved 1056768K
[2.897s][debug  ][gc,heap        ] GC(8)   class space    used 83K, committed 192K, reserved 1048576K
[2.897s][debug  ][gc,tlab        ] GC(8) TLAB totals: thrds: 1  refills: 1 max: 1 slow allocs: 17 max 17 waste: 27.2% gc: 3926216B max: 3926216B slow: 0B max: 0B
[2.897s][info   ][gc,start       ] GC(8) Pause Young (Allocation Failure)
[2.898s][debug  ][gc,phases,start] GC(8) Scavenge
[2.930s][debug  ][gc,phases      ] GC(8) Scavenge 32.294ms
[2.930s][debug  ][gc,phases,start] GC(8) Reference Processing
[2.930s][debug  ][gc,ref         ] GC(8) Skipped phase 1 of Reference Processing: no references
[2.930s][debug  ][gc,ref         ] GC(8) Skipped phase 2 of Reference Processing: no references
[2.930s][debug  ][gc,ref         ] GC(8) Skipped phase 3 of Reference Processing: no references
[2.930s][debug  ][gc,ref         ] GC(8) Skipped phase 4 of Reference Processing: no references
[2.930s][debug  ][gc,phases,ref  ] GC(8) Reference Processing: 0.1ms
[2.930s][debug  ][gc,phases,ref  ] GC(8)   Reconsider SoftReferences: 0.0ms
[2.930s][debug  ][gc,phases,ref  ] GC(8)     SoftRef (ms):                  skipped
[2.930s][debug  ][gc,phases,ref  ] GC(8)   Notify Soft/WeakReferences: 0.0ms
[2.930s][debug  ][gc,phases,ref  ] GC(8)     SoftRef (ms):                  skipped
[2.930s][debug  ][gc,phases,ref  ] GC(8)     WeakRef (ms):                  skipped
[2.930s][debug  ][gc,phases,ref  ] GC(8)     FinalRef (ms):                 skipped
[2.930s][debug  ][gc,phases,ref  ] GC(8)     Total (ms):                    skipped
[2.930s][debug  ][gc,phases,ref  ] GC(8)   Notify and keep alive finalizable: 0.0ms
[2.930s][debug  ][gc,phases,ref  ] GC(8)     FinalRef (ms):                 skipped
[2.930s][debug  ][gc,phases,ref  ] GC(8)   Notify PhantomReferences: 0.0ms
[2.930s][debug  ][gc,phases,ref  ] GC(8)     PhantomRef (ms):               skipped
[2.930s][debug  ][gc,phases,ref  ] GC(8)   SoftReference:
[2.930s][debug  ][gc,phases,ref  ] GC(8)     Discovered: 0
[2.930s][debug  ][gc,phases,ref  ] GC(8)     Cleared: 0
[2.930s][debug  ][gc,phases,ref  ] GC(8)   WeakReference:
[2.930s][debug  ][gc,phases,ref  ] GC(8)     Discovered: 0
[2.930s][debug  ][gc,phases,ref  ] GC(8)     Cleared: 0
[2.930s][debug  ][gc,phases,ref  ] GC(8)   FinalReference:
[2.930s][debug  ][gc,phases,ref  ] GC(8)     Discovered: 0
[2.930s][debug  ][gc,phases,ref  ] GC(8)     Cleared: 0
[2.930s][debug  ][gc,phases,ref  ] GC(8)   PhantomReference:
[2.930s][debug  ][gc,phases,ref  ] GC(8)     Discovered: 0
[2.930s][debug  ][gc,phases,ref  ] GC(8)     Cleared: 0
[2.930s][debug  ][gc,phases      ] GC(8) Reference Processing 0.566ms
[2.930s][debug  ][gc,phases,start] GC(8) Weak Processing
[2.931s][debug  ][gc,phases      ] GC(8)   VM Weak                        Min:  0.0, Avg:  0.0, Max:  0.0, Diff:  0.0, Sum:  0.0, Workers: 6
[2.931s][debug  ][gc,phases      ] GC(8)     Dead                           Min: 0, Avg:  0.0, Max: 0, Diff: 0, Sum: 0, Workers: 6
[2.931s][debug  ][gc,phases      ] GC(8)     Total                          Min: 0, Avg:  1.3, Max: 8, Diff: 8, Sum: 8, Workers: 6
[2.931s][debug  ][gc,phases      ] GC(8)   ObjectSynchronizer Weak        Min:  0.0, Avg:  0.0, Max:  0.0, Diff:  0.0, Sum:  0.0, Workers: 6
[2.931s][debug  ][gc,phases      ] GC(8)     Dead                           Min: 0, Avg:  0.0, Max: 0, Diff: 0, Sum: 0, Workers: 6
[2.931s][debug  ][gc,phases      ] GC(8)     Total                          Min: 0, Avg:  0.5, Max: 3, Diff: 3, Sum: 3, Workers: 6
[2.931s][debug  ][gc,phases      ] GC(8)   JVMTI Tag Weak OopStorage      Min:  0.0, Avg:  0.0, Max:  0.0, Diff:  0.0, Sum:  0.0, Workers: 6
[2.931s][debug  ][gc,phases      ] GC(8)     Dead                           Min: 0, Avg:  0.0, Max: 0, Diff: 0, Sum: 0, Workers: 6
[2.931s][debug  ][gc,phases      ] GC(8)     Total                          Min: 0, Avg:  0.0, Max: 0, Diff: 0, Sum: 0, Workers: 6
[2.931s][debug  ][gc,phases      ] GC(8)   StringTable Weak               Min:  0.0, Avg:  0.0, Max:  0.0, Diff:  0.0, Sum:  0.0, Workers: 6
[2.931s][debug  ][gc,phases      ] GC(8)     Dead                           Min: 0, Avg:  0.0, Max: 0, Diff: 0, Sum: 0, Workers: 6
[2.931s][debug  ][gc,phases      ] GC(8)     Total                          Min: 767, Avg: 892.5, Max: 1024, Diff: 257, Sum: 5355, Workers: 6
[2.931s][debug  ][gc,phases      ] GC(8)   ResolvedMethodTable Weak       Min:  0.0, Avg:  0.0, Max:  0.0, Diff:  0.0, Sum:  0.0, Workers: 6
[2.931s][debug  ][gc,phases      ] GC(8)     Dead                           Min: 0, Avg:  0.0, Max: 0, Diff: 0, Sum: 0, Workers: 6
[2.931s][debug  ][gc,phases      ] GC(8)     Total                          Min: 0, Avg: 21.7, Max: 66, Diff: 66, Sum: 130, Workers: 6
[2.931s][debug  ][gc,phases      ] GC(8)   JNI Weak                       Min:  0.0, Avg:  0.0, Max:  0.0, Diff:  0.0, Sum:  0.0, Workers: 6
[2.931s][debug  ][gc,phases      ] GC(8)     Dead                           Min: 0, Avg:  0.0, Max: 0, Diff: 0, Sum: 0, Workers: 6
[2.931s][debug  ][gc,phases      ] GC(8)     Total                          Min: 0, Avg:  0.0, Max: 0, Diff: 0, Sum: 0, Workers: 6
[2.931s][debug  ][gc,phases      ] GC(8)   StringDedup Table Weak         Min:  0.0, Avg:  0.0, Max:  0.0, Diff:  0.0, Sum:  0.0, Workers: 6
[2.931s][debug  ][gc,phases      ] GC(8)     Dead                           Min: 0, Avg:  0.0, Max: 0, Diff: 0, Sum: 0, Workers: 6
[2.931s][debug  ][gc,phases      ] GC(8)     Total                          Min: 0, Avg:  0.0, Max: 0, Diff: 0, Sum: 0, Workers: 6
[2.931s][debug  ][gc,phases      ] GC(8)   StringDedup Requests0 Weak     Min:  0.0, Avg:  0.0, Max:  0.0, Diff:  0.0, Sum:  0.0, Workers: 6
[2.931s][debug  ][gc,phases      ] GC(8)     Dead                           Min: 0, Avg:  0.0, Max: 0, Diff: 0, Sum: 0, Workers: 6
[2.931s][debug  ][gc,phases      ] GC(8)     Total                          Min: 0, Avg:  0.0, Max: 0, Diff: 0, Sum: 0, Workers: 6
[2.931s][debug  ][gc,phases      ] GC(8)   StringDedup Requests1 Weak     Min:  0.0, Avg:  0.0, Max:  0.0, Diff:  0.0, Sum:  0.0, Workers: 6
[2.931s][debug  ][gc,phases      ] GC(8)     Dead                           Min: 0, Avg:  0.0, Max: 0, Diff: 0, Sum: 0, Workers: 6
[2.931s][debug  ][gc,phases      ] GC(8)     Total                          Min: 0, Avg:  0.0, Max: 0, Diff: 0, Sum: 0, Workers: 6
[2.931s][debug  ][gc,phases      ] GC(8)   Weak JFR Old Object Samples    Min:  0.0, Avg:  0.0, Max:  0.0, Diff:  0.0, Sum:  0.0, Workers: 6
[2.931s][debug  ][gc,phases      ] GC(8)     Dead                           Min: 0, Avg:  0.0, Max: 0, Diff: 0, Sum: 0, Workers: 6
[2.931s][debug  ][gc,phases      ] GC(8)     Total                          Min: 0, Avg:  0.0, Max: 0, Diff: 0, Sum: 0, Workers: 6
[2.931s][debug  ][gc,phases      ] GC(8) Weak Processing 0.946ms
[2.931s][debug  ][gc,ergo        ] GC(8) AdaptiveSizeStart:  collection: 9 
[2.931s][debug  ][gc,ergo        ] GC(8) avg_survived_padded_avg: 33649868.000000
[2.932s][debug  ][gc,ergo        ] GC(8) avg_promoted_padded_avg: 247532528.000000  avg_pretenured_padded_avg: 0.000000  tenuring_thresh: 2  target_size: 34078720
[2.932s][debug  ][gc,age         ] GC(8) Desired survivor size 34078720 bytes, new threshold 2 (max threshold 15)
[2.932s][debug  ][gc,ergo        ] GC(8) PSAdaptiveSizePolicy::compute_eden_space_size limits: desired_eden_size: 322437120 old_eden_size: 201326592 eden_limit: 201326592 cur_eden: 201326592 max_eden_size: 201326592 avg_young_live: 32540148
[2.932s][debug  ][gc,ergo        ] GC(8) PSAdaptiveSizePolicy::compute_eden_space_size: costs minor_time: 0.097033 major_cost: 0.000000 mutator_cost: 0.902967 throughput_goal: 0.990000
[2.932s][debug  ][gc,ergo        ] GC(8) Live_space: 300975616 free_space: 402653184
[2.932s][debug  ][gc,ergo        ] GC(8) Old eden_size: 201326592 desired_eden_size: 201326592
[2.932s][debug  ][gc,ergo        ] GC(8) AdaptiveSizeStop: collection: 9 
[2.932s][info   ][gc,heap        ] GC(8) PSYoungGen: 219386K(229376K)->30720K(227840K) Eden: 188154K(196608K)->0K(196608K) From: 31232K(32768K)->30720K(31232K)
[2.932s][info   ][gc,heap        ] GC(8) ParOldGen: 1291779K(3932160K)->1476399K(3932160K)
[2.932s][info   ][gc,metaspace   ] GC(8) Metaspace: 1020K(1152K)->1020K(1152K) NonClass: 936K(960K)->936K(960K) Class: 83K(192K)->83K(192K)
[2.932s][info   ][gc             ] GC(8) Pause Young (Allocation Failure) 1475M->1471M(4062M) 34.385ms
[2.932s][info   ][gc,cpu         ] GC(8) User=0.05s Sys=0.19s Real=0.04s
[2.932s][debug  ][gc,heap        ] GC(8) Heap after GC invocations=9 (full 0):
[2.932s][debug  ][gc,heap        ] GC(8)  PSYoungGen      total 227840K, used 30720K [0x00000007f0000000, 0x0000000800000000, 0x0000000800000000)
[2.932s][debug  ][gc,heap        ] GC(8)   eden space 196608K, 0% used [0x00000007f0000000,0x00000007f0000000,0x00000007fc000000)
[2.932s][debug  ][gc,heap        ] GC(8)   from space 31232K, 98% used [0x00000007fc000000,0x00000007fde00030,0x00000007fde80000)
[2.932s][debug  ][gc,heap        ] GC(8)   to   space 33280K, 0% used [0x00000007fdf80000,0x00000007fdf80000,0x0000000800000000)
[2.932s][debug  ][gc,heap        ] GC(8)  ParOldGen       total 3932160K, used 1476399K [0x0000000700000000, 0x00000007f0000000, 0x00000007f0000000)
[2.932s][debug  ][gc,heap        ] GC(8)   object space 3932160K, 37% used [0x0000000700000000,0x000000075a1cbca0,0x00000007f0000000)
[2.932s][debug  ][gc,heap        ] GC(8)  Metaspace       used 1020K, committed 1152K, reserved 1056768K
[2.932s][debug  ][gc,heap        ] GC(8)   class space    used 83K, committed 192K, reserved 1048576K
[2.932s][debug  ][gc,task,time   ] GC(8) VM-Thread 28970125 29298775 29320899
[3.214s][debug  ][gc,heap        ] GC(9) Heap before GC invocations=10 (full 0):
[3.214s][debug  ][gc,heap        ] GC(9)  PSYoungGen      total 227840K, used 218880K [0x00000007f0000000, 0x0000000800000000, 0x0000000800000000)
[3.214s][debug  ][gc,heap        ] GC(9)   eden space 196608K, 95% used [0x00000007f0000000,0x00000007fb7c02e0,0x00000007fc000000)
[3.214s][debug  ][gc,heap        ] GC(9)   from space 31232K, 98% used [0x00000007fc000000,0x00000007fde00030,0x00000007fde80000)
[3.214s][debug  ][gc,heap        ] GC(9)   to   space 33280K, 0% used [0x00000007fdf80000,0x00000007fdf80000,0x0000000800000000)
[3.214s][debug  ][gc,heap        ] GC(9)  ParOldGen       total 3932160K, used 1476399K [0x0000000700000000, 0x00000007f0000000, 0x00000007f0000000)
[3.214s][debug  ][gc,heap        ] GC(9)   object space 3932160K, 37% used [0x0000000700000000,0x000000075a1cbca0,0x00000007f0000000)
[3.214s][debug  ][gc,heap        ] GC(9)  Metaspace       used 1020K, committed 1152K, reserved 1056768K
[3.214s][debug  ][gc,heap        ] GC(9)   class space    used 83K, committed 192K, reserved 1048576K
[3.214s][debug  ][gc,tlab        ] GC(9) TLAB totals: thrds: 1  refills: 1 max: 1 slow allocs: 17 max 17 waste: 27.3% gc: 3932608B max: 3932608B slow: 0B max: 0B
[3.215s][info   ][gc,start       ] GC(9) Pause Young (Allocation Failure)
[3.215s][debug  ][gc,phases,start] GC(9) Scavenge
[3.250s][debug  ][gc,phases      ] GC(9) Scavenge 35.536ms
[3.250s][debug  ][gc,phases,start] GC(9) Reference Processing
[3.250s][debug  ][gc,ref         ] GC(9) Skipped phase 1 of Reference Processing: no references
[3.250s][debug  ][gc,ref         ] GC(9) Skipped phase 2 of Reference Processing: no references
[3.250s][debug  ][gc,ref         ] GC(9) Skipped phase 3 of Reference Processing: no references
[3.250s][debug  ][gc,ref         ] GC(9) Skipped phase 4 of Reference Processing: no references
[3.250s][debug  ][gc,phases,ref  ] GC(9) Reference Processing: 0.1ms
[3.250s][debug  ][gc,phases,ref  ] GC(9)   Reconsider SoftReferences: 0.0ms
[3.250s][debug  ][gc,phases,ref  ] GC(9)     SoftRef (ms):                  skipped
[3.250s][debug  ][gc,phases,ref  ] GC(9)   Notify Soft/WeakReferences: 0.0ms
[3.250s][debug  ][gc,phases,ref  ] GC(9)     SoftRef (ms):                  skipped
[3.250s][debug  ][gc,phases,ref  ] GC(9)     WeakRef (ms):                  skipped
[3.250s][debug  ][gc,phases,ref  ] GC(9)     FinalRef (ms):                 skipped
[3.251s][debug  ][gc,phases,ref  ] GC(9)     Total (ms):                    skipped
[3.251s][debug  ][gc,phases,ref  ] GC(9)   Notify and keep alive finalizable: 0.0ms
[3.251s][debug  ][gc,phases,ref  ] GC(9)     FinalRef (ms):                 skipped
[3.251s][debug  ][gc,phases,ref  ] GC(9)   Notify PhantomReferences: 0.0ms
[3.251s][debug  ][gc,phases,ref  ] GC(9)     PhantomRef (ms):               skipped
[3.251s][debug  ][gc,phases,ref  ] GC(9)   SoftReference:
[3.251s][debug  ][gc,phases,ref  ] GC(9)     Discovered: 0
[3.251s][debug  ][gc,phases,ref  ] GC(9)     Cleared: 0
[3.251s][debug  ][gc,phases,ref  ] GC(9)   WeakReference:
[3.251s][debug  ][gc,phases,ref  ] GC(9)     Discovered: 0
[3.251s][debug  ][gc,phases,ref  ] GC(9)     Cleared: 0
[3.251s][debug  ][gc,phases,ref  ] GC(9)   FinalReference:
[3.251s][debug  ][gc,phases,ref  ] GC(9)     Discovered: 0
[3.251s][debug  ][gc,phases,ref  ] GC(9)     Cleared: 0
[3.251s][debug  ][gc,phases,ref  ] GC(9)   PhantomReference:
[3.251s][debug  ][gc,phases,ref  ] GC(9)     Discovered: 0
[3.251s][debug  ][gc,phases,ref  ] GC(9)     Cleared: 0
[3.251s][debug  ][gc,phases      ] GC(9) Reference Processing 0.747ms
[3.251s][debug  ][gc,phases,start] GC(9) Weak Processing
[3.251s][debug  ][gc,phases      ] GC(9)   VM Weak                        Min:  0.0, Avg:  0.0, Max:  0.0, Diff:  0.0, Sum:  0.0, Workers: 6
[3.251s][debug  ][gc,phases      ] GC(9)     Dead                           Min: 0, Avg:  0.0, Max: 0, Diff: 0, Sum: 0, Workers: 6
[3.251s][debug  ][gc,phases      ] GC(9)     Total                          Min: 0, Avg:  1.3, Max: 8, Diff: 8, Sum: 8, Workers: 6
[3.251s][debug  ][gc,phases      ] GC(9)   ObjectSynchronizer Weak        Min:  0.0, Avg:  0.0, Max:  0.0, Diff:  0.0, Sum:  0.0, Workers: 6
[3.251s][debug  ][gc,phases      ] GC(9)     Dead                           Min: 0, Avg:  0.0, Max: 0, Diff: 0, Sum: 0, Workers: 6
[3.251s][debug  ][gc,phases      ] GC(9)     Total                          Min: 0, Avg:  0.5, Max: 3, Diff: 3, Sum: 3, Workers: 6
[3.251s][debug  ][gc,phases      ] GC(9)   JVMTI Tag Weak OopStorage      Min:  0.0, Avg:  0.0, Max:  0.0, Diff:  0.0, Sum:  0.0, Workers: 6
[3.251s][debug  ][gc,phases      ] GC(9)     Dead                           Min: 0, Avg:  0.0, Max: 0, Diff: 0, Sum: 0, Workers: 6
[3.251s][debug  ][gc,phases      ] GC(9)     Total                          Min: 0, Avg:  0.0, Max: 0, Diff: 0, Sum: 0, Workers: 6
[3.251s][debug  ][gc,phases      ] GC(9)   StringTable Weak               Min:  0.0, Avg:  0.0, Max:  0.0, Diff:  0.0, Sum:  0.1, Workers: 6
[3.251s][debug  ][gc,phases      ] GC(9)     Dead                           Min: 0, Avg:  0.0, Max: 0, Diff: 0, Sum: 0, Workers: 6
[3.251s][debug  ][gc,phases      ] GC(9)     Total                          Min: 639, Avg: 892.5, Max: 1024, Diff: 385, Sum: 5355, Workers: 6
[3.251s][debug  ][gc,phases      ] GC(9)   ResolvedMethodTable Weak       Min:  0.0, Avg:  0.0, Max:  0.0, Diff:  0.0, Sum:  0.0, Workers: 6
[3.251s][debug  ][gc,phases      ] GC(9)     Dead                           Min: 0, Avg:  0.0, Max: 0, Diff: 0, Sum: 0, Workers: 6
[3.251s][debug  ][gc,phases      ] GC(9)     Total                          Min: 0, Avg: 21.7, Max: 64, Diff: 64, Sum: 130, Workers: 6
[3.252s][debug  ][gc,phases      ] GC(9)   JNI Weak                       Min:  0.0, Avg:  0.0, Max:  0.0, Diff:  0.0, Sum:  0.0, Workers: 6
[3.252s][debug  ][gc,phases      ] GC(9)     Dead                           Min: 0, Avg:  0.0, Max: 0, Diff: 0, Sum: 0, Workers: 6
[3.252s][debug  ][gc,phases      ] GC(9)     Total                          Min: 0, Avg:  0.0, Max: 0, Diff: 0, Sum: 0, Workers: 6
[3.252s][debug  ][gc,phases      ] GC(9)   StringDedup Table Weak         Min:  0.0, Avg:  0.0, Max:  0.0, Diff:  0.0, Sum:  0.0, Workers: 6
[3.252s][debug  ][gc,phases      ] GC(9)     Dead                           Min: 0, Avg:  0.0, Max: 0, Diff: 0, Sum: 0, Workers: 6
[3.252s][debug  ][gc,phases      ] GC(9)     Total                          Min: 0, Avg:  0.0, Max: 0, Diff: 0, Sum: 0, Workers: 6
[3.252s][debug  ][gc,phases      ] GC(9)   StringDedup Requests0 Weak     Min:  0.0, Avg:  0.0, Max:  0.0, Diff:  0.0, Sum:  0.0, Workers: 6
[3.252s][debug  ][gc,phases      ] GC(9)     Dead                           Min: 0, Avg:  0.0, Max: 0, Diff: 0, Sum: 0, Workers: 6
[3.252s][debug  ][gc,phases      ] GC(9)     Total                          Min: 0, Avg:  0.0, Max: 0, Diff: 0, Sum: 0, Workers: 6
[3.252s][debug  ][gc,phases      ] GC(9)   StringDedup Requests1 Weak     Min:  0.0, Avg:  0.0, Max:  0.0, Diff:  0.0, Sum:  0.0, Workers: 6
[3.252s][debug  ][gc,phases      ] GC(9)     Dead                           Min: 0, Avg:  0.0, Max: 0, Diff: 0, Sum: 0, Workers: 6
[3.252s][debug  ][gc,phases      ] GC(9)     Total                          Min: 0, Avg:  0.0, Max: 0, Diff: 0, Sum: 0, Workers: 6
[3.252s][debug  ][gc,phases      ] GC(9)   Weak JFR Old Object Samples    Min:  0.0, Avg:  0.0, Max:  0.0, Diff:  0.0, Sum:  0.0, Workers: 6
[3.252s][debug  ][gc,phases      ] GC(9)     Dead                           Min: 0, Avg:  0.0, Max: 0, Diff: 0, Sum: 0, Workers: 6
[3.252s][debug  ][gc,phases      ] GC(9)     Total                          Min: 0, Avg:  0.0, Max: 0, Diff: 0, Sum: 0, Workers: 6
[3.252s][debug  ][gc,phases      ] GC(9) Weak Processing 0.985ms
[3.252s][debug  ][gc,ergo        ] GC(9) AdaptiveSizeStart:  collection: 10 
[3.252s][debug  ][gc,ergo        ] GC(9) avg_survived_padded_avg: 33722976.000000
[3.252s][debug  ][gc,ergo        ] GC(9) avg_promoted_padded_avg: 247157792.000000  avg_pretenured_padded_avg: 0.000000  tenuring_thresh: 1  target_size: 34078720
[3.252s][debug  ][gc,age         ] GC(9) Desired survivor size 34078720 bytes, new threshold 1 (max threshold 15)
[3.252s][debug  ][gc,ergo        ] GC(9) PSAdaptiveSizePolicy::compute_eden_space_size limits: desired_eden_size: 322437120 old_eden_size: 201326592 eden_limit: 202375168 cur_eden: 201326592 max_eden_size: 202375168 avg_young_live: 32431866
[3.252s][debug  ][gc,ergo        ] GC(9) PSAdaptiveSizePolicy::compute_eden_space_size: costs minor_time: 0.101970 major_cost: 0.000000 mutator_cost: 0.898030 throughput_goal: 0.990000
[3.252s][debug  ][gc,ergo        ] GC(9) Live_space: 300867328 free_space: 402653184
[3.252s][debug  ][gc,ergo        ] GC(9) Old eden_size: 201326592 desired_eden_size: 202375168
[3.252s][debug  ][gc,ergo        ] GC(9) AdaptiveSizeStop: collection: 10 
[3.252s][info   ][gc,heap        ] GC(9) PSYoungGen: 218880K(227840K)->30720K(228864K) Eden: 188160K(196608K)->0K(195584K) From: 30720K(31232K)->30720K(33280K)
[3.252s][info   ][gc,heap        ] GC(9) ParOldGen: 1476399K(3932160K)->1660719K(3932160K)
[3.252s][info   ][gc,metaspace   ] GC(9) Metaspace: 1020K(1152K)->1020K(1152K) NonClass: 936K(960K)->936K(960K) Class: 83K(192K)->83K(192K)
[3.252s][info   ][gc             ] GC(9) Pause Young (Allocation Failure) 1655M->1651M(4063M) 37.853ms
[3.252s][info   ][gc,cpu         ] GC(9) User=0.02s Sys=0.27s Real=0.04s
[3.252s][debug  ][gc,heap        ] GC(9) Heap after GC invocations=10 (full 0):
[3.252s][debug  ][gc,heap        ] GC(9)  PSYoungGen      total 228864K, used 30720K [0x00000007f0000000, 0x0000000800000000, 0x0000000800000000)
[3.252s][debug  ][gc,heap        ] GC(9)   eden space 195584K, 0% used [0x00000007f0000000,0x00000007f0000000,0x00000007fbf00000)
[3.253s][debug  ][gc,heap        ] GC(9)   from space 33280K, 92% used [0x00000007fdf80000,0x00000007ffd80030,0x0000000800000000)
[3.253s][debug  ][gc,heap        ] GC(9)   to   space 33280K, 0% used [0x00000007fbf00000,0x00000007fbf00000,0x00000007fdf80000)
[3.253s][debug  ][gc,heap        ] GC(9)  ParOldGen       total 3932160K, used 1660719K [0x0000000700000000, 0x00000007f0000000, 0x00000007f0000000)
[3.253s][debug  ][gc,heap        ] GC(9)   object space 3932160K, 42% used [0x0000000700000000,0x00000007655cbdc0,0x00000007f0000000)
[3.253s][debug  ][gc,heap        ] GC(9)  Metaspace       used 1020K, committed 1152K, reserved 1056768K
[3.253s][debug  ][gc,heap        ] GC(9)   class space    used 83K, committed 192K, reserved 1048576K
[3.253s][debug  ][gc,task,time   ] GC(9) VM-Thread 32141575 32502005 32526866
[3.548s][debug  ][gc,heap        ] GC(10) Heap before GC invocations=11 (full 0):
[3.548s][debug  ][gc,heap        ] GC(10)  PSYoungGen      total 228864K, used 218864K [0x00000007f0000000, 0x0000000800000000, 0x0000000800000000)
[3.548s][debug  ][gc,heap        ] GC(10)   eden space 195584K, 96% used [0x00000007f0000000,0x00000007fb7bc2d0,0x00000007fbf00000)
[3.548s][debug  ][gc,heap        ] GC(10)   from space 33280K, 92% used [0x00000007fdf80000,0x00000007ffd80030,0x0000000800000000)
[3.548s][debug  ][gc,heap        ] GC(10)   to   space 33280K, 0% used [0x00000007fbf00000,0x00000007fbf00000,0x00000007fdf80000)
[3.548s][debug  ][gc,heap        ] GC(10)  ParOldGen       total 3932160K, used 1660719K [0x0000000700000000, 0x00000007f0000000, 0x00000007f0000000)
[3.548s][debug  ][gc,heap        ] GC(10)   object space 3932160K, 42% used [0x0000000700000000,0x00000007655cbdc0,0x00000007f0000000)
[3.549s][debug  ][gc,heap        ] GC(10)  Metaspace       used 1021K, committed 1216K, reserved 1056768K
[3.549s][debug  ][gc,heap        ] GC(10)   class space    used 83K, committed 192K, reserved 1048576K
[3.549s][debug  ][gc,tlab        ] GC(10) TLAB totals: thrds: 1  refills: 1 max: 1 slow allocs: 17 max 17 waste: 27.2% gc: 3916208B max: 3916208B slow: 0B max: 0B
[3.549s][info   ][gc,start       ] GC(10) Pause Young (Allocation Failure)
[3.549s][debug  ][gc,phases,start] GC(10) Scavenge
[3.580s][debug  ][gc,phases      ] GC(10) Scavenge 31.274ms
[3.580s][debug  ][gc,phases,start] GC(10) Reference Processing
[3.580s][debug  ][gc,ref         ] GC(10) Skipped phase 1 of Reference Processing: no references
[3.580s][debug  ][gc,ref         ] GC(10) Skipped phase 2 of Reference Processing: no references
[3.580s][debug  ][gc,ref         ] GC(10) Skipped phase 3 of Reference Processing: no references
[3.580s][debug  ][gc,ref         ] GC(10) Skipped phase 4 of Reference Processing: no references
[3.580s][debug  ][gc,phases,ref  ] GC(10) Reference Processing: 0.1ms
[3.580s][debug  ][gc,phases,ref  ] GC(10)   Reconsider SoftReferences: 0.0ms
[3.580s][debug  ][gc,phases,ref  ] GC(10)     SoftRef (ms):                  skipped
[3.580s][debug  ][gc,phases,ref  ] GC(10)   Notify Soft/WeakReferences: 0.0ms
[3.580s][debug  ][gc,phases,ref  ] GC(10)     SoftRef (ms):                  skipped
[3.580s][debug  ][gc,phases,ref  ] GC(10)     WeakRef (ms):                  skipped
[3.580s][debug  ][gc,phases,ref  ] GC(10)     FinalRef (ms):                 skipped
[3.580s][debug  ][gc,phases,ref  ] GC(10)     Total (ms):                    skipped
[3.580s][debug  ][gc,phases,ref  ] GC(10)   Notify and keep alive finalizable: 0.0ms
[3.580s][debug  ][gc,phases,ref  ] GC(10)     FinalRef (ms):                 skipped
[3.580s][debug  ][gc,phases,ref  ] GC(10)   Notify PhantomReferences: 0.0ms
[3.580s][debug  ][gc,phases,ref  ] GC(10)     PhantomRef (ms):               skipped
[3.580s][debug  ][gc,phases,ref  ] GC(10)   SoftReference:
[3.580s][debug  ][gc,phases,ref  ] GC(10)     Discovered: 0
[3.580s][debug  ][gc,phases,ref  ] GC(10)     Cleared: 0
[3.580s][debug  ][gc,phases,ref  ] GC(10)   WeakReference:
[3.580s][debug  ][gc,phases,ref  ] GC(10)     Discovered: 0
[3.580s][debug  ][gc,phases,ref  ] GC(10)     Cleared: 0
[3.580s][debug  ][gc,phases,ref  ] GC(10)   FinalReference:
[3.581s][debug  ][gc,phases,ref  ] GC(10)     Discovered: 0
[3.581s][debug  ][gc,phases,ref  ] GC(10)     Cleared: 0
[3.581s][debug  ][gc,phases,ref  ] GC(10)   PhantomReference:
[3.581s][debug  ][gc,phases,ref  ] GC(10)     Discovered: 0
[3.581s][debug  ][gc,phases,ref  ] GC(10)     Cleared: 0
[3.581s][debug  ][gc,phases      ] GC(10) Reference Processing 0.613ms
[3.581s][debug  ][gc,phases,start] GC(10) Weak Processing
[3.581s][debug  ][gc,phases      ] GC(10)   VM Weak                        Min:  0.0, Avg:  0.0, Max:  0.0, Diff:  0.0, Sum:  0.0, Workers: 6
[3.581s][debug  ][gc,phases      ] GC(10)     Dead                           Min: 0, Avg:  0.0, Max: 0, Diff: 0, Sum: 0, Workers: 6
[3.581s][debug  ][gc,phases      ] GC(10)     Total                          Min: 0, Avg:  1.3, Max: 8, Diff: 8, Sum: 8, Workers: 6
[3.581s][debug  ][gc,phases      ] GC(10)   ObjectSynchronizer Weak        Min:  0.0, Avg:  0.0, Max:  0.0, Diff:  0.0, Sum:  0.0, Workers: 6
[3.581s][debug  ][gc,phases      ] GC(10)     Dead                           Min: 0, Avg:  0.0, Max: 0, Diff: 0, Sum: 0, Workers: 6
[3.581s][debug  ][gc,phases      ] GC(10)     Total                          Min: 0, Avg:  0.5, Max: 3, Diff: 3, Sum: 3, Workers: 6
[3.581s][debug  ][gc,phases      ] GC(10)   JVMTI Tag Weak OopStorage      Min:  0.0, Avg:  0.0, Max:  0.0, Diff:  0.0, Sum:  0.0, Workers: 6
[3.581s][debug  ][gc,phases      ] GC(10)     Dead                           Min: 0, Avg:  0.0, Max: 0, Diff: 0, Sum: 0, Workers: 6
[3.581s][debug  ][gc,phases      ] GC(10)     Total                          Min: 0, Avg:  0.0, Max: 0, Diff: 0, Sum: 0, Workers: 6
[3.581s][debug  ][gc,phases      ] GC(10)   StringTable Weak               Min:  0.0, Avg:  0.0, Max:  0.0, Diff:  0.0, Sum:  0.0, Workers: 6
[3.581s][debug  ][gc,phases      ] GC(10)     Dead                           Min: 0, Avg:  0.0, Max: 0, Diff: 0, Sum: 0, Workers: 6
[3.581s][debug  ][gc,phases      ] GC(10)     Total                          Min: 767, Avg: 892.5, Max: 1024, Diff: 257, Sum: 5355, Workers: 6
[3.581s][debug  ][gc,phases      ] GC(10)   ResolvedMethodTable Weak       Min:  0.0, Avg:  0.0, Max:  0.0, Diff:  0.0, Sum:  0.0, Workers: 6
[3.581s][debug  ][gc,phases      ] GC(10)     Dead                           Min: 0, Avg:  0.0, Max: 0, Diff: 0, Sum: 0, Workers: 6
[3.581s][debug  ][gc,phases      ] GC(10)     Total                          Min: 0, Avg: 21.7, Max: 64, Diff: 64, Sum: 130, Workers: 6
[3.581s][debug  ][gc,phases      ] GC(10)   JNI Weak                       Min:  0.0, Avg:  0.0, Max:  0.0, Diff:  0.0, Sum:  0.0, Workers: 6
[3.581s][debug  ][gc,phases      ] GC(10)     Dead                           Min: 0, Avg:  0.0, Max: 0, Diff: 0, Sum: 0, Workers: 6
[3.581s][debug  ][gc,phases      ] GC(10)     Total                          Min: 0, Avg:  0.0, Max: 0, Diff: 0, Sum: 0, Workers: 6
[3.581s][debug  ][gc,phases      ] GC(10)   StringDedup Table Weak         Min:  0.0, Avg:  0.0, Max:  0.0, Diff:  0.0, Sum:  0.0, Workers: 6
[3.581s][debug  ][gc,phases      ] GC(10)     Dead                           Min: 0, Avg:  0.0, Max: 0, Diff: 0, Sum: 0, Workers: 6
[3.581s][debug  ][gc,phases      ] GC(10)     Total                          Min: 0, Avg:  0.0, Max: 0, Diff: 0, Sum: 0, Workers: 6
[3.581s][debug  ][gc,phases      ] GC(10)   StringDedup Requests0 Weak     Min:  0.0, Avg:  0.0, Max:  0.0, Diff:  0.0, Sum:  0.0, Workers: 6
[3.581s][debug  ][gc,phases      ] GC(10)     Dead                           Min: 0, Avg:  0.0, Max: 0, Diff: 0, Sum: 0, Workers: 6
[3.581s][debug  ][gc,phases      ] GC(10)     Total                          Min: 0, Avg:  0.0, Max: 0, Diff: 0, Sum: 0, Workers: 6
[3.581s][debug  ][gc,phases      ] GC(10)   StringDedup Requests1 Weak     Min:  0.0, Avg:  0.0, Max:  0.0, Diff:  0.0, Sum:  0.0, Workers: 6
[3.581s][debug  ][gc,phases      ] GC(10)     Dead                           Min: 0, Avg:  0.0, Max: 0, Diff: 0, Sum: 0, Workers: 6
[3.581s][debug  ][gc,phases      ] GC(10)     Total                          Min: 0, Avg:  0.0, Max: 0, Diff: 0, Sum: 0, Workers: 6
[3.581s][debug  ][gc,phases      ] GC(10)   Weak JFR Old Object Samples    Min:  0.0, Avg:  0.0, Max:  0.0, Diff:  0.0, Sum:  0.0, Workers: 6
[3.582s][debug  ][gc,phases      ] GC(10)     Dead                           Min: 0, Avg:  0.0, Max: 0, Diff: 0, Sum: 0, Workers: 6
[3.582s][debug  ][gc,phases      ] GC(10)     Total                          Min: 0, Avg:  0.0, Max: 0, Diff: 0, Sum: 0, Workers: 6
[3.582s][debug  ][gc,phases      ] GC(10) Weak Processing 0.928ms
[3.582s][debug  ][gc,ergo        ] GC(10) AdaptiveSizeStart:  collection: 11 
[3.582s][debug  ][gc,ergo        ] GC(10) avg_survived_padded_avg: 33759536.000000
[3.582s][debug  ][gc,ergo        ] GC(10) avg_promoted_padded_avg: 246270080.000000  avg_pretenured_padded_avg: 0.000000  tenuring_thresh: 1  target_size: 34078720
[3.582s][debug  ][gc,age         ] GC(10) Desired survivor size 34078720 bytes, new threshold 1 (max threshold 15)
[3.582s][debug  ][gc,ergo        ] GC(10) PSAdaptiveSizePolicy::compute_eden_space_size limits: desired_eden_size: 320864256 old_eden_size: 202375168 eden_limit: 200278016 cur_eden: 200278016 max_eden_size: 200278016 avg_young_live: 32334412
[3.582s][debug  ][gc,ergo        ] GC(10) PSAdaptiveSizePolicy::compute_eden_space_size: costs minor_time: 0.101453 major_cost: 0.000000 mutator_cost: 0.898547 throughput_goal: 0.990000
[3.582s][debug  ][gc,ergo        ] GC(10) Live_space: 300769856 free_space: 403701760
[3.582s][debug  ][gc,ergo        ] GC(10) Old eden_size: 202375168 desired_eden_size: 200278016
[3.582s][debug  ][gc,ergo        ] GC(10) AdaptiveSizeStop: collection: 11 
[3.582s][info   ][gc,heap        ] GC(10) PSYoungGen: 218864K(228864K)->30720K(228864K) Eden: 188144K(195584K)->0K(195584K) From: 30720K(33280K)->30720K(33280K)
[3.582s][info   ][gc,heap        ] GC(10) ParOldGen: 1660719K(3932160K)->1845039K(3932160K)
[3.582s][info   ][gc,metaspace   ] GC(10) Metaspace: 1021K(1216K)->1021K(1216K) NonClass: 938K(1024K)->938K(1024K) Class: 83K(192K)->83K(192K)
[3.582s][info   ][gc             ] GC(10) Pause Young (Allocation Failure) 1835M->1831M(4063M) 33.325ms
[3.582s][info   ][gc,cpu         ] GC(10) User=0.09s Sys=0.20s Real=0.03s
[3.582s][debug  ][gc,heap        ] GC(10) Heap after GC invocations=11 (full 0):
[3.582s][debug  ][gc,heap        ] GC(10)  PSYoungGen      total 228864K, used 30720K [0x00000007f0000000, 0x0000000800000000, 0x0000000800000000)
[3.582s][debug  ][gc,heap        ] GC(10)   eden space 195584K, 0% used [0x00000007f0000000,0x00000007f0000000,0x00000007fbf00000)
[3.582s][debug  ][gc,heap        ] GC(10)   from space 33280K, 92% used [0x00000007fbf00000,0x00000007fdd00030,0x00000007fdf80000)
[3.582s][debug  ][gc,heap        ] GC(10)   to   space 33280K, 0% used [0x00000007fdf80000,0x00000007fdf80000,0x0000000800000000)
[3.582s][debug  ][gc,heap        ] GC(10)  ParOldGen       total 3932160K, used 1845039K [0x0000000700000000, 0x00000007f0000000, 0x00000007f0000000)
[3.582s][debug  ][gc,heap        ] GC(10)   object space 3932160K, 46% used [0x0000000700000000,0x00000007709cbee0,0x00000007f0000000)
[3.582s][debug  ][gc,heap        ] GC(10)  Metaspace       used 1021K, committed 1216K, reserved 1056768K
[3.582s][debug  ][gc,heap        ] GC(10)   class space    used 83K, committed 192K, reserved 1048576K
[3.582s][debug  ][gc,task,time   ] GC(10) VM-Thread 35482299 35799813 35821951
[3.865s][debug  ][gc,heap        ] GC(11) Heap before GC invocations=12 (full 0):
[3.865s][debug  ][gc,heap        ] GC(11)  PSYoungGen      total 228864K, used 218867K [0x00000007f0000000, 0x0000000800000000, 0x0000000800000000)
[3.865s][debug  ][gc,heap        ] GC(11)   eden space 195584K, 96% used [0x00000007f0000000,0x00000007fb7bcda8,0x00000007fbf00000)
[3.865s][debug  ][gc,heap        ] GC(11)   from space 33280K, 92% used [0x00000007fbf00000,0x00000007fdd00030,0x00000007fdf80000)
[3.865s][debug  ][gc,heap        ] GC(11)   to   space 33280K, 0% used [0x00000007fdf80000,0x00000007fdf80000,0x0000000800000000)
[3.866s][debug  ][gc,heap        ] GC(11)  ParOldGen       total 3932160K, used 1845039K [0x0000000700000000, 0x00000007f0000000, 0x00000007f0000000)
[3.866s][debug  ][gc,heap        ] GC(11)   object space 3932160K, 46% used [0x0000000700000000,0x00000007709cbee0,0x00000007f0000000)
[3.866s][debug  ][gc,heap        ] GC(11)  Metaspace       used 1021K, committed 1216K, reserved 1056768K
[3.866s][debug  ][gc,heap        ] GC(11)   class space    used 83K, committed 192K, reserved 1048576K
[3.866s][debug  ][gc,tlab        ] GC(11) TLAB totals: thrds: 1  refills: 1 max: 1 slow allocs: 17 max 17 waste: 27.2% gc: 3917816B max: 3917816B slow: 0B max: 0B
[3.866s][info   ][gc,start       ] GC(11) Pause Young (Allocation Failure)
[3.866s][debug  ][gc,phases,start] GC(11) Scavenge
[3.890s][debug  ][gc,phases      ] GC(11) Scavenge 24.593ms
[3.890s][debug  ][gc,phases,start] GC(11) Reference Processing
[3.890s][debug  ][gc,ref         ] GC(11) Skipped phase 1 of Reference Processing: no references
[3.890s][debug  ][gc,ref         ] GC(11) Skipped phase 2 of Reference Processing: no references
[3.891s][debug  ][gc,ref         ] GC(11) Skipped phase 3 of Reference Processing: no references
[3.891s][debug  ][gc,ref         ] GC(11) Skipped phase 4 of Reference Processing: no references
[3.891s][debug  ][gc,phases,ref  ] GC(11) Reference Processing: 0.1ms
[3.891s][debug  ][gc,phases,ref  ] GC(11)   Reconsider SoftReferences: 0.0ms
[3.891s][debug  ][gc,phases,ref  ] GC(11)     SoftRef (ms):                  skipped
[3.891s][debug  ][gc,phases,ref  ] GC(11)   Notify Soft/WeakReferences: 0.0ms
[3.891s][debug  ][gc,phases,ref  ] GC(11)     SoftRef (ms):                  skipped
[3.891s][debug  ][gc,phases,ref  ] GC(11)     WeakRef (ms):                  skipped
[3.891s][debug  ][gc,phases,ref  ] GC(11)     FinalRef (ms):                 skipped
[3.891s][debug  ][gc,phases,ref  ] GC(11)     Total (ms):                    skipped
[3.891s][debug  ][gc,phases,ref  ] GC(11)   Notify and keep alive finalizable: 0.0ms
[3.891s][debug  ][gc,phases,ref  ] GC(11)     FinalRef (ms):                 skipped
[3.891s][debug  ][gc,phases,ref  ] GC(11)   Notify PhantomReferences: 0.0ms
[3.891s][debug  ][gc,phases,ref  ] GC(11)     PhantomRef (ms):               skipped
[3.891s][debug  ][gc,phases,ref  ] GC(11)   SoftReference:
[3.891s][debug  ][gc,phases,ref  ] GC(11)     Discovered: 0
[3.891s][debug  ][gc,phases,ref  ] GC(11)     Cleared: 0
[3.891s][debug  ][gc,phases,ref  ] GC(11)   WeakReference:
[3.891s][debug  ][gc,phases,ref  ] GC(11)     Discovered: 0
[3.891s][debug  ][gc,phases,ref  ] GC(11)     Cleared: 0
[3.891s][debug  ][gc,phases,ref  ] GC(11)   FinalReference:
[3.891s][debug  ][gc,phases,ref  ] GC(11)     Discovered: 0
[3.891s][debug  ][gc,phases,ref  ] GC(11)     Cleared: 0
[3.891s][debug  ][gc,phases,ref  ] GC(11)   PhantomReference:
[3.891s][debug  ][gc,phases,ref  ] GC(11)     Discovered: 0
[3.891s][debug  ][gc,phases,ref  ] GC(11)     Cleared: 0
[3.891s][debug  ][gc,phases      ] GC(11) Reference Processing 0.567ms
[3.891s][debug  ][gc,phases,start] GC(11) Weak Processing
[3.891s][debug  ][gc,phases      ] GC(11)   VM Weak                        Min:  0.0, Avg:  0.0, Max:  0.0, Diff:  0.0, Sum:  0.0, Workers: 6
[3.891s][debug  ][gc,phases      ] GC(11)     Dead                           Min: 0, Avg:  0.0, Max: 0, Diff: 0, Sum: 0, Workers: 6
[3.891s][debug  ][gc,phases      ] GC(11)     Total                          Min: 0, Avg:  1.3, Max: 8, Diff: 8, Sum: 8, Workers: 6
[3.891s][debug  ][gc,phases      ] GC(11)   ObjectSynchronizer Weak        Min:  0.0, Avg:  0.0, Max:  0.0, Diff:  0.0, Sum:  0.0, Workers: 6
[3.891s][debug  ][gc,phases      ] GC(11)     Dead                           Min: 0, Avg:  0.0, Max: 0, Diff: 0, Sum: 0, Workers: 6
[3.891s][debug  ][gc,phases      ] GC(11)     Total                          Min: 0, Avg:  0.5, Max: 3, Diff: 3, Sum: 3, Workers: 6
[3.891s][debug  ][gc,phases      ] GC(11)   JVMTI Tag Weak OopStorage      Min:  0.0, Avg:  0.0, Max:  0.0, Diff:  0.0, Sum:  0.0, Workers: 6
[3.891s][debug  ][gc,phases      ] GC(11)     Dead                           Min: 0, Avg:  0.0, Max: 0, Diff: 0, Sum: 0, Workers: 6
[3.891s][debug  ][gc,phases      ] GC(11)     Total                          Min: 0, Avg:  0.0, Max: 0, Diff: 0, Sum: 0, Workers: 6
[3.891s][debug  ][gc,phases      ] GC(11)   StringTable Weak               Min:  0.0, Avg:  0.0, Max:  0.0, Diff:  0.0, Sum:  0.0, Workers: 6
[3.891s][debug  ][gc,phases      ] GC(11)     Dead                           Min: 0, Avg:  0.0, Max: 0, Diff: 0, Sum: 0, Workers: 6
[3.891s][debug  ][gc,phases      ] GC(11)     Total                          Min: 703, Avg: 892.5, Max: 1152, Diff: 449, Sum: 5355, Workers: 6
[3.891s][debug  ][gc,phases      ] GC(11)   ResolvedMethodTable Weak       Min:  0.0, Avg:  0.0, Max:  0.0, Diff:  0.0, Sum:  0.0, Workers: 6
[3.891s][debug  ][gc,phases      ] GC(11)     Dead                           Min: 0, Avg:  0.0, Max: 0, Diff: 0, Sum: 0, Workers: 6
[3.891s][debug  ][gc,phases      ] GC(11)     Total                          Min: 0, Avg: 21.7, Max: 64, Diff: 64, Sum: 130, Workers: 6
[3.891s][debug  ][gc,phases      ] GC(11)   JNI Weak                       Min:  0.0, Avg:  0.0, Max:  0.0, Diff:  0.0, Sum:  0.0, Workers: 6
[3.891s][debug  ][gc,phases      ] GC(11)     Dead                           Min: 0, Avg:  0.0, Max: 0, Diff: 0, Sum: 0, Workers: 6
[3.891s][debug  ][gc,phases      ] GC(11)     Total                          Min: 0, Avg:  0.0, Max: 0, Diff: 0, Sum: 0, Workers: 6
[3.891s][debug  ][gc,phases      ] GC(11)   StringDedup Table Weak         Min:  0.0, Avg:  0.0, Max:  0.0, Diff:  0.0, Sum:  0.0, Workers: 6
[3.891s][debug  ][gc,phases      ] GC(11)     Dead                           Min: 0, Avg:  0.0, Max: 0, Diff: 0, Sum: 0, Workers: 6
[3.891s][debug  ][gc,phases      ] GC(11)     Total                          Min: 0, Avg:  0.0, Max: 0, Diff: 0, Sum: 0, Workers: 6
[3.892s][debug  ][gc,phases      ] GC(11)   StringDedup Requests0 Weak     Min:  0.0, Avg:  0.0, Max:  0.0, Diff:  0.0, Sum:  0.0, Workers: 6
[3.892s][debug  ][gc,phases      ] GC(11)     Dead                           Min: 0, Avg:  0.0, Max: 0, Diff: 0, Sum: 0, Workers: 6
[3.892s][debug  ][gc,phases      ] GC(11)     Total                          Min: 0, Avg:  0.0, Max: 0, Diff: 0, Sum: 0, Workers: 6
[3.892s][debug  ][gc,phases      ] GC(11)   StringDedup Requests1 Weak     Min:  0.0, Avg:  0.0, Max:  0.0, Diff:  0.0, Sum:  0.0, Workers: 6
[3.892s][debug  ][gc,phases      ] GC(11)     Dead                           Min: 0, Avg:  0.0, Max: 0, Diff: 0, Sum: 0, Workers: 6
[3.892s][debug  ][gc,phases      ] GC(11)     Total                          Min: 0, Avg:  0.0, Max: 0, Diff: 0, Sum: 0, Workers: 6
[3.892s][debug  ][gc,phases      ] GC(11)   Weak JFR Old Object Samples    Min:  0.0, Avg:  0.0, Max:  0.0, Diff:  0.0, Sum:  0.0, Workers: 6
[3.892s][debug  ][gc,phases      ] GC(11)     Dead                           Min: 0, Avg:  0.0, Max: 0, Diff: 0, Sum: 0, Workers: 6
[3.892s][debug  ][gc,phases      ] GC(11)     Total                          Min: 0, Avg:  0.0, Max: 0, Diff: 0, Sum: 0, Workers: 6
[3.892s][debug  ][gc,phases      ] GC(11) Weak Processing 0.675ms
[3.892s][debug  ][gc,ergo        ] GC(11) AdaptiveSizeStart:  collection: 12 
[3.892s][debug  ][gc,ergo        ] GC(11) avg_survived_padded_avg: 33766128.000000
[3.892s][debug  ][gc,ergo        ] GC(11) avg_promoted_padded_avg: 246754640.000000  avg_pretenured_padded_avg: 0.000000  tenuring_thresh: 1  target_size: 34078720
[3.892s][debug  ][gc,age         ] GC(11) Desired survivor size 34078720 bytes, new threshold 1 (max threshold 15)
[3.892s][debug  ][gc,ergo        ] GC(11) PSAdaptiveSizePolicy::compute_eden_space_size limits: desired_eden_size: 320864256 old_eden_size: 200278016 eden_limit: 200278016 cur_eden: 200278016 max_eden_size: 200278016 avg_young_live: 32246704
[3.892s][debug  ][gc,ergo        ] GC(11) PSAdaptiveSizePolicy::compute_eden_space_size: costs minor_time: 0.097013 major_cost: 0.000000 mutator_cost: 0.902987 throughput_goal: 0.990000
[3.892s][debug  ][gc,ergo        ] GC(11) Live_space: 300682176 free_space: 401604608
[3.892s][debug  ][gc,ergo        ] GC(11) Old eden_size: 200278016 desired_eden_size: 200278016
[3.892s][debug  ][gc,ergo        ] GC(11) AdaptiveSizeStop: collection: 12 
[3.892s][info   ][gc,heap        ] GC(11) PSYoungGen: 218867K(228864K)->30720K(228864K) Eden: 188147K(195584K)->0K(195584K) From: 30720K(33280K)->30720K(33280K)
[3.892s][info   ][gc,heap        ] GC(11) ParOldGen: 1845039K(3932160K)->1967919K(3932160K)
[3.892s][info   ][gc,metaspace   ] GC(11) Metaspace: 1021K(1216K)->1021K(1216K) NonClass: 938K(1024K)->938K(1024K) Class: 83K(192K)->83K(192K)
[3.892s][info   ][gc             ] GC(11) Pause Young (Allocation Failure) 2015M->1951M(4063M) 26.270ms
[3.892s][info   ][gc,cpu         ] GC(11) User=0.16s Sys=0.16s Real=0.03s
[3.892s][debug  ][gc,heap        ] GC(11) Heap after GC invocations=12 (full 0):
[3.892s][debug  ][gc,heap        ] GC(11)  PSYoungGen      total 228864K, used 30720K [0x00000007f0000000, 0x0000000800000000, 0x0000000800000000)
[3.892s][debug  ][gc,heap        ] GC(11)   eden space 195584K, 0% used [0x00000007f0000000,0x00000007f0000000,0x00000007fbf00000)
[3.892s][debug  ][gc,heap        ] GC(11)   from space 33280K, 92% used [0x00000007fdf80000,0x00000007ffd80030,0x0000000800000000)
[3.892s][debug  ][gc,heap        ] GC(11)   to   space 33280K, 0% used [0x00000007fbf00000,0x00000007fbf00000,0x00000007fdf80000)
[3.892s][debug  ][gc,heap        ] GC(11)  ParOldGen       total 3932160K, used 1967919K [0x0000000700000000, 0x00000007f0000000, 0x00000007f0000000)
[3.892s][debug  ][gc,heap        ] GC(11)   object space 3932160K, 50% used [0x0000000700000000,0x00000007781cbfa0,0x00000007f0000000)
[3.892s][debug  ][gc,heap        ] GC(11)  Metaspace       used 1021K, committed 1216K, reserved 1056768K
[3.892s][debug  ][gc,heap        ] GC(11)   class space    used 83K, committed 192K, reserved 1048576K
[3.892s][debug  ][gc,task,time   ] GC(11) VM-Thread 38652980 38904356 38922804
[4.180s][debug  ][gc,heap        ] GC(12) Heap before GC invocations=13 (full 0):
[4.180s][debug  ][gc,heap        ] GC(12)  PSYoungGen      total 228864K, used 218869K [0x00000007f0000000, 0x0000000800000000, 0x0000000800000000)
[4.180s][debug  ][gc,heap        ] GC(12)   eden space 195584K, 96% used [0x00000007f0000000,0x00000007fb7bd4a0,0x00000007fbf00000)
[4.180s][debug  ][gc,heap        ] GC(12)   from space 33280K, 92% used [0x00000007fdf80000,0x00000007ffd80030,0x0000000800000000)
[4.180s][debug  ][gc,heap        ] GC(12)   to   space 33280K, 0% used [0x00000007fbf00000,0x00000007fbf00000,0x00000007fdf80000)
[4.181s][debug  ][gc,heap        ] GC(12)  ParOldGen       total 3932160K, used 1967919K [0x0000000700000000, 0x00000007f0000000, 0x00000007f0000000)
[4.181s][debug  ][gc,heap        ] GC(12)   object space 3932160K, 50% used [0x0000000700000000,0x00000007781cbfa0,0x00000007f0000000)
[4.181s][debug  ][gc,heap        ] GC(12)  Metaspace       used 1021K, committed 1216K, reserved 1056768K
[4.181s][debug  ][gc,heap        ] GC(12)   class space    used 83K, committed 192K, reserved 1048576K
[4.181s][debug  ][gc,tlab        ] GC(12) TLAB totals: thrds: 1  refills: 1 max: 1 slow allocs: 17 max 17 waste: 27.2% gc: 3920768B max: 3920768B slow: 0B max: 0B
[4.181s][info   ][gc,start       ] GC(12) Pause Young (Allocation Failure)
[4.181s][debug  ][gc,phases,start] GC(12) Scavenge
[4.214s][debug  ][gc,phases      ] GC(12) Scavenge 33.536ms
[4.214s][debug  ][gc,phases,start] GC(12) Reference Processing
[4.214s][debug  ][gc,ref         ] GC(12) Skipped phase 1 of Reference Processing: no references
[4.214s][debug  ][gc,ref         ] GC(12) Skipped phase 2 of Reference Processing: no references
[4.214s][debug  ][gc,ref         ] GC(12) Skipped phase 3 of Reference Processing: no references
[4.214s][debug  ][gc,ref         ] GC(12) Skipped phase 4 of Reference Processing: no references
[4.214s][debug  ][gc,phases,ref  ] GC(12) Reference Processing: 0.1ms
[4.214s][debug  ][gc,phases,ref  ] GC(12)   Reconsider SoftReferences: 0.0ms
[4.215s][debug  ][gc,phases,ref  ] GC(12)     SoftRef (ms):                  skipped
[4.215s][debug  ][gc,phases,ref  ] GC(12)   Notify Soft/WeakReferences: 0.0ms
[4.215s][debug  ][gc,phases,ref  ] GC(12)     SoftRef (ms):                  skipped
[4.215s][debug  ][gc,phases,ref  ] GC(12)     WeakRef (ms):                  skipped
[4.215s][debug  ][gc,phases,ref  ] GC(12)     FinalRef (ms):                 skipped
[4.215s][debug  ][gc,phases,ref  ] GC(12)     Total (ms):                    skipped
[4.215s][debug  ][gc,phases,ref  ] GC(12)   Notify and keep alive finalizable: 0.0ms
[4.215s][debug  ][gc,phases,ref  ] GC(12)     FinalRef (ms):                 skipped
[4.215s][debug  ][gc,phases,ref  ] GC(12)   Notify PhantomReferences: 0.0ms
[4.215s][debug  ][gc,phases,ref  ] GC(12)     PhantomRef (ms):               skipped
[4.215s][debug  ][gc,phases,ref  ] GC(12)   SoftReference:
[4.215s][debug  ][gc,phases,ref  ] GC(12)     Discovered: 0
[4.215s][debug  ][gc,phases,ref  ] GC(12)     Cleared: 0
[4.215s][debug  ][gc,phases,ref  ] GC(12)   WeakReference:
[4.215s][debug  ][gc,phases,ref  ] GC(12)     Discovered: 0
[4.215s][debug  ][gc,phases,ref  ] GC(12)     Cleared: 0
[4.215s][debug  ][gc,phases,ref  ] GC(12)   FinalReference:
[4.215s][debug  ][gc,phases,ref  ] GC(12)     Discovered: 0
[4.215s][debug  ][gc,phases,ref  ] GC(12)     Cleared: 0
[4.215s][debug  ][gc,phases,ref  ] GC(12)   PhantomReference:
[4.215s][debug  ][gc,phases,ref  ] GC(12)     Discovered: 0
[4.215s][debug  ][gc,phases,ref  ] GC(12)     Cleared: 0
[4.215s][debug  ][gc,phases      ] GC(12) Reference Processing 0.642ms
[4.215s][debug  ][gc,phases,start] GC(12) Weak Processing
[4.215s][debug  ][gc,phases      ] GC(12)   VM Weak                        Min:  0.0, Avg:  0.0, Max:  0.0, Diff:  0.0, Sum:  0.0, Workers: 6
[4.215s][debug  ][gc,phases      ] GC(12)     Dead                           Min: 0, Avg:  0.0, Max: 0, Diff: 0, Sum: 0, Workers: 6
[4.215s][debug  ][gc,phases      ] GC(12)     Total                          Min: 0, Avg:  1.3, Max: 8, Diff: 8, Sum: 8, Workers: 6
[4.215s][debug  ][gc,phases      ] GC(12)   ObjectSynchronizer Weak        Min:  0.0, Avg:  0.0, Max:  0.0, Diff:  0.0, Sum:  0.0, Workers: 6
[4.215s][debug  ][gc,phases      ] GC(12)     Dead                           Min: 0, Avg:  0.0, Max: 0, Diff: 0, Sum: 0, Workers: 6
[4.215s][debug  ][gc,phases      ] GC(12)     Total                          Min: 0, Avg:  0.5, Max: 3, Diff: 3, Sum: 3, Workers: 6
[4.215s][debug  ][gc,phases      ] GC(12)   JVMTI Tag Weak OopStorage      Min:  0.0, Avg:  0.0, Max:  0.0, Diff:  0.0, Sum:  0.0, Workers: 6
[4.215s][debug  ][gc,phases      ] GC(12)     Dead                           Min: 0, Avg:  0.0, Max: 0, Diff: 0, Sum: 0, Workers: 6
[4.215s][debug  ][gc,phases      ] GC(12)     Total                          Min: 0, Avg:  0.0, Max: 0, Diff: 0, Sum: 0, Workers: 6
[4.215s][debug  ][gc,phases      ] GC(12)   StringTable Weak               Min:  0.0, Avg:  0.0, Max:  0.0, Diff:  0.0, Sum:  0.0, Workers: 6
[4.215s][debug  ][gc,phases      ] GC(12)     Dead                           Min: 0, Avg:  0.0, Max: 0, Diff: 0, Sum: 0, Workers: 6
[4.215s][debug  ][gc,phases      ] GC(12)     Total                          Min: 812, Avg: 892.5, Max: 1151, Diff: 339, Sum: 5355, Workers: 6
[4.215s][debug  ][gc,phases      ] GC(12)   ResolvedMethodTable Weak       Min:  0.0, Avg:  0.0, Max:  0.0, Diff:  0.0, Sum:  0.0, Workers: 6
[4.215s][debug  ][gc,phases      ] GC(12)     Dead                           Min: 0, Avg:  0.0, Max: 0, Diff: 0, Sum: 0, Workers: 6
[4.215s][debug  ][gc,phases      ] GC(12)     Total                          Min: 0, Avg: 21.7, Max: 64, Diff: 64, Sum: 130, Workers: 6
[4.215s][debug  ][gc,phases      ] GC(12)   JNI Weak                       Min:  0.0, Avg:  0.0, Max:  0.0, Diff:  0.0, Sum:  0.0, Workers: 6
[4.215s][debug  ][gc,phases      ] GC(12)     Dead                           Min: 0, Avg:  0.0, Max: 0, Diff: 0, Sum: 0, Workers: 6
[4.215s][debug  ][gc,phases      ] GC(12)     Total                          Min: 0, Avg:  0.0, Max: 0, Diff: 0, Sum: 0, Workers: 6
[4.215s][debug  ][gc,phases      ] GC(12)   StringDedup Table Weak         Min:  0.0, Avg:  0.0, Max:  0.0, Diff:  0.0, Sum:  0.0, Workers: 6
[4.215s][debug  ][gc,phases      ] GC(12)     Dead                           Min: 0, Avg:  0.0, Max: 0, Diff: 0, Sum: 0, Workers: 6
[4.215s][debug  ][gc,phases      ] GC(12)     Total                          Min: 0, Avg:  0.0, Max: 0, Diff: 0, Sum: 0, Workers: 6
[4.216s][debug  ][gc,phases      ] GC(12)   StringDedup Requests0 Weak     Min:  0.0, Avg:  0.0, Max:  0.0, Diff:  0.0, Sum:  0.0, Workers: 6
[4.216s][debug  ][gc,phases      ] GC(12)     Dead                           Min: 0, Avg:  0.0, Max: 0, Diff: 0, Sum: 0, Workers: 6
[4.216s][debug  ][gc,phases      ] GC(12)     Total                          Min: 0, Avg:  0.0, Max: 0, Diff: 0, Sum: 0, Workers: 6
[4.216s][debug  ][gc,phases      ] GC(12)   StringDedup Requests1 Weak     Min:  0.0, Avg:  0.0, Max:  0.0, Diff:  0.0, Sum:  0.0, Workers: 6
[4.216s][debug  ][gc,phases      ] GC(12)     Dead                           Min: 0, Avg:  0.0, Max: 0, Diff: 0, Sum: 0, Workers: 6
[4.216s][debug  ][gc,phases      ] GC(12)     Total                          Min: 0, Avg:  0.0, Max: 0, Diff: 0, Sum: 0, Workers: 6
[4.216s][debug  ][gc,phases      ] GC(12)   Weak JFR Old Object Samples    Min:  0.0, Avg:  0.0, Max:  0.0, Diff:  0.0, Sum:  0.0, Workers: 6
[4.216s][debug  ][gc,phases      ] GC(12)     Dead                           Min: 0, Avg:  0.0, Max: 0, Diff: 0, Sum: 0, Workers: 6
[4.216s][debug  ][gc,phases      ] GC(12)     Total                          Min: 0, Avg:  0.0, Max: 0, Diff: 0, Sum: 0, Workers: 6
[4.216s][debug  ][gc,phases      ] GC(12) Weak Processing 0.683ms
[4.216s][debug  ][gc,ergo        ] GC(12) AdaptiveSizeStart:  collection: 13 
[4.216s][debug  ][gc,ergo        ] GC(12) avg_survived_padded_avg: 33748380.000000
[4.216s][debug  ][gc,ergo        ] GC(12) avg_promoted_padded_avg: 246664768.000000  avg_pretenured_padded_avg: 0.000000  tenuring_thresh: 1  target_size: 34078720
[4.216s][debug  ][gc,age         ] GC(12) Desired survivor size 34078720 bytes, new threshold 1 (max threshold 15)
[4.216s][debug  ][gc,ergo        ] GC(12) PSAdaptiveSizePolicy::compute_eden_space_size limits: desired_eden_size: 320864256 old_eden_size: 200278016 eden_limit: 200278016 cur_eden: 200278016 max_eden_size: 200278016 avg_young_live: 32167766
[4.216s][debug  ][gc,ergo        ] GC(12) PSAdaptiveSizePolicy::compute_eden_space_size: costs minor_time: 0.099746 major_cost: 0.000000 mutator_cost: 0.900254 throughput_goal: 0.990000
[4.216s][debug  ][gc,ergo        ] GC(12) Live_space: 300603232 free_space: 401604608
[4.216s][debug  ][gc,ergo        ] GC(12) Old eden_size: 200278016 desired_eden_size: 200278016
[4.216s][debug  ][gc,ergo        ] GC(12) AdaptiveSizeStop: collection: 13 
[4.216s][info   ][gc,heap        ] GC(12) PSYoungGen: 218869K(228864K)->30720K(228864K) Eden: 188149K(195584K)->0K(195584K) From: 30720K(33280K)->30720K(33280K)
[4.216s][info   ][gc,heap        ] GC(12) ParOldGen: 1967919K(3932160K)->2152240K(3932160K)
[4.216s][info   ][gc,metaspace   ] GC(12) Metaspace: 1021K(1216K)->1021K(1216K) NonClass: 938K(1024K)->938K(1024K) Class: 83K(192K)->83K(192K)
[4.216s][info   ][gc             ] GC(12) Pause Young (Allocation Failure) 2135M->2131M(4063M) 35.287ms
[4.216s][info   ][gc,cpu         ] GC(12) User=0.03s Sys=0.25s Real=0.04s
[4.216s][debug  ][gc,heap        ] GC(12) Heap after GC invocations=13 (full 0):
[4.216s][debug  ][gc,heap        ] GC(12)  PSYoungGen      total 228864K, used 30720K [0x00000007f0000000, 0x0000000800000000, 0x0000000800000000)
[4.216s][debug  ][gc,heap        ] GC(12)   eden space 195584K, 0% used [0x00000007f0000000,0x00000007f0000000,0x00000007fbf00000)
[4.216s][debug  ][gc,heap        ] GC(12)   from space 33280K, 92% used [0x00000007fbf00000,0x00000007fdd00030,0x00000007fdf80000)
[4.216s][debug  ][gc,heap        ] GC(12)   to   space 33280K, 0% used [0x00000007fdf80000,0x00000007fdf80000,0x0000000800000000)
[4.216s][debug  ][gc,heap        ] GC(12)  ParOldGen       total 3932160K, used 2152240K [0x0000000700000000, 0x00000007f0000000, 0x00000007f0000000)
[4.216s][debug  ][gc,heap        ] GC(12)   object space 3932160K, 54% used [0x0000000700000000,0x00000007835cc0c0,0x00000007f0000000)
[4.216s][debug  ][gc,heap        ] GC(12)  Metaspace       used 1021K, committed 1216K, reserved 1056768K
[4.216s][debug  ][gc,heap        ] GC(12)   class space    used 83K, committed 192K, reserved 1048576K
[4.216s][debug  ][gc,task,time   ] GC(12) VM-Thread 41802480 42143454 42162179
[4.495s][debug  ][gc,heap        ] GC(13) Heap before GC invocations=14 (full 0):
[4.495s][debug  ][gc,heap        ] GC(13)  PSYoungGen      total 228864K, used 218870K [0x00000007f0000000, 0x0000000800000000, 0x0000000800000000)
[4.495s][debug  ][gc,heap        ] GC(13)   eden space 195584K, 96% used [0x00000007f0000000,0x00000007fb7bd920,0x00000007fbf00000)
[4.495s][debug  ][gc,heap        ] GC(13)   from space 33280K, 92% used [0x00000007fbf00000,0x00000007fdd00030,0x00000007fdf80000)
[4.495s][debug  ][gc,heap        ] GC(13)   to   space 33280K, 0% used [0x00000007fdf80000,0x00000007fdf80000,0x0000000800000000)
[4.495s][debug  ][gc,heap        ] GC(13)  ParOldGen       total 3932160K, used 2152240K [0x0000000700000000, 0x00000007f0000000, 0x00000007f0000000)
[4.495s][debug  ][gc,heap        ] GC(13)   object space 3932160K, 54% used [0x0000000700000000,0x00000007835cc0c0,0x00000007f0000000)
[4.495s][debug  ][gc,heap        ] GC(13)  Metaspace       used 1021K, committed 1216K, reserved 1056768K
[4.495s][debug  ][gc,heap        ] GC(13)   class space    used 83K, committed 192K, reserved 1048576K
[4.495s][debug  ][gc,tlab        ] GC(13) TLAB totals: thrds: 1  refills: 1 max: 1 slow allocs: 17 max 17 waste: 27.2% gc: 3921920B max: 3921920B slow: 0B max: 0B
[4.496s][info   ][gc,start       ] GC(13) Pause Young (Allocation Failure)
[4.496s][debug  ][gc,phases,start] GC(13) Scavenge
[4.529s][debug  ][gc,phases      ] GC(13) Scavenge 33.827ms
[4.529s][debug  ][gc,phases,start] GC(13) Reference Processing
[4.529s][debug  ][gc,ref         ] GC(13) Skipped phase 1 of Reference Processing: no references
[4.529s][debug  ][gc,ref         ] GC(13) Skipped phase 2 of Reference Processing: no references
[4.530s][debug  ][gc,ref         ] GC(13) Skipped phase 3 of Reference Processing: no references
[4.530s][debug  ][gc,ref         ] GC(13) Skipped phase 4 of Reference Processing: no references
[4.530s][debug  ][gc,phases,ref  ] GC(13) Reference Processing: 0.1ms
[4.530s][debug  ][gc,phases,ref  ] GC(13)   Reconsider SoftReferences: 0.0ms
[4.530s][debug  ][gc,phases,ref  ] GC(13)     SoftRef (ms):                  skipped
[4.530s][debug  ][gc,phases,ref  ] GC(13)   Notify Soft/WeakReferences: 0.0ms
[4.530s][debug  ][gc,phases,ref  ] GC(13)     SoftRef (ms):                  skipped
[4.530s][debug  ][gc,phases,ref  ] GC(13)     WeakRef (ms):                  skipped
[4.530s][debug  ][gc,phases,ref  ] GC(13)     FinalRef (ms):                 skipped
[4.530s][debug  ][gc,phases,ref  ] GC(13)     Total (ms):                    skipped
[4.530s][debug  ][gc,phases,ref  ] GC(13)   Notify and keep alive finalizable: 0.0ms
[4.530s][debug  ][gc,phases,ref  ] GC(13)     FinalRef (ms):                 skipped
[4.530s][debug  ][gc,phases,ref  ] GC(13)   Notify PhantomReferences: 0.0ms
[4.530s][debug  ][gc,phases,ref  ] GC(13)     PhantomRef (ms):               skipped
[4.530s][debug  ][gc,phases,ref  ] GC(13)   SoftReference:
[4.530s][debug  ][gc,phases,ref  ] GC(13)     Discovered: 0
[4.530s][debug  ][gc,phases,ref  ] GC(13)     Cleared: 0
[4.530s][debug  ][gc,phases,ref  ] GC(13)   WeakReference:
[4.530s][debug  ][gc,phases,ref  ] GC(13)     Discovered: 0
[4.530s][debug  ][gc,phases,ref  ] GC(13)     Cleared: 0
[4.530s][debug  ][gc,phases,ref  ] GC(13)   FinalReference:
[4.530s][debug  ][gc,phases,ref  ] GC(13)     Discovered: 0
[4.530s][debug  ][gc,phases,ref  ] GC(13)     Cleared: 0
[4.530s][debug  ][gc,phases,ref  ] GC(13)   PhantomReference:
[4.530s][debug  ][gc,phases,ref  ] GC(13)     Discovered: 0
[4.530s][debug  ][gc,phases,ref  ] GC(13)     Cleared: 0
[4.530s][debug  ][gc,phases      ] GC(13) Reference Processing 0.578ms
[4.530s][debug  ][gc,phases,start] GC(13) Weak Processing
[4.530s][debug  ][gc,phases      ] GC(13)   VM Weak                        Min:  0.0, Avg:  0.0, Max:  0.0, Diff:  0.0, Sum:  0.0, Workers: 6
[4.530s][debug  ][gc,phases      ] GC(13)     Dead                           Min: 0, Avg:  0.0, Max: 0, Diff: 0, Sum: 0, Workers: 6
[4.530s][debug  ][gc,phases      ] GC(13)     Total                          Min: 0, Avg:  1.3, Max: 8, Diff: 8, Sum: 8, Workers: 6
[4.530s][debug  ][gc,phases      ] GC(13)   ObjectSynchronizer Weak        Min:  0.0, Avg:  0.0, Max:  0.0, Diff:  0.0, Sum:  0.0, Workers: 6
[4.530s][debug  ][gc,phases      ] GC(13)     Dead                           Min: 0, Avg:  0.0, Max: 0, Diff: 0, Sum: 0, Workers: 6
[4.530s][debug  ][gc,phases      ] GC(13)     Total                          Min: 0, Avg:  0.5, Max: 3, Diff: 3, Sum: 3, Workers: 6
[4.530s][debug  ][gc,phases      ] GC(13)   JVMTI Tag Weak OopStorage      Min:  0.0, Avg:  0.0, Max:  0.0, Diff:  0.0, Sum:  0.0, Workers: 6
[4.530s][debug  ][gc,phases      ] GC(13)     Dead                           Min: 0, Avg:  0.0, Max: 0, Diff: 0, Sum: 0, Workers: 6
[4.530s][debug  ][gc,phases      ] GC(13)     Total                          Min: 0, Avg:  0.0, Max: 0, Diff: 0, Sum: 0, Workers: 6
[4.530s][debug  ][gc,phases      ] GC(13)   StringTable Weak               Min:  0.0, Avg:  0.0, Max:  0.0, Diff:  0.0, Sum:  0.0, Workers: 6
[4.530s][debug  ][gc,phases      ] GC(13)     Dead                           Min: 0, Avg:  0.0, Max: 0, Diff: 0, Sum: 0, Workers: 6
[4.530s][debug  ][gc,phases      ] GC(13)     Total                          Min: 576, Avg: 892.5, Max: 1215, Diff: 639, Sum: 5355, Workers: 6
[4.530s][debug  ][gc,phases      ] GC(13)   ResolvedMethodTable Weak       Min:  0.0, Avg:  0.0, Max:  0.0, Diff:  0.0, Sum:  0.0, Workers: 6
[4.530s][debug  ][gc,phases      ] GC(13)     Dead                           Min: 0, Avg:  0.0, Max: 0, Diff: 0, Sum: 0, Workers: 6
[4.530s][debug  ][gc,phases      ] GC(13)     Total                          Min: 0, Avg: 21.7, Max: 64, Diff: 64, Sum: 130, Workers: 6
[4.530s][debug  ][gc,phases      ] GC(13)   JNI Weak                       Min:  0.0, Avg:  0.0, Max:  0.0, Diff:  0.0, Sum:  0.0, Workers: 6
[4.530s][debug  ][gc,phases      ] GC(13)     Dead                           Min: 0, Avg:  0.0, Max: 0, Diff: 0, Sum: 0, Workers: 6
[4.530s][debug  ][gc,phases      ] GC(13)     Total                          Min: 0, Avg:  0.0, Max: 0, Diff: 0, Sum: 0, Workers: 6
[4.530s][debug  ][gc,phases      ] GC(13)   StringDedup Table Weak         Min:  0.0, Avg:  0.0, Max:  0.0, Diff:  0.0, Sum:  0.0, Workers: 6
[4.531s][debug  ][gc,phases      ] GC(13)     Dead                           Min: 0, Avg:  0.0, Max: 0, Diff: 0, Sum: 0, Workers: 6
[4.531s][debug  ][gc,phases      ] GC(13)     Total                          Min: 0, Avg:  0.0, Max: 0, Diff: 0, Sum: 0, Workers: 6
[4.531s][debug  ][gc,phases      ] GC(13)   StringDedup Requests0 Weak     Min:  0.0, Avg:  0.0, Max:  0.0, Diff:  0.0, Sum:  0.0, Workers: 6
[4.531s][debug  ][gc,phases      ] GC(13)     Dead                           Min: 0, Avg:  0.0, Max: 0, Diff: 0, Sum: 0, Workers: 6
[4.531s][debug  ][gc,phases      ] GC(13)     Total                          Min: 0, Avg:  0.0, Max: 0, Diff: 0, Sum: 0, Workers: 6
[4.531s][debug  ][gc,phases      ] GC(13)   StringDedup Requests1 Weak     Min:  0.0, Avg:  0.0, Max:  0.0, Diff:  0.0, Sum:  0.0, Workers: 6
[4.531s][debug  ][gc,phases      ] GC(13)     Dead                           Min: 0, Avg:  0.0, Max: 0, Diff: 0, Sum: 0, Workers: 6
[4.531s][debug  ][gc,phases      ] GC(13)     Total                          Min: 0, Avg:  0.0, Max: 0, Diff: 0, Sum: 0, Workers: 6
[4.531s][debug  ][gc,phases      ] GC(13)   Weak JFR Old Object Samples    Min:  0.0, Avg:  0.0, Max:  0.0, Diff:  0.0, Sum:  0.0, Workers: 6
[4.531s][debug  ][gc,phases      ] GC(13)     Dead                           Min: 0, Avg:  0.0, Max: 0, Diff: 0, Sum: 0, Workers: 6
[4.531s][debug  ][gc,phases      ] GC(13)     Total                          Min: 0, Avg:  0.0, Max: 0, Diff: 0, Sum: 0, Workers: 6
[4.531s][debug  ][gc,phases      ] GC(13) Weak Processing 0.688ms
[4.531s][debug  ][gc,ergo        ] GC(13) AdaptiveSizeStart:  collection: 14 
[4.531s][debug  ][gc,ergo        ] GC(13) avg_survived_padded_avg: 33711088.000000
[4.531s][debug  ][gc,ergo        ] GC(13) avg_promoted_padded_avg: 246012752.000000  avg_pretenured_padded_avg: 0.000000  tenuring_thresh: 1  target_size: 34078720
[4.531s][debug  ][gc,age         ] GC(13) Desired survivor size 34078720 bytes, new threshold 1 (max threshold 15)
[4.531s][debug  ][gc,ergo        ] GC(13) PSAdaptiveSizePolicy::compute_eden_space_size limits: desired_eden_size: 320864256 old_eden_size: 200278016 eden_limit: 200278016 cur_eden: 200278016 max_eden_size: 200278016 avg_young_live: 32096720
[4.531s][debug  ][gc,ergo        ] GC(13) PSAdaptiveSizePolicy::compute_eden_space_size: costs minor_time: 0.102744 major_cost: 0.000000 mutator_cost: 0.897256 throughput_goal: 0.990000
[4.531s][debug  ][gc,ergo        ] GC(13) Live_space: 300532160 free_space: 401604608
[4.531s][debug  ][gc,ergo        ] GC(13) Old eden_size: 200278016 desired_eden_size: 200278016
[4.531s][debug  ][gc,ergo        ] GC(13) AdaptiveSizeStop: collection: 14 
[4.531s][info   ][gc,heap        ] GC(13) PSYoungGen: 218870K(228864K)->30720K(228864K) Eden: 188150K(195584K)->0K(195584K) From: 30720K(33280K)->30720K(33280K)
[4.531s][info   ][gc,heap        ] GC(13) ParOldGen: 2152240K(3932160K)->2336560K(3932160K)
[4.531s][info   ][gc,metaspace   ] GC(13) Metaspace: 1021K(1216K)->1021K(1216K) NonClass: 938K(1024K)->938K(1024K) Class: 83K(192K)->83K(192K)
[4.531s][info   ][gc             ] GC(13) Pause Young (Allocation Failure) 2315M->2311M(4063M) 35.517ms
[4.531s][info   ][gc,cpu         ] GC(13) User=0.02s Sys=0.28s Real=0.04s
[4.531s][debug  ][gc,heap        ] GC(13) Heap after GC invocations=14 (full 0):
[4.531s][debug  ][gc,heap        ] GC(13)  PSYoungGen      total 228864K, used 30720K [0x00000007f0000000, 0x0000000800000000, 0x0000000800000000)
[4.531s][debug  ][gc,heap        ] GC(13)   eden space 195584K, 0% used [0x00000007f0000000,0x00000007f0000000,0x00000007fbf00000)
[4.531s][debug  ][gc,heap        ] GC(13)   from space 33280K, 92% used [0x00000007fdf80000,0x00000007ffd80030,0x0000000800000000)
[4.531s][debug  ][gc,heap        ] GC(13)   to   space 33280K, 0% used [0x00000007fbf00000,0x00000007fbf00000,0x00000007fdf80000)
[4.531s][debug  ][gc,heap        ] GC(13)  ParOldGen       total 3932160K, used 2336560K [0x0000000700000000, 0x00000007f0000000, 0x00000007f0000000)
[4.531s][debug  ][gc,heap        ] GC(13)   object space 3932160K, 59% used [0x0000000700000000,0x000000078e9cc1e0,0x00000007f0000000)
[4.531s][debug  ][gc,heap        ] GC(13)  Metaspace       used 1021K, committed 1216K, reserved 1056768K
[4.531s][debug  ][gc,heap        ] GC(13)   class space    used 83K, committed 192K, reserved 1048576K
[4.531s][debug  ][gc,task,time   ] GC(13) VM-Thread 44951622 45294462 45312725
[4.810s][debug  ][gc,heap        ] GC(14) Heap before GC invocations=15 (full 0):
[4.810s][debug  ][gc,heap        ] GC(14)  PSYoungGen      total 228864K, used 218871K [0x00000007f0000000, 0x0000000800000000, 0x0000000800000000)
[4.810s][debug  ][gc,heap        ] GC(14)   eden space 195584K, 96% used [0x00000007f0000000,0x00000007fb7bdc00,0x00000007fbf00000)
[4.810s][debug  ][gc,heap        ] GC(14)   from space 33280K, 92% used [0x00000007fdf80000,0x00000007ffd80030,0x0000000800000000)
[4.810s][debug  ][gc,heap        ] GC(14)   to   space 33280K, 0% used [0x00000007fbf00000,0x00000007fbf00000,0x00000007fdf80000)
[4.810s][debug  ][gc,heap        ] GC(14)  ParOldGen       total 3932160K, used 2336560K [0x0000000700000000, 0x00000007f0000000, 0x00000007f0000000)
[4.810s][debug  ][gc,heap        ] GC(14)   object space 3932160K, 59% used [0x0000000700000000,0x000000078e9cc1e0,0x00000007f0000000)
[4.810s][debug  ][gc,heap        ] GC(14)  Metaspace       used 1021K, committed 1216K, reserved 1056768K
[4.810s][debug  ][gc,heap        ] GC(14)   class space    used 83K, committed 192K, reserved 1048576K
[4.810s][debug  ][gc,tlab        ] GC(14) TLAB totals: thrds: 1  refills: 1 max: 1 slow allocs: 17 max 17 waste: 27.2% gc: 3922656B max: 3922656B slow: 0B max: 0B
[4.810s][info   ][gc,start       ] GC(14) Pause Young (Allocation Failure)
[4.810s][debug  ][gc,phases,start] GC(14) Scavenge
[4.843s][debug  ][gc,phases      ] GC(14) Scavenge 33.513ms
[4.844s][debug  ][gc,phases,start] GC(14) Reference Processing
[4.844s][debug  ][gc,ref         ] GC(14) Skipped phase 1 of Reference Processing: no references
[4.844s][debug  ][gc,ref         ] GC(14) Skipped phase 2 of Reference Processing: no references
[4.844s][debug  ][gc,ref         ] GC(14) Skipped phase 3 of Reference Processing: no references
[4.844s][debug  ][gc,ref         ] GC(14) Skipped phase 4 of Reference Processing: no references
[4.844s][debug  ][gc,phases,ref  ] GC(14) Reference Processing: 0.1ms
[4.844s][debug  ][gc,phases,ref  ] GC(14)   Reconsider SoftReferences: 0.0ms
[4.844s][debug  ][gc,phases,ref  ] GC(14)     SoftRef (ms):                  skipped
[4.844s][debug  ][gc,phases,ref  ] GC(14)   Notify Soft/WeakReferences: 0.0ms
[4.844s][debug  ][gc,phases,ref  ] GC(14)     SoftRef (ms):                  skipped
[4.844s][debug  ][gc,phases,ref  ] GC(14)     WeakRef (ms):                  skipped
[4.844s][debug  ][gc,phases,ref  ] GC(14)     FinalRef (ms):                 skipped
[4.844s][debug  ][gc,phases,ref  ] GC(14)     Total (ms):                    skipped
[4.844s][debug  ][gc,phases,ref  ] GC(14)   Notify and keep alive finalizable: 0.0ms
[4.844s][debug  ][gc,phases,ref  ] GC(14)     FinalRef (ms):                 skipped
[4.844s][debug  ][gc,phases,ref  ] GC(14)   Notify PhantomReferences: 0.0ms
[4.844s][debug  ][gc,phases,ref  ] GC(14)     PhantomRef (ms):               skipped
[4.844s][debug  ][gc,phases,ref  ] GC(14)   SoftReference:
[4.844s][debug  ][gc,phases,ref  ] GC(14)     Discovered: 0
[4.844s][debug  ][gc,phases,ref  ] GC(14)     Cleared: 0
[4.844s][debug  ][gc,phases,ref  ] GC(14)   WeakReference:
[4.844s][debug  ][gc,phases,ref  ] GC(14)     Discovered: 0
[4.844s][debug  ][gc,phases,ref  ] GC(14)     Cleared: 0
[4.844s][debug  ][gc,phases,ref  ] GC(14)   FinalReference:
[4.844s][debug  ][gc,phases,ref  ] GC(14)     Discovered: 0
[4.844s][debug  ][gc,phases,ref  ] GC(14)     Cleared: 0
[4.844s][debug  ][gc,phases,ref  ] GC(14)   PhantomReference:
[4.844s][debug  ][gc,phases,ref  ] GC(14)     Discovered: 0
[4.844s][debug  ][gc,phases,ref  ] GC(14)     Cleared: 0
[4.844s][debug  ][gc,phases      ] GC(14) Reference Processing 0.614ms
[4.844s][debug  ][gc,phases,start] GC(14) Weak Processing
[4.844s][debug  ][gc,phases      ] GC(14)   VM Weak                        Min:  0.0, Avg:  0.0, Max:  0.0, Diff:  0.0, Sum:  0.0, Workers: 6
[4.844s][debug  ][gc,phases      ] GC(14)     Dead                           Min: 0, Avg:  0.0, Max: 0, Diff: 0, Sum: 0, Workers: 6
[4.844s][debug  ][gc,phases      ] GC(14)     Total                          Min: 0, Avg:  1.3, Max: 8, Diff: 8, Sum: 8, Workers: 6
[4.844s][debug  ][gc,phases      ] GC(14)   ObjectSynchronizer Weak        Min:  0.0, Avg:  0.0, Max:  0.0, Diff:  0.0, Sum:  0.0, Workers: 6
[4.844s][debug  ][gc,phases      ] GC(14)     Dead                           Min: 0, Avg:  0.0, Max: 0, Diff: 0, Sum: 0, Workers: 6
[4.844s][debug  ][gc,phases      ] GC(14)     Total                          Min: 0, Avg:  0.5, Max: 3, Diff: 3, Sum: 3, Workers: 6
[4.844s][debug  ][gc,phases      ] GC(14)   JVMTI Tag Weak OopStorage      Min:  0.0, Avg:  0.0, Max:  0.0, Diff:  0.0, Sum:  0.0, Workers: 6
[4.844s][debug  ][gc,phases      ] GC(14)     Dead                           Min: 0, Avg:  0.0, Max: 0, Diff: 0, Sum: 0, Workers: 6
[4.844s][debug  ][gc,phases      ] GC(14)     Total                          Min: 0, Avg:  0.0, Max: 0, Diff: 0, Sum: 0, Workers: 6
[4.844s][debug  ][gc,phases      ] GC(14)   StringTable Weak               Min:  0.0, Avg:  0.0, Max:  0.0, Diff:  0.0, Sum:  0.0, Workers: 6
[4.844s][debug  ][gc,phases      ] GC(14)     Dead                           Min: 0, Avg:  0.0, Max: 0, Diff: 0, Sum: 0, Workers: 6
[4.844s][debug  ][gc,phases      ] GC(14)     Total                          Min: 703, Avg: 892.5, Max: 1088, Diff: 385, Sum: 5355, Workers: 6
[4.844s][debug  ][gc,phases      ] GC(14)   ResolvedMethodTable Weak       Min:  0.0, Avg:  0.0, Max:  0.0, Diff:  0.0, Sum:  0.0, Workers: 6
[4.844s][debug  ][gc,phases      ] GC(14)     Dead                           Min: 0, Avg:  0.0, Max: 0, Diff: 0, Sum: 0, Workers: 6
[4.845s][debug  ][gc,phases      ] GC(14)     Total                          Min: 0, Avg: 21.7, Max: 64, Diff: 64, Sum: 130, Workers: 6
[4.845s][debug  ][gc,phases      ] GC(14)   JNI Weak                       Min:  0.0, Avg:  0.0, Max:  0.0, Diff:  0.0, Sum:  0.0, Workers: 6
[4.845s][debug  ][gc,phases      ] GC(14)     Dead                           Min: 0, Avg:  0.0, Max: 0, Diff: 0, Sum: 0, Workers: 6
[4.845s][debug  ][gc,phases      ] GC(14)     Total                          Min: 0, Avg:  0.0, Max: 0, Diff: 0, Sum: 0, Workers: 6
[4.845s][debug  ][gc,phases      ] GC(14)   StringDedup Table Weak         Min:  0.0, Avg:  0.0, Max:  0.0, Diff:  0.0, Sum:  0.0, Workers: 6
[4.845s][debug  ][gc,phases      ] GC(14)     Dead                           Min: 0, Avg:  0.0, Max: 0, Diff: 0, Sum: 0, Workers: 6
[4.845s][debug  ][gc,phases      ] GC(14)     Total                          Min: 0, Avg:  0.0, Max: 0, Diff: 0, Sum: 0, Workers: 6
[4.845s][debug  ][gc,phases      ] GC(14)   StringDedup Requests0 Weak     Min:  0.0, Avg:  0.0, Max:  0.0, Diff:  0.0, Sum:  0.0, Workers: 6
[4.845s][debug  ][gc,phases      ] GC(14)     Dead                           Min: 0, Avg:  0.0, Max: 0, Diff: 0, Sum: 0, Workers: 6
[4.845s][debug  ][gc,phases      ] GC(14)     Total                          Min: 0, Avg:  0.0, Max: 0, Diff: 0, Sum: 0, Workers: 6
[4.845s][debug  ][gc,phases      ] GC(14)   StringDedup Requests1 Weak     Min:  0.0, Avg:  0.0, Max:  0.0, Diff:  0.0, Sum:  0.0, Workers: 6
[4.845s][debug  ][gc,phases      ] GC(14)     Dead                           Min: 0, Avg:  0.0, Max: 0, Diff: 0, Sum: 0, Workers: 6
[4.845s][debug  ][gc,phases      ] GC(14)     Total                          Min: 0, Avg:  0.0, Max: 0, Diff: 0, Sum: 0, Workers: 6
[4.845s][debug  ][gc,phases      ] GC(14)   Weak JFR Old Object Samples    Min:  0.0, Avg:  0.0, Max:  0.0, Diff:  0.0, Sum:  0.0, Workers: 6
[4.845s][debug  ][gc,phases      ] GC(14)     Dead                           Min: 0, Avg:  0.0, Max: 0, Diff: 0, Sum: 0, Workers: 6
[4.845s][debug  ][gc,phases      ] GC(14)     Total                          Min: 0, Avg:  0.0, Max: 0, Diff: 0, Sum: 0, Workers: 6
[4.845s][debug  ][gc,phases      ] GC(14) Weak Processing 0.701ms
[4.845s][debug  ][gc,ergo        ] GC(14) AdaptiveSizeStart:  collection: 15 
[4.845s][debug  ][gc,ergo        ] GC(14) avg_survived_padded_avg: 33658348.000000
[4.845s][debug  ][gc,ergo        ] GC(14) avg_promoted_padded_avg: 244911936.000000  avg_pretenured_padded_avg: 0.000000  tenuring_thresh: 1  target_size: 34078720
[4.845s][debug  ][gc,age         ] GC(14) Desired survivor size 34078720 bytes, new threshold 1 (max threshold 15)
[4.845s][debug  ][gc,ergo        ] GC(14) PSAdaptiveSizePolicy::compute_eden_space_size limits: desired_eden_size: 320864256 old_eden_size: 200278016 eden_limit: 200278016 cur_eden: 200278016 max_eden_size: 200278016 avg_young_live: 32032780
[4.845s][debug  ][gc,ergo        ] GC(14) PSAdaptiveSizePolicy::compute_eden_space_size: costs minor_time: 0.104864 major_cost: 0.000000 mutator_cost: 0.895136 throughput_goal: 0.990000
[4.845s][debug  ][gc,ergo        ] GC(14) Live_space: 300468224 free_space: 401604608
[4.845s][debug  ][gc,ergo        ] GC(14) Old eden_size: 200278016 desired_eden_size: 200278016
[4.845s][debug  ][gc,ergo        ] GC(14) AdaptiveSizeStop: collection: 15 
[4.845s][info   ][gc,heap        ] GC(14) PSYoungGen: 218871K(228864K)->30720K(228864K) Eden: 188151K(195584K)->0K(195584K) From: 30720K(33280K)->30720K(33280K)
[4.845s][info   ][gc,heap        ] GC(14) ParOldGen: 2336560K(3932160K)->2520880K(3932160K)
[4.845s][info   ][gc,metaspace   ] GC(14) Metaspace: 1021K(1216K)->1021K(1216K) NonClass: 938K(1024K)->938K(1024K) Class: 83K(192K)->83K(192K)
[4.845s][info   ][gc             ] GC(14) Pause Young (Allocation Failure) 2495M->2491M(4063M) 35.237ms
[4.845s][info   ][gc,cpu         ] GC(14) User=0.00s Sys=0.28s Real=0.03s
[4.845s][debug  ][gc,heap        ] GC(14) Heap after GC invocations=15 (full 0):
[4.845s][debug  ][gc,heap        ] GC(14)  PSYoungGen      total 228864K, used 30720K [0x00000007f0000000, 0x0000000800000000, 0x0000000800000000)
[4.845s][debug  ][gc,heap        ] GC(14)   eden space 195584K, 0% used [0x00000007f0000000,0x00000007f0000000,0x00000007fbf00000)
[4.845s][debug  ][gc,heap        ] GC(14)   from space 33280K, 92% used [0x00000007fbf00000,0x00000007fdd00030,0x00000007fdf80000)
[4.845s][debug  ][gc,heap        ] GC(14)   to   space 33280K, 0% used [0x00000007fdf80000,0x00000007fdf80000,0x0000000800000000)
[4.845s][debug  ][gc,heap        ] GC(14)  ParOldGen       total 3932160K, used 2520880K [0x0000000700000000, 0x00000007f0000000, 0x00000007f0000000)
[4.845s][debug  ][gc,heap        ] GC(14)   object space 3932160K, 64% used [0x0000000700000000,0x0000000799dcc300,0x00000007f0000000)
[4.845s][debug  ][gc,heap        ] GC(14)  Metaspace       used 1021K, committed 1216K, reserved 1056768K
[4.845s][debug  ][gc,heap        ] GC(14)   class space    used 83K, committed 192K, reserved 1048576K
[4.845s][debug  ][gc,task,time   ] GC(14) VM-Thread 48096107 48435062 48453736
[5.126s][debug  ][gc,heap        ] GC(15) Heap before GC invocations=16 (full 0):
[5.126s][debug  ][gc,heap        ] GC(15)  PSYoungGen      total 228864K, used 218871K [0x00000007f0000000, 0x0000000800000000, 0x0000000800000000)
[5.126s][debug  ][gc,heap        ] GC(15)   eden space 195584K, 96% used [0x00000007f0000000,0x00000007fb7bddd8,0x00000007fbf00000)
[5.126s][debug  ][gc,heap        ] GC(15)   from space 33280K, 92% used [0x00000007fbf00000,0x00000007fdd00030,0x00000007fdf80000)
[5.126s][debug  ][gc,heap        ] GC(15)   to   space 33280K, 0% used [0x00000007fdf80000,0x00000007fdf80000,0x0000000800000000)
[5.126s][debug  ][gc,heap        ] GC(15)  ParOldGen       total 3932160K, used 2520880K [0x0000000700000000, 0x00000007f0000000, 0x00000007f0000000)
[5.126s][debug  ][gc,heap        ] GC(15)   object space 3932160K, 64% used [0x0000000700000000,0x0000000799dcc300,0x00000007f0000000)
[5.126s][debug  ][gc,heap        ] GC(15)  Metaspace       used 1021K, committed 1216K, reserved 1056768K
[5.126s][debug  ][gc,heap        ] GC(15)   class space    used 83K, committed 192K, reserved 1048576K
[5.126s][debug  ][gc,tlab        ] GC(15) TLAB totals: thrds: 1  refills: 1 max: 1 slow allocs: 17 max 17 waste: 27.2% gc: 3923128B max: 3923128B slow: 0B max: 0B
[5.126s][info   ][gc,start       ] GC(15) Pause Young (Allocation Failure)
[5.126s][debug  ][gc,phases,start] GC(15) Scavenge
[5.160s][debug  ][gc,phases      ] GC(15) Scavenge 33.834ms
[5.160s][debug  ][gc,phases,start] GC(15) Reference Processing
[5.160s][debug  ][gc,ref         ] GC(15) Skipped phase 1 of Reference Processing: no references
[5.160s][debug  ][gc,ref         ] GC(15) Skipped phase 2 of Reference Processing: no references
[5.160s][debug  ][gc,ref         ] GC(15) Skipped phase 3 of Reference Processing: no references
[5.160s][debug  ][gc,ref         ] GC(15) Skipped phase 4 of Reference Processing: no references
[5.160s][debug  ][gc,phases,ref  ] GC(15) Reference Processing: 0.1ms
[5.160s][debug  ][gc,phases,ref  ] GC(15)   Reconsider SoftReferences: 0.0ms
[5.160s][debug  ][gc,phases,ref  ] GC(15)     SoftRef (ms):                  skipped
[5.160s][debug  ][gc,phases,ref  ] GC(15)   Notify Soft/WeakReferences: 0.0ms
[5.160s][debug  ][gc,phases,ref  ] GC(15)     SoftRef (ms):                  skipped
[5.160s][debug  ][gc,phases,ref  ] GC(15)     WeakRef (ms):                  skipped
[5.160s][debug  ][gc,phases,ref  ] GC(15)     FinalRef (ms):                 skipped
[5.160s][debug  ][gc,phases,ref  ] GC(15)     Total (ms):                    skipped
[5.160s][debug  ][gc,phases,ref  ] GC(15)   Notify and keep alive finalizable: 0.0ms
[5.160s][debug  ][gc,phases,ref  ] GC(15)     FinalRef (ms):                 skipped
[5.160s][debug  ][gc,phases,ref  ] GC(15)   Notify PhantomReferences: 0.0ms
[5.160s][debug  ][gc,phases,ref  ] GC(15)     PhantomRef (ms):               skipped
[5.160s][debug  ][gc,phases,ref  ] GC(15)   SoftReference:
[5.160s][debug  ][gc,phases,ref  ] GC(15)     Discovered: 0
[5.160s][debug  ][gc,phases,ref  ] GC(15)     Cleared: 0
[5.160s][debug  ][gc,phases,ref  ] GC(15)   WeakReference:
[5.160s][debug  ][gc,phases,ref  ] GC(15)     Discovered: 0
[5.161s][debug  ][gc,phases,ref  ] GC(15)     Cleared: 0
[5.161s][debug  ][gc,phases,ref  ] GC(15)   FinalReference:
[5.161s][debug  ][gc,phases,ref  ] GC(15)     Discovered: 0
[5.161s][debug  ][gc,phases,ref  ] GC(15)     Cleared: 0
[5.161s][debug  ][gc,phases,ref  ] GC(15)   PhantomReference:
[5.161s][debug  ][gc,phases,ref  ] GC(15)     Discovered: 0
[5.161s][debug  ][gc,phases,ref  ] GC(15)     Cleared: 0
[5.161s][debug  ][gc,phases      ] GC(15) Reference Processing 0.573ms
[5.161s][debug  ][gc,phases,start] GC(15) Weak Processing
[5.161s][debug  ][gc,phases      ] GC(15)   VM Weak                        Min:  0.0, Avg:  0.0, Max:  0.0, Diff:  0.0, Sum:  0.0, Workers: 6
[5.161s][debug  ][gc,phases      ] GC(15)     Dead                           Min: 0, Avg:  0.0, Max: 0, Diff: 0, Sum: 0, Workers: 6
[5.161s][debug  ][gc,phases      ] GC(15)     Total                          Min: 0, Avg:  1.3, Max: 8, Diff: 8, Sum: 8, Workers: 6
[5.161s][debug  ][gc,phases      ] GC(15)   ObjectSynchronizer Weak        Min:  0.0, Avg:  0.0, Max:  0.0, Diff:  0.0, Sum:  0.0, Workers: 6
[5.161s][debug  ][gc,phases      ] GC(15)     Dead                           Min: 0, Avg:  0.0, Max: 0, Diff: 0, Sum: 0, Workers: 6
[5.161s][debug  ][gc,phases      ] GC(15)     Total                          Min: 0, Avg:  0.5, Max: 3, Diff: 3, Sum: 3, Workers: 6
[5.161s][debug  ][gc,phases      ] GC(15)   JVMTI Tag Weak OopStorage      Min:  0.0, Avg:  0.0, Max:  0.0, Diff:  0.0, Sum:  0.0, Workers: 6
[5.161s][debug  ][gc,phases      ] GC(15)     Dead                           Min: 0, Avg:  0.0, Max: 0, Diff: 0, Sum: 0, Workers: 6
[5.161s][debug  ][gc,phases      ] GC(15)     Total                          Min: 0, Avg:  0.0, Max: 0, Diff: 0, Sum: 0, Workers: 6
[5.161s][debug  ][gc,phases      ] GC(15)   StringTable Weak               Min:  0.0, Avg:  0.0, Max:  0.0, Diff:  0.0, Sum:  0.0, Workers: 6
[5.161s][debug  ][gc,phases      ] GC(15)     Dead                           Min: 0, Avg:  0.0, Max: 0, Diff: 0, Sum: 0, Workers: 6
[5.161s][debug  ][gc,phases      ] GC(15)     Total                          Min: 704, Avg: 892.5, Max: 1280, Diff: 576, Sum: 5355, Workers: 6
[5.161s][debug  ][gc,phases      ] GC(15)   ResolvedMethodTable Weak       Min:  0.0, Avg:  0.0, Max:  0.0, Diff:  0.0, Sum:  0.0, Workers: 6
[5.161s][debug  ][gc,phases      ] GC(15)     Dead                           Min: 0, Avg:  0.0, Max: 0, Diff: 0, Sum: 0, Workers: 6
[5.161s][debug  ][gc,phases      ] GC(15)     Total                          Min: 0, Avg: 21.7, Max: 64, Diff: 64, Sum: 130, Workers: 6
[5.161s][debug  ][gc,phases      ] GC(15)   JNI Weak                       Min:  0.0, Avg:  0.0, Max:  0.0, Diff:  0.0, Sum:  0.0, Workers: 6
[5.161s][debug  ][gc,phases      ] GC(15)     Dead                           Min: 0, Avg:  0.0, Max: 0, Diff: 0, Sum: 0, Workers: 6
[5.161s][debug  ][gc,phases      ] GC(15)     Total                          Min: 0, Avg:  0.0, Max: 0, Diff: 0, Sum: 0, Workers: 6
[5.161s][debug  ][gc,phases      ] GC(15)   StringDedup Table Weak         Min:  0.0, Avg:  0.0, Max:  0.0, Diff:  0.0, Sum:  0.0, Workers: 6
[5.161s][debug  ][gc,phases      ] GC(15)     Dead                           Min: 0, Avg:  0.0, Max: 0, Diff: 0, Sum: 0, Workers: 6
[5.161s][debug  ][gc,phases      ] GC(15)     Total                          Min: 0, Avg:  0.0, Max: 0, Diff: 0, Sum: 0, Workers: 6
[5.161s][debug  ][gc,phases      ] GC(15)   StringDedup Requests0 Weak     Min:  0.0, Avg:  0.0, Max:  0.0, Diff:  0.0, Sum:  0.0, Workers: 6
[5.161s][debug  ][gc,phases      ] GC(15)     Dead                           Min: 0, Avg:  0.0, Max: 0, Diff: 0, Sum: 0, Workers: 6
[5.161s][debug  ][gc,phases      ] GC(15)     Total                          Min: 0, Avg:  0.0, Max: 0, Diff: 0, Sum: 0, Workers: 6
[5.161s][debug  ][gc,phases      ] GC(15)   StringDedup Requests1 Weak     Min:  0.0, Avg:  0.0, Max:  0.0, Diff:  0.0, Sum:  0.0, Workers: 6
[5.161s][debug  ][gc,phases      ] GC(15)     Dead                           Min: 0, Avg:  0.0, Max: 0, Diff: 0, Sum: 0, Workers: 6
[5.161s][debug  ][gc,phases      ] GC(15)     Total                          Min: 0, Avg:  0.0, Max: 0, Diff: 0, Sum: 0, Workers: 6
[5.161s][debug  ][gc,phases      ] GC(15)   Weak JFR Old Object Samples    Min:  0.0, Avg:  0.0, Max:  0.0, Diff:  0.0, Sum:  0.0, Workers: 6
[5.161s][debug  ][gc,phases      ] GC(15)     Dead                           Min: 0, Avg:  0.0, Max: 0, Diff: 0, Sum: 0, Workers: 6
[5.161s][debug  ][gc,phases      ] GC(15)     Total                          Min: 0, Avg:  0.0, Max: 0, Diff: 0, Sum: 0, Workers: 6
[5.161s][debug  ][gc,phases      ] GC(15) Weak Processing 0.663ms
[5.161s][debug  ][gc,ergo        ] GC(15) AdaptiveSizeStart:  collection: 16 
[5.161s][debug  ][gc,ergo        ] GC(15) avg_survived_padded_avg: 33593616.000000
[5.161s][debug  ][gc,ergo        ] GC(15) avg_promoted_padded_avg: 243458592.000000  avg_pretenured_padded_avg: 0.000000  tenuring_thresh: 1  target_size: 34078720
[5.161s][debug  ][gc,age         ] GC(15) Desired survivor size 34078720 bytes, new threshold 1 (max threshold 15)
[5.161s][debug  ][gc,ergo        ] GC(15) PSAdaptiveSizePolicy::compute_eden_space_size limits: desired_eden_size: 320864256 old_eden_size: 200278016 eden_limit: 200278016 cur_eden: 200278016 max_eden_size: 200278016 avg_young_live: 31975234
[5.161s][debug  ][gc,ergo        ] GC(15) PSAdaptiveSizePolicy::compute_eden_space_size: costs minor_time: 0.106438 major_cost: 0.000000 mutator_cost: 0.893562 throughput_goal: 0.990000
[5.161s][debug  ][gc,ergo        ] GC(15) Live_space: 300410688 free_space: 401604608
[5.161s][debug  ][gc,ergo        ] GC(15) Old eden_size: 200278016 desired_eden_size: 200278016
[5.162s][debug  ][gc,ergo        ] GC(15) AdaptiveSizeStop: collection: 16 
[5.162s][info   ][gc,heap        ] GC(15) PSYoungGen: 218871K(228864K)->30720K(228864K) Eden: 188151K(195584K)->0K(195584K) From: 30720K(33280K)->30720K(33280K)
[5.162s][info   ][gc,heap        ] GC(15) ParOldGen: 2520880K(3932160K)->2705201K(3932160K)
[5.162s][info   ][gc,metaspace   ] GC(15) Metaspace: 1021K(1216K)->1021K(1216K) NonClass: 938K(1024K)->938K(1024K) Class: 83K(192K)->83K(192K)
[5.162s][info   ][gc             ] GC(15) Pause Young (Allocation Failure) 2675M->2671M(4063M) 35.493ms
[5.162s][info   ][gc,cpu         ] GC(15) User=0.05s Sys=0.27s Real=0.04s
[5.162s][debug  ][gc,heap        ] GC(15) Heap after GC invocations=16 (full 0):
[5.162s][debug  ][gc,heap        ] GC(15)  PSYoungGen      total 228864K, used 30720K [0x00000007f0000000, 0x0000000800000000, 0x0000000800000000)
[5.162s][debug  ][gc,heap        ] GC(15)   eden space 195584K, 0% used [0x00000007f0000000,0x00000007f0000000,0x00000007fbf00000)
[5.162s][debug  ][gc,heap        ] GC(15)   from space 33280K, 92% used [0x00000007fdf80000,0x00000007ffd80030,0x0000000800000000)
[5.162s][debug  ][gc,heap        ] GC(15)   to   space 33280K, 0% used [0x00000007fbf00000,0x00000007fbf00000,0x00000007fdf80000)
[5.162s][debug  ][gc,heap        ] GC(15)  ParOldGen       total 3932160K, used 2705201K [0x0000000700000000, 0x00000007f0000000, 0x00000007f0000000)
[5.162s][debug  ][gc,heap        ] GC(15)   object space 3932160K, 68% used [0x0000000700000000,0x00000007a51cc420,0x00000007f0000000)
[5.162s][debug  ][gc,heap        ] GC(15)  Metaspace       used 1021K, committed 1216K, reserved 1056768K
[5.162s][debug  ][gc,heap        ] GC(15)   class space    used 83K, committed 192K, reserved 1048576K
[5.162s][debug  ][gc,task,time   ] GC(15) VM-Thread 51257087 51600737 51618515
[5.442s][debug  ][gc,heap        ] GC(16) Heap before GC invocations=17 (full 0):
[5.442s][debug  ][gc,heap        ] GC(16)  PSYoungGen      total 228864K, used 218871K [0x00000007f0000000, 0x0000000800000000, 0x0000000800000000)
[5.442s][debug  ][gc,heap        ] GC(16)   eden space 195584K, 96% used [0x00000007f0000000,0x00000007fb7bdf08,0x00000007fbf00000)
[5.442s][debug  ][gc,heap        ] GC(16)   from space 33280K, 92% used [0x00000007fdf80000,0x00000007ffd80030,0x0000000800000000)
[5.442s][debug  ][gc,heap        ] GC(16)   to   space 33280K, 0% used [0x00000007fbf00000,0x00000007fbf00000,0x00000007fdf80000)
[5.442s][debug  ][gc,heap        ] GC(16)  ParOldGen       total 3932160K, used 2705201K [0x0000000700000000, 0x00000007f0000000, 0x00000007f0000000)
[5.442s][debug  ][gc,heap        ] GC(16)   object space 3932160K, 68% used [0x0000000700000000,0x00000007a51cc420,0x00000007f0000000)
[5.442s][debug  ][gc,heap        ] GC(16)  Metaspace       used 1021K, committed 1216K, reserved 1056768K
[5.442s][debug  ][gc,heap        ] GC(16)   class space    used 83K, committed 192K, reserved 1048576K
[5.442s][debug  ][gc,tlab        ] GC(16) TLAB totals: thrds: 1  refills: 1 max: 1 slow allocs: 17 max 17 waste: 27.2% gc: 3922264B max: 3922264B slow: 0B max: 0B
[5.442s][info   ][gc,start       ] GC(16) Pause Young (Allocation Failure)
[5.442s][debug  ][gc,phases,start] GC(16) Scavenge
[5.449s][debug  ][gc,phases      ] GC(16) Scavenge 6.463ms
[5.449s][debug  ][gc,phases,start] GC(16) Reference Processing
[5.449s][debug  ][gc,ref         ] GC(16) Skipped phase 1 of Reference Processing: no references
[5.449s][debug  ][gc,ref         ] GC(16) Skipped phase 2 of Reference Processing: no references
[5.449s][debug  ][gc,ref         ] GC(16) Skipped phase 3 of Reference Processing: no references
[5.449s][debug  ][gc,ref         ] GC(16) Skipped phase 4 of Reference Processing: no references
[5.449s][debug  ][gc,phases,ref  ] GC(16) Reference Processing: 0.1ms
[5.449s][debug  ][gc,phases,ref  ] GC(16)   Reconsider SoftReferences: 0.0ms
[5.449s][debug  ][gc,phases,ref  ] GC(16)     SoftRef (ms):                  skipped
[5.449s][debug  ][gc,phases,ref  ] GC(16)   Notify Soft/WeakReferences: 0.0ms
[5.449s][debug  ][gc,phases,ref  ] GC(16)     SoftRef (ms):                  skipped
[5.449s][debug  ][gc,phases,ref  ] GC(16)     WeakRef (ms):                  skipped
[5.449s][debug  ][gc,phases,ref  ] GC(16)     FinalRef (ms):                 skipped
[5.449s][debug  ][gc,phases,ref  ] GC(16)     Total (ms):                    skipped
[5.449s][debug  ][gc,phases,ref  ] GC(16)   Notify and keep alive finalizable: 0.0ms
[5.449s][debug  ][gc,phases,ref  ] GC(16)     FinalRef (ms):                 skipped
[5.449s][debug  ][gc,phases,ref  ] GC(16)   Notify PhantomReferences: 0.0ms
[5.449s][debug  ][gc,phases,ref  ] GC(16)     PhantomRef (ms):               skipped
[5.449s][debug  ][gc,phases,ref  ] GC(16)   SoftReference:
[5.449s][debug  ][gc,phases,ref  ] GC(16)     Discovered: 0
[5.449s][debug  ][gc,phases,ref  ] GC(16)     Cleared: 0
[5.449s][debug  ][gc,phases,ref  ] GC(16)   WeakReference:
[5.449s][debug  ][gc,phases,ref  ] GC(16)     Discovered: 0
[5.450s][debug  ][gc,phases,ref  ] GC(16)     Cleared: 0
[5.450s][debug  ][gc,phases,ref  ] GC(16)   FinalReference:
[5.450s][debug  ][gc,phases,ref  ] GC(16)     Discovered: 0
[5.450s][debug  ][gc,phases,ref  ] GC(16)     Cleared: 0
[5.450s][debug  ][gc,phases,ref  ] GC(16)   PhantomReference:
[5.450s][debug  ][gc,phases,ref  ] GC(16)     Discovered: 0
[5.450s][debug  ][gc,phases,ref  ] GC(16)     Cleared: 0
[5.450s][debug  ][gc,phases      ] GC(16) Reference Processing 0.628ms
[5.450s][debug  ][gc,phases,start] GC(16) Weak Processing
[5.450s][debug  ][gc,phases      ] GC(16)   VM Weak                        Min:  0.0, Avg:  0.0, Max:  0.0, Diff:  0.0, Sum:  0.0, Workers: 6
[5.450s][debug  ][gc,phases      ] GC(16)     Dead                           Min: 0, Avg:  0.0, Max: 0, Diff: 0, Sum: 0, Workers: 6
[5.450s][debug  ][gc,phases      ] GC(16)     Total                          Min: 0, Avg:  1.3, Max: 8, Diff: 8, Sum: 8, Workers: 6
[5.450s][debug  ][gc,phases      ] GC(16)   ObjectSynchronizer Weak        Min:  0.0, Avg:  0.0, Max:  0.0, Diff:  0.0, Sum:  0.0, Workers: 6
[5.450s][debug  ][gc,phases      ] GC(16)     Dead                           Min: 0, Avg:  0.0, Max: 0, Diff: 0, Sum: 0, Workers: 6
[5.450s][debug  ][gc,phases      ] GC(16)     Total                          Min: 0, Avg:  0.5, Max: 3, Diff: 3, Sum: 3, Workers: 6
[5.450s][debug  ][gc,phases      ] GC(16)   JVMTI Tag Weak OopStorage      Min:  0.0, Avg:  0.0, Max:  0.0, Diff:  0.0, Sum:  0.0, Workers: 6
[5.450s][debug  ][gc,phases      ] GC(16)     Dead                           Min: 0, Avg:  0.0, Max: 0, Diff: 0, Sum: 0, Workers: 6
[5.450s][debug  ][gc,phases      ] GC(16)     Total                          Min: 0, Avg:  0.0, Max: 0, Diff: 0, Sum: 0, Workers: 6
[5.450s][debug  ][gc,phases      ] GC(16)   StringTable Weak               Min:  0.0, Avg:  0.0, Max:  0.0, Diff:  0.0, Sum:  0.1, Workers: 6
[5.450s][debug  ][gc,phases      ] GC(16)     Dead                           Min: 0, Avg:  0.0, Max: 0, Diff: 0, Sum: 0, Workers: 6
[5.450s][debug  ][gc,phases      ] GC(16)     Total                          Min: 832, Avg: 892.5, Max: 960, Diff: 128, Sum: 5355, Workers: 6
[5.450s][debug  ][gc,phases      ] GC(16)   ResolvedMethodTable Weak       Min:  0.0, Avg:  0.0, Max:  0.0, Diff:  0.0, Sum:  0.0, Workers: 6
[5.450s][debug  ][gc,phases      ] GC(16)     Dead                           Min: 0, Avg:  0.0, Max: 0, Diff: 0, Sum: 0, Workers: 6
[5.450s][debug  ][gc,phases      ] GC(16)     Total                          Min: 0, Avg: 21.7, Max: 64, Diff: 64, Sum: 130, Workers: 6
[5.450s][debug  ][gc,phases      ] GC(16)   JNI Weak                       Min:  0.0, Avg:  0.0, Max:  0.0, Diff:  0.0, Sum:  0.0, Workers: 6
[5.450s][debug  ][gc,phases      ] GC(16)     Dead                           Min: 0, Avg:  0.0, Max: 0, Diff: 0, Sum: 0, Workers: 6
[5.450s][debug  ][gc,phases      ] GC(16)     Total                          Min: 0, Avg:  0.0, Max: 0, Diff: 0, Sum: 0, Workers: 6
[5.450s][debug  ][gc,phases      ] GC(16)   StringDedup Table Weak         Min:  0.0, Avg:  0.0, Max:  0.0, Diff:  0.0, Sum:  0.0, Workers: 6
[5.450s][debug  ][gc,phases      ] GC(16)     Dead                           Min: 0, Avg:  0.0, Max: 0, Diff: 0, Sum: 0, Workers: 6
[5.450s][debug  ][gc,phases      ] GC(16)     Total                          Min: 0, Avg:  0.0, Max: 0, Diff: 0, Sum: 0, Workers: 6
[5.450s][debug  ][gc,phases      ] GC(16)   StringDedup Requests0 Weak     Min:  0.0, Avg:  0.0, Max:  0.0, Diff:  0.0, Sum:  0.0, Workers: 6
[5.450s][debug  ][gc,phases      ] GC(16)     Dead                           Min: 0, Avg:  0.0, Max: 0, Diff: 0, Sum: 0, Workers: 6
[5.450s][debug  ][gc,phases      ] GC(16)     Total                          Min: 0, Avg:  0.0, Max: 0, Diff: 0, Sum: 0, Workers: 6
[5.450s][debug  ][gc,phases      ] GC(16)   StringDedup Requests1 Weak     Min:  0.0, Avg:  0.0, Max:  0.0, Diff:  0.0, Sum:  0.0, Workers: 6
[5.450s][debug  ][gc,phases      ] GC(16)     Dead                           Min: 0, Avg:  0.0, Max: 0, Diff: 0, Sum: 0, Workers: 6
[5.450s][debug  ][gc,phases      ] GC(16)     Total                          Min: 0, Avg:  0.0, Max: 0, Diff: 0, Sum: 0, Workers: 6
[5.450s][debug  ][gc,phases      ] GC(16)   Weak JFR Old Object Samples    Min:  0.0, Avg:  0.0, Max:  0.0, Diff:  0.0, Sum:  0.0, Workers: 6
[5.450s][debug  ][gc,phases      ] GC(16)     Dead                           Min: 0, Avg:  0.0, Max: 0, Diff: 0, Sum: 0, Workers: 6
[5.450s][debug  ][gc,phases      ] GC(16)     Total                          Min: 0, Avg:  0.0, Max: 0, Diff: 0, Sum: 0, Workers: 6
[5.450s][debug  ][gc,phases      ] GC(16) Weak Processing 0.704ms
[5.450s][debug  ][gc,ergo        ] GC(16) AdaptiveSizeStart:  collection: 17 
[5.450s][debug  ][gc,ergo        ] GC(16) avg_survived_padded_avg: 33519822.000000
[5.450s][debug  ][gc,ergo        ] GC(16) avg_promoted_padded_avg: 262761328.000000  avg_pretenured_padded_avg: 0.000000  tenuring_thresh: 1  target_size: 33554432
[5.450s][debug  ][gc,age         ] GC(16) Desired survivor size 33554432 bytes, new threshold 1 (max threshold 15)
[5.450s][debug  ][gc,ergo        ] GC(16) PSAdaptiveSizePolicy::compute_eden_space_size limits: desired_eden_size: 280494080 old_eden_size: 200278016 eden_limit: 200278016 cur_eden: 200278016 max_eden_size: 200278016 avg_young_live: 31923442
[5.450s][debug  ][gc,ergo        ] GC(16) PSAdaptiveSizePolicy::compute_eden_space_size: costs minor_time: 0.086699 major_cost: 0.000000 mutator_cost: 0.913301 throughput_goal: 0.990000
[5.451s][debug  ][gc,ergo        ] GC(16) Live_space: 300358912 free_space: 401604608
[5.451s][debug  ][gc,ergo        ] GC(16) Old eden_size: 200278016 desired_eden_size: 200278016
[5.451s][debug  ][gc,ergo        ] GC(16) AdaptiveSizeStop: collection: 17 
[5.451s][info   ][gc,heap        ] GC(16) PSYoungGen: 218871K(228864K)->30720K(228864K) Eden: 188151K(195584K)->0K(195584K) From: 30720K(33280K)->30720K(33280K)
[5.451s][info   ][gc,heap        ] GC(16) ParOldGen: 2705201K(3932160K)->2725681K(3932160K)
[5.451s][info   ][gc,metaspace   ] GC(16) Metaspace: 1021K(1216K)->1021K(1216K) NonClass: 938K(1024K)->938K(1024K) Class: 83K(192K)->83K(192K)
[5.451s][info   ][gc             ] GC(16) Pause Young (Allocation Failure) 2855M->2691M(4063M) 8.274ms
[5.451s][info   ][gc,cpu         ] GC(16) User=0.12s Sys=0.03s Real=0.01s
[5.451s][debug  ][gc,heap        ] GC(16) Heap after GC invocations=17 (full 0):
[5.451s][debug  ][gc,heap        ] GC(16)  PSYoungGen      total 228864K, used 30720K [0x00000007f0000000, 0x0000000800000000, 0x0000000800000000)
[5.451s][debug  ][gc,heap        ] GC(16)   eden space 195584K, 0% used [0x00000007f0000000,0x00000007f0000000,0x00000007fbf00000)
[5.451s][debug  ][gc,heap        ] GC(16)   from space 33280K, 92% used [0x00000007fbf00000,0x00000007fdd00030,0x00000007fdf80000)
[5.451s][debug  ][gc,heap        ] GC(16)   to   space 32768K, 0% used [0x00000007fe000000,0x00000007fe000000,0x0000000800000000)
[5.451s][debug  ][gc,heap        ] GC(16)  ParOldGen       total 3932160K, used 2725681K [0x0000000700000000, 0x00000007f0000000, 0x00000007f0000000)
[5.451s][debug  ][gc,heap        ] GC(16)   object space 3932160K, 69% used [0x0000000700000000,0x00000007a65cc440,0x00000007f0000000)
[5.451s][debug  ][gc,heap        ] GC(16)  Metaspace       used 1021K, committed 1216K, reserved 1056768K
[5.451s][debug  ][gc,heap        ] GC(16)   class space    used 83K, committed 192K, reserved 1048576K
[5.451s][debug  ][gc,task,time   ] GC(16) VM-Thread 54419170 54490122 54509032
[5.742s][debug  ][gc,heap        ] GC(17) Heap before GC invocations=18 (full 0):
[5.742s][debug  ][gc,heap        ] GC(17)  PSYoungGen      total 228864K, used 218871K [0x00000007f0000000, 0x0000000800000000, 0x0000000800000000)
[5.742s][debug  ][gc,heap        ] GC(17)   eden space 195584K, 96% used [0x00000007f0000000,0x00000007fb7bdfc8,0x00000007fbf00000)
[5.742s][debug  ][gc,heap        ] GC(17)   from space 33280K, 92% used [0x00000007fbf00000,0x00000007fdd00030,0x00000007fdf80000)
[5.742s][debug  ][gc,heap        ] GC(17)   to   space 32768K, 0% used [0x00000007fe000000,0x00000007fe000000,0x0000000800000000)
[5.742s][debug  ][gc,heap        ] GC(17)  ParOldGen       total 3932160K, used 2725681K [0x0000000700000000, 0x00000007f0000000, 0x00000007f0000000)
[5.742s][debug  ][gc,heap        ] GC(17)   object space 3932160K, 69% used [0x0000000700000000,0x00000007a65cc440,0x00000007f0000000)
[5.743s][debug  ][gc,heap        ] GC(17)  Metaspace       used 1021K, committed 1216K, reserved 1056768K
[5.743s][debug  ][gc,heap        ] GC(17)   class space    used 83K, committed 192K, reserved 1048576K
[5.743s][debug  ][gc,tlab        ] GC(17) TLAB totals: thrds: 1  refills: 1 max: 1 slow allocs: 17 max 17 waste: 27.2% gc: 3923624B max: 3923624B slow: 0B max: 0B
[5.743s][info   ][gc,start       ] GC(17) Pause Young (Allocation Failure)
[5.743s][debug  ][gc,phases,start] GC(17) Scavenge
[5.777s][debug  ][gc,phases      ] GC(17) Scavenge 34.709ms
[5.777s][debug  ][gc,phases,start] GC(17) Reference Processing
[5.778s][debug  ][gc,ref         ] GC(17) Skipped phase 1 of Reference Processing: no references
[5.778s][debug  ][gc,ref         ] GC(17) Skipped phase 2 of Reference Processing: no references
[5.778s][debug  ][gc,ref         ] GC(17) Skipped phase 3 of Reference Processing: no references
[5.778s][debug  ][gc,ref         ] GC(17) Skipped phase 4 of Reference Processing: no references
[5.778s][debug  ][gc,phases,ref  ] GC(17) Reference Processing: 0.2ms
[5.778s][debug  ][gc,phases,ref  ] GC(17)   Reconsider SoftReferences: 0.0ms
[5.778s][debug  ][gc,phases,ref  ] GC(17)     SoftRef (ms):                  skipped
[5.778s][debug  ][gc,phases,ref  ] GC(17)   Notify Soft/WeakReferences: 0.0ms
[5.778s][debug  ][gc,phases,ref  ] GC(17)     SoftRef (ms):                  skipped
[5.778s][debug  ][gc,phases,ref  ] GC(17)     WeakRef (ms):                  skipped
[5.778s][debug  ][gc,phases,ref  ] GC(17)     FinalRef (ms):                 skipped
[5.778s][debug  ][gc,phases,ref  ] GC(17)     Total (ms):                    skipped
[5.778s][debug  ][gc,phases,ref  ] GC(17)   Notify and keep alive finalizable: 0.1ms
[5.778s][debug  ][gc,phases,ref  ] GC(17)     FinalRef (ms):                 skipped
[5.778s][debug  ][gc,phases,ref  ] GC(17)   Notify PhantomReferences: 0.0ms
[5.778s][debug  ][gc,phases,ref  ] GC(17)     PhantomRef (ms):               skipped
[5.778s][debug  ][gc,phases,ref  ] GC(17)   SoftReference:
[5.778s][debug  ][gc,phases,ref  ] GC(17)     Discovered: 0
[5.778s][debug  ][gc,phases,ref  ] GC(17)     Cleared: 0
[5.778s][debug  ][gc,phases,ref  ] GC(17)   WeakReference:
[5.778s][debug  ][gc,phases,ref  ] GC(17)     Discovered: 0
[5.778s][debug  ][gc,phases,ref  ] GC(17)     Cleared: 0
[5.778s][debug  ][gc,phases,ref  ] GC(17)   FinalReference:
[5.778s][debug  ][gc,phases,ref  ] GC(17)     Discovered: 0
[5.778s][debug  ][gc,phases,ref  ] GC(17)     Cleared: 0
[5.778s][debug  ][gc,phases,ref  ] GC(17)   PhantomReference:
[5.778s][debug  ][gc,phases,ref  ] GC(17)     Discovered: 0
[5.778s][debug  ][gc,phases,ref  ] GC(17)     Cleared: 0
[5.778s][debug  ][gc,phases      ] GC(17) Reference Processing 0.777ms
[5.778s][debug  ][gc,phases,start] GC(17) Weak Processing
[5.778s][debug  ][gc,phases      ] GC(17)   VM Weak                        Min:  0.0, Avg:  0.0, Max:  0.0, Diff:  0.0, Sum:  0.0, Workers: 6
[5.778s][debug  ][gc,phases      ] GC(17)     Dead                           Min: 0, Avg:  0.0, Max: 0, Diff: 0, Sum: 0, Workers: 6
[5.778s][debug  ][gc,phases      ] GC(17)     Total                          Min: 0, Avg:  1.3, Max: 8, Diff: 8, Sum: 8, Workers: 6
[5.778s][debug  ][gc,phases      ] GC(17)   ObjectSynchronizer Weak        Min:  0.0, Avg:  0.0, Max:  0.0, Diff:  0.0, Sum:  0.0, Workers: 6
[5.778s][debug  ][gc,phases      ] GC(17)     Dead                           Min: 0, Avg:  0.0, Max: 0, Diff: 0, Sum: 0, Workers: 6
[5.778s][debug  ][gc,phases      ] GC(17)     Total                          Min: 0, Avg:  0.5, Max: 3, Diff: 3, Sum: 3, Workers: 6
[5.778s][debug  ][gc,phases      ] GC(17)   JVMTI Tag Weak OopStorage      Min:  0.0, Avg:  0.0, Max:  0.0, Diff:  0.0, Sum:  0.0, Workers: 6
[5.778s][debug  ][gc,phases      ] GC(17)     Dead                           Min: 0, Avg:  0.0, Max: 0, Diff: 0, Sum: 0, Workers: 6
[5.779s][debug  ][gc,phases      ] GC(17)     Total                          Min: 0, Avg:  0.0, Max: 0, Diff: 0, Sum: 0, Workers: 6
[5.779s][debug  ][gc,phases      ] GC(17)   StringTable Weak               Min:  0.0, Avg:  0.0, Max:  0.0, Diff:  0.0, Sum:  0.0, Workers: 6
[5.779s][debug  ][gc,phases      ] GC(17)     Dead                           Min: 0, Avg:  0.0, Max: 0, Diff: 0, Sum: 0, Workers: 6
[5.779s][debug  ][gc,phases      ] GC(17)     Total                          Min: 620, Avg: 892.5, Max: 1088, Diff: 468, Sum: 5355, Workers: 6
[5.779s][debug  ][gc,phases      ] GC(17)   ResolvedMethodTable Weak       Min:  0.0, Avg:  0.0, Max:  0.0, Diff:  0.0, Sum:  0.0, Workers: 6
[5.779s][debug  ][gc,phases      ] GC(17)     Dead                           Min: 0, Avg:  0.0, Max: 0, Diff: 0, Sum: 0, Workers: 6
[5.779s][debug  ][gc,phases      ] GC(17)     Total                          Min: 0, Avg: 21.7, Max: 64, Diff: 64, Sum: 130, Workers: 6
[5.779s][debug  ][gc,phases      ] GC(17)   JNI Weak                       Min:  0.0, Avg:  0.0, Max:  0.0, Diff:  0.0, Sum:  0.0, Workers: 6
[5.779s][debug  ][gc,phases      ] GC(17)     Dead                           Min: 0, Avg:  0.0, Max: 0, Diff: 0, Sum: 0, Workers: 6
[5.779s][debug  ][gc,phases      ] GC(17)     Total                          Min: 0, Avg:  0.0, Max: 0, Diff: 0, Sum: 0, Workers: 6
[5.779s][debug  ][gc,phases      ] GC(17)   StringDedup Table Weak         Min:  0.0, Avg:  0.0, Max:  0.0, Diff:  0.0, Sum:  0.0, Workers: 6
[5.779s][debug  ][gc,phases      ] GC(17)     Dead                           Min: 0, Avg:  0.0, Max: 0, Diff: 0, Sum: 0, Workers: 6
[5.779s][debug  ][gc,phases      ] GC(17)     Total                          Min: 0, Avg:  0.0, Max: 0, Diff: 0, Sum: 0, Workers: 6
[5.779s][debug  ][gc,phases      ] GC(17)   StringDedup Requests0 Weak     Min:  0.0, Avg:  0.0, Max:  0.0, Diff:  0.0, Sum:  0.0, Workers: 6
[5.779s][debug  ][gc,phases      ] GC(17)     Dead                           Min: 0, Avg:  0.0, Max: 0, Diff: 0, Sum: 0, Workers: 6
[5.779s][debug  ][gc,phases      ] GC(17)     Total                          Min: 0, Avg:  0.0, Max: 0, Diff: 0, Sum: 0, Workers: 6
[5.779s][debug  ][gc,phases      ] GC(17)   StringDedup Requests1 Weak     Min:  0.0, Avg:  0.0, Max:  0.0, Diff:  0.0, Sum:  0.0, Workers: 6
[5.779s][debug  ][gc,phases      ] GC(17)     Dead                           Min: 0, Avg:  0.0, Max: 0, Diff: 0, Sum: 0, Workers: 6
[5.779s][debug  ][gc,phases      ] GC(17)     Total                          Min: 0, Avg:  0.0, Max: 0, Diff: 0, Sum: 0, Workers: 6
[5.779s][debug  ][gc,phases      ] GC(17)   Weak JFR Old Object Samples    Min:  0.0, Avg:  0.0, Max:  0.0, Diff:  0.0, Sum:  0.0, Workers: 6
[5.779s][debug  ][gc,phases      ] GC(17)     Dead                           Min: 0, Avg:  0.0, Max: 0, Diff: 0, Sum: 0, Workers: 6
[5.779s][debug  ][gc,phases      ] GC(17)     Total                          Min: 0, Avg:  0.0, Max: 0, Diff: 0, Sum: 0, Workers: 6
[5.779s][debug  ][gc,phases      ] GC(17) Weak Processing 0.683ms
[5.779s][debug  ][gc,ergo        ] GC(17) AdaptiveSizeStart:  collection: 18 
[5.779s][debug  ][gc,ergo        ] GC(17) avg_survived_padded_avg: 33439422.000000
[5.779s][debug  ][gc,ergo        ] GC(17) avg_promoted_padded_avg: 263261856.000000  avg_pretenured_padded_avg: 0.000000  tenuring_thresh: 1  target_size: 33554432
[5.779s][debug  ][gc,age         ] GC(17) Desired survivor size 33554432 bytes, new threshold 1 (max threshold 15)
[5.779s][debug  ][gc,ergo        ] GC(17) PSAdaptiveSizePolicy::compute_eden_space_size limits: desired_eden_size: 280494080 old_eden_size: 200278016 eden_limit: 200802304 cur_eden: 200278016 max_eden_size: 200802304 avg_young_live: 31876830
[5.779s][debug  ][gc,ergo        ] GC(17) PSAdaptiveSizePolicy::compute_eden_space_size: costs minor_time: 0.092644 major_cost: 0.000000 mutator_cost: 0.907356 throughput_goal: 0.990000
[5.779s][debug  ][gc,ergo        ] GC(17) Live_space: 300312288 free_space: 401604608
[5.779s][debug  ][gc,ergo        ] GC(17) Old eden_size: 200278016 desired_eden_size: 200802304
[5.779s][debug  ][gc,ergo        ] GC(17) AdaptiveSizeStop: collection: 18 
[5.779s][info   ][gc,heap        ] GC(17) PSYoungGen: 218871K(228864K)->30720K(229376K) Eden: 188151K(195584K)->0K(196608K) From: 30720K(33280K)->30720K(32768K)
[5.779s][info   ][gc,heap        ] GC(17) ParOldGen: 2725681K(3932160K)->2910001K(3932160K)
[5.779s][info   ][gc,metaspace   ] GC(17) Metaspace: 1021K(1216K)->1021K(1216K) NonClass: 938K(1024K)->938K(1024K) Class: 83K(192K)->83K(192K)
[5.779s][info   ][gc             ] GC(17) Pause Young (Allocation Failure) 2875M->2871M(4064M) 36.618ms
[5.779s][info   ][gc,cpu         ] GC(17) User=0.05s Sys=0.19s Real=0.04s
[5.779s][debug  ][gc,heap        ] GC(17) Heap after GC invocations=18 (full 0):
[5.779s][debug  ][gc,heap        ] GC(17)  PSYoungGen      total 229376K, used 30720K [0x00000007f0000000, 0x0000000800000000, 0x0000000800000000)
[5.779s][debug  ][gc,heap        ] GC(17)   eden space 196608K, 0% used [0x00000007f0000000,0x00000007f0000000,0x00000007fc000000)
[5.779s][debug  ][gc,heap        ] GC(17)   from space 32768K, 93% used [0x00000007fe000000,0x00000007ffe00030,0x0000000800000000)
[5.779s][debug  ][gc,heap        ] GC(17)   to   space 32768K, 0% used [0x00000007fc000000,0x00000007fc000000,0x00000007fe000000)
[5.779s][debug  ][gc,heap        ] GC(17)  ParOldGen       total 3932160K, used 2910001K [0x0000000700000000, 0x00000007f0000000, 0x00000007f0000000)
[5.779s][debug  ][gc,heap        ] GC(17)   object space 3932160K, 74% used [0x0000000700000000,0x00000007b19cc560,0x00000007f0000000)
[5.779s][debug  ][gc,heap        ] GC(17)  Metaspace       used 1021K, committed 1216K, reserved 1056768K
[5.780s][debug  ][gc,heap        ] GC(17)   class space    used 83K, committed 192K, reserved 1048576K
[5.780s][debug  ][gc,task,time   ] GC(17) VM-Thread 57422194 57774745 57795400
[6.062s][debug  ][gc,heap        ] GC(18) Heap before GC invocations=19 (full 0):
[6.062s][debug  ][gc,heap        ] GC(18)  PSYoungGen      total 229376K, used 218892K [0x00000007f0000000, 0x0000000800000000, 0x0000000800000000)
[6.062s][debug  ][gc,heap        ] GC(18)   eden space 196608K, 95% used [0x00000007f0000000,0x00000007fb7c3090,0x00000007fc000000)
[6.063s][debug  ][gc,heap        ] GC(18)   from space 32768K, 93% used [0x00000007fe000000,0x00000007ffe00030,0x0000000800000000)
[6.063s][debug  ][gc,heap        ] GC(18)   to   space 32768K, 0% used [0x00000007fc000000,0x00000007fc000000,0x00000007fe000000)
[6.063s][debug  ][gc,heap        ] GC(18)  ParOldGen       total 3932160K, used 2910001K [0x0000000700000000, 0x00000007f0000000, 0x00000007f0000000)
[6.063s][debug  ][gc,heap        ] GC(18)   object space 3932160K, 74% used [0x0000000700000000,0x00000007b19cc560,0x00000007f0000000)
[6.063s][debug  ][gc,heap        ] GC(18)  Metaspace       used 1021K, committed 1216K, reserved 1056768K
[6.063s][debug  ][gc,heap        ] GC(18)   class space    used 83K, committed 192K, reserved 1048576K
[6.063s][debug  ][gc,tlab        ] GC(18) TLAB totals: thrds: 1  refills: 1 max: 1 slow allocs: 17 max 17 waste: 27.3% gc: 3944304B max: 3944304B slow: 0B max: 0B
[6.063s][info   ][gc,start       ] GC(18) Pause Young (Allocation Failure)
[6.063s][debug  ][gc,phases,start] GC(18) Scavenge
[6.098s][debug  ][gc,phases      ] GC(18) Scavenge 34.852ms
[6.098s][debug  ][gc,phases,start] GC(18) Reference Processing
[6.098s][debug  ][gc,ref         ] GC(18) Skipped phase 1 of Reference Processing: no references
[6.098s][debug  ][gc,ref         ] GC(18) Skipped phase 2 of Reference Processing: no references
[6.098s][debug  ][gc,ref         ] GC(18) Skipped phase 3 of Reference Processing: no references
[6.098s][debug  ][gc,ref         ] GC(18) Skipped phase 4 of Reference Processing: no references
[6.098s][debug  ][gc,phases,ref  ] GC(18) Reference Processing: 0.1ms
[6.098s][debug  ][gc,phases,ref  ] GC(18)   Reconsider SoftReferences: 0.0ms
[6.098s][debug  ][gc,phases,ref  ] GC(18)     SoftRef (ms):                  skipped
[6.098s][debug  ][gc,phases,ref  ] GC(18)   Notify Soft/WeakReferences: 0.0ms
[6.098s][debug  ][gc,phases,ref  ] GC(18)     SoftRef (ms):                  skipped
[6.098s][debug  ][gc,phases,ref  ] GC(18)     WeakRef (ms):                  skipped
[6.098s][debug  ][gc,phases,ref  ] GC(18)     FinalRef (ms):                 skipped
[6.098s][debug  ][gc,phases,ref  ] GC(18)     Total (ms):                    skipped
[6.098s][debug  ][gc,phases,ref  ] GC(18)   Notify and keep alive finalizable: 0.0ms
[6.098s][debug  ][gc,phases,ref  ] GC(18)     FinalRef (ms):                 skipped
[6.098s][debug  ][gc,phases,ref  ] GC(18)   Notify PhantomReferences: 0.0ms
[6.098s][debug  ][gc,phases,ref  ] GC(18)     PhantomRef (ms):               skipped
[6.098s][debug  ][gc,phases,ref  ] GC(18)   SoftReference:
[6.098s][debug  ][gc,phases,ref  ] GC(18)     Discovered: 0
[6.098s][debug  ][gc,phases,ref  ] GC(18)     Cleared: 0
[6.098s][debug  ][gc,phases,ref  ] GC(18)   WeakReference:
[6.098s][debug  ][gc,phases,ref  ] GC(18)     Discovered: 0
[6.098s][debug  ][gc,phases,ref  ] GC(18)     Cleared: 0
[6.098s][debug  ][gc,phases,ref  ] GC(18)   FinalReference:
[6.098s][debug  ][gc,phases,ref  ] GC(18)     Discovered: 0
[6.098s][debug  ][gc,phases,ref  ] GC(18)     Cleared: 0
[6.098s][debug  ][gc,phases,ref  ] GC(18)   PhantomReference:
[6.098s][debug  ][gc,phases,ref  ] GC(18)     Discovered: 0
[6.098s][debug  ][gc,phases,ref  ] GC(18)     Cleared: 0
[6.098s][debug  ][gc,phases      ] GC(18) Reference Processing 0.578ms
[6.098s][debug  ][gc,phases,start] GC(18) Weak Processing
[6.098s][debug  ][gc,phases      ] GC(18)   VM Weak                        Min:  0.0, Avg:  0.0, Max:  0.0, Diff:  0.0, Sum:  0.0, Workers: 6
[6.098s][debug  ][gc,phases      ] GC(18)     Dead                           Min: 0, Avg:  0.0, Max: 0, Diff: 0, Sum: 0, Workers: 6
[6.098s][debug  ][gc,phases      ] GC(18)     Total                          Min: 0, Avg:  1.3, Max: 8, Diff: 8, Sum: 8, Workers: 6
[6.098s][debug  ][gc,phases      ] GC(18)   ObjectSynchronizer Weak        Min:  0.0, Avg:  0.0, Max:  0.0, Diff:  0.0, Sum:  0.0, Workers: 6
[6.098s][debug  ][gc,phases      ] GC(18)     Dead                           Min: 0, Avg:  0.0, Max: 0, Diff: 0, Sum: 0, Workers: 6
[6.098s][debug  ][gc,phases      ] GC(18)     Total                          Min: 0, Avg:  0.5, Max: 3, Diff: 3, Sum: 3, Workers: 6
[6.098s][debug  ][gc,phases      ] GC(18)   JVMTI Tag Weak OopStorage      Min:  0.0, Avg:  0.0, Max:  0.0, Diff:  0.0, Sum:  0.0, Workers: 6
[6.099s][debug  ][gc,phases      ] GC(18)     Dead                           Min: 0, Avg:  0.0, Max: 0, Diff: 0, Sum: 0, Workers: 6
[6.099s][debug  ][gc,phases      ] GC(18)     Total                          Min: 0, Avg:  0.0, Max: 0, Diff: 0, Sum: 0, Workers: 6
[6.099s][debug  ][gc,phases      ] GC(18)   StringTable Weak               Min:  0.0, Avg:  0.0, Max:  0.0, Diff:  0.0, Sum:  0.0, Workers: 6
[6.099s][debug  ][gc,phases      ] GC(18)     Dead                           Min: 0, Avg:  0.0, Max: 0, Diff: 0, Sum: 0, Workers: 6
[6.099s][debug  ][gc,phases      ] GC(18)     Total                          Min: 767, Avg: 892.5, Max: 1196, Diff: 429, Sum: 5355, Workers: 6
[6.099s][debug  ][gc,phases      ] GC(18)   ResolvedMethodTable Weak       Min:  0.0, Avg:  0.0, Max:  0.0, Diff:  0.0, Sum:  0.0, Workers: 6
[6.099s][debug  ][gc,phases      ] GC(18)     Dead                           Min: 0, Avg:  0.0, Max: 0, Diff: 0, Sum: 0, Workers: 6
[6.099s][debug  ][gc,phases      ] GC(18)     Total                          Min: 0, Avg: 21.7, Max: 64, Diff: 64, Sum: 130, Workers: 6
[6.099s][debug  ][gc,phases      ] GC(18)   JNI Weak                       Min:  0.0, Avg:  0.0, Max:  0.0, Diff:  0.0, Sum:  0.0, Workers: 6
[6.099s][debug  ][gc,phases      ] GC(18)     Dead                           Min: 0, Avg:  0.0, Max: 0, Diff: 0, Sum: 0, Workers: 6
[6.099s][debug  ][gc,phases      ] GC(18)     Total                          Min: 0, Avg:  0.0, Max: 0, Diff: 0, Sum: 0, Workers: 6
[6.099s][debug  ][gc,phases      ] GC(18)   StringDedup Table Weak         Min:  0.0, Avg:  0.0, Max:  0.0, Diff:  0.0, Sum:  0.0, Workers: 6
[6.099s][debug  ][gc,phases      ] GC(18)     Dead                           Min: 0, Avg:  0.0, Max: 0, Diff: 0, Sum: 0, Workers: 6
[6.099s][debug  ][gc,phases      ] GC(18)     Total                          Min: 0, Avg:  0.0, Max: 0, Diff: 0, Sum: 0, Workers: 6
[6.099s][debug  ][gc,phases      ] GC(18)   StringDedup Requests0 Weak     Min:  0.0, Avg:  0.0, Max:  0.0, Diff:  0.0, Sum:  0.0, Workers: 6
[6.099s][debug  ][gc,phases      ] GC(18)     Dead                           Min: 0, Avg:  0.0, Max: 0, Diff: 0, Sum: 0, Workers: 6
[6.099s][debug  ][gc,phases      ] GC(18)     Total                          Min: 0, Avg:  0.0, Max: 0, Diff: 0, Sum: 0, Workers: 6
[6.099s][debug  ][gc,phases      ] GC(18)   StringDedup Requests1 Weak     Min:  0.0, Avg:  0.0, Max:  0.0, Diff:  0.0, Sum:  0.0, Workers: 6
[6.099s][debug  ][gc,phases      ] GC(18)     Dead                           Min: 0, Avg:  0.0, Max: 0, Diff: 0, Sum: 0, Workers: 6
[6.099s][debug  ][gc,phases      ] GC(18)     Total                          Min: 0, Avg:  0.0, Max: 0, Diff: 0, Sum: 0, Workers: 6
[6.099s][debug  ][gc,phases      ] GC(18)   Weak JFR Old Object Samples    Min:  0.0, Avg:  0.0, Max:  0.0, Diff:  0.0, Sum:  0.0, Workers: 6
[6.099s][debug  ][gc,phases      ] GC(18)     Dead                           Min: 0, Avg:  0.0, Max: 0, Diff: 0, Sum: 0, Workers: 6
[6.099s][debug  ][gc,phases      ] GC(18)     Total                          Min: 0, Avg:  0.0, Max: 0, Diff: 0, Sum: 0, Workers: 6
[6.099s][debug  ][gc,phases      ] GC(18) Weak Processing 0.663ms
[6.099s][debug  ][gc,ergo        ] GC(18) AdaptiveSizeStart:  collection: 19 
[6.099s][debug  ][gc,ergo        ] GC(18) avg_survived_padded_avg: 33354476.000000
[6.099s][debug  ][gc,ergo        ] GC(18) avg_promoted_padded_avg: 262922096.000000  avg_pretenured_padded_avg: 0.000000  tenuring_thresh: 1  target_size: 33554432
[6.099s][debug  ][gc,age         ] GC(18) Desired survivor size 33554432 bytes, new threshold 1 (max threshold 15)
[6.099s][debug  ][gc,ergo        ] GC(18) PSAdaptiveSizePolicy::compute_eden_space_size limits: desired_eden_size: 282066944 old_eden_size: 200802304 eden_limit: 201326592 cur_eden: 201326592 max_eden_size: 201326592 avg_young_live: 31834878
[6.099s][debug  ][gc,ergo        ] GC(18) PSAdaptiveSizePolicy::compute_eden_space_size: costs minor_time: 0.097771 major_cost: 0.000000 mutator_cost: 0.902229 throughput_goal: 0.990000
[6.099s][debug  ][gc,ergo        ] GC(18) Live_space: 300270336 free_space: 402128896
[6.099s][debug  ][gc,ergo        ] GC(18) Old eden_size: 200802304 desired_eden_size: 201326592
[6.099s][debug  ][gc,ergo        ] GC(18) AdaptiveSizeStop: collection: 19 
[6.099s][info   ][gc,heap        ] GC(18) PSYoungGen: 218892K(229376K)->30720K(229376K) Eden: 188172K(196608K)->0K(196608K) From: 30720K(32768K)->30720K(32768K)
[6.099s][info   ][gc,heap        ] GC(18) ParOldGen: 2910001K(3932160K)->3094321K(3932160K)
[6.099s][info   ][gc,metaspace   ] GC(18) Metaspace: 1021K(1216K)->1021K(1216K) NonClass: 938K(1024K)->938K(1024K) Class: 83K(192K)->83K(192K)
[6.099s][info   ][gc             ] GC(18) Pause Young (Allocation Failure) 3055M->3051M(4064M) 36.533ms
[6.099s][info   ][gc,cpu         ] GC(18) User=0.03s Sys=0.28s Real=0.04s
[6.099s][debug  ][gc,heap        ] GC(18) Heap after GC invocations=19 (full 0):
[6.099s][debug  ][gc,heap        ] GC(18)  PSYoungGen      total 229376K, used 30720K [0x00000007f0000000, 0x0000000800000000, 0x0000000800000000)
[6.099s][debug  ][gc,heap        ] GC(18)   eden space 196608K, 0% used [0x00000007f0000000,0x00000007f0000000,0x00000007fc000000)
[6.099s][debug  ][gc,heap        ] GC(18)   from space 32768K, 93% used [0x00000007fc000000,0x00000007fde00030,0x00000007fe000000)
[6.099s][debug  ][gc,heap        ] GC(18)   to   space 32768K, 0% used [0x00000007fe000000,0x00000007fe000000,0x0000000800000000)
[6.099s][debug  ][gc,heap        ] GC(18)  ParOldGen       total 3932160K, used 3094321K [0x0000000700000000, 0x00000007f0000000, 0x00000007f0000000)
[6.099s][debug  ][gc,heap        ] GC(18)   object space 3932160K, 78% used [0x0000000700000000,0x00000007bcdcc680,0x00000007f0000000)
[6.099s][debug  ][gc,heap        ] GC(18)  Metaspace       used 1021K, committed 1216K, reserved 1056768K
[6.099s][debug  ][gc,heap        ] GC(18)   class space    used 83K, committed 192K, reserved 1048576K
[6.100s][debug  ][gc,task,time   ] GC(18) VM-Thread 60623133 60977182 60995068
[6.382s][debug  ][gc,heap        ] GC(19) Heap before GC invocations=20 (full 0):
[6.382s][debug  ][gc,heap        ] GC(19)  PSYoungGen      total 229376K, used 218892K [0x00000007f0000000, 0x0000000800000000, 0x0000000800000000)
[6.383s][debug  ][gc,heap        ] GC(19)   eden space 196608K, 95% used [0x00000007f0000000,0x00000007fb7c3048,0x00000007fc000000)
[6.383s][debug  ][gc,heap        ] GC(19)   from space 32768K, 93% used [0x00000007fc000000,0x00000007fde00030,0x00000007fe000000)
[6.383s][debug  ][gc,heap        ] GC(19)   to   space 32768K, 0% used [0x00000007fe000000,0x00000007fe000000,0x0000000800000000)
[6.383s][debug  ][gc,heap        ] GC(19)  ParOldGen       total 3932160K, used 3094321K [0x0000000700000000, 0x00000007f0000000, 0x00000007f0000000)
[6.383s][debug  ][gc,heap        ] GC(19)   object space 3932160K, 78% used [0x0000000700000000,0x00000007bcdcc680,0x00000007f0000000)
[6.383s][debug  ][gc,heap        ] GC(19)  Metaspace       used 1021K, committed 1216K, reserved 1056768K
[6.383s][debug  ][gc,heap        ] GC(19)   class space    used 83K, committed 192K, reserved 1048576K
[6.383s][debug  ][gc,tlab        ] GC(19) TLAB totals: thrds: 1  refills: 1 max: 1 slow allocs: 17 max 17 waste: 27.3% gc: 3944232B max: 3944232B slow: 0B max: 0B
[6.383s][info   ][gc,start       ] GC(19) Pause Young (Allocation Failure)
[6.383s][debug  ][gc,phases,start] GC(19) Scavenge
[6.418s][debug  ][gc,phases      ] GC(19) Scavenge 35.466ms
[6.418s][debug  ][gc,phases,start] GC(19) Reference Processing
[6.418s][debug  ][gc,ref         ] GC(19) Skipped phase 1 of Reference Processing: no references
[6.418s][debug  ][gc,ref         ] GC(19) Skipped phase 2 of Reference Processing: no references
[6.418s][debug  ][gc,ref         ] GC(19) Skipped phase 3 of Reference Processing: no references
[6.418s][debug  ][gc,ref         ] GC(19) Skipped phase 4 of Reference Processing: no references
[6.418s][debug  ][gc,phases,ref  ] GC(19) Reference Processing: 0.1ms
[6.419s][debug  ][gc,phases,ref  ] GC(19)   Reconsider SoftReferences: 0.0ms
[6.419s][debug  ][gc,phases,ref  ] GC(19)     SoftRef (ms):                  skipped
[6.419s][debug  ][gc,phases,ref  ] GC(19)   Notify Soft/WeakReferences: 0.0ms
[6.419s][debug  ][gc,phases,ref  ] GC(19)     SoftRef (ms):                  skipped
[6.419s][debug  ][gc,phases,ref  ] GC(19)     WeakRef (ms):                  skipped
[6.419s][debug  ][gc,phases,ref  ] GC(19)     FinalRef (ms):                 skipped
[6.419s][debug  ][gc,phases,ref  ] GC(19)     Total (ms):                    skipped
[6.419s][debug  ][gc,phases,ref  ] GC(19)   Notify and keep alive finalizable: 0.0ms
[6.419s][debug  ][gc,phases,ref  ] GC(19)     FinalRef (ms):                 skipped
[6.419s][debug  ][gc,phases,ref  ] GC(19)   Notify PhantomReferences: 0.0ms
[6.419s][debug  ][gc,phases,ref  ] GC(19)     PhantomRef (ms):               skipped
[6.419s][debug  ][gc,phases,ref  ] GC(19)   SoftReference:
[6.419s][debug  ][gc,phases,ref  ] GC(19)     Discovered: 0
[6.419s][debug  ][gc,phases,ref  ] GC(19)     Cleared: 0
[6.419s][debug  ][gc,phases,ref  ] GC(19)   WeakReference:
[6.419s][debug  ][gc,phases,ref  ] GC(19)     Discovered: 0
[6.419s][debug  ][gc,phases,ref  ] GC(19)     Cleared: 0
[6.419s][debug  ][gc,phases,ref  ] GC(19)   FinalReference:
[6.419s][debug  ][gc,phases,ref  ] GC(19)     Discovered: 0
[6.419s][debug  ][gc,phases,ref  ] GC(19)     Cleared: 0
[6.419s][debug  ][gc,phases,ref  ] GC(19)   PhantomReference:
[6.419s][debug  ][gc,phases,ref  ] GC(19)     Discovered: 0
[6.419s][debug  ][gc,phases,ref  ] GC(19)     Cleared: 0
[6.419s][debug  ][gc,phases      ] GC(19) Reference Processing 0.580ms
[6.419s][debug  ][gc,phases,start] GC(19) Weak Processing
[6.419s][debug  ][gc,phases      ] GC(19)   VM Weak                        Min:  0.0, Avg:  0.0, Max:  0.0, Diff:  0.0, Sum:  0.0, Workers: 6
[6.419s][debug  ][gc,phases      ] GC(19)     Dead                           Min: 0, Avg:  0.0, Max: 0, Diff: 0, Sum: 0, Workers: 6
[6.419s][debug  ][gc,phases      ] GC(19)     Total                          Min: 0, Avg:  1.3, Max: 8, Diff: 8, Sum: 8, Workers: 6
[6.419s][debug  ][gc,phases      ] GC(19)   ObjectSynchronizer Weak        Min:  0.0, Avg:  0.0, Max:  0.0, Diff:  0.0, Sum:  0.0, Workers: 6
[6.419s][debug  ][gc,phases      ] GC(19)     Dead                           Min: 0, Avg:  0.0, Max: 0, Diff: 0, Sum: 0, Workers: 6
[6.419s][debug  ][gc,phases      ] GC(19)     Total                          Min: 0, Avg:  0.5, Max: 3, Diff: 3, Sum: 3, Workers: 6
[6.419s][debug  ][gc,phases      ] GC(19)   JVMTI Tag Weak OopStorage      Min:  0.0, Avg:  0.0, Max:  0.0, Diff:  0.0, Sum:  0.0, Workers: 6
[6.419s][debug  ][gc,phases      ] GC(19)     Dead                           Min: 0, Avg:  0.0, Max: 0, Diff: 0, Sum: 0, Workers: 6
[6.419s][debug  ][gc,phases      ] GC(19)     Total                          Min: 0, Avg:  0.0, Max: 0, Diff: 0, Sum: 0, Workers: 6
[6.419s][debug  ][gc,phases      ] GC(19)   StringTable Weak               Min:  0.0, Avg:  0.0, Max:  0.0, Diff:  0.0, Sum:  0.0, Workers: 6
[6.419s][debug  ][gc,phases      ] GC(19)     Dead                           Min: 0, Avg:  0.0, Max: 0, Diff: 0, Sum: 0, Workers: 6
[6.419s][debug  ][gc,phases      ] GC(19)     Total                          Min: 831, Avg: 892.5, Max: 960, Diff: 129, Sum: 5355, Workers: 6
[6.419s][debug  ][gc,phases      ] GC(19)   ResolvedMethodTable Weak       Min:  0.0, Avg:  0.0, Max:  0.0, Diff:  0.0, Sum:  0.0, Workers: 6
[6.419s][debug  ][gc,phases      ] GC(19)     Dead                           Min: 0, Avg:  0.0, Max: 0, Diff: 0, Sum: 0, Workers: 6
[6.419s][debug  ][gc,phases      ] GC(19)     Total                          Min: 0, Avg: 21.7, Max: 64, Diff: 64, Sum: 130, Workers: 6
[6.419s][debug  ][gc,phases      ] GC(19)   JNI Weak                       Min:  0.0, Avg:  0.0, Max:  0.0, Diff:  0.0, Sum:  0.0, Workers: 6
[6.419s][debug  ][gc,phases      ] GC(19)     Dead                           Min: 0, Avg:  0.0, Max: 0, Diff: 0, Sum: 0, Workers: 6
[6.419s][debug  ][gc,phases      ] GC(19)     Total                          Min: 0, Avg:  0.0, Max: 0, Diff: 0, Sum: 0, Workers: 6
[6.419s][debug  ][gc,phases      ] GC(19)   StringDedup Table Weak         Min:  0.0, Avg:  0.0, Max:  0.0, Diff:  0.0, Sum:  0.0, Workers: 6
[6.419s][debug  ][gc,phases      ] GC(19)     Dead                           Min: 0, Avg:  0.0, Max: 0, Diff: 0, Sum: 0, Workers: 6
[6.419s][debug  ][gc,phases      ] GC(19)     Total                          Min: 0, Avg:  0.0, Max: 0, Diff: 0, Sum: 0, Workers: 6
[6.419s][debug  ][gc,phases      ] GC(19)   StringDedup Requests0 Weak     Min:  0.0, Avg:  0.0, Max:  0.0, Diff:  0.0, Sum:  0.0, Workers: 6
[6.419s][debug  ][gc,phases      ] GC(19)     Dead                           Min: 0, Avg:  0.0, Max: 0, Diff: 0, Sum: 0, Workers: 6
[6.420s][debug  ][gc,phases      ] GC(19)     Total                          Min: 0, Avg:  0.0, Max: 0, Diff: 0, Sum: 0, Workers: 6
[6.420s][debug  ][gc,phases      ] GC(19)   StringDedup Requests1 Weak     Min:  0.0, Avg:  0.0, Max:  0.0, Diff:  0.0, Sum:  0.0, Workers: 6
[6.420s][debug  ][gc,phases      ] GC(19)     Dead                           Min: 0, Avg:  0.0, Max: 0, Diff: 0, Sum: 0, Workers: 6
[6.420s][debug  ][gc,phases      ] GC(19)     Total                          Min: 0, Avg:  0.0, Max: 0, Diff: 0, Sum: 0, Workers: 6
[6.420s][debug  ][gc,phases      ] GC(19)   Weak JFR Old Object Samples    Min:  0.0, Avg:  0.0, Max:  0.0, Diff:  0.0, Sum:  0.0, Workers: 6
[6.420s][debug  ][gc,phases      ] GC(19)     Dead                           Min: 0, Avg:  0.0, Max: 0, Diff: 0, Sum: 0, Workers: 6
[6.420s][debug  ][gc,phases      ] GC(19)     Total                          Min: 0, Avg:  0.0, Max: 0, Diff: 0, Sum: 0, Workers: 6
[6.420s][debug  ][gc,phases      ] GC(19) Weak Processing 0.688ms
[6.420s][debug  ][gc,ergo        ] GC(19) AdaptiveSizeStart:  collection: 20 
[6.420s][debug  ][gc,ergo        ] GC(19) avg_survived_padded_avg: 33266698.000000
[6.420s][debug  ][gc,ergo        ] GC(19) avg_promoted_padded_avg: 261905104.000000  avg_pretenured_padded_avg: 0.000000  tenuring_thresh: 1  target_size: 33554432
[6.420s][debug  ][gc,age         ] GC(19) Desired survivor size 33554432 bytes, new threshold 1 (max threshold 15)
[6.420s][debug  ][gc,ergo        ] GC(19) PSAdaptiveSizePolicy::compute_eden_space_size limits: desired_eden_size: 282066944 old_eden_size: 201326592 eden_limit: 201326592 cur_eden: 201326592 max_eden_size: 201326592 avg_young_live: 31797122
[6.420s][debug  ][gc,ergo        ] GC(19) PSAdaptiveSizePolicy::compute_eden_space_size: costs minor_time: 0.102049 major_cost: 0.000000 mutator_cost: 0.897951 throughput_goal: 0.990000
[6.420s][debug  ][gc,ergo        ] GC(19) Live_space: 300232576 free_space: 402653184
[6.420s][debug  ][gc,ergo        ] GC(19) Old eden_size: 201326592 desired_eden_size: 201326592
[6.420s][debug  ][gc,ergo        ] GC(19) AdaptiveSizeStop: collection: 20 
[6.420s][info   ][gc,heap        ] GC(19) PSYoungGen: 218892K(229376K)->30720K(229376K) Eden: 188172K(196608K)->0K(196608K) From: 30720K(32768K)->30720K(32768K)
[6.420s][info   ][gc,heap        ] GC(19) ParOldGen: 3094321K(3932160K)->3278641K(3932160K)
[6.420s][info   ][gc,metaspace   ] GC(19) Metaspace: 1021K(1216K)->1021K(1216K) NonClass: 938K(1024K)->938K(1024K) Class: 83K(192K)->83K(192K)
[6.420s][info   ][gc             ] GC(19) Pause Young (Allocation Failure) 3235M->3231M(4064M) 37.156ms
[6.420s][info   ][gc,cpu         ] GC(19) User=0.02s Sys=0.28s Real=0.04s
[6.420s][debug  ][gc,heap        ] GC(19) Heap after GC invocations=20 (full 0):
[6.420s][debug  ][gc,heap        ] GC(19)  PSYoungGen      total 229376K, used 30720K [0x00000007f0000000, 0x0000000800000000, 0x0000000800000000)
[6.420s][debug  ][gc,heap        ] GC(19)   eden space 196608K, 0% used [0x00000007f0000000,0x00000007f0000000,0x00000007fc000000)
[6.420s][debug  ][gc,heap        ] GC(19)   from space 32768K, 93% used [0x00000007fe000000,0x00000007ffe00030,0x0000000800000000)
[6.420s][debug  ][gc,heap        ] GC(19)   to   space 32768K, 0% used [0x00000007fc000000,0x00000007fc000000,0x00000007fe000000)
[6.420s][debug  ][gc,heap        ] GC(19)  ParOldGen       total 3932160K, used 3278641K [0x0000000700000000, 0x00000007f0000000, 0x00000007f0000000)
[6.420s][debug  ][gc,heap        ] GC(19)   object space 3932160K, 83% used [0x0000000700000000,0x00000007c81cc7a0,0x00000007f0000000)
[6.420s][debug  ][gc,heap        ] GC(19)  Metaspace       used 1021K, committed 1216K, reserved 1056768K
[6.420s][debug  ][gc,heap        ] GC(19)   class space    used 83K, committed 192K, reserved 1048576K
[6.420s][debug  ][gc,task,time   ] GC(19) VM-Thread 63823928 64183678 64201850
[6.717s][debug  ][gc,heap        ] GC(20) Heap before GC invocations=21 (full 0):
[6.717s][debug  ][gc,heap        ] GC(20)  PSYoungGen      total 229376K, used 218892K [0x00000007f0000000, 0x0000000800000000, 0x0000000800000000)
[6.717s][debug  ][gc,heap        ] GC(20)   eden space 196608K, 95% used [0x00000007f0000000,0x00000007fb7c3020,0x00000007fc000000)
[6.717s][debug  ][gc,heap        ] GC(20)   from space 32768K, 93% used [0x00000007fe000000,0x00000007ffe00030,0x0000000800000000)
[6.717s][debug  ][gc,heap        ] GC(20)   to   space 32768K, 0% used [0x00000007fc000000,0x00000007fc000000,0x00000007fe000000)
[6.717s][debug  ][gc,heap        ] GC(20)  ParOldGen       total 3932160K, used 3278641K [0x0000000700000000, 0x00000007f0000000, 0x00000007f0000000)
[6.717s][debug  ][gc,heap        ] GC(20)   object space 3932160K, 83% used [0x0000000700000000,0x00000007c81cc7a0,0x00000007f0000000)
[6.717s][debug  ][gc,heap        ] GC(20)  Metaspace       used 1021K, committed 1216K, reserved 1056768K
[6.717s][debug  ][gc,heap        ] GC(20)   class space    used 83K, committed 192K, reserved 1048576K
[6.717s][debug  ][gc,tlab        ] GC(20) TLAB totals: thrds: 1  refills: 1 max: 1 slow allocs: 17 max 17 waste: 27.3% gc: 3944192B max: 3944192B slow: 0B max: 0B
[6.717s][info   ][gc,start       ] GC(20) Pause Young (Allocation Failure)
[6.717s][debug  ][gc,phases,start] GC(20) Scavenge
[6.751s][debug  ][gc,phases      ] GC(20) Scavenge 33.598ms
[6.752s][debug  ][gc,phases,start] GC(20) Reference Processing
[6.752s][debug  ][gc,ref         ] GC(20) Skipped phase 1 of Reference Processing: no references
[6.752s][debug  ][gc,ref         ] GC(20) Skipped phase 2 of Reference Processing: no references
[6.752s][debug  ][gc,ref         ] GC(20) Skipped phase 3 of Reference Processing: no references
[6.752s][debug  ][gc,ref         ] GC(20) Skipped phase 4 of Reference Processing: no references
[6.752s][debug  ][gc,phases,ref  ] GC(20) Reference Processing: 0.1ms
[6.752s][debug  ][gc,phases,ref  ] GC(20)   Reconsider SoftReferences: 0.0ms
[6.752s][debug  ][gc,phases,ref  ] GC(20)     SoftRef (ms):                  skipped
[6.752s][debug  ][gc,phases,ref  ] GC(20)   Notify Soft/WeakReferences: 0.0ms
[6.752s][debug  ][gc,phases,ref  ] GC(20)     SoftRef (ms):                  skipped
[6.752s][debug  ][gc,phases,ref  ] GC(20)     WeakRef (ms):                  skipped
[6.752s][debug  ][gc,phases,ref  ] GC(20)     FinalRef (ms):                 skipped
[6.752s][debug  ][gc,phases,ref  ] GC(20)     Total (ms):                    skipped
[6.752s][debug  ][gc,phases,ref  ] GC(20)   Notify and keep alive finalizable: 0.0ms
[6.752s][debug  ][gc,phases,ref  ] GC(20)     FinalRef (ms):                 skipped
[6.752s][debug  ][gc,phases,ref  ] GC(20)   Notify PhantomReferences: 0.0ms
[6.752s][debug  ][gc,phases,ref  ] GC(20)     PhantomRef (ms):               skipped
[6.752s][debug  ][gc,phases,ref  ] GC(20)   SoftReference:
[6.752s][debug  ][gc,phases,ref  ] GC(20)     Discovered: 0
[6.752s][debug  ][gc,phases,ref  ] GC(20)     Cleared: 0
[6.752s][debug  ][gc,phases,ref  ] GC(20)   WeakReference:
[6.752s][debug  ][gc,phases,ref  ] GC(20)     Discovered: 0
[6.752s][debug  ][gc,phases,ref  ] GC(20)     Cleared: 0
[6.752s][debug  ][gc,phases,ref  ] GC(20)   FinalReference:
[6.752s][debug  ][gc,phases,ref  ] GC(20)     Discovered: 0
[6.752s][debug  ][gc,phases,ref  ] GC(20)     Cleared: 0
[6.752s][debug  ][gc,phases,ref  ] GC(20)   PhantomReference:
[6.752s][debug  ][gc,phases,ref  ] GC(20)     Discovered: 0
[6.752s][debug  ][gc,phases,ref  ] GC(20)     Cleared: 0
[6.753s][debug  ][gc,phases      ] GC(20) Reference Processing 0.883ms
[6.753s][debug  ][gc,phases,start] GC(20) Weak Processing
[6.753s][debug  ][gc,phases      ] GC(20)   VM Weak                        Min:  0.0, Avg:  0.0, Max:  0.1, Diff:  0.1, Sum:  0.1, Workers: 6
[6.753s][debug  ][gc,phases      ] GC(20)     Dead                           Min: 0, Avg:  0.0, Max: 0, Diff: 0, Sum: 0, Workers: 6
[6.753s][debug  ][gc,phases      ] GC(20)     Total                          Min: 0, Avg:  1.3, Max: 8, Diff: 8, Sum: 8, Workers: 6
[6.753s][debug  ][gc,phases      ] GC(20)   ObjectSynchronizer Weak        Min:  0.0, Avg:  0.0, Max:  0.1, Diff:  0.1, Sum:  0.1, Workers: 6
[6.753s][debug  ][gc,phases      ] GC(20)     Dead                           Min: 0, Avg:  0.0, Max: 0, Diff: 0, Sum: 0, Workers: 6
[6.753s][debug  ][gc,phases      ] GC(20)     Total                          Min: 0, Avg:  0.5, Max: 3, Diff: 3, Sum: 3, Workers: 6
[6.753s][debug  ][gc,phases      ] GC(20)   JVMTI Tag Weak OopStorage      Min:  0.0, Avg:  0.0, Max:  0.0, Diff:  0.0, Sum:  0.0, Workers: 6
[6.753s][debug  ][gc,phases      ] GC(20)     Dead                           Min: 0, Avg:  0.0, Max: 0, Diff: 0, Sum: 0, Workers: 6
[6.753s][debug  ][gc,phases      ] GC(20)     Total                          Min: 0, Avg:  0.0, Max: 0, Diff: 0, Sum: 0, Workers: 6
[6.753s][debug  ][gc,phases      ] GC(20)   StringTable Weak               Min:  0.0, Avg:  0.1, Max:  0.1, Diff:  0.1, Sum:  0.5, Workers: 6
[6.753s][debug  ][gc,phases      ] GC(20)     Dead                           Min: 0, Avg:  0.0, Max: 0, Diff: 0, Sum: 0, Workers: 6
[6.753s][debug  ][gc,phases      ] GC(20)     Total                          Min: 640, Avg: 892.5, Max: 1343, Diff: 703, Sum: 5355, Workers: 6
[6.753s][debug  ][gc,phases      ] GC(20)   ResolvedMethodTable Weak       Min:  0.0, Avg:  0.0, Max:  0.0, Diff:  0.0, Sum:  0.0, Workers: 6
[6.753s][debug  ][gc,phases      ] GC(20)     Dead                           Min: 0, Avg:  0.0, Max: 0, Diff: 0, Sum: 0, Workers: 6
[6.753s][debug  ][gc,phases      ] GC(20)     Total                          Min: 0, Avg: 21.7, Max: 64, Diff: 64, Sum: 130, Workers: 6
[6.753s][debug  ][gc,phases      ] GC(20)   JNI Weak                       Min:  0.0, Avg:  0.0, Max:  0.0, Diff:  0.0, Sum:  0.0, Workers: 6
[6.753s][debug  ][gc,phases      ] GC(20)     Dead                           Min: 0, Avg:  0.0, Max: 0, Diff: 0, Sum: 0, Workers: 6
[6.753s][debug  ][gc,phases      ] GC(20)     Total                          Min: 0, Avg:  0.0, Max: 0, Diff: 0, Sum: 0, Workers: 6
[6.753s][debug  ][gc,phases      ] GC(20)   StringDedup Table Weak         Min:  0.0, Avg:  0.0, Max:  0.0, Diff:  0.0, Sum:  0.0, Workers: 6
[6.753s][debug  ][gc,phases      ] GC(20)     Dead                           Min: 0, Avg:  0.0, Max: 0, Diff: 0, Sum: 0, Workers: 6
[6.753s][debug  ][gc,phases      ] GC(20)     Total                          Min: 0, Avg:  0.0, Max: 0, Diff: 0, Sum: 0, Workers: 6
[6.753s][debug  ][gc,phases      ] GC(20)   StringDedup Requests0 Weak     Min:  0.0, Avg:  0.0, Max:  0.0, Diff:  0.0, Sum:  0.0, Workers: 6
[6.753s][debug  ][gc,phases      ] GC(20)     Dead                           Min: 0, Avg:  0.0, Max: 0, Diff: 0, Sum: 0, Workers: 6
[6.753s][debug  ][gc,phases      ] GC(20)     Total                          Min: 0, Avg:  0.0, Max: 0, Diff: 0, Sum: 0, Workers: 6
[6.753s][debug  ][gc,phases      ] GC(20)   StringDedup Requests1 Weak     Min:  0.0, Avg:  0.0, Max:  0.0, Diff:  0.0, Sum:  0.0, Workers: 6
[6.753s][debug  ][gc,phases      ] GC(20)     Dead                           Min: 0, Avg:  0.0, Max: 0, Diff: 0, Sum: 0, Workers: 6
[6.753s][debug  ][gc,phases      ] GC(20)     Total                          Min: 0, Avg:  0.0, Max: 0, Diff: 0, Sum: 0, Workers: 6
[6.753s][debug  ][gc,phases      ] GC(20)   Weak JFR Old Object Samples    Min:  0.0, Avg:  0.0, Max:  0.0, Diff:  0.0, Sum:  0.0, Workers: 6
[6.753s][debug  ][gc,phases      ] GC(20)     Dead                           Min: 0, Avg:  0.0, Max: 0, Diff: 0, Sum: 0, Workers: 6
[6.753s][debug  ][gc,phases      ] GC(20)     Total                          Min: 0, Avg:  0.0, Max: 0, Diff: 0, Sum: 0, Workers: 6
[6.753s][debug  ][gc,phases      ] GC(20) Weak Processing 0.849ms
[6.754s][debug  ][gc,ergo        ] GC(20) AdaptiveSizeStart:  collection: 21 
[6.754s][debug  ][gc,ergo        ] GC(20) avg_survived_padded_avg: 33177504.000000
[6.754s][debug  ][gc,ergo        ] GC(20) avg_promoted_padded_avg: 260349728.000000  avg_pretenured_padded_avg: 0.000000  tenuring_thresh: 1  target_size: 33554432
[6.754s][debug  ][gc,age         ] GC(20) Desired survivor size 33554432 bytes, new threshold 1 (max threshold 15)
[6.754s][debug  ][gc,ergo        ] GC(20) PSAdaptiveSizePolicy::compute_eden_space_size limits: desired_eden_size: 282066944 old_eden_size: 201326592 eden_limit: 201326592 cur_eden: 201326592 max_eden_size: 201326592 avg_young_live: 31763142
[6.754s][debug  ][gc,ergo        ] GC(20) PSAdaptiveSizePolicy::compute_eden_space_size: costs minor_time: 0.103511 major_cost: 0.000000 mutator_cost: 0.896489 throughput_goal: 0.990000
[6.754s][debug  ][gc,ergo        ] GC(20) Live_space: 300198592 free_space: 402653184
[6.754s][debug  ][gc,ergo        ] GC(20) Old eden_size: 201326592 desired_eden_size: 201326592
[6.754s][debug  ][gc,ergo        ] GC(20) AdaptiveSizeStop: collection: 21 
[6.754s][info   ][gc,heap        ] GC(20) PSYoungGen: 218892K(229376K)->30720K(229376K) Eden: 188172K(196608K)->0K(196608K) From: 30720K(32768K)->30720K(32768K)
[6.754s][info   ][gc,heap        ] GC(20) ParOldGen: 3278641K(3932160K)->3462962K(3932160K)
[6.754s][info   ][gc,metaspace   ] GC(20) Metaspace: 1021K(1216K)->1021K(1216K) NonClass: 938K(1024K)->938K(1024K) Class: 83K(192K)->83K(192K)
[6.754s][info   ][gc             ] GC(20) Pause Young (Allocation Failure) 3415M->3411M(4064M) 36.642ms
[6.754s][info   ][gc,cpu         ] GC(20) User=0.03s Sys=0.28s Real=0.04s
[6.754s][debug  ][gc,heap        ] GC(20) Heap after GC invocations=21 (full 0):
[6.754s][debug  ][gc,heap        ] GC(20)  PSYoungGen      total 229376K, used 30720K [0x00000007f0000000, 0x0000000800000000, 0x0000000800000000)
[6.754s][debug  ][gc,heap        ] GC(20)   eden space 196608K, 0% used [0x00000007f0000000,0x00000007f0000000,0x00000007fc000000)
[6.754s][debug  ][gc,heap        ] GC(20)   from space 32768K, 93% used [0x00000007fc000000,0x00000007fde00030,0x00000007fe000000)
[6.754s][debug  ][gc,heap        ] GC(20)   to   space 32768K, 0% used [0x00000007fe000000,0x00000007fe000000,0x0000000800000000)
[6.754s][debug  ][gc,heap        ] GC(20)  ParOldGen       total 3932160K, used 3462962K [0x0000000700000000, 0x00000007f0000000, 0x00000007f0000000)
[6.754s][debug  ][gc,heap        ] GC(20)   object space 3932160K, 88% used [0x0000000700000000,0x00000007d35cc8c0,0x00000007f0000000)
[6.754s][debug  ][gc,heap        ] GC(20)  Metaspace       used 1021K, committed 1216K, reserved 1056768K
[6.754s][debug  ][gc,heap        ] GC(20)   class space    used 83K, committed 192K, reserved 1048576K
[6.754s][debug  ][gc,task,time   ] GC(20) VM-Thread 67167902 67516270 67542577
[7.037s][debug  ][gc,heap        ] GC(21) Heap before GC invocations=22 (full 0):
[7.037s][debug  ][gc,heap        ] GC(21)  PSYoungGen      total 229376K, used 218892K [0x00000007f0000000, 0x0000000800000000, 0x0000000800000000)
[7.037s][debug  ][gc,heap        ] GC(21)   eden space 196608K, 95% used [0x00000007f0000000,0x00000007fb7c3000,0x00000007fc000000)
[7.037s][debug  ][gc,heap        ] GC(21)   from space 32768K, 93% used [0x00000007fc000000,0x00000007fde00030,0x00000007fe000000)
[7.037s][debug  ][gc,heap        ] GC(21)   to   space 32768K, 0% used [0x00000007fe000000,0x00000007fe000000,0x0000000800000000)
[7.037s][debug  ][gc,heap        ] GC(21)  ParOldGen       total 3932160K, used 3462962K [0x0000000700000000, 0x00000007f0000000, 0x00000007f0000000)
[7.037s][debug  ][gc,heap        ] GC(21)   object space 3932160K, 88% used [0x0000000700000000,0x00000007d35cc8c0,0x00000007f0000000)
[7.037s][debug  ][gc,heap        ] GC(21)  Metaspace       used 1021K, committed 1216K, reserved 1056768K
[7.037s][debug  ][gc,heap        ] GC(21)   class space    used 83K, committed 192K, reserved 1048576K
[7.037s][debug  ][gc,tlab        ] GC(21) TLAB totals: thrds: 1  refills: 1 max: 1 slow allocs: 17 max 17 waste: 27.3% gc: 3944160B max: 3944160B slow: 0B max: 0B
[7.037s][info   ][gc,start       ] GC(21) Pause Young (Allocation Failure)
[7.037s][debug  ][gc,phases,start] GC(21) Scavenge
[7.074s][debug  ][gc,phases      ] GC(21) Scavenge 36.138ms
[7.074s][debug  ][gc,phases,start] GC(21) Reference Processing
[7.074s][debug  ][gc,ref         ] GC(21) Skipped phase 1 of Reference Processing: no references
[7.074s][debug  ][gc,ref         ] GC(21) Skipped phase 2 of Reference Processing: no references
[7.074s][debug  ][gc,ref         ] GC(21) Skipped phase 3 of Reference Processing: no references
[7.074s][debug  ][gc,ref         ] GC(21) Skipped phase 4 of Reference Processing: no references
[7.074s][debug  ][gc,phases,ref  ] GC(21) Reference Processing: 0.1ms
[7.074s][debug  ][gc,phases,ref  ] GC(21)   Reconsider SoftReferences: 0.0ms
[7.074s][debug  ][gc,phases,ref  ] GC(21)     SoftRef (ms):                  skipped
[7.074s][debug  ][gc,phases,ref  ] GC(21)   Notify Soft/WeakReferences: 0.0ms
[7.074s][debug  ][gc,phases,ref  ] GC(21)     SoftRef (ms):                  skipped
[7.074s][debug  ][gc,phases,ref  ] GC(21)     WeakRef (ms):                  skipped
[7.074s][debug  ][gc,phases,ref  ] GC(21)     FinalRef (ms):                 skipped
[7.074s][debug  ][gc,phases,ref  ] GC(21)     Total (ms):                    skipped
[7.074s][debug  ][gc,phases,ref  ] GC(21)   Notify and keep alive finalizable: 0.0ms
[7.074s][debug  ][gc,phases,ref  ] GC(21)     FinalRef (ms):                 skipped
[7.074s][debug  ][gc,phases,ref  ] GC(21)   Notify PhantomReferences: 0.0ms
[7.074s][debug  ][gc,phases,ref  ] GC(21)     PhantomRef (ms):               skipped
[7.074s][debug  ][gc,phases,ref  ] GC(21)   SoftReference:
[7.074s][debug  ][gc,phases,ref  ] GC(21)     Discovered: 0
[7.074s][debug  ][gc,phases,ref  ] GC(21)     Cleared: 0
[7.074s][debug  ][gc,phases,ref  ] GC(21)   WeakReference:
[7.074s][debug  ][gc,phases,ref  ] GC(21)     Discovered: 0
[7.074s][debug  ][gc,phases,ref  ] GC(21)     Cleared: 0
[7.074s][debug  ][gc,phases,ref  ] GC(21)   FinalReference:
[7.074s][debug  ][gc,phases,ref  ] GC(21)     Discovered: 0
[7.074s][debug  ][gc,phases,ref  ] GC(21)     Cleared: 0
[7.074s][debug  ][gc,phases,ref  ] GC(21)   PhantomReference:
[7.074s][debug  ][gc,phases,ref  ] GC(21)     Discovered: 0
[7.075s][debug  ][gc,phases,ref  ] GC(21)     Cleared: 0
[7.075s][debug  ][gc,phases      ] GC(21) Reference Processing 0.746ms
[7.075s][debug  ][gc,phases,start] GC(21) Weak Processing
[7.075s][debug  ][gc,phases      ] GC(21)   VM Weak                        Min:  0.0, Avg:  0.0, Max:  0.1, Diff:  0.1, Sum:  0.1, Workers: 6
[7.075s][debug  ][gc,phases      ] GC(21)     Dead                           Min: 0, Avg:  0.0, Max: 0, Diff: 0, Sum: 0, Workers: 6
[7.075s][debug  ][gc,phases      ] GC(21)     Total                          Min: 0, Avg:  1.3, Max: 8, Diff: 8, Sum: 8, Workers: 6
[7.075s][debug  ][gc,phases      ] GC(21)   ObjectSynchronizer Weak        Min:  0.0, Avg:  0.0, Max:  0.1, Diff:  0.1, Sum:  0.1, Workers: 6
[7.075s][debug  ][gc,phases      ] GC(21)     Dead                           Min: 0, Avg:  0.0, Max: 0, Diff: 0, Sum: 0, Workers: 6
[7.075s][debug  ][gc,phases      ] GC(21)     Total                          Min: 0, Avg:  0.5, Max: 3, Diff: 3, Sum: 3, Workers: 6
[7.075s][debug  ][gc,phases      ] GC(21)   JVMTI Tag Weak OopStorage      Min:  0.0, Avg:  0.0, Max:  0.0, Diff:  0.0, Sum:  0.0, Workers: 6
[7.075s][debug  ][gc,phases      ] GC(21)     Dead                           Min: 0, Avg:  0.0, Max: 0, Diff: 0, Sum: 0, Workers: 6
[7.075s][debug  ][gc,phases      ] GC(21)     Total                          Min: 0, Avg:  0.0, Max: 0, Diff: 0, Sum: 0, Workers: 6
[7.075s][debug  ][gc,phases      ] GC(21)   StringTable Weak               Min:  0.0, Avg:  0.1, Max:  0.1, Diff:  0.1, Sum:  0.6, Workers: 6
[7.075s][debug  ][gc,phases      ] GC(21)     Dead                           Min: 0, Avg:  0.0, Max: 0, Diff: 0, Sum: 0, Workers: 6
[7.075s][debug  ][gc,phases      ] GC(21)     Total                          Min: 748, Avg: 892.5, Max: 1087, Diff: 339, Sum: 5355, Workers: 6
[7.075s][debug  ][gc,phases      ] GC(21)   ResolvedMethodTable Weak       Min:  0.0, Avg:  0.0, Max:  0.0, Diff:  0.0, Sum:  0.0, Workers: 6
[7.075s][debug  ][gc,phases      ] GC(21)     Dead                           Min: 0, Avg:  0.0, Max: 0, Diff: 0, Sum: 0, Workers: 6
[7.075s][debug  ][gc,phases      ] GC(21)     Total                          Min: 0, Avg: 21.7, Max: 64, Diff: 64, Sum: 130, Workers: 6
[7.075s][debug  ][gc,phases      ] GC(21)   JNI Weak                       Min:  0.0, Avg:  0.0, Max:  0.0, Diff:  0.0, Sum:  0.0, Workers: 6
[7.075s][debug  ][gc,phases      ] GC(21)     Dead                           Min: 0, Avg:  0.0, Max: 0, Diff: 0, Sum: 0, Workers: 6
[7.075s][debug  ][gc,phases      ] GC(21)     Total                          Min: 0, Avg:  0.0, Max: 0, Diff: 0, Sum: 0, Workers: 6
[7.075s][debug  ][gc,phases      ] GC(21)   StringDedup Table Weak         Min:  0.0, Avg:  0.0, Max:  0.0, Diff:  0.0, Sum:  0.0, Workers: 6
[7.075s][debug  ][gc,phases      ] GC(21)     Dead                           Min: 0, Avg:  0.0, Max: 0, Diff: 0, Sum: 0, Workers: 6
[7.075s][debug  ][gc,phases      ] GC(21)     Total                          Min: 0, Avg:  0.0, Max: 0, Diff: 0, Sum: 0, Workers: 6
[7.075s][debug  ][gc,phases      ] GC(21)   StringDedup Requests0 Weak     Min:  0.0, Avg:  0.0, Max:  0.0, Diff:  0.0, Sum:  0.0, Workers: 6
[7.075s][debug  ][gc,phases      ] GC(21)     Dead                           Min: 0, Avg:  0.0, Max: 0, Diff: 0, Sum: 0, Workers: 6
[7.075s][debug  ][gc,phases      ] GC(21)     Total                          Min: 0, Avg:  0.0, Max: 0, Diff: 0, Sum: 0, Workers: 6
[7.075s][debug  ][gc,phases      ] GC(21)   StringDedup Requests1 Weak     Min:  0.0, Avg:  0.0, Max:  0.0, Diff:  0.0, Sum:  0.0, Workers: 6
[7.075s][debug  ][gc,phases      ] GC(21)     Dead                           Min: 0, Avg:  0.0, Max: 0, Diff: 0, Sum: 0, Workers: 6
[7.076s][debug  ][gc,phases      ] GC(21)     Total                          Min: 0, Avg:  0.0, Max: 0, Diff: 0, Sum: 0, Workers: 6
[7.076s][debug  ][gc,phases      ] GC(21)   Weak JFR Old Object Samples    Min:  0.0, Avg:  0.0, Max:  0.0, Diff:  0.0, Sum:  0.0, Workers: 6
[7.076s][debug  ][gc,phases      ] GC(21)     Dead                           Min: 0, Avg:  0.0, Max: 0, Diff: 0, Sum: 0, Workers: 6
[7.076s][debug  ][gc,phases      ] GC(21)     Total                          Min: 0, Avg:  0.0, Max: 0, Diff: 0, Sum: 0, Workers: 6
[7.076s][debug  ][gc,phases      ] GC(21) Weak Processing 1.039ms
[7.076s][debug  ][gc,ergo        ] GC(21) AdaptiveSizeStart:  collection: 22 
[7.076s][debug  ][gc,ergo        ] GC(21) avg_survived_padded_avg: 33088056.000000
[7.076s][debug  ][gc,ergo        ] GC(21) avg_promoted_padded_avg: 258373824.000000  avg_pretenured_padded_avg: 0.000000  tenuring_thresh: 1  target_size: 33554432
[7.076s][debug  ][gc,age         ] GC(21) Desired survivor size 33554432 bytes, new threshold 1 (max threshold 15)
[7.076s][debug  ][gc,ergo        ] GC(21) PSAdaptiveSizePolicy::compute_eden_space_size limits: desired_eden_size: 282066944 old_eden_size: 201326592 eden_limit: 201326592 cur_eden: 201326592 max_eden_size: 201326592 avg_young_live: 31732560
[7.076s][debug  ][gc,ergo        ] GC(21) PSAdaptiveSizePolicy::compute_eden_space_size: costs minor_time: 0.107580 major_cost: 0.000000 mutator_cost: 0.892420 throughput_goal: 0.990000
[7.076s][debug  ][gc,ergo        ] GC(21) Live_space: 300168000 free_space: 402653184
[7.076s][debug  ][gc,ergo        ] GC(21) Old eden_size: 201326592 desired_eden_size: 201326592
[7.076s][debug  ][gc,ergo        ] GC(21) AdaptiveSizeStop: collection: 22 
[7.076s][info   ][gc,heap        ] GC(21) PSYoungGen: 218892K(229376K)->30720K(229376K) Eden: 188172K(196608K)->0K(196608K) From: 30720K(32768K)->30720K(32768K)
[7.076s][info   ][gc,heap        ] GC(21) ParOldGen: 3462962K(3932160K)->3647282K(3932160K)
[7.076s][info   ][gc,metaspace   ] GC(21) Metaspace: 1021K(1216K)->1021K(1216K) NonClass: 938K(1024K)->938K(1024K) Class: 83K(192K)->83K(192K)
[7.076s][info   ][gc             ] GC(21) Pause Young (Allocation Failure) 3595M->3591M(4064M) 39.285ms
[7.076s][info   ][gc,cpu         ] GC(21) User=0.17s Sys=0.23s Real=0.04s
[7.076s][debug  ][gc,heap        ] GC(21) Heap after GC invocations=22 (full 0):
[7.077s][debug  ][gc,heap        ] GC(21)  PSYoungGen      total 229376K, used 30720K [0x00000007f0000000, 0x0000000800000000, 0x0000000800000000)
[7.077s][debug  ][gc,heap        ] GC(21)   eden space 196608K, 0% used [0x00000007f0000000,0x00000007f0000000,0x00000007fc000000)
[7.077s][debug  ][gc,heap        ] GC(21)   from space 32768K, 93% used [0x00000007fe000000,0x00000007ffe00030,0x0000000800000000)
[7.077s][debug  ][gc,heap        ] GC(21)   to   space 32768K, 0% used [0x00000007fc000000,0x00000007fc000000,0x00000007fe000000)
[7.077s][debug  ][gc,heap        ] GC(21)  ParOldGen       total 3932160K, used 3647282K [0x0000000700000000, 0x00000007f0000000, 0x00000007f0000000)
[7.077s][debug  ][gc,heap        ] GC(21)   object space 3932160K, 92% used [0x0000000700000000,0x00000007de9cc9e0,0x00000007f0000000)
[7.077s][debug  ][gc,heap        ] GC(21)  Metaspace       used 1021K, committed 1216K, reserved 1056768K
[7.077s][debug  ][gc,heap        ] GC(21)   class space    used 83K, committed 192K, reserved 1048576K
[7.077s][debug  ][gc,task,time   ] GC(21) VM-Thread 70367911 70738044 70766741
[7.372s][debug  ][gc,heap        ] GC(22) Heap before GC invocations=23 (full 0):
[7.372s][debug  ][gc,heap        ] GC(22)  PSYoungGen      total 229376K, used 218892K [0x00000007f0000000, 0x0000000800000000, 0x0000000800000000)
[7.372s][debug  ][gc,heap        ] GC(22)   eden space 196608K, 95% used [0x00000007f0000000,0x00000007fb7c2ff0,0x00000007fc000000)
[7.372s][debug  ][gc,heap        ] GC(22)   from space 32768K, 93% used [0x00000007fe000000,0x00000007ffe00030,0x0000000800000000)
[7.372s][debug  ][gc,heap        ] GC(22)   to   space 32768K, 0% used [0x00000007fc000000,0x00000007fc000000,0x00000007fe000000)
[7.372s][debug  ][gc,heap        ] GC(22)  ParOldGen       total 3932160K, used 3647282K [0x0000000700000000, 0x00000007f0000000, 0x00000007f0000000)
[7.372s][debug  ][gc,heap        ] GC(22)   object space 3932160K, 92% used [0x0000000700000000,0x00000007de9cc9e0,0x00000007f0000000)
[7.372s][debug  ][gc,heap        ] GC(22)  Metaspace       used 1021K, committed 1216K, reserved 1056768K
[7.372s][debug  ][gc,heap        ] GC(22)   class space    used 83K, committed 192K, reserved 1048576K
[7.372s][debug  ][gc,tlab        ] GC(22) TLAB totals: thrds: 1  refills: 1 max: 1 slow allocs: 17 max 17 waste: 27.3% gc: 3942976B max: 3942976B slow: 0B max: 0B
[7.372s][info   ][gc,start       ] GC(22) Pause Young (Allocation Failure)
[7.372s][debug  ][gc,phases,start] GC(22) Scavenge
[7.401s][debug  ][gc,phases      ] GC(22) Scavenge 29.120ms
[7.402s][debug  ][gc,phases,start] GC(22) Reference Processing
[7.402s][debug  ][gc,ref         ] GC(22) Skipped phase 1 of Reference Processing: no references
[7.402s][debug  ][gc,ref         ] GC(22) Skipped phase 2 of Reference Processing: no references
[7.402s][debug  ][gc,ref         ] GC(22) Skipped phase 3 of Reference Processing: no references
[7.402s][debug  ][gc,ref         ] GC(22) Skipped phase 4 of Reference Processing: no references
[7.402s][debug  ][gc,phases,ref  ] GC(22) Reference Processing: 0.1ms
[7.402s][debug  ][gc,phases,ref  ] GC(22)   Reconsider SoftReferences: 0.0ms
[7.402s][debug  ][gc,phases,ref  ] GC(22)     SoftRef (ms):                  skipped
[7.402s][debug  ][gc,phases,ref  ] GC(22)   Notify Soft/WeakReferences: 0.0ms
[7.402s][debug  ][gc,phases,ref  ] GC(22)     SoftRef (ms):                  skipped
[7.402s][debug  ][gc,phases,ref  ] GC(22)     WeakRef (ms):                  skipped
[7.402s][debug  ][gc,phases,ref  ] GC(22)     FinalRef (ms):                 skipped
[7.402s][debug  ][gc,phases,ref  ] GC(22)     Total (ms):                    skipped
[7.402s][debug  ][gc,phases,ref  ] GC(22)   Notify and keep alive finalizable: 0.0ms
[7.402s][debug  ][gc,phases,ref  ] GC(22)     FinalRef (ms):                 skipped
[7.402s][debug  ][gc,phases,ref  ] GC(22)   Notify PhantomReferences: 0.0ms
[7.402s][debug  ][gc,phases,ref  ] GC(22)     PhantomRef (ms):               skipped
[7.402s][debug  ][gc,phases,ref  ] GC(22)   SoftReference:
[7.402s][debug  ][gc,phases,ref  ] GC(22)     Discovered: 0
[7.402s][debug  ][gc,phases,ref  ] GC(22)     Cleared: 0
[7.402s][debug  ][gc,phases,ref  ] GC(22)   WeakReference:
[7.402s][debug  ][gc,phases,ref  ] GC(22)     Discovered: 0
[7.402s][debug  ][gc,phases,ref  ] GC(22)     Cleared: 0
[7.402s][debug  ][gc,phases,ref  ] GC(22)   FinalReference:
[7.402s][debug  ][gc,phases,ref  ] GC(22)     Discovered: 0
[7.402s][debug  ][gc,phases,ref  ] GC(22)     Cleared: 0
[7.402s][debug  ][gc,phases,ref  ] GC(22)   PhantomReference:
[7.402s][debug  ][gc,phases,ref  ] GC(22)     Discovered: 0
[7.402s][debug  ][gc,phases,ref  ] GC(22)     Cleared: 0
[7.402s][debug  ][gc,phases      ] GC(22) Reference Processing 0.710ms
[7.402s][debug  ][gc,phases,start] GC(22) Weak Processing
[7.402s][debug  ][gc,phases      ] GC(22)   VM Weak                        Min:  0.0, Avg:  0.0, Max:  0.0, Diff:  0.0, Sum:  0.0, Workers: 6
[7.402s][debug  ][gc,phases      ] GC(22)     Dead                           Min: 0, Avg:  0.0, Max: 0, Diff: 0, Sum: 0, Workers: 6
[7.402s][debug  ][gc,phases      ] GC(22)     Total                          Min: 0, Avg:  1.3, Max: 8, Diff: 8, Sum: 8, Workers: 6
[7.402s][debug  ][gc,phases      ] GC(22)   ObjectSynchronizer Weak        Min:  0.0, Avg:  0.0, Max:  0.0, Diff:  0.0, Sum:  0.0, Workers: 6
[7.402s][debug  ][gc,phases      ] GC(22)     Dead                           Min: 0, Avg:  0.0, Max: 0, Diff: 0, Sum: 0, Workers: 6
[7.402s][debug  ][gc,phases      ] GC(22)     Total                          Min: 0, Avg:  0.5, Max: 3, Diff: 3, Sum: 3, Workers: 6
[7.402s][debug  ][gc,phases      ] GC(22)   JVMTI Tag Weak OopStorage      Min:  0.0, Avg:  0.0, Max:  0.0, Diff:  0.0, Sum:  0.0, Workers: 6
[7.402s][debug  ][gc,phases      ] GC(22)     Dead                           Min: 0, Avg:  0.0, Max: 0, Diff: 0, Sum: 0, Workers: 6
[7.403s][debug  ][gc,phases      ] GC(22)     Total                          Min: 0, Avg:  0.0, Max: 0, Diff: 0, Sum: 0, Workers: 6
[7.403s][debug  ][gc,phases      ] GC(22)   StringTable Weak               Min:  0.0, Avg:  0.0, Max:  0.0, Diff:  0.0, Sum:  0.0, Workers: 6
[7.403s][debug  ][gc,phases      ] GC(22)     Dead                           Min: 0, Avg:  0.0, Max: 0, Diff: 0, Sum: 0, Workers: 6
[7.403s][debug  ][gc,phases      ] GC(22)     Total                          Min: 767, Avg: 892.5, Max: 1088, Diff: 321, Sum: 5355, Workers: 6
[7.403s][debug  ][gc,phases      ] GC(22)   ResolvedMethodTable Weak       Min:  0.0, Avg:  0.0, Max:  0.0, Diff:  0.0, Sum:  0.0, Workers: 6
[7.403s][debug  ][gc,phases      ] GC(22)     Dead                           Min: 0, Avg:  0.0, Max: 0, Diff: 0, Sum: 0, Workers: 6
[7.403s][debug  ][gc,phases      ] GC(22)     Total                          Min: 0, Avg: 21.7, Max: 64, Diff: 64, Sum: 130, Workers: 6
[7.403s][debug  ][gc,phases      ] GC(22)   JNI Weak                       Min:  0.0, Avg:  0.0, Max:  0.0, Diff:  0.0, Sum:  0.0, Workers: 6
[7.403s][debug  ][gc,phases      ] GC(22)     Dead                           Min: 0, Avg:  0.0, Max: 0, Diff: 0, Sum: 0, Workers: 6
[7.403s][debug  ][gc,phases      ] GC(22)     Total                          Min: 0, Avg:  0.0, Max: 0, Diff: 0, Sum: 0, Workers: 6
[7.403s][debug  ][gc,phases      ] GC(22)   StringDedup Table Weak         Min:  0.0, Avg:  0.0, Max:  0.0, Diff:  0.0, Sum:  0.0, Workers: 6
[7.403s][debug  ][gc,phases      ] GC(22)     Dead                           Min: 0, Avg:  0.0, Max: 0, Diff: 0, Sum: 0, Workers: 6
[7.403s][debug  ][gc,phases      ] GC(22)     Total                          Min: 0, Avg:  0.0, Max: 0, Diff: 0, Sum: 0, Workers: 6
[7.403s][debug  ][gc,phases      ] GC(22)   StringDedup Requests0 Weak     Min:  0.0, Avg:  0.0, Max:  0.0, Diff:  0.0, Sum:  0.0, Workers: 6
[7.403s][debug  ][gc,phases      ] GC(22)     Dead                           Min: 0, Avg:  0.0, Max: 0, Diff: 0, Sum: 0, Workers: 6
[7.403s][debug  ][gc,phases      ] GC(22)     Total                          Min: 0, Avg:  0.0, Max: 0, Diff: 0, Sum: 0, Workers: 6
[7.403s][debug  ][gc,phases      ] GC(22)   StringDedup Requests1 Weak     Min:  0.0, Avg:  0.0, Max:  0.0, Diff:  0.0, Sum:  0.0, Workers: 6
[7.403s][debug  ][gc,phases      ] GC(22)     Dead                           Min: 0, Avg:  0.0, Max: 0, Diff: 0, Sum: 0, Workers: 6
[7.403s][debug  ][gc,phases      ] GC(22)     Total                          Min: 0, Avg:  0.0, Max: 0, Diff: 0, Sum: 0, Workers: 6
[7.403s][debug  ][gc,phases      ] GC(22)   Weak JFR Old Object Samples    Min:  0.0, Avg:  0.0, Max:  0.0, Diff:  0.0, Sum:  0.0, Workers: 6
[7.403s][debug  ][gc,phases      ] GC(22)     Dead                           Min: 0, Avg:  0.0, Max: 0, Diff: 0, Sum: 0, Workers: 6
[7.403s][debug  ][gc,phases      ] GC(22)     Total                          Min: 0, Avg:  0.0, Max: 0, Diff: 0, Sum: 0, Workers: 6
[7.403s][debug  ][gc,phases      ] GC(22) Weak Processing 0.701ms
[7.403s][debug  ][gc,ergo        ] GC(22) AdaptiveSizeStart:  collection: 23 
[7.403s][debug  ][gc,ergo        ] GC(22) avg_survived_padded_avg: 32999294.000000
[7.403s][debug  ][gc,ergo        ] GC(22) avg_promoted_padded_avg: 261005296.000000  avg_pretenured_padded_avg: 0.000000  tenuring_thresh: 1  target_size: 33030144
[7.403s][debug  ][gc,age         ] GC(22) Desired survivor size 33030144 bytes, new threshold 1 (max threshold 15)
[7.403s][debug  ][gc,ergo        ] GC(22) PSAdaptiveSizePolicy::compute_eden_space_size limits: desired_eden_size: 282066944 old_eden_size: 201326592 eden_limit: 201326592 cur_eden: 201326592 max_eden_size: 201326592 avg_young_live: 31705036
[7.403s][debug  ][gc,ergo        ] GC(22) PSAdaptiveSizePolicy::compute_eden_space_size: costs minor_time: 0.104122 major_cost: 0.000000 mutator_cost: 0.895878 throughput_goal: 0.990000
[7.403s][debug  ][gc,ergo        ] GC(22) Live_space: 300140480 free_space: 402653184
[7.403s][debug  ][gc,ergo        ] GC(22) Old eden_size: 201326592 desired_eden_size: 201326592
[7.403s][debug  ][gc,ergo        ] GC(22) AdaptiveSizeStop: collection: 23 
[7.403s][info   ][gc,heap        ] GC(22) PSYoungGen: 218892K(229376K)->30720K(229376K) Eden: 188171K(196608K)->0K(196608K) From: 30720K(32768K)->30720K(32768K)
[7.403s][info   ][gc,heap        ] GC(22) ParOldGen: 3647282K(3932160K)->3749682K(3932160K)
[7.403s][info   ][gc,metaspace   ] GC(22) Metaspace: 1021K(1216K)->1021K(1216K) NonClass: 938K(1024K)->938K(1024K) Class: 83K(192K)->83K(192K)
[7.403s][info   ][gc             ] GC(22) Pause Young (Allocation Failure) 3775M->3691M(4064M) 31.010ms
[7.403s][info   ][gc,cpu         ] GC(22) User=0.03s Sys=0.20s Real=0.03s
[7.403s][debug  ][gc,heap        ] GC(22) Heap after GC invocations=23 (full 0):
[7.403s][debug  ][gc,heap        ] GC(22)  PSYoungGen      total 229376K, used 30720K [0x00000007f0000000, 0x0000000800000000, 0x0000000800000000)
[7.403s][debug  ][gc,heap        ] GC(22)   eden space 196608K, 0% used [0x00000007f0000000,0x00000007f0000000,0x00000007fc000000)
[7.403s][debug  ][gc,heap        ] GC(22)   from space 32768K, 93% used [0x00000007fc000000,0x00000007fde00030,0x00000007fe000000)
[7.403s][debug  ][gc,heap        ] GC(22)   to   space 32256K, 0% used [0x00000007fe080000,0x00000007fe080000,0x0000000800000000)
[7.403s][debug  ][gc,heap        ] GC(22)  ParOldGen       total 3932160K, used 3749682K [0x0000000700000000, 0x00000007f0000000, 0x00000007f0000000)
[7.403s][debug  ][gc,heap        ] GC(22)   object space 3932160K, 95% used [0x0000000700000000,0x00000007e4dcca80,0x00000007f0000000)
[7.403s][debug  ][gc,heap        ] GC(22)  Metaspace       used 1021K, committed 1216K, reserved 1056768K
[7.403s][debug  ][gc,heap        ] GC(22)   class space    used 83K, committed 192K, reserved 1048576K
[7.403s][debug  ][gc,task,time   ] GC(22) VM-Thread 73717995 74015181 74034904
[7.404s][debug  ][gc,phases,start] GC(23) Pre Compact
[7.404s][debug  ][gc,heap        ] GC(23) Heap before GC invocations=24 (full 1):
[7.404s][debug  ][gc,heap        ] GC(23)  PSYoungGen      total 229376K, used 30720K [0x00000007f0000000, 0x0000000800000000, 0x0000000800000000)
[7.404s][debug  ][gc,heap        ] GC(23)   eden space 196608K, 0% used [0x00000007f0000000,0x00000007f0000000,0x00000007fc000000)
[7.404s][debug  ][gc,heap        ] GC(23)   from space 32768K, 93% used [0x00000007fc000000,0x00000007fde00030,0x00000007fe000000)
[7.404s][debug  ][gc,heap        ] GC(23)   to   space 32256K, 0% used [0x00000007fe080000,0x00000007fe080000,0x0000000800000000)
[7.404s][debug  ][gc,heap        ] GC(23)  ParOldGen       total 3932160K, used 3749682K [0x0000000700000000, 0x00000007f0000000, 0x00000007f0000000)
[7.404s][debug  ][gc,heap        ] GC(23)   object space 3932160K, 95% used [0x0000000700000000,0x00000007e4dcca80,0x00000007f0000000)
[7.404s][debug  ][gc,heap        ] GC(23)  Metaspace       used 1021K, committed 1216K, reserved 1056768K
[7.404s][debug  ][gc,heap        ] GC(23)   class space    used 83K, committed 192K, reserved 1048576K
[7.404s][debug  ][gc,phases      ] GC(23) Pre Compact 0.281ms
[7.404s][info   ][gc,start       ] GC(23) Pause Full (Ergonomics)
[7.404s][info   ][gc,phases,start] GC(23) Marking Phase
[7.404s][debug  ][gc,phases,start] GC(23) Par Mark
[7.405s][debug  ][gc,phases      ] GC(23) Par Mark 0.469ms
[7.405s][debug  ][gc,phases,start] GC(23) Reference Processing
[7.405s][debug  ][gc,ref         ] GC(23) Skipped phase 1 of Reference Processing: no references
[7.405s][debug  ][gc,ref         ] GC(23) ReferenceProcessor::execute queues: 1, RefProcThreadModel::Single, marks_oops_alive: false
[7.405s][debug  ][gc,ref         ] GC(23) Skipped phase 3 of Reference Processing: no references
[7.405s][debug  ][gc,ref         ] GC(23) ReferenceProcessor::execute queues: 1, RefProcThreadModel::Single, marks_oops_alive: false
[7.405s][debug  ][gc,phases,ref  ] GC(23) Reference Processing: 0.1ms
[7.405s][debug  ][gc,phases,ref  ] GC(23)   Reconsider SoftReferences: 0.0ms
[7.405s][debug  ][gc,phases,ref  ] GC(23)     SoftRef (ms):                  skipped
[7.405s][debug  ][gc,phases,ref  ] GC(23)   Notify Soft/WeakReferences: 0.0ms
[7.405s][debug  ][gc,phases,ref  ] GC(23)     SoftRef (ms):                  Min:  0.0, Avg:  0.0, Max:  0.0, Diff:  0.0, Sum:  0.0, Workers: 10
[7.405s][debug  ][gc,phases,ref  ] GC(23)     WeakRef (ms):                  Min:  0.0, Avg:  0.0, Max:  0.0, Diff:  0.0, Sum:  0.0, Workers: 10
[7.405s][debug  ][gc,phases,ref  ] GC(23)     FinalRef (ms):                 Min:  0.0, Avg:  0.0, Max:  0.0, Diff:  0.0, Sum:  0.0, Workers: 10
[7.405s][debug  ][gc,phases,ref  ] GC(23)     Total (ms):                    Min:  0.0, Avg:  0.0, Max:  0.0, Diff:  0.0, Sum:  0.0, Workers: 10
[7.405s][debug  ][gc,phases,ref  ] GC(23)   Notify and keep alive finalizable: 0.0ms
[7.405s][debug  ][gc,phases,ref  ] GC(23)     FinalRef (ms):                 skipped
[7.405s][debug  ][gc,phases,ref  ] GC(23)   Notify PhantomReferences: 0.0ms
[7.405s][debug  ][gc,phases,ref  ] GC(23)     PhantomRef (ms):               Min:  0.0, Avg:  0.0, Max:  0.0, Diff:  0.0, Sum:  0.0, Workers: 10
[7.405s][debug  ][gc,phases,ref  ] GC(23)   SoftReference:
[7.405s][debug  ][gc,phases,ref  ] GC(23)     Discovered: 0
[7.405s][debug  ][gc,phases,ref  ] GC(23)     Cleared: 0
[7.405s][debug  ][gc,phases,ref  ] GC(23)   WeakReference:
[7.405s][debug  ][gc,phases,ref  ] GC(23)     Discovered: 79
[7.405s][debug  ][gc,phases,ref  ] GC(23)     Cleared: 79
[7.405s][debug  ][gc,phases,ref  ] GC(23)   FinalReference:
[7.405s][debug  ][gc,phases,ref  ] GC(23)     Discovered: 0
[7.405s][debug  ][gc,phases,ref  ] GC(23)     Cleared: 0
[7.405s][debug  ][gc,phases,ref  ] GC(23)   PhantomReference:
[7.405s][debug  ][gc,phases,ref  ] GC(23)     Discovered: 3
[7.405s][debug  ][gc,phases,ref  ] GC(23)     Cleared: 3
[7.405s][debug  ][gc,phases      ] GC(23) Reference Processing 0.603ms
[7.405s][debug  ][gc,phases,start] GC(23) Weak Processing
[7.405s][debug  ][gc,phases      ] GC(23)   VM Weak                        Min:  0.0, Avg:  0.0, Max:  0.0, Diff:  0.0, Sum:  0.0, Workers: 6
[7.405s][debug  ][gc,phases      ] GC(23)     Dead                           Min: 0, Avg:  0.0, Max: 0, Diff: 0, Sum: 0, Workers: 6
[7.405s][debug  ][gc,phases      ] GC(23)     Total                          Min: 0, Avg:  1.3, Max: 8, Diff: 8, Sum: 8, Workers: 6
[7.405s][debug  ][gc,phases      ] GC(23)   ObjectSynchronizer Weak        Min:  0.0, Avg:  0.0, Max:  0.0, Diff:  0.0, Sum:  0.0, Workers: 6
[7.405s][debug  ][gc,phases      ] GC(23)     Dead                           Min: 0, Avg:  0.0, Max: 0, Diff: 0, Sum: 0, Workers: 6
[7.405s][debug  ][gc,phases      ] GC(23)     Total                          Min: 0, Avg:  0.5, Max: 3, Diff: 3, Sum: 3, Workers: 6
[7.405s][debug  ][gc,phases      ] GC(23)   JVMTI Tag Weak OopStorage      Min:  0.0, Avg:  0.0, Max:  0.0, Diff:  0.0, Sum:  0.0, Workers: 6
[7.405s][debug  ][gc,phases      ] GC(23)     Dead                           Min: 0, Avg:  0.0, Max: 0, Diff: 0, Sum: 0, Workers: 6
[7.405s][debug  ][gc,phases      ] GC(23)     Total                          Min: 0, Avg:  0.0, Max: 0, Diff: 0, Sum: 0, Workers: 6
[7.405s][debug  ][gc,phases      ] GC(23)   StringTable Weak               Min:  0.0, Avg:  0.0, Max:  0.0, Diff:  0.0, Sum:  0.0, Workers: 6
[7.405s][debug  ][gc,phases      ] GC(23)     Dead                           Min: 0, Avg:  0.0, Max: 0, Diff: 0, Sum: 0, Workers: 6
[7.405s][debug  ][gc,phases      ] GC(23)     Total                          Min: 832, Avg: 892.5, Max: 960, Diff: 128, Sum: 5355, Workers: 6
[7.405s][debug  ][gc,phases      ] GC(23)   ResolvedMethodTable Weak       Min:  0.0, Avg:  0.0, Max:  0.0, Diff:  0.0, Sum:  0.0, Workers: 6
[7.405s][debug  ][gc,phases      ] GC(23)     Dead                           Min: 0, Avg:  0.0, Max: 0, Diff: 0, Sum: 0, Workers: 6
[7.406s][debug  ][gc,phases      ] GC(23)     Total                          Min: 0, Avg: 21.7, Max: 64, Diff: 64, Sum: 130, Workers: 6
[7.406s][debug  ][gc,phases      ] GC(23)   JNI Weak                       Min:  0.0, Avg:  0.0, Max:  0.0, Diff:  0.0, Sum:  0.0, Workers: 6
[7.406s][debug  ][gc,phases      ] GC(23)     Dead                           Min: 0, Avg:  0.0, Max: 0, Diff: 0, Sum: 0, Workers: 6
[7.406s][debug  ][gc,phases      ] GC(23)     Total                          Min: 0, Avg:  0.0, Max: 0, Diff: 0, Sum: 0, Workers: 6
[7.406s][debug  ][gc,phases      ] GC(23)   StringDedup Table Weak         Min:  0.0, Avg:  0.0, Max:  0.0, Diff:  0.0, Sum:  0.0, Workers: 6
[7.406s][debug  ][gc,phases      ] GC(23)     Dead                           Min: 0, Avg:  0.0, Max: 0, Diff: 0, Sum: 0, Workers: 6
[7.406s][debug  ][gc,phases      ] GC(23)     Total                          Min: 0, Avg:  0.0, Max: 0, Diff: 0, Sum: 0, Workers: 6
[7.406s][debug  ][gc,phases      ] GC(23)   StringDedup Requests0 Weak     Min:  0.0, Avg:  0.0, Max:  0.0, Diff:  0.0, Sum:  0.0, Workers: 6
[7.406s][debug  ][gc,phases      ] GC(23)     Dead                           Min: 0, Avg:  0.0, Max: 0, Diff: 0, Sum: 0, Workers: 6
[7.406s][debug  ][gc,phases      ] GC(23)     Total                          Min: 0, Avg:  0.0, Max: 0, Diff: 0, Sum: 0, Workers: 6
[7.406s][debug  ][gc,phases      ] GC(23)   StringDedup Requests1 Weak     Min:  0.0, Avg:  0.0, Max:  0.0, Diff:  0.0, Sum:  0.0, Workers: 6
[7.406s][debug  ][gc,phases      ] GC(23)     Dead                           Min: 0, Avg:  0.0, Max: 0, Diff: 0, Sum: 0, Workers: 6
[7.406s][debug  ][gc,phases      ] GC(23)     Total                          Min: 0, Avg:  0.0, Max: 0, Diff: 0, Sum: 0, Workers: 6
[7.406s][debug  ][gc,phases      ] GC(23)   Weak JFR Old Object Samples    Min:  0.0, Avg:  0.0, Max:  0.0, Diff:  0.0, Sum:  0.0, Workers: 6
[7.406s][debug  ][gc,phases      ] GC(23)     Dead                           Min: 0, Avg:  0.0, Max: 0, Diff: 0, Sum: 0, Workers: 6
[7.406s][debug  ][gc,phases      ] GC(23)     Total                          Min: 0, Avg:  0.0, Max: 0, Diff: 0, Sum: 0, Workers: 6
[7.406s][debug  ][gc,phases      ] GC(23) Weak Processing 0.728ms
[7.406s][debug  ][gc,phases,start] GC(23) Class Unloading
[7.406s][debug  ][gc,phases,start] GC(23) ClassLoaderData
[7.406s][debug  ][gc,phases      ] GC(23) ClassLoaderData 0.024ms
[7.406s][debug  ][gc,phases,start] GC(23) Trigger cleanups
[7.406s][debug  ][gc,phases      ] GC(23) Trigger cleanups 0.019ms
[7.406s][debug  ][gc,phases      ] GC(23) Class Unloading 0.289ms
[7.406s][info   ][gc,phases      ] GC(23) Marking Phase 2.212ms
[7.406s][info   ][gc,phases,start] GC(23) Summary Phase
[7.406s][info   ][gc,phases      ] GC(23) Summary Phase 0.094ms
[7.406s][info   ][gc,phases,start] GC(23) Adjust Roots
[7.407s][info   ][gc,phases      ] GC(23) Adjust Roots 0.367ms
[7.407s][info   ][gc,phases,start] GC(23) Compaction Phase
[7.423s][info   ][gc,phases      ] GC(23) Compaction Phase 16.656ms
[7.424s][info   ][gc,phases,start] GC(23) Post Compact
[7.471s][info   ][gc,phases      ] GC(23) Post Compact 47.671ms
[7.472s][debug  ][gc,ergo        ] GC(23) AdaptiveSizeStart: collection: 24 
[7.472s][debug  ][gc,ergo        ] GC(23) PSAdaptiveSizePolicy::compute_eden_space_size limits: desired_eden_size: 275577324 old_eden_size: 201326592 eden_limit: 201850880 cur_eden: 201326592 max_eden_size: 201850880 avg_young_live: 28534534
[7.472s][debug  ][gc,ergo        ] GC(23) PSAdaptiveSizePolicy::compute_eden_space_size: costs minor_time: 0.104122 major_cost: 0.009100 mutator_cost: 0.886777 throughput_goal: 0.990000
[7.472s][debug  ][gc,ergo        ] GC(23) Live_space: 296969984 free_space: 402653184
[7.472s][debug  ][gc,ergo        ] GC(23) Old eden_size: 201326592 desired_eden_size: 201850880
[7.472s][debug  ][gc,ergo        ] GC(23) PSAdaptiveSizePolicy::compute_old_gen_free_space: costs minor_time: 0.104122 major_cost: 0.009100  mutator_cost: 0.886777 throughput_goal: 0.990000
[7.472s][debug  ][gc,ergo        ] GC(23) Live_space: 434959296 free_space: 403177472
[7.472s][debug  ][gc,ergo        ] GC(23) Old promo_size: 201326592 desired_promo_size: 217579520
[7.703s][debug  ][gc             ] GC(23) Shrinking ParOldGen from 3932160K by 3329536K to 602624K
[7.704s][debug  ][gc,ergo        ] GC(23) AdaptiveSizeStop: collection: 24 
[7.704s][info   ][gc,heap        ] GC(23) PSYoungGen: 30720K(229376K)->0K(229888K) Eden: 0K(196608K)->0K(197632K) From: 30720K(32768K)->0K(32256K)
[7.704s][info   ][gc,heap        ] GC(23) ParOldGen: 3749682K(3932160K)->134755K(602624K)
[7.704s][info   ][gc,metaspace   ] GC(23) Metaspace: 1021K(1216K)->1021K(1216K) NonClass: 938K(1024K)->938K(1024K) Class: 83K(192K)->83K(192K)
[7.704s][info   ][gc             ] GC(23) Pause Full (Ergonomics) 3691M->131M(813M) 299.785ms
[7.704s][info   ][gc,cpu         ] GC(23) User=0.08s Sys=0.34s Real=0.30s
[7.704s][debug  ][gc,heap        ] GC(23) Heap after GC invocations=24 (full 1):
[7.704s][debug  ][gc,heap        ] GC(23)  PSYoungGen      total 229888K, used 0K [0x00000007f0000000, 0x0000000800000000, 0x0000000800000000)
[7.704s][debug  ][gc,heap        ] GC(23)   eden space 197632K, 0% used [0x00000007f0000000,0x00000007f0000000,0x00000007fc100000)
[7.704s][debug  ][gc,heap        ] GC(23)   from space 32256K, 0% used [0x00000007fe080000,0x00000007fe080000,0x0000000800000000)
[7.704s][debug  ][gc,heap        ] GC(23)   to   space 32256K, 0% used [0x00000007fc100000,0x00000007fc100000,0x00000007fe080000)
[7.704s][debug  ][gc,heap        ] GC(23)  ParOldGen       total 602624K, used 134755K [0x0000000700000000, 0x0000000724c80000, 0x00000007f0000000)
[7.704s][debug  ][gc,heap        ] GC(23)   object space 602624K, 22% used [0x0000000700000000,0x0000000708398cc8,0x0000000724c80000)
[7.704s][debug  ][gc,heap        ] GC(23)  Metaspace       used 1021K, committed 1216K, reserved 1056768K
[7.704s][debug  ][gc,heap        ] GC(23)   class space    used 83K, committed 192K, reserved 1048576K
[7.704s][debug  ][gc,task,time   ] GC(23) VM-Thread 74039974 74067603 77038374
[7.990s][debug  ][gc,heap        ] GC(24) Heap before GC invocations=25 (full 1):
[7.990s][debug  ][gc,heap        ] GC(24)  PSYoungGen      total 229888K, used 188192K [0x00000007f0000000, 0x0000000800000000, 0x0000000800000000)
[7.990s][debug  ][gc,heap        ] GC(24)   eden space 197632K, 95% used [0x00000007f0000000,0x00000007fb7c8020,0x00000007fc100000)
[7.990s][debug  ][gc,heap        ] GC(24)   from space 32256K, 0% used [0x00000007fe080000,0x00000007fe080000,0x0000000800000000)
[7.990s][debug  ][gc,heap        ] GC(24)   to   space 32256K, 0% used [0x00000007fc100000,0x00000007fc100000,0x00000007fe080000)
[7.990s][debug  ][gc,heap        ] GC(24)  ParOldGen       total 602624K, used 134755K [0x0000000700000000, 0x0000000724c80000, 0x00000007f0000000)
[7.990s][debug  ][gc,heap        ] GC(24)   object space 602624K, 22% used [0x0000000700000000,0x0000000708398cc8,0x0000000724c80000)
[7.990s][debug  ][gc,heap        ] GC(24)  Metaspace       used 1021K, committed 1216K, reserved 1056768K
[7.990s][debug  ][gc,heap        ] GC(24)   class space    used 83K, committed 192K, reserved 1048576K
[7.990s][debug  ][gc,tlab        ] GC(24) TLAB totals: thrds: 1  refills: 1 max: 1 slow allocs: 17 max 17 waste: 27.4% gc: 3964672B max: 3964672B slow: 0B max: 0B
[7.990s][info   ][gc,start       ] GC(24) Pause Young (Allocation Failure)
[7.990s][debug  ][gc,phases,start] GC(24) Scavenge
[8.004s][debug  ][gc,phases      ] GC(24) Scavenge 13.324ms
[8.004s][debug  ][gc,phases,start] GC(24) Reference Processing
[8.004s][debug  ][gc,ref         ] GC(24) Skipped phase 1 of Reference Processing: no references
[8.004s][debug  ][gc,ref         ] GC(24) Skipped phase 2 of Reference Processing: no references
[8.004s][debug  ][gc,ref         ] GC(24) Skipped phase 3 of Reference Processing: no references
[8.004s][debug  ][gc,ref         ] GC(24) Skipped phase 4 of Reference Processing: no references
[8.004s][debug  ][gc,phases,ref  ] GC(24) Reference Processing: 0.1ms
[8.004s][debug  ][gc,phases,ref  ] GC(24)   Reconsider SoftReferences: 0.0ms
[8.004s][debug  ][gc,phases,ref  ] GC(24)     SoftRef (ms):                  skipped
[8.004s][debug  ][gc,phases,ref  ] GC(24)   Notify Soft/WeakReferences: 0.0ms
[8.004s][debug  ][gc,phases,ref  ] GC(24)     SoftRef (ms):                  skipped
[8.004s][debug  ][gc,phases,ref  ] GC(24)     WeakRef (ms):                  skipped
[8.004s][debug  ][gc,phases,ref  ] GC(24)     FinalRef (ms):                 skipped
[8.004s][debug  ][gc,phases,ref  ] GC(24)     Total (ms):                    skipped
[8.004s][debug  ][gc,phases,ref  ] GC(24)   Notify and keep alive finalizable: 0.0ms
[8.004s][debug  ][gc,phases,ref  ] GC(24)     FinalRef (ms):                 skipped
[8.004s][debug  ][gc,phases,ref  ] GC(24)   Notify PhantomReferences: 0.0ms
[8.004s][debug  ][gc,phases,ref  ] GC(24)     PhantomRef (ms):               skipped
[8.005s][debug  ][gc,phases,ref  ] GC(24)   SoftReference:
[8.005s][debug  ][gc,phases,ref  ] GC(24)     Discovered: 0
[8.005s][debug  ][gc,phases,ref  ] GC(24)     Cleared: 0
[8.005s][debug  ][gc,phases,ref  ] GC(24)   WeakReference:
[8.005s][debug  ][gc,phases,ref  ] GC(24)     Discovered: 0
[8.005s][debug  ][gc,phases,ref  ] GC(24)     Cleared: 0
[8.005s][debug  ][gc,phases,ref  ] GC(24)   FinalReference:
[8.005s][debug  ][gc,phases,ref  ] GC(24)     Discovered: 0
[8.005s][debug  ][gc,phases,ref  ] GC(24)     Cleared: 0
[8.005s][debug  ][gc,phases,ref  ] GC(24)   PhantomReference:
[8.005s][debug  ][gc,phases,ref  ] GC(24)     Discovered: 0
[8.005s][debug  ][gc,phases,ref  ] GC(24)     Cleared: 0
[8.005s][debug  ][gc,phases      ] GC(24) Reference Processing 0.963ms
[8.005s][debug  ][gc,phases,start] GC(24) Weak Processing
[8.005s][debug  ][gc,phases      ] GC(24)   VM Weak                        Min:  0.0, Avg:  0.0, Max:  0.0, Diff:  0.0, Sum:  0.0, Workers: 6
[8.005s][debug  ][gc,phases      ] GC(24)     Dead                           Min: 0, Avg:  0.0, Max: 0, Diff: 0, Sum: 0, Workers: 6
[8.005s][debug  ][gc,phases      ] GC(24)     Total                          Min: 0, Avg:  1.3, Max: 8, Diff: 8, Sum: 8, Workers: 6
[8.005s][debug  ][gc,phases      ] GC(24)   ObjectSynchronizer Weak        Min:  0.0, Avg:  0.0, Max:  0.0, Diff:  0.0, Sum:  0.0, Workers: 6
[8.005s][debug  ][gc,phases      ] GC(24)     Dead                           Min: 0, Avg:  0.0, Max: 0, Diff: 0, Sum: 0, Workers: 6
[8.005s][debug  ][gc,phases      ] GC(24)     Total                          Min: 0, Avg:  0.5, Max: 3, Diff: 3, Sum: 3, Workers: 6
[8.005s][debug  ][gc,phases      ] GC(24)   JVMTI Tag Weak OopStorage      Min:  0.0, Avg:  0.0, Max:  0.0, Diff:  0.0, Sum:  0.0, Workers: 6
[8.005s][debug  ][gc,phases      ] GC(24)     Dead                           Min: 0, Avg:  0.0, Max: 0, Diff: 0, Sum: 0, Workers: 6
[8.005s][debug  ][gc,phases      ] GC(24)     Total                          Min: 0, Avg:  0.0, Max: 0, Diff: 0, Sum: 0, Workers: 6
[8.005s][debug  ][gc,phases      ] GC(24)   StringTable Weak               Min:  0.0, Avg:  0.0, Max:  0.0, Diff:  0.0, Sum:  0.1, Workers: 6
[8.005s][debug  ][gc,phases      ] GC(24)     Dead                           Min: 0, Avg:  0.0, Max: 0, Diff: 0, Sum: 0, Workers: 6
[8.005s][debug  ][gc,phases      ] GC(24)     Total                          Min: 0, Avg: 892.5, Max: 1407, Diff: 1407, Sum: 5355, Workers: 6
[8.005s][debug  ][gc,phases      ] GC(24)   ResolvedMethodTable Weak       Min:  0.0, Avg:  0.0, Max:  0.0, Diff:  0.0, Sum:  0.0, Workers: 6
[8.006s][debug  ][gc,phases      ] GC(24)     Dead                           Min: 0, Avg:  0.0, Max: 0, Diff: 0, Sum: 0, Workers: 6
[8.006s][debug  ][gc,phases      ] GC(24)     Total                          Min: 0, Avg: 21.7, Max: 64, Diff: 64, Sum: 130, Workers: 6
[8.006s][debug  ][gc,phases      ] GC(24)   JNI Weak                       Min:  0.0, Avg:  0.0, Max:  0.0, Diff:  0.0, Sum:  0.0, Workers: 6
[8.006s][debug  ][gc,phases      ] GC(24)     Dead                           Min: 0, Avg:  0.0, Max: 0, Diff: 0, Sum: 0, Workers: 6
[8.006s][debug  ][gc,phases      ] GC(24)     Total                          Min: 0, Avg:  0.0, Max: 0, Diff: 0, Sum: 0, Workers: 6
[8.006s][debug  ][gc,phases      ] GC(24)   StringDedup Table Weak         Min:  0.0, Avg:  0.0, Max:  0.0, Diff:  0.0, Sum:  0.0, Workers: 6
[8.006s][debug  ][gc,phases      ] GC(24)     Dead                           Min: 0, Avg:  0.0, Max: 0, Diff: 0, Sum: 0, Workers: 6
[8.006s][debug  ][gc,phases      ] GC(24)     Total                          Min: 0, Avg:  0.0, Max: 0, Diff: 0, Sum: 0, Workers: 6
[8.006s][debug  ][gc,phases      ] GC(24)   StringDedup Requests0 Weak     Min:  0.0, Avg:  0.0, Max:  0.0, Diff:  0.0, Sum:  0.0, Workers: 6
[8.006s][debug  ][gc,phases      ] GC(24)     Dead                           Min: 0, Avg:  0.0, Max: 0, Diff: 0, Sum: 0, Workers: 6
[8.006s][debug  ][gc,phases      ] GC(24)     Total                          Min: 0, Avg:  0.0, Max: 0, Diff: 0, Sum: 0, Workers: 6
[8.006s][debug  ][gc,phases      ] GC(24)   StringDedup Requests1 Weak     Min:  0.0, Avg:  0.0, Max:  0.0, Diff:  0.0, Sum:  0.0, Workers: 6
[8.006s][debug  ][gc,phases      ] GC(24)     Dead                           Min: 0, Avg:  0.0, Max: 0, Diff: 0, Sum: 0, Workers: 6
[8.006s][debug  ][gc,phases      ] GC(24)     Total                          Min: 0, Avg:  0.0, Max: 0, Diff: 0, Sum: 0, Workers: 6
[8.006s][debug  ][gc,phases      ] GC(24)   Weak JFR Old Object Samples    Min:  0.0, Avg:  0.0, Max:  0.0, Diff:  0.0, Sum:  0.0, Workers: 6
[8.006s][debug  ][gc,phases      ] GC(24)     Dead                           Min: 0, Avg:  0.0, Max: 0, Diff: 0, Sum: 0, Workers: 6
[8.006s][debug  ][gc,phases      ] GC(24)     Total                          Min: 0, Avg:  0.0, Max: 0, Diff: 0, Sum: 0, Workers: 6
[8.006s][debug  ][gc,phases      ] GC(24) Weak Processing 1.162ms
[8.006s][debug  ][gc,ergo        ] GC(24) AdaptiveSizeStart:  collection: 25 
[8.006s][debug  ][gc,ergo        ] GC(24) avg_survived_padded_avg: 32911980.000000
[8.006s][debug  ][gc,ergo        ] GC(24) avg_promoted_padded_avg: 252662400.000000  avg_pretenured_padded_avg: 0.000000  tenuring_thresh: 1  target_size: 33030144
[8.006s][debug  ][gc,age         ] GC(24) Desired survivor size 33030144 bytes, new threshold 1 (max threshold 15)
[8.006s][debug  ][gc,ergo        ] GC(24) PSAdaptiveSizePolicy::compute_eden_space_size limits: desired_eden_size: 275744379 old_eden_size: 201850880 eden_limit: 202375168 cur_eden: 202375168 max_eden_size: 202375168 avg_young_live: 28826812
[8.006s][debug  ][gc,ergo        ] GC(24) PSAdaptiveSizePolicy::compute_eden_space_size: costs minor_time: 0.084567 major_cost: 0.009100 mutator_cost: 0.906333 throughput_goal: 0.990000
[8.006s][debug  ][gc,ergo        ] GC(24) Live_space: 435251584 free_space: 419430400
[8.006s][debug  ][gc,ergo        ] GC(24) Old eden_size: 201850880 desired_eden_size: 202375168
[8.006s][debug  ][gc,ergo        ] GC(24) AdaptiveSizeStop: collection: 25 
[8.006s][info   ][gc,heap        ] GC(24) PSYoungGen: 188192K(229888K)->30720K(229888K) Eden: 188192K(197632K)->0K(197632K) From: 0K(32256K)->30720K(32256K)
[8.006s][info   ][gc,heap        ] GC(24) ParOldGen: 134755K(602624K)->288355K(602624K)
[8.006s][info   ][gc,metaspace   ] GC(24) Metaspace: 1021K(1216K)->1021K(1216K) NonClass: 938K(1024K)->938K(1024K) Class: 83K(192K)->83K(192K)
[8.006s][info   ][gc             ] GC(24) Pause Young (Allocation Failure) 315M->311M(813M) 16.072ms
[8.007s][info   ][gc,cpu         ] GC(24) User=0.09s Sys=0.00s Real=0.02s
[8.007s][debug  ][gc,heap        ] GC(24) Heap after GC invocations=25 (full 1):
[8.007s][debug  ][gc,heap        ] GC(24)  PSYoungGen      total 229888K, used 30720K [0x00000007f0000000, 0x0000000800000000, 0x0000000800000000)
[8.007s][debug  ][gc,heap        ] GC(24)   eden space 197632K, 0% used [0x00000007f0000000,0x00000007f0000000,0x00000007fc100000)
[8.007s][debug  ][gc,heap        ] GC(24)   from space 32256K, 95% used [0x00000007fc100000,0x00000007fdf00030,0x00000007fe080000)
[8.007s][debug  ][gc,heap        ] GC(24)   to   space 32256K, 0% used [0x00000007fe080000,0x00000007fe080000,0x0000000800000000)
[8.007s][debug  ][gc,heap        ] GC(24)  ParOldGen       total 602624K, used 288355K [0x0000000700000000, 0x0000000724c80000, 0x00000007f0000000)
[8.007s][debug  ][gc,heap        ] GC(24)   object space 602624K, 47% used [0x0000000700000000,0x0000000711998db8,0x0000000724c80000)
[8.007s][debug  ][gc,heap        ] GC(24)  Metaspace       used 1021K, committed 1216K, reserved 1056768K
[8.007s][debug  ][gc,heap        ] GC(24)   class space    used 83K, committed 192K, reserved 1048576K
[8.007s][debug  ][gc,task,time   ] GC(24) VM-Thread 79900527 80038761 80068949
[8.287s][debug  ][gc,heap        ] GC(25) Heap before GC invocations=26 (full 1):
[8.287s][debug  ][gc,heap        ] GC(25)  PSYoungGen      total 229888K, used 218836K [0x00000007f0000000, 0x0000000800000000, 0x0000000800000000)
[8.287s][debug  ][gc,heap        ] GC(25)   eden space 197632K, 95% used [0x00000007f0000000,0x00000007fb7b5268,0x00000007fc100000)
[8.287s][debug  ][gc,heap        ] GC(25)   from space 32256K, 95% used [0x00000007fc100000,0x00000007fdf00030,0x00000007fe080000)
[8.287s][debug  ][gc,heap        ] GC(25)   to   space 32256K, 0% used [0x00000007fe080000,0x00000007fe080000,0x0000000800000000)
[8.287s][debug  ][gc,heap        ] GC(25)  ParOldGen       total 602624K, used 288355K [0x0000000700000000, 0x0000000724c80000, 0x00000007f0000000)
[8.287s][debug  ][gc,heap        ] GC(25)   object space 602624K, 47% used [0x0000000700000000,0x0000000711998db8,0x0000000724c80000)
[8.287s][debug  ][gc,heap        ] GC(25)  Metaspace       used 1021K, committed 1216K, reserved 1056768K
[8.288s][debug  ][gc,heap        ] GC(25)   class space    used 83K, committed 192K, reserved 1048576K
[8.288s][debug  ][gc,tlab        ] GC(25) TLAB totals: thrds: 1  refills: 1 max: 1 slow allocs: 17 max 17 waste: 27.0% gc: 3887432B max: 3887432B slow: 0B max: 0B
[8.288s][info   ][gc,start       ] GC(25) Pause Young (Allocation Failure)
[8.288s][debug  ][gc,phases,start] GC(25) Scavenge
[8.302s][debug  ][gc,phases      ] GC(25) Scavenge 14.514ms
[8.302s][debug  ][gc,phases,start] GC(25) Reference Processing
[8.302s][debug  ][gc,ref         ] GC(25) Skipped phase 1 of Reference Processing: no references
[8.302s][debug  ][gc,ref         ] GC(25) Skipped phase 2 of Reference Processing: no references
[8.302s][debug  ][gc,ref         ] GC(25) Skipped phase 3 of Reference Processing: no references
[8.302s][debug  ][gc,ref         ] GC(25) Skipped phase 4 of Reference Processing: no references
[8.302s][debug  ][gc,phases,ref  ] GC(25) Reference Processing: 0.1ms
[8.302s][debug  ][gc,phases,ref  ] GC(25)   Reconsider SoftReferences: 0.0ms
[8.302s][debug  ][gc,phases,ref  ] GC(25)     SoftRef (ms):                  skipped
[8.303s][debug  ][gc,phases,ref  ] GC(25)   Notify Soft/WeakReferences: 0.0ms
[8.303s][debug  ][gc,phases,ref  ] GC(25)     SoftRef (ms):                  skipped
[8.303s][debug  ][gc,phases,ref  ] GC(25)     WeakRef (ms):                  skipped
[8.303s][debug  ][gc,phases,ref  ] GC(25)     FinalRef (ms):                 skipped
[8.303s][debug  ][gc,phases,ref  ] GC(25)     Total (ms):                    skipped
[8.303s][debug  ][gc,phases,ref  ] GC(25)   Notify and keep alive finalizable: 0.0ms
[8.303s][debug  ][gc,phases,ref  ] GC(25)     FinalRef (ms):                 skipped
[8.303s][debug  ][gc,phases,ref  ] GC(25)   Notify PhantomReferences: 0.0ms
[8.303s][debug  ][gc,phases,ref  ] GC(25)     PhantomRef (ms):               skipped
[8.303s][debug  ][gc,phases,ref  ] GC(25)   SoftReference:
[8.303s][debug  ][gc,phases,ref  ] GC(25)     Discovered: 0
[8.303s][debug  ][gc,phases,ref  ] GC(25)     Cleared: 0
[8.303s][debug  ][gc,phases,ref  ] GC(25)   WeakReference:
[8.303s][debug  ][gc,phases,ref  ] GC(25)     Discovered: 0
[8.303s][debug  ][gc,phases,ref  ] GC(25)     Cleared: 0
[8.303s][debug  ][gc,phases,ref  ] GC(25)   FinalReference:
[8.303s][debug  ][gc,phases,ref  ] GC(25)     Discovered: 0
[8.303s][debug  ][gc,phases,ref  ] GC(25)     Cleared: 0
[8.303s][debug  ][gc,phases,ref  ] GC(25)   PhantomReference:
[8.303s][debug  ][gc,phases,ref  ] GC(25)     Discovered: 0
[8.303s][debug  ][gc,phases,ref  ] GC(25)     Cleared: 0
[8.303s][debug  ][gc,phases      ] GC(25) Reference Processing 0.720ms
[8.303s][debug  ][gc,phases,start] GC(25) Weak Processing
[8.303s][debug  ][gc,phases      ] GC(25)   VM Weak                        Min:  0.0, Avg:  0.0, Max:  0.0, Diff:  0.0, Sum:  0.0, Workers: 6
[8.303s][debug  ][gc,phases      ] GC(25)     Dead                           Min: 0, Avg:  0.0, Max: 0, Diff: 0, Sum: 0, Workers: 6
[8.303s][debug  ][gc,phases      ] GC(25)     Total                          Min: 0, Avg:  1.3, Max: 8, Diff: 8, Sum: 8, Workers: 6
[8.303s][debug  ][gc,phases      ] GC(25)   ObjectSynchronizer Weak        Min:  0.0, Avg:  0.0, Max:  0.0, Diff:  0.0, Sum:  0.0, Workers: 6
[8.303s][debug  ][gc,phases      ] GC(25)     Dead                           Min: 0, Avg:  0.0, Max: 0, Diff: 0, Sum: 0, Workers: 6
[8.303s][debug  ][gc,phases      ] GC(25)     Total                          Min: 0, Avg:  0.5, Max: 3, Diff: 3, Sum: 3, Workers: 6
[8.303s][debug  ][gc,phases      ] GC(25)   JVMTI Tag Weak OopStorage      Min:  0.0, Avg:  0.0, Max:  0.0, Diff:  0.0, Sum:  0.0, Workers: 6
[8.303s][debug  ][gc,phases      ] GC(25)     Dead                           Min: 0, Avg:  0.0, Max: 0, Diff: 0, Sum: 0, Workers: 6
[8.303s][debug  ][gc,phases      ] GC(25)     Total                          Min: 0, Avg:  0.0, Max: 0, Diff: 0, Sum: 0, Workers: 6
[8.303s][debug  ][gc,phases      ] GC(25)   StringTable Weak               Min:  0.0, Avg:  0.0, Max:  0.0, Diff:  0.0, Sum:  0.0, Workers: 6
[8.303s][debug  ][gc,phases      ] GC(25)     Dead                           Min: 0, Avg:  0.0, Max: 0, Diff: 0, Sum: 0, Workers: 6
[8.303s][debug  ][gc,phases      ] GC(25)     Total                          Min: 704, Avg: 892.5, Max: 1088, Diff: 384, Sum: 5355, Workers: 6
[8.303s][debug  ][gc,phases      ] GC(25)   ResolvedMethodTable Weak       Min:  0.0, Avg:  0.0, Max:  0.0, Diff:  0.0, Sum:  0.0, Workers: 6
[8.303s][debug  ][gc,phases      ] GC(25)     Dead                           Min: 0, Avg:  0.0, Max: 0, Diff: 0, Sum: 0, Workers: 6
[8.303s][debug  ][gc,phases      ] GC(25)     Total                          Min: 0, Avg: 21.7, Max: 64, Diff: 64, Sum: 130, Workers: 6
[8.303s][debug  ][gc,phases      ] GC(25)   JNI Weak                       Min:  0.0, Avg:  0.0, Max:  0.0, Diff:  0.0, Sum:  0.0, Workers: 6
[8.303s][debug  ][gc,phases      ] GC(25)     Dead                           Min: 0, Avg:  0.0, Max: 0, Diff: 0, Sum: 0, Workers: 6
[8.303s][debug  ][gc,phases      ] GC(25)     Total                          Min: 0, Avg:  0.0, Max: 0, Diff: 0, Sum: 0, Workers: 6
[8.303s][debug  ][gc,phases      ] GC(25)   StringDedup Table Weak         Min:  0.0, Avg:  0.0, Max:  0.0, Diff:  0.0, Sum:  0.0, Workers: 6
[8.303s][debug  ][gc,phases      ] GC(25)     Dead                           Min: 0, Avg:  0.0, Max: 0, Diff: 0, Sum: 0, Workers: 6
[8.303s][debug  ][gc,phases      ] GC(25)     Total                          Min: 0, Avg:  0.0, Max: 0, Diff: 0, Sum: 0, Workers: 6
[8.304s][debug  ][gc,phases      ] GC(25)   StringDedup Requests0 Weak     Min:  0.0, Avg:  0.0, Max:  0.0, Diff:  0.0, Sum:  0.0, Workers: 6
[8.304s][debug  ][gc,phases      ] GC(25)     Dead                           Min: 0, Avg:  0.0, Max: 0, Diff: 0, Sum: 0, Workers: 6
[8.304s][debug  ][gc,phases      ] GC(25)     Total                          Min: 0, Avg:  0.0, Max: 0, Diff: 0, Sum: 0, Workers: 6
[8.304s][debug  ][gc,phases      ] GC(25)   StringDedup Requests1 Weak     Min:  0.0, Avg:  0.0, Max:  0.0, Diff:  0.0, Sum:  0.0, Workers: 6
[8.304s][debug  ][gc,phases      ] GC(25)     Dead                           Min: 0, Avg:  0.0, Max: 0, Diff: 0, Sum: 0, Workers: 6
[8.304s][debug  ][gc,phases      ] GC(25)     Total                          Min: 0, Avg:  0.0, Max: 0, Diff: 0, Sum: 0, Workers: 6
[8.304s][debug  ][gc,phases      ] GC(25)   Weak JFR Old Object Samples    Min:  0.0, Avg:  0.0, Max:  0.0, Diff:  0.0, Sum:  0.0, Workers: 6
[8.304s][debug  ][gc,phases      ] GC(25)     Dead                           Min: 0, Avg:  0.0, Max: 0, Diff: 0, Sum: 0, Workers: 6
[8.304s][debug  ][gc,phases      ] GC(25)     Total                          Min: 0, Avg:  0.0, Max: 0, Diff: 0, Sum: 0, Workers: 6
[8.304s][debug  ][gc,phases      ] GC(25) Weak Processing 0.690ms
[8.304s][debug  ][gc,ergo        ] GC(25) AdaptiveSizeStart:  collection: 26 
[8.304s][debug  ][gc,ergo        ] GC(25) avg_survived_padded_avg: 32826708.000000
[8.304s][debug  ][gc,ergo        ] GC(25) avg_promoted_padded_avg: 252937952.000000  avg_pretenured_padded_avg: 0.000000  tenuring_thresh: 1  target_size: 33030144
[8.304s][debug  ][gc,age         ] GC(25) Desired survivor size 33030144 bytes, new threshold 1 (max threshold 15)
[8.304s][debug  ][gc,ergo        ] GC(25) PSAdaptiveSizePolicy::compute_eden_space_size limits: desired_eden_size: 256758303 old_eden_size: 202375168 eden_limit: 202375168 cur_eden: 202375168 max_eden_size: 202375168 avg_young_live: 29089862
[8.304s][debug  ][gc,ergo        ] GC(25) PSAdaptiveSizePolicy::compute_eden_space_size: costs minor_time: 0.076918 major_cost: 0.009100 mutator_cost: 0.913982 throughput_goal: 0.990000
[8.304s][debug  ][gc,ergo        ] GC(25) Live_space: 435514624 free_space: 419954688
[8.304s][debug  ][gc,ergo        ] GC(25) Old eden_size: 202375168 desired_eden_size: 202375168
[8.304s][debug  ][gc,ergo        ] GC(25) AdaptiveSizeStop: collection: 26 
[8.304s][info   ][gc,heap        ] GC(25) PSYoungGen: 218836K(229888K)->30720K(229888K) Eden: 188116K(197632K)->0K(197632K) From: 30720K(32256K)->30720K(32256K)
[8.304s][info   ][gc,heap        ] GC(25) ParOldGen: 288355K(602624K)->472675K(602624K)
[8.304s][info   ][gc,metaspace   ] GC(25) Metaspace: 1021K(1216K)->1021K(1216K) NonClass: 938K(1024K)->938K(1024K) Class: 83K(192K)->83K(192K)
[8.304s][info   ][gc             ] GC(25) Pause Young (Allocation Failure) 495M->491M(813M) 16.416ms
[8.304s][info   ][gc,cpu         ] GC(25) User=0.16s Sys=0.00s Real=0.02s
[8.304s][debug  ][gc,heap        ] GC(25) Heap after GC invocations=26 (full 1):
[8.304s][debug  ][gc,heap        ] GC(25)  PSYoungGen      total 229888K, used 30720K [0x00000007f0000000, 0x0000000800000000, 0x0000000800000000)
[8.304s][debug  ][gc,heap        ] GC(25)   eden space 197632K, 0% used [0x00000007f0000000,0x00000007f0000000,0x00000007fc100000)
[8.304s][debug  ][gc,heap        ] GC(25)   from space 32256K, 95% used [0x00000007fe080000,0x00000007ffe80030,0x0000000800000000)
[8.304s][debug  ][gc,heap        ] GC(25)   to   space 32256K, 0% used [0x00000007fc100000,0x00000007fc100000,0x00000007fe080000)
[8.304s][debug  ][gc,heap        ] GC(25)  ParOldGen       total 602624K, used 472675K [0x0000000700000000, 0x0000000724c80000, 0x00000007f0000000)
[8.304s][debug  ][gc,heap        ] GC(25)   object space 602624K, 78% used [0x0000000700000000,0x000000071cd98ed8,0x0000000724c80000)
[8.304s][debug  ][gc,heap        ] GC(25)  Metaspace       used 1021K, committed 1216K, reserved 1056768K
[8.304s][debug  ][gc,heap        ] GC(25)   class space    used 83K, committed 192K, reserved 1048576K
[8.304s][debug  ][gc,task,time   ] GC(25) VM-Thread 82871659 83022635 83042920
[8.304s][debug  ][gc,phases,start] GC(26) Pre Compact
[8.304s][debug  ][gc,heap        ] GC(26) Heap before GC invocations=27 (full 2):
[8.304s][debug  ][gc,heap        ] GC(26)  PSYoungGen      total 229888K, used 30720K [0x00000007f0000000, 0x0000000800000000, 0x0000000800000000)
[8.304s][debug  ][gc,heap        ] GC(26)   eden space 197632K, 0% used [0x00000007f0000000,0x00000007f0000000,0x00000007fc100000)
[8.304s][debug  ][gc,heap        ] GC(26)   from space 32256K, 95% used [0x00000007fe080000,0x00000007ffe80030,0x0000000800000000)
[8.304s][debug  ][gc,heap        ] GC(26)   to   space 32256K, 0% used [0x00000007fc100000,0x00000007fc100000,0x00000007fe080000)
[8.304s][debug  ][gc,heap        ] GC(26)  ParOldGen       total 602624K, used 472675K [0x0000000700000000, 0x0000000724c80000, 0x00000007f0000000)
[8.304s][debug  ][gc,heap        ] GC(26)   object space 602624K, 78% used [0x0000000700000000,0x000000071cd98ed8,0x0000000724c80000)
[8.304s][debug  ][gc,heap        ] GC(26)  Metaspace       used 1021K, committed 1216K, reserved 1056768K
[8.304s][debug  ][gc,heap        ] GC(26)   class space    used 83K, committed 192K, reserved 1048576K
[8.305s][debug  ][gc,phases      ] GC(26) Pre Compact 0.207ms
[8.305s][info   ][gc,start       ] GC(26) Pause Full (Ergonomics)
[8.305s][info   ][gc,phases,start] GC(26) Marking Phase
[8.305s][debug  ][gc,phases,start] GC(26) Par Mark
[8.305s][debug  ][gc,phases      ] GC(26) Par Mark 0.538ms
[8.305s][debug  ][gc,phases,start] GC(26) Reference Processing
[8.305s][debug  ][gc,ref         ] GC(26) Skipped phase 1 of Reference Processing: no references
[8.305s][debug  ][gc,ref         ] GC(26) ReferenceProcessor::execute queues: 1, RefProcThreadModel::Single, marks_oops_alive: false
[8.305s][debug  ][gc,ref         ] GC(26) Skipped phase 3 of Reference Processing: no references
[8.305s][debug  ][gc,ref         ] GC(26) ReferenceProcessor::execute queues: 1, RefProcThreadModel::Single, marks_oops_alive: false
[8.305s][debug  ][gc,phases,ref  ] GC(26) Reference Processing: 0.1ms
[8.305s][debug  ][gc,phases,ref  ] GC(26)   Reconsider SoftReferences: 0.0ms
[8.305s][debug  ][gc,phases,ref  ] GC(26)     SoftRef (ms):                  skipped
[8.305s][debug  ][gc,phases,ref  ] GC(26)   Notify Soft/WeakReferences: 0.0ms
[8.305s][debug  ][gc,phases,ref  ] GC(26)     SoftRef (ms):                  Min:  0.0, Avg:  0.0, Max:  0.0, Diff:  0.0, Sum:  0.0, Workers: 10
[8.305s][debug  ][gc,phases,ref  ] GC(26)     WeakRef (ms):                  Min:  0.0, Avg:  0.0, Max:  0.0, Diff:  0.0, Sum:  0.0, Workers: 10
[8.305s][debug  ][gc,phases,ref  ] GC(26)     FinalRef (ms):                 Min:  0.0, Avg:  0.0, Max:  0.0, Diff:  0.0, Sum:  0.0, Workers: 10
[8.305s][debug  ][gc,phases,ref  ] GC(26)     Total (ms):                    Min:  0.0, Avg:  0.0, Max:  0.0, Diff:  0.0, Sum:  0.0, Workers: 10
[8.305s][debug  ][gc,phases,ref  ] GC(26)   Notify and keep alive finalizable: 0.0ms
[8.305s][debug  ][gc,phases,ref  ] GC(26)     FinalRef (ms):                 skipped
[8.306s][debug  ][gc,phases,ref  ] GC(26)   Notify PhantomReferences: 0.0ms
[8.306s][debug  ][gc,phases,ref  ] GC(26)     PhantomRef (ms):               Min:  0.0, Avg:  0.0, Max:  0.0, Diff:  0.0, Sum:  0.0, Workers: 10
[8.306s][debug  ][gc,phases,ref  ] GC(26)   SoftReference:
[8.306s][debug  ][gc,phases,ref  ] GC(26)     Discovered: 0
[8.306s][debug  ][gc,phases,ref  ] GC(26)     Cleared: 0
[8.306s][debug  ][gc,phases,ref  ] GC(26)   WeakReference:
[8.306s][debug  ][gc,phases,ref  ] GC(26)     Discovered: 80
[8.306s][debug  ][gc,phases,ref  ] GC(26)     Cleared: 80
[8.306s][debug  ][gc,phases,ref  ] GC(26)   FinalReference:
[8.306s][debug  ][gc,phases,ref  ] GC(26)     Discovered: 0
[8.306s][debug  ][gc,phases,ref  ] GC(26)     Cleared: 0
[8.306s][debug  ][gc,phases,ref  ] GC(26)   PhantomReference:
[8.306s][debug  ][gc,phases,ref  ] GC(26)     Discovered: 3
[8.306s][debug  ][gc,phases,ref  ] GC(26)     Cleared: 3
[8.306s][debug  ][gc,phases      ] GC(26) Reference Processing 0.582ms
[8.306s][debug  ][gc,phases,start] GC(26) Weak Processing
[8.306s][debug  ][gc,phases      ] GC(26)   VM Weak                        Min:  0.0, Avg:  0.0, Max:  0.0, Diff:  0.0, Sum:  0.0, Workers: 6
[8.306s][debug  ][gc,phases      ] GC(26)     Dead                           Min: 0, Avg:  0.0, Max: 0, Diff: 0, Sum: 0, Workers: 6
[8.306s][debug  ][gc,phases      ] GC(26)     Total                          Min: 0, Avg:  1.3, Max: 8, Diff: 8, Sum: 8, Workers: 6
[8.306s][debug  ][gc,phases      ] GC(26)   ObjectSynchronizer Weak        Min:  0.0, Avg:  0.0, Max:  0.0, Diff:  0.0, Sum:  0.0, Workers: 6
[8.306s][debug  ][gc,phases      ] GC(26)     Dead                           Min: 0, Avg:  0.0, Max: 0, Diff: 0, Sum: 0, Workers: 6
[8.306s][debug  ][gc,phases      ] GC(26)     Total                          Min: 0, Avg:  0.5, Max: 3, Diff: 3, Sum: 3, Workers: 6
[8.306s][debug  ][gc,phases      ] GC(26)   JVMTI Tag Weak OopStorage      Min:  0.0, Avg:  0.0, Max:  0.0, Diff:  0.0, Sum:  0.0, Workers: 6
[8.306s][debug  ][gc,phases      ] GC(26)     Dead                           Min: 0, Avg:  0.0, Max: 0, Diff: 0, Sum: 0, Workers: 6
[8.306s][debug  ][gc,phases      ] GC(26)     Total                          Min: 0, Avg:  0.0, Max: 0, Diff: 0, Sum: 0, Workers: 6
[8.306s][debug  ][gc,phases      ] GC(26)   StringTable Weak               Min:  0.0, Avg:  0.0, Max:  0.0, Diff:  0.0, Sum:  0.0, Workers: 6
[8.306s][debug  ][gc,phases      ] GC(26)     Dead                           Min: 0, Avg:  0.0, Max: 0, Diff: 0, Sum: 0, Workers: 6
[8.306s][debug  ][gc,phases      ] GC(26)     Total                          Min: 768, Avg: 892.5, Max: 1260, Diff: 492, Sum: 5355, Workers: 6
[8.306s][debug  ][gc,phases      ] GC(26)   ResolvedMethodTable Weak       Min:  0.0, Avg:  0.0, Max:  0.0, Diff:  0.0, Sum:  0.0, Workers: 6
[8.306s][debug  ][gc,phases      ] GC(26)     Dead                           Min: 0, Avg:  0.0, Max: 0, Diff: 0, Sum: 0, Workers: 6
[8.306s][debug  ][gc,phases      ] GC(26)     Total                          Min: 0, Avg: 21.7, Max: 64, Diff: 64, Sum: 130, Workers: 6
[8.306s][debug  ][gc,phases      ] GC(26)   JNI Weak                       Min:  0.0, Avg:  0.0, Max:  0.0, Diff:  0.0, Sum:  0.0, Workers: 6
[8.306s][debug  ][gc,phases      ] GC(26)     Dead                           Min: 0, Avg:  0.0, Max: 0, Diff: 0, Sum: 0, Workers: 6
[8.306s][debug  ][gc,phases      ] GC(26)     Total                          Min: 0, Avg:  0.0, Max: 0, Diff: 0, Sum: 0, Workers: 6
[8.306s][debug  ][gc,phases      ] GC(26)   StringDedup Table Weak         Min:  0.0, Avg:  0.0, Max:  0.0, Diff:  0.0, Sum:  0.0, Workers: 6
[8.306s][debug  ][gc,phases      ] GC(26)     Dead                           Min: 0, Avg:  0.0, Max: 0, Diff: 0, Sum: 0, Workers: 6
[8.306s][debug  ][gc,phases      ] GC(26)     Total                          Min: 0, Avg:  0.0, Max: 0, Diff: 0, Sum: 0, Workers: 6
[8.306s][debug  ][gc,phases      ] GC(26)   StringDedup Requests0 Weak     Min:  0.0, Avg:  0.0, Max:  0.0, Diff:  0.0, Sum:  0.0, Workers: 6
[8.306s][debug  ][gc,phases      ] GC(26)     Dead                           Min: 0, Avg:  0.0, Max: 0, Diff: 0, Sum: 0, Workers: 6
[8.306s][debug  ][gc,phases      ] GC(26)     Total                          Min: 0, Avg:  0.0, Max: 0, Diff: 0, Sum: 0, Workers: 6
[8.306s][debug  ][gc,phases      ] GC(26)   StringDedup Requests1 Weak     Min:  0.0, Avg:  0.0, Max:  0.0, Diff:  0.0, Sum:  0.0, Workers: 6
[8.306s][debug  ][gc,phases      ] GC(26)     Dead                           Min: 0, Avg:  0.0, Max: 0, Diff: 0, Sum: 0, Workers: 6
[8.306s][debug  ][gc,phases      ] GC(26)     Total                          Min: 0, Avg:  0.0, Max: 0, Diff: 0, Sum: 0, Workers: 6
[8.306s][debug  ][gc,phases      ] GC(26)   Weak JFR Old Object Samples    Min:  0.0, Avg:  0.0, Max:  0.0, Diff:  0.0, Sum:  0.0, Workers: 6
[8.306s][debug  ][gc,phases      ] GC(26)     Dead                           Min: 0, Avg:  0.0, Max: 0, Diff: 0, Sum: 0, Workers: 6
[8.306s][debug  ][gc,phases      ] GC(26)     Total                          Min: 0, Avg:  0.0, Max: 0, Diff: 0, Sum: 0, Workers: 6
[8.306s][debug  ][gc,phases      ] GC(26) Weak Processing 0.675ms
[8.306s][debug  ][gc,phases,start] GC(26) Class Unloading
[8.306s][debug  ][gc,phases,start] GC(26) ClassLoaderData
[8.307s][debug  ][gc,phases      ] GC(26) ClassLoaderData 0.023ms
[8.307s][debug  ][gc,phases,start] GC(26) Trigger cleanups
[8.307s][debug  ][gc,phases      ] GC(26) Trigger cleanups 0.019ms
[8.307s][debug  ][gc,phases      ] GC(26) Class Unloading 0.284ms
[8.307s][info   ][gc,phases      ] GC(26) Marking Phase 2.200ms
[8.307s][info   ][gc,phases,start] GC(26) Summary Phase
[8.307s][info   ][gc,phases      ] GC(26) Summary Phase 0.043ms
[8.307s][info   ][gc,phases,start] GC(26) Adjust Roots
[8.307s][info   ][gc,phases      ] GC(26) Adjust Roots 0.173ms
[8.307s][info   ][gc,phases,start] GC(26) Compaction Phase
[8.310s][info   ][gc,phases      ] GC(26) Compaction Phase 3.356ms
[8.311s][info   ][gc,phases,start] GC(26) Post Compact
[8.313s][info   ][gc,phases      ] GC(26) Post Compact 1.990ms
[8.313s][debug  ][gc,ergo        ] GC(26) AdaptiveSizeStart: collection: 27 
[8.313s][debug  ][gc,ergo        ] GC(26) PSAdaptiveSizePolicy::compute_eden_space_size limits: desired_eden_size: 256602782 old_eden_size: 202375168 eden_limit: 202375168 cur_eden: 202375168 max_eden_size: 202375168 avg_young_live: 26180876
[8.313s][debug  ][gc,ergo        ] GC(26) PSAdaptiveSizePolicy::compute_eden_space_size: costs minor_time: 0.076918 major_cost: 0.009347 mutator_cost: 0.913735 throughput_goal: 0.990000
[8.313s][debug  ][gc,ergo        ] GC(26) Live_space: 432605632 free_space: 419954688
[8.313s][debug  ][gc,ergo        ] GC(26) Old eden_size: 202375168 desired_eden_size: 202375168
[8.313s][debug  ][gc,ergo        ] GC(26) PSAdaptiveSizePolicy::compute_old_gen_free_space: costs minor_time: 0.076918 major_cost: 0.009347  mutator_cost: 0.913735 throughput_goal: 0.990000
[8.313s][debug  ][gc,ergo        ] GC(26) Live_space: 621349632 free_space: 419954688
[8.313s][debug  ][gc,ergo        ] GC(26) Old promo_size: 217579520 desired_promo_size: 241172480
[8.314s][debug  ][gc             ] GC(26) Expanding ParOldGen from 602624K by 383488K to 986112K
[8.314s][debug  ][gc,ergo        ] GC(26) AdaptiveSizeStop: collection: 27 
[8.314s][info   ][gc,heap        ] GC(26) PSYoungGen: 30720K(229888K)->0K(229888K) Eden: 0K(197632K)->0K(197632K) From: 30720K(32256K)->0K(32256K)
[8.314s][info   ][gc,heap        ] GC(26) ParOldGen: 472675K(602624K)->503395K(986112K)
[8.314s][info   ][gc,metaspace   ] GC(26) Metaspace: 1021K(1216K)->1021K(1216K) NonClass: 938K(1024K)->938K(1024K) Class: 83K(192K)->83K(192K)
[8.314s][info   ][gc             ] GC(26) Pause Full (Ergonomics) 491M->491M(1187M) 9.214ms
[8.314s][info   ][gc,cpu         ] GC(26) User=0.00s Sys=0.00s Real=0.01s
[8.314s][debug  ][gc,heap        ] GC(26) Heap after GC invocations=27 (full 2):
[8.314s][debug  ][gc,heap        ] GC(26)  PSYoungGen      total 229888K, used 0K [0x00000007f0000000, 0x0000000800000000, 0x0000000800000000)
[8.314s][debug  ][gc,heap        ] GC(26)   eden space 197632K, 0% used [0x00000007f0000000,0x00000007f0000000,0x00000007fc100000)
[8.314s][debug  ][gc,heap        ] GC(26)   from space 32256K, 0% used [0x00000007fc100000,0x00000007fc100000,0x00000007fe080000)
[8.314s][debug  ][gc,heap        ] GC(26)   to   space 32256K, 0% used [0x00000007fe080000,0x00000007fe080000,0x0000000800000000)
[8.314s][debug  ][gc,heap        ] GC(26)  ParOldGen       total 986112K, used 503395K [0x0000000700000000, 0x000000073c300000, 0x00000007f0000000)
[8.314s][debug  ][gc,heap        ] GC(26)   object space 986112K, 51% used [0x0000000700000000,0x000000071eb98f08,0x000000073c300000)
[8.314s][debug  ][gc,heap        ] GC(26)  Metaspace       used 1021K, committed 1216K, reserved 1056768K
[8.314s][debug  ][gc,heap        ] GC(26)   class space    used 83K, committed 192K, reserved 1048576K
[8.314s][debug  ][gc,task,time   ] GC(26) VM-Thread 83045836 83071254 83138276
[8.603s][debug  ][gc,heap        ] GC(27) Heap before GC invocations=28 (full 2):
[8.603s][debug  ][gc,heap        ] GC(27)  PSYoungGen      total 229888K, used 188143K [0x00000007f0000000, 0x0000000800000000, 0x0000000800000000)
[8.603s][debug  ][gc,heap        ] GC(27)   eden space 197632K, 95% used [0x00000007f0000000,0x00000007fb7bbd98,0x00000007fc100000)
[8.603s][debug  ][gc,heap        ] GC(27)   from space 32256K, 0% used [0x00000007fc100000,0x00000007fc100000,0x00000007fe080000)
[8.603s][debug  ][gc,heap        ] GC(27)   to   space 32256K, 0% used [0x00000007fe080000,0x00000007fe080000,0x0000000800000000)
[8.603s][debug  ][gc,heap        ] GC(27)  ParOldGen       total 986112K, used 503395K [0x0000000700000000, 0x000000073c300000, 0x00000007f0000000)
[8.603s][debug  ][gc,heap        ] GC(27)   object space 986112K, 51% used [0x0000000700000000,0x000000071eb98f08,0x000000073c300000)
[8.603s][debug  ][gc,heap        ] GC(27)  Metaspace       used 1021K, committed 1216K, reserved 1056768K
[8.603s][debug  ][gc,heap        ] GC(27)   class space    used 83K, committed 192K, reserved 1048576K
[8.603s][debug  ][gc,tlab        ] GC(27) TLAB totals: thrds: 1  refills: 1 max: 1 slow allocs: 17 max 17 waste: 27.2% gc: 3914872B max: 3914872B slow: 0B max: 0B
[8.603s][info   ][gc,start       ] GC(27) Pause Young (Allocation Failure)
[8.603s][debug  ][gc,phases,start] GC(27) Scavenge
[8.617s][debug  ][gc,phases      ] GC(27) Scavenge 13.428ms
[8.617s][debug  ][gc,phases,start] GC(27) Reference Processing
[8.617s][debug  ][gc,ref         ] GC(27) Skipped phase 1 of Reference Processing: no references
[8.617s][debug  ][gc,ref         ] GC(27) Skipped phase 2 of Reference Processing: no references
[8.617s][debug  ][gc,ref         ] GC(27) Skipped phase 3 of Reference Processing: no references
[8.617s][debug  ][gc,ref         ] GC(27) Skipped phase 4 of Reference Processing: no references
[8.617s][debug  ][gc,phases,ref  ] GC(27) Reference Processing: 0.1ms
[8.617s][debug  ][gc,phases,ref  ] GC(27)   Reconsider SoftReferences: 0.0ms
[8.617s][debug  ][gc,phases,ref  ] GC(27)     SoftRef (ms):                  skipped
[8.617s][debug  ][gc,phases,ref  ] GC(27)   Notify Soft/WeakReferences: 0.0ms
[8.617s][debug  ][gc,phases,ref  ] GC(27)     SoftRef (ms):                  skipped
[8.617s][debug  ][gc,phases,ref  ] GC(27)     WeakRef (ms):                  skipped
[8.617s][debug  ][gc,phases,ref  ] GC(27)     FinalRef (ms):                 skipped
[8.617s][debug  ][gc,phases,ref  ] GC(27)     Total (ms):                    skipped
[8.617s][debug  ][gc,phases,ref  ] GC(27)   Notify and keep alive finalizable: 0.0ms
[8.617s][debug  ][gc,phases,ref  ] GC(27)     FinalRef (ms):                 skipped
[8.617s][debug  ][gc,phases,ref  ] GC(27)   Notify PhantomReferences: 0.0ms
[8.617s][debug  ][gc,phases,ref  ] GC(27)     PhantomRef (ms):               skipped
[8.617s][debug  ][gc,phases,ref  ] GC(27)   SoftReference:
[8.617s][debug  ][gc,phases,ref  ] GC(27)     Discovered: 0
[8.617s][debug  ][gc,phases,ref  ] GC(27)     Cleared: 0
[8.617s][debug  ][gc,phases,ref  ] GC(27)   WeakReference:
[8.617s][debug  ][gc,phases,ref  ] GC(27)     Discovered: 0
[8.617s][debug  ][gc,phases,ref  ] GC(27)     Cleared: 0
[8.617s][debug  ][gc,phases,ref  ] GC(27)   FinalReference:
[8.617s][debug  ][gc,phases,ref  ] GC(27)     Discovered: 0
[8.617s][debug  ][gc,phases,ref  ] GC(27)     Cleared: 0
[8.617s][debug  ][gc,phases,ref  ] GC(27)   PhantomReference:
[8.617s][debug  ][gc,phases,ref  ] GC(27)     Discovered: 0
[8.617s][debug  ][gc,phases,ref  ] GC(27)     Cleared: 0
[8.617s][debug  ][gc,phases      ] GC(27) Reference Processing 0.604ms
[8.617s][debug  ][gc,phases,start] GC(27) Weak Processing
[8.618s][debug  ][gc,phases      ] GC(27)   VM Weak                        Min:  0.0, Avg:  0.0, Max:  0.0, Diff:  0.0, Sum:  0.0, Workers: 6
[8.618s][debug  ][gc,phases      ] GC(27)     Dead                           Min: 0, Avg:  0.0, Max: 0, Diff: 0, Sum: 0, Workers: 6
[8.618s][debug  ][gc,phases      ] GC(27)     Total                          Min: 0, Avg:  1.3, Max: 8, Diff: 8, Sum: 8, Workers: 6
[8.618s][debug  ][gc,phases      ] GC(27)   ObjectSynchronizer Weak        Min:  0.0, Avg:  0.0, Max:  0.0, Diff:  0.0, Sum:  0.0, Workers: 6
[8.618s][debug  ][gc,phases      ] GC(27)     Dead                           Min: 0, Avg:  0.0, Max: 0, Diff: 0, Sum: 0, Workers: 6
[8.618s][debug  ][gc,phases      ] GC(27)     Total                          Min: 0, Avg:  0.5, Max: 3, Diff: 3, Sum: 3, Workers: 6
[8.618s][debug  ][gc,phases      ] GC(27)   JVMTI Tag Weak OopStorage      Min:  0.0, Avg:  0.0, Max:  0.0, Diff:  0.0, Sum:  0.0, Workers: 6
[8.618s][debug  ][gc,phases      ] GC(27)     Dead                           Min: 0, Avg:  0.0, Max: 0, Diff: 0, Sum: 0, Workers: 6
[8.618s][debug  ][gc,phases      ] GC(27)     Total                          Min: 0, Avg:  0.0, Max: 0, Diff: 0, Sum: 0, Workers: 6
[8.618s][debug  ][gc,phases      ] GC(27)   StringTable Weak               Min:  0.0, Avg:  0.0, Max:  0.0, Diff:  0.0, Sum:  0.0, Workers: 6
[8.618s][debug  ][gc,phases      ] GC(27)     Dead                           Min: 0, Avg:  0.0, Max: 0, Diff: 0, Sum: 0, Workers: 6
[8.618s][debug  ][gc,phases      ] GC(27)     Total                          Min: 812, Avg: 892.5, Max: 960, Diff: 148, Sum: 5355, Workers: 6
[8.618s][debug  ][gc,phases      ] GC(27)   ResolvedMethodTable Weak       Min:  0.0, Avg:  0.0, Max:  0.0, Diff:  0.0, Sum:  0.0, Workers: 6
[8.618s][debug  ][gc,phases      ] GC(27)     Dead                           Min: 0, Avg:  0.0, Max: 0, Diff: 0, Sum: 0, Workers: 6
[8.618s][debug  ][gc,phases      ] GC(27)     Total                          Min: 0, Avg: 21.7, Max: 64, Diff: 64, Sum: 130, Workers: 6
[8.618s][debug  ][gc,phases      ] GC(27)   JNI Weak                       Min:  0.0, Avg:  0.0, Max:  0.0, Diff:  0.0, Sum:  0.0, Workers: 6
[8.618s][debug  ][gc,phases      ] GC(27)     Dead                           Min: 0, Avg:  0.0, Max: 0, Diff: 0, Sum: 0, Workers: 6
[8.618s][debug  ][gc,phases      ] GC(27)     Total                          Min: 0, Avg:  0.0, Max: 0, Diff: 0, Sum: 0, Workers: 6
[8.618s][debug  ][gc,phases      ] GC(27)   StringDedup Table Weak         Min:  0.0, Avg:  0.0, Max:  0.0, Diff:  0.0, Sum:  0.0, Workers: 6
[8.618s][debug  ][gc,phases      ] GC(27)     Dead                           Min: 0, Avg:  0.0, Max: 0, Diff: 0, Sum: 0, Workers: 6
[8.618s][debug  ][gc,phases      ] GC(27)     Total                          Min: 0, Avg:  0.0, Max: 0, Diff: 0, Sum: 0, Workers: 6
[8.618s][debug  ][gc,phases      ] GC(27)   StringDedup Requests0 Weak     Min:  0.0, Avg:  0.0, Max:  0.0, Diff:  0.0, Sum:  0.0, Workers: 6
[8.618s][debug  ][gc,phases      ] GC(27)     Dead                           Min: 0, Avg:  0.0, Max: 0, Diff: 0, Sum: 0, Workers: 6
[8.618s][debug  ][gc,phases      ] GC(27)     Total                          Min: 0, Avg:  0.0, Max: 0, Diff: 0, Sum: 0, Workers: 6
[8.618s][debug  ][gc,phases      ] GC(27)   StringDedup Requests1 Weak     Min:  0.0, Avg:  0.0, Max:  0.0, Diff:  0.0, Sum:  0.0, Workers: 6
[8.618s][debug  ][gc,phases      ] GC(27)     Dead                           Min: 0, Avg:  0.0, Max: 0, Diff: 0, Sum: 0, Workers: 6
[8.618s][debug  ][gc,phases      ] GC(27)     Total                          Min: 0, Avg:  0.0, Max: 0, Diff: 0, Sum: 0, Workers: 6
[8.618s][debug  ][gc,phases      ] GC(27)   Weak JFR Old Object Samples    Min:  0.0, Avg:  0.0, Max:  0.0, Diff:  0.0, Sum:  0.0, Workers: 6
[8.618s][debug  ][gc,phases      ] GC(27)     Dead                           Min: 0, Avg:  0.0, Max: 0, Diff: 0, Sum: 0, Workers: 6
[8.618s][debug  ][gc,phases      ] GC(27)     Total                          Min: 0, Avg:  0.0, Max: 0, Diff: 0, Sum: 0, Workers: 6
[8.618s][debug  ][gc,phases      ] GC(27) Weak Processing 0.764ms
[8.618s][debug  ][gc,ergo        ] GC(27) AdaptiveSizeStart:  collection: 28 
[8.618s][debug  ][gc,ergo        ] GC(27) avg_survived_padded_avg: 32743944.000000
[8.618s][debug  ][gc,ergo        ] GC(27) avg_promoted_padded_avg: 245865648.000000  avg_pretenured_padded_avg: 0.000000  tenuring_thresh: 1  target_size: 33030144
[8.618s][debug  ][gc,age         ] GC(27) Desired survivor size 33030144 bytes, new threshold 1 (max threshold 15)
[8.618s][debug  ][gc,ergo        ] GC(27) PSAdaptiveSizePolicy::compute_eden_space_size limits: desired_eden_size: 255986541 old_eden_size: 202375168 eden_limit: 202375168 cur_eden: 202375168 max_eden_size: 202375168 avg_young_live: 26708520
[8.618s][debug  ][gc,ergo        ] GC(27) PSAdaptiveSizePolicy::compute_eden_space_size: costs minor_time: 0.069541 major_cost: 0.009347 mutator_cost: 0.921112 throughput_goal: 0.990000
[8.618s][debug  ][gc,ergo        ] GC(27) Live_space: 621877248 free_space: 443547648
[8.618s][debug  ][gc,ergo        ] GC(27) Old eden_size: 202375168 desired_eden_size: 202375168
[8.618s][debug  ][gc,ergo        ] GC(27) AdaptiveSizeStop: collection: 28 
[8.618s][info   ][gc,heap        ] GC(27) PSYoungGen: 188143K(229888K)->30720K(229888K) Eden: 188143K(197632K)->0K(197632K) From: 0K(32256K)->30720K(32256K)
[8.618s][info   ][gc,heap        ] GC(27) ParOldGen: 503395K(986112K)->656995K(986112K)
[8.619s][info   ][gc,metaspace   ] GC(27) Metaspace: 1021K(1216K)->1021K(1216K) NonClass: 938K(1024K)->938K(1024K) Class: 83K(192K)->83K(192K)
[8.619s][info   ][gc             ] GC(27) Pause Young (Allocation Failure) 675M->671M(1187M) 15.266ms
[8.619s][info   ][gc,cpu         ] GC(27) User=0.03s Sys=0.06s Real=0.01s
[8.619s][debug  ][gc,heap        ] GC(27) Heap after GC invocations=28 (full 2):
[8.619s][debug  ][gc,heap        ] GC(27)  PSYoungGen      total 229888K, used 30720K [0x00000007f0000000, 0x0000000800000000, 0x0000000800000000)
[8.619s][debug  ][gc,heap        ] GC(27)   eden space 197632K, 0% used [0x00000007f0000000,0x00000007f0000000,0x00000007fc100000)
[8.619s][debug  ][gc,heap        ] GC(27)   from space 32256K, 95% used [0x00000007fe080000,0x00000007ffe80030,0x0000000800000000)
[8.619s][debug  ][gc,heap        ] GC(27)   to   space 32256K, 0% used [0x00000007fc100000,0x00000007fc100000,0x00000007fe080000)
[8.619s][debug  ][gc,heap        ] GC(27)  ParOldGen       total 986112K, used 656995K [0x0000000700000000, 0x000000073c300000, 0x00000007f0000000)
[8.619s][debug  ][gc,heap        ] GC(27)   object space 986112K, 66% used [0x0000000700000000,0x0000000728198ff8,0x000000073c300000)
[8.619s][debug  ][gc,heap        ] GC(27)  Metaspace       used 1021K, committed 1216K, reserved 1056768K
[8.619s][debug  ][gc,heap        ] GC(27)   class space    used 83K, committed 192K, reserved 1048576K
[8.619s][debug  ][gc,task,time   ] GC(27) VM-Thread 86028098 86168489 86188660
[8.905s][debug  ][gc,heap        ] GC(28) Heap before GC invocations=29 (full 2):
[8.905s][debug  ][gc,heap        ] GC(28)  PSYoungGen      total 229888K, used 218805K [0x00000007f0000000, 0x0000000800000000, 0x0000000800000000)
[8.905s][debug  ][gc,heap        ] GC(28)   eden space 197632K, 95% used [0x00000007f0000000,0x00000007fb7ad548,0x00000007fc100000)
[8.905s][debug  ][gc,heap        ] GC(28)   from space 32256K, 95% used [0x00000007fe080000,0x00000007ffe80030,0x0000000800000000)
[8.905s][debug  ][gc,heap        ] GC(28)   to   space 32256K, 0% used [0x00000007fc100000,0x00000007fc100000,0x00000007fe080000)
[8.905s][debug  ][gc,heap        ] GC(28)  ParOldGen       total 986112K, used 656995K [0x0000000700000000, 0x000000073c300000, 0x00000007f0000000)
[8.905s][debug  ][gc,heap        ] GC(28)   object space 986112K, 66% used [0x0000000700000000,0x0000000728198ff8,0x000000073c300000)
[8.905s][debug  ][gc,heap        ] GC(28)  Metaspace       used 1021K, committed 1216K, reserved 1056768K
[8.905s][debug  ][gc,heap        ] GC(28)   class space    used 83K, committed 192K, reserved 1048576K
[8.905s][debug  ][gc,tlab        ] GC(28) TLAB totals: thrds: 1  refills: 1 max: 1 slow allocs: 17 max 17 waste: 26.9% gc: 3855400B max: 3855400B slow: 0B max: 0B
[8.905s][info   ][gc,start       ] GC(28) Pause Young (Allocation Failure)
[8.905s][debug  ][gc,phases,start] GC(28) Scavenge
[8.923s][debug  ][gc,phases      ] GC(28) Scavenge 17.265ms
[8.923s][debug  ][gc,phases,start] GC(28) Reference Processing
[8.923s][debug  ][gc,ref         ] GC(28) Skipped phase 1 of Reference Processing: no references
[8.923s][debug  ][gc,ref         ] GC(28) Skipped phase 2 of Reference Processing: no references
[8.923s][debug  ][gc,ref         ] GC(28) Skipped phase 3 of Reference Processing: no references
[8.923s][debug  ][gc,ref         ] GC(28) Skipped phase 4 of Reference Processing: no references
[8.923s][debug  ][gc,phases,ref  ] GC(28) Reference Processing: 0.1ms
[8.923s][debug  ][gc,phases,ref  ] GC(28)   Reconsider SoftReferences: 0.0ms
[8.923s][debug  ][gc,phases,ref  ] GC(28)     SoftRef (ms):                  skipped
[8.923s][debug  ][gc,phases,ref  ] GC(28)   Notify Soft/WeakReferences: 0.0ms
[8.923s][debug  ][gc,phases,ref  ] GC(28)     SoftRef (ms):                  skipped
[8.923s][debug  ][gc,phases,ref  ] GC(28)     WeakRef (ms):                  skipped
[8.923s][debug  ][gc,phases,ref  ] GC(28)     FinalRef (ms):                 skipped
[8.923s][debug  ][gc,phases,ref  ] GC(28)     Total (ms):                    skipped
[8.923s][debug  ][gc,phases,ref  ] GC(28)   Notify and keep alive finalizable: 0.0ms
[8.923s][debug  ][gc,phases,ref  ] GC(28)     FinalRef (ms):                 skipped
[8.923s][debug  ][gc,phases,ref  ] GC(28)   Notify PhantomReferences: 0.0ms
[8.923s][debug  ][gc,phases,ref  ] GC(28)     PhantomRef (ms):               skipped
[8.923s][debug  ][gc,phases,ref  ] GC(28)   SoftReference:
[8.923s][debug  ][gc,phases,ref  ] GC(28)     Discovered: 0
[8.923s][debug  ][gc,phases,ref  ] GC(28)     Cleared: 0
[8.923s][debug  ][gc,phases,ref  ] GC(28)   WeakReference:
[8.923s][debug  ][gc,phases,ref  ] GC(28)     Discovered: 0
[8.923s][debug  ][gc,phases,ref  ] GC(28)     Cleared: 0
[8.923s][debug  ][gc,phases,ref  ] GC(28)   FinalReference:
[8.923s][debug  ][gc,phases,ref  ] GC(28)     Discovered: 0
[8.923s][debug  ][gc,phases,ref  ] GC(28)     Cleared: 0
[8.923s][debug  ][gc,phases,ref  ] GC(28)   PhantomReference:
[8.923s][debug  ][gc,phases,ref  ] GC(28)     Discovered: 0
[8.923s][debug  ][gc,phases,ref  ] GC(28)     Cleared: 0
[8.923s][debug  ][gc,phases      ] GC(28) Reference Processing 0.685ms
[8.923s][debug  ][gc,phases,start] GC(28) Weak Processing
[8.923s][debug  ][gc,phases      ] GC(28)   VM Weak                        Min:  0.0, Avg:  0.0, Max:  0.0, Diff:  0.0, Sum:  0.0, Workers: 6
[8.923s][debug  ][gc,phases      ] GC(28)     Dead                           Min: 0, Avg:  0.0, Max: 0, Diff: 0, Sum: 0, Workers: 6
[8.923s][debug  ][gc,phases      ] GC(28)     Total                          Min: 0, Avg:  1.3, Max: 8, Diff: 8, Sum: 8, Workers: 6
[8.923s][debug  ][gc,phases      ] GC(28)   ObjectSynchronizer Weak        Min:  0.0, Avg:  0.0, Max:  0.0, Diff:  0.0, Sum:  0.0, Workers: 6
[8.924s][debug  ][gc,phases      ] GC(28)     Dead                           Min: 0, Avg:  0.0, Max: 0, Diff: 0, Sum: 0, Workers: 6
[8.924s][debug  ][gc,phases      ] GC(28)     Total                          Min: 0, Avg:  0.5, Max: 3, Diff: 3, Sum: 3, Workers: 6
[8.924s][debug  ][gc,phases      ] GC(28)   JVMTI Tag Weak OopStorage      Min:  0.0, Avg:  0.0, Max:  0.0, Diff:  0.0, Sum:  0.0, Workers: 6
[8.924s][debug  ][gc,phases      ] GC(28)     Dead                           Min: 0, Avg:  0.0, Max: 0, Diff: 0, Sum: 0, Workers: 6
[8.924s][debug  ][gc,phases      ] GC(28)     Total                          Min: 0, Avg:  0.0, Max: 0, Diff: 0, Sum: 0, Workers: 6
[8.924s][debug  ][gc,phases      ] GC(28)   StringTable Weak               Min:  0.0, Avg:  0.0, Max:  0.0, Diff:  0.0, Sum:  0.0, Workers: 6
[8.924s][debug  ][gc,phases      ] GC(28)     Dead                           Min: 0, Avg:  0.0, Max: 0, Diff: 0, Sum: 0, Workers: 6
[8.924s][debug  ][gc,phases      ] GC(28)     Total                          Min: 768, Avg: 892.5, Max: 1088, Diff: 320, Sum: 5355, Workers: 6
[8.924s][debug  ][gc,phases      ] GC(28)   ResolvedMethodTable Weak       Min:  0.0, Avg:  0.0, Max:  0.0, Diff:  0.0, Sum:  0.0, Workers: 6
[8.924s][debug  ][gc,phases      ] GC(28)     Dead                           Min: 0, Avg:  0.0, Max: 0, Diff: 0, Sum: 0, Workers: 6
[8.924s][debug  ][gc,phases      ] GC(28)     Total                          Min: 0, Avg: 21.7, Max: 64, Diff: 64, Sum: 130, Workers: 6
[8.924s][debug  ][gc,phases      ] GC(28)   JNI Weak                       Min:  0.0, Avg:  0.0, Max:  0.0, Diff:  0.0, Sum:  0.0, Workers: 6
[8.924s][debug  ][gc,phases      ] GC(28)     Dead                           Min: 0, Avg:  0.0, Max: 0, Diff: 0, Sum: 0, Workers: 6
[8.924s][debug  ][gc,phases      ] GC(28)     Total                          Min: 0, Avg:  0.0, Max: 0, Diff: 0, Sum: 0, Workers: 6
[8.924s][debug  ][gc,phases      ] GC(28)   StringDedup Table Weak         Min:  0.0, Avg:  0.0, Max:  0.0, Diff:  0.0, Sum:  0.0, Workers: 6
[8.924s][debug  ][gc,phases      ] GC(28)     Dead                           Min: 0, Avg:  0.0, Max: 0, Diff: 0, Sum: 0, Workers: 6
[8.924s][debug  ][gc,phases      ] GC(28)     Total                          Min: 0, Avg:  0.0, Max: 0, Diff: 0, Sum: 0, Workers: 6
[8.924s][debug  ][gc,phases      ] GC(28)   StringDedup Requests0 Weak     Min:  0.0, Avg:  0.0, Max:  0.0, Diff:  0.0, Sum:  0.0, Workers: 6
[8.924s][debug  ][gc,phases      ] GC(28)     Dead                           Min: 0, Avg:  0.0, Max: 0, Diff: 0, Sum: 0, Workers: 6
[8.924s][debug  ][gc,phases      ] GC(28)     Total                          Min: 0, Avg:  0.0, Max: 0, Diff: 0, Sum: 0, Workers: 6
[8.924s][debug  ][gc,phases      ] GC(28)   StringDedup Requests1 Weak     Min:  0.0, Avg:  0.0, Max:  0.0, Diff:  0.0, Sum:  0.0, Workers: 6
[8.924s][debug  ][gc,phases      ] GC(28)     Dead                           Min: 0, Avg:  0.0, Max: 0, Diff: 0, Sum: 0, Workers: 6
[8.924s][debug  ][gc,phases      ] GC(28)     Total                          Min: 0, Avg:  0.0, Max: 0, Diff: 0, Sum: 0, Workers: 6
[8.924s][debug  ][gc,phases      ] GC(28)   Weak JFR Old Object Samples    Min:  0.0, Avg:  0.0, Max:  0.0, Diff:  0.0, Sum:  0.0, Workers: 6
[8.924s][debug  ][gc,phases      ] GC(28)     Dead                           Min: 0, Avg:  0.0, Max: 0, Diff: 0, Sum: 0, Workers: 6
[8.924s][debug  ][gc,phases      ] GC(28)     Total                          Min: 0, Avg:  0.0, Max: 0, Diff: 0, Sum: 0, Workers: 6
[8.924s][debug  ][gc,phases      ] GC(28) Weak Processing 0.683ms
[8.924s][debug  ][gc,ergo        ] GC(28) AdaptiveSizeStart:  collection: 29 
[8.924s][debug  ][gc,ergo        ] GC(28) avg_survived_padded_avg: 32664040.000000
[8.924s][debug  ][gc,ergo        ] GC(28) avg_promoted_padded_avg: 246403424.000000  avg_pretenured_padded_avg: 0.000000  tenuring_thresh: 1  target_size: 33030144
[8.924s][debug  ][gc,age         ] GC(28) Desired survivor size 33030144 bytes, new threshold 1 (max threshold 15)
[8.924s][debug  ][gc,ergo        ] GC(28) PSAdaptiveSizePolicy::compute_eden_space_size limits: desired_eden_size: 255794029 old_eden_size: 202375168 eden_limit: 202375168 cur_eden: 202375168 max_eden_size: 202375168 avg_young_live: 27183400
[8.924s][debug  ][gc,ergo        ] GC(28) PSAdaptiveSizePolicy::compute_eden_space_size: costs minor_time: 0.067488 major_cost: 0.009347 mutator_cost: 0.923165 throughput_goal: 0.990000
[8.924s][debug  ][gc,ergo        ] GC(28) Live_space: 622352128 free_space: 443547648
[8.924s][debug  ][gc,ergo        ] GC(28) Old eden_size: 202375168 desired_eden_size: 202375168
[8.924s][debug  ][gc,ergo        ] GC(28) AdaptiveSizeStop: collection: 29 
[8.924s][info   ][gc,heap        ] GC(28) PSYoungGen: 218805K(229888K)->30720K(229888K) Eden: 188085K(197632K)->0K(197632K) From: 30720K(32256K)->30720K(32256K)
[8.924s][info   ][gc,heap        ] GC(28) ParOldGen: 656995K(986112K)->841316K(986112K)
[8.924s][info   ][gc,metaspace   ] GC(28) Metaspace: 1021K(1216K)->1021K(1216K) NonClass: 938K(1024K)->938K(1024K) Class: 83K(192K)->83K(192K)
[8.924s][info   ][gc             ] GC(28) Pause Young (Allocation Failure) 855M->851M(1187M) 19.094ms
[8.924s][info   ][gc,cpu         ] GC(28) User=0.00s Sys=0.16s Real=0.02s
[8.924s][debug  ][gc,heap        ] GC(28) Heap after GC invocations=29 (full 2):
[8.924s][debug  ][gc,heap        ] GC(28)  PSYoungGen      total 229888K, used 30720K [0x00000007f0000000, 0x0000000800000000, 0x0000000800000000)
[8.924s][debug  ][gc,heap        ] GC(28)   eden space 197632K, 0% used [0x00000007f0000000,0x00000007f0000000,0x00000007fc100000)
[8.924s][debug  ][gc,heap        ] GC(28)   from space 32256K, 95% used [0x00000007fc100000,0x00000007fdf00030,0x00000007fe080000)
[8.925s][debug  ][gc,heap        ] GC(28)   to   space 32256K, 0% used [0x00000007fe080000,0x00000007fe080000,0x0000000800000000)
[8.925s][debug  ][gc,heap        ] GC(28)  ParOldGen       total 986112K, used 841316K [0x0000000700000000, 0x000000073c300000, 0x00000007f0000000)
[8.925s][debug  ][gc,heap        ] GC(28)   object space 986112K, 85% used [0x0000000700000000,0x0000000733599118,0x000000073c300000)
[8.925s][debug  ][gc,heap        ] GC(28)  Metaspace       used 1021K, committed 1216K, reserved 1056768K
[8.925s][debug  ][gc,heap        ] GC(28)   class space    used 83K, committed 192K, reserved 1048576K
[8.925s][debug  ][gc,task,time   ] GC(28) VM-Thread 89048656 89226423 89246076
[8.925s][debug  ][gc,phases,start] GC(29) Pre Compact
[8.925s][debug  ][gc,heap        ] GC(29) Heap before GC invocations=30 (full 3):
[8.925s][debug  ][gc,heap        ] GC(29)  PSYoungGen      total 229888K, used 30720K [0x00000007f0000000, 0x0000000800000000, 0x0000000800000000)
[8.925s][debug  ][gc,heap        ] GC(29)   eden space 197632K, 0% used [0x00000007f0000000,0x00000007f0000000,0x00000007fc100000)
[8.925s][debug  ][gc,heap        ] GC(29)   from space 32256K, 95% used [0x00000007fc100000,0x00000007fdf00030,0x00000007fe080000)
[8.925s][debug  ][gc,heap        ] GC(29)   to   space 32256K, 0% used [0x00000007fe080000,0x00000007fe080000,0x0000000800000000)
[8.925s][debug  ][gc,heap        ] GC(29)  ParOldGen       total 986112K, used 841316K [0x0000000700000000, 0x000000073c300000, 0x00000007f0000000)
[8.925s][debug  ][gc,heap        ] GC(29)   object space 986112K, 85% used [0x0000000700000000,0x0000000733599118,0x000000073c300000)
[8.925s][debug  ][gc,heap        ] GC(29)  Metaspace       used 1021K, committed 1216K, reserved 1056768K
[8.925s][debug  ][gc,heap        ] GC(29)   class space    used 83K, committed 192K, reserved 1048576K
[8.925s][debug  ][gc,phases      ] GC(29) Pre Compact 0.210ms
[8.925s][info   ][gc,start       ] GC(29) Pause Full (Ergonomics)
[8.925s][info   ][gc,phases,start] GC(29) Marking Phase
[8.925s][debug  ][gc,phases,start] GC(29) Par Mark
[8.925s][debug  ][gc,phases      ] GC(29) Par Mark 0.508ms
[8.925s][debug  ][gc,phases,start] GC(29) Reference Processing
[8.926s][debug  ][gc,ref         ] GC(29) Skipped phase 1 of Reference Processing: no references
[8.926s][debug  ][gc,ref         ] GC(29) ReferenceProcessor::execute queues: 1, RefProcThreadModel::Single, marks_oops_alive: false
[8.926s][debug  ][gc,ref         ] GC(29) Skipped phase 3 of Reference Processing: no references
[8.926s][debug  ][gc,ref         ] GC(29) ReferenceProcessor::execute queues: 1, RefProcThreadModel::Single, marks_oops_alive: false
[8.926s][debug  ][gc,phases,ref  ] GC(29) Reference Processing: 0.1ms
[8.926s][debug  ][gc,phases,ref  ] GC(29)   Reconsider SoftReferences: 0.0ms
[8.926s][debug  ][gc,phases,ref  ] GC(29)     SoftRef (ms):                  skipped
[8.926s][debug  ][gc,phases,ref  ] GC(29)   Notify Soft/WeakReferences: 0.0ms
[8.926s][debug  ][gc,phases,ref  ] GC(29)     SoftRef (ms):                  Min:  0.0, Avg:  0.0, Max:  0.0, Diff:  0.0, Sum:  0.0, Workers: 10
[8.926s][debug  ][gc,phases,ref  ] GC(29)     WeakRef (ms):                  Min:  0.0, Avg:  0.0, Max:  0.0, Diff:  0.0, Sum:  0.0, Workers: 10
[8.926s][debug  ][gc,phases,ref  ] GC(29)     FinalRef (ms):                 Min:  0.0, Avg:  0.0, Max:  0.0, Diff:  0.0, Sum:  0.0, Workers: 10
[8.926s][debug  ][gc,phases,ref  ] GC(29)     Total (ms):                    Min:  0.0, Avg:  0.0, Max:  0.0, Diff:  0.0, Sum:  0.0, Workers: 10
[8.926s][debug  ][gc,phases,ref  ] GC(29)   Notify and keep alive finalizable: 0.0ms
[8.926s][debug  ][gc,phases,ref  ] GC(29)     FinalRef (ms):                 skipped
[8.926s][debug  ][gc,phases,ref  ] GC(29)   Notify PhantomReferences: 0.0ms
[8.926s][debug  ][gc,phases,ref  ] GC(29)     PhantomRef (ms):               Min:  0.0, Avg:  0.0, Max:  0.0, Diff:  0.0, Sum:  0.0, Workers: 10
[8.926s][debug  ][gc,phases,ref  ] GC(29)   SoftReference:
[8.926s][debug  ][gc,phases,ref  ] GC(29)     Discovered: 0
[8.926s][debug  ][gc,phases,ref  ] GC(29)     Cleared: 0
[8.926s][debug  ][gc,phases,ref  ] GC(29)   WeakReference:
[8.926s][debug  ][gc,phases,ref  ] GC(29)     Discovered: 61
[8.926s][debug  ][gc,phases,ref  ] GC(29)     Cleared: 61
[8.926s][debug  ][gc,phases,ref  ] GC(29)   FinalReference:
[8.926s][debug  ][gc,phases,ref  ] GC(29)     Discovered: 0
[8.926s][debug  ][gc,phases,ref  ] GC(29)     Cleared: 0
[8.926s][debug  ][gc,phases,ref  ] GC(29)   PhantomReference:
[8.926s][debug  ][gc,phases,ref  ] GC(29)     Discovered: 3
[8.926s][debug  ][gc,phases,ref  ] GC(29)     Cleared: 3
[8.926s][debug  ][gc,phases      ] GC(29) Reference Processing 0.747ms
[8.926s][debug  ][gc,phases,start] GC(29) Weak Processing
[8.926s][debug  ][gc,phases      ] GC(29)   VM Weak                        Min:  0.0, Avg:  0.0, Max:  0.0, Diff:  0.0, Sum:  0.0, Workers: 6
[8.926s][debug  ][gc,phases      ] GC(29)     Dead                           Min: 0, Avg:  0.0, Max: 0, Diff: 0, Sum: 0, Workers: 6
[8.926s][debug  ][gc,phases      ] GC(29)     Total                          Min: 0, Avg:  1.3, Max: 8, Diff: 8, Sum: 8, Workers: 6
[8.926s][debug  ][gc,phases      ] GC(29)   ObjectSynchronizer Weak        Min:  0.0, Avg:  0.0, Max:  0.0, Diff:  0.0, Sum:  0.0, Workers: 6
[8.926s][debug  ][gc,phases      ] GC(29)     Dead                           Min: 0, Avg:  0.0, Max: 0, Diff: 0, Sum: 0, Workers: 6
[8.926s][debug  ][gc,phases      ] GC(29)     Total                          Min: 0, Avg:  0.5, Max: 3, Diff: 3, Sum: 3, Workers: 6
[8.926s][debug  ][gc,phases      ] GC(29)   JVMTI Tag Weak OopStorage      Min:  0.0, Avg:  0.0, Max:  0.0, Diff:  0.0, Sum:  0.0, Workers: 6
[8.927s][debug  ][gc,phases      ] GC(29)     Dead                           Min: 0, Avg:  0.0, Max: 0, Diff: 0, Sum: 0, Workers: 6
[8.927s][debug  ][gc,phases      ] GC(29)     Total                          Min: 0, Avg:  0.0, Max: 0, Diff: 0, Sum: 0, Workers: 6
[8.927s][debug  ][gc,phases      ] GC(29)   StringTable Weak               Min:  0.0, Avg:  0.0, Max:  0.0, Diff:  0.0, Sum:  0.0, Workers: 6
[8.927s][debug  ][gc,phases      ] GC(29)     Dead                           Min: 0, Avg:  0.0, Max: 0, Diff: 0, Sum: 0, Workers: 6
[8.927s][debug  ][gc,phases      ] GC(29)     Total                          Min: 0, Avg: 892.5, Max: 1324, Diff: 1324, Sum: 5355, Workers: 6
[8.927s][debug  ][gc,phases      ] GC(29)   ResolvedMethodTable Weak       Min:  0.0, Avg:  0.0, Max:  0.0, Diff:  0.0, Sum:  0.0, Workers: 6
[8.927s][debug  ][gc,phases      ] GC(29)     Dead                           Min: 0, Avg:  0.0, Max: 0, Diff: 0, Sum: 0, Workers: 6
[8.927s][debug  ][gc,phases      ] GC(29)     Total                          Min: 0, Avg: 21.7, Max: 64, Diff: 64, Sum: 130, Workers: 6
[8.927s][debug  ][gc,phases      ] GC(29)   JNI Weak                       Min:  0.0, Avg:  0.0, Max:  0.0, Diff:  0.0, Sum:  0.0, Workers: 6
[8.927s][debug  ][gc,phases      ] GC(29)     Dead                           Min: 0, Avg:  0.0, Max: 0, Diff: 0, Sum: 0, Workers: 6
[8.927s][debug  ][gc,phases      ] GC(29)     Total                          Min: 0, Avg:  0.0, Max: 0, Diff: 0, Sum: 0, Workers: 6
[8.927s][debug  ][gc,phases      ] GC(29)   StringDedup Table Weak         Min:  0.0, Avg:  0.0, Max:  0.0, Diff:  0.0, Sum:  0.0, Workers: 6
[8.927s][debug  ][gc,phases      ] GC(29)     Dead                           Min: 0, Avg:  0.0, Max: 0, Diff: 0, Sum: 0, Workers: 6
[8.927s][debug  ][gc,phases      ] GC(29)     Total                          Min: 0, Avg:  0.0, Max: 0, Diff: 0, Sum: 0, Workers: 6
[8.927s][debug  ][gc,phases      ] GC(29)   StringDedup Requests0 Weak     Min:  0.0, Avg:  0.0, Max:  0.0, Diff:  0.0, Sum:  0.0, Workers: 6
[8.927s][debug  ][gc,phases      ] GC(29)     Dead                           Min: 0, Avg:  0.0, Max: 0, Diff: 0, Sum: 0, Workers: 6
[8.927s][debug  ][gc,phases      ] GC(29)     Total                          Min: 0, Avg:  0.0, Max: 0, Diff: 0, Sum: 0, Workers: 6
[8.927s][debug  ][gc,phases      ] GC(29)   StringDedup Requests1 Weak     Min:  0.0, Avg:  0.0, Max:  0.0, Diff:  0.0, Sum:  0.0, Workers: 6
[8.927s][debug  ][gc,phases      ] GC(29)     Dead                           Min: 0, Avg:  0.0, Max: 0, Diff: 0, Sum: 0, Workers: 6
[8.927s][debug  ][gc,phases      ] GC(29)     Total                          Min: 0, Avg:  0.0, Max: 0, Diff: 0, Sum: 0, Workers: 6
[8.927s][debug  ][gc,phases      ] GC(29)   Weak JFR Old Object Samples    Min:  0.0, Avg:  0.0, Max:  0.0, Diff:  0.0, Sum:  0.0, Workers: 6
[8.927s][debug  ][gc,phases      ] GC(29)     Dead                           Min: 0, Avg:  0.0, Max: 0, Diff: 0, Sum: 0, Workers: 6
[8.927s][debug  ][gc,phases      ] GC(29)     Total                          Min: 0, Avg:  0.0, Max: 0, Diff: 0, Sum: 0, Workers: 6
[8.927s][debug  ][gc,phases      ] GC(29) Weak Processing 0.788ms
[8.927s][debug  ][gc,phases,start] GC(29) Class Unloading
[8.927s][debug  ][gc,phases,start] GC(29) ClassLoaderData
[8.927s][debug  ][gc,phases      ] GC(29) ClassLoaderData 0.019ms
[8.927s][debug  ][gc,phases,start] GC(29) Trigger cleanups
[8.927s][debug  ][gc,phases      ] GC(29) Trigger cleanups 0.019ms
[8.927s][debug  ][gc,phases      ] GC(29) Class Unloading 0.248ms
[8.927s][info   ][gc,phases      ] GC(29) Marking Phase 2.431ms
[8.927s][info   ][gc,phases,start] GC(29) Summary Phase
[8.927s][info   ][gc,phases      ] GC(29) Summary Phase 0.040ms
[8.927s][info   ][gc,phases,start] GC(29) Adjust Roots
[8.928s][info   ][gc,phases      ] GC(29) Adjust Roots 0.139ms
[8.928s][info   ][gc,phases,start] GC(29) Compaction Phase
[8.931s][info   ][gc,phases      ] GC(29) Compaction Phase 3.342ms
[8.931s][info   ][gc,phases,start] GC(29) Post Compact
[8.934s][info   ][gc,phases      ] GC(29) Post Compact 2.981ms
[8.934s][debug  ][gc,ergo        ] GC(29) AdaptiveSizeStart: collection: 30 
[8.934s][debug  ][gc,ergo        ] GC(29) PSAdaptiveSizePolicy::compute_eden_space_size limits: desired_eden_size: 254570097 old_eden_size: 202375168 eden_limit: 202375168 cur_eden: 202375168 max_eden_size: 202375168 avg_young_live: 24465060
[8.934s][debug  ][gc,ergo        ] GC(29) PSAdaptiveSizePolicy::compute_eden_space_size: costs minor_time: 0.067488 major_cost: 0.011149 mutator_cost: 0.921363 throughput_goal: 0.990000
[8.934s][debug  ][gc,ergo        ] GC(29) Live_space: 619633792 free_space: 443547648
[8.934s][debug  ][gc,ergo        ] GC(29) Old eden_size: 202375168 desired_eden_size: 202375168
[8.934s][debug  ][gc,ergo        ] GC(29) PSAdaptiveSizePolicy::compute_old_gen_free_space: costs minor_time: 0.067488 major_cost: 0.011149  mutator_cost: 0.921363 throughput_goal: 0.990000
[8.934s][debug  ][gc,ergo        ] GC(29) Live_space: 806490304 free_space: 443547648
[8.934s][debug  ][gc,ergo        ] GC(29) Old promo_size: 241172480 desired_promo_size: 262144000
[8.935s][debug  ][gc             ] GC(29) Expanding ParOldGen from 986112K by 382976K to 1369088K
[8.935s][debug  ][gc,ergo        ] GC(29) AdaptiveSizeStop: collection: 30 
[8.935s][info   ][gc,heap        ] GC(29) PSYoungGen: 30720K(229888K)->0K(229888K) Eden: 0K(197632K)->0K(197632K) From: 30720K(32256K)->0K(32256K)
[8.935s][info   ][gc,heap        ] GC(29) ParOldGen: 841316K(986112K)->872036K(1369088K)
[8.935s][info   ][gc,metaspace   ] GC(29) Metaspace: 1021K(1216K)->1021K(1216K) NonClass: 938K(1024K)->938K(1024K) Class: 83K(192K)->83K(192K)
[8.935s][info   ][gc             ] GC(29) Pause Full (Ergonomics) 851M->851M(1561M) 10.462ms
[8.935s][info   ][gc,cpu         ] GC(29) User=0.05s Sys=0.11s Real=0.01s
[8.935s][debug  ][gc,heap        ] GC(29) Heap after GC invocations=30 (full 3):
[8.935s][debug  ][gc,heap        ] GC(29)  PSYoungGen      total 229888K, used 0K [0x00000007f0000000, 0x0000000800000000, 0x0000000800000000)
[8.935s][debug  ][gc,heap        ] GC(29)   eden space 197632K, 0% used [0x00000007f0000000,0x00000007f0000000,0x00000007fc100000)
[8.935s][debug  ][gc,heap        ] GC(29)   from space 32256K, 0% used [0x00000007fe080000,0x00000007fe080000,0x0000000800000000)
[8.935s][debug  ][gc,heap        ] GC(29)   to   space 32256K, 0% used [0x00000007fc100000,0x00000007fc100000,0x00000007fe080000)
[8.935s][debug  ][gc,heap        ] GC(29)  ParOldGen       total 1369088K, used 872036K [0x0000000700000000, 0x0000000753900000, 0x00000007f0000000)
[8.936s][debug  ][gc,heap        ] GC(29)   object space 1369088K, 63% used [0x0000000700000000,0x0000000735399148,0x0000000753900000)
[8.936s][debug  ][gc,heap        ] GC(29)  Metaspace       used 1021K, committed 1216K, reserved 1056768K
[8.936s][debug  ][gc,heap        ] GC(29)   class space    used 83K, committed 192K, reserved 1048576K
[8.936s][debug  ][gc,task,time   ] GC(29) VM-Thread 89248951 89276171 89353936
[9.221s][debug  ][gc,heap        ] GC(30) Heap before GC invocations=31 (full 3):
[9.221s][debug  ][gc,heap        ] GC(30)  PSYoungGen      total 229888K, used 188123K [0x00000007f0000000, 0x0000000800000000, 0x0000000800000000)
[9.221s][debug  ][gc,heap        ] GC(30)   eden space 197632K, 95% used [0x00000007f0000000,0x00000007fb7b6d28,0x00000007fc100000)
[9.221s][debug  ][gc,heap        ] GC(30)   from space 32256K, 0% used [0x00000007fe080000,0x00000007fe080000,0x0000000800000000)
[9.221s][debug  ][gc,heap        ] GC(30)   to   space 32256K, 0% used [0x00000007fc100000,0x00000007fc100000,0x00000007fe080000)
[9.221s][debug  ][gc,heap        ] GC(30)  ParOldGen       total 1369088K, used 872036K [0x0000000700000000, 0x0000000753900000, 0x00000007f0000000)
[9.221s][debug  ][gc,heap        ] GC(30)   object space 1369088K, 63% used [0x0000000700000000,0x0000000735399148,0x0000000753900000)
[9.221s][debug  ][gc,heap        ] GC(30)  Metaspace       used 1021K, committed 1216K, reserved 1056768K
[9.221s][debug  ][gc,heap        ] GC(30)   class space    used 83K, committed 192K, reserved 1048576K
[9.221s][debug  ][gc,tlab        ] GC(30) TLAB totals: thrds: 1  refills: 1 max: 1 slow allocs: 17 max 17 waste: 27.1% gc: 3893112B max: 3893112B slow: 0B max: 0B
[9.221s][info   ][gc,start       ] GC(30) Pause Young (Allocation Failure)
[9.222s][debug  ][gc,phases,start] GC(30) Scavenge
[9.224s][debug  ][gc,phases      ] GC(30) Scavenge 2.838ms
[9.224s][debug  ][gc,phases,start] GC(30) Reference Processing
[9.224s][debug  ][gc,ref         ] GC(30) Skipped phase 1 of Reference Processing: no references
[9.224s][debug  ][gc,ref         ] GC(30) Skipped phase 2 of Reference Processing: no references
[9.225s][debug  ][gc,ref         ] GC(30) Skipped phase 3 of Reference Processing: no references
[9.225s][debug  ][gc,ref         ] GC(30) Skipped phase 4 of Reference Processing: no references
[9.225s][debug  ][gc,phases,ref  ] GC(30) Reference Processing: 0.1ms
[9.225s][debug  ][gc,phases,ref  ] GC(30)   Reconsider SoftReferences: 0.0ms
[9.225s][debug  ][gc,phases,ref  ] GC(30)     SoftRef (ms):                  skipped
[9.225s][debug  ][gc,phases,ref  ] GC(30)   Notify Soft/WeakReferences: 0.0ms
[9.225s][debug  ][gc,phases,ref  ] GC(30)     SoftRef (ms):                  skipped
[9.225s][debug  ][gc,phases,ref  ] GC(30)     WeakRef (ms):                  skipped
[9.225s][debug  ][gc,phases,ref  ] GC(30)     FinalRef (ms):                 skipped
[9.225s][debug  ][gc,phases,ref  ] GC(30)     Total (ms):                    skipped
[9.225s][debug  ][gc,phases,ref  ] GC(30)   Notify and keep alive finalizable: 0.0ms
[9.225s][debug  ][gc,phases,ref  ] GC(30)     FinalRef (ms):                 skipped
[9.225s][debug  ][gc,phases,ref  ] GC(30)   Notify PhantomReferences: 0.0ms
[9.225s][debug  ][gc,phases,ref  ] GC(30)     PhantomRef (ms):               skipped
[9.225s][debug  ][gc,phases,ref  ] GC(30)   SoftReference:
[9.225s][debug  ][gc,phases,ref  ] GC(30)     Discovered: 0
[9.225s][debug  ][gc,phases,ref  ] GC(30)     Cleared: 0
[9.225s][debug  ][gc,phases,ref  ] GC(30)   WeakReference:
[9.225s][debug  ][gc,phases,ref  ] GC(30)     Discovered: 0
[9.225s][debug  ][gc,phases,ref  ] GC(30)     Cleared: 0
[9.225s][debug  ][gc,phases,ref  ] GC(30)   FinalReference:
[9.225s][debug  ][gc,phases,ref  ] GC(30)     Discovered: 0
[9.225s][debug  ][gc,phases,ref  ] GC(30)     Cleared: 0
[9.225s][debug  ][gc,phases,ref  ] GC(30)   PhantomReference:
[9.225s][debug  ][gc,phases,ref  ] GC(30)     Discovered: 0
[9.225s][debug  ][gc,phases,ref  ] GC(30)     Cleared: 0
[9.225s][debug  ][gc,phases      ] GC(30) Reference Processing 0.699ms
[9.225s][debug  ][gc,phases,start] GC(30) Weak Processing
[9.225s][debug  ][gc,phases      ] GC(30)   VM Weak                        Min:  0.0, Avg:  0.0, Max:  0.0, Diff:  0.0, Sum:  0.0, Workers: 6
[9.225s][debug  ][gc,phases      ] GC(30)     Dead                           Min: 0, Avg:  0.0, Max: 0, Diff: 0, Sum: 0, Workers: 6
[9.225s][debug  ][gc,phases      ] GC(30)     Total                          Min: 0, Avg:  1.3, Max: 8, Diff: 8, Sum: 8, Workers: 6
[9.225s][debug  ][gc,phases      ] GC(30)   ObjectSynchronizer Weak        Min:  0.0, Avg:  0.0, Max:  0.0, Diff:  0.0, Sum:  0.0, Workers: 6
[9.225s][debug  ][gc,phases      ] GC(30)     Dead                           Min: 0, Avg:  0.0, Max: 0, Diff: 0, Sum: 0, Workers: 6
[9.225s][debug  ][gc,phases      ] GC(30)     Total                          Min: 0, Avg:  0.5, Max: 3, Diff: 3, Sum: 3, Workers: 6
[9.225s][debug  ][gc,phases      ] GC(30)   JVMTI Tag Weak OopStorage      Min:  0.0, Avg:  0.0, Max:  0.0, Diff:  0.0, Sum:  0.0, Workers: 6
[9.225s][debug  ][gc,phases      ] GC(30)     Dead                           Min: 0, Avg:  0.0, Max: 0, Diff: 0, Sum: 0, Workers: 6
[9.225s][debug  ][gc,phases      ] GC(30)     Total                          Min: 0, Avg:  0.0, Max: 0, Diff: 0, Sum: 0, Workers: 6
[9.225s][debug  ][gc,phases      ] GC(30)   StringTable Weak               Min:  0.0, Avg:  0.0, Max:  0.0, Diff:  0.0, Sum:  0.0, Workers: 6
[9.225s][debug  ][gc,phases      ] GC(30)     Dead                           Min: 0, Avg:  0.0, Max: 0, Diff: 0, Sum: 0, Workers: 6
[9.225s][debug  ][gc,phases      ] GC(30)     Total                          Min: 767, Avg: 892.5, Max: 1132, Diff: 365, Sum: 5355, Workers: 6
[9.226s][debug  ][gc,phases      ] GC(30)   ResolvedMethodTable Weak       Min:  0.0, Avg:  0.0, Max:  0.0, Diff:  0.0, Sum:  0.0, Workers: 6
[9.226s][debug  ][gc,phases      ] GC(30)     Dead                           Min: 0, Avg:  0.0, Max: 0, Diff: 0, Sum: 0, Workers: 6
[9.226s][debug  ][gc,phases      ] GC(30)     Total                          Min: 0, Avg: 21.7, Max: 64, Diff: 64, Sum: 130, Workers: 6
[9.226s][debug  ][gc,phases      ] GC(30)   JNI Weak                       Min:  0.0, Avg:  0.0, Max:  0.0, Diff:  0.0, Sum:  0.0, Workers: 6
[9.226s][debug  ][gc,phases      ] GC(30)     Dead                           Min: 0, Avg:  0.0, Max: 0, Diff: 0, Sum: 0, Workers: 6
[9.226s][debug  ][gc,phases      ] GC(30)     Total                          Min: 0, Avg:  0.0, Max: 0, Diff: 0, Sum: 0, Workers: 6
[9.226s][debug  ][gc,phases      ] GC(30)   StringDedup Table Weak         Min:  0.0, Avg:  0.0, Max:  0.0, Diff:  0.0, Sum:  0.0, Workers: 6
[9.226s][debug  ][gc,phases      ] GC(30)     Dead                           Min: 0, Avg:  0.0, Max: 0, Diff: 0, Sum: 0, Workers: 6
[9.226s][debug  ][gc,phases      ] GC(30)     Total                          Min: 0, Avg:  0.0, Max: 0, Diff: 0, Sum: 0, Workers: 6
[9.226s][debug  ][gc,phases      ] GC(30)   StringDedup Requests0 Weak     Min:  0.0, Avg:  0.0, Max:  0.0, Diff:  0.0, Sum:  0.0, Workers: 6
[9.226s][debug  ][gc,phases      ] GC(30)     Dead                           Min: 0, Avg:  0.0, Max: 0, Diff: 0, Sum: 0, Workers: 6
[9.226s][debug  ][gc,phases      ] GC(30)     Total                          Min: 0, Avg:  0.0, Max: 0, Diff: 0, Sum: 0, Workers: 6
[9.226s][debug  ][gc,phases      ] GC(30)   StringDedup Requests1 Weak     Min:  0.0, Avg:  0.0, Max:  0.0, Diff:  0.0, Sum:  0.0, Workers: 6
[9.226s][debug  ][gc,phases      ] GC(30)     Dead                           Min: 0, Avg:  0.0, Max: 0, Diff: 0, Sum: 0, Workers: 6
[9.226s][debug  ][gc,phases      ] GC(30)     Total                          Min: 0, Avg:  0.0, Max: 0, Diff: 0, Sum: 0, Workers: 6
[9.226s][debug  ][gc,phases      ] GC(30)   Weak JFR Old Object Samples    Min:  0.0, Avg:  0.0, Max:  0.0, Diff:  0.0, Sum:  0.0, Workers: 6
[9.226s][debug  ][gc,phases      ] GC(30)     Dead                           Min: 0, Avg:  0.0, Max: 0, Diff: 0, Sum: 0, Workers: 6
[9.226s][debug  ][gc,phases      ] GC(30)     Total                          Min: 0, Avg:  0.0, Max: 0, Diff: 0, Sum: 0, Workers: 6
[9.226s][debug  ][gc,phases      ] GC(30) Weak Processing 0.862ms
[9.226s][debug  ][gc,ergo        ] GC(30) AdaptiveSizeStart:  collection: 31 
[9.226s][debug  ][gc,ergo        ] GC(30) avg_survived_padded_avg: 32587250.000000
[9.226s][debug  ][gc,ergo        ] GC(30) avg_promoted_padded_avg: 229612336.000000  avg_pretenured_padded_avg: 0.000000  tenuring_thresh: 1  target_size: 33030144
[9.226s][debug  ][gc,age         ] GC(30) Desired survivor size 33030144 bytes, new threshold 1 (max threshold 15)
[9.226s][debug  ][gc,ergo        ] GC(30) PSAdaptiveSizePolicy::compute_eden_space_size limits: desired_eden_size: 252843306 old_eden_size: 202375168 eden_limit: 202375168 cur_eden: 202375168 max_eden_size: 202375168 avg_young_live: 25164286
[9.226s][debug  ][gc,ergo        ] GC(30) PSAdaptiveSizePolicy::compute_eden_space_size: costs minor_time: 0.054367 major_cost: 0.011149 mutator_cost: 0.934484 throughput_goal: 0.990000
[9.226s][debug  ][gc,ergo        ] GC(30) Live_space: 807189504 free_space: 464519168
[9.226s][debug  ][gc,ergo        ] GC(30) Old eden_size: 202375168 desired_eden_size: 202375168
[9.226s][debug  ][gc,ergo        ] GC(30) AdaptiveSizeStop: collection: 31 
[9.226s][info   ][gc,heap        ] GC(30) PSYoungGen: 188123K(229888K)->30720K(229888K) Eden: 188123K(197632K)->0K(197632K) From: 0K(32256K)->30720K(32256K)
[9.226s][info   ][gc,heap        ] GC(30) ParOldGen: 872036K(1369088K)->872036K(1369088K)
[9.226s][info   ][gc,metaspace   ] GC(30) Metaspace: 1021K(1216K)->1021K(1216K) NonClass: 938K(1024K)->938K(1024K) Class: 83K(192K)->83K(192K)
[9.226s][info   ][gc             ] GC(30) Pause Young (Allocation Failure) 1035M->881M(1561M) 4.927ms
[9.226s][info   ][gc,cpu         ] GC(30) User=0.00s Sys=0.02s Real=0.00s
[9.226s][debug  ][gc,heap        ] GC(30) Heap after GC invocations=31 (full 3):
[9.226s][debug  ][gc,heap        ] GC(30)  PSYoungGen      total 229888K, used 30720K [0x00000007f0000000, 0x0000000800000000, 0x0000000800000000)
[9.227s][debug  ][gc,heap        ] GC(30)   eden space 197632K, 0% used [0x00000007f0000000,0x00000007f0000000,0x00000007fc100000)
[9.227s][debug  ][gc,heap        ] GC(30)   from space 32256K, 95% used [0x00000007fc100000,0x00000007fdf00030,0x00000007fe080000)
[9.227s][debug  ][gc,heap        ] GC(30)   to   space 32256K, 0% used [0x00000007fe080000,0x00000007fe080000,0x0000000800000000)
[9.227s][debug  ][gc,heap        ] GC(30)  ParOldGen       total 1369088K, used 872036K [0x0000000700000000, 0x0000000753900000, 0x00000007f0000000)
[9.227s][debug  ][gc,heap        ] GC(30)   object space 1369088K, 63% used [0x0000000700000000,0x0000000735399148,0x0000000753900000)
[9.227s][debug  ][gc,heap        ] GC(30)  Metaspace       used 1021K, committed 1216K, reserved 1056768K
[9.227s][debug  ][gc,heap        ] GC(30)   class space    used 83K, committed 192K, reserved 1048576K
[9.227s][debug  ][gc,task,time   ] GC(30) VM-Thread 92210278 92244202 92266873
[9.524s][debug  ][gc,heap        ] GC(31) Heap before GC invocations=32 (full 3):
[9.524s][debug  ][gc,heap        ] GC(31)  PSYoungGen      total 229888K, used 218792K [0x00000007f0000000, 0x0000000800000000, 0x0000000800000000)
[9.524s][debug  ][gc,heap        ] GC(31)   eden space 197632K, 95% used [0x00000007f0000000,0x00000007fb7aa190,0x00000007fc100000)
[9.524s][debug  ][gc,heap        ] GC(31)   from space 32256K, 95% used [0x00000007fc100000,0x00000007fdf00030,0x00000007fe080000)
[9.524s][debug  ][gc,heap        ] GC(31)   to   space 32256K, 0% used [0x00000007fe080000,0x00000007fe080000,0x0000000800000000)
[9.524s][debug  ][gc,heap        ] GC(31)  ParOldGen       total 1369088K, used 872036K [0x0000000700000000, 0x0000000753900000, 0x00000007f0000000)
[9.524s][debug  ][gc,heap        ] GC(31)   object space 1369088K, 63% used [0x0000000700000000,0x0000000735399148,0x0000000753900000)
[9.524s][debug  ][gc,heap        ] GC(31)  Metaspace       used 1021K, committed 1216K, reserved 1056768K
[9.524s][debug  ][gc,heap        ] GC(31)   class space    used 83K, committed 192K, reserved 1048576K
[9.525s][debug  ][gc,tlab        ] GC(31) TLAB totals: thrds: 1  refills: 1 max: 1 slow allocs: 17 max 17 waste: 26.8% gc: 3842160B max: 3842160B slow: 0B max: 0B
[9.525s][info   ][gc,start       ] GC(31) Pause Young (Allocation Failure)
[9.525s][debug  ][gc,phases,start] GC(31) Scavenge
[9.543s][debug  ][gc,phases      ] GC(31) Scavenge 18.125ms
[9.543s][debug  ][gc,phases,start] GC(31) Reference Processing
[9.543s][debug  ][gc,ref         ] GC(31) Skipped phase 1 of Reference Processing: no references
[9.543s][debug  ][gc,ref         ] GC(31) Skipped phase 2 of Reference Processing: no references
[9.543s][debug  ][gc,ref         ] GC(31) Skipped phase 3 of Reference Processing: no references
[9.543s][debug  ][gc,ref         ] GC(31) Skipped phase 4 of Reference Processing: no references
[9.543s][debug  ][gc,phases,ref  ] GC(31) Reference Processing: 0.1ms
[9.543s][debug  ][gc,phases,ref  ] GC(31)   Reconsider SoftReferences: 0.0ms
[9.543s][debug  ][gc,phases,ref  ] GC(31)     SoftRef (ms):                  skipped
[9.543s][debug  ][gc,phases,ref  ] GC(31)   Notify Soft/WeakReferences: 0.0ms
[9.543s][debug  ][gc,phases,ref  ] GC(31)     SoftRef (ms):                  skipped
[9.543s][debug  ][gc,phases,ref  ] GC(31)     WeakRef (ms):                  skipped
[9.543s][debug  ][gc,phases,ref  ] GC(31)     FinalRef (ms):                 skipped
[9.543s][debug  ][gc,phases,ref  ] GC(31)     Total (ms):                    skipped
[9.543s][debug  ][gc,phases,ref  ] GC(31)   Notify and keep alive finalizable: 0.0ms
[9.543s][debug  ][gc,phases,ref  ] GC(31)     FinalRef (ms):                 skipped
[9.543s][debug  ][gc,phases,ref  ] GC(31)   Notify PhantomReferences: 0.0ms
[9.543s][debug  ][gc,phases,ref  ] GC(31)     PhantomRef (ms):               skipped
[9.543s][debug  ][gc,phases,ref  ] GC(31)   SoftReference:
[9.543s][debug  ][gc,phases,ref  ] GC(31)     Discovered: 0
[9.543s][debug  ][gc,phases,ref  ] GC(31)     Cleared: 0
[9.543s][debug  ][gc,phases,ref  ] GC(31)   WeakReference:
[9.543s][debug  ][gc,phases,ref  ] GC(31)     Discovered: 0
[9.543s][debug  ][gc,phases,ref  ] GC(31)     Cleared: 0
[9.543s][debug  ][gc,phases,ref  ] GC(31)   FinalReference:
[9.543s][debug  ][gc,phases,ref  ] GC(31)     Discovered: 0
[9.543s][debug  ][gc,phases,ref  ] GC(31)     Cleared: 0
[9.543s][debug  ][gc,phases,ref  ] GC(31)   PhantomReference:
[9.543s][debug  ][gc,phases,ref  ] GC(31)     Discovered: 0
[9.543s][debug  ][gc,phases,ref  ] GC(31)     Cleared: 0
[9.543s][debug  ][gc,phases      ] GC(31) Reference Processing 0.574ms
[9.543s][debug  ][gc,phases,start] GC(31) Weak Processing
[9.544s][debug  ][gc,phases      ] GC(31)   VM Weak                        Min:  0.0, Avg:  0.0, Max:  0.0, Diff:  0.0, Sum:  0.0, Workers: 6
[9.544s][debug  ][gc,phases      ] GC(31)     Dead                           Min: 0, Avg:  0.0, Max: 0, Diff: 0, Sum: 0, Workers: 6
[9.544s][debug  ][gc,phases      ] GC(31)     Total                          Min: 0, Avg:  1.3, Max: 8, Diff: 8, Sum: 8, Workers: 6
[9.544s][debug  ][gc,phases      ] GC(31)   ObjectSynchronizer Weak        Min:  0.0, Avg:  0.0, Max:  0.0, Diff:  0.0, Sum:  0.0, Workers: 6
[9.544s][debug  ][gc,phases      ] GC(31)     Dead                           Min: 0, Avg:  0.0, Max: 0, Diff: 0, Sum: 0, Workers: 6
[9.544s][debug  ][gc,phases      ] GC(31)     Total                          Min: 0, Avg:  0.5, Max: 3, Diff: 3, Sum: 3, Workers: 6
[9.544s][debug  ][gc,phases      ] GC(31)   JVMTI Tag Weak OopStorage      Min:  0.0, Avg:  0.0, Max:  0.0, Diff:  0.0, Sum:  0.0, Workers: 6
[9.544s][debug  ][gc,phases      ] GC(31)     Dead                           Min: 0, Avg:  0.0, Max: 0, Diff: 0, Sum: 0, Workers: 6
[9.544s][debug  ][gc,phases      ] GC(31)     Total                          Min: 0, Avg:  0.0, Max: 0, Diff: 0, Sum: 0, Workers: 6
[9.544s][debug  ][gc,phases      ] GC(31)   StringTable Weak               Min:  0.0, Avg:  0.0, Max:  0.0, Diff:  0.0, Sum:  0.0, Workers: 6
[9.544s][debug  ][gc,phases      ] GC(31)     Dead                           Min: 0, Avg:  0.0, Max: 0, Diff: 0, Sum: 0, Workers: 6
[9.544s][debug  ][gc,phases      ] GC(31)     Total                          Min: 768, Avg: 892.5, Max: 1088, Diff: 320, Sum: 5355, Workers: 6
[9.544s][debug  ][gc,phases      ] GC(31)   ResolvedMethodTable Weak       Min:  0.0, Avg:  0.0, Max:  0.0, Diff:  0.0, Sum:  0.0, Workers: 6
[9.544s][debug  ][gc,phases      ] GC(31)     Dead                           Min: 0, Avg:  0.0, Max: 0, Diff: 0, Sum: 0, Workers: 6
[9.544s][debug  ][gc,phases      ] GC(31)     Total                          Min: 0, Avg: 21.7, Max: 64, Diff: 64, Sum: 130, Workers: 6
[9.544s][debug  ][gc,phases      ] GC(31)   JNI Weak                       Min:  0.0, Avg:  0.0, Max:  0.0, Diff:  0.0, Sum:  0.0, Workers: 6
[9.544s][debug  ][gc,phases      ] GC(31)     Dead                           Min: 0, Avg:  0.0, Max: 0, Diff: 0, Sum: 0, Workers: 6
[9.544s][debug  ][gc,phases      ] GC(31)     Total                          Min: 0, Avg:  0.0, Max: 0, Diff: 0, Sum: 0, Workers: 6
[9.544s][debug  ][gc,phases      ] GC(31)   StringDedup Table Weak         Min:  0.0, Avg:  0.0, Max:  0.0, Diff:  0.0, Sum:  0.0, Workers: 6
[9.544s][debug  ][gc,phases      ] GC(31)     Dead                           Min: 0, Avg:  0.0, Max: 0, Diff: 0, Sum: 0, Workers: 6
[9.544s][debug  ][gc,phases      ] GC(31)     Total                          Min: 0, Avg:  0.0, Max: 0, Diff: 0, Sum: 0, Workers: 6
[9.544s][debug  ][gc,phases      ] GC(31)   StringDedup Requests0 Weak     Min:  0.0, Avg:  0.0, Max:  0.0, Diff:  0.0, Sum:  0.0, Workers: 6
[9.544s][debug  ][gc,phases      ] GC(31)     Dead                           Min: 0, Avg:  0.0, Max: 0, Diff: 0, Sum: 0, Workers: 6
[9.544s][debug  ][gc,phases      ] GC(31)     Total                          Min: 0, Avg:  0.0, Max: 0, Diff: 0, Sum: 0, Workers: 6
[9.544s][debug  ][gc,phases      ] GC(31)   StringDedup Requests1 Weak     Min:  0.0, Avg:  0.0, Max:  0.0, Diff:  0.0, Sum:  0.0, Workers: 6
[9.544s][debug  ][gc,phases      ] GC(31)     Dead                           Min: 0, Avg:  0.0, Max: 0, Diff: 0, Sum: 0, Workers: 6
[9.544s][debug  ][gc,phases      ] GC(31)     Total                          Min: 0, Avg:  0.0, Max: 0, Diff: 0, Sum: 0, Workers: 6
[9.544s][debug  ][gc,phases      ] GC(31)   Weak JFR Old Object Samples    Min:  0.0, Avg:  0.0, Max:  0.0, Diff:  0.0, Sum:  0.0, Workers: 6
[9.544s][debug  ][gc,phases      ] GC(31)     Dead                           Min: 0, Avg:  0.0, Max: 0, Diff: 0, Sum: 0, Workers: 6
[9.544s][debug  ][gc,phases      ] GC(31)     Total                          Min: 0, Avg:  0.0, Max: 0, Diff: 0, Sum: 0, Workers: 6
[9.544s][debug  ][gc,phases      ] GC(31) Weak Processing 0.709ms
[9.544s][debug  ][gc,ergo        ] GC(31) AdaptiveSizeStart:  collection: 32 
[9.544s][debug  ][gc,ergo        ] GC(31) avg_survived_padded_avg: 32513750.000000
[9.544s][debug  ][gc,ergo        ] GC(31) avg_promoted_padded_avg: 235684048.000000  avg_pretenured_padded_avg: 0.000000  tenuring_thresh: 1  target_size: 33030144
[9.544s][debug  ][gc,age         ] GC(31) Desired survivor size 33030144 bytes, new threshold 1 (max threshold 15)
[9.544s][debug  ][gc,ergo        ] GC(31) PSAdaptiveSizePolicy::compute_eden_space_size limits: desired_eden_size: 253116717 old_eden_size: 202375168 eden_limit: 202375168 cur_eden: 202375168 max_eden_size: 202375168 avg_young_live: 25793588
[9.544s][debug  ][gc,ergo        ] GC(31) PSAdaptiveSizePolicy::compute_eden_space_size: costs minor_time: 0.056145 major_cost: 0.011149 mutator_cost: 0.932706 throughput_goal: 0.990000
[9.544s][debug  ][gc,ergo        ] GC(31) Live_space: 807818880 free_space: 464519168
[9.544s][debug  ][gc,ergo        ] GC(31) Old eden_size: 202375168 desired_eden_size: 202375168
[9.544s][debug  ][gc,ergo        ] GC(31) AdaptiveSizeStop: collection: 32 
[9.544s][info   ][gc,heap        ] GC(31) PSYoungGen: 218792K(229888K)->30720K(229888K) Eden: 188072K(197632K)->0K(197632K) From: 30720K(32256K)->30720K(32256K)
[9.544s][info   ][gc,heap        ] GC(31) ParOldGen: 872036K(1369088K)->1056356K(1369088K)
[9.544s][info   ][gc,metaspace   ] GC(31) Metaspace: 1021K(1216K)->1021K(1216K) NonClass: 938K(1024K)->938K(1024K) Class: 83K(192K)->83K(192K)
[9.545s][info   ][gc             ] GC(31) Pause Young (Allocation Failure) 1065M->1061M(1561M) 19.928ms
[9.545s][info   ][gc,cpu         ] GC(31) User=0.05s Sys=0.09s Real=0.02s
[9.545s][debug  ][gc,heap        ] GC(31) Heap after GC invocations=32 (full 3):
[9.545s][debug  ][gc,heap        ] GC(31)  PSYoungGen      total 229888K, used 30720K [0x00000007f0000000, 0x0000000800000000, 0x0000000800000000)
[9.545s][debug  ][gc,heap        ] GC(31)   eden space 197632K, 0% used [0x00000007f0000000,0x00000007f0000000,0x00000007fc100000)
[9.545s][debug  ][gc,heap        ] GC(31)   from space 32256K, 95% used [0x00000007fe080000,0x00000007ffe80030,0x0000000800000000)
[9.545s][debug  ][gc,heap        ] GC(31)   to   space 32256K, 0% used [0x00000007fc100000,0x00000007fc100000,0x00000007fe080000)
[9.545s][debug  ][gc,heap        ] GC(31)  ParOldGen       total 1369088K, used 1056356K [0x0000000700000000, 0x0000000753900000, 0x00000007f0000000)
[9.545s][debug  ][gc,heap        ] GC(31)   object space 1369088K, 77% used [0x0000000700000000,0x0000000740799268,0x0000000753900000)
[9.545s][debug  ][gc,heap        ] GC(31)  Metaspace       used 1021K, committed 1216K, reserved 1056768K
[9.545s][debug  ][gc,heap        ] GC(31)   class space    used 83K, committed 192K, reserved 1048576K
[9.545s][debug  ][gc,task,time   ] GC(31) VM-Thread 95240444 95428876 95447700
[9.827s][debug  ][gc,heap        ] GC(32) Heap before GC invocations=33 (full 3):
[9.827s][debug  ][gc,heap        ] GC(32)  PSYoungGen      total 229888K, used 218835K [0x00000007f0000000, 0x0000000800000000, 0x0000000800000000)
[9.827s][debug  ][gc,heap        ] GC(32)   eden space 197632K, 95% used [0x00000007f0000000,0x00000007fb7b4bf0,0x00000007fc100000)
[9.827s][debug  ][gc,heap        ] GC(32)   from space 32256K, 95% used [0x00000007fe080000,0x00000007ffe80030,0x0000000800000000)
[9.827s][debug  ][gc,heap        ] GC(32)   to   space 32256K, 0% used [0x00000007fc100000,0x00000007fc100000,0x00000007fe080000)
[9.827s][debug  ][gc,heap        ] GC(32)  ParOldGen       total 1369088K, used 1056356K [0x0000000700000000, 0x0000000753900000, 0x00000007f0000000)
[9.827s][debug  ][gc,heap        ] GC(32)   object space 1369088K, 77% used [0x0000000700000000,0x0000000740799268,0x0000000753900000)
[9.827s][debug  ][gc,heap        ] GC(32)  Metaspace       used 1021K, committed 1216K, reserved 1056768K
[9.827s][debug  ][gc,heap        ] GC(32)   class space    used 83K, committed 192K, reserved 1048576K
[9.827s][debug  ][gc,tlab        ] GC(32) TLAB totals: thrds: 1  refills: 1 max: 1 slow allocs: 17 max 17 waste: 27.0% gc: 3885776B max: 3885776B slow: 0B max: 0B
[9.827s][info   ][gc,start       ] GC(32) Pause Young (Allocation Failure)
[9.827s][debug  ][gc,phases,start] GC(32) Scavenge
[9.846s][debug  ][gc,phases      ] GC(32) Scavenge 18.287ms
[9.846s][debug  ][gc,phases,start] GC(32) Reference Processing
[9.846s][debug  ][gc,ref         ] GC(32) Skipped phase 1 of Reference Processing: no references
[9.846s][debug  ][gc,ref         ] GC(32) Skipped phase 2 of Reference Processing: no references
[9.846s][debug  ][gc,ref         ] GC(32) Skipped phase 3 of Reference Processing: no references
[9.846s][debug  ][gc,ref         ] GC(32) Skipped phase 4 of Reference Processing: no references
[9.846s][debug  ][gc,phases,ref  ] GC(32) Reference Processing: 0.1ms
[9.846s][debug  ][gc,phases,ref  ] GC(32)   Reconsider SoftReferences: 0.0ms
[9.846s][debug  ][gc,phases,ref  ] GC(32)     SoftRef (ms):                  skipped
[9.846s][debug  ][gc,phases,ref  ] GC(32)   Notify Soft/WeakReferences: 0.0ms
[9.846s][debug  ][gc,phases,ref  ] GC(32)     SoftRef (ms):                  skipped
[9.846s][debug  ][gc,phases,ref  ] GC(32)     WeakRef (ms):                  skipped
[9.846s][debug  ][gc,phases,ref  ] GC(32)     FinalRef (ms):                 skipped
[9.846s][debug  ][gc,phases,ref  ] GC(32)     Total (ms):                    skipped
[9.846s][debug  ][gc,phases,ref  ] GC(32)   Notify and keep alive finalizable: 0.0ms
[9.846s][debug  ][gc,phases,ref  ] GC(32)     FinalRef (ms):                 skipped
[9.846s][debug  ][gc,phases,ref  ] GC(32)   Notify PhantomReferences: 0.0ms
[9.846s][debug  ][gc,phases,ref  ] GC(32)     PhantomRef (ms):               skipped
[9.846s][debug  ][gc,phases,ref  ] GC(32)   SoftReference:
[9.846s][debug  ][gc,phases,ref  ] GC(32)     Discovered: 0
[9.846s][debug  ][gc,phases,ref  ] GC(32)     Cleared: 0
[9.846s][debug  ][gc,phases,ref  ] GC(32)   WeakReference:
[9.846s][debug  ][gc,phases,ref  ] GC(32)     Discovered: 0
[9.846s][debug  ][gc,phases,ref  ] GC(32)     Cleared: 0
[9.846s][debug  ][gc,phases,ref  ] GC(32)   FinalReference:
[9.846s][debug  ][gc,phases,ref  ] GC(32)     Discovered: 0
[9.846s][debug  ][gc,phases,ref  ] GC(32)     Cleared: 0
[9.846s][debug  ][gc,phases,ref  ] GC(32)   PhantomReference:
[9.846s][debug  ][gc,phases,ref  ] GC(32)     Discovered: 0
[9.846s][debug  ][gc,phases,ref  ] GC(32)     Cleared: 0
[9.846s][debug  ][gc,phases      ] GC(32) Reference Processing 0.657ms
[9.846s][debug  ][gc,phases,start] GC(32) Weak Processing
[9.846s][debug  ][gc,phases      ] GC(32)   VM Weak                        Min:  0.0, Avg:  0.0, Max:  0.0, Diff:  0.0, Sum:  0.0, Workers: 6
[9.846s][debug  ][gc,phases      ] GC(32)     Dead                           Min: 0, Avg:  0.0, Max: 0, Diff: 0, Sum: 0, Workers: 6
[9.846s][debug  ][gc,phases      ] GC(32)     Total                          Min: 0, Avg:  1.3, Max: 8, Diff: 8, Sum: 8, Workers: 6
[9.846s][debug  ][gc,phases      ] GC(32)   ObjectSynchronizer Weak        Min:  0.0, Avg:  0.0, Max:  0.0, Diff:  0.0, Sum:  0.0, Workers: 6
[9.846s][debug  ][gc,phases      ] GC(32)     Dead                           Min: 0, Avg:  0.0, Max: 0, Diff: 0, Sum: 0, Workers: 6
[9.846s][debug  ][gc,phases      ] GC(32)     Total                          Min: 0, Avg:  0.5, Max: 3, Diff: 3, Sum: 3, Workers: 6
[9.846s][debug  ][gc,phases      ] GC(32)   JVMTI Tag Weak OopStorage      Min:  0.0, Avg:  0.0, Max:  0.0, Diff:  0.0, Sum:  0.0, Workers: 6
[9.846s][debug  ][gc,phases      ] GC(32)     Dead                           Min: 0, Avg:  0.0, Max: 0, Diff: 0, Sum: 0, Workers: 6
[9.846s][debug  ][gc,phases      ] GC(32)     Total                          Min: 0, Avg:  0.0, Max: 0, Diff: 0, Sum: 0, Workers: 6
[9.847s][debug  ][gc,phases      ] GC(32)   StringTable Weak               Min:  0.0, Avg:  0.0, Max:  0.0, Diff:  0.0, Sum:  0.0, Workers: 6
[9.847s][debug  ][gc,phases      ] GC(32)     Dead                           Min: 0, Avg:  0.0, Max: 0, Diff: 0, Sum: 0, Workers: 6
[9.847s][debug  ][gc,phases      ] GC(32)     Total                          Min: 767, Avg: 892.5, Max: 1132, Diff: 365, Sum: 5355, Workers: 6
[9.847s][debug  ][gc,phases      ] GC(32)   ResolvedMethodTable Weak       Min:  0.0, Avg:  0.0, Max:  0.0, Diff:  0.0, Sum:  0.0, Workers: 6
[9.847s][debug  ][gc,phases      ] GC(32)     Dead                           Min: 0, Avg:  0.0, Max: 0, Diff: 0, Sum: 0, Workers: 6
[9.847s][debug  ][gc,phases      ] GC(32)     Total                          Min: 0, Avg: 21.7, Max: 64, Diff: 64, Sum: 130, Workers: 6
[9.847s][debug  ][gc,phases      ] GC(32)   JNI Weak                       Min:  0.0, Avg:  0.0, Max:  0.0, Diff:  0.0, Sum:  0.0, Workers: 6
[9.847s][debug  ][gc,phases      ] GC(32)     Dead                           Min: 0, Avg:  0.0, Max: 0, Diff: 0, Sum: 0, Workers: 6
[9.847s][debug  ][gc,phases      ] GC(32)     Total                          Min: 0, Avg:  0.0, Max: 0, Diff: 0, Sum: 0, Workers: 6
[9.847s][debug  ][gc,phases      ] GC(32)   StringDedup Table Weak         Min:  0.0, Avg:  0.0, Max:  0.0, Diff:  0.0, Sum:  0.0, Workers: 6
[9.847s][debug  ][gc,phases      ] GC(32)     Dead                           Min: 0, Avg:  0.0, Max: 0, Diff: 0, Sum: 0, Workers: 6
[9.847s][debug  ][gc,phases      ] GC(32)     Total                          Min: 0, Avg:  0.0, Max: 0, Diff: 0, Sum: 0, Workers: 6
[9.847s][debug  ][gc,phases      ] GC(32)   StringDedup Requests0 Weak     Min:  0.0, Avg:  0.0, Max:  0.0, Diff:  0.0, Sum:  0.0, Workers: 6
[9.847s][debug  ][gc,phases      ] GC(32)     Dead                           Min: 0, Avg:  0.0, Max: 0, Diff: 0, Sum: 0, Workers: 6
[9.847s][debug  ][gc,phases      ] GC(32)     Total                          Min: 0, Avg:  0.0, Max: 0, Diff: 0, Sum: 0, Workers: 6
[9.847s][debug  ][gc,phases      ] GC(32)   StringDedup Requests1 Weak     Min:  0.0, Avg:  0.0, Max:  0.0, Diff:  0.0, Sum:  0.0, Workers: 6
[9.847s][debug  ][gc,phases      ] GC(32)     Dead                           Min: 0, Avg:  0.0, Max: 0, Diff: 0, Sum: 0, Workers: 6
[9.847s][debug  ][gc,phases      ] GC(32)     Total                          Min: 0, Avg:  0.0, Max: 0, Diff: 0, Sum: 0, Workers: 6
[9.847s][debug  ][gc,phases      ] GC(32)   Weak JFR Old Object Samples    Min:  0.0, Avg:  0.0, Max:  0.0, Diff:  0.0, Sum:  0.0, Workers: 6
[9.847s][debug  ][gc,phases      ] GC(32)     Dead                           Min: 0, Avg:  0.0, Max: 0, Diff: 0, Sum: 0, Workers: 6
[9.847s][debug  ][gc,phases      ] GC(32)     Total                          Min: 0, Avg:  0.0, Max: 0, Diff: 0, Sum: 0, Workers: 6
[9.847s][debug  ][gc,phases      ] GC(32) Weak Processing 0.745ms
[9.847s][debug  ][gc,ergo        ] GC(32) AdaptiveSizeStart:  collection: 33 
[9.847s][debug  ][gc,ergo        ] GC(32) avg_survived_padded_avg: 32443648.000000
[9.847s][debug  ][gc,ergo        ] GC(32) avg_promoted_padded_avg: 240132736.000000  avg_pretenured_padded_avg: 0.000000  tenuring_thresh: 1  target_size: 32505856
[9.847s][debug  ][gc,age         ] GC(32) Desired survivor size 32505856 bytes, new threshold 1 (max threshold 15)
[9.847s][debug  ][gc,ergo        ] GC(32) PSAdaptiveSizePolicy::compute_eden_space_size limits: desired_eden_size: 253452360 old_eden_size: 202375168 eden_limit: 202375168 cur_eden: 202375168 max_eden_size: 202375168 avg_young_live: 26359960
[9.847s][debug  ][gc,ergo        ] GC(32) PSAdaptiveSizePolicy::compute_eden_space_size: costs minor_time: 0.058464 major_cost: 0.011149 mutator_cost: 0.930387 throughput_goal: 0.990000
[9.847s][debug  ][gc,ergo        ] GC(32) Live_space: 808385216 free_space: 464519168
[9.847s][debug  ][gc,ergo        ] GC(32) Old eden_size: 202375168 desired_eden_size: 202375168
[9.847s][debug  ][gc,ergo        ] GC(32) AdaptiveSizeStop: collection: 33 
[9.847s][info   ][gc,heap        ] GC(32) PSYoungGen: 218835K(229888K)->30720K(229888K) Eden: 188114K(197632K)->0K(197632K) From: 30720K(32256K)->30720K(32256K)
[9.847s][info   ][gc,heap        ] GC(32) ParOldGen: 1056356K(1369088K)->1240676K(1369088K)
[9.847s][info   ][gc,metaspace   ] GC(32) Metaspace: 1021K(1216K)->1021K(1216K) NonClass: 938K(1024K)->938K(1024K) Class: 83K(192K)->83K(192K)
[9.847s][info   ][gc             ] GC(32) Pause Young (Allocation Failure) 1245M->1241M(1561M) 20.177ms
[9.847s][info   ][gc,cpu         ] GC(32) User=0.05s Sys=0.11s Real=0.02s
[9.847s][debug  ][gc,heap        ] GC(32) Heap after GC invocations=33 (full 3):
[9.847s][debug  ][gc,heap        ] GC(32)  PSYoungGen      total 229888K, used 30720K [0x00000007f0000000, 0x0000000800000000, 0x0000000800000000)
[9.847s][debug  ][gc,heap        ] GC(32)   eden space 197632K, 0% used [0x00000007f0000000,0x00000007f0000000,0x00000007fc100000)
[9.847s][debug  ][gc,heap        ] GC(32)   from space 32256K, 95% used [0x00000007fc100000,0x00000007fdf00030,0x00000007fe080000)
[9.847s][debug  ][gc,heap        ] GC(32)   to   space 31744K, 0% used [0x00000007fe100000,0x00000007fe100000,0x0000000800000000)
[9.848s][debug  ][gc,heap        ] GC(32)  ParOldGen       total 1369088K, used 1240676K [0x0000000700000000, 0x0000000753900000, 0x00000007f0000000)
[9.848s][debug  ][gc,heap        ] GC(32)   object space 1369088K, 90% used [0x0000000700000000,0x000000074bb99388,0x0000000753900000)
[9.848s][debug  ][gc,heap        ] GC(32)  Metaspace       used 1021K, committed 1216K, reserved 1056768K
[9.848s][debug  ][gc,heap        ] GC(32)   class space    used 83K, committed 192K, reserved 1048576K
[9.848s][debug  ][gc,task,time   ] GC(32) VM-Thread 98266785 98455987 98476272
[9.848s][debug  ][gc,phases,start] GC(33) Pre Compact
[9.848s][debug  ][gc,heap        ] GC(33) Heap before GC invocations=34 (full 4):
[9.848s][debug  ][gc,heap        ] GC(33)  PSYoungGen      total 229888K, used 30720K [0x00000007f0000000, 0x0000000800000000, 0x0000000800000000)
[9.848s][debug  ][gc,heap        ] GC(33)   eden space 197632K, 0% used [0x00000007f0000000,0x00000007f0000000,0x00000007fc100000)
[9.848s][debug  ][gc,heap        ] GC(33)   from space 32256K, 95% used [0x00000007fc100000,0x00000007fdf00030,0x00000007fe080000)
[9.848s][debug  ][gc,heap        ] GC(33)   to   space 31744K, 0% used [0x00000007fe100000,0x00000007fe100000,0x0000000800000000)
[9.848s][debug  ][gc,heap        ] GC(33)  ParOldGen       total 1369088K, used 1240676K [0x0000000700000000, 0x0000000753900000, 0x00000007f0000000)
[9.848s][debug  ][gc,heap        ] GC(33)   object space 1369088K, 90% used [0x0000000700000000,0x000000074bb99388,0x0000000753900000)
[9.848s][debug  ][gc,heap        ] GC(33)  Metaspace       used 1021K, committed 1216K, reserved 1056768K
[9.848s][debug  ][gc,heap        ] GC(33)   class space    used 83K, committed 192K, reserved 1048576K
[9.848s][debug  ][gc,phases      ] GC(33) Pre Compact 0.266ms
[9.848s][info   ][gc,start       ] GC(33) Pause Full (Ergonomics)
[9.848s][info   ][gc,phases,start] GC(33) Marking Phase
[9.848s][debug  ][gc,phases,start] GC(33) Par Mark
[9.849s][debug  ][gc,phases      ] GC(33) Par Mark 0.490ms
[9.849s][debug  ][gc,phases,start] GC(33) Reference Processing
[9.849s][debug  ][gc,ref         ] GC(33) Skipped phase 1 of Reference Processing: no references
[9.849s][debug  ][gc,ref         ] GC(33) ReferenceProcessor::execute queues: 1, RefProcThreadModel::Single, marks_oops_alive: false
[9.849s][debug  ][gc,ref         ] GC(33) Skipped phase 3 of Reference Processing: no references
[9.849s][debug  ][gc,ref         ] GC(33) ReferenceProcessor::execute queues: 1, RefProcThreadModel::Single, marks_oops_alive: false
[9.849s][debug  ][gc,phases,ref  ] GC(33) Reference Processing: 0.1ms
[9.849s][debug  ][gc,phases,ref  ] GC(33)   Reconsider SoftReferences: 0.0ms
[9.849s][debug  ][gc,phases,ref  ] GC(33)     SoftRef (ms):                  skipped
[9.849s][debug  ][gc,phases,ref  ] GC(33)   Notify Soft/WeakReferences: 0.0ms
[9.849s][debug  ][gc,phases,ref  ] GC(33)     SoftRef (ms):                  Min:  0.0, Avg:  0.0, Max:  0.0, Diff:  0.0, Sum:  0.0, Workers: 10
[9.849s][debug  ][gc,phases,ref  ] GC(33)     WeakRef (ms):                  Min:  0.0, Avg:  0.0, Max:  0.0, Diff:  0.0, Sum:  0.0, Workers: 10
[9.849s][debug  ][gc,phases,ref  ] GC(33)     FinalRef (ms):                 Min:  0.0, Avg:  0.0, Max:  0.0, Diff:  0.0, Sum:  0.0, Workers: 10
[9.849s][debug  ][gc,phases,ref  ] GC(33)     Total (ms):                    Min:  0.0, Avg:  0.0, Max:  0.0, Diff:  0.0, Sum:  0.0, Workers: 10
[9.849s][debug  ][gc,phases,ref  ] GC(33)   Notify and keep alive finalizable: 0.0ms
[9.849s][debug  ][gc,phases,ref  ] GC(33)     FinalRef (ms):                 skipped
[9.849s][debug  ][gc,phases,ref  ] GC(33)   Notify PhantomReferences: 0.0ms
[9.849s][debug  ][gc,phases,ref  ] GC(33)     PhantomRef (ms):               Min:  0.0, Avg:  0.0, Max:  0.0, Diff:  0.0, Sum:  0.0, Workers: 10
[9.849s][debug  ][gc,phases,ref  ] GC(33)   SoftReference:
[9.849s][debug  ][gc,phases,ref  ] GC(33)     Discovered: 0
[9.849s][debug  ][gc,phases,ref  ] GC(33)     Cleared: 0
[9.849s][debug  ][gc,phases,ref  ] GC(33)   WeakReference:
[9.849s][debug  ][gc,phases,ref  ] GC(33)     Discovered: 67
[9.849s][debug  ][gc,phases,ref  ] GC(33)     Cleared: 67
[9.849s][debug  ][gc,phases,ref  ] GC(33)   FinalReference:
[9.849s][debug  ][gc,phases,ref  ] GC(33)     Discovered: 0
[9.849s][debug  ][gc,phases,ref  ] GC(33)     Cleared: 0
[9.849s][debug  ][gc,phases,ref  ] GC(33)   PhantomReference:
[9.849s][debug  ][gc,phases,ref  ] GC(33)     Discovered: 5
[9.849s][debug  ][gc,phases,ref  ] GC(33)     Cleared: 5
[9.849s][debug  ][gc,phases      ] GC(33) Reference Processing 0.667ms
[9.849s][debug  ][gc,phases,start] GC(33) Weak Processing
[9.849s][debug  ][gc,phases      ] GC(33)   VM Weak                        Min:  0.0, Avg:  0.0, Max:  0.0, Diff:  0.0, Sum:  0.0, Workers: 6
[9.849s][debug  ][gc,phases      ] GC(33)     Dead                           Min: 0, Avg:  0.0, Max: 0, Diff: 0, Sum: 0, Workers: 6
[9.849s][debug  ][gc,phases      ] GC(33)     Total                          Min: 0, Avg:  1.3, Max: 8, Diff: 8, Sum: 8, Workers: 6
[9.849s][debug  ][gc,phases      ] GC(33)   ObjectSynchronizer Weak        Min:  0.0, Avg:  0.0, Max:  0.0, Diff:  0.0, Sum:  0.0, Workers: 6
[9.849s][debug  ][gc,phases      ] GC(33)     Dead                           Min: 0, Avg:  0.0, Max: 0, Diff: 0, Sum: 0, Workers: 6
[9.849s][debug  ][gc,phases      ] GC(33)     Total                          Min: 0, Avg:  0.5, Max: 3, Diff: 3, Sum: 3, Workers: 6
[9.849s][debug  ][gc,phases      ] GC(33)   JVMTI Tag Weak OopStorage      Min:  0.0, Avg:  0.0, Max:  0.0, Diff:  0.0, Sum:  0.0, Workers: 6
[9.849s][debug  ][gc,phases      ] GC(33)     Dead                           Min: 0, Avg:  0.0, Max: 0, Diff: 0, Sum: 0, Workers: 6
[9.849s][debug  ][gc,phases      ] GC(33)     Total                          Min: 0, Avg:  0.0, Max: 0, Diff: 0, Sum: 0, Workers: 6
[9.849s][debug  ][gc,phases      ] GC(33)   StringTable Weak               Min:  0.0, Avg:  0.0, Max:  0.0, Diff:  0.0, Sum:  0.1, Workers: 6
[9.849s][debug  ][gc,phases      ] GC(33)     Dead                           Min: 0, Avg:  0.0, Max: 0, Diff: 0, Sum: 0, Workers: 6
[9.850s][debug  ][gc,phases      ] GC(33)     Total                          Min: 768, Avg: 892.5, Max: 1087, Diff: 319, Sum: 5355, Workers: 6
[9.850s][debug  ][gc,phases      ] GC(33)   ResolvedMethodTable Weak       Min:  0.0, Avg:  0.0, Max:  0.0, Diff:  0.0, Sum:  0.0, Workers: 6
[9.850s][debug  ][gc,phases      ] GC(33)     Dead                           Min: 0, Avg:  0.0, Max: 0, Diff: 0, Sum: 0, Workers: 6
[9.850s][debug  ][gc,phases      ] GC(33)     Total                          Min: 0, Avg: 21.7, Max: 64, Diff: 64, Sum: 130, Workers: 6
[9.850s][debug  ][gc,phases      ] GC(33)   JNI Weak                       Min:  0.0, Avg:  0.0, Max:  0.0, Diff:  0.0, Sum:  0.0, Workers: 6
[9.850s][debug  ][gc,phases      ] GC(33)     Dead                           Min: 0, Avg:  0.0, Max: 0, Diff: 0, Sum: 0, Workers: 6
[9.850s][debug  ][gc,phases      ] GC(33)     Total                          Min: 0, Avg:  0.0, Max: 0, Diff: 0, Sum: 0, Workers: 6
[9.850s][debug  ][gc,phases      ] GC(33)   StringDedup Table Weak         Min:  0.0, Avg:  0.0, Max:  0.0, Diff:  0.0, Sum:  0.0, Workers: 6
[9.850s][debug  ][gc,phases      ] GC(33)     Dead                           Min: 0, Avg:  0.0, Max: 0, Diff: 0, Sum: 0, Workers: 6
[9.850s][debug  ][gc,phases      ] GC(33)     Total                          Min: 0, Avg:  0.0, Max: 0, Diff: 0, Sum: 0, Workers: 6
[9.850s][debug  ][gc,phases      ] GC(33)   StringDedup Requests0 Weak     Min:  0.0, Avg:  0.0, Max:  0.0, Diff:  0.0, Sum:  0.0, Workers: 6
[9.850s][debug  ][gc,phases      ] GC(33)     Dead                           Min: 0, Avg:  0.0, Max: 0, Diff: 0, Sum: 0, Workers: 6
[9.850s][debug  ][gc,phases      ] GC(33)     Total                          Min: 0, Avg:  0.0, Max: 0, Diff: 0, Sum: 0, Workers: 6
[9.850s][debug  ][gc,phases      ] GC(33)   StringDedup Requests1 Weak     Min:  0.0, Avg:  0.0, Max:  0.0, Diff:  0.0, Sum:  0.0, Workers: 6
[9.850s][debug  ][gc,phases      ] GC(33)     Dead                           Min: 0, Avg:  0.0, Max: 0, Diff: 0, Sum: 0, Workers: 6
[9.850s][debug  ][gc,phases      ] GC(33)     Total                          Min: 0, Avg:  0.0, Max: 0, Diff: 0, Sum: 0, Workers: 6
[9.850s][debug  ][gc,phases      ] GC(33)   Weak JFR Old Object Samples    Min:  0.0, Avg:  0.0, Max:  0.0, Diff:  0.0, Sum:  0.0, Workers: 6
[9.850s][debug  ][gc,phases      ] GC(33)     Dead                           Min: 0, Avg:  0.0, Max: 0, Diff: 0, Sum: 0, Workers: 6
[9.850s][debug  ][gc,phases      ] GC(33)     Total                          Min: 0, Avg:  0.0, Max: 0, Diff: 0, Sum: 0, Workers: 6
[9.850s][debug  ][gc,phases      ] GC(33) Weak Processing 0.662ms
[9.850s][debug  ][gc,phases,start] GC(33) Class Unloading
[9.850s][debug  ][gc,phases,start] GC(33) ClassLoaderData
[9.850s][debug  ][gc,phases      ] GC(33) ClassLoaderData 0.019ms
[9.850s][debug  ][gc,phases,start] GC(33) Trigger cleanups
[9.850s][debug  ][gc,phases      ] GC(33) Trigger cleanups 0.019ms
[9.850s][debug  ][gc,phases      ] GC(33) Class Unloading 0.255ms
[9.850s][info   ][gc,phases      ] GC(33) Marking Phase 2.203ms
[9.850s][info   ][gc,phases,start] GC(33) Summary Phase
[9.850s][info   ][gc,phases      ] GC(33) Summary Phase 0.044ms
[9.850s][info   ][gc,phases,start] GC(33) Adjust Roots
[9.850s][info   ][gc,phases      ] GC(33) Adjust Roots 0.177ms
[9.851s][info   ][gc,phases,start] GC(33) Compaction Phase
[9.895s][info   ][gc,phases      ] GC(33) Compaction Phase 44.711ms
[9.895s][info   ][gc,phases,start] GC(33) Post Compact
[9.900s][info   ][gc,phases      ] GC(33) Post Compact 4.846ms
[9.900s][debug  ][gc,ergo        ] GC(33) AdaptiveSizeStart: collection: 34 
[9.900s][debug  ][gc,ergo        ] GC(33) PSAdaptiveSizePolicy::compute_eden_space_size limits: desired_eden_size: 246613575 old_eden_size: 202375168 eden_limit: 202899456 cur_eden: 202375168 max_eden_size: 202899456 avg_young_live: 23723962
[9.900s][debug  ][gc,ergo        ] GC(33) PSAdaptiveSizePolicy::compute_eden_space_size: costs minor_time: 0.058464 major_cost: 0.021910 mutator_cost: 0.919626 throughput_goal: 0.990000
[9.900s][debug  ][gc,ergo        ] GC(33) Live_space: 805749248 free_space: 464519168
[9.900s][debug  ][gc,ergo        ] GC(33) Old eden_size: 202375168 desired_eden_size: 202899456
[9.900s][debug  ][gc,ergo        ] GC(33) PSAdaptiveSizePolicy::compute_old_gen_free_space: costs minor_time: 0.058464 major_cost: 0.021910  mutator_cost: 0.919626 throughput_goal: 0.990000
[9.900s][debug  ][gc,ergo        ] GC(33) Live_space: 780006656 free_space: 465043456
[9.901s][debug  ][gc,ergo        ] GC(33) Old promo_size: 262144000 desired_promo_size: 305135616
[9.916s][debug  ][gc             ] GC(33) Shrinking ParOldGen from 1369088K by 435200K to 933888K
[9.916s][debug  ][gc,ergo        ] GC(33) AdaptiveSizeStop: collection: 34 
[9.916s][info   ][gc,heap        ] GC(33) PSYoungGen: 30720K(229888K)->0K(230400K) Eden: 0K(197632K)->0K(198656K) From: 30720K(32256K)->0K(31744K)
[9.917s][info   ][gc,heap        ] GC(33) ParOldGen: 1240676K(1369088K)->400995K(933888K)
[9.917s][info   ][gc,metaspace   ] GC(33) Metaspace: 1021K(1216K)->1021K(1216K) NonClass: 938K(1024K)->938K(1024K) Class: 83K(192K)->83K(192K)
[9.917s][info   ][gc             ] GC(33) Pause Full (Ergonomics) 1241M->391M(1137M) 68.619ms
[9.917s][info   ][gc,cpu         ] GC(33) User=0.25s Sys=0.02s Real=0.07s
[9.917s][debug  ][gc,heap        ] GC(33) Heap after GC invocations=34 (full 4):
[9.917s][debug  ][gc,heap        ] GC(33)  PSYoungGen      total 230400K, used 0K [0x00000007f0000000, 0x0000000800000000, 0x0000000800000000)
[9.917s][debug  ][gc,heap        ] GC(33)   eden space 198656K, 0% used [0x00000007f0000000,0x00000007f0000000,0x00000007fc200000)
[9.917s][debug  ][gc,heap        ] GC(33)   from space 31744K, 0% used [0x00000007fe100000,0x00000007fe100000,0x0000000800000000)
[9.917s][debug  ][gc,heap        ] GC(33)   to   space 31744K, 0% used [0x00000007fc200000,0x00000007fc200000,0x00000007fe100000)
[9.917s][debug  ][gc,heap        ] GC(33)  ParOldGen       total 933888K, used 400995K [0x0000000700000000, 0x0000000739000000, 0x00000007f0000000)
[9.917s][debug  ][gc,heap        ] GC(33)   object space 933888K, 42% used [0x0000000700000000,0x0000000718798e68,0x0000000739000000)
[9.917s][debug  ][gc,heap        ] GC(33)  Metaspace       used 1021K, committed 1216K, reserved 1056768K
[9.917s][debug  ][gc,heap        ] GC(33)   class space    used 83K, committed 192K, reserved 1048576K
[9.917s][debug  ][gc,task,time   ] GC(33) VM-Thread 98479912 98505404 99166472
[10.222s][debug  ][gc,heap        ] GC(34) Heap before GC invocations=35 (full 4):
[10.222s][debug  ][gc,heap        ] GC(34)  PSYoungGen      total 230400K, used 198402K [0x00000007f0000000, 0x0000000800000000, 0x0000000800000000)
[10.222s][debug  ][gc,heap        ] GC(34)   eden space 198656K, 99% used [0x00000007f0000000,0x00000007fc1c08b0,0x00000007fc200000)
[10.223s][debug  ][gc,heap        ] GC(34)   from space 31744K, 0% used [0x00000007fe100000,0x00000007fe100000,0x0000000800000000)
[10.223s][debug  ][gc,heap        ] GC(34)   to   space 31744K, 0% used [0x00000007fc200000,0x00000007fc200000,0x00000007fe100000)
[10.223s][debug  ][gc,heap        ] GC(34)  ParOldGen       total 933888K, used 400995K [0x0000000700000000, 0x0000000739000000, 0x00000007f0000000)
[10.223s][debug  ][gc,heap        ] GC(34)   object space 933888K, 42% used [0x0000000700000000,0x0000000718798e68,0x0000000739000000)
[10.223s][debug  ][gc,heap        ] GC(34)  Metaspace       used 1021K, committed 1216K, reserved 1056768K
[10.223s][debug  ][gc,heap        ] GC(34)   class space    used 83K, committed 192K, reserved 1048576K
[10.223s][debug  ][gc,tlab        ] GC(34) TLAB totals: thrds: 1  refills: 1 max: 1 slow allocs: 18 max 18 waste: 27.3% gc: 3934080B max: 3934080B slow: 0B max: 0B
[10.223s][info   ][gc,start       ] GC(34) Pause Young (Allocation Failure)
[10.223s][debug  ][gc,phases,start] GC(34) Scavenge
[10.236s][debug  ][gc,phases      ] GC(34) Scavenge 13.397ms
[10.236s][debug  ][gc,phases,start] GC(34) Reference Processing
[10.236s][debug  ][gc,ref         ] GC(34) Skipped phase 1 of Reference Processing: no references
[10.236s][debug  ][gc,ref         ] GC(34) Skipped phase 2 of Reference Processing: no references
[10.236s][debug  ][gc,ref         ] GC(34) Skipped phase 3 of Reference Processing: no references
[10.236s][debug  ][gc,ref         ] GC(34) Skipped phase 4 of Reference Processing: no references
[10.236s][debug  ][gc,phases,ref  ] GC(34) Reference Processing: 0.1ms
[10.236s][debug  ][gc,phases,ref  ] GC(34)   Reconsider SoftReferences: 0.0ms
[10.237s][debug  ][gc,phases,ref  ] GC(34)     SoftRef (ms):                  skipped
[10.237s][debug  ][gc,phases,ref  ] GC(34)   Notify Soft/WeakReferences: 0.0ms
[10.237s][debug  ][gc,phases,ref  ] GC(34)     SoftRef (ms):                  skipped
[10.237s][debug  ][gc,phases,ref  ] GC(34)     WeakRef (ms):                  skipped
[10.237s][debug  ][gc,phases,ref  ] GC(34)     FinalRef (ms):                 skipped
[10.237s][debug  ][gc,phases,ref  ] GC(34)     Total (ms):                    skipped
[10.237s][debug  ][gc,phases,ref  ] GC(34)   Notify and keep alive finalizable: 0.0ms
[10.237s][debug  ][gc,phases,ref  ] GC(34)     FinalRef (ms):                 skipped
[10.237s][debug  ][gc,phases,ref  ] GC(34)   Notify PhantomReferences: 0.0ms
[10.237s][debug  ][gc,phases,ref  ] GC(34)     PhantomRef (ms):               skipped
[10.237s][debug  ][gc,phases,ref  ] GC(34)   SoftReference:
[10.237s][debug  ][gc,phases,ref  ] GC(34)     Discovered: 0
[10.237s][debug  ][gc,phases,ref  ] GC(34)     Cleared: 0
[10.237s][debug  ][gc,phases,ref  ] GC(34)   WeakReference:
[10.237s][debug  ][gc,phases,ref  ] GC(34)     Discovered: 0
[10.237s][debug  ][gc,phases,ref  ] GC(34)     Cleared: 0
[10.237s][debug  ][gc,phases,ref  ] GC(34)   FinalReference:
[10.237s][debug  ][gc,phases,ref  ] GC(34)     Discovered: 0
[10.237s][debug  ][gc,phases,ref  ] GC(34)     Cleared: 0
[10.237s][debug  ][gc,phases,ref  ] GC(34)   PhantomReference:
[10.237s][debug  ][gc,phases,ref  ] GC(34)     Discovered: 0
[10.237s][debug  ][gc,phases,ref  ] GC(34)     Cleared: 0
[10.237s][debug  ][gc,phases      ] GC(34) Reference Processing 0.719ms
[10.237s][debug  ][gc,phases,start] GC(34) Weak Processing
[10.237s][debug  ][gc,phases      ] GC(34)   VM Weak                        Min:  0.0, Avg:  0.0, Max:  0.0, Diff:  0.0, Sum:  0.0, Workers: 6
[10.237s][debug  ][gc,phases      ] GC(34)     Dead                           Min: 0, Avg:  0.0, Max: 0, Diff: 0, Sum: 0, Workers: 6
[10.237s][debug  ][gc,phases      ] GC(34)     Total                          Min: 0, Avg:  1.3, Max: 8, Diff: 8, Sum: 8, Workers: 6
[10.237s][debug  ][gc,phases      ] GC(34)   ObjectSynchronizer Weak        Min:  0.0, Avg:  0.0, Max:  0.0, Diff:  0.0, Sum:  0.0, Workers: 6
[10.237s][debug  ][gc,phases      ] GC(34)     Dead                           Min: 0, Avg:  0.0, Max: 0, Diff: 0, Sum: 0, Workers: 6
[10.237s][debug  ][gc,phases      ] GC(34)     Total                          Min: 0, Avg:  0.5, Max: 3, Diff: 3, Sum: 3, Workers: 6
[10.237s][debug  ][gc,phases      ] GC(34)   JVMTI Tag Weak OopStorage      Min:  0.0, Avg:  0.0, Max:  0.0, Diff:  0.0, Sum:  0.0, Workers: 6
[10.237s][debug  ][gc,phases      ] GC(34)     Dead                           Min: 0, Avg:  0.0, Max: 0, Diff: 0, Sum: 0, Workers: 6
[10.237s][debug  ][gc,phases      ] GC(34)     Total                          Min: 0, Avg:  0.0, Max: 0, Diff: 0, Sum: 0, Workers: 6
[10.237s][debug  ][gc,phases      ] GC(34)   StringTable Weak               Min:  0.0, Avg:  0.0, Max:  0.0, Diff:  0.0, Sum:  0.0, Workers: 6
[10.237s][debug  ][gc,phases      ] GC(34)     Dead                           Min: 0, Avg:  0.0, Max: 0, Diff: 0, Sum: 0, Workers: 6
[10.237s][debug  ][gc,phases      ] GC(34)     Total                          Min: 704, Avg: 892.5, Max: 1024, Diff: 320, Sum: 5355, Workers: 6
[10.237s][debug  ][gc,phases      ] GC(34)   ResolvedMethodTable Weak       Min:  0.0, Avg:  0.0, Max:  0.0, Diff:  0.0, Sum:  0.0, Workers: 6
[10.237s][debug  ][gc,phases      ] GC(34)     Dead                           Min: 0, Avg:  0.0, Max: 0, Diff: 0, Sum: 0, Workers: 6
[10.237s][debug  ][gc,phases      ] GC(34)     Total                          Min: 0, Avg: 21.7, Max: 64, Diff: 64, Sum: 130, Workers: 6
[10.238s][debug  ][gc,phases      ] GC(34)   JNI Weak                       Min:  0.0, Avg:  0.0, Max:  0.0, Diff:  0.0, Sum:  0.0, Workers: 6
[10.238s][debug  ][gc,phases      ] GC(34)     Dead                           Min: 0, Avg:  0.0, Max: 0, Diff: 0, Sum: 0, Workers: 6
[10.238s][debug  ][gc,phases      ] GC(34)     Total                          Min: 0, Avg:  0.0, Max: 0, Diff: 0, Sum: 0, Workers: 6
[10.238s][debug  ][gc,phases      ] GC(34)   StringDedup Table Weak         Min:  0.0, Avg:  0.0, Max:  0.0, Diff:  0.0, Sum:  0.0, Workers: 6
[10.238s][debug  ][gc,phases      ] GC(34)     Dead                           Min: 0, Avg:  0.0, Max: 0, Diff: 0, Sum: 0, Workers: 6
[10.238s][debug  ][gc,phases      ] GC(34)     Total                          Min: 0, Avg:  0.0, Max: 0, Diff: 0, Sum: 0, Workers: 6
[10.238s][debug  ][gc,phases      ] GC(34)   StringDedup Requests0 Weak     Min:  0.0, Avg:  0.0, Max:  0.0, Diff:  0.0, Sum:  0.0, Workers: 6
[10.238s][debug  ][gc,phases      ] GC(34)     Dead                           Min: 0, Avg:  0.0, Max: 0, Diff: 0, Sum: 0, Workers: 6
[10.238s][debug  ][gc,phases      ] GC(34)     Total                          Min: 0, Avg:  0.0, Max: 0, Diff: 0, Sum: 0, Workers: 6
[10.238s][debug  ][gc,phases      ] GC(34)   StringDedup Requests1 Weak     Min:  0.0, Avg:  0.0, Max:  0.0, Diff:  0.0, Sum:  0.0, Workers: 6
[10.238s][debug  ][gc,phases      ] GC(34)     Dead                           Min: 0, Avg:  0.0, Max: 0, Diff: 0, Sum: 0, Workers: 6
[10.238s][debug  ][gc,phases      ] GC(34)     Total                          Min: 0, Avg:  0.0, Max: 0, Diff: 0, Sum: 0, Workers: 6
[10.238s][debug  ][gc,phases      ] GC(34)   Weak JFR Old Object Samples    Min:  0.0, Avg:  0.0, Max:  0.0, Diff:  0.0, Sum:  0.0, Workers: 6
[10.238s][debug  ][gc,phases      ] GC(34)     Dead                           Min: 0, Avg:  0.0, Max: 0, Diff: 0, Sum: 0, Workers: 6
[10.238s][debug  ][gc,phases      ] GC(34)     Total                          Min: 0, Avg:  0.0, Max: 0, Diff: 0, Sum: 0, Workers: 6
[10.238s][debug  ][gc,phases      ] GC(34) Weak Processing 0.797ms
[10.238s][debug  ][gc,ergo        ] GC(34) AdaptiveSizeStart:  collection: 35 
[10.238s][debug  ][gc,ergo        ] GC(34) avg_survived_padded_avg: 32377004.000000
[10.238s][debug  ][gc,ergo        ] GC(34) avg_promoted_padded_avg: 235462800.000000  avg_pretenured_padded_avg: 0.000000  tenuring_thresh: 1  target_size: 32505856
[10.238s][debug  ][gc,age         ] GC(34) Desired survivor size 32505856 bytes, new threshold 1 (max threshold 15)
[10.238s][debug  ][gc,ergo        ] GC(34) PSAdaptiveSizePolicy::compute_eden_space_size limits: desired_eden_size: 246936195 old_eden_size: 202899456 eden_limit: 203423744 cur_eden: 203423744 max_eden_size: 203423744 avg_young_live: 24497298
[10.238s][debug  ][gc,ergo        ] GC(34) PSAdaptiveSizePolicy::compute_eden_space_size: costs minor_time: 0.053472 major_cost: 0.021910 mutator_cost: 0.924617 throughput_goal: 0.990000
[10.238s][debug  ][gc,ergo        ] GC(34) Live_space: 780780032 free_space: 508035072
[10.238s][debug  ][gc,ergo        ] GC(34) Old eden_size: 202899456 desired_eden_size: 203423744
[10.238s][debug  ][gc,ergo        ] GC(34) AdaptiveSizeStop: collection: 35 
[10.238s][info   ][gc,heap        ] GC(34) PSYoungGen: 198402K(230400K)->30720K(230400K) Eden: 198402K(198656K)->0K(198656K) From: 0K(31744K)->30720K(31744K)
[10.238s][info   ][gc,heap        ] GC(34) ParOldGen: 400995K(933888K)->564835K(933888K)
[10.238s][info   ][gc,metaspace   ] GC(34) Metaspace: 1021K(1216K)->1021K(1216K) NonClass: 938K(1024K)->938K(1024K) Class: 83K(192K)->83K(192K)
[10.238s][info   ][gc             ] GC(34) Pause Young (Allocation Failure) 585M->581M(1137M) 15.432ms
[10.238s][info   ][gc,cpu         ] GC(34) User=0.14s Sys=0.00s Real=0.02s
[10.238s][debug  ][gc,heap        ] GC(34) Heap after GC invocations=35 (full 4):
[10.238s][debug  ][gc,heap        ] GC(34)  PSYoungGen      total 230400K, used 30720K [0x00000007f0000000, 0x0000000800000000, 0x0000000800000000)
[10.238s][debug  ][gc,heap        ] GC(34)   eden space 198656K, 0% used [0x00000007f0000000,0x00000007f0000000,0x00000007fc200000)
[10.238s][debug  ][gc,heap        ] GC(34)   from space 31744K, 96% used [0x00000007fc200000,0x00000007fe000030,0x00000007fe100000)
[10.238s][debug  ][gc,heap        ] GC(34)   to   space 31744K, 0% used [0x00000007fe100000,0x00000007fe100000,0x0000000800000000)
[10.238s][debug  ][gc,heap        ] GC(34)  ParOldGen       total 933888K, used 564835K [0x0000000700000000, 0x0000000739000000, 0x00000007f0000000)
[10.238s][debug  ][gc,heap        ] GC(34)   object space 933888K, 60% used [0x0000000700000000,0x0000000722798f68,0x0000000739000000)
[10.238s][debug  ][gc,heap        ] GC(34)  Metaspace       used 1021K, committed 1216K, reserved 1056768K
[10.239s][debug  ][gc,heap        ] GC(34)   class space    used 83K, committed 192K, reserved 1048576K
[10.239s][debug  ][gc,task,time   ] GC(34) VM-Thread 102223296 102363208 102385415
[10.541s][debug  ][gc,heap        ] GC(35) Heap before GC invocations=36 (full 4):
[10.542s][debug  ][gc,heap        ] GC(35)  PSYoungGen      total 230400K, used 229069K [0x00000007f0000000, 0x0000000800000000, 0x0000000800000000)
[10.542s][debug  ][gc,heap        ] GC(35)   eden space 198656K, 99% used [0x00000007f0000000,0x00000007fc1b35a0,0x00000007fc200000)
[10.542s][debug  ][gc,heap        ] GC(35)   from space 31744K, 96% used [0x00000007fc200000,0x00000007fe000030,0x00000007fe100000)
[10.542s][debug  ][gc,heap        ] GC(35)   to   space 31744K, 0% used [0x00000007fe100000,0x00000007fe100000,0x0000000800000000)
[10.542s][debug  ][gc,heap        ] GC(35)  ParOldGen       total 933888K, used 564835K [0x0000000700000000, 0x0000000739000000, 0x00000007f0000000)
[10.542s][debug  ][gc,heap        ] GC(35)   object space 933888K, 60% used [0x0000000700000000,0x0000000722798f68,0x0000000739000000)
[10.542s][debug  ][gc,heap        ] GC(35)  Metaspace       used 1021K, committed 1216K, reserved 1056768K
[10.542s][debug  ][gc,heap        ] GC(35)   class space    used 83K, committed 192K, reserved 1048576K
[10.542s][debug  ][gc,tlab        ] GC(35) TLAB totals: thrds: 1  refills: 1 max: 1 slow allocs: 18 max 18 waste: 27.0% gc: 3880048B max: 3880048B slow: 0B max: 0B
[10.542s][info   ][gc,start       ] GC(35) Pause Young (Allocation Failure)
[10.542s][debug  ][gc,phases,start] GC(35) Scavenge
[10.557s][debug  ][gc,phases      ] GC(35) Scavenge 14.879ms
[10.557s][debug  ][gc,phases,start] GC(35) Reference Processing
[10.557s][debug  ][gc,ref         ] GC(35) Skipped phase 1 of Reference Processing: no references
[10.557s][debug  ][gc,ref         ] GC(35) Skipped phase 2 of Reference Processing: no references
[10.557s][debug  ][gc,ref         ] GC(35) Skipped phase 3 of Reference Processing: no references
[10.557s][debug  ][gc,ref         ] GC(35) Skipped phase 4 of Reference Processing: no references
[10.557s][debug  ][gc,phases,ref  ] GC(35) Reference Processing: 0.1ms
[10.557s][debug  ][gc,phases,ref  ] GC(35)   Reconsider SoftReferences: 0.0ms
[10.557s][debug  ][gc,phases,ref  ] GC(35)     SoftRef (ms):                  skipped
[10.557s][debug  ][gc,phases,ref  ] GC(35)   Notify Soft/WeakReferences: 0.0ms
[10.557s][debug  ][gc,phases,ref  ] GC(35)     SoftRef (ms):                  skipped
[10.557s][debug  ][gc,phases,ref  ] GC(35)     WeakRef (ms):                  skipped
[10.557s][debug  ][gc,phases,ref  ] GC(35)     FinalRef (ms):                 skipped
[10.557s][debug  ][gc,phases,ref  ] GC(35)     Total (ms):                    skipped
[10.557s][debug  ][gc,phases,ref  ] GC(35)   Notify and keep alive finalizable: 0.0ms
[10.557s][debug  ][gc,phases,ref  ] GC(35)     FinalRef (ms):                 skipped
[10.557s][debug  ][gc,phases,ref  ] GC(35)   Notify PhantomReferences: 0.0ms
[10.557s][debug  ][gc,phases,ref  ] GC(35)     PhantomRef (ms):               skipped
[10.557s][debug  ][gc,phases,ref  ] GC(35)   SoftReference:
[10.557s][debug  ][gc,phases,ref  ] GC(35)     Discovered: 0
[10.557s][debug  ][gc,phases,ref  ] GC(35)     Cleared: 0
[10.557s][debug  ][gc,phases,ref  ] GC(35)   WeakReference:
[10.557s][debug  ][gc,phases,ref  ] GC(35)     Discovered: 0
[10.557s][debug  ][gc,phases,ref  ] GC(35)     Cleared: 0
[10.557s][debug  ][gc,phases,ref  ] GC(35)   FinalReference:
[10.557s][debug  ][gc,phases,ref  ] GC(35)     Discovered: 0
[10.557s][debug  ][gc,phases,ref  ] GC(35)     Cleared: 0
[10.557s][debug  ][gc,phases,ref  ] GC(35)   PhantomReference:
[10.557s][debug  ][gc,phases,ref  ] GC(35)     Discovered: 0
[10.557s][debug  ][gc,phases,ref  ] GC(35)     Cleared: 0
[10.558s][debug  ][gc,phases      ] GC(35) Reference Processing 0.732ms
[10.558s][debug  ][gc,phases,start] GC(35) Weak Processing
[10.558s][debug  ][gc,phases      ] GC(35)   VM Weak                        Min:  0.0, Avg:  0.0, Max:  0.0, Diff:  0.0, Sum:  0.0, Workers: 6
[10.558s][debug  ][gc,phases      ] GC(35)     Dead                           Min: 0, Avg:  0.0, Max: 0, Diff: 0, Sum: 0, Workers: 6
[10.558s][debug  ][gc,phases      ] GC(35)     Total                          Min: 0, Avg:  1.3, Max: 8, Diff: 8, Sum: 8, Workers: 6
[10.558s][debug  ][gc,phases      ] GC(35)   ObjectSynchronizer Weak        Min:  0.0, Avg:  0.0, Max:  0.0, Diff:  0.0, Sum:  0.0, Workers: 6
[10.558s][debug  ][gc,phases      ] GC(35)     Dead                           Min: 0, Avg:  0.0, Max: 0, Diff: 0, Sum: 0, Workers: 6
[10.558s][debug  ][gc,phases      ] GC(35)     Total                          Min: 0, Avg:  0.5, Max: 3, Diff: 3, Sum: 3, Workers: 6
[10.558s][debug  ][gc,phases      ] GC(35)   JVMTI Tag Weak OopStorage      Min:  0.0, Avg:  0.0, Max:  0.0, Diff:  0.0, Sum:  0.0, Workers: 6
[10.558s][debug  ][gc,phases      ] GC(35)     Dead                           Min: 0, Avg:  0.0, Max: 0, Diff: 0, Sum: 0, Workers: 6
[10.558s][debug  ][gc,phases      ] GC(35)     Total                          Min: 0, Avg:  0.0, Max: 0, Diff: 0, Sum: 0, Workers: 6
[10.558s][debug  ][gc,phases      ] GC(35)   StringTable Weak               Min:  0.0, Avg:  0.0, Max:  0.0, Diff:  0.0, Sum:  0.0, Workers: 6
[10.558s][debug  ][gc,phases      ] GC(35)     Dead                           Min: 0, Avg:  0.0, Max: 0, Diff: 0, Sum: 0, Workers: 6
[10.558s][debug  ][gc,phases      ] GC(35)     Total                          Min: 767, Avg: 892.5, Max: 1024, Diff: 257, Sum: 5355, Workers: 6
[10.558s][debug  ][gc,phases      ] GC(35)   ResolvedMethodTable Weak       Min:  0.0, Avg:  0.0, Max:  0.0, Diff:  0.0, Sum:  0.0, Workers: 6
[10.558s][debug  ][gc,phases      ] GC(35)     Dead                           Min: 0, Avg:  0.0, Max: 0, Diff: 0, Sum: 0, Workers: 6
[10.558s][debug  ][gc,phases      ] GC(35)     Total                          Min: 0, Avg: 21.7, Max: 64, Diff: 64, Sum: 130, Workers: 6
[10.558s][debug  ][gc,phases      ] GC(35)   JNI Weak                       Min:  0.0, Avg:  0.0, Max:  0.0, Diff:  0.0, Sum:  0.0, Workers: 6
[10.558s][debug  ][gc,phases      ] GC(35)     Dead                           Min: 0, Avg:  0.0, Max: 0, Diff: 0, Sum: 0, Workers: 6
[10.558s][debug  ][gc,phases      ] GC(35)     Total                          Min: 0, Avg:  0.0, Max: 0, Diff: 0, Sum: 0, Workers: 6
[10.558s][debug  ][gc,phases      ] GC(35)   StringDedup Table Weak         Min:  0.0, Avg:  0.0, Max:  0.0, Diff:  0.0, Sum:  0.0, Workers: 6
[10.558s][debug  ][gc,phases      ] GC(35)     Dead                           Min: 0, Avg:  0.0, Max: 0, Diff: 0, Sum: 0, Workers: 6
[10.558s][debug  ][gc,phases      ] GC(35)     Total                          Min: 0, Avg:  0.0, Max: 0, Diff: 0, Sum: 0, Workers: 6
[10.558s][debug  ][gc,phases      ] GC(35)   StringDedup Requests0 Weak     Min:  0.0, Avg:  0.0, Max:  0.0, Diff:  0.0, Sum:  0.0, Workers: 6
[10.558s][debug  ][gc,phases      ] GC(35)     Dead                           Min: 0, Avg:  0.0, Max: 0, Diff: 0, Sum: 0, Workers: 6
[10.558s][debug  ][gc,phases      ] GC(35)     Total                          Min: 0, Avg:  0.0, Max: 0, Diff: 0, Sum: 0, Workers: 6
[10.558s][debug  ][gc,phases      ] GC(35)   StringDedup Requests1 Weak     Min:  0.0, Avg:  0.0, Max:  0.0, Diff:  0.0, Sum:  0.0, Workers: 6
[10.558s][debug  ][gc,phases      ] GC(35)     Dead                           Min: 0, Avg:  0.0, Max: 0, Diff: 0, Sum: 0, Workers: 6
[10.558s][debug  ][gc,phases      ] GC(35)     Total                          Min: 0, Avg:  0.0, Max: 0, Diff: 0, Sum: 0, Workers: 6
[10.558s][debug  ][gc,phases      ] GC(35)   Weak JFR Old Object Samples    Min:  0.0, Avg:  0.0, Max:  0.0, Diff:  0.0, Sum:  0.0, Workers: 6
[10.558s][debug  ][gc,phases      ] GC(35)     Dead                           Min: 0, Avg:  0.0, Max: 0, Diff: 0, Sum: 0, Workers: 6
[10.558s][debug  ][gc,phases      ] GC(35)     Total                          Min: 0, Avg:  0.0, Max: 0, Diff: 0, Sum: 0, Workers: 6
[10.558s][debug  ][gc,phases      ] GC(35) Weak Processing 0.733ms
[10.558s][debug  ][gc,ergo        ] GC(35) AdaptiveSizeStart:  collection: 36 
[10.558s][debug  ][gc,ergo        ] GC(35) avg_survived_padded_avg: 32313824.000000
[10.558s][debug  ][gc,ergo        ] GC(35) avg_promoted_padded_avg: 242642464.000000  avg_pretenured_padded_avg: 0.000000  tenuring_thresh: 1  target_size: 32505856
[10.558s][debug  ][gc,age         ] GC(35) Desired survivor size 32505856 bytes, new threshold 1 (max threshold 15)
[10.558s][debug  ][gc,ergo        ] GC(35) PSAdaptiveSizePolicy::compute_eden_space_size limits: desired_eden_size: 246813776 old_eden_size: 203423744 eden_limit: 203423744 cur_eden: 203423744 max_eden_size: 203423744 avg_young_live: 25193300
[10.558s][debug  ][gc,ergo        ] GC(35) PSAdaptiveSizePolicy::compute_eden_space_size: costs minor_time: 0.052958 major_cost: 0.021910 mutator_cost: 0.925131 throughput_goal: 0.990000
[10.558s][debug  ][gc,ergo        ] GC(35) Live_space: 781475968 free_space: 508559360
[10.558s][debug  ][gc,ergo        ] GC(35) Old eden_size: 203423744 desired_eden_size: 203423744
[10.558s][debug  ][gc,ergo        ] GC(35) AdaptiveSizeStop: collection: 36 
[10.558s][info   ][gc,heap        ] GC(35) PSYoungGen: 229069K(230400K)->30720K(230400K) Eden: 198349K(198656K)->0K(198656K) From: 30720K(31744K)->30720K(31744K)
[10.559s][info   ][gc,heap        ] GC(35) ParOldGen: 564835K(933888K)->759396K(933888K)
[10.559s][info   ][gc,metaspace   ] GC(35) Metaspace: 1021K(1216K)->1021K(1216K) NonClass: 938K(1024K)->938K(1024K) Class: 83K(192K)->83K(192K)
[10.559s][info   ][gc             ] GC(35) Pause Young (Allocation Failure) 775M->771M(1137M) 16.820ms
[10.559s][info   ][gc,cpu         ] GC(35) User=0.16s Sys=0.00s Real=0.02s
[10.559s][debug  ][gc,heap        ] GC(35) Heap after GC invocations=36 (full 4):
[10.559s][debug  ][gc,heap        ] GC(35)  PSYoungGen      total 230400K, used 30720K [0x00000007f0000000, 0x0000000800000000, 0x0000000800000000)
[10.559s][debug  ][gc,heap        ] GC(35)   eden space 198656K, 0% used [0x00000007f0000000,0x00000007f0000000,0x00000007fc200000)
[10.559s][debug  ][gc,heap        ] GC(35)   from space 31744K, 96% used [0x00000007fe100000,0x00000007fff00030,0x0000000800000000)
[10.559s][debug  ][gc,heap        ] GC(35)   to   space 31744K, 0% used [0x00000007fc200000,0x00000007fc200000,0x00000007fe100000)
[10.559s][debug  ][gc,heap        ] GC(35)  ParOldGen       total 933888K, used 759396K [0x0000000700000000, 0x0000000739000000, 0x00000007f0000000)
[10.559s][debug  ][gc,heap        ] GC(35)   object space 933888K, 81% used [0x0000000700000000,0x000000072e599098,0x0000000739000000)
[10.559s][debug  ][gc,heap        ] GC(35)  Metaspace       used 1021K, committed 1216K, reserved 1056768K
[10.559s][debug  ][gc,heap        ] GC(35)   class space    used 83K, committed 192K, reserved 1048576K
[10.559s][debug  ][gc,task,time   ] GC(35) VM-Thread 105414389 105567758 105588442
[10.559s][debug  ][gc,phases,start] GC(36) Pre Compact
[10.559s][debug  ][gc,heap        ] GC(36) Heap before GC invocations=37 (full 5):
[10.559s][debug  ][gc,heap        ] GC(36)  PSYoungGen      total 230400K, used 30720K [0x00000007f0000000, 0x0000000800000000, 0x0000000800000000)
[10.559s][debug  ][gc,heap        ] GC(36)   eden space 198656K, 0% used [0x00000007f0000000,0x00000007f0000000,0x00000007fc200000)
[10.559s][debug  ][gc,heap        ] GC(36)   from space 31744K, 96% used [0x00000007fe100000,0x00000007fff00030,0x0000000800000000)
[10.559s][debug  ][gc,heap        ] GC(36)   to   space 31744K, 0% used [0x00000007fc200000,0x00000007fc200000,0x00000007fe100000)
[10.559s][debug  ][gc,heap        ] GC(36)  ParOldGen       total 933888K, used 759396K [0x0000000700000000, 0x0000000739000000, 0x00000007f0000000)
[10.559s][debug  ][gc,heap        ] GC(36)   object space 933888K, 81% used [0x0000000700000000,0x000000072e599098,0x0000000739000000)
[10.559s][debug  ][gc,heap        ] GC(36)  Metaspace       used 1021K, committed 1216K, reserved 1056768K
[10.559s][debug  ][gc,heap        ] GC(36)   class space    used 83K, committed 192K, reserved 1048576K
[10.559s][debug  ][gc,phases      ] GC(36) Pre Compact 0.254ms
[10.559s][info   ][gc,start       ] GC(36) Pause Full (Ergonomics)
[10.559s][info   ][gc,phases,start] GC(36) Marking Phase
[10.559s][debug  ][gc,phases,start] GC(36) Par Mark
[10.560s][debug  ][gc,phases      ] GC(36) Par Mark 0.535ms
[10.560s][debug  ][gc,phases,start] GC(36) Reference Processing
[10.560s][debug  ][gc,ref         ] GC(36) Skipped phase 1 of Reference Processing: no references
[10.560s][debug  ][gc,ref         ] GC(36) ReferenceProcessor::execute queues: 1, RefProcThreadModel::Single, marks_oops_alive: false
[10.560s][debug  ][gc,ref         ] GC(36) Skipped phase 3 of Reference Processing: no references
[10.560s][debug  ][gc,ref         ] GC(36) ReferenceProcessor::execute queues: 1, RefProcThreadModel::Single, marks_oops_alive: false
[10.560s][debug  ][gc,phases,ref  ] GC(36) Reference Processing: 0.1ms
[10.560s][debug  ][gc,phases,ref  ] GC(36)   Reconsider SoftReferences: 0.0ms
[10.560s][debug  ][gc,phases,ref  ] GC(36)     SoftRef (ms):                  skipped
[10.560s][debug  ][gc,phases,ref  ] GC(36)   Notify Soft/WeakReferences: 0.0ms
[10.560s][debug  ][gc,phases,ref  ] GC(36)     SoftRef (ms):                  Min:  0.0, Avg:  0.0, Max:  0.0, Diff:  0.0, Sum:  0.0, Workers: 10
[10.560s][debug  ][gc,phases,ref  ] GC(36)     WeakRef (ms):                  Min:  0.0, Avg:  0.0, Max:  0.0, Diff:  0.0, Sum:  0.0, Workers: 10
[10.560s][debug  ][gc,phases,ref  ] GC(36)     FinalRef (ms):                 Min:  0.0, Avg:  0.0, Max:  0.0, Diff:  0.0, Sum:  0.0, Workers: 10
[10.560s][debug  ][gc,phases,ref  ] GC(36)     Total (ms):                    Min:  0.0, Avg:  0.0, Max:  0.0, Diff:  0.0, Sum:  0.0, Workers: 10
[10.560s][debug  ][gc,phases,ref  ] GC(36)   Notify and keep alive finalizable: 0.0ms
[10.560s][debug  ][gc,phases,ref  ] GC(36)     FinalRef (ms):                 skipped
[10.560s][debug  ][gc,phases,ref  ] GC(36)   Notify PhantomReferences: 0.0ms
[10.560s][debug  ][gc,phases,ref  ] GC(36)     PhantomRef (ms):               Min:  0.0, Avg:  0.0, Max:  0.0, Diff:  0.0, Sum:  0.0, Workers: 10
[10.560s][debug  ][gc,phases,ref  ] GC(36)   SoftReference:
[10.560s][debug  ][gc,phases,ref  ] GC(36)     Discovered: 0
[10.560s][debug  ][gc,phases,ref  ] GC(36)     Cleared: 0
[10.560s][debug  ][gc,phases,ref  ] GC(36)   WeakReference:
[10.560s][debug  ][gc,phases,ref  ] GC(36)     Discovered: 72
[10.560s][debug  ][gc,phases,ref  ] GC(36)     Cleared: 72
[10.560s][debug  ][gc,phases,ref  ] GC(36)   FinalReference:
[10.560s][debug  ][gc,phases,ref  ] GC(36)     Discovered: 0
[10.560s][debug  ][gc,phases,ref  ] GC(36)     Cleared: 0
[10.561s][debug  ][gc,phases,ref  ] GC(36)   PhantomReference:
[10.561s][debug  ][gc,phases,ref  ] GC(36)     Discovered: 3
[10.561s][debug  ][gc,phases,ref  ] GC(36)     Cleared: 3
[10.561s][debug  ][gc,phases      ] GC(36) Reference Processing 0.806ms
[10.561s][debug  ][gc,phases,start] GC(36) Weak Processing
[10.561s][debug  ][gc,phases      ] GC(36)   VM Weak                        Min:  0.0, Avg:  0.0, Max:  0.0, Diff:  0.0, Sum:  0.0, Workers: 6
[10.561s][debug  ][gc,phases      ] GC(36)     Dead                           Min: 0, Avg:  0.0, Max: 0, Diff: 0, Sum: 0, Workers: 6
[10.561s][debug  ][gc,phases      ] GC(36)     Total                          Min: 0, Avg:  1.3, Max: 8, Diff: 8, Sum: 8, Workers: 6
[10.561s][debug  ][gc,phases      ] GC(36)   ObjectSynchronizer Weak        Min:  0.0, Avg:  0.0, Max:  0.0, Diff:  0.0, Sum:  0.0, Workers: 6
[10.561s][debug  ][gc,phases      ] GC(36)     Dead                           Min: 0, Avg:  0.0, Max: 0, Diff: 0, Sum: 0, Workers: 6
[10.561s][debug  ][gc,phases      ] GC(36)     Total                          Min: 0, Avg:  0.5, Max: 3, Diff: 3, Sum: 3, Workers: 6
[10.561s][debug  ][gc,phases      ] GC(36)   JVMTI Tag Weak OopStorage      Min:  0.0, Avg:  0.0, Max:  0.0, Diff:  0.0, Sum:  0.0, Workers: 6
[10.561s][debug  ][gc,phases      ] GC(36)     Dead                           Min: 0, Avg:  0.0, Max: 0, Diff: 0, Sum: 0, Workers: 6
[10.561s][debug  ][gc,phases      ] GC(36)     Total                          Min: 0, Avg:  0.0, Max: 0, Diff: 0, Sum: 0, Workers: 6
[10.561s][debug  ][gc,phases      ] GC(36)   StringTable Weak               Min:  0.0, Avg:  0.0, Max:  0.0, Diff:  0.0, Sum:  0.0, Workers: 6
[10.561s][debug  ][gc,phases      ] GC(36)     Dead                           Min: 0, Avg:  0.0, Max: 0, Diff: 0, Sum: 0, Workers: 6
[10.561s][debug  ][gc,phases      ] GC(36)     Total                          Min: 704, Avg: 892.5, Max: 1024, Diff: 320, Sum: 5355, Workers: 6
[10.561s][debug  ][gc,phases      ] GC(36)   ResolvedMethodTable Weak       Min:  0.0, Avg:  0.0, Max:  0.0, Diff:  0.0, Sum:  0.0, Workers: 6
[10.561s][debug  ][gc,phases      ] GC(36)     Dead                           Min: 0, Avg:  0.0, Max: 0, Diff: 0, Sum: 0, Workers: 6
[10.561s][debug  ][gc,phases      ] GC(36)     Total                          Min: 0, Avg: 21.7, Max: 64, Diff: 64, Sum: 130, Workers: 6
[10.561s][debug  ][gc,phases      ] GC(36)   JNI Weak                       Min:  0.0, Avg:  0.0, Max:  0.0, Diff:  0.0, Sum:  0.0, Workers: 6
[10.561s][debug  ][gc,phases      ] GC(36)     Dead                           Min: 0, Avg:  0.0, Max: 0, Diff: 0, Sum: 0, Workers: 6
[10.561s][debug  ][gc,phases      ] GC(36)     Total                          Min: 0, Avg:  0.0, Max: 0, Diff: 0, Sum: 0, Workers: 6
[10.561s][debug  ][gc,phases      ] GC(36)   StringDedup Table Weak         Min:  0.0, Avg:  0.0, Max:  0.0, Diff:  0.0, Sum:  0.0, Workers: 6
[10.561s][debug  ][gc,phases      ] GC(36)     Dead                           Min: 0, Avg:  0.0, Max: 0, Diff: 0, Sum: 0, Workers: 6
[10.561s][debug  ][gc,phases      ] GC(36)     Total                          Min: 0, Avg:  0.0, Max: 0, Diff: 0, Sum: 0, Workers: 6
[10.561s][debug  ][gc,phases      ] GC(36)   StringDedup Requests0 Weak     Min:  0.0, Avg:  0.0, Max:  0.0, Diff:  0.0, Sum:  0.0, Workers: 6
[10.561s][debug  ][gc,phases      ] GC(36)     Dead                           Min: 0, Avg:  0.0, Max: 0, Diff: 0, Sum: 0, Workers: 6
[10.561s][debug  ][gc,phases      ] GC(36)     Total                          Min: 0, Avg:  0.0, Max: 0, Diff: 0, Sum: 0, Workers: 6
[10.561s][debug  ][gc,phases      ] GC(36)   StringDedup Requests1 Weak     Min:  0.0, Avg:  0.0, Max:  0.0, Diff:  0.0, Sum:  0.0, Workers: 6
[10.561s][debug  ][gc,phases      ] GC(36)     Dead                           Min: 0, Avg:  0.0, Max: 0, Diff: 0, Sum: 0, Workers: 6
[10.561s][debug  ][gc,phases      ] GC(36)     Total                          Min: 0, Avg:  0.0, Max: 0, Diff: 0, Sum: 0, Workers: 6
[10.561s][debug  ][gc,phases      ] GC(36)   Weak JFR Old Object Samples    Min:  0.0, Avg:  0.0, Max:  0.0, Diff:  0.0, Sum:  0.0, Workers: 6
[10.561s][debug  ][gc,phases      ] GC(36)     Dead                           Min: 0, Avg:  0.0, Max: 0, Diff: 0, Sum: 0, Workers: 6
[10.561s][debug  ][gc,phases      ] GC(36)     Total                          Min: 0, Avg:  0.0, Max: 0, Diff: 0, Sum: 0, Workers: 6
[10.561s][debug  ][gc,phases      ] GC(36) Weak Processing 0.682ms
[10.561s][debug  ][gc,phases,start] GC(36) Class Unloading
[10.561s][debug  ][gc,phases,start] GC(36) ClassLoaderData
[10.561s][debug  ][gc,phases      ] GC(36) ClassLoaderData 0.020ms
[10.561s][debug  ][gc,phases,start] GC(36) Trigger cleanups
[10.561s][debug  ][gc,phases      ] GC(36) Trigger cleanups 0.019ms
[10.562s][debug  ][gc,phases      ] GC(36) Class Unloading 0.252ms
[10.562s][info   ][gc,phases      ] GC(36) Marking Phase 2.433ms
[10.562s][info   ][gc,phases,start] GC(36) Summary Phase
[10.562s][info   ][gc,phases      ] GC(36) Summary Phase 0.042ms
[10.562s][info   ][gc,phases,start] GC(36) Adjust Roots
[10.562s][info   ][gc,phases      ] GC(36) Adjust Roots 0.159ms
[10.562s][info   ][gc,phases,start] GC(36) Compaction Phase
[10.566s][info   ][gc,phases      ] GC(36) Compaction Phase 3.964ms
[10.566s][info   ][gc,phases,start] GC(36) Post Compact
[10.569s][info   ][gc,phases      ] GC(36) Post Compact 2.748ms
[10.569s][debug  ][gc,ergo        ] GC(36) AdaptiveSizeStart: collection: 37 
[10.569s][debug  ][gc,ergo        ] GC(36) PSAdaptiveSizePolicy::compute_eden_space_size limits: desired_eden_size: 240307280 old_eden_size: 203423744 eden_limit: 203423744 cur_eden: 203423744 max_eden_size: 203423744 avg_young_live: 22673972
[10.569s][debug  ][gc,ergo        ] GC(36) PSAdaptiveSizePolicy::compute_eden_space_size: costs minor_time: 0.052958 major_cost: 0.020062 mutator_cost: 0.926980 throughput_goal: 0.990000
[10.569s][debug  ][gc,ergo        ] GC(36) Live_space: 778956672 free_space: 508559360
[10.569s][debug  ][gc,ergo        ] GC(36) Old eden_size: 203423744 desired_eden_size: 203423744
[10.569s][debug  ][gc,ergo        ] GC(36) PSAdaptiveSizePolicy::compute_old_gen_free_space: costs minor_time: 0.052958 major_cost: 0.020062  mutator_cost: 0.926980 throughput_goal: 0.990000
[10.569s][debug  ][gc,ergo        ] GC(36) Live_space: 843203008 free_space: 508559360
[10.569s][debug  ][gc,ergo        ] GC(36) Old promo_size: 305135616 desired_promo_size: 339214336
[10.570s][debug  ][gc             ] GC(36) Expanding ParOldGen from 933888K by 424448K to 1358336K
[10.570s][debug  ][gc,ergo        ] GC(36) AdaptiveSizeStop: collection: 37 
[10.570s][info   ][gc,heap        ] GC(36) PSYoungGen: 30720K(230400K)->0K(230400K) Eden: 0K(198656K)->0K(198656K) From: 30720K(31744K)->0K(31744K)
[10.570s][info   ][gc,heap        ] GC(36) ParOldGen: 759396K(933888K)->790116K(1358336K)
[10.570s][info   ][gc,metaspace   ] GC(36) Metaspace: 1021K(1216K)->1021K(1216K) NonClass: 938K(1024K)->938K(1024K) Class: 83K(192K)->83K(192K)
[10.570s][info   ][gc             ] GC(36) Pause Full (Ergonomics) 771M->771M(1551M) 11.116ms
[10.570s][info   ][gc,cpu         ] GC(36) User=0.00s Sys=0.02s Real=0.01s
[10.570s][debug  ][gc,heap        ] GC(36) Heap after GC invocations=37 (full 5):
[10.570s][debug  ][gc,heap        ] GC(36)  PSYoungGen      total 230400K, used 0K [0x00000007f0000000, 0x0000000800000000, 0x0000000800000000)
[10.570s][debug  ][gc,heap        ] GC(36)   eden space 198656K, 0% used [0x00000007f0000000,0x00000007f0000000,0x00000007fc200000)
[10.570s][debug  ][gc,heap        ] GC(36)   from space 31744K, 0% used [0x00000007fc200000,0x00000007fc200000,0x00000007fe100000)
[10.570s][debug  ][gc,heap        ] GC(36)   to   space 31744K, 0% used [0x00000007fe100000,0x00000007fe100000,0x0000000800000000)
[10.570s][debug  ][gc,heap        ] GC(36)  ParOldGen       total 1358336K, used 790116K [0x0000000700000000, 0x0000000752e80000, 0x00000007f0000000)
[10.571s][debug  ][gc,heap        ] GC(36)   object space 1358336K, 58% used [0x0000000700000000,0x00000007303990c8,0x0000000752e80000)
[10.571s][debug  ][gc,heap        ] GC(36)  Metaspace       used 1021K, committed 1216K, reserved 1056768K
[10.571s][debug  ][gc,heap        ] GC(36)   class space    used 83K, committed 192K, reserved 1048576K
[10.571s][debug  ][gc,task,time   ] GC(36) VM-Thread 105591812 105619300 105703373
[10.875s][debug  ][gc,heap        ] GC(37) Heap before GC invocations=38 (full 5):
[10.876s][debug  ][gc,heap        ] GC(37)  PSYoungGen      total 230400K, used 198387K [0x00000007f0000000, 0x0000000800000000, 0x0000000800000000)
[10.876s][debug  ][gc,heap        ] GC(37)   eden space 198656K, 99% used [0x00000007f0000000,0x00000007fc1bccf8,0x00000007fc200000)
[10.876s][debug  ][gc,heap        ] GC(37)   from space 31744K, 0% used [0x00000007fc200000,0x00000007fc200000,0x00000007fe100000)
[10.876s][debug  ][gc,heap        ] GC(37)   to   space 31744K, 0% used [0x00000007fe100000,0x00000007fe100000,0x0000000800000000)
[10.876s][debug  ][gc,heap        ] GC(37)  ParOldGen       total 1358336K, used 790116K [0x0000000700000000, 0x0000000752e80000, 0x00000007f0000000)
[10.876s][debug  ][gc,heap        ] GC(37)   object space 1358336K, 58% used [0x0000000700000000,0x00000007303990c8,0x0000000752e80000)
[10.876s][debug  ][gc,heap        ] GC(37)  Metaspace       used 1021K, committed 1216K, reserved 1056768K
[10.876s][debug  ][gc,heap        ] GC(37)   class space    used 83K, committed 192K, reserved 1048576K
[10.876s][debug  ][gc,tlab        ] GC(37) TLAB totals: thrds: 1  refills: 1 max: 1 slow allocs: 18 max 18 waste: 27.2% gc: 3918792B max: 3918792B slow: 0B max: 0B
[10.876s][info   ][gc,start       ] GC(37) Pause Young (Allocation Failure)
[10.876s][debug  ][gc,phases,start] GC(37) Scavenge
[10.891s][debug  ][gc,phases      ] GC(37) Scavenge 15.400ms
[10.892s][debug  ][gc,phases,start] GC(37) Reference Processing
[10.892s][debug  ][gc,ref         ] GC(37) Skipped phase 1 of Reference Processing: no references
[10.892s][debug  ][gc,ref         ] GC(37) Skipped phase 2 of Reference Processing: no references
[10.892s][debug  ][gc,ref         ] GC(37) Skipped phase 3 of Reference Processing: no references
[10.892s][debug  ][gc,ref         ] GC(37) Skipped phase 4 of Reference Processing: no references
[10.892s][debug  ][gc,phases,ref  ] GC(37) Reference Processing: 0.1ms
[10.892s][debug  ][gc,phases,ref  ] GC(37)   Reconsider SoftReferences: 0.0ms
[10.892s][debug  ][gc,phases,ref  ] GC(37)     SoftRef (ms):                  skipped
[10.892s][debug  ][gc,phases,ref  ] GC(37)   Notify Soft/WeakReferences: 0.0ms
[10.892s][debug  ][gc,phases,ref  ] GC(37)     SoftRef (ms):                  skipped
[10.892s][debug  ][gc,phases,ref  ] GC(37)     WeakRef (ms):                  skipped
[10.892s][debug  ][gc,phases,ref  ] GC(37)     FinalRef (ms):                 skipped
[10.892s][debug  ][gc,phases,ref  ] GC(37)     Total (ms):                    skipped
[10.892s][debug  ][gc,phases,ref  ] GC(37)   Notify and keep alive finalizable: 0.0ms
[10.892s][debug  ][gc,phases,ref  ] GC(37)     FinalRef (ms):                 skipped
[10.892s][debug  ][gc,phases,ref  ] GC(37)   Notify PhantomReferences: 0.0ms
[10.892s][debug  ][gc,phases,ref  ] GC(37)     PhantomRef (ms):               skipped
[10.892s][debug  ][gc,phases,ref  ] GC(37)   SoftReference:
[10.892s][debug  ][gc,phases,ref  ] GC(37)     Discovered: 0
[10.892s][debug  ][gc,phases,ref  ] GC(37)     Cleared: 0
[10.892s][debug  ][gc,phases,ref  ] GC(37)   WeakReference:
[10.892s][debug  ][gc,phases,ref  ] GC(37)     Discovered: 0
[10.892s][debug  ][gc,phases,ref  ] GC(37)     Cleared: 0
[10.892s][debug  ][gc,phases,ref  ] GC(37)   FinalReference:
[10.892s][debug  ][gc,phases,ref  ] GC(37)     Discovered: 0
[10.892s][debug  ][gc,phases,ref  ] GC(37)     Cleared: 0
[10.892s][debug  ][gc,phases,ref  ] GC(37)   PhantomReference:
[10.892s][debug  ][gc,phases,ref  ] GC(37)     Discovered: 0
[10.892s][debug  ][gc,phases,ref  ] GC(37)     Cleared: 0
[10.892s][debug  ][gc,phases      ] GC(37) Reference Processing 0.681ms
[10.892s][debug  ][gc,phases,start] GC(37) Weak Processing
[10.892s][debug  ][gc,phases      ] GC(37)   VM Weak                        Min:  0.0, Avg:  0.0, Max:  0.0, Diff:  0.0, Sum:  0.0, Workers: 6
[10.892s][debug  ][gc,phases      ] GC(37)     Dead                           Min: 0, Avg:  0.0, Max: 0, Diff: 0, Sum: 0, Workers: 6
[10.892s][debug  ][gc,phases      ] GC(37)     Total                          Min: 0, Avg:  1.3, Max: 8, Diff: 8, Sum: 8, Workers: 6
[10.892s][debug  ][gc,phases      ] GC(37)   ObjectSynchronizer Weak        Min:  0.0, Avg:  0.0, Max:  0.0, Diff:  0.0, Sum:  0.0, Workers: 6
[10.892s][debug  ][gc,phases      ] GC(37)     Dead                           Min: 0, Avg:  0.0, Max: 0, Diff: 0, Sum: 0, Workers: 6
[10.892s][debug  ][gc,phases      ] GC(37)     Total                          Min: 0, Avg:  0.5, Max: 3, Diff: 3, Sum: 3, Workers: 6
[10.892s][debug  ][gc,phases      ] GC(37)   JVMTI Tag Weak OopStorage      Min:  0.0, Avg:  0.0, Max:  0.0, Diff:  0.0, Sum:  0.0, Workers: 6
[10.892s][debug  ][gc,phases      ] GC(37)     Dead                           Min: 0, Avg:  0.0, Max: 0, Diff: 0, Sum: 0, Workers: 6
[10.892s][debug  ][gc,phases      ] GC(37)     Total                          Min: 0, Avg:  0.0, Max: 0, Diff: 0, Sum: 0, Workers: 6
[10.893s][debug  ][gc,phases      ] GC(37)   StringTable Weak               Min:  0.0, Avg:  0.0, Max:  0.0, Diff:  0.0, Sum:  0.0, Workers: 6
[10.893s][debug  ][gc,phases      ] GC(37)     Dead                           Min: 0, Avg:  0.0, Max: 0, Diff: 0, Sum: 0, Workers: 6
[10.893s][debug  ][gc,phases      ] GC(37)     Total                          Min: 768, Avg: 892.5, Max: 1088, Diff: 320, Sum: 5355, Workers: 6
[10.893s][debug  ][gc,phases      ] GC(37)   ResolvedMethodTable Weak       Min:  0.0, Avg:  0.0, Max:  0.0, Diff:  0.0, Sum:  0.0, Workers: 6
[10.893s][debug  ][gc,phases      ] GC(37)     Dead                           Min: 0, Avg:  0.0, Max: 0, Diff: 0, Sum: 0, Workers: 6
[10.893s][debug  ][gc,phases      ] GC(37)     Total                          Min: 0, Avg: 21.7, Max: 64, Diff: 64, Sum: 130, Workers: 6
[10.893s][debug  ][gc,phases      ] GC(37)   JNI Weak                       Min:  0.0, Avg:  0.0, Max:  0.0, Diff:  0.0, Sum:  0.0, Workers: 6
[10.893s][debug  ][gc,phases      ] GC(37)     Dead                           Min: 0, Avg:  0.0, Max: 0, Diff: 0, Sum: 0, Workers: 6
[10.893s][debug  ][gc,phases      ] GC(37)     Total                          Min: 0, Avg:  0.0, Max: 0, Diff: 0, Sum: 0, Workers: 6
[10.893s][debug  ][gc,phases      ] GC(37)   StringDedup Table Weak         Min:  0.0, Avg:  0.0, Max:  0.0, Diff:  0.0, Sum:  0.0, Workers: 6
[10.893s][debug  ][gc,phases      ] GC(37)     Dead                           Min: 0, Avg:  0.0, Max: 0, Diff: 0, Sum: 0, Workers: 6
[10.893s][debug  ][gc,phases      ] GC(37)     Total                          Min: 0, Avg:  0.0, Max: 0, Diff: 0, Sum: 0, Workers: 6
[10.893s][debug  ][gc,phases      ] GC(37)   StringDedup Requests0 Weak     Min:  0.0, Avg:  0.0, Max:  0.0, Diff:  0.0, Sum:  0.0, Workers: 6
[10.893s][debug  ][gc,phases      ] GC(37)     Dead                           Min: 0, Avg:  0.0, Max: 0, Diff: 0, Sum: 0, Workers: 6
[10.893s][debug  ][gc,phases      ] GC(37)     Total                          Min: 0, Avg:  0.0, Max: 0, Diff: 0, Sum: 0, Workers: 6
[10.893s][debug  ][gc,phases      ] GC(37)   StringDedup Requests1 Weak     Min:  0.0, Avg:  0.0, Max:  0.0, Diff:  0.0, Sum:  0.0, Workers: 6
[10.893s][debug  ][gc,phases      ] GC(37)     Dead                           Min: 0, Avg:  0.0, Max: 0, Diff: 0, Sum: 0, Workers: 6
[10.893s][debug  ][gc,phases      ] GC(37)     Total                          Min: 0, Avg:  0.0, Max: 0, Diff: 0, Sum: 0, Workers: 6
[10.893s][debug  ][gc,phases      ] GC(37)   Weak JFR Old Object Samples    Min:  0.0, Avg:  0.0, Max:  0.0, Diff:  0.0, Sum:  0.0, Workers: 6
[10.893s][debug  ][gc,phases      ] GC(37)     Dead                           Min: 0, Avg:  0.0, Max: 0, Diff: 0, Sum: 0, Workers: 6
[10.893s][debug  ][gc,phases      ] GC(37)     Total                          Min: 0, Avg:  0.0, Max: 0, Diff: 0, Sum: 0, Workers: 6
[10.893s][debug  ][gc,phases      ] GC(37) Weak Processing 0.701ms
[10.893s][debug  ][gc,ergo        ] GC(37) AdaptiveSizeStart:  collection: 38 
[10.893s][debug  ][gc,ergo        ] GC(37) avg_survived_padded_avg: 32254084.000000
[10.893s][debug  ][gc,ergo        ] GC(37) avg_promoted_padded_avg: 236384656.000000  avg_pretenured_padded_avg: 0.000000  tenuring_thresh: 1  target_size: 32505856
[10.893s][debug  ][gc,age         ] GC(37) Desired survivor size 32505856 bytes, new threshold 1 (max threshold 15)
[10.893s][debug  ][gc,ergo        ] GC(37) PSAdaptiveSizePolicy::compute_eden_space_size limits: desired_eden_size: 240188482 old_eden_size: 203423744 eden_limit: 203423744 cur_eden: 203423744 max_eden_size: 203423744 avg_young_live: 23552308
[10.893s][debug  ][gc,ergo        ] GC(37) PSAdaptiveSizePolicy::compute_eden_space_size: costs minor_time: 0.052343 major_cost: 0.020062 mutator_cost: 0.927595 throughput_goal: 0.990000
[10.893s][debug  ][gc,ergo        ] GC(37) Live_space: 844081344 free_space: 542638080
[10.893s][debug  ][gc,ergo        ] GC(37) Old eden_size: 203423744 desired_eden_size: 203423744
[10.893s][debug  ][gc,ergo        ] GC(37) AdaptiveSizeStop: collection: 38 
[10.893s][info   ][gc,heap        ] GC(37) PSYoungGen: 198387K(230400K)->30720K(230400K) Eden: 198387K(198656K)->0K(198656K) From: 0K(31744K)->30720K(31744K)
[10.893s][info   ][gc,heap        ] GC(37) ParOldGen: 790116K(1358336K)->953956K(1358336K)
[10.893s][info   ][gc,metaspace   ] GC(37) Metaspace: 1021K(1216K)->1021K(1216K) NonClass: 938K(1024K)->938K(1024K) Class: 83K(192K)->83K(192K)
[10.893s][info   ][gc             ] GC(37) Pause Young (Allocation Failure) 965M->961M(1551M) 17.241ms
[10.893s][info   ][gc,cpu         ] GC(37) User=0.16s Sys=0.00s Real=0.02s
[10.893s][debug  ][gc,heap        ] GC(37) Heap after GC invocations=38 (full 5):
[10.893s][debug  ][gc,heap        ] GC(37)  PSYoungGen      total 230400K, used 30720K [0x00000007f0000000, 0x0000000800000000, 0x0000000800000000)
[10.893s][debug  ][gc,heap        ] GC(37)   eden space 198656K, 0% used [0x00000007f0000000,0x00000007f0000000,0x00000007fc200000)
[10.893s][debug  ][gc,heap        ] GC(37)   from space 31744K, 96% used [0x00000007fe100000,0x00000007fff00030,0x0000000800000000)
[10.893s][debug  ][gc,heap        ] GC(37)   to   space 31744K, 0% used [0x00000007fc200000,0x00000007fc200000,0x00000007fe100000)
[10.893s][debug  ][gc,heap        ] GC(37)  ParOldGen       total 1358336K, used 953956K [0x0000000700000000, 0x0000000752e80000, 0x00000007f0000000)
[10.893s][debug  ][gc,heap        ] GC(37)   object space 1358336K, 70% used [0x0000000700000000,0x000000073a3991c8,0x0000000752e80000)
[10.893s][debug  ][gc,heap        ] GC(37)  Metaspace       used 1021K, committed 1216K, reserved 1056768K
[10.894s][debug  ][gc,heap        ] GC(37)   class space    used 83K, committed 192K, reserved 1048576K
[10.894s][debug  ][gc,task,time   ] GC(37) VM-Thread 108754459 108915416 108935318
[11.192s][debug  ][gc,heap        ] GC(38) Heap before GC invocations=39 (full 5):
[11.192s][debug  ][gc,heap        ] GC(38)  PSYoungGen      total 230400K, used 229059K [0x00000007f0000000, 0x0000000800000000, 0x0000000800000000)
[11.192s][debug  ][gc,heap        ] GC(38)   eden space 198656K, 99% used [0x00000007f0000000,0x00000007fc1b0f38,0x00000007fc200000)
[11.192s][debug  ][gc,heap        ] GC(38)   from space 31744K, 96% used [0x00000007fe100000,0x00000007fff00030,0x0000000800000000)
[11.192s][debug  ][gc,heap        ] GC(38)   to   space 31744K, 0% used [0x00000007fc200000,0x00000007fc200000,0x00000007fe100000)
[11.192s][debug  ][gc,heap        ] GC(38)  ParOldGen       total 1358336K, used 953956K [0x0000000700000000, 0x0000000752e80000, 0x00000007f0000000)
[11.192s][debug  ][gc,heap        ] GC(38)   object space 1358336K, 70% used [0x0000000700000000,0x000000073a3991c8,0x0000000752e80000)
[11.192s][debug  ][gc,heap        ] GC(38)  Metaspace       used 1021K, committed 1216K, reserved 1056768K
[11.192s][debug  ][gc,heap        ] GC(38)   class space    used 83K, committed 192K, reserved 1048576K
[11.192s][debug  ][gc,tlab        ] GC(38) TLAB totals: thrds: 1  refills: 1 max: 1 slow allocs: 18 max 18 waste: 27.0% gc: 3869048B max: 3869048B slow: 0B max: 0B
[11.192s][info   ][gc,start       ] GC(38) Pause Young (Allocation Failure)
[11.192s][debug  ][gc,phases,start] GC(38) Scavenge
[11.207s][debug  ][gc,phases      ] GC(38) Scavenge 14.101ms
[11.207s][debug  ][gc,phases,start] GC(38) Reference Processing
[11.207s][debug  ][gc,ref         ] GC(38) Skipped phase 1 of Reference Processing: no references
[11.207s][debug  ][gc,ref         ] GC(38) Skipped phase 2 of Reference Processing: no references
[11.207s][debug  ][gc,ref         ] GC(38) Skipped phase 3 of Reference Processing: no references
[11.207s][debug  ][gc,ref         ] GC(38) Skipped phase 4 of Reference Processing: no references
[11.207s][debug  ][gc,phases,ref  ] GC(38) Reference Processing: 0.1ms
[11.207s][debug  ][gc,phases,ref  ] GC(38)   Reconsider SoftReferences: 0.0ms
[11.207s][debug  ][gc,phases,ref  ] GC(38)     SoftRef (ms):                  skipped
[11.207s][debug  ][gc,phases,ref  ] GC(38)   Notify Soft/WeakReferences: 0.0ms
[11.207s][debug  ][gc,phases,ref  ] GC(38)     SoftRef (ms):                  skipped
[11.207s][debug  ][gc,phases,ref  ] GC(38)     WeakRef (ms):                  skipped
[11.207s][debug  ][gc,phases,ref  ] GC(38)     FinalRef (ms):                 skipped
[11.207s][debug  ][gc,phases,ref  ] GC(38)     Total (ms):                    skipped
[11.207s][debug  ][gc,phases,ref  ] GC(38)   Notify and keep alive finalizable: 0.0ms
[11.207s][debug  ][gc,phases,ref  ] GC(38)     FinalRef (ms):                 skipped
[11.207s][debug  ][gc,phases,ref  ] GC(38)   Notify PhantomReferences: 0.0ms
[11.207s][debug  ][gc,phases,ref  ] GC(38)     PhantomRef (ms):               skipped
[11.207s][debug  ][gc,phases,ref  ] GC(38)   SoftReference:
[11.207s][debug  ][gc,phases,ref  ] GC(38)     Discovered: 0
[11.207s][debug  ][gc,phases,ref  ] GC(38)     Cleared: 0
[11.207s][debug  ][gc,phases,ref  ] GC(38)   WeakReference:
[11.207s][debug  ][gc,phases,ref  ] GC(38)     Discovered: 0
[11.207s][debug  ][gc,phases,ref  ] GC(38)     Cleared: 0
[11.207s][debug  ][gc,phases,ref  ] GC(38)   FinalReference:
[11.207s][debug  ][gc,phases,ref  ] GC(38)     Discovered: 0
[11.207s][debug  ][gc,phases,ref  ] GC(38)     Cleared: 0
[11.207s][debug  ][gc,phases,ref  ] GC(38)   PhantomReference:
[11.207s][debug  ][gc,phases,ref  ] GC(38)     Discovered: 0
[11.207s][debug  ][gc,phases,ref  ] GC(38)     Cleared: 0
[11.207s][debug  ][gc,phases      ] GC(38) Reference Processing 0.731ms
[11.207s][debug  ][gc,phases,start] GC(38) Weak Processing
[11.208s][debug  ][gc,phases      ] GC(38)   VM Weak                        Min:  0.0, Avg:  0.0, Max:  0.0, Diff:  0.0, Sum:  0.0, Workers: 6
[11.208s][debug  ][gc,phases      ] GC(38)     Dead                           Min: 0, Avg:  0.0, Max: 0, Diff: 0, Sum: 0, Workers: 6
[11.208s][debug  ][gc,phases      ] GC(38)     Total                          Min: 0, Avg:  1.3, Max: 8, Diff: 8, Sum: 8, Workers: 6
[11.208s][debug  ][gc,phases      ] GC(38)   ObjectSynchronizer Weak        Min:  0.0, Avg:  0.0, Max:  0.0, Diff:  0.0, Sum:  0.0, Workers: 6
[11.208s][debug  ][gc,phases      ] GC(38)     Dead                           Min: 0, Avg:  0.0, Max: 0, Diff: 0, Sum: 0, Workers: 6
[11.208s][debug  ][gc,phases      ] GC(38)     Total                          Min: 0, Avg:  0.5, Max: 3, Diff: 3, Sum: 3, Workers: 6
[11.208s][debug  ][gc,phases      ] GC(38)   JVMTI Tag Weak OopStorage      Min:  0.0, Avg:  0.0, Max:  0.0, Diff:  0.0, Sum:  0.0, Workers: 6
[11.208s][debug  ][gc,phases      ] GC(38)     Dead                           Min: 0, Avg:  0.0, Max: 0, Diff: 0, Sum: 0, Workers: 6
[11.208s][debug  ][gc,phases      ] GC(38)     Total                          Min: 0, Avg:  0.0, Max: 0, Diff: 0, Sum: 0, Workers: 6
[11.208s][debug  ][gc,phases      ] GC(38)   StringTable Weak               Min:  0.0, Avg:  0.0, Max:  0.0, Diff:  0.0, Sum:  0.0, Workers: 6
[11.208s][debug  ][gc,phases      ] GC(38)     Dead                           Min: 0, Avg:  0.0, Max: 0, Diff: 0, Sum: 0, Workers: 6
[11.208s][debug  ][gc,phases      ] GC(38)     Total                          Min: 0, Avg: 892.5, Max: 1472, Diff: 1472, Sum: 5355, Workers: 6
[11.208s][debug  ][gc,phases      ] GC(38)   ResolvedMethodTable Weak       Min:  0.0, Avg:  0.0, Max:  0.0, Diff:  0.0, Sum:  0.0, Workers: 6
[11.208s][debug  ][gc,phases      ] GC(38)     Dead                           Min: 0, Avg:  0.0, Max: 0, Diff: 0, Sum: 0, Workers: 6
[11.208s][debug  ][gc,phases      ] GC(38)     Total                          Min: 0, Avg: 21.7, Max: 64, Diff: 64, Sum: 130, Workers: 6
[11.208s][debug  ][gc,phases      ] GC(38)   JNI Weak                       Min:  0.0, Avg:  0.0, Max:  0.0, Diff:  0.0, Sum:  0.0, Workers: 6
[11.208s][debug  ][gc,phases      ] GC(38)     Dead                           Min: 0, Avg:  0.0, Max: 0, Diff: 0, Sum: 0, Workers: 6
[11.208s][debug  ][gc,phases      ] GC(38)     Total                          Min: 0, Avg:  0.0, Max: 0, Diff: 0, Sum: 0, Workers: 6
[11.208s][debug  ][gc,phases      ] GC(38)   StringDedup Table Weak         Min:  0.0, Avg:  0.0, Max:  0.0, Diff:  0.0, Sum:  0.0, Workers: 6
[11.208s][debug  ][gc,phases      ] GC(38)     Dead                           Min: 0, Avg:  0.0, Max: 0, Diff: 0, Sum: 0, Workers: 6
[11.208s][debug  ][gc,phases      ] GC(38)     Total                          Min: 0, Avg:  0.0, Max: 0, Diff: 0, Sum: 0, Workers: 6
[11.208s][debug  ][gc,phases      ] GC(38)   StringDedup Requests0 Weak     Min:  0.0, Avg:  0.0, Max:  0.0, Diff:  0.0, Sum:  0.0, Workers: 6
[11.208s][debug  ][gc,phases      ] GC(38)     Dead                           Min: 0, Avg:  0.0, Max: 0, Diff: 0, Sum: 0, Workers: 6
[11.208s][debug  ][gc,phases      ] GC(38)     Total                          Min: 0, Avg:  0.0, Max: 0, Diff: 0, Sum: 0, Workers: 6
[11.208s][debug  ][gc,phases      ] GC(38)   StringDedup Requests1 Weak     Min:  0.0, Avg:  0.0, Max:  0.0, Diff:  0.0, Sum:  0.0, Workers: 6
[11.208s][debug  ][gc,phases      ] GC(38)     Dead                           Min: 0, Avg:  0.0, Max: 0, Diff: 0, Sum: 0, Workers: 6
[11.208s][debug  ][gc,phases      ] GC(38)     Total                          Min: 0, Avg:  0.0, Max: 0, Diff: 0, Sum: 0, Workers: 6
[11.208s][debug  ][gc,phases      ] GC(38)   Weak JFR Old Object Samples    Min:  0.0, Avg:  0.0, Max:  0.0, Diff:  0.0, Sum:  0.0, Workers: 6
[11.209s][debug  ][gc,phases      ] GC(38)     Dead                           Min: 0, Avg:  0.0, Max: 0, Diff: 0, Sum: 0, Workers: 6
[11.209s][debug  ][gc,phases      ] GC(38)     Total                          Min: 0, Avg:  0.0, Max: 0, Diff: 0, Sum: 0, Workers: 6
[11.209s][debug  ][gc,phases      ] GC(38) Weak Processing 1.183ms
[11.209s][debug  ][gc,ergo        ] GC(38) AdaptiveSizeStart:  collection: 39 
[11.209s][debug  ][gc,ergo        ] GC(38) avg_survived_padded_avg: 32197724.000000
[11.209s][debug  ][gc,ergo        ] GC(38) avg_promoted_padded_avg: 235547488.000000  avg_pretenured_padded_avg: 0.000000  tenuring_thresh: 1  target_size: 32505856
[11.209s][debug  ][gc,age         ] GC(38) Desired survivor size 32505856 bytes, new threshold 1 (max threshold 15)
[11.209s][debug  ][gc,ergo        ] GC(38) PSAdaptiveSizePolicy::compute_eden_space_size limits: desired_eden_size: 240133417 old_eden_size: 203423744 eden_limit: 203423744 cur_eden: 203423744 max_eden_size: 203423744 avg_young_live: 24342810
[11.209s][debug  ][gc,ergo        ] GC(38) PSAdaptiveSizePolicy::compute_eden_space_size: costs minor_time: 0.052061 major_cost: 0.020062 mutator_cost: 0.927877 throughput_goal: 0.990000
[11.209s][debug  ][gc,ergo        ] GC(38) Live_space: 844871808 free_space: 542638080
[11.209s][debug  ][gc,ergo        ] GC(38) Old eden_size: 203423744 desired_eden_size: 203423744
[11.209s][debug  ][gc,ergo        ] GC(38) AdaptiveSizeStop: collection: 39 
[11.209s][info   ][gc,heap        ] GC(38) PSYoungGen: 229059K(230400K)->30720K(230400K) Eden: 198339K(198656K)->0K(198656K) From: 30720K(31744K)->30720K(31744K)
[11.209s][info   ][gc,heap        ] GC(38) ParOldGen: 953956K(1358336K)->1076836K(1358336K)
[11.209s][info   ][gc,metaspace   ] GC(38) Metaspace: 1021K(1216K)->1021K(1216K) NonClass: 938K(1024K)->938K(1024K) Class: 83K(192K)->83K(192K)
[11.209s][info   ][gc             ] GC(38) Pause Young (Allocation Failure) 1155M->1081M(1551M) 16.603ms
[11.209s][info   ][gc,cpu         ] GC(38) User=0.08s Sys=0.08s Real=0.02s
[11.209s][debug  ][gc,heap        ] GC(38) Heap after GC invocations=39 (full 5):
[11.209s][debug  ][gc,heap        ] GC(38)  PSYoungGen      total 230400K, used 30720K [0x00000007f0000000, 0x0000000800000000, 0x0000000800000000)
[11.209s][debug  ][gc,heap        ] GC(38)   eden space 198656K, 0% used [0x00000007f0000000,0x00000007f0000000,0x00000007fc200000)
[11.209s][debug  ][gc,heap        ] GC(38)   from space 31744K, 96% used [0x00000007fc200000,0x00000007fe000030,0x00000007fe100000)
[11.209s][debug  ][gc,heap        ] GC(38)   to   space 31744K, 0% used [0x00000007fe100000,0x00000007fe100000,0x0000000800000000)
[11.209s][debug  ][gc,heap        ] GC(38)  ParOldGen       total 1358336K, used 1076836K [0x0000000700000000, 0x0000000752e80000, 0x00000007f0000000)
[11.209s][debug  ][gc,heap        ] GC(38)   object space 1358336K, 79% used [0x0000000700000000,0x0000000741b99288,0x0000000752e80000)
[11.209s][debug  ][gc,heap        ] GC(38)  Metaspace       used 1021K, committed 1216K, reserved 1056768K
[11.209s][debug  ][gc,heap        ] GC(38)   class space    used 83K, committed 192K, reserved 1048576K
[11.209s][debug  ][gc,task,time   ] GC(38) VM-Thread 111919994 112066579 112093565
[11.508s][debug  ][gc,heap        ] GC(39) Heap before GC invocations=40 (full 5):
[11.508s][debug  ][gc,heap        ] GC(39)  PSYoungGen      total 230400K, used 229101K [0x00000007f0000000, 0x0000000800000000, 0x0000000800000000)
[11.508s][debug  ][gc,heap        ] GC(39)   eden space 198656K, 99% used [0x00000007f0000000,0x00000007fc1bb448,0x00000007fc200000)
[11.508s][debug  ][gc,heap        ] GC(39)   from space 31744K, 96% used [0x00000007fc200000,0x00000007fe000030,0x00000007fe100000)
[11.508s][debug  ][gc,heap        ] GC(39)   to   space 31744K, 0% used [0x00000007fe100000,0x00000007fe100000,0x0000000800000000)
[11.508s][debug  ][gc,heap        ] GC(39)  ParOldGen       total 1358336K, used 1076836K [0x0000000700000000, 0x0000000752e80000, 0x00000007f0000000)
[11.509s][debug  ][gc,heap        ] GC(39)   object space 1358336K, 79% used [0x0000000700000000,0x0000000741b99288,0x0000000752e80000)
[11.509s][debug  ][gc,heap        ] GC(39)  Metaspace       used 1021K, committed 1216K, reserved 1056768K
[11.509s][debug  ][gc,heap        ] GC(39)   class space    used 83K, committed 192K, reserved 1048576K
[11.509s][debug  ][gc,tlab        ] GC(39) TLAB totals: thrds: 1  refills: 1 max: 1 slow allocs: 18 max 18 waste: 27.2% gc: 3912472B max: 3912472B slow: 0B max: 0B
[11.509s][info   ][gc,start       ] GC(39) Pause Young (Allocation Failure)
[11.509s][debug  ][gc,phases,start] GC(39) Scavenge
[11.527s][debug  ][gc,phases      ] GC(39) Scavenge 18.303ms
[11.527s][debug  ][gc,phases,start] GC(39) Reference Processing
[11.527s][debug  ][gc,ref         ] GC(39) Skipped phase 1 of Reference Processing: no references
[11.527s][debug  ][gc,ref         ] GC(39) Skipped phase 2 of Reference Processing: no references
[11.527s][debug  ][gc,ref         ] GC(39) Skipped phase 3 of Reference Processing: no references
[11.527s][debug  ][gc,ref         ] GC(39) Skipped phase 4 of Reference Processing: no references
[11.527s][debug  ][gc,phases,ref  ] GC(39) Reference Processing: 0.1ms
[11.527s][debug  ][gc,phases,ref  ] GC(39)   Reconsider SoftReferences: 0.0ms
[11.527s][debug  ][gc,phases,ref  ] GC(39)     SoftRef (ms):                  skipped
[11.527s][debug  ][gc,phases,ref  ] GC(39)   Notify Soft/WeakReferences: 0.0ms
[11.527s][debug  ][gc,phases,ref  ] GC(39)     SoftRef (ms):                  skipped
[11.527s][debug  ][gc,phases,ref  ] GC(39)     WeakRef (ms):                  skipped
[11.527s][debug  ][gc,phases,ref  ] GC(39)     FinalRef (ms):                 skipped
[11.527s][debug  ][gc,phases,ref  ] GC(39)     Total (ms):                    skipped
[11.527s][debug  ][gc,phases,ref  ] GC(39)   Notify and keep alive finalizable: 0.0ms
[11.527s][debug  ][gc,phases,ref  ] GC(39)     FinalRef (ms):                 skipped
[11.527s][debug  ][gc,phases,ref  ] GC(39)   Notify PhantomReferences: 0.0ms
[11.527s][debug  ][gc,phases,ref  ] GC(39)     PhantomRef (ms):               skipped
[11.527s][debug  ][gc,phases,ref  ] GC(39)   SoftReference:
[11.528s][debug  ][gc,phases,ref  ] GC(39)     Discovered: 0
[11.528s][debug  ][gc,phases,ref  ] GC(39)     Cleared: 0
[11.528s][debug  ][gc,phases,ref  ] GC(39)   WeakReference:
[11.528s][debug  ][gc,phases,ref  ] GC(39)     Discovered: 0
[11.528s][debug  ][gc,phases,ref  ] GC(39)     Cleared: 0
[11.528s][debug  ][gc,phases,ref  ] GC(39)   FinalReference:
[11.528s][debug  ][gc,phases,ref  ] GC(39)     Discovered: 0
[11.528s][debug  ][gc,phases,ref  ] GC(39)     Cleared: 0
[11.528s][debug  ][gc,phases,ref  ] GC(39)   PhantomReference:
[11.528s][debug  ][gc,phases,ref  ] GC(39)     Discovered: 0
[11.528s][debug  ][gc,phases,ref  ] GC(39)     Cleared: 0
[11.528s][debug  ][gc,phases      ] GC(39) Reference Processing 0.563ms
[11.528s][debug  ][gc,phases,start] GC(39) Weak Processing
[11.528s][debug  ][gc,phases      ] GC(39)   VM Weak                        Min:  0.0, Avg:  0.0, Max:  0.0, Diff:  0.0, Sum:  0.0, Workers: 6
[11.528s][debug  ][gc,phases      ] GC(39)     Dead                           Min: 0, Avg:  0.0, Max: 0, Diff: 0, Sum: 0, Workers: 6
[11.528s][debug  ][gc,phases      ] GC(39)     Total                          Min: 0, Avg:  1.3, Max: 8, Diff: 8, Sum: 8, Workers: 6
[11.528s][debug  ][gc,phases      ] GC(39)   ObjectSynchronizer Weak        Min:  0.0, Avg:  0.0, Max:  0.0, Diff:  0.0, Sum:  0.0, Workers: 6
[11.528s][debug  ][gc,phases      ] GC(39)     Dead                           Min: 0, Avg:  0.0, Max: 0, Diff: 0, Sum: 0, Workers: 6
[11.528s][debug  ][gc,phases      ] GC(39)     Total                          Min: 0, Avg:  0.5, Max: 3, Diff: 3, Sum: 3, Workers: 6
[11.528s][debug  ][gc,phases      ] GC(39)   JVMTI Tag Weak OopStorage      Min:  0.0, Avg:  0.0, Max:  0.0, Diff:  0.0, Sum:  0.0, Workers: 6
[11.528s][debug  ][gc,phases      ] GC(39)     Dead                           Min: 0, Avg:  0.0, Max: 0, Diff: 0, Sum: 0, Workers: 6
[11.528s][debug  ][gc,phases      ] GC(39)     Total                          Min: 0, Avg:  0.0, Max: 0, Diff: 0, Sum: 0, Workers: 6
[11.528s][debug  ][gc,phases      ] GC(39)   StringTable Weak               Min:  0.0, Avg:  0.0, Max:  0.0, Diff:  0.0, Sum:  0.0, Workers: 6
[11.528s][debug  ][gc,phases      ] GC(39)     Dead                           Min: 0, Avg:  0.0, Max: 0, Diff: 0, Sum: 0, Workers: 6
[11.528s][debug  ][gc,phases      ] GC(39)     Total                          Min: 704, Avg: 892.5, Max: 1088, Diff: 384, Sum: 5355, Workers: 6
[11.528s][debug  ][gc,phases      ] GC(39)   ResolvedMethodTable Weak       Min:  0.0, Avg:  0.0, Max:  0.0, Diff:  0.0, Sum:  0.0, Workers: 6
[11.528s][debug  ][gc,phases      ] GC(39)     Dead                           Min: 0, Avg:  0.0, Max: 0, Diff: 0, Sum: 0, Workers: 6
[11.528s][debug  ][gc,phases      ] GC(39)     Total                          Min: 0, Avg: 21.7, Max: 64, Diff: 64, Sum: 130, Workers: 6
[11.528s][debug  ][gc,phases      ] GC(39)   JNI Weak                       Min:  0.0, Avg:  0.0, Max:  0.0, Diff:  0.0, Sum:  0.0, Workers: 6
[11.528s][debug  ][gc,phases      ] GC(39)     Dead                           Min: 0, Avg:  0.0, Max: 0, Diff: 0, Sum: 0, Workers: 6
[11.528s][debug  ][gc,phases      ] GC(39)     Total                          Min: 0, Avg:  0.0, Max: 0, Diff: 0, Sum: 0, Workers: 6
[11.528s][debug  ][gc,phases      ] GC(39)   StringDedup Table Weak         Min:  0.0, Avg:  0.0, Max:  0.0, Diff:  0.0, Sum:  0.0, Workers: 6
[11.528s][debug  ][gc,phases      ] GC(39)     Dead                           Min: 0, Avg:  0.0, Max: 0, Diff: 0, Sum: 0, Workers: 6
[11.528s][debug  ][gc,phases      ] GC(39)     Total                          Min: 0, Avg:  0.0, Max: 0, Diff: 0, Sum: 0, Workers: 6
[11.528s][debug  ][gc,phases      ] GC(39)   StringDedup Requests0 Weak     Min:  0.0, Avg:  0.0, Max:  0.0, Diff:  0.0, Sum:  0.0, Workers: 6
[11.528s][debug  ][gc,phases      ] GC(39)     Dead                           Min: 0, Avg:  0.0, Max: 0, Diff: 0, Sum: 0, Workers: 6
[11.528s][debug  ][gc,phases      ] GC(39)     Total                          Min: 0, Avg:  0.0, Max: 0, Diff: 0, Sum: 0, Workers: 6
[11.528s][debug  ][gc,phases      ] GC(39)   StringDedup Requests1 Weak     Min:  0.0, Avg:  0.0, Max:  0.0, Diff:  0.0, Sum:  0.0, Workers: 6
[11.528s][debug  ][gc,phases      ] GC(39)     Dead                           Min: 0, Avg:  0.0, Max: 0, Diff: 0, Sum: 0, Workers: 6
[11.528s][debug  ][gc,phases      ] GC(39)     Total                          Min: 0, Avg:  0.0, Max: 0, Diff: 0, Sum: 0, Workers: 6
[11.528s][debug  ][gc,phases      ] GC(39)   Weak JFR Old Object Samples    Min:  0.0, Avg:  0.0, Max:  0.0, Diff:  0.0, Sum:  0.0, Workers: 6
[11.528s][debug  ][gc,phases      ] GC(39)     Dead                           Min: 0, Avg:  0.0, Max: 0, Diff: 0, Sum: 0, Workers: 6
[11.528s][debug  ][gc,phases      ] GC(39)     Total                          Min: 0, Avg:  0.0, Max: 0, Diff: 0, Sum: 0, Workers: 6
[11.528s][debug  ][gc,phases      ] GC(39) Weak Processing 0.690ms
[11.528s][debug  ][gc,ergo        ] GC(39) AdaptiveSizeStart:  collection: 40 
[11.528s][debug  ][gc,ergo        ] GC(39) avg_survived_padded_avg: 32144670.000000
[11.528s][debug  ][gc,ergo        ] GC(39) avg_promoted_padded_avg: 242537296.000000  avg_pretenured_padded_avg: 0.000000  tenuring_thresh: 1  target_size: 32505856
[11.529s][debug  ][gc,age         ] GC(39) Desired survivor size 32505856 bytes, new threshold 1 (max threshold 15)
[11.529s][debug  ][gc,ergo        ] GC(39) PSAdaptiveSizePolicy::compute_eden_space_size limits: desired_eden_size: 240581962 old_eden_size: 203423744 eden_limit: 203423744 cur_eden: 203423744 max_eden_size: 203423744 avg_young_live: 25054260
[11.529s][debug  ][gc,ergo        ] GC(39) PSAdaptiveSizePolicy::compute_eden_space_size: costs minor_time: 0.054423 major_cost: 0.020062 mutator_cost: 0.925516 throughput_goal: 0.990000
[11.529s][debug  ][gc,ergo        ] GC(39) Live_space: 845583296 free_space: 542638080
[11.529s][debug  ][gc,ergo        ] GC(39) Old eden_size: 203423744 desired_eden_size: 203423744
[11.529s][debug  ][gc,ergo        ] GC(39) AdaptiveSizeStop: collection: 40 
[11.529s][info   ][gc,heap        ] GC(39) PSYoungGen: 229101K(230400K)->30720K(230400K) Eden: 198381K(198656K)->0K(198656K) From: 30720K(31744K)->30720K(31744K)
[11.529s][info   ][gc,heap        ] GC(39) ParOldGen: 1076836K(1358336K)->1271396K(1358336K)
[11.529s][info   ][gc,metaspace   ] GC(39) Metaspace: 1021K(1216K)->1021K(1216K) NonClass: 938K(1024K)->938K(1024K) Class: 83K(192K)->83K(192K)
[11.529s][info   ][gc             ] GC(39) Pause Young (Allocation Failure) 1275M->1271M(1551M) 20.033ms
[11.529s][info   ][gc,cpu         ] GC(39) User=0.03s Sys=0.12s Real=0.02s
[11.529s][debug  ][gc,heap        ] GC(39) Heap after GC invocations=40 (full 5):
[11.529s][debug  ][gc,heap        ] GC(39)  PSYoungGen      total 230400K, used 30720K [0x00000007f0000000, 0x0000000800000000, 0x0000000800000000)
[11.529s][debug  ][gc,heap        ] GC(39)   eden space 198656K, 0% used [0x00000007f0000000,0x00000007f0000000,0x00000007fc200000)
[11.529s][debug  ][gc,heap        ] GC(39)   from space 31744K, 96% used [0x00000007fe100000,0x00000007fff00030,0x0000000800000000)
[11.529s][debug  ][gc,heap        ] GC(39)   to   space 31744K, 0% used [0x00000007fc200000,0x00000007fc200000,0x00000007fe100000)
[11.529s][debug  ][gc,heap        ] GC(39)  ParOldGen       total 1358336K, used 1271396K [0x0000000700000000, 0x0000000752e80000, 0x00000007f0000000)
[11.529s][debug  ][gc,heap        ] GC(39)   object space 1358336K, 93% used [0x0000000700000000,0x000000074d9993b8,0x0000000752e80000)
[11.529s][debug  ][gc,heap        ] GC(39)  Metaspace       used 1021K, committed 1216K, reserved 1056768K
[11.529s][debug  ][gc,heap        ] GC(39)   class space    used 83K, committed 192K, reserved 1048576K
[11.529s][debug  ][gc,task,time   ] GC(39) VM-Thread 115082072 115271449 115289943
[11.529s][debug  ][gc,phases,start] GC(40) Pre Compact
[11.529s][debug  ][gc,heap        ] GC(40) Heap before GC invocations=41 (full 6):
[11.529s][debug  ][gc,heap        ] GC(40)  PSYoungGen      total 230400K, used 30720K [0x00000007f0000000, 0x0000000800000000, 0x0000000800000000)
[11.529s][debug  ][gc,heap        ] GC(40)   eden space 198656K, 0% used [0x00000007f0000000,0x00000007f0000000,0x00000007fc200000)
[11.529s][debug  ][gc,heap        ] GC(40)   from space 31744K, 96% used [0x00000007fe100000,0x00000007fff00030,0x0000000800000000)
[11.529s][debug  ][gc,heap        ] GC(40)   to   space 31744K, 0% used [0x00000007fc200000,0x00000007fc200000,0x00000007fe100000)
[11.529s][debug  ][gc,heap        ] GC(40)  ParOldGen       total 1358336K, used 1271396K [0x0000000700000000, 0x0000000752e80000, 0x00000007f0000000)
[11.529s][debug  ][gc,heap        ] GC(40)   object space 1358336K, 93% used [0x0000000700000000,0x000000074d9993b8,0x0000000752e80000)
[11.529s][debug  ][gc,heap        ] GC(40)  Metaspace       used 1021K, committed 1216K, reserved 1056768K
[11.529s][debug  ][gc,heap        ] GC(40)   class space    used 83K, committed 192K, reserved 1048576K
[11.529s][debug  ][gc,phases      ] GC(40) Pre Compact 0.202ms
[11.529s][info   ][gc,start       ] GC(40) Pause Full (Ergonomics)
[11.529s][info   ][gc,phases,start] GC(40) Marking Phase
[11.529s][debug  ][gc,phases,start] GC(40) Par Mark
[11.530s][debug  ][gc,phases      ] GC(40) Par Mark 0.506ms
[11.530s][debug  ][gc,phases,start] GC(40) Reference Processing
[11.530s][debug  ][gc,ref         ] GC(40) Skipped phase 1 of Reference Processing: no references
[11.530s][debug  ][gc,ref         ] GC(40) ReferenceProcessor::execute queues: 1, RefProcThreadModel::Single, marks_oops_alive: false
[11.530s][debug  ][gc,ref         ] GC(40) Skipped phase 3 of Reference Processing: no references
[11.530s][debug  ][gc,ref         ] GC(40) ReferenceProcessor::execute queues: 1, RefProcThreadModel::Single, marks_oops_alive: false
[11.530s][debug  ][gc,phases,ref  ] GC(40) Reference Processing: 0.1ms
[11.530s][debug  ][gc,phases,ref  ] GC(40)   Reconsider SoftReferences: 0.0ms
[11.530s][debug  ][gc,phases,ref  ] GC(40)     SoftRef (ms):                  skipped
[11.530s][debug  ][gc,phases,ref  ] GC(40)   Notify Soft/WeakReferences: 0.0ms
[11.530s][debug  ][gc,phases,ref  ] GC(40)     SoftRef (ms):                  Min:  0.0, Avg:  0.0, Max:  0.0, Diff:  0.0, Sum:  0.0, Workers: 10
[11.530s][debug  ][gc,phases,ref  ] GC(40)     WeakRef (ms):                  Min:  0.0, Avg:  0.0, Max:  0.0, Diff:  0.0, Sum:  0.0, Workers: 10
[11.530s][debug  ][gc,phases,ref  ] GC(40)     FinalRef (ms):                 Min:  0.0, Avg:  0.0, Max:  0.0, Diff:  0.0, Sum:  0.0, Workers: 10
[11.530s][debug  ][gc,phases,ref  ] GC(40)     Total (ms):                    Min:  0.0, Avg:  0.0, Max:  0.0, Diff:  0.0, Sum:  0.0, Workers: 10
[11.530s][debug  ][gc,phases,ref  ] GC(40)   Notify and keep alive finalizable: 0.0ms
[11.530s][debug  ][gc,phases,ref  ] GC(40)     FinalRef (ms):                 skipped
[11.530s][debug  ][gc,phases,ref  ] GC(40)   Notify PhantomReferences: 0.0ms
[11.530s][debug  ][gc,phases,ref  ] GC(40)     PhantomRef (ms):               Min:  0.0, Avg:  0.0, Max:  0.0, Diff:  0.0, Sum:  0.0, Workers: 10
[11.530s][debug  ][gc,phases,ref  ] GC(40)   SoftReference:
[11.530s][debug  ][gc,phases,ref  ] GC(40)     Discovered: 0
[11.530s][debug  ][gc,phases,ref  ] GC(40)     Cleared: 0
[11.530s][debug  ][gc,phases,ref  ] GC(40)   WeakReference:
[11.530s][debug  ][gc,phases,ref  ] GC(40)     Discovered: 82
[11.530s][debug  ][gc,phases,ref  ] GC(40)     Cleared: 82
[11.530s][debug  ][gc,phases,ref  ] GC(40)   FinalReference:
[11.530s][debug  ][gc,phases,ref  ] GC(40)     Discovered: 0
[11.530s][debug  ][gc,phases,ref  ] GC(40)     Cleared: 0
[11.530s][debug  ][gc,phases,ref  ] GC(40)   PhantomReference:
[11.530s][debug  ][gc,phases,ref  ] GC(40)     Discovered: 3
[11.530s][debug  ][gc,phases,ref  ] GC(40)     Cleared: 3
[11.530s][debug  ][gc,phases      ] GC(40) Reference Processing 0.651ms
[11.531s][debug  ][gc,phases,start] GC(40) Weak Processing
[11.531s][debug  ][gc,phases      ] GC(40)   VM Weak                        Min:  0.0, Avg:  0.0, Max:  0.0, Diff:  0.0, Sum:  0.0, Workers: 6
[11.531s][debug  ][gc,phases      ] GC(40)     Dead                           Min: 0, Avg:  0.0, Max: 0, Diff: 0, Sum: 0, Workers: 6
[11.531s][debug  ][gc,phases      ] GC(40)     Total                          Min: 0, Avg:  1.3, Max: 8, Diff: 8, Sum: 8, Workers: 6
[11.531s][debug  ][gc,phases      ] GC(40)   ObjectSynchronizer Weak        Min:  0.0, Avg:  0.0, Max:  0.0, Diff:  0.0, Sum:  0.0, Workers: 6
[11.531s][debug  ][gc,phases      ] GC(40)     Dead                           Min: 0, Avg:  0.0, Max: 0, Diff: 0, Sum: 0, Workers: 6
[11.531s][debug  ][gc,phases      ] GC(40)     Total                          Min: 0, Avg:  0.5, Max: 3, Diff: 3, Sum: 3, Workers: 6
[11.531s][debug  ][gc,phases      ] GC(40)   JVMTI Tag Weak OopStorage      Min:  0.0, Avg:  0.0, Max:  0.0, Diff:  0.0, Sum:  0.0, Workers: 6
[11.531s][debug  ][gc,phases      ] GC(40)     Dead                           Min: 0, Avg:  0.0, Max: 0, Diff: 0, Sum: 0, Workers: 6
[11.531s][debug  ][gc,phases      ] GC(40)     Total                          Min: 0, Avg:  0.0, Max: 0, Diff: 0, Sum: 0, Workers: 6
[11.531s][debug  ][gc,phases      ] GC(40)   StringTable Weak               Min:  0.0, Avg:  0.0, Max:  0.0, Diff:  0.0, Sum:  0.0, Workers: 6
[11.531s][debug  ][gc,phases      ] GC(40)     Dead                           Min: 0, Avg:  0.0, Max: 0, Diff: 0, Sum: 0, Workers: 6
[11.531s][debug  ][gc,phases      ] GC(40)     Total                          Min: 704, Avg: 892.5, Max: 1324, Diff: 620, Sum: 5355, Workers: 6
[11.531s][debug  ][gc,phases      ] GC(40)   ResolvedMethodTable Weak       Min:  0.0, Avg:  0.0, Max:  0.0, Diff:  0.0, Sum:  0.0, Workers: 6
[11.531s][debug  ][gc,phases      ] GC(40)     Dead                           Min: 0, Avg:  0.0, Max: 0, Diff: 0, Sum: 0, Workers: 6
[11.531s][debug  ][gc,phases      ] GC(40)     Total                          Min: 0, Avg: 21.7, Max: 64, Diff: 64, Sum: 130, Workers: 6
[11.531s][debug  ][gc,phases      ] GC(40)   JNI Weak                       Min:  0.0, Avg:  0.0, Max:  0.0, Diff:  0.0, Sum:  0.0, Workers: 6
[11.531s][debug  ][gc,phases      ] GC(40)     Dead                           Min: 0, Avg:  0.0, Max: 0, Diff: 0, Sum: 0, Workers: 6
[11.531s][debug  ][gc,phases      ] GC(40)     Total                          Min: 0, Avg:  0.0, Max: 0, Diff: 0, Sum: 0, Workers: 6
[11.531s][debug  ][gc,phases      ] GC(40)   StringDedup Table Weak         Min:  0.0, Avg:  0.0, Max:  0.0, Diff:  0.0, Sum:  0.0, Workers: 6
[11.531s][debug  ][gc,phases      ] GC(40)     Dead                           Min: 0, Avg:  0.0, Max: 0, Diff: 0, Sum: 0, Workers: 6
[11.531s][debug  ][gc,phases      ] GC(40)     Total                          Min: 0, Avg:  0.0, Max: 0, Diff: 0, Sum: 0, Workers: 6
[11.531s][debug  ][gc,phases      ] GC(40)   StringDedup Requests0 Weak     Min:  0.0, Avg:  0.0, Max:  0.0, Diff:  0.0, Sum:  0.0, Workers: 6
[11.531s][debug  ][gc,phases      ] GC(40)     Dead                           Min: 0, Avg:  0.0, Max: 0, Diff: 0, Sum: 0, Workers: 6
[11.531s][debug  ][gc,phases      ] GC(40)     Total                          Min: 0, Avg:  0.0, Max: 0, Diff: 0, Sum: 0, Workers: 6
[11.531s][debug  ][gc,phases      ] GC(40)   StringDedup Requests1 Weak     Min:  0.0, Avg:  0.0, Max:  0.0, Diff:  0.0, Sum:  0.0, Workers: 6
[11.531s][debug  ][gc,phases      ] GC(40)     Dead                           Min: 0, Avg:  0.0, Max: 0, Diff: 0, Sum: 0, Workers: 6
[11.531s][debug  ][gc,phases      ] GC(40)     Total                          Min: 0, Avg:  0.0, Max: 0, Diff: 0, Sum: 0, Workers: 6
[11.531s][debug  ][gc,phases      ] GC(40)   Weak JFR Old Object Samples    Min:  0.0, Avg:  0.0, Max:  0.0, Diff:  0.0, Sum:  0.0, Workers: 6
[11.531s][debug  ][gc,phases      ] GC(40)     Dead                           Min: 0, Avg:  0.0, Max: 0, Diff: 0, Sum: 0, Workers: 6
[11.531s][debug  ][gc,phases      ] GC(40)     Total                          Min: 0, Avg:  0.0, Max: 0, Diff: 0, Sum: 0, Workers: 6
[11.531s][debug  ][gc,phases      ] GC(40) Weak Processing 0.822ms
[11.531s][debug  ][gc,phases,start] GC(40) Class Unloading
[11.531s][debug  ][gc,phases,start] GC(40) ClassLoaderData
[11.531s][debug  ][gc,phases      ] GC(40) ClassLoaderData 0.019ms
[11.531s][debug  ][gc,phases,start] GC(40) Trigger cleanups
[11.531s][debug  ][gc,phases      ] GC(40) Trigger cleanups 0.019ms
[11.532s][debug  ][gc,phases      ] GC(40) Class Unloading 0.252ms
[11.532s][info   ][gc,phases      ] GC(40) Marking Phase 2.352ms
[11.532s][info   ][gc,phases,start] GC(40) Summary Phase
[11.532s][info   ][gc,phases      ] GC(40) Summary Phase 0.041ms
[11.532s][info   ][gc,phases,start] GC(40) Adjust Roots
[11.532s][info   ][gc,phases      ] GC(40) Adjust Roots 0.157ms
[11.532s][info   ][gc,phases,start] GC(40) Compaction Phase
[11.569s][info   ][gc,phases      ] GC(40) Compaction Phase 37.359ms
[11.569s][info   ][gc,phases,start] GC(40) Post Compact
[11.574s][info   ][gc,phases      ] GC(40) Post Compact 4.152ms
[11.574s][debug  ][gc,ergo        ] GC(40) AdaptiveSizeStart: collection: 41 
[11.574s][debug  ][gc,ergo        ] GC(40) PSAdaptiveSizePolicy::compute_eden_space_size limits: desired_eden_size: 237801784 old_eden_size: 203423744 eden_limit: 203423744 cur_eden: 203423744 max_eden_size: 203423744 avg_young_live: 22548834
[11.574s][debug  ][gc,ergo        ] GC(40) PSAdaptiveSizePolicy::compute_eden_space_size: costs minor_time: 0.054423 major_cost: 0.026085 mutator_cost: 0.919492 throughput_goal: 0.990000
[11.574s][debug  ][gc,ergo        ] GC(40) Live_space: 843077888 free_space: 542638080
[11.574s][debug  ][gc,ergo        ] GC(40) Old eden_size: 203423744 desired_eden_size: 203423744
[11.574s][debug  ][gc,ergo        ] GC(40) PSAdaptiveSizePolicy::compute_old_gen_free_space: costs minor_time: 0.054423 major_cost: 0.026085  mutator_cost: 0.919492 throughput_goal: 0.990000
[11.574s][debug  ][gc,ergo        ] GC(40) Live_space: 812053376 free_space: 542638080
[11.574s][debug  ][gc,ergo        ] GC(40) Old promo_size: 339214336 desired_promo_size: 383254528
[11.589s][debug  ][gc             ] GC(40) Shrinking ParOldGen from 1358336K by 397312K to 961024K
[11.589s][debug  ][gc,ergo        ] GC(40) AdaptiveSizeStop: collection: 41 
[11.589s][info   ][gc,heap        ] GC(40) PSYoungGen: 30720K(230400K)->0K(230400K) Eden: 0K(198656K)->0K(198656K) From: 30720K(31744K)->0K(31744K)
[11.589s][info   ][gc,heap        ] GC(40) ParOldGen: 1271396K(1358336K)->349795K(961024K)
[11.589s][info   ][gc,metaspace   ] GC(40) Metaspace: 1021K(1216K)->1021K(1216K) NonClass: 938K(1024K)->938K(1024K) Class: 83K(192K)->83K(192K)
[11.589s][info   ][gc             ] GC(40) Pause Full (Ergonomics) 1271M->341M(1163M) 59.445ms
[11.589s][info   ][gc,cpu         ] GC(40) User=0.39s Sys=0.02s Real=0.06s
[11.589s][debug  ][gc,heap        ] GC(40) Heap after GC invocations=41 (full 6):
[11.589s][debug  ][gc,heap        ] GC(40)  PSYoungGen      total 230400K, used 0K [0x00000007f0000000, 0x0000000800000000, 0x0000000800000000)
[11.589s][debug  ][gc,heap        ] GC(40)   eden space 198656K, 0% used [0x00000007f0000000,0x00000007f0000000,0x00000007fc200000)
[11.589s][debug  ][gc,heap        ] GC(40)   from space 31744K, 0% used [0x00000007fc200000,0x00000007fc200000,0x00000007fe100000)
[11.589s][debug  ][gc,heap        ] GC(40)   to   space 31744K, 0% used [0x00000007fe100000,0x00000007fe100000,0x0000000800000000)
[11.589s][debug  ][gc,heap        ] GC(40)  ParOldGen       total 961024K, used 349795K [0x0000000700000000, 0x000000073aa80000, 0x00000007f0000000)
[11.589s][debug  ][gc,heap        ] GC(40)   object space 961024K, 36% used [0x0000000700000000,0x0000000715598e18,0x000000073aa80000)
[11.589s][debug  ][gc,heap        ] GC(40)  Metaspace       used 1021K, committed 1216K, reserved 1056768K
[11.589s][debug  ][gc,heap        ] GC(40)   class space    used 83K, committed 192K, reserved 1048576K
[11.589s][debug  ][gc,task,time   ] GC(40) VM-Thread 115292761 115319476 115887598
[11.888s][debug  ][gc,heap        ] GC(41) Heap before GC invocations=42 (full 6):
[11.888s][debug  ][gc,heap        ] GC(41)  PSYoungGen      total 230400K, used 198407K [0x00000007f0000000, 0x0000000800000000, 0x0000000800000000)
[11.888s][debug  ][gc,heap        ] GC(41)   eden space 198656K, 99% used [0x00000007f0000000,0x00000007fc1c1e78,0x00000007fc200000)
[11.888s][debug  ][gc,heap        ] GC(41)   from space 31744K, 0% used [0x00000007fc200000,0x00000007fc200000,0x00000007fe100000)
[11.888s][debug  ][gc,heap        ] GC(41)   to   space 31744K, 0% used [0x00000007fe100000,0x00000007fe100000,0x0000000800000000)
[11.888s][debug  ][gc,heap        ] GC(41)  ParOldGen       total 961024K, used 349795K [0x0000000700000000, 0x000000073aa80000, 0x00000007f0000000)
[11.888s][debug  ][gc,heap        ] GC(41)   object space 961024K, 36% used [0x0000000700000000,0x0000000715598e18,0x000000073aa80000)
[11.888s][debug  ][gc,heap        ] GC(41)  Metaspace       used 1021K, committed 1216K, reserved 1056768K
[11.888s][debug  ][gc,heap        ] GC(41)   class space    used 83K, committed 192K, reserved 1048576K
[11.888s][debug  ][gc,tlab        ] GC(41) TLAB totals: thrds: 1  refills: 1 max: 1 slow allocs: 18 max 18 waste: 27.3% gc: 3939656B max: 3939656B slow: 0B max: 0B
[11.888s][info   ][gc,start       ] GC(41) Pause Young (Allocation Failure)
[11.888s][debug  ][gc,phases,start] GC(41) Scavenge
[11.901s][debug  ][gc,phases      ] GC(41) Scavenge 13.173ms
[11.901s][debug  ][gc,phases,start] GC(41) Reference Processing
[11.901s][debug  ][gc,ref         ] GC(41) Skipped phase 1 of Reference Processing: no references
[11.901s][debug  ][gc,ref         ] GC(41) Skipped phase 2 of Reference Processing: no references
[11.901s][debug  ][gc,ref         ] GC(41) Skipped phase 3 of Reference Processing: no references
[11.901s][debug  ][gc,ref         ] GC(41) Skipped phase 4 of Reference Processing: no references
[11.902s][debug  ][gc,phases,ref  ] GC(41) Reference Processing: 0.1ms
[11.902s][debug  ][gc,phases,ref  ] GC(41)   Reconsider SoftReferences: 0.0ms
[11.902s][debug  ][gc,phases,ref  ] GC(41)     SoftRef (ms):                  skipped
[11.902s][debug  ][gc,phases,ref  ] GC(41)   Notify Soft/WeakReferences: 0.0ms
[11.902s][debug  ][gc,phases,ref  ] GC(41)     SoftRef (ms):                  skipped
[11.902s][debug  ][gc,phases,ref  ] GC(41)     WeakRef (ms):                  skipped
[11.902s][debug  ][gc,phases,ref  ] GC(41)     FinalRef (ms):                 skipped
[11.902s][debug  ][gc,phases,ref  ] GC(41)     Total (ms):                    skipped
[11.902s][debug  ][gc,phases,ref  ] GC(41)   Notify and keep alive finalizable: 0.0ms
[11.902s][debug  ][gc,phases,ref  ] GC(41)     FinalRef (ms):                 skipped
[11.902s][debug  ][gc,phases,ref  ] GC(41)   Notify PhantomReferences: 0.0ms
[11.902s][debug  ][gc,phases,ref  ] GC(41)     PhantomRef (ms):               skipped
[11.902s][debug  ][gc,phases,ref  ] GC(41)   SoftReference:
[11.902s][debug  ][gc,phases,ref  ] GC(41)     Discovered: 0
[11.902s][debug  ][gc,phases,ref  ] GC(41)     Cleared: 0
[11.902s][debug  ][gc,phases,ref  ] GC(41)   WeakReference:
[11.902s][debug  ][gc,phases,ref  ] GC(41)     Discovered: 0
[11.902s][debug  ][gc,phases,ref  ] GC(41)     Cleared: 0
[11.902s][debug  ][gc,phases,ref  ] GC(41)   FinalReference:
[11.902s][debug  ][gc,phases,ref  ] GC(41)     Discovered: 0
[11.902s][debug  ][gc,phases,ref  ] GC(41)     Cleared: 0
[11.902s][debug  ][gc,phases,ref  ] GC(41)   PhantomReference:
[11.902s][debug  ][gc,phases,ref  ] GC(41)     Discovered: 0
[11.902s][debug  ][gc,phases,ref  ] GC(41)     Cleared: 0
[11.902s][debug  ][gc,phases      ] GC(41) Reference Processing 0.824ms
[11.902s][debug  ][gc,phases,start] GC(41) Weak Processing
[11.902s][debug  ][gc,phases      ] GC(41)   VM Weak                        Min:  0.0, Avg:  0.0, Max:  0.0, Diff:  0.0, Sum:  0.0, Workers: 6
[11.902s][debug  ][gc,phases      ] GC(41)     Dead                           Min: 0, Avg:  0.0, Max: 0, Diff: 0, Sum: 0, Workers: 6
[11.902s][debug  ][gc,phases      ] GC(41)     Total                          Min: 0, Avg:  1.3, Max: 8, Diff: 8, Sum: 8, Workers: 6
[11.902s][debug  ][gc,phases      ] GC(41)   ObjectSynchronizer Weak        Min:  0.0, Avg:  0.0, Max:  0.0, Diff:  0.0, Sum:  0.0, Workers: 6
[11.902s][debug  ][gc,phases      ] GC(41)     Dead                           Min: 0, Avg:  0.0, Max: 0, Diff: 0, Sum: 0, Workers: 6
[11.902s][debug  ][gc,phases      ] GC(41)     Total                          Min: 0, Avg:  0.5, Max: 3, Diff: 3, Sum: 3, Workers: 6
[11.902s][debug  ][gc,phases      ] GC(41)   JVMTI Tag Weak OopStorage      Min:  0.0, Avg:  0.0, Max:  0.0, Diff:  0.0, Sum:  0.0, Workers: 6
[11.903s][debug  ][gc,phases      ] GC(41)     Dead                           Min: 0, Avg:  0.0, Max: 0, Diff: 0, Sum: 0, Workers: 6
[11.903s][debug  ][gc,phases      ] GC(41)     Total                          Min: 0, Avg:  0.0, Max: 0, Diff: 0, Sum: 0, Workers: 6
[11.903s][debug  ][gc,phases      ] GC(41)   StringTable Weak               Min:  0.0, Avg:  0.0, Max:  0.0, Diff:  0.0, Sum:  0.0, Workers: 6
[11.903s][debug  ][gc,phases      ] GC(41)     Dead                           Min: 0, Avg:  0.0, Max: 0, Diff: 0, Sum: 0, Workers: 6
[11.903s][debug  ][gc,phases      ] GC(41)     Total                          Min: 748, Avg: 892.5, Max: 1152, Diff: 404, Sum: 5355, Workers: 6
[11.903s][debug  ][gc,phases      ] GC(41)   ResolvedMethodTable Weak       Min:  0.0, Avg:  0.0, Max:  0.0, Diff:  0.0, Sum:  0.0, Workers: 6
[11.903s][debug  ][gc,phases      ] GC(41)     Dead                           Min: 0, Avg:  0.0, Max: 0, Diff: 0, Sum: 0, Workers: 6
[11.903s][debug  ][gc,phases      ] GC(41)     Total                          Min: 0, Avg: 21.7, Max: 64, Diff: 64, Sum: 130, Workers: 6
[11.903s][debug  ][gc,phases      ] GC(41)   JNI Weak                       Min:  0.0, Avg:  0.0, Max:  0.0, Diff:  0.0, Sum:  0.0, Workers: 6
[11.903s][debug  ][gc,phases      ] GC(41)     Dead                           Min: 0, Avg:  0.0, Max: 0, Diff: 0, Sum: 0, Workers: 6
[11.903s][debug  ][gc,phases      ] GC(41)     Total                          Min: 0, Avg:  0.0, Max: 0, Diff: 0, Sum: 0, Workers: 6
[11.903s][debug  ][gc,phases      ] GC(41)   StringDedup Table Weak         Min:  0.0, Avg:  0.0, Max:  0.0, Diff:  0.0, Sum:  0.0, Workers: 6
[11.903s][debug  ][gc,phases      ] GC(41)     Dead                           Min: 0, Avg:  0.0, Max: 0, Diff: 0, Sum: 0, Workers: 6
[11.903s][debug  ][gc,phases      ] GC(41)     Total                          Min: 0, Avg:  0.0, Max: 0, Diff: 0, Sum: 0, Workers: 6
[11.903s][debug  ][gc,phases      ] GC(41)   StringDedup Requests0 Weak     Min:  0.0, Avg:  0.0, Max:  0.0, Diff:  0.0, Sum:  0.0, Workers: 6
[11.903s][debug  ][gc,phases      ] GC(41)     Dead                           Min: 0, Avg:  0.0, Max: 0, Diff: 0, Sum: 0, Workers: 6
[11.903s][debug  ][gc,phases      ] GC(41)     Total                          Min: 0, Avg:  0.0, Max: 0, Diff: 0, Sum: 0, Workers: 6
[11.903s][debug  ][gc,phases      ] GC(41)   StringDedup Requests1 Weak     Min:  0.0, Avg:  0.0, Max:  0.0, Diff:  0.0, Sum:  0.0, Workers: 6
[11.903s][debug  ][gc,phases      ] GC(41)     Dead                           Min: 0, Avg:  0.0, Max: 0, Diff: 0, Sum: 0, Workers: 6
[11.903s][debug  ][gc,phases      ] GC(41)     Total                          Min: 0, Avg:  0.0, Max: 0, Diff: 0, Sum: 0, Workers: 6
[11.903s][debug  ][gc,phases      ] GC(41)   Weak JFR Old Object Samples    Min:  0.0, Avg:  0.0, Max:  0.0, Diff:  0.0, Sum:  0.0, Workers: 6
[11.903s][debug  ][gc,phases      ] GC(41)     Dead                           Min: 0, Avg:  0.0, Max: 0, Diff: 0, Sum: 0, Workers: 6
[11.903s][debug  ][gc,phases      ] GC(41)     Total                          Min: 0, Avg:  0.0, Max: 0, Diff: 0, Sum: 0, Workers: 6
[11.903s][debug  ][gc,phases      ] GC(41) Weak Processing 0.805ms
[11.903s][debug  ][gc,ergo        ] GC(41) AdaptiveSizeStart:  collection: 42 
[11.903s][debug  ][gc,ergo        ] GC(41) avg_survived_padded_avg: 32094822.000000
[11.903s][debug  ][gc,ergo        ] GC(41) avg_promoted_padded_avg: 236126752.000000  avg_pretenured_padded_avg: 0.000000  tenuring_thresh: 1  target_size: 32505856
[11.903s][debug  ][gc,age         ] GC(41) Desired survivor size 32505856 bytes, new threshold 1 (max threshold 15)
[11.903s][debug  ][gc,ergo        ] GC(41) PSAdaptiveSizePolicy::compute_eden_space_size limits: desired_eden_size: 237021493 old_eden_size: 203423744 eden_limit: 203423744 cur_eden: 203423744 max_eden_size: 203423744 avg_young_live: 23439682
[11.903s][debug  ][gc,ergo        ] GC(41) PSAdaptiveSizePolicy::compute_eden_space_size: costs minor_time: 0.050783 major_cost: 0.026085 mutator_cost: 0.923132 throughput_goal: 0.990000
[11.903s][debug  ][gc,ergo        ] GC(41) Live_space: 812944256 free_space: 586678272
[11.903s][debug  ][gc,ergo        ] GC(41) Old eden_size: 203423744 desired_eden_size: 203423744
[11.903s][debug  ][gc,ergo        ] GC(41) AdaptiveSizeStop: collection: 42 
[11.903s][info   ][gc,heap        ] GC(41) PSYoungGen: 198407K(230400K)->30720K(230400K) Eden: 198407K(198656K)->0K(198656K) From: 0K(31744K)->30720K(31744K)
[11.903s][info   ][gc,heap        ] GC(41) ParOldGen: 349795K(961024K)->513635K(961024K)
[11.903s][info   ][gc,metaspace   ] GC(41) Metaspace: 1021K(1216K)->1021K(1216K) NonClass: 938K(1024K)->938K(1024K) Class: 83K(192K)->83K(192K)
[11.903s][info   ][gc             ] GC(41) Pause Young (Allocation Failure) 535M->531M(1163M) 15.304ms
[11.903s][info   ][gc,cpu         ] GC(41) User=0.16s Sys=0.00s Real=0.02s
[11.903s][debug  ][gc,heap        ] GC(41) Heap after GC invocations=42 (full 6):
[11.904s][debug  ][gc,heap        ] GC(41)  PSYoungGen      total 230400K, used 30720K [0x00000007f0000000, 0x0000000800000000, 0x0000000800000000)
[11.904s][debug  ][gc,heap        ] GC(41)   eden space 198656K, 0% used [0x00000007f0000000,0x00000007f0000000,0x00000007fc200000)
[11.904s][debug  ][gc,heap        ] GC(41)   from space 31744K, 96% used [0x00000007fe100000,0x00000007fff00030,0x0000000800000000)
[11.904s][debug  ][gc,heap        ] GC(41)   to   space 31744K, 0% used [0x00000007fc200000,0x00000007fc200000,0x00000007fe100000)
[11.904s][debug  ][gc,heap        ] GC(41)  ParOldGen       total 961024K, used 513635K [0x0000000700000000, 0x000000073aa80000, 0x00000007f0000000)
[11.904s][debug  ][gc,heap        ] GC(41)   object space 961024K, 53% used [0x0000000700000000,0x000000071f598f18,0x000000073aa80000)
[11.904s][debug  ][gc,heap        ] GC(41)  Metaspace       used 1021K, committed 1216K, reserved 1056768K
[11.904s][debug  ][gc,heap        ] GC(41)   class space    used 83K, committed 192K, reserved 1048576K
[11.904s][debug  ][gc,task,time   ] GC(41) VM-Thread 118876669 119013908 119037107
[12.205s][debug  ][gc,heap        ] GC(42) Heap before GC invocations=43 (full 6):
[12.205s][debug  ][gc,heap        ] GC(42)  PSYoungGen      total 230400K, used 229072K [0x00000007f0000000, 0x0000000800000000, 0x0000000800000000)
[12.205s][debug  ][gc,heap        ] GC(42)   eden space 198656K, 99% used [0x00000007f0000000,0x00000007fc1b43a0,0x00000007fc200000)
[12.205s][debug  ][gc,heap        ] GC(42)   from space 31744K, 96% used [0x00000007fe100000,0x00000007fff00030,0x0000000800000000)
[12.205s][debug  ][gc,heap        ] GC(42)   to   space 31744K, 0% used [0x00000007fc200000,0x00000007fc200000,0x00000007fe100000)
[12.205s][debug  ][gc,heap        ] GC(42)  ParOldGen       total 961024K, used 513635K [0x0000000700000000, 0x000000073aa80000, 0x00000007f0000000)
[12.206s][debug  ][gc,heap        ] GC(42)   object space 961024K, 53% used [0x0000000700000000,0x000000071f598f18,0x000000073aa80000)
[12.206s][debug  ][gc,heap        ] GC(42)  Metaspace       used 1021K, committed 1216K, reserved 1056768K
[12.206s][debug  ][gc,heap        ] GC(42)   class space    used 83K, committed 192K, reserved 1048576K
[12.206s][debug  ][gc,tlab        ] GC(42) TLAB totals: thrds: 1  refills: 1 max: 1 slow allocs: 18 max 18 waste: 27.0% gc: 3883632B max: 3883632B slow: 0B max: 0B
[12.206s][info   ][gc,start       ] GC(42) Pause Young (Allocation Failure)
[12.206s][debug  ][gc,phases,start] GC(42) Scavenge
[12.222s][debug  ][gc,phases      ] GC(42) Scavenge 15.761ms
[12.222s][debug  ][gc,phases,start] GC(42) Reference Processing
[12.222s][debug  ][gc,ref         ] GC(42) Skipped phase 1 of Reference Processing: no references
[12.222s][debug  ][gc,ref         ] GC(42) Skipped phase 2 of Reference Processing: no references
[12.222s][debug  ][gc,ref         ] GC(42) Skipped phase 3 of Reference Processing: no references
[12.222s][debug  ][gc,ref         ] GC(42) Skipped phase 4 of Reference Processing: no references
[12.222s][debug  ][gc,phases,ref  ] GC(42) Reference Processing: 0.1ms
[12.222s][debug  ][gc,phases,ref  ] GC(42)   Reconsider SoftReferences: 0.0ms
[12.222s][debug  ][gc,phases,ref  ] GC(42)     SoftRef (ms):                  skipped
[12.222s][debug  ][gc,phases,ref  ] GC(42)   Notify Soft/WeakReferences: 0.0ms
[12.222s][debug  ][gc,phases,ref  ] GC(42)     SoftRef (ms):                  skipped
[12.222s][debug  ][gc,phases,ref  ] GC(42)     WeakRef (ms):                  skipped
[12.222s][debug  ][gc,phases,ref  ] GC(42)     FinalRef (ms):                 skipped
[12.222s][debug  ][gc,phases,ref  ] GC(42)     Total (ms):                    skipped
[12.222s][debug  ][gc,phases,ref  ] GC(42)   Notify and keep alive finalizable: 0.0ms
[12.222s][debug  ][gc,phases,ref  ] GC(42)     FinalRef (ms):                 skipped
[12.222s][debug  ][gc,phases,ref  ] GC(42)   Notify PhantomReferences: 0.0ms
[12.222s][debug  ][gc,phases,ref  ] GC(42)     PhantomRef (ms):               skipped
[12.222s][debug  ][gc,phases,ref  ] GC(42)   SoftReference:
[12.222s][debug  ][gc,phases,ref  ] GC(42)     Discovered: 0
[12.222s][debug  ][gc,phases,ref  ] GC(42)     Cleared: 0
[12.222s][debug  ][gc,phases,ref  ] GC(42)   WeakReference:
[12.222s][debug  ][gc,phases,ref  ] GC(42)     Discovered: 0
[12.222s][debug  ][gc,phases,ref  ] GC(42)     Cleared: 0
[12.222s][debug  ][gc,phases,ref  ] GC(42)   FinalReference:
[12.222s][debug  ][gc,phases,ref  ] GC(42)     Discovered: 0
[12.222s][debug  ][gc,phases,ref  ] GC(42)     Cleared: 0
[12.222s][debug  ][gc,phases,ref  ] GC(42)   PhantomReference:
[12.222s][debug  ][gc,phases,ref  ] GC(42)     Discovered: 0
[12.222s][debug  ][gc,phases,ref  ] GC(42)     Cleared: 0
[12.222s][debug  ][gc,phases      ] GC(42) Reference Processing 0.889ms
[12.222s][debug  ][gc,phases,start] GC(42) Weak Processing
[12.223s][debug  ][gc,phases      ] GC(42)   VM Weak                        Min:  0.0, Avg:  0.0, Max:  0.0, Diff:  0.0, Sum:  0.0, Workers: 6
[12.223s][debug  ][gc,phases      ] GC(42)     Dead                           Min: 0, Avg:  0.0, Max: 0, Diff: 0, Sum: 0, Workers: 6
[12.223s][debug  ][gc,phases      ] GC(42)     Total                          Min: 0, Avg:  1.3, Max: 8, Diff: 8, Sum: 8, Workers: 6
[12.223s][debug  ][gc,phases      ] GC(42)   ObjectSynchronizer Weak        Min:  0.0, Avg:  0.0, Max:  0.0, Diff:  0.0, Sum:  0.0, Workers: 6
[12.223s][debug  ][gc,phases      ] GC(42)     Dead                           Min: 0, Avg:  0.0, Max: 0, Diff: 0, Sum: 0, Workers: 6
[12.223s][debug  ][gc,phases      ] GC(42)     Total                          Min: 0, Avg:  0.5, Max: 3, Diff: 3, Sum: 3, Workers: 6
[12.223s][debug  ][gc,phases      ] GC(42)   JVMTI Tag Weak OopStorage      Min:  0.0, Avg:  0.0, Max:  0.0, Diff:  0.0, Sum:  0.0, Workers: 6
[12.223s][debug  ][gc,phases      ] GC(42)     Dead                           Min: 0, Avg:  0.0, Max: 0, Diff: 0, Sum: 0, Workers: 6
[12.223s][debug  ][gc,phases      ] GC(42)     Total                          Min: 0, Avg:  0.0, Max: 0, Diff: 0, Sum: 0, Workers: 6
[12.223s][debug  ][gc,phases      ] GC(42)   StringTable Weak               Min:  0.0, Avg:  0.0, Max:  0.0, Diff:  0.0, Sum:  0.0, Workers: 6
[12.223s][debug  ][gc,phases      ] GC(42)     Dead                           Min: 0, Avg:  0.0, Max: 0, Diff: 0, Sum: 0, Workers: 6
[12.223s][debug  ][gc,phases      ] GC(42)     Total                          Min: 640, Avg: 892.5, Max: 1280, Diff: 640, Sum: 5355, Workers: 6
[12.223s][debug  ][gc,phases      ] GC(42)   ResolvedMethodTable Weak       Min:  0.0, Avg:  0.0, Max:  0.0, Diff:  0.0, Sum:  0.0, Workers: 6
[12.223s][debug  ][gc,phases      ] GC(42)     Dead                           Min: 0, Avg:  0.0, Max: 0, Diff: 0, Sum: 0, Workers: 6
[12.223s][debug  ][gc,phases      ] GC(42)     Total                          Min: 0, Avg: 21.7, Max: 64, Diff: 64, Sum: 130, Workers: 6
[12.223s][debug  ][gc,phases      ] GC(42)   JNI Weak                       Min:  0.0, Avg:  0.0, Max:  0.0, Diff:  0.0, Sum:  0.0, Workers: 6
[12.223s][debug  ][gc,phases      ] GC(42)     Dead                           Min: 0, Avg:  0.0, Max: 0, Diff: 0, Sum: 0, Workers: 6
[12.223s][debug  ][gc,phases      ] GC(42)     Total                          Min: 0, Avg:  0.0, Max: 0, Diff: 0, Sum: 0, Workers: 6
[12.223s][debug  ][gc,phases      ] GC(42)   StringDedup Table Weak         Min:  0.0, Avg:  0.0, Max:  0.0, Diff:  0.0, Sum:  0.0, Workers: 6
[12.223s][debug  ][gc,phases      ] GC(42)     Dead                           Min: 0, Avg:  0.0, Max: 0, Diff: 0, Sum: 0, Workers: 6
[12.223s][debug  ][gc,phases      ] GC(42)     Total                          Min: 0, Avg:  0.0, Max: 0, Diff: 0, Sum: 0, Workers: 6
[12.223s][debug  ][gc,phases      ] GC(42)   StringDedup Requests0 Weak     Min:  0.0, Avg:  0.0, Max:  0.0, Diff:  0.0, Sum:  0.0, Workers: 6
[12.223s][debug  ][gc,phases      ] GC(42)     Dead                           Min: 0, Avg:  0.0, Max: 0, Diff: 0, Sum: 0, Workers: 6
[12.223s][debug  ][gc,phases      ] GC(42)     Total                          Min: 0, Avg:  0.0, Max: 0, Diff: 0, Sum: 0, Workers: 6
[12.223s][debug  ][gc,phases      ] GC(42)   StringDedup Requests1 Weak     Min:  0.0, Avg:  0.0, Max:  0.0, Diff:  0.0, Sum:  0.0, Workers: 6
[12.223s][debug  ][gc,phases      ] GC(42)     Dead                           Min: 0, Avg:  0.0, Max: 0, Diff: 0, Sum: 0, Workers: 6
[12.223s][debug  ][gc,phases      ] GC(42)     Total                          Min: 0, Avg:  0.0, Max: 0, Diff: 0, Sum: 0, Workers: 6
[12.223s][debug  ][gc,phases      ] GC(42)   Weak JFR Old Object Samples    Min:  0.0, Avg:  0.0, Max:  0.0, Diff:  0.0, Sum:  0.0, Workers: 6
[12.223s][debug  ][gc,phases      ] GC(42)     Dead                           Min: 0, Avg:  0.0, Max: 0, Diff: 0, Sum: 0, Workers: 6
[12.223s][debug  ][gc,phases      ] GC(42)     Total                          Min: 0, Avg:  0.0, Max: 0, Diff: 0, Sum: 0, Workers: 6
[12.223s][debug  ][gc,phases      ] GC(42) Weak Processing 0.815ms
[12.223s][debug  ][gc,ergo        ] GC(42) AdaptiveSizeStart:  collection: 43 
[12.223s][debug  ][gc,ergo        ] GC(42) avg_survived_padded_avg: 32048072.000000
[12.223s][debug  ][gc,ergo        ] GC(42) avg_promoted_padded_avg: 241889888.000000  avg_pretenured_padded_avg: 0.000000  tenuring_thresh: 1  target_size: 32505856
[12.223s][debug  ][gc,age         ] GC(42) Desired survivor size 32505856 bytes, new threshold 1 (max threshold 15)
[12.223s][debug  ][gc,ergo        ] GC(42) PSAdaptiveSizePolicy::compute_eden_space_size limits: desired_eden_size: 237254726 old_eden_size: 203423744 eden_limit: 203423744 cur_eden: 203423744 max_eden_size: 203423744 avg_young_live: 24241446
[12.223s][debug  ][gc,ergo        ] GC(42) PSAdaptiveSizePolicy::compute_eden_space_size: costs minor_time: 0.051836 major_cost: 0.026085 mutator_cost: 0.922079 throughput_goal: 0.990000
[12.224s][debug  ][gc,ergo        ] GC(42) Live_space: 813745984 free_space: 586678272
[12.224s][debug  ][gc,ergo        ] GC(42) Old eden_size: 203423744 desired_eden_size: 203423744
[12.224s][debug  ][gc,ergo        ] GC(42) AdaptiveSizeStop: collection: 43 
[12.224s][info   ][gc,heap        ] GC(42) PSYoungGen: 229072K(230400K)->30720K(230400K) Eden: 198352K(198656K)->0K(198656K) From: 30720K(31744K)->30720K(31744K)
[12.224s][info   ][gc,heap        ] GC(42) ParOldGen: 513635K(961024K)->708196K(961024K)
[12.224s][info   ][gc,metaspace   ] GC(42) Metaspace: 1021K(1216K)->1021K(1216K) NonClass: 938K(1024K)->938K(1024K) Class: 83K(192K)->83K(192K)
[12.224s][info   ][gc             ] GC(42) Pause Young (Allocation Failure) 725M->721M(1163M) 18.020ms
[12.224s][info   ][gc,cpu         ] GC(42) User=0.16s Sys=0.00s Real=0.02s
[12.224s][debug  ][gc,heap        ] GC(42) Heap after GC invocations=43 (full 6):
[12.224s][debug  ][gc,heap        ] GC(42)  PSYoungGen      total 230400K, used 30720K [0x00000007f0000000, 0x0000000800000000, 0x0000000800000000)
[12.224s][debug  ][gc,heap        ] GC(42)   eden space 198656K, 0% used [0x00000007f0000000,0x00000007f0000000,0x00000007fc200000)
[12.224s][debug  ][gc,heap        ] GC(42)   from space 31744K, 96% used [0x00000007fc200000,0x00000007fe000030,0x00000007fe100000)
[12.224s][debug  ][gc,heap        ] GC(42)   to   space 31744K, 0% used [0x00000007fe100000,0x00000007fe100000,0x0000000800000000)
[12.224s][debug  ][gc,heap        ] GC(42)  ParOldGen       total 961024K, used 708196K [0x0000000700000000, 0x000000073aa80000, 0x00000007f0000000)
[12.224s][debug  ][gc,heap        ] GC(42)   object space 961024K, 73% used [0x0000000700000000,0x000000072b399048,0x000000073aa80000)
[12.224s][debug  ][gc,heap        ] GC(42)  Metaspace       used 1021K, committed 1216K, reserved 1056768K
[12.224s][debug  ][gc,heap        ] GC(42)   class space    used 83K, committed 192K, reserved 1048576K
[12.224s][debug  ][gc,task,time   ] GC(42) VM-Thread 122051428 122215760 122239789
[12.520s][debug  ][gc,heap        ] GC(43) Heap before GC invocations=44 (full 6):
[12.520s][debug  ][gc,heap        ] GC(43)  PSYoungGen      total 230400K, used 229109K [0x00000007f0000000, 0x0000000800000000, 0x0000000800000000)
[12.521s][debug  ][gc,heap        ] GC(43)   eden space 198656K, 99% used [0x00000007f0000000,0x00000007fc1bd600,0x00000007fc200000)
[12.521s][debug  ][gc,heap        ] GC(43)   from space 31744K, 96% used [0x00000007fc200000,0x00000007fe000030,0x00000007fe100000)
[12.521s][debug  ][gc,heap        ] GC(43)   to   space 31744K, 0% used [0x00000007fe100000,0x00000007fe100000,0x0000000800000000)
[12.521s][debug  ][gc,heap        ] GC(43)  ParOldGen       total 961024K, used 708196K [0x0000000700000000, 0x000000073aa80000, 0x00000007f0000000)
[12.521s][debug  ][gc,heap        ] GC(43)   object space 961024K, 73% used [0x0000000700000000,0x000000072b399048,0x000000073aa80000)
[12.521s][debug  ][gc,heap        ] GC(43)  Metaspace       used 1021K, committed 1216K, reserved 1056768K
[12.521s][debug  ][gc,heap        ] GC(43)   class space    used 83K, committed 192K, reserved 1048576K
[12.521s][debug  ][gc,tlab        ] GC(43) TLAB totals: thrds: 1  refills: 1 max: 1 slow allocs: 18 max 18 waste: 27.2% gc: 3921104B max: 3921104B slow: 0B max: 0B
[12.521s][info   ][gc,start       ] GC(43) Pause Young (Allocation Failure)
[12.521s][debug  ][gc,phases,start] GC(43) Scavenge
[12.537s][debug  ][gc,phases      ] GC(43) Scavenge 15.657ms
[12.537s][debug  ][gc,phases,start] GC(43) Reference Processing
[12.537s][debug  ][gc,ref         ] GC(43) Skipped phase 1 of Reference Processing: no references
[12.537s][debug  ][gc,ref         ] GC(43) Skipped phase 2 of Reference Processing: no references
[12.537s][debug  ][gc,ref         ] GC(43) Skipped phase 3 of Reference Processing: no references
[12.537s][debug  ][gc,ref         ] GC(43) Skipped phase 4 of Reference Processing: no references
[12.537s][debug  ][gc,phases,ref  ] GC(43) Reference Processing: 0.1ms
[12.537s][debug  ][gc,phases,ref  ] GC(43)   Reconsider SoftReferences: 0.0ms
[12.537s][debug  ][gc,phases,ref  ] GC(43)     SoftRef (ms):                  skipped
[12.537s][debug  ][gc,phases,ref  ] GC(43)   Notify Soft/WeakReferences: 0.0ms
[12.537s][debug  ][gc,phases,ref  ] GC(43)     SoftRef (ms):                  skipped
[12.537s][debug  ][gc,phases,ref  ] GC(43)     WeakRef (ms):                  skipped
[12.537s][debug  ][gc,phases,ref  ] GC(43)     FinalRef (ms):                 skipped
[12.537s][debug  ][gc,phases,ref  ] GC(43)     Total (ms):                    skipped
[12.537s][debug  ][gc,phases,ref  ] GC(43)   Notify and keep alive finalizable: 0.0ms
[12.537s][debug  ][gc,phases,ref  ] GC(43)     FinalRef (ms):                 skipped
[12.537s][debug  ][gc,phases,ref  ] GC(43)   Notify PhantomReferences: 0.0ms
[12.537s][debug  ][gc,phases,ref  ] GC(43)     PhantomRef (ms):               skipped
[12.537s][debug  ][gc,phases,ref  ] GC(43)   SoftReference:
[12.537s][debug  ][gc,phases,ref  ] GC(43)     Discovered: 0
[12.537s][debug  ][gc,phases,ref  ] GC(43)     Cleared: 0
[12.537s][debug  ][gc,phases,ref  ] GC(43)   WeakReference:
[12.537s][debug  ][gc,phases,ref  ] GC(43)     Discovered: 0
[12.537s][debug  ][gc,phases,ref  ] GC(43)     Cleared: 0
[12.537s][debug  ][gc,phases,ref  ] GC(43)   FinalReference:
[12.537s][debug  ][gc,phases,ref  ] GC(43)     Discovered: 0
[12.537s][debug  ][gc,phases,ref  ] GC(43)     Cleared: 0
[12.537s][debug  ][gc,phases,ref  ] GC(43)   PhantomReference:
[12.537s][debug  ][gc,phases,ref  ] GC(43)     Discovered: 0
[12.537s][debug  ][gc,phases,ref  ] GC(43)     Cleared: 0
[12.537s][debug  ][gc,phases      ] GC(43) Reference Processing 0.634ms
[12.537s][debug  ][gc,phases,start] GC(43) Weak Processing
[12.537s][debug  ][gc,phases      ] GC(43)   VM Weak                        Min:  0.0, Avg:  0.0, Max:  0.0, Diff:  0.0, Sum:  0.0, Workers: 6
[12.537s][debug  ][gc,phases      ] GC(43)     Dead                           Min: 0, Avg:  0.0, Max: 0, Diff: 0, Sum: 0, Workers: 6
[12.537s][debug  ][gc,phases      ] GC(43)     Total                          Min: 0, Avg:  1.3, Max: 8, Diff: 8, Sum: 8, Workers: 6
[12.537s][debug  ][gc,phases      ] GC(43)   ObjectSynchronizer Weak        Min:  0.0, Avg:  0.0, Max:  0.0, Diff:  0.0, Sum:  0.0, Workers: 6
[12.537s][debug  ][gc,phases      ] GC(43)     Dead                           Min: 0, Avg:  0.0, Max: 0, Diff: 0, Sum: 0, Workers: 6
[12.537s][debug  ][gc,phases      ] GC(43)     Total                          Min: 0, Avg:  0.5, Max: 3, Diff: 3, Sum: 3, Workers: 6
[12.537s][debug  ][gc,phases      ] GC(43)   JVMTI Tag Weak OopStorage      Min:  0.0, Avg:  0.0, Max:  0.0, Diff:  0.0, Sum:  0.0, Workers: 6
[12.537s][debug  ][gc,phases      ] GC(43)     Dead                           Min: 0, Avg:  0.0, Max: 0, Diff: 0, Sum: 0, Workers: 6
[12.538s][debug  ][gc,phases      ] GC(43)     Total                          Min: 0, Avg:  0.0, Max: 0, Diff: 0, Sum: 0, Workers: 6
[12.538s][debug  ][gc,phases      ] GC(43)   StringTable Weak               Min:  0.0, Avg:  0.0, Max:  0.0, Diff:  0.0, Sum:  0.0, Workers: 6
[12.538s][debug  ][gc,phases      ] GC(43)     Dead                           Min: 0, Avg:  0.0, Max: 0, Diff: 0, Sum: 0, Workers: 6
[12.538s][debug  ][gc,phases      ] GC(43)     Total                          Min: 640, Avg: 892.5, Max: 1280, Diff: 640, Sum: 5355, Workers: 6
[12.538s][debug  ][gc,phases      ] GC(43)   ResolvedMethodTable Weak       Min:  0.0, Avg:  0.0, Max:  0.0, Diff:  0.0, Sum:  0.0, Workers: 6
[12.538s][debug  ][gc,phases      ] GC(43)     Dead                           Min: 0, Avg:  0.0, Max: 0, Diff: 0, Sum: 0, Workers: 6
[12.538s][debug  ][gc,phases      ] GC(43)     Total                          Min: 0, Avg: 21.7, Max: 64, Diff: 64, Sum: 130, Workers: 6
[12.538s][debug  ][gc,phases      ] GC(43)   JNI Weak                       Min:  0.0, Avg:  0.0, Max:  0.0, Diff:  0.0, Sum:  0.0, Workers: 6
[12.538s][debug  ][gc,phases      ] GC(43)     Dead                           Min: 0, Avg:  0.0, Max: 0, Diff: 0, Sum: 0, Workers: 6
[12.538s][debug  ][gc,phases      ] GC(43)     Total                          Min: 0, Avg:  0.0, Max: 0, Diff: 0, Sum: 0, Workers: 6
[12.538s][debug  ][gc,phases      ] GC(43)   StringDedup Table Weak         Min:  0.0, Avg:  0.0, Max:  0.0, Diff:  0.0, Sum:  0.0, Workers: 6
[12.538s][debug  ][gc,phases      ] GC(43)     Dead                           Min: 0, Avg:  0.0, Max: 0, Diff: 0, Sum: 0, Workers: 6
[12.538s][debug  ][gc,phases      ] GC(43)     Total                          Min: 0, Avg:  0.0, Max: 0, Diff: 0, Sum: 0, Workers: 6
[12.538s][debug  ][gc,phases      ] GC(43)   StringDedup Requests0 Weak     Min:  0.0, Avg:  0.0, Max:  0.0, Diff:  0.0, Sum:  0.0, Workers: 6
[12.538s][debug  ][gc,phases      ] GC(43)     Dead                           Min: 0, Avg:  0.0, Max: 0, Diff: 0, Sum: 0, Workers: 6
[12.538s][debug  ][gc,phases      ] GC(43)     Total                          Min: 0, Avg:  0.0, Max: 0, Diff: 0, Sum: 0, Workers: 6
[12.538s][debug  ][gc,phases      ] GC(43)   StringDedup Requests1 Weak     Min:  0.0, Avg:  0.0, Max:  0.0, Diff:  0.0, Sum:  0.0, Workers: 6
[12.538s][debug  ][gc,phases      ] GC(43)     Dead                           Min: 0, Avg:  0.0, Max: 0, Diff: 0, Sum: 0, Workers: 6
[12.538s][debug  ][gc,phases      ] GC(43)     Total                          Min: 0, Avg:  0.0, Max: 0, Diff: 0, Sum: 0, Workers: 6
[12.538s][debug  ][gc,phases      ] GC(43)   Weak JFR Old Object Samples    Min:  0.0, Avg:  0.0, Max:  0.0, Diff:  0.0, Sum:  0.0, Workers: 6
[12.538s][debug  ][gc,phases      ] GC(43)     Dead                           Min: 0, Avg:  0.0, Max: 0, Diff: 0, Sum: 0, Workers: 6
[12.538s][debug  ][gc,phases      ] GC(43)     Total                          Min: 0, Avg:  0.0, Max: 0, Diff: 0, Sum: 0, Workers: 6
[12.538s][debug  ][gc,phases      ] GC(43) Weak Processing 0.836ms
[12.538s][debug  ][gc,ergo        ] GC(43) AdaptiveSizeStart:  collection: 44 
[12.538s][debug  ][gc,ergo        ] GC(43) avg_survived_padded_avg: 32004294.000000
[12.538s][debug  ][gc,ergo        ] GC(43) avg_promoted_padded_avg: 246131424.000000  avg_pretenured_padded_avg: 0.000000  tenuring_thresh: 1  target_size: 32505856
[12.538s][debug  ][gc,age         ] GC(43) Desired survivor size 32505856 bytes, new threshold 1 (max threshold 15)
[12.538s][debug  ][gc,ergo        ] GC(43) PSAdaptiveSizePolicy::compute_eden_space_size limits: desired_eden_size: 237415649 old_eden_size: 203423744 eden_limit: 203423744 cur_eden: 203423744 max_eden_size: 203423744 avg_young_live: 24963032
[12.538s][debug  ][gc,ergo        ] GC(43) PSAdaptiveSizePolicy::compute_eden_space_size: costs minor_time: 0.052579 major_cost: 0.026085 mutator_cost: 0.921335 throughput_goal: 0.990000
[12.538s][debug  ][gc,ergo        ] GC(43) Live_space: 814467584 free_space: 586678272
[12.538s][debug  ][gc,ergo        ] GC(43) Old eden_size: 203423744 desired_eden_size: 203423744
[12.538s][debug  ][gc,ergo        ] GC(43) AdaptiveSizeStop: collection: 44 
[12.538s][info   ][gc,heap        ] GC(43) PSYoungGen: 229109K(230400K)->30720K(230400K) Eden: 198389K(198656K)->0K(198656K) From: 30720K(31744K)->30720K(31744K)
[12.538s][info   ][gc,heap        ] GC(43) ParOldGen: 708196K(961024K)->902756K(961024K)
[12.538s][info   ][gc,metaspace   ] GC(43) Metaspace: 1021K(1216K)->1021K(1216K) NonClass: 938K(1024K)->938K(1024K) Class: 83K(192K)->83K(192K)
[12.538s][info   ][gc             ] GC(43) Pause Young (Allocation Failure) 915M->911M(1163M) 17.603ms
[12.538s][info   ][gc,cpu         ] GC(43) User=0.14s Sys=0.02s Real=0.02s
[12.538s][debug  ][gc,heap        ] GC(43) Heap after GC invocations=44 (full 6):
[12.538s][debug  ][gc,heap        ] GC(43)  PSYoungGen      total 230400K, used 30720K [0x00000007f0000000, 0x0000000800000000, 0x0000000800000000)
[12.539s][debug  ][gc,heap        ] GC(43)   eden space 198656K, 0% used [0x00000007f0000000,0x00000007f0000000,0x00000007fc200000)
[12.539s][debug  ][gc,heap        ] GC(43)   from space 31744K, 96% used [0x00000007fe100000,0x00000007fff00030,0x0000000800000000)
[12.539s][debug  ][gc,heap        ] GC(43)   to   space 31744K, 0% used [0x00000007fc200000,0x00000007fc200000,0x00000007fe100000)
[12.539s][debug  ][gc,heap        ] GC(43)  ParOldGen       total 961024K, used 902756K [0x0000000700000000, 0x000000073aa80000, 0x00000007f0000000)
[12.539s][debug  ][gc,heap        ] GC(43)   object space 961024K, 93% used [0x0000000700000000,0x0000000737199178,0x000000073aa80000)
[12.539s][debug  ][gc,heap        ] GC(43)  Metaspace       used 1021K, committed 1216K, reserved 1056768K
[12.539s][debug  ][gc,heap        ] GC(43)   class space    used 83K, committed 192K, reserved 1048576K
[12.539s][debug  ][gc,task,time   ] GC(43) VM-Thread 125203357 125365834 125386809
[12.539s][debug  ][gc,phases,start] GC(44) Pre Compact
[12.539s][debug  ][gc,heap        ] GC(44) Heap before GC invocations=45 (full 7):
[12.539s][debug  ][gc,heap        ] GC(44)  PSYoungGen      total 230400K, used 30720K [0x00000007f0000000, 0x0000000800000000, 0x0000000800000000)
[12.539s][debug  ][gc,heap        ] GC(44)   eden space 198656K, 0% used [0x00000007f0000000,0x00000007f0000000,0x00000007fc200000)
[12.539s][debug  ][gc,heap        ] GC(44)   from space 31744K, 96% used [0x00000007fe100000,0x00000007fff00030,0x0000000800000000)
[12.539s][debug  ][gc,heap        ] GC(44)   to   space 31744K, 0% used [0x00000007fc200000,0x00000007fc200000,0x00000007fe100000)
[12.539s][debug  ][gc,heap        ] GC(44)  ParOldGen       total 961024K, used 902756K [0x0000000700000000, 0x000000073aa80000, 0x00000007f0000000)
[12.539s][debug  ][gc,heap        ] GC(44)   object space 961024K, 93% used [0x0000000700000000,0x0000000737199178,0x000000073aa80000)
[12.539s][debug  ][gc,heap        ] GC(44)  Metaspace       used 1021K, committed 1216K, reserved 1056768K
[12.539s][debug  ][gc,heap        ] GC(44)   class space    used 83K, committed 192K, reserved 1048576K
[12.539s][debug  ][gc,phases      ] GC(44) Pre Compact 0.261ms
[12.539s][info   ][gc,start       ] GC(44) Pause Full (Ergonomics)
[12.539s][info   ][gc,phases,start] GC(44) Marking Phase
[12.539s][debug  ][gc,phases,start] GC(44) Par Mark
[12.540s][debug  ][gc,phases      ] GC(44) Par Mark 0.483ms
[12.540s][debug  ][gc,phases,start] GC(44) Reference Processing
[12.540s][debug  ][gc,ref         ] GC(44) Skipped phase 1 of Reference Processing: no references
[12.540s][debug  ][gc,ref         ] GC(44) ReferenceProcessor::execute queues: 1, RefProcThreadModel::Single, marks_oops_alive: false
[12.540s][debug  ][gc,ref         ] GC(44) Skipped phase 3 of Reference Processing: no references
[12.540s][debug  ][gc,ref         ] GC(44) ReferenceProcessor::execute queues: 1, RefProcThreadModel::Single, marks_oops_alive: false
[12.540s][debug  ][gc,phases,ref  ] GC(44) Reference Processing: 0.1ms
[12.540s][debug  ][gc,phases,ref  ] GC(44)   Reconsider SoftReferences: 0.0ms
[12.540s][debug  ][gc,phases,ref  ] GC(44)     SoftRef (ms):                  skipped
[12.540s][debug  ][gc,phases,ref  ] GC(44)   Notify Soft/WeakReferences: 0.0ms
[12.540s][debug  ][gc,phases,ref  ] GC(44)     SoftRef (ms):                  Min:  0.0, Avg:  0.0, Max:  0.0, Diff:  0.0, Sum:  0.0, Workers: 10
[12.540s][debug  ][gc,phases,ref  ] GC(44)     WeakRef (ms):                  Min:  0.0, Avg:  0.0, Max:  0.0, Diff:  0.0, Sum:  0.0, Workers: 10
[12.540s][debug  ][gc,phases,ref  ] GC(44)     FinalRef (ms):                 Min:  0.0, Avg:  0.0, Max:  0.0, Diff:  0.0, Sum:  0.0, Workers: 10
[12.540s][debug  ][gc,phases,ref  ] GC(44)     Total (ms):                    Min:  0.0, Avg:  0.0, Max:  0.0, Diff:  0.0, Sum:  0.0, Workers: 10
[12.540s][debug  ][gc,phases,ref  ] GC(44)   Notify and keep alive finalizable: 0.0ms
[12.540s][debug  ][gc,phases,ref  ] GC(44)     FinalRef (ms):                 skipped
[12.540s][debug  ][gc,phases,ref  ] GC(44)   Notify PhantomReferences: 0.0ms
[12.540s][debug  ][gc,phases,ref  ] GC(44)     PhantomRef (ms):               Min:  0.0, Avg:  0.0, Max:  0.0, Diff:  0.0, Sum:  0.0, Workers: 10
[12.540s][debug  ][gc,phases,ref  ] GC(44)   SoftReference:
[12.540s][debug  ][gc,phases,ref  ] GC(44)     Discovered: 0
[12.540s][debug  ][gc,phases,ref  ] GC(44)     Cleared: 0
[12.540s][debug  ][gc,phases,ref  ] GC(44)   WeakReference:
[12.540s][debug  ][gc,phases,ref  ] GC(44)     Discovered: 66
[12.540s][debug  ][gc,phases,ref  ] GC(44)     Cleared: 66
[12.540s][debug  ][gc,phases,ref  ] GC(44)   FinalReference:
[12.540s][debug  ][gc,phases,ref  ] GC(44)     Discovered: 0
[12.540s][debug  ][gc,phases,ref  ] GC(44)     Cleared: 0
[12.540s][debug  ][gc,phases,ref  ] GC(44)   PhantomReference:
[12.540s][debug  ][gc,phases,ref  ] GC(44)     Discovered: 5
[12.540s][debug  ][gc,phases,ref  ] GC(44)     Cleared: 5
[12.540s][debug  ][gc,phases      ] GC(44) Reference Processing 0.592ms
[12.540s][debug  ][gc,phases,start] GC(44) Weak Processing
[12.540s][debug  ][gc,phases      ] GC(44)   VM Weak                        Min:  0.0, Avg:  0.0, Max:  0.0, Diff:  0.0, Sum:  0.0, Workers: 6
[12.540s][debug  ][gc,phases      ] GC(44)     Dead                           Min: 0, Avg:  0.0, Max: 0, Diff: 0, Sum: 0, Workers: 6
[12.540s][debug  ][gc,phases      ] GC(44)     Total                          Min: 0, Avg:  1.3, Max: 8, Diff: 8, Sum: 8, Workers: 6
[12.540s][debug  ][gc,phases      ] GC(44)   ObjectSynchronizer Weak        Min:  0.0, Avg:  0.0, Max:  0.0, Diff:  0.0, Sum:  0.0, Workers: 6
[12.540s][debug  ][gc,phases      ] GC(44)     Dead                           Min: 0, Avg:  0.0, Max: 0, Diff: 0, Sum: 0, Workers: 6
[12.540s][debug  ][gc,phases      ] GC(44)     Total                          Min: 0, Avg:  0.5, Max: 3, Diff: 3, Sum: 3, Workers: 6
[12.540s][debug  ][gc,phases      ] GC(44)   JVMTI Tag Weak OopStorage      Min:  0.0, Avg:  0.0, Max:  0.0, Diff:  0.0, Sum:  0.0, Workers: 6
[12.540s][debug  ][gc,phases      ] GC(44)     Dead                           Min: 0, Avg:  0.0, Max: 0, Diff: 0, Sum: 0, Workers: 6
[12.540s][debug  ][gc,phases      ] GC(44)     Total                          Min: 0, Avg:  0.0, Max: 0, Diff: 0, Sum: 0, Workers: 6
[12.541s][debug  ][gc,phases      ] GC(44)   StringTable Weak               Min:  0.0, Avg:  0.0, Max:  0.0, Diff:  0.0, Sum:  0.0, Workers: 6
[12.541s][debug  ][gc,phases      ] GC(44)     Dead                           Min: 0, Avg:  0.0, Max: 0, Diff: 0, Sum: 0, Workers: 6
[12.541s][debug  ][gc,phases      ] GC(44)     Total                          Min: 576, Avg: 892.5, Max: 1280, Diff: 704, Sum: 5355, Workers: 6
[12.541s][debug  ][gc,phases      ] GC(44)   ResolvedMethodTable Weak       Min:  0.0, Avg:  0.0, Max:  0.0, Diff:  0.0, Sum:  0.0, Workers: 6
[12.541s][debug  ][gc,phases      ] GC(44)     Dead                           Min: 0, Avg:  0.0, Max: 0, Diff: 0, Sum: 0, Workers: 6
[12.541s][debug  ][gc,phases      ] GC(44)     Total                          Min: 0, Avg: 21.7, Max: 64, Diff: 64, Sum: 130, Workers: 6
[12.541s][debug  ][gc,phases      ] GC(44)   JNI Weak                       Min:  0.0, Avg:  0.0, Max:  0.0, Diff:  0.0, Sum:  0.0, Workers: 6
[12.541s][debug  ][gc,phases      ] GC(44)     Dead                           Min: 0, Avg:  0.0, Max: 0, Diff: 0, Sum: 0, Workers: 6
[12.541s][debug  ][gc,phases      ] GC(44)     Total                          Min: 0, Avg:  0.0, Max: 0, Diff: 0, Sum: 0, Workers: 6
[12.541s][debug  ][gc,phases      ] GC(44)   StringDedup Table Weak         Min:  0.0, Avg:  0.0, Max:  0.0, Diff:  0.0, Sum:  0.0, Workers: 6
[12.541s][debug  ][gc,phases      ] GC(44)     Dead                           Min: 0, Avg:  0.0, Max: 0, Diff: 0, Sum: 0, Workers: 6
[12.541s][debug  ][gc,phases      ] GC(44)     Total                          Min: 0, Avg:  0.0, Max: 0, Diff: 0, Sum: 0, Workers: 6
[12.541s][debug  ][gc,phases      ] GC(44)   StringDedup Requests0 Weak     Min:  0.0, Avg:  0.0, Max:  0.0, Diff:  0.0, Sum:  0.0, Workers: 6
[12.541s][debug  ][gc,phases      ] GC(44)     Dead                           Min: 0, Avg:  0.0, Max: 0, Diff: 0, Sum: 0, Workers: 6
[12.541s][debug  ][gc,phases      ] GC(44)     Total                          Min: 0, Avg:  0.0, Max: 0, Diff: 0, Sum: 0, Workers: 6
[12.541s][debug  ][gc,phases      ] GC(44)   StringDedup Requests1 Weak     Min:  0.0, Avg:  0.0, Max:  0.0, Diff:  0.0, Sum:  0.0, Workers: 6
[12.541s][debug  ][gc,phases      ] GC(44)     Dead                           Min: 0, Avg:  0.0, Max: 0, Diff: 0, Sum: 0, Workers: 6
[12.541s][debug  ][gc,phases      ] GC(44)     Total                          Min: 0, Avg:  0.0, Max: 0, Diff: 0, Sum: 0, Workers: 6
[12.541s][debug  ][gc,phases      ] GC(44)   Weak JFR Old Object Samples    Min:  0.0, Avg:  0.0, Max:  0.0, Diff:  0.0, Sum:  0.0, Workers: 6
[12.541s][debug  ][gc,phases      ] GC(44)     Dead                           Min: 0, Avg:  0.0, Max: 0, Diff: 0, Sum: 0, Workers: 6
[12.541s][debug  ][gc,phases      ] GC(44)     Total                          Min: 0, Avg:  0.0, Max: 0, Diff: 0, Sum: 0, Workers: 6
[12.541s][debug  ][gc,phases      ] GC(44) Weak Processing 0.912ms
[12.541s][debug  ][gc,phases,start] GC(44) Class Unloading
[12.541s][debug  ][gc,phases,start] GC(44) ClassLoaderData
[12.541s][debug  ][gc,phases      ] GC(44) ClassLoaderData 0.019ms
[12.541s][debug  ][gc,phases,start] GC(44) Trigger cleanups
[12.541s][debug  ][gc,phases      ] GC(44) Trigger cleanups 0.019ms
[12.541s][debug  ][gc,phases      ] GC(44) Class Unloading 0.256ms
[12.541s][info   ][gc,phases      ] GC(44) Marking Phase 2.380ms
[12.541s][info   ][gc,phases,start] GC(44) Summary Phase
[12.542s][info   ][gc,phases      ] GC(44) Summary Phase 0.043ms
[12.542s][info   ][gc,phases,start] GC(44) Adjust Roots
[12.542s][info   ][gc,phases      ] GC(44) Adjust Roots 0.136ms
[12.542s][info   ][gc,phases,start] GC(44) Compaction Phase
[12.545s][info   ][gc,phases      ] GC(44) Compaction Phase 3.441ms
[12.545s][info   ][gc,phases,start] GC(44) Post Compact
[12.549s][info   ][gc,phases      ] GC(44) Post Compact 3.534ms
[12.549s][debug  ][gc,ergo        ] GC(44) AdaptiveSizeStart: collection: 45 
[12.549s][debug  ][gc,ergo        ] GC(44) PSAdaptiveSizePolicy::compute_eden_space_size limits: desired_eden_size: 239227862 old_eden_size: 203423744 eden_limit: 203423744 cur_eden: 203423744 max_eden_size: 203423744 avg_young_live: 22466728
[12.549s][debug  ][gc,ergo        ] GC(44) PSAdaptiveSizePolicy::compute_eden_space_size: costs minor_time: 0.052579 major_cost: 0.022104 mutator_cost: 0.925317 throughput_goal: 0.990000
[12.549s][debug  ][gc,ergo        ] GC(44) Live_space: 811971264 free_space: 586678272
[12.549s][debug  ][gc,ergo        ] GC(44) Old eden_size: 203423744 desired_eden_size: 203423744
[12.549s][debug  ][gc,ergo        ] GC(44) PSAdaptiveSizePolicy::compute_old_gen_free_space: costs minor_time: 0.052579 major_cost: 0.022104  mutator_cost: 0.925317 throughput_goal: 0.990000
[12.549s][debug  ][gc,ergo        ] GC(44) Live_space: 872844800 free_space: 586678272
[12.549s][debug  ][gc,ergo        ] GC(44) Old promo_size: 383254528 desired_promo_size: 417857536
[12.550s][debug  ][gc             ] GC(44) Expanding ParOldGen from 961024K by 621056K to 1582080K
[12.550s][debug  ][gc,ergo        ] GC(44) AdaptiveSizeStop: collection: 45 
[12.550s][info   ][gc,heap        ] GC(44) PSYoungGen: 30720K(230400K)->0K(230400K) Eden: 0K(198656K)->0K(198656K) From: 30720K(31744K)->0K(31744K)
[12.550s][info   ][gc,heap        ] GC(44) ParOldGen: 902756K(961024K)->933476K(1582080K)
[12.550s][info   ][gc,metaspace   ] GC(44) Metaspace: 1021K(1216K)->1021K(1216K) NonClass: 938K(1024K)->938K(1024K) Class: 83K(192K)->83K(192K)
[12.551s][info   ][gc             ] GC(44) Pause Full (Ergonomics) 911M->911M(1770M) 11.523ms
[12.551s][info   ][gc,cpu         ] GC(44) User=0.00s Sys=0.00s Real=0.01s
[12.551s][debug  ][gc,heap        ] GC(44) Heap after GC invocations=45 (full 7):
[12.551s][debug  ][gc,heap        ] GC(44)  PSYoungGen      total 230400K, used 0K [0x00000007f0000000, 0x0000000800000000, 0x0000000800000000)
[12.551s][debug  ][gc,heap        ] GC(44)   eden space 198656K, 0% used [0x00000007f0000000,0x00000007f0000000,0x00000007fc200000)
[12.551s][debug  ][gc,heap        ] GC(44)   from space 31744K, 0% used [0x00000007fc200000,0x00000007fc200000,0x00000007fe100000)
[12.551s][debug  ][gc,heap        ] GC(44)   to   space 31744K, 0% used [0x00000007fe100000,0x00000007fe100000,0x0000000800000000)
[12.551s][debug  ][gc,heap        ] GC(44)  ParOldGen       total 1582080K, used 933476K [0x0000000700000000, 0x0000000760900000, 0x00000007f0000000)
[12.551s][debug  ][gc,heap        ] GC(44)   object space 1582080K, 59% used [0x0000000700000000,0x0000000738f991a8,0x0000000760900000)
[12.551s][debug  ][gc,heap        ] GC(44)  Metaspace       used 1021K, committed 1216K, reserved 1056768K
[12.551s][debug  ][gc,heap        ] GC(44)   class space    used 83K, committed 192K, reserved 1048576K
[12.551s][debug  ][gc,task,time   ] GC(44) VM-Thread 125390437 125417039 125506026
[12.854s][debug  ][gc,heap        ] GC(45) Heap before GC invocations=46 (full 7):
[12.854s][debug  ][gc,heap        ] GC(45)  PSYoungGen      total 230400K, used 198413K [0x00000007f0000000, 0x0000000800000000, 0x0000000800000000)
[12.854s][debug  ][gc,heap        ] GC(45)   eden space 198656K, 99% used [0x00000007f0000000,0x00000007fc1c3418,0x00000007fc200000)
[12.854s][debug  ][gc,heap        ] GC(45)   from space 31744K, 0% used [0x00000007fc200000,0x00000007fc200000,0x00000007fe100000)
[12.854s][debug  ][gc,heap        ] GC(45)   to   space 31744K, 0% used [0x00000007fe100000,0x00000007fe100000,0x0000000800000000)
[12.854s][debug  ][gc,heap        ] GC(45)  ParOldGen       total 1582080K, used 933476K [0x0000000700000000, 0x0000000760900000, 0x00000007f0000000)
[12.854s][debug  ][gc,heap        ] GC(45)   object space 1582080K, 59% used [0x0000000700000000,0x0000000738f991a8,0x0000000760900000)
[12.854s][debug  ][gc,heap        ] GC(45)  Metaspace       used 1022K, committed 1216K, reserved 1056768K
[12.854s][debug  ][gc,heap        ] GC(45)   class space    used 83K, committed 192K, reserved 1048576K
[12.854s][debug  ][gc,tlab        ] GC(45) TLAB totals: thrds: 1  refills: 1 max: 1 slow allocs: 18 max 18 waste: 27.3% gc: 3944024B max: 3944024B slow: 0B max: 0B
[12.854s][info   ][gc,start       ] GC(45) Pause Young (Allocation Failure)
[12.854s][debug  ][gc,phases,start] GC(45) Scavenge
[12.863s][debug  ][gc,phases      ] GC(45) Scavenge 8.773ms
[12.863s][debug  ][gc,phases,start] GC(45) Reference Processing
[12.863s][debug  ][gc,ref         ] GC(45) Skipped phase 1 of Reference Processing: no references
[12.863s][debug  ][gc,ref         ] GC(45) Skipped phase 2 of Reference Processing: no references
[12.863s][debug  ][gc,ref         ] GC(45) Skipped phase 3 of Reference Processing: no references
[12.863s][debug  ][gc,ref         ] GC(45) Skipped phase 4 of Reference Processing: no references
[12.863s][debug  ][gc,phases,ref  ] GC(45) Reference Processing: 0.1ms
[12.863s][debug  ][gc,phases,ref  ] GC(45)   Reconsider SoftReferences: 0.0ms
[12.863s][debug  ][gc,phases,ref  ] GC(45)     SoftRef (ms):                  skipped
[12.863s][debug  ][gc,phases,ref  ] GC(45)   Notify Soft/WeakReferences: 0.0ms
[12.863s][debug  ][gc,phases,ref  ] GC(45)     SoftRef (ms):                  skipped
[12.863s][debug  ][gc,phases,ref  ] GC(45)     WeakRef (ms):                  skipped
[12.863s][debug  ][gc,phases,ref  ] GC(45)     FinalRef (ms):                 skipped
[12.863s][debug  ][gc,phases,ref  ] GC(45)     Total (ms):                    skipped
[12.863s][debug  ][gc,phases,ref  ] GC(45)   Notify and keep alive finalizable: 0.0ms
[12.863s][debug  ][gc,phases,ref  ] GC(45)     FinalRef (ms):                 skipped
[12.863s][debug  ][gc,phases,ref  ] GC(45)   Notify PhantomReferences: 0.0ms
[12.863s][debug  ][gc,phases,ref  ] GC(45)     PhantomRef (ms):               skipped
[12.863s][debug  ][gc,phases,ref  ] GC(45)   SoftReference:
[12.863s][debug  ][gc,phases,ref  ] GC(45)     Discovered: 0
[12.863s][debug  ][gc,phases,ref  ] GC(45)     Cleared: 0
[12.863s][debug  ][gc,phases,ref  ] GC(45)   WeakReference:
[12.864s][debug  ][gc,phases,ref  ] GC(45)     Discovered: 0
[12.864s][debug  ][gc,phases,ref  ] GC(45)     Cleared: 0
[12.864s][debug  ][gc,phases,ref  ] GC(45)   FinalReference:
[12.864s][debug  ][gc,phases,ref  ] GC(45)     Discovered: 0
[12.864s][debug  ][gc,phases,ref  ] GC(45)     Cleared: 0
[12.864s][debug  ][gc,phases,ref  ] GC(45)   PhantomReference:
[12.864s][debug  ][gc,phases,ref  ] GC(45)     Discovered: 0
[12.864s][debug  ][gc,phases,ref  ] GC(45)     Cleared: 0
[12.864s][debug  ][gc,phases      ] GC(45) Reference Processing 0.715ms
[12.864s][debug  ][gc,phases,start] GC(45) Weak Processing
[12.864s][debug  ][gc,phases      ] GC(45)   VM Weak                        Min:  0.0, Avg:  0.0, Max:  0.0, Diff:  0.0, Sum:  0.0, Workers: 6
[12.864s][debug  ][gc,phases      ] GC(45)     Dead                           Min: 0, Avg:  0.0, Max: 0, Diff: 0, Sum: 0, Workers: 6
[12.864s][debug  ][gc,phases      ] GC(45)     Total                          Min: 0, Avg:  1.3, Max: 8, Diff: 8, Sum: 8, Workers: 6
[12.864s][debug  ][gc,phases      ] GC(45)   ObjectSynchronizer Weak        Min:  0.0, Avg:  0.0, Max:  0.0, Diff:  0.0, Sum:  0.0, Workers: 6
[12.864s][debug  ][gc,phases      ] GC(45)     Dead                           Min: 0, Avg:  0.0, Max: 0, Diff: 0, Sum: 0, Workers: 6
[12.864s][debug  ][gc,phases      ] GC(45)     Total                          Min: 0, Avg:  0.5, Max: 3, Diff: 3, Sum: 3, Workers: 6
[12.864s][debug  ][gc,phases      ] GC(45)   JVMTI Tag Weak OopStorage      Min:  0.0, Avg:  0.0, Max:  0.0, Diff:  0.0, Sum:  0.0, Workers: 6
[12.864s][debug  ][gc,phases      ] GC(45)     Dead                           Min: 0, Avg:  0.0, Max: 0, Diff: 0, Sum: 0, Workers: 6
[12.864s][debug  ][gc,phases      ] GC(45)     Total                          Min: 0, Avg:  0.0, Max: 0, Diff: 0, Sum: 0, Workers: 6
[12.864s][debug  ][gc,phases      ] GC(45)   StringTable Weak               Min:  0.0, Avg:  0.0, Max:  0.0, Diff:  0.0, Sum:  0.0, Workers: 6
[12.864s][debug  ][gc,phases      ] GC(45)     Dead                           Min: 0, Avg:  0.0, Max: 0, Diff: 0, Sum: 0, Workers: 6
[12.864s][debug  ][gc,phases      ] GC(45)     Total                          Min: 704, Avg: 892.5, Max: 1388, Diff: 684, Sum: 5355, Workers: 6
[12.864s][debug  ][gc,phases      ] GC(45)   ResolvedMethodTable Weak       Min:  0.0, Avg:  0.0, Max:  0.0, Diff:  0.0, Sum:  0.0, Workers: 6
[12.864s][debug  ][gc,phases      ] GC(45)     Dead                           Min: 0, Avg:  0.0, Max: 0, Diff: 0, Sum: 0, Workers: 6
[12.864s][debug  ][gc,phases      ] GC(45)     Total                          Min: 0, Avg: 21.7, Max: 64, Diff: 64, Sum: 130, Workers: 6
[12.864s][debug  ][gc,phases      ] GC(45)   JNI Weak                       Min:  0.0, Avg:  0.0, Max:  0.0, Diff:  0.0, Sum:  0.0, Workers: 6
[12.864s][debug  ][gc,phases      ] GC(45)     Dead                           Min: 0, Avg:  0.0, Max: 0, Diff: 0, Sum: 0, Workers: 6
[12.864s][debug  ][gc,phases      ] GC(45)     Total                          Min: 0, Avg:  0.0, Max: 0, Diff: 0, Sum: 0, Workers: 6
[12.864s][debug  ][gc,phases      ] GC(45)   StringDedup Table Weak         Min:  0.0, Avg:  0.0, Max:  0.0, Diff:  0.0, Sum:  0.0, Workers: 6
[12.864s][debug  ][gc,phases      ] GC(45)     Dead                           Min: 0, Avg:  0.0, Max: 0, Diff: 0, Sum: 0, Workers: 6
[12.864s][debug  ][gc,phases      ] GC(45)     Total                          Min: 0, Avg:  0.0, Max: 0, Diff: 0, Sum: 0, Workers: 6
[12.864s][debug  ][gc,phases      ] GC(45)   StringDedup Requests0 Weak     Min:  0.0, Avg:  0.0, Max:  0.0, Diff:  0.0, Sum:  0.0, Workers: 6
[12.864s][debug  ][gc,phases      ] GC(45)     Dead                           Min: 0, Avg:  0.0, Max: 0, Diff: 0, Sum: 0, Workers: 6
[12.864s][debug  ][gc,phases      ] GC(45)     Total                          Min: 0, Avg:  0.0, Max: 0, Diff: 0, Sum: 0, Workers: 6
[12.864s][debug  ][gc,phases      ] GC(45)   StringDedup Requests1 Weak     Min:  0.0, Avg:  0.0, Max:  0.0, Diff:  0.0, Sum:  0.0, Workers: 6
[12.864s][debug  ][gc,phases      ] GC(45)     Dead                           Min: 0, Avg:  0.0, Max: 0, Diff: 0, Sum: 0, Workers: 6
[12.864s][debug  ][gc,phases      ] GC(45)     Total                          Min: 0, Avg:  0.0, Max: 0, Diff: 0, Sum: 0, Workers: 6
[12.864s][debug  ][gc,phases      ] GC(45)   Weak JFR Old Object Samples    Min:  0.0, Avg:  0.0, Max:  0.0, Diff:  0.0, Sum:  0.0, Workers: 6
[12.865s][debug  ][gc,phases      ] GC(45)     Dead                           Min: 0, Avg:  0.0, Max: 0, Diff: 0, Sum: 0, Workers: 6
[12.865s][debug  ][gc,phases      ] GC(45)     Total                          Min: 0, Avg:  0.0, Max: 0, Diff: 0, Sum: 0, Workers: 6
[12.865s][debug  ][gc,phases      ] GC(45) Weak Processing 0.837ms
[12.865s][debug  ][gc,ergo        ] GC(45) AdaptiveSizeStart:  collection: 46 
[12.865s][debug  ][gc,ergo        ] GC(45) avg_survived_padded_avg: 31963362.000000
[12.865s][debug  ][gc,ergo        ] GC(45) avg_promoted_padded_avg: 255175440.000000  avg_pretenured_padded_avg: 0.000000  tenuring_thresh: 1  target_size: 31981568
[12.865s][debug  ][gc,age         ] GC(45) Desired survivor size 31981568 bytes, new threshold 1 (max threshold 15)
[12.865s][debug  ][gc,ergo        ] GC(45) PSAdaptiveSizePolicy::compute_eden_space_size limits: desired_eden_size: 238115876 old_eden_size: 203423744 eden_limit: 203423744 cur_eden: 203423744 max_eden_size: 203423744 avg_young_live: 23365788
[12.865s][debug  ][gc,ergo        ] GC(45) PSAdaptiveSizePolicy::compute_eden_space_size: costs minor_time: 0.047441 major_cost: 0.022104 mutator_cost: 0.930455 throughput_goal: 0.990000
[12.865s][debug  ][gc,ergo        ] GC(45) Live_space: 873743872 free_space: 621281280
[12.865s][debug  ][gc,ergo        ] GC(45) Old eden_size: 203423744 desired_eden_size: 203423744
[12.865s][debug  ][gc,ergo        ] GC(45) AdaptiveSizeStop: collection: 46 
[12.865s][info   ][gc,heap        ] GC(45) PSYoungGen: 198413K(230400K)->30720K(230912K) Eden: 198413K(198656K)->0K(199168K) From: 0K(31744K)->30720K(31744K)
[12.865s][info   ][gc,heap        ] GC(45) ParOldGen: 933476K(1582080K)->1005156K(1582080K)
[12.865s][info   ][gc,metaspace   ] GC(45) Metaspace: 1022K(1216K)->1022K(1216K) NonClass: 938K(1024K)->938K(1024K) Class: 83K(192K)->83K(192K)
[12.865s][info   ][gc             ] GC(45) Pause Young (Allocation Failure) 1105M->1011M(1770M) 10.839ms
[12.865s][info   ][gc,cpu         ] GC(45) User=0.00s Sys=0.00s Real=0.01s
[12.865s][debug  ][gc,heap        ] GC(45) Heap after GC invocations=46 (full 7):
[12.865s][debug  ][gc,heap        ] GC(45)  PSYoungGen      total 230912K, used 30720K [0x00000007f0000000, 0x0000000800000000, 0x0000000800000000)
[12.865s][debug  ][gc,heap        ] GC(45)   eden space 199168K, 0% used [0x00000007f0000000,0x00000007f0000000,0x00000007fc280000)
[12.865s][debug  ][gc,heap        ] GC(45)   from space 31744K, 96% used [0x00000007fe100000,0x00000007fff00030,0x0000000800000000)
[12.865s][debug  ][gc,heap        ] GC(45)   to   space 31232K, 0% used [0x00000007fc280000,0x00000007fc280000,0x00000007fe100000)
[12.865s][debug  ][gc,heap        ] GC(45)  ParOldGen       total 1582080K, used 1005156K [0x0000000700000000, 0x0000000760900000, 0x00000007f0000000)
[12.865s][debug  ][gc,heap        ] GC(45)   object space 1582080K, 63% used [0x0000000700000000,0x000000073d599218,0x0000000760900000)
[12.865s][debug  ][gc,heap        ] GC(45)  Metaspace       used 1022K, committed 1216K, reserved 1056768K
[12.865s][debug  ][gc,heap        ] GC(45)   class space    used 83K, committed 192K, reserved 1048576K
[12.865s][debug  ][gc,task,time   ] GC(45) VM-Thread 128536332 128629915 128651739
[13.170s][debug  ][gc,heap        ] GC(46) Heap before GC invocations=47 (full 7):
[13.170s][debug  ][gc,heap        ] GC(46)  PSYoungGen      total 230912K, used 229086K [0x00000007f0000000, 0x0000000800000000, 0x0000000800000000)
[13.170s][debug  ][gc,heap        ] GC(46)   eden space 199168K, 99% used [0x00000007f0000000,0x00000007fc1b78b8,0x00000007fc280000)
[13.171s][debug  ][gc,heap        ] GC(46)   from space 31744K, 96% used [0x00000007fe100000,0x00000007fff00030,0x0000000800000000)
[13.171s][debug  ][gc,heap        ] GC(46)   to   space 31232K, 0% used [0x00000007fc280000,0x00000007fc280000,0x00000007fe100000)
[13.171s][debug  ][gc,heap        ] GC(46)  ParOldGen       total 1582080K, used 1005156K [0x0000000700000000, 0x0000000760900000, 0x00000007f0000000)
[13.171s][debug  ][gc,heap        ] GC(46)   object space 1582080K, 63% used [0x0000000700000000,0x000000073d599218,0x0000000760900000)
[13.171s][debug  ][gc,heap        ] GC(46)  Metaspace       used 1022K, committed 1216K, reserved 1056768K
[13.171s][debug  ][gc,heap        ] GC(46)   class space    used 83K, committed 192K, reserved 1048576K
[13.171s][debug  ][gc,tlab        ] GC(46) TLAB totals: thrds: 1  refills: 1 max: 1 slow allocs: 18 max 18 waste: 27.1% gc: 3897224B max: 3897224B slow: 0B max: 0B
[13.171s][info   ][gc,start       ] GC(46) Pause Young (Allocation Failure)
[13.171s][debug  ][gc,phases,start] GC(46) Scavenge
[13.189s][debug  ][gc,phases      ] GC(46) Scavenge 18.064ms
[13.189s][debug  ][gc,phases,start] GC(46) Reference Processing
[13.189s][debug  ][gc,ref         ] GC(46) Skipped phase 1 of Reference Processing: no references
[13.189s][debug  ][gc,ref         ] GC(46) Skipped phase 2 of Reference Processing: no references
[13.189s][debug  ][gc,ref         ] GC(46) Skipped phase 3 of Reference Processing: no references
[13.189s][debug  ][gc,ref         ] GC(46) Skipped phase 4 of Reference Processing: no references
[13.189s][debug  ][gc,phases,ref  ] GC(46) Reference Processing: 0.1ms
[13.189s][debug  ][gc,phases,ref  ] GC(46)   Reconsider SoftReferences: 0.0ms
[13.189s][debug  ][gc,phases,ref  ] GC(46)     SoftRef (ms):                  skipped
[13.189s][debug  ][gc,phases,ref  ] GC(46)   Notify Soft/WeakReferences: 0.0ms
[13.189s][debug  ][gc,phases,ref  ] GC(46)     SoftRef (ms):                  skipped
[13.189s][debug  ][gc,phases,ref  ] GC(46)     WeakRef (ms):                  skipped
[13.189s][debug  ][gc,phases,ref  ] GC(46)     FinalRef (ms):                 skipped
[13.189s][debug  ][gc,phases,ref  ] GC(46)     Total (ms):                    skipped
[13.189s][debug  ][gc,phases,ref  ] GC(46)   Notify and keep alive finalizable: 0.0ms
[13.189s][debug  ][gc,phases,ref  ] GC(46)     FinalRef (ms):                 skipped
[13.189s][debug  ][gc,phases,ref  ] GC(46)   Notify PhantomReferences: 0.0ms
[13.189s][debug  ][gc,phases,ref  ] GC(46)     PhantomRef (ms):               skipped
[13.189s][debug  ][gc,phases,ref  ] GC(46)   SoftReference:
[13.189s][debug  ][gc,phases,ref  ] GC(46)     Discovered: 0
[13.189s][debug  ][gc,phases,ref  ] GC(46)     Cleared: 0
[13.189s][debug  ][gc,phases,ref  ] GC(46)   WeakReference:
[13.189s][debug  ][gc,phases,ref  ] GC(46)     Discovered: 0
[13.189s][debug  ][gc,phases,ref  ] GC(46)     Cleared: 0
[13.189s][debug  ][gc,phases,ref  ] GC(46)   FinalReference:
[13.189s][debug  ][gc,phases,ref  ] GC(46)     Discovered: 0
[13.189s][debug  ][gc,phases,ref  ] GC(46)     Cleared: 0
[13.190s][debug  ][gc,phases,ref  ] GC(46)   PhantomReference:
[13.190s][debug  ][gc,phases,ref  ] GC(46)     Discovered: 0
[13.190s][debug  ][gc,phases,ref  ] GC(46)     Cleared: 0
[13.190s][debug  ][gc,phases      ] GC(46) Reference Processing 0.623ms
[13.190s][debug  ][gc,phases,start] GC(46) Weak Processing
[13.190s][debug  ][gc,phases      ] GC(46)   VM Weak                        Min:  0.0, Avg:  0.0, Max:  0.0, Diff:  0.0, Sum:  0.0, Workers: 6
[13.190s][debug  ][gc,phases      ] GC(46)     Dead                           Min: 0, Avg:  0.0, Max: 0, Diff: 0, Sum: 0, Workers: 6
[13.190s][debug  ][gc,phases      ] GC(46)     Total                          Min: 0, Avg:  1.3, Max: 8, Diff: 8, Sum: 8, Workers: 6
[13.190s][debug  ][gc,phases      ] GC(46)   ObjectSynchronizer Weak        Min:  0.0, Avg:  0.0, Max:  0.0, Diff:  0.0, Sum:  0.0, Workers: 6
[13.190s][debug  ][gc,phases      ] GC(46)     Dead                           Min: 0, Avg:  0.0, Max: 0, Diff: 0, Sum: 0, Workers: 6
[13.190s][debug  ][gc,phases      ] GC(46)     Total                          Min: 0, Avg:  0.5, Max: 3, Diff: 3, Sum: 3, Workers: 6
[13.190s][debug  ][gc,phases      ] GC(46)   JVMTI Tag Weak OopStorage      Min:  0.0, Avg:  0.0, Max:  0.0, Diff:  0.0, Sum:  0.0, Workers: 6
[13.190s][debug  ][gc,phases      ] GC(46)     Dead                           Min: 0, Avg:  0.0, Max: 0, Diff: 0, Sum: 0, Workers: 6
[13.190s][debug  ][gc,phases      ] GC(46)     Total                          Min: 0, Avg:  0.0, Max: 0, Diff: 0, Sum: 0, Workers: 6
[13.190s][debug  ][gc,phases      ] GC(46)   StringTable Weak               Min:  0.0, Avg:  0.0, Max:  0.0, Diff:  0.0, Sum:  0.0, Workers: 6
[13.190s][debug  ][gc,phases      ] GC(46)     Dead                           Min: 0, Avg:  0.0, Max: 0, Diff: 0, Sum: 0, Workers: 6
[13.190s][debug  ][gc,phases      ] GC(46)     Total                          Min: 703, Avg: 892.5, Max: 1280, Diff: 577, Sum: 5355, Workers: 6
[13.190s][debug  ][gc,phases      ] GC(46)   ResolvedMethodTable Weak       Min:  0.0, Avg:  0.0, Max:  0.0, Diff:  0.0, Sum:  0.0, Workers: 6
[13.190s][debug  ][gc,phases      ] GC(46)     Dead                           Min: 0, Avg:  0.0, Max: 0, Diff: 0, Sum: 0, Workers: 6
[13.190s][debug  ][gc,phases      ] GC(46)     Total                          Min: 0, Avg: 21.7, Max: 64, Diff: 64, Sum: 130, Workers: 6
[13.190s][debug  ][gc,phases      ] GC(46)   JNI Weak                       Min:  0.0, Avg:  0.0, Max:  0.0, Diff:  0.0, Sum:  0.0, Workers: 6
[13.190s][debug  ][gc,phases      ] GC(46)     Dead                           Min: 0, Avg:  0.0, Max: 0, Diff: 0, Sum: 0, Workers: 6
[13.190s][debug  ][gc,phases      ] GC(46)     Total                          Min: 0, Avg:  0.0, Max: 0, Diff: 0, Sum: 0, Workers: 6
[13.190s][debug  ][gc,phases      ] GC(46)   StringDedup Table Weak         Min:  0.0, Avg:  0.0, Max:  0.0, Diff:  0.0, Sum:  0.0, Workers: 6
[13.190s][debug  ][gc,phases      ] GC(46)     Dead                           Min: 0, Avg:  0.0, Max: 0, Diff: 0, Sum: 0, Workers: 6
[13.190s][debug  ][gc,phases      ] GC(46)     Total                          Min: 0, Avg:  0.0, Max: 0, Diff: 0, Sum: 0, Workers: 6
[13.190s][debug  ][gc,phases      ] GC(46)   StringDedup Requests0 Weak     Min:  0.0, Avg:  0.0, Max:  0.0, Diff:  0.0, Sum:  0.0, Workers: 6
[13.190s][debug  ][gc,phases      ] GC(46)     Dead                           Min: 0, Avg:  0.0, Max: 0, Diff: 0, Sum: 0, Workers: 6
[13.190s][debug  ][gc,phases      ] GC(46)     Total                          Min: 0, Avg:  0.0, Max: 0, Diff: 0, Sum: 0, Workers: 6
[13.190s][debug  ][gc,phases      ] GC(46)   StringDedup Requests1 Weak     Min:  0.0, Avg:  0.0, Max:  0.0, Diff:  0.0, Sum:  0.0, Workers: 6
[13.190s][debug  ][gc,phases      ] GC(46)     Dead                           Min: 0, Avg:  0.0, Max: 0, Diff: 0, Sum: 0, Workers: 6
[13.190s][debug  ][gc,phases      ] GC(46)     Total                          Min: 0, Avg:  0.0, Max: 0, Diff: 0, Sum: 0, Workers: 6
[13.190s][debug  ][gc,phases      ] GC(46)   Weak JFR Old Object Samples    Min:  0.0, Avg:  0.0, Max:  0.0, Diff:  0.0, Sum:  0.0, Workers: 6
[13.190s][debug  ][gc,phases      ] GC(46)     Dead                           Min: 0, Avg:  0.0, Max: 0, Diff: 0, Sum: 0, Workers: 6
[13.190s][debug  ][gc,phases      ] GC(46)     Total                          Min: 0, Avg:  0.0, Max: 0, Diff: 0, Sum: 0, Workers: 6
[13.190s][debug  ][gc,phases      ] GC(46) Weak Processing 0.825ms
[13.190s][debug  ][gc,ergo        ] GC(46) AdaptiveSizeStart:  collection: 47 
[13.191s][debug  ][gc,ergo        ] GC(46) avg_survived_padded_avg: 31925148.000000
[13.191s][debug  ][gc,ergo        ] GC(46) avg_promoted_padded_avg: 259869376.000000  avg_pretenured_padded_avg: 0.000000  tenuring_thresh: 1  target_size: 31981568
[13.191s][debug  ][gc,age         ] GC(46) Desired survivor size 31981568 bytes, new threshold 1 (max threshold 15)
[13.191s][debug  ][gc,ergo        ] GC(46) PSAdaptiveSizePolicy::compute_eden_space_size limits: desired_eden_size: 239716211 old_eden_size: 203423744 eden_limit: 203948032 cur_eden: 203948032 max_eden_size: 203948032 avg_young_live: 24174942
[13.191s][debug  ][gc,ergo        ] GC(46) PSAdaptiveSizePolicy::compute_eden_space_size: costs minor_time: 0.050641 major_cost: 0.022104 mutator_cost: 0.927255 throughput_goal: 0.990000
[13.191s][debug  ][gc,ergo        ] GC(46) Live_space: 874552960 free_space: 621281280
[13.191s][debug  ][gc,ergo        ] GC(46) Old eden_size: 203423744 desired_eden_size: 203948032
[13.191s][debug  ][gc,ergo        ] GC(46) AdaptiveSizeStop: collection: 47 
[13.191s][info   ][gc,heap        ] GC(46) PSYoungGen: 229086K(230912K)->30720K(230400K) Eden: 198366K(199168K)->0K(199168K) From: 30720K(31744K)->30720K(31232K)
[13.191s][info   ][gc,heap        ] GC(46) ParOldGen: 1005156K(1582080K)->1199716K(1582080K)
[13.191s][info   ][gc,metaspace   ] GC(46) Metaspace: 1022K(1216K)->1022K(1216K) NonClass: 938K(1024K)->938K(1024K) Class: 83K(192K)->83K(192K)
[13.191s][info   ][gc             ] GC(46) Pause Young (Allocation Failure) 1205M->1201M(1770M) 19.984ms
[13.191s][info   ][gc,cpu         ] GC(46) User=0.08s Sys=0.08s Real=0.02s
[13.191s][debug  ][gc,heap        ] GC(46) Heap after GC invocations=47 (full 7):
[13.191s][debug  ][gc,heap        ] GC(46)  PSYoungGen      total 230400K, used 30720K [0x00000007f0000000, 0x0000000800000000, 0x0000000800000000)
[13.191s][debug  ][gc,heap        ] GC(46)   eden space 199168K, 0% used [0x00000007f0000000,0x00000007f0000000,0x00000007fc280000)
[13.191s][debug  ][gc,heap        ] GC(46)   from space 31232K, 98% used [0x00000007fc280000,0x00000007fe080030,0x00000007fe100000)
[13.191s][debug  ][gc,heap        ] GC(46)   to   space 31232K, 0% used [0x00000007fe180000,0x00000007fe180000,0x0000000800000000)
[13.191s][debug  ][gc,heap        ] GC(46)  ParOldGen       total 1582080K, used 1199716K [0x0000000700000000, 0x0000000760900000, 0x00000007f0000000)
[13.191s][debug  ][gc,heap        ] GC(46)   object space 1582080K, 75% used [0x0000000700000000,0x0000000749399348,0x0000000760900000)
[13.191s][debug  ][gc,heap        ] GC(46)  Metaspace       used 1022K, committed 1216K, reserved 1056768K
[13.191s][debug  ][gc,heap        ] GC(46)   class space    used 83K, committed 192K, reserved 1048576K
[13.191s][debug  ][gc,task,time   ] GC(46) VM-Thread 131703376 131889850 131910284
[13.490s][debug  ][gc,heap        ] GC(47) Heap before GC invocations=48 (full 7):
[13.490s][debug  ][gc,heap        ] GC(47)  PSYoungGen      total 230400K, used 229121K [0x00000007f0000000, 0x0000000800000000, 0x0000000800000000)
[13.490s][debug  ][gc,heap        ] GC(47)   eden space 199168K, 99% used [0x00000007f0000000,0x00000007fc1c0638,0x00000007fc280000)
[13.490s][debug  ][gc,heap        ] GC(47)   from space 31232K, 98% used [0x00000007fc280000,0x00000007fe080030,0x00000007fe100000)
[13.490s][debug  ][gc,heap        ] GC(47)   to   space 31232K, 0% used [0x00000007fe180000,0x00000007fe180000,0x0000000800000000)
[13.490s][debug  ][gc,heap        ] GC(47)  ParOldGen       total 1582080K, used 1199716K [0x0000000700000000, 0x0000000760900000, 0x00000007f0000000)
[13.490s][debug  ][gc,heap        ] GC(47)   object space 1582080K, 75% used [0x0000000700000000,0x0000000749399348,0x0000000760900000)
[13.490s][debug  ][gc,heap        ] GC(47)  Metaspace       used 1022K, committed 1216K, reserved 1056768K
[13.490s][debug  ][gc,heap        ] GC(47)   class space    used 83K, committed 192K, reserved 1048576K
[13.490s][debug  ][gc,tlab        ] GC(47) TLAB totals: thrds: 1  refills: 1 max: 1 slow allocs: 18 max 18 waste: 27.3% gc: 3933448B max: 3933448B slow: 0B max: 0B
[13.490s][info   ][gc,start       ] GC(47) Pause Young (Allocation Failure)
[13.490s][debug  ][gc,phases,start] GC(47) Scavenge
[13.509s][debug  ][gc,phases      ] GC(47) Scavenge 18.533ms
[13.509s][debug  ][gc,phases,start] GC(47) Reference Processing
[13.509s][debug  ][gc,ref         ] GC(47) Skipped phase 1 of Reference Processing: no references
[13.509s][debug  ][gc,ref         ] GC(47) Skipped phase 2 of Reference Processing: no references
[13.509s][debug  ][gc,ref         ] GC(47) Skipped phase 3 of Reference Processing: no references
[13.509s][debug  ][gc,ref         ] GC(47) Skipped phase 4 of Reference Processing: no references
[13.509s][debug  ][gc,phases,ref  ] GC(47) Reference Processing: 0.1ms
[13.509s][debug  ][gc,phases,ref  ] GC(47)   Reconsider SoftReferences: 0.0ms
[13.509s][debug  ][gc,phases,ref  ] GC(47)     SoftRef (ms):                  skipped
[13.509s][debug  ][gc,phases,ref  ] GC(47)   Notify Soft/WeakReferences: 0.0ms
[13.509s][debug  ][gc,phases,ref  ] GC(47)     SoftRef (ms):                  skipped
[13.509s][debug  ][gc,phases,ref  ] GC(47)     WeakRef (ms):                  skipped
[13.509s][debug  ][gc,phases,ref  ] GC(47)     FinalRef (ms):                 skipped
[13.509s][debug  ][gc,phases,ref  ] GC(47)     Total (ms):                    skipped
[13.509s][debug  ][gc,phases,ref  ] GC(47)   Notify and keep alive finalizable: 0.0ms
[13.509s][debug  ][gc,phases,ref  ] GC(47)     FinalRef (ms):                 skipped
[13.509s][debug  ][gc,phases,ref  ] GC(47)   Notify PhantomReferences: 0.0ms
[13.509s][debug  ][gc,phases,ref  ] GC(47)     PhantomRef (ms):               skipped
[13.509s][debug  ][gc,phases,ref  ] GC(47)   SoftReference:
[13.509s][debug  ][gc,phases,ref  ] GC(47)     Discovered: 0
[13.509s][debug  ][gc,phases,ref  ] GC(47)     Cleared: 0
[13.509s][debug  ][gc,phases,ref  ] GC(47)   WeakReference:
[13.509s][debug  ][gc,phases,ref  ] GC(47)     Discovered: 0
[13.509s][debug  ][gc,phases,ref  ] GC(47)     Cleared: 0
[13.509s][debug  ][gc,phases,ref  ] GC(47)   FinalReference:
[13.509s][debug  ][gc,phases,ref  ] GC(47)     Discovered: 0
[13.509s][debug  ][gc,phases,ref  ] GC(47)     Cleared: 0
[13.509s][debug  ][gc,phases,ref  ] GC(47)   PhantomReference:
[13.509s][debug  ][gc,phases,ref  ] GC(47)     Discovered: 0
[13.509s][debug  ][gc,phases,ref  ] GC(47)     Cleared: 0
[13.509s][debug  ][gc,phases      ] GC(47) Reference Processing 0.567ms
[13.509s][debug  ][gc,phases,start] GC(47) Weak Processing
[13.509s][debug  ][gc,phases      ] GC(47)   VM Weak                        Min:  0.0, Avg:  0.0, Max:  0.0, Diff:  0.0, Sum:  0.0, Workers: 6
[13.510s][debug  ][gc,phases      ] GC(47)     Dead                           Min: 0, Avg:  0.0, Max: 0, Diff: 0, Sum: 0, Workers: 6
[13.510s][debug  ][gc,phases      ] GC(47)     Total                          Min: 0, Avg:  1.3, Max: 8, Diff: 8, Sum: 8, Workers: 6
[13.510s][debug  ][gc,phases      ] GC(47)   ObjectSynchronizer Weak        Min:  0.0, Avg:  0.0, Max:  0.0, Diff:  0.0, Sum:  0.0, Workers: 6
[13.510s][debug  ][gc,phases      ] GC(47)     Dead                           Min: 0, Avg:  0.0, Max: 0, Diff: 0, Sum: 0, Workers: 6
[13.510s][debug  ][gc,phases      ] GC(47)     Total                          Min: 0, Avg:  0.5, Max: 3, Diff: 3, Sum: 3, Workers: 6
[13.510s][debug  ][gc,phases      ] GC(47)   JVMTI Tag Weak OopStorage      Min:  0.0, Avg:  0.0, Max:  0.0, Diff:  0.0, Sum:  0.0, Workers: 6
[13.510s][debug  ][gc,phases      ] GC(47)     Dead                           Min: 0, Avg:  0.0, Max: 0, Diff: 0, Sum: 0, Workers: 6
[13.510s][debug  ][gc,phases      ] GC(47)     Total                          Min: 0, Avg:  0.0, Max: 0, Diff: 0, Sum: 0, Workers: 6
[13.510s][debug  ][gc,phases      ] GC(47)   StringTable Weak               Min:  0.0, Avg:  0.0, Max:  0.0, Diff:  0.0, Sum:  0.0, Workers: 6
[13.510s][debug  ][gc,phases      ] GC(47)     Dead                           Min: 0, Avg:  0.0, Max: 0, Diff: 0, Sum: 0, Workers: 6
[13.510s][debug  ][gc,phases      ] GC(47)     Total                          Min: 767, Avg: 892.5, Max: 1132, Diff: 365, Sum: 5355, Workers: 6
[13.510s][debug  ][gc,phases      ] GC(47)   ResolvedMethodTable Weak       Min:  0.0, Avg:  0.0, Max:  0.0, Diff:  0.0, Sum:  0.0, Workers: 6
[13.510s][debug  ][gc,phases      ] GC(47)     Dead                           Min: 0, Avg:  0.0, Max: 0, Diff: 0, Sum: 0, Workers: 6
[13.510s][debug  ][gc,phases      ] GC(47)     Total                          Min: 0, Avg: 21.7, Max: 64, Diff: 64, Sum: 130, Workers: 6
[13.510s][debug  ][gc,phases      ] GC(47)   JNI Weak                       Min:  0.0, Avg:  0.0, Max:  0.0, Diff:  0.0, Sum:  0.0, Workers: 6
[13.510s][debug  ][gc,phases      ] GC(47)     Dead                           Min: 0, Avg:  0.0, Max: 0, Diff: 0, Sum: 0, Workers: 6
[13.510s][debug  ][gc,phases      ] GC(47)     Total                          Min: 0, Avg:  0.0, Max: 0, Diff: 0, Sum: 0, Workers: 6
[13.510s][debug  ][gc,phases      ] GC(47)   StringDedup Table Weak         Min:  0.0, Avg:  0.0, Max:  0.0, Diff:  0.0, Sum:  0.0, Workers: 6
[13.510s][debug  ][gc,phases      ] GC(47)     Dead                           Min: 0, Avg:  0.0, Max: 0, Diff: 0, Sum: 0, Workers: 6
[13.510s][debug  ][gc,phases      ] GC(47)     Total                          Min: 0, Avg:  0.0, Max: 0, Diff: 0, Sum: 0, Workers: 6
[13.510s][debug  ][gc,phases      ] GC(47)   StringDedup Requests0 Weak     Min:  0.0, Avg:  0.0, Max:  0.0, Diff:  0.0, Sum:  0.0, Workers: 6
[13.510s][debug  ][gc,phases      ] GC(47)     Dead                           Min: 0, Avg:  0.0, Max: 0, Diff: 0, Sum: 0, Workers: 6
[13.510s][debug  ][gc,phases      ] GC(47)     Total                          Min: 0, Avg:  0.0, Max: 0, Diff: 0, Sum: 0, Workers: 6
[13.510s][debug  ][gc,phases      ] GC(47)   StringDedup Requests1 Weak     Min:  0.0, Avg:  0.0, Max:  0.0, Diff:  0.0, Sum:  0.0, Workers: 6
[13.510s][debug  ][gc,phases      ] GC(47)     Dead                           Min: 0, Avg:  0.0, Max: 0, Diff: 0, Sum: 0, Workers: 6
[13.510s][debug  ][gc,phases      ] GC(47)     Total                          Min: 0, Avg:  0.0, Max: 0, Diff: 0, Sum: 0, Workers: 6
[13.510s][debug  ][gc,phases      ] GC(47)   Weak JFR Old Object Samples    Min:  0.0, Avg:  0.0, Max:  0.0, Diff:  0.0, Sum:  0.0, Workers: 6
[13.510s][debug  ][gc,phases      ] GC(47)     Dead                           Min: 0, Avg:  0.0, Max: 0, Diff: 0, Sum: 0, Workers: 6
[13.510s][debug  ][gc,phases      ] GC(47)     Total                          Min: 0, Avg:  0.0, Max: 0, Diff: 0, Sum: 0, Workers: 6
[13.510s][debug  ][gc,phases      ] GC(47) Weak Processing 0.683ms
[13.510s][debug  ][gc,ergo        ] GC(47) AdaptiveSizeStart:  collection: 48 
[13.510s][debug  ][gc,ergo        ] GC(47) avg_survived_padded_avg: 31889516.000000
[13.510s][debug  ][gc,ergo        ] GC(47) avg_promoted_padded_avg: 263065056.000000  avg_pretenured_padded_avg: 0.000000  tenuring_thresh: 1  target_size: 31981568
[13.510s][debug  ][gc,age         ] GC(47) Desired survivor size 31981568 bytes, new threshold 1 (max threshold 15)
[13.510s][debug  ][gc,ergo        ] GC(47) PSAdaptiveSizePolicy::compute_eden_space_size limits: desired_eden_size: 235861849 old_eden_size: 203948032 eden_limit: 204472320 cur_eden: 203948032 max_eden_size: 204472320 avg_young_live: 24903180
[13.510s][debug  ][gc,ergo        ] GC(47) PSAdaptiveSizePolicy::compute_eden_space_size: costs minor_time: 0.053543 major_cost: 0.022104 mutator_cost: 0.924354 throughput_goal: 0.990000
[13.510s][debug  ][gc,ergo        ] GC(47) Live_space: 875281216 free_space: 621805568
[13.510s][debug  ][gc,ergo        ] GC(47) Old eden_size: 203948032 desired_eden_size: 204472320
[13.510s][debug  ][gc,ergo        ] GC(47) AdaptiveSizeStop: collection: 48 
[13.510s][info   ][gc,heap        ] GC(47) PSYoungGen: 229121K(230400K)->30720K(230912K) Eden: 198401K(199168K)->0K(199680K) From: 30720K(31232K)->30720K(31232K)
[13.510s][info   ][gc,heap        ] GC(47) ParOldGen: 1199716K(1582080K)->1394277K(1582080K)
[13.510s][info   ][gc,metaspace   ] GC(47) Metaspace: 1022K(1216K)->1022K(1216K) NonClass: 938K(1024K)->938K(1024K) Class: 83K(192K)->83K(192K)
[13.510s][info   ][gc             ] GC(47) Pause Young (Allocation Failure) 1395M->1391M(1770M) 20.229ms
[13.510s][info   ][gc,cpu         ] GC(47) User=0.19s Sys=0.12s Real=0.02s
[13.511s][debug  ][gc,heap        ] GC(47) Heap after GC invocations=48 (full 7):
[13.511s][debug  ][gc,heap        ] GC(47)  PSYoungGen      total 230912K, used 30720K [0x00000007f0000000, 0x0000000800000000, 0x0000000800000000)
[13.511s][debug  ][gc,heap        ] GC(47)   eden space 199680K, 0% used [0x00000007f0000000,0x00000007f0000000,0x00000007fc300000)
[13.511s][debug  ][gc,heap        ] GC(47)   from space 31232K, 98% used [0x00000007fe180000,0x00000007fff80030,0x0000000800000000)
[13.511s][debug  ][gc,heap        ] GC(47)   to   space 31232K, 0% used [0x00000007fc300000,0x00000007fc300000,0x00000007fe180000)
[13.511s][debug  ][gc,heap        ] GC(47)  ParOldGen       total 1582080K, used 1394277K [0x0000000700000000, 0x0000000760900000, 0x00000007f0000000)
[13.511s][debug  ][gc,heap        ] GC(47)   object space 1582080K, 88% used [0x0000000700000000,0x0000000755199478,0x0000000760900000)
[13.511s][debug  ][gc,heap        ] GC(47)  Metaspace       used 1022K, committed 1216K, reserved 1056768K
[13.511s][debug  ][gc,heap        ] GC(47)   class space    used 83K, committed 192K, reserved 1048576K
[13.511s][debug  ][gc,task,time   ] GC(47) VM-Thread 134895080 135088501 135106921
[13.511s][debug  ][gc,phases,start] GC(48) Pre Compact
[13.511s][debug  ][gc,heap        ] GC(48) Heap before GC invocations=49 (full 8):
[13.511s][debug  ][gc,heap        ] GC(48)  PSYoungGen      total 230912K, used 30720K [0x00000007f0000000, 0x0000000800000000, 0x0000000800000000)
[13.511s][debug  ][gc,heap        ] GC(48)   eden space 199680K, 0% used [0x00000007f0000000,0x00000007f0000000,0x00000007fc300000)
[13.511s][debug  ][gc,heap        ] GC(48)   from space 31232K, 98% used [0x00000007fe180000,0x00000007fff80030,0x0000000800000000)
[13.511s][debug  ][gc,heap        ] GC(48)   to   space 31232K, 0% used [0x00000007fc300000,0x00000007fc300000,0x00000007fe180000)
[13.511s][debug  ][gc,heap        ] GC(48)  ParOldGen       total 1582080K, used 1394277K [0x0000000700000000, 0x0000000760900000, 0x00000007f0000000)
[13.511s][debug  ][gc,heap        ] GC(48)   object space 1582080K, 88% used [0x0000000700000000,0x0000000755199478,0x0000000760900000)
[13.511s][debug  ][gc,heap        ] GC(48)  Metaspace       used 1022K, committed 1216K, reserved 1056768K
[13.511s][debug  ][gc,heap        ] GC(48)   class space    used 83K, committed 192K, reserved 1048576K
[13.511s][debug  ][gc,phases      ] GC(48) Pre Compact 0.248ms
[13.511s][info   ][gc,start       ] GC(48) Pause Full (Ergonomics)
[13.511s][info   ][gc,phases,start] GC(48) Marking Phase
[13.511s][debug  ][gc,phases,start] GC(48) Par Mark
[13.512s][debug  ][gc,phases      ] GC(48) Par Mark 0.523ms
[13.512s][debug  ][gc,phases,start] GC(48) Reference Processing
[13.512s][debug  ][gc,ref         ] GC(48) Skipped phase 1 of Reference Processing: no references
[13.512s][debug  ][gc,ref         ] GC(48) ReferenceProcessor::execute queues: 1, RefProcThreadModel::Single, marks_oops_alive: false
[13.512s][debug  ][gc,ref         ] GC(48) Skipped phase 3 of Reference Processing: no references
[13.512s][debug  ][gc,ref         ] GC(48) ReferenceProcessor::execute queues: 1, RefProcThreadModel::Single, marks_oops_alive: false
[13.512s][debug  ][gc,phases,ref  ] GC(48) Reference Processing: 0.1ms
[13.512s][debug  ][gc,phases,ref  ] GC(48)   Reconsider SoftReferences: 0.0ms
[13.512s][debug  ][gc,phases,ref  ] GC(48)     SoftRef (ms):                  skipped
[13.512s][debug  ][gc,phases,ref  ] GC(48)   Notify Soft/WeakReferences: 0.0ms
[13.512s][debug  ][gc,phases,ref  ] GC(48)     SoftRef (ms):                  Min:  0.0, Avg:  0.0, Max:  0.0, Diff:  0.0, Sum:  0.0, Workers: 10
[13.512s][debug  ][gc,phases,ref  ] GC(48)     WeakRef (ms):                  Min:  0.0, Avg:  0.0, Max:  0.0, Diff:  0.0, Sum:  0.0, Workers: 10
[13.512s][debug  ][gc,phases,ref  ] GC(48)     FinalRef (ms):                 Min:  0.0, Avg:  0.0, Max:  0.0, Diff:  0.0, Sum:  0.0, Workers: 10
[13.512s][debug  ][gc,phases,ref  ] GC(48)     Total (ms):                    Min:  0.0, Avg:  0.0, Max:  0.0, Diff:  0.0, Sum:  0.0, Workers: 10
[13.512s][debug  ][gc,phases,ref  ] GC(48)   Notify and keep alive finalizable: 0.0ms
[13.512s][debug  ][gc,phases,ref  ] GC(48)     FinalRef (ms):                 skipped
[13.512s][debug  ][gc,phases,ref  ] GC(48)   Notify PhantomReferences: 0.0ms
[13.512s][debug  ][gc,phases,ref  ] GC(48)     PhantomRef (ms):               Min:  0.0, Avg:  0.0, Max:  0.0, Diff:  0.0, Sum:  0.0, Workers: 10
[13.512s][debug  ][gc,phases,ref  ] GC(48)   SoftReference:
[13.512s][debug  ][gc,phases,ref  ] GC(48)     Discovered: 0
[13.512s][debug  ][gc,phases,ref  ] GC(48)     Cleared: 0
[13.512s][debug  ][gc,phases,ref  ] GC(48)   WeakReference:
[13.512s][debug  ][gc,phases,ref  ] GC(48)     Discovered: 70
[13.512s][debug  ][gc,phases,ref  ] GC(48)     Cleared: 70
[13.512s][debug  ][gc,phases,ref  ] GC(48)   FinalReference:
[13.512s][debug  ][gc,phases,ref  ] GC(48)     Discovered: 0
[13.512s][debug  ][gc,phases,ref  ] GC(48)     Cleared: 0
[13.512s][debug  ][gc,phases,ref  ] GC(48)   PhantomReference:
[13.512s][debug  ][gc,phases,ref  ] GC(48)     Discovered: 3
[13.512s][debug  ][gc,phases,ref  ] GC(48)     Cleared: 3
[13.512s][debug  ][gc,phases      ] GC(48) Reference Processing 0.661ms
[13.512s][debug  ][gc,phases,start] GC(48) Weak Processing
[13.512s][debug  ][gc,phases      ] GC(48)   VM Weak                        Min:  0.0, Avg:  0.0, Max:  0.0, Diff:  0.0, Sum:  0.0, Workers: 6
[13.512s][debug  ][gc,phases      ] GC(48)     Dead                           Min: 0, Avg:  0.0, Max: 0, Diff: 0, Sum: 0, Workers: 6
[13.512s][debug  ][gc,phases      ] GC(48)     Total                          Min: 0, Avg:  1.3, Max: 8, Diff: 8, Sum: 8, Workers: 6
[13.512s][debug  ][gc,phases      ] GC(48)   ObjectSynchronizer Weak        Min:  0.0, Avg:  0.0, Max:  0.0, Diff:  0.0, Sum:  0.0, Workers: 6
[13.512s][debug  ][gc,phases      ] GC(48)     Dead                           Min: 0, Avg:  0.0, Max: 0, Diff: 0, Sum: 0, Workers: 6
[13.512s][debug  ][gc,phases      ] GC(48)     Total                          Min: 0, Avg:  0.5, Max: 3, Diff: 3, Sum: 3, Workers: 6
[13.512s][debug  ][gc,phases      ] GC(48)   JVMTI Tag Weak OopStorage      Min:  0.0, Avg:  0.0, Max:  0.0, Diff:  0.0, Sum:  0.0, Workers: 6
[13.512s][debug  ][gc,phases      ] GC(48)     Dead                           Min: 0, Avg:  0.0, Max: 0, Diff: 0, Sum: 0, Workers: 6
[13.513s][debug  ][gc,phases      ] GC(48)     Total                          Min: 0, Avg:  0.0, Max: 0, Diff: 0, Sum: 0, Workers: 6
[13.513s][debug  ][gc,phases      ] GC(48)   StringTable Weak               Min:  0.0, Avg:  0.0, Max:  0.0, Diff:  0.0, Sum:  0.0, Workers: 6
[13.513s][debug  ][gc,phases      ] GC(48)     Dead                           Min: 0, Avg:  0.0, Max: 0, Diff: 0, Sum: 0, Workers: 6
[13.513s][debug  ][gc,phases      ] GC(48)     Total                          Min: 703, Avg: 892.5, Max: 1324, Diff: 621, Sum: 5355, Workers: 6
[13.513s][debug  ][gc,phases      ] GC(48)   ResolvedMethodTable Weak       Min:  0.0, Avg:  0.0, Max:  0.0, Diff:  0.0, Sum:  0.0, Workers: 6
[13.513s][debug  ][gc,phases      ] GC(48)     Dead                           Min: 0, Avg:  0.0, Max: 0, Diff: 0, Sum: 0, Workers: 6
[13.513s][debug  ][gc,phases      ] GC(48)     Total                          Min: 0, Avg: 21.7, Max: 64, Diff: 64, Sum: 130, Workers: 6
[13.513s][debug  ][gc,phases      ] GC(48)   JNI Weak                       Min:  0.0, Avg:  0.0, Max:  0.0, Diff:  0.0, Sum:  0.0, Workers: 6
[13.513s][debug  ][gc,phases      ] GC(48)     Dead                           Min: 0, Avg:  0.0, Max: 0, Diff: 0, Sum: 0, Workers: 6
[13.513s][debug  ][gc,phases      ] GC(48)     Total                          Min: 0, Avg:  0.0, Max: 0, Diff: 0, Sum: 0, Workers: 6
[13.513s][debug  ][gc,phases      ] GC(48)   StringDedup Table Weak         Min:  0.0, Avg:  0.0, Max:  0.0, Diff:  0.0, Sum:  0.0, Workers: 6
[13.513s][debug  ][gc,phases      ] GC(48)     Dead                           Min: 0, Avg:  0.0, Max: 0, Diff: 0, Sum: 0, Workers: 6
[13.513s][debug  ][gc,phases      ] GC(48)     Total                          Min: 0, Avg:  0.0, Max: 0, Diff: 0, Sum: 0, Workers: 6
[13.513s][debug  ][gc,phases      ] GC(48)   StringDedup Requests0 Weak     Min:  0.0, Avg:  0.0, Max:  0.0, Diff:  0.0, Sum:  0.0, Workers: 6
[13.513s][debug  ][gc,phases      ] GC(48)     Dead                           Min: 0, Avg:  0.0, Max: 0, Diff: 0, Sum: 0, Workers: 6
[13.513s][debug  ][gc,phases      ] GC(48)     Total                          Min: 0, Avg:  0.0, Max: 0, Diff: 0, Sum: 0, Workers: 6
[13.513s][debug  ][gc,phases      ] GC(48)   StringDedup Requests1 Weak     Min:  0.0, Avg:  0.0, Max:  0.0, Diff:  0.0, Sum:  0.0, Workers: 6
[13.513s][debug  ][gc,phases      ] GC(48)     Dead                           Min: 0, Avg:  0.0, Max: 0, Diff: 0, Sum: 0, Workers: 6
[13.513s][debug  ][gc,phases      ] GC(48)     Total                          Min: 0, Avg:  0.0, Max: 0, Diff: 0, Sum: 0, Workers: 6
[13.513s][debug  ][gc,phases      ] GC(48)   Weak JFR Old Object Samples    Min:  0.0, Avg:  0.0, Max:  0.0, Diff:  0.0, Sum:  0.0, Workers: 6
[13.513s][debug  ][gc,phases      ] GC(48)     Dead                           Min: 0, Avg:  0.0, Max: 0, Diff: 0, Sum: 0, Workers: 6
[13.513s][debug  ][gc,phases      ] GC(48)     Total                          Min: 0, Avg:  0.0, Max: 0, Diff: 0, Sum: 0, Workers: 6
[13.513s][debug  ][gc,phases      ] GC(48) Weak Processing 0.646ms
[13.513s][debug  ][gc,phases,start] GC(48) Class Unloading
[13.513s][debug  ][gc,phases,start] GC(48) ClassLoaderData
[13.513s][debug  ][gc,phases      ] GC(48) ClassLoaderData 0.019ms
[13.513s][debug  ][gc,phases,start] GC(48) Trigger cleanups
[13.513s][debug  ][gc,phases      ] GC(48) Trigger cleanups 0.019ms
[13.513s][debug  ][gc,phases      ] GC(48) Class Unloading 0.251ms
[13.513s][info   ][gc,phases      ] GC(48) Marking Phase 2.213ms
[13.513s][info   ][gc,phases,start] GC(48) Summary Phase
[13.513s][info   ][gc,phases      ] GC(48) Summary Phase 0.045ms
[13.513s][info   ][gc,phases,start] GC(48) Adjust Roots
[13.514s][info   ][gc,phases      ] GC(48) Adjust Roots 0.156ms
[13.514s][info   ][gc,phases,start] GC(48) Compaction Phase
[13.566s][info   ][gc,phases      ] GC(48) Compaction Phase 52.235ms
[13.566s][info   ][gc,phases,start] GC(48) Post Compact
[13.571s][info   ][gc,phases      ] GC(48) Post Compact 4.637ms
[13.571s][debug  ][gc,ergo        ] GC(48) AdaptiveSizeStart: collection: 49 
[13.571s][debug  ][gc,ergo        ] GC(48) PSAdaptiveSizePolicy::compute_eden_space_size limits: desired_eden_size: 232972024 old_eden_size: 204472320 eden_limit: 204472320 cur_eden: 204472320 max_eden_size: 204472320 avg_young_live: 22412862
[13.571s][debug  ][gc,ergo        ] GC(48) PSAdaptiveSizePolicy::compute_eden_space_size: costs minor_time: 0.053543 major_cost: 0.031166 mutator_cost: 0.915291 throughput_goal: 0.990000
[13.571s][debug  ][gc,ergo        ] GC(48) Live_space: 872790912 free_space: 622329856
[13.571s][debug  ][gc,ergo        ] GC(48) Old eden_size: 204472320 desired_eden_size: 204472320
[13.571s][debug  ][gc,ergo        ] GC(48) PSAdaptiveSizePolicy::compute_old_gen_free_space: costs minor_time: 0.053543 major_cost: 0.031166  mutator_cost: 0.915291 throughput_goal: 0.990000
[13.571s][debug  ][gc,ergo        ] GC(48) Live_space: 863556800 free_space: 622329856
[13.571s][debug  ][gc,ergo        ] GC(48) Old promo_size: 417857536 desired_promo_size: 464519168
[13.585s][debug  ][gc             ] GC(48) Shrinking ParOldGen from 1582080K by 378368K to 1203712K
[13.585s][debug  ][gc,ergo        ] GC(48) AdaptiveSizeStop: collection: 49 
[13.585s][info   ][gc,heap        ] GC(48) PSYoungGen: 30720K(230912K)->0K(230912K) Eden: 0K(199680K)->0K(199680K) From: 30720K(31232K)->0K(31232K)
[13.585s][info   ][gc,heap        ] GC(48) ParOldGen: 1394277K(1582080K)->493155K(1203712K)
[13.585s][info   ][gc,metaspace   ] GC(48) Metaspace: 1022K(1216K)->1022K(1216K) NonClass: 938K(1024K)->938K(1024K) Class: 83K(192K)->83K(192K)
[13.585s][info   ][gc             ] GC(48) Pause Full (Ergonomics) 1391M->481M(1401M) 74.186ms
[13.585s][info   ][gc,cpu         ] GC(48) User=0.50s Sys=0.00s Real=0.07s
[13.585s][debug  ][gc,heap        ] GC(48) Heap after GC invocations=49 (full 8):
[13.585s][debug  ][gc,heap        ] GC(48)  PSYoungGen      total 230912K, used 0K [0x00000007f0000000, 0x0000000800000000, 0x0000000800000000)
[13.585s][debug  ][gc,heap        ] GC(48)   eden space 199680K, 0% used [0x00000007f0000000,0x00000007f0000000,0x00000007fc300000)
[13.585s][debug  ][gc,heap        ] GC(48)   from space 31232K, 0% used [0x00000007fc300000,0x00000007fc300000,0x00000007fe180000)
[13.585s][debug  ][gc,heap        ] GC(48)   to   space 31232K, 0% used [0x00000007fe180000,0x00000007fe180000,0x0000000800000000)
[13.585s][debug  ][gc,heap        ] GC(48)  ParOldGen       total 1203712K, used 493155K [0x0000000700000000, 0x0000000749780000, 0x00000007f0000000)
[13.585s][debug  ][gc,heap        ] GC(48)   object space 1203712K, 40% used [0x0000000700000000,0x000000071e198ef8,0x0000000749780000)
[13.585s][debug  ][gc,heap        ] GC(48)  Metaspace       used 1022K, committed 1216K, reserved 1056768K
[13.585s][debug  ][gc,heap        ] GC(48)   class space    used 83K, committed 192K, reserved 1048576K
[13.585s][debug  ][gc,task,time   ] GC(48) VM-Thread 135110205 135135507 135852446
[13.888s][debug  ][gc,heap        ] GC(49) Heap before GC invocations=50 (full 8):
[13.888s][debug  ][gc,heap        ] GC(49)  PSYoungGen      total 230912K, used 198434K [0x00000007f0000000, 0x0000000800000000, 0x0000000800000000)
[13.888s][debug  ][gc,heap        ] GC(49)   eden space 199680K, 99% used [0x00000007f0000000,0x00000007fc1c88e8,0x00000007fc300000)
[13.888s][debug  ][gc,heap        ] GC(49)   from space 31232K, 0% used [0x00000007fc300000,0x00000007fc300000,0x00000007fe180000)
[13.888s][debug  ][gc,heap        ] GC(49)   to   space 31232K, 0% used [0x00000007fe180000,0x00000007fe180000,0x0000000800000000)
[13.888s][debug  ][gc,heap        ] GC(49)  ParOldGen       total 1203712K, used 493155K [0x0000000700000000, 0x0000000749780000, 0x00000007f0000000)
[13.888s][debug  ][gc,heap        ] GC(49)   object space 1203712K, 40% used [0x0000000700000000,0x000000071e198ef8,0x0000000749780000)
[13.888s][debug  ][gc,heap        ] GC(49)  Metaspace       used 1022K, committed 1216K, reserved 1056768K
[13.888s][debug  ][gc,heap        ] GC(49)   class space    used 83K, committed 192K, reserved 1048576K
[13.888s][debug  ][gc,tlab        ] GC(49) TLAB totals: thrds: 1  refills: 1 max: 1 slow allocs: 18 max 18 waste: 27.4% gc: 3966904B max: 3966904B slow: 0B max: 0B
[13.888s][info   ][gc,start       ] GC(49) Pause Young (Allocation Failure)
[13.888s][debug  ][gc,phases,start] GC(49) Scavenge
[13.901s][debug  ][gc,phases      ] GC(49) Scavenge 13.197ms
[13.901s][debug  ][gc,phases,start] GC(49) Reference Processing
[13.901s][debug  ][gc,ref         ] GC(49) Skipped phase 1 of Reference Processing: no references
[13.901s][debug  ][gc,ref         ] GC(49) Skipped phase 2 of Reference Processing: no references
[13.901s][debug  ][gc,ref         ] GC(49) Skipped phase 3 of Reference Processing: no references
[13.901s][debug  ][gc,ref         ] GC(49) Skipped phase 4 of Reference Processing: no references
[13.901s][debug  ][gc,phases,ref  ] GC(49) Reference Processing: 0.1ms
[13.901s][debug  ][gc,phases,ref  ] GC(49)   Reconsider SoftReferences: 0.0ms
[13.902s][debug  ][gc,phases,ref  ] GC(49)     SoftRef (ms):                  skipped
[13.902s][debug  ][gc,phases,ref  ] GC(49)   Notify Soft/WeakReferences: 0.0ms
[13.902s][debug  ][gc,phases,ref  ] GC(49)     SoftRef (ms):                  skipped
[13.902s][debug  ][gc,phases,ref  ] GC(49)     WeakRef (ms):                  skipped
[13.902s][debug  ][gc,phases,ref  ] GC(49)     FinalRef (ms):                 skipped
[13.902s][debug  ][gc,phases,ref  ] GC(49)     Total (ms):                    skipped
[13.902s][debug  ][gc,phases,ref  ] GC(49)   Notify and keep alive finalizable: 0.0ms
[13.902s][debug  ][gc,phases,ref  ] GC(49)     FinalRef (ms):                 skipped
[13.902s][debug  ][gc,phases,ref  ] GC(49)   Notify PhantomReferences: 0.0ms
[13.902s][debug  ][gc,phases,ref  ] GC(49)     PhantomRef (ms):               skipped
[13.902s][debug  ][gc,phases,ref  ] GC(49)   SoftReference:
[13.902s][debug  ][gc,phases,ref  ] GC(49)     Discovered: 0
[13.902s][debug  ][gc,phases,ref  ] GC(49)     Cleared: 0
[13.902s][debug  ][gc,phases,ref  ] GC(49)   WeakReference:
[13.902s][debug  ][gc,phases,ref  ] GC(49)     Discovered: 0
[13.902s][debug  ][gc,phases,ref  ] GC(49)     Cleared: 0
[13.902s][debug  ][gc,phases,ref  ] GC(49)   FinalReference:
[13.902s][debug  ][gc,phases,ref  ] GC(49)     Discovered: 0
[13.902s][debug  ][gc,phases,ref  ] GC(49)     Cleared: 0
[13.902s][debug  ][gc,phases,ref  ] GC(49)   PhantomReference:
[13.902s][debug  ][gc,phases,ref  ] GC(49)     Discovered: 0
[13.902s][debug  ][gc,phases,ref  ] GC(49)     Cleared: 0
[13.902s][debug  ][gc,phases      ] GC(49) Reference Processing 0.696ms
[13.902s][debug  ][gc,phases,start] GC(49) Weak Processing
[13.902s][debug  ][gc,phases      ] GC(49)   VM Weak                        Min:  0.0, Avg:  0.0, Max:  0.0, Diff:  0.0, Sum:  0.0, Workers: 6
[13.902s][debug  ][gc,phases      ] GC(49)     Dead                           Min: 0, Avg:  0.0, Max: 0, Diff: 0, Sum: 0, Workers: 6
[13.902s][debug  ][gc,phases      ] GC(49)     Total                          Min: 0, Avg:  1.3, Max: 8, Diff: 8, Sum: 8, Workers: 6
[13.902s][debug  ][gc,phases      ] GC(49)   ObjectSynchronizer Weak        Min:  0.0, Avg:  0.0, Max:  0.0, Diff:  0.0, Sum:  0.0, Workers: 6
[13.902s][debug  ][gc,phases      ] GC(49)     Dead                           Min: 0, Avg:  0.0, Max: 0, Diff: 0, Sum: 0, Workers: 6
[13.902s][debug  ][gc,phases      ] GC(49)     Total                          Min: 0, Avg:  0.5, Max: 3, Diff: 3, Sum: 3, Workers: 6
[13.902s][debug  ][gc,phases      ] GC(49)   JVMTI Tag Weak OopStorage      Min:  0.0, Avg:  0.0, Max:  0.0, Diff:  0.0, Sum:  0.0, Workers: 6
[13.902s][debug  ][gc,phases      ] GC(49)     Dead                           Min: 0, Avg:  0.0, Max: 0, Diff: 0, Sum: 0, Workers: 6
[13.902s][debug  ][gc,phases      ] GC(49)     Total                          Min: 0, Avg:  0.0, Max: 0, Diff: 0, Sum: 0, Workers: 6
[13.902s][debug  ][gc,phases      ] GC(49)   StringTable Weak               Min:  0.0, Avg:  0.0, Max:  0.0, Diff:  0.0, Sum:  0.0, Workers: 6
[13.902s][debug  ][gc,phases      ] GC(49)     Dead                           Min: 0, Avg:  0.0, Max: 0, Diff: 0, Sum: 0, Workers: 6
[13.902s][debug  ][gc,phases      ] GC(49)     Total                          Min: 640, Avg: 892.5, Max: 1280, Diff: 640, Sum: 5355, Workers: 6
[13.902s][debug  ][gc,phases      ] GC(49)   ResolvedMethodTable Weak       Min:  0.0, Avg:  0.0, Max:  0.0, Diff:  0.0, Sum:  0.0, Workers: 6
[13.903s][debug  ][gc,phases      ] GC(49)     Dead                           Min: 0, Avg:  0.0, Max: 0, Diff: 0, Sum: 0, Workers: 6
[13.903s][debug  ][gc,phases      ] GC(49)     Total                          Min: 0, Avg: 21.7, Max: 64, Diff: 64, Sum: 130, Workers: 6
[13.903s][debug  ][gc,phases      ] GC(49)   JNI Weak                       Min:  0.0, Avg:  0.0, Max:  0.0, Diff:  0.0, Sum:  0.0, Workers: 6
[13.903s][debug  ][gc,phases      ] GC(49)     Dead                           Min: 0, Avg:  0.0, Max: 0, Diff: 0, Sum: 0, Workers: 6
[13.903s][debug  ][gc,phases      ] GC(49)     Total                          Min: 0, Avg:  0.0, Max: 0, Diff: 0, Sum: 0, Workers: 6
[13.903s][debug  ][gc,phases      ] GC(49)   StringDedup Table Weak         Min:  0.0, Avg:  0.0, Max:  0.0, Diff:  0.0, Sum:  0.0, Workers: 6
[13.903s][debug  ][gc,phases      ] GC(49)     Dead                           Min: 0, Avg:  0.0, Max: 0, Diff: 0, Sum: 0, Workers: 6
[13.903s][debug  ][gc,phases      ] GC(49)     Total                          Min: 0, Avg:  0.0, Max: 0, Diff: 0, Sum: 0, Workers: 6
[13.903s][debug  ][gc,phases      ] GC(49)   StringDedup Requests0 Weak     Min:  0.0, Avg:  0.0, Max:  0.0, Diff:  0.0, Sum:  0.0, Workers: 6
[13.903s][debug  ][gc,phases      ] GC(49)     Dead                           Min: 0, Avg:  0.0, Max: 0, Diff: 0, Sum: 0, Workers: 6
[13.903s][debug  ][gc,phases      ] GC(49)     Total                          Min: 0, Avg:  0.0, Max: 0, Diff: 0, Sum: 0, Workers: 6
[13.903s][debug  ][gc,phases      ] GC(49)   StringDedup Requests1 Weak     Min:  0.0, Avg:  0.0, Max:  0.0, Diff:  0.0, Sum:  0.0, Workers: 6
[13.903s][debug  ][gc,phases      ] GC(49)     Dead                           Min: 0, Avg:  0.0, Max: 0, Diff: 0, Sum: 0, Workers: 6
[13.903s][debug  ][gc,phases      ] GC(49)     Total                          Min: 0, Avg:  0.0, Max: 0, Diff: 0, Sum: 0, Workers: 6
[13.903s][debug  ][gc,phases      ] GC(49)   Weak JFR Old Object Samples    Min:  0.0, Avg:  0.0, Max:  0.0, Diff:  0.0, Sum:  0.0, Workers: 6
[13.903s][debug  ][gc,phases      ] GC(49)     Dead                           Min: 0, Avg:  0.0, Max: 0, Diff: 0, Sum: 0, Workers: 6
[13.903s][debug  ][gc,phases      ] GC(49)     Total                          Min: 0, Avg:  0.0, Max: 0, Diff: 0, Sum: 0, Workers: 6
[13.903s][debug  ][gc,phases      ] GC(49) Weak Processing 0.857ms
[13.903s][debug  ][gc,ergo        ] GC(49) AdaptiveSizeStart:  collection: 50 
[13.903s][debug  ][gc,ergo        ] GC(49) avg_survived_padded_avg: 31856332.000000
[13.903s][debug  ][gc,ergo        ] GC(49) avg_promoted_padded_avg: 253695584.000000  avg_pretenured_padded_avg: 0.000000  tenuring_thresh: 1  target_size: 31981568
[13.903s][debug  ][gc,age         ] GC(49) Desired survivor size 31981568 bytes, new threshold 1 (max threshold 15)
[13.903s][debug  ][gc,ergo        ] GC(49) PSAdaptiveSizePolicy::compute_eden_space_size limits: desired_eden_size: 232168642 old_eden_size: 204472320 eden_limit: 204472320 cur_eden: 204472320 max_eden_size: 204472320 avg_young_live: 23317308
[13.903s][debug  ][gc,ergo        ] GC(49) PSAdaptiveSizePolicy::compute_eden_space_size: costs minor_time: 0.049630 major_cost: 0.031166 mutator_cost: 0.919204 throughput_goal: 0.990000
[13.903s][debug  ][gc,ergo        ] GC(49) Live_space: 864461248 free_space: 668991488
[13.903s][debug  ][gc,ergo        ] GC(49) Old eden_size: 204472320 desired_eden_size: 204472320
[13.903s][debug  ][gc,ergo        ] GC(49) AdaptiveSizeStop: collection: 50 
[13.903s][info   ][gc,heap        ] GC(49) PSYoungGen: 198434K(230912K)->30720K(230912K) Eden: 198434K(199680K)->0K(199680K) From: 0K(31232K)->30720K(31232K)
[13.903s][info   ][gc,heap        ] GC(49) ParOldGen: 493155K(1203712K)->656995K(1203712K)
[13.903s][info   ][gc,metaspace   ] GC(49) Metaspace: 1022K(1216K)->1022K(1216K) NonClass: 938K(1024K)->938K(1024K) Class: 83K(192K)->83K(192K)
[13.903s][info   ][gc             ] GC(49) Pause Young (Allocation Failure) 675M->671M(1401M) 15.268ms
[13.903s][info   ][gc,cpu         ] GC(49) User=0.16s Sys=0.00s Real=0.02s
[13.903s][debug  ][gc,heap        ] GC(49) Heap after GC invocations=50 (full 8):
[13.903s][debug  ][gc,heap        ] GC(49)  PSYoungGen      total 230912K, used 30720K [0x00000007f0000000, 0x0000000800000000, 0x0000000800000000)
[13.903s][debug  ][gc,heap        ] GC(49)   eden space 199680K, 0% used [0x00000007f0000000,0x00000007f0000000,0x00000007fc300000)
[13.903s][debug  ][gc,heap        ] GC(49)   from space 31232K, 98% used [0x00000007fe180000,0x00000007fff80030,0x0000000800000000)
[13.903s][debug  ][gc,heap        ] GC(49)   to   space 31232K, 0% used [0x00000007fc300000,0x00000007fc300000,0x00000007fe180000)
[13.903s][debug  ][gc,heap        ] GC(49)  ParOldGen       total 1203712K, used 656995K [0x0000000700000000, 0x0000000749780000, 0x00000007f0000000)
[13.904s][debug  ][gc,heap        ] GC(49)   object space 1203712K, 54% used [0x0000000700000000,0x0000000728198ff8,0x0000000749780000)
[13.904s][debug  ][gc,heap        ] GC(49)  Metaspace       used 1022K, committed 1216K, reserved 1056768K
[13.904s][debug  ][gc,heap        ] GC(49)   class space    used 83K, committed 192K, reserved 1048576K
[13.904s][debug  ][gc,task,time   ] GC(49) VM-Thread 138876639 139013372 139035804
[14.206s][debug  ][gc,heap        ] GC(50) Heap before GC invocations=51 (full 8):
[14.207s][debug  ][gc,heap        ] GC(50)  PSYoungGen      total 230912K, used 229096K [0x00000007f0000000, 0x0000000800000000, 0x0000000800000000)
[14.207s][debug  ][gc,heap        ] GC(50)   eden space 199680K, 99% used [0x00000007f0000000,0x00000007fc1ba2c8,0x00000007fc300000)
[14.207s][debug  ][gc,heap        ] GC(50)   from space 31232K, 98% used [0x00000007fe180000,0x00000007fff80030,0x0000000800000000)
[14.207s][debug  ][gc,heap        ] GC(50)   to   space 31232K, 0% used [0x00000007fc300000,0x00000007fc300000,0x00000007fe180000)
[14.207s][debug  ][gc,heap        ] GC(50)  ParOldGen       total 1203712K, used 656995K [0x0000000700000000, 0x0000000749780000, 0x00000007f0000000)
[14.207s][debug  ][gc,heap        ] GC(50)   object space 1203712K, 54% used [0x0000000700000000,0x0000000728198ff8,0x0000000749780000)
[14.207s][debug  ][gc,heap        ] GC(50)  Metaspace       used 1022K, committed 1216K, reserved 1056768K
[14.207s][debug  ][gc,heap        ] GC(50)   class space    used 83K, committed 192K, reserved 1048576K
[14.207s][debug  ][gc,tlab        ] GC(50) TLAB totals: thrds: 1  refills: 1 max: 1 slow allocs: 18 max 18 waste: 27.2% gc: 3907992B max: 3907992B slow: 0B max: 0B
[14.207s][info   ][gc,start       ] GC(50) Pause Young (Allocation Failure)
[14.207s][debug  ][gc,phases,start] GC(50) Scavenge
[14.222s][debug  ][gc,phases      ] GC(50) Scavenge 15.105ms
[14.222s][debug  ][gc,phases,start] GC(50) Reference Processing
[14.222s][debug  ][gc,ref         ] GC(50) Skipped phase 1 of Reference Processing: no references
[14.222s][debug  ][gc,ref         ] GC(50) Skipped phase 2 of Reference Processing: no references
[14.222s][debug  ][gc,ref         ] GC(50) Skipped phase 3 of Reference Processing: no references
[14.222s][debug  ][gc,ref         ] GC(50) Skipped phase 4 of Reference Processing: no references
[14.222s][debug  ][gc,phases,ref  ] GC(50) Reference Processing: 0.1ms
[14.222s][debug  ][gc,phases,ref  ] GC(50)   Reconsider SoftReferences: 0.0ms
[14.222s][debug  ][gc,phases,ref  ] GC(50)     SoftRef (ms):                  skipped
[14.222s][debug  ][gc,phases,ref  ] GC(50)   Notify Soft/WeakReferences: 0.0ms
[14.222s][debug  ][gc,phases,ref  ] GC(50)     SoftRef (ms):                  skipped
[14.222s][debug  ][gc,phases,ref  ] GC(50)     WeakRef (ms):                  skipped
[14.222s][debug  ][gc,phases,ref  ] GC(50)     FinalRef (ms):                 skipped
[14.222s][debug  ][gc,phases,ref  ] GC(50)     Total (ms):                    skipped
[14.222s][debug  ][gc,phases,ref  ] GC(50)   Notify and keep alive finalizable: 0.0ms
[14.222s][debug  ][gc,phases,ref  ] GC(50)     FinalRef (ms):                 skipped
[14.222s][debug  ][gc,phases,ref  ] GC(50)   Notify PhantomReferences: 0.0ms
[14.222s][debug  ][gc,phases,ref  ] GC(50)     PhantomRef (ms):               skipped
[14.222s][debug  ][gc,phases,ref  ] GC(50)   SoftReference:
[14.222s][debug  ][gc,phases,ref  ] GC(50)     Discovered: 0
[14.223s][debug  ][gc,phases,ref  ] GC(50)     Cleared: 0
[14.223s][debug  ][gc,phases,ref  ] GC(50)   WeakReference:
[14.223s][debug  ][gc,phases,ref  ] GC(50)     Discovered: 0
[14.223s][debug  ][gc,phases,ref  ] GC(50)     Cleared: 0
[14.223s][debug  ][gc,phases,ref  ] GC(50)   FinalReference:
[14.223s][debug  ][gc,phases,ref  ] GC(50)     Discovered: 0
[14.223s][debug  ][gc,phases,ref  ] GC(50)     Cleared: 0
[14.223s][debug  ][gc,phases,ref  ] GC(50)   PhantomReference:
[14.223s][debug  ][gc,phases,ref  ] GC(50)     Discovered: 0
[14.223s][debug  ][gc,phases,ref  ] GC(50)     Cleared: 0
[14.223s][debug  ][gc,phases      ] GC(50) Reference Processing 0.723ms
[14.223s][debug  ][gc,phases,start] GC(50) Weak Processing
[14.223s][debug  ][gc,phases      ] GC(50)   VM Weak                        Min:  0.0, Avg:  0.0, Max:  0.0, Diff:  0.0, Sum:  0.0, Workers: 6
[14.223s][debug  ][gc,phases      ] GC(50)     Dead                           Min: 0, Avg:  0.0, Max: 0, Diff: 0, Sum: 0, Workers: 6
[14.223s][debug  ][gc,phases      ] GC(50)     Total                          Min: 0, Avg:  1.3, Max: 8, Diff: 8, Sum: 8, Workers: 6
[14.223s][debug  ][gc,phases      ] GC(50)   ObjectSynchronizer Weak        Min:  0.0, Avg:  0.0, Max:  0.0, Diff:  0.0, Sum:  0.0, Workers: 6
[14.223s][debug  ][gc,phases      ] GC(50)     Dead                           Min: 0, Avg:  0.0, Max: 0, Diff: 0, Sum: 0, Workers: 6
[14.223s][debug  ][gc,phases      ] GC(50)     Total                          Min: 0, Avg:  0.5, Max: 3, Diff: 3, Sum: 3, Workers: 6
[14.223s][debug  ][gc,phases      ] GC(50)   JVMTI Tag Weak OopStorage      Min:  0.0, Avg:  0.0, Max:  0.0, Diff:  0.0, Sum:  0.0, Workers: 6
[14.223s][debug  ][gc,phases      ] GC(50)     Dead                           Min: 0, Avg:  0.0, Max: 0, Diff: 0, Sum: 0, Workers: 6
[14.223s][debug  ][gc,phases      ] GC(50)     Total                          Min: 0, Avg:  0.0, Max: 0, Diff: 0, Sum: 0, Workers: 6
[14.223s][debug  ][gc,phases      ] GC(50)   StringTable Weak               Min:  0.0, Avg:  0.0, Max:  0.0, Diff:  0.0, Sum:  0.0, Workers: 6
[14.223s][debug  ][gc,phases      ] GC(50)     Dead                           Min: 0, Avg:  0.0, Max: 0, Diff: 0, Sum: 0, Workers: 6
[14.223s][debug  ][gc,phases      ] GC(50)     Total                          Min: 767, Avg: 892.5, Max: 1088, Diff: 321, Sum: 5355, Workers: 6
[14.223s][debug  ][gc,phases      ] GC(50)   ResolvedMethodTable Weak       Min:  0.0, Avg:  0.0, Max:  0.0, Diff:  0.0, Sum:  0.0, Workers: 6
[14.223s][debug  ][gc,phases      ] GC(50)     Dead                           Min: 0, Avg:  0.0, Max: 0, Diff: 0, Sum: 0, Workers: 6
[14.223s][debug  ][gc,phases      ] GC(50)     Total                          Min: 0, Avg: 21.7, Max: 64, Diff: 64, Sum: 130, Workers: 6
[14.223s][debug  ][gc,phases      ] GC(50)   JNI Weak                       Min:  0.0, Avg:  0.0, Max:  0.0, Diff:  0.0, Sum:  0.0, Workers: 6
[14.223s][debug  ][gc,phases      ] GC(50)     Dead                           Min: 0, Avg:  0.0, Max: 0, Diff: 0, Sum: 0, Workers: 6
[14.223s][debug  ][gc,phases      ] GC(50)     Total                          Min: 0, Avg:  0.0, Max: 0, Diff: 0, Sum: 0, Workers: 6
[14.223s][debug  ][gc,phases      ] GC(50)   StringDedup Table Weak         Min:  0.0, Avg:  0.0, Max:  0.0, Diff:  0.0, Sum:  0.0, Workers: 6
[14.223s][debug  ][gc,phases      ] GC(50)     Dead                           Min: 0, Avg:  0.0, Max: 0, Diff: 0, Sum: 0, Workers: 6
[14.223s][debug  ][gc,phases      ] GC(50)     Total                          Min: 0, Avg:  0.0, Max: 0, Diff: 0, Sum: 0, Workers: 6
[14.223s][debug  ][gc,phases      ] GC(50)   StringDedup Requests0 Weak     Min:  0.0, Avg:  0.0, Max:  0.0, Diff:  0.0, Sum:  0.0, Workers: 6
[14.223s][debug  ][gc,phases      ] GC(50)     Dead                           Min: 0, Avg:  0.0, Max: 0, Diff: 0, Sum: 0, Workers: 6
[14.223s][debug  ][gc,phases      ] GC(50)     Total                          Min: 0, Avg:  0.0, Max: 0, Diff: 0, Sum: 0, Workers: 6
[14.223s][debug  ][gc,phases      ] GC(50)   StringDedup Requests1 Weak     Min:  0.0, Avg:  0.0, Max:  0.0, Diff:  0.0, Sum:  0.0, Workers: 6
[14.223s][debug  ][gc,phases      ] GC(50)     Dead                           Min: 0, Avg:  0.0, Max: 0, Diff: 0, Sum: 0, Workers: 6
[14.223s][debug  ][gc,phases      ] GC(50)     Total                          Min: 0, Avg:  0.0, Max: 0, Diff: 0, Sum: 0, Workers: 6
[14.223s][debug  ][gc,phases      ] GC(50)   Weak JFR Old Object Samples    Min:  0.0, Avg:  0.0, Max:  0.0, Diff:  0.0, Sum:  0.0, Workers: 6
[14.223s][debug  ][gc,phases      ] GC(50)     Dead                           Min: 0, Avg:  0.0, Max: 0, Diff: 0, Sum: 0, Workers: 6
[14.224s][debug  ][gc,phases      ] GC(50)     Total                          Min: 0, Avg:  0.0, Max: 0, Diff: 0, Sum: 0, Workers: 6
[14.224s][debug  ][gc,phases      ] GC(50) Weak Processing 0.797ms
[14.224s][debug  ][gc,ergo        ] GC(50) AdaptiveSizeStart:  collection: 51 
[14.224s][debug  ][gc,ergo        ] GC(50) avg_survived_padded_avg: 31825462.000000
[14.224s][debug  ][gc,ergo        ] GC(50) avg_promoted_padded_avg: 256598672.000000  avg_pretenured_padded_avg: 0.000000  tenuring_thresh: 1  target_size: 31981568
[14.224s][debug  ][gc,age         ] GC(50) Desired survivor size 31981568 bytes, new threshold 1 (max threshold 15)
[14.224s][debug  ][gc,ergo        ] GC(50) PSAdaptiveSizePolicy::compute_eden_space_size limits: desired_eden_size: 232307738 old_eden_size: 204472320 eden_limit: 204472320 cur_eden: 204472320 max_eden_size: 204472320 avg_young_live: 24131308
[14.224s][debug  ][gc,ergo        ] GC(50) PSAdaptiveSizePolicy::compute_eden_space_size: costs minor_time: 0.050281 major_cost: 0.031166 mutator_cost: 0.918553 throughput_goal: 0.990000
[14.224s][debug  ][gc,ergo        ] GC(50) Live_space: 865275264 free_space: 668991488
[14.224s][debug  ][gc,ergo        ] GC(50) Old eden_size: 204472320 desired_eden_size: 204472320
[14.224s][debug  ][gc,ergo        ] GC(50) AdaptiveSizeStop: collection: 51 
[14.224s][info   ][gc,heap        ] GC(50) PSYoungGen: 229096K(230912K)->30720K(230912K) Eden: 198376K(199680K)->0K(199680K) From: 30720K(31232K)->30720K(31232K)
[14.224s][info   ][gc,heap        ] GC(50) ParOldGen: 656995K(1203712K)->851556K(1203712K)
[14.224s][info   ][gc,metaspace   ] GC(50) Metaspace: 1022K(1216K)->1022K(1216K) NonClass: 938K(1024K)->938K(1024K) Class: 83K(192K)->83K(192K)
[14.224s][info   ][gc             ] GC(50) Pause Young (Allocation Failure) 865M->861M(1401M) 17.073ms
[14.224s][info   ][gc,cpu         ] GC(50) User=0.16s Sys=0.00s Real=0.02s
[14.224s][debug  ][gc,heap        ] GC(50) Heap after GC invocations=51 (full 8):
[14.224s][debug  ][gc,heap        ] GC(50)  PSYoungGen      total 230912K, used 30720K [0x00000007f0000000, 0x0000000800000000, 0x0000000800000000)
[14.224s][debug  ][gc,heap        ] GC(50)   eden space 199680K, 0% used [0x00000007f0000000,0x00000007f0000000,0x00000007fc300000)
[14.224s][debug  ][gc,heap        ] GC(50)   from space 31232K, 98% used [0x00000007fc300000,0x00000007fe100030,0x00000007fe180000)
[14.224s][debug  ][gc,heap        ] GC(50)   to   space 31232K, 0% used [0x00000007fe180000,0x00000007fe180000,0x0000000800000000)
[14.224s][debug  ][gc,heap        ] GC(50)  ParOldGen       total 1203712K, used 851556K [0x0000000700000000, 0x0000000749780000, 0x00000007f0000000)
[14.224s][debug  ][gc,heap        ] GC(50)   object space 1203712K, 70% used [0x0000000700000000,0x0000000733f99128,0x0000000749780000)
[14.224s][debug  ][gc,heap        ] GC(50)  Metaspace       used 1022K, committed 1216K, reserved 1056768K
[14.224s][debug  ][gc,heap        ] GC(50)   class space    used 83K, committed 192K, reserved 1048576K
[14.224s][debug  ][gc,task,time   ] GC(50) VM-Thread 142064443 142219910 142241133
[14.523s][debug  ][gc,heap        ] GC(51) Heap before GC invocations=52 (full 8):
[14.523s][debug  ][gc,heap        ] GC(51)  PSYoungGen      total 230912K, used 229131K [0x00000007f0000000, 0x0000000800000000, 0x0000000800000000)
[14.523s][debug  ][gc,heap        ] GC(51)   eden space 199680K, 99% used [0x00000007f0000000,0x00000007fc1c2f48,0x00000007fc300000)
[14.523s][debug  ][gc,heap        ] GC(51)   from space 31232K, 98% used [0x00000007fc300000,0x00000007fe100030,0x00000007fe180000)
[14.523s][debug  ][gc,heap        ] GC(51)   to   space 31232K, 0% used [0x00000007fe180000,0x00000007fe180000,0x0000000800000000)
[14.523s][debug  ][gc,heap        ] GC(51)  ParOldGen       total 1203712K, used 851556K [0x0000000700000000, 0x0000000749780000, 0x00000007f0000000)
[14.523s][debug  ][gc,heap        ] GC(51)   object space 1203712K, 70% used [0x0000000700000000,0x0000000733f99128,0x0000000749780000)
[14.523s][debug  ][gc,heap        ] GC(51)  Metaspace       used 1022K, committed 1216K, reserved 1056768K
[14.523s][debug  ][gc,heap        ] GC(51)   class space    used 83K, committed 192K, reserved 1048576K
[14.523s][debug  ][gc,tlab        ] GC(51) TLAB totals: thrds: 1  refills: 1 max: 1 slow allocs: 18 max 18 waste: 27.3% gc: 3942792B max: 3942792B slow: 0B max: 0B
[14.523s][info   ][gc,start       ] GC(51) Pause Young (Allocation Failure)
[14.523s][debug  ][gc,phases,start] GC(51) Scavenge
[14.527s][debug  ][gc,phases      ] GC(51) Scavenge 4.030ms
[14.527s][debug  ][gc,phases,start] GC(51) Reference Processing
[14.527s][debug  ][gc,ref         ] GC(51) Skipped phase 1 of Reference Processing: no references
[14.527s][debug  ][gc,ref         ] GC(51) Skipped phase 2 of Reference Processing: no references
[14.527s][debug  ][gc,ref         ] GC(51) Skipped phase 3 of Reference Processing: no references
[14.527s][debug  ][gc,ref         ] GC(51) Skipped phase 4 of Reference Processing: no references
[14.527s][debug  ][gc,phases,ref  ] GC(51) Reference Processing: 0.1ms
[14.527s][debug  ][gc,phases,ref  ] GC(51)   Reconsider SoftReferences: 0.0ms
[14.527s][debug  ][gc,phases,ref  ] GC(51)     SoftRef (ms):                  skipped
[14.527s][debug  ][gc,phases,ref  ] GC(51)   Notify Soft/WeakReferences: 0.0ms
[14.527s][debug  ][gc,phases,ref  ] GC(51)     SoftRef (ms):                  skipped
[14.528s][debug  ][gc,phases,ref  ] GC(51)     WeakRef (ms):                  skipped
[14.528s][debug  ][gc,phases,ref  ] GC(51)     FinalRef (ms):                 skipped
[14.528s][debug  ][gc,phases,ref  ] GC(51)     Total (ms):                    skipped
[14.528s][debug  ][gc,phases,ref  ] GC(51)   Notify and keep alive finalizable: 0.0ms
[14.528s][debug  ][gc,phases,ref  ] GC(51)     FinalRef (ms):                 skipped
[14.528s][debug  ][gc,phases,ref  ] GC(51)   Notify PhantomReferences: 0.0ms
[14.528s][debug  ][gc,phases,ref  ] GC(51)     PhantomRef (ms):               skipped
[14.528s][debug  ][gc,phases,ref  ] GC(51)   SoftReference:
[14.528s][debug  ][gc,phases,ref  ] GC(51)     Discovered: 0
[14.528s][debug  ][gc,phases,ref  ] GC(51)     Cleared: 0
[14.528s][debug  ][gc,phases,ref  ] GC(51)   WeakReference:
[14.528s][debug  ][gc,phases,ref  ] GC(51)     Discovered: 0
[14.528s][debug  ][gc,phases,ref  ] GC(51)     Cleared: 0
[14.528s][debug  ][gc,phases,ref  ] GC(51)   FinalReference:
[14.528s][debug  ][gc,phases,ref  ] GC(51)     Discovered: 0
[14.528s][debug  ][gc,phases,ref  ] GC(51)     Cleared: 0
[14.528s][debug  ][gc,phases,ref  ] GC(51)   PhantomReference:
[14.528s][debug  ][gc,phases,ref  ] GC(51)     Discovered: 0
[14.528s][debug  ][gc,phases,ref  ] GC(51)     Cleared: 0
[14.528s][debug  ][gc,phases      ] GC(51) Reference Processing 0.684ms
[14.528s][debug  ][gc,phases,start] GC(51) Weak Processing
[14.528s][debug  ][gc,phases      ] GC(51)   VM Weak                        Min:  0.0, Avg:  0.0, Max:  0.0, Diff:  0.0, Sum:  0.0, Workers: 6
[14.528s][debug  ][gc,phases      ] GC(51)     Dead                           Min: 0, Avg:  0.0, Max: 0, Diff: 0, Sum: 0, Workers: 6
[14.528s][debug  ][gc,phases      ] GC(51)     Total                          Min: 0, Avg:  1.3, Max: 8, Diff: 8, Sum: 8, Workers: 6
[14.528s][debug  ][gc,phases      ] GC(51)   ObjectSynchronizer Weak        Min:  0.0, Avg:  0.0, Max:  0.0, Diff:  0.0, Sum:  0.0, Workers: 6
[14.528s][debug  ][gc,phases      ] GC(51)     Dead                           Min: 0, Avg:  0.0, Max: 0, Diff: 0, Sum: 0, Workers: 6
[14.528s][debug  ][gc,phases      ] GC(51)     Total                          Min: 0, Avg:  0.5, Max: 3, Diff: 3, Sum: 3, Workers: 6
[14.528s][debug  ][gc,phases      ] GC(51)   JVMTI Tag Weak OopStorage      Min:  0.0, Avg:  0.0, Max:  0.0, Diff:  0.0, Sum:  0.0, Workers: 6
[14.528s][debug  ][gc,phases      ] GC(51)     Dead                           Min: 0, Avg:  0.0, Max: 0, Diff: 0, Sum: 0, Workers: 6
[14.528s][debug  ][gc,phases      ] GC(51)     Total                          Min: 0, Avg:  0.0, Max: 0, Diff: 0, Sum: 0, Workers: 6
[14.528s][debug  ][gc,phases      ] GC(51)   StringTable Weak               Min:  0.0, Avg:  0.0, Max:  0.0, Diff:  0.0, Sum:  0.0, Workers: 6
[14.528s][debug  ][gc,phases      ] GC(51)     Dead                           Min: 0, Avg:  0.0, Max: 0, Diff: 0, Sum: 0, Workers: 6
[14.528s][debug  ][gc,phases      ] GC(51)     Total                          Min: 748, Avg: 892.5, Max: 1088, Diff: 340, Sum: 5355, Workers: 6
[14.528s][debug  ][gc,phases      ] GC(51)   ResolvedMethodTable Weak       Min:  0.0, Avg:  0.0, Max:  0.0, Diff:  0.0, Sum:  0.0, Workers: 6
[14.528s][debug  ][gc,phases      ] GC(51)     Dead                           Min: 0, Avg:  0.0, Max: 0, Diff: 0, Sum: 0, Workers: 6
[14.528s][debug  ][gc,phases      ] GC(51)     Total                          Min: 0, Avg: 21.7, Max: 64, Diff: 64, Sum: 130, Workers: 6
[14.528s][debug  ][gc,phases      ] GC(51)   JNI Weak                       Min:  0.0, Avg:  0.0, Max:  0.0, Diff:  0.0, Sum:  0.0, Workers: 6
[14.528s][debug  ][gc,phases      ] GC(51)     Dead                           Min: 0, Avg:  0.0, Max: 0, Diff: 0, Sum: 0, Workers: 6
[14.528s][debug  ][gc,phases      ] GC(51)     Total                          Min: 0, Avg:  0.0, Max: 0, Diff: 0, Sum: 0, Workers: 6
[14.528s][debug  ][gc,phases      ] GC(51)   StringDedup Table Weak         Min:  0.0, Avg:  0.0, Max:  0.0, Diff:  0.0, Sum:  0.0, Workers: 6
[14.529s][debug  ][gc,phases      ] GC(51)     Dead                           Min: 0, Avg:  0.0, Max: 0, Diff: 0, Sum: 0, Workers: 6
[14.529s][debug  ][gc,phases      ] GC(51)     Total                          Min: 0, Avg:  0.0, Max: 0, Diff: 0, Sum: 0, Workers: 6
[14.529s][debug  ][gc,phases      ] GC(51)   StringDedup Requests0 Weak     Min:  0.0, Avg:  0.0, Max:  0.0, Diff:  0.0, Sum:  0.0, Workers: 6
[14.529s][debug  ][gc,phases      ] GC(51)     Dead                           Min: 0, Avg:  0.0, Max: 0, Diff: 0, Sum: 0, Workers: 6
[14.529s][debug  ][gc,phases      ] GC(51)     Total                          Min: 0, Avg:  0.0, Max: 0, Diff: 0, Sum: 0, Workers: 6
[14.529s][debug  ][gc,phases      ] GC(51)   StringDedup Requests1 Weak     Min:  0.0, Avg:  0.0, Max:  0.0, Diff:  0.0, Sum:  0.0, Workers: 6
[14.529s][debug  ][gc,phases      ] GC(51)     Dead                           Min: 0, Avg:  0.0, Max: 0, Diff: 0, Sum: 0, Workers: 6
[14.529s][debug  ][gc,phases      ] GC(51)     Total                          Min: 0, Avg:  0.0, Max: 0, Diff: 0, Sum: 0, Workers: 6
[14.529s][debug  ][gc,phases      ] GC(51)   Weak JFR Old Object Samples    Min:  0.0, Avg:  0.0, Max:  0.0, Diff:  0.0, Sum:  0.0, Workers: 6
[14.529s][debug  ][gc,phases      ] GC(51)     Dead                           Min: 0, Avg:  0.0, Max: 0, Diff: 0, Sum: 0, Workers: 6
[14.529s][debug  ][gc,phases      ] GC(51)     Total                          Min: 0, Avg:  0.0, Max: 0, Diff: 0, Sum: 0, Workers: 6
[14.529s][debug  ][gc,phases      ] GC(51) Weak Processing 0.810ms
[14.529s][debug  ][gc,ergo        ] GC(51) AdaptiveSizeStart:  collection: 52 
[14.529s][debug  ][gc,ergo        ] GC(51) avg_survived_padded_avg: 31796776.000000
[14.529s][debug  ][gc,ergo        ] GC(51) avg_promoted_padded_avg: 273651008.000000  avg_pretenured_padded_avg: 0.000000  tenuring_thresh: 1  target_size: 31981568
[14.529s][debug  ][gc,age         ] GC(51) Desired survivor size 31981568 bytes, new threshold 1 (max threshold 15)
[14.529s][debug  ][gc,ergo        ] GC(51) PSAdaptiveSizePolicy::compute_eden_space_size limits: desired_eden_size: 230443984 old_eden_size: 204472320 eden_limit: 204472320 cur_eden: 204472320 max_eden_size: 204472320 avg_young_live: 24863910
[14.529s][debug  ][gc,ergo        ] GC(51) PSAdaptiveSizePolicy::compute_eden_space_size: costs minor_time: 0.042341 major_cost: 0.031166 mutator_cost: 0.926493 throughput_goal: 0.990000
[14.529s][debug  ][gc,ergo        ] GC(51) Live_space: 866007808 free_space: 668991488
[14.529s][debug  ][gc,ergo        ] GC(51) Old eden_size: 204472320 desired_eden_size: 204472320
[14.529s][debug  ][gc,ergo        ] GC(51) AdaptiveSizeStop: collection: 52 
[14.529s][info   ][gc,heap        ] GC(51) PSYoungGen: 229131K(230912K)->30720K(230912K) Eden: 198411K(199680K)->0K(199680K) From: 30720K(31232K)->30720K(31232K)
[14.529s][info   ][gc,heap        ] GC(51) ParOldGen: 851556K(1203712K)->872036K(1203712K)
[14.529s][info   ][gc,metaspace   ] GC(51) Metaspace: 1022K(1216K)->1022K(1216K) NonClass: 938K(1024K)->938K(1024K) Class: 83K(192K)->83K(192K)
[14.529s][info   ][gc             ] GC(51) Pause Young (Allocation Failure) 1055M->881M(1401M) 6.059ms
[14.529s][info   ][gc,cpu         ] GC(51) User=0.00s Sys=0.00s Real=0.01s
[14.529s][debug  ][gc,heap        ] GC(51) Heap after GC invocations=52 (full 8):
[14.529s][debug  ][gc,heap        ] GC(51)  PSYoungGen      total 230912K, used 30720K [0x00000007f0000000, 0x0000000800000000, 0x0000000800000000)
[14.529s][debug  ][gc,heap        ] GC(51)   eden space 199680K, 0% used [0x00000007f0000000,0x00000007f0000000,0x00000007fc300000)
[14.529s][debug  ][gc,heap        ] GC(51)   from space 31232K, 98% used [0x00000007fe180000,0x00000007fff80030,0x0000000800000000)
[14.529s][debug  ][gc,heap        ] GC(51)   to   space 31232K, 0% used [0x00000007fc300000,0x00000007fc300000,0x00000007fe180000)
[14.529s][debug  ][gc,heap        ] GC(51)  ParOldGen       total 1203712K, used 872036K [0x0000000700000000, 0x0000000749780000, 0x00000007f0000000)
[14.529s][debug  ][gc,heap        ] GC(51)   object space 1203712K, 72% used [0x0000000700000000,0x0000000735399148,0x0000000749780000)
[14.529s][debug  ][gc,heap        ] GC(51)  Metaspace       used 1022K, committed 1216K, reserved 1056768K
[14.529s][debug  ][gc,heap        ] GC(51)   class space    used 83K, committed 192K, reserved 1048576K
[14.529s][debug  ][gc,task,time   ] GC(51) VM-Thread 145226471 145272523 145294453
[14.839s][debug  ][gc,heap        ] GC(52) Heap before GC invocations=53 (full 8):
[14.839s][debug  ][gc,heap        ] GC(52)  PSYoungGen      total 230912K, used 229154K [0x00000007f0000000, 0x0000000800000000, 0x0000000800000000)
[14.839s][debug  ][gc,heap        ] GC(52)   eden space 199680K, 99% used [0x00000007f0000000,0x00000007fc1c89a8,0x00000007fc300000)
[14.839s][debug  ][gc,heap        ] GC(52)   from space 31232K, 98% used [0x00000007fe180000,0x00000007fff80030,0x0000000800000000)
[14.839s][debug  ][gc,heap        ] GC(52)   to   space 31232K, 0% used [0x00000007fc300000,0x00000007fc300000,0x00000007fe180000)
[14.839s][debug  ][gc,heap        ] GC(52)  ParOldGen       total 1203712K, used 872036K [0x0000000700000000, 0x0000000749780000, 0x00000007f0000000)
[14.839s][debug  ][gc,heap        ] GC(52)   object space 1203712K, 72% used [0x0000000700000000,0x0000000735399148,0x0000000749780000)
[14.839s][debug  ][gc,heap        ] GC(52)  Metaspace       used 1022K, committed 1216K, reserved 1056768K
[14.839s][debug  ][gc,heap        ] GC(52)   class space    used 83K, committed 192K, reserved 1048576K
[14.839s][debug  ][gc,tlab        ] GC(52) TLAB totals: thrds: 1  refills: 1 max: 1 slow allocs: 18 max 18 waste: 27.4% gc: 3967096B max: 3967096B slow: 0B max: 0B
[14.839s][info   ][gc,start       ] GC(52) Pause Young (Allocation Failure)
[14.839s][debug  ][gc,phases,start] GC(52) Scavenge
[14.855s][debug  ][gc,phases      ] GC(52) Scavenge 15.927ms
[14.855s][debug  ][gc,phases,start] GC(52) Reference Processing
[14.855s][debug  ][gc,ref         ] GC(52) Skipped phase 1 of Reference Processing: no references
[14.855s][debug  ][gc,ref         ] GC(52) Skipped phase 2 of Reference Processing: no references
[14.855s][debug  ][gc,ref         ] GC(52) Skipped phase 3 of Reference Processing: no references
[14.856s][debug  ][gc,ref         ] GC(52) Skipped phase 4 of Reference Processing: no references
[14.856s][debug  ][gc,phases,ref  ] GC(52) Reference Processing: 0.1ms
[14.856s][debug  ][gc,phases,ref  ] GC(52)   Reconsider SoftReferences: 0.0ms
[14.856s][debug  ][gc,phases,ref  ] GC(52)     SoftRef (ms):                  skipped
[14.856s][debug  ][gc,phases,ref  ] GC(52)   Notify Soft/WeakReferences: 0.0ms
[14.856s][debug  ][gc,phases,ref  ] GC(52)     SoftRef (ms):                  skipped
[14.856s][debug  ][gc,phases,ref  ] GC(52)     WeakRef (ms):                  skipped
[14.856s][debug  ][gc,phases,ref  ] GC(52)     FinalRef (ms):                 skipped
[14.856s][debug  ][gc,phases,ref  ] GC(52)     Total (ms):                    skipped
[14.856s][debug  ][gc,phases,ref  ] GC(52)   Notify and keep alive finalizable: 0.0ms
[14.856s][debug  ][gc,phases,ref  ] GC(52)     FinalRef (ms):                 skipped
[14.856s][debug  ][gc,phases,ref  ] GC(52)   Notify PhantomReferences: 0.0ms
[14.856s][debug  ][gc,phases,ref  ] GC(52)     PhantomRef (ms):               skipped
[14.856s][debug  ][gc,phases,ref  ] GC(52)   SoftReference:
[14.856s][debug  ][gc,phases,ref  ] GC(52)     Discovered: 0
[14.856s][debug  ][gc,phases,ref  ] GC(52)     Cleared: 0
[14.856s][debug  ][gc,phases,ref  ] GC(52)   WeakReference:
[14.856s][debug  ][gc,phases,ref  ] GC(52)     Discovered: 0
[14.856s][debug  ][gc,phases,ref  ] GC(52)     Cleared: 0
[14.856s][debug  ][gc,phases,ref  ] GC(52)   FinalReference:
[14.856s][debug  ][gc,phases,ref  ] GC(52)     Discovered: 0
[14.856s][debug  ][gc,phases,ref  ] GC(52)     Cleared: 0
[14.856s][debug  ][gc,phases,ref  ] GC(52)   PhantomReference:
[14.856s][debug  ][gc,phases,ref  ] GC(52)     Discovered: 0
[14.856s][debug  ][gc,phases,ref  ] GC(52)     Cleared: 0
[14.856s][debug  ][gc,phases      ] GC(52) Reference Processing 0.711ms
[14.856s][debug  ][gc,phases,start] GC(52) Weak Processing
[14.856s][debug  ][gc,phases      ] GC(52)   VM Weak                        Min:  0.0, Avg:  0.0, Max:  0.0, Diff:  0.0, Sum:  0.0, Workers: 6
[14.856s][debug  ][gc,phases      ] GC(52)     Dead                           Min: 0, Avg:  0.0, Max: 0, Diff: 0, Sum: 0, Workers: 6
[14.856s][debug  ][gc,phases      ] GC(52)     Total                          Min: 0, Avg:  1.3, Max: 8, Diff: 8, Sum: 8, Workers: 6
[14.856s][debug  ][gc,phases      ] GC(52)   ObjectSynchronizer Weak        Min:  0.0, Avg:  0.0, Max:  0.0, Diff:  0.0, Sum:  0.0, Workers: 6
[14.856s][debug  ][gc,phases      ] GC(52)     Dead                           Min: 0, Avg:  0.0, Max: 0, Diff: 0, Sum: 0, Workers: 6
[14.856s][debug  ][gc,phases      ] GC(52)     Total                          Min: 0, Avg:  0.5, Max: 3, Diff: 3, Sum: 3, Workers: 6
[14.856s][debug  ][gc,phases      ] GC(52)   JVMTI Tag Weak OopStorage      Min:  0.0, Avg:  0.0, Max:  0.0, Diff:  0.0, Sum:  0.0, Workers: 6
[14.856s][debug  ][gc,phases      ] GC(52)     Dead                           Min: 0, Avg:  0.0, Max: 0, Diff: 0, Sum: 0, Workers: 6
[14.856s][debug  ][gc,phases      ] GC(52)     Total                          Min: 0, Avg:  0.0, Max: 0, Diff: 0, Sum: 0, Workers: 6
[14.856s][debug  ][gc,phases      ] GC(52)   StringTable Weak               Min:  0.0, Avg:  0.0, Max:  0.0, Diff:  0.0, Sum:  0.0, Workers: 6
[14.856s][debug  ][gc,phases      ] GC(52)     Dead                           Min: 0, Avg:  0.0, Max: 0, Diff: 0, Sum: 0, Workers: 6
[14.856s][debug  ][gc,phases      ] GC(52)     Total                          Min: 767, Avg: 892.5, Max: 1152, Diff: 385, Sum: 5355, Workers: 6
[14.856s][debug  ][gc,phases      ] GC(52)   ResolvedMethodTable Weak       Min:  0.0, Avg:  0.0, Max:  0.0, Diff:  0.0, Sum:  0.0, Workers: 6
[14.856s][debug  ][gc,phases      ] GC(52)     Dead                           Min: 0, Avg:  0.0, Max: 0, Diff: 0, Sum: 0, Workers: 6
[14.856s][debug  ][gc,phases      ] GC(52)     Total                          Min: 0, Avg: 21.7, Max: 64, Diff: 64, Sum: 130, Workers: 6
[14.856s][debug  ][gc,phases      ] GC(52)   JNI Weak                       Min:  0.0, Avg:  0.0, Max:  0.0, Diff:  0.0, Sum:  0.0, Workers: 6
[14.856s][debug  ][gc,phases      ] GC(52)     Dead                           Min: 0, Avg:  0.0, Max: 0, Diff: 0, Sum: 0, Workers: 6
[14.857s][debug  ][gc,phases      ] GC(52)     Total                          Min: 0, Avg:  0.0, Max: 0, Diff: 0, Sum: 0, Workers: 6
[14.857s][debug  ][gc,phases      ] GC(52)   StringDedup Table Weak         Min:  0.0, Avg:  0.0, Max:  0.0, Diff:  0.0, Sum:  0.0, Workers: 6
[14.857s][debug  ][gc,phases      ] GC(52)     Dead                           Min: 0, Avg:  0.0, Max: 0, Diff: 0, Sum: 0, Workers: 6
[14.857s][debug  ][gc,phases      ] GC(52)     Total                          Min: 0, Avg:  0.0, Max: 0, Diff: 0, Sum: 0, Workers: 6
[14.857s][debug  ][gc,phases      ] GC(52)   StringDedup Requests0 Weak     Min:  0.0, Avg:  0.0, Max:  0.0, Diff:  0.0, Sum:  0.0, Workers: 6
[14.857s][debug  ][gc,phases      ] GC(52)     Dead                           Min: 0, Avg:  0.0, Max: 0, Diff: 0, Sum: 0, Workers: 6
[14.857s][debug  ][gc,phases      ] GC(52)     Total                          Min: 0, Avg:  0.0, Max: 0, Diff: 0, Sum: 0, Workers: 6
[14.857s][debug  ][gc,phases      ] GC(52)   StringDedup Requests1 Weak     Min:  0.0, Avg:  0.0, Max:  0.0, Diff:  0.0, Sum:  0.0, Workers: 6
[14.857s][debug  ][gc,phases      ] GC(52)     Dead                           Min: 0, Avg:  0.0, Max: 0, Diff: 0, Sum: 0, Workers: 6
[14.857s][debug  ][gc,phases      ] GC(52)     Total                          Min: 0, Avg:  0.0, Max: 0, Diff: 0, Sum: 0, Workers: 6
[14.857s][debug  ][gc,phases      ] GC(52)   Weak JFR Old Object Samples    Min:  0.0, Avg:  0.0, Max:  0.0, Diff:  0.0, Sum:  0.0, Workers: 6
[14.857s][debug  ][gc,phases      ] GC(52)     Dead                           Min: 0, Avg:  0.0, Max: 0, Diff: 0, Sum: 0, Workers: 6
[14.857s][debug  ][gc,phases      ] GC(52)     Total                          Min: 0, Avg:  0.0, Max: 0, Diff: 0, Sum: 0, Workers: 6
[14.857s][debug  ][gc,phases      ] GC(52) Weak Processing 0.682ms
[14.857s][debug  ][gc,ergo        ] GC(52) AdaptiveSizeStart:  collection: 53 
[14.857s][debug  ][gc,ergo        ] GC(52) avg_survived_padded_avg: 31770146.000000
[14.857s][debug  ][gc,ergo        ] GC(52) avg_promoted_padded_avg: 277785088.000000  avg_pretenured_padded_avg: 0.000000  tenuring_thresh: 1  target_size: 31981568
[14.857s][debug  ][gc,age         ] GC(52) Desired survivor size 31981568 bytes, new threshold 1 (max threshold 15)
[14.857s][debug  ][gc,ergo        ] GC(52) PSAdaptiveSizePolicy::compute_eden_space_size limits: desired_eden_size: 231126115 old_eden_size: 204472320 eden_limit: 204472320 cur_eden: 204472320 max_eden_size: 204472320 avg_young_live: 25523250
[14.857s][debug  ][gc,ergo        ] GC(52) PSAdaptiveSizePolicy::compute_eden_space_size: costs minor_time: 0.045061 major_cost: 0.031166 mutator_cost: 0.923773 throughput_goal: 0.990000
[14.857s][debug  ][gc,ergo        ] GC(52) Live_space: 866667200 free_space: 668991488
[14.857s][debug  ][gc,ergo        ] GC(52) Old eden_size: 204472320 desired_eden_size: 204472320
[14.857s][debug  ][gc,ergo        ] GC(52) AdaptiveSizeStop: collection: 53 
[14.857s][info   ][gc,heap        ] GC(52) PSYoungGen: 229154K(230912K)->30720K(230912K) Eden: 198434K(199680K)->0K(199680K) From: 30720K(31232K)->30720K(31232K)
[14.857s][info   ][gc,heap        ] GC(52) ParOldGen: 872036K(1203712K)->1066596K(1203712K)
[14.857s][info   ][gc,metaspace   ] GC(52) Metaspace: 1022K(1216K)->1022K(1216K) NonClass: 938K(1024K)->938K(1024K) Class: 83K(192K)->83K(192K)
[14.857s][info   ][gc             ] GC(52) Pause Young (Allocation Failure) 1075M->1071M(1401M) 17.799ms
[14.857s][info   ][gc,cpu         ] GC(52) User=0.16s Sys=0.00s Real=0.02s
[14.857s][debug  ][gc,heap        ] GC(52) Heap after GC invocations=53 (full 8):
[14.857s][debug  ][gc,heap        ] GC(52)  PSYoungGen      total 230912K, used 30720K [0x00000007f0000000, 0x0000000800000000, 0x0000000800000000)
[14.857s][debug  ][gc,heap        ] GC(52)   eden space 199680K, 0% used [0x00000007f0000000,0x00000007f0000000,0x00000007fc300000)
[14.857s][debug  ][gc,heap        ] GC(52)   from space 31232K, 98% used [0x00000007fc300000,0x00000007fe100030,0x00000007fe180000)
[14.857s][debug  ][gc,heap        ] GC(52)   to   space 31232K, 0% used [0x00000007fe180000,0x00000007fe180000,0x0000000800000000)
[14.857s][debug  ][gc,heap        ] GC(52)  ParOldGen       total 1203712K, used 1066596K [0x0000000700000000, 0x0000000749780000, 0x00000007f0000000)
[14.857s][debug  ][gc,heap        ] GC(52)   object space 1203712K, 88% used [0x0000000700000000,0x0000000741199278,0x0000000749780000)
[14.857s][debug  ][gc,heap        ] GC(52)  Metaspace       used 1022K, committed 1216K, reserved 1056768K
[14.857s][debug  ][gc,heap        ] GC(52)   class space    used 83K, committed 192K, reserved 1048576K
[14.857s][debug  ][gc,task,time   ] GC(52) VM-Thread 148388342 148553675 148574078
[14.857s][debug  ][gc,phases,start] GC(53) Pre Compact
[14.857s][debug  ][gc,heap        ] GC(53) Heap before GC invocations=54 (full 9):
[14.857s][debug  ][gc,heap        ] GC(53)  PSYoungGen      total 230912K, used 30720K [0x00000007f0000000, 0x0000000800000000, 0x0000000800000000)
[14.857s][debug  ][gc,heap        ] GC(53)   eden space 199680K, 0% used [0x00000007f0000000,0x00000007f0000000,0x00000007fc300000)
[14.858s][debug  ][gc,heap        ] GC(53)   from space 31232K, 98% used [0x00000007fc300000,0x00000007fe100030,0x00000007fe180000)
[14.858s][debug  ][gc,heap        ] GC(53)   to   space 31232K, 0% used [0x00000007fe180000,0x00000007fe180000,0x0000000800000000)
[14.858s][debug  ][gc,heap        ] GC(53)  ParOldGen       total 1203712K, used 1066596K [0x0000000700000000, 0x0000000749780000, 0x00000007f0000000)
[14.858s][debug  ][gc,heap        ] GC(53)   object space 1203712K, 88% used [0x0000000700000000,0x0000000741199278,0x0000000749780000)
[14.858s][debug  ][gc,heap        ] GC(53)  Metaspace       used 1022K, committed 1216K, reserved 1056768K
[14.858s][debug  ][gc,heap        ] GC(53)   class space    used 83K, committed 192K, reserved 1048576K
[14.858s][debug  ][gc,phases      ] GC(53) Pre Compact 0.201ms
[14.858s][info   ][gc,start       ] GC(53) Pause Full (Ergonomics)
[14.858s][info   ][gc,phases,start] GC(53) Marking Phase
[14.858s][debug  ][gc,phases,start] GC(53) Par Mark
[14.858s][debug  ][gc,phases      ] GC(53) Par Mark 0.537ms
[14.858s][debug  ][gc,phases,start] GC(53) Reference Processing
[14.858s][debug  ][gc,ref         ] GC(53) Skipped phase 1 of Reference Processing: no references
[14.858s][debug  ][gc,ref         ] GC(53) ReferenceProcessor::execute queues: 1, RefProcThreadModel::Single, marks_oops_alive: false
[14.858s][debug  ][gc,ref         ] GC(53) Skipped phase 3 of Reference Processing: no references
[14.858s][debug  ][gc,ref         ] GC(53) ReferenceProcessor::execute queues: 1, RefProcThreadModel::Single, marks_oops_alive: false
[14.858s][debug  ][gc,phases,ref  ] GC(53) Reference Processing: 0.1ms
[14.858s][debug  ][gc,phases,ref  ] GC(53)   Reconsider SoftReferences: 0.0ms
[14.858s][debug  ][gc,phases,ref  ] GC(53)     SoftRef (ms):                  skipped
[14.859s][debug  ][gc,phases,ref  ] GC(53)   Notify Soft/WeakReferences: 0.0ms
[14.859s][debug  ][gc,phases,ref  ] GC(53)     SoftRef (ms):                  Min:  0.0, Avg:  0.0, Max:  0.0, Diff:  0.0, Sum:  0.0, Workers: 10
[14.859s][debug  ][gc,phases,ref  ] GC(53)     WeakRef (ms):                  Min:  0.0, Avg:  0.0, Max:  0.0, Diff:  0.0, Sum:  0.0, Workers: 10
[14.859s][debug  ][gc,phases,ref  ] GC(53)     FinalRef (ms):                 Min:  0.0, Avg:  0.0, Max:  0.0, Diff:  0.0, Sum:  0.0, Workers: 10
[14.859s][debug  ][gc,phases,ref  ] GC(53)     Total (ms):                    Min:  0.0, Avg:  0.0, Max:  0.0, Diff:  0.0, Sum:  0.0, Workers: 10
[14.859s][debug  ][gc,phases,ref  ] GC(53)   Notify and keep alive finalizable: 0.0ms
[14.859s][debug  ][gc,phases,ref  ] GC(53)     FinalRef (ms):                 skipped
[14.859s][debug  ][gc,phases,ref  ] GC(53)   Notify PhantomReferences: 0.0ms
[14.859s][debug  ][gc,phases,ref  ] GC(53)     PhantomRef (ms):               Min:  0.0, Avg:  0.0, Max:  0.0, Diff:  0.0, Sum:  0.0, Workers: 10
[14.859s][debug  ][gc,phases,ref  ] GC(53)   SoftReference:
[14.859s][debug  ][gc,phases,ref  ] GC(53)     Discovered: 0
[14.859s][debug  ][gc,phases,ref  ] GC(53)     Cleared: 0
[14.859s][debug  ][gc,phases,ref  ] GC(53)   WeakReference:
[14.859s][debug  ][gc,phases,ref  ] GC(53)     Discovered: 77
[14.859s][debug  ][gc,phases,ref  ] GC(53)     Cleared: 77
[14.859s][debug  ][gc,phases,ref  ] GC(53)   FinalReference:
[14.859s][debug  ][gc,phases,ref  ] GC(53)     Discovered: 0
[14.859s][debug  ][gc,phases,ref  ] GC(53)     Cleared: 0
[14.859s][debug  ][gc,phases,ref  ] GC(53)   PhantomReference:
[14.859s][debug  ][gc,phases,ref  ] GC(53)     Discovered: 3
[14.859s][debug  ][gc,phases,ref  ] GC(53)     Cleared: 3
[14.859s][debug  ][gc,phases      ] GC(53) Reference Processing 0.637ms
[14.859s][debug  ][gc,phases,start] GC(53) Weak Processing
[14.859s][debug  ][gc,phases      ] GC(53)   VM Weak                        Min:  0.0, Avg:  0.0, Max:  0.0, Diff:  0.0, Sum:  0.0, Workers: 6
[14.859s][debug  ][gc,phases      ] GC(53)     Dead                           Min: 0, Avg:  0.0, Max: 0, Diff: 0, Sum: 0, Workers: 6
[14.859s][debug  ][gc,phases      ] GC(53)     Total                          Min: 0, Avg:  1.3, Max: 8, Diff: 8, Sum: 8, Workers: 6
[14.859s][debug  ][gc,phases      ] GC(53)   ObjectSynchronizer Weak        Min:  0.0, Avg:  0.0, Max:  0.0, Diff:  0.0, Sum:  0.0, Workers: 6
[14.859s][debug  ][gc,phases      ] GC(53)     Dead                           Min: 0, Avg:  0.0, Max: 0, Diff: 0, Sum: 0, Workers: 6
[14.859s][debug  ][gc,phases      ] GC(53)     Total                          Min: 0, Avg:  0.5, Max: 3, Diff: 3, Sum: 3, Workers: 6
[14.859s][debug  ][gc,phases      ] GC(53)   JVMTI Tag Weak OopStorage      Min:  0.0, Avg:  0.0, Max:  0.0, Diff:  0.0, Sum:  0.0, Workers: 6
[14.859s][debug  ][gc,phases      ] GC(53)     Dead                           Min: 0, Avg:  0.0, Max: 0, Diff: 0, Sum: 0, Workers: 6
[14.859s][debug  ][gc,phases      ] GC(53)     Total                          Min: 0, Avg:  0.0, Max: 0, Diff: 0, Sum: 0, Workers: 6
[14.859s][debug  ][gc,phases      ] GC(53)   StringTable Weak               Min:  0.0, Avg:  0.0, Max:  0.0, Diff:  0.0, Sum:  0.0, Workers: 6
[14.859s][debug  ][gc,phases      ] GC(53)     Dead                           Min: 0, Avg:  0.0, Max: 0, Diff: 0, Sum: 0, Workers: 6
[14.859s][debug  ][gc,phases      ] GC(53)     Total                          Min: 767, Avg: 892.5, Max: 1260, Diff: 493, Sum: 5355, Workers: 6
[14.859s][debug  ][gc,phases      ] GC(53)   ResolvedMethodTable Weak       Min:  0.0, Avg:  0.0, Max:  0.0, Diff:  0.0, Sum:  0.0, Workers: 6
[14.859s][debug  ][gc,phases      ] GC(53)     Dead                           Min: 0, Avg:  0.0, Max: 0, Diff: 0, Sum: 0, Workers: 6
[14.859s][debug  ][gc,phases      ] GC(53)     Total                          Min: 0, Avg: 21.7, Max: 64, Diff: 64, Sum: 130, Workers: 6
[14.859s][debug  ][gc,phases      ] GC(53)   JNI Weak                       Min:  0.0, Avg:  0.0, Max:  0.0, Diff:  0.0, Sum:  0.0, Workers: 6
[14.859s][debug  ][gc,phases      ] GC(53)     Dead                           Min: 0, Avg:  0.0, Max: 0, Diff: 0, Sum: 0, Workers: 6
[14.859s][debug  ][gc,phases      ] GC(53)     Total                          Min: 0, Avg:  0.0, Max: 0, Diff: 0, Sum: 0, Workers: 6
[14.859s][debug  ][gc,phases      ] GC(53)   StringDedup Table Weak         Min:  0.0, Avg:  0.0, Max:  0.0, Diff:  0.0, Sum:  0.0, Workers: 6
[14.859s][debug  ][gc,phases      ] GC(53)     Dead                           Min: 0, Avg:  0.0, Max: 0, Diff: 0, Sum: 0, Workers: 6
[14.859s][debug  ][gc,phases      ] GC(53)     Total                          Min: 0, Avg:  0.0, Max: 0, Diff: 0, Sum: 0, Workers: 6
[14.859s][debug  ][gc,phases      ] GC(53)   StringDedup Requests0 Weak     Min:  0.0, Avg:  0.0, Max:  0.0, Diff:  0.0, Sum:  0.0, Workers: 6
[14.859s][debug  ][gc,phases      ] GC(53)     Dead                           Min: 0, Avg:  0.0, Max: 0, Diff: 0, Sum: 0, Workers: 6
[14.860s][debug  ][gc,phases      ] GC(53)     Total                          Min: 0, Avg:  0.0, Max: 0, Diff: 0, Sum: 0, Workers: 6
[14.860s][debug  ][gc,phases      ] GC(53)   StringDedup Requests1 Weak     Min:  0.0, Avg:  0.0, Max:  0.0, Diff:  0.0, Sum:  0.0, Workers: 6
[14.860s][debug  ][gc,phases      ] GC(53)     Dead                           Min: 0, Avg:  0.0, Max: 0, Diff: 0, Sum: 0, Workers: 6
[14.860s][debug  ][gc,phases      ] GC(53)     Total                          Min: 0, Avg:  0.0, Max: 0, Diff: 0, Sum: 0, Workers: 6
[14.860s][debug  ][gc,phases      ] GC(53)   Weak JFR Old Object Samples    Min:  0.0, Avg:  0.0, Max:  0.0, Diff:  0.0, Sum:  0.0, Workers: 6
[14.860s][debug  ][gc,phases      ] GC(53)     Dead                           Min: 0, Avg:  0.0, Max: 0, Diff: 0, Sum: 0, Workers: 6
[14.860s][debug  ][gc,phases      ] GC(53)     Total                          Min: 0, Avg:  0.0, Max: 0, Diff: 0, Sum: 0, Workers: 6
[14.860s][debug  ][gc,phases      ] GC(53) Weak Processing 0.707ms
[14.860s][debug  ][gc,phases,start] GC(53) Class Unloading
[14.860s][debug  ][gc,phases,start] GC(53) ClassLoaderData
[14.860s][debug  ][gc,phases      ] GC(53) ClassLoaderData 0.028ms
[14.860s][debug  ][gc,phases,start] GC(53) Trigger cleanups
[14.860s][debug  ][gc,phases      ] GC(53) Trigger cleanups 0.019ms
[14.860s][debug  ][gc,phases      ] GC(53) Class Unloading 0.269ms
[14.860s][info   ][gc,phases      ] GC(53) Marking Phase 2.289ms
[14.860s][info   ][gc,phases,start] GC(53) Summary Phase
[14.860s][info   ][gc,phases      ] GC(53) Summary Phase 0.041ms
[14.860s][info   ][gc,phases,start] GC(53) Adjust Roots
[14.860s][info   ][gc,phases      ] GC(53) Adjust Roots 0.155ms
[14.860s][info   ][gc,phases,start] GC(53) Compaction Phase
[14.887s][info   ][gc,phases      ] GC(53) Compaction Phase 26.618ms
[14.887s][info   ][gc,phases,start] GC(53) Post Compact
[14.891s][info   ][gc,phases      ] GC(53) Post Compact 3.612ms
[14.891s][debug  ][gc,ergo        ] GC(53) AdaptiveSizeStart: collection: 54 
[14.891s][debug  ][gc,ergo        ] GC(53) PSAdaptiveSizePolicy::compute_eden_space_size limits: desired_eden_size: 231671058 old_eden_size: 204472320 eden_limit: 204472320 cur_eden: 204472320 max_eden_size: 204472320 avg_young_live: 22970926
[14.891s][debug  ][gc,ergo        ] GC(53) PSAdaptiveSizePolicy::compute_eden_space_size: costs minor_time: 0.045061 major_cost: 0.029639 mutator_cost: 0.925301 throughput_goal: 0.990000
[14.891s][debug  ][gc,ergo        ] GC(53) Live_space: 864114816 free_space: 668991488
[14.891s][debug  ][gc,ergo        ] GC(53) Old eden_size: 204472320 desired_eden_size: 204472320
[14.891s][debug  ][gc,ergo        ] GC(53) PSAdaptiveSizePolicy::compute_old_gen_free_space: costs minor_time: 0.045061 major_cost: 0.029639  mutator_cost: 0.925301 throughput_goal: 0.990000
[14.891s][debug  ][gc,ergo        ] GC(53) Live_space: 828983552 free_space: 668991488
[14.891s][debug  ][gc,ergo        ] GC(53) Old promo_size: 464519168 desired_promo_size: 511180800
[14.900s][debug  ][gc             ] GC(53) Shrinking ParOldGen from 1203712K by 185344K to 1018368K
[14.900s][debug  ][gc,ergo        ] GC(53) AdaptiveSizeStop: collection: 54 
[14.900s][info   ][gc,heap        ] GC(53) PSYoungGen: 30720K(230912K)->0K(230912K) Eden: 0K(199680K)->0K(199680K) From: 30720K(31232K)->0K(31232K)
[14.900s][info   ][gc,heap        ] GC(53) ParOldGen: 1066596K(1203712K)->247395K(1018368K)
[14.900s][info   ][gc,metaspace   ] GC(53) Metaspace: 1022K(1216K)->1022K(1216K) NonClass: 938K(1024K)->938K(1024K) Class: 83K(192K)->83K(192K)
[14.900s][info   ][gc             ] GC(53) Pause Full (Ergonomics) 1071M->241M(1220M) 42.149ms
[14.900s][info   ][gc,cpu         ] GC(53) User=0.30s Sys=0.02s Real=0.04s
[14.900s][debug  ][gc,heap        ] GC(53) Heap after GC invocations=54 (full 9):
[14.900s][debug  ][gc,heap        ] GC(53)  PSYoungGen      total 230912K, used 0K [0x00000007f0000000, 0x0000000800000000, 0x0000000800000000)
[14.900s][debug  ][gc,heap        ] GC(53)   eden space 199680K, 0% used [0x00000007f0000000,0x00000007f0000000,0x00000007fc300000)
[14.900s][debug  ][gc,heap        ] GC(53)   from space 31232K, 0% used [0x00000007fe180000,0x00000007fe180000,0x0000000800000000)
[14.900s][debug  ][gc,heap        ] GC(53)   to   space 31232K, 0% used [0x00000007fc300000,0x00000007fc300000,0x00000007fe180000)
[14.900s][debug  ][gc,heap        ] GC(53)  ParOldGen       total 1018368K, used 247395K [0x0000000700000000, 0x000000073e280000, 0x00000007f0000000)
[14.900s][debug  ][gc,heap        ] GC(53)   object space 1018368K, 24% used [0x0000000700000000,0x000000070f198d78,0x000000073e280000)
[14.900s][debug  ][gc,heap        ] GC(53)  Metaspace       used 1022K, committed 1216K, reserved 1056768K
[14.900s][debug  ][gc,heap        ] GC(53)   class space    used 83K, committed 192K, reserved 1048576K
[14.900s][debug  ][gc,task,time   ] GC(53) VM-Thread 148576889 148602761 148998742
[15.200s][debug  ][gc,heap        ] GC(54) Heap before GC invocations=55 (full 9):
[15.200s][debug  ][gc,heap        ] GC(54)  PSYoungGen      total 230912K, used 198448K [0x00000007f0000000, 0x0000000800000000, 0x0000000800000000)
[15.200s][debug  ][gc,heap        ] GC(54)   eden space 199680K, 99% used [0x00000007f0000000,0x00000007fc1cc3d0,0x00000007fc300000)
[15.200s][debug  ][gc,heap        ] GC(54)   from space 31232K, 0% used [0x00000007fe180000,0x00000007fe180000,0x0000000800000000)
[15.200s][debug  ][gc,heap        ] GC(54)   to   space 31232K, 0% used [0x00000007fc300000,0x00000007fc300000,0x00000007fe180000)
[15.200s][debug  ][gc,heap        ] GC(54)  ParOldGen       total 1018368K, used 247395K [0x0000000700000000, 0x000000073e280000, 0x00000007f0000000)
[15.200s][debug  ][gc,heap        ] GC(54)   object space 1018368K, 24% used [0x0000000700000000,0x000000070f198d78,0x000000073e280000)
[15.201s][debug  ][gc,heap        ] GC(54)  Metaspace       used 1022K, committed 1216K, reserved 1056768K
[15.201s][debug  ][gc,heap        ] GC(54)   class space    used 83K, committed 192K, reserved 1048576K
[15.201s][debug  ][gc,tlab        ] GC(54) TLAB totals: thrds: 1  refills: 1 max: 1 slow allocs: 18 max 18 waste: 27.5% gc: 3981984B max: 3981984B slow: 0B max: 0B
[15.201s][info   ][gc,start       ] GC(54) Pause Young (Allocation Failure)
[15.201s][debug  ][gc,phases,start] GC(54) Scavenge
[15.214s][debug  ][gc,phases      ] GC(54) Scavenge 13.142ms
[15.214s][debug  ][gc,phases,start] GC(54) Reference Processing
[15.214s][debug  ][gc,ref         ] GC(54) Skipped phase 1 of Reference Processing: no references
[15.214s][debug  ][gc,ref         ] GC(54) Skipped phase 2 of Reference Processing: no references
[15.214s][debug  ][gc,ref         ] GC(54) Skipped phase 3 of Reference Processing: no references
[15.214s][debug  ][gc,ref         ] GC(54) Skipped phase 4 of Reference Processing: no references
[15.214s][debug  ][gc,phases,ref  ] GC(54) Reference Processing: 0.1ms
[15.214s][debug  ][gc,phases,ref  ] GC(54)   Reconsider SoftReferences: 0.0ms
[15.214s][debug  ][gc,phases,ref  ] GC(54)     SoftRef (ms):                  skipped
[15.214s][debug  ][gc,phases,ref  ] GC(54)   Notify Soft/WeakReferences: 0.0ms
[15.214s][debug  ][gc,phases,ref  ] GC(54)     SoftRef (ms):                  skipped
[15.214s][debug  ][gc,phases,ref  ] GC(54)     WeakRef (ms):                  skipped
[15.214s][debug  ][gc,phases,ref  ] GC(54)     FinalRef (ms):                 skipped
[15.214s][debug  ][gc,phases,ref  ] GC(54)     Total (ms):                    skipped
[15.214s][debug  ][gc,phases,ref  ] GC(54)   Notify and keep alive finalizable: 0.0ms
[15.214s][debug  ][gc,phases,ref  ] GC(54)     FinalRef (ms):                 skipped
[15.214s][debug  ][gc,phases,ref  ] GC(54)   Notify PhantomReferences: 0.0ms
[15.214s][debug  ][gc,phases,ref  ] GC(54)     PhantomRef (ms):               skipped
[15.214s][debug  ][gc,phases,ref  ] GC(54)   SoftReference:
[15.214s][debug  ][gc,phases,ref  ] GC(54)     Discovered: 0
[15.214s][debug  ][gc,phases,ref  ] GC(54)     Cleared: 0
[15.214s][debug  ][gc,phases,ref  ] GC(54)   WeakReference:
[15.214s][debug  ][gc,phases,ref  ] GC(54)     Discovered: 0
[15.214s][debug  ][gc,phases,ref  ] GC(54)     Cleared: 0
[15.214s][debug  ][gc,phases,ref  ] GC(54)   FinalReference:
[15.215s][debug  ][gc,phases,ref  ] GC(54)     Discovered: 0
[15.215s][debug  ][gc,phases,ref  ] GC(54)     Cleared: 0
[15.215s][debug  ][gc,phases,ref  ] GC(54)   PhantomReference:
[15.215s][debug  ][gc,phases,ref  ] GC(54)     Discovered: 0
[15.215s][debug  ][gc,phases,ref  ] GC(54)     Cleared: 0
[15.215s][debug  ][gc,phases      ] GC(54) Reference Processing 0.733ms
[15.215s][debug  ][gc,phases,start] GC(54) Weak Processing
[15.215s][debug  ][gc,phases      ] GC(54)   VM Weak                        Min:  0.0, Avg:  0.0, Max:  0.0, Diff:  0.0, Sum:  0.0, Workers: 6
[15.215s][debug  ][gc,phases      ] GC(54)     Dead                           Min: 0, Avg:  0.0, Max: 0, Diff: 0, Sum: 0, Workers: 6
[15.215s][debug  ][gc,phases      ] GC(54)     Total                          Min: 0, Avg:  1.3, Max: 8, Diff: 8, Sum: 8, Workers: 6
[15.215s][debug  ][gc,phases      ] GC(54)   ObjectSynchronizer Weak        Min:  0.0, Avg:  0.0, Max:  0.0, Diff:  0.0, Sum:  0.0, Workers: 6
[15.215s][debug  ][gc,phases      ] GC(54)     Dead                           Min: 0, Avg:  0.0, Max: 0, Diff: 0, Sum: 0, Workers: 6
[15.215s][debug  ][gc,phases      ] GC(54)     Total                          Min: 0, Avg:  0.5, Max: 3, Diff: 3, Sum: 3, Workers: 6
[15.215s][debug  ][gc,phases      ] GC(54)   JVMTI Tag Weak OopStorage      Min:  0.0, Avg:  0.0, Max:  0.0, Diff:  0.0, Sum:  0.0, Workers: 6
[15.215s][debug  ][gc,phases      ] GC(54)     Dead                           Min: 0, Avg:  0.0, Max: 0, Diff: 0, Sum: 0, Workers: 6
[15.215s][debug  ][gc,phases      ] GC(54)     Total                          Min: 0, Avg:  0.0, Max: 0, Diff: 0, Sum: 0, Workers: 6
[15.215s][debug  ][gc,phases      ] GC(54)   StringTable Weak               Min:  0.0, Avg:  0.0, Max:  0.0, Diff:  0.0, Sum:  0.0, Workers: 6
[15.215s][debug  ][gc,phases      ] GC(54)     Dead                           Min: 0, Avg:  0.0, Max: 0, Diff: 0, Sum: 0, Workers: 6
[15.215s][debug  ][gc,phases      ] GC(54)     Total                          Min: 704, Avg: 892.5, Max: 1195, Diff: 491, Sum: 5355, Workers: 6
[15.215s][debug  ][gc,phases      ] GC(54)   ResolvedMethodTable Weak       Min:  0.0, Avg:  0.0, Max:  0.0, Diff:  0.0, Sum:  0.0, Workers: 6
[15.215s][debug  ][gc,phases      ] GC(54)     Dead                           Min: 0, Avg:  0.0, Max: 0, Diff: 0, Sum: 0, Workers: 6
[15.215s][debug  ][gc,phases      ] GC(54)     Total                          Min: 0, Avg: 21.7, Max: 64, Diff: 64, Sum: 130, Workers: 6
[15.215s][debug  ][gc,phases      ] GC(54)   JNI Weak                       Min:  0.0, Avg:  0.0, Max:  0.0, Diff:  0.0, Sum:  0.0, Workers: 6
[15.215s][debug  ][gc,phases      ] GC(54)     Dead                           Min: 0, Avg:  0.0, Max: 0, Diff: 0, Sum: 0, Workers: 6
[15.215s][debug  ][gc,phases      ] GC(54)     Total                          Min: 0, Avg:  0.0, Max: 0, Diff: 0, Sum: 0, Workers: 6
[15.215s][debug  ][gc,phases      ] GC(54)   StringDedup Table Weak         Min:  0.0, Avg:  0.0, Max:  0.0, Diff:  0.0, Sum:  0.0, Workers: 6
[15.215s][debug  ][gc,phases      ] GC(54)     Dead                           Min: 0, Avg:  0.0, Max: 0, Diff: 0, Sum: 0, Workers: 6
[15.215s][debug  ][gc,phases      ] GC(54)     Total                          Min: 0, Avg:  0.0, Max: 0, Diff: 0, Sum: 0, Workers: 6
[15.215s][debug  ][gc,phases      ] GC(54)   StringDedup Requests0 Weak     Min:  0.0, Avg:  0.0, Max:  0.0, Diff:  0.0, Sum:  0.0, Workers: 6
[15.215s][debug  ][gc,phases      ] GC(54)     Dead                           Min: 0, Avg:  0.0, Max: 0, Diff: 0, Sum: 0, Workers: 6
[15.215s][debug  ][gc,phases      ] GC(54)     Total                          Min: 0, Avg:  0.0, Max: 0, Diff: 0, Sum: 0, Workers: 6
[15.215s][debug  ][gc,phases      ] GC(54)   StringDedup Requests1 Weak     Min:  0.0, Avg:  0.0, Max:  0.0, Diff:  0.0, Sum:  0.0, Workers: 6
[15.215s][debug  ][gc,phases      ] GC(54)     Dead                           Min: 0, Avg:  0.0, Max: 0, Diff: 0, Sum: 0, Workers: 6
[15.215s][debug  ][gc,phases      ] GC(54)     Total                          Min: 0, Avg:  0.0, Max: 0, Diff: 0, Sum: 0, Workers: 6
[15.215s][debug  ][gc,phases      ] GC(54)   Weak JFR Old Object Samples    Min:  0.0, Avg:  0.0, Max:  0.0, Diff:  0.0, Sum:  0.0, Workers: 6
[15.215s][debug  ][gc,phases      ] GC(54)     Dead                           Min: 0, Avg:  0.0, Max: 0, Diff: 0, Sum: 0, Workers: 6
[15.215s][debug  ][gc,phases      ] GC(54)     Total                          Min: 0, Avg:  0.0, Max: 0, Diff: 0, Sum: 0, Workers: 6
[15.215s][debug  ][gc,phases      ] GC(54) Weak Processing 0.806ms
[15.215s][debug  ][gc,ergo        ] GC(54) AdaptiveSizeStart:  collection: 55 
[15.216s][debug  ][gc,ergo        ] GC(54) avg_survived_padded_avg: 31745446.000000
[15.216s][debug  ][gc,ergo        ] GC(54) avg_promoted_padded_avg: 268708928.000000  avg_pretenured_padded_avg: 0.000000  tenuring_thresh: 1  target_size: 31981568
[15.216s][debug  ][gc,age         ] GC(54) Desired survivor size 31981568 bytes, new threshold 1 (max threshold 15)
[15.216s][debug  ][gc,ergo        ] GC(54) PSAdaptiveSizePolicy::compute_eden_space_size limits: desired_eden_size: 231442404 old_eden_size: 204472320 eden_limit: 204472320 cur_eden: 204472320 max_eden_size: 204472320 avg_young_live: 23819564
[15.216s][debug  ][gc,ergo        ] GC(54) PSAdaptiveSizePolicy::compute_eden_space_size: costs minor_time: 0.044118 major_cost: 0.029639 mutator_cost: 0.926243 throughput_goal: 0.990000
[15.216s][debug  ][gc,ergo        ] GC(54) Live_space: 829832192 free_space: 715653120
[15.216s][debug  ][gc,ergo        ] GC(54) Old eden_size: 204472320 desired_eden_size: 204472320
[15.216s][debug  ][gc,ergo        ] GC(54) AdaptiveSizeStop: collection: 55 
[15.216s][info   ][gc,heap        ] GC(54) PSYoungGen: 198448K(230912K)->30720K(230912K) Eden: 198448K(199680K)->0K(199680K) From: 0K(31232K)->30720K(31232K)
[15.216s][info   ][gc,heap        ] GC(54) ParOldGen: 247395K(1018368K)->411235K(1018368K)
[15.216s][info   ][gc,metaspace   ] GC(54) Metaspace: 1022K(1216K)->1022K(1216K) NonClass: 938K(1024K)->938K(1024K) Class: 83K(192K)->83K(192K)
[15.216s][info   ][gc             ] GC(54) Pause Young (Allocation Failure) 435M->431M(1220M) 15.158ms
[15.216s][info   ][gc,cpu         ] GC(54) User=0.12s Sys=0.00s Real=0.02s
[15.216s][debug  ][gc,heap        ] GC(54) Heap after GC invocations=55 (full 9):
[15.216s][debug  ][gc,heap        ] GC(54)  PSYoungGen      total 230912K, used 30720K [0x00000007f0000000, 0x0000000800000000, 0x0000000800000000)
[15.216s][debug  ][gc,heap        ] GC(54)   eden space 199680K, 0% used [0x00000007f0000000,0x00000007f0000000,0x00000007fc300000)
[15.216s][debug  ][gc,heap        ] GC(54)   from space 31232K, 98% used [0x00000007fc300000,0x00000007fe100030,0x00000007fe180000)
[15.216s][debug  ][gc,heap        ] GC(54)   to   space 31232K, 0% used [0x00000007fe180000,0x00000007fe180000,0x0000000800000000)
[15.216s][debug  ][gc,heap        ] GC(54)  ParOldGen       total 1018368K, used 411235K [0x0000000700000000, 0x000000073e280000, 0x00000007f0000000)
[15.216s][debug  ][gc,heap        ] GC(54)   object space 1018368K, 40% used [0x0000000700000000,0x0000000719198e78,0x000000073e280000)
[15.216s][debug  ][gc,heap        ] GC(54)  Metaspace       used 1022K, committed 1216K, reserved 1056768K
[15.216s][debug  ][gc,heap        ] GC(54)   class space    used 83K, committed 192K, reserved 1048576K
[15.216s][debug  ][gc,task,time   ] GC(54) VM-Thread 152002457 152139052 152161525
[15.517s][debug  ][gc,heap        ] GC(55) Heap before GC invocations=56 (full 9):
[15.517s][debug  ][gc,heap        ] GC(55)  PSYoungGen      total 230912K, used 229106K [0x00000007f0000000, 0x0000000800000000, 0x0000000800000000)
[15.517s][debug  ][gc,heap        ] GC(55)   eden space 199680K, 99% used [0x00000007f0000000,0x00000007fc1bc8a8,0x00000007fc300000)
[15.517s][debug  ][gc,heap        ] GC(55)   from space 31232K, 98% used [0x00000007fc300000,0x00000007fe100030,0x00000007fe180000)
[15.518s][debug  ][gc,heap        ] GC(55)   to   space 31232K, 0% used [0x00000007fe180000,0x00000007fe180000,0x0000000800000000)
[15.518s][debug  ][gc,heap        ] GC(55)  ParOldGen       total 1018368K, used 411235K [0x0000000700000000, 0x000000073e280000, 0x00000007f0000000)
[15.518s][debug  ][gc,heap        ] GC(55)   object space 1018368K, 40% used [0x0000000700000000,0x0000000719198e78,0x000000073e280000)
[15.518s][debug  ][gc,heap        ] GC(55)  Metaspace       used 1022K, committed 1216K, reserved 1056768K
[15.518s][debug  ][gc,heap        ] GC(55)   class space    used 83K, committed 192K, reserved 1048576K
[15.518s][debug  ][gc,tlab        ] GC(55) TLAB totals: thrds: 1  refills: 1 max: 1 slow allocs: 18 max 18 waste: 27.2% gc: 3917688B max: 3917688B slow: 0B max: 0B
[15.518s][info   ][gc,start       ] GC(55) Pause Young (Allocation Failure)
[15.518s][debug  ][gc,phases,start] GC(55) Scavenge
[15.533s][debug  ][gc,phases      ] GC(55) Scavenge 15.417ms
[15.533s][debug  ][gc,phases,start] GC(55) Reference Processing
[15.533s][debug  ][gc,ref         ] GC(55) Skipped phase 1 of Reference Processing: no references
[15.533s][debug  ][gc,ref         ] GC(55) Skipped phase 2 of Reference Processing: no references
[15.533s][debug  ][gc,ref         ] GC(55) Skipped phase 3 of Reference Processing: no references
[15.533s][debug  ][gc,ref         ] GC(55) Skipped phase 4 of Reference Processing: no references
[15.533s][debug  ][gc,phases,ref  ] GC(55) Reference Processing: 0.1ms
[15.533s][debug  ][gc,phases,ref  ] GC(55)   Reconsider SoftReferences: 0.0ms
[15.533s][debug  ][gc,phases,ref  ] GC(55)     SoftRef (ms):                  skipped
[15.533s][debug  ][gc,phases,ref  ] GC(55)   Notify Soft/WeakReferences: 0.0ms
[15.533s][debug  ][gc,phases,ref  ] GC(55)     SoftRef (ms):                  skipped
[15.534s][debug  ][gc,phases,ref  ] GC(55)     WeakRef (ms):                  skipped
[15.534s][debug  ][gc,phases,ref  ] GC(55)     FinalRef (ms):                 skipped
[15.534s][debug  ][gc,phases,ref  ] GC(55)     Total (ms):                    skipped
[15.534s][debug  ][gc,phases,ref  ] GC(55)   Notify and keep alive finalizable: 0.0ms
[15.534s][debug  ][gc,phases,ref  ] GC(55)     FinalRef (ms):                 skipped
[15.534s][debug  ][gc,phases,ref  ] GC(55)   Notify PhantomReferences: 0.0ms
[15.534s][debug  ][gc,phases,ref  ] GC(55)     PhantomRef (ms):               skipped
[15.534s][debug  ][gc,phases,ref  ] GC(55)   SoftReference:
[15.534s][debug  ][gc,phases,ref  ] GC(55)     Discovered: 0
[15.534s][debug  ][gc,phases,ref  ] GC(55)     Cleared: 0
[15.534s][debug  ][gc,phases,ref  ] GC(55)   WeakReference:
[15.534s][debug  ][gc,phases,ref  ] GC(55)     Discovered: 0
[15.534s][debug  ][gc,phases,ref  ] GC(55)     Cleared: 0
[15.534s][debug  ][gc,phases,ref  ] GC(55)   FinalReference:
[15.534s][debug  ][gc,phases,ref  ] GC(55)     Discovered: 0
[15.534s][debug  ][gc,phases,ref  ] GC(55)     Cleared: 0
[15.534s][debug  ][gc,phases,ref  ] GC(55)   PhantomReference:
[15.534s][debug  ][gc,phases,ref  ] GC(55)     Discovered: 0
[15.534s][debug  ][gc,phases,ref  ] GC(55)     Cleared: 0
[15.534s][debug  ][gc,phases      ] GC(55) Reference Processing 0.565ms
[15.534s][debug  ][gc,phases,start] GC(55) Weak Processing
[15.534s][debug  ][gc,phases      ] GC(55)   VM Weak                        Min:  0.0, Avg:  0.0, Max:  0.0, Diff:  0.0, Sum:  0.0, Workers: 6
[15.534s][debug  ][gc,phases      ] GC(55)     Dead                           Min: 0, Avg:  0.0, Max: 0, Diff: 0, Sum: 0, Workers: 6
[15.534s][debug  ][gc,phases      ] GC(55)     Total                          Min: 0, Avg:  1.3, Max: 8, Diff: 8, Sum: 8, Workers: 6
[15.534s][debug  ][gc,phases      ] GC(55)   ObjectSynchronizer Weak        Min:  0.0, Avg:  0.0, Max:  0.0, Diff:  0.0, Sum:  0.0, Workers: 6
[15.534s][debug  ][gc,phases      ] GC(55)     Dead                           Min: 0, Avg:  0.0, Max: 0, Diff: 0, Sum: 0, Workers: 6
[15.534s][debug  ][gc,phases      ] GC(55)     Total                          Min: 0, Avg:  0.5, Max: 3, Diff: 3, Sum: 3, Workers: 6
[15.534s][debug  ][gc,phases      ] GC(55)   JVMTI Tag Weak OopStorage      Min:  0.0, Avg:  0.0, Max:  0.0, Diff:  0.0, Sum:  0.0, Workers: 6
[15.534s][debug  ][gc,phases      ] GC(55)     Dead                           Min: 0, Avg:  0.0, Max: 0, Diff: 0, Sum: 0, Workers: 6
[15.534s][debug  ][gc,phases      ] GC(55)     Total                          Min: 0, Avg:  0.0, Max: 0, Diff: 0, Sum: 0, Workers: 6
[15.534s][debug  ][gc,phases      ] GC(55)   StringTable Weak               Min:  0.0, Avg:  0.0, Max:  0.0, Diff:  0.0, Sum:  0.0, Workers: 6
[15.534s][debug  ][gc,phases      ] GC(55)     Dead                           Min: 0, Avg:  0.0, Max: 0, Diff: 0, Sum: 0, Workers: 6
[15.534s][debug  ][gc,phases      ] GC(55)     Total                          Min: 704, Avg: 892.5, Max: 1216, Diff: 512, Sum: 5355, Workers: 6
[15.534s][debug  ][gc,phases      ] GC(55)   ResolvedMethodTable Weak       Min:  0.0, Avg:  0.0, Max:  0.0, Diff:  0.0, Sum:  0.0, Workers: 6
[15.534s][debug  ][gc,phases      ] GC(55)     Dead                           Min: 0, Avg:  0.0, Max: 0, Diff: 0, Sum: 0, Workers: 6
[15.534s][debug  ][gc,phases      ] GC(55)     Total                          Min: 0, Avg: 21.7, Max: 64, Diff: 64, Sum: 130, Workers: 6
[15.534s][debug  ][gc,phases      ] GC(55)   JNI Weak                       Min:  0.0, Avg:  0.0, Max:  0.0, Diff:  0.0, Sum:  0.0, Workers: 6
[15.534s][debug  ][gc,phases      ] GC(55)     Dead                           Min: 0, Avg:  0.0, Max: 0, Diff: 0, Sum: 0, Workers: 6
[15.534s][debug  ][gc,phases      ] GC(55)     Total                          Min: 0, Avg:  0.0, Max: 0, Diff: 0, Sum: 0, Workers: 6
[15.534s][debug  ][gc,phases      ] GC(55)   StringDedup Table Weak         Min:  0.0, Avg:  0.0, Max:  0.0, Diff:  0.0, Sum:  0.0, Workers: 6
[15.534s][debug  ][gc,phases      ] GC(55)     Dead                           Min: 0, Avg:  0.0, Max: 0, Diff: 0, Sum: 0, Workers: 6
[15.534s][debug  ][gc,phases      ] GC(55)     Total                          Min: 0, Avg:  0.0, Max: 0, Diff: 0, Sum: 0, Workers: 6
[15.534s][debug  ][gc,phases      ] GC(55)   StringDedup Requests0 Weak     Min:  0.0, Avg:  0.0, Max:  0.0, Diff:  0.0, Sum:  0.0, Workers: 6
[15.534s][debug  ][gc,phases      ] GC(55)     Dead                           Min: 0, Avg:  0.0, Max: 0, Diff: 0, Sum: 0, Workers: 6
[15.534s][debug  ][gc,phases      ] GC(55)     Total                          Min: 0, Avg:  0.0, Max: 0, Diff: 0, Sum: 0, Workers: 6
[15.534s][debug  ][gc,phases      ] GC(55)   StringDedup Requests1 Weak     Min:  0.0, Avg:  0.0, Max:  0.0, Diff:  0.0, Sum:  0.0, Workers: 6
[15.534s][debug  ][gc,phases      ] GC(55)     Dead                           Min: 0, Avg:  0.0, Max: 0, Diff: 0, Sum: 0, Workers: 6
[15.534s][debug  ][gc,phases      ] GC(55)     Total                          Min: 0, Avg:  0.0, Max: 0, Diff: 0, Sum: 0, Workers: 6
[15.535s][debug  ][gc,phases      ] GC(55)   Weak JFR Old Object Samples    Min:  0.0, Avg:  0.0, Max:  0.0, Diff:  0.0, Sum:  0.0, Workers: 6
[15.535s][debug  ][gc,phases      ] GC(55)     Dead                           Min: 0, Avg:  0.0, Max: 0, Diff: 0, Sum: 0, Workers: 6
[15.535s][debug  ][gc,phases      ] GC(55)     Total                          Min: 0, Avg:  0.0, Max: 0, Diff: 0, Sum: 0, Workers: 6
[15.535s][debug  ][gc,phases      ] GC(55) Weak Processing 0.685ms
[15.535s][debug  ][gc,ergo        ] GC(55) AdaptiveSizeStart:  collection: 56 
[15.535s][debug  ][gc,ergo        ] GC(55) avg_survived_padded_avg: 31722558.000000
[15.535s][debug  ][gc,ergo        ] GC(55) avg_promoted_padded_avg: 271987040.000000  avg_pretenured_padded_avg: 0.000000  tenuring_thresh: 1  target_size: 31981568
[15.535s][debug  ][gc,age         ] GC(55) Desired survivor size 31981568 bytes, new threshold 1 (max threshold 15)
[15.535s][debug  ][gc,ergo        ] GC(55) PSAdaptiveSizePolicy::compute_eden_space_size limits: desired_eden_size: 231947530 old_eden_size: 204472320 eden_limit: 204472320 cur_eden: 204472320 max_eden_size: 204472320 avg_young_live: 24583340
[15.535s][debug  ][gc,ergo        ] GC(55) PSAdaptiveSizePolicy::compute_eden_space_size: costs minor_time: 0.046233 major_cost: 0.029639 mutator_cost: 0.924128 throughput_goal: 0.990000
[15.535s][debug  ][gc,ergo        ] GC(55) Live_space: 830595968 free_space: 715653120
[15.535s][debug  ][gc,ergo        ] GC(55) Old eden_size: 204472320 desired_eden_size: 204472320
[15.535s][debug  ][gc,ergo        ] GC(55) AdaptiveSizeStop: collection: 56 
[15.535s][info   ][gc,heap        ] GC(55) PSYoungGen: 229106K(230912K)->30720K(230912K) Eden: 198386K(199680K)->0K(199680K) From: 30720K(31232K)->30720K(31232K)
[15.535s][info   ][gc,heap        ] GC(55) ParOldGen: 411235K(1018368K)->605795K(1018368K)
[15.535s][info   ][gc,metaspace   ] GC(55) Metaspace: 1022K(1216K)->1022K(1216K) NonClass: 938K(1024K)->938K(1024K) Class: 83K(192K)->83K(192K)
[15.535s][info   ][gc             ] GC(55) Pause Young (Allocation Failure) 625M->621M(1220M) 17.136ms
[15.535s][info   ][gc,cpu         ] GC(55) User=0.16s Sys=0.00s Real=0.02s
[15.535s][debug  ][gc,heap        ] GC(55) Heap after GC invocations=56 (full 9):
[15.535s][debug  ][gc,heap        ] GC(55)  PSYoungGen      total 230912K, used 30720K [0x00000007f0000000, 0x0000000800000000, 0x0000000800000000)
[15.535s][debug  ][gc,heap        ] GC(55)   eden space 199680K, 0% used [0x00000007f0000000,0x00000007f0000000,0x00000007fc300000)
[15.535s][debug  ][gc,heap        ] GC(55)   from space 31232K, 98% used [0x00000007fe180000,0x00000007fff80030,0x0000000800000000)
[15.535s][debug  ][gc,heap        ] GC(55)   to   space 31232K, 0% used [0x00000007fc300000,0x00000007fc300000,0x00000007fe180000)
[15.535s][debug  ][gc,heap        ] GC(55)  ParOldGen       total 1018368K, used 605795K [0x0000000700000000, 0x000000073e280000, 0x00000007f0000000)
[15.535s][debug  ][gc,heap        ] GC(55)   object space 1018368K, 59% used [0x0000000700000000,0x0000000724f98fa8,0x000000073e280000)
[15.535s][debug  ][gc,heap        ] GC(55)  Metaspace       used 1022K, committed 1216K, reserved 1056768K
[15.535s][debug  ][gc,heap        ] GC(55)   class space    used 83K, committed 192K, reserved 1048576K
[15.535s][debug  ][gc,task,time   ] GC(55) VM-Thread 155173012 155333081 155351519
[15.834s][debug  ][gc,heap        ] GC(56) Heap before GC invocations=57 (full 9):
[15.834s][debug  ][gc,heap        ] GC(56)  PSYoungGen      total 230912K, used 229137K [0x00000007f0000000, 0x0000000800000000, 0x0000000800000000)
[15.834s][debug  ][gc,heap        ] GC(56)   eden space 199680K, 99% used [0x00000007f0000000,0x00000007fc1c47a8,0x00000007fc300000)
[15.834s][debug  ][gc,heap        ] GC(56)   from space 31232K, 98% used [0x00000007fe180000,0x00000007fff80030,0x0000000800000000)
[15.834s][debug  ][gc,heap        ] GC(56)   to   space 31232K, 0% used [0x00000007fc300000,0x00000007fc300000,0x00000007fe180000)
[15.834s][debug  ][gc,heap        ] GC(56)  ParOldGen       total 1018368K, used 605795K [0x0000000700000000, 0x000000073e280000, 0x00000007f0000000)
[15.834s][debug  ][gc,heap        ] GC(56)   object space 1018368K, 59% used [0x0000000700000000,0x0000000724f98fa8,0x000000073e280000)
[15.834s][debug  ][gc,heap        ] GC(56)  Metaspace       used 1022K, committed 1216K, reserved 1056768K
[15.834s][debug  ][gc,heap        ] GC(56)   class space    used 83K, committed 192K, reserved 1048576K
[15.834s][debug  ][gc,tlab        ] GC(56) TLAB totals: thrds: 1  refills: 1 max: 1 slow allocs: 18 max 18 waste: 27.4% gc: 3950200B max: 3950200B slow: 0B max: 0B
[15.834s][info   ][gc,start       ] GC(56) Pause Young (Allocation Failure)
[15.834s][debug  ][gc,phases,start] GC(56) Scavenge
[15.850s][debug  ][gc,phases      ] GC(56) Scavenge 15.470ms
[15.850s][debug  ][gc,phases,start] GC(56) Reference Processing
[15.850s][debug  ][gc,ref         ] GC(56) Skipped phase 1 of Reference Processing: no references
[15.850s][debug  ][gc,ref         ] GC(56) Skipped phase 2 of Reference Processing: no references
[15.850s][debug  ][gc,ref         ] GC(56) Skipped phase 3 of Reference Processing: no references
[15.850s][debug  ][gc,ref         ] GC(56) Skipped phase 4 of Reference Processing: no references
[15.850s][debug  ][gc,phases,ref  ] GC(56) Reference Processing: 0.1ms
[15.850s][debug  ][gc,phases,ref  ] GC(56)   Reconsider SoftReferences: 0.0ms
[15.850s][debug  ][gc,phases,ref  ] GC(56)     SoftRef (ms):                  skipped
[15.850s][debug  ][gc,phases,ref  ] GC(56)   Notify Soft/WeakReferences: 0.0ms
[15.850s][debug  ][gc,phases,ref  ] GC(56)     SoftRef (ms):                  skipped
[15.850s][debug  ][gc,phases,ref  ] GC(56)     WeakRef (ms):                  skipped
[15.850s][debug  ][gc,phases,ref  ] GC(56)     FinalRef (ms):                 skipped
[15.850s][debug  ][gc,phases,ref  ] GC(56)     Total (ms):                    skipped
[15.850s][debug  ][gc,phases,ref  ] GC(56)   Notify and keep alive finalizable: 0.0ms
[15.850s][debug  ][gc,phases,ref  ] GC(56)     FinalRef (ms):                 skipped
[15.850s][debug  ][gc,phases,ref  ] GC(56)   Notify PhantomReferences: 0.0ms
[15.850s][debug  ][gc,phases,ref  ] GC(56)     PhantomRef (ms):               skipped
[15.850s][debug  ][gc,phases,ref  ] GC(56)   SoftReference:
[15.850s][debug  ][gc,phases,ref  ] GC(56)     Discovered: 0
[15.850s][debug  ][gc,phases,ref  ] GC(56)     Cleared: 0
[15.850s][debug  ][gc,phases,ref  ] GC(56)   WeakReference:
[15.850s][debug  ][gc,phases,ref  ] GC(56)     Discovered: 0
[15.850s][debug  ][gc,phases,ref  ] GC(56)     Cleared: 0
[15.850s][debug  ][gc,phases,ref  ] GC(56)   FinalReference:
[15.850s][debug  ][gc,phases,ref  ] GC(56)     Discovered: 0
[15.850s][debug  ][gc,phases,ref  ] GC(56)     Cleared: 0
[15.850s][debug  ][gc,phases,ref  ] GC(56)   PhantomReference:
[15.850s][debug  ][gc,phases,ref  ] GC(56)     Discovered: 0
[15.850s][debug  ][gc,phases,ref  ] GC(56)     Cleared: 0
[15.850s][debug  ][gc,phases      ] GC(56) Reference Processing 0.827ms
[15.850s][debug  ][gc,phases,start] GC(56) Weak Processing
[15.851s][debug  ][gc,phases      ] GC(56)   VM Weak                        Min:  0.0, Avg:  0.0, Max:  0.0, Diff:  0.0, Sum:  0.0, Workers: 6
[15.851s][debug  ][gc,phases      ] GC(56)     Dead                           Min: 0, Avg:  0.0, Max: 0, Diff: 0, Sum: 0, Workers: 6
[15.851s][debug  ][gc,phases      ] GC(56)     Total                          Min: 0, Avg:  1.3, Max: 8, Diff: 8, Sum: 8, Workers: 6
[15.851s][debug  ][gc,phases      ] GC(56)   ObjectSynchronizer Weak        Min:  0.0, Avg:  0.0, Max:  0.0, Diff:  0.0, Sum:  0.0, Workers: 6
[15.851s][debug  ][gc,phases      ] GC(56)     Dead                           Min: 0, Avg:  0.0, Max: 0, Diff: 0, Sum: 0, Workers: 6
[15.851s][debug  ][gc,phases      ] GC(56)     Total                          Min: 0, Avg:  0.5, Max: 3, Diff: 3, Sum: 3, Workers: 6
[15.851s][debug  ][gc,phases      ] GC(56)   JVMTI Tag Weak OopStorage      Min:  0.0, Avg:  0.0, Max:  0.0, Diff:  0.0, Sum:  0.0, Workers: 6
[15.851s][debug  ][gc,phases      ] GC(56)     Dead                           Min: 0, Avg:  0.0, Max: 0, Diff: 0, Sum: 0, Workers: 6
[15.851s][debug  ][gc,phases      ] GC(56)     Total                          Min: 0, Avg:  0.0, Max: 0, Diff: 0, Sum: 0, Workers: 6
[15.851s][debug  ][gc,phases      ] GC(56)   StringTable Weak               Min:  0.0, Avg:  0.0, Max:  0.0, Diff:  0.0, Sum:  0.0, Workers: 6
[15.851s][debug  ][gc,phases      ] GC(56)     Dead                           Min: 0, Avg:  0.0, Max: 0, Diff: 0, Sum: 0, Workers: 6
[15.851s][debug  ][gc,phases      ] GC(56)     Total                          Min: 831, Avg: 892.5, Max: 940, Diff: 109, Sum: 5355, Workers: 6
[15.851s][debug  ][gc,phases      ] GC(56)   ResolvedMethodTable Weak       Min:  0.0, Avg:  0.0, Max:  0.0, Diff:  0.0, Sum:  0.0, Workers: 6
[15.851s][debug  ][gc,phases      ] GC(56)     Dead                           Min: 0, Avg:  0.0, Max: 0, Diff: 0, Sum: 0, Workers: 6
[15.851s][debug  ][gc,phases      ] GC(56)     Total                          Min: 0, Avg: 21.7, Max: 64, Diff: 64, Sum: 130, Workers: 6
[15.851s][debug  ][gc,phases      ] GC(56)   JNI Weak                       Min:  0.0, Avg:  0.0, Max:  0.0, Diff:  0.0, Sum:  0.0, Workers: 6
[15.851s][debug  ][gc,phases      ] GC(56)     Dead                           Min: 0, Avg:  0.0, Max: 0, Diff: 0, Sum: 0, Workers: 6
[15.851s][debug  ][gc,phases      ] GC(56)     Total                          Min: 0, Avg:  0.0, Max: 0, Diff: 0, Sum: 0, Workers: 6
[15.851s][debug  ][gc,phases      ] GC(56)   StringDedup Table Weak         Min:  0.0, Avg:  0.0, Max:  0.0, Diff:  0.0, Sum:  0.0, Workers: 6
[15.851s][debug  ][gc,phases      ] GC(56)     Dead                           Min: 0, Avg:  0.0, Max: 0, Diff: 0, Sum: 0, Workers: 6
[15.851s][debug  ][gc,phases      ] GC(56)     Total                          Min: 0, Avg:  0.0, Max: 0, Diff: 0, Sum: 0, Workers: 6
[15.851s][debug  ][gc,phases      ] GC(56)   StringDedup Requests0 Weak     Min:  0.0, Avg:  0.0, Max:  0.0, Diff:  0.0, Sum:  0.0, Workers: 6
[15.851s][debug  ][gc,phases      ] GC(56)     Dead                           Min: 0, Avg:  0.0, Max: 0, Diff: 0, Sum: 0, Workers: 6
[15.851s][debug  ][gc,phases      ] GC(56)     Total                          Min: 0, Avg:  0.0, Max: 0, Diff: 0, Sum: 0, Workers: 6
[15.851s][debug  ][gc,phases      ] GC(56)   StringDedup Requests1 Weak     Min:  0.0, Avg:  0.0, Max:  0.0, Diff:  0.0, Sum:  0.0, Workers: 6
[15.851s][debug  ][gc,phases      ] GC(56)     Dead                           Min: 0, Avg:  0.0, Max: 0, Diff: 0, Sum: 0, Workers: 6
[15.851s][debug  ][gc,phases      ] GC(56)     Total                          Min: 0, Avg:  0.0, Max: 0, Diff: 0, Sum: 0, Workers: 6
[15.851s][debug  ][gc,phases      ] GC(56)   Weak JFR Old Object Samples    Min:  0.0, Avg:  0.0, Max:  0.0, Diff:  0.0, Sum:  0.0, Workers: 6
[15.851s][debug  ][gc,phases      ] GC(56)     Dead                           Min: 0, Avg:  0.0, Max: 0, Diff: 0, Sum: 0, Workers: 6
[15.851s][debug  ][gc,phases      ] GC(56)     Total                          Min: 0, Avg:  0.0, Max: 0, Diff: 0, Sum: 0, Workers: 6
[15.851s][debug  ][gc,phases      ] GC(56) Weak Processing 0.708ms
[15.851s][debug  ][gc,ergo        ] GC(56) AdaptiveSizeStart:  collection: 57 
[15.851s][debug  ][gc,ergo        ] GC(56) avg_survived_padded_avg: 31701368.000000
[15.851s][debug  ][gc,ergo        ] GC(56) avg_promoted_padded_avg: 273914784.000000  avg_pretenured_padded_avg: 0.000000  tenuring_thresh: 1  target_size: 31981568
[15.851s][debug  ][gc,age         ] GC(56) Desired survivor size 31981568 bytes, new threshold 1 (max threshold 15)
[15.851s][debug  ][gc,ergo        ] GC(56) PSAdaptiveSizePolicy::compute_eden_space_size limits: desired_eden_size: 232397362 old_eden_size: 204472320 eden_limit: 204472320 cur_eden: 204472320 max_eden_size: 204472320 avg_young_live: 25270736
[15.851s][debug  ][gc,ergo        ] GC(56) PSAdaptiveSizePolicy::compute_eden_space_size: costs minor_time: 0.048222 major_cost: 0.029639 mutator_cost: 0.922140 throughput_goal: 0.990000
[15.851s][debug  ][gc,ergo        ] GC(56) Live_space: 831283328 free_space: 715653120
[15.851s][debug  ][gc,ergo        ] GC(56) Old eden_size: 204472320 desired_eden_size: 204472320
[15.851s][debug  ][gc,ergo        ] GC(56) AdaptiveSizeStop: collection: 57 
[15.851s][info   ][gc,heap        ] GC(56) PSYoungGen: 229137K(230912K)->30720K(230912K) Eden: 198417K(199680K)->0K(199680K) From: 30720K(31232K)->30720K(31232K)
[15.851s][info   ][gc,heap        ] GC(56) ParOldGen: 605795K(1018368K)->800356K(1018368K)
[15.851s][info   ][gc,metaspace   ] GC(56) Metaspace: 1022K(1216K)->1022K(1216K) NonClass: 938K(1024K)->938K(1024K) Class: 83K(192K)->83K(192K)
[15.851s][info   ][gc             ] GC(56) Pause Young (Allocation Failure) 815M->811M(1220M) 17.495ms
[15.852s][info   ][gc,cpu         ] GC(56) User=0.17s Sys=0.00s Real=0.02s
[15.852s][debug  ][gc,heap        ] GC(56) Heap after GC invocations=57 (full 9):
[15.852s][debug  ][gc,heap        ] GC(56)  PSYoungGen      total 230912K, used 30720K [0x00000007f0000000, 0x0000000800000000, 0x0000000800000000)
[15.852s][debug  ][gc,heap        ] GC(56)   eden space 199680K, 0% used [0x00000007f0000000,0x00000007f0000000,0x00000007fc300000)
[15.852s][debug  ][gc,heap        ] GC(56)   from space 31232K, 98% used [0x00000007fc300000,0x00000007fe100030,0x00000007fe180000)
[15.852s][debug  ][gc,heap        ] GC(56)   to   space 31232K, 0% used [0x00000007fe180000,0x00000007fe180000,0x0000000800000000)
[15.852s][debug  ][gc,heap        ] GC(56)  ParOldGen       total 1018368K, used 800356K [0x0000000700000000, 0x000000073e280000, 0x00000007f0000000)
[15.852s][debug  ][gc,heap        ] GC(56)   object space 1018368K, 78% used [0x0000000700000000,0x0000000730d990d8,0x000000073e280000)
[15.852s][debug  ][gc,heap        ] GC(56)  Metaspace       used 1022K, committed 1216K, reserved 1056768K
[15.852s][debug  ][gc,heap        ] GC(56)   class space    used 83K, committed 192K, reserved 1048576K
[15.852s][debug  ][gc,task,time   ] GC(56) VM-Thread 158335102 158495877 158517296
[15.852s][debug  ][gc,phases,start] GC(57) Pre Compact
[15.852s][debug  ][gc,heap        ] GC(57) Heap before GC invocations=58 (full 10):
[15.852s][debug  ][gc,heap        ] GC(57)  PSYoungGen      total 230912K, used 30720K [0x00000007f0000000, 0x0000000800000000, 0x0000000800000000)
[15.852s][debug  ][gc,heap        ] GC(57)   eden space 199680K, 0% used [0x00000007f0000000,0x00000007f0000000,0x00000007fc300000)
[15.852s][debug  ][gc,heap        ] GC(57)   from space 31232K, 98% used [0x00000007fc300000,0x00000007fe100030,0x00000007fe180000)
[15.852s][debug  ][gc,heap        ] GC(57)   to   space 31232K, 0% used [0x00000007fe180000,0x00000007fe180000,0x0000000800000000)
[15.852s][debug  ][gc,heap        ] GC(57)  ParOldGen       total 1018368K, used 800356K [0x0000000700000000, 0x000000073e280000, 0x00000007f0000000)
[15.852s][debug  ][gc,heap        ] GC(57)   object space 1018368K, 78% used [0x0000000700000000,0x0000000730d990d8,0x000000073e280000)
[15.852s][debug  ][gc,heap        ] GC(57)  Metaspace       used 1022K, committed 1216K, reserved 1056768K
[15.852s][debug  ][gc,heap        ] GC(57)   class space    used 83K, committed 192K, reserved 1048576K
[15.852s][debug  ][gc,phases      ] GC(57) Pre Compact 0.202ms
[15.852s][info   ][gc,start       ] GC(57) Pause Full (Ergonomics)
[15.852s][info   ][gc,phases,start] GC(57) Marking Phase
[15.852s][debug  ][gc,phases,start] GC(57) Par Mark
[15.853s][debug  ][gc,phases      ] GC(57) Par Mark 0.501ms
[15.853s][debug  ][gc,phases,start] GC(57) Reference Processing
[15.853s][debug  ][gc,ref         ] GC(57) Skipped phase 1 of Reference Processing: no references
[15.853s][debug  ][gc,ref         ] GC(57) ReferenceProcessor::execute queues: 1, RefProcThreadModel::Single, marks_oops_alive: false
[15.853s][debug  ][gc,ref         ] GC(57) Skipped phase 3 of Reference Processing: no references
[15.853s][debug  ][gc,ref         ] GC(57) ReferenceProcessor::execute queues: 1, RefProcThreadModel::Single, marks_oops_alive: false
[15.853s][debug  ][gc,phases,ref  ] GC(57) Reference Processing: 0.1ms
[15.853s][debug  ][gc,phases,ref  ] GC(57)   Reconsider SoftReferences: 0.0ms
[15.853s][debug  ][gc,phases,ref  ] GC(57)     SoftRef (ms):                  skipped
[15.853s][debug  ][gc,phases,ref  ] GC(57)   Notify Soft/WeakReferences: 0.0ms
[15.853s][debug  ][gc,phases,ref  ] GC(57)     SoftRef (ms):                  Min:  0.0, Avg:  0.0, Max:  0.0, Diff:  0.0, Sum:  0.0, Workers: 10
[15.853s][debug  ][gc,phases,ref  ] GC(57)     WeakRef (ms):                  Min:  0.0, Avg:  0.0, Max:  0.0, Diff:  0.0, Sum:  0.0, Workers: 10
[15.853s][debug  ][gc,phases,ref  ] GC(57)     FinalRef (ms):                 Min:  0.0, Avg:  0.0, Max:  0.0, Diff:  0.0, Sum:  0.0, Workers: 10
[15.853s][debug  ][gc,phases,ref  ] GC(57)     Total (ms):                    Min:  0.0, Avg:  0.0, Max:  0.0, Diff:  0.0, Sum:  0.0, Workers: 10
[15.853s][debug  ][gc,phases,ref  ] GC(57)   Notify and keep alive finalizable: 0.0ms
[15.853s][debug  ][gc,phases,ref  ] GC(57)     FinalRef (ms):                 skipped
[15.853s][debug  ][gc,phases,ref  ] GC(57)   Notify PhantomReferences: 0.0ms
[15.853s][debug  ][gc,phases,ref  ] GC(57)     PhantomRef (ms):               Min:  0.0, Avg:  0.0, Max:  0.0, Diff:  0.0, Sum:  0.0, Workers: 10
[15.853s][debug  ][gc,phases,ref  ] GC(57)   SoftReference:
[15.853s][debug  ][gc,phases,ref  ] GC(57)     Discovered: 0
[15.853s][debug  ][gc,phases,ref  ] GC(57)     Cleared: 0
[15.853s][debug  ][gc,phases,ref  ] GC(57)   WeakReference:
[15.853s][debug  ][gc,phases,ref  ] GC(57)     Discovered: 77
[15.853s][debug  ][gc,phases,ref  ] GC(57)     Cleared: 77
[15.853s][debug  ][gc,phases,ref  ] GC(57)   FinalReference:
[15.853s][debug  ][gc,phases,ref  ] GC(57)     Discovered: 0
[15.853s][debug  ][gc,phases,ref  ] GC(57)     Cleared: 0
[15.853s][debug  ][gc,phases,ref  ] GC(57)   PhantomReference:
[15.853s][debug  ][gc,phases,ref  ] GC(57)     Discovered: 3
[15.853s][debug  ][gc,phases,ref  ] GC(57)     Cleared: 3
[15.853s][debug  ][gc,phases      ] GC(57) Reference Processing 0.586ms
[15.853s][debug  ][gc,phases,start] GC(57) Weak Processing
[15.853s][debug  ][gc,phases      ] GC(57)   VM Weak                        Min:  0.0, Avg:  0.0, Max:  0.0, Diff:  0.0, Sum:  0.0, Workers: 6
[15.853s][debug  ][gc,phases      ] GC(57)     Dead                           Min: 0, Avg:  0.0, Max: 0, Diff: 0, Sum: 0, Workers: 6
[15.853s][debug  ][gc,phases      ] GC(57)     Total                          Min: 0, Avg:  1.3, Max: 8, Diff: 8, Sum: 8, Workers: 6
[15.853s][debug  ][gc,phases      ] GC(57)   ObjectSynchronizer Weak        Min:  0.0, Avg:  0.0, Max:  0.0, Diff:  0.0, Sum:  0.0, Workers: 6
[15.853s][debug  ][gc,phases      ] GC(57)     Dead                           Min: 0, Avg:  0.0, Max: 0, Diff: 0, Sum: 0, Workers: 6
[15.853s][debug  ][gc,phases      ] GC(57)     Total                          Min: 0, Avg:  0.5, Max: 3, Diff: 3, Sum: 3, Workers: 6
[15.853s][debug  ][gc,phases      ] GC(57)   JVMTI Tag Weak OopStorage      Min:  0.0, Avg:  0.0, Max:  0.0, Diff:  0.0, Sum:  0.0, Workers: 6
[15.853s][debug  ][gc,phases      ] GC(57)     Dead                           Min: 0, Avg:  0.0, Max: 0, Diff: 0, Sum: 0, Workers: 6
[15.853s][debug  ][gc,phases      ] GC(57)     Total                          Min: 0, Avg:  0.0, Max: 0, Diff: 0, Sum: 0, Workers: 6
[15.853s][debug  ][gc,phases      ] GC(57)   StringTable Weak               Min:  0.0, Avg:  0.0, Max:  0.0, Diff:  0.0, Sum:  0.0, Workers: 6
[15.853s][debug  ][gc,phases      ] GC(57)     Dead                           Min: 0, Avg:  0.0, Max: 0, Diff: 0, Sum: 0, Workers: 6
[15.853s][debug  ][gc,phases      ] GC(57)     Total                          Min: 639, Avg: 892.5, Max: 1408, Diff: 769, Sum: 5355, Workers: 6
[15.853s][debug  ][gc,phases      ] GC(57)   ResolvedMethodTable Weak       Min:  0.0, Avg:  0.0, Max:  0.0, Diff:  0.0, Sum:  0.0, Workers: 6
[15.854s][debug  ][gc,phases      ] GC(57)     Dead                           Min: 0, Avg:  0.0, Max: 0, Diff: 0, Sum: 0, Workers: 6
[15.854s][debug  ][gc,phases      ] GC(57)     Total                          Min: 0, Avg: 21.7, Max: 66, Diff: 66, Sum: 130, Workers: 6
[15.854s][debug  ][gc,phases      ] GC(57)   JNI Weak                       Min:  0.0, Avg:  0.0, Max:  0.0, Diff:  0.0, Sum:  0.0, Workers: 6
[15.854s][debug  ][gc,phases      ] GC(57)     Dead                           Min: 0, Avg:  0.0, Max: 0, Diff: 0, Sum: 0, Workers: 6
[15.854s][debug  ][gc,phases      ] GC(57)     Total                          Min: 0, Avg:  0.0, Max: 0, Diff: 0, Sum: 0, Workers: 6
[15.854s][debug  ][gc,phases      ] GC(57)   StringDedup Table Weak         Min:  0.0, Avg:  0.0, Max:  0.0, Diff:  0.0, Sum:  0.0, Workers: 6
[15.854s][debug  ][gc,phases      ] GC(57)     Dead                           Min: 0, Avg:  0.0, Max: 0, Diff: 0, Sum: 0, Workers: 6
[15.854s][debug  ][gc,phases      ] GC(57)     Total                          Min: 0, Avg:  0.0, Max: 0, Diff: 0, Sum: 0, Workers: 6
[15.854s][debug  ][gc,phases      ] GC(57)   StringDedup Requests0 Weak     Min:  0.0, Avg:  0.0, Max:  0.0, Diff:  0.0, Sum:  0.0, Workers: 6
[15.854s][debug  ][gc,phases      ] GC(57)     Dead                           Min: 0, Avg:  0.0, Max: 0, Diff: 0, Sum: 0, Workers: 6
[15.854s][debug  ][gc,phases      ] GC(57)     Total                          Min: 0, Avg:  0.0, Max: 0, Diff: 0, Sum: 0, Workers: 6
[15.854s][debug  ][gc,phases      ] GC(57)   StringDedup Requests1 Weak     Min:  0.0, Avg:  0.0, Max:  0.0, Diff:  0.0, Sum:  0.0, Workers: 6
[15.854s][debug  ][gc,phases      ] GC(57)     Dead                           Min: 0, Avg:  0.0, Max: 0, Diff: 0, Sum: 0, Workers: 6
[15.854s][debug  ][gc,phases      ] GC(57)     Total                          Min: 0, Avg:  0.0, Max: 0, Diff: 0, Sum: 0, Workers: 6
[15.854s][debug  ][gc,phases      ] GC(57)   Weak JFR Old Object Samples    Min:  0.0, Avg:  0.0, Max:  0.0, Diff:  0.0, Sum:  0.0, Workers: 6
[15.854s][debug  ][gc,phases      ] GC(57)     Dead                           Min: 0, Avg:  0.0, Max: 0, Diff: 0, Sum: 0, Workers: 6
[15.854s][debug  ][gc,phases      ] GC(57)     Total                          Min: 0, Avg:  0.0, Max: 0, Diff: 0, Sum: 0, Workers: 6
[15.854s][debug  ][gc,phases      ] GC(57) Weak Processing 0.704ms
[15.854s][debug  ][gc,phases,start] GC(57) Class Unloading
[15.854s][debug  ][gc,phases,start] GC(57) ClassLoaderData
[15.854s][debug  ][gc,phases      ] GC(57) ClassLoaderData 0.019ms
[15.854s][debug  ][gc,phases,start] GC(57) Trigger cleanups
[15.854s][debug  ][gc,phases      ] GC(57) Trigger cleanups 0.019ms
[15.854s][debug  ][gc,phases      ] GC(57) Class Unloading 0.251ms
[15.854s][info   ][gc,phases      ] GC(57) Marking Phase 2.169ms
[15.854s][info   ][gc,phases,start] GC(57) Summary Phase
[15.854s][info   ][gc,phases      ] GC(57) Summary Phase 0.040ms
[15.854s][info   ][gc,phases,start] GC(57) Adjust Roots
[15.854s][info   ][gc,phases      ] GC(57) Adjust Roots 0.141ms
[15.854s][info   ][gc,phases,start] GC(57) Compaction Phase
[15.858s][info   ][gc,phases      ] GC(57) Compaction Phase 3.376ms
[15.858s][info   ][gc,phases,start] GC(57) Post Compact
[15.861s][info   ][gc,phases      ] GC(57) Post Compact 3.123ms
[15.861s][debug  ][gc,ergo        ] GC(57) AdaptiveSizeStart: collection: 58 
[15.861s][debug  ][gc,ergo        ] GC(57) PSAdaptiveSizePolicy::compute_eden_space_size limits: desired_eden_size: 232949017 old_eden_size: 204472320 eden_limit: 204472320 cur_eden: 204472320 max_eden_size: 204472320 avg_young_live: 22743662
[15.861s][debug  ][gc,ergo        ] GC(57) PSAdaptiveSizePolicy::compute_eden_space_size: costs minor_time: 0.048222 major_cost: 0.024579 mutator_cost: 0.927199 throughput_goal: 0.990000
[15.861s][debug  ][gc,ergo        ] GC(57) Live_space: 828756224 free_space: 715653120
[15.861s][debug  ][gc,ergo        ] GC(57) Old eden_size: 204472320 desired_eden_size: 204472320
[15.861s][debug  ][gc,ergo        ] GC(57) PSAdaptiveSizePolicy::compute_old_gen_free_space: costs minor_time: 0.048222 major_cost: 0.024579  mutator_cost: 0.927199 throughput_goal: 0.990000
[15.861s][debug  ][gc,ergo        ] GC(57) Live_space: 860100736 free_space: 715653120
[15.861s][debug  ][gc,ergo        ] GC(57) Old promo_size: 511180800 desired_promo_size: 554696704
[15.863s][debug  ][gc             ] GC(57) Expanding ParOldGen from 1018368K by 622080K to 1640448K
[15.863s][debug  ][gc,ergo        ] GC(57) AdaptiveSizeStop: collection: 58 
[15.863s][info   ][gc,heap        ] GC(57) PSYoungGen: 30720K(230912K)->0K(230912K) Eden: 0K(199680K)->0K(199680K) From: 30720K(31232K)->0K(31232K)
[15.863s][info   ][gc,heap        ] GC(57) ParOldGen: 800356K(1018368K)->831076K(1640448K)
[15.863s][info   ][gc,metaspace   ] GC(57) Metaspace: 1022K(1216K)->1022K(1216K) NonClass: 938K(1024K)->938K(1024K) Class: 83K(192K)->83K(192K)
[15.863s][info   ][gc             ] GC(57) Pause Full (Ergonomics) 811M->811M(1827M) 10.675ms
[15.863s][info   ][gc,cpu         ] GC(57) User=0.00s Sys=0.00s Real=0.01s
[15.863s][debug  ][gc,heap        ] GC(57) Heap after GC invocations=58 (full 10):
[15.863s][debug  ][gc,heap        ] GC(57)  PSYoungGen      total 230912K, used 0K [0x00000007f0000000, 0x0000000800000000, 0x0000000800000000)
[15.863s][debug  ][gc,heap        ] GC(57)   eden space 199680K, 0% used [0x00000007f0000000,0x00000007f0000000,0x00000007fc300000)
[15.863s][debug  ][gc,heap        ] GC(57)   from space 31232K, 0% used [0x00000007fe180000,0x00000007fe180000,0x0000000800000000)
[15.863s][debug  ][gc,heap        ] GC(57)   to   space 31232K, 0% used [0x00000007fc300000,0x00000007fc300000,0x00000007fe180000)
[15.863s][debug  ][gc,heap        ] GC(57)  ParOldGen       total 1640448K, used 831076K [0x0000000700000000, 0x0000000764200000, 0x00000007f0000000)
[15.863s][debug  ][gc,heap        ] GC(57)   object space 1640448K, 50% used [0x0000000700000000,0x0000000732b99108,0x0000000764200000)
[15.863s][debug  ][gc,heap        ] GC(57)  Metaspace       used 1022K, committed 1216K, reserved 1056768K
[15.863s][debug  ][gc,heap        ] GC(57)   class space    used 83K, committed 192K, reserved 1048576K
[15.863s][debug  ][gc,task,time   ] GC(57) VM-Thread 158520104 158544577 158627086
[16.163s][debug  ][gc,heap        ] GC(58) Heap before GC invocations=59 (full 10):
[16.163s][debug  ][gc,heap        ] GC(58)  PSYoungGen      total 230912K, used 198438K [0x00000007f0000000, 0x0000000800000000, 0x0000000800000000)
[16.163s][debug  ][gc,heap        ] GC(58)   eden space 199680K, 99% used [0x00000007f0000000,0x00000007fc1c9958,0x00000007fc300000)
[16.163s][debug  ][gc,heap        ] GC(58)   from space 31232K, 0% used [0x00000007fe180000,0x00000007fe180000,0x0000000800000000)
[16.163s][debug  ][gc,heap        ] GC(58)   to   space 31232K, 0% used [0x00000007fc300000,0x00000007fc300000,0x00000007fe180000)
[16.163s][debug  ][gc,heap        ] GC(58)  ParOldGen       total 1640448K, used 831076K [0x0000000700000000, 0x0000000764200000, 0x00000007f0000000)
[16.163s][debug  ][gc,heap        ] GC(58)   object space 1640448K, 50% used [0x0000000700000000,0x0000000732b99108,0x0000000764200000)
[16.163s][debug  ][gc,heap        ] GC(58)  Metaspace       used 1023K, committed 1216K, reserved 1056768K
[16.163s][debug  ][gc,heap        ] GC(58)   class space    used 83K, committed 192K, reserved 1048576K
[16.163s][debug  ][gc,tlab        ] GC(58) TLAB totals: thrds: 1  refills: 1 max: 1 slow allocs: 18 max 18 waste: 27.5% gc: 3969944B max: 3969944B slow: 0B max: 0B
[16.163s][info   ][gc,start       ] GC(58) Pause Young (Allocation Failure)
[16.163s][debug  ][gc,phases,start] GC(58) Scavenge
[16.168s][debug  ][gc,phases      ] GC(58) Scavenge 4.244ms
[16.168s][debug  ][gc,phases,start] GC(58) Reference Processing
[16.168s][debug  ][gc,ref         ] GC(58) Skipped phase 1 of Reference Processing: no references
[16.168s][debug  ][gc,ref         ] GC(58) Skipped phase 2 of Reference Processing: no references
[16.168s][debug  ][gc,ref         ] GC(58) Skipped phase 3 of Reference Processing: no references
[16.168s][debug  ][gc,ref         ] GC(58) Skipped phase 4 of Reference Processing: no references
[16.168s][debug  ][gc,phases,ref  ] GC(58) Reference Processing: 0.1ms
[16.168s][debug  ][gc,phases,ref  ] GC(58)   Reconsider SoftReferences: 0.0ms
[16.168s][debug  ][gc,phases,ref  ] GC(58)     SoftRef (ms):                  skipped
[16.168s][debug  ][gc,phases,ref  ] GC(58)   Notify Soft/WeakReferences: 0.0ms
[16.168s][debug  ][gc,phases,ref  ] GC(58)     SoftRef (ms):                  skipped
[16.168s][debug  ][gc,phases,ref  ] GC(58)     WeakRef (ms):                  skipped
[16.168s][debug  ][gc,phases,ref  ] GC(58)     FinalRef (ms):                 skipped
[16.168s][debug  ][gc,phases,ref  ] GC(58)     Total (ms):                    skipped
[16.168s][debug  ][gc,phases,ref  ] GC(58)   Notify and keep alive finalizable: 0.0ms
[16.168s][debug  ][gc,phases,ref  ] GC(58)     FinalRef (ms):                 skipped
[16.168s][debug  ][gc,phases,ref  ] GC(58)   Notify PhantomReferences: 0.0ms
[16.168s][debug  ][gc,phases,ref  ] GC(58)     PhantomRef (ms):               skipped
[16.168s][debug  ][gc,phases,ref  ] GC(58)   SoftReference:
[16.168s][debug  ][gc,phases,ref  ] GC(58)     Discovered: 0
[16.168s][debug  ][gc,phases,ref  ] GC(58)     Cleared: 0
[16.168s][debug  ][gc,phases,ref  ] GC(58)   WeakReference:
[16.168s][debug  ][gc,phases,ref  ] GC(58)     Discovered: 0
[16.168s][debug  ][gc,phases,ref  ] GC(58)     Cleared: 0
[16.168s][debug  ][gc,phases,ref  ] GC(58)   FinalReference:
[16.168s][debug  ][gc,phases,ref  ] GC(58)     Discovered: 0
[16.168s][debug  ][gc,phases,ref  ] GC(58)     Cleared: 0
[16.168s][debug  ][gc,phases,ref  ] GC(58)   PhantomReference:
[16.168s][debug  ][gc,phases,ref  ] GC(58)     Discovered: 0
[16.168s][debug  ][gc,phases,ref  ] GC(58)     Cleared: 0
[16.168s][debug  ][gc,phases      ] GC(58) Reference Processing 0.829ms
[16.168s][debug  ][gc,phases,start] GC(58) Weak Processing
[16.169s][debug  ][gc,phases      ] GC(58)   VM Weak                        Min:  0.0, Avg:  0.0, Max:  0.0, Diff:  0.0, Sum:  0.0, Workers: 6
[16.169s][debug  ][gc,phases      ] GC(58)     Dead                           Min: 0, Avg:  0.0, Max: 0, Diff: 0, Sum: 0, Workers: 6
[16.169s][debug  ][gc,phases      ] GC(58)     Total                          Min: 0, Avg:  1.3, Max: 8, Diff: 8, Sum: 8, Workers: 6
[16.169s][debug  ][gc,phases      ] GC(58)   ObjectSynchronizer Weak        Min:  0.0, Avg:  0.0, Max:  0.0, Diff:  0.0, Sum:  0.0, Workers: 6
[16.169s][debug  ][gc,phases      ] GC(58)     Dead                           Min: 0, Avg:  0.0, Max: 0, Diff: 0, Sum: 0, Workers: 6
[16.169s][debug  ][gc,phases      ] GC(58)     Total                          Min: 0, Avg:  0.5, Max: 3, Diff: 3, Sum: 3, Workers: 6
[16.169s][debug  ][gc,phases      ] GC(58)   JVMTI Tag Weak OopStorage      Min:  0.0, Avg:  0.0, Max:  0.0, Diff:  0.0, Sum:  0.0, Workers: 6
[16.169s][debug  ][gc,phases      ] GC(58)     Dead                           Min: 0, Avg:  0.0, Max: 0, Diff: 0, Sum: 0, Workers: 6
[16.169s][debug  ][gc,phases      ] GC(58)     Total                          Min: 0, Avg:  0.0, Max: 0, Diff: 0, Sum: 0, Workers: 6
[16.169s][debug  ][gc,phases      ] GC(58)   StringTable Weak               Min:  0.0, Avg:  0.0, Max:  0.0, Diff:  0.0, Sum:  0.0, Workers: 6
[16.169s][debug  ][gc,phases      ] GC(58)     Dead                           Min: 0, Avg:  0.0, Max: 0, Diff: 0, Sum: 0, Workers: 6
[16.169s][debug  ][gc,phases      ] GC(58)     Total                          Min: 639, Avg: 892.5, Max: 1324, Diff: 685, Sum: 5355, Workers: 6
[16.169s][debug  ][gc,phases      ] GC(58)   ResolvedMethodTable Weak       Min:  0.0, Avg:  0.0, Max:  0.0, Diff:  0.0, Sum:  0.0, Workers: 6
[16.169s][debug  ][gc,phases      ] GC(58)     Dead                           Min: 0, Avg:  0.0, Max: 0, Diff: 0, Sum: 0, Workers: 6
[16.169s][debug  ][gc,phases      ] GC(58)     Total                          Min: 0, Avg: 21.7, Max: 64, Diff: 64, Sum: 130, Workers: 6
[16.169s][debug  ][gc,phases      ] GC(58)   JNI Weak                       Min:  0.0, Avg:  0.0, Max:  0.0, Diff:  0.0, Sum:  0.0, Workers: 6
[16.169s][debug  ][gc,phases      ] GC(58)     Dead                           Min: 0, Avg:  0.0, Max: 0, Diff: 0, Sum: 0, Workers: 6
[16.169s][debug  ][gc,phases      ] GC(58)     Total                          Min: 0, Avg:  0.0, Max: 0, Diff: 0, Sum: 0, Workers: 6
[16.169s][debug  ][gc,phases      ] GC(58)   StringDedup Table Weak         Min:  0.0, Avg:  0.0, Max:  0.0, Diff:  0.0, Sum:  0.0, Workers: 6
[16.169s][debug  ][gc,phases      ] GC(58)     Dead                           Min: 0, Avg:  0.0, Max: 0, Diff: 0, Sum: 0, Workers: 6
[16.169s][debug  ][gc,phases      ] GC(58)     Total                          Min: 0, Avg:  0.0, Max: 0, Diff: 0, Sum: 0, Workers: 6
[16.169s][debug  ][gc,phases      ] GC(58)   StringDedup Requests0 Weak     Min:  0.0, Avg:  0.0, Max:  0.0, Diff:  0.0, Sum:  0.0, Workers: 6
[16.169s][debug  ][gc,phases      ] GC(58)     Dead                           Min: 0, Avg:  0.0, Max: 0, Diff: 0, Sum: 0, Workers: 6
[16.169s][debug  ][gc,phases      ] GC(58)     Total                          Min: 0, Avg:  0.0, Max: 0, Diff: 0, Sum: 0, Workers: 6
[16.169s][debug  ][gc,phases      ] GC(58)   StringDedup Requests1 Weak     Min:  0.0, Avg:  0.0, Max:  0.0, Diff:  0.0, Sum:  0.0, Workers: 6
[16.169s][debug  ][gc,phases      ] GC(58)     Dead                           Min: 0, Avg:  0.0, Max: 0, Diff: 0, Sum: 0, Workers: 6
[16.169s][debug  ][gc,phases      ] GC(58)     Total                          Min: 0, Avg:  0.0, Max: 0, Diff: 0, Sum: 0, Workers: 6
[16.169s][debug  ][gc,phases      ] GC(58)   Weak JFR Old Object Samples    Min:  0.0, Avg:  0.0, Max:  0.0, Diff:  0.0, Sum:  0.0, Workers: 6
[16.169s][debug  ][gc,phases      ] GC(58)     Dead                           Min: 0, Avg:  0.0, Max: 0, Diff: 0, Sum: 0, Workers: 6
[16.170s][debug  ][gc,phases      ] GC(58)     Total                          Min: 0, Avg:  0.0, Max: 0, Diff: 0, Sum: 0, Workers: 6
[16.170s][debug  ][gc,phases      ] GC(58) Weak Processing 1.086ms
[16.170s][debug  ][gc,ergo        ] GC(58) AdaptiveSizeStart:  collection: 59 
[16.170s][debug  ][gc,ergo        ] GC(58) avg_survived_padded_avg: 37029508.000000
[16.170s][debug  ][gc,ergo        ] GC(58) avg_promoted_padded_avg: 257059632.000000  avg_pretenured_padded_avg: 0.000000  tenuring_thresh: 1  target_size: 37224448
[16.170s][debug  ][gc,age         ] GC(58) Desired survivor size 37224448 bytes, new threshold 1 (max threshold 15)
[16.170s][debug  ][gc,ergo        ] GC(58) PSAdaptiveSizePolicy::compute_eden_space_size limits: desired_eden_size: 231374156 old_eden_size: 204472320 eden_limit: 204472320 cur_eden: 204472320 max_eden_size: 204472320 avg_young_live: 20469296
[16.170s][debug  ][gc,ergo        ] GC(58) PSAdaptiveSizePolicy::compute_eden_space_size: costs minor_time: 0.041096 major_cost: 0.024579 mutator_cost: 0.934325 throughput_goal: 0.990000
[16.170s][debug  ][gc,ergo        ] GC(58) Live_space: 857826368 free_space: 759169024
[16.170s][debug  ][gc,ergo        ] GC(58) Old eden_size: 204472320 desired_eden_size: 204472320
[16.170s][debug  ][gc,ergo        ] GC(58) AdaptiveSizeStop: collection: 59 
[16.170s][info   ][gc,heap        ] GC(58) PSYoungGen: 198438K(230912K)->0K(200192K) Eden: 198438K(199680K)->0K(199680K) From: 0K(31232K)->0K(512K)
[16.170s][info   ][gc,heap        ] GC(58) ParOldGen: 831076K(1640448K)->831076K(1640448K)
[16.170s][info   ][gc,metaspace   ] GC(58) Metaspace: 1023K(1216K)->1023K(1216K) NonClass: 939K(1024K)->939K(1024K) Class: 83K(192K)->83K(192K)
[16.170s][info   ][gc             ] GC(58) Pause Young (Allocation Failure) 1005M->811M(1797M) 6.657ms
[16.170s][info   ][gc,cpu         ] GC(58) User=0.00s Sys=0.00s Real=0.01s
[16.170s][debug  ][gc,heap        ] GC(58) Heap after GC invocations=59 (full 10):
[16.170s][debug  ][gc,heap        ] GC(58)  PSYoungGen      total 200192K, used 0K [0x00000007f0000000, 0x0000000800000000, 0x0000000800000000)
[16.170s][debug  ][gc,heap        ] GC(58)   eden space 199680K, 0% used [0x00000007f0000000,0x00000007f0000000,0x00000007fc300000)
[16.170s][debug  ][gc,heap        ] GC(58)   from space 512K, 0% used [0x00000007fc300000,0x00000007fc300000,0x00000007fc380000)
[16.170s][debug  ][gc,heap        ] GC(58)   to   space 36352K, 0% used [0x00000007fdc80000,0x00000007fdc80000,0x0000000800000000)
[16.170s][debug  ][gc,heap        ] GC(58)  ParOldGen       total 1640448K, used 831076K [0x0000000700000000, 0x0000000764200000, 0x00000007f0000000)
[16.170s][debug  ][gc,heap        ] GC(58)   object space 1640448K, 50% used [0x0000000700000000,0x0000000732b99108,0x0000000764200000)
[16.170s][debug  ][gc,heap        ] GC(58)  Metaspace       used 1023K, committed 1216K, reserved 1056768K
[16.170s][debug  ][gc,heap        ] GC(58)   class space    used 83K, committed 192K, reserved 1048576K
[16.170s][debug  ][gc,task,time   ] GC(58) VM-Thread 161628291 161676181 161702014
[16.479s][debug  ][gc,heap        ] GC(59) Heap before GC invocations=60 (full 10):
[16.479s][debug  ][gc,heap        ] GC(59)  PSYoungGen      total 200192K, used 198379K [0x00000007f0000000, 0x0000000800000000, 0x0000000800000000)
[16.479s][debug  ][gc,heap        ] GC(59)   eden space 199680K, 99% used [0x00000007f0000000,0x00000007fc1bad58,0x00000007fc300000)
[16.479s][debug  ][gc,heap        ] GC(59)   from space 512K, 0% used [0x00000007fc300000,0x00000007fc300000,0x00000007fc380000)
[16.479s][debug  ][gc,heap        ] GC(59)   to   space 36352K, 0% used [0x00000007fdc80000,0x00000007fdc80000,0x0000000800000000)
[16.479s][debug  ][gc,heap        ] GC(59)  ParOldGen       total 1640448K, used 831076K [0x0000000700000000, 0x0000000764200000, 0x00000007f0000000)
[16.479s][debug  ][gc,heap        ] GC(59)   object space 1640448K, 50% used [0x0000000700000000,0x0000000732b99108,0x0000000764200000)
[16.479s][debug  ][gc,heap        ] GC(59)  Metaspace       used 1023K, committed 1216K, reserved 1056768K
[16.479s][debug  ][gc,heap        ] GC(59)   class space    used 83K, committed 192K, reserved 1048576K
[16.479s][debug  ][gc,tlab        ] GC(59) TLAB totals: thrds: 1  refills: 1 max: 1 slow allocs: 18 max 18 waste: 27.2% gc: 3910696B max: 3910696B slow: 0B max: 0B
[16.479s][info   ][gc,start       ] GC(59) Pause Young (Allocation Failure)
[16.479s][debug  ][gc,phases,start] GC(59) Scavenge
[16.492s][debug  ][gc,phases      ] GC(59) Scavenge 13.226ms
[16.492s][debug  ][gc,phases,start] GC(59) Reference Processing
[16.493s][debug  ][gc,ref         ] GC(59) Skipped phase 1 of Reference Processing: no references
[16.493s][debug  ][gc,ref         ] GC(59) Skipped phase 2 of Reference Processing: no references
[16.493s][debug  ][gc,ref         ] GC(59) Skipped phase 3 of Reference Processing: no references
[16.493s][debug  ][gc,ref         ] GC(59) Skipped phase 4 of Reference Processing: no references
[16.493s][debug  ][gc,phases,ref  ] GC(59) Reference Processing: 0.1ms
[16.493s][debug  ][gc,phases,ref  ] GC(59)   Reconsider SoftReferences: 0.0ms
[16.493s][debug  ][gc,phases,ref  ] GC(59)     SoftRef (ms):                  skipped
[16.493s][debug  ][gc,phases,ref  ] GC(59)   Notify Soft/WeakReferences: 0.0ms
[16.493s][debug  ][gc,phases,ref  ] GC(59)     SoftRef (ms):                  skipped
[16.493s][debug  ][gc,phases,ref  ] GC(59)     WeakRef (ms):                  skipped
[16.493s][debug  ][gc,phases,ref  ] GC(59)     FinalRef (ms):                 skipped
[16.493s][debug  ][gc,phases,ref  ] GC(59)     Total (ms):                    skipped
[16.493s][debug  ][gc,phases,ref  ] GC(59)   Notify and keep alive finalizable: 0.0ms
[16.493s][debug  ][gc,phases,ref  ] GC(59)     FinalRef (ms):                 skipped
[16.493s][debug  ][gc,phases,ref  ] GC(59)   Notify PhantomReferences: 0.0ms
[16.493s][debug  ][gc,phases,ref  ] GC(59)     PhantomRef (ms):               skipped
[16.493s][debug  ][gc,phases,ref  ] GC(59)   SoftReference:
[16.493s][debug  ][gc,phases,ref  ] GC(59)     Discovered: 0
[16.493s][debug  ][gc,phases,ref  ] GC(59)     Cleared: 0
[16.493s][debug  ][gc,phases,ref  ] GC(59)   WeakReference:
[16.493s][debug  ][gc,phases,ref  ] GC(59)     Discovered: 0
[16.493s][debug  ][gc,phases,ref  ] GC(59)     Cleared: 0
[16.493s][debug  ][gc,phases,ref  ] GC(59)   FinalReference:
[16.493s][debug  ][gc,phases,ref  ] GC(59)     Discovered: 0
[16.493s][debug  ][gc,phases,ref  ] GC(59)     Cleared: 0
[16.493s][debug  ][gc,phases,ref  ] GC(59)   PhantomReference:
[16.493s][debug  ][gc,phases,ref  ] GC(59)     Discovered: 0
[16.493s][debug  ][gc,phases,ref  ] GC(59)     Cleared: 0
[16.493s][debug  ][gc,phases      ] GC(59) Reference Processing 0.644ms
[16.493s][debug  ][gc,phases,start] GC(59) Weak Processing
[16.493s][debug  ][gc,phases      ] GC(59)   VM Weak                        Min:  0.0, Avg:  0.0, Max:  0.0, Diff:  0.0, Sum:  0.0, Workers: 6
[16.493s][debug  ][gc,phases      ] GC(59)     Dead                           Min: 0, Avg:  0.0, Max: 0, Diff: 0, Sum: 0, Workers: 6
[16.493s][debug  ][gc,phases      ] GC(59)     Total                          Min: 0, Avg:  1.3, Max: 8, Diff: 8, Sum: 8, Workers: 6
[16.493s][debug  ][gc,phases      ] GC(59)   ObjectSynchronizer Weak        Min:  0.0, Avg:  0.0, Max:  0.0, Diff:  0.0, Sum:  0.0, Workers: 6
[16.493s][debug  ][gc,phases      ] GC(59)     Dead                           Min: 0, Avg:  0.0, Max: 0, Diff: 0, Sum: 0, Workers: 6
[16.493s][debug  ][gc,phases      ] GC(59)     Total                          Min: 0, Avg:  0.5, Max: 3, Diff: 3, Sum: 3, Workers: 6
[16.493s][debug  ][gc,phases      ] GC(59)   JVMTI Tag Weak OopStorage      Min:  0.0, Avg:  0.0, Max:  0.0, Diff:  0.0, Sum:  0.0, Workers: 6
[16.493s][debug  ][gc,phases      ] GC(59)     Dead                           Min: 0, Avg:  0.0, Max: 0, Diff: 0, Sum: 0, Workers: 6
[16.493s][debug  ][gc,phases      ] GC(59)     Total                          Min: 0, Avg:  0.0, Max: 0, Diff: 0, Sum: 0, Workers: 6
[16.493s][debug  ][gc,phases      ] GC(59)   StringTable Weak               Min:  0.0, Avg:  0.0, Max:  0.0, Diff:  0.0, Sum:  0.0, Workers: 6
[16.493s][debug  ][gc,phases      ] GC(59)     Dead                           Min: 0, Avg:  0.0, Max: 0, Diff: 0, Sum: 0, Workers: 6
[16.493s][debug  ][gc,phases      ] GC(59)     Total                          Min: 768, Avg: 892.5, Max: 1216, Diff: 448, Sum: 5355, Workers: 6
[16.493s][debug  ][gc,phases      ] GC(59)   ResolvedMethodTable Weak       Min:  0.0, Avg:  0.0, Max:  0.0, Diff:  0.0, Sum:  0.0, Workers: 6
[16.494s][debug  ][gc,phases      ] GC(59)     Dead                           Min: 0, Avg:  0.0, Max: 0, Diff: 0, Sum: 0, Workers: 6
[16.494s][debug  ][gc,phases      ] GC(59)     Total                          Min: 0, Avg: 21.7, Max: 64, Diff: 64, Sum: 130, Workers: 6
[16.494s][debug  ][gc,phases      ] GC(59)   JNI Weak                       Min:  0.0, Avg:  0.0, Max:  0.0, Diff:  0.0, Sum:  0.0, Workers: 6
[16.494s][debug  ][gc,phases      ] GC(59)     Dead                           Min: 0, Avg:  0.0, Max: 0, Diff: 0, Sum: 0, Workers: 6
[16.494s][debug  ][gc,phases      ] GC(59)     Total                          Min: 0, Avg:  0.0, Max: 0, Diff: 0, Sum: 0, Workers: 6
[16.494s][debug  ][gc,phases      ] GC(59)   StringDedup Table Weak         Min:  0.0, Avg:  0.0, Max:  0.0, Diff:  0.0, Sum:  0.0, Workers: 6
[16.494s][debug  ][gc,phases      ] GC(59)     Dead                           Min: 0, Avg:  0.0, Max: 0, Diff: 0, Sum: 0, Workers: 6
[16.494s][debug  ][gc,phases      ] GC(59)     Total                          Min: 0, Avg:  0.0, Max: 0, Diff: 0, Sum: 0, Workers: 6
[16.494s][debug  ][gc,phases      ] GC(59)   StringDedup Requests0 Weak     Min:  0.0, Avg:  0.0, Max:  0.0, Diff:  0.0, Sum:  0.0, Workers: 6
[16.494s][debug  ][gc,phases      ] GC(59)     Dead                           Min: 0, Avg:  0.0, Max: 0, Diff: 0, Sum: 0, Workers: 6
[16.494s][debug  ][gc,phases      ] GC(59)     Total                          Min: 0, Avg:  0.0, Max: 0, Diff: 0, Sum: 0, Workers: 6
[16.494s][debug  ][gc,phases      ] GC(59)   StringDedup Requests1 Weak     Min:  0.0, Avg:  0.0, Max:  0.0, Diff:  0.0, Sum:  0.0, Workers: 6
[16.494s][debug  ][gc,phases      ] GC(59)     Dead                           Min: 0, Avg:  0.0, Max: 0, Diff: 0, Sum: 0, Workers: 6
[16.494s][debug  ][gc,phases      ] GC(59)     Total                          Min: 0, Avg:  0.0, Max: 0, Diff: 0, Sum: 0, Workers: 6
[16.494s][debug  ][gc,phases      ] GC(59)   Weak JFR Old Object Samples    Min:  0.0, Avg:  0.0, Max:  0.0, Diff:  0.0, Sum:  0.0, Workers: 6
[16.494s][debug  ][gc,phases      ] GC(59)     Dead                           Min: 0, Avg:  0.0, Max: 0, Diff: 0, Sum: 0, Workers: 6
[16.494s][debug  ][gc,phases      ] GC(59)     Total                          Min: 0, Avg:  0.0, Max: 0, Diff: 0, Sum: 0, Workers: 6
[16.494s][debug  ][gc,phases      ] GC(59) Weak Processing 0.737ms
[16.494s][debug  ][gc,ergo        ] GC(59) AdaptiveSizeStart:  collection: 60 
[16.494s][debug  ][gc,ergo        ] GC(59) avg_survived_padded_avg: 37317320.000000
[16.494s][debug  ][gc,ergo        ] GC(59) avg_promoted_padded_avg: 252471424.000000  avg_pretenured_padded_avg: 0.000000  tenuring_thresh: 1  target_size: 37748736
[16.494s][debug  ][gc,age         ] GC(59) Desired survivor size 37748736 bytes, new threshold 1 (max threshold 15)
[16.494s][debug  ][gc,ergo        ] GC(59) PSAdaptiveSizePolicy::compute_eden_space_size limits: desired_eden_size: 231634229 old_eden_size: 204472320 eden_limit: 230686720 cur_eden: 204472320 max_eden_size: 230686720 avg_young_live: 21568098
[16.494s][debug  ][gc,ergo        ] GC(59) PSAdaptiveSizePolicy::compute_eden_space_size: costs minor_time: 0.042175 major_cost: 0.024579 mutator_cost: 0.933246 throughput_goal: 0.990000
[16.494s][debug  ][gc,ergo        ] GC(59) Live_space: 858925184 free_space: 759169024
[16.494s][debug  ][gc,ergo        ] GC(59) Old eden_size: 204472320 desired_eden_size: 230686720
[16.494s][debug  ][gc,ergo        ] GC(59) AdaptiveSizeStop: collection: 60 
[16.494s][info   ][gc,heap        ] GC(59) PSYoungGen: 198379K(200192K)->30720K(224768K) Eden: 198379K(199680K)->0K(188416K) From: 0K(512K)->30720K(36352K)
[16.494s][info   ][gc,heap        ] GC(59) ParOldGen: 831076K(1640448K)->994916K(1640448K)
[16.494s][info   ][gc,metaspace   ] GC(59) Metaspace: 1023K(1216K)->1023K(1216K) NonClass: 939K(1024K)->939K(1024K) Class: 83K(192K)->83K(192K)
[16.494s][info   ][gc             ] GC(59) Pause Young (Allocation Failure) 1005M->1001M(1821M) 15.092ms
[16.494s][info   ][gc,cpu         ] GC(59) User=0.09s Sys=0.00s Real=0.01s
[16.494s][debug  ][gc,heap        ] GC(59) Heap after GC invocations=60 (full 10):
[16.494s][debug  ][gc,heap        ] GC(59)  PSYoungGen      total 224768K, used 30720K [0x00000007f0000000, 0x0000000800000000, 0x0000000800000000)
[16.494s][debug  ][gc,heap        ] GC(59)   eden space 188416K, 0% used [0x00000007f0000000,0x00000007f0000000,0x00000007fb800000)
[16.494s][debug  ][gc,heap        ] GC(59)   from space 36352K, 84% used [0x00000007fdc80000,0x00000007ffa80030,0x0000000800000000)
[16.494s][debug  ][gc,heap        ] GC(59)   to   space 36864K, 0% used [0x00000007fb800000,0x00000007fb800000,0x00000007fdc00000)
[16.494s][debug  ][gc,heap        ] GC(59)  ParOldGen       total 1640448K, used 994916K [0x0000000700000000, 0x0000000764200000, 0x00000007f0000000)
[16.494s][debug  ][gc,heap        ] GC(59)   object space 1640448K, 60% used [0x0000000700000000,0x000000073cb99208,0x0000000764200000)
[16.494s][debug  ][gc,heap        ] GC(59)  Metaspace       used 1023K, committed 1216K, reserved 1056768K
[16.494s][debug  ][gc,heap        ] GC(59)   class space    used 83K, committed 192K, reserved 1048576K
[16.494s][debug  ][gc,task,time   ] GC(59) VM-Thread 164786855 164924859 164944693
[16.780s][debug  ][gc,heap        ] GC(60) Heap before GC invocations=61 (full 10):
[16.780s][debug  ][gc,heap        ] GC(60)  PSYoungGen      total 224768K, used 218676K [0x00000007f0000000, 0x0000000800000000, 0x0000000800000000)
[16.780s][debug  ][gc,heap        ] GC(60)   eden space 188416K, 99% used [0x00000007f0000000,0x00000007fb78d098,0x00000007fb800000)
[16.780s][debug  ][gc,heap        ] GC(60)   from space 36352K, 84% used [0x00000007fdc80000,0x00000007ffa80030,0x0000000800000000)
[16.780s][debug  ][gc,heap        ] GC(60)   to   space 36864K, 0% used [0x00000007fb800000,0x00000007fb800000,0x00000007fdc00000)
[16.780s][debug  ][gc,heap        ] GC(60)  ParOldGen       total 1640448K, used 994916K [0x0000000700000000, 0x0000000764200000, 0x00000007f0000000)
[16.780s][debug  ][gc,heap        ] GC(60)   object space 1640448K, 60% used [0x0000000700000000,0x000000073cb99208,0x0000000764200000)
[16.780s][debug  ][gc,heap        ] GC(60)  Metaspace       used 1023K, committed 1216K, reserved 1056768K
[16.780s][debug  ][gc,heap        ] GC(60)   class space    used 83K, committed 192K, reserved 1048576K
[16.780s][debug  ][gc,tlab        ] GC(60) TLAB totals: thrds: 1  refills: 1 max: 1 slow allocs: 17 max 17 waste: 26.2% gc: 3723128B max: 3723128B slow: 0B max: 0B
[16.780s][info   ][gc,start       ] GC(60) Pause Young (Allocation Failure)
[16.780s][debug  ][gc,phases,start] GC(60) Scavenge
[16.797s][debug  ][gc,phases      ] GC(60) Scavenge 16.791ms
[16.797s][debug  ][gc,phases,start] GC(60) Reference Processing
[16.797s][debug  ][gc,ref         ] GC(60) Skipped phase 1 of Reference Processing: no references
[16.797s][debug  ][gc,ref         ] GC(60) Skipped phase 2 of Reference Processing: no references
[16.797s][debug  ][gc,ref         ] GC(60) Skipped phase 3 of Reference Processing: no references
[16.797s][debug  ][gc,ref         ] GC(60) Skipped phase 4 of Reference Processing: no references
[16.797s][debug  ][gc,phases,ref  ] GC(60) Reference Processing: 0.1ms
[16.797s][debug  ][gc,phases,ref  ] GC(60)   Reconsider SoftReferences: 0.0ms
[16.797s][debug  ][gc,phases,ref  ] GC(60)     SoftRef (ms):                  skipped
[16.797s][debug  ][gc,phases,ref  ] GC(60)   Notify Soft/WeakReferences: 0.0ms
[16.797s][debug  ][gc,phases,ref  ] GC(60)     SoftRef (ms):                  skipped
[16.797s][debug  ][gc,phases,ref  ] GC(60)     WeakRef (ms):                  skipped
[16.797s][debug  ][gc,phases,ref  ] GC(60)     FinalRef (ms):                 skipped
[16.797s][debug  ][gc,phases,ref  ] GC(60)     Total (ms):                    skipped
[16.797s][debug  ][gc,phases,ref  ] GC(60)   Notify and keep alive finalizable: 0.0ms
[16.797s][debug  ][gc,phases,ref  ] GC(60)     FinalRef (ms):                 skipped
[16.797s][debug  ][gc,phases,ref  ] GC(60)   Notify PhantomReferences: 0.0ms
[16.797s][debug  ][gc,phases,ref  ] GC(60)     PhantomRef (ms):               skipped
[16.797s][debug  ][gc,phases,ref  ] GC(60)   SoftReference:
[16.797s][debug  ][gc,phases,ref  ] GC(60)     Discovered: 0
[16.797s][debug  ][gc,phases,ref  ] GC(60)     Cleared: 0
[16.797s][debug  ][gc,phases,ref  ] GC(60)   WeakReference:
[16.797s][debug  ][gc,phases,ref  ] GC(60)     Discovered: 0
[16.797s][debug  ][gc,phases,ref  ] GC(60)     Cleared: 0
[16.797s][debug  ][gc,phases,ref  ] GC(60)   FinalReference:
[16.797s][debug  ][gc,phases,ref  ] GC(60)     Discovered: 0
[16.797s][debug  ][gc,phases,ref  ] GC(60)     Cleared: 0
[16.797s][debug  ][gc,phases,ref  ] GC(60)   PhantomReference:
[16.798s][debug  ][gc,phases,ref  ] GC(60)     Discovered: 0
[16.798s][debug  ][gc,phases,ref  ] GC(60)     Cleared: 0
[16.798s][debug  ][gc,phases      ] GC(60) Reference Processing 0.606ms
[16.798s][debug  ][gc,phases,start] GC(60) Weak Processing
[16.798s][debug  ][gc,phases      ] GC(60)   VM Weak                        Min:  0.0, Avg:  0.0, Max:  0.0, Diff:  0.0, Sum:  0.0, Workers: 6
[16.798s][debug  ][gc,phases      ] GC(60)     Dead                           Min: 0, Avg:  0.0, Max: 0, Diff: 0, Sum: 0, Workers: 6
[16.798s][debug  ][gc,phases      ] GC(60)     Total                          Min: 0, Avg:  1.3, Max: 8, Diff: 8, Sum: 8, Workers: 6
[16.798s][debug  ][gc,phases      ] GC(60)   ObjectSynchronizer Weak        Min:  0.0, Avg:  0.0, Max:  0.0, Diff:  0.0, Sum:  0.0, Workers: 6
[16.798s][debug  ][gc,phases      ] GC(60)     Dead                           Min: 0, Avg:  0.0, Max: 0, Diff: 0, Sum: 0, Workers: 6
[16.798s][debug  ][gc,phases      ] GC(60)     Total                          Min: 0, Avg:  0.5, Max: 3, Diff: 3, Sum: 3, Workers: 6
[16.798s][debug  ][gc,phases      ] GC(60)   JVMTI Tag Weak OopStorage      Min:  0.0, Avg:  0.0, Max:  0.0, Diff:  0.0, Sum:  0.0, Workers: 6
[16.798s][debug  ][gc,phases      ] GC(60)     Dead                           Min: 0, Avg:  0.0, Max: 0, Diff: 0, Sum: 0, Workers: 6
[16.798s][debug  ][gc,phases      ] GC(60)     Total                          Min: 0, Avg:  0.0, Max: 0, Diff: 0, Sum: 0, Workers: 6
[16.798s][debug  ][gc,phases      ] GC(60)   StringTable Weak               Min:  0.0, Avg:  0.0, Max:  0.0, Diff:  0.0, Sum:  0.0, Workers: 6
[16.798s][debug  ][gc,phases      ] GC(60)     Dead                           Min: 0, Avg:  0.0, Max: 0, Diff: 0, Sum: 0, Workers: 6
[16.798s][debug  ][gc,phases      ] GC(60)     Total                          Min: 832, Avg: 892.5, Max: 1151, Diff: 319, Sum: 5355, Workers: 6
[16.798s][debug  ][gc,phases      ] GC(60)   ResolvedMethodTable Weak       Min:  0.0, Avg:  0.0, Max:  0.0, Diff:  0.0, Sum:  0.0, Workers: 6
[16.798s][debug  ][gc,phases      ] GC(60)     Dead                           Min: 0, Avg:  0.0, Max: 0, Diff: 0, Sum: 0, Workers: 6
[16.798s][debug  ][gc,phases      ] GC(60)     Total                          Min: 0, Avg: 21.7, Max: 64, Diff: 64, Sum: 130, Workers: 6
[16.798s][debug  ][gc,phases      ] GC(60)   JNI Weak                       Min:  0.0, Avg:  0.0, Max:  0.0, Diff:  0.0, Sum:  0.0, Workers: 6
[16.798s][debug  ][gc,phases      ] GC(60)     Dead                           Min: 0, Avg:  0.0, Max: 0, Diff: 0, Sum: 0, Workers: 6
[16.798s][debug  ][gc,phases      ] GC(60)     Total                          Min: 0, Avg:  0.0, Max: 0, Diff: 0, Sum: 0, Workers: 6
[16.798s][debug  ][gc,phases      ] GC(60)   StringDedup Table Weak         Min:  0.0, Avg:  0.0, Max:  0.0, Diff:  0.0, Sum:  0.0, Workers: 6
[16.798s][debug  ][gc,phases      ] GC(60)     Dead                           Min: 0, Avg:  0.0, Max: 0, Diff: 0, Sum: 0, Workers: 6
[16.798s][debug  ][gc,phases      ] GC(60)     Total                          Min: 0, Avg:  0.0, Max: 0, Diff: 0, Sum: 0, Workers: 6
[16.798s][debug  ][gc,phases      ] GC(60)   StringDedup Requests0 Weak     Min:  0.0, Avg:  0.0, Max:  0.0, Diff:  0.0, Sum:  0.0, Workers: 6
[16.798s][debug  ][gc,phases      ] GC(60)     Dead                           Min: 0, Avg:  0.0, Max: 0, Diff: 0, Sum: 0, Workers: 6
[16.798s][debug  ][gc,phases      ] GC(60)     Total                          Min: 0, Avg:  0.0, Max: 0, Diff: 0, Sum: 0, Workers: 6
[16.798s][debug  ][gc,phases      ] GC(60)   StringDedup Requests1 Weak     Min:  0.0, Avg:  0.0, Max:  0.0, Diff:  0.0, Sum:  0.0, Workers: 6
[16.798s][debug  ][gc,phases      ] GC(60)     Dead                           Min: 0, Avg:  0.0, Max: 0, Diff: 0, Sum: 0, Workers: 6
[16.798s][debug  ][gc,phases      ] GC(60)     Total                          Min: 0, Avg:  0.0, Max: 0, Diff: 0, Sum: 0, Workers: 6
[16.798s][debug  ][gc,phases      ] GC(60)   Weak JFR Old Object Samples    Min:  0.0, Avg:  0.0, Max:  0.0, Diff:  0.0, Sum:  0.0, Workers: 6
[16.798s][debug  ][gc,phases      ] GC(60)     Dead                           Min: 0, Avg:  0.0, Max: 0, Diff: 0, Sum: 0, Workers: 6
[16.798s][debug  ][gc,phases      ] GC(60)     Total                          Min: 0, Avg:  0.0, Max: 0, Diff: 0, Sum: 0, Workers: 6
[16.798s][debug  ][gc,phases      ] GC(60) Weak Processing 0.892ms
[16.798s][debug  ][gc,ergo        ] GC(60) AdaptiveSizeStart:  collection: 61 
[16.799s][debug  ][gc,ergo        ] GC(60) avg_survived_padded_avg: 37491844.000000
[16.799s][debug  ][gc,ergo        ] GC(60) avg_promoted_padded_avg: 255667472.000000  avg_pretenured_padded_avg: 0.000000  tenuring_thresh: 1  target_size: 37748736
[16.799s][debug  ][gc,age         ] GC(60) Desired survivor size 37748736 bytes, new threshold 1 (max threshold 15)
[16.799s][debug  ][gc,ergo        ] GC(60) PSAdaptiveSizePolicy::compute_eden_space_size limits: desired_eden_size: 219740051 old_eden_size: 230686720 eden_limit: 193462272 cur_eden: 192937984 max_eden_size: 193462272 avg_young_live: 22557020
[16.799s][debug  ][gc,ergo        ] GC(60) PSAdaptiveSizePolicy::compute_eden_space_size: costs minor_time: 0.046747 major_cost: 0.024579 mutator_cost: 0.928674 throughput_goal: 0.990000
[16.799s][debug  ][gc,ergo        ] GC(60) Live_space: 859914112 free_space: 785383424
[16.799s][debug  ][gc,ergo        ] GC(60) Old eden_size: 230686720 desired_eden_size: 193462272
[16.799s][debug  ][gc,ergo        ] GC(60) AdaptiveSizeStop: collection: 61 
[16.799s][info   ][gc,heap        ] GC(60) PSYoungGen: 218676K(224768K)->30720K(225280K) Eden: 187956K(188416K)->0K(188416K) From: 30720K(36352K)->30720K(36864K)
[16.799s][info   ][gc,heap        ] GC(60) ParOldGen: 994916K(1640448K)->1179236K(1640448K)
[16.799s][info   ][gc,metaspace   ] GC(60) Metaspace: 1023K(1216K)->1023K(1216K) NonClass: 939K(1024K)->939K(1024K) Class: 83K(192K)->83K(192K)
[16.799s][info   ][gc             ] GC(60) Pause Young (Allocation Failure) 1185M->1181M(1822M) 18.783ms
[16.799s][info   ][gc,cpu         ] GC(60) User=0.06s Sys=0.09s Real=0.02s
[16.799s][debug  ][gc,heap        ] GC(60) Heap after GC invocations=61 (full 10):
[16.799s][debug  ][gc,heap        ] GC(60)  PSYoungGen      total 225280K, used 30720K [0x00000007f0000000, 0x0000000800000000, 0x0000000800000000)
[16.799s][debug  ][gc,heap        ] GC(60)   eden space 188416K, 0% used [0x00000007f0000000,0x00000007f0000000,0x00000007fb800000)
[16.799s][debug  ][gc,heap        ] GC(60)   from space 36864K, 83% used [0x00000007fb800000,0x00000007fd600030,0x00000007fdc00000)
[16.799s][debug  ][gc,heap        ] GC(60)   to   space 36864K, 0% used [0x00000007fdc00000,0x00000007fdc00000,0x0000000800000000)
[16.799s][debug  ][gc,heap        ] GC(60)  ParOldGen       total 1640448K, used 1179236K [0x0000000700000000, 0x0000000764200000, 0x00000007f0000000)
[16.799s][debug  ][gc,heap        ] GC(60)   object space 1640448K, 71% used [0x0000000700000000,0x0000000747f99328,0x0000000764200000)
[16.799s][debug  ][gc,heap        ] GC(60)  Metaspace       used 1023K, committed 1216K, reserved 1056768K
[16.799s][debug  ][gc,heap        ] GC(60)   class space    used 83K, committed 192K, reserved 1048576K
[16.799s][debug  ][gc,task,time   ] GC(60) VM-Thread 167797254 167969339 167991110
[17.081s][debug  ][gc,heap        ] GC(61) Heap before GC invocations=62 (full 10):
[17.081s][debug  ][gc,heap        ] GC(61)  PSYoungGen      total 225280K, used 218697K [0x00000007f0000000, 0x0000000800000000, 0x0000000800000000)
[17.081s][debug  ][gc,heap        ] GC(61)   eden space 188416K, 99% used [0x00000007f0000000,0x00000007fb7923f8,0x00000007fb800000)
[17.081s][debug  ][gc,heap        ] GC(61)   from space 36864K, 83% used [0x00000007fb800000,0x00000007fd600030,0x00000007fdc00000)
[17.081s][debug  ][gc,heap        ] GC(61)   to   space 36864K, 0% used [0x00000007fdc00000,0x00000007fdc00000,0x0000000800000000)
[17.081s][debug  ][gc,heap        ] GC(61)  ParOldGen       total 1640448K, used 1179236K [0x0000000700000000, 0x0000000764200000, 0x00000007f0000000)
[17.081s][debug  ][gc,heap        ] GC(61)   object space 1640448K, 71% used [0x0000000700000000,0x0000000747f99328,0x0000000764200000)
[17.081s][debug  ][gc,heap        ] GC(61)  Metaspace       used 1023K, committed 1216K, reserved 1056768K
[17.081s][debug  ][gc,heap        ] GC(61)   class space    used 83K, committed 192K, reserved 1048576K
[17.081s][debug  ][gc,tlab        ] GC(61) TLAB totals: thrds: 1  refills: 1 max: 1 slow allocs: 17 max 17 waste: 26.3% gc: 3744472B max: 3744472B slow: 0B max: 0B
[17.081s][info   ][gc,start       ] GC(61) Pause Young (Allocation Failure)
[17.081s][debug  ][gc,phases,start] GC(61) Scavenge
[17.099s][debug  ][gc,phases      ] GC(61) Scavenge 17.439ms
[17.099s][debug  ][gc,phases,start] GC(61) Reference Processing
[17.099s][debug  ][gc,ref         ] GC(61) Skipped phase 1 of Reference Processing: no references
[17.099s][debug  ][gc,ref         ] GC(61) Skipped phase 2 of Reference Processing: no references
[17.099s][debug  ][gc,ref         ] GC(61) Skipped phase 3 of Reference Processing: no references
[17.099s][debug  ][gc,ref         ] GC(61) Skipped phase 4 of Reference Processing: no references
[17.099s][debug  ][gc,phases,ref  ] GC(61) Reference Processing: 0.1ms
[17.099s][debug  ][gc,phases,ref  ] GC(61)   Reconsider SoftReferences: 0.0ms
[17.099s][debug  ][gc,phases,ref  ] GC(61)     SoftRef (ms):                  skipped
[17.099s][debug  ][gc,phases,ref  ] GC(61)   Notify Soft/WeakReferences: 0.0ms
[17.099s][debug  ][gc,phases,ref  ] GC(61)     SoftRef (ms):                  skipped
[17.099s][debug  ][gc,phases,ref  ] GC(61)     WeakRef (ms):                  skipped
[17.099s][debug  ][gc,phases,ref  ] GC(61)     FinalRef (ms):                 skipped
[17.099s][debug  ][gc,phases,ref  ] GC(61)     Total (ms):                    skipped
[17.099s][debug  ][gc,phases,ref  ] GC(61)   Notify and keep alive finalizable: 0.0ms
[17.099s][debug  ][gc,phases,ref  ] GC(61)     FinalRef (ms):                 skipped
[17.099s][debug  ][gc,phases,ref  ] GC(61)   Notify PhantomReferences: 0.0ms
[17.099s][debug  ][gc,phases,ref  ] GC(61)     PhantomRef (ms):               skipped
[17.099s][debug  ][gc,phases,ref  ] GC(61)   SoftReference:
[17.099s][debug  ][gc,phases,ref  ] GC(61)     Discovered: 0
[17.099s][debug  ][gc,phases,ref  ] GC(61)     Cleared: 0
[17.099s][debug  ][gc,phases,ref  ] GC(61)   WeakReference:
[17.099s][debug  ][gc,phases,ref  ] GC(61)     Discovered: 0
[17.099s][debug  ][gc,phases,ref  ] GC(61)     Cleared: 0
[17.099s][debug  ][gc,phases,ref  ] GC(61)   FinalReference:
[17.099s][debug  ][gc,phases,ref  ] GC(61)     Discovered: 0
[17.099s][debug  ][gc,phases,ref  ] GC(61)     Cleared: 0
[17.100s][debug  ][gc,phases,ref  ] GC(61)   PhantomReference:
[17.100s][debug  ][gc,phases,ref  ] GC(61)     Discovered: 0
[17.100s][debug  ][gc,phases,ref  ] GC(61)     Cleared: 0
[17.100s][debug  ][gc,phases      ] GC(61) Reference Processing 0.702ms
[17.100s][debug  ][gc,phases,start] GC(61) Weak Processing
[17.100s][debug  ][gc,phases      ] GC(61)   VM Weak                        Min:  0.0, Avg:  0.0, Max:  0.0, Diff:  0.0, Sum:  0.0, Workers: 6
[17.100s][debug  ][gc,phases      ] GC(61)     Dead                           Min: 0, Avg:  0.0, Max: 0, Diff: 0, Sum: 0, Workers: 6
[17.100s][debug  ][gc,phases      ] GC(61)     Total                          Min: 0, Avg:  1.3, Max: 8, Diff: 8, Sum: 8, Workers: 6
[17.100s][debug  ][gc,phases      ] GC(61)   ObjectSynchronizer Weak        Min:  0.0, Avg:  0.0, Max:  0.0, Diff:  0.0, Sum:  0.0, Workers: 6
[17.100s][debug  ][gc,phases      ] GC(61)     Dead                           Min: 0, Avg:  0.0, Max: 0, Diff: 0, Sum: 0, Workers: 6
[17.100s][debug  ][gc,phases      ] GC(61)     Total                          Min: 0, Avg:  0.5, Max: 3, Diff: 3, Sum: 3, Workers: 6
[17.100s][debug  ][gc,phases      ] GC(61)   JVMTI Tag Weak OopStorage      Min:  0.0, Avg:  0.0, Max:  0.0, Diff:  0.0, Sum:  0.0, Workers: 6
[17.100s][debug  ][gc,phases      ] GC(61)     Dead                           Min: 0, Avg:  0.0, Max: 0, Diff: 0, Sum: 0, Workers: 6
[17.100s][debug  ][gc,phases      ] GC(61)     Total                          Min: 0, Avg:  0.0, Max: 0, Diff: 0, Sum: 0, Workers: 6
[17.100s][debug  ][gc,phases      ] GC(61)   StringTable Weak               Min:  0.0, Avg:  0.0, Max:  0.0, Diff:  0.0, Sum:  0.0, Workers: 6
[17.100s][debug  ][gc,phases      ] GC(61)     Dead                           Min: 0, Avg:  0.0, Max: 0, Diff: 0, Sum: 0, Workers: 6
[17.100s][debug  ][gc,phases      ] GC(61)     Total                          Min: 767, Avg: 892.5, Max: 1152, Diff: 385, Sum: 5355, Workers: 6
[17.100s][debug  ][gc,phases      ] GC(61)   ResolvedMethodTable Weak       Min:  0.0, Avg:  0.0, Max:  0.0, Diff:  0.0, Sum:  0.0, Workers: 6
[17.100s][debug  ][gc,phases      ] GC(61)     Dead                           Min: 0, Avg:  0.0, Max: 0, Diff: 0, Sum: 0, Workers: 6
[17.100s][debug  ][gc,phases      ] GC(61)     Total                          Min: 0, Avg: 21.7, Max: 64, Diff: 64, Sum: 130, Workers: 6
[17.100s][debug  ][gc,phases      ] GC(61)   JNI Weak                       Min:  0.0, Avg:  0.0, Max:  0.0, Diff:  0.0, Sum:  0.0, Workers: 6
[17.100s][debug  ][gc,phases      ] GC(61)     Dead                           Min: 0, Avg:  0.0, Max: 0, Diff: 0, Sum: 0, Workers: 6
[17.100s][debug  ][gc,phases      ] GC(61)     Total                          Min: 0, Avg:  0.0, Max: 0, Diff: 0, Sum: 0, Workers: 6
[17.100s][debug  ][gc,phases      ] GC(61)   StringDedup Table Weak         Min:  0.0, Avg:  0.0, Max:  0.0, Diff:  0.0, Sum:  0.0, Workers: 6
[17.100s][debug  ][gc,phases      ] GC(61)     Dead                           Min: 0, Avg:  0.0, Max: 0, Diff: 0, Sum: 0, Workers: 6
[17.100s][debug  ][gc,phases      ] GC(61)     Total                          Min: 0, Avg:  0.0, Max: 0, Diff: 0, Sum: 0, Workers: 6
[17.100s][debug  ][gc,phases      ] GC(61)   StringDedup Requests0 Weak     Min:  0.0, Avg:  0.0, Max:  0.0, Diff:  0.0, Sum:  0.0, Workers: 6
[17.100s][debug  ][gc,phases      ] GC(61)     Dead                           Min: 0, Avg:  0.0, Max: 0, Diff: 0, Sum: 0, Workers: 6
[17.100s][debug  ][gc,phases      ] GC(61)     Total                          Min: 0, Avg:  0.0, Max: 0, Diff: 0, Sum: 0, Workers: 6
[17.100s][debug  ][gc,phases      ] GC(61)   StringDedup Requests1 Weak     Min:  0.0, Avg:  0.0, Max:  0.0, Diff:  0.0, Sum:  0.0, Workers: 6
[17.100s][debug  ][gc,phases      ] GC(61)     Dead                           Min: 0, Avg:  0.0, Max: 0, Diff: 0, Sum: 0, Workers: 6
[17.100s][debug  ][gc,phases      ] GC(61)     Total                          Min: 0, Avg:  0.0, Max: 0, Diff: 0, Sum: 0, Workers: 6
[17.100s][debug  ][gc,phases      ] GC(61)   Weak JFR Old Object Samples    Min:  0.0, Avg:  0.0, Max:  0.0, Diff:  0.0, Sum:  0.0, Workers: 6
[17.100s][debug  ][gc,phases      ] GC(61)     Dead                           Min: 0, Avg:  0.0, Max: 0, Diff: 0, Sum: 0, Workers: 6
[17.100s][debug  ][gc,phases      ] GC(61)     Total                          Min: 0, Avg:  0.0, Max: 0, Diff: 0, Sum: 0, Workers: 6
[17.100s][debug  ][gc,phases      ] GC(61) Weak Processing 0.845ms
[17.100s][debug  ][gc,ergo        ] GC(61) AdaptiveSizeStart:  collection: 62 
[17.100s][debug  ][gc,ergo        ] GC(61) avg_survived_padded_avg: 37572864.000000
[17.101s][debug  ][gc,ergo        ] GC(61) avg_promoted_padded_avg: 257587040.000000  avg_pretenured_padded_avg: 0.000000  tenuring_thresh: 1  target_size: 37748736
[17.101s][debug  ][gc,age         ] GC(61) Desired survivor size 37748736 bytes, new threshold 1 (max threshold 15)
[17.101s][debug  ][gc,ergo        ] GC(61) PSAdaptiveSizePolicy::compute_eden_space_size limits: desired_eden_size: 220511909 old_eden_size: 193462272 eden_limit: 192937984 cur_eden: 192937984 max_eden_size: 192937984 avg_young_live: 23447050
[17.101s][debug  ][gc,ergo        ] GC(61) PSAdaptiveSizePolicy::compute_eden_space_size: costs minor_time: 0.050880 major_cost: 0.024579 mutator_cost: 0.924541 throughput_goal: 0.990000
[17.101s][debug  ][gc,ergo        ] GC(61) Live_space: 860804096 free_space: 748158976
[17.101s][debug  ][gc,ergo        ] GC(61) Old eden_size: 193462272 desired_eden_size: 192937984
[17.101s][debug  ][gc,ergo        ] GC(61) AdaptiveSizeStop: collection: 62 
[17.101s][info   ][gc,heap        ] GC(61) PSYoungGen: 218697K(225280K)->30720K(225280K) Eden: 187976K(188416K)->0K(188416K) From: 30720K(36864K)->30720K(36864K)
[17.101s][info   ][gc,heap        ] GC(61) ParOldGen: 1179236K(1640448K)->1363557K(1640448K)
[17.101s][info   ][gc,metaspace   ] GC(61) Metaspace: 1023K(1216K)->1023K(1216K) NonClass: 939K(1024K)->939K(1024K) Class: 83K(192K)->83K(192K)
[17.101s][info   ][gc             ] GC(61) Pause Young (Allocation Failure) 1365M->1361M(1822M) 19.544ms
[17.101s][info   ][gc,cpu         ] GC(61) User=0.06s Sys=0.11s Real=0.02s
[17.101s][debug  ][gc,heap        ] GC(61) Heap after GC invocations=62 (full 10):
[17.101s][debug  ][gc,heap        ] GC(61)  PSYoungGen      total 225280K, used 30720K [0x00000007f0000000, 0x0000000800000000, 0x0000000800000000)
[17.101s][debug  ][gc,heap        ] GC(61)   eden space 188416K, 0% used [0x00000007f0000000,0x00000007f0000000,0x00000007fb800000)
[17.101s][debug  ][gc,heap        ] GC(61)   from space 36864K, 83% used [0x00000007fdc00000,0x00000007ffa00030,0x0000000800000000)
[17.101s][debug  ][gc,heap        ] GC(61)   to   space 36864K, 0% used [0x00000007fb800000,0x00000007fb800000,0x00000007fdc00000)
[17.101s][debug  ][gc,heap        ] GC(61)  ParOldGen       total 1640448K, used 1363557K [0x0000000700000000, 0x0000000764200000, 0x00000007f0000000)
[17.101s][debug  ][gc,heap        ] GC(61)   object space 1640448K, 83% used [0x0000000700000000,0x0000000753399448,0x0000000764200000)
[17.101s][debug  ][gc,heap        ] GC(61)  Metaspace       used 1023K, committed 1216K, reserved 1056768K
[17.101s][debug  ][gc,heap        ] GC(61)   class space    used 83K, committed 192K, reserved 1048576K
[17.101s][debug  ][gc,task,time   ] GC(61) VM-Thread 170808841 170988683 171011087
[17.385s][debug  ][gc,heap        ] GC(62) Heap before GC invocations=63 (full 10):
[17.385s][debug  ][gc,heap        ] GC(62)  PSYoungGen      total 225280K, used 218710K [0x00000007f0000000, 0x0000000800000000, 0x0000000800000000)
[17.385s][debug  ][gc,heap        ] GC(62)   eden space 188416K, 99% used [0x00000007f0000000,0x00000007fb795998,0x00000007fb800000)
[17.385s][debug  ][gc,heap        ] GC(62)   from space 36864K, 83% used [0x00000007fdc00000,0x00000007ffa00030,0x0000000800000000)
[17.385s][debug  ][gc,heap        ] GC(62)   to   space 36864K, 0% used [0x00000007fb800000,0x00000007fb800000,0x00000007fdc00000)
[17.385s][debug  ][gc,heap        ] GC(62)  ParOldGen       total 1640448K, used 1363557K [0x0000000700000000, 0x0000000764200000, 0x00000007f0000000)
[17.385s][debug  ][gc,heap        ] GC(62)   object space 1640448K, 83% used [0x0000000700000000,0x0000000753399448,0x0000000764200000)
[17.385s][debug  ][gc,heap        ] GC(62)  Metaspace       used 1023K, committed 1216K, reserved 1056768K
[17.385s][debug  ][gc,heap        ] GC(62)   class space    used 83K, committed 192K, reserved 1048576K
[17.385s][debug  ][gc,tlab        ] GC(62) TLAB totals: thrds: 1  refills: 1 max: 1 slow allocs: 17 max 17 waste: 26.4% gc: 3758200B max: 3758200B slow: 0B max: 0B
[17.385s][info   ][gc,start       ] GC(62) Pause Young (Allocation Failure)
[17.385s][debug  ][gc,phases,start] GC(62) Scavenge
[17.403s][debug  ][gc,phases      ] GC(62) Scavenge 17.587ms
[17.403s][debug  ][gc,phases,start] GC(62) Reference Processing
[17.403s][debug  ][gc,ref         ] GC(62) Skipped phase 1 of Reference Processing: no references
[17.403s][debug  ][gc,ref         ] GC(62) Skipped phase 2 of Reference Processing: no references
[17.403s][debug  ][gc,ref         ] GC(62) Skipped phase 3 of Reference Processing: no references
[17.403s][debug  ][gc,ref         ] GC(62) Skipped phase 4 of Reference Processing: no references
[17.403s][debug  ][gc,phases,ref  ] GC(62) Reference Processing: 0.1ms
[17.403s][debug  ][gc,phases,ref  ] GC(62)   Reconsider SoftReferences: 0.0ms
[17.403s][debug  ][gc,phases,ref  ] GC(62)     SoftRef (ms):                  skipped
[17.403s][debug  ][gc,phases,ref  ] GC(62)   Notify Soft/WeakReferences: 0.0ms
[17.403s][debug  ][gc,phases,ref  ] GC(62)     SoftRef (ms):                  skipped
[17.403s][debug  ][gc,phases,ref  ] GC(62)     WeakRef (ms):                  skipped
[17.403s][debug  ][gc,phases,ref  ] GC(62)     FinalRef (ms):                 skipped
[17.403s][debug  ][gc,phases,ref  ] GC(62)     Total (ms):                    skipped
[17.403s][debug  ][gc,phases,ref  ] GC(62)   Notify and keep alive finalizable: 0.0ms
[17.403s][debug  ][gc,phases,ref  ] GC(62)     FinalRef (ms):                 skipped
[17.403s][debug  ][gc,phases,ref  ] GC(62)   Notify PhantomReferences: 0.0ms
[17.403s][debug  ][gc,phases,ref  ] GC(62)     PhantomRef (ms):               skipped
[17.403s][debug  ][gc,phases,ref  ] GC(62)   SoftReference:
[17.403s][debug  ][gc,phases,ref  ] GC(62)     Discovered: 0
[17.403s][debug  ][gc,phases,ref  ] GC(62)     Cleared: 0
[17.403s][debug  ][gc,phases,ref  ] GC(62)   WeakReference:
[17.403s][debug  ][gc,phases,ref  ] GC(62)     Discovered: 0
[17.403s][debug  ][gc,phases,ref  ] GC(62)     Cleared: 0
[17.403s][debug  ][gc,phases,ref  ] GC(62)   FinalReference:
[17.403s][debug  ][gc,phases,ref  ] GC(62)     Discovered: 0
[17.404s][debug  ][gc,phases,ref  ] GC(62)     Cleared: 0
[17.404s][debug  ][gc,phases,ref  ] GC(62)   PhantomReference:
[17.404s][debug  ][gc,phases,ref  ] GC(62)     Discovered: 0
[17.404s][debug  ][gc,phases,ref  ] GC(62)     Cleared: 0
[17.404s][debug  ][gc,phases      ] GC(62) Reference Processing 0.560ms
[17.404s][debug  ][gc,phases,start] GC(62) Weak Processing
[17.404s][debug  ][gc,phases      ] GC(62)   VM Weak                        Min:  0.0, Avg:  0.0, Max:  0.0, Diff:  0.0, Sum:  0.0, Workers: 6
[17.404s][debug  ][gc,phases      ] GC(62)     Dead                           Min: 0, Avg:  0.0, Max: 0, Diff: 0, Sum: 0, Workers: 6
[17.404s][debug  ][gc,phases      ] GC(62)     Total                          Min: 0, Avg:  1.3, Max: 8, Diff: 8, Sum: 8, Workers: 6
[17.404s][debug  ][gc,phases      ] GC(62)   ObjectSynchronizer Weak        Min:  0.0, Avg:  0.0, Max:  0.0, Diff:  0.0, Sum:  0.0, Workers: 6
[17.404s][debug  ][gc,phases      ] GC(62)     Dead                           Min: 0, Avg:  0.0, Max: 0, Diff: 0, Sum: 0, Workers: 6
[17.404s][debug  ][gc,phases      ] GC(62)     Total                          Min: 0, Avg:  0.5, Max: 3, Diff: 3, Sum: 3, Workers: 6
[17.404s][debug  ][gc,phases      ] GC(62)   JVMTI Tag Weak OopStorage      Min:  0.0, Avg:  0.0, Max:  0.0, Diff:  0.0, Sum:  0.0, Workers: 6
[17.404s][debug  ][gc,phases      ] GC(62)     Dead                           Min: 0, Avg:  0.0, Max: 0, Diff: 0, Sum: 0, Workers: 6
[17.404s][debug  ][gc,phases      ] GC(62)     Total                          Min: 0, Avg:  0.0, Max: 0, Diff: 0, Sum: 0, Workers: 6
[17.404s][debug  ][gc,phases      ] GC(62)   StringTable Weak               Min:  0.0, Avg:  0.0, Max:  0.0, Diff:  0.0, Sum:  0.0, Workers: 6
[17.404s][debug  ][gc,phases      ] GC(62)     Dead                           Min: 0, Avg:  0.0, Max: 0, Diff: 0, Sum: 0, Workers: 6
[17.404s][debug  ][gc,phases      ] GC(62)     Total                          Min: 747, Avg: 892.5, Max: 1216, Diff: 469, Sum: 5355, Workers: 6
[17.404s][debug  ][gc,phases      ] GC(62)   ResolvedMethodTable Weak       Min:  0.0, Avg:  0.0, Max:  0.0, Diff:  0.0, Sum:  0.0, Workers: 6
[17.404s][debug  ][gc,phases      ] GC(62)     Dead                           Min: 0, Avg:  0.0, Max: 0, Diff: 0, Sum: 0, Workers: 6
[17.404s][debug  ][gc,phases      ] GC(62)     Total                          Min: 0, Avg: 21.7, Max: 64, Diff: 64, Sum: 130, Workers: 6
[17.404s][debug  ][gc,phases      ] GC(62)   JNI Weak                       Min:  0.0, Avg:  0.0, Max:  0.0, Diff:  0.0, Sum:  0.0, Workers: 6
[17.404s][debug  ][gc,phases      ] GC(62)     Dead                           Min: 0, Avg:  0.0, Max: 0, Diff: 0, Sum: 0, Workers: 6
[17.404s][debug  ][gc,phases      ] GC(62)     Total                          Min: 0, Avg:  0.0, Max: 0, Diff: 0, Sum: 0, Workers: 6
[17.404s][debug  ][gc,phases      ] GC(62)   StringDedup Table Weak         Min:  0.0, Avg:  0.0, Max:  0.0, Diff:  0.0, Sum:  0.0, Workers: 6
[17.404s][debug  ][gc,phases      ] GC(62)     Dead                           Min: 0, Avg:  0.0, Max: 0, Diff: 0, Sum: 0, Workers: 6
[17.404s][debug  ][gc,phases      ] GC(62)     Total                          Min: 0, Avg:  0.0, Max: 0, Diff: 0, Sum: 0, Workers: 6
[17.404s][debug  ][gc,phases      ] GC(62)   StringDedup Requests0 Weak     Min:  0.0, Avg:  0.0, Max:  0.0, Diff:  0.0, Sum:  0.0, Workers: 6
[17.404s][debug  ][gc,phases      ] GC(62)     Dead                           Min: 0, Avg:  0.0, Max: 0, Diff: 0, Sum: 0, Workers: 6
[17.404s][debug  ][gc,phases      ] GC(62)     Total                          Min: 0, Avg:  0.0, Max: 0, Diff: 0, Sum: 0, Workers: 6
[17.404s][debug  ][gc,phases      ] GC(62)   StringDedup Requests1 Weak     Min:  0.0, Avg:  0.0, Max:  0.0, Diff:  0.0, Sum:  0.0, Workers: 6
[17.404s][debug  ][gc,phases      ] GC(62)     Dead                           Min: 0, Avg:  0.0, Max: 0, Diff: 0, Sum: 0, Workers: 6
[17.404s][debug  ][gc,phases      ] GC(62)     Total                          Min: 0, Avg:  0.0, Max: 0, Diff: 0, Sum: 0, Workers: 6
[17.404s][debug  ][gc,phases      ] GC(62)   Weak JFR Old Object Samples    Min:  0.0, Avg:  0.0, Max:  0.0, Diff:  0.0, Sum:  0.0, Workers: 6
[17.404s][debug  ][gc,phases      ] GC(62)     Dead                           Min: 0, Avg:  0.0, Max: 0, Diff: 0, Sum: 0, Workers: 6
[17.404s][debug  ][gc,phases      ] GC(62)     Total                          Min: 0, Avg:  0.0, Max: 0, Diff: 0, Sum: 0, Workers: 6
[17.404s][debug  ][gc,phases      ] GC(62) Weak Processing 0.660ms
[17.404s][debug  ][gc,ergo        ] GC(62) AdaptiveSizeStart:  collection: 63 
[17.404s][debug  ][gc,ergo        ] GC(62) avg_survived_padded_avg: 37577336.000000
[17.404s][debug  ][gc,ergo        ] GC(62) avg_promoted_padded_avg: 258453440.000000  avg_pretenured_padded_avg: 0.000000  tenuring_thresh: 1  target_size: 37748736
[17.404s][debug  ][gc,age         ] GC(62) Desired survivor size 37748736 bytes, new threshold 1 (max threshold 15)
[17.404s][debug  ][gc,ergo        ] GC(62) PSAdaptiveSizePolicy::compute_eden_space_size limits: desired_eden_size: 220996516 old_eden_size: 192937984 eden_limit: 192937984 cur_eden: 192937984 max_eden_size: 192937984 avg_young_live: 24248076
[17.404s][debug  ][gc,ergo        ] GC(62) PSAdaptiveSizePolicy::compute_eden_space_size: costs minor_time: 0.053728 major_cost: 0.024579 mutator_cost: 0.921692 throughput_goal: 0.990000
[17.404s][debug  ][gc,ergo        ] GC(62) Live_space: 861605120 free_space: 747634688
[17.404s][debug  ][gc,ergo        ] GC(62) Old eden_size: 192937984 desired_eden_size: 192937984
[17.404s][debug  ][gc,ergo        ] GC(62) AdaptiveSizeStop: collection: 63 
[17.404s][info   ][gc,heap        ] GC(62) PSYoungGen: 218710K(225280K)->30720K(225280K) Eden: 187990K(188416K)->0K(188416K) From: 30720K(36864K)->30720K(36864K)
[17.405s][info   ][gc,heap        ] GC(62) ParOldGen: 1363557K(1640448K)->1547877K(1640448K)
[17.405s][info   ][gc,metaspace   ] GC(62) Metaspace: 1023K(1216K)->1023K(1216K) NonClass: 939K(1024K)->939K(1024K) Class: 83K(192K)->83K(192K)
[17.405s][info   ][gc             ] GC(62) Pause Young (Allocation Failure) 1545M->1541M(1822M) 19.265ms
[17.405s][info   ][gc,cpu         ] GC(62) User=0.05s Sys=0.11s Real=0.02s
[17.405s][debug  ][gc,heap        ] GC(62) Heap after GC invocations=63 (full 10):
[17.405s][debug  ][gc,heap        ] GC(62)  PSYoungGen      total 225280K, used 30720K [0x00000007f0000000, 0x0000000800000000, 0x0000000800000000)
[17.405s][debug  ][gc,heap        ] GC(62)   eden space 188416K, 0% used [0x00000007f0000000,0x00000007f0000000,0x00000007fb800000)
[17.405s][debug  ][gc,heap        ] GC(62)   from space 36864K, 83% used [0x00000007fb800000,0x00000007fd600030,0x00000007fdc00000)
[17.405s][debug  ][gc,heap        ] GC(62)   to   space 36864K, 0% used [0x00000007fdc00000,0x00000007fdc00000,0x0000000800000000)
[17.405s][debug  ][gc,heap        ] GC(62)  ParOldGen       total 1640448K, used 1547877K [0x0000000700000000, 0x0000000764200000, 0x00000007f0000000)
[17.405s][debug  ][gc,heap        ] GC(62)   object space 1640448K, 94% used [0x0000000700000000,0x000000075e799568,0x0000000764200000)
[17.405s][debug  ][gc,heap        ] GC(62)  Metaspace       used 1023K, committed 1216K, reserved 1056768K
[17.405s][debug  ][gc,heap        ] GC(62)   class space    used 83K, committed 192K, reserved 1048576K
[17.405s][debug  ][gc,task,time   ] GC(62) VM-Thread 173847202 174030220 174048319
[17.405s][debug  ][gc,phases,start] GC(63) Pre Compact
[17.405s][debug  ][gc,heap        ] GC(63) Heap before GC invocations=64 (full 11):
[17.405s][debug  ][gc,heap        ] GC(63)  PSYoungGen      total 225280K, used 30720K [0x00000007f0000000, 0x0000000800000000, 0x0000000800000000)
[17.405s][debug  ][gc,heap        ] GC(63)   eden space 188416K, 0% used [0x00000007f0000000,0x00000007f0000000,0x00000007fb800000)
[17.405s][debug  ][gc,heap        ] GC(63)   from space 36864K, 83% used [0x00000007fb800000,0x00000007fd600030,0x00000007fdc00000)
[17.405s][debug  ][gc,heap        ] GC(63)   to   space 36864K, 0% used [0x00000007fdc00000,0x00000007fdc00000,0x0000000800000000)
[17.405s][debug  ][gc,heap        ] GC(63)  ParOldGen       total 1640448K, used 1547877K [0x0000000700000000, 0x0000000764200000, 0x00000007f0000000)
[17.405s][debug  ][gc,heap        ] GC(63)   object space 1640448K, 94% used [0x0000000700000000,0x000000075e799568,0x0000000764200000)
[17.405s][debug  ][gc,heap        ] GC(63)  Metaspace       used 1023K, committed 1216K, reserved 1056768K
[17.405s][debug  ][gc,heap        ] GC(63)   class space    used 83K, committed 192K, reserved 1048576K
[17.405s][debug  ][gc,phases      ] GC(63) Pre Compact 0.214ms
[17.405s][info   ][gc,start       ] GC(63) Pause Full (Ergonomics)
[17.405s][info   ][gc,phases,start] GC(63) Marking Phase
[17.405s][debug  ][gc,phases,start] GC(63) Par Mark
[17.406s][debug  ][gc,phases      ] GC(63) Par Mark 0.514ms
[17.406s][debug  ][gc,phases,start] GC(63) Reference Processing
[17.406s][debug  ][gc,ref         ] GC(63) Skipped phase 1 of Reference Processing: no references
[17.406s][debug  ][gc,ref         ] GC(63) ReferenceProcessor::execute queues: 1, RefProcThreadModel::Single, marks_oops_alive: false
[17.406s][debug  ][gc,ref         ] GC(63) Skipped phase 3 of Reference Processing: no references
[17.406s][debug  ][gc,ref         ] GC(63) ReferenceProcessor::execute queues: 1, RefProcThreadModel::Single, marks_oops_alive: false
[17.406s][debug  ][gc,phases,ref  ] GC(63) Reference Processing: 0.1ms
[17.406s][debug  ][gc,phases,ref  ] GC(63)   Reconsider SoftReferences: 0.0ms
[17.406s][debug  ][gc,phases,ref  ] GC(63)     SoftRef (ms):                  skipped
[17.406s][debug  ][gc,phases,ref  ] GC(63)   Notify Soft/WeakReferences: 0.0ms
[17.406s][debug  ][gc,phases,ref  ] GC(63)     SoftRef (ms):                  Min:  0.0, Avg:  0.0, Max:  0.0, Diff:  0.0, Sum:  0.0, Workers: 10
[17.406s][debug  ][gc,phases,ref  ] GC(63)     WeakRef (ms):                  Min:  0.0, Avg:  0.0, Max:  0.0, Diff:  0.0, Sum:  0.0, Workers: 10
[17.406s][debug  ][gc,phases,ref  ] GC(63)     FinalRef (ms):                 Min:  0.0, Avg:  0.0, Max:  0.0, Diff:  0.0, Sum:  0.0, Workers: 10
[17.406s][debug  ][gc,phases,ref  ] GC(63)     Total (ms):                    Min:  0.0, Avg:  0.0, Max:  0.0, Diff:  0.0, Sum:  0.0, Workers: 10
[17.406s][debug  ][gc,phases,ref  ] GC(63)   Notify and keep alive finalizable: 0.0ms
[17.406s][debug  ][gc,phases,ref  ] GC(63)     FinalRef (ms):                 skipped
[17.406s][debug  ][gc,phases,ref  ] GC(63)   Notify PhantomReferences: 0.0ms
[17.406s][debug  ][gc,phases,ref  ] GC(63)     PhantomRef (ms):               Min:  0.0, Avg:  0.0, Max:  0.0, Diff:  0.0, Sum:  0.0, Workers: 10
[17.406s][debug  ][gc,phases,ref  ] GC(63)   SoftReference:
[17.406s][debug  ][gc,phases,ref  ] GC(63)     Discovered: 0
[17.406s][debug  ][gc,phases,ref  ] GC(63)     Cleared: 0
[17.406s][debug  ][gc,phases,ref  ] GC(63)   WeakReference:
[17.406s][debug  ][gc,phases,ref  ] GC(63)     Discovered: 75
[17.406s][debug  ][gc,phases,ref  ] GC(63)     Cleared: 75
[17.406s][debug  ][gc,phases,ref  ] GC(63)   FinalReference:
[17.406s][debug  ][gc,phases,ref  ] GC(63)     Discovered: 0
[17.406s][debug  ][gc,phases,ref  ] GC(63)     Cleared: 0
[17.406s][debug  ][gc,phases,ref  ] GC(63)   PhantomReference:
[17.406s][debug  ][gc,phases,ref  ] GC(63)     Discovered: 3
[17.406s][debug  ][gc,phases,ref  ] GC(63)     Cleared: 3
[17.406s][debug  ][gc,phases      ] GC(63) Reference Processing 0.619ms
[17.406s][debug  ][gc,phases,start] GC(63) Weak Processing
[17.406s][debug  ][gc,phases      ] GC(63)   VM Weak                        Min:  0.0, Avg:  0.0, Max:  0.0, Diff:  0.0, Sum:  0.0, Workers: 6
[17.406s][debug  ][gc,phases      ] GC(63)     Dead                           Min: 0, Avg:  0.0, Max: 0, Diff: 0, Sum: 0, Workers: 6
[17.406s][debug  ][gc,phases      ] GC(63)     Total                          Min: 0, Avg:  1.3, Max: 8, Diff: 8, Sum: 8, Workers: 6
[17.406s][debug  ][gc,phases      ] GC(63)   ObjectSynchronizer Weak        Min:  0.0, Avg:  0.0, Max:  0.0, Diff:  0.0, Sum:  0.0, Workers: 6
[17.407s][debug  ][gc,phases      ] GC(63)     Dead                           Min: 0, Avg:  0.0, Max: 0, Diff: 0, Sum: 0, Workers: 6
[17.407s][debug  ][gc,phases      ] GC(63)     Total                          Min: 0, Avg:  0.5, Max: 3, Diff: 3, Sum: 3, Workers: 6
[17.407s][debug  ][gc,phases      ] GC(63)   JVMTI Tag Weak OopStorage      Min:  0.0, Avg:  0.0, Max:  0.0, Diff:  0.0, Sum:  0.0, Workers: 6
[17.407s][debug  ][gc,phases      ] GC(63)     Dead                           Min: 0, Avg:  0.0, Max: 0, Diff: 0, Sum: 0, Workers: 6
[17.407s][debug  ][gc,phases      ] GC(63)     Total                          Min: 0, Avg:  0.0, Max: 0, Diff: 0, Sum: 0, Workers: 6
[17.407s][debug  ][gc,phases      ] GC(63)   StringTable Weak               Min:  0.0, Avg:  0.0, Max:  0.0, Diff:  0.0, Sum:  0.0, Workers: 6
[17.407s][debug  ][gc,phases      ] GC(63)     Dead                           Min: 0, Avg:  0.0, Max: 0, Diff: 0, Sum: 0, Workers: 6
[17.407s][debug  ][gc,phases      ] GC(63)     Total                          Min: 512, Avg: 892.5, Max: 1472, Diff: 960, Sum: 5355, Workers: 6
[17.407s][debug  ][gc,phases      ] GC(63)   ResolvedMethodTable Weak       Min:  0.0, Avg:  0.0, Max:  0.0, Diff:  0.0, Sum:  0.0, Workers: 6
[17.407s][debug  ][gc,phases      ] GC(63)     Dead                           Min: 0, Avg:  0.0, Max: 0, Diff: 0, Sum: 0, Workers: 6
[17.407s][debug  ][gc,phases      ] GC(63)     Total                          Min: 0, Avg: 21.7, Max: 64, Diff: 64, Sum: 130, Workers: 6
[17.407s][debug  ][gc,phases      ] GC(63)   JNI Weak                       Min:  0.0, Avg:  0.0, Max:  0.0, Diff:  0.0, Sum:  0.0, Workers: 6
[17.407s][debug  ][gc,phases      ] GC(63)     Dead                           Min: 0, Avg:  0.0, Max: 0, Diff: 0, Sum: 0, Workers: 6
[17.407s][debug  ][gc,phases      ] GC(63)     Total                          Min: 0, Avg:  0.0, Max: 0, Diff: 0, Sum: 0, Workers: 6
[17.407s][debug  ][gc,phases      ] GC(63)   StringDedup Table Weak         Min:  0.0, Avg:  0.0, Max:  0.0, Diff:  0.0, Sum:  0.0, Workers: 6
[17.407s][debug  ][gc,phases      ] GC(63)     Dead                           Min: 0, Avg:  0.0, Max: 0, Diff: 0, Sum: 0, Workers: 6
[17.407s][debug  ][gc,phases      ] GC(63)     Total                          Min: 0, Avg:  0.0, Max: 0, Diff: 0, Sum: 0, Workers: 6
[17.407s][debug  ][gc,phases      ] GC(63)   StringDedup Requests0 Weak     Min:  0.0, Avg:  0.0, Max:  0.0, Diff:  0.0, Sum:  0.0, Workers: 6
[17.407s][debug  ][gc,phases      ] GC(63)     Dead                           Min: 0, Avg:  0.0, Max: 0, Diff: 0, Sum: 0, Workers: 6
[17.407s][debug  ][gc,phases      ] GC(63)     Total                          Min: 0, Avg:  0.0, Max: 0, Diff: 0, Sum: 0, Workers: 6
[17.407s][debug  ][gc,phases      ] GC(63)   StringDedup Requests1 Weak     Min:  0.0, Avg:  0.0, Max:  0.0, Diff:  0.0, Sum:  0.0, Workers: 6
[17.407s][debug  ][gc,phases      ] GC(63)     Dead                           Min: 0, Avg:  0.0, Max: 0, Diff: 0, Sum: 0, Workers: 6
[17.407s][debug  ][gc,phases      ] GC(63)     Total                          Min: 0, Avg:  0.0, Max: 0, Diff: 0, Sum: 0, Workers: 6
[17.407s][debug  ][gc,phases      ] GC(63)   Weak JFR Old Object Samples    Min:  0.0, Avg:  0.0, Max:  0.0, Diff:  0.0, Sum:  0.0, Workers: 6
[17.407s][debug  ][gc,phases      ] GC(63)     Dead                           Min: 0, Avg:  0.0, Max: 0, Diff: 0, Sum: 0, Workers: 6
[17.407s][debug  ][gc,phases      ] GC(63)     Total                          Min: 0, Avg:  0.0, Max: 0, Diff: 0, Sum: 0, Workers: 6
[17.407s][debug  ][gc,phases      ] GC(63) Weak Processing 0.695ms
[17.407s][debug  ][gc,phases,start] GC(63) Class Unloading
[17.407s][debug  ][gc,phases,start] GC(63) ClassLoaderData
[17.407s][debug  ][gc,phases      ] GC(63) ClassLoaderData 0.019ms
[17.407s][debug  ][gc,phases,start] GC(63) Trigger cleanups
[17.407s][debug  ][gc,phases      ] GC(63) Trigger cleanups 0.019ms
[17.407s][debug  ][gc,phases      ] GC(63) Class Unloading 0.251ms
[17.407s][info   ][gc,phases      ] GC(63) Marking Phase 2.203ms
[17.407s][info   ][gc,phases,start] GC(63) Summary Phase
[17.407s][info   ][gc,phases      ] GC(63) Summary Phase 0.050ms
[17.407s][info   ][gc,phases,start] GC(63) Adjust Roots
[17.408s][info   ][gc,phases      ] GC(63) Adjust Roots 0.146ms
[17.408s][info   ][gc,phases,start] GC(63) Compaction Phase
[17.490s][info   ][gc,phases      ] GC(63) Compaction Phase 82.206ms
[17.490s][info   ][gc,phases,start] GC(63) Post Compact
[17.495s][info   ][gc,phases      ] GC(63) Post Compact 5.017ms
[17.495s][debug  ][gc,ergo        ] GC(63) AdaptiveSizeStart: collection: 64 
[17.495s][debug  ][gc,ergo        ] GC(63) PSAdaptiveSizePolicy::compute_eden_space_size limits: desired_eden_size: 218504757 old_eden_size: 192937984 eden_limit: 192937984 cur_eden: 192937984 max_eden_size: 192937984 avg_young_live: 21823268
[17.495s][debug  ][gc,ergo        ] GC(63) PSAdaptiveSizePolicy::compute_eden_space_size: costs minor_time: 0.053728 major_cost: 0.032211 mutator_cost: 0.914060 throughput_goal: 0.990000
[17.495s][debug  ][gc,ergo        ] GC(63) Live_space: 859180288 free_space: 747634688
[17.495s][debug  ][gc,ergo        ] GC(63) Old eden_size: 192937984 desired_eden_size: 192937984
[17.495s][debug  ][gc,ergo        ] GC(63) PSAdaptiveSizePolicy::compute_old_gen_free_space: costs minor_time: 0.053728 major_cost: 0.032211  mutator_cost: 0.914060 throughput_goal: 0.990000
[17.495s][debug  ][gc,ergo        ] GC(63) Live_space: 879001728 free_space: 747634688
[17.495s][debug  ][gc,ergo        ] GC(63) Old promo_size: 554696704 desired_promo_size: 600834048
[17.495s][debug  ][gc             ] GC(63) Shrinking ParOldGen from 1640448K by 51712K to 1588736K
[17.496s][debug  ][gc,ergo        ] GC(63) AdaptiveSizeStop: collection: 64 
[17.496s][info   ][gc,heap        ] GC(63) PSYoungGen: 30720K(225280K)->0K(225280K) Eden: 0K(188416K)->0K(188416K) From: 30720K(36864K)->0K(36864K)
[17.496s][info   ][gc,heap        ] GC(63) ParOldGen: 1547877K(1640448K)->749156K(1588736K)
[17.496s][info   ][gc,metaspace   ] GC(63) Metaspace: 1023K(1216K)->1023K(1216K) NonClass: 939K(1024K)->939K(1024K) Class: 83K(192K)->83K(192K)
[17.496s][info   ][gc             ] GC(63) Pause Full (Ergonomics) 1541M->731M(1771M) 90.557ms
[17.496s][info   ][gc,cpu         ] GC(63) User=0.78s Sys=0.00s Real=0.09s
[17.496s][debug  ][gc,heap        ] GC(63) Heap after GC invocations=64 (full 11):
[17.496s][debug  ][gc,heap        ] GC(63)  PSYoungGen      total 225280K, used 0K [0x00000007f0000000, 0x0000000800000000, 0x0000000800000000)
[17.496s][debug  ][gc,heap        ] GC(63)   eden space 188416K, 0% used [0x00000007f0000000,0x00000007f0000000,0x00000007fb800000)
[17.496s][debug  ][gc,heap        ] GC(63)   from space 36864K, 0% used [0x00000007fdc00000,0x00000007fdc00000,0x0000000800000000)
[17.496s][debug  ][gc,heap        ] GC(63)   to   space 36864K, 0% used [0x00000007fb800000,0x00000007fb800000,0x00000007fdc00000)
[17.496s][debug  ][gc,heap        ] GC(63)  ParOldGen       total 1588736K, used 749156K [0x0000000700000000, 0x0000000760f80000, 0x00000007f0000000)
[17.496s][debug  ][gc,heap        ] GC(63)   object space 1588736K, 47% used [0x0000000700000000,0x000000072db99088,0x0000000760f80000)
[17.496s][debug  ][gc,heap        ] GC(63)  Metaspace       used 1023K, committed 1216K, reserved 1056768K
[17.496s][debug  ][gc,heap        ] GC(63)   class space    used 83K, committed 192K, reserved 1048576K
[17.496s][debug  ][gc,task,time   ] GC(63) VM-Thread 174051301 174076245 174957205
[17.782s][debug  ][gc,heap        ] GC(64) Heap before GC invocations=65 (full 11):
[17.782s][debug  ][gc,heap        ] GC(64)  PSYoungGen      total 225280K, used 187999K [0x00000007f0000000, 0x0000000800000000, 0x0000000800000000)
[17.782s][debug  ][gc,heap        ] GC(64)   eden space 188416K, 99% used [0x00000007f0000000,0x00000007fb797c10,0x00000007fb800000)
[17.782s][debug  ][gc,heap        ] GC(64)   from space 36864K, 0% used [0x00000007fdc00000,0x00000007fdc00000,0x0000000800000000)
[17.782s][debug  ][gc,heap        ] GC(64)   to   space 36864K, 0% used [0x00000007fb800000,0x00000007fb800000,0x00000007fdc00000)
[17.782s][debug  ][gc,heap        ] GC(64)  ParOldGen       total 1588736K, used 749156K [0x0000000700000000, 0x0000000760f80000, 0x00000007f0000000)
[17.782s][debug  ][gc,heap        ] GC(64)   object space 1588736K, 47% used [0x0000000700000000,0x000000072db99088,0x0000000760f80000)
[17.782s][debug  ][gc,heap        ] GC(64)  Metaspace       used 1023K, committed 1216K, reserved 1056768K
[17.782s][debug  ][gc,heap        ] GC(64)   class space    used 83K, committed 192K, reserved 1048576K
[17.782s][debug  ][gc,tlab        ] GC(64) TLAB totals: thrds: 1  refills: 1 max: 1 slow allocs: 17 max 17 waste: 26.4% gc: 3767024B max: 3767024B slow: 0B max: 0B
[17.782s][info   ][gc,start       ] GC(64) Pause Young (Allocation Failure)
[17.782s][debug  ][gc,phases,start] GC(64) Scavenge
[17.795s][debug  ][gc,phases      ] GC(64) Scavenge 12.561ms
[17.795s][debug  ][gc,phases,start] GC(64) Reference Processing
[17.795s][debug  ][gc,ref         ] GC(64) Skipped phase 1 of Reference Processing: no references
[17.795s][debug  ][gc,ref         ] GC(64) Skipped phase 2 of Reference Processing: no references
[17.795s][debug  ][gc,ref         ] GC(64) Skipped phase 3 of Reference Processing: no references
[17.795s][debug  ][gc,ref         ] GC(64) Skipped phase 4 of Reference Processing: no references
[17.795s][debug  ][gc,phases,ref  ] GC(64) Reference Processing: 0.1ms
[17.795s][debug  ][gc,phases,ref  ] GC(64)   Reconsider SoftReferences: 0.0ms
[17.795s][debug  ][gc,phases,ref  ] GC(64)     SoftRef (ms):                  skipped
[17.795s][debug  ][gc,phases,ref  ] GC(64)   Notify Soft/WeakReferences: 0.0ms
[17.795s][debug  ][gc,phases,ref  ] GC(64)     SoftRef (ms):                  skipped
[17.795s][debug  ][gc,phases,ref  ] GC(64)     WeakRef (ms):                  skipped
[17.795s][debug  ][gc,phases,ref  ] GC(64)     FinalRef (ms):                 skipped
[17.795s][debug  ][gc,phases,ref  ] GC(64)     Total (ms):                    skipped
[17.795s][debug  ][gc,phases,ref  ] GC(64)   Notify and keep alive finalizable: 0.0ms
[17.795s][debug  ][gc,phases,ref  ] GC(64)     FinalRef (ms):                 skipped
[17.795s][debug  ][gc,phases,ref  ] GC(64)   Notify PhantomReferences: 0.0ms
[17.795s][debug  ][gc,phases,ref  ] GC(64)     PhantomRef (ms):               skipped
[17.795s][debug  ][gc,phases,ref  ] GC(64)   SoftReference:
[17.795s][debug  ][gc,phases,ref  ] GC(64)     Discovered: 0
[17.795s][debug  ][gc,phases,ref  ] GC(64)     Cleared: 0
[17.795s][debug  ][gc,phases,ref  ] GC(64)   WeakReference:
[17.796s][debug  ][gc,phases,ref  ] GC(64)     Discovered: 0
[17.796s][debug  ][gc,phases,ref  ] GC(64)     Cleared: 0
[17.796s][debug  ][gc,phases,ref  ] GC(64)   FinalReference:
[17.796s][debug  ][gc,phases,ref  ] GC(64)     Discovered: 0
[17.796s][debug  ][gc,phases,ref  ] GC(64)     Cleared: 0
[17.796s][debug  ][gc,phases,ref  ] GC(64)   PhantomReference:
[17.796s][debug  ][gc,phases,ref  ] GC(64)     Discovered: 0
[17.796s][debug  ][gc,phases,ref  ] GC(64)     Cleared: 0
[17.796s][debug  ][gc,phases      ] GC(64) Reference Processing 0.780ms
[17.796s][debug  ][gc,phases,start] GC(64) Weak Processing
[17.796s][debug  ][gc,phases      ] GC(64)   VM Weak                        Min:  0.0, Avg:  0.0, Max:  0.0, Diff:  0.0, Sum:  0.0, Workers: 6
[17.796s][debug  ][gc,phases      ] GC(64)     Dead                           Min: 0, Avg:  0.0, Max: 0, Diff: 0, Sum: 0, Workers: 6
[17.796s][debug  ][gc,phases      ] GC(64)     Total                          Min: 0, Avg:  1.3, Max: 8, Diff: 8, Sum: 8, Workers: 6
[17.796s][debug  ][gc,phases      ] GC(64)   ObjectSynchronizer Weak        Min:  0.0, Avg:  0.0, Max:  0.0, Diff:  0.0, Sum:  0.0, Workers: 6
[17.796s][debug  ][gc,phases      ] GC(64)     Dead                           Min: 0, Avg:  0.0, Max: 0, Diff: 0, Sum: 0, Workers: 6
[17.796s][debug  ][gc,phases      ] GC(64)     Total                          Min: 0, Avg:  0.5, Max: 3, Diff: 3, Sum: 3, Workers: 6
[17.796s][debug  ][gc,phases      ] GC(64)   JVMTI Tag Weak OopStorage      Min:  0.0, Avg:  0.0, Max:  0.0, Diff:  0.0, Sum:  0.0, Workers: 6
[17.796s][debug  ][gc,phases      ] GC(64)     Dead                           Min: 0, Avg:  0.0, Max: 0, Diff: 0, Sum: 0, Workers: 6
[17.796s][debug  ][gc,phases      ] GC(64)     Total                          Min: 0, Avg:  0.0, Max: 0, Diff: 0, Sum: 0, Workers: 6
[17.796s][debug  ][gc,phases      ] GC(64)   StringTable Weak               Min:  0.0, Avg:  0.0, Max:  0.0, Diff:  0.0, Sum:  0.0, Workers: 6
[17.796s][debug  ][gc,phases      ] GC(64)     Dead                           Min: 0, Avg:  0.0, Max: 0, Diff: 0, Sum: 0, Workers: 6
[17.796s][debug  ][gc,phases      ] GC(64)     Total                          Min: 640, Avg: 892.5, Max: 1088, Diff: 448, Sum: 5355, Workers: 6
[17.796s][debug  ][gc,phases      ] GC(64)   ResolvedMethodTable Weak       Min:  0.0, Avg:  0.0, Max:  0.0, Diff:  0.0, Sum:  0.0, Workers: 6
[17.796s][debug  ][gc,phases      ] GC(64)     Dead                           Min: 0, Avg:  0.0, Max: 0, Diff: 0, Sum: 0, Workers: 6
[17.796s][debug  ][gc,phases      ] GC(64)     Total                          Min: 0, Avg: 21.7, Max: 64, Diff: 64, Sum: 130, Workers: 6
[17.796s][debug  ][gc,phases      ] GC(64)   JNI Weak                       Min:  0.0, Avg:  0.0, Max:  0.0, Diff:  0.0, Sum:  0.0, Workers: 6
[17.796s][debug  ][gc,phases      ] GC(64)     Dead                           Min: 0, Avg:  0.0, Max: 0, Diff: 0, Sum: 0, Workers: 6
[17.796s][debug  ][gc,phases      ] GC(64)     Total                          Min: 0, Avg:  0.0, Max: 0, Diff: 0, Sum: 0, Workers: 6
[17.796s][debug  ][gc,phases      ] GC(64)   StringDedup Table Weak         Min:  0.0, Avg:  0.0, Max:  0.0, Diff:  0.0, Sum:  0.0, Workers: 6
[17.796s][debug  ][gc,phases      ] GC(64)     Dead                           Min: 0, Avg:  0.0, Max: 0, Diff: 0, Sum: 0, Workers: 6
[17.796s][debug  ][gc,phases      ] GC(64)     Total                          Min: 0, Avg:  0.0, Max: 0, Diff: 0, Sum: 0, Workers: 6
[17.796s][debug  ][gc,phases      ] GC(64)   StringDedup Requests0 Weak     Min:  0.0, Avg:  0.0, Max:  0.0, Diff:  0.0, Sum:  0.0, Workers: 6
[17.796s][debug  ][gc,phases      ] GC(64)     Dead                           Min: 0, Avg:  0.0, Max: 0, Diff: 0, Sum: 0, Workers: 6
[17.796s][debug  ][gc,phases      ] GC(64)     Total                          Min: 0, Avg:  0.0, Max: 0, Diff: 0, Sum: 0, Workers: 6
[17.796s][debug  ][gc,phases      ] GC(64)   StringDedup Requests1 Weak     Min:  0.0, Avg:  0.0, Max:  0.0, Diff:  0.0, Sum:  0.0, Workers: 6
[17.797s][debug  ][gc,phases      ] GC(64)     Dead                           Min: 0, Avg:  0.0, Max: 0, Diff: 0, Sum: 0, Workers: 6
[17.797s][debug  ][gc,phases      ] GC(64)     Total                          Min: 0, Avg:  0.0, Max: 0, Diff: 0, Sum: 0, Workers: 6
[17.797s][debug  ][gc,phases      ] GC(64)   Weak JFR Old Object Samples    Min:  0.0, Avg:  0.0, Max:  0.0, Diff:  0.0, Sum:  0.0, Workers: 6
[17.797s][debug  ][gc,phases      ] GC(64)     Dead                           Min: 0, Avg:  0.0, Max: 0, Diff: 0, Sum: 0, Workers: 6
[17.797s][debug  ][gc,phases      ] GC(64)     Total                          Min: 0, Avg:  0.0, Max: 0, Diff: 0, Sum: 0, Workers: 6
[17.797s][debug  ][gc,phases      ] GC(64) Weak Processing 0.899ms
[17.797s][debug  ][gc,ergo        ] GC(64) AdaptiveSizeStart:  collection: 65 
[17.797s][debug  ][gc,ergo        ] GC(64) avg_survived_padded_avg: 37519760.000000
[17.797s][debug  ][gc,ergo        ] GC(64) avg_promoted_padded_avg: 249854592.000000  avg_pretenured_padded_avg: 0.000000  tenuring_thresh: 1  target_size: 37748736
[17.797s][debug  ][gc,age         ] GC(64) Desired survivor size 37748736 bytes, new threshold 1 (max threshold 15)
[17.797s][debug  ][gc,ergo        ] GC(64) PSAdaptiveSizePolicy::compute_eden_space_size limits: desired_eden_size: 217701392 old_eden_size: 192937984 eden_limit: 192937984 cur_eden: 192937984 max_eden_size: 192937984 avg_young_live: 22786672
[17.797s][debug  ][gc,ergo        ] GC(64) PSAdaptiveSizePolicy::compute_eden_space_size: costs minor_time: 0.049448 major_cost: 0.032211 mutator_cost: 0.918340 throughput_goal: 0.990000
[17.797s][debug  ][gc,ergo        ] GC(64) Live_space: 879965184 free_space: 793772032
[17.797s][debug  ][gc,ergo        ] GC(64) Old eden_size: 192937984 desired_eden_size: 192937984
[17.797s][debug  ][gc,ergo        ] GC(64) AdaptiveSizeStop: collection: 65 
[17.797s][info   ][gc,heap        ] GC(64) PSYoungGen: 187999K(225280K)->30720K(225280K) Eden: 187999K(188416K)->0K(188416K) From: 0K(36864K)->30720K(36864K)
[17.797s][info   ][gc,heap        ] GC(64) ParOldGen: 749156K(1588736K)->902756K(1588736K)
[17.797s][info   ][gc,metaspace   ] GC(64) Metaspace: 1023K(1216K)->1023K(1216K) NonClass: 939K(1024K)->939K(1024K) Class: 83K(192K)->83K(192K)
[17.797s][info   ][gc             ] GC(64) Pause Young (Allocation Failure) 915M->911M(1771M) 14.816ms
[17.797s][info   ][gc,cpu         ] GC(64) User=0.11s Sys=0.00s Real=0.02s
[17.797s][debug  ][gc,heap        ] GC(64) Heap after GC invocations=65 (full 11):
[17.797s][debug  ][gc,heap        ] GC(64)  PSYoungGen      total 225280K, used 30720K [0x00000007f0000000, 0x0000000800000000, 0x0000000800000000)
[17.797s][debug  ][gc,heap        ] GC(64)   eden space 188416K, 0% used [0x00000007f0000000,0x00000007f0000000,0x00000007fb800000)
[17.797s][debug  ][gc,heap        ] GC(64)   from space 36864K, 83% used [0x00000007fb800000,0x00000007fd600030,0x00000007fdc00000)
[17.797s][debug  ][gc,heap        ] GC(64)   to   space 36864K, 0% used [0x00000007fdc00000,0x00000007fdc00000,0x0000000800000000)
[17.797s][debug  ][gc,heap        ] GC(64)  ParOldGen       total 1588736K, used 902756K [0x0000000700000000, 0x0000000760f80000, 0x00000007f0000000)
[17.797s][debug  ][gc,heap        ] GC(64)   object space 1588736K, 56% used [0x0000000700000000,0x0000000737199178,0x0000000760f80000)
[17.797s][debug  ][gc,heap        ] GC(64)  Metaspace       used 1023K, committed 1216K, reserved 1056768K
[17.797s][debug  ][gc,heap        ] GC(64)   class space    used 83K, committed 192K, reserved 1048576K
[17.797s][debug  ][gc,task,time   ] GC(64) VM-Thread 177818223 177949329 177974002
[18.085s][debug  ][gc,heap        ] GC(65) Heap before GC invocations=66 (full 11):
[18.086s][debug  ][gc,heap        ] GC(65)  PSYoungGen      total 225280K, used 218652K [0x00000007f0000000, 0x0000000800000000, 0x0000000800000000)
[18.086s][debug  ][gc,heap        ] GC(65)   eden space 188416K, 99% used [0x00000007f0000000,0x00000007fb7872e8,0x00000007fb800000)
[18.086s][debug  ][gc,heap        ] GC(65)   from space 36864K, 83% used [0x00000007fb800000,0x00000007fd600030,0x00000007fdc00000)
[18.086s][debug  ][gc,heap        ] GC(65)   to   space 36864K, 0% used [0x00000007fdc00000,0x00000007fdc00000,0x0000000800000000)
[18.086s][debug  ][gc,heap        ] GC(65)  ParOldGen       total 1588736K, used 902756K [0x0000000700000000, 0x0000000760f80000, 0x00000007f0000000)
[18.086s][debug  ][gc,heap        ] GC(65)   object space 1588736K, 56% used [0x0000000700000000,0x0000000737199178,0x0000000760f80000)
[18.086s][debug  ][gc,heap        ] GC(65)  Metaspace       used 1023K, committed 1216K, reserved 1056768K
[18.086s][debug  ][gc,heap        ] GC(65)   class space    used 83K, committed 192K, reserved 1048576K
[18.086s][debug  ][gc,tlab        ] GC(65) TLAB totals: thrds: 1  refills: 1 max: 1 slow allocs: 17 max 17 waste: 26.1% gc: 3698080B max: 3698080B slow: 0B max: 0B
[18.086s][info   ][gc,start       ] GC(65) Pause Young (Allocation Failure)
[18.086s][debug  ][gc,phases,start] GC(65) Scavenge
[18.093s][debug  ][gc,phases      ] GC(65) Scavenge 6.700ms
[18.093s][debug  ][gc,phases,start] GC(65) Reference Processing
[18.093s][debug  ][gc,ref         ] GC(65) Skipped phase 1 of Reference Processing: no references
[18.093s][debug  ][gc,ref         ] GC(65) Skipped phase 2 of Reference Processing: no references
[18.093s][debug  ][gc,ref         ] GC(65) Skipped phase 3 of Reference Processing: no references
[18.093s][debug  ][gc,ref         ] GC(65) Skipped phase 4 of Reference Processing: no references
[18.093s][debug  ][gc,phases,ref  ] GC(65) Reference Processing: 0.1ms
[18.093s][debug  ][gc,phases,ref  ] GC(65)   Reconsider SoftReferences: 0.0ms
[18.093s][debug  ][gc,phases,ref  ] GC(65)     SoftRef (ms):                  skipped
[18.093s][debug  ][gc,phases,ref  ] GC(65)   Notify Soft/WeakReferences: 0.0ms
[18.093s][debug  ][gc,phases,ref  ] GC(65)     SoftRef (ms):                  skipped
[18.093s][debug  ][gc,phases,ref  ] GC(65)     WeakRef (ms):                  skipped
[18.093s][debug  ][gc,phases,ref  ] GC(65)     FinalRef (ms):                 skipped
[18.093s][debug  ][gc,phases,ref  ] GC(65)     Total (ms):                    skipped
[18.093s][debug  ][gc,phases,ref  ] GC(65)   Notify and keep alive finalizable: 0.0ms
[18.093s][debug  ][gc,phases,ref  ] GC(65)     FinalRef (ms):                 skipped
[18.093s][debug  ][gc,phases,ref  ] GC(65)   Notify PhantomReferences: 0.0ms
[18.093s][debug  ][gc,phases,ref  ] GC(65)     PhantomRef (ms):               skipped
[18.093s][debug  ][gc,phases,ref  ] GC(65)   SoftReference:
[18.093s][debug  ][gc,phases,ref  ] GC(65)     Discovered: 0
[18.093s][debug  ][gc,phases,ref  ] GC(65)     Cleared: 0
[18.093s][debug  ][gc,phases,ref  ] GC(65)   WeakReference:
[18.093s][debug  ][gc,phases,ref  ] GC(65)     Discovered: 0
[18.093s][debug  ][gc,phases,ref  ] GC(65)     Cleared: 0
[18.093s][debug  ][gc,phases,ref  ] GC(65)   FinalReference:
[18.093s][debug  ][gc,phases,ref  ] GC(65)     Discovered: 0
[18.093s][debug  ][gc,phases,ref  ] GC(65)     Cleared: 0
[18.093s][debug  ][gc,phases,ref  ] GC(65)   PhantomReference:
[18.093s][debug  ][gc,phases,ref  ] GC(65)     Discovered: 0
[18.093s][debug  ][gc,phases,ref  ] GC(65)     Cleared: 0
[18.093s][debug  ][gc,phases      ] GC(65) Reference Processing 0.720ms
[18.093s][debug  ][gc,phases,start] GC(65) Weak Processing
[18.094s][debug  ][gc,phases      ] GC(65)   VM Weak                        Min:  0.0, Avg:  0.0, Max:  0.0, Diff:  0.0, Sum:  0.0, Workers: 6
[18.094s][debug  ][gc,phases      ] GC(65)     Dead                           Min: 0, Avg:  0.0, Max: 0, Diff: 0, Sum: 0, Workers: 6
[18.094s][debug  ][gc,phases      ] GC(65)     Total                          Min: 0, Avg:  1.3, Max: 8, Diff: 8, Sum: 8, Workers: 6
[18.094s][debug  ][gc,phases      ] GC(65)   ObjectSynchronizer Weak        Min:  0.0, Avg:  0.0, Max:  0.0, Diff:  0.0, Sum:  0.0, Workers: 6
[18.094s][debug  ][gc,phases      ] GC(65)     Dead                           Min: 0, Avg:  0.0, Max: 0, Diff: 0, Sum: 0, Workers: 6
[18.094s][debug  ][gc,phases      ] GC(65)     Total                          Min: 0, Avg:  0.5, Max: 3, Diff: 3, Sum: 3, Workers: 6
[18.094s][debug  ][gc,phases      ] GC(65)   JVMTI Tag Weak OopStorage      Min:  0.0, Avg:  0.0, Max:  0.0, Diff:  0.0, Sum:  0.0, Workers: 6
[18.094s][debug  ][gc,phases      ] GC(65)     Dead                           Min: 0, Avg:  0.0, Max: 0, Diff: 0, Sum: 0, Workers: 6
[18.094s][debug  ][gc,phases      ] GC(65)     Total                          Min: 0, Avg:  0.0, Max: 0, Diff: 0, Sum: 0, Workers: 6
[18.094s][debug  ][gc,phases      ] GC(65)   StringTable Weak               Min:  0.0, Avg:  0.0, Max:  0.0, Diff:  0.0, Sum:  0.0, Workers: 6
[18.094s][debug  ][gc,phases      ] GC(65)     Dead                           Min: 0, Avg:  0.0, Max: 0, Diff: 0, Sum: 0, Workers: 6
[18.094s][debug  ][gc,phases      ] GC(65)     Total                          Min: 768, Avg: 892.5, Max: 1088, Diff: 320, Sum: 5355, Workers: 6
[18.094s][debug  ][gc,phases      ] GC(65)   ResolvedMethodTable Weak       Min:  0.0, Avg:  0.0, Max:  0.0, Diff:  0.0, Sum:  0.0, Workers: 6
[18.094s][debug  ][gc,phases      ] GC(65)     Dead                           Min: 0, Avg:  0.0, Max: 0, Diff: 0, Sum: 0, Workers: 6
[18.094s][debug  ][gc,phases      ] GC(65)     Total                          Min: 0, Avg: 21.7, Max: 64, Diff: 64, Sum: 130, Workers: 6
[18.094s][debug  ][gc,phases      ] GC(65)   JNI Weak                       Min:  0.0, Avg:  0.0, Max:  0.0, Diff:  0.0, Sum:  0.0, Workers: 6
[18.094s][debug  ][gc,phases      ] GC(65)     Dead                           Min: 0, Avg:  0.0, Max: 0, Diff: 0, Sum: 0, Workers: 6
[18.094s][debug  ][gc,phases      ] GC(65)     Total                          Min: 0, Avg:  0.0, Max: 0, Diff: 0, Sum: 0, Workers: 6
[18.094s][debug  ][gc,phases      ] GC(65)   StringDedup Table Weak         Min:  0.0, Avg:  0.0, Max:  0.0, Diff:  0.0, Sum:  0.0, Workers: 6
[18.094s][debug  ][gc,phases      ] GC(65)     Dead                           Min: 0, Avg:  0.0, Max: 0, Diff: 0, Sum: 0, Workers: 6
[18.094s][debug  ][gc,phases      ] GC(65)     Total                          Min: 0, Avg:  0.0, Max: 0, Diff: 0, Sum: 0, Workers: 6
[18.094s][debug  ][gc,phases      ] GC(65)   StringDedup Requests0 Weak     Min:  0.0, Avg:  0.0, Max:  0.0, Diff:  0.0, Sum:  0.0, Workers: 6
[18.094s][debug  ][gc,phases      ] GC(65)     Dead                           Min: 0, Avg:  0.0, Max: 0, Diff: 0, Sum: 0, Workers: 6
[18.094s][debug  ][gc,phases      ] GC(65)     Total                          Min: 0, Avg:  0.0, Max: 0, Diff: 0, Sum: 0, Workers: 6
[18.094s][debug  ][gc,phases      ] GC(65)   StringDedup Requests1 Weak     Min:  0.0, Avg:  0.0, Max:  0.0, Diff:  0.0, Sum:  0.0, Workers: 6
[18.094s][debug  ][gc,phases      ] GC(65)     Dead                           Min: 0, Avg:  0.0, Max: 0, Diff: 0, Sum: 0, Workers: 6
[18.094s][debug  ][gc,phases      ] GC(65)     Total                          Min: 0, Avg:  0.0, Max: 0, Diff: 0, Sum: 0, Workers: 6
[18.094s][debug  ][gc,phases      ] GC(65)   Weak JFR Old Object Samples    Min:  0.0, Avg:  0.0, Max:  0.0, Diff:  0.0, Sum:  0.0, Workers: 6
[18.094s][debug  ][gc,phases      ] GC(65)     Dead                           Min: 0, Avg:  0.0, Max: 0, Diff: 0, Sum: 0, Workers: 6
[18.094s][debug  ][gc,phases      ] GC(65)     Total                          Min: 0, Avg:  0.0, Max: 0, Diff: 0, Sum: 0, Workers: 6
[18.094s][debug  ][gc,phases      ] GC(65) Weak Processing 0.815ms
[18.094s][debug  ][gc,ergo        ] GC(65) AdaptiveSizeStart:  collection: 66 
[18.094s][debug  ][gc,ergo        ] GC(65) avg_survived_padded_avg: 37412500.000000
[18.094s][debug  ][gc,ergo        ] GC(65) avg_promoted_padded_avg: 258007104.000000  avg_pretenured_padded_avg: 0.000000  tenuring_thresh: 1  target_size: 37748736
[18.094s][debug  ][gc,age         ] GC(65) Desired survivor size 37748736 bytes, new threshold 1 (max threshold 15)
[18.094s][debug  ][gc,ergo        ] GC(65) PSAdaptiveSizePolicy::compute_eden_space_size limits: desired_eden_size: 216576024 old_eden_size: 192937984 eden_limit: 192937984 cur_eden: 192937984 max_eden_size: 192937984 avg_young_live: 23653738
[18.094s][debug  ][gc,ergo        ] GC(65) PSAdaptiveSizePolicy::compute_eden_space_size: costs minor_time: 0.044123 major_cost: 0.032211 mutator_cost: 0.923666 throughput_goal: 0.990000
[18.094s][debug  ][gc,ergo        ] GC(65) Live_space: 880832256 free_space: 793772032
[18.094s][debug  ][gc,ergo        ] GC(65) Old eden_size: 192937984 desired_eden_size: 192937984
[18.095s][debug  ][gc,ergo        ] GC(65) AdaptiveSizeStop: collection: 66 
[18.095s][info   ][gc,heap        ] GC(65) PSYoungGen: 218652K(225280K)->30720K(225280K) Eden: 187932K(188416K)->0K(188416K) From: 30720K(36864K)->30720K(36864K)
[18.095s][info   ][gc,heap        ] GC(65) ParOldGen: 902756K(1588736K)->964196K(1588736K)
[18.095s][info   ][gc,metaspace   ] GC(65) Metaspace: 1023K(1216K)->1023K(1216K) NonClass: 939K(1024K)->939K(1024K) Class: 83K(192K)->83K(192K)
[18.095s][info   ][gc             ] GC(65) Pause Young (Allocation Failure) 1095M->971M(1771M) 8.748ms
[18.095s][info   ][gc,cpu         ] GC(65) User=0.00s Sys=0.00s Real=0.01s
[18.095s][debug  ][gc,heap        ] GC(65) Heap after GC invocations=66 (full 11):
[18.095s][debug  ][gc,heap        ] GC(65)  PSYoungGen      total 225280K, used 30720K [0x00000007f0000000, 0x0000000800000000, 0x0000000800000000)
[18.095s][debug  ][gc,heap        ] GC(65)   eden space 188416K, 0% used [0x00000007f0000000,0x00000007f0000000,0x00000007fb800000)
[18.095s][debug  ][gc,heap        ] GC(65)   from space 36864K, 83% used [0x00000007fdc00000,0x00000007ffa00030,0x0000000800000000)
[18.095s][debug  ][gc,heap        ] GC(65)   to   space 36864K, 0% used [0x00000007fb800000,0x00000007fb800000,0x00000007fdc00000)
[18.095s][debug  ][gc,heap        ] GC(65)  ParOldGen       total 1588736K, used 964196K [0x0000000700000000, 0x0000000760f80000, 0x00000007f0000000)
[18.095s][debug  ][gc,heap        ] GC(65)   object space 1588736K, 60% used [0x0000000700000000,0x000000073ad991d8,0x0000000760f80000)
[18.095s][debug  ][gc,heap        ] GC(65)  Metaspace       used 1023K, committed 1216K, reserved 1056768K
[18.095s][debug  ][gc,heap        ] GC(65)   class space    used 83K, committed 192K, reserved 1048576K
[18.095s][debug  ][gc,task,time   ] GC(65) VM-Thread 180854868 180927353 180949163
[18.386s][debug  ][gc,heap        ] GC(66) Heap before GC invocations=67 (full 11):
[18.386s][debug  ][gc,heap        ] GC(66)  PSYoungGen      total 225280K, used 218681K [0x00000007f0000000, 0x0000000800000000, 0x0000000800000000)
[18.386s][debug  ][gc,heap        ] GC(66)   eden space 188416K, 99% used [0x00000007f0000000,0x00000007fb78e7b8,0x00000007fb800000)
[18.386s][debug  ][gc,heap        ] GC(66)   from space 36864K, 83% used [0x00000007fdc00000,0x00000007ffa00030,0x0000000800000000)
[18.386s][debug  ][gc,heap        ] GC(66)   to   space 36864K, 0% used [0x00000007fb800000,0x00000007fb800000,0x00000007fdc00000)
[18.386s][debug  ][gc,heap        ] GC(66)  ParOldGen       total 1588736K, used 964196K [0x0000000700000000, 0x0000000760f80000, 0x00000007f0000000)
[18.386s][debug  ][gc,heap        ] GC(66)   object space 1588736K, 60% used [0x0000000700000000,0x000000073ad991d8,0x0000000760f80000)
[18.386s][debug  ][gc,heap        ] GC(66)  Metaspace       used 1023K, committed 1216K, reserved 1056768K
[18.386s][debug  ][gc,heap        ] GC(66)   class space    used 83K, committed 192K, reserved 1048576K
[18.386s][debug  ][gc,tlab        ] GC(66) TLAB totals: thrds: 1  refills: 1 max: 1 slow allocs: 17 max 17 waste: 26.2% gc: 3729048B max: 3729048B slow: 0B max: 0B
[18.386s][info   ][gc,start       ] GC(66) Pause Young (Allocation Failure)
[18.386s][debug  ][gc,phases,start] GC(66) Scavenge
[18.401s][debug  ][gc,phases      ] GC(66) Scavenge 14.519ms
[18.401s][debug  ][gc,phases,start] GC(66) Reference Processing
[18.401s][debug  ][gc,ref         ] GC(66) Skipped phase 1 of Reference Processing: no references
[18.401s][debug  ][gc,ref         ] GC(66) Skipped phase 2 of Reference Processing: no references
[18.401s][debug  ][gc,ref         ] GC(66) Skipped phase 3 of Reference Processing: no references
[18.401s][debug  ][gc,ref         ] GC(66) Skipped phase 4 of Reference Processing: no references
[18.401s][debug  ][gc,phases,ref  ] GC(66) Reference Processing: 0.1ms
[18.401s][debug  ][gc,phases,ref  ] GC(66)   Reconsider SoftReferences: 0.0ms
[18.401s][debug  ][gc,phases,ref  ] GC(66)     SoftRef (ms):                  skipped
[18.401s][debug  ][gc,phases,ref  ] GC(66)   Notify Soft/WeakReferences: 0.0ms
[18.401s][debug  ][gc,phases,ref  ] GC(66)     SoftRef (ms):                  skipped
[18.401s][debug  ][gc,phases,ref  ] GC(66)     WeakRef (ms):                  skipped
[18.401s][debug  ][gc,phases,ref  ] GC(66)     FinalRef (ms):                 skipped
[18.401s][debug  ][gc,phases,ref  ] GC(66)     Total (ms):                    skipped
[18.401s][debug  ][gc,phases,ref  ] GC(66)   Notify and keep alive finalizable: 0.0ms
[18.401s][debug  ][gc,phases,ref  ] GC(66)     FinalRef (ms):                 skipped
[18.401s][debug  ][gc,phases,ref  ] GC(66)   Notify PhantomReferences: 0.0ms
[18.401s][debug  ][gc,phases,ref  ] GC(66)     PhantomRef (ms):               skipped
[18.401s][debug  ][gc,phases,ref  ] GC(66)   SoftReference:
[18.401s][debug  ][gc,phases,ref  ] GC(66)     Discovered: 0
[18.401s][debug  ][gc,phases,ref  ] GC(66)     Cleared: 0
[18.401s][debug  ][gc,phases,ref  ] GC(66)   WeakReference:
[18.401s][debug  ][gc,phases,ref  ] GC(66)     Discovered: 0
[18.401s][debug  ][gc,phases,ref  ] GC(66)     Cleared: 0
[18.401s][debug  ][gc,phases,ref  ] GC(66)   FinalReference:
[18.401s][debug  ][gc,phases,ref  ] GC(66)     Discovered: 0
[18.401s][debug  ][gc,phases,ref  ] GC(66)     Cleared: 0
[18.401s][debug  ][gc,phases,ref  ] GC(66)   PhantomReference:
[18.401s][debug  ][gc,phases,ref  ] GC(66)     Discovered: 0
[18.401s][debug  ][gc,phases,ref  ] GC(66)     Cleared: 0
[18.401s][debug  ][gc,phases      ] GC(66) Reference Processing 0.653ms
[18.401s][debug  ][gc,phases,start] GC(66) Weak Processing
[18.401s][debug  ][gc,phases      ] GC(66)   VM Weak                        Min:  0.0, Avg:  0.0, Max:  0.0, Diff:  0.0, Sum:  0.0, Workers: 6
[18.401s][debug  ][gc,phases      ] GC(66)     Dead                           Min: 0, Avg:  0.0, Max: 0, Diff: 0, Sum: 0, Workers: 6
[18.401s][debug  ][gc,phases      ] GC(66)     Total                          Min: 0, Avg:  1.3, Max: 8, Diff: 8, Sum: 8, Workers: 6
[18.401s][debug  ][gc,phases      ] GC(66)   ObjectSynchronizer Weak        Min:  0.0, Avg:  0.0, Max:  0.0, Diff:  0.0, Sum:  0.0, Workers: 6
[18.401s][debug  ][gc,phases      ] GC(66)     Dead                           Min: 0, Avg:  0.0, Max: 0, Diff: 0, Sum: 0, Workers: 6
[18.401s][debug  ][gc,phases      ] GC(66)     Total                          Min: 0, Avg:  0.5, Max: 3, Diff: 3, Sum: 3, Workers: 6
[18.401s][debug  ][gc,phases      ] GC(66)   JVMTI Tag Weak OopStorage      Min:  0.0, Avg:  0.0, Max:  0.0, Diff:  0.0, Sum:  0.0, Workers: 6
[18.401s][debug  ][gc,phases      ] GC(66)     Dead                           Min: 0, Avg:  0.0, Max: 0, Diff: 0, Sum: 0, Workers: 6
[18.401s][debug  ][gc,phases      ] GC(66)     Total                          Min: 0, Avg:  0.0, Max: 0, Diff: 0, Sum: 0, Workers: 6
[18.402s][debug  ][gc,phases      ] GC(66)   StringTable Weak               Min:  0.0, Avg:  0.0, Max:  0.0, Diff:  0.0, Sum:  0.0, Workers: 6
[18.402s][debug  ][gc,phases      ] GC(66)     Dead                           Min: 0, Avg:  0.0, Max: 0, Diff: 0, Sum: 0, Workers: 6
[18.402s][debug  ][gc,phases      ] GC(66)     Total                          Min: 639, Avg: 892.5, Max: 1132, Diff: 493, Sum: 5355, Workers: 6
[18.402s][debug  ][gc,phases      ] GC(66)   ResolvedMethodTable Weak       Min:  0.0, Avg:  0.0, Max:  0.0, Diff:  0.0, Sum:  0.0, Workers: 6
[18.402s][debug  ][gc,phases      ] GC(66)     Dead                           Min: 0, Avg:  0.0, Max: 0, Diff: 0, Sum: 0, Workers: 6
[18.402s][debug  ][gc,phases      ] GC(66)     Total                          Min: 0, Avg: 21.7, Max: 64, Diff: 64, Sum: 130, Workers: 6
[18.402s][debug  ][gc,phases      ] GC(66)   JNI Weak                       Min:  0.0, Avg:  0.0, Max:  0.0, Diff:  0.0, Sum:  0.0, Workers: 6
[18.402s][debug  ][gc,phases      ] GC(66)     Dead                           Min: 0, Avg:  0.0, Max: 0, Diff: 0, Sum: 0, Workers: 6
[18.402s][debug  ][gc,phases      ] GC(66)     Total                          Min: 0, Avg:  0.0, Max: 0, Diff: 0, Sum: 0, Workers: 6
[18.402s][debug  ][gc,phases      ] GC(66)   StringDedup Table Weak         Min:  0.0, Avg:  0.0, Max:  0.0, Diff:  0.0, Sum:  0.0, Workers: 6
[18.402s][debug  ][gc,phases      ] GC(66)     Dead                           Min: 0, Avg:  0.0, Max: 0, Diff: 0, Sum: 0, Workers: 6
[18.402s][debug  ][gc,phases      ] GC(66)     Total                          Min: 0, Avg:  0.0, Max: 0, Diff: 0, Sum: 0, Workers: 6
[18.402s][debug  ][gc,phases      ] GC(66)   StringDedup Requests0 Weak     Min:  0.0, Avg:  0.0, Max:  0.0, Diff:  0.0, Sum:  0.0, Workers: 6
[18.402s][debug  ][gc,phases      ] GC(66)     Dead                           Min: 0, Avg:  0.0, Max: 0, Diff: 0, Sum: 0, Workers: 6
[18.402s][debug  ][gc,phases      ] GC(66)     Total                          Min: 0, Avg:  0.0, Max: 0, Diff: 0, Sum: 0, Workers: 6
[18.402s][debug  ][gc,phases      ] GC(66)   StringDedup Requests1 Weak     Min:  0.0, Avg:  0.0, Max:  0.0, Diff:  0.0, Sum:  0.0, Workers: 6
[18.402s][debug  ][gc,phases      ] GC(66)     Dead                           Min: 0, Avg:  0.0, Max: 0, Diff: 0, Sum: 0, Workers: 6
[18.402s][debug  ][gc,phases      ] GC(66)     Total                          Min: 0, Avg:  0.0, Max: 0, Diff: 0, Sum: 0, Workers: 6
[18.402s][debug  ][gc,phases      ] GC(66)   Weak JFR Old Object Samples    Min:  0.0, Avg:  0.0, Max:  0.0, Diff:  0.0, Sum:  0.0, Workers: 6
[18.402s][debug  ][gc,phases      ] GC(66)     Dead                           Min: 0, Avg:  0.0, Max: 0, Diff: 0, Sum: 0, Workers: 6
[18.402s][debug  ][gc,phases      ] GC(66)     Total                          Min: 0, Avg:  0.0, Max: 0, Diff: 0, Sum: 0, Workers: 6
[18.402s][debug  ][gc,phases      ] GC(66) Weak Processing 0.729ms
[18.402s][debug  ][gc,ergo        ] GC(66) AdaptiveSizeStart:  collection: 67 
[18.402s][debug  ][gc,ergo        ] GC(66) avg_survived_padded_avg: 37266064.000000
[18.402s][debug  ][gc,ergo        ] GC(66) avg_promoted_padded_avg: 260892864.000000  avg_pretenured_padded_avg: 0.000000  tenuring_thresh: 1  target_size: 37748736
[18.402s][debug  ][gc,age         ] GC(66) Desired survivor size 37748736 bytes, new threshold 1 (max threshold 15)
[18.402s][debug  ][gc,ergo        ] GC(66) PSAdaptiveSizePolicy::compute_eden_space_size limits: desired_eden_size: 217013153 old_eden_size: 192937984 eden_limit: 192937984 cur_eden: 192937984 max_eden_size: 192937984 avg_young_live: 24434096
[18.402s][debug  ][gc,ergo        ] GC(66) PSAdaptiveSizePolicy::compute_eden_space_size: costs minor_time: 0.046107 major_cost: 0.032211 mutator_cost: 0.921682 throughput_goal: 0.990000
[18.402s][debug  ][gc,ergo        ] GC(66) Live_space: 881612608 free_space: 793772032
[18.402s][debug  ][gc,ergo        ] GC(66) Old eden_size: 192937984 desired_eden_size: 192937984
[18.402s][debug  ][gc,ergo        ] GC(66) AdaptiveSizeStop: collection: 67 
[18.402s][info   ][gc,heap        ] GC(66) PSYoungGen: 218681K(225280K)->30720K(225280K) Eden: 187961K(188416K)->0K(188416K) From: 30720K(36864K)->30720K(36864K)
[18.402s][info   ][gc,heap        ] GC(66) ParOldGen: 964196K(1588736K)->1148516K(1588736K)
[18.402s][info   ][gc,metaspace   ] GC(66) Metaspace: 1023K(1216K)->1023K(1216K) NonClass: 939K(1024K)->939K(1024K) Class: 83K(192K)->83K(192K)
[18.402s][info   ][gc             ] GC(66) Pause Young (Allocation Failure) 1155M->1151M(1771M) 16.434ms
[18.402s][info   ][gc,cpu         ] GC(66) User=0.16s Sys=0.00s Real=0.02s
[18.402s][debug  ][gc,heap        ] GC(66) Heap after GC invocations=67 (full 11):
[18.402s][debug  ][gc,heap        ] GC(66)  PSYoungGen      total 225280K, used 30720K [0x00000007f0000000, 0x0000000800000000, 0x0000000800000000)
[18.403s][debug  ][gc,heap        ] GC(66)   eden space 188416K, 0% used [0x00000007f0000000,0x00000007f0000000,0x00000007fb800000)
[18.403s][debug  ][gc,heap        ] GC(66)   from space 36864K, 83% used [0x00000007fb800000,0x00000007fd600030,0x00000007fdc00000)
[18.403s][debug  ][gc,heap        ] GC(66)   to   space 36864K, 0% used [0x00000007fdc00000,0x00000007fdc00000,0x0000000800000000)
[18.403s][debug  ][gc,heap        ] GC(66)  ParOldGen       total 1588736K, used 1148516K [0x0000000700000000, 0x0000000760f80000, 0x00000007f0000000)
[18.403s][debug  ][gc,heap        ] GC(66)   object space 1588736K, 72% used [0x0000000700000000,0x00000007461992f8,0x0000000760f80000)
[18.403s][debug  ][gc,heap        ] GC(66)  Metaspace       used 1023K, committed 1216K, reserved 1056768K
[18.403s][debug  ][gc,heap        ] GC(66)   class space    used 83K, committed 192K, reserved 1048576K
[18.403s][debug  ][gc,task,time   ] GC(66) VM-Thread 183855599 184005785 184026703
[18.690s][debug  ][gc,heap        ] GC(67) Heap before GC invocations=68 (full 11):
[18.690s][debug  ][gc,heap        ] GC(67)  PSYoungGen      total 225280K, used 218700K [0x00000007f0000000, 0x0000000800000000, 0x0000000800000000)
[18.690s][debug  ][gc,heap        ] GC(67)   eden space 188416K, 99% used [0x00000007f0000000,0x00000007fb7932e0,0x00000007fb800000)
[18.690s][debug  ][gc,heap        ] GC(67)   from space 36864K, 83% used [0x00000007fb800000,0x00000007fd600030,0x00000007fdc00000)
[18.690s][debug  ][gc,heap        ] GC(67)   to   space 36864K, 0% used [0x00000007fdc00000,0x00000007fdc00000,0x0000000800000000)
[18.690s][debug  ][gc,heap        ] GC(67)  ParOldGen       total 1588736K, used 1148516K [0x0000000700000000, 0x0000000760f80000, 0x00000007f0000000)
[18.690s][debug  ][gc,heap        ] GC(67)   object space 1588736K, 72% used [0x0000000700000000,0x00000007461992f8,0x0000000760f80000)
[18.690s][debug  ][gc,heap        ] GC(67)  Metaspace       used 1023K, committed 1216K, reserved 1056768K
[18.690s][debug  ][gc,heap        ] GC(67)   class space    used 83K, committed 192K, reserved 1048576K
[18.690s][debug  ][gc,tlab        ] GC(67) TLAB totals: thrds: 1  refills: 1 max: 1 slow allocs: 17 max 17 waste: 26.3% gc: 3748288B max: 3748288B slow: 0B max: 0B
[18.690s][info   ][gc,start       ] GC(67) Pause Young (Allocation Failure)
[18.690s][debug  ][gc,phases,start] GC(67) Scavenge
[18.705s][debug  ][gc,phases      ] GC(67) Scavenge 14.800ms
[18.705s][debug  ][gc,phases,start] GC(67) Reference Processing
[18.705s][debug  ][gc,ref         ] GC(67) Skipped phase 1 of Reference Processing: no references
[18.705s][debug  ][gc,ref         ] GC(67) Skipped phase 2 of Reference Processing: no references
[18.705s][debug  ][gc,ref         ] GC(67) Skipped phase 3 of Reference Processing: no references
[18.705s][debug  ][gc,ref         ] GC(67) Skipped phase 4 of Reference Processing: no references
[18.705s][debug  ][gc,phases,ref  ] GC(67) Reference Processing: 0.1ms
[18.705s][debug  ][gc,phases,ref  ] GC(67)   Reconsider SoftReferences: 0.0ms
[18.705s][debug  ][gc,phases,ref  ] GC(67)     SoftRef (ms):                  skipped
[18.705s][debug  ][gc,phases,ref  ] GC(67)   Notify Soft/WeakReferences: 0.0ms
[18.705s][debug  ][gc,phases,ref  ] GC(67)     SoftRef (ms):                  skipped
[18.705s][debug  ][gc,phases,ref  ] GC(67)     WeakRef (ms):                  skipped
[18.705s][debug  ][gc,phases,ref  ] GC(67)     FinalRef (ms):                 skipped
[18.705s][debug  ][gc,phases,ref  ] GC(67)     Total (ms):                    skipped
[18.705s][debug  ][gc,phases,ref  ] GC(67)   Notify and keep alive finalizable: 0.0ms
[18.705s][debug  ][gc,phases,ref  ] GC(67)     FinalRef (ms):                 skipped
[18.705s][debug  ][gc,phases,ref  ] GC(67)   Notify PhantomReferences: 0.0ms
[18.705s][debug  ][gc,phases,ref  ] GC(67)     PhantomRef (ms):               skipped
[18.705s][debug  ][gc,phases,ref  ] GC(67)   SoftReference:
[18.705s][debug  ][gc,phases,ref  ] GC(67)     Discovered: 0
[18.706s][debug  ][gc,phases,ref  ] GC(67)     Cleared: 0
[18.706s][debug  ][gc,phases,ref  ] GC(67)   WeakReference:
[18.706s][debug  ][gc,phases,ref  ] GC(67)     Discovered: 0
[18.706s][debug  ][gc,phases,ref  ] GC(67)     Cleared: 0
[18.706s][debug  ][gc,phases,ref  ] GC(67)   FinalReference:
[18.706s][debug  ][gc,phases,ref  ] GC(67)     Discovered: 0
[18.706s][debug  ][gc,phases,ref  ] GC(67)     Cleared: 0
[18.706s][debug  ][gc,phases,ref  ] GC(67)   PhantomReference:
[18.706s][debug  ][gc,phases,ref  ] GC(67)     Discovered: 0
[18.706s][debug  ][gc,phases,ref  ] GC(67)     Cleared: 0
[18.706s][debug  ][gc,phases      ] GC(67) Reference Processing 0.744ms
[18.706s][debug  ][gc,phases,start] GC(67) Weak Processing
[18.706s][debug  ][gc,phases      ] GC(67)   VM Weak                        Min:  0.0, Avg:  0.0, Max:  0.0, Diff:  0.0, Sum:  0.0, Workers: 6
[18.706s][debug  ][gc,phases      ] GC(67)     Dead                           Min: 0, Avg:  0.0, Max: 0, Diff: 0, Sum: 0, Workers: 6
[18.706s][debug  ][gc,phases      ] GC(67)     Total                          Min: 0, Avg:  1.3, Max: 8, Diff: 8, Sum: 8, Workers: 6
[18.706s][debug  ][gc,phases      ] GC(67)   ObjectSynchronizer Weak        Min:  0.0, Avg:  0.0, Max:  0.0, Diff:  0.0, Sum:  0.0, Workers: 6
[18.706s][debug  ][gc,phases      ] GC(67)     Dead                           Min: 0, Avg:  0.0, Max: 0, Diff: 0, Sum: 0, Workers: 6
[18.706s][debug  ][gc,phases      ] GC(67)     Total                          Min: 0, Avg:  0.5, Max: 3, Diff: 3, Sum: 3, Workers: 6
[18.706s][debug  ][gc,phases      ] GC(67)   JVMTI Tag Weak OopStorage      Min:  0.0, Avg:  0.0, Max:  0.0, Diff:  0.0, Sum:  0.0, Workers: 6
[18.706s][debug  ][gc,phases      ] GC(67)     Dead                           Min: 0, Avg:  0.0, Max: 0, Diff: 0, Sum: 0, Workers: 6
[18.706s][debug  ][gc,phases      ] GC(67)     Total                          Min: 0, Avg:  0.0, Max: 0, Diff: 0, Sum: 0, Workers: 6
[18.706s][debug  ][gc,phases      ] GC(67)   StringTable Weak               Min:  0.0, Avg:  0.0, Max:  0.0, Diff:  0.0, Sum:  0.0, Workers: 6
[18.706s][debug  ][gc,phases      ] GC(67)     Dead                           Min: 0, Avg:  0.0, Max: 0, Diff: 0, Sum: 0, Workers: 6
[18.706s][debug  ][gc,phases      ] GC(67)     Total                          Min: 832, Avg: 892.5, Max: 940, Diff: 108, Sum: 5355, Workers: 6
[18.706s][debug  ][gc,phases      ] GC(67)   ResolvedMethodTable Weak       Min:  0.0, Avg:  0.0, Max:  0.0, Diff:  0.0, Sum:  0.0, Workers: 6
[18.706s][debug  ][gc,phases      ] GC(67)     Dead                           Min: 0, Avg:  0.0, Max: 0, Diff: 0, Sum: 0, Workers: 6
[18.706s][debug  ][gc,phases      ] GC(67)     Total                          Min: 0, Avg: 21.7, Max: 64, Diff: 64, Sum: 130, Workers: 6
[18.706s][debug  ][gc,phases      ] GC(67)   JNI Weak                       Min:  0.0, Avg:  0.0, Max:  0.0, Diff:  0.0, Sum:  0.0, Workers: 6
[18.706s][debug  ][gc,phases      ] GC(67)     Dead                           Min: 0, Avg:  0.0, Max: 0, Diff: 0, Sum: 0, Workers: 6
[18.706s][debug  ][gc,phases      ] GC(67)     Total                          Min: 0, Avg:  0.0, Max: 0, Diff: 0, Sum: 0, Workers: 6
[18.706s][debug  ][gc,phases      ] GC(67)   StringDedup Table Weak         Min:  0.0, Avg:  0.0, Max:  0.0, Diff:  0.0, Sum:  0.0, Workers: 6
[18.706s][debug  ][gc,phases      ] GC(67)     Dead                           Min: 0, Avg:  0.0, Max: 0, Diff: 0, Sum: 0, Workers: 6
[18.706s][debug  ][gc,phases      ] GC(67)     Total                          Min: 0, Avg:  0.0, Max: 0, Diff: 0, Sum: 0, Workers: 6
[18.706s][debug  ][gc,phases      ] GC(67)   StringDedup Requests0 Weak     Min:  0.0, Avg:  0.0, Max:  0.0, Diff:  0.0, Sum:  0.0, Workers: 6
[18.706s][debug  ][gc,phases      ] GC(67)     Dead                           Min: 0, Avg:  0.0, Max: 0, Diff: 0, Sum: 0, Workers: 6
[18.707s][debug  ][gc,phases      ] GC(67)     Total                          Min: 0, Avg:  0.0, Max: 0, Diff: 0, Sum: 0, Workers: 6
[18.707s][debug  ][gc,phases      ] GC(67)   StringDedup Requests1 Weak     Min:  0.0, Avg:  0.0, Max:  0.0, Diff:  0.0, Sum:  0.0, Workers: 6
[18.707s][debug  ][gc,phases      ] GC(67)     Dead                           Min: 0, Avg:  0.0, Max: 0, Diff: 0, Sum: 0, Workers: 6
[18.707s][debug  ][gc,phases      ] GC(67)     Total                          Min: 0, Avg:  0.0, Max: 0, Diff: 0, Sum: 0, Workers: 6
[18.707s][debug  ][gc,phases      ] GC(67)   Weak JFR Old Object Samples    Min:  0.0, Avg:  0.0, Max:  0.0, Diff:  0.0, Sum:  0.0, Workers: 6
[18.707s][debug  ][gc,phases      ] GC(67)     Dead                           Min: 0, Avg:  0.0, Max: 0, Diff: 0, Sum: 0, Workers: 6
[18.707s][debug  ][gc,phases      ] GC(67)     Total                          Min: 0, Avg:  0.0, Max: 0, Diff: 0, Sum: 0, Workers: 6
[18.707s][debug  ][gc,phases      ] GC(67) Weak Processing 0.890ms
[18.707s][debug  ][gc,ergo        ] GC(67) AdaptiveSizeStart:  collection: 68 
[18.707s][debug  ][gc,ergo        ] GC(67) avg_survived_padded_avg: 37089368.000000
[18.707s][debug  ][gc,ergo        ] GC(67) avg_promoted_padded_avg: 262508832.000000  avg_pretenured_padded_avg: 0.000000  tenuring_thresh: 1  target_size: 37224448
[18.707s][debug  ][gc,age         ] GC(67) Desired survivor size 37224448 bytes, new threshold 1 (max threshold 15)
[18.707s][debug  ][gc,ergo        ] GC(67) PSAdaptiveSizePolicy::compute_eden_space_size limits: desired_eden_size: 216186927 old_eden_size: 192937984 eden_limit: 192937984 cur_eden: 192937984 max_eden_size: 192937984 avg_young_live: 25136418
[18.707s][debug  ][gc,ergo        ] GC(67) PSAdaptiveSizePolicy::compute_eden_space_size: costs minor_time: 0.048164 major_cost: 0.032211 mutator_cost: 0.919625 throughput_goal: 0.990000
[18.707s][debug  ][gc,ergo        ] GC(67) Live_space: 882314880 free_space: 793772032
[18.707s][debug  ][gc,ergo        ] GC(67) Old eden_size: 192937984 desired_eden_size: 192937984
[18.707s][debug  ][gc,ergo        ] GC(67) AdaptiveSizeStop: collection: 68 
[18.707s][info   ][gc,heap        ] GC(67) PSYoungGen: 218700K(225280K)->30720K(225792K) Eden: 187980K(188416K)->0K(188928K) From: 30720K(36864K)->30720K(36864K)
[18.707s][info   ][gc,heap        ] GC(67) ParOldGen: 1148516K(1588736K)->1332837K(1588736K)
[18.707s][info   ][gc,metaspace   ] GC(67) Metaspace: 1023K(1216K)->1023K(1216K) NonClass: 939K(1024K)->939K(1024K) Class: 83K(192K)->83K(192K)
[18.707s][info   ][gc             ] GC(67) Pause Young (Allocation Failure) 1335M->1331M(1772M) 16.967ms
[18.707s][info   ][gc,cpu         ] GC(67) User=0.14s Sys=0.00s Real=0.02s
[18.707s][debug  ][gc,heap        ] GC(67) Heap after GC invocations=68 (full 11):
[18.707s][debug  ][gc,heap        ] GC(67)  PSYoungGen      total 225792K, used 30720K [0x00000007f0000000, 0x0000000800000000, 0x0000000800000000)
[18.707s][debug  ][gc,heap        ] GC(67)   eden space 188928K, 0% used [0x00000007f0000000,0x00000007f0000000,0x00000007fb880000)
[18.707s][debug  ][gc,heap        ] GC(67)   from space 36864K, 83% used [0x00000007fdc00000,0x00000007ffa00030,0x0000000800000000)
[18.707s][debug  ][gc,heap        ] GC(67)   to   space 36352K, 0% used [0x00000007fb880000,0x00000007fb880000,0x00000007fdc00000)
[18.707s][debug  ][gc,heap        ] GC(67)  ParOldGen       total 1588736K, used 1332837K [0x0000000700000000, 0x0000000760f80000, 0x00000007f0000000)
[18.707s][debug  ][gc,heap        ] GC(67)   object space 1588736K, 83% used [0x0000000700000000,0x0000000751599418,0x0000000760f80000)
[18.707s][debug  ][gc,heap        ] GC(67)  Metaspace       used 1023K, committed 1216K, reserved 1056768K
[18.707s][debug  ][gc,heap        ] GC(67)   class space    used 83K, committed 192K, reserved 1048576K
[18.707s][debug  ][gc,task,time   ] GC(67) VM-Thread 186897507 187050494 187074204
[18.707s][debug  ][gc,phases,start] GC(68) Pre Compact
[18.707s][debug  ][gc,heap        ] GC(68) Heap before GC invocations=69 (full 12):
[18.707s][debug  ][gc,heap        ] GC(68)  PSYoungGen      total 225792K, used 30720K [0x00000007f0000000, 0x0000000800000000, 0x0000000800000000)
[18.708s][debug  ][gc,heap        ] GC(68)   eden space 188928K, 0% used [0x00000007f0000000,0x00000007f0000000,0x00000007fb880000)
[18.708s][debug  ][gc,heap        ] GC(68)   from space 36864K, 83% used [0x00000007fdc00000,0x00000007ffa00030,0x0000000800000000)
[18.708s][debug  ][gc,heap        ] GC(68)   to   space 36352K, 0% used [0x00000007fb880000,0x00000007fb880000,0x00000007fdc00000)
[18.708s][debug  ][gc,heap        ] GC(68)  ParOldGen       total 1588736K, used 1332837K [0x0000000700000000, 0x0000000760f80000, 0x00000007f0000000)
[18.708s][debug  ][gc,heap        ] GC(68)   object space 1588736K, 83% used [0x0000000700000000,0x0000000751599418,0x0000000760f80000)
[18.708s][debug  ][gc,heap        ] GC(68)  Metaspace       used 1023K, committed 1216K, reserved 1056768K
[18.708s][debug  ][gc,heap        ] GC(68)   class space    used 83K, committed 192K, reserved 1048576K
[18.708s][debug  ][gc,phases      ] GC(68) Pre Compact 0.217ms
[18.708s][info   ][gc,start       ] GC(68) Pause Full (Ergonomics)
[18.708s][info   ][gc,phases,start] GC(68) Marking Phase
[18.708s][debug  ][gc,phases,start] GC(68) Par Mark
[18.708s][debug  ][gc,phases      ] GC(68) Par Mark 0.469ms
[18.708s][debug  ][gc,phases,start] GC(68) Reference Processing
[18.708s][debug  ][gc,ref         ] GC(68) Skipped phase 1 of Reference Processing: no references
[18.708s][debug  ][gc,ref         ] GC(68) ReferenceProcessor::execute queues: 1, RefProcThreadModel::Single, marks_oops_alive: false
[18.708s][debug  ][gc,ref         ] GC(68) Skipped phase 3 of Reference Processing: no references
[18.708s][debug  ][gc,ref         ] GC(68) ReferenceProcessor::execute queues: 1, RefProcThreadModel::Single, marks_oops_alive: false
[18.708s][debug  ][gc,phases,ref  ] GC(68) Reference Processing: 0.1ms
[18.708s][debug  ][gc,phases,ref  ] GC(68)   Reconsider SoftReferences: 0.0ms
[18.708s][debug  ][gc,phases,ref  ] GC(68)     SoftRef (ms):                  skipped
[18.709s][debug  ][gc,phases,ref  ] GC(68)   Notify Soft/WeakReferences: 0.0ms
[18.709s][debug  ][gc,phases,ref  ] GC(68)     SoftRef (ms):                  Min:  0.0, Avg:  0.0, Max:  0.0, Diff:  0.0, Sum:  0.0, Workers: 10
[18.709s][debug  ][gc,phases,ref  ] GC(68)     WeakRef (ms):                  Min:  0.0, Avg:  0.0, Max:  0.0, Diff:  0.0, Sum:  0.0, Workers: 10
[18.709s][debug  ][gc,phases,ref  ] GC(68)     FinalRef (ms):                 Min:  0.0, Avg:  0.0, Max:  0.0, Diff:  0.0, Sum:  0.0, Workers: 10
[18.709s][debug  ][gc,phases,ref  ] GC(68)     Total (ms):                    Min:  0.0, Avg:  0.0, Max:  0.0, Diff:  0.0, Sum:  0.0, Workers: 10
[18.709s][debug  ][gc,phases,ref  ] GC(68)   Notify and keep alive finalizable: 0.0ms
[18.709s][debug  ][gc,phases,ref  ] GC(68)     FinalRef (ms):                 skipped
[18.709s][debug  ][gc,phases,ref  ] GC(68)   Notify PhantomReferences: 0.0ms
[18.709s][debug  ][gc,phases,ref  ] GC(68)     PhantomRef (ms):               Min:  0.0, Avg:  0.0, Max:  0.0, Diff:  0.0, Sum:  0.0, Workers: 10
[18.709s][debug  ][gc,phases,ref  ] GC(68)   SoftReference:
[18.709s][debug  ][gc,phases,ref  ] GC(68)     Discovered: 0
[18.709s][debug  ][gc,phases,ref  ] GC(68)     Cleared: 0
[18.709s][debug  ][gc,phases,ref  ] GC(68)   WeakReference:
[18.709s][debug  ][gc,phases,ref  ] GC(68)     Discovered: 77
[18.709s][debug  ][gc,phases,ref  ] GC(68)     Cleared: 77
[18.709s][debug  ][gc,phases,ref  ] GC(68)   FinalReference:
[18.709s][debug  ][gc,phases,ref  ] GC(68)     Discovered: 0
[18.709s][debug  ][gc,phases,ref  ] GC(68)     Cleared: 0
[18.709s][debug  ][gc,phases,ref  ] GC(68)   PhantomReference:
[18.709s][debug  ][gc,phases,ref  ] GC(68)     Discovered: 5
[18.709s][debug  ][gc,phases,ref  ] GC(68)     Cleared: 5
[18.709s][debug  ][gc,phases      ] GC(68) Reference Processing 0.658ms
[18.709s][debug  ][gc,phases,start] GC(68) Weak Processing
[18.709s][debug  ][gc,phases      ] GC(68)   VM Weak                        Min:  0.0, Avg:  0.0, Max:  0.0, Diff:  0.0, Sum:  0.0, Workers: 6
[18.709s][debug  ][gc,phases      ] GC(68)     Dead                           Min: 0, Avg:  0.0, Max: 0, Diff: 0, Sum: 0, Workers: 6
[18.709s][debug  ][gc,phases      ] GC(68)     Total                          Min: 0, Avg:  1.3, Max: 8, Diff: 8, Sum: 8, Workers: 6
[18.709s][debug  ][gc,phases      ] GC(68)   ObjectSynchronizer Weak        Min:  0.0, Avg:  0.0, Max:  0.0, Diff:  0.0, Sum:  0.0, Workers: 6
[18.709s][debug  ][gc,phases      ] GC(68)     Dead                           Min: 0, Avg:  0.0, Max: 0, Diff: 0, Sum: 0, Workers: 6
[18.709s][debug  ][gc,phases      ] GC(68)     Total                          Min: 0, Avg:  0.5, Max: 3, Diff: 3, Sum: 3, Workers: 6
[18.709s][debug  ][gc,phases      ] GC(68)   JVMTI Tag Weak OopStorage      Min:  0.0, Avg:  0.0, Max:  0.0, Diff:  0.0, Sum:  0.0, Workers: 6
[18.709s][debug  ][gc,phases      ] GC(68)     Dead                           Min: 0, Avg:  0.0, Max: 0, Diff: 0, Sum: 0, Workers: 6
[18.709s][debug  ][gc,phases      ] GC(68)     Total                          Min: 0, Avg:  0.0, Max: 0, Diff: 0, Sum: 0, Workers: 6
[18.709s][debug  ][gc,phases      ] GC(68)   StringTable Weak               Min:  0.0, Avg:  0.0, Max:  0.0, Diff:  0.0, Sum:  0.0, Workers: 6
[18.709s][debug  ][gc,phases      ] GC(68)     Dead                           Min: 0, Avg:  0.0, Max: 0, Diff: 0, Sum: 0, Workers: 6
[18.709s][debug  ][gc,phases      ] GC(68)     Total                          Min: 748, Avg: 892.5, Max: 1216, Diff: 468, Sum: 5355, Workers: 6
[18.709s][debug  ][gc,phases      ] GC(68)   ResolvedMethodTable Weak       Min:  0.0, Avg:  0.0, Max:  0.0, Diff:  0.0, Sum:  0.0, Workers: 6
[18.709s][debug  ][gc,phases      ] GC(68)     Dead                           Min: 0, Avg:  0.0, Max: 0, Diff: 0, Sum: 0, Workers: 6
[18.709s][debug  ][gc,phases      ] GC(68)     Total                          Min: 0, Avg: 21.7, Max: 64, Diff: 64, Sum: 130, Workers: 6
[18.709s][debug  ][gc,phases      ] GC(68)   JNI Weak                       Min:  0.0, Avg:  0.0, Max:  0.0, Diff:  0.0, Sum:  0.0, Workers: 6
[18.709s][debug  ][gc,phases      ] GC(68)     Dead                           Min: 0, Avg:  0.0, Max: 0, Diff: 0, Sum: 0, Workers: 6
[18.709s][debug  ][gc,phases      ] GC(68)     Total                          Min: 0, Avg:  0.0, Max: 0, Diff: 0, Sum: 0, Workers: 6
[18.709s][debug  ][gc,phases      ] GC(68)   StringDedup Table Weak         Min:  0.0, Avg:  0.0, Max:  0.0, Diff:  0.0, Sum:  0.0, Workers: 6
[18.709s][debug  ][gc,phases      ] GC(68)     Dead                           Min: 0, Avg:  0.0, Max: 0, Diff: 0, Sum: 0, Workers: 6
[18.709s][debug  ][gc,phases      ] GC(68)     Total                          Min: 0, Avg:  0.0, Max: 0, Diff: 0, Sum: 0, Workers: 6
[18.709s][debug  ][gc,phases      ] GC(68)   StringDedup Requests0 Weak     Min:  0.0, Avg:  0.0, Max:  0.0, Diff:  0.0, Sum:  0.0, Workers: 6
[18.709s][debug  ][gc,phases      ] GC(68)     Dead                           Min: 0, Avg:  0.0, Max: 0, Diff: 0, Sum: 0, Workers: 6
[18.710s][debug  ][gc,phases      ] GC(68)     Total                          Min: 0, Avg:  0.0, Max: 0, Diff: 0, Sum: 0, Workers: 6
[18.710s][debug  ][gc,phases      ] GC(68)   StringDedup Requests1 Weak     Min:  0.0, Avg:  0.0, Max:  0.0, Diff:  0.0, Sum:  0.0, Workers: 6
[18.710s][debug  ][gc,phases      ] GC(68)     Dead                           Min: 0, Avg:  0.0, Max: 0, Diff: 0, Sum: 0, Workers: 6
[18.710s][debug  ][gc,phases      ] GC(68)     Total                          Min: 0, Avg:  0.0, Max: 0, Diff: 0, Sum: 0, Workers: 6
[18.710s][debug  ][gc,phases      ] GC(68)   Weak JFR Old Object Samples    Min:  0.0, Avg:  0.0, Max:  0.0, Diff:  0.0, Sum:  0.0, Workers: 6
[18.710s][debug  ][gc,phases      ] GC(68)     Dead                           Min: 0, Avg:  0.0, Max: 0, Diff: 0, Sum: 0, Workers: 6
[18.710s][debug  ][gc,phases      ] GC(68)     Total                          Min: 0, Avg:  0.0, Max: 0, Diff: 0, Sum: 0, Workers: 6
[18.710s][debug  ][gc,phases      ] GC(68) Weak Processing 0.707ms
[18.710s][debug  ][gc,phases,start] GC(68) Class Unloading
[18.710s][debug  ][gc,phases,start] GC(68) ClassLoaderData
[18.710s][debug  ][gc,phases      ] GC(68) ClassLoaderData 0.020ms
[18.710s][debug  ][gc,phases,start] GC(68) Trigger cleanups
[18.710s][debug  ][gc,phases      ] GC(68) Trigger cleanups 0.019ms
[18.710s][debug  ][gc,phases      ] GC(68) Class Unloading 0.256ms
[18.710s][info   ][gc,phases      ] GC(68) Marking Phase 2.223ms
[18.710s][info   ][gc,phases,start] GC(68) Summary Phase
[18.710s][info   ][gc,phases      ] GC(68) Summary Phase 0.038ms
[18.710s][info   ][gc,phases,start] GC(68) Adjust Roots
[18.710s][info   ][gc,phases      ] GC(68) Adjust Roots 0.162ms
[18.710s][info   ][gc,phases,start] GC(68) Compaction Phase
[18.761s][info   ][gc,phases      ] GC(68) Compaction Phase 50.861ms
[18.761s][info   ][gc,phases,start] GC(68) Post Compact
[18.766s][info   ][gc,phases      ] GC(68) Post Compact 4.758ms
[18.766s][debug  ][gc,ergo        ] GC(68) AdaptiveSizeStart: collection: 69 
[18.766s][debug  ][gc,ergo        ] GC(68) PSAdaptiveSizePolicy::compute_eden_space_size limits: desired_eden_size: 215760506 old_eden_size: 192937984 eden_limit: 193462272 cur_eden: 193462272 max_eden_size: 193462272 avg_young_live: 22622776
[18.766s][debug  ][gc,ergo        ] GC(68) PSAdaptiveSizePolicy::compute_eden_space_size: costs minor_time: 0.048164 major_cost: 0.035638 mutator_cost: 0.916198 throughput_goal: 0.990000
[18.766s][debug  ][gc,ergo        ] GC(68) Live_space: 879801280 free_space: 793772032
[18.766s][debug  ][gc,ergo        ] GC(68) Old eden_size: 192937984 desired_eden_size: 193462272
[18.766s][debug  ][gc,ergo        ] GC(68) PSAdaptiveSizePolicy::compute_old_gen_free_space: costs minor_time: 0.048164 major_cost: 0.035638  mutator_cost: 0.916198 throughput_goal: 0.990000
[18.766s][debug  ][gc,ergo        ] GC(68) Live_space: 868280384 free_space: 794296320
[18.766s][debug  ][gc,ergo        ] GC(68) Old promo_size: 600834048 desired_promo_size: 657457152
[18.780s][debug  ][gc             ] GC(68) Shrinking ParOldGen from 1588736K by 227840K to 1360896K
[18.780s][debug  ][gc,ergo        ] GC(68) AdaptiveSizeStop: collection: 69 
[18.780s][info   ][gc,heap        ] GC(68) PSYoungGen: 30720K(225792K)->0K(225280K) Eden: 0K(188928K)->0K(188928K) From: 30720K(36864K)->0K(36352K)
[18.780s][info   ][gc,heap        ] GC(68) ParOldGen: 1332837K(1588736K)->462435K(1360896K)
[18.780s][info   ][gc,metaspace   ] GC(68) Metaspace: 1023K(1216K)->1023K(1216K) NonClass: 939K(1024K)->939K(1024K) Class: 83K(192K)->83K(192K)
[18.780s][info   ][gc             ] GC(68) Pause Full (Ergonomics) 1331M->451M(1549M) 72.212ms
[18.780s][info   ][gc,cpu         ] GC(68) User=0.44s Sys=0.02s Real=0.07s
[18.780s][debug  ][gc,heap        ] GC(68) Heap after GC invocations=69 (full 12):
[18.780s][debug  ][gc,heap        ] GC(68)  PSYoungGen      total 225280K, used 0K [0x00000007f0000000, 0x0000000800000000, 0x0000000800000000)
[18.780s][debug  ][gc,heap        ] GC(68)   eden space 188928K, 0% used [0x00000007f0000000,0x00000007f0000000,0x00000007fb880000)
[18.780s][debug  ][gc,heap        ] GC(68)   from space 36352K, 0% used [0x00000007fb880000,0x00000007fb880000,0x00000007fdc00000)
[18.780s][debug  ][gc,heap        ] GC(68)   to   space 36352K, 0% used [0x00000007fdc80000,0x00000007fdc80000,0x0000000800000000)
[18.780s][debug  ][gc,heap        ] GC(68)  ParOldGen       total 1360896K, used 462435K [0x0000000700000000, 0x0000000753100000, 0x00000007f0000000)
[18.780s][debug  ][gc,heap        ] GC(68)   object space 1360896K, 33% used [0x0000000700000000,0x000000071c398ec8,0x0000000753100000)
[18.780s][debug  ][gc,heap        ] GC(68)  Metaspace       used 1023K, committed 1216K, reserved 1056768K
[18.780s][debug  ][gc,heap        ] GC(68)   class space    used 83K, committed 192K, reserved 1048576K
[18.780s][debug  ][gc,task,time   ] GC(68) VM-Thread 187077335 187102449 187799608
[19.070s][debug  ][gc,heap        ] GC(69) Heap before GC invocations=70 (full 12):
[19.070s][debug  ][gc,heap        ] GC(69)  PSYoungGen      total 225280K, used 188002K [0x00000007f0000000, 0x0000000800000000, 0x0000000800000000)
[19.070s][debug  ][gc,heap        ] GC(69)   eden space 188928K, 99% used [0x00000007f0000000,0x00000007fb798b18,0x00000007fb880000)
[19.070s][debug  ][gc,heap        ] GC(69)   from space 36352K, 0% used [0x00000007fb880000,0x00000007fb880000,0x00000007fdc00000)
[19.070s][debug  ][gc,heap        ] GC(69)   to   space 36352K, 0% used [0x00000007fdc80000,0x00000007fdc80000,0x0000000800000000)
[19.070s][debug  ][gc,heap        ] GC(69)  ParOldGen       total 1360896K, used 462435K [0x0000000700000000, 0x0000000753100000, 0x00000007f0000000)
[19.070s][debug  ][gc,heap        ] GC(69)   object space 1360896K, 33% used [0x0000000700000000,0x000000071c398ec8,0x0000000753100000)
[19.070s][debug  ][gc,heap        ] GC(69)  Metaspace       used 1023K, committed 1216K, reserved 1056768K
[19.070s][debug  ][gc,heap        ] GC(69)   class space    used 83K, committed 192K, reserved 1048576K
[19.070s][debug  ][gc,tlab        ] GC(69) TLAB totals: thrds: 1  refills: 1 max: 1 slow allocs: 17 max 17 waste: 26.4% gc: 3770872B max: 3770872B slow: 0B max: 0B
[19.070s][info   ][gc,start       ] GC(69) Pause Young (Allocation Failure)
[19.071s][debug  ][gc,phases,start] GC(69) Scavenge
[19.083s][debug  ][gc,phases      ] GC(69) Scavenge 12.555ms
[19.083s][debug  ][gc,phases,start] GC(69) Reference Processing
[19.083s][debug  ][gc,ref         ] GC(69) Skipped phase 1 of Reference Processing: no references
[19.083s][debug  ][gc,ref         ] GC(69) Skipped phase 2 of Reference Processing: no references
[19.083s][debug  ][gc,ref         ] GC(69) Skipped phase 3 of Reference Processing: no references
[19.083s][debug  ][gc,ref         ] GC(69) Skipped phase 4 of Reference Processing: no references
[19.083s][debug  ][gc,phases,ref  ] GC(69) Reference Processing: 0.1ms
[19.083s][debug  ][gc,phases,ref  ] GC(69)   Reconsider SoftReferences: 0.0ms
[19.083s][debug  ][gc,phases,ref  ] GC(69)     SoftRef (ms):                  skipped
[19.083s][debug  ][gc,phases,ref  ] GC(69)   Notify Soft/WeakReferences: 0.0ms
[19.083s][debug  ][gc,phases,ref  ] GC(69)     SoftRef (ms):                  skipped
[19.083s][debug  ][gc,phases,ref  ] GC(69)     WeakRef (ms):                  skipped
[19.083s][debug  ][gc,phases,ref  ] GC(69)     FinalRef (ms):                 skipped
[19.083s][debug  ][gc,phases,ref  ] GC(69)     Total (ms):                    skipped
[19.083s][debug  ][gc,phases,ref  ] GC(69)   Notify and keep alive finalizable: 0.0ms
[19.083s][debug  ][gc,phases,ref  ] GC(69)     FinalRef (ms):                 skipped
[19.083s][debug  ][gc,phases,ref  ] GC(69)   Notify PhantomReferences: 0.0ms
[19.083s][debug  ][gc,phases,ref  ] GC(69)     PhantomRef (ms):               skipped
[19.083s][debug  ][gc,phases,ref  ] GC(69)   SoftReference:
[19.084s][debug  ][gc,phases,ref  ] GC(69)     Discovered: 0
[19.084s][debug  ][gc,phases,ref  ] GC(69)     Cleared: 0
[19.084s][debug  ][gc,phases,ref  ] GC(69)   WeakReference:
[19.084s][debug  ][gc,phases,ref  ] GC(69)     Discovered: 0
[19.084s][debug  ][gc,phases,ref  ] GC(69)     Cleared: 0
[19.084s][debug  ][gc,phases,ref  ] GC(69)   FinalReference:
[19.084s][debug  ][gc,phases,ref  ] GC(69)     Discovered: 0
[19.084s][debug  ][gc,phases,ref  ] GC(69)     Cleared: 0
[19.084s][debug  ][gc,phases,ref  ] GC(69)   PhantomReference:
[19.084s][debug  ][gc,phases,ref  ] GC(69)     Discovered: 0
[19.084s][debug  ][gc,phases,ref  ] GC(69)     Cleared: 0
[19.084s][debug  ][gc,phases      ] GC(69) Reference Processing 0.595ms
[19.084s][debug  ][gc,phases,start] GC(69) Weak Processing
[19.084s][debug  ][gc,phases      ] GC(69)   VM Weak                        Min:  0.0, Avg:  0.0, Max:  0.0, Diff:  0.0, Sum:  0.0, Workers: 6
[19.084s][debug  ][gc,phases      ] GC(69)     Dead                           Min: 0, Avg:  0.0, Max: 0, Diff: 0, Sum: 0, Workers: 6
[19.084s][debug  ][gc,phases      ] GC(69)     Total                          Min: 0, Avg:  1.3, Max: 8, Diff: 8, Sum: 8, Workers: 6
[19.084s][debug  ][gc,phases      ] GC(69)   ObjectSynchronizer Weak        Min:  0.0, Avg:  0.0, Max:  0.0, Diff:  0.0, Sum:  0.0, Workers: 6
[19.084s][debug  ][gc,phases      ] GC(69)     Dead                           Min: 0, Avg:  0.0, Max: 0, Diff: 0, Sum: 0, Workers: 6
[19.084s][debug  ][gc,phases      ] GC(69)     Total                          Min: 0, Avg:  0.5, Max: 3, Diff: 3, Sum: 3, Workers: 6
[19.084s][debug  ][gc,phases      ] GC(69)   JVMTI Tag Weak OopStorage      Min:  0.0, Avg:  0.0, Max:  0.0, Diff:  0.0, Sum:  0.0, Workers: 6
[19.084s][debug  ][gc,phases      ] GC(69)     Dead                           Min: 0, Avg:  0.0, Max: 0, Diff: 0, Sum: 0, Workers: 6
[19.084s][debug  ][gc,phases      ] GC(69)     Total                          Min: 0, Avg:  0.0, Max: 0, Diff: 0, Sum: 0, Workers: 6
[19.084s][debug  ][gc,phases      ] GC(69)   StringTable Weak               Min:  0.0, Avg:  0.0, Max:  0.0, Diff:  0.0, Sum:  0.0, Workers: 6
[19.084s][debug  ][gc,phases      ] GC(69)     Dead                           Min: 0, Avg:  0.0, Max: 0, Diff: 0, Sum: 0, Workers: 6
[19.084s][debug  ][gc,phases      ] GC(69)     Total                          Min: 703, Avg: 892.5, Max: 1152, Diff: 449, Sum: 5355, Workers: 6
[19.084s][debug  ][gc,phases      ] GC(69)   ResolvedMethodTable Weak       Min:  0.0, Avg:  0.0, Max:  0.0, Diff:  0.0, Sum:  0.0, Workers: 6
[19.084s][debug  ][gc,phases      ] GC(69)     Dead                           Min: 0, Avg:  0.0, Max: 0, Diff: 0, Sum: 0, Workers: 6
[19.084s][debug  ][gc,phases      ] GC(69)     Total                          Min: 0, Avg: 21.7, Max: 64, Diff: 64, Sum: 130, Workers: 6
[19.084s][debug  ][gc,phases      ] GC(69)   JNI Weak                       Min:  0.0, Avg:  0.0, Max:  0.0, Diff:  0.0, Sum:  0.0, Workers: 6
[19.084s][debug  ][gc,phases      ] GC(69)     Dead                           Min: 0, Avg:  0.0, Max: 0, Diff: 0, Sum: 0, Workers: 6
[19.084s][debug  ][gc,phases      ] GC(69)     Total                          Min: 0, Avg:  0.0, Max: 0, Diff: 0, Sum: 0, Workers: 6
[19.084s][debug  ][gc,phases      ] GC(69)   StringDedup Table Weak         Min:  0.0, Avg:  0.0, Max:  0.0, Diff:  0.0, Sum:  0.0, Workers: 6
[19.084s][debug  ][gc,phases      ] GC(69)     Dead                           Min: 0, Avg:  0.0, Max: 0, Diff: 0, Sum: 0, Workers: 6
[19.084s][debug  ][gc,phases      ] GC(69)     Total                          Min: 0, Avg:  0.0, Max: 0, Diff: 0, Sum: 0, Workers: 6
[19.084s][debug  ][gc,phases      ] GC(69)   StringDedup Requests0 Weak     Min:  0.0, Avg:  0.0, Max:  0.0, Diff:  0.0, Sum:  0.0, Workers: 6
[19.084s][debug  ][gc,phases      ] GC(69)     Dead                           Min: 0, Avg:  0.0, Max: 0, Diff: 0, Sum: 0, Workers: 6
[19.084s][debug  ][gc,phases      ] GC(69)     Total                          Min: 0, Avg:  0.0, Max: 0, Diff: 0, Sum: 0, Workers: 6
[19.084s][debug  ][gc,phases      ] GC(69)   StringDedup Requests1 Weak     Min:  0.0, Avg:  0.0, Max:  0.0, Diff:  0.0, Sum:  0.0, Workers: 6
[19.084s][debug  ][gc,phases      ] GC(69)     Dead                           Min: 0, Avg:  0.0, Max: 0, Diff: 0, Sum: 0, Workers: 6
[19.084s][debug  ][gc,phases      ] GC(69)     Total                          Min: 0, Avg:  0.0, Max: 0, Diff: 0, Sum: 0, Workers: 6
[19.084s][debug  ][gc,phases      ] GC(69)   Weak JFR Old Object Samples    Min:  0.0, Avg:  0.0, Max:  0.0, Diff:  0.0, Sum:  0.0, Workers: 6
[19.084s][debug  ][gc,phases      ] GC(69)     Dead                           Min: 0, Avg:  0.0, Max: 0, Diff: 0, Sum: 0, Workers: 6
[19.084s][debug  ][gc,phases      ] GC(69)     Total                          Min: 0, Avg:  0.0, Max: 0, Diff: 0, Sum: 0, Workers: 6
[19.084s][debug  ][gc,phases      ] GC(69) Weak Processing 0.702ms
[19.085s][debug  ][gc,ergo        ] GC(69) AdaptiveSizeStart:  collection: 70 
[19.085s][debug  ][gc,ergo        ] GC(69) avg_survived_padded_avg: 36889920.000000
[19.085s][debug  ][gc,ergo        ] GC(69) avg_promoted_padded_avg: 252532320.000000  avg_pretenured_padded_avg: 0.000000  tenuring_thresh: 1  target_size: 37224448
[19.085s][debug  ][gc,age         ] GC(69) Desired survivor size 37224448 bytes, new threshold 1 (max threshold 15)
[19.085s][debug  ][gc,ergo        ] GC(69) PSAdaptiveSizePolicy::compute_eden_space_size limits: desired_eden_size: 215192661 old_eden_size: 193462272 eden_limit: 193986560 cur_eden: 193462272 max_eden_size: 193986560 avg_young_live: 23506230
[19.085s][debug  ][gc,ergo        ] GC(69) PSAdaptiveSizePolicy::compute_eden_space_size: costs minor_time: 0.045376 major_cost: 0.035638 mutator_cost: 0.918986 throughput_goal: 0.990000
[19.085s][debug  ][gc,ergo        ] GC(69) Live_space: 869163840 free_space: 850919424
[19.085s][debug  ][gc,ergo        ] GC(69) Old eden_size: 193462272 desired_eden_size: 193986560
[19.085s][debug  ][gc,ergo        ] GC(69) AdaptiveSizeStop: collection: 70 
[19.085s][info   ][gc,heap        ] GC(69) PSYoungGen: 188002K(225280K)->30720K(225792K) Eden: 188002K(188928K)->0K(189440K) From: 0K(36352K)->30720K(36352K)
[19.085s][info   ][gc,heap        ] GC(69) ParOldGen: 462435K(1360896K)->616035K(1360896K)
[19.085s][info   ][gc,metaspace   ] GC(69) Metaspace: 1023K(1216K)->1023K(1216K) NonClass: 939K(1024K)->939K(1024K) Class: 83K(192K)->83K(192K)
[19.085s][info   ][gc             ] GC(69) Pause Young (Allocation Failure) 635M->631M(1549M) 14.294ms
[19.085s][info   ][gc,cpu         ] GC(69) User=0.02s Sys=0.00s Real=0.01s
[19.085s][debug  ][gc,heap        ] GC(69) Heap after GC invocations=70 (full 12):
[19.085s][debug  ][gc,heap        ] GC(69)  PSYoungGen      total 225792K, used 30720K [0x00000007f0000000, 0x0000000800000000, 0x0000000800000000)
[19.085s][debug  ][gc,heap        ] GC(69)   eden space 189440K, 0% used [0x00000007f0000000,0x00000007f0000000,0x00000007fb900000)
[19.085s][debug  ][gc,heap        ] GC(69)   from space 36352K, 84% used [0x00000007fdc80000,0x00000007ffa80030,0x0000000800000000)
[19.085s][debug  ][gc,heap        ] GC(69)   to   space 36352K, 0% used [0x00000007fb900000,0x00000007fb900000,0x00000007fdc80000)
[19.085s][debug  ][gc,heap        ] GC(69)  ParOldGen       total 1360896K, used 616035K [0x0000000700000000, 0x0000000753100000, 0x00000007f0000000)
[19.085s][debug  ][gc,heap        ] GC(69)   object space 1360896K, 45% used [0x0000000700000000,0x0000000725998fb8,0x0000000753100000)
[19.085s][debug  ][gc,heap        ] GC(69)  Metaspace       used 1023K, committed 1216K, reserved 1056768K
[19.085s][debug  ][gc,heap        ] GC(69)   class space    used 83K, committed 192K, reserved 1048576K
[19.085s][debug  ][gc,task,time   ] GC(69) VM-Thread 190701449 190831492 190850481
[19.368s][debug  ][gc,heap        ] GC(70) Heap before GC invocations=71 (full 12):
[19.369s][debug  ][gc,heap        ] GC(70)  PSYoungGen      total 225792K, used 218668K [0x00000007f0000000, 0x0000000800000000, 0x0000000800000000)
[19.369s][debug  ][gc,heap        ] GC(70)   eden space 189440K, 99% used [0x00000007f0000000,0x00000007fb78b110,0x00000007fb900000)
[19.369s][debug  ][gc,heap        ] GC(70)   from space 36352K, 84% used [0x00000007fdc80000,0x00000007ffa80030,0x0000000800000000)
[19.369s][debug  ][gc,heap        ] GC(70)   to   space 36352K, 0% used [0x00000007fb900000,0x00000007fb900000,0x00000007fdc80000)
[19.369s][debug  ][gc,heap        ] GC(70)  ParOldGen       total 1360896K, used 616035K [0x0000000700000000, 0x0000000753100000, 0x00000007f0000000)
[19.369s][debug  ][gc,heap        ] GC(70)   object space 1360896K, 45% used [0x0000000700000000,0x0000000725998fb8,0x0000000753100000)
[19.369s][debug  ][gc,heap        ] GC(70)  Metaspace       used 1023K, committed 1216K, reserved 1056768K
[19.369s][debug  ][gc,heap        ] GC(70)   class space    used 83K, committed 192K, reserved 1048576K
[19.369s][debug  ][gc,tlab        ] GC(70) TLAB totals: thrds: 1  refills: 1 max: 1 slow allocs: 17 max 17 waste: 26.2% gc: 3715056B max: 3715056B slow: 0B max: 0B
[19.369s][info   ][gc,start       ] GC(70) Pause Young (Allocation Failure)
[19.369s][debug  ][gc,phases,start] GC(70) Scavenge
[19.384s][debug  ][gc,phases      ] GC(70) Scavenge 14.757ms
[19.384s][debug  ][gc,phases,start] GC(70) Reference Processing
[19.384s][debug  ][gc,ref         ] GC(70) Skipped phase 1 of Reference Processing: no references
[19.384s][debug  ][gc,ref         ] GC(70) Skipped phase 2 of Reference Processing: no references
[19.384s][debug  ][gc,ref         ] GC(70) Skipped phase 3 of Reference Processing: no references
[19.384s][debug  ][gc,ref         ] GC(70) Skipped phase 4 of Reference Processing: no references
[19.384s][debug  ][gc,phases,ref  ] GC(70) Reference Processing: 0.1ms
[19.384s][debug  ][gc,phases,ref  ] GC(70)   Reconsider SoftReferences: 0.0ms
[19.384s][debug  ][gc,phases,ref  ] GC(70)     SoftRef (ms):                  skipped
[19.384s][debug  ][gc,phases,ref  ] GC(70)   Notify Soft/WeakReferences: 0.0ms
[19.384s][debug  ][gc,phases,ref  ] GC(70)     SoftRef (ms):                  skipped
[19.384s][debug  ][gc,phases,ref  ] GC(70)     WeakRef (ms):                  skipped
[19.384s][debug  ][gc,phases,ref  ] GC(70)     FinalRef (ms):                 skipped
[19.384s][debug  ][gc,phases,ref  ] GC(70)     Total (ms):                    skipped
[19.384s][debug  ][gc,phases,ref  ] GC(70)   Notify and keep alive finalizable: 0.0ms
[19.384s][debug  ][gc,phases,ref  ] GC(70)     FinalRef (ms):                 skipped
[19.384s][debug  ][gc,phases,ref  ] GC(70)   Notify PhantomReferences: 0.0ms
[19.384s][debug  ][gc,phases,ref  ] GC(70)     PhantomRef (ms):               skipped
[19.384s][debug  ][gc,phases,ref  ] GC(70)   SoftReference:
[19.384s][debug  ][gc,phases,ref  ] GC(70)     Discovered: 0
[19.385s][debug  ][gc,phases,ref  ] GC(70)     Cleared: 0
[19.385s][debug  ][gc,phases,ref  ] GC(70)   WeakReference:
[19.385s][debug  ][gc,phases,ref  ] GC(70)     Discovered: 0
[19.385s][debug  ][gc,phases,ref  ] GC(70)     Cleared: 0
[19.385s][debug  ][gc,phases,ref  ] GC(70)   FinalReference:
[19.385s][debug  ][gc,phases,ref  ] GC(70)     Discovered: 0
[19.385s][debug  ][gc,phases,ref  ] GC(70)     Cleared: 0
[19.385s][debug  ][gc,phases,ref  ] GC(70)   PhantomReference:
[19.385s][debug  ][gc,phases,ref  ] GC(70)     Discovered: 0
[19.385s][debug  ][gc,phases,ref  ] GC(70)     Cleared: 0
[19.385s][debug  ][gc,phases      ] GC(70) Reference Processing 0.980ms
[19.385s][debug  ][gc,phases,start] GC(70) Weak Processing
[19.385s][debug  ][gc,phases      ] GC(70)   VM Weak                        Min:  0.0, Avg:  0.0, Max:  0.0, Diff:  0.0, Sum:  0.0, Workers: 6
[19.385s][debug  ][gc,phases      ] GC(70)     Dead                           Min: 0, Avg:  0.0, Max: 0, Diff: 0, Sum: 0, Workers: 6
[19.385s][debug  ][gc,phases      ] GC(70)     Total                          Min: 0, Avg:  1.3, Max: 8, Diff: 8, Sum: 8, Workers: 6
[19.385s][debug  ][gc,phases      ] GC(70)   ObjectSynchronizer Weak        Min:  0.0, Avg:  0.0, Max:  0.0, Diff:  0.0, Sum:  0.0, Workers: 6
[19.385s][debug  ][gc,phases      ] GC(70)     Dead                           Min: 0, Avg:  0.0, Max: 0, Diff: 0, Sum: 0, Workers: 6
[19.385s][debug  ][gc,phases      ] GC(70)     Total                          Min: 0, Avg:  0.5, Max: 3, Diff: 3, Sum: 3, Workers: 6
[19.385s][debug  ][gc,phases      ] GC(70)   JVMTI Tag Weak OopStorage      Min:  0.0, Avg:  0.0, Max:  0.0, Diff:  0.0, Sum:  0.0, Workers: 6
[19.385s][debug  ][gc,phases      ] GC(70)     Dead                           Min: 0, Avg:  0.0, Max: 0, Diff: 0, Sum: 0, Workers: 6
[19.385s][debug  ][gc,phases      ] GC(70)     Total                          Min: 0, Avg:  0.0, Max: 0, Diff: 0, Sum: 0, Workers: 6
[19.385s][debug  ][gc,phases      ] GC(70)   StringTable Weak               Min:  0.0, Avg:  0.0, Max:  0.0, Diff:  0.0, Sum:  0.0, Workers: 6
[19.385s][debug  ][gc,phases      ] GC(70)     Dead                           Min: 0, Avg:  0.0, Max: 0, Diff: 0, Sum: 0, Workers: 6
[19.385s][debug  ][gc,phases      ] GC(70)     Total                          Min: 768, Avg: 892.5, Max: 1132, Diff: 364, Sum: 5355, Workers: 6
[19.385s][debug  ][gc,phases      ] GC(70)   ResolvedMethodTable Weak       Min:  0.0, Avg:  0.0, Max:  0.0, Diff:  0.0, Sum:  0.0, Workers: 6
[19.385s][debug  ][gc,phases      ] GC(70)     Dead                           Min: 0, Avg:  0.0, Max: 0, Diff: 0, Sum: 0, Workers: 6
[19.385s][debug  ][gc,phases      ] GC(70)     Total                          Min: 0, Avg: 21.7, Max: 64, Diff: 64, Sum: 130, Workers: 6
[19.385s][debug  ][gc,phases      ] GC(70)   JNI Weak                       Min:  0.0, Avg:  0.0, Max:  0.0, Diff:  0.0, Sum:  0.0, Workers: 6
[19.385s][debug  ][gc,phases      ] GC(70)     Dead                           Min: 0, Avg:  0.0, Max: 0, Diff: 0, Sum: 0, Workers: 6
[19.385s][debug  ][gc,phases      ] GC(70)     Total                          Min: 0, Avg:  0.0, Max: 0, Diff: 0, Sum: 0, Workers: 6
[19.386s][debug  ][gc,phases      ] GC(70)   StringDedup Table Weak         Min:  0.0, Avg:  0.0, Max:  0.0, Diff:  0.0, Sum:  0.0, Workers: 6
[19.386s][debug  ][gc,phases      ] GC(70)     Dead                           Min: 0, Avg:  0.0, Max: 0, Diff: 0, Sum: 0, Workers: 6
[19.386s][debug  ][gc,phases      ] GC(70)     Total                          Min: 0, Avg:  0.0, Max: 0, Diff: 0, Sum: 0, Workers: 6
[19.386s][debug  ][gc,phases      ] GC(70)   StringDedup Requests0 Weak     Min:  0.0, Avg:  0.0, Max:  0.0, Diff:  0.0, Sum:  0.0, Workers: 6
[19.386s][debug  ][gc,phases      ] GC(70)     Dead                           Min: 0, Avg:  0.0, Max: 0, Diff: 0, Sum: 0, Workers: 6
[19.386s][debug  ][gc,phases      ] GC(70)     Total                          Min: 0, Avg:  0.0, Max: 0, Diff: 0, Sum: 0, Workers: 6
[19.386s][debug  ][gc,phases      ] GC(70)   StringDedup Requests1 Weak     Min:  0.0, Avg:  0.0, Max:  0.0, Diff:  0.0, Sum:  0.0, Workers: 6
[19.386s][debug  ][gc,phases      ] GC(70)     Dead                           Min: 0, Avg:  0.0, Max: 0, Diff: 0, Sum: 0, Workers: 6
[19.386s][debug  ][gc,phases      ] GC(70)     Total                          Min: 0, Avg:  0.0, Max: 0, Diff: 0, Sum: 0, Workers: 6
[19.386s][debug  ][gc,phases      ] GC(70)   Weak JFR Old Object Samples    Min:  0.0, Avg:  0.0, Max:  0.0, Diff:  0.0, Sum:  0.0, Workers: 6
[19.386s][debug  ][gc,phases      ] GC(70)     Dead                           Min: 0, Avg:  0.0, Max: 0, Diff: 0, Sum: 0, Workers: 6
[19.386s][debug  ][gc,phases      ] GC(70)     Total                          Min: 0, Avg:  0.0, Max: 0, Diff: 0, Sum: 0, Workers: 6
[19.386s][debug  ][gc,phases      ] GC(70) Weak Processing 0.992ms
[19.386s][debug  ][gc,ergo        ] GC(70) AdaptiveSizeStart:  collection: 71 
[19.386s][debug  ][gc,ergo        ] GC(70) avg_survived_padded_avg: 36674044.000000
[19.386s][debug  ][gc,ergo        ] GC(70) avg_promoted_padded_avg: 254155840.000000  avg_pretenured_padded_avg: 0.000000  tenuring_thresh: 1  target_size: 36700160
[19.386s][debug  ][gc,age         ] GC(70) Desired survivor size 36700160 bytes, new threshold 1 (max threshold 15)
[19.386s][debug  ][gc,ergo        ] GC(70) PSAdaptiveSizePolicy::compute_eden_space_size limits: desired_eden_size: 216257084 old_eden_size: 193986560 eden_limit: 193986560 cur_eden: 193986560 max_eden_size: 193986560 avg_young_live: 24301340
[19.386s][debug  ][gc,ergo        ] GC(70) PSAdaptiveSizePolicy::compute_eden_space_size: costs minor_time: 0.048024 major_cost: 0.035638 mutator_cost: 0.916338 throughput_goal: 0.990000
[19.386s][debug  ][gc,ergo        ] GC(70) Live_space: 869958912 free_space: 851443712
[19.386s][debug  ][gc,ergo        ] GC(70) Old eden_size: 193986560 desired_eden_size: 193986560
[19.386s][debug  ][gc,ergo        ] GC(70) AdaptiveSizeStop: collection: 71 
[19.386s][info   ][gc,heap        ] GC(70) PSYoungGen: 218668K(225792K)->30720K(225792K) Eden: 187948K(189440K)->0K(189440K) From: 30720K(36352K)->30720K(36352K)
[19.386s][info   ][gc,heap        ] GC(70) ParOldGen: 616035K(1360896K)->800356K(1360896K)
[19.386s][info   ][gc,metaspace   ] GC(70) Metaspace: 1023K(1216K)->1023K(1216K) NonClass: 939K(1024K)->939K(1024K) Class: 83K(192K)->83K(192K)
[19.386s][info   ][gc             ] GC(70) Pause Young (Allocation Failure) 815M->811M(1549M) 17.320ms
[19.386s][info   ][gc,cpu         ] GC(70) User=0.14s Sys=0.00s Real=0.02s
[19.386s][debug  ][gc,heap        ] GC(70) Heap after GC invocations=71 (full 12):
[19.386s][debug  ][gc,heap        ] GC(70)  PSYoungGen      total 225792K, used 30720K [0x00000007f0000000, 0x0000000800000000, 0x0000000800000000)
[19.386s][debug  ][gc,heap        ] GC(70)   eden space 189440K, 0% used [0x00000007f0000000,0x00000007f0000000,0x00000007fb900000)
[19.386s][debug  ][gc,heap        ] GC(70)   from space 36352K, 84% used [0x00000007fb900000,0x00000007fd700030,0x00000007fdc80000)
[19.386s][debug  ][gc,heap        ] GC(70)   to   space 35840K, 0% used [0x00000007fdd00000,0x00000007fdd00000,0x0000000800000000)
[19.387s][debug  ][gc,heap        ] GC(70)  ParOldGen       total 1360896K, used 800356K [0x0000000700000000, 0x0000000753100000, 0x00000007f0000000)
[19.387s][debug  ][gc,heap        ] GC(70)   object space 1360896K, 58% used [0x0000000700000000,0x0000000730d990d8,0x0000000753100000)
[19.387s][debug  ][gc,heap        ] GC(70)  Metaspace       used 1023K, committed 1216K, reserved 1056768K
[19.387s][debug  ][gc,heap        ] GC(70)   class space    used 83K, committed 192K, reserved 1048576K
[19.387s][debug  ][gc,task,time   ] GC(70) VM-Thread 193684204 193838706 193866330
[19.669s][debug  ][gc,heap        ] GC(71) Heap before GC invocations=72 (full 12):
[19.669s][debug  ][gc,heap        ] GC(71)  PSYoungGen      total 225792K, used 218699K [0x00000007f0000000, 0x0000000800000000, 0x0000000800000000)
[19.669s][debug  ][gc,heap        ] GC(71)   eden space 189440K, 99% used [0x00000007f0000000,0x00000007fb792bd0,0x00000007fb900000)
[19.669s][debug  ][gc,heap        ] GC(71)   from space 36352K, 84% used [0x00000007fb900000,0x00000007fd700030,0x00000007fdc80000)
[19.669s][debug  ][gc,heap        ] GC(71)   to   space 35840K, 0% used [0x00000007fdd00000,0x00000007fdd00000,0x0000000800000000)
[19.669s][debug  ][gc,heap        ] GC(71)  ParOldGen       total 1360896K, used 800356K [0x0000000700000000, 0x0000000753100000, 0x00000007f0000000)
[19.670s][debug  ][gc,heap        ] GC(71)   object space 1360896K, 58% used [0x0000000700000000,0x0000000730d990d8,0x0000000753100000)
[19.670s][debug  ][gc,heap        ] GC(71)  Metaspace       used 1023K, committed 1216K, reserved 1056768K
[19.670s][debug  ][gc,heap        ] GC(71)   class space    used 83K, committed 192K, reserved 1048576K
[19.670s][debug  ][gc,tlab        ] GC(71) TLAB totals: thrds: 1  refills: 1 max: 1 slow allocs: 17 max 17 waste: 26.3% gc: 3746480B max: 3746480B slow: 0B max: 0B
[19.670s][info   ][gc,start       ] GC(71) Pause Young (Allocation Failure)
[19.670s][debug  ][gc,phases,start] GC(71) Scavenge
[19.685s][debug  ][gc,phases      ] GC(71) Scavenge 15.053ms
[19.685s][debug  ][gc,phases,start] GC(71) Reference Processing
[19.685s][debug  ][gc,ref         ] GC(71) Skipped phase 1 of Reference Processing: no references
[19.685s][debug  ][gc,ref         ] GC(71) Skipped phase 2 of Reference Processing: no references
[19.685s][debug  ][gc,ref         ] GC(71) Skipped phase 3 of Reference Processing: no references
[19.685s][debug  ][gc,ref         ] GC(71) Skipped phase 4 of Reference Processing: no references
[19.685s][debug  ][gc,phases,ref  ] GC(71) Reference Processing: 0.1ms
[19.685s][debug  ][gc,phases,ref  ] GC(71)   Reconsider SoftReferences: 0.0ms
[19.685s][debug  ][gc,phases,ref  ] GC(71)     SoftRef (ms):                  skipped
[19.685s][debug  ][gc,phases,ref  ] GC(71)   Notify Soft/WeakReferences: 0.0ms
[19.685s][debug  ][gc,phases,ref  ] GC(71)     SoftRef (ms):                  skipped
[19.685s][debug  ][gc,phases,ref  ] GC(71)     WeakRef (ms):                  skipped
[19.685s][debug  ][gc,phases,ref  ] GC(71)     FinalRef (ms):                 skipped
[19.685s][debug  ][gc,phases,ref  ] GC(71)     Total (ms):                    skipped
[19.685s][debug  ][gc,phases,ref  ] GC(71)   Notify and keep alive finalizable: 0.0ms
[19.685s][debug  ][gc,phases,ref  ] GC(71)     FinalRef (ms):                 skipped
[19.685s][debug  ][gc,phases,ref  ] GC(71)   Notify PhantomReferences: 0.0ms
[19.685s][debug  ][gc,phases,ref  ] GC(71)     PhantomRef (ms):               skipped
[19.685s][debug  ][gc,phases,ref  ] GC(71)   SoftReference:
[19.685s][debug  ][gc,phases,ref  ] GC(71)     Discovered: 0
[19.685s][debug  ][gc,phases,ref  ] GC(71)     Cleared: 0
[19.685s][debug  ][gc,phases,ref  ] GC(71)   WeakReference:
[19.685s][debug  ][gc,phases,ref  ] GC(71)     Discovered: 0
[19.685s][debug  ][gc,phases,ref  ] GC(71)     Cleared: 0
[19.685s][debug  ][gc,phases,ref  ] GC(71)   FinalReference:
[19.685s][debug  ][gc,phases,ref  ] GC(71)     Discovered: 0
[19.685s][debug  ][gc,phases,ref  ] GC(71)     Cleared: 0
[19.685s][debug  ][gc,phases,ref  ] GC(71)   PhantomReference:
[19.686s][debug  ][gc,phases,ref  ] GC(71)     Discovered: 0
[19.686s][debug  ][gc,phases,ref  ] GC(71)     Cleared: 0
[19.686s][debug  ][gc,phases      ] GC(71) Reference Processing 0.662ms
[19.686s][debug  ][gc,phases,start] GC(71) Weak Processing
[19.686s][debug  ][gc,phases      ] GC(71)   VM Weak                        Min:  0.0, Avg:  0.0, Max:  0.0, Diff:  0.0, Sum:  0.0, Workers: 6
[19.686s][debug  ][gc,phases      ] GC(71)     Dead                           Min: 0, Avg:  0.0, Max: 0, Diff: 0, Sum: 0, Workers: 6
[19.686s][debug  ][gc,phases      ] GC(71)     Total                          Min: 0, Avg:  1.3, Max: 8, Diff: 8, Sum: 8, Workers: 6
[19.686s][debug  ][gc,phases      ] GC(71)   ObjectSynchronizer Weak        Min:  0.0, Avg:  0.0, Max:  0.0, Diff:  0.0, Sum:  0.0, Workers: 6
[19.686s][debug  ][gc,phases      ] GC(71)     Dead                           Min: 0, Avg:  0.0, Max: 0, Diff: 0, Sum: 0, Workers: 6
[19.686s][debug  ][gc,phases      ] GC(71)     Total                          Min: 0, Avg:  0.5, Max: 3, Diff: 3, Sum: 3, Workers: 6
[19.686s][debug  ][gc,phases      ] GC(71)   JVMTI Tag Weak OopStorage      Min:  0.0, Avg:  0.0, Max:  0.0, Diff:  0.0, Sum:  0.0, Workers: 6
[19.686s][debug  ][gc,phases      ] GC(71)     Dead                           Min: 0, Avg:  0.0, Max: 0, Diff: 0, Sum: 0, Workers: 6
[19.686s][debug  ][gc,phases      ] GC(71)     Total                          Min: 0, Avg:  0.0, Max: 0, Diff: 0, Sum: 0, Workers: 6
[19.686s][debug  ][gc,phases      ] GC(71)   StringTable Weak               Min:  0.0, Avg:  0.0, Max:  0.0, Diff:  0.0, Sum:  0.0, Workers: 6
[19.686s][debug  ][gc,phases      ] GC(71)     Dead                           Min: 0, Avg:  0.0, Max: 0, Diff: 0, Sum: 0, Workers: 6
[19.686s][debug  ][gc,phases      ] GC(71)     Total                          Min: 768, Avg: 892.5, Max: 1024, Diff: 256, Sum: 5355, Workers: 6
[19.686s][debug  ][gc,phases      ] GC(71)   ResolvedMethodTable Weak       Min:  0.0, Avg:  0.0, Max:  0.0, Diff:  0.0, Sum:  0.0, Workers: 6
[19.686s][debug  ][gc,phases      ] GC(71)     Dead                           Min: 0, Avg:  0.0, Max: 0, Diff: 0, Sum: 0, Workers: 6
[19.686s][debug  ][gc,phases      ] GC(71)     Total                          Min: 0, Avg: 21.7, Max: 64, Diff: 64, Sum: 130, Workers: 6
[19.686s][debug  ][gc,phases      ] GC(71)   JNI Weak                       Min:  0.0, Avg:  0.0, Max:  0.0, Diff:  0.0, Sum:  0.0, Workers: 6
[19.686s][debug  ][gc,phases      ] GC(71)     Dead                           Min: 0, Avg:  0.0, Max: 0, Diff: 0, Sum: 0, Workers: 6
[19.686s][debug  ][gc,phases      ] GC(71)     Total                          Min: 0, Avg:  0.0, Max: 0, Diff: 0, Sum: 0, Workers: 6
[19.686s][debug  ][gc,phases      ] GC(71)   StringDedup Table Weak         Min:  0.0, Avg:  0.0, Max:  0.0, Diff:  0.0, Sum:  0.0, Workers: 6
[19.686s][debug  ][gc,phases      ] GC(71)     Dead                           Min: 0, Avg:  0.0, Max: 0, Diff: 0, Sum: 0, Workers: 6
[19.686s][debug  ][gc,phases      ] GC(71)     Total                          Min: 0, Avg:  0.0, Max: 0, Diff: 0, Sum: 0, Workers: 6
[19.686s][debug  ][gc,phases      ] GC(71)   StringDedup Requests0 Weak     Min:  0.0, Avg:  0.0, Max:  0.0, Diff:  0.0, Sum:  0.0, Workers: 6
[19.686s][debug  ][gc,phases      ] GC(71)     Dead                           Min: 0, Avg:  0.0, Max: 0, Diff: 0, Sum: 0, Workers: 6
[19.686s][debug  ][gc,phases      ] GC(71)     Total                          Min: 0, Avg:  0.0, Max: 0, Diff: 0, Sum: 0, Workers: 6
[19.686s][debug  ][gc,phases      ] GC(71)   StringDedup Requests1 Weak     Min:  0.0, Avg:  0.0, Max:  0.0, Diff:  0.0, Sum:  0.0, Workers: 6
[19.686s][debug  ][gc,phases      ] GC(71)     Dead                           Min: 0, Avg:  0.0, Max: 0, Diff: 0, Sum: 0, Workers: 6
[19.686s][debug  ][gc,phases      ] GC(71)     Total                          Min: 0, Avg:  0.0, Max: 0, Diff: 0, Sum: 0, Workers: 6
[19.686s][debug  ][gc,phases      ] GC(71)   Weak JFR Old Object Samples    Min:  0.0, Avg:  0.0, Max:  0.0, Diff:  0.0, Sum:  0.0, Workers: 6
[19.686s][debug  ][gc,phases      ] GC(71)     Dead                           Min: 0, Avg:  0.0, Max: 0, Diff: 0, Sum: 0, Workers: 6
[19.686s][debug  ][gc,phases      ] GC(71)     Total                          Min: 0, Avg:  0.0, Max: 0, Diff: 0, Sum: 0, Workers: 6
[19.686s][debug  ][gc,phases      ] GC(71) Weak Processing 0.829ms
[19.686s][debug  ][gc,ergo        ] GC(71) AdaptiveSizeStart:  collection: 72 
[19.686s][debug  ][gc,ergo        ] GC(71) avg_survived_padded_avg: 36447020.000000
[19.686s][debug  ][gc,ergo        ] GC(71) avg_promoted_padded_avg: 254816768.000000  avg_pretenured_padded_avg: 0.000000  tenuring_thresh: 1  target_size: 36700160
[19.686s][debug  ][gc,age         ] GC(71) Desired survivor size 36700160 bytes, new threshold 1 (max threshold 15)
[19.686s][debug  ][gc,ergo        ] GC(71) PSAdaptiveSizePolicy::compute_eden_space_size limits: desired_eden_size: 216616664 old_eden_size: 193986560 eden_limit: 194510848 cur_eden: 193986560 max_eden_size: 194510848 avg_young_live: 25016938
[19.687s][debug  ][gc,ergo        ] GC(71) PSAdaptiveSizePolicy::compute_eden_space_size: costs minor_time: 0.049884 major_cost: 0.035638 mutator_cost: 0.914478 throughput_goal: 0.990000
[19.687s][debug  ][gc,ergo        ] GC(71) Live_space: 870674560 free_space: 851443712
[19.687s][debug  ][gc,ergo        ] GC(71) Old eden_size: 193986560 desired_eden_size: 194510848
[19.687s][debug  ][gc,ergo        ] GC(71) AdaptiveSizeStop: collection: 72 
[19.687s][info   ][gc,heap        ] GC(71) PSYoungGen: 218699K(225792K)->30720K(226304K) Eden: 187978K(189440K)->0K(190464K) From: 30720K(36352K)->30720K(35840K)
[19.687s][info   ][gc,heap        ] GC(71) ParOldGen: 800356K(1360896K)->984676K(1360896K)
[19.687s][info   ][gc,metaspace   ] GC(71) Metaspace: 1023K(1216K)->1023K(1216K) NonClass: 939K(1024K)->939K(1024K) Class: 83K(192K)->83K(192K)
[19.687s][info   ][gc             ] GC(71) Pause Young (Allocation Failure) 995M->991M(1550M) 16.992ms
[19.687s][info   ][gc,cpu         ] GC(71) User=0.12s Sys=0.00s Real=0.02s
[19.687s][debug  ][gc,heap        ] GC(71) Heap after GC invocations=72 (full 12):
[19.687s][debug  ][gc,heap        ] GC(71)  PSYoungGen      total 226304K, used 30720K [0x00000007f0000000, 0x0000000800000000, 0x0000000800000000)
[19.687s][debug  ][gc,heap        ] GC(71)   eden space 190464K, 0% used [0x00000007f0000000,0x00000007f0000000,0x00000007fba00000)
[19.687s][debug  ][gc,heap        ] GC(71)   from space 35840K, 85% used [0x00000007fdd00000,0x00000007ffb00030,0x0000000800000000)
[19.687s][debug  ][gc,heap        ] GC(71)   to   space 35840K, 0% used [0x00000007fba00000,0x00000007fba00000,0x00000007fdd00000)
[19.687s][debug  ][gc,heap        ] GC(71)  ParOldGen       total 1360896K, used 984676K [0x0000000700000000, 0x0000000753100000, 0x00000007f0000000)
[19.687s][debug  ][gc,heap        ] GC(71)   object space 1360896K, 72% used [0x0000000700000000,0x000000073c1991f8,0x0000000753100000)
[19.687s][debug  ][gc,heap        ] GC(71)  Metaspace       used 1023K, committed 1216K, reserved 1056768K
[19.687s][debug  ][gc,heap        ] GC(71)   class space    used 83K, committed 192K, reserved 1048576K
[19.687s][debug  ][gc,task,time   ] GC(71) VM-Thread 196691616 196848823 196869555
[19.970s][debug  ][gc,heap        ] GC(72) Heap before GC invocations=73 (full 12):
[19.971s][debug  ][gc,heap        ] GC(72)  PSYoungGen      total 226304K, used 218738K [0x00000007f0000000, 0x0000000800000000, 0x0000000800000000)
[19.971s][debug  ][gc,heap        ] GC(72)   eden space 190464K, 98% used [0x00000007f0000000,0x00000007fb79ca60,0x00000007fba00000)
[19.971s][debug  ][gc,heap        ] GC(72)   from space 35840K, 85% used [0x00000007fdd00000,0x00000007ffb00030,0x0000000800000000)
[19.971s][debug  ][gc,heap        ] GC(72)   to   space 35840K, 0% used [0x00000007fba00000,0x00000007fba00000,0x00000007fdd00000)
[19.971s][debug  ][gc,heap        ] GC(72)  ParOldGen       total 1360896K, used 984676K [0x0000000700000000, 0x0000000753100000, 0x00000007f0000000)
[19.971s][debug  ][gc,heap        ] GC(72)   object space 1360896K, 72% used [0x0000000700000000,0x000000073c1991f8,0x0000000753100000)
[19.971s][debug  ][gc,heap        ] GC(72)  Metaspace       used 1023K, committed 1216K, reserved 1056768K
[19.971s][debug  ][gc,heap        ] GC(72)   class space    used 83K, committed 192K, reserved 1048576K
[19.971s][debug  ][gc,tlab        ] GC(72) TLAB totals: thrds: 1  refills: 1 max: 1 slow allocs: 18 max 18 waste: 100.0% gc: 3786008B max: 3786008B slow: 0B max: 0B
[19.971s][info   ][gc,start       ] GC(72) Pause Young (Allocation Failure)
[19.971s][debug  ][gc,phases,start] GC(72) Scavenge
[19.983s][debug  ][gc,phases      ] GC(72) Scavenge 12.067ms
[19.983s][debug  ][gc,phases,start] GC(72) Reference Processing
[19.983s][debug  ][gc,ref         ] GC(72) Skipped phase 1 of Reference Processing: no references
[19.983s][debug  ][gc,ref         ] GC(72) Skipped phase 2 of Reference Processing: no references
[19.983s][debug  ][gc,ref         ] GC(72) Skipped phase 3 of Reference Processing: no references
[19.983s][debug  ][gc,ref         ] GC(72) Skipped phase 4 of Reference Processing: no references
[19.983s][debug  ][gc,phases,ref  ] GC(72) Reference Processing: 0.1ms
[19.983s][debug  ][gc,phases,ref  ] GC(72)   Reconsider SoftReferences: 0.0ms
[19.983s][debug  ][gc,phases,ref  ] GC(72)     SoftRef (ms):                  skipped
[19.983s][debug  ][gc,phases,ref  ] GC(72)   Notify Soft/WeakReferences: 0.0ms
[19.983s][debug  ][gc,phases,ref  ] GC(72)     SoftRef (ms):                  skipped
[19.983s][debug  ][gc,phases,ref  ] GC(72)     WeakRef (ms):                  skipped
[19.983s][debug  ][gc,phases,ref  ] GC(72)     FinalRef (ms):                 skipped
[19.983s][debug  ][gc,phases,ref  ] GC(72)     Total (ms):                    skipped
[19.983s][debug  ][gc,phases,ref  ] GC(72)   Notify and keep alive finalizable: 0.0ms
[19.983s][debug  ][gc,phases,ref  ] GC(72)     FinalRef (ms):                 skipped
[19.983s][debug  ][gc,phases,ref  ] GC(72)   Notify PhantomReferences: 0.0ms
[19.984s][debug  ][gc,phases,ref  ] GC(72)     PhantomRef (ms):               skipped
[19.984s][debug  ][gc,phases,ref  ] GC(72)   SoftReference:
[19.984s][debug  ][gc,phases,ref  ] GC(72)     Discovered: 0
[19.984s][debug  ][gc,phases,ref  ] GC(72)     Cleared: 0
[19.984s][debug  ][gc,phases,ref  ] GC(72)   WeakReference:
[19.984s][debug  ][gc,phases,ref  ] GC(72)     Discovered: 0
[19.984s][debug  ][gc,phases,ref  ] GC(72)     Cleared: 0
[19.984s][debug  ][gc,phases,ref  ] GC(72)   FinalReference:
[19.984s][debug  ][gc,phases,ref  ] GC(72)     Discovered: 0
[19.984s][debug  ][gc,phases,ref  ] GC(72)     Cleared: 0
[19.984s][debug  ][gc,phases,ref  ] GC(72)   PhantomReference:
[19.984s][debug  ][gc,phases,ref  ] GC(72)     Discovered: 0
[19.984s][debug  ][gc,phases,ref  ] GC(72)     Cleared: 0
[19.984s][debug  ][gc,phases      ] GC(72) Reference Processing 0.683ms
[19.984s][debug  ][gc,phases,start] GC(72) Weak Processing
[19.984s][debug  ][gc,phases      ] GC(72)   VM Weak                        Min:  0.0, Avg:  0.0, Max:  0.0, Diff:  0.0, Sum:  0.0, Workers: 6
[19.984s][debug  ][gc,phases      ] GC(72)     Dead                           Min: 0, Avg:  0.0, Max: 0, Diff: 0, Sum: 0, Workers: 6
[19.984s][debug  ][gc,phases      ] GC(72)     Total                          Min: 0, Avg:  1.3, Max: 8, Diff: 8, Sum: 8, Workers: 6
[19.984s][debug  ][gc,phases      ] GC(72)   ObjectSynchronizer Weak        Min:  0.0, Avg:  0.0, Max:  0.0, Diff:  0.0, Sum:  0.0, Workers: 6
[19.984s][debug  ][gc,phases      ] GC(72)     Dead                           Min: 0, Avg:  0.0, Max: 0, Diff: 0, Sum: 0, Workers: 6
[19.984s][debug  ][gc,phases      ] GC(72)     Total                          Min: 0, Avg:  0.5, Max: 3, Diff: 3, Sum: 3, Workers: 6
[19.984s][debug  ][gc,phases      ] GC(72)   JVMTI Tag Weak OopStorage      Min:  0.0, Avg:  0.0, Max:  0.0, Diff:  0.0, Sum:  0.0, Workers: 6
[19.984s][debug  ][gc,phases      ] GC(72)     Dead                           Min: 0, Avg:  0.0, Max: 0, Diff: 0, Sum: 0, Workers: 6
[19.984s][debug  ][gc,phases      ] GC(72)     Total                          Min: 0, Avg:  0.0, Max: 0, Diff: 0, Sum: 0, Workers: 6
[19.984s][debug  ][gc,phases      ] GC(72)   StringTable Weak               Min:  0.0, Avg:  0.0, Max:  0.0, Diff:  0.0, Sum:  0.0, Workers: 6
[19.984s][debug  ][gc,phases      ] GC(72)     Dead                           Min: 0, Avg:  0.0, Max: 0, Diff: 0, Sum: 0, Workers: 6
[19.984s][debug  ][gc,phases      ] GC(72)     Total                          Min: 767, Avg: 892.5, Max: 1088, Diff: 321, Sum: 5355, Workers: 6
[19.984s][debug  ][gc,phases      ] GC(72)   ResolvedMethodTable Weak       Min:  0.0, Avg:  0.0, Max:  0.0, Diff:  0.0, Sum:  0.0, Workers: 6
[19.984s][debug  ][gc,phases      ] GC(72)     Dead                           Min: 0, Avg:  0.0, Max: 0, Diff: 0, Sum: 0, Workers: 6
[19.984s][debug  ][gc,phases      ] GC(72)     Total                          Min: 0, Avg: 21.7, Max: 64, Diff: 64, Sum: 130, Workers: 6
[19.984s][debug  ][gc,phases      ] GC(72)   JNI Weak                       Min:  0.0, Avg:  0.0, Max:  0.0, Diff:  0.0, Sum:  0.0, Workers: 6
[19.984s][debug  ][gc,phases      ] GC(72)     Dead                           Min: 0, Avg:  0.0, Max: 0, Diff: 0, Sum: 0, Workers: 6
[19.984s][debug  ][gc,phases      ] GC(72)     Total                          Min: 0, Avg:  0.0, Max: 0, Diff: 0, Sum: 0, Workers: 6
[19.984s][debug  ][gc,phases      ] GC(72)   StringDedup Table Weak         Min:  0.0, Avg:  0.0, Max:  0.0, Diff:  0.0, Sum:  0.0, Workers: 6
[19.984s][debug  ][gc,phases      ] GC(72)     Dead                           Min: 0, Avg:  0.0, Max: 0, Diff: 0, Sum: 0, Workers: 6
[19.984s][debug  ][gc,phases      ] GC(72)     Total                          Min: 0, Avg:  0.0, Max: 0, Diff: 0, Sum: 0, Workers: 6
[19.984s][debug  ][gc,phases      ] GC(72)   StringDedup Requests0 Weak     Min:  0.0, Avg:  0.0, Max:  0.0, Diff:  0.0, Sum:  0.0, Workers: 6
[19.984s][debug  ][gc,phases      ] GC(72)     Dead                           Min: 0, Avg:  0.0, Max: 0, Diff: 0, Sum: 0, Workers: 6
[19.984s][debug  ][gc,phases      ] GC(72)     Total                          Min: 0, Avg:  0.0, Max: 0, Diff: 0, Sum: 0, Workers: 6
[19.985s][debug  ][gc,phases      ] GC(72)   StringDedup Requests1 Weak     Min:  0.0, Avg:  0.0, Max:  0.0, Diff:  0.0, Sum:  0.0, Workers: 6
[19.985s][debug  ][gc,phases      ] GC(72)     Dead                           Min: 0, Avg:  0.0, Max: 0, Diff: 0, Sum: 0, Workers: 6
[19.985s][debug  ][gc,phases      ] GC(72)     Total                          Min: 0, Avg:  0.0, Max: 0, Diff: 0, Sum: 0, Workers: 6
[19.985s][debug  ][gc,phases      ] GC(72)   Weak JFR Old Object Samples    Min:  0.0, Avg:  0.0, Max:  0.0, Diff:  0.0, Sum:  0.0, Workers: 6
[19.985s][debug  ][gc,phases      ] GC(72)     Dead                           Min: 0, Avg:  0.0, Max: 0, Diff: 0, Sum: 0, Workers: 6
[19.985s][debug  ][gc,phases      ] GC(72)     Total                          Min: 0, Avg:  0.0, Max: 0, Diff: 0, Sum: 0, Workers: 6
[19.985s][debug  ][gc,phases      ] GC(72) Weak Processing 0.822ms
[19.985s][debug  ][gc,ergo        ] GC(72) AdaptiveSizeStart:  collection: 73 
[19.985s][debug  ][gc,ergo        ] GC(72) avg_survived_padded_avg: 36213232.000000
[19.985s][debug  ][gc,ergo        ] GC(72) avg_promoted_padded_avg: 248857904.000000  avg_pretenured_padded_avg: 0.000000  tenuring_thresh: 1  target_size: 36700160
[19.985s][debug  ][gc,age         ] GC(72) Desired survivor size 36700160 bytes, new threshold 1 (max threshold 15)
[19.985s][debug  ][gc,ergo        ] GC(72) PSAdaptiveSizePolicy::compute_eden_space_size limits: desired_eden_size: 217780345 old_eden_size: 194510848 eden_limit: 195035136 cur_eden: 195035136 max_eden_size: 195035136 avg_young_live: 25660976
[19.985s][debug  ][gc,ergo        ] GC(72) PSAdaptiveSizePolicy::compute_eden_space_size: costs minor_time: 0.048900 major_cost: 0.035638 mutator_cost: 0.915462 throughput_goal: 0.990000
[19.985s][debug  ][gc,ergo        ] GC(72) Live_space: 871318592 free_space: 851968000
[19.985s][debug  ][gc,ergo        ] GC(72) Old eden_size: 194510848 desired_eden_size: 195035136
[19.985s][debug  ][gc,ergo        ] GC(72) AdaptiveSizeStop: collection: 73 
[19.985s][info   ][gc,heap        ] GC(72) PSYoungGen: 218738K(226304K)->30720K(226304K) Eden: 188018K(190464K)->0K(190464K) From: 30720K(35840K)->30720K(35840K)
[19.985s][info   ][gc,heap        ] GC(72) ParOldGen: 984676K(1360896K)->1128036K(1360896K)
[19.985s][info   ][gc,metaspace   ] GC(72) Metaspace: 1023K(1216K)->1023K(1216K) NonClass: 939K(1024K)->939K(1024K) Class: 83K(192K)->83K(192K)
[19.985s][info   ][gc             ] GC(72) Pause Young (Allocation Failure) 1175M->1131M(1550M) 14.069ms
[19.985s][info   ][gc,cpu         ] GC(72) User=0.14s Sys=0.00s Real=0.01s
[19.985s][debug  ][gc,heap        ] GC(72) Heap after GC invocations=73 (full 12):
[19.985s][debug  ][gc,heap        ] GC(72)  PSYoungGen      total 226304K, used 30720K [0x00000007f0000000, 0x0000000800000000, 0x0000000800000000)
[19.985s][debug  ][gc,heap        ] GC(72)   eden space 190464K, 0% used [0x00000007f0000000,0x00000007f0000000,0x00000007fba00000)
[19.985s][debug  ][gc,heap        ] GC(72)   from space 35840K, 85% used [0x00000007fba00000,0x00000007fd800030,0x00000007fdd00000)
[19.985s][debug  ][gc,heap        ] GC(72)   to   space 35840K, 0% used [0x00000007fdd00000,0x00000007fdd00000,0x0000000800000000)
[19.985s][debug  ][gc,heap        ] GC(72)  ParOldGen       total 1360896K, used 1128036K [0x0000000700000000, 0x0000000753100000, 0x00000007f0000000)
[19.985s][debug  ][gc,heap        ] GC(72)   object space 1360896K, 82% used [0x0000000700000000,0x0000000744d992d8,0x0000000753100000)
[19.985s][debug  ][gc,heap        ] GC(72)  Metaspace       used 1023K, committed 1216K, reserved 1056768K
[19.985s][debug  ][gc,heap        ] GC(72)   class space    used 83K, committed 192K, reserved 1048576K
[19.985s][debug  ][gc,task,time   ] GC(72) VM-Thread 199704820 199831304 199853271
[19.985s][debug  ][gc,phases,start] GC(73) Pre Compact
[19.985s][debug  ][gc,heap        ] GC(73) Heap before GC invocations=74 (full 13):
[19.985s][debug  ][gc,heap        ] GC(73)  PSYoungGen      total 226304K, used 30720K [0x00000007f0000000, 0x0000000800000000, 0x0000000800000000)
[19.985s][debug  ][gc,heap        ] GC(73)   eden space 190464K, 0% used [0x00000007f0000000,0x00000007f0000000,0x00000007fba00000)
[19.985s][debug  ][gc,heap        ] GC(73)   from space 35840K, 85% used [0x00000007fba00000,0x00000007fd800030,0x00000007fdd00000)
[19.986s][debug  ][gc,heap        ] GC(73)   to   space 35840K, 0% used [0x00000007fdd00000,0x00000007fdd00000,0x0000000800000000)
[19.986s][debug  ][gc,heap        ] GC(73)  ParOldGen       total 1360896K, used 1128036K [0x0000000700000000, 0x0000000753100000, 0x00000007f0000000)
[19.986s][debug  ][gc,heap        ] GC(73)   object space 1360896K, 82% used [0x0000000700000000,0x0000000744d992d8,0x0000000753100000)
[19.986s][debug  ][gc,heap        ] GC(73)  Metaspace       used 1023K, committed 1216K, reserved 1056768K
[19.986s][debug  ][gc,heap        ] GC(73)   class space    used 83K, committed 192K, reserved 1048576K
[19.986s][debug  ][gc,phases      ] GC(73) Pre Compact 0.278ms
[19.986s][info   ][gc,start       ] GC(73) Pause Full (Ergonomics)
[19.986s][info   ][gc,phases,start] GC(73) Marking Phase
[19.986s][debug  ][gc,phases,start] GC(73) Par Mark
[19.986s][debug  ][gc,phases      ] GC(73) Par Mark 0.605ms
[19.986s][debug  ][gc,phases,start] GC(73) Reference Processing
[19.986s][debug  ][gc,ref         ] GC(73) Skipped phase 1 of Reference Processing: no references
[19.986s][debug  ][gc,ref         ] GC(73) ReferenceProcessor::execute queues: 1, RefProcThreadModel::Single, marks_oops_alive: false
[19.987s][debug  ][gc,ref         ] GC(73) Skipped phase 3 of Reference Processing: no references
[19.987s][debug  ][gc,ref         ] GC(73) ReferenceProcessor::execute queues: 1, RefProcThreadModel::Single, marks_oops_alive: false
[19.987s][debug  ][gc,phases,ref  ] GC(73) Reference Processing: 0.1ms
[19.987s][debug  ][gc,phases,ref  ] GC(73)   Reconsider SoftReferences: 0.0ms
[19.987s][debug  ][gc,phases,ref  ] GC(73)     SoftRef (ms):                  skipped
[19.987s][debug  ][gc,phases,ref  ] GC(73)   Notify Soft/WeakReferences: 0.0ms
[19.987s][debug  ][gc,phases,ref  ] GC(73)     SoftRef (ms):                  Min:  0.0, Avg:  0.0, Max:  0.0, Diff:  0.0, Sum:  0.0, Workers: 10
[19.987s][debug  ][gc,phases,ref  ] GC(73)     WeakRef (ms):                  Min:  0.0, Avg:  0.0, Max:  0.0, Diff:  0.0, Sum:  0.0, Workers: 10
[19.987s][debug  ][gc,phases,ref  ] GC(73)     FinalRef (ms):                 Min:  0.0, Avg:  0.0, Max:  0.0, Diff:  0.0, Sum:  0.0, Workers: 10
[19.987s][debug  ][gc,phases,ref  ] GC(73)     Total (ms):                    Min:  0.0, Avg:  0.0, Max:  0.0, Diff:  0.0, Sum:  0.0, Workers: 10
[19.987s][debug  ][gc,phases,ref  ] GC(73)   Notify and keep alive finalizable: 0.0ms
[19.987s][debug  ][gc,phases,ref  ] GC(73)     FinalRef (ms):                 skipped
[19.987s][debug  ][gc,phases,ref  ] GC(73)   Notify PhantomReferences: 0.0ms
[19.987s][debug  ][gc,phases,ref  ] GC(73)     PhantomRef (ms):               Min:  0.0, Avg:  0.0, Max:  0.0, Diff:  0.0, Sum:  0.0, Workers: 10
[19.987s][debug  ][gc,phases,ref  ] GC(73)   SoftReference:
[19.987s][debug  ][gc,phases,ref  ] GC(73)     Discovered: 0
[19.987s][debug  ][gc,phases,ref  ] GC(73)     Cleared: 0
[19.987s][debug  ][gc,phases,ref  ] GC(73)   WeakReference:
[19.987s][debug  ][gc,phases,ref  ] GC(73)     Discovered: 73
[19.987s][debug  ][gc,phases,ref  ] GC(73)     Cleared: 73
[19.987s][debug  ][gc,phases,ref  ] GC(73)   FinalReference:
[19.987s][debug  ][gc,phases,ref  ] GC(73)     Discovered: 0
[19.987s][debug  ][gc,phases,ref  ] GC(73)     Cleared: 0
[19.987s][debug  ][gc,phases,ref  ] GC(73)   PhantomReference:
[19.987s][debug  ][gc,phases,ref  ] GC(73)     Discovered: 5
[19.987s][debug  ][gc,phases,ref  ] GC(73)     Cleared: 5
[19.987s][debug  ][gc,phases      ] GC(73) Reference Processing 0.868ms
[19.987s][debug  ][gc,phases,start] GC(73) Weak Processing
[19.987s][debug  ][gc,phases      ] GC(73)   VM Weak                        Min:  0.0, Avg:  0.0, Max:  0.0, Diff:  0.0, Sum:  0.0, Workers: 6
[19.987s][debug  ][gc,phases      ] GC(73)     Dead                           Min: 0, Avg:  0.0, Max: 0, Diff: 0, Sum: 0, Workers: 6
[19.987s][debug  ][gc,phases      ] GC(73)     Total                          Min: 0, Avg:  1.3, Max: 8, Diff: 8, Sum: 8, Workers: 6
[19.987s][debug  ][gc,phases      ] GC(73)   ObjectSynchronizer Weak        Min:  0.0, Avg:  0.0, Max:  0.0, Diff:  0.0, Sum:  0.0, Workers: 6
[19.987s][debug  ][gc,phases      ] GC(73)     Dead                           Min: 0, Avg:  0.0, Max: 0, Diff: 0, Sum: 0, Workers: 6
[19.987s][debug  ][gc,phases      ] GC(73)     Total                          Min: 0, Avg:  0.5, Max: 3, Diff: 3, Sum: 3, Workers: 6
[19.987s][debug  ][gc,phases      ] GC(73)   JVMTI Tag Weak OopStorage      Min:  0.0, Avg:  0.0, Max:  0.0, Diff:  0.0, Sum:  0.0, Workers: 6
[19.988s][debug  ][gc,phases      ] GC(73)     Dead                           Min: 0, Avg:  0.0, Max: 0, Diff: 0, Sum: 0, Workers: 6
[19.988s][debug  ][gc,phases      ] GC(73)     Total                          Min: 0, Avg:  0.0, Max: 0, Diff: 0, Sum: 0, Workers: 6
[19.988s][debug  ][gc,phases      ] GC(73)   StringTable Weak               Min:  0.0, Avg:  0.0, Max:  0.0, Diff:  0.0, Sum:  0.0, Workers: 6
[19.988s][debug  ][gc,phases      ] GC(73)     Dead                           Min: 0, Avg:  0.0, Max: 0, Diff: 0, Sum: 0, Workers: 6
[19.988s][debug  ][gc,phases      ] GC(73)     Total                          Min: 640, Avg: 892.5, Max: 1152, Diff: 512, Sum: 5355, Workers: 6
[19.988s][debug  ][gc,phases      ] GC(73)   ResolvedMethodTable Weak       Min:  0.0, Avg:  0.0, Max:  0.0, Diff:  0.0, Sum:  0.0, Workers: 6
[19.988s][debug  ][gc,phases      ] GC(73)     Dead                           Min: 0, Avg:  0.0, Max: 0, Diff: 0, Sum: 0, Workers: 6
[19.988s][debug  ][gc,phases      ] GC(73)     Total                          Min: 0, Avg: 21.7, Max: 64, Diff: 64, Sum: 130, Workers: 6
[19.988s][debug  ][gc,phases      ] GC(73)   JNI Weak                       Min:  0.0, Avg:  0.0, Max:  0.0, Diff:  0.0, Sum:  0.0, Workers: 6
[19.988s][debug  ][gc,phases      ] GC(73)     Dead                           Min: 0, Avg:  0.0, Max: 0, Diff: 0, Sum: 0, Workers: 6
[19.988s][debug  ][gc,phases      ] GC(73)     Total                          Min: 0, Avg:  0.0, Max: 0, Diff: 0, Sum: 0, Workers: 6
[19.988s][debug  ][gc,phases      ] GC(73)   StringDedup Table Weak         Min:  0.0, Avg:  0.0, Max:  0.0, Diff:  0.0, Sum:  0.0, Workers: 6
[19.988s][debug  ][gc,phases      ] GC(73)     Dead                           Min: 0, Avg:  0.0, Max: 0, Diff: 0, Sum: 0, Workers: 6
[19.988s][debug  ][gc,phases      ] GC(73)     Total                          Min: 0, Avg:  0.0, Max: 0, Diff: 0, Sum: 0, Workers: 6
[19.988s][debug  ][gc,phases      ] GC(73)   StringDedup Requests0 Weak     Min:  0.0, Avg:  0.0, Max:  0.0, Diff:  0.0, Sum:  0.0, Workers: 6
[19.988s][debug  ][gc,phases      ] GC(73)     Dead                           Min: 0, Avg:  0.0, Max: 0, Diff: 0, Sum: 0, Workers: 6
[19.988s][debug  ][gc,phases      ] GC(73)     Total                          Min: 0, Avg:  0.0, Max: 0, Diff: 0, Sum: 0, Workers: 6
[19.988s][debug  ][gc,phases      ] GC(73)   StringDedup Requests1 Weak     Min:  0.0, Avg:  0.0, Max:  0.0, Diff:  0.0, Sum:  0.0, Workers: 6
[19.988s][debug  ][gc,phases      ] GC(73)     Dead                           Min: 0, Avg:  0.0, Max: 0, Diff: 0, Sum: 0, Workers: 6
[19.988s][debug  ][gc,phases      ] GC(73)     Total                          Min: 0, Avg:  0.0, Max: 0, Diff: 0, Sum: 0, Workers: 6
[19.988s][debug  ][gc,phases      ] GC(73)   Weak JFR Old Object Samples    Min:  0.0, Avg:  0.0, Max:  0.0, Diff:  0.0, Sum:  0.0, Workers: 6
[19.988s][debug  ][gc,phases      ] GC(73)     Dead                           Min: 0, Avg:  0.0, Max: 0, Diff: 0, Sum: 0, Workers: 6
[19.988s][debug  ][gc,phases      ] GC(73)     Total                          Min: 0, Avg:  0.0, Max: 0, Diff: 0, Sum: 0, Workers: 6
[19.988s][debug  ][gc,phases      ] GC(73) Weak Processing 0.710ms
[19.988s][debug  ][gc,phases,start] GC(73) Class Unloading
[19.988s][debug  ][gc,phases,start] GC(73) ClassLoaderData
[19.988s][debug  ][gc,phases      ] GC(73) ClassLoaderData 0.020ms
[19.988s][debug  ][gc,phases,start] GC(73) Trigger cleanups
[19.988s][debug  ][gc,phases      ] GC(73) Trigger cleanups 0.019ms
[19.988s][debug  ][gc,phases      ] GC(73) Class Unloading 0.256ms
[19.988s][info   ][gc,phases      ] GC(73) Marking Phase 2.595ms
[19.988s][info   ][gc,phases,start] GC(73) Summary Phase
[19.988s][info   ][gc,phases      ] GC(73) Summary Phase 0.031ms
[19.988s][info   ][gc,phases,start] GC(73) Adjust Roots
[19.989s][info   ][gc,phases      ] GC(73) Adjust Roots 0.192ms
[19.989s][info   ][gc,phases,start] GC(73) Compaction Phase
[20.008s][info   ][gc,phases      ] GC(73) Compaction Phase 18.998ms
[20.008s][info   ][gc,phases,start] GC(73) Post Compact
[20.012s][info   ][gc,phases      ] GC(73) Post Compact 3.772ms
[20.012s][debug  ][gc,ergo        ] GC(73) AdaptiveSizeStart: collection: 74 
[20.012s][debug  ][gc,ergo        ] GC(73) PSAdaptiveSizePolicy::compute_eden_space_size limits: desired_eden_size: 218820737 old_eden_size: 195035136 eden_limit: 195035136 cur_eden: 195035136 max_eden_size: 195035136 avg_young_live: 23094878
[20.012s][debug  ][gc,ergo        ] GC(73) PSAdaptiveSizePolicy::compute_eden_space_size: costs minor_time: 0.048900 major_cost: 0.031940 mutator_cost: 0.919159 throughput_goal: 0.990000
[20.012s][debug  ][gc,ergo        ] GC(73) Live_space: 868752512 free_space: 852492288
[20.012s][debug  ][gc,ergo        ] GC(73) Old eden_size: 195035136 desired_eden_size: 195035136
[20.012s][debug  ][gc,ergo        ] GC(73) PSAdaptiveSizePolicy::compute_old_gen_free_space: costs minor_time: 0.048900 major_cost: 0.031940  mutator_cost: 0.919159 throughput_goal: 0.990000
[20.012s][debug  ][gc,ergo        ] GC(73) Live_space: 829023488 free_space: 852492288
[20.012s][debug  ][gc,ergo        ] GC(73) Old promo_size: 657457152 desired_promo_size: 712507392
[20.024s][debug  ][gc             ] GC(73) Shrinking ParOldGen from 1360896K by 246272K to 1114624K
[20.024s][debug  ][gc,ergo        ] GC(73) AdaptiveSizeStop: collection: 74 
[20.024s][info   ][gc,heap        ] GC(73) PSYoungGen: 30720K(226304K)->0K(226304K) Eden: 0K(190464K)->0K(190464K) From: 30720K(35840K)->0K(35840K)
[20.024s][info   ][gc,heap        ] GC(73) ParOldGen: 1128036K(1360896K)->175715K(1114624K)
[20.024s][info   ][gc,metaspace   ] GC(73) Metaspace: 1023K(1216K)->1023K(1216K) NonClass: 939K(1024K)->939K(1024K) Class: 83K(192K)->83K(192K)
[20.024s][info   ][gc             ] GC(73) Pause Full (Ergonomics) 1131M->171M(1309M) 38.484ms
[20.024s][info   ][gc,cpu         ] GC(73) User=0.31s Sys=0.02s Real=0.04s
[20.024s][debug  ][gc,heap        ] GC(73) Heap after GC invocations=74 (full 13):
[20.024s][debug  ][gc,heap        ] GC(73)  PSYoungGen      total 226304K, used 0K [0x00000007f0000000, 0x0000000800000000, 0x0000000800000000)
[20.024s][debug  ][gc,heap        ] GC(73)   eden space 190464K, 0% used [0x00000007f0000000,0x00000007f0000000,0x00000007fba00000)
[20.024s][debug  ][gc,heap        ] GC(73)   from space 35840K, 0% used [0x00000007fdd00000,0x00000007fdd00000,0x0000000800000000)
[20.024s][debug  ][gc,heap        ] GC(73)   to   space 35840K, 0% used [0x00000007fba00000,0x00000007fba00000,0x00000007fdd00000)
[20.024s][debug  ][gc,heap        ] GC(73)  ParOldGen       total 1114624K, used 175715K [0x0000000700000000, 0x0000000744080000, 0x00000007f0000000)
[20.024s][debug  ][gc,heap        ] GC(73)   object space 1114624K, 15% used [0x0000000700000000,0x000000070ab98d08,0x0000000744080000)
[20.024s][debug  ][gc,heap        ] GC(73)  Metaspace       used 1023K, committed 1216K, reserved 1056768K
[20.024s][debug  ][gc,heap        ] GC(73)   class space    used 83K, committed 192K, reserved 1048576K
[20.024s][debug  ][gc,task,time   ] GC(73) VM-Thread 199856983 199886167 200242052
[20.315s][debug  ][gc,heap        ] GC(74) Heap before GC invocations=75 (full 13):
[20.316s][debug  ][gc,heap        ] GC(74)  PSYoungGen      total 226304K, used 188057K [0x00000007f0000000, 0x0000000800000000, 0x0000000800000000)
[20.316s][debug  ][gc,heap        ] GC(74)   eden space 190464K, 98% used [0x00000007f0000000,0x00000007fb7a65a8,0x00000007fba00000)
[20.316s][debug  ][gc,heap        ] GC(74)   from space 35840K, 0% used [0x00000007fdd00000,0x00000007fdd00000,0x0000000800000000)
[20.316s][debug  ][gc,heap        ] GC(74)   to   space 35840K, 0% used [0x00000007fba00000,0x00000007fba00000,0x00000007fdd00000)
[20.316s][debug  ][gc,heap        ] GC(74)  ParOldGen       total 1114624K, used 175715K [0x0000000700000000, 0x0000000744080000, 0x00000007f0000000)
[20.316s][debug  ][gc,heap        ] GC(74)   object space 1114624K, 15% used [0x0000000700000000,0x000000070ab98d08,0x0000000744080000)
[20.316s][debug  ][gc,heap        ] GC(74)  Metaspace       used 1023K, committed 1216K, reserved 1056768K
[20.316s][debug  ][gc,heap        ] GC(74)   class space    used 83K, committed 192K, reserved 1048576K
[20.316s][debug  ][gc,tlab        ] GC(74) TLAB totals: thrds: 1  refills: 1 max: 1 slow allocs: 17 max 17 waste: 26.7% gc: 3826824B max: 3826824B slow: 0B max: 0B
[20.316s][info   ][gc,start       ] GC(74) Pause Young (Allocation Failure)
[20.316s][debug  ][gc,phases,start] GC(74) Scavenge
[20.329s][debug  ][gc,phases      ] GC(74) Scavenge 12.919ms
[20.329s][debug  ][gc,phases,start] GC(74) Reference Processing
[20.329s][debug  ][gc,ref         ] GC(74) Skipped phase 1 of Reference Processing: no references
[20.329s][debug  ][gc,ref         ] GC(74) Skipped phase 2 of Reference Processing: no references
[20.329s][debug  ][gc,ref         ] GC(74) Skipped phase 3 of Reference Processing: no references
[20.329s][debug  ][gc,ref         ] GC(74) Skipped phase 4 of Reference Processing: no references
[20.329s][debug  ][gc,phases,ref  ] GC(74) Reference Processing: 0.1ms
[20.329s][debug  ][gc,phases,ref  ] GC(74)   Reconsider SoftReferences: 0.0ms
[20.329s][debug  ][gc,phases,ref  ] GC(74)     SoftRef (ms):                  skipped
[20.329s][debug  ][gc,phases,ref  ] GC(74)   Notify Soft/WeakReferences: 0.0ms
[20.329s][debug  ][gc,phases,ref  ] GC(74)     SoftRef (ms):                  skipped
[20.329s][debug  ][gc,phases,ref  ] GC(74)     WeakRef (ms):                  skipped
[20.329s][debug  ][gc,phases,ref  ] GC(74)     FinalRef (ms):                 skipped
[20.329s][debug  ][gc,phases,ref  ] GC(74)     Total (ms):                    skipped
[20.329s][debug  ][gc,phases,ref  ] GC(74)   Notify and keep alive finalizable: 0.0ms
[20.329s][debug  ][gc,phases,ref  ] GC(74)     FinalRef (ms):                 skipped
[20.329s][debug  ][gc,phases,ref  ] GC(74)   Notify PhantomReferences: 0.0ms
[20.329s][debug  ][gc,phases,ref  ] GC(74)     PhantomRef (ms):               skipped
[20.329s][debug  ][gc,phases,ref  ] GC(74)   SoftReference:
[20.329s][debug  ][gc,phases,ref  ] GC(74)     Discovered: 0
[20.329s][debug  ][gc,phases,ref  ] GC(74)     Cleared: 0
[20.329s][debug  ][gc,phases,ref  ] GC(74)   WeakReference:
[20.329s][debug  ][gc,phases,ref  ] GC(74)     Discovered: 0
[20.329s][debug  ][gc,phases,ref  ] GC(74)     Cleared: 0
[20.329s][debug  ][gc,phases,ref  ] GC(74)   FinalReference:
[20.329s][debug  ][gc,phases,ref  ] GC(74)     Discovered: 0
[20.329s][debug  ][gc,phases,ref  ] GC(74)     Cleared: 0
[20.329s][debug  ][gc,phases,ref  ] GC(74)   PhantomReference:
[20.329s][debug  ][gc,phases,ref  ] GC(74)     Discovered: 0
[20.329s][debug  ][gc,phases,ref  ] GC(74)     Cleared: 0
[20.329s][debug  ][gc,phases      ] GC(74) Reference Processing 0.580ms
[20.329s][debug  ][gc,phases,start] GC(74) Weak Processing
[20.329s][debug  ][gc,phases      ] GC(74)   VM Weak                        Min:  0.0, Avg:  0.0, Max:  0.0, Diff:  0.0, Sum:  0.0, Workers: 6
[20.330s][debug  ][gc,phases      ] GC(74)     Dead                           Min: 0, Avg:  0.0, Max: 0, Diff: 0, Sum: 0, Workers: 6
[20.330s][debug  ][gc,phases      ] GC(74)     Total                          Min: 0, Avg:  1.3, Max: 8, Diff: 8, Sum: 8, Workers: 6
[20.330s][debug  ][gc,phases      ] GC(74)   ObjectSynchronizer Weak        Min:  0.0, Avg:  0.0, Max:  0.0, Diff:  0.0, Sum:  0.0, Workers: 6
[20.330s][debug  ][gc,phases      ] GC(74)     Dead                           Min: 0, Avg:  0.0, Max: 0, Diff: 0, Sum: 0, Workers: 6
[20.330s][debug  ][gc,phases      ] GC(74)     Total                          Min: 0, Avg:  0.5, Max: 3, Diff: 3, Sum: 3, Workers: 6
[20.330s][debug  ][gc,phases      ] GC(74)   JVMTI Tag Weak OopStorage      Min:  0.0, Avg:  0.0, Max:  0.0, Diff:  0.0, Sum:  0.0, Workers: 6
[20.330s][debug  ][gc,phases      ] GC(74)     Dead                           Min: 0, Avg:  0.0, Max: 0, Diff: 0, Sum: 0, Workers: 6
[20.330s][debug  ][gc,phases      ] GC(74)     Total                          Min: 0, Avg:  0.0, Max: 0, Diff: 0, Sum: 0, Workers: 6
[20.330s][debug  ][gc,phases      ] GC(74)   StringTable Weak               Min:  0.0, Avg:  0.0, Max:  0.0, Diff:  0.0, Sum:  0.0, Workers: 6
[20.330s][debug  ][gc,phases      ] GC(74)     Dead                           Min: 0, Avg:  0.0, Max: 0, Diff: 0, Sum: 0, Workers: 6
[20.330s][debug  ][gc,phases      ] GC(74)     Total                          Min: 768, Avg: 892.5, Max: 1152, Diff: 384, Sum: 5355, Workers: 6
[20.330s][debug  ][gc,phases      ] GC(74)   ResolvedMethodTable Weak       Min:  0.0, Avg:  0.0, Max:  0.0, Diff:  0.0, Sum:  0.0, Workers: 6
[20.330s][debug  ][gc,phases      ] GC(74)     Dead                           Min: 0, Avg:  0.0, Max: 0, Diff: 0, Sum: 0, Workers: 6
[20.330s][debug  ][gc,phases      ] GC(74)     Total                          Min: 0, Avg: 21.7, Max: 64, Diff: 64, Sum: 130, Workers: 6
[20.330s][debug  ][gc,phases      ] GC(74)   JNI Weak                       Min:  0.0, Avg:  0.0, Max:  0.0, Diff:  0.0, Sum:  0.0, Workers: 6
[20.330s][debug  ][gc,phases      ] GC(74)     Dead                           Min: 0, Avg:  0.0, Max: 0, Diff: 0, Sum: 0, Workers: 6
[20.330s][debug  ][gc,phases      ] GC(74)     Total                          Min: 0, Avg:  0.0, Max: 0, Diff: 0, Sum: 0, Workers: 6
[20.330s][debug  ][gc,phases      ] GC(74)   StringDedup Table Weak         Min:  0.0, Avg:  0.0, Max:  0.0, Diff:  0.0, Sum:  0.0, Workers: 6
[20.330s][debug  ][gc,phases      ] GC(74)     Dead                           Min: 0, Avg:  0.0, Max: 0, Diff: 0, Sum: 0, Workers: 6
[20.330s][debug  ][gc,phases      ] GC(74)     Total                          Min: 0, Avg:  0.0, Max: 0, Diff: 0, Sum: 0, Workers: 6
[20.330s][debug  ][gc,phases      ] GC(74)   StringDedup Requests0 Weak     Min:  0.0, Avg:  0.0, Max:  0.0, Diff:  0.0, Sum:  0.0, Workers: 6
[20.330s][debug  ][gc,phases      ] GC(74)     Dead                           Min: 0, Avg:  0.0, Max: 0, Diff: 0, Sum: 0, Workers: 6
[20.330s][debug  ][gc,phases      ] GC(74)     Total                          Min: 0, Avg:  0.0, Max: 0, Diff: 0, Sum: 0, Workers: 6
[20.330s][debug  ][gc,phases      ] GC(74)   StringDedup Requests1 Weak     Min:  0.0, Avg:  0.0, Max:  0.0, Diff:  0.0, Sum:  0.0, Workers: 6
[20.330s][debug  ][gc,phases      ] GC(74)     Dead                           Min: 0, Avg:  0.0, Max: 0, Diff: 0, Sum: 0, Workers: 6
[20.330s][debug  ][gc,phases      ] GC(74)     Total                          Min: 0, Avg:  0.0, Max: 0, Diff: 0, Sum: 0, Workers: 6
[20.330s][debug  ][gc,phases      ] GC(74)   Weak JFR Old Object Samples    Min:  0.0, Avg:  0.0, Max:  0.0, Diff:  0.0, Sum:  0.0, Workers: 6
[20.330s][debug  ][gc,phases      ] GC(74)     Dead                           Min: 0, Avg:  0.0, Max: 0, Diff: 0, Sum: 0, Workers: 6
[20.330s][debug  ][gc,phases      ] GC(74)     Total                          Min: 0, Avg:  0.0, Max: 0, Diff: 0, Sum: 0, Workers: 6
[20.330s][debug  ][gc,phases      ] GC(74) Weak Processing 0.685ms
[20.330s][debug  ][gc,ergo        ] GC(74) AdaptiveSizeStart:  collection: 75 
[20.330s][debug  ][gc,ergo        ] GC(74) avg_survived_padded_avg: 35976304.000000
[20.330s][debug  ][gc,ergo        ] GC(74) avg_promoted_padded_avg: 241228096.000000  avg_pretenured_padded_avg: 0.000000  tenuring_thresh: 1  target_size: 36175872
[20.330s][debug  ][gc,age         ] GC(74) Desired survivor size 36175872 bytes, new threshold 1 (max threshold 15)
[20.330s][debug  ][gc,ergo        ] GC(74) PSAdaptiveSizePolicy::compute_eden_space_size limits: desired_eden_size: 218452172 old_eden_size: 195035136 eden_limit: 195035136 cur_eden: 195035136 max_eden_size: 195035136 avg_young_live: 23931122
[20.330s][debug  ][gc,ergo        ] GC(74) PSAdaptiveSizePolicy::compute_eden_space_size: costs minor_time: 0.047027 major_cost: 0.031940 mutator_cost: 0.921033 throughput_goal: 0.990000
[20.330s][debug  ][gc,ergo        ] GC(74) Live_space: 829859776 free_space: 907542528
[20.330s][debug  ][gc,ergo        ] GC(74) Old eden_size: 195035136 desired_eden_size: 195035136
[20.330s][debug  ][gc,ergo        ] GC(74) AdaptiveSizeStop: collection: 75 
[20.330s][info   ][gc,heap        ] GC(74) PSYoungGen: 188057K(226304K)->30720K(226304K) Eden: 188057K(190464K)->0K(190464K) From: 0K(35840K)->30720K(35840K)
[20.330s][info   ][gc,heap        ] GC(74) ParOldGen: 175715K(1114624K)->329315K(1114624K)
[20.330s][info   ][gc,metaspace   ] GC(74) Metaspace: 1023K(1216K)->1023K(1216K) NonClass: 939K(1024K)->939K(1024K) Class: 83K(192K)->83K(192K)
[20.330s][info   ][gc             ] GC(74) Pause Young (Allocation Failure) 355M->351M(1309M) 14.618ms
[20.330s][info   ][gc,cpu         ] GC(74) User=0.16s Sys=0.00s Real=0.02s
[20.330s][debug  ][gc,heap        ] GC(74) Heap after GC invocations=75 (full 13):
[20.330s][debug  ][gc,heap        ] GC(74)  PSYoungGen      total 226304K, used 30720K [0x00000007f0000000, 0x0000000800000000, 0x0000000800000000)
[20.331s][debug  ][gc,heap        ] GC(74)   eden space 190464K, 0% used [0x00000007f0000000,0x00000007f0000000,0x00000007fba00000)
[20.331s][debug  ][gc,heap        ] GC(74)   from space 35840K, 85% used [0x00000007fba00000,0x00000007fd800030,0x00000007fdd00000)
[20.331s][debug  ][gc,heap        ] GC(74)   to   space 35328K, 0% used [0x00000007fdd80000,0x00000007fdd80000,0x0000000800000000)
[20.331s][debug  ][gc,heap        ] GC(74)  ParOldGen       total 1114624K, used 329315K [0x0000000700000000, 0x0000000744080000, 0x00000007f0000000)
[20.331s][debug  ][gc,heap        ] GC(74)   object space 1114624K, 29% used [0x0000000700000000,0x0000000714198df8,0x0000000744080000)
[20.331s][debug  ][gc,heap        ] GC(74)  Metaspace       used 1023K, committed 1216K, reserved 1056768K
[20.331s][debug  ][gc,heap        ] GC(74)   class space    used 83K, committed 192K, reserved 1048576K
[20.331s][debug  ][gc,task,time   ] GC(74) VM-Thread 203154343 203288289 203306449
[20.617s][debug  ][gc,heap        ] GC(75) Heap before GC invocations=76 (full 13):
[20.617s][debug  ][gc,heap        ] GC(75)  PSYoungGen      total 226304K, used 218703K [0x00000007f0000000, 0x0000000800000000, 0x0000000800000000)
[20.617s][debug  ][gc,heap        ] GC(75)   eden space 190464K, 98% used [0x00000007f0000000,0x00000007fb793e48,0x00000007fba00000)
[20.617s][debug  ][gc,heap        ] GC(75)   from space 35840K, 85% used [0x00000007fba00000,0x00000007fd800030,0x00000007fdd00000)
[20.617s][debug  ][gc,heap        ] GC(75)   to   space 35328K, 0% used [0x00000007fdd80000,0x00000007fdd80000,0x0000000800000000)
[20.618s][debug  ][gc,heap        ] GC(75)  ParOldGen       total 1114624K, used 329315K [0x0000000700000000, 0x0000000744080000, 0x00000007f0000000)
[20.618s][debug  ][gc,heap        ] GC(75)   object space 1114624K, 29% used [0x0000000700000000,0x0000000714198df8,0x0000000744080000)
[20.618s][debug  ][gc,heap        ] GC(75)  Metaspace       used 1023K, committed 1216K, reserved 1056768K
[20.618s][debug  ][gc,heap        ] GC(75)   class space    used 83K, committed 192K, reserved 1048576K
[20.618s][debug  ][gc,tlab        ] GC(75) TLAB totals: thrds: 1  refills: 1 max: 1 slow allocs: 17 max 17 waste: 26.3% gc: 3751208B max: 3751208B slow: 0B max: 0B
[20.618s][info   ][gc,start       ] GC(75) Pause Young (Allocation Failure)
[20.618s][debug  ][gc,phases,start] GC(75) Scavenge
[20.633s][debug  ][gc,phases      ] GC(75) Scavenge 14.868ms
[20.633s][debug  ][gc,phases,start] GC(75) Reference Processing
[20.633s][debug  ][gc,ref         ] GC(75) Skipped phase 1 of Reference Processing: no references
[20.633s][debug  ][gc,ref         ] GC(75) Skipped phase 2 of Reference Processing: no references
[20.633s][debug  ][gc,ref         ] GC(75) Skipped phase 3 of Reference Processing: no references
[20.633s][debug  ][gc,ref         ] GC(75) Skipped phase 4 of Reference Processing: no references
[20.633s][debug  ][gc,phases,ref  ] GC(75) Reference Processing: 0.1ms
[20.633s][debug  ][gc,phases,ref  ] GC(75)   Reconsider SoftReferences: 0.0ms
[20.633s][debug  ][gc,phases,ref  ] GC(75)     SoftRef (ms):                  skipped
[20.633s][debug  ][gc,phases,ref  ] GC(75)   Notify Soft/WeakReferences: 0.0ms
[20.633s][debug  ][gc,phases,ref  ] GC(75)     SoftRef (ms):                  skipped
[20.633s][debug  ][gc,phases,ref  ] GC(75)     WeakRef (ms):                  skipped
[20.633s][debug  ][gc,phases,ref  ] GC(75)     FinalRef (ms):                 skipped
[20.633s][debug  ][gc,phases,ref  ] GC(75)     Total (ms):                    skipped
[20.633s][debug  ][gc,phases,ref  ] GC(75)   Notify and keep alive finalizable: 0.0ms
[20.633s][debug  ][gc,phases,ref  ] GC(75)     FinalRef (ms):                 skipped
[20.633s][debug  ][gc,phases,ref  ] GC(75)   Notify PhantomReferences: 0.0ms
[20.633s][debug  ][gc,phases,ref  ] GC(75)     PhantomRef (ms):               skipped
[20.633s][debug  ][gc,phases,ref  ] GC(75)   SoftReference:
[20.633s][debug  ][gc,phases,ref  ] GC(75)     Discovered: 0
[20.633s][debug  ][gc,phases,ref  ] GC(75)     Cleared: 0
[20.633s][debug  ][gc,phases,ref  ] GC(75)   WeakReference:
[20.633s][debug  ][gc,phases,ref  ] GC(75)     Discovered: 0
[20.633s][debug  ][gc,phases,ref  ] GC(75)     Cleared: 0
[20.633s][debug  ][gc,phases,ref  ] GC(75)   FinalReference:
[20.633s][debug  ][gc,phases,ref  ] GC(75)     Discovered: 0
[20.633s][debug  ][gc,phases,ref  ] GC(75)     Cleared: 0
[20.633s][debug  ][gc,phases,ref  ] GC(75)   PhantomReference:
[20.633s][debug  ][gc,phases,ref  ] GC(75)     Discovered: 0
[20.633s][debug  ][gc,phases,ref  ] GC(75)     Cleared: 0
[20.633s][debug  ][gc,phases      ] GC(75) Reference Processing 0.702ms
[20.633s][debug  ][gc,phases,start] GC(75) Weak Processing
[20.634s][debug  ][gc,phases      ] GC(75)   VM Weak                        Min:  0.0, Avg:  0.0, Max:  0.0, Diff:  0.0, Sum:  0.0, Workers: 6
[20.634s][debug  ][gc,phases      ] GC(75)     Dead                           Min: 0, Avg:  0.0, Max: 0, Diff: 0, Sum: 0, Workers: 6
[20.634s][debug  ][gc,phases      ] GC(75)     Total                          Min: 0, Avg:  1.3, Max: 8, Diff: 8, Sum: 8, Workers: 6
[20.634s][debug  ][gc,phases      ] GC(75)   ObjectSynchronizer Weak        Min:  0.0, Avg:  0.0, Max:  0.0, Diff:  0.0, Sum:  0.0, Workers: 6
[20.634s][debug  ][gc,phases      ] GC(75)     Dead                           Min: 0, Avg:  0.0, Max: 0, Diff: 0, Sum: 0, Workers: 6
[20.634s][debug  ][gc,phases      ] GC(75)     Total                          Min: 0, Avg:  0.5, Max: 3, Diff: 3, Sum: 3, Workers: 6
[20.634s][debug  ][gc,phases      ] GC(75)   JVMTI Tag Weak OopStorage      Min:  0.0, Avg:  0.0, Max:  0.0, Diff:  0.0, Sum:  0.0, Workers: 6
[20.634s][debug  ][gc,phases      ] GC(75)     Dead                           Min: 0, Avg:  0.0, Max: 0, Diff: 0, Sum: 0, Workers: 6
[20.634s][debug  ][gc,phases      ] GC(75)     Total                          Min: 0, Avg:  0.0, Max: 0, Diff: 0, Sum: 0, Workers: 6
[20.634s][debug  ][gc,phases      ] GC(75)   StringTable Weak               Min:  0.0, Avg:  0.0, Max:  0.0, Diff:  0.0, Sum:  0.0, Workers: 6
[20.634s][debug  ][gc,phases      ] GC(75)     Dead                           Min: 0, Avg:  0.0, Max: 0, Diff: 0, Sum: 0, Workers: 6
[20.634s][debug  ][gc,phases      ] GC(75)     Total                          Min: 767, Avg: 892.5, Max: 1216, Diff: 449, Sum: 5355, Workers: 6
[20.634s][debug  ][gc,phases      ] GC(75)   ResolvedMethodTable Weak       Min:  0.0, Avg:  0.0, Max:  0.0, Diff:  0.0, Sum:  0.0, Workers: 6
[20.634s][debug  ][gc,phases      ] GC(75)     Dead                           Min: 0, Avg:  0.0, Max: 0, Diff: 0, Sum: 0, Workers: 6
[20.634s][debug  ][gc,phases      ] GC(75)     Total                          Min: 0, Avg: 21.7, Max: 64, Diff: 64, Sum: 130, Workers: 6
[20.634s][debug  ][gc,phases      ] GC(75)   JNI Weak                       Min:  0.0, Avg:  0.0, Max:  0.0, Diff:  0.0, Sum:  0.0, Workers: 6
[20.634s][debug  ][gc,phases      ] GC(75)     Dead                           Min: 0, Avg:  0.0, Max: 0, Diff: 0, Sum: 0, Workers: 6
[20.634s][debug  ][gc,phases      ] GC(75)     Total                          Min: 0, Avg:  0.0, Max: 0, Diff: 0, Sum: 0, Workers: 6
[20.634s][debug  ][gc,phases      ] GC(75)   StringDedup Table Weak         Min:  0.0, Avg:  0.0, Max:  0.0, Diff:  0.0, Sum:  0.0, Workers: 6
[20.634s][debug  ][gc,phases      ] GC(75)     Dead                           Min: 0, Avg:  0.0, Max: 0, Diff: 0, Sum: 0, Workers: 6
[20.634s][debug  ][gc,phases      ] GC(75)     Total                          Min: 0, Avg:  0.0, Max: 0, Diff: 0, Sum: 0, Workers: 6
[20.634s][debug  ][gc,phases      ] GC(75)   StringDedup Requests0 Weak     Min:  0.0, Avg:  0.0, Max:  0.0, Diff:  0.0, Sum:  0.0, Workers: 6
[20.634s][debug  ][gc,phases      ] GC(75)     Dead                           Min: 0, Avg:  0.0, Max: 0, Diff: 0, Sum: 0, Workers: 6
[20.634s][debug  ][gc,phases      ] GC(75)     Total                          Min: 0, Avg:  0.0, Max: 0, Diff: 0, Sum: 0, Workers: 6
[20.634s][debug  ][gc,phases      ] GC(75)   StringDedup Requests1 Weak     Min:  0.0, Avg:  0.0, Max:  0.0, Diff:  0.0, Sum:  0.0, Workers: 6
[20.634s][debug  ][gc,phases      ] GC(75)     Dead                           Min: 0, Avg:  0.0, Max: 0, Diff: 0, Sum: 0, Workers: 6
[20.634s][debug  ][gc,phases      ] GC(75)     Total                          Min: 0, Avg:  0.0, Max: 0, Diff: 0, Sum: 0, Workers: 6
[20.634s][debug  ][gc,phases      ] GC(75)   Weak JFR Old Object Samples    Min:  0.0, Avg:  0.0, Max:  0.0, Diff:  0.0, Sum:  0.0, Workers: 6
[20.634s][debug  ][gc,phases      ] GC(75)     Dead                           Min: 0, Avg:  0.0, Max: 0, Diff: 0, Sum: 0, Workers: 6
[20.634s][debug  ][gc,phases      ] GC(75)     Total                          Min: 0, Avg:  0.0, Max: 0, Diff: 0, Sum: 0, Workers: 6
[20.634s][debug  ][gc,phases      ] GC(75) Weak Processing 0.733ms
[20.634s][debug  ][gc,ergo        ] GC(75) AdaptiveSizeStart:  collection: 76 
[20.634s][debug  ][gc,ergo        ] GC(75) avg_survived_padded_avg: 35739200.000000
[20.634s][debug  ][gc,ergo        ] GC(75) avg_promoted_padded_avg: 243098592.000000  avg_pretenured_padded_avg: 0.000000  tenuring_thresh: 1  target_size: 36175872
[20.634s][debug  ][gc,age         ] GC(75) Desired survivor size 36175872 bytes, new threshold 1 (max threshold 15)
[20.634s][debug  ][gc,ergo        ] GC(75) PSAdaptiveSizePolicy::compute_eden_space_size limits: desired_eden_size: 218797980 old_eden_size: 195035136 eden_limit: 195559424 cur_eden: 195035136 max_eden_size: 195559424 avg_young_live: 24683742
[20.634s][debug  ][gc,ergo        ] GC(75) PSAdaptiveSizePolicy::compute_eden_space_size: costs minor_time: 0.048782 major_cost: 0.031940 mutator_cost: 0.919278 throughput_goal: 0.990000
[20.634s][debug  ][gc,ergo        ] GC(75) Live_space: 830612352 free_space: 907542528
[20.634s][debug  ][gc,ergo        ] GC(75) Old eden_size: 195035136 desired_eden_size: 195559424
[20.634s][debug  ][gc,ergo        ] GC(75) AdaptiveSizeStop: collection: 76 
[20.634s][info   ][gc,heap        ] GC(75) PSYoungGen: 218703K(226304K)->30720K(226816K) Eden: 187983K(190464K)->0K(191488K) From: 30720K(35840K)->30720K(35328K)
[20.634s][info   ][gc,heap        ] GC(75) ParOldGen: 329315K(1114624K)->513635K(1114624K)
[20.634s][info   ][gc,metaspace   ] GC(75) Metaspace: 1023K(1216K)->1023K(1216K) NonClass: 939K(1024K)->939K(1024K) Class: 83K(192K)->83K(192K)
[20.635s][info   ][gc             ] GC(75) Pause Young (Allocation Failure) 535M->531M(1310M) 16.772ms
[20.635s][info   ][gc,cpu         ] GC(75) User=0.16s Sys=0.00s Real=0.02s
[20.635s][debug  ][gc,heap        ] GC(75) Heap after GC invocations=76 (full 13):
[20.635s][debug  ][gc,heap        ] GC(75)  PSYoungGen      total 226816K, used 30720K [0x00000007f0000000, 0x0000000800000000, 0x0000000800000000)
[20.635s][debug  ][gc,heap        ] GC(75)   eden space 191488K, 0% used [0x00000007f0000000,0x00000007f0000000,0x00000007fbb00000)
[20.635s][debug  ][gc,heap        ] GC(75)   from space 35328K, 86% used [0x00000007fdd80000,0x00000007ffb80030,0x0000000800000000)
[20.635s][debug  ][gc,heap        ] GC(75)   to   space 35328K, 0% used [0x00000007fbb00000,0x00000007fbb00000,0x00000007fdd80000)
[20.635s][debug  ][gc,heap        ] GC(75)  ParOldGen       total 1114624K, used 513635K [0x0000000700000000, 0x0000000744080000, 0x00000007f0000000)
[20.635s][debug  ][gc,heap        ] GC(75)   object space 1114624K, 46% used [0x0000000700000000,0x000000071f598f18,0x0000000744080000)
[20.635s][debug  ][gc,heap        ] GC(75)  Metaspace       used 1023K, committed 1216K, reserved 1056768K
[20.635s][debug  ][gc,heap        ] GC(75)   class space    used 83K, committed 192K, reserved 1048576K
[20.635s][debug  ][gc,task,time   ] GC(75) VM-Thread 206171374 206327328 206347534
[20.917s][debug  ][gc,heap        ] GC(76) Heap before GC invocations=77 (full 13):
[20.918s][debug  ][gc,heap        ] GC(76)  PSYoungGen      total 226816K, used 218748K [0x00000007f0000000, 0x0000000800000000, 0x0000000800000000)
[20.918s][debug  ][gc,heap        ] GC(76)   eden space 191488K, 98% used [0x00000007f0000000,0x00000007fb79f210,0x00000007fbb00000)
[20.918s][debug  ][gc,heap        ] GC(76)   from space 35328K, 86% used [0x00000007fdd80000,0x00000007ffb80030,0x0000000800000000)
[20.918s][debug  ][gc,heap        ] GC(76)   to   space 35328K, 0% used [0x00000007fbb00000,0x00000007fbb00000,0x00000007fdd80000)
[20.918s][debug  ][gc,heap        ] GC(76)  ParOldGen       total 1114624K, used 513635K [0x0000000700000000, 0x0000000744080000, 0x00000007f0000000)
[20.918s][debug  ][gc,heap        ] GC(76)   object space 1114624K, 46% used [0x0000000700000000,0x000000071f598f18,0x0000000744080000)
[20.918s][debug  ][gc,heap        ] GC(76)  Metaspace       used 1023K, committed 1216K, reserved 1056768K
[20.918s][debug  ][gc,heap        ] GC(76)   class space    used 83K, committed 192K, reserved 1048576K
[20.918s][debug  ][gc,tlab        ] GC(76) TLAB totals: thrds: 1  refills: 1 max: 1 slow allocs: 17 max 17 waste: 26.6% gc: 3797232B max: 3797232B slow: 0B max: 0B
[20.918s][info   ][gc,start       ] GC(76) Pause Young (Allocation Failure)
[20.918s][debug  ][gc,phases,start] GC(76) Scavenge
[20.933s][debug  ][gc,phases      ] GC(76) Scavenge 14.755ms
[20.933s][debug  ][gc,phases,start] GC(76) Reference Processing
[20.933s][debug  ][gc,ref         ] GC(76) Skipped phase 1 of Reference Processing: no references
[20.933s][debug  ][gc,ref         ] GC(76) Skipped phase 2 of Reference Processing: no references
[20.933s][debug  ][gc,ref         ] GC(76) Skipped phase 3 of Reference Processing: no references
[20.933s][debug  ][gc,ref         ] GC(76) Skipped phase 4 of Reference Processing: no references
[20.933s][debug  ][gc,phases,ref  ] GC(76) Reference Processing: 0.2ms
[20.933s][debug  ][gc,phases,ref  ] GC(76)   Reconsider SoftReferences: 0.0ms
[20.933s][debug  ][gc,phases,ref  ] GC(76)     SoftRef (ms):                  skipped
[20.933s][debug  ][gc,phases,ref  ] GC(76)   Notify Soft/WeakReferences: 0.0ms
[20.933s][debug  ][gc,phases,ref  ] GC(76)     SoftRef (ms):                  skipped
[20.933s][debug  ][gc,phases,ref  ] GC(76)     WeakRef (ms):                  skipped
[20.933s][debug  ][gc,phases,ref  ] GC(76)     FinalRef (ms):                 skipped
[20.933s][debug  ][gc,phases,ref  ] GC(76)     Total (ms):                    skipped
[20.933s][debug  ][gc,phases,ref  ] GC(76)   Notify and keep alive finalizable: 0.0ms
[20.933s][debug  ][gc,phases,ref  ] GC(76)     FinalRef (ms):                 skipped
[20.933s][debug  ][gc,phases,ref  ] GC(76)   Notify PhantomReferences: 0.1ms
[20.933s][debug  ][gc,phases,ref  ] GC(76)     PhantomRef (ms):               skipped
[20.933s][debug  ][gc,phases,ref  ] GC(76)   SoftReference:
[20.933s][debug  ][gc,phases,ref  ] GC(76)     Discovered: 0
[20.933s][debug  ][gc,phases,ref  ] GC(76)     Cleared: 0
[20.933s][debug  ][gc,phases,ref  ] GC(76)   WeakReference:
[20.933s][debug  ][gc,phases,ref  ] GC(76)     Discovered: 0
[20.933s][debug  ][gc,phases,ref  ] GC(76)     Cleared: 0
[20.934s][debug  ][gc,phases,ref  ] GC(76)   FinalReference:
[20.934s][debug  ][gc,phases,ref  ] GC(76)     Discovered: 0
[20.934s][debug  ][gc,phases,ref  ] GC(76)     Cleared: 0
[20.934s][debug  ][gc,phases,ref  ] GC(76)   PhantomReference:
[20.934s][debug  ][gc,phases,ref  ] GC(76)     Discovered: 0
[20.934s][debug  ][gc,phases,ref  ] GC(76)     Cleared: 0
[20.934s][debug  ][gc,phases      ] GC(76) Reference Processing 0.908ms
[20.934s][debug  ][gc,phases,start] GC(76) Weak Processing
[20.934s][debug  ][gc,phases      ] GC(76)   VM Weak                        Min:  0.0, Avg:  0.0, Max:  0.0, Diff:  0.0, Sum:  0.0, Workers: 6
[20.934s][debug  ][gc,phases      ] GC(76)     Dead                           Min: 0, Avg:  0.0, Max: 0, Diff: 0, Sum: 0, Workers: 6
[20.934s][debug  ][gc,phases      ] GC(76)     Total                          Min: 0, Avg:  1.3, Max: 8, Diff: 8, Sum: 8, Workers: 6
[20.934s][debug  ][gc,phases      ] GC(76)   ObjectSynchronizer Weak        Min:  0.0, Avg:  0.0, Max:  0.0, Diff:  0.0, Sum:  0.0, Workers: 6
[20.934s][debug  ][gc,phases      ] GC(76)     Dead                           Min: 0, Avg:  0.0, Max: 0, Diff: 0, Sum: 0, Workers: 6
[20.934s][debug  ][gc,phases      ] GC(76)     Total                          Min: 0, Avg:  0.5, Max: 3, Diff: 3, Sum: 3, Workers: 6
[20.934s][debug  ][gc,phases      ] GC(76)   JVMTI Tag Weak OopStorage      Min:  0.0, Avg:  0.0, Max:  0.0, Diff:  0.0, Sum:  0.0, Workers: 6
[20.934s][debug  ][gc,phases      ] GC(76)     Dead                           Min: 0, Avg:  0.0, Max: 0, Diff: 0, Sum: 0, Workers: 6
[20.934s][debug  ][gc,phases      ] GC(76)     Total                          Min: 0, Avg:  0.0, Max: 0, Diff: 0, Sum: 0, Workers: 6
[20.934s][debug  ][gc,phases      ] GC(76)   StringTable Weak               Min:  0.0, Avg:  0.0, Max:  0.0, Diff:  0.0, Sum:  0.0, Workers: 6
[20.934s][debug  ][gc,phases      ] GC(76)     Dead                           Min: 0, Avg:  0.0, Max: 0, Diff: 0, Sum: 0, Workers: 6
[20.934s][debug  ][gc,phases      ] GC(76)     Total                          Min: 768, Avg: 892.5, Max: 1152, Diff: 384, Sum: 5355, Workers: 6
[20.934s][debug  ][gc,phases      ] GC(76)   ResolvedMethodTable Weak       Min:  0.0, Avg:  0.0, Max:  0.0, Diff:  0.0, Sum:  0.0, Workers: 6
[20.934s][debug  ][gc,phases      ] GC(76)     Dead                           Min: 0, Avg:  0.0, Max: 0, Diff: 0, Sum: 0, Workers: 6
[20.934s][debug  ][gc,phases      ] GC(76)     Total                          Min: 0, Avg: 21.7, Max: 64, Diff: 64, Sum: 130, Workers: 6
[20.934s][debug  ][gc,phases      ] GC(76)   JNI Weak                       Min:  0.0, Avg:  0.0, Max:  0.0, Diff:  0.0, Sum:  0.0, Workers: 6
[20.934s][debug  ][gc,phases      ] GC(76)     Dead                           Min: 0, Avg:  0.0, Max: 0, Diff: 0, Sum: 0, Workers: 6
[20.934s][debug  ][gc,phases      ] GC(76)     Total                          Min: 0, Avg:  0.0, Max: 0, Diff: 0, Sum: 0, Workers: 6
[20.934s][debug  ][gc,phases      ] GC(76)   StringDedup Table Weak         Min:  0.0, Avg:  0.0, Max:  0.0, Diff:  0.0, Sum:  0.0, Workers: 6
[20.934s][debug  ][gc,phases      ] GC(76)     Dead                           Min: 0, Avg:  0.0, Max: 0, Diff: 0, Sum: 0, Workers: 6
[20.934s][debug  ][gc,phases      ] GC(76)     Total                          Min: 0, Avg:  0.0, Max: 0, Diff: 0, Sum: 0, Workers: 6
[20.934s][debug  ][gc,phases      ] GC(76)   StringDedup Requests0 Weak     Min:  0.0, Avg:  0.0, Max:  0.0, Diff:  0.0, Sum:  0.0, Workers: 6
[20.934s][debug  ][gc,phases      ] GC(76)     Dead                           Min: 0, Avg:  0.0, Max: 0, Diff: 0, Sum: 0, Workers: 6
[20.934s][debug  ][gc,phases      ] GC(76)     Total                          Min: 0, Avg:  0.0, Max: 0, Diff: 0, Sum: 0, Workers: 6
[20.934s][debug  ][gc,phases      ] GC(76)   StringDedup Requests1 Weak     Min:  0.0, Avg:  0.0, Max:  0.0, Diff:  0.0, Sum:  0.0, Workers: 6
[20.934s][debug  ][gc,phases      ] GC(76)     Dead                           Min: 0, Avg:  0.0, Max: 0, Diff: 0, Sum: 0, Workers: 6
[20.935s][debug  ][gc,phases      ] GC(76)     Total                          Min: 0, Avg:  0.0, Max: 0, Diff: 0, Sum: 0, Workers: 6
[20.935s][debug  ][gc,phases      ] GC(76)   Weak JFR Old Object Samples    Min:  0.0, Avg:  0.0, Max:  0.0, Diff:  0.0, Sum:  0.0, Workers: 6
[20.935s][debug  ][gc,phases      ] GC(76)     Dead                           Min: 0, Avg:  0.0, Max: 0, Diff: 0, Sum: 0, Workers: 6
[20.935s][debug  ][gc,phases      ] GC(76)     Total                          Min: 0, Avg:  0.0, Max: 0, Diff: 0, Sum: 0, Workers: 6
[20.935s][debug  ][gc,phases      ] GC(76) Weak Processing 0.879ms
[20.935s][debug  ][gc,ergo        ] GC(76) AdaptiveSizeStart:  collection: 77 
[20.935s][debug  ][gc,ergo        ] GC(76) avg_survived_padded_avg: 35504332.000000
[20.935s][debug  ][gc,ergo        ] GC(76) avg_promoted_padded_avg: 244070144.000000  avg_pretenured_padded_avg: 0.000000  tenuring_thresh: 1  target_size: 35651584
[20.935s][debug  ][gc,age         ] GC(76) Desired survivor size 35651584 bytes, new threshold 1 (max threshold 15)
[20.935s][debug  ][gc,ergo        ] GC(76) PSAdaptiveSizePolicy::compute_eden_space_size limits: desired_eden_size: 220167462 old_eden_size: 195559424 eden_limit: 196083712 cur_eden: 196083712 max_eden_size: 196083712 avg_young_live: 25361100
[20.935s][debug  ][gc,ergo        ] GC(76) PSAdaptiveSizePolicy::compute_eden_space_size: costs minor_time: 0.050482 major_cost: 0.031940 mutator_cost: 0.917578 throughput_goal: 0.990000
[20.935s][debug  ][gc,ergo        ] GC(76) Live_space: 831289728 free_space: 908066816
[20.935s][debug  ][gc,ergo        ] GC(76) Old eden_size: 195559424 desired_eden_size: 196083712
[20.935s][debug  ][gc,ergo        ] GC(76) AdaptiveSizeStop: collection: 77 
[20.935s][info   ][gc,heap        ] GC(76) PSYoungGen: 218748K(226816K)->30720K(226816K) Eden: 188028K(191488K)->0K(191488K) From: 30720K(35328K)->30720K(35328K)
[20.935s][info   ][gc,heap        ] GC(76) ParOldGen: 513635K(1114624K)->697956K(1114624K)
[20.935s][info   ][gc,metaspace   ] GC(76) Metaspace: 1023K(1216K)->1023K(1216K) NonClass: 939K(1024K)->939K(1024K) Class: 83K(192K)->83K(192K)
[20.935s][info   ][gc             ] GC(76) Pause Young (Allocation Failure) 715M->711M(1310M) 17.020ms
[20.935s][info   ][gc,cpu         ] GC(76) User=0.16s Sys=0.00s Real=0.02s
[20.935s][debug  ][gc,heap        ] GC(76) Heap after GC invocations=77 (full 13):
[20.935s][debug  ][gc,heap        ] GC(76)  PSYoungGen      total 226816K, used 30720K [0x00000007f0000000, 0x0000000800000000, 0x0000000800000000)
[20.935s][debug  ][gc,heap        ] GC(76)   eden space 191488K, 0% used [0x00000007f0000000,0x00000007f0000000,0x00000007fbb00000)
[20.935s][debug  ][gc,heap        ] GC(76)   from space 35328K, 86% used [0x00000007fbb00000,0x00000007fd900030,0x00000007fdd80000)
[20.935s][debug  ][gc,heap        ] GC(76)   to   space 34816K, 0% used [0x00000007fde00000,0x00000007fde00000,0x0000000800000000)
[20.935s][debug  ][gc,heap        ] GC(76)  ParOldGen       total 1114624K, used 697956K [0x0000000700000000, 0x0000000744080000, 0x00000007f0000000)
[20.935s][debug  ][gc,heap        ] GC(76)   object space 1114624K, 62% used [0x0000000700000000,0x000000072a999038,0x0000000744080000)
[20.935s][debug  ][gc,heap        ] GC(76)  Metaspace       used 1023K, committed 1216K, reserved 1056768K
[20.935s][debug  ][gc,heap        ] GC(76)   class space    used 83K, committed 192K, reserved 1048576K
[20.935s][debug  ][gc,task,time   ] GC(76) VM-Thread 209174236 209327766 209351344
[21.218s][debug  ][gc,heap        ] GC(77) Heap before GC invocations=78 (full 13):
[21.219s][debug  ][gc,heap        ] GC(77)  PSYoungGen      total 226816K, used 218764K [0x00000007f0000000, 0x0000000800000000, 0x0000000800000000)
[21.219s][debug  ][gc,heap        ] GC(77)   eden space 191488K, 98% used [0x00000007f0000000,0x00000007fb7a3278,0x00000007fbb00000)
[21.219s][debug  ][gc,heap        ] GC(77)   from space 35328K, 86% used [0x00000007fbb00000,0x00000007fd900030,0x00000007fdd80000)
[21.219s][debug  ][gc,heap        ] GC(77)   to   space 34816K, 0% used [0x00000007fde00000,0x00000007fde00000,0x0000000800000000)
[21.219s][debug  ][gc,heap        ] GC(77)  ParOldGen       total 1114624K, used 697956K [0x0000000700000000, 0x0000000744080000, 0x00000007f0000000)
[21.219s][debug  ][gc,heap        ] GC(77)   object space 1114624K, 62% used [0x0000000700000000,0x000000072a999038,0x0000000744080000)
[21.219s][debug  ][gc,heap        ] GC(77)  Metaspace       used 1023K, committed 1216K, reserved 1056768K
[21.219s][debug  ][gc,heap        ] GC(77)   class space    used 83K, committed 192K, reserved 1048576K
[21.219s][debug  ][gc,tlab        ] GC(77) TLAB totals: thrds: 1  refills: 1 max: 1 slow allocs: 17 max 17 waste: 26.7% gc: 3813720B max: 3813720B slow: 0B max: 0B
[21.219s][info   ][gc,start       ] GC(77) Pause Young (Allocation Failure)
[21.219s][debug  ][gc,phases,start] GC(77) Scavenge
[21.234s][debug  ][gc,phases      ] GC(77) Scavenge 14.768ms
[21.234s][debug  ][gc,phases,start] GC(77) Reference Processing
[21.234s][debug  ][gc,ref         ] GC(77) Skipped phase 1 of Reference Processing: no references
[21.234s][debug  ][gc,ref         ] GC(77) Skipped phase 2 of Reference Processing: no references
[21.234s][debug  ][gc,ref         ] GC(77) Skipped phase 3 of Reference Processing: no references
[21.234s][debug  ][gc,ref         ] GC(77) Skipped phase 4 of Reference Processing: no references
[21.234s][debug  ][gc,phases,ref  ] GC(77) Reference Processing: 0.1ms
[21.234s][debug  ][gc,phases,ref  ] GC(77)   Reconsider SoftReferences: 0.0ms
[21.234s][debug  ][gc,phases,ref  ] GC(77)     SoftRef (ms):                  skipped
[21.234s][debug  ][gc,phases,ref  ] GC(77)   Notify Soft/WeakReferences: 0.0ms
[21.234s][debug  ][gc,phases,ref  ] GC(77)     SoftRef (ms):                  skipped
[21.234s][debug  ][gc,phases,ref  ] GC(77)     WeakRef (ms):                  skipped
[21.234s][debug  ][gc,phases,ref  ] GC(77)     FinalRef (ms):                 skipped
[21.234s][debug  ][gc,phases,ref  ] GC(77)     Total (ms):                    skipped
[21.234s][debug  ][gc,phases,ref  ] GC(77)   Notify and keep alive finalizable: 0.0ms
[21.234s][debug  ][gc,phases,ref  ] GC(77)     FinalRef (ms):                 skipped
[21.234s][debug  ][gc,phases,ref  ] GC(77)   Notify PhantomReferences: 0.0ms
[21.234s][debug  ][gc,phases,ref  ] GC(77)     PhantomRef (ms):               skipped
[21.234s][debug  ][gc,phases,ref  ] GC(77)   SoftReference:
[21.234s][debug  ][gc,phases,ref  ] GC(77)     Discovered: 0
[21.234s][debug  ][gc,phases,ref  ] GC(77)     Cleared: 0
[21.234s][debug  ][gc,phases,ref  ] GC(77)   WeakReference:
[21.234s][debug  ][gc,phases,ref  ] GC(77)     Discovered: 0
[21.234s][debug  ][gc,phases,ref  ] GC(77)     Cleared: 0
[21.234s][debug  ][gc,phases,ref  ] GC(77)   FinalReference:
[21.234s][debug  ][gc,phases,ref  ] GC(77)     Discovered: 0
[21.234s][debug  ][gc,phases,ref  ] GC(77)     Cleared: 0
[21.234s][debug  ][gc,phases,ref  ] GC(77)   PhantomReference:
[21.234s][debug  ][gc,phases,ref  ] GC(77)     Discovered: 0
[21.234s][debug  ][gc,phases,ref  ] GC(77)     Cleared: 0
[21.234s][debug  ][gc,phases      ] GC(77) Reference Processing 0.738ms
[21.235s][debug  ][gc,phases,start] GC(77) Weak Processing
[21.235s][debug  ][gc,phases      ] GC(77)   VM Weak                        Min:  0.0, Avg:  0.0, Max:  0.0, Diff:  0.0, Sum:  0.0, Workers: 6
[21.235s][debug  ][gc,phases      ] GC(77)     Dead                           Min: 0, Avg:  0.0, Max: 0, Diff: 0, Sum: 0, Workers: 6
[21.235s][debug  ][gc,phases      ] GC(77)     Total                          Min: 0, Avg:  1.3, Max: 8, Diff: 8, Sum: 8, Workers: 6
[21.235s][debug  ][gc,phases      ] GC(77)   ObjectSynchronizer Weak        Min:  0.0, Avg:  0.0, Max:  0.0, Diff:  0.0, Sum:  0.0, Workers: 6
[21.235s][debug  ][gc,phases      ] GC(77)     Dead                           Min: 0, Avg:  0.0, Max: 0, Diff: 0, Sum: 0, Workers: 6
[21.235s][debug  ][gc,phases      ] GC(77)     Total                          Min: 0, Avg:  0.5, Max: 3, Diff: 3, Sum: 3, Workers: 6
[21.235s][debug  ][gc,phases      ] GC(77)   JVMTI Tag Weak OopStorage      Min:  0.0, Avg:  0.0, Max:  0.0, Diff:  0.0, Sum:  0.0, Workers: 6
[21.235s][debug  ][gc,phases      ] GC(77)     Dead                           Min: 0, Avg:  0.0, Max: 0, Diff: 0, Sum: 0, Workers: 6
[21.235s][debug  ][gc,phases      ] GC(77)     Total                          Min: 0, Avg:  0.0, Max: 0, Diff: 0, Sum: 0, Workers: 6
[21.235s][debug  ][gc,phases      ] GC(77)   StringTable Weak               Min:  0.0, Avg:  0.0, Max:  0.0, Diff:  0.0, Sum:  0.0, Workers: 6
[21.235s][debug  ][gc,phases      ] GC(77)     Dead                           Min: 0, Avg:  0.0, Max: 0, Diff: 0, Sum: 0, Workers: 6
[21.235s][debug  ][gc,phases      ] GC(77)     Total                          Min: 767, Avg: 892.5, Max: 960, Diff: 193, Sum: 5355, Workers: 6
[21.235s][debug  ][gc,phases      ] GC(77)   ResolvedMethodTable Weak       Min:  0.0, Avg:  0.0, Max:  0.0, Diff:  0.0, Sum:  0.0, Workers: 6
[21.235s][debug  ][gc,phases      ] GC(77)     Dead                           Min: 0, Avg:  0.0, Max: 0, Diff: 0, Sum: 0, Workers: 6
[21.235s][debug  ][gc,phases      ] GC(77)     Total                          Min: 0, Avg: 21.7, Max: 64, Diff: 64, Sum: 130, Workers: 6
[21.235s][debug  ][gc,phases      ] GC(77)   JNI Weak                       Min:  0.0, Avg:  0.0, Max:  0.0, Diff:  0.0, Sum:  0.0, Workers: 6
[21.235s][debug  ][gc,phases      ] GC(77)     Dead                           Min: 0, Avg:  0.0, Max: 0, Diff: 0, Sum: 0, Workers: 6
[21.235s][debug  ][gc,phases      ] GC(77)     Total                          Min: 0, Avg:  0.0, Max: 0, Diff: 0, Sum: 0, Workers: 6
[21.235s][debug  ][gc,phases      ] GC(77)   StringDedup Table Weak         Min:  0.0, Avg:  0.0, Max:  0.0, Diff:  0.0, Sum:  0.0, Workers: 6
[21.235s][debug  ][gc,phases      ] GC(77)     Dead                           Min: 0, Avg:  0.0, Max: 0, Diff: 0, Sum: 0, Workers: 6
[21.235s][debug  ][gc,phases      ] GC(77)     Total                          Min: 0, Avg:  0.0, Max: 0, Diff: 0, Sum: 0, Workers: 6
[21.235s][debug  ][gc,phases      ] GC(77)   StringDedup Requests0 Weak     Min:  0.0, Avg:  0.0, Max:  0.0, Diff:  0.0, Sum:  0.0, Workers: 6
[21.235s][debug  ][gc,phases      ] GC(77)     Dead                           Min: 0, Avg:  0.0, Max: 0, Diff: 0, Sum: 0, Workers: 6
[21.235s][debug  ][gc,phases      ] GC(77)     Total                          Min: 0, Avg:  0.0, Max: 0, Diff: 0, Sum: 0, Workers: 6
[21.235s][debug  ][gc,phases      ] GC(77)   StringDedup Requests1 Weak     Min:  0.0, Avg:  0.0, Max:  0.0, Diff:  0.0, Sum:  0.0, Workers: 6
[21.235s][debug  ][gc,phases      ] GC(77)     Dead                           Min: 0, Avg:  0.0, Max: 0, Diff: 0, Sum: 0, Workers: 6
[21.235s][debug  ][gc,phases      ] GC(77)     Total                          Min: 0, Avg:  0.0, Max: 0, Diff: 0, Sum: 0, Workers: 6
[21.235s][debug  ][gc,phases      ] GC(77)   Weak JFR Old Object Samples    Min:  0.0, Avg:  0.0, Max:  0.0, Diff:  0.0, Sum:  0.0, Workers: 6
[21.235s][debug  ][gc,phases      ] GC(77)     Dead                           Min: 0, Avg:  0.0, Max: 0, Diff: 0, Sum: 0, Workers: 6
[21.235s][debug  ][gc,phases      ] GC(77)     Total                          Min: 0, Avg:  0.0, Max: 0, Diff: 0, Sum: 0, Workers: 6
[21.235s][debug  ][gc,phases      ] GC(77) Weak Processing 0.822ms
[21.235s][debug  ][gc,ergo        ] GC(77) AdaptiveSizeStart:  collection: 78 
[21.235s][debug  ][gc,ergo        ] GC(77) avg_survived_padded_avg: 35273616.000000
[21.235s][debug  ][gc,ergo        ] GC(77) avg_promoted_padded_avg: 244303824.000000  avg_pretenured_padded_avg: 0.000000  tenuring_thresh: 1  target_size: 35651584
[21.235s][debug  ][gc,age         ] GC(77) Desired survivor size 35651584 bytes, new threshold 1 (max threshold 15)
[21.235s][debug  ][gc,ergo        ] GC(77) PSAdaptiveSizePolicy::compute_eden_space_size limits: desired_eden_size: 220363631 old_eden_size: 196083712 eden_limit: 196608000 cur_eden: 196083712 max_eden_size: 196608000 avg_young_live: 25970722
[21.235s][debug  ][gc,ergo        ] GC(77) PSAdaptiveSizePolicy::compute_eden_space_size: costs minor_time: 0.051557 major_cost: 0.031940 mutator_cost: 0.916503 throughput_goal: 0.990000
[21.235s][debug  ][gc,ergo        ] GC(77) Live_space: 831899392 free_space: 908591104
[21.236s][debug  ][gc,ergo        ] GC(77) Old eden_size: 196083712 desired_eden_size: 196608000
[21.236s][debug  ][gc,ergo        ] GC(77) AdaptiveSizeStop: collection: 78 
[21.236s][info   ][gc,heap        ] GC(77) PSYoungGen: 218764K(226816K)->30720K(227328K) Eden: 188044K(191488K)->0K(192512K) From: 30720K(35328K)->30720K(34816K)
[21.236s][info   ][gc,heap        ] GC(77) ParOldGen: 697956K(1114624K)->882276K(1114624K)
[21.236s][info   ][gc,metaspace   ] GC(77) Metaspace: 1023K(1216K)->1023K(1216K) NonClass: 939K(1024K)->939K(1024K) Class: 83K(192K)->83K(192K)
[21.236s][info   ][gc             ] GC(77) Pause Young (Allocation Failure) 895M->891M(1310M) 16.805ms
[21.236s][info   ][gc,cpu         ] GC(77) User=0.16s Sys=0.00s Real=0.02s
[21.236s][debug  ][gc,heap        ] GC(77) Heap after GC invocations=78 (full 13):
[21.236s][debug  ][gc,heap        ] GC(77)  PSYoungGen      total 227328K, used 30720K [0x00000007f0000000, 0x0000000800000000, 0x0000000800000000)
[21.236s][debug  ][gc,heap        ] GC(77)   eden space 192512K, 0% used [0x00000007f0000000,0x00000007f0000000,0x00000007fbc00000)
[21.236s][debug  ][gc,heap        ] GC(77)   from space 34816K, 88% used [0x00000007fde00000,0x00000007ffc00030,0x0000000800000000)
[21.236s][debug  ][gc,heap        ] GC(77)   to   space 34816K, 0% used [0x00000007fbc00000,0x00000007fbc00000,0x00000007fde00000)
[21.236s][debug  ][gc,heap        ] GC(77)  ParOldGen       total 1114624K, used 882276K [0x0000000700000000, 0x0000000744080000, 0x00000007f0000000)
[21.236s][debug  ][gc,heap        ] GC(77)   object space 1114624K, 79% used [0x0000000700000000,0x0000000735d99158,0x0000000744080000)
[21.236s][debug  ][gc,heap        ] GC(77)  Metaspace       used 1023K, committed 1216K, reserved 1056768K
[21.236s][debug  ][gc,heap        ] GC(77)   class space    used 83K, committed 192K, reserved 1048576K
[21.236s][debug  ][gc,task,time   ] GC(77) VM-Thread 212184209 212337370 212358877
[21.236s][debug  ][gc,phases,start] GC(78) Pre Compact
[21.236s][debug  ][gc,heap        ] GC(78) Heap before GC invocations=79 (full 14):
[21.236s][debug  ][gc,heap        ] GC(78)  PSYoungGen      total 227328K, used 30720K [0x00000007f0000000, 0x0000000800000000, 0x0000000800000000)
[21.236s][debug  ][gc,heap        ] GC(78)   eden space 192512K, 0% used [0x00000007f0000000,0x00000007f0000000,0x00000007fbc00000)
[21.236s][debug  ][gc,heap        ] GC(78)   from space 34816K, 88% used [0x00000007fde00000,0x00000007ffc00030,0x0000000800000000)
[21.236s][debug  ][gc,heap        ] GC(78)   to   space 34816K, 0% used [0x00000007fbc00000,0x00000007fbc00000,0x00000007fde00000)
[21.236s][debug  ][gc,heap        ] GC(78)  ParOldGen       total 1114624K, used 882276K [0x0000000700000000, 0x0000000744080000, 0x00000007f0000000)
[21.236s][debug  ][gc,heap        ] GC(78)   object space 1114624K, 79% used [0x0000000700000000,0x0000000735d99158,0x0000000744080000)
[21.236s][debug  ][gc,heap        ] GC(78)  Metaspace       used 1023K, committed 1216K, reserved 1056768K
[21.236s][debug  ][gc,heap        ] GC(78)   class space    used 83K, committed 192K, reserved 1048576K
[21.236s][debug  ][gc,phases      ] GC(78) Pre Compact 0.205ms
[21.236s][info   ][gc,start       ] GC(78) Pause Full (Ergonomics)
[21.236s][info   ][gc,phases,start] GC(78) Marking Phase
[21.236s][debug  ][gc,phases,start] GC(78) Par Mark
[21.237s][debug  ][gc,phases      ] GC(78) Par Mark 0.488ms
[21.237s][debug  ][gc,phases,start] GC(78) Reference Processing
[21.237s][debug  ][gc,ref         ] GC(78) Skipped phase 1 of Reference Processing: no references
[21.237s][debug  ][gc,ref         ] GC(78) ReferenceProcessor::execute queues: 1, RefProcThreadModel::Single, marks_oops_alive: false
[21.237s][debug  ][gc,ref         ] GC(78) Skipped phase 3 of Reference Processing: no references
[21.237s][debug  ][gc,ref         ] GC(78) ReferenceProcessor::execute queues: 1, RefProcThreadModel::Single, marks_oops_alive: false
[21.237s][debug  ][gc,phases,ref  ] GC(78) Reference Processing: 0.1ms
[21.237s][debug  ][gc,phases,ref  ] GC(78)   Reconsider SoftReferences: 0.0ms
[21.237s][debug  ][gc,phases,ref  ] GC(78)     SoftRef (ms):                  skipped
[21.237s][debug  ][gc,phases,ref  ] GC(78)   Notify Soft/WeakReferences: 0.0ms
[21.237s][debug  ][gc,phases,ref  ] GC(78)     SoftRef (ms):                  Min:  0.0, Avg:  0.0, Max:  0.0, Diff:  0.0, Sum:  0.0, Workers: 10
[21.237s][debug  ][gc,phases,ref  ] GC(78)     WeakRef (ms):                  Min:  0.0, Avg:  0.0, Max:  0.0, Diff:  0.0, Sum:  0.0, Workers: 10
[21.237s][debug  ][gc,phases,ref  ] GC(78)     FinalRef (ms):                 Min:  0.0, Avg:  0.0, Max:  0.0, Diff:  0.0, Sum:  0.0, Workers: 10
[21.237s][debug  ][gc,phases,ref  ] GC(78)     Total (ms):                    Min:  0.0, Avg:  0.0, Max:  0.0, Diff:  0.0, Sum:  0.0, Workers: 10
[21.237s][debug  ][gc,phases,ref  ] GC(78)   Notify and keep alive finalizable: 0.0ms
[21.237s][debug  ][gc,phases,ref  ] GC(78)     FinalRef (ms):                 skipped
[21.237s][debug  ][gc,phases,ref  ] GC(78)   Notify PhantomReferences: 0.0ms
[21.237s][debug  ][gc,phases,ref  ] GC(78)     PhantomRef (ms):               Min:  0.0, Avg:  0.0, Max:  0.0, Diff:  0.0, Sum:  0.0, Workers: 10
[21.237s][debug  ][gc,phases,ref  ] GC(78)   SoftReference:
[21.237s][debug  ][gc,phases,ref  ] GC(78)     Discovered: 0
[21.237s][debug  ][gc,phases,ref  ] GC(78)     Cleared: 0
[21.237s][debug  ][gc,phases,ref  ] GC(78)   WeakReference:
[21.237s][debug  ][gc,phases,ref  ] GC(78)     Discovered: 78
[21.237s][debug  ][gc,phases,ref  ] GC(78)     Cleared: 78
[21.237s][debug  ][gc,phases,ref  ] GC(78)   FinalReference:
[21.237s][debug  ][gc,phases,ref  ] GC(78)     Discovered: 0
[21.237s][debug  ][gc,phases,ref  ] GC(78)     Cleared: 0
[21.237s][debug  ][gc,phases,ref  ] GC(78)   PhantomReference:
[21.237s][debug  ][gc,phases,ref  ] GC(78)     Discovered: 3
[21.237s][debug  ][gc,phases,ref  ] GC(78)     Cleared: 3
[21.237s][debug  ][gc,phases      ] GC(78) Reference Processing 0.571ms
[21.237s][debug  ][gc,phases,start] GC(78) Weak Processing
[21.237s][debug  ][gc,phases      ] GC(78)   VM Weak                        Min:  0.0, Avg:  0.0, Max:  0.0, Diff:  0.0, Sum:  0.0, Workers: 6
[21.237s][debug  ][gc,phases      ] GC(78)     Dead                           Min: 0, Avg:  0.0, Max: 0, Diff: 0, Sum: 0, Workers: 6
[21.237s][debug  ][gc,phases      ] GC(78)     Total                          Min: 0, Avg:  1.3, Max: 8, Diff: 8, Sum: 8, Workers: 6
[21.237s][debug  ][gc,phases      ] GC(78)   ObjectSynchronizer Weak        Min:  0.0, Avg:  0.0, Max:  0.0, Diff:  0.0, Sum:  0.0, Workers: 6
[21.237s][debug  ][gc,phases      ] GC(78)     Dead                           Min: 0, Avg:  0.0, Max: 0, Diff: 0, Sum: 0, Workers: 6
[21.237s][debug  ][gc,phases      ] GC(78)     Total                          Min: 0, Avg:  0.5, Max: 3, Diff: 3, Sum: 3, Workers: 6
[21.237s][debug  ][gc,phases      ] GC(78)   JVMTI Tag Weak OopStorage      Min:  0.0, Avg:  0.0, Max:  0.0, Diff:  0.0, Sum:  0.0, Workers: 6
[21.238s][debug  ][gc,phases      ] GC(78)     Dead                           Min: 0, Avg:  0.0, Max: 0, Diff: 0, Sum: 0, Workers: 6
[21.238s][debug  ][gc,phases      ] GC(78)     Total                          Min: 0, Avg:  0.0, Max: 0, Diff: 0, Sum: 0, Workers: 6
[21.238s][debug  ][gc,phases      ] GC(78)   StringTable Weak               Min:  0.0, Avg:  0.0, Max:  0.0, Diff:  0.0, Sum:  0.0, Workers: 6
[21.238s][debug  ][gc,phases      ] GC(78)     Dead                           Min: 0, Avg:  0.0, Max: 0, Diff: 0, Sum: 0, Workers: 6
[21.238s][debug  ][gc,phases      ] GC(78)     Total                          Min: 703, Avg: 892.5, Max: 1344, Diff: 641, Sum: 5355, Workers: 6
[21.238s][debug  ][gc,phases      ] GC(78)   ResolvedMethodTable Weak       Min:  0.0, Avg:  0.0, Max:  0.0, Diff:  0.0, Sum:  0.0, Workers: 6
[21.238s][debug  ][gc,phases      ] GC(78)     Dead                           Min: 0, Avg:  0.0, Max: 0, Diff: 0, Sum: 0, Workers: 6
[21.238s][debug  ][gc,phases      ] GC(78)     Total                          Min: 0, Avg: 21.7, Max: 64, Diff: 64, Sum: 130, Workers: 6
[21.238s][debug  ][gc,phases      ] GC(78)   JNI Weak                       Min:  0.0, Avg:  0.0, Max:  0.0, Diff:  0.0, Sum:  0.0, Workers: 6
[21.238s][debug  ][gc,phases      ] GC(78)     Dead                           Min: 0, Avg:  0.0, Max: 0, Diff: 0, Sum: 0, Workers: 6
[21.238s][debug  ][gc,phases      ] GC(78)     Total                          Min: 0, Avg:  0.0, Max: 0, Diff: 0, Sum: 0, Workers: 6
[21.238s][debug  ][gc,phases      ] GC(78)   StringDedup Table Weak         Min:  0.0, Avg:  0.0, Max:  0.0, Diff:  0.0, Sum:  0.0, Workers: 6
[21.238s][debug  ][gc,phases      ] GC(78)     Dead                           Min: 0, Avg:  0.0, Max: 0, Diff: 0, Sum: 0, Workers: 6
[21.238s][debug  ][gc,phases      ] GC(78)     Total                          Min: 0, Avg:  0.0, Max: 0, Diff: 0, Sum: 0, Workers: 6
[21.238s][debug  ][gc,phases      ] GC(78)   StringDedup Requests0 Weak     Min:  0.0, Avg:  0.0, Max:  0.0, Diff:  0.0, Sum:  0.0, Workers: 6
[21.238s][debug  ][gc,phases      ] GC(78)     Dead                           Min: 0, Avg:  0.0, Max: 0, Diff: 0, Sum: 0, Workers: 6
[21.238s][debug  ][gc,phases      ] GC(78)     Total                          Min: 0, Avg:  0.0, Max: 0, Diff: 0, Sum: 0, Workers: 6
[21.238s][debug  ][gc,phases      ] GC(78)   StringDedup Requests1 Weak     Min:  0.0, Avg:  0.0, Max:  0.0, Diff:  0.0, Sum:  0.0, Workers: 6
[21.238s][debug  ][gc,phases      ] GC(78)     Dead                           Min: 0, Avg:  0.0, Max: 0, Diff: 0, Sum: 0, Workers: 6
[21.238s][debug  ][gc,phases      ] GC(78)     Total                          Min: 0, Avg:  0.0, Max: 0, Diff: 0, Sum: 0, Workers: 6
[21.238s][debug  ][gc,phases      ] GC(78)   Weak JFR Old Object Samples    Min:  0.0, Avg:  0.0, Max:  0.0, Diff:  0.0, Sum:  0.0, Workers: 6
[21.238s][debug  ][gc,phases      ] GC(78)     Dead                           Min: 0, Avg:  0.0, Max: 0, Diff: 0, Sum: 0, Workers: 6
[21.238s][debug  ][gc,phases      ] GC(78)     Total                          Min: 0, Avg:  0.0, Max: 0, Diff: 0, Sum: 0, Workers: 6
[21.238s][debug  ][gc,phases      ] GC(78) Weak Processing 0.673ms
[21.238s][debug  ][gc,phases,start] GC(78) Class Unloading
[21.238s][debug  ][gc,phases,start] GC(78) ClassLoaderData
[21.238s][debug  ][gc,phases      ] GC(78) ClassLoaderData 0.019ms
[21.238s][debug  ][gc,phases,start] GC(78) Trigger cleanups
[21.238s][debug  ][gc,phases      ] GC(78) Trigger cleanups 0.019ms
[21.238s][debug  ][gc,phases      ] GC(78) Class Unloading 0.252ms
[21.238s][info   ][gc,phases      ] GC(78) Marking Phase 2.095ms
[21.238s][info   ][gc,phases,start] GC(78) Summary Phase
[21.238s][info   ][gc,phases      ] GC(78) Summary Phase 0.032ms
[21.238s][info   ][gc,phases,start] GC(78) Adjust Roots
[21.238s][info   ][gc,phases      ] GC(78) Adjust Roots 0.146ms
[21.239s][info   ][gc,phases,start] GC(78) Compaction Phase
[21.242s][info   ][gc,phases      ] GC(78) Compaction Phase 3.519ms
[21.242s][info   ][gc,phases,start] GC(78) Post Compact
[21.245s][info   ][gc,phases      ] GC(78) Post Compact 2.733ms
[21.245s][debug  ][gc,ergo        ] GC(78) AdaptiveSizeStart: collection: 79 
[21.245s][debug  ][gc,ergo        ] GC(78) PSAdaptiveSizePolicy::compute_eden_space_size limits: desired_eden_size: 223710701 old_eden_size: 196608000 eden_limit: 197132288 cur_eden: 197132288 max_eden_size: 197132288 avg_young_live: 23373650
[21.245s][debug  ][gc,ergo        ] GC(78) PSAdaptiveSizePolicy::compute_eden_space_size: costs minor_time: 0.051557 major_cost: 0.025736 mutator_cost: 0.922707 throughput_goal: 0.990000
[21.245s][debug  ][gc,ergo        ] GC(78) Live_space: 829302272 free_space: 909115392
[21.245s][debug  ][gc,ergo        ] GC(78) Old eden_size: 196608000 desired_eden_size: 197132288
[21.245s][debug  ][gc,ergo        ] GC(78) PSAdaptiveSizePolicy::compute_old_gen_free_space: costs minor_time: 0.051557 major_cost: 0.025736  mutator_cost: 0.922707 throughput_goal: 0.990000
[21.245s][debug  ][gc,ergo        ] GC(78) Live_space: 869043840 free_space: 909639680
[21.245s][debug  ][gc,ergo        ] GC(78) Old promo_size: 712507392 desired_promo_size: 762839040
[21.247s][debug  ][gc             ] GC(78) Expanding ParOldGen from 1114624K by 782336K to 1896960K
[21.247s][debug  ][gc,ergo        ] GC(78) AdaptiveSizeStop: collection: 79 
[21.247s][info   ][gc,heap        ] GC(78) PSYoungGen: 30720K(227328K)->0K(227328K) Eden: 0K(192512K)->0K(192512K) From: 30720K(34816K)->0K(34816K)
[21.247s][info   ][gc,heap        ] GC(78) ParOldGen: 882276K(1114624K)->912996K(1896960K)
[21.247s][info   ][gc,metaspace   ] GC(78) Metaspace: 1023K(1216K)->1023K(1216K) NonClass: 939K(1024K)->939K(1024K) Class: 83K(192K)->83K(192K)
[21.247s][info   ][gc             ] GC(78) Pause Full (Ergonomics) 891M->891M(2074M) 10.625ms
[21.247s][info   ][gc,cpu         ] GC(78) User=0.14s Sys=0.00s Real=0.01s
[21.247s][debug  ][gc,heap        ] GC(78) Heap after GC invocations=79 (full 14):
[21.247s][debug  ][gc,heap        ] GC(78)  PSYoungGen      total 227328K, used 0K [0x00000007f0000000, 0x0000000800000000, 0x0000000800000000)
[21.247s][debug  ][gc,heap        ] GC(78)   eden space 192512K, 0% used [0x00000007f0000000,0x00000007f0000000,0x00000007fbc00000)
[21.247s][debug  ][gc,heap        ] GC(78)   from space 34816K, 0% used [0x00000007fbc00000,0x00000007fbc00000,0x00000007fde00000)
[21.247s][debug  ][gc,heap        ] GC(78)   to   space 34816K, 0% used [0x00000007fde00000,0x00000007fde00000,0x0000000800000000)
[21.247s][debug  ][gc,heap        ] GC(78)  ParOldGen       total 1896960K, used 912996K [0x0000000700000000, 0x0000000773c80000, 0x00000007f0000000)
[21.247s][debug  ][gc,heap        ] GC(78)   object space 1896960K, 48% used [0x0000000700000000,0x0000000737b99188,0x0000000773c80000)
[21.247s][debug  ][gc,heap        ] GC(78)  Metaspace       used 1023K, committed 1216K, reserved 1056768K
[21.247s][debug  ][gc,heap        ] GC(78)   class space    used 83K, committed 192K, reserved 1048576K
[21.247s][debug  ][gc,task,time   ] GC(78) VM-Thread 212361608 212385307 212468127
[21.535s][debug  ][gc,heap        ] GC(79) Heap before GC invocations=80 (full 14):
[21.535s][debug  ][gc,heap        ] GC(79)  PSYoungGen      total 227328K, used 188074K [0x00000007f0000000, 0x0000000800000000, 0x0000000800000000)
[21.535s][debug  ][gc,heap        ] GC(79)   eden space 192512K, 97% used [0x00000007f0000000,0x00000007fb7aabc0,0x00000007fbc00000)
[21.535s][debug  ][gc,heap        ] GC(79)   from space 34816K, 0% used [0x00000007fbc00000,0x00000007fbc00000,0x00000007fde00000)
[21.535s][debug  ][gc,heap        ] GC(79)   to   space 34816K, 0% used [0x00000007fde00000,0x00000007fde00000,0x0000000800000000)
[21.535s][debug  ][gc,heap        ] GC(79)  ParOldGen       total 1896960K, used 912996K [0x0000000700000000, 0x0000000773c80000, 0x00000007f0000000)
[21.535s][debug  ][gc,heap        ] GC(79)   object space 1896960K, 48% used [0x0000000700000000,0x0000000737b99188,0x0000000773c80000)
[21.535s][debug  ][gc,heap        ] GC(79)  Metaspace       used 1024K, committed 1216K, reserved 1056768K
[21.535s][debug  ][gc,heap        ] GC(79)   class space    used 83K, committed 192K, reserved 1048576K
[21.535s][debug  ][gc,tlab        ] GC(79) TLAB totals: thrds: 1  refills: 1 max: 1 slow allocs: 17 max 17 waste: 26.8% gc: 3843704B max: 3843704B slow: 0B max: 0B
[21.535s][info   ][gc,start       ] GC(79) Pause Young (Allocation Failure)
[21.535s][debug  ][gc,phases,start] GC(79) Scavenge
[21.541s][debug  ][gc,phases      ] GC(79) Scavenge 5.540ms
[21.541s][debug  ][gc,phases,start] GC(79) Reference Processing
[21.541s][debug  ][gc,ref         ] GC(79) Skipped phase 1 of Reference Processing: no references
[21.541s][debug  ][gc,ref         ] GC(79) Skipped phase 2 of Reference Processing: no references
[21.541s][debug  ][gc,ref         ] GC(79) Skipped phase 3 of Reference Processing: no references
[21.541s][debug  ][gc,ref         ] GC(79) Skipped phase 4 of Reference Processing: no references
[21.541s][debug  ][gc,phases,ref  ] GC(79) Reference Processing: 0.1ms
[21.541s][debug  ][gc,phases,ref  ] GC(79)   Reconsider SoftReferences: 0.0ms
[21.541s][debug  ][gc,phases,ref  ] GC(79)     SoftRef (ms):                  skipped
[21.541s][debug  ][gc,phases,ref  ] GC(79)   Notify Soft/WeakReferences: 0.0ms
[21.541s][debug  ][gc,phases,ref  ] GC(79)     SoftRef (ms):                  skipped
[21.541s][debug  ][gc,phases,ref  ] GC(79)     WeakRef (ms):                  skipped
[21.541s][debug  ][gc,phases,ref  ] GC(79)     FinalRef (ms):                 skipped
[21.541s][debug  ][gc,phases,ref  ] GC(79)     Total (ms):                    skipped
[21.541s][debug  ][gc,phases,ref  ] GC(79)   Notify and keep alive finalizable: 0.0ms
[21.541s][debug  ][gc,phases,ref  ] GC(79)     FinalRef (ms):                 skipped
[21.541s][debug  ][gc,phases,ref  ] GC(79)   Notify PhantomReferences: 0.0ms
[21.541s][debug  ][gc,phases,ref  ] GC(79)     PhantomRef (ms):               skipped
[21.542s][debug  ][gc,phases,ref  ] GC(79)   SoftReference:
[21.542s][debug  ][gc,phases,ref  ] GC(79)     Discovered: 0
[21.542s][debug  ][gc,phases,ref  ] GC(79)     Cleared: 0
[21.542s][debug  ][gc,phases,ref  ] GC(79)   WeakReference:
[21.542s][debug  ][gc,phases,ref  ] GC(79)     Discovered: 0
[21.542s][debug  ][gc,phases,ref  ] GC(79)     Cleared: 0
[21.542s][debug  ][gc,phases,ref  ] GC(79)   FinalReference:
[21.542s][debug  ][gc,phases,ref  ] GC(79)     Discovered: 0
[21.542s][debug  ][gc,phases,ref  ] GC(79)     Cleared: 0
[21.542s][debug  ][gc,phases,ref  ] GC(79)   PhantomReference:
[21.542s][debug  ][gc,phases,ref  ] GC(79)     Discovered: 0
[21.542s][debug  ][gc,phases,ref  ] GC(79)     Cleared: 0
[21.542s][debug  ][gc,phases      ] GC(79) Reference Processing 0.674ms
[21.542s][debug  ][gc,phases,start] GC(79) Weak Processing
[21.542s][debug  ][gc,phases      ] GC(79)   VM Weak                        Min:  0.0, Avg:  0.0, Max:  0.0, Diff:  0.0, Sum:  0.0, Workers: 6
[21.542s][debug  ][gc,phases      ] GC(79)     Dead                           Min: 0, Avg:  0.0, Max: 0, Diff: 0, Sum: 0, Workers: 6
[21.542s][debug  ][gc,phases      ] GC(79)     Total                          Min: 0, Avg:  1.3, Max: 8, Diff: 8, Sum: 8, Workers: 6
[21.542s][debug  ][gc,phases      ] GC(79)   ObjectSynchronizer Weak        Min:  0.0, Avg:  0.0, Max:  0.0, Diff:  0.0, Sum:  0.0, Workers: 6
[21.542s][debug  ][gc,phases      ] GC(79)     Dead                           Min: 0, Avg:  0.0, Max: 0, Diff: 0, Sum: 0, Workers: 6
[21.542s][debug  ][gc,phases      ] GC(79)     Total                          Min: 0, Avg:  0.5, Max: 3, Diff: 3, Sum: 3, Workers: 6
[21.542s][debug  ][gc,phases      ] GC(79)   JVMTI Tag Weak OopStorage      Min:  0.0, Avg:  0.0, Max:  0.0, Diff:  0.0, Sum:  0.0, Workers: 6
[21.542s][debug  ][gc,phases      ] GC(79)     Dead                           Min: 0, Avg:  0.0, Max: 0, Diff: 0, Sum: 0, Workers: 6
[21.542s][debug  ][gc,phases      ] GC(79)     Total                          Min: 0, Avg:  0.0, Max: 0, Diff: 0, Sum: 0, Workers: 6
[21.542s][debug  ][gc,phases      ] GC(79)   StringTable Weak               Min:  0.0, Avg:  0.0, Max:  0.0, Diff:  0.0, Sum:  0.0, Workers: 6
[21.542s][debug  ][gc,phases      ] GC(79)     Dead                           Min: 0, Avg:  0.0, Max: 0, Diff: 0, Sum: 0, Workers: 6
[21.542s][debug  ][gc,phases      ] GC(79)     Total                          Min: 640, Avg: 892.5, Max: 1152, Diff: 512, Sum: 5355, Workers: 6
[21.542s][debug  ][gc,phases      ] GC(79)   ResolvedMethodTable Weak       Min:  0.0, Avg:  0.0, Max:  0.0, Diff:  0.0, Sum:  0.0, Workers: 6
[21.542s][debug  ][gc,phases      ] GC(79)     Dead                           Min: 0, Avg:  0.0, Max: 0, Diff: 0, Sum: 0, Workers: 6
[21.542s][debug  ][gc,phases      ] GC(79)     Total                          Min: 0, Avg: 21.7, Max: 64, Diff: 64, Sum: 130, Workers: 6
[21.542s][debug  ][gc,phases      ] GC(79)   JNI Weak                       Min:  0.0, Avg:  0.0, Max:  0.0, Diff:  0.0, Sum:  0.0, Workers: 6
[21.542s][debug  ][gc,phases      ] GC(79)     Dead                           Min: 0, Avg:  0.0, Max: 0, Diff: 0, Sum: 0, Workers: 6
[21.542s][debug  ][gc,phases      ] GC(79)     Total                          Min: 0, Avg:  0.0, Max: 0, Diff: 0, Sum: 0, Workers: 6
[21.542s][debug  ][gc,phases      ] GC(79)   StringDedup Table Weak         Min:  0.0, Avg:  0.0, Max:  0.0, Diff:  0.0, Sum:  0.0, Workers: 6
[21.542s][debug  ][gc,phases      ] GC(79)     Dead                           Min: 0, Avg:  0.0, Max: 0, Diff: 0, Sum: 0, Workers: 6
[21.542s][debug  ][gc,phases      ] GC(79)     Total                          Min: 0, Avg:  0.0, Max: 0, Diff: 0, Sum: 0, Workers: 6
[21.542s][debug  ][gc,phases      ] GC(79)   StringDedup Requests0 Weak     Min:  0.0, Avg:  0.0, Max:  0.0, Diff:  0.0, Sum:  0.0, Workers: 6
[21.542s][debug  ][gc,phases      ] GC(79)     Dead                           Min: 0, Avg:  0.0, Max: 0, Diff: 0, Sum: 0, Workers: 6
[21.542s][debug  ][gc,phases      ] GC(79)     Total                          Min: 0, Avg:  0.0, Max: 0, Diff: 0, Sum: 0, Workers: 6
[21.542s][debug  ][gc,phases      ] GC(79)   StringDedup Requests1 Weak     Min:  0.0, Avg:  0.0, Max:  0.0, Diff:  0.0, Sum:  0.0, Workers: 6
[21.542s][debug  ][gc,phases      ] GC(79)     Dead                           Min: 0, Avg:  0.0, Max: 0, Diff: 0, Sum: 0, Workers: 6
[21.543s][debug  ][gc,phases      ] GC(79)     Total                          Min: 0, Avg:  0.0, Max: 0, Diff: 0, Sum: 0, Workers: 6
[21.543s][debug  ][gc,phases      ] GC(79)   Weak JFR Old Object Samples    Min:  0.0, Avg:  0.0, Max:  0.0, Diff:  0.0, Sum:  0.0, Workers: 6
[21.543s][debug  ][gc,phases      ] GC(79)     Dead                           Min: 0, Avg:  0.0, Max: 0, Diff: 0, Sum: 0, Workers: 6
[21.543s][debug  ][gc,phases      ] GC(79)     Total                          Min: 0, Avg:  0.0, Max: 0, Diff: 0, Sum: 0, Workers: 6
[21.543s][debug  ][gc,phases      ] GC(79) Weak Processing 0.795ms
[21.543s][debug  ][gc,ergo        ] GC(79) AdaptiveSizeStart:  collection: 80 
[21.543s][debug  ][gc,ergo        ] GC(79) avg_survived_padded_avg: 35048576.000000
[21.543s][debug  ][gc,ergo        ] GC(79) avg_promoted_padded_avg: 258514304.000000  avg_pretenured_padded_avg: 0.000000  tenuring_thresh: 1  target_size: 35127296
[21.543s][debug  ][gc,age         ] GC(79) Desired survivor size 35127296 bytes, new threshold 1 (max threshold 15)
[21.543s][debug  ][gc,ergo        ] GC(79) PSAdaptiveSizePolicy::compute_eden_space_size limits: desired_eden_size: 222372942 old_eden_size: 197132288 eden_limit: 197132288 cur_eden: 197132288 max_eden_size: 197132288 avg_young_live: 24182018
[21.543s][debug  ][gc,ergo        ] GC(79) PSAdaptiveSizePolicy::compute_eden_space_size: costs minor_time: 0.044477 major_cost: 0.025736 mutator_cost: 0.929786 throughput_goal: 0.990000
[21.543s][debug  ][gc,ergo        ] GC(79) Live_space: 869852160 free_space: 959971328
[21.543s][debug  ][gc,ergo        ] GC(79) Old eden_size: 197132288 desired_eden_size: 197132288
[21.543s][debug  ][gc,ergo        ] GC(79) AdaptiveSizeStop: collection: 80 
[21.543s][info   ][gc,heap        ] GC(79) PSYoungGen: 188074K(227328K)->30720K(227840K) Eden: 188074K(192512K)->0K(193024K) From: 0K(34816K)->30720K(34816K)
[21.543s][info   ][gc,heap        ] GC(79) ParOldGen: 912996K(1896960K)->953956K(1896960K)
[21.543s][info   ][gc,metaspace   ] GC(79) Metaspace: 1024K(1216K)->1024K(1216K) NonClass: 940K(1024K)->940K(1024K) Class: 83K(192K)->83K(192K)
[21.543s][info   ][gc             ] GC(79) Pause Young (Allocation Failure) 1075M->961M(2075M) 7.511ms
[21.543s][info   ][gc,cpu         ] GC(79) User=0.14s Sys=0.00s Real=0.01s
[21.543s][debug  ][gc,heap        ] GC(79) Heap after GC invocations=80 (full 14):
[21.543s][debug  ][gc,heap        ] GC(79)  PSYoungGen      total 227840K, used 30720K [0x00000007f0000000, 0x0000000800000000, 0x0000000800000000)
[21.543s][debug  ][gc,heap        ] GC(79)   eden space 193024K, 0% used [0x00000007f0000000,0x00000007f0000000,0x00000007fbc80000)
[21.543s][debug  ][gc,heap        ] GC(79)   from space 34816K, 88% used [0x00000007fde00000,0x00000007ffc00030,0x0000000800000000)
[21.543s][debug  ][gc,heap        ] GC(79)   to   space 34304K, 0% used [0x00000007fbc80000,0x00000007fbc80000,0x00000007fde00000)
[21.543s][debug  ][gc,heap        ] GC(79)  ParOldGen       total 1896960K, used 953956K [0x0000000700000000, 0x0000000773c80000, 0x00000007f0000000)
[21.543s][debug  ][gc,heap        ] GC(79)   object space 1896960K, 50% used [0x0000000700000000,0x000000073a3991c8,0x0000000773c80000)
[21.543s][debug  ][gc,heap        ] GC(79)  Metaspace       used 1024K, committed 1216K, reserved 1056768K
[21.543s][debug  ][gc,heap        ] GC(79)   class space    used 83K, committed 192K, reserved 1048576K
[21.543s][debug  ][gc,task,time   ] GC(79) VM-Thread 215349853 215411149 215432341
[21.835s][debug  ][gc,heap        ] GC(80) Heap before GC invocations=81 (full 14):
[21.835s][debug  ][gc,heap        ] GC(80)  PSYoungGen      total 227840K, used 218737K [0x00000007f0000000, 0x0000000800000000, 0x0000000800000000)
[21.835s][debug  ][gc,heap        ] GC(80)   eden space 193024K, 97% used [0x00000007f0000000,0x00000007fb79c7b0,0x00000007fbc80000)
[21.835s][debug  ][gc,heap        ] GC(80)   from space 34816K, 88% used [0x00000007fde00000,0x00000007ffc00030,0x0000000800000000)
[21.835s][debug  ][gc,heap        ] GC(80)   to   space 34304K, 0% used [0x00000007fbc80000,0x00000007fbc80000,0x00000007fde00000)
[21.835s][debug  ][gc,heap        ] GC(80)  ParOldGen       total 1896960K, used 953956K [0x0000000700000000, 0x0000000773c80000, 0x00000007f0000000)
[21.835s][debug  ][gc,heap        ] GC(80)   object space 1896960K, 50% used [0x0000000700000000,0x000000073a3991c8,0x0000000773c80000)
[21.835s][debug  ][gc,heap        ] GC(80)  Metaspace       used 1024K, committed 1216K, reserved 1056768K
[21.835s][debug  ][gc,heap        ] GC(80)   class space    used 83K, committed 192K, reserved 1048576K
[21.835s][debug  ][gc,tlab        ] GC(80) TLAB totals: thrds: 1  refills: 1 max: 1 slow allocs: 17 max 17 waste: 26.5% gc: 3786384B max: 3786384B slow: 0B max: 0B
[21.835s][info   ][gc,start       ] GC(80) Pause Young (Allocation Failure)
[21.836s][debug  ][gc,phases,start] GC(80) Scavenge
[21.852s][debug  ][gc,phases      ] GC(80) Scavenge 16.611ms
[21.852s][debug  ][gc,phases,start] GC(80) Reference Processing
[21.852s][debug  ][gc,ref         ] GC(80) Skipped phase 1 of Reference Processing: no references
[21.852s][debug  ][gc,ref         ] GC(80) Skipped phase 2 of Reference Processing: no references
[21.852s][debug  ][gc,ref         ] GC(80) Skipped phase 3 of Reference Processing: no references
[21.852s][debug  ][gc,ref         ] GC(80) Skipped phase 4 of Reference Processing: no references
[21.852s][debug  ][gc,phases,ref  ] GC(80) Reference Processing: 0.1ms
[21.852s][debug  ][gc,phases,ref  ] GC(80)   Reconsider SoftReferences: 0.0ms
[21.852s][debug  ][gc,phases,ref  ] GC(80)     SoftRef (ms):                  skipped
[21.852s][debug  ][gc,phases,ref  ] GC(80)   Notify Soft/WeakReferences: 0.0ms
[21.852s][debug  ][gc,phases,ref  ] GC(80)     SoftRef (ms):                  skipped
[21.852s][debug  ][gc,phases,ref  ] GC(80)     WeakRef (ms):                  skipped
[21.852s][debug  ][gc,phases,ref  ] GC(80)     FinalRef (ms):                 skipped
[21.852s][debug  ][gc,phases,ref  ] GC(80)     Total (ms):                    skipped
[21.852s][debug  ][gc,phases,ref  ] GC(80)   Notify and keep alive finalizable: 0.0ms
[21.852s][debug  ][gc,phases,ref  ] GC(80)     FinalRef (ms):                 skipped
[21.853s][debug  ][gc,phases,ref  ] GC(80)   Notify PhantomReferences: 0.0ms
[21.853s][debug  ][gc,phases,ref  ] GC(80)     PhantomRef (ms):               skipped
[21.853s][debug  ][gc,phases,ref  ] GC(80)   SoftReference:
[21.853s][debug  ][gc,phases,ref  ] GC(80)     Discovered: 0
[21.853s][debug  ][gc,phases,ref  ] GC(80)     Cleared: 0
[21.853s][debug  ][gc,phases,ref  ] GC(80)   WeakReference:
[21.853s][debug  ][gc,phases,ref  ] GC(80)     Discovered: 0
[21.853s][debug  ][gc,phases,ref  ] GC(80)     Cleared: 0
[21.853s][debug  ][gc,phases,ref  ] GC(80)   FinalReference:
[21.853s][debug  ][gc,phases,ref  ] GC(80)     Discovered: 0
[21.853s][debug  ][gc,phases,ref  ] GC(80)     Cleared: 0
[21.853s][debug  ][gc,phases,ref  ] GC(80)   PhantomReference:
[21.853s][debug  ][gc,phases,ref  ] GC(80)     Discovered: 0
[21.853s][debug  ][gc,phases,ref  ] GC(80)     Cleared: 0
[21.853s][debug  ][gc,phases      ] GC(80) Reference Processing 0.568ms
[21.853s][debug  ][gc,phases,start] GC(80) Weak Processing
[21.853s][debug  ][gc,phases      ] GC(80)   VM Weak                        Min:  0.0, Avg:  0.0, Max:  0.0, Diff:  0.0, Sum:  0.0, Workers: 6
[21.853s][debug  ][gc,phases      ] GC(80)     Dead                           Min: 0, Avg:  0.0, Max: 0, Diff: 0, Sum: 0, Workers: 6
[21.853s][debug  ][gc,phases      ] GC(80)     Total                          Min: 0, Avg:  1.3, Max: 8, Diff: 8, Sum: 8, Workers: 6
[21.853s][debug  ][gc,phases      ] GC(80)   ObjectSynchronizer Weak        Min:  0.0, Avg:  0.0, Max:  0.0, Diff:  0.0, Sum:  0.0, Workers: 6
[21.853s][debug  ][gc,phases      ] GC(80)     Dead                           Min: 0, Avg:  0.0, Max: 0, Diff: 0, Sum: 0, Workers: 6
[21.853s][debug  ][gc,phases      ] GC(80)     Total                          Min: 0, Avg:  0.5, Max: 3, Diff: 3, Sum: 3, Workers: 6
[21.853s][debug  ][gc,phases      ] GC(80)   JVMTI Tag Weak OopStorage      Min:  0.0, Avg:  0.0, Max:  0.0, Diff:  0.0, Sum:  0.0, Workers: 6
[21.853s][debug  ][gc,phases      ] GC(80)     Dead                           Min: 0, Avg:  0.0, Max: 0, Diff: 0, Sum: 0, Workers: 6
[21.853s][debug  ][gc,phases      ] GC(80)     Total                          Min: 0, Avg:  0.0, Max: 0, Diff: 0, Sum: 0, Workers: 6
[21.853s][debug  ][gc,phases      ] GC(80)   StringTable Weak               Min:  0.0, Avg:  0.0, Max:  0.0, Diff:  0.0, Sum:  0.0, Workers: 6
[21.853s][debug  ][gc,phases      ] GC(80)     Dead                           Min: 0, Avg:  0.0, Max: 0, Diff: 0, Sum: 0, Workers: 6
[21.853s][debug  ][gc,phases      ] GC(80)     Total                          Min: 768, Avg: 892.5, Max: 1260, Diff: 492, Sum: 5355, Workers: 6
[21.853s][debug  ][gc,phases      ] GC(80)   ResolvedMethodTable Weak       Min:  0.0, Avg:  0.0, Max:  0.0, Diff:  0.0, Sum:  0.0, Workers: 6
[21.853s][debug  ][gc,phases      ] GC(80)     Dead                           Min: 0, Avg:  0.0, Max: 0, Diff: 0, Sum: 0, Workers: 6
[21.853s][debug  ][gc,phases      ] GC(80)     Total                          Min: 0, Avg: 21.7, Max: 64, Diff: 64, Sum: 130, Workers: 6
[21.853s][debug  ][gc,phases      ] GC(80)   JNI Weak                       Min:  0.0, Avg:  0.0, Max:  0.0, Diff:  0.0, Sum:  0.0, Workers: 6
[21.853s][debug  ][gc,phases      ] GC(80)     Dead                           Min: 0, Avg:  0.0, Max: 0, Diff: 0, Sum: 0, Workers: 6
[21.853s][debug  ][gc,phases      ] GC(80)     Total                          Min: 0, Avg:  0.0, Max: 0, Diff: 0, Sum: 0, Workers: 6
[21.853s][debug  ][gc,phases      ] GC(80)   StringDedup Table Weak         Min:  0.0, Avg:  0.0, Max:  0.0, Diff:  0.0, Sum:  0.0, Workers: 6
[21.853s][debug  ][gc,phases      ] GC(80)     Dead                           Min: 0, Avg:  0.0, Max: 0, Diff: 0, Sum: 0, Workers: 6
[21.853s][debug  ][gc,phases      ] GC(80)     Total                          Min: 0, Avg:  0.0, Max: 0, Diff: 0, Sum: 0, Workers: 6
[21.853s][debug  ][gc,phases      ] GC(80)   StringDedup Requests0 Weak     Min:  0.0, Avg:  0.0, Max:  0.0, Diff:  0.0, Sum:  0.0, Workers: 6
[21.853s][debug  ][gc,phases      ] GC(80)     Dead                           Min: 0, Avg:  0.0, Max: 0, Diff: 0, Sum: 0, Workers: 6
[21.853s][debug  ][gc,phases      ] GC(80)     Total                          Min: 0, Avg:  0.0, Max: 0, Diff: 0, Sum: 0, Workers: 6
[21.853s][debug  ][gc,phases      ] GC(80)   StringDedup Requests1 Weak     Min:  0.0, Avg:  0.0, Max:  0.0, Diff:  0.0, Sum:  0.0, Workers: 6
[21.853s][debug  ][gc,phases      ] GC(80)     Dead                           Min: 0, Avg:  0.0, Max: 0, Diff: 0, Sum: 0, Workers: 6
[21.853s][debug  ][gc,phases      ] GC(80)     Total                          Min: 0, Avg:  0.0, Max: 0, Diff: 0, Sum: 0, Workers: 6
[21.853s][debug  ][gc,phases      ] GC(80)   Weak JFR Old Object Samples    Min:  0.0, Avg:  0.0, Max:  0.0, Diff:  0.0, Sum:  0.0, Workers: 6
[21.853s][debug  ][gc,phases      ] GC(80)     Dead                           Min: 0, Avg:  0.0, Max: 0, Diff: 0, Sum: 0, Workers: 6
[21.853s][debug  ][gc,phases      ] GC(80)     Total                          Min: 0, Avg:  0.0, Max: 0, Diff: 0, Sum: 0, Workers: 6
[21.853s][debug  ][gc,phases      ] GC(80) Weak Processing 0.678ms
[21.853s][debug  ][gc,ergo        ] GC(80) AdaptiveSizeStart:  collection: 81 
[21.854s][debug  ][gc,ergo        ] GC(80) avg_survived_padded_avg: 34830380.000000
[21.854s][debug  ][gc,ergo        ] GC(80) avg_promoted_padded_avg: 260171616.000000  avg_pretenured_padded_avg: 0.000000  tenuring_thresh: 1  target_size: 35127296
[21.854s][debug  ][gc,age         ] GC(80) Desired survivor size 35127296 bytes, new threshold 1 (max threshold 15)
[21.854s][debug  ][gc,ergo        ] GC(80) PSAdaptiveSizePolicy::compute_eden_space_size limits: desired_eden_size: 223556441 old_eden_size: 197132288 eden_limit: 197656576 cur_eden: 197656576 max_eden_size: 197656576 avg_young_live: 24909548
[21.854s][debug  ][gc,ergo        ] GC(80) PSAdaptiveSizePolicy::compute_eden_space_size: costs minor_time: 0.047796 major_cost: 0.025736 mutator_cost: 0.926467 throughput_goal: 0.990000
[21.854s][debug  ][gc,ergo        ] GC(80) Live_space: 870579712 free_space: 959971328
[21.854s][debug  ][gc,ergo        ] GC(80) Old eden_size: 197132288 desired_eden_size: 197656576
[21.854s][debug  ][gc,ergo        ] GC(80) AdaptiveSizeStop: collection: 81 
[21.854s][info   ][gc,heap        ] GC(80) PSYoungGen: 218737K(227840K)->30720K(227328K) Eden: 188017K(193024K)->0K(193024K) From: 30720K(34816K)->30720K(34304K)
[21.854s][info   ][gc,heap        ] GC(80) ParOldGen: 953956K(1896960K)->1138276K(1896960K)
[21.854s][info   ][gc,metaspace   ] GC(80) Metaspace: 1024K(1216K)->1024K(1216K) NonClass: 940K(1024K)->940K(1024K) Class: 83K(192K)->83K(192K)
[21.854s][info   ][gc             ] GC(80) Pause Young (Allocation Failure) 1145M->1141M(2074M) 18.267ms
[21.854s][info   ][gc,cpu         ] GC(80) User=0.03s Sys=0.02s Real=0.02s
[21.854s][debug  ][gc,heap        ] GC(80) Heap after GC invocations=81 (full 14):
[21.854s][debug  ][gc,heap        ] GC(80)  PSYoungGen      total 227328K, used 30720K [0x00000007f0000000, 0x0000000800000000, 0x0000000800000000)
[21.854s][debug  ][gc,heap        ] GC(80)   eden space 193024K, 0% used [0x00000007f0000000,0x00000007f0000000,0x00000007fbc80000)
[21.854s][debug  ][gc,heap        ] GC(80)   from space 34304K, 89% used [0x00000007fbc80000,0x00000007fda80030,0x00000007fde00000)
[21.854s][debug  ][gc,heap        ] GC(80)   to   space 34304K, 0% used [0x00000007fde80000,0x00000007fde80000,0x0000000800000000)
[21.854s][debug  ][gc,heap        ] GC(80)  ParOldGen       total 1896960K, used 1138276K [0x0000000700000000, 0x0000000773c80000, 0x00000007f0000000)
[21.854s][debug  ][gc,heap        ] GC(80)   object space 1896960K, 60% used [0x0000000700000000,0x00000007457992e8,0x0000000773c80000)
[21.854s][debug  ][gc,heap        ] GC(80)  Metaspace       used 1024K, committed 1216K, reserved 1056768K
[21.854s][debug  ][gc,heap        ] GC(80)   class space    used 83K, committed 192K, reserved 1048576K
[21.854s][debug  ][gc,task,time   ] GC(80) VM-Thread 218350372 218522033 218540541
[22.136s][debug  ][gc,heap        ] GC(81) Heap before GC invocations=82 (full 14):
[22.136s][debug  ][gc,heap        ] GC(81)  PSYoungGen      total 227328K, used 218768K [0x00000007f0000000, 0x0000000800000000, 0x0000000800000000)
[22.136s][debug  ][gc,heap        ] GC(81)   eden space 193024K, 97% used [0x00000007f0000000,0x00000007fb7a4168,0x00000007fbc80000)
[22.136s][debug  ][gc,heap        ] GC(81)   from space 34304K, 89% used [0x00000007fbc80000,0x00000007fda80030,0x00000007fde00000)
[22.136s][debug  ][gc,heap        ] GC(81)   to   space 34304K, 0% used [0x00000007fde80000,0x00000007fde80000,0x0000000800000000)
[22.136s][debug  ][gc,heap        ] GC(81)  ParOldGen       total 1896960K, used 1138276K [0x0000000700000000, 0x0000000773c80000, 0x00000007f0000000)
[22.136s][debug  ][gc,heap        ] GC(81)   object space 1896960K, 60% used [0x0000000700000000,0x00000007457992e8,0x0000000773c80000)
[22.136s][debug  ][gc,heap        ] GC(81)  Metaspace       used 1024K, committed 1216K, reserved 1056768K
[22.136s][debug  ][gc,heap        ] GC(81)   class space    used 83K, committed 192K, reserved 1048576K
[22.136s][debug  ][gc,tlab        ] GC(81) TLAB totals: thrds: 1  refills: 1 max: 1 slow allocs: 17 max 17 waste: 26.7% gc: 3817544B max: 3817544B slow: 0B max: 0B
[22.136s][info   ][gc,start       ] GC(81) Pause Young (Allocation Failure)
[22.136s][debug  ][gc,phases,start] GC(81) Scavenge
[22.154s][debug  ][gc,phases      ] GC(81) Scavenge 17.372ms
[22.154s][debug  ][gc,phases,start] GC(81) Reference Processing
[22.154s][debug  ][gc,ref         ] GC(81) Skipped phase 1 of Reference Processing: no references
[22.154s][debug  ][gc,ref         ] GC(81) Skipped phase 2 of Reference Processing: no references
[22.154s][debug  ][gc,ref         ] GC(81) Skipped phase 3 of Reference Processing: no references
[22.154s][debug  ][gc,ref         ] GC(81) Skipped phase 4 of Reference Processing: no references
[22.154s][debug  ][gc,phases,ref  ] GC(81) Reference Processing: 0.1ms
[22.154s][debug  ][gc,phases,ref  ] GC(81)   Reconsider SoftReferences: 0.0ms
[22.154s][debug  ][gc,phases,ref  ] GC(81)     SoftRef (ms):                  skipped
[22.154s][debug  ][gc,phases,ref  ] GC(81)   Notify Soft/WeakReferences: 0.0ms
[22.154s][debug  ][gc,phases,ref  ] GC(81)     SoftRef (ms):                  skipped
[22.154s][debug  ][gc,phases,ref  ] GC(81)     WeakRef (ms):                  skipped
[22.154s][debug  ][gc,phases,ref  ] GC(81)     FinalRef (ms):                 skipped
[22.154s][debug  ][gc,phases,ref  ] GC(81)     Total (ms):                    skipped
[22.154s][debug  ][gc,phases,ref  ] GC(81)   Notify and keep alive finalizable: 0.0ms
[22.154s][debug  ][gc,phases,ref  ] GC(81)     FinalRef (ms):                 skipped
[22.154s][debug  ][gc,phases,ref  ] GC(81)   Notify PhantomReferences: 0.0ms
[22.154s][debug  ][gc,phases,ref  ] GC(81)     PhantomRef (ms):               skipped
[22.154s][debug  ][gc,phases,ref  ] GC(81)   SoftReference:
[22.154s][debug  ][gc,phases,ref  ] GC(81)     Discovered: 0
[22.154s][debug  ][gc,phases,ref  ] GC(81)     Cleared: 0
[22.154s][debug  ][gc,phases,ref  ] GC(81)   WeakReference:
[22.154s][debug  ][gc,phases,ref  ] GC(81)     Discovered: 0
[22.154s][debug  ][gc,phases,ref  ] GC(81)     Cleared: 0
[22.154s][debug  ][gc,phases,ref  ] GC(81)   FinalReference:
[22.154s][debug  ][gc,phases,ref  ] GC(81)     Discovered: 0
[22.154s][debug  ][gc,phases,ref  ] GC(81)     Cleared: 0
[22.154s][debug  ][gc,phases,ref  ] GC(81)   PhantomReference:
[22.154s][debug  ][gc,phases,ref  ] GC(81)     Discovered: 0
[22.154s][debug  ][gc,phases,ref  ] GC(81)     Cleared: 0
[22.154s][debug  ][gc,phases      ] GC(81) Reference Processing 0.573ms
[22.154s][debug  ][gc,phases,start] GC(81) Weak Processing
[22.154s][debug  ][gc,phases      ] GC(81)   VM Weak                        Min:  0.0, Avg:  0.0, Max:  0.0, Diff:  0.0, Sum:  0.0, Workers: 6
[22.155s][debug  ][gc,phases      ] GC(81)     Dead                           Min: 0, Avg:  0.0, Max: 0, Diff: 0, Sum: 0, Workers: 6
[22.155s][debug  ][gc,phases      ] GC(81)     Total                          Min: 0, Avg:  1.3, Max: 8, Diff: 8, Sum: 8, Workers: 6
[22.155s][debug  ][gc,phases      ] GC(81)   ObjectSynchronizer Weak        Min:  0.0, Avg:  0.0, Max:  0.0, Diff:  0.0, Sum:  0.0, Workers: 6
[22.155s][debug  ][gc,phases      ] GC(81)     Dead                           Min: 0, Avg:  0.0, Max: 0, Diff: 0, Sum: 0, Workers: 6
[22.155s][debug  ][gc,phases      ] GC(81)     Total                          Min: 0, Avg:  0.5, Max: 3, Diff: 3, Sum: 3, Workers: 6
[22.155s][debug  ][gc,phases      ] GC(81)   JVMTI Tag Weak OopStorage      Min:  0.0, Avg:  0.0, Max:  0.0, Diff:  0.0, Sum:  0.0, Workers: 6
[22.155s][debug  ][gc,phases      ] GC(81)     Dead                           Min: 0, Avg:  0.0, Max: 0, Diff: 0, Sum: 0, Workers: 6
[22.155s][debug  ][gc,phases      ] GC(81)     Total                          Min: 0, Avg:  0.0, Max: 0, Diff: 0, Sum: 0, Workers: 6
[22.155s][debug  ][gc,phases      ] GC(81)   StringTable Weak               Min:  0.0, Avg:  0.0, Max:  0.0, Diff:  0.0, Sum:  0.0, Workers: 6
[22.155s][debug  ][gc,phases      ] GC(81)     Dead                           Min: 0, Avg:  0.0, Max: 0, Diff: 0, Sum: 0, Workers: 6
[22.155s][debug  ][gc,phases      ] GC(81)     Total                          Min: 767, Avg: 892.5, Max: 1132, Diff: 365, Sum: 5355, Workers: 6
[22.155s][debug  ][gc,phases      ] GC(81)   ResolvedMethodTable Weak       Min:  0.0, Avg:  0.0, Max:  0.0, Diff:  0.0, Sum:  0.0, Workers: 6
[22.155s][debug  ][gc,phases      ] GC(81)     Dead                           Min: 0, Avg:  0.0, Max: 0, Diff: 0, Sum: 0, Workers: 6
[22.155s][debug  ][gc,phases      ] GC(81)     Total                          Min: 0, Avg: 21.7, Max: 64, Diff: 64, Sum: 130, Workers: 6
[22.155s][debug  ][gc,phases      ] GC(81)   JNI Weak                       Min:  0.0, Avg:  0.0, Max:  0.0, Diff:  0.0, Sum:  0.0, Workers: 6
[22.155s][debug  ][gc,phases      ] GC(81)     Dead                           Min: 0, Avg:  0.0, Max: 0, Diff: 0, Sum: 0, Workers: 6
[22.155s][debug  ][gc,phases      ] GC(81)     Total                          Min: 0, Avg:  0.0, Max: 0, Diff: 0, Sum: 0, Workers: 6
[22.155s][debug  ][gc,phases      ] GC(81)   StringDedup Table Weak         Min:  0.0, Avg:  0.0, Max:  0.0, Diff:  0.0, Sum:  0.0, Workers: 6
[22.155s][debug  ][gc,phases      ] GC(81)     Dead                           Min: 0, Avg:  0.0, Max: 0, Diff: 0, Sum: 0, Workers: 6
[22.155s][debug  ][gc,phases      ] GC(81)     Total                          Min: 0, Avg:  0.0, Max: 0, Diff: 0, Sum: 0, Workers: 6
[22.155s][debug  ][gc,phases      ] GC(81)   StringDedup Requests0 Weak     Min:  0.0, Avg:  0.0, Max:  0.0, Diff:  0.0, Sum:  0.0, Workers: 6
[22.155s][debug  ][gc,phases      ] GC(81)     Dead                           Min: 0, Avg:  0.0, Max: 0, Diff: 0, Sum: 0, Workers: 6
[22.155s][debug  ][gc,phases      ] GC(81)     Total                          Min: 0, Avg:  0.0, Max: 0, Diff: 0, Sum: 0, Workers: 6
[22.155s][debug  ][gc,phases      ] GC(81)   StringDedup Requests1 Weak     Min:  0.0, Avg:  0.0, Max:  0.0, Diff:  0.0, Sum:  0.0, Workers: 6
[22.155s][debug  ][gc,phases      ] GC(81)     Dead                           Min: 0, Avg:  0.0, Max: 0, Diff: 0, Sum: 0, Workers: 6
[22.155s][debug  ][gc,phases      ] GC(81)     Total                          Min: 0, Avg:  0.0, Max: 0, Diff: 0, Sum: 0, Workers: 6
[22.155s][debug  ][gc,phases      ] GC(81)   Weak JFR Old Object Samples    Min:  0.0, Avg:  0.0, Max:  0.0, Diff:  0.0, Sum:  0.0, Workers: 6
[22.155s][debug  ][gc,phases      ] GC(81)     Dead                           Min: 0, Avg:  0.0, Max: 0, Diff: 0, Sum: 0, Workers: 6
[22.155s][debug  ][gc,phases      ] GC(81)     Total                          Min: 0, Avg:  0.0, Max: 0, Diff: 0, Sum: 0, Workers: 6
[22.155s][debug  ][gc,phases      ] GC(81) Weak Processing 0.825ms
[22.155s][debug  ][gc,ergo        ] GC(81) AdaptiveSizeStart:  collection: 82 
[22.155s][debug  ][gc,ergo        ] GC(81) avg_survived_padded_avg: 34619912.000000
[22.155s][debug  ][gc,ergo        ] GC(81) avg_promoted_padded_avg: 260799744.000000  avg_pretenured_padded_avg: 0.000000  tenuring_thresh: 1  target_size: 35127296
[22.155s][debug  ][gc,age         ] GC(81) Desired survivor size 35127296 bytes, new threshold 1 (max threshold 15)
[22.155s][debug  ][gc,ergo        ] GC(81) PSAdaptiveSizePolicy::compute_eden_space_size limits: desired_eden_size: 224224405 old_eden_size: 197656576 eden_limit: 198180864 cur_eden: 197656576 max_eden_size: 198180864 avg_young_live: 25564326
[22.155s][debug  ][gc,ergo        ] GC(81) PSAdaptiveSizePolicy::compute_eden_space_size: costs minor_time: 0.051495 major_cost: 0.025736 mutator_cost: 0.922768 throughput_goal: 0.990000
[22.155s][debug  ][gc,ergo        ] GC(81) Live_space: 871234432 free_space: 960495616
[22.156s][debug  ][gc,ergo        ] GC(81) Old eden_size: 197656576 desired_eden_size: 198180864
[22.156s][debug  ][gc,ergo        ] GC(81) AdaptiveSizeStop: collection: 82 
[22.156s][info   ][gc,heap        ] GC(81) PSYoungGen: 218768K(227328K)->30720K(227840K) Eden: 188048K(193024K)->0K(193536K) From: 30720K(34304K)->30720K(34304K)
[22.156s][info   ][gc,heap        ] GC(81) ParOldGen: 1138276K(1896960K)->1322597K(1896960K)
[22.156s][info   ][gc,metaspace   ] GC(81) Metaspace: 1024K(1216K)->1024K(1216K) NonClass: 940K(1024K)->940K(1024K) Class: 83K(192K)->83K(192K)
[22.156s][info   ][gc             ] GC(81) Pause Young (Allocation Failure) 1325M->1321M(2075M) 19.317ms
[22.156s][info   ][gc,cpu         ] GC(81) User=0.08s Sys=0.08s Real=0.02s
[22.156s][debug  ][gc,heap        ] GC(81) Heap after GC invocations=82 (full 14):
[22.156s][debug  ][gc,heap        ] GC(81)  PSYoungGen      total 227840K, used 30720K [0x00000007f0000000, 0x0000000800000000, 0x0000000800000000)
[22.156s][debug  ][gc,heap        ] GC(81)   eden space 193536K, 0% used [0x00000007f0000000,0x00000007f0000000,0x00000007fbd00000)
[22.156s][debug  ][gc,heap        ] GC(81)   from space 34304K, 89% used [0x00000007fde80000,0x00000007ffc80030,0x0000000800000000)
[22.156s][debug  ][gc,heap        ] GC(81)   to   space 34304K, 0% used [0x00000007fbd00000,0x00000007fbd00000,0x00000007fde80000)
[22.156s][debug  ][gc,heap        ] GC(81)  ParOldGen       total 1896960K, used 1322597K [0x0000000700000000, 0x0000000773c80000, 0x00000007f0000000)
[22.156s][debug  ][gc,heap        ] GC(81)   object space 1896960K, 69% used [0x0000000700000000,0x0000000750b99408,0x0000000773c80000)
[22.156s][debug  ][gc,heap        ] GC(81)  Metaspace       used 1024K, committed 1216K, reserved 1056768K
[22.156s][debug  ][gc,heap        ] GC(81)   class space    used 83K, committed 192K, reserved 1048576K
[22.156s][debug  ][gc,task,time   ] GC(81) VM-Thread 221359301 221538530 221559338
[22.436s][debug  ][gc,heap        ] GC(82) Heap before GC invocations=83 (full 14):
[22.436s][debug  ][gc,heap        ] GC(82)  PSYoungGen      total 227840K, used 218797K [0x00000007f0000000, 0x0000000800000000, 0x0000000800000000)
[22.436s][debug  ][gc,heap        ] GC(82)   eden space 193536K, 97% used [0x00000007f0000000,0x00000007fb7ab760,0x00000007fbd00000)
[22.436s][debug  ][gc,heap        ] GC(82)   from space 34304K, 89% used [0x00000007fde80000,0x00000007ffc80030,0x0000000800000000)
[22.436s][debug  ][gc,heap        ] GC(82)   to   space 34304K, 0% used [0x00000007fbd00000,0x00000007fbd00000,0x00000007fde80000)
[22.436s][debug  ][gc,heap        ] GC(82)  ParOldGen       total 1896960K, used 1322597K [0x0000000700000000, 0x0000000773c80000, 0x00000007f0000000)
[22.436s][debug  ][gc,heap        ] GC(82)   object space 1896960K, 69% used [0x0000000700000000,0x0000000750b99408,0x0000000773c80000)
[22.436s][debug  ][gc,heap        ] GC(82)  Metaspace       used 1024K, committed 1216K, reserved 1056768K
[22.436s][debug  ][gc,heap        ] GC(82)   class space    used 83K, committed 192K, reserved 1048576K
[22.436s][debug  ][gc,tlab        ] GC(82) TLAB totals: thrds: 1  refills: 1 max: 1 slow allocs: 17 max 17 waste: 26.8% gc: 3847744B max: 3847744B slow: 0B max: 0B
[22.436s][info   ][gc,start       ] GC(82) Pause Young (Allocation Failure)
[22.436s][debug  ][gc,phases,start] GC(82) Scavenge
[22.453s][debug  ][gc,phases      ] GC(82) Scavenge 16.255ms
[22.453s][debug  ][gc,phases,start] GC(82) Reference Processing
[22.453s][debug  ][gc,ref         ] GC(82) Skipped phase 1 of Reference Processing: no references
[22.453s][debug  ][gc,ref         ] GC(82) Skipped phase 2 of Reference Processing: no references
[22.453s][debug  ][gc,ref         ] GC(82) Skipped phase 3 of Reference Processing: no references
[22.453s][debug  ][gc,ref         ] GC(82) Skipped phase 4 of Reference Processing: no references
[22.453s][debug  ][gc,phases,ref  ] GC(82) Reference Processing: 0.1ms
[22.453s][debug  ][gc,phases,ref  ] GC(82)   Reconsider SoftReferences: 0.0ms
[22.453s][debug  ][gc,phases,ref  ] GC(82)     SoftRef (ms):                  skipped
[22.453s][debug  ][gc,phases,ref  ] GC(82)   Notify Soft/WeakReferences: 0.0ms
[22.453s][debug  ][gc,phases,ref  ] GC(82)     SoftRef (ms):                  skipped
[22.453s][debug  ][gc,phases,ref  ] GC(82)     WeakRef (ms):                  skipped
[22.453s][debug  ][gc,phases,ref  ] GC(82)     FinalRef (ms):                 skipped
[22.453s][debug  ][gc,phases,ref  ] GC(82)     Total (ms):                    skipped
[22.453s][debug  ][gc,phases,ref  ] GC(82)   Notify and keep alive finalizable: 0.0ms
[22.453s][debug  ][gc,phases,ref  ] GC(82)     FinalRef (ms):                 skipped
[22.453s][debug  ][gc,phases,ref  ] GC(82)   Notify PhantomReferences: 0.0ms
[22.453s][debug  ][gc,phases,ref  ] GC(82)     PhantomRef (ms):               skipped
[22.453s][debug  ][gc,phases,ref  ] GC(82)   SoftReference:
[22.453s][debug  ][gc,phases,ref  ] GC(82)     Discovered: 0
[22.453s][debug  ][gc,phases,ref  ] GC(82)     Cleared: 0
[22.453s][debug  ][gc,phases,ref  ] GC(82)   WeakReference:
[22.453s][debug  ][gc,phases,ref  ] GC(82)     Discovered: 0
[22.453s][debug  ][gc,phases,ref  ] GC(82)     Cleared: 0
[22.453s][debug  ][gc,phases,ref  ] GC(82)   FinalReference:
[22.453s][debug  ][gc,phases,ref  ] GC(82)     Discovered: 0
[22.453s][debug  ][gc,phases,ref  ] GC(82)     Cleared: 0
[22.453s][debug  ][gc,phases,ref  ] GC(82)   PhantomReference:
[22.453s][debug  ][gc,phases,ref  ] GC(82)     Discovered: 0
[22.453s][debug  ][gc,phases,ref  ] GC(82)     Cleared: 0
[22.453s][debug  ][gc,phases      ] GC(82) Reference Processing 0.573ms
[22.453s][debug  ][gc,phases,start] GC(82) Weak Processing
[22.453s][debug  ][gc,phases      ] GC(82)   VM Weak                        Min:  0.0, Avg:  0.0, Max:  0.0, Diff:  0.0, Sum:  0.0, Workers: 6
[22.453s][debug  ][gc,phases      ] GC(82)     Dead                           Min: 0, Avg:  0.0, Max: 0, Diff: 0, Sum: 0, Workers: 6
[22.454s][debug  ][gc,phases      ] GC(82)     Total                          Min: 0, Avg:  1.3, Max: 8, Diff: 8, Sum: 8, Workers: 6
[22.454s][debug  ][gc,phases      ] GC(82)   ObjectSynchronizer Weak        Min:  0.0, Avg:  0.0, Max:  0.0, Diff:  0.0, Sum:  0.0, Workers: 6
[22.454s][debug  ][gc,phases      ] GC(82)     Dead                           Min: 0, Avg:  0.0, Max: 0, Diff: 0, Sum: 0, Workers: 6
[22.454s][debug  ][gc,phases      ] GC(82)     Total                          Min: 0, Avg:  0.5, Max: 3, Diff: 3, Sum: 3, Workers: 6
[22.454s][debug  ][gc,phases      ] GC(82)   JVMTI Tag Weak OopStorage      Min:  0.0, Avg:  0.0, Max:  0.0, Diff:  0.0, Sum:  0.0, Workers: 6
[22.454s][debug  ][gc,phases      ] GC(82)     Dead                           Min: 0, Avg:  0.0, Max: 0, Diff: 0, Sum: 0, Workers: 6
[22.454s][debug  ][gc,phases      ] GC(82)     Total                          Min: 0, Avg:  0.0, Max: 0, Diff: 0, Sum: 0, Workers: 6
[22.454s][debug  ][gc,phases      ] GC(82)   StringTable Weak               Min:  0.0, Avg:  0.0, Max:  0.0, Diff:  0.0, Sum:  0.0, Workers: 6
[22.454s][debug  ][gc,phases      ] GC(82)     Dead                           Min: 0, Avg:  0.0, Max: 0, Diff: 0, Sum: 0, Workers: 6
[22.454s][debug  ][gc,phases      ] GC(82)     Total                          Min: 832, Avg: 892.5, Max: 1195, Diff: 363, Sum: 5355, Workers: 6
[22.454s][debug  ][gc,phases      ] GC(82)   ResolvedMethodTable Weak       Min:  0.0, Avg:  0.0, Max:  0.0, Diff:  0.0, Sum:  0.0, Workers: 6
[22.454s][debug  ][gc,phases      ] GC(82)     Dead                           Min: 0, Avg:  0.0, Max: 0, Diff: 0, Sum: 0, Workers: 6
[22.454s][debug  ][gc,phases      ] GC(82)     Total                          Min: 0, Avg: 21.7, Max: 64, Diff: 64, Sum: 130, Workers: 6
[22.454s][debug  ][gc,phases      ] GC(82)   JNI Weak                       Min:  0.0, Avg:  0.0, Max:  0.0, Diff:  0.0, Sum:  0.0, Workers: 6
[22.454s][debug  ][gc,phases      ] GC(82)     Dead                           Min: 0, Avg:  0.0, Max: 0, Diff: 0, Sum: 0, Workers: 6
[22.454s][debug  ][gc,phases      ] GC(82)     Total                          Min: 0, Avg:  0.0, Max: 0, Diff: 0, Sum: 0, Workers: 6
[22.454s][debug  ][gc,phases      ] GC(82)   StringDedup Table Weak         Min:  0.0, Avg:  0.0, Max:  0.0, Diff:  0.0, Sum:  0.0, Workers: 6
[22.454s][debug  ][gc,phases      ] GC(82)     Dead                           Min: 0, Avg:  0.0, Max: 0, Diff: 0, Sum: 0, Workers: 6
[22.454s][debug  ][gc,phases      ] GC(82)     Total                          Min: 0, Avg:  0.0, Max: 0, Diff: 0, Sum: 0, Workers: 6
[22.454s][debug  ][gc,phases      ] GC(82)   StringDedup Requests0 Weak     Min:  0.0, Avg:  0.0, Max:  0.0, Diff:  0.0, Sum:  0.0, Workers: 6
[22.454s][debug  ][gc,phases      ] GC(82)     Dead                           Min: 0, Avg:  0.0, Max: 0, Diff: 0, Sum: 0, Workers: 6
[22.454s][debug  ][gc,phases      ] GC(82)     Total                          Min: 0, Avg:  0.0, Max: 0, Diff: 0, Sum: 0, Workers: 6
[22.454s][debug  ][gc,phases      ] GC(82)   StringDedup Requests1 Weak     Min:  0.0, Avg:  0.0, Max:  0.0, Diff:  0.0, Sum:  0.0, Workers: 6
[22.454s][debug  ][gc,phases      ] GC(82)     Dead                           Min: 0, Avg:  0.0, Max: 0, Diff: 0, Sum: 0, Workers: 6
[22.454s][debug  ][gc,phases      ] GC(82)     Total                          Min: 0, Avg:  0.0, Max: 0, Diff: 0, Sum: 0, Workers: 6
[22.454s][debug  ][gc,phases      ] GC(82)   Weak JFR Old Object Samples    Min:  0.0, Avg:  0.0, Max:  0.0, Diff:  0.0, Sum:  0.0, Workers: 6
[22.454s][debug  ][gc,phases      ] GC(82)     Dead                           Min: 0, Avg:  0.0, Max: 0, Diff: 0, Sum: 0, Workers: 6
[22.454s][debug  ][gc,phases      ] GC(82)     Total                          Min: 0, Avg:  0.0, Max: 0, Diff: 0, Sum: 0, Workers: 6
[22.454s][debug  ][gc,phases      ] GC(82) Weak Processing 0.692ms
[22.454s][debug  ][gc,ergo        ] GC(82) AdaptiveSizeStart:  collection: 83 
[22.454s][debug  ][gc,ergo        ] GC(82) avg_survived_padded_avg: 34417804.000000
[22.454s][debug  ][gc,ergo        ] GC(82) avg_promoted_padded_avg: 260587984.000000  avg_pretenured_padded_avg: 0.000000  tenuring_thresh: 1  target_size: 34603008
[22.454s][debug  ][gc,age         ] GC(82) Desired survivor size 34603008 bytes, new threshold 1 (max threshold 15)
[22.454s][debug  ][gc,ergo        ] GC(82) PSAdaptiveSizePolicy::compute_eden_space_size limits: desired_eden_size: 225063765 old_eden_size: 198180864 eden_limit: 198180864 cur_eden: 198180864 max_eden_size: 198180864 avg_young_live: 26153624
[22.454s][debug  ][gc,ergo        ] GC(82) PSAdaptiveSizePolicy::compute_eden_space_size: costs minor_time: 0.053373 major_cost: 0.025736 mutator_cost: 0.920891 throughput_goal: 0.990000
[22.454s][debug  ][gc,ergo        ] GC(82) Live_space: 871823744 free_space: 961019904
[22.454s][debug  ][gc,ergo        ] GC(82) Old eden_size: 198180864 desired_eden_size: 198180864
[22.454s][debug  ][gc,ergo        ] GC(82) AdaptiveSizeStop: collection: 83 
[22.454s][info   ][gc,heap        ] GC(82) PSYoungGen: 218797K(227840K)->30720K(227840K) Eden: 188077K(193536K)->0K(193536K) From: 30720K(34304K)->30720K(34304K)
[22.454s][info   ][gc,heap        ] GC(82) ParOldGen: 1322597K(1896960K)->1506917K(1896960K)
[22.454s][info   ][gc,metaspace   ] GC(82) Metaspace: 1024K(1216K)->1024K(1216K) NonClass: 940K(1024K)->940K(1024K) Class: 83K(192K)->83K(192K)
[22.454s][info   ][gc             ] GC(82) Pause Young (Allocation Failure) 1505M->1501M(2075M) 17.939ms
[22.454s][info   ][gc,cpu         ] GC(82) User=0.02s Sys=0.14s Real=0.02s
[22.454s][debug  ][gc,heap        ] GC(82) Heap after GC invocations=83 (full 14):
[22.454s][debug  ][gc,heap        ] GC(82)  PSYoungGen      total 227840K, used 30720K [0x00000007f0000000, 0x0000000800000000, 0x0000000800000000)
[22.454s][debug  ][gc,heap        ] GC(82)   eden space 193536K, 0% used [0x00000007f0000000,0x00000007f0000000,0x00000007fbd00000)
[22.454s][debug  ][gc,heap        ] GC(82)   from space 34304K, 89% used [0x00000007fbd00000,0x00000007fdb00030,0x00000007fde80000)
[22.455s][debug  ][gc,heap        ] GC(82)   to   space 33792K, 0% used [0x00000007fdf00000,0x00000007fdf00000,0x0000000800000000)
[22.455s][debug  ][gc,heap        ] GC(82)  ParOldGen       total 1896960K, used 1506917K [0x0000000700000000, 0x0000000773c80000, 0x00000007f0000000)
[22.455s][debug  ][gc,heap        ] GC(82)   object space 1896960K, 79% used [0x0000000700000000,0x000000075bf99528,0x0000000773c80000)
[22.455s][debug  ][gc,heap        ] GC(82)  Metaspace       used 1024K, committed 1216K, reserved 1056768K
[22.455s][debug  ][gc,heap        ] GC(82)   class space    used 83K, committed 192K, reserved 1048576K
[22.455s][debug  ][gc,task,time   ] GC(82) VM-Thread 224360092 224528106 224546193
[22.738s][debug  ][gc,heap        ] GC(83) Heap before GC invocations=84 (full 14):
[22.738s][debug  ][gc,heap        ] GC(83)  PSYoungGen      total 227840K, used 218810K [0x00000007f0000000, 0x0000000800000000, 0x0000000800000000)
[22.738s][debug  ][gc,heap        ] GC(83)   eden space 193536K, 97% used [0x00000007f0000000,0x00000007fb7ae988,0x00000007fbd00000)
[22.738s][debug  ][gc,heap        ] GC(83)   from space 34304K, 89% used [0x00000007fbd00000,0x00000007fdb00030,0x00000007fde80000)
[22.738s][debug  ][gc,heap        ] GC(83)   to   space 33792K, 0% used [0x00000007fdf00000,0x00000007fdf00000,0x0000000800000000)
[22.739s][debug  ][gc,heap        ] GC(83)  ParOldGen       total 1896960K, used 1506917K [0x0000000700000000, 0x0000000773c80000, 0x00000007f0000000)
[22.739s][debug  ][gc,heap        ] GC(83)   object space 1896960K, 79% used [0x0000000700000000,0x000000075bf99528,0x0000000773c80000)
[22.739s][debug  ][gc,heap        ] GC(83)  Metaspace       used 1024K, committed 1216K, reserved 1056768K
[22.739s][debug  ][gc,heap        ] GC(83)   class space    used 83K, committed 192K, reserved 1048576K
[22.739s][debug  ][gc,tlab        ] GC(83) TLAB totals: thrds: 1  refills: 1 max: 1 slow allocs: 17 max 17 waste: 26.9% gc: 3860584B max: 3860584B slow: 0B max: 0B
[22.739s][info   ][gc,start       ] GC(83) Pause Young (Allocation Failure)
[22.739s][debug  ][gc,phases,start] GC(83) Scavenge
[22.756s][debug  ][gc,phases      ] GC(83) Scavenge 17.380ms
[22.756s][debug  ][gc,phases,start] GC(83) Reference Processing
[22.756s][debug  ][gc,ref         ] GC(83) Skipped phase 1 of Reference Processing: no references
[22.756s][debug  ][gc,ref         ] GC(83) Skipped phase 2 of Reference Processing: no references
[22.756s][debug  ][gc,ref         ] GC(83) Skipped phase 3 of Reference Processing: no references
[22.756s][debug  ][gc,ref         ] GC(83) Skipped phase 4 of Reference Processing: no references
[22.756s][debug  ][gc,phases,ref  ] GC(83) Reference Processing: 0.1ms
[22.756s][debug  ][gc,phases,ref  ] GC(83)   Reconsider SoftReferences: 0.0ms
[22.756s][debug  ][gc,phases,ref  ] GC(83)     SoftRef (ms):                  skipped
[22.756s][debug  ][gc,phases,ref  ] GC(83)   Notify Soft/WeakReferences: 0.0ms
[22.756s][debug  ][gc,phases,ref  ] GC(83)     SoftRef (ms):                  skipped
[22.756s][debug  ][gc,phases,ref  ] GC(83)     WeakRef (ms):                  skipped
[22.757s][debug  ][gc,phases,ref  ] GC(83)     FinalRef (ms):                 skipped
[22.757s][debug  ][gc,phases,ref  ] GC(83)     Total (ms):                    skipped
[22.757s][debug  ][gc,phases,ref  ] GC(83)   Notify and keep alive finalizable: 0.0ms
[22.757s][debug  ][gc,phases,ref  ] GC(83)     FinalRef (ms):                 skipped
[22.757s][debug  ][gc,phases,ref  ] GC(83)   Notify PhantomReferences: 0.0ms
[22.757s][debug  ][gc,phases,ref  ] GC(83)     PhantomRef (ms):               skipped
[22.757s][debug  ][gc,phases,ref  ] GC(83)   SoftReference:
[22.757s][debug  ][gc,phases,ref  ] GC(83)     Discovered: 0
[22.757s][debug  ][gc,phases,ref  ] GC(83)     Cleared: 0
[22.757s][debug  ][gc,phases,ref  ] GC(83)   WeakReference:
[22.757s][debug  ][gc,phases,ref  ] GC(83)     Discovered: 0
[22.757s][debug  ][gc,phases,ref  ] GC(83)     Cleared: 0
[22.757s][debug  ][gc,phases,ref  ] GC(83)   FinalReference:
[22.757s][debug  ][gc,phases,ref  ] GC(83)     Discovered: 0
[22.757s][debug  ][gc,phases,ref  ] GC(83)     Cleared: 0
[22.757s][debug  ][gc,phases,ref  ] GC(83)   PhantomReference:
[22.757s][debug  ][gc,phases,ref  ] GC(83)     Discovered: 0
[22.757s][debug  ][gc,phases,ref  ] GC(83)     Cleared: 0
[22.757s][debug  ][gc,phases      ] GC(83) Reference Processing 0.672ms
[22.757s][debug  ][gc,phases,start] GC(83) Weak Processing
[22.757s][debug  ][gc,phases      ] GC(83)   VM Weak                        Min:  0.0, Avg:  0.0, Max:  0.0, Diff:  0.0, Sum:  0.0, Workers: 6
[22.757s][debug  ][gc,phases      ] GC(83)     Dead                           Min: 0, Avg:  0.0, Max: 0, Diff: 0, Sum: 0, Workers: 6
[22.757s][debug  ][gc,phases      ] GC(83)     Total                          Min: 0, Avg:  1.3, Max: 8, Diff: 8, Sum: 8, Workers: 6
[22.757s][debug  ][gc,phases      ] GC(83)   ObjectSynchronizer Weak        Min:  0.0, Avg:  0.0, Max:  0.0, Diff:  0.0, Sum:  0.0, Workers: 6
[22.757s][debug  ][gc,phases      ] GC(83)     Dead                           Min: 0, Avg:  0.0, Max: 0, Diff: 0, Sum: 0, Workers: 6
[22.757s][debug  ][gc,phases      ] GC(83)     Total                          Min: 0, Avg:  0.5, Max: 3, Diff: 3, Sum: 3, Workers: 6
[22.757s][debug  ][gc,phases      ] GC(83)   JVMTI Tag Weak OopStorage      Min:  0.0, Avg:  0.0, Max:  0.0, Diff:  0.0, Sum:  0.0, Workers: 6
[22.757s][debug  ][gc,phases      ] GC(83)     Dead                           Min: 0, Avg:  0.0, Max: 0, Diff: 0, Sum: 0, Workers: 6
[22.757s][debug  ][gc,phases      ] GC(83)     Total                          Min: 0, Avg:  0.0, Max: 0, Diff: 0, Sum: 0, Workers: 6
[22.757s][debug  ][gc,phases      ] GC(83)   StringTable Weak               Min:  0.0, Avg:  0.0, Max:  0.0, Diff:  0.0, Sum:  0.0, Workers: 6
[22.757s][debug  ][gc,phases      ] GC(83)     Dead                           Min: 0, Avg:  0.0, Max: 0, Diff: 0, Sum: 0, Workers: 6
[22.757s][debug  ][gc,phases      ] GC(83)     Total                          Min: 831, Avg: 892.5, Max: 1196, Diff: 365, Sum: 5355, Workers: 6
[22.757s][debug  ][gc,phases      ] GC(83)   ResolvedMethodTable Weak       Min:  0.0, Avg:  0.0, Max:  0.0, Diff:  0.0, Sum:  0.0, Workers: 6
[22.757s][debug  ][gc,phases      ] GC(83)     Dead                           Min: 0, Avg:  0.0, Max: 0, Diff: 0, Sum: 0, Workers: 6
[22.757s][debug  ][gc,phases      ] GC(83)     Total                          Min: 0, Avg: 21.7, Max: 64, Diff: 64, Sum: 130, Workers: 6
[22.757s][debug  ][gc,phases      ] GC(83)   JNI Weak                       Min:  0.0, Avg:  0.0, Max:  0.0, Diff:  0.0, Sum:  0.0, Workers: 6
[22.757s][debug  ][gc,phases      ] GC(83)     Dead                           Min: 0, Avg:  0.0, Max: 0, Diff: 0, Sum: 0, Workers: 6
[22.757s][debug  ][gc,phases      ] GC(83)     Total                          Min: 0, Avg:  0.0, Max: 0, Diff: 0, Sum: 0, Workers: 6
[22.757s][debug  ][gc,phases      ] GC(83)   StringDedup Table Weak         Min:  0.0, Avg:  0.0, Max:  0.0, Diff:  0.0, Sum:  0.0, Workers: 6
[22.757s][debug  ][gc,phases      ] GC(83)     Dead                           Min: 0, Avg:  0.0, Max: 0, Diff: 0, Sum: 0, Workers: 6
[22.757s][debug  ][gc,phases      ] GC(83)     Total                          Min: 0, Avg:  0.0, Max: 0, Diff: 0, Sum: 0, Workers: 6
[22.757s][debug  ][gc,phases      ] GC(83)   StringDedup Requests0 Weak     Min:  0.0, Avg:  0.0, Max:  0.0, Diff:  0.0, Sum:  0.0, Workers: 6
[22.757s][debug  ][gc,phases      ] GC(83)     Dead                           Min: 0, Avg:  0.0, Max: 0, Diff: 0, Sum: 0, Workers: 6
[22.757s][debug  ][gc,phases      ] GC(83)     Total                          Min: 0, Avg:  0.0, Max: 0, Diff: 0, Sum: 0, Workers: 6
[22.757s][debug  ][gc,phases      ] GC(83)   StringDedup Requests1 Weak     Min:  0.0, Avg:  0.0, Max:  0.0, Diff:  0.0, Sum:  0.0, Workers: 6
[22.757s][debug  ][gc,phases      ] GC(83)     Dead                           Min: 0, Avg:  0.0, Max: 0, Diff: 0, Sum: 0, Workers: 6
[22.758s][debug  ][gc,phases      ] GC(83)     Total                          Min: 0, Avg:  0.0, Max: 0, Diff: 0, Sum: 0, Workers: 6
[22.758s][debug  ][gc,phases      ] GC(83)   Weak JFR Old Object Samples    Min:  0.0, Avg:  0.0, Max:  0.0, Diff:  0.0, Sum:  0.0, Workers: 6
[22.758s][debug  ][gc,phases      ] GC(83)     Dead                           Min: 0, Avg:  0.0, Max: 0, Diff: 0, Sum: 0, Workers: 6
[22.758s][debug  ][gc,phases      ] GC(83)     Total                          Min: 0, Avg:  0.0, Max: 0, Diff: 0, Sum: 0, Workers: 6
[22.758s][debug  ][gc,phases      ] GC(83) Weak Processing 0.690ms
[22.758s][debug  ][gc,ergo        ] GC(83) AdaptiveSizeStart:  collection: 84 
[22.758s][debug  ][gc,ergo        ] GC(83) avg_survived_padded_avg: 34224496.000000
[22.758s][debug  ][gc,ergo        ] GC(83) avg_promoted_padded_avg: 259698016.000000  avg_pretenured_padded_avg: 0.000000  tenuring_thresh: 1  target_size: 34603008
[22.758s][debug  ][gc,age         ] GC(83) Desired survivor size 34603008 bytes, new threshold 1 (max threshold 15)
[22.758s][debug  ][gc,ergo        ] GC(83) PSAdaptiveSizePolicy::compute_eden_space_size limits: desired_eden_size: 225413941 old_eden_size: 198180864 eden_limit: 198705152 cur_eden: 198180864 max_eden_size: 198705152 avg_young_live: 26683992
[22.758s][debug  ][gc,ergo        ] GC(83) PSAdaptiveSizePolicy::compute_eden_space_size: costs minor_time: 0.055569 major_cost: 0.025736 mutator_cost: 0.918695 throughput_goal: 0.990000
[22.758s][debug  ][gc,ergo        ] GC(83) Live_space: 872354176 free_space: 961019904
[22.758s][debug  ][gc,ergo        ] GC(83) Old eden_size: 198180864 desired_eden_size: 198705152
[22.758s][debug  ][gc,ergo        ] GC(83) AdaptiveSizeStop: collection: 84 
[22.758s][info   ][gc,heap        ] GC(83) PSYoungGen: 218810K(227840K)->30720K(228352K) Eden: 188090K(193536K)->0K(194560K) From: 30720K(34304K)->30720K(33792K)
[22.758s][info   ][gc,heap        ] GC(83) ParOldGen: 1506917K(1896960K)->1691237K(1896960K)
[22.758s][info   ][gc,metaspace   ] GC(83) Metaspace: 1024K(1216K)->1024K(1216K) NonClass: 940K(1024K)->940K(1024K) Class: 83K(192K)->83K(192K)
[22.758s][info   ][gc             ] GC(83) Pause Young (Allocation Failure) 1685M->1681M(2075M) 19.179ms
[22.758s][info   ][gc,cpu         ] GC(83) User=0.14s Sys=0.03s Real=0.02s
[22.758s][debug  ][gc,heap        ] GC(83) Heap after GC invocations=84 (full 14):
[22.758s][debug  ][gc,heap        ] GC(83)  PSYoungGen      total 228352K, used 30720K [0x00000007f0000000, 0x0000000800000000, 0x0000000800000000)
[22.758s][debug  ][gc,heap        ] GC(83)   eden space 194560K, 0% used [0x00000007f0000000,0x00000007f0000000,0x00000007fbe00000)
[22.758s][debug  ][gc,heap        ] GC(83)   from space 33792K, 90% used [0x00000007fdf00000,0x00000007ffd00030,0x0000000800000000)
[22.758s][debug  ][gc,heap        ] GC(83)   to   space 33792K, 0% used [0x00000007fbe00000,0x00000007fbe00000,0x00000007fdf00000)
[22.758s][debug  ][gc,heap        ] GC(83)  ParOldGen       total 1896960K, used 1691237K [0x0000000700000000, 0x0000000773c80000, 0x00000007f0000000)
[22.758s][debug  ][gc,heap        ] GC(83)   object space 1896960K, 89% used [0x0000000700000000,0x0000000767399648,0x0000000773c80000)
[22.758s][debug  ][gc,heap        ] GC(83)  Metaspace       used 1024K, committed 1216K, reserved 1056768K
[22.758s][debug  ][gc,heap        ] GC(83)   class space    used 83K, committed 192K, reserved 1048576K
[22.758s][debug  ][gc,task,time   ] GC(83) VM-Thread 227382546 227562145 227581248
[22.758s][debug  ][gc,phases,start] GC(84) Pre Compact
[22.758s][debug  ][gc,heap        ] GC(84) Heap before GC invocations=85 (full 15):
[22.758s][debug  ][gc,heap        ] GC(84)  PSYoungGen      total 228352K, used 30720K [0x00000007f0000000, 0x0000000800000000, 0x0000000800000000)
[22.758s][debug  ][gc,heap        ] GC(84)   eden space 194560K, 0% used [0x00000007f0000000,0x00000007f0000000,0x00000007fbe00000)
[22.758s][debug  ][gc,heap        ] GC(84)   from space 33792K, 90% used [0x00000007fdf00000,0x00000007ffd00030,0x0000000800000000)
[22.758s][debug  ][gc,heap        ] GC(84)   to   space 33792K, 0% used [0x00000007fbe00000,0x00000007fbe00000,0x00000007fdf00000)
[22.758s][debug  ][gc,heap        ] GC(84)  ParOldGen       total 1896960K, used 1691237K [0x0000000700000000, 0x0000000773c80000, 0x00000007f0000000)
[22.758s][debug  ][gc,heap        ] GC(84)   object space 1896960K, 89% used [0x0000000700000000,0x0000000767399648,0x0000000773c80000)
[22.758s][debug  ][gc,heap        ] GC(84)  Metaspace       used 1024K, committed 1216K, reserved 1056768K
[22.758s][debug  ][gc,heap        ] GC(84)   class space    used 83K, committed 192K, reserved 1048576K
[22.758s][debug  ][gc,phases      ] GC(84) Pre Compact 0.201ms
[22.758s][info   ][gc,start       ] GC(84) Pause Full (Ergonomics)
[22.758s][info   ][gc,phases,start] GC(84) Marking Phase
[22.758s][debug  ][gc,phases,start] GC(84) Par Mark
[22.759s][debug  ][gc,phases      ] GC(84) Par Mark 0.509ms
[22.759s][debug  ][gc,phases,start] GC(84) Reference Processing
[22.759s][debug  ][gc,ref         ] GC(84) Skipped phase 1 of Reference Processing: no references
[22.759s][debug  ][gc,ref         ] GC(84) ReferenceProcessor::execute queues: 1, RefProcThreadModel::Single, marks_oops_alive: false
[22.759s][debug  ][gc,ref         ] GC(84) Skipped phase 3 of Reference Processing: no references
[22.759s][debug  ][gc,ref         ] GC(84) ReferenceProcessor::execute queues: 1, RefProcThreadModel::Single, marks_oops_alive: false
[22.759s][debug  ][gc,phases,ref  ] GC(84) Reference Processing: 0.1ms
[22.759s][debug  ][gc,phases,ref  ] GC(84)   Reconsider SoftReferences: 0.0ms
[22.759s][debug  ][gc,phases,ref  ] GC(84)     SoftRef (ms):                  skipped
[22.759s][debug  ][gc,phases,ref  ] GC(84)   Notify Soft/WeakReferences: 0.0ms
[22.759s][debug  ][gc,phases,ref  ] GC(84)     SoftRef (ms):                  Min:  0.0, Avg:  0.0, Max:  0.0, Diff:  0.0, Sum:  0.0, Workers: 10
[22.759s][debug  ][gc,phases,ref  ] GC(84)     WeakRef (ms):                  Min:  0.0, Avg:  0.0, Max:  0.0, Diff:  0.0, Sum:  0.0, Workers: 10
[22.759s][debug  ][gc,phases,ref  ] GC(84)     FinalRef (ms):                 Min:  0.0, Avg:  0.0, Max:  0.0, Diff:  0.0, Sum:  0.0, Workers: 10
[22.759s][debug  ][gc,phases,ref  ] GC(84)     Total (ms):                    Min:  0.0, Avg:  0.0, Max:  0.0, Diff:  0.0, Sum:  0.0, Workers: 10
[22.759s][debug  ][gc,phases,ref  ] GC(84)   Notify and keep alive finalizable: 0.0ms
[22.759s][debug  ][gc,phases,ref  ] GC(84)     FinalRef (ms):                 skipped
[22.759s][debug  ][gc,phases,ref  ] GC(84)   Notify PhantomReferences: 0.0ms
[22.759s][debug  ][gc,phases,ref  ] GC(84)     PhantomRef (ms):               Min:  0.0, Avg:  0.0, Max:  0.0, Diff:  0.0, Sum:  0.0, Workers: 10
[22.759s][debug  ][gc,phases,ref  ] GC(84)   SoftReference:
[22.759s][debug  ][gc,phases,ref  ] GC(84)     Discovered: 0
[22.759s][debug  ][gc,phases,ref  ] GC(84)     Cleared: 0
[22.759s][debug  ][gc,phases,ref  ] GC(84)   WeakReference:
[22.760s][debug  ][gc,phases,ref  ] GC(84)     Discovered: 63
[22.760s][debug  ][gc,phases,ref  ] GC(84)     Cleared: 63
[22.760s][debug  ][gc,phases,ref  ] GC(84)   FinalReference:
[22.760s][debug  ][gc,phases,ref  ] GC(84)     Discovered: 0
[22.760s][debug  ][gc,phases,ref  ] GC(84)     Cleared: 0
[22.760s][debug  ][gc,phases,ref  ] GC(84)   PhantomReference:
[22.760s][debug  ][gc,phases,ref  ] GC(84)     Discovered: 5
[22.760s][debug  ][gc,phases,ref  ] GC(84)     Cleared: 5
[22.760s][debug  ][gc,phases      ] GC(84) Reference Processing 0.721ms
[22.760s][debug  ][gc,phases,start] GC(84) Weak Processing
[22.760s][debug  ][gc,phases      ] GC(84)   VM Weak                        Min:  0.0, Avg:  0.0, Max:  0.0, Diff:  0.0, Sum:  0.0, Workers: 6
[22.760s][debug  ][gc,phases      ] GC(84)     Dead                           Min: 0, Avg:  0.0, Max: 0, Diff: 0, Sum: 0, Workers: 6
[22.760s][debug  ][gc,phases      ] GC(84)     Total                          Min: 0, Avg:  1.3, Max: 8, Diff: 8, Sum: 8, Workers: 6
[22.760s][debug  ][gc,phases      ] GC(84)   ObjectSynchronizer Weak        Min:  0.0, Avg:  0.0, Max:  0.0, Diff:  0.0, Sum:  0.0, Workers: 6
[22.760s][debug  ][gc,phases      ] GC(84)     Dead                           Min: 0, Avg:  0.0, Max: 0, Diff: 0, Sum: 0, Workers: 6
[22.760s][debug  ][gc,phases      ] GC(84)     Total                          Min: 0, Avg:  0.5, Max: 3, Diff: 3, Sum: 3, Workers: 6
[22.760s][debug  ][gc,phases      ] GC(84)   JVMTI Tag Weak OopStorage      Min:  0.0, Avg:  0.0, Max:  0.0, Diff:  0.0, Sum:  0.0, Workers: 6
[22.760s][debug  ][gc,phases      ] GC(84)     Dead                           Min: 0, Avg:  0.0, Max: 0, Diff: 0, Sum: 0, Workers: 6
[22.760s][debug  ][gc,phases      ] GC(84)     Total                          Min: 0, Avg:  0.0, Max: 0, Diff: 0, Sum: 0, Workers: 6
[22.760s][debug  ][gc,phases      ] GC(84)   StringTable Weak               Min:  0.0, Avg:  0.0, Max:  0.0, Diff:  0.0, Sum:  0.0, Workers: 6
[22.760s][debug  ][gc,phases      ] GC(84)     Dead                           Min: 0, Avg:  0.0, Max: 0, Diff: 0, Sum: 0, Workers: 6
[22.760s][debug  ][gc,phases      ] GC(84)     Total                          Min: 576, Avg: 892.5, Max: 1408, Diff: 832, Sum: 5355, Workers: 6
[22.760s][debug  ][gc,phases      ] GC(84)   ResolvedMethodTable Weak       Min:  0.0, Avg:  0.0, Max:  0.0, Diff:  0.0, Sum:  0.0, Workers: 6
[22.760s][debug  ][gc,phases      ] GC(84)     Dead                           Min: 0, Avg:  0.0, Max: 0, Diff: 0, Sum: 0, Workers: 6
[22.760s][debug  ][gc,phases      ] GC(84)     Total                          Min: 0, Avg: 21.7, Max: 64, Diff: 64, Sum: 130, Workers: 6
[22.760s][debug  ][gc,phases      ] GC(84)   JNI Weak                       Min:  0.0, Avg:  0.0, Max:  0.0, Diff:  0.0, Sum:  0.0, Workers: 6
[22.760s][debug  ][gc,phases      ] GC(84)     Dead                           Min: 0, Avg:  0.0, Max: 0, Diff: 0, Sum: 0, Workers: 6
[22.760s][debug  ][gc,phases      ] GC(84)     Total                          Min: 0, Avg:  0.0, Max: 0, Diff: 0, Sum: 0, Workers: 6
[22.760s][debug  ][gc,phases      ] GC(84)   StringDedup Table Weak         Min:  0.0, Avg:  0.0, Max:  0.0, Diff:  0.0, Sum:  0.0, Workers: 6
[22.760s][debug  ][gc,phases      ] GC(84)     Dead                           Min: 0, Avg:  0.0, Max: 0, Diff: 0, Sum: 0, Workers: 6
[22.760s][debug  ][gc,phases      ] GC(84)     Total                          Min: 0, Avg:  0.0, Max: 0, Diff: 0, Sum: 0, Workers: 6
[22.760s][debug  ][gc,phases      ] GC(84)   StringDedup Requests0 Weak     Min:  0.0, Avg:  0.0, Max:  0.0, Diff:  0.0, Sum:  0.0, Workers: 6
[22.760s][debug  ][gc,phases      ] GC(84)     Dead                           Min: 0, Avg:  0.0, Max: 0, Diff: 0, Sum: 0, Workers: 6
[22.760s][debug  ][gc,phases      ] GC(84)     Total                          Min: 0, Avg:  0.0, Max: 0, Diff: 0, Sum: 0, Workers: 6
[22.760s][debug  ][gc,phases      ] GC(84)   StringDedup Requests1 Weak     Min:  0.0, Avg:  0.0, Max:  0.0, Diff:  0.0, Sum:  0.0, Workers: 6
[22.760s][debug  ][gc,phases      ] GC(84)     Dead                           Min: 0, Avg:  0.0, Max: 0, Diff: 0, Sum: 0, Workers: 6
[22.760s][debug  ][gc,phases      ] GC(84)     Total                          Min: 0, Avg:  0.0, Max: 0, Diff: 0, Sum: 0, Workers: 6
[22.760s][debug  ][gc,phases      ] GC(84)   Weak JFR Old Object Samples    Min:  0.0, Avg:  0.0, Max:  0.0, Diff:  0.0, Sum:  0.0, Workers: 6
[22.761s][debug  ][gc,phases      ] GC(84)     Dead                           Min: 0, Avg:  0.0, Max: 0, Diff: 0, Sum: 0, Workers: 6
[22.761s][debug  ][gc,phases      ] GC(84)     Total                          Min: 0, Avg:  0.0, Max: 0, Diff: 0, Sum: 0, Workers: 6
[22.761s][debug  ][gc,phases      ] GC(84) Weak Processing 0.840ms
[22.761s][debug  ][gc,phases,start] GC(84) Class Unloading
[22.761s][debug  ][gc,phases,start] GC(84) ClassLoaderData
[22.761s][debug  ][gc,phases      ] GC(84) ClassLoaderData 0.030ms
[22.761s][debug  ][gc,phases,start] GC(84) Trigger cleanups
[22.761s][debug  ][gc,phases      ] GC(84) Trigger cleanups 0.030ms
[22.761s][debug  ][gc,phases      ] GC(84) Class Unloading 0.322ms
[22.761s][info   ][gc,phases      ] GC(84) Marking Phase 2.526ms
[22.761s][info   ][gc,phases,start] GC(84) Summary Phase
[22.761s][info   ][gc,phases      ] GC(84) Summary Phase 0.038ms
[22.761s][info   ][gc,phases,start] GC(84) Adjust Roots
[22.761s][info   ][gc,phases      ] GC(84) Adjust Roots 0.139ms
[22.761s][info   ][gc,phases,start] GC(84) Compaction Phase
[22.850s][info   ][gc,phases      ] GC(84) Compaction Phase 88.844ms
[22.850s][info   ][gc,phases,start] GC(84) Post Compact
[22.856s][info   ][gc,phases      ] GC(84) Post Compact 5.528ms
[22.856s][debug  ][gc,ergo        ] GC(84) AdaptiveSizeStart: collection: 85 
[22.856s][debug  ][gc,ergo        ] GC(84) PSAdaptiveSizePolicy::compute_eden_space_size limits: desired_eden_size: 223838326 old_eden_size: 198705152 eden_limit: 199229440 cur_eden: 199229440 max_eden_size: 199229440 avg_young_live: 24015592
[22.856s][debug  ][gc,ergo        ] GC(84) PSAdaptiveSizePolicy::compute_eden_space_size: costs minor_time: 0.055569 major_cost: 0.034406 mutator_cost: 0.910025 throughput_goal: 0.990000
[22.856s][debug  ][gc,ergo        ] GC(84) Live_space: 869685760 free_space: 961544192
[22.856s][debug  ][gc,ergo        ] GC(84) Old eden_size: 198705152 desired_eden_size: 199229440
[22.856s][debug  ][gc,ergo        ] GC(84) PSAdaptiveSizePolicy::compute_old_gen_free_space: costs minor_time: 0.055569 major_cost: 0.034406  mutator_cost: 0.910025 throughput_goal: 0.990000
[22.856s][debug  ][gc,ergo        ] GC(84) Live_space: 894967296 free_space: 962068480
[22.856s][debug  ][gc,ergo        ] GC(84) Old promo_size: 762839040 desired_promo_size: 821559296
[22.856s][debug  ][gc             ] GC(84) Shrinking ParOldGen from 1896960K by 30208K to 1866752K
[22.856s][debug  ][gc,ergo        ] GC(84) AdaptiveSizeStop: collection: 85 
[22.856s][info   ][gc,heap        ] GC(84) PSYoungGen: 30720K(228352K)->0K(228352K) Eden: 0K(194560K)->0K(194560K) From: 30720K(33792K)->0K(33792K)
[22.856s][info   ][gc,heap        ] GC(84) ParOldGen: 1691237K(1896960K)->810596K(1866752K)
[22.856s][info   ][gc,metaspace   ] GC(84) Metaspace: 1024K(1216K)->1024K(1216K) NonClass: 940K(1024K)->940K(1024K) Class: 83K(192K)->83K(192K)
[22.856s][info   ][gc             ] GC(84) Pause Full (Ergonomics) 1681M->791M(2046M) 97.722ms
[22.856s][info   ][gc,cpu         ] GC(84) User=0.70s Sys=0.06s Real=0.10s
[22.856s][debug  ][gc,heap        ] GC(84) Heap after GC invocations=85 (full 15):
[22.856s][debug  ][gc,heap        ] GC(84)  PSYoungGen      total 228352K, used 0K [0x00000007f0000000, 0x0000000800000000, 0x0000000800000000)
[22.856s][debug  ][gc,heap        ] GC(84)   eden space 194560K, 0% used [0x00000007f0000000,0x00000007f0000000,0x00000007fbe00000)
[22.856s][debug  ][gc,heap        ] GC(84)   from space 33792K, 0% used [0x00000007fbe00000,0x00000007fbe00000,0x00000007fdf00000)
[22.856s][debug  ][gc,heap        ] GC(84)   to   space 33792K, 0% used [0x00000007fdf00000,0x00000007fdf00000,0x0000000800000000)
[22.856s][debug  ][gc,heap        ] GC(84)  ParOldGen       total 1866752K, used 810596K [0x0000000700000000, 0x0000000771f00000, 0x00000007f0000000)
[22.856s][debug  ][gc,heap        ] GC(84)   object space 1866752K, 43% used [0x0000000700000000,0x00000007317990e8,0x0000000771f00000)
[22.856s][debug  ][gc,heap        ] GC(84)  Metaspace       used 1024K, committed 1216K, reserved 1056768K
[22.856s][debug  ][gc,heap        ] GC(84)   class space    used 83K, committed 192K, reserved 1048576K
[22.856s][debug  ][gc,task,time   ] GC(84) VM-Thread 227583944 227611855 228561510
[23.150s][debug  ][gc,heap        ] GC(85) Heap before GC invocations=86 (full 15):
[23.150s][debug  ][gc,heap        ] GC(85)  PSYoungGen      total 228352K, used 188118K [0x00000007f0000000, 0x0000000800000000, 0x0000000800000000)
[23.150s][debug  ][gc,heap        ] GC(85)   eden space 194560K, 96% used [0x00000007f0000000,0x00000007fb7b59c0,0x00000007fbe00000)
[23.150s][debug  ][gc,heap        ] GC(85)   from space 33792K, 0% used [0x00000007fbe00000,0x00000007fbe00000,0x00000007fdf00000)
[23.151s][debug  ][gc,heap        ] GC(85)   to   space 33792K, 0% used [0x00000007fdf00000,0x00000007fdf00000,0x0000000800000000)
[23.151s][debug  ][gc,heap        ] GC(85)  ParOldGen       total 1866752K, used 810596K [0x0000000700000000, 0x0000000771f00000, 0x00000007f0000000)
[23.151s][debug  ][gc,heap        ] GC(85)   object space 1866752K, 43% used [0x0000000700000000,0x00000007317990e8,0x0000000771f00000)
[23.151s][debug  ][gc,heap        ] GC(85)  Metaspace       used 1024K, committed 1216K, reserved 1056768K
[23.151s][debug  ][gc,heap        ] GC(85)   class space    used 83K, committed 192K, reserved 1048576K
[23.151s][debug  ][gc,tlab        ] GC(85) TLAB totals: thrds: 1  refills: 1 max: 1 slow allocs: 17 max 17 waste: 27.1% gc: 3889312B max: 3889312B slow: 0B max: 0B
[23.151s][info   ][gc,start       ] GC(85) Pause Young (Allocation Failure)
[23.151s][debug  ][gc,phases,start] GC(85) Scavenge
[23.164s][debug  ][gc,phases      ] GC(85) Scavenge 12.948ms
[23.164s][debug  ][gc,phases,start] GC(85) Reference Processing
[23.164s][debug  ][gc,ref         ] GC(85) Skipped phase 1 of Reference Processing: no references
[23.164s][debug  ][gc,ref         ] GC(85) Skipped phase 2 of Reference Processing: no references
[23.164s][debug  ][gc,ref         ] GC(85) Skipped phase 3 of Reference Processing: no references
[23.164s][debug  ][gc,ref         ] GC(85) Skipped phase 4 of Reference Processing: no references
[23.164s][debug  ][gc,phases,ref  ] GC(85) Reference Processing: 0.1ms
[23.164s][debug  ][gc,phases,ref  ] GC(85)   Reconsider SoftReferences: 0.0ms
[23.164s][debug  ][gc,phases,ref  ] GC(85)     SoftRef (ms):                  skipped
[23.164s][debug  ][gc,phases,ref  ] GC(85)   Notify Soft/WeakReferences: 0.0ms
[23.164s][debug  ][gc,phases,ref  ] GC(85)     SoftRef (ms):                  skipped
[23.164s][debug  ][gc,phases,ref  ] GC(85)     WeakRef (ms):                  skipped
[23.164s][debug  ][gc,phases,ref  ] GC(85)     FinalRef (ms):                 skipped
[23.164s][debug  ][gc,phases,ref  ] GC(85)     Total (ms):                    skipped
[23.164s][debug  ][gc,phases,ref  ] GC(85)   Notify and keep alive finalizable: 0.0ms
[23.164s][debug  ][gc,phases,ref  ] GC(85)     FinalRef (ms):                 skipped
[23.164s][debug  ][gc,phases,ref  ] GC(85)   Notify PhantomReferences: 0.0ms
[23.164s][debug  ][gc,phases,ref  ] GC(85)     PhantomRef (ms):               skipped
[23.164s][debug  ][gc,phases,ref  ] GC(85)   SoftReference:
[23.164s][debug  ][gc,phases,ref  ] GC(85)     Discovered: 0
[23.164s][debug  ][gc,phases,ref  ] GC(85)     Cleared: 0
[23.164s][debug  ][gc,phases,ref  ] GC(85)   WeakReference:
[23.164s][debug  ][gc,phases,ref  ] GC(85)     Discovered: 0
[23.164s][debug  ][gc,phases,ref  ] GC(85)     Cleared: 0
[23.164s][debug  ][gc,phases,ref  ] GC(85)   FinalReference:
[23.164s][debug  ][gc,phases,ref  ] GC(85)     Discovered: 0
[23.164s][debug  ][gc,phases,ref  ] GC(85)     Cleared: 0
[23.164s][debug  ][gc,phases,ref  ] GC(85)   PhantomReference:
[23.164s][debug  ][gc,phases,ref  ] GC(85)     Discovered: 0
[23.164s][debug  ][gc,phases,ref  ] GC(85)     Cleared: 0
[23.164s][debug  ][gc,phases      ] GC(85) Reference Processing 0.573ms
[23.164s][debug  ][gc,phases,start] GC(85) Weak Processing
[23.164s][debug  ][gc,phases      ] GC(85)   VM Weak                        Min:  0.0, Avg:  0.0, Max:  0.0, Diff:  0.0, Sum:  0.0, Workers: 6
[23.164s][debug  ][gc,phases      ] GC(85)     Dead                           Min: 0, Avg:  0.0, Max: 0, Diff: 0, Sum: 0, Workers: 6
[23.164s][debug  ][gc,phases      ] GC(85)     Total                          Min: 0, Avg:  1.3, Max: 8, Diff: 8, Sum: 8, Workers: 6
[23.165s][debug  ][gc,phases      ] GC(85)   ObjectSynchronizer Weak        Min:  0.0, Avg:  0.0, Max:  0.0, Diff:  0.0, Sum:  0.0, Workers: 6
[23.165s][debug  ][gc,phases      ] GC(85)     Dead                           Min: 0, Avg:  0.0, Max: 0, Diff: 0, Sum: 0, Workers: 6
[23.165s][debug  ][gc,phases      ] GC(85)     Total                          Min: 0, Avg:  0.5, Max: 3, Diff: 3, Sum: 3, Workers: 6
[23.165s][debug  ][gc,phases      ] GC(85)   JVMTI Tag Weak OopStorage      Min:  0.0, Avg:  0.0, Max:  0.0, Diff:  0.0, Sum:  0.0, Workers: 6
[23.165s][debug  ][gc,phases      ] GC(85)     Dead                           Min: 0, Avg:  0.0, Max: 0, Diff: 0, Sum: 0, Workers: 6
[23.165s][debug  ][gc,phases      ] GC(85)     Total                          Min: 0, Avg:  0.0, Max: 0, Diff: 0, Sum: 0, Workers: 6
[23.165s][debug  ][gc,phases      ] GC(85)   StringTable Weak               Min:  0.0, Avg:  0.0, Max:  0.0, Diff:  0.0, Sum:  0.0, Workers: 6
[23.165s][debug  ][gc,phases      ] GC(85)     Dead                           Min: 0, Avg:  0.0, Max: 0, Diff: 0, Sum: 0, Workers: 6
[23.165s][debug  ][gc,phases      ] GC(85)     Total                          Min: 704, Avg: 892.5, Max: 1216, Diff: 512, Sum: 5355, Workers: 6
[23.165s][debug  ][gc,phases      ] GC(85)   ResolvedMethodTable Weak       Min:  0.0, Avg:  0.0, Max:  0.0, Diff:  0.0, Sum:  0.0, Workers: 6
[23.165s][debug  ][gc,phases      ] GC(85)     Dead                           Min: 0, Avg:  0.0, Max: 0, Diff: 0, Sum: 0, Workers: 6
[23.165s][debug  ][gc,phases      ] GC(85)     Total                          Min: 0, Avg: 21.7, Max: 64, Diff: 64, Sum: 130, Workers: 6
[23.165s][debug  ][gc,phases      ] GC(85)   JNI Weak                       Min:  0.0, Avg:  0.0, Max:  0.0, Diff:  0.0, Sum:  0.0, Workers: 6
[23.165s][debug  ][gc,phases      ] GC(85)     Dead                           Min: 0, Avg:  0.0, Max: 0, Diff: 0, Sum: 0, Workers: 6
[23.165s][debug  ][gc,phases      ] GC(85)     Total                          Min: 0, Avg:  0.0, Max: 0, Diff: 0, Sum: 0, Workers: 6
[23.165s][debug  ][gc,phases      ] GC(85)   StringDedup Table Weak         Min:  0.0, Avg:  0.0, Max:  0.0, Diff:  0.0, Sum:  0.0, Workers: 6
[23.165s][debug  ][gc,phases      ] GC(85)     Dead                           Min: 0, Avg:  0.0, Max: 0, Diff: 0, Sum: 0, Workers: 6
[23.165s][debug  ][gc,phases      ] GC(85)     Total                          Min: 0, Avg:  0.0, Max: 0, Diff: 0, Sum: 0, Workers: 6
[23.165s][debug  ][gc,phases      ] GC(85)   StringDedup Requests0 Weak     Min:  0.0, Avg:  0.0, Max:  0.0, Diff:  0.0, Sum:  0.0, Workers: 6
[23.165s][debug  ][gc,phases      ] GC(85)     Dead                           Min: 0, Avg:  0.0, Max: 0, Diff: 0, Sum: 0, Workers: 6
[23.165s][debug  ][gc,phases      ] GC(85)     Total                          Min: 0, Avg:  0.0, Max: 0, Diff: 0, Sum: 0, Workers: 6
[23.165s][debug  ][gc,phases      ] GC(85)   StringDedup Requests1 Weak     Min:  0.0, Avg:  0.0, Max:  0.0, Diff:  0.0, Sum:  0.0, Workers: 6
[23.165s][debug  ][gc,phases      ] GC(85)     Dead                           Min: 0, Avg:  0.0, Max: 0, Diff: 0, Sum: 0, Workers: 6
[23.165s][debug  ][gc,phases      ] GC(85)     Total                          Min: 0, Avg:  0.0, Max: 0, Diff: 0, Sum: 0, Workers: 6
[23.165s][debug  ][gc,phases      ] GC(85)   Weak JFR Old Object Samples    Min:  0.0, Avg:  0.0, Max:  0.0, Diff:  0.0, Sum:  0.0, Workers: 6
[23.165s][debug  ][gc,phases      ] GC(85)     Dead                           Min: 0, Avg:  0.0, Max: 0, Diff: 0, Sum: 0, Workers: 6
[23.165s][debug  ][gc,phases      ] GC(85)     Total                          Min: 0, Avg:  0.0, Max: 0, Diff: 0, Sum: 0, Workers: 6
[23.165s][debug  ][gc,phases      ] GC(85) Weak Processing 0.678ms
[23.165s][debug  ][gc,ergo        ] GC(85) AdaptiveSizeStart:  collection: 86 
[23.165s][debug  ][gc,ergo        ] GC(85) avg_survived_padded_avg: 34040244.000000
[23.165s][debug  ][gc,ergo        ] GC(85) avg_promoted_padded_avg: 252285376.000000  avg_pretenured_padded_avg: 0.000000  tenuring_thresh: 1  target_size: 34078720
[23.165s][debug  ][gc,age         ] GC(85) Desired survivor size 34078720 bytes, new threshold 1 (max threshold 15)
[23.165s][debug  ][gc,ergo        ] GC(85) PSAdaptiveSizePolicy::compute_eden_space_size limits: desired_eden_size: 222920842 old_eden_size: 199229440 eden_limit: 199229440 cur_eden: 199229440 max_eden_size: 199229440 avg_young_live: 24759766
[23.165s][debug  ][gc,ergo        ] GC(85) PSAdaptiveSizePolicy::compute_eden_space_size: costs minor_time: 0.050459 major_cost: 0.034406 mutator_cost: 0.915135 throughput_goal: 0.990000
[23.165s][debug  ][gc,ergo        ] GC(85) Live_space: 895711488 free_space: 1020788736
[23.165s][debug  ][gc,ergo        ] GC(85) Old eden_size: 199229440 desired_eden_size: 199229440
[23.165s][debug  ][gc,ergo        ] GC(85) AdaptiveSizeStop: collection: 86 
[23.165s][info   ][gc,heap        ] GC(85) PSYoungGen: 188118K(228352K)->30720K(228864K) Eden: 188118K(194560K)->0K(195072K) From: 0K(33792K)->30720K(33792K)
[23.165s][info   ][gc,heap        ] GC(85) ParOldGen: 810596K(1866752K)->964196K(1866752K)
[23.165s][info   ][gc,metaspace   ] GC(85) Metaspace: 1024K(1216K)->1024K(1216K) NonClass: 940K(1024K)->940K(1024K) Class: 83K(192K)->83K(192K)
[23.165s][info   ][gc             ] GC(85) Pause Young (Allocation Failure) 975M->971M(2046M) 14.622ms
[23.165s][info   ][gc,cpu         ] GC(85) User=0.06s Sys=0.00s Real=0.02s
[23.165s][debug  ][gc,heap        ] GC(85) Heap after GC invocations=86 (full 15):
[23.165s][debug  ][gc,heap        ] GC(85)  PSYoungGen      total 228864K, used 30720K [0x00000007f0000000, 0x0000000800000000, 0x0000000800000000)
[23.165s][debug  ][gc,heap        ] GC(85)   eden space 195072K, 0% used [0x00000007f0000000,0x00000007f0000000,0x00000007fbe80000)
[23.165s][debug  ][gc,heap        ] GC(85)   from space 33792K, 90% used [0x00000007fdf00000,0x00000007ffd00030,0x0000000800000000)
[23.165s][debug  ][gc,heap        ] GC(85)   to   space 33280K, 0% used [0x00000007fbe80000,0x00000007fbe80000,0x00000007fdf00000)
[23.165s][debug  ][gc,heap        ] GC(85)  ParOldGen       total 1866752K, used 964196K [0x0000000700000000, 0x0000000771f00000, 0x00000007f0000000)
[23.166s][debug  ][gc,heap        ] GC(85)   object space 1866752K, 51% used [0x0000000700000000,0x000000073ad991d8,0x0000000771f00000)
[23.166s][debug  ][gc,heap        ] GC(85)  Metaspace       used 1024K, committed 1216K, reserved 1056768K
[23.166s][debug  ][gc,heap        ] GC(85)   class space    used 83K, committed 192K, reserved 1048576K
[23.166s][debug  ][gc,task,time   ] GC(85) VM-Thread 231502789 231637835 231655794
[23.450s][debug  ][gc,heap        ] GC(86) Heap before GC invocations=87 (full 15):
[23.450s][debug  ][gc,heap        ] GC(86)  PSYoungGen      total 228864K, used 218779K [0x00000007f0000000, 0x0000000800000000, 0x0000000800000000)
[23.450s][debug  ][gc,heap        ] GC(86)   eden space 195072K, 96% used [0x00000007f0000000,0x00000007fb7a6cb8,0x00000007fbe80000)
[23.450s][debug  ][gc,heap        ] GC(86)   from space 33792K, 90% used [0x00000007fdf00000,0x00000007ffd00030,0x0000000800000000)
[23.450s][debug  ][gc,heap        ] GC(86)   to   space 33280K, 0% used [0x00000007fbe80000,0x00000007fbe80000,0x00000007fdf00000)
[23.450s][debug  ][gc,heap        ] GC(86)  ParOldGen       total 1866752K, used 964196K [0x0000000700000000, 0x0000000771f00000, 0x00000007f0000000)
[23.450s][debug  ][gc,heap        ] GC(86)   object space 1866752K, 51% used [0x0000000700000000,0x000000073ad991d8,0x0000000771f00000)
[23.450s][debug  ][gc,heap        ] GC(86)  Metaspace       used 1024K, committed 1216K, reserved 1056768K
[23.450s][debug  ][gc,heap        ] GC(86)   class space    used 83K, committed 192K, reserved 1048576K
[23.450s][debug  ][gc,tlab        ] GC(86) TLAB totals: thrds: 1  refills: 1 max: 1 slow allocs: 17 max 17 waste: 26.7% gc: 3827568B max: 3827568B slow: 0B max: 0B
[23.450s][info   ][gc,start       ] GC(86) Pause Young (Allocation Failure)
[23.450s][debug  ][gc,phases,start] GC(86) Scavenge
[23.461s][debug  ][gc,phases      ] GC(86) Scavenge 10.319ms
[23.461s][debug  ][gc,phases,start] GC(86) Reference Processing
[23.461s][debug  ][gc,ref         ] GC(86) Skipped phase 1 of Reference Processing: no references
[23.461s][debug  ][gc,ref         ] GC(86) Skipped phase 2 of Reference Processing: no references
[23.461s][debug  ][gc,ref         ] GC(86) Skipped phase 3 of Reference Processing: no references
[23.461s][debug  ][gc,ref         ] GC(86) Skipped phase 4 of Reference Processing: no references
[23.461s][debug  ][gc,phases,ref  ] GC(86) Reference Processing: 0.1ms
[23.461s][debug  ][gc,phases,ref  ] GC(86)   Reconsider SoftReferences: 0.0ms
[23.461s][debug  ][gc,phases,ref  ] GC(86)     SoftRef (ms):                  skipped
[23.461s][debug  ][gc,phases,ref  ] GC(86)   Notify Soft/WeakReferences: 0.0ms
[23.461s][debug  ][gc,phases,ref  ] GC(86)     SoftRef (ms):                  skipped
[23.461s][debug  ][gc,phases,ref  ] GC(86)     WeakRef (ms):                  skipped
[23.461s][debug  ][gc,phases,ref  ] GC(86)     FinalRef (ms):                 skipped
[23.461s][debug  ][gc,phases,ref  ] GC(86)     Total (ms):                    skipped
[23.461s][debug  ][gc,phases,ref  ] GC(86)   Notify and keep alive finalizable: 0.0ms
[23.461s][debug  ][gc,phases,ref  ] GC(86)     FinalRef (ms):                 skipped
[23.461s][debug  ][gc,phases,ref  ] GC(86)   Notify PhantomReferences: 0.0ms
[23.461s][debug  ][gc,phases,ref  ] GC(86)     PhantomRef (ms):               skipped
[23.461s][debug  ][gc,phases,ref  ] GC(86)   SoftReference:
[23.461s][debug  ][gc,phases,ref  ] GC(86)     Discovered: 0
[23.461s][debug  ][gc,phases,ref  ] GC(86)     Cleared: 0
[23.461s][debug  ][gc,phases,ref  ] GC(86)   WeakReference:
[23.461s][debug  ][gc,phases,ref  ] GC(86)     Discovered: 0
[23.461s][debug  ][gc,phases,ref  ] GC(86)     Cleared: 0
[23.461s][debug  ][gc,phases,ref  ] GC(86)   FinalReference:
[23.461s][debug  ][gc,phases,ref  ] GC(86)     Discovered: 0
[23.461s][debug  ][gc,phases,ref  ] GC(86)     Cleared: 0
[23.461s][debug  ][gc,phases,ref  ] GC(86)   PhantomReference:
[23.461s][debug  ][gc,phases,ref  ] GC(86)     Discovered: 0
[23.461s][debug  ][gc,phases,ref  ] GC(86)     Cleared: 0
[23.461s][debug  ][gc,phases      ] GC(86) Reference Processing 0.588ms
[23.461s][debug  ][gc,phases,start] GC(86) Weak Processing
[23.461s][debug  ][gc,phases      ] GC(86)   VM Weak                        Min:  0.0, Avg:  0.0, Max:  0.0, Diff:  0.0, Sum:  0.0, Workers: 6
[23.461s][debug  ][gc,phases      ] GC(86)     Dead                           Min: 0, Avg:  0.0, Max: 0, Diff: 0, Sum: 0, Workers: 6
[23.461s][debug  ][gc,phases      ] GC(86)     Total                          Min: 0, Avg:  1.3, Max: 8, Diff: 8, Sum: 8, Workers: 6
[23.461s][debug  ][gc,phases      ] GC(86)   ObjectSynchronizer Weak        Min:  0.0, Avg:  0.0, Max:  0.0, Diff:  0.0, Sum:  0.0, Workers: 6
[23.461s][debug  ][gc,phases      ] GC(86)     Dead                           Min: 0, Avg:  0.0, Max: 0, Diff: 0, Sum: 0, Workers: 6
[23.461s][debug  ][gc,phases      ] GC(86)     Total                          Min: 0, Avg:  0.5, Max: 3, Diff: 3, Sum: 3, Workers: 6
[23.462s][debug  ][gc,phases      ] GC(86)   JVMTI Tag Weak OopStorage      Min:  0.0, Avg:  0.0, Max:  0.0, Diff:  0.0, Sum:  0.0, Workers: 6
[23.462s][debug  ][gc,phases      ] GC(86)     Dead                           Min: 0, Avg:  0.0, Max: 0, Diff: 0, Sum: 0, Workers: 6
[23.462s][debug  ][gc,phases      ] GC(86)     Total                          Min: 0, Avg:  0.0, Max: 0, Diff: 0, Sum: 0, Workers: 6
[23.462s][debug  ][gc,phases      ] GC(86)   StringTable Weak               Min:  0.0, Avg:  0.0, Max:  0.0, Diff:  0.0, Sum:  0.0, Workers: 6
[23.462s][debug  ][gc,phases      ] GC(86)     Dead                           Min: 0, Avg:  0.0, Max: 0, Diff: 0, Sum: 0, Workers: 6
[23.462s][debug  ][gc,phases      ] GC(86)     Total                          Min: 575, Avg: 892.5, Max: 1260, Diff: 685, Sum: 5355, Workers: 6
[23.462s][debug  ][gc,phases      ] GC(86)   ResolvedMethodTable Weak       Min:  0.0, Avg:  0.0, Max:  0.0, Diff:  0.0, Sum:  0.0, Workers: 6
[23.462s][debug  ][gc,phases      ] GC(86)     Dead                           Min: 0, Avg:  0.0, Max: 0, Diff: 0, Sum: 0, Workers: 6
[23.462s][debug  ][gc,phases      ] GC(86)     Total                          Min: 0, Avg: 21.7, Max: 64, Diff: 64, Sum: 130, Workers: 6
[23.462s][debug  ][gc,phases      ] GC(86)   JNI Weak                       Min:  0.0, Avg:  0.0, Max:  0.0, Diff:  0.0, Sum:  0.0, Workers: 6
[23.462s][debug  ][gc,phases      ] GC(86)     Dead                           Min: 0, Avg:  0.0, Max: 0, Diff: 0, Sum: 0, Workers: 6
[23.462s][debug  ][gc,phases      ] GC(86)     Total                          Min: 0, Avg:  0.0, Max: 0, Diff: 0, Sum: 0, Workers: 6
[23.462s][debug  ][gc,phases      ] GC(86)   StringDedup Table Weak         Min:  0.0, Avg:  0.0, Max:  0.0, Diff:  0.0, Sum:  0.0, Workers: 6
[23.462s][debug  ][gc,phases      ] GC(86)     Dead                           Min: 0, Avg:  0.0, Max: 0, Diff: 0, Sum: 0, Workers: 6
[23.462s][debug  ][gc,phases      ] GC(86)     Total                          Min: 0, Avg:  0.0, Max: 0, Diff: 0, Sum: 0, Workers: 6
[23.462s][debug  ][gc,phases      ] GC(86)   StringDedup Requests0 Weak     Min:  0.0, Avg:  0.0, Max:  0.0, Diff:  0.0, Sum:  0.0, Workers: 6
[23.462s][debug  ][gc,phases      ] GC(86)     Dead                           Min: 0, Avg:  0.0, Max: 0, Diff: 0, Sum: 0, Workers: 6
[23.462s][debug  ][gc,phases      ] GC(86)     Total                          Min: 0, Avg:  0.0, Max: 0, Diff: 0, Sum: 0, Workers: 6
[23.462s][debug  ][gc,phases      ] GC(86)   StringDedup Requests1 Weak     Min:  0.0, Avg:  0.0, Max:  0.0, Diff:  0.0, Sum:  0.0, Workers: 6
[23.462s][debug  ][gc,phases      ] GC(86)     Dead                           Min: 0, Avg:  0.0, Max: 0, Diff: 0, Sum: 0, Workers: 6
[23.462s][debug  ][gc,phases      ] GC(86)     Total                          Min: 0, Avg:  0.0, Max: 0, Diff: 0, Sum: 0, Workers: 6
[23.462s][debug  ][gc,phases      ] GC(86)   Weak JFR Old Object Samples    Min:  0.0, Avg:  0.0, Max:  0.0, Diff:  0.0, Sum:  0.0, Workers: 6
[23.462s][debug  ][gc,phases      ] GC(86)     Dead                           Min: 0, Avg:  0.0, Max: 0, Diff: 0, Sum: 0, Workers: 6
[23.462s][debug  ][gc,phases      ] GC(86)     Total                          Min: 0, Avg:  0.0, Max: 0, Diff: 0, Sum: 0, Workers: 6
[23.462s][debug  ][gc,phases      ] GC(86) Weak Processing 0.683ms
[23.462s][debug  ][gc,ergo        ] GC(86) AdaptiveSizeStart:  collection: 87 
[23.462s][debug  ][gc,ergo        ] GC(86) avg_survived_padded_avg: 33865172.000000
[23.462s][debug  ][gc,ergo        ] GC(86) avg_promoted_padded_avg: 250678896.000000  avg_pretenured_padded_avg: 0.000000  tenuring_thresh: 1  target_size: 34078720
[23.462s][debug  ][gc,age         ] GC(86) Desired survivor size 34078720 bytes, new threshold 1 (max threshold 15)
[23.462s][debug  ][gc,ergo        ] GC(86) PSAdaptiveSizePolicy::compute_eden_space_size limits: desired_eden_size: 223206286 old_eden_size: 199229440 eden_limit: 199753728 cur_eden: 199753728 max_eden_size: 199753728 avg_young_live: 25429520
[23.462s][debug  ][gc,ergo        ] GC(86) PSAdaptiveSizePolicy::compute_eden_space_size: costs minor_time: 0.047697 major_cost: 0.034406 mutator_cost: 0.917897 throughput_goal: 0.990000
[23.462s][debug  ][gc,ergo        ] GC(86) Live_space: 896381184 free_space: 1020788736
[23.462s][debug  ][gc,ergo        ] GC(86) Old eden_size: 199229440 desired_eden_size: 199753728
[23.462s][debug  ][gc,ergo        ] GC(86) AdaptiveSizeStop: collection: 87 
[23.462s][info   ][gc,heap        ] GC(86) PSYoungGen: 218779K(228864K)->30720K(228352K) Eden: 188059K(195072K)->0K(195072K) From: 30720K(33792K)->30720K(33280K)
[23.462s][info   ][gc,heap        ] GC(86) ParOldGen: 964196K(1866752K)->1087076K(1866752K)
[23.462s][info   ][gc,metaspace   ] GC(86) Metaspace: 1024K(1216K)->1024K(1216K) NonClass: 940K(1024K)->940K(1024K) Class: 83K(192K)->83K(192K)
[23.462s][info   ][gc             ] GC(86) Pause Young (Allocation Failure) 1155M->1091M(2046M) 12.019ms
[23.462s][info   ][gc,cpu         ] GC(86) User=0.06s Sys=0.00s Real=0.01s
[23.462s][debug  ][gc,heap        ] GC(86) Heap after GC invocations=87 (full 15):
[23.462s][debug  ][gc,heap        ] GC(86)  PSYoungGen      total 228352K, used 30720K [0x00000007f0000000, 0x0000000800000000, 0x0000000800000000)
[23.462s][debug  ][gc,heap        ] GC(86)   eden space 195072K, 0% used [0x00000007f0000000,0x00000007f0000000,0x00000007fbe80000)
[23.462s][debug  ][gc,heap        ] GC(86)   from space 33280K, 92% used [0x00000007fbe80000,0x00000007fdc80030,0x00000007fdf00000)
[23.462s][debug  ][gc,heap        ] GC(86)   to   space 33280K, 0% used [0x00000007fdf80000,0x00000007fdf80000,0x0000000800000000)
[23.462s][debug  ][gc,heap        ] GC(86)  ParOldGen       total 1866752K, used 1087076K [0x0000000700000000, 0x0000000771f00000, 0x00000007f0000000)
[23.462s][debug  ][gc,heap        ] GC(86)   object space 1866752K, 58% used [0x0000000700000000,0x0000000742599298,0x0000000771f00000)
[23.462s][debug  ][gc,heap        ] GC(86)  Metaspace       used 1024K, committed 1216K, reserved 1056768K
[23.463s][debug  ][gc,heap        ] GC(86)   class space    used 83K, committed 192K, reserved 1048576K
[23.463s][debug  ][gc,task,time   ] GC(86) VM-Thread 234498853 234607110 234625314
[23.753s][debug  ][gc,heap        ] GC(87) Heap before GC invocations=88 (full 15):
[23.753s][debug  ][gc,heap        ] GC(87)  PSYoungGen      total 228352K, used 218808K [0x00000007f0000000, 0x0000000800000000, 0x0000000800000000)
[23.753s][debug  ][gc,heap        ] GC(87)   eden space 195072K, 96% used [0x00000007f0000000,0x00000007fb7ae3b0,0x00000007fbe80000)
[23.753s][debug  ][gc,heap        ] GC(87)   from space 33280K, 92% used [0x00000007fbe80000,0x00000007fdc80030,0x00000007fdf00000)
[23.753s][debug  ][gc,heap        ] GC(87)   to   space 33280K, 0% used [0x00000007fdf80000,0x00000007fdf80000,0x0000000800000000)
[23.753s][debug  ][gc,heap        ] GC(87)  ParOldGen       total 1866752K, used 1087076K [0x0000000700000000, 0x0000000771f00000, 0x00000007f0000000)
[23.753s][debug  ][gc,heap        ] GC(87)   object space 1866752K, 58% used [0x0000000700000000,0x0000000742599298,0x0000000771f00000)
[23.753s][debug  ][gc,heap        ] GC(87)  Metaspace       used 1024K, committed 1216K, reserved 1056768K
[23.753s][debug  ][gc,heap        ] GC(87)   class space    used 83K, committed 192K, reserved 1048576K
[23.753s][debug  ][gc,tlab        ] GC(87) TLAB totals: thrds: 1  refills: 1 max: 1 slow allocs: 17 max 17 waste: 26.9% gc: 3859088B max: 3859088B slow: 0B max: 0B
[23.753s][info   ][gc,start       ] GC(87) Pause Young (Allocation Failure)
[23.753s][debug  ][gc,phases,start] GC(87) Scavenge
[23.768s][debug  ][gc,phases      ] GC(87) Scavenge 14.452ms
[23.768s][debug  ][gc,phases,start] GC(87) Reference Processing
[23.768s][debug  ][gc,ref         ] GC(87) Skipped phase 1 of Reference Processing: no references
[23.768s][debug  ][gc,ref         ] GC(87) Skipped phase 2 of Reference Processing: no references
[23.768s][debug  ][gc,ref         ] GC(87) Skipped phase 3 of Reference Processing: no references
[23.768s][debug  ][gc,ref         ] GC(87) Skipped phase 4 of Reference Processing: no references
[23.768s][debug  ][gc,phases,ref  ] GC(87) Reference Processing: 0.1ms
[23.768s][debug  ][gc,phases,ref  ] GC(87)   Reconsider SoftReferences: 0.0ms
[23.768s][debug  ][gc,phases,ref  ] GC(87)     SoftRef (ms):                  skipped
[23.768s][debug  ][gc,phases,ref  ] GC(87)   Notify Soft/WeakReferences: 0.0ms
[23.768s][debug  ][gc,phases,ref  ] GC(87)     SoftRef (ms):                  skipped
[23.768s][debug  ][gc,phases,ref  ] GC(87)     WeakRef (ms):                  skipped
[23.768s][debug  ][gc,phases,ref  ] GC(87)     FinalRef (ms):                 skipped
[23.768s][debug  ][gc,phases,ref  ] GC(87)     Total (ms):                    skipped
[23.768s][debug  ][gc,phases,ref  ] GC(87)   Notify and keep alive finalizable: 0.0ms
[23.768s][debug  ][gc,phases,ref  ] GC(87)     FinalRef (ms):                 skipped
[23.768s][debug  ][gc,phases,ref  ] GC(87)   Notify PhantomReferences: 0.0ms
[23.768s][debug  ][gc,phases,ref  ] GC(87)     PhantomRef (ms):               skipped
[23.768s][debug  ][gc,phases,ref  ] GC(87)   SoftReference:
[23.768s][debug  ][gc,phases,ref  ] GC(87)     Discovered: 0
[23.768s][debug  ][gc,phases,ref  ] GC(87)     Cleared: 0
[23.768s][debug  ][gc,phases,ref  ] GC(87)   WeakReference:
[23.768s][debug  ][gc,phases,ref  ] GC(87)     Discovered: 0
[23.768s][debug  ][gc,phases,ref  ] GC(87)     Cleared: 0
[23.768s][debug  ][gc,phases,ref  ] GC(87)   FinalReference:
[23.768s][debug  ][gc,phases,ref  ] GC(87)     Discovered: 0
[23.768s][debug  ][gc,phases,ref  ] GC(87)     Cleared: 0
[23.768s][debug  ][gc,phases,ref  ] GC(87)   PhantomReference:
[23.768s][debug  ][gc,phases,ref  ] GC(87)     Discovered: 0
[23.768s][debug  ][gc,phases,ref  ] GC(87)     Cleared: 0
[23.769s][debug  ][gc,phases      ] GC(87) Reference Processing 0.571ms
[23.769s][debug  ][gc,phases,start] GC(87) Weak Processing
[23.769s][debug  ][gc,phases      ] GC(87)   VM Weak                        Min:  0.0, Avg:  0.0, Max:  0.0, Diff:  0.0, Sum:  0.0, Workers: 6
[23.769s][debug  ][gc,phases      ] GC(87)     Dead                           Min: 0, Avg:  0.0, Max: 0, Diff: 0, Sum: 0, Workers: 6
[23.769s][debug  ][gc,phases      ] GC(87)     Total                          Min: 0, Avg:  1.3, Max: 8, Diff: 8, Sum: 8, Workers: 6
[23.769s][debug  ][gc,phases      ] GC(87)   ObjectSynchronizer Weak        Min:  0.0, Avg:  0.0, Max:  0.0, Diff:  0.0, Sum:  0.0, Workers: 6
[23.769s][debug  ][gc,phases      ] GC(87)     Dead                           Min: 0, Avg:  0.0, Max: 0, Diff: 0, Sum: 0, Workers: 6
[23.769s][debug  ][gc,phases      ] GC(87)     Total                          Min: 0, Avg:  0.5, Max: 3, Diff: 3, Sum: 3, Workers: 6
[23.769s][debug  ][gc,phases      ] GC(87)   JVMTI Tag Weak OopStorage      Min:  0.0, Avg:  0.0, Max:  0.0, Diff:  0.0, Sum:  0.0, Workers: 6
[23.769s][debug  ][gc,phases      ] GC(87)     Dead                           Min: 0, Avg:  0.0, Max: 0, Diff: 0, Sum: 0, Workers: 6
[23.769s][debug  ][gc,phases      ] GC(87)     Total                          Min: 0, Avg:  0.0, Max: 0, Diff: 0, Sum: 0, Workers: 6
[23.769s][debug  ][gc,phases      ] GC(87)   StringTable Weak               Min:  0.0, Avg:  0.0, Max:  0.0, Diff:  0.0, Sum:  0.0, Workers: 6
[23.769s][debug  ][gc,phases      ] GC(87)     Dead                           Min: 0, Avg:  0.0, Max: 0, Diff: 0, Sum: 0, Workers: 6
[23.769s][debug  ][gc,phases      ] GC(87)     Total                          Min: 684, Avg: 892.5, Max: 1088, Diff: 404, Sum: 5355, Workers: 6
[23.769s][debug  ][gc,phases      ] GC(87)   ResolvedMethodTable Weak       Min:  0.0, Avg:  0.0, Max:  0.0, Diff:  0.0, Sum:  0.0, Workers: 6
[23.769s][debug  ][gc,phases      ] GC(87)     Dead                           Min: 0, Avg:  0.0, Max: 0, Diff: 0, Sum: 0, Workers: 6
[23.769s][debug  ][gc,phases      ] GC(87)     Total                          Min: 0, Avg: 21.7, Max: 64, Diff: 64, Sum: 130, Workers: 6
[23.769s][debug  ][gc,phases      ] GC(87)   JNI Weak                       Min:  0.0, Avg:  0.0, Max:  0.0, Diff:  0.0, Sum:  0.0, Workers: 6
[23.769s][debug  ][gc,phases      ] GC(87)     Dead                           Min: 0, Avg:  0.0, Max: 0, Diff: 0, Sum: 0, Workers: 6
[23.769s][debug  ][gc,phases      ] GC(87)     Total                          Min: 0, Avg:  0.0, Max: 0, Diff: 0, Sum: 0, Workers: 6
[23.769s][debug  ][gc,phases      ] GC(87)   StringDedup Table Weak         Min:  0.0, Avg:  0.0, Max:  0.0, Diff:  0.0, Sum:  0.0, Workers: 6
[23.769s][debug  ][gc,phases      ] GC(87)     Dead                           Min: 0, Avg:  0.0, Max: 0, Diff: 0, Sum: 0, Workers: 6
[23.769s][debug  ][gc,phases      ] GC(87)     Total                          Min: 0, Avg:  0.0, Max: 0, Diff: 0, Sum: 0, Workers: 6
[23.769s][debug  ][gc,phases      ] GC(87)   StringDedup Requests0 Weak     Min:  0.0, Avg:  0.0, Max:  0.0, Diff:  0.0, Sum:  0.0, Workers: 6
[23.769s][debug  ][gc,phases      ] GC(87)     Dead                           Min: 0, Avg:  0.0, Max: 0, Diff: 0, Sum: 0, Workers: 6
[23.769s][debug  ][gc,phases      ] GC(87)     Total                          Min: 0, Avg:  0.0, Max: 0, Diff: 0, Sum: 0, Workers: 6
[23.769s][debug  ][gc,phases      ] GC(87)   StringDedup Requests1 Weak     Min:  0.0, Avg:  0.0, Max:  0.0, Diff:  0.0, Sum:  0.0, Workers: 6
[23.769s][debug  ][gc,phases      ] GC(87)     Dead                           Min: 0, Avg:  0.0, Max: 0, Diff: 0, Sum: 0, Workers: 6
[23.769s][debug  ][gc,phases      ] GC(87)     Total                          Min: 0, Avg:  0.0, Max: 0, Diff: 0, Sum: 0, Workers: 6
[23.769s][debug  ][gc,phases      ] GC(87)   Weak JFR Old Object Samples    Min:  0.0, Avg:  0.0, Max:  0.0, Diff:  0.0, Sum:  0.0, Workers: 6
[23.769s][debug  ][gc,phases      ] GC(87)     Dead                           Min: 0, Avg:  0.0, Max: 0, Diff: 0, Sum: 0, Workers: 6
[23.769s][debug  ][gc,phases      ] GC(87)     Total                          Min: 0, Avg:  0.0, Max: 0, Diff: 0, Sum: 0, Workers: 6
[23.769s][debug  ][gc,phases      ] GC(87) Weak Processing 0.735ms
[23.769s][debug  ][gc,ergo        ] GC(87) AdaptiveSizeStart:  collection: 88 
[23.769s][debug  ][gc,ergo        ] GC(87) avg_survived_padded_avg: 33699284.000000
[23.769s][debug  ][gc,ergo        ] GC(87) avg_promoted_padded_avg: 251537152.000000  avg_pretenured_padded_avg: 0.000000  tenuring_thresh: 1  target_size: 34078720
[23.769s][debug  ][gc,age         ] GC(87) Desired survivor size 34078720 bytes, new threshold 1 (max threshold 15)
[23.769s][debug  ][gc,ergo        ] GC(87) PSAdaptiveSizePolicy::compute_eden_space_size limits: desired_eden_size: 223407779 old_eden_size: 199753728 eden_limit: 200278016 cur_eden: 199753728 max_eden_size: 200278016 avg_young_live: 26032300
[23.769s][debug  ][gc,ergo        ] GC(87) PSAdaptiveSizePolicy::compute_eden_space_size: costs minor_time: 0.048687 major_cost: 0.034406 mutator_cost: 0.916907 throughput_goal: 0.990000
[23.769s][debug  ][gc,ergo        ] GC(87) Live_space: 896983936 free_space: 1021313024
[23.769s][debug  ][gc,ergo        ] GC(87) Old eden_size: 199753728 desired_eden_size: 200278016
[23.769s][debug  ][gc,ergo        ] GC(87) AdaptiveSizeStop: collection: 88 
[23.769s][info   ][gc,heap        ] GC(87) PSYoungGen: 218808K(228352K)->30720K(228864K) Eden: 188088K(195072K)->0K(195584K) From: 30720K(33280K)->30720K(33280K)
[23.770s][info   ][gc,heap        ] GC(87) ParOldGen: 1087076K(1866752K)->1271396K(1866752K)
[23.770s][info   ][gc,metaspace   ] GC(87) Metaspace: 1024K(1216K)->1024K(1216K) NonClass: 940K(1024K)->940K(1024K) Class: 83K(192K)->83K(192K)
[23.770s][info   ][gc             ] GC(87) Pause Young (Allocation Failure) 1275M->1271M(2046M) 16.252ms
[23.770s][info   ][gc,cpu         ] GC(87) User=0.14s Sys=0.00s Real=0.02s
[23.770s][debug  ][gc,heap        ] GC(87) Heap after GC invocations=88 (full 15):
[23.770s][debug  ][gc,heap        ] GC(87)  PSYoungGen      total 228864K, used 30720K [0x00000007f0000000, 0x0000000800000000, 0x0000000800000000)
[23.770s][debug  ][gc,heap        ] GC(87)   eden space 195584K, 0% used [0x00000007f0000000,0x00000007f0000000,0x00000007fbf00000)
[23.770s][debug  ][gc,heap        ] GC(87)   from space 33280K, 92% used [0x00000007fdf80000,0x00000007ffd80030,0x0000000800000000)
[23.770s][debug  ][gc,heap        ] GC(87)   to   space 33280K, 0% used [0x00000007fbf00000,0x00000007fbf00000,0x00000007fdf80000)
[23.770s][debug  ][gc,heap        ] GC(87)  ParOldGen       total 1866752K, used 1271396K [0x0000000700000000, 0x0000000771f00000, 0x00000007f0000000)
[23.770s][debug  ][gc,heap        ] GC(87)   object space 1866752K, 68% used [0x0000000700000000,0x000000074d9993b8,0x0000000771f00000)
[23.770s][debug  ][gc,heap        ] GC(87)  Metaspace       used 1024K, committed 1216K, reserved 1056768K
[23.770s][debug  ][gc,heap        ] GC(87)   class space    used 83K, committed 192K, reserved 1048576K
[23.770s][debug  ][gc,task,time   ] GC(87) VM-Thread 237528086 237679457 237698668
[24.054s][debug  ][gc,heap        ] GC(88) Heap before GC invocations=89 (full 15):
[24.054s][debug  ][gc,heap        ] GC(88)  PSYoungGen      total 228864K, used 218838K [0x00000007f0000000, 0x0000000800000000, 0x0000000800000000)
[24.054s][debug  ][gc,heap        ] GC(88)   eden space 195584K, 96% used [0x00000007f0000000,0x00000007fb7b57f8,0x00000007fbf00000)
[24.054s][debug  ][gc,heap        ] GC(88)   from space 33280K, 92% used [0x00000007fdf80000,0x00000007ffd80030,0x0000000800000000)
[24.054s][debug  ][gc,heap        ] GC(88)   to   space 33280K, 0% used [0x00000007fbf00000,0x00000007fbf00000,0x00000007fdf80000)
[24.054s][debug  ][gc,heap        ] GC(88)  ParOldGen       total 1866752K, used 1271396K [0x0000000700000000, 0x0000000771f00000, 0x00000007f0000000)
[24.054s][debug  ][gc,heap        ] GC(88)   object space 1866752K, 68% used [0x0000000700000000,0x000000074d9993b8,0x0000000771f00000)
[24.054s][debug  ][gc,heap        ] GC(88)  Metaspace       used 1024K, committed 1216K, reserved 1056768K
[24.054s][debug  ][gc,heap        ] GC(88)   class space    used 83K, committed 192K, reserved 1048576K
[24.054s][debug  ][gc,tlab        ] GC(88) TLAB totals: thrds: 1  refills: 1 max: 1 slow allocs: 17 max 17 waste: 27.1% gc: 3888856B max: 3888856B slow: 0B max: 0B
[24.054s][info   ][gc,start       ] GC(88) Pause Young (Allocation Failure)
[24.054s][debug  ][gc,phases,start] GC(88) Scavenge
[24.069s][debug  ][gc,phases      ] GC(88) Scavenge 14.584ms
[24.069s][debug  ][gc,phases,start] GC(88) Reference Processing
[24.069s][debug  ][gc,ref         ] GC(88) Skipped phase 1 of Reference Processing: no references
[24.069s][debug  ][gc,ref         ] GC(88) Skipped phase 2 of Reference Processing: no references
[24.069s][debug  ][gc,ref         ] GC(88) Skipped phase 3 of Reference Processing: no references
[24.069s][debug  ][gc,ref         ] GC(88) Skipped phase 4 of Reference Processing: no references
[24.069s][debug  ][gc,phases,ref  ] GC(88) Reference Processing: 0.1ms
[24.069s][debug  ][gc,phases,ref  ] GC(88)   Reconsider SoftReferences: 0.0ms
[24.069s][debug  ][gc,phases,ref  ] GC(88)     SoftRef (ms):                  skipped
[24.069s][debug  ][gc,phases,ref  ] GC(88)   Notify Soft/WeakReferences: 0.0ms
[24.069s][debug  ][gc,phases,ref  ] GC(88)     SoftRef (ms):                  skipped
[24.069s][debug  ][gc,phases,ref  ] GC(88)     WeakRef (ms):                  skipped
[24.069s][debug  ][gc,phases,ref  ] GC(88)     FinalRef (ms):                 skipped
[24.069s][debug  ][gc,phases,ref  ] GC(88)     Total (ms):                    skipped
[24.069s][debug  ][gc,phases,ref  ] GC(88)   Notify and keep alive finalizable: 0.0ms
[24.069s][debug  ][gc,phases,ref  ] GC(88)     FinalRef (ms):                 skipped
[24.069s][debug  ][gc,phases,ref  ] GC(88)   Notify PhantomReferences: 0.0ms
[24.069s][debug  ][gc,phases,ref  ] GC(88)     PhantomRef (ms):               skipped
[24.069s][debug  ][gc,phases,ref  ] GC(88)   SoftReference:
[24.069s][debug  ][gc,phases,ref  ] GC(88)     Discovered: 0
[24.069s][debug  ][gc,phases,ref  ] GC(88)     Cleared: 0
[24.069s][debug  ][gc,phases,ref  ] GC(88)   WeakReference:
[24.069s][debug  ][gc,phases,ref  ] GC(88)     Discovered: 0
[24.069s][debug  ][gc,phases,ref  ] GC(88)     Cleared: 0
[24.069s][debug  ][gc,phases,ref  ] GC(88)   FinalReference:
[24.069s][debug  ][gc,phases,ref  ] GC(88)     Discovered: 0
[24.069s][debug  ][gc,phases,ref  ] GC(88)     Cleared: 0
[24.069s][debug  ][gc,phases,ref  ] GC(88)   PhantomReference:
[24.069s][debug  ][gc,phases,ref  ] GC(88)     Discovered: 0
[24.069s][debug  ][gc,phases,ref  ] GC(88)     Cleared: 0
[24.069s][debug  ][gc,phases      ] GC(88) Reference Processing 0.578ms
[24.070s][debug  ][gc,phases,start] GC(88) Weak Processing
[24.070s][debug  ][gc,phases      ] GC(88)   VM Weak                        Min:  0.0, Avg:  0.0, Max:  0.0, Diff:  0.0, Sum:  0.0, Workers: 6
[24.070s][debug  ][gc,phases      ] GC(88)     Dead                           Min: 0, Avg:  0.0, Max: 0, Diff: 0, Sum: 0, Workers: 6
[24.070s][debug  ][gc,phases      ] GC(88)     Total                          Min: 0, Avg:  1.3, Max: 8, Diff: 8, Sum: 8, Workers: 6
[24.070s][debug  ][gc,phases      ] GC(88)   ObjectSynchronizer Weak        Min:  0.0, Avg:  0.0, Max:  0.0, Diff:  0.0, Sum:  0.0, Workers: 6
[24.070s][debug  ][gc,phases      ] GC(88)     Dead                           Min: 0, Avg:  0.0, Max: 0, Diff: 0, Sum: 0, Workers: 6
[24.070s][debug  ][gc,phases      ] GC(88)     Total                          Min: 0, Avg:  0.5, Max: 3, Diff: 3, Sum: 3, Workers: 6
[24.070s][debug  ][gc,phases      ] GC(88)   JVMTI Tag Weak OopStorage      Min:  0.0, Avg:  0.0, Max:  0.0, Diff:  0.0, Sum:  0.0, Workers: 6
[24.070s][debug  ][gc,phases      ] GC(88)     Dead                           Min: 0, Avg:  0.0, Max: 0, Diff: 0, Sum: 0, Workers: 6
[24.070s][debug  ][gc,phases      ] GC(88)     Total                          Min: 0, Avg:  0.0, Max: 0, Diff: 0, Sum: 0, Workers: 6
[24.070s][debug  ][gc,phases      ] GC(88)   StringTable Weak               Min:  0.0, Avg:  0.0, Max:  0.0, Diff:  0.0, Sum:  0.0, Workers: 6
[24.070s][debug  ][gc,phases      ] GC(88)     Dead                           Min: 0, Avg:  0.0, Max: 0, Diff: 0, Sum: 0, Workers: 6
[24.070s][debug  ][gc,phases      ] GC(88)     Total                          Min: 640, Avg: 892.5, Max: 1088, Diff: 448, Sum: 5355, Workers: 6
[24.070s][debug  ][gc,phases      ] GC(88)   ResolvedMethodTable Weak       Min:  0.0, Avg:  0.0, Max:  0.0, Diff:  0.0, Sum:  0.0, Workers: 6
[24.070s][debug  ][gc,phases      ] GC(88)     Dead                           Min: 0, Avg:  0.0, Max: 0, Diff: 0, Sum: 0, Workers: 6
[24.070s][debug  ][gc,phases      ] GC(88)     Total                          Min: 0, Avg: 21.7, Max: 64, Diff: 64, Sum: 130, Workers: 6
[24.070s][debug  ][gc,phases      ] GC(88)   JNI Weak                       Min:  0.0, Avg:  0.0, Max:  0.0, Diff:  0.0, Sum:  0.0, Workers: 6
[24.070s][debug  ][gc,phases      ] GC(88)     Dead                           Min: 0, Avg:  0.0, Max: 0, Diff: 0, Sum: 0, Workers: 6
[24.070s][debug  ][gc,phases      ] GC(88)     Total                          Min: 0, Avg:  0.0, Max: 0, Diff: 0, Sum: 0, Workers: 6
[24.070s][debug  ][gc,phases      ] GC(88)   StringDedup Table Weak         Min:  0.0, Avg:  0.0, Max:  0.0, Diff:  0.0, Sum:  0.0, Workers: 6
[24.070s][debug  ][gc,phases      ] GC(88)     Dead                           Min: 0, Avg:  0.0, Max: 0, Diff: 0, Sum: 0, Workers: 6
[24.070s][debug  ][gc,phases      ] GC(88)     Total                          Min: 0, Avg:  0.0, Max: 0, Diff: 0, Sum: 0, Workers: 6
[24.070s][debug  ][gc,phases      ] GC(88)   StringDedup Requests0 Weak     Min:  0.0, Avg:  0.0, Max:  0.0, Diff:  0.0, Sum:  0.0, Workers: 6
[24.070s][debug  ][gc,phases      ] GC(88)     Dead                           Min: 0, Avg:  0.0, Max: 0, Diff: 0, Sum: 0, Workers: 6
[24.070s][debug  ][gc,phases      ] GC(88)     Total                          Min: 0, Avg:  0.0, Max: 0, Diff: 0, Sum: 0, Workers: 6
[24.070s][debug  ][gc,phases      ] GC(88)   StringDedup Requests1 Weak     Min:  0.0, Avg:  0.0, Max:  0.0, Diff:  0.0, Sum:  0.0, Workers: 6
[24.070s][debug  ][gc,phases      ] GC(88)     Dead                           Min: 0, Avg:  0.0, Max: 0, Diff: 0, Sum: 0, Workers: 6
[24.070s][debug  ][gc,phases      ] GC(88)     Total                          Min: 0, Avg:  0.0, Max: 0, Diff: 0, Sum: 0, Workers: 6
[24.070s][debug  ][gc,phases      ] GC(88)   Weak JFR Old Object Samples    Min:  0.0, Avg:  0.0, Max:  0.0, Diff:  0.0, Sum:  0.0, Workers: 6
[24.070s][debug  ][gc,phases      ] GC(88)     Dead                           Min: 0, Avg:  0.0, Max: 0, Diff: 0, Sum: 0, Workers: 6
[24.070s][debug  ][gc,phases      ] GC(88)     Total                          Min: 0, Avg:  0.0, Max: 0, Diff: 0, Sum: 0, Workers: 6
[24.070s][debug  ][gc,phases      ] GC(88) Weak Processing 0.714ms
[24.070s][debug  ][gc,ergo        ] GC(88) AdaptiveSizeStart:  collection: 89 
[24.070s][debug  ][gc,ergo        ] GC(88) avg_survived_padded_avg: 33542492.000000
[24.070s][debug  ][gc,ergo        ] GC(88) avg_promoted_padded_avg: 251604416.000000  avg_pretenured_padded_avg: 0.000000  tenuring_thresh: 1  target_size: 33554432
[24.070s][debug  ][gc,age         ] GC(88) Desired survivor size 33554432 bytes, new threshold 1 (max threshold 15)
[24.070s][debug  ][gc,ergo        ] GC(88) PSAdaptiveSizePolicy::compute_eden_space_size limits: desired_eden_size: 224151300 old_eden_size: 200278016 eden_limit: 200278016 cur_eden: 200278016 max_eden_size: 200278016 avg_young_live: 26574800
[24.070s][debug  ][gc,ergo        ] GC(88) PSAdaptiveSizePolicy::compute_eden_space_size: costs minor_time: 0.049791 major_cost: 0.034406 mutator_cost: 0.915803 throughput_goal: 0.990000
[24.070s][debug  ][gc,ergo        ] GC(88) Live_space: 897526464 free_space: 1021837312
[24.070s][debug  ][gc,ergo        ] GC(88) Old eden_size: 200278016 desired_eden_size: 200278016
[24.070s][debug  ][gc,ergo        ] GC(88) AdaptiveSizeStop: collection: 89 
[24.070s][info   ][gc,heap        ] GC(88) PSYoungGen: 218838K(228864K)->30720K(228864K) Eden: 188117K(195584K)->0K(195584K) From: 30720K(33280K)->30720K(33280K)
[24.070s][info   ][gc,heap        ] GC(88) ParOldGen: 1271396K(1866752K)->1455717K(1866752K)
[24.070s][info   ][gc,metaspace   ] GC(88) Metaspace: 1024K(1216K)->1024K(1216K) NonClass: 940K(1024K)->940K(1024K) Class: 83K(192K)->83K(192K)
[24.071s][info   ][gc             ] GC(88) Pause Young (Allocation Failure) 1455M->1451M(2046M) 16.283ms
[24.071s][info   ][gc,cpu         ] GC(88) User=0.05s Sys=0.00s Real=0.02s
[24.071s][debug  ][gc,heap        ] GC(88) Heap after GC invocations=89 (full 15):
[24.071s][debug  ][gc,heap        ] GC(88)  PSYoungGen      total 228864K, used 30720K [0x00000007f0000000, 0x0000000800000000, 0x0000000800000000)
[24.071s][debug  ][gc,heap        ] GC(88)   eden space 195584K, 0% used [0x00000007f0000000,0x00000007f0000000,0x00000007fbf00000)
[24.071s][debug  ][gc,heap        ] GC(88)   from space 33280K, 92% used [0x00000007fbf00000,0x00000007fdd00030,0x00000007fdf80000)
[24.071s][debug  ][gc,heap        ] GC(88)   to   space 32768K, 0% used [0x00000007fe000000,0x00000007fe000000,0x0000000800000000)
[24.071s][debug  ][gc,heap        ] GC(88)  ParOldGen       total 1866752K, used 1455717K [0x0000000700000000, 0x0000000771f00000, 0x00000007f0000000)
[24.071s][debug  ][gc,heap        ] GC(88)   object space 1866752K, 77% used [0x0000000700000000,0x0000000758d994d8,0x0000000771f00000)
[24.071s][debug  ][gc,heap        ] GC(88)  Metaspace       used 1024K, committed 1216K, reserved 1056768K
[24.071s][debug  ][gc,heap        ] GC(88)   class space    used 83K, committed 192K, reserved 1048576K
[24.071s][debug  ][gc,task,time   ] GC(88) VM-Thread 240538642 240689069 240707387
[24.353s][debug  ][gc,heap        ] GC(89) Heap before GC invocations=90 (full 15):
[24.353s][debug  ][gc,heap        ] GC(89)  PSYoungGen      total 228864K, used 218850K [0x00000007f0000000, 0x0000000800000000, 0x0000000800000000)
[24.353s][debug  ][gc,heap        ] GC(89)   eden space 195584K, 96% used [0x00000007f0000000,0x00000007fb7b88f8,0x00000007fbf00000)
[24.353s][debug  ][gc,heap        ] GC(89)   from space 33280K, 92% used [0x00000007fbf00000,0x00000007fdd00030,0x00000007fdf80000)
[24.353s][debug  ][gc,heap        ] GC(89)   to   space 32768K, 0% used [0x00000007fe000000,0x00000007fe000000,0x0000000800000000)
[24.353s][debug  ][gc,heap        ] GC(89)  ParOldGen       total 1866752K, used 1455717K [0x0000000700000000, 0x0000000771f00000, 0x00000007f0000000)
[24.353s][debug  ][gc,heap        ] GC(89)   object space 1866752K, 77% used [0x0000000700000000,0x0000000758d994d8,0x0000000771f00000)
[24.353s][debug  ][gc,heap        ] GC(89)  Metaspace       used 1024K, committed 1216K, reserved 1056768K
[24.353s][debug  ][gc,heap        ] GC(89)   class space    used 83K, committed 192K, reserved 1048576K
[24.353s][debug  ][gc,tlab        ] GC(89) TLAB totals: thrds: 1  refills: 1 max: 1 slow allocs: 17 max 17 waste: 27.1% gc: 3901400B max: 3901400B slow: 0B max: 0B
[24.353s][info   ][gc,start       ] GC(89) Pause Young (Allocation Failure)
[24.353s][debug  ][gc,phases,start] GC(89) Scavenge
[24.368s][debug  ][gc,phases      ] GC(89) Scavenge 14.442ms
[24.368s][debug  ][gc,phases,start] GC(89) Reference Processing
[24.368s][debug  ][gc,ref         ] GC(89) Skipped phase 1 of Reference Processing: no references
[24.368s][debug  ][gc,ref         ] GC(89) Skipped phase 2 of Reference Processing: no references
[24.368s][debug  ][gc,ref         ] GC(89) Skipped phase 3 of Reference Processing: no references
[24.368s][debug  ][gc,ref         ] GC(89) Skipped phase 4 of Reference Processing: no references
[24.368s][debug  ][gc,phases,ref  ] GC(89) Reference Processing: 0.1ms
[24.368s][debug  ][gc,phases,ref  ] GC(89)   Reconsider SoftReferences: 0.0ms
[24.368s][debug  ][gc,phases,ref  ] GC(89)     SoftRef (ms):                  skipped
[24.368s][debug  ][gc,phases,ref  ] GC(89)   Notify Soft/WeakReferences: 0.0ms
[24.368s][debug  ][gc,phases,ref  ] GC(89)     SoftRef (ms):                  skipped
[24.368s][debug  ][gc,phases,ref  ] GC(89)     WeakRef (ms):                  skipped
[24.368s][debug  ][gc,phases,ref  ] GC(89)     FinalRef (ms):                 skipped
[24.368s][debug  ][gc,phases,ref  ] GC(89)     Total (ms):                    skipped
[24.368s][debug  ][gc,phases,ref  ] GC(89)   Notify and keep alive finalizable: 0.0ms
[24.368s][debug  ][gc,phases,ref  ] GC(89)     FinalRef (ms):                 skipped
[24.368s][debug  ][gc,phases,ref  ] GC(89)   Notify PhantomReferences: 0.0ms
[24.368s][debug  ][gc,phases,ref  ] GC(89)     PhantomRef (ms):               skipped
[24.368s][debug  ][gc,phases,ref  ] GC(89)   SoftReference:
[24.368s][debug  ][gc,phases,ref  ] GC(89)     Discovered: 0
[24.368s][debug  ][gc,phases,ref  ] GC(89)     Cleared: 0
[24.368s][debug  ][gc,phases,ref  ] GC(89)   WeakReference:
[24.368s][debug  ][gc,phases,ref  ] GC(89)     Discovered: 0
[24.368s][debug  ][gc,phases,ref  ] GC(89)     Cleared: 0
[24.368s][debug  ][gc,phases,ref  ] GC(89)   FinalReference:
[24.368s][debug  ][gc,phases,ref  ] GC(89)     Discovered: 0
[24.368s][debug  ][gc,phases,ref  ] GC(89)     Cleared: 0
[24.368s][debug  ][gc,phases,ref  ] GC(89)   PhantomReference:
[24.368s][debug  ][gc,phases,ref  ] GC(89)     Discovered: 0
[24.368s][debug  ][gc,phases,ref  ] GC(89)     Cleared: 0
[24.368s][debug  ][gc,phases      ] GC(89) Reference Processing 0.567ms
[24.368s][debug  ][gc,phases,start] GC(89) Weak Processing
[24.368s][debug  ][gc,phases      ] GC(89)   VM Weak                        Min:  0.0, Avg:  0.0, Max:  0.0, Diff:  0.0, Sum:  0.0, Workers: 6
[24.369s][debug  ][gc,phases      ] GC(89)     Dead                           Min: 0, Avg:  0.0, Max: 0, Diff: 0, Sum: 0, Workers: 6
[24.369s][debug  ][gc,phases      ] GC(89)     Total                          Min: 0, Avg:  1.3, Max: 8, Diff: 8, Sum: 8, Workers: 6
[24.369s][debug  ][gc,phases      ] GC(89)   ObjectSynchronizer Weak        Min:  0.0, Avg:  0.0, Max:  0.0, Diff:  0.0, Sum:  0.0, Workers: 6
[24.369s][debug  ][gc,phases      ] GC(89)     Dead                           Min: 0, Avg:  0.0, Max: 0, Diff: 0, Sum: 0, Workers: 6
[24.369s][debug  ][gc,phases      ] GC(89)     Total                          Min: 0, Avg:  0.5, Max: 3, Diff: 3, Sum: 3, Workers: 6
[24.369s][debug  ][gc,phases      ] GC(89)   JVMTI Tag Weak OopStorage      Min:  0.0, Avg:  0.0, Max:  0.0, Diff:  0.0, Sum:  0.0, Workers: 6
[24.369s][debug  ][gc,phases      ] GC(89)     Dead                           Min: 0, Avg:  0.0, Max: 0, Diff: 0, Sum: 0, Workers: 6
[24.369s][debug  ][gc,phases      ] GC(89)     Total                          Min: 0, Avg:  0.0, Max: 0, Diff: 0, Sum: 0, Workers: 6
[24.369s][debug  ][gc,phases      ] GC(89)   StringTable Weak               Min:  0.0, Avg:  0.0, Max:  0.0, Diff:  0.0, Sum:  0.0, Workers: 6
[24.369s][debug  ][gc,phases      ] GC(89)     Dead                           Min: 0, Avg:  0.0, Max: 0, Diff: 0, Sum: 0, Workers: 6
[24.369s][debug  ][gc,phases      ] GC(89)     Total                          Min: 448, Avg: 892.5, Max: 1280, Diff: 832, Sum: 5355, Workers: 6
[24.369s][debug  ][gc,phases      ] GC(89)   ResolvedMethodTable Weak       Min:  0.0, Avg:  0.0, Max:  0.0, Diff:  0.0, Sum:  0.0, Workers: 6
[24.369s][debug  ][gc,phases      ] GC(89)     Dead                           Min: 0, Avg:  0.0, Max: 0, Diff: 0, Sum: 0, Workers: 6
[24.369s][debug  ][gc,phases      ] GC(89)     Total                          Min: 0, Avg: 21.7, Max: 64, Diff: 64, Sum: 130, Workers: 6
[24.369s][debug  ][gc,phases      ] GC(89)   JNI Weak                       Min:  0.0, Avg:  0.0, Max:  0.0, Diff:  0.0, Sum:  0.0, Workers: 6
[24.369s][debug  ][gc,phases      ] GC(89)     Dead                           Min: 0, Avg:  0.0, Max: 0, Diff: 0, Sum: 0, Workers: 6
[24.369s][debug  ][gc,phases      ] GC(89)     Total                          Min: 0, Avg:  0.0, Max: 0, Diff: 0, Sum: 0, Workers: 6
[24.369s][debug  ][gc,phases      ] GC(89)   StringDedup Table Weak         Min:  0.0, Avg:  0.0, Max:  0.0, Diff:  0.0, Sum:  0.0, Workers: 6
[24.369s][debug  ][gc,phases      ] GC(89)     Dead                           Min: 0, Avg:  0.0, Max: 0, Diff: 0, Sum: 0, Workers: 6
[24.369s][debug  ][gc,phases      ] GC(89)     Total                          Min: 0, Avg:  0.0, Max: 0, Diff: 0, Sum: 0, Workers: 6
[24.369s][debug  ][gc,phases      ] GC(89)   StringDedup Requests0 Weak     Min:  0.0, Avg:  0.0, Max:  0.0, Diff:  0.0, Sum:  0.0, Workers: 6
[24.369s][debug  ][gc,phases      ] GC(89)     Dead                           Min: 0, Avg:  0.0, Max: 0, Diff: 0, Sum: 0, Workers: 6
[24.369s][debug  ][gc,phases      ] GC(89)     Total                          Min: 0, Avg:  0.0, Max: 0, Diff: 0, Sum: 0, Workers: 6
[24.369s][debug  ][gc,phases      ] GC(89)   StringDedup Requests1 Weak     Min:  0.0, Avg:  0.0, Max:  0.0, Diff:  0.0, Sum:  0.0, Workers: 6
[24.369s][debug  ][gc,phases      ] GC(89)     Dead                           Min: 0, Avg:  0.0, Max: 0, Diff: 0, Sum: 0, Workers: 6
[24.369s][debug  ][gc,phases      ] GC(89)     Total                          Min: 0, Avg:  0.0, Max: 0, Diff: 0, Sum: 0, Workers: 6
[24.369s][debug  ][gc,phases      ] GC(89)   Weak JFR Old Object Samples    Min:  0.0, Avg:  0.0, Max:  0.0, Diff:  0.0, Sum:  0.0, Workers: 6
[24.369s][debug  ][gc,phases      ] GC(89)     Dead                           Min: 0, Avg:  0.0, Max: 0, Diff: 0, Sum: 0, Workers: 6
[24.369s][debug  ][gc,phases      ] GC(89)     Total                          Min: 0, Avg:  0.0, Max: 0, Diff: 0, Sum: 0, Workers: 6
[24.369s][debug  ][gc,phases      ] GC(89) Weak Processing 0.697ms
[24.369s][debug  ][gc,ergo        ] GC(89) AdaptiveSizeStart:  collection: 90 
[24.369s][debug  ][gc,ergo        ] GC(89) avg_survived_padded_avg: 33394642.000000
[24.369s][debug  ][gc,ergo        ] GC(89) avg_promoted_padded_avg: 251030288.000000  avg_pretenured_padded_avg: 0.000000  tenuring_thresh: 1  target_size: 33554432
[24.369s][debug  ][gc,age         ] GC(89) Desired survivor size 33554432 bytes, new threshold 1 (max threshold 15)
[24.369s][debug  ][gc,ergo        ] GC(89) PSAdaptiveSizePolicy::compute_eden_space_size limits: desired_eden_size: 224303412 old_eden_size: 200278016 eden_limit: 200802304 cur_eden: 200278016 max_eden_size: 200802304 avg_young_live: 27063052
[24.369s][debug  ][gc,ergo        ] GC(89) PSAdaptiveSizePolicy::compute_eden_space_size: costs minor_time: 0.050575 major_cost: 0.034406 mutator_cost: 0.915019 throughput_goal: 0.990000
[24.369s][debug  ][gc,ergo        ] GC(89) Live_space: 898014720 free_space: 1021837312
[24.369s][debug  ][gc,ergo        ] GC(89) Old eden_size: 200278016 desired_eden_size: 200802304
[24.369s][debug  ][gc,ergo        ] GC(89) AdaptiveSizeStop: collection: 90 
[24.369s][info   ][gc,heap        ] GC(89) PSYoungGen: 218850K(228864K)->30720K(229376K) Eden: 188130K(195584K)->0K(196608K) From: 30720K(33280K)->30720K(32768K)
[24.369s][info   ][gc,heap        ] GC(89) ParOldGen: 1455717K(1866752K)->1640037K(1866752K)
[24.369s][info   ][gc,metaspace   ] GC(89) Metaspace: 1024K(1216K)->1024K(1216K) NonClass: 940K(1024K)->940K(1024K) Class: 83K(192K)->83K(192K)
[24.369s][info   ][gc             ] GC(89) Pause Young (Allocation Failure) 1635M->1631M(2047M) 16.123ms
[24.369s][info   ][gc,cpu         ] GC(89) User=0.16s Sys=0.00s Real=0.02s
[24.369s][debug  ][gc,heap        ] GC(89) Heap after GC invocations=90 (full 15):
[24.369s][debug  ][gc,heap        ] GC(89)  PSYoungGen      total 229376K, used 30720K [0x00000007f0000000, 0x0000000800000000, 0x0000000800000000)
[24.369s][debug  ][gc,heap        ] GC(89)   eden space 196608K, 0% used [0x00000007f0000000,0x00000007f0000000,0x00000007fc000000)
[24.370s][debug  ][gc,heap        ] GC(89)   from space 32768K, 93% used [0x00000007fe000000,0x00000007ffe00030,0x0000000800000000)
[24.370s][debug  ][gc,heap        ] GC(89)   to   space 32768K, 0% used [0x00000007fc000000,0x00000007fc000000,0x00000007fe000000)
[24.370s][debug  ][gc,heap        ] GC(89)  ParOldGen       total 1866752K, used 1640037K [0x0000000700000000, 0x0000000771f00000, 0x00000007f0000000)
[24.370s][debug  ][gc,heap        ] GC(89)   object space 1866752K, 87% used [0x0000000700000000,0x00000007641995f8,0x0000000771f00000)
[24.370s][debug  ][gc,heap        ] GC(89)  Metaspace       used 1024K, committed 1216K, reserved 1056768K
[24.370s][debug  ][gc,heap        ] GC(89)   class space    used 83K, committed 192K, reserved 1048576K
[24.370s][debug  ][gc,task,time   ] GC(89) VM-Thread 243529696 243678276 243696336
[24.370s][debug  ][gc,phases,start] GC(90) Pre Compact
[24.370s][debug  ][gc,heap        ] GC(90) Heap before GC invocations=91 (full 16):
[24.370s][debug  ][gc,heap        ] GC(90)  PSYoungGen      total 229376K, used 30720K [0x00000007f0000000, 0x0000000800000000, 0x0000000800000000)
[24.370s][debug  ][gc,heap        ] GC(90)   eden space 196608K, 0% used [0x00000007f0000000,0x00000007f0000000,0x00000007fc000000)
[24.370s][debug  ][gc,heap        ] GC(90)   from space 32768K, 93% used [0x00000007fe000000,0x00000007ffe00030,0x0000000800000000)
[24.370s][debug  ][gc,heap        ] GC(90)   to   space 32768K, 0% used [0x00000007fc000000,0x00000007fc000000,0x00000007fe000000)
[24.370s][debug  ][gc,heap        ] GC(90)  ParOldGen       total 1866752K, used 1640037K [0x0000000700000000, 0x0000000771f00000, 0x00000007f0000000)
[24.370s][debug  ][gc,heap        ] GC(90)   object space 1866752K, 87% used [0x0000000700000000,0x00000007641995f8,0x0000000771f00000)
[24.370s][debug  ][gc,heap        ] GC(90)  Metaspace       used 1024K, committed 1216K, reserved 1056768K
[24.370s][debug  ][gc,heap        ] GC(90)   class space    used 83K, committed 192K, reserved 1048576K
[24.370s][debug  ][gc,phases      ] GC(90) Pre Compact 0.205ms
[24.370s][info   ][gc,start       ] GC(90) Pause Full (Ergonomics)
[24.370s][info   ][gc,phases,start] GC(90) Marking Phase
[24.370s][debug  ][gc,phases,start] GC(90) Par Mark
[24.370s][debug  ][gc,phases      ] GC(90) Par Mark 0.493ms
[24.370s][debug  ][gc,phases,start] GC(90) Reference Processing
[24.370s][debug  ][gc,ref         ] GC(90) Skipped phase 1 of Reference Processing: no references
[24.370s][debug  ][gc,ref         ] GC(90) ReferenceProcessor::execute queues: 1, RefProcThreadModel::Single, marks_oops_alive: false
[24.371s][debug  ][gc,ref         ] GC(90) Skipped phase 3 of Reference Processing: no references
[24.371s][debug  ][gc,ref         ] GC(90) ReferenceProcessor::execute queues: 1, RefProcThreadModel::Single, marks_oops_alive: false
[24.371s][debug  ][gc,phases,ref  ] GC(90) Reference Processing: 0.1ms
[24.371s][debug  ][gc,phases,ref  ] GC(90)   Reconsider SoftReferences: 0.0ms
[24.371s][debug  ][gc,phases,ref  ] GC(90)     SoftRef (ms):                  skipped
[24.371s][debug  ][gc,phases,ref  ] GC(90)   Notify Soft/WeakReferences: 0.0ms
[24.371s][debug  ][gc,phases,ref  ] GC(90)     SoftRef (ms):                  Min:  0.0, Avg:  0.0, Max:  0.0, Diff:  0.0, Sum:  0.0, Workers: 10
[24.371s][debug  ][gc,phases,ref  ] GC(90)     WeakRef (ms):                  Min:  0.0, Avg:  0.0, Max:  0.0, Diff:  0.0, Sum:  0.0, Workers: 10
[24.371s][debug  ][gc,phases,ref  ] GC(90)     FinalRef (ms):                 Min:  0.0, Avg:  0.0, Max:  0.0, Diff:  0.0, Sum:  0.0, Workers: 10
[24.371s][debug  ][gc,phases,ref  ] GC(90)     Total (ms):                    Min:  0.0, Avg:  0.0, Max:  0.0, Diff:  0.0, Sum:  0.0, Workers: 10
[24.371s][debug  ][gc,phases,ref  ] GC(90)   Notify and keep alive finalizable: 0.0ms
[24.371s][debug  ][gc,phases,ref  ] GC(90)     FinalRef (ms):                 skipped
[24.371s][debug  ][gc,phases,ref  ] GC(90)   Notify PhantomReferences: 0.0ms
[24.371s][debug  ][gc,phases,ref  ] GC(90)     PhantomRef (ms):               Min:  0.0, Avg:  0.0, Max:  0.0, Diff:  0.0, Sum:  0.0, Workers: 10
[24.371s][debug  ][gc,phases,ref  ] GC(90)   SoftReference:
[24.371s][debug  ][gc,phases,ref  ] GC(90)     Discovered: 0
[24.371s][debug  ][gc,phases,ref  ] GC(90)     Cleared: 0
[24.371s][debug  ][gc,phases,ref  ] GC(90)   WeakReference:
[24.371s][debug  ][gc,phases,ref  ] GC(90)     Discovered: 78
[24.371s][debug  ][gc,phases,ref  ] GC(90)     Cleared: 78
[24.371s][debug  ][gc,phases,ref  ] GC(90)   FinalReference:
[24.371s][debug  ][gc,phases,ref  ] GC(90)     Discovered: 0
[24.371s][debug  ][gc,phases,ref  ] GC(90)     Cleared: 0
[24.371s][debug  ][gc,phases,ref  ] GC(90)   PhantomReference:
[24.371s][debug  ][gc,phases,ref  ] GC(90)     Discovered: 5
[24.371s][debug  ][gc,phases,ref  ] GC(90)     Cleared: 5
[24.371s][debug  ][gc,phases      ] GC(90) Reference Processing 0.574ms
[24.371s][debug  ][gc,phases,start] GC(90) Weak Processing
[24.371s][debug  ][gc,phases      ] GC(90)   VM Weak                        Min:  0.0, Avg:  0.0, Max:  0.0, Diff:  0.0, Sum:  0.0, Workers: 6
[24.371s][debug  ][gc,phases      ] GC(90)     Dead                           Min: 0, Avg:  0.0, Max: 0, Diff: 0, Sum: 0, Workers: 6
[24.371s][debug  ][gc,phases      ] GC(90)     Total                          Min: 0, Avg:  1.3, Max: 8, Diff: 8, Sum: 8, Workers: 6
[24.371s][debug  ][gc,phases      ] GC(90)   ObjectSynchronizer Weak        Min:  0.0, Avg:  0.0, Max:  0.0, Diff:  0.0, Sum:  0.0, Workers: 6
[24.371s][debug  ][gc,phases      ] GC(90)     Dead                           Min: 0, Avg:  0.0, Max: 0, Diff: 0, Sum: 0, Workers: 6
[24.371s][debug  ][gc,phases      ] GC(90)     Total                          Min: 0, Avg:  0.5, Max: 3, Diff: 3, Sum: 3, Workers: 6
[24.371s][debug  ][gc,phases      ] GC(90)   JVMTI Tag Weak OopStorage      Min:  0.0, Avg:  0.0, Max:  0.0, Diff:  0.0, Sum:  0.0, Workers: 6
[24.371s][debug  ][gc,phases      ] GC(90)     Dead                           Min: 0, Avg:  0.0, Max: 0, Diff: 0, Sum: 0, Workers: 6
[24.371s][debug  ][gc,phases      ] GC(90)     Total                          Min: 0, Avg:  0.0, Max: 0, Diff: 0, Sum: 0, Workers: 6
[24.371s][debug  ][gc,phases      ] GC(90)   StringTable Weak               Min:  0.0, Avg:  0.0, Max:  0.0, Diff:  0.0, Sum:  0.0, Workers: 6
[24.371s][debug  ][gc,phases      ] GC(90)     Dead                           Min: 0, Avg:  0.0, Max: 0, Diff: 0, Sum: 0, Workers: 6
[24.371s][debug  ][gc,phases      ] GC(90)     Total                          Min: 684, Avg: 892.5, Max: 1151, Diff: 467, Sum: 5355, Workers: 6
[24.371s][debug  ][gc,phases      ] GC(90)   ResolvedMethodTable Weak       Min:  0.0, Avg:  0.0, Max:  0.0, Diff:  0.0, Sum:  0.0, Workers: 6
[24.371s][debug  ][gc,phases      ] GC(90)     Dead                           Min: 0, Avg:  0.0, Max: 0, Diff: 0, Sum: 0, Workers: 6
[24.371s][debug  ][gc,phases      ] GC(90)     Total                          Min: 0, Avg: 21.7, Max: 64, Diff: 64, Sum: 130, Workers: 6
[24.371s][debug  ][gc,phases      ] GC(90)   JNI Weak                       Min:  0.0, Avg:  0.0, Max:  0.0, Diff:  0.0, Sum:  0.0, Workers: 6
[24.371s][debug  ][gc,phases      ] GC(90)     Dead                           Min: 0, Avg:  0.0, Max: 0, Diff: 0, Sum: 0, Workers: 6
[24.371s][debug  ][gc,phases      ] GC(90)     Total                          Min: 0, Avg:  0.0, Max: 0, Diff: 0, Sum: 0, Workers: 6
[24.371s][debug  ][gc,phases      ] GC(90)   StringDedup Table Weak         Min:  0.0, Avg:  0.0, Max:  0.0, Diff:  0.0, Sum:  0.0, Workers: 6
[24.371s][debug  ][gc,phases      ] GC(90)     Dead                           Min: 0, Avg:  0.0, Max: 0, Diff: 0, Sum: 0, Workers: 6
[24.372s][debug  ][gc,phases      ] GC(90)     Total                          Min: 0, Avg:  0.0, Max: 0, Diff: 0, Sum: 0, Workers: 6
[24.372s][debug  ][gc,phases      ] GC(90)   StringDedup Requests0 Weak     Min:  0.0, Avg:  0.0, Max:  0.0, Diff:  0.0, Sum:  0.0, Workers: 6
[24.372s][debug  ][gc,phases      ] GC(90)     Dead                           Min: 0, Avg:  0.0, Max: 0, Diff: 0, Sum: 0, Workers: 6
[24.372s][debug  ][gc,phases      ] GC(90)     Total                          Min: 0, Avg:  0.0, Max: 0, Diff: 0, Sum: 0, Workers: 6
[24.372s][debug  ][gc,phases      ] GC(90)   StringDedup Requests1 Weak     Min:  0.0, Avg:  0.0, Max:  0.0, Diff:  0.0, Sum:  0.0, Workers: 6
[24.372s][debug  ][gc,phases      ] GC(90)     Dead                           Min: 0, Avg:  0.0, Max: 0, Diff: 0, Sum: 0, Workers: 6
[24.372s][debug  ][gc,phases      ] GC(90)     Total                          Min: 0, Avg:  0.0, Max: 0, Diff: 0, Sum: 0, Workers: 6
[24.372s][debug  ][gc,phases      ] GC(90)   Weak JFR Old Object Samples    Min:  0.0, Avg:  0.0, Max:  0.0, Diff:  0.0, Sum:  0.0, Workers: 6
[24.372s][debug  ][gc,phases      ] GC(90)     Dead                           Min: 0, Avg:  0.0, Max: 0, Diff: 0, Sum: 0, Workers: 6
[24.372s][debug  ][gc,phases      ] GC(90)     Total                          Min: 0, Avg:  0.0, Max: 0, Diff: 0, Sum: 0, Workers: 6
[24.372s][debug  ][gc,phases      ] GC(90) Weak Processing 0.668ms
[24.372s][debug  ][gc,phases,start] GC(90) Class Unloading
[24.372s][debug  ][gc,phases,start] GC(90) ClassLoaderData
[24.372s][debug  ][gc,phases      ] GC(90) ClassLoaderData 0.019ms
[24.372s][debug  ][gc,phases,start] GC(90) Trigger cleanups
[24.372s][debug  ][gc,phases      ] GC(90) Trigger cleanups 0.019ms
[24.372s][debug  ][gc,phases      ] GC(90) Class Unloading 0.255ms
[24.372s][info   ][gc,phases      ] GC(90) Marking Phase 2.101ms
[24.372s][info   ][gc,phases,start] GC(90) Summary Phase
[24.372s][info   ][gc,phases      ] GC(90) Summary Phase 0.037ms
[24.372s][info   ][gc,phases,start] GC(90) Adjust Roots
[24.372s][info   ][gc,phases      ] GC(90) Adjust Roots 0.148ms
[24.372s][info   ][gc,phases,start] GC(90) Compaction Phase
[24.450s][info   ][gc,phases      ] GC(90) Compaction Phase 78.069ms
[24.451s][info   ][gc,phases,start] GC(90) Post Compact
[24.456s][info   ][gc,phases      ] GC(90) Post Compact 5.408ms
[24.456s][debug  ][gc,ergo        ] GC(90) AdaptiveSizeStart: collection: 91 
[24.456s][debug  ][gc,ergo        ] GC(90) PSAdaptiveSizePolicy::compute_eden_space_size limits: desired_eden_size: 224055353 old_eden_size: 200802304 eden_limit: 201326592 cur_eden: 201326592 max_eden_size: 201326592 avg_young_live: 24356746
[24.456s][debug  ][gc,ergo        ] GC(90) PSAdaptiveSizePolicy::compute_eden_space_size: costs minor_time: 0.050575 major_cost: 0.039254 mutator_cost: 0.910171 throughput_goal: 0.990000
[24.456s][debug  ][gc,ergo        ] GC(90) Live_space: 895308416 free_space: 1022361600
[24.456s][debug  ][gc,ergo        ] GC(90) Old eden_size: 200802304 desired_eden_size: 201326592
[24.456s][debug  ][gc,ergo        ] GC(90) PSAdaptiveSizePolicy::compute_old_gen_free_space: costs minor_time: 0.050575 major_cost: 0.039254  mutator_cost: 0.910171 throughput_goal: 0.990000
[24.456s][debug  ][gc,ergo        ] GC(90) Live_space: 907576064 free_space: 1022885888
[24.456s][debug  ][gc,ergo        ] GC(90) Old promo_size: 821559296 desired_promo_size: 893911040
[24.456s][debug  ][gc             ] GC(90) Shrinking ParOldGen from 1866752K by 40448K to 1826304K
[24.456s][debug  ][gc,ergo        ] GC(90) AdaptiveSizeStop: collection: 91 
[24.456s][info   ][gc,heap        ] GC(90) PSYoungGen: 30720K(229376K)->0K(229376K) Eden: 0K(196608K)->0K(196608K) From: 30720K(32768K)->0K(32768K)
[24.456s][info   ][gc,heap        ] GC(90) ParOldGen: 1640037K(1866752K)->708196K(1826304K)
[24.456s][info   ][gc,metaspace   ] GC(90) Metaspace: 1024K(1216K)->1024K(1216K) NonClass: 940K(1024K)->940K(1024K) Class: 83K(192K)->83K(192K)
[24.456s][info   ][gc             ] GC(90) Pause Full (Ergonomics) 1631M->691M(2007M) 86.527ms
[24.456s][info   ][gc,cpu         ] GC(90) User=0.72s Sys=0.00s Real=0.09s
[24.456s][debug  ][gc,heap        ] GC(90) Heap after GC invocations=91 (full 16):
[24.456s][debug  ][gc,heap        ] GC(90)  PSYoungGen      total 229376K, used 0K [0x00000007f0000000, 0x0000000800000000, 0x0000000800000000)
[24.457s][debug  ][gc,heap        ] GC(90)   eden space 196608K, 0% used [0x00000007f0000000,0x00000007f0000000,0x00000007fc000000)
[24.457s][debug  ][gc,heap        ] GC(90)   from space 32768K, 0% used [0x00000007fc000000,0x00000007fc000000,0x00000007fe000000)
[24.457s][debug  ][gc,heap        ] GC(90)   to   space 32768K, 0% used [0x00000007fe000000,0x00000007fe000000,0x0000000800000000)
[24.457s][debug  ][gc,heap        ] GC(90)  ParOldGen       total 1826304K, used 708196K [0x0000000700000000, 0x000000076f780000, 0x00000007f0000000)
[24.457s][debug  ][gc,heap        ] GC(90)   object space 1826304K, 38% used [0x0000000700000000,0x000000072b399048,0x000000076f780000)
[24.457s][debug  ][gc,heap        ] GC(90)  Metaspace       used 1024K, committed 1216K, reserved 1056768K
[24.457s][debug  ][gc,heap        ] GC(90)   class space    used 83K, committed 192K, reserved 1048576K
[24.457s][debug  ][gc,task,time   ] GC(90) VM-Thread 243699088 243722747 244564644
[24.748s][debug  ][gc,heap        ] GC(91) Heap before GC invocations=92 (full 16):
[24.748s][debug  ][gc,heap        ] GC(91)  PSYoungGen      total 229376K, used 188158K [0x00000007f0000000, 0x0000000800000000, 0x0000000800000000)
[24.748s][debug  ][gc,heap        ] GC(91)   eden space 196608K, 95% used [0x00000007f0000000,0x00000007fb7bf868,0x00000007fc000000)
[24.748s][debug  ][gc,heap        ] GC(91)   from space 32768K, 0% used [0x00000007fc000000,0x00000007fc000000,0x00000007fe000000)
[24.749s][debug  ][gc,heap        ] GC(91)   to   space 32768K, 0% used [0x00000007fe000000,0x00000007fe000000,0x0000000800000000)
[24.749s][debug  ][gc,heap        ] GC(91)  ParOldGen       total 1826304K, used 708196K [0x0000000700000000, 0x000000076f780000, 0x00000007f0000000)
[24.749s][debug  ][gc,heap        ] GC(91)   object space 1826304K, 38% used [0x0000000700000000,0x000000072b399048,0x000000076f780000)
[24.749s][debug  ][gc,heap        ] GC(91)  Metaspace       used 1024K, committed 1216K, reserved 1056768K
[24.749s][debug  ][gc,heap        ] GC(91)   class space    used 83K, committed 192K, reserved 1048576K
[24.749s][debug  ][gc,tlab        ] GC(91) TLAB totals: thrds: 1  refills: 1 max: 1 slow allocs: 17 max 17 waste: 27.3% gc: 3929928B max: 3929928B slow: 0B max: 0B
[24.749s][info   ][gc,start       ] GC(91) Pause Young (Allocation Failure)
[24.749s][debug  ][gc,phases,start] GC(91) Scavenge
[24.762s][debug  ][gc,phases      ] GC(91) Scavenge 12.862ms
[24.762s][debug  ][gc,phases,start] GC(91) Reference Processing
[24.762s][debug  ][gc,ref         ] GC(91) Skipped phase 1 of Reference Processing: no references
[24.762s][debug  ][gc,ref         ] GC(91) Skipped phase 2 of Reference Processing: no references
[24.762s][debug  ][gc,ref         ] GC(91) Skipped phase 3 of Reference Processing: no references
[24.762s][debug  ][gc,ref         ] GC(91) Skipped phase 4 of Reference Processing: no references
[24.762s][debug  ][gc,phases,ref  ] GC(91) Reference Processing: 0.1ms
[24.762s][debug  ][gc,phases,ref  ] GC(91)   Reconsider SoftReferences: 0.0ms
[24.762s][debug  ][gc,phases,ref  ] GC(91)     SoftRef (ms):                  skipped
[24.762s][debug  ][gc,phases,ref  ] GC(91)   Notify Soft/WeakReferences: 0.0ms
[24.762s][debug  ][gc,phases,ref  ] GC(91)     SoftRef (ms):                  skipped
[24.762s][debug  ][gc,phases,ref  ] GC(91)     WeakRef (ms):                  skipped
[24.762s][debug  ][gc,phases,ref  ] GC(91)     FinalRef (ms):                 skipped
[24.762s][debug  ][gc,phases,ref  ] GC(91)     Total (ms):                    skipped
[24.762s][debug  ][gc,phases,ref  ] GC(91)   Notify and keep alive finalizable: 0.0ms
[24.762s][debug  ][gc,phases,ref  ] GC(91)     FinalRef (ms):                 skipped
[24.762s][debug  ][gc,phases,ref  ] GC(91)   Notify PhantomReferences: 0.0ms
[24.762s][debug  ][gc,phases,ref  ] GC(91)     PhantomRef (ms):               skipped
[24.762s][debug  ][gc,phases,ref  ] GC(91)   SoftReference:
[24.762s][debug  ][gc,phases,ref  ] GC(91)     Discovered: 0
[24.762s][debug  ][gc,phases,ref  ] GC(91)     Cleared: 0
[24.762s][debug  ][gc,phases,ref  ] GC(91)   WeakReference:
[24.762s][debug  ][gc,phases,ref  ] GC(91)     Discovered: 0
[24.762s][debug  ][gc,phases,ref  ] GC(91)     Cleared: 0
[24.762s][debug  ][gc,phases,ref  ] GC(91)   FinalReference:
[24.762s][debug  ][gc,phases,ref  ] GC(91)     Discovered: 0
[24.762s][debug  ][gc,phases,ref  ] GC(91)     Cleared: 0
[24.762s][debug  ][gc,phases,ref  ] GC(91)   PhantomReference:
[24.762s][debug  ][gc,phases,ref  ] GC(91)     Discovered: 0
[24.762s][debug  ][gc,phases,ref  ] GC(91)     Cleared: 0
[24.762s][debug  ][gc,phases      ] GC(91) Reference Processing 0.674ms
[24.762s][debug  ][gc,phases,start] GC(91) Weak Processing
[24.763s][debug  ][gc,phases      ] GC(91)   VM Weak                        Min:  0.0, Avg:  0.0, Max:  0.0, Diff:  0.0, Sum:  0.0, Workers: 6
[24.763s][debug  ][gc,phases      ] GC(91)     Dead                           Min: 0, Avg:  0.0, Max: 0, Diff: 0, Sum: 0, Workers: 6
[24.763s][debug  ][gc,phases      ] GC(91)     Total                          Min: 0, Avg:  1.3, Max: 8, Diff: 8, Sum: 8, Workers: 6
[24.763s][debug  ][gc,phases      ] GC(91)   ObjectSynchronizer Weak        Min:  0.0, Avg:  0.0, Max:  0.0, Diff:  0.0, Sum:  0.0, Workers: 6
[24.763s][debug  ][gc,phases      ] GC(91)     Dead                           Min: 0, Avg:  0.0, Max: 0, Diff: 0, Sum: 0, Workers: 6
[24.763s][debug  ][gc,phases      ] GC(91)     Total                          Min: 0, Avg:  0.5, Max: 3, Diff: 3, Sum: 3, Workers: 6
[24.763s][debug  ][gc,phases      ] GC(91)   JVMTI Tag Weak OopStorage      Min:  0.0, Avg:  0.0, Max:  0.0, Diff:  0.0, Sum:  0.0, Workers: 6
[24.763s][debug  ][gc,phases      ] GC(91)     Dead                           Min: 0, Avg:  0.0, Max: 0, Diff: 0, Sum: 0, Workers: 6
[24.763s][debug  ][gc,phases      ] GC(91)     Total                          Min: 0, Avg:  0.0, Max: 0, Diff: 0, Sum: 0, Workers: 6
[24.763s][debug  ][gc,phases      ] GC(91)   StringTable Weak               Min:  0.0, Avg:  0.0, Max:  0.0, Diff:  0.0, Sum:  0.0, Workers: 6
[24.763s][debug  ][gc,phases      ] GC(91)     Dead                           Min: 0, Avg:  0.0, Max: 0, Diff: 0, Sum: 0, Workers: 6
[24.763s][debug  ][gc,phases      ] GC(91)     Total                          Min: 831, Avg: 892.5, Max: 1004, Diff: 173, Sum: 5355, Workers: 6
[24.763s][debug  ][gc,phases      ] GC(91)   ResolvedMethodTable Weak       Min:  0.0, Avg:  0.0, Max:  0.0, Diff:  0.0, Sum:  0.0, Workers: 6
[24.763s][debug  ][gc,phases      ] GC(91)     Dead                           Min: 0, Avg:  0.0, Max: 0, Diff: 0, Sum: 0, Workers: 6
[24.763s][debug  ][gc,phases      ] GC(91)     Total                          Min: 0, Avg: 21.7, Max: 64, Diff: 64, Sum: 130, Workers: 6
[24.763s][debug  ][gc,phases      ] GC(91)   JNI Weak                       Min:  0.0, Avg:  0.0, Max:  0.0, Diff:  0.0, Sum:  0.0, Workers: 6
[24.763s][debug  ][gc,phases      ] GC(91)     Dead                           Min: 0, Avg:  0.0, Max: 0, Diff: 0, Sum: 0, Workers: 6
[24.763s][debug  ][gc,phases      ] GC(91)     Total                          Min: 0, Avg:  0.0, Max: 0, Diff: 0, Sum: 0, Workers: 6
[24.763s][debug  ][gc,phases      ] GC(91)   StringDedup Table Weak         Min:  0.0, Avg:  0.0, Max:  0.0, Diff:  0.0, Sum:  0.0, Workers: 6
[24.763s][debug  ][gc,phases      ] GC(91)     Dead                           Min: 0, Avg:  0.0, Max: 0, Diff: 0, Sum: 0, Workers: 6
[24.763s][debug  ][gc,phases      ] GC(91)     Total                          Min: 0, Avg:  0.0, Max: 0, Diff: 0, Sum: 0, Workers: 6
[24.763s][debug  ][gc,phases      ] GC(91)   StringDedup Requests0 Weak     Min:  0.0, Avg:  0.0, Max:  0.0, Diff:  0.0, Sum:  0.0, Workers: 6
[24.763s][debug  ][gc,phases      ] GC(91)     Dead                           Min: 0, Avg:  0.0, Max: 0, Diff: 0, Sum: 0, Workers: 6
[24.763s][debug  ][gc,phases      ] GC(91)     Total                          Min: 0, Avg:  0.0, Max: 0, Diff: 0, Sum: 0, Workers: 6
[24.763s][debug  ][gc,phases      ] GC(91)   StringDedup Requests1 Weak     Min:  0.0, Avg:  0.0, Max:  0.0, Diff:  0.0, Sum:  0.0, Workers: 6
[24.763s][debug  ][gc,phases      ] GC(91)     Dead                           Min: 0, Avg:  0.0, Max: 0, Diff: 0, Sum: 0, Workers: 6
[24.763s][debug  ][gc,phases      ] GC(91)     Total                          Min: 0, Avg:  0.0, Max: 0, Diff: 0, Sum: 0, Workers: 6
[24.763s][debug  ][gc,phases      ] GC(91)   Weak JFR Old Object Samples    Min:  0.0, Avg:  0.0, Max:  0.0, Diff:  0.0, Sum:  0.0, Workers: 6
[24.763s][debug  ][gc,phases      ] GC(91)     Dead                           Min: 0, Avg:  0.0, Max: 0, Diff: 0, Sum: 0, Workers: 6
[24.763s][debug  ][gc,phases      ] GC(91)     Total                          Min: 0, Avg:  0.0, Max: 0, Diff: 0, Sum: 0, Workers: 6
[24.763s][debug  ][gc,phases      ] GC(91) Weak Processing 0.827ms
[24.763s][debug  ][gc,ergo        ] GC(91) AdaptiveSizeStart:  collection: 92 
[24.763s][debug  ][gc,ergo        ] GC(91) avg_survived_padded_avg: 33255508.000000
[24.763s][debug  ][gc,ergo        ] GC(91) avg_promoted_padded_avg: 245008704.000000  avg_pretenured_padded_avg: 0.000000  tenuring_thresh: 1  target_size: 33554432
[24.763s][debug  ][gc,age         ] GC(91) Desired survivor size 33554432 bytes, new threshold 1 (max threshold 15)
[24.763s][debug  ][gc,ergo        ] GC(91) PSAdaptiveSizePolicy::compute_eden_space_size limits: desired_eden_size: 223350418 old_eden_size: 201326592 eden_limit: 201326592 cur_eden: 201326592 max_eden_size: 201326592 avg_young_live: 25066804
[24.763s][debug  ][gc,ergo        ] GC(91) PSAdaptiveSizePolicy::compute_eden_space_size: costs minor_time: 0.047123 major_cost: 0.039254 mutator_cost: 0.913623 throughput_goal: 0.990000
[24.763s][debug  ][gc,ergo        ] GC(91) Live_space: 908286144 free_space: 1095237632
[24.763s][debug  ][gc,ergo        ] GC(91) Old eden_size: 201326592 desired_eden_size: 201326592
[24.764s][debug  ][gc,ergo        ] GC(91) AdaptiveSizeStop: collection: 92 
[24.764s][info   ][gc,heap        ] GC(91) PSYoungGen: 188158K(229376K)->30720K(229376K) Eden: 188158K(196608K)->0K(196608K) From: 0K(32768K)->30720K(32768K)
[24.764s][info   ][gc,heap        ] GC(91) ParOldGen: 708196K(1826304K)->861796K(1826304K)
[24.764s][info   ][gc,metaspace   ] GC(91) Metaspace: 1024K(1216K)->1024K(1216K) NonClass: 940K(1024K)->940K(1024K) Class: 83K(192K)->83K(192K)
[24.764s][info   ][gc             ] GC(91) Pause Young (Allocation Failure) 875M->871M(2007M) 14.868ms
[24.764s][info   ][gc,cpu         ] GC(91) User=0.14s Sys=0.00s Real=0.02s
[24.764s][debug  ][gc,heap        ] GC(91) Heap after GC invocations=92 (full 16):
[24.764s][debug  ][gc,heap        ] GC(91)  PSYoungGen      total 229376K, used 30720K [0x00000007f0000000, 0x0000000800000000, 0x0000000800000000)
[24.764s][debug  ][gc,heap        ] GC(91)   eden space 196608K, 0% used [0x00000007f0000000,0x00000007f0000000,0x00000007fc000000)
[24.764s][debug  ][gc,heap        ] GC(91)   from space 32768K, 93% used [0x00000007fe000000,0x00000007ffe00030,0x0000000800000000)
[24.764s][debug  ][gc,heap        ] GC(91)   to   space 32768K, 0% used [0x00000007fc000000,0x00000007fc000000,0x00000007fe000000)
[24.764s][debug  ][gc,heap        ] GC(91)  ParOldGen       total 1826304K, used 861796K [0x0000000700000000, 0x000000076f780000, 0x00000007f0000000)
[24.764s][debug  ][gc,heap        ] GC(91)   object space 1826304K, 47% used [0x0000000700000000,0x0000000734999138,0x000000076f780000)
[24.764s][debug  ][gc,heap        ] GC(91)  Metaspace       used 1024K, committed 1216K, reserved 1056768K
[24.764s][debug  ][gc,heap        ] GC(91)   class space    used 83K, committed 192K, reserved 1048576K
[24.764s][debug  ][gc,task,time   ] GC(91) VM-Thread 247483179 247617783 247639064
[25.050s][debug  ][gc,heap        ] GC(92) Heap before GC invocations=93 (full 16):
[25.050s][debug  ][gc,heap        ] GC(92)  PSYoungGen      total 229376K, used 218808K [0x00000007f0000000, 0x0000000800000000, 0x0000000800000000)
[25.051s][debug  ][gc,heap        ] GC(92)   eden space 196608K, 95% used [0x00000007f0000000,0x00000007fb7ae098,0x00000007fc000000)
[25.051s][debug  ][gc,heap        ] GC(92)   from space 32768K, 93% used [0x00000007fe000000,0x00000007ffe00030,0x0000000800000000)
[25.051s][debug  ][gc,heap        ] GC(92)   to   space 32768K, 0% used [0x00000007fc000000,0x00000007fc000000,0x00000007fe000000)
[25.051s][debug  ][gc,heap        ] GC(92)  ParOldGen       total 1826304K, used 861796K [0x0000000700000000, 0x000000076f780000, 0x00000007f0000000)
[25.051s][debug  ][gc,heap        ] GC(92)   object space 1826304K, 47% used [0x0000000700000000,0x0000000734999138,0x000000076f780000)
[25.051s][debug  ][gc,heap        ] GC(92)  Metaspace       used 1024K, committed 1216K, reserved 1056768K
[25.051s][debug  ][gc,heap        ] GC(92)   class space    used 83K, committed 192K, reserved 1048576K
[25.051s][debug  ][gc,tlab        ] GC(92) TLAB totals: thrds: 1  refills: 1 max: 1 slow allocs: 17 max 17 waste: 26.9% gc: 3857232B max: 3857232B slow: 0B max: 0B
[25.051s][info   ][gc,start       ] GC(92) Pause Young (Allocation Failure)
[25.051s][debug  ][gc,phases,start] GC(92) Scavenge
[25.056s][debug  ][gc,phases      ] GC(92) Scavenge 4.928ms
[25.056s][debug  ][gc,phases,start] GC(92) Reference Processing
[25.056s][debug  ][gc,ref         ] GC(92) Skipped phase 1 of Reference Processing: no references
[25.056s][debug  ][gc,ref         ] GC(92) Skipped phase 2 of Reference Processing: no references
[25.056s][debug  ][gc,ref         ] GC(92) Skipped phase 3 of Reference Processing: no references
[25.056s][debug  ][gc,ref         ] GC(92) Skipped phase 4 of Reference Processing: no references
[25.056s][debug  ][gc,phases,ref  ] GC(92) Reference Processing: 0.1ms
[25.056s][debug  ][gc,phases,ref  ] GC(92)   Reconsider SoftReferences: 0.0ms
[25.056s][debug  ][gc,phases,ref  ] GC(92)     SoftRef (ms):                  skipped
[25.056s][debug  ][gc,phases,ref  ] GC(92)   Notify Soft/WeakReferences: 0.0ms
[25.056s][debug  ][gc,phases,ref  ] GC(92)     SoftRef (ms):                  skipped
[25.056s][debug  ][gc,phases,ref  ] GC(92)     WeakRef (ms):                  skipped
[25.056s][debug  ][gc,phases,ref  ] GC(92)     FinalRef (ms):                 skipped
[25.056s][debug  ][gc,phases,ref  ] GC(92)     Total (ms):                    skipped
[25.056s][debug  ][gc,phases,ref  ] GC(92)   Notify and keep alive finalizable: 0.0ms
[25.056s][debug  ][gc,phases,ref  ] GC(92)     FinalRef (ms):                 skipped
[25.056s][debug  ][gc,phases,ref  ] GC(92)   Notify PhantomReferences: 0.0ms
[25.056s][debug  ][gc,phases,ref  ] GC(92)     PhantomRef (ms):               skipped
[25.056s][debug  ][gc,phases,ref  ] GC(92)   SoftReference:
[25.056s][debug  ][gc,phases,ref  ] GC(92)     Discovered: 0
[25.056s][debug  ][gc,phases,ref  ] GC(92)     Cleared: 0
[25.056s][debug  ][gc,phases,ref  ] GC(92)   WeakReference:
[25.056s][debug  ][gc,phases,ref  ] GC(92)     Discovered: 0
[25.056s][debug  ][gc,phases,ref  ] GC(92)     Cleared: 0
[25.056s][debug  ][gc,phases,ref  ] GC(92)   FinalReference:
[25.056s][debug  ][gc,phases,ref  ] GC(92)     Discovered: 0
[25.056s][debug  ][gc,phases,ref  ] GC(92)     Cleared: 0
[25.056s][debug  ][gc,phases,ref  ] GC(92)   PhantomReference:
[25.057s][debug  ][gc,phases,ref  ] GC(92)     Discovered: 0
[25.057s][debug  ][gc,phases,ref  ] GC(92)     Cleared: 0
[25.057s][debug  ][gc,phases      ] GC(92) Reference Processing 0.679ms
[25.057s][debug  ][gc,phases,start] GC(92) Weak Processing
[25.057s][debug  ][gc,phases      ] GC(92)   VM Weak                        Min:  0.0, Avg:  0.0, Max:  0.0, Diff:  0.0, Sum:  0.0, Workers: 6
[25.057s][debug  ][gc,phases      ] GC(92)     Dead                           Min: 0, Avg:  0.0, Max: 0, Diff: 0, Sum: 0, Workers: 6
[25.057s][debug  ][gc,phases      ] GC(92)     Total                          Min: 0, Avg:  1.3, Max: 8, Diff: 8, Sum: 8, Workers: 6
[25.057s][debug  ][gc,phases      ] GC(92)   ObjectSynchronizer Weak        Min:  0.0, Avg:  0.0, Max:  0.0, Diff:  0.0, Sum:  0.0, Workers: 6
[25.057s][debug  ][gc,phases      ] GC(92)     Dead                           Min: 0, Avg:  0.0, Max: 0, Diff: 0, Sum: 0, Workers: 6
[25.057s][debug  ][gc,phases      ] GC(92)     Total                          Min: 0, Avg:  0.5, Max: 3, Diff: 3, Sum: 3, Workers: 6
[25.057s][debug  ][gc,phases      ] GC(92)   JVMTI Tag Weak OopStorage      Min:  0.0, Avg:  0.0, Max:  0.0, Diff:  0.0, Sum:  0.0, Workers: 6
[25.057s][debug  ][gc,phases      ] GC(92)     Dead                           Min: 0, Avg:  0.0, Max: 0, Diff: 0, Sum: 0, Workers: 6
[25.057s][debug  ][gc,phases      ] GC(92)     Total                          Min: 0, Avg:  0.0, Max: 0, Diff: 0, Sum: 0, Workers: 6
[25.057s][debug  ][gc,phases      ] GC(92)   StringTable Weak               Min:  0.0, Avg:  0.0, Max:  0.0, Diff:  0.0, Sum:  0.0, Workers: 6
[25.057s][debug  ][gc,phases      ] GC(92)     Dead                           Min: 0, Avg:  0.0, Max: 0, Diff: 0, Sum: 0, Workers: 6
[25.057s][debug  ][gc,phases      ] GC(92)     Total                          Min: 704, Avg: 892.5, Max: 1024, Diff: 320, Sum: 5355, Workers: 6
[25.057s][debug  ][gc,phases      ] GC(92)   ResolvedMethodTable Weak       Min:  0.0, Avg:  0.0, Max:  0.0, Diff:  0.0, Sum:  0.0, Workers: 6
[25.057s][debug  ][gc,phases      ] GC(92)     Dead                           Min: 0, Avg:  0.0, Max: 0, Diff: 0, Sum: 0, Workers: 6
[25.057s][debug  ][gc,phases      ] GC(92)     Total                          Min: 0, Avg: 21.7, Max: 64, Diff: 64, Sum: 130, Workers: 6
[25.057s][debug  ][gc,phases      ] GC(92)   JNI Weak                       Min:  0.0, Avg:  0.0, Max:  0.0, Diff:  0.0, Sum:  0.0, Workers: 6
[25.057s][debug  ][gc,phases      ] GC(92)     Dead                           Min: 0, Avg:  0.0, Max: 0, Diff: 0, Sum: 0, Workers: 6
[25.057s][debug  ][gc,phases      ] GC(92)     Total                          Min: 0, Avg:  0.0, Max: 0, Diff: 0, Sum: 0, Workers: 6
[25.057s][debug  ][gc,phases      ] GC(92)   StringDedup Table Weak         Min:  0.0, Avg:  0.0, Max:  0.0, Diff:  0.0, Sum:  0.0, Workers: 6
[25.057s][debug  ][gc,phases      ] GC(92)     Dead                           Min: 0, Avg:  0.0, Max: 0, Diff: 0, Sum: 0, Workers: 6
[25.057s][debug  ][gc,phases      ] GC(92)     Total                          Min: 0, Avg:  0.0, Max: 0, Diff: 0, Sum: 0, Workers: 6
[25.057s][debug  ][gc,phases      ] GC(92)   StringDedup Requests0 Weak     Min:  0.0, Avg:  0.0, Max:  0.0, Diff:  0.0, Sum:  0.0, Workers: 6
[25.057s][debug  ][gc,phases      ] GC(92)     Dead                           Min: 0, Avg:  0.0, Max: 0, Diff: 0, Sum: 0, Workers: 6
[25.057s][debug  ][gc,phases      ] GC(92)     Total                          Min: 0, Avg:  0.0, Max: 0, Diff: 0, Sum: 0, Workers: 6
[25.057s][debug  ][gc,phases      ] GC(92)   StringDedup Requests1 Weak     Min:  0.0, Avg:  0.0, Max:  0.0, Diff:  0.0, Sum:  0.0, Workers: 6
[25.057s][debug  ][gc,phases      ] GC(92)     Dead                           Min: 0, Avg:  0.0, Max: 0, Diff: 0, Sum: 0, Workers: 6
[25.057s][debug  ][gc,phases      ] GC(92)     Total                          Min: 0, Avg:  0.0, Max: 0, Diff: 0, Sum: 0, Workers: 6
[25.057s][debug  ][gc,phases      ] GC(92)   Weak JFR Old Object Samples    Min:  0.0, Avg:  0.0, Max:  0.0, Diff:  0.0, Sum:  0.0, Workers: 6
[25.057s][debug  ][gc,phases      ] GC(92)     Dead                           Min: 0, Avg:  0.0, Max: 0, Diff: 0, Sum: 0, Workers: 6
[25.057s][debug  ][gc,phases      ] GC(92)     Total                          Min: 0, Avg:  0.0, Max: 0, Diff: 0, Sum: 0, Workers: 6
[25.057s][debug  ][gc,phases      ] GC(92) Weak Processing 0.786ms
[25.057s][debug  ][gc,ergo        ] GC(92) AdaptiveSizeStart:  collection: 93 
[25.057s][debug  ][gc,ergo        ] GC(92) avg_survived_padded_avg: 33124832.000000
[25.057s][debug  ][gc,ergo        ] GC(92) avg_promoted_padded_avg: 262427552.000000  avg_pretenured_padded_avg: 0.000000  tenuring_thresh: 1  target_size: 33554432
[25.057s][debug  ][gc,age         ] GC(92) Desired survivor size 33554432 bytes, new threshold 1 (max threshold 15)
[25.057s][debug  ][gc,ergo        ] GC(92) PSAdaptiveSizePolicy::compute_eden_space_size limits: desired_eden_size: 221921894 old_eden_size: 201326592 eden_limit: 201326592 cur_eden: 201326592 max_eden_size: 201326592 avg_young_live: 25705854
[25.058s][debug  ][gc,ergo        ] GC(92) PSAdaptiveSizePolicy::compute_eden_space_size: costs minor_time: 0.040883 major_cost: 0.039254 mutator_cost: 0.919862 throughput_goal: 0.990000
[25.058s][debug  ][gc,ergo        ] GC(92) Live_space: 908925184 free_space: 1095237632
[25.058s][debug  ][gc,ergo        ] GC(92) Old eden_size: 201326592 desired_eden_size: 201326592
[25.058s][debug  ][gc,ergo        ] GC(92) AdaptiveSizeStop: collection: 93 
[25.058s][info   ][gc,heap        ] GC(92) PSYoungGen: 218808K(229376K)->30720K(229376K) Eden: 188088K(196608K)->0K(196608K) From: 30720K(32768K)->30720K(32768K)
[25.058s][info   ][gc,heap        ] GC(92) ParOldGen: 861796K(1826304K)->882276K(1826304K)
[25.058s][info   ][gc,metaspace   ] GC(92) Metaspace: 1024K(1216K)->1024K(1216K) NonClass: 940K(1024K)->940K(1024K) Class: 83K(192K)->83K(192K)
[25.058s][info   ][gc             ] GC(92) Pause Young (Allocation Failure) 1055M->891M(2007M) 6.883ms
[25.058s][info   ][gc,cpu         ] GC(92) User=0.11s Sys=0.00s Real=0.01s
[25.058s][debug  ][gc,heap        ] GC(92) Heap after GC invocations=93 (full 16):
[25.058s][debug  ][gc,heap        ] GC(92)  PSYoungGen      total 229376K, used 30720K [0x00000007f0000000, 0x0000000800000000, 0x0000000800000000)
[25.058s][debug  ][gc,heap        ] GC(92)   eden space 196608K, 0% used [0x00000007f0000000,0x00000007f0000000,0x00000007fc000000)
[25.058s][debug  ][gc,heap        ] GC(92)   from space 32768K, 93% used [0x00000007fc000000,0x00000007fde00030,0x00000007fe000000)
[25.058s][debug  ][gc,heap        ] GC(92)   to   space 32768K, 0% used [0x00000007fe000000,0x00000007fe000000,0x0000000800000000)
[25.058s][debug  ][gc,heap        ] GC(92)  ParOldGen       total 1826304K, used 882276K [0x0000000700000000, 0x000000076f780000, 0x00000007f0000000)
[25.058s][debug  ][gc,heap        ] GC(92)   object space 1826304K, 48% used [0x0000000700000000,0x0000000735d99158,0x000000076f780000)
[25.058s][debug  ][gc,heap        ] GC(92)  Metaspace       used 1024K, committed 1216K, reserved 1056768K
[25.058s][debug  ][gc,heap        ] GC(92)   class space    used 83K, committed 192K, reserved 1048576K
[25.058s][debug  ][gc,task,time   ] GC(92) VM-Thread 250503734 250558780 250579899
[25.353s][debug  ][gc,heap        ] GC(93) Heap before GC invocations=94 (full 16):
[25.353s][debug  ][gc,heap        ] GC(93)  PSYoungGen      total 229376K, used 218838K [0x00000007f0000000, 0x0000000800000000, 0x0000000800000000)
[25.354s][debug  ][gc,heap        ] GC(93)   eden space 196608K, 95% used [0x00000007f0000000,0x00000007fb7b5850,0x00000007fc000000)
[25.354s][debug  ][gc,heap        ] GC(93)   from space 32768K, 93% used [0x00000007fc000000,0x00000007fde00030,0x00000007fe000000)
[25.354s][debug  ][gc,heap        ] GC(93)   to   space 32768K, 0% used [0x00000007fe000000,0x00000007fe000000,0x0000000800000000)
[25.354s][debug  ][gc,heap        ] GC(93)  ParOldGen       total 1826304K, used 882276K [0x0000000700000000, 0x000000076f780000, 0x00000007f0000000)
[25.354s][debug  ][gc,heap        ] GC(93)   object space 1826304K, 48% used [0x0000000700000000,0x0000000735d99158,0x000000076f780000)
[25.354s][debug  ][gc,heap        ] GC(93)  Metaspace       used 1024K, committed 1216K, reserved 1056768K
[25.354s][debug  ][gc,heap        ] GC(93)   class space    used 83K, committed 192K, reserved 1048576K
[25.354s][debug  ][gc,tlab        ] GC(93) TLAB totals: thrds: 1  refills: 1 max: 1 slow allocs: 17 max 17 waste: 27.1% gc: 3888944B max: 3888944B slow: 0B max: 0B
[25.354s][info   ][gc,start       ] GC(93) Pause Young (Allocation Failure)
[25.354s][debug  ][gc,phases,start] GC(93) Scavenge
[25.369s][debug  ][gc,phases      ] GC(93) Scavenge 14.931ms
[25.369s][debug  ][gc,phases,start] GC(93) Reference Processing
[25.369s][debug  ][gc,ref         ] GC(93) Skipped phase 1 of Reference Processing: no references
[25.369s][debug  ][gc,ref         ] GC(93) Skipped phase 2 of Reference Processing: no references
[25.369s][debug  ][gc,ref         ] GC(93) Skipped phase 3 of Reference Processing: no references
[25.369s][debug  ][gc,ref         ] GC(93) Skipped phase 4 of Reference Processing: no references
[25.369s][debug  ][gc,phases,ref  ] GC(93) Reference Processing: 0.1ms
[25.369s][debug  ][gc,phases,ref  ] GC(93)   Reconsider SoftReferences: 0.0ms
[25.369s][debug  ][gc,phases,ref  ] GC(93)     SoftRef (ms):                  skipped
[25.369s][debug  ][gc,phases,ref  ] GC(93)   Notify Soft/WeakReferences: 0.0ms
[25.369s][debug  ][gc,phases,ref  ] GC(93)     SoftRef (ms):                  skipped
[25.369s][debug  ][gc,phases,ref  ] GC(93)     WeakRef (ms):                  skipped
[25.369s][debug  ][gc,phases,ref  ] GC(93)     FinalRef (ms):                 skipped
[25.369s][debug  ][gc,phases,ref  ] GC(93)     Total (ms):                    skipped
[25.369s][debug  ][gc,phases,ref  ] GC(93)   Notify and keep alive finalizable: 0.0ms
[25.369s][debug  ][gc,phases,ref  ] GC(93)     FinalRef (ms):                 skipped
[25.369s][debug  ][gc,phases,ref  ] GC(93)   Notify PhantomReferences: 0.0ms
[25.369s][debug  ][gc,phases,ref  ] GC(93)     PhantomRef (ms):               skipped
[25.369s][debug  ][gc,phases,ref  ] GC(93)   SoftReference:
[25.369s][debug  ][gc,phases,ref  ] GC(93)     Discovered: 0
[25.369s][debug  ][gc,phases,ref  ] GC(93)     Cleared: 0
[25.369s][debug  ][gc,phases,ref  ] GC(93)   WeakReference:
[25.369s][debug  ][gc,phases,ref  ] GC(93)     Discovered: 0
[25.369s][debug  ][gc,phases,ref  ] GC(93)     Cleared: 0
[25.370s][debug  ][gc,phases,ref  ] GC(93)   FinalReference:
[25.370s][debug  ][gc,phases,ref  ] GC(93)     Discovered: 0
[25.370s][debug  ][gc,phases,ref  ] GC(93)     Cleared: 0
[25.370s][debug  ][gc,phases,ref  ] GC(93)   PhantomReference:
[25.370s][debug  ][gc,phases,ref  ] GC(93)     Discovered: 0
[25.370s][debug  ][gc,phases,ref  ] GC(93)     Cleared: 0
[25.370s][debug  ][gc,phases      ] GC(93) Reference Processing 0.660ms
[25.370s][debug  ][gc,phases,start] GC(93) Weak Processing
[25.370s][debug  ][gc,phases      ] GC(93)   VM Weak                        Min:  0.0, Avg:  0.0, Max:  0.0, Diff:  0.0, Sum:  0.0, Workers: 6
[25.370s][debug  ][gc,phases      ] GC(93)     Dead                           Min: 0, Avg:  0.0, Max: 0, Diff: 0, Sum: 0, Workers: 6
[25.370s][debug  ][gc,phases      ] GC(93)     Total                          Min: 0, Avg:  1.3, Max: 8, Diff: 8, Sum: 8, Workers: 6
[25.370s][debug  ][gc,phases      ] GC(93)   ObjectSynchronizer Weak        Min:  0.0, Avg:  0.0, Max:  0.0, Diff:  0.0, Sum:  0.0, Workers: 6
[25.370s][debug  ][gc,phases      ] GC(93)     Dead                           Min: 0, Avg:  0.0, Max: 0, Diff: 0, Sum: 0, Workers: 6
[25.370s][debug  ][gc,phases      ] GC(93)     Total                          Min: 0, Avg:  0.5, Max: 3, Diff: 3, Sum: 3, Workers: 6
[25.370s][debug  ][gc,phases      ] GC(93)   JVMTI Tag Weak OopStorage      Min:  0.0, Avg:  0.0, Max:  0.0, Diff:  0.0, Sum:  0.0, Workers: 6
[25.370s][debug  ][gc,phases      ] GC(93)     Dead                           Min: 0, Avg:  0.0, Max: 0, Diff: 0, Sum: 0, Workers: 6
[25.370s][debug  ][gc,phases      ] GC(93)     Total                          Min: 0, Avg:  0.0, Max: 0, Diff: 0, Sum: 0, Workers: 6
[25.370s][debug  ][gc,phases      ] GC(93)   StringTable Weak               Min:  0.0, Avg:  0.0, Max:  0.0, Diff:  0.0, Sum:  0.0, Workers: 6
[25.370s][debug  ][gc,phases      ] GC(93)     Dead                           Min: 0, Avg:  0.0, Max: 0, Diff: 0, Sum: 0, Workers: 6
[25.370s][debug  ][gc,phases      ] GC(93)     Total                          Min: 704, Avg: 892.5, Max: 1088, Diff: 384, Sum: 5355, Workers: 6
[25.370s][debug  ][gc,phases      ] GC(93)   ResolvedMethodTable Weak       Min:  0.0, Avg:  0.0, Max:  0.0, Diff:  0.0, Sum:  0.0, Workers: 6
[25.370s][debug  ][gc,phases      ] GC(93)     Dead                           Min: 0, Avg:  0.0, Max: 0, Diff: 0, Sum: 0, Workers: 6
[25.370s][debug  ][gc,phases      ] GC(93)     Total                          Min: 0, Avg: 21.7, Max: 64, Diff: 64, Sum: 130, Workers: 6
[25.370s][debug  ][gc,phases      ] GC(93)   JNI Weak                       Min:  0.0, Avg:  0.0, Max:  0.0, Diff:  0.0, Sum:  0.0, Workers: 6
[25.370s][debug  ][gc,phases      ] GC(93)     Dead                           Min: 0, Avg:  0.0, Max: 0, Diff: 0, Sum: 0, Workers: 6
[25.370s][debug  ][gc,phases      ] GC(93)     Total                          Min: 0, Avg:  0.0, Max: 0, Diff: 0, Sum: 0, Workers: 6
[25.370s][debug  ][gc,phases      ] GC(93)   StringDedup Table Weak         Min:  0.0, Avg:  0.0, Max:  0.0, Diff:  0.0, Sum:  0.0, Workers: 6
[25.370s][debug  ][gc,phases      ] GC(93)     Dead                           Min: 0, Avg:  0.0, Max: 0, Diff: 0, Sum: 0, Workers: 6
[25.370s][debug  ][gc,phases      ] GC(93)     Total                          Min: 0, Avg:  0.0, Max: 0, Diff: 0, Sum: 0, Workers: 6
[25.370s][debug  ][gc,phases      ] GC(93)   StringDedup Requests0 Weak     Min:  0.0, Avg:  0.0, Max:  0.0, Diff:  0.0, Sum:  0.0, Workers: 6
[25.370s][debug  ][gc,phases      ] GC(93)     Dead                           Min: 0, Avg:  0.0, Max: 0, Diff: 0, Sum: 0, Workers: 6
[25.370s][debug  ][gc,phases      ] GC(93)     Total                          Min: 0, Avg:  0.0, Max: 0, Diff: 0, Sum: 0, Workers: 6
[25.370s][debug  ][gc,phases      ] GC(93)   StringDedup Requests1 Weak     Min:  0.0, Avg:  0.0, Max:  0.0, Diff:  0.0, Sum:  0.0, Workers: 6
[25.370s][debug  ][gc,phases      ] GC(93)     Dead                           Min: 0, Avg:  0.0, Max: 0, Diff: 0, Sum: 0, Workers: 6
[25.370s][debug  ][gc,phases      ] GC(93)     Total                          Min: 0, Avg:  0.0, Max: 0, Diff: 0, Sum: 0, Workers: 6
[25.370s][debug  ][gc,phases      ] GC(93)   Weak JFR Old Object Samples    Min:  0.0, Avg:  0.0, Max:  0.0, Diff:  0.0, Sum:  0.0, Workers: 6
[25.370s][debug  ][gc,phases      ] GC(93)     Dead                           Min: 0, Avg:  0.0, Max: 0, Diff: 0, Sum: 0, Workers: 6
[25.370s][debug  ][gc,phases      ] GC(93)     Total                          Min: 0, Avg:  0.0, Max: 0, Diff: 0, Sum: 0, Workers: 6
[25.370s][debug  ][gc,phases      ] GC(93) Weak Processing 0.816ms
[25.371s][debug  ][gc,ergo        ] GC(93) AdaptiveSizeStart:  collection: 94 
[25.371s][debug  ][gc,ergo        ] GC(93) avg_survived_padded_avg: 33002306.000000
[25.371s][debug  ][gc,ergo        ] GC(93) avg_promoted_padded_avg: 264517440.000000  avg_pretenured_padded_avg: 0.000000  tenuring_thresh: 1  target_size: 33030144
[25.371s][debug  ][gc,age         ] GC(93) Desired survivor size 33030144 bytes, new threshold 1 (max threshold 15)
[25.371s][debug  ][gc,ergo        ] GC(93) PSAdaptiveSizePolicy::compute_eden_space_size limits: desired_eden_size: 222631377 old_eden_size: 201326592 eden_limit: 201326592 cur_eden: 201326592 max_eden_size: 201326592 avg_young_live: 26281000
[25.371s][debug  ][gc,ergo        ] GC(93) PSAdaptiveSizePolicy::compute_eden_space_size: costs minor_time: 0.043865 major_cost: 0.039254 mutator_cost: 0.916880 throughput_goal: 0.990000
[25.371s][debug  ][gc,ergo        ] GC(93) Live_space: 909500288 free_space: 1095237632
[25.371s][debug  ][gc,ergo        ] GC(93) Old eden_size: 201326592 desired_eden_size: 201326592
[25.371s][debug  ][gc,ergo        ] GC(93) AdaptiveSizeStop: collection: 94 
[25.371s][info   ][gc,heap        ] GC(93) PSYoungGen: 218838K(229376K)->30720K(229888K) Eden: 188118K(196608K)->0K(197120K) From: 30720K(32768K)->30720K(32768K)
[25.371s][info   ][gc,heap        ] GC(93) ParOldGen: 882276K(1826304K)->1066596K(1826304K)
[25.371s][info   ][gc,metaspace   ] GC(93) Metaspace: 1024K(1216K)->1024K(1216K) NonClass: 940K(1024K)->940K(1024K) Class: 83K(192K)->83K(192K)
[25.371s][info   ][gc             ] GC(93) Pause Young (Allocation Failure) 1075M->1071M(2008M) 16.871ms
[25.371s][info   ][gc,cpu         ] GC(93) User=0.14s Sys=0.00s Real=0.02s
[25.371s][debug  ][gc,heap        ] GC(93) Heap after GC invocations=94 (full 16):
[25.371s][debug  ][gc,heap        ] GC(93)  PSYoungGen      total 229888K, used 30720K [0x00000007f0000000, 0x0000000800000000, 0x0000000800000000)
[25.371s][debug  ][gc,heap        ] GC(93)   eden space 197120K, 0% used [0x00000007f0000000,0x00000007f0000000,0x00000007fc080000)
[25.371s][debug  ][gc,heap        ] GC(93)   from space 32768K, 93% used [0x00000007fe000000,0x00000007ffe00030,0x0000000800000000)
[25.371s][debug  ][gc,heap        ] GC(93)   to   space 32256K, 0% used [0x00000007fc080000,0x00000007fc080000,0x00000007fe000000)
[25.371s][debug  ][gc,heap        ] GC(93)  ParOldGen       total 1826304K, used 1066596K [0x0000000700000000, 0x000000076f780000, 0x00000007f0000000)
[25.371s][debug  ][gc,heap        ] GC(93)   object space 1826304K, 58% used [0x0000000700000000,0x0000000741199278,0x000000076f780000)
[25.371s][debug  ][gc,heap        ] GC(93)  Metaspace       used 1024K, committed 1216K, reserved 1056768K
[25.371s][debug  ][gc,heap        ] GC(93)   class space    used 83K, committed 192K, reserved 1048576K
[25.371s][debug  ][gc,task,time   ] GC(93) VM-Thread 253533607 253689759 253710110
[25.657s][debug  ][gc,heap        ] GC(94) Heap before GC invocations=95 (full 16):
[25.657s][debug  ][gc,heap        ] GC(94)  PSYoungGen      total 229888K, used 218867K [0x00000007f0000000, 0x0000000800000000, 0x0000000800000000)
[25.657s][debug  ][gc,heap        ] GC(94)   eden space 197120K, 95% used [0x00000007f0000000,0x00000007fb7bcd10,0x00000007fc080000)
[25.657s][debug  ][gc,heap        ] GC(94)   from space 32768K, 93% used [0x00000007fe000000,0x00000007ffe00030,0x0000000800000000)
[25.657s][debug  ][gc,heap        ] GC(94)   to   space 32256K, 0% used [0x00000007fc080000,0x00000007fc080000,0x00000007fe000000)
[25.657s][debug  ][gc,heap        ] GC(94)  ParOldGen       total 1826304K, used 1066596K [0x0000000700000000, 0x000000076f780000, 0x00000007f0000000)
[25.657s][debug  ][gc,heap        ] GC(94)   object space 1826304K, 58% used [0x0000000700000000,0x0000000741199278,0x000000076f780000)
[25.657s][debug  ][gc,heap        ] GC(94)  Metaspace       used 1024K, committed 1216K, reserved 1056768K
[25.657s][debug  ][gc,heap        ] GC(94)   class space    used 83K, committed 192K, reserved 1048576K
[25.657s][debug  ][gc,tlab        ] GC(94) TLAB totals: thrds: 1  refills: 1 max: 1 slow allocs: 17 max 17 waste: 27.2% gc: 3918832B max: 3918832B slow: 0B max: 0B
[25.657s][info   ][gc,start       ] GC(94) Pause Young (Allocation Failure)
[25.657s][debug  ][gc,phases,start] GC(94) Scavenge
[25.672s][debug  ][gc,phases      ] GC(94) Scavenge 14.865ms
[25.672s][debug  ][gc,phases,start] GC(94) Reference Processing
[25.672s][debug  ][gc,ref         ] GC(94) Skipped phase 1 of Reference Processing: no references
[25.672s][debug  ][gc,ref         ] GC(94) Skipped phase 2 of Reference Processing: no references
[25.672s][debug  ][gc,ref         ] GC(94) Skipped phase 3 of Reference Processing: no references
[25.672s][debug  ][gc,ref         ] GC(94) Skipped phase 4 of Reference Processing: no references
[25.672s][debug  ][gc,phases,ref  ] GC(94) Reference Processing: 0.1ms
[25.672s][debug  ][gc,phases,ref  ] GC(94)   Reconsider SoftReferences: 0.0ms
[25.672s][debug  ][gc,phases,ref  ] GC(94)     SoftRef (ms):                  skipped
[25.672s][debug  ][gc,phases,ref  ] GC(94)   Notify Soft/WeakReferences: 0.0ms
[25.672s][debug  ][gc,phases,ref  ] GC(94)     SoftRef (ms):                  skipped
[25.672s][debug  ][gc,phases,ref  ] GC(94)     WeakRef (ms):                  skipped
[25.672s][debug  ][gc,phases,ref  ] GC(94)     FinalRef (ms):                 skipped
[25.672s][debug  ][gc,phases,ref  ] GC(94)     Total (ms):                    skipped
[25.672s][debug  ][gc,phases,ref  ] GC(94)   Notify and keep alive finalizable: 0.0ms
[25.672s][debug  ][gc,phases,ref  ] GC(94)     FinalRef (ms):                 skipped
[25.672s][debug  ][gc,phases,ref  ] GC(94)   Notify PhantomReferences: 0.0ms
[25.672s][debug  ][gc,phases,ref  ] GC(94)     PhantomRef (ms):               skipped
[25.672s][debug  ][gc,phases,ref  ] GC(94)   SoftReference:
[25.672s][debug  ][gc,phases,ref  ] GC(94)     Discovered: 0
[25.672s][debug  ][gc,phases,ref  ] GC(94)     Cleared: 0
[25.672s][debug  ][gc,phases,ref  ] GC(94)   WeakReference:
[25.672s][debug  ][gc,phases,ref  ] GC(94)     Discovered: 0
[25.672s][debug  ][gc,phases,ref  ] GC(94)     Cleared: 0
[25.672s][debug  ][gc,phases,ref  ] GC(94)   FinalReference:
[25.672s][debug  ][gc,phases,ref  ] GC(94)     Discovered: 0
[25.672s][debug  ][gc,phases,ref  ] GC(94)     Cleared: 0
[25.673s][debug  ][gc,phases,ref  ] GC(94)   PhantomReference:
[25.673s][debug  ][gc,phases,ref  ] GC(94)     Discovered: 0
[25.673s][debug  ][gc,phases,ref  ] GC(94)     Cleared: 0
[25.673s][debug  ][gc,phases      ] GC(94) Reference Processing 0.628ms
[25.673s][debug  ][gc,phases,start] GC(94) Weak Processing
[25.673s][debug  ][gc,phases      ] GC(94)   VM Weak                        Min:  0.0, Avg:  0.0, Max:  0.0, Diff:  0.0, Sum:  0.0, Workers: 6
[25.673s][debug  ][gc,phases      ] GC(94)     Dead                           Min: 0, Avg:  0.0, Max: 0, Diff: 0, Sum: 0, Workers: 6
[25.673s][debug  ][gc,phases      ] GC(94)     Total                          Min: 0, Avg:  1.3, Max: 8, Diff: 8, Sum: 8, Workers: 6
[25.673s][debug  ][gc,phases      ] GC(94)   ObjectSynchronizer Weak        Min:  0.0, Avg:  0.0, Max:  0.0, Diff:  0.0, Sum:  0.0, Workers: 6
[25.673s][debug  ][gc,phases      ] GC(94)     Dead                           Min: 0, Avg:  0.0, Max: 0, Diff: 0, Sum: 0, Workers: 6
[25.673s][debug  ][gc,phases      ] GC(94)     Total                          Min: 0, Avg:  0.5, Max: 3, Diff: 3, Sum: 3, Workers: 6
[25.673s][debug  ][gc,phases      ] GC(94)   JVMTI Tag Weak OopStorage      Min:  0.0, Avg:  0.0, Max:  0.0, Diff:  0.0, Sum:  0.0, Workers: 6
[25.673s][debug  ][gc,phases      ] GC(94)     Dead                           Min: 0, Avg:  0.0, Max: 0, Diff: 0, Sum: 0, Workers: 6
[25.673s][debug  ][gc,phases      ] GC(94)     Total                          Min: 0, Avg:  0.0, Max: 0, Diff: 0, Sum: 0, Workers: 6
[25.673s][debug  ][gc,phases      ] GC(94)   StringTable Weak               Min:  0.0, Avg:  0.0, Max:  0.0, Diff:  0.0, Sum:  0.0, Workers: 6
[25.673s][debug  ][gc,phases      ] GC(94)     Dead                           Min: 0, Avg:  0.0, Max: 0, Diff: 0, Sum: 0, Workers: 6
[25.673s][debug  ][gc,phases      ] GC(94)     Total                          Min: 704, Avg: 892.5, Max: 1023, Diff: 319, Sum: 5355, Workers: 6
[25.673s][debug  ][gc,phases      ] GC(94)   ResolvedMethodTable Weak       Min:  0.0, Avg:  0.0, Max:  0.0, Diff:  0.0, Sum:  0.0, Workers: 6
[25.673s][debug  ][gc,phases      ] GC(94)     Dead                           Min: 0, Avg:  0.0, Max: 0, Diff: 0, Sum: 0, Workers: 6
[25.673s][debug  ][gc,phases      ] GC(94)     Total                          Min: 0, Avg: 21.7, Max: 64, Diff: 64, Sum: 130, Workers: 6
[25.673s][debug  ][gc,phases      ] GC(94)   JNI Weak                       Min:  0.0, Avg:  0.0, Max:  0.0, Diff:  0.0, Sum:  0.0, Workers: 6
[25.673s][debug  ][gc,phases      ] GC(94)     Dead                           Min: 0, Avg:  0.0, Max: 0, Diff: 0, Sum: 0, Workers: 6
[25.673s][debug  ][gc,phases      ] GC(94)     Total                          Min: 0, Avg:  0.0, Max: 0, Diff: 0, Sum: 0, Workers: 6
[25.673s][debug  ][gc,phases      ] GC(94)   StringDedup Table Weak         Min:  0.0, Avg:  0.0, Max:  0.0, Diff:  0.0, Sum:  0.0, Workers: 6
[25.673s][debug  ][gc,phases      ] GC(94)     Dead                           Min: 0, Avg:  0.0, Max: 0, Diff: 0, Sum: 0, Workers: 6
[25.673s][debug  ][gc,phases      ] GC(94)     Total                          Min: 0, Avg:  0.0, Max: 0, Diff: 0, Sum: 0, Workers: 6
[25.673s][debug  ][gc,phases      ] GC(94)   StringDedup Requests0 Weak     Min:  0.0, Avg:  0.0, Max:  0.0, Diff:  0.0, Sum:  0.0, Workers: 6
[25.673s][debug  ][gc,phases      ] GC(94)     Dead                           Min: 0, Avg:  0.0, Max: 0, Diff: 0, Sum: 0, Workers: 6
[25.673s][debug  ][gc,phases      ] GC(94)     Total                          Min: 0, Avg:  0.0, Max: 0, Diff: 0, Sum: 0, Workers: 6
[25.673s][debug  ][gc,phases      ] GC(94)   StringDedup Requests1 Weak     Min:  0.0, Avg:  0.0, Max:  0.0, Diff:  0.0, Sum:  0.0, Workers: 6
[25.673s][debug  ][gc,phases      ] GC(94)     Dead                           Min: 0, Avg:  0.0, Max: 0, Diff: 0, Sum: 0, Workers: 6
[25.673s][debug  ][gc,phases      ] GC(94)     Total                          Min: 0, Avg:  0.0, Max: 0, Diff: 0, Sum: 0, Workers: 6
[25.673s][debug  ][gc,phases      ] GC(94)   Weak JFR Old Object Samples    Min:  0.0, Avg:  0.0, Max:  0.0, Diff:  0.0, Sum:  0.0, Workers: 6
[25.673s][debug  ][gc,phases      ] GC(94)     Dead                           Min: 0, Avg:  0.0, Max: 0, Diff: 0, Sum: 0, Workers: 6
[25.673s][debug  ][gc,phases      ] GC(94)     Total                          Min: 0, Avg:  0.0, Max: 0, Diff: 0, Sum: 0, Workers: 6
[25.673s][debug  ][gc,phases      ] GC(94) Weak Processing 0.702ms
[25.673s][debug  ][gc,ergo        ] GC(94) AdaptiveSizeStart:  collection: 95 
[25.673s][debug  ][gc,ergo        ] GC(94) avg_survived_padded_avg: 32887612.000000
[25.673s][debug  ][gc,ergo        ] GC(94) avg_promoted_padded_avg: 265452496.000000  avg_pretenured_padded_avg: 0.000000  tenuring_thresh: 1  target_size: 33030144
[25.673s][debug  ][gc,age         ] GC(94) Desired survivor size 33030144 bytes, new threshold 1 (max threshold 15)
[25.673s][debug  ][gc,ergo        ] GC(94) PSAdaptiveSizePolicy::compute_eden_space_size limits: desired_eden_size: 223713137 old_eden_size: 201326592 eden_limit: 201850880 cur_eden: 201850880 max_eden_size: 201850880 avg_young_live: 26798632
[25.673s][debug  ][gc,ergo        ] GC(94) PSAdaptiveSizePolicy::compute_eden_space_size: costs minor_time: 0.046369 major_cost: 0.039254 mutator_cost: 0.914377 throughput_goal: 0.990000
[25.673s][debug  ][gc,ergo        ] GC(94) Live_space: 910017920 free_space: 1095237632
[25.673s][debug  ][gc,ergo        ] GC(94) Old eden_size: 201326592 desired_eden_size: 201850880
[25.673s][debug  ][gc,ergo        ] GC(94) AdaptiveSizeStop: collection: 95 
[25.673s][info   ][gc,heap        ] GC(94) PSYoungGen: 218867K(229888K)->30720K(229376K) Eden: 188147K(197120K)->0K(197120K) From: 30720K(32768K)->30720K(32256K)
[25.674s][info   ][gc,heap        ] GC(94) ParOldGen: 1066596K(1826304K)->1250916K(1826304K)
[25.674s][info   ][gc,metaspace   ] GC(94) Metaspace: 1024K(1216K)->1024K(1216K) NonClass: 940K(1024K)->940K(1024K) Class: 83K(192K)->83K(192K)
[25.674s][info   ][gc             ] GC(94) Pause Young (Allocation Failure) 1255M->1251M(2007M) 16.629ms
[25.674s][info   ][gc,cpu         ] GC(94) User=0.16s Sys=0.00s Real=0.02s
[25.674s][debug  ][gc,heap        ] GC(94) Heap after GC invocations=95 (full 16):
[25.674s][debug  ][gc,heap        ] GC(94)  PSYoungGen      total 229376K, used 30720K [0x00000007f0000000, 0x0000000800000000, 0x0000000800000000)
[25.674s][debug  ][gc,heap        ] GC(94)   eden space 197120K, 0% used [0x00000007f0000000,0x00000007f0000000,0x00000007fc080000)
[25.674s][debug  ][gc,heap        ] GC(94)   from space 32256K, 95% used [0x00000007fc080000,0x00000007fde80030,0x00000007fe000000)
[25.674s][debug  ][gc,heap        ] GC(94)   to   space 32256K, 0% used [0x00000007fe080000,0x00000007fe080000,0x0000000800000000)
[25.674s][debug  ][gc,heap        ] GC(94)  ParOldGen       total 1826304K, used 1250916K [0x0000000700000000, 0x000000076f780000, 0x00000007f0000000)
[25.674s][debug  ][gc,heap        ] GC(94)   object space 1826304K, 68% used [0x0000000700000000,0x000000074c599398,0x000000076f780000)
[25.674s][debug  ][gc,heap        ] GC(94)  Metaspace       used 1024K, committed 1216K, reserved 1056768K
[25.674s][debug  ][gc,heap        ] GC(94)   class space    used 83K, committed 192K, reserved 1048576K
[25.674s][debug  ][gc,task,time   ] GC(94) VM-Thread 256565188 256719352 256738097
[25.958s][debug  ][gc,heap        ] GC(95) Heap before GC invocations=96 (full 16):
[25.958s][debug  ][gc,heap        ] GC(95)  PSYoungGen      total 229376K, used 218879K [0x00000007f0000000, 0x0000000800000000, 0x0000000800000000)
[25.958s][debug  ][gc,heap        ] GC(95)   eden space 197120K, 95% used [0x00000007f0000000,0x00000007fb7bfe60,0x00000007fc080000)
[25.958s][debug  ][gc,heap        ] GC(95)   from space 32256K, 95% used [0x00000007fc080000,0x00000007fde80030,0x00000007fe000000)
[25.958s][debug  ][gc,heap        ] GC(95)   to   space 32256K, 0% used [0x00000007fe080000,0x00000007fe080000,0x0000000800000000)
[25.958s][debug  ][gc,heap        ] GC(95)  ParOldGen       total 1826304K, used 1250916K [0x0000000700000000, 0x000000076f780000, 0x00000007f0000000)
[25.958s][debug  ][gc,heap        ] GC(95)   object space 1826304K, 68% used [0x0000000700000000,0x000000074c599398,0x000000076f780000)
[25.958s][debug  ][gc,heap        ] GC(95)  Metaspace       used 1024K, committed 1216K, reserved 1056768K
[25.958s][debug  ][gc,heap        ] GC(95)   class space    used 83K, committed 192K, reserved 1048576K
[25.958s][debug  ][gc,tlab        ] GC(95) TLAB totals: thrds: 1  refills: 1 max: 1 slow allocs: 17 max 17 waste: 27.3% gc: 3931456B max: 3931456B slow: 0B max: 0B
[25.958s][info   ][gc,start       ] GC(95) Pause Young (Allocation Failure)
[25.958s][debug  ][gc,phases,start] GC(95) Scavenge
[25.973s][debug  ][gc,phases      ] GC(95) Scavenge 14.912ms
[25.973s][debug  ][gc,phases,start] GC(95) Reference Processing
[25.973s][debug  ][gc,ref         ] GC(95) Skipped phase 1 of Reference Processing: no references
[25.973s][debug  ][gc,ref         ] GC(95) Skipped phase 2 of Reference Processing: no references
[25.973s][debug  ][gc,ref         ] GC(95) Skipped phase 3 of Reference Processing: no references
[25.973s][debug  ][gc,ref         ] GC(95) Skipped phase 4 of Reference Processing: no references
[25.973s][debug  ][gc,phases,ref  ] GC(95) Reference Processing: 0.1ms
[25.973s][debug  ][gc,phases,ref  ] GC(95)   Reconsider SoftReferences: 0.0ms
[25.973s][debug  ][gc,phases,ref  ] GC(95)     SoftRef (ms):                  skipped
[25.973s][debug  ][gc,phases,ref  ] GC(95)   Notify Soft/WeakReferences: 0.0ms
[25.973s][debug  ][gc,phases,ref  ] GC(95)     SoftRef (ms):                  skipped
[25.973s][debug  ][gc,phases,ref  ] GC(95)     WeakRef (ms):                  skipped
[25.973s][debug  ][gc,phases,ref  ] GC(95)     FinalRef (ms):                 skipped
[25.973s][debug  ][gc,phases,ref  ] GC(95)     Total (ms):                    skipped
[25.973s][debug  ][gc,phases,ref  ] GC(95)   Notify and keep alive finalizable: 0.0ms
[25.973s][debug  ][gc,phases,ref  ] GC(95)     FinalRef (ms):                 skipped
[25.973s][debug  ][gc,phases,ref  ] GC(95)   Notify PhantomReferences: 0.0ms
[25.973s][debug  ][gc,phases,ref  ] GC(95)     PhantomRef (ms):               skipped
[25.973s][debug  ][gc,phases,ref  ] GC(95)   SoftReference:
[25.974s][debug  ][gc,phases,ref  ] GC(95)     Discovered: 0
[25.974s][debug  ][gc,phases,ref  ] GC(95)     Cleared: 0
[25.974s][debug  ][gc,phases,ref  ] GC(95)   WeakReference:
[25.974s][debug  ][gc,phases,ref  ] GC(95)     Discovered: 0
[25.974s][debug  ][gc,phases,ref  ] GC(95)     Cleared: 0
[25.974s][debug  ][gc,phases,ref  ] GC(95)   FinalReference:
[25.974s][debug  ][gc,phases,ref  ] GC(95)     Discovered: 0
[25.974s][debug  ][gc,phases,ref  ] GC(95)     Cleared: 0
[25.974s][debug  ][gc,phases,ref  ] GC(95)   PhantomReference:
[25.974s][debug  ][gc,phases,ref  ] GC(95)     Discovered: 0
[25.974s][debug  ][gc,phases,ref  ] GC(95)     Cleared: 0
[25.974s][debug  ][gc,phases      ] GC(95) Reference Processing 0.818ms
[25.974s][debug  ][gc,phases,start] GC(95) Weak Processing
[25.974s][debug  ][gc,phases      ] GC(95)   VM Weak                        Min:  0.0, Avg:  0.0, Max:  0.0, Diff:  0.0, Sum:  0.0, Workers: 6
[25.974s][debug  ][gc,phases      ] GC(95)     Dead                           Min: 0, Avg:  0.0, Max: 0, Diff: 0, Sum: 0, Workers: 6
[25.974s][debug  ][gc,phases      ] GC(95)     Total                          Min: 0, Avg:  1.3, Max: 8, Diff: 8, Sum: 8, Workers: 6
[25.974s][debug  ][gc,phases      ] GC(95)   ObjectSynchronizer Weak        Min:  0.0, Avg:  0.0, Max:  0.0, Diff:  0.0, Sum:  0.0, Workers: 6
[25.974s][debug  ][gc,phases      ] GC(95)     Dead                           Min: 0, Avg:  0.0, Max: 0, Diff: 0, Sum: 0, Workers: 6
[25.974s][debug  ][gc,phases      ] GC(95)     Total                          Min: 0, Avg:  0.5, Max: 3, Diff: 3, Sum: 3, Workers: 6
[25.974s][debug  ][gc,phases      ] GC(95)   JVMTI Tag Weak OopStorage      Min:  0.0, Avg:  0.0, Max:  0.0, Diff:  0.0, Sum:  0.0, Workers: 6
[25.974s][debug  ][gc,phases      ] GC(95)     Dead                           Min: 0, Avg:  0.0, Max: 0, Diff: 0, Sum: 0, Workers: 6
[25.974s][debug  ][gc,phases      ] GC(95)     Total                          Min: 0, Avg:  0.0, Max: 0, Diff: 0, Sum: 0, Workers: 6
[25.974s][debug  ][gc,phases      ] GC(95)   StringTable Weak               Min:  0.0, Avg:  0.0, Max:  0.0, Diff:  0.0, Sum:  0.0, Workers: 6
[25.974s][debug  ][gc,phases      ] GC(95)     Dead                           Min: 0, Avg:  0.0, Max: 0, Diff: 0, Sum: 0, Workers: 6
[25.974s][debug  ][gc,phases      ] GC(95)     Total                          Min: 704, Avg: 892.5, Max: 1196, Diff: 492, Sum: 5355, Workers: 6
[25.974s][debug  ][gc,phases      ] GC(95)   ResolvedMethodTable Weak       Min:  0.0, Avg:  0.0, Max:  0.0, Diff:  0.0, Sum:  0.0, Workers: 6
[25.974s][debug  ][gc,phases      ] GC(95)     Dead                           Min: 0, Avg:  0.0, Max: 0, Diff: 0, Sum: 0, Workers: 6
[25.974s][debug  ][gc,phases      ] GC(95)     Total                          Min: 0, Avg: 21.7, Max: 64, Diff: 64, Sum: 130, Workers: 6
[25.974s][debug  ][gc,phases      ] GC(95)   JNI Weak                       Min:  0.0, Avg:  0.0, Max:  0.0, Diff:  0.0, Sum:  0.0, Workers: 6
[25.974s][debug  ][gc,phases      ] GC(95)     Dead                           Min: 0, Avg:  0.0, Max: 0, Diff: 0, Sum: 0, Workers: 6
[25.974s][debug  ][gc,phases      ] GC(95)     Total                          Min: 0, Avg:  0.0, Max: 0, Diff: 0, Sum: 0, Workers: 6
[25.974s][debug  ][gc,phases      ] GC(95)   StringDedup Table Weak         Min:  0.0, Avg:  0.0, Max:  0.0, Diff:  0.0, Sum:  0.0, Workers: 6
[25.974s][debug  ][gc,phases      ] GC(95)     Dead                           Min: 0, Avg:  0.0, Max: 0, Diff: 0, Sum: 0, Workers: 6
[25.974s][debug  ][gc,phases      ] GC(95)     Total                          Min: 0, Avg:  0.0, Max: 0, Diff: 0, Sum: 0, Workers: 6
[25.974s][debug  ][gc,phases      ] GC(95)   StringDedup Requests0 Weak     Min:  0.0, Avg:  0.0, Max:  0.0, Diff:  0.0, Sum:  0.0, Workers: 6
[25.974s][debug  ][gc,phases      ] GC(95)     Dead                           Min: 0, Avg:  0.0, Max: 0, Diff: 0, Sum: 0, Workers: 6
[25.974s][debug  ][gc,phases      ] GC(95)     Total                          Min: 0, Avg:  0.0, Max: 0, Diff: 0, Sum: 0, Workers: 6
[25.974s][debug  ][gc,phases      ] GC(95)   StringDedup Requests1 Weak     Min:  0.0, Avg:  0.0, Max:  0.0, Diff:  0.0, Sum:  0.0, Workers: 6
[25.974s][debug  ][gc,phases      ] GC(95)     Dead                           Min: 0, Avg:  0.0, Max: 0, Diff: 0, Sum: 0, Workers: 6
[25.974s][debug  ][gc,phases      ] GC(95)     Total                          Min: 0, Avg:  0.0, Max: 0, Diff: 0, Sum: 0, Workers: 6
[25.974s][debug  ][gc,phases      ] GC(95)   Weak JFR Old Object Samples    Min:  0.0, Avg:  0.0, Max:  0.0, Diff:  0.0, Sum:  0.0, Workers: 6
[25.975s][debug  ][gc,phases      ] GC(95)     Dead                           Min: 0, Avg:  0.0, Max: 0, Diff: 0, Sum: 0, Workers: 6
[25.975s][debug  ][gc,phases      ] GC(95)     Total                          Min: 0, Avg:  0.0, Max: 0, Diff: 0, Sum: 0, Workers: 6
[25.975s][debug  ][gc,phases      ] GC(95) Weak Processing 0.697ms
[25.975s][debug  ][gc,ergo        ] GC(95) AdaptiveSizeStart:  collection: 96 
[25.975s][debug  ][gc,ergo        ] GC(95) avg_survived_padded_avg: 32780408.000000
[25.975s][debug  ][gc,ergo        ] GC(95) avg_promoted_padded_avg: 265442832.000000  avg_pretenured_padded_avg: 0.000000  tenuring_thresh: 1  target_size: 33030144
[25.975s][debug  ][gc,age         ] GC(95) Desired survivor size 33030144 bytes, new threshold 1 (max threshold 15)
[25.975s][debug  ][gc,ergo        ] GC(95) PSAdaptiveSizePolicy::compute_eden_space_size limits: desired_eden_size: 224166840 old_eden_size: 201850880 eden_limit: 202375168 cur_eden: 201850880 max_eden_size: 202375168 avg_young_live: 27264500
[25.975s][debug  ][gc,ergo        ] GC(95) PSAdaptiveSizePolicy::compute_eden_space_size: costs minor_time: 0.048521 major_cost: 0.039254 mutator_cost: 0.912225 throughput_goal: 0.990000
[25.975s][debug  ][gc,ergo        ] GC(95) Live_space: 910483840 free_space: 1095761920
[25.975s][debug  ][gc,ergo        ] GC(95) Old eden_size: 201850880 desired_eden_size: 202375168
[25.975s][debug  ][gc,ergo        ] GC(95) AdaptiveSizeStop: collection: 96 
[25.975s][info   ][gc,heap        ] GC(95) PSYoungGen: 218879K(229376K)->30720K(229888K) Eden: 188159K(197120K)->0K(197632K) From: 30720K(32256K)->30720K(32256K)
[25.975s][info   ][gc,heap        ] GC(95) ParOldGen: 1250916K(1826304K)->1435237K(1826304K)
[25.975s][info   ][gc,metaspace   ] GC(95) Metaspace: 1024K(1216K)->1024K(1216K) NonClass: 940K(1024K)->940K(1024K) Class: 83K(192K)->83K(192K)
[25.975s][info   ][gc             ] GC(95) Pause Young (Allocation Failure) 1435M->1431M(2008M) 16.887ms
[25.975s][info   ][gc,cpu         ] GC(95) User=0.14s Sys=0.00s Real=0.02s
[25.975s][debug  ][gc,heap        ] GC(95) Heap after GC invocations=96 (full 16):
[25.975s][debug  ][gc,heap        ] GC(95)  PSYoungGen      total 229888K, used 30720K [0x00000007f0000000, 0x0000000800000000, 0x0000000800000000)
[25.975s][debug  ][gc,heap        ] GC(95)   eden space 197632K, 0% used [0x00000007f0000000,0x00000007f0000000,0x00000007fc100000)
[25.975s][debug  ][gc,heap        ] GC(95)   from space 32256K, 95% used [0x00000007fe080000,0x00000007ffe80030,0x0000000800000000)
[25.975s][debug  ][gc,heap        ] GC(95)   to   space 32256K, 0% used [0x00000007fc100000,0x00000007fc100000,0x00000007fe080000)
[25.975s][debug  ][gc,heap        ] GC(95)  ParOldGen       total 1826304K, used 1435237K [0x0000000700000000, 0x000000076f780000, 0x00000007f0000000)
[25.975s][debug  ][gc,heap        ] GC(95)   object space 1826304K, 78% used [0x0000000700000000,0x00000007579994b8,0x000000076f780000)
[25.975s][debug  ][gc,heap        ] GC(95)  Metaspace       used 1024K, committed 1216K, reserved 1056768K
[25.975s][debug  ][gc,heap        ] GC(95)   class space    used 83K, committed 192K, reserved 1048576K
[25.975s][debug  ][gc,task,time   ] GC(95) VM-Thread 259575505 259730022 259750804
[26.259s][debug  ][gc,heap        ] GC(96) Heap before GC invocations=97 (full 16):
[26.259s][debug  ][gc,heap        ] GC(96)  PSYoungGen      total 229888K, used 218897K [0x00000007f0000000, 0x0000000800000000, 0x0000000800000000)
[26.259s][debug  ][gc,heap        ] GC(96)   eden space 197632K, 95% used [0x00000007f0000000,0x00000007fb7c4610,0x00000007fc100000)
[26.259s][debug  ][gc,heap        ] GC(96)   from space 32256K, 95% used [0x00000007fe080000,0x00000007ffe80030,0x0000000800000000)
[26.259s][debug  ][gc,heap        ] GC(96)   to   space 32256K, 0% used [0x00000007fc100000,0x00000007fc100000,0x00000007fe080000)
[26.259s][debug  ][gc,heap        ] GC(96)  ParOldGen       total 1826304K, used 1435237K [0x0000000700000000, 0x000000076f780000, 0x00000007f0000000)
[26.259s][debug  ][gc,heap        ] GC(96)   object space 1826304K, 78% used [0x0000000700000000,0x00000007579994b8,0x000000076f780000)
[26.259s][debug  ][gc,heap        ] GC(96)  Metaspace       used 1024K, committed 1216K, reserved 1056768K
[26.259s][debug  ][gc,heap        ] GC(96)   class space    used 83K, committed 192K, reserved 1048576K
[26.259s][debug  ][gc,tlab        ] GC(96) TLAB totals: thrds: 1  refills: 1 max: 1 slow allocs: 17 max 17 waste: 27.4% gc: 3949808B max: 3949808B slow: 0B max: 0B
[26.259s][info   ][gc,start       ] GC(96) Pause Young (Allocation Failure)
[26.259s][debug  ][gc,phases,start] GC(96) Scavenge
[26.274s][debug  ][gc,phases      ] GC(96) Scavenge 14.906ms
[26.274s][debug  ][gc,phases,start] GC(96) Reference Processing
[26.274s][debug  ][gc,ref         ] GC(96) Skipped phase 1 of Reference Processing: no references
[26.274s][debug  ][gc,ref         ] GC(96) Skipped phase 2 of Reference Processing: no references
[26.274s][debug  ][gc,ref         ] GC(96) Skipped phase 3 of Reference Processing: no references
[26.274s][debug  ][gc,ref         ] GC(96) Skipped phase 4 of Reference Processing: no references
[26.274s][debug  ][gc,phases,ref  ] GC(96) Reference Processing: 0.1ms
[26.274s][debug  ][gc,phases,ref  ] GC(96)   Reconsider SoftReferences: 0.0ms
[26.274s][debug  ][gc,phases,ref  ] GC(96)     SoftRef (ms):                  skipped
[26.274s][debug  ][gc,phases,ref  ] GC(96)   Notify Soft/WeakReferences: 0.0ms
[26.274s][debug  ][gc,phases,ref  ] GC(96)     SoftRef (ms):                  skipped
[26.274s][debug  ][gc,phases,ref  ] GC(96)     WeakRef (ms):                  skipped
[26.274s][debug  ][gc,phases,ref  ] GC(96)     FinalRef (ms):                 skipped
[26.274s][debug  ][gc,phases,ref  ] GC(96)     Total (ms):                    skipped
[26.274s][debug  ][gc,phases,ref  ] GC(96)   Notify and keep alive finalizable: 0.0ms
[26.274s][debug  ][gc,phases,ref  ] GC(96)     FinalRef (ms):                 skipped
[26.274s][debug  ][gc,phases,ref  ] GC(96)   Notify PhantomReferences: 0.0ms
[26.274s][debug  ][gc,phases,ref  ] GC(96)     PhantomRef (ms):               skipped
[26.274s][debug  ][gc,phases,ref  ] GC(96)   SoftReference:
[26.274s][debug  ][gc,phases,ref  ] GC(96)     Discovered: 0
[26.274s][debug  ][gc,phases,ref  ] GC(96)     Cleared: 0
[26.274s][debug  ][gc,phases,ref  ] GC(96)   WeakReference:
[26.275s][debug  ][gc,phases,ref  ] GC(96)     Discovered: 0
[26.275s][debug  ][gc,phases,ref  ] GC(96)     Cleared: 0
[26.275s][debug  ][gc,phases,ref  ] GC(96)   FinalReference:
[26.275s][debug  ][gc,phases,ref  ] GC(96)     Discovered: 0
[26.275s][debug  ][gc,phases,ref  ] GC(96)     Cleared: 0
[26.275s][debug  ][gc,phases,ref  ] GC(96)   PhantomReference:
[26.275s][debug  ][gc,phases,ref  ] GC(96)     Discovered: 0
[26.275s][debug  ][gc,phases,ref  ] GC(96)     Cleared: 0
[26.275s][debug  ][gc,phases      ] GC(96) Reference Processing 0.589ms
[26.275s][debug  ][gc,phases,start] GC(96) Weak Processing
[26.275s][debug  ][gc,phases      ] GC(96)   VM Weak                        Min:  0.0, Avg:  0.0, Max:  0.0, Diff:  0.0, Sum:  0.0, Workers: 6
[26.275s][debug  ][gc,phases      ] GC(96)     Dead                           Min: 0, Avg:  0.0, Max: 0, Diff: 0, Sum: 0, Workers: 6
[26.275s][debug  ][gc,phases      ] GC(96)     Total                          Min: 0, Avg:  1.3, Max: 8, Diff: 8, Sum: 8, Workers: 6
[26.275s][debug  ][gc,phases      ] GC(96)   ObjectSynchronizer Weak        Min:  0.0, Avg:  0.0, Max:  0.0, Diff:  0.0, Sum:  0.0, Workers: 6
[26.275s][debug  ][gc,phases      ] GC(96)     Dead                           Min: 0, Avg:  0.0, Max: 0, Diff: 0, Sum: 0, Workers: 6
[26.275s][debug  ][gc,phases      ] GC(96)     Total                          Min: 0, Avg:  0.5, Max: 3, Diff: 3, Sum: 3, Workers: 6
[26.275s][debug  ][gc,phases      ] GC(96)   JVMTI Tag Weak OopStorage      Min:  0.0, Avg:  0.0, Max:  0.0, Diff:  0.0, Sum:  0.0, Workers: 6
[26.275s][debug  ][gc,phases      ] GC(96)     Dead                           Min: 0, Avg:  0.0, Max: 0, Diff: 0, Sum: 0, Workers: 6
[26.275s][debug  ][gc,phases      ] GC(96)     Total                          Min: 0, Avg:  0.0, Max: 0, Diff: 0, Sum: 0, Workers: 6
[26.275s][debug  ][gc,phases      ] GC(96)   StringTable Weak               Min:  0.0, Avg:  0.0, Max:  0.0, Diff:  0.0, Sum:  0.0, Workers: 6
[26.275s][debug  ][gc,phases      ] GC(96)     Dead                           Min: 0, Avg:  0.0, Max: 0, Diff: 0, Sum: 0, Workers: 6
[26.275s][debug  ][gc,phases      ] GC(96)     Total                          Min: 768, Avg: 892.5, Max: 1152, Diff: 384, Sum: 5355, Workers: 6
[26.275s][debug  ][gc,phases      ] GC(96)   ResolvedMethodTable Weak       Min:  0.0, Avg:  0.0, Max:  0.0, Diff:  0.0, Sum:  0.0, Workers: 6
[26.275s][debug  ][gc,phases      ] GC(96)     Dead                           Min: 0, Avg:  0.0, Max: 0, Diff: 0, Sum: 0, Workers: 6
[26.275s][debug  ][gc,phases      ] GC(96)     Total                          Min: 0, Avg: 21.7, Max: 64, Diff: 64, Sum: 130, Workers: 6
[26.275s][debug  ][gc,phases      ] GC(96)   JNI Weak                       Min:  0.0, Avg:  0.0, Max:  0.0, Diff:  0.0, Sum:  0.0, Workers: 6
[26.275s][debug  ][gc,phases      ] GC(96)     Dead                           Min: 0, Avg:  0.0, Max: 0, Diff: 0, Sum: 0, Workers: 6
[26.275s][debug  ][gc,phases      ] GC(96)     Total                          Min: 0, Avg:  0.0, Max: 0, Diff: 0, Sum: 0, Workers: 6
[26.275s][debug  ][gc,phases      ] GC(96)   StringDedup Table Weak         Min:  0.0, Avg:  0.0, Max:  0.0, Diff:  0.0, Sum:  0.0, Workers: 6
[26.275s][debug  ][gc,phases      ] GC(96)     Dead                           Min: 0, Avg:  0.0, Max: 0, Diff: 0, Sum: 0, Workers: 6
[26.275s][debug  ][gc,phases      ] GC(96)     Total                          Min: 0, Avg:  0.0, Max: 0, Diff: 0, Sum: 0, Workers: 6
[26.275s][debug  ][gc,phases      ] GC(96)   StringDedup Requests0 Weak     Min:  0.0, Avg:  0.0, Max:  0.0, Diff:  0.0, Sum:  0.0, Workers: 6
[26.275s][debug  ][gc,phases      ] GC(96)     Dead                           Min: 0, Avg:  0.0, Max: 0, Diff: 0, Sum: 0, Workers: 6
[26.275s][debug  ][gc,phases      ] GC(96)     Total                          Min: 0, Avg:  0.0, Max: 0, Diff: 0, Sum: 0, Workers: 6
[26.275s][debug  ][gc,phases      ] GC(96)   StringDedup Requests1 Weak     Min:  0.0, Avg:  0.0, Max:  0.0, Diff:  0.0, Sum:  0.0, Workers: 6
[26.275s][debug  ][gc,phases      ] GC(96)     Dead                           Min: 0, Avg:  0.0, Max: 0, Diff: 0, Sum: 0, Workers: 6
[26.275s][debug  ][gc,phases      ] GC(96)     Total                          Min: 0, Avg:  0.0, Max: 0, Diff: 0, Sum: 0, Workers: 6
[26.275s][debug  ][gc,phases      ] GC(96)   Weak JFR Old Object Samples    Min:  0.0, Avg:  0.0, Max:  0.0, Diff:  0.0, Sum:  0.0, Workers: 6
[26.275s][debug  ][gc,phases      ] GC(96)     Dead                           Min: 0, Avg:  0.0, Max: 0, Diff: 0, Sum: 0, Workers: 6
[26.275s][debug  ][gc,phases      ] GC(96)     Total                          Min: 0, Avg:  0.0, Max: 0, Diff: 0, Sum: 0, Workers: 6
[26.275s][debug  ][gc,phases      ] GC(96) Weak Processing 0.680ms
[26.275s][debug  ][gc,ergo        ] GC(96) AdaptiveSizeStart:  collection: 97 
[26.275s][debug  ][gc,ergo        ] GC(96) avg_survived_padded_avg: 32680340.000000
[26.275s][debug  ][gc,ergo        ] GC(96) avg_promoted_padded_avg: 264668000.000000  avg_pretenured_padded_avg: 0.000000  tenuring_thresh: 1  target_size: 33030144
[26.275s][debug  ][gc,age         ] GC(96) Desired survivor size 33030144 bytes, new threshold 1 (max threshold 15)
[26.275s][debug  ][gc,ergo        ] GC(96) PSAdaptiveSizePolicy::compute_eden_space_size limits: desired_eden_size: 225269997 old_eden_size: 202375168 eden_limit: 202375168 cur_eden: 202375168 max_eden_size: 202375168 avg_young_live: 27683782
[26.276s][debug  ][gc,ergo        ] GC(96) PSAdaptiveSizePolicy::compute_eden_space_size: costs minor_time: 0.049930 major_cost: 0.039254 mutator_cost: 0.910815 throughput_goal: 0.990000
[26.276s][debug  ][gc,ergo        ] GC(96) Live_space: 910903104 free_space: 1096286208
[26.276s][debug  ][gc,ergo        ] GC(96) Old eden_size: 202375168 desired_eden_size: 202375168
[26.276s][debug  ][gc,ergo        ] GC(96) AdaptiveSizeStop: collection: 97 
[26.276s][info   ][gc,heap        ] GC(96) PSYoungGen: 218897K(229888K)->30720K(229888K) Eden: 188177K(197632K)->0K(197632K) From: 30720K(32256K)->30720K(32256K)
[26.276s][info   ][gc,heap        ] GC(96) ParOldGen: 1435237K(1826304K)->1619557K(1826304K)
[26.276s][info   ][gc,metaspace   ] GC(96) Metaspace: 1024K(1216K)->1024K(1216K) NonClass: 940K(1024K)->940K(1024K) Class: 83K(192K)->83K(192K)
[26.276s][info   ][gc             ] GC(96) Pause Young (Allocation Failure) 1615M->1611M(2008M) 16.611ms
[26.276s][info   ][gc,cpu         ] GC(96) User=0.11s Sys=0.02s Real=0.02s
[26.276s][debug  ][gc,heap        ] GC(96) Heap after GC invocations=97 (full 16):
[26.276s][debug  ][gc,heap        ] GC(96)  PSYoungGen      total 229888K, used 30720K [0x00000007f0000000, 0x0000000800000000, 0x0000000800000000)
[26.276s][debug  ][gc,heap        ] GC(96)   eden space 197632K, 0% used [0x00000007f0000000,0x00000007f0000000,0x00000007fc100000)
[26.276s][debug  ][gc,heap        ] GC(96)   from space 32256K, 95% used [0x00000007fc100000,0x00000007fdf00030,0x00000007fe080000)
[26.276s][debug  ][gc,heap        ] GC(96)   to   space 32256K, 0% used [0x00000007fe080000,0x00000007fe080000,0x0000000800000000)
[26.276s][debug  ][gc,heap        ] GC(96)  ParOldGen       total 1826304K, used 1619557K [0x0000000700000000, 0x000000076f780000, 0x00000007f0000000)
[26.276s][debug  ][gc,heap        ] GC(96)   object space 1826304K, 88% used [0x0000000700000000,0x0000000762d995d8,0x000000076f780000)
[26.276s][debug  ][gc,heap        ] GC(96)  Metaspace       used 1024K, committed 1216K, reserved 1056768K
[26.276s][debug  ][gc,heap        ] GC(96)   class space    used 83K, committed 192K, reserved 1048576K
[26.276s][debug  ][gc,task,time   ] GC(96) VM-Thread 262586435 262740884 262759059
[26.276s][debug  ][gc,phases,start] GC(97) Pre Compact
[26.276s][debug  ][gc,heap        ] GC(97) Heap before GC invocations=98 (full 17):
[26.276s][debug  ][gc,heap        ] GC(97)  PSYoungGen      total 229888K, used 30720K [0x00000007f0000000, 0x0000000800000000, 0x0000000800000000)
[26.276s][debug  ][gc,heap        ] GC(97)   eden space 197632K, 0% used [0x00000007f0000000,0x00000007f0000000,0x00000007fc100000)
[26.276s][debug  ][gc,heap        ] GC(97)   from space 32256K, 95% used [0x00000007fc100000,0x00000007fdf00030,0x00000007fe080000)
[26.276s][debug  ][gc,heap        ] GC(97)   to   space 32256K, 0% used [0x00000007fe080000,0x00000007fe080000,0x0000000800000000)
[26.276s][debug  ][gc,heap        ] GC(97)  ParOldGen       total 1826304K, used 1619557K [0x0000000700000000, 0x000000076f780000, 0x00000007f0000000)
[26.276s][debug  ][gc,heap        ] GC(97)   object space 1826304K, 88% used [0x0000000700000000,0x0000000762d995d8,0x000000076f780000)
[26.276s][debug  ][gc,heap        ] GC(97)  Metaspace       used 1024K, committed 1216K, reserved 1056768K
[26.276s][debug  ][gc,heap        ] GC(97)   class space    used 83K, committed 192K, reserved 1048576K
[26.276s][debug  ][gc,phases      ] GC(97) Pre Compact 0.204ms
[26.276s][info   ][gc,start       ] GC(97) Pause Full (Ergonomics)
[26.276s][info   ][gc,phases,start] GC(97) Marking Phase
[26.276s][debug  ][gc,phases,start] GC(97) Par Mark
[26.277s][debug  ][gc,phases      ] GC(97) Par Mark 0.494ms
[26.277s][debug  ][gc,phases,start] GC(97) Reference Processing
[26.277s][debug  ][gc,ref         ] GC(97) Skipped phase 1 of Reference Processing: no references
[26.277s][debug  ][gc,ref         ] GC(97) ReferenceProcessor::execute queues: 1, RefProcThreadModel::Single, marks_oops_alive: false
[26.277s][debug  ][gc,ref         ] GC(97) Skipped phase 3 of Reference Processing: no references
[26.277s][debug  ][gc,ref         ] GC(97) ReferenceProcessor::execute queues: 1, RefProcThreadModel::Single, marks_oops_alive: false
[26.277s][debug  ][gc,phases,ref  ] GC(97) Reference Processing: 0.1ms
[26.277s][debug  ][gc,phases,ref  ] GC(97)   Reconsider SoftReferences: 0.0ms
[26.277s][debug  ][gc,phases,ref  ] GC(97)     SoftRef (ms):                  skipped
[26.277s][debug  ][gc,phases,ref  ] GC(97)   Notify Soft/WeakReferences: 0.0ms
[26.277s][debug  ][gc,phases,ref  ] GC(97)     SoftRef (ms):                  Min:  0.0, Avg:  0.0, Max:  0.0, Diff:  0.0, Sum:  0.0, Workers: 10
[26.277s][debug  ][gc,phases,ref  ] GC(97)     WeakRef (ms):                  Min:  0.0, Avg:  0.0, Max:  0.0, Diff:  0.0, Sum:  0.0, Workers: 10
[26.277s][debug  ][gc,phases,ref  ] GC(97)     FinalRef (ms):                 Min:  0.0, Avg:  0.0, Max:  0.0, Diff:  0.0, Sum:  0.0, Workers: 10
[26.277s][debug  ][gc,phases,ref  ] GC(97)     Total (ms):                    Min:  0.0, Avg:  0.0, Max:  0.0, Diff:  0.0, Sum:  0.0, Workers: 10
[26.277s][debug  ][gc,phases,ref  ] GC(97)   Notify and keep alive finalizable: 0.0ms
[26.277s][debug  ][gc,phases,ref  ] GC(97)     FinalRef (ms):                 skipped
[26.277s][debug  ][gc,phases,ref  ] GC(97)   Notify PhantomReferences: 0.0ms
[26.277s][debug  ][gc,phases,ref  ] GC(97)     PhantomRef (ms):               Min:  0.0, Avg:  0.0, Max:  0.0, Diff:  0.0, Sum:  0.0, Workers: 10
[26.277s][debug  ][gc,phases,ref  ] GC(97)   SoftReference:
[26.277s][debug  ][gc,phases,ref  ] GC(97)     Discovered: 0
[26.277s][debug  ][gc,phases,ref  ] GC(97)     Cleared: 0
[26.277s][debug  ][gc,phases,ref  ] GC(97)   WeakReference:
[26.277s][debug  ][gc,phases,ref  ] GC(97)     Discovered: 59
[26.277s][debug  ][gc,phases,ref  ] GC(97)     Cleared: 59
[26.277s][debug  ][gc,phases,ref  ] GC(97)   FinalReference:
[26.277s][debug  ][gc,phases,ref  ] GC(97)     Discovered: 0
[26.277s][debug  ][gc,phases,ref  ] GC(97)     Cleared: 0
[26.277s][debug  ][gc,phases,ref  ] GC(97)   PhantomReference:
[26.277s][debug  ][gc,phases,ref  ] GC(97)     Discovered: 3
[26.277s][debug  ][gc,phases,ref  ] GC(97)     Cleared: 3
[26.277s][debug  ][gc,phases      ] GC(97) Reference Processing 0.572ms
[26.277s][debug  ][gc,phases,start] GC(97) Weak Processing
[26.277s][debug  ][gc,phases      ] GC(97)   VM Weak                        Min:  0.0, Avg:  0.0, Max:  0.0, Diff:  0.0, Sum:  0.0, Workers: 6
[26.277s][debug  ][gc,phases      ] GC(97)     Dead                           Min: 0, Avg:  0.0, Max: 0, Diff: 0, Sum: 0, Workers: 6
[26.277s][debug  ][gc,phases      ] GC(97)     Total                          Min: 0, Avg:  1.3, Max: 8, Diff: 8, Sum: 8, Workers: 6
[26.277s][debug  ][gc,phases      ] GC(97)   ObjectSynchronizer Weak        Min:  0.0, Avg:  0.0, Max:  0.0, Diff:  0.0, Sum:  0.0, Workers: 6
[26.277s][debug  ][gc,phases      ] GC(97)     Dead                           Min: 0, Avg:  0.0, Max: 0, Diff: 0, Sum: 0, Workers: 6
[26.277s][debug  ][gc,phases      ] GC(97)     Total                          Min: 0, Avg:  0.5, Max: 3, Diff: 3, Sum: 3, Workers: 6
[26.278s][debug  ][gc,phases      ] GC(97)   JVMTI Tag Weak OopStorage      Min:  0.0, Avg:  0.0, Max:  0.0, Diff:  0.0, Sum:  0.0, Workers: 6
[26.278s][debug  ][gc,phases      ] GC(97)     Dead                           Min: 0, Avg:  0.0, Max: 0, Diff: 0, Sum: 0, Workers: 6
[26.278s][debug  ][gc,phases      ] GC(97)     Total                          Min: 0, Avg:  0.0, Max: 0, Diff: 0, Sum: 0, Workers: 6
[26.278s][debug  ][gc,phases      ] GC(97)   StringTable Weak               Min:  0.0, Avg:  0.0, Max:  0.0, Diff:  0.0, Sum:  0.0, Workers: 6
[26.278s][debug  ][gc,phases      ] GC(97)     Dead                           Min: 0, Avg:  0.0, Max: 0, Diff: 0, Sum: 0, Workers: 6
[26.278s][debug  ][gc,phases      ] GC(97)     Total                          Min: 575, Avg: 892.5, Max: 1088, Diff: 513, Sum: 5355, Workers: 6
[26.278s][debug  ][gc,phases      ] GC(97)   ResolvedMethodTable Weak       Min:  0.0, Avg:  0.0, Max:  0.0, Diff:  0.0, Sum:  0.0, Workers: 6
[26.278s][debug  ][gc,phases      ] GC(97)     Dead                           Min: 0, Avg:  0.0, Max: 0, Diff: 0, Sum: 0, Workers: 6
[26.278s][debug  ][gc,phases      ] GC(97)     Total                          Min: 0, Avg: 21.7, Max: 64, Diff: 64, Sum: 130, Workers: 6
[26.278s][debug  ][gc,phases      ] GC(97)   JNI Weak                       Min:  0.0, Avg:  0.0, Max:  0.0, Diff:  0.0, Sum:  0.0, Workers: 6
[26.278s][debug  ][gc,phases      ] GC(97)     Dead                           Min: 0, Avg:  0.0, Max: 0, Diff: 0, Sum: 0, Workers: 6
[26.278s][debug  ][gc,phases      ] GC(97)     Total                          Min: 0, Avg:  0.0, Max: 0, Diff: 0, Sum: 0, Workers: 6
[26.278s][debug  ][gc,phases      ] GC(97)   StringDedup Table Weak         Min:  0.0, Avg:  0.0, Max:  0.0, Diff:  0.0, Sum:  0.0, Workers: 6
[26.278s][debug  ][gc,phases      ] GC(97)     Dead                           Min: 0, Avg:  0.0, Max: 0, Diff: 0, Sum: 0, Workers: 6
[26.278s][debug  ][gc,phases      ] GC(97)     Total                          Min: 0, Avg:  0.0, Max: 0, Diff: 0, Sum: 0, Workers: 6
[26.278s][debug  ][gc,phases      ] GC(97)   StringDedup Requests0 Weak     Min:  0.0, Avg:  0.0, Max:  0.0, Diff:  0.0, Sum:  0.0, Workers: 6
[26.278s][debug  ][gc,phases      ] GC(97)     Dead                           Min: 0, Avg:  0.0, Max: 0, Diff: 0, Sum: 0, Workers: 6
[26.278s][debug  ][gc,phases      ] GC(97)     Total                          Min: 0, Avg:  0.0, Max: 0, Diff: 0, Sum: 0, Workers: 6
[26.278s][debug  ][gc,phases      ] GC(97)   StringDedup Requests1 Weak     Min:  0.0, Avg:  0.0, Max:  0.0, Diff:  0.0, Sum:  0.0, Workers: 6
[26.278s][debug  ][gc,phases      ] GC(97)     Dead                           Min: 0, Avg:  0.0, Max: 0, Diff: 0, Sum: 0, Workers: 6
[26.278s][debug  ][gc,phases      ] GC(97)     Total                          Min: 0, Avg:  0.0, Max: 0, Diff: 0, Sum: 0, Workers: 6
[26.278s][debug  ][gc,phases      ] GC(97)   Weak JFR Old Object Samples    Min:  0.0, Avg:  0.0, Max:  0.0, Diff:  0.0, Sum:  0.0, Workers: 6
[26.278s][debug  ][gc,phases      ] GC(97)     Dead                           Min: 0, Avg:  0.0, Max: 0, Diff: 0, Sum: 0, Workers: 6
[26.278s][debug  ][gc,phases      ] GC(97)     Total                          Min: 0, Avg:  0.0, Max: 0, Diff: 0, Sum: 0, Workers: 6
[26.278s][debug  ][gc,phases      ] GC(97) Weak Processing 0.681ms
[26.278s][debug  ][gc,phases,start] GC(97) Class Unloading
[26.278s][debug  ][gc,phases,start] GC(97) ClassLoaderData
[26.278s][debug  ][gc,phases      ] GC(97) ClassLoaderData 0.019ms
[26.278s][debug  ][gc,phases,start] GC(97) Trigger cleanups
[26.278s][debug  ][gc,phases      ] GC(97) Trigger cleanups 0.018ms
[26.278s][debug  ][gc,phases      ] GC(97) Class Unloading 0.252ms
[26.278s][info   ][gc,phases      ] GC(97) Marking Phase 2.109ms
[26.278s][info   ][gc,phases,start] GC(97) Summary Phase
[26.278s][info   ][gc,phases      ] GC(97) Summary Phase 0.037ms
[26.278s][info   ][gc,phases,start] GC(97) Adjust Roots
[26.279s][info   ][gc,phases      ] GC(97) Adjust Roots 0.137ms
[26.279s][info   ][gc,phases,start] GC(97) Compaction Phase
[26.365s][info   ][gc,phases      ] GC(97) Compaction Phase 86.781ms
[26.365s][info   ][gc,phases,start] GC(97) Post Compact
[26.371s][info   ][gc,phases      ] GC(97) Post Compact 5.213ms
[26.371s][debug  ][gc,ergo        ] GC(97) AdaptiveSizeStart: collection: 98 
[26.371s][debug  ][gc,ergo        ] GC(97) PSAdaptiveSizePolicy::compute_eden_space_size limits: desired_eden_size: 224638891 old_eden_size: 202375168 eden_limit: 202375168 cur_eden: 202375168 max_eden_size: 202375168 avg_young_live: 24915404
[26.371s][debug  ][gc,ergo        ] GC(97) PSAdaptiveSizePolicy::compute_eden_space_size: costs minor_time: 0.049930 major_cost: 0.041783 mutator_cost: 0.908287 throughput_goal: 0.990000
[26.371s][debug  ][gc,ergo        ] GC(97) Live_space: 908134720 free_space: 1096286208
[26.371s][debug  ][gc,ergo        ] GC(97) Old eden_size: 202375168 desired_eden_size: 202375168
[26.371s][debug  ][gc,ergo        ] GC(97) PSAdaptiveSizePolicy::compute_old_gen_free_space: costs minor_time: 0.049930 major_cost: 0.041783  mutator_cost: 0.908287 throughput_goal: 0.990000
[26.371s][debug  ][gc,ergo        ] GC(97) Live_space: 927564224 free_space: 1096286208
[26.371s][debug  ][gc,ergo        ] GC(97) Old promo_size: 893911040 desired_promo_size: 975699968
[26.371s][debug  ][gc             ] GC(97) Expanding ParOldGen from 1826304K by 175616K to 2001920K
[26.371s][debug  ][gc,ergo        ] GC(97) AdaptiveSizeStop: collection: 98 
[26.371s][info   ][gc,heap        ] GC(97) PSYoungGen: 30720K(229888K)->0K(229888K) Eden: 0K(197632K)->0K(197632K) From: 30720K(32256K)->0K(32256K)
[26.371s][info   ][gc,heap        ] GC(97) ParOldGen: 1619557K(1826304K)->790116K(2001920K)
[26.371s][info   ][gc,metaspace   ] GC(97) Metaspace: 1024K(1216K)->1024K(1216K) NonClass: 940K(1024K)->940K(1024K) Class: 83K(192K)->83K(192K)
[26.371s][info   ][gc             ] GC(97) Pause Full (Ergonomics) 1611M->771M(2179M) 95.205ms
[26.371s][info   ][gc,cpu         ] GC(97) User=0.72s Sys=0.00s Real=0.10s
[26.371s][debug  ][gc,heap        ] GC(97) Heap after GC invocations=98 (full 17):
[26.371s][debug  ][gc,heap        ] GC(97)  PSYoungGen      total 229888K, used 0K [0x00000007f0000000, 0x0000000800000000, 0x0000000800000000)
[26.371s][debug  ][gc,heap        ] GC(97)   eden space 197632K, 0% used [0x00000007f0000000,0x00000007f0000000,0x00000007fc100000)
[26.371s][debug  ][gc,heap        ] GC(97)   from space 32256K, 0% used [0x00000007fe080000,0x00000007fe080000,0x0000000800000000)
[26.371s][debug  ][gc,heap        ] GC(97)   to   space 32256K, 0% used [0x00000007fc100000,0x00000007fc100000,0x00000007fe080000)
[26.372s][debug  ][gc,heap        ] GC(97)  ParOldGen       total 2001920K, used 790116K [0x0000000700000000, 0x000000077a300000, 0x00000007f0000000)
[26.372s][debug  ][gc,heap        ] GC(97)   object space 2001920K, 39% used [0x0000000700000000,0x00000007303990c8,0x000000077a300000)
[26.372s][debug  ][gc,heap        ] GC(97)  Metaspace       used 1024K, committed 1216K, reserved 1056768K
[26.372s][debug  ][gc,heap        ] GC(97)   class space    used 83K, committed 192K, reserved 1048576K
[26.372s][debug  ][gc,task,time   ] GC(97) VM-Thread 262761787 262785476 263714108
[26.658s][debug  ][gc,heap        ] GC(98) Heap before GC invocations=99 (full 17):
[26.658s][debug  ][gc,heap        ] GC(98)  PSYoungGen      total 229888K, used 188182K [0x00000007f0000000, 0x0000000800000000, 0x0000000800000000)
[26.658s][debug  ][gc,heap        ] GC(98)   eden space 197632K, 95% used [0x00000007f0000000,0x00000007fb7c5a30,0x00000007fc100000)
[26.658s][debug  ][gc,heap        ] GC(98)   from space 32256K, 0% used [0x00000007fe080000,0x00000007fe080000,0x0000000800000000)
[26.658s][debug  ][gc,heap        ] GC(98)   to   space 32256K, 0% used [0x00000007fc100000,0x00000007fc100000,0x00000007fe080000)
[26.658s][debug  ][gc,heap        ] GC(98)  ParOldGen       total 2001920K, used 790116K [0x0000000700000000, 0x000000077a300000, 0x00000007f0000000)
[26.658s][debug  ][gc,heap        ] GC(98)   object space 2001920K, 39% used [0x0000000700000000,0x00000007303990c8,0x000000077a300000)
[26.658s][debug  ][gc,heap        ] GC(98)  Metaspace       used 1024K, committed 1216K, reserved 1056768K
[26.658s][debug  ][gc,heap        ] GC(98)   class space    used 83K, committed 192K, reserved 1048576K
[26.658s][debug  ][gc,tlab        ] GC(98) TLAB totals: thrds: 1  refills: 1 max: 1 slow allocs: 17 max 17 waste: 27.4% gc: 3954960B max: 3954960B slow: 0B max: 0B
[26.658s][info   ][gc,start       ] GC(98) Pause Young (Allocation Failure)
[26.658s][debug  ][gc,phases,start] GC(98) Scavenge
[26.671s][debug  ][gc,phases      ] GC(98) Scavenge 12.790ms
[26.671s][debug  ][gc,phases,start] GC(98) Reference Processing
[26.671s][debug  ][gc,ref         ] GC(98) Skipped phase 1 of Reference Processing: no references
[26.671s][debug  ][gc,ref         ] GC(98) Skipped phase 2 of Reference Processing: no references
[26.671s][debug  ][gc,ref         ] GC(98) Skipped phase 3 of Reference Processing: no references
[26.671s][debug  ][gc,ref         ] GC(98) Skipped phase 4 of Reference Processing: no references
[26.671s][debug  ][gc,phases,ref  ] GC(98) Reference Processing: 0.1ms
[26.671s][debug  ][gc,phases,ref  ] GC(98)   Reconsider SoftReferences: 0.0ms
[26.671s][debug  ][gc,phases,ref  ] GC(98)     SoftRef (ms):                  skipped
[26.671s][debug  ][gc,phases,ref  ] GC(98)   Notify Soft/WeakReferences: 0.0ms
[26.671s][debug  ][gc,phases,ref  ] GC(98)     SoftRef (ms):                  skipped
[26.671s][debug  ][gc,phases,ref  ] GC(98)     WeakRef (ms):                  skipped
[26.671s][debug  ][gc,phases,ref  ] GC(98)     FinalRef (ms):                 skipped
[26.671s][debug  ][gc,phases,ref  ] GC(98)     Total (ms):                    skipped
[26.671s][debug  ][gc,phases,ref  ] GC(98)   Notify and keep alive finalizable: 0.0ms
[26.671s][debug  ][gc,phases,ref  ] GC(98)     FinalRef (ms):                 skipped
[26.671s][debug  ][gc,phases,ref  ] GC(98)   Notify PhantomReferences: 0.0ms
[26.671s][debug  ][gc,phases,ref  ] GC(98)     PhantomRef (ms):               skipped
[26.671s][debug  ][gc,phases,ref  ] GC(98)   SoftReference:
[26.671s][debug  ][gc,phases,ref  ] GC(98)     Discovered: 0
[26.672s][debug  ][gc,phases,ref  ] GC(98)     Cleared: 0
[26.672s][debug  ][gc,phases,ref  ] GC(98)   WeakReference:
[26.672s][debug  ][gc,phases,ref  ] GC(98)     Discovered: 0
[26.672s][debug  ][gc,phases,ref  ] GC(98)     Cleared: 0
[26.672s][debug  ][gc,phases,ref  ] GC(98)   FinalReference:
[26.672s][debug  ][gc,phases,ref  ] GC(98)     Discovered: 0
[26.672s][debug  ][gc,phases,ref  ] GC(98)     Cleared: 0
[26.672s][debug  ][gc,phases,ref  ] GC(98)   PhantomReference:
[26.672s][debug  ][gc,phases,ref  ] GC(98)     Discovered: 0
[26.672s][debug  ][gc,phases,ref  ] GC(98)     Cleared: 0
[26.672s][debug  ][gc,phases      ] GC(98) Reference Processing 0.692ms
[26.672s][debug  ][gc,phases,start] GC(98) Weak Processing
[26.672s][debug  ][gc,phases      ] GC(98)   VM Weak                        Min:  0.0, Avg:  0.0, Max:  0.0, Diff:  0.0, Sum:  0.0, Workers: 6
[26.672s][debug  ][gc,phases      ] GC(98)     Dead                           Min: 0, Avg:  0.0, Max: 0, Diff: 0, Sum: 0, Workers: 6
[26.672s][debug  ][gc,phases      ] GC(98)     Total                          Min: 0, Avg:  1.3, Max: 8, Diff: 8, Sum: 8, Workers: 6
[26.672s][debug  ][gc,phases      ] GC(98)   ObjectSynchronizer Weak        Min:  0.0, Avg:  0.0, Max:  0.0, Diff:  0.0, Sum:  0.0, Workers: 6
[26.672s][debug  ][gc,phases      ] GC(98)     Dead                           Min: 0, Avg:  0.0, Max: 0, Diff: 0, Sum: 0, Workers: 6
[26.672s][debug  ][gc,phases      ] GC(98)     Total                          Min: 0, Avg:  0.5, Max: 3, Diff: 3, Sum: 3, Workers: 6
[26.672s][debug  ][gc,phases      ] GC(98)   JVMTI Tag Weak OopStorage      Min:  0.0, Avg:  0.0, Max:  0.0, Diff:  0.0, Sum:  0.0, Workers: 6
[26.672s][debug  ][gc,phases      ] GC(98)     Dead                           Min: 0, Avg:  0.0, Max: 0, Diff: 0, Sum: 0, Workers: 6
[26.672s][debug  ][gc,phases      ] GC(98)     Total                          Min: 0, Avg:  0.0, Max: 0, Diff: 0, Sum: 0, Workers: 6
[26.672s][debug  ][gc,phases      ] GC(98)   StringTable Weak               Min:  0.0, Avg:  0.0, Max:  0.0, Diff:  0.0, Sum:  0.0, Workers: 6
[26.672s][debug  ][gc,phases      ] GC(98)     Dead                           Min: 0, Avg:  0.0, Max: 0, Diff: 0, Sum: 0, Workers: 6
[26.672s][debug  ][gc,phases      ] GC(98)     Total                          Min: 832, Avg: 892.5, Max: 960, Diff: 128, Sum: 5355, Workers: 6
[26.672s][debug  ][gc,phases      ] GC(98)   ResolvedMethodTable Weak       Min:  0.0, Avg:  0.0, Max:  0.0, Diff:  0.0, Sum:  0.0, Workers: 6
[26.672s][debug  ][gc,phases      ] GC(98)     Dead                           Min: 0, Avg:  0.0, Max: 0, Diff: 0, Sum: 0, Workers: 6
[26.672s][debug  ][gc,phases      ] GC(98)     Total                          Min: 0, Avg: 21.7, Max: 64, Diff: 64, Sum: 130, Workers: 6
[26.672s][debug  ][gc,phases      ] GC(98)   JNI Weak                       Min:  0.0, Avg:  0.0, Max:  0.0, Diff:  0.0, Sum:  0.0, Workers: 6
[26.672s][debug  ][gc,phases      ] GC(98)     Dead                           Min: 0, Avg:  0.0, Max: 0, Diff: 0, Sum: 0, Workers: 6
[26.672s][debug  ][gc,phases      ] GC(98)     Total                          Min: 0, Avg:  0.0, Max: 0, Diff: 0, Sum: 0, Workers: 6
[26.672s][debug  ][gc,phases      ] GC(98)   StringDedup Table Weak         Min:  0.0, Avg:  0.0, Max:  0.0, Diff:  0.0, Sum:  0.0, Workers: 6
[26.672s][debug  ][gc,phases      ] GC(98)     Dead                           Min: 0, Avg:  0.0, Max: 0, Diff: 0, Sum: 0, Workers: 6
[26.672s][debug  ][gc,phases      ] GC(98)     Total                          Min: 0, Avg:  0.0, Max: 0, Diff: 0, Sum: 0, Workers: 6
[26.672s][debug  ][gc,phases      ] GC(98)   StringDedup Requests0 Weak     Min:  0.0, Avg:  0.0, Max:  0.0, Diff:  0.0, Sum:  0.0, Workers: 6
[26.672s][debug  ][gc,phases      ] GC(98)     Dead                           Min: 0, Avg:  0.0, Max: 0, Diff: 0, Sum: 0, Workers: 6
[26.672s][debug  ][gc,phases      ] GC(98)     Total                          Min: 0, Avg:  0.0, Max: 0, Diff: 0, Sum: 0, Workers: 6
[26.672s][debug  ][gc,phases      ] GC(98)   StringDedup Requests1 Weak     Min:  0.0, Avg:  0.0, Max:  0.0, Diff:  0.0, Sum:  0.0, Workers: 6
[26.672s][debug  ][gc,phases      ] GC(98)     Dead                           Min: 0, Avg:  0.0, Max: 0, Diff: 0, Sum: 0, Workers: 6
[26.673s][debug  ][gc,phases      ] GC(98)     Total                          Min: 0, Avg:  0.0, Max: 0, Diff: 0, Sum: 0, Workers: 6
[26.673s][debug  ][gc,phases      ] GC(98)   Weak JFR Old Object Samples    Min:  0.0, Avg:  0.0, Max:  0.0, Diff:  0.0, Sum:  0.0, Workers: 6
[26.673s][debug  ][gc,phases      ] GC(98)     Dead                           Min: 0, Avg:  0.0, Max: 0, Diff: 0, Sum: 0, Workers: 6
[26.673s][debug  ][gc,phases      ] GC(98)     Total                          Min: 0, Avg:  0.0, Max: 0, Diff: 0, Sum: 0, Workers: 6
[26.673s][debug  ][gc,phases      ] GC(98) Weak Processing 0.816ms
[26.673s][debug  ][gc,ergo        ] GC(98) AdaptiveSizeStart:  collection: 99 
[26.673s][debug  ][gc,ergo        ] GC(98) avg_survived_padded_avg: 32587056.000000
[26.673s][debug  ][gc,ergo        ] GC(98) avg_promoted_padded_avg: 256217808.000000  avg_pretenured_padded_avg: 0.000000  tenuring_thresh: 1  target_size: 33030144
[26.673s][debug  ][gc,age         ] GC(98) Desired survivor size 33030144 bytes, new threshold 1 (max threshold 15)
[26.673s][debug  ][gc,ergo        ] GC(98) PSAdaptiveSizePolicy::compute_eden_space_size limits: desired_eden_size: 223921166 old_eden_size: 202375168 eden_limit: 202375168 cur_eden: 202375168 max_eden_size: 202375168 avg_young_live: 25569596
[26.673s][debug  ][gc,ergo        ] GC(98) PSAdaptiveSizePolicy::compute_eden_space_size: costs minor_time: 0.046528 major_cost: 0.041783 mutator_cost: 0.911689 throughput_goal: 0.990000
[26.673s][debug  ][gc,ergo        ] GC(98) Live_space: 928218432 free_space: 1178075136
[26.673s][debug  ][gc,ergo        ] GC(98) Old eden_size: 202375168 desired_eden_size: 202375168
[26.673s][debug  ][gc,ergo        ] GC(98) AdaptiveSizeStop: collection: 99 
[26.673s][info   ][gc,heap        ] GC(98) PSYoungGen: 188182K(229888K)->30720K(229888K) Eden: 188182K(197632K)->0K(197632K) From: 0K(32256K)->30720K(32256K)
[26.673s][info   ][gc,heap        ] GC(98) ParOldGen: 790116K(2001920K)->943716K(2001920K)
[26.673s][info   ][gc,metaspace   ] GC(98) Metaspace: 1024K(1216K)->1024K(1216K) NonClass: 940K(1024K)->940K(1024K) Class: 83K(192K)->83K(192K)
[26.673s][info   ][gc             ] GC(98) Pause Young (Allocation Failure) 955M->951M(2179M) 14.800ms
[26.673s][info   ][gc,cpu         ] GC(98) User=0.16s Sys=0.00s Real=0.02s
[26.673s][debug  ][gc,heap        ] GC(98) Heap after GC invocations=99 (full 17):
[26.673s][debug  ][gc,heap        ] GC(98)  PSYoungGen      total 229888K, used 30720K [0x00000007f0000000, 0x0000000800000000, 0x0000000800000000)
[26.673s][debug  ][gc,heap        ] GC(98)   eden space 197632K, 0% used [0x00000007f0000000,0x00000007f0000000,0x00000007fc100000)
[26.673s][debug  ][gc,heap        ] GC(98)   from space 32256K, 95% used [0x00000007fc100000,0x00000007fdf00030,0x00000007fe080000)
[26.673s][debug  ][gc,heap        ] GC(98)   to   space 32256K, 0% used [0x00000007fe080000,0x00000007fe080000,0x0000000800000000)
[26.673s][debug  ][gc,heap        ] GC(98)  ParOldGen       total 2001920K, used 943716K [0x0000000700000000, 0x000000077a300000, 0x00000007f0000000)
[26.673s][debug  ][gc,heap        ] GC(98)   object space 2001920K, 47% used [0x0000000700000000,0x00000007399991b8,0x000000077a300000)
[26.673s][debug  ][gc,heap        ] GC(98)  Metaspace       used 1024K, committed 1216K, reserved 1056768K
[26.673s][debug  ][gc,heap        ] GC(98)   class space    used 83K, committed 192K, reserved 1048576K
[26.673s][debug  ][gc,task,time   ] GC(98) VM-Thread 266577224 266710698 266732329
[26.961s][debug  ][gc,heap        ] GC(99) Heap before GC invocations=100 (full 17):
[26.961s][debug  ][gc,heap        ] GC(99)  PSYoungGen      total 229888K, used 218830K [0x00000007f0000000, 0x0000000800000000, 0x0000000800000000)
[26.961s][debug  ][gc,heap        ] GC(99)   eden space 197632K, 95% used [0x00000007f0000000,0x00000007fb7b3a00,0x00000007fc100000)
[26.961s][debug  ][gc,heap        ] GC(99)   from space 32256K, 95% used [0x00000007fc100000,0x00000007fdf00030,0x00000007fe080000)
[26.961s][debug  ][gc,heap        ] GC(99)   to   space 32256K, 0% used [0x00000007fe080000,0x00000007fe080000,0x0000000800000000)
[26.961s][debug  ][gc,heap        ] GC(99)  ParOldGen       total 2001920K, used 943716K [0x0000000700000000, 0x000000077a300000, 0x00000007f0000000)
[26.961s][debug  ][gc,heap        ] GC(99)   object space 2001920K, 47% used [0x0000000700000000,0x00000007399991b8,0x000000077a300000)
[26.961s][debug  ][gc,heap        ] GC(99)  Metaspace       used 1024K, committed 1216K, reserved 1056768K
[26.961s][debug  ][gc,heap        ] GC(99)   class space    used 83K, committed 192K, reserved 1048576K
[26.961s][debug  ][gc,tlab        ] GC(99) TLAB totals: thrds: 1  refills: 1 max: 1 slow allocs: 17 max 17 waste: 27.0% gc: 3880120B max: 3880120B slow: 0B max: 0B
[26.961s][info   ][gc,start       ] GC(99) Pause Young (Allocation Failure)
[26.961s][debug  ][gc,phases,start] GC(99) Scavenge
[26.971s][debug  ][gc,phases      ] GC(99) Scavenge 9.518ms
[26.971s][debug  ][gc,phases,start] GC(99) Reference Processing
[26.971s][debug  ][gc,ref         ] GC(99) Skipped phase 1 of Reference Processing: no references
[26.971s][debug  ][gc,ref         ] GC(99) Skipped phase 2 of Reference Processing: no references
[26.971s][debug  ][gc,ref         ] GC(99) Skipped phase 3 of Reference Processing: no references
[26.971s][debug  ][gc,ref         ] GC(99) Skipped phase 4 of Reference Processing: no references
[26.971s][debug  ][gc,phases,ref  ] GC(99) Reference Processing: 0.1ms
[26.971s][debug  ][gc,phases,ref  ] GC(99)   Reconsider SoftReferences: 0.0ms
[26.971s][debug  ][gc,phases,ref  ] GC(99)     SoftRef (ms):                  skipped
[26.971s][debug  ][gc,phases,ref  ] GC(99)   Notify Soft/WeakReferences: 0.0ms
[26.971s][debug  ][gc,phases,ref  ] GC(99)     SoftRef (ms):                  skipped
[26.971s][debug  ][gc,phases,ref  ] GC(99)     WeakRef (ms):                  skipped
[26.971s][debug  ][gc,phases,ref  ] GC(99)     FinalRef (ms):                 skipped
[26.971s][debug  ][gc,phases,ref  ] GC(99)     Total (ms):                    skipped
[26.971s][debug  ][gc,phases,ref  ] GC(99)   Notify and keep alive finalizable: 0.0ms
[26.971s][debug  ][gc,phases,ref  ] GC(99)     FinalRef (ms):                 skipped
[26.971s][debug  ][gc,phases,ref  ] GC(99)   Notify PhantomReferences: 0.0ms
[26.971s][debug  ][gc,phases,ref  ] GC(99)     PhantomRef (ms):               skipped
[26.971s][debug  ][gc,phases,ref  ] GC(99)   SoftReference:
[26.971s][debug  ][gc,phases,ref  ] GC(99)     Discovered: 0
[26.971s][debug  ][gc,phases,ref  ] GC(99)     Cleared: 0
[26.971s][debug  ][gc,phases,ref  ] GC(99)   WeakReference:
[26.971s][debug  ][gc,phases,ref  ] GC(99)     Discovered: 0
[26.971s][debug  ][gc,phases,ref  ] GC(99)     Cleared: 0
[26.971s][debug  ][gc,phases,ref  ] GC(99)   FinalReference:
[26.972s][debug  ][gc,phases,ref  ] GC(99)     Discovered: 0
[26.972s][debug  ][gc,phases,ref  ] GC(99)     Cleared: 0
[26.972s][debug  ][gc,phases,ref  ] GC(99)   PhantomReference:
[26.972s][debug  ][gc,phases,ref  ] GC(99)     Discovered: 0
[26.972s][debug  ][gc,phases,ref  ] GC(99)     Cleared: 0
[26.972s][debug  ][gc,phases      ] GC(99) Reference Processing 0.679ms
[26.972s][debug  ][gc,phases,start] GC(99) Weak Processing
[26.972s][debug  ][gc,phases      ] GC(99)   VM Weak                        Min:  0.0, Avg:  0.0, Max:  0.0, Diff:  0.0, Sum:  0.0, Workers: 6
[26.972s][debug  ][gc,phases      ] GC(99)     Dead                           Min: 0, Avg:  0.0, Max: 0, Diff: 0, Sum: 0, Workers: 6
[26.972s][debug  ][gc,phases      ] GC(99)     Total                          Min: 0, Avg:  1.3, Max: 8, Diff: 8, Sum: 8, Workers: 6
[26.972s][debug  ][gc,phases      ] GC(99)   ObjectSynchronizer Weak        Min:  0.0, Avg:  0.0, Max:  0.0, Diff:  0.0, Sum:  0.0, Workers: 6
[26.972s][debug  ][gc,phases      ] GC(99)     Dead                           Min: 0, Avg:  0.0, Max: 0, Diff: 0, Sum: 0, Workers: 6
[26.972s][debug  ][gc,phases      ] GC(99)     Total                          Min: 0, Avg:  0.5, Max: 3, Diff: 3, Sum: 3, Workers: 6
[26.972s][debug  ][gc,phases      ] GC(99)   JVMTI Tag Weak OopStorage      Min:  0.0, Avg:  0.0, Max:  0.0, Diff:  0.0, Sum:  0.0, Workers: 6
[26.972s][debug  ][gc,phases      ] GC(99)     Dead                           Min: 0, Avg:  0.0, Max: 0, Diff: 0, Sum: 0, Workers: 6
[26.972s][debug  ][gc,phases      ] GC(99)     Total                          Min: 0, Avg:  0.0, Max: 0, Diff: 0, Sum: 0, Workers: 6
[26.972s][debug  ][gc,phases      ] GC(99)   StringTable Weak               Min:  0.0, Avg:  0.0, Max:  0.0, Diff:  0.0, Sum:  0.0, Workers: 6
[26.972s][debug  ][gc,phases      ] GC(99)     Dead                           Min: 0, Avg:  0.0, Max: 0, Diff: 0, Sum: 0, Workers: 6
[26.972s][debug  ][gc,phases      ] GC(99)     Total                          Min: 555, Avg: 892.5, Max: 1152, Diff: 597, Sum: 5355, Workers: 6
[26.972s][debug  ][gc,phases      ] GC(99)   ResolvedMethodTable Weak       Min:  0.0, Avg:  0.0, Max:  0.0, Diff:  0.0, Sum:  0.0, Workers: 6
[26.972s][debug  ][gc,phases      ] GC(99)     Dead                           Min: 0, Avg:  0.0, Max: 0, Diff: 0, Sum: 0, Workers: 6
[26.972s][debug  ][gc,phases      ] GC(99)     Total                          Min: 0, Avg: 21.7, Max: 64, Diff: 64, Sum: 130, Workers: 6
[26.972s][debug  ][gc,phases      ] GC(99)   JNI Weak                       Min:  0.0, Avg:  0.0, Max:  0.0, Diff:  0.0, Sum:  0.0, Workers: 6
[26.972s][debug  ][gc,phases      ] GC(99)     Dead                           Min: 0, Avg:  0.0, Max: 0, Diff: 0, Sum: 0, Workers: 6
[26.972s][debug  ][gc,phases      ] GC(99)     Total                          Min: 0, Avg:  0.0, Max: 0, Diff: 0, Sum: 0, Workers: 6
[26.972s][debug  ][gc,phases      ] GC(99)   StringDedup Table Weak         Min:  0.0, Avg:  0.0, Max:  0.0, Diff:  0.0, Sum:  0.0, Workers: 6
[26.972s][debug  ][gc,phases      ] GC(99)     Dead                           Min: 0, Avg:  0.0, Max: 0, Diff: 0, Sum: 0, Workers: 6
[26.972s][debug  ][gc,phases      ] GC(99)     Total                          Min: 0, Avg:  0.0, Max: 0, Diff: 0, Sum: 0, Workers: 6
[26.972s][debug  ][gc,phases      ] GC(99)   StringDedup Requests0 Weak     Min:  0.0, Avg:  0.0, Max:  0.0, Diff:  0.0, Sum:  0.0, Workers: 6
[26.972s][debug  ][gc,phases      ] GC(99)     Dead                           Min: 0, Avg:  0.0, Max: 0, Diff: 0, Sum: 0, Workers: 6
[26.973s][debug  ][gc,phases      ] GC(99)     Total                          Min: 0, Avg:  0.0, Max: 0, Diff: 0, Sum: 0, Workers: 6
[26.973s][debug  ][gc,phases      ] GC(99)   StringDedup Requests1 Weak     Min:  0.0, Avg:  0.0, Max:  0.0, Diff:  0.0, Sum:  0.0, Workers: 6
[26.973s][debug  ][gc,phases      ] GC(99)     Dead                           Min: 0, Avg:  0.0, Max: 0, Diff: 0, Sum: 0, Workers: 6
[26.973s][debug  ][gc,phases      ] GC(99)     Total                          Min: 0, Avg:  0.0, Max: 0, Diff: 0, Sum: 0, Workers: 6
[26.973s][debug  ][gc,phases      ] GC(99)   Weak JFR Old Object Samples    Min:  0.0, Avg:  0.0, Max:  0.0, Diff:  0.0, Sum:  0.0, Workers: 6
[26.973s][debug  ][gc,phases      ] GC(99)     Dead                           Min: 0, Avg:  0.0, Max: 0, Diff: 0, Sum: 0, Workers: 6
[26.973s][debug  ][gc,phases      ] GC(99)     Total                          Min: 0, Avg:  0.0, Max: 0, Diff: 0, Sum: 0, Workers: 6
[26.973s][debug  ][gc,phases      ] GC(99) Weak Processing 1.061ms
[26.973s][debug  ][gc,ergo        ] GC(99) AdaptiveSizeStart:  collection: 100 
[26.973s][debug  ][gc,ergo        ] GC(99) avg_survived_padded_avg: 32500200.000000
[26.973s][debug  ][gc,ergo        ] GC(99) avg_promoted_padded_avg: 257296736.000000  avg_pretenured_padded_avg: 0.000000  tenuring_thresh: 1  target_size: 32505856
[26.973s][debug  ][gc,age         ] GC(99) Desired survivor size 32505856 bytes, new threshold 1 (max threshold 15)
[26.973s][debug  ][gc,ergo        ] GC(99) PSAdaptiveSizePolicy::compute_eden_space_size limits: desired_eden_size: 223440685 old_eden_size: 202375168 eden_limit: 202375168 cur_eden: 202375168 max_eden_size: 202375168 avg_young_live: 26158368
[26.973s][debug  ][gc,ergo        ] GC(99) PSAdaptiveSizePolicy::compute_eden_space_size: costs minor_time: 0.044388 major_cost: 0.041783 mutator_cost: 0.913829 throughput_goal: 0.990000
[26.973s][debug  ][gc,ergo        ] GC(99) Live_space: 928807168 free_space: 1178075136
[26.973s][debug  ][gc,ergo        ] GC(99) Old eden_size: 202375168 desired_eden_size: 202375168
[26.973s][debug  ][gc,ergo        ] GC(99) AdaptiveSizeStop: collection: 100 
[26.973s][info   ][gc,heap        ] GC(99) PSYoungGen: 218830K(229888K)->30720K(230400K) Eden: 188110K(197632K)->0K(198144K) From: 30720K(32256K)->30720K(32256K)
[26.973s][info   ][gc,heap        ] GC(99) ParOldGen: 943716K(2001920K)->1046116K(2001920K)
[26.973s][info   ][gc,metaspace   ] GC(99) Metaspace: 1024K(1216K)->1024K(1216K) NonClass: 940K(1024K)->940K(1024K) Class: 83K(192K)->83K(192K)
[26.973s][info   ][gc             ] GC(99) Pause Young (Allocation Failure) 1135M->1051M(2180M) 11.777ms
[26.973s][info   ][gc,cpu         ] GC(99) User=0.00s Sys=0.00s Real=0.01s
[26.973s][debug  ][gc,heap        ] GC(99) Heap after GC invocations=100 (full 17):
[26.973s][debug  ][gc,heap        ] GC(99)  PSYoungGen      total 230400K, used 30720K [0x00000007f0000000, 0x0000000800000000, 0x0000000800000000)
[26.973s][debug  ][gc,heap        ] GC(99)   eden space 198144K, 0% used [0x00000007f0000000,0x00000007f0000000,0x00000007fc180000)
[26.973s][debug  ][gc,heap        ] GC(99)   from space 32256K, 95% used [0x00000007fe080000,0x00000007ffe80030,0x0000000800000000)
[26.973s][debug  ][gc,heap        ] GC(99)   to   space 31744K, 0% used [0x00000007fc180000,0x00000007fc180000,0x00000007fe080000)
[26.973s][debug  ][gc,heap        ] GC(99)  ParOldGen       total 2001920K, used 1046116K [0x0000000700000000, 0x000000077a300000, 0x00000007f0000000)
[26.973s][debug  ][gc,heap        ] GC(99)   object space 2001920K, 52% used [0x0000000700000000,0x000000073fd99258,0x000000077a300000)
[26.973s][debug  ][gc,heap        ] GC(99)  Metaspace       used 1024K, committed 1216K, reserved 1056768K
[26.973s][debug  ][gc,heap        ] GC(99)   class space    used 83K, committed 192K, reserved 1048576K
[26.973s][debug  ][gc,task,time   ] GC(99) VM-Thread 269608066 269709508 269733552
[27.263s][debug  ][gc,heap        ] GC(100) Heap before GC invocations=101 (full 17):
[27.263s][debug  ][gc,heap        ] GC(100)  PSYoungGen      total 230400K, used 218869K [0x00000007f0000000, 0x0000000800000000, 0x0000000800000000)
[27.263s][debug  ][gc,heap        ] GC(100)   eden space 198144K, 94% used [0x00000007f0000000,0x00000007fb7bd578,0x00000007fc180000)
[27.263s][debug  ][gc,heap        ] GC(100)   from space 32256K, 95% used [0x00000007fe080000,0x00000007ffe80030,0x0000000800000000)
[27.263s][debug  ][gc,heap        ] GC(100)   to   space 31744K, 0% used [0x00000007fc180000,0x00000007fc180000,0x00000007fe080000)
[27.263s][debug  ][gc,heap        ] GC(100)  ParOldGen       total 2001920K, used 1046116K [0x0000000700000000, 0x000000077a300000, 0x00000007f0000000)
[27.263s][debug  ][gc,heap        ] GC(100)   object space 2001920K, 52% used [0x0000000700000000,0x000000073fd99258,0x000000077a300000)
[27.263s][debug  ][gc,heap        ] GC(100)  Metaspace       used 1024K, committed 1216K, reserved 1056768K
[27.263s][debug  ][gc,heap        ] GC(100)   class space    used 83K, committed 192K, reserved 1048576K
[27.263s][debug  ][gc,tlab        ] GC(100) TLAB totals: thrds: 1  refills: 1 max: 1 slow allocs: 17 max 17 waste: 27.2% gc: 3920984B max: 3920984B slow: 0B max: 0B
[27.263s][info   ][gc,start       ] GC(100) Pause Young (Allocation Failure)
[27.263s][debug  ][gc,phases,start] GC(100) Scavenge
[27.279s][debug  ][gc,phases      ] GC(100) Scavenge 15.304ms
[27.279s][debug  ][gc,phases,start] GC(100) Reference Processing
[27.279s][debug  ][gc,ref         ] GC(100) Skipped phase 1 of Reference Processing: no references
[27.279s][debug  ][gc,ref         ] GC(100) Skipped phase 2 of Reference Processing: no references
[27.279s][debug  ][gc,ref         ] GC(100) Skipped phase 3 of Reference Processing: no references
[27.279s][debug  ][gc,ref         ] GC(100) Skipped phase 4 of Reference Processing: no references
[27.279s][debug  ][gc,phases,ref  ] GC(100) Reference Processing: 0.1ms
[27.279s][debug  ][gc,phases,ref  ] GC(100)   Reconsider SoftReferences: 0.0ms
[27.279s][debug  ][gc,phases,ref  ] GC(100)     SoftRef (ms):                  skipped
[27.279s][debug  ][gc,phases,ref  ] GC(100)   Notify Soft/WeakReferences: 0.0ms
[27.279s][debug  ][gc,phases,ref  ] GC(100)     SoftRef (ms):                  skipped
[27.279s][debug  ][gc,phases,ref  ] GC(100)     WeakRef (ms):                  skipped
[27.279s][debug  ][gc,phases,ref  ] GC(100)     FinalRef (ms):                 skipped
[27.279s][debug  ][gc,phases,ref  ] GC(100)     Total (ms):                    skipped
[27.279s][debug  ][gc,phases,ref  ] GC(100)   Notify and keep alive finalizable: 0.0ms
[27.279s][debug  ][gc,phases,ref  ] GC(100)     FinalRef (ms):                 skipped
[27.279s][debug  ][gc,phases,ref  ] GC(100)   Notify PhantomReferences: 0.0ms
[27.279s][debug  ][gc,phases,ref  ] GC(100)     PhantomRef (ms):               skipped
[27.279s][debug  ][gc,phases,ref  ] GC(100)   SoftReference:
[27.279s][debug  ][gc,phases,ref  ] GC(100)     Discovered: 0
[27.279s][debug  ][gc,phases,ref  ] GC(100)     Cleared: 0
[27.279s][debug  ][gc,phases,ref  ] GC(100)   WeakReference:
[27.279s][debug  ][gc,phases,ref  ] GC(100)     Discovered: 0
[27.279s][debug  ][gc,phases,ref  ] GC(100)     Cleared: 0
[27.279s][debug  ][gc,phases,ref  ] GC(100)   FinalReference:
[27.279s][debug  ][gc,phases,ref  ] GC(100)     Discovered: 0
[27.279s][debug  ][gc,phases,ref  ] GC(100)     Cleared: 0
[27.279s][debug  ][gc,phases,ref  ] GC(100)   PhantomReference:
[27.279s][debug  ][gc,phases,ref  ] GC(100)     Discovered: 0
[27.279s][debug  ][gc,phases,ref  ] GC(100)     Cleared: 0
[27.279s][debug  ][gc,phases      ] GC(100) Reference Processing 0.701ms
[27.279s][debug  ][gc,phases,start] GC(100) Weak Processing
[27.280s][debug  ][gc,phases      ] GC(100)   VM Weak                        Min:  0.0, Avg:  0.0, Max:  0.0, Diff:  0.0, Sum:  0.0, Workers: 6
[27.280s][debug  ][gc,phases      ] GC(100)     Dead                           Min: 0, Avg:  0.0, Max: 0, Diff: 0, Sum: 0, Workers: 6
[27.280s][debug  ][gc,phases      ] GC(100)     Total                          Min: 0, Avg:  1.3, Max: 8, Diff: 8, Sum: 8, Workers: 6
[27.280s][debug  ][gc,phases      ] GC(100)   ObjectSynchronizer Weak        Min:  0.0, Avg:  0.0, Max:  0.0, Diff:  0.0, Sum:  0.0, Workers: 6
[27.280s][debug  ][gc,phases      ] GC(100)     Dead                           Min: 0, Avg:  0.0, Max: 0, Diff: 0, Sum: 0, Workers: 6
[27.280s][debug  ][gc,phases      ] GC(100)     Total                          Min: 0, Avg:  0.5, Max: 3, Diff: 3, Sum: 3, Workers: 6
[27.280s][debug  ][gc,phases      ] GC(100)   JVMTI Tag Weak OopStorage      Min:  0.0, Avg:  0.0, Max:  0.0, Diff:  0.0, Sum:  0.0, Workers: 6
[27.280s][debug  ][gc,phases      ] GC(100)     Dead                           Min: 0, Avg:  0.0, Max: 0, Diff: 0, Sum: 0, Workers: 6
[27.280s][debug  ][gc,phases      ] GC(100)     Total                          Min: 0, Avg:  0.0, Max: 0, Diff: 0, Sum: 0, Workers: 6
[27.280s][debug  ][gc,phases      ] GC(100)   StringTable Weak               Min:  0.0, Avg:  0.0, Max:  0.0, Diff:  0.0, Sum:  0.0, Workers: 6
[27.280s][debug  ][gc,phases      ] GC(100)     Dead                           Min: 0, Avg:  0.0, Max: 0, Diff: 0, Sum: 0, Workers: 6
[27.280s][debug  ][gc,phases      ] GC(100)     Total                          Min: 704, Avg: 892.5, Max: 1068, Diff: 364, Sum: 5355, Workers: 6
[27.280s][debug  ][gc,phases      ] GC(100)   ResolvedMethodTable Weak       Min:  0.0, Avg:  0.0, Max:  0.0, Diff:  0.0, Sum:  0.0, Workers: 6
[27.280s][debug  ][gc,phases      ] GC(100)     Dead                           Min: 0, Avg:  0.0, Max: 0, Diff: 0, Sum: 0, Workers: 6
[27.280s][debug  ][gc,phases      ] GC(100)     Total                          Min: 0, Avg: 21.7, Max: 64, Diff: 64, Sum: 130, Workers: 6
[27.280s][debug  ][gc,phases      ] GC(100)   JNI Weak                       Min:  0.0, Avg:  0.0, Max:  0.0, Diff:  0.0, Sum:  0.0, Workers: 6
[27.280s][debug  ][gc,phases      ] GC(100)     Dead                           Min: 0, Avg:  0.0, Max: 0, Diff: 0, Sum: 0, Workers: 6
[27.280s][debug  ][gc,phases      ] GC(100)     Total                          Min: 0, Avg:  0.0, Max: 0, Diff: 0, Sum: 0, Workers: 6
[27.280s][debug  ][gc,phases      ] GC(100)   StringDedup Table Weak         Min:  0.0, Avg:  0.0, Max:  0.0, Diff:  0.0, Sum:  0.0, Workers: 6
[27.280s][debug  ][gc,phases      ] GC(100)     Dead                           Min: 0, Avg:  0.0, Max: 0, Diff: 0, Sum: 0, Workers: 6
[27.280s][debug  ][gc,phases      ] GC(100)     Total                          Min: 0, Avg:  0.0, Max: 0, Diff: 0, Sum: 0, Workers: 6
[27.280s][debug  ][gc,phases      ] GC(100)   StringDedup Requests0 Weak     Min:  0.0, Avg:  0.0, Max:  0.0, Diff:  0.0, Sum:  0.0, Workers: 6
[27.280s][debug  ][gc,phases      ] GC(100)     Dead                           Min: 0, Avg:  0.0, Max: 0, Diff: 0, Sum: 0, Workers: 6
[27.280s][debug  ][gc,phases      ] GC(100)     Total                          Min: 0, Avg:  0.0, Max: 0, Diff: 0, Sum: 0, Workers: 6
[27.280s][debug  ][gc,phases      ] GC(100)   StringDedup Requests1 Weak     Min:  0.0, Avg:  0.0, Max:  0.0, Diff:  0.0, Sum:  0.0, Workers: 6
[27.280s][debug  ][gc,phases      ] GC(100)     Dead                           Min: 0, Avg:  0.0, Max: 0, Diff: 0, Sum: 0, Workers: 6
[27.280s][debug  ][gc,phases      ] GC(100)     Total                          Min: 0, Avg:  0.0, Max: 0, Diff: 0, Sum: 0, Workers: 6
[27.280s][debug  ][gc,phases      ] GC(100)   Weak JFR Old Object Samples    Min:  0.0, Avg:  0.0, Max:  0.0, Diff:  0.0, Sum:  0.0, Workers: 6
[27.280s][debug  ][gc,phases      ] GC(100)     Dead                           Min: 0, Avg:  0.0, Max: 0, Diff: 0, Sum: 0, Workers: 6
[27.280s][debug  ][gc,phases      ] GC(100)     Total                          Min: 0, Avg:  0.0, Max: 0, Diff: 0, Sum: 0, Workers: 6
[27.280s][debug  ][gc,phases      ] GC(100) Weak Processing 0.741ms
[27.280s][debug  ][gc,ergo        ] GC(100) AdaptiveSizeStart:  collection: 101 
[27.280s][debug  ][gc,ergo        ] GC(100) avg_survived_padded_avg: 32419416.000000
[27.280s][debug  ][gc,ergo        ] GC(100) avg_promoted_padded_avg: 258497312.000000  avg_pretenured_padded_avg: 0.000000  tenuring_thresh: 1  target_size: 32505856
[27.280s][debug  ][gc,age         ] GC(100) Desired survivor size 32505856 bytes, new threshold 1 (max threshold 15)
[27.280s][debug  ][gc,ergo        ] GC(100) PSAdaptiveSizePolicy::compute_eden_space_size limits: desired_eden_size: 224550758 old_eden_size: 202375168 eden_limit: 202899456 cur_eden: 202899456 max_eden_size: 202899456 avg_young_live: 26688262
[27.280s][debug  ][gc,ergo        ] GC(100) PSAdaptiveSizePolicy::compute_eden_space_size: costs minor_time: 0.047011 major_cost: 0.041783 mutator_cost: 0.911206 throughput_goal: 0.990000
[27.280s][debug  ][gc,ergo        ] GC(100) Live_space: 929337088 free_space: 1178075136
[27.280s][debug  ][gc,ergo        ] GC(100) Old eden_size: 202375168 desired_eden_size: 202899456
[27.280s][debug  ][gc,ergo        ] GC(100) AdaptiveSizeStop: collection: 101 
[27.280s][info   ][gc,heap        ] GC(100) PSYoungGen: 218869K(230400K)->30720K(229888K) Eden: 188149K(198144K)->0K(198144K) From: 30720K(32256K)->30720K(31744K)
[27.280s][info   ][gc,heap        ] GC(100) ParOldGen: 1046116K(2001920K)->1230436K(2001920K)
[27.280s][info   ][gc,metaspace   ] GC(100) Metaspace: 1024K(1216K)->1024K(1216K) NonClass: 940K(1024K)->940K(1024K) Class: 83K(192K)->83K(192K)
[27.281s][info   ][gc             ] GC(100) Pause Young (Allocation Failure) 1235M->1231M(2179M) 17.204ms
[27.281s][info   ][gc,cpu         ] GC(100) User=0.16s Sys=0.00s Real=0.02s
[27.281s][debug  ][gc,heap        ] GC(100) Heap after GC invocations=101 (full 17):
[27.281s][debug  ][gc,heap        ] GC(100)  PSYoungGen      total 229888K, used 30720K [0x00000007f0000000, 0x0000000800000000, 0x0000000800000000)
[27.281s][debug  ][gc,heap        ] GC(100)   eden space 198144K, 0% used [0x00000007f0000000,0x00000007f0000000,0x00000007fc180000)
[27.281s][debug  ][gc,heap        ] GC(100)   from space 31744K, 96% used [0x00000007fc180000,0x00000007fdf80030,0x00000007fe080000)
[27.281s][debug  ][gc,heap        ] GC(100)   to   space 31744K, 0% used [0x00000007fe100000,0x00000007fe100000,0x0000000800000000)
[27.281s][debug  ][gc,heap        ] GC(100)  ParOldGen       total 2001920K, used 1230436K [0x0000000700000000, 0x000000077a300000, 0x00000007f0000000)
[27.281s][debug  ][gc,heap        ] GC(100)   object space 2001920K, 61% used [0x0000000700000000,0x000000074b199378,0x000000077a300000)
[27.281s][debug  ][gc,heap        ] GC(100)  Metaspace       used 1024K, committed 1216K, reserved 1056768K
[27.281s][debug  ][gc,heap        ] GC(100)   class space    used 83K, committed 192K, reserved 1048576K
[27.281s][debug  ][gc,task,time   ] GC(100) VM-Thread 272628704 272787357 272807401
[27.565s][debug  ][gc,heap        ] GC(101) Heap before GC invocations=102 (full 17):
[27.565s][debug  ][gc,heap        ] GC(101)  PSYoungGen      total 229888K, used 218888K [0x00000007f0000000, 0x0000000800000000, 0x0000000800000000)
[27.565s][debug  ][gc,heap        ] GC(101)   eden space 198144K, 94% used [0x00000007f0000000,0x00000007fb7c1fe8,0x00000007fc180000)
[27.565s][debug  ][gc,heap        ] GC(101)   from space 31744K, 96% used [0x00000007fc180000,0x00000007fdf80030,0x00000007fe080000)
[27.565s][debug  ][gc,heap        ] GC(101)   to   space 31744K, 0% used [0x00000007fe100000,0x00000007fe100000,0x0000000800000000)
[27.565s][debug  ][gc,heap        ] GC(101)  ParOldGen       total 2001920K, used 1230436K [0x0000000700000000, 0x000000077a300000, 0x00000007f0000000)
[27.565s][debug  ][gc,heap        ] GC(101)   object space 2001920K, 61% used [0x0000000700000000,0x000000074b199378,0x000000077a300000)
[27.565s][debug  ][gc,heap        ] GC(101)  Metaspace       used 1024K, committed 1216K, reserved 1056768K
[27.565s][debug  ][gc,heap        ] GC(101)   class space    used 83K, committed 192K, reserved 1048576K
[27.565s][debug  ][gc,tlab        ] GC(101) TLAB totals: thrds: 1  refills: 1 max: 1 slow allocs: 17 max 17 waste: 27.3% gc: 3940040B max: 3940040B slow: 0B max: 0B
[27.565s][info   ][gc,start       ] GC(101) Pause Young (Allocation Failure)
[27.565s][debug  ][gc,phases,start] GC(101) Scavenge
[27.580s][debug  ][gc,phases      ] GC(101) Scavenge 14.751ms
[27.580s][debug  ][gc,phases,start] GC(101) Reference Processing
[27.580s][debug  ][gc,ref         ] GC(101) Skipped phase 1 of Reference Processing: no references
[27.580s][debug  ][gc,ref         ] GC(101) Skipped phase 2 of Reference Processing: no references
[27.580s][debug  ][gc,ref         ] GC(101) Skipped phase 3 of Reference Processing: no references
[27.580s][debug  ][gc,ref         ] GC(101) Skipped phase 4 of Reference Processing: no references
[27.580s][debug  ][gc,phases,ref  ] GC(101) Reference Processing: 0.1ms
[27.580s][debug  ][gc,phases,ref  ] GC(101)   Reconsider SoftReferences: 0.0ms
[27.580s][debug  ][gc,phases,ref  ] GC(101)     SoftRef (ms):                  skipped
[27.580s][debug  ][gc,phases,ref  ] GC(101)   Notify Soft/WeakReferences: 0.0ms
[27.580s][debug  ][gc,phases,ref  ] GC(101)     SoftRef (ms):                  skipped
[27.581s][debug  ][gc,phases,ref  ] GC(101)     WeakRef (ms):                  skipped
[27.581s][debug  ][gc,phases,ref  ] GC(101)     FinalRef (ms):                 skipped
[27.581s][debug  ][gc,phases,ref  ] GC(101)     Total (ms):                    skipped
[27.581s][debug  ][gc,phases,ref  ] GC(101)   Notify and keep alive finalizable: 0.0ms
[27.581s][debug  ][gc,phases,ref  ] GC(101)     FinalRef (ms):                 skipped
[27.581s][debug  ][gc,phases,ref  ] GC(101)   Notify PhantomReferences: 0.0ms
[27.581s][debug  ][gc,phases,ref  ] GC(101)     PhantomRef (ms):               skipped
[27.581s][debug  ][gc,phases,ref  ] GC(101)   SoftReference:
[27.581s][debug  ][gc,phases,ref  ] GC(101)     Discovered: 0
[27.581s][debug  ][gc,phases,ref  ] GC(101)     Cleared: 0
[27.581s][debug  ][gc,phases,ref  ] GC(101)   WeakReference:
[27.581s][debug  ][gc,phases,ref  ] GC(101)     Discovered: 0
[27.581s][debug  ][gc,phases,ref  ] GC(101)     Cleared: 0
[27.581s][debug  ][gc,phases,ref  ] GC(101)   FinalReference:
[27.581s][debug  ][gc,phases,ref  ] GC(101)     Discovered: 0
[27.581s][debug  ][gc,phases,ref  ] GC(101)     Cleared: 0
[27.581s][debug  ][gc,phases,ref  ] GC(101)   PhantomReference:
[27.581s][debug  ][gc,phases,ref  ] GC(101)     Discovered: 0
[27.581s][debug  ][gc,phases,ref  ] GC(101)     Cleared: 0
[27.581s][debug  ][gc,phases      ] GC(101) Reference Processing 0.581ms
[27.581s][debug  ][gc,phases,start] GC(101) Weak Processing
[27.581s][debug  ][gc,phases      ] GC(101)   VM Weak                        Min:  0.0, Avg:  0.0, Max:  0.0, Diff:  0.0, Sum:  0.0, Workers: 6
[27.581s][debug  ][gc,phases      ] GC(101)     Dead                           Min: 0, Avg:  0.0, Max: 0, Diff: 0, Sum: 0, Workers: 6
[27.581s][debug  ][gc,phases      ] GC(101)     Total                          Min: 0, Avg:  1.3, Max: 8, Diff: 8, Sum: 8, Workers: 6
[27.581s][debug  ][gc,phases      ] GC(101)   ObjectSynchronizer Weak        Min:  0.0, Avg:  0.0, Max:  0.0, Diff:  0.0, Sum:  0.0, Workers: 6
[27.581s][debug  ][gc,phases      ] GC(101)     Dead                           Min: 0, Avg:  0.0, Max: 0, Diff: 0, Sum: 0, Workers: 6
[27.581s][debug  ][gc,phases      ] GC(101)     Total                          Min: 0, Avg:  0.5, Max: 3, Diff: 3, Sum: 3, Workers: 6
[27.581s][debug  ][gc,phases      ] GC(101)   JVMTI Tag Weak OopStorage      Min:  0.0, Avg:  0.0, Max:  0.0, Diff:  0.0, Sum:  0.0, Workers: 6
[27.581s][debug  ][gc,phases      ] GC(101)     Dead                           Min: 0, Avg:  0.0, Max: 0, Diff: 0, Sum: 0, Workers: 6
[27.581s][debug  ][gc,phases      ] GC(101)     Total                          Min: 0, Avg:  0.0, Max: 0, Diff: 0, Sum: 0, Workers: 6
[27.581s][debug  ][gc,phases      ] GC(101)   StringTable Weak               Min:  0.0, Avg:  0.0, Max:  0.0, Diff:  0.0, Sum:  0.0, Workers: 6
[27.581s][debug  ][gc,phases      ] GC(101)     Dead                           Min: 0, Avg:  0.0, Max: 0, Diff: 0, Sum: 0, Workers: 6
[27.581s][debug  ][gc,phases      ] GC(101)     Total                          Min: 640, Avg: 892.5, Max: 1215, Diff: 575, Sum: 5355, Workers: 6
[27.581s][debug  ][gc,phases      ] GC(101)   ResolvedMethodTable Weak       Min:  0.0, Avg:  0.0, Max:  0.0, Diff:  0.0, Sum:  0.0, Workers: 6
[27.581s][debug  ][gc,phases      ] GC(101)     Dead                           Min: 0, Avg:  0.0, Max: 0, Diff: 0, Sum: 0, Workers: 6
[27.581s][debug  ][gc,phases      ] GC(101)     Total                          Min: 0, Avg: 21.7, Max: 64, Diff: 64, Sum: 130, Workers: 6
[27.581s][debug  ][gc,phases      ] GC(101)   JNI Weak                       Min:  0.0, Avg:  0.0, Max:  0.0, Diff:  0.0, Sum:  0.0, Workers: 6
[27.581s][debug  ][gc,phases      ] GC(101)     Dead                           Min: 0, Avg:  0.0, Max: 0, Diff: 0, Sum: 0, Workers: 6
[27.581s][debug  ][gc,phases      ] GC(101)     Total                          Min: 0, Avg:  0.0, Max: 0, Diff: 0, Sum: 0, Workers: 6
[27.581s][debug  ][gc,phases      ] GC(101)   StringDedup Table Weak         Min:  0.0, Avg:  0.0, Max:  0.0, Diff:  0.0, Sum:  0.0, Workers: 6
[27.581s][debug  ][gc,phases      ] GC(101)     Dead                           Min: 0, Avg:  0.0, Max: 0, Diff: 0, Sum: 0, Workers: 6
[27.581s][debug  ][gc,phases      ] GC(101)     Total                          Min: 0, Avg:  0.0, Max: 0, Diff: 0, Sum: 0, Workers: 6
[27.581s][debug  ][gc,phases      ] GC(101)   StringDedup Requests0 Weak     Min:  0.0, Avg:  0.0, Max:  0.0, Diff:  0.0, Sum:  0.0, Workers: 6
[27.582s][debug  ][gc,phases      ] GC(101)     Dead                           Min: 0, Avg:  0.0, Max: 0, Diff: 0, Sum: 0, Workers: 6
[27.582s][debug  ][gc,phases      ] GC(101)     Total                          Min: 0, Avg:  0.0, Max: 0, Diff: 0, Sum: 0, Workers: 6
[27.582s][debug  ][gc,phases      ] GC(101)   StringDedup Requests1 Weak     Min:  0.0, Avg:  0.0, Max:  0.0, Diff:  0.0, Sum:  0.0, Workers: 6
[27.582s][debug  ][gc,phases      ] GC(101)     Dead                           Min: 0, Avg:  0.0, Max: 0, Diff: 0, Sum: 0, Workers: 6
[27.582s][debug  ][gc,phases      ] GC(101)     Total                          Min: 0, Avg:  0.0, Max: 0, Diff: 0, Sum: 0, Workers: 6
[27.582s][debug  ][gc,phases      ] GC(101)   Weak JFR Old Object Samples    Min:  0.0, Avg:  0.0, Max:  0.0, Diff:  0.0, Sum:  0.0, Workers: 6
[27.582s][debug  ][gc,phases      ] GC(101)     Dead                           Min: 0, Avg:  0.0, Max: 0, Diff: 0, Sum: 0, Workers: 6
[27.582s][debug  ][gc,phases      ] GC(101)     Total                          Min: 0, Avg:  0.0, Max: 0, Diff: 0, Sum: 0, Workers: 6
[27.582s][debug  ][gc,phases      ] GC(101) Weak Processing 0.753ms
[27.582s][debug  ][gc,ergo        ] GC(101) AdaptiveSizeStart:  collection: 102 
[27.582s][debug  ][gc,ergo        ] GC(101) avg_survived_padded_avg: 32344362.000000
[27.582s][debug  ][gc,ergo        ] GC(101) avg_promoted_padded_avg: 258772224.000000  avg_pretenured_padded_avg: 0.000000  tenuring_thresh: 1  target_size: 32505856
[27.582s][debug  ][gc,age         ] GC(101) Desired survivor size 32505856 bytes, new threshold 1 (max threshold 15)
[27.582s][debug  ][gc,ergo        ] GC(101) PSAdaptiveSizePolicy::compute_eden_space_size limits: desired_eden_size: 224909491 old_eden_size: 202899456 eden_limit: 203423744 cur_eden: 202899456 max_eden_size: 203423744 avg_young_live: 27165168
[27.582s][debug  ][gc,ergo        ] GC(101) PSAdaptiveSizePolicy::compute_eden_space_size: costs minor_time: 0.048698 major_cost: 0.041783 mutator_cost: 0.909519 throughput_goal: 0.990000
[27.582s][debug  ][gc,ergo        ] GC(101) Live_space: 929814016 free_space: 1178599424
[27.582s][debug  ][gc,ergo        ] GC(101) Old eden_size: 202899456 desired_eden_size: 203423744
[27.582s][debug  ][gc,ergo        ] GC(101) AdaptiveSizeStop: collection: 102 
[27.582s][info   ][gc,heap        ] GC(101) PSYoungGen: 218888K(229888K)->30720K(230400K) Eden: 188167K(198144K)->0K(198656K) From: 30720K(31744K)->30720K(31744K)
[27.582s][info   ][gc,heap        ] GC(101) ParOldGen: 1230436K(2001920K)->1414757K(2001920K)
[27.582s][info   ][gc,metaspace   ] GC(101) Metaspace: 1024K(1216K)->1024K(1216K) NonClass: 940K(1024K)->940K(1024K) Class: 83K(192K)->83K(192K)
[27.582s][info   ][gc             ] GC(101) Pause Young (Allocation Failure) 1415M->1411M(2180M) 16.524ms
[27.582s][info   ][gc,cpu         ] GC(101) User=0.16s Sys=0.00s Real=0.02s
[27.582s][debug  ][gc,heap        ] GC(101) Heap after GC invocations=102 (full 17):
[27.582s][debug  ][gc,heap        ] GC(101)  PSYoungGen      total 230400K, used 30720K [0x00000007f0000000, 0x0000000800000000, 0x0000000800000000)
[27.582s][debug  ][gc,heap        ] GC(101)   eden space 198656K, 0% used [0x00000007f0000000,0x00000007f0000000,0x00000007fc200000)
[27.582s][debug  ][gc,heap        ] GC(101)   from space 31744K, 96% used [0x00000007fe100000,0x00000007fff00030,0x0000000800000000)
[27.582s][debug  ][gc,heap        ] GC(101)   to   space 31744K, 0% used [0x00000007fc200000,0x00000007fc200000,0x00000007fe100000)
[27.582s][debug  ][gc,heap        ] GC(101)  ParOldGen       total 2001920K, used 1414757K [0x0000000700000000, 0x000000077a300000, 0x00000007f0000000)
[27.582s][debug  ][gc,heap        ] GC(101)   object space 2001920K, 70% used [0x0000000700000000,0x0000000756599498,0x000000077a300000)
[27.582s][debug  ][gc,heap        ] GC(101)  Metaspace       used 1024K, committed 1216K, reserved 1056768K
[27.582s][debug  ][gc,heap        ] GC(101)   class space    used 83K, committed 192K, reserved 1048576K
[27.582s][debug  ][gc,task,time   ] GC(101) VM-Thread 275650155 275803028 275821912
[27.880s][debug  ][gc,heap        ] GC(102) Heap before GC invocations=103 (full 17):
[27.880s][debug  ][gc,heap        ] GC(102)  PSYoungGen      total 230400K, used 229149K [0x00000007f0000000, 0x0000000800000000, 0x0000000800000000)
[27.880s][debug  ][gc,heap        ] GC(102)   eden space 198656K, 99% used [0x00000007f0000000,0x00000007fc1c77a8,0x00000007fc200000)
[27.880s][debug  ][gc,heap        ] GC(102)   from space 31744K, 96% used [0x00000007fe100000,0x00000007fff00030,0x0000000800000000)
[27.880s][debug  ][gc,heap        ] GC(102)   to   space 31744K, 0% used [0x00000007fc200000,0x00000007fc200000,0x00000007fe100000)
[27.880s][debug  ][gc,heap        ] GC(102)  ParOldGen       total 2001920K, used 1414757K [0x0000000700000000, 0x000000077a300000, 0x00000007f0000000)
[27.880s][debug  ][gc,heap        ] GC(102)   object space 2001920K, 70% used [0x0000000700000000,0x0000000756599498,0x000000077a300000)
[27.880s][debug  ][gc,heap        ] GC(102)  Metaspace       used 1024K, committed 1216K, reserved 1056768K
[27.880s][debug  ][gc,heap        ] GC(102)   class space    used 83K, committed 192K, reserved 1048576K
[27.881s][debug  ][gc,tlab        ] GC(102) TLAB totals: thrds: 1  refills: 1 max: 1 slow allocs: 18 max 18 waste: 27.4% gc: 3962488B max: 3962488B slow: 0B max: 0B
[27.881s][info   ][gc,start       ] GC(102) Pause Young (Allocation Failure)
[27.881s][debug  ][gc,phases,start] GC(102) Scavenge
[27.896s][debug  ][gc,phases      ] GC(102) Scavenge 15.579ms
[27.896s][debug  ][gc,phases,start] GC(102) Reference Processing
[27.896s][debug  ][gc,ref         ] GC(102) Skipped phase 1 of Reference Processing: no references
[27.896s][debug  ][gc,ref         ] GC(102) Skipped phase 2 of Reference Processing: no references
[27.896s][debug  ][gc,ref         ] GC(102) Skipped phase 3 of Reference Processing: no references
[27.896s][debug  ][gc,ref         ] GC(102) Skipped phase 4 of Reference Processing: no references
[27.896s][debug  ][gc,phases,ref  ] GC(102) Reference Processing: 0.1ms
[27.896s][debug  ][gc,phases,ref  ] GC(102)   Reconsider SoftReferences: 0.0ms
[27.896s][debug  ][gc,phases,ref  ] GC(102)     SoftRef (ms):                  skipped
[27.896s][debug  ][gc,phases,ref  ] GC(102)   Notify Soft/WeakReferences: 0.0ms
[27.897s][debug  ][gc,phases,ref  ] GC(102)     SoftRef (ms):                  skipped
[27.897s][debug  ][gc,phases,ref  ] GC(102)     WeakRef (ms):                  skipped
[27.897s][debug  ][gc,phases,ref  ] GC(102)     FinalRef (ms):                 skipped
[27.897s][debug  ][gc,phases,ref  ] GC(102)     Total (ms):                    skipped
[27.897s][debug  ][gc,phases,ref  ] GC(102)   Notify and keep alive finalizable: 0.0ms
[27.897s][debug  ][gc,phases,ref  ] GC(102)     FinalRef (ms):                 skipped
[27.897s][debug  ][gc,phases,ref  ] GC(102)   Notify PhantomReferences: 0.0ms
[27.897s][debug  ][gc,phases,ref  ] GC(102)     PhantomRef (ms):               skipped
[27.897s][debug  ][gc,phases,ref  ] GC(102)   SoftReference:
[27.897s][debug  ][gc,phases,ref  ] GC(102)     Discovered: 0
[27.897s][debug  ][gc,phases,ref  ] GC(102)     Cleared: 0
[27.897s][debug  ][gc,phases,ref  ] GC(102)   WeakReference:
[27.897s][debug  ][gc,phases,ref  ] GC(102)     Discovered: 0
[27.897s][debug  ][gc,phases,ref  ] GC(102)     Cleared: 0
[27.897s][debug  ][gc,phases,ref  ] GC(102)   FinalReference:
[27.897s][debug  ][gc,phases,ref  ] GC(102)     Discovered: 0
[27.897s][debug  ][gc,phases,ref  ] GC(102)     Cleared: 0
[27.897s][debug  ][gc,phases,ref  ] GC(102)   PhantomReference:
[27.897s][debug  ][gc,phases,ref  ] GC(102)     Discovered: 0
[27.897s][debug  ][gc,phases,ref  ] GC(102)     Cleared: 0
[27.897s][debug  ][gc,phases      ] GC(102) Reference Processing 0.643ms
[27.897s][debug  ][gc,phases,start] GC(102) Weak Processing
[27.897s][debug  ][gc,phases      ] GC(102)   VM Weak                        Min:  0.0, Avg:  0.0, Max:  0.0, Diff:  0.0, Sum:  0.0, Workers: 6
[27.897s][debug  ][gc,phases      ] GC(102)     Dead                           Min: 0, Avg:  0.0, Max: 0, Diff: 0, Sum: 0, Workers: 6
[27.897s][debug  ][gc,phases      ] GC(102)     Total                          Min: 0, Avg:  1.3, Max: 8, Diff: 8, Sum: 8, Workers: 6
[27.897s][debug  ][gc,phases      ] GC(102)   ObjectSynchronizer Weak        Min:  0.0, Avg:  0.0, Max:  0.0, Diff:  0.0, Sum:  0.0, Workers: 6
[27.897s][debug  ][gc,phases      ] GC(102)     Dead                           Min: 0, Avg:  0.0, Max: 0, Diff: 0, Sum: 0, Workers: 6
[27.897s][debug  ][gc,phases      ] GC(102)     Total                          Min: 0, Avg:  0.5, Max: 3, Diff: 3, Sum: 3, Workers: 6
[27.897s][debug  ][gc,phases      ] GC(102)   JVMTI Tag Weak OopStorage      Min:  0.0, Avg:  0.0, Max:  0.0, Diff:  0.0, Sum:  0.0, Workers: 6
[27.897s][debug  ][gc,phases      ] GC(102)     Dead                           Min: 0, Avg:  0.0, Max: 0, Diff: 0, Sum: 0, Workers: 6
[27.897s][debug  ][gc,phases      ] GC(102)     Total                          Min: 0, Avg:  0.0, Max: 0, Diff: 0, Sum: 0, Workers: 6
[27.897s][debug  ][gc,phases      ] GC(102)   StringTable Weak               Min:  0.0, Avg:  0.0, Max:  0.0, Diff:  0.0, Sum:  0.0, Workers: 6
[27.897s][debug  ][gc,phases      ] GC(102)     Dead                           Min: 0, Avg:  0.0, Max: 0, Diff: 0, Sum: 0, Workers: 6
[27.897s][debug  ][gc,phases      ] GC(102)     Total                          Min: 256, Avg: 892.5, Max: 1216, Diff: 960, Sum: 5355, Workers: 6
[27.897s][debug  ][gc,phases      ] GC(102)   ResolvedMethodTable Weak       Min:  0.0, Avg:  0.0, Max:  0.0, Diff:  0.0, Sum:  0.0, Workers: 6
[27.897s][debug  ][gc,phases      ] GC(102)     Dead                           Min: 0, Avg:  0.0, Max: 0, Diff: 0, Sum: 0, Workers: 6
[27.897s][debug  ][gc,phases      ] GC(102)     Total                          Min: 0, Avg: 21.7, Max: 64, Diff: 64, Sum: 130, Workers: 6
[27.897s][debug  ][gc,phases      ] GC(102)   JNI Weak                       Min:  0.0, Avg:  0.0, Max:  0.0, Diff:  0.0, Sum:  0.0, Workers: 6
[27.897s][debug  ][gc,phases      ] GC(102)     Dead                           Min: 0, Avg:  0.0, Max: 0, Diff: 0, Sum: 0, Workers: 6
[27.897s][debug  ][gc,phases      ] GC(102)     Total                          Min: 0, Avg:  0.0, Max: 0, Diff: 0, Sum: 0, Workers: 6
[27.897s][debug  ][gc,phases      ] GC(102)   StringDedup Table Weak         Min:  0.0, Avg:  0.0, Max:  0.0, Diff:  0.0, Sum:  0.0, Workers: 6
[27.897s][debug  ][gc,phases      ] GC(102)     Dead                           Min: 0, Avg:  0.0, Max: 0, Diff: 0, Sum: 0, Workers: 6
[27.897s][debug  ][gc,phases      ] GC(102)     Total                          Min: 0, Avg:  0.0, Max: 0, Diff: 0, Sum: 0, Workers: 6
[27.897s][debug  ][gc,phases      ] GC(102)   StringDedup Requests0 Weak     Min:  0.0, Avg:  0.0, Max:  0.0, Diff:  0.0, Sum:  0.0, Workers: 6
[27.898s][debug  ][gc,phases      ] GC(102)     Dead                           Min: 0, Avg:  0.0, Max: 0, Diff: 0, Sum: 0, Workers: 6
[27.898s][debug  ][gc,phases      ] GC(102)     Total                          Min: 0, Avg:  0.0, Max: 0, Diff: 0, Sum: 0, Workers: 6
[27.898s][debug  ][gc,phases      ] GC(102)   StringDedup Requests1 Weak     Min:  0.0, Avg:  0.0, Max:  0.0, Diff:  0.0, Sum:  0.0, Workers: 6
[27.898s][debug  ][gc,phases      ] GC(102)     Dead                           Min: 0, Avg:  0.0, Max: 0, Diff: 0, Sum: 0, Workers: 6
[27.898s][debug  ][gc,phases      ] GC(102)     Total                          Min: 0, Avg:  0.0, Max: 0, Diff: 0, Sum: 0, Workers: 6
[27.898s][debug  ][gc,phases      ] GC(102)   Weak JFR Old Object Samples    Min:  0.0, Avg:  0.0, Max:  0.0, Diff:  0.0, Sum:  0.0, Workers: 6
[27.898s][debug  ][gc,phases      ] GC(102)     Dead                           Min: 0, Avg:  0.0, Max: 0, Diff: 0, Sum: 0, Workers: 6
[27.898s][debug  ][gc,phases      ] GC(102)     Total                          Min: 0, Avg:  0.0, Max: 0, Diff: 0, Sum: 0, Workers: 6
[27.898s][debug  ][gc,phases      ] GC(102) Weak Processing 0.725ms
[27.898s][debug  ][gc,ergo        ] GC(102) AdaptiveSizeStart:  collection: 103 
[27.898s][debug  ][gc,ergo        ] GC(102) avg_survived_padded_avg: 32274696.000000
[27.898s][debug  ][gc,ergo        ] GC(102) avg_promoted_padded_avg: 262174368.000000  avg_pretenured_padded_avg: 0.000000  tenuring_thresh: 1  target_size: 32505856
[27.898s][debug  ][gc,age         ] GC(102) Desired survivor size 32505856 bytes, new threshold 1 (max threshold 15)
[27.898s][debug  ][gc,ergo        ] GC(102) PSAdaptiveSizePolicy::compute_eden_space_size limits: desired_eden_size: 225706753 old_eden_size: 203423744 eden_limit: 203423744 cur_eden: 203423744 max_eden_size: 203423744 avg_young_live: 27594382
[27.898s][debug  ][gc,ergo        ] GC(102) PSAdaptiveSizePolicy::compute_eden_space_size: costs minor_time: 0.050025 major_cost: 0.041783 mutator_cost: 0.908192 throughput_goal: 0.990000
[27.898s][debug  ][gc,ergo        ] GC(102) Live_space: 930243200 free_space: 1179123712
[27.898s][debug  ][gc,ergo        ] GC(102) Old eden_size: 203423744 desired_eden_size: 203423744
[27.898s][debug  ][gc,ergo        ] GC(102) AdaptiveSizeStop: collection: 103 
[27.898s][info   ][gc,heap        ] GC(102) PSYoungGen: 229149K(230400K)->30720K(230400K) Eden: 198429K(198656K)->0K(198656K) From: 30720K(31744K)->30720K(31744K)
[27.898s][info   ][gc,heap        ] GC(102) ParOldGen: 1414757K(2001920K)->1609317K(2001920K)
[27.898s][info   ][gc,metaspace   ] GC(102) Metaspace: 1024K(1216K)->1024K(1216K) NonClass: 940K(1024K)->940K(1024K) Class: 83K(192K)->83K(192K)
[27.898s][info   ][gc             ] GC(102) Pause Young (Allocation Failure) 1605M->1601M(2180M) 17.371ms
[27.898s][info   ][gc,cpu         ] GC(102) User=0.20s Sys=0.03s Real=0.02s
[27.898s][debug  ][gc,heap        ] GC(102) Heap after GC invocations=103 (full 17):
[27.898s][debug  ][gc,heap        ] GC(102)  PSYoungGen      total 230400K, used 30720K [0x00000007f0000000, 0x0000000800000000, 0x0000000800000000)
[27.898s][debug  ][gc,heap        ] GC(102)   eden space 198656K, 0% used [0x00000007f0000000,0x00000007f0000000,0x00000007fc200000)
[27.898s][debug  ][gc,heap        ] GC(102)   from space 31744K, 96% used [0x00000007fc200000,0x00000007fe000030,0x00000007fe100000)
[27.898s][debug  ][gc,heap        ] GC(102)   to   space 31744K, 0% used [0x00000007fe100000,0x00000007fe100000,0x0000000800000000)
[27.898s][debug  ][gc,heap        ] GC(102)  ParOldGen       total 2001920K, used 1609317K [0x0000000700000000, 0x000000077a300000, 0x00000007f0000000)
[27.898s][debug  ][gc,heap        ] GC(102)   object space 2001920K, 80% used [0x0000000700000000,0x00000007623995c8,0x000000077a300000)
[27.898s][debug  ][gc,heap        ] GC(102)  Metaspace       used 1024K, committed 1216K, reserved 1056768K
[27.898s][debug  ][gc,heap        ] GC(102)   class space    used 83K, committed 192K, reserved 1048576K
[27.898s][debug  ][gc,task,time   ] GC(102) VM-Thread 278801402 278962818 278981976
[28.197s][debug  ][gc,heap        ] GC(103) Heap before GC invocations=104 (full 17):
[28.197s][debug  ][gc,heap        ] GC(103)  PSYoungGen      total 230400K, used 229159K [0x00000007f0000000, 0x0000000800000000, 0x0000000800000000)
[28.197s][debug  ][gc,heap        ] GC(103)   eden space 198656K, 99% used [0x00000007f0000000,0x00000007fc1c9c18,0x00000007fc200000)
[28.197s][debug  ][gc,heap        ] GC(103)   from space 31744K, 96% used [0x00000007fc200000,0x00000007fe000030,0x00000007fe100000)
[28.197s][debug  ][gc,heap        ] GC(103)   to   space 31744K, 0% used [0x00000007fe100000,0x00000007fe100000,0x0000000800000000)
[28.197s][debug  ][gc,heap        ] GC(103)  ParOldGen       total 2001920K, used 1609317K [0x0000000700000000, 0x000000077a300000, 0x00000007f0000000)
[28.198s][debug  ][gc,heap        ] GC(103)   object space 2001920K, 80% used [0x0000000700000000,0x00000007623995c8,0x000000077a300000)
[28.198s][debug  ][gc,heap        ] GC(103)  Metaspace       used 1024K, committed 1216K, reserved 1056768K
[28.198s][debug  ][gc,heap        ] GC(103)   class space    used 83K, committed 192K, reserved 1048576K
[28.198s][debug  ][gc,tlab        ] GC(103) TLAB totals: thrds: 1  refills: 1 max: 1 slow allocs: 18 max 18 waste: 27.5% gc: 3971816B max: 3971816B slow: 0B max: 0B
[28.198s][info   ][gc,start       ] GC(103) Pause Young (Allocation Failure)
[28.198s][debug  ][gc,phases,start] GC(103) Scavenge
[28.215s][debug  ][gc,phases      ] GC(103) Scavenge 17.495ms
[28.215s][debug  ][gc,phases,start] GC(103) Reference Processing
[28.215s][debug  ][gc,ref         ] GC(103) Skipped phase 1 of Reference Processing: no references
[28.215s][debug  ][gc,ref         ] GC(103) Skipped phase 2 of Reference Processing: no references
[28.215s][debug  ][gc,ref         ] GC(103) Skipped phase 3 of Reference Processing: no references
[28.215s][debug  ][gc,ref         ] GC(103) Skipped phase 4 of Reference Processing: no references
[28.215s][debug  ][gc,phases,ref  ] GC(103) Reference Processing: 0.1ms
[28.215s][debug  ][gc,phases,ref  ] GC(103)   Reconsider SoftReferences: 0.0ms
[28.215s][debug  ][gc,phases,ref  ] GC(103)     SoftRef (ms):                  skipped
[28.215s][debug  ][gc,phases,ref  ] GC(103)   Notify Soft/WeakReferences: 0.0ms
[28.215s][debug  ][gc,phases,ref  ] GC(103)     SoftRef (ms):                  skipped
[28.215s][debug  ][gc,phases,ref  ] GC(103)     WeakRef (ms):                  skipped
[28.215s][debug  ][gc,phases,ref  ] GC(103)     FinalRef (ms):                 skipped
[28.216s][debug  ][gc,phases,ref  ] GC(103)     Total (ms):                    skipped
[28.216s][debug  ][gc,phases,ref  ] GC(103)   Notify and keep alive finalizable: 0.0ms
[28.216s][debug  ][gc,phases,ref  ] GC(103)     FinalRef (ms):                 skipped
[28.216s][debug  ][gc,phases,ref  ] GC(103)   Notify PhantomReferences: 0.0ms
[28.216s][debug  ][gc,phases,ref  ] GC(103)     PhantomRef (ms):               skipped
[28.216s][debug  ][gc,phases,ref  ] GC(103)   SoftReference:
[28.216s][debug  ][gc,phases,ref  ] GC(103)     Discovered: 0
[28.216s][debug  ][gc,phases,ref  ] GC(103)     Cleared: 0
[28.216s][debug  ][gc,phases,ref  ] GC(103)   WeakReference:
[28.216s][debug  ][gc,phases,ref  ] GC(103)     Discovered: 0
[28.216s][debug  ][gc,phases,ref  ] GC(103)     Cleared: 0
[28.216s][debug  ][gc,phases,ref  ] GC(103)   FinalReference:
[28.216s][debug  ][gc,phases,ref  ] GC(103)     Discovered: 0
[28.216s][debug  ][gc,phases,ref  ] GC(103)     Cleared: 0
[28.216s][debug  ][gc,phases,ref  ] GC(103)   PhantomReference:
[28.216s][debug  ][gc,phases,ref  ] GC(103)     Discovered: 0
[28.216s][debug  ][gc,phases,ref  ] GC(103)     Cleared: 0
[28.216s][debug  ][gc,phases      ] GC(103) Reference Processing 0.568ms
[28.216s][debug  ][gc,phases,start] GC(103) Weak Processing
[28.216s][debug  ][gc,phases      ] GC(103)   VM Weak                        Min:  0.0, Avg:  0.0, Max:  0.0, Diff:  0.0, Sum:  0.0, Workers: 6
[28.216s][debug  ][gc,phases      ] GC(103)     Dead                           Min: 0, Avg:  0.0, Max: 0, Diff: 0, Sum: 0, Workers: 6
[28.216s][debug  ][gc,phases      ] GC(103)     Total                          Min: 0, Avg:  1.3, Max: 8, Diff: 8, Sum: 8, Workers: 6
[28.216s][debug  ][gc,phases      ] GC(103)   ObjectSynchronizer Weak        Min:  0.0, Avg:  0.0, Max:  0.0, Diff:  0.0, Sum:  0.0, Workers: 6
[28.216s][debug  ][gc,phases      ] GC(103)     Dead                           Min: 0, Avg:  0.0, Max: 0, Diff: 0, Sum: 0, Workers: 6
[28.216s][debug  ][gc,phases      ] GC(103)     Total                          Min: 0, Avg:  0.5, Max: 3, Diff: 3, Sum: 3, Workers: 6
[28.216s][debug  ][gc,phases      ] GC(103)   JVMTI Tag Weak OopStorage      Min:  0.0, Avg:  0.0, Max:  0.0, Diff:  0.0, Sum:  0.0, Workers: 6
[28.216s][debug  ][gc,phases      ] GC(103)     Dead                           Min: 0, Avg:  0.0, Max: 0, Diff: 0, Sum: 0, Workers: 6
[28.216s][debug  ][gc,phases      ] GC(103)     Total                          Min: 0, Avg:  0.0, Max: 0, Diff: 0, Sum: 0, Workers: 6
[28.216s][debug  ][gc,phases      ] GC(103)   StringTable Weak               Min:  0.0, Avg:  0.0, Max:  0.0, Diff:  0.0, Sum:  0.0, Workers: 6
[28.216s][debug  ][gc,phases      ] GC(103)     Dead                           Min: 0, Avg:  0.0, Max: 0, Diff: 0, Sum: 0, Workers: 6
[28.216s][debug  ][gc,phases      ] GC(103)     Total                          Min: 639, Avg: 892.5, Max: 1152, Diff: 513, Sum: 5355, Workers: 6
[28.216s][debug  ][gc,phases      ] GC(103)   ResolvedMethodTable Weak       Min:  0.0, Avg:  0.0, Max:  0.0, Diff:  0.0, Sum:  0.0, Workers: 6
[28.216s][debug  ][gc,phases      ] GC(103)     Dead                           Min: 0, Avg:  0.0, Max: 0, Diff: 0, Sum: 0, Workers: 6
[28.216s][debug  ][gc,phases      ] GC(103)     Total                          Min: 0, Avg: 21.7, Max: 64, Diff: 64, Sum: 130, Workers: 6
[28.216s][debug  ][gc,phases      ] GC(103)   JNI Weak                       Min:  0.0, Avg:  0.0, Max:  0.0, Diff:  0.0, Sum:  0.0, Workers: 6
[28.216s][debug  ][gc,phases      ] GC(103)     Dead                           Min: 0, Avg:  0.0, Max: 0, Diff: 0, Sum: 0, Workers: 6
[28.216s][debug  ][gc,phases      ] GC(103)     Total                          Min: 0, Avg:  0.0, Max: 0, Diff: 0, Sum: 0, Workers: 6
[28.216s][debug  ][gc,phases      ] GC(103)   StringDedup Table Weak         Min:  0.0, Avg:  0.0, Max:  0.0, Diff:  0.0, Sum:  0.0, Workers: 6
[28.216s][debug  ][gc,phases      ] GC(103)     Dead                           Min: 0, Avg:  0.0, Max: 0, Diff: 0, Sum: 0, Workers: 6
[28.216s][debug  ][gc,phases      ] GC(103)     Total                          Min: 0, Avg:  0.0, Max: 0, Diff: 0, Sum: 0, Workers: 6
[28.216s][debug  ][gc,phases      ] GC(103)   StringDedup Requests0 Weak     Min:  0.0, Avg:  0.0, Max:  0.0, Diff:  0.0, Sum:  0.0, Workers: 6
[28.216s][debug  ][gc,phases      ] GC(103)     Dead                           Min: 0, Avg:  0.0, Max: 0, Diff: 0, Sum: 0, Workers: 6
[28.216s][debug  ][gc,phases      ] GC(103)     Total                          Min: 0, Avg:  0.0, Max: 0, Diff: 0, Sum: 0, Workers: 6
[28.216s][debug  ][gc,phases      ] GC(103)   StringDedup Requests1 Weak     Min:  0.0, Avg:  0.0, Max:  0.0, Diff:  0.0, Sum:  0.0, Workers: 6
[28.216s][debug  ][gc,phases      ] GC(103)     Dead                           Min: 0, Avg:  0.0, Max: 0, Diff: 0, Sum: 0, Workers: 6
[28.216s][debug  ][gc,phases      ] GC(103)     Total                          Min: 0, Avg:  0.0, Max: 0, Diff: 0, Sum: 0, Workers: 6
[28.216s][debug  ][gc,phases      ] GC(103)   Weak JFR Old Object Samples    Min:  0.0, Avg:  0.0, Max:  0.0, Diff:  0.0, Sum:  0.0, Workers: 6
[28.216s][debug  ][gc,phases      ] GC(103)     Dead                           Min: 0, Avg:  0.0, Max: 0, Diff: 0, Sum: 0, Workers: 6
[28.217s][debug  ][gc,phases      ] GC(103)     Total                          Min: 0, Avg:  0.0, Max: 0, Diff: 0, Sum: 0, Workers: 6
[28.217s][debug  ][gc,phases      ] GC(103) Weak Processing 0.666ms
[28.217s][debug  ][gc,ergo        ] GC(103) AdaptiveSizeStart:  collection: 104 
[28.217s][debug  ][gc,ergo        ] GC(103) avg_survived_padded_avg: 32210096.000000
[28.217s][debug  ][gc,ergo        ] GC(103) avg_promoted_padded_avg: 264300640.000000  avg_pretenured_padded_avg: 0.000000  tenuring_thresh: 1  target_size: 32505856
[28.217s][debug  ][gc,age         ] GC(103) Desired survivor size 32505856 bytes, new threshold 1 (max threshold 15)
[28.217s][debug  ][gc,ergo        ] GC(103) PSAdaptiveSizePolicy::compute_eden_space_size limits: desired_eden_size: 226155011 old_eden_size: 203423744 eden_limit: 203423744 cur_eden: 203423744 max_eden_size: 203423744 avg_young_live: 27980676
[28.217s][debug  ][gc,ergo        ] GC(103) PSAdaptiveSizePolicy::compute_eden_space_size: costs minor_time: 0.052291 major_cost: 0.041783 mutator_cost: 0.905926 throughput_goal: 0.990000
[28.217s][debug  ][gc,ergo        ] GC(103) Live_space: 930629504 free_space: 1179123712
[28.217s][debug  ][gc,ergo        ] GC(103) Old eden_size: 203423744 desired_eden_size: 203423744
[28.217s][debug  ][gc,ergo        ] GC(103) AdaptiveSizeStop: collection: 104 
[28.217s][info   ][gc,heap        ] GC(103) PSYoungGen: 229159K(230400K)->30720K(230400K) Eden: 198439K(198656K)->0K(198656K) From: 30720K(31744K)->30720K(31744K)
[28.217s][info   ][gc,heap        ] GC(103) ParOldGen: 1609317K(2001920K)->1803877K(2001920K)
[28.217s][info   ][gc,metaspace   ] GC(103) Metaspace: 1024K(1216K)->1024K(1216K) NonClass: 940K(1024K)->940K(1024K) Class: 83K(192K)->83K(192K)
[28.217s][info   ][gc             ] GC(103) Pause Young (Allocation Failure) 1795M->1791M(2180M) 19.154ms
[28.217s][info   ][gc,cpu         ] GC(103) User=0.05s Sys=0.11s Real=0.02s
[28.217s][debug  ][gc,heap        ] GC(103) Heap after GC invocations=104 (full 17):
[28.217s][debug  ][gc,heap        ] GC(103)  PSYoungGen      total 230400K, used 30720K [0x00000007f0000000, 0x0000000800000000, 0x0000000800000000)
[28.217s][debug  ][gc,heap        ] GC(103)   eden space 198656K, 0% used [0x00000007f0000000,0x00000007f0000000,0x00000007fc200000)
[28.217s][debug  ][gc,heap        ] GC(103)   from space 31744K, 96% used [0x00000007fe100000,0x00000007fff00030,0x0000000800000000)
[28.217s][debug  ][gc,heap        ] GC(103)   to   space 31744K, 0% used [0x00000007fc200000,0x00000007fc200000,0x00000007fe100000)
[28.217s][debug  ][gc,heap        ] GC(103)  ParOldGen       total 2001920K, used 1803877K [0x0000000700000000, 0x000000077a300000, 0x00000007f0000000)
[28.217s][debug  ][gc,heap        ] GC(103)   object space 2001920K, 90% used [0x0000000700000000,0x000000076e1996f8,0x000000077a300000)
[28.217s][debug  ][gc,heap        ] GC(103)  Metaspace       used 1024K, committed 1216K, reserved 1056768K
[28.217s][debug  ][gc,heap        ] GC(103)   class space    used 83K, committed 192K, reserved 1048576K
[28.217s][debug  ][gc,task,time   ] GC(103) VM-Thread 281972410 282152724 282170469
[28.217s][debug  ][gc,phases,start] GC(104) Pre Compact
[28.217s][debug  ][gc,heap        ] GC(104) Heap before GC invocations=105 (full 18):
[28.217s][debug  ][gc,heap        ] GC(104)  PSYoungGen      total 230400K, used 30720K [0x00000007f0000000, 0x0000000800000000, 0x0000000800000000)
[28.217s][debug  ][gc,heap        ] GC(104)   eden space 198656K, 0% used [0x00000007f0000000,0x00000007f0000000,0x00000007fc200000)
[28.217s][debug  ][gc,heap        ] GC(104)   from space 31744K, 96% used [0x00000007fe100000,0x00000007fff00030,0x0000000800000000)
[28.217s][debug  ][gc,heap        ] GC(104)   to   space 31744K, 0% used [0x00000007fc200000,0x00000007fc200000,0x00000007fe100000)
[28.217s][debug  ][gc,heap        ] GC(104)  ParOldGen       total 2001920K, used 1803877K [0x0000000700000000, 0x000000077a300000, 0x00000007f0000000)
[28.217s][debug  ][gc,heap        ] GC(104)   object space 2001920K, 90% used [0x0000000700000000,0x000000076e1996f8,0x000000077a300000)
[28.217s][debug  ][gc,heap        ] GC(104)  Metaspace       used 1024K, committed 1216K, reserved 1056768K
[28.217s][debug  ][gc,heap        ] GC(104)   class space    used 83K, committed 192K, reserved 1048576K
[28.217s][debug  ][gc,phases      ] GC(104) Pre Compact 0.204ms
[28.217s][info   ][gc,start       ] GC(104) Pause Full (Ergonomics)
[28.217s][info   ][gc,phases,start] GC(104) Marking Phase
[28.217s][debug  ][gc,phases,start] GC(104) Par Mark
[28.218s][debug  ][gc,phases      ] GC(104) Par Mark 0.481ms
[28.218s][debug  ][gc,phases,start] GC(104) Reference Processing
[28.218s][debug  ][gc,ref         ] GC(104) Skipped phase 1 of Reference Processing: no references
[28.218s][debug  ][gc,ref         ] GC(104) ReferenceProcessor::execute queues: 1, RefProcThreadModel::Single, marks_oops_alive: false
[28.218s][debug  ][gc,ref         ] GC(104) Skipped phase 3 of Reference Processing: no references
[28.218s][debug  ][gc,ref         ] GC(104) ReferenceProcessor::execute queues: 1, RefProcThreadModel::Single, marks_oops_alive: false
[28.218s][debug  ][gc,phases,ref  ] GC(104) Reference Processing: 0.1ms
[28.218s][debug  ][gc,phases,ref  ] GC(104)   Reconsider SoftReferences: 0.0ms
[28.218s][debug  ][gc,phases,ref  ] GC(104)     SoftRef (ms):                  skipped
[28.218s][debug  ][gc,phases,ref  ] GC(104)   Notify Soft/WeakReferences: 0.0ms
[28.218s][debug  ][gc,phases,ref  ] GC(104)     SoftRef (ms):                  Min:  0.0, Avg:  0.0, Max:  0.0, Diff:  0.0, Sum:  0.0, Workers: 10
[28.218s][debug  ][gc,phases,ref  ] GC(104)     WeakRef (ms):                  Min:  0.0, Avg:  0.0, Max:  0.0, Diff:  0.0, Sum:  0.0, Workers: 10
[28.218s][debug  ][gc,phases,ref  ] GC(104)     FinalRef (ms):                 Min:  0.0, Avg:  0.0, Max:  0.0, Diff:  0.0, Sum:  0.0, Workers: 10
[28.218s][debug  ][gc,phases,ref  ] GC(104)     Total (ms):                    Min:  0.0, Avg:  0.0, Max:  0.0, Diff:  0.0, Sum:  0.0, Workers: 10
[28.218s][debug  ][gc,phases,ref  ] GC(104)   Notify and keep alive finalizable: 0.0ms
[28.218s][debug  ][gc,phases,ref  ] GC(104)     FinalRef (ms):                 skipped
[28.218s][debug  ][gc,phases,ref  ] GC(104)   Notify PhantomReferences: 0.0ms
[28.218s][debug  ][gc,phases,ref  ] GC(104)     PhantomRef (ms):               Min:  0.0, Avg:  0.0, Max:  0.0, Diff:  0.0, Sum:  0.0, Workers: 10
[28.218s][debug  ][gc,phases,ref  ] GC(104)   SoftReference:
[28.218s][debug  ][gc,phases,ref  ] GC(104)     Discovered: 0
[28.218s][debug  ][gc,phases,ref  ] GC(104)     Cleared: 0
[28.218s][debug  ][gc,phases,ref  ] GC(104)   WeakReference:
[28.218s][debug  ][gc,phases,ref  ] GC(104)     Discovered: 63
[28.218s][debug  ][gc,phases,ref  ] GC(104)     Cleared: 63
[28.218s][debug  ][gc,phases,ref  ] GC(104)   FinalReference:
[28.218s][debug  ][gc,phases,ref  ] GC(104)     Discovered: 0
[28.218s][debug  ][gc,phases,ref  ] GC(104)     Cleared: 0
[28.218s][debug  ][gc,phases,ref  ] GC(104)   PhantomReference:
[28.218s][debug  ][gc,phases,ref  ] GC(104)     Discovered: 5
[28.218s][debug  ][gc,phases,ref  ] GC(104)     Cleared: 5
[28.218s][debug  ][gc,phases      ] GC(104) Reference Processing 0.575ms
[28.218s][debug  ][gc,phases,start] GC(104) Weak Processing
[28.218s][debug  ][gc,phases      ] GC(104)   VM Weak                        Min:  0.0, Avg:  0.0, Max:  0.0, Diff:  0.0, Sum:  0.0, Workers: 6
[28.219s][debug  ][gc,phases      ] GC(104)     Dead                           Min: 0, Avg:  0.0, Max: 0, Diff: 0, Sum: 0, Workers: 6
[28.219s][debug  ][gc,phases      ] GC(104)     Total                          Min: 0, Avg:  1.3, Max: 8, Diff: 8, Sum: 8, Workers: 6
[28.219s][debug  ][gc,phases      ] GC(104)   ObjectSynchronizer Weak        Min:  0.0, Avg:  0.0, Max:  0.0, Diff:  0.0, Sum:  0.0, Workers: 6
[28.219s][debug  ][gc,phases      ] GC(104)     Dead                           Min: 0, Avg:  0.0, Max: 0, Diff: 0, Sum: 0, Workers: 6
[28.219s][debug  ][gc,phases      ] GC(104)     Total                          Min: 0, Avg:  0.5, Max: 3, Diff: 3, Sum: 3, Workers: 6
[28.219s][debug  ][gc,phases      ] GC(104)   JVMTI Tag Weak OopStorage      Min:  0.0, Avg:  0.0, Max:  0.0, Diff:  0.0, Sum:  0.0, Workers: 6
[28.219s][debug  ][gc,phases      ] GC(104)     Dead                           Min: 0, Avg:  0.0, Max: 0, Diff: 0, Sum: 0, Workers: 6
[28.219s][debug  ][gc,phases      ] GC(104)     Total                          Min: 0, Avg:  0.0, Max: 0, Diff: 0, Sum: 0, Workers: 6
[28.219s][debug  ][gc,phases      ] GC(104)   StringTable Weak               Min:  0.0, Avg:  0.0, Max:  0.0, Diff:  0.0, Sum:  0.0, Workers: 6
[28.219s][debug  ][gc,phases      ] GC(104)     Dead                           Min: 0, Avg:  0.0, Max: 0, Diff: 0, Sum: 0, Workers: 6
[28.219s][debug  ][gc,phases      ] GC(104)     Total                          Min: 640, Avg: 892.5, Max: 1088, Diff: 448, Sum: 5355, Workers: 6
[28.219s][debug  ][gc,phases      ] GC(104)   ResolvedMethodTable Weak       Min:  0.0, Avg:  0.0, Max:  0.0, Diff:  0.0, Sum:  0.0, Workers: 6
[28.219s][debug  ][gc,phases      ] GC(104)     Dead                           Min: 0, Avg:  0.0, Max: 0, Diff: 0, Sum: 0, Workers: 6
[28.219s][debug  ][gc,phases      ] GC(104)     Total                          Min: 0, Avg: 21.7, Max: 64, Diff: 64, Sum: 130, Workers: 6
[28.219s][debug  ][gc,phases      ] GC(104)   JNI Weak                       Min:  0.0, Avg:  0.0, Max:  0.0, Diff:  0.0, Sum:  0.0, Workers: 6
[28.219s][debug  ][gc,phases      ] GC(104)     Dead                           Min: 0, Avg:  0.0, Max: 0, Diff: 0, Sum: 0, Workers: 6
[28.219s][debug  ][gc,phases      ] GC(104)     Total                          Min: 0, Avg:  0.0, Max: 0, Diff: 0, Sum: 0, Workers: 6
[28.219s][debug  ][gc,phases      ] GC(104)   StringDedup Table Weak         Min:  0.0, Avg:  0.0, Max:  0.0, Diff:  0.0, Sum:  0.0, Workers: 6
[28.219s][debug  ][gc,phases      ] GC(104)     Dead                           Min: 0, Avg:  0.0, Max: 0, Diff: 0, Sum: 0, Workers: 6
[28.219s][debug  ][gc,phases      ] GC(104)     Total                          Min: 0, Avg:  0.0, Max: 0, Diff: 0, Sum: 0, Workers: 6
[28.219s][debug  ][gc,phases      ] GC(104)   StringDedup Requests0 Weak     Min:  0.0, Avg:  0.0, Max:  0.0, Diff:  0.0, Sum:  0.0, Workers: 6
[28.219s][debug  ][gc,phases      ] GC(104)     Dead                           Min: 0, Avg:  0.0, Max: 0, Diff: 0, Sum: 0, Workers: 6
[28.219s][debug  ][gc,phases      ] GC(104)     Total                          Min: 0, Avg:  0.0, Max: 0, Diff: 0, Sum: 0, Workers: 6
[28.219s][debug  ][gc,phases      ] GC(104)   StringDedup Requests1 Weak     Min:  0.0, Avg:  0.0, Max:  0.0, Diff:  0.0, Sum:  0.0, Workers: 6
[28.219s][debug  ][gc,phases      ] GC(104)     Dead                           Min: 0, Avg:  0.0, Max: 0, Diff: 0, Sum: 0, Workers: 6
[28.219s][debug  ][gc,phases      ] GC(104)     Total                          Min: 0, Avg:  0.0, Max: 0, Diff: 0, Sum: 0, Workers: 6
[28.219s][debug  ][gc,phases      ] GC(104)   Weak JFR Old Object Samples    Min:  0.0, Avg:  0.0, Max:  0.0, Diff:  0.0, Sum:  0.0, Workers: 6
[28.219s][debug  ][gc,phases      ] GC(104)     Dead                           Min: 0, Avg:  0.0, Max: 0, Diff: 0, Sum: 0, Workers: 6
[28.219s][debug  ][gc,phases      ] GC(104)     Total                          Min: 0, Avg:  0.0, Max: 0, Diff: 0, Sum: 0, Workers: 6
[28.219s][debug  ][gc,phases      ] GC(104) Weak Processing 0.674ms
[28.219s][debug  ][gc,phases,start] GC(104) Class Unloading
[28.219s][debug  ][gc,phases,start] GC(104) ClassLoaderData
[28.219s][debug  ][gc,phases      ] GC(104) ClassLoaderData 0.019ms
[28.219s][debug  ][gc,phases,start] GC(104) Trigger cleanups
[28.219s][debug  ][gc,phases      ] GC(104) Trigger cleanups 0.019ms
[28.219s][debug  ][gc,phases      ] GC(104) Class Unloading 0.254ms
[28.219s][info   ][gc,phases      ] GC(104) Marking Phase 2.097ms
[28.219s][info   ][gc,phases,start] GC(104) Summary Phase
[28.219s][info   ][gc,phases      ] GC(104) Summary Phase 0.039ms
[28.220s][info   ][gc,phases,start] GC(104) Adjust Roots
[28.220s][info   ][gc,phases      ] GC(104) Adjust Roots 0.147ms
[28.220s][info   ][gc,phases,start] GC(104) Compaction Phase
[28.317s][info   ][gc,phases      ] GC(104) Compaction Phase 97.534ms
[28.317s][info   ][gc,phases,start] GC(104) Post Compact
[28.323s][info   ][gc,phases      ] GC(104) Post Compact 5.774ms
[28.323s][debug  ][gc,ergo        ] GC(104) AdaptiveSizeStart: collection: 105 
[28.323s][debug  ][gc,ergo        ] GC(104) PSAdaptiveSizePolicy::compute_eden_space_size limits: desired_eden_size: 225428983 old_eden_size: 203423744 eden_limit: 203423744 cur_eden: 203423744 max_eden_size: 203423744 avg_young_live: 25182608
[28.323s][debug  ][gc,ergo        ] GC(104) PSAdaptiveSizePolicy::compute_eden_space_size: costs minor_time: 0.052291 major_cost: 0.044886 mutator_cost: 0.902823 throughput_goal: 0.990000
[28.323s][debug  ][gc,ergo        ] GC(104) Live_space: 927831424 free_space: 1179123712
[28.323s][debug  ][gc,ergo        ] GC(104) Old eden_size: 203423744 desired_eden_size: 203423744
[28.323s][debug  ][gc,ergo        ] GC(104) PSAdaptiveSizePolicy::compute_old_gen_free_space: costs minor_time: 0.052291 major_cost: 0.044886  mutator_cost: 0.902823 throughput_goal: 0.990000
[28.323s][debug  ][gc,ergo        ] GC(104) Live_space: 955803712 free_space: 1179123712
[28.323s][debug  ][gc,ergo        ] GC(104) Old promo_size: 975699968 desired_promo_size: 1066401792
[28.324s][debug  ][gc             ] GC(104) Expanding ParOldGen from 2001920K by 190464K to 2192384K
[28.324s][debug  ][gc,ergo        ] GC(104) AdaptiveSizeStop: collection: 105 
[28.324s][info   ][gc,heap        ] GC(104) PSYoungGen: 30720K(230400K)->0K(230400K) Eden: 0K(198656K)->0K(198656K) From: 30720K(31744K)->0K(31744K)
[28.324s][info   ][gc,heap        ] GC(104) ParOldGen: 1803877K(2001920K)->892516K(2192384K)
[28.324s][info   ][gc,metaspace   ] GC(104) Metaspace: 1024K(1216K)->1024K(1216K) NonClass: 940K(1024K)->940K(1024K) Class: 83K(192K)->83K(192K)
[28.324s][info   ][gc             ] GC(104) Pause Full (Ergonomics) 1791M->871M(2366M) 106.741ms
[28.324s][info   ][gc,cpu         ] GC(104) User=0.88s Sys=0.00s Real=0.11s
[28.324s][debug  ][gc,heap        ] GC(104) Heap after GC invocations=105 (full 18):
[28.324s][debug  ][gc,heap        ] GC(104)  PSYoungGen      total 230400K, used 0K [0x00000007f0000000, 0x0000000800000000, 0x0000000800000000)
[28.324s][debug  ][gc,heap        ] GC(104)   eden space 198656K, 0% used [0x00000007f0000000,0x00000007f0000000,0x00000007fc200000)
[28.324s][debug  ][gc,heap        ] GC(104)   from space 31744K, 0% used [0x00000007fc200000,0x00000007fc200000,0x00000007fe100000)
[28.324s][debug  ][gc,heap        ] GC(104)   to   space 31744K, 0% used [0x00000007fe100000,0x00000007fe100000,0x0000000800000000)
[28.324s][debug  ][gc,heap        ] GC(104)  ParOldGen       total 2192384K, used 892516K [0x0000000700000000, 0x0000000785d00000, 0x00000007f0000000)
[28.324s][debug  ][gc,heap        ] GC(104)   object space 2192384K, 40% used [0x0000000700000000,0x0000000736799168,0x0000000785d00000)
[28.324s][debug  ][gc,heap        ] GC(104)  Metaspace       used 1024K, committed 1216K, reserved 1056768K
[28.324s][debug  ][gc,heap        ] GC(104)   class space    used 83K, committed 192K, reserved 1048576K
[28.324s][debug  ][gc,task,time   ] GC(104) VM-Thread 282173212 282196826 283241066
[28.623s][debug  ][gc,heap        ] GC(105) Heap before GC invocations=106 (full 18):
[28.623s][debug  ][gc,heap        ] GC(105)  PSYoungGen      total 230400K, used 198444K [0x00000007f0000000, 0x0000000800000000, 0x0000000800000000)
[28.623s][debug  ][gc,heap        ] GC(105)   eden space 198656K, 99% used [0x00000007f0000000,0x00000007fc1cb380,0x00000007fc200000)
[28.623s][debug  ][gc,heap        ] GC(105)   from space 31744K, 0% used [0x00000007fc200000,0x00000007fc200000,0x00000007fe100000)
[28.623s][debug  ][gc,heap        ] GC(105)   to   space 31744K, 0% used [0x00000007fe100000,0x00000007fe100000,0x0000000800000000)
[28.623s][debug  ][gc,heap        ] GC(105)  ParOldGen       total 2192384K, used 892516K [0x0000000700000000, 0x0000000785d00000, 0x00000007f0000000)
[28.623s][debug  ][gc,heap        ] GC(105)   object space 2192384K, 40% used [0x0000000700000000,0x0000000736799168,0x0000000785d00000)
[28.623s][debug  ][gc,heap        ] GC(105)  Metaspace       used 1024K, committed 1216K, reserved 1056768K
[28.623s][debug  ][gc,heap        ] GC(105)   class space    used 83K, committed 192K, reserved 1048576K
[28.623s][debug  ][gc,tlab        ] GC(105) TLAB totals: thrds: 1  refills: 1 max: 1 slow allocs: 18 max 18 waste: 27.5% gc: 3976744B max: 3976744B slow: 0B max: 0B
[28.623s][info   ][gc,start       ] GC(105) Pause Young (Allocation Failure)
[28.623s][debug  ][gc,phases,start] GC(105) Scavenge
[28.628s][debug  ][gc,phases      ] GC(105) Scavenge 4.751ms
[28.628s][debug  ][gc,phases,start] GC(105) Reference Processing
[28.628s][debug  ][gc,ref         ] GC(105) Skipped phase 1 of Reference Processing: no references
[28.628s][debug  ][gc,ref         ] GC(105) Skipped phase 2 of Reference Processing: no references
[28.628s][debug  ][gc,ref         ] GC(105) Skipped phase 3 of Reference Processing: no references
[28.628s][debug  ][gc,ref         ] GC(105) Skipped phase 4 of Reference Processing: no references
[28.628s][debug  ][gc,phases,ref  ] GC(105) Reference Processing: 0.1ms
[28.628s][debug  ][gc,phases,ref  ] GC(105)   Reconsider SoftReferences: 0.0ms
[28.628s][debug  ][gc,phases,ref  ] GC(105)     SoftRef (ms):                  skipped
[28.628s][debug  ][gc,phases,ref  ] GC(105)   Notify Soft/WeakReferences: 0.0ms
[28.628s][debug  ][gc,phases,ref  ] GC(105)     SoftRef (ms):                  skipped
[28.628s][debug  ][gc,phases,ref  ] GC(105)     WeakRef (ms):                  skipped
[28.628s][debug  ][gc,phases,ref  ] GC(105)     FinalRef (ms):                 skipped
[28.628s][debug  ][gc,phases,ref  ] GC(105)     Total (ms):                    skipped
[28.628s][debug  ][gc,phases,ref  ] GC(105)   Notify and keep alive finalizable: 0.0ms
[28.629s][debug  ][gc,phases,ref  ] GC(105)     FinalRef (ms):                 skipped
[28.629s][debug  ][gc,phases,ref  ] GC(105)   Notify PhantomReferences: 0.0ms
[28.629s][debug  ][gc,phases,ref  ] GC(105)     PhantomRef (ms):               skipped
[28.629s][debug  ][gc,phases,ref  ] GC(105)   SoftReference:
[28.629s][debug  ][gc,phases,ref  ] GC(105)     Discovered: 0
[28.629s][debug  ][gc,phases,ref  ] GC(105)     Cleared: 0
[28.629s][debug  ][gc,phases,ref  ] GC(105)   WeakReference:
[28.629s][debug  ][gc,phases,ref  ] GC(105)     Discovered: 0
[28.629s][debug  ][gc,phases,ref  ] GC(105)     Cleared: 0
[28.629s][debug  ][gc,phases,ref  ] GC(105)   FinalReference:
[28.629s][debug  ][gc,phases,ref  ] GC(105)     Discovered: 0
[28.629s][debug  ][gc,phases,ref  ] GC(105)     Cleared: 0
[28.629s][debug  ][gc,phases,ref  ] GC(105)   PhantomReference:
[28.629s][debug  ][gc,phases,ref  ] GC(105)     Discovered: 0
[28.629s][debug  ][gc,phases,ref  ] GC(105)     Cleared: 0
[28.629s][debug  ][gc,phases      ] GC(105) Reference Processing 0.675ms
[28.629s][debug  ][gc,phases,start] GC(105) Weak Processing
[28.629s][debug  ][gc,phases      ] GC(105)   VM Weak                        Min:  0.0, Avg:  0.0, Max:  0.0, Diff:  0.0, Sum:  0.0, Workers: 6
[28.629s][debug  ][gc,phases      ] GC(105)     Dead                           Min: 0, Avg:  0.0, Max: 0, Diff: 0, Sum: 0, Workers: 6
[28.629s][debug  ][gc,phases      ] GC(105)     Total                          Min: 0, Avg:  1.3, Max: 8, Diff: 8, Sum: 8, Workers: 6
[28.629s][debug  ][gc,phases      ] GC(105)   ObjectSynchronizer Weak        Min:  0.0, Avg:  0.0, Max:  0.0, Diff:  0.0, Sum:  0.0, Workers: 6
[28.629s][debug  ][gc,phases      ] GC(105)     Dead                           Min: 0, Avg:  0.0, Max: 0, Diff: 0, Sum: 0, Workers: 6
[28.629s][debug  ][gc,phases      ] GC(105)     Total                          Min: 0, Avg:  0.5, Max: 3, Diff: 3, Sum: 3, Workers: 6
[28.629s][debug  ][gc,phases      ] GC(105)   JVMTI Tag Weak OopStorage      Min:  0.0, Avg:  0.0, Max:  0.0, Diff:  0.0, Sum:  0.0, Workers: 6
[28.629s][debug  ][gc,phases      ] GC(105)     Dead                           Min: 0, Avg:  0.0, Max: 0, Diff: 0, Sum: 0, Workers: 6
[28.629s][debug  ][gc,phases      ] GC(105)     Total                          Min: 0, Avg:  0.0, Max: 0, Diff: 0, Sum: 0, Workers: 6
[28.629s][debug  ][gc,phases      ] GC(105)   StringTable Weak               Min:  0.0, Avg:  0.0, Max:  0.0, Diff:  0.0, Sum:  0.0, Workers: 6
[28.629s][debug  ][gc,phases      ] GC(105)     Dead                           Min: 0, Avg:  0.0, Max: 0, Diff: 0, Sum: 0, Workers: 6
[28.629s][debug  ][gc,phases      ] GC(105)     Total                          Min: 0, Avg: 892.5, Max: 1216, Diff: 1216, Sum: 5355, Workers: 6
[28.629s][debug  ][gc,phases      ] GC(105)   ResolvedMethodTable Weak       Min:  0.0, Avg:  0.0, Max:  0.0, Diff:  0.0, Sum:  0.0, Workers: 6
[28.629s][debug  ][gc,phases      ] GC(105)     Dead                           Min: 0, Avg:  0.0, Max: 0, Diff: 0, Sum: 0, Workers: 6
[28.629s][debug  ][gc,phases      ] GC(105)     Total                          Min: 0, Avg: 21.7, Max: 64, Diff: 64, Sum: 130, Workers: 6
[28.629s][debug  ][gc,phases      ] GC(105)   JNI Weak                       Min:  0.0, Avg:  0.0, Max:  0.0, Diff:  0.0, Sum:  0.0, Workers: 6
[28.629s][debug  ][gc,phases      ] GC(105)     Dead                           Min: 0, Avg:  0.0, Max: 0, Diff: 0, Sum: 0, Workers: 6
[28.629s][debug  ][gc,phases      ] GC(105)     Total                          Min: 0, Avg:  0.0, Max: 0, Diff: 0, Sum: 0, Workers: 6
[28.629s][debug  ][gc,phases      ] GC(105)   StringDedup Table Weak         Min:  0.0, Avg:  0.0, Max:  0.0, Diff:  0.0, Sum:  0.0, Workers: 6
[28.629s][debug  ][gc,phases      ] GC(105)     Dead                           Min: 0, Avg:  0.0, Max: 0, Diff: 0, Sum: 0, Workers: 6
[28.630s][debug  ][gc,phases      ] GC(105)     Total                          Min: 0, Avg:  0.0, Max: 0, Diff: 0, Sum: 0, Workers: 6
[28.630s][debug  ][gc,phases      ] GC(105)   StringDedup Requests0 Weak     Min:  0.0, Avg:  0.0, Max:  0.0, Diff:  0.0, Sum:  0.0, Workers: 6
[28.630s][debug  ][gc,phases      ] GC(105)     Dead                           Min: 0, Avg:  0.0, Max: 0, Diff: 0, Sum: 0, Workers: 6
[28.630s][debug  ][gc,phases      ] GC(105)     Total                          Min: 0, Avg:  0.0, Max: 0, Diff: 0, Sum: 0, Workers: 6
[28.630s][debug  ][gc,phases      ] GC(105)   StringDedup Requests1 Weak     Min:  0.0, Avg:  0.0, Max:  0.0, Diff:  0.0, Sum:  0.0, Workers: 6
[28.630s][debug  ][gc,phases      ] GC(105)     Dead                           Min: 0, Avg:  0.0, Max: 0, Diff: 0, Sum: 0, Workers: 6
[28.630s][debug  ][gc,phases      ] GC(105)     Total                          Min: 0, Avg:  0.0, Max: 0, Diff: 0, Sum: 0, Workers: 6
[28.630s][debug  ][gc,phases      ] GC(105)   Weak JFR Old Object Samples    Min:  0.0, Avg:  0.0, Max:  0.0, Diff:  0.0, Sum:  0.0, Workers: 6
[28.630s][debug  ][gc,phases      ] GC(105)     Dead                           Min: 0, Avg:  0.0, Max: 0, Diff: 0, Sum: 0, Workers: 6
[28.630s][debug  ][gc,phases      ] GC(105)     Total                          Min: 0, Avg:  0.0, Max: 0, Diff: 0, Sum: 0, Workers: 6
[28.630s][debug  ][gc,phases      ] GC(105) Weak Processing 0.882ms
[28.630s][debug  ][gc,ergo        ] GC(105) AdaptiveSizeStart:  collection: 106 
[28.630s][debug  ][gc,ergo        ] GC(105) avg_survived_padded_avg: 32150242.000000
[28.630s][debug  ][gc,ergo        ] GC(105) avg_promoted_padded_avg: 278736192.000000  avg_pretenured_padded_avg: 0.000000  tenuring_thresh: 1  target_size: 32505856
[28.630s][debug  ][gc,age         ] GC(105) Desired survivor size 32505856 bytes, new threshold 1 (max threshold 15)
[28.630s][debug  ][gc,ergo        ] GC(105) PSAdaptiveSizePolicy::compute_eden_space_size limits: desired_eden_size: 223458906 old_eden_size: 203423744 eden_limit: 203423744 cur_eden: 203423744 max_eden_size: 203423744 avg_young_live: 25810080
[28.630s][debug  ][gc,ergo        ] GC(105) PSAdaptiveSizePolicy::compute_eden_space_size: costs minor_time: 0.043113 major_cost: 0.044886 mutator_cost: 0.912001 throughput_goal: 0.990000
[28.630s][debug  ][gc,ergo        ] GC(105) Live_space: 956431232 free_space: 1269825536
[28.630s][debug  ][gc,ergo        ] GC(105) Old eden_size: 203423744 desired_eden_size: 203423744
[28.630s][debug  ][gc,ergo        ] GC(105) AdaptiveSizeStop: collection: 106 
[28.630s][info   ][gc,heap        ] GC(105) PSYoungGen: 198444K(230400K)->30720K(230400K) Eden: 198444K(198656K)->0K(198656K) From: 0K(31744K)->30720K(31744K)
[28.630s][info   ][gc,heap        ] GC(105) ParOldGen: 892516K(2192384K)->923236K(2192384K)
[28.630s][info   ][gc,metaspace   ] GC(105) Metaspace: 1024K(1216K)->1024K(1216K) NonClass: 940K(1024K)->940K(1024K) Class: 83K(192K)->83K(192K)
[28.630s][info   ][gc             ] GC(105) Pause Young (Allocation Failure) 1065M->931M(2366M) 6.801ms
[28.630s][info   ][gc,cpu         ] GC(105) User=0.00s Sys=0.00s Real=0.01s
[28.630s][debug  ][gc,heap        ] GC(105) Heap after GC invocations=106 (full 18):
[28.630s][debug  ][gc,heap        ] GC(105)  PSYoungGen      total 230400K, used 30720K [0x00000007f0000000, 0x0000000800000000, 0x0000000800000000)
[28.630s][debug  ][gc,heap        ] GC(105)   eden space 198656K, 0% used [0x00000007f0000000,0x00000007f0000000,0x00000007fc200000)
[28.630s][debug  ][gc,heap        ] GC(105)   from space 31744K, 96% used [0x00000007fe100000,0x00000007fff00030,0x0000000800000000)
[28.630s][debug  ][gc,heap        ] GC(105)   to   space 31744K, 0% used [0x00000007fc200000,0x00000007fc200000,0x00000007fe100000)
[28.630s][debug  ][gc,heap        ] GC(105)  ParOldGen       total 2192384K, used 923236K [0x0000000700000000, 0x0000000785d00000, 0x00000007f0000000)
[28.630s][debug  ][gc,heap        ] GC(105)   object space 2192384K, 42% used [0x0000000700000000,0x0000000738599198,0x0000000785d00000)
[28.630s][debug  ][gc,heap        ] GC(105)  Metaspace       used 1024K, committed 1216K, reserved 1056768K
[28.630s][debug  ][gc,heap        ] GC(105)   class space    used 83K, committed 192K, reserved 1048576K
[28.630s][debug  ][gc,task,time   ] GC(105) VM-Thread 286228092 286281784 286303812
[28.942s][debug  ][gc,heap        ] GC(106) Heap before GC invocations=107 (full 18):
[28.942s][debug  ][gc,heap        ] GC(106)  PSYoungGen      total 230400K, used 229096K [0x00000007f0000000, 0x0000000800000000, 0x0000000800000000)
[28.942s][debug  ][gc,heap        ] GC(106)   eden space 198656K, 99% used [0x00000007f0000000,0x00000007fc1ba390,0x00000007fc200000)
[28.942s][debug  ][gc,heap        ] GC(106)   from space 31744K, 96% used [0x00000007fe100000,0x00000007fff00030,0x0000000800000000)
[28.942s][debug  ][gc,heap        ] GC(106)   to   space 31744K, 0% used [0x00000007fc200000,0x00000007fc200000,0x00000007fe100000)
[28.942s][debug  ][gc,heap        ] GC(106)  ParOldGen       total 2192384K, used 923236K [0x0000000700000000, 0x0000000785d00000, 0x00000007f0000000)
[28.942s][debug  ][gc,heap        ] GC(106)   object space 2192384K, 42% used [0x0000000700000000,0x0000000738599198,0x0000000785d00000)
[28.942s][debug  ][gc,heap        ] GC(106)  Metaspace       used 1024K, committed 1216K, reserved 1056768K
[28.942s][debug  ][gc,heap        ] GC(106)   class space    used 83K, committed 192K, reserved 1048576K
[28.942s][debug  ][gc,tlab        ] GC(106) TLAB totals: thrds: 1  refills: 1 max: 1 slow allocs: 18 max 18 waste: 27.2% gc: 3908192B max: 3908192B slow: 0B max: 0B
[28.942s][info   ][gc,start       ] GC(106) Pause Young (Allocation Failure)
[28.942s][debug  ][gc,phases,start] GC(106) Scavenge
[28.958s][debug  ][gc,phases      ] GC(106) Scavenge 15.602ms
[28.958s][debug  ][gc,phases,start] GC(106) Reference Processing
[28.958s][debug  ][gc,ref         ] GC(106) Skipped phase 1 of Reference Processing: no references
[28.958s][debug  ][gc,ref         ] GC(106) Skipped phase 2 of Reference Processing: no references
[28.958s][debug  ][gc,ref         ] GC(106) Skipped phase 3 of Reference Processing: no references
[28.958s][debug  ][gc,ref         ] GC(106) Skipped phase 4 of Reference Processing: no references
[28.958s][debug  ][gc,phases,ref  ] GC(106) Reference Processing: 0.1ms
[28.958s][debug  ][gc,phases,ref  ] GC(106)   Reconsider SoftReferences: 0.0ms
[28.958s][debug  ][gc,phases,ref  ] GC(106)     SoftRef (ms):                  skipped
[28.958s][debug  ][gc,phases,ref  ] GC(106)   Notify Soft/WeakReferences: 0.0ms
[28.958s][debug  ][gc,phases,ref  ] GC(106)     SoftRef (ms):                  skipped
[28.958s][debug  ][gc,phases,ref  ] GC(106)     WeakRef (ms):                  skipped
[28.958s][debug  ][gc,phases,ref  ] GC(106)     FinalRef (ms):                 skipped
[28.958s][debug  ][gc,phases,ref  ] GC(106)     Total (ms):                    skipped
[28.958s][debug  ][gc,phases,ref  ] GC(106)   Notify and keep alive finalizable: 0.0ms
[28.958s][debug  ][gc,phases,ref  ] GC(106)     FinalRef (ms):                 skipped
[28.958s][debug  ][gc,phases,ref  ] GC(106)   Notify PhantomReferences: 0.0ms
[28.958s][debug  ][gc,phases,ref  ] GC(106)     PhantomRef (ms):               skipped
[28.958s][debug  ][gc,phases,ref  ] GC(106)   SoftReference:
[28.959s][debug  ][gc,phases,ref  ] GC(106)     Discovered: 0
[28.959s][debug  ][gc,phases,ref  ] GC(106)     Cleared: 0
[28.959s][debug  ][gc,phases,ref  ] GC(106)   WeakReference:
[28.959s][debug  ][gc,phases,ref  ] GC(106)     Discovered: 0
[28.959s][debug  ][gc,phases,ref  ] GC(106)     Cleared: 0
[28.959s][debug  ][gc,phases,ref  ] GC(106)   FinalReference:
[28.959s][debug  ][gc,phases,ref  ] GC(106)     Discovered: 0
[28.959s][debug  ][gc,phases,ref  ] GC(106)     Cleared: 0
[28.959s][debug  ][gc,phases,ref  ] GC(106)   PhantomReference:
[28.959s][debug  ][gc,phases,ref  ] GC(106)     Discovered: 0
[28.959s][debug  ][gc,phases,ref  ] GC(106)     Cleared: 0
[28.959s][debug  ][gc,phases      ] GC(106) Reference Processing 0.656ms
[28.959s][debug  ][gc,phases,start] GC(106) Weak Processing
[28.959s][debug  ][gc,phases      ] GC(106)   VM Weak                        Min:  0.0, Avg:  0.0, Max:  0.0, Diff:  0.0, Sum:  0.0, Workers: 6
[28.959s][debug  ][gc,phases      ] GC(106)     Dead                           Min: 0, Avg:  0.0, Max: 0, Diff: 0, Sum: 0, Workers: 6
[28.959s][debug  ][gc,phases      ] GC(106)     Total                          Min: 0, Avg:  1.3, Max: 8, Diff: 8, Sum: 8, Workers: 6
[28.959s][debug  ][gc,phases      ] GC(106)   ObjectSynchronizer Weak        Min:  0.0, Avg:  0.0, Max:  0.0, Diff:  0.0, Sum:  0.0, Workers: 6
[28.959s][debug  ][gc,phases      ] GC(106)     Dead                           Min: 0, Avg:  0.0, Max: 0, Diff: 0, Sum: 0, Workers: 6
[28.959s][debug  ][gc,phases      ] GC(106)     Total                          Min: 0, Avg:  0.5, Max: 3, Diff: 3, Sum: 3, Workers: 6
[28.959s][debug  ][gc,phases      ] GC(106)   JVMTI Tag Weak OopStorage      Min:  0.0, Avg:  0.0, Max:  0.0, Diff:  0.0, Sum:  0.0, Workers: 6
[28.959s][debug  ][gc,phases      ] GC(106)     Dead                           Min: 0, Avg:  0.0, Max: 0, Diff: 0, Sum: 0, Workers: 6
[28.959s][debug  ][gc,phases      ] GC(106)     Total                          Min: 0, Avg:  0.0, Max: 0, Diff: 0, Sum: 0, Workers: 6
[28.959s][debug  ][gc,phases      ] GC(106)   StringTable Weak               Min:  0.0, Avg:  0.0, Max:  0.0, Diff:  0.0, Sum:  0.0, Workers: 6
[28.959s][debug  ][gc,phases      ] GC(106)     Dead                           Min: 0, Avg:  0.0, Max: 0, Diff: 0, Sum: 0, Workers: 6
[28.959s][debug  ][gc,phases      ] GC(106)     Total                          Min: 683, Avg: 892.5, Max: 1024, Diff: 341, Sum: 5355, Workers: 6
[28.959s][debug  ][gc,phases      ] GC(106)   ResolvedMethodTable Weak       Min:  0.0, Avg:  0.0, Max:  0.0, Diff:  0.0, Sum:  0.0, Workers: 6
[28.959s][debug  ][gc,phases      ] GC(106)     Dead                           Min: 0, Avg:  0.0, Max: 0, Diff: 0, Sum: 0, Workers: 6
[28.959s][debug  ][gc,phases      ] GC(106)     Total                          Min: 0, Avg: 21.7, Max: 64, Diff: 64, Sum: 130, Workers: 6
[28.959s][debug  ][gc,phases      ] GC(106)   JNI Weak                       Min:  0.0, Avg:  0.0, Max:  0.0, Diff:  0.0, Sum:  0.0, Workers: 6
[28.959s][debug  ][gc,phases      ] GC(106)     Dead                           Min: 0, Avg:  0.0, Max: 0, Diff: 0, Sum: 0, Workers: 6
[28.959s][debug  ][gc,phases      ] GC(106)     Total                          Min: 0, Avg:  0.0, Max: 0, Diff: 0, Sum: 0, Workers: 6
[28.959s][debug  ][gc,phases      ] GC(106)   StringDedup Table Weak         Min:  0.0, Avg:  0.0, Max:  0.0, Diff:  0.0, Sum:  0.0, Workers: 6
[28.959s][debug  ][gc,phases      ] GC(106)     Dead                           Min: 0, Avg:  0.0, Max: 0, Diff: 0, Sum: 0, Workers: 6
[28.959s][debug  ][gc,phases      ] GC(106)     Total                          Min: 0, Avg:  0.0, Max: 0, Diff: 0, Sum: 0, Workers: 6
[28.959s][debug  ][gc,phases      ] GC(106)   StringDedup Requests0 Weak     Min:  0.0, Avg:  0.0, Max:  0.0, Diff:  0.0, Sum:  0.0, Workers: 6
[28.959s][debug  ][gc,phases      ] GC(106)     Dead                           Min: 0, Avg:  0.0, Max: 0, Diff: 0, Sum: 0, Workers: 6
[28.959s][debug  ][gc,phases      ] GC(106)     Total                          Min: 0, Avg:  0.0, Max: 0, Diff: 0, Sum: 0, Workers: 6
[28.959s][debug  ][gc,phases      ] GC(106)   StringDedup Requests1 Weak     Min:  0.0, Avg:  0.0, Max:  0.0, Diff:  0.0, Sum:  0.0, Workers: 6
[28.959s][debug  ][gc,phases      ] GC(106)     Dead                           Min: 0, Avg:  0.0, Max: 0, Diff: 0, Sum: 0, Workers: 6
[28.959s][debug  ][gc,phases      ] GC(106)     Total                          Min: 0, Avg:  0.0, Max: 0, Diff: 0, Sum: 0, Workers: 6
[28.959s][debug  ][gc,phases      ] GC(106)   Weak JFR Old Object Samples    Min:  0.0, Avg:  0.0, Max:  0.0, Diff:  0.0, Sum:  0.0, Workers: 6
[28.959s][debug  ][gc,phases      ] GC(106)     Dead                           Min: 0, Avg:  0.0, Max: 0, Diff: 0, Sum: 0, Workers: 6
[28.959s][debug  ][gc,phases      ] GC(106)     Total                          Min: 0, Avg:  0.0, Max: 0, Diff: 0, Sum: 0, Workers: 6
[28.959s][debug  ][gc,phases      ] GC(106) Weak Processing 0.720ms
[28.960s][debug  ][gc,ergo        ] GC(106) AdaptiveSizeStart:  collection: 107 
[28.960s][debug  ][gc,ergo        ] GC(106) avg_survived_padded_avg: 32094830.000000
[28.960s][debug  ][gc,ergo        ] GC(106) avg_promoted_padded_avg: 282136192.000000  avg_pretenured_padded_avg: 0.000000  tenuring_thresh: 1  target_size: 32505856
[28.960s][debug  ][gc,age         ] GC(106) Desired survivor size 32505856 bytes, new threshold 1 (max threshold 15)
[28.960s][debug  ][gc,ergo        ] GC(106) PSAdaptiveSizePolicy::compute_eden_space_size limits: desired_eden_size: 223965112 old_eden_size: 203423744 eden_limit: 203423744 cur_eden: 203423744 max_eden_size: 203423744 avg_young_live: 26374804
[28.960s][debug  ][gc,ergo        ] GC(106) PSAdaptiveSizePolicy::compute_eden_space_size: costs minor_time: 0.045302 major_cost: 0.044886 mutator_cost: 0.909812 throughput_goal: 0.990000
[28.960s][debug  ][gc,ergo        ] GC(106) Live_space: 956995968 free_space: 1269825536
[28.960s][debug  ][gc,ergo        ] GC(106) Old eden_size: 203423744 desired_eden_size: 203423744
[28.960s][debug  ][gc,ergo        ] GC(106) AdaptiveSizeStop: collection: 107 
[28.960s][info   ][gc,heap        ] GC(106) PSYoungGen: 229096K(230400K)->30720K(230400K) Eden: 198376K(198656K)->0K(198656K) From: 30720K(31744K)->30720K(31744K)
[28.960s][info   ][gc,heap        ] GC(106) ParOldGen: 923236K(2192384K)->1117796K(2192384K)
[28.960s][info   ][gc,metaspace   ] GC(106) Metaspace: 1024K(1216K)->1024K(1216K) NonClass: 940K(1024K)->940K(1024K) Class: 83K(192K)->83K(192K)
[28.960s][info   ][gc             ] GC(106) Pause Young (Allocation Failure) 1125M->1121M(2366M) 17.424ms
[28.960s][info   ][gc,cpu         ] GC(106) User=0.16s Sys=0.00s Real=0.02s
[28.960s][debug  ][gc,heap        ] GC(106) Heap after GC invocations=107 (full 18):
[28.960s][debug  ][gc,heap        ] GC(106)  PSYoungGen      total 230400K, used 30720K [0x00000007f0000000, 0x0000000800000000, 0x0000000800000000)
[28.960s][debug  ][gc,heap        ] GC(106)   eden space 198656K, 0% used [0x00000007f0000000,0x00000007f0000000,0x00000007fc200000)
[28.960s][debug  ][gc,heap        ] GC(106)   from space 31744K, 96% used [0x00000007fc200000,0x00000007fe000030,0x00000007fe100000)
[28.960s][debug  ][gc,heap        ] GC(106)   to   space 31744K, 0% used [0x00000007fe100000,0x00000007fe100000,0x0000000800000000)
[28.960s][debug  ][gc,heap        ] GC(106)  ParOldGen       total 2192384K, used 1117796K [0x0000000700000000, 0x0000000785d00000, 0x00000007f0000000)
[28.960s][debug  ][gc,heap        ] GC(106)   object space 2192384K, 50% used [0x0000000700000000,0x00000007443992c8,0x0000000785d00000)
[28.960s][debug  ][gc,heap        ] GC(106)  Metaspace       used 1024K, committed 1216K, reserved 1056768K
[28.960s][debug  ][gc,heap        ] GC(106)   class space    used 83K, committed 192K, reserved 1048576K
[28.960s][debug  ][gc,task,time   ] GC(106) VM-Thread 289419372 289580862 289600192
[29.259s][debug  ][gc,heap        ] GC(107) Heap before GC invocations=108 (full 18):
[29.259s][debug  ][gc,heap        ] GC(107)  PSYoungGen      total 230400K, used 229124K [0x00000007f0000000, 0x0000000800000000, 0x0000000800000000)
[29.259s][debug  ][gc,heap        ] GC(107)   eden space 198656K, 99% used [0x00000007f0000000,0x00000007fc1c13b0,0x00000007fc200000)
[29.259s][debug  ][gc,heap        ] GC(107)   from space 31744K, 96% used [0x00000007fc200000,0x00000007fe000030,0x00000007fe100000)
[29.260s][debug  ][gc,heap        ] GC(107)   to   space 31744K, 0% used [0x00000007fe100000,0x00000007fe100000,0x0000000800000000)
[29.260s][debug  ][gc,heap        ] GC(107)  ParOldGen       total 2192384K, used 1117796K [0x0000000700000000, 0x0000000785d00000, 0x00000007f0000000)
[29.260s][debug  ][gc,heap        ] GC(107)   object space 2192384K, 50% used [0x0000000700000000,0x00000007443992c8,0x0000000785d00000)
[29.260s][debug  ][gc,heap        ] GC(107)  Metaspace       used 1024K, committed 1216K, reserved 1056768K
[29.260s][debug  ][gc,heap        ] GC(107)   class space    used 83K, committed 192K, reserved 1048576K
[29.260s][debug  ][gc,tlab        ] GC(107) TLAB totals: thrds: 1  refills: 1 max: 1 slow allocs: 18 max 18 waste: 27.3% gc: 3936896B max: 3936896B slow: 0B max: 0B
[29.260s][info   ][gc,start       ] GC(107) Pause Young (Allocation Failure)
[29.260s][debug  ][gc,phases,start] GC(107) Scavenge
[29.277s][debug  ][gc,phases      ] GC(107) Scavenge 17.130ms
[29.277s][debug  ][gc,phases,start] GC(107) Reference Processing
[29.277s][debug  ][gc,ref         ] GC(107) Skipped phase 1 of Reference Processing: no references
[29.277s][debug  ][gc,ref         ] GC(107) Skipped phase 2 of Reference Processing: no references
[29.277s][debug  ][gc,ref         ] GC(107) Skipped phase 3 of Reference Processing: no references
[29.277s][debug  ][gc,ref         ] GC(107) Skipped phase 4 of Reference Processing: no references
[29.277s][debug  ][gc,phases,ref  ] GC(107) Reference Processing: 0.1ms
[29.277s][debug  ][gc,phases,ref  ] GC(107)   Reconsider SoftReferences: 0.0ms
[29.277s][debug  ][gc,phases,ref  ] GC(107)     SoftRef (ms):                  skipped
[29.277s][debug  ][gc,phases,ref  ] GC(107)   Notify Soft/WeakReferences: 0.0ms
[29.277s][debug  ][gc,phases,ref  ] GC(107)     SoftRef (ms):                  skipped
[29.277s][debug  ][gc,phases,ref  ] GC(107)     WeakRef (ms):                  skipped
[29.277s][debug  ][gc,phases,ref  ] GC(107)     FinalRef (ms):                 skipped
[29.277s][debug  ][gc,phases,ref  ] GC(107)     Total (ms):                    skipped
[29.277s][debug  ][gc,phases,ref  ] GC(107)   Notify and keep alive finalizable: 0.0ms
[29.277s][debug  ][gc,phases,ref  ] GC(107)     FinalRef (ms):                 skipped
[29.277s][debug  ][gc,phases,ref  ] GC(107)   Notify PhantomReferences: 0.0ms
[29.277s][debug  ][gc,phases,ref  ] GC(107)     PhantomRef (ms):               skipped
[29.277s][debug  ][gc,phases,ref  ] GC(107)   SoftReference:
[29.277s][debug  ][gc,phases,ref  ] GC(107)     Discovered: 0
[29.277s][debug  ][gc,phases,ref  ] GC(107)     Cleared: 0
[29.277s][debug  ][gc,phases,ref  ] GC(107)   WeakReference:
[29.277s][debug  ][gc,phases,ref  ] GC(107)     Discovered: 0
[29.277s][debug  ][gc,phases,ref  ] GC(107)     Cleared: 0
[29.277s][debug  ][gc,phases,ref  ] GC(107)   FinalReference:
[29.277s][debug  ][gc,phases,ref  ] GC(107)     Discovered: 0
[29.277s][debug  ][gc,phases,ref  ] GC(107)     Cleared: 0
[29.278s][debug  ][gc,phases,ref  ] GC(107)   PhantomReference:
[29.278s][debug  ][gc,phases,ref  ] GC(107)     Discovered: 0
[29.278s][debug  ][gc,phases,ref  ] GC(107)     Cleared: 0
[29.278s][debug  ][gc,phases      ] GC(107) Reference Processing 0.573ms
[29.278s][debug  ][gc,phases,start] GC(107) Weak Processing
[29.278s][debug  ][gc,phases      ] GC(107)   VM Weak                        Min:  0.0, Avg:  0.0, Max:  0.0, Diff:  0.0, Sum:  0.0, Workers: 6
[29.278s][debug  ][gc,phases      ] GC(107)     Dead                           Min: 0, Avg:  0.0, Max: 0, Diff: 0, Sum: 0, Workers: 6
[29.278s][debug  ][gc,phases      ] GC(107)     Total                          Min: 0, Avg:  1.3, Max: 8, Diff: 8, Sum: 8, Workers: 6
[29.278s][debug  ][gc,phases      ] GC(107)   ObjectSynchronizer Weak        Min:  0.0, Avg:  0.0, Max:  0.0, Diff:  0.0, Sum:  0.0, Workers: 6
[29.278s][debug  ][gc,phases      ] GC(107)     Dead                           Min: 0, Avg:  0.0, Max: 0, Diff: 0, Sum: 0, Workers: 6
[29.278s][debug  ][gc,phases      ] GC(107)     Total                          Min: 0, Avg:  0.5, Max: 3, Diff: 3, Sum: 3, Workers: 6
[29.278s][debug  ][gc,phases      ] GC(107)   JVMTI Tag Weak OopStorage      Min:  0.0, Avg:  0.0, Max:  0.0, Diff:  0.0, Sum:  0.0, Workers: 6
[29.278s][debug  ][gc,phases      ] GC(107)     Dead                           Min: 0, Avg:  0.0, Max: 0, Diff: 0, Sum: 0, Workers: 6
[29.278s][debug  ][gc,phases      ] GC(107)     Total                          Min: 0, Avg:  0.0, Max: 0, Diff: 0, Sum: 0, Workers: 6
[29.278s][debug  ][gc,phases      ] GC(107)   StringTable Weak               Min:  0.0, Avg:  0.0, Max:  0.0, Diff:  0.0, Sum:  0.0, Workers: 6
[29.278s][debug  ][gc,phases      ] GC(107)     Dead                           Min: 0, Avg:  0.0, Max: 0, Diff: 0, Sum: 0, Workers: 6
[29.278s][debug  ][gc,phases      ] GC(107)     Total                          Min: 639, Avg: 892.5, Max: 1068, Diff: 429, Sum: 5355, Workers: 6
[29.278s][debug  ][gc,phases      ] GC(107)   ResolvedMethodTable Weak       Min:  0.0, Avg:  0.0, Max:  0.0, Diff:  0.0, Sum:  0.0, Workers: 6
[29.278s][debug  ][gc,phases      ] GC(107)     Dead                           Min: 0, Avg:  0.0, Max: 0, Diff: 0, Sum: 0, Workers: 6
[29.278s][debug  ][gc,phases      ] GC(107)     Total                          Min: 0, Avg: 21.7, Max: 64, Diff: 64, Sum: 130, Workers: 6
[29.278s][debug  ][gc,phases      ] GC(107)   JNI Weak                       Min:  0.0, Avg:  0.0, Max:  0.0, Diff:  0.0, Sum:  0.0, Workers: 6
[29.278s][debug  ][gc,phases      ] GC(107)     Dead                           Min: 0, Avg:  0.0, Max: 0, Diff: 0, Sum: 0, Workers: 6
[29.278s][debug  ][gc,phases      ] GC(107)     Total                          Min: 0, Avg:  0.0, Max: 0, Diff: 0, Sum: 0, Workers: 6
[29.278s][debug  ][gc,phases      ] GC(107)   StringDedup Table Weak         Min:  0.0, Avg:  0.0, Max:  0.0, Diff:  0.0, Sum:  0.0, Workers: 6
[29.278s][debug  ][gc,phases      ] GC(107)     Dead                           Min: 0, Avg:  0.0, Max: 0, Diff: 0, Sum: 0, Workers: 6
[29.278s][debug  ][gc,phases      ] GC(107)     Total                          Min: 0, Avg:  0.0, Max: 0, Diff: 0, Sum: 0, Workers: 6
[29.278s][debug  ][gc,phases      ] GC(107)   StringDedup Requests0 Weak     Min:  0.0, Avg:  0.0, Max:  0.0, Diff:  0.0, Sum:  0.0, Workers: 6
[29.278s][debug  ][gc,phases      ] GC(107)     Dead                           Min: 0, Avg:  0.0, Max: 0, Diff: 0, Sum: 0, Workers: 6
[29.278s][debug  ][gc,phases      ] GC(107)     Total                          Min: 0, Avg:  0.0, Max: 0, Diff: 0, Sum: 0, Workers: 6
[29.278s][debug  ][gc,phases      ] GC(107)   StringDedup Requests1 Weak     Min:  0.0, Avg:  0.0, Max:  0.0, Diff:  0.0, Sum:  0.0, Workers: 6
[29.278s][debug  ][gc,phases      ] GC(107)     Dead                           Min: 0, Avg:  0.0, Max: 0, Diff: 0, Sum: 0, Workers: 6
[29.278s][debug  ][gc,phases      ] GC(107)     Total                          Min: 0, Avg:  0.0, Max: 0, Diff: 0, Sum: 0, Workers: 6
[29.278s][debug  ][gc,phases      ] GC(107)   Weak JFR Old Object Samples    Min:  0.0, Avg:  0.0, Max:  0.0, Diff:  0.0, Sum:  0.0, Workers: 6
[29.278s][debug  ][gc,phases      ] GC(107)     Dead                           Min: 0, Avg:  0.0, Max: 0, Diff: 0, Sum: 0, Workers: 6
[29.278s][debug  ][gc,phases      ] GC(107)     Total                          Min: 0, Avg:  0.0, Max: 0, Diff: 0, Sum: 0, Workers: 6
[29.278s][debug  ][gc,phases      ] GC(107) Weak Processing 0.665ms
[29.278s][debug  ][gc,ergo        ] GC(107) AdaptiveSizeStart:  collection: 108 
[29.278s][debug  ][gc,ergo        ] GC(107) avg_survived_padded_avg: 32043572.000000
[29.278s][debug  ][gc,ergo        ] GC(107) avg_promoted_padded_avg: 284061152.000000  avg_pretenured_padded_avg: 0.000000  tenuring_thresh: 1  target_size: 32505856
[29.278s][debug  ][gc,age         ] GC(107) Desired survivor size 32505856 bytes, new threshold 1 (max threshold 15)
[29.278s][debug  ][gc,ergo        ] GC(107) PSAdaptiveSizePolicy::compute_eden_space_size limits: desired_eden_size: 224655018 old_eden_size: 203423744 eden_limit: 203423744 cur_eden: 203423744 max_eden_size: 203423744 avg_young_live: 26883056
[29.278s][debug  ][gc,ergo        ] GC(107) PSAdaptiveSizePolicy::compute_eden_space_size: costs minor_time: 0.048466 major_cost: 0.044886 mutator_cost: 0.906648 throughput_goal: 0.990000
[29.278s][debug  ][gc,ergo        ] GC(107) Live_space: 957504192 free_space: 1269825536
[29.278s][debug  ][gc,ergo        ] GC(107) Old eden_size: 203423744 desired_eden_size: 203423744
[29.278s][debug  ][gc,ergo        ] GC(107) AdaptiveSizeStop: collection: 108 
[29.278s][info   ][gc,heap        ] GC(107) PSYoungGen: 229124K(230400K)->30720K(230400K) Eden: 198404K(198656K)->0K(198656K) From: 30720K(31744K)->30720K(31744K)
[29.278s][info   ][gc,heap        ] GC(107) ParOldGen: 1117796K(2192384K)->1312356K(2192384K)
[29.279s][info   ][gc,metaspace   ] GC(107) Metaspace: 1024K(1216K)->1024K(1216K) NonClass: 940K(1024K)->940K(1024K) Class: 83K(192K)->83K(192K)
[29.279s][info   ][gc             ] GC(107) Pause Young (Allocation Failure) 1315M->1311M(2366M) 18.787ms
[29.279s][info   ][gc,cpu         ] GC(107) User=0.14s Sys=0.00s Real=0.02s
[29.279s][debug  ][gc,heap        ] GC(107) Heap after GC invocations=108 (full 18):
[29.279s][debug  ][gc,heap        ] GC(107)  PSYoungGen      total 230400K, used 30720K [0x00000007f0000000, 0x0000000800000000, 0x0000000800000000)
[29.279s][debug  ][gc,heap        ] GC(107)   eden space 198656K, 0% used [0x00000007f0000000,0x00000007f0000000,0x00000007fc200000)
[29.279s][debug  ][gc,heap        ] GC(107)   from space 31744K, 96% used [0x00000007fe100000,0x00000007fff00030,0x0000000800000000)
[29.279s][debug  ][gc,heap        ] GC(107)   to   space 31744K, 0% used [0x00000007fc200000,0x00000007fc200000,0x00000007fe100000)
[29.279s][debug  ][gc,heap        ] GC(107)  ParOldGen       total 2192384K, used 1312356K [0x0000000700000000, 0x0000000785d00000, 0x00000007f0000000)
[29.279s][debug  ][gc,heap        ] GC(107)   object space 2192384K, 59% used [0x0000000700000000,0x00000007501993f8,0x0000000785d00000)
[29.279s][debug  ][gc,heap        ] GC(107)  Metaspace       used 1024K, committed 1216K, reserved 1056768K
[29.279s][debug  ][gc,heap        ] GC(107)   class space    used 83K, committed 192K, reserved 1048576K
[29.279s][debug  ][gc,task,time   ] GC(107) VM-Thread 292593003 292769873 292787670
[29.577s][debug  ][gc,heap        ] GC(108) Heap before GC invocations=109 (full 18):
[29.577s][debug  ][gc,heap        ] GC(108)  PSYoungGen      total 230400K, used 229143K [0x00000007f0000000, 0x0000000800000000, 0x0000000800000000)
[29.577s][debug  ][gc,heap        ] GC(108)   eden space 198656K, 99% used [0x00000007f0000000,0x00000007fc1c5bd0,0x00000007fc200000)
[29.577s][debug  ][gc,heap        ] GC(108)   from space 31744K, 96% used [0x00000007fe100000,0x00000007fff00030,0x0000000800000000)
[29.577s][debug  ][gc,heap        ] GC(108)   to   space 31744K, 0% used [0x00000007fc200000,0x00000007fc200000,0x00000007fe100000)
[29.577s][debug  ][gc,heap        ] GC(108)  ParOldGen       total 2192384K, used 1312356K [0x0000000700000000, 0x0000000785d00000, 0x00000007f0000000)
[29.577s][debug  ][gc,heap        ] GC(108)   object space 2192384K, 59% used [0x0000000700000000,0x00000007501993f8,0x0000000785d00000)
[29.577s][debug  ][gc,heap        ] GC(108)  Metaspace       used 1024K, committed 1216K, reserved 1056768K
[29.578s][debug  ][gc,heap        ] GC(108)   class space    used 83K, committed 192K, reserved 1048576K
[29.578s][debug  ][gc,tlab        ] GC(108) TLAB totals: thrds: 1  refills: 1 max: 1 slow allocs: 18 max 18 waste: 27.4% gc: 3955360B max: 3955360B slow: 0B max: 0B
[29.578s][info   ][gc,start       ] GC(108) Pause Young (Allocation Failure)
[29.578s][debug  ][gc,phases,start] GC(108) Scavenge
[29.593s][debug  ][gc,phases      ] GC(108) Scavenge 15.460ms
[29.593s][debug  ][gc,phases,start] GC(108) Reference Processing
[29.593s][debug  ][gc,ref         ] GC(108) Skipped phase 1 of Reference Processing: no references
[29.593s][debug  ][gc,ref         ] GC(108) Skipped phase 2 of Reference Processing: no references
[29.593s][debug  ][gc,ref         ] GC(108) Skipped phase 3 of Reference Processing: no references
[29.593s][debug  ][gc,ref         ] GC(108) Skipped phase 4 of Reference Processing: no references
[29.593s][debug  ][gc,phases,ref  ] GC(108) Reference Processing: 0.1ms
[29.593s][debug  ][gc,phases,ref  ] GC(108)   Reconsider SoftReferences: 0.0ms
[29.593s][debug  ][gc,phases,ref  ] GC(108)     SoftRef (ms):                  skipped
[29.593s][debug  ][gc,phases,ref  ] GC(108)   Notify Soft/WeakReferences: 0.0ms
[29.593s][debug  ][gc,phases,ref  ] GC(108)     SoftRef (ms):                  skipped
[29.593s][debug  ][gc,phases,ref  ] GC(108)     WeakRef (ms):                  skipped
[29.593s][debug  ][gc,phases,ref  ] GC(108)     FinalRef (ms):                 skipped
[29.593s][debug  ][gc,phases,ref  ] GC(108)     Total (ms):                    skipped
[29.593s][debug  ][gc,phases,ref  ] GC(108)   Notify and keep alive finalizable: 0.0ms
[29.594s][debug  ][gc,phases,ref  ] GC(108)     FinalRef (ms):                 skipped
[29.594s][debug  ][gc,phases,ref  ] GC(108)   Notify PhantomReferences: 0.0ms
[29.594s][debug  ][gc,phases,ref  ] GC(108)     PhantomRef (ms):               skipped
[29.594s][debug  ][gc,phases,ref  ] GC(108)   SoftReference:
[29.594s][debug  ][gc,phases,ref  ] GC(108)     Discovered: 0
[29.594s][debug  ][gc,phases,ref  ] GC(108)     Cleared: 0
[29.594s][debug  ][gc,phases,ref  ] GC(108)   WeakReference:
[29.594s][debug  ][gc,phases,ref  ] GC(108)     Discovered: 0
[29.594s][debug  ][gc,phases,ref  ] GC(108)     Cleared: 0
[29.594s][debug  ][gc,phases,ref  ] GC(108)   FinalReference:
[29.594s][debug  ][gc,phases,ref  ] GC(108)     Discovered: 0
[29.594s][debug  ][gc,phases,ref  ] GC(108)     Cleared: 0
[29.594s][debug  ][gc,phases,ref  ] GC(108)   PhantomReference:
[29.594s][debug  ][gc,phases,ref  ] GC(108)     Discovered: 0
[29.594s][debug  ][gc,phases,ref  ] GC(108)     Cleared: 0
[29.594s][debug  ][gc,phases      ] GC(108) Reference Processing 0.619ms
[29.594s][debug  ][gc,phases,start] GC(108) Weak Processing
[29.594s][debug  ][gc,phases      ] GC(108)   VM Weak                        Min:  0.0, Avg:  0.0, Max:  0.0, Diff:  0.0, Sum:  0.0, Workers: 6
[29.594s][debug  ][gc,phases      ] GC(108)     Dead                           Min: 0, Avg:  0.0, Max: 0, Diff: 0, Sum: 0, Workers: 6
[29.594s][debug  ][gc,phases      ] GC(108)     Total                          Min: 0, Avg:  1.3, Max: 8, Diff: 8, Sum: 8, Workers: 6
[29.594s][debug  ][gc,phases      ] GC(108)   ObjectSynchronizer Weak        Min:  0.0, Avg:  0.0, Max:  0.0, Diff:  0.0, Sum:  0.0, Workers: 6
[29.594s][debug  ][gc,phases      ] GC(108)     Dead                           Min: 0, Avg:  0.0, Max: 0, Diff: 0, Sum: 0, Workers: 6
[29.594s][debug  ][gc,phases      ] GC(108)     Total                          Min: 0, Avg:  0.5, Max: 3, Diff: 3, Sum: 3, Workers: 6
[29.594s][debug  ][gc,phases      ] GC(108)   JVMTI Tag Weak OopStorage      Min:  0.0, Avg:  0.0, Max:  0.0, Diff:  0.0, Sum:  0.0, Workers: 6
[29.594s][debug  ][gc,phases      ] GC(108)     Dead                           Min: 0, Avg:  0.0, Max: 0, Diff: 0, Sum: 0, Workers: 6
[29.594s][debug  ][gc,phases      ] GC(108)     Total                          Min: 0, Avg:  0.0, Max: 0, Diff: 0, Sum: 0, Workers: 6
[29.594s][debug  ][gc,phases      ] GC(108)   StringTable Weak               Min:  0.0, Avg:  0.0, Max:  0.0, Diff:  0.0, Sum:  0.0, Workers: 6
[29.594s][debug  ][gc,phases      ] GC(108)     Dead                           Min: 0, Avg:  0.0, Max: 0, Diff: 0, Sum: 0, Workers: 6
[29.594s][debug  ][gc,phases      ] GC(108)     Total                          Min: 703, Avg: 892.5, Max: 1088, Diff: 385, Sum: 5355, Workers: 6
[29.594s][debug  ][gc,phases      ] GC(108)   ResolvedMethodTable Weak       Min:  0.0, Avg:  0.0, Max:  0.0, Diff:  0.0, Sum:  0.0, Workers: 6
[29.594s][debug  ][gc,phases      ] GC(108)     Dead                           Min: 0, Avg:  0.0, Max: 0, Diff: 0, Sum: 0, Workers: 6
[29.594s][debug  ][gc,phases      ] GC(108)     Total                          Min: 0, Avg: 21.7, Max: 64, Diff: 64, Sum: 130, Workers: 6
[29.594s][debug  ][gc,phases      ] GC(108)   JNI Weak                       Min:  0.0, Avg:  0.0, Max:  0.0, Diff:  0.0, Sum:  0.0, Workers: 6
[29.594s][debug  ][gc,phases      ] GC(108)     Dead                           Min: 0, Avg:  0.0, Max: 0, Diff: 0, Sum: 0, Workers: 6
[29.594s][debug  ][gc,phases      ] GC(108)     Total                          Min: 0, Avg:  0.0, Max: 0, Diff: 0, Sum: 0, Workers: 6
[29.594s][debug  ][gc,phases      ] GC(108)   StringDedup Table Weak         Min:  0.0, Avg:  0.0, Max:  0.0, Diff:  0.0, Sum:  0.0, Workers: 6
[29.594s][debug  ][gc,phases      ] GC(108)     Dead                           Min: 0, Avg:  0.0, Max: 0, Diff: 0, Sum: 0, Workers: 6
[29.594s][debug  ][gc,phases      ] GC(108)     Total                          Min: 0, Avg:  0.0, Max: 0, Diff: 0, Sum: 0, Workers: 6
[29.594s][debug  ][gc,phases      ] GC(108)   StringDedup Requests0 Weak     Min:  0.0, Avg:  0.0, Max:  0.0, Diff:  0.0, Sum:  0.0, Workers: 6
[29.594s][debug  ][gc,phases      ] GC(108)     Dead                           Min: 0, Avg:  0.0, Max: 0, Diff: 0, Sum: 0, Workers: 6
[29.594s][debug  ][gc,phases      ] GC(108)     Total                          Min: 0, Avg:  0.0, Max: 0, Diff: 0, Sum: 0, Workers: 6
[29.594s][debug  ][gc,phases      ] GC(108)   StringDedup Requests1 Weak     Min:  0.0, Avg:  0.0, Max:  0.0, Diff:  0.0, Sum:  0.0, Workers: 6
[29.594s][debug  ][gc,phases      ] GC(108)     Dead                           Min: 0, Avg:  0.0, Max: 0, Diff: 0, Sum: 0, Workers: 6
[29.594s][debug  ][gc,phases      ] GC(108)     Total                          Min: 0, Avg:  0.0, Max: 0, Diff: 0, Sum: 0, Workers: 6
[29.594s][debug  ][gc,phases      ] GC(108)   Weak JFR Old Object Samples    Min:  0.0, Avg:  0.0, Max:  0.0, Diff:  0.0, Sum:  0.0, Workers: 6
[29.594s][debug  ][gc,phases      ] GC(108)     Dead                           Min: 0, Avg:  0.0, Max: 0, Diff: 0, Sum: 0, Workers: 6
[29.594s][debug  ][gc,phases      ] GC(108)     Total                          Min: 0, Avg:  0.0, Max: 0, Diff: 0, Sum: 0, Workers: 6
[29.595s][debug  ][gc,phases      ] GC(108) Weak Processing 0.685ms
[29.595s][debug  ][gc,ergo        ] GC(108) AdaptiveSizeStart:  collection: 109 
[29.595s][debug  ][gc,ergo        ] GC(108) avg_survived_padded_avg: 31996190.000000
[29.595s][debug  ][gc,ergo        ] GC(108) avg_promoted_padded_avg: 284772064.000000  avg_pretenured_padded_avg: 0.000000  tenuring_thresh: 1  target_size: 32505856
[29.595s][debug  ][gc,age         ] GC(108) Desired survivor size 32505856 bytes, new threshold 1 (max threshold 15)
[29.595s][debug  ][gc,ergo        ] GC(108) PSAdaptiveSizePolicy::compute_eden_space_size limits: desired_eden_size: 224912890 old_eden_size: 203423744 eden_limit: 203423744 cur_eden: 203423744 max_eden_size: 203423744 avg_young_live: 27340482
[29.595s][debug  ][gc,ergo        ] GC(108) PSAdaptiveSizePolicy::compute_eden_space_size: costs minor_time: 0.049706 major_cost: 0.044886 mutator_cost: 0.905407 throughput_goal: 0.990000
[29.595s][debug  ][gc,ergo        ] GC(108) Live_space: 957961600 free_space: 1269825536
[29.595s][debug  ][gc,ergo        ] GC(108) Old eden_size: 203423744 desired_eden_size: 203423744
[29.595s][debug  ][gc,ergo        ] GC(108) AdaptiveSizeStop: collection: 109 
[29.595s][info   ][gc,heap        ] GC(108) PSYoungGen: 229143K(230400K)->30720K(230400K) Eden: 198422K(198656K)->0K(198656K) From: 30720K(31744K)->30720K(31744K)
[29.595s][info   ][gc,heap        ] GC(108) ParOldGen: 1312356K(2192384K)->1506917K(2192384K)
[29.595s][info   ][gc,metaspace   ] GC(108) Metaspace: 1024K(1216K)->1024K(1216K) NonClass: 940K(1024K)->940K(1024K) Class: 83K(192K)->83K(192K)
[29.595s][info   ][gc             ] GC(108) Pause Young (Allocation Failure) 1505M->1501M(2366M) 17.213ms
[29.595s][info   ][gc,cpu         ] GC(108) User=0.16s Sys=0.00s Real=0.02s
[29.595s][debug  ][gc,heap        ] GC(108) Heap after GC invocations=109 (full 18):
[29.595s][debug  ][gc,heap        ] GC(108)  PSYoungGen      total 230400K, used 30720K [0x00000007f0000000, 0x0000000800000000, 0x0000000800000000)
[29.595s][debug  ][gc,heap        ] GC(108)   eden space 198656K, 0% used [0x00000007f0000000,0x00000007f0000000,0x00000007fc200000)
[29.595s][debug  ][gc,heap        ] GC(108)   from space 31744K, 96% used [0x00000007fc200000,0x00000007fe000030,0x00000007fe100000)
[29.595s][debug  ][gc,heap        ] GC(108)   to   space 31744K, 0% used [0x00000007fe100000,0x00000007fe100000,0x0000000800000000)
[29.595s][debug  ][gc,heap        ] GC(108)  ParOldGen       total 2192384K, used 1506917K [0x0000000700000000, 0x0000000785d00000, 0x00000007f0000000)
[29.595s][debug  ][gc,heap        ] GC(108)   object space 2192384K, 68% used [0x0000000700000000,0x000000075bf99528,0x0000000785d00000)
[29.595s][debug  ][gc,heap        ] GC(108)  Metaspace       used 1024K, committed 1216K, reserved 1056768K
[29.595s][debug  ][gc,heap        ] GC(108)   class space    used 83K, committed 192K, reserved 1048576K
[29.595s][debug  ][gc,task,time   ] GC(108) VM-Thread 295771754 295931892 295950386
[29.896s][debug  ][gc,heap        ] GC(109) Heap before GC invocations=110 (full 18):
[29.896s][debug  ][gc,heap        ] GC(109)  PSYoungGen      total 230400K, used 229154K [0x00000007f0000000, 0x0000000800000000, 0x0000000800000000)
[29.896s][debug  ][gc,heap        ] GC(109)   eden space 198656K, 99% used [0x00000007f0000000,0x00000007fc1c8a28,0x00000007fc200000)
[29.896s][debug  ][gc,heap        ] GC(109)   from space 31744K, 96% used [0x00000007fc200000,0x00000007fe000030,0x00000007fe100000)
[29.896s][debug  ][gc,heap        ] GC(109)   to   space 31744K, 0% used [0x00000007fe100000,0x00000007fe100000,0x0000000800000000)
[29.896s][debug  ][gc,heap        ] GC(109)  ParOldGen       total 2192384K, used 1506917K [0x0000000700000000, 0x0000000785d00000, 0x00000007f0000000)
[29.896s][debug  ][gc,heap        ] GC(109)   object space 2192384K, 68% used [0x0000000700000000,0x000000075bf99528,0x0000000785d00000)
[29.896s][debug  ][gc,heap        ] GC(109)  Metaspace       used 1024K, committed 1216K, reserved 1056768K
[29.896s][debug  ][gc,heap        ] GC(109)   class space    used 83K, committed 192K, reserved 1048576K
[29.896s][debug  ][gc,tlab        ] GC(109) TLAB totals: thrds: 1  refills: 1 max: 1 slow allocs: 18 max 18 waste: 27.4% gc: 3967224B max: 3967224B slow: 0B max: 0B
[29.896s][info   ][gc,start       ] GC(109) Pause Young (Allocation Failure)
[29.896s][debug  ][gc,phases,start] GC(109) Scavenge
[29.912s][debug  ][gc,phases      ] GC(109) Scavenge 15.825ms
[29.912s][debug  ][gc,phases,start] GC(109) Reference Processing
[29.912s][debug  ][gc,ref         ] GC(109) Skipped phase 1 of Reference Processing: no references
[29.912s][debug  ][gc,ref         ] GC(109) Skipped phase 2 of Reference Processing: no references
[29.912s][debug  ][gc,ref         ] GC(109) Skipped phase 3 of Reference Processing: no references
[29.912s][debug  ][gc,ref         ] GC(109) Skipped phase 4 of Reference Processing: no references
[29.912s][debug  ][gc,phases,ref  ] GC(109) Reference Processing: 0.1ms
[29.912s][debug  ][gc,phases,ref  ] GC(109)   Reconsider SoftReferences: 0.0ms
[29.912s][debug  ][gc,phases,ref  ] GC(109)     SoftRef (ms):                  skipped
[29.912s][debug  ][gc,phases,ref  ] GC(109)   Notify Soft/WeakReferences: 0.0ms
[29.912s][debug  ][gc,phases,ref  ] GC(109)     SoftRef (ms):                  skipped
[29.912s][debug  ][gc,phases,ref  ] GC(109)     WeakRef (ms):                  skipped
[29.912s][debug  ][gc,phases,ref  ] GC(109)     FinalRef (ms):                 skipped
[29.912s][debug  ][gc,phases,ref  ] GC(109)     Total (ms):                    skipped
[29.912s][debug  ][gc,phases,ref  ] GC(109)   Notify and keep alive finalizable: 0.0ms
[29.912s][debug  ][gc,phases,ref  ] GC(109)     FinalRef (ms):                 skipped
[29.912s][debug  ][gc,phases,ref  ] GC(109)   Notify PhantomReferences: 0.0ms
[29.912s][debug  ][gc,phases,ref  ] GC(109)     PhantomRef (ms):               skipped
[29.912s][debug  ][gc,phases,ref  ] GC(109)   SoftReference:
[29.912s][debug  ][gc,phases,ref  ] GC(109)     Discovered: 0
[29.912s][debug  ][gc,phases,ref  ] GC(109)     Cleared: 0
[29.913s][debug  ][gc,phases,ref  ] GC(109)   WeakReference:
[29.913s][debug  ][gc,phases,ref  ] GC(109)     Discovered: 0
[29.913s][debug  ][gc,phases,ref  ] GC(109)     Cleared: 0
[29.913s][debug  ][gc,phases,ref  ] GC(109)   FinalReference:
[29.913s][debug  ][gc,phases,ref  ] GC(109)     Discovered: 0
[29.913s][debug  ][gc,phases,ref  ] GC(109)     Cleared: 0
[29.913s][debug  ][gc,phases,ref  ] GC(109)   PhantomReference:
[29.913s][debug  ][gc,phases,ref  ] GC(109)     Discovered: 0
[29.913s][debug  ][gc,phases,ref  ] GC(109)     Cleared: 0
[29.913s][debug  ][gc,phases      ] GC(109) Reference Processing 0.637ms
[29.913s][debug  ][gc,phases,start] GC(109) Weak Processing
[29.913s][debug  ][gc,phases      ] GC(109)   VM Weak                        Min:  0.0, Avg:  0.0, Max:  0.0, Diff:  0.0, Sum:  0.0, Workers: 6
[29.913s][debug  ][gc,phases      ] GC(109)     Dead                           Min: 0, Avg:  0.0, Max: 0, Diff: 0, Sum: 0, Workers: 6
[29.913s][debug  ][gc,phases      ] GC(109)     Total                          Min: 0, Avg:  1.3, Max: 8, Diff: 8, Sum: 8, Workers: 6
[29.913s][debug  ][gc,phases      ] GC(109)   ObjectSynchronizer Weak        Min:  0.0, Avg:  0.0, Max:  0.0, Diff:  0.0, Sum:  0.0, Workers: 6
[29.913s][debug  ][gc,phases      ] GC(109)     Dead                           Min: 0, Avg:  0.0, Max: 0, Diff: 0, Sum: 0, Workers: 6
[29.913s][debug  ][gc,phases      ] GC(109)     Total                          Min: 0, Avg:  0.5, Max: 3, Diff: 3, Sum: 3, Workers: 6
[29.913s][debug  ][gc,phases      ] GC(109)   JVMTI Tag Weak OopStorage      Min:  0.0, Avg:  0.0, Max:  0.0, Diff:  0.0, Sum:  0.0, Workers: 6
[29.913s][debug  ][gc,phases      ] GC(109)     Dead                           Min: 0, Avg:  0.0, Max: 0, Diff: 0, Sum: 0, Workers: 6
[29.913s][debug  ][gc,phases      ] GC(109)     Total                          Min: 0, Avg:  0.0, Max: 0, Diff: 0, Sum: 0, Workers: 6
[29.913s][debug  ][gc,phases      ] GC(109)   StringTable Weak               Min:  0.0, Avg:  0.0, Max:  0.0, Diff:  0.0, Sum:  0.0, Workers: 6
[29.913s][debug  ][gc,phases      ] GC(109)     Dead                           Min: 0, Avg:  0.0, Max: 0, Diff: 0, Sum: 0, Workers: 6
[29.913s][debug  ][gc,phases      ] GC(109)     Total                          Min: 448, Avg: 892.5, Max: 1344, Diff: 896, Sum: 5355, Workers: 6
[29.913s][debug  ][gc,phases      ] GC(109)   ResolvedMethodTable Weak       Min:  0.0, Avg:  0.0, Max:  0.0, Diff:  0.0, Sum:  0.0, Workers: 6
[29.913s][debug  ][gc,phases      ] GC(109)     Dead                           Min: 0, Avg:  0.0, Max: 0, Diff: 0, Sum: 0, Workers: 6
[29.913s][debug  ][gc,phases      ] GC(109)     Total                          Min: 0, Avg: 21.7, Max: 64, Diff: 64, Sum: 130, Workers: 6
[29.913s][debug  ][gc,phases      ] GC(109)   JNI Weak                       Min:  0.0, Avg:  0.0, Max:  0.0, Diff:  0.0, Sum:  0.0, Workers: 6
[29.913s][debug  ][gc,phases      ] GC(109)     Dead                           Min: 0, Avg:  0.0, Max: 0, Diff: 0, Sum: 0, Workers: 6
[29.913s][debug  ][gc,phases      ] GC(109)     Total                          Min: 0, Avg:  0.0, Max: 0, Diff: 0, Sum: 0, Workers: 6
[29.913s][debug  ][gc,phases      ] GC(109)   StringDedup Table Weak         Min:  0.0, Avg:  0.0, Max:  0.0, Diff:  0.0, Sum:  0.0, Workers: 6
[29.913s][debug  ][gc,phases      ] GC(109)     Dead                           Min: 0, Avg:  0.0, Max: 0, Diff: 0, Sum: 0, Workers: 6
[29.913s][debug  ][gc,phases      ] GC(109)     Total                          Min: 0, Avg:  0.0, Max: 0, Diff: 0, Sum: 0, Workers: 6
[29.913s][debug  ][gc,phases      ] GC(109)   StringDedup Requests0 Weak     Min:  0.0, Avg:  0.0, Max:  0.0, Diff:  0.0, Sum:  0.0, Workers: 6
[29.913s][debug  ][gc,phases      ] GC(109)     Dead                           Min: 0, Avg:  0.0, Max: 0, Diff: 0, Sum: 0, Workers: 6
[29.913s][debug  ][gc,phases      ] GC(109)     Total                          Min: 0, Avg:  0.0, Max: 0, Diff: 0, Sum: 0, Workers: 6
[29.913s][debug  ][gc,phases      ] GC(109)   StringDedup Requests1 Weak     Min:  0.0, Avg:  0.0, Max:  0.0, Diff:  0.0, Sum:  0.0, Workers: 6
[29.913s][debug  ][gc,phases      ] GC(109)     Dead                           Min: 0, Avg:  0.0, Max: 0, Diff: 0, Sum: 0, Workers: 6
[29.913s][debug  ][gc,phases      ] GC(109)     Total                          Min: 0, Avg:  0.0, Max: 0, Diff: 0, Sum: 0, Workers: 6
[29.913s][debug  ][gc,phases      ] GC(109)   Weak JFR Old Object Samples    Min:  0.0, Avg:  0.0, Max:  0.0, Diff:  0.0, Sum:  0.0, Workers: 6
[29.913s][debug  ][gc,phases      ] GC(109)     Dead                           Min: 0, Avg:  0.0, Max: 0, Diff: 0, Sum: 0, Workers: 6
[29.913s][debug  ][gc,phases      ] GC(109)     Total                          Min: 0, Avg:  0.0, Max: 0, Diff: 0, Sum: 0, Workers: 6
[29.913s][debug  ][gc,phases      ] GC(109) Weak Processing 0.734ms
[29.913s][debug  ][gc,ergo        ] GC(109) AdaptiveSizeStart:  collection: 110 
[29.913s][debug  ][gc,ergo        ] GC(109) avg_survived_padded_avg: 31952424.000000
[29.914s][debug  ][gc,ergo        ] GC(109) avg_promoted_padded_avg: 284492448.000000  avg_pretenured_padded_avg: 0.000000  tenuring_thresh: 1  target_size: 31981568
[29.914s][debug  ][gc,age         ] GC(109) Desired survivor size 31981568 bytes, new threshold 1 (max threshold 15)
[29.914s][debug  ][gc,ergo        ] GC(109) PSAdaptiveSizePolicy::compute_eden_space_size limits: desired_eden_size: 225144398 old_eden_size: 203423744 eden_limit: 203423744 cur_eden: 203423744 max_eden_size: 203423744 avg_young_live: 27752166
[29.914s][debug  ][gc,ergo        ] GC(109) PSAdaptiveSizePolicy::compute_eden_space_size: costs minor_time: 0.050849 major_cost: 0.044886 mutator_cost: 0.904265 throughput_goal: 0.990000
[29.914s][debug  ][gc,ergo        ] GC(109) Live_space: 958373248 free_space: 1269825536
[29.914s][debug  ][gc,ergo        ] GC(109) Old eden_size: 203423744 desired_eden_size: 203423744
[29.914s][debug  ][gc,ergo        ] GC(109) AdaptiveSizeStop: collection: 110 
[29.914s][info   ][gc,heap        ] GC(109) PSYoungGen: 229154K(230400K)->30720K(230912K) Eden: 198434K(198656K)->0K(199168K) From: 30720K(31744K)->30720K(31744K)
[29.914s][info   ][gc,heap        ] GC(109) ParOldGen: 1506917K(2192384K)->1701477K(2192384K)
[29.914s][info   ][gc,metaspace   ] GC(109) Metaspace: 1024K(1216K)->1024K(1216K) NonClass: 940K(1024K)->940K(1024K) Class: 83K(192K)->83K(192K)
[29.914s][info   ][gc             ] GC(109) Pause Young (Allocation Failure) 1695M->1691M(2366M) 17.628ms
[29.914s][info   ][gc,cpu         ] GC(109) User=0.22s Sys=0.02s Real=0.02s
[29.914s][debug  ][gc,heap        ] GC(109) Heap after GC invocations=110 (full 18):
[29.914s][debug  ][gc,heap        ] GC(109)  PSYoungGen      total 230912K, used 30720K [0x00000007f0000000, 0x0000000800000000, 0x0000000800000000)
[29.914s][debug  ][gc,heap        ] GC(109)   eden space 199168K, 0% used [0x00000007f0000000,0x00000007f0000000,0x00000007fc280000)
[29.914s][debug  ][gc,heap        ] GC(109)   from space 31744K, 96% used [0x00000007fe100000,0x00000007fff00030,0x0000000800000000)
[29.914s][debug  ][gc,heap        ] GC(109)   to   space 31232K, 0% used [0x00000007fc280000,0x00000007fc280000,0x00000007fe100000)
[29.914s][debug  ][gc,heap        ] GC(109)  ParOldGen       total 2192384K, used 1701477K [0x0000000700000000, 0x0000000785d00000, 0x00000007f0000000)
[29.914s][debug  ][gc,heap        ] GC(109)   object space 2192384K, 77% used [0x0000000700000000,0x0000000767d99658,0x0000000785d00000)
[29.914s][debug  ][gc,heap        ] GC(109)  Metaspace       used 1024K, committed 1216K, reserved 1056768K
[29.914s][debug  ][gc,heap        ] GC(109)   class space    used 83K, committed 192K, reserved 1048576K
[29.914s][debug  ][gc,task,time   ] GC(109) VM-Thread 298956569 299120601 299139828
[30.213s][debug  ][gc,heap        ] GC(110) Heap before GC invocations=111 (full 18):
[30.213s][debug  ][gc,heap        ] GC(110)  PSYoungGen      total 230912K, used 229172K [0x00000007f0000000, 0x0000000800000000, 0x0000000800000000)
[30.213s][debug  ][gc,heap        ] GC(110)   eden space 199168K, 99% used [0x00000007f0000000,0x00000007fc1cd000,0x00000007fc280000)
[30.213s][debug  ][gc,heap        ] GC(110)   from space 31744K, 96% used [0x00000007fe100000,0x00000007fff00030,0x0000000800000000)
[30.213s][debug  ][gc,heap        ] GC(110)   to   space 31232K, 0% used [0x00000007fc280000,0x00000007fc280000,0x00000007fe100000)
[30.213s][debug  ][gc,heap        ] GC(110)  ParOldGen       total 2192384K, used 1701477K [0x0000000700000000, 0x0000000785d00000, 0x00000007f0000000)
[30.213s][debug  ][gc,heap        ] GC(110)   object space 2192384K, 77% used [0x0000000700000000,0x0000000767d99658,0x0000000785d00000)
[30.213s][debug  ][gc,heap        ] GC(110)  Metaspace       used 1024K, committed 1216K, reserved 1056768K
[30.213s][debug  ][gc,heap        ] GC(110)   class space    used 83K, committed 192K, reserved 1048576K
[30.213s][debug  ][gc,tlab        ] GC(110) TLAB totals: thrds: 1  refills: 1 max: 1 slow allocs: 18 max 18 waste: 27.5% gc: 3984040B max: 3984040B slow: 0B max: 0B
[30.213s][info   ][gc,start       ] GC(110) Pause Young (Allocation Failure)
[30.213s][debug  ][gc,phases,start] GC(110) Scavenge
[30.221s][debug  ][gc,phases      ] GC(110) Scavenge 7.726ms
[30.221s][debug  ][gc,phases,start] GC(110) Reference Processing
[30.221s][debug  ][gc,ref         ] GC(110) Skipped phase 1 of Reference Processing: no references
[30.221s][debug  ][gc,ref         ] GC(110) Skipped phase 2 of Reference Processing: no references
[30.221s][debug  ][gc,ref         ] GC(110) Skipped phase 3 of Reference Processing: no references
[30.221s][debug  ][gc,ref         ] GC(110) Skipped phase 4 of Reference Processing: no references
[30.221s][debug  ][gc,phases,ref  ] GC(110) Reference Processing: 0.1ms
[30.221s][debug  ][gc,phases,ref  ] GC(110)   Reconsider SoftReferences: 0.0ms
[30.221s][debug  ][gc,phases,ref  ] GC(110)     SoftRef (ms):                  skipped
[30.221s][debug  ][gc,phases,ref  ] GC(110)   Notify Soft/WeakReferences: 0.0ms
[30.221s][debug  ][gc,phases,ref  ] GC(110)     SoftRef (ms):                  skipped
[30.221s][debug  ][gc,phases,ref  ] GC(110)     WeakRef (ms):                  skipped
[30.221s][debug  ][gc,phases,ref  ] GC(110)     FinalRef (ms):                 skipped
[30.221s][debug  ][gc,phases,ref  ] GC(110)     Total (ms):                    skipped
[30.221s][debug  ][gc,phases,ref  ] GC(110)   Notify and keep alive finalizable: 0.0ms
[30.221s][debug  ][gc,phases,ref  ] GC(110)     FinalRef (ms):                 skipped
[30.221s][debug  ][gc,phases,ref  ] GC(110)   Notify PhantomReferences: 0.0ms
[30.221s][debug  ][gc,phases,ref  ] GC(110)     PhantomRef (ms):               skipped
[30.221s][debug  ][gc,phases,ref  ] GC(110)   SoftReference:
[30.221s][debug  ][gc,phases,ref  ] GC(110)     Discovered: 0
[30.221s][debug  ][gc,phases,ref  ] GC(110)     Cleared: 0
[30.221s][debug  ][gc,phases,ref  ] GC(110)   WeakReference:
[30.221s][debug  ][gc,phases,ref  ] GC(110)     Discovered: 0
[30.221s][debug  ][gc,phases,ref  ] GC(110)     Cleared: 0
[30.222s][debug  ][gc,phases,ref  ] GC(110)   FinalReference:
[30.222s][debug  ][gc,phases,ref  ] GC(110)     Discovered: 0
[30.222s][debug  ][gc,phases,ref  ] GC(110)     Cleared: 0
[30.222s][debug  ][gc,phases,ref  ] GC(110)   PhantomReference:
[30.222s][debug  ][gc,phases,ref  ] GC(110)     Discovered: 0
[30.222s][debug  ][gc,phases,ref  ] GC(110)     Cleared: 0
[30.222s][debug  ][gc,phases      ] GC(110) Reference Processing 0.841ms
[30.222s][debug  ][gc,phases,start] GC(110) Weak Processing
[30.222s][debug  ][gc,phases      ] GC(110)   VM Weak                        Min:  0.0, Avg:  0.0, Max:  0.0, Diff:  0.0, Sum:  0.0, Workers: 6
[30.222s][debug  ][gc,phases      ] GC(110)     Dead                           Min: 0, Avg:  0.0, Max: 0, Diff: 0, Sum: 0, Workers: 6
[30.222s][debug  ][gc,phases      ] GC(110)     Total                          Min: 0, Avg:  1.3, Max: 8, Diff: 8, Sum: 8, Workers: 6
[30.222s][debug  ][gc,phases      ] GC(110)   ObjectSynchronizer Weak        Min:  0.0, Avg:  0.0, Max:  0.0, Diff:  0.0, Sum:  0.0, Workers: 6
[30.222s][debug  ][gc,phases      ] GC(110)     Dead                           Min: 0, Avg:  0.0, Max: 0, Diff: 0, Sum: 0, Workers: 6
[30.222s][debug  ][gc,phases      ] GC(110)     Total                          Min: 0, Avg:  0.5, Max: 3, Diff: 3, Sum: 3, Workers: 6
[30.222s][debug  ][gc,phases      ] GC(110)   JVMTI Tag Weak OopStorage      Min:  0.0, Avg:  0.0, Max:  0.0, Diff:  0.0, Sum:  0.0, Workers: 6
[30.222s][debug  ][gc,phases      ] GC(110)     Dead                           Min: 0, Avg:  0.0, Max: 0, Diff: 0, Sum: 0, Workers: 6
[30.222s][debug  ][gc,phases      ] GC(110)     Total                          Min: 0, Avg:  0.0, Max: 0, Diff: 0, Sum: 0, Workers: 6
[30.222s][debug  ][gc,phases      ] GC(110)   StringTable Weak               Min:  0.0, Avg:  0.0, Max:  0.0, Diff:  0.0, Sum:  0.0, Workers: 6
[30.222s][debug  ][gc,phases      ] GC(110)     Dead                           Min: 0, Avg:  0.0, Max: 0, Diff: 0, Sum: 0, Workers: 6
[30.222s][debug  ][gc,phases      ] GC(110)     Total                          Min: 704, Avg: 892.5, Max: 1088, Diff: 384, Sum: 5355, Workers: 6
[30.222s][debug  ][gc,phases      ] GC(110)   ResolvedMethodTable Weak       Min:  0.0, Avg:  0.0, Max:  0.0, Diff:  0.0, Sum:  0.0, Workers: 6
[30.222s][debug  ][gc,phases      ] GC(110)     Dead                           Min: 0, Avg:  0.0, Max: 0, Diff: 0, Sum: 0, Workers: 6
[30.222s][debug  ][gc,phases      ] GC(110)     Total                          Min: 0, Avg: 21.7, Max: 64, Diff: 64, Sum: 130, Workers: 6
[30.222s][debug  ][gc,phases      ] GC(110)   JNI Weak                       Min:  0.0, Avg:  0.0, Max:  0.0, Diff:  0.0, Sum:  0.0, Workers: 6
[30.222s][debug  ][gc,phases      ] GC(110)     Dead                           Min: 0, Avg:  0.0, Max: 0, Diff: 0, Sum: 0, Workers: 6
[30.222s][debug  ][gc,phases      ] GC(110)     Total                          Min: 0, Avg:  0.0, Max: 0, Diff: 0, Sum: 0, Workers: 6
[30.222s][debug  ][gc,phases      ] GC(110)   StringDedup Table Weak         Min:  0.0, Avg:  0.0, Max:  0.0, Diff:  0.0, Sum:  0.0, Workers: 6
[30.222s][debug  ][gc,phases      ] GC(110)     Dead                           Min: 0, Avg:  0.0, Max: 0, Diff: 0, Sum: 0, Workers: 6
[30.222s][debug  ][gc,phases      ] GC(110)     Total                          Min: 0, Avg:  0.0, Max: 0, Diff: 0, Sum: 0, Workers: 6
[30.222s][debug  ][gc,phases      ] GC(110)   StringDedup Requests0 Weak     Min:  0.0, Avg:  0.0, Max:  0.0, Diff:  0.0, Sum:  0.0, Workers: 6
[30.222s][debug  ][gc,phases      ] GC(110)     Dead                           Min: 0, Avg:  0.0, Max: 0, Diff: 0, Sum: 0, Workers: 6
[30.222s][debug  ][gc,phases      ] GC(110)     Total                          Min: 0, Avg:  0.0, Max: 0, Diff: 0, Sum: 0, Workers: 6
[30.222s][debug  ][gc,phases      ] GC(110)   StringDedup Requests1 Weak     Min:  0.0, Avg:  0.0, Max:  0.0, Diff:  0.0, Sum:  0.0, Workers: 6
[30.222s][debug  ][gc,phases      ] GC(110)     Dead                           Min: 0, Avg:  0.0, Max: 0, Diff: 0, Sum: 0, Workers: 6
[30.223s][debug  ][gc,phases      ] GC(110)     Total                          Min: 0, Avg:  0.0, Max: 0, Diff: 0, Sum: 0, Workers: 6
[30.223s][debug  ][gc,phases      ] GC(110)   Weak JFR Old Object Samples    Min:  0.0, Avg:  0.0, Max:  0.0, Diff:  0.0, Sum:  0.0, Workers: 6
[30.223s][debug  ][gc,phases      ] GC(110)     Dead                           Min: 0, Avg:  0.0, Max: 0, Diff: 0, Sum: 0, Workers: 6
[30.223s][debug  ][gc,phases      ] GC(110)     Total                          Min: 0, Avg:  0.0, Max: 0, Diff: 0, Sum: 0, Workers: 6
[30.223s][debug  ][gc,phases      ] GC(110) Weak Processing 0.907ms
[30.223s][debug  ][gc,ergo        ] GC(110) AdaptiveSizeStart:  collection: 111 
[30.223s][debug  ][gc,ergo        ] GC(110) avg_survived_padded_avg: 35458968.000000
[30.223s][debug  ][gc,ergo        ] GC(110) avg_promoted_padded_avg: 267327680.000000  avg_pretenured_padded_avg: 0.000000  tenuring_thresh: 1  target_size: 35651584
[30.223s][debug  ][gc,age         ] GC(110) Desired survivor size 35651584 bytes, new threshold 1 (max threshold 15)
[30.223s][debug  ][gc,ergo        ] GC(110) PSAdaptiveSizePolicy::compute_eden_space_size limits: desired_eden_size: 224622996 old_eden_size: 203423744 eden_limit: 203948032 cur_eden: 203948032 max_eden_size: 203948032 avg_young_live: 26025528
[30.223s][debug  ][gc,ergo        ] GC(110) PSAdaptiveSizePolicy::compute_eden_space_size: costs minor_time: 0.045897 major_cost: 0.044886 mutator_cost: 0.909216 throughput_goal: 0.990000
[30.223s][debug  ][gc,ergo        ] GC(110) Live_space: 956646656 free_space: 1269825536
[30.223s][debug  ][gc,ergo        ] GC(110) Old eden_size: 203423744 desired_eden_size: 203948032
[30.223s][debug  ][gc,ergo        ] GC(110) AdaptiveSizeStop: collection: 111 
[30.223s][info   ][gc,heap        ] GC(110) PSYoungGen: 229172K(230912K)->10240K(209920K) Eden: 198452K(199168K)->0K(199168K) From: 30720K(31744K)->10240K(10752K)
[30.223s][info   ][gc,heap        ] GC(110) ParOldGen: 1701477K(2192384K)->1701477K(2192384K)
[30.223s][info   ][gc,metaspace   ] GC(110) Metaspace: 1024K(1216K)->1024K(1216K) NonClass: 941K(1024K)->941K(1024K) Class: 83K(192K)->83K(192K)
[30.223s][info   ][gc             ] GC(110) Pause Young (Allocation Failure) 1885M->1671M(2346M) 9.986ms
[30.223s][info   ][gc,cpu         ] GC(110) User=0.00s Sys=0.00s Real=0.01s
[30.223s][debug  ][gc,heap        ] GC(110) Heap after GC invocations=111 (full 18):
[30.223s][debug  ][gc,heap        ] GC(110)  PSYoungGen      total 209920K, used 10240K [0x00000007f0000000, 0x0000000800000000, 0x0000000800000000)
[30.223s][debug  ][gc,heap        ] GC(110)   eden space 199168K, 0% used [0x00000007f0000000,0x00000007f0000000,0x00000007fc280000)
[30.223s][debug  ][gc,heap        ] GC(110)   from space 10752K, 95% used [0x00000007fc280000,0x00000007fcc80010,0x00000007fcd00000)
[30.223s][debug  ][gc,heap        ] GC(110)   to   space 34816K, 0% used [0x00000007fde00000,0x00000007fde00000,0x0000000800000000)
[30.223s][debug  ][gc,heap        ] GC(110)  ParOldGen       total 2192384K, used 1701477K [0x0000000700000000, 0x0000000785d00000, 0x00000007f0000000)
[30.223s][debug  ][gc,heap        ] GC(110)   object space 2192384K, 77% used [0x0000000700000000,0x0000000767d99658,0x0000000785d00000)
[30.223s][debug  ][gc,heap        ] GC(110)  Metaspace       used 1024K, committed 1216K, reserved 1056768K
[30.223s][debug  ][gc,heap        ] GC(110)   class space    used 83K, committed 192K, reserved 1048576K
[30.223s][debug  ][gc,task,time   ] GC(110) VM-Thread 302126360 302208509 302233207
[30.530s][debug  ][gc,heap        ] GC(111) Heap before GC invocations=112 (full 18):
[30.530s][debug  ][gc,heap        ] GC(111)  PSYoungGen      total 209920K, used 208696K [0x00000007f0000000, 0x0000000800000000, 0x0000000800000000)
[30.530s][debug  ][gc,heap        ] GC(111)   eden space 199168K, 99% used [0x00000007f0000000,0x00000007fc1ce2f8,0x00000007fc280000)
[30.530s][debug  ][gc,heap        ] GC(111)   from space 10752K, 95% used [0x00000007fc280000,0x00000007fcc80010,0x00000007fcd00000)
[30.530s][debug  ][gc,heap        ] GC(111)   to   space 34816K, 0% used [0x00000007fde00000,0x00000007fde00000,0x0000000800000000)
[30.530s][debug  ][gc,heap        ] GC(111)  ParOldGen       total 2192384K, used 1701477K [0x0000000700000000, 0x0000000785d00000, 0x00000007f0000000)
[30.531s][debug  ][gc,heap        ] GC(111)   object space 2192384K, 77% used [0x0000000700000000,0x0000000767d99658,0x0000000785d00000)
[30.531s][debug  ][gc,heap        ] GC(111)  Metaspace       used 1024K, committed 1216K, reserved 1056768K
[30.531s][debug  ][gc,heap        ] GC(111)   class space    used 83K, committed 192K, reserved 1048576K
[30.531s][debug  ][gc,tlab        ] GC(111) TLAB totals: thrds: 1  refills: 1 max: 1 slow allocs: 18 max 18 waste: 27.6% gc: 3989960B max: 3989960B slow: 0B max: 0B
[30.531s][info   ][gc,start       ] GC(111) Pause Young (Allocation Failure)
[30.531s][debug  ][gc,phases,start] GC(111) Scavenge
[30.546s][debug  ][gc,phases      ] GC(111) Scavenge 15.224ms
[30.546s][debug  ][gc,phases,start] GC(111) Reference Processing
[30.546s][debug  ][gc,ref         ] GC(111) Skipped phase 1 of Reference Processing: no references
[30.546s][debug  ][gc,ref         ] GC(111) Skipped phase 2 of Reference Processing: no references
[30.546s][debug  ][gc,ref         ] GC(111) Skipped phase 3 of Reference Processing: no references
[30.546s][debug  ][gc,ref         ] GC(111) Skipped phase 4 of Reference Processing: no references
[30.546s][debug  ][gc,phases,ref  ] GC(111) Reference Processing: 0.1ms
[30.546s][debug  ][gc,phases,ref  ] GC(111)   Reconsider SoftReferences: 0.0ms
[30.546s][debug  ][gc,phases,ref  ] GC(111)     SoftRef (ms):                  skipped
[30.546s][debug  ][gc,phases,ref  ] GC(111)   Notify Soft/WeakReferences: 0.0ms
[30.546s][debug  ][gc,phases,ref  ] GC(111)     SoftRef (ms):                  skipped
[30.546s][debug  ][gc,phases,ref  ] GC(111)     WeakRef (ms):                  skipped
[30.546s][debug  ][gc,phases,ref  ] GC(111)     FinalRef (ms):                 skipped
[30.546s][debug  ][gc,phases,ref  ] GC(111)     Total (ms):                    skipped
[30.546s][debug  ][gc,phases,ref  ] GC(111)   Notify and keep alive finalizable: 0.0ms
[30.546s][debug  ][gc,phases,ref  ] GC(111)     FinalRef (ms):                 skipped
[30.546s][debug  ][gc,phases,ref  ] GC(111)   Notify PhantomReferences: 0.0ms
[30.546s][debug  ][gc,phases,ref  ] GC(111)     PhantomRef (ms):               skipped
[30.546s][debug  ][gc,phases,ref  ] GC(111)   SoftReference:
[30.546s][debug  ][gc,phases,ref  ] GC(111)     Discovered: 0
[30.546s][debug  ][gc,phases,ref  ] GC(111)     Cleared: 0
[30.546s][debug  ][gc,phases,ref  ] GC(111)   WeakReference:
[30.546s][debug  ][gc,phases,ref  ] GC(111)     Discovered: 0
[30.546s][debug  ][gc,phases,ref  ] GC(111)     Cleared: 0
[30.546s][debug  ][gc,phases,ref  ] GC(111)   FinalReference:
[30.547s][debug  ][gc,phases,ref  ] GC(111)     Discovered: 0
[30.547s][debug  ][gc,phases,ref  ] GC(111)     Cleared: 0
[30.547s][debug  ][gc,phases,ref  ] GC(111)   PhantomReference:
[30.547s][debug  ][gc,phases,ref  ] GC(111)     Discovered: 0
[30.547s][debug  ][gc,phases,ref  ] GC(111)     Cleared: 0
[30.547s][debug  ][gc,phases      ] GC(111) Reference Processing 0.633ms
[30.547s][debug  ][gc,phases,start] GC(111) Weak Processing
[30.547s][debug  ][gc,phases      ] GC(111)   VM Weak                        Min:  0.0, Avg:  0.0, Max:  0.0, Diff:  0.0, Sum:  0.0, Workers: 6
[30.547s][debug  ][gc,phases      ] GC(111)     Dead                           Min: 0, Avg:  0.0, Max: 0, Diff: 0, Sum: 0, Workers: 6
[30.547s][debug  ][gc,phases      ] GC(111)     Total                          Min: 0, Avg:  1.3, Max: 8, Diff: 8, Sum: 8, Workers: 6
[30.547s][debug  ][gc,phases      ] GC(111)   ObjectSynchronizer Weak        Min:  0.0, Avg:  0.0, Max:  0.0, Diff:  0.0, Sum:  0.0, Workers: 6
[30.547s][debug  ][gc,phases      ] GC(111)     Dead                           Min: 0, Avg:  0.0, Max: 0, Diff: 0, Sum: 0, Workers: 6
[30.547s][debug  ][gc,phases      ] GC(111)     Total                          Min: 0, Avg:  0.5, Max: 3, Diff: 3, Sum: 3, Workers: 6
[30.547s][debug  ][gc,phases      ] GC(111)   JVMTI Tag Weak OopStorage      Min:  0.0, Avg:  0.0, Max:  0.0, Diff:  0.0, Sum:  0.0, Workers: 6
[30.547s][debug  ][gc,phases      ] GC(111)     Dead                           Min: 0, Avg:  0.0, Max: 0, Diff: 0, Sum: 0, Workers: 6
[30.547s][debug  ][gc,phases      ] GC(111)     Total                          Min: 0, Avg:  0.0, Max: 0, Diff: 0, Sum: 0, Workers: 6
[30.547s][debug  ][gc,phases      ] GC(111)   StringTable Weak               Min:  0.0, Avg:  0.0, Max:  0.0, Diff:  0.0, Sum:  0.0, Workers: 6
[30.547s][debug  ][gc,phases      ] GC(111)     Dead                           Min: 0, Avg:  0.0, Max: 0, Diff: 0, Sum: 0, Workers: 6
[30.547s][debug  ][gc,phases      ] GC(111)     Total                          Min: 703, Avg: 892.5, Max: 1132, Diff: 429, Sum: 5355, Workers: 6
[30.547s][debug  ][gc,phases      ] GC(111)   ResolvedMethodTable Weak       Min:  0.0, Avg:  0.0, Max:  0.0, Diff:  0.0, Sum:  0.0, Workers: 6
[30.547s][debug  ][gc,phases      ] GC(111)     Dead                           Min: 0, Avg:  0.0, Max: 0, Diff: 0, Sum: 0, Workers: 6
[30.547s][debug  ][gc,phases      ] GC(111)     Total                          Min: 0, Avg: 21.7, Max: 64, Diff: 64, Sum: 130, Workers: 6
[30.547s][debug  ][gc,phases      ] GC(111)   JNI Weak                       Min:  0.0, Avg:  0.0, Max:  0.0, Diff:  0.0, Sum:  0.0, Workers: 6
[30.547s][debug  ][gc,phases      ] GC(111)     Dead                           Min: 0, Avg:  0.0, Max: 0, Diff: 0, Sum: 0, Workers: 6
[30.547s][debug  ][gc,phases      ] GC(111)     Total                          Min: 0, Avg:  0.0, Max: 0, Diff: 0, Sum: 0, Workers: 6
[30.547s][debug  ][gc,phases      ] GC(111)   StringDedup Table Weak         Min:  0.0, Avg:  0.0, Max:  0.0, Diff:  0.0, Sum:  0.0, Workers: 6
[30.547s][debug  ][gc,phases      ] GC(111)     Dead                           Min: 0, Avg:  0.0, Max: 0, Diff: 0, Sum: 0, Workers: 6
[30.547s][debug  ][gc,phases      ] GC(111)     Total                          Min: 0, Avg:  0.0, Max: 0, Diff: 0, Sum: 0, Workers: 6
[30.547s][debug  ][gc,phases      ] GC(111)   StringDedup Requests0 Weak     Min:  0.0, Avg:  0.0, Max:  0.0, Diff:  0.0, Sum:  0.0, Workers: 6
[30.547s][debug  ][gc,phases      ] GC(111)     Dead                           Min: 0, Avg:  0.0, Max: 0, Diff: 0, Sum: 0, Workers: 6
[30.547s][debug  ][gc,phases      ] GC(111)     Total                          Min: 0, Avg:  0.0, Max: 0, Diff: 0, Sum: 0, Workers: 6
[30.547s][debug  ][gc,phases      ] GC(111)   StringDedup Requests1 Weak     Min:  0.0, Avg:  0.0, Max:  0.0, Diff:  0.0, Sum:  0.0, Workers: 6
[30.547s][debug  ][gc,phases      ] GC(111)     Dead                           Min: 0, Avg:  0.0, Max: 0, Diff: 0, Sum: 0, Workers: 6
[30.547s][debug  ][gc,phases      ] GC(111)     Total                          Min: 0, Avg:  0.0, Max: 0, Diff: 0, Sum: 0, Workers: 6
[30.547s][debug  ][gc,phases      ] GC(111)   Weak JFR Old Object Samples    Min:  0.0, Avg:  0.0, Max:  0.0, Diff:  0.0, Sum:  0.0, Workers: 6
[30.547s][debug  ][gc,phases      ] GC(111)     Dead                           Min: 0, Avg:  0.0, Max: 0, Diff: 0, Sum: 0, Workers: 6
[30.547s][debug  ][gc,phases      ] GC(111)     Total                          Min: 0, Avg:  0.0, Max: 0, Diff: 0, Sum: 0, Workers: 6
[30.547s][debug  ][gc,phases      ] GC(111) Weak Processing 0.772ms
[30.547s][debug  ][gc,ergo        ] GC(111) AdaptiveSizeStart:  collection: 112 
[30.547s][debug  ][gc,ergo        ] GC(111) avg_survived_padded_avg: 35633232.000000
[30.547s][debug  ][gc,ergo        ] GC(111) avg_promoted_padded_avg: 264840080.000000  avg_pretenured_padded_avg: 0.000000  tenuring_thresh: 1  target_size: 35651584
[30.547s][debug  ][gc,age         ] GC(111) Desired survivor size 35651584 bytes, new threshold 1 (max threshold 15)
[30.548s][debug  ][gc,ergo        ] GC(111) PSAdaptiveSizePolicy::compute_eden_space_size limits: desired_eden_size: 224933364 old_eden_size: 203948032 eden_limit: 221773824 cur_eden: 203948032 max_eden_size: 221773824 avg_young_live: 26568708
[30.548s][debug  ][gc,ergo        ] GC(111) PSAdaptiveSizePolicy::compute_eden_space_size: costs minor_time: 0.047313 major_cost: 0.044886 mutator_cost: 0.907801 throughput_goal: 0.990000
[30.548s][debug  ][gc,ergo        ] GC(111) Live_space: 957189824 free_space: 1270349824
[30.548s][debug  ][gc,ergo        ] GC(111) Old eden_size: 203948032 desired_eden_size: 221773824
[30.548s][debug  ][gc,ergo        ] GC(111) AdaptiveSizeStop: collection: 112 
[30.548s][info   ][gc,heap        ] GC(111) PSYoungGen: 208696K(209920K)->30720K(227328K) Eden: 198456K(199168K)->0K(192512K) From: 10240K(10752K)->30720K(34816K)
[30.548s][info   ][gc,heap        ] GC(111) ParOldGen: 1701477K(2192384K)->1875557K(2192384K)
[30.548s][info   ][gc,metaspace   ] GC(111) Metaspace: 1024K(1216K)->1024K(1216K) NonClass: 941K(1024K)->941K(1024K) Class: 83K(192K)->83K(192K)
[30.548s][info   ][gc             ] GC(111) Pause Young (Allocation Failure) 1865M->1861M(2363M) 17.114ms
[30.548s][info   ][gc,cpu         ] GC(111) User=0.12s Sys=0.02s Real=0.02s
[30.548s][debug  ][gc,heap        ] GC(111) Heap after GC invocations=112 (full 18):
[30.548s][debug  ][gc,heap        ] GC(111)  PSYoungGen      total 227328K, used 30720K [0x00000007f0000000, 0x0000000800000000, 0x0000000800000000)
[30.548s][debug  ][gc,heap        ] GC(111)   eden space 192512K, 0% used [0x00000007f0000000,0x00000007f0000000,0x00000007fbc00000)
[30.548s][debug  ][gc,heap        ] GC(111)   from space 34816K, 88% used [0x00000007fde00000,0x00000007ffc00030,0x0000000800000000)
[30.548s][debug  ][gc,heap        ] GC(111)   to   space 34816K, 0% used [0x00000007fbc00000,0x00000007fbc00000,0x00000007fde00000)
[30.548s][debug  ][gc,heap        ] GC(111)  ParOldGen       total 2192384K, used 1875557K [0x0000000700000000, 0x0000000785d00000, 0x00000007f0000000)
[30.548s][debug  ][gc,heap        ] GC(111)   object space 2192384K, 85% used [0x0000000700000000,0x0000000772799768,0x0000000785d00000)
[30.548s][debug  ][gc,heap        ] GC(111)  Metaspace       used 1024K, committed 1216K, reserved 1056768K
[30.548s][debug  ][gc,heap        ] GC(111)   class space    used 83K, committed 192K, reserved 1048576K
[30.548s][debug  ][gc,task,time   ] GC(111) VM-Thread 305302650 305459715 305480197
[30.831s][debug  ][gc,heap        ] GC(112) Heap before GC invocations=113 (full 18):
[30.831s][debug  ][gc,heap        ] GC(112)  PSYoungGen      total 227328K, used 218809K [0x00000007f0000000, 0x0000000800000000, 0x0000000800000000)
[30.831s][debug  ][gc,heap        ] GC(112)   eden space 192512K, 97% used [0x00000007f0000000,0x00000007fb7ae5d8,0x00000007fbc00000)
[30.831s][debug  ][gc,heap        ] GC(112)   from space 34816K, 88% used [0x00000007fde00000,0x00000007ffc00030,0x0000000800000000)
[30.831s][debug  ][gc,heap        ] GC(112)   to   space 34816K, 0% used [0x00000007fbc00000,0x00000007fbc00000,0x00000007fde00000)
[30.831s][debug  ][gc,heap        ] GC(112)  ParOldGen       total 2192384K, used 1875557K [0x0000000700000000, 0x0000000785d00000, 0x00000007f0000000)
[30.832s][debug  ][gc,heap        ] GC(112)   object space 2192384K, 85% used [0x0000000700000000,0x0000000772799768,0x0000000785d00000)
[30.832s][debug  ][gc,heap        ] GC(112)  Metaspace       used 1024K, committed 1216K, reserved 1056768K
[30.832s][debug  ][gc,heap        ] GC(112)   class space    used 83K, committed 192K, reserved 1048576K
[30.832s][debug  ][gc,tlab        ] GC(112) TLAB totals: thrds: 1  refills: 1 max: 1 slow allocs: 17 max 17 waste: 26.9% gc: 3859640B max: 3859640B slow: 0B max: 0B
[30.832s][info   ][gc,start       ] GC(112) Pause Young (Allocation Failure)
[30.832s][debug  ][gc,phases,start] GC(112) Scavenge
[30.849s][debug  ][gc,phases      ] GC(112) Scavenge 17.553ms
[30.849s][debug  ][gc,phases,start] GC(112) Reference Processing
[30.849s][debug  ][gc,ref         ] GC(112) Skipped phase 1 of Reference Processing: no references
[30.849s][debug  ][gc,ref         ] GC(112) Skipped phase 2 of Reference Processing: no references
[30.849s][debug  ][gc,ref         ] GC(112) Skipped phase 3 of Reference Processing: no references
[30.849s][debug  ][gc,ref         ] GC(112) Skipped phase 4 of Reference Processing: no references
[30.849s][debug  ][gc,phases,ref  ] GC(112) Reference Processing: 0.1ms
[30.850s][debug  ][gc,phases,ref  ] GC(112)   Reconsider SoftReferences: 0.0ms
[30.850s][debug  ][gc,phases,ref  ] GC(112)     SoftRef (ms):                  skipped
[30.850s][debug  ][gc,phases,ref  ] GC(112)   Notify Soft/WeakReferences: 0.0ms
[30.850s][debug  ][gc,phases,ref  ] GC(112)     SoftRef (ms):                  skipped
[30.850s][debug  ][gc,phases,ref  ] GC(112)     WeakRef (ms):                  skipped
[30.850s][debug  ][gc,phases,ref  ] GC(112)     FinalRef (ms):                 skipped
[30.850s][debug  ][gc,phases,ref  ] GC(112)     Total (ms):                    skipped
[30.850s][debug  ][gc,phases,ref  ] GC(112)   Notify and keep alive finalizable: 0.0ms
[30.850s][debug  ][gc,phases,ref  ] GC(112)     FinalRef (ms):                 skipped
[30.850s][debug  ][gc,phases,ref  ] GC(112)   Notify PhantomReferences: 0.0ms
[30.850s][debug  ][gc,phases,ref  ] GC(112)     PhantomRef (ms):               skipped
[30.850s][debug  ][gc,phases,ref  ] GC(112)   SoftReference:
[30.850s][debug  ][gc,phases,ref  ] GC(112)     Discovered: 0
[30.850s][debug  ][gc,phases,ref  ] GC(112)     Cleared: 0
[30.850s][debug  ][gc,phases,ref  ] GC(112)   WeakReference:
[30.850s][debug  ][gc,phases,ref  ] GC(112)     Discovered: 0
[30.850s][debug  ][gc,phases,ref  ] GC(112)     Cleared: 0
[30.850s][debug  ][gc,phases,ref  ] GC(112)   FinalReference:
[30.850s][debug  ][gc,phases,ref  ] GC(112)     Discovered: 0
[30.850s][debug  ][gc,phases,ref  ] GC(112)     Cleared: 0
[30.850s][debug  ][gc,phases,ref  ] GC(112)   PhantomReference:
[30.850s][debug  ][gc,phases,ref  ] GC(112)     Discovered: 0
[30.850s][debug  ][gc,phases,ref  ] GC(112)     Cleared: 0
[30.850s][debug  ][gc,phases      ] GC(112) Reference Processing 0.691ms
[30.850s][debug  ][gc,phases,start] GC(112) Weak Processing
[30.850s][debug  ][gc,phases      ] GC(112)   VM Weak                        Min:  0.0, Avg:  0.0, Max:  0.0, Diff:  0.0, Sum:  0.0, Workers: 6
[30.850s][debug  ][gc,phases      ] GC(112)     Dead                           Min: 0, Avg:  0.0, Max: 0, Diff: 0, Sum: 0, Workers: 6
[30.850s][debug  ][gc,phases      ] GC(112)     Total                          Min: 0, Avg:  1.3, Max: 8, Diff: 8, Sum: 8, Workers: 6
[30.850s][debug  ][gc,phases      ] GC(112)   ObjectSynchronizer Weak        Min:  0.0, Avg:  0.0, Max:  0.0, Diff:  0.0, Sum:  0.0, Workers: 6
[30.850s][debug  ][gc,phases      ] GC(112)     Dead                           Min: 0, Avg:  0.0, Max: 0, Diff: 0, Sum: 0, Workers: 6
[30.850s][debug  ][gc,phases      ] GC(112)     Total                          Min: 0, Avg:  0.5, Max: 3, Diff: 3, Sum: 3, Workers: 6
[30.850s][debug  ][gc,phases      ] GC(112)   JVMTI Tag Weak OopStorage      Min:  0.0, Avg:  0.0, Max:  0.0, Diff:  0.0, Sum:  0.0, Workers: 6
[30.850s][debug  ][gc,phases      ] GC(112)     Dead                           Min: 0, Avg:  0.0, Max: 0, Diff: 0, Sum: 0, Workers: 6
[30.850s][debug  ][gc,phases      ] GC(112)     Total                          Min: 0, Avg:  0.0, Max: 0, Diff: 0, Sum: 0, Workers: 6
[30.850s][debug  ][gc,phases      ] GC(112)   StringTable Weak               Min:  0.0, Avg:  0.0, Max:  0.0, Diff:  0.0, Sum:  0.0, Workers: 6
[30.850s][debug  ][gc,phases      ] GC(112)     Dead                           Min: 0, Avg:  0.0, Max: 0, Diff: 0, Sum: 0, Workers: 6
[30.850s][debug  ][gc,phases      ] GC(112)     Total                          Min: 640, Avg: 892.5, Max: 1088, Diff: 448, Sum: 5355, Workers: 6
[30.850s][debug  ][gc,phases      ] GC(112)   ResolvedMethodTable Weak       Min:  0.0, Avg:  0.0, Max:  0.0, Diff:  0.0, Sum:  0.0, Workers: 6
[30.850s][debug  ][gc,phases      ] GC(112)     Dead                           Min: 0, Avg:  0.0, Max: 0, Diff: 0, Sum: 0, Workers: 6
[30.850s][debug  ][gc,phases      ] GC(112)     Total                          Min: 0, Avg: 21.7, Max: 64, Diff: 64, Sum: 130, Workers: 6
[30.850s][debug  ][gc,phases      ] GC(112)   JNI Weak                       Min:  0.0, Avg:  0.0, Max:  0.0, Diff:  0.0, Sum:  0.0, Workers: 6
[30.850s][debug  ][gc,phases      ] GC(112)     Dead                           Min: 0, Avg:  0.0, Max: 0, Diff: 0, Sum: 0, Workers: 6
[30.850s][debug  ][gc,phases      ] GC(112)     Total                          Min: 0, Avg:  0.0, Max: 0, Diff: 0, Sum: 0, Workers: 6
[30.851s][debug  ][gc,phases      ] GC(112)   StringDedup Table Weak         Min:  0.0, Avg:  0.0, Max:  0.0, Diff:  0.0, Sum:  0.0, Workers: 6
[30.851s][debug  ][gc,phases      ] GC(112)     Dead                           Min: 0, Avg:  0.0, Max: 0, Diff: 0, Sum: 0, Workers: 6
[30.851s][debug  ][gc,phases      ] GC(112)     Total                          Min: 0, Avg:  0.0, Max: 0, Diff: 0, Sum: 0, Workers: 6
[30.851s][debug  ][gc,phases      ] GC(112)   StringDedup Requests0 Weak     Min:  0.0, Avg:  0.0, Max:  0.0, Diff:  0.0, Sum:  0.0, Workers: 6
[30.851s][debug  ][gc,phases      ] GC(112)     Dead                           Min: 0, Avg:  0.0, Max: 0, Diff: 0, Sum: 0, Workers: 6
[30.851s][debug  ][gc,phases      ] GC(112)     Total                          Min: 0, Avg:  0.0, Max: 0, Diff: 0, Sum: 0, Workers: 6
[30.851s][debug  ][gc,phases      ] GC(112)   StringDedup Requests1 Weak     Min:  0.0, Avg:  0.0, Max:  0.0, Diff:  0.0, Sum:  0.0, Workers: 6
[30.851s][debug  ][gc,phases      ] GC(112)     Dead                           Min: 0, Avg:  0.0, Max: 0, Diff: 0, Sum: 0, Workers: 6
[30.851s][debug  ][gc,phases      ] GC(112)     Total                          Min: 0, Avg:  0.0, Max: 0, Diff: 0, Sum: 0, Workers: 6
[30.851s][debug  ][gc,phases      ] GC(112)   Weak JFR Old Object Samples    Min:  0.0, Avg:  0.0, Max:  0.0, Diff:  0.0, Sum:  0.0, Workers: 6
[30.851s][debug  ][gc,phases      ] GC(112)     Dead                           Min: 0, Avg:  0.0, Max: 0, Diff: 0, Sum: 0, Workers: 6
[30.851s][debug  ][gc,phases      ] GC(112)     Total                          Min: 0, Avg:  0.0, Max: 0, Diff: 0, Sum: 0, Workers: 6
[30.851s][debug  ][gc,phases      ] GC(112) Weak Processing 0.692ms
[30.851s][debug  ][gc,ergo        ] GC(112) AdaptiveSizeStart:  collection: 113 
[30.851s][debug  ][gc,ergo        ] GC(112) avg_survived_padded_avg: 35732628.000000
[30.851s][debug  ][gc,ergo        ] GC(112) avg_promoted_padded_avg: 265839008.000000  avg_pretenured_padded_avg: 0.000000  tenuring_thresh: 1  target_size: 36175872
[30.851s][debug  ][gc,age         ] GC(112) Desired survivor size 36175872 bytes, new threshold 1 (max threshold 15)
[30.851s][debug  ][gc,ergo        ] GC(112) PSAdaptiveSizePolicy::compute_eden_space_size limits: desired_eden_size: 218362944 old_eden_size: 221773824 eden_limit: 197132288 cur_eden: 197132288 max_eden_size: 197132288 avg_young_live: 27057568
[30.851s][debug  ][gc,ergo        ] GC(112) PSAdaptiveSizePolicy::compute_eden_space_size: costs minor_time: 0.051193 major_cost: 0.044886 mutator_cost: 0.903921 throughput_goal: 0.990000
[30.851s][debug  ][gc,ergo        ] GC(112) Live_space: 957678720 free_space: 1288175616
[30.851s][debug  ][gc,ergo        ] GC(112) Old eden_size: 221773824 desired_eden_size: 197132288
[30.851s][debug  ][gc,ergo        ] GC(112) AdaptiveSizeStop: collection: 113 
[30.851s][info   ][gc,heap        ] GC(112) PSYoungGen: 218809K(227328K)->30720K(223744K) Eden: 188089K(192512K)->0K(192512K) From: 30720K(34816K)->30720K(31232K)
[30.851s][info   ][gc,heap        ] GC(112) ParOldGen: 1875557K(2192384K)->2059878K(2192384K)
[30.851s][info   ][gc,metaspace   ] GC(112) Metaspace: 1024K(1216K)->1024K(1216K) NonClass: 941K(1024K)->941K(1024K) Class: 83K(192K)->83K(192K)
[30.851s][info   ][gc             ] GC(112) Pause Young (Allocation Failure) 2045M->2041M(2359M) 19.377ms
[30.851s][info   ][gc,cpu         ] GC(112) User=0.08s Sys=0.08s Real=0.02s
[30.851s][debug  ][gc,heap        ] GC(112) Heap after GC invocations=113 (full 18):
[30.851s][debug  ][gc,heap        ] GC(112)  PSYoungGen      total 223744K, used 30720K [0x00000007f0000000, 0x0000000800000000, 0x0000000800000000)
[30.851s][debug  ][gc,heap        ] GC(112)   eden space 192512K, 0% used [0x00000007f0000000,0x00000007f0000000,0x00000007fbc00000)
[30.851s][debug  ][gc,heap        ] GC(112)   from space 31232K, 98% used [0x00000007fbc00000,0x00000007fda00030,0x00000007fda80000)
[30.851s][debug  ][gc,heap        ] GC(112)   to   space 35328K, 0% used [0x00000007fdd80000,0x00000007fdd80000,0x0000000800000000)
[30.851s][debug  ][gc,heap        ] GC(112)  ParOldGen       total 2192384K, used 2059878K [0x0000000700000000, 0x0000000785d00000, 0x00000007f0000000)
[30.851s][debug  ][gc,heap        ] GC(112)   object space 2192384K, 93% used [0x0000000700000000,0x000000077db99888,0x0000000785d00000)
[30.851s][debug  ][gc,heap        ] GC(112)  Metaspace       used 1024K, committed 1216K, reserved 1056768K
[30.851s][debug  ][gc,heap        ] GC(112)   class space    used 83K, committed 192K, reserved 1048576K
[30.851s][debug  ][gc,task,time   ] GC(112) VM-Thread 308312380 308493488 308512831
[30.851s][debug  ][gc,phases,start] GC(113) Pre Compact
[30.851s][debug  ][gc,heap        ] GC(113) Heap before GC invocations=114 (full 19):
[30.851s][debug  ][gc,heap        ] GC(113)  PSYoungGen      total 223744K, used 30720K [0x00000007f0000000, 0x0000000800000000, 0x0000000800000000)
[30.851s][debug  ][gc,heap        ] GC(113)   eden space 192512K, 0% used [0x00000007f0000000,0x00000007f0000000,0x00000007fbc00000)
[30.851s][debug  ][gc,heap        ] GC(113)   from space 31232K, 98% used [0x00000007fbc00000,0x00000007fda00030,0x00000007fda80000)
[30.851s][debug  ][gc,heap        ] GC(113)   to   space 35328K, 0% used [0x00000007fdd80000,0x00000007fdd80000,0x0000000800000000)
[30.851s][debug  ][gc,heap        ] GC(113)  ParOldGen       total 2192384K, used 2059878K [0x0000000700000000, 0x0000000785d00000, 0x00000007f0000000)
[30.851s][debug  ][gc,heap        ] GC(113)   object space 2192384K, 93% used [0x0000000700000000,0x000000077db99888,0x0000000785d00000)
[30.851s][debug  ][gc,heap        ] GC(113)  Metaspace       used 1024K, committed 1216K, reserved 1056768K
[30.851s][debug  ][gc,heap        ] GC(113)   class space    used 83K, committed 192K, reserved 1048576K
[30.852s][debug  ][gc,phases      ] GC(113) Pre Compact 0.201ms
[30.852s][info   ][gc,start       ] GC(113) Pause Full (Ergonomics)
[30.852s][info   ][gc,phases,start] GC(113) Marking Phase
[30.852s][debug  ][gc,phases,start] GC(113) Par Mark
[30.852s][debug  ][gc,phases      ] GC(113) Par Mark 0.499ms
[30.852s][debug  ][gc,phases,start] GC(113) Reference Processing
[30.852s][debug  ][gc,ref         ] GC(113) Skipped phase 1 of Reference Processing: no references
[30.852s][debug  ][gc,ref         ] GC(113) ReferenceProcessor::execute queues: 1, RefProcThreadModel::Single, marks_oops_alive: false
[30.852s][debug  ][gc,ref         ] GC(113) Skipped phase 3 of Reference Processing: no references
[30.852s][debug  ][gc,ref         ] GC(113) ReferenceProcessor::execute queues: 1, RefProcThreadModel::Single, marks_oops_alive: false
[30.852s][debug  ][gc,phases,ref  ] GC(113) Reference Processing: 0.1ms
[30.852s][debug  ][gc,phases,ref  ] GC(113)   Reconsider SoftReferences: 0.0ms
[30.852s][debug  ][gc,phases,ref  ] GC(113)     SoftRef (ms):                  skipped
[30.852s][debug  ][gc,phases,ref  ] GC(113)   Notify Soft/WeakReferences: 0.0ms
[30.852s][debug  ][gc,phases,ref  ] GC(113)     SoftRef (ms):                  Min:  0.0, Avg:  0.0, Max:  0.0, Diff:  0.0, Sum:  0.0, Workers: 10
[30.852s][debug  ][gc,phases,ref  ] GC(113)     WeakRef (ms):                  Min:  0.0, Avg:  0.0, Max:  0.0, Diff:  0.0, Sum:  0.0, Workers: 10
[30.852s][debug  ][gc,phases,ref  ] GC(113)     FinalRef (ms):                 Min:  0.0, Avg:  0.0, Max:  0.0, Diff:  0.0, Sum:  0.0, Workers: 10
[30.852s][debug  ][gc,phases,ref  ] GC(113)     Total (ms):                    Min:  0.0, Avg:  0.0, Max:  0.0, Diff:  0.0, Sum:  0.0, Workers: 10
[30.852s][debug  ][gc,phases,ref  ] GC(113)   Notify and keep alive finalizable: 0.0ms
[30.852s][debug  ][gc,phases,ref  ] GC(113)     FinalRef (ms):                 skipped
[30.852s][debug  ][gc,phases,ref  ] GC(113)   Notify PhantomReferences: 0.0ms
[30.852s][debug  ][gc,phases,ref  ] GC(113)     PhantomRef (ms):               Min:  0.0, Avg:  0.0, Max:  0.0, Diff:  0.0, Sum:  0.0, Workers: 10
[30.852s][debug  ][gc,phases,ref  ] GC(113)   SoftReference:
[30.852s][debug  ][gc,phases,ref  ] GC(113)     Discovered: 0
[30.852s][debug  ][gc,phases,ref  ] GC(113)     Cleared: 0
[30.853s][debug  ][gc,phases,ref  ] GC(113)   WeakReference:
[30.853s][debug  ][gc,phases,ref  ] GC(113)     Discovered: 73
[30.853s][debug  ][gc,phases,ref  ] GC(113)     Cleared: 73
[30.853s][debug  ][gc,phases,ref  ] GC(113)   FinalReference:
[30.853s][debug  ][gc,phases,ref  ] GC(113)     Discovered: 0
[30.853s][debug  ][gc,phases,ref  ] GC(113)     Cleared: 0
[30.853s][debug  ][gc,phases,ref  ] GC(113)   PhantomReference:
[30.853s][debug  ][gc,phases,ref  ] GC(113)     Discovered: 5
[30.853s][debug  ][gc,phases,ref  ] GC(113)     Cleared: 5
[30.853s][debug  ][gc,phases      ] GC(113) Reference Processing 0.574ms
[30.853s][debug  ][gc,phases,start] GC(113) Weak Processing
[30.853s][debug  ][gc,phases      ] GC(113)   VM Weak                        Min:  0.0, Avg:  0.0, Max:  0.0, Diff:  0.0, Sum:  0.0, Workers: 6
[30.853s][debug  ][gc,phases      ] GC(113)     Dead                           Min: 0, Avg:  0.0, Max: 0, Diff: 0, Sum: 0, Workers: 6
[30.853s][debug  ][gc,phases      ] GC(113)     Total                          Min: 0, Avg:  1.3, Max: 8, Diff: 8, Sum: 8, Workers: 6
[30.853s][debug  ][gc,phases      ] GC(113)   ObjectSynchronizer Weak        Min:  0.0, Avg:  0.0, Max:  0.0, Diff:  0.0, Sum:  0.0, Workers: 6
[30.853s][debug  ][gc,phases      ] GC(113)     Dead                           Min: 0, Avg:  0.0, Max: 0, Diff: 0, Sum: 0, Workers: 6
[30.853s][debug  ][gc,phases      ] GC(113)     Total                          Min: 0, Avg:  0.5, Max: 3, Diff: 3, Sum: 3, Workers: 6
[30.853s][debug  ][gc,phases      ] GC(113)   JVMTI Tag Weak OopStorage      Min:  0.0, Avg:  0.0, Max:  0.0, Diff:  0.0, Sum:  0.0, Workers: 6
[30.853s][debug  ][gc,phases      ] GC(113)     Dead                           Min: 0, Avg:  0.0, Max: 0, Diff: 0, Sum: 0, Workers: 6
[30.853s][debug  ][gc,phases      ] GC(113)     Total                          Min: 0, Avg:  0.0, Max: 0, Diff: 0, Sum: 0, Workers: 6
[30.853s][debug  ][gc,phases      ] GC(113)   StringTable Weak               Min:  0.0, Avg:  0.0, Max:  0.0, Diff:  0.0, Sum:  0.0, Workers: 6
[30.853s][debug  ][gc,phases      ] GC(113)     Dead                           Min: 0, Avg:  0.0, Max: 0, Diff: 0, Sum: 0, Workers: 6
[30.853s][debug  ][gc,phases      ] GC(113)     Total                          Min: 575, Avg: 892.5, Max: 1088, Diff: 513, Sum: 5355, Workers: 6
[30.853s][debug  ][gc,phases      ] GC(113)   ResolvedMethodTable Weak       Min:  0.0, Avg:  0.0, Max:  0.0, Diff:  0.0, Sum:  0.0, Workers: 6
[30.853s][debug  ][gc,phases      ] GC(113)     Dead                           Min: 0, Avg:  0.0, Max: 0, Diff: 0, Sum: 0, Workers: 6
[30.853s][debug  ][gc,phases      ] GC(113)     Total                          Min: 0, Avg: 21.7, Max: 64, Diff: 64, Sum: 130, Workers: 6
[30.853s][debug  ][gc,phases      ] GC(113)   JNI Weak                       Min:  0.0, Avg:  0.0, Max:  0.0, Diff:  0.0, Sum:  0.0, Workers: 6
[30.853s][debug  ][gc,phases      ] GC(113)     Dead                           Min: 0, Avg:  0.0, Max: 0, Diff: 0, Sum: 0, Workers: 6
[30.853s][debug  ][gc,phases      ] GC(113)     Total                          Min: 0, Avg:  0.0, Max: 0, Diff: 0, Sum: 0, Workers: 6
[30.853s][debug  ][gc,phases      ] GC(113)   StringDedup Table Weak         Min:  0.0, Avg:  0.0, Max:  0.0, Diff:  0.0, Sum:  0.0, Workers: 6
[30.853s][debug  ][gc,phases      ] GC(113)     Dead                           Min: 0, Avg:  0.0, Max: 0, Diff: 0, Sum: 0, Workers: 6
[30.853s][debug  ][gc,phases      ] GC(113)     Total                          Min: 0, Avg:  0.0, Max: 0, Diff: 0, Sum: 0, Workers: 6
[30.853s][debug  ][gc,phases      ] GC(113)   StringDedup Requests0 Weak     Min:  0.0, Avg:  0.0, Max:  0.0, Diff:  0.0, Sum:  0.0, Workers: 6
[30.853s][debug  ][gc,phases      ] GC(113)     Dead                           Min: 0, Avg:  0.0, Max: 0, Diff: 0, Sum: 0, Workers: 6
[30.853s][debug  ][gc,phases      ] GC(113)     Total                          Min: 0, Avg:  0.0, Max: 0, Diff: 0, Sum: 0, Workers: 6
[30.853s][debug  ][gc,phases      ] GC(113)   StringDedup Requests1 Weak     Min:  0.0, Avg:  0.0, Max:  0.0, Diff:  0.0, Sum:  0.0, Workers: 6
[30.853s][debug  ][gc,phases      ] GC(113)     Dead                           Min: 0, Avg:  0.0, Max: 0, Diff: 0, Sum: 0, Workers: 6
[30.853s][debug  ][gc,phases      ] GC(113)     Total                          Min: 0, Avg:  0.0, Max: 0, Diff: 0, Sum: 0, Workers: 6
[30.853s][debug  ][gc,phases      ] GC(113)   Weak JFR Old Object Samples    Min:  0.0, Avg:  0.0, Max:  0.0, Diff:  0.0, Sum:  0.0, Workers: 6
[30.853s][debug  ][gc,phases      ] GC(113)     Dead                           Min: 0, Avg:  0.0, Max: 0, Diff: 0, Sum: 0, Workers: 6
[30.853s][debug  ][gc,phases      ] GC(113)     Total                          Min: 0, Avg:  0.0, Max: 0, Diff: 0, Sum: 0, Workers: 6
[30.853s][debug  ][gc,phases      ] GC(113) Weak Processing 0.671ms
[30.853s][debug  ][gc,phases,start] GC(113) Class Unloading
[30.853s][debug  ][gc,phases,start] GC(113) ClassLoaderData
[30.853s][debug  ][gc,phases      ] GC(113) ClassLoaderData 0.019ms
[30.853s][debug  ][gc,phases,start] GC(113) Trigger cleanups
[30.853s][debug  ][gc,phases      ] GC(113) Trigger cleanups 0.019ms
[30.854s][debug  ][gc,phases      ] GC(113) Class Unloading 0.250ms
[30.854s][info   ][gc,phases      ] GC(113) Marking Phase 2.105ms
[30.854s][info   ][gc,phases,start] GC(113) Summary Phase
[30.854s][info   ][gc,phases      ] GC(113) Summary Phase 0.036ms
[30.854s][info   ][gc,phases,start] GC(113) Adjust Roots
[30.854s][info   ][gc,phases      ] GC(113) Adjust Roots 0.148ms
[30.854s][info   ][gc,phases,start] GC(113) Compaction Phase
[30.896s][info   ][gc,phases      ] GC(113) Compaction Phase 41.707ms
[30.896s][info   ][gc,phases,start] GC(113) Post Compact
[30.902s][info   ][gc,phases      ] GC(113) Post Compact 6.417ms
[30.902s][debug  ][gc,ergo        ] GC(113) AdaptiveSizeStart: collection: 114 
[30.902s][debug  ][gc,ergo        ] GC(113) PSAdaptiveSizePolicy::compute_eden_space_size limits: desired_eden_size: 219854758 old_eden_size: 197132288 eden_limit: 200278016 cur_eden: 197132288 max_eden_size: 200278016 avg_young_live: 24351810
[30.902s][debug  ][gc,ergo        ] GC(113) PSAdaptiveSizePolicy::compute_eden_space_size: costs minor_time: 0.051193 major_cost: 0.038578 mutator_cost: 0.910229 throughput_goal: 0.990000
[30.902s][debug  ][gc,ergo        ] GC(113) Live_space: 954972928 free_space: 1263534080
[30.902s][debug  ][gc,ergo        ] GC(113) Old eden_size: 197132288 desired_eden_size: 200278016
[30.902s][debug  ][gc,ergo        ] GC(113) PSAdaptiveSizePolicy::compute_old_gen_free_space: costs minor_time: 0.051193 major_cost: 0.038578  mutator_cost: 0.910229 throughput_goal: 0.990000
[30.902s][debug  ][gc,ergo        ] GC(113) Live_space: 928767744 free_space: 1266679808
[30.902s][debug  ][gc,ergo        ] GC(113) Old promo_size: 1066401792 desired_promo_size: 1158152192
[30.916s][debug  ][gc             ] GC(113) Shrinking ParOldGen from 2192384K by 410624K to 1781760K
[30.916s][debug  ][gc,ergo        ] GC(113) AdaptiveSizeStop: collection: 114 
[30.916s][info   ][gc,heap        ] GC(113) PSYoungGen: 30720K(223744K)->0K(226816K) Eden: 0K(192512K)->0K(191488K) From: 30720K(31232K)->0K(35328K)
[30.916s][info   ][gc,heap        ] GC(113) ParOldGen: 2059878K(2192384K)->390755K(1781760K)
[30.916s][info   ][gc,metaspace   ] GC(113) Metaspace: 1024K(1216K)->1024K(1216K) NonClass: 941K(1024K)->941K(1024K) Class: 83K(192K)->83K(192K)
[30.916s][info   ][gc             ] GC(113) Pause Full (Ergonomics) 2041M->381M(1961M) 64.559ms
[30.916s][info   ][gc,cpu         ] GC(113) User=0.33s Sys=0.02s Real=0.06s
[30.916s][debug  ][gc,heap        ] GC(113) Heap after GC invocations=114 (full 19):
[30.916s][debug  ][gc,heap        ] GC(113)  PSYoungGen      total 226816K, used 0K [0x00000007f0000000, 0x0000000800000000, 0x0000000800000000)
[30.916s][debug  ][gc,heap        ] GC(113)   eden space 191488K, 0% used [0x00000007f0000000,0x00000007f0000000,0x00000007fbb00000)
[30.916s][debug  ][gc,heap        ] GC(113)   from space 35328K, 0% used [0x00000007fdd80000,0x00000007fdd80000,0x0000000800000000)
[30.916s][debug  ][gc,heap        ] GC(113)   to   space 35328K, 0% used [0x00000007fbb00000,0x00000007fbb00000,0x00000007fdd80000)
[30.916s][debug  ][gc,heap        ] GC(113)  ParOldGen       total 1781760K, used 390755K [0x0000000700000000, 0x000000076cc00000, 0x00000007f0000000)
[30.916s][debug  ][gc,heap        ] GC(113)   object space 1781760K, 21% used [0x0000000700000000,0x0000000717d98e58,0x000000076cc00000)
[30.916s][debug  ][gc,heap        ] GC(113)  Metaspace       used 1024K, committed 1216K, reserved 1056768K
[30.916s][debug  ][gc,heap        ] GC(113)   class space    used 83K, committed 192K, reserved 1048576K
[30.916s][debug  ][gc,task,time   ] GC(113) VM-Thread 308515528 308539283 309161388
[31.211s][debug  ][gc,heap        ] GC(114) Heap before GC invocations=115 (full 19):
[31.211s][debug  ][gc,heap        ] GC(114)  PSYoungGen      total 226816K, used 188070K [0x00000007f0000000, 0x0000000800000000, 0x0000000800000000)
[31.211s][debug  ][gc,heap        ] GC(114)   eden space 191488K, 98% used [0x00000007f0000000,0x00000007fb7a9b18,0x00000007fbb00000)
[31.211s][debug  ][gc,heap        ] GC(114)   from space 35328K, 0% used [0x00000007fdd80000,0x00000007fdd80000,0x0000000800000000)
[31.211s][debug  ][gc,heap        ] GC(114)   to   space 35328K, 0% used [0x00000007fbb00000,0x00000007fbb00000,0x00000007fdd80000)
[31.211s][debug  ][gc,heap        ] GC(114)  ParOldGen       total 1781760K, used 390755K [0x0000000700000000, 0x000000076cc00000, 0x00000007f0000000)
[31.211s][debug  ][gc,heap        ] GC(114)   object space 1781760K, 21% used [0x0000000700000000,0x0000000717d98e58,0x000000076cc00000)
[31.211s][debug  ][gc,heap        ] GC(114)  Metaspace       used 1024K, committed 1216K, reserved 1056768K
[31.211s][debug  ][gc,heap        ] GC(114)   class space    used 83K, committed 192K, reserved 1048576K
[31.211s][debug  ][gc,tlab        ] GC(114) TLAB totals: thrds: 1  refills: 1 max: 1 slow allocs: 17 max 17 waste: 26.8% gc: 3840504B max: 3840504B slow: 0B max: 0B
[31.211s][info   ][gc,start       ] GC(114) Pause Young (Allocation Failure)
[31.211s][debug  ][gc,phases,start] GC(114) Scavenge
[31.223s][debug  ][gc,phases      ] GC(114) Scavenge 12.174ms
[31.223s][debug  ][gc,phases,start] GC(114) Reference Processing
[31.223s][debug  ][gc,ref         ] GC(114) Skipped phase 1 of Reference Processing: no references
[31.223s][debug  ][gc,ref         ] GC(114) Skipped phase 2 of Reference Processing: no references
[31.223s][debug  ][gc,ref         ] GC(114) Skipped phase 3 of Reference Processing: no references
[31.223s][debug  ][gc,ref         ] GC(114) Skipped phase 4 of Reference Processing: no references
[31.223s][debug  ][gc,phases,ref  ] GC(114) Reference Processing: 0.1ms
[31.223s][debug  ][gc,phases,ref  ] GC(114)   Reconsider SoftReferences: 0.0ms
[31.223s][debug  ][gc,phases,ref  ] GC(114)     SoftRef (ms):                  skipped
[31.223s][debug  ][gc,phases,ref  ] GC(114)   Notify Soft/WeakReferences: 0.0ms
[31.223s][debug  ][gc,phases,ref  ] GC(114)     SoftRef (ms):                  skipped
[31.223s][debug  ][gc,phases,ref  ] GC(114)     WeakRef (ms):                  skipped
[31.223s][debug  ][gc,phases,ref  ] GC(114)     FinalRef (ms):                 skipped
[31.223s][debug  ][gc,phases,ref  ] GC(114)     Total (ms):                    skipped
[31.223s][debug  ][gc,phases,ref  ] GC(114)   Notify and keep alive finalizable: 0.0ms
[31.224s][debug  ][gc,phases,ref  ] GC(114)     FinalRef (ms):                 skipped
[31.224s][debug  ][gc,phases,ref  ] GC(114)   Notify PhantomReferences: 0.0ms
[31.224s][debug  ][gc,phases,ref  ] GC(114)     PhantomRef (ms):               skipped
[31.224s][debug  ][gc,phases,ref  ] GC(114)   SoftReference:
[31.224s][debug  ][gc,phases,ref  ] GC(114)     Discovered: 0
[31.224s][debug  ][gc,phases,ref  ] GC(114)     Cleared: 0
[31.224s][debug  ][gc,phases,ref  ] GC(114)   WeakReference:
[31.224s][debug  ][gc,phases,ref  ] GC(114)     Discovered: 0
[31.224s][debug  ][gc,phases,ref  ] GC(114)     Cleared: 0
[31.224s][debug  ][gc,phases,ref  ] GC(114)   FinalReference:
[31.224s][debug  ][gc,phases,ref  ] GC(114)     Discovered: 0
[31.224s][debug  ][gc,phases,ref  ] GC(114)     Cleared: 0
[31.224s][debug  ][gc,phases,ref  ] GC(114)   PhantomReference:
[31.224s][debug  ][gc,phases,ref  ] GC(114)     Discovered: 0
[31.224s][debug  ][gc,phases,ref  ] GC(114)     Cleared: 0
[31.224s][debug  ][gc,phases      ] GC(114) Reference Processing 0.567ms
[31.224s][debug  ][gc,phases,start] GC(114) Weak Processing
[31.224s][debug  ][gc,phases      ] GC(114)   VM Weak                        Min:  0.0, Avg:  0.0, Max:  0.0, Diff:  0.0, Sum:  0.0, Workers: 6
[31.224s][debug  ][gc,phases      ] GC(114)     Dead                           Min: 0, Avg:  0.0, Max: 0, Diff: 0, Sum: 0, Workers: 6
[31.224s][debug  ][gc,phases      ] GC(114)     Total                          Min: 0, Avg:  1.3, Max: 8, Diff: 8, Sum: 8, Workers: 6
[31.224s][debug  ][gc,phases      ] GC(114)   ObjectSynchronizer Weak        Min:  0.0, Avg:  0.0, Max:  0.0, Diff:  0.0, Sum:  0.0, Workers: 6
[31.224s][debug  ][gc,phases      ] GC(114)     Dead                           Min: 0, Avg:  0.0, Max: 0, Diff: 0, Sum: 0, Workers: 6
[31.224s][debug  ][gc,phases      ] GC(114)     Total                          Min: 0, Avg:  0.5, Max: 3, Diff: 3, Sum: 3, Workers: 6
[31.224s][debug  ][gc,phases      ] GC(114)   JVMTI Tag Weak OopStorage      Min:  0.0, Avg:  0.0, Max:  0.0, Diff:  0.0, Sum:  0.0, Workers: 6
[31.224s][debug  ][gc,phases      ] GC(114)     Dead                           Min: 0, Avg:  0.0, Max: 0, Diff: 0, Sum: 0, Workers: 6
[31.224s][debug  ][gc,phases      ] GC(114)     Total                          Min: 0, Avg:  0.0, Max: 0, Diff: 0, Sum: 0, Workers: 6
[31.224s][debug  ][gc,phases      ] GC(114)   StringTable Weak               Min:  0.0, Avg:  0.0, Max:  0.0, Diff:  0.0, Sum:  0.0, Workers: 6
[31.224s][debug  ][gc,phases      ] GC(114)     Dead                           Min: 0, Avg:  0.0, Max: 0, Diff: 0, Sum: 0, Workers: 6
[31.224s][debug  ][gc,phases      ] GC(114)     Total                          Min: 768, Avg: 892.5, Max: 1024, Diff: 256, Sum: 5355, Workers: 6
[31.224s][debug  ][gc,phases      ] GC(114)   ResolvedMethodTable Weak       Min:  0.0, Avg:  0.0, Max:  0.0, Diff:  0.0, Sum:  0.0, Workers: 6
[31.224s][debug  ][gc,phases      ] GC(114)     Dead                           Min: 0, Avg:  0.0, Max: 0, Diff: 0, Sum: 0, Workers: 6
[31.224s][debug  ][gc,phases      ] GC(114)     Total                          Min: 0, Avg: 21.7, Max: 64, Diff: 64, Sum: 130, Workers: 6
[31.224s][debug  ][gc,phases      ] GC(114)   JNI Weak                       Min:  0.0, Avg:  0.0, Max:  0.0, Diff:  0.0, Sum:  0.0, Workers: 6
[31.224s][debug  ][gc,phases      ] GC(114)     Dead                           Min: 0, Avg:  0.0, Max: 0, Diff: 0, Sum: 0, Workers: 6
[31.224s][debug  ][gc,phases      ] GC(114)     Total                          Min: 0, Avg:  0.0, Max: 0, Diff: 0, Sum: 0, Workers: 6
[31.224s][debug  ][gc,phases      ] GC(114)   StringDedup Table Weak         Min:  0.0, Avg:  0.0, Max:  0.0, Diff:  0.0, Sum:  0.0, Workers: 6
[31.224s][debug  ][gc,phases      ] GC(114)     Dead                           Min: 0, Avg:  0.0, Max: 0, Diff: 0, Sum: 0, Workers: 6
[31.224s][debug  ][gc,phases      ] GC(114)     Total                          Min: 0, Avg:  0.0, Max: 0, Diff: 0, Sum: 0, Workers: 6
[31.224s][debug  ][gc,phases      ] GC(114)   StringDedup Requests0 Weak     Min:  0.0, Avg:  0.0, Max:  0.0, Diff:  0.0, Sum:  0.0, Workers: 6
[31.224s][debug  ][gc,phases      ] GC(114)     Dead                           Min: 0, Avg:  0.0, Max: 0, Diff: 0, Sum: 0, Workers: 6
[31.224s][debug  ][gc,phases      ] GC(114)     Total                          Min: 0, Avg:  0.0, Max: 0, Diff: 0, Sum: 0, Workers: 6
[31.224s][debug  ][gc,phases      ] GC(114)   StringDedup Requests1 Weak     Min:  0.0, Avg:  0.0, Max:  0.0, Diff:  0.0, Sum:  0.0, Workers: 6
[31.224s][debug  ][gc,phases      ] GC(114)     Dead                           Min: 0, Avg:  0.0, Max: 0, Diff: 0, Sum: 0, Workers: 6
[31.224s][debug  ][gc,phases      ] GC(114)     Total                          Min: 0, Avg:  0.0, Max: 0, Diff: 0, Sum: 0, Workers: 6
[31.224s][debug  ][gc,phases      ] GC(114)   Weak JFR Old Object Samples    Min:  0.0, Avg:  0.0, Max:  0.0, Diff:  0.0, Sum:  0.0, Workers: 6
[31.224s][debug  ][gc,phases      ] GC(114)     Dead                           Min: 0, Avg:  0.0, Max: 0, Diff: 0, Sum: 0, Workers: 6
[31.224s][debug  ][gc,phases      ] GC(114)     Total                          Min: 0, Avg:  0.0, Max: 0, Diff: 0, Sum: 0, Workers: 6
[31.224s][debug  ][gc,phases      ] GC(114) Weak Processing 0.675ms
[31.225s][debug  ][gc,ergo        ] GC(114) AdaptiveSizeStart:  collection: 115 
[31.225s][debug  ][gc,ergo        ] GC(114) avg_survived_padded_avg: 35770388.000000
[31.225s][debug  ][gc,ergo        ] GC(114) avg_promoted_padded_avg: 255729536.000000  avg_pretenured_padded_avg: 0.000000  tenuring_thresh: 1  target_size: 36175872
[31.225s][debug  ][gc,age         ] GC(114) Desired survivor size 36175872 bytes, new threshold 1 (max threshold 15)
[31.225s][debug  ][gc,ergo        ] GC(114) PSAdaptiveSizePolicy::compute_eden_space_size limits: desired_eden_size: 217772021 old_eden_size: 200278016 eden_limit: 196083712 cur_eden: 196083712 max_eden_size: 196083712 avg_young_live: 25062360
[31.225s][debug  ][gc,ergo        ] GC(114) PSAdaptiveSizePolicy::compute_eden_space_size: costs minor_time: 0.047450 major_cost: 0.038578 mutator_cost: 0.913972 throughput_goal: 0.990000
[31.225s][debug  ][gc,ergo        ] GC(114) Live_space: 929478272 free_space: 1358430208
[31.225s][debug  ][gc,ergo        ] GC(114) Old eden_size: 200278016 desired_eden_size: 196083712
[31.225s][debug  ][gc,ergo        ] GC(114) AdaptiveSizeStop: collection: 115 
[31.225s][info   ][gc,heap        ] GC(114) PSYoungGen: 188070K(226816K)->30720K(226816K) Eden: 188070K(191488K)->0K(191488K) From: 0K(35328K)->30720K(35328K)
[31.225s][info   ][gc,heap        ] GC(114) ParOldGen: 390755K(1781760K)->544355K(1781760K)
[31.225s][info   ][gc,metaspace   ] GC(114) Metaspace: 1024K(1216K)->1024K(1216K) NonClass: 941K(1024K)->941K(1024K) Class: 83K(192K)->83K(192K)
[31.225s][info   ][gc             ] GC(114) Pause Young (Allocation Failure) 565M->561M(1961M) 13.854ms
[31.225s][info   ][gc,cpu         ] GC(114) User=0.00s Sys=0.00s Real=0.01s
[31.225s][debug  ][gc,heap        ] GC(114) Heap after GC invocations=115 (full 19):
[31.225s][debug  ][gc,heap        ] GC(114)  PSYoungGen      total 226816K, used 30720K [0x00000007f0000000, 0x0000000800000000, 0x0000000800000000)
[31.225s][debug  ][gc,heap        ] GC(114)   eden space 191488K, 0% used [0x00000007f0000000,0x00000007f0000000,0x00000007fbb00000)
[31.225s][debug  ][gc,heap        ] GC(114)   from space 35328K, 86% used [0x00000007fbb00000,0x00000007fd900030,0x00000007fdd80000)
[31.225s][debug  ][gc,heap        ] GC(114)   to   space 35328K, 0% used [0x00000007fdd80000,0x00000007fdd80000,0x0000000800000000)
[31.225s][debug  ][gc,heap        ] GC(114)  ParOldGen       total 1781760K, used 544355K [0x0000000700000000, 0x000000076cc00000, 0x00000007f0000000)
[31.225s][debug  ][gc,heap        ] GC(114)   object space 1781760K, 30% used [0x0000000700000000,0x0000000721398f48,0x000000076cc00000)
[31.225s][debug  ][gc,heap        ] GC(114)  Metaspace       used 1024K, committed 1216K, reserved 1056768K
[31.225s][debug  ][gc,heap        ] GC(114)   class space    used 83K, committed 192K, reserved 1048576K
[31.225s][debug  ][gc,task,time   ] GC(114) VM-Thread 312105163 312232330 312250188
[31.513s][debug  ][gc,heap        ] GC(115) Heap before GC invocations=116 (full 19):
[31.513s][debug  ][gc,heap        ] GC(115)  PSYoungGen      total 226816K, used 218718K [0x00000007f0000000, 0x0000000800000000, 0x0000000800000000)
[31.513s][debug  ][gc,heap        ] GC(115)   eden space 191488K, 98% used [0x00000007f0000000,0x00000007fb797b30,0x00000007fbb00000)
[31.513s][debug  ][gc,heap        ] GC(115)   from space 35328K, 86% used [0x00000007fbb00000,0x00000007fd900030,0x00000007fdd80000)
[31.513s][debug  ][gc,heap        ] GC(115)   to   space 35328K, 0% used [0x00000007fdd80000,0x00000007fdd80000,0x0000000800000000)
[31.513s][debug  ][gc,heap        ] GC(115)  ParOldGen       total 1781760K, used 544355K [0x0000000700000000, 0x000000076cc00000, 0x00000007f0000000)
[31.513s][debug  ][gc,heap        ] GC(115)   object space 1781760K, 30% used [0x0000000700000000,0x0000000721398f48,0x000000076cc00000)
[31.513s][debug  ][gc,heap        ] GC(115)  Metaspace       used 1024K, committed 1216K, reserved 1056768K
[31.513s][debug  ][gc,heap        ] GC(115)   class space    used 83K, committed 192K, reserved 1048576K
[31.513s][debug  ][gc,tlab        ] GC(115) TLAB totals: thrds: 1  refills: 1 max: 1 slow allocs: 17 max 17 waste: 26.4% gc: 3766800B max: 3766800B slow: 0B max: 0B
[31.513s][info   ][gc,start       ] GC(115) Pause Young (Allocation Failure)
[31.513s][debug  ][gc,phases,start] GC(115) Scavenge
[31.528s][debug  ][gc,phases      ] GC(115) Scavenge 14.423ms
[31.528s][debug  ][gc,phases,start] GC(115) Reference Processing
[31.528s][debug  ][gc,ref         ] GC(115) Skipped phase 1 of Reference Processing: no references
[31.528s][debug  ][gc,ref         ] GC(115) Skipped phase 2 of Reference Processing: no references
[31.528s][debug  ][gc,ref         ] GC(115) Skipped phase 3 of Reference Processing: no references
[31.528s][debug  ][gc,ref         ] GC(115) Skipped phase 4 of Reference Processing: no references
[31.528s][debug  ][gc,phases,ref  ] GC(115) Reference Processing: 0.1ms
[31.528s][debug  ][gc,phases,ref  ] GC(115)   Reconsider SoftReferences: 0.0ms
[31.528s][debug  ][gc,phases,ref  ] GC(115)     SoftRef (ms):                  skipped
[31.528s][debug  ][gc,phases,ref  ] GC(115)   Notify Soft/WeakReferences: 0.0ms
[31.528s][debug  ][gc,phases,ref  ] GC(115)     SoftRef (ms):                  skipped
[31.528s][debug  ][gc,phases,ref  ] GC(115)     WeakRef (ms):                  skipped
[31.528s][debug  ][gc,phases,ref  ] GC(115)     FinalRef (ms):                 skipped
[31.528s][debug  ][gc,phases,ref  ] GC(115)     Total (ms):                    skipped
[31.528s][debug  ][gc,phases,ref  ] GC(115)   Notify and keep alive finalizable: 0.0ms
[31.528s][debug  ][gc,phases,ref  ] GC(115)     FinalRef (ms):                 skipped
[31.528s][debug  ][gc,phases,ref  ] GC(115)   Notify PhantomReferences: 0.0ms
[31.528s][debug  ][gc,phases,ref  ] GC(115)     PhantomRef (ms):               skipped
[31.528s][debug  ][gc,phases,ref  ] GC(115)   SoftReference:
[31.528s][debug  ][gc,phases,ref  ] GC(115)     Discovered: 0
[31.528s][debug  ][gc,phases,ref  ] GC(115)     Cleared: 0
[31.528s][debug  ][gc,phases,ref  ] GC(115)   WeakReference:
[31.528s][debug  ][gc,phases,ref  ] GC(115)     Discovered: 0
[31.528s][debug  ][gc,phases,ref  ] GC(115)     Cleared: 0
[31.528s][debug  ][gc,phases,ref  ] GC(115)   FinalReference:
[31.528s][debug  ][gc,phases,ref  ] GC(115)     Discovered: 0
[31.528s][debug  ][gc,phases,ref  ] GC(115)     Cleared: 0
[31.528s][debug  ][gc,phases,ref  ] GC(115)   PhantomReference:
[31.528s][debug  ][gc,phases,ref  ] GC(115)     Discovered: 0
[31.528s][debug  ][gc,phases,ref  ] GC(115)     Cleared: 0
[31.528s][debug  ][gc,phases      ] GC(115) Reference Processing 0.576ms
[31.528s][debug  ][gc,phases,start] GC(115) Weak Processing
[31.528s][debug  ][gc,phases      ] GC(115)   VM Weak                        Min:  0.0, Avg:  0.0, Max:  0.0, Diff:  0.0, Sum:  0.0, Workers: 6
[31.528s][debug  ][gc,phases      ] GC(115)     Dead                           Min: 0, Avg:  0.0, Max: 0, Diff: 0, Sum: 0, Workers: 6
[31.528s][debug  ][gc,phases      ] GC(115)     Total                          Min: 0, Avg:  1.3, Max: 8, Diff: 8, Sum: 8, Workers: 6
[31.528s][debug  ][gc,phases      ] GC(115)   ObjectSynchronizer Weak        Min:  0.0, Avg:  0.0, Max:  0.0, Diff:  0.0, Sum:  0.0, Workers: 6
[31.528s][debug  ][gc,phases      ] GC(115)     Dead                           Min: 0, Avg:  0.0, Max: 0, Diff: 0, Sum: 0, Workers: 6
[31.528s][debug  ][gc,phases      ] GC(115)     Total                          Min: 0, Avg:  0.5, Max: 3, Diff: 3, Sum: 3, Workers: 6
[31.528s][debug  ][gc,phases      ] GC(115)   JVMTI Tag Weak OopStorage      Min:  0.0, Avg:  0.0, Max:  0.0, Diff:  0.0, Sum:  0.0, Workers: 6
[31.528s][debug  ][gc,phases      ] GC(115)     Dead                           Min: 0, Avg:  0.0, Max: 0, Diff: 0, Sum: 0, Workers: 6
[31.528s][debug  ][gc,phases      ] GC(115)     Total                          Min: 0, Avg:  0.0, Max: 0, Diff: 0, Sum: 0, Workers: 6
[31.528s][debug  ][gc,phases      ] GC(115)   StringTable Weak               Min:  0.0, Avg:  0.0, Max:  0.0, Diff:  0.0, Sum:  0.0, Workers: 6
[31.529s][debug  ][gc,phases      ] GC(115)     Dead                           Min: 0, Avg:  0.0, Max: 0, Diff: 0, Sum: 0, Workers: 6
[31.529s][debug  ][gc,phases      ] GC(115)     Total                          Min: 768, Avg: 892.5, Max: 1024, Diff: 256, Sum: 5355, Workers: 6
[31.529s][debug  ][gc,phases      ] GC(115)   ResolvedMethodTable Weak       Min:  0.0, Avg:  0.0, Max:  0.0, Diff:  0.0, Sum:  0.0, Workers: 6
[31.529s][debug  ][gc,phases      ] GC(115)     Dead                           Min: 0, Avg:  0.0, Max: 0, Diff: 0, Sum: 0, Workers: 6
[31.529s][debug  ][gc,phases      ] GC(115)     Total                          Min: 0, Avg: 21.7, Max: 64, Diff: 64, Sum: 130, Workers: 6
[31.529s][debug  ][gc,phases      ] GC(115)   JNI Weak                       Min:  0.0, Avg:  0.0, Max:  0.0, Diff:  0.0, Sum:  0.0, Workers: 6
[31.529s][debug  ][gc,phases      ] GC(115)     Dead                           Min: 0, Avg:  0.0, Max: 0, Diff: 0, Sum: 0, Workers: 6
[31.529s][debug  ][gc,phases      ] GC(115)     Total                          Min: 0, Avg:  0.0, Max: 0, Diff: 0, Sum: 0, Workers: 6
[31.529s][debug  ][gc,phases      ] GC(115)   StringDedup Table Weak         Min:  0.0, Avg:  0.0, Max:  0.0, Diff:  0.0, Sum:  0.0, Workers: 6
[31.529s][debug  ][gc,phases      ] GC(115)     Dead                           Min: 0, Avg:  0.0, Max: 0, Diff: 0, Sum: 0, Workers: 6
[31.529s][debug  ][gc,phases      ] GC(115)     Total                          Min: 0, Avg:  0.0, Max: 0, Diff: 0, Sum: 0, Workers: 6
[31.529s][debug  ][gc,phases      ] GC(115)   StringDedup Requests0 Weak     Min:  0.0, Avg:  0.0, Max:  0.0, Diff:  0.0, Sum:  0.0, Workers: 6
[31.529s][debug  ][gc,phases      ] GC(115)     Dead                           Min: 0, Avg:  0.0, Max: 0, Diff: 0, Sum: 0, Workers: 6
[31.529s][debug  ][gc,phases      ] GC(115)     Total                          Min: 0, Avg:  0.0, Max: 0, Diff: 0, Sum: 0, Workers: 6
[31.529s][debug  ][gc,phases      ] GC(115)   StringDedup Requests1 Weak     Min:  0.0, Avg:  0.0, Max:  0.0, Diff:  0.0, Sum:  0.0, Workers: 6
[31.529s][debug  ][gc,phases      ] GC(115)     Dead                           Min: 0, Avg:  0.0, Max: 0, Diff: 0, Sum: 0, Workers: 6
[31.529s][debug  ][gc,phases      ] GC(115)     Total                          Min: 0, Avg:  0.0, Max: 0, Diff: 0, Sum: 0, Workers: 6
[31.529s][debug  ][gc,phases      ] GC(115)   Weak JFR Old Object Samples    Min:  0.0, Avg:  0.0, Max:  0.0, Diff:  0.0, Sum:  0.0, Workers: 6
[31.529s][debug  ][gc,phases      ] GC(115)     Dead                           Min: 0, Avg:  0.0, Max: 0, Diff: 0, Sum: 0, Workers: 6
[31.529s][debug  ][gc,phases      ] GC(115)     Total                          Min: 0, Avg:  0.0, Max: 0, Diff: 0, Sum: 0, Workers: 6
[31.529s][debug  ][gc,phases      ] GC(115) Weak Processing 0.754ms
[31.529s][debug  ][gc,ergo        ] GC(115) AdaptiveSizeStart:  collection: 116 
[31.529s][debug  ][gc,ergo        ] GC(115) avg_survived_padded_avg: 35757840.000000
[31.529s][debug  ][gc,ergo        ] GC(115) avg_promoted_padded_avg: 256853280.000000  avg_pretenured_padded_avg: 0.000000  tenuring_thresh: 1  target_size: 36175872
[31.529s][debug  ][gc,age         ] GC(115) Desired survivor size 36175872 bytes, new threshold 1 (max threshold 15)
[31.529s][debug  ][gc,ergo        ] GC(115) PSAdaptiveSizePolicy::compute_eden_space_size limits: desired_eden_size: 218008001 old_eden_size: 196083712 eden_limit: 196083712 cur_eden: 196083712 max_eden_size: 196083712 avg_young_live: 25701856
[31.529s][debug  ][gc,ergo        ] GC(115) PSAdaptiveSizePolicy::compute_eden_space_size: costs minor_time: 0.048617 major_cost: 0.038578 mutator_cost: 0.912805 throughput_goal: 0.990000
[31.529s][debug  ][gc,ergo        ] GC(115) Live_space: 930117760 free_space: 1354235904
[31.529s][debug  ][gc,ergo        ] GC(115) Old eden_size: 196083712 desired_eden_size: 196083712
[31.529s][debug  ][gc,ergo        ] GC(115) AdaptiveSizeStop: collection: 116 
[31.529s][info   ][gc,heap        ] GC(115) PSYoungGen: 218718K(226816K)->30720K(226816K) Eden: 187998K(191488K)->0K(191488K) From: 30720K(35328K)->30720K(35328K)
[31.529s][info   ][gc,heap        ] GC(115) ParOldGen: 544355K(1781760K)->728676K(1781760K)
[31.529s][info   ][gc,metaspace   ] GC(115) Metaspace: 1024K(1216K)->1024K(1216K) NonClass: 941K(1024K)->941K(1024K) Class: 83K(192K)->83K(192K)
[31.529s][info   ][gc             ] GC(115) Pause Young (Allocation Failure) 745M->741M(1961M) 16.181ms
[31.529s][info   ][gc,cpu         ] GC(115) User=0.16s Sys=0.00s Real=0.02s
[31.529s][debug  ][gc,heap        ] GC(115) Heap after GC invocations=116 (full 19):
[31.529s][debug  ][gc,heap        ] GC(115)  PSYoungGen      total 226816K, used 30720K [0x00000007f0000000, 0x0000000800000000, 0x0000000800000000)
[31.529s][debug  ][gc,heap        ] GC(115)   eden space 191488K, 0% used [0x00000007f0000000,0x00000007f0000000,0x00000007fbb00000)
[31.529s][debug  ][gc,heap        ] GC(115)   from space 35328K, 86% used [0x00000007fdd80000,0x00000007ffb80030,0x0000000800000000)
[31.529s][debug  ][gc,heap        ] GC(115)   to   space 35328K, 0% used [0x00000007fbb00000,0x00000007fbb00000,0x00000007fdd80000)
[31.529s][debug  ][gc,heap        ] GC(115)  ParOldGen       total 1781760K, used 728676K [0x0000000700000000, 0x000000076cc00000, 0x00000007f0000000)
[31.529s][debug  ][gc,heap        ] GC(115)   object space 1781760K, 40% used [0x0000000700000000,0x000000072c799068,0x000000076cc00000)
[31.529s][debug  ][gc,heap        ] GC(115)  Metaspace       used 1024K, committed 1216K, reserved 1056768K
[31.529s][debug  ][gc,heap        ] GC(115)   class space    used 83K, committed 192K, reserved 1048576K
[31.530s][debug  ][gc,task,time   ] GC(115) VM-Thread 315126768 315276275 315295036
[31.815s][debug  ][gc,heap        ] GC(116) Heap before GC invocations=117 (full 19):
[31.815s][debug  ][gc,heap        ] GC(116)  PSYoungGen      total 226816K, used 218745K [0x00000007f0000000, 0x0000000800000000, 0x0000000800000000)
[31.815s][debug  ][gc,heap        ] GC(116)   eden space 191488K, 98% used [0x00000007f0000000,0x00000007fb79e608,0x00000007fbb00000)
[31.815s][debug  ][gc,heap        ] GC(116)   from space 35328K, 86% used [0x00000007fdd80000,0x00000007ffb80030,0x0000000800000000)
[31.815s][debug  ][gc,heap        ] GC(116)   to   space 35328K, 0% used [0x00000007fbb00000,0x00000007fbb00000,0x00000007fdd80000)
[31.815s][debug  ][gc,heap        ] GC(116)  ParOldGen       total 1781760K, used 728676K [0x0000000700000000, 0x000000076cc00000, 0x00000007f0000000)
[31.815s][debug  ][gc,heap        ] GC(116)   object space 1781760K, 40% used [0x0000000700000000,0x000000072c799068,0x000000076cc00000)
[31.815s][debug  ][gc,heap        ] GC(116)  Metaspace       used 1024K, committed 1216K, reserved 1056768K
[31.815s][debug  ][gc,heap        ] GC(116)   class space    used 83K, committed 192K, reserved 1048576K
[31.815s][debug  ][gc,tlab        ] GC(116) TLAB totals: thrds: 1  refills: 1 max: 1 slow allocs: 17 max 17 waste: 26.6% gc: 3794152B max: 3794152B slow: 0B max: 0B
[31.815s][info   ][gc,start       ] GC(116) Pause Young (Allocation Failure)
[31.815s][debug  ][gc,phases,start] GC(116) Scavenge
[31.830s][debug  ][gc,phases      ] GC(116) Scavenge 14.830ms
[31.830s][debug  ][gc,phases,start] GC(116) Reference Processing
[31.830s][debug  ][gc,ref         ] GC(116) Skipped phase 1 of Reference Processing: no references
[31.830s][debug  ][gc,ref         ] GC(116) Skipped phase 2 of Reference Processing: no references
[31.830s][debug  ][gc,ref         ] GC(116) Skipped phase 3 of Reference Processing: no references
[31.830s][debug  ][gc,ref         ] GC(116) Skipped phase 4 of Reference Processing: no references
[31.830s][debug  ][gc,phases,ref  ] GC(116) Reference Processing: 0.1ms
[31.830s][debug  ][gc,phases,ref  ] GC(116)   Reconsider SoftReferences: 0.0ms
[31.830s][debug  ][gc,phases,ref  ] GC(116)     SoftRef (ms):                  skipped
[31.830s][debug  ][gc,phases,ref  ] GC(116)   Notify Soft/WeakReferences: 0.0ms
[31.830s][debug  ][gc,phases,ref  ] GC(116)     SoftRef (ms):                  skipped
[31.830s][debug  ][gc,phases,ref  ] GC(116)     WeakRef (ms):                  skipped
[31.830s][debug  ][gc,phases,ref  ] GC(116)     FinalRef (ms):                 skipped
[31.830s][debug  ][gc,phases,ref  ] GC(116)     Total (ms):                    skipped
[31.830s][debug  ][gc,phases,ref  ] GC(116)   Notify and keep alive finalizable: 0.0ms
[31.830s][debug  ][gc,phases,ref  ] GC(116)     FinalRef (ms):                 skipped
[31.830s][debug  ][gc,phases,ref  ] GC(116)   Notify PhantomReferences: 0.0ms
[31.830s][debug  ][gc,phases,ref  ] GC(116)     PhantomRef (ms):               skipped
[31.830s][debug  ][gc,phases,ref  ] GC(116)   SoftReference:
[31.830s][debug  ][gc,phases,ref  ] GC(116)     Discovered: 0
[31.831s][debug  ][gc,phases,ref  ] GC(116)     Cleared: 0
[31.831s][debug  ][gc,phases,ref  ] GC(116)   WeakReference:
[31.831s][debug  ][gc,phases,ref  ] GC(116)     Discovered: 0
[31.831s][debug  ][gc,phases,ref  ] GC(116)     Cleared: 0
[31.831s][debug  ][gc,phases,ref  ] GC(116)   FinalReference:
[31.831s][debug  ][gc,phases,ref  ] GC(116)     Discovered: 0
[31.831s][debug  ][gc,phases,ref  ] GC(116)     Cleared: 0
[31.831s][debug  ][gc,phases,ref  ] GC(116)   PhantomReference:
[31.831s][debug  ][gc,phases,ref  ] GC(116)     Discovered: 0
[31.831s][debug  ][gc,phases,ref  ] GC(116)     Cleared: 0
[31.831s][debug  ][gc,phases      ] GC(116) Reference Processing 0.717ms
[31.831s][debug  ][gc,phases,start] GC(116) Weak Processing
[31.831s][debug  ][gc,phases      ] GC(116)   VM Weak                        Min:  0.0, Avg:  0.0, Max:  0.0, Diff:  0.0, Sum:  0.0, Workers: 6
[31.831s][debug  ][gc,phases      ] GC(116)     Dead                           Min: 0, Avg:  0.0, Max: 0, Diff: 0, Sum: 0, Workers: 6
[31.831s][debug  ][gc,phases      ] GC(116)     Total                          Min: 0, Avg:  1.3, Max: 8, Diff: 8, Sum: 8, Workers: 6
[31.831s][debug  ][gc,phases      ] GC(116)   ObjectSynchronizer Weak        Min:  0.0, Avg:  0.0, Max:  0.0, Diff:  0.0, Sum:  0.0, Workers: 6
[31.831s][debug  ][gc,phases      ] GC(116)     Dead                           Min: 0, Avg:  0.0, Max: 0, Diff: 0, Sum: 0, Workers: 6
[31.831s][debug  ][gc,phases      ] GC(116)     Total                          Min: 0, Avg:  0.5, Max: 3, Diff: 3, Sum: 3, Workers: 6
[31.831s][debug  ][gc,phases      ] GC(116)   JVMTI Tag Weak OopStorage      Min:  0.0, Avg:  0.0, Max:  0.0, Diff:  0.0, Sum:  0.0, Workers: 6
[31.831s][debug  ][gc,phases      ] GC(116)     Dead                           Min: 0, Avg:  0.0, Max: 0, Diff: 0, Sum: 0, Workers: 6
[31.831s][debug  ][gc,phases      ] GC(116)     Total                          Min: 0, Avg:  0.0, Max: 0, Diff: 0, Sum: 0, Workers: 6
[31.831s][debug  ][gc,phases      ] GC(116)   StringTable Weak               Min:  0.0, Avg:  0.0, Max:  0.0, Diff:  0.0, Sum:  0.0, Workers: 6
[31.831s][debug  ][gc,phases      ] GC(116)     Dead                           Min: 0, Avg:  0.0, Max: 0, Diff: 0, Sum: 0, Workers: 6
[31.831s][debug  ][gc,phases      ] GC(116)     Total                          Min: 767, Avg: 892.5, Max: 1132, Diff: 365, Sum: 5355, Workers: 6
[31.831s][debug  ][gc,phases      ] GC(116)   ResolvedMethodTable Weak       Min:  0.0, Avg:  0.0, Max:  0.0, Diff:  0.0, Sum:  0.0, Workers: 6
[31.831s][debug  ][gc,phases      ] GC(116)     Dead                           Min: 0, Avg:  0.0, Max: 0, Diff: 0, Sum: 0, Workers: 6
[31.831s][debug  ][gc,phases      ] GC(116)     Total                          Min: 0, Avg: 21.7, Max: 64, Diff: 64, Sum: 130, Workers: 6
[31.831s][debug  ][gc,phases      ] GC(116)   JNI Weak                       Min:  0.0, Avg:  0.0, Max:  0.0, Diff:  0.0, Sum:  0.0, Workers: 6
[31.831s][debug  ][gc,phases      ] GC(116)     Dead                           Min: 0, Avg:  0.0, Max: 0, Diff: 0, Sum: 0, Workers: 6
[31.831s][debug  ][gc,phases      ] GC(116)     Total                          Min: 0, Avg:  0.0, Max: 0, Diff: 0, Sum: 0, Workers: 6
[31.831s][debug  ][gc,phases      ] GC(116)   StringDedup Table Weak         Min:  0.0, Avg:  0.0, Max:  0.0, Diff:  0.0, Sum:  0.0, Workers: 6
[31.831s][debug  ][gc,phases      ] GC(116)     Dead                           Min: 0, Avg:  0.0, Max: 0, Diff: 0, Sum: 0, Workers: 6
[31.831s][debug  ][gc,phases      ] GC(116)     Total                          Min: 0, Avg:  0.0, Max: 0, Diff: 0, Sum: 0, Workers: 6
[31.831s][debug  ][gc,phases      ] GC(116)   StringDedup Requests0 Weak     Min:  0.0, Avg:  0.0, Max:  0.0, Diff:  0.0, Sum:  0.0, Workers: 6
[31.831s][debug  ][gc,phases      ] GC(116)     Dead                           Min: 0, Avg:  0.0, Max: 0, Diff: 0, Sum: 0, Workers: 6
[31.831s][debug  ][gc,phases      ] GC(116)     Total                          Min: 0, Avg:  0.0, Max: 0, Diff: 0, Sum: 0, Workers: 6
[31.831s][debug  ][gc,phases      ] GC(116)   StringDedup Requests1 Weak     Min:  0.0, Avg:  0.0, Max:  0.0, Diff:  0.0, Sum:  0.0, Workers: 6
[31.831s][debug  ][gc,phases      ] GC(116)     Dead                           Min: 0, Avg:  0.0, Max: 0, Diff: 0, Sum: 0, Workers: 6
[31.831s][debug  ][gc,phases      ] GC(116)     Total                          Min: 0, Avg:  0.0, Max: 0, Diff: 0, Sum: 0, Workers: 6
[31.831s][debug  ][gc,phases      ] GC(116)   Weak JFR Old Object Samples    Min:  0.0, Avg:  0.0, Max:  0.0, Diff:  0.0, Sum:  0.0, Workers: 6
[31.832s][debug  ][gc,phases      ] GC(116)     Dead                           Min: 0, Avg:  0.0, Max: 0, Diff: 0, Sum: 0, Workers: 6
[31.832s][debug  ][gc,phases      ] GC(116)     Total                          Min: 0, Avg:  0.0, Max: 0, Diff: 0, Sum: 0, Workers: 6
[31.832s][debug  ][gc,phases      ] GC(116) Weak Processing 0.761ms
[31.832s][debug  ][gc,ergo        ] GC(116) AdaptiveSizeStart:  collection: 117 
[31.832s][debug  ][gc,ergo        ] GC(116) avg_survived_padded_avg: 35704672.000000
[31.832s][debug  ][gc,ergo        ] GC(116) avg_promoted_padded_avg: 257082400.000000  avg_pretenured_padded_avg: 0.000000  tenuring_thresh: 1  target_size: 36175872
[31.832s][debug  ][gc,age         ] GC(116) Desired survivor size 36175872 bytes, new threshold 1 (max threshold 15)
[31.832s][debug  ][gc,ergo        ] GC(116) PSAdaptiveSizePolicy::compute_eden_space_size limits: desired_eden_size: 218289440 old_eden_size: 196083712 eden_limit: 196083712 cur_eden: 196083712 max_eden_size: 196083712 avg_young_live: 26277404
[31.832s][debug  ][gc,ergo        ] GC(116) PSAdaptiveSizePolicy::compute_eden_space_size: costs minor_time: 0.050051 major_cost: 0.038578 mutator_cost: 0.911371 throughput_goal: 0.990000
[31.832s][debug  ][gc,ergo        ] GC(116) Live_space: 930693376 free_space: 1354235904
[31.832s][debug  ][gc,ergo        ] GC(116) Old eden_size: 196083712 desired_eden_size: 196083712
[31.832s][debug  ][gc,ergo        ] GC(116) AdaptiveSizeStop: collection: 117 
[31.832s][info   ][gc,heap        ] GC(116) PSYoungGen: 218745K(226816K)->30720K(226816K) Eden: 188025K(191488K)->0K(191488K) From: 30720K(35328K)->30720K(35328K)
[31.832s][info   ][gc,heap        ] GC(116) ParOldGen: 728676K(1781760K)->912996K(1781760K)
[31.832s][info   ][gc,metaspace   ] GC(116) Metaspace: 1024K(1216K)->1024K(1216K) NonClass: 941K(1024K)->941K(1024K) Class: 83K(192K)->83K(192K)
[31.832s][info   ][gc             ] GC(116) Pause Young (Allocation Failure) 925M->921M(1961M) 16.782ms
[31.832s][info   ][gc,cpu         ] GC(116) User=0.14s Sys=0.00s Real=0.02s
[31.832s][debug  ][gc,heap        ] GC(116) Heap after GC invocations=117 (full 19):
[31.832s][debug  ][gc,heap        ] GC(116)  PSYoungGen      total 226816K, used 30720K [0x00000007f0000000, 0x0000000800000000, 0x0000000800000000)
[31.832s][debug  ][gc,heap        ] GC(116)   eden space 191488K, 0% used [0x00000007f0000000,0x00000007f0000000,0x00000007fbb00000)
[31.832s][debug  ][gc,heap        ] GC(116)   from space 35328K, 86% used [0x00000007fbb00000,0x00000007fd900030,0x00000007fdd80000)
[31.832s][debug  ][gc,heap        ] GC(116)   to   space 35328K, 0% used [0x00000007fdd80000,0x00000007fdd80000,0x0000000800000000)
[31.832s][debug  ][gc,heap        ] GC(116)  ParOldGen       total 1781760K, used 912996K [0x0000000700000000, 0x000000076cc00000, 0x00000007f0000000)
[31.832s][debug  ][gc,heap        ] GC(116)   object space 1781760K, 51% used [0x0000000700000000,0x0000000737b99188,0x000000076cc00000)
[31.832s][debug  ][gc,heap        ] GC(116)  Metaspace       used 1024K, committed 1216K, reserved 1056768K
[31.832s][debug  ][gc,heap        ] GC(116)   class space    used 83K, committed 192K, reserved 1048576K
[31.832s][debug  ][gc,task,time   ] GC(116) VM-Thread 318146592 318300545 318321178
[32.117s][debug  ][gc,heap        ] GC(117) Heap before GC invocations=118 (full 19):
[32.117s][debug  ][gc,heap        ] GC(117)  PSYoungGen      total 226816K, used 218762K [0x00000007f0000000, 0x0000000800000000, 0x0000000800000000)
[32.117s][debug  ][gc,heap        ] GC(117)   eden space 191488K, 98% used [0x00000007f0000000,0x00000007fb7a2ab8,0x00000007fbb00000)
[32.117s][debug  ][gc,heap        ] GC(117)   from space 35328K, 86% used [0x00000007fbb00000,0x00000007fd900030,0x00000007fdd80000)
[32.117s][debug  ][gc,heap        ] GC(117)   to   space 35328K, 0% used [0x00000007fdd80000,0x00000007fdd80000,0x0000000800000000)
[32.117s][debug  ][gc,heap        ] GC(117)  ParOldGen       total 1781760K, used 912996K [0x0000000700000000, 0x000000076cc00000, 0x00000007f0000000)
[32.117s][debug  ][gc,heap        ] GC(117)   object space 1781760K, 51% used [0x0000000700000000,0x0000000737b99188,0x000000076cc00000)
[32.117s][debug  ][gc,heap        ] GC(117)  Metaspace       used 1024K, committed 1216K, reserved 1056768K
[32.117s][debug  ][gc,heap        ] GC(117)   class space    used 83K, committed 192K, reserved 1048576K
[32.117s][debug  ][gc,tlab        ] GC(117) TLAB totals: thrds: 1  refills: 1 max: 1 slow allocs: 17 max 17 waste: 26.7% gc: 3810672B max: 3810672B slow: 0B max: 0B
[32.117s][info   ][gc,start       ] GC(117) Pause Young (Allocation Failure)
[32.117s][debug  ][gc,phases,start] GC(117) Scavenge
[32.125s][debug  ][gc,phases      ] GC(117) Scavenge 7.548ms
[32.125s][debug  ][gc,phases,start] GC(117) Reference Processing
[32.125s][debug  ][gc,ref         ] GC(117) Skipped phase 1 of Reference Processing: no references
[32.125s][debug  ][gc,ref         ] GC(117) Skipped phase 2 of Reference Processing: no references
[32.125s][debug  ][gc,ref         ] GC(117) Skipped phase 3 of Reference Processing: no references
[32.125s][debug  ][gc,ref         ] GC(117) Skipped phase 4 of Reference Processing: no references
[32.125s][debug  ][gc,phases,ref  ] GC(117) Reference Processing: 0.1ms
[32.125s][debug  ][gc,phases,ref  ] GC(117)   Reconsider SoftReferences: 0.0ms
[32.125s][debug  ][gc,phases,ref  ] GC(117)     SoftRef (ms):                  skipped
[32.125s][debug  ][gc,phases,ref  ] GC(117)   Notify Soft/WeakReferences: 0.0ms
[32.125s][debug  ][gc,phases,ref  ] GC(117)     SoftRef (ms):                  skipped
[32.125s][debug  ][gc,phases,ref  ] GC(117)     WeakRef (ms):                  skipped
[32.125s][debug  ][gc,phases,ref  ] GC(117)     FinalRef (ms):                 skipped
[32.125s][debug  ][gc,phases,ref  ] GC(117)     Total (ms):                    skipped
[32.125s][debug  ][gc,phases,ref  ] GC(117)   Notify and keep alive finalizable: 0.0ms
[32.125s][debug  ][gc,phases,ref  ] GC(117)     FinalRef (ms):                 skipped
[32.125s][debug  ][gc,phases,ref  ] GC(117)   Notify PhantomReferences: 0.0ms
[32.125s][debug  ][gc,phases,ref  ] GC(117)     PhantomRef (ms):               skipped
[32.126s][debug  ][gc,phases,ref  ] GC(117)   SoftReference:
[32.126s][debug  ][gc,phases,ref  ] GC(117)     Discovered: 0
[32.126s][debug  ][gc,phases,ref  ] GC(117)     Cleared: 0
[32.126s][debug  ][gc,phases,ref  ] GC(117)   WeakReference:
[32.126s][debug  ][gc,phases,ref  ] GC(117)     Discovered: 0
[32.126s][debug  ][gc,phases,ref  ] GC(117)     Cleared: 0
[32.126s][debug  ][gc,phases,ref  ] GC(117)   FinalReference:
[32.126s][debug  ][gc,phases,ref  ] GC(117)     Discovered: 0
[32.126s][debug  ][gc,phases,ref  ] GC(117)     Cleared: 0
[32.126s][debug  ][gc,phases,ref  ] GC(117)   PhantomReference:
[32.126s][debug  ][gc,phases,ref  ] GC(117)     Discovered: 0
[32.126s][debug  ][gc,phases,ref  ] GC(117)     Cleared: 0
[32.126s][debug  ][gc,phases      ] GC(117) Reference Processing 0.801ms
[32.126s][debug  ][gc,phases,start] GC(117) Weak Processing
[32.126s][debug  ][gc,phases      ] GC(117)   VM Weak                        Min:  0.0, Avg:  0.0, Max:  0.0, Diff:  0.0, Sum:  0.0, Workers: 6
[32.126s][debug  ][gc,phases      ] GC(117)     Dead                           Min: 0, Avg:  0.0, Max: 0, Diff: 0, Sum: 0, Workers: 6
[32.126s][debug  ][gc,phases      ] GC(117)     Total                          Min: 0, Avg:  1.3, Max: 8, Diff: 8, Sum: 8, Workers: 6
[32.126s][debug  ][gc,phases      ] GC(117)   ObjectSynchronizer Weak        Min:  0.0, Avg:  0.0, Max:  0.0, Diff:  0.0, Sum:  0.0, Workers: 6
[32.126s][debug  ][gc,phases      ] GC(117)     Dead                           Min: 0, Avg:  0.0, Max: 0, Diff: 0, Sum: 0, Workers: 6
[32.126s][debug  ][gc,phases      ] GC(117)     Total                          Min: 0, Avg:  0.5, Max: 3, Diff: 3, Sum: 3, Workers: 6
[32.126s][debug  ][gc,phases      ] GC(117)   JVMTI Tag Weak OopStorage      Min:  0.0, Avg:  0.0, Max:  0.0, Diff:  0.0, Sum:  0.0, Workers: 6
[32.126s][debug  ][gc,phases      ] GC(117)     Dead                           Min: 0, Avg:  0.0, Max: 0, Diff: 0, Sum: 0, Workers: 6
[32.126s][debug  ][gc,phases      ] GC(117)     Total                          Min: 0, Avg:  0.0, Max: 0, Diff: 0, Sum: 0, Workers: 6
[32.126s][debug  ][gc,phases      ] GC(117)   StringTable Weak               Min:  0.0, Avg:  0.0, Max:  0.0, Diff:  0.0, Sum:  0.0, Workers: 6
[32.126s][debug  ][gc,phases      ] GC(117)     Dead                           Min: 0, Avg:  0.0, Max: 0, Diff: 0, Sum: 0, Workers: 6
[32.126s][debug  ][gc,phases      ] GC(117)     Total                          Min: 703, Avg: 892.5, Max: 1344, Diff: 641, Sum: 5355, Workers: 6
[32.126s][debug  ][gc,phases      ] GC(117)   ResolvedMethodTable Weak       Min:  0.0, Avg:  0.0, Max:  0.0, Diff:  0.0, Sum:  0.0, Workers: 6
[32.126s][debug  ][gc,phases      ] GC(117)     Dead                           Min: 0, Avg:  0.0, Max: 0, Diff: 0, Sum: 0, Workers: 6
[32.126s][debug  ][gc,phases      ] GC(117)     Total                          Min: 0, Avg: 21.7, Max: 64, Diff: 64, Sum: 130, Workers: 6
[32.126s][debug  ][gc,phases      ] GC(117)   JNI Weak                       Min:  0.0, Avg:  0.0, Max:  0.0, Diff:  0.0, Sum:  0.0, Workers: 6
[32.126s][debug  ][gc,phases      ] GC(117)     Dead                           Min: 0, Avg:  0.0, Max: 0, Diff: 0, Sum: 0, Workers: 6
[32.126s][debug  ][gc,phases      ] GC(117)     Total                          Min: 0, Avg:  0.0, Max: 0, Diff: 0, Sum: 0, Workers: 6
[32.126s][debug  ][gc,phases      ] GC(117)   StringDedup Table Weak         Min:  0.0, Avg:  0.0, Max:  0.0, Diff:  0.0, Sum:  0.0, Workers: 6
[32.126s][debug  ][gc,phases      ] GC(117)     Dead                           Min: 0, Avg:  0.0, Max: 0, Diff: 0, Sum: 0, Workers: 6
[32.126s][debug  ][gc,phases      ] GC(117)     Total                          Min: 0, Avg:  0.0, Max: 0, Diff: 0, Sum: 0, Workers: 6
[32.126s][debug  ][gc,phases      ] GC(117)   StringDedup Requests0 Weak     Min:  0.0, Avg:  0.0, Max:  0.0, Diff:  0.0, Sum:  0.0, Workers: 6
[32.126s][debug  ][gc,phases      ] GC(117)     Dead                           Min: 0, Avg:  0.0, Max: 0, Diff: 0, Sum: 0, Workers: 6
[32.126s][debug  ][gc,phases      ] GC(117)     Total                          Min: 0, Avg:  0.0, Max: 0, Diff: 0, Sum: 0, Workers: 6
[32.126s][debug  ][gc,phases      ] GC(117)   StringDedup Requests1 Weak     Min:  0.0, Avg:  0.0, Max:  0.0, Diff:  0.0, Sum:  0.0, Workers: 6
[32.127s][debug  ][gc,phases      ] GC(117)     Dead                           Min: 0, Avg:  0.0, Max: 0, Diff: 0, Sum: 0, Workers: 6
[32.127s][debug  ][gc,phases      ] GC(117)     Total                          Min: 0, Avg:  0.0, Max: 0, Diff: 0, Sum: 0, Workers: 6
[32.127s][debug  ][gc,phases      ] GC(117)   Weak JFR Old Object Samples    Min:  0.0, Avg:  0.0, Max:  0.0, Diff:  0.0, Sum:  0.0, Workers: 6
[32.127s][debug  ][gc,phases      ] GC(117)     Dead                           Min: 0, Avg:  0.0, Max: 0, Diff: 0, Sum: 0, Workers: 6
[32.127s][debug  ][gc,phases      ] GC(117)     Total                          Min: 0, Avg:  0.0, Max: 0, Diff: 0, Sum: 0, Workers: 6
[32.127s][debug  ][gc,phases      ] GC(117) Weak Processing 0.793ms
[32.127s][debug  ][gc,ergo        ] GC(117) AdaptiveSizeStart:  collection: 118 
[32.127s][debug  ][gc,ergo        ] GC(117) avg_survived_padded_avg: 35619136.000000
[32.127s][debug  ][gc,ergo        ] GC(117) avg_promoted_padded_avg: 263520928.000000  avg_pretenured_padded_avg: 0.000000  tenuring_thresh: 1  target_size: 35651584
[32.127s][debug  ][gc,age         ] GC(117) Desired survivor size 35651584 bytes, new threshold 1 (max threshold 15)
[32.127s][debug  ][gc,ergo        ] GC(117) PSAdaptiveSizePolicy::compute_eden_space_size limits: desired_eden_size: 217341682 old_eden_size: 196083712 eden_limit: 196083712 cur_eden: 196083712 max_eden_size: 196083712 avg_young_live: 26795396
[32.127s][debug  ][gc,ergo        ] GC(117) PSAdaptiveSizePolicy::compute_eden_space_size: costs minor_time: 0.045401 major_cost: 0.038578 mutator_cost: 0.916021 throughput_goal: 0.990000
[32.127s][debug  ][gc,ergo        ] GC(117) Live_space: 931211328 free_space: 1354235904
[32.127s][debug  ][gc,ergo        ] GC(117) Old eden_size: 196083712 desired_eden_size: 196083712
[32.127s][debug  ][gc,ergo        ] GC(117) AdaptiveSizeStop: collection: 118 
[32.127s][info   ][gc,heap        ] GC(117) PSYoungGen: 218762K(226816K)->30720K(227328K) Eden: 188042K(191488K)->0K(192000K) From: 30720K(35328K)->30720K(35328K)
[32.127s][info   ][gc,heap        ] GC(117) ParOldGen: 912996K(1781760K)->984676K(1781760K)
[32.127s][info   ][gc,metaspace   ] GC(117) Metaspace: 1024K(1216K)->1024K(1216K) NonClass: 941K(1024K)->941K(1024K) Class: 83K(192K)->83K(192K)
[32.127s][info   ][gc             ] GC(117) Pause Young (Allocation Failure) 1105M->991M(1962M) 9.653ms
[32.127s][info   ][gc,cpu         ] GC(117) User=0.00s Sys=0.00s Real=0.01s
[32.127s][debug  ][gc,heap        ] GC(117) Heap after GC invocations=118 (full 19):
[32.127s][debug  ][gc,heap        ] GC(117)  PSYoungGen      total 227328K, used 30720K [0x00000007f0000000, 0x0000000800000000, 0x0000000800000000)
[32.127s][debug  ][gc,heap        ] GC(117)   eden space 192000K, 0% used [0x00000007f0000000,0x00000007f0000000,0x00000007fbb80000)
[32.127s][debug  ][gc,heap        ] GC(117)   from space 35328K, 86% used [0x00000007fdd80000,0x00000007ffb80030,0x0000000800000000)
[32.127s][debug  ][gc,heap        ] GC(117)   to   space 34816K, 0% used [0x00000007fbb80000,0x00000007fbb80000,0x00000007fdd80000)
[32.127s][debug  ][gc,heap        ] GC(117)  ParOldGen       total 1781760K, used 984676K [0x0000000700000000, 0x000000076cc00000, 0x00000007f0000000)
[32.127s][debug  ][gc,heap        ] GC(117)   object space 1781760K, 55% used [0x0000000700000000,0x000000073c1991f8,0x000000076cc00000)
[32.127s][debug  ][gc,heap        ] GC(117)  Metaspace       used 1024K, committed 1216K, reserved 1056768K
[32.127s][debug  ][gc,heap        ] GC(117)   class space    used 83K, committed 192K, reserved 1048576K
[32.127s][debug  ][gc,task,time   ] GC(117) VM-Thread 321167740 321250243 321272702
[32.417s][debug  ][gc,heap        ] GC(118) Heap before GC invocations=119 (full 19):
[32.417s][debug  ][gc,heap        ] GC(118)  PSYoungGen      total 227328K, used 218783K [0x00000007f0000000, 0x0000000800000000, 0x0000000800000000)
[32.417s][debug  ][gc,heap        ] GC(118)   eden space 192000K, 97% used [0x00000007f0000000,0x00000007fb7a7ed0,0x00000007fbb80000)
[32.417s][debug  ][gc,heap        ] GC(118)   from space 35328K, 86% used [0x00000007fdd80000,0x00000007ffb80030,0x0000000800000000)
[32.417s][debug  ][gc,heap        ] GC(118)   to   space 34816K, 0% used [0x00000007fbb80000,0x00000007fbb80000,0x00000007fdd80000)
[32.417s][debug  ][gc,heap        ] GC(118)  ParOldGen       total 1781760K, used 984676K [0x0000000700000000, 0x000000076cc00000, 0x00000007f0000000)
[32.417s][debug  ][gc,heap        ] GC(118)   object space 1781760K, 55% used [0x0000000700000000,0x000000073c1991f8,0x000000076cc00000)
[32.417s][debug  ][gc,heap        ] GC(118)  Metaspace       used 1024K, committed 1216K, reserved 1056768K
[32.417s][debug  ][gc,heap        ] GC(118)   class space    used 83K, committed 192K, reserved 1048576K
[32.417s][debug  ][gc,tlab        ] GC(118) TLAB totals: thrds: 1  refills: 1 max: 1 slow allocs: 17 max 17 waste: 26.8% gc: 3833264B max: 3833264B slow: 0B max: 0B
[32.417s][info   ][gc,start       ] GC(118) Pause Young (Allocation Failure)
[32.417s][debug  ][gc,phases,start] GC(118) Scavenge
[32.432s][debug  ][gc,phases      ] GC(118) Scavenge 14.859ms
[32.432s][debug  ][gc,phases,start] GC(118) Reference Processing
[32.432s][debug  ][gc,ref         ] GC(118) Skipped phase 1 of Reference Processing: no references
[32.432s][debug  ][gc,ref         ] GC(118) Skipped phase 2 of Reference Processing: no references
[32.432s][debug  ][gc,ref         ] GC(118) Skipped phase 3 of Reference Processing: no references
[32.432s][debug  ][gc,ref         ] GC(118) Skipped phase 4 of Reference Processing: no references
[32.432s][debug  ][gc,phases,ref  ] GC(118) Reference Processing: 0.1ms
[32.432s][debug  ][gc,phases,ref  ] GC(118)   Reconsider SoftReferences: 0.0ms
[32.432s][debug  ][gc,phases,ref  ] GC(118)     SoftRef (ms):                  skipped
[32.432s][debug  ][gc,phases,ref  ] GC(118)   Notify Soft/WeakReferences: 0.0ms
[32.432s][debug  ][gc,phases,ref  ] GC(118)     SoftRef (ms):                  skipped
[32.432s][debug  ][gc,phases,ref  ] GC(118)     WeakRef (ms):                  skipped
[32.433s][debug  ][gc,phases,ref  ] GC(118)     FinalRef (ms):                 skipped
[32.433s][debug  ][gc,phases,ref  ] GC(118)     Total (ms):                    skipped
[32.433s][debug  ][gc,phases,ref  ] GC(118)   Notify and keep alive finalizable: 0.0ms
[32.433s][debug  ][gc,phases,ref  ] GC(118)     FinalRef (ms):                 skipped
[32.433s][debug  ][gc,phases,ref  ] GC(118)   Notify PhantomReferences: 0.0ms
[32.433s][debug  ][gc,phases,ref  ] GC(118)     PhantomRef (ms):               skipped
[32.433s][debug  ][gc,phases,ref  ] GC(118)   SoftReference:
[32.433s][debug  ][gc,phases,ref  ] GC(118)     Discovered: 0
[32.433s][debug  ][gc,phases,ref  ] GC(118)     Cleared: 0
[32.433s][debug  ][gc,phases,ref  ] GC(118)   WeakReference:
[32.433s][debug  ][gc,phases,ref  ] GC(118)     Discovered: 0
[32.433s][debug  ][gc,phases,ref  ] GC(118)     Cleared: 0
[32.433s][debug  ][gc,phases,ref  ] GC(118)   FinalReference:
[32.433s][debug  ][gc,phases,ref  ] GC(118)     Discovered: 0
[32.433s][debug  ][gc,phases,ref  ] GC(118)     Cleared: 0
[32.433s][debug  ][gc,phases,ref  ] GC(118)   PhantomReference:
[32.433s][debug  ][gc,phases,ref  ] GC(118)     Discovered: 0
[32.433s][debug  ][gc,phases,ref  ] GC(118)     Cleared: 0
[32.433s][debug  ][gc,phases      ] GC(118) Reference Processing 0.630ms
[32.433s][debug  ][gc,phases,start] GC(118) Weak Processing
[32.433s][debug  ][gc,phases      ] GC(118)   VM Weak                        Min:  0.0, Avg:  0.0, Max:  0.0, Diff:  0.0, Sum:  0.0, Workers: 6
[32.433s][debug  ][gc,phases      ] GC(118)     Dead                           Min: 0, Avg:  0.0, Max: 0, Diff: 0, Sum: 0, Workers: 6
[32.433s][debug  ][gc,phases      ] GC(118)     Total                          Min: 0, Avg:  1.3, Max: 8, Diff: 8, Sum: 8, Workers: 6
[32.433s][debug  ][gc,phases      ] GC(118)   ObjectSynchronizer Weak        Min:  0.0, Avg:  0.0, Max:  0.0, Diff:  0.0, Sum:  0.0, Workers: 6
[32.433s][debug  ][gc,phases      ] GC(118)     Dead                           Min: 0, Avg:  0.0, Max: 0, Diff: 0, Sum: 0, Workers: 6
[32.433s][debug  ][gc,phases      ] GC(118)     Total                          Min: 0, Avg:  0.5, Max: 3, Diff: 3, Sum: 3, Workers: 6
[32.433s][debug  ][gc,phases      ] GC(118)   JVMTI Tag Weak OopStorage      Min:  0.0, Avg:  0.0, Max:  0.0, Diff:  0.0, Sum:  0.0, Workers: 6
[32.433s][debug  ][gc,phases      ] GC(118)     Dead                           Min: 0, Avg:  0.0, Max: 0, Diff: 0, Sum: 0, Workers: 6
[32.433s][debug  ][gc,phases      ] GC(118)     Total                          Min: 0, Avg:  0.0, Max: 0, Diff: 0, Sum: 0, Workers: 6
[32.433s][debug  ][gc,phases      ] GC(118)   StringTable Weak               Min:  0.0, Avg:  0.0, Max:  0.0, Diff:  0.0, Sum:  0.0, Workers: 6
[32.433s][debug  ][gc,phases      ] GC(118)     Dead                           Min: 0, Avg:  0.0, Max: 0, Diff: 0, Sum: 0, Workers: 6
[32.433s][debug  ][gc,phases      ] GC(118)     Total                          Min: 703, Avg: 892.5, Max: 1132, Diff: 429, Sum: 5355, Workers: 6
[32.433s][debug  ][gc,phases      ] GC(118)   ResolvedMethodTable Weak       Min:  0.0, Avg:  0.0, Max:  0.0, Diff:  0.0, Sum:  0.0, Workers: 6
[32.433s][debug  ][gc,phases      ] GC(118)     Dead                           Min: 0, Avg:  0.0, Max: 0, Diff: 0, Sum: 0, Workers: 6
[32.433s][debug  ][gc,phases      ] GC(118)     Total                          Min: 0, Avg: 21.7, Max: 64, Diff: 64, Sum: 130, Workers: 6
[32.433s][debug  ][gc,phases      ] GC(118)   JNI Weak                       Min:  0.0, Avg:  0.0, Max:  0.0, Diff:  0.0, Sum:  0.0, Workers: 6
[32.433s][debug  ][gc,phases      ] GC(118)     Dead                           Min: 0, Avg:  0.0, Max: 0, Diff: 0, Sum: 0, Workers: 6
[32.433s][debug  ][gc,phases      ] GC(118)     Total                          Min: 0, Avg:  0.0, Max: 0, Diff: 0, Sum: 0, Workers: 6
[32.433s][debug  ][gc,phases      ] GC(118)   StringDedup Table Weak         Min:  0.0, Avg:  0.0, Max:  0.0, Diff:  0.0, Sum:  0.0, Workers: 6
[32.433s][debug  ][gc,phases      ] GC(118)     Dead                           Min: 0, Avg:  0.0, Max: 0, Diff: 0, Sum: 0, Workers: 6
[32.433s][debug  ][gc,phases      ] GC(118)     Total                          Min: 0, Avg:  0.0, Max: 0, Diff: 0, Sum: 0, Workers: 6
[32.433s][debug  ][gc,phases      ] GC(118)   StringDedup Requests0 Weak     Min:  0.0, Avg:  0.0, Max:  0.0, Diff:  0.0, Sum:  0.0, Workers: 6
[32.433s][debug  ][gc,phases      ] GC(118)     Dead                           Min: 0, Avg:  0.0, Max: 0, Diff: 0, Sum: 0, Workers: 6
[32.433s][debug  ][gc,phases      ] GC(118)     Total                          Min: 0, Avg:  0.0, Max: 0, Diff: 0, Sum: 0, Workers: 6
[32.434s][debug  ][gc,phases      ] GC(118)   StringDedup Requests1 Weak     Min:  0.0, Avg:  0.0, Max:  0.0, Diff:  0.0, Sum:  0.0, Workers: 6
[32.434s][debug  ][gc,phases      ] GC(118)     Dead                           Min: 0, Avg:  0.0, Max: 0, Diff: 0, Sum: 0, Workers: 6
[32.434s][debug  ][gc,phases      ] GC(118)     Total                          Min: 0, Avg:  0.0, Max: 0, Diff: 0, Sum: 0, Workers: 6
[32.434s][debug  ][gc,phases      ] GC(118)   Weak JFR Old Object Samples    Min:  0.0, Avg:  0.0, Max:  0.0, Diff:  0.0, Sum:  0.0, Workers: 6
[32.434s][debug  ][gc,phases      ] GC(118)     Dead                           Min: 0, Avg:  0.0, Max: 0, Diff: 0, Sum: 0, Workers: 6
[32.434s][debug  ][gc,phases      ] GC(118)     Total                          Min: 0, Avg:  0.0, Max: 0, Diff: 0, Sum: 0, Workers: 6
[32.434s][debug  ][gc,phases      ] GC(118) Weak Processing 0.707ms
[32.434s][debug  ][gc,ergo        ] GC(118) AdaptiveSizeStart:  collection: 119 
[32.434s][debug  ][gc,ergo        ] GC(118) avg_survived_padded_avg: 35508228.000000
[32.434s][debug  ][gc,ergo        ] GC(118) avg_promoted_padded_avg: 264859936.000000  avg_pretenured_padded_avg: 0.000000  tenuring_thresh: 1  target_size: 35651584
[32.434s][debug  ][gc,age         ] GC(118) Desired survivor size 35651584 bytes, new threshold 1 (max threshold 15)
[32.434s][debug  ][gc,ergo        ] GC(118) PSAdaptiveSizePolicy::compute_eden_space_size limits: desired_eden_size: 218273986 old_eden_size: 196083712 eden_limit: 196608000 cur_eden: 196608000 max_eden_size: 196608000 avg_young_live: 27261588
[32.434s][debug  ][gc,ergo        ] GC(118) PSAdaptiveSizePolicy::compute_eden_space_size: costs minor_time: 0.047341 major_cost: 0.038578 mutator_cost: 0.914080 throughput_goal: 0.990000
[32.434s][debug  ][gc,ergo        ] GC(118) Live_space: 931677568 free_space: 1354235904
[32.434s][debug  ][gc,ergo        ] GC(118) Old eden_size: 196083712 desired_eden_size: 196608000
[32.434s][debug  ][gc,ergo        ] GC(118) AdaptiveSizeStop: collection: 119 
[32.434s][info   ][gc,heap        ] GC(118) PSYoungGen: 218783K(227328K)->30720K(226816K) Eden: 188063K(192000K)->0K(192000K) From: 30720K(35328K)->30720K(34816K)
[32.434s][info   ][gc,heap        ] GC(118) ParOldGen: 984676K(1781760K)->1168996K(1781760K)
[32.434s][info   ][gc,metaspace   ] GC(118) Metaspace: 1024K(1216K)->1024K(1216K) NonClass: 941K(1024K)->941K(1024K) Class: 83K(192K)->83K(192K)
[32.434s][info   ][gc             ] GC(118) Pause Young (Allocation Failure) 1175M->1171M(1961M) 16.634ms
[32.434s][info   ][gc,cpu         ] GC(118) User=0.16s Sys=0.00s Real=0.02s
[32.434s][debug  ][gc,heap        ] GC(118) Heap after GC invocations=119 (full 19):
[32.434s][debug  ][gc,heap        ] GC(118)  PSYoungGen      total 226816K, used 30720K [0x00000007f0000000, 0x0000000800000000, 0x0000000800000000)
[32.434s][debug  ][gc,heap        ] GC(118)   eden space 192000K, 0% used [0x00000007f0000000,0x00000007f0000000,0x00000007fbb80000)
[32.434s][debug  ][gc,heap        ] GC(118)   from space 34816K, 88% used [0x00000007fbb80000,0x00000007fd980030,0x00000007fdd80000)
[32.434s][debug  ][gc,heap        ] GC(118)   to   space 34816K, 0% used [0x00000007fde00000,0x00000007fde00000,0x0000000800000000)
[32.434s][debug  ][gc,heap        ] GC(118)  ParOldGen       total 1781760K, used 1168996K [0x0000000700000000, 0x000000076cc00000, 0x00000007f0000000)
[32.434s][debug  ][gc,heap        ] GC(118)   object space 1781760K, 65% used [0x0000000700000000,0x0000000747599318,0x000000076cc00000)
[32.434s][debug  ][gc,heap        ] GC(118)  Metaspace       used 1024K, committed 1216K, reserved 1056768K
[32.434s][debug  ][gc,heap        ] GC(118)   class space    used 83K, committed 192K, reserved 1048576K
[32.434s][debug  ][gc,task,time   ] GC(118) VM-Thread 324168507 324322639 324341515
[32.717s][debug  ][gc,heap        ] GC(119) Heap before GC invocations=120 (full 19):
[32.717s][debug  ][gc,heap        ] GC(119)  PSYoungGen      total 226816K, used 218790K [0x00000007f0000000, 0x0000000800000000, 0x0000000800000000)
[32.717s][debug  ][gc,heap        ] GC(119)   eden space 192000K, 97% used [0x00000007f0000000,0x00000007fb7a9b08,0x00000007fbb80000)
[32.717s][debug  ][gc,heap        ] GC(119)   from space 34816K, 88% used [0x00000007fbb80000,0x00000007fd980030,0x00000007fdd80000)
[32.717s][debug  ][gc,heap        ] GC(119)   to   space 34816K, 0% used [0x00000007fde00000,0x00000007fde00000,0x0000000800000000)
[32.717s][debug  ][gc,heap        ] GC(119)  ParOldGen       total 1781760K, used 1168996K [0x0000000700000000, 0x000000076cc00000, 0x00000007f0000000)
[32.717s][debug  ][gc,heap        ] GC(119)   object space 1781760K, 65% used [0x0000000700000000,0x0000000747599318,0x000000076cc00000)
[32.717s][debug  ][gc,heap        ] GC(119)  Metaspace       used 1024K, committed 1216K, reserved 1056768K
[32.717s][debug  ][gc,heap        ] GC(119)   class space    used 83K, committed 192K, reserved 1048576K
[32.717s][debug  ][gc,tlab        ] GC(119) TLAB totals: thrds: 1  refills: 1 max: 1 slow allocs: 17 max 17 waste: 26.8% gc: 3840488B max: 3840488B slow: 0B max: 0B
[32.717s][info   ][gc,start       ] GC(119) Pause Young (Allocation Failure)
[32.717s][debug  ][gc,phases,start] GC(119) Scavenge
[32.733s][debug  ][gc,phases      ] GC(119) Scavenge 15.000ms
[32.733s][debug  ][gc,phases,start] GC(119) Reference Processing
[32.733s][debug  ][gc,ref         ] GC(119) Skipped phase 1 of Reference Processing: no references
[32.733s][debug  ][gc,ref         ] GC(119) Skipped phase 2 of Reference Processing: no references
[32.733s][debug  ][gc,ref         ] GC(119) Skipped phase 3 of Reference Processing: no references
[32.733s][debug  ][gc,ref         ] GC(119) Skipped phase 4 of Reference Processing: no references
[32.733s][debug  ][gc,phases,ref  ] GC(119) Reference Processing: 0.1ms
[32.733s][debug  ][gc,phases,ref  ] GC(119)   Reconsider SoftReferences: 0.0ms
[32.733s][debug  ][gc,phases,ref  ] GC(119)     SoftRef (ms):                  skipped
[32.733s][debug  ][gc,phases,ref  ] GC(119)   Notify Soft/WeakReferences: 0.0ms
[32.733s][debug  ][gc,phases,ref  ] GC(119)     SoftRef (ms):                  skipped
[32.733s][debug  ][gc,phases,ref  ] GC(119)     WeakRef (ms):                  skipped
[32.733s][debug  ][gc,phases,ref  ] GC(119)     FinalRef (ms):                 skipped
[32.733s][debug  ][gc,phases,ref  ] GC(119)     Total (ms):                    skipped
[32.733s][debug  ][gc,phases,ref  ] GC(119)   Notify and keep alive finalizable: 0.0ms
[32.733s][debug  ][gc,phases,ref  ] GC(119)     FinalRef (ms):                 skipped
[32.733s][debug  ][gc,phases,ref  ] GC(119)   Notify PhantomReferences: 0.0ms
[32.733s][debug  ][gc,phases,ref  ] GC(119)     PhantomRef (ms):               skipped
[32.733s][debug  ][gc,phases,ref  ] GC(119)   SoftReference:
[32.733s][debug  ][gc,phases,ref  ] GC(119)     Discovered: 0
[32.733s][debug  ][gc,phases,ref  ] GC(119)     Cleared: 0
[32.733s][debug  ][gc,phases,ref  ] GC(119)   WeakReference:
[32.733s][debug  ][gc,phases,ref  ] GC(119)     Discovered: 0
[32.733s][debug  ][gc,phases,ref  ] GC(119)     Cleared: 0
[32.733s][debug  ][gc,phases,ref  ] GC(119)   FinalReference:
[32.733s][debug  ][gc,phases,ref  ] GC(119)     Discovered: 0
[32.733s][debug  ][gc,phases,ref  ] GC(119)     Cleared: 0
[32.733s][debug  ][gc,phases,ref  ] GC(119)   PhantomReference:
[32.733s][debug  ][gc,phases,ref  ] GC(119)     Discovered: 0
[32.733s][debug  ][gc,phases,ref  ] GC(119)     Cleared: 0
[32.733s][debug  ][gc,phases      ] GC(119) Reference Processing 0.714ms
[32.733s][debug  ][gc,phases,start] GC(119) Weak Processing
[32.733s][debug  ][gc,phases      ] GC(119)   VM Weak                        Min:  0.0, Avg:  0.0, Max:  0.0, Diff:  0.0, Sum:  0.0, Workers: 6
[32.733s][debug  ][gc,phases      ] GC(119)     Dead                           Min: 0, Avg:  0.0, Max: 0, Diff: 0, Sum: 0, Workers: 6
[32.733s][debug  ][gc,phases      ] GC(119)     Total                          Min: 0, Avg:  1.3, Max: 8, Diff: 8, Sum: 8, Workers: 6
[32.733s][debug  ][gc,phases      ] GC(119)   ObjectSynchronizer Weak        Min:  0.0, Avg:  0.0, Max:  0.0, Diff:  0.0, Sum:  0.0, Workers: 6
[32.733s][debug  ][gc,phases      ] GC(119)     Dead                           Min: 0, Avg:  0.0, Max: 0, Diff: 0, Sum: 0, Workers: 6
[32.733s][debug  ][gc,phases      ] GC(119)     Total                          Min: 0, Avg:  0.5, Max: 3, Diff: 3, Sum: 3, Workers: 6
[32.734s][debug  ][gc,phases      ] GC(119)   JVMTI Tag Weak OopStorage      Min:  0.0, Avg:  0.0, Max:  0.0, Diff:  0.0, Sum:  0.0, Workers: 6
[32.734s][debug  ][gc,phases      ] GC(119)     Dead                           Min: 0, Avg:  0.0, Max: 0, Diff: 0, Sum: 0, Workers: 6
[32.734s][debug  ][gc,phases      ] GC(119)     Total                          Min: 0, Avg:  0.0, Max: 0, Diff: 0, Sum: 0, Workers: 6
[32.734s][debug  ][gc,phases      ] GC(119)   StringTable Weak               Min:  0.0, Avg:  0.0, Max:  0.0, Diff:  0.0, Sum:  0.0, Workers: 6
[32.734s][debug  ][gc,phases      ] GC(119)     Dead                           Min: 0, Avg:  0.0, Max: 0, Diff: 0, Sum: 0, Workers: 6
[32.734s][debug  ][gc,phases      ] GC(119)     Total                          Min: 768, Avg: 892.5, Max: 1088, Diff: 320, Sum: 5355, Workers: 6
[32.734s][debug  ][gc,phases      ] GC(119)   ResolvedMethodTable Weak       Min:  0.0, Avg:  0.0, Max:  0.0, Diff:  0.0, Sum:  0.0, Workers: 6
[32.734s][debug  ][gc,phases      ] GC(119)     Dead                           Min: 0, Avg:  0.0, Max: 0, Diff: 0, Sum: 0, Workers: 6
[32.734s][debug  ][gc,phases      ] GC(119)     Total                          Min: 0, Avg: 21.7, Max: 64, Diff: 64, Sum: 130, Workers: 6
[32.734s][debug  ][gc,phases      ] GC(119)   JNI Weak                       Min:  0.0, Avg:  0.0, Max:  0.0, Diff:  0.0, Sum:  0.0, Workers: 6
[32.734s][debug  ][gc,phases      ] GC(119)     Dead                           Min: 0, Avg:  0.0, Max: 0, Diff: 0, Sum: 0, Workers: 6
[32.734s][debug  ][gc,phases      ] GC(119)     Total                          Min: 0, Avg:  0.0, Max: 0, Diff: 0, Sum: 0, Workers: 6
[32.734s][debug  ][gc,phases      ] GC(119)   StringDedup Table Weak         Min:  0.0, Avg:  0.0, Max:  0.0, Diff:  0.0, Sum:  0.0, Workers: 6
[32.734s][debug  ][gc,phases      ] GC(119)     Dead                           Min: 0, Avg:  0.0, Max: 0, Diff: 0, Sum: 0, Workers: 6
[32.734s][debug  ][gc,phases      ] GC(119)     Total                          Min: 0, Avg:  0.0, Max: 0, Diff: 0, Sum: 0, Workers: 6
[32.734s][debug  ][gc,phases      ] GC(119)   StringDedup Requests0 Weak     Min:  0.0, Avg:  0.0, Max:  0.0, Diff:  0.0, Sum:  0.0, Workers: 6
[32.734s][debug  ][gc,phases      ] GC(119)     Dead                           Min: 0, Avg:  0.0, Max: 0, Diff: 0, Sum: 0, Workers: 6
[32.734s][debug  ][gc,phases      ] GC(119)     Total                          Min: 0, Avg:  0.0, Max: 0, Diff: 0, Sum: 0, Workers: 6
[32.734s][debug  ][gc,phases      ] GC(119)   StringDedup Requests1 Weak     Min:  0.0, Avg:  0.0, Max:  0.0, Diff:  0.0, Sum:  0.0, Workers: 6
[32.734s][debug  ][gc,phases      ] GC(119)     Dead                           Min: 0, Avg:  0.0, Max: 0, Diff: 0, Sum: 0, Workers: 6
[32.734s][debug  ][gc,phases      ] GC(119)     Total                          Min: 0, Avg:  0.0, Max: 0, Diff: 0, Sum: 0, Workers: 6
[32.734s][debug  ][gc,phases      ] GC(119)   Weak JFR Old Object Samples    Min:  0.0, Avg:  0.0, Max:  0.0, Diff:  0.0, Sum:  0.0, Workers: 6
[32.734s][debug  ][gc,phases      ] GC(119)     Dead                           Min: 0, Avg:  0.0, Max: 0, Diff: 0, Sum: 0, Workers: 6
[32.734s][debug  ][gc,phases      ] GC(119)     Total                          Min: 0, Avg:  0.0, Max: 0, Diff: 0, Sum: 0, Workers: 6
[32.734s][debug  ][gc,phases      ] GC(119) Weak Processing 0.753ms
[32.734s][debug  ][gc,ergo        ] GC(119) AdaptiveSizeStart:  collection: 120 
[32.734s][debug  ][gc,ergo        ] GC(119) avg_survived_padded_avg: 35377888.000000
[32.734s][debug  ][gc,ergo        ] GC(119) avg_promoted_padded_avg: 265183392.000000  avg_pretenured_padded_avg: 0.000000  tenuring_thresh: 1  target_size: 35651584
[32.734s][debug  ][gc,age         ] GC(119) Desired survivor size 35651584 bytes, new threshold 1 (max threshold 15)
[32.734s][debug  ][gc,ergo        ] GC(119) PSAdaptiveSizePolicy::compute_eden_space_size limits: desired_eden_size: 218670387 old_eden_size: 196608000 eden_limit: 197132288 cur_eden: 196608000 max_eden_size: 197132288 avg_young_live: 27681162
[32.734s][debug  ][gc,ergo        ] GC(119) PSAdaptiveSizePolicy::compute_eden_space_size: costs minor_time: 0.049315 major_cost: 0.038578 mutator_cost: 0.912107 throughput_goal: 0.990000
[32.734s][debug  ][gc,ergo        ] GC(119) Live_space: 932097088 free_space: 1354760192
[32.734s][debug  ][gc,ergo        ] GC(119) Old eden_size: 196608000 desired_eden_size: 197132288
[32.734s][debug  ][gc,ergo        ] GC(119) AdaptiveSizeStop: collection: 120 
[32.734s][info   ][gc,heap        ] GC(119) PSYoungGen: 218790K(226816K)->30720K(227328K) Eden: 188070K(192000K)->0K(192512K) From: 30720K(34816K)->30720K(34816K)
[32.734s][info   ][gc,heap        ] GC(119) ParOldGen: 1168996K(1781760K)->1353317K(1781760K)
[32.734s][info   ][gc,metaspace   ] GC(119) Metaspace: 1024K(1216K)->1024K(1216K) NonClass: 941K(1024K)->941K(1024K) Class: 83K(192K)->83K(192K)
[32.734s][info   ][gc             ] GC(119) Pause Young (Allocation Failure) 1355M->1351M(1962M) 16.923ms
[32.734s][info   ][gc,cpu         ] GC(119) User=0.16s Sys=0.00s Real=0.02s
[32.734s][debug  ][gc,heap        ] GC(119) Heap after GC invocations=120 (full 19):
[32.734s][debug  ][gc,heap        ] GC(119)  PSYoungGen      total 227328K, used 30720K [0x00000007f0000000, 0x0000000800000000, 0x0000000800000000)
[32.734s][debug  ][gc,heap        ] GC(119)   eden space 192512K, 0% used [0x00000007f0000000,0x00000007f0000000,0x00000007fbc00000)
[32.734s][debug  ][gc,heap        ] GC(119)   from space 34816K, 88% used [0x00000007fde00000,0x00000007ffc00030,0x0000000800000000)
[32.735s][debug  ][gc,heap        ] GC(119)   to   space 34816K, 0% used [0x00000007fbc00000,0x00000007fbc00000,0x00000007fde00000)
[32.735s][debug  ][gc,heap        ] GC(119)  ParOldGen       total 1781760K, used 1353317K [0x0000000700000000, 0x000000076cc00000, 0x00000007f0000000)
[32.735s][debug  ][gc,heap        ] GC(119)   object space 1781760K, 75% used [0x0000000700000000,0x0000000752999438,0x000000076cc00000)
[32.735s][debug  ][gc,heap        ] GC(119)  Metaspace       used 1024K, committed 1216K, reserved 1056768K
[32.735s][debug  ][gc,heap        ] GC(119)   class space    used 83K, committed 192K, reserved 1048576K
[32.735s][debug  ][gc,task,time   ] GC(119) VM-Thread 327170236 327325722 327346119
[33.018s][debug  ][gc,heap        ] GC(120) Heap before GC invocations=121 (full 19):
[33.018s][debug  ][gc,heap        ] GC(120)  PSYoungGen      total 227328K, used 218805K [0x00000007f0000000, 0x0000000800000000, 0x0000000800000000)
[33.018s][debug  ][gc,heap        ] GC(120)   eden space 192512K, 97% used [0x00000007f0000000,0x00000007fb7ad538,0x00000007fbc00000)
[33.018s][debug  ][gc,heap        ] GC(120)   from space 34816K, 88% used [0x00000007fde00000,0x00000007ffc00030,0x0000000800000000)
[33.018s][debug  ][gc,heap        ] GC(120)   to   space 34816K, 0% used [0x00000007fbc00000,0x00000007fbc00000,0x00000007fde00000)
[33.018s][debug  ][gc,heap        ] GC(120)  ParOldGen       total 1781760K, used 1353317K [0x0000000700000000, 0x000000076cc00000, 0x00000007f0000000)
[33.018s][debug  ][gc,heap        ] GC(120)   object space 1781760K, 75% used [0x0000000700000000,0x0000000752999438,0x000000076cc00000)
[33.018s][debug  ][gc,heap        ] GC(120)  Metaspace       used 1024K, committed 1216K, reserved 1056768K
[33.018s][debug  ][gc,heap        ] GC(120)   class space    used 83K, committed 192K, reserved 1048576K
[33.018s][debug  ][gc,tlab        ] GC(120) TLAB totals: thrds: 1  refills: 1 max: 1 slow allocs: 17 max 17 waste: 26.9% gc: 3855384B max: 3855384B slow: 0B max: 0B
[33.018s][info   ][gc,start       ] GC(120) Pause Young (Allocation Failure)
[33.019s][debug  ][gc,phases,start] GC(120) Scavenge
[33.034s][debug  ][gc,phases      ] GC(120) Scavenge 15.030ms
[33.034s][debug  ][gc,phases,start] GC(120) Reference Processing
[33.034s][debug  ][gc,ref         ] GC(120) Skipped phase 1 of Reference Processing: no references
[33.034s][debug  ][gc,ref         ] GC(120) Skipped phase 2 of Reference Processing: no references
[33.034s][debug  ][gc,ref         ] GC(120) Skipped phase 3 of Reference Processing: no references
[33.034s][debug  ][gc,ref         ] GC(120) Skipped phase 4 of Reference Processing: no references
[33.034s][debug  ][gc,phases,ref  ] GC(120) Reference Processing: 0.1ms
[33.034s][debug  ][gc,phases,ref  ] GC(120)   Reconsider SoftReferences: 0.0ms
[33.034s][debug  ][gc,phases,ref  ] GC(120)     SoftRef (ms):                  skipped
[33.034s][debug  ][gc,phases,ref  ] GC(120)   Notify Soft/WeakReferences: 0.0ms
[33.034s][debug  ][gc,phases,ref  ] GC(120)     SoftRef (ms):                  skipped
[33.034s][debug  ][gc,phases,ref  ] GC(120)     WeakRef (ms):                  skipped
[33.034s][debug  ][gc,phases,ref  ] GC(120)     FinalRef (ms):                 skipped
[33.034s][debug  ][gc,phases,ref  ] GC(120)     Total (ms):                    skipped
[33.034s][debug  ][gc,phases,ref  ] GC(120)   Notify and keep alive finalizable: 0.0ms
[33.034s][debug  ][gc,phases,ref  ] GC(120)     FinalRef (ms):                 skipped
[33.034s][debug  ][gc,phases,ref  ] GC(120)   Notify PhantomReferences: 0.0ms
[33.034s][debug  ][gc,phases,ref  ] GC(120)     PhantomRef (ms):               skipped
[33.034s][debug  ][gc,phases,ref  ] GC(120)   SoftReference:
[33.034s][debug  ][gc,phases,ref  ] GC(120)     Discovered: 0
[33.034s][debug  ][gc,phases,ref  ] GC(120)     Cleared: 0
[33.034s][debug  ][gc,phases,ref  ] GC(120)   WeakReference:
[33.034s][debug  ][gc,phases,ref  ] GC(120)     Discovered: 0
[33.034s][debug  ][gc,phases,ref  ] GC(120)     Cleared: 0
[33.034s][debug  ][gc,phases,ref  ] GC(120)   FinalReference:
[33.034s][debug  ][gc,phases,ref  ] GC(120)     Discovered: 0
[33.034s][debug  ][gc,phases,ref  ] GC(120)     Cleared: 0
[33.034s][debug  ][gc,phases,ref  ] GC(120)   PhantomReference:
[33.034s][debug  ][gc,phases,ref  ] GC(120)     Discovered: 0
[33.034s][debug  ][gc,phases,ref  ] GC(120)     Cleared: 0
[33.034s][debug  ][gc,phases      ] GC(120) Reference Processing 0.672ms
[33.034s][debug  ][gc,phases,start] GC(120) Weak Processing
[33.034s][debug  ][gc,phases      ] GC(120)   VM Weak                        Min:  0.0, Avg:  0.0, Max:  0.0, Diff:  0.0, Sum:  0.0, Workers: 6
[33.034s][debug  ][gc,phases      ] GC(120)     Dead                           Min: 0, Avg:  0.0, Max: 0, Diff: 0, Sum: 0, Workers: 6
[33.034s][debug  ][gc,phases      ] GC(120)     Total                          Min: 0, Avg:  1.3, Max: 8, Diff: 8, Sum: 8, Workers: 6
[33.034s][debug  ][gc,phases      ] GC(120)   ObjectSynchronizer Weak        Min:  0.0, Avg:  0.0, Max:  0.0, Diff:  0.0, Sum:  0.0, Workers: 6
[33.034s][debug  ][gc,phases      ] GC(120)     Dead                           Min: 0, Avg:  0.0, Max: 0, Diff: 0, Sum: 0, Workers: 6
[33.035s][debug  ][gc,phases      ] GC(120)     Total                          Min: 0, Avg:  0.5, Max: 3, Diff: 3, Sum: 3, Workers: 6
[33.035s][debug  ][gc,phases      ] GC(120)   JVMTI Tag Weak OopStorage      Min:  0.0, Avg:  0.0, Max:  0.0, Diff:  0.0, Sum:  0.0, Workers: 6
[33.035s][debug  ][gc,phases      ] GC(120)     Dead                           Min: 0, Avg:  0.0, Max: 0, Diff: 0, Sum: 0, Workers: 6
[33.035s][debug  ][gc,phases      ] GC(120)     Total                          Min: 0, Avg:  0.0, Max: 0, Diff: 0, Sum: 0, Workers: 6
[33.035s][debug  ][gc,phases      ] GC(120)   StringTable Weak               Min:  0.0, Avg:  0.0, Max:  0.0, Diff:  0.0, Sum:  0.0, Workers: 6
[33.035s][debug  ][gc,phases      ] GC(120)     Dead                           Min: 0, Avg:  0.0, Max: 0, Diff: 0, Sum: 0, Workers: 6
[33.035s][debug  ][gc,phases      ] GC(120)     Total                          Min: 704, Avg: 892.5, Max: 1087, Diff: 383, Sum: 5355, Workers: 6
[33.035s][debug  ][gc,phases      ] GC(120)   ResolvedMethodTable Weak       Min:  0.0, Avg:  0.0, Max:  0.0, Diff:  0.0, Sum:  0.0, Workers: 6
[33.035s][debug  ][gc,phases      ] GC(120)     Dead                           Min: 0, Avg:  0.0, Max: 0, Diff: 0, Sum: 0, Workers: 6
[33.035s][debug  ][gc,phases      ] GC(120)     Total                          Min: 0, Avg: 21.7, Max: 64, Diff: 64, Sum: 130, Workers: 6
[33.035s][debug  ][gc,phases      ] GC(120)   JNI Weak                       Min:  0.0, Avg:  0.0, Max:  0.0, Diff:  0.0, Sum:  0.0, Workers: 6
[33.035s][debug  ][gc,phases      ] GC(120)     Dead                           Min: 0, Avg:  0.0, Max: 0, Diff: 0, Sum: 0, Workers: 6
[33.035s][debug  ][gc,phases      ] GC(120)     Total                          Min: 0, Avg:  0.0, Max: 0, Diff: 0, Sum: 0, Workers: 6
[33.035s][debug  ][gc,phases      ] GC(120)   StringDedup Table Weak         Min:  0.0, Avg:  0.0, Max:  0.0, Diff:  0.0, Sum:  0.0, Workers: 6
[33.035s][debug  ][gc,phases      ] GC(120)     Dead                           Min: 0, Avg:  0.0, Max: 0, Diff: 0, Sum: 0, Workers: 6
[33.035s][debug  ][gc,phases      ] GC(120)     Total                          Min: 0, Avg:  0.0, Max: 0, Diff: 0, Sum: 0, Workers: 6
[33.035s][debug  ][gc,phases      ] GC(120)   StringDedup Requests0 Weak     Min:  0.0, Avg:  0.0, Max:  0.0, Diff:  0.0, Sum:  0.0, Workers: 6
[33.035s][debug  ][gc,phases      ] GC(120)     Dead                           Min: 0, Avg:  0.0, Max: 0, Diff: 0, Sum: 0, Workers: 6
[33.035s][debug  ][gc,phases      ] GC(120)     Total                          Min: 0, Avg:  0.0, Max: 0, Diff: 0, Sum: 0, Workers: 6
[33.035s][debug  ][gc,phases      ] GC(120)   StringDedup Requests1 Weak     Min:  0.0, Avg:  0.0, Max:  0.0, Diff:  0.0, Sum:  0.0, Workers: 6
[33.035s][debug  ][gc,phases      ] GC(120)     Dead                           Min: 0, Avg:  0.0, Max: 0, Diff: 0, Sum: 0, Workers: 6
[33.035s][debug  ][gc,phases      ] GC(120)     Total                          Min: 0, Avg:  0.0, Max: 0, Diff: 0, Sum: 0, Workers: 6
[33.035s][debug  ][gc,phases      ] GC(120)   Weak JFR Old Object Samples    Min:  0.0, Avg:  0.0, Max:  0.0, Diff:  0.0, Sum:  0.0, Workers: 6
[33.035s][debug  ][gc,phases      ] GC(120)     Dead                           Min: 0, Avg:  0.0, Max: 0, Diff: 0, Sum: 0, Workers: 6
[33.035s][debug  ][gc,phases      ] GC(120)     Total                          Min: 0, Avg:  0.0, Max: 0, Diff: 0, Sum: 0, Workers: 6
[33.035s][debug  ][gc,phases      ] GC(120) Weak Processing 0.723ms
[33.035s][debug  ][gc,ergo        ] GC(120) AdaptiveSizeStart:  collection: 121 
[33.035s][debug  ][gc,ergo        ] GC(120) avg_survived_padded_avg: 35233104.000000
[33.035s][debug  ][gc,ergo        ] GC(120) avg_promoted_padded_avg: 264680992.000000  avg_pretenured_padded_avg: 0.000000  tenuring_thresh: 1  target_size: 35651584
[33.035s][debug  ][gc,age         ] GC(120) Desired survivor size 35651584 bytes, new threshold 1 (max threshold 15)
[33.035s][debug  ][gc,ergo        ] GC(120) PSAdaptiveSizePolicy::compute_eden_space_size limits: desired_eden_size: 219767303 old_eden_size: 197132288 eden_limit: 197132288 cur_eden: 197132288 max_eden_size: 197132288 avg_young_live: 28058780
[33.035s][debug  ][gc,ergo        ] GC(120) PSAdaptiveSizePolicy::compute_eden_space_size: costs minor_time: 0.050737 major_cost: 0.038578 mutator_cost: 0.910685 throughput_goal: 0.990000
[33.035s][debug  ][gc,ergo        ] GC(120) Live_space: 932474752 free_space: 1355284480
[33.035s][debug  ][gc,ergo        ] GC(120) Old eden_size: 197132288 desired_eden_size: 197132288
[33.035s][debug  ][gc,ergo        ] GC(120) AdaptiveSizeStop: collection: 121 
[33.035s][info   ][gc,heap        ] GC(120) PSYoungGen: 218805K(227328K)->30720K(227328K) Eden: 188085K(192512K)->0K(192512K) From: 30720K(34816K)->30720K(34816K)
[33.035s][info   ][gc,heap        ] GC(120) ParOldGen: 1353317K(1781760K)->1537637K(1781760K)
[33.035s][info   ][gc,metaspace   ] GC(120) Metaspace: 1024K(1216K)->1024K(1216K) NonClass: 941K(1024K)->941K(1024K) Class: 83K(192K)->83K(192K)
[33.035s][info   ][gc             ] GC(120) Pause Young (Allocation Failure) 1535M->1531M(1962M) 16.883ms
[33.035s][info   ][gc,cpu         ] GC(120) User=0.16s Sys=0.00s Real=0.02s
[33.035s][debug  ][gc,heap        ] GC(120) Heap after GC invocations=121 (full 19):
[33.035s][debug  ][gc,heap        ] GC(120)  PSYoungGen      total 227328K, used 30720K [0x00000007f0000000, 0x0000000800000000, 0x0000000800000000)
[33.035s][debug  ][gc,heap        ] GC(120)   eden space 192512K, 0% used [0x00000007f0000000,0x00000007f0000000,0x00000007fbc00000)
[33.035s][debug  ][gc,heap        ] GC(120)   from space 34816K, 88% used [0x00000007fbc00000,0x00000007fda00030,0x00000007fde00000)
[33.035s][debug  ][gc,heap        ] GC(120)   to   space 34816K, 0% used [0x00000007fde00000,0x00000007fde00000,0x0000000800000000)
[33.036s][debug  ][gc,heap        ] GC(120)  ParOldGen       total 1781760K, used 1537637K [0x0000000700000000, 0x000000076cc00000, 0x00000007f0000000)
[33.036s][debug  ][gc,heap        ] GC(120)   object space 1781760K, 86% used [0x0000000700000000,0x000000075dd99558,0x000000076cc00000)
[33.036s][debug  ][gc,heap        ] GC(120)  Metaspace       used 1024K, committed 1216K, reserved 1056768K
[33.036s][debug  ][gc,heap        ] GC(120)   class space    used 83K, committed 192K, reserved 1048576K
[33.036s][debug  ][gc,task,time   ] GC(120) VM-Thread 330180760 330336267 330355867
[33.036s][debug  ][gc,phases,start] GC(121) Pre Compact
[33.036s][debug  ][gc,heap        ] GC(121) Heap before GC invocations=122 (full 20):
[33.036s][debug  ][gc,heap        ] GC(121)  PSYoungGen      total 227328K, used 30720K [0x00000007f0000000, 0x0000000800000000, 0x0000000800000000)
[33.036s][debug  ][gc,heap        ] GC(121)   eden space 192512K, 0% used [0x00000007f0000000,0x00000007f0000000,0x00000007fbc00000)
[33.036s][debug  ][gc,heap        ] GC(121)   from space 34816K, 88% used [0x00000007fbc00000,0x00000007fda00030,0x00000007fde00000)
[33.036s][debug  ][gc,heap        ] GC(121)   to   space 34816K, 0% used [0x00000007fde00000,0x00000007fde00000,0x0000000800000000)
[33.036s][debug  ][gc,heap        ] GC(121)  ParOldGen       total 1781760K, used 1537637K [0x0000000700000000, 0x000000076cc00000, 0x00000007f0000000)
[33.036s][debug  ][gc,heap        ] GC(121)   object space 1781760K, 86% used [0x0000000700000000,0x000000075dd99558,0x000000076cc00000)
[33.036s][debug  ][gc,heap        ] GC(121)  Metaspace       used 1024K, committed 1216K, reserved 1056768K
[33.036s][debug  ][gc,heap        ] GC(121)   class space    used 83K, committed 192K, reserved 1048576K
[33.036s][debug  ][gc,phases      ] GC(121) Pre Compact 0.201ms
[33.036s][info   ][gc,start       ] GC(121) Pause Full (Ergonomics)
[33.036s][info   ][gc,phases,start] GC(121) Marking Phase
[33.036s][debug  ][gc,phases,start] GC(121) Par Mark
[33.036s][debug  ][gc,phases      ] GC(121) Par Mark 0.480ms
[33.036s][debug  ][gc,phases,start] GC(121) Reference Processing
[33.036s][debug  ][gc,ref         ] GC(121) Skipped phase 1 of Reference Processing: no references
[33.036s][debug  ][gc,ref         ] GC(121) ReferenceProcessor::execute queues: 1, RefProcThreadModel::Single, marks_oops_alive: false
[33.036s][debug  ][gc,ref         ] GC(121) Skipped phase 3 of Reference Processing: no references
[33.036s][debug  ][gc,ref         ] GC(121) ReferenceProcessor::execute queues: 1, RefProcThreadModel::Single, marks_oops_alive: false
[33.037s][debug  ][gc,phases,ref  ] GC(121) Reference Processing: 0.1ms
[33.037s][debug  ][gc,phases,ref  ] GC(121)   Reconsider SoftReferences: 0.0ms
[33.037s][debug  ][gc,phases,ref  ] GC(121)     SoftRef (ms):                  skipped
[33.037s][debug  ][gc,phases,ref  ] GC(121)   Notify Soft/WeakReferences: 0.0ms
[33.037s][debug  ][gc,phases,ref  ] GC(121)     SoftRef (ms):                  Min:  0.0, Avg:  0.0, Max:  0.0, Diff:  0.0, Sum:  0.0, Workers: 10
[33.037s][debug  ][gc,phases,ref  ] GC(121)     WeakRef (ms):                  Min:  0.0, Avg:  0.0, Max:  0.0, Diff:  0.0, Sum:  0.0, Workers: 10
[33.037s][debug  ][gc,phases,ref  ] GC(121)     FinalRef (ms):                 Min:  0.0, Avg:  0.0, Max:  0.0, Diff:  0.0, Sum:  0.0, Workers: 10
[33.037s][debug  ][gc,phases,ref  ] GC(121)     Total (ms):                    Min:  0.0, Avg:  0.0, Max:  0.0, Diff:  0.0, Sum:  0.0, Workers: 10
[33.037s][debug  ][gc,phases,ref  ] GC(121)   Notify and keep alive finalizable: 0.0ms
[33.037s][debug  ][gc,phases,ref  ] GC(121)     FinalRef (ms):                 skipped
[33.037s][debug  ][gc,phases,ref  ] GC(121)   Notify PhantomReferences: 0.0ms
[33.037s][debug  ][gc,phases,ref  ] GC(121)     PhantomRef (ms):               Min:  0.0, Avg:  0.0, Max:  0.0, Diff:  0.0, Sum:  0.0, Workers: 10
[33.037s][debug  ][gc,phases,ref  ] GC(121)   SoftReference:
[33.037s][debug  ][gc,phases,ref  ] GC(121)     Discovered: 0
[33.037s][debug  ][gc,phases,ref  ] GC(121)     Cleared: 0
[33.037s][debug  ][gc,phases,ref  ] GC(121)   WeakReference:
[33.037s][debug  ][gc,phases,ref  ] GC(121)     Discovered: 62
[33.037s][debug  ][gc,phases,ref  ] GC(121)     Cleared: 62
[33.037s][debug  ][gc,phases,ref  ] GC(121)   FinalReference:
[33.037s][debug  ][gc,phases,ref  ] GC(121)     Discovered: 0
[33.037s][debug  ][gc,phases,ref  ] GC(121)     Cleared: 0
[33.037s][debug  ][gc,phases,ref  ] GC(121)   PhantomReference:
[33.037s][debug  ][gc,phases,ref  ] GC(121)     Discovered: 5
[33.037s][debug  ][gc,phases,ref  ] GC(121)     Cleared: 5
[33.037s][debug  ][gc,phases      ] GC(121) Reference Processing 0.579ms
[33.037s][debug  ][gc,phases,start] GC(121) Weak Processing
[33.037s][debug  ][gc,phases      ] GC(121)   VM Weak                        Min:  0.0, Avg:  0.0, Max:  0.0, Diff:  0.0, Sum:  0.0, Workers: 6
[33.037s][debug  ][gc,phases      ] GC(121)     Dead                           Min: 0, Avg:  0.0, Max: 0, Diff: 0, Sum: 0, Workers: 6
[33.037s][debug  ][gc,phases      ] GC(121)     Total                          Min: 0, Avg:  1.3, Max: 8, Diff: 8, Sum: 8, Workers: 6
[33.037s][debug  ][gc,phases      ] GC(121)   ObjectSynchronizer Weak        Min:  0.0, Avg:  0.0, Max:  0.0, Diff:  0.0, Sum:  0.0, Workers: 6
[33.037s][debug  ][gc,phases      ] GC(121)     Dead                           Min: 0, Avg:  0.0, Max: 0, Diff: 0, Sum: 0, Workers: 6
[33.037s][debug  ][gc,phases      ] GC(121)     Total                          Min: 0, Avg:  0.5, Max: 3, Diff: 3, Sum: 3, Workers: 6
[33.037s][debug  ][gc,phases      ] GC(121)   JVMTI Tag Weak OopStorage      Min:  0.0, Avg:  0.0, Max:  0.0, Diff:  0.0, Sum:  0.0, Workers: 6
[33.037s][debug  ][gc,phases      ] GC(121)     Dead                           Min: 0, Avg:  0.0, Max: 0, Diff: 0, Sum: 0, Workers: 6
[33.037s][debug  ][gc,phases      ] GC(121)     Total                          Min: 0, Avg:  0.0, Max: 0, Diff: 0, Sum: 0, Workers: 6
[33.037s][debug  ][gc,phases      ] GC(121)   StringTable Weak               Min:  0.0, Avg:  0.0, Max:  0.0, Diff:  0.0, Sum:  0.0, Workers: 6
[33.037s][debug  ][gc,phases      ] GC(121)     Dead                           Min: 0, Avg:  0.0, Max: 0, Diff: 0, Sum: 0, Workers: 6
[33.037s][debug  ][gc,phases      ] GC(121)     Total                          Min: 640, Avg: 892.5, Max: 1152, Diff: 512, Sum: 5355, Workers: 6
[33.037s][debug  ][gc,phases      ] GC(121)   ResolvedMethodTable Weak       Min:  0.0, Avg:  0.0, Max:  0.0, Diff:  0.0, Sum:  0.0, Workers: 6
[33.037s][debug  ][gc,phases      ] GC(121)     Dead                           Min: 0, Avg:  0.0, Max: 0, Diff: 0, Sum: 0, Workers: 6
[33.037s][debug  ][gc,phases      ] GC(121)     Total                          Min: 0, Avg: 21.7, Max: 64, Diff: 64, Sum: 130, Workers: 6
[33.037s][debug  ][gc,phases      ] GC(121)   JNI Weak                       Min:  0.0, Avg:  0.0, Max:  0.0, Diff:  0.0, Sum:  0.0, Workers: 6
[33.037s][debug  ][gc,phases      ] GC(121)     Dead                           Min: 0, Avg:  0.0, Max: 0, Diff: 0, Sum: 0, Workers: 6
[33.037s][debug  ][gc,phases      ] GC(121)     Total                          Min: 0, Avg:  0.0, Max: 0, Diff: 0, Sum: 0, Workers: 6
[33.037s][debug  ][gc,phases      ] GC(121)   StringDedup Table Weak         Min:  0.0, Avg:  0.0, Max:  0.0, Diff:  0.0, Sum:  0.0, Workers: 6
[33.037s][debug  ][gc,phases      ] GC(121)     Dead                           Min: 0, Avg:  0.0, Max: 0, Diff: 0, Sum: 0, Workers: 6
[33.037s][debug  ][gc,phases      ] GC(121)     Total                          Min: 0, Avg:  0.0, Max: 0, Diff: 0, Sum: 0, Workers: 6
[33.037s][debug  ][gc,phases      ] GC(121)   StringDedup Requests0 Weak     Min:  0.0, Avg:  0.0, Max:  0.0, Diff:  0.0, Sum:  0.0, Workers: 6
[33.038s][debug  ][gc,phases      ] GC(121)     Dead                           Min: 0, Avg:  0.0, Max: 0, Diff: 0, Sum: 0, Workers: 6
[33.038s][debug  ][gc,phases      ] GC(121)     Total                          Min: 0, Avg:  0.0, Max: 0, Diff: 0, Sum: 0, Workers: 6
[33.038s][debug  ][gc,phases      ] GC(121)   StringDedup Requests1 Weak     Min:  0.0, Avg:  0.0, Max:  0.0, Diff:  0.0, Sum:  0.0, Workers: 6
[33.038s][debug  ][gc,phases      ] GC(121)     Dead                           Min: 0, Avg:  0.0, Max: 0, Diff: 0, Sum: 0, Workers: 6
[33.038s][debug  ][gc,phases      ] GC(121)     Total                          Min: 0, Avg:  0.0, Max: 0, Diff: 0, Sum: 0, Workers: 6
[33.038s][debug  ][gc,phases      ] GC(121)   Weak JFR Old Object Samples    Min:  0.0, Avg:  0.0, Max:  0.0, Diff:  0.0, Sum:  0.0, Workers: 6
[33.038s][debug  ][gc,phases      ] GC(121)     Dead                           Min: 0, Avg:  0.0, Max: 0, Diff: 0, Sum: 0, Workers: 6
[33.038s][debug  ][gc,phases      ] GC(121)     Total                          Min: 0, Avg:  0.0, Max: 0, Diff: 0, Sum: 0, Workers: 6
[33.038s][debug  ][gc,phases      ] GC(121) Weak Processing 0.675ms
[33.038s][debug  ][gc,phases,start] GC(121) Class Unloading
[33.038s][debug  ][gc,phases,start] GC(121) ClassLoaderData
[33.038s][debug  ][gc,phases      ] GC(121) ClassLoaderData 0.019ms
[33.038s][debug  ][gc,phases,start] GC(121) Trigger cleanups
[33.038s][debug  ][gc,phases      ] GC(121) Trigger cleanups 0.019ms
[33.038s][debug  ][gc,phases      ] GC(121) Class Unloading 0.251ms
[33.038s][info   ][gc,phases      ] GC(121) Marking Phase 2.111ms
[33.038s][info   ][gc,phases,start] GC(121) Summary Phase
[33.038s][info   ][gc,phases      ] GC(121) Summary Phase 0.037ms
[33.038s][info   ][gc,phases,start] GC(121) Adjust Roots
[33.038s][info   ][gc,phases      ] GC(121) Adjust Roots 0.126ms
[33.038s][info   ][gc,phases,start] GC(121) Compaction Phase
[33.111s][info   ][gc,phases      ] GC(121) Compaction Phase 72.281ms
[33.111s][info   ][gc,phases,start] GC(121) Post Compact
[33.117s][info   ][gc,phases      ] GC(121) Post Compact 6.138ms
[33.117s][debug  ][gc,ergo        ] GC(121) AdaptiveSizeStart: collection: 122 
[33.117s][debug  ][gc,ergo        ] GC(121) PSAdaptiveSizePolicy::compute_eden_space_size limits: desired_eden_size: 219891339 old_eden_size: 197132288 eden_limit: 197132288 cur_eden: 197132288 max_eden_size: 197132288 avg_young_live: 25252902
[33.117s][debug  ][gc,ergo        ] GC(121) PSAdaptiveSizePolicy::compute_eden_space_size: costs minor_time: 0.050737 major_cost: 0.038092 mutator_cost: 0.911172 throughput_goal: 0.990000
[33.117s][debug  ][gc,ergo        ] GC(121) Live_space: 929668864 free_space: 1355284480
[33.117s][debug  ][gc,ergo        ] GC(121) Old eden_size: 197132288 desired_eden_size: 197132288
[33.117s][debug  ][gc,ergo        ] GC(121) PSAdaptiveSizePolicy::compute_old_gen_free_space: costs minor_time: 0.050737 major_cost: 0.038092  mutator_cost: 0.911172 throughput_goal: 0.990000
[33.117s][debug  ][gc,ergo        ] GC(121) Live_space: 933347200 free_space: 1355284480
[33.117s][debug  ][gc,ergo        ] GC(121) Old promo_size: 1158152192 desired_promo_size: 1257766912
[33.118s][debug  ][gc             ] GC(121) Expanding ParOldGen from 1781760K by 362496K to 2144256K
[33.118s][debug  ][gc,ergo        ] GC(121) AdaptiveSizeStop: collection: 122 
[33.118s][info   ][gc,heap        ] GC(121) PSYoungGen: 30720K(227328K)->0K(227328K) Eden: 0K(192512K)->0K(192512K) From: 30720K(34816K)->0K(34816K)
[33.118s][info   ][gc,heap        ] GC(121) ParOldGen: 1537637K(1781760K)->656995K(2144256K)
[33.118s][info   ][gc,metaspace   ] GC(121) Metaspace: 1024K(1216K)->1024K(1216K) NonClass: 941K(1024K)->941K(1024K) Class: 83K(192K)->83K(192K)
[33.118s][info   ][gc             ] GC(121) Pause Full (Ergonomics) 1531M->641M(2316M) 82.158ms
[33.118s][info   ][gc,cpu         ] GC(121) User=0.61s Sys=0.02s Real=0.08s
[33.118s][debug  ][gc,heap        ] GC(121) Heap after GC invocations=122 (full 20):
[33.118s][debug  ][gc,heap        ] GC(121)  PSYoungGen      total 227328K, used 0K [0x00000007f0000000, 0x0000000800000000, 0x0000000800000000)
[33.118s][debug  ][gc,heap        ] GC(121)   eden space 192512K, 0% used [0x00000007f0000000,0x00000007f0000000,0x00000007fbc00000)
[33.118s][debug  ][gc,heap        ] GC(121)   from space 34816K, 0% used [0x00000007fde00000,0x00000007fde00000,0x0000000800000000)
[33.118s][debug  ][gc,heap        ] GC(121)   to   space 34816K, 0% used [0x00000007fbc00000,0x00000007fbc00000,0x00000007fde00000)
[33.118s][debug  ][gc,heap        ] GC(121)  ParOldGen       total 2144256K, used 656995K [0x0000000700000000, 0x0000000782e00000, 0x00000007f0000000)
[33.118s][debug  ][gc,heap        ] GC(121)   object space 2144256K, 30% used [0x0000000700000000,0x0000000728198ff8,0x0000000782e00000)
[33.118s][debug  ][gc,heap        ] GC(121)  Metaspace       used 1024K, committed 1216K, reserved 1056768K
[33.118s][debug  ][gc,heap        ] GC(121)   class space    used 83K, committed 192K, reserved 1048576K
[33.118s][debug  ][gc,task,time   ] GC(121) VM-Thread 330358548 330382098 331180417
[33.400s][debug  ][gc,heap        ] GC(122) Heap before GC invocations=123 (full 20):
[33.400s][debug  ][gc,heap        ] GC(122)  PSYoungGen      total 227328K, used 188088K [0x00000007f0000000, 0x0000000800000000, 0x0000000800000000)
[33.400s][debug  ][gc,heap        ] GC(122)   eden space 192512K, 97% used [0x00000007f0000000,0x00000007fb7ae098,0x00000007fbc00000)
[33.400s][debug  ][gc,heap        ] GC(122)   from space 34816K, 0% used [0x00000007fde00000,0x00000007fde00000,0x0000000800000000)
[33.400s][debug  ][gc,heap        ] GC(122)   to   space 34816K, 0% used [0x00000007fbc00000,0x00000007fbc00000,0x00000007fde00000)
[33.400s][debug  ][gc,heap        ] GC(122)  ParOldGen       total 2144256K, used 656995K [0x0000000700000000, 0x0000000782e00000, 0x00000007f0000000)
[33.400s][debug  ][gc,heap        ] GC(122)   object space 2144256K, 30% used [0x0000000700000000,0x0000000728198ff8,0x0000000782e00000)
[33.400s][debug  ][gc,heap        ] GC(122)  Metaspace       used 1024K, committed 1216K, reserved 1056768K
[33.400s][debug  ][gc,heap        ] GC(122)   class space    used 83K, committed 192K, reserved 1048576K
[33.400s][debug  ][gc,tlab        ] GC(122) TLAB totals: thrds: 1  refills: 1 max: 1 slow allocs: 17 max 17 waste: 26.9% gc: 3858296B max: 3858296B slow: 0B max: 0B
[33.400s][info   ][gc,start       ] GC(122) Pause Young (Allocation Failure)
[33.400s][debug  ][gc,phases,start] GC(122) Scavenge
[33.413s][debug  ][gc,phases      ] GC(122) Scavenge 12.878ms
[33.413s][debug  ][gc,phases,start] GC(122) Reference Processing
[33.413s][debug  ][gc,ref         ] GC(122) Skipped phase 1 of Reference Processing: no references
[33.413s][debug  ][gc,ref         ] GC(122) Skipped phase 2 of Reference Processing: no references
[33.413s][debug  ][gc,ref         ] GC(122) Skipped phase 3 of Reference Processing: no references
[33.413s][debug  ][gc,ref         ] GC(122) Skipped phase 4 of Reference Processing: no references
[33.413s][debug  ][gc,phases,ref  ] GC(122) Reference Processing: 0.1ms
[33.413s][debug  ][gc,phases,ref  ] GC(122)   Reconsider SoftReferences: 0.0ms
[33.413s][debug  ][gc,phases,ref  ] GC(122)     SoftRef (ms):                  skipped
[33.413s][debug  ][gc,phases,ref  ] GC(122)   Notify Soft/WeakReferences: 0.0ms
[33.413s][debug  ][gc,phases,ref  ] GC(122)     SoftRef (ms):                  skipped
[33.413s][debug  ][gc,phases,ref  ] GC(122)     WeakRef (ms):                  skipped
[33.413s][debug  ][gc,phases,ref  ] GC(122)     FinalRef (ms):                 skipped
[33.413s][debug  ][gc,phases,ref  ] GC(122)     Total (ms):                    skipped
[33.413s][debug  ][gc,phases,ref  ] GC(122)   Notify and keep alive finalizable: 0.0ms
[33.413s][debug  ][gc,phases,ref  ] GC(122)     FinalRef (ms):                 skipped
[33.413s][debug  ][gc,phases,ref  ] GC(122)   Notify PhantomReferences: 0.0ms
[33.413s][debug  ][gc,phases,ref  ] GC(122)     PhantomRef (ms):               skipped
[33.413s][debug  ][gc,phases,ref  ] GC(122)   SoftReference:
[33.413s][debug  ][gc,phases,ref  ] GC(122)     Discovered: 0
[33.413s][debug  ][gc,phases,ref  ] GC(122)     Cleared: 0
[33.413s][debug  ][gc,phases,ref  ] GC(122)   WeakReference:
[33.414s][debug  ][gc,phases,ref  ] GC(122)     Discovered: 0
[33.414s][debug  ][gc,phases,ref  ] GC(122)     Cleared: 0
[33.414s][debug  ][gc,phases,ref  ] GC(122)   FinalReference:
[33.414s][debug  ][gc,phases,ref  ] GC(122)     Discovered: 0
[33.414s][debug  ][gc,phases,ref  ] GC(122)     Cleared: 0
[33.414s][debug  ][gc,phases,ref  ] GC(122)   PhantomReference:
[33.414s][debug  ][gc,phases,ref  ] GC(122)     Discovered: 0
[33.414s][debug  ][gc,phases,ref  ] GC(122)     Cleared: 0
[33.414s][debug  ][gc,phases      ] GC(122) Reference Processing 0.566ms
[33.414s][debug  ][gc,phases,start] GC(122) Weak Processing
[33.414s][debug  ][gc,phases      ] GC(122)   VM Weak                        Min:  0.0, Avg:  0.0, Max:  0.0, Diff:  0.0, Sum:  0.0, Workers: 6
[33.414s][debug  ][gc,phases      ] GC(122)     Dead                           Min: 0, Avg:  0.0, Max: 0, Diff: 0, Sum: 0, Workers: 6
[33.414s][debug  ][gc,phases      ] GC(122)     Total                          Min: 0, Avg:  1.3, Max: 8, Diff: 8, Sum: 8, Workers: 6
[33.414s][debug  ][gc,phases      ] GC(122)   ObjectSynchronizer Weak        Min:  0.0, Avg:  0.0, Max:  0.0, Diff:  0.0, Sum:  0.0, Workers: 6
[33.414s][debug  ][gc,phases      ] GC(122)     Dead                           Min: 0, Avg:  0.0, Max: 0, Diff: 0, Sum: 0, Workers: 6
[33.414s][debug  ][gc,phases      ] GC(122)     Total                          Min: 0, Avg:  0.5, Max: 3, Diff: 3, Sum: 3, Workers: 6
[33.414s][debug  ][gc,phases      ] GC(122)   JVMTI Tag Weak OopStorage      Min:  0.0, Avg:  0.0, Max:  0.0, Diff:  0.0, Sum:  0.0, Workers: 6
[33.414s][debug  ][gc,phases      ] GC(122)     Dead                           Min: 0, Avg:  0.0, Max: 0, Diff: 0, Sum: 0, Workers: 6
[33.414s][debug  ][gc,phases      ] GC(122)     Total                          Min: 0, Avg:  0.0, Max: 0, Diff: 0, Sum: 0, Workers: 6
[33.414s][debug  ][gc,phases      ] GC(122)   StringTable Weak               Min:  0.0, Avg:  0.0, Max:  0.0, Diff:  0.0, Sum:  0.0, Workers: 6
[33.414s][debug  ][gc,phases      ] GC(122)     Dead                           Min: 0, Avg:  0.0, Max: 0, Diff: 0, Sum: 0, Workers: 6
[33.414s][debug  ][gc,phases      ] GC(122)     Total                          Min: 640, Avg: 892.5, Max: 1088, Diff: 448, Sum: 5355, Workers: 6
[33.414s][debug  ][gc,phases      ] GC(122)   ResolvedMethodTable Weak       Min:  0.0, Avg:  0.0, Max:  0.0, Diff:  0.0, Sum:  0.0, Workers: 6
[33.414s][debug  ][gc,phases      ] GC(122)     Dead                           Min: 0, Avg:  0.0, Max: 0, Diff: 0, Sum: 0, Workers: 6
[33.414s][debug  ][gc,phases      ] GC(122)     Total                          Min: 0, Avg: 21.7, Max: 64, Diff: 64, Sum: 130, Workers: 6
[33.414s][debug  ][gc,phases      ] GC(122)   JNI Weak                       Min:  0.0, Avg:  0.0, Max:  0.0, Diff:  0.0, Sum:  0.0, Workers: 6
[33.414s][debug  ][gc,phases      ] GC(122)     Dead                           Min: 0, Avg:  0.0, Max: 0, Diff: 0, Sum: 0, Workers: 6
[33.414s][debug  ][gc,phases      ] GC(122)     Total                          Min: 0, Avg:  0.0, Max: 0, Diff: 0, Sum: 0, Workers: 6
[33.414s][debug  ][gc,phases      ] GC(122)   StringDedup Table Weak         Min:  0.0, Avg:  0.0, Max:  0.0, Diff:  0.0, Sum:  0.0, Workers: 6
[33.414s][debug  ][gc,phases      ] GC(122)     Dead                           Min: 0, Avg:  0.0, Max: 0, Diff: 0, Sum: 0, Workers: 6
[33.414s][debug  ][gc,phases      ] GC(122)     Total                          Min: 0, Avg:  0.0, Max: 0, Diff: 0, Sum: 0, Workers: 6
[33.414s][debug  ][gc,phases      ] GC(122)   StringDedup Requests0 Weak     Min:  0.0, Avg:  0.0, Max:  0.0, Diff:  0.0, Sum:  0.0, Workers: 6
[33.414s][debug  ][gc,phases      ] GC(122)     Dead                           Min: 0, Avg:  0.0, Max: 0, Diff: 0, Sum: 0, Workers: 6
[33.414s][debug  ][gc,phases      ] GC(122)     Total                          Min: 0, Avg:  0.0, Max: 0, Diff: 0, Sum: 0, Workers: 6
[33.414s][debug  ][gc,phases      ] GC(122)   StringDedup Requests1 Weak     Min:  0.0, Avg:  0.0, Max:  0.0, Diff:  0.0, Sum:  0.0, Workers: 6
[33.414s][debug  ][gc,phases      ] GC(122)     Dead                           Min: 0, Avg:  0.0, Max: 0, Diff: 0, Sum: 0, Workers: 6
[33.414s][debug  ][gc,phases      ] GC(122)     Total                          Min: 0, Avg:  0.0, Max: 0, Diff: 0, Sum: 0, Workers: 6
[33.414s][debug  ][gc,phases      ] GC(122)   Weak JFR Old Object Samples    Min:  0.0, Avg:  0.0, Max:  0.0, Diff:  0.0, Sum:  0.0, Workers: 6
[33.414s][debug  ][gc,phases      ] GC(122)     Dead                           Min: 0, Avg:  0.0, Max: 0, Diff: 0, Sum: 0, Workers: 6
[33.414s][debug  ][gc,phases      ] GC(122)     Total                          Min: 0, Avg:  0.0, Max: 0, Diff: 0, Sum: 0, Workers: 6
[33.414s][debug  ][gc,phases      ] GC(122) Weak Processing 0.666ms
[33.414s][debug  ][gc,ergo        ] GC(122) AdaptiveSizeStart:  collection: 123 
[33.414s][debug  ][gc,ergo        ] GC(122) avg_survived_padded_avg: 35078072.000000
[33.414s][debug  ][gc,ergo        ] GC(122) avg_promoted_padded_avg: 256007664.000000  avg_pretenured_padded_avg: 0.000000  tenuring_thresh: 1  target_size: 35127296
[33.414s][debug  ][gc,age         ] GC(122) Desired survivor size 35127296 bytes, new threshold 1 (max threshold 15)
[33.414s][debug  ][gc,ergo        ] GC(122) PSAdaptiveSizePolicy::compute_eden_space_size limits: desired_eden_size: 219230767 old_eden_size: 197132288 eden_limit: 197132288 cur_eden: 197132288 max_eden_size: 197132288 avg_young_live: 25873342
[33.414s][debug  ][gc,ergo        ] GC(122) PSAdaptiveSizePolicy::compute_eden_space_size: costs minor_time: 0.047430 major_cost: 0.038092 mutator_cost: 0.914478 throughput_goal: 0.990000
[33.414s][debug  ][gc,ergo        ] GC(122) Live_space: 933967616 free_space: 1454899200
[33.415s][debug  ][gc,ergo        ] GC(122) Old eden_size: 197132288 desired_eden_size: 197132288
[33.415s][debug  ][gc,ergo        ] GC(122) AdaptiveSizeStop: collection: 123 
[33.415s][info   ][gc,heap        ] GC(122) PSYoungGen: 188088K(227328K)->30720K(227328K) Eden: 188088K(192512K)->0K(192512K) From: 0K(34816K)->30720K(34816K)
[33.415s][info   ][gc,heap        ] GC(122) ParOldGen: 656995K(2144256K)->810596K(2144256K)
[33.415s][info   ][gc,metaspace   ] GC(122) Metaspace: 1024K(1216K)->1024K(1216K) NonClass: 941K(1024K)->941K(1024K) Class: 83K(192K)->83K(192K)
[33.415s][info   ][gc             ] GC(122) Pause Young (Allocation Failure) 825M->821M(2316M) 14.613ms
[33.415s][info   ][gc,cpu         ] GC(122) User=0.09s Sys=0.00s Real=0.01s
[33.415s][debug  ][gc,heap        ] GC(122) Heap after GC invocations=123 (full 20):
[33.415s][debug  ][gc,heap        ] GC(122)  PSYoungGen      total 227328K, used 30720K [0x00000007f0000000, 0x0000000800000000, 0x0000000800000000)
[33.415s][debug  ][gc,heap        ] GC(122)   eden space 192512K, 0% used [0x00000007f0000000,0x00000007f0000000,0x00000007fbc00000)
[33.415s][debug  ][gc,heap        ] GC(122)   from space 34816K, 88% used [0x00000007fbc00000,0x00000007fda00030,0x00000007fde00000)
[33.415s][debug  ][gc,heap        ] GC(122)   to   space 34304K, 0% used [0x00000007fde80000,0x00000007fde80000,0x0000000800000000)
[33.415s][debug  ][gc,heap        ] GC(122)  ParOldGen       total 2144256K, used 810596K [0x0000000700000000, 0x0000000782e00000, 0x00000007f0000000)
[33.415s][debug  ][gc,heap        ] GC(122)   object space 2144256K, 37% used [0x0000000700000000,0x00000007317990e8,0x0000000782e00000)
[33.415s][debug  ][gc,heap        ] GC(122)  Metaspace       used 1024K, committed 1216K, reserved 1056768K
[33.415s][debug  ][gc,heap        ] GC(122)   class space    used 83K, committed 192K, reserved 1048576K
[33.415s][debug  ][gc,task,time   ] GC(122) VM-Thread 333996898 334130890 334149375
[33.699s][debug  ][gc,heap        ] GC(123) Heap before GC invocations=124 (full 20):
[33.699s][debug  ][gc,heap        ] GC(123)  PSYoungGen      total 227328K, used 218736K [0x00000007f0000000, 0x0000000800000000, 0x0000000800000000)
[33.699s][debug  ][gc,heap        ] GC(123)   eden space 192512K, 97% used [0x00000007f0000000,0x00000007fb79c278,0x00000007fbc00000)
[33.699s][debug  ][gc,heap        ] GC(123)   from space 34816K, 88% used [0x00000007fbc00000,0x00000007fda00030,0x00000007fde00000)
[33.699s][debug  ][gc,heap        ] GC(123)   to   space 34304K, 0% used [0x00000007fde80000,0x00000007fde80000,0x0000000800000000)
[33.699s][debug  ][gc,heap        ] GC(123)  ParOldGen       total 2144256K, used 810596K [0x0000000700000000, 0x0000000782e00000, 0x00000007f0000000)
[33.699s][debug  ][gc,heap        ] GC(123)   object space 2144256K, 37% used [0x0000000700000000,0x00000007317990e8,0x0000000782e00000)
[33.699s][debug  ][gc,heap        ] GC(123)  Metaspace       used 1024K, committed 1216K, reserved 1056768K
[33.699s][debug  ][gc,heap        ] GC(123)   class space    used 83K, committed 192K, reserved 1048576K
[33.699s][debug  ][gc,tlab        ] GC(123) TLAB totals: thrds: 1  refills: 1 max: 1 slow allocs: 17 max 17 waste: 26.5% gc: 3783984B max: 3783984B slow: 0B max: 0B
[33.699s][info   ][gc,start       ] GC(123) Pause Young (Allocation Failure)
[33.699s][debug  ][gc,phases,start] GC(123) Scavenge
[33.701s][debug  ][gc,phases      ] GC(123) Scavenge 2.324ms
[33.701s][debug  ][gc,phases,start] GC(123) Reference Processing
[33.702s][debug  ][gc,ref         ] GC(123) Skipped phase 1 of Reference Processing: no references
[33.702s][debug  ][gc,ref         ] GC(123) Skipped phase 2 of Reference Processing: no references
[33.702s][debug  ][gc,ref         ] GC(123) Skipped phase 3 of Reference Processing: no references
[33.702s][debug  ][gc,ref         ] GC(123) Skipped phase 4 of Reference Processing: no references
[33.702s][debug  ][gc,phases,ref  ] GC(123) Reference Processing: 0.1ms
[33.702s][debug  ][gc,phases,ref  ] GC(123)   Reconsider SoftReferences: 0.0ms
[33.702s][debug  ][gc,phases,ref  ] GC(123)     SoftRef (ms):                  skipped
[33.702s][debug  ][gc,phases,ref  ] GC(123)   Notify Soft/WeakReferences: 0.0ms
[33.702s][debug  ][gc,phases,ref  ] GC(123)     SoftRef (ms):                  skipped
[33.702s][debug  ][gc,phases,ref  ] GC(123)     WeakRef (ms):                  skipped
[33.702s][debug  ][gc,phases,ref  ] GC(123)     FinalRef (ms):                 skipped
[33.702s][debug  ][gc,phases,ref  ] GC(123)     Total (ms):                    skipped
[33.702s][debug  ][gc,phases,ref  ] GC(123)   Notify and keep alive finalizable: 0.0ms
[33.702s][debug  ][gc,phases,ref  ] GC(123)     FinalRef (ms):                 skipped
[33.702s][debug  ][gc,phases,ref  ] GC(123)   Notify PhantomReferences: 0.0ms
[33.702s][debug  ][gc,phases,ref  ] GC(123)     PhantomRef (ms):               skipped
[33.702s][debug  ][gc,phases,ref  ] GC(123)   SoftReference:
[33.702s][debug  ][gc,phases,ref  ] GC(123)     Discovered: 0
[33.702s][debug  ][gc,phases,ref  ] GC(123)     Cleared: 0
[33.702s][debug  ][gc,phases,ref  ] GC(123)   WeakReference:
[33.702s][debug  ][gc,phases,ref  ] GC(123)     Discovered: 0
[33.702s][debug  ][gc,phases,ref  ] GC(123)     Cleared: 0
[33.702s][debug  ][gc,phases,ref  ] GC(123)   FinalReference:
[33.702s][debug  ][gc,phases,ref  ] GC(123)     Discovered: 0
[33.702s][debug  ][gc,phases,ref  ] GC(123)     Cleared: 0
[33.702s][debug  ][gc,phases,ref  ] GC(123)   PhantomReference:
[33.702s][debug  ][gc,phases,ref  ] GC(123)     Discovered: 0
[33.702s][debug  ][gc,phases,ref  ] GC(123)     Cleared: 0
[33.702s][debug  ][gc,phases      ] GC(123) Reference Processing 0.672ms
[33.702s][debug  ][gc,phases,start] GC(123) Weak Processing
[33.702s][debug  ][gc,phases      ] GC(123)   VM Weak                        Min:  0.0, Avg:  0.0, Max:  0.0, Diff:  0.0, Sum:  0.0, Workers: 6
[33.702s][debug  ][gc,phases      ] GC(123)     Dead                           Min: 0, Avg:  0.0, Max: 0, Diff: 0, Sum: 0, Workers: 6
[33.702s][debug  ][gc,phases      ] GC(123)     Total                          Min: 0, Avg:  1.3, Max: 8, Diff: 8, Sum: 8, Workers: 6
[33.702s][debug  ][gc,phases      ] GC(123)   ObjectSynchronizer Weak        Min:  0.0, Avg:  0.0, Max:  0.0, Diff:  0.0, Sum:  0.0, Workers: 6
[33.702s][debug  ][gc,phases      ] GC(123)     Dead                           Min: 0, Avg:  0.0, Max: 0, Diff: 0, Sum: 0, Workers: 6
[33.702s][debug  ][gc,phases      ] GC(123)     Total                          Min: 0, Avg:  0.5, Max: 3, Diff: 3, Sum: 3, Workers: 6
[33.702s][debug  ][gc,phases      ] GC(123)   JVMTI Tag Weak OopStorage      Min:  0.0, Avg:  0.0, Max:  0.0, Diff:  0.0, Sum:  0.0, Workers: 6
[33.702s][debug  ][gc,phases      ] GC(123)     Dead                           Min: 0, Avg:  0.0, Max: 0, Diff: 0, Sum: 0, Workers: 6
[33.702s][debug  ][gc,phases      ] GC(123)     Total                          Min: 0, Avg:  0.0, Max: 0, Diff: 0, Sum: 0, Workers: 6
[33.702s][debug  ][gc,phases      ] GC(123)   StringTable Weak               Min:  0.0, Avg:  0.0, Max:  0.0, Diff:  0.0, Sum:  0.0, Workers: 6
[33.702s][debug  ][gc,phases      ] GC(123)     Dead                           Min: 0, Avg:  0.0, Max: 0, Diff: 0, Sum: 0, Workers: 6
[33.703s][debug  ][gc,phases      ] GC(123)     Total                          Min: 639, Avg: 892.5, Max: 1024, Diff: 385, Sum: 5355, Workers: 6
[33.703s][debug  ][gc,phases      ] GC(123)   ResolvedMethodTable Weak       Min:  0.0, Avg:  0.0, Max:  0.0, Diff:  0.0, Sum:  0.0, Workers: 6
[33.703s][debug  ][gc,phases      ] GC(123)     Dead                           Min: 0, Avg:  0.0, Max: 0, Diff: 0, Sum: 0, Workers: 6
[33.703s][debug  ][gc,phases      ] GC(123)     Total                          Min: 0, Avg: 21.7, Max: 64, Diff: 64, Sum: 130, Workers: 6
[33.703s][debug  ][gc,phases      ] GC(123)   JNI Weak                       Min:  0.0, Avg:  0.0, Max:  0.0, Diff:  0.0, Sum:  0.0, Workers: 6
[33.703s][debug  ][gc,phases      ] GC(123)     Dead                           Min: 0, Avg:  0.0, Max: 0, Diff: 0, Sum: 0, Workers: 6
[33.703s][debug  ][gc,phases      ] GC(123)     Total                          Min: 0, Avg:  0.0, Max: 0, Diff: 0, Sum: 0, Workers: 6
[33.703s][debug  ][gc,phases      ] GC(123)   StringDedup Table Weak         Min:  0.0, Avg:  0.0, Max:  0.0, Diff:  0.0, Sum:  0.0, Workers: 6
[33.703s][debug  ][gc,phases      ] GC(123)     Dead                           Min: 0, Avg:  0.0, Max: 0, Diff: 0, Sum: 0, Workers: 6
[33.703s][debug  ][gc,phases      ] GC(123)     Total                          Min: 0, Avg:  0.0, Max: 0, Diff: 0, Sum: 0, Workers: 6
[33.703s][debug  ][gc,phases      ] GC(123)   StringDedup Requests0 Weak     Min:  0.0, Avg:  0.0, Max:  0.0, Diff:  0.0, Sum:  0.0, Workers: 6
[33.703s][debug  ][gc,phases      ] GC(123)     Dead                           Min: 0, Avg:  0.0, Max: 0, Diff: 0, Sum: 0, Workers: 6
[33.703s][debug  ][gc,phases      ] GC(123)     Total                          Min: 0, Avg:  0.0, Max: 0, Diff: 0, Sum: 0, Workers: 6
[33.703s][debug  ][gc,phases      ] GC(123)   StringDedup Requests1 Weak     Min:  0.0, Avg:  0.0, Max:  0.0, Diff:  0.0, Sum:  0.0, Workers: 6
[33.703s][debug  ][gc,phases      ] GC(123)     Dead                           Min: 0, Avg:  0.0, Max: 0, Diff: 0, Sum: 0, Workers: 6
[33.703s][debug  ][gc,phases      ] GC(123)     Total                          Min: 0, Avg:  0.0, Max: 0, Diff: 0, Sum: 0, Workers: 6
[33.703s][debug  ][gc,phases      ] GC(123)   Weak JFR Old Object Samples    Min:  0.0, Avg:  0.0, Max:  0.0, Diff:  0.0, Sum:  0.0, Workers: 6
[33.703s][debug  ][gc,phases      ] GC(123)     Dead                           Min: 0, Avg:  0.0, Max: 0, Diff: 0, Sum: 0, Workers: 6
[33.703s][debug  ][gc,phases      ] GC(123)     Total                          Min: 0, Avg:  0.0, Max: 0, Diff: 0, Sum: 0, Workers: 6
[33.703s][debug  ][gc,phases      ] GC(123) Weak Processing 0.787ms
[33.703s][debug  ][gc,ergo        ] GC(123) AdaptiveSizeStart:  collection: 124 
[33.703s][debug  ][gc,ergo        ] GC(123) avg_survived_padded_avg: 39863448.000000
[33.703s][debug  ][gc,ergo        ] GC(123) avg_promoted_padded_avg: 239590304.000000  avg_pretenured_padded_avg: 0.000000  tenuring_thresh: 1  target_size: 40370176
[33.703s][debug  ][gc,age         ] GC(123) Desired survivor size 40370176 bytes, new threshold 1 (max threshold 15)
[33.703s][debug  ][gc,ergo        ] GC(123) PSAdaptiveSizePolicy::compute_eden_space_size limits: desired_eden_size: 217270061 old_eden_size: 197132288 eden_limit: 197656576 cur_eden: 197132288 max_eden_size: 197656576 avg_young_live: 23286008
[33.703s][debug  ][gc,ergo        ] GC(123) PSAdaptiveSizePolicy::compute_eden_space_size: costs minor_time: 0.038922 major_cost: 0.038092 mutator_cost: 0.922986 throughput_goal: 0.990000
[33.703s][debug  ][gc,ergo        ] GC(123) Live_space: 931380288 free_space: 1454899200
[33.703s][debug  ][gc,ergo        ] GC(123) Old eden_size: 197132288 desired_eden_size: 197656576
[33.703s][debug  ][gc,ergo        ] GC(123) AdaptiveSizeStop: collection: 124 
[33.703s][info   ][gc,heap        ] GC(123) PSYoungGen: 218736K(227328K)->0K(217600K) Eden: 188016K(192512K)->0K(183296K) From: 30720K(34816K)->0K(34304K)
[33.703s][info   ][gc,heap        ] GC(123) ParOldGen: 810596K(2144256K)->810596K(2144256K)
[33.703s][info   ][gc,metaspace   ] GC(123) Metaspace: 1024K(1216K)->1024K(1216K) NonClass: 941K(1024K)->941K(1024K) Class: 83K(192K)->83K(192K)
[33.703s][info   ][gc             ] GC(123) Pause Young (Allocation Failure) 1005M->791M(2306M) 4.217ms
[33.703s][info   ][gc,cpu         ] GC(123) User=0.00s Sys=0.00s Real=0.00s
[33.703s][debug  ][gc,heap        ] GC(123) Heap after GC invocations=124 (full 20):
[33.703s][debug  ][gc,heap        ] GC(123)  PSYoungGen      total 217600K, used 0K [0x00000007f0000000, 0x0000000800000000, 0x0000000800000000)
[33.703s][debug  ][gc,heap        ] GC(123)   eden space 183296K, 0% used [0x00000007f0000000,0x00000007f0000000,0x00000007fb300000)
[33.703s][debug  ][gc,heap        ] GC(123)   from space 34304K, 0% used [0x00000007fde80000,0x00000007fde80000,0x0000000800000000)
[33.703s][debug  ][gc,heap        ] GC(123)   to   space 39424K, 0% used [0x00000007fb300000,0x00000007fb300000,0x00000007fd980000)
[33.703s][debug  ][gc,heap        ] GC(123)  ParOldGen       total 2144256K, used 810596K [0x0000000700000000, 0x0000000782e00000, 0x00000007f0000000)
[33.704s][debug  ][gc,heap        ] GC(123)   object space 2144256K, 37% used [0x0000000700000000,0x00000007317990e8,0x0000000782e00000)
[33.704s][debug  ][gc,heap        ] GC(123)  Metaspace       used 1024K, committed 1216K, reserved 1056768K
[33.704s][debug  ][gc,heap        ] GC(123)   class space    used 83K, committed 192K, reserved 1048576K
[33.704s][debug  ][gc,task,time   ] GC(123) VM-Thread 336986546 337014949 337035846
[33.969s][debug  ][gc,heap        ] GC(124) Heap before GC invocations=125 (full 20):
[33.969s][debug  ][gc,heap        ] GC(124)  PSYoungGen      total 217600K, used 177625K [0x00000007f0000000, 0x0000000800000000, 0x0000000800000000)
[33.969s][debug  ][gc,heap        ] GC(124)   eden space 183296K, 96% used [0x00000007f0000000,0x00000007fad766d8,0x00000007fb300000)
[33.969s][debug  ][gc,heap        ] GC(124)   from space 34304K, 0% used [0x00000007fde80000,0x00000007fde80000,0x0000000800000000)
[33.969s][debug  ][gc,heap        ] GC(124)   to   space 39424K, 0% used [0x00000007fb300000,0x00000007fb300000,0x00000007fd980000)
[33.969s][debug  ][gc,heap        ] GC(124)  ParOldGen       total 2144256K, used 810596K [0x0000000700000000, 0x0000000782e00000, 0x00000007f0000000)
[33.969s][debug  ][gc,heap        ] GC(124)   object space 2144256K, 37% used [0x0000000700000000,0x00000007317990e8,0x0000000782e00000)
[33.969s][debug  ][gc,heap        ] GC(124)  Metaspace       used 1024K, committed 1216K, reserved 1056768K
[33.969s][debug  ][gc,heap        ] GC(124)   class space    used 83K, committed 192K, reserved 1048576K
[33.969s][debug  ][gc,tlab        ] GC(124) TLAB totals: thrds: 1  refills: 1 max: 1 slow allocs: 16 max 16 waste: 25.7% gc: 3630536B max: 3630536B slow: 0B max: 0B
[33.969s][info   ][gc,start       ] GC(124) Pause Young (Allocation Failure)
[33.969s][debug  ][gc,phases,start] GC(124) Scavenge
[33.981s][debug  ][gc,phases      ] GC(124) Scavenge 11.692ms
[33.981s][debug  ][gc,phases,start] GC(124) Reference Processing
[33.981s][debug  ][gc,ref         ] GC(124) Skipped phase 1 of Reference Processing: no references
[33.981s][debug  ][gc,ref         ] GC(124) Skipped phase 2 of Reference Processing: no references
[33.981s][debug  ][gc,ref         ] GC(124) Skipped phase 3 of Reference Processing: no references
[33.981s][debug  ][gc,ref         ] GC(124) Skipped phase 4 of Reference Processing: no references
[33.981s][debug  ][gc,phases,ref  ] GC(124) Reference Processing: 0.1ms
[33.981s][debug  ][gc,phases,ref  ] GC(124)   Reconsider SoftReferences: 0.0ms
[33.981s][debug  ][gc,phases,ref  ] GC(124)     SoftRef (ms):                  skipped
[33.981s][debug  ][gc,phases,ref  ] GC(124)   Notify Soft/WeakReferences: 0.0ms
[33.981s][debug  ][gc,phases,ref  ] GC(124)     SoftRef (ms):                  skipped
[33.981s][debug  ][gc,phases,ref  ] GC(124)     WeakRef (ms):                  skipped
[33.981s][debug  ][gc,phases,ref  ] GC(124)     FinalRef (ms):                 skipped
[33.981s][debug  ][gc,phases,ref  ] GC(124)     Total (ms):                    skipped
[33.981s][debug  ][gc,phases,ref  ] GC(124)   Notify and keep alive finalizable: 0.0ms
[33.981s][debug  ][gc,phases,ref  ] GC(124)     FinalRef (ms):                 skipped
[33.981s][debug  ][gc,phases,ref  ] GC(124)   Notify PhantomReferences: 0.0ms
[33.981s][debug  ][gc,phases,ref  ] GC(124)     PhantomRef (ms):               skipped
[33.981s][debug  ][gc,phases,ref  ] GC(124)   SoftReference:
[33.981s][debug  ][gc,phases,ref  ] GC(124)     Discovered: 0
[33.981s][debug  ][gc,phases,ref  ] GC(124)     Cleared: 0
[33.981s][debug  ][gc,phases,ref  ] GC(124)   WeakReference:
[33.981s][debug  ][gc,phases,ref  ] GC(124)     Discovered: 0
[33.982s][debug  ][gc,phases,ref  ] GC(124)     Cleared: 0
[33.982s][debug  ][gc,phases,ref  ] GC(124)   FinalReference:
[33.982s][debug  ][gc,phases,ref  ] GC(124)     Discovered: 0
[33.982s][debug  ][gc,phases,ref  ] GC(124)     Cleared: 0
[33.982s][debug  ][gc,phases,ref  ] GC(124)   PhantomReference:
[33.982s][debug  ][gc,phases,ref  ] GC(124)     Discovered: 0
[33.982s][debug  ][gc,phases,ref  ] GC(124)     Cleared: 0
[33.982s][debug  ][gc,phases      ] GC(124) Reference Processing 0.679ms
[33.982s][debug  ][gc,phases,start] GC(124) Weak Processing
[33.982s][debug  ][gc,phases      ] GC(124)   VM Weak                        Min:  0.0, Avg:  0.0, Max:  0.0, Diff:  0.0, Sum:  0.0, Workers: 6
[33.982s][debug  ][gc,phases      ] GC(124)     Dead                           Min: 0, Avg:  0.0, Max: 0, Diff: 0, Sum: 0, Workers: 6
[33.982s][debug  ][gc,phases      ] GC(124)     Total                          Min: 0, Avg:  1.3, Max: 8, Diff: 8, Sum: 8, Workers: 6
[33.982s][debug  ][gc,phases      ] GC(124)   ObjectSynchronizer Weak        Min:  0.0, Avg:  0.0, Max:  0.0, Diff:  0.0, Sum:  0.0, Workers: 6
[33.982s][debug  ][gc,phases      ] GC(124)     Dead                           Min: 0, Avg:  0.0, Max: 0, Diff: 0, Sum: 0, Workers: 6
[33.982s][debug  ][gc,phases      ] GC(124)     Total                          Min: 0, Avg:  0.5, Max: 3, Diff: 3, Sum: 3, Workers: 6
[33.982s][debug  ][gc,phases      ] GC(124)   JVMTI Tag Weak OopStorage      Min:  0.0, Avg:  0.0, Max:  0.0, Diff:  0.0, Sum:  0.0, Workers: 6
[33.982s][debug  ][gc,phases      ] GC(124)     Dead                           Min: 0, Avg:  0.0, Max: 0, Diff: 0, Sum: 0, Workers: 6
[33.982s][debug  ][gc,phases      ] GC(124)     Total                          Min: 0, Avg:  0.0, Max: 0, Diff: 0, Sum: 0, Workers: 6
[33.982s][debug  ][gc,phases      ] GC(124)   StringTable Weak               Min:  0.0, Avg:  0.0, Max:  0.0, Diff:  0.0, Sum:  0.0, Workers: 6
[33.982s][debug  ][gc,phases      ] GC(124)     Dead                           Min: 0, Avg:  0.0, Max: 0, Diff: 0, Sum: 0, Workers: 6
[33.982s][debug  ][gc,phases      ] GC(124)     Total                          Min: 748, Avg: 892.5, Max: 1024, Diff: 276, Sum: 5355, Workers: 6
[33.982s][debug  ][gc,phases      ] GC(124)   ResolvedMethodTable Weak       Min:  0.0, Avg:  0.0, Max:  0.0, Diff:  0.0, Sum:  0.0, Workers: 6
[33.982s][debug  ][gc,phases      ] GC(124)     Dead                           Min: 0, Avg:  0.0, Max: 0, Diff: 0, Sum: 0, Workers: 6
[33.982s][debug  ][gc,phases      ] GC(124)     Total                          Min: 0, Avg: 21.7, Max: 64, Diff: 64, Sum: 130, Workers: 6
[33.982s][debug  ][gc,phases      ] GC(124)   JNI Weak                       Min:  0.0, Avg:  0.0, Max:  0.0, Diff:  0.0, Sum:  0.0, Workers: 6
[33.982s][debug  ][gc,phases      ] GC(124)     Dead                           Min: 0, Avg:  0.0, Max: 0, Diff: 0, Sum: 0, Workers: 6
[33.982s][debug  ][gc,phases      ] GC(124)     Total                          Min: 0, Avg:  0.0, Max: 0, Diff: 0, Sum: 0, Workers: 6
[33.982s][debug  ][gc,phases      ] GC(124)   StringDedup Table Weak         Min:  0.0, Avg:  0.0, Max:  0.0, Diff:  0.0, Sum:  0.0, Workers: 6
[33.982s][debug  ][gc,phases      ] GC(124)     Dead                           Min: 0, Avg:  0.0, Max: 0, Diff: 0, Sum: 0, Workers: 6
[33.982s][debug  ][gc,phases      ] GC(124)     Total                          Min: 0, Avg:  0.0, Max: 0, Diff: 0, Sum: 0, Workers: 6
[33.982s][debug  ][gc,phases      ] GC(124)   StringDedup Requests0 Weak     Min:  0.0, Avg:  0.0, Max:  0.0, Diff:  0.0, Sum:  0.0, Workers: 6
[33.982s][debug  ][gc,phases      ] GC(124)     Dead                           Min: 0, Avg:  0.0, Max: 0, Diff: 0, Sum: 0, Workers: 6
[33.982s][debug  ][gc,phases      ] GC(124)     Total                          Min: 0, Avg:  0.0, Max: 0, Diff: 0, Sum: 0, Workers: 6
[33.982s][debug  ][gc,phases      ] GC(124)   StringDedup Requests1 Weak     Min:  0.0, Avg:  0.0, Max:  0.0, Diff:  0.0, Sum:  0.0, Workers: 6
[33.982s][debug  ][gc,phases      ] GC(124)     Dead                           Min: 0, Avg:  0.0, Max: 0, Diff: 0, Sum: 0, Workers: 6
[33.982s][debug  ][gc,phases      ] GC(124)     Total                          Min: 0, Avg:  0.0, Max: 0, Diff: 0, Sum: 0, Workers: 6
[33.982s][debug  ][gc,phases      ] GC(124)   Weak JFR Old Object Samples    Min:  0.0, Avg:  0.0, Max:  0.0, Diff:  0.0, Sum:  0.0, Workers: 6
[33.982s][debug  ][gc,phases      ] GC(124)     Dead                           Min: 0, Avg:  0.0, Max: 0, Diff: 0, Sum: 0, Workers: 6
[33.982s][debug  ][gc,phases      ] GC(124)     Total                          Min: 0, Avg:  0.0, Max: 0, Diff: 0, Sum: 0, Workers: 6
[33.983s][debug  ][gc,phases      ] GC(124) Weak Processing 0.805ms
[33.983s][debug  ][gc,ergo        ] GC(124) AdaptiveSizeStart:  collection: 125 
[33.983s][debug  ][gc,ergo        ] GC(124) avg_survived_padded_avg: 40052448.000000
[33.983s][debug  ][gc,ergo        ] GC(124) avg_promoted_padded_avg: 230569312.000000  avg_pretenured_padded_avg: 0.000000  tenuring_thresh: 1  target_size: 40370176
[33.983s][debug  ][gc,age         ] GC(124) Desired survivor size 40370176 bytes, new threshold 1 (max threshold 15)
[33.983s][debug  ][gc,ergo        ] GC(124) PSAdaptiveSizePolicy::compute_eden_space_size limits: desired_eden_size: 207284492 old_eden_size: 197656576 eden_limit: 192937984 cur_eden: 187695104 max_eden_size: 192937984 avg_young_live: 24103138
[33.983s][debug  ][gc,ergo        ] GC(124) PSAdaptiveSizePolicy::compute_eden_space_size: costs minor_time: 0.041091 major_cost: 0.038092 mutator_cost: 0.920817 throughput_goal: 0.990000
[33.983s][debug  ][gc,ergo        ] GC(124) Live_space: 932197376 free_space: 1455423488
[33.983s][debug  ][gc,ergo        ] GC(124) Old eden_size: 197656576 desired_eden_size: 192937984
[33.983s][debug  ][gc,ergo        ] GC(124) AdaptiveSizeStop: collection: 125 
[33.983s][info   ][gc,heap        ] GC(124) PSYoungGen: 177625K(217600K)->30720K(222720K) Eden: 177625K(183296K)->0K(183296K) From: 0K(34304K)->30720K(39424K)
[33.983s][info   ][gc,heap        ] GC(124) ParOldGen: 810596K(2144256K)->953956K(2144256K)
[33.983s][info   ][gc,metaspace   ] GC(124) Metaspace: 1024K(1216K)->1024K(1216K) NonClass: 941K(1024K)->941K(1024K) Class: 83K(192K)->83K(192K)
[33.983s][info   ][gc             ] GC(124) Pause Young (Allocation Failure) 965M->961M(2311M) 13.651ms
[33.983s][info   ][gc,cpu         ] GC(124) User=0.14s Sys=0.00s Real=0.01s
[33.983s][debug  ][gc,heap        ] GC(124) Heap after GC invocations=125 (full 20):
[33.983s][debug  ][gc,heap        ] GC(124)  PSYoungGen      total 222720K, used 30720K [0x00000007f0000000, 0x0000000800000000, 0x0000000800000000)
[33.983s][debug  ][gc,heap        ] GC(124)   eden space 183296K, 0% used [0x00000007f0000000,0x00000007f0000000,0x00000007fb300000)
[33.983s][debug  ][gc,heap        ] GC(124)   from space 39424K, 77% used [0x00000007fb300000,0x00000007fd100030,0x00000007fd980000)
[33.983s][debug  ][gc,heap        ] GC(124)   to   space 39424K, 0% used [0x00000007fd980000,0x00000007fd980000,0x0000000800000000)
[33.983s][debug  ][gc,heap        ] GC(124)  ParOldGen       total 2144256K, used 953956K [0x0000000700000000, 0x0000000782e00000, 0x00000007f0000000)
[33.983s][debug  ][gc,heap        ] GC(124)   object space 2144256K, 44% used [0x0000000700000000,0x000000073a3991c8,0x0000000782e00000)
[33.983s][debug  ][gc,heap        ] GC(124)  Metaspace       used 1024K, committed 1216K, reserved 1056768K
[33.983s][debug  ][gc,heap        ] GC(124)   class space    used 83K, committed 192K, reserved 1048576K
[33.983s][debug  ][gc,task,time   ] GC(124) VM-Thread 339687679 339810001 339831135
[34.257s][debug  ][gc,heap        ] GC(125) Heap before GC invocations=126 (full 20):
[34.257s][debug  ][gc,heap        ] GC(125)  PSYoungGen      total 222720K, used 208362K [0x00000007f0000000, 0x0000000800000000, 0x0000000800000000)
[34.257s][debug  ][gc,heap        ] GC(125)   eden space 183296K, 96% used [0x00000007f0000000,0x00000007fad7a918,0x00000007fb300000)
[34.257s][debug  ][gc,heap        ] GC(125)   from space 39424K, 77% used [0x00000007fb300000,0x00000007fd100030,0x00000007fd980000)
[34.257s][debug  ][gc,heap        ] GC(125)   to   space 39424K, 0% used [0x00000007fd980000,0x00000007fd980000,0x0000000800000000)
[34.257s][debug  ][gc,heap        ] GC(125)  ParOldGen       total 2144256K, used 953956K [0x0000000700000000, 0x0000000782e00000, 0x00000007f0000000)
[34.257s][debug  ][gc,heap        ] GC(125)   object space 2144256K, 44% used [0x0000000700000000,0x000000073a3991c8,0x0000000782e00000)
[34.257s][debug  ][gc,heap        ] GC(125)  Metaspace       used 1024K, committed 1216K, reserved 1056768K
[34.257s][debug  ][gc,heap        ] GC(125)   class space    used 83K, committed 192K, reserved 1048576K
[34.257s][debug  ][gc,tlab        ] GC(125) TLAB totals: thrds: 1  refills: 1 max: 1 slow allocs: 16 max 16 waste: 25.8% gc: 3647496B max: 3647496B slow: 0B max: 0B
[34.257s][info   ][gc,start       ] GC(125) Pause Young (Allocation Failure)
[34.257s][debug  ][gc,phases,start] GC(125) Scavenge
[34.271s][debug  ][gc,phases      ] GC(125) Scavenge 13.871ms
[34.271s][debug  ][gc,phases,start] GC(125) Reference Processing
[34.271s][debug  ][gc,ref         ] GC(125) Skipped phase 1 of Reference Processing: no references
[34.271s][debug  ][gc,ref         ] GC(125) Skipped phase 2 of Reference Processing: no references
[34.271s][debug  ][gc,ref         ] GC(125) Skipped phase 3 of Reference Processing: no references
[34.271s][debug  ][gc,ref         ] GC(125) Skipped phase 4 of Reference Processing: no references
[34.271s][debug  ][gc,phases,ref  ] GC(125) Reference Processing: 0.1ms
[34.271s][debug  ][gc,phases,ref  ] GC(125)   Reconsider SoftReferences: 0.0ms
[34.271s][debug  ][gc,phases,ref  ] GC(125)     SoftRef (ms):                  skipped
[34.271s][debug  ][gc,phases,ref  ] GC(125)   Notify Soft/WeakReferences: 0.0ms
[34.271s][debug  ][gc,phases,ref  ] GC(125)     SoftRef (ms):                  skipped
[34.272s][debug  ][gc,phases,ref  ] GC(125)     WeakRef (ms):                  skipped
[34.272s][debug  ][gc,phases,ref  ] GC(125)     FinalRef (ms):                 skipped
[34.272s][debug  ][gc,phases,ref  ] GC(125)     Total (ms):                    skipped
[34.272s][debug  ][gc,phases,ref  ] GC(125)   Notify and keep alive finalizable: 0.0ms
[34.272s][debug  ][gc,phases,ref  ] GC(125)     FinalRef (ms):                 skipped
[34.272s][debug  ][gc,phases,ref  ] GC(125)   Notify PhantomReferences: 0.0ms
[34.272s][debug  ][gc,phases,ref  ] GC(125)     PhantomRef (ms):               skipped
[34.272s][debug  ][gc,phases,ref  ] GC(125)   SoftReference:
[34.272s][debug  ][gc,phases,ref  ] GC(125)     Discovered: 0
[34.272s][debug  ][gc,phases,ref  ] GC(125)     Cleared: 0
[34.272s][debug  ][gc,phases,ref  ] GC(125)   WeakReference:
[34.272s][debug  ][gc,phases,ref  ] GC(125)     Discovered: 0
[34.272s][debug  ][gc,phases,ref  ] GC(125)     Cleared: 0
[34.272s][debug  ][gc,phases,ref  ] GC(125)   FinalReference:
[34.272s][debug  ][gc,phases,ref  ] GC(125)     Discovered: 0
[34.272s][debug  ][gc,phases,ref  ] GC(125)     Cleared: 0
[34.272s][debug  ][gc,phases,ref  ] GC(125)   PhantomReference:
[34.272s][debug  ][gc,phases,ref  ] GC(125)     Discovered: 0
[34.272s][debug  ][gc,phases,ref  ] GC(125)     Cleared: 0
[34.272s][debug  ][gc,phases      ] GC(125) Reference Processing 0.566ms
[34.272s][debug  ][gc,phases,start] GC(125) Weak Processing
[34.272s][debug  ][gc,phases      ] GC(125)   VM Weak                        Min:  0.0, Avg:  0.0, Max:  0.0, Diff:  0.0, Sum:  0.0, Workers: 6
[34.272s][debug  ][gc,phases      ] GC(125)     Dead                           Min: 0, Avg:  0.0, Max: 0, Diff: 0, Sum: 0, Workers: 6
[34.272s][debug  ][gc,phases      ] GC(125)     Total                          Min: 0, Avg:  1.3, Max: 8, Diff: 8, Sum: 8, Workers: 6
[34.272s][debug  ][gc,phases      ] GC(125)   ObjectSynchronizer Weak        Min:  0.0, Avg:  0.0, Max:  0.0, Diff:  0.0, Sum:  0.0, Workers: 6
[34.272s][debug  ][gc,phases      ] GC(125)     Dead                           Min: 0, Avg:  0.0, Max: 0, Diff: 0, Sum: 0, Workers: 6
[34.272s][debug  ][gc,phases      ] GC(125)     Total                          Min: 0, Avg:  0.5, Max: 3, Diff: 3, Sum: 3, Workers: 6
[34.272s][debug  ][gc,phases      ] GC(125)   JVMTI Tag Weak OopStorage      Min:  0.0, Avg:  0.0, Max:  0.0, Diff:  0.0, Sum:  0.0, Workers: 6
[34.272s][debug  ][gc,phases      ] GC(125)     Dead                           Min: 0, Avg:  0.0, Max: 0, Diff: 0, Sum: 0, Workers: 6
[34.272s][debug  ][gc,phases      ] GC(125)     Total                          Min: 0, Avg:  0.0, Max: 0, Diff: 0, Sum: 0, Workers: 6
[34.272s][debug  ][gc,phases      ] GC(125)   StringTable Weak               Min:  0.0, Avg:  0.0, Max:  0.0, Diff:  0.0, Sum:  0.0, Workers: 6
[34.272s][debug  ][gc,phases      ] GC(125)     Dead                           Min: 0, Avg:  0.0, Max: 0, Diff: 0, Sum: 0, Workers: 6
[34.272s][debug  ][gc,phases      ] GC(125)     Total                          Min: 639, Avg: 892.5, Max: 1344, Diff: 705, Sum: 5355, Workers: 6
[34.272s][debug  ][gc,phases      ] GC(125)   ResolvedMethodTable Weak       Min:  0.0, Avg:  0.0, Max:  0.0, Diff:  0.0, Sum:  0.0, Workers: 6
[34.272s][debug  ][gc,phases      ] GC(125)     Dead                           Min: 0, Avg:  0.0, Max: 0, Diff: 0, Sum: 0, Workers: 6
[34.272s][debug  ][gc,phases      ] GC(125)     Total                          Min: 0, Avg: 21.7, Max: 64, Diff: 64, Sum: 130, Workers: 6
[34.272s][debug  ][gc,phases      ] GC(125)   JNI Weak                       Min:  0.0, Avg:  0.0, Max:  0.0, Diff:  0.0, Sum:  0.0, Workers: 6
[34.272s][debug  ][gc,phases      ] GC(125)     Dead                           Min: 0, Avg:  0.0, Max: 0, Diff: 0, Sum: 0, Workers: 6
[34.272s][debug  ][gc,phases      ] GC(125)     Total                          Min: 0, Avg:  0.0, Max: 0, Diff: 0, Sum: 0, Workers: 6
[34.272s][debug  ][gc,phases      ] GC(125)   StringDedup Table Weak         Min:  0.0, Avg:  0.0, Max:  0.0, Diff:  0.0, Sum:  0.0, Workers: 6
[34.272s][debug  ][gc,phases      ] GC(125)     Dead                           Min: 0, Avg:  0.0, Max: 0, Diff: 0, Sum: 0, Workers: 6
[34.272s][debug  ][gc,phases      ] GC(125)     Total                          Min: 0, Avg:  0.0, Max: 0, Diff: 0, Sum: 0, Workers: 6
[34.272s][debug  ][gc,phases      ] GC(125)   StringDedup Requests0 Weak     Min:  0.0, Avg:  0.0, Max:  0.0, Diff:  0.0, Sum:  0.0, Workers: 6
[34.272s][debug  ][gc,phases      ] GC(125)     Dead                           Min: 0, Avg:  0.0, Max: 0, Diff: 0, Sum: 0, Workers: 6
[34.272s][debug  ][gc,phases      ] GC(125)     Total                          Min: 0, Avg:  0.0, Max: 0, Diff: 0, Sum: 0, Workers: 6
[34.272s][debug  ][gc,phases      ] GC(125)   StringDedup Requests1 Weak     Min:  0.0, Avg:  0.0, Max:  0.0, Diff:  0.0, Sum:  0.0, Workers: 6
[34.272s][debug  ][gc,phases      ] GC(125)     Dead                           Min: 0, Avg:  0.0, Max: 0, Diff: 0, Sum: 0, Workers: 6
[34.272s][debug  ][gc,phases      ] GC(125)     Total                          Min: 0, Avg:  0.0, Max: 0, Diff: 0, Sum: 0, Workers: 6
[34.273s][debug  ][gc,phases      ] GC(125)   Weak JFR Old Object Samples    Min:  0.0, Avg:  0.0, Max:  0.0, Diff:  0.0, Sum:  0.0, Workers: 6
[34.273s][debug  ][gc,phases      ] GC(125)     Dead                           Min: 0, Avg:  0.0, Max: 0, Diff: 0, Sum: 0, Workers: 6
[34.273s][debug  ][gc,phases      ] GC(125)     Total                          Min: 0, Avg:  0.0, Max: 0, Diff: 0, Sum: 0, Workers: 6
[34.273s][debug  ][gc,phases      ] GC(125) Weak Processing 0.683ms
[34.273s][debug  ][gc,ergo        ] GC(125) AdaptiveSizeStart:  collection: 126 
[34.273s][debug  ][gc,ergo        ] GC(125) avg_survived_padded_avg: 40119584.000000
[34.273s][debug  ][gc,ergo        ] GC(125) avg_promoted_padded_avg: 233599504.000000  avg_pretenured_padded_avg: 0.000000  tenuring_thresh: 1  target_size: 40370176
[34.273s][debug  ][gc,age         ] GC(125) Desired survivor size 40370176 bytes, new threshold 1 (max threshold 15)
[34.273s][debug  ][gc,ergo        ] GC(125) PSAdaptiveSizePolicy::compute_eden_space_size limits: desired_eden_size: 207917304 old_eden_size: 192937984 eden_limit: 187695104 cur_eden: 187695104 max_eden_size: 187695104 avg_young_live: 24838556
[34.273s][debug  ][gc,ergo        ] GC(125) PSAdaptiveSizePolicy::compute_eden_space_size: costs minor_time: 0.043950 major_cost: 0.038092 mutator_cost: 0.917958 throughput_goal: 0.990000
[34.273s][debug  ][gc,ergo        ] GC(125) Live_space: 932932864 free_space: 1450704896
[34.273s][debug  ][gc,ergo        ] GC(125) Old eden_size: 192937984 desired_eden_size: 187695104
[34.273s][debug  ][gc,ergo        ] GC(125) AdaptiveSizeStop: collection: 126 
[34.273s][info   ][gc,heap        ] GC(125) PSYoungGen: 208362K(222720K)->30720K(222720K) Eden: 177642K(183296K)->0K(183296K) From: 30720K(39424K)->30720K(39424K)
[34.273s][info   ][gc,heap        ] GC(125) ParOldGen: 953956K(2144256K)->1128036K(2144256K)
[34.273s][info   ][gc,metaspace   ] GC(125) Metaspace: 1024K(1216K)->1024K(1216K) NonClass: 941K(1024K)->941K(1024K) Class: 83K(192K)->83K(192K)
[34.273s][info   ][gc             ] GC(125) Pause Young (Allocation Failure) 1135M->1131M(2311M) 15.565ms
[34.273s][info   ][gc,cpu         ] GC(125) User=0.00s Sys=0.02s Real=0.02s
[34.273s][debug  ][gc,heap        ] GC(125) Heap after GC invocations=126 (full 20):
[34.273s][debug  ][gc,heap        ] GC(125)  PSYoungGen      total 222720K, used 30720K [0x00000007f0000000, 0x0000000800000000, 0x0000000800000000)
[34.273s][debug  ][gc,heap        ] GC(125)   eden space 183296K, 0% used [0x00000007f0000000,0x00000007f0000000,0x00000007fb300000)
[34.273s][debug  ][gc,heap        ] GC(125)   from space 39424K, 77% used [0x00000007fd980000,0x00000007ff780030,0x0000000800000000)
[34.273s][debug  ][gc,heap        ] GC(125)   to   space 39424K, 0% used [0x00000007fb300000,0x00000007fb300000,0x00000007fd980000)
[34.273s][debug  ][gc,heap        ] GC(125)  ParOldGen       total 2144256K, used 1128036K [0x0000000700000000, 0x0000000782e00000, 0x00000007f0000000)
[34.273s][debug  ][gc,heap        ] GC(125)   object space 2144256K, 52% used [0x0000000700000000,0x0000000744d992d8,0x0000000782e00000)
[34.273s][debug  ][gc,heap        ] GC(125)  Metaspace       used 1024K, committed 1216K, reserved 1056768K
[34.273s][debug  ][gc,heap        ] GC(125)   class space    used 83K, committed 192K, reserved 1048576K
[34.273s][debug  ][gc,task,time   ] GC(125) VM-Thread 342569037 342713081 342731152
[34.541s][debug  ][gc,heap        ] GC(126) Heap before GC invocations=127 (full 20):
[34.542s][debug  ][gc,heap        ] GC(126)  PSYoungGen      total 222720K, used 208372K [0x00000007f0000000, 0x0000000800000000, 0x0000000800000000)
[34.542s][debug  ][gc,heap        ] GC(126)   eden space 183296K, 96% used [0x00000007f0000000,0x00000007fad7d3a8,0x00000007fb300000)
[34.542s][debug  ][gc,heap        ] GC(126)   from space 39424K, 77% used [0x00000007fd980000,0x00000007ff780030,0x0000000800000000)
[34.542s][debug  ][gc,heap        ] GC(126)   to   space 39424K, 0% used [0x00000007fb300000,0x00000007fb300000,0x00000007fd980000)
[34.542s][debug  ][gc,heap        ] GC(126)  ParOldGen       total 2144256K, used 1128036K [0x0000000700000000, 0x0000000782e00000, 0x00000007f0000000)
[34.542s][debug  ][gc,heap        ] GC(126)   object space 2144256K, 52% used [0x0000000700000000,0x0000000744d992d8,0x0000000782e00000)
[34.542s][debug  ][gc,heap        ] GC(126)  Metaspace       used 1024K, committed 1216K, reserved 1056768K
[34.542s][debug  ][gc,heap        ] GC(126)   class space    used 83K, committed 192K, reserved 1048576K
[34.542s][debug  ][gc,tlab        ] GC(126) TLAB totals: thrds: 1  refills: 1 max: 1 slow allocs: 16 max 16 waste: 25.9% gc: 3658392B max: 3658392B slow: 0B max: 0B
[34.542s][info   ][gc,start       ] GC(126) Pause Young (Allocation Failure)
[34.542s][debug  ][gc,phases,start] GC(126) Scavenge
[34.556s][debug  ][gc,phases      ] GC(126) Scavenge 14.540ms
[34.557s][debug  ][gc,phases,start] GC(126) Reference Processing
[34.557s][debug  ][gc,ref         ] GC(126) Skipped phase 1 of Reference Processing: no references
[34.557s][debug  ][gc,ref         ] GC(126) Skipped phase 2 of Reference Processing: no references
[34.557s][debug  ][gc,ref         ] GC(126) Skipped phase 3 of Reference Processing: no references
[34.557s][debug  ][gc,ref         ] GC(126) Skipped phase 4 of Reference Processing: no references
[34.557s][debug  ][gc,phases,ref  ] GC(126) Reference Processing: 0.1ms
[34.557s][debug  ][gc,phases,ref  ] GC(126)   Reconsider SoftReferences: 0.0ms
[34.557s][debug  ][gc,phases,ref  ] GC(126)     SoftRef (ms):                  skipped
[34.557s][debug  ][gc,phases,ref  ] GC(126)   Notify Soft/WeakReferences: 0.0ms
[34.557s][debug  ][gc,phases,ref  ] GC(126)     SoftRef (ms):                  skipped
[34.557s][debug  ][gc,phases,ref  ] GC(126)     WeakRef (ms):                  skipped
[34.557s][debug  ][gc,phases,ref  ] GC(126)     FinalRef (ms):                 skipped
[34.557s][debug  ][gc,phases,ref  ] GC(126)     Total (ms):                    skipped
[34.557s][debug  ][gc,phases,ref  ] GC(126)   Notify and keep alive finalizable: 0.0ms
[34.557s][debug  ][gc,phases,ref  ] GC(126)     FinalRef (ms):                 skipped
[34.557s][debug  ][gc,phases,ref  ] GC(126)   Notify PhantomReferences: 0.0ms
[34.557s][debug  ][gc,phases,ref  ] GC(126)     PhantomRef (ms):               skipped
[34.557s][debug  ][gc,phases,ref  ] GC(126)   SoftReference:
[34.557s][debug  ][gc,phases,ref  ] GC(126)     Discovered: 0
[34.557s][debug  ][gc,phases,ref  ] GC(126)     Cleared: 0
[34.557s][debug  ][gc,phases,ref  ] GC(126)   WeakReference:
[34.557s][debug  ][gc,phases,ref  ] GC(126)     Discovered: 0
[34.557s][debug  ][gc,phases,ref  ] GC(126)     Cleared: 0
[34.557s][debug  ][gc,phases,ref  ] GC(126)   FinalReference:
[34.557s][debug  ][gc,phases,ref  ] GC(126)     Discovered: 0
[34.557s][debug  ][gc,phases,ref  ] GC(126)     Cleared: 0
[34.557s][debug  ][gc,phases,ref  ] GC(126)   PhantomReference:
[34.557s][debug  ][gc,phases,ref  ] GC(126)     Discovered: 0
[34.557s][debug  ][gc,phases,ref  ] GC(126)     Cleared: 0
[34.557s][debug  ][gc,phases      ] GC(126) Reference Processing 0.822ms
[34.557s][debug  ][gc,phases,start] GC(126) Weak Processing
[34.557s][debug  ][gc,phases      ] GC(126)   VM Weak                        Min:  0.0, Avg:  0.0, Max:  0.0, Diff:  0.0, Sum:  0.0, Workers: 6
[34.558s][debug  ][gc,phases      ] GC(126)     Dead                           Min: 0, Avg:  0.0, Max: 0, Diff: 0, Sum: 0, Workers: 6
[34.558s][debug  ][gc,phases      ] GC(126)     Total                          Min: 0, Avg:  1.3, Max: 8, Diff: 8, Sum: 8, Workers: 6
[34.558s][debug  ][gc,phases      ] GC(126)   ObjectSynchronizer Weak        Min:  0.0, Avg:  0.0, Max:  0.0, Diff:  0.0, Sum:  0.0, Workers: 6
[34.558s][debug  ][gc,phases      ] GC(126)     Dead                           Min: 0, Avg:  0.0, Max: 0, Diff: 0, Sum: 0, Workers: 6
[34.558s][debug  ][gc,phases      ] GC(126)     Total                          Min: 0, Avg:  0.5, Max: 3, Diff: 3, Sum: 3, Workers: 6
[34.558s][debug  ][gc,phases      ] GC(126)   JVMTI Tag Weak OopStorage      Min:  0.0, Avg:  0.0, Max:  0.0, Diff:  0.0, Sum:  0.0, Workers: 6
[34.558s][debug  ][gc,phases      ] GC(126)     Dead                           Min: 0, Avg:  0.0, Max: 0, Diff: 0, Sum: 0, Workers: 6
[34.558s][debug  ][gc,phases      ] GC(126)     Total                          Min: 0, Avg:  0.0, Max: 0, Diff: 0, Sum: 0, Workers: 6
[34.558s][debug  ][gc,phases      ] GC(126)   StringTable Weak               Min:  0.0, Avg:  0.0, Max:  0.0, Diff:  0.0, Sum:  0.0, Workers: 6
[34.558s][debug  ][gc,phases      ] GC(126)     Dead                           Min: 0, Avg:  0.0, Max: 0, Diff: 0, Sum: 0, Workers: 6
[34.558s][debug  ][gc,phases      ] GC(126)     Total                          Min: 704, Avg: 892.5, Max: 1024, Diff: 320, Sum: 5355, Workers: 6
[34.558s][debug  ][gc,phases      ] GC(126)   ResolvedMethodTable Weak       Min:  0.0, Avg:  0.0, Max:  0.0, Diff:  0.0, Sum:  0.0, Workers: 6
[34.558s][debug  ][gc,phases      ] GC(126)     Dead                           Min: 0, Avg:  0.0, Max: 0, Diff: 0, Sum: 0, Workers: 6
[34.558s][debug  ][gc,phases      ] GC(126)     Total                          Min: 0, Avg: 21.7, Max: 64, Diff: 64, Sum: 130, Workers: 6
[34.558s][debug  ][gc,phases      ] GC(126)   JNI Weak                       Min:  0.0, Avg:  0.0, Max:  0.0, Diff:  0.0, Sum:  0.0, Workers: 6
[34.558s][debug  ][gc,phases      ] GC(126)     Dead                           Min: 0, Avg:  0.0, Max: 0, Diff: 0, Sum: 0, Workers: 6
[34.558s][debug  ][gc,phases      ] GC(126)     Total                          Min: 0, Avg:  0.0, Max: 0, Diff: 0, Sum: 0, Workers: 6
[34.558s][debug  ][gc,phases      ] GC(126)   StringDedup Table Weak         Min:  0.0, Avg:  0.0, Max:  0.0, Diff:  0.0, Sum:  0.0, Workers: 6
[34.558s][debug  ][gc,phases      ] GC(126)     Dead                           Min: 0, Avg:  0.0, Max: 0, Diff: 0, Sum: 0, Workers: 6
[34.558s][debug  ][gc,phases      ] GC(126)     Total                          Min: 0, Avg:  0.0, Max: 0, Diff: 0, Sum: 0, Workers: 6
[34.558s][debug  ][gc,phases      ] GC(126)   StringDedup Requests0 Weak     Min:  0.0, Avg:  0.0, Max:  0.0, Diff:  0.0, Sum:  0.0, Workers: 6
[34.558s][debug  ][gc,phases      ] GC(126)     Dead                           Min: 0, Avg:  0.0, Max: 0, Diff: 0, Sum: 0, Workers: 6
[34.558s][debug  ][gc,phases      ] GC(126)     Total                          Min: 0, Avg:  0.0, Max: 0, Diff: 0, Sum: 0, Workers: 6
[34.558s][debug  ][gc,phases      ] GC(126)   StringDedup Requests1 Weak     Min:  0.0, Avg:  0.0, Max:  0.0, Diff:  0.0, Sum:  0.0, Workers: 6
[34.558s][debug  ][gc,phases      ] GC(126)     Dead                           Min: 0, Avg:  0.0, Max: 0, Diff: 0, Sum: 0, Workers: 6
[34.558s][debug  ][gc,phases      ] GC(126)     Total                          Min: 0, Avg:  0.0, Max: 0, Diff: 0, Sum: 0, Workers: 6
[34.558s][debug  ][gc,phases      ] GC(126)   Weak JFR Old Object Samples    Min:  0.0, Avg:  0.0, Max:  0.0, Diff:  0.0, Sum:  0.0, Workers: 6
[34.558s][debug  ][gc,phases      ] GC(126)     Dead                           Min: 0, Avg:  0.0, Max: 0, Diff: 0, Sum: 0, Workers: 6
[34.558s][debug  ][gc,phases      ] GC(126)     Total                          Min: 0, Avg:  0.0, Max: 0, Diff: 0, Sum: 0, Workers: 6
[34.558s][debug  ][gc,phases      ] GC(126) Weak Processing 0.801ms
[34.558s][debug  ][gc,ergo        ] GC(126) AdaptiveSizeStart:  collection: 127 
[34.558s][debug  ][gc,ergo        ] GC(126) avg_survived_padded_avg: 40087344.000000
[34.558s][debug  ][gc,ergo        ] GC(126) avg_promoted_padded_avg: 235500576.000000  avg_pretenured_padded_avg: 0.000000  tenuring_thresh: 1  target_size: 40370176
[34.558s][debug  ][gc,age         ] GC(126) Desired survivor size 40370176 bytes, new threshold 1 (max threshold 15)
[34.558s][debug  ][gc,ergo        ] GC(126) PSAdaptiveSizePolicy::compute_eden_space_size limits: desired_eden_size: 208591104 old_eden_size: 187695104 eden_limit: 187695104 cur_eden: 187695104 max_eden_size: 187695104 avg_young_live: 25500432
[34.558s][debug  ][gc,ergo        ] GC(126) PSAdaptiveSizePolicy::compute_eden_space_size: costs minor_time: 0.047231 major_cost: 0.038092 mutator_cost: 0.914678 throughput_goal: 0.990000
[34.558s][debug  ][gc,ergo        ] GC(126) Live_space: 933594688 free_space: 1445462016
[34.558s][debug  ][gc,ergo        ] GC(126) Old eden_size: 187695104 desired_eden_size: 187695104
[34.558s][debug  ][gc,ergo        ] GC(126) AdaptiveSizeStop: collection: 127 
[34.558s][info   ][gc,heap        ] GC(126) PSYoungGen: 208372K(222720K)->30720K(222720K) Eden: 177652K(183296K)->0K(183296K) From: 30720K(39424K)->30720K(39424K)
[34.558s][info   ][gc,heap        ] GC(126) ParOldGen: 1128036K(2144256K)->1302116K(2144256K)
[34.559s][info   ][gc,metaspace   ] GC(126) Metaspace: 1024K(1216K)->1024K(1216K) NonClass: 941K(1024K)->941K(1024K) Class: 83K(192K)->83K(192K)
[34.559s][info   ][gc             ] GC(126) Pause Young (Allocation Failure) 1305M->1301M(2311M) 16.646ms
[34.559s][info   ][gc,cpu         ] GC(126) User=0.14s Sys=0.00s Real=0.02s
[34.559s][debug  ][gc,heap        ] GC(126) Heap after GC invocations=127 (full 20):
[34.559s][debug  ][gc,heap        ] GC(126)  PSYoungGen      total 222720K, used 30720K [0x00000007f0000000, 0x0000000800000000, 0x0000000800000000)
[34.559s][debug  ][gc,heap        ] GC(126)   eden space 183296K, 0% used [0x00000007f0000000,0x00000007f0000000,0x00000007fb300000)
[34.559s][debug  ][gc,heap        ] GC(126)   from space 39424K, 77% used [0x00000007fb300000,0x00000007fd100030,0x00000007fd980000)
[34.559s][debug  ][gc,heap        ] GC(126)   to   space 39424K, 0% used [0x00000007fd980000,0x00000007fd980000,0x0000000800000000)
[34.559s][debug  ][gc,heap        ] GC(126)  ParOldGen       total 2144256K, used 1302116K [0x0000000700000000, 0x0000000782e00000, 0x00000007f0000000)
[34.559s][debug  ][gc,heap        ] GC(126)   object space 2144256K, 60% used [0x0000000700000000,0x000000074f7993e8,0x0000000782e00000)
[34.559s][debug  ][gc,heap        ] GC(126)  Metaspace       used 1024K, committed 1216K, reserved 1056768K
[34.559s][debug  ][gc,heap        ] GC(126)   class space    used 83K, committed 192K, reserved 1048576K
[34.559s][debug  ][gc,task,time   ] GC(126) VM-Thread 345414730 345565667 345587911
[34.826s][debug  ][gc,heap        ] GC(127) Heap before GC invocations=128 (full 20):
[34.827s][debug  ][gc,heap        ] GC(127)  PSYoungGen      total 222720K, used 208379K [0x00000007f0000000, 0x0000000800000000, 0x0000000800000000)
[34.827s][debug  ][gc,heap        ] GC(127)   eden space 183296K, 96% used [0x00000007f0000000,0x00000007fad7ef08,0x00000007fb300000)
[34.827s][debug  ][gc,heap        ] GC(127)   from space 39424K, 77% used [0x00000007fb300000,0x00000007fd100030,0x00000007fd980000)
[34.827s][debug  ][gc,heap        ] GC(127)   to   space 39424K, 0% used [0x00000007fd980000,0x00000007fd980000,0x0000000800000000)
[34.827s][debug  ][gc,heap        ] GC(127)  ParOldGen       total 2144256K, used 1302116K [0x0000000700000000, 0x0000000782e00000, 0x00000007f0000000)
[34.827s][debug  ][gc,heap        ] GC(127)   object space 2144256K, 60% used [0x0000000700000000,0x000000074f7993e8,0x0000000782e00000)
[34.827s][debug  ][gc,heap        ] GC(127)  Metaspace       used 1024K, committed 1216K, reserved 1056768K
[34.827s][debug  ][gc,heap        ] GC(127)   class space    used 83K, committed 192K, reserved 1048576K
[34.827s][debug  ][gc,tlab        ] GC(127) TLAB totals: thrds: 1  refills: 1 max: 1 slow allocs: 16 max 16 waste: 25.9% gc: 3665400B max: 3665400B slow: 0B max: 0B
[34.827s][info   ][gc,start       ] GC(127) Pause Young (Allocation Failure)
[34.827s][debug  ][gc,phases,start] GC(127) Scavenge
[34.841s][debug  ][gc,phases      ] GC(127) Scavenge 14.245ms
[34.841s][debug  ][gc,phases,start] GC(127) Reference Processing
[34.841s][debug  ][gc,ref         ] GC(127) Skipped phase 1 of Reference Processing: no references
[34.841s][debug  ][gc,ref         ] GC(127) Skipped phase 2 of Reference Processing: no references
[34.841s][debug  ][gc,ref         ] GC(127) Skipped phase 3 of Reference Processing: no references
[34.841s][debug  ][gc,ref         ] GC(127) Skipped phase 4 of Reference Processing: no references
[34.841s][debug  ][gc,phases,ref  ] GC(127) Reference Processing: 0.1ms
[34.842s][debug  ][gc,phases,ref  ] GC(127)   Reconsider SoftReferences: 0.0ms
[34.842s][debug  ][gc,phases,ref  ] GC(127)     SoftRef (ms):                  skipped
[34.842s][debug  ][gc,phases,ref  ] GC(127)   Notify Soft/WeakReferences: 0.0ms
[34.842s][debug  ][gc,phases,ref  ] GC(127)     SoftRef (ms):                  skipped
[34.842s][debug  ][gc,phases,ref  ] GC(127)     WeakRef (ms):                  skipped
[34.842s][debug  ][gc,phases,ref  ] GC(127)     FinalRef (ms):                 skipped
[34.842s][debug  ][gc,phases,ref  ] GC(127)     Total (ms):                    skipped
[34.842s][debug  ][gc,phases,ref  ] GC(127)   Notify and keep alive finalizable: 0.0ms
[34.842s][debug  ][gc,phases,ref  ] GC(127)     FinalRef (ms):                 skipped
[34.842s][debug  ][gc,phases,ref  ] GC(127)   Notify PhantomReferences: 0.0ms
[34.842s][debug  ][gc,phases,ref  ] GC(127)     PhantomRef (ms):               skipped
[34.842s][debug  ][gc,phases,ref  ] GC(127)   SoftReference:
[34.842s][debug  ][gc,phases,ref  ] GC(127)     Discovered: 0
[34.842s][debug  ][gc,phases,ref  ] GC(127)     Cleared: 0
[34.842s][debug  ][gc,phases,ref  ] GC(127)   WeakReference:
[34.842s][debug  ][gc,phases,ref  ] GC(127)     Discovered: 0
[34.842s][debug  ][gc,phases,ref  ] GC(127)     Cleared: 0
[34.842s][debug  ][gc,phases,ref  ] GC(127)   FinalReference:
[34.842s][debug  ][gc,phases,ref  ] GC(127)     Discovered: 0
[34.842s][debug  ][gc,phases,ref  ] GC(127)     Cleared: 0
[34.842s][debug  ][gc,phases,ref  ] GC(127)   PhantomReference:
[34.842s][debug  ][gc,phases,ref  ] GC(127)     Discovered: 0
[34.842s][debug  ][gc,phases,ref  ] GC(127)     Cleared: 0
[34.842s][debug  ][gc,phases      ] GC(127) Reference Processing 0.780ms
[34.842s][debug  ][gc,phases,start] GC(127) Weak Processing
[34.842s][debug  ][gc,phases      ] GC(127)   VM Weak                        Min:  0.0, Avg:  0.0, Max:  0.0, Diff:  0.0, Sum:  0.0, Workers: 6
[34.842s][debug  ][gc,phases      ] GC(127)     Dead                           Min: 0, Avg:  0.0, Max: 0, Diff: 0, Sum: 0, Workers: 6
[34.842s][debug  ][gc,phases      ] GC(127)     Total                          Min: 0, Avg:  1.3, Max: 8, Diff: 8, Sum: 8, Workers: 6
[34.842s][debug  ][gc,phases      ] GC(127)   ObjectSynchronizer Weak        Min:  0.0, Avg:  0.0, Max:  0.0, Diff:  0.0, Sum:  0.0, Workers: 6
[34.842s][debug  ][gc,phases      ] GC(127)     Dead                           Min: 0, Avg:  0.0, Max: 0, Diff: 0, Sum: 0, Workers: 6
[34.842s][debug  ][gc,phases      ] GC(127)     Total                          Min: 0, Avg:  0.5, Max: 3, Diff: 3, Sum: 3, Workers: 6
[34.842s][debug  ][gc,phases      ] GC(127)   JVMTI Tag Weak OopStorage      Min:  0.0, Avg:  0.0, Max:  0.0, Diff:  0.0, Sum:  0.0, Workers: 6
[34.842s][debug  ][gc,phases      ] GC(127)     Dead                           Min: 0, Avg:  0.0, Max: 0, Diff: 0, Sum: 0, Workers: 6
[34.842s][debug  ][gc,phases      ] GC(127)     Total                          Min: 0, Avg:  0.0, Max: 0, Diff: 0, Sum: 0, Workers: 6
[34.842s][debug  ][gc,phases      ] GC(127)   StringTable Weak               Min:  0.0, Avg:  0.0, Max:  0.0, Diff:  0.0, Sum:  0.0, Workers: 6
[34.842s][debug  ][gc,phases      ] GC(127)     Dead                           Min: 0, Avg:  0.0, Max: 0, Diff: 0, Sum: 0, Workers: 6
[34.842s][debug  ][gc,phases      ] GC(127)     Total                          Min: 704, Avg: 892.5, Max: 1088, Diff: 384, Sum: 5355, Workers: 6
[34.842s][debug  ][gc,phases      ] GC(127)   ResolvedMethodTable Weak       Min:  0.0, Avg:  0.0, Max:  0.0, Diff:  0.0, Sum:  0.0, Workers: 6
[34.842s][debug  ][gc,phases      ] GC(127)     Dead                           Min: 0, Avg:  0.0, Max: 0, Diff: 0, Sum: 0, Workers: 6
[34.843s][debug  ][gc,phases      ] GC(127)     Total                          Min: 0, Avg: 21.7, Max: 64, Diff: 64, Sum: 130, Workers: 6
[34.843s][debug  ][gc,phases      ] GC(127)   JNI Weak                       Min:  0.0, Avg:  0.0, Max:  0.0, Diff:  0.0, Sum:  0.0, Workers: 6
[34.843s][debug  ][gc,phases      ] GC(127)     Dead                           Min: 0, Avg:  0.0, Max: 0, Diff: 0, Sum: 0, Workers: 6
[34.843s][debug  ][gc,phases      ] GC(127)     Total                          Min: 0, Avg:  0.0, Max: 0, Diff: 0, Sum: 0, Workers: 6
[34.843s][debug  ][gc,phases      ] GC(127)   StringDedup Table Weak         Min:  0.0, Avg:  0.0, Max:  0.0, Diff:  0.0, Sum:  0.0, Workers: 6
[34.843s][debug  ][gc,phases      ] GC(127)     Dead                           Min: 0, Avg:  0.0, Max: 0, Diff: 0, Sum: 0, Workers: 6
[34.843s][debug  ][gc,phases      ] GC(127)     Total                          Min: 0, Avg:  0.0, Max: 0, Diff: 0, Sum: 0, Workers: 6
[34.843s][debug  ][gc,phases      ] GC(127)   StringDedup Requests0 Weak     Min:  0.0, Avg:  0.0, Max:  0.0, Diff:  0.0, Sum:  0.0, Workers: 6
[34.843s][debug  ][gc,phases      ] GC(127)     Dead                           Min: 0, Avg:  0.0, Max: 0, Diff: 0, Sum: 0, Workers: 6
[34.843s][debug  ][gc,phases      ] GC(127)     Total                          Min: 0, Avg:  0.0, Max: 0, Diff: 0, Sum: 0, Workers: 6
[34.843s][debug  ][gc,phases      ] GC(127)   StringDedup Requests1 Weak     Min:  0.0, Avg:  0.0, Max:  0.0, Diff:  0.0, Sum:  0.0, Workers: 6
[34.843s][debug  ][gc,phases      ] GC(127)     Dead                           Min: 0, Avg:  0.0, Max: 0, Diff: 0, Sum: 0, Workers: 6
[34.843s][debug  ][gc,phases      ] GC(127)     Total                          Min: 0, Avg:  0.0, Max: 0, Diff: 0, Sum: 0, Workers: 6
[34.843s][debug  ][gc,phases      ] GC(127)   Weak JFR Old Object Samples    Min:  0.0, Avg:  0.0, Max:  0.0, Diff:  0.0, Sum:  0.0, Workers: 6
[34.843s][debug  ][gc,phases      ] GC(127)     Dead                           Min: 0, Avg:  0.0, Max: 0, Diff: 0, Sum: 0, Workers: 6
[34.843s][debug  ][gc,phases      ] GC(127)     Total                          Min: 0, Avg:  0.0, Max: 0, Diff: 0, Sum: 0, Workers: 6
[34.843s][debug  ][gc,phases      ] GC(127) Weak Processing 0.759ms
[34.843s][debug  ][gc,ergo        ] GC(127) AdaptiveSizeStart:  collection: 128 
[34.843s][debug  ][gc,ergo        ] GC(127) avg_survived_padded_avg: 39974928.000000
[34.843s][debug  ][gc,ergo        ] GC(127) avg_promoted_padded_avg: 236468000.000000  avg_pretenured_padded_avg: 0.000000  tenuring_thresh: 1  target_size: 40370176
[34.843s][debug  ][gc,age         ] GC(127) Desired survivor size 40370176 bytes, new threshold 1 (max threshold 15)
[34.843s][debug  ][gc,ergo        ] GC(127) PSAdaptiveSizePolicy::compute_eden_space_size limits: desired_eden_size: 209010763 old_eden_size: 187695104 eden_limit: 187695104 cur_eden: 187695104 max_eden_size: 187695104 avg_young_live: 26096122
[34.843s][debug  ][gc,ergo        ] GC(127) PSAdaptiveSizePolicy::compute_eden_space_size: costs minor_time: 0.049409 major_cost: 0.038092 mutator_cost: 0.912499 throughput_goal: 0.990000
[34.843s][debug  ][gc,ergo        ] GC(127) Live_space: 934190400 free_space: 1445462016
[34.843s][debug  ][gc,ergo        ] GC(127) Old eden_size: 187695104 desired_eden_size: 187695104
[34.843s][debug  ][gc,ergo        ] GC(127) AdaptiveSizeStop: collection: 128 
[34.843s][info   ][gc,heap        ] GC(127) PSYoungGen: 208379K(222720K)->30720K(222720K) Eden: 177659K(183296K)->0K(183296K) From: 30720K(39424K)->30720K(39424K)
[34.843s][info   ][gc,heap        ] GC(127) ParOldGen: 1302116K(2144256K)->1476197K(2144256K)
[34.843s][info   ][gc,metaspace   ] GC(127) Metaspace: 1024K(1216K)->1024K(1216K) NonClass: 941K(1024K)->941K(1024K) Class: 83K(192K)->83K(192K)
[34.843s][info   ][gc             ] GC(127) Pause Young (Allocation Failure) 1475M->1471M(2311M) 16.264ms
[34.843s][info   ][gc,cpu         ] GC(127) User=0.14s Sys=0.00s Real=0.02s
[34.843s][debug  ][gc,heap        ] GC(127) Heap after GC invocations=128 (full 20):
[34.843s][debug  ][gc,heap        ] GC(127)  PSYoungGen      total 222720K, used 30720K [0x00000007f0000000, 0x0000000800000000, 0x0000000800000000)
[34.843s][debug  ][gc,heap        ] GC(127)   eden space 183296K, 0% used [0x00000007f0000000,0x00000007f0000000,0x00000007fb300000)
[34.843s][debug  ][gc,heap        ] GC(127)   from space 39424K, 77% used [0x00000007fd980000,0x00000007ff780030,0x0000000800000000)
[34.843s][debug  ][gc,heap        ] GC(127)   to   space 39424K, 0% used [0x00000007fb300000,0x00000007fb300000,0x00000007fd980000)
[34.843s][debug  ][gc,heap        ] GC(127)  ParOldGen       total 2144256K, used 1476197K [0x0000000700000000, 0x0000000782e00000, 0x00000007f0000000)
[34.843s][debug  ][gc,heap        ] GC(127)   object space 2144256K, 68% used [0x0000000700000000,0x000000075a1994f8,0x0000000782e00000)
[34.843s][debug  ][gc,heap        ] GC(127)  Metaspace       used 1024K, committed 1216K, reserved 1056768K
[34.843s][debug  ][gc,heap        ] GC(127)   class space    used 83K, committed 192K, reserved 1048576K
[34.843s][debug  ][gc,task,time   ] GC(127) VM-Thread 348264267 348413141 348434284
[35.110s][debug  ][gc,heap        ] GC(128) Heap before GC invocations=129 (full 20):
[35.110s][debug  ][gc,heap        ] GC(128)  PSYoungGen      total 222720K, used 208384K [0x00000007f0000000, 0x0000000800000000, 0x0000000800000000)
[35.110s][debug  ][gc,heap        ] GC(128)   eden space 183296K, 96% used [0x00000007f0000000,0x00000007fad800a0,0x00000007fb300000)
[35.110s][debug  ][gc,heap        ] GC(128)   from space 39424K, 77% used [0x00000007fd980000,0x00000007ff780030,0x0000000800000000)
[35.110s][debug  ][gc,heap        ] GC(128)   to   space 39424K, 0% used [0x00000007fb300000,0x00000007fb300000,0x00000007fd980000)
[35.110s][debug  ][gc,heap        ] GC(128)  ParOldGen       total 2144256K, used 1476197K [0x0000000700000000, 0x0000000782e00000, 0x00000007f0000000)
[35.110s][debug  ][gc,heap        ] GC(128)   object space 2144256K, 68% used [0x0000000700000000,0x000000075a1994f8,0x0000000782e00000)
[35.110s][debug  ][gc,heap        ] GC(128)  Metaspace       used 1024K, committed 1216K, reserved 1056768K
[35.110s][debug  ][gc,heap        ] GC(128)   class space    used 83K, committed 192K, reserved 1048576K
[35.110s][debug  ][gc,tlab        ] GC(128) TLAB totals: thrds: 1  refills: 1 max: 1 slow allocs: 16 max 16 waste: 25.9% gc: 3669904B max: 3669904B slow: 0B max: 0B
[35.110s][info   ][gc,start       ] GC(128) Pause Young (Allocation Failure)
[35.110s][debug  ][gc,phases,start] GC(128) Scavenge
[35.124s][debug  ][gc,phases      ] GC(128) Scavenge 13.802ms
[35.124s][debug  ][gc,phases,start] GC(128) Reference Processing
[35.124s][debug  ][gc,ref         ] GC(128) Skipped phase 1 of Reference Processing: no references
[35.124s][debug  ][gc,ref         ] GC(128) Skipped phase 2 of Reference Processing: no references
[35.124s][debug  ][gc,ref         ] GC(128) Skipped phase 3 of Reference Processing: no references
[35.124s][debug  ][gc,ref         ] GC(128) Skipped phase 4 of Reference Processing: no references
[35.124s][debug  ][gc,phases,ref  ] GC(128) Reference Processing: 0.1ms
[35.124s][debug  ][gc,phases,ref  ] GC(128)   Reconsider SoftReferences: 0.0ms
[35.124s][debug  ][gc,phases,ref  ] GC(128)     SoftRef (ms):                  skipped
[35.124s][debug  ][gc,phases,ref  ] GC(128)   Notify Soft/WeakReferences: 0.0ms
[35.124s][debug  ][gc,phases,ref  ] GC(128)     SoftRef (ms):                  skipped
[35.124s][debug  ][gc,phases,ref  ] GC(128)     WeakRef (ms):                  skipped
[35.124s][debug  ][gc,phases,ref  ] GC(128)     FinalRef (ms):                 skipped
[35.124s][debug  ][gc,phases,ref  ] GC(128)     Total (ms):                    skipped
[35.124s][debug  ][gc,phases,ref  ] GC(128)   Notify and keep alive finalizable: 0.0ms
[35.124s][debug  ][gc,phases,ref  ] GC(128)     FinalRef (ms):                 skipped
[35.124s][debug  ][gc,phases,ref  ] GC(128)   Notify PhantomReferences: 0.0ms
[35.124s][debug  ][gc,phases,ref  ] GC(128)     PhantomRef (ms):               skipped
[35.124s][debug  ][gc,phases,ref  ] GC(128)   SoftReference:
[35.124s][debug  ][gc,phases,ref  ] GC(128)     Discovered: 0
[35.124s][debug  ][gc,phases,ref  ] GC(128)     Cleared: 0
[35.124s][debug  ][gc,phases,ref  ] GC(128)   WeakReference:
[35.124s][debug  ][gc,phases,ref  ] GC(128)     Discovered: 0
[35.124s][debug  ][gc,phases,ref  ] GC(128)     Cleared: 0
[35.125s][debug  ][gc,phases,ref  ] GC(128)   FinalReference:
[35.125s][debug  ][gc,phases,ref  ] GC(128)     Discovered: 0
[35.125s][debug  ][gc,phases,ref  ] GC(128)     Cleared: 0
[35.125s][debug  ][gc,phases,ref  ] GC(128)   PhantomReference:
[35.125s][debug  ][gc,phases,ref  ] GC(128)     Discovered: 0
[35.125s][debug  ][gc,phases,ref  ] GC(128)     Cleared: 0
[35.125s][debug  ][gc,phases      ] GC(128) Reference Processing 0.567ms
[35.125s][debug  ][gc,phases,start] GC(128) Weak Processing
[35.125s][debug  ][gc,phases      ] GC(128)   VM Weak                        Min:  0.0, Avg:  0.0, Max:  0.0, Diff:  0.0, Sum:  0.0, Workers: 6
[35.125s][debug  ][gc,phases      ] GC(128)     Dead                           Min: 0, Avg:  0.0, Max: 0, Diff: 0, Sum: 0, Workers: 6
[35.125s][debug  ][gc,phases      ] GC(128)     Total                          Min: 0, Avg:  1.3, Max: 8, Diff: 8, Sum: 8, Workers: 6
[35.125s][debug  ][gc,phases      ] GC(128)   ObjectSynchronizer Weak        Min:  0.0, Avg:  0.0, Max:  0.0, Diff:  0.0, Sum:  0.0, Workers: 6
[35.125s][debug  ][gc,phases      ] GC(128)     Dead                           Min: 0, Avg:  0.0, Max: 0, Diff: 0, Sum: 0, Workers: 6
[35.125s][debug  ][gc,phases      ] GC(128)     Total                          Min: 0, Avg:  0.5, Max: 3, Diff: 3, Sum: 3, Workers: 6
[35.125s][debug  ][gc,phases      ] GC(128)   JVMTI Tag Weak OopStorage      Min:  0.0, Avg:  0.0, Max:  0.0, Diff:  0.0, Sum:  0.0, Workers: 6
[35.125s][debug  ][gc,phases      ] GC(128)     Dead                           Min: 0, Avg:  0.0, Max: 0, Diff: 0, Sum: 0, Workers: 6
[35.125s][debug  ][gc,phases      ] GC(128)     Total                          Min: 0, Avg:  0.0, Max: 0, Diff: 0, Sum: 0, Workers: 6
[35.125s][debug  ][gc,phases      ] GC(128)   StringTable Weak               Min:  0.0, Avg:  0.0, Max:  0.0, Diff:  0.0, Sum:  0.0, Workers: 6
[35.125s][debug  ][gc,phases      ] GC(128)     Dead                           Min: 0, Avg:  0.0, Max: 0, Diff: 0, Sum: 0, Workers: 6
[35.125s][debug  ][gc,phases      ] GC(128)     Total                          Min: 704, Avg: 892.5, Max: 1088, Diff: 384, Sum: 5355, Workers: 6
[35.125s][debug  ][gc,phases      ] GC(128)   ResolvedMethodTable Weak       Min:  0.0, Avg:  0.0, Max:  0.0, Diff:  0.0, Sum:  0.0, Workers: 6
[35.125s][debug  ][gc,phases      ] GC(128)     Dead                           Min: 0, Avg:  0.0, Max: 0, Diff: 0, Sum: 0, Workers: 6
[35.125s][debug  ][gc,phases      ] GC(128)     Total                          Min: 0, Avg: 21.7, Max: 64, Diff: 64, Sum: 130, Workers: 6
[35.125s][debug  ][gc,phases      ] GC(128)   JNI Weak                       Min:  0.0, Avg:  0.0, Max:  0.0, Diff:  0.0, Sum:  0.0, Workers: 6
[35.125s][debug  ][gc,phases      ] GC(128)     Dead                           Min: 0, Avg:  0.0, Max: 0, Diff: 0, Sum: 0, Workers: 6
[35.125s][debug  ][gc,phases      ] GC(128)     Total                          Min: 0, Avg:  0.0, Max: 0, Diff: 0, Sum: 0, Workers: 6
[35.125s][debug  ][gc,phases      ] GC(128)   StringDedup Table Weak         Min:  0.0, Avg:  0.0, Max:  0.0, Diff:  0.0, Sum:  0.0, Workers: 6
[35.125s][debug  ][gc,phases      ] GC(128)     Dead                           Min: 0, Avg:  0.0, Max: 0, Diff: 0, Sum: 0, Workers: 6
[35.125s][debug  ][gc,phases      ] GC(128)     Total                          Min: 0, Avg:  0.0, Max: 0, Diff: 0, Sum: 0, Workers: 6
[35.125s][debug  ][gc,phases      ] GC(128)   StringDedup Requests0 Weak     Min:  0.0, Avg:  0.0, Max:  0.0, Diff:  0.0, Sum:  0.0, Workers: 6
[35.125s][debug  ][gc,phases      ] GC(128)     Dead                           Min: 0, Avg:  0.0, Max: 0, Diff: 0, Sum: 0, Workers: 6
[35.125s][debug  ][gc,phases      ] GC(128)     Total                          Min: 0, Avg:  0.0, Max: 0, Diff: 0, Sum: 0, Workers: 6
[35.125s][debug  ][gc,phases      ] GC(128)   StringDedup Requests1 Weak     Min:  0.0, Avg:  0.0, Max:  0.0, Diff:  0.0, Sum:  0.0, Workers: 6
[35.125s][debug  ][gc,phases      ] GC(128)     Dead                           Min: 0, Avg:  0.0, Max: 0, Diff: 0, Sum: 0, Workers: 6
[35.125s][debug  ][gc,phases      ] GC(128)     Total                          Min: 0, Avg:  0.0, Max: 0, Diff: 0, Sum: 0, Workers: 6
[35.125s][debug  ][gc,phases      ] GC(128)   Weak JFR Old Object Samples    Min:  0.0, Avg:  0.0, Max:  0.0, Diff:  0.0, Sum:  0.0, Workers: 6
[35.125s][debug  ][gc,phases      ] GC(128)     Dead                           Min: 0, Avg:  0.0, Max: 0, Diff: 0, Sum: 0, Workers: 6
[35.125s][debug  ][gc,phases      ] GC(128)     Total                          Min: 0, Avg:  0.0, Max: 0, Diff: 0, Sum: 0, Workers: 6
[35.125s][debug  ][gc,phases      ] GC(128) Weak Processing 0.672ms
[35.125s][debug  ][gc,ergo        ] GC(128) AdaptiveSizeStart:  collection: 129 
[35.125s][debug  ][gc,ergo        ] GC(128) avg_survived_padded_avg: 39798696.000000
[35.125s][debug  ][gc,ergo        ] GC(128) avg_promoted_padded_avg: 236669536.000000  avg_pretenured_padded_avg: 0.000000  tenuring_thresh: 1  target_size: 39845888
[35.125s][debug  ][gc,age         ] GC(128) Desired survivor size 39845888 bytes, new threshold 1 (max threshold 15)
[35.125s][debug  ][gc,ergo        ] GC(128) PSAdaptiveSizePolicy::compute_eden_space_size limits: desired_eden_size: 209206990 old_eden_size: 187695104 eden_limit: 187695104 cur_eden: 187695104 max_eden_size: 187695104 avg_young_live: 26632242
[35.125s][debug  ][gc,ergo        ] GC(128) PSAdaptiveSizePolicy::compute_eden_space_size: costs minor_time: 0.050467 major_cost: 0.038092 mutator_cost: 0.911441 throughput_goal: 0.990000
[35.126s][debug  ][gc,ergo        ] GC(128) Live_space: 934726528 free_space: 1445462016
[35.126s][debug  ][gc,ergo        ] GC(128) Old eden_size: 187695104 desired_eden_size: 187695104
[35.126s][debug  ][gc,ergo        ] GC(128) AdaptiveSizeStop: collection: 129 
[35.126s][info   ][gc,heap        ] GC(128) PSYoungGen: 208384K(222720K)->30720K(222720K) Eden: 177664K(183296K)->0K(183296K) From: 30720K(39424K)->30720K(39424K)
[35.126s][info   ][gc,heap        ] GC(128) ParOldGen: 1476197K(2144256K)->1650277K(2144256K)
[35.126s][info   ][gc,metaspace   ] GC(128) Metaspace: 1024K(1216K)->1024K(1216K) NonClass: 941K(1024K)->941K(1024K) Class: 83K(192K)->83K(192K)
[35.126s][info   ][gc             ] GC(128) Pause Young (Allocation Failure) 1645M->1641M(2311M) 15.524ms
[35.126s][info   ][gc,cpu         ] GC(128) User=0.16s Sys=0.00s Real=0.02s
[35.126s][debug  ][gc,heap        ] GC(128) Heap after GC invocations=129 (full 20):
[35.126s][debug  ][gc,heap        ] GC(128)  PSYoungGen      total 222720K, used 30720K [0x00000007f0000000, 0x0000000800000000, 0x0000000800000000)
[35.126s][debug  ][gc,heap        ] GC(128)   eden space 183296K, 0% used [0x00000007f0000000,0x00000007f0000000,0x00000007fb300000)
[35.126s][debug  ][gc,heap        ] GC(128)   from space 39424K, 77% used [0x00000007fb300000,0x00000007fd100030,0x00000007fd980000)
[35.126s][debug  ][gc,heap        ] GC(128)   to   space 38912K, 0% used [0x00000007fda00000,0x00000007fda00000,0x0000000800000000)
[35.126s][debug  ][gc,heap        ] GC(128)  ParOldGen       total 2144256K, used 1650277K [0x0000000700000000, 0x0000000782e00000, 0x00000007f0000000)
[35.126s][debug  ][gc,heap        ] GC(128)   object space 2144256K, 76% used [0x0000000700000000,0x0000000764b99608,0x0000000782e00000)
[35.126s][debug  ][gc,heap        ] GC(128)  Metaspace       used 1024K, committed 1216K, reserved 1056768K
[35.126s][debug  ][gc,heap        ] GC(128)   class space    used 83K, committed 192K, reserved 1048576K
[35.126s][debug  ][gc,task,time   ] GC(128) VM-Thread 351097480 351240460 351260236
[35.394s][debug  ][gc,heap        ] GC(129) Heap before GC invocations=130 (full 20):
[35.394s][debug  ][gc,heap        ] GC(129)  PSYoungGen      total 222720K, used 208387K [0x00000007f0000000, 0x0000000800000000, 0x0000000800000000)
[35.394s][debug  ][gc,heap        ] GC(129)   eden space 183296K, 96% used [0x00000007f0000000,0x00000007fad80bf0,0x00000007fb300000)
[35.394s][debug  ][gc,heap        ] GC(129)   from space 39424K, 77% used [0x00000007fb300000,0x00000007fd100030,0x00000007fd980000)
[35.394s][debug  ][gc,heap        ] GC(129)   to   space 38912K, 0% used [0x00000007fda00000,0x00000007fda00000,0x0000000800000000)
[35.394s][debug  ][gc,heap        ] GC(129)  ParOldGen       total 2144256K, used 1650277K [0x0000000700000000, 0x0000000782e00000, 0x00000007f0000000)
[35.394s][debug  ][gc,heap        ] GC(129)   object space 2144256K, 76% used [0x0000000700000000,0x0000000764b99608,0x0000000782e00000)
[35.394s][debug  ][gc,heap        ] GC(129)  Metaspace       used 1024K, committed 1216K, reserved 1056768K
[35.394s][debug  ][gc,heap        ] GC(129)   class space    used 83K, committed 192K, reserved 1048576K
[35.394s][debug  ][gc,tlab        ] GC(129) TLAB totals: thrds: 1  refills: 1 max: 1 slow allocs: 16 max 16 waste: 25.9% gc: 3671736B max: 3671736B slow: 0B max: 0B
[35.394s][info   ][gc,start       ] GC(129) Pause Young (Allocation Failure)
[35.394s][debug  ][gc,phases,start] GC(129) Scavenge
[35.399s][debug  ][gc,phases      ] GC(129) Scavenge 4.901ms
[35.399s][debug  ][gc,phases,start] GC(129) Reference Processing
[35.399s][debug  ][gc,ref         ] GC(129) Skipped phase 1 of Reference Processing: no references
[35.399s][debug  ][gc,ref         ] GC(129) Skipped phase 2 of Reference Processing: no references
[35.399s][debug  ][gc,ref         ] GC(129) Skipped phase 3 of Reference Processing: no references
[35.399s][debug  ][gc,ref         ] GC(129) Skipped phase 4 of Reference Processing: no references
[35.399s][debug  ][gc,phases,ref  ] GC(129) Reference Processing: 0.1ms
[35.399s][debug  ][gc,phases,ref  ] GC(129)   Reconsider SoftReferences: 0.0ms
[35.399s][debug  ][gc,phases,ref  ] GC(129)     SoftRef (ms):                  skipped
[35.399s][debug  ][gc,phases,ref  ] GC(129)   Notify Soft/WeakReferences: 0.0ms
[35.399s][debug  ][gc,phases,ref  ] GC(129)     SoftRef (ms):                  skipped
[35.399s][debug  ][gc,phases,ref  ] GC(129)     WeakRef (ms):                  skipped
[35.399s][debug  ][gc,phases,ref  ] GC(129)     FinalRef (ms):                 skipped
[35.399s][debug  ][gc,phases,ref  ] GC(129)     Total (ms):                    skipped
[35.399s][debug  ][gc,phases,ref  ] GC(129)   Notify and keep alive finalizable: 0.0ms
[35.399s][debug  ][gc,phases,ref  ] GC(129)     FinalRef (ms):                 skipped
[35.400s][debug  ][gc,phases,ref  ] GC(129)   Notify PhantomReferences: 0.0ms
[35.400s][debug  ][gc,phases,ref  ] GC(129)     PhantomRef (ms):               skipped
[35.400s][debug  ][gc,phases,ref  ] GC(129)   SoftReference:
[35.400s][debug  ][gc,phases,ref  ] GC(129)     Discovered: 0
[35.400s][debug  ][gc,phases,ref  ] GC(129)     Cleared: 0
[35.400s][debug  ][gc,phases,ref  ] GC(129)   WeakReference:
[35.400s][debug  ][gc,phases,ref  ] GC(129)     Discovered: 0
[35.400s][debug  ][gc,phases,ref  ] GC(129)     Cleared: 0
[35.400s][debug  ][gc,phases,ref  ] GC(129)   FinalReference:
[35.400s][debug  ][gc,phases,ref  ] GC(129)     Discovered: 0
[35.400s][debug  ][gc,phases,ref  ] GC(129)     Cleared: 0
[35.400s][debug  ][gc,phases,ref  ] GC(129)   PhantomReference:
[35.400s][debug  ][gc,phases,ref  ] GC(129)     Discovered: 0
[35.400s][debug  ][gc,phases,ref  ] GC(129)     Cleared: 0
[35.400s][debug  ][gc,phases      ] GC(129) Reference Processing 0.842ms
[35.400s][debug  ][gc,phases,start] GC(129) Weak Processing
[35.400s][debug  ][gc,phases      ] GC(129)   VM Weak                        Min:  0.0, Avg:  0.0, Max:  0.0, Diff:  0.0, Sum:  0.0, Workers: 6
[35.400s][debug  ][gc,phases      ] GC(129)     Dead                           Min: 0, Avg:  0.0, Max: 0, Diff: 0, Sum: 0, Workers: 6
[35.400s][debug  ][gc,phases      ] GC(129)     Total                          Min: 0, Avg:  1.3, Max: 8, Diff: 8, Sum: 8, Workers: 6
[35.400s][debug  ][gc,phases      ] GC(129)   ObjectSynchronizer Weak        Min:  0.0, Avg:  0.0, Max:  0.0, Diff:  0.0, Sum:  0.0, Workers: 6
[35.400s][debug  ][gc,phases      ] GC(129)     Dead                           Min: 0, Avg:  0.0, Max: 0, Diff: 0, Sum: 0, Workers: 6
[35.400s][debug  ][gc,phases      ] GC(129)     Total                          Min: 0, Avg:  0.5, Max: 3, Diff: 3, Sum: 3, Workers: 6
[35.400s][debug  ][gc,phases      ] GC(129)   JVMTI Tag Weak OopStorage      Min:  0.0, Avg:  0.0, Max:  0.0, Diff:  0.0, Sum:  0.0, Workers: 6
[35.400s][debug  ][gc,phases      ] GC(129)     Dead                           Min: 0, Avg:  0.0, Max: 0, Diff: 0, Sum: 0, Workers: 6
[35.400s][debug  ][gc,phases      ] GC(129)     Total                          Min: 0, Avg:  0.0, Max: 0, Diff: 0, Sum: 0, Workers: 6
[35.400s][debug  ][gc,phases      ] GC(129)   StringTable Weak               Min:  0.0, Avg:  0.0, Max:  0.0, Diff:  0.0, Sum:  0.0, Workers: 6
[35.400s][debug  ][gc,phases      ] GC(129)     Dead                           Min: 0, Avg:  0.0, Max: 0, Diff: 0, Sum: 0, Workers: 6
[35.400s][debug  ][gc,phases      ] GC(129)     Total                          Min: 767, Avg: 892.5, Max: 1024, Diff: 257, Sum: 5355, Workers: 6
[35.400s][debug  ][gc,phases      ] GC(129)   ResolvedMethodTable Weak       Min:  0.0, Avg:  0.0, Max:  0.0, Diff:  0.0, Sum:  0.0, Workers: 6
[35.400s][debug  ][gc,phases      ] GC(129)     Dead                           Min: 0, Avg:  0.0, Max: 0, Diff: 0, Sum: 0, Workers: 6
[35.400s][debug  ][gc,phases      ] GC(129)     Total                          Min: 0, Avg: 21.7, Max: 64, Diff: 64, Sum: 130, Workers: 6
[35.400s][debug  ][gc,phases      ] GC(129)   JNI Weak                       Min:  0.0, Avg:  0.0, Max:  0.0, Diff:  0.0, Sum:  0.0, Workers: 6
[35.400s][debug  ][gc,phases      ] GC(129)     Dead                           Min: 0, Avg:  0.0, Max: 0, Diff: 0, Sum: 0, Workers: 6
[35.400s][debug  ][gc,phases      ] GC(129)     Total                          Min: 0, Avg:  0.0, Max: 0, Diff: 0, Sum: 0, Workers: 6
[35.400s][debug  ][gc,phases      ] GC(129)   StringDedup Table Weak         Min:  0.0, Avg:  0.0, Max:  0.0, Diff:  0.0, Sum:  0.0, Workers: 6
[35.400s][debug  ][gc,phases      ] GC(129)     Dead                           Min: 0, Avg:  0.0, Max: 0, Diff: 0, Sum: 0, Workers: 6
[35.400s][debug  ][gc,phases      ] GC(129)     Total                          Min: 0, Avg:  0.0, Max: 0, Diff: 0, Sum: 0, Workers: 6
[35.401s][debug  ][gc,phases      ] GC(129)   StringDedup Requests0 Weak     Min:  0.0, Avg:  0.0, Max:  0.0, Diff:  0.0, Sum:  0.0, Workers: 6
[35.401s][debug  ][gc,phases      ] GC(129)     Dead                           Min: 0, Avg:  0.0, Max: 0, Diff: 0, Sum: 0, Workers: 6
[35.401s][debug  ][gc,phases      ] GC(129)     Total                          Min: 0, Avg:  0.0, Max: 0, Diff: 0, Sum: 0, Workers: 6
[35.401s][debug  ][gc,phases      ] GC(129)   StringDedup Requests1 Weak     Min:  0.0, Avg:  0.0, Max:  0.0, Diff:  0.0, Sum:  0.0, Workers: 6
[35.401s][debug  ][gc,phases      ] GC(129)     Dead                           Min: 0, Avg:  0.0, Max: 0, Diff: 0, Sum: 0, Workers: 6
[35.401s][debug  ][gc,phases      ] GC(129)     Total                          Min: 0, Avg:  0.0, Max: 0, Diff: 0, Sum: 0, Workers: 6
[35.401s][debug  ][gc,phases      ] GC(129)   Weak JFR Old Object Samples    Min:  0.0, Avg:  0.0, Max:  0.0, Diff:  0.0, Sum:  0.0, Workers: 6
[35.401s][debug  ][gc,phases      ] GC(129)     Dead                           Min: 0, Avg:  0.0, Max: 0, Diff: 0, Sum: 0, Workers: 6
[35.401s][debug  ][gc,phases      ] GC(129)     Total                          Min: 0, Avg:  0.0, Max: 0, Diff: 0, Sum: 0, Workers: 6
[35.401s][debug  ][gc,phases      ] GC(129) Weak Processing 0.794ms
[35.401s][debug  ][gc,ergo        ] GC(129) AdaptiveSizeStart:  collection: 130 
[35.401s][debug  ][gc,ergo        ] GC(129) avg_survived_padded_avg: 40139168.000000
[35.401s][debug  ][gc,ergo        ] GC(129) avg_promoted_padded_avg: 220851216.000000  avg_pretenured_padded_avg: 0.000000  tenuring_thresh: 1  target_size: 40370176
[35.401s][debug  ][gc,age         ] GC(129) Desired survivor size 40370176 bytes, new threshold 1 (max threshold 15)
[35.401s][debug  ][gc,ergo        ] GC(129) PSAdaptiveSizePolicy::compute_eden_space_size limits: desired_eden_size: 207907841 old_eden_size: 187695104 eden_limit: 188219392 cur_eden: 187695104 max_eden_size: 188219392 avg_young_live: 26066174
[35.401s][debug  ][gc,ergo        ] GC(129) PSAdaptiveSizePolicy::compute_eden_space_size: costs minor_time: 0.043906 major_cost: 0.038092 mutator_cost: 0.918002 throughput_goal: 0.990000
[35.401s][debug  ][gc,ergo        ] GC(129) Live_space: 934160448 free_space: 1445462016
[35.401s][debug  ][gc,ergo        ] GC(129) Old eden_size: 187695104 desired_eden_size: 188219392
[35.401s][debug  ][gc,ergo        ] GC(129) AdaptiveSizeStop: collection: 130 
[35.401s][info   ][gc,heap        ] GC(129) PSYoungGen: 208387K(222720K)->20480K(222208K) Eden: 177666K(183296K)->0K(183296K) From: 30720K(39424K)->20480K(38912K)
[35.401s][info   ][gc,heap        ] GC(129) ParOldGen: 1650277K(2144256K)->1650277K(2144256K)
[35.401s][info   ][gc,metaspace   ] GC(129) Metaspace: 1024K(1216K)->1024K(1216K) NonClass: 941K(1024K)->941K(1024K) Class: 83K(192K)->83K(192K)
[35.401s][info   ][gc             ] GC(129) Pause Young (Allocation Failure) 1815M->1631M(2311M) 7.032ms
[35.401s][info   ][gc,cpu         ] GC(129) User=0.03s Sys=0.00s Real=0.01s
[35.401s][debug  ][gc,heap        ] GC(129) Heap after GC invocations=130 (full 20):
[35.401s][debug  ][gc,heap        ] GC(129)  PSYoungGen      total 222208K, used 20480K [0x00000007f0000000, 0x0000000800000000, 0x0000000800000000)
[35.401s][debug  ][gc,heap        ] GC(129)   eden space 183296K, 0% used [0x00000007f0000000,0x00000007f0000000,0x00000007fb300000)
[35.401s][debug  ][gc,heap        ] GC(129)   from space 38912K, 52% used [0x00000007fda00000,0x00000007fee00020,0x0000000800000000)
[35.401s][debug  ][gc,heap        ] GC(129)   to   space 39424K, 0% used [0x00000007fb300000,0x00000007fb300000,0x00000007fd980000)
[35.401s][debug  ][gc,heap        ] GC(129)  ParOldGen       total 2144256K, used 1650277K [0x0000000700000000, 0x0000000782e00000, 0x00000007f0000000)
[35.401s][debug  ][gc,heap        ] GC(129)   object space 2144256K, 76% used [0x0000000700000000,0x0000000764b99608,0x0000000782e00000)
[35.401s][debug  ][gc,heap        ] GC(129)  Metaspace       used 1024K, committed 1216K, reserved 1056768K
[35.401s][debug  ][gc,heap        ] GC(129)   class space    used 83K, committed 192K, reserved 1048576K
[35.401s][debug  ][gc,task,time   ] GC(129) VM-Thread 353936824 353990624 354013475
[35.681s][debug  ][gc,heap        ] GC(130) Heap before GC invocations=131 (full 20):
[35.681s][debug  ][gc,heap        ] GC(130)  PSYoungGen      total 222208K, used 198148K [0x00000007f0000000, 0x0000000800000000, 0x0000000800000000)
[35.681s][debug  ][gc,heap        ] GC(130)   eden space 183296K, 96% used [0x00000007f0000000,0x00000007fad81330,0x00000007fb300000)
[35.681s][debug  ][gc,heap        ] GC(130)   from space 38912K, 52% used [0x00000007fda00000,0x00000007fee00020,0x0000000800000000)
[35.681s][debug  ][gc,heap        ] GC(130)   to   space 39424K, 0% used [0x00000007fb300000,0x00000007fb300000,0x00000007fd980000)
[35.681s][debug  ][gc,heap        ] GC(130)  ParOldGen       total 2144256K, used 1650277K [0x0000000700000000, 0x0000000782e00000, 0x00000007f0000000)
[35.681s][debug  ][gc,heap        ] GC(130)   object space 2144256K, 76% used [0x0000000700000000,0x0000000764b99608,0x0000000782e00000)
[35.681s][debug  ][gc,heap        ] GC(130)  Metaspace       used 1024K, committed 1216K, reserved 1056768K
[35.681s][debug  ][gc,heap        ] GC(130)   class space    used 83K, committed 192K, reserved 1048576K
[35.681s][debug  ][gc,tlab        ] GC(130) TLAB totals: thrds: 1  refills: 1 max: 1 slow allocs: 16 max 16 waste: 26.0% gc: 3674656B max: 3674656B slow: 0B max: 0B
[35.681s][info   ][gc,start       ] GC(130) Pause Young (Allocation Failure)
[35.681s][debug  ][gc,phases,start] GC(130) Scavenge
[35.697s][debug  ][gc,phases      ] GC(130) Scavenge 16.059ms
[35.697s][debug  ][gc,phases,start] GC(130) Reference Processing
[35.697s][debug  ][gc,ref         ] GC(130) Skipped phase 1 of Reference Processing: no references
[35.698s][debug  ][gc,ref         ] GC(130) Skipped phase 2 of Reference Processing: no references
[35.698s][debug  ][gc,ref         ] GC(130) Skipped phase 3 of Reference Processing: no references
[35.698s][debug  ][gc,ref         ] GC(130) Skipped phase 4 of Reference Processing: no references
[35.698s][debug  ][gc,phases,ref  ] GC(130) Reference Processing: 0.1ms
[35.698s][debug  ][gc,phases,ref  ] GC(130)   Reconsider SoftReferences: 0.0ms
[35.698s][debug  ][gc,phases,ref  ] GC(130)     SoftRef (ms):                  skipped
[35.698s][debug  ][gc,phases,ref  ] GC(130)   Notify Soft/WeakReferences: 0.0ms
[35.698s][debug  ][gc,phases,ref  ] GC(130)     SoftRef (ms):                  skipped
[35.698s][debug  ][gc,phases,ref  ] GC(130)     WeakRef (ms):                  skipped
[35.698s][debug  ][gc,phases,ref  ] GC(130)     FinalRef (ms):                 skipped
[35.698s][debug  ][gc,phases,ref  ] GC(130)     Total (ms):                    skipped
[35.698s][debug  ][gc,phases,ref  ] GC(130)   Notify and keep alive finalizable: 0.0ms
[35.698s][debug  ][gc,phases,ref  ] GC(130)     FinalRef (ms):                 skipped
[35.698s][debug  ][gc,phases,ref  ] GC(130)   Notify PhantomReferences: 0.0ms
[35.698s][debug  ][gc,phases,ref  ] GC(130)     PhantomRef (ms):               skipped
[35.698s][debug  ][gc,phases,ref  ] GC(130)   SoftReference:
[35.698s][debug  ][gc,phases,ref  ] GC(130)     Discovered: 0
[35.698s][debug  ][gc,phases,ref  ] GC(130)     Cleared: 0
[35.698s][debug  ][gc,phases,ref  ] GC(130)   WeakReference:
[35.698s][debug  ][gc,phases,ref  ] GC(130)     Discovered: 0
[35.698s][debug  ][gc,phases,ref  ] GC(130)     Cleared: 0
[35.698s][debug  ][gc,phases,ref  ] GC(130)   FinalReference:
[35.698s][debug  ][gc,phases,ref  ] GC(130)     Discovered: 0
[35.698s][debug  ][gc,phases,ref  ] GC(130)     Cleared: 0
[35.698s][debug  ][gc,phases,ref  ] GC(130)   PhantomReference:
[35.698s][debug  ][gc,phases,ref  ] GC(130)     Discovered: 0
[35.698s][debug  ][gc,phases,ref  ] GC(130)     Cleared: 0
[35.698s][debug  ][gc,phases      ] GC(130) Reference Processing 0.618ms
[35.698s][debug  ][gc,phases,start] GC(130) Weak Processing
[35.698s][debug  ][gc,phases      ] GC(130)   VM Weak                        Min:  0.0, Avg:  0.0, Max:  0.0, Diff:  0.0, Sum:  0.0, Workers: 6
[35.698s][debug  ][gc,phases      ] GC(130)     Dead                           Min: 0, Avg:  0.0, Max: 0, Diff: 0, Sum: 0, Workers: 6
[35.698s][debug  ][gc,phases      ] GC(130)     Total                          Min: 0, Avg:  1.3, Max: 8, Diff: 8, Sum: 8, Workers: 6
[35.698s][debug  ][gc,phases      ] GC(130)   ObjectSynchronizer Weak        Min:  0.0, Avg:  0.0, Max:  0.0, Diff:  0.0, Sum:  0.0, Workers: 6
[35.698s][debug  ][gc,phases      ] GC(130)     Dead                           Min: 0, Avg:  0.0, Max: 0, Diff: 0, Sum: 0, Workers: 6
[35.698s][debug  ][gc,phases      ] GC(130)     Total                          Min: 0, Avg:  0.5, Max: 3, Diff: 3, Sum: 3, Workers: 6
[35.698s][debug  ][gc,phases      ] GC(130)   JVMTI Tag Weak OopStorage      Min:  0.0, Avg:  0.0, Max:  0.0, Diff:  0.0, Sum:  0.0, Workers: 6
[35.698s][debug  ][gc,phases      ] GC(130)     Dead                           Min: 0, Avg:  0.0, Max: 0, Diff: 0, Sum: 0, Workers: 6
[35.698s][debug  ][gc,phases      ] GC(130)     Total                          Min: 0, Avg:  0.0, Max: 0, Diff: 0, Sum: 0, Workers: 6
[35.698s][debug  ][gc,phases      ] GC(130)   StringTable Weak               Min:  0.0, Avg:  0.0, Max:  0.0, Diff:  0.0, Sum:  0.0, Workers: 6
[35.698s][debug  ][gc,phases      ] GC(130)     Dead                           Min: 0, Avg:  0.0, Max: 0, Diff: 0, Sum: 0, Workers: 6
[35.698s][debug  ][gc,phases      ] GC(130)     Total                          Min: 748, Avg: 892.5, Max: 1024, Diff: 276, Sum: 5355, Workers: 6
[35.698s][debug  ][gc,phases      ] GC(130)   ResolvedMethodTable Weak       Min:  0.0, Avg:  0.0, Max:  0.0, Diff:  0.0, Sum:  0.0, Workers: 6
[35.698s][debug  ][gc,phases      ] GC(130)     Dead                           Min: 0, Avg:  0.0, Max: 0, Diff: 0, Sum: 0, Workers: 6
[35.698s][debug  ][gc,phases      ] GC(130)     Total                          Min: 0, Avg: 21.7, Max: 64, Diff: 64, Sum: 130, Workers: 6
[35.699s][debug  ][gc,phases      ] GC(130)   JNI Weak                       Min:  0.0, Avg:  0.0, Max:  0.0, Diff:  0.0, Sum:  0.0, Workers: 6
[35.699s][debug  ][gc,phases      ] GC(130)     Dead                           Min: 0, Avg:  0.0, Max: 0, Diff: 0, Sum: 0, Workers: 6
[35.699s][debug  ][gc,phases      ] GC(130)     Total                          Min: 0, Avg:  0.0, Max: 0, Diff: 0, Sum: 0, Workers: 6
[35.699s][debug  ][gc,phases      ] GC(130)   StringDedup Table Weak         Min:  0.0, Avg:  0.0, Max:  0.0, Diff:  0.0, Sum:  0.0, Workers: 6
[35.699s][debug  ][gc,phases      ] GC(130)     Dead                           Min: 0, Avg:  0.0, Max: 0, Diff: 0, Sum: 0, Workers: 6
[35.699s][debug  ][gc,phases      ] GC(130)     Total                          Min: 0, Avg:  0.0, Max: 0, Diff: 0, Sum: 0, Workers: 6
[35.699s][debug  ][gc,phases      ] GC(130)   StringDedup Requests0 Weak     Min:  0.0, Avg:  0.0, Max:  0.0, Diff:  0.0, Sum:  0.0, Workers: 6
[35.699s][debug  ][gc,phases      ] GC(130)     Dead                           Min: 0, Avg:  0.0, Max: 0, Diff: 0, Sum: 0, Workers: 6
[35.699s][debug  ][gc,phases      ] GC(130)     Total                          Min: 0, Avg:  0.0, Max: 0, Diff: 0, Sum: 0, Workers: 6
[35.699s][debug  ][gc,phases      ] GC(130)   StringDedup Requests1 Weak     Min:  0.0, Avg:  0.0, Max:  0.0, Diff:  0.0, Sum:  0.0, Workers: 6
[35.699s][debug  ][gc,phases      ] GC(130)     Dead                           Min: 0, Avg:  0.0, Max: 0, Diff: 0, Sum: 0, Workers: 6
[35.699s][debug  ][gc,phases      ] GC(130)     Total                          Min: 0, Avg:  0.0, Max: 0, Diff: 0, Sum: 0, Workers: 6
[35.699s][debug  ][gc,phases      ] GC(130)   Weak JFR Old Object Samples    Min:  0.0, Avg:  0.0, Max:  0.0, Diff:  0.0, Sum:  0.0, Workers: 6
[35.699s][debug  ][gc,phases      ] GC(130)     Dead                           Min: 0, Avg:  0.0, Max: 0, Diff: 0, Sum: 0, Workers: 6
[35.699s][debug  ][gc,phases      ] GC(130)     Total                          Min: 0, Avg:  0.0, Max: 0, Diff: 0, Sum: 0, Workers: 6
[35.699s][debug  ][gc,phases      ] GC(130) Weak Processing 0.781ms
[35.699s][debug  ][gc,ergo        ] GC(130) AdaptiveSizeStart:  collection: 131 
[35.699s][debug  ][gc,ergo        ] GC(130) avg_survived_padded_avg: 40101280.000000
[35.699s][debug  ][gc,ergo        ] GC(130) avg_promoted_padded_avg: 222403376.000000  avg_pretenured_padded_avg: 0.000000  tenuring_thresh: 1  target_size: 40370176
[35.699s][debug  ][gc,age         ] GC(130) Desired survivor size 40370176 bytes, new threshold 1 (max threshold 15)
[35.699s][debug  ][gc,ergo        ] GC(130) PSAdaptiveSizePolicy::compute_eden_space_size limits: desired_eden_size: 208678605 old_eden_size: 188219392 eden_limit: 188219392 cur_eden: 187695104 max_eden_size: 188219392 avg_young_live: 26605288
[35.699s][debug  ][gc,ergo        ] GC(130) PSAdaptiveSizePolicy::compute_eden_space_size: costs minor_time: 0.047676 major_cost: 0.038092 mutator_cost: 0.914233 throughput_goal: 0.990000
[35.699s][debug  ][gc,ergo        ] GC(130) Live_space: 934699520 free_space: 1445986304
[35.699s][debug  ][gc,ergo        ] GC(130) Old eden_size: 188219392 desired_eden_size: 188219392
[35.699s][debug  ][gc,ergo        ] GC(130) AdaptiveSizeStop: collection: 131 
[35.699s][info   ][gc,heap        ] GC(130) PSYoungGen: 198148K(222208K)->30720K(222720K) Eden: 177668K(183296K)->0K(183296K) From: 20480K(38912K)->30720K(39424K)
[35.699s][info   ][gc,heap        ] GC(130) ParOldGen: 1650277K(2144256K)->1814117K(2144256K)
[35.699s][info   ][gc,metaspace   ] GC(130) Metaspace: 1024K(1216K)->1024K(1216K) NonClass: 941K(1024K)->941K(1024K) Class: 83K(192K)->83K(192K)
[35.699s][info   ][gc             ] GC(130) Pause Young (Allocation Failure) 1805M->1801M(2311M) 17.975ms
[35.699s][info   ][gc,cpu         ] GC(130) User=0.03s Sys=0.03s Real=0.02s
[35.699s][debug  ][gc,heap        ] GC(130) Heap after GC invocations=131 (full 20):
[35.699s][debug  ][gc,heap        ] GC(130)  PSYoungGen      total 222720K, used 30720K [0x00000007f0000000, 0x0000000800000000, 0x0000000800000000)
[35.699s][debug  ][gc,heap        ] GC(130)   eden space 183296K, 0% used [0x00000007f0000000,0x00000007f0000000,0x00000007fb300000)
[35.699s][debug  ][gc,heap        ] GC(130)   from space 39424K, 77% used [0x00000007fb300000,0x00000007fd100030,0x00000007fd980000)
[35.699s][debug  ][gc,heap        ] GC(130)   to   space 39424K, 0% used [0x00000007fd980000,0x00000007fd980000,0x0000000800000000)
[35.699s][debug  ][gc,heap        ] GC(130)  ParOldGen       total 2144256K, used 1814117K [0x0000000700000000, 0x0000000782e00000, 0x00000007f0000000)
[35.699s][debug  ][gc,heap        ] GC(130)   object space 2144256K, 84% used [0x0000000700000000,0x000000076eb99708,0x0000000782e00000)
[35.699s][debug  ][gc,heap        ] GC(130)  Metaspace       used 1024K, committed 1216K, reserved 1056768K
[35.699s][debug  ][gc,heap        ] GC(130)   class space    used 83K, committed 192K, reserved 1048576K
[35.700s][debug  ][gc,task,time   ] GC(130) VM-Thread 356807501 356974609 356995154
[35.967s][debug  ][gc,heap        ] GC(131) Heap before GC invocations=132 (full 20):
[35.967s][debug  ][gc,heap        ] GC(131)  PSYoungGen      total 222720K, used 208390K [0x00000007f0000000, 0x0000000800000000, 0x0000000800000000)
[35.967s][debug  ][gc,heap        ] GC(131)   eden space 183296K, 96% used [0x00000007f0000000,0x00000007fad817e8,0x00000007fb300000)
[35.967s][debug  ][gc,heap        ] GC(131)   from space 39424K, 77% used [0x00000007fb300000,0x00000007fd100030,0x00000007fd980000)
[35.967s][debug  ][gc,heap        ] GC(131)   to   space 39424K, 0% used [0x00000007fd980000,0x00000007fd980000,0x0000000800000000)
[35.967s][debug  ][gc,heap        ] GC(131)  ParOldGen       total 2144256K, used 1814117K [0x0000000700000000, 0x0000000782e00000, 0x00000007f0000000)
[35.967s][debug  ][gc,heap        ] GC(131)   object space 2144256K, 84% used [0x0000000700000000,0x000000076eb99708,0x0000000782e00000)
[35.967s][debug  ][gc,heap        ] GC(131)  Metaspace       used 1024K, committed 1216K, reserved 1056768K
[35.967s][debug  ][gc,heap        ] GC(131)   class space    used 83K, committed 192K, reserved 1048576K
[35.967s][debug  ][gc,tlab        ] GC(131) TLAB totals: thrds: 1  refills: 1 max: 1 slow allocs: 16 max 16 waste: 26.0% gc: 3675864B max: 3675864B slow: 0B max: 0B
[35.967s][info   ][gc,start       ] GC(131) Pause Young (Allocation Failure)
[35.967s][debug  ][gc,phases,start] GC(131) Scavenge
[35.985s][debug  ][gc,phases      ] GC(131) Scavenge 17.434ms
[35.985s][debug  ][gc,phases,start] GC(131) Reference Processing
[35.985s][debug  ][gc,ref         ] GC(131) Skipped phase 1 of Reference Processing: no references
[35.985s][debug  ][gc,ref         ] GC(131) Skipped phase 2 of Reference Processing: no references
[35.985s][debug  ][gc,ref         ] GC(131) Skipped phase 3 of Reference Processing: no references
[35.985s][debug  ][gc,ref         ] GC(131) Skipped phase 4 of Reference Processing: no references
[35.985s][debug  ][gc,phases,ref  ] GC(131) Reference Processing: 0.1ms
[35.985s][debug  ][gc,phases,ref  ] GC(131)   Reconsider SoftReferences: 0.0ms
[35.985s][debug  ][gc,phases,ref  ] GC(131)     SoftRef (ms):                  skipped
[35.985s][debug  ][gc,phases,ref  ] GC(131)   Notify Soft/WeakReferences: 0.0ms
[35.985s][debug  ][gc,phases,ref  ] GC(131)     SoftRef (ms):                  skipped
[35.985s][debug  ][gc,phases,ref  ] GC(131)     WeakRef (ms):                  skipped
[35.985s][debug  ][gc,phases,ref  ] GC(131)     FinalRef (ms):                 skipped
[35.985s][debug  ][gc,phases,ref  ] GC(131)     Total (ms):                    skipped
[35.985s][debug  ][gc,phases,ref  ] GC(131)   Notify and keep alive finalizable: 0.0ms
[35.985s][debug  ][gc,phases,ref  ] GC(131)     FinalRef (ms):                 skipped
[35.985s][debug  ][gc,phases,ref  ] GC(131)   Notify PhantomReferences: 0.0ms
[35.985s][debug  ][gc,phases,ref  ] GC(131)     PhantomRef (ms):               skipped
[35.985s][debug  ][gc,phases,ref  ] GC(131)   SoftReference:
[35.985s][debug  ][gc,phases,ref  ] GC(131)     Discovered: 0
[35.985s][debug  ][gc,phases,ref  ] GC(131)     Cleared: 0
[35.985s][debug  ][gc,phases,ref  ] GC(131)   WeakReference:
[35.985s][debug  ][gc,phases,ref  ] GC(131)     Discovered: 0
[35.985s][debug  ][gc,phases,ref  ] GC(131)     Cleared: 0
[35.985s][debug  ][gc,phases,ref  ] GC(131)   FinalReference:
[35.985s][debug  ][gc,phases,ref  ] GC(131)     Discovered: 0
[35.985s][debug  ][gc,phases,ref  ] GC(131)     Cleared: 0
[35.985s][debug  ][gc,phases,ref  ] GC(131)   PhantomReference:
[35.986s][debug  ][gc,phases,ref  ] GC(131)     Discovered: 0
[35.986s][debug  ][gc,phases,ref  ] GC(131)     Cleared: 0
[35.986s][debug  ][gc,phases      ] GC(131) Reference Processing 0.658ms
[35.986s][debug  ][gc,phases,start] GC(131) Weak Processing
[35.986s][debug  ][gc,phases      ] GC(131)   VM Weak                        Min:  0.0, Avg:  0.0, Max:  0.0, Diff:  0.0, Sum:  0.0, Workers: 6
[35.986s][debug  ][gc,phases      ] GC(131)     Dead                           Min: 0, Avg:  0.0, Max: 0, Diff: 0, Sum: 0, Workers: 6
[35.986s][debug  ][gc,phases      ] GC(131)     Total                          Min: 0, Avg:  1.3, Max: 8, Diff: 8, Sum: 8, Workers: 6
[35.986s][debug  ][gc,phases      ] GC(131)   ObjectSynchronizer Weak        Min:  0.0, Avg:  0.0, Max:  0.0, Diff:  0.0, Sum:  0.0, Workers: 6
[35.986s][debug  ][gc,phases      ] GC(131)     Dead                           Min: 0, Avg:  0.0, Max: 0, Diff: 0, Sum: 0, Workers: 6
[35.986s][debug  ][gc,phases      ] GC(131)     Total                          Min: 0, Avg:  0.5, Max: 3, Diff: 3, Sum: 3, Workers: 6
[35.986s][debug  ][gc,phases      ] GC(131)   JVMTI Tag Weak OopStorage      Min:  0.0, Avg:  0.0, Max:  0.0, Diff:  0.0, Sum:  0.0, Workers: 6
[35.986s][debug  ][gc,phases      ] GC(131)     Dead                           Min: 0, Avg:  0.0, Max: 0, Diff: 0, Sum: 0, Workers: 6
[35.986s][debug  ][gc,phases      ] GC(131)     Total                          Min: 0, Avg:  0.0, Max: 0, Diff: 0, Sum: 0, Workers: 6
[35.986s][debug  ][gc,phases      ] GC(131)   StringTable Weak               Min:  0.0, Avg:  0.0, Max:  0.0, Diff:  0.0, Sum:  0.0, Workers: 6
[35.986s][debug  ][gc,phases      ] GC(131)     Dead                           Min: 0, Avg:  0.0, Max: 0, Diff: 0, Sum: 0, Workers: 6
[35.986s][debug  ][gc,phases      ] GC(131)     Total                          Min: 768, Avg: 892.5, Max: 1151, Diff: 383, Sum: 5355, Workers: 6
[35.986s][debug  ][gc,phases      ] GC(131)   ResolvedMethodTable Weak       Min:  0.0, Avg:  0.0, Max:  0.0, Diff:  0.0, Sum:  0.0, Workers: 6
[35.986s][debug  ][gc,phases      ] GC(131)     Dead                           Min: 0, Avg:  0.0, Max: 0, Diff: 0, Sum: 0, Workers: 6
[35.986s][debug  ][gc,phases      ] GC(131)     Total                          Min: 0, Avg: 21.7, Max: 64, Diff: 64, Sum: 130, Workers: 6
[35.986s][debug  ][gc,phases      ] GC(131)   JNI Weak                       Min:  0.0, Avg:  0.0, Max:  0.0, Diff:  0.0, Sum:  0.0, Workers: 6
[35.986s][debug  ][gc,phases      ] GC(131)     Dead                           Min: 0, Avg:  0.0, Max: 0, Diff: 0, Sum: 0, Workers: 6
[35.986s][debug  ][gc,phases      ] GC(131)     Total                          Min: 0, Avg:  0.0, Max: 0, Diff: 0, Sum: 0, Workers: 6
[35.986s][debug  ][gc,phases      ] GC(131)   StringDedup Table Weak         Min:  0.0, Avg:  0.0, Max:  0.0, Diff:  0.0, Sum:  0.0, Workers: 6
[35.986s][debug  ][gc,phases      ] GC(131)     Dead                           Min: 0, Avg:  0.0, Max: 0, Diff: 0, Sum: 0, Workers: 6
[35.986s][debug  ][gc,phases      ] GC(131)     Total                          Min: 0, Avg:  0.0, Max: 0, Diff: 0, Sum: 0, Workers: 6
[35.986s][debug  ][gc,phases      ] GC(131)   StringDedup Requests0 Weak     Min:  0.0, Avg:  0.0, Max:  0.0, Diff:  0.0, Sum:  0.0, Workers: 6
[35.986s][debug  ][gc,phases      ] GC(131)     Dead                           Min: 0, Avg:  0.0, Max: 0, Diff: 0, Sum: 0, Workers: 6
[35.986s][debug  ][gc,phases      ] GC(131)     Total                          Min: 0, Avg:  0.0, Max: 0, Diff: 0, Sum: 0, Workers: 6
[35.986s][debug  ][gc,phases      ] GC(131)   StringDedup Requests1 Weak     Min:  0.0, Avg:  0.0, Max:  0.0, Diff:  0.0, Sum:  0.0, Workers: 6
[35.986s][debug  ][gc,phases      ] GC(131)     Dead                           Min: 0, Avg:  0.0, Max: 0, Diff: 0, Sum: 0, Workers: 6
[35.986s][debug  ][gc,phases      ] GC(131)     Total                          Min: 0, Avg:  0.0, Max: 0, Diff: 0, Sum: 0, Workers: 6
[35.986s][debug  ][gc,phases      ] GC(131)   Weak JFR Old Object Samples    Min:  0.0, Avg:  0.0, Max:  0.0, Diff:  0.0, Sum:  0.0, Workers: 6
[35.986s][debug  ][gc,phases      ] GC(131)     Dead                           Min: 0, Avg:  0.0, Max: 0, Diff: 0, Sum: 0, Workers: 6
[35.986s][debug  ][gc,phases      ] GC(131)     Total                          Min: 0, Avg:  0.0, Max: 0, Diff: 0, Sum: 0, Workers: 6
[35.986s][debug  ][gc,phases      ] GC(131) Weak Processing 0.697ms
[35.986s][debug  ][gc,ergo        ] GC(131) AdaptiveSizeStart:  collection: 132 
[35.986s][debug  ][gc,ergo        ] GC(131) avg_survived_padded_avg: 39984148.000000
[35.986s][debug  ][gc,ergo        ] GC(131) avg_promoted_padded_avg: 226994048.000000  avg_pretenured_padded_avg: 0.000000  tenuring_thresh: 1  target_size: 40370176
[35.986s][debug  ][gc,age         ] GC(131) Desired survivor size 40370176 bytes, new threshold 1 (max threshold 15)
[35.986s][debug  ][gc,ergo        ] GC(131) PSAdaptiveSizePolicy::compute_eden_space_size limits: desired_eden_size: 209519186 old_eden_size: 188219392 eden_limit: 187695104 cur_eden: 187695104 max_eden_size: 187695104 avg_young_live: 27090492
[35.986s][debug  ][gc,ergo        ] GC(131) PSAdaptiveSizePolicy::compute_eden_space_size: costs minor_time: 0.052203 major_cost: 0.038092 mutator_cost: 0.909705 throughput_goal: 0.990000
[35.986s][debug  ][gc,ergo        ] GC(131) Live_space: 935184768 free_space: 1445986304
[35.986s][debug  ][gc,ergo        ] GC(131) Old eden_size: 188219392 desired_eden_size: 187695104
[35.986s][debug  ][gc,ergo        ] GC(131) AdaptiveSizeStop: collection: 132 
[35.986s][info   ][gc,heap        ] GC(131) PSYoungGen: 208390K(222720K)->30720K(222720K) Eden: 177669K(183296K)->0K(183296K) From: 30720K(39424K)->30720K(39424K)
[35.987s][info   ][gc,heap        ] GC(131) ParOldGen: 1814117K(2144256K)->1988198K(2144256K)
[35.987s][info   ][gc,metaspace   ] GC(131) Metaspace: 1024K(1216K)->1024K(1216K) NonClass: 941K(1024K)->941K(1024K) Class: 83K(192K)->83K(192K)
[35.987s][info   ][gc             ] GC(131) Pause Young (Allocation Failure) 1975M->1971M(2311M) 19.224ms
[35.987s][info   ][gc,cpu         ] GC(131) User=0.03s Sys=0.12s Real=0.02s
[35.987s][debug  ][gc,heap        ] GC(131) Heap after GC invocations=132 (full 20):
[35.987s][debug  ][gc,heap        ] GC(131)  PSYoungGen      total 222720K, used 30720K [0x00000007f0000000, 0x0000000800000000, 0x0000000800000000)
[35.987s][debug  ][gc,heap        ] GC(131)   eden space 183296K, 0% used [0x00000007f0000000,0x00000007f0000000,0x00000007fb300000)
[35.987s][debug  ][gc,heap        ] GC(131)   from space 39424K, 77% used [0x00000007fd980000,0x00000007ff780030,0x0000000800000000)
[35.987s][debug  ][gc,heap        ] GC(131)   to   space 39424K, 0% used [0x00000007fb300000,0x00000007fb300000,0x00000007fd980000)
[35.987s][debug  ][gc,heap        ] GC(131)  ParOldGen       total 2144256K, used 1988198K [0x0000000700000000, 0x0000000782e00000, 0x00000007f0000000)
[35.987s][debug  ][gc,heap        ] GC(131)   object space 2144256K, 92% used [0x0000000700000000,0x0000000779599818,0x0000000782e00000)
[35.987s][debug  ][gc,heap        ] GC(131)  Metaspace       used 1024K, committed 1216K, reserved 1056768K
[35.987s][debug  ][gc,heap        ] GC(131)   class space    used 83K, committed 192K, reserved 1048576K
[35.987s][debug  ][gc,task,time   ] GC(131) VM-Thread 359668503 359848981 359868052
[35.987s][debug  ][gc,phases,start] GC(132) Pre Compact
[35.987s][debug  ][gc,heap        ] GC(132) Heap before GC invocations=133 (full 21):
[35.987s][debug  ][gc,heap        ] GC(132)  PSYoungGen      total 222720K, used 30720K [0x00000007f0000000, 0x0000000800000000, 0x0000000800000000)
[35.987s][debug  ][gc,heap        ] GC(132)   eden space 183296K, 0% used [0x00000007f0000000,0x00000007f0000000,0x00000007fb300000)
[35.987s][debug  ][gc,heap        ] GC(132)   from space 39424K, 77% used [0x00000007fd980000,0x00000007ff780030,0x0000000800000000)
[35.987s][debug  ][gc,heap        ] GC(132)   to   space 39424K, 0% used [0x00000007fb300000,0x00000007fb300000,0x00000007fd980000)
[35.987s][debug  ][gc,heap        ] GC(132)  ParOldGen       total 2144256K, used 1988198K [0x0000000700000000, 0x0000000782e00000, 0x00000007f0000000)
[35.987s][debug  ][gc,heap        ] GC(132)   object space 2144256K, 92% used [0x0000000700000000,0x0000000779599818,0x0000000782e00000)
[35.987s][debug  ][gc,heap        ] GC(132)  Metaspace       used 1024K, committed 1216K, reserved 1056768K
[35.987s][debug  ][gc,heap        ] GC(132)   class space    used 83K, committed 192K, reserved 1048576K
[35.987s][debug  ][gc,phases      ] GC(132) Pre Compact 0.203ms
[35.987s][info   ][gc,start       ] GC(132) Pause Full (Ergonomics)
[35.987s][info   ][gc,phases,start] GC(132) Marking Phase
[35.987s][debug  ][gc,phases,start] GC(132) Par Mark
[35.988s][debug  ][gc,phases      ] GC(132) Par Mark 0.456ms
[35.988s][debug  ][gc,phases,start] GC(132) Reference Processing
[35.988s][debug  ][gc,ref         ] GC(132) Skipped phase 1 of Reference Processing: no references
[35.988s][debug  ][gc,ref         ] GC(132) ReferenceProcessor::execute queues: 1, RefProcThreadModel::Single, marks_oops_alive: false
[35.988s][debug  ][gc,ref         ] GC(132) Skipped phase 3 of Reference Processing: no references
[35.988s][debug  ][gc,ref         ] GC(132) ReferenceProcessor::execute queues: 1, RefProcThreadModel::Single, marks_oops_alive: false
[35.988s][debug  ][gc,phases,ref  ] GC(132) Reference Processing: 0.1ms
[35.988s][debug  ][gc,phases,ref  ] GC(132)   Reconsider SoftReferences: 0.0ms
[35.988s][debug  ][gc,phases,ref  ] GC(132)     SoftRef (ms):                  skipped
[35.988s][debug  ][gc,phases,ref  ] GC(132)   Notify Soft/WeakReferences: 0.0ms
[35.988s][debug  ][gc,phases,ref  ] GC(132)     SoftRef (ms):                  Min:  0.0, Avg:  0.0, Max:  0.0, Diff:  0.0, Sum:  0.0, Workers: 10
[35.988s][debug  ][gc,phases,ref  ] GC(132)     WeakRef (ms):                  Min:  0.0, Avg:  0.0, Max:  0.0, Diff:  0.0, Sum:  0.0, Workers: 10
[35.988s][debug  ][gc,phases,ref  ] GC(132)     FinalRef (ms):                 Min:  0.0, Avg:  0.0, Max:  0.0, Diff:  0.0, Sum:  0.0, Workers: 10
[35.988s][debug  ][gc,phases,ref  ] GC(132)     Total (ms):                    Min:  0.0, Avg:  0.0, Max:  0.0, Diff:  0.0, Sum:  0.0, Workers: 10
[35.988s][debug  ][gc,phases,ref  ] GC(132)   Notify and keep alive finalizable: 0.0ms
[35.988s][debug  ][gc,phases,ref  ] GC(132)     FinalRef (ms):                 skipped
[35.988s][debug  ][gc,phases,ref  ] GC(132)   Notify PhantomReferences: 0.0ms
[35.988s][debug  ][gc,phases,ref  ] GC(132)     PhantomRef (ms):               Min:  0.0, Avg:  0.0, Max:  0.0, Diff:  0.0, Sum:  0.0, Workers: 10
[35.988s][debug  ][gc,phases,ref  ] GC(132)   SoftReference:
[35.988s][debug  ][gc,phases,ref  ] GC(132)     Discovered: 0
[35.988s][debug  ][gc,phases,ref  ] GC(132)     Cleared: 0
[35.988s][debug  ][gc,phases,ref  ] GC(132)   WeakReference:
[35.988s][debug  ][gc,phases,ref  ] GC(132)     Discovered: 61
[35.988s][debug  ][gc,phases,ref  ] GC(132)     Cleared: 61
[35.988s][debug  ][gc,phases,ref  ] GC(132)   FinalReference:
[35.988s][debug  ][gc,phases,ref  ] GC(132)     Discovered: 0
[35.988s][debug  ][gc,phases,ref  ] GC(132)     Cleared: 0
[35.988s][debug  ][gc,phases,ref  ] GC(132)   PhantomReference:
[35.988s][debug  ][gc,phases,ref  ] GC(132)     Discovered: 5
[35.988s][debug  ][gc,phases,ref  ] GC(132)     Cleared: 5
[35.988s][debug  ][gc,phases      ] GC(132) Reference Processing 0.584ms
[35.988s][debug  ][gc,phases,start] GC(132) Weak Processing
[35.988s][debug  ][gc,phases      ] GC(132)   VM Weak                        Min:  0.0, Avg:  0.0, Max:  0.0, Diff:  0.0, Sum:  0.0, Workers: 6
[35.988s][debug  ][gc,phases      ] GC(132)     Dead                           Min: 0, Avg:  0.0, Max: 0, Diff: 0, Sum: 0, Workers: 6
[35.988s][debug  ][gc,phases      ] GC(132)     Total                          Min: 0, Avg:  1.3, Max: 8, Diff: 8, Sum: 8, Workers: 6
[35.988s][debug  ][gc,phases      ] GC(132)   ObjectSynchronizer Weak        Min:  0.0, Avg:  0.0, Max:  0.0, Diff:  0.0, Sum:  0.0, Workers: 6
[35.988s][debug  ][gc,phases      ] GC(132)     Dead                           Min: 0, Avg:  0.0, Max: 0, Diff: 0, Sum: 0, Workers: 6
[35.988s][debug  ][gc,phases      ] GC(132)     Total                          Min: 0, Avg:  0.5, Max: 3, Diff: 3, Sum: 3, Workers: 6
[35.988s][debug  ][gc,phases      ] GC(132)   JVMTI Tag Weak OopStorage      Min:  0.0, Avg:  0.0, Max:  0.0, Diff:  0.0, Sum:  0.0, Workers: 6
[35.988s][debug  ][gc,phases      ] GC(132)     Dead                           Min: 0, Avg:  0.0, Max: 0, Diff: 0, Sum: 0, Workers: 6
[35.988s][debug  ][gc,phases      ] GC(132)     Total                          Min: 0, Avg:  0.0, Max: 0, Diff: 0, Sum: 0, Workers: 6
[35.988s][debug  ][gc,phases      ] GC(132)   StringTable Weak               Min:  0.0, Avg:  0.0, Max:  0.0, Diff:  0.0, Sum:  0.0, Workers: 6
[35.988s][debug  ][gc,phases      ] GC(132)     Dead                           Min: 0, Avg:  0.0, Max: 0, Diff: 0, Sum: 0, Workers: 6
[35.988s][debug  ][gc,phases      ] GC(132)     Total                          Min: 575, Avg: 892.5, Max: 1152, Diff: 577, Sum: 5355, Workers: 6
[35.988s][debug  ][gc,phases      ] GC(132)   ResolvedMethodTable Weak       Min:  0.0, Avg:  0.0, Max:  0.0, Diff:  0.0, Sum:  0.0, Workers: 6
[35.989s][debug  ][gc,phases      ] GC(132)     Dead                           Min: 0, Avg:  0.0, Max: 0, Diff: 0, Sum: 0, Workers: 6
[35.989s][debug  ][gc,phases      ] GC(132)     Total                          Min: 0, Avg: 21.7, Max: 64, Diff: 64, Sum: 130, Workers: 6
[35.989s][debug  ][gc,phases      ] GC(132)   JNI Weak                       Min:  0.0, Avg:  0.0, Max:  0.0, Diff:  0.0, Sum:  0.0, Workers: 6
[35.989s][debug  ][gc,phases      ] GC(132)     Dead                           Min: 0, Avg:  0.0, Max: 0, Diff: 0, Sum: 0, Workers: 6
[35.989s][debug  ][gc,phases      ] GC(132)     Total                          Min: 0, Avg:  0.0, Max: 0, Diff: 0, Sum: 0, Workers: 6
[35.989s][debug  ][gc,phases      ] GC(132)   StringDedup Table Weak         Min:  0.0, Avg:  0.0, Max:  0.0, Diff:  0.0, Sum:  0.0, Workers: 6
[35.989s][debug  ][gc,phases      ] GC(132)     Dead                           Min: 0, Avg:  0.0, Max: 0, Diff: 0, Sum: 0, Workers: 6
[35.989s][debug  ][gc,phases      ] GC(132)     Total                          Min: 0, Avg:  0.0, Max: 0, Diff: 0, Sum: 0, Workers: 6
[35.989s][debug  ][gc,phases      ] GC(132)   StringDedup Requests0 Weak     Min:  0.0, Avg:  0.0, Max:  0.0, Diff:  0.0, Sum:  0.0, Workers: 6
[35.989s][debug  ][gc,phases      ] GC(132)     Dead                           Min: 0, Avg:  0.0, Max: 0, Diff: 0, Sum: 0, Workers: 6
[35.989s][debug  ][gc,phases      ] GC(132)     Total                          Min: 0, Avg:  0.0, Max: 0, Diff: 0, Sum: 0, Workers: 6
[35.989s][debug  ][gc,phases      ] GC(132)   StringDedup Requests1 Weak     Min:  0.0, Avg:  0.0, Max:  0.0, Diff:  0.0, Sum:  0.0, Workers: 6
[35.989s][debug  ][gc,phases      ] GC(132)     Dead                           Min: 0, Avg:  0.0, Max: 0, Diff: 0, Sum: 0, Workers: 6
[35.989s][debug  ][gc,phases      ] GC(132)     Total                          Min: 0, Avg:  0.0, Max: 0, Diff: 0, Sum: 0, Workers: 6
[35.989s][debug  ][gc,phases      ] GC(132)   Weak JFR Old Object Samples    Min:  0.0, Avg:  0.0, Max:  0.0, Diff:  0.0, Sum:  0.0, Workers: 6
[35.989s][debug  ][gc,phases      ] GC(132)     Dead                           Min: 0, Avg:  0.0, Max: 0, Diff: 0, Sum: 0, Workers: 6
[35.989s][debug  ][gc,phases      ] GC(132)     Total                          Min: 0, Avg:  0.0, Max: 0, Diff: 0, Sum: 0, Workers: 6
[35.989s][debug  ][gc,phases      ] GC(132) Weak Processing 0.658ms
[35.989s][debug  ][gc,phases,start] GC(132) Class Unloading
[35.989s][debug  ][gc,phases,start] GC(132) ClassLoaderData
[35.989s][debug  ][gc,phases      ] GC(132) ClassLoaderData 0.019ms
[35.989s][debug  ][gc,phases,start] GC(132) Trigger cleanups
[35.989s][debug  ][gc,phases      ] GC(132) Trigger cleanups 0.019ms
[35.989s][debug  ][gc,phases      ] GC(132) Class Unloading 0.249ms
[35.989s][info   ][gc,phases      ] GC(132) Marking Phase 2.065ms
[35.989s][info   ][gc,phases,start] GC(132) Summary Phase
[35.989s][info   ][gc,phases      ] GC(132) Summary Phase 0.037ms
[35.989s][info   ][gc,phases,start] GC(132) Adjust Roots
[35.989s][info   ][gc,phases      ] GC(132) Adjust Roots 0.149ms
[35.989s][info   ][gc,phases,start] GC(132) Compaction Phase
[36.029s][info   ][gc,phases      ] GC(132) Compaction Phase 39.680ms
[36.029s][info   ][gc,phases,start] GC(132) Post Compact
[36.036s][info   ][gc,phases      ] GC(132) Post Compact 6.518ms
[36.036s][debug  ][gc,ergo        ] GC(132) AdaptiveSizeStart: collection: 133 
[36.036s][debug  ][gc,ergo        ] GC(132) PSAdaptiveSizePolicy::compute_eden_space_size limits: desired_eden_size: 210892796 old_eden_size: 187695104 eden_limit: 187695104 cur_eden: 187695104 max_eden_size: 187695104 avg_young_live: 24381442
[36.036s][debug  ][gc,ergo        ] GC(132) PSAdaptiveSizePolicy::compute_eden_space_size: costs minor_time: 0.052203 major_cost: 0.032745 mutator_cost: 0.915052 throughput_goal: 0.990000
[36.036s][debug  ][gc,ergo        ] GC(132) Live_space: 932475712 free_space: 1445462016
[36.036s][debug  ][gc,ergo        ] GC(132) Old eden_size: 187695104 desired_eden_size: 187695104
[36.036s][debug  ][gc,ergo        ] GC(132) PSAdaptiveSizePolicy::compute_old_gen_free_space: costs minor_time: 0.052203 major_cost: 0.032745  mutator_cost: 0.915052 throughput_goal: 0.990000
[36.036s][debug  ][gc,ergo        ] GC(132) Live_space: 906426048 free_space: 1445462016
[36.036s][debug  ][gc,ergo        ] GC(132) Old promo_size: 1257766912 desired_promo_size: 1355284480
[36.040s][debug  ][gc             ] GC(132) Shrinking ParOldGen from 2144256K by 228352K to 1915904K
[36.040s][debug  ][gc,ergo        ] GC(132) AdaptiveSizeStop: collection: 133 
[36.040s][info   ][gc,heap        ] GC(132) PSYoungGen: 30720K(222720K)->0K(222720K) Eden: 0K(183296K)->0K(183296K) From: 30720K(39424K)->0K(39424K)
[36.040s][info   ][gc,heap        ] GC(132) ParOldGen: 1988198K(2144256K)->370275K(1915904K)
[36.040s][info   ][gc,metaspace   ] GC(132) Metaspace: 1024K(1216K)->1024K(1216K) NonClass: 941K(1024K)->941K(1024K) Class: 83K(192K)->83K(192K)
[36.040s][info   ][gc             ] GC(132) Pause Full (Ergonomics) 1971M->361M(2088M) 53.179ms
[36.040s][info   ][gc,cpu         ] GC(132) User=0.45s Sys=0.02s Real=0.05s
[36.040s][debug  ][gc,heap        ] GC(132) Heap after GC invocations=133 (full 21):
[36.040s][debug  ][gc,heap        ] GC(132)  PSYoungGen      total 222720K, used 0K [0x00000007f0000000, 0x0000000800000000, 0x0000000800000000)
[36.040s][debug  ][gc,heap        ] GC(132)   eden space 183296K, 0% used [0x00000007f0000000,0x00000007f0000000,0x00000007fb300000)
[36.040s][debug  ][gc,heap        ] GC(132)   from space 39424K, 0% used [0x00000007fb300000,0x00000007fb300000,0x00000007fd980000)
[36.040s][debug  ][gc,heap        ] GC(132)   to   space 39424K, 0% used [0x00000007fd980000,0x00000007fd980000,0x0000000800000000)
[36.040s][debug  ][gc,heap        ] GC(132)  ParOldGen       total 1915904K, used 370275K [0x0000000700000000, 0x0000000774f00000, 0x00000007f0000000)
[36.040s][debug  ][gc,heap        ] GC(132)   object space 1915904K, 19% used [0x0000000700000000,0x0000000716998e38,0x0000000774f00000)
[36.040s][debug  ][gc,heap        ] GC(132)  Metaspace       used 1024K, committed 1216K, reserved 1056768K
[36.040s][debug  ][gc,heap        ] GC(132)   class space    used 83K, committed 192K, reserved 1048576K
[36.040s][debug  ][gc,task,time   ] GC(132) VM-Thread 359870766 359894014 360402832
[36.316s][debug  ][gc,heap        ] GC(133) Heap before GC invocations=134 (full 21):
[36.316s][debug  ][gc,heap        ] GC(133)  PSYoungGen      total 222720K, used 177670K [0x00000007f0000000, 0x0000000800000000, 0x0000000800000000)
[36.316s][debug  ][gc,heap        ] GC(133)   eden space 183296K, 96% used [0x00000007f0000000,0x00000007fad81ae8,0x00000007fb300000)
[36.316s][debug  ][gc,heap        ] GC(133)   from space 39424K, 0% used [0x00000007fb300000,0x00000007fb300000,0x00000007fd980000)
[36.316s][debug  ][gc,heap        ] GC(133)   to   space 39424K, 0% used [0x00000007fd980000,0x00000007fd980000,0x0000000800000000)
[36.316s][debug  ][gc,heap        ] GC(133)  ParOldGen       total 1915904K, used 370275K [0x0000000700000000, 0x0000000774f00000, 0x00000007f0000000)
[36.316s][debug  ][gc,heap        ] GC(133)   object space 1915904K, 19% used [0x0000000700000000,0x0000000716998e38,0x0000000774f00000)
[36.316s][debug  ][gc,heap        ] GC(133)  Metaspace       used 1024K, committed 1216K, reserved 1056768K
[36.316s][debug  ][gc,heap        ] GC(133)   class space    used 83K, committed 192K, reserved 1048576K
[36.316s][debug  ][gc,tlab        ] GC(133) TLAB totals: thrds: 1  refills: 1 max: 1 slow allocs: 16 max 16 waste: 26.0% gc: 3676632B max: 3676632B slow: 0B max: 0B
[36.316s][info   ][gc,start       ] GC(133) Pause Young (Allocation Failure)
[36.316s][debug  ][gc,phases,start] GC(133) Scavenge
[36.328s][debug  ][gc,phases      ] GC(133) Scavenge 11.759ms
[36.328s][debug  ][gc,phases,start] GC(133) Reference Processing
[36.328s][debug  ][gc,ref         ] GC(133) Skipped phase 1 of Reference Processing: no references
[36.328s][debug  ][gc,ref         ] GC(133) Skipped phase 2 of Reference Processing: no references
[36.328s][debug  ][gc,ref         ] GC(133) Skipped phase 3 of Reference Processing: no references
[36.328s][debug  ][gc,ref         ] GC(133) Skipped phase 4 of Reference Processing: no references
[36.328s][debug  ][gc,phases,ref  ] GC(133) Reference Processing: 0.1ms
[36.328s][debug  ][gc,phases,ref  ] GC(133)   Reconsider SoftReferences: 0.0ms
[36.328s][debug  ][gc,phases,ref  ] GC(133)     SoftRef (ms):                  skipped
[36.328s][debug  ][gc,phases,ref  ] GC(133)   Notify Soft/WeakReferences: 0.0ms
[36.328s][debug  ][gc,phases,ref  ] GC(133)     SoftRef (ms):                  skipped
[36.328s][debug  ][gc,phases,ref  ] GC(133)     WeakRef (ms):                  skipped
[36.328s][debug  ][gc,phases,ref  ] GC(133)     FinalRef (ms):                 skipped
[36.328s][debug  ][gc,phases,ref  ] GC(133)     Total (ms):                    skipped
[36.328s][debug  ][gc,phases,ref  ] GC(133)   Notify and keep alive finalizable: 0.0ms
[36.328s][debug  ][gc,phases,ref  ] GC(133)     FinalRef (ms):                 skipped
[36.328s][debug  ][gc,phases,ref  ] GC(133)   Notify PhantomReferences: 0.0ms
[36.328s][debug  ][gc,phases,ref  ] GC(133)     PhantomRef (ms):               skipped
[36.328s][debug  ][gc,phases,ref  ] GC(133)   SoftReference:
[36.328s][debug  ][gc,phases,ref  ] GC(133)     Discovered: 0
[36.328s][debug  ][gc,phases,ref  ] GC(133)     Cleared: 0
[36.328s][debug  ][gc,phases,ref  ] GC(133)   WeakReference:
[36.328s][debug  ][gc,phases,ref  ] GC(133)     Discovered: 0
[36.328s][debug  ][gc,phases,ref  ] GC(133)     Cleared: 0
[36.328s][debug  ][gc,phases,ref  ] GC(133)   FinalReference:
[36.328s][debug  ][gc,phases,ref  ] GC(133)     Discovered: 0
[36.328s][debug  ][gc,phases,ref  ] GC(133)     Cleared: 0
[36.328s][debug  ][gc,phases,ref  ] GC(133)   PhantomReference:
[36.328s][debug  ][gc,phases,ref  ] GC(133)     Discovered: 0
[36.328s][debug  ][gc,phases,ref  ] GC(133)     Cleared: 0
[36.328s][debug  ][gc,phases      ] GC(133) Reference Processing 0.560ms
[36.328s][debug  ][gc,phases,start] GC(133) Weak Processing
[36.328s][debug  ][gc,phases      ] GC(133)   VM Weak                        Min:  0.0, Avg:  0.0, Max:  0.0, Diff:  0.0, Sum:  0.0, Workers: 6
[36.328s][debug  ][gc,phases      ] GC(133)     Dead                           Min: 0, Avg:  0.0, Max: 0, Diff: 0, Sum: 0, Workers: 6
[36.329s][debug  ][gc,phases      ] GC(133)     Total                          Min: 0, Avg:  1.3, Max: 8, Diff: 8, Sum: 8, Workers: 6
[36.329s][debug  ][gc,phases      ] GC(133)   ObjectSynchronizer Weak        Min:  0.0, Avg:  0.0, Max:  0.0, Diff:  0.0, Sum:  0.0, Workers: 6
[36.329s][debug  ][gc,phases      ] GC(133)     Dead                           Min: 0, Avg:  0.0, Max: 0, Diff: 0, Sum: 0, Workers: 6
[36.329s][debug  ][gc,phases      ] GC(133)     Total                          Min: 0, Avg:  0.5, Max: 3, Diff: 3, Sum: 3, Workers: 6
[36.329s][debug  ][gc,phases      ] GC(133)   JVMTI Tag Weak OopStorage      Min:  0.0, Avg:  0.0, Max:  0.0, Diff:  0.0, Sum:  0.0, Workers: 6
[36.329s][debug  ][gc,phases      ] GC(133)     Dead                           Min: 0, Avg:  0.0, Max: 0, Diff: 0, Sum: 0, Workers: 6
[36.329s][debug  ][gc,phases      ] GC(133)     Total                          Min: 0, Avg:  0.0, Max: 0, Diff: 0, Sum: 0, Workers: 6
[36.329s][debug  ][gc,phases      ] GC(133)   StringTable Weak               Min:  0.0, Avg:  0.0, Max:  0.0, Diff:  0.0, Sum:  0.0, Workers: 6
[36.329s][debug  ][gc,phases      ] GC(133)     Dead                           Min: 0, Avg:  0.0, Max: 0, Diff: 0, Sum: 0, Workers: 6
[36.329s][debug  ][gc,phases      ] GC(133)     Total                          Min: 704, Avg: 892.5, Max: 1088, Diff: 384, Sum: 5355, Workers: 6
[36.329s][debug  ][gc,phases      ] GC(133)   ResolvedMethodTable Weak       Min:  0.0, Avg:  0.0, Max:  0.0, Diff:  0.0, Sum:  0.0, Workers: 6
[36.329s][debug  ][gc,phases      ] GC(133)     Dead                           Min: 0, Avg:  0.0, Max: 0, Diff: 0, Sum: 0, Workers: 6
[36.329s][debug  ][gc,phases      ] GC(133)     Total                          Min: 0, Avg: 21.7, Max: 64, Diff: 64, Sum: 130, Workers: 6
[36.329s][debug  ][gc,phases      ] GC(133)   JNI Weak                       Min:  0.0, Avg:  0.0, Max:  0.0, Diff:  0.0, Sum:  0.0, Workers: 6
[36.329s][debug  ][gc,phases      ] GC(133)     Dead                           Min: 0, Avg:  0.0, Max: 0, Diff: 0, Sum: 0, Workers: 6
[36.329s][debug  ][gc,phases      ] GC(133)     Total                          Min: 0, Avg:  0.0, Max: 0, Diff: 0, Sum: 0, Workers: 6
[36.329s][debug  ][gc,phases      ] GC(133)   StringDedup Table Weak         Min:  0.0, Avg:  0.0, Max:  0.0, Diff:  0.0, Sum:  0.0, Workers: 6
[36.329s][debug  ][gc,phases      ] GC(133)     Dead                           Min: 0, Avg:  0.0, Max: 0, Diff: 0, Sum: 0, Workers: 6
[36.329s][debug  ][gc,phases      ] GC(133)     Total                          Min: 0, Avg:  0.0, Max: 0, Diff: 0, Sum: 0, Workers: 6
[36.329s][debug  ][gc,phases      ] GC(133)   StringDedup Requests0 Weak     Min:  0.0, Avg:  0.0, Max:  0.0, Diff:  0.0, Sum:  0.0, Workers: 6
[36.329s][debug  ][gc,phases      ] GC(133)     Dead                           Min: 0, Avg:  0.0, Max: 0, Diff: 0, Sum: 0, Workers: 6
[36.329s][debug  ][gc,phases      ] GC(133)     Total                          Min: 0, Avg:  0.0, Max: 0, Diff: 0, Sum: 0, Workers: 6
[36.329s][debug  ][gc,phases      ] GC(133)   StringDedup Requests1 Weak     Min:  0.0, Avg:  0.0, Max:  0.0, Diff:  0.0, Sum:  0.0, Workers: 6
[36.329s][debug  ][gc,phases      ] GC(133)     Dead                           Min: 0, Avg:  0.0, Max: 0, Diff: 0, Sum: 0, Workers: 6
[36.329s][debug  ][gc,phases      ] GC(133)     Total                          Min: 0, Avg:  0.0, Max: 0, Diff: 0, Sum: 0, Workers: 6
[36.329s][debug  ][gc,phases      ] GC(133)   Weak JFR Old Object Samples    Min:  0.0, Avg:  0.0, Max:  0.0, Diff:  0.0, Sum:  0.0, Workers: 6
[36.329s][debug  ][gc,phases      ] GC(133)     Dead                           Min: 0, Avg:  0.0, Max: 0, Diff: 0, Sum: 0, Workers: 6
[36.329s][debug  ][gc,phases      ] GC(133)     Total                          Min: 0, Avg:  0.0, Max: 0, Diff: 0, Sum: 0, Workers: 6
[36.329s][debug  ][gc,phases      ] GC(133) Weak Processing 0.665ms
[36.329s][debug  ][gc,ergo        ] GC(133) AdaptiveSizeStart:  collection: 134 
[36.329s][debug  ][gc,ergo        ] GC(133) avg_survived_padded_avg: 39804004.000000
[36.329s][debug  ][gc,ergo        ] GC(133) avg_promoted_padded_avg: 219363552.000000  avg_pretenured_padded_avg: 0.000000  tenuring_thresh: 1  target_size: 39845888
[36.329s][debug  ][gc,age         ] GC(133) Desired survivor size 39845888 bytes, new threshold 1 (max threshold 15)
[36.329s][debug  ][gc,ergo        ] GC(133) PSAdaptiveSizePolicy::compute_eden_space_size limits: desired_eden_size: 210267893 old_eden_size: 187695104 eden_limit: 187695104 cur_eden: 187695104 max_eden_size: 187695104 avg_young_live: 25089030
[36.329s][debug  ][gc,ergo        ] GC(133) PSAdaptiveSizePolicy::compute_eden_space_size: costs minor_time: 0.048705 major_cost: 0.032745 mutator_cost: 0.918550 throughput_goal: 0.990000
[36.329s][debug  ][gc,ergo        ] GC(133) Live_space: 907133632 free_space: 1542979584
[36.329s][debug  ][gc,ergo        ] GC(133) Old eden_size: 187695104 desired_eden_size: 187695104
[36.329s][debug  ][gc,ergo        ] GC(133) AdaptiveSizeStop: collection: 134 
[36.329s][info   ][gc,heap        ] GC(133) PSYoungGen: 177670K(222720K)->30720K(223232K) Eden: 177670K(183296K)->0K(183808K) From: 0K(39424K)->30720K(39424K)
[36.329s][info   ][gc,heap        ] GC(133) ParOldGen: 370275K(1915904K)->513635K(1915904K)
[36.329s][info   ][gc,metaspace   ] GC(133) Metaspace: 1024K(1216K)->1024K(1216K) NonClass: 941K(1024K)->941K(1024K) Class: 83K(192K)->83K(192K)
[36.329s][info   ][gc             ] GC(133) Pause Young (Allocation Failure) 535M->531M(2089M) 13.407ms
[36.329s][info   ][gc,cpu         ] GC(133) User=0.14s Sys=0.00s Real=0.01s
[36.329s][debug  ][gc,heap        ] GC(133) Heap after GC invocations=134 (full 21):
[36.329s][debug  ][gc,heap        ] GC(133)  PSYoungGen      total 223232K, used 30720K [0x00000007f0000000, 0x0000000800000000, 0x0000000800000000)
[36.329s][debug  ][gc,heap        ] GC(133)   eden space 183808K, 0% used [0x00000007f0000000,0x00000007f0000000,0x00000007fb380000)
[36.329s][debug  ][gc,heap        ] GC(133)   from space 39424K, 77% used [0x00000007fd980000,0x00000007ff780030,0x0000000800000000)
[36.330s][debug  ][gc,heap        ] GC(133)   to   space 38912K, 0% used [0x00000007fb380000,0x00000007fb380000,0x00000007fd980000)
[36.330s][debug  ][gc,heap        ] GC(133)  ParOldGen       total 1915904K, used 513635K [0x0000000700000000, 0x0000000774f00000, 0x00000007f0000000)
[36.330s][debug  ][gc,heap        ] GC(133)   object space 1915904K, 26% used [0x0000000700000000,0x000000071f598f18,0x0000000774f00000)
[36.330s][debug  ][gc,heap        ] GC(133)  Metaspace       used 1024K, committed 1216K, reserved 1056768K
[36.330s][debug  ][gc,heap        ] GC(133)   class space    used 83K, committed 192K, reserved 1048576K
[36.330s][debug  ][gc,task,time   ] GC(133) VM-Thread 363156628 363278427 363296122
[36.602s][debug  ][gc,heap        ] GC(134) Heap before GC invocations=135 (full 21):
[36.602s][debug  ][gc,heap        ] GC(134)  PSYoungGen      total 223232K, used 208327K [0x00000007f0000000, 0x0000000800000000, 0x0000000800000000)
[36.602s][debug  ][gc,heap        ] GC(134)   eden space 183808K, 96% used [0x00000007f0000000,0x00000007fad71c50,0x00000007fb380000)
[36.602s][debug  ][gc,heap        ] GC(134)   from space 39424K, 77% used [0x00000007fd980000,0x00000007ff780030,0x0000000800000000)
[36.602s][debug  ][gc,heap        ] GC(134)   to   space 38912K, 0% used [0x00000007fb380000,0x00000007fb380000,0x00000007fd980000)
[36.602s][debug  ][gc,heap        ] GC(134)  ParOldGen       total 1915904K, used 513635K [0x0000000700000000, 0x0000000774f00000, 0x00000007f0000000)
[36.602s][debug  ][gc,heap        ] GC(134)   object space 1915904K, 26% used [0x0000000700000000,0x000000071f598f18,0x0000000774f00000)
[36.602s][debug  ][gc,heap        ] GC(134)  Metaspace       used 1024K, committed 1216K, reserved 1056768K
[36.602s][debug  ][gc,heap        ] GC(134)   class space    used 83K, committed 192K, reserved 1048576K
[36.602s][debug  ][gc,tlab        ] GC(134) TLAB totals: thrds: 1  refills: 1 max: 1 slow allocs: 16 max 16 waste: 25.6% gc: 3611456B max: 3611456B slow: 0B max: 0B
[36.602s][info   ][gc,start       ] GC(134) Pause Young (Allocation Failure)
[36.602s][debug  ][gc,phases,start] GC(134) Scavenge
[36.616s][debug  ][gc,phases      ] GC(134) Scavenge 13.941ms
[36.616s][debug  ][gc,phases,start] GC(134) Reference Processing
[36.616s][debug  ][gc,ref         ] GC(134) Skipped phase 1 of Reference Processing: no references
[36.616s][debug  ][gc,ref         ] GC(134) Skipped phase 2 of Reference Processing: no references
[36.616s][debug  ][gc,ref         ] GC(134) Skipped phase 3 of Reference Processing: no references
[36.616s][debug  ][gc,ref         ] GC(134) Skipped phase 4 of Reference Processing: no references
[36.616s][debug  ][gc,phases,ref  ] GC(134) Reference Processing: 0.1ms
[36.616s][debug  ][gc,phases,ref  ] GC(134)   Reconsider SoftReferences: 0.0ms
[36.617s][debug  ][gc,phases,ref  ] GC(134)     SoftRef (ms):                  skipped
[36.617s][debug  ][gc,phases,ref  ] GC(134)   Notify Soft/WeakReferences: 0.0ms
[36.617s][debug  ][gc,phases,ref  ] GC(134)     SoftRef (ms):                  skipped
[36.617s][debug  ][gc,phases,ref  ] GC(134)     WeakRef (ms):                  skipped
[36.617s][debug  ][gc,phases,ref  ] GC(134)     FinalRef (ms):                 skipped
[36.617s][debug  ][gc,phases,ref  ] GC(134)     Total (ms):                    skipped
[36.617s][debug  ][gc,phases,ref  ] GC(134)   Notify and keep alive finalizable: 0.0ms
[36.617s][debug  ][gc,phases,ref  ] GC(134)     FinalRef (ms):                 skipped
[36.617s][debug  ][gc,phases,ref  ] GC(134)   Notify PhantomReferences: 0.0ms
[36.617s][debug  ][gc,phases,ref  ] GC(134)     PhantomRef (ms):               skipped
[36.617s][debug  ][gc,phases,ref  ] GC(134)   SoftReference:
[36.617s][debug  ][gc,phases,ref  ] GC(134)     Discovered: 0
[36.617s][debug  ][gc,phases,ref  ] GC(134)     Cleared: 0
[36.617s][debug  ][gc,phases,ref  ] GC(134)   WeakReference:
[36.617s][debug  ][gc,phases,ref  ] GC(134)     Discovered: 0
[36.617s][debug  ][gc,phases,ref  ] GC(134)     Cleared: 0
[36.617s][debug  ][gc,phases,ref  ] GC(134)   FinalReference:
[36.617s][debug  ][gc,phases,ref  ] GC(134)     Discovered: 0
[36.617s][debug  ][gc,phases,ref  ] GC(134)     Cleared: 0
[36.617s][debug  ][gc,phases,ref  ] GC(134)   PhantomReference:
[36.617s][debug  ][gc,phases,ref  ] GC(134)     Discovered: 0
[36.617s][debug  ][gc,phases,ref  ] GC(134)     Cleared: 0
[36.617s][debug  ][gc,phases      ] GC(134) Reference Processing 0.851ms
[36.617s][debug  ][gc,phases,start] GC(134) Weak Processing
[36.617s][debug  ][gc,phases      ] GC(134)   VM Weak                        Min:  0.0, Avg:  0.0, Max:  0.0, Diff:  0.0, Sum:  0.0, Workers: 6
[36.617s][debug  ][gc,phases      ] GC(134)     Dead                           Min: 0, Avg:  0.0, Max: 0, Diff: 0, Sum: 0, Workers: 6
[36.617s][debug  ][gc,phases      ] GC(134)     Total                          Min: 0, Avg:  1.3, Max: 8, Diff: 8, Sum: 8, Workers: 6
[36.617s][debug  ][gc,phases      ] GC(134)   ObjectSynchronizer Weak        Min:  0.0, Avg:  0.0, Max:  0.0, Diff:  0.0, Sum:  0.0, Workers: 6
[36.617s][debug  ][gc,phases      ] GC(134)     Dead                           Min: 0, Avg:  0.0, Max: 0, Diff: 0, Sum: 0, Workers: 6
[36.617s][debug  ][gc,phases      ] GC(134)     Total                          Min: 0, Avg:  0.5, Max: 3, Diff: 3, Sum: 3, Workers: 6
[36.617s][debug  ][gc,phases      ] GC(134)   JVMTI Tag Weak OopStorage      Min:  0.0, Avg:  0.0, Max:  0.0, Diff:  0.0, Sum:  0.0, Workers: 6
[36.617s][debug  ][gc,phases      ] GC(134)     Dead                           Min: 0, Avg:  0.0, Max: 0, Diff: 0, Sum: 0, Workers: 6
[36.617s][debug  ][gc,phases      ] GC(134)     Total                          Min: 0, Avg:  0.0, Max: 0, Diff: 0, Sum: 0, Workers: 6
[36.617s][debug  ][gc,phases      ] GC(134)   StringTable Weak               Min:  0.0, Avg:  0.0, Max:  0.0, Diff:  0.0, Sum:  0.0, Workers: 6
[36.618s][debug  ][gc,phases      ] GC(134)     Dead                           Min: 0, Avg:  0.0, Max: 0, Diff: 0, Sum: 0, Workers: 6
[36.618s][debug  ][gc,phases      ] GC(134)     Total                          Min: 640, Avg: 892.5, Max: 1068, Diff: 428, Sum: 5355, Workers: 6
[36.618s][debug  ][gc,phases      ] GC(134)   ResolvedMethodTable Weak       Min:  0.0, Avg:  0.0, Max:  0.0, Diff:  0.0, Sum:  0.0, Workers: 6
[36.618s][debug  ][gc,phases      ] GC(134)     Dead                           Min: 0, Avg:  0.0, Max: 0, Diff: 0, Sum: 0, Workers: 6
[36.618s][debug  ][gc,phases      ] GC(134)     Total                          Min: 0, Avg: 21.7, Max: 64, Diff: 64, Sum: 130, Workers: 6
[36.618s][debug  ][gc,phases      ] GC(134)   JNI Weak                       Min:  0.0, Avg:  0.0, Max:  0.0, Diff:  0.0, Sum:  0.0, Workers: 6
[36.618s][debug  ][gc,phases      ] GC(134)     Dead                           Min: 0, Avg:  0.0, Max: 0, Diff: 0, Sum: 0, Workers: 6
[36.618s][debug  ][gc,phases      ] GC(134)     Total                          Min: 0, Avg:  0.0, Max: 0, Diff: 0, Sum: 0, Workers: 6
[36.618s][debug  ][gc,phases      ] GC(134)   StringDedup Table Weak         Min:  0.0, Avg:  0.0, Max:  0.0, Diff:  0.0, Sum:  0.0, Workers: 6
[36.618s][debug  ][gc,phases      ] GC(134)     Dead                           Min: 0, Avg:  0.0, Max: 0, Diff: 0, Sum: 0, Workers: 6
[36.618s][debug  ][gc,phases      ] GC(134)     Total                          Min: 0, Avg:  0.0, Max: 0, Diff: 0, Sum: 0, Workers: 6
[36.618s][debug  ][gc,phases      ] GC(134)   StringDedup Requests0 Weak     Min:  0.0, Avg:  0.0, Max:  0.0, Diff:  0.0, Sum:  0.0, Workers: 6
[36.618s][debug  ][gc,phases      ] GC(134)     Dead                           Min: 0, Avg:  0.0, Max: 0, Diff: 0, Sum: 0, Workers: 6
[36.618s][debug  ][gc,phases      ] GC(134)     Total                          Min: 0, Avg:  0.0, Max: 0, Diff: 0, Sum: 0, Workers: 6
[36.618s][debug  ][gc,phases      ] GC(134)   StringDedup Requests1 Weak     Min:  0.0, Avg:  0.0, Max:  0.0, Diff:  0.0, Sum:  0.0, Workers: 6
[36.618s][debug  ][gc,phases      ] GC(134)     Dead                           Min: 0, Avg:  0.0, Max: 0, Diff: 0, Sum: 0, Workers: 6
[36.618s][debug  ][gc,phases      ] GC(134)     Total                          Min: 0, Avg:  0.0, Max: 0, Diff: 0, Sum: 0, Workers: 6
[36.618s][debug  ][gc,phases      ] GC(134)   Weak JFR Old Object Samples    Min:  0.0, Avg:  0.0, Max:  0.0, Diff:  0.0, Sum:  0.0, Workers: 6
[36.618s][debug  ][gc,phases      ] GC(134)     Dead                           Min: 0, Avg:  0.0, Max: 0, Diff: 0, Sum: 0, Workers: 6
[36.618s][debug  ][gc,phases      ] GC(134)     Total                          Min: 0, Avg:  0.0, Max: 0, Diff: 0, Sum: 0, Workers: 6
[36.618s][debug  ][gc,phases      ] GC(134) Weak Processing 1.020ms
[36.618s][debug  ][gc,ergo        ] GC(134) AdaptiveSizeStart:  collection: 135 
[36.618s][debug  ][gc,ergo        ] GC(134) avg_survived_padded_avg: 39574620.000000
[36.618s][debug  ][gc,ergo        ] GC(134) avg_promoted_padded_avg: 223396544.000000  avg_pretenured_padded_avg: 0.000000  tenuring_thresh: 1  target_size: 39845888
[36.618s][debug  ][gc,age         ] GC(134) Desired survivor size 39845888 bytes, new threshold 1 (max threshold 15)
[36.618s][debug  ][gc,ergo        ] GC(134) PSAdaptiveSizePolicy::compute_eden_space_size limits: desired_eden_size: 211086603 old_eden_size: 187695104 eden_limit: 188219392 cur_eden: 188219392 max_eden_size: 188219392 avg_young_live: 25725858
[36.618s][debug  ][gc,ergo        ] GC(134) PSAdaptiveSizePolicy::compute_eden_space_size: costs minor_time: 0.050317 major_cost: 0.032745 mutator_cost: 0.916938 throughput_goal: 0.990000
[36.618s][debug  ][gc,ergo        ] GC(134) Live_space: 907770496 free_space: 1542979584
[36.618s][debug  ][gc,ergo        ] GC(134) Old eden_size: 187695104 desired_eden_size: 188219392
[36.618s][debug  ][gc,ergo        ] GC(134) AdaptiveSizeStop: collection: 135 
[36.618s][info   ][gc,heap        ] GC(134) PSYoungGen: 208327K(223232K)->30720K(222720K) Eden: 177607K(183808K)->0K(183808K) From: 30720K(39424K)->30720K(38912K)
[36.618s][info   ][gc,heap        ] GC(134) ParOldGen: 513635K(1915904K)->687716K(1915904K)
[36.618s][info   ][gc,metaspace   ] GC(134) Metaspace: 1024K(1216K)->1024K(1216K) NonClass: 941K(1024K)->941K(1024K) Class: 83K(192K)->83K(192K)
[36.619s][info   ][gc             ] GC(134) Pause Young (Allocation Failure) 705M->701M(2088M) 16.288ms
[36.619s][info   ][gc,cpu         ] GC(134) User=0.06s Sys=0.02s Real=0.02s
[36.619s][debug  ][gc,heap        ] GC(134) Heap after GC invocations=135 (full 21):
[36.619s][debug  ][gc,heap        ] GC(134)  PSYoungGen      total 222720K, used 30720K [0x00000007f0000000, 0x0000000800000000, 0x0000000800000000)
[36.619s][debug  ][gc,heap        ] GC(134)   eden space 183808K, 0% used [0x00000007f0000000,0x00000007f0000000,0x00000007fb380000)
[36.619s][debug  ][gc,heap        ] GC(134)   from space 38912K, 78% used [0x00000007fb380000,0x00000007fd180030,0x00000007fd980000)
[36.619s][debug  ][gc,heap        ] GC(134)   to   space 38912K, 0% used [0x00000007fda00000,0x00000007fda00000,0x0000000800000000)
[36.619s][debug  ][gc,heap        ] GC(134)  ParOldGen       total 1915904K, used 687716K [0x0000000700000000, 0x0000000774f00000, 0x00000007f0000000)
[36.619s][debug  ][gc,heap        ] GC(134)   object space 1915904K, 35% used [0x0000000700000000,0x0000000729f99028,0x0000000774f00000)
[36.619s][debug  ][gc,heap        ] GC(134)  Metaspace       used 1024K, committed 1216K, reserved 1056768K
[36.619s][debug  ][gc,heap        ] GC(134)   class space    used 83K, committed 192K, reserved 1048576K
[36.619s][debug  ][gc,task,time   ] GC(134) VM-Thread 366018090 366163003 366187814
[36.887s][debug  ][gc,heap        ] GC(135) Heap before GC invocations=136 (full 21):
[36.887s][debug  ][gc,heap        ] GC(135)  PSYoungGen      total 222720K, used 208353K [0x00000007f0000000, 0x0000000800000000, 0x0000000800000000)
[36.887s][debug  ][gc,heap        ] GC(135)   eden space 183808K, 96% used [0x00000007f0000000,0x00000007fad78730,0x00000007fb380000)
[36.887s][debug  ][gc,heap        ] GC(135)   from space 38912K, 78% used [0x00000007fb380000,0x00000007fd180030,0x00000007fd980000)
[36.887s][debug  ][gc,heap        ] GC(135)   to   space 38912K, 0% used [0x00000007fda00000,0x00000007fda00000,0x0000000800000000)
[36.887s][debug  ][gc,heap        ] GC(135)  ParOldGen       total 1915904K, used 687716K [0x0000000700000000, 0x0000000774f00000, 0x00000007f0000000)
[36.887s][debug  ][gc,heap        ] GC(135)   object space 1915904K, 35% used [0x0000000700000000,0x0000000729f99028,0x0000000774f00000)
[36.888s][debug  ][gc,heap        ] GC(135)  Metaspace       used 1024K, committed 1216K, reserved 1056768K
[36.888s][debug  ][gc,heap        ] GC(135)   class space    used 83K, committed 192K, reserved 1048576K
[36.888s][debug  ][gc,tlab        ] GC(135) TLAB totals: thrds: 1  refills: 1 max: 1 slow allocs: 16 max 16 waste: 25.8% gc: 3638816B max: 3638816B slow: 0B max: 0B
[36.888s][info   ][gc,start       ] GC(135) Pause Young (Allocation Failure)
[36.888s][debug  ][gc,phases,start] GC(135) Scavenge
[36.902s][debug  ][gc,phases      ] GC(135) Scavenge 14.242ms
[36.902s][debug  ][gc,phases,start] GC(135) Reference Processing
[36.902s][debug  ][gc,ref         ] GC(135) Skipped phase 1 of Reference Processing: no references
[36.902s][debug  ][gc,ref         ] GC(135) Skipped phase 2 of Reference Processing: no references
[36.902s][debug  ][gc,ref         ] GC(135) Skipped phase 3 of Reference Processing: no references
[36.902s][debug  ][gc,ref         ] GC(135) Skipped phase 4 of Reference Processing: no references
[36.902s][debug  ][gc,phases,ref  ] GC(135) Reference Processing: 0.2ms
[36.902s][debug  ][gc,phases,ref  ] GC(135)   Reconsider SoftReferences: 0.0ms
[36.902s][debug  ][gc,phases,ref  ] GC(135)     SoftRef (ms):                  skipped
[36.902s][debug  ][gc,phases,ref  ] GC(135)   Notify Soft/WeakReferences: 0.1ms
[36.902s][debug  ][gc,phases,ref  ] GC(135)     SoftRef (ms):                  skipped
[36.902s][debug  ][gc,phases,ref  ] GC(135)     WeakRef (ms):                  skipped
[36.903s][debug  ][gc,phases,ref  ] GC(135)     FinalRef (ms):                 skipped
[36.903s][debug  ][gc,phases,ref  ] GC(135)     Total (ms):                    skipped
[36.903s][debug  ][gc,phases,ref  ] GC(135)   Notify and keep alive finalizable: 0.0ms
[36.903s][debug  ][gc,phases,ref  ] GC(135)     FinalRef (ms):                 skipped
[36.903s][debug  ][gc,phases,ref  ] GC(135)   Notify PhantomReferences: 0.0ms
[36.903s][debug  ][gc,phases,ref  ] GC(135)     PhantomRef (ms):               skipped
[36.903s][debug  ][gc,phases,ref  ] GC(135)   SoftReference:
[36.903s][debug  ][gc,phases,ref  ] GC(135)     Discovered: 0
[36.903s][debug  ][gc,phases,ref  ] GC(135)     Cleared: 0
[36.903s][debug  ][gc,phases,ref  ] GC(135)   WeakReference:
[36.903s][debug  ][gc,phases,ref  ] GC(135)     Discovered: 0
[36.903s][debug  ][gc,phases,ref  ] GC(135)     Cleared: 0
[36.903s][debug  ][gc,phases,ref  ] GC(135)   FinalReference:
[36.903s][debug  ][gc,phases,ref  ] GC(135)     Discovered: 0
[36.903s][debug  ][gc,phases,ref  ] GC(135)     Cleared: 0
[36.903s][debug  ][gc,phases,ref  ] GC(135)   PhantomReference:
[36.903s][debug  ][gc,phases,ref  ] GC(135)     Discovered: 0
[36.903s][debug  ][gc,phases,ref  ] GC(135)     Cleared: 0
[36.903s][debug  ][gc,phases      ] GC(135) Reference Processing 0.965ms
[36.903s][debug  ][gc,phases,start] GC(135) Weak Processing
[36.903s][debug  ][gc,phases      ] GC(135)   VM Weak                        Min:  0.0, Avg:  0.0, Max:  0.0, Diff:  0.0, Sum:  0.0, Workers: 6
[36.903s][debug  ][gc,phases      ] GC(135)     Dead                           Min: 0, Avg:  0.0, Max: 0, Diff: 0, Sum: 0, Workers: 6
[36.903s][debug  ][gc,phases      ] GC(135)     Total                          Min: 0, Avg:  1.3, Max: 8, Diff: 8, Sum: 8, Workers: 6
[36.903s][debug  ][gc,phases      ] GC(135)   ObjectSynchronizer Weak        Min:  0.0, Avg:  0.0, Max:  0.0, Diff:  0.0, Sum:  0.0, Workers: 6
[36.903s][debug  ][gc,phases      ] GC(135)     Dead                           Min: 0, Avg:  0.0, Max: 0, Diff: 0, Sum: 0, Workers: 6
[36.903s][debug  ][gc,phases      ] GC(135)     Total                          Min: 0, Avg:  0.5, Max: 3, Diff: 3, Sum: 3, Workers: 6
[36.903s][debug  ][gc,phases      ] GC(135)   JVMTI Tag Weak OopStorage      Min:  0.0, Avg:  0.0, Max:  0.0, Diff:  0.0, Sum:  0.0, Workers: 6
[36.903s][debug  ][gc,phases      ] GC(135)     Dead                           Min: 0, Avg:  0.0, Max: 0, Diff: 0, Sum: 0, Workers: 6
[36.903s][debug  ][gc,phases      ] GC(135)     Total                          Min: 0, Avg:  0.0, Max: 0, Diff: 0, Sum: 0, Workers: 6
[36.903s][debug  ][gc,phases      ] GC(135)   StringTable Weak               Min:  0.0, Avg:  0.0, Max:  0.0, Diff:  0.0, Sum:  0.0, Workers: 6
[36.903s][debug  ][gc,phases      ] GC(135)     Dead                           Min: 0, Avg:  0.0, Max: 0, Diff: 0, Sum: 0, Workers: 6
[36.903s][debug  ][gc,phases      ] GC(135)     Total                          Min: 639, Avg: 892.5, Max: 1132, Diff: 493, Sum: 5355, Workers: 6
[36.903s][debug  ][gc,phases      ] GC(135)   ResolvedMethodTable Weak       Min:  0.0, Avg:  0.0, Max:  0.0, Diff:  0.0, Sum:  0.0, Workers: 6
[36.903s][debug  ][gc,phases      ] GC(135)     Dead                           Min: 0, Avg:  0.0, Max: 0, Diff: 0, Sum: 0, Workers: 6
[36.903s][debug  ][gc,phases      ] GC(135)     Total                          Min: 0, Avg: 21.7, Max: 64, Diff: 64, Sum: 130, Workers: 6
[36.903s][debug  ][gc,phases      ] GC(135)   JNI Weak                       Min:  0.0, Avg:  0.0, Max:  0.0, Diff:  0.0, Sum:  0.0, Workers: 6
[36.903s][debug  ][gc,phases      ] GC(135)     Dead                           Min: 0, Avg:  0.0, Max: 0, Diff: 0, Sum: 0, Workers: 6
[36.903s][debug  ][gc,phases      ] GC(135)     Total                          Min: 0, Avg:  0.0, Max: 0, Diff: 0, Sum: 0, Workers: 6
[36.903s][debug  ][gc,phases      ] GC(135)   StringDedup Table Weak         Min:  0.0, Avg:  0.0, Max:  0.0, Diff:  0.0, Sum:  0.0, Workers: 6
[36.904s][debug  ][gc,phases      ] GC(135)     Dead                           Min: 0, Avg:  0.0, Max: 0, Diff: 0, Sum: 0, Workers: 6
[36.904s][debug  ][gc,phases      ] GC(135)     Total                          Min: 0, Avg:  0.0, Max: 0, Diff: 0, Sum: 0, Workers: 6
[36.904s][debug  ][gc,phases      ] GC(135)   StringDedup Requests0 Weak     Min:  0.0, Avg:  0.0, Max:  0.0, Diff:  0.0, Sum:  0.0, Workers: 6
[36.904s][debug  ][gc,phases      ] GC(135)     Dead                           Min: 0, Avg:  0.0, Max: 0, Diff: 0, Sum: 0, Workers: 6
[36.904s][debug  ][gc,phases      ] GC(135)     Total                          Min: 0, Avg:  0.0, Max: 0, Diff: 0, Sum: 0, Workers: 6
[36.904s][debug  ][gc,phases      ] GC(135)   StringDedup Requests1 Weak     Min:  0.0, Avg:  0.0, Max:  0.0, Diff:  0.0, Sum:  0.0, Workers: 6
[36.904s][debug  ][gc,phases      ] GC(135)     Dead                           Min: 0, Avg:  0.0, Max: 0, Diff: 0, Sum: 0, Workers: 6
[36.904s][debug  ][gc,phases      ] GC(135)     Total                          Min: 0, Avg:  0.0, Max: 0, Diff: 0, Sum: 0, Workers: 6
[36.904s][debug  ][gc,phases      ] GC(135)   Weak JFR Old Object Samples    Min:  0.0, Avg:  0.0, Max:  0.0, Diff:  0.0, Sum:  0.0, Workers: 6
[36.904s][debug  ][gc,phases      ] GC(135)     Dead                           Min: 0, Avg:  0.0, Max: 0, Diff: 0, Sum: 0, Workers: 6
[36.904s][debug  ][gc,phases      ] GC(135)     Total                          Min: 0, Avg:  0.0, Max: 0, Diff: 0, Sum: 0, Workers: 6
[36.904s][debug  ][gc,phases      ] GC(135) Weak Processing 0.780ms
[36.904s][debug  ][gc,ergo        ] GC(135) AdaptiveSizeStart:  collection: 136 
[36.904s][debug  ][gc,ergo        ] GC(135) avg_survived_padded_avg: 39307648.000000
[36.904s][debug  ][gc,ergo        ] GC(135) avg_promoted_padded_avg: 226211920.000000  avg_pretenured_padded_avg: 0.000000  tenuring_thresh: 1  target_size: 39321600
[36.904s][debug  ][gc,age         ] GC(135) Desired survivor size 39321600 bytes, new threshold 1 (max threshold 15)
[36.904s][debug  ][gc,ergo        ] GC(135) PSAdaptiveSizePolicy::compute_eden_space_size limits: desired_eden_size: 211357179 old_eden_size: 188219392 eden_limit: 188743680 cur_eden: 188219392 max_eden_size: 188743680 avg_young_live: 26299004
[36.904s][debug  ][gc,ergo        ] GC(135) PSAdaptiveSizePolicy::compute_eden_space_size: costs minor_time: 0.051855 major_cost: 0.032745 mutator_cost: 0.915400 throughput_goal: 0.990000
[36.904s][debug  ][gc,ergo        ] GC(135) Live_space: 908343616 free_space: 1543503872
[36.904s][debug  ][gc,ergo        ] GC(135) Old eden_size: 188219392 desired_eden_size: 188743680
[36.904s][debug  ][gc,ergo        ] GC(135) AdaptiveSizeStop: collection: 136 
[36.904s][info   ][gc,heap        ] GC(135) PSYoungGen: 208353K(222720K)->30720K(223744K) Eden: 177633K(183808K)->0K(184832K) From: 30720K(38912K)->30720K(38912K)
[36.904s][info   ][gc,heap        ] GC(135) ParOldGen: 687716K(1915904K)->861796K(1915904K)
[36.904s][info   ][gc,metaspace   ] GC(135) Metaspace: 1024K(1216K)->1024K(1216K) NonClass: 941K(1024K)->941K(1024K) Class: 83K(192K)->83K(192K)
[36.904s][info   ][gc             ] GC(135) Pause Young (Allocation Failure) 875M->871M(2089M) 16.461ms
[36.904s][info   ][gc,cpu         ] GC(135) User=0.14s Sys=0.00s Real=0.02s
[36.904s][debug  ][gc,heap        ] GC(135) Heap after GC invocations=136 (full 21):
[36.904s][debug  ][gc,heap        ] GC(135)  PSYoungGen      total 223744K, used 30720K [0x00000007f0000000, 0x0000000800000000, 0x0000000800000000)
[36.904s][debug  ][gc,heap        ] GC(135)   eden space 184832K, 0% used [0x00000007f0000000,0x00000007f0000000,0x00000007fb480000)
[36.904s][debug  ][gc,heap        ] GC(135)   from space 38912K, 78% used [0x00000007fda00000,0x00000007ff800030,0x0000000800000000)
[36.904s][debug  ][gc,heap        ] GC(135)   to   space 38400K, 0% used [0x00000007fb480000,0x00000007fb480000,0x00000007fda00000)
[36.904s][debug  ][gc,heap        ] GC(135)  ParOldGen       total 1915904K, used 861796K [0x0000000700000000, 0x0000000774f00000, 0x00000007f0000000)
[36.904s][debug  ][gc,heap        ] GC(135)   object space 1915904K, 44% used [0x0000000700000000,0x0000000734999138,0x0000000774f00000)
[36.904s][debug  ][gc,heap        ] GC(135)  Metaspace       used 1024K, committed 1216K, reserved 1056768K
[36.904s][debug  ][gc,heap        ] GC(135)   class space    used 83K, committed 192K, reserved 1048576K
[36.904s][debug  ][gc,task,time   ] GC(135) VM-Thread 368871943 369020071 369043380
[37.172s][debug  ][gc,heap        ] GC(136) Heap before GC invocations=137 (full 21):
[37.172s][debug  ][gc,heap        ] GC(136)  PSYoungGen      total 223744K, used 208390K [0x00000007f0000000, 0x0000000800000000, 0x0000000800000000)
[37.172s][debug  ][gc,heap        ] GC(136)   eden space 184832K, 96% used [0x00000007f0000000,0x00000007fad81b78,0x00000007fb480000)
[37.172s][debug  ][gc,heap        ] GC(136)   from space 38912K, 78% used [0x00000007fda00000,0x00000007ff800030,0x0000000800000000)
[37.172s][debug  ][gc,heap        ] GC(136)   to   space 38400K, 0% used [0x00000007fb480000,0x00000007fb480000,0x00000007fda00000)
[37.172s][debug  ][gc,heap        ] GC(136)  ParOldGen       total 1915904K, used 861796K [0x0000000700000000, 0x0000000774f00000, 0x00000007f0000000)
[37.172s][debug  ][gc,heap        ] GC(136)   object space 1915904K, 44% used [0x0000000700000000,0x0000000734999138,0x0000000774f00000)
[37.172s][debug  ][gc,heap        ] GC(136)  Metaspace       used 1024K, committed 1216K, reserved 1056768K
[37.172s][debug  ][gc,heap        ] GC(136)   class space    used 83K, committed 192K, reserved 1048576K
[37.172s][debug  ][gc,tlab        ] GC(136) TLAB totals: thrds: 1  refills: 1 max: 1 slow allocs: 16 max 16 waste: 26.0% gc: 3675712B max: 3675712B slow: 0B max: 0B
[37.172s][info   ][gc,start       ] GC(136) Pause Young (Allocation Failure)
[37.172s][debug  ][gc,phases,start] GC(136) Scavenge
[37.176s][debug  ][gc,phases      ] GC(136) Scavenge 3.279ms
[37.176s][debug  ][gc,phases,start] GC(136) Reference Processing
[37.176s][debug  ][gc,ref         ] GC(136) Skipped phase 1 of Reference Processing: no references
[37.176s][debug  ][gc,ref         ] GC(136) Skipped phase 2 of Reference Processing: no references
[37.176s][debug  ][gc,ref         ] GC(136) Skipped phase 3 of Reference Processing: no references
[37.176s][debug  ][gc,ref         ] GC(136) Skipped phase 4 of Reference Processing: no references
[37.176s][debug  ][gc,phases,ref  ] GC(136) Reference Processing: 0.1ms
[37.176s][debug  ][gc,phases,ref  ] GC(136)   Reconsider SoftReferences: 0.0ms
[37.176s][debug  ][gc,phases,ref  ] GC(136)     SoftRef (ms):                  skipped
[37.176s][debug  ][gc,phases,ref  ] GC(136)   Notify Soft/WeakReferences: 0.0ms
[37.176s][debug  ][gc,phases,ref  ] GC(136)     SoftRef (ms):                  skipped
[37.176s][debug  ][gc,phases,ref  ] GC(136)     WeakRef (ms):                  skipped
[37.176s][debug  ][gc,phases,ref  ] GC(136)     FinalRef (ms):                 skipped
[37.176s][debug  ][gc,phases,ref  ] GC(136)     Total (ms):                    skipped
[37.176s][debug  ][gc,phases,ref  ] GC(136)   Notify and keep alive finalizable: 0.0ms
[37.176s][debug  ][gc,phases,ref  ] GC(136)     FinalRef (ms):                 skipped
[37.176s][debug  ][gc,phases,ref  ] GC(136)   Notify PhantomReferences: 0.0ms
[37.176s][debug  ][gc,phases,ref  ] GC(136)     PhantomRef (ms):               skipped
[37.176s][debug  ][gc,phases,ref  ] GC(136)   SoftReference:
[37.176s][debug  ][gc,phases,ref  ] GC(136)     Discovered: 0
[37.176s][debug  ][gc,phases,ref  ] GC(136)     Cleared: 0
[37.176s][debug  ][gc,phases,ref  ] GC(136)   WeakReference:
[37.176s][debug  ][gc,phases,ref  ] GC(136)     Discovered: 0
[37.176s][debug  ][gc,phases,ref  ] GC(136)     Cleared: 0
[37.176s][debug  ][gc,phases,ref  ] GC(136)   FinalReference:
[37.176s][debug  ][gc,phases,ref  ] GC(136)     Discovered: 0
[37.176s][debug  ][gc,phases,ref  ] GC(136)     Cleared: 0
[37.176s][debug  ][gc,phases,ref  ] GC(136)   PhantomReference:
[37.176s][debug  ][gc,phases,ref  ] GC(136)     Discovered: 0
[37.176s][debug  ][gc,phases,ref  ] GC(136)     Cleared: 0
[37.176s][debug  ][gc,phases      ] GC(136) Reference Processing 0.672ms
[37.176s][debug  ][gc,phases,start] GC(136) Weak Processing
[37.176s][debug  ][gc,phases      ] GC(136)   VM Weak                        Min:  0.0, Avg:  0.0, Max:  0.0, Diff:  0.0, Sum:  0.0, Workers: 6
[37.176s][debug  ][gc,phases      ] GC(136)     Dead                           Min: 0, Avg:  0.0, Max: 0, Diff: 0, Sum: 0, Workers: 6
[37.176s][debug  ][gc,phases      ] GC(136)     Total                          Min: 0, Avg:  1.3, Max: 8, Diff: 8, Sum: 8, Workers: 6
[37.177s][debug  ][gc,phases      ] GC(136)   ObjectSynchronizer Weak        Min:  0.0, Avg:  0.0, Max:  0.0, Diff:  0.0, Sum:  0.0, Workers: 6
[37.177s][debug  ][gc,phases      ] GC(136)     Dead                           Min: 0, Avg:  0.0, Max: 0, Diff: 0, Sum: 0, Workers: 6
[37.177s][debug  ][gc,phases      ] GC(136)     Total                          Min: 0, Avg:  0.5, Max: 3, Diff: 3, Sum: 3, Workers: 6
[37.177s][debug  ][gc,phases      ] GC(136)   JVMTI Tag Weak OopStorage      Min:  0.0, Avg:  0.0, Max:  0.0, Diff:  0.0, Sum:  0.0, Workers: 6
[37.177s][debug  ][gc,phases      ] GC(136)     Dead                           Min: 0, Avg:  0.0, Max: 0, Diff: 0, Sum: 0, Workers: 6
[37.177s][debug  ][gc,phases      ] GC(136)     Total                          Min: 0, Avg:  0.0, Max: 0, Diff: 0, Sum: 0, Workers: 6
[37.177s][debug  ][gc,phases      ] GC(136)   StringTable Weak               Min:  0.0, Avg:  0.0, Max:  0.0, Diff:  0.0, Sum:  0.0, Workers: 6
[37.177s][debug  ][gc,phases      ] GC(136)     Dead                           Min: 0, Avg:  0.0, Max: 0, Diff: 0, Sum: 0, Workers: 6
[37.177s][debug  ][gc,phases      ] GC(136)     Total                          Min: 748, Avg: 892.5, Max: 1088, Diff: 340, Sum: 5355, Workers: 6
[37.177s][debug  ][gc,phases      ] GC(136)   ResolvedMethodTable Weak       Min:  0.0, Avg:  0.0, Max:  0.0, Diff:  0.0, Sum:  0.0, Workers: 6
[37.177s][debug  ][gc,phases      ] GC(136)     Dead                           Min: 0, Avg:  0.0, Max: 0, Diff: 0, Sum: 0, Workers: 6
[37.177s][debug  ][gc,phases      ] GC(136)     Total                          Min: 0, Avg: 21.7, Max: 64, Diff: 64, Sum: 130, Workers: 6
[37.177s][debug  ][gc,phases      ] GC(136)   JNI Weak                       Min:  0.0, Avg:  0.0, Max:  0.0, Diff:  0.0, Sum:  0.0, Workers: 6
[37.177s][debug  ][gc,phases      ] GC(136)     Dead                           Min: 0, Avg:  0.0, Max: 0, Diff: 0, Sum: 0, Workers: 6
[37.177s][debug  ][gc,phases      ] GC(136)     Total                          Min: 0, Avg:  0.0, Max: 0, Diff: 0, Sum: 0, Workers: 6
[37.177s][debug  ][gc,phases      ] GC(136)   StringDedup Table Weak         Min:  0.0, Avg:  0.0, Max:  0.0, Diff:  0.0, Sum:  0.0, Workers: 6
[37.177s][debug  ][gc,phases      ] GC(136)     Dead                           Min: 0, Avg:  0.0, Max: 0, Diff: 0, Sum: 0, Workers: 6
[37.177s][debug  ][gc,phases      ] GC(136)     Total                          Min: 0, Avg:  0.0, Max: 0, Diff: 0, Sum: 0, Workers: 6
[37.177s][debug  ][gc,phases      ] GC(136)   StringDedup Requests0 Weak     Min:  0.0, Avg:  0.0, Max:  0.0, Diff:  0.0, Sum:  0.0, Workers: 6
[37.177s][debug  ][gc,phases      ] GC(136)     Dead                           Min: 0, Avg:  0.0, Max: 0, Diff: 0, Sum: 0, Workers: 6
[37.177s][debug  ][gc,phases      ] GC(136)     Total                          Min: 0, Avg:  0.0, Max: 0, Diff: 0, Sum: 0, Workers: 6
[37.177s][debug  ][gc,phases      ] GC(136)   StringDedup Requests1 Weak     Min:  0.0, Avg:  0.0, Max:  0.0, Diff:  0.0, Sum:  0.0, Workers: 6
[37.177s][debug  ][gc,phases      ] GC(136)     Dead                           Min: 0, Avg:  0.0, Max: 0, Diff: 0, Sum: 0, Workers: 6
[37.177s][debug  ][gc,phases      ] GC(136)     Total                          Min: 0, Avg:  0.0, Max: 0, Diff: 0, Sum: 0, Workers: 6
[37.177s][debug  ][gc,phases      ] GC(136)   Weak JFR Old Object Samples    Min:  0.0, Avg:  0.0, Max:  0.0, Diff:  0.0, Sum:  0.0, Workers: 6
[37.177s][debug  ][gc,phases      ] GC(136)     Dead                           Min: 0, Avg:  0.0, Max: 0, Diff: 0, Sum: 0, Workers: 6
[37.177s][debug  ][gc,phases      ] GC(136)     Total                          Min: 0, Avg:  0.0, Max: 0, Diff: 0, Sum: 0, Workers: 6
[37.177s][debug  ][gc,phases      ] GC(136) Weak Processing 0.797ms
[37.177s][debug  ][gc,ergo        ] GC(136) AdaptiveSizeStart:  collection: 137 
[37.177s][debug  ][gc,ergo        ] GC(136) avg_survived_padded_avg: 39012896.000000
[37.177s][debug  ][gc,ergo        ] GC(136) avg_promoted_padded_avg: 243341600.000000  avg_pretenured_padded_avg: 0.000000  tenuring_thresh: 1  target_size: 39321600
[37.177s][debug  ][gc,age         ] GC(136) Desired survivor size 39321600 bytes, new threshold 1 (max threshold 15)
[37.177s][debug  ][gc,ergo        ] GC(136) PSAdaptiveSizePolicy::compute_eden_space_size limits: desired_eden_size: 211071681 old_eden_size: 188743680 eden_limit: 189267968 cur_eden: 189267968 max_eden_size: 189267968 avg_young_live: 26814836
[37.177s][debug  ][gc,ergo        ] GC(136) PSAdaptiveSizePolicy::compute_eden_space_size: costs minor_time: 0.043351 major_cost: 0.032745 mutator_cost: 0.923904 throughput_goal: 0.990000
[37.177s][debug  ][gc,ergo        ] GC(136) Live_space: 908859456 free_space: 1544028160
[37.177s][debug  ][gc,ergo        ] GC(136) Old eden_size: 188743680 desired_eden_size: 189267968
[37.177s][debug  ][gc,ergo        ] GC(136) AdaptiveSizeStop: collection: 137 
[37.177s][info   ][gc,heap        ] GC(136) PSYoungGen: 208390K(223744K)->30720K(223232K) Eden: 177670K(184832K)->0K(184832K) From: 30720K(38912K)->30720K(38400K)
[37.177s][info   ][gc,heap        ] GC(136) ParOldGen: 861796K(1915904K)->872036K(1915904K)
[37.177s][info   ][gc,metaspace   ] GC(136) Metaspace: 1024K(1216K)->1024K(1216K) NonClass: 941K(1024K)->941K(1024K) Class: 83K(192K)->83K(192K)
[37.178s][info   ][gc             ] GC(136) Pause Young (Allocation Failure) 1045M->881M(2089M) 5.242ms
[37.178s][info   ][gc,cpu         ] GC(136) User=0.00s Sys=0.00s Real=0.00s
[37.178s][debug  ][gc,heap        ] GC(136) Heap after GC invocations=137 (full 21):
[37.178s][debug  ][gc,heap        ] GC(136)  PSYoungGen      total 223232K, used 30720K [0x00000007f0000000, 0x0000000800000000, 0x0000000800000000)
[37.178s][debug  ][gc,heap        ] GC(136)   eden space 184832K, 0% used [0x00000007f0000000,0x00000007f0000000,0x00000007fb480000)
[37.178s][debug  ][gc,heap        ] GC(136)   from space 38400K, 80% used [0x00000007fb480000,0x00000007fd280030,0x00000007fda00000)
[37.178s][debug  ][gc,heap        ] GC(136)   to   space 38400K, 0% used [0x00000007fda80000,0x00000007fda80000,0x0000000800000000)
[37.178s][debug  ][gc,heap        ] GC(136)  ParOldGen       total 1915904K, used 872036K [0x0000000700000000, 0x0000000774f00000, 0x00000007f0000000)
[37.178s][debug  ][gc,heap        ] GC(136)   object space 1915904K, 45% used [0x0000000700000000,0x0000000735399148,0x0000000774f00000)
[37.178s][debug  ][gc,heap        ] GC(136)  Metaspace       used 1024K, committed 1216K, reserved 1056768K
[37.178s][debug  ][gc,heap        ] GC(136)   class space    used 83K, committed 192K, reserved 1048576K
[37.178s][debug  ][gc,task,time   ] GC(136) VM-Thread 371717945 371756771 371777935
[37.442s][debug  ][gc,heap        ] GC(137) Heap before GC invocations=138 (full 21):
[37.442s][debug  ][gc,heap        ] GC(137)  PSYoungGen      total 223232K, used 208401K [0x00000007f0000000, 0x0000000800000000, 0x0000000800000000)
[37.442s][debug  ][gc,heap        ] GC(137)   eden space 184832K, 96% used [0x00000007f0000000,0x00000007fad84758,0x00000007fb480000)
[37.442s][debug  ][gc,heap        ] GC(137)   from space 38400K, 80% used [0x00000007fb480000,0x00000007fd280030,0x00000007fda00000)
[37.442s][debug  ][gc,heap        ] GC(137)   to   space 38400K, 0% used [0x00000007fda80000,0x00000007fda80000,0x0000000800000000)
[37.442s][debug  ][gc,heap        ] GC(137)  ParOldGen       total 1915904K, used 872036K [0x0000000700000000, 0x0000000774f00000, 0x00000007f0000000)
[37.442s][debug  ][gc,heap        ] GC(137)   object space 1915904K, 45% used [0x0000000700000000,0x0000000735399148,0x0000000774f00000)
[37.443s][debug  ][gc,heap        ] GC(137)  Metaspace       used 1024K, committed 1216K, reserved 1056768K
[37.443s][debug  ][gc,heap        ] GC(137)   class space    used 83K, committed 192K, reserved 1048576K
[37.443s][debug  ][gc,tlab        ] GC(137) TLAB totals: thrds: 1  refills: 1 max: 1 slow allocs: 16 max 16 waste: 26.0% gc: 3688008B max: 3688008B slow: 0B max: 0B
[37.443s][info   ][gc,start       ] GC(137) Pause Young (Allocation Failure)
[37.443s][debug  ][gc,phases,start] GC(137) Scavenge
[37.457s][debug  ][gc,phases      ] GC(137) Scavenge 13.877ms
[37.457s][debug  ][gc,phases,start] GC(137) Reference Processing
[37.457s][debug  ][gc,ref         ] GC(137) Skipped phase 1 of Reference Processing: no references
[37.457s][debug  ][gc,ref         ] GC(137) Skipped phase 2 of Reference Processing: no references
[37.457s][debug  ][gc,ref         ] GC(137) Skipped phase 3 of Reference Processing: no references
[37.457s][debug  ][gc,ref         ] GC(137) Skipped phase 4 of Reference Processing: no references
[37.457s][debug  ][gc,phases,ref  ] GC(137) Reference Processing: 0.1ms
[37.457s][debug  ][gc,phases,ref  ] GC(137)   Reconsider SoftReferences: 0.0ms
[37.457s][debug  ][gc,phases,ref  ] GC(137)     SoftRef (ms):                  skipped
[37.457s][debug  ][gc,phases,ref  ] GC(137)   Notify Soft/WeakReferences: 0.0ms
[37.457s][debug  ][gc,phases,ref  ] GC(137)     SoftRef (ms):                  skipped
[37.457s][debug  ][gc,phases,ref  ] GC(137)     WeakRef (ms):                  skipped
[37.457s][debug  ][gc,phases,ref  ] GC(137)     FinalRef (ms):                 skipped
[37.457s][debug  ][gc,phases,ref  ] GC(137)     Total (ms):                    skipped
[37.457s][debug  ][gc,phases,ref  ] GC(137)   Notify and keep alive finalizable: 0.0ms
[37.457s][debug  ][gc,phases,ref  ] GC(137)     FinalRef (ms):                 skipped
[37.457s][debug  ][gc,phases,ref  ] GC(137)   Notify PhantomReferences: 0.0ms
[37.457s][debug  ][gc,phases,ref  ] GC(137)     PhantomRef (ms):               skipped
[37.457s][debug  ][gc,phases,ref  ] GC(137)   SoftReference:
[37.457s][debug  ][gc,phases,ref  ] GC(137)     Discovered: 0
[37.457s][debug  ][gc,phases,ref  ] GC(137)     Cleared: 0
[37.457s][debug  ][gc,phases,ref  ] GC(137)   WeakReference:
[37.457s][debug  ][gc,phases,ref  ] GC(137)     Discovered: 0
[37.457s][debug  ][gc,phases,ref  ] GC(137)     Cleared: 0
[37.457s][debug  ][gc,phases,ref  ] GC(137)   FinalReference:
[37.457s][debug  ][gc,phases,ref  ] GC(137)     Discovered: 0
[37.457s][debug  ][gc,phases,ref  ] GC(137)     Cleared: 0
[37.457s][debug  ][gc,phases,ref  ] GC(137)   PhantomReference:
[37.457s][debug  ][gc,phases,ref  ] GC(137)     Discovered: 0
[37.457s][debug  ][gc,phases,ref  ] GC(137)     Cleared: 0
[37.457s][debug  ][gc,phases      ] GC(137) Reference Processing 0.634ms
[37.457s][debug  ][gc,phases,start] GC(137) Weak Processing
[37.457s][debug  ][gc,phases      ] GC(137)   VM Weak                        Min:  0.0, Avg:  0.0, Max:  0.0, Diff:  0.0, Sum:  0.0, Workers: 6
[37.457s][debug  ][gc,phases      ] GC(137)     Dead                           Min: 0, Avg:  0.0, Max: 0, Diff: 0, Sum: 0, Workers: 6
[37.457s][debug  ][gc,phases      ] GC(137)     Total                          Min: 0, Avg:  1.3, Max: 8, Diff: 8, Sum: 8, Workers: 6
[37.457s][debug  ][gc,phases      ] GC(137)   ObjectSynchronizer Weak        Min:  0.0, Avg:  0.0, Max:  0.0, Diff:  0.0, Sum:  0.0, Workers: 6
[37.457s][debug  ][gc,phases      ] GC(137)     Dead                           Min: 0, Avg:  0.0, Max: 0, Diff: 0, Sum: 0, Workers: 6
[37.457s][debug  ][gc,phases      ] GC(137)     Total                          Min: 0, Avg:  0.5, Max: 3, Diff: 3, Sum: 3, Workers: 6
[37.457s][debug  ][gc,phases      ] GC(137)   JVMTI Tag Weak OopStorage      Min:  0.0, Avg:  0.0, Max:  0.0, Diff:  0.0, Sum:  0.0, Workers: 6
[37.457s][debug  ][gc,phases      ] GC(137)     Dead                           Min: 0, Avg:  0.0, Max: 0, Diff: 0, Sum: 0, Workers: 6
[37.457s][debug  ][gc,phases      ] GC(137)     Total                          Min: 0, Avg:  0.0, Max: 0, Diff: 0, Sum: 0, Workers: 6
[37.457s][debug  ][gc,phases      ] GC(137)   StringTable Weak               Min:  0.0, Avg:  0.0, Max:  0.0, Diff:  0.0, Sum:  0.0, Workers: 6
[37.458s][debug  ][gc,phases      ] GC(137)     Dead                           Min: 0, Avg:  0.0, Max: 0, Diff: 0, Sum: 0, Workers: 6
[37.458s][debug  ][gc,phases      ] GC(137)     Total                          Min: 704, Avg: 892.5, Max: 1024, Diff: 320, Sum: 5355, Workers: 6
[37.458s][debug  ][gc,phases      ] GC(137)   ResolvedMethodTable Weak       Min:  0.0, Avg:  0.0, Max:  0.0, Diff:  0.0, Sum:  0.0, Workers: 6
[37.458s][debug  ][gc,phases      ] GC(137)     Dead                           Min: 0, Avg:  0.0, Max: 0, Diff: 0, Sum: 0, Workers: 6
[37.458s][debug  ][gc,phases      ] GC(137)     Total                          Min: 0, Avg: 21.7, Max: 64, Diff: 64, Sum: 130, Workers: 6
[37.458s][debug  ][gc,phases      ] GC(137)   JNI Weak                       Min:  0.0, Avg:  0.0, Max:  0.0, Diff:  0.0, Sum:  0.0, Workers: 6
[37.458s][debug  ][gc,phases      ] GC(137)     Dead                           Min: 0, Avg:  0.0, Max: 0, Diff: 0, Sum: 0, Workers: 6
[37.458s][debug  ][gc,phases      ] GC(137)     Total                          Min: 0, Avg:  0.0, Max: 0, Diff: 0, Sum: 0, Workers: 6
[37.458s][debug  ][gc,phases      ] GC(137)   StringDedup Table Weak         Min:  0.0, Avg:  0.0, Max:  0.0, Diff:  0.0, Sum:  0.0, Workers: 6
[37.458s][debug  ][gc,phases      ] GC(137)     Dead                           Min: 0, Avg:  0.0, Max: 0, Diff: 0, Sum: 0, Workers: 6
[37.458s][debug  ][gc,phases      ] GC(137)     Total                          Min: 0, Avg:  0.0, Max: 0, Diff: 0, Sum: 0, Workers: 6
[37.458s][debug  ][gc,phases      ] GC(137)   StringDedup Requests0 Weak     Min:  0.0, Avg:  0.0, Max:  0.0, Diff:  0.0, Sum:  0.0, Workers: 6
[37.458s][debug  ][gc,phases      ] GC(137)     Dead                           Min: 0, Avg:  0.0, Max: 0, Diff: 0, Sum: 0, Workers: 6
[37.458s][debug  ][gc,phases      ] GC(137)     Total                          Min: 0, Avg:  0.0, Max: 0, Diff: 0, Sum: 0, Workers: 6
[37.458s][debug  ][gc,phases      ] GC(137)   StringDedup Requests1 Weak     Min:  0.0, Avg:  0.0, Max:  0.0, Diff:  0.0, Sum:  0.0, Workers: 6
[37.458s][debug  ][gc,phases      ] GC(137)     Dead                           Min: 0, Avg:  0.0, Max: 0, Diff: 0, Sum: 0, Workers: 6
[37.458s][debug  ][gc,phases      ] GC(137)     Total                          Min: 0, Avg:  0.0, Max: 0, Diff: 0, Sum: 0, Workers: 6
[37.458s][debug  ][gc,phases      ] GC(137)   Weak JFR Old Object Samples    Min:  0.0, Avg:  0.0, Max:  0.0, Diff:  0.0, Sum:  0.0, Workers: 6
[37.458s][debug  ][gc,phases      ] GC(137)     Dead                           Min: 0, Avg:  0.0, Max: 0, Diff: 0, Sum: 0, Workers: 6
[37.458s][debug  ][gc,phases      ] GC(137)     Total                          Min: 0, Avg:  0.0, Max: 0, Diff: 0, Sum: 0, Workers: 6
[37.458s][debug  ][gc,phases      ] GC(137) Weak Processing 0.704ms
[37.458s][debug  ][gc,ergo        ] GC(137) AdaptiveSizeStart:  collection: 138 
[37.458s][debug  ][gc,ergo        ] GC(137) avg_survived_padded_avg: 38698592.000000
[37.458s][debug  ][gc,ergo        ] GC(137) avg_promoted_padded_avg: 247299760.000000  avg_pretenured_padded_avg: 0.000000  tenuring_thresh: 1  target_size: 38797312
[37.458s][debug  ][gc,age         ] GC(137) Desired survivor size 38797312 bytes, new threshold 1 (max threshold 15)
[37.458s][debug  ][gc,ergo        ] GC(137) PSAdaptiveSizePolicy::compute_eden_space_size limits: desired_eden_size: 211659283 old_eden_size: 189267968 eden_limit: 189792256 cur_eden: 189267968 max_eden_size: 189792256 avg_young_live: 27279084
[37.458s][debug  ][gc,ergo        ] GC(137) PSAdaptiveSizePolicy::compute_eden_space_size: costs minor_time: 0.046167 major_cost: 0.032745 mutator_cost: 0.921088 throughput_goal: 0.990000
[37.458s][debug  ][gc,ergo        ] GC(137) Live_space: 909323648 free_space: 1544552448
[37.458s][debug  ][gc,ergo        ] GC(137) Old eden_size: 189267968 desired_eden_size: 189792256
[37.458s][debug  ][gc,ergo        ] GC(137) AdaptiveSizeStop: collection: 138 
[37.458s][info   ][gc,heap        ] GC(137) PSYoungGen: 208401K(223232K)->30720K(224256K) Eden: 177681K(184832K)->0K(185856K) From: 30720K(38400K)->30720K(38400K)
[37.458s][info   ][gc,heap        ] GC(137) ParOldGen: 872036K(1915904K)->1046116K(1915904K)
[37.458s][info   ][gc,metaspace   ] GC(137) Metaspace: 1024K(1216K)->1024K(1216K) NonClass: 941K(1024K)->941K(1024K) Class: 83K(192K)->83K(192K)
[37.458s][info   ][gc             ] GC(137) Pause Young (Allocation Failure) 1055M->1051M(2090M) 15.637ms
[37.458s][info   ][gc,cpu         ] GC(137) User=0.16s Sys=0.00s Real=0.02s
[37.458s][debug  ][gc,heap        ] GC(137) Heap after GC invocations=138 (full 21):
[37.458s][debug  ][gc,heap        ] GC(137)  PSYoungGen      total 224256K, used 30720K [0x00000007f0000000, 0x0000000800000000, 0x0000000800000000)
[37.458s][debug  ][gc,heap        ] GC(137)   eden space 185856K, 0% used [0x00000007f0000000,0x00000007f0000000,0x00000007fb580000)
[37.458s][debug  ][gc,heap        ] GC(137)   from space 38400K, 80% used [0x00000007fda80000,0x00000007ff880030,0x0000000800000000)
[37.458s][debug  ][gc,heap        ] GC(137)   to   space 37888K, 0% used [0x00000007fb580000,0x00000007fb580000,0x00000007fda80000)
[37.458s][debug  ][gc,heap        ] GC(137)  ParOldGen       total 1915904K, used 1046116K [0x0000000700000000, 0x0000000774f00000, 0x00000007f0000000)
[37.458s][debug  ][gc,heap        ] GC(137)   object space 1915904K, 54% used [0x0000000700000000,0x000000073fd99258,0x0000000774f00000)
[37.458s][debug  ][gc,heap        ] GC(137)  Metaspace       used 1024K, committed 1216K, reserved 1056768K
[37.458s][debug  ][gc,heap        ] GC(137)   class space    used 83K, committed 192K, reserved 1048576K
[37.458s][debug  ][gc,task,time   ] GC(137) VM-Thread 374422725 374565870 374584668
[37.729s][debug  ][gc,heap        ] GC(138) Heap before GC invocations=139 (full 21):
[37.729s][debug  ][gc,heap        ] GC(138)  PSYoungGen      total 224256K, used 208428K [0x00000007f0000000, 0x0000000800000000, 0x0000000800000000)
[37.729s][debug  ][gc,heap        ] GC(138)   eden space 185856K, 95% used [0x00000007f0000000,0x00000007fad8b388,0x00000007fb580000)
[37.729s][debug  ][gc,heap        ] GC(138)   from space 38400K, 80% used [0x00000007fda80000,0x00000007ff880030,0x0000000800000000)
[37.729s][debug  ][gc,heap        ] GC(138)   to   space 37888K, 0% used [0x00000007fb580000,0x00000007fb580000,0x00000007fda80000)
[37.729s][debug  ][gc,heap        ] GC(138)  ParOldGen       total 1915904K, used 1046116K [0x0000000700000000, 0x0000000774f00000, 0x00000007f0000000)
[37.729s][debug  ][gc,heap        ] GC(138)   object space 1915904K, 54% used [0x0000000700000000,0x000000073fd99258,0x0000000774f00000)
[37.729s][debug  ][gc,heap        ] GC(138)  Metaspace       used 1024K, committed 1216K, reserved 1056768K
[37.729s][debug  ][gc,heap        ] GC(138)   class space    used 83K, committed 192K, reserved 1048576K
[37.729s][debug  ][gc,tlab        ] GC(138) TLAB totals: thrds: 1  refills: 1 max: 1 slow allocs: 16 max 16 waste: 26.2% gc: 3715704B max: 3715704B slow: 0B max: 0B
[37.729s][info   ][gc,start       ] GC(138) Pause Young (Allocation Failure)
[37.730s][debug  ][gc,phases,start] GC(138) Scavenge
[37.744s][debug  ][gc,phases      ] GC(138) Scavenge 14.203ms
[37.744s][debug  ][gc,phases,start] GC(138) Reference Processing
[37.744s][debug  ][gc,ref         ] GC(138) Skipped phase 1 of Reference Processing: no references
[37.744s][debug  ][gc,ref         ] GC(138) Skipped phase 2 of Reference Processing: no references
[37.744s][debug  ][gc,ref         ] GC(138) Skipped phase 3 of Reference Processing: no references
[37.744s][debug  ][gc,ref         ] GC(138) Skipped phase 4 of Reference Processing: no references
[37.744s][debug  ][gc,phases,ref  ] GC(138) Reference Processing: 0.1ms
[37.744s][debug  ][gc,phases,ref  ] GC(138)   Reconsider SoftReferences: 0.0ms
[37.744s][debug  ][gc,phases,ref  ] GC(138)     SoftRef (ms):                  skipped
[37.744s][debug  ][gc,phases,ref  ] GC(138)   Notify Soft/WeakReferences: 0.0ms
[37.744s][debug  ][gc,phases,ref  ] GC(138)     SoftRef (ms):                  skipped
[37.744s][debug  ][gc,phases,ref  ] GC(138)     WeakRef (ms):                  skipped
[37.744s][debug  ][gc,phases,ref  ] GC(138)     FinalRef (ms):                 skipped
[37.744s][debug  ][gc,phases,ref  ] GC(138)     Total (ms):                    skipped
[37.744s][debug  ][gc,phases,ref  ] GC(138)   Notify and keep alive finalizable: 0.0ms
[37.744s][debug  ][gc,phases,ref  ] GC(138)     FinalRef (ms):                 skipped
[37.744s][debug  ][gc,phases,ref  ] GC(138)   Notify PhantomReferences: 0.0ms
[37.744s][debug  ][gc,phases,ref  ] GC(138)     PhantomRef (ms):               skipped
[37.744s][debug  ][gc,phases,ref  ] GC(138)   SoftReference:
[37.744s][debug  ][gc,phases,ref  ] GC(138)     Discovered: 0
[37.744s][debug  ][gc,phases,ref  ] GC(138)     Cleared: 0
[37.744s][debug  ][gc,phases,ref  ] GC(138)   WeakReference:
[37.744s][debug  ][gc,phases,ref  ] GC(138)     Discovered: 0
[37.744s][debug  ][gc,phases,ref  ] GC(138)     Cleared: 0
[37.744s][debug  ][gc,phases,ref  ] GC(138)   FinalReference:
[37.744s][debug  ][gc,phases,ref  ] GC(138)     Discovered: 0
[37.744s][debug  ][gc,phases,ref  ] GC(138)     Cleared: 0
[37.744s][debug  ][gc,phases,ref  ] GC(138)   PhantomReference:
[37.744s][debug  ][gc,phases,ref  ] GC(138)     Discovered: 0
[37.744s][debug  ][gc,phases,ref  ] GC(138)     Cleared: 0
[37.744s][debug  ][gc,phases      ] GC(138) Reference Processing 0.686ms
[37.745s][debug  ][gc,phases,start] GC(138) Weak Processing
[37.745s][debug  ][gc,phases      ] GC(138)   VM Weak                        Min:  0.0, Avg:  0.0, Max:  0.0, Diff:  0.0, Sum:  0.0, Workers: 6
[37.745s][debug  ][gc,phases      ] GC(138)     Dead                           Min: 0, Avg:  0.0, Max: 0, Diff: 0, Sum: 0, Workers: 6
[37.745s][debug  ][gc,phases      ] GC(138)     Total                          Min: 0, Avg:  1.3, Max: 8, Diff: 8, Sum: 8, Workers: 6
[37.745s][debug  ][gc,phases      ] GC(138)   ObjectSynchronizer Weak        Min:  0.0, Avg:  0.0, Max:  0.0, Diff:  0.0, Sum:  0.0, Workers: 6
[37.745s][debug  ][gc,phases      ] GC(138)     Dead                           Min: 0, Avg:  0.0, Max: 0, Diff: 0, Sum: 0, Workers: 6
[37.745s][debug  ][gc,phases      ] GC(138)     Total                          Min: 0, Avg:  0.5, Max: 3, Diff: 3, Sum: 3, Workers: 6
[37.745s][debug  ][gc,phases      ] GC(138)   JVMTI Tag Weak OopStorage      Min:  0.0, Avg:  0.0, Max:  0.0, Diff:  0.0, Sum:  0.0, Workers: 6
[37.745s][debug  ][gc,phases      ] GC(138)     Dead                           Min: 0, Avg:  0.0, Max: 0, Diff: 0, Sum: 0, Workers: 6
[37.745s][debug  ][gc,phases      ] GC(138)     Total                          Min: 0, Avg:  0.0, Max: 0, Diff: 0, Sum: 0, Workers: 6
[37.745s][debug  ][gc,phases      ] GC(138)   StringTable Weak               Min:  0.0, Avg:  0.0, Max:  0.0, Diff:  0.0, Sum:  0.0, Workers: 6
[37.745s][debug  ][gc,phases      ] GC(138)     Dead                           Min: 0, Avg:  0.0, Max: 0, Diff: 0, Sum: 0, Workers: 6
[37.745s][debug  ][gc,phases      ] GC(138)     Total                          Min: 704, Avg: 892.5, Max: 1088, Diff: 384, Sum: 5355, Workers: 6
[37.745s][debug  ][gc,phases      ] GC(138)   ResolvedMethodTable Weak       Min:  0.0, Avg:  0.0, Max:  0.0, Diff:  0.0, Sum:  0.0, Workers: 6
[37.745s][debug  ][gc,phases      ] GC(138)     Dead                           Min: 0, Avg:  0.0, Max: 0, Diff: 0, Sum: 0, Workers: 6
[37.745s][debug  ][gc,phases      ] GC(138)     Total                          Min: 0, Avg: 21.7, Max: 64, Diff: 64, Sum: 130, Workers: 6
[37.745s][debug  ][gc,phases      ] GC(138)   JNI Weak                       Min:  0.0, Avg:  0.0, Max:  0.0, Diff:  0.0, Sum:  0.0, Workers: 6
[37.745s][debug  ][gc,phases      ] GC(138)     Dead                           Min: 0, Avg:  0.0, Max: 0, Diff: 0, Sum: 0, Workers: 6
[37.745s][debug  ][gc,phases      ] GC(138)     Total                          Min: 0, Avg:  0.0, Max: 0, Diff: 0, Sum: 0, Workers: 6
[37.745s][debug  ][gc,phases      ] GC(138)   StringDedup Table Weak         Min:  0.0, Avg:  0.0, Max:  0.0, Diff:  0.0, Sum:  0.0, Workers: 6
[37.745s][debug  ][gc,phases      ] GC(138)     Dead                           Min: 0, Avg:  0.0, Max: 0, Diff: 0, Sum: 0, Workers: 6
[37.745s][debug  ][gc,phases      ] GC(138)     Total                          Min: 0, Avg:  0.0, Max: 0, Diff: 0, Sum: 0, Workers: 6
[37.745s][debug  ][gc,phases      ] GC(138)   StringDedup Requests0 Weak     Min:  0.0, Avg:  0.0, Max:  0.0, Diff:  0.0, Sum:  0.0, Workers: 6
[37.745s][debug  ][gc,phases      ] GC(138)     Dead                           Min: 0, Avg:  0.0, Max: 0, Diff: 0, Sum: 0, Workers: 6
[37.745s][debug  ][gc,phases      ] GC(138)     Total                          Min: 0, Avg:  0.0, Max: 0, Diff: 0, Sum: 0, Workers: 6
[37.745s][debug  ][gc,phases      ] GC(138)   StringDedup Requests1 Weak     Min:  0.0, Avg:  0.0, Max:  0.0, Diff:  0.0, Sum:  0.0, Workers: 6
[37.745s][debug  ][gc,phases      ] GC(138)     Dead                           Min: 0, Avg:  0.0, Max: 0, Diff: 0, Sum: 0, Workers: 6
[37.745s][debug  ][gc,phases      ] GC(138)     Total                          Min: 0, Avg:  0.0, Max: 0, Diff: 0, Sum: 0, Workers: 6
[37.745s][debug  ][gc,phases      ] GC(138)   Weak JFR Old Object Samples    Min:  0.0, Avg:  0.0, Max:  0.0, Diff:  0.0, Sum:  0.0, Workers: 6
[37.745s][debug  ][gc,phases      ] GC(138)     Dead                           Min: 0, Avg:  0.0, Max: 0, Diff: 0, Sum: 0, Workers: 6
[37.745s][debug  ][gc,phases      ] GC(138)     Total                          Min: 0, Avg:  0.0, Max: 0, Diff: 0, Sum: 0, Workers: 6
[37.745s][debug  ][gc,phases      ] GC(138) Weak Processing 0.777ms
[37.745s][debug  ][gc,ergo        ] GC(138) AdaptiveSizeStart:  collection: 139 
[37.745s][debug  ][gc,ergo        ] GC(138) avg_survived_padded_avg: 38371592.000000
[37.745s][debug  ][gc,ergo        ] GC(138) avg_promoted_padded_avg: 249815456.000000  avg_pretenured_padded_avg: 0.000000  tenuring_thresh: 1  target_size: 38797312
[37.745s][debug  ][gc,age         ] GC(138) Desired survivor size 38797312 bytes, new threshold 1 (max threshold 15)
[37.745s][debug  ][gc,ergo        ] GC(138) PSAdaptiveSizePolicy::compute_eden_space_size limits: desired_eden_size: 213138383 old_eden_size: 189792256 eden_limit: 190316544 cur_eden: 190316544 max_eden_size: 190316544 avg_young_live: 27696908
[37.745s][debug  ][gc,ergo        ] GC(138) PSAdaptiveSizePolicy::compute_eden_space_size: costs minor_time: 0.048365 major_cost: 0.032745 mutator_cost: 0.918890 throughput_goal: 0.990000
[37.745s][debug  ][gc,ergo        ] GC(138) Live_space: 909741504 free_space: 1545076736
[37.745s][debug  ][gc,ergo        ] GC(138) Old eden_size: 189792256 desired_eden_size: 190316544
[37.745s][debug  ][gc,ergo        ] GC(138) AdaptiveSizeStop: collection: 139 
[37.746s][info   ][gc,heap        ] GC(138) PSYoungGen: 208428K(224256K)->30720K(223744K) Eden: 177708K(185856K)->0K(185856K) From: 30720K(38400K)->30720K(37888K)
[37.746s][info   ][gc,heap        ] GC(138) ParOldGen: 1046116K(1915904K)->1220196K(1915904K)
[37.746s][info   ][gc,metaspace   ] GC(138) Metaspace: 1024K(1216K)->1024K(1216K) NonClass: 941K(1024K)->941K(1024K) Class: 83K(192K)->83K(192K)
[37.746s][info   ][gc             ] GC(138) Pause Young (Allocation Failure) 1225M->1221M(2089M) 16.131ms
[37.746s][info   ][gc,cpu         ] GC(138) User=0.16s Sys=0.00s Real=0.02s
[37.746s][debug  ][gc,heap        ] GC(138) Heap after GC invocations=139 (full 21):
[37.746s][debug  ][gc,heap        ] GC(138)  PSYoungGen      total 223744K, used 30720K [0x00000007f0000000, 0x0000000800000000, 0x0000000800000000)
[37.746s][debug  ][gc,heap        ] GC(138)   eden space 185856K, 0% used [0x00000007f0000000,0x00000007f0000000,0x00000007fb580000)
[37.746s][debug  ][gc,heap        ] GC(138)   from space 37888K, 81% used [0x00000007fb580000,0x00000007fd380030,0x00000007fda80000)
[37.746s][debug  ][gc,heap        ] GC(138)   to   space 37888K, 0% used [0x00000007fdb00000,0x00000007fdb00000,0x0000000800000000)
[37.746s][debug  ][gc,heap        ] GC(138)  ParOldGen       total 1915904K, used 1220196K [0x0000000700000000, 0x0000000774f00000, 0x00000007f0000000)
[37.746s][debug  ][gc,heap        ] GC(138)   object space 1915904K, 63% used [0x0000000700000000,0x000000074a799368,0x0000000774f00000)
[37.746s][debug  ][gc,heap        ] GC(138)  Metaspace       used 1024K, committed 1216K, reserved 1056768K
[37.746s][debug  ][gc,heap        ] GC(138)   class space    used 83K, committed 192K, reserved 1048576K
[37.746s][debug  ][gc,task,time   ] GC(138) VM-Thread 377290666 377438027 377458644
[38.017s][debug  ][gc,heap        ] GC(139) Heap before GC invocations=140 (full 21):
[38.017s][debug  ][gc,heap        ] GC(139)  PSYoungGen      total 223744K, used 208433K [0x00000007f0000000, 0x0000000800000000, 0x0000000800000000)
[38.017s][debug  ][gc,heap        ] GC(139)   eden space 185856K, 95% used [0x00000007f0000000,0x00000007fad8c528,0x00000007fb580000)
[38.017s][debug  ][gc,heap        ] GC(139)   from space 37888K, 81% used [0x00000007fb580000,0x00000007fd380030,0x00000007fda80000)
[38.017s][debug  ][gc,heap        ] GC(139)   to   space 37888K, 0% used [0x00000007fdb00000,0x00000007fdb00000,0x0000000800000000)
[38.017s][debug  ][gc,heap        ] GC(139)  ParOldGen       total 1915904K, used 1220196K [0x0000000700000000, 0x0000000774f00000, 0x00000007f0000000)
[38.017s][debug  ][gc,heap        ] GC(139)   object space 1915904K, 63% used [0x0000000700000000,0x000000074a799368,0x0000000774f00000)
[38.017s][debug  ][gc,heap        ] GC(139)  Metaspace       used 1024K, committed 1216K, reserved 1056768K
[38.017s][debug  ][gc,heap        ] GC(139)   class space    used 83K, committed 192K, reserved 1048576K
[38.017s][debug  ][gc,tlab        ] GC(139) TLAB totals: thrds: 1  refills: 1 max: 1 slow allocs: 16 max 16 waste: 26.2% gc: 3720216B max: 3720216B slow: 0B max: 0B
[38.017s][info   ][gc,start       ] GC(139) Pause Young (Allocation Failure)
[38.018s][debug  ][gc,phases,start] GC(139) Scavenge
[38.032s][debug  ][gc,phases      ] GC(139) Scavenge 14.048ms
[38.032s][debug  ][gc,phases,start] GC(139) Reference Processing
[38.032s][debug  ][gc,ref         ] GC(139) Skipped phase 1 of Reference Processing: no references
[38.032s][debug  ][gc,ref         ] GC(139) Skipped phase 2 of Reference Processing: no references
[38.032s][debug  ][gc,ref         ] GC(139) Skipped phase 3 of Reference Processing: no references
[38.032s][debug  ][gc,ref         ] GC(139) Skipped phase 4 of Reference Processing: no references
[38.032s][debug  ][gc,phases,ref  ] GC(139) Reference Processing: 0.1ms
[38.032s][debug  ][gc,phases,ref  ] GC(139)   Reconsider SoftReferences: 0.0ms
[38.032s][debug  ][gc,phases,ref  ] GC(139)     SoftRef (ms):                  skipped
[38.032s][debug  ][gc,phases,ref  ] GC(139)   Notify Soft/WeakReferences: 0.0ms
[38.032s][debug  ][gc,phases,ref  ] GC(139)     SoftRef (ms):                  skipped
[38.032s][debug  ][gc,phases,ref  ] GC(139)     WeakRef (ms):                  skipped
[38.032s][debug  ][gc,phases,ref  ] GC(139)     FinalRef (ms):                 skipped
[38.032s][debug  ][gc,phases,ref  ] GC(139)     Total (ms):                    skipped
[38.032s][debug  ][gc,phases,ref  ] GC(139)   Notify and keep alive finalizable: 0.0ms
[38.032s][debug  ][gc,phases,ref  ] GC(139)     FinalRef (ms):                 skipped
[38.032s][debug  ][gc,phases,ref  ] GC(139)   Notify PhantomReferences: 0.0ms
[38.032s][debug  ][gc,phases,ref  ] GC(139)     PhantomRef (ms):               skipped
[38.032s][debug  ][gc,phases,ref  ] GC(139)   SoftReference:
[38.032s][debug  ][gc,phases,ref  ] GC(139)     Discovered: 0
[38.032s][debug  ][gc,phases,ref  ] GC(139)     Cleared: 0
[38.032s][debug  ][gc,phases,ref  ] GC(139)   WeakReference:
[38.032s][debug  ][gc,phases,ref  ] GC(139)     Discovered: 0
[38.032s][debug  ][gc,phases,ref  ] GC(139)     Cleared: 0
[38.032s][debug  ][gc,phases,ref  ] GC(139)   FinalReference:
[38.032s][debug  ][gc,phases,ref  ] GC(139)     Discovered: 0
[38.032s][debug  ][gc,phases,ref  ] GC(139)     Cleared: 0
[38.032s][debug  ][gc,phases,ref  ] GC(139)   PhantomReference:
[38.032s][debug  ][gc,phases,ref  ] GC(139)     Discovered: 0
[38.032s][debug  ][gc,phases,ref  ] GC(139)     Cleared: 0
[38.032s][debug  ][gc,phases      ] GC(139) Reference Processing 0.601ms
[38.032s][debug  ][gc,phases,start] GC(139) Weak Processing
[38.032s][debug  ][gc,phases      ] GC(139)   VM Weak                        Min:  0.0, Avg:  0.0, Max:  0.0, Diff:  0.0, Sum:  0.0, Workers: 6
[38.032s][debug  ][gc,phases      ] GC(139)     Dead                           Min: 0, Avg:  0.0, Max: 0, Diff: 0, Sum: 0, Workers: 6
[38.032s][debug  ][gc,phases      ] GC(139)     Total                          Min: 0, Avg:  1.3, Max: 8, Diff: 8, Sum: 8, Workers: 6
[38.032s][debug  ][gc,phases      ] GC(139)   ObjectSynchronizer Weak        Min:  0.0, Avg:  0.0, Max:  0.0, Diff:  0.0, Sum:  0.0, Workers: 6
[38.032s][debug  ][gc,phases      ] GC(139)     Dead                           Min: 0, Avg:  0.0, Max: 0, Diff: 0, Sum: 0, Workers: 6
[38.032s][debug  ][gc,phases      ] GC(139)     Total                          Min: 0, Avg:  0.5, Max: 3, Diff: 3, Sum: 3, Workers: 6
[38.032s][debug  ][gc,phases      ] GC(139)   JVMTI Tag Weak OopStorage      Min:  0.0, Avg:  0.0, Max:  0.0, Diff:  0.0, Sum:  0.0, Workers: 6
[38.032s][debug  ][gc,phases      ] GC(139)     Dead                           Min: 0, Avg:  0.0, Max: 0, Diff: 0, Sum: 0, Workers: 6
[38.033s][debug  ][gc,phases      ] GC(139)     Total                          Min: 0, Avg:  0.0, Max: 0, Diff: 0, Sum: 0, Workers: 6
[38.033s][debug  ][gc,phases      ] GC(139)   StringTable Weak               Min:  0.0, Avg:  0.0, Max:  0.0, Diff:  0.0, Sum:  0.0, Workers: 6
[38.033s][debug  ][gc,phases      ] GC(139)     Dead                           Min: 0, Avg:  0.0, Max: 0, Diff: 0, Sum: 0, Workers: 6
[38.033s][debug  ][gc,phases      ] GC(139)     Total                          Min: 767, Avg: 892.5, Max: 1152, Diff: 385, Sum: 5355, Workers: 6
[38.033s][debug  ][gc,phases      ] GC(139)   ResolvedMethodTable Weak       Min:  0.0, Avg:  0.0, Max:  0.0, Diff:  0.0, Sum:  0.0, Workers: 6
[38.033s][debug  ][gc,phases      ] GC(139)     Dead                           Min: 0, Avg:  0.0, Max: 0, Diff: 0, Sum: 0, Workers: 6
[38.033s][debug  ][gc,phases      ] GC(139)     Total                          Min: 0, Avg: 21.7, Max: 64, Diff: 64, Sum: 130, Workers: 6
[38.033s][debug  ][gc,phases      ] GC(139)   JNI Weak                       Min:  0.0, Avg:  0.0, Max:  0.0, Diff:  0.0, Sum:  0.0, Workers: 6
[38.033s][debug  ][gc,phases      ] GC(139)     Dead                           Min: 0, Avg:  0.0, Max: 0, Diff: 0, Sum: 0, Workers: 6
[38.033s][debug  ][gc,phases      ] GC(139)     Total                          Min: 0, Avg:  0.0, Max: 0, Diff: 0, Sum: 0, Workers: 6
[38.033s][debug  ][gc,phases      ] GC(139)   StringDedup Table Weak         Min:  0.0, Avg:  0.0, Max:  0.0, Diff:  0.0, Sum:  0.0, Workers: 6
[38.033s][debug  ][gc,phases      ] GC(139)     Dead                           Min: 0, Avg:  0.0, Max: 0, Diff: 0, Sum: 0, Workers: 6
[38.033s][debug  ][gc,phases      ] GC(139)     Total                          Min: 0, Avg:  0.0, Max: 0, Diff: 0, Sum: 0, Workers: 6
[38.033s][debug  ][gc,phases      ] GC(139)   StringDedup Requests0 Weak     Min:  0.0, Avg:  0.0, Max:  0.0, Diff:  0.0, Sum:  0.0, Workers: 6
[38.033s][debug  ][gc,phases      ] GC(139)     Dead                           Min: 0, Avg:  0.0, Max: 0, Diff: 0, Sum: 0, Workers: 6
[38.033s][debug  ][gc,phases      ] GC(139)     Total                          Min: 0, Avg:  0.0, Max: 0, Diff: 0, Sum: 0, Workers: 6
[38.033s][debug  ][gc,phases      ] GC(139)   StringDedup Requests1 Weak     Min:  0.0, Avg:  0.0, Max:  0.0, Diff:  0.0, Sum:  0.0, Workers: 6
[38.033s][debug  ][gc,phases      ] GC(139)     Dead                           Min: 0, Avg:  0.0, Max: 0, Diff: 0, Sum: 0, Workers: 6
[38.033s][debug  ][gc,phases      ] GC(139)     Total                          Min: 0, Avg:  0.0, Max: 0, Diff: 0, Sum: 0, Workers: 6
[38.033s][debug  ][gc,phases      ] GC(139)   Weak JFR Old Object Samples    Min:  0.0, Avg:  0.0, Max:  0.0, Diff:  0.0, Sum:  0.0, Workers: 6
[38.033s][debug  ][gc,phases      ] GC(139)     Dead                           Min: 0, Avg:  0.0, Max: 0, Diff: 0, Sum: 0, Workers: 6
[38.033s][debug  ][gc,phases      ] GC(139)     Total                          Min: 0, Avg:  0.0, Max: 0, Diff: 0, Sum: 0, Workers: 6
[38.033s][debug  ][gc,phases      ] GC(139) Weak Processing 0.687ms
[38.033s][debug  ][gc,ergo        ] GC(139) AdaptiveSizeStart:  collection: 140 
[38.033s][debug  ][gc,ergo        ] GC(139) avg_survived_padded_avg: 38037584.000000
[38.033s][debug  ][gc,ergo        ] GC(139) avg_promoted_padded_avg: 251137600.000000  avg_pretenured_padded_avg: 0.000000  tenuring_thresh: 1  target_size: 38273024
[38.033s][debug  ][gc,age         ] GC(139) Desired survivor size 38273024 bytes, new threshold 1 (max threshold 15)
[38.033s][debug  ][gc,ergo        ] GC(139) PSAdaptiveSizePolicy::compute_eden_space_size limits: desired_eden_size: 213389815 old_eden_size: 190316544 eden_limit: 190840832 cur_eden: 190316544 max_eden_size: 190840832 avg_young_live: 28072948
[38.033s][debug  ][gc,ergo        ] GC(139) PSAdaptiveSizePolicy::compute_eden_space_size: costs minor_time: 0.049707 major_cost: 0.032745 mutator_cost: 0.917548 throughput_goal: 0.990000
[38.033s][debug  ][gc,ergo        ] GC(139) Live_space: 910117568 free_space: 1545601024
[38.033s][debug  ][gc,ergo        ] GC(139) Old eden_size: 190316544 desired_eden_size: 190840832
[38.033s][debug  ][gc,ergo        ] GC(139) AdaptiveSizeStop: collection: 140 
[38.033s][info   ][gc,heap        ] GC(139) PSYoungGen: 208433K(223744K)->30720K(224768K) Eden: 177713K(185856K)->0K(186880K) From: 30720K(37888K)->30720K(37888K)
[38.033s][info   ][gc,heap        ] GC(139) ParOldGen: 1220196K(1915904K)->1394277K(1915904K)
[38.033s][info   ][gc,metaspace   ] GC(139) Metaspace: 1024K(1216K)->1024K(1216K) NonClass: 941K(1024K)->941K(1024K) Class: 83K(192K)->83K(192K)
[38.033s][info   ][gc             ] GC(139) Pause Young (Allocation Failure) 1395M->1391M(2090M) 15.820ms
[38.033s][info   ][gc,cpu         ] GC(139) User=0.16s Sys=0.00s Real=0.02s
[38.033s][debug  ][gc,heap        ] GC(139) Heap after GC invocations=140 (full 21):
[38.033s][debug  ][gc,heap        ] GC(139)  PSYoungGen      total 224768K, used 30720K [0x00000007f0000000, 0x0000000800000000, 0x0000000800000000)
[38.033s][debug  ][gc,heap        ] GC(139)   eden space 186880K, 0% used [0x00000007f0000000,0x00000007f0000000,0x00000007fb680000)
[38.033s][debug  ][gc,heap        ] GC(139)   from space 37888K, 81% used [0x00000007fdb00000,0x00000007ff900030,0x0000000800000000)
[38.033s][debug  ][gc,heap        ] GC(139)   to   space 37376K, 0% used [0x00000007fb680000,0x00000007fb680000,0x00000007fdb00000)
[38.033s][debug  ][gc,heap        ] GC(139)  ParOldGen       total 1915904K, used 1394277K [0x0000000700000000, 0x0000000774f00000, 0x00000007f0000000)
[38.033s][debug  ][gc,heap        ] GC(139)   object space 1915904K, 72% used [0x0000000700000000,0x0000000755199478,0x0000000774f00000)
[38.033s][debug  ][gc,heap        ] GC(139)  Metaspace       used 1024K, committed 1216K, reserved 1056768K
[38.034s][debug  ][gc,heap        ] GC(139)   class space    used 83K, committed 192K, reserved 1048576K
[38.034s][debug  ][gc,task,time   ] GC(139) VM-Thread 380171519 380316432 380335338
[38.305s][debug  ][gc,heap        ] GC(140) Heap before GC invocations=141 (full 21):
[38.305s][debug  ][gc,heap        ] GC(140)  PSYoungGen      total 224768K, used 208456K [0x00000007f0000000, 0x0000000800000000, 0x0000000800000000)
[38.305s][debug  ][gc,heap        ] GC(140)   eden space 186880K, 95% used [0x00000007f0000000,0x00000007fad920a0,0x00000007fb680000)
[38.305s][debug  ][gc,heap        ] GC(140)   from space 37888K, 81% used [0x00000007fdb00000,0x00000007ff900030,0x0000000800000000)
[38.305s][debug  ][gc,heap        ] GC(140)   to   space 37376K, 0% used [0x00000007fb680000,0x00000007fb680000,0x00000007fdb00000)
[38.305s][debug  ][gc,heap        ] GC(140)  ParOldGen       total 1915904K, used 1394277K [0x0000000700000000, 0x0000000774f00000, 0x00000007f0000000)
[38.306s][debug  ][gc,heap        ] GC(140)   object space 1915904K, 72% used [0x0000000700000000,0x0000000755199478,0x0000000774f00000)
[38.306s][debug  ][gc,heap        ] GC(140)  Metaspace       used 1024K, committed 1216K, reserved 1056768K
[38.306s][debug  ][gc,heap        ] GC(140)   class space    used 83K, committed 192K, reserved 1048576K
[38.306s][debug  ][gc,tlab        ] GC(140) TLAB totals: thrds: 1  refills: 1 max: 1 slow allocs: 16 max 16 waste: 26.3% gc: 3743632B max: 3743632B slow: 0B max: 0B
[38.306s][info   ][gc,start       ] GC(140) Pause Young (Allocation Failure)
[38.306s][debug  ][gc,phases,start] GC(140) Scavenge
[38.320s][debug  ][gc,phases      ] GC(140) Scavenge 14.285ms
[38.320s][debug  ][gc,phases,start] GC(140) Reference Processing
[38.320s][debug  ][gc,ref         ] GC(140) Skipped phase 1 of Reference Processing: no references
[38.320s][debug  ][gc,ref         ] GC(140) Skipped phase 2 of Reference Processing: no references
[38.320s][debug  ][gc,ref         ] GC(140) Skipped phase 3 of Reference Processing: no references
[38.320s][debug  ][gc,ref         ] GC(140) Skipped phase 4 of Reference Processing: no references
[38.320s][debug  ][gc,phases,ref  ] GC(140) Reference Processing: 0.1ms
[38.320s][debug  ][gc,phases,ref  ] GC(140)   Reconsider SoftReferences: 0.0ms
[38.320s][debug  ][gc,phases,ref  ] GC(140)     SoftRef (ms):                  skipped
[38.320s][debug  ][gc,phases,ref  ] GC(140)   Notify Soft/WeakReferences: 0.0ms
[38.320s][debug  ][gc,phases,ref  ] GC(140)     SoftRef (ms):                  skipped
[38.320s][debug  ][gc,phases,ref  ] GC(140)     WeakRef (ms):                  skipped
[38.320s][debug  ][gc,phases,ref  ] GC(140)     FinalRef (ms):                 skipped
[38.320s][debug  ][gc,phases,ref  ] GC(140)     Total (ms):                    skipped
[38.320s][debug  ][gc,phases,ref  ] GC(140)   Notify and keep alive finalizable: 0.0ms
[38.320s][debug  ][gc,phases,ref  ] GC(140)     FinalRef (ms):                 skipped
[38.320s][debug  ][gc,phases,ref  ] GC(140)   Notify PhantomReferences: 0.0ms
[38.320s][debug  ][gc,phases,ref  ] GC(140)     PhantomRef (ms):               skipped
[38.321s][debug  ][gc,phases,ref  ] GC(140)   SoftReference:
[38.321s][debug  ][gc,phases,ref  ] GC(140)     Discovered: 0
[38.321s][debug  ][gc,phases,ref  ] GC(140)     Cleared: 0
[38.321s][debug  ][gc,phases,ref  ] GC(140)   WeakReference:
[38.321s][debug  ][gc,phases,ref  ] GC(140)     Discovered: 0
[38.321s][debug  ][gc,phases,ref  ] GC(140)     Cleared: 0
[38.321s][debug  ][gc,phases,ref  ] GC(140)   FinalReference:
[38.321s][debug  ][gc,phases,ref  ] GC(140)     Discovered: 0
[38.321s][debug  ][gc,phases,ref  ] GC(140)     Cleared: 0
[38.321s][debug  ][gc,phases,ref  ] GC(140)   PhantomReference:
[38.321s][debug  ][gc,phases,ref  ] GC(140)     Discovered: 0
[38.321s][debug  ][gc,phases,ref  ] GC(140)     Cleared: 0
[38.321s][debug  ][gc,phases      ] GC(140) Reference Processing 0.650ms
[38.321s][debug  ][gc,phases,start] GC(140) Weak Processing
[38.321s][debug  ][gc,phases      ] GC(140)   VM Weak                        Min:  0.0, Avg:  0.0, Max:  0.0, Diff:  0.0, Sum:  0.0, Workers: 6
[38.321s][debug  ][gc,phases      ] GC(140)     Dead                           Min: 0, Avg:  0.0, Max: 0, Diff: 0, Sum: 0, Workers: 6
[38.321s][debug  ][gc,phases      ] GC(140)     Total                          Min: 0, Avg:  1.3, Max: 8, Diff: 8, Sum: 8, Workers: 6
[38.321s][debug  ][gc,phases      ] GC(140)   ObjectSynchronizer Weak        Min:  0.0, Avg:  0.0, Max:  0.0, Diff:  0.0, Sum:  0.0, Workers: 6
[38.321s][debug  ][gc,phases      ] GC(140)     Dead                           Min: 0, Avg:  0.0, Max: 0, Diff: 0, Sum: 0, Workers: 6
[38.321s][debug  ][gc,phases      ] GC(140)     Total                          Min: 0, Avg:  0.5, Max: 3, Diff: 3, Sum: 3, Workers: 6
[38.321s][debug  ][gc,phases      ] GC(140)   JVMTI Tag Weak OopStorage      Min:  0.0, Avg:  0.0, Max:  0.0, Diff:  0.0, Sum:  0.0, Workers: 6
[38.321s][debug  ][gc,phases      ] GC(140)     Dead                           Min: 0, Avg:  0.0, Max: 0, Diff: 0, Sum: 0, Workers: 6
[38.321s][debug  ][gc,phases      ] GC(140)     Total                          Min: 0, Avg:  0.0, Max: 0, Diff: 0, Sum: 0, Workers: 6
[38.321s][debug  ][gc,phases      ] GC(140)   StringTable Weak               Min:  0.0, Avg:  0.0, Max:  0.0, Diff:  0.0, Sum:  0.0, Workers: 6
[38.321s][debug  ][gc,phases      ] GC(140)     Dead                           Min: 0, Avg:  0.0, Max: 0, Diff: 0, Sum: 0, Workers: 6
[38.321s][debug  ][gc,phases      ] GC(140)     Total                          Min: 832, Avg: 892.5, Max: 1068, Diff: 236, Sum: 5355, Workers: 6
[38.321s][debug  ][gc,phases      ] GC(140)   ResolvedMethodTable Weak       Min:  0.0, Avg:  0.0, Max:  0.0, Diff:  0.0, Sum:  0.0, Workers: 6
[38.321s][debug  ][gc,phases      ] GC(140)     Dead                           Min: 0, Avg:  0.0, Max: 0, Diff: 0, Sum: 0, Workers: 6
[38.321s][debug  ][gc,phases      ] GC(140)     Total                          Min: 0, Avg: 21.7, Max: 64, Diff: 64, Sum: 130, Workers: 6
[38.321s][debug  ][gc,phases      ] GC(140)   JNI Weak                       Min:  0.0, Avg:  0.0, Max:  0.0, Diff:  0.0, Sum:  0.0, Workers: 6
[38.321s][debug  ][gc,phases      ] GC(140)     Dead                           Min: 0, Avg:  0.0, Max: 0, Diff: 0, Sum: 0, Workers: 6
[38.321s][debug  ][gc,phases      ] GC(140)     Total                          Min: 0, Avg:  0.0, Max: 0, Diff: 0, Sum: 0, Workers: 6
[38.321s][debug  ][gc,phases      ] GC(140)   StringDedup Table Weak         Min:  0.0, Avg:  0.0, Max:  0.0, Diff:  0.0, Sum:  0.0, Workers: 6
[38.321s][debug  ][gc,phases      ] GC(140)     Dead                           Min: 0, Avg:  0.0, Max: 0, Diff: 0, Sum: 0, Workers: 6
[38.321s][debug  ][gc,phases      ] GC(140)     Total                          Min: 0, Avg:  0.0, Max: 0, Diff: 0, Sum: 0, Workers: 6
[38.321s][debug  ][gc,phases      ] GC(140)   StringDedup Requests0 Weak     Min:  0.0, Avg:  0.0, Max:  0.0, Diff:  0.0, Sum:  0.0, Workers: 6
[38.322s][debug  ][gc,phases      ] GC(140)     Dead                           Min: 0, Avg:  0.0, Max: 0, Diff: 0, Sum: 0, Workers: 6
[38.322s][debug  ][gc,phases      ] GC(140)     Total                          Min: 0, Avg:  0.0, Max: 0, Diff: 0, Sum: 0, Workers: 6
[38.322s][debug  ][gc,phases      ] GC(140)   StringDedup Requests1 Weak     Min:  0.0, Avg:  0.0, Max:  0.0, Diff:  0.0, Sum:  0.0, Workers: 6
[38.322s][debug  ][gc,phases      ] GC(140)     Dead                           Min: 0, Avg:  0.0, Max: 0, Diff: 0, Sum: 0, Workers: 6
[38.322s][debug  ][gc,phases      ] GC(140)     Total                          Min: 0, Avg:  0.0, Max: 0, Diff: 0, Sum: 0, Workers: 6
[38.322s][debug  ][gc,phases      ] GC(140)   Weak JFR Old Object Samples    Min:  0.0, Avg:  0.0, Max:  0.0, Diff:  0.0, Sum:  0.0, Workers: 6
[38.322s][debug  ][gc,phases      ] GC(140)     Dead                           Min: 0, Avg:  0.0, Max: 0, Diff: 0, Sum: 0, Workers: 6
[38.322s][debug  ][gc,phases      ] GC(140)     Total                          Min: 0, Avg:  0.0, Max: 0, Diff: 0, Sum: 0, Workers: 6
[38.322s][debug  ][gc,phases      ] GC(140) Weak Processing 0.964ms
[38.322s][debug  ][gc,ergo        ] GC(140) AdaptiveSizeStart:  collection: 141 
[38.322s][debug  ][gc,ergo        ] GC(140) avg_survived_padded_avg: 37701232.000000
[38.322s][debug  ][gc,ergo        ] GC(140) avg_promoted_padded_avg: 251479728.000000  avg_pretenured_padded_avg: 0.000000  tenuring_thresh: 1  target_size: 37748736
[38.322s][debug  ][gc,age         ] GC(140) Desired survivor size 37748736 bytes, new threshold 1 (max threshold 15)
[38.322s][debug  ][gc,ergo        ] GC(140) PSAdaptiveSizePolicy::compute_eden_space_size limits: desired_eden_size: 214702912 old_eden_size: 190840832 eden_limit: 191365120 cur_eden: 191365120 max_eden_size: 191365120 avg_young_live: 28411386
[38.322s][debug  ][gc,ergo        ] GC(140) PSAdaptiveSizePolicy::compute_eden_space_size: costs minor_time: 0.051167 major_cost: 0.032745 mutator_cost: 0.916088 throughput_goal: 0.990000
[38.322s][debug  ][gc,ergo        ] GC(140) Live_space: 910456000 free_space: 1546125312
[38.322s][debug  ][gc,ergo        ] GC(140) Old eden_size: 190840832 desired_eden_size: 191365120
[38.322s][debug  ][gc,ergo        ] GC(140) AdaptiveSizeStop: collection: 141 
[38.322s][info   ][gc,heap        ] GC(140) PSYoungGen: 208456K(224768K)->30720K(224256K) Eden: 177736K(186880K)->0K(186880K) From: 30720K(37888K)->30720K(37376K)
[38.322s][info   ][gc,heap        ] GC(140) ParOldGen: 1394277K(1915904K)->1568357K(1915904K)
[38.322s][info   ][gc,metaspace   ] GC(140) Metaspace: 1024K(1216K)->1024K(1216K) NonClass: 941K(1024K)->941K(1024K) Class: 83K(192K)->83K(192K)
[38.322s][info   ][gc             ] GC(140) Pause Young (Allocation Failure) 1565M->1561M(2090M) 16.513ms
[38.322s][info   ][gc,cpu         ] GC(140) User=0.09s Sys=0.00s Real=0.02s
[38.322s][debug  ][gc,heap        ] GC(140) Heap after GC invocations=141 (full 21):
[38.322s][debug  ][gc,heap        ] GC(140)  PSYoungGen      total 224256K, used 30720K [0x00000007f0000000, 0x0000000800000000, 0x0000000800000000)
[38.322s][debug  ][gc,heap        ] GC(140)   eden space 186880K, 0% used [0x00000007f0000000,0x00000007f0000000,0x00000007fb680000)
[38.322s][debug  ][gc,heap        ] GC(140)   from space 37376K, 82% used [0x00000007fb680000,0x00000007fd480030,0x00000007fdb00000)
[38.322s][debug  ][gc,heap        ] GC(140)   to   space 36864K, 0% used [0x00000007fdc00000,0x00000007fdc00000,0x0000000800000000)
[38.322s][debug  ][gc,heap        ] GC(140)  ParOldGen       total 1915904K, used 1568357K [0x0000000700000000, 0x0000000774f00000, 0x00000007f0000000)
[38.322s][debug  ][gc,heap        ] GC(140)   object space 1915904K, 81% used [0x0000000700000000,0x000000075fb99588,0x0000000774f00000)
[38.322s][debug  ][gc,heap        ] GC(140)  Metaspace       used 1024K, committed 1216K, reserved 1056768K
[38.322s][debug  ][gc,heap        ] GC(140)   class space    used 83K, committed 192K, reserved 1048576K
[38.322s][debug  ][gc,task,time   ] GC(140) VM-Thread 383052239 383201028 383224908
[38.593s][debug  ][gc,heap        ] GC(141) Heap before GC invocations=142 (full 21):
[38.593s][debug  ][gc,heap        ] GC(141)  PSYoungGen      total 224256K, used 208457K [0x00000007f0000000, 0x0000000800000000, 0x0000000800000000)
[38.593s][debug  ][gc,heap        ] GC(141)   eden space 186880K, 95% used [0x00000007f0000000,0x00000007fad92768,0x00000007fb680000)
[38.593s][debug  ][gc,heap        ] GC(141)   from space 37376K, 82% used [0x00000007fb680000,0x00000007fd480030,0x00000007fdb00000)
[38.593s][debug  ][gc,heap        ] GC(141)   to   space 36864K, 0% used [0x00000007fdc00000,0x00000007fdc00000,0x0000000800000000)
[38.593s][debug  ][gc,heap        ] GC(141)  ParOldGen       total 1915904K, used 1568357K [0x0000000700000000, 0x0000000774f00000, 0x00000007f0000000)
[38.593s][debug  ][gc,heap        ] GC(141)   object space 1915904K, 81% used [0x0000000700000000,0x000000075fb99588,0x0000000774f00000)
[38.593s][debug  ][gc,heap        ] GC(141)  Metaspace       used 1024K, committed 1216K, reserved 1056768K
[38.593s][debug  ][gc,heap        ] GC(141)   class space    used 83K, committed 192K, reserved 1048576K
[38.594s][debug  ][gc,tlab        ] GC(141) TLAB totals: thrds: 1  refills: 1 max: 1 slow allocs: 16 max 16 waste: 26.3% gc: 3745368B max: 3745368B slow: 0B max: 0B
[38.594s][info   ][gc,start       ] GC(141) Pause Young (Allocation Failure)
[38.594s][debug  ][gc,phases,start] GC(141) Scavenge
[38.608s][debug  ][gc,phases      ] GC(141) Scavenge 14.286ms
[38.608s][debug  ][gc,phases,start] GC(141) Reference Processing
[38.608s][debug  ][gc,ref         ] GC(141) Skipped phase 1 of Reference Processing: no references
[38.608s][debug  ][gc,ref         ] GC(141) Skipped phase 2 of Reference Processing: no references
[38.608s][debug  ][gc,ref         ] GC(141) Skipped phase 3 of Reference Processing: no references
[38.608s][debug  ][gc,ref         ] GC(141) Skipped phase 4 of Reference Processing: no references
[38.608s][debug  ][gc,phases,ref  ] GC(141) Reference Processing: 0.1ms
[38.608s][debug  ][gc,phases,ref  ] GC(141)   Reconsider SoftReferences: 0.0ms
[38.608s][debug  ][gc,phases,ref  ] GC(141)     SoftRef (ms):                  skipped
[38.608s][debug  ][gc,phases,ref  ] GC(141)   Notify Soft/WeakReferences: 0.0ms
[38.608s][debug  ][gc,phases,ref  ] GC(141)     SoftRef (ms):                  skipped
[38.608s][debug  ][gc,phases,ref  ] GC(141)     WeakRef (ms):                  skipped
[38.608s][debug  ][gc,phases,ref  ] GC(141)     FinalRef (ms):                 skipped
[38.608s][debug  ][gc,phases,ref  ] GC(141)     Total (ms):                    skipped
[38.608s][debug  ][gc,phases,ref  ] GC(141)   Notify and keep alive finalizable: 0.0ms
[38.608s][debug  ][gc,phases,ref  ] GC(141)     FinalRef (ms):                 skipped
[38.608s][debug  ][gc,phases,ref  ] GC(141)   Notify PhantomReferences: 0.0ms
[38.608s][debug  ][gc,phases,ref  ] GC(141)     PhantomRef (ms):               skipped
[38.608s][debug  ][gc,phases,ref  ] GC(141)   SoftReference:
[38.608s][debug  ][gc,phases,ref  ] GC(141)     Discovered: 0
[38.608s][debug  ][gc,phases,ref  ] GC(141)     Cleared: 0
[38.608s][debug  ][gc,phases,ref  ] GC(141)   WeakReference:
[38.608s][debug  ][gc,phases,ref  ] GC(141)     Discovered: 0
[38.608s][debug  ][gc,phases,ref  ] GC(141)     Cleared: 0
[38.609s][debug  ][gc,phases,ref  ] GC(141)   FinalReference:
[38.609s][debug  ][gc,phases,ref  ] GC(141)     Discovered: 0
[38.609s][debug  ][gc,phases,ref  ] GC(141)     Cleared: 0
[38.609s][debug  ][gc,phases,ref  ] GC(141)   PhantomReference:
[38.609s][debug  ][gc,phases,ref  ] GC(141)     Discovered: 0
[38.609s][debug  ][gc,phases,ref  ] GC(141)     Cleared: 0
[38.609s][debug  ][gc,phases      ] GC(141) Reference Processing 0.682ms
[38.609s][debug  ][gc,phases,start] GC(141) Weak Processing
[38.609s][debug  ][gc,phases      ] GC(141)   VM Weak                        Min:  0.0, Avg:  0.0, Max:  0.0, Diff:  0.0, Sum:  0.0, Workers: 6
[38.609s][debug  ][gc,phases      ] GC(141)     Dead                           Min: 0, Avg:  0.0, Max: 0, Diff: 0, Sum: 0, Workers: 6
[38.609s][debug  ][gc,phases      ] GC(141)     Total                          Min: 0, Avg:  1.3, Max: 8, Diff: 8, Sum: 8, Workers: 6
[38.609s][debug  ][gc,phases      ] GC(141)   ObjectSynchronizer Weak        Min:  0.0, Avg:  0.0, Max:  0.0, Diff:  0.0, Sum:  0.0, Workers: 6
[38.609s][debug  ][gc,phases      ] GC(141)     Dead                           Min: 0, Avg:  0.0, Max: 0, Diff: 0, Sum: 0, Workers: 6
[38.609s][debug  ][gc,phases      ] GC(141)     Total                          Min: 0, Avg:  0.5, Max: 3, Diff: 3, Sum: 3, Workers: 6
[38.609s][debug  ][gc,phases      ] GC(141)   JVMTI Tag Weak OopStorage      Min:  0.0, Avg:  0.0, Max:  0.0, Diff:  0.0, Sum:  0.0, Workers: 6
[38.609s][debug  ][gc,phases      ] GC(141)     Dead                           Min: 0, Avg:  0.0, Max: 0, Diff: 0, Sum: 0, Workers: 6
[38.609s][debug  ][gc,phases      ] GC(141)     Total                          Min: 0, Avg:  0.0, Max: 0, Diff: 0, Sum: 0, Workers: 6
[38.609s][debug  ][gc,phases      ] GC(141)   StringTable Weak               Min:  0.0, Avg:  0.0, Max:  0.0, Diff:  0.0, Sum:  0.0, Workers: 6
[38.609s][debug  ][gc,phases      ] GC(141)     Dead                           Min: 0, Avg:  0.0, Max: 0, Diff: 0, Sum: 0, Workers: 6
[38.609s][debug  ][gc,phases      ] GC(141)     Total                          Min: 704, Avg: 892.5, Max: 1068, Diff: 364, Sum: 5355, Workers: 6
[38.609s][debug  ][gc,phases      ] GC(141)   ResolvedMethodTable Weak       Min:  0.0, Avg:  0.0, Max:  0.0, Diff:  0.0, Sum:  0.0, Workers: 6
[38.609s][debug  ][gc,phases      ] GC(141)     Dead                           Min: 0, Avg:  0.0, Max: 0, Diff: 0, Sum: 0, Workers: 6
[38.609s][debug  ][gc,phases      ] GC(141)     Total                          Min: 0, Avg: 21.7, Max: 64, Diff: 64, Sum: 130, Workers: 6
[38.609s][debug  ][gc,phases      ] GC(141)   JNI Weak                       Min:  0.0, Avg:  0.0, Max:  0.0, Diff:  0.0, Sum:  0.0, Workers: 6
[38.609s][debug  ][gc,phases      ] GC(141)     Dead                           Min: 0, Avg:  0.0, Max: 0, Diff: 0, Sum: 0, Workers: 6
[38.609s][debug  ][gc,phases      ] GC(141)     Total                          Min: 0, Avg:  0.0, Max: 0, Diff: 0, Sum: 0, Workers: 6
[38.609s][debug  ][gc,phases      ] GC(141)   StringDedup Table Weak         Min:  0.0, Avg:  0.0, Max:  0.0, Diff:  0.0, Sum:  0.0, Workers: 6
[38.609s][debug  ][gc,phases      ] GC(141)     Dead                           Min: 0, Avg:  0.0, Max: 0, Diff: 0, Sum: 0, Workers: 6
[38.609s][debug  ][gc,phases      ] GC(141)     Total                          Min: 0, Avg:  0.0, Max: 0, Diff: 0, Sum: 0, Workers: 6
[38.609s][debug  ][gc,phases      ] GC(141)   StringDedup Requests0 Weak     Min:  0.0, Avg:  0.0, Max:  0.0, Diff:  0.0, Sum:  0.0, Workers: 6
[38.609s][debug  ][gc,phases      ] GC(141)     Dead                           Min: 0, Avg:  0.0, Max: 0, Diff: 0, Sum: 0, Workers: 6
[38.609s][debug  ][gc,phases      ] GC(141)     Total                          Min: 0, Avg:  0.0, Max: 0, Diff: 0, Sum: 0, Workers: 6
[38.609s][debug  ][gc,phases      ] GC(141)   StringDedup Requests1 Weak     Min:  0.0, Avg:  0.0, Max:  0.0, Diff:  0.0, Sum:  0.0, Workers: 6
[38.609s][debug  ][gc,phases      ] GC(141)     Dead                           Min: 0, Avg:  0.0, Max: 0, Diff: 0, Sum: 0, Workers: 6
[38.609s][debug  ][gc,phases      ] GC(141)     Total                          Min: 0, Avg:  0.0, Max: 0, Diff: 0, Sum: 0, Workers: 6
[38.609s][debug  ][gc,phases      ] GC(141)   Weak JFR Old Object Samples    Min:  0.0, Avg:  0.0, Max:  0.0, Diff:  0.0, Sum:  0.0, Workers: 6
[38.609s][debug  ][gc,phases      ] GC(141)     Dead                           Min: 0, Avg:  0.0, Max: 0, Diff: 0, Sum: 0, Workers: 6
[38.609s][debug  ][gc,phases      ] GC(141)     Total                          Min: 0, Avg:  0.0, Max: 0, Diff: 0, Sum: 0, Workers: 6
[38.609s][debug  ][gc,phases      ] GC(141) Weak Processing 0.794ms
[38.609s][debug  ][gc,ergo        ] GC(141) AdaptiveSizeStart:  collection: 142 
[38.610s][debug  ][gc,ergo        ] GC(141) avg_survived_padded_avg: 37366348.000000
[38.610s][debug  ][gc,ergo        ] GC(141) avg_promoted_padded_avg: 251024640.000000  avg_pretenured_padded_avg: 0.000000  tenuring_thresh: 1  target_size: 37748736
[38.610s][debug  ][gc,age         ] GC(141) Desired survivor size 37748736 bytes, new threshold 1 (max threshold 15)
[38.610s][debug  ][gc,ergo        ] GC(141) PSAdaptiveSizePolicy::compute_eden_space_size limits: desired_eden_size: 214881660 old_eden_size: 191365120 eden_limit: 192413696 cur_eden: 191365120 max_eden_size: 192413696 avg_young_live: 28715980
[38.610s][debug  ][gc,ergo        ] GC(141) PSAdaptiveSizePolicy::compute_eden_space_size: costs minor_time: 0.052184 major_cost: 0.032745 mutator_cost: 0.915071 throughput_goal: 0.990000
[38.610s][debug  ][gc,ergo        ] GC(141) Live_space: 910760576 free_space: 1546649600
[38.610s][debug  ][gc,ergo        ] GC(141) Old eden_size: 191365120 desired_eden_size: 192413696
[38.610s][debug  ][gc,ergo        ] GC(141) AdaptiveSizeStop: collection: 142 
[38.610s][info   ][gc,heap        ] GC(141) PSYoungGen: 208457K(224256K)->30720K(225280K) Eden: 177737K(186880K)->0K(188416K) From: 30720K(37376K)->30720K(36864K)
[38.610s][info   ][gc,heap        ] GC(141) ParOldGen: 1568357K(1915904K)->1742437K(1915904K)
[38.610s][info   ][gc,metaspace   ] GC(141) Metaspace: 1024K(1216K)->1024K(1216K) NonClass: 941K(1024K)->941K(1024K) Class: 83K(192K)->83K(192K)
[38.610s][info   ][gc             ] GC(141) Pause Young (Allocation Failure) 1735M->1731M(2091M) 16.231ms
[38.610s][info   ][gc,cpu         ] GC(141) User=0.16s Sys=0.00s Real=0.02s
[38.610s][debug  ][gc,heap        ] GC(141) Heap after GC invocations=142 (full 21):
[38.610s][debug  ][gc,heap        ] GC(141)  PSYoungGen      total 225280K, used 30720K [0x00000007f0000000, 0x0000000800000000, 0x0000000800000000)
[38.610s][debug  ][gc,heap        ] GC(141)   eden space 188416K, 0% used [0x00000007f0000000,0x00000007f0000000,0x00000007fb800000)
[38.610s][debug  ][gc,heap        ] GC(141)   from space 36864K, 83% used [0x00000007fdc00000,0x00000007ffa00030,0x0000000800000000)
[38.610s][debug  ][gc,heap        ] GC(141)   to   space 36864K, 0% used [0x00000007fb800000,0x00000007fb800000,0x00000007fdc00000)
[38.610s][debug  ][gc,heap        ] GC(141)  ParOldGen       total 1915904K, used 1742437K [0x0000000700000000, 0x0000000774f00000, 0x00000007f0000000)
[38.610s][debug  ][gc,heap        ] GC(141)   object space 1915904K, 90% used [0x0000000700000000,0x000000076a599698,0x0000000774f00000)
[38.610s][debug  ][gc,heap        ] GC(141)  Metaspace       used 1024K, committed 1216K, reserved 1056768K
[38.610s][debug  ][gc,heap        ] GC(141)   class space    used 83K, committed 192K, reserved 1048576K
[38.610s][debug  ][gc,task,time   ] GC(141) VM-Thread 385932314 386079565 386100519
[38.610s][debug  ][gc,phases,start] GC(142) Pre Compact
[38.610s][debug  ][gc,heap        ] GC(142) Heap before GC invocations=143 (full 22):
[38.610s][debug  ][gc,heap        ] GC(142)  PSYoungGen      total 225280K, used 30720K [0x00000007f0000000, 0x0000000800000000, 0x0000000800000000)
[38.610s][debug  ][gc,heap        ] GC(142)   eden space 188416K, 0% used [0x00000007f0000000,0x00000007f0000000,0x00000007fb800000)
[38.610s][debug  ][gc,heap        ] GC(142)   from space 36864K, 83% used [0x00000007fdc00000,0x00000007ffa00030,0x0000000800000000)
[38.610s][debug  ][gc,heap        ] GC(142)   to   space 36864K, 0% used [0x00000007fb800000,0x00000007fb800000,0x00000007fdc00000)
[38.610s][debug  ][gc,heap        ] GC(142)  ParOldGen       total 1915904K, used 1742437K [0x0000000700000000, 0x0000000774f00000, 0x00000007f0000000)
[38.610s][debug  ][gc,heap        ] GC(142)   object space 1915904K, 90% used [0x0000000700000000,0x000000076a599698,0x0000000774f00000)
[38.610s][debug  ][gc,heap        ] GC(142)  Metaspace       used 1024K, committed 1216K, reserved 1056768K
[38.610s][debug  ][gc,heap        ] GC(142)   class space    used 83K, committed 192K, reserved 1048576K
[38.610s][debug  ][gc,phases      ] GC(142) Pre Compact 0.217ms
[38.610s][info   ][gc,start       ] GC(142) Pause Full (Ergonomics)
[38.610s][info   ][gc,phases,start] GC(142) Marking Phase
[38.610s][debug  ][gc,phases,start] GC(142) Par Mark
[38.611s][debug  ][gc,phases      ] GC(142) Par Mark 0.474ms
[38.611s][debug  ][gc,phases,start] GC(142) Reference Processing
[38.611s][debug  ][gc,ref         ] GC(142) Skipped phase 1 of Reference Processing: no references
[38.611s][debug  ][gc,ref         ] GC(142) ReferenceProcessor::execute queues: 1, RefProcThreadModel::Single, marks_oops_alive: false
[38.611s][debug  ][gc,ref         ] GC(142) Skipped phase 3 of Reference Processing: no references
[38.611s][debug  ][gc,ref         ] GC(142) ReferenceProcessor::execute queues: 1, RefProcThreadModel::Single, marks_oops_alive: false
[38.611s][debug  ][gc,phases,ref  ] GC(142) Reference Processing: 0.1ms
[38.611s][debug  ][gc,phases,ref  ] GC(142)   Reconsider SoftReferences: 0.0ms
[38.611s][debug  ][gc,phases,ref  ] GC(142)     SoftRef (ms):                  skipped
[38.611s][debug  ][gc,phases,ref  ] GC(142)   Notify Soft/WeakReferences: 0.0ms
[38.611s][debug  ][gc,phases,ref  ] GC(142)     SoftRef (ms):                  Min:  0.0, Avg:  0.0, Max:  0.0, Diff:  0.0, Sum:  0.0, Workers: 10
[38.611s][debug  ][gc,phases,ref  ] GC(142)     WeakRef (ms):                  Min:  0.0, Avg:  0.0, Max:  0.0, Diff:  0.0, Sum:  0.0, Workers: 10
[38.611s][debug  ][gc,phases,ref  ] GC(142)     FinalRef (ms):                 Min:  0.0, Avg:  0.0, Max:  0.0, Diff:  0.0, Sum:  0.0, Workers: 10
[38.611s][debug  ][gc,phases,ref  ] GC(142)     Total (ms):                    Min:  0.0, Avg:  0.0, Max:  0.0, Diff:  0.0, Sum:  0.0, Workers: 10
[38.611s][debug  ][gc,phases,ref  ] GC(142)   Notify and keep alive finalizable: 0.0ms
[38.611s][debug  ][gc,phases,ref  ] GC(142)     FinalRef (ms):                 skipped
[38.611s][debug  ][gc,phases,ref  ] GC(142)   Notify PhantomReferences: 0.0ms
[38.611s][debug  ][gc,phases,ref  ] GC(142)     PhantomRef (ms):               Min:  0.0, Avg:  0.0, Max:  0.0, Diff:  0.0, Sum:  0.0, Workers: 10
[38.611s][debug  ][gc,phases,ref  ] GC(142)   SoftReference:
[38.611s][debug  ][gc,phases,ref  ] GC(142)     Discovered: 0
[38.611s][debug  ][gc,phases,ref  ] GC(142)     Cleared: 0
[38.611s][debug  ][gc,phases,ref  ] GC(142)   WeakReference:
[38.611s][debug  ][gc,phases,ref  ] GC(142)     Discovered: 70
[38.611s][debug  ][gc,phases,ref  ] GC(142)     Cleared: 70
[38.611s][debug  ][gc,phases,ref  ] GC(142)   FinalReference:
[38.611s][debug  ][gc,phases,ref  ] GC(142)     Discovered: 0
[38.611s][debug  ][gc,phases,ref  ] GC(142)     Cleared: 0
[38.611s][debug  ][gc,phases,ref  ] GC(142)   PhantomReference:
[38.611s][debug  ][gc,phases,ref  ] GC(142)     Discovered: 5
[38.611s][debug  ][gc,phases,ref  ] GC(142)     Cleared: 5
[38.611s][debug  ][gc,phases      ] GC(142) Reference Processing 0.610ms
[38.612s][debug  ][gc,phases,start] GC(142) Weak Processing
[38.612s][debug  ][gc,phases      ] GC(142)   VM Weak                        Min:  0.0, Avg:  0.0, Max:  0.0, Diff:  0.0, Sum:  0.0, Workers: 6
[38.612s][debug  ][gc,phases      ] GC(142)     Dead                           Min: 0, Avg:  0.0, Max: 0, Diff: 0, Sum: 0, Workers: 6
[38.612s][debug  ][gc,phases      ] GC(142)     Total                          Min: 0, Avg:  1.3, Max: 8, Diff: 8, Sum: 8, Workers: 6
[38.612s][debug  ][gc,phases      ] GC(142)   ObjectSynchronizer Weak        Min:  0.0, Avg:  0.0, Max:  0.0, Diff:  0.0, Sum:  0.0, Workers: 6
[38.612s][debug  ][gc,phases      ] GC(142)     Dead                           Min: 0, Avg:  0.0, Max: 0, Diff: 0, Sum: 0, Workers: 6
[38.612s][debug  ][gc,phases      ] GC(142)     Total                          Min: 0, Avg:  0.5, Max: 3, Diff: 3, Sum: 3, Workers: 6
[38.612s][debug  ][gc,phases      ] GC(142)   JVMTI Tag Weak OopStorage      Min:  0.0, Avg:  0.0, Max:  0.0, Diff:  0.0, Sum:  0.0, Workers: 6
[38.612s][debug  ][gc,phases      ] GC(142)     Dead                           Min: 0, Avg:  0.0, Max: 0, Diff: 0, Sum: 0, Workers: 6
[38.612s][debug  ][gc,phases      ] GC(142)     Total                          Min: 0, Avg:  0.0, Max: 0, Diff: 0, Sum: 0, Workers: 6
[38.612s][debug  ][gc,phases      ] GC(142)   StringTable Weak               Min:  0.0, Avg:  0.0, Max:  0.0, Diff:  0.0, Sum:  0.0, Workers: 6
[38.612s][debug  ][gc,phases      ] GC(142)     Dead                           Min: 0, Avg:  0.0, Max: 0, Diff: 0, Sum: 0, Workers: 6
[38.612s][debug  ][gc,phases      ] GC(142)     Total                          Min: 704, Avg: 892.5, Max: 1280, Diff: 576, Sum: 5355, Workers: 6
[38.612s][debug  ][gc,phases      ] GC(142)   ResolvedMethodTable Weak       Min:  0.0, Avg:  0.0, Max:  0.0, Diff:  0.0, Sum:  0.0, Workers: 6
[38.612s][debug  ][gc,phases      ] GC(142)     Dead                           Min: 0, Avg:  0.0, Max: 0, Diff: 0, Sum: 0, Workers: 6
[38.612s][debug  ][gc,phases      ] GC(142)     Total                          Min: 0, Avg: 21.7, Max: 64, Diff: 64, Sum: 130, Workers: 6
[38.612s][debug  ][gc,phases      ] GC(142)   JNI Weak                       Min:  0.0, Avg:  0.0, Max:  0.0, Diff:  0.0, Sum:  0.0, Workers: 6
[38.612s][debug  ][gc,phases      ] GC(142)     Dead                           Min: 0, Avg:  0.0, Max: 0, Diff: 0, Sum: 0, Workers: 6
[38.612s][debug  ][gc,phases      ] GC(142)     Total                          Min: 0, Avg:  0.0, Max: 0, Diff: 0, Sum: 0, Workers: 6
[38.612s][debug  ][gc,phases      ] GC(142)   StringDedup Table Weak         Min:  0.0, Avg:  0.0, Max:  0.0, Diff:  0.0, Sum:  0.0, Workers: 6
[38.612s][debug  ][gc,phases      ] GC(142)     Dead                           Min: 0, Avg:  0.0, Max: 0, Diff: 0, Sum: 0, Workers: 6
[38.612s][debug  ][gc,phases      ] GC(142)     Total                          Min: 0, Avg:  0.0, Max: 0, Diff: 0, Sum: 0, Workers: 6
[38.612s][debug  ][gc,phases      ] GC(142)   StringDedup Requests0 Weak     Min:  0.0, Avg:  0.0, Max:  0.0, Diff:  0.0, Sum:  0.0, Workers: 6
[38.612s][debug  ][gc,phases      ] GC(142)     Dead                           Min: 0, Avg:  0.0, Max: 0, Diff: 0, Sum: 0, Workers: 6
[38.612s][debug  ][gc,phases      ] GC(142)     Total                          Min: 0, Avg:  0.0, Max: 0, Diff: 0, Sum: 0, Workers: 6
[38.612s][debug  ][gc,phases      ] GC(142)   StringDedup Requests1 Weak     Min:  0.0, Avg:  0.0, Max:  0.0, Diff:  0.0, Sum:  0.0, Workers: 6
[38.612s][debug  ][gc,phases      ] GC(142)     Dead                           Min: 0, Avg:  0.0, Max: 0, Diff: 0, Sum: 0, Workers: 6
[38.612s][debug  ][gc,phases      ] GC(142)     Total                          Min: 0, Avg:  0.0, Max: 0, Diff: 0, Sum: 0, Workers: 6
[38.612s][debug  ][gc,phases      ] GC(142)   Weak JFR Old Object Samples    Min:  0.0, Avg:  0.0, Max:  0.0, Diff:  0.0, Sum:  0.0, Workers: 6
[38.612s][debug  ][gc,phases      ] GC(142)     Dead                           Min: 0, Avg:  0.0, Max: 0, Diff: 0, Sum: 0, Workers: 6
[38.612s][debug  ][gc,phases      ] GC(142)     Total                          Min: 0, Avg:  0.0, Max: 0, Diff: 0, Sum: 0, Workers: 6
[38.612s][debug  ][gc,phases      ] GC(142) Weak Processing 0.664ms
[38.612s][debug  ][gc,phases,start] GC(142) Class Unloading
[38.612s][debug  ][gc,phases,start] GC(142) ClassLoaderData
[38.612s][debug  ][gc,phases      ] GC(142) ClassLoaderData 0.020ms
[38.612s][debug  ][gc,phases,start] GC(142) Trigger cleanups
[38.612s][debug  ][gc,phases      ] GC(142) Trigger cleanups 0.019ms
[38.612s][debug  ][gc,phases      ] GC(142) Class Unloading 0.252ms
[38.612s][info   ][gc,phases      ] GC(142) Marking Phase 2.122ms
[38.612s][info   ][gc,phases,start] GC(142) Summary Phase
[38.613s][info   ][gc,phases      ] GC(142) Summary Phase 0.038ms
[38.613s][info   ][gc,phases,start] GC(142) Adjust Roots
[38.613s][info   ][gc,phases      ] GC(142) Adjust Roots 0.151ms
[38.613s][info   ][gc,phases,start] GC(142) Compaction Phase
[38.712s][info   ][gc,phases      ] GC(142) Compaction Phase 99.280ms
[38.712s][info   ][gc,phases,start] GC(142) Post Compact
[38.718s][info   ][gc,phases      ] GC(142) Post Compact 5.505ms
[38.718s][debug  ][gc,ergo        ] GC(142) AdaptiveSizeStart: collection: 143 
[38.718s][debug  ][gc,ergo        ] GC(142) PSAdaptiveSizePolicy::compute_eden_space_size limits: desired_eden_size: 216275899 old_eden_size: 192413696 eden_limit: 192937984 cur_eden: 192937984 max_eden_size: 192937984 avg_young_live: 25844382
[38.718s][debug  ][gc,ergo        ] GC(142) PSAdaptiveSizePolicy::compute_eden_space_size: costs minor_time: 0.052184 major_cost: 0.034567 mutator_cost: 0.913249 throughput_goal: 0.990000
[38.718s][debug  ][gc,ergo        ] GC(142) Live_space: 907889024 free_space: 1547698176
[38.718s][debug  ][gc,ergo        ] GC(142) Old eden_size: 192413696 desired_eden_size: 192937984
[38.718s][debug  ][gc,ergo        ] GC(142) PSAdaptiveSizePolicy::compute_old_gen_free_space: costs minor_time: 0.052184 major_cost: 0.034567  mutator_cost: 0.913249 throughput_goal: 0.990000
[38.718s][debug  ][gc,ergo        ] GC(142) Live_space: 940018944 free_space: 1548222464
[38.718s][debug  ][gc,ergo        ] GC(142) Old promo_size: 1355284480 desired_promo_size: 1463812096
[38.719s][debug  ][gc             ] GC(142) Expanding ParOldGen from 1915904K by 671744K to 2587648K
[38.719s][debug  ][gc,ergo        ] GC(142) AdaptiveSizeStop: collection: 143 
[38.719s][info   ][gc,heap        ] GC(142) PSYoungGen: 30720K(225280K)->0K(225280K) Eden: 0K(188416K)->0K(188416K) From: 30720K(36864K)->0K(36864K)
[38.719s][info   ][gc,heap        ] GC(142) ParOldGen: 1742437K(1915904K)->912996K(2587648K)
[38.719s][info   ][gc,metaspace   ] GC(142) Metaspace: 1024K(1216K)->1024K(1216K) NonClass: 941K(1024K)->941K(1024K) Class: 83K(192K)->83K(192K)
[38.719s][info   ][gc             ] GC(142) Pause Full (Ergonomics) 1731M->891M(2747M) 109.016ms
[38.719s][info   ][gc,cpu         ] GC(142) User=1.03s Sys=0.00s Real=0.11s
[38.719s][debug  ][gc,heap        ] GC(142) Heap after GC invocations=143 (full 22):
[38.719s][debug  ][gc,heap        ] GC(142)  PSYoungGen      total 225280K, used 0K [0x00000007f0000000, 0x0000000800000000, 0x0000000800000000)
[38.719s][debug  ][gc,heap        ] GC(142)   eden space 188416K, 0% used [0x00000007f0000000,0x00000007f0000000,0x00000007fb800000)
[38.719s][debug  ][gc,heap        ] GC(142)   from space 36864K, 0% used [0x00000007fb800000,0x00000007fb800000,0x00000007fdc00000)
[38.719s][debug  ][gc,heap        ] GC(142)   to   space 36864K, 0% used [0x00000007fdc00000,0x00000007fdc00000,0x0000000800000000)
[38.719s][debug  ][gc,heap        ] GC(142)  ParOldGen       total 2587648K, used 912996K [0x0000000700000000, 0x000000079df00000, 0x00000007f0000000)
[38.720s][debug  ][gc,heap        ] GC(142)   object space 2587648K, 35% used [0x0000000700000000,0x0000000737b99188,0x000000079df00000)
[38.720s][debug  ][gc,heap        ] GC(142)  Metaspace       used 1024K, committed 1216K, reserved 1056768K
[38.720s][debug  ][gc,heap        ] GC(142)   class space    used 83K, committed 192K, reserved 1048576K
[38.720s][debug  ][gc,task,time   ] GC(142) VM-Thread 386103409 386127472 387193847
[39.005s][debug  ][gc,heap        ] GC(143) Heap before GC invocations=144 (full 22):
[39.005s][debug  ][gc,heap        ] GC(143)  PSYoungGen      total 225280K, used 188009K [0x00000007f0000000, 0x0000000800000000, 0x0000000800000000)
[39.006s][debug  ][gc,heap        ] GC(143)   eden space 188416K, 99% used [0x00000007f0000000,0x00000007fb79a410,0x00000007fb800000)
[39.006s][debug  ][gc,heap        ] GC(143)   from space 36864K, 0% used [0x00000007fb800000,0x00000007fb800000,0x00000007fdc00000)
[39.006s][debug  ][gc,heap        ] GC(143)   to   space 36864K, 0% used [0x00000007fdc00000,0x00000007fdc00000,0x0000000800000000)
[39.006s][debug  ][gc,heap        ] GC(143)  ParOldGen       total 2587648K, used 912996K [0x0000000700000000, 0x000000079df00000, 0x00000007f0000000)
[39.006s][debug  ][gc,heap        ] GC(143)   object space 2587648K, 35% used [0x0000000700000000,0x0000000737b99188,0x000000079df00000)
[39.006s][debug  ][gc,heap        ] GC(143)  Metaspace       used 1024K, committed 1216K, reserved 1056768K
[39.006s][debug  ][gc,heap        ] GC(143)   class space    used 83K, committed 192K, reserved 1048576K
[39.006s][debug  ][gc,tlab        ] GC(143) TLAB totals: thrds: 1  refills: 1 max: 1 slow allocs: 17 max 17 waste: 26.5% gc: 3776200B max: 3776200B slow: 0B max: 0B
[39.006s][info   ][gc,start       ] GC(143) Pause Young (Allocation Failure)
[39.006s][debug  ][gc,phases,start] GC(143) Scavenge
[39.011s][debug  ][gc,phases      ] GC(143) Scavenge 5.552ms
[39.011s][debug  ][gc,phases,start] GC(143) Reference Processing
[39.012s][debug  ][gc,ref         ] GC(143) Skipped phase 1 of Reference Processing: no references
[39.012s][debug  ][gc,ref         ] GC(143) Skipped phase 2 of Reference Processing: no references
[39.012s][debug  ][gc,ref         ] GC(143) Skipped phase 3 of Reference Processing: no references
[39.012s][debug  ][gc,ref         ] GC(143) Skipped phase 4 of Reference Processing: no references
[39.012s][debug  ][gc,phases,ref  ] GC(143) Reference Processing: 0.1ms
[39.012s][debug  ][gc,phases,ref  ] GC(143)   Reconsider SoftReferences: 0.0ms
[39.012s][debug  ][gc,phases,ref  ] GC(143)     SoftRef (ms):                  skipped
[39.012s][debug  ][gc,phases,ref  ] GC(143)   Notify Soft/WeakReferences: 0.0ms
[39.012s][debug  ][gc,phases,ref  ] GC(143)     SoftRef (ms):                  skipped
[39.012s][debug  ][gc,phases,ref  ] GC(143)     WeakRef (ms):                  skipped
[39.012s][debug  ][gc,phases,ref  ] GC(143)     FinalRef (ms):                 skipped
[39.012s][debug  ][gc,phases,ref  ] GC(143)     Total (ms):                    skipped
[39.012s][debug  ][gc,phases,ref  ] GC(143)   Notify and keep alive finalizable: 0.0ms
[39.012s][debug  ][gc,phases,ref  ] GC(143)     FinalRef (ms):                 skipped
[39.012s][debug  ][gc,phases,ref  ] GC(143)   Notify PhantomReferences: 0.0ms
[39.012s][debug  ][gc,phases,ref  ] GC(143)     PhantomRef (ms):               skipped
[39.012s][debug  ][gc,phases,ref  ] GC(143)   SoftReference:
[39.012s][debug  ][gc,phases,ref  ] GC(143)     Discovered: 0
[39.012s][debug  ][gc,phases,ref  ] GC(143)     Cleared: 0
[39.012s][debug  ][gc,phases,ref  ] GC(143)   WeakReference:
[39.012s][debug  ][gc,phases,ref  ] GC(143)     Discovered: 0
[39.012s][debug  ][gc,phases,ref  ] GC(143)     Cleared: 0
[39.012s][debug  ][gc,phases,ref  ] GC(143)   FinalReference:
[39.012s][debug  ][gc,phases,ref  ] GC(143)     Discovered: 0
[39.012s][debug  ][gc,phases,ref  ] GC(143)     Cleared: 0
[39.012s][debug  ][gc,phases,ref  ] GC(143)   PhantomReference:
[39.012s][debug  ][gc,phases,ref  ] GC(143)     Discovered: 0
[39.012s][debug  ][gc,phases,ref  ] GC(143)     Cleared: 0
[39.012s][debug  ][gc,phases      ] GC(143) Reference Processing 0.683ms
[39.012s][debug  ][gc,phases,start] GC(143) Weak Processing
[39.012s][debug  ][gc,phases      ] GC(143)   VM Weak                        Min:  0.0, Avg:  0.0, Max:  0.0, Diff:  0.0, Sum:  0.0, Workers: 6
[39.012s][debug  ][gc,phases      ] GC(143)     Dead                           Min: 0, Avg:  0.0, Max: 0, Diff: 0, Sum: 0, Workers: 6
[39.012s][debug  ][gc,phases      ] GC(143)     Total                          Min: 0, Avg:  1.3, Max: 8, Diff: 8, Sum: 8, Workers: 6
[39.012s][debug  ][gc,phases      ] GC(143)   ObjectSynchronizer Weak        Min:  0.0, Avg:  0.0, Max:  0.0, Diff:  0.0, Sum:  0.0, Workers: 6
[39.012s][debug  ][gc,phases      ] GC(143)     Dead                           Min: 0, Avg:  0.0, Max: 0, Diff: 0, Sum: 0, Workers: 6
[39.012s][debug  ][gc,phases      ] GC(143)     Total                          Min: 0, Avg:  0.5, Max: 3, Diff: 3, Sum: 3, Workers: 6
[39.012s][debug  ][gc,phases      ] GC(143)   JVMTI Tag Weak OopStorage      Min:  0.0, Avg:  0.0, Max:  0.0, Diff:  0.0, Sum:  0.0, Workers: 6
[39.012s][debug  ][gc,phases      ] GC(143)     Dead                           Min: 0, Avg:  0.0, Max: 0, Diff: 0, Sum: 0, Workers: 6
[39.012s][debug  ][gc,phases      ] GC(143)     Total                          Min: 0, Avg:  0.0, Max: 0, Diff: 0, Sum: 0, Workers: 6
[39.012s][debug  ][gc,phases      ] GC(143)   StringTable Weak               Min:  0.0, Avg:  0.0, Max:  0.0, Diff:  0.0, Sum:  0.0, Workers: 6
[39.013s][debug  ][gc,phases      ] GC(143)     Dead                           Min: 0, Avg:  0.0, Max: 0, Diff: 0, Sum: 0, Workers: 6
[39.013s][debug  ][gc,phases      ] GC(143)     Total                          Min: 704, Avg: 892.5, Max: 1024, Diff: 320, Sum: 5355, Workers: 6
[39.013s][debug  ][gc,phases      ] GC(143)   ResolvedMethodTable Weak       Min:  0.0, Avg:  0.0, Max:  0.0, Diff:  0.0, Sum:  0.0, Workers: 6
[39.013s][debug  ][gc,phases      ] GC(143)     Dead                           Min: 0, Avg:  0.0, Max: 0, Diff: 0, Sum: 0, Workers: 6
[39.013s][debug  ][gc,phases      ] GC(143)     Total                          Min: 0, Avg: 21.7, Max: 64, Diff: 64, Sum: 130, Workers: 6
[39.013s][debug  ][gc,phases      ] GC(143)   JNI Weak                       Min:  0.0, Avg:  0.0, Max:  0.0, Diff:  0.0, Sum:  0.0, Workers: 6
[39.013s][debug  ][gc,phases      ] GC(143)     Dead                           Min: 0, Avg:  0.0, Max: 0, Diff: 0, Sum: 0, Workers: 6
[39.013s][debug  ][gc,phases      ] GC(143)     Total                          Min: 0, Avg:  0.0, Max: 0, Diff: 0, Sum: 0, Workers: 6
[39.013s][debug  ][gc,phases      ] GC(143)   StringDedup Table Weak         Min:  0.0, Avg:  0.0, Max:  0.0, Diff:  0.0, Sum:  0.0, Workers: 6
[39.013s][debug  ][gc,phases      ] GC(143)     Dead                           Min: 0, Avg:  0.0, Max: 0, Diff: 0, Sum: 0, Workers: 6
[39.013s][debug  ][gc,phases      ] GC(143)     Total                          Min: 0, Avg:  0.0, Max: 0, Diff: 0, Sum: 0, Workers: 6
[39.013s][debug  ][gc,phases      ] GC(143)   StringDedup Requests0 Weak     Min:  0.0, Avg:  0.0, Max:  0.0, Diff:  0.0, Sum:  0.0, Workers: 6
[39.013s][debug  ][gc,phases      ] GC(143)     Dead                           Min: 0, Avg:  0.0, Max: 0, Diff: 0, Sum: 0, Workers: 6
[39.013s][debug  ][gc,phases      ] GC(143)     Total                          Min: 0, Avg:  0.0, Max: 0, Diff: 0, Sum: 0, Workers: 6
[39.013s][debug  ][gc,phases      ] GC(143)   StringDedup Requests1 Weak     Min:  0.0, Avg:  0.0, Max:  0.0, Diff:  0.0, Sum:  0.0, Workers: 6
[39.013s][debug  ][gc,phases      ] GC(143)     Dead                           Min: 0, Avg:  0.0, Max: 0, Diff: 0, Sum: 0, Workers: 6
[39.013s][debug  ][gc,phases      ] GC(143)     Total                          Min: 0, Avg:  0.0, Max: 0, Diff: 0, Sum: 0, Workers: 6
[39.013s][debug  ][gc,phases      ] GC(143)   Weak JFR Old Object Samples    Min:  0.0, Avg:  0.0, Max:  0.0, Diff:  0.0, Sum:  0.0, Workers: 6
[39.013s][debug  ][gc,phases      ] GC(143)     Dead                           Min: 0, Avg:  0.0, Max: 0, Diff: 0, Sum: 0, Workers: 6
[39.013s][debug  ][gc,phases      ] GC(143)     Total                          Min: 0, Avg:  0.0, Max: 0, Diff: 0, Sum: 0, Workers: 6
[39.013s][debug  ][gc,phases      ] GC(143) Weak Processing 0.794ms
[39.013s][debug  ][gc,ergo        ] GC(143) AdaptiveSizeStart:  collection: 144 
[39.013s][debug  ][gc,ergo        ] GC(143) avg_survived_padded_avg: 37036004.000000
[39.013s][debug  ][gc,ergo        ] GC(143) avg_promoted_padded_avg: 260741184.000000  avg_pretenured_padded_avg: 0.000000  tenuring_thresh: 1  target_size: 37224448
[39.013s][debug  ][gc,age         ] GC(143) Desired survivor size 37224448 bytes, new threshold 1 (max threshold 15)
[39.013s][debug  ][gc,ergo        ] GC(143) PSAdaptiveSizePolicy::compute_eden_space_size limits: desired_eden_size: 214572557 old_eden_size: 192937984 eden_limit: 192937984 cur_eden: 192937984 max_eden_size: 192937984 avg_young_live: 26405676
[39.013s][debug  ][gc,ergo        ] GC(143) PSAdaptiveSizePolicy::compute_eden_space_size: costs minor_time: 0.043574 major_cost: 0.034567 mutator_cost: 0.921859 throughput_goal: 0.990000
[39.013s][debug  ][gc,ergo        ] GC(143) Live_space: 940580224 free_space: 1656750080
[39.013s][debug  ][gc,ergo        ] GC(143) Old eden_size: 192937984 desired_eden_size: 192937984
[39.013s][debug  ][gc,ergo        ] GC(143) AdaptiveSizeStop: collection: 144 
[39.013s][info   ][gc,heap        ] GC(143) PSYoungGen: 188009K(225280K)->30720K(225792K) Eden: 188009K(188416K)->0K(188928K) From: 0K(36864K)->30720K(36864K)
[39.013s][info   ][gc,heap        ] GC(143) ParOldGen: 912996K(2587648K)->953956K(2587648K)
[39.013s][info   ][gc,metaspace   ] GC(143) Metaspace: 1024K(1216K)->1024K(1216K) NonClass: 941K(1024K)->941K(1024K) Class: 83K(192K)->83K(192K)
[39.013s][info   ][gc             ] GC(143) Pause Young (Allocation Failure) 1075M->961M(2747M) 7.533ms
[39.013s][info   ][gc,cpu         ] GC(143) User=0.14s Sys=0.02s Real=0.01s
[39.013s][debug  ][gc,heap        ] GC(143) Heap after GC invocations=144 (full 22):
[39.013s][debug  ][gc,heap        ] GC(143)  PSYoungGen      total 225792K, used 30720K [0x00000007f0000000, 0x0000000800000000, 0x0000000800000000)
[39.013s][debug  ][gc,heap        ] GC(143)   eden space 188928K, 0% used [0x00000007f0000000,0x00000007f0000000,0x00000007fb880000)
[39.013s][debug  ][gc,heap        ] GC(143)   from space 36864K, 83% used [0x00000007fdc00000,0x00000007ffa00030,0x0000000800000000)
[39.013s][debug  ][gc,heap        ] GC(143)   to   space 36352K, 0% used [0x00000007fb880000,0x00000007fb880000,0x00000007fdc00000)
[39.014s][debug  ][gc,heap        ] GC(143)  ParOldGen       total 2587648K, used 953956K [0x0000000700000000, 0x000000079df00000, 0x00000007f0000000)
[39.014s][debug  ][gc,heap        ] GC(143)   object space 2587648K, 36% used [0x0000000700000000,0x000000073a3991c8,0x000000079df00000)
[39.014s][debug  ][gc,heap        ] GC(143)  Metaspace       used 1024K, committed 1216K, reserved 1056768K
[39.014s][debug  ][gc,heap        ] GC(143)   class space    used 83K, committed 192K, reserved 1048576K
[39.014s][debug  ][gc,task,time   ] GC(143) VM-Thread 390053893 390114910 390136235
[39.307s][debug  ][gc,heap        ] GC(144) Heap before GC invocations=145 (full 22):
[39.307s][debug  ][gc,heap        ] GC(144)  PSYoungGen      total 225792K, used 218669K [0x00000007f0000000, 0x0000000800000000, 0x0000000800000000)
[39.307s][debug  ][gc,heap        ] GC(144)   eden space 188928K, 99% used [0x00000007f0000000,0x00000007fb78b3f8,0x00000007fb880000)
[39.307s][debug  ][gc,heap        ] GC(144)   from space 36864K, 83% used [0x00000007fdc00000,0x00000007ffa00030,0x0000000800000000)
[39.307s][debug  ][gc,heap        ] GC(144)   to   space 36352K, 0% used [0x00000007fb880000,0x00000007fb880000,0x00000007fdc00000)
[39.307s][debug  ][gc,heap        ] GC(144)  ParOldGen       total 2587648K, used 953956K [0x0000000700000000, 0x000000079df00000, 0x00000007f0000000)
[39.307s][debug  ][gc,heap        ] GC(144)   object space 2587648K, 36% used [0x0000000700000000,0x000000073a3991c8,0x000000079df00000)
[39.307s][debug  ][gc,heap        ] GC(144)  Metaspace       used 1024K, committed 1216K, reserved 1056768K
[39.307s][debug  ][gc,heap        ] GC(144)   class space    used 83K, committed 192K, reserved 1048576K
[39.307s][debug  ][gc,tlab        ] GC(144) TLAB totals: thrds: 1  refills: 1 max: 1 slow allocs: 17 max 17 waste: 26.2% gc: 3715800B max: 3715800B slow: 0B max: 0B
[39.307s][info   ][gc,start       ] GC(144) Pause Young (Allocation Failure)
[39.307s][debug  ][gc,phases,start] GC(144) Scavenge
[39.322s][debug  ][gc,phases      ] GC(144) Scavenge 14.911ms
[39.322s][debug  ][gc,phases,start] GC(144) Reference Processing
[39.322s][debug  ][gc,ref         ] GC(144) Skipped phase 1 of Reference Processing: no references
[39.323s][debug  ][gc,ref         ] GC(144) Skipped phase 2 of Reference Processing: no references
[39.323s][debug  ][gc,ref         ] GC(144) Skipped phase 3 of Reference Processing: no references
[39.323s][debug  ][gc,ref         ] GC(144) Skipped phase 4 of Reference Processing: no references
[39.323s][debug  ][gc,phases,ref  ] GC(144) Reference Processing: 0.1ms
[39.323s][debug  ][gc,phases,ref  ] GC(144)   Reconsider SoftReferences: 0.0ms
[39.323s][debug  ][gc,phases,ref  ] GC(144)     SoftRef (ms):                  skipped
[39.323s][debug  ][gc,phases,ref  ] GC(144)   Notify Soft/WeakReferences: 0.0ms
[39.323s][debug  ][gc,phases,ref  ] GC(144)     SoftRef (ms):                  skipped
[39.323s][debug  ][gc,phases,ref  ] GC(144)     WeakRef (ms):                  skipped
[39.323s][debug  ][gc,phases,ref  ] GC(144)     FinalRef (ms):                 skipped
[39.323s][debug  ][gc,phases,ref  ] GC(144)     Total (ms):                    skipped
[39.323s][debug  ][gc,phases,ref  ] GC(144)   Notify and keep alive finalizable: 0.0ms
[39.323s][debug  ][gc,phases,ref  ] GC(144)     FinalRef (ms):                 skipped
[39.323s][debug  ][gc,phases,ref  ] GC(144)   Notify PhantomReferences: 0.0ms
[39.323s][debug  ][gc,phases,ref  ] GC(144)     PhantomRef (ms):               skipped
[39.323s][debug  ][gc,phases,ref  ] GC(144)   SoftReference:
[39.323s][debug  ][gc,phases,ref  ] GC(144)     Discovered: 0
[39.323s][debug  ][gc,phases,ref  ] GC(144)     Cleared: 0
[39.323s][debug  ][gc,phases,ref  ] GC(144)   WeakReference:
[39.323s][debug  ][gc,phases,ref  ] GC(144)     Discovered: 0
[39.323s][debug  ][gc,phases,ref  ] GC(144)     Cleared: 0
[39.323s][debug  ][gc,phases,ref  ] GC(144)   FinalReference:
[39.323s][debug  ][gc,phases,ref  ] GC(144)     Discovered: 0
[39.323s][debug  ][gc,phases,ref  ] GC(144)     Cleared: 0
[39.323s][debug  ][gc,phases,ref  ] GC(144)   PhantomReference:
[39.323s][debug  ][gc,phases,ref  ] GC(144)     Discovered: 0
[39.323s][debug  ][gc,phases,ref  ] GC(144)     Cleared: 0
[39.323s][debug  ][gc,phases      ] GC(144) Reference Processing 0.815ms
[39.323s][debug  ][gc,phases,start] GC(144) Weak Processing
[39.323s][debug  ][gc,phases      ] GC(144)   VM Weak                        Min:  0.0, Avg:  0.0, Max:  0.0, Diff:  0.0, Sum:  0.0, Workers: 6
[39.323s][debug  ][gc,phases      ] GC(144)     Dead                           Min: 0, Avg:  0.0, Max: 0, Diff: 0, Sum: 0, Workers: 6
[39.323s][debug  ][gc,phases      ] GC(144)     Total                          Min: 0, Avg:  1.3, Max: 8, Diff: 8, Sum: 8, Workers: 6
[39.323s][debug  ][gc,phases      ] GC(144)   ObjectSynchronizer Weak        Min:  0.0, Avg:  0.0, Max:  0.0, Diff:  0.0, Sum:  0.0, Workers: 6
[39.323s][debug  ][gc,phases      ] GC(144)     Dead                           Min: 0, Avg:  0.0, Max: 0, Diff: 0, Sum: 0, Workers: 6
[39.324s][debug  ][gc,phases      ] GC(144)     Total                          Min: 0, Avg:  0.5, Max: 3, Diff: 3, Sum: 3, Workers: 6
[39.324s][debug  ][gc,phases      ] GC(144)   JVMTI Tag Weak OopStorage      Min:  0.0, Avg:  0.0, Max:  0.0, Diff:  0.0, Sum:  0.0, Workers: 6
[39.324s][debug  ][gc,phases      ] GC(144)     Dead                           Min: 0, Avg:  0.0, Max: 0, Diff: 0, Sum: 0, Workers: 6
[39.324s][debug  ][gc,phases      ] GC(144)     Total                          Min: 0, Avg:  0.0, Max: 0, Diff: 0, Sum: 0, Workers: 6
[39.324s][debug  ][gc,phases      ] GC(144)   StringTable Weak               Min:  0.0, Avg:  0.0, Max:  0.0, Diff:  0.0, Sum:  0.0, Workers: 6
[39.324s][debug  ][gc,phases      ] GC(144)     Dead                           Min: 0, Avg:  0.0, Max: 0, Diff: 0, Sum: 0, Workers: 6
[39.324s][debug  ][gc,phases      ] GC(144)     Total                          Min: 703, Avg: 892.5, Max: 1216, Diff: 513, Sum: 5355, Workers: 6
[39.324s][debug  ][gc,phases      ] GC(144)   ResolvedMethodTable Weak       Min:  0.0, Avg:  0.0, Max:  0.0, Diff:  0.0, Sum:  0.0, Workers: 6
[39.324s][debug  ][gc,phases      ] GC(144)     Dead                           Min: 0, Avg:  0.0, Max: 0, Diff: 0, Sum: 0, Workers: 6
[39.324s][debug  ][gc,phases      ] GC(144)     Total                          Min: 0, Avg: 21.7, Max: 64, Diff: 64, Sum: 130, Workers: 6
[39.324s][debug  ][gc,phases      ] GC(144)   JNI Weak                       Min:  0.0, Avg:  0.0, Max:  0.0, Diff:  0.0, Sum:  0.0, Workers: 6
[39.324s][debug  ][gc,phases      ] GC(144)     Dead                           Min: 0, Avg:  0.0, Max: 0, Diff: 0, Sum: 0, Workers: 6
[39.324s][debug  ][gc,phases      ] GC(144)     Total                          Min: 0, Avg:  0.0, Max: 0, Diff: 0, Sum: 0, Workers: 6
[39.324s][debug  ][gc,phases      ] GC(144)   StringDedup Table Weak         Min:  0.0, Avg:  0.0, Max:  0.0, Diff:  0.0, Sum:  0.0, Workers: 6
[39.324s][debug  ][gc,phases      ] GC(144)     Dead                           Min: 0, Avg:  0.0, Max: 0, Diff: 0, Sum: 0, Workers: 6
[39.324s][debug  ][gc,phases      ] GC(144)     Total                          Min: 0, Avg:  0.0, Max: 0, Diff: 0, Sum: 0, Workers: 6
[39.324s][debug  ][gc,phases      ] GC(144)   StringDedup Requests0 Weak     Min:  0.0, Avg:  0.0, Max:  0.0, Diff:  0.0, Sum:  0.0, Workers: 6
[39.324s][debug  ][gc,phases      ] GC(144)     Dead                           Min: 0, Avg:  0.0, Max: 0, Diff: 0, Sum: 0, Workers: 6
[39.324s][debug  ][gc,phases      ] GC(144)     Total                          Min: 0, Avg:  0.0, Max: 0, Diff: 0, Sum: 0, Workers: 6
[39.324s][debug  ][gc,phases      ] GC(144)   StringDedup Requests1 Weak     Min:  0.0, Avg:  0.0, Max:  0.0, Diff:  0.0, Sum:  0.0, Workers: 6
[39.324s][debug  ][gc,phases      ] GC(144)     Dead                           Min: 0, Avg:  0.0, Max: 0, Diff: 0, Sum: 0, Workers: 6
[39.324s][debug  ][gc,phases      ] GC(144)     Total                          Min: 0, Avg:  0.0, Max: 0, Diff: 0, Sum: 0, Workers: 6
[39.324s][debug  ][gc,phases      ] GC(144)   Weak JFR Old Object Samples    Min:  0.0, Avg:  0.0, Max:  0.0, Diff:  0.0, Sum:  0.0, Workers: 6
[39.324s][debug  ][gc,phases      ] GC(144)     Dead                           Min: 0, Avg:  0.0, Max: 0, Diff: 0, Sum: 0, Workers: 6
[39.324s][debug  ][gc,phases      ] GC(144)     Total                          Min: 0, Avg:  0.0, Max: 0, Diff: 0, Sum: 0, Workers: 6
[39.324s][debug  ][gc,phases      ] GC(144) Weak Processing 0.868ms
[39.324s][debug  ][gc,ergo        ] GC(144) AdaptiveSizeStart:  collection: 145 
[39.324s][debug  ][gc,ergo        ] GC(144) avg_survived_padded_avg: 36712636.000000
[39.324s][debug  ][gc,ergo        ] GC(144) avg_promoted_padded_avg: 265615456.000000  avg_pretenured_padded_avg: 0.000000  tenuring_thresh: 1  target_size: 37224448
[39.324s][debug  ][gc,age         ] GC(144) Desired survivor size 37224448 bytes, new threshold 1 (max threshold 15)
[39.324s][debug  ][gc,ergo        ] GC(144) PSAdaptiveSizePolicy::compute_eden_space_size limits: desired_eden_size: 215638877 old_eden_size: 192937984 eden_limit: 193462272 cur_eden: 193462272 max_eden_size: 193462272 avg_young_live: 26910840
[39.324s][debug  ][gc,ergo        ] GC(144) PSAdaptiveSizePolicy::compute_eden_space_size: costs minor_time: 0.046122 major_cost: 0.034567 mutator_cost: 0.919310 throughput_goal: 0.990000
[39.324s][debug  ][gc,ergo        ] GC(144) Live_space: 941085376 free_space: 1656750080
[39.324s][debug  ][gc,ergo        ] GC(144) Old eden_size: 192937984 desired_eden_size: 193462272
[39.324s][debug  ][gc,ergo        ] GC(144) AdaptiveSizeStop: collection: 145 
[39.324s][info   ][gc,heap        ] GC(144) PSYoungGen: 218669K(225792K)->30720K(225280K) Eden: 187948K(188928K)->0K(188928K) From: 30720K(36864K)->30720K(36352K)
[39.324s][info   ][gc,heap        ] GC(144) ParOldGen: 953956K(2587648K)->1138276K(2587648K)
[39.324s][info   ][gc,metaspace   ] GC(144) Metaspace: 1024K(1216K)->1024K(1216K) NonClass: 941K(1024K)->941K(1024K) Class: 83K(192K)->83K(192K)
[39.325s][info   ][gc             ] GC(144) Pause Young (Allocation Failure) 1145M->1141M(2747M) 17.114ms
[39.325s][info   ][gc,cpu         ] GC(144) User=0.14s Sys=0.00s Real=0.02s
[39.325s][debug  ][gc,heap        ] GC(144) Heap after GC invocations=145 (full 22):
[39.325s][debug  ][gc,heap        ] GC(144)  PSYoungGen      total 225280K, used 30720K [0x00000007f0000000, 0x0000000800000000, 0x0000000800000000)
[39.325s][debug  ][gc,heap        ] GC(144)   eden space 188928K, 0% used [0x00000007f0000000,0x00000007f0000000,0x00000007fb880000)
[39.325s][debug  ][gc,heap        ] GC(144)   from space 36352K, 84% used [0x00000007fb880000,0x00000007fd680030,0x00000007fdc00000)
[39.325s][debug  ][gc,heap        ] GC(144)   to   space 36352K, 0% used [0x00000007fdc80000,0x00000007fdc80000,0x0000000800000000)
[39.325s][debug  ][gc,heap        ] GC(144)  ParOldGen       total 2587648K, used 1138276K [0x0000000700000000, 0x000000079df00000, 0x00000007f0000000)
[39.325s][debug  ][gc,heap        ] GC(144)   object space 2587648K, 43% used [0x0000000700000000,0x00000007457992e8,0x000000079df00000)
[39.325s][debug  ][gc,heap        ] GC(144)  Metaspace       used 1024K, committed 1216K, reserved 1056768K
[39.325s][debug  ][gc,heap        ] GC(144)   class space    used 83K, committed 192K, reserved 1048576K
[39.325s][debug  ][gc,task,time   ] GC(144) VM-Thread 393069600 393224523 393247518
[39.607s][debug  ][gc,heap        ] GC(145) Heap before GC invocations=146 (full 22):
[39.607s][debug  ][gc,heap        ] GC(145)  PSYoungGen      total 225280K, used 218695K [0x00000007f0000000, 0x0000000800000000, 0x0000000800000000)
[39.607s][debug  ][gc,heap        ] GC(145)   eden space 188928K, 99% used [0x00000007f0000000,0x00000007fb791fa8,0x00000007fb880000)
[39.607s][debug  ][gc,heap        ] GC(145)   from space 36352K, 84% used [0x00000007fb880000,0x00000007fd680030,0x00000007fdc00000)
[39.607s][debug  ][gc,heap        ] GC(145)   to   space 36352K, 0% used [0x00000007fdc80000,0x00000007fdc80000,0x0000000800000000)
[39.607s][debug  ][gc,heap        ] GC(145)  ParOldGen       total 2587648K, used 1138276K [0x0000000700000000, 0x000000079df00000, 0x00000007f0000000)
[39.607s][debug  ][gc,heap        ] GC(145)   object space 2587648K, 43% used [0x0000000700000000,0x00000007457992e8,0x000000079df00000)
[39.607s][debug  ][gc,heap        ] GC(145)  Metaspace       used 1024K, committed 1216K, reserved 1056768K
[39.607s][debug  ][gc,heap        ] GC(145)   class space    used 83K, committed 192K, reserved 1048576K
[39.607s][debug  ][gc,tlab        ] GC(145) TLAB totals: thrds: 1  refills: 1 max: 1 slow allocs: 17 max 17 waste: 26.3% gc: 3743368B max: 3743368B slow: 0B max: 0B
[39.607s][info   ][gc,start       ] GC(145) Pause Young (Allocation Failure)
[39.607s][debug  ][gc,phases,start] GC(145) Scavenge
[39.622s][debug  ][gc,phases      ] GC(145) Scavenge 15.098ms
[39.622s][debug  ][gc,phases,start] GC(145) Reference Processing
[39.622s][debug  ][gc,ref         ] GC(145) Skipped phase 1 of Reference Processing: no references
[39.622s][debug  ][gc,ref         ] GC(145) Skipped phase 2 of Reference Processing: no references
[39.622s][debug  ][gc,ref         ] GC(145) Skipped phase 3 of Reference Processing: no references
[39.622s][debug  ][gc,ref         ] GC(145) Skipped phase 4 of Reference Processing: no references
[39.622s][debug  ][gc,phases,ref  ] GC(145) Reference Processing: 0.1ms
[39.622s][debug  ][gc,phases,ref  ] GC(145)   Reconsider SoftReferences: 0.0ms
[39.622s][debug  ][gc,phases,ref  ] GC(145)     SoftRef (ms):                  skipped
[39.622s][debug  ][gc,phases,ref  ] GC(145)   Notify Soft/WeakReferences: 0.0ms
[39.623s][debug  ][gc,phases,ref  ] GC(145)     SoftRef (ms):                  skipped
[39.623s][debug  ][gc,phases,ref  ] GC(145)     WeakRef (ms):                  skipped
[39.623s][debug  ][gc,phases,ref  ] GC(145)     FinalRef (ms):                 skipped
[39.623s][debug  ][gc,phases,ref  ] GC(145)     Total (ms):                    skipped
[39.623s][debug  ][gc,phases,ref  ] GC(145)   Notify and keep alive finalizable: 0.0ms
[39.623s][debug  ][gc,phases,ref  ] GC(145)     FinalRef (ms):                 skipped
[39.623s][debug  ][gc,phases,ref  ] GC(145)   Notify PhantomReferences: 0.0ms
[39.623s][debug  ][gc,phases,ref  ] GC(145)     PhantomRef (ms):               skipped
[39.623s][debug  ][gc,phases,ref  ] GC(145)   SoftReference:
[39.623s][debug  ][gc,phases,ref  ] GC(145)     Discovered: 0
[39.623s][debug  ][gc,phases,ref  ] GC(145)     Cleared: 0
[39.623s][debug  ][gc,phases,ref  ] GC(145)   WeakReference:
[39.623s][debug  ][gc,phases,ref  ] GC(145)     Discovered: 0
[39.623s][debug  ][gc,phases,ref  ] GC(145)     Cleared: 0
[39.623s][debug  ][gc,phases,ref  ] GC(145)   FinalReference:
[39.623s][debug  ][gc,phases,ref  ] GC(145)     Discovered: 0
[39.623s][debug  ][gc,phases,ref  ] GC(145)     Cleared: 0
[39.623s][debug  ][gc,phases,ref  ] GC(145)   PhantomReference:
[39.623s][debug  ][gc,phases,ref  ] GC(145)     Discovered: 0
[39.623s][debug  ][gc,phases,ref  ] GC(145)     Cleared: 0
[39.623s][debug  ][gc,phases      ] GC(145) Reference Processing 0.682ms
[39.623s][debug  ][gc,phases,start] GC(145) Weak Processing
[39.623s][debug  ][gc,phases      ] GC(145)   VM Weak                        Min:  0.0, Avg:  0.0, Max:  0.0, Diff:  0.0, Sum:  0.0, Workers: 6
[39.623s][debug  ][gc,phases      ] GC(145)     Dead                           Min: 0, Avg:  0.0, Max: 0, Diff: 0, Sum: 0, Workers: 6
[39.623s][debug  ][gc,phases      ] GC(145)     Total                          Min: 0, Avg:  1.3, Max: 8, Diff: 8, Sum: 8, Workers: 6
[39.623s][debug  ][gc,phases      ] GC(145)   ObjectSynchronizer Weak        Min:  0.0, Avg:  0.0, Max:  0.0, Diff:  0.0, Sum:  0.0, Workers: 6
[39.623s][debug  ][gc,phases      ] GC(145)     Dead                           Min: 0, Avg:  0.0, Max: 0, Diff: 0, Sum: 0, Workers: 6
[39.623s][debug  ][gc,phases      ] GC(145)     Total                          Min: 0, Avg:  0.5, Max: 3, Diff: 3, Sum: 3, Workers: 6
[39.623s][debug  ][gc,phases      ] GC(145)   JVMTI Tag Weak OopStorage      Min:  0.0, Avg:  0.0, Max:  0.0, Diff:  0.0, Sum:  0.0, Workers: 6
[39.623s][debug  ][gc,phases      ] GC(145)     Dead                           Min: 0, Avg:  0.0, Max: 0, Diff: 0, Sum: 0, Workers: 6
[39.623s][debug  ][gc,phases      ] GC(145)     Total                          Min: 0, Avg:  0.0, Max: 0, Diff: 0, Sum: 0, Workers: 6
[39.623s][debug  ][gc,phases      ] GC(145)   StringTable Weak               Min:  0.0, Avg:  0.0, Max:  0.0, Diff:  0.0, Sum:  0.0, Workers: 6
[39.623s][debug  ][gc,phases      ] GC(145)     Dead                           Min: 0, Avg:  0.0, Max: 0, Diff: 0, Sum: 0, Workers: 6
[39.623s][debug  ][gc,phases      ] GC(145)     Total                          Min: 684, Avg: 892.5, Max: 1216, Diff: 532, Sum: 5355, Workers: 6
[39.623s][debug  ][gc,phases      ] GC(145)   ResolvedMethodTable Weak       Min:  0.0, Avg:  0.0, Max:  0.0, Diff:  0.0, Sum:  0.0, Workers: 6
[39.623s][debug  ][gc,phases      ] GC(145)     Dead                           Min: 0, Avg:  0.0, Max: 0, Diff: 0, Sum: 0, Workers: 6
[39.623s][debug  ][gc,phases      ] GC(145)     Total                          Min: 0, Avg: 21.7, Max: 64, Diff: 64, Sum: 130, Workers: 6
[39.623s][debug  ][gc,phases      ] GC(145)   JNI Weak                       Min:  0.0, Avg:  0.0, Max:  0.0, Diff:  0.0, Sum:  0.0, Workers: 6
[39.624s][debug  ][gc,phases      ] GC(145)     Dead                           Min: 0, Avg:  0.0, Max: 0, Diff: 0, Sum: 0, Workers: 6
[39.624s][debug  ][gc,phases      ] GC(145)     Total                          Min: 0, Avg:  0.0, Max: 0, Diff: 0, Sum: 0, Workers: 6
[39.624s][debug  ][gc,phases      ] GC(145)   StringDedup Table Weak         Min:  0.0, Avg:  0.0, Max:  0.0, Diff:  0.0, Sum:  0.0, Workers: 6
[39.624s][debug  ][gc,phases      ] GC(145)     Dead                           Min: 0, Avg:  0.0, Max: 0, Diff: 0, Sum: 0, Workers: 6
[39.624s][debug  ][gc,phases      ] GC(145)     Total                          Min: 0, Avg:  0.0, Max: 0, Diff: 0, Sum: 0, Workers: 6
[39.624s][debug  ][gc,phases      ] GC(145)   StringDedup Requests0 Weak     Min:  0.0, Avg:  0.0, Max:  0.0, Diff:  0.0, Sum:  0.0, Workers: 6
[39.624s][debug  ][gc,phases      ] GC(145)     Dead                           Min: 0, Avg:  0.0, Max: 0, Diff: 0, Sum: 0, Workers: 6
[39.624s][debug  ][gc,phases      ] GC(145)     Total                          Min: 0, Avg:  0.0, Max: 0, Diff: 0, Sum: 0, Workers: 6
[39.624s][debug  ][gc,phases      ] GC(145)   StringDedup Requests1 Weak     Min:  0.0, Avg:  0.0, Max:  0.0, Diff:  0.0, Sum:  0.0, Workers: 6
[39.624s][debug  ][gc,phases      ] GC(145)     Dead                           Min: 0, Avg:  0.0, Max: 0, Diff: 0, Sum: 0, Workers: 6
[39.624s][debug  ][gc,phases      ] GC(145)     Total                          Min: 0, Avg:  0.0, Max: 0, Diff: 0, Sum: 0, Workers: 6
[39.624s][debug  ][gc,phases      ] GC(145)   Weak JFR Old Object Samples    Min:  0.0, Avg:  0.0, Max:  0.0, Diff:  0.0, Sum:  0.0, Workers: 6
[39.624s][debug  ][gc,phases      ] GC(145)     Dead                           Min: 0, Avg:  0.0, Max: 0, Diff: 0, Sum: 0, Workers: 6
[39.624s][debug  ][gc,phases      ] GC(145)     Total                          Min: 0, Avg:  0.0, Max: 0, Diff: 0, Sum: 0, Workers: 6
[39.624s][debug  ][gc,phases      ] GC(145) Weak Processing 0.912ms
[39.624s][debug  ][gc,ergo        ] GC(145) AdaptiveSizeStart:  collection: 146 
[39.624s][debug  ][gc,ergo        ] GC(145) avg_survived_padded_avg: 36398156.000000
[39.624s][debug  ][gc,ergo        ] GC(145) avg_promoted_padded_avg: 268794912.000000  avg_pretenured_padded_avg: 0.000000  tenuring_thresh: 1  target_size: 36700160
[39.624s][debug  ][gc,age         ] GC(145) Desired survivor size 36700160 bytes, new threshold 1 (max threshold 15)
[39.624s][debug  ][gc,ergo        ] GC(145) PSAdaptiveSizePolicy::compute_eden_space_size limits: desired_eden_size: 216138852 old_eden_size: 193462272 eden_limit: 193986560 cur_eden: 193462272 max_eden_size: 193986560 avg_young_live: 27365488
[39.624s][debug  ][gc,ergo        ] GC(145) PSAdaptiveSizePolicy::compute_eden_space_size: costs minor_time: 0.048625 major_cost: 0.034567 mutator_cost: 0.916808 throughput_goal: 0.990000
[39.624s][debug  ][gc,ergo        ] GC(145) Live_space: 941540032 free_space: 1657274368
[39.624s][debug  ][gc,ergo        ] GC(145) Old eden_size: 193462272 desired_eden_size: 193986560
[39.624s][debug  ][gc,ergo        ] GC(145) AdaptiveSizeStop: collection: 146 
[39.624s][info   ][gc,heap        ] GC(145) PSYoungGen: 218695K(225280K)->30720K(226304K) Eden: 187975K(188928K)->0K(189952K) From: 30720K(36352K)->30720K(36352K)
[39.624s][info   ][gc,heap        ] GC(145) ParOldGen: 1138276K(2587648K)->1322597K(2587648K)
[39.624s][info   ][gc,metaspace   ] GC(145) Metaspace: 1024K(1216K)->1024K(1216K) NonClass: 941K(1024K)->941K(1024K) Class: 83K(192K)->83K(192K)
[39.624s][info   ][gc             ] GC(145) Pause Young (Allocation Failure) 1325M->1321M(2748M) 17.165ms
[39.624s][info   ][gc,cpu         ] GC(145) User=0.16s Sys=0.00s Real=0.02s
[39.624s][debug  ][gc,heap        ] GC(145) Heap after GC invocations=146 (full 22):
[39.624s][debug  ][gc,heap        ] GC(145)  PSYoungGen      total 226304K, used 30720K [0x00000007f0000000, 0x0000000800000000, 0x0000000800000000)
[39.624s][debug  ][gc,heap        ] GC(145)   eden space 189952K, 0% used [0x00000007f0000000,0x00000007f0000000,0x00000007fb980000)
[39.624s][debug  ][gc,heap        ] GC(145)   from space 36352K, 84% used [0x00000007fdc80000,0x00000007ffa80030,0x0000000800000000)
[39.624s][debug  ][gc,heap        ] GC(145)   to   space 35840K, 0% used [0x00000007fb980000,0x00000007fb980000,0x00000007fdc80000)
[39.624s][debug  ][gc,heap        ] GC(145)  ParOldGen       total 2587648K, used 1322597K [0x0000000700000000, 0x000000079df00000, 0x00000007f0000000)
[39.624s][debug  ][gc,heap        ] GC(145)   object space 2587648K, 51% used [0x0000000700000000,0x0000000750b99408,0x000000079df00000)
[39.624s][debug  ][gc,heap        ] GC(145)  Metaspace       used 1024K, committed 1216K, reserved 1056768K
[39.624s][debug  ][gc,heap        ] GC(145)   class space    used 83K, committed 192K, reserved 1048576K
[39.624s][debug  ][gc,task,time   ] GC(145) VM-Thread 396066131 396222780 396244544
[39.905s][debug  ][gc,heap        ] GC(146) Heap before GC invocations=147 (full 22):
[39.905s][debug  ][gc,heap        ] GC(146)  PSYoungGen      total 226304K, used 218733K [0x00000007f0000000, 0x0000000800000000, 0x0000000800000000)
[39.905s][debug  ][gc,heap        ] GC(146)   eden space 189952K, 98% used [0x00000007f0000000,0x00000007fb79b480,0x00000007fb980000)
[39.905s][debug  ][gc,heap        ] GC(146)   from space 36352K, 84% used [0x00000007fdc80000,0x00000007ffa80030,0x0000000800000000)
[39.905s][debug  ][gc,heap        ] GC(146)   to   space 35840K, 0% used [0x00000007fb980000,0x00000007fb980000,0x00000007fdc80000)
[39.905s][debug  ][gc,heap        ] GC(146)  ParOldGen       total 2587648K, used 1322597K [0x0000000700000000, 0x000000079df00000, 0x00000007f0000000)
[39.905s][debug  ][gc,heap        ] GC(146)   object space 2587648K, 51% used [0x0000000700000000,0x0000000750b99408,0x000000079df00000)
[39.905s][debug  ][gc,heap        ] GC(146)  Metaspace       used 1024K, committed 1216K, reserved 1056768K
[39.905s][debug  ][gc,heap        ] GC(146)   class space    used 83K, committed 192K, reserved 1048576K
[39.905s][debug  ][gc,tlab        ] GC(146) TLAB totals: thrds: 1  refills: 1 max: 1 slow allocs: 17 max 17 waste: 26.5% gc: 3781472B max: 3781472B slow: 0B max: 0B
[39.905s][info   ][gc,start       ] GC(146) Pause Young (Allocation Failure)
[39.905s][debug  ][gc,phases,start] GC(146) Scavenge
[39.921s][debug  ][gc,phases      ] GC(146) Scavenge 15.301ms
[39.921s][debug  ][gc,phases,start] GC(146) Reference Processing
[39.921s][debug  ][gc,ref         ] GC(146) Skipped phase 1 of Reference Processing: no references
[39.921s][debug  ][gc,ref         ] GC(146) Skipped phase 2 of Reference Processing: no references
[39.921s][debug  ][gc,ref         ] GC(146) Skipped phase 3 of Reference Processing: no references
[39.921s][debug  ][gc,ref         ] GC(146) Skipped phase 4 of Reference Processing: no references
[39.921s][debug  ][gc,phases,ref  ] GC(146) Reference Processing: 0.1ms
[39.921s][debug  ][gc,phases,ref  ] GC(146)   Reconsider SoftReferences: 0.0ms
[39.921s][debug  ][gc,phases,ref  ] GC(146)     SoftRef (ms):                  skipped
[39.921s][debug  ][gc,phases,ref  ] GC(146)   Notify Soft/WeakReferences: 0.0ms
[39.921s][debug  ][gc,phases,ref  ] GC(146)     SoftRef (ms):                  skipped
[39.921s][debug  ][gc,phases,ref  ] GC(146)     WeakRef (ms):                  skipped
[39.921s][debug  ][gc,phases,ref  ] GC(146)     FinalRef (ms):                 skipped
[39.921s][debug  ][gc,phases,ref  ] GC(146)     Total (ms):                    skipped
[39.921s][debug  ][gc,phases,ref  ] GC(146)   Notify and keep alive finalizable: 0.0ms
[39.921s][debug  ][gc,phases,ref  ] GC(146)     FinalRef (ms):                 skipped
[39.921s][debug  ][gc,phases,ref  ] GC(146)   Notify PhantomReferences: 0.0ms
[39.921s][debug  ][gc,phases,ref  ] GC(146)     PhantomRef (ms):               skipped
[39.921s][debug  ][gc,phases,ref  ] GC(146)   SoftReference:
[39.921s][debug  ][gc,phases,ref  ] GC(146)     Discovered: 0
[39.921s][debug  ][gc,phases,ref  ] GC(146)     Cleared: 0
[39.921s][debug  ][gc,phases,ref  ] GC(146)   WeakReference:
[39.921s][debug  ][gc,phases,ref  ] GC(146)     Discovered: 0
[39.921s][debug  ][gc,phases,ref  ] GC(146)     Cleared: 0
[39.921s][debug  ][gc,phases,ref  ] GC(146)   FinalReference:
[39.921s][debug  ][gc,phases,ref  ] GC(146)     Discovered: 0
[39.921s][debug  ][gc,phases,ref  ] GC(146)     Cleared: 0
[39.921s][debug  ][gc,phases,ref  ] GC(146)   PhantomReference:
[39.921s][debug  ][gc,phases,ref  ] GC(146)     Discovered: 0
[39.921s][debug  ][gc,phases,ref  ] GC(146)     Cleared: 0
[39.921s][debug  ][gc,phases      ] GC(146) Reference Processing 0.651ms
[39.921s][debug  ][gc,phases,start] GC(146) Weak Processing
[39.921s][debug  ][gc,phases      ] GC(146)   VM Weak                        Min:  0.0, Avg:  0.0, Max:  0.0, Diff:  0.0, Sum:  0.0, Workers: 6
[39.921s][debug  ][gc,phases      ] GC(146)     Dead                           Min: 0, Avg:  0.0, Max: 0, Diff: 0, Sum: 0, Workers: 6
[39.921s][debug  ][gc,phases      ] GC(146)     Total                          Min: 0, Avg:  1.3, Max: 8, Diff: 8, Sum: 8, Workers: 6
[39.921s][debug  ][gc,phases      ] GC(146)   ObjectSynchronizer Weak        Min:  0.0, Avg:  0.0, Max:  0.0, Diff:  0.0, Sum:  0.0, Workers: 6
[39.921s][debug  ][gc,phases      ] GC(146)     Dead                           Min: 0, Avg:  0.0, Max: 0, Diff: 0, Sum: 0, Workers: 6
[39.921s][debug  ][gc,phases      ] GC(146)     Total                          Min: 0, Avg:  0.5, Max: 3, Diff: 3, Sum: 3, Workers: 6
[39.921s][debug  ][gc,phases      ] GC(146)   JVMTI Tag Weak OopStorage      Min:  0.0, Avg:  0.0, Max:  0.0, Diff:  0.0, Sum:  0.0, Workers: 6
[39.921s][debug  ][gc,phases      ] GC(146)     Dead                           Min: 0, Avg:  0.0, Max: 0, Diff: 0, Sum: 0, Workers: 6
[39.921s][debug  ][gc,phases      ] GC(146)     Total                          Min: 0, Avg:  0.0, Max: 0, Diff: 0, Sum: 0, Workers: 6
[39.922s][debug  ][gc,phases      ] GC(146)   StringTable Weak               Min:  0.0, Avg:  0.0, Max:  0.0, Diff:  0.0, Sum:  0.0, Workers: 6
[39.922s][debug  ][gc,phases      ] GC(146)     Dead                           Min: 0, Avg:  0.0, Max: 0, Diff: 0, Sum: 0, Workers: 6
[39.922s][debug  ][gc,phases      ] GC(146)     Total                          Min: 704, Avg: 892.5, Max: 1068, Diff: 364, Sum: 5355, Workers: 6
[39.922s][debug  ][gc,phases      ] GC(146)   ResolvedMethodTable Weak       Min:  0.0, Avg:  0.0, Max:  0.0, Diff:  0.0, Sum:  0.0, Workers: 6
[39.922s][debug  ][gc,phases      ] GC(146)     Dead                           Min: 0, Avg:  0.0, Max: 0, Diff: 0, Sum: 0, Workers: 6
[39.922s][debug  ][gc,phases      ] GC(146)     Total                          Min: 0, Avg: 21.7, Max: 64, Diff: 64, Sum: 130, Workers: 6
[39.922s][debug  ][gc,phases      ] GC(146)   JNI Weak                       Min:  0.0, Avg:  0.0, Max:  0.0, Diff:  0.0, Sum:  0.0, Workers: 6
[39.922s][debug  ][gc,phases      ] GC(146)     Dead                           Min: 0, Avg:  0.0, Max: 0, Diff: 0, Sum: 0, Workers: 6
[39.922s][debug  ][gc,phases      ] GC(146)     Total                          Min: 0, Avg:  0.0, Max: 0, Diff: 0, Sum: 0, Workers: 6
[39.922s][debug  ][gc,phases      ] GC(146)   StringDedup Table Weak         Min:  0.0, Avg:  0.0, Max:  0.0, Diff:  0.0, Sum:  0.0, Workers: 6
[39.922s][debug  ][gc,phases      ] GC(146)     Dead                           Min: 0, Avg:  0.0, Max: 0, Diff: 0, Sum: 0, Workers: 6
[39.922s][debug  ][gc,phases      ] GC(146)     Total                          Min: 0, Avg:  0.0, Max: 0, Diff: 0, Sum: 0, Workers: 6
[39.922s][debug  ][gc,phases      ] GC(146)   StringDedup Requests0 Weak     Min:  0.0, Avg:  0.0, Max:  0.0, Diff:  0.0, Sum:  0.0, Workers: 6
[39.922s][debug  ][gc,phases      ] GC(146)     Dead                           Min: 0, Avg:  0.0, Max: 0, Diff: 0, Sum: 0, Workers: 6
[39.922s][debug  ][gc,phases      ] GC(146)     Total                          Min: 0, Avg:  0.0, Max: 0, Diff: 0, Sum: 0, Workers: 6
[39.922s][debug  ][gc,phases      ] GC(146)   StringDedup Requests1 Weak     Min:  0.0, Avg:  0.0, Max:  0.0, Diff:  0.0, Sum:  0.0, Workers: 6
[39.922s][debug  ][gc,phases      ] GC(146)     Dead                           Min: 0, Avg:  0.0, Max: 0, Diff: 0, Sum: 0, Workers: 6
[39.922s][debug  ][gc,phases      ] GC(146)     Total                          Min: 0, Avg:  0.0, Max: 0, Diff: 0, Sum: 0, Workers: 6
[39.922s][debug  ][gc,phases      ] GC(146)   Weak JFR Old Object Samples    Min:  0.0, Avg:  0.0, Max:  0.0, Diff:  0.0, Sum:  0.0, Workers: 6
[39.922s][debug  ][gc,phases      ] GC(146)     Dead                           Min: 0, Avg:  0.0, Max: 0, Diff: 0, Sum: 0, Workers: 6
[39.922s][debug  ][gc,phases      ] GC(146)     Total                          Min: 0, Avg:  0.0, Max: 0, Diff: 0, Sum: 0, Workers: 6
[39.922s][debug  ][gc,phases      ] GC(146) Weak Processing 0.716ms
[39.922s][debug  ][gc,ergo        ] GC(146) AdaptiveSizeStart:  collection: 147 
[39.922s][debug  ][gc,ergo        ] GC(146) avg_survived_padded_avg: 36094016.000000
[39.922s][debug  ][gc,ergo        ] GC(146) avg_promoted_padded_avg: 270569760.000000  avg_pretenured_padded_avg: 0.000000  tenuring_thresh: 1  target_size: 36175872
[39.922s][debug  ][gc,age         ] GC(146) Desired survivor size 36175872 bytes, new threshold 1 (max threshold 15)
[39.922s][debug  ][gc,ergo        ] GC(146) PSAdaptiveSizePolicy::compute_eden_space_size limits: desired_eden_size: 217864342 old_eden_size: 193986560 eden_limit: 194510848 cur_eden: 194510848 max_eden_size: 194510848 avg_young_live: 27774670
[39.922s][debug  ][gc,ergo        ] GC(146) PSAdaptiveSizePolicy::compute_eden_space_size: costs minor_time: 0.050555 major_cost: 0.034567 mutator_cost: 0.914878 throughput_goal: 0.990000
[39.922s][debug  ][gc,ergo        ] GC(146) Live_space: 941949184 free_space: 1657798656
[39.922s][debug  ][gc,ergo        ] GC(146) Old eden_size: 193986560 desired_eden_size: 194510848
[39.922s][debug  ][gc,ergo        ] GC(146) AdaptiveSizeStop: collection: 147 
[39.922s][info   ][gc,heap        ] GC(146) PSYoungGen: 218733K(226304K)->30720K(225792K) Eden: 188013K(189952K)->0K(189952K) From: 30720K(36352K)->30720K(35840K)
[39.922s][info   ][gc,heap        ] GC(146) ParOldGen: 1322597K(2587648K)->1506917K(2587648K)
[39.922s][info   ][gc,metaspace   ] GC(146) Metaspace: 1024K(1216K)->1024K(1216K) NonClass: 941K(1024K)->941K(1024K) Class: 83K(192K)->83K(192K)
[39.922s][info   ][gc             ] GC(146) Pause Young (Allocation Failure) 1505M->1501M(2747M) 17.131ms
[39.922s][info   ][gc,cpu         ] GC(146) User=0.16s Sys=0.00s Real=0.02s
[39.922s][debug  ][gc,heap        ] GC(146) Heap after GC invocations=147 (full 22):
[39.922s][debug  ][gc,heap        ] GC(146)  PSYoungGen      total 225792K, used 30720K [0x00000007f0000000, 0x0000000800000000, 0x0000000800000000)
[39.922s][debug  ][gc,heap        ] GC(146)   eden space 189952K, 0% used [0x00000007f0000000,0x00000007f0000000,0x00000007fb980000)
[39.922s][debug  ][gc,heap        ] GC(146)   from space 35840K, 85% used [0x00000007fb980000,0x00000007fd780030,0x00000007fdc80000)
[39.922s][debug  ][gc,heap        ] GC(146)   to   space 35328K, 0% used [0x00000007fdd80000,0x00000007fdd80000,0x0000000800000000)
[39.922s][debug  ][gc,heap        ] GC(146)  ParOldGen       total 2587648K, used 1506917K [0x0000000700000000, 0x000000079df00000, 0x00000007f0000000)
[39.922s][debug  ][gc,heap        ] GC(146)   object space 2587648K, 58% used [0x0000000700000000,0x000000075bf99528,0x000000079df00000)
[39.922s][debug  ][gc,heap        ] GC(146)  Metaspace       used 1024K, committed 1216K, reserved 1056768K
[39.922s][debug  ][gc,heap        ] GC(146)   class space    used 83K, committed 192K, reserved 1048576K
[39.923s][debug  ][gc,task,time   ] GC(146) VM-Thread 399046398 399205823 399225147
[40.205s][debug  ][gc,heap        ] GC(147) Heap before GC invocations=148 (full 22):
[40.205s][debug  ][gc,heap        ] GC(147)  PSYoungGen      total 225792K, used 218744K [0x00000007f0000000, 0x0000000800000000, 0x0000000800000000)
[40.205s][debug  ][gc,heap        ] GC(147)   eden space 189952K, 98% used [0x00000007f0000000,0x00000007fb79e0b0,0x00000007fb980000)
[40.205s][debug  ][gc,heap        ] GC(147)   from space 35840K, 85% used [0x00000007fb980000,0x00000007fd780030,0x00000007fdc80000)
[40.205s][debug  ][gc,heap        ] GC(147)   to   space 35328K, 0% used [0x00000007fdd80000,0x00000007fdd80000,0x0000000800000000)
[40.205s][debug  ][gc,heap        ] GC(147)  ParOldGen       total 2587648K, used 1506917K [0x0000000700000000, 0x000000079df00000, 0x00000007f0000000)
[40.205s][debug  ][gc,heap        ] GC(147)   object space 2587648K, 58% used [0x0000000700000000,0x000000075bf99528,0x000000079df00000)
[40.205s][debug  ][gc,heap        ] GC(147)  Metaspace       used 1024K, committed 1216K, reserved 1056768K
[40.205s][debug  ][gc,heap        ] GC(147)   class space    used 83K, committed 192K, reserved 1048576K
[40.205s][debug  ][gc,tlab        ] GC(147) TLAB totals: thrds: 1  refills: 1 max: 1 slow allocs: 17 max 17 waste: 26.6% gc: 3792784B max: 3792784B slow: 0B max: 0B
[40.205s][info   ][gc,start       ] GC(147) Pause Young (Allocation Failure)
[40.205s][debug  ][gc,phases,start] GC(147) Scavenge
[40.220s][debug  ][gc,phases      ] GC(147) Scavenge 15.009ms
[40.220s][debug  ][gc,phases,start] GC(147) Reference Processing
[40.220s][debug  ][gc,ref         ] GC(147) Skipped phase 1 of Reference Processing: no references
[40.221s][debug  ][gc,ref         ] GC(147) Skipped phase 2 of Reference Processing: no references
[40.221s][debug  ][gc,ref         ] GC(147) Skipped phase 3 of Reference Processing: no references
[40.221s][debug  ][gc,ref         ] GC(147) Skipped phase 4 of Reference Processing: no references
[40.221s][debug  ][gc,phases,ref  ] GC(147) Reference Processing: 0.1ms
[40.221s][debug  ][gc,phases,ref  ] GC(147)   Reconsider SoftReferences: 0.0ms
[40.221s][debug  ][gc,phases,ref  ] GC(147)     SoftRef (ms):                  skipped
[40.221s][debug  ][gc,phases,ref  ] GC(147)   Notify Soft/WeakReferences: 0.0ms
[40.221s][debug  ][gc,phases,ref  ] GC(147)     SoftRef (ms):                  skipped
[40.221s][debug  ][gc,phases,ref  ] GC(147)     WeakRef (ms):                  skipped
[40.221s][debug  ][gc,phases,ref  ] GC(147)     FinalRef (ms):                 skipped
[40.221s][debug  ][gc,phases,ref  ] GC(147)     Total (ms):                    skipped
[40.221s][debug  ][gc,phases,ref  ] GC(147)   Notify and keep alive finalizable: 0.0ms
[40.221s][debug  ][gc,phases,ref  ] GC(147)     FinalRef (ms):                 skipped
[40.221s][debug  ][gc,phases,ref  ] GC(147)   Notify PhantomReferences: 0.0ms
[40.221s][debug  ][gc,phases,ref  ] GC(147)     PhantomRef (ms):               skipped
[40.221s][debug  ][gc,phases,ref  ] GC(147)   SoftReference:
[40.221s][debug  ][gc,phases,ref  ] GC(147)     Discovered: 0
[40.221s][debug  ][gc,phases,ref  ] GC(147)     Cleared: 0
[40.221s][debug  ][gc,phases,ref  ] GC(147)   WeakReference:
[40.221s][debug  ][gc,phases,ref  ] GC(147)     Discovered: 0
[40.221s][debug  ][gc,phases,ref  ] GC(147)     Cleared: 0
[40.221s][debug  ][gc,phases,ref  ] GC(147)   FinalReference:
[40.221s][debug  ][gc,phases,ref  ] GC(147)     Discovered: 0
[40.221s][debug  ][gc,phases,ref  ] GC(147)     Cleared: 0
[40.221s][debug  ][gc,phases,ref  ] GC(147)   PhantomReference:
[40.221s][debug  ][gc,phases,ref  ] GC(147)     Discovered: 0
[40.221s][debug  ][gc,phases,ref  ] GC(147)     Cleared: 0
[40.221s][debug  ][gc,phases      ] GC(147) Reference Processing 0.818ms
[40.221s][debug  ][gc,phases,start] GC(147) Weak Processing
[40.221s][debug  ][gc,phases      ] GC(147)   VM Weak                        Min:  0.0, Avg:  0.0, Max:  0.0, Diff:  0.0, Sum:  0.0, Workers: 6
[40.221s][debug  ][gc,phases      ] GC(147)     Dead                           Min: 0, Avg:  0.0, Max: 0, Diff: 0, Sum: 0, Workers: 6
[40.221s][debug  ][gc,phases      ] GC(147)     Total                          Min: 0, Avg:  1.3, Max: 8, Diff: 8, Sum: 8, Workers: 6
[40.221s][debug  ][gc,phases      ] GC(147)   ObjectSynchronizer Weak        Min:  0.0, Avg:  0.0, Max:  0.0, Diff:  0.0, Sum:  0.0, Workers: 6
[40.221s][debug  ][gc,phases      ] GC(147)     Dead                           Min: 0, Avg:  0.0, Max: 0, Diff: 0, Sum: 0, Workers: 6
[40.221s][debug  ][gc,phases      ] GC(147)     Total                          Min: 0, Avg:  0.5, Max: 3, Diff: 3, Sum: 3, Workers: 6
[40.222s][debug  ][gc,phases      ] GC(147)   JVMTI Tag Weak OopStorage      Min:  0.0, Avg:  0.0, Max:  0.0, Diff:  0.0, Sum:  0.0, Workers: 6
[40.222s][debug  ][gc,phases      ] GC(147)     Dead                           Min: 0, Avg:  0.0, Max: 0, Diff: 0, Sum: 0, Workers: 6
[40.222s][debug  ][gc,phases      ] GC(147)     Total                          Min: 0, Avg:  0.0, Max: 0, Diff: 0, Sum: 0, Workers: 6
[40.222s][debug  ][gc,phases      ] GC(147)   StringTable Weak               Min:  0.0, Avg:  0.0, Max:  0.0, Diff:  0.0, Sum:  0.0, Workers: 6
[40.222s][debug  ][gc,phases      ] GC(147)     Dead                           Min: 0, Avg:  0.0, Max: 0, Diff: 0, Sum: 0, Workers: 6
[40.222s][debug  ][gc,phases      ] GC(147)     Total                          Min: 704, Avg: 892.5, Max: 1068, Diff: 364, Sum: 5355, Workers: 6
[40.222s][debug  ][gc,phases      ] GC(147)   ResolvedMethodTable Weak       Min:  0.0, Avg:  0.0, Max:  0.0, Diff:  0.0, Sum:  0.0, Workers: 6
[40.222s][debug  ][gc,phases      ] GC(147)     Dead                           Min: 0, Avg:  0.0, Max: 0, Diff: 0, Sum: 0, Workers: 6
[40.222s][debug  ][gc,phases      ] GC(147)     Total                          Min: 0, Avg: 21.7, Max: 64, Diff: 64, Sum: 130, Workers: 6
[40.222s][debug  ][gc,phases      ] GC(147)   JNI Weak                       Min:  0.0, Avg:  0.0, Max:  0.0, Diff:  0.0, Sum:  0.0, Workers: 6
[40.222s][debug  ][gc,phases      ] GC(147)     Dead                           Min: 0, Avg:  0.0, Max: 0, Diff: 0, Sum: 0, Workers: 6
[40.222s][debug  ][gc,phases      ] GC(147)     Total                          Min: 0, Avg:  0.0, Max: 0, Diff: 0, Sum: 0, Workers: 6
[40.222s][debug  ][gc,phases      ] GC(147)   StringDedup Table Weak         Min:  0.0, Avg:  0.0, Max:  0.0, Diff:  0.0, Sum:  0.0, Workers: 6
[40.222s][debug  ][gc,phases      ] GC(147)     Dead                           Min: 0, Avg:  0.0, Max: 0, Diff: 0, Sum: 0, Workers: 6
[40.222s][debug  ][gc,phases      ] GC(147)     Total                          Min: 0, Avg:  0.0, Max: 0, Diff: 0, Sum: 0, Workers: 6
[40.222s][debug  ][gc,phases      ] GC(147)   StringDedup Requests0 Weak     Min:  0.0, Avg:  0.0, Max:  0.0, Diff:  0.0, Sum:  0.0, Workers: 6
[40.222s][debug  ][gc,phases      ] GC(147)     Dead                           Min: 0, Avg:  0.0, Max: 0, Diff: 0, Sum: 0, Workers: 6
[40.222s][debug  ][gc,phases      ] GC(147)     Total                          Min: 0, Avg:  0.0, Max: 0, Diff: 0, Sum: 0, Workers: 6
[40.222s][debug  ][gc,phases      ] GC(147)   StringDedup Requests1 Weak     Min:  0.0, Avg:  0.0, Max:  0.0, Diff:  0.0, Sum:  0.0, Workers: 6
[40.222s][debug  ][gc,phases      ] GC(147)     Dead                           Min: 0, Avg:  0.0, Max: 0, Diff: 0, Sum: 0, Workers: 6
[40.222s][debug  ][gc,phases      ] GC(147)     Total                          Min: 0, Avg:  0.0, Max: 0, Diff: 0, Sum: 0, Workers: 6
[40.222s][debug  ][gc,phases      ] GC(147)   Weak JFR Old Object Samples    Min:  0.0, Avg:  0.0, Max:  0.0, Diff:  0.0, Sum:  0.0, Workers: 6
[40.222s][debug  ][gc,phases      ] GC(147)     Dead                           Min: 0, Avg:  0.0, Max: 0, Diff: 0, Sum: 0, Workers: 6
[40.222s][debug  ][gc,phases      ] GC(147)     Total                          Min: 0, Avg:  0.0, Max: 0, Diff: 0, Sum: 0, Workers: 6
[40.222s][debug  ][gc,phases      ] GC(147) Weak Processing 0.760ms
[40.222s][debug  ][gc,ergo        ] GC(147) AdaptiveSizeStart:  collection: 148 
[40.222s][debug  ][gc,ergo        ] GC(147) avg_survived_padded_avg: 35801300.000000
[40.222s][debug  ][gc,ergo        ] GC(147) avg_promoted_padded_avg: 271189120.000000  avg_pretenured_padded_avg: 0.000000  tenuring_thresh: 1  target_size: 36175872
[40.222s][debug  ][gc,age         ] GC(147) Desired survivor size 36175872 bytes, new threshold 1 (max threshold 15)
[40.222s][debug  ][gc,ergo        ] GC(147) PSAdaptiveSizePolicy::compute_eden_space_size limits: desired_eden_size: 218105337 old_eden_size: 194510848 eden_limit: 195559424 cur_eden: 194510848 max_eden_size: 195559424 avg_young_live: 28142934
[40.222s][debug  ][gc,ergo        ] GC(147) PSAdaptiveSizePolicy::compute_eden_space_size: costs minor_time: 0.051859 major_cost: 0.034567 mutator_cost: 0.913573 throughput_goal: 0.990000
[40.222s][debug  ][gc,ergo        ] GC(147) Live_space: 942317440 free_space: 1658322944
[40.222s][debug  ][gc,ergo        ] GC(147) Old eden_size: 194510848 desired_eden_size: 195559424
[40.222s][debug  ][gc,ergo        ] GC(147) AdaptiveSizeStop: collection: 148 
[40.222s][info   ][gc,heap        ] GC(147) PSYoungGen: 218744K(225792K)->30720K(226816K) Eden: 188024K(189952K)->0K(191488K) From: 30720K(35840K)->30720K(35328K)
[40.222s][info   ][gc,heap        ] GC(147) ParOldGen: 1506917K(2587648K)->1691237K(2587648K)
[40.222s][info   ][gc,metaspace   ] GC(147) Metaspace: 1024K(1216K)->1024K(1216K) NonClass: 941K(1024K)->941K(1024K) Class: 83K(192K)->83K(192K)
[40.222s][info   ][gc             ] GC(147) Pause Young (Allocation Failure) 1685M->1681M(2748M) 17.070ms
[40.222s][info   ][gc,cpu         ] GC(147) User=0.16s Sys=0.00s Real=0.02s
[40.222s][debug  ][gc,heap        ] GC(147) Heap after GC invocations=148 (full 22):
[40.222s][debug  ][gc,heap        ] GC(147)  PSYoungGen      total 226816K, used 30720K [0x00000007f0000000, 0x0000000800000000, 0x0000000800000000)
[40.222s][debug  ][gc,heap        ] GC(147)   eden space 191488K, 0% used [0x00000007f0000000,0x00000007f0000000,0x00000007fbb00000)
[40.222s][debug  ][gc,heap        ] GC(147)   from space 35328K, 86% used [0x00000007fdd80000,0x00000007ffb80030,0x0000000800000000)
[40.223s][debug  ][gc,heap        ] GC(147)   to   space 35328K, 0% used [0x00000007fbb00000,0x00000007fbb00000,0x00000007fdd80000)
[40.223s][debug  ][gc,heap        ] GC(147)  ParOldGen       total 2587648K, used 1691237K [0x0000000700000000, 0x000000079df00000, 0x00000007f0000000)
[40.223s][debug  ][gc,heap        ] GC(147)   object space 2587648K, 65% used [0x0000000700000000,0x0000000767399648,0x000000079df00000)
[40.223s][debug  ][gc,heap        ] GC(147)  Metaspace       used 1024K, committed 1216K, reserved 1056768K
[40.223s][debug  ][gc,heap        ] GC(147)   class space    used 83K, committed 192K, reserved 1048576K
[40.223s][debug  ][gc,task,time   ] GC(147) VM-Thread 402048724 402204501 402226109
[40.504s][debug  ][gc,heap        ] GC(148) Heap before GC invocations=149 (full 22):
[40.504s][debug  ][gc,heap        ] GC(148)  PSYoungGen      total 226816K, used 218781K [0x00000007f0000000, 0x0000000800000000, 0x0000000800000000)
[40.504s][debug  ][gc,heap        ] GC(148)   eden space 191488K, 98% used [0x00000007f0000000,0x00000007fb7a7528,0x00000007fbb00000)
[40.504s][debug  ][gc,heap        ] GC(148)   from space 35328K, 86% used [0x00000007fdd80000,0x00000007ffb80030,0x0000000800000000)
[40.504s][debug  ][gc,heap        ] GC(148)   to   space 35328K, 0% used [0x00000007fbb00000,0x00000007fbb00000,0x00000007fdd80000)
[40.504s][debug  ][gc,heap        ] GC(148)  ParOldGen       total 2587648K, used 1691237K [0x0000000700000000, 0x000000079df00000, 0x00000007f0000000)
[40.504s][debug  ][gc,heap        ] GC(148)   object space 2587648K, 65% used [0x0000000700000000,0x0000000767399648,0x000000079df00000)
[40.504s][debug  ][gc,heap        ] GC(148)  Metaspace       used 1024K, committed 1216K, reserved 1056768K
[40.504s][debug  ][gc,heap        ] GC(148)   class space    used 83K, committed 192K, reserved 1048576K
[40.504s][debug  ][gc,tlab        ] GC(148) TLAB totals: thrds: 1  refills: 1 max: 1 slow allocs: 17 max 17 waste: 26.8% gc: 3830792B max: 3830792B slow: 0B max: 0B
[40.504s][info   ][gc,start       ] GC(148) Pause Young (Allocation Failure)
[40.504s][debug  ][gc,phases,start] GC(148) Scavenge
[40.519s][debug  ][gc,phases      ] GC(148) Scavenge 14.606ms
[40.519s][debug  ][gc,phases,start] GC(148) Reference Processing
[40.519s][debug  ][gc,ref         ] GC(148) Skipped phase 1 of Reference Processing: no references
[40.519s][debug  ][gc,ref         ] GC(148) Skipped phase 2 of Reference Processing: no references
[40.519s][debug  ][gc,ref         ] GC(148) Skipped phase 3 of Reference Processing: no references
[40.519s][debug  ][gc,ref         ] GC(148) Skipped phase 4 of Reference Processing: no references
[40.519s][debug  ][gc,phases,ref  ] GC(148) Reference Processing: 0.1ms
[40.519s][debug  ][gc,phases,ref  ] GC(148)   Reconsider SoftReferences: 0.0ms
[40.519s][debug  ][gc,phases,ref  ] GC(148)     SoftRef (ms):                  skipped
[40.519s][debug  ][gc,phases,ref  ] GC(148)   Notify Soft/WeakReferences: 0.0ms
[40.519s][debug  ][gc,phases,ref  ] GC(148)     SoftRef (ms):                  skipped
[40.519s][debug  ][gc,phases,ref  ] GC(148)     WeakRef (ms):                  skipped
[40.519s][debug  ][gc,phases,ref  ] GC(148)     FinalRef (ms):                 skipped
[40.519s][debug  ][gc,phases,ref  ] GC(148)     Total (ms):                    skipped
[40.519s][debug  ][gc,phases,ref  ] GC(148)   Notify and keep alive finalizable: 0.0ms
[40.519s][debug  ][gc,phases,ref  ] GC(148)     FinalRef (ms):                 skipped
[40.519s][debug  ][gc,phases,ref  ] GC(148)   Notify PhantomReferences: 0.0ms
[40.519s][debug  ][gc,phases,ref  ] GC(148)     PhantomRef (ms):               skipped
[40.519s][debug  ][gc,phases,ref  ] GC(148)   SoftReference:
[40.519s][debug  ][gc,phases,ref  ] GC(148)     Discovered: 0
[40.519s][debug  ][gc,phases,ref  ] GC(148)     Cleared: 0
[40.519s][debug  ][gc,phases,ref  ] GC(148)   WeakReference:
[40.519s][debug  ][gc,phases,ref  ] GC(148)     Discovered: 0
[40.520s][debug  ][gc,phases,ref  ] GC(148)     Cleared: 0
[40.520s][debug  ][gc,phases,ref  ] GC(148)   FinalReference:
[40.520s][debug  ][gc,phases,ref  ] GC(148)     Discovered: 0
[40.520s][debug  ][gc,phases,ref  ] GC(148)     Cleared: 0
[40.520s][debug  ][gc,phases,ref  ] GC(148)   PhantomReference:
[40.520s][debug  ][gc,phases,ref  ] GC(148)     Discovered: 0
[40.520s][debug  ][gc,phases,ref  ] GC(148)     Cleared: 0
[40.520s][debug  ][gc,phases      ] GC(148) Reference Processing 0.577ms
[40.520s][debug  ][gc,phases,start] GC(148) Weak Processing
[40.520s][debug  ][gc,phases      ] GC(148)   VM Weak                        Min:  0.0, Avg:  0.0, Max:  0.0, Diff:  0.0, Sum:  0.0, Workers: 6
[40.520s][debug  ][gc,phases      ] GC(148)     Dead                           Min: 0, Avg:  0.0, Max: 0, Diff: 0, Sum: 0, Workers: 6
[40.520s][debug  ][gc,phases      ] GC(148)     Total                          Min: 0, Avg:  1.3, Max: 8, Diff: 8, Sum: 8, Workers: 6
[40.520s][debug  ][gc,phases      ] GC(148)   ObjectSynchronizer Weak        Min:  0.0, Avg:  0.0, Max:  0.0, Diff:  0.0, Sum:  0.0, Workers: 6
[40.520s][debug  ][gc,phases      ] GC(148)     Dead                           Min: 0, Avg:  0.0, Max: 0, Diff: 0, Sum: 0, Workers: 6
[40.520s][debug  ][gc,phases      ] GC(148)     Total                          Min: 0, Avg:  0.5, Max: 3, Diff: 3, Sum: 3, Workers: 6
[40.520s][debug  ][gc,phases      ] GC(148)   JVMTI Tag Weak OopStorage      Min:  0.0, Avg:  0.0, Max:  0.0, Diff:  0.0, Sum:  0.0, Workers: 6
[40.520s][debug  ][gc,phases      ] GC(148)     Dead                           Min: 0, Avg:  0.0, Max: 0, Diff: 0, Sum: 0, Workers: 6
[40.520s][debug  ][gc,phases      ] GC(148)     Total                          Min: 0, Avg:  0.0, Max: 0, Diff: 0, Sum: 0, Workers: 6
[40.520s][debug  ][gc,phases      ] GC(148)   StringTable Weak               Min:  0.0, Avg:  0.0, Max:  0.0, Diff:  0.0, Sum:  0.0, Workers: 6
[40.520s][debug  ][gc,phases      ] GC(148)     Dead                           Min: 0, Avg:  0.0, Max: 0, Diff: 0, Sum: 0, Workers: 6
[40.520s][debug  ][gc,phases      ] GC(148)     Total                          Min: 767, Avg: 892.5, Max: 1216, Diff: 449, Sum: 5355, Workers: 6
[40.520s][debug  ][gc,phases      ] GC(148)   ResolvedMethodTable Weak       Min:  0.0, Avg:  0.0, Max:  0.0, Diff:  0.0, Sum:  0.0, Workers: 6
[40.520s][debug  ][gc,phases      ] GC(148)     Dead                           Min: 0, Avg:  0.0, Max: 0, Diff: 0, Sum: 0, Workers: 6
[40.520s][debug  ][gc,phases      ] GC(148)     Total                          Min: 0, Avg: 21.7, Max: 64, Diff: 64, Sum: 130, Workers: 6
[40.520s][debug  ][gc,phases      ] GC(148)   JNI Weak                       Min:  0.0, Avg:  0.0, Max:  0.0, Diff:  0.0, Sum:  0.0, Workers: 6
[40.520s][debug  ][gc,phases      ] GC(148)     Dead                           Min: 0, Avg:  0.0, Max: 0, Diff: 0, Sum: 0, Workers: 6
[40.520s][debug  ][gc,phases      ] GC(148)     Total                          Min: 0, Avg:  0.0, Max: 0, Diff: 0, Sum: 0, Workers: 6
[40.520s][debug  ][gc,phases      ] GC(148)   StringDedup Table Weak         Min:  0.0, Avg:  0.0, Max:  0.0, Diff:  0.0, Sum:  0.0, Workers: 6
[40.520s][debug  ][gc,phases      ] GC(148)     Dead                           Min: 0, Avg:  0.0, Max: 0, Diff: 0, Sum: 0, Workers: 6
[40.520s][debug  ][gc,phases      ] GC(148)     Total                          Min: 0, Avg:  0.0, Max: 0, Diff: 0, Sum: 0, Workers: 6
[40.520s][debug  ][gc,phases      ] GC(148)   StringDedup Requests0 Weak     Min:  0.0, Avg:  0.0, Max:  0.0, Diff:  0.0, Sum:  0.0, Workers: 6
[40.520s][debug  ][gc,phases      ] GC(148)     Dead                           Min: 0, Avg:  0.0, Max: 0, Diff: 0, Sum: 0, Workers: 6
[40.520s][debug  ][gc,phases      ] GC(148)     Total                          Min: 0, Avg:  0.0, Max: 0, Diff: 0, Sum: 0, Workers: 6
[40.520s][debug  ][gc,phases      ] GC(148)   StringDedup Requests1 Weak     Min:  0.0, Avg:  0.0, Max:  0.0, Diff:  0.0, Sum:  0.0, Workers: 6
[40.520s][debug  ][gc,phases      ] GC(148)     Dead                           Min: 0, Avg:  0.0, Max: 0, Diff: 0, Sum: 0, Workers: 6
[40.520s][debug  ][gc,phases      ] GC(148)     Total                          Min: 0, Avg:  0.0, Max: 0, Diff: 0, Sum: 0, Workers: 6
[40.520s][debug  ][gc,phases      ] GC(148)   Weak JFR Old Object Samples    Min:  0.0, Avg:  0.0, Max:  0.0, Diff:  0.0, Sum:  0.0, Workers: 6
[40.520s][debug  ][gc,phases      ] GC(148)     Dead                           Min: 0, Avg:  0.0, Max: 0, Diff: 0, Sum: 0, Workers: 6
[40.520s][debug  ][gc,phases      ] GC(148)     Total                          Min: 0, Avg:  0.0, Max: 0, Diff: 0, Sum: 0, Workers: 6
[40.520s][debug  ][gc,phases      ] GC(148) Weak Processing 0.663ms
[40.520s][debug  ][gc,ergo        ] GC(148) AdaptiveSizeStart:  collection: 149 
[40.520s][debug  ][gc,ergo        ] GC(148) avg_survived_padded_avg: 35520760.000000
[40.520s][debug  ][gc,ergo        ] GC(148) avg_promoted_padded_avg: 270866368.000000  avg_pretenured_padded_avg: 0.000000  tenuring_thresh: 1  target_size: 35651584
[40.520s][debug  ][gc,age         ] GC(148) Desired survivor size 35651584 bytes, new threshold 1 (max threshold 15)
[40.520s][debug  ][gc,ergo        ] GC(148) PSAdaptiveSizePolicy::compute_eden_space_size limits: desired_eden_size: 219753193 old_eden_size: 195559424 eden_limit: 196083712 cur_eden: 196083712 max_eden_size: 196083712 avg_young_live: 28474372
[40.520s][debug  ][gc,ergo        ] GC(148) PSAdaptiveSizePolicy::compute_eden_space_size: costs minor_time: 0.052274 major_cost: 0.034567 mutator_cost: 0.913159 throughput_goal: 0.990000
[40.520s][debug  ][gc,ergo        ] GC(148) Live_space: 942648896 free_space: 1659371520
[40.520s][debug  ][gc,ergo        ] GC(148) Old eden_size: 195559424 desired_eden_size: 196083712
[40.521s][debug  ][gc,ergo        ] GC(148) AdaptiveSizeStop: collection: 149 
[40.521s][info   ][gc,heap        ] GC(148) PSYoungGen: 218781K(226816K)->30720K(226816K) Eden: 188061K(191488K)->0K(191488K) From: 30720K(35328K)->30720K(35328K)
[40.521s][info   ][gc,heap        ] GC(148) ParOldGen: 1691237K(2587648K)->1875557K(2587648K)
[40.521s][info   ][gc,metaspace   ] GC(148) Metaspace: 1024K(1216K)->1024K(1216K) NonClass: 941K(1024K)->941K(1024K) Class: 83K(192K)->83K(192K)
[40.521s][info   ][gc             ] GC(148) Pause Young (Allocation Failure) 1865M->1861M(2748M) 16.267ms
[40.521s][info   ][gc,cpu         ] GC(148) User=0.16s Sys=0.00s Real=0.02s
[40.521s][debug  ][gc,heap        ] GC(148) Heap after GC invocations=149 (full 22):
[40.521s][debug  ][gc,heap        ] GC(148)  PSYoungGen      total 226816K, used 30720K [0x00000007f0000000, 0x0000000800000000, 0x0000000800000000)
[40.521s][debug  ][gc,heap        ] GC(148)   eden space 191488K, 0% used [0x00000007f0000000,0x00000007f0000000,0x00000007fbb00000)
[40.521s][debug  ][gc,heap        ] GC(148)   from space 35328K, 86% used [0x00000007fbb00000,0x00000007fd900030,0x00000007fdd80000)
[40.521s][debug  ][gc,heap        ] GC(148)   to   space 34816K, 0% used [0x00000007fde00000,0x00000007fde00000,0x0000000800000000)
[40.521s][debug  ][gc,heap        ] GC(148)  ParOldGen       total 2587648K, used 1875557K [0x0000000700000000, 0x000000079df00000, 0x00000007f0000000)
[40.521s][debug  ][gc,heap        ] GC(148)   object space 2587648K, 72% used [0x0000000700000000,0x0000000772799768,0x000000079df00000)
[40.521s][debug  ][gc,heap        ] GC(148)  Metaspace       used 1024K, committed 1216K, reserved 1056768K
[40.521s][debug  ][gc,heap        ] GC(148)   class space    used 83K, committed 192K, reserved 1048576K
[40.521s][debug  ][gc,task,time   ] GC(148) VM-Thread 405040361 405190682 405208503
[40.805s][debug  ][gc,heap        ] GC(149) Heap before GC invocations=150 (full 22):
[40.805s][debug  ][gc,heap        ] GC(149)  PSYoungGen      total 226816K, used 218785K [0x00000007f0000000, 0x0000000800000000, 0x0000000800000000)
[40.805s][debug  ][gc,heap        ] GC(149)   eden space 191488K, 98% used [0x00000007f0000000,0x00000007fb7a86c0,0x00000007fbb00000)
[40.805s][debug  ][gc,heap        ] GC(149)   from space 35328K, 86% used [0x00000007fbb00000,0x00000007fd900030,0x00000007fdd80000)
[40.805s][debug  ][gc,heap        ] GC(149)   to   space 34816K, 0% used [0x00000007fde00000,0x00000007fde00000,0x0000000800000000)
[40.805s][debug  ][gc,heap        ] GC(149)  ParOldGen       total 2587648K, used 1875557K [0x0000000700000000, 0x000000079df00000, 0x00000007f0000000)
[40.805s][debug  ][gc,heap        ] GC(149)   object space 2587648K, 72% used [0x0000000700000000,0x0000000772799768,0x000000079df00000)
[40.805s][debug  ][gc,heap        ] GC(149)  Metaspace       used 1024K, committed 1216K, reserved 1056768K
[40.805s][debug  ][gc,heap        ] GC(149)   class space    used 83K, committed 192K, reserved 1048576K
[40.805s][debug  ][gc,tlab        ] GC(149) TLAB totals: thrds: 1  refills: 1 max: 1 slow allocs: 17 max 17 waste: 26.8% gc: 3834232B max: 3834232B slow: 0B max: 0B
[40.805s][info   ][gc,start       ] GC(149) Pause Young (Allocation Failure)
[40.805s][debug  ][gc,phases,start] GC(149) Scavenge
[40.818s][debug  ][gc,phases      ] GC(149) Scavenge 12.581ms
[40.818s][debug  ][gc,phases,start] GC(149) Reference Processing
[40.818s][debug  ][gc,ref         ] GC(149) Skipped phase 1 of Reference Processing: no references
[40.818s][debug  ][gc,ref         ] GC(149) Skipped phase 2 of Reference Processing: no references
[40.818s][debug  ][gc,ref         ] GC(149) Skipped phase 3 of Reference Processing: no references
[40.818s][debug  ][gc,ref         ] GC(149) Skipped phase 4 of Reference Processing: no references
[40.818s][debug  ][gc,phases,ref  ] GC(149) Reference Processing: 0.1ms
[40.818s][debug  ][gc,phases,ref  ] GC(149)   Reconsider SoftReferences: 0.0ms
[40.818s][debug  ][gc,phases,ref  ] GC(149)     SoftRef (ms):                  skipped
[40.818s][debug  ][gc,phases,ref  ] GC(149)   Notify Soft/WeakReferences: 0.0ms
[40.818s][debug  ][gc,phases,ref  ] GC(149)     SoftRef (ms):                  skipped
[40.818s][debug  ][gc,phases,ref  ] GC(149)     WeakRef (ms):                  skipped
[40.818s][debug  ][gc,phases,ref  ] GC(149)     FinalRef (ms):                 skipped
[40.818s][debug  ][gc,phases,ref  ] GC(149)     Total (ms):                    skipped
[40.818s][debug  ][gc,phases,ref  ] GC(149)   Notify and keep alive finalizable: 0.0ms
[40.818s][debug  ][gc,phases,ref  ] GC(149)     FinalRef (ms):                 skipped
[40.818s][debug  ][gc,phases,ref  ] GC(149)   Notify PhantomReferences: 0.0ms
[40.818s][debug  ][gc,phases,ref  ] GC(149)     PhantomRef (ms):               skipped
[40.818s][debug  ][gc,phases,ref  ] GC(149)   SoftReference:
[40.818s][debug  ][gc,phases,ref  ] GC(149)     Discovered: 0
[40.818s][debug  ][gc,phases,ref  ] GC(149)     Cleared: 0
[40.818s][debug  ][gc,phases,ref  ] GC(149)   WeakReference:
[40.818s][debug  ][gc,phases,ref  ] GC(149)     Discovered: 0
[40.818s][debug  ][gc,phases,ref  ] GC(149)     Cleared: 0
[40.818s][debug  ][gc,phases,ref  ] GC(149)   FinalReference:
[40.818s][debug  ][gc,phases,ref  ] GC(149)     Discovered: 0
[40.818s][debug  ][gc,phases,ref  ] GC(149)     Cleared: 0
[40.819s][debug  ][gc,phases,ref  ] GC(149)   PhantomReference:
[40.819s][debug  ][gc,phases,ref  ] GC(149)     Discovered: 0
[40.819s][debug  ][gc,phases,ref  ] GC(149)     Cleared: 0
[40.819s][debug  ][gc,phases      ] GC(149) Reference Processing 0.681ms
[40.819s][debug  ][gc,phases,start] GC(149) Weak Processing
[40.819s][debug  ][gc,phases      ] GC(149)   VM Weak                        Min:  0.0, Avg:  0.0, Max:  0.0, Diff:  0.0, Sum:  0.0, Workers: 6
[40.819s][debug  ][gc,phases      ] GC(149)     Dead                           Min: 0, Avg:  0.0, Max: 0, Diff: 0, Sum: 0, Workers: 6
[40.819s][debug  ][gc,phases      ] GC(149)     Total                          Min: 0, Avg:  1.3, Max: 8, Diff: 8, Sum: 8, Workers: 6
[40.819s][debug  ][gc,phases      ] GC(149)   ObjectSynchronizer Weak        Min:  0.0, Avg:  0.0, Max:  0.0, Diff:  0.0, Sum:  0.0, Workers: 6
[40.819s][debug  ][gc,phases      ] GC(149)     Dead                           Min: 0, Avg:  0.0, Max: 0, Diff: 0, Sum: 0, Workers: 6
[40.819s][debug  ][gc,phases      ] GC(149)     Total                          Min: 0, Avg:  0.5, Max: 3, Diff: 3, Sum: 3, Workers: 6
[40.819s][debug  ][gc,phases      ] GC(149)   JVMTI Tag Weak OopStorage      Min:  0.0, Avg:  0.0, Max:  0.0, Diff:  0.0, Sum:  0.0, Workers: 6
[40.819s][debug  ][gc,phases      ] GC(149)     Dead                           Min: 0, Avg:  0.0, Max: 0, Diff: 0, Sum: 0, Workers: 6
[40.819s][debug  ][gc,phases      ] GC(149)     Total                          Min: 0, Avg:  0.0, Max: 0, Diff: 0, Sum: 0, Workers: 6
[40.819s][debug  ][gc,phases      ] GC(149)   StringTable Weak               Min:  0.0, Avg:  0.0, Max:  0.0, Diff:  0.0, Sum:  0.0, Workers: 6
[40.819s][debug  ][gc,phases      ] GC(149)     Dead                           Min: 0, Avg:  0.0, Max: 0, Diff: 0, Sum: 0, Workers: 6
[40.819s][debug  ][gc,phases      ] GC(149)     Total                          Min: 576, Avg: 892.5, Max: 1280, Diff: 704, Sum: 5355, Workers: 6
[40.819s][debug  ][gc,phases      ] GC(149)   ResolvedMethodTable Weak       Min:  0.0, Avg:  0.0, Max:  0.0, Diff:  0.0, Sum:  0.0, Workers: 6
[40.819s][debug  ][gc,phases      ] GC(149)     Dead                           Min: 0, Avg:  0.0, Max: 0, Diff: 0, Sum: 0, Workers: 6
[40.819s][debug  ][gc,phases      ] GC(149)     Total                          Min: 0, Avg: 21.7, Max: 64, Diff: 64, Sum: 130, Workers: 6
[40.819s][debug  ][gc,phases      ] GC(149)   JNI Weak                       Min:  0.0, Avg:  0.0, Max:  0.0, Diff:  0.0, Sum:  0.0, Workers: 6
[40.819s][debug  ][gc,phases      ] GC(149)     Dead                           Min: 0, Avg:  0.0, Max: 0, Diff: 0, Sum: 0, Workers: 6
[40.819s][debug  ][gc,phases      ] GC(149)     Total                          Min: 0, Avg:  0.0, Max: 0, Diff: 0, Sum: 0, Workers: 6
[40.819s][debug  ][gc,phases      ] GC(149)   StringDedup Table Weak         Min:  0.0, Avg:  0.0, Max:  0.0, Diff:  0.0, Sum:  0.0, Workers: 6
[40.819s][debug  ][gc,phases      ] GC(149)     Dead                           Min: 0, Avg:  0.0, Max: 0, Diff: 0, Sum: 0, Workers: 6
[40.819s][debug  ][gc,phases      ] GC(149)     Total                          Min: 0, Avg:  0.0, Max: 0, Diff: 0, Sum: 0, Workers: 6
[40.819s][debug  ][gc,phases      ] GC(149)   StringDedup Requests0 Weak     Min:  0.0, Avg:  0.0, Max:  0.0, Diff:  0.0, Sum:  0.0, Workers: 6
[40.819s][debug  ][gc,phases      ] GC(149)     Dead                           Min: 0, Avg:  0.0, Max: 0, Diff: 0, Sum: 0, Workers: 6
[40.819s][debug  ][gc,phases      ] GC(149)     Total                          Min: 0, Avg:  0.0, Max: 0, Diff: 0, Sum: 0, Workers: 6
[40.819s][debug  ][gc,phases      ] GC(149)   StringDedup Requests1 Weak     Min:  0.0, Avg:  0.0, Max:  0.0, Diff:  0.0, Sum:  0.0, Workers: 6
[40.819s][debug  ][gc,phases      ] GC(149)     Dead                           Min: 0, Avg:  0.0, Max: 0, Diff: 0, Sum: 0, Workers: 6
[40.819s][debug  ][gc,phases      ] GC(149)     Total                          Min: 0, Avg:  0.0, Max: 0, Diff: 0, Sum: 0, Workers: 6
[40.819s][debug  ][gc,phases      ] GC(149)   Weak JFR Old Object Samples    Min:  0.0, Avg:  0.0, Max:  0.0, Diff:  0.0, Sum:  0.0, Workers: 6
[40.819s][debug  ][gc,phases      ] GC(149)     Dead                           Min: 0, Avg:  0.0, Max: 0, Diff: 0, Sum: 0, Workers: 6
[40.820s][debug  ][gc,phases      ] GC(149)     Total                          Min: 0, Avg:  0.0, Max: 0, Diff: 0, Sum: 0, Workers: 6
[40.820s][debug  ][gc,phases      ] GC(149) Weak Processing 0.928ms
[40.820s][debug  ][gc,ergo        ] GC(149) AdaptiveSizeStart:  collection: 150 
[40.820s][debug  ][gc,ergo        ] GC(149) avg_survived_padded_avg: 35252888.000000
[40.820s][debug  ][gc,ergo        ] GC(149) avg_promoted_padded_avg: 266220048.000000  avg_pretenured_padded_avg: 0.000000  tenuring_thresh: 1  target_size: 35651584
[40.820s][debug  ][gc,age         ] GC(149) Desired survivor size 35651584 bytes, new threshold 1 (max threshold 15)
[40.820s][debug  ][gc,ergo        ] GC(149) PSAdaptiveSizePolicy::compute_eden_space_size limits: desired_eden_size: 219552001 old_eden_size: 196083712 eden_limit: 196608000 cur_eden: 196083712 max_eden_size: 196608000 avg_young_live: 28772666
[40.820s][debug  ][gc,ergo        ] GC(149) PSAdaptiveSizePolicy::compute_eden_space_size: costs minor_time: 0.051171 major_cost: 0.034567 mutator_cost: 0.914261 throughput_goal: 0.990000
[40.820s][debug  ][gc,ergo        ] GC(149) Live_space: 942947200 free_space: 1659895808
[40.820s][debug  ][gc,ergo        ] GC(149) Old eden_size: 196083712 desired_eden_size: 196608000
[40.820s][debug  ][gc,ergo        ] GC(149) AdaptiveSizeStop: collection: 150 
[40.820s][info   ][gc,heap        ] GC(149) PSYoungGen: 218785K(226816K)->30720K(227328K) Eden: 188065K(191488K)->0K(192512K) From: 30720K(35328K)->30720K(34816K)
[40.820s][info   ][gc,heap        ] GC(149) ParOldGen: 1875557K(2587648K)->1998438K(2587648K)
[40.820s][info   ][gc,metaspace   ] GC(149) Metaspace: 1024K(1216K)->1024K(1216K) NonClass: 941K(1024K)->941K(1024K) Class: 83K(192K)->83K(192K)
[40.820s][info   ][gc             ] GC(149) Pause Young (Allocation Failure) 2045M->1981M(2749M) 14.686ms
[40.820s][info   ][gc,cpu         ] GC(149) User=0.00s Sys=0.02s Real=0.02s
[40.820s][debug  ][gc,heap        ] GC(149) Heap after GC invocations=150 (full 22):
[40.820s][debug  ][gc,heap        ] GC(149)  PSYoungGen      total 227328K, used 30720K [0x00000007f0000000, 0x0000000800000000, 0x0000000800000000)
[40.820s][debug  ][gc,heap        ] GC(149)   eden space 192512K, 0% used [0x00000007f0000000,0x00000007f0000000,0x00000007fbc00000)
[40.820s][debug  ][gc,heap        ] GC(149)   from space 34816K, 88% used [0x00000007fde00000,0x00000007ffc00030,0x0000000800000000)
[40.820s][debug  ][gc,heap        ] GC(149)   to   space 34816K, 0% used [0x00000007fbc00000,0x00000007fbc00000,0x00000007fde00000)
[40.820s][debug  ][gc,heap        ] GC(149)  ParOldGen       total 2587648K, used 1998438K [0x0000000700000000, 0x000000079df00000, 0x00000007f0000000)
[40.820s][debug  ][gc,heap        ] GC(149)   object space 2587648K, 77% used [0x0000000700000000,0x0000000779f99828,0x000000079df00000)
[40.820s][debug  ][gc,heap        ] GC(149)  Metaspace       used 1024K, committed 1216K, reserved 1056768K
[40.820s][debug  ][gc,heap        ] GC(149)   class space    used 83K, committed 192K, reserved 1048576K
[40.820s][debug  ][gc,task,time   ] GC(149) VM-Thread 408047731 408178957 408201552
[41.109s][debug  ][gc,heap        ] GC(150) Heap before GC invocations=151 (full 22):
[41.109s][debug  ][gc,heap        ] GC(150)  PSYoungGen      total 227328K, used 218808K [0x00000007f0000000, 0x0000000800000000, 0x0000000800000000)
[41.109s][debug  ][gc,heap        ] GC(150)   eden space 192512K, 97% used [0x00000007f0000000,0x00000007fb7ae240,0x00000007fbc00000)
[41.109s][debug  ][gc,heap        ] GC(150)   from space 34816K, 88% used [0x00000007fde00000,0x00000007ffc00030,0x0000000800000000)
[41.109s][debug  ][gc,heap        ] GC(150)   to   space 34816K, 0% used [0x00000007fbc00000,0x00000007fbc00000,0x00000007fde00000)
[41.109s][debug  ][gc,heap        ] GC(150)  ParOldGen       total 2587648K, used 1998438K [0x0000000700000000, 0x000000079df00000, 0x00000007f0000000)
[41.109s][debug  ][gc,heap        ] GC(150)   object space 2587648K, 77% used [0x0000000700000000,0x0000000779f99828,0x000000079df00000)
[41.109s][debug  ][gc,heap        ] GC(150)  Metaspace       used 1024K, committed 1216K, reserved 1056768K
[41.109s][debug  ][gc,heap        ] GC(150)   class space    used 83K, committed 192K, reserved 1048576K
[41.109s][debug  ][gc,tlab        ] GC(150) TLAB totals: thrds: 1  refills: 1 max: 1 slow allocs: 17 max 17 waste: 26.9% gc: 3858720B max: 3858720B slow: 0B max: 0B
[41.109s][info   ][gc,start       ] GC(150) Pause Young (Allocation Failure)
[41.109s][debug  ][gc,phases,start] GC(150) Scavenge
[41.127s][debug  ][gc,phases      ] GC(150) Scavenge 17.697ms
[41.127s][debug  ][gc,phases,start] GC(150) Reference Processing
[41.127s][debug  ][gc,ref         ] GC(150) Skipped phase 1 of Reference Processing: no references
[41.127s][debug  ][gc,ref         ] GC(150) Skipped phase 2 of Reference Processing: no references
[41.127s][debug  ][gc,ref         ] GC(150) Skipped phase 3 of Reference Processing: no references
[41.127s][debug  ][gc,ref         ] GC(150) Skipped phase 4 of Reference Processing: no references
[41.127s][debug  ][gc,phases,ref  ] GC(150) Reference Processing: 0.1ms
[41.127s][debug  ][gc,phases,ref  ] GC(150)   Reconsider SoftReferences: 0.0ms
[41.127s][debug  ][gc,phases,ref  ] GC(150)     SoftRef (ms):                  skipped
[41.127s][debug  ][gc,phases,ref  ] GC(150)   Notify Soft/WeakReferences: 0.0ms
[41.127s][debug  ][gc,phases,ref  ] GC(150)     SoftRef (ms):                  skipped
[41.127s][debug  ][gc,phases,ref  ] GC(150)     WeakRef (ms):                  skipped
[41.127s][debug  ][gc,phases,ref  ] GC(150)     FinalRef (ms):                 skipped
[41.127s][debug  ][gc,phases,ref  ] GC(150)     Total (ms):                    skipped
[41.127s][debug  ][gc,phases,ref  ] GC(150)   Notify and keep alive finalizable: 0.0ms
[41.127s][debug  ][gc,phases,ref  ] GC(150)     FinalRef (ms):                 skipped
[41.127s][debug  ][gc,phases,ref  ] GC(150)   Notify PhantomReferences: 0.0ms
[41.127s][debug  ][gc,phases,ref  ] GC(150)     PhantomRef (ms):               skipped
[41.128s][debug  ][gc,phases,ref  ] GC(150)   SoftReference:
[41.128s][debug  ][gc,phases,ref  ] GC(150)     Discovered: 0
[41.128s][debug  ][gc,phases,ref  ] GC(150)     Cleared: 0
[41.128s][debug  ][gc,phases,ref  ] GC(150)   WeakReference:
[41.128s][debug  ][gc,phases,ref  ] GC(150)     Discovered: 0
[41.128s][debug  ][gc,phases,ref  ] GC(150)     Cleared: 0
[41.128s][debug  ][gc,phases,ref  ] GC(150)   FinalReference:
[41.128s][debug  ][gc,phases,ref  ] GC(150)     Discovered: 0
[41.128s][debug  ][gc,phases,ref  ] GC(150)     Cleared: 0
[41.128s][debug  ][gc,phases,ref  ] GC(150)   PhantomReference:
[41.128s][debug  ][gc,phases,ref  ] GC(150)     Discovered: 0
[41.128s][debug  ][gc,phases,ref  ] GC(150)     Cleared: 0
[41.128s][debug  ][gc,phases      ] GC(150) Reference Processing 0.567ms
[41.128s][debug  ][gc,phases,start] GC(150) Weak Processing
[41.128s][debug  ][gc,phases      ] GC(150)   VM Weak                        Min:  0.0, Avg:  0.0, Max:  0.0, Diff:  0.0, Sum:  0.0, Workers: 6
[41.128s][debug  ][gc,phases      ] GC(150)     Dead                           Min: 0, Avg:  0.0, Max: 0, Diff: 0, Sum: 0, Workers: 6
[41.128s][debug  ][gc,phases      ] GC(150)     Total                          Min: 0, Avg:  1.3, Max: 8, Diff: 8, Sum: 8, Workers: 6
[41.128s][debug  ][gc,phases      ] GC(150)   ObjectSynchronizer Weak        Min:  0.0, Avg:  0.0, Max:  0.0, Diff:  0.0, Sum:  0.0, Workers: 6
[41.128s][debug  ][gc,phases      ] GC(150)     Dead                           Min: 0, Avg:  0.0, Max: 0, Diff: 0, Sum: 0, Workers: 6
[41.128s][debug  ][gc,phases      ] GC(150)     Total                          Min: 0, Avg:  0.5, Max: 3, Diff: 3, Sum: 3, Workers: 6
[41.128s][debug  ][gc,phases      ] GC(150)   JVMTI Tag Weak OopStorage      Min:  0.0, Avg:  0.0, Max:  0.0, Diff:  0.0, Sum:  0.0, Workers: 6
[41.128s][debug  ][gc,phases      ] GC(150)     Dead                           Min: 0, Avg:  0.0, Max: 0, Diff: 0, Sum: 0, Workers: 6
[41.128s][debug  ][gc,phases      ] GC(150)     Total                          Min: 0, Avg:  0.0, Max: 0, Diff: 0, Sum: 0, Workers: 6
[41.128s][debug  ][gc,phases      ] GC(150)   StringTable Weak               Min:  0.0, Avg:  0.0, Max:  0.0, Diff:  0.0, Sum:  0.0, Workers: 6
[41.128s][debug  ][gc,phases      ] GC(150)     Dead                           Min: 0, Avg:  0.0, Max: 0, Diff: 0, Sum: 0, Workers: 6
[41.128s][debug  ][gc,phases      ] GC(150)     Total                          Min: 703, Avg: 892.5, Max: 1068, Diff: 365, Sum: 5355, Workers: 6
[41.128s][debug  ][gc,phases      ] GC(150)   ResolvedMethodTable Weak       Min:  0.0, Avg:  0.0, Max:  0.0, Diff:  0.0, Sum:  0.0, Workers: 6
[41.128s][debug  ][gc,phases      ] GC(150)     Dead                           Min: 0, Avg:  0.0, Max: 0, Diff: 0, Sum: 0, Workers: 6
[41.128s][debug  ][gc,phases      ] GC(150)     Total                          Min: 0, Avg: 21.7, Max: 64, Diff: 64, Sum: 130, Workers: 6
[41.128s][debug  ][gc,phases      ] GC(150)   JNI Weak                       Min:  0.0, Avg:  0.0, Max:  0.0, Diff:  0.0, Sum:  0.0, Workers: 6
[41.128s][debug  ][gc,phases      ] GC(150)     Dead                           Min: 0, Avg:  0.0, Max: 0, Diff: 0, Sum: 0, Workers: 6
[41.128s][debug  ][gc,phases      ] GC(150)     Total                          Min: 0, Avg:  0.0, Max: 0, Diff: 0, Sum: 0, Workers: 6
[41.128s][debug  ][gc,phases      ] GC(150)   StringDedup Table Weak         Min:  0.0, Avg:  0.0, Max:  0.0, Diff:  0.0, Sum:  0.0, Workers: 6
[41.128s][debug  ][gc,phases      ] GC(150)     Dead                           Min: 0, Avg:  0.0, Max: 0, Diff: 0, Sum: 0, Workers: 6
[41.128s][debug  ][gc,phases      ] GC(150)     Total                          Min: 0, Avg:  0.0, Max: 0, Diff: 0, Sum: 0, Workers: 6
[41.128s][debug  ][gc,phases      ] GC(150)   StringDedup Requests0 Weak     Min:  0.0, Avg:  0.0, Max:  0.0, Diff:  0.0, Sum:  0.0, Workers: 6
[41.128s][debug  ][gc,phases      ] GC(150)     Dead                           Min: 0, Avg:  0.0, Max: 0, Diff: 0, Sum: 0, Workers: 6
[41.128s][debug  ][gc,phases      ] GC(150)     Total                          Min: 0, Avg:  0.0, Max: 0, Diff: 0, Sum: 0, Workers: 6
[41.128s][debug  ][gc,phases      ] GC(150)   StringDedup Requests1 Weak     Min:  0.0, Avg:  0.0, Max:  0.0, Diff:  0.0, Sum:  0.0, Workers: 6
[41.128s][debug  ][gc,phases      ] GC(150)     Dead                           Min: 0, Avg:  0.0, Max: 0, Diff: 0, Sum: 0, Workers: 6
[41.128s][debug  ][gc,phases      ] GC(150)     Total                          Min: 0, Avg:  0.0, Max: 0, Diff: 0, Sum: 0, Workers: 6
[41.128s][debug  ][gc,phases      ] GC(150)   Weak JFR Old Object Samples    Min:  0.0, Avg:  0.0, Max:  0.0, Diff:  0.0, Sum:  0.0, Workers: 6
[41.128s][debug  ][gc,phases      ] GC(150)     Dead                           Min: 0, Avg:  0.0, Max: 0, Diff: 0, Sum: 0, Workers: 6
[41.128s][debug  ][gc,phases      ] GC(150)     Total                          Min: 0, Avg:  0.0, Max: 0, Diff: 0, Sum: 0, Workers: 6
[41.128s][debug  ][gc,phases      ] GC(150) Weak Processing 0.661ms
[41.128s][debug  ][gc,ergo        ] GC(150) AdaptiveSizeStart:  collection: 151 
[41.128s][debug  ][gc,ergo        ] GC(150) avg_survived_padded_avg: 34997956.000000
[41.128s][debug  ][gc,ergo        ] GC(150) avg_promoted_padded_avg: 266587744.000000  avg_pretenured_padded_avg: 0.000000  tenuring_thresh: 1  target_size: 35127296
[41.129s][debug  ][gc,age         ] GC(150) Desired survivor size 35127296 bytes, new threshold 1 (max threshold 15)
[41.129s][debug  ][gc,ergo        ] GC(150) PSAdaptiveSizePolicy::compute_eden_space_size limits: desired_eden_size: 221389479 old_eden_size: 196608000 eden_limit: 197132288 cur_eden: 197132288 max_eden_size: 197132288 avg_young_live: 29041130
[41.129s][debug  ][gc,ergo        ] GC(150) PSAdaptiveSizePolicy::compute_eden_space_size: costs minor_time: 0.053789 major_cost: 0.034567 mutator_cost: 0.911643 throughput_goal: 0.990000
[41.129s][debug  ][gc,ergo        ] GC(150) Live_space: 943215616 free_space: 1660420096
[41.129s][debug  ][gc,ergo        ] GC(150) Old eden_size: 196608000 desired_eden_size: 197132288
[41.129s][debug  ][gc,ergo        ] GC(150) AdaptiveSizeStop: collection: 151 
[41.129s][info   ][gc,heap        ] GC(150) PSYoungGen: 218808K(227328K)->30720K(227328K) Eden: 188088K(192512K)->0K(192512K) From: 30720K(34816K)->30720K(34816K)
[41.129s][info   ][gc,heap        ] GC(150) ParOldGen: 1998438K(2587648K)->2182758K(2587648K)
[41.129s][info   ][gc,metaspace   ] GC(150) Metaspace: 1024K(1216K)->1024K(1216K) NonClass: 941K(1024K)->941K(1024K) Class: 83K(192K)->83K(192K)
[41.129s][info   ][gc             ] GC(150) Pause Young (Allocation Failure) 2165M->2161M(2749M) 19.356ms
[41.129s][info   ][gc,cpu         ] GC(150) User=0.03s Sys=0.12s Real=0.02s
[41.129s][debug  ][gc,heap        ] GC(150) Heap after GC invocations=151 (full 22):
[41.129s][debug  ][gc,heap        ] GC(150)  PSYoungGen      total 227328K, used 30720K [0x00000007f0000000, 0x0000000800000000, 0x0000000800000000)
[41.129s][debug  ][gc,heap        ] GC(150)   eden space 192512K, 0% used [0x00000007f0000000,0x00000007f0000000,0x00000007fbc00000)
[41.129s][debug  ][gc,heap        ] GC(150)   from space 34816K, 88% used [0x00000007fbc00000,0x00000007fda00030,0x00000007fde00000)
[41.129s][debug  ][gc,heap        ] GC(150)   to   space 34304K, 0% used [0x00000007fde80000,0x00000007fde80000,0x0000000800000000)
[41.129s][debug  ][gc,heap        ] GC(150)  ParOldGen       total 2587648K, used 2182758K [0x0000000700000000, 0x000000079df00000, 0x00000007f0000000)
[41.129s][debug  ][gc,heap        ] GC(150)   object space 2587648K, 84% used [0x0000000700000000,0x0000000785399948,0x000000079df00000)
[41.129s][debug  ][gc,heap        ] GC(150)  Metaspace       used 1024K, committed 1216K, reserved 1056768K
[41.129s][debug  ][gc,heap        ] GC(150)   class space    used 83K, committed 192K, reserved 1048576K
[41.129s][debug  ][gc,task,time   ] GC(150) VM-Thread 411089304 411271776 411289501
[41.411s][debug  ][gc,heap        ] GC(151) Heap before GC invocations=152 (full 22):
[41.411s][debug  ][gc,heap        ] GC(151)  PSYoungGen      total 227328K, used 218810K [0x00000007f0000000, 0x0000000800000000, 0x0000000800000000)
[41.411s][debug  ][gc,heap        ] GC(151)   eden space 192512K, 97% used [0x00000007f0000000,0x00000007fb7ae900,0x00000007fbc00000)
[41.411s][debug  ][gc,heap        ] GC(151)   from space 34816K, 88% used [0x00000007fbc00000,0x00000007fda00030,0x00000007fde00000)
[41.411s][debug  ][gc,heap        ] GC(151)   to   space 34304K, 0% used [0x00000007fde80000,0x00000007fde80000,0x0000000800000000)
[41.411s][debug  ][gc,heap        ] GC(151)  ParOldGen       total 2587648K, used 2182758K [0x0000000700000000, 0x000000079df00000, 0x00000007f0000000)
[41.412s][debug  ][gc,heap        ] GC(151)   object space 2587648K, 84% used [0x0000000700000000,0x0000000785399948,0x000000079df00000)
[41.412s][debug  ][gc,heap        ] GC(151)  Metaspace       used 1024K, committed 1216K, reserved 1056768K
[41.412s][debug  ][gc,heap        ] GC(151)   class space    used 83K, committed 192K, reserved 1048576K
[41.412s][debug  ][gc,tlab        ] GC(151) TLAB totals: thrds: 1  refills: 1 max: 1 slow allocs: 17 max 17 waste: 26.9% gc: 3860448B max: 3860448B slow: 0B max: 0B
[41.412s][info   ][gc,start       ] GC(151) Pause Young (Allocation Failure)
[41.412s][debug  ][gc,phases,start] GC(151) Scavenge
[41.430s][debug  ][gc,phases      ] GC(151) Scavenge 17.887ms
[41.430s][debug  ][gc,phases,start] GC(151) Reference Processing
[41.430s][debug  ][gc,ref         ] GC(151) Skipped phase 1 of Reference Processing: no references
[41.430s][debug  ][gc,ref         ] GC(151) Skipped phase 2 of Reference Processing: no references
[41.430s][debug  ][gc,ref         ] GC(151) Skipped phase 3 of Reference Processing: no references
[41.430s][debug  ][gc,ref         ] GC(151) Skipped phase 4 of Reference Processing: no references
[41.430s][debug  ][gc,phases,ref  ] GC(151) Reference Processing: 0.1ms
[41.430s][debug  ][gc,phases,ref  ] GC(151)   Reconsider SoftReferences: 0.0ms
[41.430s][debug  ][gc,phases,ref  ] GC(151)     SoftRef (ms):                  skipped
[41.430s][debug  ][gc,phases,ref  ] GC(151)   Notify Soft/WeakReferences: 0.0ms
[41.430s][debug  ][gc,phases,ref  ] GC(151)     SoftRef (ms):                  skipped
[41.430s][debug  ][gc,phases,ref  ] GC(151)     WeakRef (ms):                  skipped
[41.430s][debug  ][gc,phases,ref  ] GC(151)     FinalRef (ms):                 skipped
[41.430s][debug  ][gc,phases,ref  ] GC(151)     Total (ms):                    skipped
[41.430s][debug  ][gc,phases,ref  ] GC(151)   Notify and keep alive finalizable: 0.0ms
[41.430s][debug  ][gc,phases,ref  ] GC(151)     FinalRef (ms):                 skipped
[41.430s][debug  ][gc,phases,ref  ] GC(151)   Notify PhantomReferences: 0.0ms
[41.430s][debug  ][gc,phases,ref  ] GC(151)     PhantomRef (ms):               skipped
[41.430s][debug  ][gc,phases,ref  ] GC(151)   SoftReference:
[41.430s][debug  ][gc,phases,ref  ] GC(151)     Discovered: 0
[41.430s][debug  ][gc,phases,ref  ] GC(151)     Cleared: 0
[41.430s][debug  ][gc,phases,ref  ] GC(151)   WeakReference:
[41.430s][debug  ][gc,phases,ref  ] GC(151)     Discovered: 0
[41.430s][debug  ][gc,phases,ref  ] GC(151)     Cleared: 0
[41.430s][debug  ][gc,phases,ref  ] GC(151)   FinalReference:
[41.430s][debug  ][gc,phases,ref  ] GC(151)     Discovered: 0
[41.430s][debug  ][gc,phases,ref  ] GC(151)     Cleared: 0
[41.430s][debug  ][gc,phases,ref  ] GC(151)   PhantomReference:
[41.430s][debug  ][gc,phases,ref  ] GC(151)     Discovered: 0
[41.430s][debug  ][gc,phases,ref  ] GC(151)     Cleared: 0
[41.430s][debug  ][gc,phases      ] GC(151) Reference Processing 0.570ms
[41.430s][debug  ][gc,phases,start] GC(151) Weak Processing
[41.430s][debug  ][gc,phases      ] GC(151)   VM Weak                        Min:  0.0, Avg:  0.0, Max:  0.0, Diff:  0.0, Sum:  0.0, Workers: 6
[41.430s][debug  ][gc,phases      ] GC(151)     Dead                           Min: 0, Avg:  0.0, Max: 0, Diff: 0, Sum: 0, Workers: 6
[41.430s][debug  ][gc,phases      ] GC(151)     Total                          Min: 0, Avg:  1.3, Max: 8, Diff: 8, Sum: 8, Workers: 6
[41.430s][debug  ][gc,phases      ] GC(151)   ObjectSynchronizer Weak        Min:  0.0, Avg:  0.0, Max:  0.0, Diff:  0.0, Sum:  0.0, Workers: 6
[41.430s][debug  ][gc,phases      ] GC(151)     Dead                           Min: 0, Avg:  0.0, Max: 0, Diff: 0, Sum: 0, Workers: 6
[41.430s][debug  ][gc,phases      ] GC(151)     Total                          Min: 0, Avg:  0.5, Max: 3, Diff: 3, Sum: 3, Workers: 6
[41.430s][debug  ][gc,phases      ] GC(151)   JVMTI Tag Weak OopStorage      Min:  0.0, Avg:  0.0, Max:  0.0, Diff:  0.0, Sum:  0.0, Workers: 6
[41.430s][debug  ][gc,phases      ] GC(151)     Dead                           Min: 0, Avg:  0.0, Max: 0, Diff: 0, Sum: 0, Workers: 6
[41.430s][debug  ][gc,phases      ] GC(151)     Total                          Min: 0, Avg:  0.0, Max: 0, Diff: 0, Sum: 0, Workers: 6
[41.431s][debug  ][gc,phases      ] GC(151)   StringTable Weak               Min:  0.0, Avg:  0.0, Max:  0.0, Diff:  0.0, Sum:  0.0, Workers: 6
[41.431s][debug  ][gc,phases      ] GC(151)     Dead                           Min: 0, Avg:  0.0, Max: 0, Diff: 0, Sum: 0, Workers: 6
[41.431s][debug  ][gc,phases      ] GC(151)     Total                          Min: 768, Avg: 892.5, Max: 1004, Diff: 236, Sum: 5355, Workers: 6
[41.431s][debug  ][gc,phases      ] GC(151)   ResolvedMethodTable Weak       Min:  0.0, Avg:  0.0, Max:  0.0, Diff:  0.0, Sum:  0.0, Workers: 6
[41.431s][debug  ][gc,phases      ] GC(151)     Dead                           Min: 0, Avg:  0.0, Max: 0, Diff: 0, Sum: 0, Workers: 6
[41.431s][debug  ][gc,phases      ] GC(151)     Total                          Min: 0, Avg: 21.7, Max: 64, Diff: 64, Sum: 130, Workers: 6
[41.431s][debug  ][gc,phases      ] GC(151)   JNI Weak                       Min:  0.0, Avg:  0.0, Max:  0.0, Diff:  0.0, Sum:  0.0, Workers: 6
[41.431s][debug  ][gc,phases      ] GC(151)     Dead                           Min: 0, Avg:  0.0, Max: 0, Diff: 0, Sum: 0, Workers: 6
[41.431s][debug  ][gc,phases      ] GC(151)     Total                          Min: 0, Avg:  0.0, Max: 0, Diff: 0, Sum: 0, Workers: 6
[41.431s][debug  ][gc,phases      ] GC(151)   StringDedup Table Weak         Min:  0.0, Avg:  0.0, Max:  0.0, Diff:  0.0, Sum:  0.0, Workers: 6
[41.431s][debug  ][gc,phases      ] GC(151)     Dead                           Min: 0, Avg:  0.0, Max: 0, Diff: 0, Sum: 0, Workers: 6
[41.431s][debug  ][gc,phases      ] GC(151)     Total                          Min: 0, Avg:  0.0, Max: 0, Diff: 0, Sum: 0, Workers: 6
[41.431s][debug  ][gc,phases      ] GC(151)   StringDedup Requests0 Weak     Min:  0.0, Avg:  0.0, Max:  0.0, Diff:  0.0, Sum:  0.0, Workers: 6
[41.431s][debug  ][gc,phases      ] GC(151)     Dead                           Min: 0, Avg:  0.0, Max: 0, Diff: 0, Sum: 0, Workers: 6
[41.431s][debug  ][gc,phases      ] GC(151)     Total                          Min: 0, Avg:  0.0, Max: 0, Diff: 0, Sum: 0, Workers: 6
[41.431s][debug  ][gc,phases      ] GC(151)   StringDedup Requests1 Weak     Min:  0.0, Avg:  0.0, Max:  0.0, Diff:  0.0, Sum:  0.0, Workers: 6
[41.431s][debug  ][gc,phases      ] GC(151)     Dead                           Min: 0, Avg:  0.0, Max: 0, Diff: 0, Sum: 0, Workers: 6
[41.431s][debug  ][gc,phases      ] GC(151)     Total                          Min: 0, Avg:  0.0, Max: 0, Diff: 0, Sum: 0, Workers: 6
[41.431s][debug  ][gc,phases      ] GC(151)   Weak JFR Old Object Samples    Min:  0.0, Avg:  0.0, Max:  0.0, Diff:  0.0, Sum:  0.0, Workers: 6
[41.431s][debug  ][gc,phases      ] GC(151)     Dead                           Min: 0, Avg:  0.0, Max: 0, Diff: 0, Sum: 0, Workers: 6
[41.431s][debug  ][gc,phases      ] GC(151)     Total                          Min: 0, Avg:  0.0, Max: 0, Diff: 0, Sum: 0, Workers: 6
[41.431s][debug  ][gc,phases      ] GC(151) Weak Processing 0.665ms
[41.431s][debug  ][gc,ergo        ] GC(151) AdaptiveSizeStart:  collection: 152 
[41.431s][debug  ][gc,ergo        ] GC(151) avg_survived_padded_avg: 34756056.000000
[41.431s][debug  ][gc,ergo        ] GC(151) avg_promoted_padded_avg: 266107136.000000  avg_pretenured_padded_avg: 0.000000  tenuring_thresh: 1  target_size: 35127296
[41.431s][debug  ][gc,age         ] GC(151) Desired survivor size 35127296 bytes, new threshold 1 (max threshold 15)
[41.431s][debug  ][gc,ergo        ] GC(151) PSAdaptiveSizePolicy::compute_eden_space_size limits: desired_eden_size: 221809882 old_eden_size: 197132288 eden_limit: 197656576 cur_eden: 197132288 max_eden_size: 197656576 avg_young_live: 29282748
[41.431s][debug  ][gc,ergo        ] GC(151) PSAdaptiveSizePolicy::compute_eden_space_size: costs minor_time: 0.056238 major_cost: 0.034567 mutator_cost: 0.909194 throughput_goal: 0.990000
[41.431s][debug  ][gc,ergo        ] GC(151) Live_space: 943457280 free_space: 1660944384
[41.431s][debug  ][gc,ergo        ] GC(151) Old eden_size: 197132288 desired_eden_size: 197656576
[41.431s][debug  ][gc,ergo        ] GC(151) AdaptiveSizeStop: collection: 152 
[41.431s][info   ][gc,heap        ] GC(151) PSYoungGen: 218810K(227328K)->30720K(227840K) Eden: 188090K(192512K)->0K(193536K) From: 30720K(34816K)->30720K(34304K)
[41.431s][info   ][gc,heap        ] GC(151) ParOldGen: 2182758K(2587648K)->2367078K(2587648K)
[41.431s][info   ][gc,metaspace   ] GC(151) Metaspace: 1024K(1216K)->1024K(1216K) NonClass: 941K(1024K)->941K(1024K) Class: 83K(192K)->83K(192K)
[41.431s][info   ][gc             ] GC(151) Pause Young (Allocation Failure) 2345M->2341M(2749M) 19.548ms
[41.431s][info   ][gc,cpu         ] GC(151) User=0.16s Sys=0.05s Real=0.02s
[41.431s][debug  ][gc,heap        ] GC(151) Heap after GC invocations=152 (full 22):
[41.431s][debug  ][gc,heap        ] GC(151)  PSYoungGen      total 227840K, used 30720K [0x00000007f0000000, 0x0000000800000000, 0x0000000800000000)
[41.431s][debug  ][gc,heap        ] GC(151)   eden space 193536K, 0% used [0x00000007f0000000,0x00000007f0000000,0x00000007fbd00000)
[41.431s][debug  ][gc,heap        ] GC(151)   from space 34304K, 89% used [0x00000007fde80000,0x00000007ffc80030,0x0000000800000000)
[41.431s][debug  ][gc,heap        ] GC(151)   to   space 34304K, 0% used [0x00000007fbd00000,0x00000007fbd00000,0x00000007fde80000)
[41.431s][debug  ][gc,heap        ] GC(151)  ParOldGen       total 2587648K, used 2367078K [0x0000000700000000, 0x000000079df00000, 0x00000007f0000000)
[41.431s][debug  ][gc,heap        ] GC(151)   object space 2587648K, 91% used [0x0000000700000000,0x0000000790799a68,0x000000079df00000)
[41.431s][debug  ][gc,heap        ] GC(151)  Metaspace       used 1024K, committed 1216K, reserved 1056768K
[41.431s][debug  ][gc,heap        ] GC(151)   class space    used 83K, committed 192K, reserved 1048576K
[41.431s][debug  ][gc,task,time   ] GC(151) VM-Thread 414111776 414296853 414314678
[41.431s][debug  ][gc,phases,start] GC(152) Pre Compact
[41.432s][debug  ][gc,heap        ] GC(152) Heap before GC invocations=153 (full 23):
[41.432s][debug  ][gc,heap        ] GC(152)  PSYoungGen      total 227840K, used 30720K [0x00000007f0000000, 0x0000000800000000, 0x0000000800000000)
[41.432s][debug  ][gc,heap        ] GC(152)   eden space 193536K, 0% used [0x00000007f0000000,0x00000007f0000000,0x00000007fbd00000)
[41.432s][debug  ][gc,heap        ] GC(152)   from space 34304K, 89% used [0x00000007fde80000,0x00000007ffc80030,0x0000000800000000)
[41.432s][debug  ][gc,heap        ] GC(152)   to   space 34304K, 0% used [0x00000007fbd00000,0x00000007fbd00000,0x00000007fde80000)
[41.432s][debug  ][gc,heap        ] GC(152)  ParOldGen       total 2587648K, used 2367078K [0x0000000700000000, 0x000000079df00000, 0x00000007f0000000)
[41.432s][debug  ][gc,heap        ] GC(152)   object space 2587648K, 91% used [0x0000000700000000,0x0000000790799a68,0x000000079df00000)
[41.432s][debug  ][gc,heap        ] GC(152)  Metaspace       used 1024K, committed 1216K, reserved 1056768K
[41.432s][debug  ][gc,heap        ] GC(152)   class space    used 83K, committed 192K, reserved 1048576K
[41.432s][debug  ][gc,phases      ] GC(152) Pre Compact 0.201ms
[41.432s][info   ][gc,start       ] GC(152) Pause Full (Ergonomics)
[41.432s][info   ][gc,phases,start] GC(152) Marking Phase
[41.432s][debug  ][gc,phases,start] GC(152) Par Mark
[41.432s][debug  ][gc,phases      ] GC(152) Par Mark 0.491ms
[41.432s][debug  ][gc,phases,start] GC(152) Reference Processing
[41.432s][debug  ][gc,ref         ] GC(152) Skipped phase 1 of Reference Processing: no references
[41.432s][debug  ][gc,ref         ] GC(152) ReferenceProcessor::execute queues: 1, RefProcThreadModel::Single, marks_oops_alive: false
[41.432s][debug  ][gc,ref         ] GC(152) Skipped phase 3 of Reference Processing: no references
[41.432s][debug  ][gc,ref         ] GC(152) ReferenceProcessor::execute queues: 1, RefProcThreadModel::Single, marks_oops_alive: false
[41.432s][debug  ][gc,phases,ref  ] GC(152) Reference Processing: 0.2ms
[41.432s][debug  ][gc,phases,ref  ] GC(152)   Reconsider SoftReferences: 0.0ms
[41.432s][debug  ][gc,phases,ref  ] GC(152)     SoftRef (ms):                  skipped
[41.433s][debug  ][gc,phases,ref  ] GC(152)   Notify Soft/WeakReferences: 0.0ms
[41.433s][debug  ][gc,phases,ref  ] GC(152)     SoftRef (ms):                  Min:  0.0, Avg:  0.0, Max:  0.0, Diff:  0.0, Sum:  0.0, Workers: 10
[41.433s][debug  ][gc,phases,ref  ] GC(152)     WeakRef (ms):                  Min:  0.0, Avg:  0.0, Max:  0.0, Diff:  0.0, Sum:  0.0, Workers: 10
[41.433s][debug  ][gc,phases,ref  ] GC(152)     FinalRef (ms):                 Min:  0.0, Avg:  0.0, Max:  0.0, Diff:  0.0, Sum:  0.0, Workers: 10
[41.433s][debug  ][gc,phases,ref  ] GC(152)     Total (ms):                    Min:  0.0, Avg:  0.0, Max:  0.0, Diff:  0.0, Sum:  0.0, Workers: 10
[41.433s][debug  ][gc,phases,ref  ] GC(152)   Notify and keep alive finalizable: 0.0ms
[41.433s][debug  ][gc,phases,ref  ] GC(152)     FinalRef (ms):                 skipped
[41.433s][debug  ][gc,phases,ref  ] GC(152)   Notify PhantomReferences: 0.1ms
[41.433s][debug  ][gc,phases,ref  ] GC(152)     PhantomRef (ms):               Min:  0.0, Avg:  0.0, Max:  0.0, Diff:  0.0, Sum:  0.0, Workers: 10
[41.433s][debug  ][gc,phases,ref  ] GC(152)   SoftReference:
[41.433s][debug  ][gc,phases,ref  ] GC(152)     Discovered: 0
[41.433s][debug  ][gc,phases,ref  ] GC(152)     Cleared: 0
[41.433s][debug  ][gc,phases,ref  ] GC(152)   WeakReference:
[41.433s][debug  ][gc,phases,ref  ] GC(152)     Discovered: 49
[41.433s][debug  ][gc,phases,ref  ] GC(152)     Cleared: 49
[41.433s][debug  ][gc,phases,ref  ] GC(152)   FinalReference:
[41.433s][debug  ][gc,phases,ref  ] GC(152)     Discovered: 0
[41.433s][debug  ][gc,phases,ref  ] GC(152)     Cleared: 0
[41.433s][debug  ][gc,phases,ref  ] GC(152)   PhantomReference:
[41.433s][debug  ][gc,phases,ref  ] GC(152)     Discovered: 3
[41.433s][debug  ][gc,phases,ref  ] GC(152)     Cleared: 3
[41.433s][debug  ][gc,phases      ] GC(152) Reference Processing 0.649ms
[41.433s][debug  ][gc,phases,start] GC(152) Weak Processing
[41.433s][debug  ][gc,phases      ] GC(152)   VM Weak                        Min:  0.0, Avg:  0.0, Max:  0.0, Diff:  0.0, Sum:  0.0, Workers: 6
[41.433s][debug  ][gc,phases      ] GC(152)     Dead                           Min: 0, Avg:  0.0, Max: 0, Diff: 0, Sum: 0, Workers: 6
[41.433s][debug  ][gc,phases      ] GC(152)     Total                          Min: 0, Avg:  1.3, Max: 8, Diff: 8, Sum: 8, Workers: 6
[41.433s][debug  ][gc,phases      ] GC(152)   ObjectSynchronizer Weak        Min:  0.0, Avg:  0.0, Max:  0.0, Diff:  0.0, Sum:  0.0, Workers: 6
[41.433s][debug  ][gc,phases      ] GC(152)     Dead                           Min: 0, Avg:  0.0, Max: 0, Diff: 0, Sum: 0, Workers: 6
[41.433s][debug  ][gc,phases      ] GC(152)     Total                          Min: 0, Avg:  0.5, Max: 3, Diff: 3, Sum: 3, Workers: 6
[41.433s][debug  ][gc,phases      ] GC(152)   JVMTI Tag Weak OopStorage      Min:  0.0, Avg:  0.0, Max:  0.0, Diff:  0.0, Sum:  0.0, Workers: 6
[41.433s][debug  ][gc,phases      ] GC(152)     Dead                           Min: 0, Avg:  0.0, Max: 0, Diff: 0, Sum: 0, Workers: 6
[41.433s][debug  ][gc,phases      ] GC(152)     Total                          Min: 0, Avg:  0.0, Max: 0, Diff: 0, Sum: 0, Workers: 6
[41.433s][debug  ][gc,phases      ] GC(152)   StringTable Weak               Min:  0.0, Avg:  0.0, Max:  0.0, Diff:  0.0, Sum:  0.0, Workers: 6
[41.433s][debug  ][gc,phases      ] GC(152)     Dead                           Min: 0, Avg:  0.0, Max: 0, Diff: 0, Sum: 0, Workers: 6
[41.433s][debug  ][gc,phases      ] GC(152)     Total                          Min: 704, Avg: 892.5, Max: 1196, Diff: 492, Sum: 5355, Workers: 6
[41.433s][debug  ][gc,phases      ] GC(152)   ResolvedMethodTable Weak       Min:  0.0, Avg:  0.0, Max:  0.0, Diff:  0.0, Sum:  0.0, Workers: 6
[41.433s][debug  ][gc,phases      ] GC(152)     Dead                           Min: 0, Avg:  0.0, Max: 0, Diff: 0, Sum: 0, Workers: 6
[41.433s][debug  ][gc,phases      ] GC(152)     Total                          Min: 0, Avg: 21.7, Max: 64, Diff: 64, Sum: 130, Workers: 6
[41.433s][debug  ][gc,phases      ] GC(152)   JNI Weak                       Min:  0.0, Avg:  0.0, Max:  0.0, Diff:  0.0, Sum:  0.0, Workers: 6
[41.433s][debug  ][gc,phases      ] GC(152)     Dead                           Min: 0, Avg:  0.0, Max: 0, Diff: 0, Sum: 0, Workers: 6
[41.433s][debug  ][gc,phases      ] GC(152)     Total                          Min: 0, Avg:  0.0, Max: 0, Diff: 0, Sum: 0, Workers: 6
[41.433s][debug  ][gc,phases      ] GC(152)   StringDedup Table Weak         Min:  0.0, Avg:  0.0, Max:  0.0, Diff:  0.0, Sum:  0.0, Workers: 6
[41.433s][debug  ][gc,phases      ] GC(152)     Dead                           Min: 0, Avg:  0.0, Max: 0, Diff: 0, Sum: 0, Workers: 6
[41.433s][debug  ][gc,phases      ] GC(152)     Total                          Min: 0, Avg:  0.0, Max: 0, Diff: 0, Sum: 0, Workers: 6
[41.433s][debug  ][gc,phases      ] GC(152)   StringDedup Requests0 Weak     Min:  0.0, Avg:  0.0, Max:  0.0, Diff:  0.0, Sum:  0.0, Workers: 6
[41.433s][debug  ][gc,phases      ] GC(152)     Dead                           Min: 0, Avg:  0.0, Max: 0, Diff: 0, Sum: 0, Workers: 6
[41.433s][debug  ][gc,phases      ] GC(152)     Total                          Min: 0, Avg:  0.0, Max: 0, Diff: 0, Sum: 0, Workers: 6
[41.433s][debug  ][gc,phases      ] GC(152)   StringDedup Requests1 Weak     Min:  0.0, Avg:  0.0, Max:  0.0, Diff:  0.0, Sum:  0.0, Workers: 6
[41.433s][debug  ][gc,phases      ] GC(152)     Dead                           Min: 0, Avg:  0.0, Max: 0, Diff: 0, Sum: 0, Workers: 6
[41.434s][debug  ][gc,phases      ] GC(152)     Total                          Min: 0, Avg:  0.0, Max: 0, Diff: 0, Sum: 0, Workers: 6
[41.434s][debug  ][gc,phases      ] GC(152)   Weak JFR Old Object Samples    Min:  0.0, Avg:  0.0, Max:  0.0, Diff:  0.0, Sum:  0.0, Workers: 6
[41.434s][debug  ][gc,phases      ] GC(152)     Dead                           Min: 0, Avg:  0.0, Max: 0, Diff: 0, Sum: 0, Workers: 6
[41.434s][debug  ][gc,phases      ] GC(152)     Total                          Min: 0, Avg:  0.0, Max: 0, Diff: 0, Sum: 0, Workers: 6
[41.434s][debug  ][gc,phases      ] GC(152) Weak Processing 0.650ms
[41.434s][debug  ][gc,phases,start] GC(152) Class Unloading
[41.434s][debug  ][gc,phases,start] GC(152) ClassLoaderData
[41.434s][debug  ][gc,phases      ] GC(152) ClassLoaderData 0.019ms
[41.434s][debug  ][gc,phases,start] GC(152) Trigger cleanups
[41.434s][debug  ][gc,phases      ] GC(152) Trigger cleanups 0.019ms
[41.434s][debug  ][gc,phases      ] GC(152) Class Unloading 0.252ms
[41.434s][info   ][gc,phases      ] GC(152) Marking Phase 2.150ms
[41.434s][info   ][gc,phases,start] GC(152) Summary Phase
[41.434s][info   ][gc,phases      ] GC(152) Summary Phase 0.039ms
[41.434s][info   ][gc,phases,start] GC(152) Adjust Roots
[41.434s][info   ][gc,phases      ] GC(152) Adjust Roots 0.158ms
[41.434s][info   ][gc,phases,start] GC(152) Compaction Phase
[41.491s][info   ][gc,phases      ] GC(152) Compaction Phase 56.883ms
[41.491s][info   ][gc,phases,start] GC(152) Post Compact
[41.499s][info   ][gc,phases      ] GC(152) Post Compact 7.768ms
[41.499s][debug  ][gc,ergo        ] GC(152) AdaptiveSizeStart: collection: 153 
[41.499s][debug  ][gc,ergo        ] GC(152) PSAdaptiveSizePolicy::compute_eden_space_size limits: desired_eden_size: 223581934 old_eden_size: 197656576 eden_limit: 198180864 cur_eden: 198180864 max_eden_size: 198180864 avg_young_live: 26354472
[41.499s][debug  ][gc,ergo        ] GC(152) PSAdaptiveSizePolicy::compute_eden_space_size: costs minor_time: 0.056238 major_cost: 0.031981 mutator_cost: 0.911781 throughput_goal: 0.990000
[41.499s][debug  ][gc,ergo        ] GC(152) Live_space: 940529024 free_space: 1661468672
[41.499s][debug  ][gc,ergo        ] GC(152) Old eden_size: 197656576 desired_eden_size: 198180864
[41.499s][debug  ][gc,ergo        ] GC(152) PSAdaptiveSizePolicy::compute_old_gen_free_space: costs minor_time: 0.056238 major_cost: 0.031981  mutator_cost: 0.911781 throughput_goal: 0.990000
[41.499s][debug  ][gc,ergo        ] GC(152) Live_space: 929600000 free_space: 1661992960
[41.499s][debug  ][gc,ergo        ] GC(152) Old promo_size: 1463812096 desired_promo_size: 1570242560
[41.502s][debug  ][gc             ] GC(152) Shrinking ParOldGen from 2587648K by 270336K to 2317312K
[41.502s][debug  ][gc,ergo        ] GC(152) AdaptiveSizeStop: collection: 153 
[41.502s][info   ][gc,heap        ] GC(152) PSYoungGen: 30720K(227840K)->0K(227840K) Eden: 0K(193536K)->0K(193536K) From: 30720K(34304K)->0K(34304K)
[41.502s][info   ][gc,heap        ] GC(152) ParOldGen: 2367078K(2587648K)->523875K(2317312K)
[41.502s][info   ][gc,metaspace   ] GC(152) Metaspace: 1024K(1216K)->1024K(1216K) NonClass: 941K(1024K)->941K(1024K) Class: 83K(192K)->83K(192K)
[41.502s][info   ][gc             ] GC(152) Pause Full (Ergonomics) 2341M->511M(2485M) 70.747ms
[41.502s][info   ][gc,cpu         ] GC(152) User=0.50s Sys=0.00s Real=0.07s
[41.503s][debug  ][gc,heap        ] GC(152) Heap after GC invocations=153 (full 23):
[41.503s][debug  ][gc,heap        ] GC(152)  PSYoungGen      total 227840K, used 0K [0x00000007f0000000, 0x0000000800000000, 0x0000000800000000)
[41.503s][debug  ][gc,heap        ] GC(152)   eden space 193536K, 0% used [0x00000007f0000000,0x00000007f0000000,0x00000007fbd00000)
[41.503s][debug  ][gc,heap        ] GC(152)   from space 34304K, 0% used [0x00000007fbd00000,0x00000007fbd00000,0x00000007fde80000)
[41.503s][debug  ][gc,heap        ] GC(152)   to   space 34304K, 0% used [0x00000007fde80000,0x00000007fde80000,0x0000000800000000)
[41.503s][debug  ][gc,heap        ] GC(152)  ParOldGen       total 2317312K, used 523875K [0x0000000700000000, 0x000000078d700000, 0x00000007f0000000)
[41.503s][debug  ][gc,heap        ] GC(152)   object space 2317312K, 22% used [0x0000000700000000,0x000000071ff98f28,0x000000078d700000)
[41.503s][debug  ][gc,heap        ] GC(152)  Metaspace       used 1024K, committed 1216K, reserved 1056768K
[41.503s][debug  ][gc,heap        ] GC(152)   class space    used 83K, committed 192K, reserved 1048576K
[41.503s][debug  ][gc,task,time   ] GC(152) VM-Thread 414317375 414341606 415025124
[41.791s][debug  ][gc,heap        ] GC(153) Heap before GC invocations=154 (full 23):
[41.791s][debug  ][gc,heap        ] GC(153)  PSYoungGen      total 227840K, used 188111K [0x00000007f0000000, 0x0000000800000000, 0x0000000800000000)
[41.791s][debug  ][gc,heap        ] GC(153)   eden space 193536K, 97% used [0x00000007f0000000,0x00000007fb7b3d90,0x00000007fbd00000)
[41.791s][debug  ][gc,heap        ] GC(153)   from space 34304K, 0% used [0x00000007fbd00000,0x00000007fbd00000,0x00000007fde80000)
[41.791s][debug  ][gc,heap        ] GC(153)   to   space 34304K, 0% used [0x00000007fde80000,0x00000007fde80000,0x0000000800000000)
[41.791s][debug  ][gc,heap        ] GC(153)  ParOldGen       total 2317312K, used 523875K [0x0000000700000000, 0x000000078d700000, 0x00000007f0000000)
[41.791s][debug  ][gc,heap        ] GC(153)   object space 2317312K, 22% used [0x0000000700000000,0x000000071ff98f28,0x000000078d700000)
[41.791s][debug  ][gc,heap        ] GC(153)  Metaspace       used 1024K, committed 1216K, reserved 1056768K
[41.791s][debug  ][gc,heap        ] GC(153)   class space    used 83K, committed 192K, reserved 1048576K
[41.791s][debug  ][gc,tlab        ] GC(153) TLAB totals: thrds: 1  refills: 1 max: 1 slow allocs: 17 max 17 waste: 27.0% gc: 3882096B max: 3882096B slow: 0B max: 0B
[41.791s][info   ][gc,start       ] GC(153) Pause Young (Allocation Failure)
[41.791s][debug  ][gc,phases,start] GC(153) Scavenge
[41.803s][debug  ][gc,phases      ] GC(153) Scavenge 12.367ms
[41.803s][debug  ][gc,phases,start] GC(153) Reference Processing
[41.804s][debug  ][gc,ref         ] GC(153) Skipped phase 1 of Reference Processing: no references
[41.804s][debug  ][gc,ref         ] GC(153) Skipped phase 2 of Reference Processing: no references
[41.804s][debug  ][gc,ref         ] GC(153) Skipped phase 3 of Reference Processing: no references
[41.804s][debug  ][gc,ref         ] GC(153) Skipped phase 4 of Reference Processing: no references
[41.804s][debug  ][gc,phases,ref  ] GC(153) Reference Processing: 0.1ms
[41.804s][debug  ][gc,phases,ref  ] GC(153)   Reconsider SoftReferences: 0.0ms
[41.804s][debug  ][gc,phases,ref  ] GC(153)     SoftRef (ms):                  skipped
[41.804s][debug  ][gc,phases,ref  ] GC(153)   Notify Soft/WeakReferences: 0.0ms
[41.804s][debug  ][gc,phases,ref  ] GC(153)     SoftRef (ms):                  skipped
[41.804s][debug  ][gc,phases,ref  ] GC(153)     WeakRef (ms):                  skipped
[41.804s][debug  ][gc,phases,ref  ] GC(153)     FinalRef (ms):                 skipped
[41.804s][debug  ][gc,phases,ref  ] GC(153)     Total (ms):                    skipped
[41.804s][debug  ][gc,phases,ref  ] GC(153)   Notify and keep alive finalizable: 0.0ms
[41.804s][debug  ][gc,phases,ref  ] GC(153)     FinalRef (ms):                 skipped
[41.804s][debug  ][gc,phases,ref  ] GC(153)   Notify PhantomReferences: 0.0ms
[41.804s][debug  ][gc,phases,ref  ] GC(153)     PhantomRef (ms):               skipped
[41.804s][debug  ][gc,phases,ref  ] GC(153)   SoftReference:
[41.804s][debug  ][gc,phases,ref  ] GC(153)     Discovered: 0
[41.804s][debug  ][gc,phases,ref  ] GC(153)     Cleared: 0
[41.804s][debug  ][gc,phases,ref  ] GC(153)   WeakReference:
[41.804s][debug  ][gc,phases,ref  ] GC(153)     Discovered: 0
[41.804s][debug  ][gc,phases,ref  ] GC(153)     Cleared: 0
[41.804s][debug  ][gc,phases,ref  ] GC(153)   FinalReference:
[41.804s][debug  ][gc,phases,ref  ] GC(153)     Discovered: 0
[41.804s][debug  ][gc,phases,ref  ] GC(153)     Cleared: 0
[41.804s][debug  ][gc,phases,ref  ] GC(153)   PhantomReference:
[41.804s][debug  ][gc,phases,ref  ] GC(153)     Discovered: 0
[41.804s][debug  ][gc,phases,ref  ] GC(153)     Cleared: 0
[41.804s][debug  ][gc,phases      ] GC(153) Reference Processing 0.678ms
[41.804s][debug  ][gc,phases,start] GC(153) Weak Processing
[41.804s][debug  ][gc,phases      ] GC(153)   VM Weak                        Min:  0.0, Avg:  0.0, Max:  0.0, Diff:  0.0, Sum:  0.0, Workers: 6
[41.804s][debug  ][gc,phases      ] GC(153)     Dead                           Min: 0, Avg:  0.0, Max: 0, Diff: 0, Sum: 0, Workers: 6
[41.804s][debug  ][gc,phases      ] GC(153)     Total                          Min: 0, Avg:  1.3, Max: 8, Diff: 8, Sum: 8, Workers: 6
[41.804s][debug  ][gc,phases      ] GC(153)   ObjectSynchronizer Weak        Min:  0.0, Avg:  0.0, Max:  0.0, Diff:  0.0, Sum:  0.0, Workers: 6
[41.804s][debug  ][gc,phases      ] GC(153)     Dead                           Min: 0, Avg:  0.0, Max: 0, Diff: 0, Sum: 0, Workers: 6
[41.804s][debug  ][gc,phases      ] GC(153)     Total                          Min: 0, Avg:  0.5, Max: 3, Diff: 3, Sum: 3, Workers: 6
[41.804s][debug  ][gc,phases      ] GC(153)   JVMTI Tag Weak OopStorage      Min:  0.0, Avg:  0.0, Max:  0.0, Diff:  0.0, Sum:  0.0, Workers: 6
[41.804s][debug  ][gc,phases      ] GC(153)     Dead                           Min: 0, Avg:  0.0, Max: 0, Diff: 0, Sum: 0, Workers: 6
[41.804s][debug  ][gc,phases      ] GC(153)     Total                          Min: 0, Avg:  0.0, Max: 0, Diff: 0, Sum: 0, Workers: 6
[41.804s][debug  ][gc,phases      ] GC(153)   StringTable Weak               Min:  0.0, Avg:  0.0, Max:  0.0, Diff:  0.0, Sum:  0.0, Workers: 6
[41.804s][debug  ][gc,phases      ] GC(153)     Dead                           Min: 0, Avg:  0.0, Max: 0, Diff: 0, Sum: 0, Workers: 6
[41.805s][debug  ][gc,phases      ] GC(153)     Total                          Min: 640, Avg: 892.5, Max: 1280, Diff: 640, Sum: 5355, Workers: 6
[41.805s][debug  ][gc,phases      ] GC(153)   ResolvedMethodTable Weak       Min:  0.0, Avg:  0.0, Max:  0.0, Diff:  0.0, Sum:  0.0, Workers: 6
[41.805s][debug  ][gc,phases      ] GC(153)     Dead                           Min: 0, Avg:  0.0, Max: 0, Diff: 0, Sum: 0, Workers: 6
[41.805s][debug  ][gc,phases      ] GC(153)     Total                          Min: 0, Avg: 21.7, Max: 64, Diff: 64, Sum: 130, Workers: 6
[41.805s][debug  ][gc,phases      ] GC(153)   JNI Weak                       Min:  0.0, Avg:  0.0, Max:  0.0, Diff:  0.0, Sum:  0.0, Workers: 6
[41.805s][debug  ][gc,phases      ] GC(153)     Dead                           Min: 0, Avg:  0.0, Max: 0, Diff: 0, Sum: 0, Workers: 6
[41.805s][debug  ][gc,phases      ] GC(153)     Total                          Min: 0, Avg:  0.0, Max: 0, Diff: 0, Sum: 0, Workers: 6
[41.805s][debug  ][gc,phases      ] GC(153)   StringDedup Table Weak         Min:  0.0, Avg:  0.0, Max:  0.0, Diff:  0.0, Sum:  0.0, Workers: 6
[41.805s][debug  ][gc,phases      ] GC(153)     Dead                           Min: 0, Avg:  0.0, Max: 0, Diff: 0, Sum: 0, Workers: 6
[41.805s][debug  ][gc,phases      ] GC(153)     Total                          Min: 0, Avg:  0.0, Max: 0, Diff: 0, Sum: 0, Workers: 6
[41.805s][debug  ][gc,phases      ] GC(153)   StringDedup Requests0 Weak     Min:  0.0, Avg:  0.0, Max:  0.0, Diff:  0.0, Sum:  0.0, Workers: 6
[41.805s][debug  ][gc,phases      ] GC(153)     Dead                           Min: 0, Avg:  0.0, Max: 0, Diff: 0, Sum: 0, Workers: 6
[41.805s][debug  ][gc,phases      ] GC(153)     Total                          Min: 0, Avg:  0.0, Max: 0, Diff: 0, Sum: 0, Workers: 6
[41.805s][debug  ][gc,phases      ] GC(153)   StringDedup Requests1 Weak     Min:  0.0, Avg:  0.0, Max:  0.0, Diff:  0.0, Sum:  0.0, Workers: 6
[41.805s][debug  ][gc,phases      ] GC(153)     Dead                           Min: 0, Avg:  0.0, Max: 0, Diff: 0, Sum: 0, Workers: 6
[41.805s][debug  ][gc,phases      ] GC(153)     Total                          Min: 0, Avg:  0.0, Max: 0, Diff: 0, Sum: 0, Workers: 6
[41.805s][debug  ][gc,phases      ] GC(153)   Weak JFR Old Object Samples    Min:  0.0, Avg:  0.0, Max:  0.0, Diff:  0.0, Sum:  0.0, Workers: 6
[41.805s][debug  ][gc,phases      ] GC(153)     Dead                           Min: 0, Avg:  0.0, Max: 0, Diff: 0, Sum: 0, Workers: 6
[41.805s][debug  ][gc,phases      ] GC(153)     Total                          Min: 0, Avg:  0.0, Max: 0, Diff: 0, Sum: 0, Workers: 6
[41.805s][debug  ][gc,phases      ] GC(153) Weak Processing 0.756ms
[41.805s][debug  ][gc,ergo        ] GC(153) AdaptiveSizeStart:  collection: 154 
[41.805s][debug  ][gc,ergo        ] GC(153) avg_survived_padded_avg: 34527128.000000
[41.805s][debug  ][gc,ergo        ] GC(153) avg_promoted_padded_avg: 257145184.000000  avg_pretenured_padded_avg: 0.000000  tenuring_thresh: 1  target_size: 34603008
[41.805s][debug  ][gc,age         ] GC(153) Desired survivor size 34603008 bytes, new threshold 1 (max threshold 15)
[41.805s][debug  ][gc,ergo        ] GC(153) PSAdaptiveSizePolicy::compute_eden_space_size limits: desired_eden_size: 222760478 old_eden_size: 198180864 eden_limit: 198180864 cur_eden: 198180864 max_eden_size: 198180864 avg_young_live: 26864756
[41.805s][debug  ][gc,ergo        ] GC(153) PSAdaptiveSizePolicy::compute_eden_space_size: costs minor_time: 0.051491 major_cost: 0.031981 mutator_cost: 0.916528 throughput_goal: 0.990000
[41.805s][debug  ][gc,ergo        ] GC(153) Live_space: 930110272 free_space: 1768423424
[41.805s][debug  ][gc,ergo        ] GC(153) Old eden_size: 198180864 desired_eden_size: 198180864
[41.805s][debug  ][gc,ergo        ] GC(153) AdaptiveSizeStop: collection: 154 
[41.805s][info   ][gc,heap        ] GC(153) PSYoungGen: 188111K(227840K)->30720K(228352K) Eden: 188111K(193536K)->0K(194048K) From: 0K(34304K)->30720K(34304K)
[41.805s][info   ][gc,heap        ] GC(153) ParOldGen: 523875K(2317312K)->677476K(2317312K)
[41.805s][info   ][gc,metaspace   ] GC(153) Metaspace: 1024K(1216K)->1024K(1216K) NonClass: 941K(1024K)->941K(1024K) Class: 83K(192K)->83K(192K)
[41.805s][info   ][gc             ] GC(153) Pause Young (Allocation Failure) 695M->691M(2486M) 14.277ms
[41.805s][info   ][gc,cpu         ] GC(153) User=0.00s Sys=0.02s Real=0.01s
[41.805s][debug  ][gc,heap        ] GC(153) Heap after GC invocations=154 (full 23):
[41.805s][debug  ][gc,heap        ] GC(153)  PSYoungGen      total 228352K, used 30720K [0x00000007f0000000, 0x0000000800000000, 0x0000000800000000)
[41.805s][debug  ][gc,heap        ] GC(153)   eden space 194048K, 0% used [0x00000007f0000000,0x00000007f0000000,0x00000007fbd80000)
[41.805s][debug  ][gc,heap        ] GC(153)   from space 34304K, 89% used [0x00000007fde80000,0x00000007ffc80030,0x0000000800000000)
[41.805s][debug  ][gc,heap        ] GC(153)   to   space 33792K, 0% used [0x00000007fbd80000,0x00000007fbd80000,0x00000007fde80000)
[41.805s][debug  ][gc,heap        ] GC(153)  ParOldGen       total 2317312K, used 677476K [0x0000000700000000, 0x000000078d700000, 0x00000007f0000000)
[41.805s][debug  ][gc,heap        ] GC(153)   object space 2317312K, 29% used [0x0000000700000000,0x0000000729599018,0x000000078d700000)
[41.805s][debug  ][gc,heap        ] GC(153)  Metaspace       used 1024K, committed 1216K, reserved 1056768K
[41.805s][debug  ][gc,heap        ] GC(153)   class space    used 83K, committed 192K, reserved 1048576K
[41.806s][debug  ][gc,task,time   ] GC(153) VM-Thread 417905739 418034801 418055059
[42.091s][debug  ][gc,heap        ] GC(154) Heap before GC invocations=155 (full 23):
[42.091s][debug  ][gc,heap        ] GC(154)  PSYoungGen      total 228352K, used 218768K [0x00000007f0000000, 0x0000000800000000, 0x0000000800000000)
[42.091s][debug  ][gc,heap        ] GC(154)   eden space 194048K, 96% used [0x00000007f0000000,0x00000007fb7a4028,0x00000007fbd80000)
[42.091s][debug  ][gc,heap        ] GC(154)   from space 34304K, 89% used [0x00000007fde80000,0x00000007ffc80030,0x0000000800000000)
[42.091s][debug  ][gc,heap        ] GC(154)   to   space 33792K, 0% used [0x00000007fbd80000,0x00000007fbd80000,0x00000007fde80000)
[42.091s][debug  ][gc,heap        ] GC(154)  ParOldGen       total 2317312K, used 677476K [0x0000000700000000, 0x000000078d700000, 0x00000007f0000000)
[42.091s][debug  ][gc,heap        ] GC(154)   object space 2317312K, 29% used [0x0000000700000000,0x0000000729599018,0x000000078d700000)
[42.091s][debug  ][gc,heap        ] GC(154)  Metaspace       used 1024K, committed 1216K, reserved 1056768K
[42.091s][debug  ][gc,heap        ] GC(154)   class space    used 83K, committed 192K, reserved 1048576K
[42.091s][debug  ][gc,tlab        ] GC(154) TLAB totals: thrds: 1  refills: 1 max: 1 slow allocs: 17 max 17 waste: 26.7% gc: 3817224B max: 3817224B slow: 0B max: 0B
[42.091s][info   ][gc,start       ] GC(154) Pause Young (Allocation Failure)
[42.091s][debug  ][gc,phases,start] GC(154) Scavenge
[42.106s][debug  ][gc,phases      ] GC(154) Scavenge 15.040ms
[42.106s][debug  ][gc,phases,start] GC(154) Reference Processing
[42.106s][debug  ][gc,ref         ] GC(154) Skipped phase 1 of Reference Processing: no references
[42.106s][debug  ][gc,ref         ] GC(154) Skipped phase 2 of Reference Processing: no references
[42.106s][debug  ][gc,ref         ] GC(154) Skipped phase 3 of Reference Processing: no references
[42.106s][debug  ][gc,ref         ] GC(154) Skipped phase 4 of Reference Processing: no references
[42.106s][debug  ][gc,phases,ref  ] GC(154) Reference Processing: 0.1ms
[42.106s][debug  ][gc,phases,ref  ] GC(154)   Reconsider SoftReferences: 0.0ms
[42.106s][debug  ][gc,phases,ref  ] GC(154)     SoftRef (ms):                  skipped
[42.106s][debug  ][gc,phases,ref  ] GC(154)   Notify Soft/WeakReferences: 0.0ms
[42.106s][debug  ][gc,phases,ref  ] GC(154)     SoftRef (ms):                  skipped
[42.107s][debug  ][gc,phases,ref  ] GC(154)     WeakRef (ms):                  skipped
[42.107s][debug  ][gc,phases,ref  ] GC(154)     FinalRef (ms):                 skipped
[42.107s][debug  ][gc,phases,ref  ] GC(154)     Total (ms):                    skipped
[42.107s][debug  ][gc,phases,ref  ] GC(154)   Notify and keep alive finalizable: 0.0ms
[42.107s][debug  ][gc,phases,ref  ] GC(154)     FinalRef (ms):                 skipped
[42.107s][debug  ][gc,phases,ref  ] GC(154)   Notify PhantomReferences: 0.0ms
[42.107s][debug  ][gc,phases,ref  ] GC(154)     PhantomRef (ms):               skipped
[42.107s][debug  ][gc,phases,ref  ] GC(154)   SoftReference:
[42.107s][debug  ][gc,phases,ref  ] GC(154)     Discovered: 0
[42.107s][debug  ][gc,phases,ref  ] GC(154)     Cleared: 0
[42.107s][debug  ][gc,phases,ref  ] GC(154)   WeakReference:
[42.107s][debug  ][gc,phases,ref  ] GC(154)     Discovered: 0
[42.107s][debug  ][gc,phases,ref  ] GC(154)     Cleared: 0
[42.107s][debug  ][gc,phases,ref  ] GC(154)   FinalReference:
[42.107s][debug  ][gc,phases,ref  ] GC(154)     Discovered: 0
[42.107s][debug  ][gc,phases,ref  ] GC(154)     Cleared: 0
[42.107s][debug  ][gc,phases,ref  ] GC(154)   PhantomReference:
[42.107s][debug  ][gc,phases,ref  ] GC(154)     Discovered: 0
[42.107s][debug  ][gc,phases,ref  ] GC(154)     Cleared: 0
[42.107s][debug  ][gc,phases      ] GC(154) Reference Processing 0.680ms
[42.107s][debug  ][gc,phases,start] GC(154) Weak Processing
[42.107s][debug  ][gc,phases      ] GC(154)   VM Weak                        Min:  0.0, Avg:  0.0, Max:  0.0, Diff:  0.0, Sum:  0.0, Workers: 6
[42.107s][debug  ][gc,phases      ] GC(154)     Dead                           Min: 0, Avg:  0.0, Max: 0, Diff: 0, Sum: 0, Workers: 6
[42.107s][debug  ][gc,phases      ] GC(154)     Total                          Min: 0, Avg:  1.3, Max: 8, Diff: 8, Sum: 8, Workers: 6
[42.107s][debug  ][gc,phases      ] GC(154)   ObjectSynchronizer Weak        Min:  0.0, Avg:  0.0, Max:  0.0, Diff:  0.0, Sum:  0.0, Workers: 6
[42.107s][debug  ][gc,phases      ] GC(154)     Dead                           Min: 0, Avg:  0.0, Max: 0, Diff: 0, Sum: 0, Workers: 6
[42.107s][debug  ][gc,phases      ] GC(154)     Total                          Min: 0, Avg:  0.5, Max: 3, Diff: 3, Sum: 3, Workers: 6
[42.107s][debug  ][gc,phases      ] GC(154)   JVMTI Tag Weak OopStorage      Min:  0.0, Avg:  0.0, Max:  0.0, Diff:  0.0, Sum:  0.0, Workers: 6
[42.107s][debug  ][gc,phases      ] GC(154)     Dead                           Min: 0, Avg:  0.0, Max: 0, Diff: 0, Sum: 0, Workers: 6
[42.107s][debug  ][gc,phases      ] GC(154)     Total                          Min: 0, Avg:  0.0, Max: 0, Diff: 0, Sum: 0, Workers: 6
[42.107s][debug  ][gc,phases      ] GC(154)   StringTable Weak               Min:  0.0, Avg:  0.0, Max:  0.0, Diff:  0.0, Sum:  0.0, Workers: 6
[42.107s][debug  ][gc,phases      ] GC(154)     Dead                           Min: 0, Avg:  0.0, Max: 0, Diff: 0, Sum: 0, Workers: 6
[42.107s][debug  ][gc,phases      ] GC(154)     Total                          Min: 704, Avg: 892.5, Max: 1088, Diff: 384, Sum: 5355, Workers: 6
[42.107s][debug  ][gc,phases      ] GC(154)   ResolvedMethodTable Weak       Min:  0.0, Avg:  0.0, Max:  0.0, Diff:  0.0, Sum:  0.0, Workers: 6
[42.107s][debug  ][gc,phases      ] GC(154)     Dead                           Min: 0, Avg:  0.0, Max: 0, Diff: 0, Sum: 0, Workers: 6
[42.107s][debug  ][gc,phases      ] GC(154)     Total                          Min: 0, Avg: 21.7, Max: 64, Diff: 64, Sum: 130, Workers: 6
[42.107s][debug  ][gc,phases      ] GC(154)   JNI Weak                       Min:  0.0, Avg:  0.0, Max:  0.0, Diff:  0.0, Sum:  0.0, Workers: 6
[42.107s][debug  ][gc,phases      ] GC(154)     Dead                           Min: 0, Avg:  0.0, Max: 0, Diff: 0, Sum: 0, Workers: 6
[42.107s][debug  ][gc,phases      ] GC(154)     Total                          Min: 0, Avg:  0.0, Max: 0, Diff: 0, Sum: 0, Workers: 6
[42.107s][debug  ][gc,phases      ] GC(154)   StringDedup Table Weak         Min:  0.0, Avg:  0.0, Max:  0.0, Diff:  0.0, Sum:  0.0, Workers: 6
[42.107s][debug  ][gc,phases      ] GC(154)     Dead                           Min: 0, Avg:  0.0, Max: 0, Diff: 0, Sum: 0, Workers: 6
[42.107s][debug  ][gc,phases      ] GC(154)     Total                          Min: 0, Avg:  0.0, Max: 0, Diff: 0, Sum: 0, Workers: 6
[42.108s][debug  ][gc,phases      ] GC(154)   StringDedup Requests0 Weak     Min:  0.0, Avg:  0.0, Max:  0.0, Diff:  0.0, Sum:  0.0, Workers: 6
[42.108s][debug  ][gc,phases      ] GC(154)     Dead                           Min: 0, Avg:  0.0, Max: 0, Diff: 0, Sum: 0, Workers: 6
[42.108s][debug  ][gc,phases      ] GC(154)     Total                          Min: 0, Avg:  0.0, Max: 0, Diff: 0, Sum: 0, Workers: 6
[42.108s][debug  ][gc,phases      ] GC(154)   StringDedup Requests1 Weak     Min:  0.0, Avg:  0.0, Max:  0.0, Diff:  0.0, Sum:  0.0, Workers: 6
[42.108s][debug  ][gc,phases      ] GC(154)     Dead                           Min: 0, Avg:  0.0, Max: 0, Diff: 0, Sum: 0, Workers: 6
[42.108s][debug  ][gc,phases      ] GC(154)     Total                          Min: 0, Avg:  0.0, Max: 0, Diff: 0, Sum: 0, Workers: 6
[42.108s][debug  ][gc,phases      ] GC(154)   Weak JFR Old Object Samples    Min:  0.0, Avg:  0.0, Max:  0.0, Diff:  0.0, Sum:  0.0, Workers: 6
[42.108s][debug  ][gc,phases      ] GC(154)     Dead                           Min: 0, Avg:  0.0, Max: 0, Diff: 0, Sum: 0, Workers: 6
[42.108s][debug  ][gc,phases      ] GC(154)     Total                          Min: 0, Avg:  0.0, Max: 0, Diff: 0, Sum: 0, Workers: 6
[42.108s][debug  ][gc,phases      ] GC(154) Weak Processing 0.760ms
[42.108s][debug  ][gc,ergo        ] GC(154) AdaptiveSizeStart:  collection: 155 
[42.108s][debug  ][gc,ergo        ] GC(154) avg_survived_padded_avg: 34311000.000000
[42.108s][debug  ][gc,ergo        ] GC(154) avg_promoted_padded_avg: 257070464.000000  avg_pretenured_padded_avg: 0.000000  tenuring_thresh: 1  target_size: 34603008
[42.108s][debug  ][gc,age         ] GC(154) Desired survivor size 34603008 bytes, new threshold 1 (max threshold 15)
[42.108s][debug  ][gc,ergo        ] GC(154) PSAdaptiveSizePolicy::compute_eden_space_size limits: desired_eden_size: 223436992 old_eden_size: 198180864 eden_limit: 198705152 cur_eden: 198705152 max_eden_size: 198705152 avg_young_live: 27324012
[42.108s][debug  ][gc,ergo        ] GC(154) PSAdaptiveSizePolicy::compute_eden_space_size: costs minor_time: 0.052332 major_cost: 0.031981 mutator_cost: 0.915687 throughput_goal: 0.990000
[42.108s][debug  ][gc,ergo        ] GC(154) Live_space: 930569472 free_space: 1768423424
[42.108s][debug  ][gc,ergo        ] GC(154) Old eden_size: 198180864 desired_eden_size: 198705152
[42.108s][debug  ][gc,ergo        ] GC(154) AdaptiveSizeStop: collection: 155 
[42.108s][info   ][gc,heap        ] GC(154) PSYoungGen: 218768K(228352K)->30720K(227840K) Eden: 188048K(194048K)->0K(194048K) From: 30720K(34304K)->30720K(33792K)
[42.108s][info   ][gc,heap        ] GC(154) ParOldGen: 677476K(2317312K)->861796K(2317312K)
[42.108s][info   ][gc,metaspace   ] GC(154) Metaspace: 1024K(1216K)->1024K(1216K) NonClass: 941K(1024K)->941K(1024K) Class: 83K(192K)->83K(192K)
[42.108s][info   ][gc             ] GC(154) Pause Young (Allocation Failure) 875M->871M(2485M) 16.937ms
[42.108s][info   ][gc,cpu         ] GC(154) User=0.16s Sys=0.00s Real=0.02s
[42.108s][debug  ][gc,heap        ] GC(154) Heap after GC invocations=155 (full 23):
[42.108s][debug  ][gc,heap        ] GC(154)  PSYoungGen      total 227840K, used 30720K [0x00000007f0000000, 0x0000000800000000, 0x0000000800000000)
[42.108s][debug  ][gc,heap        ] GC(154)   eden space 194048K, 0% used [0x00000007f0000000,0x00000007f0000000,0x00000007fbd80000)
[42.108s][debug  ][gc,heap        ] GC(154)   from space 33792K, 90% used [0x00000007fbd80000,0x00000007fdb80030,0x00000007fde80000)
[42.108s][debug  ][gc,heap        ] GC(154)   to   space 33792K, 0% used [0x00000007fdf00000,0x00000007fdf00000,0x0000000800000000)
[42.108s][debug  ][gc,heap        ] GC(154)  ParOldGen       total 2317312K, used 861796K [0x0000000700000000, 0x000000078d700000, 0x00000007f0000000)
[42.108s][debug  ][gc,heap        ] GC(154)   object space 2317312K, 37% used [0x0000000700000000,0x0000000734999138,0x000000078d700000)
[42.108s][debug  ][gc,heap        ] GC(154)  Metaspace       used 1024K, committed 1216K, reserved 1056768K
[42.108s][debug  ][gc,heap        ] GC(154)   class space    used 83K, committed 192K, reserved 1048576K
[42.108s][debug  ][gc,task,time   ] GC(154) VM-Thread 420906266 421062596 421082695
[42.390s][debug  ][gc,heap        ] GC(155) Heap before GC invocations=156 (full 23):
[42.390s][debug  ][gc,heap        ] GC(155)  PSYoungGen      total 227840K, used 218794K [0x00000007f0000000, 0x0000000800000000, 0x0000000800000000)
[42.390s][debug  ][gc,heap        ] GC(155)   eden space 194048K, 96% used [0x00000007f0000000,0x00000007fb7aaaf0,0x00000007fbd80000)
[42.390s][debug  ][gc,heap        ] GC(155)   from space 33792K, 90% used [0x00000007fbd80000,0x00000007fdb80030,0x00000007fde80000)
[42.390s][debug  ][gc,heap        ] GC(155)   to   space 33792K, 0% used [0x00000007fdf00000,0x00000007fdf00000,0x0000000800000000)
[42.390s][debug  ][gc,heap        ] GC(155)  ParOldGen       total 2317312K, used 861796K [0x0000000700000000, 0x000000078d700000, 0x00000007f0000000)
[42.390s][debug  ][gc,heap        ] GC(155)   object space 2317312K, 37% used [0x0000000700000000,0x0000000734999138,0x000000078d700000)
[42.390s][debug  ][gc,heap        ] GC(155)  Metaspace       used 1024K, committed 1216K, reserved 1056768K
[42.390s][debug  ][gc,heap        ] GC(155)   class space    used 83K, committed 192K, reserved 1048576K
[42.390s][debug  ][gc,tlab        ] GC(155) TLAB totals: thrds: 1  refills: 1 max: 1 slow allocs: 17 max 17 waste: 26.8% gc: 3843496B max: 3843496B slow: 0B max: 0B
[42.390s][info   ][gc,start       ] GC(155) Pause Young (Allocation Failure)
[42.390s][debug  ][gc,phases,start] GC(155) Scavenge
[42.394s][debug  ][gc,phases      ] GC(155) Scavenge 4.267ms
[42.395s][debug  ][gc,phases,start] GC(155) Reference Processing
[42.395s][debug  ][gc,ref         ] GC(155) Skipped phase 1 of Reference Processing: no references
[42.395s][debug  ][gc,ref         ] GC(155) Skipped phase 2 of Reference Processing: no references
[42.395s][debug  ][gc,ref         ] GC(155) Skipped phase 3 of Reference Processing: no references
[42.395s][debug  ][gc,ref         ] GC(155) Skipped phase 4 of Reference Processing: no references
[42.395s][debug  ][gc,phases,ref  ] GC(155) Reference Processing: 0.1ms
[42.395s][debug  ][gc,phases,ref  ] GC(155)   Reconsider SoftReferences: 0.0ms
[42.395s][debug  ][gc,phases,ref  ] GC(155)     SoftRef (ms):                  skipped
[42.395s][debug  ][gc,phases,ref  ] GC(155)   Notify Soft/WeakReferences: 0.0ms
[42.395s][debug  ][gc,phases,ref  ] GC(155)     SoftRef (ms):                  skipped
[42.395s][debug  ][gc,phases,ref  ] GC(155)     WeakRef (ms):                  skipped
[42.395s][debug  ][gc,phases,ref  ] GC(155)     FinalRef (ms):                 skipped
[42.395s][debug  ][gc,phases,ref  ] GC(155)     Total (ms):                    skipped
[42.395s][debug  ][gc,phases,ref  ] GC(155)   Notify and keep alive finalizable: 0.0ms
[42.395s][debug  ][gc,phases,ref  ] GC(155)     FinalRef (ms):                 skipped
[42.395s][debug  ][gc,phases,ref  ] GC(155)   Notify PhantomReferences: 0.0ms
[42.395s][debug  ][gc,phases,ref  ] GC(155)     PhantomRef (ms):               skipped
[42.395s][debug  ][gc,phases,ref  ] GC(155)   SoftReference:
[42.395s][debug  ][gc,phases,ref  ] GC(155)     Discovered: 0
[42.395s][debug  ][gc,phases,ref  ] GC(155)     Cleared: 0
[42.395s][debug  ][gc,phases,ref  ] GC(155)   WeakReference:
[42.395s][debug  ][gc,phases,ref  ] GC(155)     Discovered: 0
[42.395s][debug  ][gc,phases,ref  ] GC(155)     Cleared: 0
[42.395s][debug  ][gc,phases,ref  ] GC(155)   FinalReference:
[42.395s][debug  ][gc,phases,ref  ] GC(155)     Discovered: 0
[42.395s][debug  ][gc,phases,ref  ] GC(155)     Cleared: 0
[42.395s][debug  ][gc,phases,ref  ] GC(155)   PhantomReference:
[42.395s][debug  ][gc,phases,ref  ] GC(155)     Discovered: 0
[42.395s][debug  ][gc,phases,ref  ] GC(155)     Cleared: 0
[42.395s][debug  ][gc,phases      ] GC(155) Reference Processing 0.673ms
[42.395s][debug  ][gc,phases,start] GC(155) Weak Processing
[42.395s][debug  ][gc,phases      ] GC(155)   VM Weak                        Min:  0.0, Avg:  0.0, Max:  0.0, Diff:  0.0, Sum:  0.0, Workers: 6
[42.395s][debug  ][gc,phases      ] GC(155)     Dead                           Min: 0, Avg:  0.0, Max: 0, Diff: 0, Sum: 0, Workers: 6
[42.395s][debug  ][gc,phases      ] GC(155)     Total                          Min: 0, Avg:  1.3, Max: 8, Diff: 8, Sum: 8, Workers: 6
[42.395s][debug  ][gc,phases      ] GC(155)   ObjectSynchronizer Weak        Min:  0.0, Avg:  0.0, Max:  0.0, Diff:  0.0, Sum:  0.0, Workers: 6
[42.395s][debug  ][gc,phases      ] GC(155)     Dead                           Min: 0, Avg:  0.0, Max: 0, Diff: 0, Sum: 0, Workers: 6
[42.395s][debug  ][gc,phases      ] GC(155)     Total                          Min: 0, Avg:  0.5, Max: 3, Diff: 3, Sum: 3, Workers: 6
[42.395s][debug  ][gc,phases      ] GC(155)   JVMTI Tag Weak OopStorage      Min:  0.0, Avg:  0.0, Max:  0.0, Diff:  0.0, Sum:  0.0, Workers: 6
[42.395s][debug  ][gc,phases      ] GC(155)     Dead                           Min: 0, Avg:  0.0, Max: 0, Diff: 0, Sum: 0, Workers: 6
[42.396s][debug  ][gc,phases      ] GC(155)     Total                          Min: 0, Avg:  0.0, Max: 0, Diff: 0, Sum: 0, Workers: 6
[42.396s][debug  ][gc,phases      ] GC(155)   StringTable Weak               Min:  0.0, Avg:  0.0, Max:  0.0, Diff:  0.0, Sum:  0.0, Workers: 6
[42.396s][debug  ][gc,phases      ] GC(155)     Dead                           Min: 0, Avg:  0.0, Max: 0, Diff: 0, Sum: 0, Workers: 6
[42.396s][debug  ][gc,phases      ] GC(155)     Total                          Min: 747, Avg: 892.5, Max: 1152, Diff: 405, Sum: 5355, Workers: 6
[42.396s][debug  ][gc,phases      ] GC(155)   ResolvedMethodTable Weak       Min:  0.0, Avg:  0.0, Max:  0.0, Diff:  0.0, Sum:  0.0, Workers: 6
[42.396s][debug  ][gc,phases      ] GC(155)     Dead                           Min: 0, Avg:  0.0, Max: 0, Diff: 0, Sum: 0, Workers: 6
[42.396s][debug  ][gc,phases      ] GC(155)     Total                          Min: 0, Avg: 21.7, Max: 64, Diff: 64, Sum: 130, Workers: 6
[42.396s][debug  ][gc,phases      ] GC(155)   JNI Weak                       Min:  0.0, Avg:  0.0, Max:  0.0, Diff:  0.0, Sum:  0.0, Workers: 6
[42.396s][debug  ][gc,phases      ] GC(155)     Dead                           Min: 0, Avg:  0.0, Max: 0, Diff: 0, Sum: 0, Workers: 6
[42.396s][debug  ][gc,phases      ] GC(155)     Total                          Min: 0, Avg:  0.0, Max: 0, Diff: 0, Sum: 0, Workers: 6
[42.396s][debug  ][gc,phases      ] GC(155)   StringDedup Table Weak         Min:  0.0, Avg:  0.0, Max:  0.0, Diff:  0.0, Sum:  0.0, Workers: 6
[42.396s][debug  ][gc,phases      ] GC(155)     Dead                           Min: 0, Avg:  0.0, Max: 0, Diff: 0, Sum: 0, Workers: 6
[42.396s][debug  ][gc,phases      ] GC(155)     Total                          Min: 0, Avg:  0.0, Max: 0, Diff: 0, Sum: 0, Workers: 6
[42.396s][debug  ][gc,phases      ] GC(155)   StringDedup Requests0 Weak     Min:  0.0, Avg:  0.0, Max:  0.0, Diff:  0.0, Sum:  0.0, Workers: 6
[42.396s][debug  ][gc,phases      ] GC(155)     Dead                           Min: 0, Avg:  0.0, Max: 0, Diff: 0, Sum: 0, Workers: 6
[42.396s][debug  ][gc,phases      ] GC(155)     Total                          Min: 0, Avg:  0.0, Max: 0, Diff: 0, Sum: 0, Workers: 6
[42.396s][debug  ][gc,phases      ] GC(155)   StringDedup Requests1 Weak     Min:  0.0, Avg:  0.0, Max:  0.0, Diff:  0.0, Sum:  0.0, Workers: 6
[42.396s][debug  ][gc,phases      ] GC(155)     Dead                           Min: 0, Avg:  0.0, Max: 0, Diff: 0, Sum: 0, Workers: 6
[42.396s][debug  ][gc,phases      ] GC(155)     Total                          Min: 0, Avg:  0.0, Max: 0, Diff: 0, Sum: 0, Workers: 6
[42.396s][debug  ][gc,phases      ] GC(155)   Weak JFR Old Object Samples    Min:  0.0, Avg:  0.0, Max:  0.0, Diff:  0.0, Sum:  0.0, Workers: 6
[42.396s][debug  ][gc,phases      ] GC(155)     Dead                           Min: 0, Avg:  0.0, Max: 0, Diff: 0, Sum: 0, Workers: 6
[42.396s][debug  ][gc,phases      ] GC(155)     Total                          Min: 0, Avg:  0.0, Max: 0, Diff: 0, Sum: 0, Workers: 6
[42.396s][debug  ][gc,phases      ] GC(155) Weak Processing 0.820ms
[42.396s][debug  ][gc,ergo        ] GC(155) AdaptiveSizeStart:  collection: 156 
[42.396s][debug  ][gc,ergo        ] GC(155) avg_survived_padded_avg: 34107400.000000
[42.396s][debug  ][gc,ergo        ] GC(155) avg_promoted_padded_avg: 272670272.000000  avg_pretenured_padded_avg: 0.000000  tenuring_thresh: 1  target_size: 34603008
[42.396s][debug  ][gc,age         ] GC(155) Desired survivor size 34603008 bytes, new threshold 1 (max threshold 15)
[42.396s][debug  ][gc,ergo        ] GC(155) PSAdaptiveSizePolicy::compute_eden_space_size limits: desired_eden_size: 221857764 old_eden_size: 198705152 eden_limit: 199229440 cur_eden: 198705152 max_eden_size: 199229440 avg_young_live: 27737342
[42.396s][debug  ][gc,ergo        ] GC(155) PSAdaptiveSizePolicy::compute_eden_space_size: costs minor_time: 0.044356 major_cost: 0.031981 mutator_cost: 0.923663 throughput_goal: 0.990000
[42.396s][debug  ][gc,ergo        ] GC(155) Live_space: 930982848 free_space: 1768947712
[42.396s][debug  ][gc,ergo        ] GC(155) Old eden_size: 198705152 desired_eden_size: 199229440
[42.396s][debug  ][gc,ergo        ] GC(155) AdaptiveSizeStop: collection: 156 
[42.396s][info   ][gc,heap        ] GC(155) PSYoungGen: 218794K(227840K)->30720K(228352K) Eden: 188074K(194048K)->0K(194560K) From: 30720K(33792K)->30720K(33792K)
[42.396s][info   ][gc,heap        ] GC(155) ParOldGen: 861796K(2317312K)->882276K(2317312K)
[42.396s][info   ][gc,metaspace   ] GC(155) Metaspace: 1024K(1216K)->1024K(1216K) NonClass: 941K(1024K)->941K(1024K) Class: 83K(192K)->83K(192K)
[42.396s][info   ][gc             ] GC(155) Pause Young (Allocation Failure) 1055M->891M(2486M) 6.268ms
[42.396s][info   ][gc,cpu         ] GC(155) User=0.00s Sys=0.00s Real=0.01s
[42.396s][debug  ][gc,heap        ] GC(155) Heap after GC invocations=156 (full 23):
[42.396s][debug  ][gc,heap        ] GC(155)  PSYoungGen      total 228352K, used 30720K [0x00000007f0000000, 0x0000000800000000, 0x0000000800000000)
[42.397s][debug  ][gc,heap        ] GC(155)   eden space 194560K, 0% used [0x00000007f0000000,0x00000007f0000000,0x00000007fbe00000)
[42.397s][debug  ][gc,heap        ] GC(155)   from space 33792K, 90% used [0x00000007fdf00000,0x00000007ffd00030,0x0000000800000000)
[42.397s][debug  ][gc,heap        ] GC(155)   to   space 33792K, 0% used [0x00000007fbe00000,0x00000007fbe00000,0x00000007fdf00000)
[42.397s][debug  ][gc,heap        ] GC(155)  ParOldGen       total 2317312K, used 882276K [0x0000000700000000, 0x000000078d700000, 0x00000007f0000000)
[42.397s][debug  ][gc,heap        ] GC(155)   object space 2317312K, 38% used [0x0000000700000000,0x0000000735d99158,0x000000078d700000)
[42.397s][debug  ][gc,heap        ] GC(155)  Metaspace       used 1024K, committed 1216K, reserved 1056768K
[42.397s][debug  ][gc,heap        ] GC(155)   class space    used 83K, committed 192K, reserved 1048576K
[42.397s][debug  ][gc,task,time   ] GC(155) VM-Thread 423896844 423945268 423966829
[42.692s][debug  ][gc,heap        ] GC(156) Heap before GC invocations=157 (full 23):
[42.692s][debug  ][gc,heap        ] GC(156)  PSYoungGen      total 228352K, used 218821K [0x00000007f0000000, 0x0000000800000000, 0x0000000800000000)
[42.692s][debug  ][gc,heap        ] GC(156)   eden space 194560K, 96% used [0x00000007f0000000,0x00000007fb7b1760,0x00000007fbe00000)
[42.692s][debug  ][gc,heap        ] GC(156)   from space 33792K, 90% used [0x00000007fdf00000,0x00000007ffd00030,0x0000000800000000)
[42.692s][debug  ][gc,heap        ] GC(156)   to   space 33792K, 0% used [0x00000007fbe00000,0x00000007fbe00000,0x00000007fdf00000)
[42.692s][debug  ][gc,heap        ] GC(156)  ParOldGen       total 2317312K, used 882276K [0x0000000700000000, 0x000000078d700000, 0x00000007f0000000)
[42.692s][debug  ][gc,heap        ] GC(156)   object space 2317312K, 38% used [0x0000000700000000,0x0000000735d99158,0x000000078d700000)
[42.692s][debug  ][gc,heap        ] GC(156)  Metaspace       used 1024K, committed 1216K, reserved 1056768K
[42.692s][debug  ][gc,heap        ] GC(156)   class space    used 83K, committed 192K, reserved 1048576K
[42.692s][debug  ][gc,tlab        ] GC(156) TLAB totals: thrds: 1  refills: 1 max: 1 slow allocs: 17 max 17 waste: 27.0% gc: 3872320B max: 3872320B slow: 0B max: 0B
[42.692s][info   ][gc,start       ] GC(156) Pause Young (Allocation Failure)
[42.692s][debug  ][gc,phases,start] GC(156) Scavenge
[42.707s][debug  ][gc,phases      ] GC(156) Scavenge 14.809ms
[42.707s][debug  ][gc,phases,start] GC(156) Reference Processing
[42.707s][debug  ][gc,ref         ] GC(156) Skipped phase 1 of Reference Processing: no references
[42.707s][debug  ][gc,ref         ] GC(156) Skipped phase 2 of Reference Processing: no references
[42.707s][debug  ][gc,ref         ] GC(156) Skipped phase 3 of Reference Processing: no references
[42.707s][debug  ][gc,ref         ] GC(156) Skipped phase 4 of Reference Processing: no references
[42.707s][debug  ][gc,phases,ref  ] GC(156) Reference Processing: 0.1ms
[42.707s][debug  ][gc,phases,ref  ] GC(156)   Reconsider SoftReferences: 0.0ms
[42.707s][debug  ][gc,phases,ref  ] GC(156)     SoftRef (ms):                  skipped
[42.707s][debug  ][gc,phases,ref  ] GC(156)   Notify Soft/WeakReferences: 0.0ms
[42.707s][debug  ][gc,phases,ref  ] GC(156)     SoftRef (ms):                  skipped
[42.707s][debug  ][gc,phases,ref  ] GC(156)     WeakRef (ms):                  skipped
[42.707s][debug  ][gc,phases,ref  ] GC(156)     FinalRef (ms):                 skipped
[42.707s][debug  ][gc,phases,ref  ] GC(156)     Total (ms):                    skipped
[42.707s][debug  ][gc,phases,ref  ] GC(156)   Notify and keep alive finalizable: 0.0ms
[42.707s][debug  ][gc,phases,ref  ] GC(156)     FinalRef (ms):                 skipped
[42.707s][debug  ][gc,phases,ref  ] GC(156)   Notify PhantomReferences: 0.0ms
[42.708s][debug  ][gc,phases,ref  ] GC(156)     PhantomRef (ms):               skipped
[42.708s][debug  ][gc,phases,ref  ] GC(156)   SoftReference:
[42.708s][debug  ][gc,phases,ref  ] GC(156)     Discovered: 0
[42.708s][debug  ][gc,phases,ref  ] GC(156)     Cleared: 0
[42.708s][debug  ][gc,phases,ref  ] GC(156)   WeakReference:
[42.708s][debug  ][gc,phases,ref  ] GC(156)     Discovered: 0
[42.708s][debug  ][gc,phases,ref  ] GC(156)     Cleared: 0
[42.708s][debug  ][gc,phases,ref  ] GC(156)   FinalReference:
[42.708s][debug  ][gc,phases,ref  ] GC(156)     Discovered: 0
[42.708s][debug  ][gc,phases,ref  ] GC(156)     Cleared: 0
[42.708s][debug  ][gc,phases,ref  ] GC(156)   PhantomReference:
[42.708s][debug  ][gc,phases,ref  ] GC(156)     Discovered: 0
[42.708s][debug  ][gc,phases,ref  ] GC(156)     Cleared: 0
[42.708s][debug  ][gc,phases      ] GC(156) Reference Processing 0.836ms
[42.708s][debug  ][gc,phases,start] GC(156) Weak Processing
[42.708s][debug  ][gc,phases      ] GC(156)   VM Weak                        Min:  0.0, Avg:  0.0, Max:  0.0, Diff:  0.0, Sum:  0.0, Workers: 6
[42.708s][debug  ][gc,phases      ] GC(156)     Dead                           Min: 0, Avg:  0.0, Max: 0, Diff: 0, Sum: 0, Workers: 6
[42.708s][debug  ][gc,phases      ] GC(156)     Total                          Min: 0, Avg:  1.3, Max: 8, Diff: 8, Sum: 8, Workers: 6
[42.708s][debug  ][gc,phases      ] GC(156)   ObjectSynchronizer Weak        Min:  0.0, Avg:  0.0, Max:  0.0, Diff:  0.0, Sum:  0.0, Workers: 6
[42.708s][debug  ][gc,phases      ] GC(156)     Dead                           Min: 0, Avg:  0.0, Max: 0, Diff: 0, Sum: 0, Workers: 6
[42.708s][debug  ][gc,phases      ] GC(156)     Total                          Min: 0, Avg:  0.5, Max: 3, Diff: 3, Sum: 3, Workers: 6
[42.708s][debug  ][gc,phases      ] GC(156)   JVMTI Tag Weak OopStorage      Min:  0.0, Avg:  0.0, Max:  0.0, Diff:  0.0, Sum:  0.0, Workers: 6
[42.708s][debug  ][gc,phases      ] GC(156)     Dead                           Min: 0, Avg:  0.0, Max: 0, Diff: 0, Sum: 0, Workers: 6
[42.708s][debug  ][gc,phases      ] GC(156)     Total                          Min: 0, Avg:  0.0, Max: 0, Diff: 0, Sum: 0, Workers: 6
[42.708s][debug  ][gc,phases      ] GC(156)   StringTable Weak               Min:  0.0, Avg:  0.0, Max:  0.0, Diff:  0.0, Sum:  0.0, Workers: 6
[42.708s][debug  ][gc,phases      ] GC(156)     Dead                           Min: 0, Avg:  0.0, Max: 0, Diff: 0, Sum: 0, Workers: 6
[42.708s][debug  ][gc,phases      ] GC(156)     Total                          Min: 684, Avg: 892.5, Max: 1024, Diff: 340, Sum: 5355, Workers: 6
[42.708s][debug  ][gc,phases      ] GC(156)   ResolvedMethodTable Weak       Min:  0.0, Avg:  0.0, Max:  0.0, Diff:  0.0, Sum:  0.0, Workers: 6
[42.708s][debug  ][gc,phases      ] GC(156)     Dead                           Min: 0, Avg:  0.0, Max: 0, Diff: 0, Sum: 0, Workers: 6
[42.708s][debug  ][gc,phases      ] GC(156)     Total                          Min: 0, Avg: 21.7, Max: 64, Diff: 64, Sum: 130, Workers: 6
[42.708s][debug  ][gc,phases      ] GC(156)   JNI Weak                       Min:  0.0, Avg:  0.0, Max:  0.0, Diff:  0.0, Sum:  0.0, Workers: 6
[42.708s][debug  ][gc,phases      ] GC(156)     Dead                           Min: 0, Avg:  0.0, Max: 0, Diff: 0, Sum: 0, Workers: 6
[42.708s][debug  ][gc,phases      ] GC(156)     Total                          Min: 0, Avg:  0.0, Max: 0, Diff: 0, Sum: 0, Workers: 6
[42.708s][debug  ][gc,phases      ] GC(156)   StringDedup Table Weak         Min:  0.0, Avg:  0.0, Max:  0.0, Diff:  0.0, Sum:  0.0, Workers: 6
[42.708s][debug  ][gc,phases      ] GC(156)     Dead                           Min: 0, Avg:  0.0, Max: 0, Diff: 0, Sum: 0, Workers: 6
[42.708s][debug  ][gc,phases      ] GC(156)     Total                          Min: 0, Avg:  0.0, Max: 0, Diff: 0, Sum: 0, Workers: 6
[42.708s][debug  ][gc,phases      ] GC(156)   StringDedup Requests0 Weak     Min:  0.0, Avg:  0.0, Max:  0.0, Diff:  0.0, Sum:  0.0, Workers: 6
[42.708s][debug  ][gc,phases      ] GC(156)     Dead                           Min: 0, Avg:  0.0, Max: 0, Diff: 0, Sum: 0, Workers: 6
[42.708s][debug  ][gc,phases      ] GC(156)     Total                          Min: 0, Avg:  0.0, Max: 0, Diff: 0, Sum: 0, Workers: 6
[42.709s][debug  ][gc,phases      ] GC(156)   StringDedup Requests1 Weak     Min:  0.0, Avg:  0.0, Max:  0.0, Diff:  0.0, Sum:  0.0, Workers: 6
[42.709s][debug  ][gc,phases      ] GC(156)     Dead                           Min: 0, Avg:  0.0, Max: 0, Diff: 0, Sum: 0, Workers: 6
[42.709s][debug  ][gc,phases      ] GC(156)     Total                          Min: 0, Avg:  0.0, Max: 0, Diff: 0, Sum: 0, Workers: 6
[42.709s][debug  ][gc,phases      ] GC(156)   Weak JFR Old Object Samples    Min:  0.0, Avg:  0.0, Max:  0.0, Diff:  0.0, Sum:  0.0, Workers: 6
[42.709s][debug  ][gc,phases      ] GC(156)     Dead                           Min: 0, Avg:  0.0, Max: 0, Diff: 0, Sum: 0, Workers: 6
[42.709s][debug  ][gc,phases      ] GC(156)     Total                          Min: 0, Avg:  0.0, Max: 0, Diff: 0, Sum: 0, Workers: 6
[42.709s][debug  ][gc,phases      ] GC(156) Weak Processing 0.722ms
[42.709s][debug  ][gc,ergo        ] GC(156) AdaptiveSizeStart:  collection: 157 
[42.709s][debug  ][gc,ergo        ] GC(156) avg_survived_padded_avg: 33915980.000000
[42.709s][debug  ][gc,ergo        ] GC(156) avg_promoted_padded_avg: 274287456.000000  avg_pretenured_padded_avg: 0.000000  tenuring_thresh: 1  target_size: 34078720
[42.709s][debug  ][gc,age         ] GC(156) Desired survivor size 34078720 bytes, new threshold 1 (max threshold 15)
[42.709s][debug  ][gc,ergo        ] GC(156) PSAdaptiveSizePolicy::compute_eden_space_size limits: desired_eden_size: 222831805 old_eden_size: 199229440 eden_limit: 199229440 cur_eden: 199229440 max_eden_size: 199229440 avg_young_live: 28109340
[42.709s][debug  ][gc,ergo        ] GC(156) PSAdaptiveSizePolicy::compute_eden_space_size: costs minor_time: 0.046469 major_cost: 0.031981 mutator_cost: 0.921549 throughput_goal: 0.990000
[42.709s][debug  ][gc,ergo        ] GC(156) Live_space: 931354880 free_space: 1769472000
[42.709s][debug  ][gc,ergo        ] GC(156) Old eden_size: 199229440 desired_eden_size: 199229440
[42.709s][debug  ][gc,ergo        ] GC(156) AdaptiveSizeStop: collection: 157 
[42.709s][info   ][gc,heap        ] GC(156) PSYoungGen: 218821K(228352K)->30720K(228352K) Eden: 188101K(194560K)->0K(194560K) From: 30720K(33792K)->30720K(33792K)
[42.709s][info   ][gc,heap        ] GC(156) ParOldGen: 882276K(2317312K)->1066596K(2317312K)
[42.709s][info   ][gc,metaspace   ] GC(156) Metaspace: 1024K(1216K)->1024K(1216K) NonClass: 941K(1024K)->941K(1024K) Class: 83K(192K)->83K(192K)
[42.709s][info   ][gc             ] GC(156) Pause Young (Allocation Failure) 1075M->1071M(2486M) 16.845ms
[42.709s][info   ][gc,cpu         ] GC(156) User=0.16s Sys=0.00s Real=0.02s
[42.709s][debug  ][gc,heap        ] GC(156) Heap after GC invocations=157 (full 23):
[42.709s][debug  ][gc,heap        ] GC(156)  PSYoungGen      total 228352K, used 30720K [0x00000007f0000000, 0x0000000800000000, 0x0000000800000000)
[42.709s][debug  ][gc,heap        ] GC(156)   eden space 194560K, 0% used [0x00000007f0000000,0x00000007f0000000,0x00000007fbe00000)
[42.709s][debug  ][gc,heap        ] GC(156)   from space 33792K, 90% used [0x00000007fbe00000,0x00000007fdc00030,0x00000007fdf00000)
[42.709s][debug  ][gc,heap        ] GC(156)   to   space 33280K, 0% used [0x00000007fdf80000,0x00000007fdf80000,0x0000000800000000)
[42.709s][debug  ][gc,heap        ] GC(156)  ParOldGen       total 2317312K, used 1066596K [0x0000000700000000, 0x000000078d700000, 0x00000007f0000000)
[42.709s][debug  ][gc,heap        ] GC(156)   object space 2317312K, 46% used [0x0000000700000000,0x0000000741199278,0x000000078d700000)
[42.709s][debug  ][gc,heap        ] GC(156)  Metaspace       used 1024K, committed 1216K, reserved 1056768K
[42.709s][debug  ][gc,heap        ] GC(156)   class space    used 83K, committed 192K, reserved 1048576K
[42.709s][debug  ][gc,task,time   ] GC(156) VM-Thread 426916683 427070473 427091758
[42.994s][debug  ][gc,heap        ] GC(157) Heap before GC invocations=158 (full 23):
[42.994s][debug  ][gc,heap        ] GC(157)  PSYoungGen      total 228352K, used 218832K [0x00000007f0000000, 0x0000000800000000, 0x0000000800000000)
[42.994s][debug  ][gc,heap        ] GC(157)   eden space 194560K, 96% used [0x00000007f0000000,0x00000007fb7b4360,0x00000007fbe00000)
[42.994s][debug  ][gc,heap        ] GC(157)   from space 33792K, 90% used [0x00000007fbe00000,0x00000007fdc00030,0x00000007fdf00000)
[42.994s][debug  ][gc,heap        ] GC(157)   to   space 33280K, 0% used [0x00000007fdf80000,0x00000007fdf80000,0x0000000800000000)
[42.994s][debug  ][gc,heap        ] GC(157)  ParOldGen       total 2317312K, used 1066596K [0x0000000700000000, 0x000000078d700000, 0x00000007f0000000)
[42.994s][debug  ][gc,heap        ] GC(157)   object space 2317312K, 46% used [0x0000000700000000,0x0000000741199278,0x000000078d700000)
[42.994s][debug  ][gc,heap        ] GC(157)  Metaspace       used 1024K, committed 1216K, reserved 1056768K
[42.994s][debug  ][gc,heap        ] GC(157)   class space    used 83K, committed 192K, reserved 1048576K
[42.994s][debug  ][gc,tlab        ] GC(157) TLAB totals: thrds: 1  refills: 1 max: 1 slow allocs: 17 max 17 waste: 27.0% gc: 3883584B max: 3883584B slow: 0B max: 0B
[42.994s][info   ][gc,start       ] GC(157) Pause Young (Allocation Failure)
[42.994s][debug  ][gc,phases,start] GC(157) Scavenge
[43.009s][debug  ][gc,phases      ] GC(157) Scavenge 14.619ms
[43.009s][debug  ][gc,phases,start] GC(157) Reference Processing
[43.009s][debug  ][gc,ref         ] GC(157) Skipped phase 1 of Reference Processing: no references
[43.009s][debug  ][gc,ref         ] GC(157) Skipped phase 2 of Reference Processing: no references
[43.009s][debug  ][gc,ref         ] GC(157) Skipped phase 3 of Reference Processing: no references
[43.009s][debug  ][gc,ref         ] GC(157) Skipped phase 4 of Reference Processing: no references
[43.009s][debug  ][gc,phases,ref  ] GC(157) Reference Processing: 0.1ms
[43.009s][debug  ][gc,phases,ref  ] GC(157)   Reconsider SoftReferences: 0.0ms
[43.009s][debug  ][gc,phases,ref  ] GC(157)     SoftRef (ms):                  skipped
[43.009s][debug  ][gc,phases,ref  ] GC(157)   Notify Soft/WeakReferences: 0.0ms
[43.009s][debug  ][gc,phases,ref  ] GC(157)     SoftRef (ms):                  skipped
[43.009s][debug  ][gc,phases,ref  ] GC(157)     WeakRef (ms):                  skipped
[43.009s][debug  ][gc,phases,ref  ] GC(157)     FinalRef (ms):                 skipped
[43.009s][debug  ][gc,phases,ref  ] GC(157)     Total (ms):                    skipped
[43.009s][debug  ][gc,phases,ref  ] GC(157)   Notify and keep alive finalizable: 0.0ms
[43.009s][debug  ][gc,phases,ref  ] GC(157)     FinalRef (ms):                 skipped
[43.009s][debug  ][gc,phases,ref  ] GC(157)   Notify PhantomReferences: 0.0ms
[43.009s][debug  ][gc,phases,ref  ] GC(157)     PhantomRef (ms):               skipped
[43.009s][debug  ][gc,phases,ref  ] GC(157)   SoftReference:
[43.009s][debug  ][gc,phases,ref  ] GC(157)     Discovered: 0
[43.009s][debug  ][gc,phases,ref  ] GC(157)     Cleared: 0
[43.009s][debug  ][gc,phases,ref  ] GC(157)   WeakReference:
[43.009s][debug  ][gc,phases,ref  ] GC(157)     Discovered: 0
[43.009s][debug  ][gc,phases,ref  ] GC(157)     Cleared: 0
[43.009s][debug  ][gc,phases,ref  ] GC(157)   FinalReference:
[43.010s][debug  ][gc,phases,ref  ] GC(157)     Discovered: 0
[43.010s][debug  ][gc,phases,ref  ] GC(157)     Cleared: 0
[43.010s][debug  ][gc,phases,ref  ] GC(157)   PhantomReference:
[43.010s][debug  ][gc,phases,ref  ] GC(157)     Discovered: 0
[43.010s][debug  ][gc,phases,ref  ] GC(157)     Cleared: 0
[43.010s][debug  ][gc,phases      ] GC(157) Reference Processing 0.821ms
[43.010s][debug  ][gc,phases,start] GC(157) Weak Processing
[43.010s][debug  ][gc,phases      ] GC(157)   VM Weak                        Min:  0.0, Avg:  0.0, Max:  0.0, Diff:  0.0, Sum:  0.0, Workers: 6
[43.010s][debug  ][gc,phases      ] GC(157)     Dead                           Min: 0, Avg:  0.0, Max: 0, Diff: 0, Sum: 0, Workers: 6
[43.010s][debug  ][gc,phases      ] GC(157)     Total                          Min: 0, Avg:  1.3, Max: 8, Diff: 8, Sum: 8, Workers: 6
[43.010s][debug  ][gc,phases      ] GC(157)   ObjectSynchronizer Weak        Min:  0.0, Avg:  0.0, Max:  0.0, Diff:  0.0, Sum:  0.0, Workers: 6
[43.010s][debug  ][gc,phases      ] GC(157)     Dead                           Min: 0, Avg:  0.0, Max: 0, Diff: 0, Sum: 0, Workers: 6
[43.010s][debug  ][gc,phases      ] GC(157)     Total                          Min: 0, Avg:  0.5, Max: 3, Diff: 3, Sum: 3, Workers: 6
[43.010s][debug  ][gc,phases      ] GC(157)   JVMTI Tag Weak OopStorage      Min:  0.0, Avg:  0.0, Max:  0.0, Diff:  0.0, Sum:  0.0, Workers: 6
[43.010s][debug  ][gc,phases      ] GC(157)     Dead                           Min: 0, Avg:  0.0, Max: 0, Diff: 0, Sum: 0, Workers: 6
[43.010s][debug  ][gc,phases      ] GC(157)     Total                          Min: 0, Avg:  0.0, Max: 0, Diff: 0, Sum: 0, Workers: 6
[43.010s][debug  ][gc,phases      ] GC(157)   StringTable Weak               Min:  0.0, Avg:  0.0, Max:  0.0, Diff:  0.0, Sum:  0.0, Workers: 6
[43.010s][debug  ][gc,phases      ] GC(157)     Dead                           Min: 0, Avg:  0.0, Max: 0, Diff: 0, Sum: 0, Workers: 6
[43.010s][debug  ][gc,phases      ] GC(157)     Total                          Min: 768, Avg: 892.5, Max: 960, Diff: 192, Sum: 5355, Workers: 6
[43.010s][debug  ][gc,phases      ] GC(157)   ResolvedMethodTable Weak       Min:  0.0, Avg:  0.0, Max:  0.0, Diff:  0.0, Sum:  0.0, Workers: 6
[43.010s][debug  ][gc,phases      ] GC(157)     Dead                           Min: 0, Avg:  0.0, Max: 0, Diff: 0, Sum: 0, Workers: 6
[43.010s][debug  ][gc,phases      ] GC(157)     Total                          Min: 0, Avg: 21.7, Max: 64, Diff: 64, Sum: 130, Workers: 6
[43.010s][debug  ][gc,phases      ] GC(157)   JNI Weak                       Min:  0.0, Avg:  0.0, Max:  0.0, Diff:  0.0, Sum:  0.0, Workers: 6
[43.010s][debug  ][gc,phases      ] GC(157)     Dead                           Min: 0, Avg:  0.0, Max: 0, Diff: 0, Sum: 0, Workers: 6
[43.010s][debug  ][gc,phases      ] GC(157)     Total                          Min: 0, Avg:  0.0, Max: 0, Diff: 0, Sum: 0, Workers: 6
[43.010s][debug  ][gc,phases      ] GC(157)   StringDedup Table Weak         Min:  0.0, Avg:  0.0, Max:  0.0, Diff:  0.0, Sum:  0.0, Workers: 6
[43.010s][debug  ][gc,phases      ] GC(157)     Dead                           Min: 0, Avg:  0.0, Max: 0, Diff: 0, Sum: 0, Workers: 6
[43.010s][debug  ][gc,phases      ] GC(157)     Total                          Min: 0, Avg:  0.0, Max: 0, Diff: 0, Sum: 0, Workers: 6
[43.010s][debug  ][gc,phases      ] GC(157)   StringDedup Requests0 Weak     Min:  0.0, Avg:  0.0, Max:  0.0, Diff:  0.0, Sum:  0.0, Workers: 6
[43.010s][debug  ][gc,phases      ] GC(157)     Dead                           Min: 0, Avg:  0.0, Max: 0, Diff: 0, Sum: 0, Workers: 6
[43.010s][debug  ][gc,phases      ] GC(157)     Total                          Min: 0, Avg:  0.0, Max: 0, Diff: 0, Sum: 0, Workers: 6
[43.010s][debug  ][gc,phases      ] GC(157)   StringDedup Requests1 Weak     Min:  0.0, Avg:  0.0, Max:  0.0, Diff:  0.0, Sum:  0.0, Workers: 6
[43.010s][debug  ][gc,phases      ] GC(157)     Dead                           Min: 0, Avg:  0.0, Max: 0, Diff: 0, Sum: 0, Workers: 6
[43.010s][debug  ][gc,phases      ] GC(157)     Total                          Min: 0, Avg:  0.0, Max: 0, Diff: 0, Sum: 0, Workers: 6
[43.010s][debug  ][gc,phases      ] GC(157)   Weak JFR Old Object Samples    Min:  0.0, Avg:  0.0, Max:  0.0, Diff:  0.0, Sum:  0.0, Workers: 6
[43.011s][debug  ][gc,phases      ] GC(157)     Dead                           Min: 0, Avg:  0.0, Max: 0, Diff: 0, Sum: 0, Workers: 6
[43.011s][debug  ][gc,phases      ] GC(157)     Total                          Min: 0, Avg:  0.0, Max: 0, Diff: 0, Sum: 0, Workers: 6
[43.011s][debug  ][gc,phases      ] GC(157) Weak Processing 0.917ms
[43.011s][debug  ][gc,ergo        ] GC(157) AdaptiveSizeStart:  collection: 158 
[43.011s][debug  ][gc,ergo        ] GC(157) avg_survived_padded_avg: 33736348.000000
[43.011s][debug  ][gc,ergo        ] GC(157) avg_promoted_padded_avg: 274741952.000000  avg_pretenured_padded_avg: 0.000000  tenuring_thresh: 1  target_size: 34078720
[43.011s][debug  ][gc,age         ] GC(157) Desired survivor size 34078720 bytes, new threshold 1 (max threshold 15)
[43.011s][debug  ][gc,ergo        ] GC(157) PSAdaptiveSizePolicy::compute_eden_space_size limits: desired_eden_size: 223243025 old_eden_size: 199229440 eden_limit: 199753728 cur_eden: 199229440 max_eden_size: 199753728 avg_young_live: 28444138
[43.011s][debug  ][gc,ergo        ] GC(157) PSAdaptiveSizePolicy::compute_eden_space_size: costs minor_time: 0.048507 major_cost: 0.031981 mutator_cost: 0.919512 throughput_goal: 0.990000
[43.011s][debug  ][gc,ergo        ] GC(157) Live_space: 931689600 free_space: 1769472000
[43.011s][debug  ][gc,ergo        ] GC(157) Old eden_size: 199229440 desired_eden_size: 199753728
[43.011s][debug  ][gc,ergo        ] GC(157) AdaptiveSizeStop: collection: 158 
[43.011s][info   ][gc,heap        ] GC(157) PSYoungGen: 218832K(228352K)->30720K(228864K) Eden: 188112K(194560K)->0K(195584K) From: 30720K(33792K)->30720K(33280K)
[43.011s][info   ][gc,heap        ] GC(157) ParOldGen: 1066596K(2317312K)->1250916K(2317312K)
[43.011s][info   ][gc,metaspace   ] GC(157) Metaspace: 1024K(1216K)->1024K(1216K) NonClass: 941K(1024K)->941K(1024K) Class: 83K(192K)->83K(192K)
[43.011s][info   ][gc             ] GC(157) Pause Young (Allocation Failure) 1255M->1251M(2486M) 16.810ms
[43.011s][info   ][gc,cpu         ] GC(157) User=0.12s Sys=0.00s Real=0.02s
[43.011s][debug  ][gc,heap        ] GC(157) Heap after GC invocations=158 (full 23):
[43.011s][debug  ][gc,heap        ] GC(157)  PSYoungGen      total 228864K, used 30720K [0x00000007f0000000, 0x0000000800000000, 0x0000000800000000)
[43.011s][debug  ][gc,heap        ] GC(157)   eden space 195584K, 0% used [0x00000007f0000000,0x00000007f0000000,0x00000007fbf00000)
[43.011s][debug  ][gc,heap        ] GC(157)   from space 33280K, 92% used [0x00000007fdf80000,0x00000007ffd80030,0x0000000800000000)
[43.011s][debug  ][gc,heap        ] GC(157)   to   space 33280K, 0% used [0x00000007fbf00000,0x00000007fbf00000,0x00000007fdf80000)
[43.011s][debug  ][gc,heap        ] GC(157)  ParOldGen       total 2317312K, used 1250916K [0x0000000700000000, 0x000000078d700000, 0x00000007f0000000)
[43.011s][debug  ][gc,heap        ] GC(157)   object space 2317312K, 53% used [0x0000000700000000,0x000000074c599398,0x000000078d700000)
[43.011s][debug  ][gc,heap        ] GC(157)  Metaspace       used 1024K, committed 1216K, reserved 1056768K
[43.011s][debug  ][gc,heap        ] GC(157)   class space    used 83K, committed 192K, reserved 1048576K
[43.011s][debug  ][gc,task,time   ] GC(157) VM-Thread 429936747 430088136 430111752
[43.294s][debug  ][gc,heap        ] GC(158) Heap before GC invocations=159 (full 23):
[43.294s][debug  ][gc,heap        ] GC(158)  PSYoungGen      total 228864K, used 218859K [0x00000007f0000000, 0x0000000800000000, 0x0000000800000000)
[43.294s][debug  ][gc,heap        ] GC(158)   eden space 195584K, 96% used [0x00000007f0000000,0x00000007fb7bafa0,0x00000007fbf00000)
[43.294s][debug  ][gc,heap        ] GC(158)   from space 33280K, 92% used [0x00000007fdf80000,0x00000007ffd80030,0x0000000800000000)
[43.294s][debug  ][gc,heap        ] GC(158)   to   space 33280K, 0% used [0x00000007fbf00000,0x00000007fbf00000,0x00000007fdf80000)
[43.294s][debug  ][gc,heap        ] GC(158)  ParOldGen       total 2317312K, used 1250916K [0x0000000700000000, 0x000000078d700000, 0x00000007f0000000)
[43.294s][debug  ][gc,heap        ] GC(158)   object space 2317312K, 53% used [0x0000000700000000,0x000000074c599398,0x000000078d700000)
[43.294s][debug  ][gc,heap        ] GC(158)  Metaspace       used 1024K, committed 1216K, reserved 1056768K
[43.294s][debug  ][gc,heap        ] GC(158)   class space    used 83K, committed 192K, reserved 1048576K
[43.294s][debug  ][gc,tlab        ] GC(158) TLAB totals: thrds: 1  refills: 1 max: 1 slow allocs: 17 max 17 waste: 27.2% gc: 3911296B max: 3911296B slow: 0B max: 0B
[43.294s][info   ][gc,start       ] GC(158) Pause Young (Allocation Failure)
[43.294s][debug  ][gc,phases,start] GC(158) Scavenge
[43.309s][debug  ][gc,phases      ] GC(158) Scavenge 14.601ms
[43.309s][debug  ][gc,phases,start] GC(158) Reference Processing
[43.309s][debug  ][gc,ref         ] GC(158) Skipped phase 1 of Reference Processing: no references
[43.309s][debug  ][gc,ref         ] GC(158) Skipped phase 2 of Reference Processing: no references
[43.309s][debug  ][gc,ref         ] GC(158) Skipped phase 3 of Reference Processing: no references
[43.309s][debug  ][gc,ref         ] GC(158) Skipped phase 4 of Reference Processing: no references
[43.309s][debug  ][gc,phases,ref  ] GC(158) Reference Processing: 0.1ms
[43.309s][debug  ][gc,phases,ref  ] GC(158)   Reconsider SoftReferences: 0.0ms
[43.309s][debug  ][gc,phases,ref  ] GC(158)     SoftRef (ms):                  skipped
[43.309s][debug  ][gc,phases,ref  ] GC(158)   Notify Soft/WeakReferences: 0.0ms
[43.309s][debug  ][gc,phases,ref  ] GC(158)     SoftRef (ms):                  skipped
[43.309s][debug  ][gc,phases,ref  ] GC(158)     WeakRef (ms):                  skipped
[43.309s][debug  ][gc,phases,ref  ] GC(158)     FinalRef (ms):                 skipped
[43.309s][debug  ][gc,phases,ref  ] GC(158)     Total (ms):                    skipped
[43.309s][debug  ][gc,phases,ref  ] GC(158)   Notify and keep alive finalizable: 0.0ms
[43.309s][debug  ][gc,phases,ref  ] GC(158)     FinalRef (ms):                 skipped
[43.309s][debug  ][gc,phases,ref  ] GC(158)   Notify PhantomReferences: 0.0ms
[43.309s][debug  ][gc,phases,ref  ] GC(158)     PhantomRef (ms):               skipped
[43.309s][debug  ][gc,phases,ref  ] GC(158)   SoftReference:
[43.309s][debug  ][gc,phases,ref  ] GC(158)     Discovered: 0
[43.309s][debug  ][gc,phases,ref  ] GC(158)     Cleared: 0
[43.309s][debug  ][gc,phases,ref  ] GC(158)   WeakReference:
[43.309s][debug  ][gc,phases,ref  ] GC(158)     Discovered: 0
[43.309s][debug  ][gc,phases,ref  ] GC(158)     Cleared: 0
[43.309s][debug  ][gc,phases,ref  ] GC(158)   FinalReference:
[43.309s][debug  ][gc,phases,ref  ] GC(158)     Discovered: 0
[43.309s][debug  ][gc,phases,ref  ] GC(158)     Cleared: 0
[43.309s][debug  ][gc,phases,ref  ] GC(158)   PhantomReference:
[43.309s][debug  ][gc,phases,ref  ] GC(158)     Discovered: 0
[43.309s][debug  ][gc,phases,ref  ] GC(158)     Cleared: 0
[43.309s][debug  ][gc,phases      ] GC(158) Reference Processing 0.563ms
[43.309s][debug  ][gc,phases,start] GC(158) Weak Processing
[43.309s][debug  ][gc,phases      ] GC(158)   VM Weak                        Min:  0.0, Avg:  0.0, Max:  0.0, Diff:  0.0, Sum:  0.0, Workers: 6
[43.309s][debug  ][gc,phases      ] GC(158)     Dead                           Min: 0, Avg:  0.0, Max: 0, Diff: 0, Sum: 0, Workers: 6
[43.309s][debug  ][gc,phases      ] GC(158)     Total                          Min: 0, Avg:  1.3, Max: 8, Diff: 8, Sum: 8, Workers: 6
[43.309s][debug  ][gc,phases      ] GC(158)   ObjectSynchronizer Weak        Min:  0.0, Avg:  0.0, Max:  0.0, Diff:  0.0, Sum:  0.0, Workers: 6
[43.309s][debug  ][gc,phases      ] GC(158)     Dead                           Min: 0, Avg:  0.0, Max: 0, Diff: 0, Sum: 0, Workers: 6
[43.309s][debug  ][gc,phases      ] GC(158)     Total                          Min: 0, Avg:  0.5, Max: 3, Diff: 3, Sum: 3, Workers: 6
[43.310s][debug  ][gc,phases      ] GC(158)   JVMTI Tag Weak OopStorage      Min:  0.0, Avg:  0.0, Max:  0.0, Diff:  0.0, Sum:  0.0, Workers: 6
[43.310s][debug  ][gc,phases      ] GC(158)     Dead                           Min: 0, Avg:  0.0, Max: 0, Diff: 0, Sum: 0, Workers: 6
[43.310s][debug  ][gc,phases      ] GC(158)     Total                          Min: 0, Avg:  0.0, Max: 0, Diff: 0, Sum: 0, Workers: 6
[43.310s][debug  ][gc,phases      ] GC(158)   StringTable Weak               Min:  0.0, Avg:  0.0, Max:  0.0, Diff:  0.0, Sum:  0.0, Workers: 6
[43.310s][debug  ][gc,phases      ] GC(158)     Dead                           Min: 0, Avg:  0.0, Max: 0, Diff: 0, Sum: 0, Workers: 6
[43.310s][debug  ][gc,phases      ] GC(158)     Total                          Min: 768, Avg: 892.5, Max: 1152, Diff: 384, Sum: 5355, Workers: 6
[43.310s][debug  ][gc,phases      ] GC(158)   ResolvedMethodTable Weak       Min:  0.0, Avg:  0.0, Max:  0.0, Diff:  0.0, Sum:  0.0, Workers: 6
[43.310s][debug  ][gc,phases      ] GC(158)     Dead                           Min: 0, Avg:  0.0, Max: 0, Diff: 0, Sum: 0, Workers: 6
[43.310s][debug  ][gc,phases      ] GC(158)     Total                          Min: 0, Avg: 21.7, Max: 64, Diff: 64, Sum: 130, Workers: 6
[43.310s][debug  ][gc,phases      ] GC(158)   JNI Weak                       Min:  0.0, Avg:  0.0, Max:  0.0, Diff:  0.0, Sum:  0.0, Workers: 6
[43.310s][debug  ][gc,phases      ] GC(158)     Dead                           Min: 0, Avg:  0.0, Max: 0, Diff: 0, Sum: 0, Workers: 6
[43.310s][debug  ][gc,phases      ] GC(158)     Total                          Min: 0, Avg:  0.0, Max: 0, Diff: 0, Sum: 0, Workers: 6
[43.310s][debug  ][gc,phases      ] GC(158)   StringDedup Table Weak         Min:  0.0, Avg:  0.0, Max:  0.0, Diff:  0.0, Sum:  0.0, Workers: 6
[43.310s][debug  ][gc,phases      ] GC(158)     Dead                           Min: 0, Avg:  0.0, Max: 0, Diff: 0, Sum: 0, Workers: 6
[43.310s][debug  ][gc,phases      ] GC(158)     Total                          Min: 0, Avg:  0.0, Max: 0, Diff: 0, Sum: 0, Workers: 6
[43.310s][debug  ][gc,phases      ] GC(158)   StringDedup Requests0 Weak     Min:  0.0, Avg:  0.0, Max:  0.0, Diff:  0.0, Sum:  0.0, Workers: 6
[43.310s][debug  ][gc,phases      ] GC(158)     Dead                           Min: 0, Avg:  0.0, Max: 0, Diff: 0, Sum: 0, Workers: 6
[43.310s][debug  ][gc,phases      ] GC(158)     Total                          Min: 0, Avg:  0.0, Max: 0, Diff: 0, Sum: 0, Workers: 6
[43.310s][debug  ][gc,phases      ] GC(158)   StringDedup Requests1 Weak     Min:  0.0, Avg:  0.0, Max:  0.0, Diff:  0.0, Sum:  0.0, Workers: 6
[43.310s][debug  ][gc,phases      ] GC(158)     Dead                           Min: 0, Avg:  0.0, Max: 0, Diff: 0, Sum: 0, Workers: 6
[43.310s][debug  ][gc,phases      ] GC(158)     Total                          Min: 0, Avg:  0.0, Max: 0, Diff: 0, Sum: 0, Workers: 6
[43.310s][debug  ][gc,phases      ] GC(158)   Weak JFR Old Object Samples    Min:  0.0, Avg:  0.0, Max:  0.0, Diff:  0.0, Sum:  0.0, Workers: 6
[43.310s][debug  ][gc,phases      ] GC(158)     Dead                           Min: 0, Avg:  0.0, Max: 0, Diff: 0, Sum: 0, Workers: 6
[43.310s][debug  ][gc,phases      ] GC(158)     Total                          Min: 0, Avg:  0.0, Max: 0, Diff: 0, Sum: 0, Workers: 6
[43.310s][debug  ][gc,phases      ] GC(158) Weak Processing 0.766ms
[43.310s][debug  ][gc,ergo        ] GC(158) AdaptiveSizeStart:  collection: 159 
[43.310s][debug  ][gc,ergo        ] GC(158) avg_survived_padded_avg: 33568056.000000
[43.310s][debug  ][gc,ergo        ] GC(158) avg_promoted_padded_avg: 274250112.000000  avg_pretenured_padded_avg: 0.000000  tenuring_thresh: 1  target_size: 34078720
[43.310s][debug  ][gc,age         ] GC(158) Desired survivor size 34078720 bytes, new threshold 1 (max threshold 15)
[43.310s][debug  ][gc,ergo        ] GC(158) PSAdaptiveSizePolicy::compute_eden_space_size limits: desired_eden_size: 224855664 old_eden_size: 199753728 eden_limit: 200278016 cur_eden: 200278016 max_eden_size: 200278016 avg_young_live: 28745456
[43.310s][debug  ][gc,ergo        ] GC(158) PSAdaptiveSizePolicy::compute_eden_space_size: costs minor_time: 0.049772 major_cost: 0.031981 mutator_cost: 0.918247 throughput_goal: 0.990000
[43.310s][debug  ][gc,ergo        ] GC(158) Live_space: 931990976 free_space: 1769996288
[43.310s][debug  ][gc,ergo        ] GC(158) Old eden_size: 199753728 desired_eden_size: 200278016
[43.310s][debug  ][gc,ergo        ] GC(158) AdaptiveSizeStop: collection: 159 
[43.310s][info   ][gc,heap        ] GC(158) PSYoungGen: 218859K(228864K)->30720K(228864K) Eden: 188139K(195584K)->0K(195584K) From: 30720K(33280K)->30720K(33280K)
[43.310s][info   ][gc,heap        ] GC(158) ParOldGen: 1250916K(2317312K)->1435237K(2317312K)
[43.310s][info   ][gc,metaspace   ] GC(158) Metaspace: 1024K(1216K)->1024K(1216K) NonClass: 941K(1024K)->941K(1024K) Class: 83K(192K)->83K(192K)
[43.310s][info   ][gc             ] GC(158) Pause Young (Allocation Failure) 1435M->1431M(2486M) 16.352ms
[43.310s][info   ][gc,cpu         ] GC(158) User=0.16s Sys=0.00s Real=0.02s
[43.310s][debug  ][gc,heap        ] GC(158) Heap after GC invocations=159 (full 23):
[43.310s][debug  ][gc,heap        ] GC(158)  PSYoungGen      total 228864K, used 30720K [0x00000007f0000000, 0x0000000800000000, 0x0000000800000000)
[43.310s][debug  ][gc,heap        ] GC(158)   eden space 195584K, 0% used [0x00000007f0000000,0x00000007f0000000,0x00000007fbf00000)
[43.310s][debug  ][gc,heap        ] GC(158)   from space 33280K, 92% used [0x00000007fbf00000,0x00000007fdd00030,0x00000007fdf80000)
[43.310s][debug  ][gc,heap        ] GC(158)   to   space 33280K, 0% used [0x00000007fdf80000,0x00000007fdf80000,0x0000000800000000)
[43.310s][debug  ][gc,heap        ] GC(158)  ParOldGen       total 2317312K, used 1435237K [0x0000000700000000, 0x000000078d700000, 0x00000007f0000000)
[43.310s][debug  ][gc,heap        ] GC(158)   object space 2317312K, 61% used [0x0000000700000000,0x00000007579994b8,0x000000078d700000)
[43.311s][debug  ][gc,heap        ] GC(158)  Metaspace       used 1024K, committed 1216K, reserved 1056768K
[43.311s][debug  ][gc,heap        ] GC(158)   class space    used 83K, committed 192K, reserved 1048576K
[43.311s][debug  ][gc,task,time   ] GC(158) VM-Thread 432935634 433086800 433105507
[43.595s][debug  ][gc,heap        ] GC(159) Heap before GC invocations=160 (full 23):
[43.595s][debug  ][gc,heap        ] GC(159)  PSYoungGen      total 228864K, used 218864K [0x00000007f0000000, 0x0000000800000000, 0x0000000800000000)
[43.595s][debug  ][gc,heap        ] GC(159)   eden space 195584K, 96% used [0x00000007f0000000,0x00000007fb7bc150,0x00000007fbf00000)
[43.595s][debug  ][gc,heap        ] GC(159)   from space 33280K, 92% used [0x00000007fbf00000,0x00000007fdd00030,0x00000007fdf80000)
[43.595s][debug  ][gc,heap        ] GC(159)   to   space 33280K, 0% used [0x00000007fdf80000,0x00000007fdf80000,0x0000000800000000)
[43.595s][debug  ][gc,heap        ] GC(159)  ParOldGen       total 2317312K, used 1435237K [0x0000000700000000, 0x000000078d700000, 0x00000007f0000000)
[43.595s][debug  ][gc,heap        ] GC(159)   object space 2317312K, 61% used [0x0000000700000000,0x00000007579994b8,0x000000078d700000)
[43.595s][debug  ][gc,heap        ] GC(159)  Metaspace       used 1024K, committed 1216K, reserved 1056768K
[43.595s][debug  ][gc,heap        ] GC(159)   class space    used 83K, committed 192K, reserved 1048576K
[43.595s][debug  ][gc,tlab        ] GC(159) TLAB totals: thrds: 1  refills: 1 max: 1 slow allocs: 17 max 17 waste: 27.2% gc: 3915824B max: 3915824B slow: 0B max: 0B
[43.595s][info   ][gc,start       ] GC(159) Pause Young (Allocation Failure)
[43.595s][debug  ][gc,phases,start] GC(159) Scavenge
[43.610s][debug  ][gc,phases      ] GC(159) Scavenge 14.537ms
[43.610s][debug  ][gc,phases,start] GC(159) Reference Processing
[43.610s][debug  ][gc,ref         ] GC(159) Skipped phase 1 of Reference Processing: no references
[43.610s][debug  ][gc,ref         ] GC(159) Skipped phase 2 of Reference Processing: no references
[43.610s][debug  ][gc,ref         ] GC(159) Skipped phase 3 of Reference Processing: no references
[43.610s][debug  ][gc,ref         ] GC(159) Skipped phase 4 of Reference Processing: no references
[43.610s][debug  ][gc,phases,ref  ] GC(159) Reference Processing: 0.1ms
[43.610s][debug  ][gc,phases,ref  ] GC(159)   Reconsider SoftReferences: 0.0ms
[43.610s][debug  ][gc,phases,ref  ] GC(159)     SoftRef (ms):                  skipped
[43.610s][debug  ][gc,phases,ref  ] GC(159)   Notify Soft/WeakReferences: 0.0ms
[43.610s][debug  ][gc,phases,ref  ] GC(159)     SoftRef (ms):                  skipped
[43.610s][debug  ][gc,phases,ref  ] GC(159)     WeakRef (ms):                  skipped
[43.610s][debug  ][gc,phases,ref  ] GC(159)     FinalRef (ms):                 skipped
[43.610s][debug  ][gc,phases,ref  ] GC(159)     Total (ms):                    skipped
[43.610s][debug  ][gc,phases,ref  ] GC(159)   Notify and keep alive finalizable: 0.0ms
[43.610s][debug  ][gc,phases,ref  ] GC(159)     FinalRef (ms):                 skipped
[43.610s][debug  ][gc,phases,ref  ] GC(159)   Notify PhantomReferences: 0.0ms
[43.610s][debug  ][gc,phases,ref  ] GC(159)     PhantomRef (ms):               skipped
[43.610s][debug  ][gc,phases,ref  ] GC(159)   SoftReference:
[43.610s][debug  ][gc,phases,ref  ] GC(159)     Discovered: 0
[43.610s][debug  ][gc,phases,ref  ] GC(159)     Cleared: 0
[43.610s][debug  ][gc,phases,ref  ] GC(159)   WeakReference:
[43.610s][debug  ][gc,phases,ref  ] GC(159)     Discovered: 0
[43.610s][debug  ][gc,phases,ref  ] GC(159)     Cleared: 0
[43.610s][debug  ][gc,phases,ref  ] GC(159)   FinalReference:
[43.610s][debug  ][gc,phases,ref  ] GC(159)     Discovered: 0
[43.610s][debug  ][gc,phases,ref  ] GC(159)     Cleared: 0
[43.610s][debug  ][gc,phases,ref  ] GC(159)   PhantomReference:
[43.610s][debug  ][gc,phases,ref  ] GC(159)     Discovered: 0
[43.610s][debug  ][gc,phases,ref  ] GC(159)     Cleared: 0
[43.610s][debug  ][gc,phases      ] GC(159) Reference Processing 0.572ms
[43.610s][debug  ][gc,phases,start] GC(159) Weak Processing
[43.610s][debug  ][gc,phases      ] GC(159)   VM Weak                        Min:  0.0, Avg:  0.0, Max:  0.0, Diff:  0.0, Sum:  0.0, Workers: 6
[43.610s][debug  ][gc,phases      ] GC(159)     Dead                           Min: 0, Avg:  0.0, Max: 0, Diff: 0, Sum: 0, Workers: 6
[43.610s][debug  ][gc,phases      ] GC(159)     Total                          Min: 0, Avg:  1.3, Max: 8, Diff: 8, Sum: 8, Workers: 6
[43.610s][debug  ][gc,phases      ] GC(159)   ObjectSynchronizer Weak        Min:  0.0, Avg:  0.0, Max:  0.0, Diff:  0.0, Sum:  0.0, Workers: 6
[43.610s][debug  ][gc,phases      ] GC(159)     Dead                           Min: 0, Avg:  0.0, Max: 0, Diff: 0, Sum: 0, Workers: 6
[43.610s][debug  ][gc,phases      ] GC(159)     Total                          Min: 0, Avg:  0.5, Max: 3, Diff: 3, Sum: 3, Workers: 6
[43.610s][debug  ][gc,phases      ] GC(159)   JVMTI Tag Weak OopStorage      Min:  0.0, Avg:  0.0, Max:  0.0, Diff:  0.0, Sum:  0.0, Workers: 6
[43.611s][debug  ][gc,phases      ] GC(159)     Dead                           Min: 0, Avg:  0.0, Max: 0, Diff: 0, Sum: 0, Workers: 6
[43.611s][debug  ][gc,phases      ] GC(159)     Total                          Min: 0, Avg:  0.0, Max: 0, Diff: 0, Sum: 0, Workers: 6
[43.611s][debug  ][gc,phases      ] GC(159)   StringTable Weak               Min:  0.0, Avg:  0.0, Max:  0.0, Diff:  0.0, Sum:  0.1, Workers: 6
[43.611s][debug  ][gc,phases      ] GC(159)     Dead                           Min: 0, Avg:  0.0, Max: 0, Diff: 0, Sum: 0, Workers: 6
[43.611s][debug  ][gc,phases      ] GC(159)     Total                          Min: 748, Avg: 892.5, Max: 1088, Diff: 340, Sum: 5355, Workers: 6
[43.611s][debug  ][gc,phases      ] GC(159)   ResolvedMethodTable Weak       Min:  0.0, Avg:  0.0, Max:  0.0, Diff:  0.0, Sum:  0.0, Workers: 6
[43.611s][debug  ][gc,phases      ] GC(159)     Dead                           Min: 0, Avg:  0.0, Max: 0, Diff: 0, Sum: 0, Workers: 6
[43.611s][debug  ][gc,phases      ] GC(159)     Total                          Min: 0, Avg: 21.7, Max: 66, Diff: 66, Sum: 130, Workers: 6
[43.611s][debug  ][gc,phases      ] GC(159)   JNI Weak                       Min:  0.0, Avg:  0.0, Max:  0.0, Diff:  0.0, Sum:  0.0, Workers: 6
[43.611s][debug  ][gc,phases      ] GC(159)     Dead                           Min: 0, Avg:  0.0, Max: 0, Diff: 0, Sum: 0, Workers: 6
[43.611s][debug  ][gc,phases      ] GC(159)     Total                          Min: 0, Avg:  0.0, Max: 0, Diff: 0, Sum: 0, Workers: 6
[43.611s][debug  ][gc,phases      ] GC(159)   StringDedup Table Weak         Min:  0.0, Avg:  0.0, Max:  0.0, Diff:  0.0, Sum:  0.0, Workers: 6
[43.611s][debug  ][gc,phases      ] GC(159)     Dead                           Min: 0, Avg:  0.0, Max: 0, Diff: 0, Sum: 0, Workers: 6
[43.611s][debug  ][gc,phases      ] GC(159)     Total                          Min: 0, Avg:  0.0, Max: 0, Diff: 0, Sum: 0, Workers: 6
[43.611s][debug  ][gc,phases      ] GC(159)   StringDedup Requests0 Weak     Min:  0.0, Avg:  0.0, Max:  0.0, Diff:  0.0, Sum:  0.0, Workers: 6
[43.611s][debug  ][gc,phases      ] GC(159)     Dead                           Min: 0, Avg:  0.0, Max: 0, Diff: 0, Sum: 0, Workers: 6
[43.611s][debug  ][gc,phases      ] GC(159)     Total                          Min: 0, Avg:  0.0, Max: 0, Diff: 0, Sum: 0, Workers: 6
[43.611s][debug  ][gc,phases      ] GC(159)   StringDedup Requests1 Weak     Min:  0.0, Avg:  0.0, Max:  0.0, Diff:  0.0, Sum:  0.0, Workers: 6
[43.611s][debug  ][gc,phases      ] GC(159)     Dead                           Min: 0, Avg:  0.0, Max: 0, Diff: 0, Sum: 0, Workers: 6
[43.611s][debug  ][gc,phases      ] GC(159)     Total                          Min: 0, Avg:  0.0, Max: 0, Diff: 0, Sum: 0, Workers: 6
[43.611s][debug  ][gc,phases      ] GC(159)   Weak JFR Old Object Samples    Min:  0.0, Avg:  0.0, Max:  0.0, Diff:  0.0, Sum:  0.0, Workers: 6
[43.611s][debug  ][gc,phases      ] GC(159)     Dead                           Min: 0, Avg:  0.0, Max: 0, Diff: 0, Sum: 0, Workers: 6
[43.611s][debug  ][gc,phases      ] GC(159)     Total                          Min: 0, Avg:  0.0, Max: 0, Diff: 0, Sum: 0, Workers: 6
[43.611s][debug  ][gc,phases      ] GC(159) Weak Processing 1.014ms
[43.611s][debug  ][gc,ergo        ] GC(159) AdaptiveSizeStart:  collection: 160 
[43.611s][debug  ][gc,ergo        ] GC(159) avg_survived_padded_avg: 33410630.000000
[43.611s][debug  ][gc,ergo        ] GC(159) avg_promoted_padded_avg: 272996704.000000  avg_pretenured_padded_avg: 0.000000  tenuring_thresh: 1  target_size: 33554432
[43.611s][debug  ][gc,age         ] GC(159) Desired survivor size 33554432 bytes, new threshold 1 (max threshold 15)
[43.611s][debug  ][gc,ergo        ] GC(159) PSAdaptiveSizePolicy::compute_eden_space_size limits: desired_eden_size: 225053909 old_eden_size: 200278016 eden_limit: 200278016 cur_eden: 200278016 max_eden_size: 200278016 avg_young_live: 29016642
[43.611s][debug  ][gc,ergo        ] GC(159) PSAdaptiveSizePolicy::compute_eden_space_size: costs minor_time: 0.050811 major_cost: 0.031981 mutator_cost: 0.917208 throughput_goal: 0.990000
[43.611s][debug  ][gc,ergo        ] GC(159) Live_space: 932262144 free_space: 1770520576
[43.611s][debug  ][gc,ergo        ] GC(159) Old eden_size: 200278016 desired_eden_size: 200278016
[43.611s][debug  ][gc,ergo        ] GC(159) AdaptiveSizeStop: collection: 160 
[43.611s][info   ][gc,heap        ] GC(159) PSYoungGen: 218864K(228864K)->30720K(229376K) Eden: 188144K(195584K)->0K(196096K) From: 30720K(33280K)->30720K(33280K)
[43.611s][info   ][gc,heap        ] GC(159) ParOldGen: 1435237K(2317312K)->1619557K(2317312K)
[43.611s][info   ][gc,metaspace   ] GC(159) Metaspace: 1024K(1216K)->1024K(1216K) NonClass: 941K(1024K)->941K(1024K) Class: 83K(192K)->83K(192K)
[43.612s][info   ][gc             ] GC(159) Pause Young (Allocation Failure) 1615M->1611M(2487M) 16.608ms
[43.612s][info   ][gc,cpu         ] GC(159) User=0.12s Sys=0.00s Real=0.02s
[43.612s][debug  ][gc,heap        ] GC(159) Heap after GC invocations=160 (full 23):
[43.612s][debug  ][gc,heap        ] GC(159)  PSYoungGen      total 229376K, used 30720K [0x00000007f0000000, 0x0000000800000000, 0x0000000800000000)
[43.612s][debug  ][gc,heap        ] GC(159)   eden space 196096K, 0% used [0x00000007f0000000,0x00000007f0000000,0x00000007fbf80000)
[43.612s][debug  ][gc,heap        ] GC(159)   from space 33280K, 92% used [0x00000007fdf80000,0x00000007ffd80030,0x0000000800000000)
[43.612s][debug  ][gc,heap        ] GC(159)   to   space 32768K, 0% used [0x00000007fbf80000,0x00000007fbf80000,0x00000007fdf80000)
[43.612s][debug  ][gc,heap        ] GC(159)  ParOldGen       total 2317312K, used 1619557K [0x0000000700000000, 0x000000078d700000, 0x00000007f0000000)
[43.612s][debug  ][gc,heap        ] GC(159)   object space 2317312K, 69% used [0x0000000700000000,0x0000000762d995d8,0x000000078d700000)
[43.612s][debug  ][gc,heap        ] GC(159)  Metaspace       used 1024K, committed 1216K, reserved 1056768K
[43.612s][debug  ][gc,heap        ] GC(159)   class space    used 83K, committed 192K, reserved 1048576K
[43.612s][debug  ][gc,task,time   ] GC(159) VM-Thread 435945284 436095687 436117584
[43.898s][debug  ][gc,heap        ] GC(160) Heap before GC invocations=161 (full 23):
[43.898s][debug  ][gc,heap        ] GC(160)  PSYoungGen      total 229376K, used 218877K [0x00000007f0000000, 0x0000000800000000, 0x0000000800000000)
[43.898s][debug  ][gc,heap        ] GC(160)   eden space 196096K, 95% used [0x00000007f0000000,0x00000007fb7bf4c0,0x00000007fbf80000)
[43.898s][debug  ][gc,heap        ] GC(160)   from space 33280K, 92% used [0x00000007fdf80000,0x00000007ffd80030,0x0000000800000000)
[43.898s][debug  ][gc,heap        ] GC(160)   to   space 32768K, 0% used [0x00000007fbf80000,0x00000007fbf80000,0x00000007fdf80000)
[43.898s][debug  ][gc,heap        ] GC(160)  ParOldGen       total 2317312K, used 1619557K [0x0000000700000000, 0x000000078d700000, 0x00000007f0000000)
[43.898s][debug  ][gc,heap        ] GC(160)   object space 2317312K, 69% used [0x0000000700000000,0x0000000762d995d8,0x000000078d700000)
[43.898s][debug  ][gc,heap        ] GC(160)  Metaspace       used 1024K, committed 1216K, reserved 1056768K
[43.898s][debug  ][gc,heap        ] GC(160)   class space    used 83K, committed 192K, reserved 1048576K
[43.898s][debug  ][gc,tlab        ] GC(160) TLAB totals: thrds: 1  refills: 1 max: 1 slow allocs: 17 max 17 waste: 27.3% gc: 3928992B max: 3928992B slow: 0B max: 0B
[43.898s][info   ][gc,start       ] GC(160) Pause Young (Allocation Failure)
[43.898s][debug  ][gc,phases,start] GC(160) Scavenge
[43.913s][debug  ][gc,phases      ] GC(160) Scavenge 14.753ms
[43.913s][debug  ][gc,phases,start] GC(160) Reference Processing
[43.913s][debug  ][gc,ref         ] GC(160) Skipped phase 1 of Reference Processing: no references
[43.913s][debug  ][gc,ref         ] GC(160) Skipped phase 2 of Reference Processing: no references
[43.913s][debug  ][gc,ref         ] GC(160) Skipped phase 3 of Reference Processing: no references
[43.913s][debug  ][gc,ref         ] GC(160) Skipped phase 4 of Reference Processing: no references
[43.913s][debug  ][gc,phases,ref  ] GC(160) Reference Processing: 0.1ms
[43.913s][debug  ][gc,phases,ref  ] GC(160)   Reconsider SoftReferences: 0.0ms
[43.913s][debug  ][gc,phases,ref  ] GC(160)     SoftRef (ms):                  skipped
[43.913s][debug  ][gc,phases,ref  ] GC(160)   Notify Soft/WeakReferences: 0.0ms
[43.913s][debug  ][gc,phases,ref  ] GC(160)     SoftRef (ms):                  skipped
[43.913s][debug  ][gc,phases,ref  ] GC(160)     WeakRef (ms):                  skipped
[43.913s][debug  ][gc,phases,ref  ] GC(160)     FinalRef (ms):                 skipped
[43.913s][debug  ][gc,phases,ref  ] GC(160)     Total (ms):                    skipped
[43.913s][debug  ][gc,phases,ref  ] GC(160)   Notify and keep alive finalizable: 0.0ms
[43.913s][debug  ][gc,phases,ref  ] GC(160)     FinalRef (ms):                 skipped
[43.913s][debug  ][gc,phases,ref  ] GC(160)   Notify PhantomReferences: 0.0ms
[43.913s][debug  ][gc,phases,ref  ] GC(160)     PhantomRef (ms):               skipped
[43.913s][debug  ][gc,phases,ref  ] GC(160)   SoftReference:
[43.913s][debug  ][gc,phases,ref  ] GC(160)     Discovered: 0
[43.913s][debug  ][gc,phases,ref  ] GC(160)     Cleared: 0
[43.913s][debug  ][gc,phases,ref  ] GC(160)   WeakReference:
[43.913s][debug  ][gc,phases,ref  ] GC(160)     Discovered: 0
[43.913s][debug  ][gc,phases,ref  ] GC(160)     Cleared: 0
[43.914s][debug  ][gc,phases,ref  ] GC(160)   FinalReference:
[43.914s][debug  ][gc,phases,ref  ] GC(160)     Discovered: 0
[43.914s][debug  ][gc,phases,ref  ] GC(160)     Cleared: 0
[43.914s][debug  ][gc,phases,ref  ] GC(160)   PhantomReference:
[43.914s][debug  ][gc,phases,ref  ] GC(160)     Discovered: 0
[43.914s][debug  ][gc,phases,ref  ] GC(160)     Cleared: 0
[43.914s][debug  ][gc,phases      ] GC(160) Reference Processing 0.636ms
[43.914s][debug  ][gc,phases,start] GC(160) Weak Processing
[43.914s][debug  ][gc,phases      ] GC(160)   VM Weak                        Min:  0.0, Avg:  0.0, Max:  0.0, Diff:  0.0, Sum:  0.0, Workers: 6
[43.914s][debug  ][gc,phases      ] GC(160)     Dead                           Min: 0, Avg:  0.0, Max: 0, Diff: 0, Sum: 0, Workers: 6
[43.914s][debug  ][gc,phases      ] GC(160)     Total                          Min: 0, Avg:  1.3, Max: 8, Diff: 8, Sum: 8, Workers: 6
[43.914s][debug  ][gc,phases      ] GC(160)   ObjectSynchronizer Weak        Min:  0.0, Avg:  0.0, Max:  0.0, Diff:  0.0, Sum:  0.0, Workers: 6
[43.914s][debug  ][gc,phases      ] GC(160)     Dead                           Min: 0, Avg:  0.0, Max: 0, Diff: 0, Sum: 0, Workers: 6
[43.914s][debug  ][gc,phases      ] GC(160)     Total                          Min: 0, Avg:  0.5, Max: 3, Diff: 3, Sum: 3, Workers: 6
[43.914s][debug  ][gc,phases      ] GC(160)   JVMTI Tag Weak OopStorage      Min:  0.0, Avg:  0.0, Max:  0.0, Diff:  0.0, Sum:  0.0, Workers: 6
[43.914s][debug  ][gc,phases      ] GC(160)     Dead                           Min: 0, Avg:  0.0, Max: 0, Diff: 0, Sum: 0, Workers: 6
[43.914s][debug  ][gc,phases      ] GC(160)     Total                          Min: 0, Avg:  0.0, Max: 0, Diff: 0, Sum: 0, Workers: 6
[43.914s][debug  ][gc,phases      ] GC(160)   StringTable Weak               Min:  0.0, Avg:  0.0, Max:  0.0, Diff:  0.0, Sum:  0.0, Workers: 6
[43.914s][debug  ][gc,phases      ] GC(160)     Dead                           Min: 0, Avg:  0.0, Max: 0, Diff: 0, Sum: 0, Workers: 6
[43.914s][debug  ][gc,phases      ] GC(160)     Total                          Min: 767, Avg: 892.5, Max: 1068, Diff: 301, Sum: 5355, Workers: 6
[43.914s][debug  ][gc,phases      ] GC(160)   ResolvedMethodTable Weak       Min:  0.0, Avg:  0.0, Max:  0.0, Diff:  0.0, Sum:  0.0, Workers: 6
[43.914s][debug  ][gc,phases      ] GC(160)     Dead                           Min: 0, Avg:  0.0, Max: 0, Diff: 0, Sum: 0, Workers: 6
[43.914s][debug  ][gc,phases      ] GC(160)     Total                          Min: 0, Avg: 21.7, Max: 64, Diff: 64, Sum: 130, Workers: 6
[43.914s][debug  ][gc,phases      ] GC(160)   JNI Weak                       Min:  0.0, Avg:  0.0, Max:  0.0, Diff:  0.0, Sum:  0.0, Workers: 6
[43.914s][debug  ][gc,phases      ] GC(160)     Dead                           Min: 0, Avg:  0.0, Max: 0, Diff: 0, Sum: 0, Workers: 6
[43.914s][debug  ][gc,phases      ] GC(160)     Total                          Min: 0, Avg:  0.0, Max: 0, Diff: 0, Sum: 0, Workers: 6
[43.914s][debug  ][gc,phases      ] GC(160)   StringDedup Table Weak         Min:  0.0, Avg:  0.0, Max:  0.0, Diff:  0.0, Sum:  0.0, Workers: 6
[43.914s][debug  ][gc,phases      ] GC(160)     Dead                           Min: 0, Avg:  0.0, Max: 0, Diff: 0, Sum: 0, Workers: 6
[43.914s][debug  ][gc,phases      ] GC(160)     Total                          Min: 0, Avg:  0.0, Max: 0, Diff: 0, Sum: 0, Workers: 6
[43.914s][debug  ][gc,phases      ] GC(160)   StringDedup Requests0 Weak     Min:  0.0, Avg:  0.0, Max:  0.0, Diff:  0.0, Sum:  0.0, Workers: 6
[43.914s][debug  ][gc,phases      ] GC(160)     Dead                           Min: 0, Avg:  0.0, Max: 0, Diff: 0, Sum: 0, Workers: 6
[43.914s][debug  ][gc,phases      ] GC(160)     Total                          Min: 0, Avg:  0.0, Max: 0, Diff: 0, Sum: 0, Workers: 6
[43.914s][debug  ][gc,phases      ] GC(160)   StringDedup Requests1 Weak     Min:  0.0, Avg:  0.0, Max:  0.0, Diff:  0.0, Sum:  0.0, Workers: 6
[43.914s][debug  ][gc,phases      ] GC(160)     Dead                           Min: 0, Avg:  0.0, Max: 0, Diff: 0, Sum: 0, Workers: 6
[43.914s][debug  ][gc,phases      ] GC(160)     Total                          Min: 0, Avg:  0.0, Max: 0, Diff: 0, Sum: 0, Workers: 6
[43.914s][debug  ][gc,phases      ] GC(160)   Weak JFR Old Object Samples    Min:  0.0, Avg:  0.0, Max:  0.0, Diff:  0.0, Sum:  0.0, Workers: 6
[43.914s][debug  ][gc,phases      ] GC(160)     Dead                           Min: 0, Avg:  0.0, Max: 0, Diff: 0, Sum: 0, Workers: 6
[43.914s][debug  ][gc,phases      ] GC(160)     Total                          Min: 0, Avg:  0.0, Max: 0, Diff: 0, Sum: 0, Workers: 6
[43.914s][debug  ][gc,phases      ] GC(160) Weak Processing 0.813ms
[43.914s][debug  ][gc,ergo        ] GC(160) AdaptiveSizeStart:  collection: 161 
[43.915s][debug  ][gc,ergo        ] GC(160) avg_survived_padded_avg: 33263582.000000
[43.915s][debug  ][gc,ergo        ] GC(160) avg_promoted_padded_avg: 271138880.000000  avg_pretenured_padded_avg: 0.000000  tenuring_thresh: 1  target_size: 33554432
[43.915s][debug  ][gc,age         ] GC(160) Desired survivor size 33554432 bytes, new threshold 1 (max threshold 15)
[43.915s][debug  ][gc,ergo        ] GC(160) PSAdaptiveSizePolicy::compute_eden_space_size limits: desired_eden_size: 225717052 old_eden_size: 200278016 eden_limit: 200802304 cur_eden: 200802304 max_eden_size: 200802304 avg_young_live: 29260710
[43.915s][debug  ][gc,ergo        ] GC(160) PSAdaptiveSizePolicy::compute_eden_space_size: costs minor_time: 0.051555 major_cost: 0.031981 mutator_cost: 0.916464 throughput_goal: 0.990000
[43.915s][debug  ][gc,ergo        ] GC(160) Live_space: 932506240 free_space: 1770520576
[43.915s][debug  ][gc,ergo        ] GC(160) Old eden_size: 200278016 desired_eden_size: 200802304
[43.915s][debug  ][gc,ergo        ] GC(160) AdaptiveSizeStop: collection: 161 
[43.915s][info   ][gc,heap        ] GC(160) PSYoungGen: 218877K(229376K)->30720K(228864K) Eden: 188157K(196096K)->0K(196096K) From: 30720K(33280K)->30720K(32768K)
[43.915s][info   ][gc,heap        ] GC(160) ParOldGen: 1619557K(2317312K)->1803877K(2317312K)
[43.915s][info   ][gc,metaspace   ] GC(160) Metaspace: 1024K(1216K)->1024K(1216K) NonClass: 941K(1024K)->941K(1024K) Class: 83K(192K)->83K(192K)
[43.915s][info   ][gc             ] GC(160) Pause Young (Allocation Failure) 1795M->1791M(2486M) 16.625ms
[43.915s][info   ][gc,cpu         ] GC(160) User=0.05s Sys=0.00s Real=0.02s
[43.915s][debug  ][gc,heap        ] GC(160) Heap after GC invocations=161 (full 23):
[43.915s][debug  ][gc,heap        ] GC(160)  PSYoungGen      total 228864K, used 30720K [0x00000007f0000000, 0x0000000800000000, 0x0000000800000000)
[43.915s][debug  ][gc,heap        ] GC(160)   eden space 196096K, 0% used [0x00000007f0000000,0x00000007f0000000,0x00000007fbf80000)
[43.915s][debug  ][gc,heap        ] GC(160)   from space 32768K, 93% used [0x00000007fbf80000,0x00000007fdd80030,0x00000007fdf80000)
[43.915s][debug  ][gc,heap        ] GC(160)   to   space 32768K, 0% used [0x00000007fe000000,0x00000007fe000000,0x0000000800000000)
[43.915s][debug  ][gc,heap        ] GC(160)  ParOldGen       total 2317312K, used 1803877K [0x0000000700000000, 0x000000078d700000, 0x00000007f0000000)
[43.915s][debug  ][gc,heap        ] GC(160)   object space 2317312K, 77% used [0x0000000700000000,0x000000076e1996f8,0x000000078d700000)
[43.915s][debug  ][gc,heap        ] GC(160)  Metaspace       used 1024K, committed 1216K, reserved 1056768K
[43.915s][debug  ][gc,heap        ] GC(160)   class space    used 83K, committed 192K, reserved 1048576K
[43.915s][debug  ][gc,task,time   ] GC(160) VM-Thread 438977080 439129844 439149825
[44.201s][debug  ][gc,heap        ] GC(161) Heap before GC invocations=162 (full 23):
[44.201s][debug  ][gc,heap        ] GC(161)  PSYoungGen      total 228864K, used 218879K [0x00000007f0000000, 0x0000000800000000, 0x0000000800000000)
[44.201s][debug  ][gc,heap        ] GC(161)   eden space 196096K, 95% used [0x00000007f0000000,0x00000007fb7bfbd0,0x00000007fbf80000)
[44.201s][debug  ][gc,heap        ] GC(161)   from space 32768K, 93% used [0x00000007fbf80000,0x00000007fdd80030,0x00000007fdf80000)
[44.201s][debug  ][gc,heap        ] GC(161)   to   space 32768K, 0% used [0x00000007fe000000,0x00000007fe000000,0x0000000800000000)
[44.201s][debug  ][gc,heap        ] GC(161)  ParOldGen       total 2317312K, used 1803877K [0x0000000700000000, 0x000000078d700000, 0x00000007f0000000)
[44.201s][debug  ][gc,heap        ] GC(161)   object space 2317312K, 77% used [0x0000000700000000,0x000000076e1996f8,0x000000078d700000)
[44.201s][debug  ][gc,heap        ] GC(161)  Metaspace       used 1025K, committed 1216K, reserved 1056768K
[44.201s][debug  ][gc,heap        ] GC(161)   class space    used 83K, committed 192K, reserved 1048576K
[44.201s][debug  ][gc,tlab        ] GC(161) TLAB totals: thrds: 1  refills: 1 max: 1 slow allocs: 17 max 17 waste: 27.3% gc: 3929736B max: 3929736B slow: 0B max: 0B
[44.201s][info   ][gc,start       ] GC(161) Pause Young (Allocation Failure)
[44.201s][debug  ][gc,phases,start] GC(161) Scavenge
[44.212s][debug  ][gc,phases      ] GC(161) Scavenge 10.232ms
[44.212s][debug  ][gc,phases,start] GC(161) Reference Processing
[44.212s][debug  ][gc,ref         ] GC(161) Skipped phase 1 of Reference Processing: no references
[44.212s][debug  ][gc,ref         ] GC(161) Skipped phase 2 of Reference Processing: no references
[44.212s][debug  ][gc,ref         ] GC(161) Skipped phase 3 of Reference Processing: no references
[44.212s][debug  ][gc,ref         ] GC(161) Skipped phase 4 of Reference Processing: no references
[44.212s][debug  ][gc,phases,ref  ] GC(161) Reference Processing: 0.1ms
[44.212s][debug  ][gc,phases,ref  ] GC(161)   Reconsider SoftReferences: 0.0ms
[44.212s][debug  ][gc,phases,ref  ] GC(161)     SoftRef (ms):                  skipped
[44.212s][debug  ][gc,phases,ref  ] GC(161)   Notify Soft/WeakReferences: 0.0ms
[44.212s][debug  ][gc,phases,ref  ] GC(161)     SoftRef (ms):                  skipped
[44.212s][debug  ][gc,phases,ref  ] GC(161)     WeakRef (ms):                  skipped
[44.212s][debug  ][gc,phases,ref  ] GC(161)     FinalRef (ms):                 skipped
[44.212s][debug  ][gc,phases,ref  ] GC(161)     Total (ms):                    skipped
[44.212s][debug  ][gc,phases,ref  ] GC(161)   Notify and keep alive finalizable: 0.0ms
[44.212s][debug  ][gc,phases,ref  ] GC(161)     FinalRef (ms):                 skipped
[44.212s][debug  ][gc,phases,ref  ] GC(161)   Notify PhantomReferences: 0.0ms
[44.212s][debug  ][gc,phases,ref  ] GC(161)     PhantomRef (ms):               skipped
[44.212s][debug  ][gc,phases,ref  ] GC(161)   SoftReference:
[44.212s][debug  ][gc,phases,ref  ] GC(161)     Discovered: 0
[44.212s][debug  ][gc,phases,ref  ] GC(161)     Cleared: 0
[44.212s][debug  ][gc,phases,ref  ] GC(161)   WeakReference:
[44.212s][debug  ][gc,phases,ref  ] GC(161)     Discovered: 0
[44.212s][debug  ][gc,phases,ref  ] GC(161)     Cleared: 0
[44.212s][debug  ][gc,phases,ref  ] GC(161)   FinalReference:
[44.212s][debug  ][gc,phases,ref  ] GC(161)     Discovered: 0
[44.212s][debug  ][gc,phases,ref  ] GC(161)     Cleared: 0
[44.212s][debug  ][gc,phases,ref  ] GC(161)   PhantomReference:
[44.212s][debug  ][gc,phases,ref  ] GC(161)     Discovered: 0
[44.212s][debug  ][gc,phases,ref  ] GC(161)     Cleared: 0
[44.212s][debug  ][gc,phases      ] GC(161) Reference Processing 0.685ms
[44.212s][debug  ][gc,phases,start] GC(161) Weak Processing
[44.212s][debug  ][gc,phases      ] GC(161)   VM Weak                        Min:  0.0, Avg:  0.0, Max:  0.0, Diff:  0.0, Sum:  0.0, Workers: 6
[44.213s][debug  ][gc,phases      ] GC(161)     Dead                           Min: 0, Avg:  0.0, Max: 0, Diff: 0, Sum: 0, Workers: 6
[44.213s][debug  ][gc,phases      ] GC(161)     Total                          Min: 0, Avg:  1.3, Max: 8, Diff: 8, Sum: 8, Workers: 6
[44.213s][debug  ][gc,phases      ] GC(161)   ObjectSynchronizer Weak        Min:  0.0, Avg:  0.0, Max:  0.0, Diff:  0.0, Sum:  0.0, Workers: 6
[44.213s][debug  ][gc,phases      ] GC(161)     Dead                           Min: 0, Avg:  0.0, Max: 0, Diff: 0, Sum: 0, Workers: 6
[44.213s][debug  ][gc,phases      ] GC(161)     Total                          Min: 0, Avg:  0.5, Max: 3, Diff: 3, Sum: 3, Workers: 6
[44.213s][debug  ][gc,phases      ] GC(161)   JVMTI Tag Weak OopStorage      Min:  0.0, Avg:  0.0, Max:  0.0, Diff:  0.0, Sum:  0.0, Workers: 6
[44.213s][debug  ][gc,phases      ] GC(161)     Dead                           Min: 0, Avg:  0.0, Max: 0, Diff: 0, Sum: 0, Workers: 6
[44.213s][debug  ][gc,phases      ] GC(161)     Total                          Min: 0, Avg:  0.0, Max: 0, Diff: 0, Sum: 0, Workers: 6
[44.213s][debug  ][gc,phases      ] GC(161)   StringTable Weak               Min:  0.0, Avg:  0.0, Max:  0.0, Diff:  0.0, Sum:  0.0, Workers: 6
[44.213s][debug  ][gc,phases      ] GC(161)     Dead                           Min: 0, Avg:  0.0, Max: 0, Diff: 0, Sum: 0, Workers: 6
[44.213s][debug  ][gc,phases      ] GC(161)     Total                          Min: 639, Avg: 892.5, Max: 1152, Diff: 513, Sum: 5355, Workers: 6
[44.213s][debug  ][gc,phases      ] GC(161)   ResolvedMethodTable Weak       Min:  0.0, Avg:  0.0, Max:  0.0, Diff:  0.0, Sum:  0.0, Workers: 6
[44.213s][debug  ][gc,phases      ] GC(161)     Dead                           Min: 0, Avg:  0.0, Max: 0, Diff: 0, Sum: 0, Workers: 6
[44.213s][debug  ][gc,phases      ] GC(161)     Total                          Min: 0, Avg: 21.7, Max: 64, Diff: 64, Sum: 130, Workers: 6
[44.213s][debug  ][gc,phases      ] GC(161)   JNI Weak                       Min:  0.0, Avg:  0.0, Max:  0.0, Diff:  0.0, Sum:  0.0, Workers: 6
[44.213s][debug  ][gc,phases      ] GC(161)     Dead                           Min: 0, Avg:  0.0, Max: 0, Diff: 0, Sum: 0, Workers: 6
[44.213s][debug  ][gc,phases      ] GC(161)     Total                          Min: 0, Avg:  0.0, Max: 0, Diff: 0, Sum: 0, Workers: 6
[44.213s][debug  ][gc,phases      ] GC(161)   StringDedup Table Weak         Min:  0.0, Avg:  0.0, Max:  0.0, Diff:  0.0, Sum:  0.0, Workers: 6
[44.213s][debug  ][gc,phases      ] GC(161)     Dead                           Min: 0, Avg:  0.0, Max: 0, Diff: 0, Sum: 0, Workers: 6
[44.213s][debug  ][gc,phases      ] GC(161)     Total                          Min: 0, Avg:  0.0, Max: 0, Diff: 0, Sum: 0, Workers: 6
[44.213s][debug  ][gc,phases      ] GC(161)   StringDedup Requests0 Weak     Min:  0.0, Avg:  0.0, Max:  0.0, Diff:  0.0, Sum:  0.0, Workers: 6
[44.213s][debug  ][gc,phases      ] GC(161)     Dead                           Min: 0, Avg:  0.0, Max: 0, Diff: 0, Sum: 0, Workers: 6
[44.213s][debug  ][gc,phases      ] GC(161)     Total                          Min: 0, Avg:  0.0, Max: 0, Diff: 0, Sum: 0, Workers: 6
[44.213s][debug  ][gc,phases      ] GC(161)   StringDedup Requests1 Weak     Min:  0.0, Avg:  0.0, Max:  0.0, Diff:  0.0, Sum:  0.0, Workers: 6
[44.213s][debug  ][gc,phases      ] GC(161)     Dead                           Min: 0, Avg:  0.0, Max: 0, Diff: 0, Sum: 0, Workers: 6
[44.213s][debug  ][gc,phases      ] GC(161)     Total                          Min: 0, Avg:  0.0, Max: 0, Diff: 0, Sum: 0, Workers: 6
[44.213s][debug  ][gc,phases      ] GC(161)   Weak JFR Old Object Samples    Min:  0.0, Avg:  0.0, Max:  0.0, Diff:  0.0, Sum:  0.0, Workers: 6
[44.213s][debug  ][gc,phases      ] GC(161)     Dead                           Min: 0, Avg:  0.0, Max: 0, Diff: 0, Sum: 0, Workers: 6
[44.213s][debug  ][gc,phases      ] GC(161)     Total                          Min: 0, Avg:  0.0, Max: 0, Diff: 0, Sum: 0, Workers: 6
[44.213s][debug  ][gc,phases      ] GC(161) Weak Processing 0.989ms
[44.213s][debug  ][gc,ergo        ] GC(161) AdaptiveSizeStart:  collection: 162 
[44.213s][debug  ][gc,ergo        ] GC(161) avg_survived_padded_avg: 33126410.000000
[44.213s][debug  ][gc,ergo        ] GC(161) avg_promoted_padded_avg: 271249312.000000  avg_pretenured_padded_avg: 0.000000  tenuring_thresh: 1  target_size: 33554432
[44.213s][debug  ][gc,age         ] GC(161) Desired survivor size 33554432 bytes, new threshold 1 (max threshold 15)
[44.214s][debug  ][gc,ergo        ] GC(161) PSAdaptiveSizePolicy::compute_eden_space_size limits: desired_eden_size: 225177614 old_eden_size: 200802304 eden_limit: 201326592 cur_eden: 200802304 max_eden_size: 201326592 avg_young_live: 29480370
[44.214s][debug  ][gc,ergo        ] GC(161) PSAdaptiveSizePolicy::compute_eden_space_size: costs minor_time: 0.048737 major_cost: 0.031981 mutator_cost: 0.919282 throughput_goal: 0.990000
[44.214s][debug  ][gc,ergo        ] GC(161) Live_space: 932725888 free_space: 1771044864
[44.214s][debug  ][gc,ergo        ] GC(161) Old eden_size: 200802304 desired_eden_size: 201326592
[44.214s][debug  ][gc,ergo        ] GC(161) AdaptiveSizeStop: collection: 162 
[44.214s][info   ][gc,heap        ] GC(161) PSYoungGen: 218879K(228864K)->30720K(229376K) Eden: 188158K(196096K)->0K(196608K) From: 30720K(32768K)->30720K(32768K)
[44.214s][info   ][gc,heap        ] GC(161) ParOldGen: 1803877K(2317312K)->1906277K(2317312K)
[44.214s][info   ][gc,metaspace   ] GC(161) Metaspace: 1025K(1216K)->1025K(1216K) NonClass: 941K(1024K)->941K(1024K) Class: 83K(192K)->83K(192K)
[44.214s][info   ][gc             ] GC(161) Pause Young (Allocation Failure) 1975M->1891M(2487M) 12.478ms
[44.214s][info   ][gc,cpu         ] GC(161) User=0.09s Sys=0.00s Real=0.01s
[44.214s][debug  ][gc,heap        ] GC(161) Heap after GC invocations=162 (full 23):
[44.214s][debug  ][gc,heap        ] GC(161)  PSYoungGen      total 229376K, used 30720K [0x00000007f0000000, 0x0000000800000000, 0x0000000800000000)
[44.214s][debug  ][gc,heap        ] GC(161)   eden space 196608K, 0% used [0x00000007f0000000,0x00000007f0000000,0x00000007fc000000)
[44.214s][debug  ][gc,heap        ] GC(161)   from space 32768K, 93% used [0x00000007fe000000,0x00000007ffe00030,0x0000000800000000)
[44.214s][debug  ][gc,heap        ] GC(161)   to   space 32768K, 0% used [0x00000007fc000000,0x00000007fc000000,0x00000007fe000000)
[44.214s][debug  ][gc,heap        ] GC(161)  ParOldGen       total 2317312K, used 1906277K [0x0000000700000000, 0x000000078d700000, 0x00000007f0000000)
[44.214s][debug  ][gc,heap        ] GC(161)   object space 2317312K, 82% used [0x0000000700000000,0x0000000774599798,0x000000078d700000)
[44.214s][debug  ][gc,heap        ] GC(161)  Metaspace       used 1025K, committed 1216K, reserved 1056768K
[44.214s][debug  ][gc,heap        ] GC(161)   class space    used 83K, committed 192K, reserved 1048576K
[44.214s][debug  ][gc,task,time   ] GC(161) VM-Thread 442008952 442116814 442140787
[44.502s][debug  ][gc,heap        ] GC(162) Heap before GC invocations=163 (full 23):
[44.502s][debug  ][gc,heap        ] GC(162)  PSYoungGen      total 229376K, used 218890K [0x00000007f0000000, 0x0000000800000000, 0x0000000800000000)
[44.502s][debug  ][gc,heap        ] GC(162)   eden space 196608K, 95% used [0x00000007f0000000,0x00000007fb7c2870,0x00000007fc000000)
[44.502s][debug  ][gc,heap        ] GC(162)   from space 32768K, 93% used [0x00000007fe000000,0x00000007ffe00030,0x0000000800000000)
[44.502s][debug  ][gc,heap        ] GC(162)   to   space 32768K, 0% used [0x00000007fc000000,0x00000007fc000000,0x00000007fe000000)
[44.502s][debug  ][gc,heap        ] GC(162)  ParOldGen       total 2317312K, used 1906277K [0x0000000700000000, 0x000000078d700000, 0x00000007f0000000)
[44.502s][debug  ][gc,heap        ] GC(162)   object space 2317312K, 82% used [0x0000000700000000,0x0000000774599798,0x000000078d700000)
[44.502s][debug  ][gc,heap        ] GC(162)  Metaspace       used 1025K, committed 1216K, reserved 1056768K
[44.502s][debug  ][gc,heap        ] GC(162)   class space    used 83K, committed 192K, reserved 1048576K
[44.502s][debug  ][gc,tlab        ] GC(162) TLAB totals: thrds: 1  refills: 1 max: 1 slow allocs: 17 max 17 waste: 27.3% gc: 3942224B max: 3942224B slow: 0B max: 0B
[44.502s][info   ][gc,start       ] GC(162) Pause Young (Allocation Failure)
[44.503s][debug  ][gc,phases,start] GC(162) Scavenge
[44.517s][debug  ][gc,phases      ] GC(162) Scavenge 14.805ms
[44.517s][debug  ][gc,phases,start] GC(162) Reference Processing
[44.517s][debug  ][gc,ref         ] GC(162) Skipped phase 1 of Reference Processing: no references
[44.517s][debug  ][gc,ref         ] GC(162) Skipped phase 2 of Reference Processing: no references
[44.517s][debug  ][gc,ref         ] GC(162) Skipped phase 3 of Reference Processing: no references
[44.517s][debug  ][gc,ref         ] GC(162) Skipped phase 4 of Reference Processing: no references
[44.517s][debug  ][gc,phases,ref  ] GC(162) Reference Processing: 0.1ms
[44.518s][debug  ][gc,phases,ref  ] GC(162)   Reconsider SoftReferences: 0.0ms
[44.518s][debug  ][gc,phases,ref  ] GC(162)     SoftRef (ms):                  skipped
[44.518s][debug  ][gc,phases,ref  ] GC(162)   Notify Soft/WeakReferences: 0.0ms
[44.518s][debug  ][gc,phases,ref  ] GC(162)     SoftRef (ms):                  skipped
[44.518s][debug  ][gc,phases,ref  ] GC(162)     WeakRef (ms):                  skipped
[44.518s][debug  ][gc,phases,ref  ] GC(162)     FinalRef (ms):                 skipped
[44.518s][debug  ][gc,phases,ref  ] GC(162)     Total (ms):                    skipped
[44.518s][debug  ][gc,phases,ref  ] GC(162)   Notify and keep alive finalizable: 0.0ms
[44.518s][debug  ][gc,phases,ref  ] GC(162)     FinalRef (ms):                 skipped
[44.518s][debug  ][gc,phases,ref  ] GC(162)   Notify PhantomReferences: 0.0ms
[44.518s][debug  ][gc,phases,ref  ] GC(162)     PhantomRef (ms):               skipped
[44.518s][debug  ][gc,phases,ref  ] GC(162)   SoftReference:
[44.518s][debug  ][gc,phases,ref  ] GC(162)     Discovered: 0
[44.518s][debug  ][gc,phases,ref  ] GC(162)     Cleared: 0
[44.518s][debug  ][gc,phases,ref  ] GC(162)   WeakReference:
[44.518s][debug  ][gc,phases,ref  ] GC(162)     Discovered: 0
[44.518s][debug  ][gc,phases,ref  ] GC(162)     Cleared: 0
[44.518s][debug  ][gc,phases,ref  ] GC(162)   FinalReference:
[44.518s][debug  ][gc,phases,ref  ] GC(162)     Discovered: 0
[44.518s][debug  ][gc,phases,ref  ] GC(162)     Cleared: 0
[44.518s][debug  ][gc,phases,ref  ] GC(162)   PhantomReference:
[44.518s][debug  ][gc,phases,ref  ] GC(162)     Discovered: 0
[44.518s][debug  ][gc,phases,ref  ] GC(162)     Cleared: 0
[44.518s][debug  ][gc,phases      ] GC(162) Reference Processing 0.576ms
[44.518s][debug  ][gc,phases,start] GC(162) Weak Processing
[44.518s][debug  ][gc,phases      ] GC(162)   VM Weak                        Min:  0.0, Avg:  0.0, Max:  0.0, Diff:  0.0, Sum:  0.0, Workers: 6
[44.518s][debug  ][gc,phases      ] GC(162)     Dead                           Min: 0, Avg:  0.0, Max: 0, Diff: 0, Sum: 0, Workers: 6
[44.518s][debug  ][gc,phases      ] GC(162)     Total                          Min: 0, Avg:  1.3, Max: 8, Diff: 8, Sum: 8, Workers: 6
[44.518s][debug  ][gc,phases      ] GC(162)   ObjectSynchronizer Weak        Min:  0.0, Avg:  0.0, Max:  0.0, Diff:  0.0, Sum:  0.0, Workers: 6
[44.518s][debug  ][gc,phases      ] GC(162)     Dead                           Min: 0, Avg:  0.0, Max: 0, Diff: 0, Sum: 0, Workers: 6
[44.518s][debug  ][gc,phases      ] GC(162)     Total                          Min: 0, Avg:  0.5, Max: 3, Diff: 3, Sum: 3, Workers: 6
[44.518s][debug  ][gc,phases      ] GC(162)   JVMTI Tag Weak OopStorage      Min:  0.0, Avg:  0.0, Max:  0.0, Diff:  0.0, Sum:  0.0, Workers: 6
[44.518s][debug  ][gc,phases      ] GC(162)     Dead                           Min: 0, Avg:  0.0, Max: 0, Diff: 0, Sum: 0, Workers: 6
[44.518s][debug  ][gc,phases      ] GC(162)     Total                          Min: 0, Avg:  0.0, Max: 0, Diff: 0, Sum: 0, Workers: 6
[44.518s][debug  ][gc,phases      ] GC(162)   StringTable Weak               Min:  0.0, Avg:  0.0, Max:  0.0, Diff:  0.0, Sum:  0.0, Workers: 6
[44.518s][debug  ][gc,phases      ] GC(162)     Dead                           Min: 0, Avg:  0.0, Max: 0, Diff: 0, Sum: 0, Workers: 6
[44.518s][debug  ][gc,phases      ] GC(162)     Total                          Min: 640, Avg: 892.5, Max: 1088, Diff: 448, Sum: 5355, Workers: 6
[44.518s][debug  ][gc,phases      ] GC(162)   ResolvedMethodTable Weak       Min:  0.0, Avg:  0.0, Max:  0.0, Diff:  0.0, Sum:  0.0, Workers: 6
[44.518s][debug  ][gc,phases      ] GC(162)     Dead                           Min: 0, Avg:  0.0, Max: 0, Diff: 0, Sum: 0, Workers: 6
[44.518s][debug  ][gc,phases      ] GC(162)     Total                          Min: 0, Avg: 21.7, Max: 64, Diff: 64, Sum: 130, Workers: 6
[44.518s][debug  ][gc,phases      ] GC(162)   JNI Weak                       Min:  0.0, Avg:  0.0, Max:  0.0, Diff:  0.0, Sum:  0.0, Workers: 6
[44.518s][debug  ][gc,phases      ] GC(162)     Dead                           Min: 0, Avg:  0.0, Max: 0, Diff: 0, Sum: 0, Workers: 6
[44.518s][debug  ][gc,phases      ] GC(162)     Total                          Min: 0, Avg:  0.0, Max: 0, Diff: 0, Sum: 0, Workers: 6
[44.518s][debug  ][gc,phases      ] GC(162)   StringDedup Table Weak         Min:  0.0, Avg:  0.0, Max:  0.0, Diff:  0.0, Sum:  0.0, Workers: 6
[44.518s][debug  ][gc,phases      ] GC(162)     Dead                           Min: 0, Avg:  0.0, Max: 0, Diff: 0, Sum: 0, Workers: 6
[44.518s][debug  ][gc,phases      ] GC(162)     Total                          Min: 0, Avg:  0.0, Max: 0, Diff: 0, Sum: 0, Workers: 6
[44.518s][debug  ][gc,phases      ] GC(162)   StringDedup Requests0 Weak     Min:  0.0, Avg:  0.0, Max:  0.0, Diff:  0.0, Sum:  0.0, Workers: 6
[44.518s][debug  ][gc,phases      ] GC(162)     Dead                           Min: 0, Avg:  0.0, Max: 0, Diff: 0, Sum: 0, Workers: 6
[44.519s][debug  ][gc,phases      ] GC(162)     Total                          Min: 0, Avg:  0.0, Max: 0, Diff: 0, Sum: 0, Workers: 6
[44.519s][debug  ][gc,phases      ] GC(162)   StringDedup Requests1 Weak     Min:  0.0, Avg:  0.0, Max:  0.0, Diff:  0.0, Sum:  0.0, Workers: 6
[44.519s][debug  ][gc,phases      ] GC(162)     Dead                           Min: 0, Avg:  0.0, Max: 0, Diff: 0, Sum: 0, Workers: 6
[44.519s][debug  ][gc,phases      ] GC(162)     Total                          Min: 0, Avg:  0.0, Max: 0, Diff: 0, Sum: 0, Workers: 6
[44.519s][debug  ][gc,phases      ] GC(162)   Weak JFR Old Object Samples    Min:  0.0, Avg:  0.0, Max:  0.0, Diff:  0.0, Sum:  0.0, Workers: 6
[44.519s][debug  ][gc,phases      ] GC(162)     Dead                           Min: 0, Avg:  0.0, Max: 0, Diff: 0, Sum: 0, Workers: 6
[44.519s][debug  ][gc,phases      ] GC(162)     Total                          Min: 0, Avg:  0.0, Max: 0, Diff: 0, Sum: 0, Workers: 6
[44.519s][debug  ][gc,phases      ] GC(162) Weak Processing 0.667ms
[44.519s][debug  ][gc,ergo        ] GC(162) AdaptiveSizeStart:  collection: 163 
[44.519s][debug  ][gc,ergo        ] GC(162) avg_survived_padded_avg: 32998610.000000
[44.519s][debug  ][gc,ergo        ] GC(162) avg_promoted_padded_avg: 270583360.000000  avg_pretenured_padded_avg: 0.000000  tenuring_thresh: 1  target_size: 33030144
[44.519s][debug  ][gc,age         ] GC(162) Desired survivor size 33030144 bytes, new threshold 1 (max threshold 15)
[44.519s][debug  ][gc,ergo        ] GC(162) PSAdaptiveSizePolicy::compute_eden_space_size limits: desired_eden_size: 225908544 old_eden_size: 201326592 eden_limit: 201326592 cur_eden: 201326592 max_eden_size: 201326592 avg_young_live: 29678066
[44.519s][debug  ][gc,ergo        ] GC(162) PSAdaptiveSizePolicy::compute_eden_space_size: costs minor_time: 0.049794 major_cost: 0.031981 mutator_cost: 0.918225 throughput_goal: 0.990000
[44.519s][debug  ][gc,ergo        ] GC(162) Live_space: 932923584 free_space: 1771569152
[44.519s][debug  ][gc,ergo        ] GC(162) Old eden_size: 201326592 desired_eden_size: 201326592
[44.519s][debug  ][gc,ergo        ] GC(162) AdaptiveSizeStop: collection: 163 
[44.519s][info   ][gc,heap        ] GC(162) PSYoungGen: 218890K(229376K)->30720K(229376K) Eden: 188170K(196608K)->0K(196608K) From: 30720K(32768K)->30720K(32768K)
[44.519s][info   ][gc,heap        ] GC(162) ParOldGen: 1906277K(2317312K)->2090598K(2317312K)
[44.519s][info   ][gc,metaspace   ] GC(162) Metaspace: 1025K(1216K)->1025K(1216K) NonClass: 941K(1024K)->941K(1024K) Class: 83K(192K)->83K(192K)
[44.519s][info   ][gc             ] GC(162) Pause Young (Allocation Failure) 2075M->2071M(2487M) 16.473ms
[44.519s][info   ][gc,cpu         ] GC(162) User=0.16s Sys=0.00s Real=0.02s
[44.519s][debug  ][gc,heap        ] GC(162) Heap after GC invocations=163 (full 23):
[44.519s][debug  ][gc,heap        ] GC(162)  PSYoungGen      total 229376K, used 30720K [0x00000007f0000000, 0x0000000800000000, 0x0000000800000000)
[44.519s][debug  ][gc,heap        ] GC(162)   eden space 196608K, 0% used [0x00000007f0000000,0x00000007f0000000,0x00000007fc000000)
[44.519s][debug  ][gc,heap        ] GC(162)   from space 32768K, 93% used [0x00000007fc000000,0x00000007fde00030,0x00000007fe000000)
[44.519s][debug  ][gc,heap        ] GC(162)   to   space 32256K, 0% used [0x00000007fe080000,0x00000007fe080000,0x0000000800000000)
[44.519s][debug  ][gc,heap        ] GC(162)  ParOldGen       total 2317312K, used 2090598K [0x0000000700000000, 0x000000078d700000, 0x00000007f0000000)
[44.519s][debug  ][gc,heap        ] GC(162)   object space 2317312K, 90% used [0x0000000700000000,0x000000077f9998b8,0x000000078d700000)
[44.519s][debug  ][gc,heap        ] GC(162)  Metaspace       used 1025K, committed 1216K, reserved 1056768K
[44.519s][debug  ][gc,heap        ] GC(162)   class space    used 83K, committed 192K, reserved 1048576K
[44.519s][debug  ][gc,task,time   ] GC(162) VM-Thread 445020276 445173806 445191737
[44.519s][debug  ][gc,phases,start] GC(163) Pre Compact
[44.519s][debug  ][gc,heap        ] GC(163) Heap before GC invocations=164 (full 24):
[44.519s][debug  ][gc,heap        ] GC(163)  PSYoungGen      total 229376K, used 30720K [0x00000007f0000000, 0x0000000800000000, 0x0000000800000000)
[44.519s][debug  ][gc,heap        ] GC(163)   eden space 196608K, 0% used [0x00000007f0000000,0x00000007f0000000,0x00000007fc000000)
[44.519s][debug  ][gc,heap        ] GC(163)   from space 32768K, 93% used [0x00000007fc000000,0x00000007fde00030,0x00000007fe000000)
[44.519s][debug  ][gc,heap        ] GC(163)   to   space 32256K, 0% used [0x00000007fe080000,0x00000007fe080000,0x0000000800000000)
[44.519s][debug  ][gc,heap        ] GC(163)  ParOldGen       total 2317312K, used 2090598K [0x0000000700000000, 0x000000078d700000, 0x00000007f0000000)
[44.519s][debug  ][gc,heap        ] GC(163)   object space 2317312K, 90% used [0x0000000700000000,0x000000077f9998b8,0x000000078d700000)
[44.519s][debug  ][gc,heap        ] GC(163)  Metaspace       used 1025K, committed 1216K, reserved 1056768K
[44.519s][debug  ][gc,heap        ] GC(163)   class space    used 83K, committed 192K, reserved 1048576K
[44.519s][debug  ][gc,phases      ] GC(163) Pre Compact 0.200ms
[44.519s][info   ][gc,start       ] GC(163) Pause Full (Ergonomics)
[44.519s][info   ][gc,phases,start] GC(163) Marking Phase
[44.519s][debug  ][gc,phases,start] GC(163) Par Mark
[44.520s][debug  ][gc,phases      ] GC(163) Par Mark 0.514ms
[44.520s][debug  ][gc,phases,start] GC(163) Reference Processing
[44.520s][debug  ][gc,ref         ] GC(163) Skipped phase 1 of Reference Processing: no references
[44.520s][debug  ][gc,ref         ] GC(163) ReferenceProcessor::execute queues: 1, RefProcThreadModel::Single, marks_oops_alive: false
[44.520s][debug  ][gc,ref         ] GC(163) Skipped phase 3 of Reference Processing: no references
[44.520s][debug  ][gc,ref         ] GC(163) ReferenceProcessor::execute queues: 1, RefProcThreadModel::Single, marks_oops_alive: false
[44.520s][debug  ][gc,phases,ref  ] GC(163) Reference Processing: 0.1ms
[44.520s][debug  ][gc,phases,ref  ] GC(163)   Reconsider SoftReferences: 0.0ms
[44.520s][debug  ][gc,phases,ref  ] GC(163)     SoftRef (ms):                  skipped
[44.520s][debug  ][gc,phases,ref  ] GC(163)   Notify Soft/WeakReferences: 0.0ms
[44.520s][debug  ][gc,phases,ref  ] GC(163)     SoftRef (ms):                  Min:  0.0, Avg:  0.0, Max:  0.0, Diff:  0.0, Sum:  0.0, Workers: 10
[44.520s][debug  ][gc,phases,ref  ] GC(163)     WeakRef (ms):                  Min:  0.0, Avg:  0.0, Max:  0.0, Diff:  0.0, Sum:  0.0, Workers: 10
[44.520s][debug  ][gc,phases,ref  ] GC(163)     FinalRef (ms):                 Min:  0.0, Avg:  0.0, Max:  0.0, Diff:  0.0, Sum:  0.0, Workers: 10
[44.520s][debug  ][gc,phases,ref  ] GC(163)     Total (ms):                    Min:  0.0, Avg:  0.0, Max:  0.0, Diff:  0.0, Sum:  0.0, Workers: 10
[44.520s][debug  ][gc,phases,ref  ] GC(163)   Notify and keep alive finalizable: 0.0ms
[44.520s][debug  ][gc,phases,ref  ] GC(163)     FinalRef (ms):                 skipped
[44.520s][debug  ][gc,phases,ref  ] GC(163)   Notify PhantomReferences: 0.0ms
[44.520s][debug  ][gc,phases,ref  ] GC(163)     PhantomRef (ms):               Min:  0.0, Avg:  0.0, Max:  0.0, Diff:  0.0, Sum:  0.0, Workers: 10
[44.520s][debug  ][gc,phases,ref  ] GC(163)   SoftReference:
[44.520s][debug  ][gc,phases,ref  ] GC(163)     Discovered: 0
[44.520s][debug  ][gc,phases,ref  ] GC(163)     Cleared: 0
[44.521s][debug  ][gc,phases,ref  ] GC(163)   WeakReference:
[44.521s][debug  ][gc,phases,ref  ] GC(163)     Discovered: 76
[44.521s][debug  ][gc,phases,ref  ] GC(163)     Cleared: 76
[44.521s][debug  ][gc,phases,ref  ] GC(163)   FinalReference:
[44.521s][debug  ][gc,phases,ref  ] GC(163)     Discovered: 0
[44.521s][debug  ][gc,phases,ref  ] GC(163)     Cleared: 0
[44.521s][debug  ][gc,phases,ref  ] GC(163)   PhantomReference:
[44.521s][debug  ][gc,phases,ref  ] GC(163)     Discovered: 5
[44.521s][debug  ][gc,phases,ref  ] GC(163)     Cleared: 5
[44.521s][debug  ][gc,phases      ] GC(163) Reference Processing 0.653ms
[44.521s][debug  ][gc,phases,start] GC(163) Weak Processing
[44.521s][debug  ][gc,phases      ] GC(163)   VM Weak                        Min:  0.0, Avg:  0.0, Max:  0.0, Diff:  0.0, Sum:  0.0, Workers: 6
[44.521s][debug  ][gc,phases      ] GC(163)     Dead                           Min: 0, Avg:  0.0, Max: 0, Diff: 0, Sum: 0, Workers: 6
[44.521s][debug  ][gc,phases      ] GC(163)     Total                          Min: 0, Avg:  1.3, Max: 8, Diff: 8, Sum: 8, Workers: 6
[44.521s][debug  ][gc,phases      ] GC(163)   ObjectSynchronizer Weak        Min:  0.0, Avg:  0.0, Max:  0.0, Diff:  0.0, Sum:  0.0, Workers: 6
[44.521s][debug  ][gc,phases      ] GC(163)     Dead                           Min: 0, Avg:  0.0, Max: 0, Diff: 0, Sum: 0, Workers: 6
[44.521s][debug  ][gc,phases      ] GC(163)     Total                          Min: 0, Avg:  0.5, Max: 3, Diff: 3, Sum: 3, Workers: 6
[44.521s][debug  ][gc,phases      ] GC(163)   JVMTI Tag Weak OopStorage      Min:  0.0, Avg:  0.0, Max:  0.0, Diff:  0.0, Sum:  0.0, Workers: 6
[44.521s][debug  ][gc,phases      ] GC(163)     Dead                           Min: 0, Avg:  0.0, Max: 0, Diff: 0, Sum: 0, Workers: 6
[44.521s][debug  ][gc,phases      ] GC(163)     Total                          Min: 0, Avg:  0.0, Max: 0, Diff: 0, Sum: 0, Workers: 6
[44.521s][debug  ][gc,phases      ] GC(163)   StringTable Weak               Min:  0.0, Avg:  0.0, Max:  0.0, Diff:  0.0, Sum:  0.0, Workers: 6
[44.521s][debug  ][gc,phases      ] GC(163)     Dead                           Min: 0, Avg:  0.0, Max: 0, Diff: 0, Sum: 0, Workers: 6
[44.521s][debug  ][gc,phases      ] GC(163)     Total                          Min: 639, Avg: 892.5, Max: 960, Diff: 321, Sum: 5355, Workers: 6
[44.521s][debug  ][gc,phases      ] GC(163)   ResolvedMethodTable Weak       Min:  0.0, Avg:  0.0, Max:  0.0, Diff:  0.0, Sum:  0.0, Workers: 6
[44.521s][debug  ][gc,phases      ] GC(163)     Dead                           Min: 0, Avg:  0.0, Max: 0, Diff: 0, Sum: 0, Workers: 6
[44.521s][debug  ][gc,phases      ] GC(163)     Total                          Min: 0, Avg: 21.7, Max: 64, Diff: 64, Sum: 130, Workers: 6
[44.521s][debug  ][gc,phases      ] GC(163)   JNI Weak                       Min:  0.0, Avg:  0.0, Max:  0.0, Diff:  0.0, Sum:  0.0, Workers: 6
[44.521s][debug  ][gc,phases      ] GC(163)     Dead                           Min: 0, Avg:  0.0, Max: 0, Diff: 0, Sum: 0, Workers: 6
[44.521s][debug  ][gc,phases      ] GC(163)     Total                          Min: 0, Avg:  0.0, Max: 0, Diff: 0, Sum: 0, Workers: 6
[44.521s][debug  ][gc,phases      ] GC(163)   StringDedup Table Weak         Min:  0.0, Avg:  0.0, Max:  0.0, Diff:  0.0, Sum:  0.0, Workers: 6
[44.521s][debug  ][gc,phases      ] GC(163)     Dead                           Min: 0, Avg:  0.0, Max: 0, Diff: 0, Sum: 0, Workers: 6
[44.521s][debug  ][gc,phases      ] GC(163)     Total                          Min: 0, Avg:  0.0, Max: 0, Diff: 0, Sum: 0, Workers: 6
[44.521s][debug  ][gc,phases      ] GC(163)   StringDedup Requests0 Weak     Min:  0.0, Avg:  0.0, Max:  0.0, Diff:  0.0, Sum:  0.0, Workers: 6
[44.521s][debug  ][gc,phases      ] GC(163)     Dead                           Min: 0, Avg:  0.0, Max: 0, Diff: 0, Sum: 0, Workers: 6
[44.521s][debug  ][gc,phases      ] GC(163)     Total                          Min: 0, Avg:  0.0, Max: 0, Diff: 0, Sum: 0, Workers: 6
[44.521s][debug  ][gc,phases      ] GC(163)   StringDedup Requests1 Weak     Min:  0.0, Avg:  0.0, Max:  0.0, Diff:  0.0, Sum:  0.0, Workers: 6
[44.521s][debug  ][gc,phases      ] GC(163)     Dead                           Min: 0, Avg:  0.0, Max: 0, Diff: 0, Sum: 0, Workers: 6
[44.521s][debug  ][gc,phases      ] GC(163)     Total                          Min: 0, Avg:  0.0, Max: 0, Diff: 0, Sum: 0, Workers: 6
[44.521s][debug  ][gc,phases      ] GC(163)   Weak JFR Old Object Samples    Min:  0.0, Avg:  0.0, Max:  0.0, Diff:  0.0, Sum:  0.0, Workers: 6
[44.521s][debug  ][gc,phases      ] GC(163)     Dead                           Min: 0, Avg:  0.0, Max: 0, Diff: 0, Sum: 0, Workers: 6
[44.521s][debug  ][gc,phases      ] GC(163)     Total                          Min: 0, Avg:  0.0, Max: 0, Diff: 0, Sum: 0, Workers: 6
[44.521s][debug  ][gc,phases      ] GC(163) Weak Processing 0.679ms
[44.521s][debug  ][gc,phases,start] GC(163) Class Unloading
[44.521s][debug  ][gc,phases,start] GC(163) ClassLoaderData
[44.521s][debug  ][gc,phases      ] GC(163) ClassLoaderData 0.019ms
[44.521s][debug  ][gc,phases,start] GC(163) Trigger cleanups
[44.521s][debug  ][gc,phases      ] GC(163) Trigger cleanups 0.019ms
[44.522s][debug  ][gc,phases      ] GC(163) Class Unloading 0.252ms
[44.522s][info   ][gc,phases      ] GC(163) Marking Phase 2.225ms
[44.522s][info   ][gc,phases,start] GC(163) Summary Phase
[44.522s][info   ][gc,phases      ] GC(163) Summary Phase 0.035ms
[44.522s][info   ][gc,phases,start] GC(163) Adjust Roots
[44.522s][info   ][gc,phases      ] GC(163) Adjust Roots 0.134ms
[44.522s][info   ][gc,phases,start] GC(163) Compaction Phase
[44.557s][info   ][gc,phases      ] GC(163) Compaction Phase 35.508ms
[44.558s][info   ][gc,phases,start] GC(163) Post Compact
[44.564s][info   ][gc,phases      ] GC(163) Post Compact 6.773ms
[44.564s][debug  ][gc,ergo        ] GC(163) AdaptiveSizeStart: collection: 164 
[44.564s][debug  ][gc,ergo        ] GC(163) PSAdaptiveSizePolicy::compute_eden_space_size limits: desired_eden_size: 227282611 old_eden_size: 201326592 eden_limit: 201850880 cur_eden: 201326592 max_eden_size: 201850880 avg_young_live: 26710260
[44.564s][debug  ][gc,ergo        ] GC(163) PSAdaptiveSizePolicy::compute_eden_space_size: costs minor_time: 0.049794 major_cost: 0.027652 mutator_cost: 0.922554 throughput_goal: 0.990000
[44.564s][debug  ][gc,ergo        ] GC(163) Live_space: 929955776 free_space: 1771569152
[44.565s][debug  ][gc,ergo        ] GC(163) Old eden_size: 201326592 desired_eden_size: 201850880
[44.565s][debug  ][gc,ergo        ] GC(163) PSAdaptiveSizePolicy::compute_old_gen_free_space: costs minor_time: 0.049794 major_cost: 0.027652  mutator_cost: 0.922554 throughput_goal: 0.990000
[44.565s][debug  ][gc,ergo        ] GC(163) Live_space: 899148096 free_space: 1772093440
[44.565s][debug  ][gc,ergo        ] GC(163) Old promo_size: 1570242560 desired_promo_size: 1682440192
[44.570s][debug  ][gc             ] GC(163) Shrinking ParOldGen from 2317312K by 90624K to 2226688K
[44.570s][debug  ][gc,ergo        ] GC(163) AdaptiveSizeStop: collection: 164 
[44.570s][info   ][gc,heap        ] GC(163) PSYoungGen: 30720K(229376K)->0K(229888K) Eden: 0K(196608K)->0K(197632K) From: 30720K(32768K)->0K(32256K)
[44.570s][info   ][gc,heap        ] GC(163) ParOldGen: 2090598K(2317312K)->319075K(2226688K)
[44.570s][info   ][gc,metaspace   ] GC(163) Metaspace: 1025K(1216K)->1025K(1216K) NonClass: 941K(1024K)->941K(1024K) Class: 83K(192K)->83K(192K)
[44.570s][info   ][gc             ] GC(163) Pause Full (Ergonomics) 2071M->311M(2399M) 50.331ms
[44.570s][info   ][gc,cpu         ] GC(163) User=0.25s Sys=0.03s Real=0.05s
[44.570s][debug  ][gc,heap        ] GC(163) Heap after GC invocations=164 (full 24):
[44.570s][debug  ][gc,heap        ] GC(163)  PSYoungGen      total 229888K, used 0K [0x00000007f0000000, 0x0000000800000000, 0x0000000800000000)
[44.570s][debug  ][gc,heap        ] GC(163)   eden space 197632K, 0% used [0x00000007f0000000,0x00000007f0000000,0x00000007fc100000)
[44.570s][debug  ][gc,heap        ] GC(163)   from space 32256K, 0% used [0x00000007fe080000,0x00000007fe080000,0x0000000800000000)
[44.570s][debug  ][gc,heap        ] GC(163)   to   space 32256K, 0% used [0x00000007fc100000,0x00000007fc100000,0x00000007fe080000)
[44.570s][debug  ][gc,heap        ] GC(163)  ParOldGen       total 2226688K, used 319075K [0x0000000700000000, 0x0000000787e80000, 0x00000007f0000000)
[44.570s][debug  ][gc,heap        ] GC(163)   object space 2226688K, 14% used [0x0000000700000000,0x0000000713798de8,0x0000000787e80000)
[44.570s][debug  ][gc,heap        ] GC(163)  Metaspace       used 1025K, committed 1216K, reserved 1056768K
[44.570s][debug  ][gc,heap        ] GC(163)   class space    used 83K, committed 192K, reserved 1048576K
[44.570s][debug  ][gc,task,time   ] GC(163) VM-Thread 445194406 445219212 445698013
[44.852s][debug  ][gc,heap        ] GC(164) Heap before GC invocations=165 (full 24):
[44.852s][debug  ][gc,heap        ] GC(164)  PSYoungGen      total 229888K, used 188190K [0x00000007f0000000, 0x0000000800000000, 0x0000000800000000)
[44.852s][debug  ][gc,heap        ] GC(164)   eden space 197632K, 95% used [0x00000007f0000000,0x00000007fb7c7b50,0x00000007fc100000)
[44.852s][debug  ][gc,heap        ] GC(164)   from space 32256K, 0% used [0x00000007fe080000,0x00000007fe080000,0x0000000800000000)
[44.852s][debug  ][gc,heap        ] GC(164)   to   space 32256K, 0% used [0x00000007fc100000,0x00000007fc100000,0x00000007fe080000)
[44.852s][debug  ][gc,heap        ] GC(164)  ParOldGen       total 2226688K, used 319075K [0x0000000700000000, 0x0000000787e80000, 0x00000007f0000000)
[44.852s][debug  ][gc,heap        ] GC(164)   object space 2226688K, 14% used [0x0000000700000000,0x0000000713798de8,0x0000000787e80000)
[44.852s][debug  ][gc,heap        ] GC(164)  Metaspace       used 1025K, committed 1216K, reserved 1056768K
[44.852s][debug  ][gc,heap        ] GC(164)   class space    used 83K, committed 192K, reserved 1048576K
[44.852s][debug  ][gc,tlab        ] GC(164) TLAB totals: thrds: 1  refills: 1 max: 1 slow allocs: 17 max 17 waste: 27.4% gc: 3963440B max: 3963440B slow: 0B max: 0B
[44.852s][info   ][gc,start       ] GC(164) Pause Young (Allocation Failure)
[44.852s][debug  ][gc,phases,start] GC(164) Scavenge
[44.865s][debug  ][gc,phases      ] GC(164) Scavenge 12.843ms
[44.865s][debug  ][gc,phases,start] GC(164) Reference Processing
[44.865s][debug  ][gc,ref         ] GC(164) Skipped phase 1 of Reference Processing: no references
[44.865s][debug  ][gc,ref         ] GC(164) Skipped phase 2 of Reference Processing: no references
[44.865s][debug  ][gc,ref         ] GC(164) Skipped phase 3 of Reference Processing: no references
[44.865s][debug  ][gc,ref         ] GC(164) Skipped phase 4 of Reference Processing: no references
[44.865s][debug  ][gc,phases,ref  ] GC(164) Reference Processing: 0.1ms
[44.865s][debug  ][gc,phases,ref  ] GC(164)   Reconsider SoftReferences: 0.0ms
[44.865s][debug  ][gc,phases,ref  ] GC(164)     SoftRef (ms):                  skipped
[44.865s][debug  ][gc,phases,ref  ] GC(164)   Notify Soft/WeakReferences: 0.0ms
[44.865s][debug  ][gc,phases,ref  ] GC(164)     SoftRef (ms):                  skipped
[44.865s][debug  ][gc,phases,ref  ] GC(164)     WeakRef (ms):                  skipped
[44.865s][debug  ][gc,phases,ref  ] GC(164)     FinalRef (ms):                 skipped
[44.865s][debug  ][gc,phases,ref  ] GC(164)     Total (ms):                    skipped
[44.865s][debug  ][gc,phases,ref  ] GC(164)   Notify and keep alive finalizable: 0.0ms
[44.865s][debug  ][gc,phases,ref  ] GC(164)     FinalRef (ms):                 skipped
[44.865s][debug  ][gc,phases,ref  ] GC(164)   Notify PhantomReferences: 0.0ms
[44.865s][debug  ][gc,phases,ref  ] GC(164)     PhantomRef (ms):               skipped
[44.865s][debug  ][gc,phases,ref  ] GC(164)   SoftReference:
[44.865s][debug  ][gc,phases,ref  ] GC(164)     Discovered: 0
[44.865s][debug  ][gc,phases,ref  ] GC(164)     Cleared: 0
[44.865s][debug  ][gc,phases,ref  ] GC(164)   WeakReference:
[44.866s][debug  ][gc,phases,ref  ] GC(164)     Discovered: 0
[44.866s][debug  ][gc,phases,ref  ] GC(164)     Cleared: 0
[44.866s][debug  ][gc,phases,ref  ] GC(164)   FinalReference:
[44.866s][debug  ][gc,phases,ref  ] GC(164)     Discovered: 0
[44.866s][debug  ][gc,phases,ref  ] GC(164)     Cleared: 0
[44.866s][debug  ][gc,phases,ref  ] GC(164)   PhantomReference:
[44.866s][debug  ][gc,phases,ref  ] GC(164)     Discovered: 0
[44.866s][debug  ][gc,phases,ref  ] GC(164)     Cleared: 0
[44.866s][debug  ][gc,phases      ] GC(164) Reference Processing 0.695ms
[44.866s][debug  ][gc,phases,start] GC(164) Weak Processing
[44.866s][debug  ][gc,phases      ] GC(164)   VM Weak                        Min:  0.0, Avg:  0.0, Max:  0.0, Diff:  0.0, Sum:  0.0, Workers: 6
[44.866s][debug  ][gc,phases      ] GC(164)     Dead                           Min: 0, Avg:  0.0, Max: 0, Diff: 0, Sum: 0, Workers: 6
[44.866s][debug  ][gc,phases      ] GC(164)     Total                          Min: 0, Avg:  1.3, Max: 8, Diff: 8, Sum: 8, Workers: 6
[44.866s][debug  ][gc,phases      ] GC(164)   ObjectSynchronizer Weak        Min:  0.0, Avg:  0.0, Max:  0.0, Diff:  0.0, Sum:  0.0, Workers: 6
[44.866s][debug  ][gc,phases      ] GC(164)     Dead                           Min: 0, Avg:  0.0, Max: 0, Diff: 0, Sum: 0, Workers: 6
[44.866s][debug  ][gc,phases      ] GC(164)     Total                          Min: 0, Avg:  0.5, Max: 3, Diff: 3, Sum: 3, Workers: 6
[44.866s][debug  ][gc,phases      ] GC(164)   JVMTI Tag Weak OopStorage      Min:  0.0, Avg:  0.0, Max:  0.0, Diff:  0.0, Sum:  0.0, Workers: 6
[44.866s][debug  ][gc,phases      ] GC(164)     Dead                           Min: 0, Avg:  0.0, Max: 0, Diff: 0, Sum: 0, Workers: 6
[44.866s][debug  ][gc,phases      ] GC(164)     Total                          Min: 0, Avg:  0.0, Max: 0, Diff: 0, Sum: 0, Workers: 6
[44.866s][debug  ][gc,phases      ] GC(164)   StringTable Weak               Min:  0.0, Avg:  0.0, Max:  0.0, Diff:  0.0, Sum:  0.0, Workers: 6
[44.866s][debug  ][gc,phases      ] GC(164)     Dead                           Min: 0, Avg:  0.0, Max: 0, Diff: 0, Sum: 0, Workers: 6
[44.866s][debug  ][gc,phases      ] GC(164)     Total                          Min: 619, Avg: 892.5, Max: 1152, Diff: 533, Sum: 5355, Workers: 6
[44.866s][debug  ][gc,phases      ] GC(164)   ResolvedMethodTable Weak       Min:  0.0, Avg:  0.0, Max:  0.0, Diff:  0.0, Sum:  0.0, Workers: 6
[44.866s][debug  ][gc,phases      ] GC(164)     Dead                           Min: 0, Avg:  0.0, Max: 0, Diff: 0, Sum: 0, Workers: 6
[44.866s][debug  ][gc,phases      ] GC(164)     Total                          Min: 0, Avg: 21.7, Max: 64, Diff: 64, Sum: 130, Workers: 6
[44.866s][debug  ][gc,phases      ] GC(164)   JNI Weak                       Min:  0.0, Avg:  0.0, Max:  0.0, Diff:  0.0, Sum:  0.0, Workers: 6
[44.866s][debug  ][gc,phases      ] GC(164)     Dead                           Min: 0, Avg:  0.0, Max: 0, Diff: 0, Sum: 0, Workers: 6
[44.866s][debug  ][gc,phases      ] GC(164)     Total                          Min: 0, Avg:  0.0, Max: 0, Diff: 0, Sum: 0, Workers: 6
[44.866s][debug  ][gc,phases      ] GC(164)   StringDedup Table Weak         Min:  0.0, Avg:  0.0, Max:  0.0, Diff:  0.0, Sum:  0.0, Workers: 6
[44.866s][debug  ][gc,phases      ] GC(164)     Dead                           Min: 0, Avg:  0.0, Max: 0, Diff: 0, Sum: 0, Workers: 6
[44.866s][debug  ][gc,phases      ] GC(164)     Total                          Min: 0, Avg:  0.0, Max: 0, Diff: 0, Sum: 0, Workers: 6
[44.866s][debug  ][gc,phases      ] GC(164)   StringDedup Requests0 Weak     Min:  0.0, Avg:  0.0, Max:  0.0, Diff:  0.0, Sum:  0.0, Workers: 6
[44.866s][debug  ][gc,phases      ] GC(164)     Dead                           Min: 0, Avg:  0.0, Max: 0, Diff: 0, Sum: 0, Workers: 6
[44.866s][debug  ][gc,phases      ] GC(164)     Total                          Min: 0, Avg:  0.0, Max: 0, Diff: 0, Sum: 0, Workers: 6
[44.866s][debug  ][gc,phases      ] GC(164)   StringDedup Requests1 Weak     Min:  0.0, Avg:  0.0, Max:  0.0, Diff:  0.0, Sum:  0.0, Workers: 6
[44.866s][debug  ][gc,phases      ] GC(164)     Dead                           Min: 0, Avg:  0.0, Max: 0, Diff: 0, Sum: 0, Workers: 6
[44.866s][debug  ][gc,phases      ] GC(164)     Total                          Min: 0, Avg:  0.0, Max: 0, Diff: 0, Sum: 0, Workers: 6
[44.866s][debug  ][gc,phases      ] GC(164)   Weak JFR Old Object Samples    Min:  0.0, Avg:  0.0, Max:  0.0, Diff:  0.0, Sum:  0.0, Workers: 6
[44.866s][debug  ][gc,phases      ] GC(164)     Dead                           Min: 0, Avg:  0.0, Max: 0, Diff: 0, Sum: 0, Workers: 6
[44.866s][debug  ][gc,phases      ] GC(164)     Total                          Min: 0, Avg:  0.0, Max: 0, Diff: 0, Sum: 0, Workers: 6
[44.867s][debug  ][gc,phases      ] GC(164) Weak Processing 0.787ms
[44.867s][debug  ][gc,ergo        ] GC(164) AdaptiveSizeStart:  collection: 165 
[44.867s][debug  ][gc,ergo        ] GC(164) avg_survived_padded_avg: 32879680.000000
[44.867s][debug  ][gc,ergo        ] GC(164) avg_promoted_padded_avg: 260921056.000000  avg_pretenured_padded_avg: 0.000000  tenuring_thresh: 1  target_size: 33030144
[44.867s][debug  ][gc,age         ] GC(164) Desired survivor size 33030144 bytes, new threshold 1 (max threshold 15)
[44.867s][debug  ][gc,ergo        ] GC(164) PSAdaptiveSizePolicy::compute_eden_space_size limits: desired_eden_size: 228270561 old_eden_size: 201850880 eden_limit: 202375168 cur_eden: 202375168 max_eden_size: 202375168 avg_young_live: 27184966
[44.867s][debug  ][gc,ergo        ] GC(164) PSAdaptiveSizePolicy::compute_eden_space_size: costs minor_time: 0.047740 major_cost: 0.027652 mutator_cost: 0.924608 throughput_goal: 0.990000
[44.867s][debug  ][gc,ergo        ] GC(164) Live_space: 899622784 free_space: 1884291072
[44.867s][debug  ][gc,ergo        ] GC(164) Old eden_size: 201850880 desired_eden_size: 202375168
[44.867s][debug  ][gc,ergo        ] GC(164) AdaptiveSizeStop: collection: 165 
[44.867s][info   ][gc,heap        ] GC(164) PSYoungGen: 188190K(229888K)->30720K(229888K) Eden: 188190K(197632K)->0K(197632K) From: 0K(32256K)->30720K(32256K)
[44.867s][info   ][gc,heap        ] GC(164) ParOldGen: 319075K(2226688K)->472675K(2226688K)
[44.867s][info   ][gc,metaspace   ] GC(164) Metaspace: 1025K(1216K)->1025K(1216K) NonClass: 941K(1024K)->941K(1024K) Class: 83K(192K)->83K(192K)
[44.867s][info   ][gc             ] GC(164) Pause Young (Allocation Failure) 495M->491M(2399M) 14.827ms
[44.867s][info   ][gc,cpu         ] GC(164) User=0.02s Sys=0.00s Real=0.02s
[44.867s][debug  ][gc,heap        ] GC(164) Heap after GC invocations=165 (full 24):
[44.867s][debug  ][gc,heap        ] GC(164)  PSYoungGen      total 229888K, used 30720K [0x00000007f0000000, 0x0000000800000000, 0x0000000800000000)
[44.867s][debug  ][gc,heap        ] GC(164)   eden space 197632K, 0% used [0x00000007f0000000,0x00000007f0000000,0x00000007fc100000)
[44.867s][debug  ][gc,heap        ] GC(164)   from space 32256K, 95% used [0x00000007fc100000,0x00000007fdf00030,0x00000007fe080000)
[44.867s][debug  ][gc,heap        ] GC(164)   to   space 32256K, 0% used [0x00000007fe080000,0x00000007fe080000,0x0000000800000000)
[44.867s][debug  ][gc,heap        ] GC(164)  ParOldGen       total 2226688K, used 472675K [0x0000000700000000, 0x0000000787e80000, 0x00000007f0000000)
[44.867s][debug  ][gc,heap        ] GC(164)   object space 2226688K, 21% used [0x0000000700000000,0x000000071cd98ed8,0x0000000787e80000)
[44.867s][debug  ][gc,heap        ] GC(164)  Metaspace       used 1025K, committed 1216K, reserved 1056768K
[44.867s][debug  ][gc,heap        ] GC(164)   class space    used 83K, committed 192K, reserved 1048576K
[44.867s][debug  ][gc,task,time   ] GC(164) VM-Thread 448516031 448650185 448671479
[45.152s][debug  ][gc,heap        ] GC(165) Heap before GC invocations=166 (full 24):
[45.152s][debug  ][gc,heap        ] GC(165)  PSYoungGen      total 229888K, used 218835K [0x00000007f0000000, 0x0000000800000000, 0x0000000800000000)
[45.152s][debug  ][gc,heap        ] GC(165)   eden space 197632K, 95% used [0x00000007f0000000,0x00000007fb7b4f50,0x00000007fc100000)
[45.152s][debug  ][gc,heap        ] GC(165)   from space 32256K, 95% used [0x00000007fc100000,0x00000007fdf00030,0x00000007fe080000)
[45.152s][debug  ][gc,heap        ] GC(165)   to   space 32256K, 0% used [0x00000007fe080000,0x00000007fe080000,0x0000000800000000)
[45.152s][debug  ][gc,heap        ] GC(165)  ParOldGen       total 2226688K, used 472675K [0x0000000700000000, 0x0000000787e80000, 0x00000007f0000000)
[45.152s][debug  ][gc,heap        ] GC(165)   object space 2226688K, 21% used [0x0000000700000000,0x000000071cd98ed8,0x0000000787e80000)
[45.152s][debug  ][gc,heap        ] GC(165)  Metaspace       used 1025K, committed 1216K, reserved 1056768K
[45.152s][debug  ][gc,heap        ] GC(165)   class space    used 83K, committed 192K, reserved 1048576K
[45.152s][debug  ][gc,tlab        ] GC(165) TLAB totals: thrds: 1  refills: 1 max: 1 slow allocs: 17 max 17 waste: 27.0% gc: 3886640B max: 3886640B slow: 0B max: 0B
[45.152s][info   ][gc,start       ] GC(165) Pause Young (Allocation Failure)
[45.152s][debug  ][gc,phases,start] GC(165) Scavenge
[45.167s][debug  ][gc,phases      ] GC(165) Scavenge 15.194ms
[45.167s][debug  ][gc,phases,start] GC(165) Reference Processing
[45.167s][debug  ][gc,ref         ] GC(165) Skipped phase 1 of Reference Processing: no references
[45.167s][debug  ][gc,ref         ] GC(165) Skipped phase 2 of Reference Processing: no references
[45.167s][debug  ][gc,ref         ] GC(165) Skipped phase 3 of Reference Processing: no references
[45.168s][debug  ][gc,ref         ] GC(165) Skipped phase 4 of Reference Processing: no references
[45.168s][debug  ][gc,phases,ref  ] GC(165) Reference Processing: 0.1ms
[45.168s][debug  ][gc,phases,ref  ] GC(165)   Reconsider SoftReferences: 0.0ms
[45.168s][debug  ][gc,phases,ref  ] GC(165)     SoftRef (ms):                  skipped
[45.168s][debug  ][gc,phases,ref  ] GC(165)   Notify Soft/WeakReferences: 0.0ms
[45.168s][debug  ][gc,phases,ref  ] GC(165)     SoftRef (ms):                  skipped
[45.168s][debug  ][gc,phases,ref  ] GC(165)     WeakRef (ms):                  skipped
[45.168s][debug  ][gc,phases,ref  ] GC(165)     FinalRef (ms):                 skipped
[45.168s][debug  ][gc,phases,ref  ] GC(165)     Total (ms):                    skipped
[45.168s][debug  ][gc,phases,ref  ] GC(165)   Notify and keep alive finalizable: 0.0ms
[45.168s][debug  ][gc,phases,ref  ] GC(165)     FinalRef (ms):                 skipped
[45.168s][debug  ][gc,phases,ref  ] GC(165)   Notify PhantomReferences: 0.0ms
[45.168s][debug  ][gc,phases,ref  ] GC(165)     PhantomRef (ms):               skipped
[45.168s][debug  ][gc,phases,ref  ] GC(165)   SoftReference:
[45.168s][debug  ][gc,phases,ref  ] GC(165)     Discovered: 0
[45.168s][debug  ][gc,phases,ref  ] GC(165)     Cleared: 0
[45.168s][debug  ][gc,phases,ref  ] GC(165)   WeakReference:
[45.168s][debug  ][gc,phases,ref  ] GC(165)     Discovered: 0
[45.168s][debug  ][gc,phases,ref  ] GC(165)     Cleared: 0
[45.168s][debug  ][gc,phases,ref  ] GC(165)   FinalReference:
[45.168s][debug  ][gc,phases,ref  ] GC(165)     Discovered: 0
[45.168s][debug  ][gc,phases,ref  ] GC(165)     Cleared: 0
[45.168s][debug  ][gc,phases,ref  ] GC(165)   PhantomReference:
[45.168s][debug  ][gc,phases,ref  ] GC(165)     Discovered: 0
[45.168s][debug  ][gc,phases,ref  ] GC(165)     Cleared: 0
[45.168s][debug  ][gc,phases      ] GC(165) Reference Processing 0.754ms
[45.168s][debug  ][gc,phases,start] GC(165) Weak Processing
[45.168s][debug  ][gc,phases      ] GC(165)   VM Weak                        Min:  0.0, Avg:  0.0, Max:  0.0, Diff:  0.0, Sum:  0.0, Workers: 6
[45.168s][debug  ][gc,phases      ] GC(165)     Dead                           Min: 0, Avg:  0.0, Max: 0, Diff: 0, Sum: 0, Workers: 6
[45.168s][debug  ][gc,phases      ] GC(165)     Total                          Min: 0, Avg:  1.3, Max: 8, Diff: 8, Sum: 8, Workers: 6
[45.168s][debug  ][gc,phases      ] GC(165)   ObjectSynchronizer Weak        Min:  0.0, Avg:  0.0, Max:  0.0, Diff:  0.0, Sum:  0.0, Workers: 6
[45.168s][debug  ][gc,phases      ] GC(165)     Dead                           Min: 0, Avg:  0.0, Max: 0, Diff: 0, Sum: 0, Workers: 6
[45.168s][debug  ][gc,phases      ] GC(165)     Total                          Min: 0, Avg:  0.5, Max: 3, Diff: 3, Sum: 3, Workers: 6
[45.168s][debug  ][gc,phases      ] GC(165)   JVMTI Tag Weak OopStorage      Min:  0.0, Avg:  0.0, Max:  0.0, Diff:  0.0, Sum:  0.0, Workers: 6
[45.168s][debug  ][gc,phases      ] GC(165)     Dead                           Min: 0, Avg:  0.0, Max: 0, Diff: 0, Sum: 0, Workers: 6
[45.168s][debug  ][gc,phases      ] GC(165)     Total                          Min: 0, Avg:  0.0, Max: 0, Diff: 0, Sum: 0, Workers: 6
[45.168s][debug  ][gc,phases      ] GC(165)   StringTable Weak               Min:  0.0, Avg:  0.0, Max:  0.0, Diff:  0.0, Sum:  0.0, Workers: 6
[45.168s][debug  ][gc,phases      ] GC(165)     Dead                           Min: 0, Avg:  0.0, Max: 0, Diff: 0, Sum: 0, Workers: 6
[45.168s][debug  ][gc,phases      ] GC(165)     Total                          Min: 639, Avg: 892.5, Max: 1088, Diff: 449, Sum: 5355, Workers: 6
[45.168s][debug  ][gc,phases      ] GC(165)   ResolvedMethodTable Weak       Min:  0.0, Avg:  0.0, Max:  0.0, Diff:  0.0, Sum:  0.0, Workers: 6
[45.169s][debug  ][gc,phases      ] GC(165)     Dead                           Min: 0, Avg:  0.0, Max: 0, Diff: 0, Sum: 0, Workers: 6
[45.169s][debug  ][gc,phases      ] GC(165)     Total                          Min: 0, Avg: 21.7, Max: 64, Diff: 64, Sum: 130, Workers: 6
[45.169s][debug  ][gc,phases      ] GC(165)   JNI Weak                       Min:  0.0, Avg:  0.0, Max:  0.0, Diff:  0.0, Sum:  0.0, Workers: 6
[45.169s][debug  ][gc,phases      ] GC(165)     Dead                           Min: 0, Avg:  0.0, Max: 0, Diff: 0, Sum: 0, Workers: 6
[45.169s][debug  ][gc,phases      ] GC(165)     Total                          Min: 0, Avg:  0.0, Max: 0, Diff: 0, Sum: 0, Workers: 6
[45.169s][debug  ][gc,phases      ] GC(165)   StringDedup Table Weak         Min:  0.0, Avg:  0.0, Max:  0.0, Diff:  0.0, Sum:  0.0, Workers: 6
[45.169s][debug  ][gc,phases      ] GC(165)     Dead                           Min: 0, Avg:  0.0, Max: 0, Diff: 0, Sum: 0, Workers: 6
[45.169s][debug  ][gc,phases      ] GC(165)     Total                          Min: 0, Avg:  0.0, Max: 0, Diff: 0, Sum: 0, Workers: 6
[45.169s][debug  ][gc,phases      ] GC(165)   StringDedup Requests0 Weak     Min:  0.0, Avg:  0.0, Max:  0.0, Diff:  0.0, Sum:  0.0, Workers: 6
[45.169s][debug  ][gc,phases      ] GC(165)     Dead                           Min: 0, Avg:  0.0, Max: 0, Diff: 0, Sum: 0, Workers: 6
[45.169s][debug  ][gc,phases      ] GC(165)     Total                          Min: 0, Avg:  0.0, Max: 0, Diff: 0, Sum: 0, Workers: 6
[45.169s][debug  ][gc,phases      ] GC(165)   StringDedup Requests1 Weak     Min:  0.0, Avg:  0.0, Max:  0.0, Diff:  0.0, Sum:  0.0, Workers: 6
[45.169s][debug  ][gc,phases      ] GC(165)     Dead                           Min: 0, Avg:  0.0, Max: 0, Diff: 0, Sum: 0, Workers: 6
[45.169s][debug  ][gc,phases      ] GC(165)     Total                          Min: 0, Avg:  0.0, Max: 0, Diff: 0, Sum: 0, Workers: 6
[45.169s][debug  ][gc,phases      ] GC(165)   Weak JFR Old Object Samples    Min:  0.0, Avg:  0.0, Max:  0.0, Diff:  0.0, Sum:  0.0, Workers: 6
[45.169s][debug  ][gc,phases      ] GC(165)     Dead                           Min: 0, Avg:  0.0, Max: 0, Diff: 0, Sum: 0, Workers: 6
[45.169s][debug  ][gc,phases      ] GC(165)     Total                          Min: 0, Avg:  0.0, Max: 0, Diff: 0, Sum: 0, Workers: 6
[45.169s][debug  ][gc,phases      ] GC(165) Weak Processing 0.704ms
[45.169s][debug  ][gc,ergo        ] GC(165) AdaptiveSizeStart:  collection: 166 
[45.169s][debug  ][gc,ergo        ] GC(165) avg_survived_padded_avg: 32769124.000000
[45.169s][debug  ][gc,ergo        ] GC(165) avg_promoted_padded_avg: 260696208.000000  avg_pretenured_padded_avg: 0.000000  tenuring_thresh: 1  target_size: 33030144
[45.169s][debug  ][gc,age         ] GC(165) Desired survivor size 33030144 bytes, new threshold 1 (max threshold 15)
[45.169s][debug  ][gc,ergo        ] GC(165) PSAdaptiveSizePolicy::compute_eden_space_size limits: desired_eden_size: 228644916 old_eden_size: 202375168 eden_limit: 202375168 cur_eden: 202375168 max_eden_size: 202375168 avg_young_live: 27612202
[45.169s][debug  ][gc,ergo        ] GC(165) PSAdaptiveSizePolicy::compute_eden_space_size: costs minor_time: 0.049670 major_cost: 0.027652 mutator_cost: 0.922678 throughput_goal: 0.990000
[45.169s][debug  ][gc,ergo        ] GC(165) Live_space: 900050048 free_space: 1884815360
[45.169s][debug  ][gc,ergo        ] GC(165) Old eden_size: 202375168 desired_eden_size: 202375168
[45.169s][debug  ][gc,ergo        ] GC(165) AdaptiveSizeStop: collection: 166 
[45.169s][info   ][gc,heap        ] GC(165) PSYoungGen: 218835K(229888K)->30720K(229888K) Eden: 188115K(197632K)->0K(197632K) From: 30720K(32256K)->30720K(32256K)
[45.169s][info   ][gc,heap        ] GC(165) ParOldGen: 472675K(2226688K)->656995K(2226688K)
[45.169s][info   ][gc,metaspace   ] GC(165) Metaspace: 1025K(1216K)->1025K(1216K) NonClass: 941K(1024K)->941K(1024K) Class: 83K(192K)->83K(192K)
[45.169s][info   ][gc             ] GC(165) Pause Young (Allocation Failure) 675M->671M(2399M) 17.110ms
[45.169s][info   ][gc,cpu         ] GC(165) User=0.14s Sys=0.00s Real=0.02s
[45.169s][debug  ][gc,heap        ] GC(165) Heap after GC invocations=166 (full 24):
[45.169s][debug  ][gc,heap        ] GC(165)  PSYoungGen      total 229888K, used 30720K [0x00000007f0000000, 0x0000000800000000, 0x0000000800000000)
[45.169s][debug  ][gc,heap        ] GC(165)   eden space 197632K, 0% used [0x00000007f0000000,0x00000007f0000000,0x00000007fc100000)
[45.169s][debug  ][gc,heap        ] GC(165)   from space 32256K, 95% used [0x00000007fe080000,0x00000007ffe80030,0x0000000800000000)
[45.169s][debug  ][gc,heap        ] GC(165)   to   space 32256K, 0% used [0x00000007fc100000,0x00000007fc100000,0x00000007fe080000)
[45.169s][debug  ][gc,heap        ] GC(165)  ParOldGen       total 2226688K, used 656995K [0x0000000700000000, 0x0000000787e80000, 0x00000007f0000000)
[45.169s][debug  ][gc,heap        ] GC(165)   object space 2226688K, 29% used [0x0000000700000000,0x0000000728198ff8,0x0000000787e80000)
[45.169s][debug  ][gc,heap        ] GC(165)  Metaspace       used 1025K, committed 1216K, reserved 1056768K
[45.169s][debug  ][gc,heap        ] GC(165)   class space    used 83K, committed 192K, reserved 1048576K
[45.169s][debug  ][gc,task,time   ] GC(165) VM-Thread 451517417 451673828 451694581
[45.453s][debug  ][gc,heap        ] GC(166) Heap before GC invocations=167 (full 24):
[45.453s][debug  ][gc,heap        ] GC(166)  PSYoungGen      total 229888K, used 218862K [0x00000007f0000000, 0x0000000800000000, 0x0000000800000000)
[45.453s][debug  ][gc,heap        ] GC(166)   eden space 197632K, 95% used [0x00000007f0000000,0x00000007fb7bbb98,0x00000007fc100000)
[45.453s][debug  ][gc,heap        ] GC(166)   from space 32256K, 95% used [0x00000007fe080000,0x00000007ffe80030,0x0000000800000000)
[45.453s][debug  ][gc,heap        ] GC(166)   to   space 32256K, 0% used [0x00000007fc100000,0x00000007fc100000,0x00000007fe080000)
[45.453s][debug  ][gc,heap        ] GC(166)  ParOldGen       total 2226688K, used 656995K [0x0000000700000000, 0x0000000787e80000, 0x00000007f0000000)
[45.453s][debug  ][gc,heap        ] GC(166)   object space 2226688K, 29% used [0x0000000700000000,0x0000000728198ff8,0x0000000787e80000)
[45.453s][debug  ][gc,heap        ] GC(166)  Metaspace       used 1025K, committed 1216K, reserved 1056768K
[45.453s][debug  ][gc,heap        ] GC(166)   class space    used 83K, committed 192K, reserved 1048576K
[45.453s][debug  ][gc,tlab        ] GC(166) TLAB totals: thrds: 1  refills: 1 max: 1 slow allocs: 17 max 17 waste: 27.2% gc: 3914360B max: 3914360B slow: 0B max: 0B
[45.453s][info   ][gc,start       ] GC(166) Pause Young (Allocation Failure)
[45.454s][debug  ][gc,phases,start] GC(166) Scavenge
[45.470s][debug  ][gc,phases      ] GC(166) Scavenge 16.095ms
[45.470s][debug  ][gc,phases,start] GC(166) Reference Processing
[45.470s][debug  ][gc,ref         ] GC(166) Skipped phase 1 of Reference Processing: no references
[45.470s][debug  ][gc,ref         ] GC(166) Skipped phase 2 of Reference Processing: no references
[45.470s][debug  ][gc,ref         ] GC(166) Skipped phase 3 of Reference Processing: no references
[45.470s][debug  ][gc,ref         ] GC(166) Skipped phase 4 of Reference Processing: no references
[45.470s][debug  ][gc,phases,ref  ] GC(166) Reference Processing: 0.1ms
[45.470s][debug  ][gc,phases,ref  ] GC(166)   Reconsider SoftReferences: 0.0ms
[45.470s][debug  ][gc,phases,ref  ] GC(166)     SoftRef (ms):                  skipped
[45.470s][debug  ][gc,phases,ref  ] GC(166)   Notify Soft/WeakReferences: 0.0ms
[45.470s][debug  ][gc,phases,ref  ] GC(166)     SoftRef (ms):                  skipped
[45.470s][debug  ][gc,phases,ref  ] GC(166)     WeakRef (ms):                  skipped
[45.470s][debug  ][gc,phases,ref  ] GC(166)     FinalRef (ms):                 skipped
[45.470s][debug  ][gc,phases,ref  ] GC(166)     Total (ms):                    skipped
[45.470s][debug  ][gc,phases,ref  ] GC(166)   Notify and keep alive finalizable: 0.0ms
[45.470s][debug  ][gc,phases,ref  ] GC(166)     FinalRef (ms):                 skipped
[45.470s][debug  ][gc,phases,ref  ] GC(166)   Notify PhantomReferences: 0.0ms
[45.470s][debug  ][gc,phases,ref  ] GC(166)     PhantomRef (ms):               skipped
[45.470s][debug  ][gc,phases,ref  ] GC(166)   SoftReference:
[45.470s][debug  ][gc,phases,ref  ] GC(166)     Discovered: 0
[45.470s][debug  ][gc,phases,ref  ] GC(166)     Cleared: 0
[45.470s][debug  ][gc,phases,ref  ] GC(166)   WeakReference:
[45.470s][debug  ][gc,phases,ref  ] GC(166)     Discovered: 0
[45.470s][debug  ][gc,phases,ref  ] GC(166)     Cleared: 0
[45.470s][debug  ][gc,phases,ref  ] GC(166)   FinalReference:
[45.470s][debug  ][gc,phases,ref  ] GC(166)     Discovered: 0
[45.470s][debug  ][gc,phases,ref  ] GC(166)     Cleared: 0
[45.470s][debug  ][gc,phases,ref  ] GC(166)   PhantomReference:
[45.470s][debug  ][gc,phases,ref  ] GC(166)     Discovered: 0
[45.470s][debug  ][gc,phases,ref  ] GC(166)     Cleared: 0
[45.470s][debug  ][gc,phases      ] GC(166) Reference Processing 0.714ms
[45.470s][debug  ][gc,phases,start] GC(166) Weak Processing
[45.471s][debug  ][gc,phases      ] GC(166)   VM Weak                        Min:  0.0, Avg:  0.0, Max:  0.0, Diff:  0.0, Sum:  0.0, Workers: 6
[45.471s][debug  ][gc,phases      ] GC(166)     Dead                           Min: 0, Avg:  0.0, Max: 0, Diff: 0, Sum: 0, Workers: 6
[45.471s][debug  ][gc,phases      ] GC(166)     Total                          Min: 0, Avg:  1.3, Max: 8, Diff: 8, Sum: 8, Workers: 6
[45.471s][debug  ][gc,phases      ] GC(166)   ObjectSynchronizer Weak        Min:  0.0, Avg:  0.0, Max:  0.0, Diff:  0.0, Sum:  0.0, Workers: 6
[45.471s][debug  ][gc,phases      ] GC(166)     Dead                           Min: 0, Avg:  0.0, Max: 0, Diff: 0, Sum: 0, Workers: 6
[45.471s][debug  ][gc,phases      ] GC(166)     Total                          Min: 0, Avg:  0.5, Max: 3, Diff: 3, Sum: 3, Workers: 6
[45.471s][debug  ][gc,phases      ] GC(166)   JVMTI Tag Weak OopStorage      Min:  0.0, Avg:  0.0, Max:  0.0, Diff:  0.0, Sum:  0.0, Workers: 6
[45.471s][debug  ][gc,phases      ] GC(166)     Dead                           Min: 0, Avg:  0.0, Max: 0, Diff: 0, Sum: 0, Workers: 6
[45.471s][debug  ][gc,phases      ] GC(166)     Total                          Min: 0, Avg:  0.0, Max: 0, Diff: 0, Sum: 0, Workers: 6
[45.471s][debug  ][gc,phases      ] GC(166)   StringTable Weak               Min:  0.0, Avg:  0.0, Max:  0.0, Diff:  0.0, Sum:  0.0, Workers: 6
[45.471s][debug  ][gc,phases      ] GC(166)     Dead                           Min: 0, Avg:  0.0, Max: 0, Diff: 0, Sum: 0, Workers: 6
[45.471s][debug  ][gc,phases      ] GC(166)     Total                          Min: 704, Avg: 892.5, Max: 1132, Diff: 428, Sum: 5355, Workers: 6
[45.471s][debug  ][gc,phases      ] GC(166)   ResolvedMethodTable Weak       Min:  0.0, Avg:  0.0, Max:  0.0, Diff:  0.0, Sum:  0.0, Workers: 6
[45.471s][debug  ][gc,phases      ] GC(166)     Dead                           Min: 0, Avg:  0.0, Max: 0, Diff: 0, Sum: 0, Workers: 6
[45.471s][debug  ][gc,phases      ] GC(166)     Total                          Min: 0, Avg: 21.7, Max: 64, Diff: 64, Sum: 130, Workers: 6
[45.471s][debug  ][gc,phases      ] GC(166)   JNI Weak                       Min:  0.0, Avg:  0.0, Max:  0.0, Diff:  0.0, Sum:  0.0, Workers: 6
[45.471s][debug  ][gc,phases      ] GC(166)     Dead                           Min: 0, Avg:  0.0, Max: 0, Diff: 0, Sum: 0, Workers: 6
[45.471s][debug  ][gc,phases      ] GC(166)     Total                          Min: 0, Avg:  0.0, Max: 0, Diff: 0, Sum: 0, Workers: 6
[45.471s][debug  ][gc,phases      ] GC(166)   StringDedup Table Weak         Min:  0.0, Avg:  0.0, Max:  0.0, Diff:  0.0, Sum:  0.0, Workers: 6
[45.471s][debug  ][gc,phases      ] GC(166)     Dead                           Min: 0, Avg:  0.0, Max: 0, Diff: 0, Sum: 0, Workers: 6
[45.471s][debug  ][gc,phases      ] GC(166)     Total                          Min: 0, Avg:  0.0, Max: 0, Diff: 0, Sum: 0, Workers: 6
[45.471s][debug  ][gc,phases      ] GC(166)   StringDedup Requests0 Weak     Min:  0.0, Avg:  0.0, Max:  0.0, Diff:  0.0, Sum:  0.0, Workers: 6
[45.471s][debug  ][gc,phases      ] GC(166)     Dead                           Min: 0, Avg:  0.0, Max: 0, Diff: 0, Sum: 0, Workers: 6
[45.471s][debug  ][gc,phases      ] GC(166)     Total                          Min: 0, Avg:  0.0, Max: 0, Diff: 0, Sum: 0, Workers: 6
[45.471s][debug  ][gc,phases      ] GC(166)   StringDedup Requests1 Weak     Min:  0.0, Avg:  0.0, Max:  0.0, Diff:  0.0, Sum:  0.0, Workers: 6
[45.471s][debug  ][gc,phases      ] GC(166)     Dead                           Min: 0, Avg:  0.0, Max: 0, Diff: 0, Sum: 0, Workers: 6
[45.471s][debug  ][gc,phases      ] GC(166)     Total                          Min: 0, Avg:  0.0, Max: 0, Diff: 0, Sum: 0, Workers: 6
[45.471s][debug  ][gc,phases      ] GC(166)   Weak JFR Old Object Samples    Min:  0.0, Avg:  0.0, Max:  0.0, Diff:  0.0, Sum:  0.0, Workers: 6
[45.471s][debug  ][gc,phases      ] GC(166)     Dead                           Min: 0, Avg:  0.0, Max: 0, Diff: 0, Sum: 0, Workers: 6
[45.471s][debug  ][gc,phases      ] GC(166)     Total                          Min: 0, Avg:  0.0, Max: 0, Diff: 0, Sum: 0, Workers: 6
[45.471s][debug  ][gc,phases      ] GC(166) Weak Processing 0.727ms
[45.471s][debug  ][gc,ergo        ] GC(166) AdaptiveSizeStart:  collection: 167 
[45.471s][debug  ][gc,ergo        ] GC(166) avg_survived_padded_avg: 32666454.000000
[45.471s][debug  ][gc,ergo        ] GC(166) avg_promoted_padded_avg: 259794528.000000  avg_pretenured_padded_avg: 0.000000  tenuring_thresh: 1  target_size: 33030144
[45.471s][debug  ][gc,age         ] GC(166) Desired survivor size 33030144 bytes, new threshold 1 (max threshold 15)
[45.471s][debug  ][gc,ergo        ] GC(166) PSAdaptiveSizePolicy::compute_eden_space_size limits: desired_eden_size: 229052334 old_eden_size: 202375168 eden_limit: 202375168 cur_eden: 202375168 max_eden_size: 202375168 avg_young_live: 27996714
[45.471s][debug  ][gc,ergo        ] GC(166) PSAdaptiveSizePolicy::compute_eden_space_size: costs minor_time: 0.051886 major_cost: 0.027652 mutator_cost: 0.920462 throughput_goal: 0.990000
[45.471s][debug  ][gc,ergo        ] GC(166) Live_space: 900434560 free_space: 1884815360
[45.471s][debug  ][gc,ergo        ] GC(166) Old eden_size: 202375168 desired_eden_size: 202375168
[45.471s][debug  ][gc,ergo        ] GC(166) AdaptiveSizeStop: collection: 167 
[45.471s][info   ][gc,heap        ] GC(166) PSYoungGen: 218862K(229888K)->30720K(229888K) Eden: 188142K(197632K)->0K(197632K) From: 30720K(32256K)->30720K(32256K)
[45.471s][info   ][gc,heap        ] GC(166) ParOldGen: 656995K(2226688K)->841316K(2226688K)
[45.471s][info   ][gc,metaspace   ] GC(166) Metaspace: 1025K(1216K)->1025K(1216K) NonClass: 941K(1024K)->941K(1024K) Class: 83K(192K)->83K(192K)
[45.472s][info   ][gc             ] GC(166) Pause Young (Allocation Failure) 855M->851M(2399M) 18.067ms
[45.472s][info   ][gc,cpu         ] GC(166) User=0.12s Sys=0.00s Real=0.02s
[45.472s][debug  ][gc,heap        ] GC(166) Heap after GC invocations=167 (full 24):
[45.472s][debug  ][gc,heap        ] GC(166)  PSYoungGen      total 229888K, used 30720K [0x00000007f0000000, 0x0000000800000000, 0x0000000800000000)
[45.472s][debug  ][gc,heap        ] GC(166)   eden space 197632K, 0% used [0x00000007f0000000,0x00000007f0000000,0x00000007fc100000)
[45.472s][debug  ][gc,heap        ] GC(166)   from space 32256K, 95% used [0x00000007fc100000,0x00000007fdf00030,0x00000007fe080000)
[45.472s][debug  ][gc,heap        ] GC(166)   to   space 32256K, 0% used [0x00000007fe080000,0x00000007fe080000,0x0000000800000000)
[45.472s][debug  ][gc,heap        ] GC(166)  ParOldGen       total 2226688K, used 841316K [0x0000000700000000, 0x0000000787e80000, 0x00000007f0000000)
[45.472s][debug  ][gc,heap        ] GC(166)   object space 2226688K, 37% used [0x0000000700000000,0x0000000733599118,0x0000000787e80000)
[45.472s][debug  ][gc,heap        ] GC(166)  Metaspace       used 1025K, committed 1216K, reserved 1056768K
[45.472s][debug  ][gc,heap        ] GC(166)   class space    used 83K, committed 192K, reserved 1048576K
[45.472s][debug  ][gc,task,time   ] GC(166) VM-Thread 454529244 454696983 454717649
[45.755s][debug  ][gc,heap        ] GC(167) Heap before GC invocations=168 (full 24):
[45.755s][debug  ][gc,heap        ] GC(167)  PSYoungGen      total 229888K, used 218880K [0x00000007f0000000, 0x0000000800000000, 0x0000000800000000)
[45.755s][debug  ][gc,heap        ] GC(167)   eden space 197632K, 95% used [0x00000007f0000000,0x00000007fb7c0130,0x00000007fc100000)
[45.755s][debug  ][gc,heap        ] GC(167)   from space 32256K, 95% used [0x00000007fc100000,0x00000007fdf00030,0x00000007fe080000)
[45.755s][debug  ][gc,heap        ] GC(167)   to   space 32256K, 0% used [0x00000007fe080000,0x00000007fe080000,0x0000000800000000)
[45.755s][debug  ][gc,heap        ] GC(167)  ParOldGen       total 2226688K, used 841316K [0x0000000700000000, 0x0000000787e80000, 0x00000007f0000000)
[45.755s][debug  ][gc,heap        ] GC(167)   object space 2226688K, 37% used [0x0000000700000000,0x0000000733599118,0x0000000787e80000)
[45.755s][debug  ][gc,heap        ] GC(167)  Metaspace       used 1026K, committed 1216K, reserved 1056768K
[45.755s][debug  ][gc,heap        ] GC(167)   class space    used 83K, committed 192K, reserved 1048576K
[45.755s][debug  ][gc,tlab        ] GC(167) TLAB totals: thrds: 1  refills: 1 max: 1 slow allocs: 17 max 17 waste: 27.3% gc: 3931112B max: 3931112B slow: 0B max: 0B
[45.755s][info   ][gc,start       ] GC(167) Pause Young (Allocation Failure)
[45.755s][debug  ][gc,phases,start] GC(167) Scavenge
[45.758s][debug  ][gc,phases      ] GC(167) Scavenge 3.027ms
[45.759s][debug  ][gc,phases,start] GC(167) Reference Processing
[45.759s][debug  ][gc,ref         ] GC(167) Skipped phase 1 of Reference Processing: no references
[45.759s][debug  ][gc,ref         ] GC(167) Skipped phase 2 of Reference Processing: no references
[45.759s][debug  ][gc,ref         ] GC(167) Skipped phase 3 of Reference Processing: no references
[45.759s][debug  ][gc,ref         ] GC(167) Skipped phase 4 of Reference Processing: no references
[45.759s][debug  ][gc,phases,ref  ] GC(167) Reference Processing: 0.1ms
[45.759s][debug  ][gc,phases,ref  ] GC(167)   Reconsider SoftReferences: 0.0ms
[45.759s][debug  ][gc,phases,ref  ] GC(167)     SoftRef (ms):                  skipped
[45.759s][debug  ][gc,phases,ref  ] GC(167)   Notify Soft/WeakReferences: 0.0ms
[45.759s][debug  ][gc,phases,ref  ] GC(167)     SoftRef (ms):                  skipped
[45.759s][debug  ][gc,phases,ref  ] GC(167)     WeakRef (ms):                  skipped
[45.759s][debug  ][gc,phases,ref  ] GC(167)     FinalRef (ms):                 skipped
[45.759s][debug  ][gc,phases,ref  ] GC(167)     Total (ms):                    skipped
[45.759s][debug  ][gc,phases,ref  ] GC(167)   Notify and keep alive finalizable: 0.0ms
[45.759s][debug  ][gc,phases,ref  ] GC(167)     FinalRef (ms):                 skipped
[45.759s][debug  ][gc,phases,ref  ] GC(167)   Notify PhantomReferences: 0.0ms
[45.759s][debug  ][gc,phases,ref  ] GC(167)     PhantomRef (ms):               skipped
[45.759s][debug  ][gc,phases,ref  ] GC(167)   SoftReference:
[45.759s][debug  ][gc,phases,ref  ] GC(167)     Discovered: 0
[45.759s][debug  ][gc,phases,ref  ] GC(167)     Cleared: 0
[45.759s][debug  ][gc,phases,ref  ] GC(167)   WeakReference:
[45.759s][debug  ][gc,phases,ref  ] GC(167)     Discovered: 0
[45.759s][debug  ][gc,phases,ref  ] GC(167)     Cleared: 0
[45.759s][debug  ][gc,phases,ref  ] GC(167)   FinalReference:
[45.759s][debug  ][gc,phases,ref  ] GC(167)     Discovered: 0
[45.759s][debug  ][gc,phases,ref  ] GC(167)     Cleared: 0
[45.759s][debug  ][gc,phases,ref  ] GC(167)   PhantomReference:
[45.759s][debug  ][gc,phases,ref  ] GC(167)     Discovered: 0
[45.759s][debug  ][gc,phases,ref  ] GC(167)     Cleared: 0
[45.759s][debug  ][gc,phases      ] GC(167) Reference Processing 0.674ms
[45.759s][debug  ][gc,phases,start] GC(167) Weak Processing
[45.759s][debug  ][gc,phases      ] GC(167)   VM Weak                        Min:  0.0, Avg:  0.0, Max:  0.0, Diff:  0.0, Sum:  0.0, Workers: 6
[45.759s][debug  ][gc,phases      ] GC(167)     Dead                           Min: 0, Avg:  0.0, Max: 0, Diff: 0, Sum: 0, Workers: 6
[45.759s][debug  ][gc,phases      ] GC(167)     Total                          Min: 0, Avg:  1.3, Max: 8, Diff: 8, Sum: 8, Workers: 6
[45.759s][debug  ][gc,phases      ] GC(167)   ObjectSynchronizer Weak        Min:  0.0, Avg:  0.0, Max:  0.0, Diff:  0.0, Sum:  0.0, Workers: 6
[45.759s][debug  ][gc,phases      ] GC(167)     Dead                           Min: 0, Avg:  0.0, Max: 0, Diff: 0, Sum: 0, Workers: 6
[45.759s][debug  ][gc,phases      ] GC(167)     Total                          Min: 0, Avg:  0.5, Max: 3, Diff: 3, Sum: 3, Workers: 6
[45.759s][debug  ][gc,phases      ] GC(167)   JVMTI Tag Weak OopStorage      Min:  0.0, Avg:  0.0, Max:  0.0, Diff:  0.0, Sum:  0.0, Workers: 6
[45.759s][debug  ][gc,phases      ] GC(167)     Dead                           Min: 0, Avg:  0.0, Max: 0, Diff: 0, Sum: 0, Workers: 6
[45.759s][debug  ][gc,phases      ] GC(167)     Total                          Min: 0, Avg:  0.0, Max: 0, Diff: 0, Sum: 0, Workers: 6
[45.760s][debug  ][gc,phases      ] GC(167)   StringTable Weak               Min:  0.0, Avg:  0.0, Max:  0.0, Diff:  0.0, Sum:  0.0, Workers: 6
[45.760s][debug  ][gc,phases      ] GC(167)     Dead                           Min: 0, Avg:  0.0, Max: 0, Diff: 0, Sum: 0, Workers: 6
[45.760s][debug  ][gc,phases      ] GC(167)     Total                          Min: 640, Avg: 892.5, Max: 1152, Diff: 512, Sum: 5355, Workers: 6
[45.760s][debug  ][gc,phases      ] GC(167)   ResolvedMethodTable Weak       Min:  0.0, Avg:  0.0, Max:  0.0, Diff:  0.0, Sum:  0.0, Workers: 6
[45.760s][debug  ][gc,phases      ] GC(167)     Dead                           Min: 0, Avg:  0.0, Max: 0, Diff: 0, Sum: 0, Workers: 6
[45.760s][debug  ][gc,phases      ] GC(167)     Total                          Min: 0, Avg: 21.7, Max: 64, Diff: 64, Sum: 130, Workers: 6
[45.760s][debug  ][gc,phases      ] GC(167)   JNI Weak                       Min:  0.0, Avg:  0.0, Max:  0.0, Diff:  0.0, Sum:  0.0, Workers: 6
[45.760s][debug  ][gc,phases      ] GC(167)     Dead                           Min: 0, Avg:  0.0, Max: 0, Diff: 0, Sum: 0, Workers: 6
[45.760s][debug  ][gc,phases      ] GC(167)     Total                          Min: 0, Avg:  0.0, Max: 0, Diff: 0, Sum: 0, Workers: 6
[45.760s][debug  ][gc,phases      ] GC(167)   StringDedup Table Weak         Min:  0.0, Avg:  0.0, Max:  0.0, Diff:  0.0, Sum:  0.0, Workers: 6
[45.760s][debug  ][gc,phases      ] GC(167)     Dead                           Min: 0, Avg:  0.0, Max: 0, Diff: 0, Sum: 0, Workers: 6
[45.760s][debug  ][gc,phases      ] GC(167)     Total                          Min: 0, Avg:  0.0, Max: 0, Diff: 0, Sum: 0, Workers: 6
[45.760s][debug  ][gc,phases      ] GC(167)   StringDedup Requests0 Weak     Min:  0.0, Avg:  0.0, Max:  0.0, Diff:  0.0, Sum:  0.0, Workers: 6
[45.760s][debug  ][gc,phases      ] GC(167)     Dead                           Min: 0, Avg:  0.0, Max: 0, Diff: 0, Sum: 0, Workers: 6
[45.760s][debug  ][gc,phases      ] GC(167)     Total                          Min: 0, Avg:  0.0, Max: 0, Diff: 0, Sum: 0, Workers: 6
[45.760s][debug  ][gc,phases      ] GC(167)   StringDedup Requests1 Weak     Min:  0.0, Avg:  0.0, Max:  0.0, Diff:  0.0, Sum:  0.0, Workers: 6
[45.760s][debug  ][gc,phases      ] GC(167)     Dead                           Min: 0, Avg:  0.0, Max: 0, Diff: 0, Sum: 0, Workers: 6
[45.760s][debug  ][gc,phases      ] GC(167)     Total                          Min: 0, Avg:  0.0, Max: 0, Diff: 0, Sum: 0, Workers: 6
[45.760s][debug  ][gc,phases      ] GC(167)   Weak JFR Old Object Samples    Min:  0.0, Avg:  0.0, Max:  0.0, Diff:  0.0, Sum:  0.0, Workers: 6
[45.760s][debug  ][gc,phases      ] GC(167)     Dead                           Min: 0, Avg:  0.0, Max: 0, Diff: 0, Sum: 0, Workers: 6
[45.760s][debug  ][gc,phases      ] GC(167)     Total                          Min: 0, Avg:  0.0, Max: 0, Diff: 0, Sum: 0, Workers: 6
[45.760s][debug  ][gc,phases      ] GC(167) Weak Processing 0.818ms
[45.760s][debug  ][gc,ergo        ] GC(167) AdaptiveSizeStart:  collection: 168 
[45.760s][debug  ][gc,ergo        ] GC(167) avg_survived_padded_avg: 32571200.000000
[45.760s][debug  ][gc,ergo        ] GC(167) avg_promoted_padded_avg: 243017984.000000  avg_pretenured_padded_avg: 0.000000  tenuring_thresh: 1  target_size: 33030144
[45.760s][debug  ][gc,age         ] GC(167) Desired survivor size 33030144 bytes, new threshold 1 (max threshold 15)
[45.760s][debug  ][gc,ergo        ] GC(167) PSAdaptiveSizePolicy::compute_eden_space_size limits: desired_eden_size: 227250566 old_eden_size: 202375168 eden_limit: 202375168 cur_eden: 202375168 max_eden_size: 202375168 avg_young_live: 28342776
[45.760s][debug  ][gc,ergo        ] GC(167) PSAdaptiveSizePolicy::compute_eden_space_size: costs minor_time: 0.042940 major_cost: 0.027652 mutator_cost: 0.929408 throughput_goal: 0.990000
[45.760s][debug  ][gc,ergo        ] GC(167) Live_space: 900780608 free_space: 1884815360
[45.760s][debug  ][gc,ergo        ] GC(167) Old eden_size: 202375168 desired_eden_size: 202375168
[45.760s][debug  ][gc,ergo        ] GC(167) AdaptiveSizeStop: collection: 168 
[45.760s][info   ][gc,heap        ] GC(167) PSYoungGen: 218880K(229888K)->30720K(229888K) Eden: 188160K(197632K)->0K(197632K) From: 30720K(32256K)->30720K(32256K)
[45.760s][info   ][gc,heap        ] GC(167) ParOldGen: 841316K(2226688K)->841316K(2226688K)
[45.760s][info   ][gc,metaspace   ] GC(167) Metaspace: 1026K(1216K)->1026K(1216K) NonClass: 942K(1024K)->942K(1024K) Class: 83K(192K)->83K(192K)
[45.760s][info   ][gc             ] GC(167) Pause Young (Allocation Failure) 1035M->851M(2399M) 5.028ms
[45.760s][info   ][gc,cpu         ] GC(167) User=0.08s Sys=0.00s Real=0.01s
[45.760s][debug  ][gc,heap        ] GC(167) Heap after GC invocations=168 (full 24):
[45.760s][debug  ][gc,heap        ] GC(167)  PSYoungGen      total 229888K, used 30720K [0x00000007f0000000, 0x0000000800000000, 0x0000000800000000)
[45.760s][debug  ][gc,heap        ] GC(167)   eden space 197632K, 0% used [0x00000007f0000000,0x00000007f0000000,0x00000007fc100000)
[45.761s][debug  ][gc,heap        ] GC(167)   from space 32256K, 95% used [0x00000007fe080000,0x00000007ffe80030,0x0000000800000000)
[45.761s][debug  ][gc,heap        ] GC(167)   to   space 32256K, 0% used [0x00000007fc100000,0x00000007fc100000,0x00000007fe080000)
[45.761s][debug  ][gc,heap        ] GC(167)  ParOldGen       total 2226688K, used 841316K [0x0000000700000000, 0x0000000787e80000, 0x00000007f0000000)
[45.761s][debug  ][gc,heap        ] GC(167)   object space 2226688K, 37% used [0x0000000700000000,0x0000000733599118,0x0000000787e80000)
[45.761s][debug  ][gc,heap        ] GC(167)  Metaspace       used 1026K, committed 1216K, reserved 1056768K
[45.761s][debug  ][gc,heap        ] GC(167)   class space    used 83K, committed 192K, reserved 1048576K
[45.761s][debug  ][gc,task,time   ] GC(167) VM-Thread 457548362 457585149 457606554
[46.041s][debug  ][gc,heap        ] GC(168) Heap before GC invocations=169 (full 24):
[46.041s][debug  ][gc,heap        ] GC(168)  PSYoungGen      total 229888K, used 218891K [0x00000007f0000000, 0x0000000800000000, 0x0000000800000000)
[46.041s][debug  ][gc,heap        ] GC(168)   eden space 197632K, 95% used [0x00000007f0000000,0x00000007fb7c2df0,0x00000007fc100000)
[46.041s][debug  ][gc,heap        ] GC(168)   from space 32256K, 95% used [0x00000007fe080000,0x00000007ffe80030,0x0000000800000000)
[46.041s][debug  ][gc,heap        ] GC(168)   to   space 32256K, 0% used [0x00000007fc100000,0x00000007fc100000,0x00000007fe080000)
[46.041s][debug  ][gc,heap        ] GC(168)  ParOldGen       total 2226688K, used 841316K [0x0000000700000000, 0x0000000787e80000, 0x00000007f0000000)
[46.041s][debug  ][gc,heap        ] GC(168)   object space 2226688K, 37% used [0x0000000700000000,0x0000000733599118,0x0000000787e80000)
[46.041s][debug  ][gc,heap        ] GC(168)  Metaspace       used 1026K, committed 1216K, reserved 1056768K
[46.041s][debug  ][gc,heap        ] GC(168)   class space    used 83K, committed 192K, reserved 1048576K
[46.041s][debug  ][gc,tlab        ] GC(168) TLAB totals: thrds: 1  refills: 1 max: 1 slow allocs: 17 max 17 waste: 27.3% gc: 3943632B max: 3943632B slow: 0B max: 0B
[46.041s][info   ][gc,start       ] GC(168) Pause Young (Allocation Failure)
[46.041s][debug  ][gc,phases,start] GC(168) Scavenge
[46.056s][debug  ][gc,phases      ] GC(168) Scavenge 14.611ms
[46.056s][debug  ][gc,phases,start] GC(168) Reference Processing
[46.056s][debug  ][gc,ref         ] GC(168) Skipped phase 1 of Reference Processing: no references
[46.056s][debug  ][gc,ref         ] GC(168) Skipped phase 2 of Reference Processing: no references
[46.056s][debug  ][gc,ref         ] GC(168) Skipped phase 3 of Reference Processing: no references
[46.056s][debug  ][gc,ref         ] GC(168) Skipped phase 4 of Reference Processing: no references
[46.056s][debug  ][gc,phases,ref  ] GC(168) Reference Processing: 0.1ms
[46.056s][debug  ][gc,phases,ref  ] GC(168)   Reconsider SoftReferences: 0.0ms
[46.056s][debug  ][gc,phases,ref  ] GC(168)     SoftRef (ms):                  skipped
[46.056s][debug  ][gc,phases,ref  ] GC(168)   Notify Soft/WeakReferences: 0.0ms
[46.056s][debug  ][gc,phases,ref  ] GC(168)     SoftRef (ms):                  skipped
[46.056s][debug  ][gc,phases,ref  ] GC(168)     WeakRef (ms):                  skipped
[46.056s][debug  ][gc,phases,ref  ] GC(168)     FinalRef (ms):                 skipped
[46.056s][debug  ][gc,phases,ref  ] GC(168)     Total (ms):                    skipped
[46.056s][debug  ][gc,phases,ref  ] GC(168)   Notify and keep alive finalizable: 0.0ms
[46.056s][debug  ][gc,phases,ref  ] GC(168)     FinalRef (ms):                 skipped
[46.056s][debug  ][gc,phases,ref  ] GC(168)   Notify PhantomReferences: 0.0ms
[46.056s][debug  ][gc,phases,ref  ] GC(168)     PhantomRef (ms):               skipped
[46.056s][debug  ][gc,phases,ref  ] GC(168)   SoftReference:
[46.056s][debug  ][gc,phases,ref  ] GC(168)     Discovered: 0
[46.056s][debug  ][gc,phases,ref  ] GC(168)     Cleared: 0
[46.057s][debug  ][gc,phases,ref  ] GC(168)   WeakReference:
[46.057s][debug  ][gc,phases,ref  ] GC(168)     Discovered: 0
[46.057s][debug  ][gc,phases,ref  ] GC(168)     Cleared: 0
[46.057s][debug  ][gc,phases,ref  ] GC(168)   FinalReference:
[46.057s][debug  ][gc,phases,ref  ] GC(168)     Discovered: 0
[46.057s][debug  ][gc,phases,ref  ] GC(168)     Cleared: 0
[46.057s][debug  ][gc,phases,ref  ] GC(168)   PhantomReference:
[46.057s][debug  ][gc,phases,ref  ] GC(168)     Discovered: 0
[46.057s][debug  ][gc,phases,ref  ] GC(168)     Cleared: 0
[46.057s][debug  ][gc,phases      ] GC(168) Reference Processing 0.626ms
[46.057s][debug  ][gc,phases,start] GC(168) Weak Processing
[46.057s][debug  ][gc,phases      ] GC(168)   VM Weak                        Min:  0.0, Avg:  0.0, Max:  0.0, Diff:  0.0, Sum:  0.0, Workers: 6
[46.057s][debug  ][gc,phases      ] GC(168)     Dead                           Min: 0, Avg:  0.0, Max: 0, Diff: 0, Sum: 0, Workers: 6
[46.057s][debug  ][gc,phases      ] GC(168)     Total                          Min: 0, Avg:  1.3, Max: 8, Diff: 8, Sum: 8, Workers: 6
[46.057s][debug  ][gc,phases      ] GC(168)   ObjectSynchronizer Weak        Min:  0.0, Avg:  0.0, Max:  0.0, Diff:  0.0, Sum:  0.0, Workers: 6
[46.057s][debug  ][gc,phases      ] GC(168)     Dead                           Min: 0, Avg:  0.0, Max: 0, Diff: 0, Sum: 0, Workers: 6
[46.057s][debug  ][gc,phases      ] GC(168)     Total                          Min: 0, Avg:  0.5, Max: 3, Diff: 3, Sum: 3, Workers: 6
[46.057s][debug  ][gc,phases      ] GC(168)   JVMTI Tag Weak OopStorage      Min:  0.0, Avg:  0.0, Max:  0.0, Diff:  0.0, Sum:  0.0, Workers: 6
[46.057s][debug  ][gc,phases      ] GC(168)     Dead                           Min: 0, Avg:  0.0, Max: 0, Diff: 0, Sum: 0, Workers: 6
[46.057s][debug  ][gc,phases      ] GC(168)     Total                          Min: 0, Avg:  0.0, Max: 0, Diff: 0, Sum: 0, Workers: 6
[46.057s][debug  ][gc,phases      ] GC(168)   StringTable Weak               Min:  0.0, Avg:  0.0, Max:  0.0, Diff:  0.0, Sum:  0.0, Workers: 6
[46.057s][debug  ][gc,phases      ] GC(168)     Dead                           Min: 0, Avg:  0.0, Max: 0, Diff: 0, Sum: 0, Workers: 6
[46.057s][debug  ][gc,phases      ] GC(168)     Total                          Min: 748, Avg: 892.5, Max: 1151, Diff: 403, Sum: 5355, Workers: 6
[46.057s][debug  ][gc,phases      ] GC(168)   ResolvedMethodTable Weak       Min:  0.0, Avg:  0.0, Max:  0.0, Diff:  0.0, Sum:  0.0, Workers: 6
[46.057s][debug  ][gc,phases      ] GC(168)     Dead                           Min: 0, Avg:  0.0, Max: 0, Diff: 0, Sum: 0, Workers: 6
[46.057s][debug  ][gc,phases      ] GC(168)     Total                          Min: 0, Avg: 21.7, Max: 64, Diff: 64, Sum: 130, Workers: 6
[46.057s][debug  ][gc,phases      ] GC(168)   JNI Weak                       Min:  0.0, Avg:  0.0, Max:  0.0, Diff:  0.0, Sum:  0.0, Workers: 6
[46.057s][debug  ][gc,phases      ] GC(168)     Dead                           Min: 0, Avg:  0.0, Max: 0, Diff: 0, Sum: 0, Workers: 6
[46.057s][debug  ][gc,phases      ] GC(168)     Total                          Min: 0, Avg:  0.0, Max: 0, Diff: 0, Sum: 0, Workers: 6
[46.057s][debug  ][gc,phases      ] GC(168)   StringDedup Table Weak         Min:  0.0, Avg:  0.0, Max:  0.0, Diff:  0.0, Sum:  0.0, Workers: 6
[46.057s][debug  ][gc,phases      ] GC(168)     Dead                           Min: 0, Avg:  0.0, Max: 0, Diff: 0, Sum: 0, Workers: 6
[46.057s][debug  ][gc,phases      ] GC(168)     Total                          Min: 0, Avg:  0.0, Max: 0, Diff: 0, Sum: 0, Workers: 6
[46.057s][debug  ][gc,phases      ] GC(168)   StringDedup Requests0 Weak     Min:  0.0, Avg:  0.0, Max:  0.0, Diff:  0.0, Sum:  0.0, Workers: 6
[46.057s][debug  ][gc,phases      ] GC(168)     Dead                           Min: 0, Avg:  0.0, Max: 0, Diff: 0, Sum: 0, Workers: 6
[46.057s][debug  ][gc,phases      ] GC(168)     Total                          Min: 0, Avg:  0.0, Max: 0, Diff: 0, Sum: 0, Workers: 6
[46.057s][debug  ][gc,phases      ] GC(168)   StringDedup Requests1 Weak     Min:  0.0, Avg:  0.0, Max:  0.0, Diff:  0.0, Sum:  0.0, Workers: 6
[46.057s][debug  ][gc,phases      ] GC(168)     Dead                           Min: 0, Avg:  0.0, Max: 0, Diff: 0, Sum: 0, Workers: 6
[46.057s][debug  ][gc,phases      ] GC(168)     Total                          Min: 0, Avg:  0.0, Max: 0, Diff: 0, Sum: 0, Workers: 6
[46.057s][debug  ][gc,phases      ] GC(168)   Weak JFR Old Object Samples    Min:  0.0, Avg:  0.0, Max:  0.0, Diff:  0.0, Sum:  0.0, Workers: 6
[46.057s][debug  ][gc,phases      ] GC(168)     Dead                           Min: 0, Avg:  0.0, Max: 0, Diff: 0, Sum: 0, Workers: 6
[46.057s][debug  ][gc,phases      ] GC(168)     Total                          Min: 0, Avg:  0.0, Max: 0, Diff: 0, Sum: 0, Workers: 6
[46.057s][debug  ][gc,phases      ] GC(168) Weak Processing 0.768ms
[46.058s][debug  ][gc,ergo        ] GC(168) AdaptiveSizeStart:  collection: 169 
[46.058s][debug  ][gc,ergo        ] GC(168) avg_survived_padded_avg: 32482908.000000
[46.058s][debug  ][gc,ergo        ] GC(168) avg_promoted_padded_avg: 247784448.000000  avg_pretenured_padded_avg: 0.000000  tenuring_thresh: 1  target_size: 32505856
[46.058s][debug  ][gc,age         ] GC(168) Desired survivor size 32505856 bytes, new threshold 1 (max threshold 15)
[46.058s][debug  ][gc,ergo        ] GC(168) PSAdaptiveSizePolicy::compute_eden_space_size limits: desired_eden_size: 227865632 old_eden_size: 202375168 eden_limit: 202375168 cur_eden: 202375168 max_eden_size: 202375168 avg_young_live: 28654230
[46.058s][debug  ][gc,ergo        ] GC(168) PSAdaptiveSizePolicy::compute_eden_space_size: costs minor_time: 0.045758 major_cost: 0.027652 mutator_cost: 0.926590 throughput_goal: 0.990000
[46.058s][debug  ][gc,ergo        ] GC(168) Live_space: 901092096 free_space: 1884815360
[46.058s][debug  ][gc,ergo        ] GC(168) Old eden_size: 202375168 desired_eden_size: 202375168
[46.058s][debug  ][gc,ergo        ] GC(168) AdaptiveSizeStop: collection: 169 
[46.058s][info   ][gc,heap        ] GC(168) PSYoungGen: 218891K(229888K)->30720K(229888K) Eden: 188171K(197632K)->0K(197632K) From: 30720K(32256K)->30720K(32256K)
[46.058s][info   ][gc,heap        ] GC(168) ParOldGen: 841316K(2226688K)->1025636K(2226688K)
[46.058s][info   ][gc,metaspace   ] GC(168) Metaspace: 1026K(1216K)->1026K(1216K) NonClass: 942K(1024K)->942K(1024K) Class: 83K(192K)->83K(192K)
[46.058s][info   ][gc             ] GC(168) Pause Young (Allocation Failure) 1035M->1031M(2399M) 16.428ms
[46.058s][info   ][gc,cpu         ] GC(168) User=0.14s Sys=0.00s Real=0.02s
[46.058s][debug  ][gc,heap        ] GC(168) Heap after GC invocations=169 (full 24):
[46.058s][debug  ][gc,heap        ] GC(168)  PSYoungGen      total 229888K, used 30720K [0x00000007f0000000, 0x0000000800000000, 0x0000000800000000)
[46.058s][debug  ][gc,heap        ] GC(168)   eden space 197632K, 0% used [0x00000007f0000000,0x00000007f0000000,0x00000007fc100000)
[46.058s][debug  ][gc,heap        ] GC(168)   from space 32256K, 95% used [0x00000007fc100000,0x00000007fdf00030,0x00000007fe080000)
[46.058s][debug  ][gc,heap        ] GC(168)   to   space 31744K, 0% used [0x00000007fe100000,0x00000007fe100000,0x0000000800000000)
[46.058s][debug  ][gc,heap        ] GC(168)  ParOldGen       total 2226688K, used 1025636K [0x0000000700000000, 0x0000000787e80000, 0x00000007f0000000)
[46.058s][debug  ][gc,heap        ] GC(168)   object space 2226688K, 46% used [0x0000000700000000,0x000000073e999238,0x0000000787e80000)
[46.058s][debug  ][gc,heap        ] GC(168)  Metaspace       used 1026K, committed 1216K, reserved 1056768K
[46.058s][debug  ][gc,heap        ] GC(168)   class space    used 83K, committed 192K, reserved 1048576K
[46.058s][debug  ][gc,task,time   ] GC(168) VM-Thread 460409523 460560651 460580056
[46.340s][debug  ][gc,heap        ] GC(169) Heap before GC invocations=170 (full 24):
[46.340s][debug  ][gc,heap        ] GC(169)  PSYoungGen      total 229888K, used 218898K [0x00000007f0000000, 0x0000000800000000, 0x0000000800000000)
[46.340s][debug  ][gc,heap        ] GC(169)   eden space 197632K, 95% used [0x00000007f0000000,0x00000007fb7c4ab8,0x00000007fc100000)
[46.340s][debug  ][gc,heap        ] GC(169)   from space 32256K, 95% used [0x00000007fc100000,0x00000007fdf00030,0x00000007fe080000)
[46.340s][debug  ][gc,heap        ] GC(169)   to   space 31744K, 0% used [0x00000007fe100000,0x00000007fe100000,0x0000000800000000)
[46.341s][debug  ][gc,heap        ] GC(169)  ParOldGen       total 2226688K, used 1025636K [0x0000000700000000, 0x0000000787e80000, 0x00000007f0000000)
[46.341s][debug  ][gc,heap        ] GC(169)   object space 2226688K, 46% used [0x0000000700000000,0x000000073e999238,0x0000000787e80000)
[46.341s][debug  ][gc,heap        ] GC(169)  Metaspace       used 1026K, committed 1216K, reserved 1056768K
[46.341s][debug  ][gc,heap        ] GC(169)   class space    used 83K, committed 192K, reserved 1048576K
[46.341s][debug  ][gc,tlab        ] GC(169) TLAB totals: thrds: 1  refills: 1 max: 1 slow allocs: 17 max 17 waste: 27.4% gc: 3951000B max: 3951000B slow: 0B max: 0B
[46.341s][info   ][gc,start       ] GC(169) Pause Young (Allocation Failure)
[46.341s][debug  ][gc,phases,start] GC(169) Scavenge
[46.355s][debug  ][gc,phases      ] GC(169) Scavenge 14.605ms
[46.355s][debug  ][gc,phases,start] GC(169) Reference Processing
[46.355s][debug  ][gc,ref         ] GC(169) Skipped phase 1 of Reference Processing: no references
[46.355s][debug  ][gc,ref         ] GC(169) Skipped phase 2 of Reference Processing: no references
[46.355s][debug  ][gc,ref         ] GC(169) Skipped phase 3 of Reference Processing: no references
[46.355s][debug  ][gc,ref         ] GC(169) Skipped phase 4 of Reference Processing: no references
[46.355s][debug  ][gc,phases,ref  ] GC(169) Reference Processing: 0.1ms
[46.355s][debug  ][gc,phases,ref  ] GC(169)   Reconsider SoftReferences: 0.0ms
[46.356s][debug  ][gc,phases,ref  ] GC(169)     SoftRef (ms):                  skipped
[46.356s][debug  ][gc,phases,ref  ] GC(169)   Notify Soft/WeakReferences: 0.0ms
[46.356s][debug  ][gc,phases,ref  ] GC(169)     SoftRef (ms):                  skipped
[46.356s][debug  ][gc,phases,ref  ] GC(169)     WeakRef (ms):                  skipped
[46.356s][debug  ][gc,phases,ref  ] GC(169)     FinalRef (ms):                 skipped
[46.356s][debug  ][gc,phases,ref  ] GC(169)     Total (ms):                    skipped
[46.356s][debug  ][gc,phases,ref  ] GC(169)   Notify and keep alive finalizable: 0.0ms
[46.356s][debug  ][gc,phases,ref  ] GC(169)     FinalRef (ms):                 skipped
[46.356s][debug  ][gc,phases,ref  ] GC(169)   Notify PhantomReferences: 0.0ms
[46.356s][debug  ][gc,phases,ref  ] GC(169)     PhantomRef (ms):               skipped
[46.356s][debug  ][gc,phases,ref  ] GC(169)   SoftReference:
[46.356s][debug  ][gc,phases,ref  ] GC(169)     Discovered: 0
[46.356s][debug  ][gc,phases,ref  ] GC(169)     Cleared: 0
[46.356s][debug  ][gc,phases,ref  ] GC(169)   WeakReference:
[46.356s][debug  ][gc,phases,ref  ] GC(169)     Discovered: 0
[46.356s][debug  ][gc,phases,ref  ] GC(169)     Cleared: 0
[46.356s][debug  ][gc,phases,ref  ] GC(169)   FinalReference:
[46.356s][debug  ][gc,phases,ref  ] GC(169)     Discovered: 0
[46.356s][debug  ][gc,phases,ref  ] GC(169)     Cleared: 0
[46.356s][debug  ][gc,phases,ref  ] GC(169)   PhantomReference:
[46.356s][debug  ][gc,phases,ref  ] GC(169)     Discovered: 0
[46.356s][debug  ][gc,phases,ref  ] GC(169)     Cleared: 0
[46.356s][debug  ][gc,phases      ] GC(169) Reference Processing 0.577ms
[46.356s][debug  ][gc,phases,start] GC(169) Weak Processing
[46.356s][debug  ][gc,phases      ] GC(169)   VM Weak                        Min:  0.0, Avg:  0.0, Max:  0.0, Diff:  0.0, Sum:  0.0, Workers: 6
[46.356s][debug  ][gc,phases      ] GC(169)     Dead                           Min: 0, Avg:  0.0, Max: 0, Diff: 0, Sum: 0, Workers: 6
[46.356s][debug  ][gc,phases      ] GC(169)     Total                          Min: 0, Avg:  1.3, Max: 8, Diff: 8, Sum: 8, Workers: 6
[46.356s][debug  ][gc,phases      ] GC(169)   ObjectSynchronizer Weak        Min:  0.0, Avg:  0.0, Max:  0.0, Diff:  0.0, Sum:  0.0, Workers: 6
[46.356s][debug  ][gc,phases      ] GC(169)     Dead                           Min: 0, Avg:  0.0, Max: 0, Diff: 0, Sum: 0, Workers: 6
[46.356s][debug  ][gc,phases      ] GC(169)     Total                          Min: 0, Avg:  0.5, Max: 3, Diff: 3, Sum: 3, Workers: 6
[46.356s][debug  ][gc,phases      ] GC(169)   JVMTI Tag Weak OopStorage      Min:  0.0, Avg:  0.0, Max:  0.0, Diff:  0.0, Sum:  0.0, Workers: 6
[46.356s][debug  ][gc,phases      ] GC(169)     Dead                           Min: 0, Avg:  0.0, Max: 0, Diff: 0, Sum: 0, Workers: 6
[46.356s][debug  ][gc,phases      ] GC(169)     Total                          Min: 0, Avg:  0.0, Max: 0, Diff: 0, Sum: 0, Workers: 6
[46.356s][debug  ][gc,phases      ] GC(169)   StringTable Weak               Min:  0.0, Avg:  0.0, Max:  0.0, Diff:  0.0, Sum:  0.0, Workers: 6
[46.356s][debug  ][gc,phases      ] GC(169)     Dead                           Min: 0, Avg:  0.0, Max: 0, Diff: 0, Sum: 0, Workers: 6
[46.356s][debug  ][gc,phases      ] GC(169)     Total                          Min: 811, Avg: 892.5, Max: 1024, Diff: 213, Sum: 5355, Workers: 6
[46.356s][debug  ][gc,phases      ] GC(169)   ResolvedMethodTable Weak       Min:  0.0, Avg:  0.0, Max:  0.0, Diff:  0.0, Sum:  0.0, Workers: 6
[46.356s][debug  ][gc,phases      ] GC(169)     Dead                           Min: 0, Avg:  0.0, Max: 0, Diff: 0, Sum: 0, Workers: 6
[46.356s][debug  ][gc,phases      ] GC(169)     Total                          Min: 0, Avg: 21.7, Max: 64, Diff: 64, Sum: 130, Workers: 6
[46.356s][debug  ][gc,phases      ] GC(169)   JNI Weak                       Min:  0.0, Avg:  0.0, Max:  0.0, Diff:  0.0, Sum:  0.0, Workers: 6
[46.356s][debug  ][gc,phases      ] GC(169)     Dead                           Min: 0, Avg:  0.0, Max: 0, Diff: 0, Sum: 0, Workers: 6
[46.356s][debug  ][gc,phases      ] GC(169)     Total                          Min: 0, Avg:  0.0, Max: 0, Diff: 0, Sum: 0, Workers: 6
[46.356s][debug  ][gc,phases      ] GC(169)   StringDedup Table Weak         Min:  0.0, Avg:  0.0, Max:  0.0, Diff:  0.0, Sum:  0.0, Workers: 6
[46.356s][debug  ][gc,phases      ] GC(169)     Dead                           Min: 0, Avg:  0.0, Max: 0, Diff: 0, Sum: 0, Workers: 6
[46.356s][debug  ][gc,phases      ] GC(169)     Total                          Min: 0, Avg:  0.0, Max: 0, Diff: 0, Sum: 0, Workers: 6
[46.356s][debug  ][gc,phases      ] GC(169)   StringDedup Requests0 Weak     Min:  0.0, Avg:  0.0, Max:  0.0, Diff:  0.0, Sum:  0.0, Workers: 6
[46.356s][debug  ][gc,phases      ] GC(169)     Dead                           Min: 0, Avg:  0.0, Max: 0, Diff: 0, Sum: 0, Workers: 6
[46.357s][debug  ][gc,phases      ] GC(169)     Total                          Min: 0, Avg:  0.0, Max: 0, Diff: 0, Sum: 0, Workers: 6
[46.357s][debug  ][gc,phases      ] GC(169)   StringDedup Requests1 Weak     Min:  0.0, Avg:  0.0, Max:  0.0, Diff:  0.0, Sum:  0.0, Workers: 6
[46.357s][debug  ][gc,phases      ] GC(169)     Dead                           Min: 0, Avg:  0.0, Max: 0, Diff: 0, Sum: 0, Workers: 6
[46.357s][debug  ][gc,phases      ] GC(169)     Total                          Min: 0, Avg:  0.0, Max: 0, Diff: 0, Sum: 0, Workers: 6
[46.357s][debug  ][gc,phases      ] GC(169)   Weak JFR Old Object Samples    Min:  0.0, Avg:  0.0, Max:  0.0, Diff:  0.0, Sum:  0.0, Workers: 6
[46.357s][debug  ][gc,phases      ] GC(169)     Dead                           Min: 0, Avg:  0.0, Max: 0, Diff: 0, Sum: 0, Workers: 6
[46.357s][debug  ][gc,phases      ] GC(169)     Total                          Min: 0, Avg:  0.0, Max: 0, Diff: 0, Sum: 0, Workers: 6
[46.357s][debug  ][gc,phases      ] GC(169) Weak Processing 0.761ms
[46.357s][debug  ][gc,ergo        ] GC(169) AdaptiveSizeStart:  collection: 170 
[46.357s][debug  ][gc,ergo        ] GC(169) avg_survived_padded_avg: 32401134.000000
[46.357s][debug  ][gc,ergo        ] GC(169) avg_promoted_padded_avg: 251054912.000000  avg_pretenured_padded_avg: 0.000000  tenuring_thresh: 1  target_size: 32505856
[46.357s][debug  ][gc,age         ] GC(169) Desired survivor size 32505856 bytes, new threshold 1 (max threshold 15)
[46.357s][debug  ][gc,ergo        ] GC(169) PSAdaptiveSizePolicy::compute_eden_space_size limits: desired_eden_size: 228270591 old_eden_size: 202375168 eden_limit: 202899456 cur_eden: 202375168 max_eden_size: 202899456 avg_young_live: 28934540
[46.357s][debug  ][gc,ergo        ] GC(169) PSAdaptiveSizePolicy::compute_eden_space_size: costs minor_time: 0.047740 major_cost: 0.027652 mutator_cost: 0.924608 throughput_goal: 0.990000
[46.357s][debug  ][gc,ergo        ] GC(169) Live_space: 901372352 free_space: 1884815360
[46.357s][debug  ][gc,ergo        ] GC(169) Old eden_size: 202375168 desired_eden_size: 202899456
[46.357s][debug  ][gc,ergo        ] GC(169) AdaptiveSizeStop: collection: 170 
[46.357s][info   ][gc,heap        ] GC(169) PSYoungGen: 218898K(229888K)->30720K(230400K) Eden: 188178K(197632K)->0K(198656K) From: 30720K(32256K)->30720K(31744K)
[46.357s][info   ][gc,heap        ] GC(169) ParOldGen: 1025636K(2226688K)->1209956K(2226688K)
[46.357s][info   ][gc,metaspace   ] GC(169) Metaspace: 1026K(1216K)->1026K(1216K) NonClass: 942K(1024K)->942K(1024K) Class: 83K(192K)->83K(192K)
[46.357s][info   ][gc             ] GC(169) Pause Young (Allocation Failure) 1215M->1211M(2399M) 16.373ms
[46.357s][info   ][gc,cpu         ] GC(169) User=0.16s Sys=0.00s Real=0.02s
[46.357s][debug  ][gc,heap        ] GC(169) Heap after GC invocations=170 (full 24):
[46.357s][debug  ][gc,heap        ] GC(169)  PSYoungGen      total 230400K, used 30720K [0x00000007f0000000, 0x0000000800000000, 0x0000000800000000)
[46.357s][debug  ][gc,heap        ] GC(169)   eden space 198656K, 0% used [0x00000007f0000000,0x00000007f0000000,0x00000007fc200000)
[46.357s][debug  ][gc,heap        ] GC(169)   from space 31744K, 96% used [0x00000007fe100000,0x00000007fff00030,0x0000000800000000)
[46.357s][debug  ][gc,heap        ] GC(169)   to   space 31744K, 0% used [0x00000007fc200000,0x00000007fc200000,0x00000007fe100000)
[46.357s][debug  ][gc,heap        ] GC(169)  ParOldGen       total 2226688K, used 1209956K [0x0000000700000000, 0x0000000787e80000, 0x00000007f0000000)
[46.357s][debug  ][gc,heap        ] GC(169)   object space 2226688K, 54% used [0x0000000700000000,0x0000000749d99358,0x0000000787e80000)
[46.357s][debug  ][gc,heap        ] GC(169)  Metaspace       used 1026K, committed 1216K, reserved 1056768K
[46.357s][debug  ][gc,heap        ] GC(169)   class space    used 83K, committed 192K, reserved 1048576K
[46.357s][debug  ][gc,task,time   ] GC(169) VM-Thread 463403127 463553615 463572521
[46.658s][debug  ][gc,heap        ] GC(170) Heap before GC invocations=171 (full 24):
[46.658s][debug  ][gc,heap        ] GC(170)  PSYoungGen      total 230400K, used 229163K [0x00000007f0000000, 0x0000000800000000, 0x0000000800000000)
[46.658s][debug  ][gc,heap        ] GC(170)   eden space 198656K, 99% used [0x00000007f0000000,0x00000007fc1cad50,0x00000007fc200000)
[46.658s][debug  ][gc,heap        ] GC(170)   from space 31744K, 96% used [0x00000007fe100000,0x00000007fff00030,0x0000000800000000)
[46.658s][debug  ][gc,heap        ] GC(170)   to   space 31744K, 0% used [0x00000007fc200000,0x00000007fc200000,0x00000007fe100000)
[46.658s][debug  ][gc,heap        ] GC(170)  ParOldGen       total 2226688K, used 1209956K [0x0000000700000000, 0x0000000787e80000, 0x00000007f0000000)
[46.659s][debug  ][gc,heap        ] GC(170)   object space 2226688K, 54% used [0x0000000700000000,0x0000000749d99358,0x0000000787e80000)
[46.659s][debug  ][gc,heap        ] GC(170)  Metaspace       used 1026K, committed 1216K, reserved 1056768K
[46.659s][debug  ][gc,heap        ] GC(170)   class space    used 83K, committed 192K, reserved 1048576K
[46.659s][debug  ][gc,tlab        ] GC(170) TLAB totals: thrds: 1  refills: 1 max: 1 slow allocs: 18 max 18 waste: 27.5% gc: 3976224B max: 3976224B slow: 0B max: 0B
[46.659s][info   ][gc,start       ] GC(170) Pause Young (Allocation Failure)
[46.659s][debug  ][gc,phases,start] GC(170) Scavenge
[46.674s][debug  ][gc,phases      ] GC(170) Scavenge 15.456ms
[46.674s][debug  ][gc,phases,start] GC(170) Reference Processing
[46.674s][debug  ][gc,ref         ] GC(170) Skipped phase 1 of Reference Processing: no references
[46.674s][debug  ][gc,ref         ] GC(170) Skipped phase 2 of Reference Processing: no references
[46.674s][debug  ][gc,ref         ] GC(170) Skipped phase 3 of Reference Processing: no references
[46.674s][debug  ][gc,ref         ] GC(170) Skipped phase 4 of Reference Processing: no references
[46.674s][debug  ][gc,phases,ref  ] GC(170) Reference Processing: 0.1ms
[46.674s][debug  ][gc,phases,ref  ] GC(170)   Reconsider SoftReferences: 0.0ms
[46.674s][debug  ][gc,phases,ref  ] GC(170)     SoftRef (ms):                  skipped
[46.674s][debug  ][gc,phases,ref  ] GC(170)   Notify Soft/WeakReferences: 0.0ms
[46.674s][debug  ][gc,phases,ref  ] GC(170)     SoftRef (ms):                  skipped
[46.674s][debug  ][gc,phases,ref  ] GC(170)     WeakRef (ms):                  skipped
[46.674s][debug  ][gc,phases,ref  ] GC(170)     FinalRef (ms):                 skipped
[46.675s][debug  ][gc,phases,ref  ] GC(170)     Total (ms):                    skipped
[46.675s][debug  ][gc,phases,ref  ] GC(170)   Notify and keep alive finalizable: 0.0ms
[46.675s][debug  ][gc,phases,ref  ] GC(170)     FinalRef (ms):                 skipped
[46.675s][debug  ][gc,phases,ref  ] GC(170)   Notify PhantomReferences: 0.0ms
[46.675s][debug  ][gc,phases,ref  ] GC(170)     PhantomRef (ms):               skipped
[46.675s][debug  ][gc,phases,ref  ] GC(170)   SoftReference:
[46.675s][debug  ][gc,phases,ref  ] GC(170)     Discovered: 0
[46.675s][debug  ][gc,phases,ref  ] GC(170)     Cleared: 0
[46.675s][debug  ][gc,phases,ref  ] GC(170)   WeakReference:
[46.675s][debug  ][gc,phases,ref  ] GC(170)     Discovered: 0
[46.675s][debug  ][gc,phases,ref  ] GC(170)     Cleared: 0
[46.675s][debug  ][gc,phases,ref  ] GC(170)   FinalReference:
[46.675s][debug  ][gc,phases,ref  ] GC(170)     Discovered: 0
[46.675s][debug  ][gc,phases,ref  ] GC(170)     Cleared: 0
[46.675s][debug  ][gc,phases,ref  ] GC(170)   PhantomReference:
[46.675s][debug  ][gc,phases,ref  ] GC(170)     Discovered: 0
[46.675s][debug  ][gc,phases,ref  ] GC(170)     Cleared: 0
[46.675s][debug  ][gc,phases      ] GC(170) Reference Processing 0.563ms
[46.675s][debug  ][gc,phases,start] GC(170) Weak Processing
[46.675s][debug  ][gc,phases      ] GC(170)   VM Weak                        Min:  0.0, Avg:  0.0, Max:  0.0, Diff:  0.0, Sum:  0.0, Workers: 6
[46.675s][debug  ][gc,phases      ] GC(170)     Dead                           Min: 0, Avg:  0.0, Max: 0, Diff: 0, Sum: 0, Workers: 6
[46.675s][debug  ][gc,phases      ] GC(170)     Total                          Min: 0, Avg:  1.3, Max: 8, Diff: 8, Sum: 8, Workers: 6
[46.675s][debug  ][gc,phases      ] GC(170)   ObjectSynchronizer Weak        Min:  0.0, Avg:  0.0, Max:  0.0, Diff:  0.0, Sum:  0.0, Workers: 6
[46.675s][debug  ][gc,phases      ] GC(170)     Dead                           Min: 0, Avg:  0.0, Max: 0, Diff: 0, Sum: 0, Workers: 6
[46.675s][debug  ][gc,phases      ] GC(170)     Total                          Min: 0, Avg:  0.5, Max: 3, Diff: 3, Sum: 3, Workers: 6
[46.675s][debug  ][gc,phases      ] GC(170)   JVMTI Tag Weak OopStorage      Min:  0.0, Avg:  0.0, Max:  0.0, Diff:  0.0, Sum:  0.0, Workers: 6
[46.675s][debug  ][gc,phases      ] GC(170)     Dead                           Min: 0, Avg:  0.0, Max: 0, Diff: 0, Sum: 0, Workers: 6
[46.675s][debug  ][gc,phases      ] GC(170)     Total                          Min: 0, Avg:  0.0, Max: 0, Diff: 0, Sum: 0, Workers: 6
[46.675s][debug  ][gc,phases      ] GC(170)   StringTable Weak               Min:  0.0, Avg:  0.0, Max:  0.0, Diff:  0.0, Sum:  0.0, Workers: 6
[46.675s][debug  ][gc,phases      ] GC(170)     Dead                           Min: 0, Avg:  0.0, Max: 0, Diff: 0, Sum: 0, Workers: 6
[46.675s][debug  ][gc,phases      ] GC(170)     Total                          Min: 748, Avg: 892.5, Max: 1088, Diff: 340, Sum: 5355, Workers: 6
[46.675s][debug  ][gc,phases      ] GC(170)   ResolvedMethodTable Weak       Min:  0.0, Avg:  0.0, Max:  0.0, Diff:  0.0, Sum:  0.0, Workers: 6
[46.675s][debug  ][gc,phases      ] GC(170)     Dead                           Min: 0, Avg:  0.0, Max: 0, Diff: 0, Sum: 0, Workers: 6
[46.675s][debug  ][gc,phases      ] GC(170)     Total                          Min: 0, Avg: 21.7, Max: 64, Diff: 64, Sum: 130, Workers: 6
[46.675s][debug  ][gc,phases      ] GC(170)   JNI Weak                       Min:  0.0, Avg:  0.0, Max:  0.0, Diff:  0.0, Sum:  0.0, Workers: 6
[46.675s][debug  ][gc,phases      ] GC(170)     Dead                           Min: 0, Avg:  0.0, Max: 0, Diff: 0, Sum: 0, Workers: 6
[46.675s][debug  ][gc,phases      ] GC(170)     Total                          Min: 0, Avg:  0.0, Max: 0, Diff: 0, Sum: 0, Workers: 6
[46.675s][debug  ][gc,phases      ] GC(170)   StringDedup Table Weak         Min:  0.0, Avg:  0.0, Max:  0.0, Diff:  0.0, Sum:  0.0, Workers: 6
[46.675s][debug  ][gc,phases      ] GC(170)     Dead                           Min: 0, Avg:  0.0, Max: 0, Diff: 0, Sum: 0, Workers: 6
[46.675s][debug  ][gc,phases      ] GC(170)     Total                          Min: 0, Avg:  0.0, Max: 0, Diff: 0, Sum: 0, Workers: 6
[46.675s][debug  ][gc,phases      ] GC(170)   StringDedup Requests0 Weak     Min:  0.0, Avg:  0.0, Max:  0.0, Diff:  0.0, Sum:  0.0, Workers: 6
[46.675s][debug  ][gc,phases      ] GC(170)     Dead                           Min: 0, Avg:  0.0, Max: 0, Diff: 0, Sum: 0, Workers: 6
[46.675s][debug  ][gc,phases      ] GC(170)     Total                          Min: 0, Avg:  0.0, Max: 0, Diff: 0, Sum: 0, Workers: 6
[46.675s][debug  ][gc,phases      ] GC(170)   StringDedup Requests1 Weak     Min:  0.0, Avg:  0.0, Max:  0.0, Diff:  0.0, Sum:  0.0, Workers: 6
[46.675s][debug  ][gc,phases      ] GC(170)     Dead                           Min: 0, Avg:  0.0, Max: 0, Diff: 0, Sum: 0, Workers: 6
[46.675s][debug  ][gc,phases      ] GC(170)     Total                          Min: 0, Avg:  0.0, Max: 0, Diff: 0, Sum: 0, Workers: 6
[46.675s][debug  ][gc,phases      ] GC(170)   Weak JFR Old Object Samples    Min:  0.0, Avg:  0.0, Max:  0.0, Diff:  0.0, Sum:  0.0, Workers: 6
[46.675s][debug  ][gc,phases      ] GC(170)     Dead                           Min: 0, Avg:  0.0, Max: 0, Diff: 0, Sum: 0, Workers: 6
[46.675s][debug  ][gc,phases      ] GC(170)     Total                          Min: 0, Avg:  0.0, Max: 0, Diff: 0, Sum: 0, Workers: 6
[46.676s][debug  ][gc,phases      ] GC(170) Weak Processing 0.668ms
[46.676s][debug  ][gc,ergo        ] GC(170) AdaptiveSizeStart:  collection: 171 
[46.676s][debug  ][gc,ergo        ] GC(170) avg_survived_padded_avg: 32325460.000000
[46.676s][debug  ][gc,ergo        ] GC(170) avg_promoted_padded_avg: 256960576.000000  avg_pretenured_padded_avg: 0.000000  tenuring_thresh: 1  target_size: 32505856
[46.676s][debug  ][gc,age         ] GC(170) Desired survivor size 32505856 bytes, new threshold 1 (max threshold 15)
[46.676s][debug  ][gc,ergo        ] GC(170) PSAdaptiveSizePolicy::compute_eden_space_size limits: desired_eden_size: 229560453 old_eden_size: 202899456 eden_limit: 203423744 cur_eden: 203423744 max_eden_size: 203423744 avg_young_live: 29186818
[46.676s][debug  ][gc,ergo        ] GC(170) PSAdaptiveSizePolicy::compute_eden_space_size: costs minor_time: 0.048973 major_cost: 0.027652 mutator_cost: 0.923375 throughput_goal: 0.990000
[46.676s][debug  ][gc,ergo        ] GC(170) Live_space: 901624640 free_space: 1885339648
[46.676s][debug  ][gc,ergo        ] GC(170) Old eden_size: 202899456 desired_eden_size: 203423744
[46.676s][debug  ][gc,ergo        ] GC(170) AdaptiveSizeStop: collection: 171 
[46.676s][info   ][gc,heap        ] GC(170) PSYoungGen: 229163K(230400K)->30720K(230400K) Eden: 198443K(198656K)->0K(198656K) From: 30720K(31744K)->30720K(31744K)
[46.676s][info   ][gc,heap        ] GC(170) ParOldGen: 1209956K(2226688K)->1404517K(2226688K)
[46.676s][info   ][gc,metaspace   ] GC(170) Metaspace: 1026K(1216K)->1026K(1216K) NonClass: 942K(1024K)->942K(1024K) Class: 83K(192K)->83K(192K)
[46.676s][info   ][gc             ] GC(170) Pause Young (Allocation Failure) 1405M->1401M(2399M) 17.108ms
[46.676s][info   ][gc,cpu         ] GC(170) User=0.16s Sys=0.00s Real=0.02s
[46.676s][debug  ][gc,heap        ] GC(170) Heap after GC invocations=171 (full 24):
[46.676s][debug  ][gc,heap        ] GC(170)  PSYoungGen      total 230400K, used 30720K [0x00000007f0000000, 0x0000000800000000, 0x0000000800000000)
[46.676s][debug  ][gc,heap        ] GC(170)   eden space 198656K, 0% used [0x00000007f0000000,0x00000007f0000000,0x00000007fc200000)
[46.676s][debug  ][gc,heap        ] GC(170)   from space 31744K, 96% used [0x00000007fc200000,0x00000007fe000030,0x00000007fe100000)
[46.676s][debug  ][gc,heap        ] GC(170)   to   space 31744K, 0% used [0x00000007fe100000,0x00000007fe100000,0x0000000800000000)
[46.676s][debug  ][gc,heap        ] GC(170)  ParOldGen       total 2226688K, used 1404517K [0x0000000700000000, 0x0000000787e80000, 0x00000007f0000000)
[46.676s][debug  ][gc,heap        ] GC(170)   object space 2226688K, 63% used [0x0000000700000000,0x0000000755b99488,0x0000000787e80000)
[46.676s][debug  ][gc,heap        ] GC(170)  Metaspace       used 1026K, committed 1216K, reserved 1056768K
[46.676s][debug  ][gc,heap        ] GC(170)   class space    used 83K, committed 192K, reserved 1048576K
[46.676s][debug  ][gc,task,time   ] GC(170) VM-Thread 466582341 466742630 466760356
[46.977s][debug  ][gc,heap        ] GC(171) Heap before GC invocations=172 (full 24):
[46.977s][debug  ][gc,heap        ] GC(171)  PSYoungGen      total 230400K, used 229167K [0x00000007f0000000, 0x0000000800000000, 0x0000000800000000)
[46.977s][debug  ][gc,heap        ] GC(171)   eden space 198656K, 99% used [0x00000007f0000000,0x00000007fc1cbe98,0x00000007fc200000)
[46.977s][debug  ][gc,heap        ] GC(171)   from space 31744K, 96% used [0x00000007fc200000,0x00000007fe000030,0x00000007fe100000)
[46.978s][debug  ][gc,heap        ] GC(171)   to   space 31744K, 0% used [0x00000007fe100000,0x00000007fe100000,0x0000000800000000)
[46.978s][debug  ][gc,heap        ] GC(171)  ParOldGen       total 2226688K, used 1404517K [0x0000000700000000, 0x0000000787e80000, 0x00000007f0000000)
[46.978s][debug  ][gc,heap        ] GC(171)   object space 2226688K, 63% used [0x0000000700000000,0x0000000755b99488,0x0000000787e80000)
[46.978s][debug  ][gc,heap        ] GC(171)  Metaspace       used 1026K, committed 1216K, reserved 1056768K
[46.978s][debug  ][gc,heap        ] GC(171)   class space    used 83K, committed 192K, reserved 1048576K
[46.978s][debug  ][gc,tlab        ] GC(171) TLAB totals: thrds: 1  refills: 1 max: 1 slow allocs: 18 max 18 waste: 27.5% gc: 3980648B max: 3980648B slow: 0B max: 0B
[46.978s][info   ][gc,start       ] GC(171) Pause Young (Allocation Failure)
[46.978s][debug  ][gc,phases,start] GC(171) Scavenge
[46.993s][debug  ][gc,phases      ] GC(171) Scavenge 15.512ms
[46.993s][debug  ][gc,phases,start] GC(171) Reference Processing
[46.993s][debug  ][gc,ref         ] GC(171) Skipped phase 1 of Reference Processing: no references
[46.993s][debug  ][gc,ref         ] GC(171) Skipped phase 2 of Reference Processing: no references
[46.993s][debug  ][gc,ref         ] GC(171) Skipped phase 3 of Reference Processing: no references
[46.993s][debug  ][gc,ref         ] GC(171) Skipped phase 4 of Reference Processing: no references
[46.993s][debug  ][gc,phases,ref  ] GC(171) Reference Processing: 0.1ms
[46.994s][debug  ][gc,phases,ref  ] GC(171)   Reconsider SoftReferences: 0.0ms
[46.994s][debug  ][gc,phases,ref  ] GC(171)     SoftRef (ms):                  skipped
[46.994s][debug  ][gc,phases,ref  ] GC(171)   Notify Soft/WeakReferences: 0.0ms
[46.994s][debug  ][gc,phases,ref  ] GC(171)     SoftRef (ms):                  skipped
[46.994s][debug  ][gc,phases,ref  ] GC(171)     WeakRef (ms):                  skipped
[46.994s][debug  ][gc,phases,ref  ] GC(171)     FinalRef (ms):                 skipped
[46.994s][debug  ][gc,phases,ref  ] GC(171)     Total (ms):                    skipped
[46.994s][debug  ][gc,phases,ref  ] GC(171)   Notify and keep alive finalizable: 0.0ms
[46.994s][debug  ][gc,phases,ref  ] GC(171)     FinalRef (ms):                 skipped
[46.994s][debug  ][gc,phases,ref  ] GC(171)   Notify PhantomReferences: 0.0ms
[46.994s][debug  ][gc,phases,ref  ] GC(171)     PhantomRef (ms):               skipped
[46.994s][debug  ][gc,phases,ref  ] GC(171)   SoftReference:
[46.994s][debug  ][gc,phases,ref  ] GC(171)     Discovered: 0
[46.994s][debug  ][gc,phases,ref  ] GC(171)     Cleared: 0
[46.994s][debug  ][gc,phases,ref  ] GC(171)   WeakReference:
[46.994s][debug  ][gc,phases,ref  ] GC(171)     Discovered: 0
[46.994s][debug  ][gc,phases,ref  ] GC(171)     Cleared: 0
[46.994s][debug  ][gc,phases,ref  ] GC(171)   FinalReference:
[46.994s][debug  ][gc,phases,ref  ] GC(171)     Discovered: 0
[46.994s][debug  ][gc,phases,ref  ] GC(171)     Cleared: 0
[46.994s][debug  ][gc,phases,ref  ] GC(171)   PhantomReference:
[46.994s][debug  ][gc,phases,ref  ] GC(171)     Discovered: 0
[46.994s][debug  ][gc,phases,ref  ] GC(171)     Cleared: 0
[46.994s][debug  ][gc,phases      ] GC(171) Reference Processing 0.586ms
[46.994s][debug  ][gc,phases,start] GC(171) Weak Processing
[46.994s][debug  ][gc,phases      ] GC(171)   VM Weak                        Min:  0.0, Avg:  0.0, Max:  0.0, Diff:  0.0, Sum:  0.0, Workers: 6
[46.994s][debug  ][gc,phases      ] GC(171)     Dead                           Min: 0, Avg:  0.0, Max: 0, Diff: 0, Sum: 0, Workers: 6
[46.994s][debug  ][gc,phases      ] GC(171)     Total                          Min: 0, Avg:  1.3, Max: 8, Diff: 8, Sum: 8, Workers: 6
[46.994s][debug  ][gc,phases      ] GC(171)   ObjectSynchronizer Weak        Min:  0.0, Avg:  0.0, Max:  0.0, Diff:  0.0, Sum:  0.0, Workers: 6
[46.994s][debug  ][gc,phases      ] GC(171)     Dead                           Min: 0, Avg:  0.0, Max: 0, Diff: 0, Sum: 0, Workers: 6
[46.994s][debug  ][gc,phases      ] GC(171)     Total                          Min: 0, Avg:  0.5, Max: 3, Diff: 3, Sum: 3, Workers: 6
[46.994s][debug  ][gc,phases      ] GC(171)   JVMTI Tag Weak OopStorage      Min:  0.0, Avg:  0.0, Max:  0.0, Diff:  0.0, Sum:  0.0, Workers: 6
[46.994s][debug  ][gc,phases      ] GC(171)     Dead                           Min: 0, Avg:  0.0, Max: 0, Diff: 0, Sum: 0, Workers: 6
[46.994s][debug  ][gc,phases      ] GC(171)     Total                          Min: 0, Avg:  0.0, Max: 0, Diff: 0, Sum: 0, Workers: 6
[46.994s][debug  ][gc,phases      ] GC(171)   StringTable Weak               Min:  0.0, Avg:  0.0, Max:  0.0, Diff:  0.0, Sum:  0.0, Workers: 6
[46.994s][debug  ][gc,phases      ] GC(171)     Dead                           Min: 0, Avg:  0.0, Max: 0, Diff: 0, Sum: 0, Workers: 6
[46.994s][debug  ][gc,phases      ] GC(171)     Total                          Min: 704, Avg: 892.5, Max: 1024, Diff: 320, Sum: 5355, Workers: 6
[46.994s][debug  ][gc,phases      ] GC(171)   ResolvedMethodTable Weak       Min:  0.0, Avg:  0.0, Max:  0.0, Diff:  0.0, Sum:  0.0, Workers: 6
[46.994s][debug  ][gc,phases      ] GC(171)     Dead                           Min: 0, Avg:  0.0, Max: 0, Diff: 0, Sum: 0, Workers: 6
[46.994s][debug  ][gc,phases      ] GC(171)     Total                          Min: 0, Avg: 21.7, Max: 64, Diff: 64, Sum: 130, Workers: 6
[46.994s][debug  ][gc,phases      ] GC(171)   JNI Weak                       Min:  0.0, Avg:  0.0, Max:  0.0, Diff:  0.0, Sum:  0.0, Workers: 6
[46.994s][debug  ][gc,phases      ] GC(171)     Dead                           Min: 0, Avg:  0.0, Max: 0, Diff: 0, Sum: 0, Workers: 6
[46.994s][debug  ][gc,phases      ] GC(171)     Total                          Min: 0, Avg:  0.0, Max: 0, Diff: 0, Sum: 0, Workers: 6
[46.994s][debug  ][gc,phases      ] GC(171)   StringDedup Table Weak         Min:  0.0, Avg:  0.0, Max:  0.0, Diff:  0.0, Sum:  0.0, Workers: 6
[46.994s][debug  ][gc,phases      ] GC(171)     Dead                           Min: 0, Avg:  0.0, Max: 0, Diff: 0, Sum: 0, Workers: 6
[46.994s][debug  ][gc,phases      ] GC(171)     Total                          Min: 0, Avg:  0.0, Max: 0, Diff: 0, Sum: 0, Workers: 6
[46.994s][debug  ][gc,phases      ] GC(171)   StringDedup Requests0 Weak     Min:  0.0, Avg:  0.0, Max:  0.0, Diff:  0.0, Sum:  0.0, Workers: 6
[46.995s][debug  ][gc,phases      ] GC(171)     Dead                           Min: 0, Avg:  0.0, Max: 0, Diff: 0, Sum: 0, Workers: 6
[46.995s][debug  ][gc,phases      ] GC(171)     Total                          Min: 0, Avg:  0.0, Max: 0, Diff: 0, Sum: 0, Workers: 6
[46.995s][debug  ][gc,phases      ] GC(171)   StringDedup Requests1 Weak     Min:  0.0, Avg:  0.0, Max:  0.0, Diff:  0.0, Sum:  0.0, Workers: 6
[46.995s][debug  ][gc,phases      ] GC(171)     Dead                           Min: 0, Avg:  0.0, Max: 0, Diff: 0, Sum: 0, Workers: 6
[46.995s][debug  ][gc,phases      ] GC(171)     Total                          Min: 0, Avg:  0.0, Max: 0, Diff: 0, Sum: 0, Workers: 6
[46.995s][debug  ][gc,phases      ] GC(171)   Weak JFR Old Object Samples    Min:  0.0, Avg:  0.0, Max:  0.0, Diff:  0.0, Sum:  0.0, Workers: 6
[46.995s][debug  ][gc,phases      ] GC(171)     Dead                           Min: 0, Avg:  0.0, Max: 0, Diff: 0, Sum: 0, Workers: 6
[46.995s][debug  ][gc,phases      ] GC(171)     Total                          Min: 0, Avg:  0.0, Max: 0, Diff: 0, Sum: 0, Workers: 6
[46.995s][debug  ][gc,phases      ] GC(171) Weak Processing 0.686ms
[46.995s][debug  ][gc,ergo        ] GC(171) AdaptiveSizeStart:  collection: 172 
[46.995s][debug  ][gc,ergo        ] GC(171) avg_survived_padded_avg: 32255484.000000
[46.995s][debug  ][gc,ergo        ] GC(171) avg_promoted_padded_avg: 261166864.000000  avg_pretenured_padded_avg: 0.000000  tenuring_thresh: 1  target_size: 32505856
[46.995s][debug  ][gc,age         ] GC(171) Desired survivor size 32505856 bytes, new threshold 1 (max threshold 15)
[46.995s][debug  ][gc,ergo        ] GC(171) PSAdaptiveSizePolicy::compute_eden_space_size limits: desired_eden_size: 229750506 old_eden_size: 203423744 eden_limit: 203423744 cur_eden: 203423744 max_eden_size: 203423744 avg_young_live: 29413868
[46.995s][debug  ][gc,ergo        ] GC(171) PSAdaptiveSizePolicy::compute_eden_space_size: costs minor_time: 0.049973 major_cost: 0.027652 mutator_cost: 0.922375 throughput_goal: 0.990000
[46.995s][debug  ][gc,ergo        ] GC(171) Live_space: 901851648 free_space: 1885863936
[46.995s][debug  ][gc,ergo        ] GC(171) Old eden_size: 203423744 desired_eden_size: 203423744
[46.995s][debug  ][gc,ergo        ] GC(171) AdaptiveSizeStop: collection: 172 
[46.995s][info   ][gc,heap        ] GC(171) PSYoungGen: 229167K(230400K)->30720K(230400K) Eden: 198447K(198656K)->0K(198656K) From: 30720K(31744K)->30720K(31744K)
[46.995s][info   ][gc,heap        ] GC(171) ParOldGen: 1404517K(2226688K)->1599077K(2226688K)
[46.995s][info   ][gc,metaspace   ] GC(171) Metaspace: 1026K(1216K)->1026K(1216K) NonClass: 942K(1024K)->942K(1024K) Class: 83K(192K)->83K(192K)
[46.995s][info   ][gc             ] GC(171) Pause Young (Allocation Failure) 1595M->1591M(2399M) 17.221ms
[46.995s][info   ][gc,cpu         ] GC(171) User=0.16s Sys=0.00s Real=0.02s
[46.995s][debug  ][gc,heap        ] GC(171) Heap after GC invocations=172 (full 24):
[46.995s][debug  ][gc,heap        ] GC(171)  PSYoungGen      total 230400K, used 30720K [0x00000007f0000000, 0x0000000800000000, 0x0000000800000000)
[46.995s][debug  ][gc,heap        ] GC(171)   eden space 198656K, 0% used [0x00000007f0000000,0x00000007f0000000,0x00000007fc200000)
[46.995s][debug  ][gc,heap        ] GC(171)   from space 31744K, 96% used [0x00000007fe100000,0x00000007fff00030,0x0000000800000000)
[46.995s][debug  ][gc,heap        ] GC(171)   to   space 31744K, 0% used [0x00000007fc200000,0x00000007fc200000,0x00000007fe100000)
[46.995s][debug  ][gc,heap        ] GC(171)  ParOldGen       total 2226688K, used 1599077K [0x0000000700000000, 0x0000000787e80000, 0x00000007f0000000)
[46.995s][debug  ][gc,heap        ] GC(171)   object space 2226688K, 71% used [0x0000000700000000,0x00000007619995b8,0x0000000787e80000)
[46.995s][debug  ][gc,heap        ] GC(171)  Metaspace       used 1026K, committed 1216K, reserved 1056768K
[46.995s][debug  ][gc,heap        ] GC(171)   class space    used 83K, committed 192K, reserved 1048576K
[46.995s][debug  ][gc,task,time   ] GC(171) VM-Thread 469773049 469933745 469951931
[47.297s][debug  ][gc,heap        ] GC(172) Heap before GC invocations=173 (full 24):
[47.298s][debug  ][gc,heap        ] GC(172)  PSYoungGen      total 230400K, used 229170K [0x00000007f0000000, 0x0000000800000000, 0x0000000800000000)
[47.298s][debug  ][gc,heap        ] GC(172)   eden space 198656K, 99% used [0x00000007f0000000,0x00000007fc1cc9b0,0x00000007fc200000)
[47.298s][debug  ][gc,heap        ] GC(172)   from space 31744K, 96% used [0x00000007fe100000,0x00000007fff00030,0x0000000800000000)
[47.298s][debug  ][gc,heap        ] GC(172)   to   space 31744K, 0% used [0x00000007fc200000,0x00000007fc200000,0x00000007fe100000)
[47.298s][debug  ][gc,heap        ] GC(172)  ParOldGen       total 2226688K, used 1599077K [0x0000000700000000, 0x0000000787e80000, 0x00000007f0000000)
[47.298s][debug  ][gc,heap        ] GC(172)   object space 2226688K, 71% used [0x0000000700000000,0x00000007619995b8,0x0000000787e80000)
[47.298s][debug  ][gc,heap        ] GC(172)  Metaspace       used 1026K, committed 1216K, reserved 1056768K
[47.298s][debug  ][gc,heap        ] GC(172)   class space    used 83K, committed 192K, reserved 1048576K
[47.298s][debug  ][gc,tlab        ] GC(172) TLAB totals: thrds: 1  refills: 1 max: 1 slow allocs: 18 max 18 waste: 27.5% gc: 3983488B max: 3983488B slow: 0B max: 0B
[47.298s][info   ][gc,start       ] GC(172) Pause Young (Allocation Failure)
[47.298s][debug  ][gc,phases,start] GC(172) Scavenge
[47.313s][debug  ][gc,phases      ] GC(172) Scavenge 15.358ms
[47.313s][debug  ][gc,phases,start] GC(172) Reference Processing
[47.313s][debug  ][gc,ref         ] GC(172) Skipped phase 1 of Reference Processing: no references
[47.313s][debug  ][gc,ref         ] GC(172) Skipped phase 2 of Reference Processing: no references
[47.313s][debug  ][gc,ref         ] GC(172) Skipped phase 3 of Reference Processing: no references
[47.313s][debug  ][gc,ref         ] GC(172) Skipped phase 4 of Reference Processing: no references
[47.313s][debug  ][gc,phases,ref  ] GC(172) Reference Processing: 0.1ms
[47.314s][debug  ][gc,phases,ref  ] GC(172)   Reconsider SoftReferences: 0.0ms
[47.314s][debug  ][gc,phases,ref  ] GC(172)     SoftRef (ms):                  skipped
[47.314s][debug  ][gc,phases,ref  ] GC(172)   Notify Soft/WeakReferences: 0.0ms
[47.314s][debug  ][gc,phases,ref  ] GC(172)     SoftRef (ms):                  skipped
[47.314s][debug  ][gc,phases,ref  ] GC(172)     WeakRef (ms):                  skipped
[47.314s][debug  ][gc,phases,ref  ] GC(172)     FinalRef (ms):                 skipped
[47.314s][debug  ][gc,phases,ref  ] GC(172)     Total (ms):                    skipped
[47.314s][debug  ][gc,phases,ref  ] GC(172)   Notify and keep alive finalizable: 0.0ms
[47.314s][debug  ][gc,phases,ref  ] GC(172)     FinalRef (ms):                 skipped
[47.314s][debug  ][gc,phases,ref  ] GC(172)   Notify PhantomReferences: 0.0ms
[47.314s][debug  ][gc,phases,ref  ] GC(172)     PhantomRef (ms):               skipped
[47.314s][debug  ][gc,phases,ref  ] GC(172)   SoftReference:
[47.314s][debug  ][gc,phases,ref  ] GC(172)     Discovered: 0
[47.314s][debug  ][gc,phases,ref  ] GC(172)     Cleared: 0
[47.314s][debug  ][gc,phases,ref  ] GC(172)   WeakReference:
[47.314s][debug  ][gc,phases,ref  ] GC(172)     Discovered: 0
[47.314s][debug  ][gc,phases,ref  ] GC(172)     Cleared: 0
[47.314s][debug  ][gc,phases,ref  ] GC(172)   FinalReference:
[47.314s][debug  ][gc,phases,ref  ] GC(172)     Discovered: 0
[47.314s][debug  ][gc,phases,ref  ] GC(172)     Cleared: 0
[47.314s][debug  ][gc,phases,ref  ] GC(172)   PhantomReference:
[47.314s][debug  ][gc,phases,ref  ] GC(172)     Discovered: 0
[47.314s][debug  ][gc,phases,ref  ] GC(172)     Cleared: 0
[47.314s][debug  ][gc,phases      ] GC(172) Reference Processing 0.625ms
[47.314s][debug  ][gc,phases,start] GC(172) Weak Processing
[47.314s][debug  ][gc,phases      ] GC(172)   VM Weak                        Min:  0.0, Avg:  0.0, Max:  0.0, Diff:  0.0, Sum:  0.0, Workers: 6
[47.314s][debug  ][gc,phases      ] GC(172)     Dead                           Min: 0, Avg:  0.0, Max: 0, Diff: 0, Sum: 0, Workers: 6
[47.314s][debug  ][gc,phases      ] GC(172)     Total                          Min: 0, Avg:  1.3, Max: 8, Diff: 8, Sum: 8, Workers: 6
[47.314s][debug  ][gc,phases      ] GC(172)   ObjectSynchronizer Weak        Min:  0.0, Avg:  0.0, Max:  0.0, Diff:  0.0, Sum:  0.0, Workers: 6
[47.314s][debug  ][gc,phases      ] GC(172)     Dead                           Min: 0, Avg:  0.0, Max: 0, Diff: 0, Sum: 0, Workers: 6
[47.314s][debug  ][gc,phases      ] GC(172)     Total                          Min: 0, Avg:  0.5, Max: 3, Diff: 3, Sum: 3, Workers: 6
[47.314s][debug  ][gc,phases      ] GC(172)   JVMTI Tag Weak OopStorage      Min:  0.0, Avg:  0.0, Max:  0.0, Diff:  0.0, Sum:  0.0, Workers: 6
[47.314s][debug  ][gc,phases      ] GC(172)     Dead                           Min: 0, Avg:  0.0, Max: 0, Diff: 0, Sum: 0, Workers: 6
[47.314s][debug  ][gc,phases      ] GC(172)     Total                          Min: 0, Avg:  0.0, Max: 0, Diff: 0, Sum: 0, Workers: 6
[47.314s][debug  ][gc,phases      ] GC(172)   StringTable Weak               Min:  0.0, Avg:  0.0, Max:  0.0, Diff:  0.0, Sum:  0.0, Workers: 6
[47.314s][debug  ][gc,phases      ] GC(172)     Dead                           Min: 0, Avg:  0.0, Max: 0, Diff: 0, Sum: 0, Workers: 6
[47.314s][debug  ][gc,phases      ] GC(172)     Total                          Min: 704, Avg: 892.5, Max: 1024, Diff: 320, Sum: 5355, Workers: 6
[47.314s][debug  ][gc,phases      ] GC(172)   ResolvedMethodTable Weak       Min:  0.0, Avg:  0.0, Max:  0.0, Diff:  0.0, Sum:  0.0, Workers: 6
[47.314s][debug  ][gc,phases      ] GC(172)     Dead                           Min: 0, Avg:  0.0, Max: 0, Diff: 0, Sum: 0, Workers: 6
[47.314s][debug  ][gc,phases      ] GC(172)     Total                          Min: 0, Avg: 21.7, Max: 64, Diff: 64, Sum: 130, Workers: 6
[47.314s][debug  ][gc,phases      ] GC(172)   JNI Weak                       Min:  0.0, Avg:  0.0, Max:  0.0, Diff:  0.0, Sum:  0.0, Workers: 6
[47.314s][debug  ][gc,phases      ] GC(172)     Dead                           Min: 0, Avg:  0.0, Max: 0, Diff: 0, Sum: 0, Workers: 6
[47.314s][debug  ][gc,phases      ] GC(172)     Total                          Min: 0, Avg:  0.0, Max: 0, Diff: 0, Sum: 0, Workers: 6
[47.314s][debug  ][gc,phases      ] GC(172)   StringDedup Table Weak         Min:  0.0, Avg:  0.0, Max:  0.0, Diff:  0.0, Sum:  0.0, Workers: 6
[47.314s][debug  ][gc,phases      ] GC(172)     Dead                           Min: 0, Avg:  0.0, Max: 0, Diff: 0, Sum: 0, Workers: 6
[47.314s][debug  ][gc,phases      ] GC(172)     Total                          Min: 0, Avg:  0.0, Max: 0, Diff: 0, Sum: 0, Workers: 6
[47.314s][debug  ][gc,phases      ] GC(172)   StringDedup Requests0 Weak     Min:  0.0, Avg:  0.0, Max:  0.0, Diff:  0.0, Sum:  0.0, Workers: 6
[47.315s][debug  ][gc,phases      ] GC(172)     Dead                           Min: 0, Avg:  0.0, Max: 0, Diff: 0, Sum: 0, Workers: 6
[47.315s][debug  ][gc,phases      ] GC(172)     Total                          Min: 0, Avg:  0.0, Max: 0, Diff: 0, Sum: 0, Workers: 6
[47.315s][debug  ][gc,phases      ] GC(172)   StringDedup Requests1 Weak     Min:  0.0, Avg:  0.0, Max:  0.0, Diff:  0.0, Sum:  0.0, Workers: 6
[47.315s][debug  ][gc,phases      ] GC(172)     Dead                           Min: 0, Avg:  0.0, Max: 0, Diff: 0, Sum: 0, Workers: 6
[47.315s][debug  ][gc,phases      ] GC(172)     Total                          Min: 0, Avg:  0.0, Max: 0, Diff: 0, Sum: 0, Workers: 6
[47.315s][debug  ][gc,phases      ] GC(172)   Weak JFR Old Object Samples    Min:  0.0, Avg:  0.0, Max:  0.0, Diff:  0.0, Sum:  0.0, Workers: 6
[47.315s][debug  ][gc,phases      ] GC(172)     Dead                           Min: 0, Avg:  0.0, Max: 0, Diff: 0, Sum: 0, Workers: 6
[47.315s][debug  ][gc,phases      ] GC(172)     Total                          Min: 0, Avg:  0.0, Max: 0, Diff: 0, Sum: 0, Workers: 6
[47.315s][debug  ][gc,phases      ] GC(172) Weak Processing 0.678ms
[47.315s][debug  ][gc,ergo        ] GC(172) AdaptiveSizeStart:  collection: 173 
[47.315s][debug  ][gc,ergo        ] GC(172) avg_survived_padded_avg: 32190820.000000
[47.315s][debug  ][gc,ergo        ] GC(172) avg_promoted_padded_avg: 263954592.000000  avg_pretenured_padded_avg: 0.000000  tenuring_thresh: 1  target_size: 32505856
[47.315s][debug  ][gc,age         ] GC(172) Desired survivor size 32505856 bytes, new threshold 1 (max threshold 15)
[47.315s][debug  ][gc,ergo        ] GC(172) PSAdaptiveSizePolicy::compute_eden_space_size limits: desired_eden_size: 229864741 old_eden_size: 203423744 eden_limit: 203423744 cur_eden: 203423744 max_eden_size: 203423744 avg_young_live: 29618214
[47.315s][debug  ][gc,ergo        ] GC(172) PSAdaptiveSizePolicy::compute_eden_space_size: costs minor_time: 0.050586 major_cost: 0.027652 mutator_cost: 0.921762 throughput_goal: 0.990000
[47.315s][debug  ][gc,ergo        ] GC(172) Live_space: 902056064 free_space: 1885863936
[47.315s][debug  ][gc,ergo        ] GC(172) Old eden_size: 203423744 desired_eden_size: 203423744
[47.315s][debug  ][gc,ergo        ] GC(172) AdaptiveSizeStop: collection: 173 
[47.315s][info   ][gc,heap        ] GC(172) PSYoungGen: 229170K(230400K)->30720K(230400K) Eden: 198450K(198656K)->0K(198656K) From: 30720K(31744K)->30720K(31744K)
[47.315s][info   ][gc,heap        ] GC(172) ParOldGen: 1599077K(2226688K)->1793637K(2226688K)
[47.315s][info   ][gc,metaspace   ] GC(172) Metaspace: 1026K(1216K)->1026K(1216K) NonClass: 942K(1024K)->942K(1024K) Class: 83K(192K)->83K(192K)
[47.315s][info   ][gc             ] GC(172) Pause Young (Allocation Failure) 1785M->1781M(2399M) 17.088ms
[47.315s][info   ][gc,cpu         ] GC(172) User=0.16s Sys=0.00s Real=0.02s
[47.315s][debug  ][gc,heap        ] GC(172) Heap after GC invocations=173 (full 24):
[47.315s][debug  ][gc,heap        ] GC(172)  PSYoungGen      total 230400K, used 30720K [0x00000007f0000000, 0x0000000800000000, 0x0000000800000000)
[47.315s][debug  ][gc,heap        ] GC(172)   eden space 198656K, 0% used [0x00000007f0000000,0x00000007f0000000,0x00000007fc200000)
[47.315s][debug  ][gc,heap        ] GC(172)   from space 31744K, 96% used [0x00000007fc200000,0x00000007fe000030,0x00000007fe100000)
[47.315s][debug  ][gc,heap        ] GC(172)   to   space 31744K, 0% used [0x00000007fe100000,0x00000007fe100000,0x0000000800000000)
[47.315s][debug  ][gc,heap        ] GC(172)  ParOldGen       total 2226688K, used 1793637K [0x0000000700000000, 0x0000000787e80000, 0x00000007f0000000)
[47.315s][debug  ][gc,heap        ] GC(172)   object space 2226688K, 80% used [0x0000000700000000,0x000000076d7996e8,0x0000000787e80000)
[47.315s][debug  ][gc,heap        ] GC(172)  Metaspace       used 1026K, committed 1216K, reserved 1056768K
[47.315s][debug  ][gc,heap        ] GC(172)   class space    used 83K, committed 192K, reserved 1048576K
[47.315s][debug  ][gc,task,time   ] GC(172) VM-Thread 472974619 473133549 473151972
[47.617s][debug  ][gc,heap        ] GC(173) Heap before GC invocations=174 (full 24):
[47.617s][debug  ][gc,heap        ] GC(173)  PSYoungGen      total 230400K, used 229172K [0x00000007f0000000, 0x0000000800000000, 0x0000000800000000)
[47.617s][debug  ][gc,heap        ] GC(173)   eden space 198656K, 99% used [0x00000007f0000000,0x00000007fc1cd0d8,0x00000007fc200000)
[47.617s][debug  ][gc,heap        ] GC(173)   from space 31744K, 96% used [0x00000007fc200000,0x00000007fe000030,0x00000007fe100000)
[47.617s][debug  ][gc,heap        ] GC(173)   to   space 31744K, 0% used [0x00000007fe100000,0x00000007fe100000,0x0000000800000000)
[47.617s][debug  ][gc,heap        ] GC(173)  ParOldGen       total 2226688K, used 1793637K [0x0000000700000000, 0x0000000787e80000, 0x00000007f0000000)
[47.617s][debug  ][gc,heap        ] GC(173)   object space 2226688K, 80% used [0x0000000700000000,0x000000076d7996e8,0x0000000787e80000)
[47.617s][debug  ][gc,heap        ] GC(173)  Metaspace       used 1027K, committed 1216K, reserved 1056768K
[47.617s][debug  ][gc,heap        ] GC(173)   class space    used 83K, committed 192K, reserved 1048576K
[47.617s][debug  ][gc,tlab        ] GC(173) TLAB totals: thrds: 1  refills: 1 max: 1 slow allocs: 18 max 18 waste: 27.5% gc: 3984256B max: 3984256B slow: 0B max: 0B
[47.617s][info   ][gc,start       ] GC(173) Pause Young (Allocation Failure)
[47.617s][debug  ][gc,phases,start] GC(173) Scavenge
[47.628s][debug  ][gc,phases      ] GC(173) Scavenge 11.376ms
[47.628s][debug  ][gc,phases,start] GC(173) Reference Processing
[47.628s][debug  ][gc,ref         ] GC(173) Skipped phase 1 of Reference Processing: no references
[47.628s][debug  ][gc,ref         ] GC(173) Skipped phase 2 of Reference Processing: no references
[47.629s][debug  ][gc,ref         ] GC(173) Skipped phase 3 of Reference Processing: no references
[47.629s][debug  ][gc,ref         ] GC(173) Skipped phase 4 of Reference Processing: no references
[47.629s][debug  ][gc,phases,ref  ] GC(173) Reference Processing: 0.1ms
[47.629s][debug  ][gc,phases,ref  ] GC(173)   Reconsider SoftReferences: 0.0ms
[47.629s][debug  ][gc,phases,ref  ] GC(173)     SoftRef (ms):                  skipped
[47.629s][debug  ][gc,phases,ref  ] GC(173)   Notify Soft/WeakReferences: 0.0ms
[47.629s][debug  ][gc,phases,ref  ] GC(173)     SoftRef (ms):                  skipped
[47.629s][debug  ][gc,phases,ref  ] GC(173)     WeakRef (ms):                  skipped
[47.629s][debug  ][gc,phases,ref  ] GC(173)     FinalRef (ms):                 skipped
[47.629s][debug  ][gc,phases,ref  ] GC(173)     Total (ms):                    skipped
[47.629s][debug  ][gc,phases,ref  ] GC(173)   Notify and keep alive finalizable: 0.0ms
[47.629s][debug  ][gc,phases,ref  ] GC(173)     FinalRef (ms):                 skipped
[47.629s][debug  ][gc,phases,ref  ] GC(173)   Notify PhantomReferences: 0.0ms
[47.629s][debug  ][gc,phases,ref  ] GC(173)     PhantomRef (ms):               skipped
[47.629s][debug  ][gc,phases,ref  ] GC(173)   SoftReference:
[47.629s][debug  ][gc,phases,ref  ] GC(173)     Discovered: 0
[47.629s][debug  ][gc,phases,ref  ] GC(173)     Cleared: 0
[47.629s][debug  ][gc,phases,ref  ] GC(173)   WeakReference:
[47.629s][debug  ][gc,phases,ref  ] GC(173)     Discovered: 0
[47.629s][debug  ][gc,phases,ref  ] GC(173)     Cleared: 0
[47.629s][debug  ][gc,phases,ref  ] GC(173)   FinalReference:
[47.629s][debug  ][gc,phases,ref  ] GC(173)     Discovered: 0
[47.629s][debug  ][gc,phases,ref  ] GC(173)     Cleared: 0
[47.629s][debug  ][gc,phases,ref  ] GC(173)   PhantomReference:
[47.629s][debug  ][gc,phases,ref  ] GC(173)     Discovered: 0
[47.629s][debug  ][gc,phases,ref  ] GC(173)     Cleared: 0
[47.629s][debug  ][gc,phases      ] GC(173) Reference Processing 0.674ms
[47.629s][debug  ][gc,phases,start] GC(173) Weak Processing
[47.629s][debug  ][gc,phases      ] GC(173)   VM Weak                        Min:  0.0, Avg:  0.0, Max:  0.0, Diff:  0.0, Sum:  0.0, Workers: 6
[47.629s][debug  ][gc,phases      ] GC(173)     Dead                           Min: 0, Avg:  0.0, Max: 0, Diff: 0, Sum: 0, Workers: 6
[47.629s][debug  ][gc,phases      ] GC(173)     Total                          Min: 0, Avg:  1.3, Max: 8, Diff: 8, Sum: 8, Workers: 6
[47.629s][debug  ][gc,phases      ] GC(173)   ObjectSynchronizer Weak        Min:  0.0, Avg:  0.0, Max:  0.0, Diff:  0.0, Sum:  0.0, Workers: 6
[47.629s][debug  ][gc,phases      ] GC(173)     Dead                           Min: 0, Avg:  0.0, Max: 0, Diff: 0, Sum: 0, Workers: 6
[47.629s][debug  ][gc,phases      ] GC(173)     Total                          Min: 0, Avg:  0.5, Max: 3, Diff: 3, Sum: 3, Workers: 6
[47.629s][debug  ][gc,phases      ] GC(173)   JVMTI Tag Weak OopStorage      Min:  0.0, Avg:  0.0, Max:  0.0, Diff:  0.0, Sum:  0.0, Workers: 6
[47.629s][debug  ][gc,phases      ] GC(173)     Dead                           Min: 0, Avg:  0.0, Max: 0, Diff: 0, Sum: 0, Workers: 6
[47.629s][debug  ][gc,phases      ] GC(173)     Total                          Min: 0, Avg:  0.0, Max: 0, Diff: 0, Sum: 0, Workers: 6
[47.629s][debug  ][gc,phases      ] GC(173)   StringTable Weak               Min:  0.0, Avg:  0.0, Max:  0.0, Diff:  0.0, Sum:  0.0, Workers: 6
[47.629s][debug  ][gc,phases      ] GC(173)     Dead                           Min: 0, Avg:  0.0, Max: 0, Diff: 0, Sum: 0, Workers: 6
[47.629s][debug  ][gc,phases      ] GC(173)     Total                          Min: 704, Avg: 892.5, Max: 1132, Diff: 428, Sum: 5355, Workers: 6
[47.630s][debug  ][gc,phases      ] GC(173)   ResolvedMethodTable Weak       Min:  0.0, Avg:  0.0, Max:  0.0, Diff:  0.0, Sum:  0.0, Workers: 6
[47.630s][debug  ][gc,phases      ] GC(173)     Dead                           Min: 0, Avg:  0.0, Max: 0, Diff: 0, Sum: 0, Workers: 6
[47.630s][debug  ][gc,phases      ] GC(173)     Total                          Min: 0, Avg: 21.7, Max: 64, Diff: 64, Sum: 130, Workers: 6
[47.630s][debug  ][gc,phases      ] GC(173)   JNI Weak                       Min:  0.0, Avg:  0.0, Max:  0.0, Diff:  0.0, Sum:  0.0, Workers: 6
[47.630s][debug  ][gc,phases      ] GC(173)     Dead                           Min: 0, Avg:  0.0, Max: 0, Diff: 0, Sum: 0, Workers: 6
[47.630s][debug  ][gc,phases      ] GC(173)     Total                          Min: 0, Avg:  0.0, Max: 0, Diff: 0, Sum: 0, Workers: 6
[47.630s][debug  ][gc,phases      ] GC(173)   StringDedup Table Weak         Min:  0.0, Avg:  0.0, Max:  0.0, Diff:  0.0, Sum:  0.0, Workers: 6
[47.630s][debug  ][gc,phases      ] GC(173)     Dead                           Min: 0, Avg:  0.0, Max: 0, Diff: 0, Sum: 0, Workers: 6
[47.630s][debug  ][gc,phases      ] GC(173)     Total                          Min: 0, Avg:  0.0, Max: 0, Diff: 0, Sum: 0, Workers: 6
[47.630s][debug  ][gc,phases      ] GC(173)   StringDedup Requests0 Weak     Min:  0.0, Avg:  0.0, Max:  0.0, Diff:  0.0, Sum:  0.0, Workers: 6
[47.630s][debug  ][gc,phases      ] GC(173)     Dead                           Min: 0, Avg:  0.0, Max: 0, Diff: 0, Sum: 0, Workers: 6
[47.630s][debug  ][gc,phases      ] GC(173)     Total                          Min: 0, Avg:  0.0, Max: 0, Diff: 0, Sum: 0, Workers: 6
[47.630s][debug  ][gc,phases      ] GC(173)   StringDedup Requests1 Weak     Min:  0.0, Avg:  0.0, Max:  0.0, Diff:  0.0, Sum:  0.0, Workers: 6
[47.630s][debug  ][gc,phases      ] GC(173)     Dead                           Min: 0, Avg:  0.0, Max: 0, Diff: 0, Sum: 0, Workers: 6
[47.630s][debug  ][gc,phases      ] GC(173)     Total                          Min: 0, Avg:  0.0, Max: 0, Diff: 0, Sum: 0, Workers: 6
[47.630s][debug  ][gc,phases      ] GC(173)   Weak JFR Old Object Samples    Min:  0.0, Avg:  0.0, Max:  0.0, Diff:  0.0, Sum:  0.0, Workers: 6
[47.630s][debug  ][gc,phases      ] GC(173)     Dead                           Min: 0, Avg:  0.0, Max: 0, Diff: 0, Sum: 0, Workers: 6
[47.630s][debug  ][gc,phases      ] GC(173)     Total                          Min: 0, Avg:  0.0, Max: 0, Diff: 0, Sum: 0, Workers: 6
[47.630s][debug  ][gc,phases      ] GC(173) Weak Processing 0.814ms
[47.630s][debug  ][gc,ergo        ] GC(173) AdaptiveSizeStart:  collection: 174 
[47.630s][debug  ][gc,ergo        ] GC(173) avg_survived_padded_avg: 32131108.000000
[47.630s][debug  ][gc,ergo        ] GC(173) avg_promoted_padded_avg: 261876864.000000  avg_pretenured_padded_avg: 0.000000  tenuring_thresh: 1  target_size: 32505856
[47.630s][debug  ][gc,age         ] GC(173) Desired survivor size 32505856 bytes, new threshold 1 (max threshold 15)
[47.630s][debug  ][gc,ergo        ] GC(173) PSAdaptiveSizePolicy::compute_eden_space_size limits: desired_eden_size: 229418491 old_eden_size: 203423744 eden_limit: 203423744 cur_eden: 203423744 max_eden_size: 203423744 avg_young_live: 29802124
[47.630s][debug  ][gc,ergo        ] GC(173) PSAdaptiveSizePolicy::compute_eden_space_size: costs minor_time: 0.048243 major_cost: 0.027652 mutator_cost: 0.924105 throughput_goal: 0.990000
[47.630s][debug  ][gc,ergo        ] GC(173) Live_space: 902239936 free_space: 1885863936
[47.630s][debug  ][gc,ergo        ] GC(173) Old eden_size: 203423744 desired_eden_size: 203423744
[47.630s][debug  ][gc,ergo        ] GC(173) AdaptiveSizeStop: collection: 174 
[47.630s][info   ][gc,heap        ] GC(173) PSYoungGen: 229172K(230400K)->30720K(230400K) Eden: 198452K(198656K)->0K(198656K) From: 30720K(31744K)->30720K(31744K)
[47.630s][info   ][gc,heap        ] GC(173) ParOldGen: 1793637K(2226688K)->1916517K(2226688K)
[47.630s][info   ][gc,metaspace   ] GC(173) Metaspace: 1027K(1216K)->1027K(1216K) NonClass: 943K(1024K)->943K(1024K) Class: 83K(192K)->83K(192K)
[47.630s][info   ][gc             ] GC(173) Pause Young (Allocation Failure) 1975M->1901M(2399M) 13.350ms
[47.630s][info   ][gc,cpu         ] GC(173) User=0.00s Sys=0.00s Real=0.01s
[47.630s][debug  ][gc,heap        ] GC(173) Heap after GC invocations=174 (full 24):
[47.630s][debug  ][gc,heap        ] GC(173)  PSYoungGen      total 230400K, used 30720K [0x00000007f0000000, 0x0000000800000000, 0x0000000800000000)
[47.630s][debug  ][gc,heap        ] GC(173)   eden space 198656K, 0% used [0x00000007f0000000,0x00000007f0000000,0x00000007fc200000)
[47.630s][debug  ][gc,heap        ] GC(173)   from space 31744K, 96% used [0x00000007fe100000,0x00000007fff00030,0x0000000800000000)
[47.630s][debug  ][gc,heap        ] GC(173)   to   space 31744K, 0% used [0x00000007fc200000,0x00000007fc200000,0x00000007fe100000)
[47.630s][debug  ][gc,heap        ] GC(173)  ParOldGen       total 2226688K, used 1916517K [0x0000000700000000, 0x0000000787e80000, 0x00000007f0000000)
[47.630s][debug  ][gc,heap        ] GC(173)   object space 2226688K, 86% used [0x0000000700000000,0x0000000774f997a8,0x0000000787e80000)
[47.631s][debug  ][gc,heap        ] GC(173)  Metaspace       used 1027K, committed 1216K, reserved 1056768K
[47.631s][debug  ][gc,heap        ] GC(173)   class space    used 83K, committed 192K, reserved 1048576K
[47.631s][debug  ][gc,task,time   ] GC(173) VM-Thread 476165735 476284272 476305580
[47.934s][debug  ][gc,heap        ] GC(174) Heap before GC invocations=175 (full 24):
[47.934s][debug  ][gc,heap        ] GC(174)  PSYoungGen      total 230400K, used 229173K [0x00000007f0000000, 0x0000000800000000, 0x0000000800000000)
[47.934s][debug  ][gc,heap        ] GC(174)   eden space 198656K, 99% used [0x00000007f0000000,0x00000007fc1cd570,0x00000007fc200000)
[47.934s][debug  ][gc,heap        ] GC(174)   from space 31744K, 96% used [0x00000007fe100000,0x00000007fff00030,0x0000000800000000)
[47.934s][debug  ][gc,heap        ] GC(174)   to   space 31744K, 0% used [0x00000007fc200000,0x00000007fc200000,0x00000007fe100000)
[47.934s][debug  ][gc,heap        ] GC(174)  ParOldGen       total 2226688K, used 1916517K [0x0000000700000000, 0x0000000787e80000, 0x00000007f0000000)
[47.934s][debug  ][gc,heap        ] GC(174)   object space 2226688K, 86% used [0x0000000700000000,0x0000000774f997a8,0x0000000787e80000)
[47.934s][debug  ][gc,heap        ] GC(174)  Metaspace       used 1027K, committed 1216K, reserved 1056768K
[47.934s][debug  ][gc,heap        ] GC(174)   class space    used 83K, committed 192K, reserved 1048576K
[47.934s][debug  ][gc,tlab        ] GC(174) TLAB totals: thrds: 1  refills: 1 max: 1 slow allocs: 18 max 18 waste: 27.5% gc: 3986496B max: 3986496B slow: 0B max: 0B
[47.934s][info   ][gc,start       ] GC(174) Pause Young (Allocation Failure)
[47.934s][debug  ][gc,phases,start] GC(174) Scavenge
[47.951s][debug  ][gc,phases      ] GC(174) Scavenge 16.183ms
[47.951s][debug  ][gc,phases,start] GC(174) Reference Processing
[47.951s][debug  ][gc,ref         ] GC(174) Skipped phase 1 of Reference Processing: no references
[47.951s][debug  ][gc,ref         ] GC(174) Skipped phase 2 of Reference Processing: no references
[47.951s][debug  ][gc,ref         ] GC(174) Skipped phase 3 of Reference Processing: no references
[47.951s][debug  ][gc,ref         ] GC(174) Skipped phase 4 of Reference Processing: no references
[47.951s][debug  ][gc,phases,ref  ] GC(174) Reference Processing: 0.1ms
[47.951s][debug  ][gc,phases,ref  ] GC(174)   Reconsider SoftReferences: 0.0ms
[47.951s][debug  ][gc,phases,ref  ] GC(174)     SoftRef (ms):                  skipped
[47.951s][debug  ][gc,phases,ref  ] GC(174)   Notify Soft/WeakReferences: 0.0ms
[47.951s][debug  ][gc,phases,ref  ] GC(174)     SoftRef (ms):                  skipped
[47.951s][debug  ][gc,phases,ref  ] GC(174)     WeakRef (ms):                  skipped
[47.951s][debug  ][gc,phases,ref  ] GC(174)     FinalRef (ms):                 skipped
[47.951s][debug  ][gc,phases,ref  ] GC(174)     Total (ms):                    skipped
[47.951s][debug  ][gc,phases,ref  ] GC(174)   Notify and keep alive finalizable: 0.0ms
[47.951s][debug  ][gc,phases,ref  ] GC(174)     FinalRef (ms):                 skipped
[47.951s][debug  ][gc,phases,ref  ] GC(174)   Notify PhantomReferences: 0.0ms
[47.951s][debug  ][gc,phases,ref  ] GC(174)     PhantomRef (ms):               skipped
[47.951s][debug  ][gc,phases,ref  ] GC(174)   SoftReference:
[47.951s][debug  ][gc,phases,ref  ] GC(174)     Discovered: 0
[47.951s][debug  ][gc,phases,ref  ] GC(174)     Cleared: 0
[47.951s][debug  ][gc,phases,ref  ] GC(174)   WeakReference:
[47.951s][debug  ][gc,phases,ref  ] GC(174)     Discovered: 0
[47.951s][debug  ][gc,phases,ref  ] GC(174)     Cleared: 0
[47.951s][debug  ][gc,phases,ref  ] GC(174)   FinalReference:
[47.951s][debug  ][gc,phases,ref  ] GC(174)     Discovered: 0
[47.951s][debug  ][gc,phases,ref  ] GC(174)     Cleared: 0
[47.951s][debug  ][gc,phases,ref  ] GC(174)   PhantomReference:
[47.951s][debug  ][gc,phases,ref  ] GC(174)     Discovered: 0
[47.951s][debug  ][gc,phases,ref  ] GC(174)     Cleared: 0
[47.951s][debug  ][gc,phases      ] GC(174) Reference Processing 0.572ms
[47.951s][debug  ][gc,phases,start] GC(174) Weak Processing
[47.951s][debug  ][gc,phases      ] GC(174)   VM Weak                        Min:  0.0, Avg:  0.0, Max:  0.0, Diff:  0.0, Sum:  0.0, Workers: 6
[47.951s][debug  ][gc,phases      ] GC(174)     Dead                           Min: 0, Avg:  0.0, Max: 0, Diff: 0, Sum: 0, Workers: 6
[47.951s][debug  ][gc,phases      ] GC(174)     Total                          Min: 0, Avg:  1.3, Max: 8, Diff: 8, Sum: 8, Workers: 6
[47.951s][debug  ][gc,phases      ] GC(174)   ObjectSynchronizer Weak        Min:  0.0, Avg:  0.0, Max:  0.0, Diff:  0.0, Sum:  0.0, Workers: 6
[47.951s][debug  ][gc,phases      ] GC(174)     Dead                           Min: 0, Avg:  0.0, Max: 0, Diff: 0, Sum: 0, Workers: 6
[47.951s][debug  ][gc,phases      ] GC(174)     Total                          Min: 0, Avg:  0.5, Max: 3, Diff: 3, Sum: 3, Workers: 6
[47.951s][debug  ][gc,phases      ] GC(174)   JVMTI Tag Weak OopStorage      Min:  0.0, Avg:  0.0, Max:  0.0, Diff:  0.0, Sum:  0.0, Workers: 6
[47.951s][debug  ][gc,phases      ] GC(174)     Dead                           Min: 0, Avg:  0.0, Max: 0, Diff: 0, Sum: 0, Workers: 6
[47.951s][debug  ][gc,phases      ] GC(174)     Total                          Min: 0, Avg:  0.0, Max: 0, Diff: 0, Sum: 0, Workers: 6
[47.952s][debug  ][gc,phases      ] GC(174)   StringTable Weak               Min:  0.0, Avg:  0.0, Max:  0.0, Diff:  0.0, Sum:  0.0, Workers: 6
[47.952s][debug  ][gc,phases      ] GC(174)     Dead                           Min: 0, Avg:  0.0, Max: 0, Diff: 0, Sum: 0, Workers: 6
[47.952s][debug  ][gc,phases      ] GC(174)     Total                          Min: 768, Avg: 892.5, Max: 1067, Diff: 299, Sum: 5355, Workers: 6
[47.952s][debug  ][gc,phases      ] GC(174)   ResolvedMethodTable Weak       Min:  0.0, Avg:  0.0, Max:  0.0, Diff:  0.0, Sum:  0.0, Workers: 6
[47.952s][debug  ][gc,phases      ] GC(174)     Dead                           Min: 0, Avg:  0.0, Max: 0, Diff: 0, Sum: 0, Workers: 6
[47.952s][debug  ][gc,phases      ] GC(174)     Total                          Min: 0, Avg: 21.7, Max: 64, Diff: 64, Sum: 130, Workers: 6
[47.952s][debug  ][gc,phases      ] GC(174)   JNI Weak                       Min:  0.0, Avg:  0.0, Max:  0.0, Diff:  0.0, Sum:  0.0, Workers: 6
[47.952s][debug  ][gc,phases      ] GC(174)     Dead                           Min: 0, Avg:  0.0, Max: 0, Diff: 0, Sum: 0, Workers: 6
[47.952s][debug  ][gc,phases      ] GC(174)     Total                          Min: 0, Avg:  0.0, Max: 0, Diff: 0, Sum: 0, Workers: 6
[47.952s][debug  ][gc,phases      ] GC(174)   StringDedup Table Weak         Min:  0.0, Avg:  0.0, Max:  0.0, Diff:  0.0, Sum:  0.0, Workers: 6
[47.952s][debug  ][gc,phases      ] GC(174)     Dead                           Min: 0, Avg:  0.0, Max: 0, Diff: 0, Sum: 0, Workers: 6
[47.952s][debug  ][gc,phases      ] GC(174)     Total                          Min: 0, Avg:  0.0, Max: 0, Diff: 0, Sum: 0, Workers: 6
[47.952s][debug  ][gc,phases      ] GC(174)   StringDedup Requests0 Weak     Min:  0.0, Avg:  0.0, Max:  0.0, Diff:  0.0, Sum:  0.0, Workers: 6
[47.952s][debug  ][gc,phases      ] GC(174)     Dead                           Min: 0, Avg:  0.0, Max: 0, Diff: 0, Sum: 0, Workers: 6
[47.952s][debug  ][gc,phases      ] GC(174)     Total                          Min: 0, Avg:  0.0, Max: 0, Diff: 0, Sum: 0, Workers: 6
[47.952s][debug  ][gc,phases      ] GC(174)   StringDedup Requests1 Weak     Min:  0.0, Avg:  0.0, Max:  0.0, Diff:  0.0, Sum:  0.0, Workers: 6
[47.952s][debug  ][gc,phases      ] GC(174)     Dead                           Min: 0, Avg:  0.0, Max: 0, Diff: 0, Sum: 0, Workers: 6
[47.952s][debug  ][gc,phases      ] GC(174)     Total                          Min: 0, Avg:  0.0, Max: 0, Diff: 0, Sum: 0, Workers: 6
[47.952s][debug  ][gc,phases      ] GC(174)   Weak JFR Old Object Samples    Min:  0.0, Avg:  0.0, Max:  0.0, Diff:  0.0, Sum:  0.0, Workers: 6
[47.952s][debug  ][gc,phases      ] GC(174)     Dead                           Min: 0, Avg:  0.0, Max: 0, Diff: 0, Sum: 0, Workers: 6
[47.952s][debug  ][gc,phases      ] GC(174)     Total                          Min: 0, Avg:  0.0, Max: 0, Diff: 0, Sum: 0, Workers: 6
[47.952s][debug  ][gc,phases      ] GC(174) Weak Processing 0.667ms
[47.952s][debug  ][gc,ergo        ] GC(174) AdaptiveSizeStart:  collection: 175 
[47.952s][debug  ][gc,ergo        ] GC(174) avg_survived_padded_avg: 32076004.000000
[47.952s][debug  ][gc,ergo        ] GC(174) avg_promoted_padded_avg: 264868928.000000  avg_pretenured_padded_avg: 0.000000  tenuring_thresh: 1  target_size: 32505856
[47.952s][debug  ][gc,age         ] GC(174) Desired survivor size 32505856 bytes, new threshold 1 (max threshold 15)
[47.952s][debug  ][gc,ergo        ] GC(174) PSAdaptiveSizePolicy::compute_eden_space_size limits: desired_eden_size: 229717983 old_eden_size: 203423744 eden_limit: 203423744 cur_eden: 203423744 max_eden_size: 203423744 avg_young_live: 29967644
[47.952s][debug  ][gc,ergo        ] GC(174) PSAdaptiveSizePolicy::compute_eden_space_size: costs minor_time: 0.049800 major_cost: 0.027652 mutator_cost: 0.922548 throughput_goal: 0.990000
[47.952s][debug  ][gc,ergo        ] GC(174) Live_space: 902405504 free_space: 1885863936
[47.952s][debug  ][gc,ergo        ] GC(174) Old eden_size: 203423744 desired_eden_size: 203423744
[47.952s][debug  ][gc,ergo        ] GC(174) AdaptiveSizeStop: collection: 175 
[47.952s][info   ][gc,heap        ] GC(174) PSYoungGen: 229173K(230400K)->30720K(230400K) Eden: 198453K(198656K)->0K(198656K) From: 30720K(31744K)->30720K(31744K)
[47.952s][info   ][gc,heap        ] GC(174) ParOldGen: 1916517K(2226688K)->2111078K(2226688K)
[47.952s][info   ][gc,metaspace   ] GC(174) Metaspace: 1027K(1216K)->1027K(1216K) NonClass: 943K(1024K)->943K(1024K) Class: 83K(192K)->83K(192K)
[47.952s][info   ][gc             ] GC(174) Pause Young (Allocation Failure) 2095M->2091M(2399M) 17.865ms
[47.952s][info   ][gc,cpu         ] GC(174) User=0.14s Sys=0.00s Real=0.02s
[47.952s][debug  ][gc,heap        ] GC(174) Heap after GC invocations=175 (full 24):
[47.952s][debug  ][gc,heap        ] GC(174)  PSYoungGen      total 230400K, used 30720K [0x00000007f0000000, 0x0000000800000000, 0x0000000800000000)
[47.952s][debug  ][gc,heap        ] GC(174)   eden space 198656K, 0% used [0x00000007f0000000,0x00000007f0000000,0x00000007fc200000)
[47.952s][debug  ][gc,heap        ] GC(174)   from space 31744K, 96% used [0x00000007fc200000,0x00000007fe000030,0x00000007fe100000)
[47.952s][debug  ][gc,heap        ] GC(174)   to   space 31744K, 0% used [0x00000007fe100000,0x00000007fe100000,0x0000000800000000)
[47.952s][debug  ][gc,heap        ] GC(174)  ParOldGen       total 2226688K, used 2111078K [0x0000000700000000, 0x0000000787e80000, 0x00000007f0000000)
[47.952s][debug  ][gc,heap        ] GC(174)   object space 2226688K, 94% used [0x0000000700000000,0x0000000780d998d8,0x0000000787e80000)
[47.952s][debug  ][gc,heap        ] GC(174)  Metaspace       used 1027K, committed 1216K, reserved 1056768K
[47.952s][debug  ][gc,heap        ] GC(174)   class space    used 83K, committed 192K, reserved 1048576K
[47.952s][debug  ][gc,task,time   ] GC(174) VM-Thread 479339578 479506714 479524626
[47.952s][debug  ][gc,phases,start] GC(175) Pre Compact
[47.953s][debug  ][gc,heap        ] GC(175) Heap before GC invocations=176 (full 25):
[47.953s][debug  ][gc,heap        ] GC(175)  PSYoungGen      total 230400K, used 30720K [0x00000007f0000000, 0x0000000800000000, 0x0000000800000000)
[47.953s][debug  ][gc,heap        ] GC(175)   eden space 198656K, 0% used [0x00000007f0000000,0x00000007f0000000,0x00000007fc200000)
[47.953s][debug  ][gc,heap        ] GC(175)   from space 31744K, 96% used [0x00000007fc200000,0x00000007fe000030,0x00000007fe100000)
[47.953s][debug  ][gc,heap        ] GC(175)   to   space 31744K, 0% used [0x00000007fe100000,0x00000007fe100000,0x0000000800000000)
[47.953s][debug  ][gc,heap        ] GC(175)  ParOldGen       total 2226688K, used 2111078K [0x0000000700000000, 0x0000000787e80000, 0x00000007f0000000)
[47.953s][debug  ][gc,heap        ] GC(175)   object space 2226688K, 94% used [0x0000000700000000,0x0000000780d998d8,0x0000000787e80000)
[47.953s][debug  ][gc,heap        ] GC(175)  Metaspace       used 1027K, committed 1216K, reserved 1056768K
[47.953s][debug  ][gc,heap        ] GC(175)   class space    used 83K, committed 192K, reserved 1048576K
[47.953s][debug  ][gc,phases      ] GC(175) Pre Compact 0.207ms
[47.953s][info   ][gc,start       ] GC(175) Pause Full (Ergonomics)
[47.953s][info   ][gc,phases,start] GC(175) Marking Phase
[47.953s][debug  ][gc,phases,start] GC(175) Par Mark
[47.953s][debug  ][gc,phases      ] GC(175) Par Mark 0.456ms
[47.953s][debug  ][gc,phases,start] GC(175) Reference Processing
[47.953s][debug  ][gc,ref         ] GC(175) Skipped phase 1 of Reference Processing: no references
[47.953s][debug  ][gc,ref         ] GC(175) ReferenceProcessor::execute queues: 1, RefProcThreadModel::Single, marks_oops_alive: false
[47.953s][debug  ][gc,ref         ] GC(175) Skipped phase 3 of Reference Processing: no references
[47.953s][debug  ][gc,ref         ] GC(175) ReferenceProcessor::execute queues: 1, RefProcThreadModel::Single, marks_oops_alive: false
[47.953s][debug  ][gc,phases,ref  ] GC(175) Reference Processing: 0.1ms
[47.953s][debug  ][gc,phases,ref  ] GC(175)   Reconsider SoftReferences: 0.0ms
[47.953s][debug  ][gc,phases,ref  ] GC(175)     SoftRef (ms):                  skipped
[47.953s][debug  ][gc,phases,ref  ] GC(175)   Notify Soft/WeakReferences: 0.0ms
[47.953s][debug  ][gc,phases,ref  ] GC(175)     SoftRef (ms):                  Min:  0.0, Avg:  0.0, Max:  0.0, Diff:  0.0, Sum:  0.0, Workers: 10
[47.953s][debug  ][gc,phases,ref  ] GC(175)     WeakRef (ms):                  Min:  0.0, Avg:  0.0, Max:  0.0, Diff:  0.0, Sum:  0.0, Workers: 10
[47.953s][debug  ][gc,phases,ref  ] GC(175)     FinalRef (ms):                 Min:  0.0, Avg:  0.0, Max:  0.0, Diff:  0.0, Sum:  0.0, Workers: 10
[47.954s][debug  ][gc,phases,ref  ] GC(175)     Total (ms):                    Min:  0.0, Avg:  0.0, Max:  0.0, Diff:  0.0, Sum:  0.0, Workers: 10
[47.954s][debug  ][gc,phases,ref  ] GC(175)   Notify and keep alive finalizable: 0.0ms
[47.954s][debug  ][gc,phases,ref  ] GC(175)     FinalRef (ms):                 skipped
[47.954s][debug  ][gc,phases,ref  ] GC(175)   Notify PhantomReferences: 0.0ms
[47.954s][debug  ][gc,phases,ref  ] GC(175)     PhantomRef (ms):               Min:  0.0, Avg:  0.0, Max:  0.0, Diff:  0.0, Sum:  0.0, Workers: 10
[47.954s][debug  ][gc,phases,ref  ] GC(175)   SoftReference:
[47.954s][debug  ][gc,phases,ref  ] GC(175)     Discovered: 0
[47.954s][debug  ][gc,phases,ref  ] GC(175)     Cleared: 0
[47.954s][debug  ][gc,phases,ref  ] GC(175)   WeakReference:
[47.954s][debug  ][gc,phases,ref  ] GC(175)     Discovered: 60
[47.954s][debug  ][gc,phases,ref  ] GC(175)     Cleared: 60
[47.954s][debug  ][gc,phases,ref  ] GC(175)   FinalReference:
[47.954s][debug  ][gc,phases,ref  ] GC(175)     Discovered: 0
[47.954s][debug  ][gc,phases,ref  ] GC(175)     Cleared: 0
[47.954s][debug  ][gc,phases,ref  ] GC(175)   PhantomReference:
[47.954s][debug  ][gc,phases,ref  ] GC(175)     Discovered: 3
[47.954s][debug  ][gc,phases,ref  ] GC(175)     Cleared: 3
[47.954s][debug  ][gc,phases      ] GC(175) Reference Processing 0.588ms
[47.954s][debug  ][gc,phases,start] GC(175) Weak Processing
[47.954s][debug  ][gc,phases      ] GC(175)   VM Weak                        Min:  0.0, Avg:  0.0, Max:  0.0, Diff:  0.0, Sum:  0.0, Workers: 6
[47.954s][debug  ][gc,phases      ] GC(175)     Dead                           Min: 0, Avg:  0.0, Max: 0, Diff: 0, Sum: 0, Workers: 6
[47.954s][debug  ][gc,phases      ] GC(175)     Total                          Min: 0, Avg:  1.3, Max: 8, Diff: 8, Sum: 8, Workers: 6
[47.954s][debug  ][gc,phases      ] GC(175)   ObjectSynchronizer Weak        Min:  0.0, Avg:  0.0, Max:  0.0, Diff:  0.0, Sum:  0.0, Workers: 6
[47.954s][debug  ][gc,phases      ] GC(175)     Dead                           Min: 0, Avg:  0.0, Max: 0, Diff: 0, Sum: 0, Workers: 6
[47.954s][debug  ][gc,phases      ] GC(175)     Total                          Min: 0, Avg:  0.5, Max: 3, Diff: 3, Sum: 3, Workers: 6
[47.954s][debug  ][gc,phases      ] GC(175)   JVMTI Tag Weak OopStorage      Min:  0.0, Avg:  0.0, Max:  0.0, Diff:  0.0, Sum:  0.0, Workers: 6
[47.954s][debug  ][gc,phases      ] GC(175)     Dead                           Min: 0, Avg:  0.0, Max: 0, Diff: 0, Sum: 0, Workers: 6
[47.954s][debug  ][gc,phases      ] GC(175)     Total                          Min: 0, Avg:  0.0, Max: 0, Diff: 0, Sum: 0, Workers: 6
[47.954s][debug  ][gc,phases      ] GC(175)   StringTable Weak               Min:  0.0, Avg:  0.0, Max:  0.0, Diff:  0.0, Sum:  0.0, Workers: 6
[47.954s][debug  ][gc,phases      ] GC(175)     Dead                           Min: 0, Avg:  0.0, Max: 0, Diff: 0, Sum: 0, Workers: 6
[47.954s][debug  ][gc,phases      ] GC(175)     Total                          Min: 703, Avg: 892.5, Max: 1344, Diff: 641, Sum: 5355, Workers: 6
[47.954s][debug  ][gc,phases      ] GC(175)   ResolvedMethodTable Weak       Min:  0.0, Avg:  0.0, Max:  0.0, Diff:  0.0, Sum:  0.0, Workers: 6
[47.954s][debug  ][gc,phases      ] GC(175)     Dead                           Min: 0, Avg:  0.0, Max: 0, Diff: 0, Sum: 0, Workers: 6
[47.954s][debug  ][gc,phases      ] GC(175)     Total                          Min: 0, Avg: 21.7, Max: 66, Diff: 66, Sum: 130, Workers: 6
[47.954s][debug  ][gc,phases      ] GC(175)   JNI Weak                       Min:  0.0, Avg:  0.0, Max:  0.0, Diff:  0.0, Sum:  0.0, Workers: 6
[47.954s][debug  ][gc,phases      ] GC(175)     Dead                           Min: 0, Avg:  0.0, Max: 0, Diff: 0, Sum: 0, Workers: 6
[47.954s][debug  ][gc,phases      ] GC(175)     Total                          Min: 0, Avg:  0.0, Max: 0, Diff: 0, Sum: 0, Workers: 6
[47.954s][debug  ][gc,phases      ] GC(175)   StringDedup Table Weak         Min:  0.0, Avg:  0.0, Max:  0.0, Diff:  0.0, Sum:  0.0, Workers: 6
[47.954s][debug  ][gc,phases      ] GC(175)     Dead                           Min: 0, Avg:  0.0, Max: 0, Diff: 0, Sum: 0, Workers: 6
[47.954s][debug  ][gc,phases      ] GC(175)     Total                          Min: 0, Avg:  0.0, Max: 0, Diff: 0, Sum: 0, Workers: 6
[47.954s][debug  ][gc,phases      ] GC(175)   StringDedup Requests0 Weak     Min:  0.0, Avg:  0.0, Max:  0.0, Diff:  0.0, Sum:  0.0, Workers: 6
[47.954s][debug  ][gc,phases      ] GC(175)     Dead                           Min: 0, Avg:  0.0, Max: 0, Diff: 0, Sum: 0, Workers: 6
[47.954s][debug  ][gc,phases      ] GC(175)     Total                          Min: 0, Avg:  0.0, Max: 0, Diff: 0, Sum: 0, Workers: 6
[47.954s][debug  ][gc,phases      ] GC(175)   StringDedup Requests1 Weak     Min:  0.0, Avg:  0.0, Max:  0.0, Diff:  0.0, Sum:  0.0, Workers: 6
[47.954s][debug  ][gc,phases      ] GC(175)     Dead                           Min: 0, Avg:  0.0, Max: 0, Diff: 0, Sum: 0, Workers: 6
[47.955s][debug  ][gc,phases      ] GC(175)     Total                          Min: 0, Avg:  0.0, Max: 0, Diff: 0, Sum: 0, Workers: 6
[47.955s][debug  ][gc,phases      ] GC(175)   Weak JFR Old Object Samples    Min:  0.0, Avg:  0.0, Max:  0.0, Diff:  0.0, Sum:  0.0, Workers: 6
[47.955s][debug  ][gc,phases      ] GC(175)     Dead                           Min: 0, Avg:  0.0, Max: 0, Diff: 0, Sum: 0, Workers: 6
[47.955s][debug  ][gc,phases      ] GC(175)     Total                          Min: 0, Avg:  0.0, Max: 0, Diff: 0, Sum: 0, Workers: 6
[47.955s][debug  ][gc,phases      ] GC(175) Weak Processing 0.740ms
[47.955s][debug  ][gc,phases,start] GC(175) Class Unloading
[47.955s][debug  ][gc,phases,start] GC(175) ClassLoaderData
[47.955s][debug  ][gc,phases      ] GC(175) ClassLoaderData 0.020ms
[47.955s][debug  ][gc,phases,start] GC(175) Trigger cleanups
[47.955s][debug  ][gc,phases      ] GC(175) Trigger cleanups 0.020ms
[47.955s][debug  ][gc,phases      ] GC(175) Class Unloading 0.255ms
[47.955s][info   ][gc,phases      ] GC(175) Marking Phase 2.152ms
[47.955s][info   ][gc,phases,start] GC(175) Summary Phase
[47.955s][info   ][gc,phases      ] GC(175) Summary Phase 0.038ms
[47.955s][info   ][gc,phases,start] GC(175) Adjust Roots
[47.955s][info   ][gc,phases      ] GC(175) Adjust Roots 0.155ms
[47.955s][info   ][gc,phases,start] GC(175) Compaction Phase
[47.993s][info   ][gc,phases      ] GC(175) Compaction Phase 37.730ms
[47.993s][info   ][gc,phases,start] GC(175) Post Compact
[48.000s][info   ][gc,phases      ] GC(175) Post Compact 7.323ms
[48.000s][debug  ][gc,ergo        ] GC(175) AdaptiveSizeStart: collection: 176 
[48.000s][debug  ][gc,ergo        ] GC(175) PSAdaptiveSizePolicy::compute_eden_space_size limits: desired_eden_size: 230940671 old_eden_size: 203423744 eden_limit: 203423744 cur_eden: 203423744 max_eden_size: 203423744 avg_young_live: 26970880
[48.000s][debug  ][gc,ergo        ] GC(175) PSAdaptiveSizePolicy::compute_eden_space_size: costs minor_time: 0.049800 major_cost: 0.024211 mutator_cost: 0.925990 throughput_goal: 0.990000
[48.001s][debug  ][gc,ergo        ] GC(175) Live_space: 899408704 free_space: 1885863936
[48.001s][debug  ][gc,ergo        ] GC(175) Old eden_size: 203423744 desired_eden_size: 203423744
[48.001s][debug  ][gc,ergo        ] GC(175) PSAdaptiveSizePolicy::compute_old_gen_free_space: costs minor_time: 0.049800 major_cost: 0.024211  mutator_cost: 0.925990 throughput_goal: 0.990000
[48.001s][debug  ][gc,ergo        ] GC(175) Live_space: 874827520 free_space: 1885863936
[48.001s][debug  ][gc,ergo        ] GC(175) Old promo_size: 1682440192 desired_promo_size: 1793064960
[48.001s][debug  ][gc             ] GC(175) Expanding ParOldGen from 2226688K by 133120K to 2359808K
[48.001s][debug  ][gc,ergo        ] GC(175) AdaptiveSizeStop: collection: 176 
[48.001s][info   ][gc,heap        ] GC(175) PSYoungGen: 30720K(230400K)->0K(230400K) Eden: 0K(198656K)->0K(198656K) From: 30720K(31744K)->0K(31744K)
[48.001s][info   ][gc,heap        ] GC(175) ParOldGen: 2111078K(2226688K)->349795K(2359808K)
[48.001s][info   ][gc,metaspace   ] GC(175) Metaspace: 1027K(1216K)->1027K(1216K) NonClass: 943K(1024K)->943K(1024K) Class: 83K(192K)->83K(192K)
[48.001s][info   ][gc             ] GC(175) Pause Full (Ergonomics) 2091M->341M(2529M) 48.404ms
[48.001s][info   ][gc,cpu         ] GC(175) User=0.45s Sys=0.00s Real=0.05s
[48.001s][debug  ][gc,heap        ] GC(175) Heap after GC invocations=176 (full 25):
[48.001s][debug  ][gc,heap        ] GC(175)  PSYoungGen      total 230400K, used 0K [0x00000007f0000000, 0x0000000800000000, 0x0000000800000000)
[48.001s][debug  ][gc,heap        ] GC(175)   eden space 198656K, 0% used [0x00000007f0000000,0x00000007f0000000,0x00000007fc200000)
[48.001s][debug  ][gc,heap        ] GC(175)   from space 31744K, 0% used [0x00000007fe100000,0x00000007fe100000,0x0000000800000000)
[48.001s][debug  ][gc,heap        ] GC(175)   to   space 31744K, 0% used [0x00000007fc200000,0x00000007fc200000,0x00000007fe100000)
[48.001s][debug  ][gc,heap        ] GC(175)  ParOldGen       total 2359808K, used 349795K [0x0000000700000000, 0x0000000790080000, 0x00000007f0000000)
[48.001s][debug  ][gc,heap        ] GC(175)   object space 2359808K, 14% used [0x0000000700000000,0x0000000715598e18,0x0000000790080000)
[48.001s][debug  ][gc,heap        ] GC(175)  Metaspace       used 1027K, committed 1216K, reserved 1056768K
[48.001s][debug  ][gc,heap        ] GC(175)   class space    used 83K, committed 192K, reserved 1048576K
[48.001s][debug  ][gc,task,time   ] GC(175) VM-Thread 479527394 479551654 480011706
[48.296s][debug  ][gc,heap        ] GC(176) Heap before GC invocations=177 (full 25):
[48.296s][debug  ][gc,heap        ] GC(176)  PSYoungGen      total 230400K, used 198454K [0x00000007f0000000, 0x0000000800000000, 0x0000000800000000)
[48.296s][debug  ][gc,heap        ] GC(176)   eden space 198656K, 99% used [0x00000007f0000000,0x00000007fc1cd870,0x00000007fc200000)
[48.296s][debug  ][gc,heap        ] GC(176)   from space 31744K, 0% used [0x00000007fe100000,0x00000007fe100000,0x0000000800000000)
[48.296s][debug  ][gc,heap        ] GC(176)   to   space 31744K, 0% used [0x00000007fc200000,0x00000007fc200000,0x00000007fe100000)
[48.296s][debug  ][gc,heap        ] GC(176)  ParOldGen       total 2359808K, used 349795K [0x0000000700000000, 0x0000000790080000, 0x00000007f0000000)
[48.296s][debug  ][gc,heap        ] GC(176)   object space 2359808K, 14% used [0x0000000700000000,0x0000000715598e18,0x0000000790080000)
[48.296s][debug  ][gc,heap        ] GC(176)  Metaspace       used 1027K, committed 1216K, reserved 1056768K
[48.296s][debug  ][gc,heap        ] GC(176)   class space    used 83K, committed 192K, reserved 1048576K
[48.296s][debug  ][gc,tlab        ] GC(176) TLAB totals: thrds: 1  refills: 1 max: 1 slow allocs: 18 max 18 waste: 27.5% gc: 3987264B max: 3987264B slow: 0B max: 0B
[48.296s][info   ][gc,start       ] GC(176) Pause Young (Allocation Failure)
[48.296s][debug  ][gc,phases,start] GC(176) Scavenge
[48.310s][debug  ][gc,phases      ] GC(176) Scavenge 13.364ms
[48.310s][debug  ][gc,phases,start] GC(176) Reference Processing
[48.310s][debug  ][gc,ref         ] GC(176) Skipped phase 1 of Reference Processing: no references
[48.310s][debug  ][gc,ref         ] GC(176) Skipped phase 2 of Reference Processing: no references
[48.310s][debug  ][gc,ref         ] GC(176) Skipped phase 3 of Reference Processing: no references
[48.310s][debug  ][gc,ref         ] GC(176) Skipped phase 4 of Reference Processing: no references
[48.310s][debug  ][gc,phases,ref  ] GC(176) Reference Processing: 0.1ms
[48.310s][debug  ][gc,phases,ref  ] GC(176)   Reconsider SoftReferences: 0.0ms
[48.310s][debug  ][gc,phases,ref  ] GC(176)     SoftRef (ms):                  skipped
[48.310s][debug  ][gc,phases,ref  ] GC(176)   Notify Soft/WeakReferences: 0.0ms
[48.310s][debug  ][gc,phases,ref  ] GC(176)     SoftRef (ms):                  skipped
[48.310s][debug  ][gc,phases,ref  ] GC(176)     WeakRef (ms):                  skipped
[48.310s][debug  ][gc,phases,ref  ] GC(176)     FinalRef (ms):                 skipped
[48.310s][debug  ][gc,phases,ref  ] GC(176)     Total (ms):                    skipped
[48.310s][debug  ][gc,phases,ref  ] GC(176)   Notify and keep alive finalizable: 0.0ms
[48.310s][debug  ][gc,phases,ref  ] GC(176)     FinalRef (ms):                 skipped
[48.310s][debug  ][gc,phases,ref  ] GC(176)   Notify PhantomReferences: 0.0ms
[48.310s][debug  ][gc,phases,ref  ] GC(176)     PhantomRef (ms):               skipped
[48.310s][debug  ][gc,phases,ref  ] GC(176)   SoftReference:
[48.310s][debug  ][gc,phases,ref  ] GC(176)     Discovered: 0
[48.310s][debug  ][gc,phases,ref  ] GC(176)     Cleared: 0
[48.310s][debug  ][gc,phases,ref  ] GC(176)   WeakReference:
[48.310s][debug  ][gc,phases,ref  ] GC(176)     Discovered: 0
[48.310s][debug  ][gc,phases,ref  ] GC(176)     Cleared: 0
[48.310s][debug  ][gc,phases,ref  ] GC(176)   FinalReference:
[48.310s][debug  ][gc,phases,ref  ] GC(176)     Discovered: 0
[48.310s][debug  ][gc,phases,ref  ] GC(176)     Cleared: 0
[48.310s][debug  ][gc,phases,ref  ] GC(176)   PhantomReference:
[48.310s][debug  ][gc,phases,ref  ] GC(176)     Discovered: 0
[48.310s][debug  ][gc,phases,ref  ] GC(176)     Cleared: 0
[48.310s][debug  ][gc,phases      ] GC(176) Reference Processing 0.727ms
[48.310s][debug  ][gc,phases,start] GC(176) Weak Processing
[48.311s][debug  ][gc,phases      ] GC(176)   VM Weak                        Min:  0.0, Avg:  0.0, Max:  0.0, Diff:  0.0, Sum:  0.0, Workers: 6
[48.311s][debug  ][gc,phases      ] GC(176)     Dead                           Min: 0, Avg:  0.0, Max: 0, Diff: 0, Sum: 0, Workers: 6
[48.311s][debug  ][gc,phases      ] GC(176)     Total                          Min: 0, Avg:  1.3, Max: 8, Diff: 8, Sum: 8, Workers: 6
[48.311s][debug  ][gc,phases      ] GC(176)   ObjectSynchronizer Weak        Min:  0.0, Avg:  0.0, Max:  0.0, Diff:  0.0, Sum:  0.0, Workers: 6
[48.311s][debug  ][gc,phases      ] GC(176)     Dead                           Min: 0, Avg:  0.0, Max: 0, Diff: 0, Sum: 0, Workers: 6
[48.311s][debug  ][gc,phases      ] GC(176)     Total                          Min: 0, Avg:  0.5, Max: 3, Diff: 3, Sum: 3, Workers: 6
[48.311s][debug  ][gc,phases      ] GC(176)   JVMTI Tag Weak OopStorage      Min:  0.0, Avg:  0.0, Max:  0.0, Diff:  0.0, Sum:  0.0, Workers: 6
[48.311s][debug  ][gc,phases      ] GC(176)     Dead                           Min: 0, Avg:  0.0, Max: 0, Diff: 0, Sum: 0, Workers: 6
[48.311s][debug  ][gc,phases      ] GC(176)     Total                          Min: 0, Avg:  0.0, Max: 0, Diff: 0, Sum: 0, Workers: 6
[48.311s][debug  ][gc,phases      ] GC(176)   StringTable Weak               Min:  0.0, Avg:  0.0, Max:  0.0, Diff:  0.0, Sum:  0.0, Workers: 6
[48.311s][debug  ][gc,phases      ] GC(176)     Dead                           Min: 0, Avg:  0.0, Max: 0, Diff: 0, Sum: 0, Workers: 6
[48.311s][debug  ][gc,phases      ] GC(176)     Total                          Min: 576, Avg: 892.5, Max: 1152, Diff: 576, Sum: 5355, Workers: 6
[48.311s][debug  ][gc,phases      ] GC(176)   ResolvedMethodTable Weak       Min:  0.0, Avg:  0.0, Max:  0.0, Diff:  0.0, Sum:  0.0, Workers: 6
[48.311s][debug  ][gc,phases      ] GC(176)     Dead                           Min: 0, Avg:  0.0, Max: 0, Diff: 0, Sum: 0, Workers: 6
[48.311s][debug  ][gc,phases      ] GC(176)     Total                          Min: 0, Avg: 21.7, Max: 64, Diff: 64, Sum: 130, Workers: 6
[48.311s][debug  ][gc,phases      ] GC(176)   JNI Weak                       Min:  0.0, Avg:  0.0, Max:  0.0, Diff:  0.0, Sum:  0.0, Workers: 6
[48.311s][debug  ][gc,phases      ] GC(176)     Dead                           Min: 0, Avg:  0.0, Max: 0, Diff: 0, Sum: 0, Workers: 6
[48.311s][debug  ][gc,phases      ] GC(176)     Total                          Min: 0, Avg:  0.0, Max: 0, Diff: 0, Sum: 0, Workers: 6
[48.311s][debug  ][gc,phases      ] GC(176)   StringDedup Table Weak         Min:  0.0, Avg:  0.0, Max:  0.0, Diff:  0.0, Sum:  0.0, Workers: 6
[48.311s][debug  ][gc,phases      ] GC(176)     Dead                           Min: 0, Avg:  0.0, Max: 0, Diff: 0, Sum: 0, Workers: 6
[48.311s][debug  ][gc,phases      ] GC(176)     Total                          Min: 0, Avg:  0.0, Max: 0, Diff: 0, Sum: 0, Workers: 6
[48.311s][debug  ][gc,phases      ] GC(176)   StringDedup Requests0 Weak     Min:  0.0, Avg:  0.0, Max:  0.0, Diff:  0.0, Sum:  0.0, Workers: 6
[48.311s][debug  ][gc,phases      ] GC(176)     Dead                           Min: 0, Avg:  0.0, Max: 0, Diff: 0, Sum: 0, Workers: 6
[48.311s][debug  ][gc,phases      ] GC(176)     Total                          Min: 0, Avg:  0.0, Max: 0, Diff: 0, Sum: 0, Workers: 6
[48.311s][debug  ][gc,phases      ] GC(176)   StringDedup Requests1 Weak     Min:  0.0, Avg:  0.0, Max:  0.0, Diff:  0.0, Sum:  0.0, Workers: 6
[48.311s][debug  ][gc,phases      ] GC(176)     Dead                           Min: 0, Avg:  0.0, Max: 0, Diff: 0, Sum: 0, Workers: 6
[48.311s][debug  ][gc,phases      ] GC(176)     Total                          Min: 0, Avg:  0.0, Max: 0, Diff: 0, Sum: 0, Workers: 6
[48.311s][debug  ][gc,phases      ] GC(176)   Weak JFR Old Object Samples    Min:  0.0, Avg:  0.0, Max:  0.0, Diff:  0.0, Sum:  0.0, Workers: 6
[48.311s][debug  ][gc,phases      ] GC(176)     Dead                           Min: 0, Avg:  0.0, Max: 0, Diff: 0, Sum: 0, Workers: 6
[48.311s][debug  ][gc,phases      ] GC(176)     Total                          Min: 0, Avg:  0.0, Max: 0, Diff: 0, Sum: 0, Workers: 6
[48.311s][debug  ][gc,phases      ] GC(176) Weak Processing 0.702ms
[48.311s][debug  ][gc,ergo        ] GC(176) AdaptiveSizeStart:  collection: 177 
[48.311s][debug  ][gc,ergo        ] GC(176) avg_survived_padded_avg: 32025182.000000
[48.311s][debug  ][gc,ergo        ] GC(176) avg_promoted_padded_avg: 255321664.000000  avg_pretenured_padded_avg: 0.000000  tenuring_thresh: 1  target_size: 32505856
[48.311s][debug  ][gc,age         ] GC(176) Desired survivor size 32505856 bytes, new threshold 1 (max threshold 15)
[48.311s][debug  ][gc,ergo        ] GC(176) PSAdaptiveSizePolicy::compute_eden_space_size limits: desired_eden_size: 230556637 old_eden_size: 203423744 eden_limit: 203423744 cur_eden: 203423744 max_eden_size: 203423744 avg_young_live: 27419524
[48.311s][debug  ][gc,ergo        ] GC(176) PSAdaptiveSizePolicy::compute_eden_space_size: costs minor_time: 0.047734 major_cost: 0.024211 mutator_cost: 0.928055 throughput_goal: 0.990000
[48.311s][debug  ][gc,ergo        ] GC(176) Live_space: 875276160 free_space: 1996488704
[48.311s][debug  ][gc,ergo        ] GC(176) Old eden_size: 203423744 desired_eden_size: 203423744
[48.311s][debug  ][gc,ergo        ] GC(176) AdaptiveSizeStop: collection: 177 
[48.311s][info   ][gc,heap        ] GC(176) PSYoungGen: 198454K(230400K)->30720K(230400K) Eden: 198454K(198656K)->0K(198656K) From: 0K(31744K)->30720K(31744K)
[48.311s][info   ][gc,heap        ] GC(176) ParOldGen: 349795K(2359808K)->513635K(2359808K)
[48.311s][info   ][gc,metaspace   ] GC(176) Metaspace: 1027K(1216K)->1027K(1216K) NonClass: 943K(1024K)->943K(1024K) Class: 83K(192K)->83K(192K)
[48.311s][info   ][gc             ] GC(176) Pause Young (Allocation Failure) 535M->531M(2529M) 15.242ms
[48.312s][info   ][gc,cpu         ] GC(176) User=0.14s Sys=0.00s Real=0.01s
[48.312s][debug  ][gc,heap        ] GC(176) Heap after GC invocations=177 (full 25):
[48.312s][debug  ][gc,heap        ] GC(176)  PSYoungGen      total 230400K, used 30720K [0x00000007f0000000, 0x0000000800000000, 0x0000000800000000)
[48.312s][debug  ][gc,heap        ] GC(176)   eden space 198656K, 0% used [0x00000007f0000000,0x00000007f0000000,0x00000007fc200000)
[48.312s][debug  ][gc,heap        ] GC(176)   from space 31744K, 96% used [0x00000007fc200000,0x00000007fe000030,0x00000007fe100000)
[48.312s][debug  ][gc,heap        ] GC(176)   to   space 31744K, 0% used [0x00000007fe100000,0x00000007fe100000,0x0000000800000000)
[48.312s][debug  ][gc,heap        ] GC(176)  ParOldGen       total 2359808K, used 513635K [0x0000000700000000, 0x0000000790080000, 0x00000007f0000000)
[48.312s][debug  ][gc,heap        ] GC(176)   object space 2359808K, 21% used [0x0000000700000000,0x000000071f598f18,0x0000000790080000)
[48.312s][debug  ][gc,heap        ] GC(176)  Metaspace       used 1027K, committed 1216K, reserved 1056768K
[48.312s][debug  ][gc,heap        ] GC(176)   class space    used 83K, committed 192K, reserved 1048576K
[48.312s][debug  ][gc,task,time   ] GC(176) VM-Thread 482958134 483097266 483117170
[48.609s][debug  ][gc,heap        ] GC(177) Heap before GC invocations=178 (full 25):
[48.609s][debug  ][gc,heap        ] GC(177)  PSYoungGen      total 230400K, used 229102K [0x00000007f0000000, 0x0000000800000000, 0x0000000800000000)
[48.609s][debug  ][gc,heap        ] GC(177)   eden space 198656K, 99% used [0x00000007f0000000,0x00000007fc1bbb50,0x00000007fc200000)
[48.609s][debug  ][gc,heap        ] GC(177)   from space 31744K, 96% used [0x00000007fc200000,0x00000007fe000030,0x00000007fe100000)
[48.609s][debug  ][gc,heap        ] GC(177)   to   space 31744K, 0% used [0x00000007fe100000,0x00000007fe100000,0x0000000800000000)
[48.609s][debug  ][gc,heap        ] GC(177)  ParOldGen       total 2359808K, used 513635K [0x0000000700000000, 0x0000000790080000, 0x00000007f0000000)
[48.609s][debug  ][gc,heap        ] GC(177)   object space 2359808K, 21% used [0x0000000700000000,0x000000071f598f18,0x0000000790080000)
[48.609s][debug  ][gc,heap        ] GC(177)  Metaspace       used 1027K, committed 1216K, reserved 1056768K
[48.609s][debug  ][gc,heap        ] GC(177)   class space    used 83K, committed 192K, reserved 1048576K
[48.609s][debug  ][gc,tlab        ] GC(177) TLAB totals: thrds: 1  refills: 1 max: 1 slow allocs: 18 max 18 waste: 27.2% gc: 3914272B max: 3914272B slow: 0B max: 0B
[48.609s][info   ][gc,start       ] GC(177) Pause Young (Allocation Failure)
[48.610s][debug  ][gc,phases,start] GC(177) Scavenge
[48.625s][debug  ][gc,phases      ] GC(177) Scavenge 15.801ms
[48.625s][debug  ][gc,phases,start] GC(177) Reference Processing
[48.625s][debug  ][gc,ref         ] GC(177) Skipped phase 1 of Reference Processing: no references
[48.625s][debug  ][gc,ref         ] GC(177) Skipped phase 2 of Reference Processing: no references
[48.625s][debug  ][gc,ref         ] GC(177) Skipped phase 3 of Reference Processing: no references
[48.625s][debug  ][gc,ref         ] GC(177) Skipped phase 4 of Reference Processing: no references
[48.626s][debug  ][gc,phases,ref  ] GC(177) Reference Processing: 0.1ms
[48.626s][debug  ][gc,phases,ref  ] GC(177)   Reconsider SoftReferences: 0.0ms
[48.626s][debug  ][gc,phases,ref  ] GC(177)     SoftRef (ms):                  skipped
[48.626s][debug  ][gc,phases,ref  ] GC(177)   Notify Soft/WeakReferences: 0.0ms
[48.626s][debug  ][gc,phases,ref  ] GC(177)     SoftRef (ms):                  skipped
[48.626s][debug  ][gc,phases,ref  ] GC(177)     WeakRef (ms):                  skipped
[48.626s][debug  ][gc,phases,ref  ] GC(177)     FinalRef (ms):                 skipped
[48.626s][debug  ][gc,phases,ref  ] GC(177)     Total (ms):                    skipped
[48.626s][debug  ][gc,phases,ref  ] GC(177)   Notify and keep alive finalizable: 0.0ms
[48.626s][debug  ][gc,phases,ref  ] GC(177)     FinalRef (ms):                 skipped
[48.626s][debug  ][gc,phases,ref  ] GC(177)   Notify PhantomReferences: 0.0ms
[48.626s][debug  ][gc,phases,ref  ] GC(177)     PhantomRef (ms):               skipped
[48.626s][debug  ][gc,phases,ref  ] GC(177)   SoftReference:
[48.626s][debug  ][gc,phases,ref  ] GC(177)     Discovered: 0
[48.626s][debug  ][gc,phases,ref  ] GC(177)     Cleared: 0
[48.626s][debug  ][gc,phases,ref  ] GC(177)   WeakReference:
[48.626s][debug  ][gc,phases,ref  ] GC(177)     Discovered: 0
[48.626s][debug  ][gc,phases,ref  ] GC(177)     Cleared: 0
[48.626s][debug  ][gc,phases,ref  ] GC(177)   FinalReference:
[48.626s][debug  ][gc,phases,ref  ] GC(177)     Discovered: 0
[48.626s][debug  ][gc,phases,ref  ] GC(177)     Cleared: 0
[48.626s][debug  ][gc,phases,ref  ] GC(177)   PhantomReference:
[48.626s][debug  ][gc,phases,ref  ] GC(177)     Discovered: 0
[48.626s][debug  ][gc,phases,ref  ] GC(177)     Cleared: 0
[48.626s][debug  ][gc,phases      ] GC(177) Reference Processing 0.643ms
[48.626s][debug  ][gc,phases,start] GC(177) Weak Processing
[48.626s][debug  ][gc,phases      ] GC(177)   VM Weak                        Min:  0.0, Avg:  0.0, Max:  0.0, Diff:  0.0, Sum:  0.0, Workers: 6
[48.626s][debug  ][gc,phases      ] GC(177)     Dead                           Min: 0, Avg:  0.0, Max: 0, Diff: 0, Sum: 0, Workers: 6
[48.626s][debug  ][gc,phases      ] GC(177)     Total                          Min: 0, Avg:  1.3, Max: 8, Diff: 8, Sum: 8, Workers: 6
[48.626s][debug  ][gc,phases      ] GC(177)   ObjectSynchronizer Weak        Min:  0.0, Avg:  0.0, Max:  0.0, Diff:  0.0, Sum:  0.0, Workers: 6
[48.626s][debug  ][gc,phases      ] GC(177)     Dead                           Min: 0, Avg:  0.0, Max: 0, Diff: 0, Sum: 0, Workers: 6
[48.626s][debug  ][gc,phases      ] GC(177)     Total                          Min: 0, Avg:  0.5, Max: 3, Diff: 3, Sum: 3, Workers: 6
[48.626s][debug  ][gc,phases      ] GC(177)   JVMTI Tag Weak OopStorage      Min:  0.0, Avg:  0.0, Max:  0.0, Diff:  0.0, Sum:  0.0, Workers: 6
[48.626s][debug  ][gc,phases      ] GC(177)     Dead                           Min: 0, Avg:  0.0, Max: 0, Diff: 0, Sum: 0, Workers: 6
[48.626s][debug  ][gc,phases      ] GC(177)     Total                          Min: 0, Avg:  0.0, Max: 0, Diff: 0, Sum: 0, Workers: 6
[48.626s][debug  ][gc,phases      ] GC(177)   StringTable Weak               Min:  0.0, Avg:  0.0, Max:  0.0, Diff:  0.0, Sum:  0.0, Workers: 6
[48.626s][debug  ][gc,phases      ] GC(177)     Dead                           Min: 0, Avg:  0.0, Max: 0, Diff: 0, Sum: 0, Workers: 6
[48.626s][debug  ][gc,phases      ] GC(177)     Total                          Min: 767, Avg: 892.5, Max: 1152, Diff: 385, Sum: 5355, Workers: 6
[48.626s][debug  ][gc,phases      ] GC(177)   ResolvedMethodTable Weak       Min:  0.0, Avg:  0.0, Max:  0.0, Diff:  0.0, Sum:  0.0, Workers: 6
[48.626s][debug  ][gc,phases      ] GC(177)     Dead                           Min: 0, Avg:  0.0, Max: 0, Diff: 0, Sum: 0, Workers: 6
[48.626s][debug  ][gc,phases      ] GC(177)     Total                          Min: 0, Avg: 21.7, Max: 64, Diff: 64, Sum: 130, Workers: 6
[48.626s][debug  ][gc,phases      ] GC(177)   JNI Weak                       Min:  0.0, Avg:  0.0, Max:  0.0, Diff:  0.0, Sum:  0.0, Workers: 6
[48.626s][debug  ][gc,phases      ] GC(177)     Dead                           Min: 0, Avg:  0.0, Max: 0, Diff: 0, Sum: 0, Workers: 6
[48.627s][debug  ][gc,phases      ] GC(177)     Total                          Min: 0, Avg:  0.0, Max: 0, Diff: 0, Sum: 0, Workers: 6
[48.627s][debug  ][gc,phases      ] GC(177)   StringDedup Table Weak         Min:  0.0, Avg:  0.0, Max:  0.0, Diff:  0.0, Sum:  0.0, Workers: 6
[48.627s][debug  ][gc,phases      ] GC(177)     Dead                           Min: 0, Avg:  0.0, Max: 0, Diff: 0, Sum: 0, Workers: 6
[48.627s][debug  ][gc,phases      ] GC(177)     Total                          Min: 0, Avg:  0.0, Max: 0, Diff: 0, Sum: 0, Workers: 6
[48.627s][debug  ][gc,phases      ] GC(177)   StringDedup Requests0 Weak     Min:  0.0, Avg:  0.0, Max:  0.0, Diff:  0.0, Sum:  0.0, Workers: 6
[48.627s][debug  ][gc,phases      ] GC(177)     Dead                           Min: 0, Avg:  0.0, Max: 0, Diff: 0, Sum: 0, Workers: 6
[48.627s][debug  ][gc,phases      ] GC(177)     Total                          Min: 0, Avg:  0.0, Max: 0, Diff: 0, Sum: 0, Workers: 6
[48.627s][debug  ][gc,phases      ] GC(177)   StringDedup Requests1 Weak     Min:  0.0, Avg:  0.0, Max:  0.0, Diff:  0.0, Sum:  0.0, Workers: 6
[48.627s][debug  ][gc,phases      ] GC(177)     Dead                           Min: 0, Avg:  0.0, Max: 0, Diff: 0, Sum: 0, Workers: 6
[48.627s][debug  ][gc,phases      ] GC(177)     Total                          Min: 0, Avg:  0.0, Max: 0, Diff: 0, Sum: 0, Workers: 6
[48.627s][debug  ][gc,phases      ] GC(177)   Weak JFR Old Object Samples    Min:  0.0, Avg:  0.0, Max:  0.0, Diff:  0.0, Sum:  0.0, Workers: 6
[48.627s][debug  ][gc,phases      ] GC(177)     Dead                           Min: 0, Avg:  0.0, Max: 0, Diff: 0, Sum: 0, Workers: 6
[48.627s][debug  ][gc,phases      ] GC(177)     Total                          Min: 0, Avg:  0.0, Max: 0, Diff: 0, Sum: 0, Workers: 6
[48.627s][debug  ][gc,phases      ] GC(177) Weak Processing 0.714ms
[48.627s][debug  ][gc,ergo        ] GC(177) AdaptiveSizeStart:  collection: 178 
[48.627s][debug  ][gc,ergo        ] GC(177) avg_survived_padded_avg: 31978338.000000
[48.627s][debug  ][gc,ergo        ] GC(177) avg_promoted_padded_avg: 258059808.000000  avg_pretenured_padded_avg: 0.000000  tenuring_thresh: 1  target_size: 31981568
[48.627s][debug  ][gc,age         ] GC(177) Desired survivor size 31981568 bytes, new threshold 1 (max threshold 15)
[48.627s][debug  ][gc,ergo        ] GC(177) PSAdaptiveSizePolicy::compute_eden_space_size limits: desired_eden_size: 230884721 old_eden_size: 203423744 eden_limit: 203423744 cur_eden: 203423744 max_eden_size: 203423744 avg_young_live: 27823302
[48.627s][debug  ][gc,ergo        ] GC(177) PSAdaptiveSizePolicy::compute_eden_space_size: costs minor_time: 0.049492 major_cost: 0.024211 mutator_cost: 0.926298 throughput_goal: 0.990000
[48.627s][debug  ][gc,ergo        ] GC(177) Live_space: 875679936 free_space: 1996488704
[48.627s][debug  ][gc,ergo        ] GC(177) Old eden_size: 203423744 desired_eden_size: 203423744
[48.627s][debug  ][gc,ergo        ] GC(177) AdaptiveSizeStop: collection: 178 
[48.627s][info   ][gc,heap        ] GC(177) PSYoungGen: 229102K(230400K)->30720K(230912K) Eden: 198382K(198656K)->0K(199168K) From: 30720K(31744K)->30720K(31744K)
[48.627s][info   ][gc,heap        ] GC(177) ParOldGen: 513635K(2359808K)->708196K(2359808K)
[48.627s][info   ][gc,metaspace   ] GC(177) Metaspace: 1027K(1216K)->1027K(1216K) NonClass: 943K(1024K)->943K(1024K) Class: 83K(192K)->83K(192K)
[48.627s][info   ][gc             ] GC(177) Pause Young (Allocation Failure) 725M->721M(2530M) 17.605ms
[48.627s][info   ][gc,cpu         ] GC(177) User=0.14s Sys=0.00s Real=0.02s
[48.627s][debug  ][gc,heap        ] GC(177) Heap after GC invocations=178 (full 25):
[48.627s][debug  ][gc,heap        ] GC(177)  PSYoungGen      total 230912K, used 30720K [0x00000007f0000000, 0x0000000800000000, 0x0000000800000000)
[48.627s][debug  ][gc,heap        ] GC(177)   eden space 199168K, 0% used [0x00000007f0000000,0x00000007f0000000,0x00000007fc280000)
[48.627s][debug  ][gc,heap        ] GC(177)   from space 31744K, 96% used [0x00000007fe100000,0x00000007fff00030,0x0000000800000000)
[48.627s][debug  ][gc,heap        ] GC(177)   to   space 31232K, 0% used [0x00000007fc280000,0x00000007fc280000,0x00000007fe100000)
[48.627s][debug  ][gc,heap        ] GC(177)  ParOldGen       total 2359808K, used 708196K [0x0000000700000000, 0x0000000790080000, 0x00000007f0000000)
[48.627s][debug  ][gc,heap        ] GC(177)   object space 2359808K, 30% used [0x0000000700000000,0x000000072b399048,0x0000000790080000)
[48.627s][debug  ][gc,heap        ] GC(177)  Metaspace       used 1027K, committed 1216K, reserved 1056768K
[48.627s][debug  ][gc,heap        ] GC(177)   class space    used 83K, committed 192K, reserved 1048576K
[48.627s][debug  ][gc,task,time   ] GC(177) VM-Thread 486090325 486254004 486273162
[48.926s][debug  ][gc,heap        ] GC(178) Heap before GC invocations=179 (full 25):
[48.926s][debug  ][gc,heap        ] GC(178)  PSYoungGen      total 230912K, used 229138K [0x00000007f0000000, 0x0000000800000000, 0x0000000800000000)
[48.926s][debug  ][gc,heap        ] GC(178)   eden space 199168K, 99% used [0x00000007f0000000,0x00000007fc1c4aa0,0x00000007fc280000)
[48.926s][debug  ][gc,heap        ] GC(178)   from space 31744K, 96% used [0x00000007fe100000,0x00000007fff00030,0x0000000800000000)
[48.926s][debug  ][gc,heap        ] GC(178)   to   space 31232K, 0% used [0x00000007fc280000,0x00000007fc280000,0x00000007fe100000)
[48.926s][debug  ][gc,heap        ] GC(178)  ParOldGen       total 2359808K, used 708196K [0x0000000700000000, 0x0000000790080000, 0x00000007f0000000)
[48.926s][debug  ][gc,heap        ] GC(178)   object space 2359808K, 30% used [0x0000000700000000,0x000000072b399048,0x0000000790080000)
[48.926s][debug  ][gc,heap        ] GC(178)  Metaspace       used 1027K, committed 1216K, reserved 1056768K
[48.926s][debug  ][gc,heap        ] GC(178)   class space    used 83K, committed 192K, reserved 1048576K
[48.926s][debug  ][gc,tlab        ] GC(178) TLAB totals: thrds: 1  refills: 1 max: 1 slow allocs: 18 max 18 waste: 27.4% gc: 3950960B max: 3950960B slow: 0B max: 0B
[48.926s][info   ][gc,start       ] GC(178) Pause Young (Allocation Failure)
[48.926s][debug  ][gc,phases,start] GC(178) Scavenge
[48.941s][debug  ][gc,phases      ] GC(178) Scavenge 15.350ms
[48.941s][debug  ][gc,phases,start] GC(178) Reference Processing
[48.941s][debug  ][gc,ref         ] GC(178) Skipped phase 1 of Reference Processing: no references
[48.941s][debug  ][gc,ref         ] GC(178) Skipped phase 2 of Reference Processing: no references
[48.941s][debug  ][gc,ref         ] GC(178) Skipped phase 3 of Reference Processing: no references
[48.941s][debug  ][gc,ref         ] GC(178) Skipped phase 4 of Reference Processing: no references
[48.941s][debug  ][gc,phases,ref  ] GC(178) Reference Processing: 0.1ms
[48.942s][debug  ][gc,phases,ref  ] GC(178)   Reconsider SoftReferences: 0.0ms
[48.942s][debug  ][gc,phases,ref  ] GC(178)     SoftRef (ms):                  skipped
[48.942s][debug  ][gc,phases,ref  ] GC(178)   Notify Soft/WeakReferences: 0.0ms
[48.942s][debug  ][gc,phases,ref  ] GC(178)     SoftRef (ms):                  skipped
[48.942s][debug  ][gc,phases,ref  ] GC(178)     WeakRef (ms):                  skipped
[48.942s][debug  ][gc,phases,ref  ] GC(178)     FinalRef (ms):                 skipped
[48.942s][debug  ][gc,phases,ref  ] GC(178)     Total (ms):                    skipped
[48.942s][debug  ][gc,phases,ref  ] GC(178)   Notify and keep alive finalizable: 0.0ms
[48.942s][debug  ][gc,phases,ref  ] GC(178)     FinalRef (ms):                 skipped
[48.942s][debug  ][gc,phases,ref  ] GC(178)   Notify PhantomReferences: 0.0ms
[48.942s][debug  ][gc,phases,ref  ] GC(178)     PhantomRef (ms):               skipped
[48.942s][debug  ][gc,phases,ref  ] GC(178)   SoftReference:
[48.942s][debug  ][gc,phases,ref  ] GC(178)     Discovered: 0
[48.942s][debug  ][gc,phases,ref  ] GC(178)     Cleared: 0
[48.942s][debug  ][gc,phases,ref  ] GC(178)   WeakReference:
[48.942s][debug  ][gc,phases,ref  ] GC(178)     Discovered: 0
[48.942s][debug  ][gc,phases,ref  ] GC(178)     Cleared: 0
[48.942s][debug  ][gc,phases,ref  ] GC(178)   FinalReference:
[48.942s][debug  ][gc,phases,ref  ] GC(178)     Discovered: 0
[48.942s][debug  ][gc,phases,ref  ] GC(178)     Cleared: 0
[48.942s][debug  ][gc,phases,ref  ] GC(178)   PhantomReference:
[48.942s][debug  ][gc,phases,ref  ] GC(178)     Discovered: 0
[48.942s][debug  ][gc,phases,ref  ] GC(178)     Cleared: 0
[48.942s][debug  ][gc,phases      ] GC(178) Reference Processing 0.625ms
[48.942s][debug  ][gc,phases,start] GC(178) Weak Processing
[48.942s][debug  ][gc,phases      ] GC(178)   VM Weak                        Min:  0.0, Avg:  0.0, Max:  0.0, Diff:  0.0, Sum:  0.0, Workers: 6
[48.942s][debug  ][gc,phases      ] GC(178)     Dead                           Min: 0, Avg:  0.0, Max: 0, Diff: 0, Sum: 0, Workers: 6
[48.942s][debug  ][gc,phases      ] GC(178)     Total                          Min: 0, Avg:  1.3, Max: 8, Diff: 8, Sum: 8, Workers: 6
[48.942s][debug  ][gc,phases      ] GC(178)   ObjectSynchronizer Weak        Min:  0.0, Avg:  0.0, Max:  0.0, Diff:  0.0, Sum:  0.0, Workers: 6
[48.942s][debug  ][gc,phases      ] GC(178)     Dead                           Min: 0, Avg:  0.0, Max: 0, Diff: 0, Sum: 0, Workers: 6
[48.942s][debug  ][gc,phases      ] GC(178)     Total                          Min: 0, Avg:  0.5, Max: 3, Diff: 3, Sum: 3, Workers: 6
[48.942s][debug  ][gc,phases      ] GC(178)   JVMTI Tag Weak OopStorage      Min:  0.0, Avg:  0.0, Max:  0.0, Diff:  0.0, Sum:  0.0, Workers: 6
[48.942s][debug  ][gc,phases      ] GC(178)     Dead                           Min: 0, Avg:  0.0, Max: 0, Diff: 0, Sum: 0, Workers: 6
[48.942s][debug  ][gc,phases      ] GC(178)     Total                          Min: 0, Avg:  0.0, Max: 0, Diff: 0, Sum: 0, Workers: 6
[48.942s][debug  ][gc,phases      ] GC(178)   StringTable Weak               Min:  0.0, Avg:  0.0, Max:  0.0, Diff:  0.0, Sum:  0.0, Workers: 6
[48.942s][debug  ][gc,phases      ] GC(178)     Dead                           Min: 0, Avg:  0.0, Max: 0, Diff: 0, Sum: 0, Workers: 6
[48.942s][debug  ][gc,phases      ] GC(178)     Total                          Min: 704, Avg: 892.5, Max: 1088, Diff: 384, Sum: 5355, Workers: 6
[48.942s][debug  ][gc,phases      ] GC(178)   ResolvedMethodTable Weak       Min:  0.0, Avg:  0.0, Max:  0.0, Diff:  0.0, Sum:  0.0, Workers: 6
[48.942s][debug  ][gc,phases      ] GC(178)     Dead                           Min: 0, Avg:  0.0, Max: 0, Diff: 0, Sum: 0, Workers: 6
[48.942s][debug  ][gc,phases      ] GC(178)     Total                          Min: 0, Avg: 21.7, Max: 64, Diff: 64, Sum: 130, Workers: 6
[48.942s][debug  ][gc,phases      ] GC(178)   JNI Weak                       Min:  0.0, Avg:  0.0, Max:  0.0, Diff:  0.0, Sum:  0.0, Workers: 6
[48.942s][debug  ][gc,phases      ] GC(178)     Dead                           Min: 0, Avg:  0.0, Max: 0, Diff: 0, Sum: 0, Workers: 6
[48.942s][debug  ][gc,phases      ] GC(178)     Total                          Min: 0, Avg:  0.0, Max: 0, Diff: 0, Sum: 0, Workers: 6
[48.942s][debug  ][gc,phases      ] GC(178)   StringDedup Table Weak         Min:  0.0, Avg:  0.0, Max:  0.0, Diff:  0.0, Sum:  0.0, Workers: 6
[48.942s][debug  ][gc,phases      ] GC(178)     Dead                           Min: 0, Avg:  0.0, Max: 0, Diff: 0, Sum: 0, Workers: 6
[48.942s][debug  ][gc,phases      ] GC(178)     Total                          Min: 0, Avg:  0.0, Max: 0, Diff: 0, Sum: 0, Workers: 6
[48.943s][debug  ][gc,phases      ] GC(178)   StringDedup Requests0 Weak     Min:  0.0, Avg:  0.0, Max:  0.0, Diff:  0.0, Sum:  0.0, Workers: 6
[48.943s][debug  ][gc,phases      ] GC(178)     Dead                           Min: 0, Avg:  0.0, Max: 0, Diff: 0, Sum: 0, Workers: 6
[48.943s][debug  ][gc,phases      ] GC(178)     Total                          Min: 0, Avg:  0.0, Max: 0, Diff: 0, Sum: 0, Workers: 6
[48.943s][debug  ][gc,phases      ] GC(178)   StringDedup Requests1 Weak     Min:  0.0, Avg:  0.0, Max:  0.0, Diff:  0.0, Sum:  0.0, Workers: 6
[48.943s][debug  ][gc,phases      ] GC(178)     Dead                           Min: 0, Avg:  0.0, Max: 0, Diff: 0, Sum: 0, Workers: 6
[48.943s][debug  ][gc,phases      ] GC(178)     Total                          Min: 0, Avg:  0.0, Max: 0, Diff: 0, Sum: 0, Workers: 6
[48.943s][debug  ][gc,phases      ] GC(178)   Weak JFR Old Object Samples    Min:  0.0, Avg:  0.0, Max:  0.0, Diff:  0.0, Sum:  0.0, Workers: 6
[48.943s][debug  ][gc,phases      ] GC(178)     Dead                           Min: 0, Avg:  0.0, Max: 0, Diff: 0, Sum: 0, Workers: 6
[48.943s][debug  ][gc,phases      ] GC(178)     Total                          Min: 0, Avg:  0.0, Max: 0, Diff: 0, Sum: 0, Workers: 6
[48.943s][debug  ][gc,phases      ] GC(178) Weak Processing 0.693ms
[48.943s][debug  ][gc,ergo        ] GC(178) AdaptiveSizeStart:  collection: 179 
[48.943s][debug  ][gc,ergo        ] GC(178) avg_survived_padded_avg: 31935184.000000
[48.943s][debug  ][gc,ergo        ] GC(178) avg_promoted_padded_avg: 259689408.000000  avg_pretenured_padded_avg: 0.000000  tenuring_thresh: 1  target_size: 31981568
[48.943s][debug  ][gc,age         ] GC(178) Desired survivor size 31981568 bytes, new threshold 1 (max threshold 15)
[48.943s][debug  ][gc,ergo        ] GC(178) PSAdaptiveSizePolicy::compute_eden_space_size limits: desired_eden_size: 231575483 old_eden_size: 203423744 eden_limit: 203948032 cur_eden: 203948032 max_eden_size: 203948032 avg_young_live: 28186704
[48.943s][debug  ][gc,ergo        ] GC(178) PSAdaptiveSizePolicy::compute_eden_space_size: costs minor_time: 0.050416 major_cost: 0.024211 mutator_cost: 0.925373 throughput_goal: 0.990000
[48.943s][debug  ][gc,ergo        ] GC(178) Live_space: 876043328 free_space: 1996488704
[48.943s][debug  ][gc,ergo        ] GC(178) Old eden_size: 203423744 desired_eden_size: 203948032
[48.943s][debug  ][gc,ergo        ] GC(178) AdaptiveSizeStop: collection: 179 
[48.943s][info   ][gc,heap        ] GC(178) PSYoungGen: 229138K(230912K)->30720K(230400K) Eden: 198418K(199168K)->0K(199168K) From: 30720K(31744K)->30720K(31232K)
[48.943s][info   ][gc,heap        ] GC(178) ParOldGen: 708196K(2359808K)->902756K(2359808K)
[48.943s][info   ][gc,metaspace   ] GC(178) Metaspace: 1027K(1216K)->1027K(1216K) NonClass: 943K(1024K)->943K(1024K) Class: 83K(192K)->83K(192K)
[48.943s][info   ][gc             ] GC(178) Pause Young (Allocation Failure) 915M->911M(2529M) 17.110ms
[48.943s][info   ][gc,cpu         ] GC(178) User=0.16s Sys=0.00s Real=0.02s
[48.943s][debug  ][gc,heap        ] GC(178) Heap after GC invocations=179 (full 25):
[48.943s][debug  ][gc,heap        ] GC(178)  PSYoungGen      total 230400K, used 30720K [0x00000007f0000000, 0x0000000800000000, 0x0000000800000000)
[48.943s][debug  ][gc,heap        ] GC(178)   eden space 199168K, 0% used [0x00000007f0000000,0x00000007f0000000,0x00000007fc280000)
[48.943s][debug  ][gc,heap        ] GC(178)   from space 31232K, 98% used [0x00000007fc280000,0x00000007fe080030,0x00000007fe100000)
[48.943s][debug  ][gc,heap        ] GC(178)   to   space 31232K, 0% used [0x00000007fe180000,0x00000007fe180000,0x0000000800000000)
[48.943s][debug  ][gc,heap        ] GC(178)  ParOldGen       total 2359808K, used 902756K [0x0000000700000000, 0x0000000790080000, 0x00000007f0000000)
[48.943s][debug  ][gc,heap        ] GC(178)   object space 2359808K, 38% used [0x0000000700000000,0x0000000737199178,0x0000000790080000)
[48.943s][debug  ][gc,heap        ] GC(178)  Metaspace       used 1027K, committed 1216K, reserved 1056768K
[48.943s][debug  ][gc,heap        ] GC(178)   class space    used 83K, committed 192K, reserved 1048576K
[48.943s][debug  ][gc,task,time   ] GC(178) VM-Thread 489255441 489413492 489432155
[49.241s][debug  ][gc,heap        ] GC(179) Heap before GC invocations=180 (full 25):
[49.241s][debug  ][gc,heap        ] GC(179)  PSYoungGen      total 230400K, used 229155K [0x00000007f0000000, 0x0000000800000000, 0x0000000800000000)
[49.241s][debug  ][gc,heap        ] GC(179)   eden space 199168K, 99% used [0x00000007f0000000,0x00000007fc1c8d30,0x00000007fc280000)
[49.241s][debug  ][gc,heap        ] GC(179)   from space 31232K, 98% used [0x00000007fc280000,0x00000007fe080030,0x00000007fe100000)
[49.241s][debug  ][gc,heap        ] GC(179)   to   space 31232K, 0% used [0x00000007fe180000,0x00000007fe180000,0x0000000800000000)
[49.241s][debug  ][gc,heap        ] GC(179)  ParOldGen       total 2359808K, used 902756K [0x0000000700000000, 0x0000000790080000, 0x00000007f0000000)
[49.241s][debug  ][gc,heap        ] GC(179)   object space 2359808K, 38% used [0x0000000700000000,0x0000000737199178,0x0000000790080000)
[49.241s][debug  ][gc,heap        ] GC(179)  Metaspace       used 1027K, committed 1216K, reserved 1056768K
[49.241s][debug  ][gc,heap        ] GC(179)   class space    used 83K, committed 192K, reserved 1048576K
[49.241s][debug  ][gc,tlab        ] GC(179) TLAB totals: thrds: 1  refills: 1 max: 1 slow allocs: 18 max 18 waste: 27.4% gc: 3966936B max: 3966936B slow: 0B max: 0B
[49.241s][info   ][gc,start       ] GC(179) Pause Young (Allocation Failure)
[49.241s][debug  ][gc,phases,start] GC(179) Scavenge
[49.248s][debug  ][gc,phases      ] GC(179) Scavenge 7.197ms
[49.248s][debug  ][gc,phases,start] GC(179) Reference Processing
[49.248s][debug  ][gc,ref         ] GC(179) Skipped phase 1 of Reference Processing: no references
[49.248s][debug  ][gc,ref         ] GC(179) Skipped phase 2 of Reference Processing: no references
[49.248s][debug  ][gc,ref         ] GC(179) Skipped phase 3 of Reference Processing: no references
[49.249s][debug  ][gc,ref         ] GC(179) Skipped phase 4 of Reference Processing: no references
[49.249s][debug  ][gc,phases,ref  ] GC(179) Reference Processing: 0.1ms
[49.249s][debug  ][gc,phases,ref  ] GC(179)   Reconsider SoftReferences: 0.0ms
[49.249s][debug  ][gc,phases,ref  ] GC(179)     SoftRef (ms):                  skipped
[49.249s][debug  ][gc,phases,ref  ] GC(179)   Notify Soft/WeakReferences: 0.0ms
[49.249s][debug  ][gc,phases,ref  ] GC(179)     SoftRef (ms):                  skipped
[49.249s][debug  ][gc,phases,ref  ] GC(179)     WeakRef (ms):                  skipped
[49.249s][debug  ][gc,phases,ref  ] GC(179)     FinalRef (ms):                 skipped
[49.249s][debug  ][gc,phases,ref  ] GC(179)     Total (ms):                    skipped
[49.249s][debug  ][gc,phases,ref  ] GC(179)   Notify and keep alive finalizable: 0.0ms
[49.249s][debug  ][gc,phases,ref  ] GC(179)     FinalRef (ms):                 skipped
[49.249s][debug  ][gc,phases,ref  ] GC(179)   Notify PhantomReferences: 0.0ms
[49.249s][debug  ][gc,phases,ref  ] GC(179)     PhantomRef (ms):               skipped
[49.249s][debug  ][gc,phases,ref  ] GC(179)   SoftReference:
[49.249s][debug  ][gc,phases,ref  ] GC(179)     Discovered: 0
[49.249s][debug  ][gc,phases,ref  ] GC(179)     Cleared: 0
[49.249s][debug  ][gc,phases,ref  ] GC(179)   WeakReference:
[49.249s][debug  ][gc,phases,ref  ] GC(179)     Discovered: 0
[49.249s][debug  ][gc,phases,ref  ] GC(179)     Cleared: 0
[49.249s][debug  ][gc,phases,ref  ] GC(179)   FinalReference:
[49.249s][debug  ][gc,phases,ref  ] GC(179)     Discovered: 0
[49.249s][debug  ][gc,phases,ref  ] GC(179)     Cleared: 0
[49.249s][debug  ][gc,phases,ref  ] GC(179)   PhantomReference:
[49.249s][debug  ][gc,phases,ref  ] GC(179)     Discovered: 0
[49.249s][debug  ][gc,phases,ref  ] GC(179)     Cleared: 0
[49.249s][debug  ][gc,phases      ] GC(179) Reference Processing 0.574ms
[49.249s][debug  ][gc,phases,start] GC(179) Weak Processing
[49.249s][debug  ][gc,phases      ] GC(179)   VM Weak                        Min:  0.0, Avg:  0.0, Max:  0.0, Diff:  0.0, Sum:  0.0, Workers: 6
[49.249s][debug  ][gc,phases      ] GC(179)     Dead                           Min: 0, Avg:  0.0, Max: 0, Diff: 0, Sum: 0, Workers: 6
[49.249s][debug  ][gc,phases      ] GC(179)     Total                          Min: 0, Avg:  1.3, Max: 8, Diff: 8, Sum: 8, Workers: 6
[49.249s][debug  ][gc,phases      ] GC(179)   ObjectSynchronizer Weak        Min:  0.0, Avg:  0.0, Max:  0.0, Diff:  0.0, Sum:  0.0, Workers: 6
[49.249s][debug  ][gc,phases      ] GC(179)     Dead                           Min: 0, Avg:  0.0, Max: 0, Diff: 0, Sum: 0, Workers: 6
[49.249s][debug  ][gc,phases      ] GC(179)     Total                          Min: 0, Avg:  0.5, Max: 3, Diff: 3, Sum: 3, Workers: 6
[49.249s][debug  ][gc,phases      ] GC(179)   JVMTI Tag Weak OopStorage      Min:  0.0, Avg:  0.0, Max:  0.0, Diff:  0.0, Sum:  0.0, Workers: 6
[49.249s][debug  ][gc,phases      ] GC(179)     Dead                           Min: 0, Avg:  0.0, Max: 0, Diff: 0, Sum: 0, Workers: 6
[49.249s][debug  ][gc,phases      ] GC(179)     Total                          Min: 0, Avg:  0.0, Max: 0, Diff: 0, Sum: 0, Workers: 6
[49.249s][debug  ][gc,phases      ] GC(179)   StringTable Weak               Min:  0.0, Avg:  0.0, Max:  0.0, Diff:  0.0, Sum:  0.0, Workers: 6
[49.249s][debug  ][gc,phases      ] GC(179)     Dead                           Min: 0, Avg:  0.0, Max: 0, Diff: 0, Sum: 0, Workers: 6
[49.249s][debug  ][gc,phases      ] GC(179)     Total                          Min: 767, Avg: 892.5, Max: 1004, Diff: 237, Sum: 5355, Workers: 6
[49.249s][debug  ][gc,phases      ] GC(179)   ResolvedMethodTable Weak       Min:  0.0, Avg:  0.0, Max:  0.0, Diff:  0.0, Sum:  0.0, Workers: 6
[49.249s][debug  ][gc,phases      ] GC(179)     Dead                           Min: 0, Avg:  0.0, Max: 0, Diff: 0, Sum: 0, Workers: 6
[49.249s][debug  ][gc,phases      ] GC(179)     Total                          Min: 0, Avg: 21.7, Max: 64, Diff: 64, Sum: 130, Workers: 6
[49.249s][debug  ][gc,phases      ] GC(179)   JNI Weak                       Min:  0.0, Avg:  0.0, Max:  0.0, Diff:  0.0, Sum:  0.0, Workers: 6
[49.249s][debug  ][gc,phases      ] GC(179)     Dead                           Min: 0, Avg:  0.0, Max: 0, Diff: 0, Sum: 0, Workers: 6
[49.249s][debug  ][gc,phases      ] GC(179)     Total                          Min: 0, Avg:  0.0, Max: 0, Diff: 0, Sum: 0, Workers: 6
[49.249s][debug  ][gc,phases      ] GC(179)   StringDedup Table Weak         Min:  0.0, Avg:  0.0, Max:  0.0, Diff:  0.0, Sum:  0.0, Workers: 6
[49.249s][debug  ][gc,phases      ] GC(179)     Dead                           Min: 0, Avg:  0.0, Max: 0, Diff: 0, Sum: 0, Workers: 6
[49.249s][debug  ][gc,phases      ] GC(179)     Total                          Min: 0, Avg:  0.0, Max: 0, Diff: 0, Sum: 0, Workers: 6
[49.250s][debug  ][gc,phases      ] GC(179)   StringDedup Requests0 Weak     Min:  0.0, Avg:  0.0, Max:  0.0, Diff:  0.0, Sum:  0.0, Workers: 6
[49.250s][debug  ][gc,phases      ] GC(179)     Dead                           Min: 0, Avg:  0.0, Max: 0, Diff: 0, Sum: 0, Workers: 6
[49.250s][debug  ][gc,phases      ] GC(179)     Total                          Min: 0, Avg:  0.0, Max: 0, Diff: 0, Sum: 0, Workers: 6
[49.250s][debug  ][gc,phases      ] GC(179)   StringDedup Requests1 Weak     Min:  0.0, Avg:  0.0, Max:  0.0, Diff:  0.0, Sum:  0.0, Workers: 6
[49.250s][debug  ][gc,phases      ] GC(179)     Dead                           Min: 0, Avg:  0.0, Max: 0, Diff: 0, Sum: 0, Workers: 6
[49.250s][debug  ][gc,phases      ] GC(179)     Total                          Min: 0, Avg:  0.0, Max: 0, Diff: 0, Sum: 0, Workers: 6
[49.250s][debug  ][gc,phases      ] GC(179)   Weak JFR Old Object Samples    Min:  0.0, Avg:  0.0, Max:  0.0, Diff:  0.0, Sum:  0.0, Workers: 6
[49.250s][debug  ][gc,phases      ] GC(179)     Dead                           Min: 0, Avg:  0.0, Max: 0, Diff: 0, Sum: 0, Workers: 6
[49.250s][debug  ][gc,phases      ] GC(179)     Total                          Min: 0, Avg:  0.0, Max: 0, Diff: 0, Sum: 0, Workers: 6
[49.250s][debug  ][gc,phases      ] GC(179) Weak Processing 0.731ms
[49.250s][debug  ][gc,ergo        ] GC(179) AdaptiveSizeStart:  collection: 180 
[49.250s][debug  ][gc,ergo        ] GC(179) avg_survived_padded_avg: 31895452.000000
[49.250s][debug  ][gc,ergo        ] GC(179) avg_promoted_padded_avg: 268273104.000000  avg_pretenured_padded_avg: 0.000000  tenuring_thresh: 1  target_size: 31981568
[49.250s][debug  ][gc,age         ] GC(179) Desired survivor size 31981568 bytes, new threshold 1 (max threshold 15)
[49.250s][debug  ][gc,ergo        ] GC(179) PSAdaptiveSizePolicy::compute_eden_space_size limits: desired_eden_size: 230502354 old_eden_size: 203948032 eden_limit: 204472320 cur_eden: 203948032 max_eden_size: 204472320 avg_young_live: 28513766
[49.250s][debug  ][gc,ergo        ] GC(179) PSAdaptiveSizePolicy::compute_eden_space_size: costs minor_time: 0.044832 major_cost: 0.024211 mutator_cost: 0.930958 throughput_goal: 0.990000
[49.250s][debug  ][gc,ergo        ] GC(179) Live_space: 876370432 free_space: 1997012992
[49.250s][debug  ][gc,ergo        ] GC(179) Old eden_size: 203948032 desired_eden_size: 204472320
[49.250s][debug  ][gc,ergo        ] GC(179) AdaptiveSizeStop: collection: 180 
[49.250s][info   ][gc,heap        ] GC(179) PSYoungGen: 229155K(230400K)->30720K(230912K) Eden: 198435K(199168K)->0K(199680K) From: 30720K(31232K)->30720K(31232K)
[49.250s][info   ][gc,heap        ] GC(179) ParOldGen: 902756K(2359808K)->974436K(2359808K)
[49.250s][info   ][gc,metaspace   ] GC(179) Metaspace: 1027K(1216K)->1027K(1216K) NonClass: 943K(1024K)->943K(1024K) Class: 83K(192K)->83K(192K)
[49.250s][info   ][gc             ] GC(179) Pause Young (Allocation Failure) 1105M->981M(2530M) 8.979ms
[49.250s][info   ][gc,cpu         ] GC(179) User=0.00s Sys=0.00s Real=0.01s
[49.250s][debug  ][gc,heap        ] GC(179) Heap after GC invocations=180 (full 25):
[49.250s][debug  ][gc,heap        ] GC(179)  PSYoungGen      total 230912K, used 30720K [0x00000007f0000000, 0x0000000800000000, 0x0000000800000000)
[49.250s][debug  ][gc,heap        ] GC(179)   eden space 199680K, 0% used [0x00000007f0000000,0x00000007f0000000,0x00000007fc300000)
[49.250s][debug  ][gc,heap        ] GC(179)   from space 31232K, 98% used [0x00000007fe180000,0x00000007fff80030,0x0000000800000000)
[49.250s][debug  ][gc,heap        ] GC(179)   to   space 31232K, 0% used [0x00000007fc300000,0x00000007fc300000,0x00000007fe180000)
[49.250s][debug  ][gc,heap        ] GC(179)  ParOldGen       total 2359808K, used 974436K [0x0000000700000000, 0x0000000790080000, 0x00000007f0000000)
[49.250s][debug  ][gc,heap        ] GC(179)   object space 2359808K, 41% used [0x0000000700000000,0x000000073b7991e8,0x0000000790080000)
[49.250s][debug  ][gc,heap        ] GC(179)  Metaspace       used 1027K, committed 1216K, reserved 1056768K
[49.250s][debug  ][gc,heap        ] GC(179)   class space    used 83K, committed 192K, reserved 1048576K
[49.250s][debug  ][gc,task,time   ] GC(179) VM-Thread 492408555 492484179 492503874
[49.560s][debug  ][gc,heap        ] GC(180) Heap before GC invocations=181 (full 25):
[49.561s][debug  ][gc,heap        ] GC(180)  PSYoungGen      total 230912K, used 229176K [0x00000007f0000000, 0x0000000800000000, 0x0000000800000000)
[49.561s][debug  ][gc,heap        ] GC(180)   eden space 199680K, 99% used [0x00000007f0000000,0x00000007fc1cdff0,0x00000007fc300000)
[49.561s][debug  ][gc,heap        ] GC(180)   from space 31232K, 98% used [0x00000007fe180000,0x00000007fff80030,0x0000000800000000)
[49.561s][debug  ][gc,heap        ] GC(180)   to   space 31232K, 0% used [0x00000007fc300000,0x00000007fc300000,0x00000007fe180000)
[49.561s][debug  ][gc,heap        ] GC(180)  ParOldGen       total 2359808K, used 974436K [0x0000000700000000, 0x0000000790080000, 0x00000007f0000000)
[49.561s][debug  ][gc,heap        ] GC(180)   object space 2359808K, 41% used [0x0000000700000000,0x000000073b7991e8,0x0000000790080000)
[49.561s][debug  ][gc,heap        ] GC(180)  Metaspace       used 1027K, committed 1216K, reserved 1056768K
[49.561s][debug  ][gc,heap        ] GC(180)   class space    used 83K, committed 192K, reserved 1048576K
[49.561s][debug  ][gc,tlab        ] GC(180) TLAB totals: thrds: 1  refills: 1 max: 1 slow allocs: 18 max 18 waste: 27.6% gc: 3989184B max: 3989184B slow: 0B max: 0B
[49.561s][info   ][gc,start       ] GC(180) Pause Young (Allocation Failure)
[49.561s][debug  ][gc,phases,start] GC(180) Scavenge
[49.576s][debug  ][gc,phases      ] GC(180) Scavenge 15.237ms
[49.576s][debug  ][gc,phases,start] GC(180) Reference Processing
[49.576s][debug  ][gc,ref         ] GC(180) Skipped phase 1 of Reference Processing: no references
[49.576s][debug  ][gc,ref         ] GC(180) Skipped phase 2 of Reference Processing: no references
[49.576s][debug  ][gc,ref         ] GC(180) Skipped phase 3 of Reference Processing: no references
[49.576s][debug  ][gc,ref         ] GC(180) Skipped phase 4 of Reference Processing: no references
[49.576s][debug  ][gc,phases,ref  ] GC(180) Reference Processing: 0.1ms
