[0.004s][warning][gc] -XX:+PrintGCDetails is deprecated. Will use -Xlog:gc* instead.
[0.010s][debug  ][gc,heap] Minimum heap 2147483648  Initial heap 2147483648  Maximum heap 2147483648
[0.010s][info   ][gc     ] Using Parallel
[0.011s][debug  ][gc,heap,coops] Heap address: 0x0000000080000000, size: 2048 MB, Compressed Oops mode: 32-bit
[0.015s][info   ][gc,init      ] Version: 17.0.2+8-86 (release)
[0.016s][info   ][gc,init      ] CPUs: 12 total, 12 available
[0.016s][info   ][gc,init      ] Memory: 14188M
[0.016s][info   ][gc,init      ] Large Page Support: Disabled
[0.016s][info   ][gc,init      ] NUMA Support: Disabled
[0.016s][info   ][gc,init      ] Compressed Oops: Enabled (32-bit)
[0.016s][info   ][gc,init      ] Alignments: Space 512K, Generation 512K, Heap 2M
[0.016s][info   ][gc,init      ] Heap Min Capacity: 2G
[0.016s][info   ][gc,init      ] Heap Initial Capacity: 2G
[0.016s][info   ][gc,init      ] Heap Max Capacity: 2G
[0.016s][info   ][gc,init      ] Pre-touch: Disabled
[0.016s][info   ][gc,init      ] Parallel Workers: 10
[0.017s][info   ][gc,metaspace ] CDS archive(s) mapped at: [0x0000000800000000-0x0000000800bc0000-0x0000000800bc0000), size 12320768, SharedBaseAddress: 0x0000000800000000, ArchiveRelocationMode: 0.
[0.017s][info   ][gc,metaspace ] Compressed class space mapped at: 0x0000000800c00000-0x0000000840c00000, reserved size: 1073741824
[0.017s][info   ][gc,metaspace ] Narrow klass base: 0x0000000800000000, Narrow klass shift: 0, Narrow klass range: 0x100000000
[0.351s][debug  ][gc,heap      ] GC(0) Heap before GC invocations=1 (full 0):
[0.351s][debug  ][gc,heap      ] GC(0)  PSYoungGen      total 229376K, used 189809K [0x00000000f0000000, 0x0000000100000000, 0x0000000100000000)
[0.351s][debug  ][gc,heap      ] GC(0)   eden space 196608K, 96% used [0x00000000f0000000,0x00000000fb95c500,0x00000000fc000000)
[0.351s][debug  ][gc,heap      ] GC(0)   from space 32768K, 0% used [0x00000000fe000000,0x00000000fe000000,0x0000000100000000)
[0.351s][debug  ][gc,heap      ] GC(0)   to   space 32768K, 0% used [0x00000000fc000000,0x00000000fc000000,0x00000000fe000000)
[0.351s][debug  ][gc,heap      ] GC(0)  ParOldGen       total 1835008K, used 0K [0x0000000080000000, 0x00000000f0000000, 0x00000000f0000000)
[0.351s][debug  ][gc,heap      ] GC(0)   object space 1835008K, 0% used [0x0000000080000000,0x0000000080000000,0x00000000f0000000)
[0.351s][debug  ][gc,heap      ] GC(0)  Metaspace       used 713K, committed 832K, reserved 1056768K
[0.351s][debug  ][gc,heap      ] GC(0)   class space    used 59K, committed 128K, reserved 1048576K
[0.351s][debug  ][gc,tlab      ] GC(0) TLAB totals: thrds: 4  refills: 4 max: 1 slow allocs: 18 max 18 waste: 89.8% gc: 14463392B max: 4026448B slow: 0B max: 0B
[0.351s][info   ][gc,start     ] GC(0) Pause Young (Allocation Failure)
[0.352s][debug  ][gc,phases,start] GC(0) Scavenge
[0.365s][debug  ][gc,phases      ] GC(0) Scavenge 13.796ms
[0.365s][debug  ][gc,phases,start] GC(0) Reference Processing
[0.365s][debug  ][gc,ref         ] GC(0) Skipped phase 1 of Reference Processing: no references
[0.366s][debug  ][gc,ref         ] GC(0) ReferenceProcessor::execute queues: 1, RefProcThreadModel::Single, marks_oops_alive: false
[0.366s][debug  ][gc,ref         ] GC(0) Skipped phase 3 of Reference Processing: no references
[0.366s][debug  ][gc,ref         ] GC(0) ReferenceProcessor::execute queues: 1, RefProcThreadModel::Single, marks_oops_alive: false
[0.366s][debug  ][gc,phases,ref  ] GC(0) Reference Processing: 0.1ms
[0.366s][debug  ][gc,phases,ref  ] GC(0)   Reconsider SoftReferences: 0.0ms
[0.366s][debug  ][gc,phases,ref  ] GC(0)     SoftRef (ms):                  skipped
[0.366s][debug  ][gc,phases,ref  ] GC(0)   Notify Soft/WeakReferences: 0.0ms
[0.366s][debug  ][gc,phases,ref  ] GC(0)     SoftRef (ms):                  Min:  0.0, Avg:  0.0, Max:  0.0, Diff:  0.0, Sum:  0.0, Workers: 10
[0.366s][debug  ][gc,phases,ref  ] GC(0)     WeakRef (ms):                  Min:  0.0, Avg:  0.0, Max:  0.0, Diff:  0.0, Sum:  0.0, Workers: 10
[0.366s][debug  ][gc,phases,ref  ] GC(0)     FinalRef (ms):                 Min:  0.0, Avg:  0.0, Max:  0.0, Diff:  0.0, Sum:  0.0, Workers: 10
[0.366s][debug  ][gc,phases,ref  ] GC(0)     Total (ms):                    Min:  0.0, Avg:  0.0, Max:  0.0, Diff:  0.0, Sum:  0.0, Workers: 10
[0.366s][debug  ][gc,phases,ref  ] GC(0)   Notify and keep alive finalizable: 0.0ms
[0.366s][debug  ][gc,phases,ref  ] GC(0)     FinalRef (ms):                 skipped
[0.366s][debug  ][gc,phases,ref  ] GC(0)   Notify PhantomReferences: 0.0ms
[0.366s][debug  ][gc,phases,ref  ] GC(0)     PhantomRef (ms):               Min:  0.0, Avg:  0.0, Max:  0.0, Diff:  0.0, Sum:  0.0, Workers: 10
[0.366s][debug  ][gc,phases,ref  ] GC(0)   SoftReference:
[0.366s][debug  ][gc,phases,ref  ] GC(0)     Discovered: 0
[0.366s][debug  ][gc,phases,ref  ] GC(0)     Cleared: 0
[0.366s][debug  ][gc,phases,ref  ] GC(0)   WeakReference:
[0.366s][debug  ][gc,phases,ref  ] GC(0)     Discovered: 93
[0.366s][debug  ][gc,phases,ref  ] GC(0)     Cleared: 70
[0.366s][debug  ][gc,phases,ref  ] GC(0)   FinalReference:
[0.366s][debug  ][gc,phases,ref  ] GC(0)     Discovered: 0
[0.366s][debug  ][gc,phases,ref  ] GC(0)     Cleared: 0
[0.366s][debug  ][gc,phases,ref  ] GC(0)   PhantomReference:
[0.366s][debug  ][gc,phases,ref  ] GC(0)     Discovered: 20
[0.366s][debug  ][gc,phases,ref  ] GC(0)     Cleared: 5
[0.366s][debug  ][gc,phases      ] GC(0) Reference Processing 0.682ms
[0.366s][debug  ][gc,phases,start] GC(0) Weak Processing
[0.366s][debug  ][gc,phases      ] GC(0)   VM Weak                        Min:  0.0, Avg:  0.0, Max:  0.0, Diff:  0.0, Sum:  0.0, Workers: 3
[0.366s][debug  ][gc,phases      ] GC(0)     Dead                           Min: 0, Avg:  0.0, Max: 0, Diff: 0, Sum: 0, Workers: 3
[0.366s][debug  ][gc,phases      ] GC(0)     Total                          Min: 0, Avg:  2.3, Max: 7, Diff: 7, Sum: 7, Workers: 3
[0.366s][debug  ][gc,phases      ] GC(0)   ObjectSynchronizer Weak        Min:  0.0, Avg:  0.0, Max:  0.0, Diff:  0.0, Sum:  0.0, Workers: 3
[0.366s][debug  ][gc,phases      ] GC(0)     Dead                           Min: 0, Avg:  0.0, Max: 0, Diff: 0, Sum: 0, Workers: 3
[0.366s][debug  ][gc,phases      ] GC(0)     Total                          Min: 0, Avg:  1.0, Max: 3, Diff: 3, Sum: 3, Workers: 3
[0.366s][debug  ][gc,phases      ] GC(0)   JVMTI Tag Weak OopStorage      Min:  0.0, Avg:  0.0, Max:  0.0, Diff:  0.0, Sum:  0.0, Workers: 3
[0.366s][debug  ][gc,phases      ] GC(0)     Dead                           Min: 0, Avg:  0.0, Max: 0, Diff: 0, Sum: 0, Workers: 3
[0.366s][debug  ][gc,phases      ] GC(0)     Total                          Min: 0, Avg:  0.0, Max: 0, Diff: 0, Sum: 0, Workers: 3
[0.366s][debug  ][gc,phases      ] GC(0)   StringTable Weak               Min:  0.0, Avg:  0.0, Max:  0.0, Diff:  0.0, Sum:  0.1, Workers: 3
[0.366s][debug  ][gc,phases      ] GC(0)     Dead                           Min: 0, Avg:  1.3, Max: 2, Diff: 2, Sum: 4, Workers: 3
[0.366s][debug  ][gc,phases      ] GC(0)     Total                          Min: 829, Avg: 873.7, Max: 960, Diff: 131, Sum: 2621, Workers: 3
[0.366s][debug  ][gc,phases      ] GC(0)   ResolvedMethodTable Weak       Min:  0.0, Avg:  0.0, Max:  0.0, Diff:  0.0, Sum:  0.0, Workers: 3
[0.366s][debug  ][gc,phases      ] GC(0)     Dead                           Min: 0, Avg:  0.3, Max: 1, Diff: 1, Sum: 1, Workers: 3
[0.367s][debug  ][gc,phases      ] GC(0)     Total                          Min: 0, Avg: 27.7, Max: 64, Diff: 64, Sum: 83, Workers: 3
[0.367s][debug  ][gc,phases      ] GC(0)   JNI Weak                       Min:  0.0, Avg:  0.0, Max:  0.0, Diff:  0.0, Sum:  0.0, Workers: 3
[0.367s][debug  ][gc,phases      ] GC(0)     Dead                           Min: 0, Avg:  0.0, Max: 0, Diff: 0, Sum: 0, Workers: 3
[0.367s][debug  ][gc,phases      ] GC(0)     Total                          Min: 0, Avg:  0.0, Max: 0, Diff: 0, Sum: 0, Workers: 3
[0.367s][debug  ][gc,phases      ] GC(0)   StringDedup Table Weak         Min:  0.0, Avg:  0.0, Max:  0.0, Diff:  0.0, Sum:  0.0, Workers: 3
[0.367s][debug  ][gc,phases      ] GC(0)     Dead                           Min: 0, Avg:  0.0, Max: 0, Diff: 0, Sum: 0, Workers: 3
[0.367s][debug  ][gc,phases      ] GC(0)     Total                          Min: 0, Avg:  0.0, Max: 0, Diff: 0, Sum: 0, Workers: 3
[0.367s][debug  ][gc,phases      ] GC(0)   StringDedup Requests0 Weak     Min:  0.0, Avg:  0.0, Max:  0.0, Diff:  0.0, Sum:  0.0, Workers: 3
[0.367s][debug  ][gc,phases      ] GC(0)     Dead                           Min: 0, Avg:  0.0, Max: 0, Diff: 0, Sum: 0, Workers: 3
[0.367s][debug  ][gc,phases      ] GC(0)     Total                          Min: 0, Avg:  0.0, Max: 0, Diff: 0, Sum: 0, Workers: 3
[0.367s][debug  ][gc,phases      ] GC(0)   StringDedup Requests1 Weak     Min:  0.0, Avg:  0.0, Max:  0.0, Diff:  0.0, Sum:  0.0, Workers: 3
[0.367s][debug  ][gc,phases      ] GC(0)     Dead                           Min: 0, Avg:  0.0, Max: 0, Diff: 0, Sum: 0, Workers: 3
[0.367s][debug  ][gc,phases      ] GC(0)     Total                          Min: 0, Avg:  0.0, Max: 0, Diff: 0, Sum: 0, Workers: 3
[0.367s][debug  ][gc,phases      ] GC(0)   Weak JFR Old Object Samples    Min:  0.0, Avg:  0.0, Max:  0.0, Diff:  0.0, Sum:  0.0, Workers: 3
[0.367s][debug  ][gc,phases      ] GC(0)     Dead                           Min: 0, Avg:  0.0, Max: 0, Diff: 0, Sum: 0, Workers: 3
[0.367s][debug  ][gc,phases      ] GC(0)     Total                          Min: 0, Avg:  0.0, Max: 0, Diff: 0, Sum: 0, Workers: 3
[0.367s][debug  ][gc,phases      ] GC(0) Weak Processing 0.740ms
[0.367s][debug  ][gc,ergo        ] GC(0) AdaptiveSizeStart:  collection: 1 
[0.367s][debug  ][gc,age         ] GC(0) Desired survivor size 33554432 bytes, new threshold 7 (max threshold 15)
[0.367s][debug  ][gc,ergo        ] GC(0) PSAdaptiveSizePolicy::compute_eden_space_size limits: desired_eden_size: 402653184 old_eden_size: 201326592 eden_limit: 201326592 cur_eden: 201326592 max_eden_size: 201326592 avg_young_live: 32546896
[0.367s][debug  ][gc,ergo        ] GC(0) PSAdaptiveSizePolicy::compute_eden_space_size: costs minor_time: 0.044264 major_cost: 0.000000 mutator_cost: 0.955736 throughput_goal: 0.990000
[0.367s][debug  ][gc,ergo        ] GC(0) Live_space: 300982336 free_space: 402653184
[0.367s][debug  ][gc,ergo        ] GC(0) Old eden_size: 201326592 desired_eden_size: 201326592
[0.367s][debug  ][gc,ergo        ] GC(0) AdaptiveSizeStop: collection: 1 
[0.367s][info   ][gc,heap        ] GC(0) PSYoungGen: 189809K(229376K)->31784K(229376K) Eden: 189809K(196608K)->0K(196608K) From: 0K(32768K)->31784K(32768K)
[0.367s][info   ][gc,heap        ] GC(0) ParOldGen: 0K(1835008K)->143368K(1835008K)
[0.367s][info   ][gc,metaspace   ] GC(0) Metaspace: 713K(832K)->713K(832K) NonClass: 654K(704K)->654K(704K) Class: 59K(128K)->59K(128K)
[0.367s][info   ][gc             ] GC(0) Pause Young (Allocation Failure) 185M->171M(2016M) 15.825ms
[0.367s][info   ][gc,cpu         ] GC(0) User=0.02s Sys=0.14s Real=0.02s
[0.367s][debug  ][gc,heap        ] GC(0) Heap after GC invocations=1 (full 0):
[0.367s][debug  ][gc,heap        ] GC(0)  PSYoungGen      total 229376K, used 31784K [0x00000000f0000000, 0x0000000100000000, 0x0000000100000000)
[0.367s][debug  ][gc,heap        ] GC(0)   eden space 196608K, 0% used [0x00000000f0000000,0x00000000f0000000,0x00000000fc000000)
[0.367s][debug  ][gc,heap        ] GC(0)   from space 32768K, 96% used [0x00000000fc000000,0x00000000fdf0a050,0x00000000fe000000)
[0.367s][debug  ][gc,heap        ] GC(0)   to   space 32768K, 0% used [0x00000000fe000000,0x00000000fe000000,0x0000000100000000)
[0.367s][debug  ][gc,heap        ] GC(0)  ParOldGen       total 1835008K, used 143368K [0x0000000080000000, 0x00000000f0000000, 0x00000000f0000000)
[0.367s][debug  ][gc,heap        ] GC(0)   object space 1835008K, 7% used [0x0000000080000000,0x0000000088c020e0,0x00000000f0000000)
[0.367s][debug  ][gc,heap        ] GC(0)  Metaspace       used 713K, committed 832K, reserved 1056768K
[0.367s][debug  ][gc,heap        ] GC(0)   class space    used 59K, committed 128K, reserved 1048576K
[0.367s][debug  ][gc,task,time   ] GC(0) VM-Thread 3509783 3654465 3673762
[0.652s][debug  ][gc,heap        ] GC(1) Heap before GC invocations=2 (full 0):
[0.652s][debug  ][gc,heap        ] GC(1)  PSYoungGen      total 229376K, used 219873K [0x00000000f0000000, 0x0000000100000000, 0x0000000100000000)
[0.652s][debug  ][gc,heap        ] GC(1)   eden space 196608K, 95% used [0x00000000f0000000,0x00000000fb7ae610,0x00000000fc000000)
[0.652s][debug  ][gc,heap        ] GC(1)   from space 32768K, 96% used [0x00000000fc000000,0x00000000fdf0a050,0x00000000fe000000)
[0.652s][debug  ][gc,heap        ] GC(1)   to   space 32768K, 0% used [0x00000000fe000000,0x00000000fe000000,0x0000000100000000)
[0.652s][debug  ][gc,heap        ] GC(1)  ParOldGen       total 1835008K, used 143368K [0x0000000080000000, 0x00000000f0000000, 0x00000000f0000000)
[0.652s][debug  ][gc,heap        ] GC(1)   object space 1835008K, 7% used [0x0000000080000000,0x0000000088c020e0,0x00000000f0000000)
[0.652s][debug  ][gc,heap        ] GC(1)  Metaspace       used 713K, committed 832K, reserved 1056768K
[0.652s][debug  ][gc,heap        ] GC(1)   class space    used 59K, committed 128K, reserved 1048576K
[0.652s][debug  ][gc,tlab        ] GC(1) TLAB totals: thrds: 1  refills: 1 max: 1 slow allocs: 17 max 17 waste: 26.9% gc: 3859328B max: 3859328B slow: 0B max: 0B
[0.652s][info   ][gc,start       ] GC(1) Pause Young (Allocation Failure)
[0.652s][debug  ][gc,phases,start] GC(1) Scavenge
[0.670s][debug  ][gc,phases      ] GC(1) Scavenge 18.438ms
[0.671s][debug  ][gc,phases,start] GC(1) Reference Processing
[0.671s][debug  ][gc,ref         ] GC(1) Skipped phase 1 of Reference Processing: no references
[0.671s][debug  ][gc,ref         ] GC(1) ReferenceProcessor::execute queues: 1, RefProcThreadModel::Single, marks_oops_alive: false
[0.671s][debug  ][gc,ref         ] GC(1) Skipped phase 3 of Reference Processing: no references
[0.671s][debug  ][gc,ref         ] GC(1) ReferenceProcessor::execute queues: 1, RefProcThreadModel::Single, marks_oops_alive: false
[0.671s][debug  ][gc,phases,ref  ] GC(1) Reference Processing: 0.1ms
[0.671s][debug  ][gc,phases,ref  ] GC(1)   Reconsider SoftReferences: 0.0ms
[0.671s][debug  ][gc,phases,ref  ] GC(1)     SoftRef (ms):                  skipped
[0.671s][debug  ][gc,phases,ref  ] GC(1)   Notify Soft/WeakReferences: 0.0ms
[0.671s][debug  ][gc,phases,ref  ] GC(1)     SoftRef (ms):                  Min:  0.0, Avg:  0.0, Max:  0.0, Diff:  0.0, Sum:  0.0, Workers: 10
[0.671s][debug  ][gc,phases,ref  ] GC(1)     WeakRef (ms):                  Min:  0.0, Avg:  0.0, Max:  0.0, Diff:  0.0, Sum:  0.0, Workers: 10
[0.671s][debug  ][gc,phases,ref  ] GC(1)     FinalRef (ms):                 Min:  0.0, Avg:  0.0, Max:  0.0, Diff:  0.0, Sum:  0.0, Workers: 10
[0.671s][debug  ][gc,phases,ref  ] GC(1)     Total (ms):                    Min:  0.0, Avg:  0.0, Max:  0.0, Diff:  0.0, Sum:  0.0, Workers: 10
[0.671s][debug  ][gc,phases,ref  ] GC(1)   Notify and keep alive finalizable: 0.0ms
[0.671s][debug  ][gc,phases,ref  ] GC(1)     FinalRef (ms):                 skipped
[0.671s][debug  ][gc,phases,ref  ] GC(1)   Notify PhantomReferences: 0.0ms
[0.671s][debug  ][gc,phases,ref  ] GC(1)     PhantomRef (ms):               Min:  0.0, Avg:  0.0, Max:  0.0, Diff:  0.0, Sum:  0.0, Workers: 10
[0.671s][debug  ][gc,phases,ref  ] GC(1)   SoftReference:
[0.671s][debug  ][gc,phases,ref  ] GC(1)     Discovered: 0
[0.671s][debug  ][gc,phases,ref  ] GC(1)     Cleared: 0
[0.671s][debug  ][gc,phases,ref  ] GC(1)   WeakReference:
[0.671s][debug  ][gc,phases,ref  ] GC(1)     Discovered: 3
[0.671s][debug  ][gc,phases,ref  ] GC(1)     Cleared: 3
[0.671s][debug  ][gc,phases,ref  ] GC(1)   FinalReference:
[0.671s][debug  ][gc,phases,ref  ] GC(1)     Discovered: 0
[0.671s][debug  ][gc,phases,ref  ] GC(1)     Cleared: 0
[0.671s][debug  ][gc,phases,ref  ] GC(1)   PhantomReference:
[0.671s][debug  ][gc,phases,ref  ] GC(1)     Discovered: 4
[0.671s][debug  ][gc,phases,ref  ] GC(1)     Cleared: 4
[0.671s][debug  ][gc,phases      ] GC(1) Reference Processing 0.675ms
[0.671s][debug  ][gc,phases,start] GC(1) Weak Processing
[0.671s][debug  ][gc,phases      ] GC(1)   VM Weak                        Min:  0.0, Avg:  0.0, Max:  0.0, Diff:  0.0, Sum:  0.0, Workers: 3
[0.671s][debug  ][gc,phases      ] GC(1)     Dead                           Min: 0, Avg:  0.0, Max: 0, Diff: 0, Sum: 0, Workers: 3
[0.671s][debug  ][gc,phases      ] GC(1)     Total                          Min: 0, Avg:  2.3, Max: 7, Diff: 7, Sum: 7, Workers: 3
[0.671s][debug  ][gc,phases      ] GC(1)   ObjectSynchronizer Weak        Min:  0.0, Avg:  0.0, Max:  0.0, Diff:  0.0, Sum:  0.0, Workers: 3
[0.672s][debug  ][gc,phases      ] GC(1)     Dead                           Min: 0, Avg:  0.0, Max: 0, Diff: 0, Sum: 0, Workers: 3
[0.672s][debug  ][gc,phases      ] GC(1)     Total                          Min: 0, Avg:  1.0, Max: 3, Diff: 3, Sum: 3, Workers: 3
[0.672s][debug  ][gc,phases      ] GC(1)   JVMTI Tag Weak OopStorage      Min:  0.0, Avg:  0.0, Max:  0.0, Diff:  0.0, Sum:  0.0, Workers: 3
[0.672s][debug  ][gc,phases      ] GC(1)     Dead                           Min: 0, Avg:  0.0, Max: 0, Diff: 0, Sum: 0, Workers: 3
[0.672s][debug  ][gc,phases      ] GC(1)     Total                          Min: 0, Avg:  0.0, Max: 0, Diff: 0, Sum: 0, Workers: 3
[0.672s][debug  ][gc,phases      ] GC(1)   StringTable Weak               Min:  0.0, Avg:  0.0, Max:  0.1, Diff:  0.1, Sum:  0.1, Workers: 3
[0.672s][debug  ][gc,phases      ] GC(1)     Dead                           Min: 0, Avg:  0.0, Max: 0, Diff: 0, Sum: 0, Workers: 3
[0.672s][debug  ][gc,phases      ] GC(1)     Total                          Min: 61, Avg: 873.7, Max: 1344, Diff: 1283, Sum: 2621, Workers: 3
[0.672s][debug  ][gc,phases      ] GC(1)   ResolvedMethodTable Weak       Min:  0.0, Avg:  0.0, Max:  0.0, Diff:  0.0, Sum:  0.0, Workers: 3
[0.672s][debug  ][gc,phases      ] GC(1)     Dead                           Min: 0, Avg:  0.0, Max: 0, Diff: 0, Sum: 0, Workers: 3
[0.672s][debug  ][gc,phases      ] GC(1)     Total                          Min: 0, Avg: 27.7, Max: 64, Diff: 64, Sum: 83, Workers: 3
[0.672s][debug  ][gc,phases      ] GC(1)   JNI Weak                       Min:  0.0, Avg:  0.0, Max:  0.0, Diff:  0.0, Sum:  0.0, Workers: 3
[0.672s][debug  ][gc,phases      ] GC(1)     Dead                           Min: 0, Avg:  0.0, Max: 0, Diff: 0, Sum: 0, Workers: 3
[0.672s][debug  ][gc,phases      ] GC(1)     Total                          Min: 0, Avg:  0.0, Max: 0, Diff: 0, Sum: 0, Workers: 3
[0.672s][debug  ][gc,phases      ] GC(1)   StringDedup Table Weak         Min:  0.0, Avg:  0.0, Max:  0.0, Diff:  0.0, Sum:  0.0, Workers: 3
[0.672s][debug  ][gc,phases      ] GC(1)     Dead                           Min: 0, Avg:  0.0, Max: 0, Diff: 0, Sum: 0, Workers: 3
[0.672s][debug  ][gc,phases      ] GC(1)     Total                          Min: 0, Avg:  0.0, Max: 0, Diff: 0, Sum: 0, Workers: 3
[0.672s][debug  ][gc,phases      ] GC(1)   StringDedup Requests0 Weak     Min:  0.0, Avg:  0.0, Max:  0.0, Diff:  0.0, Sum:  0.0, Workers: 3
[0.672s][debug  ][gc,phases      ] GC(1)     Dead                           Min: 0, Avg:  0.0, Max: 0, Diff: 0, Sum: 0, Workers: 3
[0.672s][debug  ][gc,phases      ] GC(1)     Total                          Min: 0, Avg:  0.0, Max: 0, Diff: 0, Sum: 0, Workers: 3
[0.672s][debug  ][gc,phases      ] GC(1)   StringDedup Requests1 Weak     Min:  0.0, Avg:  0.0, Max:  0.0, Diff:  0.0, Sum:  0.0, Workers: 3
[0.672s][debug  ][gc,phases      ] GC(1)     Dead                           Min: 0, Avg:  0.0, Max: 0, Diff: 0, Sum: 0, Workers: 3
[0.672s][debug  ][gc,phases      ] GC(1)     Total                          Min: 0, Avg:  0.0, Max: 0, Diff: 0, Sum: 0, Workers: 3
[0.672s][debug  ][gc,phases      ] GC(1)   Weak JFR Old Object Samples    Min:  0.0, Avg:  0.0, Max:  0.0, Diff:  0.0, Sum:  0.0, Workers: 3
[0.672s][debug  ][gc,phases      ] GC(1)     Dead                           Min: 0, Avg:  0.0, Max: 0, Diff: 0, Sum: 0, Workers: 3
[0.672s][debug  ][gc,phases      ] GC(1)     Total                          Min: 0, Avg:  0.0, Max: 0, Diff: 0, Sum: 0, Workers: 3
[0.672s][debug  ][gc,phases      ] GC(1) Weak Processing 0.862ms
[0.672s][debug  ][gc,ergo        ] GC(1) AdaptiveSizeStart:  collection: 2 
[0.672s][debug  ][gc,age         ] GC(1) Desired survivor size 33554432 bytes, new threshold 7 (max threshold 15)
[0.672s][debug  ][gc,ergo        ] GC(1) PSAdaptiveSizePolicy::compute_eden_space_size limits: desired_eden_size: 402653184 old_eden_size: 201326592 eden_limit: 201326592 cur_eden: 201326592 max_eden_size: 201326592 avg_young_live: 32563280
[0.672s][debug  ][gc,ergo        ] GC(1) PSAdaptiveSizePolicy::compute_eden_space_size: costs minor_time: 0.055113 major_cost: 0.000000 mutator_cost: 0.944887 throughput_goal: 0.990000
[0.672s][debug  ][gc,ergo        ] GC(1) Live_space: 300998720 free_space: 402653184
[0.672s][debug  ][gc,ergo        ] GC(1) Old eden_size: 201326592 desired_eden_size: 201326592
[0.672s][debug  ][gc,ergo        ] GC(1) AdaptiveSizeStop: collection: 2 
[0.672s][info   ][gc,heap        ] GC(1) PSYoungGen: 219873K(229376K)->31816K(229376K) Eden: 188089K(196608K)->0K(196608K) From: 31784K(32768K)->31816K(32768K)
[0.672s][info   ][gc,heap        ] GC(1) ParOldGen: 143368K(1835008K)->327696K(1835008K)
[0.672s][info   ][gc,metaspace   ] GC(1) Metaspace: 713K(832K)->713K(832K) NonClass: 654K(704K)->654K(704K) Class: 59K(128K)->59K(128K)
[0.672s][info   ][gc             ] GC(1) Pause Young (Allocation Failure) 354M->351M(2016M) 20.390ms
[0.672s][info   ][gc,cpu         ] GC(1) User=0.03s Sys=0.06s Real=0.02s
[0.672s][debug  ][gc,heap        ] GC(1) Heap after GC invocations=2 (full 0):
[0.672s][debug  ][gc,heap        ] GC(1)  PSYoungGen      total 229376K, used 31816K [0x00000000f0000000, 0x0000000100000000, 0x0000000100000000)
[0.672s][debug  ][gc,heap        ] GC(1)   eden space 196608K, 0% used [0x00000000f0000000,0x00000000f0000000,0x00000000fc000000)
[0.672s][debug  ][gc,heap        ] GC(1)   from space 32768K, 97% used [0x00000000fe000000,0x00000000fff12050,0x0000000100000000)
[0.673s][debug  ][gc,heap        ] GC(1)   to   space 32768K, 0% used [0x00000000fc000000,0x00000000fc000000,0x00000000fe000000)
[0.673s][debug  ][gc,heap        ] GC(1)  ParOldGen       total 1835008K, used 327696K [0x0000000080000000, 0x00000000f0000000, 0x00000000f0000000)
[0.673s][debug  ][gc,heap        ] GC(1)   object space 1835008K, 17% used [0x0000000080000000,0x0000000094004200,0x00000000f0000000)
[0.673s][debug  ][gc,heap        ] GC(1)  Metaspace       used 713K, committed 832K, reserved 1056768K
[0.673s][debug  ][gc,heap        ] GC(1)   class space    used 59K, committed 128K, reserved 1048576K
[0.673s][debug  ][gc,task,time   ] GC(1) VM-Thread 6517249 6705175 6726102
[0.967s][debug  ][gc,heap        ] GC(2) Heap before GC invocations=3 (full 0):
[0.967s][debug  ][gc,heap        ] GC(2)  PSYoungGen      total 229376K, used 219870K [0x00000000f0000000, 0x0000000100000000, 0x0000000100000000)
[0.967s][debug  ][gc,heap        ] GC(2)   eden space 196608K, 95% used [0x00000000f0000000,0x00000000fb7a5b40,0x00000000fc000000)
[0.967s][debug  ][gc,heap        ] GC(2)   from space 32768K, 97% used [0x00000000fe000000,0x00000000fff12050,0x0000000100000000)
[0.967s][debug  ][gc,heap        ] GC(2)   to   space 32768K, 0% used [0x00000000fc000000,0x00000000fc000000,0x00000000fe000000)
[0.967s][debug  ][gc,heap        ] GC(2)  ParOldGen       total 1835008K, used 327696K [0x0000000080000000, 0x00000000f0000000, 0x00000000f0000000)
[0.967s][debug  ][gc,heap        ] GC(2)   object space 1835008K, 17% used [0x0000000080000000,0x0000000094004200,0x00000000f0000000)
[0.967s][debug  ][gc,heap        ] GC(2)  Metaspace       used 713K, committed 832K, reserved 1056768K
[0.967s][debug  ][gc,heap        ] GC(2)   class space    used 59K, committed 128K, reserved 1048576K
[0.967s][debug  ][gc,tlab        ] GC(2) TLAB totals: thrds: 1  refills: 1 max: 1 slow allocs: 17 max 17 waste: 26.7% gc: 3823848B max: 3823848B slow: 0B max: 0B
[0.967s][info   ][gc,start       ] GC(2) Pause Young (Allocation Failure)
[0.968s][debug  ][gc,phases,start] GC(2) Scavenge
[0.983s][debug  ][gc,phases      ] GC(2) Scavenge 15.949ms
[0.984s][debug  ][gc,phases,start] GC(2) Reference Processing
[0.984s][debug  ][gc,ref         ] GC(2) Skipped phase 1 of Reference Processing: no references
[0.984s][debug  ][gc,ref         ] GC(2) ReferenceProcessor::execute queues: 1, RefProcThreadModel::Single, marks_oops_alive: false
[0.984s][debug  ][gc,ref         ] GC(2) Skipped phase 3 of Reference Processing: no references
[0.984s][debug  ][gc,ref         ] GC(2) ReferenceProcessor::execute queues: 1, RefProcThreadModel::Single, marks_oops_alive: false
[0.984s][debug  ][gc,phases,ref  ] GC(2) Reference Processing: 0.1ms
[0.984s][debug  ][gc,phases,ref  ] GC(2)   Reconsider SoftReferences: 0.0ms
[0.984s][debug  ][gc,phases,ref  ] GC(2)     SoftRef (ms):                  skipped
[0.984s][debug  ][gc,phases,ref  ] GC(2)   Notify Soft/WeakReferences: 0.0ms
[0.984s][debug  ][gc,phases,ref  ] GC(2)     SoftRef (ms):                  Min:  0.0, Avg:  0.0, Max:  0.0, Diff:  0.0, Sum:  0.0, Workers: 10
[0.984s][debug  ][gc,phases,ref  ] GC(2)     WeakRef (ms):                  Min:  0.0, Avg:  0.0, Max:  0.0, Diff:  0.0, Sum:  0.0, Workers: 10
[0.984s][debug  ][gc,phases,ref  ] GC(2)     FinalRef (ms):                 Min:  0.0, Avg:  0.0, Max:  0.0, Diff:  0.0, Sum:  0.0, Workers: 10
[0.984s][debug  ][gc,phases,ref  ] GC(2)     Total (ms):                    Min:  0.0, Avg:  0.0, Max:  0.0, Diff:  0.0, Sum:  0.0, Workers: 10
[0.984s][debug  ][gc,phases,ref  ] GC(2)   Notify and keep alive finalizable: 0.0ms
[0.984s][debug  ][gc,phases,ref  ] GC(2)     FinalRef (ms):                 skipped
[0.984s][debug  ][gc,phases,ref  ] GC(2)   Notify PhantomReferences: 0.0ms
[0.984s][debug  ][gc,phases,ref  ] GC(2)     PhantomRef (ms):               Min:  0.0, Avg:  0.0, Max:  0.0, Diff:  0.0, Sum:  0.0, Workers: 10
[0.984s][debug  ][gc,phases,ref  ] GC(2)   SoftReference:
[0.984s][debug  ][gc,phases,ref  ] GC(2)     Discovered: 0
[0.984s][debug  ][gc,phases,ref  ] GC(2)     Cleared: 0
[0.984s][debug  ][gc,phases,ref  ] GC(2)   WeakReference:
[0.984s][debug  ][gc,phases,ref  ] GC(2)     Discovered: 52
[0.984s][debug  ][gc,phases,ref  ] GC(2)     Cleared: 52
[0.984s][debug  ][gc,phases,ref  ] GC(2)   FinalReference:
[0.984s][debug  ][gc,phases,ref  ] GC(2)     Discovered: 0
[0.984s][debug  ][gc,phases,ref  ] GC(2)     Cleared: 0
[0.984s][debug  ][gc,phases,ref  ] GC(2)   PhantomReference:
[0.984s][debug  ][gc,phases,ref  ] GC(2)     Discovered: 4
[0.984s][debug  ][gc,phases,ref  ] GC(2)     Cleared: 4
[0.984s][debug  ][gc,phases      ] GC(2) Reference Processing 0.597ms
[0.984s][debug  ][gc,phases,start] GC(2) Weak Processing
[0.984s][debug  ][gc,phases      ] GC(2)   VM Weak                        Min:  0.0, Avg:  0.0, Max:  0.0, Diff:  0.0, Sum:  0.0, Workers: 3
[0.984s][debug  ][gc,phases      ] GC(2)     Dead                           Min: 0, Avg:  0.0, Max: 0, Diff: 0, Sum: 0, Workers: 3
[0.984s][debug  ][gc,phases      ] GC(2)     Total                          Min: 0, Avg:  2.3, Max: 7, Diff: 7, Sum: 7, Workers: 3
[0.984s][debug  ][gc,phases      ] GC(2)   ObjectSynchronizer Weak        Min:  0.0, Avg:  0.0, Max:  0.0, Diff:  0.0, Sum:  0.0, Workers: 3
[0.984s][debug  ][gc,phases      ] GC(2)     Dead                           Min: 0, Avg:  0.0, Max: 0, Diff: 0, Sum: 0, Workers: 3
[0.984s][debug  ][gc,phases      ] GC(2)     Total                          Min: 0, Avg:  1.0, Max: 3, Diff: 3, Sum: 3, Workers: 3
[0.984s][debug  ][gc,phases      ] GC(2)   JVMTI Tag Weak OopStorage      Min:  0.0, Avg:  0.0, Max:  0.0, Diff:  0.0, Sum:  0.0, Workers: 3
[0.984s][debug  ][gc,phases      ] GC(2)     Dead                           Min: 0, Avg:  0.0, Max: 0, Diff: 0, Sum: 0, Workers: 3
[0.984s][debug  ][gc,phases      ] GC(2)     Total                          Min: 0, Avg:  0.0, Max: 0, Diff: 0, Sum: 0, Workers: 3
[0.984s][debug  ][gc,phases      ] GC(2)   StringTable Weak               Min:  0.0, Avg:  0.0, Max:  0.0, Diff:  0.0, Sum:  0.1, Workers: 3
[0.984s][debug  ][gc,phases      ] GC(2)     Dead                           Min: 0, Avg:  0.0, Max: 0, Diff: 0, Sum: 0, Workers: 3
[0.984s][debug  ][gc,phases      ] GC(2)     Total                          Min: 765, Avg: 873.7, Max: 960, Diff: 195, Sum: 2621, Workers: 3
[0.984s][debug  ][gc,phases      ] GC(2)   ResolvedMethodTable Weak       Min:  0.0, Avg:  0.0, Max:  0.0, Diff:  0.0, Sum:  0.0, Workers: 3
[0.985s][debug  ][gc,phases      ] GC(2)     Dead                           Min: 0, Avg:  0.0, Max: 0, Diff: 0, Sum: 0, Workers: 3
[0.985s][debug  ][gc,phases      ] GC(2)     Total                          Min: 0, Avg: 27.7, Max: 64, Diff: 64, Sum: 83, Workers: 3
[0.985s][debug  ][gc,phases      ] GC(2)   JNI Weak                       Min:  0.0, Avg:  0.0, Max:  0.0, Diff:  0.0, Sum:  0.0, Workers: 3
[0.985s][debug  ][gc,phases      ] GC(2)     Dead                           Min: 0, Avg:  0.0, Max: 0, Diff: 0, Sum: 0, Workers: 3
[0.985s][debug  ][gc,phases      ] GC(2)     Total                          Min: 0, Avg:  0.0, Max: 0, Diff: 0, Sum: 0, Workers: 3
[0.985s][debug  ][gc,phases      ] GC(2)   StringDedup Table Weak         Min:  0.0, Avg:  0.0, Max:  0.0, Diff:  0.0, Sum:  0.0, Workers: 3
[0.985s][debug  ][gc,phases      ] GC(2)     Dead                           Min: 0, Avg:  0.0, Max: 0, Diff: 0, Sum: 0, Workers: 3
[0.985s][debug  ][gc,phases      ] GC(2)     Total                          Min: 0, Avg:  0.0, Max: 0, Diff: 0, Sum: 0, Workers: 3
[0.985s][debug  ][gc,phases      ] GC(2)   StringDedup Requests0 Weak     Min:  0.0, Avg:  0.0, Max:  0.0, Diff:  0.0, Sum:  0.0, Workers: 3
[0.985s][debug  ][gc,phases      ] GC(2)     Dead                           Min: 0, Avg:  0.0, Max: 0, Diff: 0, Sum: 0, Workers: 3
[0.985s][debug  ][gc,phases      ] GC(2)     Total                          Min: 0, Avg:  0.0, Max: 0, Diff: 0, Sum: 0, Workers: 3
[0.985s][debug  ][gc,phases      ] GC(2)   StringDedup Requests1 Weak     Min:  0.0, Avg:  0.0, Max:  0.0, Diff:  0.0, Sum:  0.0, Workers: 3
[0.985s][debug  ][gc,phases      ] GC(2)     Dead                           Min: 0, Avg:  0.0, Max: 0, Diff: 0, Sum: 0, Workers: 3
[0.985s][debug  ][gc,phases      ] GC(2)     Total                          Min: 0, Avg:  0.0, Max: 0, Diff: 0, Sum: 0, Workers: 3
[0.985s][debug  ][gc,phases      ] GC(2)   Weak JFR Old Object Samples    Min:  0.0, Avg:  0.0, Max:  0.0, Diff:  0.0, Sum:  0.0, Workers: 3
[0.985s][debug  ][gc,phases      ] GC(2)     Dead                           Min: 0, Avg:  0.0, Max: 0, Diff: 0, Sum: 0, Workers: 3
[0.985s][debug  ][gc,phases      ] GC(2)     Total                          Min: 0, Avg:  0.0, Max: 0, Diff: 0, Sum: 0, Workers: 3
[0.985s][debug  ][gc,phases      ] GC(2) Weak Processing 0.694ms
[0.985s][debug  ][gc,ergo        ] GC(2) AdaptiveSizeStart:  collection: 3 
[0.985s][debug  ][gc,age         ] GC(2) Desired survivor size 33554432 bytes, new threshold 7 (max threshold 15)
[0.985s][debug  ][gc,ergo        ] GC(2) PSAdaptiveSizePolicy::compute_eden_space_size limits: desired_eden_size: 402653184 old_eden_size: 201326592 eden_limit: 201326592 cur_eden: 201326592 max_eden_size: 201326592 avg_young_live: 32536248
[0.985s][debug  ][gc,ergo        ] GC(2) PSAdaptiveSizePolicy::compute_eden_space_size: costs minor_time: 0.055233 major_cost: 0.000000 mutator_cost: 0.944767 throughput_goal: 0.990000
[0.985s][debug  ][gc,ergo        ] GC(2) Live_space: 300971712 free_space: 402653184
[0.985s][debug  ][gc,ergo        ] GC(2) Old eden_size: 201326592 desired_eden_size: 201326592
[0.985s][debug  ][gc,ergo        ] GC(2) AdaptiveSizeStop: collection: 3 
[0.985s][info   ][gc,heap        ] GC(2) PSYoungGen: 219870K(229376K)->31720K(229376K) Eden: 188054K(196608K)->0K(196608K) From: 31816K(32768K)->31720K(32768K)
[0.985s][info   ][gc,heap        ] GC(2) ParOldGen: 327696K(1835008K)->512016K(1835008K)
[0.985s][info   ][gc,metaspace   ] GC(2) Metaspace: 713K(832K)->713K(832K) NonClass: 654K(704K)->654K(704K) Class: 59K(128K)->59K(128K)
[0.985s][info   ][gc             ] GC(2) Pause Young (Allocation Failure) 534M->530M(2016M) 17.634ms
[0.985s][info   ][gc,cpu         ] GC(2) User=0.02s Sys=0.12s Real=0.02s
[0.985s][debug  ][gc,heap        ] GC(2) Heap after GC invocations=3 (full 0):
[0.985s][debug  ][gc,heap        ] GC(2)  PSYoungGen      total 229376K, used 31720K [0x00000000f0000000, 0x0000000100000000, 0x0000000100000000)
[0.985s][debug  ][gc,heap        ] GC(2)   eden space 196608K, 0% used [0x00000000f0000000,0x00000000f0000000,0x00000000fc000000)
[0.985s][debug  ][gc,heap        ] GC(2)   from space 32768K, 96% used [0x00000000fc000000,0x00000000fdefa050,0x00000000fe000000)
[0.985s][debug  ][gc,heap        ] GC(2)   to   space 32768K, 0% used [0x00000000fe000000,0x00000000fe000000,0x0000000100000000)
[0.985s][debug  ][gc,heap        ] GC(2)  ParOldGen       total 1835008K, used 512016K [0x0000000080000000, 0x00000000f0000000, 0x00000000f0000000)
[0.985s][debug  ][gc,heap        ] GC(2)   object space 1835008K, 27% used [0x0000000080000000,0x000000009f404320,0x00000000f0000000)
[0.985s][debug  ][gc,heap        ] GC(2)  Metaspace       used 713K, committed 832K, reserved 1056768K
[0.985s][debug  ][gc,heap        ] GC(2)   class space    used 59K, committed 128K, reserved 1048576K
[0.985s][debug  ][gc,task,time   ] GC(2) VM-Thread 9671054 9835435 9854147
[1.269s][debug  ][gc,heap        ] GC(3) Heap before GC invocations=4 (full 0):
[1.269s][debug  ][gc,heap        ] GC(3)  PSYoungGen      total 229376K, used 225715K [0x00000000f0000000, 0x0000000100000000, 0x0000000100000000)
[1.269s][debug  ][gc,heap        ] GC(3)   eden space 196608K, 98% used [0x00000000f0000000,0x00000000fbd72c20,0x00000000fc000000)
[1.269s][debug  ][gc,heap        ] GC(3)   from space 32768K, 96% used [0x00000000fc000000,0x00000000fdefa050,0x00000000fe000000)
[1.269s][debug  ][gc,heap        ] GC(3)   to   space 32768K, 0% used [0x00000000fe000000,0x00000000fe000000,0x0000000100000000)
[1.269s][debug  ][gc,heap        ] GC(3)  ParOldGen       total 1835008K, used 512016K [0x0000000080000000, 0x00000000f0000000, 0x00000000f0000000)
[1.269s][debug  ][gc,heap        ] GC(3)   object space 1835008K, 27% used [0x0000000080000000,0x000000009f404320,0x00000000f0000000)
[1.270s][debug  ][gc,heap        ] GC(3)  Metaspace       used 945K, committed 1152K, reserved 1056768K
[1.270s][debug  ][gc,heap        ] GC(3)   class space    used 74K, committed 192K, reserved 1048576K
[1.270s][debug  ][gc,tlab        ] GC(3) TLAB totals: thrds: 3  refills: 3 max: 1 slow allocs: 17 max 17 waste: 44.9% gc: 9164928B max: 3867008B slow: 0B max: 0B
[1.270s][info   ][gc,start       ] GC(3) Pause Young (Allocation Failure)
[1.270s][debug  ][gc,phases,start] GC(3) Scavenge
[1.288s][debug  ][gc,phases      ] GC(3) Scavenge 18.651ms
[1.288s][debug  ][gc,phases,start] GC(3) Reference Processing
[1.288s][debug  ][gc,ref         ] GC(3) Skipped phase 1 of Reference Processing: no references
[1.288s][debug  ][gc,ref         ] GC(3) ReferenceProcessor::execute queues: 1, RefProcThreadModel::Single, marks_oops_alive: false
[1.288s][debug  ][gc,ref         ] GC(3) Skipped phase 3 of Reference Processing: no references
[1.288s][debug  ][gc,ref         ] GC(3) ReferenceProcessor::execute queues: 1, RefProcThreadModel::Single, marks_oops_alive: false
[1.289s][debug  ][gc,phases,ref  ] GC(3) Reference Processing: 0.1ms
[1.289s][debug  ][gc,phases,ref  ] GC(3)   Reconsider SoftReferences: 0.0ms
[1.289s][debug  ][gc,phases,ref  ] GC(3)     SoftRef (ms):                  skipped
[1.289s][debug  ][gc,phases,ref  ] GC(3)   Notify Soft/WeakReferences: 0.0ms
[1.289s][debug  ][gc,phases,ref  ] GC(3)     SoftRef (ms):                  Min:  0.0, Avg:  0.0, Max:  0.0, Diff:  0.0, Sum:  0.0, Workers: 10
[1.289s][debug  ][gc,phases,ref  ] GC(3)     WeakRef (ms):                  Min:  0.0, Avg:  0.0, Max:  0.0, Diff:  0.0, Sum:  0.0, Workers: 10
[1.289s][debug  ][gc,phases,ref  ] GC(3)     FinalRef (ms):                 Min:  0.0, Avg:  0.0, Max:  0.0, Diff:  0.0, Sum:  0.0, Workers: 10
[1.289s][debug  ][gc,phases,ref  ] GC(3)     Total (ms):                    Min:  0.0, Avg:  0.0, Max:  0.0, Diff:  0.0, Sum:  0.0, Workers: 10
[1.289s][debug  ][gc,phases,ref  ] GC(3)   Notify and keep alive finalizable: 0.0ms
[1.289s][debug  ][gc,phases,ref  ] GC(3)     FinalRef (ms):                 skipped
[1.289s][debug  ][gc,phases,ref  ] GC(3)   Notify PhantomReferences: 0.0ms
[1.289s][debug  ][gc,phases,ref  ] GC(3)     PhantomRef (ms):               Min:  0.0, Avg:  0.0, Max:  0.0, Diff:  0.0, Sum:  0.0, Workers: 10
[1.289s][debug  ][gc,phases,ref  ] GC(3)   SoftReference:
[1.289s][debug  ][gc,phases,ref  ] GC(3)     Discovered: 0
[1.289s][debug  ][gc,phases,ref  ] GC(3)     Cleared: 0
[1.289s][debug  ][gc,phases,ref  ] GC(3)   WeakReference:
[1.289s][debug  ][gc,phases,ref  ] GC(3)     Discovered: 8
[1.289s][debug  ][gc,phases,ref  ] GC(3)     Cleared: 3
[1.289s][debug  ][gc,phases,ref  ] GC(3)   FinalReference:
[1.289s][debug  ][gc,phases,ref  ] GC(3)     Discovered: 0
[1.289s][debug  ][gc,phases,ref  ] GC(3)     Cleared: 0
[1.289s][debug  ][gc,phases,ref  ] GC(3)   PhantomReference:
[1.289s][debug  ][gc,phases,ref  ] GC(3)     Discovered: 10
[1.289s][debug  ][gc,phases,ref  ] GC(3)     Cleared: 5
[1.289s][debug  ][gc,phases      ] GC(3) Reference Processing 0.602ms
[1.289s][debug  ][gc,phases,start] GC(3) Weak Processing
[1.289s][debug  ][gc,phases      ] GC(3)   VM Weak                        Min:  0.0, Avg:  0.0, Max:  0.0, Diff:  0.0, Sum:  0.0, Workers: 5
[1.289s][debug  ][gc,phases      ] GC(3)     Dead                           Min: 0, Avg:  0.0, Max: 0, Diff: 0, Sum: 0, Workers: 5
[1.289s][debug  ][gc,phases      ] GC(3)     Total                          Min: 0, Avg:  1.6, Max: 8, Diff: 8, Sum: 8, Workers: 5
[1.289s][debug  ][gc,phases      ] GC(3)   ObjectSynchronizer Weak        Min:  0.0, Avg:  0.0, Max:  0.0, Diff:  0.0, Sum:  0.0, Workers: 5
[1.289s][debug  ][gc,phases      ] GC(3)     Dead                           Min: 0, Avg:  0.0, Max: 0, Diff: 0, Sum: 0, Workers: 5
[1.289s][debug  ][gc,phases      ] GC(3)     Total                          Min: 0, Avg:  0.6, Max: 3, Diff: 3, Sum: 3, Workers: 5
[1.289s][debug  ][gc,phases      ] GC(3)   JVMTI Tag Weak OopStorage      Min:  0.0, Avg:  0.0, Max:  0.0, Diff:  0.0, Sum:  0.0, Workers: 5
[1.289s][debug  ][gc,phases      ] GC(3)     Dead                           Min: 0, Avg:  0.0, Max: 0, Diff: 0, Sum: 0, Workers: 5
[1.289s][debug  ][gc,phases      ] GC(3)     Total                          Min: 0, Avg:  0.0, Max: 0, Diff: 0, Sum: 0, Workers: 5
[1.289s][debug  ][gc,phases      ] GC(3)   StringTable Weak               Min:  0.0, Avg:  0.0, Max:  0.0, Diff:  0.0, Sum:  0.2, Workers: 5
[1.289s][debug  ][gc,phases      ] GC(3)     Dead                           Min: 0, Avg:  0.2, Max: 1, Diff: 1, Sum: 1, Workers: 5
[1.289s][debug  ][gc,phases      ] GC(3)     Total                          Min: 832, Avg: 949.2, Max: 1088, Diff: 256, Sum: 4746, Workers: 5
[1.289s][debug  ][gc,phases      ] GC(3)   ResolvedMethodTable Weak       Min:  0.0, Avg:  0.0, Max:  0.0, Diff:  0.0, Sum:  0.0, Workers: 5
[1.289s][debug  ][gc,phases      ] GC(3)     Dead                           Min: 0, Avg:  0.0, Max: 0, Diff: 0, Sum: 0, Workers: 5
[1.289s][debug  ][gc,phases      ] GC(3)     Total                          Min: 0, Avg: 18.4, Max: 64, Diff: 64, Sum: 92, Workers: 5
[1.289s][debug  ][gc,phases      ] GC(3)   JNI Weak                       Min:  0.0, Avg:  0.0, Max:  0.0, Diff:  0.0, Sum:  0.0, Workers: 5
[1.289s][debug  ][gc,phases      ] GC(3)     Dead                           Min: 0, Avg:  0.0, Max: 0, Diff: 0, Sum: 0, Workers: 5
[1.289s][debug  ][gc,phases      ] GC(3)     Total                          Min: 0, Avg:  0.0, Max: 0, Diff: 0, Sum: 0, Workers: 5
[1.290s][debug  ][gc,phases      ] GC(3)   StringDedup Table Weak         Min:  0.0, Avg:  0.0, Max:  0.0, Diff:  0.0, Sum:  0.0, Workers: 5
[1.290s][debug  ][gc,phases      ] GC(3)     Dead                           Min: 0, Avg:  0.0, Max: 0, Diff: 0, Sum: 0, Workers: 5
[1.290s][debug  ][gc,phases      ] GC(3)     Total                          Min: 0, Avg:  0.0, Max: 0, Diff: 0, Sum: 0, Workers: 5
[1.290s][debug  ][gc,phases      ] GC(3)   StringDedup Requests0 Weak     Min:  0.0, Avg:  0.0, Max:  0.0, Diff:  0.0, Sum:  0.0, Workers: 5
[1.290s][debug  ][gc,phases      ] GC(3)     Dead                           Min: 0, Avg:  0.0, Max: 0, Diff: 0, Sum: 0, Workers: 5
[1.290s][debug  ][gc,phases      ] GC(3)     Total                          Min: 0, Avg:  0.0, Max: 0, Diff: 0, Sum: 0, Workers: 5
[1.290s][debug  ][gc,phases      ] GC(3)   StringDedup Requests1 Weak     Min:  0.0, Avg:  0.0, Max:  0.0, Diff:  0.0, Sum:  0.0, Workers: 5
[1.290s][debug  ][gc,phases      ] GC(3)     Dead                           Min: 0, Avg:  0.0, Max: 0, Diff: 0, Sum: 0, Workers: 5
[1.290s][debug  ][gc,phases      ] GC(3)     Total                          Min: 0, Avg:  0.0, Max: 0, Diff: 0, Sum: 0, Workers: 5
[1.290s][debug  ][gc,phases      ] GC(3)   Weak JFR Old Object Samples    Min:  0.0, Avg:  0.0, Max:  0.0, Diff:  0.0, Sum:  0.0, Workers: 5
[1.290s][debug  ][gc,phases      ] GC(3)     Dead                           Min: 0, Avg:  0.0, Max: 0, Diff: 0, Sum: 0, Workers: 5
[1.290s][debug  ][gc,phases      ] GC(3)     Total                          Min: 0, Avg:  0.0, Max: 0, Diff: 0, Sum: 0, Workers: 5
[1.290s][debug  ][gc,phases      ] GC(3) Weak Processing 0.762ms
[1.290s][debug  ][gc,ergo        ] GC(3) AdaptiveSizeStart:  collection: 4 
[1.290s][debug  ][gc,age         ] GC(3) Desired survivor size 33554432 bytes, new threshold 7 (max threshold 15)
[1.290s][debug  ][gc,ergo        ] GC(3) PSAdaptiveSizePolicy::compute_eden_space_size limits: desired_eden_size: 402653184 old_eden_size: 201326592 eden_limit: 201326592 cur_eden: 201326592 max_eden_size: 201326592 avg_young_live: 32665882
[1.290s][debug  ][gc,ergo        ] GC(3) PSAdaptiveSizePolicy::compute_eden_space_size: costs minor_time: 0.057929 major_cost: 0.000000 mutator_cost: 0.942071 throughput_goal: 0.990000
[1.290s][debug  ][gc,ergo        ] GC(3) Live_space: 301101344 free_space: 402653184
[1.290s][debug  ][gc,ergo        ] GC(3) Old eden_size: 201326592 desired_eden_size: 201326592
[1.290s][debug  ][gc,ergo        ] GC(3) AdaptiveSizeStop: collection: 4 
[1.290s][info   ][gc,heap        ] GC(3) PSYoungGen: 225715K(229376K)->32280K(229376K) Eden: 193995K(196608K)->0K(196608K) From: 31720K(32768K)->32280K(32768K)
[1.290s][info   ][gc,heap        ] GC(3) ParOldGen: 512016K(1835008K)->696345K(1835008K)
[1.290s][info   ][gc,metaspace   ] GC(3) Metaspace: 945K(1152K)->945K(1152K) NonClass: 871K(960K)->871K(960K) Class: 74K(192K)->74K(192K)
[1.290s][info   ][gc             ] GC(3) Pause Young (Allocation Failure) 720M->711M(2016M) 20.412ms
[1.290s][info   ][gc,cpu         ] GC(3) User=0.00s Sys=0.16s Real=0.02s
[1.290s][debug  ][gc,heap        ] GC(3) Heap after GC invocations=4 (full 0):
[1.290s][debug  ][gc,heap        ] GC(3)  PSYoungGen      total 229376K, used 32280K [0x00000000f0000000, 0x0000000100000000, 0x0000000100000000)
[1.290s][debug  ][gc,heap        ] GC(3)   eden space 196608K, 0% used [0x00000000f0000000,0x00000000f0000000,0x00000000fc000000)
[1.290s][debug  ][gc,heap        ] GC(3)   from space 32768K, 98% used [0x00000000fe000000,0x00000000fff86040,0x0000000100000000)
[1.290s][debug  ][gc,heap        ] GC(3)   to   space 32768K, 0% used [0x00000000fc000000,0x00000000fc000000,0x00000000fe000000)
[1.290s][debug  ][gc,heap        ] GC(3)  ParOldGen       total 1835008K, used 696345K [0x0000000080000000, 0x00000000f0000000, 0x00000000f0000000)
[1.290s][debug  ][gc,heap        ] GC(3)   object space 1835008K, 37% used [0x0000000080000000,0x00000000aa806440,0x00000000f0000000)
[1.290s][debug  ][gc,heap        ] GC(3)  Metaspace       used 945K, committed 1152K, reserved 1056768K
[1.290s][debug  ][gc,heap        ] GC(3)   class space    used 74K, committed 192K, reserved 1048576K
[1.290s][debug  ][gc,task,time   ] GC(3) VM-Thread 12691924 12883972 12902716
[1.570s][debug  ][gc,heap        ] GC(4) Heap before GC invocations=5 (full 0):
[1.570s][debug  ][gc,heap        ] GC(4)  PSYoungGen      total 229376K, used 220362K [0x00000000f0000000, 0x0000000100000000, 0x0000000100000000)
[1.571s][debug  ][gc,heap        ] GC(4)   eden space 196608K, 95% used [0x00000000f0000000,0x00000000fb7aca30,0x00000000fc000000)
[1.571s][debug  ][gc,heap        ] GC(4)   from space 32768K, 98% used [0x00000000fe000000,0x00000000fff86040,0x0000000100000000)
[1.571s][debug  ][gc,heap        ] GC(4)   to   space 32768K, 0% used [0x00000000fc000000,0x00000000fc000000,0x00000000fe000000)
[1.571s][debug  ][gc,heap        ] GC(4)  ParOldGen       total 1835008K, used 696345K [0x0000000080000000, 0x00000000f0000000, 0x00000000f0000000)
[1.571s][debug  ][gc,heap        ] GC(4)   object space 1835008K, 37% used [0x0000000080000000,0x00000000aa806440,0x00000000f0000000)
[1.571s][debug  ][gc,heap        ] GC(4)  Metaspace       used 945K, committed 1152K, reserved 1056768K
[1.571s][debug  ][gc,heap        ] GC(4)   class space    used 74K, committed 192K, reserved 1048576K
[1.571s][debug  ][gc,tlab        ] GC(4) TLAB totals: thrds: 1  refills: 1 max: 1 slow allocs: 17 max 17 waste: 26.9% gc: 3852104B max: 3852104B slow: 0B max: 0B
[1.571s][info   ][gc,start       ] GC(4) Pause Young (Allocation Failure)
[1.571s][debug  ][gc,phases,start] GC(4) Scavenge
[1.589s][debug  ][gc,phases      ] GC(4) Scavenge 18.590ms
[1.590s][debug  ][gc,phases,start] GC(4) Reference Processing
[1.590s][debug  ][gc,ref         ] GC(4) Skipped phase 1 of Reference Processing: no references
[1.590s][debug  ][gc,ref         ] GC(4) ReferenceProcessor::execute queues: 1, RefProcThreadModel::Single, marks_oops_alive: false
[1.590s][debug  ][gc,ref         ] GC(4) Skipped phase 3 of Reference Processing: no references
[1.590s][debug  ][gc,ref         ] GC(4) ReferenceProcessor::execute queues: 1, RefProcThreadModel::Single, marks_oops_alive: false
[1.590s][debug  ][gc,phases,ref  ] GC(4) Reference Processing: 0.1ms
[1.590s][debug  ][gc,phases,ref  ] GC(4)   Reconsider SoftReferences: 0.0ms
[1.590s][debug  ][gc,phases,ref  ] GC(4)     SoftRef (ms):                  skipped
[1.590s][debug  ][gc,phases,ref  ] GC(4)   Notify Soft/WeakReferences: 0.0ms
[1.590s][debug  ][gc,phases,ref  ] GC(4)     SoftRef (ms):                  Min:  0.0, Avg:  0.0, Max:  0.0, Diff:  0.0, Sum:  0.0, Workers: 10
[1.590s][debug  ][gc,phases,ref  ] GC(4)     WeakRef (ms):                  Min:  0.0, Avg:  0.0, Max:  0.0, Diff:  0.0, Sum:  0.0, Workers: 10
[1.590s][debug  ][gc,phases,ref  ] GC(4)     FinalRef (ms):                 Min:  0.0, Avg:  0.0, Max:  0.0, Diff:  0.0, Sum:  0.0, Workers: 10
[1.590s][debug  ][gc,phases,ref  ] GC(4)     Total (ms):                    Min:  0.0, Avg:  0.0, Max:  0.0, Diff:  0.0, Sum:  0.0, Workers: 10
[1.590s][debug  ][gc,phases,ref  ] GC(4)   Notify and keep alive finalizable: 0.0ms
[1.590s][debug  ][gc,phases,ref  ] GC(4)     FinalRef (ms):                 skipped
[1.590s][debug  ][gc,phases,ref  ] GC(4)   Notify PhantomReferences: 0.0ms
[1.590s][debug  ][gc,phases,ref  ] GC(4)     PhantomRef (ms):               Min:  0.0, Avg:  0.0, Max:  0.0, Diff:  0.0, Sum:  0.0, Workers: 10
[1.590s][debug  ][gc,phases,ref  ] GC(4)   SoftReference:
[1.590s][debug  ][gc,phases,ref  ] GC(4)     Discovered: 0
[1.590s][debug  ][gc,phases,ref  ] GC(4)     Cleared: 0
[1.590s][debug  ][gc,phases,ref  ] GC(4)   WeakReference:
[1.590s][debug  ][gc,phases,ref  ] GC(4)     Discovered: 40
[1.590s][debug  ][gc,phases,ref  ] GC(4)     Cleared: 40
[1.590s][debug  ][gc,phases,ref  ] GC(4)   FinalReference:
[1.590s][debug  ][gc,phases,ref  ] GC(4)     Discovered: 0
[1.590s][debug  ][gc,phases,ref  ] GC(4)     Cleared: 0
[1.590s][debug  ][gc,phases,ref  ] GC(4)   PhantomReference:
[1.590s][debug  ][gc,phases,ref  ] GC(4)     Discovered: 4
[1.590s][debug  ][gc,phases,ref  ] GC(4)     Cleared: 4
[1.590s][debug  ][gc,phases      ] GC(4) Reference Processing 0.596ms
[1.590s][debug  ][gc,phases,start] GC(4) Weak Processing
[1.590s][debug  ][gc,phases      ] GC(4)   VM Weak                        Min:  0.0, Avg:  0.0, Max:  0.0, Diff:  0.0, Sum:  0.0, Workers: 5
[1.590s][debug  ][gc,phases      ] GC(4)     Dead                           Min: 0, Avg:  0.0, Max: 0, Diff: 0, Sum: 0, Workers: 5
[1.590s][debug  ][gc,phases      ] GC(4)     Total                          Min: 0, Avg:  1.6, Max: 8, Diff: 8, Sum: 8, Workers: 5
[1.590s][debug  ][gc,phases      ] GC(4)   ObjectSynchronizer Weak        Min:  0.0, Avg:  0.0, Max:  0.0, Diff:  0.0, Sum:  0.0, Workers: 5
[1.590s][debug  ][gc,phases      ] GC(4)     Dead                           Min: 0, Avg:  0.0, Max: 0, Diff: 0, Sum: 0, Workers: 5
[1.590s][debug  ][gc,phases      ] GC(4)     Total                          Min: 0, Avg:  0.6, Max: 3, Diff: 3, Sum: 3, Workers: 5
[1.590s][debug  ][gc,phases      ] GC(4)   JVMTI Tag Weak OopStorage      Min:  0.0, Avg:  0.0, Max:  0.0, Diff:  0.0, Sum:  0.0, Workers: 5
[1.590s][debug  ][gc,phases      ] GC(4)     Dead                           Min: 0, Avg:  0.0, Max: 0, Diff: 0, Sum: 0, Workers: 5
[1.590s][debug  ][gc,phases      ] GC(4)     Total                          Min: 0, Avg:  0.0, Max: 0, Diff: 0, Sum: 0, Workers: 5
[1.590s][debug  ][gc,phases      ] GC(4)   StringTable Weak               Min:  0.0, Avg:  0.0, Max:  0.0, Diff:  0.0, Sum:  0.2, Workers: 5
[1.590s][debug  ][gc,phases      ] GC(4)     Dead                           Min: 0, Avg:  0.0, Max: 0, Diff: 0, Sum: 0, Workers: 5
[1.590s][debug  ][gc,phases      ] GC(4)     Total                          Min: 768, Avg: 949.2, Max: 1088, Diff: 320, Sum: 4746, Workers: 5
[1.590s][debug  ][gc,phases      ] GC(4)   ResolvedMethodTable Weak       Min:  0.0, Avg:  0.0, Max:  0.0, Diff:  0.0, Sum:  0.0, Workers: 5
[1.590s][debug  ][gc,phases      ] GC(4)     Dead                           Min: 0, Avg:  0.0, Max: 0, Diff: 0, Sum: 0, Workers: 5
[1.591s][debug  ][gc,phases      ] GC(4)     Total                          Min: 0, Avg: 18.4, Max: 64, Diff: 64, Sum: 92, Workers: 5
[1.591s][debug  ][gc,phases      ] GC(4)   JNI Weak                       Min:  0.0, Avg:  0.0, Max:  0.0, Diff:  0.0, Sum:  0.0, Workers: 5
[1.591s][debug  ][gc,phases      ] GC(4)     Dead                           Min: 0, Avg:  0.0, Max: 0, Diff: 0, Sum: 0, Workers: 5
[1.591s][debug  ][gc,phases      ] GC(4)     Total                          Min: 0, Avg:  0.0, Max: 0, Diff: 0, Sum: 0, Workers: 5
[1.591s][debug  ][gc,phases      ] GC(4)   StringDedup Table Weak         Min:  0.0, Avg:  0.0, Max:  0.0, Diff:  0.0, Sum:  0.0, Workers: 5
[1.591s][debug  ][gc,phases      ] GC(4)     Dead                           Min: 0, Avg:  0.0, Max: 0, Diff: 0, Sum: 0, Workers: 5
[1.591s][debug  ][gc,phases      ] GC(4)     Total                          Min: 0, Avg:  0.0, Max: 0, Diff: 0, Sum: 0, Workers: 5
[1.591s][debug  ][gc,phases      ] GC(4)   StringDedup Requests0 Weak     Min:  0.0, Avg:  0.0, Max:  0.0, Diff:  0.0, Sum:  0.0, Workers: 5
[1.591s][debug  ][gc,phases      ] GC(4)     Dead                           Min: 0, Avg:  0.0, Max: 0, Diff: 0, Sum: 0, Workers: 5
[1.591s][debug  ][gc,phases      ] GC(4)     Total                          Min: 0, Avg:  0.0, Max: 0, Diff: 0, Sum: 0, Workers: 5
[1.591s][debug  ][gc,phases      ] GC(4)   StringDedup Requests1 Weak     Min:  0.0, Avg:  0.0, Max:  0.0, Diff:  0.0, Sum:  0.0, Workers: 5
[1.591s][debug  ][gc,phases      ] GC(4)     Dead                           Min: 0, Avg:  0.0, Max: 0, Diff: 0, Sum: 0, Workers: 5
[1.591s][debug  ][gc,phases      ] GC(4)     Total                          Min: 0, Avg:  0.0, Max: 0, Diff: 0, Sum: 0, Workers: 5
[1.591s][debug  ][gc,phases      ] GC(4)   Weak JFR Old Object Samples    Min:  0.0, Avg:  0.0, Max:  0.0, Diff:  0.0, Sum:  0.0, Workers: 5
[1.591s][debug  ][gc,phases      ] GC(4)     Dead                           Min: 0, Avg:  0.0, Max: 0, Diff: 0, Sum: 0, Workers: 5
[1.591s][debug  ][gc,phases      ] GC(4)     Total                          Min: 0, Avg:  0.0, Max: 0, Diff: 0, Sum: 0, Workers: 5
[1.591s][debug  ][gc,phases      ] GC(4) Weak Processing 0.696ms
[1.591s][debug  ][gc,ergo        ] GC(4) AdaptiveSizeStart:  collection: 5 
[1.591s][debug  ][gc,ergo        ] GC(4) avg_survived_padded_avg: 33250724.000000
[1.591s][debug  ][gc,ergo        ] GC(4) avg_promoted_padded_avg: 212692256.000000  avg_pretenured_padded_avg: 0.000000  tenuring_thresh: 6  target_size: 33554432
[1.591s][debug  ][gc,age         ] GC(4) Desired survivor size 33554432 bytes, new threshold 6 (max threshold 15)
[1.591s][debug  ][gc,ergo        ] GC(4) PSAdaptiveSizePolicy::compute_eden_space_size limits: desired_eden_size: 402653184 old_eden_size: 201326592 eden_limit: 201326592 cur_eden: 201326592 max_eden_size: 201326592 avg_young_live: 32756770
[1.591s][debug  ][gc,ergo        ] GC(4) PSAdaptiveSizePolicy::compute_eden_space_size: costs minor_time: 0.060054 major_cost: 0.000000 mutator_cost: 0.939946 throughput_goal: 0.990000
[1.591s][debug  ][gc,ergo        ] GC(4) Live_space: 301192224 free_space: 402653184
[1.591s][debug  ][gc,ergo        ] GC(4) Old eden_size: 201326592 desired_eden_size: 201326592
[1.591s][debug  ][gc,ergo        ] GC(4) AdaptiveSizeStop: collection: 5 
[1.591s][info   ][gc,heap        ] GC(4) PSYoungGen: 220362K(229376K)->32344K(229376K) Eden: 188082K(196608K)->0K(196608K) From: 32280K(32768K)->32344K(32768K)
[1.591s][info   ][gc,heap        ] GC(4) ParOldGen: 696345K(1835008K)->880673K(1835008K)
[1.591s][info   ][gc,metaspace   ] GC(4) Metaspace: 945K(1152K)->945K(1152K) NonClass: 871K(960K)->871K(960K) Class: 74K(192K)->74K(192K)
[1.591s][info   ][gc             ] GC(4) Pause Young (Allocation Failure) 895M->891M(2016M) 20.312ms
[1.591s][info   ][gc,cpu         ] GC(4) User=0.06s Sys=0.12s Real=0.02s
[1.591s][debug  ][gc,heap        ] GC(4) Heap after GC invocations=5 (full 0):
[1.591s][debug  ][gc,heap        ] GC(4)  PSYoungGen      total 229376K, used 32344K [0x00000000f0000000, 0x0000000100000000, 0x0000000100000000)
[1.591s][debug  ][gc,heap        ] GC(4)   eden space 196608K, 0% used [0x00000000f0000000,0x00000000f0000000,0x00000000fc000000)
[1.591s][debug  ][gc,heap        ] GC(4)   from space 32768K, 98% used [0x00000000fc000000,0x00000000fdf96040,0x00000000fe000000)
[1.591s][debug  ][gc,heap        ] GC(4)   to   space 32768K, 0% used [0x00000000fe000000,0x00000000fe000000,0x0000000100000000)
[1.591s][debug  ][gc,heap        ] GC(4)  ParOldGen       total 1835008K, used 880673K [0x0000000080000000, 0x00000000f0000000, 0x00000000f0000000)
[1.591s][debug  ][gc,heap        ] GC(4)   object space 1835008K, 47% used [0x0000000080000000,0x00000000b5c08560,0x00000000f0000000)
[1.591s][debug  ][gc,heap        ] GC(4)  Metaspace       used 945K, committed 1152K, reserved 1056768K
[1.591s][debug  ][gc,heap        ] GC(4)   class space    used 74K, committed 192K, reserved 1048576K
[1.591s][debug  ][gc,task,time   ] GC(4) VM-Thread 15703656 15895270 15913623
[1.902s][debug  ][gc,heap        ] GC(5) Heap before GC invocations=6 (full 0):
[1.902s][debug  ][gc,heap        ] GC(5)  PSYoungGen      total 229376K, used 221736K [0x00000000f0000000, 0x0000000100000000, 0x0000000100000000)
[1.902s][debug  ][gc,heap        ] GC(5)   eden space 196608K, 96% used [0x00000000f0000000,0x00000000fb8f41c8,0x00000000fc000000)
[1.902s][debug  ][gc,heap        ] GC(5)   from space 32768K, 98% used [0x00000000fc000000,0x00000000fdf96040,0x00000000fe000000)
[1.902s][debug  ][gc,heap        ] GC(5)   to   space 32768K, 0% used [0x00000000fe000000,0x00000000fe000000,0x0000000100000000)
[1.902s][debug  ][gc,heap        ] GC(5)  ParOldGen       total 1835008K, used 880673K [0x0000000080000000, 0x00000000f0000000, 0x00000000f0000000)
[1.902s][debug  ][gc,heap        ] GC(5)   object space 1835008K, 47% used [0x0000000080000000,0x00000000b5c08560,0x00000000f0000000)
[1.902s][debug  ][gc,heap        ] GC(5)  Metaspace       used 1017K, committed 1152K, reserved 1056768K
[1.902s][debug  ][gc,heap        ] GC(5)   class space    used 83K, committed 192K, reserved 1048576K
[1.902s][debug  ][gc,tlab        ] GC(5) TLAB totals: thrds: 2  refills: 2 max: 1 slow allocs: 17 max 17 waste: 31.0% gc: 4856592B max: 3548168B slow: 0B max: 0B
[1.902s][info   ][gc,start       ] GC(5) Pause Young (Allocation Failure)
[1.902s][debug  ][gc,phases,start] GC(5) Scavenge
[1.909s][debug  ][gc,phases      ] GC(5) Scavenge 6.438ms
[1.909s][debug  ][gc,phases,start] GC(5) Reference Processing
[1.909s][debug  ][gc,ref         ] GC(5) Skipped phase 1 of Reference Processing: no references
[1.909s][debug  ][gc,ref         ] GC(5) ReferenceProcessor::execute queues: 1, RefProcThreadModel::Single, marks_oops_alive: false
[1.909s][debug  ][gc,ref         ] GC(5) Skipped phase 3 of Reference Processing: no references
[1.909s][debug  ][gc,ref         ] GC(5) ReferenceProcessor::execute queues: 1, RefProcThreadModel::Single, marks_oops_alive: false
[1.909s][debug  ][gc,phases,ref  ] GC(5) Reference Processing: 0.1ms
[1.909s][debug  ][gc,phases,ref  ] GC(5)   Reconsider SoftReferences: 0.0ms
[1.909s][debug  ][gc,phases,ref  ] GC(5)     SoftRef (ms):                  skipped
[1.909s][debug  ][gc,phases,ref  ] GC(5)   Notify Soft/WeakReferences: 0.0ms
[1.909s][debug  ][gc,phases,ref  ] GC(5)     SoftRef (ms):                  Min:  0.0, Avg:  0.0, Max:  0.0, Diff:  0.0, Sum:  0.0, Workers: 10
[1.909s][debug  ][gc,phases,ref  ] GC(5)     WeakRef (ms):                  Min:  0.0, Avg:  0.0, Max:  0.0, Diff:  0.0, Sum:  0.0, Workers: 10
[1.909s][debug  ][gc,phases,ref  ] GC(5)     FinalRef (ms):                 Min:  0.0, Avg:  0.0, Max:  0.0, Diff:  0.0, Sum:  0.0, Workers: 10
[1.909s][debug  ][gc,phases,ref  ] GC(5)     Total (ms):                    Min:  0.0, Avg:  0.0, Max:  0.0, Diff:  0.0, Sum:  0.0, Workers: 10
[1.909s][debug  ][gc,phases,ref  ] GC(5)   Notify and keep alive finalizable: 0.0ms
[1.909s][debug  ][gc,phases,ref  ] GC(5)     FinalRef (ms):                 skipped
[1.909s][debug  ][gc,phases,ref  ] GC(5)   Notify PhantomReferences: 0.0ms
[1.909s][debug  ][gc,phases,ref  ] GC(5)     PhantomRef (ms):               Min:  0.0, Avg:  0.0, Max:  0.0, Diff:  0.0, Sum:  0.0, Workers: 10
[1.909s][debug  ][gc,phases,ref  ] GC(5)   SoftReference:
[1.909s][debug  ][gc,phases,ref  ] GC(5)     Discovered: 0
[1.909s][debug  ][gc,phases,ref  ] GC(5)     Cleared: 0
[1.909s][debug  ][gc,phases,ref  ] GC(5)   WeakReference:
[1.909s][debug  ][gc,phases,ref  ] GC(5)     Discovered: 123
[1.909s][debug  ][gc,phases,ref  ] GC(5)     Cleared: 102
[1.909s][debug  ][gc,phases,ref  ] GC(5)   FinalReference:
[1.909s][debug  ][gc,phases,ref  ] GC(5)     Discovered: 0
[1.909s][debug  ][gc,phases,ref  ] GC(5)     Cleared: 0
[1.909s][debug  ][gc,phases,ref  ] GC(5)   PhantomReference:
[1.909s][debug  ][gc,phases,ref  ] GC(5)     Discovered: 14
[1.909s][debug  ][gc,phases,ref  ] GC(5)     Cleared: 4
[1.909s][debug  ][gc,phases      ] GC(5) Reference Processing 0.604ms
[1.909s][debug  ][gc,phases,start] GC(5) Weak Processing
[1.909s][debug  ][gc,phases      ] GC(5)   VM Weak                        Min:  0.0, Avg:  0.0, Max:  0.0, Diff:  0.0, Sum:  0.0, Workers: 6
[1.909s][debug  ][gc,phases      ] GC(5)     Dead                           Min: 0, Avg:  0.0, Max: 0, Diff: 0, Sum: 0, Workers: 6
[1.909s][debug  ][gc,phases      ] GC(5)     Total                          Min: 0, Avg:  1.3, Max: 8, Diff: 8, Sum: 8, Workers: 6
[1.909s][debug  ][gc,phases      ] GC(5)   ObjectSynchronizer Weak        Min:  0.0, Avg:  0.0, Max:  0.0, Diff:  0.0, Sum:  0.0, Workers: 6
[1.910s][debug  ][gc,phases      ] GC(5)     Dead                           Min: 0, Avg:  0.0, Max: 0, Diff: 0, Sum: 0, Workers: 6
[1.910s][debug  ][gc,phases      ] GC(5)     Total                          Min: 0, Avg:  0.5, Max: 3, Diff: 3, Sum: 3, Workers: 6
[1.910s][debug  ][gc,phases      ] GC(5)   JVMTI Tag Weak OopStorage      Min:  0.0, Avg:  0.0, Max:  0.0, Diff:  0.0, Sum:  0.0, Workers: 6
[1.910s][debug  ][gc,phases      ] GC(5)     Dead                           Min: 0, Avg:  0.0, Max: 0, Diff: 0, Sum: 0, Workers: 6
[1.910s][debug  ][gc,phases      ] GC(5)     Total                          Min: 0, Avg:  0.0, Max: 0, Diff: 0, Sum: 0, Workers: 6
[1.910s][debug  ][gc,phases      ] GC(5)   StringTable Weak               Min:  0.0, Avg:  0.0, Max:  0.0, Diff:  0.0, Sum:  0.2, Workers: 6
[1.910s][debug  ][gc,phases      ] GC(5)     Dead                           Min: 0, Avg:  0.5, Max: 2, Diff: 2, Sum: 3, Workers: 6
[1.910s][debug  ][gc,phases      ] GC(5)     Total                          Min: 640, Avg: 892.8, Max: 1279, Diff: 639, Sum: 5357, Workers: 6
[1.910s][debug  ][gc,phases      ] GC(5)   ResolvedMethodTable Weak       Min:  0.0, Avg:  0.0, Max:  0.0, Diff:  0.0, Sum:  0.0, Workers: 6
[1.910s][debug  ][gc,phases      ] GC(5)     Dead                           Min: 0, Avg:  0.0, Max: 0, Diff: 0, Sum: 0, Workers: 6
[1.910s][debug  ][gc,phases      ] GC(5)     Total                          Min: 0, Avg: 21.7, Max: 64, Diff: 64, Sum: 130, Workers: 6
[1.910s][debug  ][gc,phases      ] GC(5)   JNI Weak                       Min:  0.0, Avg:  0.0, Max:  0.0, Diff:  0.0, Sum:  0.0, Workers: 6
[1.910s][debug  ][gc,phases      ] GC(5)     Dead                           Min: 0, Avg:  0.0, Max: 0, Diff: 0, Sum: 0, Workers: 6
[1.910s][debug  ][gc,phases      ] GC(5)     Total                          Min: 0, Avg:  0.0, Max: 0, Diff: 0, Sum: 0, Workers: 6
[1.910s][debug  ][gc,phases      ] GC(5)   StringDedup Table Weak         Min:  0.0, Avg:  0.0, Max:  0.0, Diff:  0.0, Sum:  0.0, Workers: 6
[1.910s][debug  ][gc,phases      ] GC(5)     Dead                           Min: 0, Avg:  0.0, Max: 0, Diff: 0, Sum: 0, Workers: 6
[1.910s][debug  ][gc,phases      ] GC(5)     Total                          Min: 0, Avg:  0.0, Max: 0, Diff: 0, Sum: 0, Workers: 6
[1.910s][debug  ][gc,phases      ] GC(5)   StringDedup Requests0 Weak     Min:  0.0, Avg:  0.0, Max:  0.0, Diff:  0.0, Sum:  0.0, Workers: 6
[1.910s][debug  ][gc,phases      ] GC(5)     Dead                           Min: 0, Avg:  0.0, Max: 0, Diff: 0, Sum: 0, Workers: 6
[1.910s][debug  ][gc,phases      ] GC(5)     Total                          Min: 0, Avg:  0.0, Max: 0, Diff: 0, Sum: 0, Workers: 6
[1.910s][debug  ][gc,phases      ] GC(5)   StringDedup Requests1 Weak     Min:  0.0, Avg:  0.0, Max:  0.0, Diff:  0.0, Sum:  0.0, Workers: 6
[1.910s][debug  ][gc,phases      ] GC(5)     Dead                           Min: 0, Avg:  0.0, Max: 0, Diff: 0, Sum: 0, Workers: 6
[1.910s][debug  ][gc,phases      ] GC(5)     Total                          Min: 0, Avg:  0.0, Max: 0, Diff: 0, Sum: 0, Workers: 6
[1.910s][debug  ][gc,phases      ] GC(5)   Weak JFR Old Object Samples    Min:  0.0, Avg:  0.0, Max:  0.0, Diff:  0.0, Sum:  0.0, Workers: 6
[1.910s][debug  ][gc,phases      ] GC(5)     Dead                           Min: 0, Avg:  0.0, Max: 0, Diff: 0, Sum: 0, Workers: 6
[1.910s][debug  ][gc,phases      ] GC(5)     Total                          Min: 0, Avg:  0.0, Max: 0, Diff: 0, Sum: 0, Workers: 6
[1.910s][debug  ][gc,phases      ] GC(5) Weak Processing 0.869ms
[1.910s][debug  ][gc,ergo        ] GC(5) AdaptiveSizeStart:  collection: 6 
[1.910s][debug  ][gc,ergo        ] GC(5) avg_survived_padded_avg: 33487172.000000
[1.910s][debug  ][gc,ergo        ] GC(5) avg_promoted_padded_avg: 241163952.000000  avg_pretenured_padded_avg: 0.000000  tenuring_thresh: 5  target_size: 33554432
[1.910s][debug  ][gc,age         ] GC(5) Desired survivor size 33554432 bytes, new threshold 5 (max threshold 15)
[1.910s][debug  ][gc,ergo        ] GC(5) PSAdaptiveSizePolicy::compute_eden_space_size limits: desired_eden_size: 402653184 old_eden_size: 201326592 eden_limit: 201326592 cur_eden: 201326592 max_eden_size: 201326592 avg_young_live: 32846394
[1.910s][debug  ][gc,ergo        ] GC(5) PSAdaptiveSizePolicy::compute_eden_space_size: costs minor_time: 0.051326 major_cost: 0.000000 mutator_cost: 0.948674 throughput_goal: 0.990000
[1.910s][debug  ][gc,ergo        ] GC(5) Live_space: 301281856 free_space: 402653184
[1.910s][debug  ][gc,ergo        ] GC(5) Old eden_size: 201326592 desired_eden_size: 201326592
[1.910s][debug  ][gc,ergo        ] GC(5) AdaptiveSizeStop: collection: 6 
[1.910s][info   ][gc,heap        ] GC(5) PSYoungGen: 221736K(229376K)->32536K(229376K) Eden: 189392K(196608K)->0K(196608K) From: 32344K(32768K)->32536K(32768K)
[1.910s][info   ][gc,heap        ] GC(5) ParOldGen: 880673K(1835008K)->921641K(1835008K)
[1.911s][info   ][gc,metaspace   ] GC(5) Metaspace: 1017K(1152K)->1017K(1152K) NonClass: 933K(960K)->933K(960K) Class: 83K(192K)->83K(192K)
[1.911s][info   ][gc             ] GC(5) Pause Young (Allocation Failure) 1076M->931M(2016M) 8.430ms
[1.911s][info   ][gc,cpu         ] GC(5) User=0.00s Sys=0.00s Real=0.01s
[1.911s][debug  ][gc,heap        ] GC(5) Heap after GC invocations=6 (full 0):
[1.911s][debug  ][gc,heap        ] GC(5)  PSYoungGen      total 229376K, used 32536K [0x00000000f0000000, 0x0000000100000000, 0x0000000100000000)
[1.911s][debug  ][gc,heap        ] GC(5)   eden space 196608K, 0% used [0x00000000f0000000,0x00000000f0000000,0x00000000fc000000)
[1.911s][debug  ][gc,heap        ] GC(5)   from space 32768K, 99% used [0x00000000fe000000,0x00000000fffc6040,0x0000000100000000)
[1.911s][debug  ][gc,heap        ] GC(5)   to   space 32768K, 0% used [0x00000000fc000000,0x00000000fc000000,0x00000000fe000000)
[1.911s][debug  ][gc,heap        ] GC(5)  ParOldGen       total 1835008K, used 921641K [0x0000000080000000, 0x00000000f0000000, 0x00000000f0000000)
[1.911s][debug  ][gc,heap        ] GC(5)   object space 1835008K, 50% used [0x0000000080000000,0x00000000b840a5a0,0x00000000f0000000)
[1.911s][debug  ][gc,heap        ] GC(5)  Metaspace       used 1017K, committed 1152K, reserved 1056768K
[1.911s][debug  ][gc,heap        ] GC(5)   class space    used 83K, committed 192K, reserved 1048576K
[1.911s][debug  ][gc,task,time   ] GC(5) VM-Thread 19017421 19086644 19107814
[2.202s][debug  ][gc,heap        ] GC(6) Heap before GC invocations=7 (full 0):
[2.202s][debug  ][gc,heap        ] GC(6)  PSYoungGen      total 229376K, used 220661K [0x00000000f0000000, 0x0000000100000000, 0x0000000100000000)
[2.202s][debug  ][gc,heap        ] GC(6)   eden space 196608K, 95% used [0x00000000f0000000,0x00000000fb7b77a0,0x00000000fc000000)
[2.202s][debug  ][gc,heap        ] GC(6)   from space 32768K, 99% used [0x00000000fe000000,0x00000000fffc6040,0x0000000100000000)
[2.202s][debug  ][gc,heap        ] GC(6)   to   space 32768K, 0% used [0x00000000fc000000,0x00000000fc000000,0x00000000fe000000)
[2.202s][debug  ][gc,heap        ] GC(6)  ParOldGen       total 1835008K, used 921641K [0x0000000080000000, 0x00000000f0000000, 0x00000000f0000000)
[2.202s][debug  ][gc,heap        ] GC(6)   object space 1835008K, 50% used [0x0000000080000000,0x00000000b840a5a0,0x00000000f0000000)
[2.202s][debug  ][gc,heap        ] GC(6)  Metaspace       used 1017K, committed 1152K, reserved 1056768K
[2.202s][debug  ][gc,heap        ] GC(6)   class space    used 83K, committed 192K, reserved 1048576K
[2.202s][debug  ][gc,tlab        ] GC(6) TLAB totals: thrds: 1  refills: 1 max: 1 slow allocs: 17 max 17 waste: 27.1% gc: 3896960B max: 3896960B slow: 0B max: 0B
[2.202s][info   ][gc,start       ] GC(6) Pause Young (Allocation Failure)
[2.202s][debug  ][gc,phases,start] GC(6) Scavenge
[2.220s][debug  ][gc,phases      ] GC(6) Scavenge 17.389ms
[2.220s][debug  ][gc,phases,start] GC(6) Reference Processing
[2.220s][debug  ][gc,ref         ] GC(6) Skipped phase 1 of Reference Processing: no references
[2.220s][debug  ][gc,ref         ] GC(6) Skipped phase 2 of Reference Processing: no references
[2.220s][debug  ][gc,ref         ] GC(6) Skipped phase 3 of Reference Processing: no references
[2.220s][debug  ][gc,ref         ] GC(6) Skipped phase 4 of Reference Processing: no references
[2.220s][debug  ][gc,phases,ref  ] GC(6) Reference Processing: 0.1ms
[2.220s][debug  ][gc,phases,ref  ] GC(6)   Reconsider SoftReferences: 0.0ms
[2.220s][debug  ][gc,phases,ref  ] GC(6)     SoftRef (ms):                  skipped
[2.220s][debug  ][gc,phases,ref  ] GC(6)   Notify Soft/WeakReferences: 0.0ms
[2.220s][debug  ][gc,phases,ref  ] GC(6)     SoftRef (ms):                  skipped
[2.220s][debug  ][gc,phases,ref  ] GC(6)     WeakRef (ms):                  skipped
[2.220s][debug  ][gc,phases,ref  ] GC(6)     FinalRef (ms):                 skipped
[2.220s][debug  ][gc,phases,ref  ] GC(6)     Total (ms):                    skipped
[2.220s][debug  ][gc,phases,ref  ] GC(6)   Notify and keep alive finalizable: 0.0ms
[2.220s][debug  ][gc,phases,ref  ] GC(6)     FinalRef (ms):                 skipped
[2.220s][debug  ][gc,phases,ref  ] GC(6)   Notify PhantomReferences: 0.0ms
[2.220s][debug  ][gc,phases,ref  ] GC(6)     PhantomRef (ms):               skipped
[2.220s][debug  ][gc,phases,ref  ] GC(6)   SoftReference:
[2.220s][debug  ][gc,phases,ref  ] GC(6)     Discovered: 0
[2.220s][debug  ][gc,phases,ref  ] GC(6)     Cleared: 0
[2.220s][debug  ][gc,phases,ref  ] GC(6)   WeakReference:
[2.220s][debug  ][gc,phases,ref  ] GC(6)     Discovered: 0
[2.220s][debug  ][gc,phases,ref  ] GC(6)     Cleared: 0
[2.220s][debug  ][gc,phases,ref  ] GC(6)   FinalReference:
[2.220s][debug  ][gc,phases,ref  ] GC(6)     Discovered: 0
[2.220s][debug  ][gc,phases,ref  ] GC(6)     Cleared: 0
[2.220s][debug  ][gc,phases,ref  ] GC(6)   PhantomReference:
[2.220s][debug  ][gc,phases,ref  ] GC(6)     Discovered: 0
[2.220s][debug  ][gc,phases,ref  ] GC(6)     Cleared: 0
[2.220s][debug  ][gc,phases      ] GC(6) Reference Processing 0.581ms
[2.221s][debug  ][gc,phases,start] GC(6) Weak Processing
[2.221s][debug  ][gc,phases      ] GC(6)   VM Weak                        Min:  0.0, Avg:  0.0, Max:  0.0, Diff:  0.0, Sum:  0.0, Workers: 6
[2.221s][debug  ][gc,phases      ] GC(6)     Dead                           Min: 0, Avg:  0.0, Max: 0, Diff: 0, Sum: 0, Workers: 6
[2.221s][debug  ][gc,phases      ] GC(6)     Total                          Min: 0, Avg:  1.3, Max: 8, Diff: 8, Sum: 8, Workers: 6
[2.221s][debug  ][gc,phases      ] GC(6)   ObjectSynchronizer Weak        Min:  0.0, Avg:  0.0, Max:  0.0, Diff:  0.0, Sum:  0.0, Workers: 6
[2.221s][debug  ][gc,phases      ] GC(6)     Dead                           Min: 0, Avg:  0.0, Max: 0, Diff: 0, Sum: 0, Workers: 6
[2.221s][debug  ][gc,phases      ] GC(6)     Total                          Min: 0, Avg:  0.5, Max: 3, Diff: 3, Sum: 3, Workers: 6
[2.221s][debug  ][gc,phases      ] GC(6)   JVMTI Tag Weak OopStorage      Min:  0.0, Avg:  0.0, Max:  0.0, Diff:  0.0, Sum:  0.0, Workers: 6
[2.221s][debug  ][gc,phases      ] GC(6)     Dead                           Min: 0, Avg:  0.0, Max: 0, Diff: 0, Sum: 0, Workers: 6
[2.221s][debug  ][gc,phases      ] GC(6)     Total                          Min: 0, Avg:  0.0, Max: 0, Diff: 0, Sum: 0, Workers: 6
[2.221s][debug  ][gc,phases      ] GC(6)   StringTable Weak               Min:  0.0, Avg:  0.0, Max:  0.0, Diff:  0.0, Sum:  0.2, Workers: 6
[2.221s][debug  ][gc,phases      ] GC(6)     Dead                           Min: 0, Avg:  0.0, Max: 0, Diff: 0, Sum: 0, Workers: 6
[2.221s][debug  ][gc,phases      ] GC(6)     Total                          Min: 448, Avg: 892.8, Max: 1471, Diff: 1023, Sum: 5357, Workers: 6
[2.221s][debug  ][gc,phases      ] GC(6)   ResolvedMethodTable Weak       Min:  0.0, Avg:  0.0, Max:  0.0, Diff:  0.0, Sum:  0.0, Workers: 6
[2.221s][debug  ][gc,phases      ] GC(6)     Dead                           Min: 0, Avg:  0.0, Max: 0, Diff: 0, Sum: 0, Workers: 6
[2.221s][debug  ][gc,phases      ] GC(6)     Total                          Min: 0, Avg: 21.7, Max: 64, Diff: 64, Sum: 130, Workers: 6
[2.221s][debug  ][gc,phases      ] GC(6)   JNI Weak                       Min:  0.0, Avg:  0.0, Max:  0.0, Diff:  0.0, Sum:  0.0, Workers: 6
[2.221s][debug  ][gc,phases      ] GC(6)     Dead                           Min: 0, Avg:  0.0, Max: 0, Diff: 0, Sum: 0, Workers: 6
[2.221s][debug  ][gc,phases      ] GC(6)     Total                          Min: 0, Avg:  0.0, Max: 0, Diff: 0, Sum: 0, Workers: 6
[2.221s][debug  ][gc,phases      ] GC(6)   StringDedup Table Weak         Min:  0.0, Avg:  0.0, Max:  0.0, Diff:  0.0, Sum:  0.0, Workers: 6
[2.221s][debug  ][gc,phases      ] GC(6)     Dead                           Min: 0, Avg:  0.0, Max: 0, Diff: 0, Sum: 0, Workers: 6
[2.221s][debug  ][gc,phases      ] GC(6)     Total                          Min: 0, Avg:  0.0, Max: 0, Diff: 0, Sum: 0, Workers: 6
[2.221s][debug  ][gc,phases      ] GC(6)   StringDedup Requests0 Weak     Min:  0.0, Avg:  0.0, Max:  0.0, Diff:  0.0, Sum:  0.0, Workers: 6
[2.221s][debug  ][gc,phases      ] GC(6)     Dead                           Min: 0, Avg:  0.0, Max: 0, Diff: 0, Sum: 0, Workers: 6
[2.221s][debug  ][gc,phases      ] GC(6)     Total                          Min: 0, Avg:  0.0, Max: 0, Diff: 0, Sum: 0, Workers: 6
[2.221s][debug  ][gc,phases      ] GC(6)   StringDedup Requests1 Weak     Min:  0.0, Avg:  0.0, Max:  0.0, Diff:  0.0, Sum:  0.0, Workers: 6
[2.221s][debug  ][gc,phases      ] GC(6)     Dead                           Min: 0, Avg:  0.0, Max: 0, Diff: 0, Sum: 0, Workers: 6
[2.221s][debug  ][gc,phases      ] GC(6)     Total                          Min: 0, Avg:  0.0, Max: 0, Diff: 0, Sum: 0, Workers: 6
[2.221s][debug  ][gc,phases      ] GC(6)   Weak JFR Old Object Samples    Min:  0.0, Avg:  0.0, Max:  0.0, Diff:  0.0, Sum:  0.0, Workers: 6
[2.221s][debug  ][gc,phases      ] GC(6)     Dead                           Min: 0, Avg:  0.0, Max: 0, Diff: 0, Sum: 0, Workers: 6
[2.221s][debug  ][gc,phases      ] GC(6)     Total                          Min: 0, Avg:  0.0, Max: 0, Diff: 0, Sum: 0, Workers: 6
[2.221s][debug  ][gc,phases      ] GC(6) Weak Processing 0.714ms
[2.221s][debug  ][gc,ergo        ] GC(6) AdaptiveSizeStart:  collection: 7 
[2.221s][debug  ][gc,ergo        ] GC(6) avg_survived_padded_avg: 33509022.000000
[2.221s][debug  ][gc,ergo        ] GC(6) avg_promoted_padded_avg: 245343904.000000  avg_pretenured_padded_avg: 0.000000  tenuring_thresh: 4  target_size: 33554432
[2.221s][debug  ][gc,age         ] GC(6) Desired survivor size 33554432 bytes, new threshold 4 (max threshold 15)
[2.221s][debug  ][gc,ergo        ] GC(6) PSAdaptiveSizePolicy::compute_eden_space_size limits: desired_eden_size: 402653184 old_eden_size: 201326592 eden_limit: 201326592 cur_eden: 201326592 max_eden_size: 201326592 avg_young_live: 32775788
[2.221s][debug  ][gc,ergo        ] GC(6) PSAdaptiveSizePolicy::compute_eden_space_size: costs minor_time: 0.053591 major_cost: 0.000000 mutator_cost: 0.946409 throughput_goal: 0.990000
[2.221s][debug  ][gc,ergo        ] GC(6) Live_space: 301211232 free_space: 402653184
[2.221s][debug  ][gc,ergo        ] GC(6) Old eden_size: 201326592 desired_eden_size: 201326592
[2.221s][debug  ][gc,ergo        ] GC(6) AdaptiveSizeStop: collection: 7 
[2.221s][info   ][gc,heap        ] GC(6) PSYoungGen: 220661K(229376K)->31584K(229376K) Eden: 188125K(196608K)->0K(196608K) From: 32536K(32768K)->31584K(32768K)
[2.221s][info   ][gc,heap        ] GC(6) ParOldGen: 921641K(1835008K)->1106895K(1835008K)
[2.221s][info   ][gc,metaspace   ] GC(6) Metaspace: 1017K(1152K)->1017K(1152K) NonClass: 933K(960K)->933K(960K) Class: 83K(192K)->83K(192K)
[2.222s][info   ][gc             ] GC(6) Pause Young (Allocation Failure) 1115M->1111M(2016M) 19.097ms
[2.222s][info   ][gc,cpu         ] GC(6) User=0.03s Sys=0.12s Real=0.02s
[2.222s][debug  ][gc,heap        ] GC(6) Heap after GC invocations=7 (full 0):
[2.222s][debug  ][gc,heap        ] GC(6)  PSYoungGen      total 229376K, used 31584K [0x00000000f0000000, 0x0000000100000000, 0x0000000100000000)
[2.222s][debug  ][gc,heap        ] GC(6)   eden space 196608K, 0% used [0x00000000f0000000,0x00000000f0000000,0x00000000fc000000)
[2.222s][debug  ][gc,heap        ] GC(6)   from space 32768K, 96% used [0x00000000fc000000,0x00000000fded8030,0x00000000fe000000)
[2.222s][debug  ][gc,heap        ] GC(6)   to   space 32768K, 0% used [0x00000000fe000000,0x00000000fe000000,0x0000000100000000)
[2.222s][debug  ][gc,heap        ] GC(6)  ParOldGen       total 1835008K, used 1106895K [0x0000000080000000, 0x00000000f0000000, 0x00000000f0000000)
[2.222s][debug  ][gc,heap        ] GC(6)   object space 1835008K, 60% used [0x0000000080000000,0x00000000c38f3f30,0x00000000f0000000)
[2.222s][debug  ][gc,heap        ] GC(6)  Metaspace       used 1017K, committed 1152K, reserved 1056768K
[2.222s][debug  ][gc,heap        ] GC(6)   class space    used 83K, committed 192K, reserved 1048576K
[2.222s][debug  ][gc,task,time   ] GC(6) VM-Thread 22020010 22199090 22217576
[2.503s][debug  ][gc,heap        ] GC(7) Heap before GC invocations=8 (full 0):
[2.503s][debug  ][gc,heap        ] GC(7)  PSYoungGen      total 229376K, used 219728K [0x00000000f0000000, 0x0000000100000000, 0x0000000100000000)
[2.503s][debug  ][gc,heap        ] GC(7)   eden space 196608K, 95% used [0x00000000f0000000,0x00000000fb7bc308,0x00000000fc000000)
[2.504s][debug  ][gc,heap        ] GC(7)   from space 32768K, 96% used [0x00000000fc000000,0x00000000fded8030,0x00000000fe000000)
[2.504s][debug  ][gc,heap        ] GC(7)   to   space 32768K, 0% used [0x00000000fe000000,0x00000000fe000000,0x0000000100000000)
[2.504s][debug  ][gc,heap        ] GC(7)  ParOldGen       total 1835008K, used 1106895K [0x0000000080000000, 0x00000000f0000000, 0x00000000f0000000)
[2.504s][debug  ][gc,heap        ] GC(7)   object space 1835008K, 60% used [0x0000000080000000,0x00000000c38f3f30,0x00000000f0000000)
[2.504s][debug  ][gc,heap        ] GC(7)  Metaspace       used 1017K, committed 1152K, reserved 1056768K
[2.504s][debug  ][gc,heap        ] GC(7)   class space    used 83K, committed 192K, reserved 1048576K
[2.504s][debug  ][gc,tlab        ] GC(7) TLAB totals: thrds: 1  refills: 1 max: 1 slow allocs: 17 max 17 waste: 27.2% gc: 3916264B max: 3916264B slow: 0B max: 0B
[2.504s][info   ][gc,start       ] GC(7) Pause Young (Allocation Failure)
[2.504s][debug  ][gc,phases,start] GC(7) Scavenge
[2.523s][debug  ][gc,phases      ] GC(7) Scavenge 18.977ms
[2.523s][debug  ][gc,phases,start] GC(7) Reference Processing
[2.523s][debug  ][gc,ref         ] GC(7) Skipped phase 1 of Reference Processing: no references
[2.523s][debug  ][gc,ref         ] GC(7) ReferenceProcessor::execute queues: 1, RefProcThreadModel::Single, marks_oops_alive: false
[2.523s][debug  ][gc,ref         ] GC(7) Skipped phase 3 of Reference Processing: no references
[2.523s][debug  ][gc,ref         ] GC(7) Skipped phase 4 of Reference Processing: no references
[2.523s][debug  ][gc,phases,ref  ] GC(7) Reference Processing: 0.1ms
[2.523s][debug  ][gc,phases,ref  ] GC(7)   Reconsider SoftReferences: 0.0ms
[2.523s][debug  ][gc,phases,ref  ] GC(7)     SoftRef (ms):                  skipped
[2.523s][debug  ][gc,phases,ref  ] GC(7)   Notify Soft/WeakReferences: 0.0ms
[2.523s][debug  ][gc,phases,ref  ] GC(7)     SoftRef (ms):                  Min:  0.0, Avg:  0.0, Max:  0.0, Diff:  0.0, Sum:  0.0, Workers: 10
[2.523s][debug  ][gc,phases,ref  ] GC(7)     WeakRef (ms):                  Min:  0.0, Avg:  0.0, Max:  0.0, Diff:  0.0, Sum:  0.0, Workers: 10
[2.523s][debug  ][gc,phases,ref  ] GC(7)     FinalRef (ms):                 Min:  0.0, Avg:  0.0, Max:  0.0, Diff:  0.0, Sum:  0.0, Workers: 10
[2.523s][debug  ][gc,phases,ref  ] GC(7)     Total (ms):                    Min:  0.0, Avg:  0.0, Max:  0.0, Diff:  0.0, Sum:  0.0, Workers: 10
[2.523s][debug  ][gc,phases,ref  ] GC(7)   Notify and keep alive finalizable: 0.0ms
[2.523s][debug  ][gc,phases,ref  ] GC(7)     FinalRef (ms):                 skipped
[2.523s][debug  ][gc,phases,ref  ] GC(7)   Notify PhantomReferences: 0.0ms
[2.523s][debug  ][gc,phases,ref  ] GC(7)     PhantomRef (ms):               skipped
[2.523s][debug  ][gc,phases,ref  ] GC(7)   SoftReference:
[2.523s][debug  ][gc,phases,ref  ] GC(7)     Discovered: 0
[2.523s][debug  ][gc,phases,ref  ] GC(7)     Cleared: 0
[2.523s][debug  ][gc,phases,ref  ] GC(7)   WeakReference:
[2.523s][debug  ][gc,phases,ref  ] GC(7)     Discovered: 43
[2.523s][debug  ][gc,phases,ref  ] GC(7)     Cleared: 43
[2.523s][debug  ][gc,phases,ref  ] GC(7)   FinalReference:
[2.523s][debug  ][gc,phases,ref  ] GC(7)     Discovered: 0
[2.523s][debug  ][gc,phases,ref  ] GC(7)     Cleared: 0
[2.523s][debug  ][gc,phases,ref  ] GC(7)   PhantomReference:
[2.523s][debug  ][gc,phases,ref  ] GC(7)     Discovered: 0
[2.524s][debug  ][gc,phases,ref  ] GC(7)     Cleared: 0
[2.524s][debug  ][gc,phases      ] GC(7) Reference Processing 0.609ms
[2.524s][debug  ][gc,phases,start] GC(7) Weak Processing
[2.524s][debug  ][gc,phases      ] GC(7)   VM Weak                        Min:  0.0, Avg:  0.0, Max:  0.0, Diff:  0.0, Sum:  0.0, Workers: 6
[2.524s][debug  ][gc,phases      ] GC(7)     Dead                           Min: 0, Avg:  0.0, Max: 0, Diff: 0, Sum: 0, Workers: 6
[2.524s][debug  ][gc,phases      ] GC(7)     Total                          Min: 0, Avg:  1.3, Max: 8, Diff: 8, Sum: 8, Workers: 6
[2.524s][debug  ][gc,phases      ] GC(7)   ObjectSynchronizer Weak        Min:  0.0, Avg:  0.0, Max:  0.0, Diff:  0.0, Sum:  0.0, Workers: 6
[2.524s][debug  ][gc,phases      ] GC(7)     Dead                           Min: 0, Avg:  0.0, Max: 0, Diff: 0, Sum: 0, Workers: 6
[2.524s][debug  ][gc,phases      ] GC(7)     Total                          Min: 0, Avg:  0.5, Max: 3, Diff: 3, Sum: 3, Workers: 6
[2.524s][debug  ][gc,phases      ] GC(7)   JVMTI Tag Weak OopStorage      Min:  0.0, Avg:  0.0, Max:  0.0, Diff:  0.0, Sum:  0.0, Workers: 6
[2.524s][debug  ][gc,phases      ] GC(7)     Dead                           Min: 0, Avg:  0.0, Max: 0, Diff: 0, Sum: 0, Workers: 6
[2.524s][debug  ][gc,phases      ] GC(7)     Total                          Min: 0, Avg:  0.0, Max: 0, Diff: 0, Sum: 0, Workers: 6
[2.524s][debug  ][gc,phases      ] GC(7)   StringTable Weak               Min:  0.0, Avg:  0.0, Max:  0.0, Diff:  0.0, Sum:  0.1, Workers: 6
[2.524s][debug  ][gc,phases      ] GC(7)     Dead                           Min: 0, Avg:  0.0, Max: 0, Diff: 0, Sum: 0, Workers: 6
[2.524s][debug  ][gc,phases      ] GC(7)     Total                          Min: 768, Avg: 892.8, Max: 1152, Diff: 384, Sum: 5357, Workers: 6
[2.524s][debug  ][gc,phases      ] GC(7)   ResolvedMethodTable Weak       Min:  0.0, Avg:  0.0, Max:  0.0, Diff:  0.0, Sum:  0.0, Workers: 6
[2.524s][debug  ][gc,phases      ] GC(7)     Dead                           Min: 0, Avg:  0.0, Max: 0, Diff: 0, Sum: 0, Workers: 6
[2.524s][debug  ][gc,phases      ] GC(7)     Total                          Min: 0, Avg: 21.7, Max: 66, Diff: 66, Sum: 130, Workers: 6
[2.524s][debug  ][gc,phases      ] GC(7)   JNI Weak                       Min:  0.0, Avg:  0.0, Max:  0.0, Diff:  0.0, Sum:  0.0, Workers: 6
[2.524s][debug  ][gc,phases      ] GC(7)     Dead                           Min: 0, Avg:  0.0, Max: 0, Diff: 0, Sum: 0, Workers: 6
[2.524s][debug  ][gc,phases      ] GC(7)     Total                          Min: 0, Avg:  0.0, Max: 0, Diff: 0, Sum: 0, Workers: 6
[2.524s][debug  ][gc,phases      ] GC(7)   StringDedup Table Weak         Min:  0.0, Avg:  0.0, Max:  0.0, Diff:  0.0, Sum:  0.0, Workers: 6
[2.524s][debug  ][gc,phases      ] GC(7)     Dead                           Min: 0, Avg:  0.0, Max: 0, Diff: 0, Sum: 0, Workers: 6
[2.524s][debug  ][gc,phases      ] GC(7)     Total                          Min: 0, Avg:  0.0, Max: 0, Diff: 0, Sum: 0, Workers: 6
[2.524s][debug  ][gc,phases      ] GC(7)   StringDedup Requests0 Weak     Min:  0.0, Avg:  0.0, Max:  0.0, Diff:  0.0, Sum:  0.0, Workers: 6
[2.524s][debug  ][gc,phases      ] GC(7)     Dead                           Min: 0, Avg:  0.0, Max: 0, Diff: 0, Sum: 0, Workers: 6
[2.524s][debug  ][gc,phases      ] GC(7)     Total                          Min: 0, Avg:  0.0, Max: 0, Diff: 0, Sum: 0, Workers: 6
[2.524s][debug  ][gc,phases      ] GC(7)   StringDedup Requests1 Weak     Min:  0.0, Avg:  0.0, Max:  0.0, Diff:  0.0, Sum:  0.0, Workers: 6
[2.524s][debug  ][gc,phases      ] GC(7)     Dead                           Min: 0, Avg:  0.0, Max: 0, Diff: 0, Sum: 0, Workers: 6
[2.524s][debug  ][gc,phases      ] GC(7)     Total                          Min: 0, Avg:  0.0, Max: 0, Diff: 0, Sum: 0, Workers: 6
[2.524s][debug  ][gc,phases      ] GC(7)   Weak JFR Old Object Samples    Min:  0.0, Avg:  0.0, Max:  0.0, Diff:  0.0, Sum:  0.0, Workers: 6
[2.524s][debug  ][gc,phases      ] GC(7)     Dead                           Min: 0, Avg:  0.0, Max: 0, Diff: 0, Sum: 0, Workers: 6
[2.524s][debug  ][gc,phases      ] GC(7)     Total                          Min: 0, Avg:  0.0, Max: 0, Diff: 0, Sum: 0, Workers: 6
[2.524s][debug  ][gc,phases      ] GC(7) Weak Processing 0.839ms
[2.524s][debug  ][gc,ergo        ] GC(7) AdaptiveSizeStart:  collection: 8 
[2.524s][debug  ][gc,ergo        ] GC(7) avg_survived_padded_avg: 33583776.000000
[2.524s][debug  ][gc,ergo        ] GC(7) avg_promoted_padded_avg: 247081888.000000  avg_pretenured_padded_avg: 0.000000  tenuring_thresh: 3  target_size: 34078720
[2.524s][debug  ][gc,age         ] GC(7) Desired survivor size 34078720 bytes, new threshold 3 (max threshold 15)
[2.525s][debug  ][gc,ergo        ] GC(7) PSAdaptiveSizePolicy::compute_eden_space_size limits: desired_eden_size: 402653184 old_eden_size: 201326592 eden_limit: 201326592 cur_eden: 201326592 max_eden_size: 201326592 avg_young_live: 32676556
[2.525s][debug  ][gc,ergo        ] GC(7) PSAdaptiveSizePolicy::compute_eden_space_size: costs minor_time: 0.057124 major_cost: 0.000000 mutator_cost: 0.942876 throughput_goal: 0.990000
[2.525s][debug  ][gc,ergo        ] GC(7) Live_space: 301112000 free_space: 402653184
[2.525s][debug  ][gc,ergo        ] GC(7) Old eden_size: 201326592 desired_eden_size: 201326592
[2.525s][debug  ][gc,ergo        ] GC(7) AdaptiveSizeStop: collection: 8 
[2.525s][info   ][gc,heap        ] GC(7) PSYoungGen: 219728K(229376K)->31200K(228352K) Eden: 188144K(196608K)->0K(195584K) From: 31584K(32768K)->31200K(32768K)
[2.525s][info   ][gc,heap        ] GC(7) ParOldGen: 1106895K(1835008K)->1291765K(1835008K)
[2.525s][info   ][gc,metaspace   ] GC(7) Metaspace: 1017K(1152K)->1017K(1152K) NonClass: 933K(960K)->933K(960K) Class: 83K(192K)->83K(192K)
[2.525s][info   ][gc             ] GC(7) Pause Young (Allocation Failure) 1295M->1291M(2015M) 20.871ms
[2.525s][info   ][gc,cpu         ] GC(7) User=0.02s Sys=0.14s Real=0.02s
[2.525s][debug  ][gc,heap        ] GC(7) Heap after GC invocations=8 (full 0):
[2.525s][debug  ][gc,heap        ] GC(7)  PSYoungGen      total 228352K, used 31200K [0x00000000f0000000, 0x0000000100000000, 0x0000000100000000)
[2.525s][debug  ][gc,heap        ] GC(7)   eden space 195584K, 0% used [0x00000000f0000000,0x00000000f0000000,0x00000000fbf00000)
[2.525s][debug  ][gc,heap        ] GC(7)   from space 32768K, 95% used [0x00000000fe000000,0x00000000ffe78030,0x0000000100000000)
[2.525s][debug  ][gc,heap        ] GC(7)   to   space 33280K, 0% used [0x00000000fbf00000,0x00000000fbf00000,0x00000000fdf80000)
[2.525s][debug  ][gc,heap        ] GC(7)  ParOldGen       total 1835008K, used 1291765K [0x0000000080000000, 0x00000000f0000000, 0x00000000f0000000)
[2.525s][debug  ][gc,heap        ] GC(7)   object space 1835008K, 70% used [0x0000000080000000,0x00000000ced7d468,0x00000000f0000000)
[2.525s][debug  ][gc,heap        ] GC(7)  Metaspace       used 1017K, committed 1152K, reserved 1056768K
[2.525s][debug  ][gc,heap        ] GC(7)   class space    used 83K, committed 192K, reserved 1048576K
[2.525s][debug  ][gc,task,time   ] GC(7) VM-Thread 25033020 25229170 25249229
[2.805s][debug  ][gc,heap        ] GC(8) Heap before GC invocations=9 (full 0):
[2.805s][debug  ][gc,heap        ] GC(8)  PSYoungGen      total 228352K, used 219334K [0x00000000f0000000, 0x0000000100000000, 0x0000000100000000)
[2.805s][debug  ][gc,heap        ] GC(8)   eden space 195584K, 96% used [0x00000000f0000000,0x00000000fb7b9a00,0x00000000fbf00000)
[2.805s][debug  ][gc,heap        ] GC(8)   from space 32768K, 95% used [0x00000000fe000000,0x00000000ffe78030,0x0000000100000000)
[2.805s][debug  ][gc,heap        ] GC(8)   to   space 33280K, 0% used [0x00000000fbf00000,0x00000000fbf00000,0x00000000fdf80000)
[2.805s][debug  ][gc,heap        ] GC(8)  ParOldGen       total 1835008K, used 1291765K [0x0000000080000000, 0x00000000f0000000, 0x00000000f0000000)
[2.805s][debug  ][gc,heap        ] GC(8)   object space 1835008K, 70% used [0x0000000080000000,0x00000000ced7d468,0x00000000f0000000)
[2.805s][debug  ][gc,heap        ] GC(8)  Metaspace       used 1017K, committed 1152K, reserved 1056768K
[2.805s][debug  ][gc,heap        ] GC(8)   class space    used 83K, committed 192K, reserved 1048576K
[2.805s][debug  ][gc,tlab        ] GC(8) TLAB totals: thrds: 1  refills: 1 max: 1 slow allocs: 17 max 17 waste: 27.1% gc: 3905760B max: 3905760B slow: 0B max: 0B
[2.805s][info   ][gc,start       ] GC(8) Pause Young (Allocation Failure)
[2.806s][debug  ][gc,phases,start] GC(8) Scavenge
[2.825s][debug  ][gc,phases      ] GC(8) Scavenge 19.000ms
[2.825s][debug  ][gc,phases,start] GC(8) Reference Processing
[2.825s][debug  ][gc,ref         ] GC(8) Skipped phase 1 of Reference Processing: no references
[2.825s][debug  ][gc,ref         ] GC(8) Skipped phase 2 of Reference Processing: no references
[2.825s][debug  ][gc,ref         ] GC(8) Skipped phase 3 of Reference Processing: no references
[2.825s][debug  ][gc,ref         ] GC(8) Skipped phase 4 of Reference Processing: no references
[2.825s][debug  ][gc,phases,ref  ] GC(8) Reference Processing: 0.1ms
[2.825s][debug  ][gc,phases,ref  ] GC(8)   Reconsider SoftReferences: 0.0ms
[2.825s][debug  ][gc,phases,ref  ] GC(8)     SoftRef (ms):                  skipped
[2.825s][debug  ][gc,phases,ref  ] GC(8)   Notify Soft/WeakReferences: 0.0ms
[2.825s][debug  ][gc,phases,ref  ] GC(8)     SoftRef (ms):                  skipped
[2.825s][debug  ][gc,phases,ref  ] GC(8)     WeakRef (ms):                  skipped
[2.825s][debug  ][gc,phases,ref  ] GC(8)     FinalRef (ms):                 skipped
[2.825s][debug  ][gc,phases,ref  ] GC(8)     Total (ms):                    skipped
[2.825s][debug  ][gc,phases,ref  ] GC(8)   Notify and keep alive finalizable: 0.0ms
[2.825s][debug  ][gc,phases,ref  ] GC(8)     FinalRef (ms):                 skipped
[2.825s][debug  ][gc,phases,ref  ] GC(8)   Notify PhantomReferences: 0.0ms
[2.825s][debug  ][gc,phases,ref  ] GC(8)     PhantomRef (ms):               skipped
[2.825s][debug  ][gc,phases,ref  ] GC(8)   SoftReference:
[2.825s][debug  ][gc,phases,ref  ] GC(8)     Discovered: 0
[2.825s][debug  ][gc,phases,ref  ] GC(8)     Cleared: 0
[2.825s][debug  ][gc,phases,ref  ] GC(8)   WeakReference:
[2.825s][debug  ][gc,phases,ref  ] GC(8)     Discovered: 0
[2.825s][debug  ][gc,phases,ref  ] GC(8)     Cleared: 0
[2.825s][debug  ][gc,phases,ref  ] GC(8)   FinalReference:
[2.825s][debug  ][gc,phases,ref  ] GC(8)     Discovered: 0
[2.825s][debug  ][gc,phases,ref  ] GC(8)     Cleared: 0
[2.825s][debug  ][gc,phases,ref  ] GC(8)   PhantomReference:
[2.825s][debug  ][gc,phases,ref  ] GC(8)     Discovered: 0
[2.825s][debug  ][gc,phases,ref  ] GC(8)     Cleared: 0
[2.825s][debug  ][gc,phases      ] GC(8) Reference Processing 0.565ms
[2.825s][debug  ][gc,phases,start] GC(8) Weak Processing
[2.825s][debug  ][gc,phases      ] GC(8)   VM Weak                        Min:  0.0, Avg:  0.0, Max:  0.0, Diff:  0.0, Sum:  0.0, Workers: 6
[2.825s][debug  ][gc,phases      ] GC(8)     Dead                           Min: 0, Avg:  0.0, Max: 0, Diff: 0, Sum: 0, Workers: 6
[2.825s][debug  ][gc,phases      ] GC(8)     Total                          Min: 0, Avg:  1.3, Max: 8, Diff: 8, Sum: 8, Workers: 6
[2.825s][debug  ][gc,phases      ] GC(8)   ObjectSynchronizer Weak        Min:  0.0, Avg:  0.0, Max:  0.0, Diff:  0.0, Sum:  0.0, Workers: 6
[2.825s][debug  ][gc,phases      ] GC(8)     Dead                           Min: 0, Avg:  0.0, Max: 0, Diff: 0, Sum: 0, Workers: 6
[2.825s][debug  ][gc,phases      ] GC(8)     Total                          Min: 0, Avg:  0.5, Max: 3, Diff: 3, Sum: 3, Workers: 6
[2.825s][debug  ][gc,phases      ] GC(8)   JVMTI Tag Weak OopStorage      Min:  0.0, Avg:  0.0, Max:  0.0, Diff:  0.0, Sum:  0.0, Workers: 6
[2.825s][debug  ][gc,phases      ] GC(8)     Dead                           Min: 0, Avg:  0.0, Max: 0, Diff: 0, Sum: 0, Workers: 6
[2.825s][debug  ][gc,phases      ] GC(8)     Total                          Min: 0, Avg:  0.0, Max: 0, Diff: 0, Sum: 0, Workers: 6
[2.825s][debug  ][gc,phases      ] GC(8)   StringTable Weak               Min:  0.0, Avg:  0.0, Max:  0.0, Diff:  0.0, Sum:  0.0, Workers: 6
[2.825s][debug  ][gc,phases      ] GC(8)     Dead                           Min: 0, Avg:  0.0, Max: 0, Diff: 0, Sum: 0, Workers: 6
[2.825s][debug  ][gc,phases      ] GC(8)     Total                          Min: 768, Avg: 892.8, Max: 960, Diff: 192, Sum: 5357, Workers: 6
[2.825s][debug  ][gc,phases      ] GC(8)   ResolvedMethodTable Weak       Min:  0.0, Avg:  0.0, Max:  0.0, Diff:  0.0, Sum:  0.0, Workers: 6
[2.826s][debug  ][gc,phases      ] GC(8)     Dead                           Min: 0, Avg:  0.0, Max: 0, Diff: 0, Sum: 0, Workers: 6
[2.826s][debug  ][gc,phases      ] GC(8)     Total                          Min: 0, Avg: 21.7, Max: 128, Diff: 128, Sum: 130, Workers: 6
[2.826s][debug  ][gc,phases      ] GC(8)   JNI Weak                       Min:  0.0, Avg:  0.0, Max:  0.0, Diff:  0.0, Sum:  0.0, Workers: 6
[2.826s][debug  ][gc,phases      ] GC(8)     Dead                           Min: 0, Avg:  0.0, Max: 0, Diff: 0, Sum: 0, Workers: 6
[2.826s][debug  ][gc,phases      ] GC(8)     Total                          Min: 0, Avg:  0.0, Max: 0, Diff: 0, Sum: 0, Workers: 6
[2.826s][debug  ][gc,phases      ] GC(8)   StringDedup Table Weak         Min:  0.0, Avg:  0.0, Max:  0.0, Diff:  0.0, Sum:  0.0, Workers: 6
[2.826s][debug  ][gc,phases      ] GC(8)     Dead                           Min: 0, Avg:  0.0, Max: 0, Diff: 0, Sum: 0, Workers: 6
[2.826s][debug  ][gc,phases      ] GC(8)     Total                          Min: 0, Avg:  0.0, Max: 0, Diff: 0, Sum: 0, Workers: 6
[2.826s][debug  ][gc,phases      ] GC(8)   StringDedup Requests0 Weak     Min:  0.0, Avg:  0.0, Max:  0.0, Diff:  0.0, Sum:  0.0, Workers: 6
[2.826s][debug  ][gc,phases      ] GC(8)     Dead                           Min: 0, Avg:  0.0, Max: 0, Diff: 0, Sum: 0, Workers: 6
[2.826s][debug  ][gc,phases      ] GC(8)     Total                          Min: 0, Avg:  0.0, Max: 0, Diff: 0, Sum: 0, Workers: 6
[2.826s][debug  ][gc,phases      ] GC(8)   StringDedup Requests1 Weak     Min:  0.0, Avg:  0.0, Max:  0.0, Diff:  0.0, Sum:  0.0, Workers: 6
[2.826s][debug  ][gc,phases      ] GC(8)     Dead                           Min: 0, Avg:  0.0, Max: 0, Diff: 0, Sum: 0, Workers: 6
[2.826s][debug  ][gc,phases      ] GC(8)     Total                          Min: 0, Avg:  0.0, Max: 0, Diff: 0, Sum: 0, Workers: 6
[2.826s][debug  ][gc,phases      ] GC(8)   Weak JFR Old Object Samples    Min:  0.0, Avg:  0.0, Max:  0.0, Diff:  0.0, Sum:  0.0, Workers: 6
[2.826s][debug  ][gc,phases      ] GC(8)     Dead                           Min: 0, Avg:  0.0, Max: 0, Diff: 0, Sum: 0, Workers: 6
[2.826s][debug  ][gc,phases      ] GC(8)     Total                          Min: 0, Avg:  0.0, Max: 0, Diff: 0, Sum: 0, Workers: 6
[2.826s][debug  ][gc,phases      ] GC(8) Weak Processing 0.672ms
[2.826s][debug  ][gc,ergo        ] GC(8) AdaptiveSizeStart:  collection: 9 
[2.826s][debug  ][gc,ergo        ] GC(8) avg_survived_padded_avg: 33707956.000000
[2.826s][debug  ][gc,ergo        ] GC(8) avg_promoted_padded_avg: 247528832.000000  avg_pretenured_padded_avg: 0.000000  tenuring_thresh: 2  target_size: 34078720
[2.826s][debug  ][gc,age         ] GC(8) Desired survivor size 34078720 bytes, new threshold 2 (max threshold 15)
[2.826s][debug  ][gc,ergo        ] GC(8) PSAdaptiveSizePolicy::compute_eden_space_size limits: desired_eden_size: 320864256 old_eden_size: 201326592 eden_limit: 200802304 cur_eden: 200278016 max_eden_size: 200802304 avg_young_live: 32542442
[2.826s][debug  ][gc,ergo        ] GC(8) PSAdaptiveSizePolicy::compute_eden_space_size: costs minor_time: 0.059721 major_cost: 0.000000 mutator_cost: 0.940279 throughput_goal: 0.990000
[2.826s][debug  ][gc,ergo        ] GC(8) Live_space: 300977888 free_space: 402653184
[2.826s][debug  ][gc,ergo        ] GC(8) Old eden_size: 201326592 desired_eden_size: 200802304
[2.826s][debug  ][gc,ergo        ] GC(8) AdaptiveSizeStop: collection: 9 
[2.826s][info   ][gc,heap        ] GC(8) PSYoungGen: 219334K(228352K)->30720K(228864K) Eden: 188134K(195584K)->0K(195584K) From: 31200K(32768K)->30720K(33280K)
[2.826s][info   ][gc,heap        ] GC(8) ParOldGen: 1291765K(1835008K)->1476388K(1835008K)
[2.826s][info   ][gc,metaspace   ] GC(8) Metaspace: 1017K(1152K)->1017K(1152K) NonClass: 933K(960K)->933K(960K) Class: 83K(192K)->83K(192K)
[2.826s][info   ][gc             ] GC(8) Pause Young (Allocation Failure) 1475M->1471M(2015M) 20.668ms
[2.826s][info   ][gc,cpu         ] GC(8) User=0.12s Sys=0.14s Real=0.02s
[2.826s][debug  ][gc,heap        ] GC(8) Heap after GC invocations=9 (full 0):
[2.826s][debug  ][gc,heap        ] GC(8)  PSYoungGen      total 228864K, used 30720K [0x00000000f0000000, 0x0000000100000000, 0x0000000100000000)
[2.826s][debug  ][gc,heap        ] GC(8)   eden space 195584K, 0% used [0x00000000f0000000,0x00000000f0000000,0x00000000fbf00000)
[2.826s][debug  ][gc,heap        ] GC(8)   from space 33280K, 92% used [0x00000000fbf00000,0x00000000fdd00030,0x00000000fdf80000)
[2.826s][debug  ][gc,heap        ] GC(8)   to   space 33280K, 0% used [0x00000000fdf80000,0x00000000fdf80000,0x0000000100000000)
[2.826s][debug  ][gc,heap        ] GC(8)  ParOldGen       total 1835008K, used 1476388K [0x0000000080000000, 0x00000000f0000000, 0x00000000f0000000)
[2.826s][debug  ][gc,heap        ] GC(8)   object space 1835008K, 80% used [0x0000000080000000,0x00000000da1c9158,0x00000000f0000000)
[2.826s][debug  ][gc,heap        ] GC(8)  Metaspace       used 1017K, committed 1152K, reserved 1056768K
[2.826s][debug  ][gc,heap        ] GC(8)   class space    used 83K, committed 192K, reserved 1048576K
[2.826s][debug  ][gc,task,time   ] GC(8) VM-Thread 28050354 28245889 28263703
[3.106s][debug  ][gc,heap        ] GC(9) Heap before GC invocations=10 (full 0):
[3.106s][debug  ][gc,heap        ] GC(9)  PSYoungGen      total 228864K, used 218860K [0x00000000f0000000, 0x0000000100000000, 0x0000000100000000)
[3.106s][debug  ][gc,heap        ] GC(9)   eden space 195584K, 96% used [0x00000000f0000000,0x00000000fb7bb368,0x00000000fbf00000)
[3.106s][debug  ][gc,heap        ] GC(9)   from space 33280K, 92% used [0x00000000fbf00000,0x00000000fdd00030,0x00000000fdf80000)
[3.106s][debug  ][gc,heap        ] GC(9)   to   space 33280K, 0% used [0x00000000fdf80000,0x00000000fdf80000,0x0000000100000000)
[3.106s][debug  ][gc,heap        ] GC(9)  ParOldGen       total 1835008K, used 1476388K [0x0000000080000000, 0x00000000f0000000, 0x00000000f0000000)
[3.106s][debug  ][gc,heap        ] GC(9)   object space 1835008K, 80% used [0x0000000080000000,0x00000000da1c9158,0x00000000f0000000)
[3.106s][debug  ][gc,heap        ] GC(9)  Metaspace       used 1017K, committed 1152K, reserved 1056768K
[3.106s][debug  ][gc,heap        ] GC(9)   class space    used 83K, committed 192K, reserved 1048576K
[3.106s][debug  ][gc,tlab        ] GC(9) TLAB totals: thrds: 1  refills: 1 max: 1 slow allocs: 17 max 17 waste: 27.2% gc: 3912264B max: 3912264B slow: 0B max: 0B
[3.106s][info   ][gc,start       ] GC(9) Pause Young (Allocation Failure)
[3.106s][debug  ][gc,phases,start] GC(9) Scavenge
[3.125s][debug  ][gc,phases      ] GC(9) Scavenge 19.052ms
[3.125s][debug  ][gc,phases,start] GC(9) Reference Processing
[3.125s][debug  ][gc,ref         ] GC(9) Skipped phase 1 of Reference Processing: no references
[3.125s][debug  ][gc,ref         ] GC(9) Skipped phase 2 of Reference Processing: no references
[3.125s][debug  ][gc,ref         ] GC(9) Skipped phase 3 of Reference Processing: no references
[3.125s][debug  ][gc,ref         ] GC(9) Skipped phase 4 of Reference Processing: no references
[3.126s][debug  ][gc,phases,ref  ] GC(9) Reference Processing: 0.1ms
[3.126s][debug  ][gc,phases,ref  ] GC(9)   Reconsider SoftReferences: 0.0ms
[3.126s][debug  ][gc,phases,ref  ] GC(9)     SoftRef (ms):                  skipped
[3.126s][debug  ][gc,phases,ref  ] GC(9)   Notify Soft/WeakReferences: 0.0ms
[3.126s][debug  ][gc,phases,ref  ] GC(9)     SoftRef (ms):                  skipped
[3.126s][debug  ][gc,phases,ref  ] GC(9)     WeakRef (ms):                  skipped
[3.126s][debug  ][gc,phases,ref  ] GC(9)     FinalRef (ms):                 skipped
[3.126s][debug  ][gc,phases,ref  ] GC(9)     Total (ms):                    skipped
[3.126s][debug  ][gc,phases,ref  ] GC(9)   Notify and keep alive finalizable: 0.0ms
[3.126s][debug  ][gc,phases,ref  ] GC(9)     FinalRef (ms):                 skipped
[3.126s][debug  ][gc,phases,ref  ] GC(9)   Notify PhantomReferences: 0.0ms
[3.126s][debug  ][gc,phases,ref  ] GC(9)     PhantomRef (ms):               skipped
[3.126s][debug  ][gc,phases,ref  ] GC(9)   SoftReference:
[3.126s][debug  ][gc,phases,ref  ] GC(9)     Discovered: 0
[3.126s][debug  ][gc,phases,ref  ] GC(9)     Cleared: 0
[3.126s][debug  ][gc,phases,ref  ] GC(9)   WeakReference:
[3.126s][debug  ][gc,phases,ref  ] GC(9)     Discovered: 0
[3.126s][debug  ][gc,phases,ref  ] GC(9)     Cleared: 0
[3.126s][debug  ][gc,phases,ref  ] GC(9)   FinalReference:
[3.126s][debug  ][gc,phases,ref  ] GC(9)     Discovered: 0
[3.126s][debug  ][gc,phases,ref  ] GC(9)     Cleared: 0
[3.126s][debug  ][gc,phases,ref  ] GC(9)   PhantomReference:
[3.126s][debug  ][gc,phases,ref  ] GC(9)     Discovered: 0
[3.126s][debug  ][gc,phases,ref  ] GC(9)     Cleared: 0
[3.126s][debug  ][gc,phases      ] GC(9) Reference Processing 0.700ms
[3.126s][debug  ][gc,phases,start] GC(9) Weak Processing
[3.126s][debug  ][gc,phases      ] GC(9)   VM Weak                        Min:  0.0, Avg:  0.0, Max:  0.0, Diff:  0.0, Sum:  0.0, Workers: 6
[3.126s][debug  ][gc,phases      ] GC(9)     Dead                           Min: 0, Avg:  0.0, Max: 0, Diff: 0, Sum: 0, Workers: 6
[3.126s][debug  ][gc,phases      ] GC(9)     Total                          Min: 0, Avg:  1.3, Max: 8, Diff: 8, Sum: 8, Workers: 6
[3.126s][debug  ][gc,phases      ] GC(9)   ObjectSynchronizer Weak        Min:  0.0, Avg:  0.0, Max:  0.0, Diff:  0.0, Sum:  0.0, Workers: 6
[3.126s][debug  ][gc,phases      ] GC(9)     Dead                           Min: 0, Avg:  0.0, Max: 0, Diff: 0, Sum: 0, Workers: 6
[3.126s][debug  ][gc,phases      ] GC(9)     Total                          Min: 0, Avg:  0.5, Max: 3, Diff: 3, Sum: 3, Workers: 6
[3.126s][debug  ][gc,phases      ] GC(9)   JVMTI Tag Weak OopStorage      Min:  0.0, Avg:  0.0, Max:  0.0, Diff:  0.0, Sum:  0.0, Workers: 6
[3.126s][debug  ][gc,phases      ] GC(9)     Dead                           Min: 0, Avg:  0.0, Max: 0, Diff: 0, Sum: 0, Workers: 6
[3.126s][debug  ][gc,phases      ] GC(9)     Total                          Min: 0, Avg:  0.0, Max: 0, Diff: 0, Sum: 0, Workers: 6
[3.126s][debug  ][gc,phases      ] GC(9)   StringTable Weak               Min:  0.0, Avg:  0.0, Max:  0.0, Diff:  0.0, Sum:  0.0, Workers: 6
[3.126s][debug  ][gc,phases      ] GC(9)     Dead                           Min: 0, Avg:  0.0, Max: 0, Diff: 0, Sum: 0, Workers: 6
[3.126s][debug  ][gc,phases      ] GC(9)     Total                          Min: 768, Avg: 892.8, Max: 1088, Diff: 320, Sum: 5357, Workers: 6
[3.126s][debug  ][gc,phases      ] GC(9)   ResolvedMethodTable Weak       Min:  0.0, Avg:  0.0, Max:  0.0, Diff:  0.0, Sum:  0.0, Workers: 6
[3.126s][debug  ][gc,phases      ] GC(9)     Dead                           Min: 0, Avg:  0.0, Max: 0, Diff: 0, Sum: 0, Workers: 6
[3.127s][debug  ][gc,phases      ] GC(9)     Total                          Min: 0, Avg: 21.7, Max: 64, Diff: 64, Sum: 130, Workers: 6
[3.127s][debug  ][gc,phases      ] GC(9)   JNI Weak                       Min:  0.0, Avg:  0.0, Max:  0.0, Diff:  0.0, Sum:  0.0, Workers: 6
[3.127s][debug  ][gc,phases      ] GC(9)     Dead                           Min: 0, Avg:  0.0, Max: 0, Diff: 0, Sum: 0, Workers: 6
[3.127s][debug  ][gc,phases      ] GC(9)     Total                          Min: 0, Avg:  0.0, Max: 0, Diff: 0, Sum: 0, Workers: 6
[3.127s][debug  ][gc,phases      ] GC(9)   StringDedup Table Weak         Min:  0.0, Avg:  0.0, Max:  0.0, Diff:  0.0, Sum:  0.0, Workers: 6
[3.127s][debug  ][gc,phases      ] GC(9)     Dead                           Min: 0, Avg:  0.0, Max: 0, Diff: 0, Sum: 0, Workers: 6
[3.127s][debug  ][gc,phases      ] GC(9)     Total                          Min: 0, Avg:  0.0, Max: 0, Diff: 0, Sum: 0, Workers: 6
[3.127s][debug  ][gc,phases      ] GC(9)   StringDedup Requests0 Weak     Min:  0.0, Avg:  0.0, Max:  0.0, Diff:  0.0, Sum:  0.0, Workers: 6
[3.127s][debug  ][gc,phases      ] GC(9)     Dead                           Min: 0, Avg:  0.0, Max: 0, Diff: 0, Sum: 0, Workers: 6
[3.127s][debug  ][gc,phases      ] GC(9)     Total                          Min: 0, Avg:  0.0, Max: 0, Diff: 0, Sum: 0, Workers: 6
[3.127s][debug  ][gc,phases      ] GC(9)   StringDedup Requests1 Weak     Min:  0.0, Avg:  0.0, Max:  0.0, Diff:  0.0, Sum:  0.0, Workers: 6
[3.127s][debug  ][gc,phases      ] GC(9)     Dead                           Min: 0, Avg:  0.0, Max: 0, Diff: 0, Sum: 0, Workers: 6
[3.127s][debug  ][gc,phases      ] GC(9)     Total                          Min: 0, Avg:  0.0, Max: 0, Diff: 0, Sum: 0, Workers: 6
[3.127s][debug  ][gc,phases      ] GC(9)   Weak JFR Old Object Samples    Min:  0.0, Avg:  0.0, Max:  0.0, Diff:  0.0, Sum:  0.0, Workers: 6
[3.127s][debug  ][gc,phases      ] GC(9)     Dead                           Min: 0, Avg:  0.0, Max: 0, Diff: 0, Sum: 0, Workers: 6
[3.127s][debug  ][gc,phases      ] GC(9)     Total                          Min: 0, Avg:  0.0, Max: 0, Diff: 0, Sum: 0, Workers: 6
[3.127s][debug  ][gc,phases      ] GC(9) Weak Processing 0.765ms
[3.127s][debug  ][gc,ergo        ] GC(9) AdaptiveSizeStart:  collection: 10 
[3.127s][debug  ][gc,ergo        ] GC(9) avg_survived_padded_avg: 33775872.000000
[3.127s][debug  ][gc,ergo        ] GC(9) avg_promoted_padded_avg: 247154752.000000  avg_pretenured_padded_avg: 0.000000  tenuring_thresh: 1  target_size: 34078720
[3.127s][debug  ][gc,age         ] GC(9) Desired survivor size 34078720 bytes, new threshold 1 (max threshold 15)
[3.127s][debug  ][gc,ergo        ] GC(9) PSAdaptiveSizePolicy::compute_eden_space_size limits: desired_eden_size: 320864256 old_eden_size: 200802304 eden_limit: 200278016 cur_eden: 200278016 max_eden_size: 200278016 avg_young_live: 32433930
[3.127s][debug  ][gc,ergo        ] GC(9) PSAdaptiveSizePolicy::compute_eden_space_size: costs minor_time: 0.061938 major_cost: 0.000000 mutator_cost: 0.938062 throughput_goal: 0.990000
[3.127s][debug  ][gc,ergo        ] GC(9) Live_space: 300869376 free_space: 402128896
[3.127s][debug  ][gc,ergo        ] GC(9) Old eden_size: 200802304 desired_eden_size: 200278016
[3.127s][debug  ][gc,ergo        ] GC(9) AdaptiveSizeStop: collection: 10 
[3.127s][info   ][gc,heap        ] GC(9) PSYoungGen: 218860K(228864K)->30720K(228864K) Eden: 188140K(195584K)->0K(195584K) From: 30720K(33280K)->30720K(33280K)
[3.127s][info   ][gc,heap        ] GC(9) ParOldGen: 1476388K(1835008K)->1660708K(1835008K)
[3.127s][info   ][gc,metaspace   ] GC(9) Metaspace: 1017K(1152K)->1017K(1152K) NonClass: 933K(960K)->933K(960K) Class: 83K(192K)->83K(192K)
[3.127s][info   ][gc             ] GC(9) Pause Young (Allocation Failure) 1655M->1651M(2015M) 20.968ms
[3.127s][info   ][gc,cpu         ] GC(9) User=0.08s Sys=0.06s Real=0.02s
[3.127s][debug  ][gc,heap        ] GC(9) Heap after GC invocations=10 (full 0):
[3.127s][debug  ][gc,heap        ] GC(9)  PSYoungGen      total 228864K, used 30720K [0x00000000f0000000, 0x0000000100000000, 0x0000000100000000)
[3.127s][debug  ][gc,heap        ] GC(9)   eden space 195584K, 0% used [0x00000000f0000000,0x00000000f0000000,0x00000000fbf00000)
[3.127s][debug  ][gc,heap        ] GC(9)   from space 33280K, 92% used [0x00000000fdf80000,0x00000000ffd80030,0x0000000100000000)
[3.127s][debug  ][gc,heap        ] GC(9)   to   space 33280K, 0% used [0x00000000fbf00000,0x00000000fbf00000,0x00000000fdf80000)
[3.127s][debug  ][gc,heap        ] GC(9)  ParOldGen       total 1835008K, used 1660708K [0x0000000080000000, 0x00000000f0000000, 0x00000000f0000000)
[3.127s][debug  ][gc,heap        ] GC(9)   object space 1835008K, 90% used [0x0000000080000000,0x00000000e55c9278,0x00000000f0000000)
[3.127s][debug  ][gc,heap        ] GC(9)  Metaspace       used 1017K, committed 1152K, reserved 1056768K
[3.127s][debug  ][gc,heap        ] GC(9)   class space    used 83K, committed 192K, reserved 1048576K
[3.127s][debug  ][gc,task,time   ] GC(9) VM-Thread 31056778 31253744 31273823
[3.127s][debug  ][gc,phases,start] GC(10) Pre Compact
[3.127s][debug  ][gc,heap        ] GC(10) Heap before GC invocations=11 (full 1):
[3.127s][debug  ][gc,heap        ] GC(10)  PSYoungGen      total 228864K, used 30720K [0x00000000f0000000, 0x0000000100000000, 0x0000000100000000)
[3.127s][debug  ][gc,heap        ] GC(10)   eden space 195584K, 0% used [0x00000000f0000000,0x00000000f0000000,0x00000000fbf00000)
[3.127s][debug  ][gc,heap        ] GC(10)   from space 33280K, 92% used [0x00000000fdf80000,0x00000000ffd80030,0x0000000100000000)
[3.128s][debug  ][gc,heap        ] GC(10)   to   space 33280K, 0% used [0x00000000fbf00000,0x00000000fbf00000,0x00000000fdf80000)
[3.128s][debug  ][gc,heap        ] GC(10)  ParOldGen       total 1835008K, used 1660708K [0x0000000080000000, 0x00000000f0000000, 0x00000000f0000000)
[3.128s][debug  ][gc,heap        ] GC(10)   object space 1835008K, 90% used [0x0000000080000000,0x00000000e55c9278,0x00000000f0000000)
[3.128s][debug  ][gc,heap        ] GC(10)  Metaspace       used 1017K, committed 1152K, reserved 1056768K
[3.128s][debug  ][gc,heap        ] GC(10)   class space    used 83K, committed 192K, reserved 1048576K
[3.128s][debug  ][gc,phases      ] GC(10) Pre Compact 0.205ms
[3.128s][info   ][gc,start       ] GC(10) Pause Full (Ergonomics)
[3.128s][info   ][gc,phases,start] GC(10) Marking Phase
[3.128s][debug  ][gc,phases,start] GC(10) Par Mark
[3.128s][debug  ][gc,phases      ] GC(10) Par Mark 0.462ms
[3.128s][debug  ][gc,phases,start] GC(10) Reference Processing
[3.128s][debug  ][gc,ref         ] GC(10) Skipped phase 1 of Reference Processing: no references
[3.128s][debug  ][gc,ref         ] GC(10) ReferenceProcessor::execute queues: 1, RefProcThreadModel::Single, marks_oops_alive: false
[3.128s][debug  ][gc,ref         ] GC(10) Skipped phase 3 of Reference Processing: no references
[3.128s][debug  ][gc,ref         ] GC(10) ReferenceProcessor::execute queues: 1, RefProcThreadModel::Single, marks_oops_alive: false
[3.128s][debug  ][gc,phases,ref  ] GC(10) Reference Processing: 0.1ms
[3.128s][debug  ][gc,phases,ref  ] GC(10)   Reconsider SoftReferences: 0.0ms
[3.128s][debug  ][gc,phases,ref  ] GC(10)     SoftRef (ms):                  skipped
[3.128s][debug  ][gc,phases,ref  ] GC(10)   Notify Soft/WeakReferences: 0.0ms
[3.128s][debug  ][gc,phases,ref  ] GC(10)     SoftRef (ms):                  Min:  0.0, Avg:  0.0, Max:  0.0, Diff:  0.0, Sum:  0.0, Workers: 10
[3.128s][debug  ][gc,phases,ref  ] GC(10)     WeakRef (ms):                  Min:  0.0, Avg:  0.0, Max:  0.0, Diff:  0.0, Sum:  0.0, Workers: 10
[3.128s][debug  ][gc,phases,ref  ] GC(10)     FinalRef (ms):                 Min:  0.0, Avg:  0.0, Max:  0.0, Diff:  0.0, Sum:  0.0, Workers: 10
[3.128s][debug  ][gc,phases,ref  ] GC(10)     Total (ms):                    Min:  0.0, Avg:  0.0, Max:  0.0, Diff:  0.0, Sum:  0.0, Workers: 10
[3.128s][debug  ][gc,phases,ref  ] GC(10)   Notify and keep alive finalizable: 0.0ms
[3.128s][debug  ][gc,phases,ref  ] GC(10)     FinalRef (ms):                 skipped
[3.128s][debug  ][gc,phases,ref  ] GC(10)   Notify PhantomReferences: 0.0ms
[3.129s][debug  ][gc,phases,ref  ] GC(10)     PhantomRef (ms):               Min:  0.0, Avg:  0.0, Max:  0.0, Diff:  0.0, Sum:  0.0, Workers: 10
[3.129s][debug  ][gc,phases,ref  ] GC(10)   SoftReference:
[3.129s][debug  ][gc,phases,ref  ] GC(10)     Discovered: 0
[3.129s][debug  ][gc,phases,ref  ] GC(10)     Cleared: 0
[3.129s][debug  ][gc,phases,ref  ] GC(10)   WeakReference:
[3.129s][debug  ][gc,phases,ref  ] GC(10)     Discovered: 80
[3.129s][debug  ][gc,phases,ref  ] GC(10)     Cleared: 80
[3.129s][debug  ][gc,phases,ref  ] GC(10)   FinalReference:
[3.129s][debug  ][gc,phases,ref  ] GC(10)     Discovered: 0
[3.129s][debug  ][gc,phases,ref  ] GC(10)     Cleared: 0
[3.129s][debug  ][gc,phases,ref  ] GC(10)   PhantomReference:
[3.129s][debug  ][gc,phases,ref  ] GC(10)     Discovered: 3
[3.129s][debug  ][gc,phases,ref  ] GC(10)     Cleared: 3
[3.129s][debug  ][gc,phases      ] GC(10) Reference Processing 0.574ms
[3.129s][debug  ][gc,phases,start] GC(10) Weak Processing
[3.129s][debug  ][gc,phases      ] GC(10)   VM Weak                        Min:  0.0, Avg:  0.0, Max:  0.0, Diff:  0.0, Sum:  0.0, Workers: 6
[3.129s][debug  ][gc,phases      ] GC(10)     Dead                           Min: 0, Avg:  0.0, Max: 0, Diff: 0, Sum: 0, Workers: 6
[3.129s][debug  ][gc,phases      ] GC(10)     Total                          Min: 0, Avg:  1.3, Max: 8, Diff: 8, Sum: 8, Workers: 6
[3.129s][debug  ][gc,phases      ] GC(10)   ObjectSynchronizer Weak        Min:  0.0, Avg:  0.0, Max:  0.0, Diff:  0.0, Sum:  0.0, Workers: 6
[3.129s][debug  ][gc,phases      ] GC(10)     Dead                           Min: 0, Avg:  0.0, Max: 0, Diff: 0, Sum: 0, Workers: 6
[3.129s][debug  ][gc,phases      ] GC(10)     Total                          Min: 0, Avg:  0.5, Max: 3, Diff: 3, Sum: 3, Workers: 6
[3.129s][debug  ][gc,phases      ] GC(10)   JVMTI Tag Weak OopStorage      Min:  0.0, Avg:  0.0, Max:  0.0, Diff:  0.0, Sum:  0.0, Workers: 6
[3.129s][debug  ][gc,phases      ] GC(10)     Dead                           Min: 0, Avg:  0.0, Max: 0, Diff: 0, Sum: 0, Workers: 6
[3.129s][debug  ][gc,phases      ] GC(10)     Total                          Min: 0, Avg:  0.0, Max: 0, Diff: 0, Sum: 0, Workers: 6
[3.129s][debug  ][gc,phases      ] GC(10)   StringTable Weak               Min:  0.0, Avg:  0.0, Max:  0.0, Diff:  0.0, Sum:  0.0, Workers: 6
[3.129s][debug  ][gc,phases      ] GC(10)     Dead                           Min: 0, Avg:  0.0, Max: 0, Diff: 0, Sum: 0, Workers: 6
[3.129s][debug  ][gc,phases      ] GC(10)     Total                          Min: 703, Avg: 892.8, Max: 1280, Diff: 577, Sum: 5357, Workers: 6
[3.129s][debug  ][gc,phases      ] GC(10)   ResolvedMethodTable Weak       Min:  0.0, Avg:  0.0, Max:  0.0, Diff:  0.0, Sum:  0.0, Workers: 6
[3.129s][debug  ][gc,phases      ] GC(10)     Dead                           Min: 0, Avg:  0.0, Max: 0, Diff: 0, Sum: 0, Workers: 6
[3.129s][debug  ][gc,phases      ] GC(10)     Total                          Min: 0, Avg: 21.7, Max: 64, Diff: 64, Sum: 130, Workers: 6
[3.129s][debug  ][gc,phases      ] GC(10)   JNI Weak                       Min:  0.0, Avg:  0.0, Max:  0.0, Diff:  0.0, Sum:  0.0, Workers: 6
[3.129s][debug  ][gc,phases      ] GC(10)     Dead                           Min: 0, Avg:  0.0, Max: 0, Diff: 0, Sum: 0, Workers: 6
[3.129s][debug  ][gc,phases      ] GC(10)     Total                          Min: 0, Avg:  0.0, Max: 0, Diff: 0, Sum: 0, Workers: 6
[3.129s][debug  ][gc,phases      ] GC(10)   StringDedup Table Weak         Min:  0.0, Avg:  0.0, Max:  0.0, Diff:  0.0, Sum:  0.0, Workers: 6
[3.129s][debug  ][gc,phases      ] GC(10)     Dead                           Min: 0, Avg:  0.0, Max: 0, Diff: 0, Sum: 0, Workers: 6
[3.129s][debug  ][gc,phases      ] GC(10)     Total                          Min: 0, Avg:  0.0, Max: 0, Diff: 0, Sum: 0, Workers: 6
[3.129s][debug  ][gc,phases      ] GC(10)   StringDedup Requests0 Weak     Min:  0.0, Avg:  0.0, Max:  0.0, Diff:  0.0, Sum:  0.0, Workers: 6
[3.129s][debug  ][gc,phases      ] GC(10)     Dead                           Min: 0, Avg:  0.0, Max: 0, Diff: 0, Sum: 0, Workers: 6
[3.129s][debug  ][gc,phases      ] GC(10)     Total                          Min: 0, Avg:  0.0, Max: 0, Diff: 0, Sum: 0, Workers: 6
[3.129s][debug  ][gc,phases      ] GC(10)   StringDedup Requests1 Weak     Min:  0.0, Avg:  0.0, Max:  0.0, Diff:  0.0, Sum:  0.0, Workers: 6
[3.129s][debug  ][gc,phases      ] GC(10)     Dead                           Min: 0, Avg:  0.0, Max: 0, Diff: 0, Sum: 0, Workers: 6
[3.129s][debug  ][gc,phases      ] GC(10)     Total                          Min: 0, Avg:  0.0, Max: 0, Diff: 0, Sum: 0, Workers: 6
[3.129s][debug  ][gc,phases      ] GC(10)   Weak JFR Old Object Samples    Min:  0.0, Avg:  0.0, Max:  0.0, Diff:  0.0, Sum:  0.0, Workers: 6
[3.129s][debug  ][gc,phases      ] GC(10)     Dead                           Min: 0, Avg:  0.0, Max: 0, Diff: 0, Sum: 0, Workers: 6
[3.129s][debug  ][gc,phases      ] GC(10)     Total                          Min: 0, Avg:  0.0, Max: 0, Diff: 0, Sum: 0, Workers: 6
[3.129s][debug  ][gc,phases      ] GC(10) Weak Processing 0.672ms
[3.129s][debug  ][gc,phases,start] GC(10) Class Unloading
[3.129s][debug  ][gc,phases,start] GC(10) ClassLoaderData
[3.129s][debug  ][gc,phases      ] GC(10) ClassLoaderData 0.022ms
[3.130s][debug  ][gc,phases,start] GC(10) Trigger cleanups
[3.130s][debug  ][gc,phases      ] GC(10) Trigger cleanups 0.019ms
[3.130s][debug  ][gc,phases      ] GC(10) Class Unloading 0.259ms
[3.130s][info   ][gc,phases      ] GC(10) Marking Phase 2.080ms
[3.130s][info   ][gc,phases,start] GC(10) Summary Phase
[3.130s][info   ][gc,phases      ] GC(10) Summary Phase 0.041ms
[3.130s][info   ][gc,phases,start] GC(10) Adjust Roots
[3.130s][info   ][gc,phases      ] GC(10) Adjust Roots 0.325ms
[3.130s][info   ][gc,phases,start] GC(10) Compaction Phase
[3.222s][info   ][gc,phases      ] GC(10) Compaction Phase 91.804ms
[3.222s][info   ][gc,phases,start] GC(10) Post Compact
[3.235s][info   ][gc,phases      ] GC(10) Post Compact 13.358ms
[3.236s][debug  ][gc,ergo        ] GC(10) AdaptiveSizeStart: collection: 11 
[3.236s][debug  ][gc,ergo        ] GC(10) PSAdaptiveSizePolicy::compute_eden_space_size limits: desired_eden_size: 278532819 old_eden_size: 200278016 eden_limit: 200278016 cur_eden: 200278016 max_eden_size: 200278016 avg_young_live: 29190538
[3.236s][debug  ][gc,ergo        ] GC(10) PSAdaptiveSizePolicy::compute_eden_space_size: costs minor_time: 0.061938 major_cost: 0.033505 mutator_cost: 0.904558 throughput_goal: 0.990000
[3.236s][debug  ][gc,ergo        ] GC(10) Live_space: 297625984 free_space: 401604608
[3.236s][debug  ][gc,ergo        ] GC(10) Old eden_size: 200278016 desired_eden_size: 200278016
[3.236s][debug  ][gc,ergo        ] GC(10) PSAdaptiveSizePolicy::compute_old_gen_free_space: costs minor_time: 0.061938 major_cost: 0.033505  mutator_cost: 0.904558 throughput_goal: 0.990000
[3.236s][debug  ][gc,ergo        ] GC(10) Live_space: 1127676672 free_space: 401604608
[3.236s][debug  ][gc,ergo        ] GC(10) Old promo_size: 201326592 desired_promo_size: 272105472
[3.253s][debug  ][gc             ] GC(10) Shrinking ParOldGen from 1835008K by 517120K to 1317888K
[3.253s][debug  ][gc,ergo        ] GC(10) AdaptiveSizeStop: collection: 11 
[3.253s][info   ][gc,heap        ] GC(10) PSYoungGen: 30720K(228864K)->0K(228864K) Eden: 0K(195584K)->0K(195584K) From: 30720K(33280K)->0K(33280K)
[3.253s][info   ][gc,heap        ] GC(10) ParOldGen: 1660708K(1835008K)->810596K(1317888K)
[3.253s][info   ][gc,metaspace   ] GC(10) Metaspace: 1017K(1152K)->1017K(1152K) NonClass: 933K(960K)->933K(960K) Class: 83K(192K)->83K(192K)
[3.253s][info   ][gc             ] GC(10) Pause Full (Ergonomics) 1651M->791M(1510M) 125.105ms
[3.253s][info   ][gc,cpu         ] GC(10) User=0.75s Sys=0.08s Real=0.12s
[3.253s][debug  ][gc,heap        ] GC(10) Heap after GC invocations=11 (full 1):
[3.253s][debug  ][gc,heap        ] GC(10)  PSYoungGen      total 228864K, used 0K [0x00000000f0000000, 0x0000000100000000, 0x0000000100000000)
[3.253s][debug  ][gc,heap        ] GC(10)   eden space 195584K, 0% used [0x00000000f0000000,0x00000000f0000000,0x00000000fbf00000)
[3.253s][debug  ][gc,heap        ] GC(10)   from space 33280K, 0% used [0x00000000fbf00000,0x00000000fbf00000,0x00000000fdf80000)
[3.253s][debug  ][gc,heap        ] GC(10)   to   space 33280K, 0% used [0x00000000fdf80000,0x00000000fdf80000,0x0000000100000000)
[3.253s][debug  ][gc,heap        ] GC(10)  ParOldGen       total 1317888K, used 810596K [0x0000000080000000, 0x00000000d0700000, 0x00000000f0000000)
[3.253s][debug  ][gc,heap        ] GC(10)   object space 1317888K, 61% used [0x0000000080000000,0x00000000b1799178,0x00000000d0700000)
[3.253s][debug  ][gc,heap        ] GC(10)  Metaspace       used 1017K, committed 1152K, reserved 1056768K
[3.253s][debug  ][gc,heap        ] GC(10)   class space    used 83K, committed 192K, reserved 1048576K
[3.253s][debug  ][gc,task,time   ] GC(10) VM-Thread 31276541 31301871 32527898
[3.550s][debug  ][gc,heap        ] GC(11) Heap before GC invocations=12 (full 1):
[3.550s][debug  ][gc,heap        ] GC(11)  PSYoungGen      total 228864K, used 188144K [0x00000000f0000000, 0x0000000100000000, 0x0000000100000000)
[3.550s][debug  ][gc,heap        ] GC(11)   eden space 195584K, 96% used [0x00000000f0000000,0x00000000fb7bc3c0,0x00000000fbf00000)
[3.550s][debug  ][gc,heap        ] GC(11)   from space 33280K, 0% used [0x00000000fbf00000,0x00000000fbf00000,0x00000000fdf80000)
[3.550s][debug  ][gc,heap        ] GC(11)   to   space 33280K, 0% used [0x00000000fdf80000,0x00000000fdf80000,0x0000000100000000)
[3.550s][debug  ][gc,heap        ] GC(11)  ParOldGen       total 1317888K, used 810596K [0x0000000080000000, 0x00000000d0700000, 0x00000000f0000000)
[3.550s][debug  ][gc,heap        ] GC(11)   object space 1317888K, 61% used [0x0000000080000000,0x00000000b1799178,0x00000000d0700000)
[3.550s][debug  ][gc,heap        ] GC(11)  Metaspace       used 1019K, committed 1152K, reserved 1056768K
[3.550s][debug  ][gc,heap        ] GC(11)   class space    used 83K, committed 192K, reserved 1048576K
[3.550s][debug  ][gc,tlab        ] GC(11) TLAB totals: thrds: 1  refills: 1 max: 1 slow allocs: 17 max 17 waste: 27.2% gc: 3916448B max: 3916448B slow: 0B max: 0B
[3.550s][info   ][gc,start       ] GC(11) Pause Young (Allocation Failure)
[3.550s][debug  ][gc,phases,start] GC(11) Scavenge
[3.563s][debug  ][gc,phases      ] GC(11) Scavenge 13.089ms
[3.563s][debug  ][gc,phases,start] GC(11) Reference Processing
[3.563s][debug  ][gc,ref         ] GC(11) Skipped phase 1 of Reference Processing: no references
[3.563s][debug  ][gc,ref         ] GC(11) Skipped phase 2 of Reference Processing: no references
[3.563s][debug  ][gc,ref         ] GC(11) Skipped phase 3 of Reference Processing: no references
[3.564s][debug  ][gc,ref         ] GC(11) Skipped phase 4 of Reference Processing: no references
[3.564s][debug  ][gc,phases,ref  ] GC(11) Reference Processing: 0.1ms
[3.564s][debug  ][gc,phases,ref  ] GC(11)   Reconsider SoftReferences: 0.0ms
[3.564s][debug  ][gc,phases,ref  ] GC(11)     SoftRef (ms):                  skipped
[3.564s][debug  ][gc,phases,ref  ] GC(11)   Notify Soft/WeakReferences: 0.0ms
[3.564s][debug  ][gc,phases,ref  ] GC(11)     SoftRef (ms):                  skipped
[3.564s][debug  ][gc,phases,ref  ] GC(11)     WeakRef (ms):                  skipped
[3.564s][debug  ][gc,phases,ref  ] GC(11)     FinalRef (ms):                 skipped
[3.564s][debug  ][gc,phases,ref  ] GC(11)     Total (ms):                    skipped
[3.564s][debug  ][gc,phases,ref  ] GC(11)   Notify and keep alive finalizable: 0.0ms
[3.564s][debug  ][gc,phases,ref  ] GC(11)     FinalRef (ms):                 skipped
[3.564s][debug  ][gc,phases,ref  ] GC(11)   Notify PhantomReferences: 0.0ms
[3.564s][debug  ][gc,phases,ref  ] GC(11)     PhantomRef (ms):               skipped
[3.564s][debug  ][gc,phases,ref  ] GC(11)   SoftReference:
[3.564s][debug  ][gc,phases,ref  ] GC(11)     Discovered: 0
[3.564s][debug  ][gc,phases,ref  ] GC(11)     Cleared: 0
[3.564s][debug  ][gc,phases,ref  ] GC(11)   WeakReference:
[3.564s][debug  ][gc,phases,ref  ] GC(11)     Discovered: 0
[3.564s][debug  ][gc,phases,ref  ] GC(11)     Cleared: 0
[3.564s][debug  ][gc,phases,ref  ] GC(11)   FinalReference:
[3.564s][debug  ][gc,phases,ref  ] GC(11)     Discovered: 0
[3.564s][debug  ][gc,phases,ref  ] GC(11)     Cleared: 0
[3.564s][debug  ][gc,phases,ref  ] GC(11)   PhantomReference:
[3.564s][debug  ][gc,phases,ref  ] GC(11)     Discovered: 0
[3.564s][debug  ][gc,phases,ref  ] GC(11)     Cleared: 0
[3.564s][debug  ][gc,phases      ] GC(11) Reference Processing 0.672ms
[3.564s][debug  ][gc,phases,start] GC(11) Weak Processing
[3.564s][debug  ][gc,phases      ] GC(11)   VM Weak                        Min:  0.0, Avg:  0.0, Max:  0.0, Diff:  0.0, Sum:  0.0, Workers: 6
[3.564s][debug  ][gc,phases      ] GC(11)     Dead                           Min: 0, Avg:  0.0, Max: 0, Diff: 0, Sum: 0, Workers: 6
[3.564s][debug  ][gc,phases      ] GC(11)     Total                          Min: 0, Avg:  1.3, Max: 8, Diff: 8, Sum: 8, Workers: 6
[3.564s][debug  ][gc,phases      ] GC(11)   ObjectSynchronizer Weak        Min:  0.0, Avg:  0.0, Max:  0.0, Diff:  0.0, Sum:  0.0, Workers: 6
[3.564s][debug  ][gc,phases      ] GC(11)     Dead                           Min: 0, Avg:  0.0, Max: 0, Diff: 0, Sum: 0, Workers: 6
[3.564s][debug  ][gc,phases      ] GC(11)     Total                          Min: 0, Avg:  0.5, Max: 3, Diff: 3, Sum: 3, Workers: 6
[3.564s][debug  ][gc,phases      ] GC(11)   JVMTI Tag Weak OopStorage      Min:  0.0, Avg:  0.0, Max:  0.0, Diff:  0.0, Sum:  0.0, Workers: 6
[3.564s][debug  ][gc,phases      ] GC(11)     Dead                           Min: 0, Avg:  0.0, Max: 0, Diff: 0, Sum: 0, Workers: 6
[3.564s][debug  ][gc,phases      ] GC(11)     Total                          Min: 0, Avg:  0.0, Max: 0, Diff: 0, Sum: 0, Workers: 6
[3.564s][debug  ][gc,phases      ] GC(11)   StringTable Weak               Min:  0.0, Avg:  0.0, Max:  0.0, Diff:  0.0, Sum:  0.0, Workers: 6
[3.564s][debug  ][gc,phases      ] GC(11)     Dead                           Min: 0, Avg:  0.0, Max: 0, Diff: 0, Sum: 0, Workers: 6
[3.564s][debug  ][gc,phases      ] GC(11)     Total                          Min: 704, Avg: 892.8, Max: 1024, Diff: 320, Sum: 5357, Workers: 6
[3.564s][debug  ][gc,phases      ] GC(11)   ResolvedMethodTable Weak       Min:  0.0, Avg:  0.0, Max:  0.0, Diff:  0.0, Sum:  0.0, Workers: 6
[3.565s][debug  ][gc,phases      ] GC(11)     Dead                           Min: 0, Avg:  0.0, Max: 0, Diff: 0, Sum: 0, Workers: 6
[3.565s][debug  ][gc,phases      ] GC(11)     Total                          Min: 0, Avg: 21.7, Max: 64, Diff: 64, Sum: 130, Workers: 6
[3.565s][debug  ][gc,phases      ] GC(11)   JNI Weak                       Min:  0.0, Avg:  0.0, Max:  0.0, Diff:  0.0, Sum:  0.0, Workers: 6
[3.565s][debug  ][gc,phases      ] GC(11)     Dead                           Min: 0, Avg:  0.0, Max: 0, Diff: 0, Sum: 0, Workers: 6
[3.565s][debug  ][gc,phases      ] GC(11)     Total                          Min: 0, Avg:  0.0, Max: 0, Diff: 0, Sum: 0, Workers: 6
[3.565s][debug  ][gc,phases      ] GC(11)   StringDedup Table Weak         Min:  0.0, Avg:  0.0, Max:  0.0, Diff:  0.0, Sum:  0.0, Workers: 6
[3.565s][debug  ][gc,phases      ] GC(11)     Dead                           Min: 0, Avg:  0.0, Max: 0, Diff: 0, Sum: 0, Workers: 6
[3.565s][debug  ][gc,phases      ] GC(11)     Total                          Min: 0, Avg:  0.0, Max: 0, Diff: 0, Sum: 0, Workers: 6
[3.565s][debug  ][gc,phases      ] GC(11)   StringDedup Requests0 Weak     Min:  0.0, Avg:  0.0, Max:  0.0, Diff:  0.0, Sum:  0.0, Workers: 6
[3.565s][debug  ][gc,phases      ] GC(11)     Dead                           Min: 0, Avg:  0.0, Max: 0, Diff: 0, Sum: 0, Workers: 6
[3.565s][debug  ][gc,phases      ] GC(11)     Total                          Min: 0, Avg:  0.0, Max: 0, Diff: 0, Sum: 0, Workers: 6
[3.565s][debug  ][gc,phases      ] GC(11)   StringDedup Requests1 Weak     Min:  0.0, Avg:  0.0, Max:  0.0, Diff:  0.0, Sum:  0.0, Workers: 6
[3.565s][debug  ][gc,phases      ] GC(11)     Dead                           Min: 0, Avg:  0.0, Max: 0, Diff: 0, Sum: 0, Workers: 6
[3.565s][debug  ][gc,phases      ] GC(11)     Total                          Min: 0, Avg:  0.0, Max: 0, Diff: 0, Sum: 0, Workers: 6
[3.565s][debug  ][gc,phases      ] GC(11)   Weak JFR Old Object Samples    Min:  0.0, Avg:  0.0, Max:  0.0, Diff:  0.0, Sum:  0.0, Workers: 6
[3.565s][debug  ][gc,phases      ] GC(11)     Dead                           Min: 0, Avg:  0.0, Max: 0, Diff: 0, Sum: 0, Workers: 6
[3.565s][debug  ][gc,phases      ] GC(11)     Total                          Min: 0, Avg:  0.0, Max: 0, Diff: 0, Sum: 0, Workers: 6
[3.565s][debug  ][gc,phases      ] GC(11) Weak Processing 0.934ms
[3.565s][debug  ][gc,ergo        ] GC(11) AdaptiveSizeStart:  collection: 12 
[3.565s][debug  ][gc,ergo        ] GC(11) avg_survived_padded_avg: 33807700.000000
[3.565s][debug  ][gc,ergo        ] GC(11) avg_promoted_padded_avg: 241707456.000000  avg_pretenured_padded_avg: 0.000000  tenuring_thresh: 1  target_size: 34078720
[3.565s][debug  ][gc,age         ] GC(11) Desired survivor size 34078720 bytes, new threshold 1 (max threshold 15)
[3.565s][debug  ][gc,ergo        ] GC(11) PSAdaptiveSizePolicy::compute_eden_space_size limits: desired_eden_size: 275171254 old_eden_size: 200278016 eden_limit: 200278016 cur_eden: 200278016 max_eden_size: 200278016 avg_young_live: 29417218
[3.565s][debug  ][gc,ergo        ] GC(11) PSAdaptiveSizePolicy::compute_eden_space_size: costs minor_time: 0.054916 major_cost: 0.033505 mutator_cost: 0.911579 throughput_goal: 0.990000
[3.565s][debug  ][gc,ergo        ] GC(11) Live_space: 1127903360 free_space: 472383488
[3.565s][debug  ][gc,ergo        ] GC(11) Old eden_size: 200278016 desired_eden_size: 200278016
[3.565s][debug  ][gc,ergo        ] GC(11) AdaptiveSizeStop: collection: 12 
[3.565s][info   ][gc,heap        ] GC(11) PSYoungGen: 188144K(228864K)->30720K(228864K) Eden: 188144K(195584K)->0K(195584K) From: 0K(33280K)->30720K(33280K)
[3.565s][info   ][gc,heap        ] GC(11) ParOldGen: 810596K(1317888K)->964196K(1317888K)
[3.565s][info   ][gc,metaspace   ] GC(11) Metaspace: 1019K(1152K)->1019K(1152K) NonClass: 935K(960K)->935K(960K) Class: 83K(192K)->83K(192K)
[3.566s][info   ][gc             ] GC(11) Pause Young (Allocation Failure) 975M->971M(1510M) 15.352ms
[3.566s][info   ][gc,cpu         ] GC(11) User=0.16s Sys=0.00s Real=0.02s
[3.566s][debug  ][gc,heap        ] GC(11) Heap after GC invocations=12 (full 1):
[3.566s][debug  ][gc,heap        ] GC(11)  PSYoungGen      total 228864K, used 30720K [0x00000000f0000000, 0x0000000100000000, 0x0000000100000000)
[3.566s][debug  ][gc,heap        ] GC(11)   eden space 195584K, 0% used [0x00000000f0000000,0x00000000f0000000,0x00000000fbf00000)
[3.566s][debug  ][gc,heap        ] GC(11)   from space 33280K, 92% used [0x00000000fdf80000,0x00000000ffd80030,0x0000000100000000)
[3.566s][debug  ][gc,heap        ] GC(11)   to   space 33280K, 0% used [0x00000000fbf00000,0x00000000fbf00000,0x00000000fdf80000)
[3.566s][debug  ][gc,heap        ] GC(11)  ParOldGen       total 1317888K, used 964196K [0x0000000080000000, 0x00000000d0700000, 0x00000000f0000000)
[3.566s][debug  ][gc,heap        ] GC(11)   object space 1317888K, 73% used [0x0000000080000000,0x00000000bad99268,0x00000000d0700000)
[3.566s][debug  ][gc,heap        ] GC(11)  Metaspace       used 1019K, committed 1152K, reserved 1056768K
[3.566s][debug  ][gc,heap        ] GC(11)   class space    used 83K, committed 192K, reserved 1048576K
[3.566s][debug  ][gc,task,time   ] GC(11) VM-Thread 35496703 35634070 35658372
[3.853s][debug  ][gc,heap        ] GC(12) Heap before GC invocations=13 (full 1):
[3.853s][debug  ][gc,heap        ] GC(12)  PSYoungGen      total 228864K, used 218793K [0x00000000f0000000, 0x0000000100000000, 0x0000000100000000)
[3.853s][debug  ][gc,heap        ] GC(12)   eden space 195584K, 96% used [0x00000000f0000000,0x00000000fb7aa430,0x00000000fbf00000)
[3.853s][debug  ][gc,heap        ] GC(12)   from space 33280K, 92% used [0x00000000fdf80000,0x00000000ffd80030,0x0000000100000000)
[3.853s][debug  ][gc,heap        ] GC(12)   to   space 33280K, 0% used [0x00000000fbf00000,0x00000000fbf00000,0x00000000fdf80000)
[3.853s][debug  ][gc,heap        ] GC(12)  ParOldGen       total 1317888K, used 964196K [0x0000000080000000, 0x00000000d0700000, 0x00000000f0000000)
[3.853s][debug  ][gc,heap        ] GC(12)   object space 1317888K, 73% used [0x0000000080000000,0x00000000bad99268,0x00000000d0700000)
[3.853s][debug  ][gc,heap        ] GC(12)  Metaspace       used 1019K, committed 1152K, reserved 1056768K
[3.853s][debug  ][gc,heap        ] GC(12)   class space    used 83K, committed 192K, reserved 1048576K
[3.853s][debug  ][gc,tlab        ] GC(12) TLAB totals: thrds: 1  refills: 1 max: 1 slow allocs: 17 max 17 waste: 26.8% gc: 3841664B max: 3841664B slow: 0B max: 0B
[3.853s][info   ][gc,start       ] GC(12) Pause Young (Allocation Failure)
[3.853s][debug  ][gc,phases,start] GC(12) Scavenge
[3.864s][debug  ][gc,phases      ] GC(12) Scavenge 10.845ms
[3.864s][debug  ][gc,phases,start] GC(12) Reference Processing
[3.864s][debug  ][gc,ref         ] GC(12) Skipped phase 1 of Reference Processing: no references
[3.865s][debug  ][gc,ref         ] GC(12) Skipped phase 2 of Reference Processing: no references
[3.865s][debug  ][gc,ref         ] GC(12) Skipped phase 3 of Reference Processing: no references
[3.865s][debug  ][gc,ref         ] GC(12) Skipped phase 4 of Reference Processing: no references
[3.865s][debug  ][gc,phases,ref  ] GC(12) Reference Processing: 0.1ms
[3.865s][debug  ][gc,phases,ref  ] GC(12)   Reconsider SoftReferences: 0.0ms
[3.865s][debug  ][gc,phases,ref  ] GC(12)     SoftRef (ms):                  skipped
[3.865s][debug  ][gc,phases,ref  ] GC(12)   Notify Soft/WeakReferences: 0.0ms
[3.865s][debug  ][gc,phases,ref  ] GC(12)     SoftRef (ms):                  skipped
[3.865s][debug  ][gc,phases,ref  ] GC(12)     WeakRef (ms):                  skipped
[3.865s][debug  ][gc,phases,ref  ] GC(12)     FinalRef (ms):                 skipped
[3.865s][debug  ][gc,phases,ref  ] GC(12)     Total (ms):                    skipped
[3.865s][debug  ][gc,phases,ref  ] GC(12)   Notify and keep alive finalizable: 0.0ms
[3.865s][debug  ][gc,phases,ref  ] GC(12)     FinalRef (ms):                 skipped
[3.865s][debug  ][gc,phases,ref  ] GC(12)   Notify PhantomReferences: 0.0ms
[3.865s][debug  ][gc,phases,ref  ] GC(12)     PhantomRef (ms):               skipped
[3.865s][debug  ][gc,phases,ref  ] GC(12)   SoftReference:
[3.865s][debug  ][gc,phases,ref  ] GC(12)     Discovered: 0
[3.865s][debug  ][gc,phases,ref  ] GC(12)     Cleared: 0
[3.865s][debug  ][gc,phases,ref  ] GC(12)   WeakReference:
[3.865s][debug  ][gc,phases,ref  ] GC(12)     Discovered: 0
[3.865s][debug  ][gc,phases,ref  ] GC(12)     Cleared: 0
[3.865s][debug  ][gc,phases,ref  ] GC(12)   FinalReference:
[3.865s][debug  ][gc,phases,ref  ] GC(12)     Discovered: 0
[3.865s][debug  ][gc,phases,ref  ] GC(12)     Cleared: 0
[3.865s][debug  ][gc,phases,ref  ] GC(12)   PhantomReference:
[3.865s][debug  ][gc,phases,ref  ] GC(12)     Discovered: 0
[3.865s][debug  ][gc,phases,ref  ] GC(12)     Cleared: 0
[3.865s][debug  ][gc,phases      ] GC(12) Reference Processing 0.681ms
[3.865s][debug  ][gc,phases,start] GC(12) Weak Processing
[3.865s][debug  ][gc,phases      ] GC(12)   VM Weak                        Min:  0.0, Avg:  0.0, Max:  0.0, Diff:  0.0, Sum:  0.0, Workers: 6
[3.865s][debug  ][gc,phases      ] GC(12)     Dead                           Min: 0, Avg:  0.0, Max: 0, Diff: 0, Sum: 0, Workers: 6
[3.865s][debug  ][gc,phases      ] GC(12)     Total                          Min: 0, Avg:  1.3, Max: 8, Diff: 8, Sum: 8, Workers: 6
[3.865s][debug  ][gc,phases      ] GC(12)   ObjectSynchronizer Weak        Min:  0.0, Avg:  0.0, Max:  0.0, Diff:  0.0, Sum:  0.0, Workers: 6
[3.865s][debug  ][gc,phases      ] GC(12)     Dead                           Min: 0, Avg:  0.0, Max: 0, Diff: 0, Sum: 0, Workers: 6
[3.865s][debug  ][gc,phases      ] GC(12)     Total                          Min: 0, Avg:  0.5, Max: 3, Diff: 3, Sum: 3, Workers: 6
[3.865s][debug  ][gc,phases      ] GC(12)   JVMTI Tag Weak OopStorage      Min:  0.0, Avg:  0.0, Max:  0.0, Diff:  0.0, Sum:  0.0, Workers: 6
[3.865s][debug  ][gc,phases      ] GC(12)     Dead                           Min: 0, Avg:  0.0, Max: 0, Diff: 0, Sum: 0, Workers: 6
[3.866s][debug  ][gc,phases      ] GC(12)     Total                          Min: 0, Avg:  0.0, Max: 0, Diff: 0, Sum: 0, Workers: 6
[3.866s][debug  ][gc,phases      ] GC(12)   StringTable Weak               Min:  0.0, Avg:  0.0, Max:  0.0, Diff:  0.0, Sum:  0.0, Workers: 6
[3.866s][debug  ][gc,phases      ] GC(12)     Dead                           Min: 0, Avg:  0.0, Max: 0, Diff: 0, Sum: 0, Workers: 6
[3.866s][debug  ][gc,phases      ] GC(12)     Total                          Min: 0, Avg: 892.8, Max: 1390, Diff: 1390, Sum: 5357, Workers: 6
[3.866s][debug  ][gc,phases      ] GC(12)   ResolvedMethodTable Weak       Min:  0.0, Avg:  0.0, Max:  0.0, Diff:  0.0, Sum:  0.0, Workers: 6
[3.866s][debug  ][gc,phases      ] GC(12)     Dead                           Min: 0, Avg:  0.0, Max: 0, Diff: 0, Sum: 0, Workers: 6
[3.866s][debug  ][gc,phases      ] GC(12)     Total                          Min: 0, Avg: 21.7, Max: 64, Diff: 64, Sum: 130, Workers: 6
[3.866s][debug  ][gc,phases      ] GC(12)   JNI Weak                       Min:  0.0, Avg:  0.0, Max:  0.0, Diff:  0.0, Sum:  0.0, Workers: 6
[3.866s][debug  ][gc,phases      ] GC(12)     Dead                           Min: 0, Avg:  0.0, Max: 0, Diff: 0, Sum: 0, Workers: 6
[3.866s][debug  ][gc,phases      ] GC(12)     Total                          Min: 0, Avg:  0.0, Max: 0, Diff: 0, Sum: 0, Workers: 6
[3.866s][debug  ][gc,phases      ] GC(12)   StringDedup Table Weak         Min:  0.0, Avg:  0.0, Max:  0.0, Diff:  0.0, Sum:  0.0, Workers: 6
[3.866s][debug  ][gc,phases      ] GC(12)     Dead                           Min: 0, Avg:  0.0, Max: 0, Diff: 0, Sum: 0, Workers: 6
[3.866s][debug  ][gc,phases      ] GC(12)     Total                          Min: 0, Avg:  0.0, Max: 0, Diff: 0, Sum: 0, Workers: 6
[3.866s][debug  ][gc,phases      ] GC(12)   StringDedup Requests0 Weak     Min:  0.0, Avg:  0.0, Max:  0.0, Diff:  0.0, Sum:  0.0, Workers: 6
[3.866s][debug  ][gc,phases      ] GC(12)     Dead                           Min: 0, Avg:  0.0, Max: 0, Diff: 0, Sum: 0, Workers: 6
[3.866s][debug  ][gc,phases      ] GC(12)     Total                          Min: 0, Avg:  0.0, Max: 0, Diff: 0, Sum: 0, Workers: 6
[3.866s][debug  ][gc,phases      ] GC(12)   StringDedup Requests1 Weak     Min:  0.0, Avg:  0.0, Max:  0.0, Diff:  0.0, Sum:  0.0, Workers: 6
[3.866s][debug  ][gc,phases      ] GC(12)     Dead                           Min: 0, Avg:  0.0, Max: 0, Diff: 0, Sum: 0, Workers: 6
[3.866s][debug  ][gc,phases      ] GC(12)     Total                          Min: 0, Avg:  0.0, Max: 0, Diff: 0, Sum: 0, Workers: 6
[3.866s][debug  ][gc,phases      ] GC(12)   Weak JFR Old Object Samples    Min:  0.0, Avg:  0.0, Max:  0.0, Diff:  0.0, Sum:  0.0, Workers: 6
[3.866s][debug  ][gc,phases      ] GC(12)     Dead                           Min: 0, Avg:  0.0, Max: 0, Diff: 0, Sum: 0, Workers: 6
[3.866s][debug  ][gc,phases      ] GC(12)     Total                          Min: 0, Avg:  0.0, Max: 0, Diff: 0, Sum: 0, Workers: 6
[3.866s][debug  ][gc,phases      ] GC(12) Weak Processing 1.038ms
[3.866s][debug  ][gc,ergo        ] GC(12) AdaptiveSizeStart:  collection: 13 
[3.866s][debug  ][gc,ergo        ] GC(12) avg_survived_padded_avg: 33809980.000000
[3.866s][debug  ][gc,ergo        ] GC(12) avg_promoted_padded_avg: 241798688.000000  avg_pretenured_padded_avg: 0.000000  tenuring_thresh: 1  target_size: 34078720
[3.866s][debug  ][gc,age         ] GC(12) Desired survivor size 34078720 bytes, new threshold 1 (max threshold 15)
[3.866s][debug  ][gc,ergo        ] GC(12) PSAdaptiveSizePolicy::compute_eden_space_size limits: desired_eden_size: 273491416 old_eden_size: 200278016 eden_limit: 200278016 cur_eden: 200278016 max_eden_size: 200278016 avg_young_live: 29621228
[3.866s][debug  ][gc,ergo        ] GC(12) PSAdaptiveSizePolicy::compute_eden_space_size: costs minor_time: 0.051781 major_cost: 0.033505 mutator_cost: 0.914715 throughput_goal: 0.990000
[3.866s][debug  ][gc,ergo        ] GC(12) Live_space: 1128107392 free_space: 472383488
[3.866s][debug  ][gc,ergo        ] GC(12) Old eden_size: 200278016 desired_eden_size: 200278016
[3.866s][debug  ][gc,ergo        ] GC(12) AdaptiveSizeStop: collection: 13 
[3.866s][info   ][gc,heap        ] GC(12) PSYoungGen: 218793K(228864K)->30720K(228864K) Eden: 188073K(195584K)->0K(195584K) From: 30720K(33280K)->30720K(33280K)
[3.866s][info   ][gc,heap        ] GC(12) ParOldGen: 964196K(1317888K)->1087076K(1317888K)
[3.867s][info   ][gc,metaspace   ] GC(12) Metaspace: 1019K(1152K)->1019K(1152K) NonClass: 935K(960K)->935K(960K) Class: 83K(192K)->83K(192K)
[3.867s][info   ][gc             ] GC(12) Pause Young (Allocation Failure) 1155M->1091M(1510M) 13.128ms
[3.867s][info   ][gc,cpu         ] GC(12) User=0.16s Sys=0.00s Real=0.01s
[3.867s][debug  ][gc,heap        ] GC(12) Heap after GC invocations=13 (full 1):
[3.867s][debug  ][gc,heap        ] GC(12)  PSYoungGen      total 228864K, used 30720K [0x00000000f0000000, 0x0000000100000000, 0x0000000100000000)
[3.867s][debug  ][gc,heap        ] GC(12)   eden space 195584K, 0% used [0x00000000f0000000,0x00000000f0000000,0x00000000fbf00000)
[3.867s][debug  ][gc,heap        ] GC(12)   from space 33280K, 92% used [0x00000000fbf00000,0x00000000fdd00030,0x00000000fdf80000)
[3.867s][debug  ][gc,heap        ] GC(12)   to   space 33280K, 0% used [0x00000000fdf80000,0x00000000fdf80000,0x0000000100000000)
[3.867s][debug  ][gc,heap        ] GC(12)  ParOldGen       total 1317888K, used 1087076K [0x0000000080000000, 0x00000000d0700000, 0x00000000f0000000)
[3.867s][debug  ][gc,heap        ] GC(12)   object space 1317888K, 82% used [0x0000000080000000,0x00000000c2599328,0x00000000d0700000)
[3.867s][debug  ][gc,heap        ] GC(12)  Metaspace       used 1019K, committed 1152K, reserved 1056768K
[3.867s][debug  ][gc,heap        ] GC(12)   class space    used 83K, committed 192K, reserved 1048576K
[3.867s][debug  ][gc,task,time   ] GC(12) VM-Thread 38529677 38644573 38668834
[3.867s][debug  ][gc,phases,start] GC(13) Pre Compact
[3.867s][debug  ][gc,heap        ] GC(13) Heap before GC invocations=14 (full 2):
[3.867s][debug  ][gc,heap        ] GC(13)  PSYoungGen      total 228864K, used 30720K [0x00000000f0000000, 0x0000000100000000, 0x0000000100000000)
[3.867s][debug  ][gc,heap        ] GC(13)   eden space 195584K, 0% used [0x00000000f0000000,0x00000000f0000000,0x00000000fbf00000)
[3.867s][debug  ][gc,heap        ] GC(13)   from space 33280K, 92% used [0x00000000fbf00000,0x00000000fdd00030,0x00000000fdf80000)
[3.867s][debug  ][gc,heap        ] GC(13)   to   space 33280K, 0% used [0x00000000fdf80000,0x00000000fdf80000,0x0000000100000000)
[3.867s][debug  ][gc,heap        ] GC(13)  ParOldGen       total 1317888K, used 1087076K [0x0000000080000000, 0x00000000d0700000, 0x00000000f0000000)
[3.867s][debug  ][gc,heap        ] GC(13)   object space 1317888K, 82% used [0x0000000080000000,0x00000000c2599328,0x00000000d0700000)
[3.867s][debug  ][gc,heap        ] GC(13)  Metaspace       used 1019K, committed 1152K, reserved 1056768K
[3.867s][debug  ][gc,heap        ] GC(13)   class space    used 83K, committed 192K, reserved 1048576K
[3.867s][debug  ][gc,phases      ] GC(13) Pre Compact 0.241ms
[3.867s][info   ][gc,start       ] GC(13) Pause Full (Ergonomics)
[3.867s][info   ][gc,phases,start] GC(13) Marking Phase
[3.867s][debug  ][gc,phases,start] GC(13) Par Mark
[3.868s][debug  ][gc,phases      ] GC(13) Par Mark 0.542ms
[3.868s][debug  ][gc,phases,start] GC(13) Reference Processing
[3.868s][debug  ][gc,ref         ] GC(13) Skipped phase 1 of Reference Processing: no references
[3.868s][debug  ][gc,ref         ] GC(13) ReferenceProcessor::execute queues: 1, RefProcThreadModel::Single, marks_oops_alive: false
[3.868s][debug  ][gc,ref         ] GC(13) Skipped phase 3 of Reference Processing: no references
[3.868s][debug  ][gc,ref         ] GC(13) ReferenceProcessor::execute queues: 1, RefProcThreadModel::Single, marks_oops_alive: false
[3.868s][debug  ][gc,phases,ref  ] GC(13) Reference Processing: 0.1ms
[3.868s][debug  ][gc,phases,ref  ] GC(13)   Reconsider SoftReferences: 0.0ms
[3.868s][debug  ][gc,phases,ref  ] GC(13)     SoftRef (ms):                  skipped
[3.868s][debug  ][gc,phases,ref  ] GC(13)   Notify Soft/WeakReferences: 0.0ms
[3.868s][debug  ][gc,phases,ref  ] GC(13)     SoftRef (ms):                  Min:  0.0, Avg:  0.0, Max:  0.0, Diff:  0.0, Sum:  0.0, Workers: 10
[3.868s][debug  ][gc,phases,ref  ] GC(13)     WeakRef (ms):                  Min:  0.0, Avg:  0.0, Max:  0.0, Diff:  0.0, Sum:  0.0, Workers: 10
[3.868s][debug  ][gc,phases,ref  ] GC(13)     FinalRef (ms):                 Min:  0.0, Avg:  0.0, Max:  0.0, Diff:  0.0, Sum:  0.0, Workers: 10
[3.868s][debug  ][gc,phases,ref  ] GC(13)     Total (ms):                    Min:  0.0, Avg:  0.0, Max:  0.0, Diff:  0.0, Sum:  0.0, Workers: 10
[3.868s][debug  ][gc,phases,ref  ] GC(13)   Notify and keep alive finalizable: 0.0ms
[3.868s][debug  ][gc,phases,ref  ] GC(13)     FinalRef (ms):                 skipped
[3.868s][debug  ][gc,phases,ref  ] GC(13)   Notify PhantomReferences: 0.0ms
[3.868s][debug  ][gc,phases,ref  ] GC(13)     PhantomRef (ms):               Min:  0.0, Avg:  0.0, Max:  0.0, Diff:  0.0, Sum:  0.0, Workers: 10
[3.868s][debug  ][gc,phases,ref  ] GC(13)   SoftReference:
[3.868s][debug  ][gc,phases,ref  ] GC(13)     Discovered: 0
[3.868s][debug  ][gc,phases,ref  ] GC(13)     Cleared: 0
[3.868s][debug  ][gc,phases,ref  ] GC(13)   WeakReference:
[3.868s][debug  ][gc,phases,ref  ] GC(13)     Discovered: 70
[3.868s][debug  ][gc,phases,ref  ] GC(13)     Cleared: 70
[3.868s][debug  ][gc,phases,ref  ] GC(13)   FinalReference:
[3.868s][debug  ][gc,phases,ref  ] GC(13)     Discovered: 0
[3.868s][debug  ][gc,phases,ref  ] GC(13)     Cleared: 0
[3.868s][debug  ][gc,phases,ref  ] GC(13)   PhantomReference:
[3.868s][debug  ][gc,phases,ref  ] GC(13)     Discovered: 3
[3.868s][debug  ][gc,phases,ref  ] GC(13)     Cleared: 3
[3.868s][debug  ][gc,phases      ] GC(13) Reference Processing 0.688ms
[3.869s][debug  ][gc,phases,start] GC(13) Weak Processing
[3.869s][debug  ][gc,phases      ] GC(13)   VM Weak                        Min:  0.0, Avg:  0.0, Max:  0.0, Diff:  0.0, Sum:  0.0, Workers: 6
[3.869s][debug  ][gc,phases      ] GC(13)     Dead                           Min: 0, Avg:  0.0, Max: 0, Diff: 0, Sum: 0, Workers: 6
[3.869s][debug  ][gc,phases      ] GC(13)     Total                          Min: 0, Avg:  1.3, Max: 8, Diff: 8, Sum: 8, Workers: 6
[3.869s][debug  ][gc,phases      ] GC(13)   ObjectSynchronizer Weak        Min:  0.0, Avg:  0.0, Max:  0.0, Diff:  0.0, Sum:  0.0, Workers: 6
[3.869s][debug  ][gc,phases      ] GC(13)     Dead                           Min: 0, Avg:  0.0, Max: 0, Diff: 0, Sum: 0, Workers: 6
[3.869s][debug  ][gc,phases      ] GC(13)     Total                          Min: 0, Avg:  0.5, Max: 3, Diff: 3, Sum: 3, Workers: 6
[3.869s][debug  ][gc,phases      ] GC(13)   JVMTI Tag Weak OopStorage      Min:  0.0, Avg:  0.0, Max:  0.0, Diff:  0.0, Sum:  0.0, Workers: 6
[3.869s][debug  ][gc,phases      ] GC(13)     Dead                           Min: 0, Avg:  0.0, Max: 0, Diff: 0, Sum: 0, Workers: 6
[3.869s][debug  ][gc,phases      ] GC(13)     Total                          Min: 0, Avg:  0.0, Max: 0, Diff: 0, Sum: 0, Workers: 6
[3.869s][debug  ][gc,phases      ] GC(13)   StringTable Weak               Min:  0.0, Avg:  0.0, Max:  0.0, Diff:  0.0, Sum:  0.0, Workers: 6
[3.869s][debug  ][gc,phases      ] GC(13)     Dead                           Min: 0, Avg:  0.0, Max: 0, Diff: 0, Sum: 0, Workers: 6
[3.869s][debug  ][gc,phases      ] GC(13)     Total                          Min: 575, Avg: 892.8, Max: 1152, Diff: 577, Sum: 5357, Workers: 6
[3.869s][debug  ][gc,phases      ] GC(13)   ResolvedMethodTable Weak       Min:  0.0, Avg:  0.0, Max:  0.0, Diff:  0.0, Sum:  0.0, Workers: 6
[3.869s][debug  ][gc,phases      ] GC(13)     Dead                           Min: 0, Avg:  0.0, Max: 0, Diff: 0, Sum: 0, Workers: 6
[3.869s][debug  ][gc,phases      ] GC(13)     Total                          Min: 0, Avg: 21.7, Max: 64, Diff: 64, Sum: 130, Workers: 6
[3.869s][debug  ][gc,phases      ] GC(13)   JNI Weak                       Min:  0.0, Avg:  0.0, Max:  0.0, Diff:  0.0, Sum:  0.0, Workers: 6
[3.869s][debug  ][gc,phases      ] GC(13)     Dead                           Min: 0, Avg:  0.0, Max: 0, Diff: 0, Sum: 0, Workers: 6
[3.869s][debug  ][gc,phases      ] GC(13)     Total                          Min: 0, Avg:  0.0, Max: 0, Diff: 0, Sum: 0, Workers: 6
[3.869s][debug  ][gc,phases      ] GC(13)   StringDedup Table Weak         Min:  0.0, Avg:  0.0, Max:  0.0, Diff:  0.0, Sum:  0.0, Workers: 6
[3.869s][debug  ][gc,phases      ] GC(13)     Dead                           Min: 0, Avg:  0.0, Max: 0, Diff: 0, Sum: 0, Workers: 6
[3.869s][debug  ][gc,phases      ] GC(13)     Total                          Min: 0, Avg:  0.0, Max: 0, Diff: 0, Sum: 0, Workers: 6
[3.869s][debug  ][gc,phases      ] GC(13)   StringDedup Requests0 Weak     Min:  0.0, Avg:  0.0, Max:  0.0, Diff:  0.0, Sum:  0.0, Workers: 6
[3.869s][debug  ][gc,phases      ] GC(13)     Dead                           Min: 0, Avg:  0.0, Max: 0, Diff: 0, Sum: 0, Workers: 6
[3.869s][debug  ][gc,phases      ] GC(13)     Total                          Min: 0, Avg:  0.0, Max: 0, Diff: 0, Sum: 0, Workers: 6
[3.869s][debug  ][gc,phases      ] GC(13)   StringDedup Requests1 Weak     Min:  0.0, Avg:  0.0, Max:  0.0, Diff:  0.0, Sum:  0.0, Workers: 6
[3.869s][debug  ][gc,phases      ] GC(13)     Dead                           Min: 0, Avg:  0.0, Max: 0, Diff: 0, Sum: 0, Workers: 6
[3.869s][debug  ][gc,phases      ] GC(13)     Total                          Min: 0, Avg:  0.0, Max: 0, Diff: 0, Sum: 0, Workers: 6
[3.869s][debug  ][gc,phases      ] GC(13)   Weak JFR Old Object Samples    Min:  0.0, Avg:  0.0, Max:  0.0, Diff:  0.0, Sum:  0.0, Workers: 6
[3.869s][debug  ][gc,phases      ] GC(13)     Dead                           Min: 0, Avg:  0.0, Max: 0, Diff: 0, Sum: 0, Workers: 6
[3.869s][debug  ][gc,phases      ] GC(13)     Total                          Min: 0, Avg:  0.0, Max: 0, Diff: 0, Sum: 0, Workers: 6
[3.869s][debug  ][gc,phases      ] GC(13) Weak Processing 0.859ms
[3.869s][debug  ][gc,phases,start] GC(13) Class Unloading
[3.869s][debug  ][gc,phases,start] GC(13) ClassLoaderData
[3.869s][debug  ][gc,phases      ] GC(13) ClassLoaderData 0.022ms
[3.869s][debug  ][gc,phases,start] GC(13) Trigger cleanups
[3.869s][debug  ][gc,phases      ] GC(13) Trigger cleanups 0.022ms
[3.870s][debug  ][gc,phases      ] GC(13) Class Unloading 0.287ms
[3.870s][info   ][gc,phases      ] GC(13) Marking Phase 2.505ms
[3.870s][info   ][gc,phases,start] GC(13) Summary Phase
[3.870s][info   ][gc,phases      ] GC(13) Summary Phase 0.031ms
[3.870s][info   ][gc,phases,start] GC(13) Adjust Roots
[3.870s][info   ][gc,phases      ] GC(13) Adjust Roots 0.328ms
[3.870s][info   ][gc,phases,start] GC(13) Compaction Phase
[3.887s][info   ][gc,phases      ] GC(13) Compaction Phase 16.512ms
[3.887s][info   ][gc,phases,start] GC(13) Post Compact
[3.890s][info   ][gc,phases      ] GC(13) Post Compact 3.540ms
[3.890s][debug  ][gc,ergo        ] GC(13) AdaptiveSizeStart: collection: 14 
[3.890s][debug  ][gc,ergo        ] GC(13) PSAdaptiveSizePolicy::compute_eden_space_size limits: desired_eden_size: 272684508 old_eden_size: 200278016 eden_limit: 200278016 cur_eden: 200278016 max_eden_size: 200278016 avg_young_live: 26659106
[3.890s][debug  ][gc,ergo        ] GC(13) PSAdaptiveSizePolicy::compute_eden_space_size: costs minor_time: 0.051781 major_cost: 0.034455 mutator_cost: 0.913764 throughput_goal: 0.990000
[3.890s][debug  ][gc,ergo        ] GC(13) Live_space: 1125145216 free_space: 472383488
[3.890s][debug  ][gc,ergo        ] GC(13) Old eden_size: 200278016 desired_eden_size: 200278016
[3.890s][debug  ][gc,ergo        ] GC(13) PSAdaptiveSizePolicy::compute_old_gen_free_space: costs minor_time: 0.051781 major_cost: 0.034455  mutator_cost: 0.913764 throughput_goal: 0.990000
[3.891s][debug  ][gc,ergo        ] GC(13) Live_space: 789600384 free_space: 472383488
[3.891s][debug  ][gc,ergo        ] GC(13) Old promo_size: 272105472 desired_promo_size: 381157376
[3.916s][debug  ][gc             ] GC(13) Shrinking ParOldGen from 1317888K by 553984K to 763904K
[3.916s][debug  ][gc,ergo        ] GC(13) AdaptiveSizeStop: collection: 14 
[3.916s][info   ][gc,heap        ] GC(13) PSYoungGen: 30720K(228864K)->0K(228864K) Eden: 0K(195584K)->0K(195584K) From: 30720K(33280K)->0K(33280K)
[3.916s][info   ][gc,heap        ] GC(13) ParOldGen: 1087076K(1317888K)->155235K(763904K)
[3.916s][info   ][gc,metaspace   ] GC(13) Metaspace: 1019K(1152K)->1019K(1152K) NonClass: 935K(960K)->935K(960K) Class: 83K(192K)->83K(192K)
[3.916s][info   ][gc             ] GC(13) Pause Full (Ergonomics) 1091M->151M(969M) 49.270ms
[3.916s][info   ][gc,cpu         ] GC(13) User=0.16s Sys=0.02s Real=0.05s
[3.917s][debug  ][gc,heap        ] GC(13) Heap after GC invocations=14 (full 2):
[3.917s][debug  ][gc,heap        ] GC(13)  PSYoungGen      total 228864K, used 0K [0x00000000f0000000, 0x0000000100000000, 0x0000000100000000)
[3.917s][debug  ][gc,heap        ] GC(13)   eden space 195584K, 0% used [0x00000000f0000000,0x00000000f0000000,0x00000000fbf00000)
[3.917s][debug  ][gc,heap        ] GC(13)   from space 33280K, 0% used [0x00000000fdf80000,0x00000000fdf80000,0x0000000100000000)
[3.917s][debug  ][gc,heap        ] GC(13)   to   space 33280K, 0% used [0x00000000fbf00000,0x00000000fbf00000,0x00000000fdf80000)
[3.917s][debug  ][gc,heap        ] GC(13)  ParOldGen       total 763904K, used 155235K [0x0000000080000000, 0x00000000aea00000, 0x00000000f0000000)
[3.917s][debug  ][gc,heap        ] GC(13)   object space 763904K, 20% used [0x0000000080000000,0x0000000089798d78,0x00000000aea00000)
[3.917s][debug  ][gc,heap        ] GC(13)  Metaspace       used 1019K, committed 1152K, reserved 1056768K
[3.917s][debug  ][gc,heap        ] GC(13)   class space    used 83K, committed 192K, reserved 1048576K
[3.917s][debug  ][gc,task,time   ] GC(13) VM-Thread 38672055 38701547 39165150
[4.200s][debug  ][gc,heap        ] GC(14) Heap before GC invocations=15 (full 2):
[4.200s][debug  ][gc,heap        ] GC(14)  PSYoungGen      total 228864K, used 188101K [0x00000000f0000000, 0x0000000100000000, 0x0000000100000000)
[4.200s][debug  ][gc,heap        ] GC(14)   eden space 195584K, 96% used [0x00000000f0000000,0x00000000fb7b1568,0x00000000fbf00000)
[4.200s][debug  ][gc,heap        ] GC(14)   from space 33280K, 0% used [0x00000000fdf80000,0x00000000fdf80000,0x0000000100000000)
[4.200s][debug  ][gc,heap        ] GC(14)   to   space 33280K, 0% used [0x00000000fbf00000,0x00000000fbf00000,0x00000000fdf80000)
[4.200s][debug  ][gc,heap        ] GC(14)  ParOldGen       total 763904K, used 155235K [0x0000000080000000, 0x00000000aea00000, 0x00000000f0000000)
[4.200s][debug  ][gc,heap        ] GC(14)   object space 763904K, 20% used [0x0000000080000000,0x0000000089798d78,0x00000000aea00000)
[4.200s][debug  ][gc,heap        ] GC(14)  Metaspace       used 1019K, committed 1152K, reserved 1056768K
[4.200s][debug  ][gc,heap        ] GC(14)   class space    used 83K, committed 192K, reserved 1048576K
[4.200s][debug  ][gc,tlab        ] GC(14) TLAB totals: thrds: 1  refills: 1 max: 1 slow allocs: 17 max 17 waste: 27.0% gc: 3871816B max: 3871816B slow: 0B max: 0B
[4.200s][info   ][gc,start       ] GC(14) Pause Young (Allocation Failure)
[4.200s][debug  ][gc,phases,start] GC(14) Scavenge
[4.212s][debug  ][gc,phases      ] GC(14) Scavenge 12.090ms
[4.212s][debug  ][gc,phases,start] GC(14) Reference Processing
[4.212s][debug  ][gc,ref         ] GC(14) Skipped phase 1 of Reference Processing: no references
[4.212s][debug  ][gc,ref         ] GC(14) Skipped phase 2 of Reference Processing: no references
[4.212s][debug  ][gc,ref         ] GC(14) Skipped phase 3 of Reference Processing: no references
[4.212s][debug  ][gc,ref         ] GC(14) Skipped phase 4 of Reference Processing: no references
[4.212s][debug  ][gc,phases,ref  ] GC(14) Reference Processing: 0.1ms
[4.212s][debug  ][gc,phases,ref  ] GC(14)   Reconsider SoftReferences: 0.0ms
[4.212s][debug  ][gc,phases,ref  ] GC(14)     SoftRef (ms):                  skipped
[4.212s][debug  ][gc,phases,ref  ] GC(14)   Notify Soft/WeakReferences: 0.0ms
[4.212s][debug  ][gc,phases,ref  ] GC(14)     SoftRef (ms):                  skipped
[4.212s][debug  ][gc,phases,ref  ] GC(14)     WeakRef (ms):                  skipped
[4.212s][debug  ][gc,phases,ref  ] GC(14)     FinalRef (ms):                 skipped
[4.212s][debug  ][gc,phases,ref  ] GC(14)     Total (ms):                    skipped
[4.213s][debug  ][gc,phases,ref  ] GC(14)   Notify and keep alive finalizable: 0.0ms
[4.213s][debug  ][gc,phases,ref  ] GC(14)     FinalRef (ms):                 skipped
[4.213s][debug  ][gc,phases,ref  ] GC(14)   Notify PhantomReferences: 0.0ms
[4.213s][debug  ][gc,phases,ref  ] GC(14)     PhantomRef (ms):               skipped
[4.213s][debug  ][gc,phases,ref  ] GC(14)   SoftReference:
[4.213s][debug  ][gc,phases,ref  ] GC(14)     Discovered: 0
[4.213s][debug  ][gc,phases,ref  ] GC(14)     Cleared: 0
[4.213s][debug  ][gc,phases,ref  ] GC(14)   WeakReference:
[4.213s][debug  ][gc,phases,ref  ] GC(14)     Discovered: 0
[4.213s][debug  ][gc,phases,ref  ] GC(14)     Cleared: 0
[4.213s][debug  ][gc,phases,ref  ] GC(14)   FinalReference:
[4.213s][debug  ][gc,phases,ref  ] GC(14)     Discovered: 0
[4.213s][debug  ][gc,phases,ref  ] GC(14)     Cleared: 0
[4.213s][debug  ][gc,phases,ref  ] GC(14)   PhantomReference:
[4.213s][debug  ][gc,phases,ref  ] GC(14)     Discovered: 0
[4.213s][debug  ][gc,phases,ref  ] GC(14)     Cleared: 0
[4.213s][debug  ][gc,phases      ] GC(14) Reference Processing 0.577ms
[4.213s][debug  ][gc,phases,start] GC(14) Weak Processing
[4.213s][debug  ][gc,phases      ] GC(14)   VM Weak                        Min:  0.0, Avg:  0.0, Max:  0.0, Diff:  0.0, Sum:  0.0, Workers: 6
[4.213s][debug  ][gc,phases      ] GC(14)     Dead                           Min: 0, Avg:  0.0, Max: 0, Diff: 0, Sum: 0, Workers: 6
[4.213s][debug  ][gc,phases      ] GC(14)     Total                          Min: 0, Avg:  1.3, Max: 8, Diff: 8, Sum: 8, Workers: 6
[4.213s][debug  ][gc,phases      ] GC(14)   ObjectSynchronizer Weak        Min:  0.0, Avg:  0.0, Max:  0.0, Diff:  0.0, Sum:  0.0, Workers: 6
[4.213s][debug  ][gc,phases      ] GC(14)     Dead                           Min: 0, Avg:  0.0, Max: 0, Diff: 0, Sum: 0, Workers: 6
[4.213s][debug  ][gc,phases      ] GC(14)     Total                          Min: 0, Avg:  0.5, Max: 3, Diff: 3, Sum: 3, Workers: 6
[4.213s][debug  ][gc,phases      ] GC(14)   JVMTI Tag Weak OopStorage      Min:  0.0, Avg:  0.0, Max:  0.0, Diff:  0.0, Sum:  0.0, Workers: 6
[4.213s][debug  ][gc,phases      ] GC(14)     Dead                           Min: 0, Avg:  0.0, Max: 0, Diff: 0, Sum: 0, Workers: 6
[4.213s][debug  ][gc,phases      ] GC(14)     Total                          Min: 0, Avg:  0.0, Max: 0, Diff: 0, Sum: 0, Workers: 6
[4.213s][debug  ][gc,phases      ] GC(14)   StringTable Weak               Min:  0.0, Avg:  0.0, Max:  0.0, Diff:  0.0, Sum:  0.0, Workers: 6
[4.213s][debug  ][gc,phases      ] GC(14)     Dead                           Min: 0, Avg:  0.0, Max: 0, Diff: 0, Sum: 0, Workers: 6
[4.213s][debug  ][gc,phases      ] GC(14)     Total                          Min: 768, Avg: 892.8, Max: 1152, Diff: 384, Sum: 5357, Workers: 6
[4.213s][debug  ][gc,phases      ] GC(14)   ResolvedMethodTable Weak       Min:  0.0, Avg:  0.0, Max:  0.0, Diff:  0.0, Sum:  0.0, Workers: 6
[4.213s][debug  ][gc,phases      ] GC(14)     Dead                           Min: 0, Avg:  0.0, Max: 0, Diff: 0, Sum: 0, Workers: 6
[4.213s][debug  ][gc,phases      ] GC(14)     Total                          Min: 0, Avg: 21.7, Max: 64, Diff: 64, Sum: 130, Workers: 6
[4.213s][debug  ][gc,phases      ] GC(14)   JNI Weak                       Min:  0.0, Avg:  0.0, Max:  0.0, Diff:  0.0, Sum:  0.0, Workers: 6
[4.213s][debug  ][gc,phases      ] GC(14)     Dead                           Min: 0, Avg:  0.0, Max: 0, Diff: 0, Sum: 0, Workers: 6
[4.213s][debug  ][gc,phases      ] GC(14)     Total                          Min: 0, Avg:  0.0, Max: 0, Diff: 0, Sum: 0, Workers: 6
[4.213s][debug  ][gc,phases      ] GC(14)   StringDedup Table Weak         Min:  0.0, Avg:  0.0, Max:  0.0, Diff:  0.0, Sum:  0.0, Workers: 6
[4.213s][debug  ][gc,phases      ] GC(14)     Dead                           Min: 0, Avg:  0.0, Max: 0, Diff: 0, Sum: 0, Workers: 6
[4.213s][debug  ][gc,phases      ] GC(14)     Total                          Min: 0, Avg:  0.0, Max: 0, Diff: 0, Sum: 0, Workers: 6
[4.213s][debug  ][gc,phases      ] GC(14)   StringDedup Requests0 Weak     Min:  0.0, Avg:  0.0, Max:  0.0, Diff:  0.0, Sum:  0.0, Workers: 6
[4.213s][debug  ][gc,phases      ] GC(14)     Dead                           Min: 0, Avg:  0.0, Max: 0, Diff: 0, Sum: 0, Workers: 6
[4.213s][debug  ][gc,phases      ] GC(14)     Total                          Min: 0, Avg:  0.0, Max: 0, Diff: 0, Sum: 0, Workers: 6
[4.213s][debug  ][gc,phases      ] GC(14)   StringDedup Requests1 Weak     Min:  0.0, Avg:  0.0, Max:  0.0, Diff:  0.0, Sum:  0.0, Workers: 6
[4.213s][debug  ][gc,phases      ] GC(14)     Dead                           Min: 0, Avg:  0.0, Max: 0, Diff: 0, Sum: 0, Workers: 6
[4.213s][debug  ][gc,phases      ] GC(14)     Total                          Min: 0, Avg:  0.0, Max: 0, Diff: 0, Sum: 0, Workers: 6
[4.213s][debug  ][gc,phases      ] GC(14)   Weak JFR Old Object Samples    Min:  0.0, Avg:  0.0, Max:  0.0, Diff:  0.0, Sum:  0.0, Workers: 6
[4.213s][debug  ][gc,phases      ] GC(14)     Dead                           Min: 0, Avg:  0.0, Max: 0, Diff: 0, Sum: 0, Workers: 6
[4.213s][debug  ][gc,phases      ] GC(14)     Total                          Min: 0, Avg:  0.0, Max: 0, Diff: 0, Sum: 0, Workers: 6
[4.214s][debug  ][gc,phases      ] GC(14) Weak Processing 0.669ms
[4.214s][debug  ][gc,ergo        ] GC(14) AdaptiveSizeStart:  collection: 15 
[4.214s][debug  ][gc,ergo        ] GC(14) avg_survived_padded_avg: 33788296.000000
[4.214s][debug  ][gc,ergo        ] GC(14) avg_promoted_padded_avg: 235365152.000000  avg_pretenured_padded_avg: 0.000000  tenuring_thresh: 1  target_size: 34078720
[4.214s][debug  ][gc,age         ] GC(14) Desired survivor size 34078720 bytes, new threshold 1 (max threshold 15)
[4.214s][debug  ][gc,ergo        ] GC(14) PSAdaptiveSizePolicy::compute_eden_space_size limits: desired_eden_size: 270795049 old_eden_size: 200278016 eden_limit: 200278016 cur_eden: 200278016 max_eden_size: 200278016 avg_young_live: 27138928
[4.214s][debug  ][gc,ergo        ] GC(14) PSAdaptiveSizePolicy::compute_eden_space_size: costs minor_time: 0.048526 major_cost: 0.034455 mutator_cost: 0.917018 throughput_goal: 0.990000
[4.214s][debug  ][gc,ergo        ] GC(14) Live_space: 790080256 free_space: 581435392
[4.214s][debug  ][gc,ergo        ] GC(14) Old eden_size: 200278016 desired_eden_size: 200278016
[4.214s][debug  ][gc,ergo        ] GC(14) AdaptiveSizeStop: collection: 15 
[4.214s][info   ][gc,heap        ] GC(14) PSYoungGen: 188101K(228864K)->30720K(228864K) Eden: 188101K(195584K)->0K(195584K) From: 0K(33280K)->30720K(33280K)
[4.214s][info   ][gc,heap        ] GC(14) ParOldGen: 155235K(763904K)->308835K(763904K)
[4.214s][info   ][gc,metaspace   ] GC(14) Metaspace: 1019K(1152K)->1019K(1152K) NonClass: 935K(960K)->935K(960K) Class: 83K(192K)->83K(192K)
[4.214s][info   ][gc             ] GC(14) Pause Young (Allocation Failure) 335M->331M(969M) 13.778ms
[4.214s][info   ][gc,cpu         ] GC(14) User=0.00s Sys=0.00s Real=0.01s
[4.214s][debug  ][gc,heap        ] GC(14) Heap after GC invocations=15 (full 2):
[4.214s][debug  ][gc,heap        ] GC(14)  PSYoungGen      total 228864K, used 30720K [0x00000000f0000000, 0x0000000100000000, 0x0000000100000000)
[4.214s][debug  ][gc,heap        ] GC(14)   eden space 195584K, 0% used [0x00000000f0000000,0x00000000f0000000,0x00000000fbf00000)
[4.214s][debug  ][gc,heap        ] GC(14)   from space 33280K, 92% used [0x00000000fbf00000,0x00000000fdd00030,0x00000000fdf80000)
[4.214s][debug  ][gc,heap        ] GC(14)   to   space 33280K, 0% used [0x00000000fdf80000,0x00000000fdf80000,0x0000000100000000)
[4.214s][debug  ][gc,heap        ] GC(14)  ParOldGen       total 763904K, used 308835K [0x0000000080000000, 0x00000000aea00000, 0x00000000f0000000)
[4.214s][debug  ][gc,heap        ] GC(14)   object space 763904K, 40% used [0x0000000080000000,0x0000000092d98e68,0x00000000aea00000)
[4.214s][debug  ][gc,heap        ] GC(14)  Metaspace       used 1019K, committed 1152K, reserved 1056768K
[4.214s][debug  ][gc,heap        ] GC(14)   class space    used 83K, committed 192K, reserved 1048576K
[4.214s][debug  ][gc,task,time   ] GC(14) VM-Thread 41996702 42122424 42140419
[4.499s][debug  ][gc,heap        ] GC(15) Heap before GC invocations=16 (full 2):
[4.499s][debug  ][gc,heap        ] GC(15)  PSYoungGen      total 228864K, used 218765K [0x00000000f0000000, 0x0000000100000000, 0x0000000100000000)
[4.499s][debug  ][gc,heap        ] GC(15)   eden space 195584K, 96% used [0x00000000f0000000,0x00000000fb7a3408,0x00000000fbf00000)
[4.499s][debug  ][gc,heap        ] GC(15)   from space 33280K, 92% used [0x00000000fbf00000,0x00000000fdd00030,0x00000000fdf80000)
[4.499s][debug  ][gc,heap        ] GC(15)   to   space 33280K, 0% used [0x00000000fdf80000,0x00000000fdf80000,0x0000000100000000)
[4.499s][debug  ][gc,heap        ] GC(15)  ParOldGen       total 763904K, used 308835K [0x0000000080000000, 0x00000000aea00000, 0x00000000f0000000)
[4.499s][debug  ][gc,heap        ] GC(15)   object space 763904K, 40% used [0x0000000080000000,0x0000000092d98e68,0x00000000aea00000)
[4.499s][debug  ][gc,heap        ] GC(15)  Metaspace       used 1019K, committed 1152K, reserved 1056768K
[4.499s][debug  ][gc,heap        ] GC(15)   class space    used 83K, committed 192K, reserved 1048576K
[4.499s][debug  ][gc,tlab        ] GC(15) TLAB totals: thrds: 1  refills: 1 max: 1 slow allocs: 17 max 17 waste: 26.7% gc: 3814120B max: 3814120B slow: 0B max: 0B
[4.499s][info   ][gc,start       ] GC(15) Pause Young (Allocation Failure)
[4.499s][debug  ][gc,phases,start] GC(15) Scavenge
[4.513s][debug  ][gc,phases      ] GC(15) Scavenge 14.045ms
[4.514s][debug  ][gc,phases,start] GC(15) Reference Processing
[4.514s][debug  ][gc,ref         ] GC(15) Skipped phase 1 of Reference Processing: no references
[4.514s][debug  ][gc,ref         ] GC(15) Skipped phase 2 of Reference Processing: no references
[4.514s][debug  ][gc,ref         ] GC(15) Skipped phase 3 of Reference Processing: no references
[4.514s][debug  ][gc,ref         ] GC(15) Skipped phase 4 of Reference Processing: no references
[4.514s][debug  ][gc,phases,ref  ] GC(15) Reference Processing: 0.1ms
[4.514s][debug  ][gc,phases,ref  ] GC(15)   Reconsider SoftReferences: 0.0ms
[4.514s][debug  ][gc,phases,ref  ] GC(15)     SoftRef (ms):                  skipped
[4.514s][debug  ][gc,phases,ref  ] GC(15)   Notify Soft/WeakReferences: 0.0ms
[4.514s][debug  ][gc,phases,ref  ] GC(15)     SoftRef (ms):                  skipped
[4.514s][debug  ][gc,phases,ref  ] GC(15)     WeakRef (ms):                  skipped
[4.514s][debug  ][gc,phases,ref  ] GC(15)     FinalRef (ms):                 skipped
[4.514s][debug  ][gc,phases,ref  ] GC(15)     Total (ms):                    skipped
[4.514s][debug  ][gc,phases,ref  ] GC(15)   Notify and keep alive finalizable: 0.0ms
[4.514s][debug  ][gc,phases,ref  ] GC(15)     FinalRef (ms):                 skipped
[4.514s][debug  ][gc,phases,ref  ] GC(15)   Notify PhantomReferences: 0.0ms
[4.514s][debug  ][gc,phases,ref  ] GC(15)     PhantomRef (ms):               skipped
[4.514s][debug  ][gc,phases,ref  ] GC(15)   SoftReference:
[4.514s][debug  ][gc,phases,ref  ] GC(15)     Discovered: 0
[4.514s][debug  ][gc,phases,ref  ] GC(15)     Cleared: 0
[4.514s][debug  ][gc,phases,ref  ] GC(15)   WeakReference:
[4.514s][debug  ][gc,phases,ref  ] GC(15)     Discovered: 0
[4.514s][debug  ][gc,phases,ref  ] GC(15)     Cleared: 0
[4.514s][debug  ][gc,phases,ref  ] GC(15)   FinalReference:
[4.514s][debug  ][gc,phases,ref  ] GC(15)     Discovered: 0
[4.514s][debug  ][gc,phases,ref  ] GC(15)     Cleared: 0
[4.514s][debug  ][gc,phases,ref  ] GC(15)   PhantomReference:
[4.514s][debug  ][gc,phases,ref  ] GC(15)     Discovered: 0
[4.514s][debug  ][gc,phases,ref  ] GC(15)     Cleared: 0
[4.514s][debug  ][gc,phases      ] GC(15) Reference Processing 0.650ms
[4.514s][debug  ][gc,phases,start] GC(15) Weak Processing
[4.514s][debug  ][gc,phases      ] GC(15)   VM Weak                        Min:  0.0, Avg:  0.0, Max:  0.0, Diff:  0.0, Sum:  0.0, Workers: 6
[4.514s][debug  ][gc,phases      ] GC(15)     Dead                           Min: 0, Avg:  0.0, Max: 0, Diff: 0, Sum: 0, Workers: 6
[4.514s][debug  ][gc,phases      ] GC(15)     Total                          Min: 0, Avg:  1.3, Max: 8, Diff: 8, Sum: 8, Workers: 6
[4.514s][debug  ][gc,phases      ] GC(15)   ObjectSynchronizer Weak        Min:  0.0, Avg:  0.0, Max:  0.0, Diff:  0.0, Sum:  0.0, Workers: 6
[4.514s][debug  ][gc,phases      ] GC(15)     Dead                           Min: 0, Avg:  0.0, Max: 0, Diff: 0, Sum: 0, Workers: 6
[4.514s][debug  ][gc,phases      ] GC(15)     Total                          Min: 0, Avg:  0.5, Max: 3, Diff: 3, Sum: 3, Workers: 6
[4.514s][debug  ][gc,phases      ] GC(15)   JVMTI Tag Weak OopStorage      Min:  0.0, Avg:  0.0, Max:  0.0, Diff:  0.0, Sum:  0.0, Workers: 6
[4.514s][debug  ][gc,phases      ] GC(15)     Dead                           Min: 0, Avg:  0.0, Max: 0, Diff: 0, Sum: 0, Workers: 6
[4.514s][debug  ][gc,phases      ] GC(15)     Total                          Min: 0, Avg:  0.0, Max: 0, Diff: 0, Sum: 0, Workers: 6
[4.514s][debug  ][gc,phases      ] GC(15)   StringTable Weak               Min:  0.0, Avg:  0.0, Max:  0.0, Diff:  0.0, Sum:  0.0, Workers: 6
[4.515s][debug  ][gc,phases      ] GC(15)     Dead                           Min: 0, Avg:  0.0, Max: 0, Diff: 0, Sum: 0, Workers: 6
[4.515s][debug  ][gc,phases      ] GC(15)     Total                          Min: 768, Avg: 892.8, Max: 1215, Diff: 447, Sum: 5357, Workers: 6
[4.515s][debug  ][gc,phases      ] GC(15)   ResolvedMethodTable Weak       Min:  0.0, Avg:  0.0, Max:  0.0, Diff:  0.0, Sum:  0.0, Workers: 6
[4.515s][debug  ][gc,phases      ] GC(15)     Dead                           Min: 0, Avg:  0.0, Max: 0, Diff: 0, Sum: 0, Workers: 6
[4.515s][debug  ][gc,phases      ] GC(15)     Total                          Min: 0, Avg: 21.7, Max: 64, Diff: 64, Sum: 130, Workers: 6
[4.515s][debug  ][gc,phases      ] GC(15)   JNI Weak                       Min:  0.0, Avg:  0.0, Max:  0.0, Diff:  0.0, Sum:  0.0, Workers: 6
[4.515s][debug  ][gc,phases      ] GC(15)     Dead                           Min: 0, Avg:  0.0, Max: 0, Diff: 0, Sum: 0, Workers: 6
[4.515s][debug  ][gc,phases      ] GC(15)     Total                          Min: 0, Avg:  0.0, Max: 0, Diff: 0, Sum: 0, Workers: 6
[4.515s][debug  ][gc,phases      ] GC(15)   StringDedup Table Weak         Min:  0.0, Avg:  0.0, Max:  0.0, Diff:  0.0, Sum:  0.0, Workers: 6
[4.515s][debug  ][gc,phases      ] GC(15)     Dead                           Min: 0, Avg:  0.0, Max: 0, Diff: 0, Sum: 0, Workers: 6
[4.515s][debug  ][gc,phases      ] GC(15)     Total                          Min: 0, Avg:  0.0, Max: 0, Diff: 0, Sum: 0, Workers: 6
[4.515s][debug  ][gc,phases      ] GC(15)   StringDedup Requests0 Weak     Min:  0.0, Avg:  0.0, Max:  0.0, Diff:  0.0, Sum:  0.0, Workers: 6
[4.515s][debug  ][gc,phases      ] GC(15)     Dead                           Min: 0, Avg:  0.0, Max: 0, Diff: 0, Sum: 0, Workers: 6
[4.515s][debug  ][gc,phases      ] GC(15)     Total                          Min: 0, Avg:  0.0, Max: 0, Diff: 0, Sum: 0, Workers: 6
[4.515s][debug  ][gc,phases      ] GC(15)   StringDedup Requests1 Weak     Min:  0.0, Avg:  0.0, Max:  0.0, Diff:  0.0, Sum:  0.0, Workers: 6
[4.515s][debug  ][gc,phases      ] GC(15)     Dead                           Min: 0, Avg:  0.0, Max: 0, Diff: 0, Sum: 0, Workers: 6
[4.515s][debug  ][gc,phases      ] GC(15)     Total                          Min: 0, Avg:  0.0, Max: 0, Diff: 0, Sum: 0, Workers: 6
[4.515s][debug  ][gc,phases      ] GC(15)   Weak JFR Old Object Samples    Min:  0.0, Avg:  0.0, Max:  0.0, Diff:  0.0, Sum:  0.0, Workers: 6
[4.515s][debug  ][gc,phases      ] GC(15)     Dead                           Min: 0, Avg:  0.0, Max: 0, Diff: 0, Sum: 0, Workers: 6
[4.515s][debug  ][gc,phases      ] GC(15)     Total                          Min: 0, Avg:  0.0, Max: 0, Diff: 0, Sum: 0, Workers: 6
[4.515s][debug  ][gc,phases      ] GC(15) Weak Processing 0.706ms
[4.515s][debug  ][gc,ergo        ] GC(15) AdaptiveSizeStart:  collection: 16 
[4.515s][debug  ][gc,ergo        ] GC(15) avg_survived_padded_avg: 33747424.000000
[4.515s][debug  ][gc,ergo        ] GC(15) avg_promoted_padded_avg: 237380624.000000  avg_pretenured_padded_avg: 0.000000  tenuring_thresh: 1  target_size: 34078720
[4.515s][debug  ][gc,age         ] GC(15) Desired survivor size 34078720 bytes, new threshold 1 (max threshold 15)
[4.515s][debug  ][gc,ergo        ] GC(15) PSAdaptiveSizePolicy::compute_eden_space_size limits: desired_eden_size: 271236987 old_eden_size: 200278016 eden_limit: 200278016 cur_eden: 200278016 max_eden_size: 200278016 avg_young_live: 27570766
[4.515s][debug  ][gc,ergo        ] GC(15) PSAdaptiveSizePolicy::compute_eden_space_size: costs minor_time: 0.049265 major_cost: 0.034455 mutator_cost: 0.916279 throughput_goal: 0.990000
[4.515s][debug  ][gc,ergo        ] GC(15) Live_space: 790512064 free_space: 581435392
[4.515s][debug  ][gc,ergo        ] GC(15) Old eden_size: 200278016 desired_eden_size: 200278016
[4.515s][debug  ][gc,ergo        ] GC(15) AdaptiveSizeStop: collection: 16 
[4.515s][info   ][gc,heap        ] GC(15) PSYoungGen: 218765K(228864K)->30720K(228864K) Eden: 188045K(195584K)->0K(195584K) From: 30720K(33280K)->30720K(33280K)
[4.515s][info   ][gc,heap        ] GC(15) ParOldGen: 308835K(763904K)->493155K(763904K)
[4.515s][info   ][gc,metaspace   ] GC(15) Metaspace: 1019K(1152K)->1019K(1152K) NonClass: 935K(960K)->935K(960K) Class: 83K(192K)->83K(192K)
[4.515s][info   ][gc             ] GC(15) Pause Young (Allocation Failure) 515M->511M(969M) 15.833ms
[4.515s][info   ][gc,cpu         ] GC(15) User=0.14s Sys=0.00s Real=0.02s
[4.515s][debug  ][gc,heap        ] GC(15) Heap after GC invocations=16 (full 2):
[4.515s][debug  ][gc,heap        ] GC(15)  PSYoungGen      total 228864K, used 30720K [0x00000000f0000000, 0x0000000100000000, 0x0000000100000000)
[4.515s][debug  ][gc,heap        ] GC(15)   eden space 195584K, 0% used [0x00000000f0000000,0x00000000f0000000,0x00000000fbf00000)
[4.515s][debug  ][gc,heap        ] GC(15)   from space 33280K, 92% used [0x00000000fdf80000,0x00000000ffd80030,0x0000000100000000)
[4.515s][debug  ][gc,heap        ] GC(15)   to   space 33280K, 0% used [0x00000000fbf00000,0x00000000fbf00000,0x00000000fdf80000)
[4.515s][debug  ][gc,heap        ] GC(15)  ParOldGen       total 763904K, used 493155K [0x0000000080000000, 0x00000000aea00000, 0x00000000f0000000)
[4.515s][debug  ][gc,heap        ] GC(15)   object space 763904K, 64% used [0x0000000080000000,0x000000009e198f88,0x00000000aea00000)
[4.515s][debug  ][gc,heap        ] GC(15)  Metaspace       used 1019K, committed 1152K, reserved 1056768K
[4.515s][debug  ][gc,heap        ] GC(15)   class space    used 83K, committed 192K, reserved 1048576K
[4.515s][debug  ][gc,task,time   ] GC(15) VM-Thread 44989976 45135450 45154620
[4.798s][debug  ][gc,heap        ] GC(16) Heap before GC invocations=17 (full 2):
[4.798s][debug  ][gc,heap        ] GC(16)  PSYoungGen      total 228864K, used 218803K [0x00000000f0000000, 0x0000000100000000, 0x0000000100000000)
[4.798s][debug  ][gc,heap        ] GC(16)   eden space 195584K, 96% used [0x00000000f0000000,0x00000000fb7acd48,0x00000000fbf00000)
[4.798s][debug  ][gc,heap        ] GC(16)   from space 33280K, 92% used [0x00000000fdf80000,0x00000000ffd80030,0x0000000100000000)
[4.798s][debug  ][gc,heap        ] GC(16)   to   space 33280K, 0% used [0x00000000fbf00000,0x00000000fbf00000,0x00000000fdf80000)
[4.798s][debug  ][gc,heap        ] GC(16)  ParOldGen       total 763904K, used 493155K [0x0000000080000000, 0x00000000aea00000, 0x00000000f0000000)
[4.798s][debug  ][gc,heap        ] GC(16)   object space 763904K, 64% used [0x0000000080000000,0x000000009e198f88,0x00000000aea00000)
[4.798s][debug  ][gc,heap        ] GC(16)  Metaspace       used 1019K, committed 1152K, reserved 1056768K
[4.798s][debug  ][gc,heap        ] GC(16)   class space    used 83K, committed 192K, reserved 1048576K
[4.798s][debug  ][gc,tlab        ] GC(16) TLAB totals: thrds: 1  refills: 1 max: 1 slow allocs: 17 max 17 waste: 26.9% gc: 3853352B max: 3853352B slow: 0B max: 0B
[4.798s][info   ][gc,start       ] GC(16) Pause Young (Allocation Failure)
[4.798s][debug  ][gc,phases,start] GC(16) Scavenge
[4.813s][debug  ][gc,phases      ] GC(16) Scavenge 14.891ms
[4.813s][debug  ][gc,phases,start] GC(16) Reference Processing
[4.813s][debug  ][gc,ref         ] GC(16) Skipped phase 1 of Reference Processing: no references
[4.813s][debug  ][gc,ref         ] GC(16) Skipped phase 2 of Reference Processing: no references
[4.813s][debug  ][gc,ref         ] GC(16) Skipped phase 3 of Reference Processing: no references
[4.813s][debug  ][gc,ref         ] GC(16) Skipped phase 4 of Reference Processing: no references
[4.813s][debug  ][gc,phases,ref  ] GC(16) Reference Processing: 0.1ms
[4.813s][debug  ][gc,phases,ref  ] GC(16)   Reconsider SoftReferences: 0.0ms
[4.813s][debug  ][gc,phases,ref  ] GC(16)     SoftRef (ms):                  skipped
[4.813s][debug  ][gc,phases,ref  ] GC(16)   Notify Soft/WeakReferences: 0.0ms
[4.813s][debug  ][gc,phases,ref  ] GC(16)     SoftRef (ms):                  skipped
[4.813s][debug  ][gc,phases,ref  ] GC(16)     WeakRef (ms):                  skipped
[4.813s][debug  ][gc,phases,ref  ] GC(16)     FinalRef (ms):                 skipped
[4.813s][debug  ][gc,phases,ref  ] GC(16)     Total (ms):                    skipped
[4.813s][debug  ][gc,phases,ref  ] GC(16)   Notify and keep alive finalizable: 0.0ms
[4.814s][debug  ][gc,phases,ref  ] GC(16)     FinalRef (ms):                 skipped
[4.814s][debug  ][gc,phases,ref  ] GC(16)   Notify PhantomReferences: 0.0ms
[4.814s][debug  ][gc,phases,ref  ] GC(16)     PhantomRef (ms):               skipped
[4.814s][debug  ][gc,phases,ref  ] GC(16)   SoftReference:
[4.814s][debug  ][gc,phases,ref  ] GC(16)     Discovered: 0
[4.814s][debug  ][gc,phases,ref  ] GC(16)     Cleared: 0
[4.814s][debug  ][gc,phases,ref  ] GC(16)   WeakReference:
[4.814s][debug  ][gc,phases,ref  ] GC(16)     Discovered: 0
[4.814s][debug  ][gc,phases,ref  ] GC(16)     Cleared: 0
[4.814s][debug  ][gc,phases,ref  ] GC(16)   FinalReference:
[4.814s][debug  ][gc,phases,ref  ] GC(16)     Discovered: 0
[4.814s][debug  ][gc,phases,ref  ] GC(16)     Cleared: 0
[4.814s][debug  ][gc,phases,ref  ] GC(16)   PhantomReference:
[4.814s][debug  ][gc,phases,ref  ] GC(16)     Discovered: 0
[4.814s][debug  ][gc,phases,ref  ] GC(16)     Cleared: 0
[4.814s][debug  ][gc,phases      ] GC(16) Reference Processing 0.702ms
[4.814s][debug  ][gc,phases,start] GC(16) Weak Processing
[4.814s][debug  ][gc,phases      ] GC(16)   VM Weak                        Min:  0.0, Avg:  0.0, Max:  0.0, Diff:  0.0, Sum:  0.0, Workers: 6
[4.814s][debug  ][gc,phases      ] GC(16)     Dead                           Min: 0, Avg:  0.0, Max: 0, Diff: 0, Sum: 0, Workers: 6
[4.814s][debug  ][gc,phases      ] GC(16)     Total                          Min: 0, Avg:  1.3, Max: 8, Diff: 8, Sum: 8, Workers: 6
[4.814s][debug  ][gc,phases      ] GC(16)   ObjectSynchronizer Weak        Min:  0.0, Avg:  0.0, Max:  0.0, Diff:  0.0, Sum:  0.0, Workers: 6
[4.814s][debug  ][gc,phases      ] GC(16)     Dead                           Min: 0, Avg:  0.0, Max: 0, Diff: 0, Sum: 0, Workers: 6
[4.814s][debug  ][gc,phases      ] GC(16)     Total                          Min: 0, Avg:  0.5, Max: 3, Diff: 3, Sum: 3, Workers: 6
[4.814s][debug  ][gc,phases      ] GC(16)   JVMTI Tag Weak OopStorage      Min:  0.0, Avg:  0.0, Max:  0.0, Diff:  0.0, Sum:  0.0, Workers: 6
[4.814s][debug  ][gc,phases      ] GC(16)     Dead                           Min: 0, Avg:  0.0, Max: 0, Diff: 0, Sum: 0, Workers: 6
[4.814s][debug  ][gc,phases      ] GC(16)     Total                          Min: 0, Avg:  0.0, Max: 0, Diff: 0, Sum: 0, Workers: 6
[4.814s][debug  ][gc,phases      ] GC(16)   StringTable Weak               Min:  0.0, Avg:  0.0, Max:  0.0, Diff:  0.0, Sum:  0.0, Workers: 6
[4.814s][debug  ][gc,phases      ] GC(16)     Dead                           Min: 0, Avg:  0.0, Max: 0, Diff: 0, Sum: 0, Workers: 6
[4.814s][debug  ][gc,phases      ] GC(16)     Total                          Min: 575, Avg: 892.8, Max: 1152, Diff: 577, Sum: 5357, Workers: 6
[4.814s][debug  ][gc,phases      ] GC(16)   ResolvedMethodTable Weak       Min:  0.0, Avg:  0.0, Max:  0.0, Diff:  0.0, Sum:  0.0, Workers: 6
[4.814s][debug  ][gc,phases      ] GC(16)     Dead                           Min: 0, Avg:  0.0, Max: 0, Diff: 0, Sum: 0, Workers: 6
[4.814s][debug  ][gc,phases      ] GC(16)     Total                          Min: 0, Avg: 21.7, Max: 64, Diff: 64, Sum: 130, Workers: 6
[4.814s][debug  ][gc,phases      ] GC(16)   JNI Weak                       Min:  0.0, Avg:  0.0, Max:  0.0, Diff:  0.0, Sum:  0.0, Workers: 6
[4.814s][debug  ][gc,phases      ] GC(16)     Dead                           Min: 0, Avg:  0.0, Max: 0, Diff: 0, Sum: 0, Workers: 6
[4.814s][debug  ][gc,phases      ] GC(16)     Total                          Min: 0, Avg:  0.0, Max: 0, Diff: 0, Sum: 0, Workers: 6
[4.814s][debug  ][gc,phases      ] GC(16)   StringDedup Table Weak         Min:  0.0, Avg:  0.0, Max:  0.0, Diff:  0.0, Sum:  0.0, Workers: 6
[4.814s][debug  ][gc,phases      ] GC(16)     Dead                           Min: 0, Avg:  0.0, Max: 0, Diff: 0, Sum: 0, Workers: 6
[4.815s][debug  ][gc,phases      ] GC(16)     Total                          Min: 0, Avg:  0.0, Max: 0, Diff: 0, Sum: 0, Workers: 6
[4.815s][debug  ][gc,phases      ] GC(16)   StringDedup Requests0 Weak     Min:  0.0, Avg:  0.0, Max:  0.0, Diff:  0.0, Sum:  0.0, Workers: 6
[4.815s][debug  ][gc,phases      ] GC(16)     Dead                           Min: 0, Avg:  0.0, Max: 0, Diff: 0, Sum: 0, Workers: 6
[4.815s][debug  ][gc,phases      ] GC(16)     Total                          Min: 0, Avg:  0.0, Max: 0, Diff: 0, Sum: 0, Workers: 6
[4.815s][debug  ][gc,phases      ] GC(16)   StringDedup Requests1 Weak     Min:  0.0, Avg:  0.0, Max:  0.0, Diff:  0.0, Sum:  0.0, Workers: 6
[4.815s][debug  ][gc,phases      ] GC(16)     Dead                           Min: 0, Avg:  0.0, Max: 0, Diff: 0, Sum: 0, Workers: 6
[4.815s][debug  ][gc,phases      ] GC(16)     Total                          Min: 0, Avg:  0.0, Max: 0, Diff: 0, Sum: 0, Workers: 6
[4.815s][debug  ][gc,phases      ] GC(16)   Weak JFR Old Object Samples    Min:  0.0, Avg:  0.0, Max:  0.0, Diff:  0.0, Sum:  0.0, Workers: 6
[4.815s][debug  ][gc,phases      ] GC(16)     Dead                           Min: 0, Avg:  0.0, Max: 0, Diff: 0, Sum: 0, Workers: 6
[4.815s][debug  ][gc,phases      ] GC(16)     Total                          Min: 0, Avg:  0.0, Max: 0, Diff: 0, Sum: 0, Workers: 6
[4.815s][debug  ][gc,phases      ] GC(16) Weak Processing 0.883ms
[4.815s][debug  ][gc,ergo        ] GC(16) AdaptiveSizeStart:  collection: 17 
[4.815s][debug  ][gc,ergo        ] GC(16) avg_survived_padded_avg: 33691420.000000
[4.815s][debug  ][gc,ergo        ] GC(16) avg_promoted_padded_avg: 238526800.000000  avg_pretenured_padded_avg: 0.000000  tenuring_thresh: 1  target_size: 34078720
[4.815s][debug  ][gc,age         ] GC(16) Desired survivor size 34078720 bytes, new threshold 1 (max threshold 15)
[4.815s][debug  ][gc,ergo        ] GC(16) PSAdaptiveSizePolicy::compute_eden_space_size limits: desired_eden_size: 272127234 old_eden_size: 200278016 eden_limit: 200278016 cur_eden: 200278016 max_eden_size: 200278016 avg_young_live: 27959420
[4.815s][debug  ][gc,ergo        ] GC(16) PSAdaptiveSizePolicy::compute_eden_space_size: costs minor_time: 0.050795 major_cost: 0.034455 mutator_cost: 0.914750 throughput_goal: 0.990000
[4.815s][debug  ][gc,ergo        ] GC(16) Live_space: 790900736 free_space: 581435392
[4.815s][debug  ][gc,ergo        ] GC(16) Old eden_size: 200278016 desired_eden_size: 200278016
[4.815s][debug  ][gc,ergo        ] GC(16) AdaptiveSizeStop: collection: 17 
[4.815s][info   ][gc,heap        ] GC(16) PSYoungGen: 218803K(228864K)->30720K(228864K) Eden: 188083K(195584K)->0K(195584K) From: 30720K(33280K)->30720K(33280K)
[4.815s][info   ][gc,heap        ] GC(16) ParOldGen: 493155K(763904K)->677476K(763904K)
[4.815s][info   ][gc,metaspace   ] GC(16) Metaspace: 1019K(1152K)->1019K(1152K) NonClass: 935K(960K)->935K(960K) Class: 83K(192K)->83K(192K)
[4.815s][info   ][gc             ] GC(16) Pause Young (Allocation Failure) 695M->691M(969M) 16.940ms
[4.815s][info   ][gc,cpu         ] GC(16) User=0.16s Sys=0.00s Real=0.02s
[4.815s][debug  ][gc,heap        ] GC(16) Heap after GC invocations=17 (full 2):
[4.815s][debug  ][gc,heap        ] GC(16)  PSYoungGen      total 228864K, used 30720K [0x00000000f0000000, 0x0000000100000000, 0x0000000100000000)
[4.815s][debug  ][gc,heap        ] GC(16)   eden space 195584K, 0% used [0x00000000f0000000,0x00000000f0000000,0x00000000fbf00000)
[4.815s][debug  ][gc,heap        ] GC(16)   from space 33280K, 92% used [0x00000000fbf00000,0x00000000fdd00030,0x00000000fdf80000)
[4.815s][debug  ][gc,heap        ] GC(16)   to   space 33280K, 0% used [0x00000000fdf80000,0x00000000fdf80000,0x0000000100000000)
[4.815s][debug  ][gc,heap        ] GC(16)  ParOldGen       total 763904K, used 677476K [0x0000000080000000, 0x00000000aea00000, 0x00000000f0000000)
[4.815s][debug  ][gc,heap        ] GC(16)   object space 763904K, 88% used [0x0000000080000000,0x00000000a95990a8,0x00000000aea00000)
[4.815s][debug  ][gc,heap        ] GC(16)  Metaspace       used 1019K, committed 1152K, reserved 1056768K
[4.815s][debug  ][gc,heap        ] GC(16)   class space    used 83K, committed 192K, reserved 1048576K
[4.815s][debug  ][gc,task,time   ] GC(16) VM-Thread 47976904 48131672 48153253
[4.815s][debug  ][gc,phases,start] GC(17) Pre Compact
[4.815s][debug  ][gc,heap        ] GC(17) Heap before GC invocations=18 (full 3):
[4.815s][debug  ][gc,heap        ] GC(17)  PSYoungGen      total 228864K, used 30720K [0x00000000f0000000, 0x0000000100000000, 0x0000000100000000)
[4.815s][debug  ][gc,heap        ] GC(17)   eden space 195584K, 0% used [0x00000000f0000000,0x00000000f0000000,0x00000000fbf00000)
[4.815s][debug  ][gc,heap        ] GC(17)   from space 33280K, 92% used [0x00000000fbf00000,0x00000000fdd00030,0x00000000fdf80000)
[4.815s][debug  ][gc,heap        ] GC(17)   to   space 33280K, 0% used [0x00000000fdf80000,0x00000000fdf80000,0x0000000100000000)
[4.815s][debug  ][gc,heap        ] GC(17)  ParOldGen       total 763904K, used 677476K [0x0000000080000000, 0x00000000aea00000, 0x00000000f0000000)
[4.815s][debug  ][gc,heap        ] GC(17)   object space 763904K, 88% used [0x0000000080000000,0x00000000a95990a8,0x00000000aea00000)
[4.816s][debug  ][gc,heap        ] GC(17)  Metaspace       used 1019K, committed 1152K, reserved 1056768K
[4.816s][debug  ][gc,heap        ] GC(17)   class space    used 83K, committed 192K, reserved 1048576K
[4.816s][debug  ][gc,phases      ] GC(17) Pre Compact 0.204ms
[4.816s][info   ][gc,start       ] GC(17) Pause Full (Ergonomics)
[4.816s][info   ][gc,phases,start] GC(17) Marking Phase
[4.816s][debug  ][gc,phases,start] GC(17) Par Mark
[4.816s][debug  ][gc,phases      ] GC(17) Par Mark 0.522ms
[4.816s][debug  ][gc,phases,start] GC(17) Reference Processing
[4.816s][debug  ][gc,ref         ] GC(17) Skipped phase 1 of Reference Processing: no references
[4.816s][debug  ][gc,ref         ] GC(17) ReferenceProcessor::execute queues: 1, RefProcThreadModel::Single, marks_oops_alive: false
[4.816s][debug  ][gc,ref         ] GC(17) Skipped phase 3 of Reference Processing: no references
[4.816s][debug  ][gc,ref         ] GC(17) ReferenceProcessor::execute queues: 1, RefProcThreadModel::Single, marks_oops_alive: false
[4.816s][debug  ][gc,phases,ref  ] GC(17) Reference Processing: 0.1ms
[4.816s][debug  ][gc,phases,ref  ] GC(17)   Reconsider SoftReferences: 0.0ms
[4.816s][debug  ][gc,phases,ref  ] GC(17)     SoftRef (ms):                  skipped
[4.816s][debug  ][gc,phases,ref  ] GC(17)   Notify Soft/WeakReferences: 0.0ms
[4.816s][debug  ][gc,phases,ref  ] GC(17)     SoftRef (ms):                  Min:  0.0, Avg:  0.0, Max:  0.0, Diff:  0.0, Sum:  0.0, Workers: 10
[4.816s][debug  ][gc,phases,ref  ] GC(17)     WeakRef (ms):                  Min:  0.0, Avg:  0.0, Max:  0.0, Diff:  0.0, Sum:  0.0, Workers: 10
[4.816s][debug  ][gc,phases,ref  ] GC(17)     FinalRef (ms):                 Min:  0.0, Avg:  0.0, Max:  0.0, Diff:  0.0, Sum:  0.0, Workers: 10
[4.816s][debug  ][gc,phases,ref  ] GC(17)     Total (ms):                    Min:  0.0, Avg:  0.0, Max:  0.0, Diff:  0.0, Sum:  0.0, Workers: 10
[4.816s][debug  ][gc,phases,ref  ] GC(17)   Notify and keep alive finalizable: 0.0ms
[4.816s][debug  ][gc,phases,ref  ] GC(17)     FinalRef (ms):                 skipped
[4.816s][debug  ][gc,phases,ref  ] GC(17)   Notify PhantomReferences: 0.0ms
[4.816s][debug  ][gc,phases,ref  ] GC(17)     PhantomRef (ms):               Min:  0.0, Avg:  0.0, Max:  0.0, Diff:  0.0, Sum:  0.0, Workers: 10
[4.817s][debug  ][gc,phases,ref  ] GC(17)   SoftReference:
[4.817s][debug  ][gc,phases,ref  ] GC(17)     Discovered: 0
[4.817s][debug  ][gc,phases,ref  ] GC(17)     Cleared: 0
[4.817s][debug  ][gc,phases,ref  ] GC(17)   WeakReference:
[4.817s][debug  ][gc,phases,ref  ] GC(17)     Discovered: 70
[4.817s][debug  ][gc,phases,ref  ] GC(17)     Cleared: 70
[4.817s][debug  ][gc,phases,ref  ] GC(17)   FinalReference:
[4.817s][debug  ][gc,phases,ref  ] GC(17)     Discovered: 0
[4.817s][debug  ][gc,phases,ref  ] GC(17)     Cleared: 0
[4.817s][debug  ][gc,phases,ref  ] GC(17)   PhantomReference:
[4.817s][debug  ][gc,phases,ref  ] GC(17)     Discovered: 5
[4.817s][debug  ][gc,phases,ref  ] GC(17)     Cleared: 5
[4.817s][debug  ][gc,phases      ] GC(17) Reference Processing 0.578ms
[4.817s][debug  ][gc,phases,start] GC(17) Weak Processing
[4.817s][debug  ][gc,phases      ] GC(17)   VM Weak                        Min:  0.0, Avg:  0.0, Max:  0.0, Diff:  0.0, Sum:  0.0, Workers: 6
[4.817s][debug  ][gc,phases      ] GC(17)     Dead                           Min: 0, Avg:  0.0, Max: 0, Diff: 0, Sum: 0, Workers: 6
[4.817s][debug  ][gc,phases      ] GC(17)     Total                          Min: 0, Avg:  1.3, Max: 8, Diff: 8, Sum: 8, Workers: 6
[4.817s][debug  ][gc,phases      ] GC(17)   ObjectSynchronizer Weak        Min:  0.0, Avg:  0.0, Max:  0.0, Diff:  0.0, Sum:  0.0, Workers: 6
[4.817s][debug  ][gc,phases      ] GC(17)     Dead                           Min: 0, Avg:  0.0, Max: 0, Diff: 0, Sum: 0, Workers: 6
[4.817s][debug  ][gc,phases      ] GC(17)     Total                          Min: 0, Avg:  0.5, Max: 3, Diff: 3, Sum: 3, Workers: 6
[4.817s][debug  ][gc,phases      ] GC(17)   JVMTI Tag Weak OopStorage      Min:  0.0, Avg:  0.0, Max:  0.0, Diff:  0.0, Sum:  0.0, Workers: 6
[4.817s][debug  ][gc,phases      ] GC(17)     Dead                           Min: 0, Avg:  0.0, Max: 0, Diff: 0, Sum: 0, Workers: 6
[4.817s][debug  ][gc,phases      ] GC(17)     Total                          Min: 0, Avg:  0.0, Max: 0, Diff: 0, Sum: 0, Workers: 6
[4.817s][debug  ][gc,phases      ] GC(17)   StringTable Weak               Min:  0.0, Avg:  0.0, Max:  0.0, Diff:  0.0, Sum:  0.0, Workers: 6
[4.817s][debug  ][gc,phases      ] GC(17)     Dead                           Min: 0, Avg:  0.0, Max: 0, Diff: 0, Sum: 0, Workers: 6
[4.817s][debug  ][gc,phases      ] GC(17)     Total                          Min: 639, Avg: 892.8, Max: 1198, Diff: 559, Sum: 5357, Workers: 6
[4.817s][debug  ][gc,phases      ] GC(17)   ResolvedMethodTable Weak       Min:  0.0, Avg:  0.0, Max:  0.0, Diff:  0.0, Sum:  0.0, Workers: 6
[4.817s][debug  ][gc,phases      ] GC(17)     Dead                           Min: 0, Avg:  0.0, Max: 0, Diff: 0, Sum: 0, Workers: 6
[4.817s][debug  ][gc,phases      ] GC(17)     Total                          Min: 0, Avg: 21.7, Max: 64, Diff: 64, Sum: 130, Workers: 6
[4.817s][debug  ][gc,phases      ] GC(17)   JNI Weak                       Min:  0.0, Avg:  0.0, Max:  0.0, Diff:  0.0, Sum:  0.0, Workers: 6
[4.817s][debug  ][gc,phases      ] GC(17)     Dead                           Min: 0, Avg:  0.0, Max: 0, Diff: 0, Sum: 0, Workers: 6
[4.817s][debug  ][gc,phases      ] GC(17)     Total                          Min: 0, Avg:  0.0, Max: 0, Diff: 0, Sum: 0, Workers: 6
[4.817s][debug  ][gc,phases      ] GC(17)   StringDedup Table Weak         Min:  0.0, Avg:  0.0, Max:  0.0, Diff:  0.0, Sum:  0.0, Workers: 6
[4.817s][debug  ][gc,phases      ] GC(17)     Dead                           Min: 0, Avg:  0.0, Max: 0, Diff: 0, Sum: 0, Workers: 6
[4.817s][debug  ][gc,phases      ] GC(17)     Total                          Min: 0, Avg:  0.0, Max: 0, Diff: 0, Sum: 0, Workers: 6
[4.817s][debug  ][gc,phases      ] GC(17)   StringDedup Requests0 Weak     Min:  0.0, Avg:  0.0, Max:  0.0, Diff:  0.0, Sum:  0.0, Workers: 6
[4.817s][debug  ][gc,phases      ] GC(17)     Dead                           Min: 0, Avg:  0.0, Max: 0, Diff: 0, Sum: 0, Workers: 6
[4.817s][debug  ][gc,phases      ] GC(17)     Total                          Min: 0, Avg:  0.0, Max: 0, Diff: 0, Sum: 0, Workers: 6
[4.817s][debug  ][gc,phases      ] GC(17)   StringDedup Requests1 Weak     Min:  0.0, Avg:  0.0, Max:  0.0, Diff:  0.0, Sum:  0.0, Workers: 6
[4.817s][debug  ][gc,phases      ] GC(17)     Dead                           Min: 0, Avg:  0.0, Max: 0, Diff: 0, Sum: 0, Workers: 6
[4.817s][debug  ][gc,phases      ] GC(17)     Total                          Min: 0, Avg:  0.0, Max: 0, Diff: 0, Sum: 0, Workers: 6
[4.817s][debug  ][gc,phases      ] GC(17)   Weak JFR Old Object Samples    Min:  0.0, Avg:  0.0, Max:  0.0, Diff:  0.0, Sum:  0.0, Workers: 6
[4.817s][debug  ][gc,phases      ] GC(17)     Dead                           Min: 0, Avg:  0.0, Max: 0, Diff: 0, Sum: 0, Workers: 6
[4.817s][debug  ][gc,phases      ] GC(17)     Total                          Min: 0, Avg:  0.0, Max: 0, Diff: 0, Sum: 0, Workers: 6
[4.817s][debug  ][gc,phases      ] GC(17) Weak Processing 0.732ms
[4.818s][debug  ][gc,phases,start] GC(17) Class Unloading
[4.818s][debug  ][gc,phases,start] GC(17) ClassLoaderData
[4.818s][debug  ][gc,phases      ] GC(17) ClassLoaderData 0.020ms
[4.818s][debug  ][gc,phases,start] GC(17) Trigger cleanups
[4.818s][debug  ][gc,phases      ] GC(17) Trigger cleanups 0.019ms
[4.818s][debug  ][gc,phases      ] GC(17) Class Unloading 0.255ms
[4.818s][info   ][gc,phases      ] GC(17) Marking Phase 2.197ms
[4.818s][info   ][gc,phases,start] GC(17) Summary Phase
[4.818s][info   ][gc,phases      ] GC(17) Summary Phase 0.027ms
[4.818s][info   ][gc,phases,start] GC(17) Adjust Roots
[4.818s][info   ][gc,phases      ] GC(17) Adjust Roots 0.128ms
[4.818s][info   ][gc,phases,start] GC(17) Compaction Phase
[4.821s][info   ][gc,phases      ] GC(17) Compaction Phase 3.234ms
[4.821s][info   ][gc,phases,start] GC(17) Post Compact
[4.824s][info   ][gc,phases      ] GC(17) Post Compact 2.277ms
[4.824s][debug  ][gc,ergo        ] GC(17) AdaptiveSizeStart: collection: 18 
[4.824s][debug  ][gc,ergo        ] GC(17) PSAdaptiveSizePolicy::compute_eden_space_size limits: desired_eden_size: 280093203 old_eden_size: 200278016 eden_limit: 200278016 cur_eden: 200278016 max_eden_size: 200278016 avg_young_live: 25163480
[4.824s][debug  ][gc,ergo        ] GC(17) PSAdaptiveSizePolicy::compute_eden_space_size: costs minor_time: 0.050795 major_cost: 0.025947 mutator_cost: 0.923259 throughput_goal: 0.990000
[4.824s][debug  ][gc,ergo        ] GC(17) Live_space: 788104832 free_space: 581435392
[4.824s][debug  ][gc,ergo        ] GC(17) Old eden_size: 200278016 desired_eden_size: 200278016
[4.824s][debug  ][gc,ergo        ] GC(17) PSAdaptiveSizePolicy::compute_old_gen_free_space: costs minor_time: 0.050795 major_cost: 0.025947  mutator_cost: 0.923259 throughput_goal: 0.990000
[4.824s][debug  ][gc,ergo        ] GC(17) Live_space: 864231552 free_space: 581435392
[4.824s][debug  ][gc,ergo        ] GC(17) Old promo_size: 381157376 desired_promo_size: 458752000
[4.825s][debug  ][gc             ] GC(17) Expanding ParOldGen from 763904K by 625664K to 1389568K
[4.825s][debug  ][gc,ergo        ] GC(17) AdaptiveSizeStop: collection: 18 
[4.825s][info   ][gc,heap        ] GC(17) PSYoungGen: 30720K(228864K)->0K(228864K) Eden: 0K(195584K)->0K(195584K) From: 30720K(33280K)->0K(33280K)
[4.825s][info   ][gc,heap        ] GC(17) ParOldGen: 677476K(763904K)->708196K(1389568K)
[4.825s][info   ][gc,metaspace   ] GC(17) Metaspace: 1019K(1152K)->1019K(1152K) NonClass: 935K(960K)->935K(960K) Class: 83K(192K)->83K(192K)
[4.825s][info   ][gc             ] GC(17) Pause Full (Ergonomics) 691M->691M(1580M) 9.675ms
[4.825s][info   ][gc,cpu         ] GC(17) User=0.02s Sys=0.00s Real=0.01s
[4.825s][debug  ][gc,heap        ] GC(17) Heap after GC invocations=18 (full 3):
[4.825s][debug  ][gc,heap        ] GC(17)  PSYoungGen      total 228864K, used 0K [0x00000000f0000000, 0x0000000100000000, 0x0000000100000000)
[4.825s][debug  ][gc,heap        ] GC(17)   eden space 195584K, 0% used [0x00000000f0000000,0x00000000f0000000,0x00000000fbf00000)
[4.825s][debug  ][gc,heap        ] GC(17)   from space 33280K, 0% used [0x00000000fdf80000,0x00000000fdf80000,0x0000000100000000)
[4.825s][debug  ][gc,heap        ] GC(17)   to   space 33280K, 0% used [0x00000000fbf00000,0x00000000fbf00000,0x00000000fdf80000)
[4.825s][debug  ][gc,heap        ] GC(17)  ParOldGen       total 1389568K, used 708196K [0x0000000080000000, 0x00000000d4d00000, 0x00000000f0000000)
[4.825s][debug  ][gc,heap        ] GC(17)   object space 1389568K, 50% used [0x0000000080000000,0x00000000ab3990d8,0x00000000d4d00000)
[4.825s][debug  ][gc,heap        ] GC(17)  Metaspace       used 1019K, committed 1152K, reserved 1056768K
[4.825s][debug  ][gc,heap        ] GC(17)   class space    used 83K, committed 192K, reserved 1048576K
[4.826s][debug  ][gc,task,time   ] GC(17) VM-Thread 48155977 48180301 48253041
[5.113s][debug  ][gc,heap        ] GC(18) Heap before GC invocations=19 (full 3):
[5.114s][debug  ][gc,heap        ] GC(18)  PSYoungGen      total 228864K, used 188107K [0x00000000f0000000, 0x0000000100000000, 0x0000000100000000)
[5.114s][debug  ][gc,heap        ] GC(18)   eden space 195584K, 96% used [0x00000000f0000000,0x00000000fb7b2fd0,0x00000000fbf00000)
[5.114s][debug  ][gc,heap        ] GC(18)   from space 33280K, 0% used [0x00000000fdf80000,0x00000000fdf80000,0x0000000100000000)
[5.114s][debug  ][gc,heap        ] GC(18)   to   space 33280K, 0% used [0x00000000fbf00000,0x00000000fbf00000,0x00000000fdf80000)
[5.114s][debug  ][gc,heap        ] GC(18)  ParOldGen       total 1389568K, used 708196K [0x0000000080000000, 0x00000000d4d00000, 0x00000000f0000000)
[5.114s][debug  ][gc,heap        ] GC(18)   object space 1389568K, 50% used [0x0000000080000000,0x00000000ab3990d8,0x00000000d4d00000)
[5.114s][debug  ][gc,heap        ] GC(18)  Metaspace       used 1019K, committed 1152K, reserved 1056768K
[5.114s][debug  ][gc,heap        ] GC(18)   class space    used 83K, committed 192K, reserved 1048576K
[5.114s][debug  ][gc,tlab        ] GC(18) TLAB totals: thrds: 1  refills: 1 max: 1 slow allocs: 17 max 17 waste: 27.0% gc: 3878576B max: 3878576B slow: 0B max: 0B
[5.114s][info   ][gc,start       ] GC(18) Pause Young (Allocation Failure)
[5.114s][debug  ][gc,phases,start] GC(18) Scavenge
[5.127s][debug  ][gc,phases      ] GC(18) Scavenge 12.894ms
[5.127s][debug  ][gc,phases,start] GC(18) Reference Processing
[5.127s][debug  ][gc,ref         ] GC(18) Skipped phase 1 of Reference Processing: no references
[5.127s][debug  ][gc,ref         ] GC(18) Skipped phase 2 of Reference Processing: no references
[5.127s][debug  ][gc,ref         ] GC(18) Skipped phase 3 of Reference Processing: no references
[5.127s][debug  ][gc,ref         ] GC(18) Skipped phase 4 of Reference Processing: no references
[5.127s][debug  ][gc,phases,ref  ] GC(18) Reference Processing: 0.1ms
[5.127s][debug  ][gc,phases,ref  ] GC(18)   Reconsider SoftReferences: 0.0ms
[5.127s][debug  ][gc,phases,ref  ] GC(18)     SoftRef (ms):                  skipped
[5.127s][debug  ][gc,phases,ref  ] GC(18)   Notify Soft/WeakReferences: 0.0ms
[5.127s][debug  ][gc,phases,ref  ] GC(18)     SoftRef (ms):                  skipped
[5.127s][debug  ][gc,phases,ref  ] GC(18)     WeakRef (ms):                  skipped
[5.127s][debug  ][gc,phases,ref  ] GC(18)     FinalRef (ms):                 skipped
[5.127s][debug  ][gc,phases,ref  ] GC(18)     Total (ms):                    skipped
[5.127s][debug  ][gc,phases,ref  ] GC(18)   Notify and keep alive finalizable: 0.0ms
[5.127s][debug  ][gc,phases,ref  ] GC(18)     FinalRef (ms):                 skipped
[5.127s][debug  ][gc,phases,ref  ] GC(18)   Notify PhantomReferences: 0.0ms
[5.127s][debug  ][gc,phases,ref  ] GC(18)     PhantomRef (ms):               skipped
[5.127s][debug  ][gc,phases,ref  ] GC(18)   SoftReference:
[5.127s][debug  ][gc,phases,ref  ] GC(18)     Discovered: 0
[5.127s][debug  ][gc,phases,ref  ] GC(18)     Cleared: 0
[5.127s][debug  ][gc,phases,ref  ] GC(18)   WeakReference:
[5.127s][debug  ][gc,phases,ref  ] GC(18)     Discovered: 0
[5.127s][debug  ][gc,phases,ref  ] GC(18)     Cleared: 0
[5.127s][debug  ][gc,phases,ref  ] GC(18)   FinalReference:
[5.127s][debug  ][gc,phases,ref  ] GC(18)     Discovered: 0
[5.127s][debug  ][gc,phases,ref  ] GC(18)     Cleared: 0
[5.127s][debug  ][gc,phases,ref  ] GC(18)   PhantomReference:
[5.127s][debug  ][gc,phases,ref  ] GC(18)     Discovered: 0
[5.127s][debug  ][gc,phases,ref  ] GC(18)     Cleared: 0
[5.127s][debug  ][gc,phases      ] GC(18) Reference Processing 0.572ms
[5.127s][debug  ][gc,phases,start] GC(18) Weak Processing
[5.127s][debug  ][gc,phases      ] GC(18)   VM Weak                        Min:  0.0, Avg:  0.0, Max:  0.0, Diff:  0.0, Sum:  0.0, Workers: 6
[5.127s][debug  ][gc,phases      ] GC(18)     Dead                           Min: 0, Avg:  0.0, Max: 0, Diff: 0, Sum: 0, Workers: 6
[5.127s][debug  ][gc,phases      ] GC(18)     Total                          Min: 0, Avg:  1.3, Max: 8, Diff: 8, Sum: 8, Workers: 6
[5.128s][debug  ][gc,phases      ] GC(18)   ObjectSynchronizer Weak        Min:  0.0, Avg:  0.0, Max:  0.0, Diff:  0.0, Sum:  0.0, Workers: 6
[5.128s][debug  ][gc,phases      ] GC(18)     Dead                           Min: 0, Avg:  0.0, Max: 0, Diff: 0, Sum: 0, Workers: 6
[5.128s][debug  ][gc,phases      ] GC(18)     Total                          Min: 0, Avg:  0.5, Max: 3, Diff: 3, Sum: 3, Workers: 6
[5.128s][debug  ][gc,phases      ] GC(18)   JVMTI Tag Weak OopStorage      Min:  0.0, Avg:  0.0, Max:  0.0, Diff:  0.0, Sum:  0.0, Workers: 6
[5.128s][debug  ][gc,phases      ] GC(18)     Dead                           Min: 0, Avg:  0.0, Max: 0, Diff: 0, Sum: 0, Workers: 6
[5.128s][debug  ][gc,phases      ] GC(18)     Total                          Min: 0, Avg:  0.0, Max: 0, Diff: 0, Sum: 0, Workers: 6
[5.128s][debug  ][gc,phases      ] GC(18)   StringTable Weak               Min:  0.0, Avg:  0.0, Max:  0.0, Diff:  0.0, Sum:  0.0, Workers: 6
[5.128s][debug  ][gc,phases      ] GC(18)     Dead                           Min: 0, Avg:  0.0, Max: 0, Diff: 0, Sum: 0, Workers: 6
[5.128s][debug  ][gc,phases      ] GC(18)     Total                          Min: 685, Avg: 892.8, Max: 1088, Diff: 403, Sum: 5357, Workers: 6
[5.128s][debug  ][gc,phases      ] GC(18)   ResolvedMethodTable Weak       Min:  0.0, Avg:  0.0, Max:  0.0, Diff:  0.0, Sum:  0.0, Workers: 6
[5.128s][debug  ][gc,phases      ] GC(18)     Dead                           Min: 0, Avg:  0.0, Max: 0, Diff: 0, Sum: 0, Workers: 6
[5.128s][debug  ][gc,phases      ] GC(18)     Total                          Min: 0, Avg: 21.7, Max: 64, Diff: 64, Sum: 130, Workers: 6
[5.128s][debug  ][gc,phases      ] GC(18)   JNI Weak                       Min:  0.0, Avg:  0.0, Max:  0.0, Diff:  0.0, Sum:  0.0, Workers: 6
[5.128s][debug  ][gc,phases      ] GC(18)     Dead                           Min: 0, Avg:  0.0, Max: 0, Diff: 0, Sum: 0, Workers: 6
[5.128s][debug  ][gc,phases      ] GC(18)     Total                          Min: 0, Avg:  0.0, Max: 0, Diff: 0, Sum: 0, Workers: 6
[5.128s][debug  ][gc,phases      ] GC(18)   StringDedup Table Weak         Min:  0.0, Avg:  0.0, Max:  0.0, Diff:  0.0, Sum:  0.0, Workers: 6
[5.128s][debug  ][gc,phases      ] GC(18)     Dead                           Min: 0, Avg:  0.0, Max: 0, Diff: 0, Sum: 0, Workers: 6
[5.128s][debug  ][gc,phases      ] GC(18)     Total                          Min: 0, Avg:  0.0, Max: 0, Diff: 0, Sum: 0, Workers: 6
[5.128s][debug  ][gc,phases      ] GC(18)   StringDedup Requests0 Weak     Min:  0.0, Avg:  0.0, Max:  0.0, Diff:  0.0, Sum:  0.0, Workers: 6
[5.128s][debug  ][gc,phases      ] GC(18)     Dead                           Min: 0, Avg:  0.0, Max: 0, Diff: 0, Sum: 0, Workers: 6
[5.128s][debug  ][gc,phases      ] GC(18)     Total                          Min: 0, Avg:  0.0, Max: 0, Diff: 0, Sum: 0, Workers: 6
[5.128s][debug  ][gc,phases      ] GC(18)   StringDedup Requests1 Weak     Min:  0.0, Avg:  0.0, Max:  0.0, Diff:  0.0, Sum:  0.0, Workers: 6
[5.128s][debug  ][gc,phases      ] GC(18)     Dead                           Min: 0, Avg:  0.0, Max: 0, Diff: 0, Sum: 0, Workers: 6
[5.128s][debug  ][gc,phases      ] GC(18)     Total                          Min: 0, Avg:  0.0, Max: 0, Diff: 0, Sum: 0, Workers: 6
[5.128s][debug  ][gc,phases      ] GC(18)   Weak JFR Old Object Samples    Min:  0.0, Avg:  0.0, Max:  0.0, Diff:  0.0, Sum:  0.0, Workers: 6
[5.128s][debug  ][gc,phases      ] GC(18)     Dead                           Min: 0, Avg:  0.0, Max: 0, Diff: 0, Sum: 0, Workers: 6
[5.128s][debug  ][gc,phases      ] GC(18)     Total                          Min: 0, Avg:  0.0, Max: 0, Diff: 0, Sum: 0, Workers: 6
[5.128s][debug  ][gc,phases      ] GC(18) Weak Processing 0.671ms
[5.128s][debug  ][gc,ergo        ] GC(18) AdaptiveSizeStart:  collection: 19 
[5.128s][debug  ][gc,ergo        ] GC(18) avg_survived_padded_avg: 33623712.000000
[5.128s][debug  ][gc,ergo        ] GC(18) avg_promoted_padded_avg: 233487424.000000  avg_pretenured_padded_avg: 0.000000  tenuring_thresh: 1  target_size: 34078720
[5.128s][debug  ][gc,age         ] GC(18) Desired survivor size 34078720 bytes, new threshold 1 (max threshold 15)
[5.128s][debug  ][gc,ergo        ] GC(18) PSAdaptiveSizePolicy::compute_eden_space_size limits: desired_eden_size: 279372245 old_eden_size: 200278016 eden_limit: 200278016 cur_eden: 200278016 max_eden_size: 200278016 avg_young_live: 25792864
[5.128s][debug  ][gc,ergo        ] GC(18) PSAdaptiveSizePolicy::compute_eden_space_size: costs minor_time: 0.049461 major_cost: 0.025947 mutator_cost: 0.924592 throughput_goal: 0.990000
[5.128s][debug  ][gc,ergo        ] GC(18) Live_space: 864860928 free_space: 659030016
[5.128s][debug  ][gc,ergo        ] GC(18) Old eden_size: 200278016 desired_eden_size: 200278016
[5.128s][debug  ][gc,ergo        ] GC(18) AdaptiveSizeStop: collection: 19 
[5.128s][info   ][gc,heap        ] GC(18) PSYoungGen: 188107K(228864K)->30720K(228864K) Eden: 188107K(195584K)->0K(195584K) From: 0K(33280K)->30720K(33280K)
[5.128s][info   ][gc,heap        ] GC(18) ParOldGen: 708196K(1389568K)->861796K(1389568K)
[5.128s][info   ][gc,metaspace   ] GC(18) Metaspace: 1019K(1152K)->1019K(1152K) NonClass: 935K(960K)->935K(960K) Class: 83K(192K)->83K(192K)
[5.128s][info   ][gc             ] GC(18) Pause Young (Allocation Failure) 875M->871M(1580M) 14.546ms
[5.128s][info   ][gc,cpu         ] GC(18) User=0.03s Sys=0.11s Real=0.01s
[5.128s][debug  ][gc,heap        ] GC(18) Heap after GC invocations=19 (full 3):
[5.128s][debug  ][gc,heap        ] GC(18)  PSYoungGen      total 228864K, used 30720K [0x00000000f0000000, 0x0000000100000000, 0x0000000100000000)
[5.128s][debug  ][gc,heap        ] GC(18)   eden space 195584K, 0% used [0x00000000f0000000,0x00000000f0000000,0x00000000fbf00000)
[5.128s][debug  ][gc,heap        ] GC(18)   from space 33280K, 92% used [0x00000000fbf00000,0x00000000fdd00030,0x00000000fdf80000)
[5.128s][debug  ][gc,heap        ] GC(18)   to   space 33280K, 0% used [0x00000000fdf80000,0x00000000fdf80000,0x0000000100000000)
[5.129s][debug  ][gc,heap        ] GC(18)  ParOldGen       total 1389568K, used 861796K [0x0000000080000000, 0x00000000d4d00000, 0x00000000f0000000)
[5.129s][debug  ][gc,heap        ] GC(18)   object space 1389568K, 62% used [0x0000000080000000,0x00000000b49991c8,0x00000000d4d00000)
[5.129s][debug  ][gc,heap        ] GC(18)  Metaspace       used 1019K, committed 1152K, reserved 1056768K
[5.129s][debug  ][gc,heap        ] GC(18)   class space    used 83K, committed 192K, reserved 1048576K
[5.129s][debug  ][gc,task,time   ] GC(18) VM-Thread 51134757 51268049 51285831
[5.412s][debug  ][gc,heap        ] GC(19) Heap before GC invocations=20 (full 3):
[5.412s][debug  ][gc,heap        ] GC(19)  PSYoungGen      total 228864K, used 218769K [0x00000000f0000000, 0x0000000100000000, 0x0000000100000000)
[5.412s][debug  ][gc,heap        ] GC(19)   eden space 195584K, 96% used [0x00000000f0000000,0x00000000fb7a4508,0x00000000fbf00000)
[5.412s][debug  ][gc,heap        ] GC(19)   from space 33280K, 92% used [0x00000000fbf00000,0x00000000fdd00030,0x00000000fdf80000)
[5.412s][debug  ][gc,heap        ] GC(19)   to   space 33280K, 0% used [0x00000000fdf80000,0x00000000fdf80000,0x0000000100000000)
[5.412s][debug  ][gc,heap        ] GC(19)  ParOldGen       total 1389568K, used 861796K [0x0000000080000000, 0x00000000d4d00000, 0x00000000f0000000)
[5.412s][debug  ][gc,heap        ] GC(19)   object space 1389568K, 62% used [0x0000000080000000,0x00000000b49991c8,0x00000000d4d00000)
[5.412s][debug  ][gc,heap        ] GC(19)  Metaspace       used 1019K, committed 1152K, reserved 1056768K
[5.412s][debug  ][gc,heap        ] GC(19)   class space    used 83K, committed 192K, reserved 1048576K
[5.412s][debug  ][gc,tlab        ] GC(19) TLAB totals: thrds: 1  refills: 1 max: 1 slow allocs: 17 max 17 waste: 26.7% gc: 3817304B max: 3817304B slow: 0B max: 0B
[5.412s][info   ][gc,start       ] GC(19) Pause Young (Allocation Failure)
[5.412s][debug  ][gc,phases,start] GC(19) Scavenge
[5.418s][debug  ][gc,phases      ] GC(19) Scavenge 5.804ms
[5.418s][debug  ][gc,phases,start] GC(19) Reference Processing
[5.418s][debug  ][gc,ref         ] GC(19) Skipped phase 1 of Reference Processing: no references
[5.418s][debug  ][gc,ref         ] GC(19) Skipped phase 2 of Reference Processing: no references
[5.418s][debug  ][gc,ref         ] GC(19) Skipped phase 3 of Reference Processing: no references
[5.418s][debug  ][gc,ref         ] GC(19) Skipped phase 4 of Reference Processing: no references
[5.418s][debug  ][gc,phases,ref  ] GC(19) Reference Processing: 0.1ms
[5.419s][debug  ][gc,phases,ref  ] GC(19)   Reconsider SoftReferences: 0.0ms
[5.419s][debug  ][gc,phases,ref  ] GC(19)     SoftRef (ms):                  skipped
[5.419s][debug  ][gc,phases,ref  ] GC(19)   Notify Soft/WeakReferences: 0.0ms
[5.419s][debug  ][gc,phases,ref  ] GC(19)     SoftRef (ms):                  skipped
[5.419s][debug  ][gc,phases,ref  ] GC(19)     WeakRef (ms):                  skipped
[5.419s][debug  ][gc,phases,ref  ] GC(19)     FinalRef (ms):                 skipped
[5.419s][debug  ][gc,phases,ref  ] GC(19)     Total (ms):                    skipped
[5.419s][debug  ][gc,phases,ref  ] GC(19)   Notify and keep alive finalizable: 0.0ms
[5.419s][debug  ][gc,phases,ref  ] GC(19)     FinalRef (ms):                 skipped
[5.419s][debug  ][gc,phases,ref  ] GC(19)   Notify PhantomReferences: 0.0ms
[5.419s][debug  ][gc,phases,ref  ] GC(19)     PhantomRef (ms):               skipped
[5.419s][debug  ][gc,phases,ref  ] GC(19)   SoftReference:
[5.419s][debug  ][gc,phases,ref  ] GC(19)     Discovered: 0
[5.419s][debug  ][gc,phases,ref  ] GC(19)     Cleared: 0
[5.419s][debug  ][gc,phases,ref  ] GC(19)   WeakReference:
[5.419s][debug  ][gc,phases,ref  ] GC(19)     Discovered: 0
[5.419s][debug  ][gc,phases,ref  ] GC(19)     Cleared: 0
[5.419s][debug  ][gc,phases,ref  ] GC(19)   FinalReference:
[5.419s][debug  ][gc,phases,ref  ] GC(19)     Discovered: 0
[5.419s][debug  ][gc,phases,ref  ] GC(19)     Cleared: 0
[5.419s][debug  ][gc,phases,ref  ] GC(19)   PhantomReference:
[5.419s][debug  ][gc,phases,ref  ] GC(19)     Discovered: 0
[5.419s][debug  ][gc,phases,ref  ] GC(19)     Cleared: 0
[5.419s][debug  ][gc,phases      ] GC(19) Reference Processing 0.673ms
[5.419s][debug  ][gc,phases,start] GC(19) Weak Processing
[5.419s][debug  ][gc,phases      ] GC(19)   VM Weak                        Min:  0.0, Avg:  0.0, Max:  0.0, Diff:  0.0, Sum:  0.0, Workers: 6
[5.419s][debug  ][gc,phases      ] GC(19)     Dead                           Min: 0, Avg:  0.0, Max: 0, Diff: 0, Sum: 0, Workers: 6
[5.419s][debug  ][gc,phases      ] GC(19)     Total                          Min: 0, Avg:  1.3, Max: 8, Diff: 8, Sum: 8, Workers: 6
[5.419s][debug  ][gc,phases      ] GC(19)   ObjectSynchronizer Weak        Min:  0.0, Avg:  0.0, Max:  0.0, Diff:  0.0, Sum:  0.0, Workers: 6
[5.419s][debug  ][gc,phases      ] GC(19)     Dead                           Min: 0, Avg:  0.0, Max: 0, Diff: 0, Sum: 0, Workers: 6
[5.419s][debug  ][gc,phases      ] GC(19)     Total                          Min: 0, Avg:  0.5, Max: 3, Diff: 3, Sum: 3, Workers: 6
[5.419s][debug  ][gc,phases      ] GC(19)   JVMTI Tag Weak OopStorage      Min:  0.0, Avg:  0.0, Max:  0.0, Diff:  0.0, Sum:  0.0, Workers: 6
[5.419s][debug  ][gc,phases      ] GC(19)     Dead                           Min: 0, Avg:  0.0, Max: 0, Diff: 0, Sum: 0, Workers: 6
[5.419s][debug  ][gc,phases      ] GC(19)     Total                          Min: 0, Avg:  0.0, Max: 0, Diff: 0, Sum: 0, Workers: 6
[5.419s][debug  ][gc,phases      ] GC(19)   StringTable Weak               Min:  0.0, Avg:  0.0, Max:  0.0, Diff:  0.0, Sum:  0.0, Workers: 6
[5.419s][debug  ][gc,phases      ] GC(19)     Dead                           Min: 0, Avg:  0.0, Max: 0, Diff: 0, Sum: 0, Workers: 6
[5.419s][debug  ][gc,phases      ] GC(19)     Total                          Min: 704, Avg: 892.8, Max: 1023, Diff: 319, Sum: 5357, Workers: 6
[5.419s][debug  ][gc,phases      ] GC(19)   ResolvedMethodTable Weak       Min:  0.0, Avg:  0.0, Max:  0.0, Diff:  0.0, Sum:  0.0, Workers: 6
[5.419s][debug  ][gc,phases      ] GC(19)     Dead                           Min: 0, Avg:  0.0, Max: 0, Diff: 0, Sum: 0, Workers: 6
[5.419s][debug  ][gc,phases      ] GC(19)     Total                          Min: 0, Avg: 21.7, Max: 64, Diff: 64, Sum: 130, Workers: 6
[5.420s][debug  ][gc,phases      ] GC(19)   JNI Weak                       Min:  0.0, Avg:  0.0, Max:  0.0, Diff:  0.0, Sum:  0.0, Workers: 6
[5.420s][debug  ][gc,phases      ] GC(19)     Dead                           Min: 0, Avg:  0.0, Max: 0, Diff: 0, Sum: 0, Workers: 6
[5.420s][debug  ][gc,phases      ] GC(19)     Total                          Min: 0, Avg:  0.0, Max: 0, Diff: 0, Sum: 0, Workers: 6
[5.420s][debug  ][gc,phases      ] GC(19)   StringDedup Table Weak         Min:  0.0, Avg:  0.0, Max:  0.0, Diff:  0.0, Sum:  0.0, Workers: 6
[5.420s][debug  ][gc,phases      ] GC(19)     Dead                           Min: 0, Avg:  0.0, Max: 0, Diff: 0, Sum: 0, Workers: 6
[5.420s][debug  ][gc,phases      ] GC(19)     Total                          Min: 0, Avg:  0.0, Max: 0, Diff: 0, Sum: 0, Workers: 6
[5.420s][debug  ][gc,phases      ] GC(19)   StringDedup Requests0 Weak     Min:  0.0, Avg:  0.0, Max:  0.0, Diff:  0.0, Sum:  0.0, Workers: 6
[5.420s][debug  ][gc,phases      ] GC(19)     Dead                           Min: 0, Avg:  0.0, Max: 0, Diff: 0, Sum: 0, Workers: 6
[5.420s][debug  ][gc,phases      ] GC(19)     Total                          Min: 0, Avg:  0.0, Max: 0, Diff: 0, Sum: 0, Workers: 6
[5.420s][debug  ][gc,phases      ] GC(19)   StringDedup Requests1 Weak     Min:  0.0, Avg:  0.0, Max:  0.0, Diff:  0.0, Sum:  0.0, Workers: 6
[5.420s][debug  ][gc,phases      ] GC(19)     Dead                           Min: 0, Avg:  0.0, Max: 0, Diff: 0, Sum: 0, Workers: 6
[5.420s][debug  ][gc,phases      ] GC(19)     Total                          Min: 0, Avg:  0.0, Max: 0, Diff: 0, Sum: 0, Workers: 6
[5.420s][debug  ][gc,phases      ] GC(19)   Weak JFR Old Object Samples    Min:  0.0, Avg:  0.0, Max:  0.0, Diff:  0.0, Sum:  0.0, Workers: 6
[5.420s][debug  ][gc,phases      ] GC(19)     Dead                           Min: 0, Avg:  0.0, Max: 0, Diff: 0, Sum: 0, Workers: 6
[5.420s][debug  ][gc,phases      ] GC(19)     Total                          Min: 0, Avg:  0.0, Max: 0, Diff: 0, Sum: 0, Workers: 6
[5.420s][debug  ][gc,phases      ] GC(19) Weak Processing 0.797ms
[5.420s][debug  ][gc,ergo        ] GC(19) AdaptiveSizeStart:  collection: 20 
[5.420s][debug  ][gc,ergo        ] GC(19) avg_survived_padded_avg: 33547208.000000
[5.420s][debug  ][gc,ergo        ] GC(19) avg_promoted_padded_avg: 251817072.000000  avg_pretenured_padded_avg: 0.000000  tenuring_thresh: 1  target_size: 33554432
[5.420s][debug  ][gc,age         ] GC(19) Desired survivor size 33554432 bytes, new threshold 1 (max threshold 15)
[5.420s][debug  ][gc,ergo        ] GC(19) PSAdaptiveSizePolicy::compute_eden_space_size limits: desired_eden_size: 250498345 old_eden_size: 200278016 eden_limit: 200278016 cur_eden: 200278016 max_eden_size: 200278016 avg_young_live: 26359310
[5.420s][debug  ][gc,ergo        ] GC(19) PSAdaptiveSizePolicy::compute_eden_space_size: costs minor_time: 0.043441 major_cost: 0.025947 mutator_cost: 0.930612 throughput_goal: 0.990000
[5.420s][debug  ][gc,ergo        ] GC(19) Live_space: 865427328 free_space: 659030016
[5.420s][debug  ][gc,ergo        ] GC(19) Old eden_size: 200278016 desired_eden_size: 200278016
[5.420s][debug  ][gc,ergo        ] GC(19) AdaptiveSizeStop: collection: 20 
[5.420s][info   ][gc,heap        ] GC(19) PSYoungGen: 218769K(228864K)->30720K(229376K) Eden: 188049K(195584K)->0K(196096K) From: 30720K(33280K)->30720K(33280K)
[5.420s][info   ][gc,heap        ] GC(19) ParOldGen: 861796K(1389568K)->882276K(1389568K)
[5.420s][info   ][gc,metaspace   ] GC(19) Metaspace: 1019K(1152K)->1019K(1152K) NonClass: 935K(960K)->935K(960K) Class: 83K(192K)->83K(192K)
[5.420s][info   ][gc             ] GC(19) Pause Young (Allocation Failure) 1055M->891M(1581M) 7.774ms
[5.420s][info   ][gc,cpu         ] GC(19) User=0.02s Sys=0.03s Real=0.01s
[5.420s][debug  ][gc,heap        ] GC(19) Heap after GC invocations=20 (full 3):
[5.420s][debug  ][gc,heap        ] GC(19)  PSYoungGen      total 229376K, used 30720K [0x00000000f0000000, 0x0000000100000000, 0x0000000100000000)
[5.420s][debug  ][gc,heap        ] GC(19)   eden space 196096K, 0% used [0x00000000f0000000,0x00000000f0000000,0x00000000fbf80000)
[5.420s][debug  ][gc,heap        ] GC(19)   from space 33280K, 92% used [0x00000000fdf80000,0x00000000ffd80030,0x0000000100000000)
[5.420s][debug  ][gc,heap        ] GC(19)   to   space 32768K, 0% used [0x00000000fbf80000,0x00000000fbf80000,0x00000000fdf80000)
[5.420s][debug  ][gc,heap        ] GC(19)  ParOldGen       total 1389568K, used 882276K [0x0000000080000000, 0x00000000d4d00000, 0x00000000f0000000)
[5.420s][debug  ][gc,heap        ] GC(19)   object space 1389568K, 63% used [0x0000000080000000,0x00000000b5d991e8,0x00000000d4d00000)
[5.420s][debug  ][gc,heap        ] GC(19)  Metaspace       used 1019K, committed 1152K, reserved 1056768K
[5.420s][debug  ][gc,heap        ] GC(19)   class space    used 83K, committed 192K, reserved 1048576K
[5.420s][debug  ][gc,task,time   ] GC(19) VM-Thread 54119924 54183660 54204867
[5.714s][debug  ][gc,heap        ] GC(20) Heap before GC invocations=21 (full 3):
[5.714s][debug  ][gc,heap        ] GC(20)  PSYoungGen      total 229376K, used 218815K [0x00000000f0000000, 0x0000000100000000, 0x0000000100000000)
[5.714s][debug  ][gc,heap        ] GC(20)   eden space 196096K, 95% used [0x00000000f0000000,0x00000000fb7affa8,0x00000000fbf80000)
[5.714s][debug  ][gc,heap        ] GC(20)   from space 33280K, 92% used [0x00000000fdf80000,0x00000000ffd80030,0x0000000100000000)
[5.714s][debug  ][gc,heap        ] GC(20)   to   space 32768K, 0% used [0x00000000fbf80000,0x00000000fbf80000,0x00000000fdf80000)
[5.714s][debug  ][gc,heap        ] GC(20)  ParOldGen       total 1389568K, used 882276K [0x0000000080000000, 0x00000000d4d00000, 0x00000000f0000000)
[5.714s][debug  ][gc,heap        ] GC(20)   object space 1389568K, 63% used [0x0000000080000000,0x00000000b5d991e8,0x00000000d4d00000)
[5.714s][debug  ][gc,heap        ] GC(20)  Metaspace       used 1019K, committed 1152K, reserved 1056768K
[5.714s][debug  ][gc,heap        ] GC(20)   class space    used 83K, committed 192K, reserved 1048576K
[5.714s][debug  ][gc,tlab        ] GC(20) TLAB totals: thrds: 1  refills: 1 max: 1 slow allocs: 17 max 17 waste: 26.9% gc: 3866248B max: 3866248B slow: 0B max: 0B
[5.714s][info   ][gc,start       ] GC(20) Pause Young (Allocation Failure)
[5.714s][debug  ][gc,phases,start] GC(20) Scavenge
[5.732s][debug  ][gc,phases      ] GC(20) Scavenge 17.813ms
[5.732s][debug  ][gc,phases,start] GC(20) Reference Processing
[5.732s][debug  ][gc,ref         ] GC(20) Skipped phase 1 of Reference Processing: no references
[5.732s][debug  ][gc,ref         ] GC(20) Skipped phase 2 of Reference Processing: no references
[5.732s][debug  ][gc,ref         ] GC(20) Skipped phase 3 of Reference Processing: no references
[5.732s][debug  ][gc,ref         ] GC(20) Skipped phase 4 of Reference Processing: no references
[5.732s][debug  ][gc,phases,ref  ] GC(20) Reference Processing: 0.1ms
[5.732s][debug  ][gc,phases,ref  ] GC(20)   Reconsider SoftReferences: 0.0ms
[5.732s][debug  ][gc,phases,ref  ] GC(20)     SoftRef (ms):                  skipped
[5.732s][debug  ][gc,phases,ref  ] GC(20)   Notify Soft/WeakReferences: 0.0ms
[5.732s][debug  ][gc,phases,ref  ] GC(20)     SoftRef (ms):                  skipped
[5.732s][debug  ][gc,phases,ref  ] GC(20)     WeakRef (ms):                  skipped
[5.732s][debug  ][gc,phases,ref  ] GC(20)     FinalRef (ms):                 skipped
[5.732s][debug  ][gc,phases,ref  ] GC(20)     Total (ms):                    skipped
[5.732s][debug  ][gc,phases,ref  ] GC(20)   Notify and keep alive finalizable: 0.0ms
[5.732s][debug  ][gc,phases,ref  ] GC(20)     FinalRef (ms):                 skipped
[5.732s][debug  ][gc,phases,ref  ] GC(20)   Notify PhantomReferences: 0.0ms
[5.733s][debug  ][gc,phases,ref  ] GC(20)     PhantomRef (ms):               skipped
[5.733s][debug  ][gc,phases,ref  ] GC(20)   SoftReference:
[5.733s][debug  ][gc,phases,ref  ] GC(20)     Discovered: 0
[5.733s][debug  ][gc,phases,ref  ] GC(20)     Cleared: 0
[5.733s][debug  ][gc,phases,ref  ] GC(20)   WeakReference:
[5.733s][debug  ][gc,phases,ref  ] GC(20)     Discovered: 0
[5.733s][debug  ][gc,phases,ref  ] GC(20)     Cleared: 0
[5.733s][debug  ][gc,phases,ref  ] GC(20)   FinalReference:
[5.733s][debug  ][gc,phases,ref  ] GC(20)     Discovered: 0
[5.733s][debug  ][gc,phases,ref  ] GC(20)     Cleared: 0
[5.733s][debug  ][gc,phases,ref  ] GC(20)   PhantomReference:
[5.733s][debug  ][gc,phases,ref  ] GC(20)     Discovered: 0
[5.733s][debug  ][gc,phases,ref  ] GC(20)     Cleared: 0
[5.733s][debug  ][gc,phases      ] GC(20) Reference Processing 0.569ms
[5.733s][debug  ][gc,phases,start] GC(20) Weak Processing
[5.733s][debug  ][gc,phases      ] GC(20)   VM Weak                        Min:  0.0, Avg:  0.0, Max:  0.0, Diff:  0.0, Sum:  0.0, Workers: 6
[5.733s][debug  ][gc,phases      ] GC(20)     Dead                           Min: 0, Avg:  0.0, Max: 0, Diff: 0, Sum: 0, Workers: 6
[5.733s][debug  ][gc,phases      ] GC(20)     Total                          Min: 0, Avg:  1.3, Max: 8, Diff: 8, Sum: 8, Workers: 6
[5.733s][debug  ][gc,phases      ] GC(20)   ObjectSynchronizer Weak        Min:  0.0, Avg:  0.0, Max:  0.0, Diff:  0.0, Sum:  0.0, Workers: 6
[5.733s][debug  ][gc,phases      ] GC(20)     Dead                           Min: 0, Avg:  0.0, Max: 0, Diff: 0, Sum: 0, Workers: 6
[5.733s][debug  ][gc,phases      ] GC(20)     Total                          Min: 0, Avg:  0.5, Max: 3, Diff: 3, Sum: 3, Workers: 6
[5.733s][debug  ][gc,phases      ] GC(20)   JVMTI Tag Weak OopStorage      Min:  0.0, Avg:  0.0, Max:  0.0, Diff:  0.0, Sum:  0.0, Workers: 6
[5.733s][debug  ][gc,phases      ] GC(20)     Dead                           Min: 0, Avg:  0.0, Max: 0, Diff: 0, Sum: 0, Workers: 6
[5.733s][debug  ][gc,phases      ] GC(20)     Total                          Min: 0, Avg:  0.0, Max: 0, Diff: 0, Sum: 0, Workers: 6
[5.733s][debug  ][gc,phases      ] GC(20)   StringTable Weak               Min:  0.0, Avg:  0.0, Max:  0.0, Diff:  0.0, Sum:  0.0, Workers: 6
[5.733s][debug  ][gc,phases      ] GC(20)     Dead                           Min: 0, Avg:  0.0, Max: 0, Diff: 0, Sum: 0, Workers: 6
[5.733s][debug  ][gc,phases      ] GC(20)     Total                          Min: 768, Avg: 892.8, Max: 1024, Diff: 256, Sum: 5357, Workers: 6
[5.733s][debug  ][gc,phases      ] GC(20)   ResolvedMethodTable Weak       Min:  0.0, Avg:  0.0, Max:  0.0, Diff:  0.0, Sum:  0.0, Workers: 6
[5.733s][debug  ][gc,phases      ] GC(20)     Dead                           Min: 0, Avg:  0.0, Max: 0, Diff: 0, Sum: 0, Workers: 6
[5.733s][debug  ][gc,phases      ] GC(20)     Total                          Min: 0, Avg: 21.7, Max: 64, Diff: 64, Sum: 130, Workers: 6
[5.733s][debug  ][gc,phases      ] GC(20)   JNI Weak                       Min:  0.0, Avg:  0.0, Max:  0.0, Diff:  0.0, Sum:  0.0, Workers: 6
[5.733s][debug  ][gc,phases      ] GC(20)     Dead                           Min: 0, Avg:  0.0, Max: 0, Diff: 0, Sum: 0, Workers: 6
[5.733s][debug  ][gc,phases      ] GC(20)     Total                          Min: 0, Avg:  0.0, Max: 0, Diff: 0, Sum: 0, Workers: 6
[5.733s][debug  ][gc,phases      ] GC(20)   StringDedup Table Weak         Min:  0.0, Avg:  0.0, Max:  0.0, Diff:  0.0, Sum:  0.0, Workers: 6
[5.733s][debug  ][gc,phases      ] GC(20)     Dead                           Min: 0, Avg:  0.0, Max: 0, Diff: 0, Sum: 0, Workers: 6
[5.733s][debug  ][gc,phases      ] GC(20)     Total                          Min: 0, Avg:  0.0, Max: 0, Diff: 0, Sum: 0, Workers: 6
[5.733s][debug  ][gc,phases      ] GC(20)   StringDedup Requests0 Weak     Min:  0.0, Avg:  0.0, Max:  0.0, Diff:  0.0, Sum:  0.0, Workers: 6
[5.733s][debug  ][gc,phases      ] GC(20)     Dead                           Min: 0, Avg:  0.0, Max: 0, Diff: 0, Sum: 0, Workers: 6
[5.733s][debug  ][gc,phases      ] GC(20)     Total                          Min: 0, Avg:  0.0, Max: 0, Diff: 0, Sum: 0, Workers: 6
[5.733s][debug  ][gc,phases      ] GC(20)   StringDedup Requests1 Weak     Min:  0.0, Avg:  0.0, Max:  0.0, Diff:  0.0, Sum:  0.0, Workers: 6
[5.733s][debug  ][gc,phases      ] GC(20)     Dead                           Min: 0, Avg:  0.0, Max: 0, Diff: 0, Sum: 0, Workers: 6
[5.733s][debug  ][gc,phases      ] GC(20)     Total                          Min: 0, Avg:  0.0, Max: 0, Diff: 0, Sum: 0, Workers: 6
[5.733s][debug  ][gc,phases      ] GC(20)   Weak JFR Old Object Samples    Min:  0.0, Avg:  0.0, Max:  0.0, Diff:  0.0, Sum:  0.0, Workers: 6
[5.733s][debug  ][gc,phases      ] GC(20)     Dead                           Min: 0, Avg:  0.0, Max: 0, Diff: 0, Sum: 0, Workers: 6
[5.733s][debug  ][gc,phases      ] GC(20)     Total                          Min: 0, Avg:  0.0, Max: 0, Diff: 0, Sum: 0, Workers: 6
[5.733s][debug  ][gc,phases      ] GC(20) Weak Processing 0.681ms
[5.733s][debug  ][gc,ergo        ] GC(20) AdaptiveSizeStart:  collection: 21 
[5.733s][debug  ][gc,ergo        ] GC(20) avg_survived_padded_avg: 33464340.000000
[5.734s][debug  ][gc,ergo        ] GC(20) avg_promoted_padded_avg: 255185184.000000  avg_pretenured_padded_avg: 0.000000  tenuring_thresh: 1  target_size: 33554432
[5.734s][debug  ][gc,age         ] GC(20) Desired survivor size 33554432 bytes, new threshold 1 (max threshold 15)
[5.734s][debug  ][gc,ergo        ] GC(20) PSAdaptiveSizePolicy::compute_eden_space_size limits: desired_eden_size: 253162190 old_eden_size: 200278016 eden_limit: 200802304 cur_eden: 200802304 max_eden_size: 200802304 avg_young_live: 26869112
[5.734s][debug  ][gc,ergo        ] GC(20) PSAdaptiveSizePolicy::compute_eden_space_size: costs minor_time: 0.047870 major_cost: 0.025947 mutator_cost: 0.926183 throughput_goal: 0.990000
[5.734s][debug  ][gc,ergo        ] GC(20) Live_space: 865937152 free_space: 659030016
[5.734s][debug  ][gc,ergo        ] GC(20) Old eden_size: 200278016 desired_eden_size: 200802304
[5.734s][debug  ][gc,ergo        ] GC(20) AdaptiveSizeStop: collection: 21 
[5.734s][info   ][gc,heap        ] GC(20) PSYoungGen: 218815K(229376K)->30720K(228864K) Eden: 188095K(196096K)->0K(196096K) From: 30720K(33280K)->30720K(32768K)
[5.734s][info   ][gc,heap        ] GC(20) ParOldGen: 882276K(1389568K)->1066596K(1389568K)
[5.734s][info   ][gc,metaspace   ] GC(20) Metaspace: 1019K(1152K)->1019K(1152K) NonClass: 935K(960K)->935K(960K) Class: 83K(192K)->83K(192K)
[5.734s][info   ][gc             ] GC(20) Pause Young (Allocation Failure) 1075M->1071M(1580M) 19.526ms
[5.734s][info   ][gc,cpu         ] GC(20) User=0.06s Sys=0.08s Real=0.02s
[5.734s][debug  ][gc,heap        ] GC(20) Heap after GC invocations=21 (full 3):
[5.734s][debug  ][gc,heap        ] GC(20)  PSYoungGen      total 228864K, used 30720K [0x00000000f0000000, 0x0000000100000000, 0x0000000100000000)
[5.734s][debug  ][gc,heap        ] GC(20)   eden space 196096K, 0% used [0x00000000f0000000,0x00000000f0000000,0x00000000fbf80000)
[5.734s][debug  ][gc,heap        ] GC(20)   from space 32768K, 93% used [0x00000000fbf80000,0x00000000fdd80030,0x00000000fdf80000)
[5.734s][debug  ][gc,heap        ] GC(20)   to   space 32768K, 0% used [0x00000000fe000000,0x00000000fe000000,0x0000000100000000)
[5.734s][debug  ][gc,heap        ] GC(20)  ParOldGen       total 1389568K, used 1066596K [0x0000000080000000, 0x00000000d4d00000, 0x00000000f0000000)
[5.734s][debug  ][gc,heap        ] GC(20)   object space 1389568K, 76% used [0x0000000080000000,0x00000000c1199308,0x00000000d4d00000)
[5.734s][debug  ][gc,heap        ] GC(20)  Metaspace       used 1019K, committed 1152K, reserved 1056768K
[5.734s][debug  ][gc,heap        ] GC(20)   class space    used 83K, committed 192K, reserved 1048576K
[5.734s][debug  ][gc,task,time   ] GC(20) VM-Thread 57137827 57321803 57340124
[6.029s][debug  ][gc,heap        ] GC(21) Heap before GC invocations=22 (full 3):
[6.029s][debug  ][gc,heap        ] GC(21)  PSYoungGen      total 228864K, used 218839K [0x00000000f0000000, 0x0000000100000000, 0x0000000100000000)
[6.029s][debug  ][gc,heap        ] GC(21)   eden space 196096K, 95% used [0x00000000f0000000,0x00000000fb7b5e48,0x00000000fbf80000)
[6.029s][debug  ][gc,heap        ] GC(21)   from space 32768K, 93% used [0x00000000fbf80000,0x00000000fdd80030,0x00000000fdf80000)
[6.029s][debug  ][gc,heap        ] GC(21)   to   space 32768K, 0% used [0x00000000fe000000,0x00000000fe000000,0x0000000100000000)
[6.029s][debug  ][gc,heap        ] GC(21)  ParOldGen       total 1389568K, used 1066596K [0x0000000080000000, 0x00000000d4d00000, 0x00000000f0000000)
[6.029s][debug  ][gc,heap        ] GC(21)   object space 1389568K, 76% used [0x0000000080000000,0x00000000c1199308,0x00000000d4d00000)
[6.029s][debug  ][gc,heap        ] GC(21)  Metaspace       used 1019K, committed 1152K, reserved 1056768K
[6.029s][debug  ][gc,heap        ] GC(21)   class space    used 83K, committed 192K, reserved 1048576K
[6.029s][debug  ][gc,tlab        ] GC(21) TLAB totals: thrds: 1  refills: 1 max: 1 slow allocs: 17 max 17 waste: 27.1% gc: 3890472B max: 3890472B slow: 0B max: 0B
[6.029s][info   ][gc,start       ] GC(21) Pause Young (Allocation Failure)
[6.029s][debug  ][gc,phases,start] GC(21) Scavenge
[6.048s][debug  ][gc,phases      ] GC(21) Scavenge 18.235ms
[6.048s][debug  ][gc,phases,start] GC(21) Reference Processing
[6.048s][debug  ][gc,ref         ] GC(21) Skipped phase 1 of Reference Processing: no references
[6.048s][debug  ][gc,ref         ] GC(21) Skipped phase 2 of Reference Processing: no references
[6.048s][debug  ][gc,ref         ] GC(21) Skipped phase 3 of Reference Processing: no references
[6.048s][debug  ][gc,ref         ] GC(21) Skipped phase 4 of Reference Processing: no references
[6.048s][debug  ][gc,phases,ref  ] GC(21) Reference Processing: 0.1ms
[6.048s][debug  ][gc,phases,ref  ] GC(21)   Reconsider SoftReferences: 0.0ms
[6.048s][debug  ][gc,phases,ref  ] GC(21)     SoftRef (ms):                  skipped
[6.048s][debug  ][gc,phases,ref  ] GC(21)   Notify Soft/WeakReferences: 0.0ms
[6.048s][debug  ][gc,phases,ref  ] GC(21)     SoftRef (ms):                  skipped
[6.048s][debug  ][gc,phases,ref  ] GC(21)     WeakRef (ms):                  skipped
[6.048s][debug  ][gc,phases,ref  ] GC(21)     FinalRef (ms):                 skipped
[6.048s][debug  ][gc,phases,ref  ] GC(21)     Total (ms):                    skipped
[6.048s][debug  ][gc,phases,ref  ] GC(21)   Notify and keep alive finalizable: 0.0ms
[6.048s][debug  ][gc,phases,ref  ] GC(21)     FinalRef (ms):                 skipped
[6.048s][debug  ][gc,phases,ref  ] GC(21)   Notify PhantomReferences: 0.0ms
[6.048s][debug  ][gc,phases,ref  ] GC(21)     PhantomRef (ms):               skipped
[6.048s][debug  ][gc,phases,ref  ] GC(21)   SoftReference:
[6.048s][debug  ][gc,phases,ref  ] GC(21)     Discovered: 0
[6.048s][debug  ][gc,phases,ref  ] GC(21)     Cleared: 0
[6.048s][debug  ][gc,phases,ref  ] GC(21)   WeakReference:
[6.048s][debug  ][gc,phases,ref  ] GC(21)     Discovered: 0
[6.048s][debug  ][gc,phases,ref  ] GC(21)     Cleared: 0
[6.048s][debug  ][gc,phases,ref  ] GC(21)   FinalReference:
[6.048s][debug  ][gc,phases,ref  ] GC(21)     Discovered: 0
[6.048s][debug  ][gc,phases,ref  ] GC(21)     Cleared: 0
[6.048s][debug  ][gc,phases,ref  ] GC(21)   PhantomReference:
[6.048s][debug  ][gc,phases,ref  ] GC(21)     Discovered: 0
[6.048s][debug  ][gc,phases,ref  ] GC(21)     Cleared: 0
[6.048s][debug  ][gc,phases      ] GC(21) Reference Processing 0.573ms
[6.048s][debug  ][gc,phases,start] GC(21) Weak Processing
[6.048s][debug  ][gc,phases      ] GC(21)   VM Weak                        Min:  0.0, Avg:  0.0, Max:  0.0, Diff:  0.0, Sum:  0.0, Workers: 6
[6.048s][debug  ][gc,phases      ] GC(21)     Dead                           Min: 0, Avg:  0.0, Max: 0, Diff: 0, Sum: 0, Workers: 6
[6.048s][debug  ][gc,phases      ] GC(21)     Total                          Min: 0, Avg:  1.3, Max: 8, Diff: 8, Sum: 8, Workers: 6
[6.048s][debug  ][gc,phases      ] GC(21)   ObjectSynchronizer Weak        Min:  0.0, Avg:  0.0, Max:  0.0, Diff:  0.0, Sum:  0.0, Workers: 6
[6.049s][debug  ][gc,phases      ] GC(21)     Dead                           Min: 0, Avg:  0.0, Max: 0, Diff: 0, Sum: 0, Workers: 6
[6.049s][debug  ][gc,phases      ] GC(21)     Total                          Min: 0, Avg:  0.5, Max: 3, Diff: 3, Sum: 3, Workers: 6
[6.049s][debug  ][gc,phases      ] GC(21)   JVMTI Tag Weak OopStorage      Min:  0.0, Avg:  0.0, Max:  0.0, Diff:  0.0, Sum:  0.0, Workers: 6
[6.049s][debug  ][gc,phases      ] GC(21)     Dead                           Min: 0, Avg:  0.0, Max: 0, Diff: 0, Sum: 0, Workers: 6
[6.049s][debug  ][gc,phases      ] GC(21)     Total                          Min: 0, Avg:  0.0, Max: 0, Diff: 0, Sum: 0, Workers: 6
[6.049s][debug  ][gc,phases      ] GC(21)   StringTable Weak               Min:  0.0, Avg:  0.0, Max:  0.0, Diff:  0.0, Sum:  0.0, Workers: 6
[6.049s][debug  ][gc,phases      ] GC(21)     Dead                           Min: 0, Avg:  0.0, Max: 0, Diff: 0, Sum: 0, Workers: 6
[6.049s][debug  ][gc,phases      ] GC(21)     Total                          Min: 686, Avg: 892.8, Max: 1152, Diff: 466, Sum: 5357, Workers: 6
[6.049s][debug  ][gc,phases      ] GC(21)   ResolvedMethodTable Weak       Min:  0.0, Avg:  0.0, Max:  0.0, Diff:  0.0, Sum:  0.0, Workers: 6
[6.049s][debug  ][gc,phases      ] GC(21)     Dead                           Min: 0, Avg:  0.0, Max: 0, Diff: 0, Sum: 0, Workers: 6
[6.049s][debug  ][gc,phases      ] GC(21)     Total                          Min: 0, Avg: 21.7, Max: 64, Diff: 64, Sum: 130, Workers: 6
[6.049s][debug  ][gc,phases      ] GC(21)   JNI Weak                       Min:  0.0, Avg:  0.0, Max:  0.0, Diff:  0.0, Sum:  0.0, Workers: 6
[6.049s][debug  ][gc,phases      ] GC(21)     Dead                           Min: 0, Avg:  0.0, Max: 0, Diff: 0, Sum: 0, Workers: 6
[6.049s][debug  ][gc,phases      ] GC(21)     Total                          Min: 0, Avg:  0.0, Max: 0, Diff: 0, Sum: 0, Workers: 6
[6.049s][debug  ][gc,phases      ] GC(21)   StringDedup Table Weak         Min:  0.0, Avg:  0.0, Max:  0.0, Diff:  0.0, Sum:  0.0, Workers: 6
[6.049s][debug  ][gc,phases      ] GC(21)     Dead                           Min: 0, Avg:  0.0, Max: 0, Diff: 0, Sum: 0, Workers: 6
[6.049s][debug  ][gc,phases      ] GC(21)     Total                          Min: 0, Avg:  0.0, Max: 0, Diff: 0, Sum: 0, Workers: 6
[6.049s][debug  ][gc,phases      ] GC(21)   StringDedup Requests0 Weak     Min:  0.0, Avg:  0.0, Max:  0.0, Diff:  0.0, Sum:  0.0, Workers: 6
[6.049s][debug  ][gc,phases      ] GC(21)     Dead                           Min: 0, Avg:  0.0, Max: 0, Diff: 0, Sum: 0, Workers: 6
[6.049s][debug  ][gc,phases      ] GC(21)     Total                          Min: 0, Avg:  0.0, Max: 0, Diff: 0, Sum: 0, Workers: 6
[6.049s][debug  ][gc,phases      ] GC(21)   StringDedup Requests1 Weak     Min:  0.0, Avg:  0.0, Max:  0.0, Diff:  0.0, Sum:  0.0, Workers: 6
[6.049s][debug  ][gc,phases      ] GC(21)     Dead                           Min: 0, Avg:  0.0, Max: 0, Diff: 0, Sum: 0, Workers: 6
[6.049s][debug  ][gc,phases      ] GC(21)     Total                          Min: 0, Avg:  0.0, Max: 0, Diff: 0, Sum: 0, Workers: 6
[6.049s][debug  ][gc,phases      ] GC(21)   Weak JFR Old Object Samples    Min:  0.0, Avg:  0.0, Max:  0.0, Diff:  0.0, Sum:  0.0, Workers: 6
[6.049s][debug  ][gc,phases      ] GC(21)     Dead                           Min: 0, Avg:  0.0, Max: 0, Diff: 0, Sum: 0, Workers: 6
[6.049s][debug  ][gc,phases      ] GC(21)     Total                          Min: 0, Avg:  0.0, Max: 0, Diff: 0, Sum: 0, Workers: 6
[6.049s][debug  ][gc,phases      ] GC(21) Weak Processing 0.764ms
[6.049s][debug  ][gc,ergo        ] GC(21) AdaptiveSizeStart:  collection: 22 
[6.049s][debug  ][gc,ergo        ] GC(21) avg_survived_padded_avg: 33377146.000000
[6.049s][debug  ][gc,ergo        ] GC(21) avg_promoted_padded_avg: 257248960.000000  avg_pretenured_padded_avg: 0.000000  tenuring_thresh: 1  target_size: 33554432
[6.049s][debug  ][gc,age         ] GC(21) Desired survivor size 33554432 bytes, new threshold 1 (max threshold 15)
[6.049s][debug  ][gc,ergo        ] GC(21) PSAdaptiveSizePolicy::compute_eden_space_size limits: desired_eden_size: 254488648 old_eden_size: 200802304 eden_limit: 201326592 cur_eden: 200802304 max_eden_size: 201326592 avg_young_live: 27327932
[6.049s][debug  ][gc,ergo        ] GC(21) PSAdaptiveSizePolicy::compute_eden_space_size: costs minor_time: 0.051489 major_cost: 0.025947 mutator_cost: 0.922564 throughput_goal: 0.990000
[6.049s][debug  ][gc,ergo        ] GC(21) Live_space: 866395968 free_space: 659554304
[6.049s][debug  ][gc,ergo        ] GC(21) Old eden_size: 200802304 desired_eden_size: 201326592
[6.049s][debug  ][gc,ergo        ] GC(21) AdaptiveSizeStop: collection: 22 
[6.049s][info   ][gc,heap        ] GC(21) PSYoungGen: 218839K(228864K)->30720K(229376K) Eden: 188119K(196096K)->0K(196608K) From: 30720K(32768K)->30720K(32768K)
[6.049s][info   ][gc,heap        ] GC(21) ParOldGen: 1066596K(1389568K)->1250917K(1389568K)
[6.049s][info   ][gc,metaspace   ] GC(21) Metaspace: 1019K(1152K)->1019K(1152K) NonClass: 935K(960K)->935K(960K) Class: 83K(192K)->83K(192K)
[6.049s][info   ][gc             ] GC(21) Pause Young (Allocation Failure) 1255M->1251M(1581M) 20.049ms
[6.049s][info   ][gc,cpu         ] GC(21) User=0.08s Sys=0.08s Real=0.02s
[6.050s][debug  ][gc,heap        ] GC(21) Heap after GC invocations=22 (full 3):
[6.050s][debug  ][gc,heap        ] GC(21)  PSYoungGen      total 229376K, used 30720K [0x00000000f0000000, 0x0000000100000000, 0x0000000100000000)
[6.050s][debug  ][gc,heap        ] GC(21)   eden space 196608K, 0% used [0x00000000f0000000,0x00000000f0000000,0x00000000fc000000)
[6.050s][debug  ][gc,heap        ] GC(21)   from space 32768K, 93% used [0x00000000fe000000,0x00000000ffe00030,0x0000000100000000)
[6.050s][debug  ][gc,heap        ] GC(21)   to   space 32768K, 0% used [0x00000000fc000000,0x00000000fc000000,0x00000000fe000000)
[6.050s][debug  ][gc,heap        ] GC(21)  ParOldGen       total 1389568K, used 1250917K [0x0000000080000000, 0x00000000d4d00000, 0x00000000f0000000)
[6.050s][debug  ][gc,heap        ] GC(21)   object space 1389568K, 90% used [0x0000000080000000,0x00000000cc599428,0x00000000d4d00000)
[6.050s][debug  ][gc,heap        ] GC(21)  Metaspace       used 1019K, committed 1152K, reserved 1056768K
[6.050s][debug  ][gc,heap        ] GC(21)   class space    used 83K, committed 192K, reserved 1048576K
[6.050s][debug  ][gc,task,time   ] GC(21) VM-Thread 60289541 60477544 60497680
[6.050s][debug  ][gc,phases,start] GC(22) Pre Compact
[6.050s][debug  ][gc,heap        ] GC(22) Heap before GC invocations=23 (full 4):
[6.050s][debug  ][gc,heap        ] GC(22)  PSYoungGen      total 229376K, used 30720K [0x00000000f0000000, 0x0000000100000000, 0x0000000100000000)
[6.050s][debug  ][gc,heap        ] GC(22)   eden space 196608K, 0% used [0x00000000f0000000,0x00000000f0000000,0x00000000fc000000)
[6.050s][debug  ][gc,heap        ] GC(22)   from space 32768K, 93% used [0x00000000fe000000,0x00000000ffe00030,0x0000000100000000)
[6.050s][debug  ][gc,heap        ] GC(22)   to   space 32768K, 0% used [0x00000000fc000000,0x00000000fc000000,0x00000000fe000000)
[6.050s][debug  ][gc,heap        ] GC(22)  ParOldGen       total 1389568K, used 1250917K [0x0000000080000000, 0x00000000d4d00000, 0x00000000f0000000)
[6.050s][debug  ][gc,heap        ] GC(22)   object space 1389568K, 90% used [0x0000000080000000,0x00000000cc599428,0x00000000d4d00000)
[6.050s][debug  ][gc,heap        ] GC(22)  Metaspace       used 1019K, committed 1152K, reserved 1056768K
[6.050s][debug  ][gc,heap        ] GC(22)   class space    used 83K, committed 192K, reserved 1048576K
[6.050s][debug  ][gc,phases      ] GC(22) Pre Compact 0.277ms
[6.050s][info   ][gc,start       ] GC(22) Pause Full (Ergonomics)
[6.050s][info   ][gc,phases,start] GC(22) Marking Phase
[6.050s][debug  ][gc,phases,start] GC(22) Par Mark
[6.051s][debug  ][gc,phases      ] GC(22) Par Mark 0.516ms
[6.051s][debug  ][gc,phases,start] GC(22) Reference Processing
[6.051s][debug  ][gc,ref         ] GC(22) Skipped phase 1 of Reference Processing: no references
[6.051s][debug  ][gc,ref         ] GC(22) ReferenceProcessor::execute queues: 1, RefProcThreadModel::Single, marks_oops_alive: false
[6.051s][debug  ][gc,ref         ] GC(22) Skipped phase 3 of Reference Processing: no references
[6.051s][debug  ][gc,ref         ] GC(22) ReferenceProcessor::execute queues: 1, RefProcThreadModel::Single, marks_oops_alive: false
[6.051s][debug  ][gc,phases,ref  ] GC(22) Reference Processing: 0.1ms
[6.051s][debug  ][gc,phases,ref  ] GC(22)   Reconsider SoftReferences: 0.0ms
[6.051s][debug  ][gc,phases,ref  ] GC(22)     SoftRef (ms):                  skipped
[6.051s][debug  ][gc,phases,ref  ] GC(22)   Notify Soft/WeakReferences: 0.0ms
[6.051s][debug  ][gc,phases,ref  ] GC(22)     SoftRef (ms):                  Min:  0.0, Avg:  0.0, Max:  0.0, Diff:  0.0, Sum:  0.0, Workers: 10
[6.051s][debug  ][gc,phases,ref  ] GC(22)     WeakRef (ms):                  Min:  0.0, Avg:  0.0, Max:  0.0, Diff:  0.0, Sum:  0.0, Workers: 10
[6.051s][debug  ][gc,phases,ref  ] GC(22)     FinalRef (ms):                 Min:  0.0, Avg:  0.0, Max:  0.0, Diff:  0.0, Sum:  0.0, Workers: 10
[6.051s][debug  ][gc,phases,ref  ] GC(22)     Total (ms):                    Min:  0.0, Avg:  0.0, Max:  0.0, Diff:  0.0, Sum:  0.0, Workers: 10
[6.051s][debug  ][gc,phases,ref  ] GC(22)   Notify and keep alive finalizable: 0.0ms
[6.051s][debug  ][gc,phases,ref  ] GC(22)     FinalRef (ms):                 skipped
[6.051s][debug  ][gc,phases,ref  ] GC(22)   Notify PhantomReferences: 0.0ms
[6.051s][debug  ][gc,phases,ref  ] GC(22)     PhantomRef (ms):               Min:  0.0, Avg:  0.0, Max:  0.0, Diff:  0.0, Sum:  0.0, Workers: 10
[6.051s][debug  ][gc,phases,ref  ] GC(22)   SoftReference:
[6.051s][debug  ][gc,phases,ref  ] GC(22)     Discovered: 0
[6.051s][debug  ][gc,phases,ref  ] GC(22)     Cleared: 0
[6.051s][debug  ][gc,phases,ref  ] GC(22)   WeakReference:
[6.051s][debug  ][gc,phases,ref  ] GC(22)     Discovered: 48
[6.051s][debug  ][gc,phases,ref  ] GC(22)     Cleared: 48
[6.051s][debug  ][gc,phases,ref  ] GC(22)   FinalReference:
[6.051s][debug  ][gc,phases,ref  ] GC(22)     Discovered: 0
[6.051s][debug  ][gc,phases,ref  ] GC(22)     Cleared: 0
[6.051s][debug  ][gc,phases,ref  ] GC(22)   PhantomReference:
[6.051s][debug  ][gc,phases,ref  ] GC(22)     Discovered: 5
[6.051s][debug  ][gc,phases,ref  ] GC(22)     Cleared: 5
[6.051s][debug  ][gc,phases      ] GC(22) Reference Processing 0.676ms
[6.051s][debug  ][gc,phases,start] GC(22) Weak Processing
[6.051s][debug  ][gc,phases      ] GC(22)   VM Weak                        Min:  0.0, Avg:  0.0, Max:  0.0, Diff:  0.0, Sum:  0.0, Workers: 6
[6.051s][debug  ][gc,phases      ] GC(22)     Dead                           Min: 0, Avg:  0.0, Max: 0, Diff: 0, Sum: 0, Workers: 6
[6.052s][debug  ][gc,phases      ] GC(22)     Total                          Min: 0, Avg:  1.3, Max: 8, Diff: 8, Sum: 8, Workers: 6
[6.052s][debug  ][gc,phases      ] GC(22)   ObjectSynchronizer Weak        Min:  0.0, Avg:  0.0, Max:  0.0, Diff:  0.0, Sum:  0.0, Workers: 6
[6.052s][debug  ][gc,phases      ] GC(22)     Dead                           Min: 0, Avg:  0.0, Max: 0, Diff: 0, Sum: 0, Workers: 6
[6.052s][debug  ][gc,phases      ] GC(22)     Total                          Min: 0, Avg:  0.5, Max: 3, Diff: 3, Sum: 3, Workers: 6
[6.052s][debug  ][gc,phases      ] GC(22)   JVMTI Tag Weak OopStorage      Min:  0.0, Avg:  0.0, Max:  0.0, Diff:  0.0, Sum:  0.0, Workers: 6
[6.052s][debug  ][gc,phases      ] GC(22)     Dead                           Min: 0, Avg:  0.0, Max: 0, Diff: 0, Sum: 0, Workers: 6
[6.052s][debug  ][gc,phases      ] GC(22)     Total                          Min: 0, Avg:  0.0, Max: 0, Diff: 0, Sum: 0, Workers: 6
[6.052s][debug  ][gc,phases      ] GC(22)   StringTable Weak               Min:  0.0, Avg:  0.0, Max:  0.0, Diff:  0.0, Sum:  0.0, Workers: 6
[6.052s][debug  ][gc,phases      ] GC(22)     Dead                           Min: 0, Avg:  0.0, Max: 0, Diff: 0, Sum: 0, Workers: 6
[6.052s][debug  ][gc,phases      ] GC(22)     Total                          Min: 704, Avg: 892.8, Max: 1280, Diff: 576, Sum: 5357, Workers: 6
[6.052s][debug  ][gc,phases      ] GC(22)   ResolvedMethodTable Weak       Min:  0.0, Avg:  0.0, Max:  0.0, Diff:  0.0, Sum:  0.0, Workers: 6
[6.052s][debug  ][gc,phases      ] GC(22)     Dead                           Min: 0, Avg:  0.0, Max: 0, Diff: 0, Sum: 0, Workers: 6
[6.052s][debug  ][gc,phases      ] GC(22)     Total                          Min: 0, Avg: 21.7, Max: 64, Diff: 64, Sum: 130, Workers: 6
[6.052s][debug  ][gc,phases      ] GC(22)   JNI Weak                       Min:  0.0, Avg:  0.0, Max:  0.0, Diff:  0.0, Sum:  0.0, Workers: 6
[6.052s][debug  ][gc,phases      ] GC(22)     Dead                           Min: 0, Avg:  0.0, Max: 0, Diff: 0, Sum: 0, Workers: 6
[6.052s][debug  ][gc,phases      ] GC(22)     Total                          Min: 0, Avg:  0.0, Max: 0, Diff: 0, Sum: 0, Workers: 6
[6.052s][debug  ][gc,phases      ] GC(22)   StringDedup Table Weak         Min:  0.0, Avg:  0.0, Max:  0.0, Diff:  0.0, Sum:  0.0, Workers: 6
[6.052s][debug  ][gc,phases      ] GC(22)     Dead                           Min: 0, Avg:  0.0, Max: 0, Diff: 0, Sum: 0, Workers: 6
[6.052s][debug  ][gc,phases      ] GC(22)     Total                          Min: 0, Avg:  0.0, Max: 0, Diff: 0, Sum: 0, Workers: 6
[6.052s][debug  ][gc,phases      ] GC(22)   StringDedup Requests0 Weak     Min:  0.0, Avg:  0.0, Max:  0.0, Diff:  0.0, Sum:  0.0, Workers: 6
[6.052s][debug  ][gc,phases      ] GC(22)     Dead                           Min: 0, Avg:  0.0, Max: 0, Diff: 0, Sum: 0, Workers: 6
[6.052s][debug  ][gc,phases      ] GC(22)     Total                          Min: 0, Avg:  0.0, Max: 0, Diff: 0, Sum: 0, Workers: 6
[6.052s][debug  ][gc,phases      ] GC(22)   StringDedup Requests1 Weak     Min:  0.0, Avg:  0.0, Max:  0.0, Diff:  0.0, Sum:  0.0, Workers: 6
[6.052s][debug  ][gc,phases      ] GC(22)     Dead                           Min: 0, Avg:  0.0, Max: 0, Diff: 0, Sum: 0, Workers: 6
[6.052s][debug  ][gc,phases      ] GC(22)     Total                          Min: 0, Avg:  0.0, Max: 0, Diff: 0, Sum: 0, Workers: 6
[6.052s][debug  ][gc,phases      ] GC(22)   Weak JFR Old Object Samples    Min:  0.0, Avg:  0.0, Max:  0.0, Diff:  0.0, Sum:  0.0, Workers: 6
[6.052s][debug  ][gc,phases      ] GC(22)     Dead                           Min: 0, Avg:  0.0, Max: 0, Diff: 0, Sum: 0, Workers: 6
[6.052s][debug  ][gc,phases      ] GC(22)     Total                          Min: 0, Avg:  0.0, Max: 0, Diff: 0, Sum: 0, Workers: 6
[6.052s][debug  ][gc,phases      ] GC(22) Weak Processing 0.731ms
[6.052s][debug  ][gc,phases,start] GC(22) Class Unloading
[6.052s][debug  ][gc,phases,start] GC(22) ClassLoaderData
[6.052s][debug  ][gc,phases      ] GC(22) ClassLoaderData 0.019ms
[6.052s][debug  ][gc,phases,start] GC(22) Trigger cleanups
[6.052s][debug  ][gc,phases      ] GC(22) Trigger cleanups 0.019ms
[6.052s][debug  ][gc,phases      ] GC(22) Class Unloading 0.249ms
[6.052s][info   ][gc,phases      ] GC(22) Marking Phase 2.303ms
[6.052s][info   ][gc,phases,start] GC(22) Summary Phase
[6.053s][info   ][gc,phases      ] GC(22) Summary Phase 0.033ms
[6.053s][info   ][gc,phases,start] GC(22) Adjust Roots
[6.053s][info   ][gc,phases      ] GC(22) Adjust Roots 0.130ms
[6.053s][info   ][gc,phases,start] GC(22) Compaction Phase
[6.098s][info   ][gc,phases      ] GC(22) Compaction Phase 45.720ms
[6.099s][info   ][gc,phases,start] GC(22) Post Compact
[6.104s][info   ][gc,phases      ] GC(22) Post Compact 5.049ms
[6.104s][debug  ][gc,ergo        ] GC(22) AdaptiveSizeStart: collection: 23 
[6.104s][debug  ][gc,ergo        ] GC(22) PSAdaptiveSizePolicy::compute_eden_space_size limits: desired_eden_size: 252383642 old_eden_size: 201326592 eden_limit: 201326592 cur_eden: 201326592 max_eden_size: 201326592 avg_young_live: 24595138
[6.104s][debug  ][gc,ergo        ] GC(22) PSAdaptiveSizePolicy::compute_eden_space_size: costs minor_time: 0.051489 major_cost: 0.029935 mutator_cost: 0.918576 throughput_goal: 0.990000
[6.104s][debug  ][gc,ergo        ] GC(22) Live_space: 863663168 free_space: 660078592
[6.104s][debug  ][gc,ergo        ] GC(22) Old eden_size: 201326592 desired_eden_size: 201326592
[6.104s][debug  ][gc,ergo        ] GC(22) PSAdaptiveSizePolicy::compute_old_gen_free_space: costs minor_time: 0.051489 major_cost: 0.029935  mutator_cost: 0.918576 throughput_goal: 0.990000
[6.104s][debug  ][gc,ergo        ] GC(22) Live_space: 828902848 free_space: 660078592
[6.104s][debug  ][gc,ergo        ] GC(22) Old promo_size: 458752000 desired_promo_size: 560463872
[6.106s][debug  ][gc             ] GC(22) Shrinking ParOldGen from 1389568K by 169472K to 1220096K
[6.106s][debug  ][gc,ergo        ] GC(22) AdaptiveSizeStop: collection: 23 
[6.106s][info   ][gc,heap        ] GC(22) PSYoungGen: 30720K(229376K)->0K(229376K) Eden: 0K(196608K)->0K(196608K) From: 30720K(32768K)->0K(32768K)
[6.106s][info   ][gc,heap        ] GC(22) ParOldGen: 1250917K(1389568K)->421475K(1220096K)
[6.106s][info   ][gc,metaspace   ] GC(22) Metaspace: 1019K(1152K)->1019K(1152K) NonClass: 935K(960K)->935K(960K) Class: 83K(192K)->83K(192K)
[6.106s][info   ][gc             ] GC(22) Pause Full (Ergonomics) 1251M->411M(1415M) 56.373ms
[6.107s][info   ][gc,cpu         ] GC(22) User=0.47s Sys=0.02s Real=0.06s
[6.107s][debug  ][gc,heap        ] GC(22) Heap after GC invocations=23 (full 4):
[6.107s][debug  ][gc,heap        ] GC(22)  PSYoungGen      total 229376K, used 0K [0x00000000f0000000, 0x0000000100000000, 0x0000000100000000)
[6.107s][debug  ][gc,heap        ] GC(22)   eden space 196608K, 0% used [0x00000000f0000000,0x00000000f0000000,0x00000000fc000000)
[6.107s][debug  ][gc,heap        ] GC(22)   from space 32768K, 0% used [0x00000000fc000000,0x00000000fc000000,0x00000000fe000000)
[6.107s][debug  ][gc,heap        ] GC(22)   to   space 32768K, 0% used [0x00000000fe000000,0x00000000fe000000,0x0000000100000000)
[6.107s][debug  ][gc,heap        ] GC(22)  ParOldGen       total 1220096K, used 421475K [0x0000000080000000, 0x00000000ca780000, 0x00000000f0000000)
[6.107s][debug  ][gc,heap        ] GC(22)   object space 1220096K, 34% used [0x0000000080000000,0x0000000099b98f18,0x00000000ca780000)
[6.107s][debug  ][gc,heap        ] GC(22)  Metaspace       used 1019K, committed 1152K, reserved 1056768K
[6.107s][debug  ][gc,heap        ] GC(22)   class space    used 83K, committed 192K, reserved 1048576K
[6.107s][debug  ][gc,task,time   ] GC(22) VM-Thread 60501447 60527081 61065495
[6.392s][debug  ][gc,heap        ] GC(23) Heap before GC invocations=24 (full 4):
[6.392s][debug  ][gc,heap        ] GC(23)  PSYoungGen      total 229376K, used 188144K [0x00000000f0000000, 0x0000000100000000, 0x0000000100000000)
[6.392s][debug  ][gc,heap        ] GC(23)   eden space 196608K, 95% used [0x00000000f0000000,0x00000000fb7bc2e8,0x00000000fc000000)
[6.392s][debug  ][gc,heap        ] GC(23)   from space 32768K, 0% used [0x00000000fc000000,0x00000000fc000000,0x00000000fe000000)
[6.393s][debug  ][gc,heap        ] GC(23)   to   space 32768K, 0% used [0x00000000fe000000,0x00000000fe000000,0x0000000100000000)
[6.393s][debug  ][gc,heap        ] GC(23)  ParOldGen       total 1220096K, used 421475K [0x0000000080000000, 0x00000000ca780000, 0x00000000f0000000)
[6.393s][debug  ][gc,heap        ] GC(23)   object space 1220096K, 34% used [0x0000000080000000,0x0000000099b98f18,0x00000000ca780000)
[6.393s][debug  ][gc,heap        ] GC(23)  Metaspace       used 1019K, committed 1152K, reserved 1056768K
[6.393s][debug  ][gc,heap        ] GC(23)   class space    used 83K, committed 192K, reserved 1048576K
[6.393s][debug  ][gc,tlab        ] GC(23) TLAB totals: thrds: 1  refills: 1 max: 1 slow allocs: 17 max 17 waste: 27.2% gc: 3916232B max: 3916232B slow: 0B max: 0B
[6.393s][info   ][gc,start       ] GC(23) Pause Young (Allocation Failure)
[6.393s][debug  ][gc,phases,start] GC(23) Scavenge
[6.405s][debug  ][gc,phases      ] GC(23) Scavenge 12.185ms
[6.405s][debug  ][gc,phases,start] GC(23) Reference Processing
[6.405s][debug  ][gc,ref         ] GC(23) Skipped phase 1 of Reference Processing: no references
[6.405s][debug  ][gc,ref         ] GC(23) Skipped phase 2 of Reference Processing: no references
[6.405s][debug  ][gc,ref         ] GC(23) Skipped phase 3 of Reference Processing: no references
[6.405s][debug  ][gc,ref         ] GC(23) Skipped phase 4 of Reference Processing: no references
[6.405s][debug  ][gc,phases,ref  ] GC(23) Reference Processing: 0.1ms
[6.405s][debug  ][gc,phases,ref  ] GC(23)   Reconsider SoftReferences: 0.0ms
[6.405s][debug  ][gc,phases,ref  ] GC(23)     SoftRef (ms):                  skipped
[6.405s][debug  ][gc,phases,ref  ] GC(23)   Notify Soft/WeakReferences: 0.0ms
[6.405s][debug  ][gc,phases,ref  ] GC(23)     SoftRef (ms):                  skipped
[6.405s][debug  ][gc,phases,ref  ] GC(23)     WeakRef (ms):                  skipped
[6.405s][debug  ][gc,phases,ref  ] GC(23)     FinalRef (ms):                 skipped
[6.405s][debug  ][gc,phases,ref  ] GC(23)     Total (ms):                    skipped
[6.405s][debug  ][gc,phases,ref  ] GC(23)   Notify and keep alive finalizable: 0.0ms
[6.405s][debug  ][gc,phases,ref  ] GC(23)     FinalRef (ms):                 skipped
[6.405s][debug  ][gc,phases,ref  ] GC(23)   Notify PhantomReferences: 0.0ms
[6.405s][debug  ][gc,phases,ref  ] GC(23)     PhantomRef (ms):               skipped
[6.405s][debug  ][gc,phases,ref  ] GC(23)   SoftReference:
[6.405s][debug  ][gc,phases,ref  ] GC(23)     Discovered: 0
[6.406s][debug  ][gc,phases,ref  ] GC(23)     Cleared: 0
[6.406s][debug  ][gc,phases,ref  ] GC(23)   WeakReference:
[6.406s][debug  ][gc,phases,ref  ] GC(23)     Discovered: 0
[6.406s][debug  ][gc,phases,ref  ] GC(23)     Cleared: 0
[6.406s][debug  ][gc,phases,ref  ] GC(23)   FinalReference:
[6.406s][debug  ][gc,phases,ref  ] GC(23)     Discovered: 0
[6.406s][debug  ][gc,phases,ref  ] GC(23)     Cleared: 0
[6.406s][debug  ][gc,phases,ref  ] GC(23)   PhantomReference:
[6.406s][debug  ][gc,phases,ref  ] GC(23)     Discovered: 0
[6.406s][debug  ][gc,phases,ref  ] GC(23)     Cleared: 0
[6.406s][debug  ][gc,phases      ] GC(23) Reference Processing 0.676ms
[6.406s][debug  ][gc,phases,start] GC(23) Weak Processing
[6.406s][debug  ][gc,phases      ] GC(23)   VM Weak                        Min:  0.0, Avg:  0.0, Max:  0.0, Diff:  0.0, Sum:  0.0, Workers: 6
[6.406s][debug  ][gc,phases      ] GC(23)     Dead                           Min: 0, Avg:  0.0, Max: 0, Diff: 0, Sum: 0, Workers: 6
[6.406s][debug  ][gc,phases      ] GC(23)     Total                          Min: 0, Avg:  1.3, Max: 8, Diff: 8, Sum: 8, Workers: 6
[6.406s][debug  ][gc,phases      ] GC(23)   ObjectSynchronizer Weak        Min:  0.0, Avg:  0.0, Max:  0.0, Diff:  0.0, Sum:  0.0, Workers: 6
[6.406s][debug  ][gc,phases      ] GC(23)     Dead                           Min: 0, Avg:  0.0, Max: 0, Diff: 0, Sum: 0, Workers: 6
[6.406s][debug  ][gc,phases      ] GC(23)     Total                          Min: 0, Avg:  0.5, Max: 3, Diff: 3, Sum: 3, Workers: 6
[6.406s][debug  ][gc,phases      ] GC(23)   JVMTI Tag Weak OopStorage      Min:  0.0, Avg:  0.0, Max:  0.0, Diff:  0.0, Sum:  0.0, Workers: 6
[6.406s][debug  ][gc,phases      ] GC(23)     Dead                           Min: 0, Avg:  0.0, Max: 0, Diff: 0, Sum: 0, Workers: 6
[6.406s][debug  ][gc,phases      ] GC(23)     Total                          Min: 0, Avg:  0.0, Max: 0, Diff: 0, Sum: 0, Workers: 6
[6.406s][debug  ][gc,phases      ] GC(23)   StringTable Weak               Min:  0.0, Avg:  0.0, Max:  0.0, Diff:  0.0, Sum:  0.0, Workers: 6
[6.406s][debug  ][gc,phases      ] GC(23)     Dead                           Min: 0, Avg:  0.0, Max: 0, Diff: 0, Sum: 0, Workers: 6
[6.406s][debug  ][gc,phases      ] GC(23)     Total                          Min: 704, Avg: 892.8, Max: 1088, Diff: 384, Sum: 5357, Workers: 6
[6.406s][debug  ][gc,phases      ] GC(23)   ResolvedMethodTable Weak       Min:  0.0, Avg:  0.0, Max:  0.0, Diff:  0.0, Sum:  0.0, Workers: 6
[6.406s][debug  ][gc,phases      ] GC(23)     Dead                           Min: 0, Avg:  0.0, Max: 0, Diff: 0, Sum: 0, Workers: 6
[6.406s][debug  ][gc,phases      ] GC(23)     Total                          Min: 0, Avg: 21.7, Max: 64, Diff: 64, Sum: 130, Workers: 6
[6.406s][debug  ][gc,phases      ] GC(23)   JNI Weak                       Min:  0.0, Avg:  0.0, Max:  0.0, Diff:  0.0, Sum:  0.0, Workers: 6
[6.406s][debug  ][gc,phases      ] GC(23)     Dead                           Min: 0, Avg:  0.0, Max: 0, Diff: 0, Sum: 0, Workers: 6
[6.406s][debug  ][gc,phases      ] GC(23)     Total                          Min: 0, Avg:  0.0, Max: 0, Diff: 0, Sum: 0, Workers: 6
[6.406s][debug  ][gc,phases      ] GC(23)   StringDedup Table Weak         Min:  0.0, Avg:  0.0, Max:  0.0, Diff:  0.0, Sum:  0.0, Workers: 6
[6.406s][debug  ][gc,phases      ] GC(23)     Dead                           Min: 0, Avg:  0.0, Max: 0, Diff: 0, Sum: 0, Workers: 6
[6.406s][debug  ][gc,phases      ] GC(23)     Total                          Min: 0, Avg:  0.0, Max: 0, Diff: 0, Sum: 0, Workers: 6
[6.406s][debug  ][gc,phases      ] GC(23)   StringDedup Requests0 Weak     Min:  0.0, Avg:  0.0, Max:  0.0, Diff:  0.0, Sum:  0.0, Workers: 6
[6.406s][debug  ][gc,phases      ] GC(23)     Dead                           Min: 0, Avg:  0.0, Max: 0, Diff: 0, Sum: 0, Workers: 6
[6.406s][debug  ][gc,phases      ] GC(23)     Total                          Min: 0, Avg:  0.0, Max: 0, Diff: 0, Sum: 0, Workers: 6
[6.407s][debug  ][gc,phases      ] GC(23)   StringDedup Requests1 Weak     Min:  0.0, Avg:  0.0, Max:  0.0, Diff:  0.0, Sum:  0.0, Workers: 6
[6.407s][debug  ][gc,phases      ] GC(23)     Dead                           Min: 0, Avg:  0.0, Max: 0, Diff: 0, Sum: 0, Workers: 6
[6.407s][debug  ][gc,phases      ] GC(23)     Total                          Min: 0, Avg:  0.0, Max: 0, Diff: 0, Sum: 0, Workers: 6
[6.407s][debug  ][gc,phases      ] GC(23)   Weak JFR Old Object Samples    Min:  0.0, Avg:  0.0, Max:  0.0, Diff:  0.0, Sum:  0.0, Workers: 6
[6.407s][debug  ][gc,phases      ] GC(23)     Dead                           Min: 0, Avg:  0.0, Max: 0, Diff: 0, Sum: 0, Workers: 6
[6.407s][debug  ][gc,phases      ] GC(23)     Total                          Min: 0, Avg:  0.0, Max: 0, Diff: 0, Sum: 0, Workers: 6
[6.407s][debug  ][gc,phases      ] GC(23) Weak Processing 0.912ms
[6.407s][debug  ][gc,ergo        ] GC(23) AdaptiveSizeStart:  collection: 24 
[6.407s][debug  ][gc,ergo        ] GC(23) avg_survived_padded_avg: 33287318.000000
[6.407s][debug  ][gc,ergo        ] GC(23) avg_promoted_padded_avg: 247909136.000000  avg_pretenured_padded_avg: 0.000000  tenuring_thresh: 1  target_size: 33554432
[6.407s][debug  ][gc,age         ] GC(23) Desired survivor size 33554432 bytes, new threshold 1 (max threshold 15)
[6.407s][debug  ][gc,ergo        ] GC(23) PSAdaptiveSizePolicy::compute_eden_space_size limits: desired_eden_size: 251188904 old_eden_size: 201326592 eden_limit: 201326592 cur_eden: 201326592 max_eden_size: 201326592 avg_young_live: 25281356
[6.407s][debug  ][gc,ergo        ] GC(23) PSAdaptiveSizePolicy::compute_eden_space_size: costs minor_time: 0.048339 major_cost: 0.029935 mutator_cost: 0.921727 throughput_goal: 0.990000
[6.407s][debug  ][gc,ergo        ] GC(23) Live_space: 829589056 free_space: 761790464
[6.407s][debug  ][gc,ergo        ] GC(23) Old eden_size: 201326592 desired_eden_size: 201326592
[6.407s][debug  ][gc,ergo        ] GC(23) AdaptiveSizeStop: collection: 24 
[6.407s][info   ][gc,heap        ] GC(23) PSYoungGen: 188144K(229376K)->30720K(229376K) Eden: 188144K(196608K)->0K(196608K) From: 0K(32768K)->30720K(32768K)
[6.407s][info   ][gc,heap        ] GC(23) ParOldGen: 421475K(1220096K)->575076K(1220096K)
[6.407s][info   ][gc,metaspace   ] GC(23) Metaspace: 1019K(1152K)->1019K(1152K) NonClass: 935K(960K)->935K(960K) Class: 83K(192K)->83K(192K)
[6.407s][info   ][gc             ] GC(23) Pause Young (Allocation Failure) 595M->591M(1415M) 14.321ms
[6.407s][info   ][gc,cpu         ] GC(23) User=0.16s Sys=0.00s Real=0.01s
[6.407s][debug  ][gc,heap        ] GC(23) Heap after GC invocations=24 (full 4):
[6.407s][debug  ][gc,heap        ] GC(23)  PSYoungGen      total 229376K, used 30720K [0x00000000f0000000, 0x0000000100000000, 0x0000000100000000)
[6.407s][debug  ][gc,heap        ] GC(23)   eden space 196608K, 0% used [0x00000000f0000000,0x00000000f0000000,0x00000000fc000000)
[6.407s][debug  ][gc,heap        ] GC(23)   from space 32768K, 93% used [0x00000000fe000000,0x00000000ffe00030,0x0000000100000000)
[6.407s][debug  ][gc,heap        ] GC(23)   to   space 32768K, 0% used [0x00000000fc000000,0x00000000fc000000,0x00000000fe000000)
[6.407s][debug  ][gc,heap        ] GC(23)  ParOldGen       total 1220096K, used 575076K [0x0000000080000000, 0x00000000ca780000, 0x00000000f0000000)
[6.407s][debug  ][gc,heap        ] GC(23)   object space 1220096K, 47% used [0x0000000080000000,0x00000000a3199008,0x00000000ca780000)
[6.407s][debug  ][gc,heap        ] GC(23)  Metaspace       used 1019K, committed 1152K, reserved 1056768K
[6.407s][debug  ][gc,heap        ] GC(23)   class space    used 83K, committed 192K, reserved 1048576K
[6.407s][debug  ][gc,task,time   ] GC(23) VM-Thread 63923184 64050494 64073311
[6.694s][debug  ][gc,heap        ] GC(24) Heap before GC invocations=25 (full 4):
[6.695s][debug  ][gc,heap        ] GC(24)  PSYoungGen      total 229376K, used 218799K [0x00000000f0000000, 0x0000000100000000, 0x0000000100000000)
[6.695s][debug  ][gc,heap        ] GC(24)   eden space 196608K, 95% used [0x00000000f0000000,0x00000000fb7abe30,0x00000000fc000000)
[6.695s][debug  ][gc,heap        ] GC(24)   from space 32768K, 93% used [0x00000000fe000000,0x00000000ffe00030,0x0000000100000000)
[6.695s][debug  ][gc,heap        ] GC(24)   to   space 32768K, 0% used [0x00000000fc000000,0x00000000fc000000,0x00000000fe000000)
[6.695s][debug  ][gc,heap        ] GC(24)  ParOldGen       total 1220096K, used 575076K [0x0000000080000000, 0x00000000ca780000, 0x00000000f0000000)
[6.695s][debug  ][gc,heap        ] GC(24)   object space 1220096K, 47% used [0x0000000080000000,0x00000000a3199008,0x00000000ca780000)
[6.695s][debug  ][gc,heap        ] GC(24)  Metaspace       used 1019K, committed 1152K, reserved 1056768K
[6.695s][debug  ][gc,heap        ] GC(24)   class space    used 83K, committed 192K, reserved 1048576K
[6.695s][debug  ][gc,tlab        ] GC(24) TLAB totals: thrds: 1  refills: 1 max: 1 slow allocs: 17 max 17 waste: 26.9% gc: 3849488B max: 3849488B slow: 0B max: 0B
[6.695s][info   ][gc,start       ] GC(24) Pause Young (Allocation Failure)
[6.695s][debug  ][gc,phases,start] GC(24) Scavenge
[6.709s][debug  ][gc,phases      ] GC(24) Scavenge 14.575ms
[6.710s][debug  ][gc,phases,start] GC(24) Reference Processing
[6.710s][debug  ][gc,ref         ] GC(24) Skipped phase 1 of Reference Processing: no references
[6.710s][debug  ][gc,ref         ] GC(24) Skipped phase 2 of Reference Processing: no references
[6.710s][debug  ][gc,ref         ] GC(24) Skipped phase 3 of Reference Processing: no references
[6.710s][debug  ][gc,ref         ] GC(24) Skipped phase 4 of Reference Processing: no references
[6.710s][debug  ][gc,phases,ref  ] GC(24) Reference Processing: 0.1ms
[6.710s][debug  ][gc,phases,ref  ] GC(24)   Reconsider SoftReferences: 0.0ms
[6.710s][debug  ][gc,phases,ref  ] GC(24)     SoftRef (ms):                  skipped
[6.710s][debug  ][gc,phases,ref  ] GC(24)   Notify Soft/WeakReferences: 0.0ms
[6.710s][debug  ][gc,phases,ref  ] GC(24)     SoftRef (ms):                  skipped
[6.710s][debug  ][gc,phases,ref  ] GC(24)     WeakRef (ms):                  skipped
[6.710s][debug  ][gc,phases,ref  ] GC(24)     FinalRef (ms):                 skipped
[6.710s][debug  ][gc,phases,ref  ] GC(24)     Total (ms):                    skipped
[6.710s][debug  ][gc,phases,ref  ] GC(24)   Notify and keep alive finalizable: 0.0ms
[6.710s][debug  ][gc,phases,ref  ] GC(24)     FinalRef (ms):                 skipped
[6.710s][debug  ][gc,phases,ref  ] GC(24)   Notify PhantomReferences: 0.0ms
[6.710s][debug  ][gc,phases,ref  ] GC(24)     PhantomRef (ms):               skipped
[6.710s][debug  ][gc,phases,ref  ] GC(24)   SoftReference:
[6.710s][debug  ][gc,phases,ref  ] GC(24)     Discovered: 0
[6.710s][debug  ][gc,phases,ref  ] GC(24)     Cleared: 0
[6.710s][debug  ][gc,phases,ref  ] GC(24)   WeakReference:
[6.710s][debug  ][gc,phases,ref  ] GC(24)     Discovered: 0
[6.710s][debug  ][gc,phases,ref  ] GC(24)     Cleared: 0
[6.710s][debug  ][gc,phases,ref  ] GC(24)   FinalReference:
[6.710s][debug  ][gc,phases,ref  ] GC(24)     Discovered: 0
[6.710s][debug  ][gc,phases,ref  ] GC(24)     Cleared: 0
[6.710s][debug  ][gc,phases,ref  ] GC(24)   PhantomReference:
[6.710s][debug  ][gc,phases,ref  ] GC(24)     Discovered: 0
[6.710s][debug  ][gc,phases,ref  ] GC(24)     Cleared: 0
[6.710s][debug  ][gc,phases      ] GC(24) Reference Processing 0.751ms
[6.710s][debug  ][gc,phases,start] GC(24) Weak Processing
[6.710s][debug  ][gc,phases      ] GC(24)   VM Weak                        Min:  0.0, Avg:  0.0, Max:  0.0, Diff:  0.0, Sum:  0.0, Workers: 6
[6.710s][debug  ][gc,phases      ] GC(24)     Dead                           Min: 0, Avg:  0.0, Max: 0, Diff: 0, Sum: 0, Workers: 6
[6.710s][debug  ][gc,phases      ] GC(24)     Total                          Min: 0, Avg:  1.3, Max: 8, Diff: 8, Sum: 8, Workers: 6
[6.710s][debug  ][gc,phases      ] GC(24)   ObjectSynchronizer Weak        Min:  0.0, Avg:  0.0, Max:  0.0, Diff:  0.0, Sum:  0.0, Workers: 6
[6.711s][debug  ][gc,phases      ] GC(24)     Dead                           Min: 0, Avg:  0.0, Max: 0, Diff: 0, Sum: 0, Workers: 6
[6.711s][debug  ][gc,phases      ] GC(24)     Total                          Min: 0, Avg:  0.5, Max: 3, Diff: 3, Sum: 3, Workers: 6
[6.711s][debug  ][gc,phases      ] GC(24)   JVMTI Tag Weak OopStorage      Min:  0.0, Avg:  0.0, Max:  0.0, Diff:  0.0, Sum:  0.0, Workers: 6
[6.711s][debug  ][gc,phases      ] GC(24)     Dead                           Min: 0, Avg:  0.0, Max: 0, Diff: 0, Sum: 0, Workers: 6
[6.711s][debug  ][gc,phases      ] GC(24)     Total                          Min: 0, Avg:  0.0, Max: 0, Diff: 0, Sum: 0, Workers: 6
[6.711s][debug  ][gc,phases      ] GC(24)   StringTable Weak               Min:  0.0, Avg:  0.0, Max:  0.0, Diff:  0.0, Sum:  0.0, Workers: 6
[6.711s][debug  ][gc,phases      ] GC(24)     Dead                           Min: 0, Avg:  0.0, Max: 0, Diff: 0, Sum: 0, Workers: 6
[6.711s][debug  ][gc,phases      ] GC(24)     Total                          Min: 703, Avg: 892.8, Max: 1088, Diff: 385, Sum: 5357, Workers: 6
[6.711s][debug  ][gc,phases      ] GC(24)   ResolvedMethodTable Weak       Min:  0.0, Avg:  0.0, Max:  0.0, Diff:  0.0, Sum:  0.0, Workers: 6
[6.711s][debug  ][gc,phases      ] GC(24)     Dead                           Min: 0, Avg:  0.0, Max: 0, Diff: 0, Sum: 0, Workers: 6
[6.711s][debug  ][gc,phases      ] GC(24)     Total                          Min: 0, Avg: 21.7, Max: 64, Diff: 64, Sum: 130, Workers: 6
[6.711s][debug  ][gc,phases      ] GC(24)   JNI Weak                       Min:  0.0, Avg:  0.0, Max:  0.0, Diff:  0.0, Sum:  0.0, Workers: 6
[6.711s][debug  ][gc,phases      ] GC(24)     Dead                           Min: 0, Avg:  0.0, Max: 0, Diff: 0, Sum: 0, Workers: 6
[6.711s][debug  ][gc,phases      ] GC(24)     Total                          Min: 0, Avg:  0.0, Max: 0, Diff: 0, Sum: 0, Workers: 6
[6.711s][debug  ][gc,phases      ] GC(24)   StringDedup Table Weak         Min:  0.0, Avg:  0.0, Max:  0.0, Diff:  0.0, Sum:  0.0, Workers: 6
[6.711s][debug  ][gc,phases      ] GC(24)     Dead                           Min: 0, Avg:  0.0, Max: 0, Diff: 0, Sum: 0, Workers: 6
[6.711s][debug  ][gc,phases      ] GC(24)     Total                          Min: 0, Avg:  0.0, Max: 0, Diff: 0, Sum: 0, Workers: 6
[6.711s][debug  ][gc,phases      ] GC(24)   StringDedup Requests0 Weak     Min:  0.0, Avg:  0.0, Max:  0.0, Diff:  0.0, Sum:  0.0, Workers: 6
[6.711s][debug  ][gc,phases      ] GC(24)     Dead                           Min: 0, Avg:  0.0, Max: 0, Diff: 0, Sum: 0, Workers: 6
[6.711s][debug  ][gc,phases      ] GC(24)     Total                          Min: 0, Avg:  0.0, Max: 0, Diff: 0, Sum: 0, Workers: 6
[6.711s][debug  ][gc,phases      ] GC(24)   StringDedup Requests1 Weak     Min:  0.0, Avg:  0.0, Max:  0.0, Diff:  0.0, Sum:  0.0, Workers: 6
[6.711s][debug  ][gc,phases      ] GC(24)     Dead                           Min: 0, Avg:  0.0, Max: 0, Diff: 0, Sum: 0, Workers: 6
[6.711s][debug  ][gc,phases      ] GC(24)     Total                          Min: 0, Avg:  0.0, Max: 0, Diff: 0, Sum: 0, Workers: 6
[6.711s][debug  ][gc,phases      ] GC(24)   Weak JFR Old Object Samples    Min:  0.0, Avg:  0.0, Max:  0.0, Diff:  0.0, Sum:  0.0, Workers: 6
[6.711s][debug  ][gc,phases      ] GC(24)     Dead                           Min: 0, Avg:  0.0, Max: 0, Diff: 0, Sum: 0, Workers: 6
[6.711s][debug  ][gc,phases      ] GC(24)     Total                          Min: 0, Avg:  0.0, Max: 0, Diff: 0, Sum: 0, Workers: 6
[6.711s][debug  ][gc,phases      ] GC(24) Weak Processing 0.720ms
[6.711s][debug  ][gc,ergo        ] GC(24) AdaptiveSizeStart:  collection: 25 
[6.711s][debug  ][gc,ergo        ] GC(24) avg_survived_padded_avg: 33196260.000000
[6.711s][debug  ][gc,ergo        ] GC(24) avg_promoted_padded_avg: 249895360.000000  avg_pretenured_padded_avg: 0.000000  tenuring_thresh: 1  target_size: 33554432
[6.711s][debug  ][gc,age         ] GC(24) Desired survivor size 33554432 bytes, new threshold 1 (max threshold 15)
[6.711s][debug  ][gc,ergo        ] GC(24) PSAdaptiveSizePolicy::compute_eden_space_size limits: desired_eden_size: 251651563 old_eden_size: 201326592 eden_limit: 201326592 cur_eden: 201326592 max_eden_size: 201326592 avg_young_live: 25898954
[6.711s][debug  ][gc,ergo        ] GC(24) PSAdaptiveSizePolicy::compute_eden_space_size: costs minor_time: 0.049529 major_cost: 0.029935 mutator_cost: 0.920536 throughput_goal: 0.990000
[6.711s][debug  ][gc,ergo        ] GC(24) Live_space: 830206656 free_space: 761790464
[6.711s][debug  ][gc,ergo        ] GC(24) Old eden_size: 201326592 desired_eden_size: 201326592
[6.711s][debug  ][gc,ergo        ] GC(24) AdaptiveSizeStop: collection: 25 
[6.711s][info   ][gc,heap        ] GC(24) PSYoungGen: 218799K(229376K)->30720K(229376K) Eden: 188079K(196608K)->0K(196608K) From: 30720K(32768K)->30720K(32768K)
[6.711s][info   ][gc,heap        ] GC(24) ParOldGen: 575076K(1220096K)->759396K(1220096K)
[6.711s][info   ][gc,metaspace   ] GC(24) Metaspace: 1019K(1152K)->1019K(1152K) NonClass: 935K(960K)->935K(960K) Class: 83K(192K)->83K(192K)
[6.711s][info   ][gc             ] GC(24) Pause Young (Allocation Failure) 775M->771M(1415M) 16.489ms
[6.711s][info   ][gc,cpu         ] GC(24) User=0.16s Sys=0.00s Real=0.02s
[6.711s][debug  ][gc,heap        ] GC(24) Heap after GC invocations=25 (full 4):
[6.711s][debug  ][gc,heap        ] GC(24)  PSYoungGen      total 229376K, used 30720K [0x00000000f0000000, 0x0000000100000000, 0x0000000100000000)
[6.711s][debug  ][gc,heap        ] GC(24)   eden space 196608K, 0% used [0x00000000f0000000,0x00000000f0000000,0x00000000fc000000)
[6.711s][debug  ][gc,heap        ] GC(24)   from space 32768K, 93% used [0x00000000fc000000,0x00000000fde00030,0x00000000fe000000)
[6.711s][debug  ][gc,heap        ] GC(24)   to   space 32768K, 0% used [0x00000000fe000000,0x00000000fe000000,0x0000000100000000)
[6.712s][debug  ][gc,heap        ] GC(24)  ParOldGen       total 1220096K, used 759396K [0x0000000080000000, 0x00000000ca780000, 0x00000000f0000000)
[6.712s][debug  ][gc,heap        ] GC(24)   object space 1220096K, 62% used [0x0000000080000000,0x00000000ae599128,0x00000000ca780000)
[6.712s][debug  ][gc,heap        ] GC(24)  Metaspace       used 1019K, committed 1152K, reserved 1056768K
[6.712s][debug  ][gc,heap        ] GC(24)   class space    used 83K, committed 192K, reserved 1048576K
[6.712s][debug  ][gc,task,time   ] GC(24) VM-Thread 66944373 67095546 67115924
[6.995s][debug  ][gc,heap        ] GC(25) Heap before GC invocations=26 (full 4):
[6.995s][debug  ][gc,heap        ] GC(25)  PSYoungGen      total 229376K, used 218832K [0x00000000f0000000, 0x0000000100000000, 0x0000000100000000)
[6.995s][debug  ][gc,heap        ] GC(25)   eden space 196608K, 95% used [0x00000000f0000000,0x00000000fb7b4230,0x00000000fc000000)
[6.995s][debug  ][gc,heap        ] GC(25)   from space 32768K, 93% used [0x00000000fc000000,0x00000000fde00030,0x00000000fe000000)
[6.995s][debug  ][gc,heap        ] GC(25)   to   space 32768K, 0% used [0x00000000fe000000,0x00000000fe000000,0x0000000100000000)
[6.995s][debug  ][gc,heap        ] GC(25)  ParOldGen       total 1220096K, used 759396K [0x0000000080000000, 0x00000000ca780000, 0x00000000f0000000)
[6.995s][debug  ][gc,heap        ] GC(25)   object space 1220096K, 62% used [0x0000000080000000,0x00000000ae599128,0x00000000ca780000)
[6.995s][debug  ][gc,heap        ] GC(25)  Metaspace       used 1019K, committed 1152K, reserved 1056768K
[6.995s][debug  ][gc,heap        ] GC(25)   class space    used 83K, committed 192K, reserved 1048576K
[6.995s][debug  ][gc,tlab        ] GC(25) TLAB totals: thrds: 1  refills: 1 max: 1 slow allocs: 17 max 17 waste: 27.0% gc: 3883280B max: 3883280B slow: 0B max: 0B
[6.995s][info   ][gc,start       ] GC(25) Pause Young (Allocation Failure)
[6.995s][debug  ][gc,phases,start] GC(25) Scavenge
[7.010s][debug  ][gc,phases      ] GC(25) Scavenge 14.419ms
[7.010s][debug  ][gc,phases,start] GC(25) Reference Processing
[7.010s][debug  ][gc,ref         ] GC(25) Skipped phase 1 of Reference Processing: no references
[7.010s][debug  ][gc,ref         ] GC(25) Skipped phase 2 of Reference Processing: no references
[7.010s][debug  ][gc,ref         ] GC(25) Skipped phase 3 of Reference Processing: no references
[7.010s][debug  ][gc,ref         ] GC(25) Skipped phase 4 of Reference Processing: no references
[7.010s][debug  ][gc,phases,ref  ] GC(25) Reference Processing: 0.1ms
[7.010s][debug  ][gc,phases,ref  ] GC(25)   Reconsider SoftReferences: 0.0ms
[7.010s][debug  ][gc,phases,ref  ] GC(25)     SoftRef (ms):                  skipped
[7.010s][debug  ][gc,phases,ref  ] GC(25)   Notify Soft/WeakReferences: 0.0ms
[7.010s][debug  ][gc,phases,ref  ] GC(25)     SoftRef (ms):                  skipped
[7.010s][debug  ][gc,phases,ref  ] GC(25)     WeakRef (ms):                  skipped
[7.010s][debug  ][gc,phases,ref  ] GC(25)     FinalRef (ms):                 skipped
[7.010s][debug  ][gc,phases,ref  ] GC(25)     Total (ms):                    skipped
[7.010s][debug  ][gc,phases,ref  ] GC(25)   Notify and keep alive finalizable: 0.0ms
[7.010s][debug  ][gc,phases,ref  ] GC(25)     FinalRef (ms):                 skipped
[7.010s][debug  ][gc,phases,ref  ] GC(25)   Notify PhantomReferences: 0.0ms
[7.010s][debug  ][gc,phases,ref  ] GC(25)     PhantomRef (ms):               skipped
[7.010s][debug  ][gc,phases,ref  ] GC(25)   SoftReference:
[7.010s][debug  ][gc,phases,ref  ] GC(25)     Discovered: 0
[7.010s][debug  ][gc,phases,ref  ] GC(25)     Cleared: 0
[7.010s][debug  ][gc,phases,ref  ] GC(25)   WeakReference:
[7.010s][debug  ][gc,phases,ref  ] GC(25)     Discovered: 0
[7.010s][debug  ][gc,phases,ref  ] GC(25)     Cleared: 0
[7.010s][debug  ][gc,phases,ref  ] GC(25)   FinalReference:
[7.010s][debug  ][gc,phases,ref  ] GC(25)     Discovered: 0
[7.010s][debug  ][gc,phases,ref  ] GC(25)     Cleared: 0
[7.010s][debug  ][gc,phases,ref  ] GC(25)   PhantomReference:
[7.010s][debug  ][gc,phases,ref  ] GC(25)     Discovered: 0
[7.010s][debug  ][gc,phases,ref  ] GC(25)     Cleared: 0
[7.011s][debug  ][gc,phases      ] GC(25) Reference Processing 0.793ms
[7.011s][debug  ][gc,phases,start] GC(25) Weak Processing
[7.011s][debug  ][gc,phases      ] GC(25)   VM Weak                        Min:  0.0, Avg:  0.0, Max:  0.0, Diff:  0.0, Sum:  0.0, Workers: 6
[7.011s][debug  ][gc,phases      ] GC(25)     Dead                           Min: 0, Avg:  0.0, Max: 0, Diff: 0, Sum: 0, Workers: 6
[7.011s][debug  ][gc,phases      ] GC(25)     Total                          Min: 0, Avg:  1.3, Max: 8, Diff: 8, Sum: 8, Workers: 6
[7.011s][debug  ][gc,phases      ] GC(25)   ObjectSynchronizer Weak        Min:  0.0, Avg:  0.0, Max:  0.0, Diff:  0.0, Sum:  0.0, Workers: 6
[7.011s][debug  ][gc,phases      ] GC(25)     Dead                           Min: 0, Avg:  0.0, Max: 0, Diff: 0, Sum: 0, Workers: 6
[7.011s][debug  ][gc,phases      ] GC(25)     Total                          Min: 0, Avg:  0.5, Max: 3, Diff: 3, Sum: 3, Workers: 6
[7.011s][debug  ][gc,phases      ] GC(25)   JVMTI Tag Weak OopStorage      Min:  0.0, Avg:  0.0, Max:  0.0, Diff:  0.0, Sum:  0.0, Workers: 6
[7.011s][debug  ][gc,phases      ] GC(25)     Dead                           Min: 0, Avg:  0.0, Max: 0, Diff: 0, Sum: 0, Workers: 6
[7.011s][debug  ][gc,phases      ] GC(25)     Total                          Min: 0, Avg:  0.0, Max: 0, Diff: 0, Sum: 0, Workers: 6
[7.011s][debug  ][gc,phases      ] GC(25)   StringTable Weak               Min:  0.0, Avg:  0.0, Max:  0.0, Diff:  0.0, Sum:  0.0, Workers: 6
[7.011s][debug  ][gc,phases      ] GC(25)     Dead                           Min: 0, Avg:  0.0, Max: 0, Diff: 0, Sum: 0, Workers: 6
[7.011s][debug  ][gc,phases      ] GC(25)     Total                          Min: 238, Avg: 892.8, Max: 1344, Diff: 1106, Sum: 5357, Workers: 6
[7.011s][debug  ][gc,phases      ] GC(25)   ResolvedMethodTable Weak       Min:  0.0, Avg:  0.0, Max:  0.0, Diff:  0.0, Sum:  0.0, Workers: 6
[7.011s][debug  ][gc,phases      ] GC(25)     Dead                           Min: 0, Avg:  0.0, Max: 0, Diff: 0, Sum: 0, Workers: 6
[7.011s][debug  ][gc,phases      ] GC(25)     Total                          Min: 0, Avg: 21.7, Max: 64, Diff: 64, Sum: 130, Workers: 6
[7.011s][debug  ][gc,phases      ] GC(25)   JNI Weak                       Min:  0.0, Avg:  0.0, Max:  0.0, Diff:  0.0, Sum:  0.0, Workers: 6
[7.011s][debug  ][gc,phases      ] GC(25)     Dead                           Min: 0, Avg:  0.0, Max: 0, Diff: 0, Sum: 0, Workers: 6
[7.011s][debug  ][gc,phases      ] GC(25)     Total                          Min: 0, Avg:  0.0, Max: 0, Diff: 0, Sum: 0, Workers: 6
[7.011s][debug  ][gc,phases      ] GC(25)   StringDedup Table Weak         Min:  0.0, Avg:  0.0, Max:  0.0, Diff:  0.0, Sum:  0.0, Workers: 6
[7.011s][debug  ][gc,phases      ] GC(25)     Dead                           Min: 0, Avg:  0.0, Max: 0, Diff: 0, Sum: 0, Workers: 6
[7.011s][debug  ][gc,phases      ] GC(25)     Total                          Min: 0, Avg:  0.0, Max: 0, Diff: 0, Sum: 0, Workers: 6
[7.011s][debug  ][gc,phases      ] GC(25)   StringDedup Requests0 Weak     Min:  0.0, Avg:  0.0, Max:  0.0, Diff:  0.0, Sum:  0.0, Workers: 6
[7.011s][debug  ][gc,phases      ] GC(25)     Dead                           Min: 0, Avg:  0.0, Max: 0, Diff: 0, Sum: 0, Workers: 6
[7.011s][debug  ][gc,phases      ] GC(25)     Total                          Min: 0, Avg:  0.0, Max: 0, Diff: 0, Sum: 0, Workers: 6
[7.011s][debug  ][gc,phases      ] GC(25)   StringDedup Requests1 Weak     Min:  0.0, Avg:  0.0, Max:  0.0, Diff:  0.0, Sum:  0.0, Workers: 6
[7.011s][debug  ][gc,phases      ] GC(25)     Dead                           Min: 0, Avg:  0.0, Max: 0, Diff: 0, Sum: 0, Workers: 6
[7.011s][debug  ][gc,phases      ] GC(25)     Total                          Min: 0, Avg:  0.0, Max: 0, Diff: 0, Sum: 0, Workers: 6
[7.011s][debug  ][gc,phases      ] GC(25)   Weak JFR Old Object Samples    Min:  0.0, Avg:  0.0, Max:  0.0, Diff:  0.0, Sum:  0.0, Workers: 6
[7.011s][debug  ][gc,phases      ] GC(25)     Dead                           Min: 0, Avg:  0.0, Max: 0, Diff: 0, Sum: 0, Workers: 6
[7.011s][debug  ][gc,phases      ] GC(25)     Total                          Min: 0, Avg:  0.0, Max: 0, Diff: 0, Sum: 0, Workers: 6
[7.011s][debug  ][gc,phases      ] GC(25) Weak Processing 0.800ms
[7.011s][debug  ][gc,ergo        ] GC(25) AdaptiveSizeStart:  collection: 26 
[7.011s][debug  ][gc,ergo        ] GC(25) avg_survived_padded_avg: 33105114.000000
[7.011s][debug  ][gc,ergo        ] GC(25) avg_promoted_padded_avg: 250892672.000000  avg_pretenured_padded_avg: 0.000000  tenuring_thresh: 1  target_size: 33554432
[7.011s][debug  ][gc,age         ] GC(25) Desired survivor size 33554432 bytes, new threshold 1 (max threshold 15)
[7.011s][debug  ][gc,ergo        ] GC(25) PSAdaptiveSizePolicy::compute_eden_space_size limits: desired_eden_size: 252050795 old_eden_size: 201326592 eden_limit: 201326592 cur_eden: 201326592 max_eden_size: 201326592 avg_young_live: 26454790
[7.011s][debug  ][gc,ergo        ] GC(25) PSAdaptiveSizePolicy::compute_eden_space_size: costs minor_time: 0.050586 major_cost: 0.029935 mutator_cost: 0.919479 throughput_goal: 0.990000
[7.011s][debug  ][gc,ergo        ] GC(25) Live_space: 830762496 free_space: 761790464
[7.012s][debug  ][gc,ergo        ] GC(25) Old eden_size: 201326592 desired_eden_size: 201326592
[7.012s][debug  ][gc,ergo        ] GC(25) AdaptiveSizeStop: collection: 26 
[7.012s][info   ][gc,heap        ] GC(25) PSYoungGen: 218832K(229376K)->30720K(229376K) Eden: 188112K(196608K)->0K(196608K) From: 30720K(32768K)->30720K(32768K)
[7.012s][info   ][gc,heap        ] GC(25) ParOldGen: 759396K(1220096K)->943716K(1220096K)
[7.012s][info   ][gc,metaspace   ] GC(25) Metaspace: 1019K(1152K)->1019K(1152K) NonClass: 935K(960K)->935K(960K) Class: 83K(192K)->83K(192K)
[7.012s][info   ][gc             ] GC(25) Pause Young (Allocation Failure) 955M->951M(1415M) 16.454ms
[7.012s][info   ][gc,cpu         ] GC(25) User=0.16s Sys=0.02s Real=0.02s
[7.012s][debug  ][gc,heap        ] GC(25) Heap after GC invocations=26 (full 4):
[7.012s][debug  ][gc,heap        ] GC(25)  PSYoungGen      total 229376K, used 30720K [0x00000000f0000000, 0x0000000100000000, 0x0000000100000000)
[7.012s][debug  ][gc,heap        ] GC(25)   eden space 196608K, 0% used [0x00000000f0000000,0x00000000f0000000,0x00000000fc000000)
[7.012s][debug  ][gc,heap        ] GC(25)   from space 32768K, 93% used [0x00000000fe000000,0x00000000ffe00030,0x0000000100000000)
[7.012s][debug  ][gc,heap        ] GC(25)   to   space 32768K, 0% used [0x00000000fc000000,0x00000000fc000000,0x00000000fe000000)
[7.012s][debug  ][gc,heap        ] GC(25)  ParOldGen       total 1220096K, used 943716K [0x0000000080000000, 0x00000000ca780000, 0x00000000f0000000)
[7.012s][debug  ][gc,heap        ] GC(25)   object space 1220096K, 77% used [0x0000000080000000,0x00000000b9999248,0x00000000ca780000)
[7.012s][debug  ][gc,heap        ] GC(25)  Metaspace       used 1019K, committed 1152K, reserved 1056768K
[7.012s][debug  ][gc,heap        ] GC(25)   class space    used 83K, committed 192K, reserved 1048576K
[7.012s][debug  ][gc,task,time   ] GC(25) VM-Thread 69947588 70097364 70118866
[7.297s][debug  ][gc,heap        ] GC(26) Heap before GC invocations=27 (full 4):
[7.297s][debug  ][gc,heap        ] GC(26)  PSYoungGen      total 229376K, used 218853K [0x00000000f0000000, 0x0000000100000000, 0x0000000100000000)
[7.297s][debug  ][gc,heap        ] GC(26)   eden space 196608K, 95% used [0x00000000f0000000,0x00000000fb7b9710,0x00000000fc000000)
[7.297s][debug  ][gc,heap        ] GC(26)   from space 32768K, 93% used [0x00000000fe000000,0x00000000ffe00030,0x0000000100000000)
[7.297s][debug  ][gc,heap        ] GC(26)   to   space 32768K, 0% used [0x00000000fc000000,0x00000000fc000000,0x00000000fe000000)
[7.297s][debug  ][gc,heap        ] GC(26)  ParOldGen       total 1220096K, used 943716K [0x0000000080000000, 0x00000000ca780000, 0x00000000f0000000)
[7.297s][debug  ][gc,heap        ] GC(26)   object space 1220096K, 77% used [0x0000000080000000,0x00000000b9999248,0x00000000ca780000)
[7.297s][debug  ][gc,heap        ] GC(26)  Metaspace       used 1019K, committed 1152K, reserved 1056768K
[7.297s][debug  ][gc,heap        ] GC(26)   class space    used 83K, committed 192K, reserved 1048576K
[7.297s][debug  ][gc,tlab        ] GC(26) TLAB totals: thrds: 1  refills: 1 max: 1 slow allocs: 17 max 17 waste: 27.1% gc: 3903840B max: 3903840B slow: 0B max: 0B
[7.297s][info   ][gc,start       ] GC(26) Pause Young (Allocation Failure)
[7.297s][debug  ][gc,phases,start] GC(26) Scavenge
[7.307s][debug  ][gc,phases      ] GC(26) Scavenge 9.371ms
[7.307s][debug  ][gc,phases,start] GC(26) Reference Processing
[7.307s][debug  ][gc,ref         ] GC(26) Skipped phase 1 of Reference Processing: no references
[7.307s][debug  ][gc,ref         ] GC(26) Skipped phase 2 of Reference Processing: no references
[7.307s][debug  ][gc,ref         ] GC(26) Skipped phase 3 of Reference Processing: no references
[7.307s][debug  ][gc,ref         ] GC(26) Skipped phase 4 of Reference Processing: no references
[7.307s][debug  ][gc,phases,ref  ] GC(26) Reference Processing: 0.1ms
[7.307s][debug  ][gc,phases,ref  ] GC(26)   Reconsider SoftReferences: 0.0ms
[7.307s][debug  ][gc,phases,ref  ] GC(26)     SoftRef (ms):                  skipped
[7.307s][debug  ][gc,phases,ref  ] GC(26)   Notify Soft/WeakReferences: 0.0ms
[7.307s][debug  ][gc,phases,ref  ] GC(26)     SoftRef (ms):                  skipped
[7.307s][debug  ][gc,phases,ref  ] GC(26)     WeakRef (ms):                  skipped
[7.307s][debug  ][gc,phases,ref  ] GC(26)     FinalRef (ms):                 skipped
[7.307s][debug  ][gc,phases,ref  ] GC(26)     Total (ms):                    skipped
[7.307s][debug  ][gc,phases,ref  ] GC(26)   Notify and keep alive finalizable: 0.0ms
[7.307s][debug  ][gc,phases,ref  ] GC(26)     FinalRef (ms):                 skipped
[7.307s][debug  ][gc,phases,ref  ] GC(26)   Notify PhantomReferences: 0.0ms
[7.307s][debug  ][gc,phases,ref  ] GC(26)     PhantomRef (ms):               skipped
[7.307s][debug  ][gc,phases,ref  ] GC(26)   SoftReference:
[7.307s][debug  ][gc,phases,ref  ] GC(26)     Discovered: 0
[7.307s][debug  ][gc,phases,ref  ] GC(26)     Cleared: 0
[7.307s][debug  ][gc,phases,ref  ] GC(26)   WeakReference:
[7.307s][debug  ][gc,phases,ref  ] GC(26)     Discovered: 0
[7.307s][debug  ][gc,phases,ref  ] GC(26)     Cleared: 0
[7.307s][debug  ][gc,phases,ref  ] GC(26)   FinalReference:
[7.307s][debug  ][gc,phases,ref  ] GC(26)     Discovered: 0
[7.307s][debug  ][gc,phases,ref  ] GC(26)     Cleared: 0
[7.307s][debug  ][gc,phases,ref  ] GC(26)   PhantomReference:
[7.307s][debug  ][gc,phases,ref  ] GC(26)     Discovered: 0
[7.307s][debug  ][gc,phases,ref  ] GC(26)     Cleared: 0
[7.307s][debug  ][gc,phases      ] GC(26) Reference Processing 0.670ms
[7.307s][debug  ][gc,phases,start] GC(26) Weak Processing
[7.308s][debug  ][gc,phases      ] GC(26)   VM Weak                        Min:  0.0, Avg:  0.0, Max:  0.0, Diff:  0.0, Sum:  0.0, Workers: 6
[7.308s][debug  ][gc,phases      ] GC(26)     Dead                           Min: 0, Avg:  0.0, Max: 0, Diff: 0, Sum: 0, Workers: 6
[7.308s][debug  ][gc,phases      ] GC(26)     Total                          Min: 0, Avg:  1.3, Max: 8, Diff: 8, Sum: 8, Workers: 6
[7.308s][debug  ][gc,phases      ] GC(26)   ObjectSynchronizer Weak        Min:  0.0, Avg:  0.0, Max:  0.0, Diff:  0.0, Sum:  0.0, Workers: 6
[7.308s][debug  ][gc,phases      ] GC(26)     Dead                           Min: 0, Avg:  0.0, Max: 0, Diff: 0, Sum: 0, Workers: 6
[7.308s][debug  ][gc,phases      ] GC(26)     Total                          Min: 0, Avg:  0.5, Max: 3, Diff: 3, Sum: 3, Workers: 6
[7.308s][debug  ][gc,phases      ] GC(26)   JVMTI Tag Weak OopStorage      Min:  0.0, Avg:  0.0, Max:  0.0, Diff:  0.0, Sum:  0.0, Workers: 6
[7.308s][debug  ][gc,phases      ] GC(26)     Dead                           Min: 0, Avg:  0.0, Max: 0, Diff: 0, Sum: 0, Workers: 6
[7.308s][debug  ][gc,phases      ] GC(26)     Total                          Min: 0, Avg:  0.0, Max: 0, Diff: 0, Sum: 0, Workers: 6
[7.308s][debug  ][gc,phases      ] GC(26)   StringTable Weak               Min:  0.0, Avg:  0.0, Max:  0.0, Diff:  0.0, Sum:  0.0, Workers: 6
[7.308s][debug  ][gc,phases      ] GC(26)     Dead                           Min: 0, Avg:  0.0, Max: 0, Diff: 0, Sum: 0, Workers: 6
[7.308s][debug  ][gc,phases      ] GC(26)     Total                          Min: 0, Avg: 892.8, Max: 1344, Diff: 1344, Sum: 5357, Workers: 6
[7.308s][debug  ][gc,phases      ] GC(26)   ResolvedMethodTable Weak       Min:  0.0, Avg:  0.0, Max:  0.0, Diff:  0.0, Sum:  0.0, Workers: 6
[7.308s][debug  ][gc,phases      ] GC(26)     Dead                           Min: 0, Avg:  0.0, Max: 0, Diff: 0, Sum: 0, Workers: 6
[7.308s][debug  ][gc,phases      ] GC(26)     Total                          Min: 0, Avg: 21.7, Max: 64, Diff: 64, Sum: 130, Workers: 6
[7.308s][debug  ][gc,phases      ] GC(26)   JNI Weak                       Min:  0.0, Avg:  0.0, Max:  0.0, Diff:  0.0, Sum:  0.0, Workers: 6
[7.308s][debug  ][gc,phases      ] GC(26)     Dead                           Min: 0, Avg:  0.0, Max: 0, Diff: 0, Sum: 0, Workers: 6
[7.308s][debug  ][gc,phases      ] GC(26)     Total                          Min: 0, Avg:  0.0, Max: 0, Diff: 0, Sum: 0, Workers: 6
[7.308s][debug  ][gc,phases      ] GC(26)   StringDedup Table Weak         Min:  0.0, Avg:  0.0, Max:  0.0, Diff:  0.0, Sum:  0.0, Workers: 6
[7.308s][debug  ][gc,phases      ] GC(26)     Dead                           Min: 0, Avg:  0.0, Max: 0, Diff: 0, Sum: 0, Workers: 6
[7.308s][debug  ][gc,phases      ] GC(26)     Total                          Min: 0, Avg:  0.0, Max: 0, Diff: 0, Sum: 0, Workers: 6
[7.308s][debug  ][gc,phases      ] GC(26)   StringDedup Requests0 Weak     Min:  0.0, Avg:  0.0, Max:  0.0, Diff:  0.0, Sum:  0.0, Workers: 6
[7.308s][debug  ][gc,phases      ] GC(26)     Dead                           Min: 0, Avg:  0.0, Max: 0, Diff: 0, Sum: 0, Workers: 6
[7.308s][debug  ][gc,phases      ] GC(26)     Total                          Min: 0, Avg:  0.0, Max: 0, Diff: 0, Sum: 0, Workers: 6
[7.308s][debug  ][gc,phases      ] GC(26)   StringDedup Requests1 Weak     Min:  0.0, Avg:  0.0, Max:  0.0, Diff:  0.0, Sum:  0.0, Workers: 6
[7.308s][debug  ][gc,phases      ] GC(26)     Dead                           Min: 0, Avg:  0.0, Max: 0, Diff: 0, Sum: 0, Workers: 6
[7.308s][debug  ][gc,phases      ] GC(26)     Total                          Min: 0, Avg:  0.0, Max: 0, Diff: 0, Sum: 0, Workers: 6
[7.308s][debug  ][gc,phases      ] GC(26)   Weak JFR Old Object Samples    Min:  0.0, Avg:  0.0, Max:  0.0, Diff:  0.0, Sum:  0.0, Workers: 6
[7.308s][debug  ][gc,phases      ] GC(26)     Dead                           Min: 0, Avg:  0.0, Max: 0, Diff: 0, Sum: 0, Workers: 6
[7.308s][debug  ][gc,phases      ] GC(26)     Total                          Min: 0, Avg:  0.0, Max: 0, Diff: 0, Sum: 0, Workers: 6
[7.308s][debug  ][gc,phases      ] GC(26) Weak Processing 0.885ms
[7.308s][debug  ][gc,ergo        ] GC(26) AdaptiveSizeStart:  collection: 27 
[7.308s][debug  ][gc,ergo        ] GC(26) avg_survived_padded_avg: 33014808.000000
[7.308s][debug  ][gc,ergo        ] GC(26) avg_promoted_padded_avg: 252537248.000000  avg_pretenured_padded_avg: 0.000000  tenuring_thresh: 1  target_size: 33030144
[7.308s][debug  ][gc,age         ] GC(26) Desired survivor size 33030144 bytes, new threshold 1 (max threshold 15)
[7.309s][debug  ][gc,ergo        ] GC(26) PSAdaptiveSizePolicy::compute_eden_space_size limits: desired_eden_size: 250751238 old_eden_size: 201326592 eden_limit: 201326592 cur_eden: 201326592 max_eden_size: 201326592 avg_young_live: 26955042
[7.309s][debug  ][gc,ergo        ] GC(26) PSAdaptiveSizePolicy::compute_eden_space_size: costs minor_time: 0.047245 major_cost: 0.029935 mutator_cost: 0.922821 throughput_goal: 0.990000
[7.309s][debug  ][gc,ergo        ] GC(26) Live_space: 831262720 free_space: 761790464
[7.309s][debug  ][gc,ergo        ] GC(26) Old eden_size: 201326592 desired_eden_size: 201326592
[7.309s][debug  ][gc,ergo        ] GC(26) AdaptiveSizeStop: collection: 27 
[7.309s][info   ][gc,heap        ] GC(26) PSYoungGen: 218853K(229376K)->30720K(229376K) Eden: 188133K(196608K)->0K(196608K) From: 30720K(32768K)->30720K(32768K)
[7.309s][info   ][gc,heap        ] GC(26) ParOldGen: 943716K(1220096K)->1046116K(1220096K)
[7.309s][info   ][gc,metaspace   ] GC(26) Metaspace: 1019K(1152K)->1019K(1152K) NonClass: 935K(960K)->935K(960K) Class: 83K(192K)->83K(192K)
[7.309s][info   ][gc             ] GC(26) Pause Young (Allocation Failure) 1135M->1051M(1415M) 11.424ms
[7.309s][info   ][gc,cpu         ] GC(26) User=0.00s Sys=0.02s Real=0.01s
[7.309s][debug  ][gc,heap        ] GC(26) Heap after GC invocations=27 (full 4):
[7.309s][debug  ][gc,heap        ] GC(26)  PSYoungGen      total 229376K, used 30720K [0x00000000f0000000, 0x0000000100000000, 0x0000000100000000)
[7.309s][debug  ][gc,heap        ] GC(26)   eden space 196608K, 0% used [0x00000000f0000000,0x00000000f0000000,0x00000000fc000000)
[7.309s][debug  ][gc,heap        ] GC(26)   from space 32768K, 93% used [0x00000000fc000000,0x00000000fde00030,0x00000000fe000000)
[7.309s][debug  ][gc,heap        ] GC(26)   to   space 32256K, 0% used [0x00000000fe080000,0x00000000fe080000,0x0000000100000000)
[7.309s][debug  ][gc,heap        ] GC(26)  ParOldGen       total 1220096K, used 1046116K [0x0000000080000000, 0x00000000ca780000, 0x00000000f0000000)
[7.309s][debug  ][gc,heap        ] GC(26)   object space 1220096K, 85% used [0x0000000080000000,0x00000000bfd992e8,0x00000000ca780000)
[7.309s][debug  ][gc,heap        ] GC(26)  Metaspace       used 1019K, committed 1152K, reserved 1056768K
[7.309s][debug  ][gc,heap        ] GC(26)   class space    used 83K, committed 192K, reserved 1048576K
[7.309s][debug  ][gc,task,time   ] GC(26) VM-Thread 72969153 73068041 73090257
[7.309s][debug  ][gc,phases,start] GC(27) Pre Compact
[7.309s][debug  ][gc,heap        ] GC(27) Heap before GC invocations=28 (full 5):
[7.309s][debug  ][gc,heap        ] GC(27)  PSYoungGen      total 229376K, used 30720K [0x00000000f0000000, 0x0000000100000000, 0x0000000100000000)
[7.309s][debug  ][gc,heap        ] GC(27)   eden space 196608K, 0% used [0x00000000f0000000,0x00000000f0000000,0x00000000fc000000)
[7.309s][debug  ][gc,heap        ] GC(27)   from space 32768K, 93% used [0x00000000fc000000,0x00000000fde00030,0x00000000fe000000)
[7.309s][debug  ][gc,heap        ] GC(27)   to   space 32256K, 0% used [0x00000000fe080000,0x00000000fe080000,0x0000000100000000)
[7.309s][debug  ][gc,heap        ] GC(27)  ParOldGen       total 1220096K, used 1046116K [0x0000000080000000, 0x00000000ca780000, 0x00000000f0000000)
[7.309s][debug  ][gc,heap        ] GC(27)   object space 1220096K, 85% used [0x0000000080000000,0x00000000bfd992e8,0x00000000ca780000)
[7.309s][debug  ][gc,heap        ] GC(27)  Metaspace       used 1019K, committed 1152K, reserved 1056768K
[7.309s][debug  ][gc,heap        ] GC(27)   class space    used 83K, committed 192K, reserved 1048576K
[7.309s][debug  ][gc,phases      ] GC(27) Pre Compact 0.241ms
[7.309s][info   ][gc,start       ] GC(27) Pause Full (Ergonomics)
[7.309s][info   ][gc,phases,start] GC(27) Marking Phase
[7.309s][debug  ][gc,phases,start] GC(27) Par Mark
[7.310s][debug  ][gc,phases      ] GC(27) Par Mark 0.558ms
[7.310s][debug  ][gc,phases,start] GC(27) Reference Processing
[7.310s][debug  ][gc,ref         ] GC(27) Skipped phase 1 of Reference Processing: no references
[7.310s][debug  ][gc,ref         ] GC(27) ReferenceProcessor::execute queues: 1, RefProcThreadModel::Single, marks_oops_alive: false
[7.310s][debug  ][gc,ref         ] GC(27) Skipped phase 3 of Reference Processing: no references
[7.310s][debug  ][gc,ref         ] GC(27) ReferenceProcessor::execute queues: 1, RefProcThreadModel::Single, marks_oops_alive: false
[7.310s][debug  ][gc,phases,ref  ] GC(27) Reference Processing: 0.1ms
[7.310s][debug  ][gc,phases,ref  ] GC(27)   Reconsider SoftReferences: 0.0ms
[7.310s][debug  ][gc,phases,ref  ] GC(27)     SoftRef (ms):                  skipped
[7.310s][debug  ][gc,phases,ref  ] GC(27)   Notify Soft/WeakReferences: 0.0ms
[7.310s][debug  ][gc,phases,ref  ] GC(27)     SoftRef (ms):                  Min:  0.0, Avg:  0.0, Max:  0.0, Diff:  0.0, Sum:  0.0, Workers: 10
[7.310s][debug  ][gc,phases,ref  ] GC(27)     WeakRef (ms):                  Min:  0.0, Avg:  0.0, Max:  0.0, Diff:  0.0, Sum:  0.0, Workers: 10
[7.310s][debug  ][gc,phases,ref  ] GC(27)     FinalRef (ms):                 Min:  0.0, Avg:  0.0, Max:  0.0, Diff:  0.0, Sum:  0.0, Workers: 10
[7.310s][debug  ][gc,phases,ref  ] GC(27)     Total (ms):                    Min:  0.0, Avg:  0.0, Max:  0.0, Diff:  0.0, Sum:  0.0, Workers: 10
[7.310s][debug  ][gc,phases,ref  ] GC(27)   Notify and keep alive finalizable: 0.0ms
[7.310s][debug  ][gc,phases,ref  ] GC(27)     FinalRef (ms):                 skipped
[7.310s][debug  ][gc,phases,ref  ] GC(27)   Notify PhantomReferences: 0.0ms
[7.310s][debug  ][gc,phases,ref  ] GC(27)     PhantomRef (ms):               Min:  0.0, Avg:  0.0, Max:  0.0, Diff:  0.0, Sum:  0.0, Workers: 10
[7.310s][debug  ][gc,phases,ref  ] GC(27)   SoftReference:
[7.310s][debug  ][gc,phases,ref  ] GC(27)     Discovered: 0
[7.311s][debug  ][gc,phases,ref  ] GC(27)     Cleared: 0
[7.311s][debug  ][gc,phases,ref  ] GC(27)   WeakReference:
[7.311s][debug  ][gc,phases,ref  ] GC(27)     Discovered: 65
[7.311s][debug  ][gc,phases,ref  ] GC(27)     Cleared: 65
[7.311s][debug  ][gc,phases,ref  ] GC(27)   FinalReference:
[7.311s][debug  ][gc,phases,ref  ] GC(27)     Discovered: 0
[7.311s][debug  ][gc,phases,ref  ] GC(27)     Cleared: 0
[7.311s][debug  ][gc,phases,ref  ] GC(27)   PhantomReference:
[7.311s][debug  ][gc,phases,ref  ] GC(27)     Discovered: 5
[7.311s][debug  ][gc,phases,ref  ] GC(27)     Cleared: 5
[7.311s][debug  ][gc,phases      ] GC(27) Reference Processing 0.796ms
[7.311s][debug  ][gc,phases,start] GC(27) Weak Processing
[7.311s][debug  ][gc,phases      ] GC(27)   VM Weak                        Min:  0.0, Avg:  0.0, Max:  0.0, Diff:  0.0, Sum:  0.0, Workers: 6
[7.311s][debug  ][gc,phases      ] GC(27)     Dead                           Min: 0, Avg:  0.0, Max: 0, Diff: 0, Sum: 0, Workers: 6
[7.311s][debug  ][gc,phases      ] GC(27)     Total                          Min: 0, Avg:  1.3, Max: 8, Diff: 8, Sum: 8, Workers: 6
[7.311s][debug  ][gc,phases      ] GC(27)   ObjectSynchronizer Weak        Min:  0.0, Avg:  0.0, Max:  0.0, Diff:  0.0, Sum:  0.0, Workers: 6
[7.311s][debug  ][gc,phases      ] GC(27)     Dead                           Min: 0, Avg:  0.0, Max: 0, Diff: 0, Sum: 0, Workers: 6
[7.311s][debug  ][gc,phases      ] GC(27)     Total                          Min: 0, Avg:  0.5, Max: 3, Diff: 3, Sum: 3, Workers: 6
[7.311s][debug  ][gc,phases      ] GC(27)   JVMTI Tag Weak OopStorage      Min:  0.0, Avg:  0.0, Max:  0.0, Diff:  0.0, Sum:  0.0, Workers: 6
[7.311s][debug  ][gc,phases      ] GC(27)     Dead                           Min: 0, Avg:  0.0, Max: 0, Diff: 0, Sum: 0, Workers: 6
[7.311s][debug  ][gc,phases      ] GC(27)     Total                          Min: 0, Avg:  0.0, Max: 0, Diff: 0, Sum: 0, Workers: 6
[7.311s][debug  ][gc,phases      ] GC(27)   StringTable Weak               Min:  0.0, Avg:  0.0, Max:  0.0, Diff:  0.0, Sum:  0.0, Workers: 6
[7.311s][debug  ][gc,phases      ] GC(27)     Dead                           Min: 0, Avg:  0.0, Max: 0, Diff: 0, Sum: 0, Workers: 6
[7.311s][debug  ][gc,phases      ] GC(27)     Total                          Min: 640, Avg: 892.8, Max: 1280, Diff: 640, Sum: 5357, Workers: 6
[7.311s][debug  ][gc,phases      ] GC(27)   ResolvedMethodTable Weak       Min:  0.0, Avg:  0.0, Max:  0.0, Diff:  0.0, Sum:  0.0, Workers: 6
[7.311s][debug  ][gc,phases      ] GC(27)     Dead                           Min: 0, Avg:  0.0, Max: 0, Diff: 0, Sum: 0, Workers: 6
[7.311s][debug  ][gc,phases      ] GC(27)     Total                          Min: 0, Avg: 21.7, Max: 64, Diff: 64, Sum: 130, Workers: 6
[7.311s][debug  ][gc,phases      ] GC(27)   JNI Weak                       Min:  0.0, Avg:  0.0, Max:  0.0, Diff:  0.0, Sum:  0.0, Workers: 6
[7.311s][debug  ][gc,phases      ] GC(27)     Dead                           Min: 0, Avg:  0.0, Max: 0, Diff: 0, Sum: 0, Workers: 6
[7.311s][debug  ][gc,phases      ] GC(27)     Total                          Min: 0, Avg:  0.0, Max: 0, Diff: 0, Sum: 0, Workers: 6
[7.311s][debug  ][gc,phases      ] GC(27)   StringDedup Table Weak         Min:  0.0, Avg:  0.0, Max:  0.0, Diff:  0.0, Sum:  0.0, Workers: 6
[7.311s][debug  ][gc,phases      ] GC(27)     Dead                           Min: 0, Avg:  0.0, Max: 0, Diff: 0, Sum: 0, Workers: 6
[7.311s][debug  ][gc,phases      ] GC(27)     Total                          Min: 0, Avg:  0.0, Max: 0, Diff: 0, Sum: 0, Workers: 6
[7.311s][debug  ][gc,phases      ] GC(27)   StringDedup Requests0 Weak     Min:  0.0, Avg:  0.0, Max:  0.0, Diff:  0.0, Sum:  0.0, Workers: 6
[7.311s][debug  ][gc,phases      ] GC(27)     Dead                           Min: 0, Avg:  0.0, Max: 0, Diff: 0, Sum: 0, Workers: 6
[7.311s][debug  ][gc,phases      ] GC(27)     Total                          Min: 0, Avg:  0.0, Max: 0, Diff: 0, Sum: 0, Workers: 6
[7.311s][debug  ][gc,phases      ] GC(27)   StringDedup Requests1 Weak     Min:  0.0, Avg:  0.0, Max:  0.0, Diff:  0.0, Sum:  0.0, Workers: 6
[7.311s][debug  ][gc,phases      ] GC(27)     Dead                           Min: 0, Avg:  0.0, Max: 0, Diff: 0, Sum: 0, Workers: 6
[7.311s][debug  ][gc,phases      ] GC(27)     Total                          Min: 0, Avg:  0.0, Max: 0, Diff: 0, Sum: 0, Workers: 6
[7.311s][debug  ][gc,phases      ] GC(27)   Weak JFR Old Object Samples    Min:  0.0, Avg:  0.0, Max:  0.0, Diff:  0.0, Sum:  0.0, Workers: 6
[7.311s][debug  ][gc,phases      ] GC(27)     Dead                           Min: 0, Avg:  0.0, Max: 0, Diff: 0, Sum: 0, Workers: 6
[7.311s][debug  ][gc,phases      ] GC(27)     Total                          Min: 0, Avg:  0.0, Max: 0, Diff: 0, Sum: 0, Workers: 6
[7.311s][debug  ][gc,phases      ] GC(27) Weak Processing 0.703ms
[7.312s][debug  ][gc,phases,start] GC(27) Class Unloading
[7.312s][debug  ][gc,phases,start] GC(27) ClassLoaderData
[7.312s][debug  ][gc,phases      ] GC(27) ClassLoaderData 0.020ms
[7.312s][debug  ][gc,phases,start] GC(27) Trigger cleanups
[7.312s][debug  ][gc,phases      ] GC(27) Trigger cleanups 0.019ms
[7.312s][debug  ][gc,phases      ] GC(27) Class Unloading 0.264ms
[7.312s][info   ][gc,phases      ] GC(27) Marking Phase 2.454ms
[7.312s][info   ][gc,phases,start] GC(27) Summary Phase
[7.312s][info   ][gc,phases      ] GC(27) Summary Phase 0.030ms
[7.312s][info   ][gc,phases,start] GC(27) Adjust Roots
[7.312s][info   ][gc,phases      ] GC(27) Adjust Roots 0.148ms
[7.312s][info   ][gc,phases,start] GC(27) Compaction Phase
[7.326s][info   ][gc,phases      ] GC(27) Compaction Phase 14.422ms
[7.327s][info   ][gc,phases,start] GC(27) Post Compact
[7.331s][info   ][gc,phases      ] GC(27) Post Compact 4.331ms
[7.331s][debug  ][gc,ergo        ] GC(27) AdaptiveSizeStart: collection: 28 
[7.331s][debug  ][gc,ergo        ] GC(27) PSAdaptiveSizePolicy::compute_eden_space_size limits: desired_eden_size: 252798719 old_eden_size: 201326592 eden_limit: 201850880 cur_eden: 201326592 max_eden_size: 201850880 avg_young_live: 24259538
[7.331s][debug  ][gc,ergo        ] GC(27) PSAdaptiveSizePolicy::compute_eden_space_size: costs minor_time: 0.047245 major_cost: 0.026864 mutator_cost: 0.925891 throughput_goal: 0.990000
[7.331s][debug  ][gc,ergo        ] GC(27) Live_space: 828567296 free_space: 761790464
[7.331s][debug  ][gc,ergo        ] GC(27) Old eden_size: 201326592 desired_eden_size: 201850880
[7.331s][debug  ][gc,ergo        ] GC(27) PSAdaptiveSizePolicy::compute_old_gen_free_space: costs minor_time: 0.047245 major_cost: 0.026864  mutator_cost: 0.925891 throughput_goal: 0.990000
[7.331s][debug  ][gc,ergo        ] GC(27) Live_space: 748990720 free_space: 762314752
[7.331s][debug  ][gc,ergo        ] GC(27) Old promo_size: 560463872 desired_promo_size: 642252800
[7.342s][debug  ][gc             ] GC(27) Shrinking ParOldGen from 1220096K by 211456K to 1008640K
[7.342s][debug  ][gc,ergo        ] GC(27) AdaptiveSizeStop: collection: 28 
[7.342s][info   ][gc,heap        ] GC(27) PSYoungGen: 30720K(229376K)->0K(229888K) Eden: 0K(196608K)->0K(197632K) From: 30720K(32768K)->0K(32256K)
[7.342s][info   ][gc,heap        ] GC(27) ParOldGen: 1046116K(1220096K)->134755K(1008640K)
[7.342s][info   ][gc,metaspace   ] GC(27) Metaspace: 1019K(1152K)->1019K(1152K) NonClass: 935K(960K)->935K(960K) Class: 83K(192K)->83K(192K)
[7.342s][info   ][gc             ] GC(27) Pause Full (Ergonomics) 1051M->131M(1209M) 32.630ms
[7.342s][info   ][gc,cpu         ] GC(27) User=0.14s Sys=0.02s Real=0.03s
[7.342s][debug  ][gc,heap        ] GC(27) Heap after GC invocations=28 (full 5):
[7.342s][debug  ][gc,heap        ] GC(27)  PSYoungGen      total 229888K, used 0K [0x00000000f0000000, 0x0000000100000000, 0x0000000100000000)
[7.342s][debug  ][gc,heap        ] GC(27)   eden space 197632K, 0% used [0x00000000f0000000,0x00000000f0000000,0x00000000fc100000)
[7.342s][debug  ][gc,heap        ] GC(27)   from space 32256K, 0% used [0x00000000fe080000,0x00000000fe080000,0x0000000100000000)
[7.342s][debug  ][gc,heap        ] GC(27)   to   space 32256K, 0% used [0x00000000fc100000,0x00000000fc100000,0x00000000fe080000)
[7.342s][debug  ][gc,heap        ] GC(27)  ParOldGen       total 1008640K, used 134755K [0x0000000080000000, 0x00000000bd900000, 0x00000000f0000000)
[7.342s][debug  ][gc,heap        ] GC(27)   object space 1008640K, 13% used [0x0000000080000000,0x0000000088398d58,0x00000000bd900000)
[7.342s][debug  ][gc,heap        ] GC(27)  Metaspace       used 1019K, committed 1152K, reserved 1056768K
[7.342s][debug  ][gc,heap        ] GC(27)   class space    used 83K, committed 192K, reserved 1048576K
[7.342s][debug  ][gc,task,time   ] GC(27) VM-Thread 73093468 73120611 73420034
[7.630s][debug  ][gc,heap        ] GC(28) Heap before GC invocations=29 (full 5):
[7.630s][debug  ][gc,heap        ] GC(28)  PSYoungGen      total 229888K, used 188167K [0x00000000f0000000, 0x0000000100000000, 0x0000000100000000)
[7.630s][debug  ][gc,heap        ] GC(28)   eden space 197632K, 95% used [0x00000000f0000000,0x00000000fb7c1d58,0x00000000fc100000)
[7.630s][debug  ][gc,heap        ] GC(28)   from space 32256K, 0% used [0x00000000fe080000,0x00000000fe080000,0x0000000100000000)
[7.630s][debug  ][gc,heap        ] GC(28)   to   space 32256K, 0% used [0x00000000fc100000,0x00000000fc100000,0x00000000fe080000)
[7.630s][debug  ][gc,heap        ] GC(28)  ParOldGen       total 1008640K, used 134755K [0x0000000080000000, 0x00000000bd900000, 0x00000000f0000000)
[7.630s][debug  ][gc,heap        ] GC(28)   object space 1008640K, 13% used [0x0000000080000000,0x0000000088398d58,0x00000000bd900000)
[7.630s][debug  ][gc,heap        ] GC(28)  Metaspace       used 1019K, committed 1152K, reserved 1056768K
[7.630s][debug  ][gc,heap        ] GC(28)   class space    used 83K, committed 192K, reserved 1048576K
[7.630s][debug  ][gc,tlab        ] GC(28) TLAB totals: thrds: 1  refills: 1 max: 1 slow allocs: 17 max 17 waste: 27.3% gc: 3939384B max: 3939384B slow: 0B max: 0B
[7.630s][info   ][gc,start       ] GC(28) Pause Young (Allocation Failure)
[7.630s][debug  ][gc,phases,start] GC(28) Scavenge
[7.643s][debug  ][gc,phases      ] GC(28) Scavenge 12.769ms
[7.643s][debug  ][gc,phases,start] GC(28) Reference Processing
[7.643s][debug  ][gc,ref         ] GC(28) Skipped phase 1 of Reference Processing: no references
[7.643s][debug  ][gc,ref         ] GC(28) Skipped phase 2 of Reference Processing: no references
[7.643s][debug  ][gc,ref         ] GC(28) Skipped phase 3 of Reference Processing: no references
[7.643s][debug  ][gc,ref         ] GC(28) Skipped phase 4 of Reference Processing: no references
[7.643s][debug  ][gc,phases,ref  ] GC(28) Reference Processing: 0.1ms
[7.643s][debug  ][gc,phases,ref  ] GC(28)   Reconsider SoftReferences: 0.0ms
[7.643s][debug  ][gc,phases,ref  ] GC(28)     SoftRef (ms):                  skipped
[7.643s][debug  ][gc,phases,ref  ] GC(28)   Notify Soft/WeakReferences: 0.0ms
[7.643s][debug  ][gc,phases,ref  ] GC(28)     SoftRef (ms):                  skipped
[7.644s][debug  ][gc,phases,ref  ] GC(28)     WeakRef (ms):                  skipped
[7.644s][debug  ][gc,phases,ref  ] GC(28)     FinalRef (ms):                 skipped
[7.644s][debug  ][gc,phases,ref  ] GC(28)     Total (ms):                    skipped
[7.644s][debug  ][gc,phases,ref  ] GC(28)   Notify and keep alive finalizable: 0.0ms
[7.644s][debug  ][gc,phases,ref  ] GC(28)     FinalRef (ms):                 skipped
[7.644s][debug  ][gc,phases,ref  ] GC(28)   Notify PhantomReferences: 0.0ms
[7.644s][debug  ][gc,phases,ref  ] GC(28)     PhantomRef (ms):               skipped
[7.644s][debug  ][gc,phases,ref  ] GC(28)   SoftReference:
[7.644s][debug  ][gc,phases,ref  ] GC(28)     Discovered: 0
[7.644s][debug  ][gc,phases,ref  ] GC(28)     Cleared: 0
[7.644s][debug  ][gc,phases,ref  ] GC(28)   WeakReference:
[7.644s][debug  ][gc,phases,ref  ] GC(28)     Discovered: 0
[7.644s][debug  ][gc,phases,ref  ] GC(28)     Cleared: 0
[7.644s][debug  ][gc,phases,ref  ] GC(28)   FinalReference:
[7.644s][debug  ][gc,phases,ref  ] GC(28)     Discovered: 0
[7.644s][debug  ][gc,phases,ref  ] GC(28)     Cleared: 0
[7.644s][debug  ][gc,phases,ref  ] GC(28)   PhantomReference:
[7.644s][debug  ][gc,phases,ref  ] GC(28)     Discovered: 0
[7.644s][debug  ][gc,phases,ref  ] GC(28)     Cleared: 0
[7.644s][debug  ][gc,phases      ] GC(28) Reference Processing 0.699ms
[7.644s][debug  ][gc,phases,start] GC(28) Weak Processing
[7.644s][debug  ][gc,phases      ] GC(28)   VM Weak                        Min:  0.0, Avg:  0.0, Max:  0.0, Diff:  0.0, Sum:  0.0, Workers: 6
[7.644s][debug  ][gc,phases      ] GC(28)     Dead                           Min: 0, Avg:  0.0, Max: 0, Diff: 0, Sum: 0, Workers: 6
[7.644s][debug  ][gc,phases      ] GC(28)     Total                          Min: 0, Avg:  1.3, Max: 8, Diff: 8, Sum: 8, Workers: 6
[7.644s][debug  ][gc,phases      ] GC(28)   ObjectSynchronizer Weak        Min:  0.0, Avg:  0.0, Max:  0.0, Diff:  0.0, Sum:  0.0, Workers: 6
[7.644s][debug  ][gc,phases      ] GC(28)     Dead                           Min: 0, Avg:  0.0, Max: 0, Diff: 0, Sum: 0, Workers: 6
[7.644s][debug  ][gc,phases      ] GC(28)     Total                          Min: 0, Avg:  0.5, Max: 3, Diff: 3, Sum: 3, Workers: 6
[7.644s][debug  ][gc,phases      ] GC(28)   JVMTI Tag Weak OopStorage      Min:  0.0, Avg:  0.0, Max:  0.0, Diff:  0.0, Sum:  0.0, Workers: 6
[7.644s][debug  ][gc,phases      ] GC(28)     Dead                           Min: 0, Avg:  0.0, Max: 0, Diff: 0, Sum: 0, Workers: 6
[7.644s][debug  ][gc,phases      ] GC(28)     Total                          Min: 0, Avg:  0.0, Max: 0, Diff: 0, Sum: 0, Workers: 6
[7.644s][debug  ][gc,phases      ] GC(28)   StringTable Weak               Min:  0.0, Avg:  0.0, Max:  0.0, Diff:  0.0, Sum:  0.0, Workers: 6
[7.644s][debug  ][gc,phases      ] GC(28)     Dead                           Min: 0, Avg:  0.0, Max: 0, Diff: 0, Sum: 0, Workers: 6
[7.644s][debug  ][gc,phases      ] GC(28)     Total                          Min: 768, Avg: 892.8, Max: 1088, Diff: 320, Sum: 5357, Workers: 6
[7.644s][debug  ][gc,phases      ] GC(28)   ResolvedMethodTable Weak       Min:  0.0, Avg:  0.0, Max:  0.0, Diff:  0.0, Sum:  0.0, Workers: 6
[7.644s][debug  ][gc,phases      ] GC(28)     Dead                           Min: 0, Avg:  0.0, Max: 0, Diff: 0, Sum: 0, Workers: 6
[7.644s][debug  ][gc,phases      ] GC(28)     Total                          Min: 0, Avg: 21.7, Max: 64, Diff: 64, Sum: 130, Workers: 6
[7.644s][debug  ][gc,phases      ] GC(28)   JNI Weak                       Min:  0.0, Avg:  0.0, Max:  0.0, Diff:  0.0, Sum:  0.0, Workers: 6
[7.644s][debug  ][gc,phases      ] GC(28)     Dead                           Min: 0, Avg:  0.0, Max: 0, Diff: 0, Sum: 0, Workers: 6
[7.644s][debug  ][gc,phases      ] GC(28)     Total                          Min: 0, Avg:  0.0, Max: 0, Diff: 0, Sum: 0, Workers: 6
[7.644s][debug  ][gc,phases      ] GC(28)   StringDedup Table Weak         Min:  0.0, Avg:  0.0, Max:  0.0, Diff:  0.0, Sum:  0.0, Workers: 6
[7.644s][debug  ][gc,phases      ] GC(28)     Dead                           Min: 0, Avg:  0.0, Max: 0, Diff: 0, Sum: 0, Workers: 6
[7.644s][debug  ][gc,phases      ] GC(28)     Total                          Min: 0, Avg:  0.0, Max: 0, Diff: 0, Sum: 0, Workers: 6
[7.645s][debug  ][gc,phases      ] GC(28)   StringDedup Requests0 Weak     Min:  0.0, Avg:  0.0, Max:  0.0, Diff:  0.0, Sum:  0.0, Workers: 6
[7.645s][debug  ][gc,phases      ] GC(28)     Dead                           Min: 0, Avg:  0.0, Max: 0, Diff: 0, Sum: 0, Workers: 6
[7.645s][debug  ][gc,phases      ] GC(28)     Total                          Min: 0, Avg:  0.0, Max: 0, Diff: 0, Sum: 0, Workers: 6
[7.645s][debug  ][gc,phases      ] GC(28)   StringDedup Requests1 Weak     Min:  0.0, Avg:  0.0, Max:  0.0, Diff:  0.0, Sum:  0.0, Workers: 6
[7.645s][debug  ][gc,phases      ] GC(28)     Dead                           Min: 0, Avg:  0.0, Max: 0, Diff: 0, Sum: 0, Workers: 6
[7.645s][debug  ][gc,phases      ] GC(28)     Total                          Min: 0, Avg:  0.0, Max: 0, Diff: 0, Sum: 0, Workers: 6
[7.645s][debug  ][gc,phases      ] GC(28)   Weak JFR Old Object Samples    Min:  0.0, Avg:  0.0, Max:  0.0, Diff:  0.0, Sum:  0.0, Workers: 6
[7.645s][debug  ][gc,phases      ] GC(28)     Dead                           Min: 0, Avg:  0.0, Max: 0, Diff: 0, Sum: 0, Workers: 6
[7.645s][debug  ][gc,phases      ] GC(28)     Total                          Min: 0, Avg:  0.0, Max: 0, Diff: 0, Sum: 0, Workers: 6
[7.645s][debug  ][gc,phases      ] GC(28) Weak Processing 0.758ms
[7.645s][debug  ][gc,ergo        ] GC(28) AdaptiveSizeStart:  collection: 29 
[7.645s][debug  ][gc,ergo        ] GC(28) avg_survived_padded_avg: 32926084.000000
[7.645s][debug  ][gc,ergo        ] GC(28) avg_promoted_padded_avg: 243479680.000000  avg_pretenured_padded_avg: 0.000000  tenuring_thresh: 1  target_size: 33030144
[7.645s][debug  ][gc,age         ] GC(28) Desired survivor size 33030144 bytes, new threshold 1 (max threshold 15)
[7.645s][debug  ][gc,ergo        ] GC(28) PSAdaptiveSizePolicy::compute_eden_space_size limits: desired_eden_size: 253720430 old_eden_size: 201850880 eden_limit: 202375168 cur_eden: 202375168 max_eden_size: 202375168 avg_young_live: 24979316
[7.645s][debug  ][gc,ergo        ] GC(28) PSAdaptiveSizePolicy::compute_eden_space_size: costs minor_time: 0.046103 major_cost: 0.026864 mutator_cost: 0.927033 throughput_goal: 0.990000
[7.645s][debug  ][gc,ergo        ] GC(28) Live_space: 749710464 free_space: 844103680
[7.645s][debug  ][gc,ergo        ] GC(28) Old eden_size: 201850880 desired_eden_size: 202375168
[7.645s][debug  ][gc,ergo        ] GC(28) AdaptiveSizeStop: collection: 29 
[7.645s][info   ][gc,heap        ] GC(28) PSYoungGen: 188167K(229888K)->30720K(229888K) Eden: 188167K(197632K)->0K(197632K) From: 0K(32256K)->30720K(32256K)
[7.645s][info   ][gc,heap        ] GC(28) ParOldGen: 134755K(1008640K)->288355K(1008640K)
[7.645s][info   ][gc,metaspace   ] GC(28) Metaspace: 1019K(1152K)->1019K(1152K) NonClass: 935K(960K)->935K(960K) Class: 83K(192K)->83K(192K)
[7.645s][info   ][gc             ] GC(28) Pause Young (Allocation Failure) 315M->311M(1209M) 14.682ms
[7.645s][info   ][gc,cpu         ] GC(28) User=0.12s Sys=0.00s Real=0.01s
[7.645s][debug  ][gc,heap        ] GC(28) Heap after GC invocations=29 (full 5):
[7.645s][debug  ][gc,heap        ] GC(28)  PSYoungGen      total 229888K, used 30720K [0x00000000f0000000, 0x0000000100000000, 0x0000000100000000)
[7.645s][debug  ][gc,heap        ] GC(28)   eden space 197632K, 0% used [0x00000000f0000000,0x00000000f0000000,0x00000000fc100000)
[7.645s][debug  ][gc,heap        ] GC(28)   from space 32256K, 95% used [0x00000000fc100000,0x00000000fdf00030,0x00000000fe080000)
[7.645s][debug  ][gc,heap        ] GC(28)   to   space 32256K, 0% used [0x00000000fe080000,0x00000000fe080000,0x0000000100000000)
[7.645s][debug  ][gc,heap        ] GC(28)  ParOldGen       total 1008640K, used 288355K [0x0000000080000000, 0x00000000bd900000, 0x00000000f0000000)
[7.645s][debug  ][gc,heap        ] GC(28)   object space 1008640K, 28% used [0x0000000080000000,0x0000000091998e48,0x00000000bd900000)
[7.645s][debug  ][gc,heap        ] GC(28)  Metaspace       used 1019K, committed 1152K, reserved 1056768K
[7.645s][debug  ][gc,heap        ] GC(28)   class space    used 83K, committed 192K, reserved 1048576K
[7.645s][debug  ][gc,task,time   ] GC(28) VM-Thread 76299139 76432263 76452595
[7.945s][debug  ][gc,heap        ] GC(29) Heap before GC invocations=30 (full 5):
[7.945s][debug  ][gc,heap        ] GC(29)  PSYoungGen      total 229888K, used 218820K [0x00000000f0000000, 0x0000000100000000, 0x0000000100000000)
[7.945s][debug  ][gc,heap        ] GC(29)   eden space 197632K, 95% used [0x00000000f0000000,0x00000000fb7b12e0,0x00000000fc100000)
[7.945s][debug  ][gc,heap        ] GC(29)   from space 32256K, 95% used [0x00000000fc100000,0x00000000fdf00030,0x00000000fe080000)
[7.945s][debug  ][gc,heap        ] GC(29)   to   space 32256K, 0% used [0x00000000fe080000,0x00000000fe080000,0x0000000100000000)
[7.945s][debug  ][gc,heap        ] GC(29)  ParOldGen       total 1008640K, used 288355K [0x0000000080000000, 0x00000000bd900000, 0x00000000f0000000)
[7.945s][debug  ][gc,heap        ] GC(29)   object space 1008640K, 28% used [0x0000000080000000,0x0000000091998e48,0x00000000bd900000)
[7.945s][debug  ][gc,heap        ] GC(29)  Metaspace       used 1019K, committed 1152K, reserved 1056768K
[7.945s][debug  ][gc,heap        ] GC(29)   class space    used 83K, committed 192K, reserved 1048576K
[7.946s][debug  ][gc,tlab        ] GC(29) TLAB totals: thrds: 1  refills: 1 max: 1 slow allocs: 17 max 17 waste: 27.0% gc: 3871168B max: 3871168B slow: 0B max: 0B
[7.946s][info   ][gc,start       ] GC(29) Pause Young (Allocation Failure)
[7.946s][debug  ][gc,phases,start] GC(29) Scavenge
[7.960s][debug  ][gc,phases      ] GC(29) Scavenge 14.471ms
[7.960s][debug  ][gc,phases,start] GC(29) Reference Processing
[7.960s][debug  ][gc,ref         ] GC(29) Skipped phase 1 of Reference Processing: no references
[7.960s][debug  ][gc,ref         ] GC(29) Skipped phase 2 of Reference Processing: no references
[7.960s][debug  ][gc,ref         ] GC(29) Skipped phase 3 of Reference Processing: no references
[7.960s][debug  ][gc,ref         ] GC(29) Skipped phase 4 of Reference Processing: no references
[7.960s][debug  ][gc,phases,ref  ] GC(29) Reference Processing: 0.1ms
[7.960s][debug  ][gc,phases,ref  ] GC(29)   Reconsider SoftReferences: 0.0ms
[7.960s][debug  ][gc,phases,ref  ] GC(29)     SoftRef (ms):                  skipped
[7.960s][debug  ][gc,phases,ref  ] GC(29)   Notify Soft/WeakReferences: 0.0ms
[7.960s][debug  ][gc,phases,ref  ] GC(29)     SoftRef (ms):                  skipped
[7.960s][debug  ][gc,phases,ref  ] GC(29)     WeakRef (ms):                  skipped
[7.960s][debug  ][gc,phases,ref  ] GC(29)     FinalRef (ms):                 skipped
[7.960s][debug  ][gc,phases,ref  ] GC(29)     Total (ms):                    skipped
[7.960s][debug  ][gc,phases,ref  ] GC(29)   Notify and keep alive finalizable: 0.0ms
[7.960s][debug  ][gc,phases,ref  ] GC(29)     FinalRef (ms):                 skipped
[7.961s][debug  ][gc,phases,ref  ] GC(29)   Notify PhantomReferences: 0.0ms
[7.961s][debug  ][gc,phases,ref  ] GC(29)     PhantomRef (ms):               skipped
[7.961s][debug  ][gc,phases,ref  ] GC(29)   SoftReference:
[7.961s][debug  ][gc,phases,ref  ] GC(29)     Discovered: 0
[7.961s][debug  ][gc,phases,ref  ] GC(29)     Cleared: 0
[7.961s][debug  ][gc,phases,ref  ] GC(29)   WeakReference:
[7.961s][debug  ][gc,phases,ref  ] GC(29)     Discovered: 0
[7.961s][debug  ][gc,phases,ref  ] GC(29)     Cleared: 0
[7.961s][debug  ][gc,phases,ref  ] GC(29)   FinalReference:
[7.961s][debug  ][gc,phases,ref  ] GC(29)     Discovered: 0
[7.961s][debug  ][gc,phases,ref  ] GC(29)     Cleared: 0
[7.961s][debug  ][gc,phases,ref  ] GC(29)   PhantomReference:
[7.961s][debug  ][gc,phases,ref  ] GC(29)     Discovered: 0
[7.961s][debug  ][gc,phases,ref  ] GC(29)     Cleared: 0
[7.961s][debug  ][gc,phases      ] GC(29) Reference Processing 0.707ms
[7.961s][debug  ][gc,phases,start] GC(29) Weak Processing
[7.961s][debug  ][gc,phases      ] GC(29)   VM Weak                        Min:  0.0, Avg:  0.0, Max:  0.0, Diff:  0.0, Sum:  0.0, Workers: 6
[7.961s][debug  ][gc,phases      ] GC(29)     Dead                           Min: 0, Avg:  0.0, Max: 0, Diff: 0, Sum: 0, Workers: 6
[7.961s][debug  ][gc,phases      ] GC(29)     Total                          Min: 0, Avg:  1.3, Max: 8, Diff: 8, Sum: 8, Workers: 6
[7.961s][debug  ][gc,phases      ] GC(29)   ObjectSynchronizer Weak        Min:  0.0, Avg:  0.0, Max:  0.0, Diff:  0.0, Sum:  0.0, Workers: 6
[7.961s][debug  ][gc,phases      ] GC(29)     Dead                           Min: 0, Avg:  0.0, Max: 0, Diff: 0, Sum: 0, Workers: 6
[7.961s][debug  ][gc,phases      ] GC(29)     Total                          Min: 0, Avg:  0.5, Max: 3, Diff: 3, Sum: 3, Workers: 6
[7.961s][debug  ][gc,phases      ] GC(29)   JVMTI Tag Weak OopStorage      Min:  0.0, Avg:  0.0, Max:  0.0, Diff:  0.0, Sum:  0.0, Workers: 6
[7.961s][debug  ][gc,phases      ] GC(29)     Dead                           Min: 0, Avg:  0.0, Max: 0, Diff: 0, Sum: 0, Workers: 6
[7.961s][debug  ][gc,phases      ] GC(29)     Total                          Min: 0, Avg:  0.0, Max: 0, Diff: 0, Sum: 0, Workers: 6
[7.961s][debug  ][gc,phases      ] GC(29)   StringTable Weak               Min:  0.0, Avg:  0.0, Max:  0.0, Diff:  0.0, Sum:  0.0, Workers: 6
[7.961s][debug  ][gc,phases      ] GC(29)     Dead                           Min: 0, Avg:  0.0, Max: 0, Diff: 0, Sum: 0, Workers: 6
[7.961s][debug  ][gc,phases      ] GC(29)     Total                          Min: 768, Avg: 892.8, Max: 1088, Diff: 320, Sum: 5357, Workers: 6
[7.961s][debug  ][gc,phases      ] GC(29)   ResolvedMethodTable Weak       Min:  0.0, Avg:  0.0, Max:  0.0, Diff:  0.0, Sum:  0.0, Workers: 6
[7.961s][debug  ][gc,phases      ] GC(29)     Dead                           Min: 0, Avg:  0.0, Max: 0, Diff: 0, Sum: 0, Workers: 6
[7.961s][debug  ][gc,phases      ] GC(29)     Total                          Min: 0, Avg: 21.7, Max: 64, Diff: 64, Sum: 130, Workers: 6
[7.961s][debug  ][gc,phases      ] GC(29)   JNI Weak                       Min:  0.0, Avg:  0.0, Max:  0.0, Diff:  0.0, Sum:  0.0, Workers: 6
[7.961s][debug  ][gc,phases      ] GC(29)     Dead                           Min: 0, Avg:  0.0, Max: 0, Diff: 0, Sum: 0, Workers: 6
[7.961s][debug  ][gc,phases      ] GC(29)     Total                          Min: 0, Avg:  0.0, Max: 0, Diff: 0, Sum: 0, Workers: 6
[7.961s][debug  ][gc,phases      ] GC(29)   StringDedup Table Weak         Min:  0.0, Avg:  0.0, Max:  0.0, Diff:  0.0, Sum:  0.0, Workers: 6
[7.961s][debug  ][gc,phases      ] GC(29)     Dead                           Min: 0, Avg:  0.0, Max: 0, Diff: 0, Sum: 0, Workers: 6
[7.961s][debug  ][gc,phases      ] GC(29)     Total                          Min: 0, Avg:  0.0, Max: 0, Diff: 0, Sum: 0, Workers: 6
[7.961s][debug  ][gc,phases      ] GC(29)   StringDedup Requests0 Weak     Min:  0.0, Avg:  0.0, Max:  0.0, Diff:  0.0, Sum:  0.0, Workers: 6
[7.961s][debug  ][gc,phases      ] GC(29)     Dead                           Min: 0, Avg:  0.0, Max: 0, Diff: 0, Sum: 0, Workers: 6
[7.961s][debug  ][gc,phases      ] GC(29)     Total                          Min: 0, Avg:  0.0, Max: 0, Diff: 0, Sum: 0, Workers: 6
[7.961s][debug  ][gc,phases      ] GC(29)   StringDedup Requests1 Weak     Min:  0.0, Avg:  0.0, Max:  0.0, Diff:  0.0, Sum:  0.0, Workers: 6
[7.962s][debug  ][gc,phases      ] GC(29)     Dead                           Min: 0, Avg:  0.0, Max: 0, Diff: 0, Sum: 0, Workers: 6
[7.962s][debug  ][gc,phases      ] GC(29)     Total                          Min: 0, Avg:  0.0, Max: 0, Diff: 0, Sum: 0, Workers: 6
[7.962s][debug  ][gc,phases      ] GC(29)   Weak JFR Old Object Samples    Min:  0.0, Avg:  0.0, Max:  0.0, Diff:  0.0, Sum:  0.0, Workers: 6
[7.962s][debug  ][gc,phases      ] GC(29)     Dead                           Min: 0, Avg:  0.0, Max: 0, Diff: 0, Sum: 0, Workers: 6
[7.962s][debug  ][gc,phases      ] GC(29)     Total                          Min: 0, Avg:  0.0, Max: 0, Diff: 0, Sum: 0, Workers: 6
[7.962s][debug  ][gc,phases      ] GC(29) Weak Processing 0.745ms
[7.962s][debug  ][gc,ergo        ] GC(29) AdaptiveSizeStart:  collection: 30 
[7.962s][debug  ][gc,ergo        ] GC(29) avg_survived_padded_avg: 32839530.000000
[7.962s][debug  ][gc,ergo        ] GC(29) avg_promoted_padded_avg: 246078848.000000  avg_pretenured_padded_avg: 0.000000  tenuring_thresh: 1  target_size: 33030144
[7.962s][debug  ][gc,age         ] GC(29) Desired survivor size 33030144 bytes, new threshold 1 (max threshold 15)
[7.962s][debug  ][gc,ergo        ] GC(29) PSAdaptiveSizePolicy::compute_eden_space_size limits: desired_eden_size: 241142052 old_eden_size: 202375168 eden_limit: 202375168 cur_eden: 202375168 max_eden_size: 202375168 avg_young_live: 25627116
[7.962s][debug  ][gc,ergo        ] GC(29) PSAdaptiveSizePolicy::compute_eden_space_size: costs minor_time: 0.047230 major_cost: 0.026864 mutator_cost: 0.925905 throughput_goal: 0.990000
[7.962s][debug  ][gc,ergo        ] GC(29) Live_space: 750358272 free_space: 844627968
[7.962s][debug  ][gc,ergo        ] GC(29) Old eden_size: 202375168 desired_eden_size: 202375168
[7.962s][debug  ][gc,ergo        ] GC(29) AdaptiveSizeStop: collection: 30 
[7.962s][info   ][gc,heap        ] GC(29) PSYoungGen: 218820K(229888K)->30720K(229888K) Eden: 188100K(197632K)->0K(197632K) From: 30720K(32256K)->30720K(32256K)
[7.962s][info   ][gc,heap        ] GC(29) ParOldGen: 288355K(1008640K)->472675K(1008640K)
[7.962s][info   ][gc,metaspace   ] GC(29) Metaspace: 1019K(1152K)->1019K(1152K) NonClass: 935K(960K)->935K(960K) Class: 83K(192K)->83K(192K)
[7.962s][info   ][gc             ] GC(29) Pause Young (Allocation Failure) 495M->491M(1209M) 16.344ms
[7.962s][info   ][gc,cpu         ] GC(29) User=0.14s Sys=0.00s Real=0.02s
[7.962s][debug  ][gc,heap        ] GC(29) Heap after GC invocations=30 (full 5):
[7.962s][debug  ][gc,heap        ] GC(29)  PSYoungGen      total 229888K, used 30720K [0x00000000f0000000, 0x0000000100000000, 0x0000000100000000)
[7.962s][debug  ][gc,heap        ] GC(29)   eden space 197632K, 0% used [0x00000000f0000000,0x00000000f0000000,0x00000000fc100000)
[7.962s][debug  ][gc,heap        ] GC(29)   from space 32256K, 95% used [0x00000000fe080000,0x00000000ffe80030,0x0000000100000000)
[7.962s][debug  ][gc,heap        ] GC(29)   to   space 32256K, 0% used [0x00000000fc100000,0x00000000fc100000,0x00000000fe080000)
[7.962s][debug  ][gc,heap        ] GC(29)  ParOldGen       total 1008640K, used 472675K [0x0000000080000000, 0x00000000bd900000, 0x00000000f0000000)
[7.962s][debug  ][gc,heap        ] GC(29)   object space 1008640K, 46% used [0x0000000080000000,0x000000009cd98f68,0x00000000bd900000)
[7.962s][debug  ][gc,heap        ] GC(29)  Metaspace       used 1019K, committed 1152K, reserved 1056768K
[7.962s][debug  ][gc,heap        ] GC(29)   class space    used 83K, committed 192K, reserved 1048576K
[7.962s][debug  ][gc,task,time   ] GC(29) VM-Thread 79452654 79601280 79621512
[8.246s][debug  ][gc,heap        ] GC(30) Heap before GC invocations=31 (full 5):
[8.246s][debug  ][gc,heap        ] GC(30)  PSYoungGen      total 229888K, used 218853K [0x00000000f0000000, 0x0000000100000000, 0x0000000100000000)
[8.246s][debug  ][gc,heap        ] GC(30)   eden space 197632K, 95% used [0x00000000f0000000,0x00000000fb7b94c0,0x00000000fc100000)
[8.246s][debug  ][gc,heap        ] GC(30)   from space 32256K, 95% used [0x00000000fe080000,0x00000000ffe80030,0x0000000100000000)
[8.246s][debug  ][gc,heap        ] GC(30)   to   space 32256K, 0% used [0x00000000fc100000,0x00000000fc100000,0x00000000fe080000)
[8.246s][debug  ][gc,heap        ] GC(30)  ParOldGen       total 1008640K, used 472675K [0x0000000080000000, 0x00000000bd900000, 0x00000000f0000000)
[8.246s][debug  ][gc,heap        ] GC(30)   object space 1008640K, 46% used [0x0000000080000000,0x000000009cd98f68,0x00000000bd900000)
[8.246s][debug  ][gc,heap        ] GC(30)  Metaspace       used 1019K, committed 1152K, reserved 1056768K
[8.246s][debug  ][gc,heap        ] GC(30)   class space    used 83K, committed 192K, reserved 1048576K
[8.246s][debug  ][gc,tlab        ] GC(30) TLAB totals: thrds: 1  refills: 1 max: 1 slow allocs: 17 max 17 waste: 27.1% gc: 3904416B max: 3904416B slow: 0B max: 0B
[8.246s][info   ][gc,start       ] GC(30) Pause Young (Allocation Failure)
[8.246s][debug  ][gc,phases,start] GC(30) Scavenge
[8.261s][debug  ][gc,phases      ] GC(30) Scavenge 14.300ms
[8.261s][debug  ][gc,phases,start] GC(30) Reference Processing
[8.261s][debug  ][gc,ref         ] GC(30) Skipped phase 1 of Reference Processing: no references
[8.261s][debug  ][gc,ref         ] GC(30) Skipped phase 2 of Reference Processing: no references
[8.261s][debug  ][gc,ref         ] GC(30) Skipped phase 3 of Reference Processing: no references
[8.261s][debug  ][gc,ref         ] GC(30) Skipped phase 4 of Reference Processing: no references
[8.261s][debug  ][gc,phases,ref  ] GC(30) Reference Processing: 0.1ms
[8.261s][debug  ][gc,phases,ref  ] GC(30)   Reconsider SoftReferences: 0.0ms
[8.261s][debug  ][gc,phases,ref  ] GC(30)     SoftRef (ms):                  skipped
[8.261s][debug  ][gc,phases,ref  ] GC(30)   Notify Soft/WeakReferences: 0.0ms
[8.261s][debug  ][gc,phases,ref  ] GC(30)     SoftRef (ms):                  skipped
[8.261s][debug  ][gc,phases,ref  ] GC(30)     WeakRef (ms):                  skipped
[8.261s][debug  ][gc,phases,ref  ] GC(30)     FinalRef (ms):                 skipped
[8.261s][debug  ][gc,phases,ref  ] GC(30)     Total (ms):                    skipped
[8.261s][debug  ][gc,phases,ref  ] GC(30)   Notify and keep alive finalizable: 0.0ms
[8.261s][debug  ][gc,phases,ref  ] GC(30)     FinalRef (ms):                 skipped
[8.261s][debug  ][gc,phases,ref  ] GC(30)   Notify PhantomReferences: 0.0ms
[8.261s][debug  ][gc,phases,ref  ] GC(30)     PhantomRef (ms):               skipped
[8.261s][debug  ][gc,phases,ref  ] GC(30)   SoftReference:
[8.261s][debug  ][gc,phases,ref  ] GC(30)     Discovered: 0
[8.261s][debug  ][gc,phases,ref  ] GC(30)     Cleared: 0
[8.261s][debug  ][gc,phases,ref  ] GC(30)   WeakReference:
[8.261s][debug  ][gc,phases,ref  ] GC(30)     Discovered: 0
[8.261s][debug  ][gc,phases,ref  ] GC(30)     Cleared: 0
[8.261s][debug  ][gc,phases,ref  ] GC(30)   FinalReference:
[8.261s][debug  ][gc,phases,ref  ] GC(30)     Discovered: 0
[8.261s][debug  ][gc,phases,ref  ] GC(30)     Cleared: 0
[8.261s][debug  ][gc,phases,ref  ] GC(30)   PhantomReference:
[8.261s][debug  ][gc,phases,ref  ] GC(30)     Discovered: 0
[8.261s][debug  ][gc,phases,ref  ] GC(30)     Cleared: 0
[8.261s][debug  ][gc,phases      ] GC(30) Reference Processing 0.563ms
[8.261s][debug  ][gc,phases,start] GC(30) Weak Processing
[8.261s][debug  ][gc,phases      ] GC(30)   VM Weak                        Min:  0.0, Avg:  0.0, Max:  0.0, Diff:  0.0, Sum:  0.0, Workers: 6
[8.262s][debug  ][gc,phases      ] GC(30)     Dead                           Min: 0, Avg:  0.0, Max: 0, Diff: 0, Sum: 0, Workers: 6
[8.262s][debug  ][gc,phases      ] GC(30)     Total                          Min: 0, Avg:  1.3, Max: 8, Diff: 8, Sum: 8, Workers: 6
[8.262s][debug  ][gc,phases      ] GC(30)   ObjectSynchronizer Weak        Min:  0.0, Avg:  0.0, Max:  0.0, Diff:  0.0, Sum:  0.0, Workers: 6
[8.262s][debug  ][gc,phases      ] GC(30)     Dead                           Min: 0, Avg:  0.0, Max: 0, Diff: 0, Sum: 0, Workers: 6
[8.262s][debug  ][gc,phases      ] GC(30)     Total                          Min: 0, Avg:  0.5, Max: 3, Diff: 3, Sum: 3, Workers: 6
[8.262s][debug  ][gc,phases      ] GC(30)   JVMTI Tag Weak OopStorage      Min:  0.0, Avg:  0.0, Max:  0.0, Diff:  0.0, Sum:  0.0, Workers: 6
[8.262s][debug  ][gc,phases      ] GC(30)     Dead                           Min: 0, Avg:  0.0, Max: 0, Diff: 0, Sum: 0, Workers: 6
[8.262s][debug  ][gc,phases      ] GC(30)     Total                          Min: 0, Avg:  0.0, Max: 0, Diff: 0, Sum: 0, Workers: 6
[8.262s][debug  ][gc,phases      ] GC(30)   StringTable Weak               Min:  0.0, Avg:  0.0, Max:  0.0, Diff:  0.0, Sum:  0.0, Workers: 6
[8.262s][debug  ][gc,phases      ] GC(30)     Dead                           Min: 0, Avg:  0.0, Max: 0, Diff: 0, Sum: 0, Workers: 6
[8.262s][debug  ][gc,phases      ] GC(30)     Total                          Min: 320, Avg: 892.8, Max: 1198, Diff: 878, Sum: 5357, Workers: 6
[8.262s][debug  ][gc,phases      ] GC(30)   ResolvedMethodTable Weak       Min:  0.0, Avg:  0.0, Max:  0.0, Diff:  0.0, Sum:  0.0, Workers: 6
[8.262s][debug  ][gc,phases      ] GC(30)     Dead                           Min: 0, Avg:  0.0, Max: 0, Diff: 0, Sum: 0, Workers: 6
[8.262s][debug  ][gc,phases      ] GC(30)     Total                          Min: 0, Avg: 21.7, Max: 64, Diff: 64, Sum: 130, Workers: 6
[8.262s][debug  ][gc,phases      ] GC(30)   JNI Weak                       Min:  0.0, Avg:  0.0, Max:  0.0, Diff:  0.0, Sum:  0.0, Workers: 6
[8.262s][debug  ][gc,phases      ] GC(30)     Dead                           Min: 0, Avg:  0.0, Max: 0, Diff: 0, Sum: 0, Workers: 6
[8.262s][debug  ][gc,phases      ] GC(30)     Total                          Min: 0, Avg:  0.0, Max: 0, Diff: 0, Sum: 0, Workers: 6
[8.262s][debug  ][gc,phases      ] GC(30)   StringDedup Table Weak         Min:  0.0, Avg:  0.0, Max:  0.0, Diff:  0.0, Sum:  0.0, Workers: 6
[8.262s][debug  ][gc,phases      ] GC(30)     Dead                           Min: 0, Avg:  0.0, Max: 0, Diff: 0, Sum: 0, Workers: 6
[8.262s][debug  ][gc,phases      ] GC(30)     Total                          Min: 0, Avg:  0.0, Max: 0, Diff: 0, Sum: 0, Workers: 6
[8.262s][debug  ][gc,phases      ] GC(30)   StringDedup Requests0 Weak     Min:  0.0, Avg:  0.0, Max:  0.0, Diff:  0.0, Sum:  0.0, Workers: 6
[8.262s][debug  ][gc,phases      ] GC(30)     Dead                           Min: 0, Avg:  0.0, Max: 0, Diff: 0, Sum: 0, Workers: 6
[8.262s][debug  ][gc,phases      ] GC(30)     Total                          Min: 0, Avg:  0.0, Max: 0, Diff: 0, Sum: 0, Workers: 6
[8.262s][debug  ][gc,phases      ] GC(30)   StringDedup Requests1 Weak     Min:  0.0, Avg:  0.0, Max:  0.0, Diff:  0.0, Sum:  0.0, Workers: 6
[8.262s][debug  ][gc,phases      ] GC(30)     Dead                           Min: 0, Avg:  0.0, Max: 0, Diff: 0, Sum: 0, Workers: 6
[8.262s][debug  ][gc,phases      ] GC(30)     Total                          Min: 0, Avg:  0.0, Max: 0, Diff: 0, Sum: 0, Workers: 6
[8.262s][debug  ][gc,phases      ] GC(30)   Weak JFR Old Object Samples    Min:  0.0, Avg:  0.0, Max:  0.0, Diff:  0.0, Sum:  0.0, Workers: 6
[8.262s][debug  ][gc,phases      ] GC(30)     Dead                           Min: 0, Avg:  0.0, Max: 0, Diff: 0, Sum: 0, Workers: 6
[8.262s][debug  ][gc,phases      ] GC(30)     Total                          Min: 0, Avg:  0.0, Max: 0, Diff: 0, Sum: 0, Workers: 6
[8.262s][debug  ][gc,phases      ] GC(30) Weak Processing 0.731ms
[8.262s][debug  ][gc,ergo        ] GC(30) AdaptiveSizeStart:  collection: 31 
[8.262s][debug  ][gc,ergo        ] GC(30) avg_survived_padded_avg: 32755600.000000
[8.262s][debug  ][gc,ergo        ] GC(30) avg_promoted_padded_avg: 247610848.000000  avg_pretenured_padded_avg: 0.000000  tenuring_thresh: 1  target_size: 33030144
[8.262s][debug  ][gc,age         ] GC(30) Desired survivor size 33030144 bytes, new threshold 1 (max threshold 15)
[8.262s][debug  ][gc,ergo        ] GC(30) PSAdaptiveSizePolicy::compute_eden_space_size limits: desired_eden_size: 241506519 old_eden_size: 202375168 eden_limit: 202375168 cur_eden: 202375168 max_eden_size: 202375168 avg_young_live: 26210136
[8.262s][debug  ][gc,ergo        ] GC(30) PSAdaptiveSizePolicy::compute_eden_space_size: costs minor_time: 0.048476 major_cost: 0.026864 mutator_cost: 0.924660 throughput_goal: 0.990000
[8.262s][debug  ][gc,ergo        ] GC(30) Live_space: 750941312 free_space: 844627968
[8.262s][debug  ][gc,ergo        ] GC(30) Old eden_size: 202375168 desired_eden_size: 202375168
[8.262s][debug  ][gc,ergo        ] GC(30) AdaptiveSizeStop: collection: 31 
[8.262s][info   ][gc,heap        ] GC(30) PSYoungGen: 218853K(229888K)->30720K(229888K) Eden: 188133K(197632K)->0K(197632K) From: 30720K(32256K)->30720K(32256K)
[8.262s][info   ][gc,heap        ] GC(30) ParOldGen: 472675K(1008640K)->656996K(1008640K)
[8.262s][info   ][gc,metaspace   ] GC(30) Metaspace: 1019K(1152K)->1019K(1152K) NonClass: 935K(960K)->935K(960K) Class: 83K(192K)->83K(192K)
[8.262s][info   ][gc             ] GC(30) Pause Young (Allocation Failure) 675M->671M(1209M) 15.994ms
[8.262s][info   ][gc,cpu         ] GC(30) User=0.00s Sys=0.02s Real=0.02s
[8.262s][debug  ][gc,heap        ] GC(30) Heap after GC invocations=31 (full 5):
[8.263s][debug  ][gc,heap        ] GC(30)  PSYoungGen      total 229888K, used 30720K [0x00000000f0000000, 0x0000000100000000, 0x0000000100000000)
[8.263s][debug  ][gc,heap        ] GC(30)   eden space 197632K, 0% used [0x00000000f0000000,0x00000000f0000000,0x00000000fc100000)
[8.263s][debug  ][gc,heap        ] GC(30)   from space 32256K, 95% used [0x00000000fc100000,0x00000000fdf00030,0x00000000fe080000)
[8.263s][debug  ][gc,heap        ] GC(30)   to   space 32256K, 0% used [0x00000000fe080000,0x00000000fe080000,0x0000000100000000)
[8.263s][debug  ][gc,heap        ] GC(30)  ParOldGen       total 1008640K, used 656996K [0x0000000080000000, 0x00000000bd900000, 0x00000000f0000000)
[8.263s][debug  ][gc,heap        ] GC(30)   object space 1008640K, 65% used [0x0000000080000000,0x00000000a8199088,0x00000000bd900000)
[8.263s][debug  ][gc,heap        ] GC(30)  Metaspace       used 1019K, committed 1152K, reserved 1056768K
[8.263s][debug  ][gc,heap        ] GC(30)   class space    used 83K, committed 192K, reserved 1048576K
[8.263s][debug  ][gc,task,time   ] GC(30) VM-Thread 82461739 82608301 82626699
[8.548s][debug  ][gc,heap        ] GC(31) Heap before GC invocations=32 (full 5):
[8.548s][debug  ][gc,heap        ] GC(31)  PSYoungGen      total 229888K, used 218874K [0x00000000f0000000, 0x0000000100000000, 0x0000000100000000)
[8.548s][debug  ][gc,heap        ] GC(31)   eden space 197632K, 95% used [0x00000000f0000000,0x00000000fb7be838,0x00000000fc100000)
[8.548s][debug  ][gc,heap        ] GC(31)   from space 32256K, 95% used [0x00000000fc100000,0x00000000fdf00030,0x00000000fe080000)
[8.548s][debug  ][gc,heap        ] GC(31)   to   space 32256K, 0% used [0x00000000fe080000,0x00000000fe080000,0x0000000100000000)
[8.548s][debug  ][gc,heap        ] GC(31)  ParOldGen       total 1008640K, used 656996K [0x0000000080000000, 0x00000000bd900000, 0x00000000f0000000)
[8.548s][debug  ][gc,heap        ] GC(31)   object space 1008640K, 65% used [0x0000000080000000,0x00000000a8199088,0x00000000bd900000)
[8.548s][debug  ][gc,heap        ] GC(31)  Metaspace       used 1019K, committed 1152K, reserved 1056768K
[8.548s][debug  ][gc,heap        ] GC(31)   class space    used 83K, committed 192K, reserved 1048576K
[8.548s][debug  ][gc,tlab        ] GC(31) TLAB totals: thrds: 1  refills: 1 max: 1 slow allocs: 17 max 17 waste: 27.2% gc: 3925784B max: 3925784B slow: 0B max: 0B
[8.548s][info   ][gc,start       ] GC(31) Pause Young (Allocation Failure)
[8.548s][debug  ][gc,phases,start] GC(31) Scavenge
[8.563s][debug  ][gc,phases      ] GC(31) Scavenge 14.463ms
[8.563s][debug  ][gc,phases,start] GC(31) Reference Processing
[8.563s][debug  ][gc,ref         ] GC(31) Skipped phase 1 of Reference Processing: no references
[8.563s][debug  ][gc,ref         ] GC(31) Skipped phase 2 of Reference Processing: no references
[8.563s][debug  ][gc,ref         ] GC(31) Skipped phase 3 of Reference Processing: no references
[8.563s][debug  ][gc,ref         ] GC(31) Skipped phase 4 of Reference Processing: no references
[8.563s][debug  ][gc,phases,ref  ] GC(31) Reference Processing: 0.1ms
[8.563s][debug  ][gc,phases,ref  ] GC(31)   Reconsider SoftReferences: 0.0ms
[8.563s][debug  ][gc,phases,ref  ] GC(31)     SoftRef (ms):                  skipped
[8.563s][debug  ][gc,phases,ref  ] GC(31)   Notify Soft/WeakReferences: 0.0ms
[8.563s][debug  ][gc,phases,ref  ] GC(31)     SoftRef (ms):                  skipped
[8.563s][debug  ][gc,phases,ref  ] GC(31)     WeakRef (ms):                  skipped
[8.563s][debug  ][gc,phases,ref  ] GC(31)     FinalRef (ms):                 skipped
[8.563s][debug  ][gc,phases,ref  ] GC(31)     Total (ms):                    skipped
[8.563s][debug  ][gc,phases,ref  ] GC(31)   Notify and keep alive finalizable: 0.0ms
[8.563s][debug  ][gc,phases,ref  ] GC(31)     FinalRef (ms):                 skipped
[8.563s][debug  ][gc,phases,ref  ] GC(31)   Notify PhantomReferences: 0.0ms
[8.563s][debug  ][gc,phases,ref  ] GC(31)     PhantomRef (ms):               skipped
[8.563s][debug  ][gc,phases,ref  ] GC(31)   SoftReference:
[8.563s][debug  ][gc,phases,ref  ] GC(31)     Discovered: 0
[8.563s][debug  ][gc,phases,ref  ] GC(31)     Cleared: 0
[8.563s][debug  ][gc,phases,ref  ] GC(31)   WeakReference:
[8.563s][debug  ][gc,phases,ref  ] GC(31)     Discovered: 0
[8.563s][debug  ][gc,phases,ref  ] GC(31)     Cleared: 0
[8.563s][debug  ][gc,phases,ref  ] GC(31)   FinalReference:
[8.563s][debug  ][gc,phases,ref  ] GC(31)     Discovered: 0
[8.563s][debug  ][gc,phases,ref  ] GC(31)     Cleared: 0
[8.563s][debug  ][gc,phases,ref  ] GC(31)   PhantomReference:
[8.563s][debug  ][gc,phases,ref  ] GC(31)     Discovered: 0
[8.563s][debug  ][gc,phases,ref  ] GC(31)     Cleared: 0
[8.563s][debug  ][gc,phases      ] GC(31) Reference Processing 0.610ms
[8.563s][debug  ][gc,phases,start] GC(31) Weak Processing
[8.564s][debug  ][gc,phases      ] GC(31)   VM Weak                        Min:  0.0, Avg:  0.0, Max:  0.0, Diff:  0.0, Sum:  0.0, Workers: 6
[8.564s][debug  ][gc,phases      ] GC(31)     Dead                           Min: 0, Avg:  0.0, Max: 0, Diff: 0, Sum: 0, Workers: 6
[8.564s][debug  ][gc,phases      ] GC(31)     Total                          Min: 0, Avg:  1.3, Max: 8, Diff: 8, Sum: 8, Workers: 6
[8.564s][debug  ][gc,phases      ] GC(31)   ObjectSynchronizer Weak        Min:  0.0, Avg:  0.0, Max:  0.0, Diff:  0.0, Sum:  0.0, Workers: 6
[8.564s][debug  ][gc,phases      ] GC(31)     Dead                           Min: 0, Avg:  0.0, Max: 0, Diff: 0, Sum: 0, Workers: 6
[8.564s][debug  ][gc,phases      ] GC(31)     Total                          Min: 0, Avg:  0.5, Max: 3, Diff: 3, Sum: 3, Workers: 6
[8.564s][debug  ][gc,phases      ] GC(31)   JVMTI Tag Weak OopStorage      Min:  0.0, Avg:  0.0, Max:  0.0, Diff:  0.0, Sum:  0.0, Workers: 6
[8.564s][debug  ][gc,phases      ] GC(31)     Dead                           Min: 0, Avg:  0.0, Max: 0, Diff: 0, Sum: 0, Workers: 6
[8.564s][debug  ][gc,phases      ] GC(31)     Total                          Min: 0, Avg:  0.0, Max: 0, Diff: 0, Sum: 0, Workers: 6
[8.564s][debug  ][gc,phases      ] GC(31)   StringTable Weak               Min:  0.0, Avg:  0.0, Max:  0.0, Diff:  0.0, Sum:  0.0, Workers: 6
[8.564s][debug  ][gc,phases      ] GC(31)     Dead                           Min: 0, Avg:  0.0, Max: 0, Diff: 0, Sum: 0, Workers: 6
[8.564s][debug  ][gc,phases      ] GC(31)     Total                          Min: 686, Avg: 892.8, Max: 1087, Diff: 401, Sum: 5357, Workers: 6
[8.564s][debug  ][gc,phases      ] GC(31)   ResolvedMethodTable Weak       Min:  0.0, Avg:  0.0, Max:  0.0, Diff:  0.0, Sum:  0.0, Workers: 6
[8.564s][debug  ][gc,phases      ] GC(31)     Dead                           Min: 0, Avg:  0.0, Max: 0, Diff: 0, Sum: 0, Workers: 6
[8.564s][debug  ][gc,phases      ] GC(31)     Total                          Min: 0, Avg: 21.7, Max: 64, Diff: 64, Sum: 130, Workers: 6
[8.564s][debug  ][gc,phases      ] GC(31)   JNI Weak                       Min:  0.0, Avg:  0.0, Max:  0.0, Diff:  0.0, Sum:  0.0, Workers: 6
[8.564s][debug  ][gc,phases      ] GC(31)     Dead                           Min: 0, Avg:  0.0, Max: 0, Diff: 0, Sum: 0, Workers: 6
[8.564s][debug  ][gc,phases      ] GC(31)     Total                          Min: 0, Avg:  0.0, Max: 0, Diff: 0, Sum: 0, Workers: 6
[8.564s][debug  ][gc,phases      ] GC(31)   StringDedup Table Weak         Min:  0.0, Avg:  0.0, Max:  0.0, Diff:  0.0, Sum:  0.0, Workers: 6
[8.564s][debug  ][gc,phases      ] GC(31)     Dead                           Min: 0, Avg:  0.0, Max: 0, Diff: 0, Sum: 0, Workers: 6
[8.564s][debug  ][gc,phases      ] GC(31)     Total                          Min: 0, Avg:  0.0, Max: 0, Diff: 0, Sum: 0, Workers: 6
[8.564s][debug  ][gc,phases      ] GC(31)   StringDedup Requests0 Weak     Min:  0.0, Avg:  0.0, Max:  0.0, Diff:  0.0, Sum:  0.0, Workers: 6
[8.564s][debug  ][gc,phases      ] GC(31)     Dead                           Min: 0, Avg:  0.0, Max: 0, Diff: 0, Sum: 0, Workers: 6
[8.564s][debug  ][gc,phases      ] GC(31)     Total                          Min: 0, Avg:  0.0, Max: 0, Diff: 0, Sum: 0, Workers: 6
[8.564s][debug  ][gc,phases      ] GC(31)   StringDedup Requests1 Weak     Min:  0.0, Avg:  0.0, Max:  0.0, Diff:  0.0, Sum:  0.0, Workers: 6
[8.564s][debug  ][gc,phases      ] GC(31)     Dead                           Min: 0, Avg:  0.0, Max: 0, Diff: 0, Sum: 0, Workers: 6
[8.564s][debug  ][gc,phases      ] GC(31)     Total                          Min: 0, Avg:  0.0, Max: 0, Diff: 0, Sum: 0, Workers: 6
[8.564s][debug  ][gc,phases      ] GC(31)   Weak JFR Old Object Samples    Min:  0.0, Avg:  0.0, Max:  0.0, Diff:  0.0, Sum:  0.0, Workers: 6
[8.564s][debug  ][gc,phases      ] GC(31)     Dead                           Min: 0, Avg:  0.0, Max: 0, Diff: 0, Sum: 0, Workers: 6
[8.564s][debug  ][gc,phases      ] GC(31)     Total                          Min: 0, Avg:  0.0, Max: 0, Diff: 0, Sum: 0, Workers: 6
[8.564s][debug  ][gc,phases      ] GC(31) Weak Processing 0.712ms
[8.564s][debug  ][gc,ergo        ] GC(31) AdaptiveSizeStart:  collection: 32 
[8.564s][debug  ][gc,ergo        ] GC(31) avg_survived_padded_avg: 32674634.000000
[8.564s][debug  ][gc,ergo        ] GC(31) avg_promoted_padded_avg: 248263104.000000  avg_pretenured_padded_avg: 0.000000  tenuring_thresh: 1  target_size: 33030144
[8.564s][debug  ][gc,age         ] GC(31) Desired survivor size 33030144 bytes, new threshold 1 (max threshold 15)
[8.564s][debug  ][gc,ergo        ] GC(31) PSAdaptiveSizePolicy::compute_eden_space_size limits: desired_eden_size: 241801346 old_eden_size: 202375168 eden_limit: 202375168 cur_eden: 202375168 max_eden_size: 202375168 avg_young_live: 26734854
[8.564s][debug  ][gc,ergo        ] GC(31) PSAdaptiveSizePolicy::compute_eden_space_size: costs minor_time: 0.049514 major_cost: 0.026864 mutator_cost: 0.923622 throughput_goal: 0.990000
[8.564s][debug  ][gc,ergo        ] GC(31) Live_space: 751465984 free_space: 844627968
[8.564s][debug  ][gc,ergo        ] GC(31) Old eden_size: 202375168 desired_eden_size: 202375168
[8.564s][debug  ][gc,ergo        ] GC(31) AdaptiveSizeStop: collection: 32 
[8.564s][info   ][gc,heap        ] GC(31) PSYoungGen: 218874K(229888K)->30720K(229888K) Eden: 188154K(197632K)->0K(197632K) From: 30720K(32256K)->30720K(32256K)
[8.564s][info   ][gc,heap        ] GC(31) ParOldGen: 656996K(1008640K)->841316K(1008640K)
[8.564s][info   ][gc,metaspace   ] GC(31) Metaspace: 1019K(1152K)->1019K(1152K) NonClass: 935K(960K)->935K(960K) Class: 83K(192K)->83K(192K)
[8.564s][info   ][gc             ] GC(31) Pause Young (Allocation Failure) 855M->851M(1209M) 16.208ms
[8.564s][info   ][gc,cpu         ] GC(31) User=0.16s Sys=0.00s Real=0.02s
[8.565s][debug  ][gc,heap        ] GC(31) Heap after GC invocations=32 (full 5):
[8.565s][debug  ][gc,heap        ] GC(31)  PSYoungGen      total 229888K, used 30720K [0x00000000f0000000, 0x0000000100000000, 0x0000000100000000)
[8.565s][debug  ][gc,heap        ] GC(31)   eden space 197632K, 0% used [0x00000000f0000000,0x00000000f0000000,0x00000000fc100000)
[8.565s][debug  ][gc,heap        ] GC(31)   from space 32256K, 95% used [0x00000000fe080000,0x00000000ffe80030,0x0000000100000000)
[8.565s][debug  ][gc,heap        ] GC(31)   to   space 32256K, 0% used [0x00000000fc100000,0x00000000fc100000,0x00000000fe080000)
[8.565s][debug  ][gc,heap        ] GC(31)  ParOldGen       total 1008640K, used 841316K [0x0000000080000000, 0x00000000bd900000, 0x00000000f0000000)
[8.565s][debug  ][gc,heap        ] GC(31)   object space 1008640K, 83% used [0x0000000080000000,0x00000000b35991a8,0x00000000bd900000)
[8.565s][debug  ][gc,heap        ] GC(31)  Metaspace       used 1019K, committed 1152K, reserved 1056768K
[8.565s][debug  ][gc,heap        ] GC(31)   class space    used 83K, committed 192K, reserved 1048576K
[8.565s][debug  ][gc,task,time   ] GC(31) VM-Thread 85477937 85628240 85646916
[8.565s][debug  ][gc,phases,start] GC(32) Pre Compact
[8.565s][debug  ][gc,heap        ] GC(32) Heap before GC invocations=33 (full 6):
[8.565s][debug  ][gc,heap        ] GC(32)  PSYoungGen      total 229888K, used 30720K [0x00000000f0000000, 0x0000000100000000, 0x0000000100000000)
[8.565s][debug  ][gc,heap        ] GC(32)   eden space 197632K, 0% used [0x00000000f0000000,0x00000000f0000000,0x00000000fc100000)
[8.565s][debug  ][gc,heap        ] GC(32)   from space 32256K, 95% used [0x00000000fe080000,0x00000000ffe80030,0x0000000100000000)
[8.565s][debug  ][gc,heap        ] GC(32)   to   space 32256K, 0% used [0x00000000fc100000,0x00000000fc100000,0x00000000fe080000)
[8.565s][debug  ][gc,heap        ] GC(32)  ParOldGen       total 1008640K, used 841316K [0x0000000080000000, 0x00000000bd900000, 0x00000000f0000000)
[8.565s][debug  ][gc,heap        ] GC(32)   object space 1008640K, 83% used [0x0000000080000000,0x00000000b35991a8,0x00000000bd900000)
[8.565s][debug  ][gc,heap        ] GC(32)  Metaspace       used 1019K, committed 1152K, reserved 1056768K
[8.565s][debug  ][gc,heap        ] GC(32)   class space    used 83K, committed 192K, reserved 1048576K
[8.565s][debug  ][gc,phases      ] GC(32) Pre Compact 0.201ms
[8.565s][info   ][gc,start       ] GC(32) Pause Full (Ergonomics)
[8.565s][info   ][gc,phases,start] GC(32) Marking Phase
[8.565s][debug  ][gc,phases,start] GC(32) Par Mark
[8.565s][debug  ][gc,phases      ] GC(32) Par Mark 0.470ms
[8.565s][debug  ][gc,phases,start] GC(32) Reference Processing
[8.566s][debug  ][gc,ref         ] GC(32) Skipped phase 1 of Reference Processing: no references
[8.566s][debug  ][gc,ref         ] GC(32) ReferenceProcessor::execute queues: 1, RefProcThreadModel::Single, marks_oops_alive: false
[8.566s][debug  ][gc,ref         ] GC(32) Skipped phase 3 of Reference Processing: no references
[8.566s][debug  ][gc,ref         ] GC(32) ReferenceProcessor::execute queues: 1, RefProcThreadModel::Single, marks_oops_alive: false
[8.566s][debug  ][gc,phases,ref  ] GC(32) Reference Processing: 0.1ms
[8.566s][debug  ][gc,phases,ref  ] GC(32)   Reconsider SoftReferences: 0.0ms
[8.566s][debug  ][gc,phases,ref  ] GC(32)     SoftRef (ms):                  skipped
[8.566s][debug  ][gc,phases,ref  ] GC(32)   Notify Soft/WeakReferences: 0.0ms
[8.566s][debug  ][gc,phases,ref  ] GC(32)     SoftRef (ms):                  Min:  0.0, Avg:  0.0, Max:  0.0, Diff:  0.0, Sum:  0.0, Workers: 10
[8.566s][debug  ][gc,phases,ref  ] GC(32)     WeakRef (ms):                  Min:  0.0, Avg:  0.0, Max:  0.0, Diff:  0.0, Sum:  0.0, Workers: 10
[8.566s][debug  ][gc,phases,ref  ] GC(32)     FinalRef (ms):                 Min:  0.0, Avg:  0.0, Max:  0.0, Diff:  0.0, Sum:  0.0, Workers: 10
[8.566s][debug  ][gc,phases,ref  ] GC(32)     Total (ms):                    Min:  0.0, Avg:  0.0, Max:  0.0, Diff:  0.0, Sum:  0.0, Workers: 10
[8.566s][debug  ][gc,phases,ref  ] GC(32)   Notify and keep alive finalizable: 0.0ms
[8.566s][debug  ][gc,phases,ref  ] GC(32)     FinalRef (ms):                 skipped
[8.566s][debug  ][gc,phases,ref  ] GC(32)   Notify PhantomReferences: 0.0ms
[8.566s][debug  ][gc,phases,ref  ] GC(32)     PhantomRef (ms):               Min:  0.0, Avg:  0.0, Max:  0.0, Diff:  0.0, Sum:  0.0, Workers: 10
[8.566s][debug  ][gc,phases,ref  ] GC(32)   SoftReference:
[8.566s][debug  ][gc,phases,ref  ] GC(32)     Discovered: 0
[8.566s][debug  ][gc,phases,ref  ] GC(32)     Cleared: 0
[8.566s][debug  ][gc,phases,ref  ] GC(32)   WeakReference:
[8.566s][debug  ][gc,phases,ref  ] GC(32)     Discovered: 67
[8.566s][debug  ][gc,phases,ref  ] GC(32)     Cleared: 67
[8.566s][debug  ][gc,phases,ref  ] GC(32)   FinalReference:
[8.566s][debug  ][gc,phases,ref  ] GC(32)     Discovered: 0
[8.566s][debug  ][gc,phases,ref  ] GC(32)     Cleared: 0
[8.566s][debug  ][gc,phases,ref  ] GC(32)   PhantomReference:
[8.566s][debug  ][gc,phases,ref  ] GC(32)     Discovered: 5
[8.566s][debug  ][gc,phases,ref  ] GC(32)     Cleared: 5
[8.566s][debug  ][gc,phases      ] GC(32) Reference Processing 0.575ms
[8.566s][debug  ][gc,phases,start] GC(32) Weak Processing
[8.566s][debug  ][gc,phases      ] GC(32)   VM Weak                        Min:  0.0, Avg:  0.0, Max:  0.0, Diff:  0.0, Sum:  0.0, Workers: 6
[8.566s][debug  ][gc,phases      ] GC(32)     Dead                           Min: 0, Avg:  0.0, Max: 0, Diff: 0, Sum: 0, Workers: 6
[8.566s][debug  ][gc,phases      ] GC(32)     Total                          Min: 0, Avg:  1.3, Max: 8, Diff: 8, Sum: 8, Workers: 6
[8.566s][debug  ][gc,phases      ] GC(32)   ObjectSynchronizer Weak        Min:  0.0, Avg:  0.0, Max:  0.0, Diff:  0.0, Sum:  0.0, Workers: 6
[8.566s][debug  ][gc,phases      ] GC(32)     Dead                           Min: 0, Avg:  0.0, Max: 0, Diff: 0, Sum: 0, Workers: 6
[8.566s][debug  ][gc,phases      ] GC(32)     Total                          Min: 0, Avg:  0.5, Max: 3, Diff: 3, Sum: 3, Workers: 6
[8.566s][debug  ][gc,phases      ] GC(32)   JVMTI Tag Weak OopStorage      Min:  0.0, Avg:  0.0, Max:  0.0, Diff:  0.0, Sum:  0.0, Workers: 6
[8.566s][debug  ][gc,phases      ] GC(32)     Dead                           Min: 0, Avg:  0.0, Max: 0, Diff: 0, Sum: 0, Workers: 6
[8.566s][debug  ][gc,phases      ] GC(32)     Total                          Min: 0, Avg:  0.0, Max: 0, Diff: 0, Sum: 0, Workers: 6
[8.566s][debug  ][gc,phases      ] GC(32)   StringTable Weak               Min:  0.0, Avg:  0.0, Max:  0.0, Diff:  0.0, Sum:  0.0, Workers: 6
[8.566s][debug  ][gc,phases      ] GC(32)     Dead                           Min: 0, Avg:  0.0, Max: 0, Diff: 0, Sum: 0, Workers: 6
[8.566s][debug  ][gc,phases      ] GC(32)     Total                          Min: 704, Avg: 892.8, Max: 1344, Diff: 640, Sum: 5357, Workers: 6
[8.566s][debug  ][gc,phases      ] GC(32)   ResolvedMethodTable Weak       Min:  0.0, Avg:  0.0, Max:  0.0, Diff:  0.0, Sum:  0.0, Workers: 6
[8.566s][debug  ][gc,phases      ] GC(32)     Dead                           Min: 0, Avg:  0.0, Max: 0, Diff: 0, Sum: 0, Workers: 6
[8.566s][debug  ][gc,phases      ] GC(32)     Total                          Min: 0, Avg: 21.7, Max: 64, Diff: 64, Sum: 130, Workers: 6
[8.566s][debug  ][gc,phases      ] GC(32)   JNI Weak                       Min:  0.0, Avg:  0.0, Max:  0.0, Diff:  0.0, Sum:  0.0, Workers: 6
[8.566s][debug  ][gc,phases      ] GC(32)     Dead                           Min: 0, Avg:  0.0, Max: 0, Diff: 0, Sum: 0, Workers: 6
[8.566s][debug  ][gc,phases      ] GC(32)     Total                          Min: 0, Avg:  0.0, Max: 0, Diff: 0, Sum: 0, Workers: 6
[8.566s][debug  ][gc,phases      ] GC(32)   StringDedup Table Weak         Min:  0.0, Avg:  0.0, Max:  0.0, Diff:  0.0, Sum:  0.0, Workers: 6
[8.567s][debug  ][gc,phases      ] GC(32)     Dead                           Min: 0, Avg:  0.0, Max: 0, Diff: 0, Sum: 0, Workers: 6
[8.567s][debug  ][gc,phases      ] GC(32)     Total                          Min: 0, Avg:  0.0, Max: 0, Diff: 0, Sum: 0, Workers: 6
[8.567s][debug  ][gc,phases      ] GC(32)   StringDedup Requests0 Weak     Min:  0.0, Avg:  0.0, Max:  0.0, Diff:  0.0, Sum:  0.0, Workers: 6
[8.567s][debug  ][gc,phases      ] GC(32)     Dead                           Min: 0, Avg:  0.0, Max: 0, Diff: 0, Sum: 0, Workers: 6
[8.567s][debug  ][gc,phases      ] GC(32)     Total                          Min: 0, Avg:  0.0, Max: 0, Diff: 0, Sum: 0, Workers: 6
[8.567s][debug  ][gc,phases      ] GC(32)   StringDedup Requests1 Weak     Min:  0.0, Avg:  0.0, Max:  0.0, Diff:  0.0, Sum:  0.0, Workers: 6
[8.567s][debug  ][gc,phases      ] GC(32)     Dead                           Min: 0, Avg:  0.0, Max: 0, Diff: 0, Sum: 0, Workers: 6
[8.567s][debug  ][gc,phases      ] GC(32)     Total                          Min: 0, Avg:  0.0, Max: 0, Diff: 0, Sum: 0, Workers: 6
[8.567s][debug  ][gc,phases      ] GC(32)   Weak JFR Old Object Samples    Min:  0.0, Avg:  0.0, Max:  0.0, Diff:  0.0, Sum:  0.0, Workers: 6
[8.567s][debug  ][gc,phases      ] GC(32)     Dead                           Min: 0, Avg:  0.0, Max: 0, Diff: 0, Sum: 0, Workers: 6
[8.567s][debug  ][gc,phases      ] GC(32)     Total                          Min: 0, Avg:  0.0, Max: 0, Diff: 0, Sum: 0, Workers: 6
[8.567s][debug  ][gc,phases      ] GC(32) Weak Processing 0.651ms
[8.567s][debug  ][gc,phases,start] GC(32) Class Unloading
[8.567s][debug  ][gc,phases,start] GC(32) ClassLoaderData
[8.567s][debug  ][gc,phases      ] GC(32) ClassLoaderData 0.019ms
[8.567s][debug  ][gc,phases,start] GC(32) Trigger cleanups
[8.567s][debug  ][gc,phases      ] GC(32) Trigger cleanups 0.018ms
[8.567s][debug  ][gc,phases      ] GC(32) Class Unloading 0.246ms
[8.567s][info   ][gc,phases      ] GC(32) Marking Phase 2.053ms
[8.567s][info   ][gc,phases,start] GC(32) Summary Phase
[8.567s][info   ][gc,phases      ] GC(32) Summary Phase 0.029ms
[8.567s][info   ][gc,phases,start] GC(32) Adjust Roots
[8.567s][info   ][gc,phases      ] GC(32) Adjust Roots 0.172ms
[8.567s][info   ][gc,phases,start] GC(32) Compaction Phase
[8.571s][info   ][gc,phases      ] GC(32) Compaction Phase 3.610ms
[8.571s][info   ][gc,phases,start] GC(32) Post Compact
[8.574s][info   ][gc,phases      ] GC(32) Post Compact 2.658ms
[8.574s][debug  ][gc,ergo        ] GC(32) AdaptiveSizeStart: collection: 33 
[8.574s][debug  ][gc,ergo        ] GC(32) PSAdaptiveSizePolicy::compute_eden_space_size limits: desired_eden_size: 244534721 old_eden_size: 202375168 eden_limit: 202375168 cur_eden: 202375168 max_eden_size: 202375168 avg_young_live: 24061368
[8.574s][debug  ][gc,ergo        ] GC(32) PSAdaptiveSizePolicy::compute_eden_space_size: costs minor_time: 0.049514 major_cost: 0.021913 mutator_cost: 0.928573 throughput_goal: 0.990000
[8.574s][debug  ][gc,ergo        ] GC(32) Live_space: 748792512 free_space: 844627968
[8.574s][debug  ][gc,ergo        ] GC(32) Old eden_size: 202375168 desired_eden_size: 202375168
[8.574s][debug  ][gc,ergo        ] GC(32) PSAdaptiveSizePolicy::compute_old_gen_free_space: costs minor_time: 0.049514 major_cost: 0.021913  mutator_cost: 0.928573 throughput_goal: 0.990000
[8.574s][debug  ][gc,ergo        ] GC(32) Live_space: 818659648 free_space: 844627968
[8.574s][debug  ][gc,ergo        ] GC(32) Old promo_size: 642252800 desired_promo_size: 721420288
[8.576s][debug  ][gc             ] GC(32) Expanding ParOldGen from 1008640K by 810496K to 1819136K
[8.576s][debug  ][gc,ergo        ] GC(32) AdaptiveSizeStop: collection: 33 
[8.576s][info   ][gc,heap        ] GC(32) PSYoungGen: 30720K(229888K)->0K(229888K) Eden: 0K(197632K)->0K(197632K) From: 30720K(32256K)->0K(32256K)
[8.576s][info   ][gc,heap        ] GC(32) ParOldGen: 841316K(1008640K)->872036K(1819136K)
[8.576s][info   ][gc,metaspace   ] GC(32) Metaspace: 1019K(1152K)->1019K(1152K) NonClass: 935K(960K)->935K(960K) Class: 83K(192K)->83K(192K)
[8.576s][info   ][gc             ] GC(32) Pause Full (Ergonomics) 851M->851M(2001M) 10.721ms
[8.576s][info   ][gc,cpu         ] GC(32) User=0.00s Sys=0.02s Real=0.01s
[8.576s][debug  ][gc,heap        ] GC(32) Heap after GC invocations=33 (full 6):
[8.576s][debug  ][gc,heap        ] GC(32)  PSYoungGen      total 229888K, used 0K [0x00000000f0000000, 0x0000000100000000, 0x0000000100000000)
[8.576s][debug  ][gc,heap        ] GC(32)   eden space 197632K, 0% used [0x00000000f0000000,0x00000000f0000000,0x00000000fc100000)
[8.576s][debug  ][gc,heap        ] GC(32)   from space 32256K, 0% used [0x00000000fc100000,0x00000000fc100000,0x00000000fe080000)
[8.576s][debug  ][gc,heap        ] GC(32)   to   space 32256K, 0% used [0x00000000fe080000,0x00000000fe080000,0x0000000100000000)
[8.576s][debug  ][gc,heap        ] GC(32)  ParOldGen       total 1819136K, used 872036K [0x0000000080000000, 0x00000000ef080000, 0x00000000f0000000)
[8.576s][debug  ][gc,heap        ] GC(32)   object space 1819136K, 47% used [0x0000000080000000,0x00000000b53991d8,0x00000000ef080000)
[8.576s][debug  ][gc,heap        ] GC(32)  Metaspace       used 1019K, committed 1152K, reserved 1056768K
[8.576s][debug  ][gc,heap        ] GC(32)   class space    used 83K, committed 192K, reserved 1048576K
[8.576s][debug  ][gc,task,time   ] GC(32) VM-Thread 85649627 85673078 85757138
[8.865s][debug  ][gc,heap        ] GC(33) Heap before GC invocations=34 (full 6):
[8.865s][debug  ][gc,heap        ] GC(33)  PSYoungGen      total 229888K, used 188167K [0x00000000f0000000, 0x0000000100000000, 0x0000000100000000)
[8.865s][debug  ][gc,heap        ] GC(33)   eden space 197632K, 95% used [0x00000000f0000000,0x00000000fb7c1de0,0x00000000fc100000)
[8.865s][debug  ][gc,heap        ] GC(33)   from space 32256K, 0% used [0x00000000fc100000,0x00000000fc100000,0x00000000fe080000)
[8.865s][debug  ][gc,heap        ] GC(33)   to   space 32256K, 0% used [0x00000000fe080000,0x00000000fe080000,0x0000000100000000)
[8.865s][debug  ][gc,heap        ] GC(33)  ParOldGen       total 1819136K, used 872036K [0x0000000080000000, 0x00000000ef080000, 0x00000000f0000000)
[8.865s][debug  ][gc,heap        ] GC(33)   object space 1819136K, 47% used [0x0000000080000000,0x00000000b53991d8,0x00000000ef080000)
[8.865s][debug  ][gc,heap        ] GC(33)  Metaspace       used 1019K, committed 1152K, reserved 1056768K
[8.865s][debug  ][gc,heap        ] GC(33)   class space    used 83K, committed 192K, reserved 1048576K
[8.865s][debug  ][gc,tlab        ] GC(33) TLAB totals: thrds: 1  refills: 1 max: 1 slow allocs: 17 max 17 waste: 27.3% gc: 3938352B max: 3938352B slow: 0B max: 0B
[8.865s][info   ][gc,start       ] GC(33) Pause Young (Allocation Failure)
[8.865s][debug  ][gc,phases,start] GC(33) Scavenge
[8.869s][debug  ][gc,phases      ] GC(33) Scavenge 3.350ms
[8.869s][debug  ][gc,phases,start] GC(33) Reference Processing
[8.869s][debug  ][gc,ref         ] GC(33) Skipped phase 1 of Reference Processing: no references
[8.869s][debug  ][gc,ref         ] GC(33) Skipped phase 2 of Reference Processing: no references
[8.869s][debug  ][gc,ref         ] GC(33) Skipped phase 3 of Reference Processing: no references
[8.869s][debug  ][gc,ref         ] GC(33) Skipped phase 4 of Reference Processing: no references
[8.869s][debug  ][gc,phases,ref  ] GC(33) Reference Processing: 0.1ms
[8.869s][debug  ][gc,phases,ref  ] GC(33)   Reconsider SoftReferences: 0.0ms
[8.869s][debug  ][gc,phases,ref  ] GC(33)     SoftRef (ms):                  skipped
[8.869s][debug  ][gc,phases,ref  ] GC(33)   Notify Soft/WeakReferences: 0.0ms
[8.869s][debug  ][gc,phases,ref  ] GC(33)     SoftRef (ms):                  skipped
[8.869s][debug  ][gc,phases,ref  ] GC(33)     WeakRef (ms):                  skipped
[8.869s][debug  ][gc,phases,ref  ] GC(33)     FinalRef (ms):                 skipped
[8.869s][debug  ][gc,phases,ref  ] GC(33)     Total (ms):                    skipped
[8.869s][debug  ][gc,phases,ref  ] GC(33)   Notify and keep alive finalizable: 0.0ms
[8.869s][debug  ][gc,phases,ref  ] GC(33)     FinalRef (ms):                 skipped
[8.869s][debug  ][gc,phases,ref  ] GC(33)   Notify PhantomReferences: 0.0ms
[8.869s][debug  ][gc,phases,ref  ] GC(33)     PhantomRef (ms):               skipped
[8.869s][debug  ][gc,phases,ref  ] GC(33)   SoftReference:
[8.869s][debug  ][gc,phases,ref  ] GC(33)     Discovered: 0
[8.869s][debug  ][gc,phases,ref  ] GC(33)     Cleared: 0
[8.869s][debug  ][gc,phases,ref  ] GC(33)   WeakReference:
[8.869s][debug  ][gc,phases,ref  ] GC(33)     Discovered: 0
[8.869s][debug  ][gc,phases,ref  ] GC(33)     Cleared: 0
[8.869s][debug  ][gc,phases,ref  ] GC(33)   FinalReference:
[8.869s][debug  ][gc,phases,ref  ] GC(33)     Discovered: 0
[8.869s][debug  ][gc,phases,ref  ] GC(33)     Cleared: 0
[8.869s][debug  ][gc,phases,ref  ] GC(33)   PhantomReference:
[8.869s][debug  ][gc,phases,ref  ] GC(33)     Discovered: 0
[8.869s][debug  ][gc,phases,ref  ] GC(33)     Cleared: 0
[8.869s][debug  ][gc,phases      ] GC(33) Reference Processing 0.823ms
[8.869s][debug  ][gc,phases,start] GC(33) Weak Processing
[8.870s][debug  ][gc,phases      ] GC(33)   VM Weak                        Min:  0.0, Avg:  0.0, Max:  0.0, Diff:  0.0, Sum:  0.0, Workers: 6
[8.870s][debug  ][gc,phases      ] GC(33)     Dead                           Min: 0, Avg:  0.0, Max: 0, Diff: 0, Sum: 0, Workers: 6
[8.870s][debug  ][gc,phases      ] GC(33)     Total                          Min: 0, Avg:  1.3, Max: 8, Diff: 8, Sum: 8, Workers: 6
[8.870s][debug  ][gc,phases      ] GC(33)   ObjectSynchronizer Weak        Min:  0.0, Avg:  0.0, Max:  0.0, Diff:  0.0, Sum:  0.0, Workers: 6
[8.870s][debug  ][gc,phases      ] GC(33)     Dead                           Min: 0, Avg:  0.0, Max: 0, Diff: 0, Sum: 0, Workers: 6
[8.870s][debug  ][gc,phases      ] GC(33)     Total                          Min: 0, Avg:  0.5, Max: 3, Diff: 3, Sum: 3, Workers: 6
[8.870s][debug  ][gc,phases      ] GC(33)   JVMTI Tag Weak OopStorage      Min:  0.0, Avg:  0.0, Max:  0.0, Diff:  0.0, Sum:  0.0, Workers: 6
[8.870s][debug  ][gc,phases      ] GC(33)     Dead                           Min: 0, Avg:  0.0, Max: 0, Diff: 0, Sum: 0, Workers: 6
[8.870s][debug  ][gc,phases      ] GC(33)     Total                          Min: 0, Avg:  0.0, Max: 0, Diff: 0, Sum: 0, Workers: 6
[8.870s][debug  ][gc,phases      ] GC(33)   StringTable Weak               Min:  0.0, Avg:  0.0, Max:  0.0, Diff:  0.0, Sum:  0.0, Workers: 6
[8.870s][debug  ][gc,phases      ] GC(33)     Dead                           Min: 0, Avg:  0.0, Max: 0, Diff: 0, Sum: 0, Workers: 6
[8.870s][debug  ][gc,phases      ] GC(33)     Total                          Min: 639, Avg: 892.8, Max: 1134, Diff: 495, Sum: 5357, Workers: 6
[8.870s][debug  ][gc,phases      ] GC(33)   ResolvedMethodTable Weak       Min:  0.0, Avg:  0.0, Max:  0.0, Diff:  0.0, Sum:  0.0, Workers: 6
[8.870s][debug  ][gc,phases      ] GC(33)     Dead                           Min: 0, Avg:  0.0, Max: 0, Diff: 0, Sum: 0, Workers: 6
[8.870s][debug  ][gc,phases      ] GC(33)     Total                          Min: 0, Avg: 21.7, Max: 64, Diff: 64, Sum: 130, Workers: 6
[8.870s][debug  ][gc,phases      ] GC(33)   JNI Weak                       Min:  0.0, Avg:  0.0, Max:  0.0, Diff:  0.0, Sum:  0.0, Workers: 6
[8.870s][debug  ][gc,phases      ] GC(33)     Dead                           Min: 0, Avg:  0.0, Max: 0, Diff: 0, Sum: 0, Workers: 6
[8.870s][debug  ][gc,phases      ] GC(33)     Total                          Min: 0, Avg:  0.0, Max: 0, Diff: 0, Sum: 0, Workers: 6
[8.870s][debug  ][gc,phases      ] GC(33)   StringDedup Table Weak         Min:  0.0, Avg:  0.0, Max:  0.0, Diff:  0.0, Sum:  0.0, Workers: 6
[8.870s][debug  ][gc,phases      ] GC(33)     Dead                           Min: 0, Avg:  0.0, Max: 0, Diff: 0, Sum: 0, Workers: 6
[8.870s][debug  ][gc,phases      ] GC(33)     Total                          Min: 0, Avg:  0.0, Max: 0, Diff: 0, Sum: 0, Workers: 6
[8.870s][debug  ][gc,phases      ] GC(33)   StringDedup Requests0 Weak     Min:  0.0, Avg:  0.0, Max:  0.0, Diff:  0.0, Sum:  0.0, Workers: 6
[8.870s][debug  ][gc,phases      ] GC(33)     Dead                           Min: 0, Avg:  0.0, Max: 0, Diff: 0, Sum: 0, Workers: 6
[8.870s][debug  ][gc,phases      ] GC(33)     Total                          Min: 0, Avg:  0.0, Max: 0, Diff: 0, Sum: 0, Workers: 6
[8.870s][debug  ][gc,phases      ] GC(33)   StringDedup Requests1 Weak     Min:  0.0, Avg:  0.0, Max:  0.0, Diff:  0.0, Sum:  0.0, Workers: 6
[8.870s][debug  ][gc,phases      ] GC(33)     Dead                           Min: 0, Avg:  0.0, Max: 0, Diff: 0, Sum: 0, Workers: 6
[8.870s][debug  ][gc,phases      ] GC(33)     Total                          Min: 0, Avg:  0.0, Max: 0, Diff: 0, Sum: 0, Workers: 6
[8.870s][debug  ][gc,phases      ] GC(33)   Weak JFR Old Object Samples    Min:  0.0, Avg:  0.0, Max:  0.0, Diff:  0.0, Sum:  0.0, Workers: 6
[8.870s][debug  ][gc,phases      ] GC(33)     Dead                           Min: 0, Avg:  0.0, Max: 0, Diff: 0, Sum: 0, Workers: 6
[8.870s][debug  ][gc,phases      ] GC(33)     Total                          Min: 0, Avg:  0.0, Max: 0, Diff: 0, Sum: 0, Workers: 6
[8.870s][debug  ][gc,phases      ] GC(33) Weak Processing 0.813ms
[8.870s][debug  ][gc,ergo        ] GC(33) AdaptiveSizeStart:  collection: 34 
[8.870s][debug  ][gc,ergo        ] GC(33) avg_survived_padded_avg: 32596876.000000
[8.870s][debug  ][gc,ergo        ] GC(33) avg_promoted_padded_avg: 231568352.000000  avg_pretenured_padded_avg: 0.000000  tenuring_thresh: 1  target_size: 33030144
[8.870s][debug  ][gc,age         ] GC(33) Desired survivor size 33030144 bytes, new threshold 1 (max threshold 15)
[8.870s][debug  ][gc,ergo        ] GC(33) PSAdaptiveSizePolicy::compute_eden_space_size limits: desired_eden_size: 242113221 old_eden_size: 202375168 eden_limit: 202375168 cur_eden: 202375168 max_eden_size: 202375168 avg_young_live: 24800964
[8.870s][debug  ][gc,ergo        ] GC(33) PSAdaptiveSizePolicy::compute_eden_space_size: costs minor_time: 0.041309 major_cost: 0.021913 mutator_cost: 0.936779 throughput_goal: 0.990000
[8.870s][debug  ][gc,ergo        ] GC(33) Live_space: 819399232 free_space: 923795456
[8.870s][debug  ][gc,ergo        ] GC(33) Old eden_size: 202375168 desired_eden_size: 202375168
[8.871s][debug  ][gc,ergo        ] GC(33) AdaptiveSizeStop: collection: 34 
[8.871s][info   ][gc,heap        ] GC(33) PSYoungGen: 188167K(229888K)->30720K(229888K) Eden: 188167K(197632K)->0K(197632K) From: 0K(32256K)->30720K(32256K)
[8.871s][info   ][gc,heap        ] GC(33) ParOldGen: 872036K(1819136K)->872036K(1819136K)
[8.871s][info   ][gc,metaspace   ] GC(33) Metaspace: 1019K(1152K)->1019K(1152K) NonClass: 935K(960K)->935K(960K) Class: 83K(192K)->83K(192K)
[8.871s][info   ][gc             ] GC(33) Pause Young (Allocation Failure) 1035M->881M(2001M) 5.471ms
[8.871s][info   ][gc,cpu         ] GC(33) User=0.00s Sys=0.02s Real=0.01s
[8.871s][debug  ][gc,heap        ] GC(33) Heap after GC invocations=34 (full 6):
[8.871s][debug  ][gc,heap        ] GC(33)  PSYoungGen      total 229888K, used 30720K [0x00000000f0000000, 0x0000000100000000, 0x0000000100000000)
[8.871s][debug  ][gc,heap        ] GC(33)   eden space 197632K, 0% used [0x00000000f0000000,0x00000000f0000000,0x00000000fc100000)
[8.871s][debug  ][gc,heap        ] GC(33)   from space 32256K, 95% used [0x00000000fe080000,0x00000000ffe80030,0x0000000100000000)
[8.871s][debug  ][gc,heap        ] GC(33)   to   space 32256K, 0% used [0x00000000fc100000,0x00000000fc100000,0x00000000fe080000)
[8.871s][debug  ][gc,heap        ] GC(33)  ParOldGen       total 1819136K, used 872036K [0x0000000080000000, 0x00000000ef080000, 0x00000000f0000000)
[8.871s][debug  ][gc,heap        ] GC(33)   object space 1819136K, 47% used [0x0000000080000000,0x00000000b53991d8,0x00000000ef080000)
[8.871s][debug  ][gc,heap        ] GC(33)  Metaspace       used 1019K, committed 1152K, reserved 1056768K
[8.871s][debug  ][gc,heap        ] GC(33)   class space    used 83K, committed 192K, reserved 1048576K
[8.871s][debug  ][gc,task,time   ] GC(33) VM-Thread 88647450 88686335 88708937
[9.150s][debug  ][gc,heap        ] GC(34) Heap before GC invocations=35 (full 6):
[9.150s][debug  ][gc,heap        ] GC(34)  PSYoungGen      total 229888K, used 218820K [0x00000000f0000000, 0x0000000100000000, 0x0000000100000000)
[9.150s][debug  ][gc,heap        ] GC(34)   eden space 197632K, 95% used [0x00000000f0000000,0x00000000fb7b1338,0x00000000fc100000)
[9.150s][debug  ][gc,heap        ] GC(34)   from space 32256K, 95% used [0x00000000fe080000,0x00000000ffe80030,0x0000000100000000)
[9.150s][debug  ][gc,heap        ] GC(34)   to   space 32256K, 0% used [0x00000000fc100000,0x00000000fc100000,0x00000000fe080000)
[9.150s][debug  ][gc,heap        ] GC(34)  ParOldGen       total 1819136K, used 872036K [0x0000000080000000, 0x00000000ef080000, 0x00000000f0000000)
[9.150s][debug  ][gc,heap        ] GC(34)   object space 1819136K, 47% used [0x0000000080000000,0x00000000b53991d8,0x00000000ef080000)
[9.150s][debug  ][gc,heap        ] GC(34)  Metaspace       used 1019K, committed 1152K, reserved 1056768K
[9.150s][debug  ][gc,heap        ] GC(34)   class space    used 83K, committed 192K, reserved 1048576K
[9.150s][debug  ][gc,tlab        ] GC(34) TLAB totals: thrds: 1  refills: 1 max: 1 slow allocs: 17 max 17 waste: 27.0% gc: 3871256B max: 3871256B slow: 0B max: 0B
[9.150s][info   ][gc,start       ] GC(34) Pause Young (Allocation Failure)
[9.150s][debug  ][gc,phases,start] GC(34) Scavenge
[9.168s][debug  ][gc,phases      ] GC(34) Scavenge 17.959ms
[9.168s][debug  ][gc,phases,start] GC(34) Reference Processing
[9.168s][debug  ][gc,ref         ] GC(34) Skipped phase 1 of Reference Processing: no references
[9.168s][debug  ][gc,ref         ] GC(34) Skipped phase 2 of Reference Processing: no references
[9.168s][debug  ][gc,ref         ] GC(34) Skipped phase 3 of Reference Processing: no references
[9.168s][debug  ][gc,ref         ] GC(34) Skipped phase 4 of Reference Processing: no references
[9.168s][debug  ][gc,phases,ref  ] GC(34) Reference Processing: 0.1ms
[9.168s][debug  ][gc,phases,ref  ] GC(34)   Reconsider SoftReferences: 0.0ms
[9.168s][debug  ][gc,phases,ref  ] GC(34)     SoftRef (ms):                  skipped
[9.168s][debug  ][gc,phases,ref  ] GC(34)   Notify Soft/WeakReferences: 0.0ms
[9.169s][debug  ][gc,phases,ref  ] GC(34)     SoftRef (ms):                  skipped
[9.169s][debug  ][gc,phases,ref  ] GC(34)     WeakRef (ms):                  skipped
[9.169s][debug  ][gc,phases,ref  ] GC(34)     FinalRef (ms):                 skipped
[9.169s][debug  ][gc,phases,ref  ] GC(34)     Total (ms):                    skipped
[9.169s][debug  ][gc,phases,ref  ] GC(34)   Notify and keep alive finalizable: 0.0ms
[9.169s][debug  ][gc,phases,ref  ] GC(34)     FinalRef (ms):                 skipped
[9.169s][debug  ][gc,phases,ref  ] GC(34)   Notify PhantomReferences: 0.0ms
[9.169s][debug  ][gc,phases,ref  ] GC(34)     PhantomRef (ms):               skipped
[9.169s][debug  ][gc,phases,ref  ] GC(34)   SoftReference:
[9.169s][debug  ][gc,phases,ref  ] GC(34)     Discovered: 0
[9.169s][debug  ][gc,phases,ref  ] GC(34)     Cleared: 0
[9.169s][debug  ][gc,phases,ref  ] GC(34)   WeakReference:
[9.169s][debug  ][gc,phases,ref  ] GC(34)     Discovered: 0
[9.169s][debug  ][gc,phases,ref  ] GC(34)     Cleared: 0
[9.169s][debug  ][gc,phases,ref  ] GC(34)   FinalReference:
[9.169s][debug  ][gc,phases,ref  ] GC(34)     Discovered: 0
[9.169s][debug  ][gc,phases,ref  ] GC(34)     Cleared: 0
[9.169s][debug  ][gc,phases,ref  ] GC(34)   PhantomReference:
[9.169s][debug  ][gc,phases,ref  ] GC(34)     Discovered: 0
[9.169s][debug  ][gc,phases,ref  ] GC(34)     Cleared: 0
[9.169s][debug  ][gc,phases      ] GC(34) Reference Processing 0.619ms
[9.169s][debug  ][gc,phases,start] GC(34) Weak Processing
[9.169s][debug  ][gc,phases      ] GC(34)   VM Weak                        Min:  0.0, Avg:  0.0, Max:  0.0, Diff:  0.0, Sum:  0.0, Workers: 6
[9.169s][debug  ][gc,phases      ] GC(34)     Dead                           Min: 0, Avg:  0.0, Max: 0, Diff: 0, Sum: 0, Workers: 6
[9.169s][debug  ][gc,phases      ] GC(34)     Total                          Min: 0, Avg:  1.3, Max: 8, Diff: 8, Sum: 8, Workers: 6
[9.169s][debug  ][gc,phases      ] GC(34)   ObjectSynchronizer Weak        Min:  0.0, Avg:  0.0, Max:  0.0, Diff:  0.0, Sum:  0.0, Workers: 6
[9.169s][debug  ][gc,phases      ] GC(34)     Dead                           Min: 0, Avg:  0.0, Max: 0, Diff: 0, Sum: 0, Workers: 6
[9.169s][debug  ][gc,phases      ] GC(34)     Total                          Min: 0, Avg:  0.5, Max: 3, Diff: 3, Sum: 3, Workers: 6
[9.169s][debug  ][gc,phases      ] GC(34)   JVMTI Tag Weak OopStorage      Min:  0.0, Avg:  0.0, Max:  0.0, Diff:  0.0, Sum:  0.0, Workers: 6
[9.169s][debug  ][gc,phases      ] GC(34)     Dead                           Min: 0, Avg:  0.0, Max: 0, Diff: 0, Sum: 0, Workers: 6
[9.169s][debug  ][gc,phases      ] GC(34)     Total                          Min: 0, Avg:  0.0, Max: 0, Diff: 0, Sum: 0, Workers: 6
[9.169s][debug  ][gc,phases      ] GC(34)   StringTable Weak               Min:  0.0, Avg:  0.0, Max:  0.0, Diff:  0.0, Sum:  0.0, Workers: 6
[9.169s][debug  ][gc,phases      ] GC(34)     Dead                           Min: 0, Avg:  0.0, Max: 0, Diff: 0, Sum: 0, Workers: 6
[9.169s][debug  ][gc,phases      ] GC(34)     Total                          Min: 768, Avg: 892.8, Max: 1069, Diff: 301, Sum: 5357, Workers: 6
[9.169s][debug  ][gc,phases      ] GC(34)   ResolvedMethodTable Weak       Min:  0.0, Avg:  0.0, Max:  0.0, Diff:  0.0, Sum:  0.0, Workers: 6
[9.169s][debug  ][gc,phases      ] GC(34)     Dead                           Min: 0, Avg:  0.0, Max: 0, Diff: 0, Sum: 0, Workers: 6
[9.169s][debug  ][gc,phases      ] GC(34)     Total                          Min: 0, Avg: 21.7, Max: 64, Diff: 64, Sum: 130, Workers: 6
[9.169s][debug  ][gc,phases      ] GC(34)   JNI Weak                       Min:  0.0, Avg:  0.0, Max:  0.0, Diff:  0.0, Sum:  0.0, Workers: 6
[9.169s][debug  ][gc,phases      ] GC(34)     Dead                           Min: 0, Avg:  0.0, Max: 0, Diff: 0, Sum: 0, Workers: 6
[9.169s][debug  ][gc,phases      ] GC(34)     Total                          Min: 0, Avg:  0.0, Max: 0, Diff: 0, Sum: 0, Workers: 6
[9.169s][debug  ][gc,phases      ] GC(34)   StringDedup Table Weak         Min:  0.0, Avg:  0.0, Max:  0.0, Diff:  0.0, Sum:  0.0, Workers: 6
[9.169s][debug  ][gc,phases      ] GC(34)     Dead                           Min: 0, Avg:  0.0, Max: 0, Diff: 0, Sum: 0, Workers: 6
[9.169s][debug  ][gc,phases      ] GC(34)     Total                          Min: 0, Avg:  0.0, Max: 0, Diff: 0, Sum: 0, Workers: 6
[9.169s][debug  ][gc,phases      ] GC(34)   StringDedup Requests0 Weak     Min:  0.0, Avg:  0.0, Max:  0.0, Diff:  0.0, Sum:  0.0, Workers: 6
[9.169s][debug  ][gc,phases      ] GC(34)     Dead                           Min: 0, Avg:  0.0, Max: 0, Diff: 0, Sum: 0, Workers: 6
[9.170s][debug  ][gc,phases      ] GC(34)     Total                          Min: 0, Avg:  0.0, Max: 0, Diff: 0, Sum: 0, Workers: 6
[9.170s][debug  ][gc,phases      ] GC(34)   StringDedup Requests1 Weak     Min:  0.0, Avg:  0.0, Max:  0.0, Diff:  0.0, Sum:  0.0, Workers: 6
[9.170s][debug  ][gc,phases      ] GC(34)     Dead                           Min: 0, Avg:  0.0, Max: 0, Diff: 0, Sum: 0, Workers: 6
[9.170s][debug  ][gc,phases      ] GC(34)     Total                          Min: 0, Avg:  0.0, Max: 0, Diff: 0, Sum: 0, Workers: 6
[9.170s][debug  ][gc,phases      ] GC(34)   Weak JFR Old Object Samples    Min:  0.0, Avg:  0.0, Max:  0.0, Diff:  0.0, Sum:  0.0, Workers: 6
[9.170s][debug  ][gc,phases      ] GC(34)     Dead                           Min: 0, Avg:  0.0, Max: 0, Diff: 0, Sum: 0, Workers: 6
[9.170s][debug  ][gc,phases      ] GC(34)     Total                          Min: 0, Avg:  0.0, Max: 0, Diff: 0, Sum: 0, Workers: 6
[9.170s][debug  ][gc,phases      ] GC(34) Weak Processing 0.770ms
[9.170s][debug  ][gc,ergo        ] GC(34) AdaptiveSizeStart:  collection: 35 
[9.170s][debug  ][gc,ergo        ] GC(34) avg_survived_padded_avg: 32522500.000000
[9.170s][debug  ][gc,ergo        ] GC(34) avg_promoted_padded_avg: 237678528.000000  avg_pretenured_padded_avg: 0.000000  tenuring_thresh: 1  target_size: 33030144
[9.170s][debug  ][gc,age         ] GC(34) Desired survivor size 33030144 bytes, new threshold 1 (max threshold 15)
[9.170s][debug  ][gc,ergo        ] GC(34) PSAdaptiveSizePolicy::compute_eden_space_size limits: desired_eden_size: 243928441 old_eden_size: 202375168 eden_limit: 202375168 cur_eden: 202375168 max_eden_size: 202375168 avg_young_live: 25466600
[9.170s][debug  ][gc,ergo        ] GC(34) PSAdaptiveSizePolicy::compute_eden_space_size: costs minor_time: 0.047266 major_cost: 0.021913 mutator_cost: 0.930821 throughput_goal: 0.990000
[9.170s][debug  ][gc,ergo        ] GC(34) Live_space: 820064896 free_space: 923795456
[9.170s][debug  ][gc,ergo        ] GC(34) Old eden_size: 202375168 desired_eden_size: 202375168
[9.170s][debug  ][gc,ergo        ] GC(34) AdaptiveSizeStop: collection: 35 
[9.170s][info   ][gc,heap        ] GC(34) PSYoungGen: 218820K(229888K)->30720K(229888K) Eden: 188100K(197632K)->0K(197632K) From: 30720K(32256K)->30720K(32256K)
[9.170s][info   ][gc,heap        ] GC(34) ParOldGen: 872036K(1819136K)->1056356K(1819136K)
[9.170s][info   ][gc,metaspace   ] GC(34) Metaspace: 1019K(1152K)->1019K(1152K) NonClass: 935K(960K)->935K(960K) Class: 83K(192K)->83K(192K)
[9.170s][info   ][gc             ] GC(34) Pause Young (Allocation Failure) 1065M->1061M(2001M) 19.883ms
[9.170s][info   ][gc,cpu         ] GC(34) User=0.16s Sys=0.05s Real=0.02s
[9.170s][debug  ][gc,heap        ] GC(34) Heap after GC invocations=35 (full 6):
[9.170s][debug  ][gc,heap        ] GC(34)  PSYoungGen      total 229888K, used 30720K [0x00000000f0000000, 0x0000000100000000, 0x0000000100000000)
[9.170s][debug  ][gc,heap        ] GC(34)   eden space 197632K, 0% used [0x00000000f0000000,0x00000000f0000000,0x00000000fc100000)
[9.170s][debug  ][gc,heap        ] GC(34)   from space 32256K, 95% used [0x00000000fc100000,0x00000000fdf00030,0x00000000fe080000)
[9.170s][debug  ][gc,heap        ] GC(34)   to   space 32256K, 0% used [0x00000000fe080000,0x00000000fe080000,0x0000000100000000)
[9.170s][debug  ][gc,heap        ] GC(34)  ParOldGen       total 1819136K, used 1056356K [0x0000000080000000, 0x00000000ef080000, 0x00000000f0000000)
[9.170s][debug  ][gc,heap        ] GC(34)   object space 1819136K, 58% used [0x0000000080000000,0x00000000c07992f8,0x00000000ef080000)
[9.170s][debug  ][gc,heap        ] GC(34)  Metaspace       used 1019K, committed 1152K, reserved 1056768K
[9.170s][debug  ][gc,heap        ] GC(34)   class space    used 83K, committed 192K, reserved 1048576K
[9.170s][debug  ][gc,task,time   ] GC(34) VM-Thread 91497454 91682675 91703058
[9.449s][debug  ][gc,heap        ] GC(35) Heap before GC invocations=36 (full 6):
[9.449s][debug  ][gc,heap        ] GC(35)  PSYoungGen      total 229888K, used 218853K [0x00000000f0000000, 0x0000000100000000, 0x0000000100000000)
[9.449s][debug  ][gc,heap        ] GC(35)   eden space 197632K, 95% used [0x00000000f0000000,0x00000000fb7b9500,0x00000000fc100000)
[9.449s][debug  ][gc,heap        ] GC(35)   from space 32256K, 95% used [0x00000000fc100000,0x00000000fdf00030,0x00000000fe080000)
[9.449s][debug  ][gc,heap        ] GC(35)   to   space 32256K, 0% used [0x00000000fe080000,0x00000000fe080000,0x0000000100000000)
[9.449s][debug  ][gc,heap        ] GC(35)  ParOldGen       total 1819136K, used 1056356K [0x0000000080000000, 0x00000000ef080000, 0x00000000f0000000)
[9.449s][debug  ][gc,heap        ] GC(35)   object space 1819136K, 58% used [0x0000000080000000,0x00000000c07992f8,0x00000000ef080000)
[9.449s][debug  ][gc,heap        ] GC(35)  Metaspace       used 1019K, committed 1152K, reserved 1056768K
[9.449s][debug  ][gc,heap        ] GC(35)   class space    used 83K, committed 192K, reserved 1048576K
[9.449s][debug  ][gc,tlab        ] GC(35) TLAB totals: thrds: 1  refills: 1 max: 1 slow allocs: 17 max 17 waste: 27.1% gc: 3904480B max: 3904480B slow: 0B max: 0B
[9.449s][info   ][gc,start       ] GC(35) Pause Young (Allocation Failure)
[9.449s][debug  ][gc,phases,start] GC(35) Scavenge
[9.467s][debug  ][gc,phases      ] GC(35) Scavenge 17.749ms
[9.467s][debug  ][gc,phases,start] GC(35) Reference Processing
[9.467s][debug  ][gc,ref         ] GC(35) Skipped phase 1 of Reference Processing: no references
[9.467s][debug  ][gc,ref         ] GC(35) Skipped phase 2 of Reference Processing: no references
[9.467s][debug  ][gc,ref         ] GC(35) Skipped phase 3 of Reference Processing: no references
[9.467s][debug  ][gc,ref         ] GC(35) Skipped phase 4 of Reference Processing: no references
[9.467s][debug  ][gc,phases,ref  ] GC(35) Reference Processing: 0.1ms
[9.467s][debug  ][gc,phases,ref  ] GC(35)   Reconsider SoftReferences: 0.0ms
[9.467s][debug  ][gc,phases,ref  ] GC(35)     SoftRef (ms):                  skipped
[9.467s][debug  ][gc,phases,ref  ] GC(35)   Notify Soft/WeakReferences: 0.0ms
[9.467s][debug  ][gc,phases,ref  ] GC(35)     SoftRef (ms):                  skipped
[9.467s][debug  ][gc,phases,ref  ] GC(35)     WeakRef (ms):                  skipped
[9.467s][debug  ][gc,phases,ref  ] GC(35)     FinalRef (ms):                 skipped
[9.467s][debug  ][gc,phases,ref  ] GC(35)     Total (ms):                    skipped
[9.467s][debug  ][gc,phases,ref  ] GC(35)   Notify and keep alive finalizable: 0.0ms
[9.467s][debug  ][gc,phases,ref  ] GC(35)     FinalRef (ms):                 skipped
[9.468s][debug  ][gc,phases,ref  ] GC(35)   Notify PhantomReferences: 0.0ms
[9.468s][debug  ][gc,phases,ref  ] GC(35)     PhantomRef (ms):               skipped
[9.468s][debug  ][gc,phases,ref  ] GC(35)   SoftReference:
[9.468s][debug  ][gc,phases,ref  ] GC(35)     Discovered: 0
[9.468s][debug  ][gc,phases,ref  ] GC(35)     Cleared: 0
[9.468s][debug  ][gc,phases,ref  ] GC(35)   WeakReference:
[9.468s][debug  ][gc,phases,ref  ] GC(35)     Discovered: 0
[9.468s][debug  ][gc,phases,ref  ] GC(35)     Cleared: 0
[9.468s][debug  ][gc,phases,ref  ] GC(35)   FinalReference:
[9.468s][debug  ][gc,phases,ref  ] GC(35)     Discovered: 0
[9.468s][debug  ][gc,phases,ref  ] GC(35)     Cleared: 0
[9.468s][debug  ][gc,phases,ref  ] GC(35)   PhantomReference:
[9.468s][debug  ][gc,phases,ref  ] GC(35)     Discovered: 0
[9.468s][debug  ][gc,phases,ref  ] GC(35)     Cleared: 0
[9.468s][debug  ][gc,phases      ] GC(35) Reference Processing 0.757ms
[9.468s][debug  ][gc,phases,start] GC(35) Weak Processing
[9.468s][debug  ][gc,phases      ] GC(35)   VM Weak                        Min:  0.0, Avg:  0.0, Max:  0.0, Diff:  0.0, Sum:  0.0, Workers: 6
[9.468s][debug  ][gc,phases      ] GC(35)     Dead                           Min: 0, Avg:  0.0, Max: 0, Diff: 0, Sum: 0, Workers: 6
[9.468s][debug  ][gc,phases      ] GC(35)     Total                          Min: 0, Avg:  1.3, Max: 8, Diff: 8, Sum: 8, Workers: 6
[9.468s][debug  ][gc,phases      ] GC(35)   ObjectSynchronizer Weak        Min:  0.0, Avg:  0.0, Max:  0.0, Diff:  0.0, Sum:  0.0, Workers: 6
[9.468s][debug  ][gc,phases      ] GC(35)     Dead                           Min: 0, Avg:  0.0, Max: 0, Diff: 0, Sum: 0, Workers: 6
[9.468s][debug  ][gc,phases      ] GC(35)     Total                          Min: 0, Avg:  0.5, Max: 3, Diff: 3, Sum: 3, Workers: 6
[9.468s][debug  ][gc,phases      ] GC(35)   JVMTI Tag Weak OopStorage      Min:  0.0, Avg:  0.0, Max:  0.0, Diff:  0.0, Sum:  0.0, Workers: 6
[9.468s][debug  ][gc,phases      ] GC(35)     Dead                           Min: 0, Avg:  0.0, Max: 0, Diff: 0, Sum: 0, Workers: 6
[9.468s][debug  ][gc,phases      ] GC(35)     Total                          Min: 0, Avg:  0.0, Max: 0, Diff: 0, Sum: 0, Workers: 6
[9.468s][debug  ][gc,phases      ] GC(35)   StringTable Weak               Min:  0.0, Avg:  0.0, Max:  0.0, Diff:  0.0, Sum:  0.0, Workers: 6
[9.468s][debug  ][gc,phases      ] GC(35)     Dead                           Min: 0, Avg:  0.0, Max: 0, Diff: 0, Sum: 0, Workers: 6
[9.468s][debug  ][gc,phases      ] GC(35)     Total                          Min: 704, Avg: 892.8, Max: 1216, Diff: 512, Sum: 5357, Workers: 6
[9.468s][debug  ][gc,phases      ] GC(35)   ResolvedMethodTable Weak       Min:  0.0, Avg:  0.0, Max:  0.0, Diff:  0.0, Sum:  0.0, Workers: 6
[9.468s][debug  ][gc,phases      ] GC(35)     Dead                           Min: 0, Avg:  0.0, Max: 0, Diff: 0, Sum: 0, Workers: 6
[9.468s][debug  ][gc,phases      ] GC(35)     Total                          Min: 0, Avg: 21.7, Max: 64, Diff: 64, Sum: 130, Workers: 6
[9.468s][debug  ][gc,phases      ] GC(35)   JNI Weak                       Min:  0.0, Avg:  0.0, Max:  0.0, Diff:  0.0, Sum:  0.0, Workers: 6
[9.468s][debug  ][gc,phases      ] GC(35)     Dead                           Min: 0, Avg:  0.0, Max: 0, Diff: 0, Sum: 0, Workers: 6
[9.468s][debug  ][gc,phases      ] GC(35)     Total                          Min: 0, Avg:  0.0, Max: 0, Diff: 0, Sum: 0, Workers: 6
[9.468s][debug  ][gc,phases      ] GC(35)   StringDedup Table Weak         Min:  0.0, Avg:  0.0, Max:  0.0, Diff:  0.0, Sum:  0.0, Workers: 6
[9.468s][debug  ][gc,phases      ] GC(35)     Dead                           Min: 0, Avg:  0.0, Max: 0, Diff: 0, Sum: 0, Workers: 6
[9.468s][debug  ][gc,phases      ] GC(35)     Total                          Min: 0, Avg:  0.0, Max: 0, Diff: 0, Sum: 0, Workers: 6
[9.468s][debug  ][gc,phases      ] GC(35)   StringDedup Requests0 Weak     Min:  0.0, Avg:  0.0, Max:  0.0, Diff:  0.0, Sum:  0.0, Workers: 6
[9.468s][debug  ][gc,phases      ] GC(35)     Dead                           Min: 0, Avg:  0.0, Max: 0, Diff: 0, Sum: 0, Workers: 6
[9.468s][debug  ][gc,phases      ] GC(35)     Total                          Min: 0, Avg:  0.0, Max: 0, Diff: 0, Sum: 0, Workers: 6
[9.469s][debug  ][gc,phases      ] GC(35)   StringDedup Requests1 Weak     Min:  0.0, Avg:  0.0, Max:  0.0, Diff:  0.0, Sum:  0.0, Workers: 6
[9.469s][debug  ][gc,phases      ] GC(35)     Dead                           Min: 0, Avg:  0.0, Max: 0, Diff: 0, Sum: 0, Workers: 6
[9.469s][debug  ][gc,phases      ] GC(35)     Total                          Min: 0, Avg:  0.0, Max: 0, Diff: 0, Sum: 0, Workers: 6
[9.469s][debug  ][gc,phases      ] GC(35)   Weak JFR Old Object Samples    Min:  0.0, Avg:  0.0, Max:  0.0, Diff:  0.0, Sum:  0.0, Workers: 6
[9.469s][debug  ][gc,phases      ] GC(35)     Dead                           Min: 0, Avg:  0.0, Max: 0, Diff: 0, Sum: 0, Workers: 6
[9.469s][debug  ][gc,phases      ] GC(35)     Total                          Min: 0, Avg:  0.0, Max: 0, Diff: 0, Sum: 0, Workers: 6
[9.469s][debug  ][gc,phases      ] GC(35) Weak Processing 0.709ms
[9.469s][debug  ][gc,ergo        ] GC(35) AdaptiveSizeStart:  collection: 36 
[9.469s][debug  ][gc,ergo        ] GC(35) avg_survived_padded_avg: 32451600.000000
[9.469s][debug  ][gc,ergo        ] GC(35) avg_promoted_padded_avg: 242138432.000000  avg_pretenured_padded_avg: 0.000000  tenuring_thresh: 1  target_size: 32505856
[9.469s][debug  ][gc,age         ] GC(35) Desired survivor size 32505856 bytes, new threshold 1 (max threshold 15)
[9.469s][debug  ][gc,ergo        ] GC(35) PSAdaptiveSizePolicy::compute_eden_space_size limits: desired_eden_size: 245068600 old_eden_size: 202375168 eden_limit: 202375168 cur_eden: 202375168 max_eden_size: 202375168 avg_young_live: 26065674
[9.469s][debug  ][gc,ergo        ] GC(35) PSAdaptiveSizePolicy::compute_eden_space_size: costs minor_time: 0.051618 major_cost: 0.021913 mutator_cost: 0.926469 throughput_goal: 0.990000
[9.469s][debug  ][gc,ergo        ] GC(35) Live_space: 820663936 free_space: 923795456
[9.469s][debug  ][gc,ergo        ] GC(35) Old eden_size: 202375168 desired_eden_size: 202375168
[9.469s][debug  ][gc,ergo        ] GC(35) AdaptiveSizeStop: collection: 36 
[9.469s][info   ][gc,heap        ] GC(35) PSYoungGen: 218853K(229888K)->30720K(230400K) Eden: 188133K(197632K)->0K(198144K) From: 30720K(32256K)->30720K(32256K)
[9.469s][info   ][gc,heap        ] GC(35) ParOldGen: 1056356K(1819136K)->1240677K(1819136K)
[9.469s][info   ][gc,metaspace   ] GC(35) Metaspace: 1019K(1152K)->1019K(1152K) NonClass: 935K(960K)->935K(960K) Class: 83K(192K)->83K(192K)
[9.469s][info   ][gc             ] GC(35) Pause Young (Allocation Failure) 1245M->1241M(2001M) 19.667ms
[9.469s][info   ][gc,cpu         ] GC(35) User=0.03s Sys=0.11s Real=0.02s
[9.469s][debug  ][gc,heap        ] GC(35) Heap after GC invocations=36 (full 6):
[9.469s][debug  ][gc,heap        ] GC(35)  PSYoungGen      total 230400K, used 30720K [0x00000000f0000000, 0x0000000100000000, 0x0000000100000000)
[9.469s][debug  ][gc,heap        ] GC(35)   eden space 198144K, 0% used [0x00000000f0000000,0x00000000f0000000,0x00000000fc180000)
[9.469s][debug  ][gc,heap        ] GC(35)   from space 32256K, 95% used [0x00000000fe080000,0x00000000ffe80030,0x0000000100000000)
[9.469s][debug  ][gc,heap        ] GC(35)   to   space 31744K, 0% used [0x00000000fc180000,0x00000000fc180000,0x00000000fe080000)
[9.469s][debug  ][gc,heap        ] GC(35)  ParOldGen       total 1819136K, used 1240677K [0x0000000080000000, 0x00000000ef080000, 0x00000000f0000000)
[9.469s][debug  ][gc,heap        ] GC(35)   object space 1819136K, 68% used [0x0000000080000000,0x00000000cbb99418,0x00000000ef080000)
[9.469s][debug  ][gc,heap        ] GC(35)  Metaspace       used 1019K, committed 1152K, reserved 1056768K
[9.469s][debug  ][gc,heap        ] GC(35)   class space    used 83K, committed 192K, reserved 1048576K
[9.469s][debug  ][gc,task,time   ] GC(35) VM-Thread 94488944 94671496 94691870
[9.750s][debug  ][gc,heap        ] GC(36) Heap before GC invocations=37 (full 6):
[9.750s][debug  ][gc,heap        ] GC(36)  PSYoungGen      total 230400K, used 218884K [0x00000000f0000000, 0x0000000100000000, 0x0000000100000000)
[9.750s][debug  ][gc,heap        ] GC(36)   eden space 198144K, 94% used [0x00000000f0000000,0x00000000fb7c1018,0x00000000fc180000)
[9.750s][debug  ][gc,heap        ] GC(36)   from space 32256K, 95% used [0x00000000fe080000,0x00000000ffe80030,0x0000000100000000)
[9.750s][debug  ][gc,heap        ] GC(36)   to   space 31744K, 0% used [0x00000000fc180000,0x00000000fc180000,0x00000000fe080000)
[9.750s][debug  ][gc,heap        ] GC(36)  ParOldGen       total 1819136K, used 1240677K [0x0000000080000000, 0x00000000ef080000, 0x00000000f0000000)
[9.750s][debug  ][gc,heap        ] GC(36)   object space 1819136K, 68% used [0x0000000080000000,0x00000000cbb99418,0x00000000ef080000)
[9.750s][debug  ][gc,heap        ] GC(36)  Metaspace       used 1019K, committed 1152K, reserved 1056768K
[9.750s][debug  ][gc,heap        ] GC(36)   class space    used 83K, committed 192K, reserved 1048576K
[9.750s][debug  ][gc,tlab        ] GC(36) TLAB totals: thrds: 1  refills: 1 max: 1 slow allocs: 17 max 17 waste: 27.3% gc: 3935992B max: 3935992B slow: 0B max: 0B
[9.750s][info   ][gc,start       ] GC(36) Pause Young (Allocation Failure)
[9.750s][debug  ][gc,phases,start] GC(36) Scavenge
[9.768s][debug  ][gc,phases      ] GC(36) Scavenge 17.981ms
[9.768s][debug  ][gc,phases,start] GC(36) Reference Processing
[9.768s][debug  ][gc,ref         ] GC(36) Skipped phase 1 of Reference Processing: no references
[9.769s][debug  ][gc,ref         ] GC(36) Skipped phase 2 of Reference Processing: no references
[9.769s][debug  ][gc,ref         ] GC(36) Skipped phase 3 of Reference Processing: no references
[9.769s][debug  ][gc,ref         ] GC(36) Skipped phase 4 of Reference Processing: no references
[9.769s][debug  ][gc,phases,ref  ] GC(36) Reference Processing: 0.1ms
[9.769s][debug  ][gc,phases,ref  ] GC(36)   Reconsider SoftReferences: 0.0ms
[9.769s][debug  ][gc,phases,ref  ] GC(36)     SoftRef (ms):                  skipped
[9.769s][debug  ][gc,phases,ref  ] GC(36)   Notify Soft/WeakReferences: 0.0ms
[9.769s][debug  ][gc,phases,ref  ] GC(36)     SoftRef (ms):                  skipped
[9.769s][debug  ][gc,phases,ref  ] GC(36)     WeakRef (ms):                  skipped
[9.769s][debug  ][gc,phases,ref  ] GC(36)     FinalRef (ms):                 skipped
[9.769s][debug  ][gc,phases,ref  ] GC(36)     Total (ms):                    skipped
[9.769s][debug  ][gc,phases,ref  ] GC(36)   Notify and keep alive finalizable: 0.0ms
[9.769s][debug  ][gc,phases,ref  ] GC(36)     FinalRef (ms):                 skipped
[9.769s][debug  ][gc,phases,ref  ] GC(36)   Notify PhantomReferences: 0.0ms
[9.769s][debug  ][gc,phases,ref  ] GC(36)     PhantomRef (ms):               skipped
[9.769s][debug  ][gc,phases,ref  ] GC(36)   SoftReference:
[9.769s][debug  ][gc,phases,ref  ] GC(36)     Discovered: 0
[9.769s][debug  ][gc,phases,ref  ] GC(36)     Cleared: 0
[9.769s][debug  ][gc,phases,ref  ] GC(36)   WeakReference:
[9.769s][debug  ][gc,phases,ref  ] GC(36)     Discovered: 0
[9.769s][debug  ][gc,phases,ref  ] GC(36)     Cleared: 0
[9.769s][debug  ][gc,phases,ref  ] GC(36)   FinalReference:
[9.769s][debug  ][gc,phases,ref  ] GC(36)     Discovered: 0
[9.769s][debug  ][gc,phases,ref  ] GC(36)     Cleared: 0
[9.769s][debug  ][gc,phases,ref  ] GC(36)   PhantomReference:
[9.769s][debug  ][gc,phases,ref  ] GC(36)     Discovered: 0
[9.769s][debug  ][gc,phases,ref  ] GC(36)     Cleared: 0
[9.769s][debug  ][gc,phases      ] GC(36) Reference Processing 0.603ms
[9.769s][debug  ][gc,phases,start] GC(36) Weak Processing
[9.769s][debug  ][gc,phases      ] GC(36)   VM Weak                        Min:  0.0, Avg:  0.0, Max:  0.0, Diff:  0.0, Sum:  0.0, Workers: 6
[9.769s][debug  ][gc,phases      ] GC(36)     Dead                           Min: 0, Avg:  0.0, Max: 0, Diff: 0, Sum: 0, Workers: 6
[9.769s][debug  ][gc,phases      ] GC(36)     Total                          Min: 0, Avg:  1.3, Max: 8, Diff: 8, Sum: 8, Workers: 6
[9.769s][debug  ][gc,phases      ] GC(36)   ObjectSynchronizer Weak        Min:  0.0, Avg:  0.0, Max:  0.0, Diff:  0.0, Sum:  0.0, Workers: 6
[9.769s][debug  ][gc,phases      ] GC(36)     Dead                           Min: 0, Avg:  0.0, Max: 0, Diff: 0, Sum: 0, Workers: 6
[9.769s][debug  ][gc,phases      ] GC(36)     Total                          Min: 0, Avg:  0.5, Max: 3, Diff: 3, Sum: 3, Workers: 6
[9.769s][debug  ][gc,phases      ] GC(36)   JVMTI Tag Weak OopStorage      Min:  0.0, Avg:  0.0, Max:  0.0, Diff:  0.0, Sum:  0.0, Workers: 6
[9.769s][debug  ][gc,phases      ] GC(36)     Dead                           Min: 0, Avg:  0.0, Max: 0, Diff: 0, Sum: 0, Workers: 6
[9.769s][debug  ][gc,phases      ] GC(36)     Total                          Min: 0, Avg:  0.0, Max: 0, Diff: 0, Sum: 0, Workers: 6
[9.769s][debug  ][gc,phases      ] GC(36)   StringTable Weak               Min:  0.0, Avg:  0.0, Max:  0.0, Diff:  0.0, Sum:  0.0, Workers: 6
[9.769s][debug  ][gc,phases      ] GC(36)     Dead                           Min: 0, Avg:  0.0, Max: 0, Diff: 0, Sum: 0, Workers: 6
[9.769s][debug  ][gc,phases      ] GC(36)     Total                          Min: 768, Avg: 892.8, Max: 1216, Diff: 448, Sum: 5357, Workers: 6
[9.769s][debug  ][gc,phases      ] GC(36)   ResolvedMethodTable Weak       Min:  0.0, Avg:  0.0, Max:  0.0, Diff:  0.0, Sum:  0.0, Workers: 6
[9.769s][debug  ][gc,phases      ] GC(36)     Dead                           Min: 0, Avg:  0.0, Max: 0, Diff: 0, Sum: 0, Workers: 6
[9.769s][debug  ][gc,phases      ] GC(36)     Total                          Min: 0, Avg: 21.7, Max: 66, Diff: 66, Sum: 130, Workers: 6
[9.769s][debug  ][gc,phases      ] GC(36)   JNI Weak                       Min:  0.0, Avg:  0.0, Max:  0.0, Diff:  0.0, Sum:  0.0, Workers: 6
[9.769s][debug  ][gc,phases      ] GC(36)     Dead                           Min: 0, Avg:  0.0, Max: 0, Diff: 0, Sum: 0, Workers: 6
[9.770s][debug  ][gc,phases      ] GC(36)     Total                          Min: 0, Avg:  0.0, Max: 0, Diff: 0, Sum: 0, Workers: 6
[9.770s][debug  ][gc,phases      ] GC(36)   StringDedup Table Weak         Min:  0.0, Avg:  0.0, Max:  0.0, Diff:  0.0, Sum:  0.0, Workers: 6
[9.770s][debug  ][gc,phases      ] GC(36)     Dead                           Min: 0, Avg:  0.0, Max: 0, Diff: 0, Sum: 0, Workers: 6
[9.770s][debug  ][gc,phases      ] GC(36)     Total                          Min: 0, Avg:  0.0, Max: 0, Diff: 0, Sum: 0, Workers: 6
[9.770s][debug  ][gc,phases      ] GC(36)   StringDedup Requests0 Weak     Min:  0.0, Avg:  0.0, Max:  0.0, Diff:  0.0, Sum:  0.0, Workers: 6
[9.770s][debug  ][gc,phases      ] GC(36)     Dead                           Min: 0, Avg:  0.0, Max: 0, Diff: 0, Sum: 0, Workers: 6
[9.770s][debug  ][gc,phases      ] GC(36)     Total                          Min: 0, Avg:  0.0, Max: 0, Diff: 0, Sum: 0, Workers: 6
[9.770s][debug  ][gc,phases      ] GC(36)   StringDedup Requests1 Weak     Min:  0.0, Avg:  0.0, Max:  0.0, Diff:  0.0, Sum:  0.0, Workers: 6
[9.770s][debug  ][gc,phases      ] GC(36)     Dead                           Min: 0, Avg:  0.0, Max: 0, Diff: 0, Sum: 0, Workers: 6
[9.770s][debug  ][gc,phases      ] GC(36)     Total                          Min: 0, Avg:  0.0, Max: 0, Diff: 0, Sum: 0, Workers: 6
[9.770s][debug  ][gc,phases      ] GC(36)   Weak JFR Old Object Samples    Min:  0.0, Avg:  0.0, Max:  0.0, Diff:  0.0, Sum:  0.0, Workers: 6
[9.770s][debug  ][gc,phases      ] GC(36)     Dead                           Min: 0, Avg:  0.0, Max: 0, Diff: 0, Sum: 0, Workers: 6
[9.770s][debug  ][gc,phases      ] GC(36)     Total                          Min: 0, Avg:  0.0, Max: 0, Diff: 0, Sum: 0, Workers: 6
[9.770s][debug  ][gc,phases      ] GC(36) Weak Processing 0.743ms
[9.770s][debug  ][gc,ergo        ] GC(36) AdaptiveSizeStart:  collection: 37 
[9.770s][debug  ][gc,ergo        ] GC(36) avg_survived_padded_avg: 32384228.000000
[9.770s][debug  ][gc,ergo        ] GC(36) avg_promoted_padded_avg: 245217024.000000  avg_pretenured_padded_avg: 0.000000  tenuring_thresh: 1  target_size: 32505856
[9.770s][debug  ][gc,age         ] GC(36) Desired survivor size 32505856 bytes, new threshold 1 (max threshold 15)
[9.770s][debug  ][gc,ergo        ] GC(36) PSAdaptiveSizePolicy::compute_eden_space_size limits: desired_eden_size: 246730931 old_eden_size: 202375168 eden_limit: 202899456 cur_eden: 202899456 max_eden_size: 202899456 avg_young_live: 26604840
[9.770s][debug  ][gc,ergo        ] GC(36) PSAdaptiveSizePolicy::compute_eden_space_size: costs minor_time: 0.054851 major_cost: 0.021913 mutator_cost: 0.923236 throughput_goal: 0.990000
[9.770s][debug  ][gc,ergo        ] GC(36) Live_space: 821203072 free_space: 923795456
[9.770s][debug  ][gc,ergo        ] GC(36) Old eden_size: 202375168 desired_eden_size: 202899456
[9.770s][debug  ][gc,ergo        ] GC(36) AdaptiveSizeStop: collection: 37 
[9.770s][info   ][gc,heap        ] GC(36) PSYoungGen: 218884K(230400K)->30720K(229888K) Eden: 188164K(198144K)->0K(198144K) From: 30720K(32256K)->30720K(31744K)
[9.770s][info   ][gc,heap        ] GC(36) ParOldGen: 1240677K(1819136K)->1424997K(1819136K)
[9.770s][info   ][gc,metaspace   ] GC(36) Metaspace: 1019K(1152K)->1019K(1152K) NonClass: 935K(960K)->935K(960K) Class: 83K(192K)->83K(192K)
[9.770s][info   ][gc             ] GC(36) Pause Young (Allocation Failure) 1425M->1421M(2001M) 19.762ms
[9.770s][info   ][gc,cpu         ] GC(36) User=0.00s Sys=0.16s Real=0.02s
[9.770s][debug  ][gc,heap        ] GC(36) Heap after GC invocations=37 (full 6):
[9.770s][debug  ][gc,heap        ] GC(36)  PSYoungGen      total 229888K, used 30720K [0x00000000f0000000, 0x0000000100000000, 0x0000000100000000)
[9.770s][debug  ][gc,heap        ] GC(36)   eden space 198144K, 0% used [0x00000000f0000000,0x00000000f0000000,0x00000000fc180000)
[9.770s][debug  ][gc,heap        ] GC(36)   from space 31744K, 96% used [0x00000000fc180000,0x00000000fdf80030,0x00000000fe080000)
[9.770s][debug  ][gc,heap        ] GC(36)   to   space 31744K, 0% used [0x00000000fe100000,0x00000000fe100000,0x0000000100000000)
[9.770s][debug  ][gc,heap        ] GC(36)  ParOldGen       total 1819136K, used 1424997K [0x0000000080000000, 0x00000000ef080000, 0x00000000f0000000)
[9.770s][debug  ][gc,heap        ] GC(36)   object space 1819136K, 78% used [0x0000000080000000,0x00000000d6f99538,0x00000000ef080000)
[9.770s][debug  ][gc,heap        ] GC(36)  Metaspace       used 1019K, committed 1152K, reserved 1056768K
[9.770s][debug  ][gc,heap        ] GC(36)   class space    used 83K, committed 192K, reserved 1048576K
[9.770s][debug  ][gc,task,time   ] GC(36) VM-Thread 97498882 97684465 97703479
[10.052s][debug  ][gc,heap        ] GC(37) Heap before GC invocations=38 (full 6):
[10.052s][debug  ][gc,heap        ] GC(37)  PSYoungGen      total 229888K, used 218897K [0x00000000f0000000, 0x0000000100000000, 0x0000000100000000)
[10.052s][debug  ][gc,heap        ] GC(37)   eden space 198144K, 94% used [0x00000000f0000000,0x00000000fb7c4590,0x00000000fc180000)
[10.052s][debug  ][gc,heap        ] GC(37)   from space 31744K, 96% used [0x00000000fc180000,0x00000000fdf80030,0x00000000fe080000)
[10.052s][debug  ][gc,heap        ] GC(37)   to   space 31744K, 0% used [0x00000000fe100000,0x00000000fe100000,0x0000000100000000)
[10.052s][debug  ][gc,heap        ] GC(37)  ParOldGen       total 1819136K, used 1424997K [0x0000000080000000, 0x00000000ef080000, 0x00000000f0000000)
[10.052s][debug  ][gc,heap        ] GC(37)   object space 1819136K, 78% used [0x0000000080000000,0x00000000d6f99538,0x00000000ef080000)
[10.052s][debug  ][gc,heap        ] GC(37)  Metaspace       used 1019K, committed 1152K, reserved 1056768K
[10.052s][debug  ][gc,heap        ] GC(37)   class space    used 83K, committed 192K, reserved 1048576K
[10.052s][debug  ][gc,tlab        ] GC(37) TLAB totals: thrds: 1  refills: 1 max: 1 slow allocs: 17 max 17 waste: 27.4% gc: 3949680B max: 3949680B slow: 0B max: 0B
[10.052s][info   ][gc,start       ] GC(37) Pause Young (Allocation Failure)
[10.052s][debug  ][gc,phases,start] GC(37) Scavenge
[10.070s][debug  ][gc,phases      ] GC(37) Scavenge 17.688ms
[10.070s][debug  ][gc,phases,start] GC(37) Reference Processing
[10.070s][debug  ][gc,ref         ] GC(37) Skipped phase 1 of Reference Processing: no references
[10.070s][debug  ][gc,ref         ] GC(37) Skipped phase 2 of Reference Processing: no references
[10.070s][debug  ][gc,ref         ] GC(37) Skipped phase 3 of Reference Processing: no references
[10.070s][debug  ][gc,ref         ] GC(37) Skipped phase 4 of Reference Processing: no references
[10.070s][debug  ][gc,phases,ref  ] GC(37) Reference Processing: 0.1ms
[10.070s][debug  ][gc,phases,ref  ] GC(37)   Reconsider SoftReferences: 0.0ms
[10.070s][debug  ][gc,phases,ref  ] GC(37)     SoftRef (ms):                  skipped
[10.070s][debug  ][gc,phases,ref  ] GC(37)   Notify Soft/WeakReferences: 0.0ms
[10.070s][debug  ][gc,phases,ref  ] GC(37)     SoftRef (ms):                  skipped
[10.070s][debug  ][gc,phases,ref  ] GC(37)     WeakRef (ms):                  skipped
[10.070s][debug  ][gc,phases,ref  ] GC(37)     FinalRef (ms):                 skipped
[10.070s][debug  ][gc,phases,ref  ] GC(37)     Total (ms):                    skipped
[10.070s][debug  ][gc,phases,ref  ] GC(37)   Notify and keep alive finalizable: 0.0ms
[10.070s][debug  ][gc,phases,ref  ] GC(37)     FinalRef (ms):                 skipped
[10.071s][debug  ][gc,phases,ref  ] GC(37)   Notify PhantomReferences: 0.0ms
[10.071s][debug  ][gc,phases,ref  ] GC(37)     PhantomRef (ms):               skipped
[10.071s][debug  ][gc,phases,ref  ] GC(37)   SoftReference:
[10.071s][debug  ][gc,phases,ref  ] GC(37)     Discovered: 0
[10.071s][debug  ][gc,phases,ref  ] GC(37)     Cleared: 0
[10.071s][debug  ][gc,phases,ref  ] GC(37)   WeakReference:
[10.071s][debug  ][gc,phases,ref  ] GC(37)     Discovered: 0
[10.071s][debug  ][gc,phases,ref  ] GC(37)     Cleared: 0
[10.071s][debug  ][gc,phases,ref  ] GC(37)   FinalReference:
[10.071s][debug  ][gc,phases,ref  ] GC(37)     Discovered: 0
[10.071s][debug  ][gc,phases,ref  ] GC(37)     Cleared: 0
[10.071s][debug  ][gc,phases,ref  ] GC(37)   PhantomReference:
[10.071s][debug  ][gc,phases,ref  ] GC(37)     Discovered: 0
[10.071s][debug  ][gc,phases,ref  ] GC(37)     Cleared: 0
[10.071s][debug  ][gc,phases      ] GC(37) Reference Processing 0.567ms
[10.071s][debug  ][gc,phases,start] GC(37) Weak Processing
[10.071s][debug  ][gc,phases      ] GC(37)   VM Weak                        Min:  0.0, Avg:  0.0, Max:  0.0, Diff:  0.0, Sum:  0.0, Workers: 6
[10.071s][debug  ][gc,phases      ] GC(37)     Dead                           Min: 0, Avg:  0.0, Max: 0, Diff: 0, Sum: 0, Workers: 6
[10.071s][debug  ][gc,phases      ] GC(37)     Total                          Min: 0, Avg:  1.3, Max: 8, Diff: 8, Sum: 8, Workers: 6
[10.071s][debug  ][gc,phases      ] GC(37)   ObjectSynchronizer Weak        Min:  0.0, Avg:  0.0, Max:  0.0, Diff:  0.0, Sum:  0.0, Workers: 6
[10.071s][debug  ][gc,phases      ] GC(37)     Dead                           Min: 0, Avg:  0.0, Max: 0, Diff: 0, Sum: 0, Workers: 6
[10.071s][debug  ][gc,phases      ] GC(37)     Total                          Min: 0, Avg:  0.5, Max: 3, Diff: 3, Sum: 3, Workers: 6
[10.071s][debug  ][gc,phases      ] GC(37)   JVMTI Tag Weak OopStorage      Min:  0.0, Avg:  0.0, Max:  0.0, Diff:  0.0, Sum:  0.0, Workers: 6
[10.071s][debug  ][gc,phases      ] GC(37)     Dead                           Min: 0, Avg:  0.0, Max: 0, Diff: 0, Sum: 0, Workers: 6
[10.071s][debug  ][gc,phases      ] GC(37)     Total                          Min: 0, Avg:  0.0, Max: 0, Diff: 0, Sum: 0, Workers: 6
[10.071s][debug  ][gc,phases      ] GC(37)   StringTable Weak               Min:  0.0, Avg:  0.0, Max:  0.0, Diff:  0.0, Sum:  0.0, Workers: 6
[10.071s][debug  ][gc,phases      ] GC(37)     Dead                           Min: 0, Avg:  0.0, Max: 0, Diff: 0, Sum: 0, Workers: 6
[10.071s][debug  ][gc,phases      ] GC(37)     Total                          Min: 767, Avg: 892.8, Max: 1152, Diff: 385, Sum: 5357, Workers: 6
[10.071s][debug  ][gc,phases      ] GC(37)   ResolvedMethodTable Weak       Min:  0.0, Avg:  0.0, Max:  0.0, Diff:  0.0, Sum:  0.0, Workers: 6
[10.071s][debug  ][gc,phases      ] GC(37)     Dead                           Min: 0, Avg:  0.0, Max: 0, Diff: 0, Sum: 0, Workers: 6
[10.071s][debug  ][gc,phases      ] GC(37)     Total                          Min: 0, Avg: 21.7, Max: 66, Diff: 66, Sum: 130, Workers: 6
[10.071s][debug  ][gc,phases      ] GC(37)   JNI Weak                       Min:  0.0, Avg:  0.0, Max:  0.0, Diff:  0.0, Sum:  0.0, Workers: 6
[10.071s][debug  ][gc,phases      ] GC(37)     Dead                           Min: 0, Avg:  0.0, Max: 0, Diff: 0, Sum: 0, Workers: 6
[10.071s][debug  ][gc,phases      ] GC(37)     Total                          Min: 0, Avg:  0.0, Max: 0, Diff: 0, Sum: 0, Workers: 6
[10.071s][debug  ][gc,phases      ] GC(37)   StringDedup Table Weak         Min:  0.0, Avg:  0.0, Max:  0.0, Diff:  0.0, Sum:  0.0, Workers: 6
[10.071s][debug  ][gc,phases      ] GC(37)     Dead                           Min: 0, Avg:  0.0, Max: 0, Diff: 0, Sum: 0, Workers: 6
[10.071s][debug  ][gc,phases      ] GC(37)     Total                          Min: 0, Avg:  0.0, Max: 0, Diff: 0, Sum: 0, Workers: 6
[10.071s][debug  ][gc,phases      ] GC(37)   StringDedup Requests0 Weak     Min:  0.0, Avg:  0.0, Max:  0.0, Diff:  0.0, Sum:  0.0, Workers: 6
[10.071s][debug  ][gc,phases      ] GC(37)     Dead                           Min: 0, Avg:  0.0, Max: 0, Diff: 0, Sum: 0, Workers: 6
[10.071s][debug  ][gc,phases      ] GC(37)     Total                          Min: 0, Avg:  0.0, Max: 0, Diff: 0, Sum: 0, Workers: 6
[10.071s][debug  ][gc,phases      ] GC(37)   StringDedup Requests1 Weak     Min:  0.0, Avg:  0.0, Max:  0.0, Diff:  0.0, Sum:  0.0, Workers: 6
[10.071s][debug  ][gc,phases      ] GC(37)     Dead                           Min: 0, Avg:  0.0, Max: 0, Diff: 0, Sum: 0, Workers: 6
[10.071s][debug  ][gc,phases      ] GC(37)     Total                          Min: 0, Avg:  0.0, Max: 0, Diff: 0, Sum: 0, Workers: 6
[10.072s][debug  ][gc,phases      ] GC(37)   Weak JFR Old Object Samples    Min:  0.0, Avg:  0.0, Max:  0.0, Diff:  0.0, Sum:  0.0, Workers: 6
[10.072s][debug  ][gc,phases      ] GC(37)     Dead                           Min: 0, Avg:  0.0, Max: 0, Diff: 0, Sum: 0, Workers: 6
[10.072s][debug  ][gc,phases      ] GC(37)     Total                          Min: 0, Avg:  0.0, Max: 0, Diff: 0, Sum: 0, Workers: 6
[10.072s][debug  ][gc,phases      ] GC(37) Weak Processing 0.807ms
[10.072s][debug  ][gc,ergo        ] GC(37) AdaptiveSizeStart:  collection: 38 
[10.072s][debug  ][gc,ergo        ] GC(37) avg_survived_padded_avg: 32320386.000000
[10.072s][debug  ][gc,ergo        ] GC(37) avg_promoted_padded_avg: 247145936.000000  avg_pretenured_padded_avg: 0.000000  tenuring_thresh: 1  target_size: 32505856
[10.072s][debug  ][gc,age         ] GC(37) Desired survivor size 32505856 bytes, new threshold 1 (max threshold 15)
[10.072s][debug  ][gc,ergo        ] GC(37) PSAdaptiveSizePolicy::compute_eden_space_size limits: desired_eden_size: 247213769 old_eden_size: 202899456 eden_limit: 203423744 cur_eden: 202899456 max_eden_size: 203423744 avg_young_live: 27090088
[10.072s][debug  ][gc,ergo        ] GC(37) PSAdaptiveSizePolicy::compute_eden_space_size: costs minor_time: 0.057028 major_cost: 0.021913 mutator_cost: 0.921059 throughput_goal: 0.990000
[10.072s][debug  ][gc,ergo        ] GC(37) Live_space: 821688320 free_space: 924319744
[10.072s][debug  ][gc,ergo        ] GC(37) Old eden_size: 202899456 desired_eden_size: 203423744
[10.072s][debug  ][gc,ergo        ] GC(37) AdaptiveSizeStop: collection: 38 
[10.072s][info   ][gc,heap        ] GC(37) PSYoungGen: 218897K(229888K)->30720K(230400K) Eden: 188177K(198144K)->0K(198656K) From: 30720K(31744K)->30720K(31744K)
[10.072s][info   ][gc,heap        ] GC(37) ParOldGen: 1424997K(1819136K)->1609317K(1819136K)
[10.072s][info   ][gc,metaspace   ] GC(37) Metaspace: 1019K(1152K)->1019K(1152K) NonClass: 935K(960K)->935K(960K) Class: 83K(192K)->83K(192K)
[10.072s][info   ][gc             ] GC(37) Pause Young (Allocation Failure) 1605M->1601M(2001M) 19.550ms
[10.072s][info   ][gc,cpu         ] GC(37) User=0.06s Sys=0.08s Real=0.02s
[10.072s][debug  ][gc,heap        ] GC(37) Heap after GC invocations=38 (full 6):
[10.072s][debug  ][gc,heap        ] GC(37)  PSYoungGen      total 230400K, used 30720K [0x00000000f0000000, 0x0000000100000000, 0x0000000100000000)
[10.072s][debug  ][gc,heap        ] GC(37)   eden space 198656K, 0% used [0x00000000f0000000,0x00000000f0000000,0x00000000fc200000)
[10.072s][debug  ][gc,heap        ] GC(37)   from space 31744K, 96% used [0x00000000fe100000,0x00000000fff00030,0x0000000100000000)
[10.072s][debug  ][gc,heap        ] GC(37)   to   space 31744K, 0% used [0x00000000fc200000,0x00000000fc200000,0x00000000fe100000)
[10.072s][debug  ][gc,heap        ] GC(37)  ParOldGen       total 1819136K, used 1609317K [0x0000000080000000, 0x00000000ef080000, 0x00000000f0000000)
[10.072s][debug  ][gc,heap        ] GC(37)   object space 1819136K, 88% used [0x0000000080000000,0x00000000e2399658,0x00000000ef080000)
[10.072s][debug  ][gc,heap        ] GC(37)  Metaspace       used 1019K, committed 1152K, reserved 1056768K
[10.072s][debug  ][gc,heap        ] GC(37)   class space    used 83K, committed 192K, reserved 1048576K
[10.072s][debug  ][gc,task,time   ] GC(37) VM-Thread 100519725 100702013 100721774
[10.072s][debug  ][gc,phases,start] GC(38) Pre Compact
[10.072s][debug  ][gc,heap        ] GC(38) Heap before GC invocations=39 (full 7):
[10.072s][debug  ][gc,heap        ] GC(38)  PSYoungGen      total 230400K, used 30720K [0x00000000f0000000, 0x0000000100000000, 0x0000000100000000)
[10.072s][debug  ][gc,heap        ] GC(38)   eden space 198656K, 0% used [0x00000000f0000000,0x00000000f0000000,0x00000000fc200000)
[10.072s][debug  ][gc,heap        ] GC(38)   from space 31744K, 96% used [0x00000000fe100000,0x00000000fff00030,0x0000000100000000)
[10.072s][debug  ][gc,heap        ] GC(38)   to   space 31744K, 0% used [0x00000000fc200000,0x00000000fc200000,0x00000000fe100000)
[10.072s][debug  ][gc,heap        ] GC(38)  ParOldGen       total 1819136K, used 1609317K [0x0000000080000000, 0x00000000ef080000, 0x00000000f0000000)
[10.072s][debug  ][gc,heap        ] GC(38)   object space 1819136K, 88% used [0x0000000080000000,0x00000000e2399658,0x00000000ef080000)
[10.072s][debug  ][gc,heap        ] GC(38)  Metaspace       used 1019K, committed 1152K, reserved 1056768K
[10.072s][debug  ][gc,heap        ] GC(38)   class space    used 83K, committed 192K, reserved 1048576K
[10.072s][debug  ][gc,phases      ] GC(38) Pre Compact 0.201ms
[10.072s][info   ][gc,start       ] GC(38) Pause Full (Ergonomics)
[10.072s][info   ][gc,phases,start] GC(38) Marking Phase
[10.072s][debug  ][gc,phases,start] GC(38) Par Mark
[10.073s][debug  ][gc,phases      ] GC(38) Par Mark 0.529ms
[10.073s][debug  ][gc,phases,start] GC(38) Reference Processing
[10.073s][debug  ][gc,ref         ] GC(38) Skipped phase 1 of Reference Processing: no references
[10.073s][debug  ][gc,ref         ] GC(38) ReferenceProcessor::execute queues: 1, RefProcThreadModel::Single, marks_oops_alive: false
[10.073s][debug  ][gc,ref         ] GC(38) Skipped phase 3 of Reference Processing: no references
[10.073s][debug  ][gc,ref         ] GC(38) ReferenceProcessor::execute queues: 1, RefProcThreadModel::Single, marks_oops_alive: false
[10.073s][debug  ][gc,phases,ref  ] GC(38) Reference Processing: 0.1ms
[10.073s][debug  ][gc,phases,ref  ] GC(38)   Reconsider SoftReferences: 0.0ms
[10.073s][debug  ][gc,phases,ref  ] GC(38)     SoftRef (ms):                  skipped
[10.073s][debug  ][gc,phases,ref  ] GC(38)   Notify Soft/WeakReferences: 0.0ms
[10.073s][debug  ][gc,phases,ref  ] GC(38)     SoftRef (ms):                  Min:  0.0, Avg:  0.0, Max:  0.0, Diff:  0.0, Sum:  0.0, Workers: 10
[10.073s][debug  ][gc,phases,ref  ] GC(38)     WeakRef (ms):                  Min:  0.0, Avg:  0.0, Max:  0.0, Diff:  0.0, Sum:  0.0, Workers: 10
[10.073s][debug  ][gc,phases,ref  ] GC(38)     FinalRef (ms):                 Min:  0.0, Avg:  0.0, Max:  0.0, Diff:  0.0, Sum:  0.0, Workers: 10
[10.073s][debug  ][gc,phases,ref  ] GC(38)     Total (ms):                    Min:  0.0, Avg:  0.0, Max:  0.0, Diff:  0.0, Sum:  0.0, Workers: 10
[10.073s][debug  ][gc,phases,ref  ] GC(38)   Notify and keep alive finalizable: 0.0ms
[10.073s][debug  ][gc,phases,ref  ] GC(38)     FinalRef (ms):                 skipped
[10.073s][debug  ][gc,phases,ref  ] GC(38)   Notify PhantomReferences: 0.0ms
[10.073s][debug  ][gc,phases,ref  ] GC(38)     PhantomRef (ms):               Min:  0.0, Avg:  0.0, Max:  0.0, Diff:  0.0, Sum:  0.0, Workers: 10
[10.073s][debug  ][gc,phases,ref  ] GC(38)   SoftReference:
[10.073s][debug  ][gc,phases,ref  ] GC(38)     Discovered: 0
[10.073s][debug  ][gc,phases,ref  ] GC(38)     Cleared: 0
[10.073s][debug  ][gc,phases,ref  ] GC(38)   WeakReference:
[10.073s][debug  ][gc,phases,ref  ] GC(38)     Discovered: 66
[10.073s][debug  ][gc,phases,ref  ] GC(38)     Cleared: 66
[10.073s][debug  ][gc,phases,ref  ] GC(38)   FinalReference:
[10.074s][debug  ][gc,phases,ref  ] GC(38)     Discovered: 0
[10.074s][debug  ][gc,phases,ref  ] GC(38)     Cleared: 0
[10.074s][debug  ][gc,phases,ref  ] GC(38)   PhantomReference:
[10.074s][debug  ][gc,phases,ref  ] GC(38)     Discovered: 5
[10.074s][debug  ][gc,phases,ref  ] GC(38)     Cleared: 5
[10.074s][debug  ][gc,phases      ] GC(38) Reference Processing 0.576ms
[10.074s][debug  ][gc,phases,start] GC(38) Weak Processing
[10.074s][debug  ][gc,phases      ] GC(38)   VM Weak                        Min:  0.0, Avg:  0.0, Max:  0.0, Diff:  0.0, Sum:  0.0, Workers: 6
[10.074s][debug  ][gc,phases      ] GC(38)     Dead                           Min: 0, Avg:  0.0, Max: 0, Diff: 0, Sum: 0, Workers: 6
[10.074s][debug  ][gc,phases      ] GC(38)     Total                          Min: 0, Avg:  1.3, Max: 8, Diff: 8, Sum: 8, Workers: 6
[10.074s][debug  ][gc,phases      ] GC(38)   ObjectSynchronizer Weak        Min:  0.0, Avg:  0.0, Max:  0.0, Diff:  0.0, Sum:  0.0, Workers: 6
[10.074s][debug  ][gc,phases      ] GC(38)     Dead                           Min: 0, Avg:  0.0, Max: 0, Diff: 0, Sum: 0, Workers: 6
[10.074s][debug  ][gc,phases      ] GC(38)     Total                          Min: 0, Avg:  0.5, Max: 3, Diff: 3, Sum: 3, Workers: 6
[10.074s][debug  ][gc,phases      ] GC(38)   JVMTI Tag Weak OopStorage      Min:  0.0, Avg:  0.0, Max:  0.0, Diff:  0.0, Sum:  0.0, Workers: 6
[10.074s][debug  ][gc,phases      ] GC(38)     Dead                           Min: 0, Avg:  0.0, Max: 0, Diff: 0, Sum: 0, Workers: 6
[10.074s][debug  ][gc,phases      ] GC(38)     Total                          Min: 0, Avg:  0.0, Max: 0, Diff: 0, Sum: 0, Workers: 6
[10.074s][debug  ][gc,phases      ] GC(38)   StringTable Weak               Min:  0.0, Avg:  0.0, Max:  0.0, Diff:  0.0, Sum:  0.0, Workers: 6
[10.074s][debug  ][gc,phases      ] GC(38)     Dead                           Min: 0, Avg:  0.0, Max: 0, Diff: 0, Sum: 0, Workers: 6
[10.074s][debug  ][gc,phases      ] GC(38)     Total                          Min: 511, Avg: 892.8, Max: 1280, Diff: 769, Sum: 5357, Workers: 6
[10.074s][debug  ][gc,phases      ] GC(38)   ResolvedMethodTable Weak       Min:  0.0, Avg:  0.0, Max:  0.0, Diff:  0.0, Sum:  0.0, Workers: 6
[10.074s][debug  ][gc,phases      ] GC(38)     Dead                           Min: 0, Avg:  0.0, Max: 0, Diff: 0, Sum: 0, Workers: 6
[10.074s][debug  ][gc,phases      ] GC(38)     Total                          Min: 0, Avg: 21.7, Max: 66, Diff: 66, Sum: 130, Workers: 6
[10.074s][debug  ][gc,phases      ] GC(38)   JNI Weak                       Min:  0.0, Avg:  0.0, Max:  0.0, Diff:  0.0, Sum:  0.0, Workers: 6
[10.074s][debug  ][gc,phases      ] GC(38)     Dead                           Min: 0, Avg:  0.0, Max: 0, Diff: 0, Sum: 0, Workers: 6
[10.074s][debug  ][gc,phases      ] GC(38)     Total                          Min: 0, Avg:  0.0, Max: 0, Diff: 0, Sum: 0, Workers: 6
[10.074s][debug  ][gc,phases      ] GC(38)   StringDedup Table Weak         Min:  0.0, Avg:  0.0, Max:  0.0, Diff:  0.0, Sum:  0.0, Workers: 6
[10.074s][debug  ][gc,phases      ] GC(38)     Dead                           Min: 0, Avg:  0.0, Max: 0, Diff: 0, Sum: 0, Workers: 6
[10.074s][debug  ][gc,phases      ] GC(38)     Total                          Min: 0, Avg:  0.0, Max: 0, Diff: 0, Sum: 0, Workers: 6
[10.074s][debug  ][gc,phases      ] GC(38)   StringDedup Requests0 Weak     Min:  0.0, Avg:  0.0, Max:  0.0, Diff:  0.0, Sum:  0.0, Workers: 6
[10.074s][debug  ][gc,phases      ] GC(38)     Dead                           Min: 0, Avg:  0.0, Max: 0, Diff: 0, Sum: 0, Workers: 6
[10.074s][debug  ][gc,phases      ] GC(38)     Total                          Min: 0, Avg:  0.0, Max: 0, Diff: 0, Sum: 0, Workers: 6
[10.074s][debug  ][gc,phases      ] GC(38)   StringDedup Requests1 Weak     Min:  0.0, Avg:  0.0, Max:  0.0, Diff:  0.0, Sum:  0.0, Workers: 6
[10.074s][debug  ][gc,phases      ] GC(38)     Dead                           Min: 0, Avg:  0.0, Max: 0, Diff: 0, Sum: 0, Workers: 6
[10.074s][debug  ][gc,phases      ] GC(38)     Total                          Min: 0, Avg:  0.0, Max: 0, Diff: 0, Sum: 0, Workers: 6
[10.074s][debug  ][gc,phases      ] GC(38)   Weak JFR Old Object Samples    Min:  0.0, Avg:  0.0, Max:  0.0, Diff:  0.0, Sum:  0.0, Workers: 6
[10.074s][debug  ][gc,phases      ] GC(38)     Dead                           Min: 0, Avg:  0.0, Max: 0, Diff: 0, Sum: 0, Workers: 6
[10.074s][debug  ][gc,phases      ] GC(38)     Total                          Min: 0, Avg:  0.0, Max: 0, Diff: 0, Sum: 0, Workers: 6
[10.074s][debug  ][gc,phases      ] GC(38) Weak Processing 0.651ms
[10.074s][debug  ][gc,phases,start] GC(38) Class Unloading
[10.074s][debug  ][gc,phases,start] GC(38) ClassLoaderData
[10.074s][debug  ][gc,phases      ] GC(38) ClassLoaderData 0.019ms
[10.074s][debug  ][gc,phases,start] GC(38) Trigger cleanups
[10.074s][debug  ][gc,phases      ] GC(38) Trigger cleanups 0.018ms
[10.075s][debug  ][gc,phases      ] GC(38) Class Unloading 0.247ms
[10.075s][info   ][gc,phases      ] GC(38) Marking Phase 2.112ms
[10.075s][info   ][gc,phases,start] GC(38) Summary Phase
[10.075s][info   ][gc,phases      ] GC(38) Summary Phase 0.036ms
[10.075s][info   ][gc,phases,start] GC(38) Adjust Roots
[10.075s][info   ][gc,phases      ] GC(38) Adjust Roots 0.128ms
[10.075s][info   ][gc,phases,start] GC(38) Compaction Phase
[10.159s][info   ][gc,phases      ] GC(38) Compaction Phase 84.447ms
[10.159s][info   ][gc,phases,start] GC(38) Post Compact
[10.165s][info   ][gc,phases      ] GC(38) Post Compact 5.514ms
[10.165s][debug  ][gc,ergo        ] GC(38) AdaptiveSizeStart: collection: 39 
[10.165s][debug  ][gc,ergo        ] GC(38) PSAdaptiveSizePolicy::compute_eden_space_size limits: desired_eden_size: 236382376 old_eden_size: 203423744 eden_limit: 203423744 cur_eden: 203423744 max_eden_size: 203423744 avg_young_live: 24381080
[10.165s][debug  ][gc,ergo        ] GC(38) PSAdaptiveSizePolicy::compute_eden_space_size: costs minor_time: 0.057028 major_cost: 0.030968 mutator_cost: 0.912004 throughput_goal: 0.990000
[10.165s][debug  ][gc,ergo        ] GC(38) Live_space: 818979328 free_space: 924844032
[10.165s][debug  ][gc,ergo        ] GC(38) Old eden_size: 203423744 desired_eden_size: 203423744
[10.165s][debug  ][gc,ergo        ] GC(38) PSAdaptiveSizePolicy::compute_old_gen_free_space: costs minor_time: 0.057028 major_cost: 0.030968  mutator_cost: 0.912004 throughput_goal: 0.990000
[10.165s][debug  ][gc,ergo        ] GC(38) Live_space: 855651584 free_space: 924844032
[10.165s][debug  ][gc,ergo        ] GC(38) Old promo_size: 721420288 desired_promo_size: 797966336
[10.165s][debug  ][gc             ] GC(38) Shrinking ParOldGen from 1819136K by 28672K to 1790464K
[10.165s][debug  ][gc,ergo        ] GC(38) AdaptiveSizeStop: collection: 39 
[10.165s][info   ][gc,heap        ] GC(38) PSYoungGen: 30720K(230400K)->0K(230400K) Eden: 0K(198656K)->0K(198656K) From: 30720K(31744K)->0K(31744K)
[10.165s][info   ][gc,heap        ] GC(38) ParOldGen: 1609317K(1819136K)->769636K(1790464K)
[10.165s][info   ][gc,metaspace   ] GC(38) Metaspace: 1019K(1152K)->1019K(1152K) NonClass: 935K(960K)->935K(960K) Class: 83K(192K)->83K(192K)
[10.165s][info   ][gc             ] GC(38) Pause Full (Ergonomics) 1601M->751M(1973M) 92.903ms
[10.165s][info   ][gc,cpu         ] GC(38) User=0.69s Sys=0.02s Real=0.09s
[10.165s][debug  ][gc,heap        ] GC(38) Heap after GC invocations=39 (full 7):
[10.165s][debug  ][gc,heap        ] GC(38)  PSYoungGen      total 230400K, used 0K [0x00000000f0000000, 0x0000000100000000, 0x0000000100000000)
[10.165s][debug  ][gc,heap        ] GC(38)   eden space 198656K, 0% used [0x00000000f0000000,0x00000000f0000000,0x00000000fc200000)
[10.165s][debug  ][gc,heap        ] GC(38)   from space 31744K, 0% used [0x00000000fc200000,0x00000000fc200000,0x00000000fe100000)
[10.165s][debug  ][gc,heap        ] GC(38)   to   space 31744K, 0% used [0x00000000fe100000,0x00000000fe100000,0x0000000100000000)
[10.165s][debug  ][gc,heap        ] GC(38)  ParOldGen       total 1790464K, used 769636K [0x0000000080000000, 0x00000000ed480000, 0x00000000f0000000)
[10.166s][debug  ][gc,heap        ] GC(38)   object space 1790464K, 42% used [0x0000000080000000,0x00000000aef99138,0x00000000ed480000)
[10.166s][debug  ][gc,heap        ] GC(38)  Metaspace       used 1019K, committed 1152K, reserved 1056768K
[10.166s][debug  ][gc,heap        ] GC(38)   class space    used 83K, committed 192K, reserved 1048576K
[10.166s][debug  ][gc,task,time   ] GC(38) VM-Thread 100724459 100748128 101653864
[10.465s][debug  ][gc,heap        ] GC(39) Heap before GC invocations=40 (full 7):
[10.465s][debug  ][gc,heap        ] GC(39)  PSYoungGen      total 230400K, used 198435K [0x00000000f0000000, 0x0000000100000000, 0x0000000100000000)
[10.465s][debug  ][gc,heap        ] GC(39)   eden space 198656K, 99% used [0x00000000f0000000,0x00000000fc1c8ff0,0x00000000fc200000)
[10.465s][debug  ][gc,heap        ] GC(39)   from space 31744K, 0% used [0x00000000fc200000,0x00000000fc200000,0x00000000fe100000)
[10.465s][debug  ][gc,heap        ] GC(39)   to   space 31744K, 0% used [0x00000000fe100000,0x00000000fe100000,0x0000000100000000)
[10.465s][debug  ][gc,heap        ] GC(39)  ParOldGen       total 1790464K, used 769636K [0x0000000080000000, 0x00000000ed480000, 0x00000000f0000000)
[10.465s][debug  ][gc,heap        ] GC(39)   object space 1790464K, 42% used [0x0000000080000000,0x00000000aef99138,0x00000000ed480000)
[10.465s][debug  ][gc,heap        ] GC(39)  Metaspace       used 1019K, committed 1152K, reserved 1056768K
[10.465s][debug  ][gc,heap        ] GC(39)   class space    used 83K, committed 192K, reserved 1048576K
[10.465s][debug  ][gc,tlab        ] GC(39) TLAB totals: thrds: 1  refills: 1 max: 1 slow allocs: 18 max 18 waste: 27.5% gc: 3968704B max: 3968704B slow: 0B max: 0B
[10.465s][info   ][gc,start       ] GC(39) Pause Young (Allocation Failure)
[10.465s][debug  ][gc,phases,start] GC(39) Scavenge
[10.478s][debug  ][gc,phases      ] GC(39) Scavenge 12.854ms
[10.478s][debug  ][gc,phases,start] GC(39) Reference Processing
[10.478s][debug  ][gc,ref         ] GC(39) Skipped phase 1 of Reference Processing: no references
[10.478s][debug  ][gc,ref         ] GC(39) Skipped phase 2 of Reference Processing: no references
[10.478s][debug  ][gc,ref         ] GC(39) Skipped phase 3 of Reference Processing: no references
[10.478s][debug  ][gc,ref         ] GC(39) Skipped phase 4 of Reference Processing: no references
[10.479s][debug  ][gc,phases,ref  ] GC(39) Reference Processing: 0.1ms
[10.479s][debug  ][gc,phases,ref  ] GC(39)   Reconsider SoftReferences: 0.0ms
[10.479s][debug  ][gc,phases,ref  ] GC(39)     SoftRef (ms):                  skipped
[10.479s][debug  ][gc,phases,ref  ] GC(39)   Notify Soft/WeakReferences: 0.0ms
[10.479s][debug  ][gc,phases,ref  ] GC(39)     SoftRef (ms):                  skipped
[10.479s][debug  ][gc,phases,ref  ] GC(39)     WeakRef (ms):                  skipped
[10.479s][debug  ][gc,phases,ref  ] GC(39)     FinalRef (ms):                 skipped
[10.479s][debug  ][gc,phases,ref  ] GC(39)     Total (ms):                    skipped
[10.479s][debug  ][gc,phases,ref  ] GC(39)   Notify and keep alive finalizable: 0.0ms
[10.479s][debug  ][gc,phases,ref  ] GC(39)     FinalRef (ms):                 skipped
[10.479s][debug  ][gc,phases,ref  ] GC(39)   Notify PhantomReferences: 0.0ms
[10.479s][debug  ][gc,phases,ref  ] GC(39)     PhantomRef (ms):               skipped
[10.479s][debug  ][gc,phases,ref  ] GC(39)   SoftReference:
[10.479s][debug  ][gc,phases,ref  ] GC(39)     Discovered: 0
[10.479s][debug  ][gc,phases,ref  ] GC(39)     Cleared: 0
[10.479s][debug  ][gc,phases,ref  ] GC(39)   WeakReference:
[10.479s][debug  ][gc,phases,ref  ] GC(39)     Discovered: 0
[10.479s][debug  ][gc,phases,ref  ] GC(39)     Cleared: 0
[10.479s][debug  ][gc,phases,ref  ] GC(39)   FinalReference:
[10.479s][debug  ][gc,phases,ref  ] GC(39)     Discovered: 0
[10.479s][debug  ][gc,phases,ref  ] GC(39)     Cleared: 0
[10.479s][debug  ][gc,phases,ref  ] GC(39)   PhantomReference:
[10.479s][debug  ][gc,phases,ref  ] GC(39)     Discovered: 0
[10.479s][debug  ][gc,phases,ref  ] GC(39)     Cleared: 0
[10.479s][debug  ][gc,phases      ] GC(39) Reference Processing 0.676ms
[10.479s][debug  ][gc,phases,start] GC(39) Weak Processing
[10.479s][debug  ][gc,phases      ] GC(39)   VM Weak                        Min:  0.0, Avg:  0.0, Max:  0.0, Diff:  0.0, Sum:  0.0, Workers: 6
[10.479s][debug  ][gc,phases      ] GC(39)     Dead                           Min: 0, Avg:  0.0, Max: 0, Diff: 0, Sum: 0, Workers: 6
[10.479s][debug  ][gc,phases      ] GC(39)     Total                          Min: 0, Avg:  1.3, Max: 8, Diff: 8, Sum: 8, Workers: 6
[10.479s][debug  ][gc,phases      ] GC(39)   ObjectSynchronizer Weak        Min:  0.0, Avg:  0.0, Max:  0.0, Diff:  0.0, Sum:  0.0, Workers: 6
[10.479s][debug  ][gc,phases      ] GC(39)     Dead                           Min: 0, Avg:  0.0, Max: 0, Diff: 0, Sum: 0, Workers: 6
[10.479s][debug  ][gc,phases      ] GC(39)     Total                          Min: 0, Avg:  0.5, Max: 3, Diff: 3, Sum: 3, Workers: 6
[10.479s][debug  ][gc,phases      ] GC(39)   JVMTI Tag Weak OopStorage      Min:  0.0, Avg:  0.0, Max:  0.0, Diff:  0.0, Sum:  0.0, Workers: 6
[10.479s][debug  ][gc,phases      ] GC(39)     Dead                           Min: 0, Avg:  0.0, Max: 0, Diff: 0, Sum: 0, Workers: 6
[10.479s][debug  ][gc,phases      ] GC(39)     Total                          Min: 0, Avg:  0.0, Max: 0, Diff: 0, Sum: 0, Workers: 6
[10.479s][debug  ][gc,phases      ] GC(39)   StringTable Weak               Min:  0.0, Avg:  0.0, Max:  0.0, Diff:  0.0, Sum:  0.0, Workers: 6
[10.479s][debug  ][gc,phases      ] GC(39)     Dead                           Min: 0, Avg:  0.0, Max: 0, Diff: 0, Sum: 0, Workers: 6
[10.479s][debug  ][gc,phases      ] GC(39)     Total                          Min: 768, Avg: 892.8, Max: 1088, Diff: 320, Sum: 5357, Workers: 6
[10.479s][debug  ][gc,phases      ] GC(39)   ResolvedMethodTable Weak       Min:  0.0, Avg:  0.0, Max:  0.0, Diff:  0.0, Sum:  0.0, Workers: 6
[10.479s][debug  ][gc,phases      ] GC(39)     Dead                           Min: 0, Avg:  0.0, Max: 0, Diff: 0, Sum: 0, Workers: 6
[10.479s][debug  ][gc,phases      ] GC(39)     Total                          Min: 0, Avg: 21.7, Max: 64, Diff: 64, Sum: 130, Workers: 6
[10.480s][debug  ][gc,phases      ] GC(39)   JNI Weak                       Min:  0.0, Avg:  0.0, Max:  0.0, Diff:  0.0, Sum:  0.0, Workers: 6
[10.480s][debug  ][gc,phases      ] GC(39)     Dead                           Min: 0, Avg:  0.0, Max: 0, Diff: 0, Sum: 0, Workers: 6
[10.480s][debug  ][gc,phases      ] GC(39)     Total                          Min: 0, Avg:  0.0, Max: 0, Diff: 0, Sum: 0, Workers: 6
[10.480s][debug  ][gc,phases      ] GC(39)   StringDedup Table Weak         Min:  0.0, Avg:  0.0, Max:  0.0, Diff:  0.0, Sum:  0.0, Workers: 6
[10.480s][debug  ][gc,phases      ] GC(39)     Dead                           Min: 0, Avg:  0.0, Max: 0, Diff: 0, Sum: 0, Workers: 6
[10.480s][debug  ][gc,phases      ] GC(39)     Total                          Min: 0, Avg:  0.0, Max: 0, Diff: 0, Sum: 0, Workers: 6
[10.480s][debug  ][gc,phases      ] GC(39)   StringDedup Requests0 Weak     Min:  0.0, Avg:  0.0, Max:  0.0, Diff:  0.0, Sum:  0.0, Workers: 6
[10.480s][debug  ][gc,phases      ] GC(39)     Dead                           Min: 0, Avg:  0.0, Max: 0, Diff: 0, Sum: 0, Workers: 6
[10.480s][debug  ][gc,phases      ] GC(39)     Total                          Min: 0, Avg:  0.0, Max: 0, Diff: 0, Sum: 0, Workers: 6
[10.480s][debug  ][gc,phases      ] GC(39)   StringDedup Requests1 Weak     Min:  0.0, Avg:  0.0, Max:  0.0, Diff:  0.0, Sum:  0.0, Workers: 6
[10.480s][debug  ][gc,phases      ] GC(39)     Dead                           Min: 0, Avg:  0.0, Max: 0, Diff: 0, Sum: 0, Workers: 6
[10.480s][debug  ][gc,phases      ] GC(39)     Total                          Min: 0, Avg:  0.0, Max: 0, Diff: 0, Sum: 0, Workers: 6
[10.480s][debug  ][gc,phases      ] GC(39)   Weak JFR Old Object Samples    Min:  0.0, Avg:  0.0, Max:  0.0, Diff:  0.0, Sum:  0.0, Workers: 6
[10.480s][debug  ][gc,phases      ] GC(39)     Dead                           Min: 0, Avg:  0.0, Max: 0, Diff: 0, Sum: 0, Workers: 6
[10.480s][debug  ][gc,phases      ] GC(39)     Total                          Min: 0, Avg:  0.0, Max: 0, Diff: 0, Sum: 0, Workers: 6
[10.480s][debug  ][gc,phases      ] GC(39) Weak Processing 0.766ms
[10.480s][debug  ][gc,ergo        ] GC(39) AdaptiveSizeStart:  collection: 40 
[10.480s][debug  ][gc,ergo        ] GC(39) avg_survived_padded_avg: 32260044.000000
[10.480s][debug  ][gc,ergo        ] GC(39) avg_promoted_padded_avg: 240364864.000000  avg_pretenured_padded_avg: 0.000000  tenuring_thresh: 1  target_size: 32505856
[10.480s][debug  ][gc,age         ] GC(39) Desired survivor size 32505856 bytes, new threshold 1 (max threshold 15)
[10.480s][debug  ][gc,ergo        ] GC(39) PSAdaptiveSizePolicy::compute_eden_space_size limits: desired_eden_size: 235207367 old_eden_size: 203423744 eden_limit: 203423744 cur_eden: 203423744 max_eden_size: 203423744 avg_young_live: 25088702
[10.480s][debug  ][gc,ergo        ] GC(39) PSAdaptiveSizePolicy::compute_eden_space_size: costs minor_time: 0.051607 major_cost: 0.030968 mutator_cost: 0.917425 throughput_goal: 0.990000
[10.480s][debug  ][gc,ergo        ] GC(39) Live_space: 856359232 free_space: 1001390080
[10.480s][debug  ][gc,ergo        ] GC(39) Old eden_size: 203423744 desired_eden_size: 203423744
[10.480s][debug  ][gc,ergo        ] GC(39) AdaptiveSizeStop: collection: 40 
[10.480s][info   ][gc,heap        ] GC(39) PSYoungGen: 198435K(230400K)->30720K(230400K) Eden: 198435K(198656K)->0K(198656K) From: 0K(31744K)->30720K(31744K)
[10.480s][info   ][gc,heap        ] GC(39) ParOldGen: 769636K(1790464K)->933476K(1790464K)
[10.480s][info   ][gc,metaspace   ] GC(39) Metaspace: 1019K(1152K)->1019K(1152K) NonClass: 935K(960K)->935K(960K) Class: 83K(192K)->83K(192K)
[10.480s][info   ][gc             ] GC(39) Pause Young (Allocation Failure) 945M->941M(1973M) 14.864ms
[10.480s][info   ][gc,cpu         ] GC(39) User=0.02s Sys=0.00s Real=0.01s
[10.480s][debug  ][gc,heap        ] GC(39) Heap after GC invocations=40 (full 7):
[10.480s][debug  ][gc,heap        ] GC(39)  PSYoungGen      total 230400K, used 30720K [0x00000000f0000000, 0x0000000100000000, 0x0000000100000000)
[10.480s][debug  ][gc,heap        ] GC(39)   eden space 198656K, 0% used [0x00000000f0000000,0x00000000f0000000,0x00000000fc200000)
[10.480s][debug  ][gc,heap        ] GC(39)   from space 31744K, 96% used [0x00000000fe100000,0x00000000fff00030,0x0000000100000000)
[10.480s][debug  ][gc,heap        ] GC(39)   to   space 31744K, 0% used [0x00000000fc200000,0x00000000fc200000,0x00000000fe100000)
[10.480s][debug  ][gc,heap        ] GC(39)  ParOldGen       total 1790464K, used 933476K [0x0000000080000000, 0x00000000ed480000, 0x00000000f0000000)
[10.481s][debug  ][gc,heap        ] GC(39)   object space 1790464K, 52% used [0x0000000080000000,0x00000000b8f99238,0x00000000ed480000)
[10.481s][debug  ][gc,heap        ] GC(39)  Metaspace       used 1019K, committed 1152K, reserved 1056768K
[10.481s][debug  ][gc,heap        ] GC(39)   class space    used 83K, committed 192K, reserved 1048576K
[10.481s][debug  ][gc,task,time   ] GC(39) VM-Thread 104649909 104783940 104806233
[10.780s][debug  ][gc,heap        ] GC(40) Heap before GC invocations=41 (full 7):
[10.780s][debug  ][gc,heap        ] GC(40)  PSYoungGen      total 230400K, used 229091K [0x00000000f0000000, 0x0000000100000000, 0x0000000100000000)
[10.780s][debug  ][gc,heap        ] GC(40)   eden space 198656K, 99% used [0x00000000f0000000,0x00000000fc1b8ca8,0x00000000fc200000)
[10.780s][debug  ][gc,heap        ] GC(40)   from space 31744K, 96% used [0x00000000fe100000,0x00000000fff00030,0x0000000100000000)
[10.780s][debug  ][gc,heap        ] GC(40)   to   space 31744K, 0% used [0x00000000fc200000,0x00000000fc200000,0x00000000fe100000)
[10.780s][debug  ][gc,heap        ] GC(40)  ParOldGen       total 1790464K, used 933476K [0x0000000080000000, 0x00000000ed480000, 0x00000000f0000000)
[10.780s][debug  ][gc,heap        ] GC(40)   object space 1790464K, 52% used [0x0000000080000000,0x00000000b8f99238,0x00000000ed480000)
[10.780s][debug  ][gc,heap        ] GC(40)  Metaspace       used 1019K, committed 1152K, reserved 1056768K
[10.780s][debug  ][gc,heap        ] GC(40)   class space    used 83K, committed 192K, reserved 1048576K
[10.780s][debug  ][gc,tlab        ] GC(40) TLAB totals: thrds: 1  refills: 1 max: 1 slow allocs: 18 max 18 waste: 27.1% gc: 3901160B max: 3901160B slow: 0B max: 0B
[10.781s][info   ][gc,start       ] GC(40) Pause Young (Allocation Failure)
[10.781s][debug  ][gc,phases,start] GC(40) Scavenge
[10.790s][debug  ][gc,phases      ] GC(40) Scavenge 9.390ms
[10.790s][debug  ][gc,phases,start] GC(40) Reference Processing
[10.790s][debug  ][gc,ref         ] GC(40) Skipped phase 1 of Reference Processing: no references
[10.790s][debug  ][gc,ref         ] GC(40) Skipped phase 2 of Reference Processing: no references
[10.790s][debug  ][gc,ref         ] GC(40) Skipped phase 3 of Reference Processing: no references
[10.790s][debug  ][gc,ref         ] GC(40) Skipped phase 4 of Reference Processing: no references
[10.790s][debug  ][gc,phases,ref  ] GC(40) Reference Processing: 0.1ms
[10.790s][debug  ][gc,phases,ref  ] GC(40)   Reconsider SoftReferences: 0.0ms
[10.790s][debug  ][gc,phases,ref  ] GC(40)     SoftRef (ms):                  skipped
[10.790s][debug  ][gc,phases,ref  ] GC(40)   Notify Soft/WeakReferences: 0.0ms
[10.790s][debug  ][gc,phases,ref  ] GC(40)     SoftRef (ms):                  skipped
[10.790s][debug  ][gc,phases,ref  ] GC(40)     WeakRef (ms):                  skipped
[10.790s][debug  ][gc,phases,ref  ] GC(40)     FinalRef (ms):                 skipped
[10.790s][debug  ][gc,phases,ref  ] GC(40)     Total (ms):                    skipped
[10.790s][debug  ][gc,phases,ref  ] GC(40)   Notify and keep alive finalizable: 0.0ms
[10.790s][debug  ][gc,phases,ref  ] GC(40)     FinalRef (ms):                 skipped
[10.790s][debug  ][gc,phases,ref  ] GC(40)   Notify PhantomReferences: 0.0ms
[10.791s][debug  ][gc,phases,ref  ] GC(40)     PhantomRef (ms):               skipped
[10.791s][debug  ][gc,phases,ref  ] GC(40)   SoftReference:
[10.791s][debug  ][gc,phases,ref  ] GC(40)     Discovered: 0
[10.791s][debug  ][gc,phases,ref  ] GC(40)     Cleared: 0
[10.791s][debug  ][gc,phases,ref  ] GC(40)   WeakReference:
[10.791s][debug  ][gc,phases,ref  ] GC(40)     Discovered: 0
[10.791s][debug  ][gc,phases,ref  ] GC(40)     Cleared: 0
[10.791s][debug  ][gc,phases,ref  ] GC(40)   FinalReference:
[10.791s][debug  ][gc,phases,ref  ] GC(40)     Discovered: 0
[10.791s][debug  ][gc,phases,ref  ] GC(40)     Cleared: 0
[10.791s][debug  ][gc,phases,ref  ] GC(40)   PhantomReference:
[10.791s][debug  ][gc,phases,ref  ] GC(40)     Discovered: 0
[10.791s][debug  ][gc,phases,ref  ] GC(40)     Cleared: 0
[10.791s][debug  ][gc,phases      ] GC(40) Reference Processing 0.825ms
[10.791s][debug  ][gc,phases,start] GC(40) Weak Processing
[10.791s][debug  ][gc,phases      ] GC(40)   VM Weak                        Min:  0.0, Avg:  0.0, Max:  0.0, Diff:  0.0, Sum:  0.0, Workers: 6
[10.791s][debug  ][gc,phases      ] GC(40)     Dead                           Min: 0, Avg:  0.0, Max: 0, Diff: 0, Sum: 0, Workers: 6
[10.791s][debug  ][gc,phases      ] GC(40)     Total                          Min: 0, Avg:  1.3, Max: 8, Diff: 8, Sum: 8, Workers: 6
[10.791s][debug  ][gc,phases      ] GC(40)   ObjectSynchronizer Weak        Min:  0.0, Avg:  0.0, Max:  0.0, Diff:  0.0, Sum:  0.0, Workers: 6
[10.791s][debug  ][gc,phases      ] GC(40)     Dead                           Min: 0, Avg:  0.0, Max: 0, Diff: 0, Sum: 0, Workers: 6
[10.791s][debug  ][gc,phases      ] GC(40)     Total                          Min: 0, Avg:  0.5, Max: 3, Diff: 3, Sum: 3, Workers: 6
[10.791s][debug  ][gc,phases      ] GC(40)   JVMTI Tag Weak OopStorage      Min:  0.0, Avg:  0.0, Max:  0.0, Diff:  0.0, Sum:  0.0, Workers: 6
[10.791s][debug  ][gc,phases      ] GC(40)     Dead                           Min: 0, Avg:  0.0, Max: 0, Diff: 0, Sum: 0, Workers: 6
[10.791s][debug  ][gc,phases      ] GC(40)     Total                          Min: 0, Avg:  0.0, Max: 0, Diff: 0, Sum: 0, Workers: 6
[10.791s][debug  ][gc,phases      ] GC(40)   StringTable Weak               Min:  0.0, Avg:  0.0, Max:  0.0, Diff:  0.0, Sum:  0.0, Workers: 6
[10.791s][debug  ][gc,phases      ] GC(40)     Dead                           Min: 0, Avg:  0.0, Max: 0, Diff: 0, Sum: 0, Workers: 6
[10.791s][debug  ][gc,phases      ] GC(40)     Total                          Min: 576, Avg: 892.8, Max: 1088, Diff: 512, Sum: 5357, Workers: 6
[10.791s][debug  ][gc,phases      ] GC(40)   ResolvedMethodTable Weak       Min:  0.0, Avg:  0.0, Max:  0.0, Diff:  0.0, Sum:  0.0, Workers: 6
[10.791s][debug  ][gc,phases      ] GC(40)     Dead                           Min: 0, Avg:  0.0, Max: 0, Diff: 0, Sum: 0, Workers: 6
[10.791s][debug  ][gc,phases      ] GC(40)     Total                          Min: 0, Avg: 21.7, Max: 64, Diff: 64, Sum: 130, Workers: 6
[10.791s][debug  ][gc,phases      ] GC(40)   JNI Weak                       Min:  0.0, Avg:  0.0, Max:  0.0, Diff:  0.0, Sum:  0.0, Workers: 6
[10.791s][debug  ][gc,phases      ] GC(40)     Dead                           Min: 0, Avg:  0.0, Max: 0, Diff: 0, Sum: 0, Workers: 6
[10.791s][debug  ][gc,phases      ] GC(40)     Total                          Min: 0, Avg:  0.0, Max: 0, Diff: 0, Sum: 0, Workers: 6
[10.791s][debug  ][gc,phases      ] GC(40)   StringDedup Table Weak         Min:  0.0, Avg:  0.0, Max:  0.0, Diff:  0.0, Sum:  0.0, Workers: 6
[10.792s][debug  ][gc,phases      ] GC(40)     Dead                           Min: 0, Avg:  0.0, Max: 0, Diff: 0, Sum: 0, Workers: 6
[10.792s][debug  ][gc,phases      ] GC(40)     Total                          Min: 0, Avg:  0.0, Max: 0, Diff: 0, Sum: 0, Workers: 6
[10.792s][debug  ][gc,phases      ] GC(40)   StringDedup Requests0 Weak     Min:  0.0, Avg:  0.0, Max:  0.0, Diff:  0.0, Sum:  0.0, Workers: 6
[10.792s][debug  ][gc,phases      ] GC(40)     Dead                           Min: 0, Avg:  0.0, Max: 0, Diff: 0, Sum: 0, Workers: 6
[10.792s][debug  ][gc,phases      ] GC(40)     Total                          Min: 0, Avg:  0.0, Max: 0, Diff: 0, Sum: 0, Workers: 6
[10.792s][debug  ][gc,phases      ] GC(40)   StringDedup Requests1 Weak     Min:  0.0, Avg:  0.0, Max:  0.0, Diff:  0.0, Sum:  0.0, Workers: 6
[10.792s][debug  ][gc,phases      ] GC(40)     Dead                           Min: 0, Avg:  0.0, Max: 0, Diff: 0, Sum: 0, Workers: 6
[10.792s][debug  ][gc,phases      ] GC(40)     Total                          Min: 0, Avg:  0.0, Max: 0, Diff: 0, Sum: 0, Workers: 6
[10.792s][debug  ][gc,phases      ] GC(40)   Weak JFR Old Object Samples    Min:  0.0, Avg:  0.0, Max:  0.0, Diff:  0.0, Sum:  0.0, Workers: 6
[10.792s][debug  ][gc,phases      ] GC(40)     Dead                           Min: 0, Avg:  0.0, Max: 0, Diff: 0, Sum: 0, Workers: 6
[10.792s][debug  ][gc,phases      ] GC(40)     Total                          Min: 0, Avg:  0.0, Max: 0, Diff: 0, Sum: 0, Workers: 6
[10.792s][debug  ][gc,phases      ] GC(40) Weak Processing 0.971ms
[10.792s][debug  ][gc,ergo        ] GC(40) AdaptiveSizeStart:  collection: 41 
[10.792s][debug  ][gc,ergo        ] GC(40) avg_survived_padded_avg: 32203142.000000
[10.792s][debug  ][gc,ergo        ] GC(40) avg_promoted_padded_avg: 242760464.000000  avg_pretenured_padded_avg: 0.000000  tenuring_thresh: 1  target_size: 32505856
[10.792s][debug  ][gc,age         ] GC(40) Desired survivor size 32505856 bytes, new threshold 1 (max threshold 15)
[10.792s][debug  ][gc,ergo        ] GC(40) PSAdaptiveSizePolicy::compute_eden_space_size limits: desired_eden_size: 234283111 old_eden_size: 203423744 eden_limit: 203423744 cur_eden: 203423744 max_eden_size: 203423744 avg_young_live: 25725564
[10.792s][debug  ][gc,ergo        ] GC(40) PSAdaptiveSizePolicy::compute_eden_space_size: costs minor_time: 0.047790 major_cost: 0.030968 mutator_cost: 0.921242 throughput_goal: 0.990000
[10.792s][debug  ][gc,ergo        ] GC(40) Live_space: 856996096 free_space: 1001390080
[10.792s][debug  ][gc,ergo        ] GC(40) Old eden_size: 203423744 desired_eden_size: 203423744
[10.792s][debug  ][gc,ergo        ] GC(40) AdaptiveSizeStop: collection: 41 
[10.792s][info   ][gc,heap        ] GC(40) PSYoungGen: 229091K(230400K)->30720K(230400K) Eden: 198371K(198656K)->0K(198656K) From: 30720K(31744K)->30720K(31744K)
[10.792s][info   ][gc,heap        ] GC(40) ParOldGen: 933476K(1790464K)->1035876K(1790464K)
[10.792s][info   ][gc,metaspace   ] GC(40) Metaspace: 1019K(1152K)->1019K(1152K) NonClass: 935K(960K)->935K(960K) Class: 83K(192K)->83K(192K)
[10.792s][info   ][gc             ] GC(40) Pause Young (Allocation Failure) 1135M->1041M(1973M) 11.804ms
[10.792s][info   ][gc,cpu         ] GC(40) User=0.00s Sys=0.00s Real=0.01s
[10.792s][debug  ][gc,heap        ] GC(40) Heap after GC invocations=41 (full 7):
[10.792s][debug  ][gc,heap        ] GC(40)  PSYoungGen      total 230400K, used 30720K [0x00000000f0000000, 0x0000000100000000, 0x0000000100000000)
[10.792s][debug  ][gc,heap        ] GC(40)   eden space 198656K, 0% used [0x00000000f0000000,0x00000000f0000000,0x00000000fc200000)
[10.792s][debug  ][gc,heap        ] GC(40)   from space 31744K, 96% used [0x00000000fc200000,0x00000000fe000030,0x00000000fe100000)
[10.792s][debug  ][gc,heap        ] GC(40)   to   space 31744K, 0% used [0x00000000fe100000,0x00000000fe100000,0x0000000100000000)
[10.793s][debug  ][gc,heap        ] GC(40)  ParOldGen       total 1790464K, used 1035876K [0x0000000080000000, 0x00000000ed480000, 0x00000000f0000000)
[10.793s][debug  ][gc,heap        ] GC(40)   object space 1790464K, 57% used [0x0000000080000000,0x00000000bf3992d8,0x00000000ed480000)
[10.793s][debug  ][gc,heap        ] GC(40)  Metaspace       used 1019K, committed 1152K, reserved 1056768K
[10.793s][debug  ][gc,heap        ] GC(40)   class space    used 83K, committed 192K, reserved 1048576K
[10.793s][debug  ][gc,task,time   ] GC(40) VM-Thread 107800626 107900497 107926231
[11.097s][debug  ][gc,heap        ] GC(41) Heap before GC invocations=42 (full 7):
[11.097s][debug  ][gc,heap        ] GC(41)  PSYoungGen      total 230400K, used 229121K [0x00000000f0000000, 0x0000000100000000, 0x0000000100000000)
[11.097s][debug  ][gc,heap        ] GC(41)   eden space 198656K, 99% used [0x00000000f0000000,0x00000000fc1c04f0,0x00000000fc200000)
[11.097s][debug  ][gc,heap        ] GC(41)   from space 31744K, 96% used [0x00000000fc200000,0x00000000fe000030,0x00000000fe100000)
[11.097s][debug  ][gc,heap        ] GC(41)   to   space 31744K, 0% used [0x00000000fe100000,0x00000000fe100000,0x0000000100000000)
[11.097s][debug  ][gc,heap        ] GC(41)  ParOldGen       total 1790464K, used 1035876K [0x0000000080000000, 0x00000000ed480000, 0x00000000f0000000)
[11.097s][debug  ][gc,heap        ] GC(41)   object space 1790464K, 57% used [0x0000000080000000,0x00000000bf3992d8,0x00000000ed480000)
[11.097s][debug  ][gc,heap        ] GC(41)  Metaspace       used 1019K, committed 1152K, reserved 1056768K
[11.097s][debug  ][gc,heap        ] GC(41)   class space    used 83K, committed 192K, reserved 1048576K
[11.097s][debug  ][gc,tlab        ] GC(41) TLAB totals: thrds: 1  refills: 1 max: 1 slow allocs: 18 max 18 waste: 27.3% gc: 3933120B max: 3933120B slow: 0B max: 0B
[11.097s][info   ][gc,start       ] GC(41) Pause Young (Allocation Failure)
[11.097s][debug  ][gc,phases,start] GC(41) Scavenge
[11.113s][debug  ][gc,phases      ] GC(41) Scavenge 15.894ms
[11.113s][debug  ][gc,phases,start] GC(41) Reference Processing
[11.113s][debug  ][gc,ref         ] GC(41) Skipped phase 1 of Reference Processing: no references
[11.113s][debug  ][gc,ref         ] GC(41) Skipped phase 2 of Reference Processing: no references
[11.113s][debug  ][gc,ref         ] GC(41) Skipped phase 3 of Reference Processing: no references
[11.113s][debug  ][gc,ref         ] GC(41) Skipped phase 4 of Reference Processing: no references
[11.113s][debug  ][gc,phases,ref  ] GC(41) Reference Processing: 0.1ms
[11.113s][debug  ][gc,phases,ref  ] GC(41)   Reconsider SoftReferences: 0.0ms
[11.113s][debug  ][gc,phases,ref  ] GC(41)     SoftRef (ms):                  skipped
[11.113s][debug  ][gc,phases,ref  ] GC(41)   Notify Soft/WeakReferences: 0.0ms
[11.114s][debug  ][gc,phases,ref  ] GC(41)     SoftRef (ms):                  skipped
[11.114s][debug  ][gc,phases,ref  ] GC(41)     WeakRef (ms):                  skipped
[11.114s][debug  ][gc,phases,ref  ] GC(41)     FinalRef (ms):                 skipped
[11.114s][debug  ][gc,phases,ref  ] GC(41)     Total (ms):                    skipped
[11.114s][debug  ][gc,phases,ref  ] GC(41)   Notify and keep alive finalizable: 0.0ms
[11.114s][debug  ][gc,phases,ref  ] GC(41)     FinalRef (ms):                 skipped
[11.114s][debug  ][gc,phases,ref  ] GC(41)   Notify PhantomReferences: 0.0ms
[11.114s][debug  ][gc,phases,ref  ] GC(41)     PhantomRef (ms):               skipped
[11.114s][debug  ][gc,phases,ref  ] GC(41)   SoftReference:
[11.114s][debug  ][gc,phases,ref  ] GC(41)     Discovered: 0
[11.114s][debug  ][gc,phases,ref  ] GC(41)     Cleared: 0
[11.114s][debug  ][gc,phases,ref  ] GC(41)   WeakReference:
[11.114s][debug  ][gc,phases,ref  ] GC(41)     Discovered: 0
[11.114s][debug  ][gc,phases,ref  ] GC(41)     Cleared: 0
[11.114s][debug  ][gc,phases,ref  ] GC(41)   FinalReference:
[11.114s][debug  ][gc,phases,ref  ] GC(41)     Discovered: 0
[11.114s][debug  ][gc,phases,ref  ] GC(41)     Cleared: 0
[11.114s][debug  ][gc,phases,ref  ] GC(41)   PhantomReference:
[11.114s][debug  ][gc,phases,ref  ] GC(41)     Discovered: 0
[11.114s][debug  ][gc,phases,ref  ] GC(41)     Cleared: 0
[11.114s][debug  ][gc,phases      ] GC(41) Reference Processing 0.682ms
[11.114s][debug  ][gc,phases,start] GC(41) Weak Processing
[11.114s][debug  ][gc,phases      ] GC(41)   VM Weak                        Min:  0.0, Avg:  0.0, Max:  0.0, Diff:  0.0, Sum:  0.0, Workers: 6
[11.114s][debug  ][gc,phases      ] GC(41)     Dead                           Min: 0, Avg:  0.0, Max: 0, Diff: 0, Sum: 0, Workers: 6
[11.114s][debug  ][gc,phases      ] GC(41)     Total                          Min: 0, Avg:  1.3, Max: 8, Diff: 8, Sum: 8, Workers: 6
[11.114s][debug  ][gc,phases      ] GC(41)   ObjectSynchronizer Weak        Min:  0.0, Avg:  0.0, Max:  0.0, Diff:  0.0, Sum:  0.0, Workers: 6
[11.114s][debug  ][gc,phases      ] GC(41)     Dead                           Min: 0, Avg:  0.0, Max: 0, Diff: 0, Sum: 0, Workers: 6
[11.114s][debug  ][gc,phases      ] GC(41)     Total                          Min: 0, Avg:  0.5, Max: 3, Diff: 3, Sum: 3, Workers: 6
[11.114s][debug  ][gc,phases      ] GC(41)   JVMTI Tag Weak OopStorage      Min:  0.0, Avg:  0.0, Max:  0.0, Diff:  0.0, Sum:  0.0, Workers: 6
[11.114s][debug  ][gc,phases      ] GC(41)     Dead                           Min: 0, Avg:  0.0, Max: 0, Diff: 0, Sum: 0, Workers: 6
[11.114s][debug  ][gc,phases      ] GC(41)     Total                          Min: 0, Avg:  0.0, Max: 0, Diff: 0, Sum: 0, Workers: 6
[11.114s][debug  ][gc,phases      ] GC(41)   StringTable Weak               Min:  0.0, Avg:  0.0, Max:  0.0, Diff:  0.0, Sum:  0.0, Workers: 6
[11.114s][debug  ][gc,phases      ] GC(41)     Dead                           Min: 0, Avg:  0.0, Max: 0, Diff: 0, Sum: 0, Workers: 6
[11.114s][debug  ][gc,phases      ] GC(41)     Total                          Min: 768, Avg: 892.8, Max: 1087, Diff: 319, Sum: 5357, Workers: 6
[11.114s][debug  ][gc,phases      ] GC(41)   ResolvedMethodTable Weak       Min:  0.0, Avg:  0.0, Max:  0.0, Diff:  0.0, Sum:  0.0, Workers: 6
[11.114s][debug  ][gc,phases      ] GC(41)     Dead                           Min: 0, Avg:  0.0, Max: 0, Diff: 0, Sum: 0, Workers: 6
[11.114s][debug  ][gc,phases      ] GC(41)     Total                          Min: 0, Avg: 21.7, Max: 64, Diff: 64, Sum: 130, Workers: 6
[11.114s][debug  ][gc,phases      ] GC(41)   JNI Weak                       Min:  0.0, Avg:  0.0, Max:  0.0, Diff:  0.0, Sum:  0.0, Workers: 6
[11.114s][debug  ][gc,phases      ] GC(41)     Dead                           Min: 0, Avg:  0.0, Max: 0, Diff: 0, Sum: 0, Workers: 6
[11.114s][debug  ][gc,phases      ] GC(41)     Total                          Min: 0, Avg:  0.0, Max: 0, Diff: 0, Sum: 0, Workers: 6
[11.114s][debug  ][gc,phases      ] GC(41)   StringDedup Table Weak         Min:  0.0, Avg:  0.0, Max:  0.0, Diff:  0.0, Sum:  0.0, Workers: 6
[11.114s][debug  ][gc,phases      ] GC(41)     Dead                           Min: 0, Avg:  0.0, Max: 0, Diff: 0, Sum: 0, Workers: 6
[11.114s][debug  ][gc,phases      ] GC(41)     Total                          Min: 0, Avg:  0.0, Max: 0, Diff: 0, Sum: 0, Workers: 6
[11.115s][debug  ][gc,phases      ] GC(41)   StringDedup Requests0 Weak     Min:  0.0, Avg:  0.0, Max:  0.0, Diff:  0.0, Sum:  0.0, Workers: 6
[11.115s][debug  ][gc,phases      ] GC(41)     Dead                           Min: 0, Avg:  0.0, Max: 0, Diff: 0, Sum: 0, Workers: 6
[11.115s][debug  ][gc,phases      ] GC(41)     Total                          Min: 0, Avg:  0.0, Max: 0, Diff: 0, Sum: 0, Workers: 6
[11.115s][debug  ][gc,phases      ] GC(41)   StringDedup Requests1 Weak     Min:  0.0, Avg:  0.0, Max:  0.0, Diff:  0.0, Sum:  0.0, Workers: 6
[11.115s][debug  ][gc,phases      ] GC(41)     Dead                           Min: 0, Avg:  0.0, Max: 0, Diff: 0, Sum: 0, Workers: 6
[11.115s][debug  ][gc,phases      ] GC(41)     Total                          Min: 0, Avg:  0.0, Max: 0, Diff: 0, Sum: 0, Workers: 6
[11.115s][debug  ][gc,phases      ] GC(41)   Weak JFR Old Object Samples    Min:  0.0, Avg:  0.0, Max:  0.0, Diff:  0.0, Sum:  0.0, Workers: 6
[11.115s][debug  ][gc,phases      ] GC(41)     Dead                           Min: 0, Avg:  0.0, Max: 0, Diff: 0, Sum: 0, Workers: 6
[11.115s][debug  ][gc,phases      ] GC(41)     Total                          Min: 0, Avg:  0.0, Max: 0, Diff: 0, Sum: 0, Workers: 6
[11.115s][debug  ][gc,phases      ] GC(41) Weak Processing 0.691ms
[11.115s][debug  ][gc,ergo        ] GC(41) AdaptiveSizeStart:  collection: 42 
[11.115s][debug  ][gc,ergo        ] GC(41) avg_survived_padded_avg: 32149592.000000
[11.115s][debug  ][gc,ergo        ] GC(41) avg_promoted_padded_avg: 249536160.000000  avg_pretenured_padded_avg: 0.000000  tenuring_thresh: 1  target_size: 32505856
[11.115s][debug  ][gc,age         ] GC(41) Desired survivor size 32505856 bytes, new threshold 1 (max threshold 15)
[11.115s][debug  ][gc,ergo        ] GC(41) PSAdaptiveSizePolicy::compute_eden_space_size limits: desired_eden_size: 234660666 old_eden_size: 203423744 eden_limit: 203423744 cur_eden: 203423744 max_eden_size: 203423744 avg_young_live: 26298740
[11.115s][debug  ][gc,ergo        ] GC(41) PSAdaptiveSizePolicy::compute_eden_space_size: costs minor_time: 0.049306 major_cost: 0.030968 mutator_cost: 0.919726 throughput_goal: 0.990000
[11.115s][debug  ][gc,ergo        ] GC(41) Live_space: 857569280 free_space: 1001390080
[11.115s][debug  ][gc,ergo        ] GC(41) Old eden_size: 203423744 desired_eden_size: 203423744
[11.115s][debug  ][gc,ergo        ] GC(41) AdaptiveSizeStop: collection: 42 
[11.115s][info   ][gc,heap        ] GC(41) PSYoungGen: 229121K(230400K)->30720K(230400K) Eden: 198401K(198656K)->0K(198656K) From: 30720K(31744K)->30720K(31744K)
[11.115s][info   ][gc,heap        ] GC(41) ParOldGen: 1035876K(1790464K)->1230437K(1790464K)
[11.115s][info   ][gc,metaspace   ] GC(41) Metaspace: 1019K(1152K)->1019K(1152K) NonClass: 935K(960K)->935K(960K) Class: 83K(192K)->83K(192K)
[11.115s][info   ][gc             ] GC(41) Pause Young (Allocation Failure) 1235M->1231M(1973M) 17.700ms
[11.115s][info   ][gc,cpu         ] GC(41) User=0.16s Sys=0.00s Real=0.02s
[11.115s][debug  ][gc,heap        ] GC(41) Heap after GC invocations=42 (full 7):
[11.115s][debug  ][gc,heap        ] GC(41)  PSYoungGen      total 230400K, used 30720K [0x00000000f0000000, 0x0000000100000000, 0x0000000100000000)
[11.115s][debug  ][gc,heap        ] GC(41)   eden space 198656K, 0% used [0x00000000f0000000,0x00000000f0000000,0x00000000fc200000)
[11.115s][debug  ][gc,heap        ] GC(41)   from space 31744K, 96% used [0x00000000fe100000,0x00000000fff00030,0x0000000100000000)
[11.115s][debug  ][gc,heap        ] GC(41)   to   space 31744K, 0% used [0x00000000fc200000,0x00000000fc200000,0x00000000fe100000)
[11.115s][debug  ][gc,heap        ] GC(41)  ParOldGen       total 1790464K, used 1230437K [0x0000000080000000, 0x00000000ed480000, 0x00000000f0000000)
[11.115s][debug  ][gc,heap        ] GC(41)   object space 1790464K, 68% used [0x0000000080000000,0x00000000cb199408,0x00000000ed480000)
[11.115s][debug  ][gc,heap        ] GC(41)  Metaspace       used 1019K, committed 1152K, reserved 1056768K
[11.115s][debug  ][gc,heap        ] GC(41)   class space    used 83K, committed 192K, reserved 1048576K
[11.115s][debug  ][gc,task,time   ] GC(41) VM-Thread 110968615 111133014 111152162
[11.411s][debug  ][gc,heap        ] GC(42) Heap before GC invocations=43 (full 7):
[11.411s][debug  ][gc,heap        ] GC(42)  PSYoungGen      total 230400K, used 229140K [0x00000000f0000000, 0x0000000100000000, 0x0000000100000000)
[11.411s][debug  ][gc,heap        ] GC(42)   eden space 198656K, 99% used [0x00000000f0000000,0x00000000fc1c5258,0x00000000fc200000)
[11.411s][debug  ][gc,heap        ] GC(42)   from space 31744K, 96% used [0x00000000fe100000,0x00000000fff00030,0x0000000100000000)
[11.411s][debug  ][gc,heap        ] GC(42)   to   space 31744K, 0% used [0x00000000fc200000,0x00000000fc200000,0x00000000fe100000)
[11.411s][debug  ][gc,heap        ] GC(42)  ParOldGen       total 1790464K, used 1230437K [0x0000000080000000, 0x00000000ed480000, 0x00000000f0000000)
[11.411s][debug  ][gc,heap        ] GC(42)   object space 1790464K, 68% used [0x0000000080000000,0x00000000cb199408,0x00000000ed480000)
[11.411s][debug  ][gc,heap        ] GC(42)  Metaspace       used 1019K, committed 1152K, reserved 1056768K
[11.411s][debug  ][gc,heap        ] GC(42)   class space    used 83K, committed 192K, reserved 1048576K
[11.411s][debug  ][gc,tlab        ] GC(42) TLAB totals: thrds: 1  refills: 1 max: 1 slow allocs: 18 max 18 waste: 27.4% gc: 3952936B max: 3952936B slow: 0B max: 0B
[11.411s][info   ][gc,start       ] GC(42) Pause Young (Allocation Failure)
[11.411s][debug  ][gc,phases,start] GC(42) Scavenge
[11.427s][debug  ][gc,phases      ] GC(42) Scavenge 15.600ms
[11.427s][debug  ][gc,phases,start] GC(42) Reference Processing
[11.427s][debug  ][gc,ref         ] GC(42) Skipped phase 1 of Reference Processing: no references
[11.427s][debug  ][gc,ref         ] GC(42) Skipped phase 2 of Reference Processing: no references
[11.427s][debug  ][gc,ref         ] GC(42) Skipped phase 3 of Reference Processing: no references
[11.427s][debug  ][gc,ref         ] GC(42) Skipped phase 4 of Reference Processing: no references
[11.427s][debug  ][gc,phases,ref  ] GC(42) Reference Processing: 0.1ms
[11.427s][debug  ][gc,phases,ref  ] GC(42)   Reconsider SoftReferences: 0.0ms
[11.427s][debug  ][gc,phases,ref  ] GC(42)     SoftRef (ms):                  skipped
[11.427s][debug  ][gc,phases,ref  ] GC(42)   Notify Soft/WeakReferences: 0.0ms
[11.427s][debug  ][gc,phases,ref  ] GC(42)     SoftRef (ms):                  skipped
[11.427s][debug  ][gc,phases,ref  ] GC(42)     WeakRef (ms):                  skipped
[11.427s][debug  ][gc,phases,ref  ] GC(42)     FinalRef (ms):                 skipped
[11.427s][debug  ][gc,phases,ref  ] GC(42)     Total (ms):                    skipped
[11.427s][debug  ][gc,phases,ref  ] GC(42)   Notify and keep alive finalizable: 0.0ms
[11.427s][debug  ][gc,phases,ref  ] GC(42)     FinalRef (ms):                 skipped
[11.427s][debug  ][gc,phases,ref  ] GC(42)   Notify PhantomReferences: 0.0ms
[11.427s][debug  ][gc,phases,ref  ] GC(42)     PhantomRef (ms):               skipped
[11.427s][debug  ][gc,phases,ref  ] GC(42)   SoftReference:
[11.428s][debug  ][gc,phases,ref  ] GC(42)     Discovered: 0
[11.428s][debug  ][gc,phases,ref  ] GC(42)     Cleared: 0
[11.428s][debug  ][gc,phases,ref  ] GC(42)   WeakReference:
[11.428s][debug  ][gc,phases,ref  ] GC(42)     Discovered: 0
[11.428s][debug  ][gc,phases,ref  ] GC(42)     Cleared: 0
[11.428s][debug  ][gc,phases,ref  ] GC(42)   FinalReference:
[11.428s][debug  ][gc,phases,ref  ] GC(42)     Discovered: 0
[11.428s][debug  ][gc,phases,ref  ] GC(42)     Cleared: 0
[11.428s][debug  ][gc,phases,ref  ] GC(42)   PhantomReference:
[11.428s][debug  ][gc,phases,ref  ] GC(42)     Discovered: 0
[11.428s][debug  ][gc,phases,ref  ] GC(42)     Cleared: 0
[11.428s][debug  ][gc,phases      ] GC(42) Reference Processing 0.645ms
[11.428s][debug  ][gc,phases,start] GC(42) Weak Processing
[11.428s][debug  ][gc,phases      ] GC(42)   VM Weak                        Min:  0.0, Avg:  0.0, Max:  0.0, Diff:  0.0, Sum:  0.0, Workers: 6
[11.428s][debug  ][gc,phases      ] GC(42)     Dead                           Min: 0, Avg:  0.0, Max: 0, Diff: 0, Sum: 0, Workers: 6
[11.428s][debug  ][gc,phases      ] GC(42)     Total                          Min: 0, Avg:  1.3, Max: 8, Diff: 8, Sum: 8, Workers: 6
[11.428s][debug  ][gc,phases      ] GC(42)   ObjectSynchronizer Weak        Min:  0.0, Avg:  0.0, Max:  0.0, Diff:  0.0, Sum:  0.0, Workers: 6
[11.428s][debug  ][gc,phases      ] GC(42)     Dead                           Min: 0, Avg:  0.0, Max: 0, Diff: 0, Sum: 0, Workers: 6
[11.428s][debug  ][gc,phases      ] GC(42)     Total                          Min: 0, Avg:  0.5, Max: 3, Diff: 3, Sum: 3, Workers: 6
[11.428s][debug  ][gc,phases      ] GC(42)   JVMTI Tag Weak OopStorage      Min:  0.0, Avg:  0.0, Max:  0.0, Diff:  0.0, Sum:  0.0, Workers: 6
[11.428s][debug  ][gc,phases      ] GC(42)     Dead                           Min: 0, Avg:  0.0, Max: 0, Diff: 0, Sum: 0, Workers: 6
[11.428s][debug  ][gc,phases      ] GC(42)     Total                          Min: 0, Avg:  0.0, Max: 0, Diff: 0, Sum: 0, Workers: 6
[11.428s][debug  ][gc,phases      ] GC(42)   StringTable Weak               Min:  0.0, Avg:  0.0, Max:  0.0, Diff:  0.0, Sum:  0.0, Workers: 6
[11.428s][debug  ][gc,phases      ] GC(42)     Dead                           Min: 0, Avg:  0.0, Max: 0, Diff: 0, Sum: 0, Workers: 6
[11.428s][debug  ][gc,phases      ] GC(42)     Total                          Min: 750, Avg: 892.8, Max: 1088, Diff: 338, Sum: 5357, Workers: 6
[11.428s][debug  ][gc,phases      ] GC(42)   ResolvedMethodTable Weak       Min:  0.0, Avg:  0.0, Max:  0.0, Diff:  0.0, Sum:  0.0, Workers: 6
[11.428s][debug  ][gc,phases      ] GC(42)     Dead                           Min: 0, Avg:  0.0, Max: 0, Diff: 0, Sum: 0, Workers: 6
[11.428s][debug  ][gc,phases      ] GC(42)     Total                          Min: 0, Avg: 21.7, Max: 64, Diff: 64, Sum: 130, Workers: 6
[11.428s][debug  ][gc,phases      ] GC(42)   JNI Weak                       Min:  0.0, Avg:  0.0, Max:  0.0, Diff:  0.0, Sum:  0.0, Workers: 6
[11.428s][debug  ][gc,phases      ] GC(42)     Dead                           Min: 0, Avg:  0.0, Max: 0, Diff: 0, Sum: 0, Workers: 6
[11.428s][debug  ][gc,phases      ] GC(42)     Total                          Min: 0, Avg:  0.0, Max: 0, Diff: 0, Sum: 0, Workers: 6
[11.428s][debug  ][gc,phases      ] GC(42)   StringDedup Table Weak         Min:  0.0, Avg:  0.0, Max:  0.0, Diff:  0.0, Sum:  0.0, Workers: 6
[11.428s][debug  ][gc,phases      ] GC(42)     Dead                           Min: 0, Avg:  0.0, Max: 0, Diff: 0, Sum: 0, Workers: 6
[11.428s][debug  ][gc,phases      ] GC(42)     Total                          Min: 0, Avg:  0.0, Max: 0, Diff: 0, Sum: 0, Workers: 6
[11.428s][debug  ][gc,phases      ] GC(42)   StringDedup Requests0 Weak     Min:  0.0, Avg:  0.0, Max:  0.0, Diff:  0.0, Sum:  0.0, Workers: 6
[11.428s][debug  ][gc,phases      ] GC(42)     Dead                           Min: 0, Avg:  0.0, Max: 0, Diff: 0, Sum: 0, Workers: 6
[11.428s][debug  ][gc,phases      ] GC(42)     Total                          Min: 0, Avg:  0.0, Max: 0, Diff: 0, Sum: 0, Workers: 6
[11.428s][debug  ][gc,phases      ] GC(42)   StringDedup Requests1 Weak     Min:  0.0, Avg:  0.0, Max:  0.0, Diff:  0.0, Sum:  0.0, Workers: 6
[11.428s][debug  ][gc,phases      ] GC(42)     Dead                           Min: 0, Avg:  0.0, Max: 0, Diff: 0, Sum: 0, Workers: 6
[11.428s][debug  ][gc,phases      ] GC(42)     Total                          Min: 0, Avg:  0.0, Max: 0, Diff: 0, Sum: 0, Workers: 6
[11.428s][debug  ][gc,phases      ] GC(42)   Weak JFR Old Object Samples    Min:  0.0, Avg:  0.0, Max:  0.0, Diff:  0.0, Sum:  0.0, Workers: 6
[11.428s][debug  ][gc,phases      ] GC(42)     Dead                           Min: 0, Avg:  0.0, Max: 0, Diff: 0, Sum: 0, Workers: 6
[11.428s][debug  ][gc,phases      ] GC(42)     Total                          Min: 0, Avg:  0.0, Max: 0, Diff: 0, Sum: 0, Workers: 6
[11.428s][debug  ][gc,phases      ] GC(42) Weak Processing 0.702ms
[11.428s][debug  ][gc,ergo        ] GC(42) AdaptiveSizeStart:  collection: 43 
[11.429s][debug  ][gc,ergo        ] GC(42) avg_survived_padded_avg: 32099296.000000
[11.429s][debug  ][gc,ergo        ] GC(42) avg_promoted_padded_avg: 254521392.000000  avg_pretenured_padded_avg: 0.000000  tenuring_thresh: 1  target_size: 32505856
[11.429s][debug  ][gc,age         ] GC(42) Desired survivor size 32505856 bytes, new threshold 1 (max threshold 15)
[11.429s][debug  ][gc,ergo        ] GC(42) PSAdaptiveSizePolicy::compute_eden_space_size limits: desired_eden_size: 234966881 old_eden_size: 203423744 eden_limit: 203423744 cur_eden: 203423744 max_eden_size: 203423744 avg_young_live: 26814598
[11.429s][debug  ][gc,ergo        ] GC(42) PSAdaptiveSizePolicy::compute_eden_space_size: costs minor_time: 0.050579 major_cost: 0.030968 mutator_cost: 0.918454 throughput_goal: 0.990000
[11.429s][debug  ][gc,ergo        ] GC(42) Live_space: 858085120 free_space: 1001390080
[11.429s][debug  ][gc,ergo        ] GC(42) Old eden_size: 203423744 desired_eden_size: 203423744
[11.429s][debug  ][gc,ergo        ] GC(42) AdaptiveSizeStop: collection: 43 
[11.429s][info   ][gc,heap        ] GC(42) PSYoungGen: 229140K(230400K)->30720K(230400K) Eden: 198420K(198656K)->0K(198656K) From: 30720K(31744K)->30720K(31744K)
[11.429s][info   ][gc,heap        ] GC(42) ParOldGen: 1230437K(1790464K)->1424997K(1790464K)
[11.429s][info   ][gc,metaspace   ] GC(42) Metaspace: 1019K(1152K)->1019K(1152K) NonClass: 935K(960K)->935K(960K) Class: 83K(192K)->83K(192K)
[11.429s][info   ][gc             ] GC(42) Pause Young (Allocation Failure) 1425M->1421M(1973M) 17.391ms
[11.429s][info   ][gc,cpu         ] GC(42) User=0.16s Sys=0.00s Real=0.02s
[11.429s][debug  ][gc,heap        ] GC(42) Heap after GC invocations=43 (full 7):
[11.429s][debug  ][gc,heap        ] GC(42)  PSYoungGen      total 230400K, used 30720K [0x00000000f0000000, 0x0000000100000000, 0x0000000100000000)
[11.429s][debug  ][gc,heap        ] GC(42)   eden space 198656K, 0% used [0x00000000f0000000,0x00000000f0000000,0x00000000fc200000)
[11.429s][debug  ][gc,heap        ] GC(42)   from space 31744K, 96% used [0x00000000fc200000,0x00000000fe000030,0x00000000fe100000)
[11.429s][debug  ][gc,heap        ] GC(42)   to   space 31744K, 0% used [0x00000000fe100000,0x00000000fe100000,0x0000000100000000)
[11.429s][debug  ][gc,heap        ] GC(42)  ParOldGen       total 1790464K, used 1424997K [0x0000000080000000, 0x00000000ed480000, 0x00000000f0000000)
[11.429s][debug  ][gc,heap        ] GC(42)   object space 1790464K, 79% used [0x0000000080000000,0x00000000d6f99538,0x00000000ed480000)
[11.429s][debug  ][gc,heap        ] GC(42)  Metaspace       used 1019K, committed 1152K, reserved 1056768K
[11.429s][debug  ][gc,heap        ] GC(42)   class space    used 83K, committed 192K, reserved 1048576K
[11.429s][debug  ][gc,task,time   ] GC(42) VM-Thread 114109003 114270879 114289815
[11.725s][debug  ][gc,heap        ] GC(43) Heap before GC invocations=44 (full 7):
[11.725s][debug  ][gc,heap        ] GC(43)  PSYoungGen      total 230400K, used 229153K [0x00000000f0000000, 0x0000000100000000, 0x0000000100000000)
[11.725s][debug  ][gc,heap        ] GC(43)   eden space 198656K, 99% used [0x00000000f0000000,0x00000000fc1c8418,0x00000000fc200000)
[11.725s][debug  ][gc,heap        ] GC(43)   from space 31744K, 96% used [0x00000000fc200000,0x00000000fe000030,0x00000000fe100000)
[11.726s][debug  ][gc,heap        ] GC(43)   to   space 31744K, 0% used [0x00000000fe100000,0x00000000fe100000,0x0000000100000000)
[11.726s][debug  ][gc,heap        ] GC(43)  ParOldGen       total 1790464K, used 1424997K [0x0000000080000000, 0x00000000ed480000, 0x00000000f0000000)
[11.726s][debug  ][gc,heap        ] GC(43)   object space 1790464K, 79% used [0x0000000080000000,0x00000000d6f99538,0x00000000ed480000)
[11.726s][debug  ][gc,heap        ] GC(43)  Metaspace       used 1019K, committed 1152K, reserved 1056768K
[11.726s][debug  ][gc,heap        ] GC(43)   class space    used 83K, committed 192K, reserved 1048576K
[11.726s][debug  ][gc,tlab        ] GC(43) TLAB totals: thrds: 1  refills: 1 max: 1 slow allocs: 18 max 18 waste: 27.4% gc: 3965672B max: 3965672B slow: 0B max: 0B
[11.726s][info   ][gc,start       ] GC(43) Pause Young (Allocation Failure)
[11.726s][debug  ][gc,phases,start] GC(43) Scavenge
[11.743s][debug  ][gc,phases      ] GC(43) Scavenge 17.188ms
[11.743s][debug  ][gc,phases,start] GC(43) Reference Processing
[11.743s][debug  ][gc,ref         ] GC(43) Skipped phase 1 of Reference Processing: no references
[11.743s][debug  ][gc,ref         ] GC(43) Skipped phase 2 of Reference Processing: no references
[11.743s][debug  ][gc,ref         ] GC(43) Skipped phase 3 of Reference Processing: no references
[11.743s][debug  ][gc,ref         ] GC(43) Skipped phase 4 of Reference Processing: no references
[11.743s][debug  ][gc,phases,ref  ] GC(43) Reference Processing: 0.1ms
[11.743s][debug  ][gc,phases,ref  ] GC(43)   Reconsider SoftReferences: 0.0ms
[11.743s][debug  ][gc,phases,ref  ] GC(43)     SoftRef (ms):                  skipped
[11.743s][debug  ][gc,phases,ref  ] GC(43)   Notify Soft/WeakReferences: 0.0ms
[11.743s][debug  ][gc,phases,ref  ] GC(43)     SoftRef (ms):                  skipped
[11.743s][debug  ][gc,phases,ref  ] GC(43)     WeakRef (ms):                  skipped
[11.743s][debug  ][gc,phases,ref  ] GC(43)     FinalRef (ms):                 skipped
[11.743s][debug  ][gc,phases,ref  ] GC(43)     Total (ms):                    skipped
[11.743s][debug  ][gc,phases,ref  ] GC(43)   Notify and keep alive finalizable: 0.0ms
[11.743s][debug  ][gc,phases,ref  ] GC(43)     FinalRef (ms):                 skipped
[11.743s][debug  ][gc,phases,ref  ] GC(43)   Notify PhantomReferences: 0.0ms
[11.743s][debug  ][gc,phases,ref  ] GC(43)     PhantomRef (ms):               skipped
[11.743s][debug  ][gc,phases,ref  ] GC(43)   SoftReference:
[11.743s][debug  ][gc,phases,ref  ] GC(43)     Discovered: 0
[11.743s][debug  ][gc,phases,ref  ] GC(43)     Cleared: 0
[11.744s][debug  ][gc,phases,ref  ] GC(43)   WeakReference:
[11.744s][debug  ][gc,phases,ref  ] GC(43)     Discovered: 0
[11.744s][debug  ][gc,phases,ref  ] GC(43)     Cleared: 0
[11.744s][debug  ][gc,phases,ref  ] GC(43)   FinalReference:
[11.744s][debug  ][gc,phases,ref  ] GC(43)     Discovered: 0
[11.744s][debug  ][gc,phases,ref  ] GC(43)     Cleared: 0
[11.744s][debug  ][gc,phases,ref  ] GC(43)   PhantomReference:
[11.744s][debug  ][gc,phases,ref  ] GC(43)     Discovered: 0
[11.744s][debug  ][gc,phases,ref  ] GC(43)     Cleared: 0
[11.744s][debug  ][gc,phases      ] GC(43) Reference Processing 0.690ms
[11.744s][debug  ][gc,phases,start] GC(43) Weak Processing
[11.744s][debug  ][gc,phases      ] GC(43)   VM Weak                        Min:  0.0, Avg:  0.0, Max:  0.0, Diff:  0.0, Sum:  0.0, Workers: 6
[11.744s][debug  ][gc,phases      ] GC(43)     Dead                           Min: 0, Avg:  0.0, Max: 0, Diff: 0, Sum: 0, Workers: 6
[11.744s][debug  ][gc,phases      ] GC(43)     Total                          Min: 0, Avg:  1.3, Max: 8, Diff: 8, Sum: 8, Workers: 6
[11.744s][debug  ][gc,phases      ] GC(43)   ObjectSynchronizer Weak        Min:  0.0, Avg:  0.0, Max:  0.0, Diff:  0.0, Sum:  0.0, Workers: 6
[11.744s][debug  ][gc,phases      ] GC(43)     Dead                           Min: 0, Avg:  0.0, Max: 0, Diff: 0, Sum: 0, Workers: 6
[11.744s][debug  ][gc,phases      ] GC(43)     Total                          Min: 0, Avg:  0.5, Max: 3, Diff: 3, Sum: 3, Workers: 6
[11.744s][debug  ][gc,phases      ] GC(43)   JVMTI Tag Weak OopStorage      Min:  0.0, Avg:  0.0, Max:  0.0, Diff:  0.0, Sum:  0.0, Workers: 6
[11.744s][debug  ][gc,phases      ] GC(43)     Dead                           Min: 0, Avg:  0.0, Max: 0, Diff: 0, Sum: 0, Workers: 6
[11.744s][debug  ][gc,phases      ] GC(43)     Total                          Min: 0, Avg:  0.0, Max: 0, Diff: 0, Sum: 0, Workers: 6
[11.744s][debug  ][gc,phases      ] GC(43)   StringTable Weak               Min:  0.0, Avg:  0.0, Max:  0.1, Diff:  0.1, Sum:  0.1, Workers: 6
[11.744s][debug  ][gc,phases      ] GC(43)     Dead                           Min: 0, Avg:  0.0, Max: 0, Diff: 0, Sum: 0, Workers: 6
[11.744s][debug  ][gc,phases      ] GC(43)     Total                          Min: 576, Avg: 892.8, Max: 1088, Diff: 512, Sum: 5357, Workers: 6
[11.744s][debug  ][gc,phases      ] GC(43)   ResolvedMethodTable Weak       Min:  0.0, Avg:  0.0, Max:  0.0, Diff:  0.0, Sum:  0.0, Workers: 6
[11.744s][debug  ][gc,phases      ] GC(43)     Dead                           Min: 0, Avg:  0.0, Max: 0, Diff: 0, Sum: 0, Workers: 6
[11.744s][debug  ][gc,phases      ] GC(43)     Total                          Min: 0, Avg: 21.7, Max: 64, Diff: 64, Sum: 130, Workers: 6
[11.744s][debug  ][gc,phases      ] GC(43)   JNI Weak                       Min:  0.0, Avg:  0.0, Max:  0.0, Diff:  0.0, Sum:  0.0, Workers: 6
[11.744s][debug  ][gc,phases      ] GC(43)     Dead                           Min: 0, Avg:  0.0, Max: 0, Diff: 0, Sum: 0, Workers: 6
[11.744s][debug  ][gc,phases      ] GC(43)     Total                          Min: 0, Avg:  0.0, Max: 0, Diff: 0, Sum: 0, Workers: 6
[11.744s][debug  ][gc,phases      ] GC(43)   StringDedup Table Weak         Min:  0.0, Avg:  0.0, Max:  0.0, Diff:  0.0, Sum:  0.0, Workers: 6
[11.744s][debug  ][gc,phases      ] GC(43)     Dead                           Min: 0, Avg:  0.0, Max: 0, Diff: 0, Sum: 0, Workers: 6
[11.744s][debug  ][gc,phases      ] GC(43)     Total                          Min: 0, Avg:  0.0, Max: 0, Diff: 0, Sum: 0, Workers: 6
[11.744s][debug  ][gc,phases      ] GC(43)   StringDedup Requests0 Weak     Min:  0.0, Avg:  0.0, Max:  0.0, Diff:  0.0, Sum:  0.0, Workers: 6
[11.744s][debug  ][gc,phases      ] GC(43)     Dead                           Min: 0, Avg:  0.0, Max: 0, Diff: 0, Sum: 0, Workers: 6
[11.744s][debug  ][gc,phases      ] GC(43)     Total                          Min: 0, Avg:  0.0, Max: 0, Diff: 0, Sum: 0, Workers: 6
[11.744s][debug  ][gc,phases      ] GC(43)   StringDedup Requests1 Weak     Min:  0.0, Avg:  0.0, Max:  0.0, Diff:  0.0, Sum:  0.0, Workers: 6
[11.745s][debug  ][gc,phases      ] GC(43)     Dead                           Min: 0, Avg:  0.0, Max: 0, Diff: 0, Sum: 0, Workers: 6
[11.745s][debug  ][gc,phases      ] GC(43)     Total                          Min: 0, Avg:  0.0, Max: 0, Diff: 0, Sum: 0, Workers: 6
[11.745s][debug  ][gc,phases      ] GC(43)   Weak JFR Old Object Samples    Min:  0.0, Avg:  0.0, Max:  0.0, Diff:  0.0, Sum:  0.0, Workers: 6
[11.745s][debug  ][gc,phases      ] GC(43)     Dead                           Min: 0, Avg:  0.0, Max: 0, Diff: 0, Sum: 0, Workers: 6
[11.745s][debug  ][gc,phases      ] GC(43)     Total                          Min: 0, Avg:  0.0, Max: 0, Diff: 0, Sum: 0, Workers: 6
[11.745s][debug  ][gc,phases      ] GC(43) Weak Processing 0.891ms
[11.745s][debug  ][gc,ergo        ] GC(43) AdaptiveSizeStart:  collection: 44 
[11.745s][debug  ][gc,ergo        ] GC(43) avg_survived_padded_avg: 32052134.000000
[11.745s][debug  ][gc,ergo        ] GC(43) avg_promoted_padded_avg: 258006528.000000  avg_pretenured_padded_avg: 0.000000  tenuring_thresh: 1  target_size: 32505856
[11.745s][debug  ][gc,age         ] GC(43) Desired survivor size 32505856 bytes, new threshold 1 (max threshold 15)
[11.745s][debug  ][gc,ergo        ] GC(43) PSAdaptiveSizePolicy::compute_eden_space_size limits: desired_eden_size: 235495495 old_eden_size: 203423744 eden_limit: 203423744 cur_eden: 203423744 max_eden_size: 203423744 avg_young_live: 27278870
[11.745s][debug  ][gc,ergo        ] GC(43) PSAdaptiveSizePolicy::compute_eden_space_size: costs minor_time: 0.052874 major_cost: 0.030968 mutator_cost: 0.916159 throughput_goal: 0.990000
[11.745s][debug  ][gc,ergo        ] GC(43) Live_space: 858549376 free_space: 1001390080
[11.745s][debug  ][gc,ergo        ] GC(43) Old eden_size: 203423744 desired_eden_size: 203423744
[11.745s][debug  ][gc,ergo        ] GC(43) AdaptiveSizeStop: collection: 44 
[11.745s][info   ][gc,heap        ] GC(43) PSYoungGen: 229153K(230400K)->30720K(230400K) Eden: 198433K(198656K)->0K(198656K) From: 30720K(31744K)->30720K(31744K)
[11.745s][info   ][gc,heap        ] GC(43) ParOldGen: 1424997K(1790464K)->1619557K(1790464K)
[11.745s][info   ][gc,metaspace   ] GC(43) Metaspace: 1019K(1152K)->1019K(1152K) NonClass: 935K(960K)->935K(960K) Class: 83K(192K)->83K(192K)
[11.745s][info   ][gc             ] GC(43) Pause Young (Allocation Failure) 1615M->1611M(1973M) 19.263ms
[11.745s][info   ][gc,cpu         ] GC(43) User=0.14s Sys=0.02s Real=0.02s
[11.745s][debug  ][gc,heap        ] GC(43) Heap after GC invocations=44 (full 7):
[11.745s][debug  ][gc,heap        ] GC(43)  PSYoungGen      total 230400K, used 30720K [0x00000000f0000000, 0x0000000100000000, 0x0000000100000000)
[11.745s][debug  ][gc,heap        ] GC(43)   eden space 198656K, 0% used [0x00000000f0000000,0x00000000f0000000,0x00000000fc200000)
[11.745s][debug  ][gc,heap        ] GC(43)   from space 31744K, 96% used [0x00000000fe100000,0x00000000fff00030,0x0000000100000000)
[11.745s][debug  ][gc,heap        ] GC(43)   to   space 31744K, 0% used [0x00000000fc200000,0x00000000fc200000,0x00000000fe100000)
[11.745s][debug  ][gc,heap        ] GC(43)  ParOldGen       total 1790464K, used 1619557K [0x0000000080000000, 0x00000000ed480000, 0x00000000f0000000)
[11.745s][debug  ][gc,heap        ] GC(43)   object space 1790464K, 90% used [0x0000000080000000,0x00000000e2d99668,0x00000000ed480000)
[11.745s][debug  ][gc,heap        ] GC(43)  Metaspace       used 1019K, committed 1152K, reserved 1056768K
[11.745s][debug  ][gc,heap        ] GC(43)   class space    used 83K, committed 192K, reserved 1048576K
[11.745s][debug  ][gc,task,time   ] GC(43) VM-Thread 117253649 117430194 117452397
[11.745s][debug  ][gc,phases,start] GC(44) Pre Compact
[11.745s][debug  ][gc,heap        ] GC(44) Heap before GC invocations=45 (full 8):
[11.745s][debug  ][gc,heap        ] GC(44)  PSYoungGen      total 230400K, used 30720K [0x00000000f0000000, 0x0000000100000000, 0x0000000100000000)
[11.745s][debug  ][gc,heap        ] GC(44)   eden space 198656K, 0% used [0x00000000f0000000,0x00000000f0000000,0x00000000fc200000)
[11.745s][debug  ][gc,heap        ] GC(44)   from space 31744K, 96% used [0x00000000fe100000,0x00000000fff00030,0x0000000100000000)
[11.745s][debug  ][gc,heap        ] GC(44)   to   space 31744K, 0% used [0x00000000fc200000,0x00000000fc200000,0x00000000fe100000)
[11.745s][debug  ][gc,heap        ] GC(44)  ParOldGen       total 1790464K, used 1619557K [0x0000000080000000, 0x00000000ed480000, 0x00000000f0000000)
[11.745s][debug  ][gc,heap        ] GC(44)   object space 1790464K, 90% used [0x0000000080000000,0x00000000e2d99668,0x00000000ed480000)
[11.745s][debug  ][gc,heap        ] GC(44)  Metaspace       used 1019K, committed 1152K, reserved 1056768K
[11.745s][debug  ][gc,heap        ] GC(44)   class space    used 83K, committed 192K, reserved 1048576K
[11.745s][debug  ][gc,phases      ] GC(44) Pre Compact 0.200ms
[11.745s][info   ][gc,start       ] GC(44) Pause Full (Ergonomics)
[11.746s][info   ][gc,phases,start] GC(44) Marking Phase
[11.746s][debug  ][gc,phases,start] GC(44) Par Mark
[11.746s][debug  ][gc,phases      ] GC(44) Par Mark 0.480ms
[11.746s][debug  ][gc,phases,start] GC(44) Reference Processing
[11.746s][debug  ][gc,ref         ] GC(44) Skipped phase 1 of Reference Processing: no references
[11.746s][debug  ][gc,ref         ] GC(44) ReferenceProcessor::execute queues: 1, RefProcThreadModel::Single, marks_oops_alive: false
[11.746s][debug  ][gc,ref         ] GC(44) Skipped phase 3 of Reference Processing: no references
[11.746s][debug  ][gc,ref         ] GC(44) ReferenceProcessor::execute queues: 1, RefProcThreadModel::Single, marks_oops_alive: false
[11.746s][debug  ][gc,phases,ref  ] GC(44) Reference Processing: 0.1ms
[11.746s][debug  ][gc,phases,ref  ] GC(44)   Reconsider SoftReferences: 0.0ms
[11.746s][debug  ][gc,phases,ref  ] GC(44)     SoftRef (ms):                  skipped
[11.746s][debug  ][gc,phases,ref  ] GC(44)   Notify Soft/WeakReferences: 0.0ms
[11.746s][debug  ][gc,phases,ref  ] GC(44)     SoftRef (ms):                  Min:  0.0, Avg:  0.0, Max:  0.0, Diff:  0.0, Sum:  0.0, Workers: 10
[11.746s][debug  ][gc,phases,ref  ] GC(44)     WeakRef (ms):                  Min:  0.0, Avg:  0.0, Max:  0.0, Diff:  0.0, Sum:  0.0, Workers: 10
[11.746s][debug  ][gc,phases,ref  ] GC(44)     FinalRef (ms):                 Min:  0.0, Avg:  0.0, Max:  0.0, Diff:  0.0, Sum:  0.0, Workers: 10
[11.746s][debug  ][gc,phases,ref  ] GC(44)     Total (ms):                    Min:  0.0, Avg:  0.0, Max:  0.0, Diff:  0.0, Sum:  0.0, Workers: 10
[11.746s][debug  ][gc,phases,ref  ] GC(44)   Notify and keep alive finalizable: 0.0ms
[11.746s][debug  ][gc,phases,ref  ] GC(44)     FinalRef (ms):                 skipped
[11.746s][debug  ][gc,phases,ref  ] GC(44)   Notify PhantomReferences: 0.0ms
[11.746s][debug  ][gc,phases,ref  ] GC(44)     PhantomRef (ms):               Min:  0.0, Avg:  0.0, Max:  0.0, Diff:  0.0, Sum:  0.0, Workers: 10
[11.746s][debug  ][gc,phases,ref  ] GC(44)   SoftReference:
[11.746s][debug  ][gc,phases,ref  ] GC(44)     Discovered: 0
[11.746s][debug  ][gc,phases,ref  ] GC(44)     Cleared: 0
[11.746s][debug  ][gc,phases,ref  ] GC(44)   WeakReference:
[11.746s][debug  ][gc,phases,ref  ] GC(44)     Discovered: 67
[11.747s][debug  ][gc,phases,ref  ] GC(44)     Cleared: 67
[11.747s][debug  ][gc,phases,ref  ] GC(44)   FinalReference:
[11.747s][debug  ][gc,phases,ref  ] GC(44)     Discovered: 0
[11.747s][debug  ][gc,phases,ref  ] GC(44)     Cleared: 0
[11.747s][debug  ][gc,phases,ref  ] GC(44)   PhantomReference:
[11.747s][debug  ][gc,phases,ref  ] GC(44)     Discovered: 5
[11.747s][debug  ][gc,phases,ref  ] GC(44)     Cleared: 5
[11.747s][debug  ][gc,phases      ] GC(44) Reference Processing 0.580ms
[11.747s][debug  ][gc,phases,start] GC(44) Weak Processing
[11.747s][debug  ][gc,phases      ] GC(44)   VM Weak                        Min:  0.0, Avg:  0.0, Max:  0.0, Diff:  0.0, Sum:  0.0, Workers: 6
[11.747s][debug  ][gc,phases      ] GC(44)     Dead                           Min: 0, Avg:  0.0, Max: 0, Diff: 0, Sum: 0, Workers: 6
[11.747s][debug  ][gc,phases      ] GC(44)     Total                          Min: 0, Avg:  1.3, Max: 8, Diff: 8, Sum: 8, Workers: 6
[11.747s][debug  ][gc,phases      ] GC(44)   ObjectSynchronizer Weak        Min:  0.0, Avg:  0.0, Max:  0.0, Diff:  0.0, Sum:  0.0, Workers: 6
[11.747s][debug  ][gc,phases      ] GC(44)     Dead                           Min: 0, Avg:  0.0, Max: 0, Diff: 0, Sum: 0, Workers: 6
[11.747s][debug  ][gc,phases      ] GC(44)     Total                          Min: 0, Avg:  0.5, Max: 3, Diff: 3, Sum: 3, Workers: 6
[11.747s][debug  ][gc,phases      ] GC(44)   JVMTI Tag Weak OopStorage      Min:  0.0, Avg:  0.0, Max:  0.0, Diff:  0.0, Sum:  0.0, Workers: 6
[11.747s][debug  ][gc,phases      ] GC(44)     Dead                           Min: 0, Avg:  0.0, Max: 0, Diff: 0, Sum: 0, Workers: 6
[11.747s][debug  ][gc,phases      ] GC(44)     Total                          Min: 0, Avg:  0.0, Max: 0, Diff: 0, Sum: 0, Workers: 6
[11.747s][debug  ][gc,phases      ] GC(44)   StringTable Weak               Min:  0.0, Avg:  0.0, Max:  0.0, Diff:  0.0, Sum:  0.0, Workers: 6
[11.747s][debug  ][gc,phases      ] GC(44)     Dead                           Min: 0, Avg:  0.0, Max: 0, Diff: 0, Sum: 0, Workers: 6
[11.747s][debug  ][gc,phases      ] GC(44)     Total                          Min: 558, Avg: 892.8, Max: 1216, Diff: 658, Sum: 5357, Workers: 6
[11.747s][debug  ][gc,phases      ] GC(44)   ResolvedMethodTable Weak       Min:  0.0, Avg:  0.0, Max:  0.0, Diff:  0.0, Sum:  0.0, Workers: 6
[11.747s][debug  ][gc,phases      ] GC(44)     Dead                           Min: 0, Avg:  0.0, Max: 0, Diff: 0, Sum: 0, Workers: 6
[11.747s][debug  ][gc,phases      ] GC(44)     Total                          Min: 0, Avg: 21.7, Max: 64, Diff: 64, Sum: 130, Workers: 6
[11.747s][debug  ][gc,phases      ] GC(44)   JNI Weak                       Min:  0.0, Avg:  0.0, Max:  0.0, Diff:  0.0, Sum:  0.0, Workers: 6
[11.747s][debug  ][gc,phases      ] GC(44)     Dead                           Min: 0, Avg:  0.0, Max: 0, Diff: 0, Sum: 0, Workers: 6
[11.747s][debug  ][gc,phases      ] GC(44)     Total                          Min: 0, Avg:  0.0, Max: 0, Diff: 0, Sum: 0, Workers: 6
[11.747s][debug  ][gc,phases      ] GC(44)   StringDedup Table Weak         Min:  0.0, Avg:  0.0, Max:  0.0, Diff:  0.0, Sum:  0.0, Workers: 6
[11.747s][debug  ][gc,phases      ] GC(44)     Dead                           Min: 0, Avg:  0.0, Max: 0, Diff: 0, Sum: 0, Workers: 6
[11.747s][debug  ][gc,phases      ] GC(44)     Total                          Min: 0, Avg:  0.0, Max: 0, Diff: 0, Sum: 0, Workers: 6
[11.747s][debug  ][gc,phases      ] GC(44)   StringDedup Requests0 Weak     Min:  0.0, Avg:  0.0, Max:  0.0, Diff:  0.0, Sum:  0.0, Workers: 6
[11.747s][debug  ][gc,phases      ] GC(44)     Dead                           Min: 0, Avg:  0.0, Max: 0, Diff: 0, Sum: 0, Workers: 6
[11.747s][debug  ][gc,phases      ] GC(44)     Total                          Min: 0, Avg:  0.0, Max: 0, Diff: 0, Sum: 0, Workers: 6
[11.747s][debug  ][gc,phases      ] GC(44)   StringDedup Requests1 Weak     Min:  0.0, Avg:  0.0, Max:  0.0, Diff:  0.0, Sum:  0.0, Workers: 6
[11.747s][debug  ][gc,phases      ] GC(44)     Dead                           Min: 0, Avg:  0.0, Max: 0, Diff: 0, Sum: 0, Workers: 6
[11.747s][debug  ][gc,phases      ] GC(44)     Total                          Min: 0, Avg:  0.0, Max: 0, Diff: 0, Sum: 0, Workers: 6
[11.747s][debug  ][gc,phases      ] GC(44)   Weak JFR Old Object Samples    Min:  0.0, Avg:  0.0, Max:  0.0, Diff:  0.0, Sum:  0.0, Workers: 6
[11.747s][debug  ][gc,phases      ] GC(44)     Dead                           Min: 0, Avg:  0.0, Max: 0, Diff: 0, Sum: 0, Workers: 6
[11.747s][debug  ][gc,phases      ] GC(44)     Total                          Min: 0, Avg:  0.0, Max: 0, Diff: 0, Sum: 0, Workers: 6
[11.747s][debug  ][gc,phases      ] GC(44) Weak Processing 0.671ms
[11.747s][debug  ][gc,phases,start] GC(44) Class Unloading
[11.747s][debug  ][gc,phases,start] GC(44) ClassLoaderData
[11.747s][debug  ][gc,phases      ] GC(44) ClassLoaderData 0.019ms
[11.747s][debug  ][gc,phases,start] GC(44) Trigger cleanups
[11.747s][debug  ][gc,phases      ] GC(44) Trigger cleanups 0.018ms
[11.748s][debug  ][gc,phases      ] GC(44) Class Unloading 0.244ms
[11.748s][info   ][gc,phases      ] GC(44) Marking Phase 2.097ms
[11.748s][info   ][gc,phases,start] GC(44) Summary Phase
[11.748s][info   ][gc,phases      ] GC(44) Summary Phase 0.036ms
[11.748s][info   ][gc,phases,start] GC(44) Adjust Roots
[11.748s][info   ][gc,phases      ] GC(44) Adjust Roots 0.146ms
[11.748s][info   ][gc,phases,start] GC(44) Compaction Phase
[11.825s][info   ][gc,phases      ] GC(44) Compaction Phase 77.563ms
[11.826s][info   ][gc,phases,start] GC(44) Post Compact
[11.831s][info   ][gc,phases      ] GC(44) Post Compact 5.293ms
[11.831s][debug  ][gc,ergo        ] GC(44) AdaptiveSizeStart: collection: 45 
[11.831s][debug  ][gc,ergo        ] GC(44) PSAdaptiveSizePolicy::compute_eden_space_size limits: desired_eden_size: 233664640 old_eden_size: 203423744 eden_limit: 203423744 cur_eden: 203423744 max_eden_size: 203423744 avg_young_live: 24550984
[11.831s][debug  ][gc,ergo        ] GC(44) PSAdaptiveSizePolicy::compute_eden_space_size: costs minor_time: 0.052874 major_cost: 0.036044 mutator_cost: 0.911083 throughput_goal: 0.990000
[11.831s][debug  ][gc,ergo        ] GC(44) Live_space: 855821504 free_space: 1001390080
[11.831s][debug  ][gc,ergo        ] GC(44) Old eden_size: 203423744 desired_eden_size: 203423744
[11.831s][debug  ][gc,ergo        ] GC(44) PSAdaptiveSizePolicy::compute_old_gen_free_space: costs minor_time: 0.052874 major_cost: 0.036044  mutator_cost: 0.911083 throughput_goal: 0.990000
[11.831s][debug  ][gc,ergo        ] GC(44) Live_space: 876562752 free_space: 1001390080
[11.831s][debug  ][gc,ergo        ] GC(44) Old promo_size: 797966336 desired_promo_size: 895483904
[11.831s][debug  ][gc             ] GC(44) Expanding ParOldGen from 1790464K by 44544K to 1835008K
[11.831s][debug  ][gc,ergo        ] GC(44) AdaptiveSizeStop: collection: 45 
[11.831s][info   ][gc,heap        ] GC(44) PSYoungGen: 30720K(230400K)->0K(230400K) Eden: 0K(198656K)->0K(198656K) From: 30720K(31744K)->0K(31744K)
[11.831s][info   ][gc,heap        ] GC(44) ParOldGen: 1619557K(1790464K)->718436K(1835008K)
[11.831s][info   ][gc,metaspace   ] GC(44) Metaspace: 1019K(1152K)->1019K(1152K) NonClass: 935K(960K)->935K(960K) Class: 83K(192K)->83K(192K)
[11.831s][info   ][gc             ] GC(44) Pause Full (Ergonomics) 1611M->701M(2017M) 85.857ms
[11.831s][info   ][gc,cpu         ] GC(44) User=0.94s Sys=0.00s Real=0.09s
[11.831s][debug  ][gc,heap        ] GC(44) Heap after GC invocations=45 (full 8):
[11.831s][debug  ][gc,heap        ] GC(44)  PSYoungGen      total 230400K, used 0K [0x00000000f0000000, 0x0000000100000000, 0x0000000100000000)
[11.831s][debug  ][gc,heap        ] GC(44)   eden space 198656K, 0% used [0x00000000f0000000,0x00000000f0000000,0x00000000fc200000)
[11.831s][debug  ][gc,heap        ] GC(44)   from space 31744K, 0% used [0x00000000fc200000,0x00000000fc200000,0x00000000fe100000)
[11.831s][debug  ][gc,heap        ] GC(44)   to   space 31744K, 0% used [0x00000000fe100000,0x00000000fe100000,0x0000000100000000)
[11.832s][debug  ][gc,heap        ] GC(44)  ParOldGen       total 1835008K, used 718436K [0x0000000080000000, 0x00000000f0000000, 0x00000000f0000000)
[11.832s][debug  ][gc,heap        ] GC(44)   object space 1835008K, 39% used [0x0000000080000000,0x00000000abd990e8,0x00000000f0000000)
[11.832s][debug  ][gc,heap        ] GC(44)  Metaspace       used 1019K, committed 1152K, reserved 1056768K
[11.832s][debug  ][gc,heap        ] GC(44)   class space    used 83K, committed 192K, reserved 1048576K
[11.832s][debug  ][gc,task,time   ] GC(44) VM-Thread 117455108 117478742 118313975
[12.132s][debug  ][gc,heap        ] GC(45) Heap before GC invocations=46 (full 8):
[12.133s][debug  ][gc,heap        ] GC(45)  PSYoungGen      total 230400K, used 198441K [0x00000000f0000000, 0x0000000100000000, 0x0000000100000000)
[12.133s][debug  ][gc,heap        ] GC(45)   eden space 198656K, 99% used [0x00000000f0000000,0x00000000fc1ca410,0x00000000fc200000)
[12.133s][debug  ][gc,heap        ] GC(45)   from space 31744K, 0% used [0x00000000fc200000,0x00000000fc200000,0x00000000fe100000)
[12.133s][debug  ][gc,heap        ] GC(45)   to   space 31744K, 0% used [0x00000000fe100000,0x00000000fe100000,0x0000000100000000)
[12.133s][debug  ][gc,heap        ] GC(45)  ParOldGen       total 1835008K, used 718436K [0x0000000080000000, 0x00000000f0000000, 0x00000000f0000000)
[12.133s][debug  ][gc,heap        ] GC(45)   object space 1835008K, 39% used [0x0000000080000000,0x00000000abd990e8,0x00000000f0000000)
[12.133s][debug  ][gc,heap        ] GC(45)  Metaspace       used 1019K, committed 1152K, reserved 1056768K
[12.133s][debug  ][gc,heap        ] GC(45)   class space    used 83K, committed 192K, reserved 1048576K
[12.133s][debug  ][gc,tlab        ] GC(45) TLAB totals: thrds: 1  refills: 1 max: 1 slow allocs: 18 max 18 waste: 27.5% gc: 3973856B max: 3973856B slow: 0B max: 0B
[12.133s][info   ][gc,start       ] GC(45) Pause Young (Allocation Failure)
[12.133s][debug  ][gc,phases,start] GC(45) Scavenge
[12.146s][debug  ][gc,phases      ] GC(45) Scavenge 13.124ms
[12.146s][debug  ][gc,phases,start] GC(45) Reference Processing
[12.146s][debug  ][gc,ref         ] GC(45) Skipped phase 1 of Reference Processing: no references
[12.146s][debug  ][gc,ref         ] GC(45) Skipped phase 2 of Reference Processing: no references
[12.146s][debug  ][gc,ref         ] GC(45) Skipped phase 3 of Reference Processing: no references
[12.146s][debug  ][gc,ref         ] GC(45) Skipped phase 4 of Reference Processing: no references
[12.146s][debug  ][gc,phases,ref  ] GC(45) Reference Processing: 0.1ms
[12.146s][debug  ][gc,phases,ref  ] GC(45)   Reconsider SoftReferences: 0.0ms
[12.146s][debug  ][gc,phases,ref  ] GC(45)     SoftRef (ms):                  skipped
[12.146s][debug  ][gc,phases,ref  ] GC(45)   Notify Soft/WeakReferences: 0.0ms
[12.146s][debug  ][gc,phases,ref  ] GC(45)     SoftRef (ms):                  skipped
[12.146s][debug  ][gc,phases,ref  ] GC(45)     WeakRef (ms):                  skipped
[12.146s][debug  ][gc,phases,ref  ] GC(45)     FinalRef (ms):                 skipped
[12.146s][debug  ][gc,phases,ref  ] GC(45)     Total (ms):                    skipped
[12.146s][debug  ][gc,phases,ref  ] GC(45)   Notify and keep alive finalizable: 0.0ms
[12.146s][debug  ][gc,phases,ref  ] GC(45)     FinalRef (ms):                 skipped
[12.146s][debug  ][gc,phases,ref  ] GC(45)   Notify PhantomReferences: 0.0ms
[12.146s][debug  ][gc,phases,ref  ] GC(45)     PhantomRef (ms):               skipped
[12.146s][debug  ][gc,phases,ref  ] GC(45)   SoftReference:
[12.146s][debug  ][gc,phases,ref  ] GC(45)     Discovered: 0
[12.147s][debug  ][gc,phases,ref  ] GC(45)     Cleared: 0
[12.147s][debug  ][gc,phases,ref  ] GC(45)   WeakReference:
[12.147s][debug  ][gc,phases,ref  ] GC(45)     Discovered: 0
[12.147s][debug  ][gc,phases,ref  ] GC(45)     Cleared: 0
[12.147s][debug  ][gc,phases,ref  ] GC(45)   FinalReference:
[12.147s][debug  ][gc,phases,ref  ] GC(45)     Discovered: 0
[12.147s][debug  ][gc,phases,ref  ] GC(45)     Cleared: 0
[12.147s][debug  ][gc,phases,ref  ] GC(45)   PhantomReference:
[12.147s][debug  ][gc,phases,ref  ] GC(45)     Discovered: 0
[12.147s][debug  ][gc,phases,ref  ] GC(45)     Cleared: 0
[12.147s][debug  ][gc,phases      ] GC(45) Reference Processing 0.569ms
[12.147s][debug  ][gc,phases,start] GC(45) Weak Processing
[12.147s][debug  ][gc,phases      ] GC(45)   VM Weak                        Min:  0.0, Avg:  0.0, Max:  0.0, Diff:  0.0, Sum:  0.0, Workers: 6
[12.147s][debug  ][gc,phases      ] GC(45)     Dead                           Min: 0, Avg:  0.0, Max: 0, Diff: 0, Sum: 0, Workers: 6
[12.147s][debug  ][gc,phases      ] GC(45)     Total                          Min: 0, Avg:  1.3, Max: 8, Diff: 8, Sum: 8, Workers: 6
[12.147s][debug  ][gc,phases      ] GC(45)   ObjectSynchronizer Weak        Min:  0.0, Avg:  0.0, Max:  0.0, Diff:  0.0, Sum:  0.0, Workers: 6
[12.147s][debug  ][gc,phases      ] GC(45)     Dead                           Min: 0, Avg:  0.0, Max: 0, Diff: 0, Sum: 0, Workers: 6
[12.147s][debug  ][gc,phases      ] GC(45)     Total                          Min: 0, Avg:  0.5, Max: 3, Diff: 3, Sum: 3, Workers: 6
[12.147s][debug  ][gc,phases      ] GC(45)   JVMTI Tag Weak OopStorage      Min:  0.0, Avg:  0.0, Max:  0.0, Diff:  0.0, Sum:  0.0, Workers: 6
[12.147s][debug  ][gc,phases      ] GC(45)     Dead                           Min: 0, Avg:  0.0, Max: 0, Diff: 0, Sum: 0, Workers: 6
[12.147s][debug  ][gc,phases      ] GC(45)     Total                          Min: 0, Avg:  0.0, Max: 0, Diff: 0, Sum: 0, Workers: 6
[12.147s][debug  ][gc,phases      ] GC(45)   StringTable Weak               Min:  0.0, Avg:  0.0, Max:  0.0, Diff:  0.0, Sum:  0.0, Workers: 6
[12.147s][debug  ][gc,phases      ] GC(45)     Dead                           Min: 0, Avg:  0.0, Max: 0, Diff: 0, Sum: 0, Workers: 6
[12.147s][debug  ][gc,phases      ] GC(45)     Total                          Min: 704, Avg: 892.8, Max: 1024, Diff: 320, Sum: 5357, Workers: 6
[12.147s][debug  ][gc,phases      ] GC(45)   ResolvedMethodTable Weak       Min:  0.0, Avg:  0.0, Max:  0.0, Diff:  0.0, Sum:  0.0, Workers: 6
[12.147s][debug  ][gc,phases      ] GC(45)     Dead                           Min: 0, Avg:  0.0, Max: 0, Diff: 0, Sum: 0, Workers: 6
[12.147s][debug  ][gc,phases      ] GC(45)     Total                          Min: 0, Avg: 21.7, Max: 64, Diff: 64, Sum: 130, Workers: 6
[12.147s][debug  ][gc,phases      ] GC(45)   JNI Weak                       Min:  0.0, Avg:  0.0, Max:  0.0, Diff:  0.0, Sum:  0.0, Workers: 6
[12.147s][debug  ][gc,phases      ] GC(45)     Dead                           Min: 0, Avg:  0.0, Max: 0, Diff: 0, Sum: 0, Workers: 6
[12.147s][debug  ][gc,phases      ] GC(45)     Total                          Min: 0, Avg:  0.0, Max: 0, Diff: 0, Sum: 0, Workers: 6
[12.147s][debug  ][gc,phases      ] GC(45)   StringDedup Table Weak         Min:  0.0, Avg:  0.0, Max:  0.0, Diff:  0.0, Sum:  0.0, Workers: 6
[12.147s][debug  ][gc,phases      ] GC(45)     Dead                           Min: 0, Avg:  0.0, Max: 0, Diff: 0, Sum: 0, Workers: 6
[12.147s][debug  ][gc,phases      ] GC(45)     Total                          Min: 0, Avg:  0.0, Max: 0, Diff: 0, Sum: 0, Workers: 6
[12.147s][debug  ][gc,phases      ] GC(45)   StringDedup Requests0 Weak     Min:  0.0, Avg:  0.0, Max:  0.0, Diff:  0.0, Sum:  0.0, Workers: 6
[12.147s][debug  ][gc,phases      ] GC(45)     Dead                           Min: 0, Avg:  0.0, Max: 0, Diff: 0, Sum: 0, Workers: 6
[12.147s][debug  ][gc,phases      ] GC(45)     Total                          Min: 0, Avg:  0.0, Max: 0, Diff: 0, Sum: 0, Workers: 6
[12.147s][debug  ][gc,phases      ] GC(45)   StringDedup Requests1 Weak     Min:  0.0, Avg:  0.0, Max:  0.0, Diff:  0.0, Sum:  0.0, Workers: 6
[12.147s][debug  ][gc,phases      ] GC(45)     Dead                           Min: 0, Avg:  0.0, Max: 0, Diff: 0, Sum: 0, Workers: 6
[12.147s][debug  ][gc,phases      ] GC(45)     Total                          Min: 0, Avg:  0.0, Max: 0, Diff: 0, Sum: 0, Workers: 6
[12.147s][debug  ][gc,phases      ] GC(45)   Weak JFR Old Object Samples    Min:  0.0, Avg:  0.0, Max:  0.0, Diff:  0.0, Sum:  0.0, Workers: 6
[12.147s][debug  ][gc,phases      ] GC(45)     Dead                           Min: 0, Avg:  0.0, Max: 0, Diff: 0, Sum: 0, Workers: 6
[12.147s][debug  ][gc,phases      ] GC(45)     Total                          Min: 0, Avg:  0.0, Max: 0, Diff: 0, Sum: 0, Workers: 6
[12.147s][debug  ][gc,phases      ] GC(45) Weak Processing 0.667ms
[12.147s][debug  ][gc,ergo        ] GC(45) AdaptiveSizeStart:  collection: 46 
[12.147s][debug  ][gc,ergo        ] GC(45) avg_survived_padded_avg: 32007986.000000
[12.147s][debug  ][gc,ergo        ] GC(45) avg_promoted_padded_avg: 249363728.000000  avg_pretenured_padded_avg: 0.000000  tenuring_thresh: 1  target_size: 32505856
[12.147s][debug  ][gc,age         ] GC(45) Desired survivor size 32505856 bytes, new threshold 1 (max threshold 15)
[12.147s][debug  ][gc,ergo        ] GC(45) PSAdaptiveSizePolicy::compute_eden_space_size limits: desired_eden_size: 232634497 old_eden_size: 203423744 eden_limit: 203423744 cur_eden: 203423744 max_eden_size: 203423744 avg_young_live: 25241616
[12.148s][debug  ][gc,ergo        ] GC(45) PSAdaptiveSizePolicy::compute_eden_space_size: costs minor_time: 0.048642 major_cost: 0.036044 mutator_cost: 0.915315 throughput_goal: 0.990000
[12.148s][debug  ][gc,ergo        ] GC(45) Live_space: 877253376 free_space: 1098907648
[12.148s][debug  ][gc,ergo        ] GC(45) Old eden_size: 203423744 desired_eden_size: 203423744
[12.148s][debug  ][gc,ergo        ] GC(45) AdaptiveSizeStop: collection: 46 
[12.148s][info   ][gc,heap        ] GC(45) PSYoungGen: 198441K(230400K)->30720K(230400K) Eden: 198441K(198656K)->0K(198656K) From: 0K(31744K)->30720K(31744K)
[12.148s][info   ][gc,heap        ] GC(45) ParOldGen: 718436K(1835008K)->882276K(1835008K)
[12.148s][info   ][gc,metaspace   ] GC(45) Metaspace: 1019K(1152K)->1019K(1152K) NonClass: 935K(960K)->935K(960K) Class: 83K(192K)->83K(192K)
[12.148s][info   ][gc             ] GC(45) Pause Young (Allocation Failure) 895M->891M(2017M) 14.793ms
[12.148s][info   ][gc,cpu         ] GC(45) User=0.16s Sys=0.00s Real=0.02s
[12.148s][debug  ][gc,heap        ] GC(45) Heap after GC invocations=46 (full 8):
[12.148s][debug  ][gc,heap        ] GC(45)  PSYoungGen      total 230400K, used 30720K [0x00000000f0000000, 0x0000000100000000, 0x0000000100000000)
[12.148s][debug  ][gc,heap        ] GC(45)   eden space 198656K, 0% used [0x00000000f0000000,0x00000000f0000000,0x00000000fc200000)
[12.148s][debug  ][gc,heap        ] GC(45)   from space 31744K, 96% used [0x00000000fe100000,0x00000000fff00030,0x0000000100000000)
[12.148s][debug  ][gc,heap        ] GC(45)   to   space 31744K, 0% used [0x00000000fc200000,0x00000000fc200000,0x00000000fe100000)
[12.148s][debug  ][gc,heap        ] GC(45)  ParOldGen       total 1835008K, used 882276K [0x0000000080000000, 0x00000000f0000000, 0x00000000f0000000)
[12.148s][debug  ][gc,heap        ] GC(45)   object space 1835008K, 48% used [0x0000000080000000,0x00000000b5d991e8,0x00000000f0000000)
[12.148s][debug  ][gc,heap        ] GC(45)  Metaspace       used 1019K, committed 1152K, reserved 1056768K
[12.148s][debug  ][gc,heap        ] GC(45)   class space    used 83K, committed 192K, reserved 1048576K
[12.148s][debug  ][gc,task,time   ] GC(45) VM-Thread 121324579 121461235 121479026
[12.447s][debug  ][gc,heap        ] GC(46) Heap before GC invocations=47 (full 8):
[12.447s][debug  ][gc,heap        ] GC(46)  PSYoungGen      total 230400K, used 229094K [0x00000000f0000000, 0x0000000100000000, 0x0000000100000000)
[12.447s][debug  ][gc,heap        ] GC(46)   eden space 198656K, 99% used [0x00000000f0000000,0x00000000fc1b99a0,0x00000000fc200000)
[12.447s][debug  ][gc,heap        ] GC(46)   from space 31744K, 96% used [0x00000000fe100000,0x00000000fff00030,0x0000000100000000)
[12.448s][debug  ][gc,heap        ] GC(46)   to   space 31744K, 0% used [0x00000000fc200000,0x00000000fc200000,0x00000000fe100000)
[12.448s][debug  ][gc,heap        ] GC(46)  ParOldGen       total 1835008K, used 882276K [0x0000000080000000, 0x00000000f0000000, 0x00000000f0000000)
[12.448s][debug  ][gc,heap        ] GC(46)   object space 1835008K, 48% used [0x0000000080000000,0x00000000b5d991e8,0x00000000f0000000)
[12.448s][debug  ][gc,heap        ] GC(46)  Metaspace       used 1019K, committed 1152K, reserved 1056768K
[12.448s][debug  ][gc,heap        ] GC(46)   class space    used 83K, committed 192K, reserved 1048576K
[12.448s][debug  ][gc,tlab        ] GC(46) TLAB totals: thrds: 1  refills: 1 max: 1 slow allocs: 18 max 18 waste: 27.1% gc: 3904480B max: 3904480B slow: 0B max: 0B
[12.448s][info   ][gc,start       ] GC(46) Pause Young (Allocation Failure)
[12.448s][debug  ][gc,phases,start] GC(46) Scavenge
[12.454s][debug  ][gc,phases      ] GC(46) Scavenge 6.166ms
[12.454s][debug  ][gc,phases,start] GC(46) Reference Processing
[12.454s][debug  ][gc,ref         ] GC(46) Skipped phase 1 of Reference Processing: no references
[12.454s][debug  ][gc,ref         ] GC(46) Skipped phase 2 of Reference Processing: no references
[12.454s][debug  ][gc,ref         ] GC(46) Skipped phase 3 of Reference Processing: no references
[12.454s][debug  ][gc,ref         ] GC(46) Skipped phase 4 of Reference Processing: no references
[12.454s][debug  ][gc,phases,ref  ] GC(46) Reference Processing: 0.1ms
[12.454s][debug  ][gc,phases,ref  ] GC(46)   Reconsider SoftReferences: 0.0ms
[12.454s][debug  ][gc,phases,ref  ] GC(46)     SoftRef (ms):                  skipped
[12.454s][debug  ][gc,phases,ref  ] GC(46)   Notify Soft/WeakReferences: 0.0ms
[12.454s][debug  ][gc,phases,ref  ] GC(46)     SoftRef (ms):                  skipped
[12.454s][debug  ][gc,phases,ref  ] GC(46)     WeakRef (ms):                  skipped
[12.454s][debug  ][gc,phases,ref  ] GC(46)     FinalRef (ms):                 skipped
[12.454s][debug  ][gc,phases,ref  ] GC(46)     Total (ms):                    skipped
[12.454s][debug  ][gc,phases,ref  ] GC(46)   Notify and keep alive finalizable: 0.0ms
[12.454s][debug  ][gc,phases,ref  ] GC(46)     FinalRef (ms):                 skipped
[12.454s][debug  ][gc,phases,ref  ] GC(46)   Notify PhantomReferences: 0.0ms
[12.454s][debug  ][gc,phases,ref  ] GC(46)     PhantomRef (ms):               skipped
[12.454s][debug  ][gc,phases,ref  ] GC(46)   SoftReference:
[12.454s][debug  ][gc,phases,ref  ] GC(46)     Discovered: 0
[12.454s][debug  ][gc,phases,ref  ] GC(46)     Cleared: 0
[12.455s][debug  ][gc,phases,ref  ] GC(46)   WeakReference:
[12.455s][debug  ][gc,phases,ref  ] GC(46)     Discovered: 0
[12.455s][debug  ][gc,phases,ref  ] GC(46)     Cleared: 0
[12.455s][debug  ][gc,phases,ref  ] GC(46)   FinalReference:
[12.455s][debug  ][gc,phases,ref  ] GC(46)     Discovered: 0
[12.455s][debug  ][gc,phases,ref  ] GC(46)     Cleared: 0
[12.455s][debug  ][gc,phases,ref  ] GC(46)   PhantomReference:
[12.455s][debug  ][gc,phases,ref  ] GC(46)     Discovered: 0
[12.455s][debug  ][gc,phases,ref  ] GC(46)     Cleared: 0
[12.455s][debug  ][gc,phases      ] GC(46) Reference Processing 0.685ms
[12.455s][debug  ][gc,phases,start] GC(46) Weak Processing
[12.455s][debug  ][gc,phases      ] GC(46)   VM Weak                        Min:  0.0, Avg:  0.0, Max:  0.0, Diff:  0.0, Sum:  0.0, Workers: 6
[12.455s][debug  ][gc,phases      ] GC(46)     Dead                           Min: 0, Avg:  0.0, Max: 0, Diff: 0, Sum: 0, Workers: 6
[12.455s][debug  ][gc,phases      ] GC(46)     Total                          Min: 0, Avg:  1.3, Max: 8, Diff: 8, Sum: 8, Workers: 6
[12.455s][debug  ][gc,phases      ] GC(46)   ObjectSynchronizer Weak        Min:  0.0, Avg:  0.0, Max:  0.0, Diff:  0.0, Sum:  0.0, Workers: 6
[12.455s][debug  ][gc,phases      ] GC(46)     Dead                           Min: 0, Avg:  0.0, Max: 0, Diff: 0, Sum: 0, Workers: 6
[12.455s][debug  ][gc,phases      ] GC(46)     Total                          Min: 0, Avg:  0.5, Max: 3, Diff: 3, Sum: 3, Workers: 6
[12.455s][debug  ][gc,phases      ] GC(46)   JVMTI Tag Weak OopStorage      Min:  0.0, Avg:  0.0, Max:  0.0, Diff:  0.0, Sum:  0.0, Workers: 6
[12.455s][debug  ][gc,phases      ] GC(46)     Dead                           Min: 0, Avg:  0.0, Max: 0, Diff: 0, Sum: 0, Workers: 6
[12.455s][debug  ][gc,phases      ] GC(46)     Total                          Min: 0, Avg:  0.0, Max: 0, Diff: 0, Sum: 0, Workers: 6
[12.455s][debug  ][gc,phases      ] GC(46)   StringTable Weak               Min:  0.0, Avg:  0.0, Max:  0.0, Diff:  0.0, Sum:  0.0, Workers: 6
[12.455s][debug  ][gc,phases      ] GC(46)     Dead                           Min: 0, Avg:  0.0, Max: 0, Diff: 0, Sum: 0, Workers: 6
[12.455s][debug  ][gc,phases      ] GC(46)     Total                          Min: 704, Avg: 892.8, Max: 1088, Diff: 384, Sum: 5357, Workers: 6
[12.455s][debug  ][gc,phases      ] GC(46)   ResolvedMethodTable Weak       Min:  0.0, Avg:  0.0, Max:  0.0, Diff:  0.0, Sum:  0.0, Workers: 6
[12.455s][debug  ][gc,phases      ] GC(46)     Dead                           Min: 0, Avg:  0.0, Max: 0, Diff: 0, Sum: 0, Workers: 6
[12.455s][debug  ][gc,phases      ] GC(46)     Total                          Min: 0, Avg: 21.7, Max: 64, Diff: 64, Sum: 130, Workers: 6
[12.455s][debug  ][gc,phases      ] GC(46)   JNI Weak                       Min:  0.0, Avg:  0.0, Max:  0.0, Diff:  0.0, Sum:  0.0, Workers: 6
[12.455s][debug  ][gc,phases      ] GC(46)     Dead                           Min: 0, Avg:  0.0, Max: 0, Diff: 0, Sum: 0, Workers: 6
[12.455s][debug  ][gc,phases      ] GC(46)     Total                          Min: 0, Avg:  0.0, Max: 0, Diff: 0, Sum: 0, Workers: 6
[12.455s][debug  ][gc,phases      ] GC(46)   StringDedup Table Weak         Min:  0.0, Avg:  0.0, Max:  0.0, Diff:  0.0, Sum:  0.0, Workers: 6
[12.455s][debug  ][gc,phases      ] GC(46)     Dead                           Min: 0, Avg:  0.0, Max: 0, Diff: 0, Sum: 0, Workers: 6
[12.455s][debug  ][gc,phases      ] GC(46)     Total                          Min: 0, Avg:  0.0, Max: 0, Diff: 0, Sum: 0, Workers: 6
[12.455s][debug  ][gc,phases      ] GC(46)   StringDedup Requests0 Weak     Min:  0.0, Avg:  0.0, Max:  0.0, Diff:  0.0, Sum:  0.0, Workers: 6
[12.455s][debug  ][gc,phases      ] GC(46)     Dead                           Min: 0, Avg:  0.0, Max: 0, Diff: 0, Sum: 0, Workers: 6
[12.455s][debug  ][gc,phases      ] GC(46)     Total                          Min: 0, Avg:  0.0, Max: 0, Diff: 0, Sum: 0, Workers: 6
[12.455s][debug  ][gc,phases      ] GC(46)   StringDedup Requests1 Weak     Min:  0.0, Avg:  0.0, Max:  0.0, Diff:  0.0, Sum:  0.0, Workers: 6
[12.455s][debug  ][gc,phases      ] GC(46)     Dead                           Min: 0, Avg:  0.0, Max: 0, Diff: 0, Sum: 0, Workers: 6
[12.455s][debug  ][gc,phases      ] GC(46)     Total                          Min: 0, Avg:  0.0, Max: 0, Diff: 0, Sum: 0, Workers: 6
[12.455s][debug  ][gc,phases      ] GC(46)   Weak JFR Old Object Samples    Min:  0.0, Avg:  0.0, Max:  0.0, Diff:  0.0, Sum:  0.0, Workers: 6
[12.456s][debug  ][gc,phases      ] GC(46)     Dead                           Min: 0, Avg:  0.0, Max: 0, Diff: 0, Sum: 0, Workers: 6
[12.456s][debug  ][gc,phases      ] GC(46)     Total                          Min: 0, Avg:  0.0, Max: 0, Diff: 0, Sum: 0, Workers: 6
[12.456s][debug  ][gc,phases      ] GC(46) Weak Processing 0.807ms
[12.456s][debug  ][gc,ergo        ] GC(46) AdaptiveSizeStart:  collection: 47 
[12.456s][debug  ][gc,ergo        ] GC(46) avg_survived_padded_avg: 31966720.000000
[12.456s][debug  ][gc,ergo        ] GC(46) avg_promoted_padded_avg: 261155568.000000  avg_pretenured_padded_avg: 0.000000  tenuring_thresh: 1  target_size: 31981568
[12.456s][debug  ][gc,age         ] GC(46) Desired survivor size 31981568 bytes, new threshold 1 (max threshold 15)
[12.456s][debug  ][gc,ergo        ] GC(46) PSAdaptiveSizePolicy::compute_eden_space_size limits: desired_eden_size: 231028919 old_eden_size: 203423744 eden_limit: 203423744 cur_eden: 203423744 max_eden_size: 203423744 avg_young_live: 25863188
[12.456s][debug  ][gc,ergo        ] GC(46) PSAdaptiveSizePolicy::compute_eden_space_size: costs minor_time: 0.042794 major_cost: 0.036044 mutator_cost: 0.921163 throughput_goal: 0.990000
[12.456s][debug  ][gc,ergo        ] GC(46) Live_space: 877874944 free_space: 1098907648
[12.456s][debug  ][gc,ergo        ] GC(46) Old eden_size: 203423744 desired_eden_size: 203423744
[12.456s][debug  ][gc,ergo        ] GC(46) AdaptiveSizeStop: collection: 47 
[12.456s][info   ][gc,heap        ] GC(46) PSYoungGen: 229094K(230400K)->30720K(230400K) Eden: 198374K(198656K)->0K(198656K) From: 30720K(31744K)->30720K(31744K)
[12.456s][info   ][gc,heap        ] GC(46) ParOldGen: 882276K(1835008K)->933476K(1835008K)
[12.456s][info   ][gc,metaspace   ] GC(46) Metaspace: 1019K(1152K)->1019K(1152K) NonClass: 935K(960K)->935K(960K) Class: 83K(192K)->83K(192K)
[12.456s][info   ][gc             ] GC(46) Pause Young (Allocation Failure) 1085M->941M(2017M) 8.141ms
[12.456s][info   ][gc,cpu         ] GC(46) User=0.16s Sys=0.00s Real=0.01s
[12.456s][debug  ][gc,heap        ] GC(46) Heap after GC invocations=47 (full 8):
[12.456s][debug  ][gc,heap        ] GC(46)  PSYoungGen      total 230400K, used 30720K [0x00000000f0000000, 0x0000000100000000, 0x0000000100000000)
[12.456s][debug  ][gc,heap        ] GC(46)   eden space 198656K, 0% used [0x00000000f0000000,0x00000000f0000000,0x00000000fc200000)
[12.456s][debug  ][gc,heap        ] GC(46)   from space 31744K, 96% used [0x00000000fc200000,0x00000000fe000030,0x00000000fe100000)
[12.456s][debug  ][gc,heap        ] GC(46)   to   space 31232K, 0% used [0x00000000fe180000,0x00000000fe180000,0x0000000100000000)
[12.456s][debug  ][gc,heap        ] GC(46)  ParOldGen       total 1835008K, used 933476K [0x0000000080000000, 0x00000000f0000000, 0x00000000f0000000)
[12.456s][debug  ][gc,heap        ] GC(46)   object space 1835008K, 50% used [0x0000000080000000,0x00000000b8f99238,0x00000000f0000000)
[12.456s][debug  ][gc,heap        ] GC(46)  Metaspace       used 1019K, committed 1152K, reserved 1056768K
[12.456s][debug  ][gc,heap        ] GC(46)   class space    used 83K, committed 192K, reserved 1048576K
[12.456s][debug  ][gc,task,time   ] GC(46) VM-Thread 124473256 124540334 124562714
[12.762s][debug  ][gc,heap        ] GC(47) Heap before GC invocations=48 (full 8):
[12.762s][debug  ][gc,heap        ] GC(47)  PSYoungGen      total 230400K, used 229123K [0x00000000f0000000, 0x0000000100000000, 0x0000000100000000)
[12.762s][debug  ][gc,heap        ] GC(47)   eden space 198656K, 99% used [0x00000000f0000000,0x00000000fc1c0d48,0x00000000fc200000)
[12.762s][debug  ][gc,heap        ] GC(47)   from space 31744K, 96% used [0x00000000fc200000,0x00000000fe000030,0x00000000fe100000)
[12.762s][debug  ][gc,heap        ] GC(47)   to   space 31232K, 0% used [0x00000000fe180000,0x00000000fe180000,0x0000000100000000)
[12.762s][debug  ][gc,heap        ] GC(47)  ParOldGen       total 1835008K, used 933476K [0x0000000080000000, 0x00000000f0000000, 0x00000000f0000000)
[12.762s][debug  ][gc,heap        ] GC(47)   object space 1835008K, 50% used [0x0000000080000000,0x00000000b8f99238,0x00000000f0000000)
[12.762s][debug  ][gc,heap        ] GC(47)  Metaspace       used 1019K, committed 1152K, reserved 1056768K
[12.762s][debug  ][gc,heap        ] GC(47)   class space    used 83K, committed 192K, reserved 1048576K
[12.762s][debug  ][gc,tlab        ] GC(47) TLAB totals: thrds: 1  refills: 1 max: 1 slow allocs: 18 max 18 waste: 27.3% gc: 3935256B max: 3935256B slow: 0B max: 0B
[12.762s][info   ][gc,start       ] GC(47) Pause Young (Allocation Failure)
[12.762s][debug  ][gc,phases,start] GC(47) Scavenge
[12.777s][debug  ][gc,phases      ] GC(47) Scavenge 14.893ms
[12.777s][debug  ][gc,phases,start] GC(47) Reference Processing
[12.777s][debug  ][gc,ref         ] GC(47) Skipped phase 1 of Reference Processing: no references
[12.777s][debug  ][gc,ref         ] GC(47) Skipped phase 2 of Reference Processing: no references
[12.777s][debug  ][gc,ref         ] GC(47) Skipped phase 3 of Reference Processing: no references
[12.777s][debug  ][gc,ref         ] GC(47) Skipped phase 4 of Reference Processing: no references
[12.777s][debug  ][gc,phases,ref  ] GC(47) Reference Processing: 0.1ms
[12.777s][debug  ][gc,phases,ref  ] GC(47)   Reconsider SoftReferences: 0.0ms
[12.777s][debug  ][gc,phases,ref  ] GC(47)     SoftRef (ms):                  skipped
[12.777s][debug  ][gc,phases,ref  ] GC(47)   Notify Soft/WeakReferences: 0.0ms
[12.777s][debug  ][gc,phases,ref  ] GC(47)     SoftRef (ms):                  skipped
[12.777s][debug  ][gc,phases,ref  ] GC(47)     WeakRef (ms):                  skipped
[12.777s][debug  ][gc,phases,ref  ] GC(47)     FinalRef (ms):                 skipped
[12.777s][debug  ][gc,phases,ref  ] GC(47)     Total (ms):                    skipped
[12.777s][debug  ][gc,phases,ref  ] GC(47)   Notify and keep alive finalizable: 0.0ms
[12.777s][debug  ][gc,phases,ref  ] GC(47)     FinalRef (ms):                 skipped
[12.777s][debug  ][gc,phases,ref  ] GC(47)   Notify PhantomReferences: 0.0ms
[12.777s][debug  ][gc,phases,ref  ] GC(47)     PhantomRef (ms):               skipped
[12.777s][debug  ][gc,phases,ref  ] GC(47)   SoftReference:
[12.777s][debug  ][gc,phases,ref  ] GC(47)     Discovered: 0
[12.777s][debug  ][gc,phases,ref  ] GC(47)     Cleared: 0
[12.777s][debug  ][gc,phases,ref  ] GC(47)   WeakReference:
[12.777s][debug  ][gc,phases,ref  ] GC(47)     Discovered: 0
[12.777s][debug  ][gc,phases,ref  ] GC(47)     Cleared: 0
[12.777s][debug  ][gc,phases,ref  ] GC(47)   FinalReference:
[12.777s][debug  ][gc,phases,ref  ] GC(47)     Discovered: 0
[12.777s][debug  ][gc,phases,ref  ] GC(47)     Cleared: 0
[12.777s][debug  ][gc,phases,ref  ] GC(47)   PhantomReference:
[12.777s][debug  ][gc,phases,ref  ] GC(47)     Discovered: 0
[12.777s][debug  ][gc,phases,ref  ] GC(47)     Cleared: 0
[12.777s][debug  ][gc,phases      ] GC(47) Reference Processing 0.569ms
[12.777s][debug  ][gc,phases,start] GC(47) Weak Processing
[12.777s][debug  ][gc,phases      ] GC(47)   VM Weak                        Min:  0.0, Avg:  0.0, Max:  0.0, Diff:  0.0, Sum:  0.0, Workers: 6
[12.778s][debug  ][gc,phases      ] GC(47)     Dead                           Min: 0, Avg:  0.0, Max: 0, Diff: 0, Sum: 0, Workers: 6
[12.778s][debug  ][gc,phases      ] GC(47)     Total                          Min: 0, Avg:  1.3, Max: 8, Diff: 8, Sum: 8, Workers: 6
[12.778s][debug  ][gc,phases      ] GC(47)   ObjectSynchronizer Weak        Min:  0.0, Avg:  0.0, Max:  0.0, Diff:  0.0, Sum:  0.0, Workers: 6
[12.778s][debug  ][gc,phases      ] GC(47)     Dead                           Min: 0, Avg:  0.0, Max: 0, Diff: 0, Sum: 0, Workers: 6
[12.778s][debug  ][gc,phases      ] GC(47)     Total                          Min: 0, Avg:  0.5, Max: 3, Diff: 3, Sum: 3, Workers: 6
[12.778s][debug  ][gc,phases      ] GC(47)   JVMTI Tag Weak OopStorage      Min:  0.0, Avg:  0.0, Max:  0.0, Diff:  0.0, Sum:  0.0, Workers: 6
[12.778s][debug  ][gc,phases      ] GC(47)     Dead                           Min: 0, Avg:  0.0, Max: 0, Diff: 0, Sum: 0, Workers: 6
[12.778s][debug  ][gc,phases      ] GC(47)     Total                          Min: 0, Avg:  0.0, Max: 0, Diff: 0, Sum: 0, Workers: 6
[12.778s][debug  ][gc,phases      ] GC(47)   StringTable Weak               Min:  0.0, Avg:  0.0, Max:  0.0, Diff:  0.0, Sum:  0.0, Workers: 6
[12.778s][debug  ][gc,phases      ] GC(47)     Dead                           Min: 0, Avg:  0.0, Max: 0, Diff: 0, Sum: 0, Workers: 6
[12.778s][debug  ][gc,phases      ] GC(47)     Total                          Min: 750, Avg: 892.8, Max: 1024, Diff: 274, Sum: 5357, Workers: 6
[12.778s][debug  ][gc,phases      ] GC(47)   ResolvedMethodTable Weak       Min:  0.0, Avg:  0.0, Max:  0.0, Diff:  0.0, Sum:  0.0, Workers: 6
[12.778s][debug  ][gc,phases      ] GC(47)     Dead                           Min: 0, Avg:  0.0, Max: 0, Diff: 0, Sum: 0, Workers: 6
[12.778s][debug  ][gc,phases      ] GC(47)     Total                          Min: 0, Avg: 21.7, Max: 64, Diff: 64, Sum: 130, Workers: 6
[12.778s][debug  ][gc,phases      ] GC(47)   JNI Weak                       Min:  0.0, Avg:  0.0, Max:  0.0, Diff:  0.0, Sum:  0.0, Workers: 6
[12.778s][debug  ][gc,phases      ] GC(47)     Dead                           Min: 0, Avg:  0.0, Max: 0, Diff: 0, Sum: 0, Workers: 6
[12.778s][debug  ][gc,phases      ] GC(47)     Total                          Min: 0, Avg:  0.0, Max: 0, Diff: 0, Sum: 0, Workers: 6
[12.778s][debug  ][gc,phases      ] GC(47)   StringDedup Table Weak         Min:  0.0, Avg:  0.0, Max:  0.0, Diff:  0.0, Sum:  0.0, Workers: 6
[12.778s][debug  ][gc,phases      ] GC(47)     Dead                           Min: 0, Avg:  0.0, Max: 0, Diff: 0, Sum: 0, Workers: 6
[12.778s][debug  ][gc,phases      ] GC(47)     Total                          Min: 0, Avg:  0.0, Max: 0, Diff: 0, Sum: 0, Workers: 6
[12.778s][debug  ][gc,phases      ] GC(47)   StringDedup Requests0 Weak     Min:  0.0, Avg:  0.0, Max:  0.0, Diff:  0.0, Sum:  0.0, Workers: 6
[12.778s][debug  ][gc,phases      ] GC(47)     Dead                           Min: 0, Avg:  0.0, Max: 0, Diff: 0, Sum: 0, Workers: 6
[12.778s][debug  ][gc,phases      ] GC(47)     Total                          Min: 0, Avg:  0.0, Max: 0, Diff: 0, Sum: 0, Workers: 6
[12.778s][debug  ][gc,phases      ] GC(47)   StringDedup Requests1 Weak     Min:  0.0, Avg:  0.0, Max:  0.0, Diff:  0.0, Sum:  0.0, Workers: 6
[12.778s][debug  ][gc,phases      ] GC(47)     Dead                           Min: 0, Avg:  0.0, Max: 0, Diff: 0, Sum: 0, Workers: 6
[12.778s][debug  ][gc,phases      ] GC(47)     Total                          Min: 0, Avg:  0.0, Max: 0, Diff: 0, Sum: 0, Workers: 6
[12.778s][debug  ][gc,phases      ] GC(47)   Weak JFR Old Object Samples    Min:  0.0, Avg:  0.0, Max:  0.0, Diff:  0.0, Sum:  0.0, Workers: 6
[12.778s][debug  ][gc,phases      ] GC(47)     Dead                           Min: 0, Avg:  0.0, Max: 0, Diff: 0, Sum: 0, Workers: 6
[12.778s][debug  ][gc,phases      ] GC(47)     Total                          Min: 0, Avg:  0.0, Max: 0, Diff: 0, Sum: 0, Workers: 6
[12.778s][debug  ][gc,phases      ] GC(47) Weak Processing 0.702ms
[12.778s][debug  ][gc,ergo        ] GC(47) AdaptiveSizeStart:  collection: 48 
[12.778s][debug  ][gc,ergo        ] GC(47) avg_survived_padded_avg: 31928200.000000
[12.778s][debug  ][gc,ergo        ] GC(47) avg_promoted_padded_avg: 266262448.000000  avg_pretenured_padded_avg: 0.000000  tenuring_thresh: 1  target_size: 31981568
[12.778s][debug  ][gc,age         ] GC(47) Desired survivor size 31981568 bytes, new threshold 1 (max threshold 15)
[12.778s][debug  ][gc,ergo        ] GC(47) PSAdaptiveSizePolicy::compute_eden_space_size limits: desired_eden_size: 231579411 old_eden_size: 203423744 eden_limit: 203948032 cur_eden: 203423744 max_eden_size: 203948032 avg_young_live: 26422602
[12.778s][debug  ][gc,ergo        ] GC(47) PSAdaptiveSizePolicy::compute_eden_space_size: costs minor_time: 0.044706 major_cost: 0.036044 mutator_cost: 0.919251 throughput_goal: 0.990000
[12.778s][debug  ][gc,ergo        ] GC(47) Live_space: 878434368 free_space: 1098907648
[12.778s][debug  ][gc,ergo        ] GC(47) Old eden_size: 203423744 desired_eden_size: 203948032
[12.778s][debug  ][gc,ergo        ] GC(47) AdaptiveSizeStop: collection: 48 
[12.778s][info   ][gc,heap        ] GC(47) PSYoungGen: 229123K(230400K)->30720K(230912K) Eden: 198403K(198656K)->0K(199680K) From: 30720K(31744K)->30720K(31232K)
[12.778s][info   ][gc,heap        ] GC(47) ParOldGen: 933476K(1835008K)->1128036K(1835008K)
[12.778s][info   ][gc,metaspace   ] GC(47) Metaspace: 1019K(1152K)->1019K(1152K) NonClass: 935K(960K)->935K(960K) Class: 83K(192K)->83K(192K)
[12.778s][info   ][gc             ] GC(47) Pause Young (Allocation Failure) 1135M->1131M(2017M) 16.578ms
[12.778s][info   ][gc,cpu         ] GC(47) User=0.02s Sys=0.00s Real=0.02s
[12.778s][debug  ][gc,heap        ] GC(47) Heap after GC invocations=48 (full 8):
[12.778s][debug  ][gc,heap        ] GC(47)  PSYoungGen      total 230912K, used 30720K [0x00000000f0000000, 0x0000000100000000, 0x0000000100000000)
[12.779s][debug  ][gc,heap        ] GC(47)   eden space 199680K, 0% used [0x00000000f0000000,0x00000000f0000000,0x00000000fc300000)
[12.779s][debug  ][gc,heap        ] GC(47)   from space 31232K, 98% used [0x00000000fe180000,0x00000000fff80030,0x0000000100000000)
[12.779s][debug  ][gc,heap        ] GC(47)   to   space 31232K, 0% used [0x00000000fc300000,0x00000000fc300000,0x00000000fe180000)
[12.779s][debug  ][gc,heap        ] GC(47)  ParOldGen       total 1835008K, used 1128036K [0x0000000080000000, 0x00000000f0000000, 0x00000000f0000000)
[12.779s][debug  ][gc,heap        ] GC(47)   object space 1835008K, 61% used [0x0000000080000000,0x00000000c4d99368,0x00000000f0000000)
[12.779s][debug  ][gc,heap        ] GC(47)  Metaspace       used 1019K, committed 1152K, reserved 1056768K
[12.779s][debug  ][gc,heap        ] GC(47)   class space    used 83K, committed 192K, reserved 1048576K
[12.779s][debug  ][gc,task,time   ] GC(47) VM-Thread 127615138 127768258 127786500
[13.075s][debug  ][gc,heap        ] GC(48) Heap before GC invocations=49 (full 8):
[13.075s][debug  ][gc,heap        ] GC(48)  PSYoungGen      total 230912K, used 229161K [0x00000000f0000000, 0x0000000100000000, 0x0000000100000000)
[13.075s][debug  ][gc,heap        ] GC(48)   eden space 199680K, 99% used [0x00000000f0000000,0x00000000fc1ca750,0x00000000fc300000)
[13.075s][debug  ][gc,heap        ] GC(48)   from space 31232K, 98% used [0x00000000fe180000,0x00000000fff80030,0x0000000100000000)
[13.075s][debug  ][gc,heap        ] GC(48)   to   space 31232K, 0% used [0x00000000fc300000,0x00000000fc300000,0x00000000fe180000)
[13.075s][debug  ][gc,heap        ] GC(48)  ParOldGen       total 1835008K, used 1128036K [0x0000000080000000, 0x00000000f0000000, 0x00000000f0000000)
[13.075s][debug  ][gc,heap        ] GC(48)   object space 1835008K, 61% used [0x0000000080000000,0x00000000c4d99368,0x00000000f0000000)
[13.075s][debug  ][gc,heap        ] GC(48)  Metaspace       used 1019K, committed 1152K, reserved 1056768K
[13.075s][debug  ][gc,heap        ] GC(48)   class space    used 83K, committed 192K, reserved 1048576K
[13.075s][debug  ][gc,tlab        ] GC(48) TLAB totals: thrds: 1  refills: 1 max: 1 slow allocs: 18 max 18 waste: 27.5% gc: 3974688B max: 3974688B slow: 0B max: 0B
[13.075s][info   ][gc,start       ] GC(48) Pause Young (Allocation Failure)
[13.075s][debug  ][gc,phases,start] GC(48) Scavenge
[13.091s][debug  ][gc,phases      ] GC(48) Scavenge 16.102ms
[13.091s][debug  ][gc,phases,start] GC(48) Reference Processing
[13.091s][debug  ][gc,ref         ] GC(48) Skipped phase 1 of Reference Processing: no references
[13.091s][debug  ][gc,ref         ] GC(48) Skipped phase 2 of Reference Processing: no references
[13.091s][debug  ][gc,ref         ] GC(48) Skipped phase 3 of Reference Processing: no references
[13.091s][debug  ][gc,ref         ] GC(48) Skipped phase 4 of Reference Processing: no references
[13.092s][debug  ][gc,phases,ref  ] GC(48) Reference Processing: 0.1ms
[13.092s][debug  ][gc,phases,ref  ] GC(48)   Reconsider SoftReferences: 0.0ms
[13.092s][debug  ][gc,phases,ref  ] GC(48)     SoftRef (ms):                  skipped
[13.092s][debug  ][gc,phases,ref  ] GC(48)   Notify Soft/WeakReferences: 0.0ms
[13.092s][debug  ][gc,phases,ref  ] GC(48)     SoftRef (ms):                  skipped
[13.092s][debug  ][gc,phases,ref  ] GC(48)     WeakRef (ms):                  skipped
[13.092s][debug  ][gc,phases,ref  ] GC(48)     FinalRef (ms):                 skipped
[13.092s][debug  ][gc,phases,ref  ] GC(48)     Total (ms):                    skipped
[13.092s][debug  ][gc,phases,ref  ] GC(48)   Notify and keep alive finalizable: 0.0ms
[13.092s][debug  ][gc,phases,ref  ] GC(48)     FinalRef (ms):                 skipped
[13.092s][debug  ][gc,phases,ref  ] GC(48)   Notify PhantomReferences: 0.0ms
[13.092s][debug  ][gc,phases,ref  ] GC(48)     PhantomRef (ms):               skipped
[13.092s][debug  ][gc,phases,ref  ] GC(48)   SoftReference:
[13.092s][debug  ][gc,phases,ref  ] GC(48)     Discovered: 0
[13.092s][debug  ][gc,phases,ref  ] GC(48)     Cleared: 0
[13.092s][debug  ][gc,phases,ref  ] GC(48)   WeakReference:
[13.092s][debug  ][gc,phases,ref  ] GC(48)     Discovered: 0
[13.092s][debug  ][gc,phases,ref  ] GC(48)     Cleared: 0
[13.092s][debug  ][gc,phases,ref  ] GC(48)   FinalReference:
[13.092s][debug  ][gc,phases,ref  ] GC(48)     Discovered: 0
[13.092s][debug  ][gc,phases,ref  ] GC(48)     Cleared: 0
[13.092s][debug  ][gc,phases,ref  ] GC(48)   PhantomReference:
[13.092s][debug  ][gc,phases,ref  ] GC(48)     Discovered: 0
[13.092s][debug  ][gc,phases,ref  ] GC(48)     Cleared: 0
[13.092s][debug  ][gc,phases      ] GC(48) Reference Processing 0.614ms
[13.092s][debug  ][gc,phases,start] GC(48) Weak Processing
[13.092s][debug  ][gc,phases      ] GC(48)   VM Weak                        Min:  0.0, Avg:  0.0, Max:  0.0, Diff:  0.0, Sum:  0.0, Workers: 6
[13.092s][debug  ][gc,phases      ] GC(48)     Dead                           Min: 0, Avg:  0.0, Max: 0, Diff: 0, Sum: 0, Workers: 6
[13.092s][debug  ][gc,phases      ] GC(48)     Total                          Min: 0, Avg:  1.3, Max: 8, Diff: 8, Sum: 8, Workers: 6
[13.092s][debug  ][gc,phases      ] GC(48)   ObjectSynchronizer Weak        Min:  0.0, Avg:  0.0, Max:  0.0, Diff:  0.0, Sum:  0.0, Workers: 6
[13.092s][debug  ][gc,phases      ] GC(48)     Dead                           Min: 0, Avg:  0.0, Max: 0, Diff: 0, Sum: 0, Workers: 6
[13.092s][debug  ][gc,phases      ] GC(48)     Total                          Min: 0, Avg:  0.5, Max: 3, Diff: 3, Sum: 3, Workers: 6
[13.092s][debug  ][gc,phases      ] GC(48)   JVMTI Tag Weak OopStorage      Min:  0.0, Avg:  0.0, Max:  0.0, Diff:  0.0, Sum:  0.0, Workers: 6
[13.092s][debug  ][gc,phases      ] GC(48)     Dead                           Min: 0, Avg:  0.0, Max: 0, Diff: 0, Sum: 0, Workers: 6
[13.092s][debug  ][gc,phases      ] GC(48)     Total                          Min: 0, Avg:  0.0, Max: 0, Diff: 0, Sum: 0, Workers: 6
[13.092s][debug  ][gc,phases      ] GC(48)   StringTable Weak               Min:  0.0, Avg:  0.0, Max:  0.0, Diff:  0.0, Sum:  0.0, Workers: 6
[13.092s][debug  ][gc,phases      ] GC(48)     Dead                           Min: 0, Avg:  0.0, Max: 0, Diff: 0, Sum: 0, Workers: 6
[13.092s][debug  ][gc,phases      ] GC(48)     Total                          Min: 768, Avg: 892.8, Max: 1024, Diff: 256, Sum: 5357, Workers: 6
[13.092s][debug  ][gc,phases      ] GC(48)   ResolvedMethodTable Weak       Min:  0.0, Avg:  0.0, Max:  0.0, Diff:  0.0, Sum:  0.0, Workers: 6
[13.092s][debug  ][gc,phases      ] GC(48)     Dead                           Min: 0, Avg:  0.0, Max: 0, Diff: 0, Sum: 0, Workers: 6
[13.092s][debug  ][gc,phases      ] GC(48)     Total                          Min: 0, Avg: 21.7, Max: 64, Diff: 64, Sum: 130, Workers: 6
[13.092s][debug  ][gc,phases      ] GC(48)   JNI Weak                       Min:  0.0, Avg:  0.0, Max:  0.0, Diff:  0.0, Sum:  0.0, Workers: 6
[13.092s][debug  ][gc,phases      ] GC(48)     Dead                           Min: 0, Avg:  0.0, Max: 0, Diff: 0, Sum: 0, Workers: 6
[13.092s][debug  ][gc,phases      ] GC(48)     Total                          Min: 0, Avg:  0.0, Max: 0, Diff: 0, Sum: 0, Workers: 6
[13.092s][debug  ][gc,phases      ] GC(48)   StringDedup Table Weak         Min:  0.0, Avg:  0.0, Max:  0.0, Diff:  0.0, Sum:  0.0, Workers: 6
[13.092s][debug  ][gc,phases      ] GC(48)     Dead                           Min: 0, Avg:  0.0, Max: 0, Diff: 0, Sum: 0, Workers: 6
[13.093s][debug  ][gc,phases      ] GC(48)     Total                          Min: 0, Avg:  0.0, Max: 0, Diff: 0, Sum: 0, Workers: 6
[13.093s][debug  ][gc,phases      ] GC(48)   StringDedup Requests0 Weak     Min:  0.0, Avg:  0.0, Max:  0.0, Diff:  0.0, Sum:  0.0, Workers: 6
[13.093s][debug  ][gc,phases      ] GC(48)     Dead                           Min: 0, Avg:  0.0, Max: 0, Diff: 0, Sum: 0, Workers: 6
[13.093s][debug  ][gc,phases      ] GC(48)     Total                          Min: 0, Avg:  0.0, Max: 0, Diff: 0, Sum: 0, Workers: 6
[13.093s][debug  ][gc,phases      ] GC(48)   StringDedup Requests1 Weak     Min:  0.0, Avg:  0.0, Max:  0.0, Diff:  0.0, Sum:  0.0, Workers: 6
[13.093s][debug  ][gc,phases      ] GC(48)     Dead                           Min: 0, Avg:  0.0, Max: 0, Diff: 0, Sum: 0, Workers: 6
[13.093s][debug  ][gc,phases      ] GC(48)     Total                          Min: 0, Avg:  0.0, Max: 0, Diff: 0, Sum: 0, Workers: 6
[13.093s][debug  ][gc,phases      ] GC(48)   Weak JFR Old Object Samples    Min:  0.0, Avg:  0.0, Max:  0.0, Diff:  0.0, Sum:  0.0, Workers: 6
[13.093s][debug  ][gc,phases      ] GC(48)     Dead                           Min: 0, Avg:  0.0, Max: 0, Diff: 0, Sum: 0, Workers: 6
[13.093s][debug  ][gc,phases      ] GC(48)     Total                          Min: 0, Avg:  0.0, Max: 0, Diff: 0, Sum: 0, Workers: 6
[13.093s][debug  ][gc,phases      ] GC(48) Weak Processing 0.693ms
[13.093s][debug  ][gc,ergo        ] GC(48) AdaptiveSizeStart:  collection: 49 
[13.093s][debug  ][gc,ergo        ] GC(48) avg_survived_padded_avg: 31892290.000000
[13.093s][debug  ][gc,ergo        ] GC(48) avg_promoted_padded_avg: 269728704.000000  avg_pretenured_padded_avg: 0.000000  tenuring_thresh: 1  target_size: 31981568
[13.093s][debug  ][gc,age         ] GC(48) Desired survivor size 31981568 bytes, new threshold 1 (max threshold 15)
[13.093s][debug  ][gc,ergo        ] GC(48) PSAdaptiveSizePolicy::compute_eden_space_size limits: desired_eden_size: 230098844 old_eden_size: 203948032 eden_limit: 204472320 cur_eden: 204472320 max_eden_size: 204472320 avg_young_live: 26926074
[13.093s][debug  ][gc,ergo        ] GC(48) PSAdaptiveSizePolicy::compute_eden_space_size: costs minor_time: 0.047460 major_cost: 0.036044 mutator_cost: 0.916497 throughput_goal: 0.990000
[13.093s][debug  ][gc,ergo        ] GC(48) Live_space: 878937856 free_space: 1099431936
[13.093s][debug  ][gc,ergo        ] GC(48) Old eden_size: 203948032 desired_eden_size: 204472320
[13.093s][debug  ][gc,ergo        ] GC(48) AdaptiveSizeStop: collection: 49 
[13.093s][info   ][gc,heap        ] GC(48) PSYoungGen: 229161K(230912K)->30720K(230912K) Eden: 198441K(199680K)->0K(199680K) From: 30720K(31232K)->30720K(31232K)
[13.093s][info   ][gc,heap        ] GC(48) ParOldGen: 1128036K(1835008K)->1322597K(1835008K)
[13.093s][info   ][gc,metaspace   ] GC(48) Metaspace: 1019K(1152K)->1019K(1152K) NonClass: 935K(960K)->935K(960K) Class: 83K(192K)->83K(192K)
[13.093s][info   ][gc             ] GC(48) Pause Young (Allocation Failure) 1325M->1321M(2017M) 17.848ms
[13.093s][info   ][gc,cpu         ] GC(48) User=0.14s Sys=0.02s Real=0.02s
[13.093s][debug  ][gc,heap        ] GC(48) Heap after GC invocations=49 (full 8):
[13.093s][debug  ][gc,heap        ] GC(48)  PSYoungGen      total 230912K, used 30720K [0x00000000f0000000, 0x0000000100000000, 0x0000000100000000)
[13.093s][debug  ][gc,heap        ] GC(48)   eden space 199680K, 0% used [0x00000000f0000000,0x00000000f0000000,0x00000000fc300000)
[13.093s][debug  ][gc,heap        ] GC(48)   from space 31232K, 98% used [0x00000000fc300000,0x00000000fe100030,0x00000000fe180000)
[13.093s][debug  ][gc,heap        ] GC(48)   to   space 31232K, 0% used [0x00000000fe180000,0x00000000fe180000,0x0000000100000000)
[13.093s][debug  ][gc,heap        ] GC(48)  ParOldGen       total 1835008K, used 1322597K [0x0000000080000000, 0x00000000f0000000, 0x00000000f0000000)
[13.093s][debug  ][gc,heap        ] GC(48)   object space 1835008K, 72% used [0x0000000080000000,0x00000000d0b99498,0x00000000f0000000)
[13.093s][debug  ][gc,heap        ] GC(48)  Metaspace       used 1019K, committed 1152K, reserved 1056768K
[13.093s][debug  ][gc,heap        ] GC(48)   class space    used 83K, committed 192K, reserved 1048576K
[13.093s][debug  ][gc,task,time   ] GC(48) VM-Thread 130747039 130913900 130932424
[13.393s][debug  ][gc,heap        ] GC(49) Heap before GC invocations=50 (full 8):
[13.393s][debug  ][gc,heap        ] GC(49)  PSYoungGen      total 230912K, used 229173K [0x00000000f0000000, 0x0000000100000000, 0x0000000100000000)
[13.393s][debug  ][gc,heap        ] GC(49)   eden space 199680K, 99% used [0x00000000f0000000,0x00000000fc1cd6d8,0x00000000fc300000)
[13.393s][debug  ][gc,heap        ] GC(49)   from space 31232K, 98% used [0x00000000fc300000,0x00000000fe100030,0x00000000fe180000)
[13.393s][debug  ][gc,heap        ] GC(49)   to   space 31232K, 0% used [0x00000000fe180000,0x00000000fe180000,0x0000000100000000)
[13.393s][debug  ][gc,heap        ] GC(49)  ParOldGen       total 1835008K, used 1322597K [0x0000000080000000, 0x00000000f0000000, 0x00000000f0000000)
[13.393s][debug  ][gc,heap        ] GC(49)   object space 1835008K, 72% used [0x0000000080000000,0x00000000d0b99498,0x00000000f0000000)
[13.393s][debug  ][gc,heap        ] GC(49)  Metaspace       used 1019K, committed 1152K, reserved 1056768K
[13.393s][debug  ][gc,heap        ] GC(49)   class space    used 83K, committed 192K, reserved 1048576K
[13.393s][debug  ][gc,tlab        ] GC(49) TLAB totals: thrds: 1  refills: 1 max: 1 slow allocs: 18 max 18 waste: 27.5% gc: 3986856B max: 3986856B slow: 0B max: 0B
[13.393s][info   ][gc,start       ] GC(49) Pause Young (Allocation Failure)
[13.393s][debug  ][gc,phases,start] GC(49) Scavenge
[13.409s][debug  ][gc,phases      ] GC(49) Scavenge 15.790ms
[13.409s][debug  ][gc,phases,start] GC(49) Reference Processing
[13.409s][debug  ][gc,ref         ] GC(49) Skipped phase 1 of Reference Processing: no references
[13.409s][debug  ][gc,ref         ] GC(49) Skipped phase 2 of Reference Processing: no references
[13.409s][debug  ][gc,ref         ] GC(49) Skipped phase 3 of Reference Processing: no references
[13.409s][debug  ][gc,ref         ] GC(49) Skipped phase 4 of Reference Processing: no references
[13.409s][debug  ][gc,phases,ref  ] GC(49) Reference Processing: 0.1ms
[13.409s][debug  ][gc,phases,ref  ] GC(49)   Reconsider SoftReferences: 0.0ms
[13.409s][debug  ][gc,phases,ref  ] GC(49)     SoftRef (ms):                  skipped
[13.409s][debug  ][gc,phases,ref  ] GC(49)   Notify Soft/WeakReferences: 0.0ms
[13.409s][debug  ][gc,phases,ref  ] GC(49)     SoftRef (ms):                  skipped
[13.409s][debug  ][gc,phases,ref  ] GC(49)     WeakRef (ms):                  skipped
[13.409s][debug  ][gc,phases,ref  ] GC(49)     FinalRef (ms):                 skipped
[13.409s][debug  ][gc,phases,ref  ] GC(49)     Total (ms):                    skipped
[13.409s][debug  ][gc,phases,ref  ] GC(49)   Notify and keep alive finalizable: 0.0ms
[13.409s][debug  ][gc,phases,ref  ] GC(49)     FinalRef (ms):                 skipped
[13.409s][debug  ][gc,phases,ref  ] GC(49)   Notify PhantomReferences: 0.0ms
[13.409s][debug  ][gc,phases,ref  ] GC(49)     PhantomRef (ms):               skipped
[13.409s][debug  ][gc,phases,ref  ] GC(49)   SoftReference:
[13.409s][debug  ][gc,phases,ref  ] GC(49)     Discovered: 0
[13.409s][debug  ][gc,phases,ref  ] GC(49)     Cleared: 0
[13.409s][debug  ][gc,phases,ref  ] GC(49)   WeakReference:
[13.409s][debug  ][gc,phases,ref  ] GC(49)     Discovered: 0
[13.409s][debug  ][gc,phases,ref  ] GC(49)     Cleared: 0
[13.410s][debug  ][gc,phases,ref  ] GC(49)   FinalReference:
[13.410s][debug  ][gc,phases,ref  ] GC(49)     Discovered: 0
[13.410s][debug  ][gc,phases,ref  ] GC(49)     Cleared: 0
[13.410s][debug  ][gc,phases,ref  ] GC(49)   PhantomReference:
[13.410s][debug  ][gc,phases,ref  ] GC(49)     Discovered: 0
[13.410s][debug  ][gc,phases,ref  ] GC(49)     Cleared: 0
[13.410s][debug  ][gc,phases      ] GC(49) Reference Processing 0.630ms
[13.410s][debug  ][gc,phases,start] GC(49) Weak Processing
[13.410s][debug  ][gc,phases      ] GC(49)   VM Weak                        Min:  0.0, Avg:  0.0, Max:  0.0, Diff:  0.0, Sum:  0.0, Workers: 6
[13.410s][debug  ][gc,phases      ] GC(49)     Dead                           Min: 0, Avg:  0.0, Max: 0, Diff: 0, Sum: 0, Workers: 6
[13.410s][debug  ][gc,phases      ] GC(49)     Total                          Min: 0, Avg:  1.3, Max: 8, Diff: 8, Sum: 8, Workers: 6
[13.410s][debug  ][gc,phases      ] GC(49)   ObjectSynchronizer Weak        Min:  0.0, Avg:  0.0, Max:  0.0, Diff:  0.0, Sum:  0.0, Workers: 6
[13.410s][debug  ][gc,phases      ] GC(49)     Dead                           Min: 0, Avg:  0.0, Max: 0, Diff: 0, Sum: 0, Workers: 6
[13.410s][debug  ][gc,phases      ] GC(49)     Total                          Min: 0, Avg:  0.5, Max: 3, Diff: 3, Sum: 3, Workers: 6
[13.410s][debug  ][gc,phases      ] GC(49)   JVMTI Tag Weak OopStorage      Min:  0.0, Avg:  0.0, Max:  0.0, Diff:  0.0, Sum:  0.0, Workers: 6
[13.410s][debug  ][gc,phases      ] GC(49)     Dead                           Min: 0, Avg:  0.0, Max: 0, Diff: 0, Sum: 0, Workers: 6
[13.410s][debug  ][gc,phases      ] GC(49)     Total                          Min: 0, Avg:  0.0, Max: 0, Diff: 0, Sum: 0, Workers: 6
[13.410s][debug  ][gc,phases      ] GC(49)   StringTable Weak               Min:  0.0, Avg:  0.0, Max:  0.0, Diff:  0.0, Sum:  0.0, Workers: 6
[13.410s][debug  ][gc,phases      ] GC(49)     Dead                           Min: 0, Avg:  0.0, Max: 0, Diff: 0, Sum: 0, Workers: 6
[13.410s][debug  ][gc,phases      ] GC(49)     Total                          Min: 768, Avg: 892.8, Max: 1024, Diff: 256, Sum: 5357, Workers: 6
[13.410s][debug  ][gc,phases      ] GC(49)   ResolvedMethodTable Weak       Min:  0.0, Avg:  0.0, Max:  0.0, Diff:  0.0, Sum:  0.0, Workers: 6
[13.410s][debug  ][gc,phases      ] GC(49)     Dead                           Min: 0, Avg:  0.0, Max: 0, Diff: 0, Sum: 0, Workers: 6
[13.410s][debug  ][gc,phases      ] GC(49)     Total                          Min: 0, Avg: 21.7, Max: 64, Diff: 64, Sum: 130, Workers: 6
[13.410s][debug  ][gc,phases      ] GC(49)   JNI Weak                       Min:  0.0, Avg:  0.0, Max:  0.0, Diff:  0.0, Sum:  0.0, Workers: 6
[13.410s][debug  ][gc,phases      ] GC(49)     Dead                           Min: 0, Avg:  0.0, Max: 0, Diff: 0, Sum: 0, Workers: 6
[13.410s][debug  ][gc,phases      ] GC(49)     Total                          Min: 0, Avg:  0.0, Max: 0, Diff: 0, Sum: 0, Workers: 6
[13.410s][debug  ][gc,phases      ] GC(49)   StringDedup Table Weak         Min:  0.0, Avg:  0.0, Max:  0.0, Diff:  0.0, Sum:  0.0, Workers: 6
[13.410s][debug  ][gc,phases      ] GC(49)     Dead                           Min: 0, Avg:  0.0, Max: 0, Diff: 0, Sum: 0, Workers: 6
[13.410s][debug  ][gc,phases      ] GC(49)     Total                          Min: 0, Avg:  0.0, Max: 0, Diff: 0, Sum: 0, Workers: 6
[13.410s][debug  ][gc,phases      ] GC(49)   StringDedup Requests0 Weak     Min:  0.0, Avg:  0.0, Max:  0.0, Diff:  0.0, Sum:  0.0, Workers: 6
[13.410s][debug  ][gc,phases      ] GC(49)     Dead                           Min: 0, Avg:  0.0, Max: 0, Diff: 0, Sum: 0, Workers: 6
[13.410s][debug  ][gc,phases      ] GC(49)     Total                          Min: 0, Avg:  0.0, Max: 0, Diff: 0, Sum: 0, Workers: 6
[13.410s][debug  ][gc,phases      ] GC(49)   StringDedup Requests1 Weak     Min:  0.0, Avg:  0.0, Max:  0.0, Diff:  0.0, Sum:  0.0, Workers: 6
[13.410s][debug  ][gc,phases      ] GC(49)     Dead                           Min: 0, Avg:  0.0, Max: 0, Diff: 0, Sum: 0, Workers: 6
[13.410s][debug  ][gc,phases      ] GC(49)     Total                          Min: 0, Avg:  0.0, Max: 0, Diff: 0, Sum: 0, Workers: 6
[13.410s][debug  ][gc,phases      ] GC(49)   Weak JFR Old Object Samples    Min:  0.0, Avg:  0.0, Max:  0.0, Diff:  0.0, Sum:  0.0, Workers: 6
[13.410s][debug  ][gc,phases      ] GC(49)     Dead                           Min: 0, Avg:  0.0, Max: 0, Diff: 0, Sum: 0, Workers: 6
[13.410s][debug  ][gc,phases      ] GC(49)     Total                          Min: 0, Avg:  0.0, Max: 0, Diff: 0, Sum: 0, Workers: 6
[13.410s][debug  ][gc,phases      ] GC(49) Weak Processing 0.702ms
[13.410s][debug  ][gc,ergo        ] GC(49) AdaptiveSizeStart:  collection: 50 
[13.410s][debug  ][gc,ergo        ] GC(49) avg_survived_padded_avg: 31858852.000000
[13.410s][debug  ][gc,ergo        ] GC(49) avg_promoted_padded_avg: 271831360.000000  avg_pretenured_padded_avg: 0.000000  tenuring_thresh: 1  target_size: 31981568
[13.410s][debug  ][gc,age         ] GC(49) Desired survivor size 31981568 bytes, new threshold 1 (max threshold 15)
[13.410s][debug  ][gc,ergo        ] GC(49) PSAdaptiveSizePolicy::compute_eden_space_size limits: desired_eden_size: 230488589 old_eden_size: 204472320 eden_limit: 204472320 cur_eden: 204472320 max_eden_size: 204472320 avg_young_live: 27379198
[13.410s][debug  ][gc,ergo        ] GC(49) PSAdaptiveSizePolicy::compute_eden_space_size: costs minor_time: 0.049166 major_cost: 0.036044 mutator_cost: 0.914790 throughput_goal: 0.990000
[13.410s][debug  ][gc,ergo        ] GC(49) Live_space: 879390976 free_space: 1099956224
[13.411s][debug  ][gc,ergo        ] GC(49) Old eden_size: 204472320 desired_eden_size: 204472320
[13.411s][debug  ][gc,ergo        ] GC(49) AdaptiveSizeStop: collection: 50 
[13.411s][info   ][gc,heap        ] GC(49) PSYoungGen: 229173K(230912K)->30720K(230912K) Eden: 198453K(199680K)->0K(199680K) From: 30720K(31232K)->30720K(31232K)
[13.411s][info   ][gc,heap        ] GC(49) ParOldGen: 1322597K(1835008K)->1517157K(1835008K)
[13.411s][info   ][gc,metaspace   ] GC(49) Metaspace: 1019K(1152K)->1019K(1152K) NonClass: 935K(960K)->935K(960K) Class: 83K(192K)->83K(192K)
[13.411s][info   ][gc             ] GC(49) Pause Young (Allocation Failure) 1515M->1511M(2017M) 17.557ms
[13.411s][info   ][gc,cpu         ] GC(49) User=0.16s Sys=0.00s Real=0.02s
[13.411s][debug  ][gc,heap        ] GC(49) Heap after GC invocations=50 (full 8):
[13.411s][debug  ][gc,heap        ] GC(49)  PSYoungGen      total 230912K, used 30720K [0x00000000f0000000, 0x0000000100000000, 0x0000000100000000)
[13.411s][debug  ][gc,heap        ] GC(49)   eden space 199680K, 0% used [0x00000000f0000000,0x00000000f0000000,0x00000000fc300000)
[13.411s][debug  ][gc,heap        ] GC(49)   from space 31232K, 98% used [0x00000000fe180000,0x00000000fff80030,0x0000000100000000)
[13.411s][debug  ][gc,heap        ] GC(49)   to   space 31232K, 0% used [0x00000000fc300000,0x00000000fc300000,0x00000000fe180000)
[13.411s][debug  ][gc,heap        ] GC(49)  ParOldGen       total 1835008K, used 1517157K [0x0000000080000000, 0x00000000f0000000, 0x00000000f0000000)
[13.411s][debug  ][gc,heap        ] GC(49)   object space 1835008K, 82% used [0x0000000080000000,0x00000000dc9995c8,0x00000000f0000000)
[13.411s][debug  ][gc,heap        ] GC(49)  Metaspace       used 1019K, committed 1152K, reserved 1056768K
[13.411s][debug  ][gc,heap        ] GC(49)   class space    used 83K, committed 192K, reserved 1048576K
[13.411s][debug  ][gc,task,time   ] GC(49) VM-Thread 133925942 134090008 134108783
[13.706s][debug  ][gc,heap        ] GC(50) Heap before GC invocations=51 (full 8):
[13.707s][debug  ][gc,heap        ] GC(50)  PSYoungGen      total 230912K, used 229181K [0x00000000f0000000, 0x0000000100000000, 0x0000000100000000)
[13.707s][debug  ][gc,heap        ] GC(50)   eden space 199680K, 99% used [0x00000000f0000000,0x00000000fc1cf568,0x00000000fc300000)
[13.707s][debug  ][gc,heap        ] GC(50)   from space 31232K, 98% used [0x00000000fe180000,0x00000000fff80030,0x0000000100000000)
[13.707s][debug  ][gc,heap        ] GC(50)   to   space 31232K, 0% used [0x00000000fc300000,0x00000000fc300000,0x00000000fe180000)
[13.707s][debug  ][gc,heap        ] GC(50)  ParOldGen       total 1835008K, used 1517157K [0x0000000080000000, 0x00000000f0000000, 0x00000000f0000000)
[13.707s][debug  ][gc,heap        ] GC(50)   object space 1835008K, 82% used [0x0000000080000000,0x00000000dc9995c8,0x00000000f0000000)
[13.707s][debug  ][gc,heap        ] GC(50)  Metaspace       used 1019K, committed 1152K, reserved 1056768K
[13.707s][debug  ][gc,heap        ] GC(50)   class space    used 83K, committed 192K, reserved 1048576K
[13.707s][debug  ][gc,tlab        ] GC(50) TLAB totals: thrds: 1  refills: 1 max: 1 slow allocs: 18 max 18 waste: 27.6% gc: 3994680B max: 3994680B slow: 0B max: 0B
[13.707s][info   ][gc,start       ] GC(50) Pause Young (Allocation Failure)
[13.707s][debug  ][gc,phases,start] GC(50) Scavenge
[13.723s][debug  ][gc,phases      ] GC(50) Scavenge 16.462ms
[13.723s][debug  ][gc,phases,start] GC(50) Reference Processing
[13.723s][debug  ][gc,ref         ] GC(50) Skipped phase 1 of Reference Processing: no references
[13.723s][debug  ][gc,ref         ] GC(50) Skipped phase 2 of Reference Processing: no references
[13.724s][debug  ][gc,ref         ] GC(50) Skipped phase 3 of Reference Processing: no references
[13.724s][debug  ][gc,ref         ] GC(50) Skipped phase 4 of Reference Processing: no references
[13.724s][debug  ][gc,phases,ref  ] GC(50) Reference Processing: 0.1ms
[13.724s][debug  ][gc,phases,ref  ] GC(50)   Reconsider SoftReferences: 0.0ms
[13.724s][debug  ][gc,phases,ref  ] GC(50)     SoftRef (ms):                  skipped
[13.724s][debug  ][gc,phases,ref  ] GC(50)   Notify Soft/WeakReferences: 0.0ms
[13.724s][debug  ][gc,phases,ref  ] GC(50)     SoftRef (ms):                  skipped
[13.724s][debug  ][gc,phases,ref  ] GC(50)     WeakRef (ms):                  skipped
[13.724s][debug  ][gc,phases,ref  ] GC(50)     FinalRef (ms):                 skipped
[13.724s][debug  ][gc,phases,ref  ] GC(50)     Total (ms):                    skipped
[13.724s][debug  ][gc,phases,ref  ] GC(50)   Notify and keep alive finalizable: 0.0ms
[13.724s][debug  ][gc,phases,ref  ] GC(50)     FinalRef (ms):                 skipped
[13.724s][debug  ][gc,phases,ref  ] GC(50)   Notify PhantomReferences: 0.0ms
[13.724s][debug  ][gc,phases,ref  ] GC(50)     PhantomRef (ms):               skipped
[13.724s][debug  ][gc,phases,ref  ] GC(50)   SoftReference:
[13.724s][debug  ][gc,phases,ref  ] GC(50)     Discovered: 0
[13.724s][debug  ][gc,phases,ref  ] GC(50)     Cleared: 0
[13.724s][debug  ][gc,phases,ref  ] GC(50)   WeakReference:
[13.724s][debug  ][gc,phases,ref  ] GC(50)     Discovered: 0
[13.724s][debug  ][gc,phases,ref  ] GC(50)     Cleared: 0
[13.724s][debug  ][gc,phases,ref  ] GC(50)   FinalReference:
[13.724s][debug  ][gc,phases,ref  ] GC(50)     Discovered: 0
[13.724s][debug  ][gc,phases,ref  ] GC(50)     Cleared: 0
[13.724s][debug  ][gc,phases,ref  ] GC(50)   PhantomReference:
[13.724s][debug  ][gc,phases,ref  ] GC(50)     Discovered: 0
[13.724s][debug  ][gc,phases,ref  ] GC(50)     Cleared: 0
[13.724s][debug  ][gc,phases      ] GC(50) Reference Processing 0.566ms
[13.724s][debug  ][gc,phases,start] GC(50) Weak Processing
[13.724s][debug  ][gc,phases      ] GC(50)   VM Weak                        Min:  0.0, Avg:  0.0, Max:  0.0, Diff:  0.0, Sum:  0.0, Workers: 6
[13.724s][debug  ][gc,phases      ] GC(50)     Dead                           Min: 0, Avg:  0.0, Max: 0, Diff: 0, Sum: 0, Workers: 6
[13.724s][debug  ][gc,phases      ] GC(50)     Total                          Min: 0, Avg:  1.3, Max: 8, Diff: 8, Sum: 8, Workers: 6
[13.724s][debug  ][gc,phases      ] GC(50)   ObjectSynchronizer Weak        Min:  0.0, Avg:  0.0, Max:  0.0, Diff:  0.0, Sum:  0.0, Workers: 6
[13.724s][debug  ][gc,phases      ] GC(50)     Dead                           Min: 0, Avg:  0.0, Max: 0, Diff: 0, Sum: 0, Workers: 6
[13.724s][debug  ][gc,phases      ] GC(50)     Total                          Min: 0, Avg:  0.5, Max: 3, Diff: 3, Sum: 3, Workers: 6
[13.724s][debug  ][gc,phases      ] GC(50)   JVMTI Tag Weak OopStorage      Min:  0.0, Avg:  0.0, Max:  0.0, Diff:  0.0, Sum:  0.0, Workers: 6
[13.724s][debug  ][gc,phases      ] GC(50)     Dead                           Min: 0, Avg:  0.0, Max: 0, Diff: 0, Sum: 0, Workers: 6
[13.724s][debug  ][gc,phases      ] GC(50)     Total                          Min: 0, Avg:  0.0, Max: 0, Diff: 0, Sum: 0, Workers: 6
[13.724s][debug  ][gc,phases      ] GC(50)   StringTable Weak               Min:  0.0, Avg:  0.0, Max:  0.0, Diff:  0.0, Sum:  0.0, Workers: 6
[13.724s][debug  ][gc,phases      ] GC(50)     Dead                           Min: 0, Avg:  0.0, Max: 0, Diff: 0, Sum: 0, Workers: 6
[13.724s][debug  ][gc,phases      ] GC(50)     Total                          Min: 640, Avg: 892.8, Max: 1024, Diff: 384, Sum: 5357, Workers: 6
[13.724s][debug  ][gc,phases      ] GC(50)   ResolvedMethodTable Weak       Min:  0.0, Avg:  0.0, Max:  0.0, Diff:  0.0, Sum:  0.0, Workers: 6
[13.724s][debug  ][gc,phases      ] GC(50)     Dead                           Min: 0, Avg:  0.0, Max: 0, Diff: 0, Sum: 0, Workers: 6
[13.724s][debug  ][gc,phases      ] GC(50)     Total                          Min: 0, Avg: 21.7, Max: 64, Diff: 64, Sum: 130, Workers: 6
[13.724s][debug  ][gc,phases      ] GC(50)   JNI Weak                       Min:  0.0, Avg:  0.0, Max:  0.0, Diff:  0.0, Sum:  0.0, Workers: 6
[13.724s][debug  ][gc,phases      ] GC(50)     Dead                           Min: 0, Avg:  0.0, Max: 0, Diff: 0, Sum: 0, Workers: 6
[13.724s][debug  ][gc,phases      ] GC(50)     Total                          Min: 0, Avg:  0.0, Max: 0, Diff: 0, Sum: 0, Workers: 6
[13.724s][debug  ][gc,phases      ] GC(50)   StringDedup Table Weak         Min:  0.0, Avg:  0.0, Max:  0.0, Diff:  0.0, Sum:  0.0, Workers: 6
[13.724s][debug  ][gc,phases      ] GC(50)     Dead                           Min: 0, Avg:  0.0, Max: 0, Diff: 0, Sum: 0, Workers: 6
[13.725s][debug  ][gc,phases      ] GC(50)     Total                          Min: 0, Avg:  0.0, Max: 0, Diff: 0, Sum: 0, Workers: 6
[13.725s][debug  ][gc,phases      ] GC(50)   StringDedup Requests0 Weak     Min:  0.0, Avg:  0.0, Max:  0.0, Diff:  0.0, Sum:  0.0, Workers: 6
[13.725s][debug  ][gc,phases      ] GC(50)     Dead                           Min: 0, Avg:  0.0, Max: 0, Diff: 0, Sum: 0, Workers: 6
[13.725s][debug  ][gc,phases      ] GC(50)     Total                          Min: 0, Avg:  0.0, Max: 0, Diff: 0, Sum: 0, Workers: 6
[13.725s][debug  ][gc,phases      ] GC(50)   StringDedup Requests1 Weak     Min:  0.0, Avg:  0.0, Max:  0.0, Diff:  0.0, Sum:  0.0, Workers: 6
[13.725s][debug  ][gc,phases      ] GC(50)     Dead                           Min: 0, Avg:  0.0, Max: 0, Diff: 0, Sum: 0, Workers: 6
[13.725s][debug  ][gc,phases      ] GC(50)     Total                          Min: 0, Avg:  0.0, Max: 0, Diff: 0, Sum: 0, Workers: 6
[13.725s][debug  ][gc,phases      ] GC(50)   Weak JFR Old Object Samples    Min:  0.0, Avg:  0.0, Max:  0.0, Diff:  0.0, Sum:  0.0, Workers: 6
[13.725s][debug  ][gc,phases      ] GC(50)     Dead                           Min: 0, Avg:  0.0, Max: 0, Diff: 0, Sum: 0, Workers: 6
[13.725s][debug  ][gc,phases      ] GC(50)     Total                          Min: 0, Avg:  0.0, Max: 0, Diff: 0, Sum: 0, Workers: 6
[13.725s][debug  ][gc,phases      ] GC(50) Weak Processing 0.673ms
[13.725s][debug  ][gc,ergo        ] GC(50) AdaptiveSizeStart:  collection: 51 
[13.725s][debug  ][gc,ergo        ] GC(50) avg_survived_padded_avg: 31827750.000000
[13.725s][debug  ][gc,ergo        ] GC(50) avg_promoted_padded_avg: 272808512.000000  avg_pretenured_padded_avg: 0.000000  tenuring_thresh: 1  target_size: 31981568
[13.725s][debug  ][gc,age         ] GC(50) Desired survivor size 31981568 bytes, new threshold 1 (max threshold 15)
[13.725s][debug  ][gc,ergo        ] GC(50) PSAdaptiveSizePolicy::compute_eden_space_size limits: desired_eden_size: 230899314 old_eden_size: 204472320 eden_limit: 204472320 cur_eden: 204472320 max_eden_size: 204472320 avg_young_live: 27787010
[13.725s][debug  ][gc,ergo        ] GC(50) PSAdaptiveSizePolicy::compute_eden_space_size: costs minor_time: 0.051041 major_cost: 0.036044 mutator_cost: 0.912915 throughput_goal: 0.990000
[13.725s][debug  ][gc,ergo        ] GC(50) Live_space: 879798784 free_space: 1099956224
[13.725s][debug  ][gc,ergo        ] GC(50) Old eden_size: 204472320 desired_eden_size: 204472320
[13.725s][debug  ][gc,ergo        ] GC(50) AdaptiveSizeStop: collection: 51 
[13.725s][info   ][gc,heap        ] GC(50) PSYoungGen: 229181K(230912K)->30720K(230912K) Eden: 198461K(199680K)->0K(199680K) From: 30720K(31232K)->30720K(31232K)
[13.725s][info   ][gc,heap        ] GC(50) ParOldGen: 1517157K(1835008K)->1711717K(1835008K)
[13.725s][info   ][gc,metaspace   ] GC(50) Metaspace: 1019K(1152K)->1019K(1152K) NonClass: 935K(960K)->935K(960K) Class: 83K(192K)->83K(192K)
[13.725s][info   ][gc             ] GC(50) Pause Young (Allocation Failure) 1705M->1701M(2017M) 18.125ms
[13.725s][info   ][gc,cpu         ] GC(50) User=0.16s Sys=0.00s Real=0.02s
[13.725s][debug  ][gc,heap        ] GC(50) Heap after GC invocations=51 (full 8):
[13.725s][debug  ][gc,heap        ] GC(50)  PSYoungGen      total 230912K, used 30720K [0x00000000f0000000, 0x0000000100000000, 0x0000000100000000)
[13.725s][debug  ][gc,heap        ] GC(50)   eden space 199680K, 0% used [0x00000000f0000000,0x00000000f0000000,0x00000000fc300000)
[13.725s][debug  ][gc,heap        ] GC(50)   from space 31232K, 98% used [0x00000000fc300000,0x00000000fe100030,0x00000000fe180000)
[13.725s][debug  ][gc,heap        ] GC(50)   to   space 31232K, 0% used [0x00000000fe180000,0x00000000fe180000,0x0000000100000000)
[13.725s][debug  ][gc,heap        ] GC(50)  ParOldGen       total 1835008K, used 1711717K [0x0000000080000000, 0x00000000f0000000, 0x00000000f0000000)
[13.725s][debug  ][gc,heap        ] GC(50)   object space 1835008K, 93% used [0x0000000080000000,0x00000000e87996f8,0x00000000f0000000)
[13.725s][debug  ][gc,heap        ] GC(50)  Metaspace       used 1019K, committed 1152K, reserved 1056768K
[13.725s][debug  ][gc,heap        ] GC(50)   class space    used 83K, committed 192K, reserved 1048576K
[13.725s][debug  ][gc,task,time   ] GC(50) VM-Thread 137064619 137234466 137252286
[13.725s][debug  ][gc,phases,start] GC(51) Pre Compact
[13.725s][debug  ][gc,heap        ] GC(51) Heap before GC invocations=52 (full 9):
[13.725s][debug  ][gc,heap        ] GC(51)  PSYoungGen      total 230912K, used 30720K [0x00000000f0000000, 0x0000000100000000, 0x0000000100000000)
[13.725s][debug  ][gc,heap        ] GC(51)   eden space 199680K, 0% used [0x00000000f0000000,0x00000000f0000000,0x00000000fc300000)
[13.725s][debug  ][gc,heap        ] GC(51)   from space 31232K, 98% used [0x00000000fc300000,0x00000000fe100030,0x00000000fe180000)
[13.725s][debug  ][gc,heap        ] GC(51)   to   space 31232K, 0% used [0x00000000fe180000,0x00000000fe180000,0x0000000100000000)
[13.725s][debug  ][gc,heap        ] GC(51)  ParOldGen       total 1835008K, used 1711717K [0x0000000080000000, 0x00000000f0000000, 0x00000000f0000000)
[13.725s][debug  ][gc,heap        ] GC(51)   object space 1835008K, 93% used [0x0000000080000000,0x00000000e87996f8,0x00000000f0000000)
[13.725s][debug  ][gc,heap        ] GC(51)  Metaspace       used 1019K, committed 1152K, reserved 1056768K
[13.725s][debug  ][gc,heap        ] GC(51)   class space    used 83K, committed 192K, reserved 1048576K
[13.725s][debug  ][gc,phases      ] GC(51) Pre Compact 0.208ms
[13.725s][info   ][gc,start       ] GC(51) Pause Full (Ergonomics)
[13.726s][info   ][gc,phases,start] GC(51) Marking Phase
[13.726s][debug  ][gc,phases,start] GC(51) Par Mark
[13.726s][debug  ][gc,phases      ] GC(51) Par Mark 0.496ms
[13.726s][debug  ][gc,phases,start] GC(51) Reference Processing
[13.726s][debug  ][gc,ref         ] GC(51) Skipped phase 1 of Reference Processing: no references
[13.726s][debug  ][gc,ref         ] GC(51) ReferenceProcessor::execute queues: 1, RefProcThreadModel::Single, marks_oops_alive: false
[13.726s][debug  ][gc,ref         ] GC(51) Skipped phase 3 of Reference Processing: no references
[13.726s][debug  ][gc,ref         ] GC(51) ReferenceProcessor::execute queues: 1, RefProcThreadModel::Single, marks_oops_alive: false
[13.726s][debug  ][gc,phases,ref  ] GC(51) Reference Processing: 0.1ms
[13.726s][debug  ][gc,phases,ref  ] GC(51)   Reconsider SoftReferences: 0.0ms
[13.726s][debug  ][gc,phases,ref  ] GC(51)     SoftRef (ms):                  skipped
[13.726s][debug  ][gc,phases,ref  ] GC(51)   Notify Soft/WeakReferences: 0.0ms
[13.726s][debug  ][gc,phases,ref  ] GC(51)     SoftRef (ms):                  Min:  0.0, Avg:  0.0, Max:  0.0, Diff:  0.0, Sum:  0.0, Workers: 10
[13.726s][debug  ][gc,phases,ref  ] GC(51)     WeakRef (ms):                  Min:  0.0, Avg:  0.0, Max:  0.0, Diff:  0.0, Sum:  0.0, Workers: 10
[13.726s][debug  ][gc,phases,ref  ] GC(51)     FinalRef (ms):                 Min:  0.0, Avg:  0.0, Max:  0.0, Diff:  0.0, Sum:  0.0, Workers: 10
[13.726s][debug  ][gc,phases,ref  ] GC(51)     Total (ms):                    Min:  0.0, Avg:  0.0, Max:  0.0, Diff:  0.0, Sum:  0.0, Workers: 10
[13.726s][debug  ][gc,phases,ref  ] GC(51)   Notify and keep alive finalizable: 0.0ms
[13.726s][debug  ][gc,phases,ref  ] GC(51)     FinalRef (ms):                 skipped
[13.726s][debug  ][gc,phases,ref  ] GC(51)   Notify PhantomReferences: 0.0ms
[13.726s][debug  ][gc,phases,ref  ] GC(51)     PhantomRef (ms):               Min:  0.0, Avg:  0.0, Max:  0.0, Diff:  0.0, Sum:  0.0, Workers: 10
[13.727s][debug  ][gc,phases,ref  ] GC(51)   SoftReference:
[13.727s][debug  ][gc,phases,ref  ] GC(51)     Discovered: 0
[13.727s][debug  ][gc,phases,ref  ] GC(51)     Cleared: 0
[13.727s][debug  ][gc,phases,ref  ] GC(51)   WeakReference:
[13.727s][debug  ][gc,phases,ref  ] GC(51)     Discovered: 60
[13.727s][debug  ][gc,phases,ref  ] GC(51)     Cleared: 60
[13.727s][debug  ][gc,phases,ref  ] GC(51)   FinalReference:
[13.727s][debug  ][gc,phases,ref  ] GC(51)     Discovered: 0
[13.727s][debug  ][gc,phases,ref  ] GC(51)     Cleared: 0
[13.727s][debug  ][gc,phases,ref  ] GC(51)   PhantomReference:
[13.727s][debug  ][gc,phases,ref  ] GC(51)     Discovered: 3
[13.727s][debug  ][gc,phases,ref  ] GC(51)     Cleared: 3
[13.727s][debug  ][gc,phases      ] GC(51) Reference Processing 0.720ms
[13.727s][debug  ][gc,phases,start] GC(51) Weak Processing
[13.727s][debug  ][gc,phases      ] GC(51)   VM Weak                        Min:  0.0, Avg:  0.0, Max:  0.0, Diff:  0.0, Sum:  0.0, Workers: 6
[13.727s][debug  ][gc,phases      ] GC(51)     Dead                           Min: 0, Avg:  0.0, Max: 0, Diff: 0, Sum: 0, Workers: 6
[13.727s][debug  ][gc,phases      ] GC(51)     Total                          Min: 0, Avg:  1.3, Max: 8, Diff: 8, Sum: 8, Workers: 6
[13.727s][debug  ][gc,phases      ] GC(51)   ObjectSynchronizer Weak        Min:  0.0, Avg:  0.0, Max:  0.0, Diff:  0.0, Sum:  0.0, Workers: 6
[13.727s][debug  ][gc,phases      ] GC(51)     Dead                           Min: 0, Avg:  0.0, Max: 0, Diff: 0, Sum: 0, Workers: 6
[13.727s][debug  ][gc,phases      ] GC(51)     Total                          Min: 0, Avg:  0.5, Max: 3, Diff: 3, Sum: 3, Workers: 6
[13.727s][debug  ][gc,phases      ] GC(51)   JVMTI Tag Weak OopStorage      Min:  0.0, Avg:  0.0, Max:  0.0, Diff:  0.0, Sum:  0.0, Workers: 6
[13.727s][debug  ][gc,phases      ] GC(51)     Dead                           Min: 0, Avg:  0.0, Max: 0, Diff: 0, Sum: 0, Workers: 6
[13.727s][debug  ][gc,phases      ] GC(51)     Total                          Min: 0, Avg:  0.0, Max: 0, Diff: 0, Sum: 0, Workers: 6
[13.727s][debug  ][gc,phases      ] GC(51)   StringTable Weak               Min:  0.0, Avg:  0.0, Max:  0.0, Diff:  0.0, Sum:  0.0, Workers: 6
[13.727s][debug  ][gc,phases      ] GC(51)     Dead                           Min: 0, Avg:  0.0, Max: 0, Diff: 0, Sum: 0, Workers: 6
[13.727s][debug  ][gc,phases      ] GC(51)     Total                          Min: 704, Avg: 892.8, Max: 1152, Diff: 448, Sum: 5357, Workers: 6
[13.727s][debug  ][gc,phases      ] GC(51)   ResolvedMethodTable Weak       Min:  0.0, Avg:  0.0, Max:  0.0, Diff:  0.0, Sum:  0.0, Workers: 6
[13.727s][debug  ][gc,phases      ] GC(51)     Dead                           Min: 0, Avg:  0.0, Max: 0, Diff: 0, Sum: 0, Workers: 6
[13.727s][debug  ][gc,phases      ] GC(51)     Total                          Min: 0, Avg: 21.7, Max: 64, Diff: 64, Sum: 130, Workers: 6
[13.727s][debug  ][gc,phases      ] GC(51)   JNI Weak                       Min:  0.0, Avg:  0.0, Max:  0.0, Diff:  0.0, Sum:  0.0, Workers: 6
[13.727s][debug  ][gc,phases      ] GC(51)     Dead                           Min: 0, Avg:  0.0, Max: 0, Diff: 0, Sum: 0, Workers: 6
[13.727s][debug  ][gc,phases      ] GC(51)     Total                          Min: 0, Avg:  0.0, Max: 0, Diff: 0, Sum: 0, Workers: 6
[13.727s][debug  ][gc,phases      ] GC(51)   StringDedup Table Weak         Min:  0.0, Avg:  0.0, Max:  0.0, Diff:  0.0, Sum:  0.0, Workers: 6
[13.727s][debug  ][gc,phases      ] GC(51)     Dead                           Min: 0, Avg:  0.0, Max: 0, Diff: 0, Sum: 0, Workers: 6
[13.727s][debug  ][gc,phases      ] GC(51)     Total                          Min: 0, Avg:  0.0, Max: 0, Diff: 0, Sum: 0, Workers: 6
[13.727s][debug  ][gc,phases      ] GC(51)   StringDedup Requests0 Weak     Min:  0.0, Avg:  0.0, Max:  0.0, Diff:  0.0, Sum:  0.0, Workers: 6
[13.727s][debug  ][gc,phases      ] GC(51)     Dead                           Min: 0, Avg:  0.0, Max: 0, Diff: 0, Sum: 0, Workers: 6
[13.727s][debug  ][gc,phases      ] GC(51)     Total                          Min: 0, Avg:  0.0, Max: 0, Diff: 0, Sum: 0, Workers: 6
[13.727s][debug  ][gc,phases      ] GC(51)   StringDedup Requests1 Weak     Min:  0.0, Avg:  0.0, Max:  0.0, Diff:  0.0, Sum:  0.0, Workers: 6
[13.727s][debug  ][gc,phases      ] GC(51)     Dead                           Min: 0, Avg:  0.0, Max: 0, Diff: 0, Sum: 0, Workers: 6
[13.727s][debug  ][gc,phases      ] GC(51)     Total                          Min: 0, Avg:  0.0, Max: 0, Diff: 0, Sum: 0, Workers: 6
[13.727s][debug  ][gc,phases      ] GC(51)   Weak JFR Old Object Samples    Min:  0.0, Avg:  0.0, Max:  0.0, Diff:  0.0, Sum:  0.0, Workers: 6
[13.727s][debug  ][gc,phases      ] GC(51)     Dead                           Min: 0, Avg:  0.0, Max: 0, Diff: 0, Sum: 0, Workers: 6
[13.727s][debug  ][gc,phases      ] GC(51)     Total                          Min: 0, Avg:  0.0, Max: 0, Diff: 0, Sum: 0, Workers: 6
[13.727s][debug  ][gc,phases      ] GC(51) Weak Processing 0.664ms
[13.727s][debug  ][gc,phases,start] GC(51) Class Unloading
[13.728s][debug  ][gc,phases,start] GC(51) ClassLoaderData
[13.728s][debug  ][gc,phases      ] GC(51) ClassLoaderData 0.019ms
[13.728s][debug  ][gc,phases,start] GC(51) Trigger cleanups
[13.728s][debug  ][gc,phases      ] GC(51) Trigger cleanups 0.019ms
[13.728s][debug  ][gc,phases      ] GC(51) Class Unloading 0.247ms
[13.728s][info   ][gc,phases      ] GC(51) Marking Phase 2.257ms
[13.728s][info   ][gc,phases,start] GC(51) Summary Phase
[13.728s][info   ][gc,phases      ] GC(51) Summary Phase 0.037ms
[13.728s][info   ][gc,phases,start] GC(51) Adjust Roots
[13.728s][info   ][gc,phases      ] GC(51) Adjust Roots 0.135ms
[13.728s][info   ][gc,phases,start] GC(51) Compaction Phase
[13.823s][info   ][gc,phases      ] GC(51) Compaction Phase 95.147ms
[13.823s][info   ][gc,phases,start] GC(51) Post Compact
[13.829s][info   ][gc,phases      ] GC(51) Post Compact 5.954ms
[13.829s][debug  ][gc,ergo        ] GC(51) AdaptiveSizeStart: collection: 52 
[13.829s][debug  ][gc,ergo        ] GC(51) PSAdaptiveSizePolicy::compute_eden_space_size limits: desired_eden_size: 229746337 old_eden_size: 204472320 eden_limit: 204472320 cur_eden: 204472320 max_eden_size: 204472320 avg_young_live: 25008310
[13.829s][debug  ][gc,ergo        ] GC(51) PSAdaptiveSizePolicy::compute_eden_space_size: costs minor_time: 0.051041 major_cost: 0.040016 mutator_cost: 0.908942 throughput_goal: 0.990000
[13.829s][debug  ][gc,ergo        ] GC(51) Live_space: 877020096 free_space: 1099956224
[13.829s][debug  ][gc,ergo        ] GC(51) Old eden_size: 204472320 desired_eden_size: 204472320
[13.829s][debug  ][gc,ergo        ] GC(51) PSAdaptiveSizePolicy::compute_old_gen_free_space: costs minor_time: 0.051041 major_cost: 0.040016  mutator_cost: 0.908942 throughput_goal: 0.990000
[13.829s][debug  ][gc,ergo        ] GC(51) Live_space: 909899456 free_space: 1099956224
[13.829s][debug  ][gc,ergo        ] GC(51) Old promo_size: 895483904 desired_promo_size: 994050048
[13.829s][debug  ][gc,ergo        ] GC(51) AdaptiveSizeStop: collection: 52 
[13.829s][info   ][gc,heap        ] GC(51) PSYoungGen: 30720K(230912K)->0K(230912K) Eden: 0K(199680K)->0K(199680K) From: 30720K(31232K)->0K(31232K)
[13.830s][info   ][gc,heap        ] GC(51) ParOldGen: 1711717K(1835008K)->861796K(1835008K)
[13.830s][info   ][gc,metaspace   ] GC(51) Metaspace: 1019K(1152K)->1019K(1152K) NonClass: 935K(960K)->935K(960K) Class: 83K(192K)->83K(192K)
[13.830s][info   ][gc             ] GC(51) Pause Full (Ergonomics) 1701M->841M(2017M) 104.083ms
[13.830s][info   ][gc,cpu         ] GC(51) User=0.91s Sys=0.00s Real=0.10s
[13.830s][debug  ][gc,heap        ] GC(51) Heap after GC invocations=52 (full 9):
[13.830s][debug  ][gc,heap        ] GC(51)  PSYoungGen      total 230912K, used 0K [0x00000000f0000000, 0x0000000100000000, 0x0000000100000000)
[13.830s][debug  ][gc,heap        ] GC(51)   eden space 199680K, 0% used [0x00000000f0000000,0x00000000f0000000,0x00000000fc300000)
[13.830s][debug  ][gc,heap        ] GC(51)   from space 31232K, 0% used [0x00000000fe180000,0x00000000fe180000,0x0000000100000000)
[13.830s][debug  ][gc,heap        ] GC(51)   to   space 31232K, 0% used [0x00000000fc300000,0x00000000fc300000,0x00000000fe180000)
[13.830s][debug  ][gc,heap        ] GC(51)  ParOldGen       total 1835008K, used 861796K [0x0000000080000000, 0x00000000f0000000, 0x00000000f0000000)
[13.830s][debug  ][gc,heap        ] GC(51)   object space 1835008K, 46% used [0x0000000080000000,0x00000000b49991c8,0x00000000f0000000)
[13.830s][debug  ][gc,heap        ] GC(51)  Metaspace       used 1019K, committed 1152K, reserved 1056768K
[13.830s][debug  ][gc,heap        ] GC(51)   class space    used 83K, committed 192K, reserved 1048576K
[13.830s][debug  ][gc,task,time   ] GC(51) VM-Thread 137255055 137280134 138296161
[14.132s][debug  ][gc,heap        ] GC(52) Heap before GC invocations=53 (full 9):
[14.132s][debug  ][gc,heap        ] GC(52)  PSYoungGen      total 230912K, used 198466K [0x00000000f0000000, 0x0000000100000000, 0x0000000100000000)
[14.132s][debug  ][gc,heap        ] GC(52)   eden space 199680K, 99% used [0x00000000f0000000,0x00000000fc1d0910,0x00000000fc300000)
[14.132s][debug  ][gc,heap        ] GC(52)   from space 31232K, 0% used [0x00000000fe180000,0x00000000fe180000,0x0000000100000000)
[14.132s][debug  ][gc,heap        ] GC(52)   to   space 31232K, 0% used [0x00000000fc300000,0x00000000fc300000,0x00000000fe180000)
[14.132s][debug  ][gc,heap        ] GC(52)  ParOldGen       total 1835008K, used 861796K [0x0000000080000000, 0x00000000f0000000, 0x00000000f0000000)
[14.132s][debug  ][gc,heap        ] GC(52)   object space 1835008K, 46% used [0x0000000080000000,0x00000000b49991c8,0x00000000f0000000)
[14.132s][debug  ][gc,heap        ] GC(52)  Metaspace       used 1019K, committed 1152K, reserved 1056768K
[14.132s][debug  ][gc,heap        ] GC(52)   class space    used 83K, committed 192K, reserved 1048576K
[14.132s][debug  ][gc,tlab        ] GC(52) TLAB totals: thrds: 1  refills: 1 max: 1 slow allocs: 18 max 18 waste: 27.6% gc: 3998544B max: 3998544B slow: 0B max: 0B
[14.132s][info   ][gc,start       ] GC(52) Pause Young (Allocation Failure)
[14.132s][debug  ][gc,phases,start] GC(52) Scavenge
[14.135s][debug  ][gc,phases      ] GC(52) Scavenge 2.678ms
[14.135s][debug  ][gc,phases,start] GC(52) Reference Processing
[14.135s][debug  ][gc,ref         ] GC(52) Skipped phase 1 of Reference Processing: no references
[14.135s][debug  ][gc,ref         ] GC(52) Skipped phase 2 of Reference Processing: no references
[14.135s][debug  ][gc,ref         ] GC(52) Skipped phase 3 of Reference Processing: no references
[14.135s][debug  ][gc,ref         ] GC(52) Skipped phase 4 of Reference Processing: no references
[14.135s][debug  ][gc,phases,ref  ] GC(52) Reference Processing: 0.1ms
[14.135s][debug  ][gc,phases,ref  ] GC(52)   Reconsider SoftReferences: 0.0ms
[14.135s][debug  ][gc,phases,ref  ] GC(52)     SoftRef (ms):                  skipped
[14.135s][debug  ][gc,phases,ref  ] GC(52)   Notify Soft/WeakReferences: 0.0ms
[14.135s][debug  ][gc,phases,ref  ] GC(52)     SoftRef (ms):                  skipped
[14.135s][debug  ][gc,phases,ref  ] GC(52)     WeakRef (ms):                  skipped
[14.135s][debug  ][gc,phases,ref  ] GC(52)     FinalRef (ms):                 skipped
[14.135s][debug  ][gc,phases,ref  ] GC(52)     Total (ms):                    skipped
[14.135s][debug  ][gc,phases,ref  ] GC(52)   Notify and keep alive finalizable: 0.0ms
[14.135s][debug  ][gc,phases,ref  ] GC(52)     FinalRef (ms):                 skipped
[14.135s][debug  ][gc,phases,ref  ] GC(52)   Notify PhantomReferences: 0.0ms
[14.135s][debug  ][gc,phases,ref  ] GC(52)     PhantomRef (ms):               skipped
[14.135s][debug  ][gc,phases,ref  ] GC(52)   SoftReference:
[14.135s][debug  ][gc,phases,ref  ] GC(52)     Discovered: 0
[14.135s][debug  ][gc,phases,ref  ] GC(52)     Cleared: 0
[14.135s][debug  ][gc,phases,ref  ] GC(52)   WeakReference:
[14.135s][debug  ][gc,phases,ref  ] GC(52)     Discovered: 0
[14.136s][debug  ][gc,phases,ref  ] GC(52)     Cleared: 0
[14.136s][debug  ][gc,phases,ref  ] GC(52)   FinalReference:
[14.136s][debug  ][gc,phases,ref  ] GC(52)     Discovered: 0
[14.136s][debug  ][gc,phases,ref  ] GC(52)     Cleared: 0
[14.136s][debug  ][gc,phases,ref  ] GC(52)   PhantomReference:
[14.136s][debug  ][gc,phases,ref  ] GC(52)     Discovered: 0
[14.136s][debug  ][gc,phases,ref  ] GC(52)     Cleared: 0
[14.136s][debug  ][gc,phases      ] GC(52) Reference Processing 0.696ms
[14.136s][debug  ][gc,phases,start] GC(52) Weak Processing
[14.136s][debug  ][gc,phases      ] GC(52)   VM Weak                        Min:  0.0, Avg:  0.0, Max:  0.0, Diff:  0.0, Sum:  0.0, Workers: 6
[14.136s][debug  ][gc,phases      ] GC(52)     Dead                           Min: 0, Avg:  0.0, Max: 0, Diff: 0, Sum: 0, Workers: 6
[14.136s][debug  ][gc,phases      ] GC(52)     Total                          Min: 0, Avg:  1.3, Max: 8, Diff: 8, Sum: 8, Workers: 6
[14.136s][debug  ][gc,phases      ] GC(52)   ObjectSynchronizer Weak        Min:  0.0, Avg:  0.0, Max:  0.0, Diff:  0.0, Sum:  0.0, Workers: 6
[14.136s][debug  ][gc,phases      ] GC(52)     Dead                           Min: 0, Avg:  0.0, Max: 0, Diff: 0, Sum: 0, Workers: 6
[14.136s][debug  ][gc,phases      ] GC(52)     Total                          Min: 0, Avg:  0.5, Max: 3, Diff: 3, Sum: 3, Workers: 6
[14.136s][debug  ][gc,phases      ] GC(52)   JVMTI Tag Weak OopStorage      Min:  0.0, Avg:  0.0, Max:  0.0, Diff:  0.0, Sum:  0.0, Workers: 6
[14.136s][debug  ][gc,phases      ] GC(52)     Dead                           Min: 0, Avg:  0.0, Max: 0, Diff: 0, Sum: 0, Workers: 6
[14.136s][debug  ][gc,phases      ] GC(52)     Total                          Min: 0, Avg:  0.0, Max: 0, Diff: 0, Sum: 0, Workers: 6
[14.136s][debug  ][gc,phases      ] GC(52)   StringTable Weak               Min:  0.0, Avg:  0.0, Max:  0.0, Diff:  0.0, Sum:  0.0, Workers: 6
[14.136s][debug  ][gc,phases      ] GC(52)     Dead                           Min: 0, Avg:  0.0, Max: 0, Diff: 0, Sum: 0, Workers: 6
[14.136s][debug  ][gc,phases      ] GC(52)     Total                          Min: 750, Avg: 892.8, Max: 1088, Diff: 338, Sum: 5357, Workers: 6
[14.136s][debug  ][gc,phases      ] GC(52)   ResolvedMethodTable Weak       Min:  0.0, Avg:  0.0, Max:  0.0, Diff:  0.0, Sum:  0.0, Workers: 6
[14.136s][debug  ][gc,phases      ] GC(52)     Dead                           Min: 0, Avg:  0.0, Max: 0, Diff: 0, Sum: 0, Workers: 6
[14.136s][debug  ][gc,phases      ] GC(52)     Total                          Min: 0, Avg: 21.7, Max: 64, Diff: 64, Sum: 130, Workers: 6
[14.136s][debug  ][gc,phases      ] GC(52)   JNI Weak                       Min:  0.0, Avg:  0.0, Max:  0.0, Diff:  0.0, Sum:  0.0, Workers: 6
[14.136s][debug  ][gc,phases      ] GC(52)     Dead                           Min: 0, Avg:  0.0, Max: 0, Diff: 0, Sum: 0, Workers: 6
[14.136s][debug  ][gc,phases      ] GC(52)     Total                          Min: 0, Avg:  0.0, Max: 0, Diff: 0, Sum: 0, Workers: 6
[14.136s][debug  ][gc,phases      ] GC(52)   StringDedup Table Weak         Min:  0.0, Avg:  0.0, Max:  0.0, Diff:  0.0, Sum:  0.0, Workers: 6
[14.136s][debug  ][gc,phases      ] GC(52)     Dead                           Min: 0, Avg:  0.0, Max: 0, Diff: 0, Sum: 0, Workers: 6
[14.136s][debug  ][gc,phases      ] GC(52)     Total                          Min: 0, Avg:  0.0, Max: 0, Diff: 0, Sum: 0, Workers: 6
[14.136s][debug  ][gc,phases      ] GC(52)   StringDedup Requests0 Weak     Min:  0.0, Avg:  0.0, Max:  0.0, Diff:  0.0, Sum:  0.0, Workers: 6
[14.136s][debug  ][gc,phases      ] GC(52)     Dead                           Min: 0, Avg:  0.0, Max: 0, Diff: 0, Sum: 0, Workers: 6
[14.136s][debug  ][gc,phases      ] GC(52)     Total                          Min: 0, Avg:  0.0, Max: 0, Diff: 0, Sum: 0, Workers: 6
[14.136s][debug  ][gc,phases      ] GC(52)   StringDedup Requests1 Weak     Min:  0.0, Avg:  0.0, Max:  0.0, Diff:  0.0, Sum:  0.0, Workers: 6
[14.136s][debug  ][gc,phases      ] GC(52)     Dead                           Min: 0, Avg:  0.0, Max: 0, Diff: 0, Sum: 0, Workers: 6
[14.136s][debug  ][gc,phases      ] GC(52)     Total                          Min: 0, Avg:  0.0, Max: 0, Diff: 0, Sum: 0, Workers: 6
[14.136s][debug  ][gc,phases      ] GC(52)   Weak JFR Old Object Samples    Min:  0.0, Avg:  0.0, Max:  0.0, Diff:  0.0, Sum:  0.0, Workers: 6
[14.136s][debug  ][gc,phases      ] GC(52)     Dead                           Min: 0, Avg:  0.0, Max: 0, Diff: 0, Sum: 0, Workers: 6
[14.136s][debug  ][gc,phases      ] GC(52)     Total                          Min: 0, Avg:  0.0, Max: 0, Diff: 0, Sum: 0, Workers: 6
[14.136s][debug  ][gc,phases      ] GC(52) Weak Processing 0.675ms
[14.136s][debug  ][gc,ergo        ] GC(52) AdaptiveSizeStart:  collection: 53 
[14.136s][debug  ][gc,ergo        ] GC(52) avg_survived_padded_avg: 31798856.000000
[14.136s][debug  ][gc,ergo        ] GC(52) avg_promoted_padded_avg: 255631296.000000  avg_pretenured_padded_avg: 0.000000  tenuring_thresh: 1  target_size: 31981568
[14.136s][debug  ][gc,age         ] GC(52) Desired survivor size 31981568 bytes, new threshold 1 (max threshold 15)
[14.136s][debug  ][gc,ergo        ] GC(52) PSAdaptiveSizePolicy::compute_eden_space_size limits: desired_eden_size: 227235759 old_eden_size: 204472320 eden_limit: 204472320 cur_eden: 204472320 max_eden_size: 204472320 avg_young_live: 25653212
[14.136s][debug  ][gc,ergo        ] GC(52) PSAdaptiveSizePolicy::compute_eden_space_size: costs minor_time: 0.040802 major_cost: 0.040016 mutator_cost: 0.919182 throughput_goal: 0.990000
[14.137s][debug  ][gc,ergo        ] GC(52) Live_space: 910544384 free_space: 1198522368
[14.137s][debug  ][gc,ergo        ] GC(52) Old eden_size: 204472320 desired_eden_size: 204472320
[14.137s][debug  ][gc,ergo        ] GC(52) AdaptiveSizeStop: collection: 53 
[14.137s][info   ][gc,heap        ] GC(52) PSYoungGen: 198466K(230912K)->30720K(230912K) Eden: 198466K(199680K)->0K(199680K) From: 0K(31232K)->30720K(31232K)
[14.137s][info   ][gc,heap        ] GC(52) ParOldGen: 861796K(1835008K)->861796K(1835008K)
[14.137s][info   ][gc,metaspace   ] GC(52) Metaspace: 1019K(1152K)->1019K(1152K) NonClass: 935K(960K)->935K(960K) Class: 83K(192K)->83K(192K)
[14.137s][info   ][gc             ] GC(52) Pause Young (Allocation Failure) 1035M->871M(2017M) 4.522ms
[14.137s][info   ][gc,cpu         ] GC(52) User=0.00s Sys=0.02s Real=0.01s
[14.137s][debug  ][gc,heap        ] GC(52) Heap after GC invocations=53 (full 9):
[14.137s][debug  ][gc,heap        ] GC(52)  PSYoungGen      total 230912K, used 30720K [0x00000000f0000000, 0x0000000100000000, 0x0000000100000000)
[14.137s][debug  ][gc,heap        ] GC(52)   eden space 199680K, 0% used [0x00000000f0000000,0x00000000f0000000,0x00000000fc300000)
[14.137s][debug  ][gc,heap        ] GC(52)   from space 31232K, 98% used [0x00000000fc300000,0x00000000fe100030,0x00000000fe180000)
[14.137s][debug  ][gc,heap        ] GC(52)   to   space 31232K, 0% used [0x00000000fe180000,0x00000000fe180000,0x0000000100000000)
[14.137s][debug  ][gc,heap        ] GC(52)  ParOldGen       total 1835008K, used 861796K [0x0000000080000000, 0x00000000f0000000, 0x00000000f0000000)
[14.137s][debug  ][gc,heap        ] GC(52)   object space 1835008K, 46% used [0x0000000080000000,0x00000000b49991c8,0x00000000f0000000)
[14.137s][debug  ][gc,heap        ] GC(52)  Metaspace       used 1019K, committed 1152K, reserved 1056768K
[14.137s][debug  ][gc,heap        ] GC(52)   class space    used 83K, committed 192K, reserved 1048576K
[14.137s][debug  ][gc,task,time   ] GC(52) VM-Thread 141317853 141349734 141369523
[14.435s][debug  ][gc,heap        ] GC(53) Heap before GC invocations=54 (full 9):
[14.435s][debug  ][gc,heap        ] GC(53)  PSYoungGen      total 230912K, used 229117K [0x00000000f0000000, 0x0000000100000000, 0x0000000100000000)
[14.435s][debug  ][gc,heap        ] GC(53)   eden space 199680K, 99% used [0x00000000f0000000,0x00000000fc1bf540,0x00000000fc300000)
[14.435s][debug  ][gc,heap        ] GC(53)   from space 31232K, 98% used [0x00000000fc300000,0x00000000fe100030,0x00000000fe180000)
[14.435s][debug  ][gc,heap        ] GC(53)   to   space 31232K, 0% used [0x00000000fe180000,0x00000000fe180000,0x0000000100000000)
[14.435s][debug  ][gc,heap        ] GC(53)  ParOldGen       total 1835008K, used 861796K [0x0000000080000000, 0x00000000f0000000, 0x00000000f0000000)
[14.435s][debug  ][gc,heap        ] GC(53)   object space 1835008K, 46% used [0x0000000080000000,0x00000000b49991c8,0x00000000f0000000)
[14.435s][debug  ][gc,heap        ] GC(53)  Metaspace       used 1019K, committed 1152K, reserved 1056768K
[14.435s][debug  ][gc,heap        ] GC(53)   class space    used 83K, committed 192K, reserved 1048576K
[14.435s][debug  ][gc,tlab        ] GC(53) TLAB totals: thrds: 1  refills: 1 max: 1 slow allocs: 18 max 18 waste: 27.3% gc: 3929104B max: 3929104B slow: 0B max: 0B
[14.435s][info   ][gc,start       ] GC(53) Pause Young (Allocation Failure)
[14.435s][debug  ][gc,phases,start] GC(53) Scavenge
[14.451s][debug  ][gc,phases      ] GC(53) Scavenge 15.309ms
[14.451s][debug  ][gc,phases,start] GC(53) Reference Processing
[14.451s][debug  ][gc,ref         ] GC(53) Skipped phase 1 of Reference Processing: no references
[14.451s][debug  ][gc,ref         ] GC(53) Skipped phase 2 of Reference Processing: no references
[14.451s][debug  ][gc,ref         ] GC(53) Skipped phase 3 of Reference Processing: no references
[14.451s][debug  ][gc,ref         ] GC(53) Skipped phase 4 of Reference Processing: no references
[14.451s][debug  ][gc,phases,ref  ] GC(53) Reference Processing: 0.1ms
[14.451s][debug  ][gc,phases,ref  ] GC(53)   Reconsider SoftReferences: 0.0ms
[14.451s][debug  ][gc,phases,ref  ] GC(53)     SoftRef (ms):                  skipped
[14.451s][debug  ][gc,phases,ref  ] GC(53)   Notify Soft/WeakReferences: 0.0ms
[14.451s][debug  ][gc,phases,ref  ] GC(53)     SoftRef (ms):                  skipped
[14.451s][debug  ][gc,phases,ref  ] GC(53)     WeakRef (ms):                  skipped
[14.451s][debug  ][gc,phases,ref  ] GC(53)     FinalRef (ms):                 skipped
[14.451s][debug  ][gc,phases,ref  ] GC(53)     Total (ms):                    skipped
[14.451s][debug  ][gc,phases,ref  ] GC(53)   Notify and keep alive finalizable: 0.0ms
[14.451s][debug  ][gc,phases,ref  ] GC(53)     FinalRef (ms):                 skipped
[14.451s][debug  ][gc,phases,ref  ] GC(53)   Notify PhantomReferences: 0.0ms
[14.451s][debug  ][gc,phases,ref  ] GC(53)     PhantomRef (ms):               skipped
[14.451s][debug  ][gc,phases,ref  ] GC(53)   SoftReference:
[14.451s][debug  ][gc,phases,ref  ] GC(53)     Discovered: 0
[14.451s][debug  ][gc,phases,ref  ] GC(53)     Cleared: 0
[14.451s][debug  ][gc,phases,ref  ] GC(53)   WeakReference:
[14.451s][debug  ][gc,phases,ref  ] GC(53)     Discovered: 0
[14.451s][debug  ][gc,phases,ref  ] GC(53)     Cleared: 0
[14.451s][debug  ][gc,phases,ref  ] GC(53)   FinalReference:
[14.451s][debug  ][gc,phases,ref  ] GC(53)     Discovered: 0
[14.451s][debug  ][gc,phases,ref  ] GC(53)     Cleared: 0
[14.451s][debug  ][gc,phases,ref  ] GC(53)   PhantomReference:
[14.451s][debug  ][gc,phases,ref  ] GC(53)     Discovered: 0
[14.451s][debug  ][gc,phases,ref  ] GC(53)     Cleared: 0
[14.451s][debug  ][gc,phases      ] GC(53) Reference Processing 0.639ms
[14.451s][debug  ][gc,phases,start] GC(53) Weak Processing
[14.451s][debug  ][gc,phases      ] GC(53)   VM Weak                        Min:  0.0, Avg:  0.0, Max:  0.0, Diff:  0.0, Sum:  0.0, Workers: 6
[14.451s][debug  ][gc,phases      ] GC(53)     Dead                           Min: 0, Avg:  0.0, Max: 0, Diff: 0, Sum: 0, Workers: 6
[14.451s][debug  ][gc,phases      ] GC(53)     Total                          Min: 0, Avg:  1.3, Max: 8, Diff: 8, Sum: 8, Workers: 6
[14.451s][debug  ][gc,phases      ] GC(53)   ObjectSynchronizer Weak        Min:  0.0, Avg:  0.0, Max:  0.0, Diff:  0.0, Sum:  0.0, Workers: 6
[14.451s][debug  ][gc,phases      ] GC(53)     Dead                           Min: 0, Avg:  0.0, Max: 0, Diff: 0, Sum: 0, Workers: 6
[14.451s][debug  ][gc,phases      ] GC(53)     Total                          Min: 0, Avg:  0.5, Max: 3, Diff: 3, Sum: 3, Workers: 6
[14.451s][debug  ][gc,phases      ] GC(53)   JVMTI Tag Weak OopStorage      Min:  0.0, Avg:  0.0, Max:  0.0, Diff:  0.0, Sum:  0.0, Workers: 6
[14.451s][debug  ][gc,phases      ] GC(53)     Dead                           Min: 0, Avg:  0.0, Max: 0, Diff: 0, Sum: 0, Workers: 6
[14.451s][debug  ][gc,phases      ] GC(53)     Total                          Min: 0, Avg:  0.0, Max: 0, Diff: 0, Sum: 0, Workers: 6
[14.451s][debug  ][gc,phases      ] GC(53)   StringTable Weak               Min:  0.0, Avg:  0.0, Max:  0.0, Diff:  0.0, Sum:  0.0, Workers: 6
[14.451s][debug  ][gc,phases      ] GC(53)     Dead                           Min: 0, Avg:  0.0, Max: 0, Diff: 0, Sum: 0, Workers: 6
[14.452s][debug  ][gc,phases      ] GC(53)     Total                          Min: 704, Avg: 892.8, Max: 1152, Diff: 448, Sum: 5357, Workers: 6
[14.452s][debug  ][gc,phases      ] GC(53)   ResolvedMethodTable Weak       Min:  0.0, Avg:  0.0, Max:  0.0, Diff:  0.0, Sum:  0.0, Workers: 6
[14.452s][debug  ][gc,phases      ] GC(53)     Dead                           Min: 0, Avg:  0.0, Max: 0, Diff: 0, Sum: 0, Workers: 6
[14.452s][debug  ][gc,phases      ] GC(53)     Total                          Min: 0, Avg: 21.7, Max: 64, Diff: 64, Sum: 130, Workers: 6
[14.452s][debug  ][gc,phases      ] GC(53)   JNI Weak                       Min:  0.0, Avg:  0.0, Max:  0.0, Diff:  0.0, Sum:  0.0, Workers: 6
[14.452s][debug  ][gc,phases      ] GC(53)     Dead                           Min: 0, Avg:  0.0, Max: 0, Diff: 0, Sum: 0, Workers: 6
[14.452s][debug  ][gc,phases      ] GC(53)     Total                          Min: 0, Avg:  0.0, Max: 0, Diff: 0, Sum: 0, Workers: 6
[14.452s][debug  ][gc,phases      ] GC(53)   StringDedup Table Weak         Min:  0.0, Avg:  0.0, Max:  0.0, Diff:  0.0, Sum:  0.0, Workers: 6
[14.452s][debug  ][gc,phases      ] GC(53)     Dead                           Min: 0, Avg:  0.0, Max: 0, Diff: 0, Sum: 0, Workers: 6
[14.452s][debug  ][gc,phases      ] GC(53)     Total                          Min: 0, Avg:  0.0, Max: 0, Diff: 0, Sum: 0, Workers: 6
[14.452s][debug  ][gc,phases      ] GC(53)   StringDedup Requests0 Weak     Min:  0.0, Avg:  0.0, Max:  0.0, Diff:  0.0, Sum:  0.0, Workers: 6
[14.452s][debug  ][gc,phases      ] GC(53)     Dead                           Min: 0, Avg:  0.0, Max: 0, Diff: 0, Sum: 0, Workers: 6
[14.452s][debug  ][gc,phases      ] GC(53)     Total                          Min: 0, Avg:  0.0, Max: 0, Diff: 0, Sum: 0, Workers: 6
[14.452s][debug  ][gc,phases      ] GC(53)   StringDedup Requests1 Weak     Min:  0.0, Avg:  0.0, Max:  0.0, Diff:  0.0, Sum:  0.0, Workers: 6
[14.452s][debug  ][gc,phases      ] GC(53)     Dead                           Min: 0, Avg:  0.0, Max: 0, Diff: 0, Sum: 0, Workers: 6
[14.452s][debug  ][gc,phases      ] GC(53)     Total                          Min: 0, Avg:  0.0, Max: 0, Diff: 0, Sum: 0, Workers: 6
[14.452s][debug  ][gc,phases      ] GC(53)   Weak JFR Old Object Samples    Min:  0.0, Avg:  0.0, Max:  0.0, Diff:  0.0, Sum:  0.0, Workers: 6
[14.452s][debug  ][gc,phases      ] GC(53)     Dead                           Min: 0, Avg:  0.0, Max: 0, Diff: 0, Sum: 0, Workers: 6
[14.452s][debug  ][gc,phases      ] GC(53)     Total                          Min: 0, Avg:  0.0, Max: 0, Diff: 0, Sum: 0, Workers: 6
[14.452s][debug  ][gc,phases      ] GC(53) Weak Processing 0.706ms
[14.452s][debug  ][gc,ergo        ] GC(53) AdaptiveSizeStart:  collection: 54 
[14.452s][debug  ][gc,ergo        ] GC(53) avg_survived_padded_avg: 31772034.000000
[14.452s][debug  ][gc,ergo        ] GC(53) avg_promoted_padded_avg: 262042544.000000  avg_pretenured_padded_avg: 0.000000  tenuring_thresh: 1  target_size: 31981568
[14.452s][debug  ][gc,age         ] GC(53) Desired survivor size 31981568 bytes, new threshold 1 (max threshold 15)
[14.452s][debug  ][gc,ergo        ] GC(53) PSAdaptiveSizePolicy::compute_eden_space_size limits: desired_eden_size: 228056020 old_eden_size: 204472320 eden_limit: 204472320 cur_eden: 204472320 max_eden_size: 204472320 avg_young_live: 26233622
[14.452s][debug  ][gc,ergo        ] GC(53) PSAdaptiveSizePolicy::compute_eden_space_size: costs minor_time: 0.043884 major_cost: 0.040016 mutator_cost: 0.916100 throughput_goal: 0.990000
[14.452s][debug  ][gc,ergo        ] GC(53) Live_space: 911124736 free_space: 1198522368
[14.452s][debug  ][gc,ergo        ] GC(53) Old eden_size: 204472320 desired_eden_size: 204472320
[14.452s][debug  ][gc,ergo        ] GC(53) AdaptiveSizeStop: collection: 54 
[14.452s][info   ][gc,heap        ] GC(53) PSYoungGen: 229117K(230912K)->30720K(230912K) Eden: 198397K(199680K)->0K(199680K) From: 30720K(31232K)->30720K(31232K)
[14.452s][info   ][gc,heap        ] GC(53) ParOldGen: 861796K(1835008K)->1056356K(1835008K)
[14.452s][info   ][gc,metaspace   ] GC(53) Metaspace: 1019K(1152K)->1019K(1152K) NonClass: 935K(960K)->935K(960K) Class: 83K(192K)->83K(192K)
[14.452s][info   ][gc             ] GC(53) Pause Young (Allocation Failure) 1065M->1061M(2017M) 17.088ms
[14.452s][info   ][gc,cpu         ] GC(53) User=0.16s Sys=0.00s Real=0.02s
[14.452s][debug  ][gc,heap        ] GC(53) Heap after GC invocations=54 (full 9):
[14.452s][debug  ][gc,heap        ] GC(53)  PSYoungGen      total 230912K, used 30720K [0x00000000f0000000, 0x0000000100000000, 0x0000000100000000)
[14.452s][debug  ][gc,heap        ] GC(53)   eden space 199680K, 0% used [0x00000000f0000000,0x00000000f0000000,0x00000000fc300000)
[14.452s][debug  ][gc,heap        ] GC(53)   from space 31232K, 98% used [0x00000000fe180000,0x00000000fff80030,0x0000000100000000)
[14.452s][debug  ][gc,heap        ] GC(53)   to   space 31232K, 0% used [0x00000000fc300000,0x00000000fc300000,0x00000000fe180000)
[14.452s][debug  ][gc,heap        ] GC(53)  ParOldGen       total 1835008K, used 1056356K [0x0000000080000000, 0x00000000f0000000, 0x00000000f0000000)
[14.452s][debug  ][gc,heap        ] GC(53)   object space 1835008K, 57% used [0x0000000080000000,0x00000000c07992f8,0x00000000f0000000)
[14.452s][debug  ][gc,heap        ] GC(53)  Metaspace       used 1019K, committed 1152K, reserved 1056768K
[14.452s][debug  ][gc,heap        ] GC(53)   class space    used 83K, committed 192K, reserved 1048576K
[14.452s][debug  ][gc,task,time   ] GC(53) VM-Thread 144347780 144505716 144524957
[14.748s][debug  ][gc,heap        ] GC(54) Heap before GC invocations=55 (full 9):
[14.748s][debug  ][gc,heap        ] GC(54)  PSYoungGen      total 230912K, used 229145K [0x00000000f0000000, 0x0000000100000000, 0x0000000100000000)
[14.748s][debug  ][gc,heap        ] GC(54)   eden space 199680K, 99% used [0x00000000f0000000,0x00000000fc1c6458,0x00000000fc300000)
[14.748s][debug  ][gc,heap        ] GC(54)   from space 31232K, 98% used [0x00000000fe180000,0x00000000fff80030,0x0000000100000000)
[14.748s][debug  ][gc,heap        ] GC(54)   to   space 31232K, 0% used [0x00000000fc300000,0x00000000fc300000,0x00000000fe180000)
[14.748s][debug  ][gc,heap        ] GC(54)  ParOldGen       total 1835008K, used 1056356K [0x0000000080000000, 0x00000000f0000000, 0x00000000f0000000)
[14.748s][debug  ][gc,heap        ] GC(54)   object space 1835008K, 57% used [0x0000000080000000,0x00000000c07992f8,0x00000000f0000000)
[14.748s][debug  ][gc,heap        ] GC(54)  Metaspace       used 1019K, committed 1152K, reserved 1056768K
[14.748s][debug  ][gc,heap        ] GC(54)   class space    used 83K, committed 192K, reserved 1048576K
[14.748s][debug  ][gc,tlab        ] GC(54) TLAB totals: thrds: 1  refills: 1 max: 1 slow allocs: 18 max 18 waste: 27.4% gc: 3957544B max: 3957544B slow: 0B max: 0B
[14.748s][info   ][gc,start       ] GC(54) Pause Young (Allocation Failure)
[14.749s][debug  ][gc,phases,start] GC(54) Scavenge
[14.764s][debug  ][gc,phases      ] GC(54) Scavenge 15.442ms
[14.764s][debug  ][gc,phases,start] GC(54) Reference Processing
[14.764s][debug  ][gc,ref         ] GC(54) Skipped phase 1 of Reference Processing: no references
[14.764s][debug  ][gc,ref         ] GC(54) Skipped phase 2 of Reference Processing: no references
[14.764s][debug  ][gc,ref         ] GC(54) Skipped phase 3 of Reference Processing: no references
[14.764s][debug  ][gc,ref         ] GC(54) Skipped phase 4 of Reference Processing: no references
[14.764s][debug  ][gc,phases,ref  ] GC(54) Reference Processing: 0.1ms
[14.764s][debug  ][gc,phases,ref  ] GC(54)   Reconsider SoftReferences: 0.0ms
[14.764s][debug  ][gc,phases,ref  ] GC(54)     SoftRef (ms):                  skipped
[14.764s][debug  ][gc,phases,ref  ] GC(54)   Notify Soft/WeakReferences: 0.0ms
[14.764s][debug  ][gc,phases,ref  ] GC(54)     SoftRef (ms):                  skipped
[14.764s][debug  ][gc,phases,ref  ] GC(54)     WeakRef (ms):                  skipped
[14.764s][debug  ][gc,phases,ref  ] GC(54)     FinalRef (ms):                 skipped
[14.764s][debug  ][gc,phases,ref  ] GC(54)     Total (ms):                    skipped
[14.764s][debug  ][gc,phases,ref  ] GC(54)   Notify and keep alive finalizable: 0.0ms
[14.764s][debug  ][gc,phases,ref  ] GC(54)     FinalRef (ms):                 skipped
[14.764s][debug  ][gc,phases,ref  ] GC(54)   Notify PhantomReferences: 0.0ms
[14.764s][debug  ][gc,phases,ref  ] GC(54)     PhantomRef (ms):               skipped
[14.764s][debug  ][gc,phases,ref  ] GC(54)   SoftReference:
[14.764s][debug  ][gc,phases,ref  ] GC(54)     Discovered: 0
[14.764s][debug  ][gc,phases,ref  ] GC(54)     Cleared: 0
[14.765s][debug  ][gc,phases,ref  ] GC(54)   WeakReference:
[14.765s][debug  ][gc,phases,ref  ] GC(54)     Discovered: 0
[14.765s][debug  ][gc,phases,ref  ] GC(54)     Cleared: 0
[14.765s][debug  ][gc,phases,ref  ] GC(54)   FinalReference:
[14.765s][debug  ][gc,phases,ref  ] GC(54)     Discovered: 0
[14.765s][debug  ][gc,phases,ref  ] GC(54)     Cleared: 0
[14.765s][debug  ][gc,phases,ref  ] GC(54)   PhantomReference:
[14.765s][debug  ][gc,phases,ref  ] GC(54)     Discovered: 0
[14.765s][debug  ][gc,phases,ref  ] GC(54)     Cleared: 0
[14.765s][debug  ][gc,phases      ] GC(54) Reference Processing 0.790ms
[14.765s][debug  ][gc,phases,start] GC(54) Weak Processing
[14.765s][debug  ][gc,phases      ] GC(54)   VM Weak                        Min:  0.0, Avg:  0.0, Max:  0.0, Diff:  0.0, Sum:  0.0, Workers: 6
[14.765s][debug  ][gc,phases      ] GC(54)     Dead                           Min: 0, Avg:  0.0, Max: 0, Diff: 0, Sum: 0, Workers: 6
[14.765s][debug  ][gc,phases      ] GC(54)     Total                          Min: 0, Avg:  1.3, Max: 8, Diff: 8, Sum: 8, Workers: 6
[14.765s][debug  ][gc,phases      ] GC(54)   ObjectSynchronizer Weak        Min:  0.0, Avg:  0.0, Max:  0.0, Diff:  0.0, Sum:  0.0, Workers: 6
[14.765s][debug  ][gc,phases      ] GC(54)     Dead                           Min: 0, Avg:  0.0, Max: 0, Diff: 0, Sum: 0, Workers: 6
[14.765s][debug  ][gc,phases      ] GC(54)     Total                          Min: 0, Avg:  0.5, Max: 3, Diff: 3, Sum: 3, Workers: 6
[14.765s][debug  ][gc,phases      ] GC(54)   JVMTI Tag Weak OopStorage      Min:  0.0, Avg:  0.0, Max:  0.0, Diff:  0.0, Sum:  0.0, Workers: 6
[14.765s][debug  ][gc,phases      ] GC(54)     Dead                           Min: 0, Avg:  0.0, Max: 0, Diff: 0, Sum: 0, Workers: 6
[14.765s][debug  ][gc,phases      ] GC(54)     Total                          Min: 0, Avg:  0.0, Max: 0, Diff: 0, Sum: 0, Workers: 6
[14.765s][debug  ][gc,phases      ] GC(54)   StringTable Weak               Min:  0.0, Avg:  0.0, Max:  0.0, Diff:  0.0, Sum:  0.0, Workers: 6
[14.765s][debug  ][gc,phases      ] GC(54)     Dead                           Min: 0, Avg:  0.0, Max: 0, Diff: 0, Sum: 0, Workers: 6
[14.765s][debug  ][gc,phases      ] GC(54)     Total                          Min: 704, Avg: 892.8, Max: 1088, Diff: 384, Sum: 5357, Workers: 6
[14.765s][debug  ][gc,phases      ] GC(54)   ResolvedMethodTable Weak       Min:  0.0, Avg:  0.0, Max:  0.0, Diff:  0.0, Sum:  0.0, Workers: 6
[14.765s][debug  ][gc,phases      ] GC(54)     Dead                           Min: 0, Avg:  0.0, Max: 0, Diff: 0, Sum: 0, Workers: 6
[14.765s][debug  ][gc,phases      ] GC(54)     Total                          Min: 0, Avg: 21.7, Max: 64, Diff: 64, Sum: 130, Workers: 6
[14.765s][debug  ][gc,phases      ] GC(54)   JNI Weak                       Min:  0.0, Avg:  0.0, Max:  0.0, Diff:  0.0, Sum:  0.0, Workers: 6
[14.765s][debug  ][gc,phases      ] GC(54)     Dead                           Min: 0, Avg:  0.0, Max: 0, Diff: 0, Sum: 0, Workers: 6
[14.765s][debug  ][gc,phases      ] GC(54)     Total                          Min: 0, Avg:  0.0, Max: 0, Diff: 0, Sum: 0, Workers: 6
[14.765s][debug  ][gc,phases      ] GC(54)   StringDedup Table Weak         Min:  0.0, Avg:  0.0, Max:  0.0, Diff:  0.0, Sum:  0.0, Workers: 6
[14.765s][debug  ][gc,phases      ] GC(54)     Dead                           Min: 0, Avg:  0.0, Max: 0, Diff: 0, Sum: 0, Workers: 6
[14.765s][debug  ][gc,phases      ] GC(54)     Total                          Min: 0, Avg:  0.0, Max: 0, Diff: 0, Sum: 0, Workers: 6
[14.765s][debug  ][gc,phases      ] GC(54)   StringDedup Requests0 Weak     Min:  0.0, Avg:  0.0, Max:  0.0, Diff:  0.0, Sum:  0.0, Workers: 6
[14.765s][debug  ][gc,phases      ] GC(54)     Dead                           Min: 0, Avg:  0.0, Max: 0, Diff: 0, Sum: 0, Workers: 6
[14.766s][debug  ][gc,phases      ] GC(54)     Total                          Min: 0, Avg:  0.0, Max: 0, Diff: 0, Sum: 0, Workers: 6
[14.766s][debug  ][gc,phases      ] GC(54)   StringDedup Requests1 Weak     Min:  0.0, Avg:  0.0, Max:  0.0, Diff:  0.0, Sum:  0.0, Workers: 6
[14.766s][debug  ][gc,phases      ] GC(54)     Dead                           Min: 0, Avg:  0.0, Max: 0, Diff: 0, Sum: 0, Workers: 6
[14.766s][debug  ][gc,phases      ] GC(54)     Total                          Min: 0, Avg:  0.0, Max: 0, Diff: 0, Sum: 0, Workers: 6
[14.766s][debug  ][gc,phases      ] GC(54)   Weak JFR Old Object Samples    Min:  0.0, Avg:  0.0, Max:  0.0, Diff:  0.0, Sum:  0.0, Workers: 6
[14.766s][debug  ][gc,phases      ] GC(54)     Dead                           Min: 0, Avg:  0.0, Max: 0, Diff: 0, Sum: 0, Workers: 6
[14.766s][debug  ][gc,phases      ] GC(54)     Total                          Min: 0, Avg:  0.0, Max: 0, Diff: 0, Sum: 0, Workers: 6
[14.766s][debug  ][gc,phases      ] GC(54) Weak Processing 0.895ms
[14.766s][debug  ][gc,ergo        ] GC(54) AdaptiveSizeStart:  collection: 55 
[14.766s][debug  ][gc,ergo        ] GC(54) avg_survived_padded_avg: 31747164.000000
[14.766s][debug  ][gc,ergo        ] GC(54) avg_promoted_padded_avg: 266607552.000000  avg_pretenured_padded_avg: 0.000000  tenuring_thresh: 1  target_size: 31981568
[14.766s][debug  ][gc,age         ] GC(54) Desired survivor size 31981568 bytes, new threshold 1 (max threshold 15)
[14.766s][debug  ][gc,ergo        ] GC(54) PSAdaptiveSizePolicy::compute_eden_space_size limits: desired_eden_size: 228742857 old_eden_size: 204472320 eden_limit: 204472320 cur_eden: 204472320 max_eden_size: 204472320 avg_young_live: 26755992
[14.766s][debug  ][gc,ergo        ] GC(54) PSAdaptiveSizePolicy::compute_eden_space_size: costs minor_time: 0.046652 major_cost: 0.040016 mutator_cost: 0.913331 throughput_goal: 0.990000
[14.766s][debug  ][gc,ergo        ] GC(54) Live_space: 911647104 free_space: 1198522368
[14.766s][debug  ][gc,ergo        ] GC(54) Old eden_size: 204472320 desired_eden_size: 204472320
[14.766s][debug  ][gc,ergo        ] GC(54) AdaptiveSizeStop: collection: 55 
[14.766s][info   ][gc,heap        ] GC(54) PSYoungGen: 229145K(230912K)->30720K(230912K) Eden: 198425K(199680K)->0K(199680K) From: 30720K(31232K)->30720K(31232K)
[14.766s][info   ][gc,heap        ] GC(54) ParOldGen: 1056356K(1835008K)->1250917K(1835008K)
[14.766s][info   ][gc,metaspace   ] GC(54) Metaspace: 1019K(1152K)->1019K(1152K) NonClass: 935K(960K)->935K(960K) Class: 83K(192K)->83K(192K)
[14.766s][info   ][gc             ] GC(54) Pause Young (Allocation Failure) 1255M->1251M(2017M) 17.582ms
[14.766s][info   ][gc,cpu         ] GC(54) User=0.16s Sys=0.00s Real=0.02s
[14.766s][debug  ][gc,heap        ] GC(54) Heap after GC invocations=55 (full 9):
[14.766s][debug  ][gc,heap        ] GC(54)  PSYoungGen      total 230912K, used 30720K [0x00000000f0000000, 0x0000000100000000, 0x0000000100000000)
[14.766s][debug  ][gc,heap        ] GC(54)   eden space 199680K, 0% used [0x00000000f0000000,0x00000000f0000000,0x00000000fc300000)
[14.766s][debug  ][gc,heap        ] GC(54)   from space 31232K, 98% used [0x00000000fc300000,0x00000000fe100030,0x00000000fe180000)
[14.766s][debug  ][gc,heap        ] GC(54)   to   space 31232K, 0% used [0x00000000fe180000,0x00000000fe180000,0x0000000100000000)
[14.766s][debug  ][gc,heap        ] GC(54)  ParOldGen       total 1835008K, used 1250917K [0x0000000080000000, 0x00000000f0000000, 0x00000000f0000000)
[14.766s][debug  ][gc,heap        ] GC(54)   object space 1835008K, 68% used [0x0000000080000000,0x00000000cc599428,0x00000000f0000000)
[14.766s][debug  ][gc,heap        ] GC(54)  Metaspace       used 1019K, committed 1152K, reserved 1056768K
[14.766s][debug  ][gc,heap        ] GC(54)   class space    used 83K, committed 192K, reserved 1048576K
[14.766s][debug  ][gc,task,time   ] GC(54) VM-Thread 147481606 147640162 147662937
[15.065s][debug  ][gc,heap        ] GC(55) Heap before GC invocations=56 (full 9):
[15.065s][debug  ][gc,heap        ] GC(55)  PSYoungGen      total 230912K, used 229162K [0x00000000f0000000, 0x0000000100000000, 0x0000000100000000)
[15.065s][debug  ][gc,heap        ] GC(55)   eden space 199680K, 99% used [0x00000000f0000000,0x00000000fc1cabc8,0x00000000fc300000)
[15.065s][debug  ][gc,heap        ] GC(55)   from space 31232K, 98% used [0x00000000fc300000,0x00000000fe100030,0x00000000fe180000)
[15.065s][debug  ][gc,heap        ] GC(55)   to   space 31232K, 0% used [0x00000000fe180000,0x00000000fe180000,0x0000000100000000)
[15.065s][debug  ][gc,heap        ] GC(55)  ParOldGen       total 1835008K, used 1250917K [0x0000000080000000, 0x00000000f0000000, 0x00000000f0000000)
[15.065s][debug  ][gc,heap        ] GC(55)   object space 1835008K, 68% used [0x0000000080000000,0x00000000cc599428,0x00000000f0000000)
[15.065s][debug  ][gc,heap        ] GC(55)  Metaspace       used 1019K, committed 1152K, reserved 1056768K
[15.065s][debug  ][gc,heap        ] GC(55)   class space    used 83K, committed 192K, reserved 1048576K
[15.065s][debug  ][gc,tlab        ] GC(55) TLAB totals: thrds: 1  refills: 1 max: 1 slow allocs: 18 max 18 waste: 27.5% gc: 3975832B max: 3975832B slow: 0B max: 0B
[15.065s][info   ][gc,start       ] GC(55) Pause Young (Allocation Failure)
[15.065s][debug  ][gc,phases,start] GC(55) Scavenge
[15.081s][debug  ][gc,phases      ] GC(55) Scavenge 15.293ms
[15.081s][debug  ][gc,phases,start] GC(55) Reference Processing
[15.081s][debug  ][gc,ref         ] GC(55) Skipped phase 1 of Reference Processing: no references
[15.081s][debug  ][gc,ref         ] GC(55) Skipped phase 2 of Reference Processing: no references
[15.081s][debug  ][gc,ref         ] GC(55) Skipped phase 3 of Reference Processing: no references
[15.081s][debug  ][gc,ref         ] GC(55) Skipped phase 4 of Reference Processing: no references
[15.081s][debug  ][gc,phases,ref  ] GC(55) Reference Processing: 0.1ms
[15.081s][debug  ][gc,phases,ref  ] GC(55)   Reconsider SoftReferences: 0.0ms
[15.081s][debug  ][gc,phases,ref  ] GC(55)     SoftRef (ms):                  skipped
[15.081s][debug  ][gc,phases,ref  ] GC(55)   Notify Soft/WeakReferences: 0.0ms
[15.081s][debug  ][gc,phases,ref  ] GC(55)     SoftRef (ms):                  skipped
[15.081s][debug  ][gc,phases,ref  ] GC(55)     WeakRef (ms):                  skipped
[15.081s][debug  ][gc,phases,ref  ] GC(55)     FinalRef (ms):                 skipped
[15.081s][debug  ][gc,phases,ref  ] GC(55)     Total (ms):                    skipped
[15.081s][debug  ][gc,phases,ref  ] GC(55)   Notify and keep alive finalizable: 0.0ms
[15.081s][debug  ][gc,phases,ref  ] GC(55)     FinalRef (ms):                 skipped
[15.081s][debug  ][gc,phases,ref  ] GC(55)   Notify PhantomReferences: 0.0ms
[15.081s][debug  ][gc,phases,ref  ] GC(55)     PhantomRef (ms):               skipped
[15.081s][debug  ][gc,phases,ref  ] GC(55)   SoftReference:
[15.081s][debug  ][gc,phases,ref  ] GC(55)     Discovered: 0
[15.081s][debug  ][gc,phases,ref  ] GC(55)     Cleared: 0
[15.081s][debug  ][gc,phases,ref  ] GC(55)   WeakReference:
[15.081s][debug  ][gc,phases,ref  ] GC(55)     Discovered: 0
[15.081s][debug  ][gc,phases,ref  ] GC(55)     Cleared: 0
[15.081s][debug  ][gc,phases,ref  ] GC(55)   FinalReference:
[15.081s][debug  ][gc,phases,ref  ] GC(55)     Discovered: 0
[15.081s][debug  ][gc,phases,ref  ] GC(55)     Cleared: 0
[15.081s][debug  ][gc,phases,ref  ] GC(55)   PhantomReference:
[15.081s][debug  ][gc,phases,ref  ] GC(55)     Discovered: 0
[15.081s][debug  ][gc,phases,ref  ] GC(55)     Cleared: 0
[15.081s][debug  ][gc,phases      ] GC(55) Reference Processing 0.573ms
[15.081s][debug  ][gc,phases,start] GC(55) Weak Processing
[15.081s][debug  ][gc,phases      ] GC(55)   VM Weak                        Min:  0.0, Avg:  0.0, Max:  0.0, Diff:  0.0, Sum:  0.0, Workers: 6
[15.082s][debug  ][gc,phases      ] GC(55)     Dead                           Min: 0, Avg:  0.0, Max: 0, Diff: 0, Sum: 0, Workers: 6
[15.082s][debug  ][gc,phases      ] GC(55)     Total                          Min: 0, Avg:  1.3, Max: 8, Diff: 8, Sum: 8, Workers: 6
[15.082s][debug  ][gc,phases      ] GC(55)   ObjectSynchronizer Weak        Min:  0.0, Avg:  0.0, Max:  0.0, Diff:  0.0, Sum:  0.0, Workers: 6
[15.082s][debug  ][gc,phases      ] GC(55)     Dead                           Min: 0, Avg:  0.0, Max: 0, Diff: 0, Sum: 0, Workers: 6
[15.082s][debug  ][gc,phases      ] GC(55)     Total                          Min: 0, Avg:  0.5, Max: 3, Diff: 3, Sum: 3, Workers: 6
[15.082s][debug  ][gc,phases      ] GC(55)   JVMTI Tag Weak OopStorage      Min:  0.0, Avg:  0.0, Max:  0.0, Diff:  0.0, Sum:  0.0, Workers: 6
[15.082s][debug  ][gc,phases      ] GC(55)     Dead                           Min: 0, Avg:  0.0, Max: 0, Diff: 0, Sum: 0, Workers: 6
[15.082s][debug  ][gc,phases      ] GC(55)     Total                          Min: 0, Avg:  0.0, Max: 0, Diff: 0, Sum: 0, Workers: 6
[15.082s][debug  ][gc,phases      ] GC(55)   StringTable Weak               Min:  0.0, Avg:  0.0, Max:  0.0, Diff:  0.0, Sum:  0.0, Workers: 6
[15.082s][debug  ][gc,phases      ] GC(55)     Dead                           Min: 0, Avg:  0.0, Max: 0, Diff: 0, Sum: 0, Workers: 6
[15.082s][debug  ][gc,phases      ] GC(55)     Total                          Min: 686, Avg: 892.8, Max: 1088, Diff: 402, Sum: 5357, Workers: 6
[15.082s][debug  ][gc,phases      ] GC(55)   ResolvedMethodTable Weak       Min:  0.0, Avg:  0.0, Max:  0.0, Diff:  0.0, Sum:  0.0, Workers: 6
[15.082s][debug  ][gc,phases      ] GC(55)     Dead                           Min: 0, Avg:  0.0, Max: 0, Diff: 0, Sum: 0, Workers: 6
[15.082s][debug  ][gc,phases      ] GC(55)     Total                          Min: 0, Avg: 21.7, Max: 64, Diff: 64, Sum: 130, Workers: 6
[15.082s][debug  ][gc,phases      ] GC(55)   JNI Weak                       Min:  0.0, Avg:  0.0, Max:  0.0, Diff:  0.0, Sum:  0.0, Workers: 6
[15.082s][debug  ][gc,phases      ] GC(55)     Dead                           Min: 0, Avg:  0.0, Max: 0, Diff: 0, Sum: 0, Workers: 6
[15.082s][debug  ][gc,phases      ] GC(55)     Total                          Min: 0, Avg:  0.0, Max: 0, Diff: 0, Sum: 0, Workers: 6
[15.082s][debug  ][gc,phases      ] GC(55)   StringDedup Table Weak         Min:  0.0, Avg:  0.0, Max:  0.0, Diff:  0.0, Sum:  0.0, Workers: 6
[15.082s][debug  ][gc,phases      ] GC(55)     Dead                           Min: 0, Avg:  0.0, Max: 0, Diff: 0, Sum: 0, Workers: 6
[15.082s][debug  ][gc,phases      ] GC(55)     Total                          Min: 0, Avg:  0.0, Max: 0, Diff: 0, Sum: 0, Workers: 6
[15.082s][debug  ][gc,phases      ] GC(55)   StringDedup Requests0 Weak     Min:  0.0, Avg:  0.0, Max:  0.0, Diff:  0.0, Sum:  0.0, Workers: 6
[15.082s][debug  ][gc,phases      ] GC(55)     Dead                           Min: 0, Avg:  0.0, Max: 0, Diff: 0, Sum: 0, Workers: 6
[15.082s][debug  ][gc,phases      ] GC(55)     Total                          Min: 0, Avg:  0.0, Max: 0, Diff: 0, Sum: 0, Workers: 6
[15.082s][debug  ][gc,phases      ] GC(55)   StringDedup Requests1 Weak     Min:  0.0, Avg:  0.0, Max:  0.0, Diff:  0.0, Sum:  0.0, Workers: 6
[15.082s][debug  ][gc,phases      ] GC(55)     Dead                           Min: 0, Avg:  0.0, Max: 0, Diff: 0, Sum: 0, Workers: 6
[15.082s][debug  ][gc,phases      ] GC(55)     Total                          Min: 0, Avg:  0.0, Max: 0, Diff: 0, Sum: 0, Workers: 6
[15.082s][debug  ][gc,phases      ] GC(55)   Weak JFR Old Object Samples    Min:  0.0, Avg:  0.0, Max:  0.0, Diff:  0.0, Sum:  0.0, Workers: 6
[15.082s][debug  ][gc,phases      ] GC(55)     Dead                           Min: 0, Avg:  0.0, Max: 0, Diff: 0, Sum: 0, Workers: 6
[15.082s][debug  ][gc,phases      ] GC(55)     Total                          Min: 0, Avg:  0.0, Max: 0, Diff: 0, Sum: 0, Workers: 6
[15.082s][debug  ][gc,phases      ] GC(55) Weak Processing 0.698ms
[15.082s][debug  ][gc,ergo        ] GC(55) AdaptiveSizeStart:  collection: 56 
[15.082s][debug  ][gc,ergo        ] GC(55) avg_survived_padded_avg: 31724120.000000
[15.082s][debug  ][gc,ergo        ] GC(55) avg_promoted_padded_avg: 269631424.000000  avg_pretenured_padded_avg: 0.000000  tenuring_thresh: 1  target_size: 31981568
[15.082s][debug  ][gc,age         ] GC(55) Desired survivor size 31981568 bytes, new threshold 1 (max threshold 15)
[15.082s][debug  ][gc,ergo        ] GC(55) PSAdaptiveSizePolicy::compute_eden_space_size limits: desired_eden_size: 229098663 old_eden_size: 204472320 eden_limit: 204472320 cur_eden: 204472320 max_eden_size: 204472320 avg_young_live: 27226124
[15.082s][debug  ][gc,ergo        ] GC(55) PSAdaptiveSizePolicy::compute_eden_space_size: costs minor_time: 0.048159 major_cost: 0.040016 mutator_cost: 0.911824 throughput_goal: 0.990000
[15.082s][debug  ][gc,ergo        ] GC(55) Live_space: 912117248 free_space: 1198522368
[15.082s][debug  ][gc,ergo        ] GC(55) Old eden_size: 204472320 desired_eden_size: 204472320
[15.082s][debug  ][gc,ergo        ] GC(55) AdaptiveSizeStop: collection: 56 
[15.082s][info   ][gc,heap        ] GC(55) PSYoungGen: 229162K(230912K)->30720K(230912K) Eden: 198442K(199680K)->0K(199680K) From: 30720K(31232K)->30720K(31232K)
[15.082s][info   ][gc,heap        ] GC(55) ParOldGen: 1250917K(1835008K)->1445477K(1835008K)
[15.082s][info   ][gc,metaspace   ] GC(55) Metaspace: 1019K(1152K)->1019K(1152K) NonClass: 935K(960K)->935K(960K) Class: 83K(192K)->83K(192K)
[15.082s][info   ][gc             ] GC(55) Pause Young (Allocation Failure) 1445M->1441M(2017M) 17.004ms
[15.082s][info   ][gc,cpu         ] GC(55) User=0.14s Sys=0.00s Real=0.02s
[15.082s][debug  ][gc,heap        ] GC(55) Heap after GC invocations=56 (full 9):
[15.082s][debug  ][gc,heap        ] GC(55)  PSYoungGen      total 230912K, used 30720K [0x00000000f0000000, 0x0000000100000000, 0x0000000100000000)
[15.083s][debug  ][gc,heap        ] GC(55)   eden space 199680K, 0% used [0x00000000f0000000,0x00000000f0000000,0x00000000fc300000)
[15.083s][debug  ][gc,heap        ] GC(55)   from space 31232K, 98% used [0x00000000fe180000,0x00000000fff80030,0x0000000100000000)
[15.083s][debug  ][gc,heap        ] GC(55)   to   space 31232K, 0% used [0x00000000fc300000,0x00000000fc300000,0x00000000fe180000)
[15.083s][debug  ][gc,heap        ] GC(55)  ParOldGen       total 1835008K, used 1445477K [0x0000000080000000, 0x00000000f0000000, 0x00000000f0000000)
[15.083s][debug  ][gc,heap        ] GC(55)   object space 1835008K, 78% used [0x0000000080000000,0x00000000d8399558,0x00000000f0000000)
[15.083s][debug  ][gc,heap        ] GC(55)  Metaspace       used 1019K, committed 1152K, reserved 1056768K
[15.083s][debug  ][gc,heap        ] GC(55)   class space    used 83K, committed 192K, reserved 1048576K
[15.083s][debug  ][gc,task,time   ] GC(55) VM-Thread 150648119 150808325 150826596
[15.383s][debug  ][gc,heap        ] GC(56) Heap before GC invocations=57 (full 9):
[15.383s][debug  ][gc,heap        ] GC(56)  PSYoungGen      total 230912K, used 229174K [0x00000000f0000000, 0x0000000100000000, 0x0000000100000000)
[15.383s][debug  ][gc,heap        ] GC(56)   eden space 199680K, 99% used [0x00000000f0000000,0x00000000fc1cd9b8,0x00000000fc300000)
[15.383s][debug  ][gc,heap        ] GC(56)   from space 31232K, 98% used [0x00000000fe180000,0x00000000fff80030,0x0000000100000000)
[15.383s][debug  ][gc,heap        ] GC(56)   to   space 31232K, 0% used [0x00000000fc300000,0x00000000fc300000,0x00000000fe180000)
[15.383s][debug  ][gc,heap        ] GC(56)  ParOldGen       total 1835008K, used 1445477K [0x0000000080000000, 0x00000000f0000000, 0x00000000f0000000)
[15.383s][debug  ][gc,heap        ] GC(56)   object space 1835008K, 78% used [0x0000000080000000,0x00000000d8399558,0x00000000f0000000)
[15.383s][debug  ][gc,heap        ] GC(56)  Metaspace       used 1019K, committed 1152K, reserved 1056768K
[15.383s][debug  ][gc,heap        ] GC(56)   class space    used 83K, committed 192K, reserved 1048576K
[15.383s][debug  ][gc,tlab        ] GC(56) TLAB totals: thrds: 1  refills: 1 max: 1 slow allocs: 18 max 18 waste: 27.6% gc: 3987592B max: 3987592B slow: 0B max: 0B
[15.383s][info   ][gc,start       ] GC(56) Pause Young (Allocation Failure)
[15.383s][debug  ][gc,phases,start] GC(56) Scavenge
[15.398s][debug  ][gc,phases      ] GC(56) Scavenge 14.922ms
[15.398s][debug  ][gc,phases,start] GC(56) Reference Processing
[15.398s][debug  ][gc,ref         ] GC(56) Skipped phase 1 of Reference Processing: no references
[15.398s][debug  ][gc,ref         ] GC(56) Skipped phase 2 of Reference Processing: no references
[15.398s][debug  ][gc,ref         ] GC(56) Skipped phase 3 of Reference Processing: no references
[15.398s][debug  ][gc,ref         ] GC(56) Skipped phase 4 of Reference Processing: no references
[15.398s][debug  ][gc,phases,ref  ] GC(56) Reference Processing: 0.1ms
[15.398s][debug  ][gc,phases,ref  ] GC(56)   Reconsider SoftReferences: 0.0ms
[15.399s][debug  ][gc,phases,ref  ] GC(56)     SoftRef (ms):                  skipped
[15.399s][debug  ][gc,phases,ref  ] GC(56)   Notify Soft/WeakReferences: 0.0ms
[15.399s][debug  ][gc,phases,ref  ] GC(56)     SoftRef (ms):                  skipped
[15.399s][debug  ][gc,phases,ref  ] GC(56)     WeakRef (ms):                  skipped
[15.399s][debug  ][gc,phases,ref  ] GC(56)     FinalRef (ms):                 skipped
[15.399s][debug  ][gc,phases,ref  ] GC(56)     Total (ms):                    skipped
[15.399s][debug  ][gc,phases,ref  ] GC(56)   Notify and keep alive finalizable: 0.0ms
[15.399s][debug  ][gc,phases,ref  ] GC(56)     FinalRef (ms):                 skipped
[15.399s][debug  ][gc,phases,ref  ] GC(56)   Notify PhantomReferences: 0.0ms
[15.399s][debug  ][gc,phases,ref  ] GC(56)     PhantomRef (ms):               skipped
[15.399s][debug  ][gc,phases,ref  ] GC(56)   SoftReference:
[15.399s][debug  ][gc,phases,ref  ] GC(56)     Discovered: 0
[15.399s][debug  ][gc,phases,ref  ] GC(56)     Cleared: 0
[15.399s][debug  ][gc,phases,ref  ] GC(56)   WeakReference:
[15.399s][debug  ][gc,phases,ref  ] GC(56)     Discovered: 0
[15.399s][debug  ][gc,phases,ref  ] GC(56)     Cleared: 0
[15.399s][debug  ][gc,phases,ref  ] GC(56)   FinalReference:
[15.399s][debug  ][gc,phases,ref  ] GC(56)     Discovered: 0
[15.399s][debug  ][gc,phases,ref  ] GC(56)     Cleared: 0
[15.399s][debug  ][gc,phases,ref  ] GC(56)   PhantomReference:
[15.399s][debug  ][gc,phases,ref  ] GC(56)     Discovered: 0
[15.399s][debug  ][gc,phases,ref  ] GC(56)     Cleared: 0
[15.399s][debug  ][gc,phases      ] GC(56) Reference Processing 0.707ms
[15.399s][debug  ][gc,phases,start] GC(56) Weak Processing
[15.399s][debug  ][gc,phases      ] GC(56)   VM Weak                        Min:  0.0, Avg:  0.0, Max:  0.0, Diff:  0.0, Sum:  0.0, Workers: 6
[15.399s][debug  ][gc,phases      ] GC(56)     Dead                           Min: 0, Avg:  0.0, Max: 0, Diff: 0, Sum: 0, Workers: 6
[15.399s][debug  ][gc,phases      ] GC(56)     Total                          Min: 0, Avg:  1.3, Max: 8, Diff: 8, Sum: 8, Workers: 6
[15.399s][debug  ][gc,phases      ] GC(56)   ObjectSynchronizer Weak        Min:  0.0, Avg:  0.0, Max:  0.0, Diff:  0.0, Sum:  0.0, Workers: 6
[15.399s][debug  ][gc,phases      ] GC(56)     Dead                           Min: 0, Avg:  0.0, Max: 0, Diff: 0, Sum: 0, Workers: 6
[15.399s][debug  ][gc,phases      ] GC(56)     Total                          Min: 0, Avg:  0.5, Max: 3, Diff: 3, Sum: 3, Workers: 6
[15.399s][debug  ][gc,phases      ] GC(56)   JVMTI Tag Weak OopStorage      Min:  0.0, Avg:  0.0, Max:  0.0, Diff:  0.0, Sum:  0.0, Workers: 6
[15.399s][debug  ][gc,phases      ] GC(56)     Dead                           Min: 0, Avg:  0.0, Max: 0, Diff: 0, Sum: 0, Workers: 6
[15.399s][debug  ][gc,phases      ] GC(56)     Total                          Min: 0, Avg:  0.0, Max: 0, Diff: 0, Sum: 0, Workers: 6
[15.399s][debug  ][gc,phases      ] GC(56)   StringTable Weak               Min:  0.0, Avg:  0.0, Max:  0.0, Diff:  0.0, Sum:  0.0, Workers: 6
[15.399s][debug  ][gc,phases      ] GC(56)     Dead                           Min: 0, Avg:  0.0, Max: 0, Diff: 0, Sum: 0, Workers: 6
[15.400s][debug  ][gc,phases      ] GC(56)     Total                          Min: 0, Avg: 892.8, Max: 1280, Diff: 1280, Sum: 5357, Workers: 6
[15.400s][debug  ][gc,phases      ] GC(56)   ResolvedMethodTable Weak       Min:  0.0, Avg:  0.0, Max:  0.0, Diff:  0.0, Sum:  0.0, Workers: 6
[15.400s][debug  ][gc,phases      ] GC(56)     Dead                           Min: 0, Avg:  0.0, Max: 0, Diff: 0, Sum: 0, Workers: 6
[15.400s][debug  ][gc,phases      ] GC(56)     Total                          Min: 0, Avg: 21.7, Max: 128, Diff: 128, Sum: 130, Workers: 6
[15.400s][debug  ][gc,phases      ] GC(56)   JNI Weak                       Min:  0.0, Avg:  0.0, Max:  0.0, Diff:  0.0, Sum:  0.0, Workers: 6
[15.400s][debug  ][gc,phases      ] GC(56)     Dead                           Min: 0, Avg:  0.0, Max: 0, Diff: 0, Sum: 0, Workers: 6
[15.400s][debug  ][gc,phases      ] GC(56)     Total                          Min: 0, Avg:  0.0, Max: 0, Diff: 0, Sum: 0, Workers: 6
[15.400s][debug  ][gc,phases      ] GC(56)   StringDedup Table Weak         Min:  0.0, Avg:  0.0, Max:  0.0, Diff:  0.0, Sum:  0.0, Workers: 6
[15.400s][debug  ][gc,phases      ] GC(56)     Dead                           Min: 0, Avg:  0.0, Max: 0, Diff: 0, Sum: 0, Workers: 6
[15.400s][debug  ][gc,phases      ] GC(56)     Total                          Min: 0, Avg:  0.0, Max: 0, Diff: 0, Sum: 0, Workers: 6
[15.400s][debug  ][gc,phases      ] GC(56)   StringDedup Requests0 Weak     Min:  0.0, Avg:  0.0, Max:  0.0, Diff:  0.0, Sum:  0.0, Workers: 6
[15.400s][debug  ][gc,phases      ] GC(56)     Dead                           Min: 0, Avg:  0.0, Max: 0, Diff: 0, Sum: 0, Workers: 6
[15.400s][debug  ][gc,phases      ] GC(56)     Total                          Min: 0, Avg:  0.0, Max: 0, Diff: 0, Sum: 0, Workers: 6
[15.400s][debug  ][gc,phases      ] GC(56)   StringDedup Requests1 Weak     Min:  0.0, Avg:  0.0, Max:  0.0, Diff:  0.0, Sum:  0.0, Workers: 6
[15.400s][debug  ][gc,phases      ] GC(56)     Dead                           Min: 0, Avg:  0.0, Max: 0, Diff: 0, Sum: 0, Workers: 6
[15.400s][debug  ][gc,phases      ] GC(56)     Total                          Min: 0, Avg:  0.0, Max: 0, Diff: 0, Sum: 0, Workers: 6
[15.400s][debug  ][gc,phases      ] GC(56)   Weak JFR Old Object Samples    Min:  0.0, Avg:  0.0, Max:  0.0, Diff:  0.0, Sum:  0.0, Workers: 6
[15.400s][debug  ][gc,phases      ] GC(56)     Dead                           Min: 0, Avg:  0.0, Max: 0, Diff: 0, Sum: 0, Workers: 6
[15.400s][debug  ][gc,phases      ] GC(56)     Total                          Min: 0, Avg:  0.0, Max: 0, Diff: 0, Sum: 0, Workers: 6
[15.400s][debug  ][gc,phases      ] GC(56) Weak Processing 0.851ms
[15.400s][debug  ][gc,ergo        ] GC(56) AdaptiveSizeStart:  collection: 57 
[15.400s][debug  ][gc,ergo        ] GC(56) avg_survived_padded_avg: 31702786.000000
[15.400s][debug  ][gc,ergo        ] GC(56) avg_promoted_padded_avg: 271376704.000000  avg_pretenured_padded_avg: 0.000000  tenuring_thresh: 1  target_size: 31981568
[15.400s][debug  ][gc,age         ] GC(56) Desired survivor size 31981568 bytes, new threshold 1 (max threshold 15)
[15.400s][debug  ][gc,ergo        ] GC(56) PSAdaptiveSizePolicy::compute_eden_space_size limits: desired_eden_size: 229331972 old_eden_size: 204472320 eden_limit: 204472320 cur_eden: 204472320 max_eden_size: 204472320 avg_young_live: 27649244
[15.400s][debug  ][gc,ergo        ] GC(56) PSAdaptiveSizePolicy::compute_eden_space_size: costs minor_time: 0.049176 major_cost: 0.040016 mutator_cost: 0.910808 throughput_goal: 0.990000
[15.400s][debug  ][gc,ergo        ] GC(56) Live_space: 912540416 free_space: 1198522368
[15.400s][debug  ][gc,ergo        ] GC(56) Old eden_size: 204472320 desired_eden_size: 204472320
[15.400s][debug  ][gc,ergo        ] GC(56) AdaptiveSizeStop: collection: 57 
[15.400s][info   ][gc,heap        ] GC(56) PSYoungGen: 229174K(230912K)->30720K(230912K) Eden: 198454K(199680K)->0K(199680K) From: 30720K(31232K)->30720K(31232K)
[15.400s][info   ][gc,heap        ] GC(56) ParOldGen: 1445477K(1835008K)->1640037K(1835008K)
[15.400s][info   ][gc,metaspace   ] GC(56) Metaspace: 1019K(1152K)->1019K(1152K) NonClass: 935K(960K)->935K(960K) Class: 83K(192K)->83K(192K)
[15.400s][info   ][gc             ] GC(56) Pause Young (Allocation Failure) 1635M->1631M(2017M) 16.913ms
[15.400s][info   ][gc,cpu         ] GC(56) User=0.16s Sys=0.00s Real=0.02s
[15.400s][debug  ][gc,heap        ] GC(56) Heap after GC invocations=57 (full 9):
[15.400s][debug  ][gc,heap        ] GC(56)  PSYoungGen      total 230912K, used 30720K [0x00000000f0000000, 0x0000000100000000, 0x0000000100000000)
[15.400s][debug  ][gc,heap        ] GC(56)   eden space 199680K, 0% used [0x00000000f0000000,0x00000000f0000000,0x00000000fc300000)
[15.400s][debug  ][gc,heap        ] GC(56)   from space 31232K, 98% used [0x00000000fc300000,0x00000000fe100030,0x00000000fe180000)
[15.400s][debug  ][gc,heap        ] GC(56)   to   space 31232K, 0% used [0x00000000fe180000,0x00000000fe180000,0x0000000100000000)
[15.400s][debug  ][gc,heap        ] GC(56)  ParOldGen       total 1835008K, used 1640037K [0x0000000080000000, 0x00000000f0000000, 0x00000000f0000000)
[15.400s][debug  ][gc,heap        ] GC(56)   object space 1835008K, 89% used [0x0000000080000000,0x00000000e4199688,0x00000000f0000000)
[15.400s][debug  ][gc,heap        ] GC(56)  Metaspace       used 1019K, committed 1152K, reserved 1056768K
[15.400s][debug  ][gc,heap        ] GC(56)   class space    used 83K, committed 192K, reserved 1048576K
[15.400s][debug  ][gc,task,time   ] GC(56) VM-Thread 153829048 153983248 154004381
[15.400s][debug  ][gc,phases,start] GC(57) Pre Compact
[15.400s][debug  ][gc,heap        ] GC(57) Heap before GC invocations=58 (full 10):
[15.401s][debug  ][gc,heap        ] GC(57)  PSYoungGen      total 230912K, used 30720K [0x00000000f0000000, 0x0000000100000000, 0x0000000100000000)
[15.401s][debug  ][gc,heap        ] GC(57)   eden space 199680K, 0% used [0x00000000f0000000,0x00000000f0000000,0x00000000fc300000)
[15.401s][debug  ][gc,heap        ] GC(57)   from space 31232K, 98% used [0x00000000fc300000,0x00000000fe100030,0x00000000fe180000)
[15.401s][debug  ][gc,heap        ] GC(57)   to   space 31232K, 0% used [0x00000000fe180000,0x00000000fe180000,0x0000000100000000)
[15.401s][debug  ][gc,heap        ] GC(57)  ParOldGen       total 1835008K, used 1640037K [0x0000000080000000, 0x00000000f0000000, 0x00000000f0000000)
[15.401s][debug  ][gc,heap        ] GC(57)   object space 1835008K, 89% used [0x0000000080000000,0x00000000e4199688,0x00000000f0000000)
[15.401s][debug  ][gc,heap        ] GC(57)  Metaspace       used 1019K, committed 1152K, reserved 1056768K
[15.401s][debug  ][gc,heap        ] GC(57)   class space    used 83K, committed 192K, reserved 1048576K
[15.401s][debug  ][gc,phases      ] GC(57) Pre Compact 0.203ms
[15.401s][info   ][gc,start       ] GC(57) Pause Full (Ergonomics)
[15.401s][info   ][gc,phases,start] GC(57) Marking Phase
[15.401s][debug  ][gc,phases,start] GC(57) Par Mark
[15.401s][debug  ][gc,phases      ] GC(57) Par Mark 0.510ms
[15.401s][debug  ][gc,phases,start] GC(57) Reference Processing
[15.401s][debug  ][gc,ref         ] GC(57) Skipped phase 1 of Reference Processing: no references
[15.401s][debug  ][gc,ref         ] GC(57) ReferenceProcessor::execute queues: 1, RefProcThreadModel::Single, marks_oops_alive: false
[15.401s][debug  ][gc,ref         ] GC(57) Skipped phase 3 of Reference Processing: no references
[15.401s][debug  ][gc,ref         ] GC(57) ReferenceProcessor::execute queues: 1, RefProcThreadModel::Single, marks_oops_alive: false
[15.401s][debug  ][gc,phases,ref  ] GC(57) Reference Processing: 0.1ms
[15.401s][debug  ][gc,phases,ref  ] GC(57)   Reconsider SoftReferences: 0.0ms
[15.401s][debug  ][gc,phases,ref  ] GC(57)     SoftRef (ms):                  skipped
[15.402s][debug  ][gc,phases,ref  ] GC(57)   Notify Soft/WeakReferences: 0.0ms
[15.402s][debug  ][gc,phases,ref  ] GC(57)     SoftRef (ms):                  Min:  0.0, Avg:  0.0, Max:  0.0, Diff:  0.0, Sum:  0.0, Workers: 10
[15.402s][debug  ][gc,phases,ref  ] GC(57)     WeakRef (ms):                  Min:  0.0, Avg:  0.0, Max:  0.0, Diff:  0.0, Sum:  0.0, Workers: 10
[15.402s][debug  ][gc,phases,ref  ] GC(57)     FinalRef (ms):                 Min:  0.0, Avg:  0.0, Max:  0.0, Diff:  0.0, Sum:  0.0, Workers: 10
[15.402s][debug  ][gc,phases,ref  ] GC(57)     Total (ms):                    Min:  0.0, Avg:  0.0, Max:  0.0, Diff:  0.0, Sum:  0.0, Workers: 10
[15.402s][debug  ][gc,phases,ref  ] GC(57)   Notify and keep alive finalizable: 0.0ms
[15.402s][debug  ][gc,phases,ref  ] GC(57)     FinalRef (ms):                 skipped
[15.402s][debug  ][gc,phases,ref  ] GC(57)   Notify PhantomReferences: 0.0ms
[15.402s][debug  ][gc,phases,ref  ] GC(57)     PhantomRef (ms):               Min:  0.0, Avg:  0.0, Max:  0.0, Diff:  0.0, Sum:  0.0, Workers: 10
[15.402s][debug  ][gc,phases,ref  ] GC(57)   SoftReference:
[15.402s][debug  ][gc,phases,ref  ] GC(57)     Discovered: 0
[15.402s][debug  ][gc,phases,ref  ] GC(57)     Cleared: 0
[15.402s][debug  ][gc,phases,ref  ] GC(57)   WeakReference:
[15.402s][debug  ][gc,phases,ref  ] GC(57)     Discovered: 78
[15.402s][debug  ][gc,phases,ref  ] GC(57)     Cleared: 78
[15.402s][debug  ][gc,phases,ref  ] GC(57)   FinalReference:
[15.402s][debug  ][gc,phases,ref  ] GC(57)     Discovered: 0
[15.402s][debug  ][gc,phases,ref  ] GC(57)     Cleared: 0
[15.402s][debug  ][gc,phases,ref  ] GC(57)   PhantomReference:
[15.402s][debug  ][gc,phases,ref  ] GC(57)     Discovered: 5
[15.402s][debug  ][gc,phases,ref  ] GC(57)     Cleared: 5
[15.402s][debug  ][gc,phases      ] GC(57) Reference Processing 0.735ms
[15.402s][debug  ][gc,phases,start] GC(57) Weak Processing
[15.402s][debug  ][gc,phases      ] GC(57)   VM Weak                        Min:  0.0, Avg:  0.0, Max:  0.0, Diff:  0.0, Sum:  0.0, Workers: 6
[15.402s][debug  ][gc,phases      ] GC(57)     Dead                           Min: 0, Avg:  0.0, Max: 0, Diff: 0, Sum: 0, Workers: 6
[15.402s][debug  ][gc,phases      ] GC(57)     Total                          Min: 0, Avg:  1.3, Max: 8, Diff: 8, Sum: 8, Workers: 6
[15.402s][debug  ][gc,phases      ] GC(57)   ObjectSynchronizer Weak        Min:  0.0, Avg:  0.0, Max:  0.0, Diff:  0.0, Sum:  0.0, Workers: 6
[15.402s][debug  ][gc,phases      ] GC(57)     Dead                           Min: 0, Avg:  0.0, Max: 0, Diff: 0, Sum: 0, Workers: 6
[15.402s][debug  ][gc,phases      ] GC(57)     Total                          Min: 0, Avg:  0.5, Max: 3, Diff: 3, Sum: 3, Workers: 6
[15.402s][debug  ][gc,phases      ] GC(57)   JVMTI Tag Weak OopStorage      Min:  0.0, Avg:  0.0, Max:  0.0, Diff:  0.0, Sum:  0.0, Workers: 6
[15.402s][debug  ][gc,phases      ] GC(57)     Dead                           Min: 0, Avg:  0.0, Max: 0, Diff: 0, Sum: 0, Workers: 6
[15.402s][debug  ][gc,phases      ] GC(57)     Total                          Min: 0, Avg:  0.0, Max: 0, Diff: 0, Sum: 0, Workers: 6
[15.402s][debug  ][gc,phases      ] GC(57)   StringTable Weak               Min:  0.0, Avg:  0.0, Max:  0.0, Diff:  0.0, Sum:  0.0, Workers: 6
[15.402s][debug  ][gc,phases      ] GC(57)     Dead                           Min: 0, Avg:  0.0, Max: 0, Diff: 0, Sum: 0, Workers: 6
[15.402s][debug  ][gc,phases      ] GC(57)     Total                          Min: 576, Avg: 892.8, Max: 1472, Diff: 896, Sum: 5357, Workers: 6
[15.402s][debug  ][gc,phases      ] GC(57)   ResolvedMethodTable Weak       Min:  0.0, Avg:  0.0, Max:  0.0, Diff:  0.0, Sum:  0.0, Workers: 6
[15.402s][debug  ][gc,phases      ] GC(57)     Dead                           Min: 0, Avg:  0.0, Max: 0, Diff: 0, Sum: 0, Workers: 6
[15.402s][debug  ][gc,phases      ] GC(57)     Total                          Min: 0, Avg: 21.7, Max: 64, Diff: 64, Sum: 130, Workers: 6
[15.402s][debug  ][gc,phases      ] GC(57)   JNI Weak                       Min:  0.0, Avg:  0.0, Max:  0.0, Diff:  0.0, Sum:  0.0, Workers: 6
[15.402s][debug  ][gc,phases      ] GC(57)     Dead                           Min: 0, Avg:  0.0, Max: 0, Diff: 0, Sum: 0, Workers: 6
[15.402s][debug  ][gc,phases      ] GC(57)     Total                          Min: 0, Avg:  0.0, Max: 0, Diff: 0, Sum: 0, Workers: 6
[15.402s][debug  ][gc,phases      ] GC(57)   StringDedup Table Weak         Min:  0.0, Avg:  0.0, Max:  0.0, Diff:  0.0, Sum:  0.0, Workers: 6
[15.403s][debug  ][gc,phases      ] GC(57)     Dead                           Min: 0, Avg:  0.0, Max: 0, Diff: 0, Sum: 0, Workers: 6
[15.403s][debug  ][gc,phases      ] GC(57)     Total                          Min: 0, Avg:  0.0, Max: 0, Diff: 0, Sum: 0, Workers: 6
[15.403s][debug  ][gc,phases      ] GC(57)   StringDedup Requests0 Weak     Min:  0.0, Avg:  0.0, Max:  0.0, Diff:  0.0, Sum:  0.0, Workers: 6
[15.403s][debug  ][gc,phases      ] GC(57)     Dead                           Min: 0, Avg:  0.0, Max: 0, Diff: 0, Sum: 0, Workers: 6
[15.403s][debug  ][gc,phases      ] GC(57)     Total                          Min: 0, Avg:  0.0, Max: 0, Diff: 0, Sum: 0, Workers: 6
[15.403s][debug  ][gc,phases      ] GC(57)   StringDedup Requests1 Weak     Min:  0.0, Avg:  0.0, Max:  0.0, Diff:  0.0, Sum:  0.0, Workers: 6
[15.403s][debug  ][gc,phases      ] GC(57)     Dead                           Min: 0, Avg:  0.0, Max: 0, Diff: 0, Sum: 0, Workers: 6
[15.403s][debug  ][gc,phases      ] GC(57)     Total                          Min: 0, Avg:  0.0, Max: 0, Diff: 0, Sum: 0, Workers: 6
[15.403s][debug  ][gc,phases      ] GC(57)   Weak JFR Old Object Samples    Min:  0.0, Avg:  0.0, Max:  0.0, Diff:  0.0, Sum:  0.0, Workers: 6
[15.403s][debug  ][gc,phases      ] GC(57)     Dead                           Min: 0, Avg:  0.0, Max: 0, Diff: 0, Sum: 0, Workers: 6
[15.403s][debug  ][gc,phases      ] GC(57)     Total                          Min: 0, Avg:  0.0, Max: 0, Diff: 0, Sum: 0, Workers: 6
[15.403s][debug  ][gc,phases      ] GC(57) Weak Processing 0.681ms
[15.403s][debug  ][gc,phases,start] GC(57) Class Unloading
[15.403s][debug  ][gc,phases,start] GC(57) ClassLoaderData
[15.403s][debug  ][gc,phases      ] GC(57) ClassLoaderData 0.020ms
[15.403s][debug  ][gc,phases,start] GC(57) Trigger cleanups
[15.403s][debug  ][gc,phases      ] GC(57) Trigger cleanups 0.020ms
[15.403s][debug  ][gc,phases      ] GC(57) Class Unloading 0.250ms
[15.403s][info   ][gc,phases      ] GC(57) Marking Phase 2.309ms
[15.403s][info   ][gc,phases,start] GC(57) Summary Phase
[15.403s][info   ][gc,phases      ] GC(57) Summary Phase 0.038ms
[15.403s][info   ][gc,phases,start] GC(57) Adjust Roots
[15.403s][info   ][gc,phases      ] GC(57) Adjust Roots 0.147ms
[15.403s][info   ][gc,phases,start] GC(57) Compaction Phase
[15.492s][info   ][gc,phases      ] GC(57) Compaction Phase 88.762ms
[15.492s][info   ][gc,phases,start] GC(57) Post Compact
[15.498s][info   ][gc,phases      ] GC(57) Post Compact 5.830ms
[15.498s][debug  ][gc,ergo        ] GC(57) AdaptiveSizeStart: collection: 58 
[15.498s][debug  ][gc,ergo        ] GC(57) PSAdaptiveSizePolicy::compute_eden_space_size limits: desired_eden_size: 227017750 old_eden_size: 204472320 eden_limit: 204472320 cur_eden: 204472320 max_eden_size: 204472320 avg_young_live: 24884318
[15.498s][debug  ][gc,ergo        ] GC(57) PSAdaptiveSizePolicy::compute_eden_space_size: costs minor_time: 0.049176 major_cost: 0.044597 mutator_cost: 0.906226 throughput_goal: 0.990000
[15.498s][debug  ][gc,ergo        ] GC(57) Live_space: 909775488 free_space: 1198522368
[15.498s][debug  ][gc,ergo        ] GC(57) Old eden_size: 204472320 desired_eden_size: 204472320
[15.498s][debug  ][gc,ergo        ] GC(57) PSAdaptiveSizePolicy::compute_old_gen_free_space: costs minor_time: 0.049176 major_cost: 0.044597  mutator_cost: 0.906226 throughput_goal: 0.990000
[15.498s][debug  ][gc,ergo        ] GC(57) Live_space: 931134976 free_space: 1198522368
[15.498s][debug  ][gc,ergo        ] GC(57) Old promo_size: 994050048 desired_promo_size: 1112539136
[15.498s][debug  ][gc,ergo        ] GC(57) AdaptiveSizeStop: collection: 58 
[15.498s][info   ][gc,heap        ] GC(57) PSYoungGen: 30720K(230912K)->0K(230912K) Eden: 0K(199680K)->0K(199680K) From: 30720K(31232K)->0K(31232K)
[15.498s][info   ][gc,heap        ] GC(57) ParOldGen: 1640037K(1835008K)->810596K(1835008K)
[15.498s][info   ][gc,metaspace   ] GC(57) Metaspace: 1019K(1152K)->1019K(1152K) NonClass: 935K(960K)->935K(960K) Class: 83K(192K)->83K(192K)
[15.498s][info   ][gc             ] GC(57) Pause Full (Ergonomics) 1631M->791M(2017M) 97.651ms
[15.498s][info   ][gc,cpu         ] GC(57) User=0.80s Sys=0.02s Real=0.10s
[15.498s][debug  ][gc,heap        ] GC(57) Heap after GC invocations=58 (full 10):
[15.498s][debug  ][gc,heap        ] GC(57)  PSYoungGen      total 230912K, used 0K [0x00000000f0000000, 0x0000000100000000, 0x0000000100000000)
[15.498s][debug  ][gc,heap        ] GC(57)   eden space 199680K, 0% used [0x00000000f0000000,0x00000000f0000000,0x00000000fc300000)
[15.498s][debug  ][gc,heap        ] GC(57)   from space 31232K, 0% used [0x00000000fe180000,0x00000000fe180000,0x0000000100000000)
[15.498s][debug  ][gc,heap        ] GC(57)   to   space 31232K, 0% used [0x00000000fc300000,0x00000000fc300000,0x00000000fe180000)
[15.499s][debug  ][gc,heap        ] GC(57)  ParOldGen       total 1835008K, used 810596K [0x0000000080000000, 0x00000000f0000000, 0x00000000f0000000)
[15.499s][debug  ][gc,heap        ] GC(57)   object space 1835008K, 44% used [0x0000000080000000,0x00000000b1799178,0x00000000f0000000)
[15.499s][debug  ][gc,heap        ] GC(57)  Metaspace       used 1019K, committed 1152K, reserved 1056768K
[15.499s][debug  ][gc,heap        ] GC(57)   class space    used 83K, committed 192K, reserved 1048576K
[15.499s][debug  ][gc,task,time   ] GC(57) VM-Thread 154007087 154032801 154983901
[15.794s][debug  ][gc,heap        ] GC(58) Heap before GC invocations=59 (full 10):
[15.794s][debug  ][gc,heap        ] GC(58)  PSYoungGen      total 230912K, used 198461K [0x00000000f0000000, 0x0000000100000000, 0x0000000100000000)
[15.794s][debug  ][gc,heap        ] GC(58)   eden space 199680K, 99% used [0x00000000f0000000,0x00000000fc1cf740,0x00000000fc300000)
[15.795s][debug  ][gc,heap        ] GC(58)   from space 31232K, 0% used [0x00000000fe180000,0x00000000fe180000,0x0000000100000000)
[15.795s][debug  ][gc,heap        ] GC(58)   to   space 31232K, 0% used [0x00000000fc300000,0x00000000fc300000,0x00000000fe180000)
[15.795s][debug  ][gc,heap        ] GC(58)  ParOldGen       total 1835008K, used 810596K [0x0000000080000000, 0x00000000f0000000, 0x00000000f0000000)
[15.795s][debug  ][gc,heap        ] GC(58)   object space 1835008K, 44% used [0x0000000080000000,0x00000000b1799178,0x00000000f0000000)
[15.795s][debug  ][gc,heap        ] GC(58)  Metaspace       used 1019K, committed 1152K, reserved 1056768K
[15.795s][debug  ][gc,heap        ] GC(58)   class space    used 83K, committed 192K, reserved 1048576K
[15.795s][debug  ][gc,tlab        ] GC(58) TLAB totals: thrds: 1  refills: 1 max: 1 slow allocs: 18 max 18 waste: 27.6% gc: 3995152B max: 3995152B slow: 0B max: 0B
[15.795s][info   ][gc,start       ] GC(58) Pause Young (Allocation Failure)
[15.795s][debug  ][gc,phases,start] GC(58) Scavenge
[15.808s][debug  ][gc,phases      ] GC(58) Scavenge 13.191ms
[15.808s][debug  ][gc,phases,start] GC(58) Reference Processing
[15.808s][debug  ][gc,ref         ] GC(58) Skipped phase 1 of Reference Processing: no references
[15.808s][debug  ][gc,ref         ] GC(58) Skipped phase 2 of Reference Processing: no references
[15.808s][debug  ][gc,ref         ] GC(58) Skipped phase 3 of Reference Processing: no references
[15.808s][debug  ][gc,ref         ] GC(58) Skipped phase 4 of Reference Processing: no references
[15.808s][debug  ][gc,phases,ref  ] GC(58) Reference Processing: 0.1ms
[15.808s][debug  ][gc,phases,ref  ] GC(58)   Reconsider SoftReferences: 0.0ms
[15.808s][debug  ][gc,phases,ref  ] GC(58)     SoftRef (ms):                  skipped
[15.808s][debug  ][gc,phases,ref  ] GC(58)   Notify Soft/WeakReferences: 0.0ms
[15.808s][debug  ][gc,phases,ref  ] GC(58)     SoftRef (ms):                  skipped
[15.808s][debug  ][gc,phases,ref  ] GC(58)     WeakRef (ms):                  skipped
[15.808s][debug  ][gc,phases,ref  ] GC(58)     FinalRef (ms):                 skipped
[15.808s][debug  ][gc,phases,ref  ] GC(58)     Total (ms):                    skipped
[15.808s][debug  ][gc,phases,ref  ] GC(58)   Notify and keep alive finalizable: 0.0ms
[15.808s][debug  ][gc,phases,ref  ] GC(58)     FinalRef (ms):                 skipped
[15.808s][debug  ][gc,phases,ref  ] GC(58)   Notify PhantomReferences: 0.0ms
[15.808s][debug  ][gc,phases,ref  ] GC(58)     PhantomRef (ms):               skipped
[15.808s][debug  ][gc,phases,ref  ] GC(58)   SoftReference:
[15.808s][debug  ][gc,phases,ref  ] GC(58)     Discovered: 0
[15.808s][debug  ][gc,phases,ref  ] GC(58)     Cleared: 0
[15.809s][debug  ][gc,phases,ref  ] GC(58)   WeakReference:
[15.809s][debug  ][gc,phases,ref  ] GC(58)     Discovered: 0
[15.809s][debug  ][gc,phases,ref  ] GC(58)     Cleared: 0
[15.809s][debug  ][gc,phases,ref  ] GC(58)   FinalReference:
[15.809s][debug  ][gc,phases,ref  ] GC(58)     Discovered: 0
[15.809s][debug  ][gc,phases,ref  ] GC(58)     Cleared: 0
[15.809s][debug  ][gc,phases,ref  ] GC(58)   PhantomReference:
[15.809s][debug  ][gc,phases,ref  ] GC(58)     Discovered: 0
[15.809s][debug  ][gc,phases,ref  ] GC(58)     Cleared: 0
[15.809s][debug  ][gc,phases      ] GC(58) Reference Processing 0.707ms
[15.809s][debug  ][gc,phases,start] GC(58) Weak Processing
[15.809s][debug  ][gc,phases      ] GC(58)   VM Weak                        Min:  0.0, Avg:  0.0, Max:  0.0, Diff:  0.0, Sum:  0.0, Workers: 6
[15.809s][debug  ][gc,phases      ] GC(58)     Dead                           Min: 0, Avg:  0.0, Max: 0, Diff: 0, Sum: 0, Workers: 6
[15.809s][debug  ][gc,phases      ] GC(58)     Total                          Min: 0, Avg:  1.3, Max: 8, Diff: 8, Sum: 8, Workers: 6
[15.809s][debug  ][gc,phases      ] GC(58)   ObjectSynchronizer Weak        Min:  0.0, Avg:  0.0, Max:  0.0, Diff:  0.0, Sum:  0.0, Workers: 6
[15.809s][debug  ][gc,phases      ] GC(58)     Dead                           Min: 0, Avg:  0.0, Max: 0, Diff: 0, Sum: 0, Workers: 6
[15.809s][debug  ][gc,phases      ] GC(58)     Total                          Min: 0, Avg:  0.5, Max: 3, Diff: 3, Sum: 3, Workers: 6
[15.809s][debug  ][gc,phases      ] GC(58)   JVMTI Tag Weak OopStorage      Min:  0.0, Avg:  0.0, Max:  0.0, Diff:  0.0, Sum:  0.0, Workers: 6
[15.809s][debug  ][gc,phases      ] GC(58)     Dead                           Min: 0, Avg:  0.0, Max: 0, Diff: 0, Sum: 0, Workers: 6
[15.809s][debug  ][gc,phases      ] GC(58)     Total                          Min: 0, Avg:  0.0, Max: 0, Diff: 0, Sum: 0, Workers: 6
[15.809s][debug  ][gc,phases      ] GC(58)   StringTable Weak               Min:  0.0, Avg:  0.0, Max:  0.0, Diff:  0.0, Sum:  0.0, Workers: 6
[15.809s][debug  ][gc,phases      ] GC(58)     Dead                           Min: 0, Avg:  0.0, Max: 0, Diff: 0, Sum: 0, Workers: 6
[15.809s][debug  ][gc,phases      ] GC(58)     Total                          Min: 640, Avg: 892.8, Max: 1088, Diff: 448, Sum: 5357, Workers: 6
[15.809s][debug  ][gc,phases      ] GC(58)   ResolvedMethodTable Weak       Min:  0.0, Avg:  0.0, Max:  0.0, Diff:  0.0, Sum:  0.0, Workers: 6
[15.809s][debug  ][gc,phases      ] GC(58)     Dead                           Min: 0, Avg:  0.0, Max: 0, Diff: 0, Sum: 0, Workers: 6
[15.809s][debug  ][gc,phases      ] GC(58)     Total                          Min: 0, Avg: 21.7, Max: 64, Diff: 64, Sum: 130, Workers: 6
[15.809s][debug  ][gc,phases      ] GC(58)   JNI Weak                       Min:  0.0, Avg:  0.0, Max:  0.0, Diff:  0.0, Sum:  0.0, Workers: 6
[15.809s][debug  ][gc,phases      ] GC(58)     Dead                           Min: 0, Avg:  0.0, Max: 0, Diff: 0, Sum: 0, Workers: 6
[15.809s][debug  ][gc,phases      ] GC(58)     Total                          Min: 0, Avg:  0.0, Max: 0, Diff: 0, Sum: 0, Workers: 6
[15.809s][debug  ][gc,phases      ] GC(58)   StringDedup Table Weak         Min:  0.0, Avg:  0.0, Max:  0.0, Diff:  0.0, Sum:  0.0, Workers: 6
[15.809s][debug  ][gc,phases      ] GC(58)     Dead                           Min: 0, Avg:  0.0, Max: 0, Diff: 0, Sum: 0, Workers: 6
[15.809s][debug  ][gc,phases      ] GC(58)     Total                          Min: 0, Avg:  0.0, Max: 0, Diff: 0, Sum: 0, Workers: 6
[15.809s][debug  ][gc,phases      ] GC(58)   StringDedup Requests0 Weak     Min:  0.0, Avg:  0.0, Max:  0.0, Diff:  0.0, Sum:  0.0, Workers: 6
[15.809s][debug  ][gc,phases      ] GC(58)     Dead                           Min: 0, Avg:  0.0, Max: 0, Diff: 0, Sum: 0, Workers: 6
[15.809s][debug  ][gc,phases      ] GC(58)     Total                          Min: 0, Avg:  0.0, Max: 0, Diff: 0, Sum: 0, Workers: 6
[15.809s][debug  ][gc,phases      ] GC(58)   StringDedup Requests1 Weak     Min:  0.0, Avg:  0.0, Max:  0.0, Diff:  0.0, Sum:  0.0, Workers: 6
[15.809s][debug  ][gc,phases      ] GC(58)     Dead                           Min: 0, Avg:  0.0, Max: 0, Diff: 0, Sum: 0, Workers: 6
[15.809s][debug  ][gc,phases      ] GC(58)     Total                          Min: 0, Avg:  0.0, Max: 0, Diff: 0, Sum: 0, Workers: 6
[15.809s][debug  ][gc,phases      ] GC(58)   Weak JFR Old Object Samples    Min:  0.0, Avg:  0.0, Max:  0.0, Diff:  0.0, Sum:  0.0, Workers: 6
[15.809s][debug  ][gc,phases      ] GC(58)     Dead                           Min: 0, Avg:  0.0, Max: 0, Diff: 0, Sum: 0, Workers: 6
[15.809s][debug  ][gc,phases      ] GC(58)     Total                          Min: 0, Avg:  0.0, Max: 0, Diff: 0, Sum: 0, Workers: 6
[15.809s][debug  ][gc,phases      ] GC(58) Weak Processing 0.702ms
[15.809s][debug  ][gc,ergo        ] GC(58) AdaptiveSizeStart:  collection: 59 
[15.809s][debug  ][gc,ergo        ] GC(58) avg_survived_padded_avg: 31683050.000000
[15.810s][debug  ][gc,ergo        ] GC(58) avg_promoted_padded_avg: 261602848.000000  avg_pretenured_padded_avg: 0.000000  tenuring_thresh: 1  target_size: 31981568
[15.810s][debug  ][gc,age         ] GC(58) Desired survivor size 31981568 bytes, new threshold 1 (max threshold 15)
[15.810s][debug  ][gc,ergo        ] GC(58) PSAdaptiveSizePolicy::compute_eden_space_size limits: desired_eden_size: 226270854 old_eden_size: 204472320 eden_limit: 204472320 cur_eden: 204472320 max_eden_size: 204472320 avg_young_live: 25541618
[15.810s][debug  ][gc,ergo        ] GC(58) PSAdaptiveSizePolicy::compute_eden_space_size: costs minor_time: 0.045871 major_cost: 0.044597 mutator_cost: 0.909531 throughput_goal: 0.990000
[15.810s][debug  ][gc,ergo        ] GC(58) Live_space: 931792256 free_space: 1317011456
[15.810s][debug  ][gc,ergo        ] GC(58) Old eden_size: 204472320 desired_eden_size: 204472320
[15.810s][debug  ][gc,ergo        ] GC(58) AdaptiveSizeStop: collection: 59 
[15.810s][info   ][gc,heap        ] GC(58) PSYoungGen: 198461K(230912K)->30720K(230912K) Eden: 198461K(199680K)->0K(199680K) From: 0K(31232K)->30720K(31232K)
[15.810s][info   ][gc,heap        ] GC(58) ParOldGen: 810596K(1835008K)->974436K(1835008K)
[15.810s][info   ][gc,metaspace   ] GC(58) Metaspace: 1019K(1152K)->1019K(1152K) NonClass: 935K(960K)->935K(960K) Class: 83K(192K)->83K(192K)
[15.810s][info   ][gc             ] GC(58) Pause Young (Allocation Failure) 985M->981M(2017M) 15.029ms
[15.810s][info   ][gc,cpu         ] GC(58) User=0.00s Sys=0.02s Real=0.01s
[15.810s][debug  ][gc,heap        ] GC(58) Heap after GC invocations=59 (full 10):
[15.810s][debug  ][gc,heap        ] GC(58)  PSYoungGen      total 230912K, used 30720K [0x00000000f0000000, 0x0000000100000000, 0x0000000100000000)
[15.810s][debug  ][gc,heap        ] GC(58)   eden space 199680K, 0% used [0x00000000f0000000,0x00000000f0000000,0x00000000fc300000)
[15.810s][debug  ][gc,heap        ] GC(58)   from space 31232K, 98% used [0x00000000fc300000,0x00000000fe100030,0x00000000fe180000)
[15.810s][debug  ][gc,heap        ] GC(58)   to   space 31232K, 0% used [0x00000000fe180000,0x00000000fe180000,0x0000000100000000)
[15.810s][debug  ][gc,heap        ] GC(58)  ParOldGen       total 1835008K, used 974436K [0x0000000080000000, 0x00000000f0000000, 0x00000000f0000000)
[15.810s][debug  ][gc,heap        ] GC(58)   object space 1835008K, 53% used [0x0000000080000000,0x00000000bb799278,0x00000000f0000000)
[15.810s][debug  ][gc,heap        ] GC(58)  Metaspace       used 1019K, committed 1152K, reserved 1056768K
[15.810s][debug  ][gc,heap        ] GC(58)   class space    used 83K, committed 192K, reserved 1048576K
[15.810s][debug  ][gc,task,time   ] GC(58) VM-Thread 157943928 158080115 158099688
[16.111s][debug  ][gc,heap        ] GC(59) Heap before GC invocations=60 (full 10):
[16.112s][debug  ][gc,heap        ] GC(59)  PSYoungGen      total 230912K, used 229114K [0x00000000f0000000, 0x0000000100000000, 0x0000000100000000)
[16.112s][debug  ][gc,heap        ] GC(59)   eden space 199680K, 99% used [0x00000000f0000000,0x00000000fc1be9c8,0x00000000fc300000)
[16.112s][debug  ][gc,heap        ] GC(59)   from space 31232K, 98% used [0x00000000fc300000,0x00000000fe100030,0x00000000fe180000)
[16.112s][debug  ][gc,heap        ] GC(59)   to   space 31232K, 0% used [0x00000000fe180000,0x00000000fe180000,0x0000000100000000)
[16.112s][debug  ][gc,heap        ] GC(59)  ParOldGen       total 1835008K, used 974436K [0x0000000080000000, 0x00000000f0000000, 0x00000000f0000000)
[16.112s][debug  ][gc,heap        ] GC(59)   object space 1835008K, 53% used [0x0000000080000000,0x00000000bb799278,0x00000000f0000000)
[16.112s][debug  ][gc,heap        ] GC(59)  Metaspace       used 1021K, committed 1216K, reserved 1056768K
[16.112s][debug  ][gc,heap        ] GC(59)   class space    used 83K, committed 192K, reserved 1048576K
[16.112s][debug  ][gc,tlab        ] GC(59) TLAB totals: thrds: 1  refills: 1 max: 1 slow allocs: 18 max 18 waste: 27.2% gc: 3925000B max: 3925000B slow: 0B max: 0B
[16.112s][info   ][gc,start       ] GC(59) Pause Young (Allocation Failure)
[16.112s][debug  ][gc,phases,start] GC(59) Scavenge
[16.124s][debug  ][gc,phases      ] GC(59) Scavenge 11.787ms
[16.124s][debug  ][gc,phases,start] GC(59) Reference Processing
[16.124s][debug  ][gc,ref         ] GC(59) Skipped phase 1 of Reference Processing: no references
[16.124s][debug  ][gc,ref         ] GC(59) Skipped phase 2 of Reference Processing: no references
[16.124s][debug  ][gc,ref         ] GC(59) Skipped phase 3 of Reference Processing: no references
[16.124s][debug  ][gc,ref         ] GC(59) Skipped phase 4 of Reference Processing: no references
[16.124s][debug  ][gc,phases,ref  ] GC(59) Reference Processing: 0.1ms
[16.124s][debug  ][gc,phases,ref  ] GC(59)   Reconsider SoftReferences: 0.0ms
[16.124s][debug  ][gc,phases,ref  ] GC(59)     SoftRef (ms):                  skipped
[16.124s][debug  ][gc,phases,ref  ] GC(59)   Notify Soft/WeakReferences: 0.0ms
[16.124s][debug  ][gc,phases,ref  ] GC(59)     SoftRef (ms):                  skipped
[16.124s][debug  ][gc,phases,ref  ] GC(59)     WeakRef (ms):                  skipped
[16.124s][debug  ][gc,phases,ref  ] GC(59)     FinalRef (ms):                 skipped
[16.124s][debug  ][gc,phases,ref  ] GC(59)     Total (ms):                    skipped
[16.124s][debug  ][gc,phases,ref  ] GC(59)   Notify and keep alive finalizable: 0.0ms
[16.124s][debug  ][gc,phases,ref  ] GC(59)     FinalRef (ms):                 skipped
[16.124s][debug  ][gc,phases,ref  ] GC(59)   Notify PhantomReferences: 0.0ms
[16.124s][debug  ][gc,phases,ref  ] GC(59)     PhantomRef (ms):               skipped
[16.124s][debug  ][gc,phases,ref  ] GC(59)   SoftReference:
[16.124s][debug  ][gc,phases,ref  ] GC(59)     Discovered: 0
[16.124s][debug  ][gc,phases,ref  ] GC(59)     Cleared: 0
[16.124s][debug  ][gc,phases,ref  ] GC(59)   WeakReference:
[16.124s][debug  ][gc,phases,ref  ] GC(59)     Discovered: 0
[16.124s][debug  ][gc,phases,ref  ] GC(59)     Cleared: 0
[16.124s][debug  ][gc,phases,ref  ] GC(59)   FinalReference:
[16.124s][debug  ][gc,phases,ref  ] GC(59)     Discovered: 0
[16.124s][debug  ][gc,phases,ref  ] GC(59)     Cleared: 0
[16.124s][debug  ][gc,phases,ref  ] GC(59)   PhantomReference:
[16.124s][debug  ][gc,phases,ref  ] GC(59)     Discovered: 0
[16.124s][debug  ][gc,phases,ref  ] GC(59)     Cleared: 0
[16.124s][debug  ][gc,phases      ] GC(59) Reference Processing 0.569ms
[16.124s][debug  ][gc,phases,start] GC(59) Weak Processing
[16.124s][debug  ][gc,phases      ] GC(59)   VM Weak                        Min:  0.0, Avg:  0.0, Max:  0.0, Diff:  0.0, Sum:  0.0, Workers: 6
[16.124s][debug  ][gc,phases      ] GC(59)     Dead                           Min: 0, Avg:  0.0, Max: 0, Diff: 0, Sum: 0, Workers: 6
[16.124s][debug  ][gc,phases      ] GC(59)     Total                          Min: 0, Avg:  1.3, Max: 8, Diff: 8, Sum: 8, Workers: 6
[16.124s][debug  ][gc,phases      ] GC(59)   ObjectSynchronizer Weak        Min:  0.0, Avg:  0.0, Max:  0.0, Diff:  0.0, Sum:  0.0, Workers: 6
[16.124s][debug  ][gc,phases      ] GC(59)     Dead                           Min: 0, Avg:  0.0, Max: 0, Diff: 0, Sum: 0, Workers: 6
[16.124s][debug  ][gc,phases      ] GC(59)     Total                          Min: 0, Avg:  0.5, Max: 3, Diff: 3, Sum: 3, Workers: 6
[16.124s][debug  ][gc,phases      ] GC(59)   JVMTI Tag Weak OopStorage      Min:  0.0, Avg:  0.0, Max:  0.0, Diff:  0.0, Sum:  0.0, Workers: 6
[16.125s][debug  ][gc,phases      ] GC(59)     Dead                           Min: 0, Avg:  0.0, Max: 0, Diff: 0, Sum: 0, Workers: 6
[16.125s][debug  ][gc,phases      ] GC(59)     Total                          Min: 0, Avg:  0.0, Max: 0, Diff: 0, Sum: 0, Workers: 6
[16.125s][debug  ][gc,phases      ] GC(59)   StringTable Weak               Min:  0.0, Avg:  0.0, Max:  0.0, Diff:  0.0, Sum:  0.0, Workers: 6
[16.125s][debug  ][gc,phases      ] GC(59)     Dead                           Min: 0, Avg:  0.0, Max: 0, Diff: 0, Sum: 0, Workers: 6
[16.125s][debug  ][gc,phases      ] GC(59)     Total                          Min: 704, Avg: 892.8, Max: 1134, Diff: 430, Sum: 5357, Workers: 6
[16.125s][debug  ][gc,phases      ] GC(59)   ResolvedMethodTable Weak       Min:  0.0, Avg:  0.0, Max:  0.0, Diff:  0.0, Sum:  0.0, Workers: 6
[16.125s][debug  ][gc,phases      ] GC(59)     Dead                           Min: 0, Avg:  0.0, Max: 0, Diff: 0, Sum: 0, Workers: 6
[16.125s][debug  ][gc,phases      ] GC(59)     Total                          Min: 0, Avg: 21.7, Max: 64, Diff: 64, Sum: 130, Workers: 6
[16.125s][debug  ][gc,phases      ] GC(59)   JNI Weak                       Min:  0.0, Avg:  0.0, Max:  0.0, Diff:  0.0, Sum:  0.0, Workers: 6
[16.125s][debug  ][gc,phases      ] GC(59)     Dead                           Min: 0, Avg:  0.0, Max: 0, Diff: 0, Sum: 0, Workers: 6
[16.125s][debug  ][gc,phases      ] GC(59)     Total                          Min: 0, Avg:  0.0, Max: 0, Diff: 0, Sum: 0, Workers: 6
[16.125s][debug  ][gc,phases      ] GC(59)   StringDedup Table Weak         Min:  0.0, Avg:  0.0, Max:  0.0, Diff:  0.0, Sum:  0.0, Workers: 6
[16.125s][debug  ][gc,phases      ] GC(59)     Dead                           Min: 0, Avg:  0.0, Max: 0, Diff: 0, Sum: 0, Workers: 6
[16.125s][debug  ][gc,phases      ] GC(59)     Total                          Min: 0, Avg:  0.0, Max: 0, Diff: 0, Sum: 0, Workers: 6
[16.125s][debug  ][gc,phases      ] GC(59)   StringDedup Requests0 Weak     Min:  0.0, Avg:  0.0, Max:  0.0, Diff:  0.0, Sum:  0.0, Workers: 6
[16.125s][debug  ][gc,phases      ] GC(59)     Dead                           Min: 0, Avg:  0.0, Max: 0, Diff: 0, Sum: 0, Workers: 6
[16.125s][debug  ][gc,phases      ] GC(59)     Total                          Min: 0, Avg:  0.0, Max: 0, Diff: 0, Sum: 0, Workers: 6
[16.125s][debug  ][gc,phases      ] GC(59)   StringDedup Requests1 Weak     Min:  0.0, Avg:  0.0, Max:  0.0, Diff:  0.0, Sum:  0.0, Workers: 6
[16.125s][debug  ][gc,phases      ] GC(59)     Dead                           Min: 0, Avg:  0.0, Max: 0, Diff: 0, Sum: 0, Workers: 6
[16.125s][debug  ][gc,phases      ] GC(59)     Total                          Min: 0, Avg:  0.0, Max: 0, Diff: 0, Sum: 0, Workers: 6
[16.125s][debug  ][gc,phases      ] GC(59)   Weak JFR Old Object Samples    Min:  0.0, Avg:  0.0, Max:  0.0, Diff:  0.0, Sum:  0.0, Workers: 6
[16.125s][debug  ][gc,phases      ] GC(59)     Dead                           Min: 0, Avg:  0.0, Max: 0, Diff: 0, Sum: 0, Workers: 6
[16.125s][debug  ][gc,phases      ] GC(59)     Total                          Min: 0, Avg:  0.0, Max: 0, Diff: 0, Sum: 0, Workers: 6
[16.125s][debug  ][gc,phases      ] GC(59) Weak Processing 0.686ms
[16.125s][debug  ][gc,ergo        ] GC(59) AdaptiveSizeStart:  collection: 60 
[16.125s][debug  ][gc,ergo        ] GC(59) avg_survived_padded_avg: 31664808.000000
[16.125s][debug  ][gc,ergo        ] GC(59) avg_promoted_padded_avg: 256312848.000000  avg_pretenured_padded_avg: 0.000000  tenuring_thresh: 1  target_size: 31981568
[16.125s][debug  ][gc,age         ] GC(59) Desired survivor size 31981568 bytes, new threshold 1 (max threshold 15)
[16.125s][debug  ][gc,ergo        ] GC(59) PSAdaptiveSizePolicy::compute_eden_space_size limits: desired_eden_size: 226023982 old_eden_size: 204472320 eden_limit: 204472320 cur_eden: 204472320 max_eden_size: 204472320 avg_young_live: 26133188
[16.125s][debug  ][gc,ergo        ] GC(59) PSAdaptiveSizePolicy::compute_eden_space_size: costs minor_time: 0.044830 major_cost: 0.044597 mutator_cost: 0.910573 throughput_goal: 0.990000
[16.125s][debug  ][gc,ergo        ] GC(59) Live_space: 932383808 free_space: 1317011456
[16.125s][debug  ][gc,ergo        ] GC(59) Old eden_size: 204472320 desired_eden_size: 204472320
[16.125s][debug  ][gc,ergo        ] GC(59) AdaptiveSizeStop: collection: 60 
[16.125s][info   ][gc,heap        ] GC(59) PSYoungGen: 229114K(230912K)->30720K(230912K) Eden: 198394K(199680K)->0K(199680K) From: 30720K(31232K)->30720K(31232K)
[16.125s][info   ][gc,heap        ] GC(59) ParOldGen: 974436K(1835008K)->1117796K(1835008K)
[16.125s][info   ][gc,metaspace   ] GC(59) Metaspace: 1021K(1216K)->1021K(1216K) NonClass: 937K(1024K)->937K(1024K) Class: 83K(192K)->83K(192K)
[16.125s][info   ][gc             ] GC(59) Pause Young (Allocation Failure) 1175M->1121M(2017M) 13.469ms
[16.125s][info   ][gc,cpu         ] GC(59) User=0.14s Sys=0.00s Real=0.01s
[16.125s][debug  ][gc,heap        ] GC(59) Heap after GC invocations=60 (full 10):
[16.125s][debug  ][gc,heap        ] GC(59)  PSYoungGen      total 230912K, used 30720K [0x00000000f0000000, 0x0000000100000000, 0x0000000100000000)
[16.125s][debug  ][gc,heap        ] GC(59)   eden space 199680K, 0% used [0x00000000f0000000,0x00000000f0000000,0x00000000fc300000)
[16.125s][debug  ][gc,heap        ] GC(59)   from space 31232K, 98% used [0x00000000fe180000,0x00000000fff80030,0x0000000100000000)
[16.125s][debug  ][gc,heap        ] GC(59)   to   space 31232K, 0% used [0x00000000fc300000,0x00000000fc300000,0x00000000fe180000)
[16.125s][debug  ][gc,heap        ] GC(59)  ParOldGen       total 1835008K, used 1117796K [0x0000000080000000, 0x00000000f0000000, 0x00000000f0000000)
[16.125s][debug  ][gc,heap        ] GC(59)   object space 1835008K, 60% used [0x0000000080000000,0x00000000c4399358,0x00000000f0000000)
[16.125s][debug  ][gc,heap        ] GC(59)  Metaspace       used 1021K, committed 1216K, reserved 1056768K
[16.125s][debug  ][gc,heap        ] GC(59)   class space    used 83K, committed 192K, reserved 1048576K
[16.126s][debug  ][gc,task,time   ] GC(59) VM-Thread 161114890 161237084 161255164
[16.426s][debug  ][gc,heap        ] GC(60) Heap before GC invocations=61 (full 10):
[16.426s][debug  ][gc,heap        ] GC(60)  PSYoungGen      total 230912K, used 229143K [0x00000000f0000000, 0x0000000100000000, 0x0000000100000000)
[16.426s][debug  ][gc,heap        ] GC(60)   eden space 199680K, 99% used [0x00000000f0000000,0x00000000fc1c5cf0,0x00000000fc300000)
[16.426s][debug  ][gc,heap        ] GC(60)   from space 31232K, 98% used [0x00000000fe180000,0x00000000fff80030,0x0000000100000000)
[16.426s][debug  ][gc,heap        ] GC(60)   to   space 31232K, 0% used [0x00000000fc300000,0x00000000fc300000,0x00000000fe180000)
[16.426s][debug  ][gc,heap        ] GC(60)  ParOldGen       total 1835008K, used 1117796K [0x0000000080000000, 0x00000000f0000000, 0x00000000f0000000)
[16.426s][debug  ][gc,heap        ] GC(60)   object space 1835008K, 60% used [0x0000000080000000,0x00000000c4399358,0x00000000f0000000)
[16.426s][debug  ][gc,heap        ] GC(60)  Metaspace       used 1021K, committed 1216K, reserved 1056768K
[16.426s][debug  ][gc,heap        ] GC(60)   class space    used 83K, committed 192K, reserved 1048576K
[16.426s][debug  ][gc,tlab        ] GC(60) TLAB totals: thrds: 1  refills: 1 max: 1 slow allocs: 18 max 18 waste: 27.4% gc: 3955648B max: 3955648B slow: 0B max: 0B
[16.426s][info   ][gc,start       ] GC(60) Pause Young (Allocation Failure)
[16.426s][debug  ][gc,phases,start] GC(60) Scavenge
[16.441s][debug  ][gc,phases      ] GC(60) Scavenge 15.100ms
[16.441s][debug  ][gc,phases,start] GC(60) Reference Processing
[16.441s][debug  ][gc,ref         ] GC(60) Skipped phase 1 of Reference Processing: no references
[16.441s][debug  ][gc,ref         ] GC(60) Skipped phase 2 of Reference Processing: no references
[16.441s][debug  ][gc,ref         ] GC(60) Skipped phase 3 of Reference Processing: no references
[16.441s][debug  ][gc,ref         ] GC(60) Skipped phase 4 of Reference Processing: no references
[16.441s][debug  ][gc,phases,ref  ] GC(60) Reference Processing: 0.1ms
[16.441s][debug  ][gc,phases,ref  ] GC(60)   Reconsider SoftReferences: 0.0ms
[16.441s][debug  ][gc,phases,ref  ] GC(60)     SoftRef (ms):                  skipped
[16.441s][debug  ][gc,phases,ref  ] GC(60)   Notify Soft/WeakReferences: 0.0ms
[16.441s][debug  ][gc,phases,ref  ] GC(60)     SoftRef (ms):                  skipped
[16.441s][debug  ][gc,phases,ref  ] GC(60)     WeakRef (ms):                  skipped
[16.442s][debug  ][gc,phases,ref  ] GC(60)     FinalRef (ms):                 skipped
[16.442s][debug  ][gc,phases,ref  ] GC(60)     Total (ms):                    skipped
[16.442s][debug  ][gc,phases,ref  ] GC(60)   Notify and keep alive finalizable: 0.0ms
[16.442s][debug  ][gc,phases,ref  ] GC(60)     FinalRef (ms):                 skipped
[16.442s][debug  ][gc,phases,ref  ] GC(60)   Notify PhantomReferences: 0.0ms
[16.442s][debug  ][gc,phases,ref  ] GC(60)     PhantomRef (ms):               skipped
[16.442s][debug  ][gc,phases,ref  ] GC(60)   SoftReference:
[16.442s][debug  ][gc,phases,ref  ] GC(60)     Discovered: 0
[16.442s][debug  ][gc,phases,ref  ] GC(60)     Cleared: 0
[16.442s][debug  ][gc,phases,ref  ] GC(60)   WeakReference:
[16.442s][debug  ][gc,phases,ref  ] GC(60)     Discovered: 0
[16.442s][debug  ][gc,phases,ref  ] GC(60)     Cleared: 0
[16.442s][debug  ][gc,phases,ref  ] GC(60)   FinalReference:
[16.442s][debug  ][gc,phases,ref  ] GC(60)     Discovered: 0
[16.442s][debug  ][gc,phases,ref  ] GC(60)     Cleared: 0
[16.442s][debug  ][gc,phases,ref  ] GC(60)   PhantomReference:
[16.442s][debug  ][gc,phases,ref  ] GC(60)     Discovered: 0
[16.442s][debug  ][gc,phases,ref  ] GC(60)     Cleared: 0
[16.442s][debug  ][gc,phases      ] GC(60) Reference Processing 0.591ms
[16.442s][debug  ][gc,phases,start] GC(60) Weak Processing
[16.442s][debug  ][gc,phases      ] GC(60)   VM Weak                        Min:  0.0, Avg:  0.0, Max:  0.0, Diff:  0.0, Sum:  0.0, Workers: 6
[16.442s][debug  ][gc,phases      ] GC(60)     Dead                           Min: 0, Avg:  0.0, Max: 0, Diff: 0, Sum: 0, Workers: 6
[16.442s][debug  ][gc,phases      ] GC(60)     Total                          Min: 0, Avg:  1.3, Max: 8, Diff: 8, Sum: 8, Workers: 6
[16.442s][debug  ][gc,phases      ] GC(60)   ObjectSynchronizer Weak        Min:  0.0, Avg:  0.0, Max:  0.0, Diff:  0.0, Sum:  0.0, Workers: 6
[16.442s][debug  ][gc,phases      ] GC(60)     Dead                           Min: 0, Avg:  0.0, Max: 0, Diff: 0, Sum: 0, Workers: 6
[16.442s][debug  ][gc,phases      ] GC(60)     Total                          Min: 0, Avg:  0.5, Max: 3, Diff: 3, Sum: 3, Workers: 6
[16.442s][debug  ][gc,phases      ] GC(60)   JVMTI Tag Weak OopStorage      Min:  0.0, Avg:  0.0, Max:  0.0, Diff:  0.0, Sum:  0.0, Workers: 6
[16.442s][debug  ][gc,phases      ] GC(60)     Dead                           Min: 0, Avg:  0.0, Max: 0, Diff: 0, Sum: 0, Workers: 6
[16.442s][debug  ][gc,phases      ] GC(60)     Total                          Min: 0, Avg:  0.0, Max: 0, Diff: 0, Sum: 0, Workers: 6
[16.442s][debug  ][gc,phases      ] GC(60)   StringTable Weak               Min:  0.0, Avg:  0.0, Max:  0.0, Diff:  0.0, Sum:  0.0, Workers: 6
[16.442s][debug  ][gc,phases      ] GC(60)     Dead                           Min: 0, Avg:  0.0, Max: 0, Diff: 0, Sum: 0, Workers: 6
[16.442s][debug  ][gc,phases      ] GC(60)     Total                          Min: 750, Avg: 892.8, Max: 1152, Diff: 402, Sum: 5357, Workers: 6
[16.442s][debug  ][gc,phases      ] GC(60)   ResolvedMethodTable Weak       Min:  0.0, Avg:  0.0, Max:  0.0, Diff:  0.0, Sum:  0.0, Workers: 6
[16.442s][debug  ][gc,phases      ] GC(60)     Dead                           Min: 0, Avg:  0.0, Max: 0, Diff: 0, Sum: 0, Workers: 6
[16.442s][debug  ][gc,phases      ] GC(60)     Total                          Min: 0, Avg: 21.7, Max: 66, Diff: 66, Sum: 130, Workers: 6
[16.442s][debug  ][gc,phases      ] GC(60)   JNI Weak                       Min:  0.0, Avg:  0.0, Max:  0.0, Diff:  0.0, Sum:  0.0, Workers: 6
[16.442s][debug  ][gc,phases      ] GC(60)     Dead                           Min: 0, Avg:  0.0, Max: 0, Diff: 0, Sum: 0, Workers: 6
[16.442s][debug  ][gc,phases      ] GC(60)     Total                          Min: 0, Avg:  0.0, Max: 0, Diff: 0, Sum: 0, Workers: 6
[16.442s][debug  ][gc,phases      ] GC(60)   StringDedup Table Weak         Min:  0.0, Avg:  0.0, Max:  0.0, Diff:  0.0, Sum:  0.0, Workers: 6
[16.442s][debug  ][gc,phases      ] GC(60)     Dead                           Min: 0, Avg:  0.0, Max: 0, Diff: 0, Sum: 0, Workers: 6
[16.442s][debug  ][gc,phases      ] GC(60)     Total                          Min: 0, Avg:  0.0, Max: 0, Diff: 0, Sum: 0, Workers: 6
[16.442s][debug  ][gc,phases      ] GC(60)   StringDedup Requests0 Weak     Min:  0.0, Avg:  0.0, Max:  0.0, Diff:  0.0, Sum:  0.0, Workers: 6
[16.442s][debug  ][gc,phases      ] GC(60)     Dead                           Min: 0, Avg:  0.0, Max: 0, Diff: 0, Sum: 0, Workers: 6
[16.442s][debug  ][gc,phases      ] GC(60)     Total                          Min: 0, Avg:  0.0, Max: 0, Diff: 0, Sum: 0, Workers: 6
[16.442s][debug  ][gc,phases      ] GC(60)   StringDedup Requests1 Weak     Min:  0.0, Avg:  0.0, Max:  0.0, Diff:  0.0, Sum:  0.0, Workers: 6
[16.442s][debug  ][gc,phases      ] GC(60)     Dead                           Min: 0, Avg:  0.0, Max: 0, Diff: 0, Sum: 0, Workers: 6
[16.442s][debug  ][gc,phases      ] GC(60)     Total                          Min: 0, Avg:  0.0, Max: 0, Diff: 0, Sum: 0, Workers: 6
[16.443s][debug  ][gc,phases      ] GC(60)   Weak JFR Old Object Samples    Min:  0.0, Avg:  0.0, Max:  0.0, Diff:  0.0, Sum:  0.0, Workers: 6
[16.443s][debug  ][gc,phases      ] GC(60)     Dead                           Min: 0, Avg:  0.0, Max: 0, Diff: 0, Sum: 0, Workers: 6
[16.443s][debug  ][gc,phases      ] GC(60)     Total                          Min: 0, Avg:  0.0, Max: 0, Diff: 0, Sum: 0, Workers: 6
[16.443s][debug  ][gc,phases      ] GC(60) Weak Processing 0.690ms
[16.443s][debug  ][gc,ergo        ] GC(60) AdaptiveSizeStart:  collection: 61 
[16.443s][debug  ][gc,ergo        ] GC(60) avg_survived_padded_avg: 31647956.000000
[16.443s][debug  ][gc,ergo        ] GC(60) avg_promoted_padded_avg: 259189152.000000  avg_pretenured_padded_avg: 0.000000  tenuring_thresh: 1  target_size: 31981568
[16.443s][debug  ][gc,age         ] GC(60) Desired survivor size 31981568 bytes, new threshold 1 (max threshold 15)
[16.443s][debug  ][gc,ergo        ] GC(60) PSAdaptiveSizePolicy::compute_eden_space_size limits: desired_eden_size: 226440589 old_eden_size: 204472320 eden_limit: 204472320 cur_eden: 204472320 max_eden_size: 204472320 avg_young_live: 26665602
[16.443s][debug  ][gc,ergo        ] GC(60) PSAdaptiveSizePolicy::compute_eden_space_size: costs minor_time: 0.046602 major_cost: 0.044597 mutator_cost: 0.908801 throughput_goal: 0.990000
[16.443s][debug  ][gc,ergo        ] GC(60) Live_space: 932916224 free_space: 1317011456
[16.443s][debug  ][gc,ergo        ] GC(60) Old eden_size: 204472320 desired_eden_size: 204472320
[16.443s][debug  ][gc,ergo        ] GC(60) AdaptiveSizeStop: collection: 61 
[16.443s][info   ][gc,heap        ] GC(60) PSYoungGen: 229143K(230912K)->30720K(230912K) Eden: 198423K(199680K)->0K(199680K) From: 30720K(31232K)->30720K(31232K)
[16.443s][info   ][gc,heap        ] GC(60) ParOldGen: 1117796K(1835008K)->1312357K(1835008K)
[16.443s][info   ][gc,metaspace   ] GC(60) Metaspace: 1021K(1216K)->1021K(1216K) NonClass: 937K(1024K)->937K(1024K) Class: 83K(192K)->83K(192K)
[16.443s][info   ][gc             ] GC(60) Pause Young (Allocation Failure) 1315M->1311M(2017M) 16.818ms
[16.443s][info   ][gc,cpu         ] GC(60) User=0.12s Sys=0.00s Real=0.02s
[16.443s][debug  ][gc,heap        ] GC(60) Heap after GC invocations=61 (full 10):
[16.443s][debug  ][gc,heap        ] GC(60)  PSYoungGen      total 230912K, used 30720K [0x00000000f0000000, 0x0000000100000000, 0x0000000100000000)
[16.443s][debug  ][gc,heap        ] GC(60)   eden space 199680K, 0% used [0x00000000f0000000,0x00000000f0000000,0x00000000fc300000)
[16.443s][debug  ][gc,heap        ] GC(60)   from space 31232K, 98% used [0x00000000fc300000,0x00000000fe100030,0x00000000fe180000)
[16.443s][debug  ][gc,heap        ] GC(60)   to   space 31232K, 0% used [0x00000000fe180000,0x00000000fe180000,0x0000000100000000)
[16.443s][debug  ][gc,heap        ] GC(60)  ParOldGen       total 1835008K, used 1312357K [0x0000000080000000, 0x00000000f0000000, 0x00000000f0000000)
[16.443s][debug  ][gc,heap        ] GC(60)   object space 1835008K, 71% used [0x0000000080000000,0x00000000d0199488,0x00000000f0000000)
[16.443s][debug  ][gc,heap        ] GC(60)  Metaspace       used 1021K, committed 1216K, reserved 1056768K
[16.443s][debug  ][gc,heap        ] GC(60)   class space    used 83K, committed 192K, reserved 1048576K
[16.443s][debug  ][gc,task,time   ] GC(60) VM-Thread 164257156 164412722 164431288
[16.743s][debug  ][gc,heap        ] GC(61) Heap before GC invocations=62 (full 10):
[16.743s][debug  ][gc,heap        ] GC(61)  PSYoungGen      total 230912K, used 229161K [0x00000000f0000000, 0x0000000100000000, 0x0000000100000000)
[16.743s][debug  ][gc,heap        ] GC(61)   eden space 199680K, 99% used [0x00000000f0000000,0x00000000fc1ca710,0x00000000fc300000)
[16.743s][debug  ][gc,heap        ] GC(61)   from space 31232K, 98% used [0x00000000fc300000,0x00000000fe100030,0x00000000fe180000)
[16.743s][debug  ][gc,heap        ] GC(61)   to   space 31232K, 0% used [0x00000000fe180000,0x00000000fe180000,0x0000000100000000)
[16.743s][debug  ][gc,heap        ] GC(61)  ParOldGen       total 1835008K, used 1312357K [0x0000000080000000, 0x00000000f0000000, 0x00000000f0000000)
[16.743s][debug  ][gc,heap        ] GC(61)   object space 1835008K, 71% used [0x0000000080000000,0x00000000d0199488,0x00000000f0000000)
[16.743s][debug  ][gc,heap        ] GC(61)  Metaspace       used 1021K, committed 1216K, reserved 1056768K
[16.743s][debug  ][gc,heap        ] GC(61)   class space    used 83K, committed 192K, reserved 1048576K
[16.743s][debug  ][gc,tlab        ] GC(61) TLAB totals: thrds: 1  refills: 1 max: 1 slow allocs: 18 max 18 waste: 27.5% gc: 3974624B max: 3974624B slow: 0B max: 0B
[16.743s][info   ][gc,start       ] GC(61) Pause Young (Allocation Failure)
[16.743s][debug  ][gc,phases,start] GC(61) Scavenge
[16.759s][debug  ][gc,phases      ] GC(61) Scavenge 15.579ms
[16.759s][debug  ][gc,phases,start] GC(61) Reference Processing
[16.759s][debug  ][gc,ref         ] GC(61) Skipped phase 1 of Reference Processing: no references
[16.759s][debug  ][gc,ref         ] GC(61) Skipped phase 2 of Reference Processing: no references
[16.759s][debug  ][gc,ref         ] GC(61) Skipped phase 3 of Reference Processing: no references
[16.759s][debug  ][gc,ref         ] GC(61) Skipped phase 4 of Reference Processing: no references
[16.759s][debug  ][gc,phases,ref  ] GC(61) Reference Processing: 0.1ms
[16.759s][debug  ][gc,phases,ref  ] GC(61)   Reconsider SoftReferences: 0.0ms
[16.759s][debug  ][gc,phases,ref  ] GC(61)     SoftRef (ms):                  skipped
[16.759s][debug  ][gc,phases,ref  ] GC(61)   Notify Soft/WeakReferences: 0.0ms
[16.759s][debug  ][gc,phases,ref  ] GC(61)     SoftRef (ms):                  skipped
[16.759s][debug  ][gc,phases,ref  ] GC(61)     WeakRef (ms):                  skipped
[16.759s][debug  ][gc,phases,ref  ] GC(61)     FinalRef (ms):                 skipped
[16.759s][debug  ][gc,phases,ref  ] GC(61)     Total (ms):                    skipped
[16.759s][debug  ][gc,phases,ref  ] GC(61)   Notify and keep alive finalizable: 0.0ms
[16.759s][debug  ][gc,phases,ref  ] GC(61)     FinalRef (ms):                 skipped
[16.759s][debug  ][gc,phases,ref  ] GC(61)   Notify PhantomReferences: 0.0ms
[16.759s][debug  ][gc,phases,ref  ] GC(61)     PhantomRef (ms):               skipped
[16.759s][debug  ][gc,phases,ref  ] GC(61)   SoftReference:
[16.759s][debug  ][gc,phases,ref  ] GC(61)     Discovered: 0
[16.759s][debug  ][gc,phases,ref  ] GC(61)     Cleared: 0
[16.759s][debug  ][gc,phases,ref  ] GC(61)   WeakReference:
[16.759s][debug  ][gc,phases,ref  ] GC(61)     Discovered: 0
[16.759s][debug  ][gc,phases,ref  ] GC(61)     Cleared: 0
[16.759s][debug  ][gc,phases,ref  ] GC(61)   FinalReference:
[16.759s][debug  ][gc,phases,ref  ] GC(61)     Discovered: 0
[16.759s][debug  ][gc,phases,ref  ] GC(61)     Cleared: 0
[16.759s][debug  ][gc,phases,ref  ] GC(61)   PhantomReference:
[16.759s][debug  ][gc,phases,ref  ] GC(61)     Discovered: 0
[16.759s][debug  ][gc,phases,ref  ] GC(61)     Cleared: 0
[16.759s][debug  ][gc,phases      ] GC(61) Reference Processing 0.579ms
[16.759s][debug  ][gc,phases,start] GC(61) Weak Processing
[16.759s][debug  ][gc,phases      ] GC(61)   VM Weak                        Min:  0.0, Avg:  0.0, Max:  0.0, Diff:  0.0, Sum:  0.0, Workers: 6
[16.759s][debug  ][gc,phases      ] GC(61)     Dead                           Min: 0, Avg:  0.0, Max: 0, Diff: 0, Sum: 0, Workers: 6
[16.759s][debug  ][gc,phases      ] GC(61)     Total                          Min: 0, Avg:  1.3, Max: 8, Diff: 8, Sum: 8, Workers: 6
[16.759s][debug  ][gc,phases      ] GC(61)   ObjectSynchronizer Weak        Min:  0.0, Avg:  0.0, Max:  0.0, Diff:  0.0, Sum:  0.0, Workers: 6
[16.760s][debug  ][gc,phases      ] GC(61)     Dead                           Min: 0, Avg:  0.0, Max: 0, Diff: 0, Sum: 0, Workers: 6
[16.760s][debug  ][gc,phases      ] GC(61)     Total                          Min: 0, Avg:  0.5, Max: 3, Diff: 3, Sum: 3, Workers: 6
[16.760s][debug  ][gc,phases      ] GC(61)   JVMTI Tag Weak OopStorage      Min:  0.0, Avg:  0.0, Max:  0.0, Diff:  0.0, Sum:  0.0, Workers: 6
[16.760s][debug  ][gc,phases      ] GC(61)     Dead                           Min: 0, Avg:  0.0, Max: 0, Diff: 0, Sum: 0, Workers: 6
[16.760s][debug  ][gc,phases      ] GC(61)     Total                          Min: 0, Avg:  0.0, Max: 0, Diff: 0, Sum: 0, Workers: 6
[16.760s][debug  ][gc,phases      ] GC(61)   StringTable Weak               Min:  0.0, Avg:  0.0, Max:  0.0, Diff:  0.0, Sum:  0.0, Workers: 6
[16.760s][debug  ][gc,phases      ] GC(61)     Dead                           Min: 0, Avg:  0.0, Max: 0, Diff: 0, Sum: 0, Workers: 6
[16.760s][debug  ][gc,phases      ] GC(61)     Total                          Min: 767, Avg: 892.8, Max: 1024, Diff: 257, Sum: 5357, Workers: 6
[16.760s][debug  ][gc,phases      ] GC(61)   ResolvedMethodTable Weak       Min:  0.0, Avg:  0.0, Max:  0.0, Diff:  0.0, Sum:  0.0, Workers: 6
[16.760s][debug  ][gc,phases      ] GC(61)     Dead                           Min: 0, Avg:  0.0, Max: 0, Diff: 0, Sum: 0, Workers: 6
[16.760s][debug  ][gc,phases      ] GC(61)     Total                          Min: 0, Avg: 21.7, Max: 64, Diff: 64, Sum: 130, Workers: 6
[16.760s][debug  ][gc,phases      ] GC(61)   JNI Weak                       Min:  0.0, Avg:  0.0, Max:  0.0, Diff:  0.0, Sum:  0.0, Workers: 6
[16.760s][debug  ][gc,phases      ] GC(61)     Dead                           Min: 0, Avg:  0.0, Max: 0, Diff: 0, Sum: 0, Workers: 6
[16.760s][debug  ][gc,phases      ] GC(61)     Total                          Min: 0, Avg:  0.0, Max: 0, Diff: 0, Sum: 0, Workers: 6
[16.760s][debug  ][gc,phases      ] GC(61)   StringDedup Table Weak         Min:  0.0, Avg:  0.0, Max:  0.0, Diff:  0.0, Sum:  0.0, Workers: 6
[16.760s][debug  ][gc,phases      ] GC(61)     Dead                           Min: 0, Avg:  0.0, Max: 0, Diff: 0, Sum: 0, Workers: 6
[16.760s][debug  ][gc,phases      ] GC(61)     Total                          Min: 0, Avg:  0.0, Max: 0, Diff: 0, Sum: 0, Workers: 6
[16.760s][debug  ][gc,phases      ] GC(61)   StringDedup Requests0 Weak     Min:  0.0, Avg:  0.0, Max:  0.0, Diff:  0.0, Sum:  0.0, Workers: 6
[16.760s][debug  ][gc,phases      ] GC(61)     Dead                           Min: 0, Avg:  0.0, Max: 0, Diff: 0, Sum: 0, Workers: 6
[16.760s][debug  ][gc,phases      ] GC(61)     Total                          Min: 0, Avg:  0.0, Max: 0, Diff: 0, Sum: 0, Workers: 6
[16.760s][debug  ][gc,phases      ] GC(61)   StringDedup Requests1 Weak     Min:  0.0, Avg:  0.0, Max:  0.0, Diff:  0.0, Sum:  0.0, Workers: 6
[16.760s][debug  ][gc,phases      ] GC(61)     Dead                           Min: 0, Avg:  0.0, Max: 0, Diff: 0, Sum: 0, Workers: 6
[16.760s][debug  ][gc,phases      ] GC(61)     Total                          Min: 0, Avg:  0.0, Max: 0, Diff: 0, Sum: 0, Workers: 6
[16.760s][debug  ][gc,phases      ] GC(61)   Weak JFR Old Object Samples    Min:  0.0, Avg:  0.0, Max:  0.0, Diff:  0.0, Sum:  0.0, Workers: 6
[16.760s][debug  ][gc,phases      ] GC(61)     Dead                           Min: 0, Avg:  0.0, Max: 0, Diff: 0, Sum: 0, Workers: 6
[16.760s][debug  ][gc,phases      ] GC(61)     Total                          Min: 0, Avg:  0.0, Max: 0, Diff: 0, Sum: 0, Workers: 6
[16.760s][debug  ][gc,phases      ] GC(61) Weak Processing 0.681ms
[16.760s][debug  ][gc,ergo        ] GC(61) AdaptiveSizeStart:  collection: 62 
[16.760s][debug  ][gc,ergo        ] GC(61) avg_survived_padded_avg: 31632398.000000
[16.760s][debug  ][gc,ergo        ] GC(61) avg_promoted_padded_avg: 260919360.000000  avg_pretenured_padded_avg: 0.000000  tenuring_thresh: 1  target_size: 31981568
[16.760s][debug  ][gc,age         ] GC(61) Desired survivor size 31981568 bytes, new threshold 1 (max threshold 15)
[16.760s][debug  ][gc,ergo        ] GC(61) PSAdaptiveSizePolicy::compute_eden_space_size limits: desired_eden_size: 226822863 old_eden_size: 204472320 eden_limit: 204472320 cur_eden: 204472320 max_eden_size: 204472320 avg_young_live: 27144774
[16.760s][debug  ][gc,ergo        ] GC(61) PSAdaptiveSizePolicy::compute_eden_space_size: costs minor_time: 0.048291 major_cost: 0.044597 mutator_cost: 0.907112 throughput_goal: 0.990000
[16.760s][debug  ][gc,ergo        ] GC(61) Live_space: 933395392 free_space: 1317011456
[16.760s][debug  ][gc,ergo        ] GC(61) Old eden_size: 204472320 desired_eden_size: 204472320
[16.760s][debug  ][gc,ergo        ] GC(61) AdaptiveSizeStop: collection: 62 
[16.760s][info   ][gc,heap        ] GC(61) PSYoungGen: 229161K(230912K)->30720K(230912K) Eden: 198441K(199680K)->0K(199680K) From: 30720K(31232K)->30720K(31232K)
[16.760s][info   ][gc,heap        ] GC(61) ParOldGen: 1312357K(1835008K)->1506917K(1835008K)
[16.760s][info   ][gc,metaspace   ] GC(61) Metaspace: 1021K(1216K)->1021K(1216K) NonClass: 937K(1024K)->937K(1024K) Class: 83K(192K)->83K(192K)
[16.760s][info   ][gc             ] GC(61) Pause Young (Allocation Failure) 1505M->1501M(2017M) 17.247ms
[16.760s][info   ][gc,cpu         ] GC(61) User=0.16s Sys=0.00s Real=0.02s
[16.760s][debug  ][gc,heap        ] GC(61) Heap after GC invocations=62 (full 10):
[16.760s][debug  ][gc,heap        ] GC(61)  PSYoungGen      total 230912K, used 30720K [0x00000000f0000000, 0x0000000100000000, 0x0000000100000000)
[16.760s][debug  ][gc,heap        ] GC(61)   eden space 199680K, 0% used [0x00000000f0000000,0x00000000f0000000,0x00000000fc300000)
[16.760s][debug  ][gc,heap        ] GC(61)   from space 31232K, 98% used [0x00000000fe180000,0x00000000fff80030,0x0000000100000000)
[16.760s][debug  ][gc,heap        ] GC(61)   to   space 31232K, 0% used [0x00000000fc300000,0x00000000fc300000,0x00000000fe180000)
[16.761s][debug  ][gc,heap        ] GC(61)  ParOldGen       total 1835008K, used 1506917K [0x0000000080000000, 0x00000000f0000000, 0x00000000f0000000)
[16.761s][debug  ][gc,heap        ] GC(61)   object space 1835008K, 82% used [0x0000000080000000,0x00000000dbf995b8,0x00000000f0000000)
[16.761s][debug  ][gc,heap        ] GC(61)  Metaspace       used 1021K, committed 1216K, reserved 1056768K
[16.761s][debug  ][gc,heap        ] GC(61)   class space    used 83K, committed 192K, reserved 1048576K
[16.761s][debug  ][gc,task,time   ] GC(61) VM-Thread 167427822 167587785 167605849
[17.060s][debug  ][gc,heap        ] GC(62) Heap before GC invocations=63 (full 10):
[17.060s][debug  ][gc,heap        ] GC(62)  PSYoungGen      total 230912K, used 229173K [0x00000000f0000000, 0x0000000100000000, 0x0000000100000000)
[17.060s][debug  ][gc,heap        ] GC(62)   eden space 199680K, 99% used [0x00000000f0000000,0x00000000fc1cd6b0,0x00000000fc300000)
[17.060s][debug  ][gc,heap        ] GC(62)   from space 31232K, 98% used [0x00000000fe180000,0x00000000fff80030,0x0000000100000000)
[17.060s][debug  ][gc,heap        ] GC(62)   to   space 31232K, 0% used [0x00000000fc300000,0x00000000fc300000,0x00000000fe180000)
[17.060s][debug  ][gc,heap        ] GC(62)  ParOldGen       total 1835008K, used 1506917K [0x0000000080000000, 0x00000000f0000000, 0x00000000f0000000)
[17.060s][debug  ][gc,heap        ] GC(62)   object space 1835008K, 82% used [0x0000000080000000,0x00000000dbf995b8,0x00000000f0000000)
[17.060s][debug  ][gc,heap        ] GC(62)  Metaspace       used 1021K, committed 1216K, reserved 1056768K
[17.060s][debug  ][gc,heap        ] GC(62)   class space    used 83K, committed 192K, reserved 1048576K
[17.061s][debug  ][gc,tlab        ] GC(62) TLAB totals: thrds: 1  refills: 1 max: 1 slow allocs: 18 max 18 waste: 27.5% gc: 3986816B max: 3986816B slow: 0B max: 0B
[17.061s][info   ][gc,start       ] GC(62) Pause Young (Allocation Failure)
[17.061s][debug  ][gc,phases,start] GC(62) Scavenge
[17.076s][debug  ][gc,phases      ] GC(62) Scavenge 15.770ms
[17.076s][debug  ][gc,phases,start] GC(62) Reference Processing
[17.076s][debug  ][gc,ref         ] GC(62) Skipped phase 1 of Reference Processing: no references
[17.077s][debug  ][gc,ref         ] GC(62) Skipped phase 2 of Reference Processing: no references
[17.077s][debug  ][gc,ref         ] GC(62) Skipped phase 3 of Reference Processing: no references
[17.077s][debug  ][gc,ref         ] GC(62) Skipped phase 4 of Reference Processing: no references
[17.077s][debug  ][gc,phases,ref  ] GC(62) Reference Processing: 0.1ms
[17.077s][debug  ][gc,phases,ref  ] GC(62)   Reconsider SoftReferences: 0.0ms
[17.077s][debug  ][gc,phases,ref  ] GC(62)     SoftRef (ms):                  skipped
[17.077s][debug  ][gc,phases,ref  ] GC(62)   Notify Soft/WeakReferences: 0.0ms
[17.077s][debug  ][gc,phases,ref  ] GC(62)     SoftRef (ms):                  skipped
[17.077s][debug  ][gc,phases,ref  ] GC(62)     WeakRef (ms):                  skipped
[17.077s][debug  ][gc,phases,ref  ] GC(62)     FinalRef (ms):                 skipped
[17.077s][debug  ][gc,phases,ref  ] GC(62)     Total (ms):                    skipped
[17.077s][debug  ][gc,phases,ref  ] GC(62)   Notify and keep alive finalizable: 0.0ms
[17.077s][debug  ][gc,phases,ref  ] GC(62)     FinalRef (ms):                 skipped
[17.077s][debug  ][gc,phases,ref  ] GC(62)   Notify PhantomReferences: 0.0ms
[17.077s][debug  ][gc,phases,ref  ] GC(62)     PhantomRef (ms):               skipped
[17.077s][debug  ][gc,phases,ref  ] GC(62)   SoftReference:
[17.077s][debug  ][gc,phases,ref  ] GC(62)     Discovered: 0
[17.077s][debug  ][gc,phases,ref  ] GC(62)     Cleared: 0
[17.077s][debug  ][gc,phases,ref  ] GC(62)   WeakReference:
[17.077s][debug  ][gc,phases,ref  ] GC(62)     Discovered: 0
[17.077s][debug  ][gc,phases,ref  ] GC(62)     Cleared: 0
[17.077s][debug  ][gc,phases,ref  ] GC(62)   FinalReference:
[17.077s][debug  ][gc,phases,ref  ] GC(62)     Discovered: 0
[17.077s][debug  ][gc,phases,ref  ] GC(62)     Cleared: 0
[17.077s][debug  ][gc,phases,ref  ] GC(62)   PhantomReference:
[17.077s][debug  ][gc,phases,ref  ] GC(62)     Discovered: 0
[17.077s][debug  ][gc,phases,ref  ] GC(62)     Cleared: 0
[17.077s][debug  ][gc,phases      ] GC(62) Reference Processing 0.585ms
[17.077s][debug  ][gc,phases,start] GC(62) Weak Processing
[17.077s][debug  ][gc,phases      ] GC(62)   VM Weak                        Min:  0.0, Avg:  0.0, Max:  0.0, Diff:  0.0, Sum:  0.0, Workers: 6
[17.077s][debug  ][gc,phases      ] GC(62)     Dead                           Min: 0, Avg:  0.0, Max: 0, Diff: 0, Sum: 0, Workers: 6
[17.077s][debug  ][gc,phases      ] GC(62)     Total                          Min: 0, Avg:  1.3, Max: 8, Diff: 8, Sum: 8, Workers: 6
[17.077s][debug  ][gc,phases      ] GC(62)   ObjectSynchronizer Weak        Min:  0.0, Avg:  0.0, Max:  0.0, Diff:  0.0, Sum:  0.0, Workers: 6
[17.077s][debug  ][gc,phases      ] GC(62)     Dead                           Min: 0, Avg:  0.0, Max: 0, Diff: 0, Sum: 0, Workers: 6
[17.077s][debug  ][gc,phases      ] GC(62)     Total                          Min: 0, Avg:  0.5, Max: 3, Diff: 3, Sum: 3, Workers: 6
[17.077s][debug  ][gc,phases      ] GC(62)   JVMTI Tag Weak OopStorage      Min:  0.0, Avg:  0.0, Max:  0.0, Diff:  0.0, Sum:  0.0, Workers: 6
[17.077s][debug  ][gc,phases      ] GC(62)     Dead                           Min: 0, Avg:  0.0, Max: 0, Diff: 0, Sum: 0, Workers: 6
[17.077s][debug  ][gc,phases      ] GC(62)     Total                          Min: 0, Avg:  0.0, Max: 0, Diff: 0, Sum: 0, Workers: 6
[17.077s][debug  ][gc,phases      ] GC(62)   StringTable Weak               Min:  0.0, Avg:  0.0, Max:  0.0, Diff:  0.0, Sum:  0.0, Workers: 6
[17.077s][debug  ][gc,phases      ] GC(62)     Dead                           Min: 0, Avg:  0.0, Max: 0, Diff: 0, Sum: 0, Workers: 6
[17.077s][debug  ][gc,phases      ] GC(62)     Total                          Min: 704, Avg: 892.8, Max: 1216, Diff: 512, Sum: 5357, Workers: 6
[17.077s][debug  ][gc,phases      ] GC(62)   ResolvedMethodTable Weak       Min:  0.0, Avg:  0.0, Max:  0.0, Diff:  0.0, Sum:  0.0, Workers: 6
[17.077s][debug  ][gc,phases      ] GC(62)     Dead                           Min: 0, Avg:  0.0, Max: 0, Diff: 0, Sum: 0, Workers: 6
[17.077s][debug  ][gc,phases      ] GC(62)     Total                          Min: 0, Avg: 21.7, Max: 64, Diff: 64, Sum: 130, Workers: 6
[17.077s][debug  ][gc,phases      ] GC(62)   JNI Weak                       Min:  0.0, Avg:  0.0, Max:  0.0, Diff:  0.0, Sum:  0.0, Workers: 6
[17.077s][debug  ][gc,phases      ] GC(62)     Dead                           Min: 0, Avg:  0.0, Max: 0, Diff: 0, Sum: 0, Workers: 6
[17.077s][debug  ][gc,phases      ] GC(62)     Total                          Min: 0, Avg:  0.0, Max: 0, Diff: 0, Sum: 0, Workers: 6
[17.077s][debug  ][gc,phases      ] GC(62)   StringDedup Table Weak         Min:  0.0, Avg:  0.0, Max:  0.0, Diff:  0.0, Sum:  0.0, Workers: 6
[17.078s][debug  ][gc,phases      ] GC(62)     Dead                           Min: 0, Avg:  0.0, Max: 0, Diff: 0, Sum: 0, Workers: 6
[17.078s][debug  ][gc,phases      ] GC(62)     Total                          Min: 0, Avg:  0.0, Max: 0, Diff: 0, Sum: 0, Workers: 6
[17.078s][debug  ][gc,phases      ] GC(62)   StringDedup Requests0 Weak     Min:  0.0, Avg:  0.0, Max:  0.0, Diff:  0.0, Sum:  0.0, Workers: 6
[17.078s][debug  ][gc,phases      ] GC(62)     Dead                           Min: 0, Avg:  0.0, Max: 0, Diff: 0, Sum: 0, Workers: 6
[17.078s][debug  ][gc,phases      ] GC(62)     Total                          Min: 0, Avg:  0.0, Max: 0, Diff: 0, Sum: 0, Workers: 6
[17.078s][debug  ][gc,phases      ] GC(62)   StringDedup Requests1 Weak     Min:  0.0, Avg:  0.0, Max:  0.0, Diff:  0.0, Sum:  0.0, Workers: 6
[17.078s][debug  ][gc,phases      ] GC(62)     Dead                           Min: 0, Avg:  0.0, Max: 0, Diff: 0, Sum: 0, Workers: 6
[17.078s][debug  ][gc,phases      ] GC(62)     Total                          Min: 0, Avg:  0.0, Max: 0, Diff: 0, Sum: 0, Workers: 6
[17.078s][debug  ][gc,phases      ] GC(62)   Weak JFR Old Object Samples    Min:  0.0, Avg:  0.0, Max:  0.0, Diff:  0.0, Sum:  0.0, Workers: 6
[17.078s][debug  ][gc,phases      ] GC(62)     Dead                           Min: 0, Avg:  0.0, Max: 0, Diff: 0, Sum: 0, Workers: 6
[17.078s][debug  ][gc,phases      ] GC(62)     Total                          Min: 0, Avg:  0.0, Max: 0, Diff: 0, Sum: 0, Workers: 6
[17.078s][debug  ][gc,phases      ] GC(62) Weak Processing 0.679ms
[17.078s][debug  ][gc,ergo        ] GC(62) AdaptiveSizeStart:  collection: 63 
[17.078s][debug  ][gc,ergo        ] GC(62) avg_survived_padded_avg: 31618044.000000
[17.078s][debug  ][gc,ergo        ] GC(62) avg_promoted_padded_avg: 261703920.000000  avg_pretenured_padded_avg: 0.000000  tenuring_thresh: 1  target_size: 31981568
[17.078s][debug  ][gc,age         ] GC(62) Desired survivor size 31981568 bytes, new threshold 1 (max threshold 15)
[17.078s][debug  ][gc,ergo        ] GC(62) PSAdaptiveSizePolicy::compute_eden_space_size limits: desired_eden_size: 227132593 old_eden_size: 204472320 eden_limit: 204472320 cur_eden: 204472320 max_eden_size: 204472320 avg_young_live: 27576030
[17.078s][debug  ][gc,ergo        ] GC(62) PSAdaptiveSizePolicy::compute_eden_space_size: costs minor_time: 0.049706 major_cost: 0.044597 mutator_cost: 0.905697 throughput_goal: 0.990000
[17.078s][debug  ][gc,ergo        ] GC(62) Live_space: 933826688 free_space: 1317011456
[17.078s][debug  ][gc,ergo        ] GC(62) Old eden_size: 204472320 desired_eden_size: 204472320
[17.078s][debug  ][gc,ergo        ] GC(62) AdaptiveSizeStop: collection: 63 
[17.078s][info   ][gc,heap        ] GC(62) PSYoungGen: 229173K(230912K)->30720K(230912K) Eden: 198453K(199680K)->0K(199680K) From: 30720K(31232K)->30720K(31232K)
[17.078s][info   ][gc,heap        ] GC(62) ParOldGen: 1506917K(1835008K)->1701477K(1835008K)
[17.078s][info   ][gc,metaspace   ] GC(62) Metaspace: 1021K(1216K)->1021K(1216K) NonClass: 937K(1024K)->937K(1024K) Class: 83K(192K)->83K(192K)
[17.078s][info   ][gc             ] GC(62) Pause Young (Allocation Failure) 1695M->1691M(2017M) 17.442ms
[17.078s][info   ][gc,cpu         ] GC(62) User=0.16s Sys=0.00s Real=0.02s
[17.078s][debug  ][gc,heap        ] GC(62) Heap after GC invocations=63 (full 10):
[17.078s][debug  ][gc,heap        ] GC(62)  PSYoungGen      total 230912K, used 30720K [0x00000000f0000000, 0x0000000100000000, 0x0000000100000000)
[17.078s][debug  ][gc,heap        ] GC(62)   eden space 199680K, 0% used [0x00000000f0000000,0x00000000f0000000,0x00000000fc300000)
[17.078s][debug  ][gc,heap        ] GC(62)   from space 31232K, 98% used [0x00000000fc300000,0x00000000fe100030,0x00000000fe180000)
[17.078s][debug  ][gc,heap        ] GC(62)   to   space 31232K, 0% used [0x00000000fe180000,0x00000000fe180000,0x0000000100000000)
[17.078s][debug  ][gc,heap        ] GC(62)  ParOldGen       total 1835008K, used 1701477K [0x0000000080000000, 0x00000000f0000000, 0x00000000f0000000)
[17.078s][debug  ][gc,heap        ] GC(62)   object space 1835008K, 92% used [0x0000000080000000,0x00000000e7d996e8,0x00000000f0000000)
[17.078s][debug  ][gc,heap        ] GC(62)  Metaspace       used 1021K, committed 1216K, reserved 1056768K
[17.078s][debug  ][gc,heap        ] GC(62)   class space    used 83K, committed 192K, reserved 1048576K
[17.078s][debug  ][gc,task,time   ] GC(62) VM-Thread 170602173 170764371 170782426
[17.078s][debug  ][gc,phases,start] GC(63) Pre Compact
[17.078s][debug  ][gc,heap        ] GC(63) Heap before GC invocations=64 (full 11):
[17.078s][debug  ][gc,heap        ] GC(63)  PSYoungGen      total 230912K, used 30720K [0x00000000f0000000, 0x0000000100000000, 0x0000000100000000)
[17.078s][debug  ][gc,heap        ] GC(63)   eden space 199680K, 0% used [0x00000000f0000000,0x00000000f0000000,0x00000000fc300000)
[17.078s][debug  ][gc,heap        ] GC(63)   from space 31232K, 98% used [0x00000000fc300000,0x00000000fe100030,0x00000000fe180000)
[17.078s][debug  ][gc,heap        ] GC(63)   to   space 31232K, 0% used [0x00000000fe180000,0x00000000fe180000,0x0000000100000000)
[17.078s][debug  ][gc,heap        ] GC(63)  ParOldGen       total 1835008K, used 1701477K [0x0000000080000000, 0x00000000f0000000, 0x00000000f0000000)
[17.078s][debug  ][gc,heap        ] GC(63)   object space 1835008K, 92% used [0x0000000080000000,0x00000000e7d996e8,0x00000000f0000000)
[17.078s][debug  ][gc,heap        ] GC(63)  Metaspace       used 1021K, committed 1216K, reserved 1056768K
[17.078s][debug  ][gc,heap        ] GC(63)   class space    used 83K, committed 192K, reserved 1048576K
[17.078s][debug  ][gc,phases      ] GC(63) Pre Compact 0.201ms
[17.078s][info   ][gc,start       ] GC(63) Pause Full (Ergonomics)
[17.079s][info   ][gc,phases,start] GC(63) Marking Phase
[17.079s][debug  ][gc,phases,start] GC(63) Par Mark
[17.079s][debug  ][gc,phases      ] GC(63) Par Mark 0.530ms
[17.079s][debug  ][gc,phases,start] GC(63) Reference Processing
[17.079s][debug  ][gc,ref         ] GC(63) Skipped phase 1 of Reference Processing: no references
[17.079s][debug  ][gc,ref         ] GC(63) ReferenceProcessor::execute queues: 1, RefProcThreadModel::Single, marks_oops_alive: false
[17.079s][debug  ][gc,ref         ] GC(63) Skipped phase 3 of Reference Processing: no references
[17.079s][debug  ][gc,ref         ] GC(63) ReferenceProcessor::execute queues: 1, RefProcThreadModel::Single, marks_oops_alive: false
[17.079s][debug  ][gc,phases,ref  ] GC(63) Reference Processing: 0.1ms
[17.079s][debug  ][gc,phases,ref  ] GC(63)   Reconsider SoftReferences: 0.0ms
[17.079s][debug  ][gc,phases,ref  ] GC(63)     SoftRef (ms):                  skipped
[17.079s][debug  ][gc,phases,ref  ] GC(63)   Notify Soft/WeakReferences: 0.0ms
[17.079s][debug  ][gc,phases,ref  ] GC(63)     SoftRef (ms):                  Min:  0.0, Avg:  0.0, Max:  0.0, Diff:  0.0, Sum:  0.0, Workers: 10
[17.079s][debug  ][gc,phases,ref  ] GC(63)     WeakRef (ms):                  Min:  0.0, Avg:  0.0, Max:  0.0, Diff:  0.0, Sum:  0.0, Workers: 10
[17.079s][debug  ][gc,phases,ref  ] GC(63)     FinalRef (ms):                 Min:  0.0, Avg:  0.0, Max:  0.0, Diff:  0.0, Sum:  0.0, Workers: 10
[17.079s][debug  ][gc,phases,ref  ] GC(63)     Total (ms):                    Min:  0.0, Avg:  0.0, Max:  0.0, Diff:  0.0, Sum:  0.0, Workers: 10
[17.079s][debug  ][gc,phases,ref  ] GC(63)   Notify and keep alive finalizable: 0.0ms
[17.079s][debug  ][gc,phases,ref  ] GC(63)     FinalRef (ms):                 skipped
[17.079s][debug  ][gc,phases,ref  ] GC(63)   Notify PhantomReferences: 0.0ms
[17.079s][debug  ][gc,phases,ref  ] GC(63)     PhantomRef (ms):               Min:  0.0, Avg:  0.0, Max:  0.0, Diff:  0.0, Sum:  0.0, Workers: 10
[17.080s][debug  ][gc,phases,ref  ] GC(63)   SoftReference:
[17.080s][debug  ][gc,phases,ref  ] GC(63)     Discovered: 0
[17.080s][debug  ][gc,phases,ref  ] GC(63)     Cleared: 0
[17.080s][debug  ][gc,phases,ref  ] GC(63)   WeakReference:
[17.080s][debug  ][gc,phases,ref  ] GC(63)     Discovered: 72
[17.080s][debug  ][gc,phases,ref  ] GC(63)     Cleared: 72
[17.080s][debug  ][gc,phases,ref  ] GC(63)   FinalReference:
[17.080s][debug  ][gc,phases,ref  ] GC(63)     Discovered: 0
[17.080s][debug  ][gc,phases,ref  ] GC(63)     Cleared: 0
[17.080s][debug  ][gc,phases,ref  ] GC(63)   PhantomReference:
[17.080s][debug  ][gc,phases,ref  ] GC(63)     Discovered: 3
[17.080s][debug  ][gc,phases,ref  ] GC(63)     Cleared: 3
[17.080s][debug  ][gc,phases      ] GC(63) Reference Processing 0.631ms
[17.080s][debug  ][gc,phases,start] GC(63) Weak Processing
[17.080s][debug  ][gc,phases      ] GC(63)   VM Weak                        Min:  0.0, Avg:  0.0, Max:  0.0, Diff:  0.0, Sum:  0.0, Workers: 6
[17.080s][debug  ][gc,phases      ] GC(63)     Dead                           Min: 0, Avg:  0.0, Max: 0, Diff: 0, Sum: 0, Workers: 6
[17.080s][debug  ][gc,phases      ] GC(63)     Total                          Min: 0, Avg:  1.3, Max: 8, Diff: 8, Sum: 8, Workers: 6
[17.080s][debug  ][gc,phases      ] GC(63)   ObjectSynchronizer Weak        Min:  0.0, Avg:  0.0, Max:  0.0, Diff:  0.0, Sum:  0.0, Workers: 6
[17.080s][debug  ][gc,phases      ] GC(63)     Dead                           Min: 0, Avg:  0.0, Max: 0, Diff: 0, Sum: 0, Workers: 6
[17.080s][debug  ][gc,phases      ] GC(63)     Total                          Min: 0, Avg:  0.5, Max: 3, Diff: 3, Sum: 3, Workers: 6
[17.080s][debug  ][gc,phases      ] GC(63)   JVMTI Tag Weak OopStorage      Min:  0.0, Avg:  0.0, Max:  0.0, Diff:  0.0, Sum:  0.0, Workers: 6
[17.080s][debug  ][gc,phases      ] GC(63)     Dead                           Min: 0, Avg:  0.0, Max: 0, Diff: 0, Sum: 0, Workers: 6
[17.080s][debug  ][gc,phases      ] GC(63)     Total                          Min: 0, Avg:  0.0, Max: 0, Diff: 0, Sum: 0, Workers: 6
[17.080s][debug  ][gc,phases      ] GC(63)   StringTable Weak               Min:  0.0, Avg:  0.0, Max:  0.0, Diff:  0.0, Sum:  0.0, Workers: 6
[17.080s][debug  ][gc,phases      ] GC(63)     Dead                           Min: 0, Avg:  0.0, Max: 0, Diff: 0, Sum: 0, Workers: 6
[17.080s][debug  ][gc,phases      ] GC(63)     Total                          Min: 640, Avg: 892.8, Max: 1280, Diff: 640, Sum: 5357, Workers: 6
[17.080s][debug  ][gc,phases      ] GC(63)   ResolvedMethodTable Weak       Min:  0.0, Avg:  0.0, Max:  0.0, Diff:  0.0, Sum:  0.0, Workers: 6
[17.080s][debug  ][gc,phases      ] GC(63)     Dead                           Min: 0, Avg:  0.0, Max: 0, Diff: 0, Sum: 0, Workers: 6
[17.080s][debug  ][gc,phases      ] GC(63)     Total                          Min: 0, Avg: 21.7, Max: 64, Diff: 64, Sum: 130, Workers: 6
[17.080s][debug  ][gc,phases      ] GC(63)   JNI Weak                       Min:  0.0, Avg:  0.0, Max:  0.0, Diff:  0.0, Sum:  0.0, Workers: 6
[17.080s][debug  ][gc,phases      ] GC(63)     Dead                           Min: 0, Avg:  0.0, Max: 0, Diff: 0, Sum: 0, Workers: 6
[17.080s][debug  ][gc,phases      ] GC(63)     Total                          Min: 0, Avg:  0.0, Max: 0, Diff: 0, Sum: 0, Workers: 6
[17.080s][debug  ][gc,phases      ] GC(63)   StringDedup Table Weak         Min:  0.0, Avg:  0.0, Max:  0.0, Diff:  0.0, Sum:  0.0, Workers: 6
[17.080s][debug  ][gc,phases      ] GC(63)     Dead                           Min: 0, Avg:  0.0, Max: 0, Diff: 0, Sum: 0, Workers: 6
[17.080s][debug  ][gc,phases      ] GC(63)     Total                          Min: 0, Avg:  0.0, Max: 0, Diff: 0, Sum: 0, Workers: 6
[17.080s][debug  ][gc,phases      ] GC(63)   StringDedup Requests0 Weak     Min:  0.0, Avg:  0.0, Max:  0.0, Diff:  0.0, Sum:  0.0, Workers: 6
[17.080s][debug  ][gc,phases      ] GC(63)     Dead                           Min: 0, Avg:  0.0, Max: 0, Diff: 0, Sum: 0, Workers: 6
[17.080s][debug  ][gc,phases      ] GC(63)     Total                          Min: 0, Avg:  0.0, Max: 0, Diff: 0, Sum: 0, Workers: 6
[17.080s][debug  ][gc,phases      ] GC(63)   StringDedup Requests1 Weak     Min:  0.0, Avg:  0.0, Max:  0.0, Diff:  0.0, Sum:  0.0, Workers: 6
[17.080s][debug  ][gc,phases      ] GC(63)     Dead                           Min: 0, Avg:  0.0, Max: 0, Diff: 0, Sum: 0, Workers: 6
[17.080s][debug  ][gc,phases      ] GC(63)     Total                          Min: 0, Avg:  0.0, Max: 0, Diff: 0, Sum: 0, Workers: 6
[17.080s][debug  ][gc,phases      ] GC(63)   Weak JFR Old Object Samples    Min:  0.0, Avg:  0.0, Max:  0.0, Diff:  0.0, Sum:  0.0, Workers: 6
[17.080s][debug  ][gc,phases      ] GC(63)     Dead                           Min: 0, Avg:  0.0, Max: 0, Diff: 0, Sum: 0, Workers: 6
[17.080s][debug  ][gc,phases      ] GC(63)     Total                          Min: 0, Avg:  0.0, Max: 0, Diff: 0, Sum: 0, Workers: 6
[17.080s][debug  ][gc,phases      ] GC(63) Weak Processing 0.653ms
[17.080s][debug  ][gc,phases,start] GC(63) Class Unloading
[17.080s][debug  ][gc,phases,start] GC(63) ClassLoaderData
[17.080s][debug  ][gc,phases      ] GC(63) ClassLoaderData 0.019ms
[17.080s][debug  ][gc,phases,start] GC(63) Trigger cleanups
[17.080s][debug  ][gc,phases      ] GC(63) Trigger cleanups 0.019ms
[17.081s][debug  ][gc,phases      ] GC(63) Class Unloading 0.247ms
[17.081s][info   ][gc,phases      ] GC(63) Marking Phase 2.175ms
[17.081s][info   ][gc,phases,start] GC(63) Summary Phase
[17.081s][info   ][gc,phases      ] GC(63) Summary Phase 0.038ms
[17.081s][info   ][gc,phases,start] GC(63) Adjust Roots
[17.081s][info   ][gc,phases      ] GC(63) Adjust Roots 0.151ms
[17.081s][info   ][gc,phases,start] GC(63) Compaction Phase
[17.164s][info   ][gc,phases      ] GC(63) Compaction Phase 82.922ms
[17.164s][info   ][gc,phases,start] GC(63) Post Compact
[17.170s][info   ][gc,phases      ] GC(63) Post Compact 6.129ms
[17.170s][debug  ][gc,ergo        ] GC(63) AdaptiveSizeStart: collection: 64 
[17.170s][debug  ][gc,ergo        ] GC(63) PSAdaptiveSizePolicy::compute_eden_space_size limits: desired_eden_size: 226531727 old_eden_size: 204472320 eden_limit: 204472320 cur_eden: 204472320 max_eden_size: 204472320 avg_young_live: 24818426
[17.170s][debug  ][gc,ergo        ] GC(63) PSAdaptiveSizePolicy::compute_eden_space_size: costs minor_time: 0.049706 major_cost: 0.047166 mutator_cost: 0.903128 throughput_goal: 0.990000
[17.170s][debug  ][gc,ergo        ] GC(63) Live_space: 931069056 free_space: 1317011456
[17.170s][debug  ][gc,ergo        ] GC(63) Old eden_size: 204472320 desired_eden_size: 204472320
[17.170s][debug  ][gc,ergo        ] GC(63) PSAdaptiveSizePolicy::compute_old_gen_free_space limits: desired_promo_size: 1231750616 promo_limit: 1227252352 free_in_old_gen: 1227252352 max_old_gen_size: 1879048192 avg_old_live: 651795840
[17.170s][debug  ][gc,ergo        ] GC(63) PSAdaptiveSizePolicy::compute_old_gen_free_space: costs minor_time: 0.049706 major_cost: 0.047166  mutator_cost: 0.903128 throughput_goal: 0.990000
[17.170s][debug  ][gc,ergo        ] GC(63) Live_space: 945049728 free_space: 1317011456
[17.170s][debug  ][gc,ergo        ] GC(63) Old promo_size: 1112539136 desired_promo_size: 1226833920
[17.170s][debug  ][gc,ergo        ] GC(63) AdaptiveSizeStop: collection: 64 
[17.171s][info   ][gc,heap        ] GC(63) PSYoungGen: 30720K(230912K)->0K(230912K) Eden: 0K(199680K)->0K(199680K) From: 30720K(31232K)->0K(31232K)
[17.171s][info   ][gc,heap        ] GC(63) ParOldGen: 1701477K(1835008K)->759396K(1835008K)
[17.171s][info   ][gc,metaspace   ] GC(63) Metaspace: 1021K(1216K)->1021K(1216K) NonClass: 937K(1024K)->937K(1024K) Class: 83K(192K)->83K(192K)
[17.171s][info   ][gc             ] GC(63) Pause Full (Ergonomics) 1691M->741M(2017M) 92.120ms
[17.171s][info   ][gc,cpu         ] GC(63) User=0.75s Sys=0.00s Real=0.09s
[17.171s][debug  ][gc,heap        ] GC(63) Heap after GC invocations=64 (full 11):
[17.171s][debug  ][gc,heap        ] GC(63)  PSYoungGen      total 230912K, used 0K [0x00000000f0000000, 0x0000000100000000, 0x0000000100000000)
[17.171s][debug  ][gc,heap        ] GC(63)   eden space 199680K, 0% used [0x00000000f0000000,0x00000000f0000000,0x00000000fc300000)
[17.171s][debug  ][gc,heap        ] GC(63)   from space 31232K, 0% used [0x00000000fe180000,0x00000000fe180000,0x0000000100000000)
[17.171s][debug  ][gc,heap        ] GC(63)   to   space 31232K, 0% used [0x00000000fc300000,0x00000000fc300000,0x00000000fe180000)
[17.171s][debug  ][gc,heap        ] GC(63)  ParOldGen       total 1835008K, used 759396K [0x0000000080000000, 0x00000000f0000000, 0x00000000f0000000)
[17.171s][debug  ][gc,heap        ] GC(63)   object space 1835008K, 41% used [0x0000000080000000,0x00000000ae599128,0x00000000f0000000)
[17.171s][debug  ][gc,heap        ] GC(63)  Metaspace       used 1021K, committed 1216K, reserved 1056768K
[17.171s][debug  ][gc,heap        ] GC(63)   class space    used 83K, committed 192K, reserved 1048576K
[17.171s][debug  ][gc,task,time   ] GC(63) VM-Thread 170785116 170809516 171706602
[17.472s][debug  ][gc,heap        ] GC(64) Heap before GC invocations=65 (full 11):
[17.472s][debug  ][gc,heap        ] GC(64)  PSYoungGen      total 230912K, used 198461K [0x00000000f0000000, 0x0000000100000000, 0x0000000100000000)
[17.472s][debug  ][gc,heap        ] GC(64)   eden space 199680K, 99% used [0x00000000f0000000,0x00000000fc1cf550,0x00000000fc300000)
[17.472s][debug  ][gc,heap        ] GC(64)   from space 31232K, 0% used [0x00000000fe180000,0x00000000fe180000,0x0000000100000000)
[17.473s][debug  ][gc,heap        ] GC(64)   to   space 31232K, 0% used [0x00000000fc300000,0x00000000fc300000,0x00000000fe180000)
[17.473s][debug  ][gc,heap        ] GC(64)  ParOldGen       total 1835008K, used 759396K [0x0000000080000000, 0x00000000f0000000, 0x00000000f0000000)
[17.473s][debug  ][gc,heap        ] GC(64)   object space 1835008K, 41% used [0x0000000080000000,0x00000000ae599128,0x00000000f0000000)
[17.473s][debug  ][gc,heap        ] GC(64)  Metaspace       used 1021K, committed 1216K, reserved 1056768K
[17.473s][debug  ][gc,heap        ] GC(64)   class space    used 83K, committed 192K, reserved 1048576K
[17.473s][debug  ][gc,tlab        ] GC(64) TLAB totals: thrds: 1  refills: 1 max: 1 slow allocs: 18 max 18 waste: 27.6% gc: 3994656B max: 3994656B slow: 0B max: 0B
[17.473s][info   ][gc,start       ] GC(64) Pause Young (Allocation Failure)
[17.473s][debug  ][gc,phases,start] GC(64) Scavenge
[17.486s][debug  ][gc,phases      ] GC(64) Scavenge 13.108ms
[17.486s][debug  ][gc,phases,start] GC(64) Reference Processing
[17.486s][debug  ][gc,ref         ] GC(64) Skipped phase 1 of Reference Processing: no references
[17.486s][debug  ][gc,ref         ] GC(64) Skipped phase 2 of Reference Processing: no references
[17.486s][debug  ][gc,ref         ] GC(64) Skipped phase 3 of Reference Processing: no references
[17.486s][debug  ][gc,ref         ] GC(64) Skipped phase 4 of Reference Processing: no references
[17.486s][debug  ][gc,phases,ref  ] GC(64) Reference Processing: 0.1ms
[17.486s][debug  ][gc,phases,ref  ] GC(64)   Reconsider SoftReferences: 0.0ms
[17.486s][debug  ][gc,phases,ref  ] GC(64)     SoftRef (ms):                  skipped
[17.486s][debug  ][gc,phases,ref  ] GC(64)   Notify Soft/WeakReferences: 0.0ms
[17.486s][debug  ][gc,phases,ref  ] GC(64)     SoftRef (ms):                  skipped
[17.486s][debug  ][gc,phases,ref  ] GC(64)     WeakRef (ms):                  skipped
[17.486s][debug  ][gc,phases,ref  ] GC(64)     FinalRef (ms):                 skipped
[17.486s][debug  ][gc,phases,ref  ] GC(64)     Total (ms):                    skipped
[17.486s][debug  ][gc,phases,ref  ] GC(64)   Notify and keep alive finalizable: 0.0ms
[17.486s][debug  ][gc,phases,ref  ] GC(64)     FinalRef (ms):                 skipped
[17.486s][debug  ][gc,phases,ref  ] GC(64)   Notify PhantomReferences: 0.0ms
[17.486s][debug  ][gc,phases,ref  ] GC(64)     PhantomRef (ms):               skipped
[17.486s][debug  ][gc,phases,ref  ] GC(64)   SoftReference:
[17.486s][debug  ][gc,phases,ref  ] GC(64)     Discovered: 0
[17.486s][debug  ][gc,phases,ref  ] GC(64)     Cleared: 0
[17.486s][debug  ][gc,phases,ref  ] GC(64)   WeakReference:
[17.486s][debug  ][gc,phases,ref  ] GC(64)     Discovered: 0
[17.486s][debug  ][gc,phases,ref  ] GC(64)     Cleared: 0
[17.486s][debug  ][gc,phases,ref  ] GC(64)   FinalReference:
[17.486s][debug  ][gc,phases,ref  ] GC(64)     Discovered: 0
[17.486s][debug  ][gc,phases,ref  ] GC(64)     Cleared: 0
[17.486s][debug  ][gc,phases,ref  ] GC(64)   PhantomReference:
[17.486s][debug  ][gc,phases,ref  ] GC(64)     Discovered: 0
[17.486s][debug  ][gc,phases,ref  ] GC(64)     Cleared: 0
[17.487s][debug  ][gc,phases      ] GC(64) Reference Processing 0.571ms
[17.487s][debug  ][gc,phases,start] GC(64) Weak Processing
[17.487s][debug  ][gc,phases      ] GC(64)   VM Weak                        Min:  0.0, Avg:  0.0, Max:  0.0, Diff:  0.0, Sum:  0.0, Workers: 6
[17.487s][debug  ][gc,phases      ] GC(64)     Dead                           Min: 0, Avg:  0.0, Max: 0, Diff: 0, Sum: 0, Workers: 6
[17.487s][debug  ][gc,phases      ] GC(64)     Total                          Min: 0, Avg:  1.3, Max: 8, Diff: 8, Sum: 8, Workers: 6
[17.487s][debug  ][gc,phases      ] GC(64)   ObjectSynchronizer Weak        Min:  0.0, Avg:  0.0, Max:  0.0, Diff:  0.0, Sum:  0.0, Workers: 6
[17.487s][debug  ][gc,phases      ] GC(64)     Dead                           Min: 0, Avg:  0.0, Max: 0, Diff: 0, Sum: 0, Workers: 6
[17.487s][debug  ][gc,phases      ] GC(64)     Total                          Min: 0, Avg:  0.5, Max: 3, Diff: 3, Sum: 3, Workers: 6
[17.487s][debug  ][gc,phases      ] GC(64)   JVMTI Tag Weak OopStorage      Min:  0.0, Avg:  0.0, Max:  0.0, Diff:  0.0, Sum:  0.0, Workers: 6
[17.487s][debug  ][gc,phases      ] GC(64)     Dead                           Min: 0, Avg:  0.0, Max: 0, Diff: 0, Sum: 0, Workers: 6
[17.487s][debug  ][gc,phases      ] GC(64)     Total                          Min: 0, Avg:  0.0, Max: 0, Diff: 0, Sum: 0, Workers: 6
[17.487s][debug  ][gc,phases      ] GC(64)   StringTable Weak               Min:  0.0, Avg:  0.0, Max:  0.0, Diff:  0.0, Sum:  0.0, Workers: 6
[17.487s][debug  ][gc,phases      ] GC(64)     Dead                           Min: 0, Avg:  0.0, Max: 0, Diff: 0, Sum: 0, Workers: 6
[17.487s][debug  ][gc,phases      ] GC(64)     Total                          Min: 686, Avg: 892.8, Max: 1216, Diff: 530, Sum: 5357, Workers: 6
[17.487s][debug  ][gc,phases      ] GC(64)   ResolvedMethodTable Weak       Min:  0.0, Avg:  0.0, Max:  0.0, Diff:  0.0, Sum:  0.0, Workers: 6
[17.487s][debug  ][gc,phases      ] GC(64)     Dead                           Min: 0, Avg:  0.0, Max: 0, Diff: 0, Sum: 0, Workers: 6
[17.487s][debug  ][gc,phases      ] GC(64)     Total                          Min: 0, Avg: 21.7, Max: 64, Diff: 64, Sum: 130, Workers: 6
[17.487s][debug  ][gc,phases      ] GC(64)   JNI Weak                       Min:  0.0, Avg:  0.0, Max:  0.0, Diff:  0.0, Sum:  0.0, Workers: 6
[17.487s][debug  ][gc,phases      ] GC(64)     Dead                           Min: 0, Avg:  0.0, Max: 0, Diff: 0, Sum: 0, Workers: 6
[17.487s][debug  ][gc,phases      ] GC(64)     Total                          Min: 0, Avg:  0.0, Max: 0, Diff: 0, Sum: 0, Workers: 6
[17.487s][debug  ][gc,phases      ] GC(64)   StringDedup Table Weak         Min:  0.0, Avg:  0.0, Max:  0.0, Diff:  0.0, Sum:  0.0, Workers: 6
[17.487s][debug  ][gc,phases      ] GC(64)     Dead                           Min: 0, Avg:  0.0, Max: 0, Diff: 0, Sum: 0, Workers: 6
[17.487s][debug  ][gc,phases      ] GC(64)     Total                          Min: 0, Avg:  0.0, Max: 0, Diff: 0, Sum: 0, Workers: 6
[17.487s][debug  ][gc,phases      ] GC(64)   StringDedup Requests0 Weak     Min:  0.0, Avg:  0.0, Max:  0.0, Diff:  0.0, Sum:  0.0, Workers: 6
[17.487s][debug  ][gc,phases      ] GC(64)     Dead                           Min: 0, Avg:  0.0, Max: 0, Diff: 0, Sum: 0, Workers: 6
[17.487s][debug  ][gc,phases      ] GC(64)     Total                          Min: 0, Avg:  0.0, Max: 0, Diff: 0, Sum: 0, Workers: 6
[17.487s][debug  ][gc,phases      ] GC(64)   StringDedup Requests1 Weak     Min:  0.0, Avg:  0.0, Max:  0.0, Diff:  0.0, Sum:  0.0, Workers: 6
[17.487s][debug  ][gc,phases      ] GC(64)     Dead                           Min: 0, Avg:  0.0, Max: 0, Diff: 0, Sum: 0, Workers: 6
[17.487s][debug  ][gc,phases      ] GC(64)     Total                          Min: 0, Avg:  0.0, Max: 0, Diff: 0, Sum: 0, Workers: 6
[17.487s][debug  ][gc,phases      ] GC(64)   Weak JFR Old Object Samples    Min:  0.0, Avg:  0.0, Max:  0.0, Diff:  0.0, Sum:  0.0, Workers: 6
[17.487s][debug  ][gc,phases      ] GC(64)     Dead                           Min: 0, Avg:  0.0, Max: 0, Diff: 0, Sum: 0, Workers: 6
[17.487s][debug  ][gc,phases      ] GC(64)     Total                          Min: 0, Avg:  0.0, Max: 0, Diff: 0, Sum: 0, Workers: 6
[17.487s][debug  ][gc,phases      ] GC(64) Weak Processing 0.734ms
[17.487s][debug  ][gc,ergo        ] GC(64) AdaptiveSizeStart:  collection: 65 
[17.487s][debug  ][gc,ergo        ] GC(64) avg_survived_padded_avg: 31604812.000000
[17.487s][debug  ][gc,ergo        ] GC(64) avg_promoted_padded_avg: 254546080.000000  avg_pretenured_padded_avg: 0.000000  tenuring_thresh: 1  target_size: 31981568
[17.487s][debug  ][gc,age         ] GC(64) Desired survivor size 31981568 bytes, new threshold 1 (max threshold 15)
[17.487s][debug  ][gc,ergo        ] GC(64) PSAdaptiveSizePolicy::compute_eden_space_size limits: desired_eden_size: 225732050 old_eden_size: 204472320 eden_limit: 204472320 cur_eden: 204472320 max_eden_size: 204472320 avg_young_live: 25482316
[17.487s][debug  ][gc,ergo        ] GC(64) PSAdaptiveSizePolicy::compute_eden_space_size: costs minor_time: 0.046141 major_cost: 0.047166 mutator_cost: 0.906693 throughput_goal: 0.990000
[17.487s][debug  ][gc,ergo        ] GC(64) Live_space: 945713600 free_space: 1431306240
[17.487s][debug  ][gc,ergo        ] GC(64) Old eden_size: 204472320 desired_eden_size: 204472320
[17.487s][debug  ][gc,ergo        ] GC(64) AdaptiveSizeStop: collection: 65 
[17.487s][info   ][gc,heap        ] GC(64) PSYoungGen: 198461K(230912K)->30720K(230912K) Eden: 198461K(199680K)->0K(199680K) From: 0K(31232K)->30720K(31232K)
[17.487s][info   ][gc,heap        ] GC(64) ParOldGen: 759396K(1835008K)->923236K(1835008K)
[17.488s][info   ][gc,metaspace   ] GC(64) Metaspace: 1021K(1216K)->1021K(1216K) NonClass: 937K(1024K)->937K(1024K) Class: 83K(192K)->83K(192K)
[17.488s][info   ][gc             ] GC(64) Pause Young (Allocation Failure) 935M->931M(2017M) 14.826ms
[17.488s][info   ][gc,cpu         ] GC(64) User=0.14s Sys=0.00s Real=0.01s
[17.488s][debug  ][gc,heap        ] GC(64) Heap after GC invocations=65 (full 11):
[17.488s][debug  ][gc,heap        ] GC(64)  PSYoungGen      total 230912K, used 30720K [0x00000000f0000000, 0x0000000100000000, 0x0000000100000000)
[17.488s][debug  ][gc,heap        ] GC(64)   eden space 199680K, 0% used [0x00000000f0000000,0x00000000f0000000,0x00000000fc300000)
[17.488s][debug  ][gc,heap        ] GC(64)   from space 31232K, 98% used [0x00000000fc300000,0x00000000fe100030,0x00000000fe180000)
[17.488s][debug  ][gc,heap        ] GC(64)   to   space 31232K, 0% used [0x00000000fe180000,0x00000000fe180000,0x0000000100000000)
[17.488s][debug  ][gc,heap        ] GC(64)  ParOldGen       total 1835008K, used 923236K [0x0000000080000000, 0x00000000f0000000, 0x00000000f0000000)
[17.488s][debug  ][gc,heap        ] GC(64)   object space 1835008K, 50% used [0x0000000080000000,0x00000000b8599228,0x00000000f0000000)
[17.488s][debug  ][gc,heap        ] GC(64)  Metaspace       used 1021K, committed 1216K, reserved 1056768K
[17.488s][debug  ][gc,heap        ] GC(64)   class space    used 83K, committed 192K, reserved 1048576K
[17.488s][debug  ][gc,task,time   ] GC(64) VM-Thread 174723369 174859289 174877824
[17.787s][debug  ][gc,heap        ] GC(65) Heap before GC invocations=66 (full 11):
[17.787s][debug  ][gc,heap        ] GC(65)  PSYoungGen      total 230912K, used 229114K [0x00000000f0000000, 0x0000000100000000, 0x0000000100000000)
[17.787s][debug  ][gc,heap        ] GC(65)   eden space 199680K, 99% used [0x00000000f0000000,0x00000000fc1be880,0x00000000fc300000)
[17.787s][debug  ][gc,heap        ] GC(65)   from space 31232K, 98% used [0x00000000fc300000,0x00000000fe100030,0x00000000fe180000)
[17.787s][debug  ][gc,heap        ] GC(65)   to   space 31232K, 0% used [0x00000000fe180000,0x00000000fe180000,0x0000000100000000)
[17.787s][debug  ][gc,heap        ] GC(65)  ParOldGen       total 1835008K, used 923236K [0x0000000080000000, 0x00000000f0000000, 0x00000000f0000000)
[17.787s][debug  ][gc,heap        ] GC(65)   object space 1835008K, 50% used [0x0000000080000000,0x00000000b8599228,0x00000000f0000000)
[17.787s][debug  ][gc,heap        ] GC(65)  Metaspace       used 1021K, committed 1216K, reserved 1056768K
[17.787s][debug  ][gc,heap        ] GC(65)   class space    used 83K, committed 192K, reserved 1048576K
[17.787s][debug  ][gc,tlab        ] GC(65) TLAB totals: thrds: 1  refills: 1 max: 1 slow allocs: 18 max 18 waste: 27.2% gc: 3924776B max: 3924776B slow: 0B max: 0B
[17.787s][info   ][gc,start       ] GC(65) Pause Young (Allocation Failure)
[17.787s][debug  ][gc,phases,start] GC(65) Scavenge
[17.796s][debug  ][gc,phases      ] GC(65) Scavenge 8.524ms
[17.796s][debug  ][gc,phases,start] GC(65) Reference Processing
[17.796s][debug  ][gc,ref         ] GC(65) Skipped phase 1 of Reference Processing: no references
[17.796s][debug  ][gc,ref         ] GC(65) Skipped phase 2 of Reference Processing: no references
[17.796s][debug  ][gc,ref         ] GC(65) Skipped phase 3 of Reference Processing: no references
[17.796s][debug  ][gc,ref         ] GC(65) Skipped phase 4 of Reference Processing: no references
[17.796s][debug  ][gc,phases,ref  ] GC(65) Reference Processing: 0.1ms
[17.796s][debug  ][gc,phases,ref  ] GC(65)   Reconsider SoftReferences: 0.0ms
[17.796s][debug  ][gc,phases,ref  ] GC(65)     SoftRef (ms):                  skipped
[17.796s][debug  ][gc,phases,ref  ] GC(65)   Notify Soft/WeakReferences: 0.0ms
[17.796s][debug  ][gc,phases,ref  ] GC(65)     SoftRef (ms):                  skipped
[17.796s][debug  ][gc,phases,ref  ] GC(65)     WeakRef (ms):                  skipped
[17.796s][debug  ][gc,phases,ref  ] GC(65)     FinalRef (ms):                 skipped
[17.796s][debug  ][gc,phases,ref  ] GC(65)     Total (ms):                    skipped
[17.796s][debug  ][gc,phases,ref  ] GC(65)   Notify and keep alive finalizable: 0.0ms
[17.796s][debug  ][gc,phases,ref  ] GC(65)     FinalRef (ms):                 skipped
[17.796s][debug  ][gc,phases,ref  ] GC(65)   Notify PhantomReferences: 0.0ms
[17.796s][debug  ][gc,phases,ref  ] GC(65)     PhantomRef (ms):               skipped
[17.796s][debug  ][gc,phases,ref  ] GC(65)   SoftReference:
[17.796s][debug  ][gc,phases,ref  ] GC(65)     Discovered: 0
[17.796s][debug  ][gc,phases,ref  ] GC(65)     Cleared: 0
[17.796s][debug  ][gc,phases,ref  ] GC(65)   WeakReference:
[17.796s][debug  ][gc,phases,ref  ] GC(65)     Discovered: 0
[17.796s][debug  ][gc,phases,ref  ] GC(65)     Cleared: 0
[17.796s][debug  ][gc,phases,ref  ] GC(65)   FinalReference:
[17.796s][debug  ][gc,phases,ref  ] GC(65)     Discovered: 0
[17.796s][debug  ][gc,phases,ref  ] GC(65)     Cleared: 0
[17.796s][debug  ][gc,phases,ref  ] GC(65)   PhantomReference:
[17.796s][debug  ][gc,phases,ref  ] GC(65)     Discovered: 0
[17.796s][debug  ][gc,phases,ref  ] GC(65)     Cleared: 0
[17.796s][debug  ][gc,phases      ] GC(65) Reference Processing 0.679ms
[17.796s][debug  ][gc,phases,start] GC(65) Weak Processing
[17.797s][debug  ][gc,phases      ] GC(65)   VM Weak                        Min:  0.0, Avg:  0.0, Max:  0.0, Diff:  0.0, Sum:  0.0, Workers: 6
[17.797s][debug  ][gc,phases      ] GC(65)     Dead                           Min: 0, Avg:  0.0, Max: 0, Diff: 0, Sum: 0, Workers: 6
[17.797s][debug  ][gc,phases      ] GC(65)     Total                          Min: 0, Avg:  1.3, Max: 8, Diff: 8, Sum: 8, Workers: 6
[17.797s][debug  ][gc,phases      ] GC(65)   ObjectSynchronizer Weak        Min:  0.0, Avg:  0.0, Max:  0.0, Diff:  0.0, Sum:  0.0, Workers: 6
[17.797s][debug  ][gc,phases      ] GC(65)     Dead                           Min: 0, Avg:  0.0, Max: 0, Diff: 0, Sum: 0, Workers: 6
[17.797s][debug  ][gc,phases      ] GC(65)     Total                          Min: 0, Avg:  0.5, Max: 3, Diff: 3, Sum: 3, Workers: 6
[17.797s][debug  ][gc,phases      ] GC(65)   JVMTI Tag Weak OopStorage      Min:  0.0, Avg:  0.0, Max:  0.0, Diff:  0.0, Sum:  0.0, Workers: 6
[17.797s][debug  ][gc,phases      ] GC(65)     Dead                           Min: 0, Avg:  0.0, Max: 0, Diff: 0, Sum: 0, Workers: 6
[17.797s][debug  ][gc,phases      ] GC(65)     Total                          Min: 0, Avg:  0.0, Max: 0, Diff: 0, Sum: 0, Workers: 6
[17.797s][debug  ][gc,phases      ] GC(65)   StringTable Weak               Min:  0.0, Avg:  0.0, Max:  0.0, Diff:  0.0, Sum:  0.0, Workers: 6
[17.797s][debug  ][gc,phases      ] GC(65)     Dead                           Min: 0, Avg:  0.0, Max: 0, Diff: 0, Sum: 0, Workers: 6
[17.797s][debug  ][gc,phases      ] GC(65)     Total                          Min: 767, Avg: 892.8, Max: 1088, Diff: 321, Sum: 5357, Workers: 6
[17.797s][debug  ][gc,phases      ] GC(65)   ResolvedMethodTable Weak       Min:  0.0, Avg:  0.0, Max:  0.0, Diff:  0.0, Sum:  0.0, Workers: 6
[17.797s][debug  ][gc,phases      ] GC(65)     Dead                           Min: 0, Avg:  0.0, Max: 0, Diff: 0, Sum: 0, Workers: 6
[17.797s][debug  ][gc,phases      ] GC(65)     Total                          Min: 0, Avg: 21.7, Max: 64, Diff: 64, Sum: 130, Workers: 6
[17.797s][debug  ][gc,phases      ] GC(65)   JNI Weak                       Min:  0.0, Avg:  0.0, Max:  0.0, Diff:  0.0, Sum:  0.0, Workers: 6
[17.797s][debug  ][gc,phases      ] GC(65)     Dead                           Min: 0, Avg:  0.0, Max: 0, Diff: 0, Sum: 0, Workers: 6
[17.797s][debug  ][gc,phases      ] GC(65)     Total                          Min: 0, Avg:  0.0, Max: 0, Diff: 0, Sum: 0, Workers: 6
[17.797s][debug  ][gc,phases      ] GC(65)   StringDedup Table Weak         Min:  0.0, Avg:  0.0, Max:  0.0, Diff:  0.0, Sum:  0.0, Workers: 6
[17.797s][debug  ][gc,phases      ] GC(65)     Dead                           Min: 0, Avg:  0.0, Max: 0, Diff: 0, Sum: 0, Workers: 6
[17.797s][debug  ][gc,phases      ] GC(65)     Total                          Min: 0, Avg:  0.0, Max: 0, Diff: 0, Sum: 0, Workers: 6
[17.797s][debug  ][gc,phases      ] GC(65)   StringDedup Requests0 Weak     Min:  0.0, Avg:  0.0, Max:  0.0, Diff:  0.0, Sum:  0.0, Workers: 6
[17.797s][debug  ][gc,phases      ] GC(65)     Dead                           Min: 0, Avg:  0.0, Max: 0, Diff: 0, Sum: 0, Workers: 6
[17.797s][debug  ][gc,phases      ] GC(65)     Total                          Min: 0, Avg:  0.0, Max: 0, Diff: 0, Sum: 0, Workers: 6
[17.797s][debug  ][gc,phases      ] GC(65)   StringDedup Requests1 Weak     Min:  0.0, Avg:  0.0, Max:  0.0, Diff:  0.0, Sum:  0.0, Workers: 6
[17.797s][debug  ][gc,phases      ] GC(65)     Dead                           Min: 0, Avg:  0.0, Max: 0, Diff: 0, Sum: 0, Workers: 6
[17.797s][debug  ][gc,phases      ] GC(65)     Total                          Min: 0, Avg:  0.0, Max: 0, Diff: 0, Sum: 0, Workers: 6
[17.797s][debug  ][gc,phases      ] GC(65)   Weak JFR Old Object Samples    Min:  0.0, Avg:  0.0, Max:  0.0, Diff:  0.0, Sum:  0.0, Workers: 6
[17.797s][debug  ][gc,phases      ] GC(65)     Dead                           Min: 0, Avg:  0.0, Max: 0, Diff: 0, Sum: 0, Workers: 6
[17.797s][debug  ][gc,phases      ] GC(65)     Total                          Min: 0, Avg:  0.0, Max: 0, Diff: 0, Sum: 0, Workers: 6
[17.797s][debug  ][gc,phases      ] GC(65) Weak Processing 0.791ms
[17.797s][debug  ][gc,ergo        ] GC(65) AdaptiveSizeStart:  collection: 66 
[17.797s][debug  ][gc,ergo        ] GC(65) avg_survived_padded_avg: 31592620.000000
[17.797s][debug  ][gc,ergo        ] GC(65) avg_promoted_padded_avg: 260358560.000000  avg_pretenured_padded_avg: 0.000000  tenuring_thresh: 2  target_size: 31981568
[17.797s][debug  ][gc,age         ] GC(65) Desired survivor size 31981568 bytes, new threshold 2 (max threshold 15)
[17.797s][debug  ][gc,ergo        ] GC(65) PSAdaptiveSizePolicy::compute_eden_space_size limits: desired_eden_size: 224916965 old_eden_size: 204472320 eden_limit: 204472320 cur_eden: 204472320 max_eden_size: 204472320 avg_young_live: 26079818
[17.797s][debug  ][gc,ergo        ] GC(65) PSAdaptiveSizePolicy::compute_eden_space_size: costs minor_time: 0.042768 major_cost: 0.047166 mutator_cost: 0.910066 throughput_goal: 0.990000
[17.797s][debug  ][gc,ergo        ] GC(65) Live_space: 946311104 free_space: 1431306240
[17.797s][debug  ][gc,ergo        ] GC(65) Old eden_size: 204472320 desired_eden_size: 204472320
[17.797s][debug  ][gc,ergo        ] GC(65) AdaptiveSizeStop: collection: 66 
[17.798s][info   ][gc,heap        ] GC(65) PSYoungGen: 229114K(230912K)->30720K(230912K) Eden: 198394K(199680K)->0K(199680K) From: 30720K(31232K)->30720K(31232K)
[17.798s][info   ][gc,heap        ] GC(65) ParOldGen: 923236K(1835008K)->1015396K(1835008K)
[17.798s][info   ][gc,metaspace   ] GC(65) Metaspace: 1021K(1216K)->1021K(1216K) NonClass: 937K(1024K)->937K(1024K) Class: 83K(192K)->83K(192K)
[17.798s][info   ][gc             ] GC(65) Pause Young (Allocation Failure) 1125M->1021M(2017M) 10.480ms
[17.798s][info   ][gc,cpu         ] GC(65) User=0.16s Sys=0.00s Real=0.01s
[17.798s][debug  ][gc,heap        ] GC(65) Heap after GC invocations=66 (full 11):
[17.798s][debug  ][gc,heap        ] GC(65)  PSYoungGen      total 230912K, used 30720K [0x00000000f0000000, 0x0000000100000000, 0x0000000100000000)
[17.798s][debug  ][gc,heap        ] GC(65)   eden space 199680K, 0% used [0x00000000f0000000,0x00000000f0000000,0x00000000fc300000)
[17.798s][debug  ][gc,heap        ] GC(65)   from space 31232K, 98% used [0x00000000fe180000,0x00000000fff80030,0x0000000100000000)
[17.798s][debug  ][gc,heap        ] GC(65)   to   space 31232K, 0% used [0x00000000fc300000,0x00000000fc300000,0x00000000fe180000)
[17.798s][debug  ][gc,heap        ] GC(65)  ParOldGen       total 1835008K, used 1015396K [0x0000000080000000, 0x00000000f0000000, 0x00000000f0000000)
[17.798s][debug  ][gc,heap        ] GC(65)   object space 1835008K, 55% used [0x0000000080000000,0x00000000bdf992b8,0x00000000f0000000)
[17.798s][debug  ][gc,heap        ] GC(65)  Metaspace       used 1021K, committed 1216K, reserved 1056768K
[17.798s][debug  ][gc,heap        ] GC(65)   class space    used 83K, committed 192K, reserved 1048576K
[17.798s][debug  ][gc,task,time   ] GC(65) VM-Thread 177867573 177957736 177978943
[18.102s][debug  ][gc,heap        ] GC(66) Heap before GC invocations=67 (full 11):
[18.103s][debug  ][gc,heap        ] GC(66)  PSYoungGen      total 230912K, used 229143K [0x00000000f0000000, 0x0000000100000000, 0x0000000100000000)
[18.103s][debug  ][gc,heap        ] GC(66)   eden space 199680K, 99% used [0x00000000f0000000,0x00000000fc1c5c28,0x00000000fc300000)
[18.103s][debug  ][gc,heap        ] GC(66)   from space 31232K, 98% used [0x00000000fe180000,0x00000000fff80030,0x0000000100000000)
[18.103s][debug  ][gc,heap        ] GC(66)   to   space 31232K, 0% used [0x00000000fc300000,0x00000000fc300000,0x00000000fe180000)
[18.103s][debug  ][gc,heap        ] GC(66)  ParOldGen       total 1835008K, used 1015396K [0x0000000080000000, 0x00000000f0000000, 0x00000000f0000000)
[18.103s][debug  ][gc,heap        ] GC(66)   object space 1835008K, 55% used [0x0000000080000000,0x00000000bdf992b8,0x00000000f0000000)
[18.103s][debug  ][gc,heap        ] GC(66)  Metaspace       used 1021K, committed 1216K, reserved 1056768K
[18.103s][debug  ][gc,heap        ] GC(66)   class space    used 83K, committed 192K, reserved 1048576K
[18.103s][debug  ][gc,tlab        ] GC(66) TLAB totals: thrds: 1  refills: 1 max: 1 slow allocs: 18 max 18 waste: 27.4% gc: 3955448B max: 3955448B slow: 0B max: 0B
[18.103s][info   ][gc,start       ] GC(66) Pause Young (Allocation Failure)
[18.103s][debug  ][gc,phases,start] GC(66) Scavenge
[18.119s][debug  ][gc,phases      ] GC(66) Scavenge 15.787ms
[18.119s][debug  ][gc,phases,start] GC(66) Reference Processing
[18.119s][debug  ][gc,ref         ] GC(66) Skipped phase 1 of Reference Processing: no references
[18.119s][debug  ][gc,ref         ] GC(66) Skipped phase 2 of Reference Processing: no references
[18.119s][debug  ][gc,ref         ] GC(66) Skipped phase 3 of Reference Processing: no references
[18.119s][debug  ][gc,ref         ] GC(66) Skipped phase 4 of Reference Processing: no references
[18.119s][debug  ][gc,phases,ref  ] GC(66) Reference Processing: 0.1ms
[18.119s][debug  ][gc,phases,ref  ] GC(66)   Reconsider SoftReferences: 0.0ms
[18.119s][debug  ][gc,phases,ref  ] GC(66)     SoftRef (ms):                  skipped
[18.119s][debug  ][gc,phases,ref  ] GC(66)   Notify Soft/WeakReferences: 0.0ms
[18.119s][debug  ][gc,phases,ref  ] GC(66)     SoftRef (ms):                  skipped
[18.119s][debug  ][gc,phases,ref  ] GC(66)     WeakRef (ms):                  skipped
[18.119s][debug  ][gc,phases,ref  ] GC(66)     FinalRef (ms):                 skipped
[18.119s][debug  ][gc,phases,ref  ] GC(66)     Total (ms):                    skipped
[18.119s][debug  ][gc,phases,ref  ] GC(66)   Notify and keep alive finalizable: 0.0ms
[18.119s][debug  ][gc,phases,ref  ] GC(66)     FinalRef (ms):                 skipped
[18.119s][debug  ][gc,phases,ref  ] GC(66)   Notify PhantomReferences: 0.0ms
[18.119s][debug  ][gc,phases,ref  ] GC(66)     PhantomRef (ms):               skipped
[18.119s][debug  ][gc,phases,ref  ] GC(66)   SoftReference:
[18.119s][debug  ][gc,phases,ref  ] GC(66)     Discovered: 0
[18.119s][debug  ][gc,phases,ref  ] GC(66)     Cleared: 0
[18.119s][debug  ][gc,phases,ref  ] GC(66)   WeakReference:
[18.119s][debug  ][gc,phases,ref  ] GC(66)     Discovered: 0
[18.119s][debug  ][gc,phases,ref  ] GC(66)     Cleared: 0
[18.119s][debug  ][gc,phases,ref  ] GC(66)   FinalReference:
[18.119s][debug  ][gc,phases,ref  ] GC(66)     Discovered: 0
[18.119s][debug  ][gc,phases,ref  ] GC(66)     Cleared: 0
[18.119s][debug  ][gc,phases,ref  ] GC(66)   PhantomReference:
[18.119s][debug  ][gc,phases,ref  ] GC(66)     Discovered: 0
[18.119s][debug  ][gc,phases,ref  ] GC(66)     Cleared: 0
[18.119s][debug  ][gc,phases      ] GC(66) Reference Processing 0.650ms
[18.119s][debug  ][gc,phases,start] GC(66) Weak Processing
[18.119s][debug  ][gc,phases      ] GC(66)   VM Weak                        Min:  0.0, Avg:  0.0, Max:  0.0, Diff:  0.0, Sum:  0.0, Workers: 6
[18.120s][debug  ][gc,phases      ] GC(66)     Dead                           Min: 0, Avg:  0.0, Max: 0, Diff: 0, Sum: 0, Workers: 6
[18.120s][debug  ][gc,phases      ] GC(66)     Total                          Min: 0, Avg:  1.3, Max: 8, Diff: 8, Sum: 8, Workers: 6
[18.120s][debug  ][gc,phases      ] GC(66)   ObjectSynchronizer Weak        Min:  0.0, Avg:  0.0, Max:  0.0, Diff:  0.0, Sum:  0.0, Workers: 6
[18.120s][debug  ][gc,phases      ] GC(66)     Dead                           Min: 0, Avg:  0.0, Max: 0, Diff: 0, Sum: 0, Workers: 6
[18.120s][debug  ][gc,phases      ] GC(66)     Total                          Min: 0, Avg:  0.5, Max: 3, Diff: 3, Sum: 3, Workers: 6
[18.120s][debug  ][gc,phases      ] GC(66)   JVMTI Tag Weak OopStorage      Min:  0.0, Avg:  0.0, Max:  0.0, Diff:  0.0, Sum:  0.0, Workers: 6
[18.120s][debug  ][gc,phases      ] GC(66)     Dead                           Min: 0, Avg:  0.0, Max: 0, Diff: 0, Sum: 0, Workers: 6
[18.120s][debug  ][gc,phases      ] GC(66)     Total                          Min: 0, Avg:  0.0, Max: 0, Diff: 0, Sum: 0, Workers: 6
[18.120s][debug  ][gc,phases      ] GC(66)   StringTable Weak               Min:  0.0, Avg:  0.0, Max:  0.0, Diff:  0.0, Sum:  0.0, Workers: 6
[18.120s][debug  ][gc,phases      ] GC(66)     Dead                           Min: 0, Avg:  0.0, Max: 0, Diff: 0, Sum: 0, Workers: 6
[18.120s][debug  ][gc,phases      ] GC(66)     Total                          Min: 64, Avg: 892.8, Max: 1280, Diff: 1216, Sum: 5357, Workers: 6
[18.120s][debug  ][gc,phases      ] GC(66)   ResolvedMethodTable Weak       Min:  0.0, Avg:  0.0, Max:  0.0, Diff:  0.0, Sum:  0.0, Workers: 6
[18.120s][debug  ][gc,phases      ] GC(66)     Dead                           Min: 0, Avg:  0.0, Max: 0, Diff: 0, Sum: 0, Workers: 6
[18.120s][debug  ][gc,phases      ] GC(66)     Total                          Min: 0, Avg: 21.7, Max: 64, Diff: 64, Sum: 130, Workers: 6
[18.120s][debug  ][gc,phases      ] GC(66)   JNI Weak                       Min:  0.0, Avg:  0.0, Max:  0.0, Diff:  0.0, Sum:  0.0, Workers: 6
[18.120s][debug  ][gc,phases      ] GC(66)     Dead                           Min: 0, Avg:  0.0, Max: 0, Diff: 0, Sum: 0, Workers: 6
[18.120s][debug  ][gc,phases      ] GC(66)     Total                          Min: 0, Avg:  0.0, Max: 0, Diff: 0, Sum: 0, Workers: 6
[18.120s][debug  ][gc,phases      ] GC(66)   StringDedup Table Weak         Min:  0.0, Avg:  0.0, Max:  0.0, Diff:  0.0, Sum:  0.0, Workers: 6
[18.120s][debug  ][gc,phases      ] GC(66)     Dead                           Min: 0, Avg:  0.0, Max: 0, Diff: 0, Sum: 0, Workers: 6
[18.120s][debug  ][gc,phases      ] GC(66)     Total                          Min: 0, Avg:  0.0, Max: 0, Diff: 0, Sum: 0, Workers: 6
[18.120s][debug  ][gc,phases      ] GC(66)   StringDedup Requests0 Weak     Min:  0.0, Avg:  0.0, Max:  0.0, Diff:  0.0, Sum:  0.0, Workers: 6
[18.120s][debug  ][gc,phases      ] GC(66)     Dead                           Min: 0, Avg:  0.0, Max: 0, Diff: 0, Sum: 0, Workers: 6
[18.120s][debug  ][gc,phases      ] GC(66)     Total                          Min: 0, Avg:  0.0, Max: 0, Diff: 0, Sum: 0, Workers: 6
[18.120s][debug  ][gc,phases      ] GC(66)   StringDedup Requests1 Weak     Min:  0.0, Avg:  0.0, Max:  0.0, Diff:  0.0, Sum:  0.0, Workers: 6
[18.120s][debug  ][gc,phases      ] GC(66)     Dead                           Min: 0, Avg:  0.0, Max: 0, Diff: 0, Sum: 0, Workers: 6
[18.120s][debug  ][gc,phases      ] GC(66)     Total                          Min: 0, Avg:  0.0, Max: 0, Diff: 0, Sum: 0, Workers: 6
[18.120s][debug  ][gc,phases      ] GC(66)   Weak JFR Old Object Samples    Min:  0.0, Avg:  0.0, Max:  0.0, Diff:  0.0, Sum:  0.0, Workers: 6
[18.120s][debug  ][gc,phases      ] GC(66)     Dead                           Min: 0, Avg:  0.0, Max: 0, Diff: 0, Sum: 0, Workers: 6
[18.120s][debug  ][gc,phases      ] GC(66)     Total                          Min: 0, Avg:  0.0, Max: 0, Diff: 0, Sum: 0, Workers: 6
[18.120s][debug  ][gc,phases      ] GC(66) Weak Processing 0.702ms
[18.120s][debug  ][gc,ergo        ] GC(66) AdaptiveSizeStart:  collection: 67 
[18.120s][debug  ][gc,ergo        ] GC(66) avg_survived_padded_avg: 31581390.000000
[18.120s][debug  ][gc,ergo        ] GC(66) avg_promoted_padded_avg: 262910368.000000  avg_pretenured_padded_avg: 0.000000  tenuring_thresh: 2  target_size: 31981568
[18.120s][debug  ][gc,age         ] GC(66) Desired survivor size 31981568 bytes, new threshold 2 (max threshold 15)
[18.120s][debug  ][gc,ergo        ] GC(66) PSAdaptiveSizePolicy::compute_eden_space_size limits: desired_eden_size: 225565735 old_eden_size: 204472320 eden_limit: 204472320 cur_eden: 204472320 max_eden_size: 204472320 avg_young_live: 26617568
[18.120s][debug  ][gc,ergo        ] GC(66) PSAdaptiveSizePolicy::compute_eden_space_size: costs minor_time: 0.045433 major_cost: 0.047166 mutator_cost: 0.907401 throughput_goal: 0.990000
[18.120s][debug  ][gc,ergo        ] GC(66) Live_space: 946848896 free_space: 1431306240
[18.120s][debug  ][gc,ergo        ] GC(66) Old eden_size: 204472320 desired_eden_size: 204472320
[18.120s][debug  ][gc,ergo        ] GC(66) AdaptiveSizeStop: collection: 67 
[18.120s][info   ][gc,heap        ] GC(66) PSYoungGen: 229143K(230912K)->30720K(230912K) Eden: 198423K(199680K)->0K(199680K) From: 30720K(31232K)->30720K(31232K)
[18.120s][info   ][gc,heap        ] GC(66) ParOldGen: 1015396K(1835008K)->1209956K(1835008K)
[18.120s][info   ][gc,metaspace   ] GC(66) Metaspace: 1021K(1216K)->1021K(1216K) NonClass: 937K(1024K)->937K(1024K) Class: 83K(192K)->83K(192K)
[18.120s][info   ][gc             ] GC(66) Pause Young (Allocation Failure) 1215M->1211M(2017M) 17.569ms
[18.120s][info   ][gc,cpu         ] GC(66) User=0.16s Sys=0.02s Real=0.02s
[18.120s][debug  ][gc,heap        ] GC(66) Heap after GC invocations=67 (full 11):
[18.120s][debug  ][gc,heap        ] GC(66)  PSYoungGen      total 230912K, used 30720K [0x00000000f0000000, 0x0000000100000000, 0x0000000100000000)
[18.121s][debug  ][gc,heap        ] GC(66)   eden space 199680K, 0% used [0x00000000f0000000,0x00000000f0000000,0x00000000fc300000)
[18.121s][debug  ][gc,heap        ] GC(66)   from space 31232K, 98% used [0x00000000fc300000,0x00000000fe100030,0x00000000fe180000)
[18.121s][debug  ][gc,heap        ] GC(66)   to   space 31232K, 0% used [0x00000000fe180000,0x00000000fe180000,0x0000000100000000)
[18.121s][debug  ][gc,heap        ] GC(66)  ParOldGen       total 1835008K, used 1209956K [0x0000000080000000, 0x00000000f0000000, 0x00000000f0000000)
[18.121s][debug  ][gc,heap        ] GC(66)   object space 1835008K, 65% used [0x0000000080000000,0x00000000c9d993e8,0x00000000f0000000)
[18.121s][debug  ][gc,heap        ] GC(66)  Metaspace       used 1021K, committed 1216K, reserved 1056768K
[18.121s][debug  ][gc,heap        ] GC(66)   class space    used 83K, committed 192K, reserved 1048576K
[18.121s][debug  ][gc,task,time   ] GC(66) VM-Thread 181024181 181187432 181206452
[18.417s][debug  ][gc,heap        ] GC(67) Heap before GC invocations=68 (full 11):
[18.417s][debug  ][gc,heap        ] GC(67)  PSYoungGen      total 230912K, used 229161K [0x00000000f0000000, 0x0000000100000000, 0x0000000100000000)
[18.417s][debug  ][gc,heap        ] GC(67)   eden space 199680K, 99% used [0x00000000f0000000,0x00000000fc1ca688,0x00000000fc300000)
[18.417s][debug  ][gc,heap        ] GC(67)   from space 31232K, 98% used [0x00000000fc300000,0x00000000fe100030,0x00000000fe180000)
[18.417s][debug  ][gc,heap        ] GC(67)   to   space 31232K, 0% used [0x00000000fe180000,0x00000000fe180000,0x0000000100000000)
[18.417s][debug  ][gc,heap        ] GC(67)  ParOldGen       total 1835008K, used 1209956K [0x0000000080000000, 0x00000000f0000000, 0x00000000f0000000)
[18.417s][debug  ][gc,heap        ] GC(67)   object space 1835008K, 65% used [0x0000000080000000,0x00000000c9d993e8,0x00000000f0000000)
[18.417s][debug  ][gc,heap        ] GC(67)  Metaspace       used 1021K, committed 1216K, reserved 1056768K
[18.417s][debug  ][gc,heap        ] GC(67)   class space    used 83K, committed 192K, reserved 1048576K
[18.417s][debug  ][gc,tlab        ] GC(67) TLAB totals: thrds: 1  refills: 1 max: 1 slow allocs: 18 max 18 waste: 27.5% gc: 3974488B max: 3974488B slow: 0B max: 0B
[18.417s][info   ][gc,start       ] GC(67) Pause Young (Allocation Failure)
[18.417s][debug  ][gc,phases,start] GC(67) Scavenge
[18.433s][debug  ][gc,phases      ] GC(67) Scavenge 15.574ms
[18.433s][debug  ][gc,phases,start] GC(67) Reference Processing
[18.433s][debug  ][gc,ref         ] GC(67) Skipped phase 1 of Reference Processing: no references
[18.433s][debug  ][gc,ref         ] GC(67) Skipped phase 2 of Reference Processing: no references
[18.433s][debug  ][gc,ref         ] GC(67) Skipped phase 3 of Reference Processing: no references
[18.433s][debug  ][gc,ref         ] GC(67) Skipped phase 4 of Reference Processing: no references
[18.433s][debug  ][gc,phases,ref  ] GC(67) Reference Processing: 0.1ms
[18.433s][debug  ][gc,phases,ref  ] GC(67)   Reconsider SoftReferences: 0.0ms
[18.433s][debug  ][gc,phases,ref  ] GC(67)     SoftRef (ms):                  skipped
[18.433s][debug  ][gc,phases,ref  ] GC(67)   Notify Soft/WeakReferences: 0.0ms
[18.433s][debug  ][gc,phases,ref  ] GC(67)     SoftRef (ms):                  skipped
[18.433s][debug  ][gc,phases,ref  ] GC(67)     WeakRef (ms):                  skipped
[18.433s][debug  ][gc,phases,ref  ] GC(67)     FinalRef (ms):                 skipped
[18.433s][debug  ][gc,phases,ref  ] GC(67)     Total (ms):                    skipped
[18.433s][debug  ][gc,phases,ref  ] GC(67)   Notify and keep alive finalizable: 0.0ms
[18.433s][debug  ][gc,phases,ref  ] GC(67)     FinalRef (ms):                 skipped
[18.433s][debug  ][gc,phases,ref  ] GC(67)   Notify PhantomReferences: 0.0ms
[18.433s][debug  ][gc,phases,ref  ] GC(67)     PhantomRef (ms):               skipped
[18.433s][debug  ][gc,phases,ref  ] GC(67)   SoftReference:
[18.433s][debug  ][gc,phases,ref  ] GC(67)     Discovered: 0
[18.433s][debug  ][gc,phases,ref  ] GC(67)     Cleared: 0
[18.433s][debug  ][gc,phases,ref  ] GC(67)   WeakReference:
[18.433s][debug  ][gc,phases,ref  ] GC(67)     Discovered: 0
[18.433s][debug  ][gc,phases,ref  ] GC(67)     Cleared: 0
[18.433s][debug  ][gc,phases,ref  ] GC(67)   FinalReference:
[18.433s][debug  ][gc,phases,ref  ] GC(67)     Discovered: 0
[18.433s][debug  ][gc,phases,ref  ] GC(67)     Cleared: 0
[18.433s][debug  ][gc,phases,ref  ] GC(67)   PhantomReference:
[18.433s][debug  ][gc,phases,ref  ] GC(67)     Discovered: 0
[18.433s][debug  ][gc,phases,ref  ] GC(67)     Cleared: 0
[18.433s][debug  ][gc,phases      ] GC(67) Reference Processing 0.628ms
[18.433s][debug  ][gc,phases,start] GC(67) Weak Processing
[18.433s][debug  ][gc,phases      ] GC(67)   VM Weak                        Min:  0.0, Avg:  0.0, Max:  0.0, Diff:  0.0, Sum:  0.0, Workers: 6
[18.433s][debug  ][gc,phases      ] GC(67)     Dead                           Min: 0, Avg:  0.0, Max: 0, Diff: 0, Sum: 0, Workers: 6
[18.433s][debug  ][gc,phases      ] GC(67)     Total                          Min: 0, Avg:  1.3, Max: 8, Diff: 8, Sum: 8, Workers: 6
[18.433s][debug  ][gc,phases      ] GC(67)   ObjectSynchronizer Weak        Min:  0.0, Avg:  0.0, Max:  0.0, Diff:  0.0, Sum:  0.0, Workers: 6
[18.434s][debug  ][gc,phases      ] GC(67)     Dead                           Min: 0, Avg:  0.0, Max: 0, Diff: 0, Sum: 0, Workers: 6
[18.434s][debug  ][gc,phases      ] GC(67)     Total                          Min: 0, Avg:  0.5, Max: 3, Diff: 3, Sum: 3, Workers: 6
[18.434s][debug  ][gc,phases      ] GC(67)   JVMTI Tag Weak OopStorage      Min:  0.0, Avg:  0.0, Max:  0.0, Diff:  0.0, Sum:  0.0, Workers: 6
[18.434s][debug  ][gc,phases      ] GC(67)     Dead                           Min: 0, Avg:  0.0, Max: 0, Diff: 0, Sum: 0, Workers: 6
[18.434s][debug  ][gc,phases      ] GC(67)     Total                          Min: 0, Avg:  0.0, Max: 0, Diff: 0, Sum: 0, Workers: 6
[18.434s][debug  ][gc,phases      ] GC(67)   StringTable Weak               Min:  0.0, Avg:  0.0, Max:  0.0, Diff:  0.0, Sum:  0.0, Workers: 6
[18.434s][debug  ][gc,phases      ] GC(67)     Dead                           Min: 0, Avg:  0.0, Max: 0, Diff: 0, Sum: 0, Workers: 6
[18.434s][debug  ][gc,phases      ] GC(67)     Total                          Min: 686, Avg: 892.8, Max: 1024, Diff: 338, Sum: 5357, Workers: 6
[18.434s][debug  ][gc,phases      ] GC(67)   ResolvedMethodTable Weak       Min:  0.0, Avg:  0.0, Max:  0.0, Diff:  0.0, Sum:  0.0, Workers: 6
[18.434s][debug  ][gc,phases      ] GC(67)     Dead                           Min: 0, Avg:  0.0, Max: 0, Diff: 0, Sum: 0, Workers: 6
[18.434s][debug  ][gc,phases      ] GC(67)     Total                          Min: 0, Avg: 21.7, Max: 64, Diff: 64, Sum: 130, Workers: 6
[18.434s][debug  ][gc,phases      ] GC(67)   JNI Weak                       Min:  0.0, Avg:  0.0, Max:  0.0, Diff:  0.0, Sum:  0.0, Workers: 6
[18.434s][debug  ][gc,phases      ] GC(67)     Dead                           Min: 0, Avg:  0.0, Max: 0, Diff: 0, Sum: 0, Workers: 6
[18.434s][debug  ][gc,phases      ] GC(67)     Total                          Min: 0, Avg:  0.0, Max: 0, Diff: 0, Sum: 0, Workers: 6
[18.434s][debug  ][gc,phases      ] GC(67)   StringDedup Table Weak         Min:  0.0, Avg:  0.0, Max:  0.0, Diff:  0.0, Sum:  0.0, Workers: 6
[18.434s][debug  ][gc,phases      ] GC(67)     Dead                           Min: 0, Avg:  0.0, Max: 0, Diff: 0, Sum: 0, Workers: 6
[18.434s][debug  ][gc,phases      ] GC(67)     Total                          Min: 0, Avg:  0.0, Max: 0, Diff: 0, Sum: 0, Workers: 6
[18.434s][debug  ][gc,phases      ] GC(67)   StringDedup Requests0 Weak     Min:  0.0, Avg:  0.0, Max:  0.0, Diff:  0.0, Sum:  0.0, Workers: 6
[18.434s][debug  ][gc,phases      ] GC(67)     Dead                           Min: 0, Avg:  0.0, Max: 0, Diff: 0, Sum: 0, Workers: 6
[18.434s][debug  ][gc,phases      ] GC(67)     Total                          Min: 0, Avg:  0.0, Max: 0, Diff: 0, Sum: 0, Workers: 6
[18.434s][debug  ][gc,phases      ] GC(67)   StringDedup Requests1 Weak     Min:  0.0, Avg:  0.0, Max:  0.0, Diff:  0.0, Sum:  0.0, Workers: 6
[18.434s][debug  ][gc,phases      ] GC(67)     Dead                           Min: 0, Avg:  0.0, Max: 0, Diff: 0, Sum: 0, Workers: 6
[18.434s][debug  ][gc,phases      ] GC(67)     Total                          Min: 0, Avg:  0.0, Max: 0, Diff: 0, Sum: 0, Workers: 6
[18.434s][debug  ][gc,phases      ] GC(67)   Weak JFR Old Object Samples    Min:  0.0, Avg:  0.0, Max:  0.0, Diff:  0.0, Sum:  0.0, Workers: 6
[18.434s][debug  ][gc,phases      ] GC(67)     Dead                           Min: 0, Avg:  0.0, Max: 0, Diff: 0, Sum: 0, Workers: 6
[18.434s][debug  ][gc,phases      ] GC(67)     Total                          Min: 0, Avg:  0.0, Max: 0, Diff: 0, Sum: 0, Workers: 6
[18.434s][debug  ][gc,phases      ] GC(67) Weak Processing 0.722ms
[18.434s][debug  ][gc,ergo        ] GC(67) AdaptiveSizeStart:  collection: 68 
[18.434s][debug  ][gc,ergo        ] GC(67) avg_survived_padded_avg: 31571052.000000
[18.434s][debug  ][gc,ergo        ] GC(67) avg_promoted_padded_avg: 264340544.000000  avg_pretenured_padded_avg: 0.000000  tenuring_thresh: 2  target_size: 31981568
[18.434s][debug  ][gc,age         ] GC(67) Desired survivor size 31981568 bytes, new threshold 2 (max threshold 15)
[18.434s][debug  ][gc,ergo        ] GC(67) PSAdaptiveSizePolicy::compute_eden_space_size limits: desired_eden_size: 225026762 old_eden_size: 204472320 eden_limit: 204472320 cur_eden: 204472320 max_eden_size: 204472320 avg_young_live: 27101544
[18.434s][debug  ][gc,ergo        ] GC(67) PSAdaptiveSizePolicy::compute_eden_space_size: costs minor_time: 0.047663 major_cost: 0.047166 mutator_cost: 0.905171 throughput_goal: 0.990000
[18.434s][debug  ][gc,ergo        ] GC(67) Live_space: 947332864 free_space: 1431306240
[18.434s][debug  ][gc,ergo        ] GC(67) Old eden_size: 204472320 desired_eden_size: 204472320
[18.434s][debug  ][gc,ergo        ] GC(67) AdaptiveSizeStop: collection: 68 
[18.434s][info   ][gc,heap        ] GC(67) PSYoungGen: 229161K(230912K)->30720K(230912K) Eden: 198441K(199680K)->0K(199680K) From: 30720K(31232K)->30720K(31232K)
[18.434s][info   ][gc,heap        ] GC(67) ParOldGen: 1209956K(1835008K)->1404517K(1835008K)
[18.434s][info   ][gc,metaspace   ] GC(67) Metaspace: 1021K(1216K)->1021K(1216K) NonClass: 937K(1024K)->937K(1024K) Class: 83K(192K)->83K(192K)
[18.434s][info   ][gc             ] GC(67) Pause Young (Allocation Failure) 1405M->1401M(2017M) 17.373ms
[18.434s][info   ][gc,cpu         ] GC(67) User=0.14s Sys=0.02s Real=0.02s
[18.434s][debug  ][gc,heap        ] GC(67) Heap after GC invocations=68 (full 11):
[18.434s][debug  ][gc,heap        ] GC(67)  PSYoungGen      total 230912K, used 30720K [0x00000000f0000000, 0x0000000100000000, 0x0000000100000000)
[18.434s][debug  ][gc,heap        ] GC(67)   eden space 199680K, 0% used [0x00000000f0000000,0x00000000f0000000,0x00000000fc300000)
[18.434s][debug  ][gc,heap        ] GC(67)   from space 31232K, 98% used [0x00000000fe180000,0x00000000fff80030,0x0000000100000000)
[18.434s][debug  ][gc,heap        ] GC(67)   to   space 31232K, 0% used [0x00000000fc300000,0x00000000fc300000,0x00000000fe180000)
[18.435s][debug  ][gc,heap        ] GC(67)  ParOldGen       total 1835008K, used 1404517K [0x0000000080000000, 0x00000000f0000000, 0x00000000f0000000)
[18.435s][debug  ][gc,heap        ] GC(67)   object space 1835008K, 76% used [0x0000000080000000,0x00000000d5b99518,0x00000000f0000000)
[18.435s][debug  ][gc,heap        ] GC(67)  Metaspace       used 1021K, committed 1216K, reserved 1056768K
[18.435s][debug  ][gc,heap        ] GC(67)   class space    used 83K, committed 192K, reserved 1048576K
[18.435s][debug  ][gc,task,time   ] GC(67) VM-Thread 184165355 184326895 184345897
[18.732s][debug  ][gc,heap        ] GC(68) Heap before GC invocations=69 (full 11):
[18.732s][debug  ][gc,heap        ] GC(68)  PSYoungGen      total 230912K, used 229173K [0x00000000f0000000, 0x0000000100000000, 0x0000000100000000)
[18.732s][debug  ][gc,heap        ] GC(68)   eden space 199680K, 99% used [0x00000000f0000000,0x00000000fc1cd658,0x00000000fc300000)
[18.732s][debug  ][gc,heap        ] GC(68)   from space 31232K, 98% used [0x00000000fe180000,0x00000000fff80030,0x0000000100000000)
[18.732s][debug  ][gc,heap        ] GC(68)   to   space 31232K, 0% used [0x00000000fc300000,0x00000000fc300000,0x00000000fe180000)
[18.732s][debug  ][gc,heap        ] GC(68)  ParOldGen       total 1835008K, used 1404517K [0x0000000080000000, 0x00000000f0000000, 0x00000000f0000000)
[18.732s][debug  ][gc,heap        ] GC(68)   object space 1835008K, 76% used [0x0000000080000000,0x00000000d5b99518,0x00000000f0000000)
[18.732s][debug  ][gc,heap        ] GC(68)  Metaspace       used 1021K, committed 1216K, reserved 1056768K
[18.732s][debug  ][gc,heap        ] GC(68)   class space    used 83K, committed 192K, reserved 1048576K
[18.733s][debug  ][gc,tlab        ] GC(68) TLAB totals: thrds: 1  refills: 1 max: 1 slow allocs: 18 max 18 waste: 27.5% gc: 3986728B max: 3986728B slow: 0B max: 0B
[18.733s][info   ][gc,start       ] GC(68) Pause Young (Allocation Failure)
[18.733s][debug  ][gc,phases,start] GC(68) Scavenge
[18.748s][debug  ][gc,phases      ] GC(68) Scavenge 15.572ms
[18.748s][debug  ][gc,phases,start] GC(68) Reference Processing
[18.748s][debug  ][gc,ref         ] GC(68) Skipped phase 1 of Reference Processing: no references
[18.748s][debug  ][gc,ref         ] GC(68) Skipped phase 2 of Reference Processing: no references
[18.748s][debug  ][gc,ref         ] GC(68) Skipped phase 3 of Reference Processing: no references
[18.748s][debug  ][gc,ref         ] GC(68) Skipped phase 4 of Reference Processing: no references
[18.748s][debug  ][gc,phases,ref  ] GC(68) Reference Processing: 0.1ms
[18.748s][debug  ][gc,phases,ref  ] GC(68)   Reconsider SoftReferences: 0.0ms
[18.748s][debug  ][gc,phases,ref  ] GC(68)     SoftRef (ms):                  skipped
[18.749s][debug  ][gc,phases,ref  ] GC(68)   Notify Soft/WeakReferences: 0.0ms
[18.749s][debug  ][gc,phases,ref  ] GC(68)     SoftRef (ms):                  skipped
[18.749s][debug  ][gc,phases,ref  ] GC(68)     WeakRef (ms):                  skipped
[18.749s][debug  ][gc,phases,ref  ] GC(68)     FinalRef (ms):                 skipped
[18.749s][debug  ][gc,phases,ref  ] GC(68)     Total (ms):                    skipped
[18.749s][debug  ][gc,phases,ref  ] GC(68)   Notify and keep alive finalizable: 0.0ms
[18.749s][debug  ][gc,phases,ref  ] GC(68)     FinalRef (ms):                 skipped
[18.749s][debug  ][gc,phases,ref  ] GC(68)   Notify PhantomReferences: 0.0ms
[18.749s][debug  ][gc,phases,ref  ] GC(68)     PhantomRef (ms):               skipped
[18.749s][debug  ][gc,phases,ref  ] GC(68)   SoftReference:
[18.749s][debug  ][gc,phases,ref  ] GC(68)     Discovered: 0
[18.749s][debug  ][gc,phases,ref  ] GC(68)     Cleared: 0
[18.749s][debug  ][gc,phases,ref  ] GC(68)   WeakReference:
[18.749s][debug  ][gc,phases,ref  ] GC(68)     Discovered: 0
[18.749s][debug  ][gc,phases,ref  ] GC(68)     Cleared: 0
[18.749s][debug  ][gc,phases,ref  ] GC(68)   FinalReference:
[18.749s][debug  ][gc,phases,ref  ] GC(68)     Discovered: 0
[18.749s][debug  ][gc,phases,ref  ] GC(68)     Cleared: 0
[18.749s][debug  ][gc,phases,ref  ] GC(68)   PhantomReference:
[18.749s][debug  ][gc,phases,ref  ] GC(68)     Discovered: 0
[18.749s][debug  ][gc,phases,ref  ] GC(68)     Cleared: 0
[18.749s][debug  ][gc,phases      ] GC(68) Reference Processing 0.640ms
[18.749s][debug  ][gc,phases,start] GC(68) Weak Processing
[18.749s][debug  ][gc,phases      ] GC(68)   VM Weak                        Min:  0.0, Avg:  0.0, Max:  0.0, Diff:  0.0, Sum:  0.0, Workers: 6
[18.749s][debug  ][gc,phases      ] GC(68)     Dead                           Min: 0, Avg:  0.0, Max: 0, Diff: 0, Sum: 0, Workers: 6
[18.749s][debug  ][gc,phases      ] GC(68)     Total                          Min: 0, Avg:  1.3, Max: 8, Diff: 8, Sum: 8, Workers: 6
[18.749s][debug  ][gc,phases      ] GC(68)   ObjectSynchronizer Weak        Min:  0.0, Avg:  0.0, Max:  0.0, Diff:  0.0, Sum:  0.0, Workers: 6
[18.749s][debug  ][gc,phases      ] GC(68)     Dead                           Min: 0, Avg:  0.0, Max: 0, Diff: 0, Sum: 0, Workers: 6
[18.749s][debug  ][gc,phases      ] GC(68)     Total                          Min: 0, Avg:  0.5, Max: 3, Diff: 3, Sum: 3, Workers: 6
[18.749s][debug  ][gc,phases      ] GC(68)   JVMTI Tag Weak OopStorage      Min:  0.0, Avg:  0.0, Max:  0.0, Diff:  0.0, Sum:  0.0, Workers: 6
[18.749s][debug  ][gc,phases      ] GC(68)     Dead                           Min: 0, Avg:  0.0, Max: 0, Diff: 0, Sum: 0, Workers: 6
[18.749s][debug  ][gc,phases      ] GC(68)     Total                          Min: 0, Avg:  0.0, Max: 0, Diff: 0, Sum: 0, Workers: 6
[18.749s][debug  ][gc,phases      ] GC(68)   StringTable Weak               Min:  0.0, Avg:  0.0, Max:  0.0, Diff:  0.0, Sum:  0.0, Workers: 6
[18.749s][debug  ][gc,phases      ] GC(68)     Dead                           Min: 0, Avg:  0.0, Max: 0, Diff: 0, Sum: 0, Workers: 6
[18.749s][debug  ][gc,phases      ] GC(68)     Total                          Min: 768, Avg: 892.8, Max: 1024, Diff: 256, Sum: 5357, Workers: 6
[18.749s][debug  ][gc,phases      ] GC(68)   ResolvedMethodTable Weak       Min:  0.0, Avg:  0.0, Max:  0.0, Diff:  0.0, Sum:  0.0, Workers: 6
[18.749s][debug  ][gc,phases      ] GC(68)     Dead                           Min: 0, Avg:  0.0, Max: 0, Diff: 0, Sum: 0, Workers: 6
[18.749s][debug  ][gc,phases      ] GC(68)     Total                          Min: 0, Avg: 21.7, Max: 64, Diff: 64, Sum: 130, Workers: 6
[18.749s][debug  ][gc,phases      ] GC(68)   JNI Weak                       Min:  0.0, Avg:  0.0, Max:  0.0, Diff:  0.0, Sum:  0.0, Workers: 6
[18.749s][debug  ][gc,phases      ] GC(68)     Dead                           Min: 0, Avg:  0.0, Max: 0, Diff: 0, Sum: 0, Workers: 6
[18.749s][debug  ][gc,phases      ] GC(68)     Total                          Min: 0, Avg:  0.0, Max: 0, Diff: 0, Sum: 0, Workers: 6
[18.750s][debug  ][gc,phases      ] GC(68)   StringDedup Table Weak         Min:  0.0, Avg:  0.0, Max:  0.0, Diff:  0.0, Sum:  0.0, Workers: 6
[18.750s][debug  ][gc,phases      ] GC(68)     Dead                           Min: 0, Avg:  0.0, Max: 0, Diff: 0, Sum: 0, Workers: 6
[18.750s][debug  ][gc,phases      ] GC(68)     Total                          Min: 0, Avg:  0.0, Max: 0, Diff: 0, Sum: 0, Workers: 6
[18.750s][debug  ][gc,phases      ] GC(68)   StringDedup Requests0 Weak     Min:  0.0, Avg:  0.0, Max:  0.0, Diff:  0.0, Sum:  0.0, Workers: 6
[18.750s][debug  ][gc,phases      ] GC(68)     Dead                           Min: 0, Avg:  0.0, Max: 0, Diff: 0, Sum: 0, Workers: 6
[18.750s][debug  ][gc,phases      ] GC(68)     Total                          Min: 0, Avg:  0.0, Max: 0, Diff: 0, Sum: 0, Workers: 6
[18.750s][debug  ][gc,phases      ] GC(68)   StringDedup Requests1 Weak     Min:  0.0, Avg:  0.0, Max:  0.0, Diff:  0.0, Sum:  0.0, Workers: 6
[18.750s][debug  ][gc,phases      ] GC(68)     Dead                           Min: 0, Avg:  0.0, Max: 0, Diff: 0, Sum: 0, Workers: 6
[18.750s][debug  ][gc,phases      ] GC(68)     Total                          Min: 0, Avg:  0.0, Max: 0, Diff: 0, Sum: 0, Workers: 6
[18.750s][debug  ][gc,phases      ] GC(68)   Weak JFR Old Object Samples    Min:  0.0, Avg:  0.0, Max:  0.0, Diff:  0.0, Sum:  0.0, Workers: 6
[18.750s][debug  ][gc,phases      ] GC(68)     Dead                           Min: 0, Avg:  0.0, Max: 0, Diff: 0, Sum: 0, Workers: 6
[18.750s][debug  ][gc,phases      ] GC(68)     Total                          Min: 0, Avg:  0.0, Max: 0, Diff: 0, Sum: 0, Workers: 6
[18.750s][debug  ][gc,phases      ] GC(68) Weak Processing 0.822ms
[18.750s][debug  ][gc,ergo        ] GC(68) AdaptiveSizeStart:  collection: 69 
[18.750s][debug  ][gc,ergo        ] GC(68) avg_survived_padded_avg: 31561542.000000
[18.750s][debug  ][gc,ergo        ] GC(68) avg_promoted_padded_avg: 264847872.000000  avg_pretenured_padded_avg: 0.000000  tenuring_thresh: 2  target_size: 31981568
[18.750s][debug  ][gc,age         ] GC(68) Desired survivor size 31981568 bytes, new threshold 2 (max threshold 15)
[18.750s][debug  ][gc,ergo        ] GC(68) PSAdaptiveSizePolicy::compute_eden_space_size limits: desired_eden_size: 225378800 old_eden_size: 204472320 eden_limit: 204472320 cur_eden: 204472320 max_eden_size: 204472320 avg_young_live: 27537122
[18.750s][debug  ][gc,ergo        ] GC(68) PSAdaptiveSizePolicy::compute_eden_space_size: costs minor_time: 0.049333 major_cost: 0.047166 mutator_cost: 0.903501 throughput_goal: 0.990000
[18.750s][debug  ][gc,ergo        ] GC(68) Live_space: 947768448 free_space: 1431306240
[18.750s][debug  ][gc,ergo        ] GC(68) Old eden_size: 204472320 desired_eden_size: 204472320
[18.750s][debug  ][gc,ergo        ] GC(68) AdaptiveSizeStop: collection: 69 
[18.750s][info   ][gc,heap        ] GC(68) PSYoungGen: 229173K(230912K)->30720K(230912K) Eden: 198453K(199680K)->0K(199680K) From: 30720K(31232K)->30720K(31232K)
[18.750s][info   ][gc,heap        ] GC(68) ParOldGen: 1404517K(1835008K)->1599077K(1835008K)
[18.750s][info   ][gc,metaspace   ] GC(68) Metaspace: 1021K(1216K)->1021K(1216K) NonClass: 937K(1024K)->937K(1024K) Class: 83K(192K)->83K(192K)
[18.750s][info   ][gc             ] GC(68) Pause Young (Allocation Failure) 1595M->1591M(2017M) 17.474ms
[18.750s][info   ][gc,cpu         ] GC(68) User=0.16s Sys=0.00s Real=0.02s
[18.750s][debug  ][gc,heap        ] GC(68) Heap after GC invocations=69 (full 11):
[18.750s][debug  ][gc,heap        ] GC(68)  PSYoungGen      total 230912K, used 30720K [0x00000000f0000000, 0x0000000100000000, 0x0000000100000000)
[18.750s][debug  ][gc,heap        ] GC(68)   eden space 199680K, 0% used [0x00000000f0000000,0x00000000f0000000,0x00000000fc300000)
[18.750s][debug  ][gc,heap        ] GC(68)   from space 31232K, 98% used [0x00000000fc300000,0x00000000fe100030,0x00000000fe180000)
[18.750s][debug  ][gc,heap        ] GC(68)   to   space 31232K, 0% used [0x00000000fe180000,0x00000000fe180000,0x0000000100000000)
[18.750s][debug  ][gc,heap        ] GC(68)  ParOldGen       total 1835008K, used 1599077K [0x0000000080000000, 0x00000000f0000000, 0x00000000f0000000)
[18.750s][debug  ][gc,heap        ] GC(68)   object space 1835008K, 87% used [0x0000000080000000,0x00000000e1999648,0x00000000f0000000)
[18.750s][debug  ][gc,heap        ] GC(68)  Metaspace       used 1021K, committed 1216K, reserved 1056768K
[18.750s][debug  ][gc,heap        ] GC(68)   class space    used 83K, committed 192K, reserved 1048576K
[18.750s][debug  ][gc,task,time   ] GC(68) VM-Thread 187320915 187483012 187503046
[18.750s][debug  ][gc,phases,start] GC(69) Pre Compact
[18.750s][debug  ][gc,heap        ] GC(69) Heap before GC invocations=70 (full 12):
[18.750s][debug  ][gc,heap        ] GC(69)  PSYoungGen      total 230912K, used 30720K [0x00000000f0000000, 0x0000000100000000, 0x0000000100000000)
[18.750s][debug  ][gc,heap        ] GC(69)   eden space 199680K, 0% used [0x00000000f0000000,0x00000000f0000000,0x00000000fc300000)
[18.750s][debug  ][gc,heap        ] GC(69)   from space 31232K, 98% used [0x00000000fc300000,0x00000000fe100030,0x00000000fe180000)
[18.750s][debug  ][gc,heap        ] GC(69)   to   space 31232K, 0% used [0x00000000fe180000,0x00000000fe180000,0x0000000100000000)
[18.750s][debug  ][gc,heap        ] GC(69)  ParOldGen       total 1835008K, used 1599077K [0x0000000080000000, 0x00000000f0000000, 0x00000000f0000000)
[18.750s][debug  ][gc,heap        ] GC(69)   object space 1835008K, 87% used [0x0000000080000000,0x00000000e1999648,0x00000000f0000000)
[18.750s][debug  ][gc,heap        ] GC(69)  Metaspace       used 1021K, committed 1216K, reserved 1056768K
[18.751s][debug  ][gc,heap        ] GC(69)   class space    used 83K, committed 192K, reserved 1048576K
[18.751s][debug  ][gc,phases      ] GC(69) Pre Compact 0.202ms
[18.751s][info   ][gc,start       ] GC(69) Pause Full (Ergonomics)
[18.751s][info   ][gc,phases,start] GC(69) Marking Phase
[18.751s][debug  ][gc,phases,start] GC(69) Par Mark
[18.751s][debug  ][gc,phases      ] GC(69) Par Mark 0.505ms
[18.751s][debug  ][gc,phases,start] GC(69) Reference Processing
[18.751s][debug  ][gc,ref         ] GC(69) Skipped phase 1 of Reference Processing: no references
[18.751s][debug  ][gc,ref         ] GC(69) ReferenceProcessor::execute queues: 1, RefProcThreadModel::Single, marks_oops_alive: false
[18.751s][debug  ][gc,ref         ] GC(69) Skipped phase 3 of Reference Processing: no references
[18.751s][debug  ][gc,ref         ] GC(69) ReferenceProcessor::execute queues: 1, RefProcThreadModel::Single, marks_oops_alive: false
[18.751s][debug  ][gc,phases,ref  ] GC(69) Reference Processing: 0.1ms
[18.751s][debug  ][gc,phases,ref  ] GC(69)   Reconsider SoftReferences: 0.0ms
[18.751s][debug  ][gc,phases,ref  ] GC(69)     SoftRef (ms):                  skipped
[18.751s][debug  ][gc,phases,ref  ] GC(69)   Notify Soft/WeakReferences: 0.0ms
[18.751s][debug  ][gc,phases,ref  ] GC(69)     SoftRef (ms):                  Min:  0.0, Avg:  0.0, Max:  0.0, Diff:  0.0, Sum:  0.0, Workers: 10
[18.751s][debug  ][gc,phases,ref  ] GC(69)     WeakRef (ms):                  Min:  0.0, Avg:  0.0, Max:  0.0, Diff:  0.0, Sum:  0.0, Workers: 10
[18.751s][debug  ][gc,phases,ref  ] GC(69)     FinalRef (ms):                 Min:  0.0, Avg:  0.0, Max:  0.0, Diff:  0.0, Sum:  0.0, Workers: 10
[18.751s][debug  ][gc,phases,ref  ] GC(69)     Total (ms):                    Min:  0.0, Avg:  0.0, Max:  0.0, Diff:  0.0, Sum:  0.0, Workers: 10
[18.751s][debug  ][gc,phases,ref  ] GC(69)   Notify and keep alive finalizable: 0.0ms
[18.752s][debug  ][gc,phases,ref  ] GC(69)     FinalRef (ms):                 skipped
[18.752s][debug  ][gc,phases,ref  ] GC(69)   Notify PhantomReferences: 0.0ms
[18.752s][debug  ][gc,phases,ref  ] GC(69)     PhantomRef (ms):               Min:  0.0, Avg:  0.0, Max:  0.0, Diff:  0.0, Sum:  0.0, Workers: 10
[18.752s][debug  ][gc,phases,ref  ] GC(69)   SoftReference:
[18.752s][debug  ][gc,phases,ref  ] GC(69)     Discovered: 0
[18.752s][debug  ][gc,phases,ref  ] GC(69)     Cleared: 0
[18.752s][debug  ][gc,phases,ref  ] GC(69)   WeakReference:
[18.752s][debug  ][gc,phases,ref  ] GC(69)     Discovered: 62
[18.752s][debug  ][gc,phases,ref  ] GC(69)     Cleared: 62
[18.752s][debug  ][gc,phases,ref  ] GC(69)   FinalReference:
[18.752s][debug  ][gc,phases,ref  ] GC(69)     Discovered: 0
[18.752s][debug  ][gc,phases,ref  ] GC(69)     Cleared: 0
[18.752s][debug  ][gc,phases,ref  ] GC(69)   PhantomReference:
[18.752s][debug  ][gc,phases,ref  ] GC(69)     Discovered: 5
[18.752s][debug  ][gc,phases,ref  ] GC(69)     Cleared: 5
[18.752s][debug  ][gc,phases      ] GC(69) Reference Processing 0.658ms
[18.752s][debug  ][gc,phases,start] GC(69) Weak Processing
[18.752s][debug  ][gc,phases      ] GC(69)   VM Weak                        Min:  0.0, Avg:  0.0, Max:  0.0, Diff:  0.0, Sum:  0.0, Workers: 6
[18.752s][debug  ][gc,phases      ] GC(69)     Dead                           Min: 0, Avg:  0.0, Max: 0, Diff: 0, Sum: 0, Workers: 6
[18.752s][debug  ][gc,phases      ] GC(69)     Total                          Min: 0, Avg:  1.3, Max: 8, Diff: 8, Sum: 8, Workers: 6
[18.752s][debug  ][gc,phases      ] GC(69)   ObjectSynchronizer Weak        Min:  0.0, Avg:  0.0, Max:  0.0, Diff:  0.0, Sum:  0.0, Workers: 6
[18.752s][debug  ][gc,phases      ] GC(69)     Dead                           Min: 0, Avg:  0.0, Max: 0, Diff: 0, Sum: 0, Workers: 6
[18.752s][debug  ][gc,phases      ] GC(69)     Total                          Min: 0, Avg:  0.5, Max: 3, Diff: 3, Sum: 3, Workers: 6
[18.752s][debug  ][gc,phases      ] GC(69)   JVMTI Tag Weak OopStorage      Min:  0.0, Avg:  0.0, Max:  0.0, Diff:  0.0, Sum:  0.0, Workers: 6
[18.752s][debug  ][gc,phases      ] GC(69)     Dead                           Min: 0, Avg:  0.0, Max: 0, Diff: 0, Sum: 0, Workers: 6
[18.752s][debug  ][gc,phases      ] GC(69)     Total                          Min: 0, Avg:  0.0, Max: 0, Diff: 0, Sum: 0, Workers: 6
[18.752s][debug  ][gc,phases      ] GC(69)   StringTable Weak               Min:  0.0, Avg:  0.0, Max:  0.0, Diff:  0.0, Sum:  0.0, Workers: 6
[18.752s][debug  ][gc,phases      ] GC(69)     Dead                           Min: 0, Avg:  0.0, Max: 0, Diff: 0, Sum: 0, Workers: 6
[18.752s][debug  ][gc,phases      ] GC(69)     Total                          Min: 767, Avg: 892.8, Max: 1216, Diff: 449, Sum: 5357, Workers: 6
[18.752s][debug  ][gc,phases      ] GC(69)   ResolvedMethodTable Weak       Min:  0.0, Avg:  0.0, Max:  0.0, Diff:  0.0, Sum:  0.0, Workers: 6
[18.752s][debug  ][gc,phases      ] GC(69)     Dead                           Min: 0, Avg:  0.0, Max: 0, Diff: 0, Sum: 0, Workers: 6
[18.752s][debug  ][gc,phases      ] GC(69)     Total                          Min: 0, Avg: 21.7, Max: 128, Diff: 128, Sum: 130, Workers: 6
[18.752s][debug  ][gc,phases      ] GC(69)   JNI Weak                       Min:  0.0, Avg:  0.0, Max:  0.0, Diff:  0.0, Sum:  0.0, Workers: 6
[18.752s][debug  ][gc,phases      ] GC(69)     Dead                           Min: 0, Avg:  0.0, Max: 0, Diff: 0, Sum: 0, Workers: 6
[18.752s][debug  ][gc,phases      ] GC(69)     Total                          Min: 0, Avg:  0.0, Max: 0, Diff: 0, Sum: 0, Workers: 6
[18.752s][debug  ][gc,phases      ] GC(69)   StringDedup Table Weak         Min:  0.0, Avg:  0.0, Max:  0.0, Diff:  0.0, Sum:  0.0, Workers: 6
[18.752s][debug  ][gc,phases      ] GC(69)     Dead                           Min: 0, Avg:  0.0, Max: 0, Diff: 0, Sum: 0, Workers: 6
[18.752s][debug  ][gc,phases      ] GC(69)     Total                          Min: 0, Avg:  0.0, Max: 0, Diff: 0, Sum: 0, Workers: 6
[18.752s][debug  ][gc,phases      ] GC(69)   StringDedup Requests0 Weak     Min:  0.0, Avg:  0.0, Max:  0.0, Diff:  0.0, Sum:  0.0, Workers: 6
[18.752s][debug  ][gc,phases      ] GC(69)     Dead                           Min: 0, Avg:  0.0, Max: 0, Diff: 0, Sum: 0, Workers: 6
[18.752s][debug  ][gc,phases      ] GC(69)     Total                          Min: 0, Avg:  0.0, Max: 0, Diff: 0, Sum: 0, Workers: 6
[18.752s][debug  ][gc,phases      ] GC(69)   StringDedup Requests1 Weak     Min:  0.0, Avg:  0.0, Max:  0.0, Diff:  0.0, Sum:  0.0, Workers: 6
[18.752s][debug  ][gc,phases      ] GC(69)     Dead                           Min: 0, Avg:  0.0, Max: 0, Diff: 0, Sum: 0, Workers: 6
[18.753s][debug  ][gc,phases      ] GC(69)     Total                          Min: 0, Avg:  0.0, Max: 0, Diff: 0, Sum: 0, Workers: 6
[18.753s][debug  ][gc,phases      ] GC(69)   Weak JFR Old Object Samples    Min:  0.0, Avg:  0.0, Max:  0.0, Diff:  0.0, Sum:  0.0, Workers: 6
[18.753s][debug  ][gc,phases      ] GC(69)     Dead                           Min: 0, Avg:  0.0, Max: 0, Diff: 0, Sum: 0, Workers: 6
[18.753s][debug  ][gc,phases      ] GC(69)     Total                          Min: 0, Avg:  0.0, Max: 0, Diff: 0, Sum: 0, Workers: 6
[18.753s][debug  ][gc,phases      ] GC(69) Weak Processing 0.802ms
[18.753s][debug  ][gc,phases,start] GC(69) Class Unloading
[18.753s][debug  ][gc,phases,start] GC(69) ClassLoaderData
[18.753s][debug  ][gc,phases      ] GC(69) ClassLoaderData 0.019ms
[18.753s][debug  ][gc,phases,start] GC(69) Trigger cleanups
[18.753s][debug  ][gc,phases      ] GC(69) Trigger cleanups 0.019ms
[18.753s][debug  ][gc,phases      ] GC(69) Class Unloading 0.249ms
[18.753s][info   ][gc,phases      ] GC(69) Marking Phase 2.341ms
[18.753s][info   ][gc,phases,start] GC(69) Summary Phase
[18.753s][info   ][gc,phases      ] GC(69) Summary Phase 0.036ms
[18.753s][info   ][gc,phases,start] GC(69) Adjust Roots
[18.753s][info   ][gc,phases      ] GC(69) Adjust Roots 0.124ms
[18.753s][info   ][gc,phases,start] GC(69) Compaction Phase
[18.830s][info   ][gc,phases      ] GC(69) Compaction Phase 76.629ms
[18.830s][info   ][gc,phases,start] GC(69) Post Compact
[18.835s][info   ][gc,phases      ] GC(69) Post Compact 5.153ms
[18.835s][debug  ][gc,ergo        ] GC(69) AdaptiveSizeStart: collection: 70 
[18.835s][debug  ][gc,ergo        ] GC(69) PSAdaptiveSizePolicy::compute_eden_space_size limits: desired_eden_size: 225186056 old_eden_size: 204472320 eden_limit: 204472320 cur_eden: 204472320 max_eden_size: 204472320 avg_young_live: 24783408
[18.835s][debug  ][gc,ergo        ] GC(69) PSAdaptiveSizePolicy::compute_eden_space_size: costs minor_time: 0.049333 major_cost: 0.048064 mutator_cost: 0.902603 throughput_goal: 0.990000
[18.835s][debug  ][gc,ergo        ] GC(69) Live_space: 945014720 free_space: 1431306240
[18.835s][debug  ][gc,ergo        ] GC(69) Old eden_size: 204472320 desired_eden_size: 204472320
[18.835s][debug  ][gc,ergo        ] GC(69) PSAdaptiveSizePolicy::compute_old_gen_free_space limits: desired_promo_size: 1360078464 promo_limit: 1226833920 free_in_old_gen: 1219912704 max_old_gen_size: 1879048192 avg_old_live: 659135552
[18.835s][debug  ][gc,ergo        ] GC(69) PSAdaptiveSizePolicy::compute_old_gen_free_space: costs minor_time: 0.049333 major_cost: 0.048064  mutator_cost: 0.902603 throughput_goal: 0.990000
[18.835s][debug  ][gc,ergo        ] GC(69) Live_space: 952354432 free_space: 1431306240
[18.835s][debug  ][gc,ergo        ] GC(69) Old promo_size: 1226833920 desired_promo_size: 1226833920
[18.835s][debug  ][gc,ergo        ] GC(69) AdaptiveSizeStop: collection: 70 
[18.835s][info   ][gc,heap        ] GC(69) PSYoungGen: 30720K(230912K)->0K(230912K) Eden: 0K(199680K)->0K(199680K) From: 30720K(31232K)->0K(31232K)
[18.835s][info   ][gc,heap        ] GC(69) ParOldGen: 1599077K(1835008K)->708196K(1835008K)
[18.835s][info   ][gc,metaspace   ] GC(69) Metaspace: 1021K(1216K)->1021K(1216K) NonClass: 937K(1024K)->937K(1024K) Class: 83K(192K)->83K(192K)
[18.835s][info   ][gc             ] GC(69) Pause Full (Ergonomics) 1591M->691M(2017M) 84.904ms
[18.835s][info   ][gc,cpu         ] GC(69) User=0.78s Sys=0.00s Real=0.08s
[18.836s][debug  ][gc,heap        ] GC(69) Heap after GC invocations=70 (full 12):
[18.836s][debug  ][gc,heap        ] GC(69)  PSYoungGen      total 230912K, used 0K [0x00000000f0000000, 0x0000000100000000, 0x0000000100000000)
[18.836s][debug  ][gc,heap        ] GC(69)   eden space 199680K, 0% used [0x00000000f0000000,0x00000000f0000000,0x00000000fc300000)
[18.836s][debug  ][gc,heap        ] GC(69)   from space 31232K, 0% used [0x00000000fe180000,0x00000000fe180000,0x0000000100000000)
[18.836s][debug  ][gc,heap        ] GC(69)   to   space 31232K, 0% used [0x00000000fc300000,0x00000000fc300000,0x00000000fe180000)
[18.836s][debug  ][gc,heap        ] GC(69)  ParOldGen       total 1835008K, used 708196K [0x0000000080000000, 0x00000000f0000000, 0x00000000f0000000)
[18.836s][debug  ][gc,heap        ] GC(69)   object space 1835008K, 38% used [0x0000000080000000,0x00000000ab3990d8,0x00000000f0000000)
[18.836s][debug  ][gc,heap        ] GC(69)  Metaspace       used 1021K, committed 1216K, reserved 1056768K
[18.836s][debug  ][gc,heap        ] GC(69)   class space    used 83K, committed 192K, reserved 1048576K
[18.836s][debug  ][gc,task,time   ] GC(69) VM-Thread 187505771 187531587 188355242
[19.142s][debug  ][gc,heap        ] GC(70) Heap before GC invocations=71 (full 12):
[19.142s][debug  ][gc,heap        ] GC(70)  PSYoungGen      total 230912K, used 198461K [0x00000000f0000000, 0x0000000100000000, 0x0000000100000000)
[19.142s][debug  ][gc,heap        ] GC(70)   eden space 199680K, 99% used [0x00000000f0000000,0x00000000fc1cf518,0x00000000fc300000)
[19.142s][debug  ][gc,heap        ] GC(70)   from space 31232K, 0% used [0x00000000fe180000,0x00000000fe180000,0x0000000100000000)
[19.142s][debug  ][gc,heap        ] GC(70)   to   space 31232K, 0% used [0x00000000fc300000,0x00000000fc300000,0x00000000fe180000)
[19.142s][debug  ][gc,heap        ] GC(70)  ParOldGen       total 1835008K, used 708196K [0x0000000080000000, 0x00000000f0000000, 0x00000000f0000000)
[19.142s][debug  ][gc,heap        ] GC(70)   object space 1835008K, 38% used [0x0000000080000000,0x00000000ab3990d8,0x00000000f0000000)
[19.142s][debug  ][gc,heap        ] GC(70)  Metaspace       used 1021K, committed 1216K, reserved 1056768K
[19.142s][debug  ][gc,heap        ] GC(70)   class space    used 83K, committed 192K, reserved 1048576K
[19.143s][debug  ][gc,tlab        ] GC(70) TLAB totals: thrds: 1  refills: 1 max: 1 slow allocs: 18 max 18 waste: 27.6% gc: 3994600B max: 3994600B slow: 0B max: 0B
[19.143s][info   ][gc,start       ] GC(70) Pause Young (Allocation Failure)
[19.143s][debug  ][gc,phases,start] GC(70) Scavenge
[19.156s][debug  ][gc,phases      ] GC(70) Scavenge 13.687ms
[19.156s][debug  ][gc,phases,start] GC(70) Reference Processing
[19.156s][debug  ][gc,ref         ] GC(70) Skipped phase 1 of Reference Processing: no references
[19.156s][debug  ][gc,ref         ] GC(70) Skipped phase 2 of Reference Processing: no references
[19.157s][debug  ][gc,ref         ] GC(70) Skipped phase 3 of Reference Processing: no references
[19.157s][debug  ][gc,ref         ] GC(70) Skipped phase 4 of Reference Processing: no references
[19.157s][debug  ][gc,phases,ref  ] GC(70) Reference Processing: 0.1ms
[19.157s][debug  ][gc,phases,ref  ] GC(70)   Reconsider SoftReferences: 0.0ms
[19.157s][debug  ][gc,phases,ref  ] GC(70)     SoftRef (ms):                  skipped
[19.157s][debug  ][gc,phases,ref  ] GC(70)   Notify Soft/WeakReferences: 0.0ms
[19.157s][debug  ][gc,phases,ref  ] GC(70)     SoftRef (ms):                  skipped
[19.157s][debug  ][gc,phases,ref  ] GC(70)     WeakRef (ms):                  skipped
[19.157s][debug  ][gc,phases,ref  ] GC(70)     FinalRef (ms):                 skipped
[19.157s][debug  ][gc,phases,ref  ] GC(70)     Total (ms):                    skipped
[19.157s][debug  ][gc,phases,ref  ] GC(70)   Notify and keep alive finalizable: 0.0ms
[19.157s][debug  ][gc,phases,ref  ] GC(70)     FinalRef (ms):                 skipped
[19.157s][debug  ][gc,phases,ref  ] GC(70)   Notify PhantomReferences: 0.0ms
[19.157s][debug  ][gc,phases,ref  ] GC(70)     PhantomRef (ms):               skipped
[19.157s][debug  ][gc,phases,ref  ] GC(70)   SoftReference:
[19.157s][debug  ][gc,phases,ref  ] GC(70)     Discovered: 0
[19.157s][debug  ][gc,phases,ref  ] GC(70)     Cleared: 0
[19.157s][debug  ][gc,phases,ref  ] GC(70)   WeakReference:
[19.157s][debug  ][gc,phases,ref  ] GC(70)     Discovered: 0
[19.157s][debug  ][gc,phases,ref  ] GC(70)     Cleared: 0
[19.157s][debug  ][gc,phases,ref  ] GC(70)   FinalReference:
[19.157s][debug  ][gc,phases,ref  ] GC(70)     Discovered: 0
[19.157s][debug  ][gc,phases,ref  ] GC(70)     Cleared: 0
[19.157s][debug  ][gc,phases,ref  ] GC(70)   PhantomReference:
[19.157s][debug  ][gc,phases,ref  ] GC(70)     Discovered: 0
[19.157s][debug  ][gc,phases,ref  ] GC(70)     Cleared: 0
[19.157s][debug  ][gc,phases      ] GC(70) Reference Processing 0.680ms
[19.157s][debug  ][gc,phases,start] GC(70) Weak Processing
[19.157s][debug  ][gc,phases      ] GC(70)   VM Weak                        Min:  0.0, Avg:  0.0, Max:  0.0, Diff:  0.0, Sum:  0.0, Workers: 6
[19.157s][debug  ][gc,phases      ] GC(70)     Dead                           Min: 0, Avg:  0.0, Max: 0, Diff: 0, Sum: 0, Workers: 6
[19.157s][debug  ][gc,phases      ] GC(70)     Total                          Min: 0, Avg:  1.3, Max: 8, Diff: 8, Sum: 8, Workers: 6
[19.157s][debug  ][gc,phases      ] GC(70)   ObjectSynchronizer Weak        Min:  0.0, Avg:  0.0, Max:  0.0, Diff:  0.0, Sum:  0.0, Workers: 6
[19.157s][debug  ][gc,phases      ] GC(70)     Dead                           Min: 0, Avg:  0.0, Max: 0, Diff: 0, Sum: 0, Workers: 6
[19.157s][debug  ][gc,phases      ] GC(70)     Total                          Min: 0, Avg:  0.5, Max: 3, Diff: 3, Sum: 3, Workers: 6
[19.157s][debug  ][gc,phases      ] GC(70)   JVMTI Tag Weak OopStorage      Min:  0.0, Avg:  0.0, Max:  0.0, Diff:  0.0, Sum:  0.0, Workers: 6
[19.157s][debug  ][gc,phases      ] GC(70)     Dead                           Min: 0, Avg:  0.0, Max: 0, Diff: 0, Sum: 0, Workers: 6
[19.157s][debug  ][gc,phases      ] GC(70)     Total                          Min: 0, Avg:  0.0, Max: 0, Diff: 0, Sum: 0, Workers: 6
[19.158s][debug  ][gc,phases      ] GC(70)   StringTable Weak               Min:  0.0, Avg:  0.0, Max:  0.0, Diff:  0.0, Sum:  0.0, Workers: 6
[19.158s][debug  ][gc,phases      ] GC(70)     Dead                           Min: 0, Avg:  0.0, Max: 0, Diff: 0, Sum: 0, Workers: 6
[19.158s][debug  ][gc,phases      ] GC(70)     Total                          Min: 685, Avg: 892.8, Max: 1152, Diff: 467, Sum: 5357, Workers: 6
[19.158s][debug  ][gc,phases      ] GC(70)   ResolvedMethodTable Weak       Min:  0.0, Avg:  0.0, Max:  0.0, Diff:  0.0, Sum:  0.0, Workers: 6
[19.158s][debug  ][gc,phases      ] GC(70)     Dead                           Min: 0, Avg:  0.0, Max: 0, Diff: 0, Sum: 0, Workers: 6
[19.158s][debug  ][gc,phases      ] GC(70)     Total                          Min: 0, Avg: 21.7, Max: 64, Diff: 64, Sum: 130, Workers: 6
[19.158s][debug  ][gc,phases      ] GC(70)   JNI Weak                       Min:  0.0, Avg:  0.0, Max:  0.0, Diff:  0.0, Sum:  0.0, Workers: 6
[19.158s][debug  ][gc,phases      ] GC(70)     Dead                           Min: 0, Avg:  0.0, Max: 0, Diff: 0, Sum: 0, Workers: 6
[19.158s][debug  ][gc,phases      ] GC(70)     Total                          Min: 0, Avg:  0.0, Max: 0, Diff: 0, Sum: 0, Workers: 6
[19.158s][debug  ][gc,phases      ] GC(70)   StringDedup Table Weak         Min:  0.0, Avg:  0.0, Max:  0.0, Diff:  0.0, Sum:  0.0, Workers: 6
[19.158s][debug  ][gc,phases      ] GC(70)     Dead                           Min: 0, Avg:  0.0, Max: 0, Diff: 0, Sum: 0, Workers: 6
[19.158s][debug  ][gc,phases      ] GC(70)     Total                          Min: 0, Avg:  0.0, Max: 0, Diff: 0, Sum: 0, Workers: 6
[19.158s][debug  ][gc,phases      ] GC(70)   StringDedup Requests0 Weak     Min:  0.0, Avg:  0.0, Max:  0.0, Diff:  0.0, Sum:  0.0, Workers: 6
[19.158s][debug  ][gc,phases      ] GC(70)     Dead                           Min: 0, Avg:  0.0, Max: 0, Diff: 0, Sum: 0, Workers: 6
[19.158s][debug  ][gc,phases      ] GC(70)     Total                          Min: 0, Avg:  0.0, Max: 0, Diff: 0, Sum: 0, Workers: 6
[19.158s][debug  ][gc,phases      ] GC(70)   StringDedup Requests1 Weak     Min:  0.0, Avg:  0.0, Max:  0.0, Diff:  0.0, Sum:  0.0, Workers: 6
[19.158s][debug  ][gc,phases      ] GC(70)     Dead                           Min: 0, Avg:  0.0, Max: 0, Diff: 0, Sum: 0, Workers: 6
[19.158s][debug  ][gc,phases      ] GC(70)     Total                          Min: 0, Avg:  0.0, Max: 0, Diff: 0, Sum: 0, Workers: 6
[19.158s][debug  ][gc,phases      ] GC(70)   Weak JFR Old Object Samples    Min:  0.0, Avg:  0.0, Max:  0.0, Diff:  0.0, Sum:  0.0, Workers: 6
[19.158s][debug  ][gc,phases      ] GC(70)     Dead                           Min: 0, Avg:  0.0, Max: 0, Diff: 0, Sum: 0, Workers: 6
[19.158s][debug  ][gc,phases      ] GC(70)     Total                          Min: 0, Avg:  0.0, Max: 0, Diff: 0, Sum: 0, Workers: 6
[19.158s][debug  ][gc,phases      ] GC(70) Weak Processing 0.978ms
[19.158s][debug  ][gc,ergo        ] GC(70) AdaptiveSizeStart:  collection: 71 
[19.158s][debug  ][gc,ergo        ] GC(70) avg_survived_padded_avg: 31552794.000000
[19.158s][debug  ][gc,ergo        ] GC(70) avg_promoted_padded_avg: 257317248.000000  avg_pretenured_padded_avg: 0.000000  tenuring_thresh: 2  target_size: 31981568
[19.158s][debug  ][gc,age         ] GC(70) Desired survivor size 31981568 bytes, new threshold 2 (max threshold 15)
[19.158s][debug  ][gc,ergo        ] GC(70) PSAdaptiveSizePolicy::compute_eden_space_size limits: desired_eden_size: 224576519 old_eden_size: 204472320 eden_limit: 204472320 cur_eden: 204472320 max_eden_size: 204472320 avg_young_live: 25450800
[19.158s][debug  ][gc,ergo        ] GC(70) PSAdaptiveSizePolicy::compute_eden_space_size: costs minor_time: 0.046478 major_cost: 0.048064 mutator_cost: 0.905458 throughput_goal: 0.990000
[19.158s][debug  ][gc,ergo        ] GC(70) Live_space: 953021824 free_space: 1431306240
[19.158s][debug  ][gc,ergo        ] GC(70) Old eden_size: 204472320 desired_eden_size: 204472320
[19.158s][debug  ][gc,ergo        ] GC(70) AdaptiveSizeStop: collection: 71 
[19.158s][info   ][gc,heap        ] GC(70) PSYoungGen: 198461K(230912K)->30720K(230912K) Eden: 198461K(199680K)->0K(199680K) From: 0K(31232K)->30720K(31232K)
[19.158s][info   ][gc,heap        ] GC(70) ParOldGen: 708196K(1835008K)->872036K(1835008K)
[19.158s][info   ][gc,metaspace   ] GC(70) Metaspace: 1021K(1216K)->1021K(1216K) NonClass: 937K(1024K)->937K(1024K) Class: 83K(192K)->83K(192K)
[19.158s][info   ][gc             ] GC(70) Pause Young (Allocation Failure) 885M->881M(2017M) 15.840ms
[19.158s][info   ][gc,cpu         ] GC(70) User=0.16s Sys=0.00s Real=0.02s
[19.158s][debug  ][gc,heap        ] GC(70) Heap after GC invocations=71 (full 12):
[19.159s][debug  ][gc,heap        ] GC(70)  PSYoungGen      total 230912K, used 30720K [0x00000000f0000000, 0x0000000100000000, 0x0000000100000000)
[19.159s][debug  ][gc,heap        ] GC(70)   eden space 199680K, 0% used [0x00000000f0000000,0x00000000f0000000,0x00000000fc300000)
[19.159s][debug  ][gc,heap        ] GC(70)   from space 31232K, 98% used [0x00000000fc300000,0x00000000fe100030,0x00000000fe180000)
[19.159s][debug  ][gc,heap        ] GC(70)   to   space 31232K, 0% used [0x00000000fe180000,0x00000000fe180000,0x0000000100000000)
[19.159s][debug  ][gc,heap        ] GC(70)  ParOldGen       total 1835008K, used 872036K [0x0000000080000000, 0x00000000f0000000, 0x00000000f0000000)
[19.159s][debug  ][gc,heap        ] GC(70)   object space 1835008K, 47% used [0x0000000080000000,0x00000000b53991d8,0x00000000f0000000)
[19.159s][debug  ][gc,heap        ] GC(70)  Metaspace       used 1021K, committed 1216K, reserved 1056768K
[19.159s][debug  ][gc,heap        ] GC(70)   class space    used 83K, committed 192K, reserved 1048576K
[19.159s][debug  ][gc,task,time   ] GC(70) VM-Thread 191421311 191564242 191586830
[19.460s][debug  ][gc,heap        ] GC(71) Heap before GC invocations=72 (full 12):
[19.460s][debug  ][gc,heap        ] GC(71)  PSYoungGen      total 230912K, used 229114K [0x00000000f0000000, 0x0000000100000000, 0x0000000100000000)
[19.460s][debug  ][gc,heap        ] GC(71)   eden space 199680K, 99% used [0x00000000f0000000,0x00000000fc1be860,0x00000000fc300000)
[19.460s][debug  ][gc,heap        ] GC(71)   from space 31232K, 98% used [0x00000000fc300000,0x00000000fe100030,0x00000000fe180000)
[19.460s][debug  ][gc,heap        ] GC(71)   to   space 31232K, 0% used [0x00000000fe180000,0x00000000fe180000,0x0000000100000000)
[19.460s][debug  ][gc,heap        ] GC(71)  ParOldGen       total 1835008K, used 872036K [0x0000000080000000, 0x00000000f0000000, 0x00000000f0000000)
[19.460s][debug  ][gc,heap        ] GC(71)   object space 1835008K, 47% used [0x0000000080000000,0x00000000b53991d8,0x00000000f0000000)
[19.460s][debug  ][gc,heap        ] GC(71)  Metaspace       used 1021K, committed 1216K, reserved 1056768K
[19.460s][debug  ][gc,heap        ] GC(71)   class space    used 83K, committed 192K, reserved 1048576K
[19.460s][debug  ][gc,tlab        ] GC(71) TLAB totals: thrds: 1  refills: 1 max: 1 slow allocs: 18 max 18 waste: 27.2% gc: 3924744B max: 3924744B slow: 0B max: 0B
[19.460s][info   ][gc,start       ] GC(71) Pause Young (Allocation Failure)
[19.460s][debug  ][gc,phases,start] GC(71) Scavenge
[19.466s][debug  ][gc,phases      ] GC(71) Scavenge 5.562ms
[19.466s][debug  ][gc,phases,start] GC(71) Reference Processing
[19.466s][debug  ][gc,ref         ] GC(71) Skipped phase 1 of Reference Processing: no references
[19.466s][debug  ][gc,ref         ] GC(71) Skipped phase 2 of Reference Processing: no references
[19.466s][debug  ][gc,ref         ] GC(71) Skipped phase 3 of Reference Processing: no references
[19.466s][debug  ][gc,ref         ] GC(71) Skipped phase 4 of Reference Processing: no references
[19.466s][debug  ][gc,phases,ref  ] GC(71) Reference Processing: 0.1ms
[19.466s][debug  ][gc,phases,ref  ] GC(71)   Reconsider SoftReferences: 0.0ms
[19.466s][debug  ][gc,phases,ref  ] GC(71)     SoftRef (ms):                  skipped
[19.466s][debug  ][gc,phases,ref  ] GC(71)   Notify Soft/WeakReferences: 0.0ms
[19.466s][debug  ][gc,phases,ref  ] GC(71)     SoftRef (ms):                  skipped
[19.466s][debug  ][gc,phases,ref  ] GC(71)     WeakRef (ms):                  skipped
[19.466s][debug  ][gc,phases,ref  ] GC(71)     FinalRef (ms):                 skipped
[19.466s][debug  ][gc,phases,ref  ] GC(71)     Total (ms):                    skipped
[19.466s][debug  ][gc,phases,ref  ] GC(71)   Notify and keep alive finalizable: 0.0ms
[19.466s][debug  ][gc,phases,ref  ] GC(71)     FinalRef (ms):                 skipped
[19.466s][debug  ][gc,phases,ref  ] GC(71)   Notify PhantomReferences: 0.0ms
[19.466s][debug  ][gc,phases,ref  ] GC(71)     PhantomRef (ms):               skipped
[19.466s][debug  ][gc,phases,ref  ] GC(71)   SoftReference:
[19.466s][debug  ][gc,phases,ref  ] GC(71)     Discovered: 0
[19.466s][debug  ][gc,phases,ref  ] GC(71)     Cleared: 0
[19.466s][debug  ][gc,phases,ref  ] GC(71)   WeakReference:
[19.466s][debug  ][gc,phases,ref  ] GC(71)     Discovered: 0
[19.466s][debug  ][gc,phases,ref  ] GC(71)     Cleared: 0
[19.466s][debug  ][gc,phases,ref  ] GC(71)   FinalReference:
[19.466s][debug  ][gc,phases,ref  ] GC(71)     Discovered: 0
[19.466s][debug  ][gc,phases,ref  ] GC(71)     Cleared: 0
[19.466s][debug  ][gc,phases,ref  ] GC(71)   PhantomReference:
[19.466s][debug  ][gc,phases,ref  ] GC(71)     Discovered: 0
[19.466s][debug  ][gc,phases,ref  ] GC(71)     Cleared: 0
[19.466s][debug  ][gc,phases      ] GC(71) Reference Processing 0.673ms
[19.466s][debug  ][gc,phases,start] GC(71) Weak Processing
[19.466s][debug  ][gc,phases      ] GC(71)   VM Weak                        Min:  0.0, Avg:  0.0, Max:  0.0, Diff:  0.0, Sum:  0.0, Workers: 6
[19.466s][debug  ][gc,phases      ] GC(71)     Dead                           Min: 0, Avg:  0.0, Max: 0, Diff: 0, Sum: 0, Workers: 6
[19.467s][debug  ][gc,phases      ] GC(71)     Total                          Min: 0, Avg:  1.3, Max: 8, Diff: 8, Sum: 8, Workers: 6
[19.467s][debug  ][gc,phases      ] GC(71)   ObjectSynchronizer Weak        Min:  0.0, Avg:  0.0, Max:  0.0, Diff:  0.0, Sum:  0.0, Workers: 6
[19.467s][debug  ][gc,phases      ] GC(71)     Dead                           Min: 0, Avg:  0.0, Max: 0, Diff: 0, Sum: 0, Workers: 6
[19.467s][debug  ][gc,phases      ] GC(71)     Total                          Min: 0, Avg:  0.5, Max: 3, Diff: 3, Sum: 3, Workers: 6
[19.467s][debug  ][gc,phases      ] GC(71)   JVMTI Tag Weak OopStorage      Min:  0.0, Avg:  0.0, Max:  0.0, Diff:  0.0, Sum:  0.0, Workers: 6
[19.467s][debug  ][gc,phases      ] GC(71)     Dead                           Min: 0, Avg:  0.0, Max: 0, Diff: 0, Sum: 0, Workers: 6
[19.467s][debug  ][gc,phases      ] GC(71)     Total                          Min: 0, Avg:  0.0, Max: 0, Diff: 0, Sum: 0, Workers: 6
[19.467s][debug  ][gc,phases      ] GC(71)   StringTable Weak               Min:  0.0, Avg:  0.0, Max:  0.0, Diff:  0.0, Sum:  0.0, Workers: 6
[19.467s][debug  ][gc,phases      ] GC(71)     Dead                           Min: 0, Avg:  0.0, Max: 0, Diff: 0, Sum: 0, Workers: 6
[19.467s][debug  ][gc,phases      ] GC(71)     Total                          Min: 686, Avg: 892.8, Max: 1023, Diff: 337, Sum: 5357, Workers: 6
[19.467s][debug  ][gc,phases      ] GC(71)   ResolvedMethodTable Weak       Min:  0.0, Avg:  0.0, Max:  0.0, Diff:  0.0, Sum:  0.0, Workers: 6
[19.467s][debug  ][gc,phases      ] GC(71)     Dead                           Min: 0, Avg:  0.0, Max: 0, Diff: 0, Sum: 0, Workers: 6
[19.467s][debug  ][gc,phases      ] GC(71)     Total                          Min: 0, Avg: 21.7, Max: 64, Diff: 64, Sum: 130, Workers: 6
[19.467s][debug  ][gc,phases      ] GC(71)   JNI Weak                       Min:  0.0, Avg:  0.0, Max:  0.0, Diff:  0.0, Sum:  0.0, Workers: 6
[19.467s][debug  ][gc,phases      ] GC(71)     Dead                           Min: 0, Avg:  0.0, Max: 0, Diff: 0, Sum: 0, Workers: 6
[19.467s][debug  ][gc,phases      ] GC(71)     Total                          Min: 0, Avg:  0.0, Max: 0, Diff: 0, Sum: 0, Workers: 6
[19.467s][debug  ][gc,phases      ] GC(71)   StringDedup Table Weak         Min:  0.0, Avg:  0.0, Max:  0.0, Diff:  0.0, Sum:  0.0, Workers: 6
[19.467s][debug  ][gc,phases      ] GC(71)     Dead                           Min: 0, Avg:  0.0, Max: 0, Diff: 0, Sum: 0, Workers: 6
[19.467s][debug  ][gc,phases      ] GC(71)     Total                          Min: 0, Avg:  0.0, Max: 0, Diff: 0, Sum: 0, Workers: 6
[19.467s][debug  ][gc,phases      ] GC(71)   StringDedup Requests0 Weak     Min:  0.0, Avg:  0.0, Max:  0.0, Diff:  0.0, Sum:  0.0, Workers: 6
[19.467s][debug  ][gc,phases      ] GC(71)     Dead                           Min: 0, Avg:  0.0, Max: 0, Diff: 0, Sum: 0, Workers: 6
[19.467s][debug  ][gc,phases      ] GC(71)     Total                          Min: 0, Avg:  0.0, Max: 0, Diff: 0, Sum: 0, Workers: 6
[19.467s][debug  ][gc,phases      ] GC(71)   StringDedup Requests1 Weak     Min:  0.0, Avg:  0.0, Max:  0.0, Diff:  0.0, Sum:  0.0, Workers: 6
[19.467s][debug  ][gc,phases      ] GC(71)     Dead                           Min: 0, Avg:  0.0, Max: 0, Diff: 0, Sum: 0, Workers: 6
[19.467s][debug  ][gc,phases      ] GC(71)     Total                          Min: 0, Avg:  0.0, Max: 0, Diff: 0, Sum: 0, Workers: 6
[19.467s][debug  ][gc,phases      ] GC(71)   Weak JFR Old Object Samples    Min:  0.0, Avg:  0.0, Max:  0.0, Diff:  0.0, Sum:  0.0, Workers: 6
[19.467s][debug  ][gc,phases      ] GC(71)     Dead                           Min: 0, Avg:  0.0, Max: 0, Diff: 0, Sum: 0, Workers: 6
[19.467s][debug  ][gc,phases      ] GC(71)     Total                          Min: 0, Avg:  0.0, Max: 0, Diff: 0, Sum: 0, Workers: 6
[19.467s][debug  ][gc,phases      ] GC(71) Weak Processing 0.864ms
[19.467s][debug  ][gc,ergo        ] GC(71) AdaptiveSizeStart:  collection: 72 
[19.467s][debug  ][gc,ergo        ] GC(71) avg_survived_padded_avg: 31544756.000000
[19.467s][debug  ][gc,ergo        ] GC(71) avg_promoted_padded_avg: 271712960.000000  avg_pretenured_padded_avg: 0.000000  tenuring_thresh: 3  target_size: 31981568
[19.467s][debug  ][gc,age         ] GC(71) Desired survivor size 31981568 bytes, new threshold 3 (max threshold 15)
[19.467s][debug  ][gc,ergo        ] GC(71) PSAdaptiveSizePolicy::compute_eden_space_size limits: desired_eden_size: 223224146 old_eden_size: 204472320 eden_limit: 204472320 cur_eden: 204472320 max_eden_size: 204472320 avg_young_live: 26051452
[19.467s][debug  ][gc,ergo        ] GC(71) PSAdaptiveSizePolicy::compute_eden_space_size: costs minor_time: 0.040704 major_cost: 0.048064 mutator_cost: 0.911232 throughput_goal: 0.990000
[19.467s][debug  ][gc,ergo        ] GC(71) Live_space: 953622464 free_space: 1431306240
[19.467s][debug  ][gc,ergo        ] GC(71) Old eden_size: 204472320 desired_eden_size: 204472320
[19.467s][debug  ][gc,ergo        ] GC(71) AdaptiveSizeStop: collection: 72 
[19.468s][info   ][gc,heap        ] GC(71) PSYoungGen: 229114K(230912K)->30720K(230912K) Eden: 198394K(199680K)->0K(199680K) From: 30720K(31232K)->30720K(31232K)
[19.468s][info   ][gc,heap        ] GC(71) ParOldGen: 872036K(1835008K)->912996K(1835008K)
[19.468s][info   ][gc,metaspace   ] GC(71) Metaspace: 1021K(1216K)->1021K(1216K) NonClass: 937K(1024K)->937K(1024K) Class: 83K(192K)->83K(192K)
[19.468s][info   ][gc             ] GC(71) Pause Young (Allocation Failure) 1075M->921M(2017M) 7.625ms
[19.468s][info   ][gc,cpu         ] GC(71) User=0.11s Sys=0.00s Real=0.01s
[19.468s][debug  ][gc,heap        ] GC(71) Heap after GC invocations=72 (full 12):
[19.468s][debug  ][gc,heap        ] GC(71)  PSYoungGen      total 230912K, used 30720K [0x00000000f0000000, 0x0000000100000000, 0x0000000100000000)
[19.468s][debug  ][gc,heap        ] GC(71)   eden space 199680K, 0% used [0x00000000f0000000,0x00000000f0000000,0x00000000fc300000)
[19.468s][debug  ][gc,heap        ] GC(71)   from space 31232K, 98% used [0x00000000fe180000,0x00000000fff80030,0x0000000100000000)
[19.468s][debug  ][gc,heap        ] GC(71)   to   space 31232K, 0% used [0x00000000fc300000,0x00000000fc300000,0x00000000fe180000)
[19.468s][debug  ][gc,heap        ] GC(71)  ParOldGen       total 1835008K, used 912996K [0x0000000080000000, 0x00000000f0000000, 0x00000000f0000000)
[19.468s][debug  ][gc,heap        ] GC(71)   object space 1835008K, 49% used [0x0000000080000000,0x00000000b7b99218,0x00000000f0000000)
[19.468s][debug  ][gc,heap        ] GC(71)  Metaspace       used 1021K, committed 1216K, reserved 1056768K
[19.468s][debug  ][gc,heap        ] GC(71)   class space    used 83K, committed 192K, reserved 1048576K
[19.468s][debug  ][gc,task,time   ] GC(71) VM-Thread 194594984 194657073 194679329
[19.779s][debug  ][gc,heap        ] GC(72) Heap before GC invocations=73 (full 12):
[19.779s][debug  ][gc,heap        ] GC(72)  PSYoungGen      total 230912K, used 229143K [0x00000000f0000000, 0x0000000100000000, 0x0000000100000000)
[19.779s][debug  ][gc,heap        ] GC(72)   eden space 199680K, 99% used [0x00000000f0000000,0x00000000fc1c5c10,0x00000000fc300000)
[19.779s][debug  ][gc,heap        ] GC(72)   from space 31232K, 98% used [0x00000000fe180000,0x00000000fff80030,0x0000000100000000)
[19.779s][debug  ][gc,heap        ] GC(72)   to   space 31232K, 0% used [0x00000000fc300000,0x00000000fc300000,0x00000000fe180000)
[19.779s][debug  ][gc,heap        ] GC(72)  ParOldGen       total 1835008K, used 912996K [0x0000000080000000, 0x00000000f0000000, 0x00000000f0000000)
[19.779s][debug  ][gc,heap        ] GC(72)   object space 1835008K, 49% used [0x0000000080000000,0x00000000b7b99218,0x00000000f0000000)
[19.779s][debug  ][gc,heap        ] GC(72)  Metaspace       used 1021K, committed 1216K, reserved 1056768K
[19.779s][debug  ][gc,heap        ] GC(72)   class space    used 83K, committed 192K, reserved 1048576K
[19.779s][debug  ][gc,tlab        ] GC(72) TLAB totals: thrds: 1  refills: 1 max: 1 slow allocs: 18 max 18 waste: 27.4% gc: 3955424B max: 3955424B slow: 0B max: 0B
[19.779s][info   ][gc,start       ] GC(72) Pause Young (Allocation Failure)
[19.779s][debug  ][gc,phases,start] GC(72) Scavenge
[19.794s][debug  ][gc,phases      ] GC(72) Scavenge 15.387ms
[19.794s][debug  ][gc,phases,start] GC(72) Reference Processing
[19.794s][debug  ][gc,ref         ] GC(72) Skipped phase 1 of Reference Processing: no references
[19.794s][debug  ][gc,ref         ] GC(72) Skipped phase 2 of Reference Processing: no references
[19.795s][debug  ][gc,ref         ] GC(72) Skipped phase 3 of Reference Processing: no references
[19.795s][debug  ][gc,ref         ] GC(72) Skipped phase 4 of Reference Processing: no references
[19.795s][debug  ][gc,phases,ref  ] GC(72) Reference Processing: 0.1ms
[19.795s][debug  ][gc,phases,ref  ] GC(72)   Reconsider SoftReferences: 0.0ms
[19.795s][debug  ][gc,phases,ref  ] GC(72)     SoftRef (ms):                  skipped
[19.795s][debug  ][gc,phases,ref  ] GC(72)   Notify Soft/WeakReferences: 0.0ms
[19.795s][debug  ][gc,phases,ref  ] GC(72)     SoftRef (ms):                  skipped
[19.795s][debug  ][gc,phases,ref  ] GC(72)     WeakRef (ms):                  skipped
[19.795s][debug  ][gc,phases,ref  ] GC(72)     FinalRef (ms):                 skipped
[19.795s][debug  ][gc,phases,ref  ] GC(72)     Total (ms):                    skipped
[19.795s][debug  ][gc,phases,ref  ] GC(72)   Notify and keep alive finalizable: 0.0ms
[19.795s][debug  ][gc,phases,ref  ] GC(72)     FinalRef (ms):                 skipped
[19.795s][debug  ][gc,phases,ref  ] GC(72)   Notify PhantomReferences: 0.0ms
[19.795s][debug  ][gc,phases,ref  ] GC(72)     PhantomRef (ms):               skipped
[19.795s][debug  ][gc,phases,ref  ] GC(72)   SoftReference:
[19.795s][debug  ][gc,phases,ref  ] GC(72)     Discovered: 0
[19.795s][debug  ][gc,phases,ref  ] GC(72)     Cleared: 0
[19.795s][debug  ][gc,phases,ref  ] GC(72)   WeakReference:
[19.795s][debug  ][gc,phases,ref  ] GC(72)     Discovered: 0
[19.795s][debug  ][gc,phases,ref  ] GC(72)     Cleared: 0
[19.795s][debug  ][gc,phases,ref  ] GC(72)   FinalReference:
[19.795s][debug  ][gc,phases,ref  ] GC(72)     Discovered: 0
[19.795s][debug  ][gc,phases,ref  ] GC(72)     Cleared: 0
[19.795s][debug  ][gc,phases,ref  ] GC(72)   PhantomReference:
[19.795s][debug  ][gc,phases,ref  ] GC(72)     Discovered: 0
[19.795s][debug  ][gc,phases,ref  ] GC(72)     Cleared: 0
[19.795s][debug  ][gc,phases      ] GC(72) Reference Processing 0.634ms
[19.795s][debug  ][gc,phases,start] GC(72) Weak Processing
[19.795s][debug  ][gc,phases      ] GC(72)   VM Weak                        Min:  0.0, Avg:  0.0, Max:  0.0, Diff:  0.0, Sum:  0.0, Workers: 6
[19.795s][debug  ][gc,phases      ] GC(72)     Dead                           Min: 0, Avg:  0.0, Max: 0, Diff: 0, Sum: 0, Workers: 6
[19.795s][debug  ][gc,phases      ] GC(72)     Total                          Min: 0, Avg:  1.3, Max: 8, Diff: 8, Sum: 8, Workers: 6
[19.795s][debug  ][gc,phases      ] GC(72)   ObjectSynchronizer Weak        Min:  0.0, Avg:  0.0, Max:  0.0, Diff:  0.0, Sum:  0.0, Workers: 6
[19.795s][debug  ][gc,phases      ] GC(72)     Dead                           Min: 0, Avg:  0.0, Max: 0, Diff: 0, Sum: 0, Workers: 6
[19.795s][debug  ][gc,phases      ] GC(72)     Total                          Min: 0, Avg:  0.5, Max: 3, Diff: 3, Sum: 3, Workers: 6
[19.795s][debug  ][gc,phases      ] GC(72)   JVMTI Tag Weak OopStorage      Min:  0.0, Avg:  0.0, Max:  0.0, Diff:  0.0, Sum:  0.0, Workers: 6
[19.795s][debug  ][gc,phases      ] GC(72)     Dead                           Min: 0, Avg:  0.0, Max: 0, Diff: 0, Sum: 0, Workers: 6
[19.795s][debug  ][gc,phases      ] GC(72)     Total                          Min: 0, Avg:  0.0, Max: 0, Diff: 0, Sum: 0, Workers: 6
[19.795s][debug  ][gc,phases      ] GC(72)   StringTable Weak               Min:  0.0, Avg:  0.0, Max:  0.0, Diff:  0.0, Sum:  0.1, Workers: 6
[19.795s][debug  ][gc,phases      ] GC(72)     Dead                           Min: 0, Avg:  0.0, Max: 0, Diff: 0, Sum: 0, Workers: 6
[19.795s][debug  ][gc,phases      ] GC(72)     Total                          Min: 0, Avg: 892.8, Max: 1280, Diff: 1280, Sum: 5357, Workers: 6
[19.795s][debug  ][gc,phases      ] GC(72)   ResolvedMethodTable Weak       Min:  0.0, Avg:  0.0, Max:  0.0, Diff:  0.0, Sum:  0.0, Workers: 6
[19.795s][debug  ][gc,phases      ] GC(72)     Dead                           Min: 0, Avg:  0.0, Max: 0, Diff: 0, Sum: 0, Workers: 6
[19.796s][debug  ][gc,phases      ] GC(72)     Total                          Min: 0, Avg: 21.7, Max: 64, Diff: 64, Sum: 130, Workers: 6
[19.796s][debug  ][gc,phases      ] GC(72)   JNI Weak                       Min:  0.0, Avg:  0.0, Max:  0.0, Diff:  0.0, Sum:  0.0, Workers: 6
[19.796s][debug  ][gc,phases      ] GC(72)     Dead                           Min: 0, Avg:  0.0, Max: 0, Diff: 0, Sum: 0, Workers: 6
[19.796s][debug  ][gc,phases      ] GC(72)     Total                          Min: 0, Avg:  0.0, Max: 0, Diff: 0, Sum: 0, Workers: 6
[19.796s][debug  ][gc,phases      ] GC(72)   StringDedup Table Weak         Min:  0.0, Avg:  0.0, Max:  0.0, Diff:  0.0, Sum:  0.0, Workers: 6
[19.796s][debug  ][gc,phases      ] GC(72)     Dead                           Min: 0, Avg:  0.0, Max: 0, Diff: 0, Sum: 0, Workers: 6
[19.796s][debug  ][gc,phases      ] GC(72)     Total                          Min: 0, Avg:  0.0, Max: 0, Diff: 0, Sum: 0, Workers: 6
[19.796s][debug  ][gc,phases      ] GC(72)   StringDedup Requests0 Weak     Min:  0.0, Avg:  0.0, Max:  0.0, Diff:  0.0, Sum:  0.0, Workers: 6
[19.796s][debug  ][gc,phases      ] GC(72)     Dead                           Min: 0, Avg:  0.0, Max: 0, Diff: 0, Sum: 0, Workers: 6
[19.796s][debug  ][gc,phases      ] GC(72)     Total                          Min: 0, Avg:  0.0, Max: 0, Diff: 0, Sum: 0, Workers: 6
[19.796s][debug  ][gc,phases      ] GC(72)   StringDedup Requests1 Weak     Min:  0.0, Avg:  0.0, Max:  0.0, Diff:  0.0, Sum:  0.0, Workers: 6
[19.796s][debug  ][gc,phases      ] GC(72)     Dead                           Min: 0, Avg:  0.0, Max: 0, Diff: 0, Sum: 0, Workers: 6
[19.796s][debug  ][gc,phases      ] GC(72)     Total                          Min: 0, Avg:  0.0, Max: 0, Diff: 0, Sum: 0, Workers: 6
[19.796s][debug  ][gc,phases      ] GC(72)   Weak JFR Old Object Samples    Min:  0.0, Avg:  0.0, Max:  0.0, Diff:  0.0, Sum:  0.0, Workers: 6
[19.796s][debug  ][gc,phases      ] GC(72)     Dead                           Min: 0, Avg:  0.0, Max: 0, Diff: 0, Sum: 0, Workers: 6
[19.796s][debug  ][gc,phases      ] GC(72)     Total                          Min: 0, Avg:  0.0, Max: 0, Diff: 0, Sum: 0, Workers: 6
[19.796s][debug  ][gc,phases      ] GC(72) Weak Processing 0.781ms
[19.796s][debug  ][gc,ergo        ] GC(72) AdaptiveSizeStart:  collection: 73 
[19.796s][debug  ][gc,ergo        ] GC(72) avg_survived_padded_avg: 31537372.000000
[19.796s][debug  ][gc,ergo        ] GC(72) avg_promoted_padded_avg: 274592224.000000  avg_pretenured_padded_avg: 0.000000  tenuring_thresh: 4  target_size: 31981568
[19.796s][debug  ][gc,age         ] GC(72) Desired survivor size 31981568 bytes, new threshold 4 (max threshold 15)
[19.796s][debug  ][gc,ergo        ] GC(72) PSAdaptiveSizePolicy::compute_eden_space_size limits: desired_eden_size: 223874697 old_eden_size: 204472320 eden_limit: 204472320 cur_eden: 204472320 max_eden_size: 204472320 avg_young_live: 26592040
[19.796s][debug  ][gc,ergo        ] GC(72) PSAdaptiveSizePolicy::compute_eden_space_size: costs minor_time: 0.043391 major_cost: 0.048064 mutator_cost: 0.908545 throughput_goal: 0.990000
[19.796s][debug  ][gc,ergo        ] GC(72) Live_space: 954163072 free_space: 1431306240
[19.796s][debug  ][gc,ergo        ] GC(72) Old eden_size: 204472320 desired_eden_size: 204472320
[19.796s][debug  ][gc,ergo        ] GC(72) AdaptiveSizeStop: collection: 73 
[19.796s][info   ][gc,heap        ] GC(72) PSYoungGen: 229143K(230912K)->30720K(230912K) Eden: 198423K(199680K)->0K(199680K) From: 30720K(31232K)->30720K(31232K)
[19.796s][info   ][gc,heap        ] GC(72) ParOldGen: 912996K(1835008K)->1107556K(1835008K)
[19.796s][info   ][gc,metaspace   ] GC(72) Metaspace: 1021K(1216K)->1021K(1216K) NonClass: 937K(1024K)->937K(1024K) Class: 83K(192K)->83K(192K)
[19.796s][info   ][gc             ] GC(72) Pause Young (Allocation Failure) 1115M->1111M(2017M) 17.213ms
[19.796s][info   ][gc,cpu         ] GC(72) User=0.14s Sys=0.00s Real=0.02s
[19.796s][debug  ][gc,heap        ] GC(72) Heap after GC invocations=73 (full 12):
[19.796s][debug  ][gc,heap        ] GC(72)  PSYoungGen      total 230912K, used 30720K [0x00000000f0000000, 0x0000000100000000, 0x0000000100000000)
[19.796s][debug  ][gc,heap        ] GC(72)   eden space 199680K, 0% used [0x00000000f0000000,0x00000000f0000000,0x00000000fc300000)
[19.796s][debug  ][gc,heap        ] GC(72)   from space 31232K, 98% used [0x00000000fc300000,0x00000000fe100030,0x00000000fe180000)
[19.796s][debug  ][gc,heap        ] GC(72)   to   space 31232K, 0% used [0x00000000fe180000,0x00000000fe180000,0x0000000100000000)
[19.796s][debug  ][gc,heap        ] GC(72)  ParOldGen       total 1835008K, used 1107556K [0x0000000080000000, 0x00000000f0000000, 0x00000000f0000000)
[19.796s][debug  ][gc,heap        ] GC(72)   object space 1835008K, 60% used [0x0000000080000000,0x00000000c3999348,0x00000000f0000000)
[19.796s][debug  ][gc,heap        ] GC(72)  Metaspace       used 1021K, committed 1216K, reserved 1056768K
[19.796s][debug  ][gc,heap        ] GC(72)   class space    used 83K, committed 192K, reserved 1048576K
[19.796s][debug  ][gc,task,time   ] GC(72) VM-Thread 197785403 197944332 197964414
[20.093s][debug  ][gc,heap        ] GC(73) Heap before GC invocations=74 (full 12):
[20.093s][debug  ][gc,heap        ] GC(73)  PSYoungGen      total 230912K, used 229161K [0x00000000f0000000, 0x0000000100000000, 0x0000000100000000)
[20.093s][debug  ][gc,heap        ] GC(73)   eden space 199680K, 99% used [0x00000000f0000000,0x00000000fc1ca678,0x00000000fc300000)
[20.093s][debug  ][gc,heap        ] GC(73)   from space 31232K, 98% used [0x00000000fc300000,0x00000000fe100030,0x00000000fe180000)
[20.093s][debug  ][gc,heap        ] GC(73)   to   space 31232K, 0% used [0x00000000fe180000,0x00000000fe180000,0x0000000100000000)
[20.093s][debug  ][gc,heap        ] GC(73)  ParOldGen       total 1835008K, used 1107556K [0x0000000080000000, 0x00000000f0000000, 0x00000000f0000000)
[20.093s][debug  ][gc,heap        ] GC(73)   object space 1835008K, 60% used [0x0000000080000000,0x00000000c3999348,0x00000000f0000000)
[20.093s][debug  ][gc,heap        ] GC(73)  Metaspace       used 1021K, committed 1216K, reserved 1056768K
[20.093s][debug  ][gc,heap        ] GC(73)   class space    used 83K, committed 192K, reserved 1048576K
[20.093s][debug  ][gc,tlab        ] GC(73) TLAB totals: thrds: 1  refills: 1 max: 1 slow allocs: 18 max 18 waste: 27.5% gc: 3974472B max: 3974472B slow: 0B max: 0B
[20.093s][info   ][gc,start       ] GC(73) Pause Young (Allocation Failure)
[20.093s][debug  ][gc,phases,start] GC(73) Scavenge
[20.109s][debug  ][gc,phases      ] GC(73) Scavenge 15.705ms
[20.109s][debug  ][gc,phases,start] GC(73) Reference Processing
[20.109s][debug  ][gc,ref         ] GC(73) Skipped phase 1 of Reference Processing: no references
[20.109s][debug  ][gc,ref         ] GC(73) Skipped phase 2 of Reference Processing: no references
[20.109s][debug  ][gc,ref         ] GC(73) Skipped phase 3 of Reference Processing: no references
[20.109s][debug  ][gc,ref         ] GC(73) Skipped phase 4 of Reference Processing: no references
[20.109s][debug  ][gc,phases,ref  ] GC(73) Reference Processing: 0.1ms
[20.109s][debug  ][gc,phases,ref  ] GC(73)   Reconsider SoftReferences: 0.0ms
[20.109s][debug  ][gc,phases,ref  ] GC(73)     SoftRef (ms):                  skipped
[20.109s][debug  ][gc,phases,ref  ] GC(73)   Notify Soft/WeakReferences: 0.0ms
[20.109s][debug  ][gc,phases,ref  ] GC(73)     SoftRef (ms):                  skipped
[20.109s][debug  ][gc,phases,ref  ] GC(73)     WeakRef (ms):                  skipped
[20.109s][debug  ][gc,phases,ref  ] GC(73)     FinalRef (ms):                 skipped
[20.109s][debug  ][gc,phases,ref  ] GC(73)     Total (ms):                    skipped
[20.109s][debug  ][gc,phases,ref  ] GC(73)   Notify and keep alive finalizable: 0.0ms
[20.109s][debug  ][gc,phases,ref  ] GC(73)     FinalRef (ms):                 skipped
[20.109s][debug  ][gc,phases,ref  ] GC(73)   Notify PhantomReferences: 0.0ms
[20.109s][debug  ][gc,phases,ref  ] GC(73)     PhantomRef (ms):               skipped
[20.109s][debug  ][gc,phases,ref  ] GC(73)   SoftReference:
[20.109s][debug  ][gc,phases,ref  ] GC(73)     Discovered: 0
[20.109s][debug  ][gc,phases,ref  ] GC(73)     Cleared: 0
[20.109s][debug  ][gc,phases,ref  ] GC(73)   WeakReference:
[20.109s][debug  ][gc,phases,ref  ] GC(73)     Discovered: 0
[20.109s][debug  ][gc,phases,ref  ] GC(73)     Cleared: 0
[20.109s][debug  ][gc,phases,ref  ] GC(73)   FinalReference:
[20.109s][debug  ][gc,phases,ref  ] GC(73)     Discovered: 0
[20.109s][debug  ][gc,phases,ref  ] GC(73)     Cleared: 0
[20.109s][debug  ][gc,phases,ref  ] GC(73)   PhantomReference:
[20.109s][debug  ][gc,phases,ref  ] GC(73)     Discovered: 0
[20.109s][debug  ][gc,phases,ref  ] GC(73)     Cleared: 0
[20.109s][debug  ][gc,phases      ] GC(73) Reference Processing 0.567ms
[20.110s][debug  ][gc,phases,start] GC(73) Weak Processing
[20.110s][debug  ][gc,phases      ] GC(73)   VM Weak                        Min:  0.0, Avg:  0.0, Max:  0.0, Diff:  0.0, Sum:  0.0, Workers: 6
[20.110s][debug  ][gc,phases      ] GC(73)     Dead                           Min: 0, Avg:  0.0, Max: 0, Diff: 0, Sum: 0, Workers: 6
[20.110s][debug  ][gc,phases      ] GC(73)     Total                          Min: 0, Avg:  1.3, Max: 8, Diff: 8, Sum: 8, Workers: 6
[20.110s][debug  ][gc,phases      ] GC(73)   ObjectSynchronizer Weak        Min:  0.0, Avg:  0.0, Max:  0.0, Diff:  0.0, Sum:  0.0, Workers: 6
[20.110s][debug  ][gc,phases      ] GC(73)     Dead                           Min: 0, Avg:  0.0, Max: 0, Diff: 0, Sum: 0, Workers: 6
[20.110s][debug  ][gc,phases      ] GC(73)     Total                          Min: 0, Avg:  0.5, Max: 3, Diff: 3, Sum: 3, Workers: 6
[20.110s][debug  ][gc,phases      ] GC(73)   JVMTI Tag Weak OopStorage      Min:  0.0, Avg:  0.0, Max:  0.0, Diff:  0.0, Sum:  0.0, Workers: 6
[20.110s][debug  ][gc,phases      ] GC(73)     Dead                           Min: 0, Avg:  0.0, Max: 0, Diff: 0, Sum: 0, Workers: 6
[20.110s][debug  ][gc,phases      ] GC(73)     Total                          Min: 0, Avg:  0.0, Max: 0, Diff: 0, Sum: 0, Workers: 6
[20.110s][debug  ][gc,phases      ] GC(73)   StringTable Weak               Min:  0.0, Avg:  0.0, Max:  0.0, Diff:  0.0, Sum:  0.0, Workers: 6
[20.110s][debug  ][gc,phases      ] GC(73)     Dead                           Min: 0, Avg:  0.0, Max: 0, Diff: 0, Sum: 0, Workers: 6
[20.110s][debug  ][gc,phases      ] GC(73)     Total                          Min: 768, Avg: 892.8, Max: 1088, Diff: 320, Sum: 5357, Workers: 6
[20.110s][debug  ][gc,phases      ] GC(73)   ResolvedMethodTable Weak       Min:  0.0, Avg:  0.0, Max:  0.0, Diff:  0.0, Sum:  0.0, Workers: 6
[20.110s][debug  ][gc,phases      ] GC(73)     Dead                           Min: 0, Avg:  0.0, Max: 0, Diff: 0, Sum: 0, Workers: 6
[20.110s][debug  ][gc,phases      ] GC(73)     Total                          Min: 0, Avg: 21.7, Max: 64, Diff: 64, Sum: 130, Workers: 6
[20.110s][debug  ][gc,phases      ] GC(73)   JNI Weak                       Min:  0.0, Avg:  0.0, Max:  0.0, Diff:  0.0, Sum:  0.0, Workers: 6
[20.110s][debug  ][gc,phases      ] GC(73)     Dead                           Min: 0, Avg:  0.0, Max: 0, Diff: 0, Sum: 0, Workers: 6
[20.110s][debug  ][gc,phases      ] GC(73)     Total                          Min: 0, Avg:  0.0, Max: 0, Diff: 0, Sum: 0, Workers: 6
[20.110s][debug  ][gc,phases      ] GC(73)   StringDedup Table Weak         Min:  0.0, Avg:  0.0, Max:  0.0, Diff:  0.0, Sum:  0.0, Workers: 6
[20.110s][debug  ][gc,phases      ] GC(73)     Dead                           Min: 0, Avg:  0.0, Max: 0, Diff: 0, Sum: 0, Workers: 6
[20.110s][debug  ][gc,phases      ] GC(73)     Total                          Min: 0, Avg:  0.0, Max: 0, Diff: 0, Sum: 0, Workers: 6
[20.110s][debug  ][gc,phases      ] GC(73)   StringDedup Requests0 Weak     Min:  0.0, Avg:  0.0, Max:  0.0, Diff:  0.0, Sum:  0.0, Workers: 6
[20.110s][debug  ][gc,phases      ] GC(73)     Dead                           Min: 0, Avg:  0.0, Max: 0, Diff: 0, Sum: 0, Workers: 6
[20.110s][debug  ][gc,phases      ] GC(73)     Total                          Min: 0, Avg:  0.0, Max: 0, Diff: 0, Sum: 0, Workers: 6
[20.110s][debug  ][gc,phases      ] GC(73)   StringDedup Requests1 Weak     Min:  0.0, Avg:  0.0, Max:  0.0, Diff:  0.0, Sum:  0.0, Workers: 6
[20.110s][debug  ][gc,phases      ] GC(73)     Dead                           Min: 0, Avg:  0.0, Max: 0, Diff: 0, Sum: 0, Workers: 6
[20.110s][debug  ][gc,phases      ] GC(73)     Total                          Min: 0, Avg:  0.0, Max: 0, Diff: 0, Sum: 0, Workers: 6
[20.110s][debug  ][gc,phases      ] GC(73)   Weak JFR Old Object Samples    Min:  0.0, Avg:  0.0, Max:  0.0, Diff:  0.0, Sum:  0.0, Workers: 6
[20.110s][debug  ][gc,phases      ] GC(73)     Dead                           Min: 0, Avg:  0.0, Max: 0, Diff: 0, Sum: 0, Workers: 6
[20.110s][debug  ][gc,phases      ] GC(73)     Total                          Min: 0, Avg:  0.0, Max: 0, Diff: 0, Sum: 0, Workers: 6
[20.110s][debug  ][gc,phases      ] GC(73) Weak Processing 0.686ms
[20.110s][debug  ][gc,ergo        ] GC(73) AdaptiveSizeStart:  collection: 74 
[20.110s][debug  ][gc,ergo        ] GC(73) avg_survived_padded_avg: 31530588.000000
[20.110s][debug  ][gc,ergo        ] GC(73) avg_promoted_padded_avg: 276170752.000000  avg_pretenured_padded_avg: 0.000000  tenuring_thresh: 4  target_size: 31981568
[20.110s][debug  ][gc,age         ] GC(73) Desired survivor size 31981568 bytes, new threshold 4 (max threshold 15)
[20.110s][debug  ][gc,ergo        ] GC(73) PSAdaptiveSizePolicy::compute_eden_space_size limits: desired_eden_size: 224501405 old_eden_size: 204472320 eden_limit: 204472320 cur_eden: 204472320 max_eden_size: 204472320 avg_young_live: 27078568
[20.110s][debug  ][gc,ergo        ] GC(73) PSAdaptiveSizePolicy::compute_eden_space_size: costs minor_time: 0.046138 major_cost: 0.048064 mutator_cost: 0.905799 throughput_goal: 0.990000
[20.110s][debug  ][gc,ergo        ] GC(73) Live_space: 954649600 free_space: 1431306240
[20.110s][debug  ][gc,ergo        ] GC(73) Old eden_size: 204472320 desired_eden_size: 204472320
[20.110s][debug  ][gc,ergo        ] GC(73) AdaptiveSizeStop: collection: 74 
[20.110s][info   ][gc,heap        ] GC(73) PSYoungGen: 229161K(230912K)->30720K(230912K) Eden: 198441K(199680K)->0K(199680K) From: 30720K(31232K)->30720K(31232K)
[20.110s][info   ][gc,heap        ] GC(73) ParOldGen: 1107556K(1835008K)->1302117K(1835008K)
[20.110s][info   ][gc,metaspace   ] GC(73) Metaspace: 1021K(1216K)->1021K(1216K) NonClass: 937K(1024K)->937K(1024K) Class: 83K(192K)->83K(192K)
[20.110s][info   ][gc             ] GC(73) Pause Young (Allocation Failure) 1305M->1301M(2017M) 17.406ms
[20.111s][info   ][gc,cpu         ] GC(73) User=0.16s Sys=0.00s Real=0.02s
[20.111s][debug  ][gc,heap        ] GC(73) Heap after GC invocations=74 (full 12):
[20.111s][debug  ][gc,heap        ] GC(73)  PSYoungGen      total 230912K, used 30720K [0x00000000f0000000, 0x0000000100000000, 0x0000000100000000)
[20.111s][debug  ][gc,heap        ] GC(73)   eden space 199680K, 0% used [0x00000000f0000000,0x00000000f0000000,0x00000000fc300000)
[20.111s][debug  ][gc,heap        ] GC(73)   from space 31232K, 98% used [0x00000000fe180000,0x00000000fff80030,0x0000000100000000)
[20.111s][debug  ][gc,heap        ] GC(73)   to   space 31232K, 0% used [0x00000000fc300000,0x00000000fc300000,0x00000000fe180000)
[20.111s][debug  ][gc,heap        ] GC(73)  ParOldGen       total 1835008K, used 1302117K [0x0000000080000000, 0x00000000f0000000, 0x00000000f0000000)
[20.111s][debug  ][gc,heap        ] GC(73)   object space 1835008K, 70% used [0x0000000080000000,0x00000000cf799478,0x00000000f0000000)
[20.111s][debug  ][gc,heap        ] GC(73)  Metaspace       used 1021K, committed 1216K, reserved 1056768K
[20.111s][debug  ][gc,heap        ] GC(73)   class space    used 83K, committed 192K, reserved 1048576K
[20.111s][debug  ][gc,task,time   ] GC(73) VM-Thread 200926378 201089088 201107124
[20.409s][debug  ][gc,heap        ] GC(74) Heap before GC invocations=75 (full 12):
[20.409s][debug  ][gc,heap        ] GC(74)  PSYoungGen      total 230912K, used 229173K [0x00000000f0000000, 0x0000000100000000, 0x0000000100000000)
[20.409s][debug  ][gc,heap        ] GC(74)   eden space 199680K, 99% used [0x00000000f0000000,0x00000000fc1cd650,0x00000000fc300000)
[20.409s][debug  ][gc,heap        ] GC(74)   from space 31232K, 98% used [0x00000000fe180000,0x00000000fff80030,0x0000000100000000)
[20.409s][debug  ][gc,heap        ] GC(74)   to   space 31232K, 0% used [0x00000000fc300000,0x00000000fc300000,0x00000000fe180000)
[20.409s][debug  ][gc,heap        ] GC(74)  ParOldGen       total 1835008K, used 1302117K [0x0000000080000000, 0x00000000f0000000, 0x00000000f0000000)
[20.409s][debug  ][gc,heap        ] GC(74)   object space 1835008K, 70% used [0x0000000080000000,0x00000000cf799478,0x00000000f0000000)
[20.409s][debug  ][gc,heap        ] GC(74)  Metaspace       used 1021K, committed 1216K, reserved 1056768K
[20.409s][debug  ][gc,heap        ] GC(74)   class space    used 83K, committed 192K, reserved 1048576K
[20.410s][debug  ][gc,tlab        ] GC(74) TLAB totals: thrds: 1  refills: 1 max: 1 slow allocs: 18 max 18 waste: 27.5% gc: 3986720B max: 3986720B slow: 0B max: 0B
[20.410s][info   ][gc,start       ] GC(74) Pause Young (Allocation Failure)
[20.410s][debug  ][gc,phases,start] GC(74) Scavenge
[20.425s][debug  ][gc,phases      ] GC(74) Scavenge 15.762ms
[20.425s][debug  ][gc,phases,start] GC(74) Reference Processing
[20.426s][debug  ][gc,ref         ] GC(74) Skipped phase 1 of Reference Processing: no references
[20.426s][debug  ][gc,ref         ] GC(74) Skipped phase 2 of Reference Processing: no references
[20.426s][debug  ][gc,ref         ] GC(74) Skipped phase 3 of Reference Processing: no references
[20.426s][debug  ][gc,ref         ] GC(74) Skipped phase 4 of Reference Processing: no references
[20.426s][debug  ][gc,phases,ref  ] GC(74) Reference Processing: 0.1ms
[20.426s][debug  ][gc,phases,ref  ] GC(74)   Reconsider SoftReferences: 0.0ms
[20.426s][debug  ][gc,phases,ref  ] GC(74)     SoftRef (ms):                  skipped
[20.426s][debug  ][gc,phases,ref  ] GC(74)   Notify Soft/WeakReferences: 0.0ms
[20.426s][debug  ][gc,phases,ref  ] GC(74)     SoftRef (ms):                  skipped
[20.426s][debug  ][gc,phases,ref  ] GC(74)     WeakRef (ms):                  skipped
[20.426s][debug  ][gc,phases,ref  ] GC(74)     FinalRef (ms):                 skipped
[20.426s][debug  ][gc,phases,ref  ] GC(74)     Total (ms):                    skipped
[20.426s][debug  ][gc,phases,ref  ] GC(74)   Notify and keep alive finalizable: 0.0ms
[20.426s][debug  ][gc,phases,ref  ] GC(74)     FinalRef (ms):                 skipped
[20.426s][debug  ][gc,phases,ref  ] GC(74)   Notify PhantomReferences: 0.0ms
[20.426s][debug  ][gc,phases,ref  ] GC(74)     PhantomRef (ms):               skipped
[20.426s][debug  ][gc,phases,ref  ] GC(74)   SoftReference:
[20.426s][debug  ][gc,phases,ref  ] GC(74)     Discovered: 0
[20.426s][debug  ][gc,phases,ref  ] GC(74)     Cleared: 0
[20.426s][debug  ][gc,phases,ref  ] GC(74)   WeakReference:
[20.426s][debug  ][gc,phases,ref  ] GC(74)     Discovered: 0
[20.426s][debug  ][gc,phases,ref  ] GC(74)     Cleared: 0
[20.426s][debug  ][gc,phases,ref  ] GC(74)   FinalReference:
[20.426s][debug  ][gc,phases,ref  ] GC(74)     Discovered: 0
[20.426s][debug  ][gc,phases,ref  ] GC(74)     Cleared: 0
[20.426s][debug  ][gc,phases,ref  ] GC(74)   PhantomReference:
[20.426s][debug  ][gc,phases,ref  ] GC(74)     Discovered: 0
[20.426s][debug  ][gc,phases,ref  ] GC(74)     Cleared: 0
[20.426s][debug  ][gc,phases      ] GC(74) Reference Processing 0.683ms
[20.426s][debug  ][gc,phases,start] GC(74) Weak Processing
[20.426s][debug  ][gc,phases      ] GC(74)   VM Weak                        Min:  0.0, Avg:  0.0, Max:  0.0, Diff:  0.0, Sum:  0.0, Workers: 6
[20.426s][debug  ][gc,phases      ] GC(74)     Dead                           Min: 0, Avg:  0.0, Max: 0, Diff: 0, Sum: 0, Workers: 6
[20.426s][debug  ][gc,phases      ] GC(74)     Total                          Min: 0, Avg:  1.3, Max: 8, Diff: 8, Sum: 8, Workers: 6
[20.426s][debug  ][gc,phases      ] GC(74)   ObjectSynchronizer Weak        Min:  0.0, Avg:  0.0, Max:  0.0, Diff:  0.0, Sum:  0.0, Workers: 6
[20.426s][debug  ][gc,phases      ] GC(74)     Dead                           Min: 0, Avg:  0.0, Max: 0, Diff: 0, Sum: 0, Workers: 6
[20.426s][debug  ][gc,phases      ] GC(74)     Total                          Min: 0, Avg:  0.5, Max: 3, Diff: 3, Sum: 3, Workers: 6
[20.426s][debug  ][gc,phases      ] GC(74)   JVMTI Tag Weak OopStorage      Min:  0.0, Avg:  0.0, Max:  0.0, Diff:  0.0, Sum:  0.0, Workers: 6
[20.426s][debug  ][gc,phases      ] GC(74)     Dead                           Min: 0, Avg:  0.0, Max: 0, Diff: 0, Sum: 0, Workers: 6
[20.426s][debug  ][gc,phases      ] GC(74)     Total                          Min: 0, Avg:  0.0, Max: 0, Diff: 0, Sum: 0, Workers: 6
[20.427s][debug  ][gc,phases      ] GC(74)   StringTable Weak               Min:  0.0, Avg:  0.0, Max:  0.0, Diff:  0.0, Sum:  0.0, Workers: 6
[20.427s][debug  ][gc,phases      ] GC(74)     Dead                           Min: 0, Avg:  0.0, Max: 0, Diff: 0, Sum: 0, Workers: 6
[20.427s][debug  ][gc,phases      ] GC(74)     Total                          Min: 703, Avg: 892.8, Max: 1088, Diff: 385, Sum: 5357, Workers: 6
[20.427s][debug  ][gc,phases      ] GC(74)   ResolvedMethodTable Weak       Min:  0.0, Avg:  0.0, Max:  0.0, Diff:  0.0, Sum:  0.0, Workers: 6
[20.427s][debug  ][gc,phases      ] GC(74)     Dead                           Min: 0, Avg:  0.0, Max: 0, Diff: 0, Sum: 0, Workers: 6
[20.427s][debug  ][gc,phases      ] GC(74)     Total                          Min: 0, Avg: 21.7, Max: 64, Diff: 64, Sum: 130, Workers: 6
[20.427s][debug  ][gc,phases      ] GC(74)   JNI Weak                       Min:  0.0, Avg:  0.0, Max:  0.0, Diff:  0.0, Sum:  0.0, Workers: 6
[20.427s][debug  ][gc,phases      ] GC(74)     Dead                           Min: 0, Avg:  0.0, Max: 0, Diff: 0, Sum: 0, Workers: 6
[20.427s][debug  ][gc,phases      ] GC(74)     Total                          Min: 0, Avg:  0.0, Max: 0, Diff: 0, Sum: 0, Workers: 6
[20.427s][debug  ][gc,phases      ] GC(74)   StringDedup Table Weak         Min:  0.0, Avg:  0.0, Max:  0.0, Diff:  0.0, Sum:  0.0, Workers: 6
[20.427s][debug  ][gc,phases      ] GC(74)     Dead                           Min: 0, Avg:  0.0, Max: 0, Diff: 0, Sum: 0, Workers: 6
[20.427s][debug  ][gc,phases      ] GC(74)     Total                          Min: 0, Avg:  0.0, Max: 0, Diff: 0, Sum: 0, Workers: 6
[20.427s][debug  ][gc,phases      ] GC(74)   StringDedup Requests0 Weak     Min:  0.0, Avg:  0.0, Max:  0.0, Diff:  0.0, Sum:  0.0, Workers: 6
[20.427s][debug  ][gc,phases      ] GC(74)     Dead                           Min: 0, Avg:  0.0, Max: 0, Diff: 0, Sum: 0, Workers: 6
[20.427s][debug  ][gc,phases      ] GC(74)     Total                          Min: 0, Avg:  0.0, Max: 0, Diff: 0, Sum: 0, Workers: 6
[20.427s][debug  ][gc,phases      ] GC(74)   StringDedup Requests1 Weak     Min:  0.0, Avg:  0.0, Max:  0.0, Diff:  0.0, Sum:  0.0, Workers: 6
[20.427s][debug  ][gc,phases      ] GC(74)     Dead                           Min: 0, Avg:  0.0, Max: 0, Diff: 0, Sum: 0, Workers: 6
[20.427s][debug  ][gc,phases      ] GC(74)     Total                          Min: 0, Avg:  0.0, Max: 0, Diff: 0, Sum: 0, Workers: 6
[20.427s][debug  ][gc,phases      ] GC(74)   Weak JFR Old Object Samples    Min:  0.0, Avg:  0.0, Max:  0.0, Diff:  0.0, Sum:  0.0, Workers: 6
[20.427s][debug  ][gc,phases      ] GC(74)     Dead                           Min: 0, Avg:  0.0, Max: 0, Diff: 0, Sum: 0, Workers: 6
[20.427s][debug  ][gc,phases      ] GC(74)     Total                          Min: 0, Avg:  0.0, Max: 0, Diff: 0, Sum: 0, Workers: 6
[20.427s][debug  ][gc,phases      ] GC(74) Weak Processing 0.820ms
[20.427s][debug  ][gc,ergo        ] GC(74) AdaptiveSizeStart:  collection: 75 
[20.427s][debug  ][gc,ergo        ] GC(74) avg_survived_padded_avg: 31524358.000000
[20.427s][debug  ][gc,ergo        ] GC(74) avg_promoted_padded_avg: 276680000.000000  avg_pretenured_padded_avg: 0.000000  tenuring_thresh: 4  target_size: 31981568
[20.427s][debug  ][gc,age         ] GC(74) Desired survivor size 31981568 bytes, new threshold 4 (max threshold 15)
[20.427s][debug  ][gc,ergo        ] GC(74) PSAdaptiveSizePolicy::compute_eden_space_size limits: desired_eden_size: 224975000 old_eden_size: 204472320 eden_limit: 204472320 cur_eden: 204472320 max_eden_size: 204472320 avg_young_live: 27516444
[20.427s][debug  ][gc,ergo        ] GC(74) PSAdaptiveSizePolicy::compute_eden_space_size: costs minor_time: 0.048325 major_cost: 0.048064 mutator_cost: 0.903611 throughput_goal: 0.990000
[20.427s][debug  ][gc,ergo        ] GC(74) Live_space: 955087488 free_space: 1431306240
[20.427s][debug  ][gc,ergo        ] GC(74) Old eden_size: 204472320 desired_eden_size: 204472320
[20.427s][debug  ][gc,ergo        ] GC(74) AdaptiveSizeStop: collection: 75 
[20.427s][info   ][gc,heap        ] GC(74) PSYoungGen: 229173K(230912K)->30720K(230912K) Eden: 198453K(199680K)->0K(199680K) From: 30720K(31232K)->30720K(31232K)
[20.427s][info   ][gc,heap        ] GC(74) ParOldGen: 1302117K(1835008K)->1496677K(1835008K)
[20.427s][info   ][gc,metaspace   ] GC(74) Metaspace: 1021K(1216K)->1021K(1216K) NonClass: 937K(1024K)->937K(1024K) Class: 83K(192K)->83K(192K)
[20.427s][info   ][gc             ] GC(74) Pause Young (Allocation Failure) 1495M->1491M(2017M) 17.703ms
[20.427s][info   ][gc,cpu         ] GC(74) User=0.14s Sys=0.00s Real=0.02s
[20.427s][debug  ][gc,heap        ] GC(74) Heap after GC invocations=75 (full 12):
[20.427s][debug  ][gc,heap        ] GC(74)  PSYoungGen      total 230912K, used 30720K [0x00000000f0000000, 0x0000000100000000, 0x0000000100000000)
[20.427s][debug  ][gc,heap        ] GC(74)   eden space 199680K, 0% used [0x00000000f0000000,0x00000000f0000000,0x00000000fc300000)
[20.427s][debug  ][gc,heap        ] GC(74)   from space 31232K, 98% used [0x00000000fc300000,0x00000000fe100030,0x00000000fe180000)
[20.427s][debug  ][gc,heap        ] GC(74)   to   space 31232K, 0% used [0x00000000fe180000,0x00000000fe180000,0x0000000100000000)
[20.427s][debug  ][gc,heap        ] GC(74)  ParOldGen       total 1835008K, used 1496677K [0x0000000080000000, 0x00000000f0000000, 0x00000000f0000000)
[20.427s][debug  ][gc,heap        ] GC(74)   object space 1835008K, 81% used [0x0000000080000000,0x00000000db5995a8,0x00000000f0000000)
[20.427s][debug  ][gc,heap        ] GC(74)  Metaspace       used 1021K, committed 1216K, reserved 1056768K
[20.427s][debug  ][gc,heap        ] GC(74)   class space    used 83K, committed 192K, reserved 1048576K
[20.428s][debug  ][gc,task,time   ] GC(74) VM-Thread 204091035 204254741 204275211
[20.725s][debug  ][gc,heap        ] GC(75) Heap before GC invocations=76 (full 12):
[20.725s][debug  ][gc,heap        ] GC(75)  PSYoungGen      total 230912K, used 229181K [0x00000000f0000000, 0x0000000100000000, 0x0000000100000000)
[20.725s][debug  ][gc,heap        ] GC(75)   eden space 199680K, 99% used [0x00000000f0000000,0x00000000fc1cf510,0x00000000fc300000)
[20.725s][debug  ][gc,heap        ] GC(75)   from space 31232K, 98% used [0x00000000fc300000,0x00000000fe100030,0x00000000fe180000)
[20.725s][debug  ][gc,heap        ] GC(75)   to   space 31232K, 0% used [0x00000000fe180000,0x00000000fe180000,0x0000000100000000)
[20.725s][debug  ][gc,heap        ] GC(75)  ParOldGen       total 1835008K, used 1496677K [0x0000000080000000, 0x00000000f0000000, 0x00000000f0000000)
[20.725s][debug  ][gc,heap        ] GC(75)   object space 1835008K, 81% used [0x0000000080000000,0x00000000db5995a8,0x00000000f0000000)
[20.725s][debug  ][gc,heap        ] GC(75)  Metaspace       used 1021K, committed 1216K, reserved 1056768K
[20.725s][debug  ][gc,heap        ] GC(75)   class space    used 83K, committed 192K, reserved 1048576K
[20.725s][debug  ][gc,tlab        ] GC(75) TLAB totals: thrds: 1  refills: 1 max: 1 slow allocs: 18 max 18 waste: 27.6% gc: 3994592B max: 3994592B slow: 0B max: 0B
[20.725s][info   ][gc,start       ] GC(75) Pause Young (Allocation Failure)
[20.725s][debug  ][gc,phases,start] GC(75) Scavenge
[20.740s][debug  ][gc,phases      ] GC(75) Scavenge 15.113ms
[20.740s][debug  ][gc,phases,start] GC(75) Reference Processing
[20.740s][debug  ][gc,ref         ] GC(75) Skipped phase 1 of Reference Processing: no references
[20.740s][debug  ][gc,ref         ] GC(75) Skipped phase 2 of Reference Processing: no references
[20.740s][debug  ][gc,ref         ] GC(75) Skipped phase 3 of Reference Processing: no references
[20.740s][debug  ][gc,ref         ] GC(75) Skipped phase 4 of Reference Processing: no references
[20.740s][debug  ][gc,phases,ref  ] GC(75) Reference Processing: 0.1ms
[20.740s][debug  ][gc,phases,ref  ] GC(75)   Reconsider SoftReferences: 0.0ms
[20.740s][debug  ][gc,phases,ref  ] GC(75)     SoftRef (ms):                  skipped
[20.740s][debug  ][gc,phases,ref  ] GC(75)   Notify Soft/WeakReferences: 0.0ms
[20.740s][debug  ][gc,phases,ref  ] GC(75)     SoftRef (ms):                  skipped
[20.740s][debug  ][gc,phases,ref  ] GC(75)     WeakRef (ms):                  skipped
[20.740s][debug  ][gc,phases,ref  ] GC(75)     FinalRef (ms):                 skipped
[20.741s][debug  ][gc,phases,ref  ] GC(75)     Total (ms):                    skipped
[20.741s][debug  ][gc,phases,ref  ] GC(75)   Notify and keep alive finalizable: 0.0ms
[20.741s][debug  ][gc,phases,ref  ] GC(75)     FinalRef (ms):                 skipped
[20.741s][debug  ][gc,phases,ref  ] GC(75)   Notify PhantomReferences: 0.0ms
[20.741s][debug  ][gc,phases,ref  ] GC(75)     PhantomRef (ms):               skipped
[20.741s][debug  ][gc,phases,ref  ] GC(75)   SoftReference:
[20.741s][debug  ][gc,phases,ref  ] GC(75)     Discovered: 0
[20.741s][debug  ][gc,phases,ref  ] GC(75)     Cleared: 0
[20.741s][debug  ][gc,phases,ref  ] GC(75)   WeakReference:
[20.741s][debug  ][gc,phases,ref  ] GC(75)     Discovered: 0
[20.741s][debug  ][gc,phases,ref  ] GC(75)     Cleared: 0
[20.741s][debug  ][gc,phases,ref  ] GC(75)   FinalReference:
[20.741s][debug  ][gc,phases,ref  ] GC(75)     Discovered: 0
[20.741s][debug  ][gc,phases,ref  ] GC(75)     Cleared: 0
[20.741s][debug  ][gc,phases,ref  ] GC(75)   PhantomReference:
[20.741s][debug  ][gc,phases,ref  ] GC(75)     Discovered: 0
[20.741s][debug  ][gc,phases,ref  ] GC(75)     Cleared: 0
[20.741s][debug  ][gc,phases      ] GC(75) Reference Processing 0.573ms
[20.741s][debug  ][gc,phases,start] GC(75) Weak Processing
[20.741s][debug  ][gc,phases      ] GC(75)   VM Weak                        Min:  0.0, Avg:  0.0, Max:  0.0, Diff:  0.0, Sum:  0.0, Workers: 6
[20.741s][debug  ][gc,phases      ] GC(75)     Dead                           Min: 0, Avg:  0.0, Max: 0, Diff: 0, Sum: 0, Workers: 6
[20.741s][debug  ][gc,phases      ] GC(75)     Total                          Min: 0, Avg:  1.3, Max: 8, Diff: 8, Sum: 8, Workers: 6
[20.741s][debug  ][gc,phases      ] GC(75)   ObjectSynchronizer Weak        Min:  0.0, Avg:  0.0, Max:  0.0, Diff:  0.0, Sum:  0.0, Workers: 6
[20.741s][debug  ][gc,phases      ] GC(75)     Dead                           Min: 0, Avg:  0.0, Max: 0, Diff: 0, Sum: 0, Workers: 6
[20.741s][debug  ][gc,phases      ] GC(75)     Total                          Min: 0, Avg:  0.5, Max: 3, Diff: 3, Sum: 3, Workers: 6
[20.741s][debug  ][gc,phases      ] GC(75)   JVMTI Tag Weak OopStorage      Min:  0.0, Avg:  0.0, Max:  0.0, Diff:  0.0, Sum:  0.0, Workers: 6
[20.741s][debug  ][gc,phases      ] GC(75)     Dead                           Min: 0, Avg:  0.0, Max: 0, Diff: 0, Sum: 0, Workers: 6
[20.741s][debug  ][gc,phases      ] GC(75)     Total                          Min: 0, Avg:  0.0, Max: 0, Diff: 0, Sum: 0, Workers: 6
[20.741s][debug  ][gc,phases      ] GC(75)   StringTable Weak               Min:  0.0, Avg:  0.0, Max:  0.0, Diff:  0.0, Sum:  0.0, Workers: 6
[20.741s][debug  ][gc,phases      ] GC(75)     Dead                           Min: 0, Avg:  0.0, Max: 0, Diff: 0, Sum: 0, Workers: 6
[20.741s][debug  ][gc,phases      ] GC(75)     Total                          Min: 750, Avg: 892.8, Max: 1024, Diff: 274, Sum: 5357, Workers: 6
[20.741s][debug  ][gc,phases      ] GC(75)   ResolvedMethodTable Weak       Min:  0.0, Avg:  0.0, Max:  0.0, Diff:  0.0, Sum:  0.0, Workers: 6
[20.741s][debug  ][gc,phases      ] GC(75)     Dead                           Min: 0, Avg:  0.0, Max: 0, Diff: 0, Sum: 0, Workers: 6
[20.741s][debug  ][gc,phases      ] GC(75)     Total                          Min: 0, Avg: 21.7, Max: 64, Diff: 64, Sum: 130, Workers: 6
[20.741s][debug  ][gc,phases      ] GC(75)   JNI Weak                       Min:  0.0, Avg:  0.0, Max:  0.0, Diff:  0.0, Sum:  0.0, Workers: 6
[20.741s][debug  ][gc,phases      ] GC(75)     Dead                           Min: 0, Avg:  0.0, Max: 0, Diff: 0, Sum: 0, Workers: 6
[20.741s][debug  ][gc,phases      ] GC(75)     Total                          Min: 0, Avg:  0.0, Max: 0, Diff: 0, Sum: 0, Workers: 6
[20.741s][debug  ][gc,phases      ] GC(75)   StringDedup Table Weak         Min:  0.0, Avg:  0.0, Max:  0.0, Diff:  0.0, Sum:  0.0, Workers: 6
[20.741s][debug  ][gc,phases      ] GC(75)     Dead                           Min: 0, Avg:  0.0, Max: 0, Diff: 0, Sum: 0, Workers: 6
[20.741s][debug  ][gc,phases      ] GC(75)     Total                          Min: 0, Avg:  0.0, Max: 0, Diff: 0, Sum: 0, Workers: 6
[20.741s][debug  ][gc,phases      ] GC(75)   StringDedup Requests0 Weak     Min:  0.0, Avg:  0.0, Max:  0.0, Diff:  0.0, Sum:  0.0, Workers: 6
[20.741s][debug  ][gc,phases      ] GC(75)     Dead                           Min: 0, Avg:  0.0, Max: 0, Diff: 0, Sum: 0, Workers: 6
[20.741s][debug  ][gc,phases      ] GC(75)     Total                          Min: 0, Avg:  0.0, Max: 0, Diff: 0, Sum: 0, Workers: 6
[20.741s][debug  ][gc,phases      ] GC(75)   StringDedup Requests1 Weak     Min:  0.0, Avg:  0.0, Max:  0.0, Diff:  0.0, Sum:  0.0, Workers: 6
[20.741s][debug  ][gc,phases      ] GC(75)     Dead                           Min: 0, Avg:  0.0, Max: 0, Diff: 0, Sum: 0, Workers: 6
[20.741s][debug  ][gc,phases      ] GC(75)     Total                          Min: 0, Avg:  0.0, Max: 0, Diff: 0, Sum: 0, Workers: 6
[20.741s][debug  ][gc,phases      ] GC(75)   Weak JFR Old Object Samples    Min:  0.0, Avg:  0.0, Max:  0.0, Diff:  0.0, Sum:  0.0, Workers: 6
[20.741s][debug  ][gc,phases      ] GC(75)     Dead                           Min: 0, Avg:  0.0, Max: 0, Diff: 0, Sum: 0, Workers: 6
[20.742s][debug  ][gc,phases      ] GC(75)     Total                          Min: 0, Avg:  0.0, Max: 0, Diff: 0, Sum: 0, Workers: 6
[20.742s][debug  ][gc,phases      ] GC(75) Weak Processing 0.683ms
[20.742s][debug  ][gc,ergo        ] GC(75) AdaptiveSizeStart:  collection: 76 
[20.742s][debug  ][gc,ergo        ] GC(75) avg_survived_padded_avg: 31518642.000000
[20.742s][debug  ][gc,ergo        ] GC(75) avg_promoted_padded_avg: 276317952.000000  avg_pretenured_padded_avg: 0.000000  tenuring_thresh: 4  target_size: 31981568
[20.742s][debug  ][gc,age         ] GC(75) Desired survivor size 31981568 bytes, new threshold 4 (max threshold 15)
[20.742s][debug  ][gc,ergo        ] GC(75) PSAdaptiveSizePolicy::compute_eden_space_size limits: desired_eden_size: 225189632 old_eden_size: 204472320 eden_limit: 204472320 cur_eden: 204472320 max_eden_size: 204472320 avg_young_live: 27910532
[20.742s][debug  ][gc,ergo        ] GC(75) PSAdaptiveSizePolicy::compute_eden_space_size: costs minor_time: 0.049351 major_cost: 0.048064 mutator_cost: 0.902585 throughput_goal: 0.990000
[20.742s][debug  ][gc,ergo        ] GC(75) Live_space: 955481536 free_space: 1431306240
[20.742s][debug  ][gc,ergo        ] GC(75) Old eden_size: 204472320 desired_eden_size: 204472320
[20.742s][debug  ][gc,ergo        ] GC(75) AdaptiveSizeStop: collection: 76 
[20.742s][info   ][gc,heap        ] GC(75) PSYoungGen: 229181K(230912K)->30720K(230912K) Eden: 198461K(199680K)->0K(199680K) From: 30720K(31232K)->30720K(31232K)
[20.742s][info   ][gc,heap        ] GC(75) ParOldGen: 1496677K(1835008K)->1691237K(1835008K)
[20.742s][info   ][gc,metaspace   ] GC(75) Metaspace: 1021K(1216K)->1021K(1216K) NonClass: 937K(1024K)->937K(1024K) Class: 83K(192K)->83K(192K)
[20.742s][info   ][gc             ] GC(75) Pause Young (Allocation Failure) 1685M->1681M(2017M) 16.798ms
[20.742s][info   ][gc,cpu         ] GC(75) User=0.16s Sys=0.00s Real=0.02s
[20.742s][debug  ][gc,heap        ] GC(75) Heap after GC invocations=76 (full 12):
[20.742s][debug  ][gc,heap        ] GC(75)  PSYoungGen      total 230912K, used 30720K [0x00000000f0000000, 0x0000000100000000, 0x0000000100000000)
[20.742s][debug  ][gc,heap        ] GC(75)   eden space 199680K, 0% used [0x00000000f0000000,0x00000000f0000000,0x00000000fc300000)
[20.742s][debug  ][gc,heap        ] GC(75)   from space 31232K, 98% used [0x00000000fe180000,0x00000000fff80030,0x0000000100000000)
[20.742s][debug  ][gc,heap        ] GC(75)   to   space 31232K, 0% used [0x00000000fc300000,0x00000000fc300000,0x00000000fe180000)
[20.742s][debug  ][gc,heap        ] GC(75)  ParOldGen       total 1835008K, used 1691237K [0x0000000080000000, 0x00000000f0000000, 0x00000000f0000000)
[20.742s][debug  ][gc,heap        ] GC(75)   object space 1835008K, 92% used [0x0000000080000000,0x00000000e73996d8,0x00000000f0000000)
[20.742s][debug  ][gc,heap        ] GC(75)  Metaspace       used 1021K, committed 1216K, reserved 1056768K
[20.742s][debug  ][gc,heap        ] GC(75)   class space    used 83K, committed 192K, reserved 1048576K
[20.742s][debug  ][gc,task,time   ] GC(75) VM-Thread 207246947 207402612 207420662
[20.742s][debug  ][gc,phases,start] GC(76) Pre Compact
[20.742s][debug  ][gc,heap        ] GC(76) Heap before GC invocations=77 (full 13):
[20.742s][debug  ][gc,heap        ] GC(76)  PSYoungGen      total 230912K, used 30720K [0x00000000f0000000, 0x0000000100000000, 0x0000000100000000)
[20.742s][debug  ][gc,heap        ] GC(76)   eden space 199680K, 0% used [0x00000000f0000000,0x00000000f0000000,0x00000000fc300000)
[20.742s][debug  ][gc,heap        ] GC(76)   from space 31232K, 98% used [0x00000000fe180000,0x00000000fff80030,0x0000000100000000)
[20.742s][debug  ][gc,heap        ] GC(76)   to   space 31232K, 0% used [0x00000000fc300000,0x00000000fc300000,0x00000000fe180000)
[20.742s][debug  ][gc,heap        ] GC(76)  ParOldGen       total 1835008K, used 1691237K [0x0000000080000000, 0x00000000f0000000, 0x00000000f0000000)
[20.742s][debug  ][gc,heap        ] GC(76)   object space 1835008K, 92% used [0x0000000080000000,0x00000000e73996d8,0x00000000f0000000)
[20.742s][debug  ][gc,heap        ] GC(76)  Metaspace       used 1021K, committed 1216K, reserved 1056768K
[20.742s][debug  ][gc,heap        ] GC(76)   class space    used 83K, committed 192K, reserved 1048576K
[20.742s][debug  ][gc,phases      ] GC(76) Pre Compact 0.202ms
[20.742s][info   ][gc,start       ] GC(76) Pause Full (Ergonomics)
[20.742s][info   ][gc,phases,start] GC(76) Marking Phase
[20.742s][debug  ][gc,phases,start] GC(76) Par Mark
[20.743s][debug  ][gc,phases      ] GC(76) Par Mark 0.507ms
[20.743s][debug  ][gc,phases,start] GC(76) Reference Processing
[20.743s][debug  ][gc,ref         ] GC(76) Skipped phase 1 of Reference Processing: no references
[20.743s][debug  ][gc,ref         ] GC(76) ReferenceProcessor::execute queues: 1, RefProcThreadModel::Single, marks_oops_alive: false
[20.743s][debug  ][gc,ref         ] GC(76) Skipped phase 3 of Reference Processing: no references
[20.743s][debug  ][gc,ref         ] GC(76) ReferenceProcessor::execute queues: 1, RefProcThreadModel::Single, marks_oops_alive: false
[20.743s][debug  ][gc,phases,ref  ] GC(76) Reference Processing: 0.1ms
[20.743s][debug  ][gc,phases,ref  ] GC(76)   Reconsider SoftReferences: 0.0ms
[20.743s][debug  ][gc,phases,ref  ] GC(76)     SoftRef (ms):                  skipped
[20.743s][debug  ][gc,phases,ref  ] GC(76)   Notify Soft/WeakReferences: 0.0ms
[20.743s][debug  ][gc,phases,ref  ] GC(76)     SoftRef (ms):                  Min:  0.0, Avg:  0.0, Max:  0.0, Diff:  0.0, Sum:  0.0, Workers: 10
[20.743s][debug  ][gc,phases,ref  ] GC(76)     WeakRef (ms):                  Min:  0.0, Avg:  0.0, Max:  0.0, Diff:  0.0, Sum:  0.0, Workers: 10
[20.743s][debug  ][gc,phases,ref  ] GC(76)     FinalRef (ms):                 Min:  0.0, Avg:  0.0, Max:  0.0, Diff:  0.0, Sum:  0.0, Workers: 10
[20.743s][debug  ][gc,phases,ref  ] GC(76)     Total (ms):                    Min:  0.0, Avg:  0.0, Max:  0.0, Diff:  0.0, Sum:  0.0, Workers: 10
[20.743s][debug  ][gc,phases,ref  ] GC(76)   Notify and keep alive finalizable: 0.0ms
[20.743s][debug  ][gc,phases,ref  ] GC(76)     FinalRef (ms):                 skipped
[20.743s][debug  ][gc,phases,ref  ] GC(76)   Notify PhantomReferences: 0.0ms
[20.743s][debug  ][gc,phases,ref  ] GC(76)     PhantomRef (ms):               Min:  0.0, Avg:  0.0, Max:  0.0, Diff:  0.0, Sum:  0.0, Workers: 10
[20.743s][debug  ][gc,phases,ref  ] GC(76)   SoftReference:
[20.743s][debug  ][gc,phases,ref  ] GC(76)     Discovered: 0
[20.743s][debug  ][gc,phases,ref  ] GC(76)     Cleared: 0
[20.743s][debug  ][gc,phases,ref  ] GC(76)   WeakReference:
[20.743s][debug  ][gc,phases,ref  ] GC(76)     Discovered: 57
[20.743s][debug  ][gc,phases,ref  ] GC(76)     Cleared: 57
[20.743s][debug  ][gc,phases,ref  ] GC(76)   FinalReference:
[20.743s][debug  ][gc,phases,ref  ] GC(76)     Discovered: 0
[20.744s][debug  ][gc,phases,ref  ] GC(76)     Cleared: 0
[20.744s][debug  ][gc,phases,ref  ] GC(76)   PhantomReference:
[20.744s][debug  ][gc,phases,ref  ] GC(76)     Discovered: 3
[20.744s][debug  ][gc,phases,ref  ] GC(76)     Cleared: 3
[20.744s][debug  ][gc,phases      ] GC(76) Reference Processing 0.672ms
[20.744s][debug  ][gc,phases,start] GC(76) Weak Processing
[20.744s][debug  ][gc,phases      ] GC(76)   VM Weak                        Min:  0.0, Avg:  0.0, Max:  0.0, Diff:  0.0, Sum:  0.0, Workers: 6
[20.744s][debug  ][gc,phases      ] GC(76)     Dead                           Min: 0, Avg:  0.0, Max: 0, Diff: 0, Sum: 0, Workers: 6
[20.744s][debug  ][gc,phases      ] GC(76)     Total                          Min: 0, Avg:  1.3, Max: 8, Diff: 8, Sum: 8, Workers: 6
[20.744s][debug  ][gc,phases      ] GC(76)   ObjectSynchronizer Weak        Min:  0.0, Avg:  0.0, Max:  0.0, Diff:  0.0, Sum:  0.0, Workers: 6
[20.744s][debug  ][gc,phases      ] GC(76)     Dead                           Min: 0, Avg:  0.0, Max: 0, Diff: 0, Sum: 0, Workers: 6
[20.744s][debug  ][gc,phases      ] GC(76)     Total                          Min: 0, Avg:  0.5, Max: 3, Diff: 3, Sum: 3, Workers: 6
[20.744s][debug  ][gc,phases      ] GC(76)   JVMTI Tag Weak OopStorage      Min:  0.0, Avg:  0.0, Max:  0.0, Diff:  0.0, Sum:  0.0, Workers: 6
[20.744s][debug  ][gc,phases      ] GC(76)     Dead                           Min: 0, Avg:  0.0, Max: 0, Diff: 0, Sum: 0, Workers: 6
[20.744s][debug  ][gc,phases      ] GC(76)     Total                          Min: 0, Avg:  0.0, Max: 0, Diff: 0, Sum: 0, Workers: 6
[20.744s][debug  ][gc,phases      ] GC(76)   StringTable Weak               Min:  0.0, Avg:  0.0, Max:  0.0, Diff:  0.0, Sum:  0.0, Workers: 6
[20.744s][debug  ][gc,phases      ] GC(76)     Dead                           Min: 0, Avg:  0.0, Max: 0, Diff: 0, Sum: 0, Workers: 6
[20.744s][debug  ][gc,phases      ] GC(76)     Total                          Min: 575, Avg: 892.8, Max: 1536, Diff: 961, Sum: 5357, Workers: 6
[20.744s][debug  ][gc,phases      ] GC(76)   ResolvedMethodTable Weak       Min:  0.0, Avg:  0.0, Max:  0.0, Diff:  0.0, Sum:  0.0, Workers: 6
[20.744s][debug  ][gc,phases      ] GC(76)     Dead                           Min: 0, Avg:  0.0, Max: 0, Diff: 0, Sum: 0, Workers: 6
[20.744s][debug  ][gc,phases      ] GC(76)     Total                          Min: 0, Avg: 21.7, Max: 64, Diff: 64, Sum: 130, Workers: 6
[20.744s][debug  ][gc,phases      ] GC(76)   JNI Weak                       Min:  0.0, Avg:  0.0, Max:  0.0, Diff:  0.0, Sum:  0.0, Workers: 6
[20.744s][debug  ][gc,phases      ] GC(76)     Dead                           Min: 0, Avg:  0.0, Max: 0, Diff: 0, Sum: 0, Workers: 6
[20.744s][debug  ][gc,phases      ] GC(76)     Total                          Min: 0, Avg:  0.0, Max: 0, Diff: 0, Sum: 0, Workers: 6
[20.744s][debug  ][gc,phases      ] GC(76)   StringDedup Table Weak         Min:  0.0, Avg:  0.0, Max:  0.0, Diff:  0.0, Sum:  0.0, Workers: 6
[20.744s][debug  ][gc,phases      ] GC(76)     Dead                           Min: 0, Avg:  0.0, Max: 0, Diff: 0, Sum: 0, Workers: 6
[20.744s][debug  ][gc,phases      ] GC(76)     Total                          Min: 0, Avg:  0.0, Max: 0, Diff: 0, Sum: 0, Workers: 6
[20.744s][debug  ][gc,phases      ] GC(76)   StringDedup Requests0 Weak     Min:  0.0, Avg:  0.0, Max:  0.0, Diff:  0.0, Sum:  0.0, Workers: 6
[20.744s][debug  ][gc,phases      ] GC(76)     Dead                           Min: 0, Avg:  0.0, Max: 0, Diff: 0, Sum: 0, Workers: 6
[20.744s][debug  ][gc,phases      ] GC(76)     Total                          Min: 0, Avg:  0.0, Max: 0, Diff: 0, Sum: 0, Workers: 6
[20.744s][debug  ][gc,phases      ] GC(76)   StringDedup Requests1 Weak     Min:  0.0, Avg:  0.0, Max:  0.0, Diff:  0.0, Sum:  0.0, Workers: 6
[20.744s][debug  ][gc,phases      ] GC(76)     Dead                           Min: 0, Avg:  0.0, Max: 0, Diff: 0, Sum: 0, Workers: 6
[20.744s][debug  ][gc,phases      ] GC(76)     Total                          Min: 0, Avg:  0.0, Max: 0, Diff: 0, Sum: 0, Workers: 6
[20.744s][debug  ][gc,phases      ] GC(76)   Weak JFR Old Object Samples    Min:  0.0, Avg:  0.0, Max:  0.0, Diff:  0.0, Sum:  0.0, Workers: 6
[20.744s][debug  ][gc,phases      ] GC(76)     Dead                           Min: 0, Avg:  0.0, Max: 0, Diff: 0, Sum: 0, Workers: 6
[20.744s][debug  ][gc,phases      ] GC(76)     Total                          Min: 0, Avg:  0.0, Max: 0, Diff: 0, Sum: 0, Workers: 6
[20.744s][debug  ][gc,phases      ] GC(76) Weak Processing 0.671ms
[20.744s][debug  ][gc,phases,start] GC(76) Class Unloading
[20.744s][debug  ][gc,phases,start] GC(76) ClassLoaderData
[20.744s][debug  ][gc,phases      ] GC(76) ClassLoaderData 0.019ms
[20.744s][debug  ][gc,phases,start] GC(76) Trigger cleanups
[20.744s][debug  ][gc,phases      ] GC(76) Trigger cleanups 0.019ms
[20.745s][debug  ][gc,phases      ] GC(76) Class Unloading 0.251ms
[20.745s][info   ][gc,phases      ] GC(76) Marking Phase 2.229ms
[20.745s][info   ][gc,phases,start] GC(76) Summary Phase
[20.745s][info   ][gc,phases      ] GC(76) Summary Phase 0.038ms
[20.745s][info   ][gc,phases,start] GC(76) Adjust Roots
[20.745s][info   ][gc,phases      ] GC(76) Adjust Roots 0.145ms
[20.745s][info   ][gc,phases,start] GC(76) Compaction Phase
[20.837s][info   ][gc,phases      ] GC(76) Compaction Phase 92.465ms
[20.837s][info   ][gc,phases,start] GC(76) Post Compact
[20.843s][info   ][gc,phases      ] GC(76) Post Compact 5.389ms
[20.843s][debug  ][gc,ergo        ] GC(76) AdaptiveSizeStart: collection: 77 
[20.843s][debug  ][gc,ergo        ] GC(76) PSAdaptiveSizePolicy::compute_eden_space_size limits: desired_eden_size: 225083032 old_eden_size: 204472320 eden_limit: 204472320 cur_eden: 204472320 max_eden_size: 204472320 avg_young_live: 25119478
[20.843s][debug  ][gc,ergo        ] GC(76) PSAdaptiveSizePolicy::compute_eden_space_size: costs minor_time: 0.049351 major_cost: 0.048568 mutator_cost: 0.902082 throughput_goal: 0.990000
[20.843s][debug  ][gc,ergo        ] GC(76) Live_space: 952690496 free_space: 1431306240
[20.843s][debug  ][gc,ergo        ] GC(76) Old eden_size: 204472320 desired_eden_size: 204472320
[20.843s][debug  ][gc,ergo        ] GC(76) PSAdaptiveSizePolicy::compute_old_gen_free_space limits: desired_promo_size: 1354777583 promo_limit: 1226833920 free_in_old_gen: 1198626816 max_old_gen_size: 1879048192 avg_old_live: 680421376
[20.843s][debug  ][gc,ergo        ] GC(76) PSAdaptiveSizePolicy::compute_old_gen_free_space: costs minor_time: 0.049351 major_cost: 0.048568  mutator_cost: 0.902082 throughput_goal: 0.990000
[20.843s][debug  ][gc,ergo        ] GC(76) Live_space: 973976320 free_space: 1431306240
[20.843s][debug  ][gc,ergo        ] GC(76) Old promo_size: 1226833920 desired_promo_size: 1226833920
[20.843s][debug  ][gc,ergo        ] GC(76) AdaptiveSizeStop: collection: 77 
[20.843s][info   ][gc,heap        ] GC(76) PSYoungGen: 30720K(230912K)->0K(230912K) Eden: 0K(199680K)->0K(199680K) From: 30720K(31232K)->0K(31232K)
[20.843s][info   ][gc,heap        ] GC(76) ParOldGen: 1691237K(1835008K)->851556K(1835008K)
[20.843s][info   ][gc,metaspace   ] GC(76) Metaspace: 1021K(1216K)->1021K(1216K) NonClass: 937K(1024K)->937K(1024K) Class: 83K(192K)->83K(192K)
[20.843s][info   ][gc             ] GC(76) Pause Full (Ergonomics) 1681M->831M(2017M) 100.866ms
[20.843s][info   ][gc,cpu         ] GC(76) User=0.94s Sys=0.00s Real=0.10s
[20.843s][debug  ][gc,heap        ] GC(76) Heap after GC invocations=77 (full 13):
[20.843s][debug  ][gc,heap        ] GC(76)  PSYoungGen      total 230912K, used 0K [0x00000000f0000000, 0x0000000100000000, 0x0000000100000000)
[20.843s][debug  ][gc,heap        ] GC(76)   eden space 199680K, 0% used [0x00000000f0000000,0x00000000f0000000,0x00000000fc300000)
[20.843s][debug  ][gc,heap        ] GC(76)   from space 31232K, 0% used [0x00000000fc300000,0x00000000fc300000,0x00000000fe180000)
[20.843s][debug  ][gc,heap        ] GC(76)   to   space 31232K, 0% used [0x00000000fe180000,0x00000000fe180000,0x0000000100000000)
[20.843s][debug  ][gc,heap        ] GC(76)  ParOldGen       total 1835008K, used 851556K [0x0000000080000000, 0x00000000f0000000, 0x00000000f0000000)
[20.843s][debug  ][gc,heap        ] GC(76)   object space 1835008K, 46% used [0x0000000080000000,0x00000000b3f991b8,0x00000000f0000000)
[20.843s][debug  ][gc,heap        ] GC(76)  Metaspace       used 1021K, committed 1216K, reserved 1056768K
[20.843s][debug  ][gc,heap        ] GC(76)   class space    used 83K, committed 192K, reserved 1048576K
[20.843s][debug  ][gc,task,time   ] GC(76) VM-Thread 207423372 207448326 208432326
[21.155s][debug  ][gc,heap        ] GC(77) Heap before GC invocations=78 (full 13):
[21.155s][debug  ][gc,heap        ] GC(77)  PSYoungGen      total 230912K, used 198466K [0x00000000f0000000, 0x0000000100000000, 0x0000000100000000)
[21.155s][debug  ][gc,heap        ] GC(77)   eden space 199680K, 99% used [0x00000000f0000000,0x00000000fc1d08d8,0x00000000fc300000)
[21.155s][debug  ][gc,heap        ] GC(77)   from space 31232K, 0% used [0x00000000fc300000,0x00000000fc300000,0x00000000fe180000)
[21.155s][debug  ][gc,heap        ] GC(77)   to   space 31232K, 0% used [0x00000000fe180000,0x00000000fe180000,0x0000000100000000)
[21.155s][debug  ][gc,heap        ] GC(77)  ParOldGen       total 1835008K, used 851556K [0x0000000080000000, 0x00000000f0000000, 0x00000000f0000000)
[21.155s][debug  ][gc,heap        ] GC(77)   object space 1835008K, 46% used [0x0000000080000000,0x00000000b3f991b8,0x00000000f0000000)
[21.155s][debug  ][gc,heap        ] GC(77)  Metaspace       used 1021K, committed 1216K, reserved 1056768K
[21.155s][debug  ][gc,heap        ] GC(77)   class space    used 83K, committed 192K, reserved 1048576K
[21.155s][debug  ][gc,tlab        ] GC(77) TLAB totals: thrds: 1  refills: 1 max: 1 slow allocs: 18 max 18 waste: 27.6% gc: 3998592B max: 3998592B slow: 0B max: 0B
[21.155s][info   ][gc,start       ] GC(77) Pause Young (Allocation Failure)
[21.155s][debug  ][gc,phases,start] GC(77) Scavenge
[21.158s][debug  ][gc,phases      ] GC(77) Scavenge 2.709ms
[21.158s][debug  ][gc,phases,start] GC(77) Reference Processing
[21.158s][debug  ][gc,ref         ] GC(77) Skipped phase 1 of Reference Processing: no references
[21.158s][debug  ][gc,ref         ] GC(77) Skipped phase 2 of Reference Processing: no references
[21.158s][debug  ][gc,ref         ] GC(77) Skipped phase 3 of Reference Processing: no references
[21.158s][debug  ][gc,ref         ] GC(77) Skipped phase 4 of Reference Processing: no references
[21.158s][debug  ][gc,phases,ref  ] GC(77) Reference Processing: 0.1ms
[21.158s][debug  ][gc,phases,ref  ] GC(77)   Reconsider SoftReferences: 0.0ms
[21.158s][debug  ][gc,phases,ref  ] GC(77)     SoftRef (ms):                  skipped
[21.158s][debug  ][gc,phases,ref  ] GC(77)   Notify Soft/WeakReferences: 0.0ms
[21.158s][debug  ][gc,phases,ref  ] GC(77)     SoftRef (ms):                  skipped
[21.158s][debug  ][gc,phases,ref  ] GC(77)     WeakRef (ms):                  skipped
[21.158s][debug  ][gc,phases,ref  ] GC(77)     FinalRef (ms):                 skipped
[21.158s][debug  ][gc,phases,ref  ] GC(77)     Total (ms):                    skipped
[21.158s][debug  ][gc,phases,ref  ] GC(77)   Notify and keep alive finalizable: 0.0ms
[21.158s][debug  ][gc,phases,ref  ] GC(77)     FinalRef (ms):                 skipped
[21.158s][debug  ][gc,phases,ref  ] GC(77)   Notify PhantomReferences: 0.0ms
[21.158s][debug  ][gc,phases,ref  ] GC(77)     PhantomRef (ms):               skipped
[21.158s][debug  ][gc,phases,ref  ] GC(77)   SoftReference:
[21.158s][debug  ][gc,phases,ref  ] GC(77)     Discovered: 0
[21.158s][debug  ][gc,phases,ref  ] GC(77)     Cleared: 0
[21.158s][debug  ][gc,phases,ref  ] GC(77)   WeakReference:
[21.158s][debug  ][gc,phases,ref  ] GC(77)     Discovered: 0
[21.158s][debug  ][gc,phases,ref  ] GC(77)     Cleared: 0
[21.158s][debug  ][gc,phases,ref  ] GC(77)   FinalReference:
[21.159s][debug  ][gc,phases,ref  ] GC(77)     Discovered: 0
[21.159s][debug  ][gc,phases,ref  ] GC(77)     Cleared: 0
[21.159s][debug  ][gc,phases,ref  ] GC(77)   PhantomReference:
[21.159s][debug  ][gc,phases,ref  ] GC(77)     Discovered: 0
[21.159s][debug  ][gc,phases,ref  ] GC(77)     Cleared: 0
[21.159s][debug  ][gc,phases      ] GC(77) Reference Processing 0.675ms
[21.159s][debug  ][gc,phases,start] GC(77) Weak Processing
[21.159s][debug  ][gc,phases      ] GC(77)   VM Weak                        Min:  0.0, Avg:  0.0, Max:  0.0, Diff:  0.0, Sum:  0.0, Workers: 6
[21.159s][debug  ][gc,phases      ] GC(77)     Dead                           Min: 0, Avg:  0.0, Max: 0, Diff: 0, Sum: 0, Workers: 6
[21.159s][debug  ][gc,phases      ] GC(77)     Total                          Min: 0, Avg:  1.3, Max: 8, Diff: 8, Sum: 8, Workers: 6
[21.159s][debug  ][gc,phases      ] GC(77)   ObjectSynchronizer Weak        Min:  0.0, Avg:  0.0, Max:  0.0, Diff:  0.0, Sum:  0.0, Workers: 6
[21.159s][debug  ][gc,phases      ] GC(77)     Dead                           Min: 0, Avg:  0.0, Max: 0, Diff: 0, Sum: 0, Workers: 6
[21.159s][debug  ][gc,phases      ] GC(77)     Total                          Min: 0, Avg:  0.5, Max: 3, Diff: 3, Sum: 3, Workers: 6
[21.159s][debug  ][gc,phases      ] GC(77)   JVMTI Tag Weak OopStorage      Min:  0.0, Avg:  0.0, Max:  0.0, Diff:  0.0, Sum:  0.0, Workers: 6
[21.159s][debug  ][gc,phases      ] GC(77)     Dead                           Min: 0, Avg:  0.0, Max: 0, Diff: 0, Sum: 0, Workers: 6
[21.159s][debug  ][gc,phases      ] GC(77)     Total                          Min: 0, Avg:  0.0, Max: 0, Diff: 0, Sum: 0, Workers: 6
[21.159s][debug  ][gc,phases      ] GC(77)   StringTable Weak               Min:  0.0, Avg:  0.0, Max:  0.0, Diff:  0.0, Sum:  0.0, Workers: 6
[21.159s][debug  ][gc,phases      ] GC(77)     Dead                           Min: 0, Avg:  0.0, Max: 0, Diff: 0, Sum: 0, Workers: 6
[21.159s][debug  ][gc,phases      ] GC(77)     Total                          Min: 768, Avg: 892.8, Max: 1088, Diff: 320, Sum: 5357, Workers: 6
[21.159s][debug  ][gc,phases      ] GC(77)   ResolvedMethodTable Weak       Min:  0.0, Avg:  0.0, Max:  0.0, Diff:  0.0, Sum:  0.0, Workers: 6
[21.159s][debug  ][gc,phases      ] GC(77)     Dead                           Min: 0, Avg:  0.0, Max: 0, Diff: 0, Sum: 0, Workers: 6
[21.159s][debug  ][gc,phases      ] GC(77)     Total                          Min: 0, Avg: 21.7, Max: 64, Diff: 64, Sum: 130, Workers: 6
[21.159s][debug  ][gc,phases      ] GC(77)   JNI Weak                       Min:  0.0, Avg:  0.0, Max:  0.0, Diff:  0.0, Sum:  0.0, Workers: 6
[21.159s][debug  ][gc,phases      ] GC(77)     Dead                           Min: 0, Avg:  0.0, Max: 0, Diff: 0, Sum: 0, Workers: 6
[21.159s][debug  ][gc,phases      ] GC(77)     Total                          Min: 0, Avg:  0.0, Max: 0, Diff: 0, Sum: 0, Workers: 6
[21.159s][debug  ][gc,phases      ] GC(77)   StringDedup Table Weak         Min:  0.0, Avg:  0.0, Max:  0.0, Diff:  0.0, Sum:  0.0, Workers: 6
[21.159s][debug  ][gc,phases      ] GC(77)     Dead                           Min: 0, Avg:  0.0, Max: 0, Diff: 0, Sum: 0, Workers: 6
[21.159s][debug  ][gc,phases      ] GC(77)     Total                          Min: 0, Avg:  0.0, Max: 0, Diff: 0, Sum: 0, Workers: 6
[21.159s][debug  ][gc,phases      ] GC(77)   StringDedup Requests0 Weak     Min:  0.0, Avg:  0.0, Max:  0.0, Diff:  0.0, Sum:  0.0, Workers: 6
[21.159s][debug  ][gc,phases      ] GC(77)     Dead                           Min: 0, Avg:  0.0, Max: 0, Diff: 0, Sum: 0, Workers: 6
[21.159s][debug  ][gc,phases      ] GC(77)     Total                          Min: 0, Avg:  0.0, Max: 0, Diff: 0, Sum: 0, Workers: 6
[21.159s][debug  ][gc,phases      ] GC(77)   StringDedup Requests1 Weak     Min:  0.0, Avg:  0.0, Max:  0.0, Diff:  0.0, Sum:  0.0, Workers: 6
[21.159s][debug  ][gc,phases      ] GC(77)     Dead                           Min: 0, Avg:  0.0, Max: 0, Diff: 0, Sum: 0, Workers: 6
[21.159s][debug  ][gc,phases      ] GC(77)     Total                          Min: 0, Avg:  0.0, Max: 0, Diff: 0, Sum: 0, Workers: 6
[21.159s][debug  ][gc,phases      ] GC(77)   Weak JFR Old Object Samples    Min:  0.0, Avg:  0.0, Max:  0.0, Diff:  0.0, Sum:  0.0, Workers: 6
[21.159s][debug  ][gc,phases      ] GC(77)     Dead                           Min: 0, Avg:  0.0, Max: 0, Diff: 0, Sum: 0, Workers: 6
[21.159s][debug  ][gc,phases      ] GC(77)     Total                          Min: 0, Avg:  0.0, Max: 0, Diff: 0, Sum: 0, Workers: 6
[21.159s][debug  ][gc,phases      ] GC(77) Weak Processing 0.800ms
[21.159s][debug  ][gc,ergo        ] GC(77) AdaptiveSizeStart:  collection: 78 
[21.160s][debug  ][gc,ergo        ] GC(77) avg_survived_padded_avg: 33295982.000000
[21.160s][debug  ][gc,ergo        ] GC(77) avg_promoted_padded_avg: 258855984.000000  avg_pretenured_padded_avg: 0.000000  tenuring_thresh: 5  target_size: 33554432
[21.160s][debug  ][gc,age         ] GC(77) Desired survivor size 33554432 bytes, new threshold 5 (max threshold 15)
[21.160s][debug  ][gc,ergo        ] GC(77) PSAdaptiveSizePolicy::compute_eden_space_size limits: desired_eden_size: 222837057 old_eden_size: 204472320 eden_limit: 204472320 cur_eden: 204472320 max_eden_size: 204472320 avg_young_live: 24704684
[21.160s][debug  ][gc,ergo        ] GC(77) PSAdaptiveSizePolicy::compute_eden_space_size: costs minor_time: 0.039589 major_cost: 0.048568 mutator_cost: 0.911843 throughput_goal: 0.990000
[21.160s][debug  ][gc,ergo        ] GC(77) Live_space: 973561472 free_space: 1431306240
[21.160s][debug  ][gc,ergo        ] GC(77) Old eden_size: 204472320 desired_eden_size: 204472320
[21.160s][debug  ][gc,ergo        ] GC(77) AdaptiveSizeStop: collection: 78 
[21.160s][info   ][gc,heap        ] GC(77) PSYoungGen: 198466K(230912K)->20480K(227840K) Eden: 198466K(199680K)->0K(196608K) From: 0K(31232K)->20480K(31232K)
[21.160s][info   ][gc,heap        ] GC(77) ParOldGen: 851556K(1835008K)->851556K(1835008K)
[21.160s][info   ][gc,metaspace   ] GC(77) Metaspace: 1021K(1216K)->1021K(1216K) NonClass: 937K(1024K)->937K(1024K) Class: 83K(192K)->83K(192K)
[21.160s][info   ][gc             ] GC(77) Pause Young (Allocation Failure) 1025M->851M(2014M) 4.669ms
[21.160s][info   ][gc,cpu         ] GC(77) User=0.00s Sys=0.00s Real=0.01s
[21.160s][debug  ][gc,heap        ] GC(77) Heap after GC invocations=78 (full 13):
[21.160s][debug  ][gc,heap        ] GC(77)  PSYoungGen      total 227840K, used 20480K [0x00000000f0000000, 0x0000000100000000, 0x0000000100000000)
[21.160s][debug  ][gc,heap        ] GC(77)   eden space 196608K, 0% used [0x00000000f0000000,0x00000000f0000000,0x00000000fc000000)
[21.160s][debug  ][gc,heap        ] GC(77)   from space 31232K, 65% used [0x00000000fe180000,0x00000000ff580020,0x0000000100000000)
[21.160s][debug  ][gc,heap        ] GC(77)   to   space 32768K, 0% used [0x00000000fc000000,0x00000000fc000000,0x00000000fe000000)
[21.160s][debug  ][gc,heap        ] GC(77)  ParOldGen       total 1835008K, used 851556K [0x0000000080000000, 0x00000000f0000000, 0x00000000f0000000)
[21.160s][debug  ][gc,heap        ] GC(77)   object space 1835008K, 46% used [0x0000000080000000,0x00000000b3f991b8,0x00000000f0000000)
[21.160s][debug  ][gc,heap        ] GC(77)  Metaspace       used 1021K, committed 1216K, reserved 1056768K
[21.160s][debug  ][gc,heap        ] GC(77)   class space    used 83K, committed 192K, reserved 1048576K
[21.160s][debug  ][gc,task,time   ] GC(77) VM-Thread 211548121 211579516 211600806
[21.440s][debug  ][gc,heap        ] GC(78) Heap before GC invocations=79 (full 13):
[21.440s][debug  ][gc,heap        ] GC(78)  PSYoungGen      total 227840K, used 208578K [0x00000000f0000000, 0x0000000100000000, 0x0000000100000000)
[21.440s][debug  ][gc,heap        ] GC(78)   eden space 196608K, 95% used [0x00000000f0000000,0x00000000fb7b08e8,0x00000000fc000000)
[21.440s][debug  ][gc,heap        ] GC(78)   from space 31232K, 65% used [0x00000000fe180000,0x00000000ff580020,0x0000000100000000)
[21.440s][debug  ][gc,heap        ] GC(78)   to   space 32768K, 0% used [0x00000000fc000000,0x00000000fc000000,0x00000000fe000000)
[21.441s][debug  ][gc,heap        ] GC(78)  ParOldGen       total 1835008K, used 851556K [0x0000000080000000, 0x00000000f0000000, 0x00000000f0000000)
[21.441s][debug  ][gc,heap        ] GC(78)   object space 1835008K, 46% used [0x0000000080000000,0x00000000b3f991b8,0x00000000f0000000)
[21.441s][debug  ][gc,heap        ] GC(78)  Metaspace       used 1021K, committed 1216K, reserved 1056768K
[21.441s][debug  ][gc,heap        ] GC(78)   class space    used 83K, committed 192K, reserved 1048576K
[21.441s][debug  ][gc,tlab        ] GC(78) TLAB totals: thrds: 1  refills: 1 max: 1 slow allocs: 17 max 17 waste: 27.0% gc: 3868616B max: 3868616B slow: 0B max: 0B
[21.441s][info   ][gc,start       ] GC(78) Pause Young (Allocation Failure)
[21.441s][debug  ][gc,phases,start] GC(78) Scavenge
[21.455s][debug  ][gc,phases      ] GC(78) Scavenge 13.842ms
[21.455s][debug  ][gc,phases,start] GC(78) Reference Processing
[21.455s][debug  ][gc,ref         ] GC(78) Skipped phase 1 of Reference Processing: no references
[21.455s][debug  ][gc,ref         ] GC(78) Skipped phase 2 of Reference Processing: no references
[21.455s][debug  ][gc,ref         ] GC(78) Skipped phase 3 of Reference Processing: no references
[21.455s][debug  ][gc,ref         ] GC(78) Skipped phase 4 of Reference Processing: no references
[21.455s][debug  ][gc,phases,ref  ] GC(78) Reference Processing: 0.1ms
[21.455s][debug  ][gc,phases,ref  ] GC(78)   Reconsider SoftReferences: 0.0ms
[21.455s][debug  ][gc,phases,ref  ] GC(78)     SoftRef (ms):                  skipped
[21.455s][debug  ][gc,phases,ref  ] GC(78)   Notify Soft/WeakReferences: 0.0ms
[21.455s][debug  ][gc,phases,ref  ] GC(78)     SoftRef (ms):                  skipped
[21.455s][debug  ][gc,phases,ref  ] GC(78)     WeakRef (ms):                  skipped
[21.455s][debug  ][gc,phases,ref  ] GC(78)     FinalRef (ms):                 skipped
[21.455s][debug  ][gc,phases,ref  ] GC(78)     Total (ms):                    skipped
[21.455s][debug  ][gc,phases,ref  ] GC(78)   Notify and keep alive finalizable: 0.0ms
[21.455s][debug  ][gc,phases,ref  ] GC(78)     FinalRef (ms):                 skipped
[21.455s][debug  ][gc,phases,ref  ] GC(78)   Notify PhantomReferences: 0.0ms
[21.455s][debug  ][gc,phases,ref  ] GC(78)     PhantomRef (ms):               skipped
[21.455s][debug  ][gc,phases,ref  ] GC(78)   SoftReference:
[21.455s][debug  ][gc,phases,ref  ] GC(78)     Discovered: 0
[21.455s][debug  ][gc,phases,ref  ] GC(78)     Cleared: 0
[21.455s][debug  ][gc,phases,ref  ] GC(78)   WeakReference:
[21.455s][debug  ][gc,phases,ref  ] GC(78)     Discovered: 0
[21.455s][debug  ][gc,phases,ref  ] GC(78)     Cleared: 0
[21.455s][debug  ][gc,phases,ref  ] GC(78)   FinalReference:
[21.455s][debug  ][gc,phases,ref  ] GC(78)     Discovered: 0
[21.455s][debug  ][gc,phases,ref  ] GC(78)     Cleared: 0
[21.455s][debug  ][gc,phases,ref  ] GC(78)   PhantomReference:
[21.455s][debug  ][gc,phases,ref  ] GC(78)     Discovered: 0
[21.455s][debug  ][gc,phases,ref  ] GC(78)     Cleared: 0
[21.455s][debug  ][gc,phases      ] GC(78) Reference Processing 0.817ms
[21.456s][debug  ][gc,phases,start] GC(78) Weak Processing
[21.456s][debug  ][gc,phases      ] GC(78)   VM Weak                        Min:  0.0, Avg:  0.0, Max:  0.0, Diff:  0.0, Sum:  0.0, Workers: 6
[21.456s][debug  ][gc,phases      ] GC(78)     Dead                           Min: 0, Avg:  0.0, Max: 0, Diff: 0, Sum: 0, Workers: 6
[21.456s][debug  ][gc,phases      ] GC(78)     Total                          Min: 0, Avg:  1.3, Max: 8, Diff: 8, Sum: 8, Workers: 6
[21.456s][debug  ][gc,phases      ] GC(78)   ObjectSynchronizer Weak        Min:  0.0, Avg:  0.0, Max:  0.0, Diff:  0.0, Sum:  0.0, Workers: 6
[21.456s][debug  ][gc,phases      ] GC(78)     Dead                           Min: 0, Avg:  0.0, Max: 0, Diff: 0, Sum: 0, Workers: 6
[21.456s][debug  ][gc,phases      ] GC(78)     Total                          Min: 0, Avg:  0.5, Max: 3, Diff: 3, Sum: 3, Workers: 6
[21.456s][debug  ][gc,phases      ] GC(78)   JVMTI Tag Weak OopStorage      Min:  0.0, Avg:  0.0, Max:  0.0, Diff:  0.0, Sum:  0.0, Workers: 6
[21.456s][debug  ][gc,phases      ] GC(78)     Dead                           Min: 0, Avg:  0.0, Max: 0, Diff: 0, Sum: 0, Workers: 6
[21.456s][debug  ][gc,phases      ] GC(78)     Total                          Min: 0, Avg:  0.0, Max: 0, Diff: 0, Sum: 0, Workers: 6
[21.456s][debug  ][gc,phases      ] GC(78)   StringTable Weak               Min:  0.0, Avg:  0.0, Max:  0.0, Diff:  0.0, Sum:  0.0, Workers: 6
[21.456s][debug  ][gc,phases      ] GC(78)     Dead                           Min: 0, Avg:  0.0, Max: 0, Diff: 0, Sum: 0, Workers: 6
[21.456s][debug  ][gc,phases      ] GC(78)     Total                          Min: 768, Avg: 892.8, Max: 1024, Diff: 256, Sum: 5357, Workers: 6
[21.456s][debug  ][gc,phases      ] GC(78)   ResolvedMethodTable Weak       Min:  0.0, Avg:  0.0, Max:  0.0, Diff:  0.0, Sum:  0.0, Workers: 6
[21.456s][debug  ][gc,phases      ] GC(78)     Dead                           Min: 0, Avg:  0.0, Max: 0, Diff: 0, Sum: 0, Workers: 6
[21.456s][debug  ][gc,phases      ] GC(78)     Total                          Min: 0, Avg: 21.7, Max: 64, Diff: 64, Sum: 130, Workers: 6
[21.456s][debug  ][gc,phases      ] GC(78)   JNI Weak                       Min:  0.0, Avg:  0.0, Max:  0.0, Diff:  0.0, Sum:  0.0, Workers: 6
[21.456s][debug  ][gc,phases      ] GC(78)     Dead                           Min: 0, Avg:  0.0, Max: 0, Diff: 0, Sum: 0, Workers: 6
[21.456s][debug  ][gc,phases      ] GC(78)     Total                          Min: 0, Avg:  0.0, Max: 0, Diff: 0, Sum: 0, Workers: 6
[21.456s][debug  ][gc,phases      ] GC(78)   StringDedup Table Weak         Min:  0.0, Avg:  0.0, Max:  0.0, Diff:  0.0, Sum:  0.0, Workers: 6
[21.456s][debug  ][gc,phases      ] GC(78)     Dead                           Min: 0, Avg:  0.0, Max: 0, Diff: 0, Sum: 0, Workers: 6
[21.456s][debug  ][gc,phases      ] GC(78)     Total                          Min: 0, Avg:  0.0, Max: 0, Diff: 0, Sum: 0, Workers: 6
[21.456s][debug  ][gc,phases      ] GC(78)   StringDedup Requests0 Weak     Min:  0.0, Avg:  0.0, Max:  0.0, Diff:  0.0, Sum:  0.0, Workers: 6
[21.456s][debug  ][gc,phases      ] GC(78)     Dead                           Min: 0, Avg:  0.0, Max: 0, Diff: 0, Sum: 0, Workers: 6
[21.456s][debug  ][gc,phases      ] GC(78)     Total                          Min: 0, Avg:  0.0, Max: 0, Diff: 0, Sum: 0, Workers: 6
[21.456s][debug  ][gc,phases      ] GC(78)   StringDedup Requests1 Weak     Min:  0.0, Avg:  0.0, Max:  0.0, Diff:  0.0, Sum:  0.0, Workers: 6
[21.456s][debug  ][gc,phases      ] GC(78)     Dead                           Min: 0, Avg:  0.0, Max: 0, Diff: 0, Sum: 0, Workers: 6
[21.456s][debug  ][gc,phases      ] GC(78)     Total                          Min: 0, Avg:  0.0, Max: 0, Diff: 0, Sum: 0, Workers: 6
[21.456s][debug  ][gc,phases      ] GC(78)   Weak JFR Old Object Samples    Min:  0.0, Avg:  0.0, Max:  0.0, Diff:  0.0, Sum:  0.0, Workers: 6
[21.456s][debug  ][gc,phases      ] GC(78)     Dead                           Min: 0, Avg:  0.0, Max: 0, Diff: 0, Sum: 0, Workers: 6
[21.456s][debug  ][gc,phases      ] GC(78)     Total                          Min: 0, Avg:  0.0, Max: 0, Diff: 0, Sum: 0, Workers: 6
[21.457s][debug  ][gc,phases      ] GC(78) Weak Processing 0.993ms
[21.457s][debug  ][gc,ergo        ] GC(78) AdaptiveSizeStart:  collection: 79 
[21.457s][debug  ][gc,ergo        ] GC(78) avg_survived_padded_avg: 33394432.000000
[21.457s][debug  ][gc,ergo        ] GC(78) avg_promoted_padded_avg: 256493312.000000  avg_pretenured_padded_avg: 0.000000  tenuring_thresh: 6  target_size: 33554432
[21.457s][debug  ][gc,age         ] GC(78) Desired survivor size 33554432 bytes, new threshold 6 (max threshold 15)
[21.457s][debug  ][gc,ergo        ] GC(78) PSAdaptiveSizePolicy::compute_eden_space_size limits: desired_eden_size: 220276611 old_eden_size: 204472320 eden_limit: 202899456 cur_eden: 201326592 max_eden_size: 202899456 avg_young_live: 25379946
[21.457s][debug  ][gc,ergo        ] GC(78) PSAdaptiveSizePolicy::compute_eden_space_size: costs minor_time: 0.042967 major_cost: 0.048568 mutator_cost: 0.908465 throughput_goal: 0.990000
[21.457s][debug  ][gc,ergo        ] GC(78) Live_space: 974236800 free_space: 1431306240
[21.457s][debug  ][gc,ergo        ] GC(78) Old eden_size: 204472320 desired_eden_size: 202899456
[21.457s][debug  ][gc,ergo        ] GC(78) AdaptiveSizeStop: collection: 79 
[21.457s][info   ][gc,heap        ] GC(78) PSYoungGen: 208578K(227840K)->30720K(229376K) Eden: 188098K(196608K)->0K(196608K) From: 20480K(31232K)->30720K(32768K)
[21.457s][info   ][gc,heap        ] GC(78) ParOldGen: 851556K(1835008K)->1025636K(1835008K)
[21.457s][info   ][gc,metaspace   ] GC(78) Metaspace: 1021K(1216K)->1021K(1216K) NonClass: 937K(1024K)->937K(1024K) Class: 83K(192K)->83K(192K)
[21.457s][info   ][gc             ] GC(78) Pause Young (Allocation Failure) 1035M->1031M(2016M) 16.130ms
[21.457s][info   ][gc,cpu         ] GC(78) User=0.16s Sys=0.00s Real=0.02s
[21.457s][debug  ][gc,heap        ] GC(78) Heap after GC invocations=79 (full 13):
[21.457s][debug  ][gc,heap        ] GC(78)  PSYoungGen      total 229376K, used 30720K [0x00000000f0000000, 0x0000000100000000, 0x0000000100000000)
[21.457s][debug  ][gc,heap        ] GC(78)   eden space 196608K, 0% used [0x00000000f0000000,0x00000000f0000000,0x00000000fc000000)
[21.457s][debug  ][gc,heap        ] GC(78)   from space 32768K, 93% used [0x00000000fc000000,0x00000000fde00030,0x00000000fe000000)
[21.457s][debug  ][gc,heap        ] GC(78)   to   space 32768K, 0% used [0x00000000fe000000,0x00000000fe000000,0x0000000100000000)
[21.457s][debug  ][gc,heap        ] GC(78)  ParOldGen       total 1835008K, used 1025636K [0x0000000080000000, 0x00000000f0000000, 0x00000000f0000000)
[21.457s][debug  ][gc,heap        ] GC(78)   object space 1835008K, 55% used [0x0000000080000000,0x00000000be9992c8,0x00000000f0000000)
[21.457s][debug  ][gc,heap        ] GC(78)  Metaspace       used 1021K, committed 1216K, reserved 1056768K
[21.457s][debug  ][gc,heap        ] GC(78)   class space    used 83K, committed 192K, reserved 1048576K
[21.457s][debug  ][gc,task,time   ] GC(78) VM-Thread 214402424 214546810 214570949
[21.744s][debug  ][gc,heap        ] GC(79) Heap before GC invocations=80 (full 13):
[21.744s][debug  ][gc,heap        ] GC(79)  PSYoungGen      total 229376K, used 218844K [0x00000000f0000000, 0x0000000100000000, 0x0000000100000000)
[21.744s][debug  ][gc,heap        ] GC(79)   eden space 196608K, 95% used [0x00000000f0000000,0x00000000fb7b7240,0x00000000fc000000)
[21.744s][debug  ][gc,heap        ] GC(79)   from space 32768K, 93% used [0x00000000fc000000,0x00000000fde00030,0x00000000fe000000)
[21.744s][debug  ][gc,heap        ] GC(79)   to   space 32768K, 0% used [0x00000000fe000000,0x00000000fe000000,0x0000000100000000)
[21.744s][debug  ][gc,heap        ] GC(79)  ParOldGen       total 1835008K, used 1025636K [0x0000000080000000, 0x00000000f0000000, 0x00000000f0000000)
[21.744s][debug  ][gc,heap        ] GC(79)   object space 1835008K, 55% used [0x0000000080000000,0x00000000be9992c8,0x00000000f0000000)
[21.744s][debug  ][gc,heap        ] GC(79)  Metaspace       used 1021K, committed 1216K, reserved 1056768K
[21.744s][debug  ][gc,heap        ] GC(79)   class space    used 83K, committed 192K, reserved 1048576K
[21.744s][debug  ][gc,tlab        ] GC(79) TLAB totals: thrds: 1  refills: 1 max: 1 slow allocs: 17 max 17 waste: 27.1% gc: 3895584B max: 3895584B slow: 0B max: 0B
[21.744s][info   ][gc,start       ] GC(79) Pause Young (Allocation Failure)
[21.744s][debug  ][gc,phases,start] GC(79) Scavenge
[21.758s][debug  ][gc,phases      ] GC(79) Scavenge 14.271ms
[21.758s][debug  ][gc,phases,start] GC(79) Reference Processing
[21.758s][debug  ][gc,ref         ] GC(79) Skipped phase 1 of Reference Processing: no references
[21.758s][debug  ][gc,ref         ] GC(79) Skipped phase 2 of Reference Processing: no references
[21.758s][debug  ][gc,ref         ] GC(79) Skipped phase 3 of Reference Processing: no references
[21.758s][debug  ][gc,ref         ] GC(79) Skipped phase 4 of Reference Processing: no references
[21.758s][debug  ][gc,phases,ref  ] GC(79) Reference Processing: 0.1ms
[21.758s][debug  ][gc,phases,ref  ] GC(79)   Reconsider SoftReferences: 0.0ms
[21.759s][debug  ][gc,phases,ref  ] GC(79)     SoftRef (ms):                  skipped
[21.759s][debug  ][gc,phases,ref  ] GC(79)   Notify Soft/WeakReferences: 0.0ms
[21.759s][debug  ][gc,phases,ref  ] GC(79)     SoftRef (ms):                  skipped
[21.759s][debug  ][gc,phases,ref  ] GC(79)     WeakRef (ms):                  skipped
[21.759s][debug  ][gc,phases,ref  ] GC(79)     FinalRef (ms):                 skipped
[21.759s][debug  ][gc,phases,ref  ] GC(79)     Total (ms):                    skipped
[21.759s][debug  ][gc,phases,ref  ] GC(79)   Notify and keep alive finalizable: 0.0ms
[21.759s][debug  ][gc,phases,ref  ] GC(79)     FinalRef (ms):                 skipped
[21.759s][debug  ][gc,phases,ref  ] GC(79)   Notify PhantomReferences: 0.0ms
[21.759s][debug  ][gc,phases,ref  ] GC(79)     PhantomRef (ms):               skipped
[21.759s][debug  ][gc,phases,ref  ] GC(79)   SoftReference:
[21.759s][debug  ][gc,phases,ref  ] GC(79)     Discovered: 0
[21.759s][debug  ][gc,phases,ref  ] GC(79)     Cleared: 0
[21.759s][debug  ][gc,phases,ref  ] GC(79)   WeakReference:
[21.759s][debug  ][gc,phases,ref  ] GC(79)     Discovered: 0
[21.759s][debug  ][gc,phases,ref  ] GC(79)     Cleared: 0
[21.759s][debug  ][gc,phases,ref  ] GC(79)   FinalReference:
[21.759s][debug  ][gc,phases,ref  ] GC(79)     Discovered: 0
[21.759s][debug  ][gc,phases,ref  ] GC(79)     Cleared: 0
[21.759s][debug  ][gc,phases,ref  ] GC(79)   PhantomReference:
[21.759s][debug  ][gc,phases,ref  ] GC(79)     Discovered: 0
[21.759s][debug  ][gc,phases,ref  ] GC(79)     Cleared: 0
[21.759s][debug  ][gc,phases      ] GC(79) Reference Processing 0.575ms
[21.759s][debug  ][gc,phases,start] GC(79) Weak Processing
[21.759s][debug  ][gc,phases      ] GC(79)   VM Weak                        Min:  0.0, Avg:  0.0, Max:  0.0, Diff:  0.0, Sum:  0.0, Workers: 6
[21.759s][debug  ][gc,phases      ] GC(79)     Dead                           Min: 0, Avg:  0.0, Max: 0, Diff: 0, Sum: 0, Workers: 6
[21.759s][debug  ][gc,phases      ] GC(79)     Total                          Min: 0, Avg:  1.3, Max: 8, Diff: 8, Sum: 8, Workers: 6
[21.759s][debug  ][gc,phases      ] GC(79)   ObjectSynchronizer Weak        Min:  0.0, Avg:  0.0, Max:  0.0, Diff:  0.0, Sum:  0.0, Workers: 6
[21.759s][debug  ][gc,phases      ] GC(79)     Dead                           Min: 0, Avg:  0.0, Max: 0, Diff: 0, Sum: 0, Workers: 6
[21.759s][debug  ][gc,phases      ] GC(79)     Total                          Min: 0, Avg:  0.5, Max: 3, Diff: 3, Sum: 3, Workers: 6
[21.759s][debug  ][gc,phases      ] GC(79)   JVMTI Tag Weak OopStorage      Min:  0.0, Avg:  0.0, Max:  0.0, Diff:  0.0, Sum:  0.0, Workers: 6
[21.759s][debug  ][gc,phases      ] GC(79)     Dead                           Min: 0, Avg:  0.0, Max: 0, Diff: 0, Sum: 0, Workers: 6
[21.759s][debug  ][gc,phases      ] GC(79)     Total                          Min: 0, Avg:  0.0, Max: 0, Diff: 0, Sum: 0, Workers: 6
[21.759s][debug  ][gc,phases      ] GC(79)   StringTable Weak               Min:  0.0, Avg:  0.0, Max:  0.0, Diff:  0.0, Sum:  0.0, Workers: 6
[21.759s][debug  ][gc,phases      ] GC(79)     Dead                           Min: 0, Avg:  0.0, Max: 0, Diff: 0, Sum: 0, Workers: 6
[21.759s][debug  ][gc,phases      ] GC(79)     Total                          Min: 192, Avg: 892.8, Max: 1088, Diff: 896, Sum: 5357, Workers: 6
[21.759s][debug  ][gc,phases      ] GC(79)   ResolvedMethodTable Weak       Min:  0.0, Avg:  0.0, Max:  0.0, Diff:  0.0, Sum:  0.0, Workers: 6
[21.759s][debug  ][gc,phases      ] GC(79)     Dead                           Min: 0, Avg:  0.0, Max: 0, Diff: 0, Sum: 0, Workers: 6
[21.759s][debug  ][gc,phases      ] GC(79)     Total                          Min: 0, Avg: 21.7, Max: 64, Diff: 64, Sum: 130, Workers: 6
[21.759s][debug  ][gc,phases      ] GC(79)   JNI Weak                       Min:  0.0, Avg:  0.0, Max:  0.0, Diff:  0.0, Sum:  0.0, Workers: 6
[21.759s][debug  ][gc,phases      ] GC(79)     Dead                           Min: 0, Avg:  0.0, Max: 0, Diff: 0, Sum: 0, Workers: 6
[21.759s][debug  ][gc,phases      ] GC(79)     Total                          Min: 0, Avg:  0.0, Max: 0, Diff: 0, Sum: 0, Workers: 6
[21.759s][debug  ][gc,phases      ] GC(79)   StringDedup Table Weak         Min:  0.0, Avg:  0.0, Max:  0.0, Diff:  0.0, Sum:  0.0, Workers: 6
[21.759s][debug  ][gc,phases      ] GC(79)     Dead                           Min: 0, Avg:  0.0, Max: 0, Diff: 0, Sum: 0, Workers: 6
[21.760s][debug  ][gc,phases      ] GC(79)     Total                          Min: 0, Avg:  0.0, Max: 0, Diff: 0, Sum: 0, Workers: 6
[21.760s][debug  ][gc,phases      ] GC(79)   StringDedup Requests0 Weak     Min:  0.0, Avg:  0.0, Max:  0.0, Diff:  0.0, Sum:  0.0, Workers: 6
[21.760s][debug  ][gc,phases      ] GC(79)     Dead                           Min: 0, Avg:  0.0, Max: 0, Diff: 0, Sum: 0, Workers: 6
[21.760s][debug  ][gc,phases      ] GC(79)     Total                          Min: 0, Avg:  0.0, Max: 0, Diff: 0, Sum: 0, Workers: 6
[21.760s][debug  ][gc,phases      ] GC(79)   StringDedup Requests1 Weak     Min:  0.0, Avg:  0.0, Max:  0.0, Diff:  0.0, Sum:  0.0, Workers: 6
[21.760s][debug  ][gc,phases      ] GC(79)     Dead                           Min: 0, Avg:  0.0, Max: 0, Diff: 0, Sum: 0, Workers: 6
[21.760s][debug  ][gc,phases      ] GC(79)     Total                          Min: 0, Avg:  0.0, Max: 0, Diff: 0, Sum: 0, Workers: 6
[21.760s][debug  ][gc,phases      ] GC(79)   Weak JFR Old Object Samples    Min:  0.0, Avg:  0.0, Max:  0.0, Diff:  0.0, Sum:  0.0, Workers: 6
[21.760s][debug  ][gc,phases      ] GC(79)     Dead                           Min: 0, Avg:  0.0, Max: 0, Diff: 0, Sum: 0, Workers: 6
[21.760s][debug  ][gc,phases      ] GC(79)     Total                          Min: 0, Avg:  0.0, Max: 0, Diff: 0, Sum: 0, Workers: 6
[21.760s][debug  ][gc,phases      ] GC(79) Weak Processing 0.821ms
[21.760s][debug  ][gc,ergo        ] GC(79) AdaptiveSizeStart:  collection: 80 
[21.760s][debug  ][gc,ergo        ] GC(79) avg_survived_padded_avg: 33454804.000000
[21.760s][debug  ][gc,ergo        ] GC(79) avg_promoted_padded_avg: 257676928.000000  avg_pretenured_padded_avg: 0.000000  tenuring_thresh: 6  target_size: 33554432
[21.760s][debug  ][gc,age         ] GC(79) Desired survivor size 33554432 bytes, new threshold 6 (max threshold 15)
[21.760s][debug  ][gc,ergo        ] GC(79) PSAdaptiveSizePolicy::compute_eden_space_size limits: desired_eden_size: 220796390 old_eden_size: 202899456 eden_limit: 201326592 cur_eden: 201326592 max_eden_size: 201326592 avg_young_live: 25987682
[21.760s][debug  ][gc,ergo        ] GC(79) PSAdaptiveSizePolicy::compute_eden_space_size: costs minor_time: 0.045243 major_cost: 0.048568 mutator_cost: 0.906189 throughput_goal: 0.990000
[21.760s][debug  ][gc,ergo        ] GC(79) Live_space: 974844544 free_space: 1429733376
[21.760s][debug  ][gc,ergo        ] GC(79) Old eden_size: 202899456 desired_eden_size: 201326592
[21.760s][debug  ][gc,ergo        ] GC(79) AdaptiveSizeStop: collection: 80 
[21.760s][info   ][gc,heap        ] GC(79) PSYoungGen: 218844K(229376K)->30720K(229376K) Eden: 188124K(196608K)->0K(196608K) From: 30720K(32768K)->30720K(32768K)
[21.760s][info   ][gc,heap        ] GC(79) ParOldGen: 1025636K(1835008K)->1209956K(1835008K)
[21.760s][info   ][gc,metaspace   ] GC(79) Metaspace: 1021K(1216K)->1021K(1216K) NonClass: 937K(1024K)->937K(1024K) Class: 83K(192K)->83K(192K)
[21.760s][info   ][gc             ] GC(79) Pause Young (Allocation Failure) 1215M->1211M(2016M) 16.185ms
[21.760s][info   ][gc,cpu         ] GC(79) User=0.16s Sys=0.00s Real=0.02s
[21.760s][debug  ][gc,heap        ] GC(79) Heap after GC invocations=80 (full 13):
[21.760s][debug  ][gc,heap        ] GC(79)  PSYoungGen      total 229376K, used 30720K [0x00000000f0000000, 0x0000000100000000, 0x0000000100000000)
[21.760s][debug  ][gc,heap        ] GC(79)   eden space 196608K, 0% used [0x00000000f0000000,0x00000000f0000000,0x00000000fc000000)
[21.760s][debug  ][gc,heap        ] GC(79)   from space 32768K, 93% used [0x00000000fe000000,0x00000000ffe00030,0x0000000100000000)
[21.760s][debug  ][gc,heap        ] GC(79)   to   space 32768K, 0% used [0x00000000fc000000,0x00000000fc000000,0x00000000fe000000)
[21.760s][debug  ][gc,heap        ] GC(79)  ParOldGen       total 1835008K, used 1209956K [0x0000000080000000, 0x00000000f0000000, 0x00000000f0000000)
[21.760s][debug  ][gc,heap        ] GC(79)   object space 1835008K, 65% used [0x0000000080000000,0x00000000c9d993e8,0x00000000f0000000)
[21.760s][debug  ][gc,heap        ] GC(79)  Metaspace       used 1021K, committed 1216K, reserved 1056768K
[21.760s][debug  ][gc,heap        ] GC(79)   class space    used 83K, committed 192K, reserved 1048576K
[21.760s][debug  ][gc,task,time   ] GC(79) VM-Thread 217436438 217583510 217604049
[22.044s][debug  ][gc,heap        ] GC(80) Heap before GC invocations=81 (full 13):
[22.044s][debug  ][gc,heap        ] GC(80)  PSYoungGen      total 229376K, used 218861K [0x00000000f0000000, 0x0000000100000000, 0x0000000100000000)
[22.044s][debug  ][gc,heap        ] GC(80)   eden space 196608K, 95% used [0x00000000f0000000,0x00000000fb7bb5f8,0x00000000fc000000)
[22.044s][debug  ][gc,heap        ] GC(80)   from space 32768K, 93% used [0x00000000fe000000,0x00000000ffe00030,0x0000000100000000)
[22.044s][debug  ][gc,heap        ] GC(80)   to   space 32768K, 0% used [0x00000000fc000000,0x00000000fc000000,0x00000000fe000000)
[22.044s][debug  ][gc,heap        ] GC(80)  ParOldGen       total 1835008K, used 1209956K [0x0000000080000000, 0x00000000f0000000, 0x00000000f0000000)
[22.045s][debug  ][gc,heap        ] GC(80)   object space 1835008K, 65% used [0x0000000080000000,0x00000000c9d993e8,0x00000000f0000000)
[22.045s][debug  ][gc,heap        ] GC(80)  Metaspace       used 1021K, committed 1216K, reserved 1056768K
[22.045s][debug  ][gc,heap        ] GC(80)   class space    used 83K, committed 192K, reserved 1048576K
[22.045s][debug  ][gc,tlab        ] GC(80) TLAB totals: thrds: 1  refills: 1 max: 1 slow allocs: 17 max 17 waste: 27.2% gc: 3912920B max: 3912920B slow: 0B max: 0B
[22.045s][info   ][gc,start       ] GC(80) Pause Young (Allocation Failure)
[22.045s][debug  ][gc,phases,start] GC(80) Scavenge
[22.060s][debug  ][gc,phases      ] GC(80) Scavenge 15.154ms
[22.060s][debug  ][gc,phases,start] GC(80) Reference Processing
[22.060s][debug  ][gc,ref         ] GC(80) Skipped phase 1 of Reference Processing: no references
[22.060s][debug  ][gc,ref         ] GC(80) Skipped phase 2 of Reference Processing: no references
[22.060s][debug  ][gc,ref         ] GC(80) Skipped phase 3 of Reference Processing: no references
[22.060s][debug  ][gc,ref         ] GC(80) Skipped phase 4 of Reference Processing: no references
[22.060s][debug  ][gc,phases,ref  ] GC(80) Reference Processing: 0.1ms
[22.060s][debug  ][gc,phases,ref  ] GC(80)   Reconsider SoftReferences: 0.0ms
[22.060s][debug  ][gc,phases,ref  ] GC(80)     SoftRef (ms):                  skipped
[22.060s][debug  ][gc,phases,ref  ] GC(80)   Notify Soft/WeakReferences: 0.0ms
[22.060s][debug  ][gc,phases,ref  ] GC(80)     SoftRef (ms):                  skipped
[22.060s][debug  ][gc,phases,ref  ] GC(80)     WeakRef (ms):                  skipped
[22.060s][debug  ][gc,phases,ref  ] GC(80)     FinalRef (ms):                 skipped
[22.060s][debug  ][gc,phases,ref  ] GC(80)     Total (ms):                    skipped
[22.060s][debug  ][gc,phases,ref  ] GC(80)   Notify and keep alive finalizable: 0.0ms
[22.060s][debug  ][gc,phases,ref  ] GC(80)     FinalRef (ms):                 skipped
[22.060s][debug  ][gc,phases,ref  ] GC(80)   Notify PhantomReferences: 0.0ms
[22.060s][debug  ][gc,phases,ref  ] GC(80)     PhantomRef (ms):               skipped
[22.060s][debug  ][gc,phases,ref  ] GC(80)   SoftReference:
[22.060s][debug  ][gc,phases,ref  ] GC(80)     Discovered: 0
[22.060s][debug  ][gc,phases,ref  ] GC(80)     Cleared: 0
[22.060s][debug  ][gc,phases,ref  ] GC(80)   WeakReference:
[22.060s][debug  ][gc,phases,ref  ] GC(80)     Discovered: 0
[22.061s][debug  ][gc,phases,ref  ] GC(80)     Cleared: 0
[22.061s][debug  ][gc,phases,ref  ] GC(80)   FinalReference:
[22.061s][debug  ][gc,phases,ref  ] GC(80)     Discovered: 0
[22.061s][debug  ][gc,phases,ref  ] GC(80)     Cleared: 0
[22.061s][debug  ][gc,phases,ref  ] GC(80)   PhantomReference:
[22.061s][debug  ][gc,phases,ref  ] GC(80)     Discovered: 0
[22.061s][debug  ][gc,phases,ref  ] GC(80)     Cleared: 0
[22.061s][debug  ][gc,phases      ] GC(80) Reference Processing 0.707ms
[22.061s][debug  ][gc,phases,start] GC(80) Weak Processing
[22.061s][debug  ][gc,phases      ] GC(80)   VM Weak                        Min:  0.0, Avg:  0.0, Max:  0.0, Diff:  0.0, Sum:  0.0, Workers: 6
[22.061s][debug  ][gc,phases      ] GC(80)     Dead                           Min: 0, Avg:  0.0, Max: 0, Diff: 0, Sum: 0, Workers: 6
[22.061s][debug  ][gc,phases      ] GC(80)     Total                          Min: 0, Avg:  1.3, Max: 8, Diff: 8, Sum: 8, Workers: 6
[22.061s][debug  ][gc,phases      ] GC(80)   ObjectSynchronizer Weak        Min:  0.0, Avg:  0.0, Max:  0.0, Diff:  0.0, Sum:  0.0, Workers: 6
[22.061s][debug  ][gc,phases      ] GC(80)     Dead                           Min: 0, Avg:  0.0, Max: 0, Diff: 0, Sum: 0, Workers: 6
[22.061s][debug  ][gc,phases      ] GC(80)     Total                          Min: 0, Avg:  0.5, Max: 3, Diff: 3, Sum: 3, Workers: 6
[22.061s][debug  ][gc,phases      ] GC(80)   JVMTI Tag Weak OopStorage      Min:  0.0, Avg:  0.0, Max:  0.0, Diff:  0.0, Sum:  0.0, Workers: 6
[22.061s][debug  ][gc,phases      ] GC(80)     Dead                           Min: 0, Avg:  0.0, Max: 0, Diff: 0, Sum: 0, Workers: 6
[22.061s][debug  ][gc,phases      ] GC(80)     Total                          Min: 0, Avg:  0.0, Max: 0, Diff: 0, Sum: 0, Workers: 6
[22.061s][debug  ][gc,phases      ] GC(80)   StringTable Weak               Min:  0.0, Avg:  0.0, Max:  0.0, Diff:  0.0, Sum:  0.0, Workers: 6
[22.061s][debug  ][gc,phases      ] GC(80)     Dead                           Min: 0, Avg:  0.0, Max: 0, Diff: 0, Sum: 0, Workers: 6
[22.061s][debug  ][gc,phases      ] GC(80)     Total                          Min: 767, Avg: 892.8, Max: 1152, Diff: 385, Sum: 5357, Workers: 6
[22.061s][debug  ][gc,phases      ] GC(80)   ResolvedMethodTable Weak       Min:  0.0, Avg:  0.0, Max:  0.0, Diff:  0.0, Sum:  0.0, Workers: 6
[22.061s][debug  ][gc,phases      ] GC(80)     Dead                           Min: 0, Avg:  0.0, Max: 0, Diff: 0, Sum: 0, Workers: 6
[22.061s][debug  ][gc,phases      ] GC(80)     Total                          Min: 0, Avg: 21.7, Max: 64, Diff: 64, Sum: 130, Workers: 6
[22.061s][debug  ][gc,phases      ] GC(80)   JNI Weak                       Min:  0.0, Avg:  0.0, Max:  0.0, Diff:  0.0, Sum:  0.0, Workers: 6
[22.061s][debug  ][gc,phases      ] GC(80)     Dead                           Min: 0, Avg:  0.0, Max: 0, Diff: 0, Sum: 0, Workers: 6
[22.061s][debug  ][gc,phases      ] GC(80)     Total                          Min: 0, Avg:  0.0, Max: 0, Diff: 0, Sum: 0, Workers: 6
[22.061s][debug  ][gc,phases      ] GC(80)   StringDedup Table Weak         Min:  0.0, Avg:  0.0, Max:  0.0, Diff:  0.0, Sum:  0.0, Workers: 6
[22.061s][debug  ][gc,phases      ] GC(80)     Dead                           Min: 0, Avg:  0.0, Max: 0, Diff: 0, Sum: 0, Workers: 6
[22.061s][debug  ][gc,phases      ] GC(80)     Total                          Min: 0, Avg:  0.0, Max: 0, Diff: 0, Sum: 0, Workers: 6
[22.061s][debug  ][gc,phases      ] GC(80)   StringDedup Requests0 Weak     Min:  0.0, Avg:  0.0, Max:  0.0, Diff:  0.0, Sum:  0.0, Workers: 6
[22.061s][debug  ][gc,phases      ] GC(80)     Dead                           Min: 0, Avg:  0.0, Max: 0, Diff: 0, Sum: 0, Workers: 6
[22.062s][debug  ][gc,phases      ] GC(80)     Total                          Min: 0, Avg:  0.0, Max: 0, Diff: 0, Sum: 0, Workers: 6
[22.062s][debug  ][gc,phases      ] GC(80)   StringDedup Requests1 Weak     Min:  0.0, Avg:  0.0, Max:  0.0, Diff:  0.0, Sum:  0.0, Workers: 6
[22.062s][debug  ][gc,phases      ] GC(80)     Dead                           Min: 0, Avg:  0.0, Max: 0, Diff: 0, Sum: 0, Workers: 6
[22.062s][debug  ][gc,phases      ] GC(80)     Total                          Min: 0, Avg:  0.0, Max: 0, Diff: 0, Sum: 0, Workers: 6
[22.062s][debug  ][gc,phases      ] GC(80)   Weak JFR Old Object Samples    Min:  0.0, Avg:  0.0, Max:  0.0, Diff:  0.0, Sum:  0.0, Workers: 6
[22.062s][debug  ][gc,phases      ] GC(80)     Dead                           Min: 0, Avg:  0.0, Max: 0, Diff: 0, Sum: 0, Workers: 6
[22.062s][debug  ][gc,phases      ] GC(80)     Total                          Min: 0, Avg:  0.0, Max: 0, Diff: 0, Sum: 0, Workers: 6
[22.062s][debug  ][gc,phases      ] GC(80) Weak Processing 1.035ms
[22.062s][debug  ][gc,ergo        ] GC(80) AdaptiveSizeStart:  collection: 81 
[22.062s][debug  ][gc,ergo        ] GC(80) avg_survived_padded_avg: 33483732.000000
[22.062s][debug  ][gc,ergo        ] GC(80) avg_promoted_padded_avg: 257946336.000000  avg_pretenured_padded_avg: 0.000000  tenuring_thresh: 6  target_size: 33554432
[22.062s][debug  ][gc,age         ] GC(80) Desired survivor size 33554432 bytes, new threshold 6 (max threshold 15)
[22.062s][debug  ][gc,ergo        ] GC(80) PSAdaptiveSizePolicy::compute_eden_space_size limits: desired_eden_size: 221398030 old_eden_size: 201326592 eden_limit: 201326592 cur_eden: 201326592 max_eden_size: 201326592 avg_young_live: 26534644
[22.062s][debug  ][gc,ergo        ] GC(80) PSAdaptiveSizePolicy::compute_eden_space_size: costs minor_time: 0.048024 major_cost: 0.048568 mutator_cost: 0.903408 throughput_goal: 0.990000
[22.062s][debug  ][gc,ergo        ] GC(80) Live_space: 975391488 free_space: 1428160512
[22.062s][debug  ][gc,ergo        ] GC(80) Old eden_size: 201326592 desired_eden_size: 201326592
[22.062s][debug  ][gc,ergo        ] GC(80) AdaptiveSizeStop: collection: 81 
[22.062s][info   ][gc,heap        ] GC(80) PSYoungGen: 218861K(229376K)->30720K(229376K) Eden: 188141K(196608K)->0K(196608K) From: 30720K(32768K)->30720K(32768K)
[22.062s][info   ][gc,heap        ] GC(80) ParOldGen: 1209956K(1835008K)->1394277K(1835008K)
[22.062s][info   ][gc,metaspace   ] GC(80) Metaspace: 1021K(1216K)->1021K(1216K) NonClass: 937K(1024K)->937K(1024K) Class: 83K(192K)->83K(192K)
[22.062s][info   ][gc             ] GC(80) Pause Young (Allocation Failure) 1395M->1391M(2016M) 17.357ms
[22.062s][info   ][gc,cpu         ] GC(80) User=0.16s Sys=0.00s Real=0.02s
[22.062s][debug  ][gc,heap        ] GC(80) Heap after GC invocations=81 (full 13):
[22.062s][debug  ][gc,heap        ] GC(80)  PSYoungGen      total 229376K, used 30720K [0x00000000f0000000, 0x0000000100000000, 0x0000000100000000)
[22.062s][debug  ][gc,heap        ] GC(80)   eden space 196608K, 0% used [0x00000000f0000000,0x00000000f0000000,0x00000000fc000000)
[22.062s][debug  ][gc,heap        ] GC(80)   from space 32768K, 93% used [0x00000000fc000000,0x00000000fde00030,0x00000000fe000000)
[22.062s][debug  ][gc,heap        ] GC(80)   to   space 32768K, 0% used [0x00000000fe000000,0x00000000fe000000,0x0000000100000000)
[22.062s][debug  ][gc,heap        ] GC(80)  ParOldGen       total 1835008K, used 1394277K [0x0000000080000000, 0x00000000f0000000, 0x00000000f0000000)
[22.062s][debug  ][gc,heap        ] GC(80)   object space 1835008K, 75% used [0x0000000080000000,0x00000000d5199508,0x00000000f0000000)
[22.062s][debug  ][gc,heap        ] GC(80)  Metaspace       used 1021K, committed 1216K, reserved 1056768K
[22.062s][debug  ][gc,heap        ] GC(80)   class space    used 83K, committed 192K, reserved 1048576K
[22.062s][debug  ][gc,task,time   ] GC(80) VM-Thread 220442378 220599683 220622680
[22.344s][debug  ][gc,heap        ] GC(81) Heap before GC invocations=82 (full 13):
[22.344s][debug  ][gc,heap        ] GC(81)  PSYoungGen      total 229376K, used 218872K [0x00000000f0000000, 0x0000000100000000, 0x0000000100000000)
[22.344s][debug  ][gc,heap        ] GC(81)   eden space 196608K, 95% used [0x00000000f0000000,0x00000000fb7be178,0x00000000fc000000)
[22.345s][debug  ][gc,heap        ] GC(81)   from space 32768K, 93% used [0x00000000fc000000,0x00000000fde00030,0x00000000fe000000)
[22.345s][debug  ][gc,heap        ] GC(81)   to   space 32768K, 0% used [0x00000000fe000000,0x00000000fe000000,0x0000000100000000)
[22.345s][debug  ][gc,heap        ] GC(81)  ParOldGen       total 1835008K, used 1394277K [0x0000000080000000, 0x00000000f0000000, 0x00000000f0000000)
[22.345s][debug  ][gc,heap        ] GC(81)   object space 1835008K, 75% used [0x0000000080000000,0x00000000d5199508,0x00000000f0000000)
[22.345s][debug  ][gc,heap        ] GC(81)  Metaspace       used 1021K, committed 1216K, reserved 1056768K
[22.345s][debug  ][gc,heap        ] GC(81)   class space    used 83K, committed 192K, reserved 1048576K
[22.345s][debug  ][gc,tlab        ] GC(81) TLAB totals: thrds: 1  refills: 1 max: 1 slow allocs: 17 max 17 waste: 27.2% gc: 3924056B max: 3924056B slow: 0B max: 0B
[22.345s][info   ][gc,start       ] GC(81) Pause Young (Allocation Failure)
[22.345s][debug  ][gc,phases,start] GC(81) Scavenge
[22.360s][debug  ][gc,phases      ] GC(81) Scavenge 15.288ms
[22.360s][debug  ][gc,phases,start] GC(81) Reference Processing
[22.360s][debug  ][gc,ref         ] GC(81) Skipped phase 1 of Reference Processing: no references
[22.360s][debug  ][gc,ref         ] GC(81) Skipped phase 2 of Reference Processing: no references
[22.360s][debug  ][gc,ref         ] GC(81) Skipped phase 3 of Reference Processing: no references
[22.360s][debug  ][gc,ref         ] GC(81) Skipped phase 4 of Reference Processing: no references
[22.360s][debug  ][gc,phases,ref  ] GC(81) Reference Processing: 0.1ms
[22.360s][debug  ][gc,phases,ref  ] GC(81)   Reconsider SoftReferences: 0.0ms
[22.360s][debug  ][gc,phases,ref  ] GC(81)     SoftRef (ms):                  skipped
[22.360s][debug  ][gc,phases,ref  ] GC(81)   Notify Soft/WeakReferences: 0.0ms
[22.360s][debug  ][gc,phases,ref  ] GC(81)     SoftRef (ms):                  skipped
[22.360s][debug  ][gc,phases,ref  ] GC(81)     WeakRef (ms):                  skipped
[22.360s][debug  ][gc,phases,ref  ] GC(81)     FinalRef (ms):                 skipped
[22.360s][debug  ][gc,phases,ref  ] GC(81)     Total (ms):                    skipped
[22.360s][debug  ][gc,phases,ref  ] GC(81)   Notify and keep alive finalizable: 0.0ms
[22.360s][debug  ][gc,phases,ref  ] GC(81)     FinalRef (ms):                 skipped
[22.361s][debug  ][gc,phases,ref  ] GC(81)   Notify PhantomReferences: 0.0ms
[22.361s][debug  ][gc,phases,ref  ] GC(81)     PhantomRef (ms):               skipped
[22.361s][debug  ][gc,phases,ref  ] GC(81)   SoftReference:
[22.361s][debug  ][gc,phases,ref  ] GC(81)     Discovered: 0
[22.361s][debug  ][gc,phases,ref  ] GC(81)     Cleared: 0
[22.361s][debug  ][gc,phases,ref  ] GC(81)   WeakReference:
[22.361s][debug  ][gc,phases,ref  ] GC(81)     Discovered: 0
[22.361s][debug  ][gc,phases,ref  ] GC(81)     Cleared: 0
[22.361s][debug  ][gc,phases,ref  ] GC(81)   FinalReference:
[22.361s][debug  ][gc,phases,ref  ] GC(81)     Discovered: 0
[22.361s][debug  ][gc,phases,ref  ] GC(81)     Cleared: 0
[22.361s][debug  ][gc,phases,ref  ] GC(81)   PhantomReference:
[22.361s][debug  ][gc,phases,ref  ] GC(81)     Discovered: 0
[22.361s][debug  ][gc,phases,ref  ] GC(81)     Cleared: 0
[22.361s][debug  ][gc,phases      ] GC(81) Reference Processing 0.655ms
[22.361s][debug  ][gc,phases,start] GC(81) Weak Processing
[22.361s][debug  ][gc,phases      ] GC(81)   VM Weak                        Min:  0.0, Avg:  0.0, Max:  0.0, Diff:  0.0, Sum:  0.0, Workers: 6
[22.361s][debug  ][gc,phases      ] GC(81)     Dead                           Min: 0, Avg:  0.0, Max: 0, Diff: 0, Sum: 0, Workers: 6
[22.361s][debug  ][gc,phases      ] GC(81)     Total                          Min: 0, Avg:  1.3, Max: 8, Diff: 8, Sum: 8, Workers: 6
[22.361s][debug  ][gc,phases      ] GC(81)   ObjectSynchronizer Weak        Min:  0.0, Avg:  0.0, Max:  0.0, Diff:  0.0, Sum:  0.0, Workers: 6
[22.361s][debug  ][gc,phases      ] GC(81)     Dead                           Min: 0, Avg:  0.0, Max: 0, Diff: 0, Sum: 0, Workers: 6
[22.361s][debug  ][gc,phases      ] GC(81)     Total                          Min: 0, Avg:  0.5, Max: 3, Diff: 3, Sum: 3, Workers: 6
[22.361s][debug  ][gc,phases      ] GC(81)   JVMTI Tag Weak OopStorage      Min:  0.0, Avg:  0.0, Max:  0.0, Diff:  0.0, Sum:  0.0, Workers: 6
[22.361s][debug  ][gc,phases      ] GC(81)     Dead                           Min: 0, Avg:  0.0, Max: 0, Diff: 0, Sum: 0, Workers: 6
[22.361s][debug  ][gc,phases      ] GC(81)     Total                          Min: 0, Avg:  0.0, Max: 0, Diff: 0, Sum: 0, Workers: 6
[22.361s][debug  ][gc,phases      ] GC(81)   StringTable Weak               Min:  0.0, Avg:  0.0, Max:  0.0, Diff:  0.0, Sum:  0.0, Workers: 6
[22.361s][debug  ][gc,phases      ] GC(81)     Dead                           Min: 0, Avg:  0.0, Max: 0, Diff: 0, Sum: 0, Workers: 6
[22.361s][debug  ][gc,phases      ] GC(81)     Total                          Min: 768, Avg: 892.8, Max: 1087, Diff: 319, Sum: 5357, Workers: 6
[22.361s][debug  ][gc,phases      ] GC(81)   ResolvedMethodTable Weak       Min:  0.0, Avg:  0.0, Max:  0.0, Diff:  0.0, Sum:  0.0, Workers: 6
[22.361s][debug  ][gc,phases      ] GC(81)     Dead                           Min: 0, Avg:  0.0, Max: 0, Diff: 0, Sum: 0, Workers: 6
[22.361s][debug  ][gc,phases      ] GC(81)     Total                          Min: 0, Avg: 21.7, Max: 64, Diff: 64, Sum: 130, Workers: 6
[22.361s][debug  ][gc,phases      ] GC(81)   JNI Weak                       Min:  0.0, Avg:  0.0, Max:  0.0, Diff:  0.0, Sum:  0.0, Workers: 6
[22.361s][debug  ][gc,phases      ] GC(81)     Dead                           Min: 0, Avg:  0.0, Max: 0, Diff: 0, Sum: 0, Workers: 6
[22.361s][debug  ][gc,phases      ] GC(81)     Total                          Min: 0, Avg:  0.0, Max: 0, Diff: 0, Sum: 0, Workers: 6
[22.361s][debug  ][gc,phases      ] GC(81)   StringDedup Table Weak         Min:  0.0, Avg:  0.0, Max:  0.0, Diff:  0.0, Sum:  0.0, Workers: 6
[22.361s][debug  ][gc,phases      ] GC(81)     Dead                           Min: 0, Avg:  0.0, Max: 0, Diff: 0, Sum: 0, Workers: 6
[22.361s][debug  ][gc,phases      ] GC(81)     Total                          Min: 0, Avg:  0.0, Max: 0, Diff: 0, Sum: 0, Workers: 6
[22.361s][debug  ][gc,phases      ] GC(81)   StringDedup Requests0 Weak     Min:  0.0, Avg:  0.0, Max:  0.0, Diff:  0.0, Sum:  0.0, Workers: 6
[22.361s][debug  ][gc,phases      ] GC(81)     Dead                           Min: 0, Avg:  0.0, Max: 0, Diff: 0, Sum: 0, Workers: 6
[22.361s][debug  ][gc,phases      ] GC(81)     Total                          Min: 0, Avg:  0.0, Max: 0, Diff: 0, Sum: 0, Workers: 6
[22.361s][debug  ][gc,phases      ] GC(81)   StringDedup Requests1 Weak     Min:  0.0, Avg:  0.0, Max:  0.0, Diff:  0.0, Sum:  0.0, Workers: 6
[22.361s][debug  ][gc,phases      ] GC(81)     Dead                           Min: 0, Avg:  0.0, Max: 0, Diff: 0, Sum: 0, Workers: 6
[22.362s][debug  ][gc,phases      ] GC(81)     Total                          Min: 0, Avg:  0.0, Max: 0, Diff: 0, Sum: 0, Workers: 6
[22.362s][debug  ][gc,phases      ] GC(81)   Weak JFR Old Object Samples    Min:  0.0, Avg:  0.0, Max:  0.0, Diff:  0.0, Sum:  0.0, Workers: 6
[22.362s][debug  ][gc,phases      ] GC(81)     Dead                           Min: 0, Avg:  0.0, Max: 0, Diff: 0, Sum: 0, Workers: 6
[22.362s][debug  ][gc,phases      ] GC(81)     Total                          Min: 0, Avg:  0.0, Max: 0, Diff: 0, Sum: 0, Workers: 6
[22.362s][debug  ][gc,phases      ] GC(81) Weak Processing 0.762ms
[22.362s][debug  ][gc,ergo        ] GC(81) AdaptiveSizeStart:  collection: 82 
[22.362s][debug  ][gc,ergo        ] GC(81) avg_survived_padded_avg: 33486900.000000
[22.362s][debug  ][gc,ergo        ] GC(81) avg_promoted_padded_avg: 257472544.000000  avg_pretenured_padded_avg: 0.000000  tenuring_thresh: 6  target_size: 33554432
[22.362s][debug  ][gc,age         ] GC(81) Desired survivor size 33554432 bytes, new threshold 6 (max threshold 15)
[22.362s][debug  ][gc,ergo        ] GC(81) PSAdaptiveSizePolicy::compute_eden_space_size limits: desired_eden_size: 221814917 old_eden_size: 201326592 eden_limit: 201326592 cur_eden: 201326592 max_eden_size: 201326592 avg_young_live: 27026912
[22.362s][debug  ][gc,ergo        ] GC(81) PSAdaptiveSizePolicy::compute_eden_space_size: costs minor_time: 0.050049 major_cost: 0.048568 mutator_cost: 0.901383 throughput_goal: 0.990000
[22.362s][debug  ][gc,ergo        ] GC(81) Live_space: 975883776 free_space: 1428160512
[22.362s][debug  ][gc,ergo        ] GC(81) Old eden_size: 201326592 desired_eden_size: 201326592
[22.362s][debug  ][gc,ergo        ] GC(81) AdaptiveSizeStop: collection: 82 
[22.362s][info   ][gc,heap        ] GC(81) PSYoungGen: 218872K(229376K)->30720K(229376K) Eden: 188152K(196608K)->0K(196608K) From: 30720K(32768K)->30720K(32768K)
[22.362s][info   ][gc,heap        ] GC(81) ParOldGen: 1394277K(1835008K)->1578597K(1835008K)
[22.362s][info   ][gc,metaspace   ] GC(81) Metaspace: 1021K(1216K)->1021K(1216K) NonClass: 937K(1024K)->937K(1024K) Class: 83K(192K)->83K(192K)
[22.362s][info   ][gc             ] GC(81) Pause Young (Allocation Failure) 1575M->1571M(2016M) 17.177ms
[22.362s][info   ][gc,cpu         ] GC(81) User=0.16s Sys=0.00s Real=0.02s
[22.362s][debug  ][gc,heap        ] GC(81) Heap after GC invocations=82 (full 13):
[22.362s][debug  ][gc,heap        ] GC(81)  PSYoungGen      total 229376K, used 30720K [0x00000000f0000000, 0x0000000100000000, 0x0000000100000000)
[22.362s][debug  ][gc,heap        ] GC(81)   eden space 196608K, 0% used [0x00000000f0000000,0x00000000f0000000,0x00000000fc000000)
[22.362s][debug  ][gc,heap        ] GC(81)   from space 32768K, 93% used [0x00000000fe000000,0x00000000ffe00030,0x0000000100000000)
[22.362s][debug  ][gc,heap        ] GC(81)   to   space 32768K, 0% used [0x00000000fc000000,0x00000000fc000000,0x00000000fe000000)
[22.362s][debug  ][gc,heap        ] GC(81)  ParOldGen       total 1835008K, used 1578597K [0x0000000080000000, 0x00000000f0000000, 0x00000000f0000000)
[22.362s][debug  ][gc,heap        ] GC(81)   object space 1835008K, 86% used [0x0000000080000000,0x00000000e0599628,0x00000000f0000000)
[22.362s][debug  ][gc,heap        ] GC(81)  Metaspace       used 1021K, committed 1216K, reserved 1056768K
[22.362s][debug  ][gc,heap        ] GC(81)   class space    used 83K, committed 192K, reserved 1048576K
[22.362s][debug  ][gc,task,time   ] GC(81) VM-Thread 223443325 223601452 223621632
[22.645s][debug  ][gc,heap        ] GC(82) Heap before GC invocations=83 (full 13):
[22.645s][debug  ][gc,heap        ] GC(82)  PSYoungGen      total 229376K, used 218879K [0x00000000f0000000, 0x0000000100000000, 0x0000000100000000)
[22.645s][debug  ][gc,heap        ] GC(82)   eden space 196608K, 95% used [0x00000000f0000000,0x00000000fb7bfd70,0x00000000fc000000)
[22.645s][debug  ][gc,heap        ] GC(82)   from space 32768K, 93% used [0x00000000fe000000,0x00000000ffe00030,0x0000000100000000)
[22.645s][debug  ][gc,heap        ] GC(82)   to   space 32768K, 0% used [0x00000000fc000000,0x00000000fc000000,0x00000000fe000000)
[22.645s][debug  ][gc,heap        ] GC(82)  ParOldGen       total 1835008K, used 1578597K [0x0000000080000000, 0x00000000f0000000, 0x00000000f0000000)
[22.645s][debug  ][gc,heap        ] GC(82)   object space 1835008K, 86% used [0x0000000080000000,0x00000000e0599628,0x00000000f0000000)
[22.645s][debug  ][gc,heap        ] GC(82)  Metaspace       used 1021K, committed 1216K, reserved 1056768K
[22.645s][debug  ][gc,heap        ] GC(82)   class space    used 83K, committed 192K, reserved 1048576K
[22.645s][debug  ][gc,tlab        ] GC(82) TLAB totals: thrds: 1  refills: 1 max: 1 slow allocs: 17 max 17 waste: 27.3% gc: 3931216B max: 3931216B slow: 0B max: 0B
[22.645s][info   ][gc,start       ] GC(82) Pause Young (Allocation Failure)
[22.645s][debug  ][gc,phases,start] GC(82) Scavenge
[22.663s][debug  ][gc,phases      ] GC(82) Scavenge 17.822ms
[22.663s][debug  ][gc,phases,start] GC(82) Reference Processing
[22.663s][debug  ][gc,ref         ] GC(82) Skipped phase 1 of Reference Processing: no references
[22.663s][debug  ][gc,ref         ] GC(82) Skipped phase 2 of Reference Processing: no references
[22.663s][debug  ][gc,ref         ] GC(82) Skipped phase 3 of Reference Processing: no references
[22.663s][debug  ][gc,ref         ] GC(82) Skipped phase 4 of Reference Processing: no references
[22.663s][debug  ][gc,phases,ref  ] GC(82) Reference Processing: 0.1ms
[22.663s][debug  ][gc,phases,ref  ] GC(82)   Reconsider SoftReferences: 0.0ms
[22.663s][debug  ][gc,phases,ref  ] GC(82)     SoftRef (ms):                  skipped
[22.663s][debug  ][gc,phases,ref  ] GC(82)   Notify Soft/WeakReferences: 0.1ms
[22.663s][debug  ][gc,phases,ref  ] GC(82)     SoftRef (ms):                  skipped
[22.663s][debug  ][gc,phases,ref  ] GC(82)     WeakRef (ms):                  skipped
[22.663s][debug  ][gc,phases,ref  ] GC(82)     FinalRef (ms):                 skipped
[22.663s][debug  ][gc,phases,ref  ] GC(82)     Total (ms):                    skipped
[22.663s][debug  ][gc,phases,ref  ] GC(82)   Notify and keep alive finalizable: 0.0ms
[22.664s][debug  ][gc,phases,ref  ] GC(82)     FinalRef (ms):                 skipped
[22.664s][debug  ][gc,phases,ref  ] GC(82)   Notify PhantomReferences: 0.0ms
[22.664s][debug  ][gc,phases,ref  ] GC(82)     PhantomRef (ms):               skipped
[22.664s][debug  ][gc,phases,ref  ] GC(82)   SoftReference:
[22.664s][debug  ][gc,phases,ref  ] GC(82)     Discovered: 0
[22.664s][debug  ][gc,phases,ref  ] GC(82)     Cleared: 0
[22.664s][debug  ][gc,phases,ref  ] GC(82)   WeakReference:
[22.664s][debug  ][gc,phases,ref  ] GC(82)     Discovered: 0
[22.664s][debug  ][gc,phases,ref  ] GC(82)     Cleared: 0
[22.664s][debug  ][gc,phases,ref  ] GC(82)   FinalReference:
[22.664s][debug  ][gc,phases,ref  ] GC(82)     Discovered: 0
[22.664s][debug  ][gc,phases,ref  ] GC(82)     Cleared: 0
[22.664s][debug  ][gc,phases,ref  ] GC(82)   PhantomReference:
[22.664s][debug  ][gc,phases,ref  ] GC(82)     Discovered: 0
[22.664s][debug  ][gc,phases,ref  ] GC(82)     Cleared: 0
[22.664s][debug  ][gc,phases      ] GC(82) Reference Processing 0.634ms
[22.664s][debug  ][gc,phases,start] GC(82) Weak Processing
[22.664s][debug  ][gc,phases      ] GC(82)   VM Weak                        Min:  0.0, Avg:  0.0, Max:  0.0, Diff:  0.0, Sum:  0.0, Workers: 6
[22.664s][debug  ][gc,phases      ] GC(82)     Dead                           Min: 0, Avg:  0.0, Max: 0, Diff: 0, Sum: 0, Workers: 6
[22.664s][debug  ][gc,phases      ] GC(82)     Total                          Min: 0, Avg:  1.3, Max: 8, Diff: 8, Sum: 8, Workers: 6
[22.664s][debug  ][gc,phases      ] GC(82)   ObjectSynchronizer Weak        Min:  0.0, Avg:  0.0, Max:  0.0, Diff:  0.0, Sum:  0.0, Workers: 6
[22.664s][debug  ][gc,phases      ] GC(82)     Dead                           Min: 0, Avg:  0.0, Max: 0, Diff: 0, Sum: 0, Workers: 6
[22.664s][debug  ][gc,phases      ] GC(82)     Total                          Min: 0, Avg:  0.5, Max: 3, Diff: 3, Sum: 3, Workers: 6
[22.664s][debug  ][gc,phases      ] GC(82)   JVMTI Tag Weak OopStorage      Min:  0.0, Avg:  0.0, Max:  0.0, Diff:  0.0, Sum:  0.0, Workers: 6
[22.664s][debug  ][gc,phases      ] GC(82)     Dead                           Min: 0, Avg:  0.0, Max: 0, Diff: 0, Sum: 0, Workers: 6
[22.664s][debug  ][gc,phases      ] GC(82)     Total                          Min: 0, Avg:  0.0, Max: 0, Diff: 0, Sum: 0, Workers: 6
[22.664s][debug  ][gc,phases      ] GC(82)   StringTable Weak               Min:  0.0, Avg:  0.0, Max:  0.0, Diff:  0.0, Sum:  0.0, Workers: 6
[22.664s][debug  ][gc,phases      ] GC(82)     Dead                           Min: 0, Avg:  0.0, Max: 0, Diff: 0, Sum: 0, Workers: 6
[22.664s][debug  ][gc,phases      ] GC(82)     Total                          Min: 704, Avg: 892.8, Max: 1088, Diff: 384, Sum: 5357, Workers: 6
[22.664s][debug  ][gc,phases      ] GC(82)   ResolvedMethodTable Weak       Min:  0.0, Avg:  0.0, Max:  0.0, Diff:  0.0, Sum:  0.0, Workers: 6
[22.664s][debug  ][gc,phases      ] GC(82)     Dead                           Min: 0, Avg:  0.0, Max: 0, Diff: 0, Sum: 0, Workers: 6
[22.664s][debug  ][gc,phases      ] GC(82)     Total                          Min: 0, Avg: 21.7, Max: 64, Diff: 64, Sum: 130, Workers: 6
[22.664s][debug  ][gc,phases      ] GC(82)   JNI Weak                       Min:  0.0, Avg:  0.0, Max:  0.0, Diff:  0.0, Sum:  0.0, Workers: 6
[22.664s][debug  ][gc,phases      ] GC(82)     Dead                           Min: 0, Avg:  0.0, Max: 0, Diff: 0, Sum: 0, Workers: 6
[22.664s][debug  ][gc,phases      ] GC(82)     Total                          Min: 0, Avg:  0.0, Max: 0, Diff: 0, Sum: 0, Workers: 6
[22.664s][debug  ][gc,phases      ] GC(82)   StringDedup Table Weak         Min:  0.0, Avg:  0.0, Max:  0.0, Diff:  0.0, Sum:  0.0, Workers: 6
[22.664s][debug  ][gc,phases      ] GC(82)     Dead                           Min: 0, Avg:  0.0, Max: 0, Diff: 0, Sum: 0, Workers: 6
[22.664s][debug  ][gc,phases      ] GC(82)     Total                          Min: 0, Avg:  0.0, Max: 0, Diff: 0, Sum: 0, Workers: 6
[22.664s][debug  ][gc,phases      ] GC(82)   StringDedup Requests0 Weak     Min:  0.0, Avg:  0.0, Max:  0.0, Diff:  0.0, Sum:  0.0, Workers: 6
[22.664s][debug  ][gc,phases      ] GC(82)     Dead                           Min: 0, Avg:  0.0, Max: 0, Diff: 0, Sum: 0, Workers: 6
[22.664s][debug  ][gc,phases      ] GC(82)     Total                          Min: 0, Avg:  0.0, Max: 0, Diff: 0, Sum: 0, Workers: 6
[22.664s][debug  ][gc,phases      ] GC(82)   StringDedup Requests1 Weak     Min:  0.0, Avg:  0.0, Max:  0.0, Diff:  0.0, Sum:  0.0, Workers: 6
[22.664s][debug  ][gc,phases      ] GC(82)     Dead                           Min: 0, Avg:  0.0, Max: 0, Diff: 0, Sum: 0, Workers: 6
[22.664s][debug  ][gc,phases      ] GC(82)     Total                          Min: 0, Avg:  0.0, Max: 0, Diff: 0, Sum: 0, Workers: 6
[22.664s][debug  ][gc,phases      ] GC(82)   Weak JFR Old Object Samples    Min:  0.0, Avg:  0.0, Max:  0.0, Diff:  0.0, Sum:  0.0, Workers: 6
[22.664s][debug  ][gc,phases      ] GC(82)     Dead                           Min: 0, Avg:  0.0, Max: 0, Diff: 0, Sum: 0, Workers: 6
[22.664s][debug  ][gc,phases      ] GC(82)     Total                          Min: 0, Avg:  0.0, Max: 0, Diff: 0, Sum: 0, Workers: 6
[22.665s][debug  ][gc,phases      ] GC(82) Weak Processing 0.699ms
[22.665s][debug  ][gc,ergo        ] GC(82) AdaptiveSizeStart:  collection: 83 
[22.665s][debug  ][gc,ergo        ] GC(82) avg_survived_padded_avg: 33469170.000000
[22.665s][debug  ][gc,ergo        ] GC(82) avg_promoted_padded_avg: 256401472.000000  avg_pretenured_padded_avg: 0.000000  tenuring_thresh: 5  target_size: 33554432
[22.665s][debug  ][gc,age         ] GC(82) Desired survivor size 33554432 bytes, new threshold 5 (max threshold 15)
[22.665s][debug  ][gc,ergo        ] GC(82) PSAdaptiveSizePolicy::compute_eden_space_size limits: desired_eden_size: 222476114 old_eden_size: 201326592 eden_limit: 201326592 cur_eden: 201326592 max_eden_size: 201326592 avg_young_live: 27469954
[22.665s][debug  ][gc,ergo        ] GC(82) PSAdaptiveSizePolicy::compute_eden_space_size: costs minor_time: 0.053442 major_cost: 0.048568 mutator_cost: 0.897990 throughput_goal: 0.990000
[22.665s][debug  ][gc,ergo        ] GC(82) Live_space: 976326784 free_space: 1428160512
[22.665s][debug  ][gc,ergo        ] GC(82) Old eden_size: 201326592 desired_eden_size: 201326592
[22.665s][debug  ][gc,ergo        ] GC(82) AdaptiveSizeStop: collection: 83 
[22.665s][info   ][gc,heap        ] GC(82) PSYoungGen: 218879K(229376K)->30720K(229376K) Eden: 188159K(196608K)->0K(196608K) From: 30720K(32768K)->30720K(32768K)
[22.665s][info   ][gc,heap        ] GC(82) ParOldGen: 1578597K(1835008K)->1762917K(1835008K)
[22.665s][info   ][gc,metaspace   ] GC(82) Metaspace: 1021K(1216K)->1021K(1216K) NonClass: 937K(1024K)->937K(1024K) Class: 83K(192K)->83K(192K)
[22.665s][info   ][gc             ] GC(82) Pause Young (Allocation Failure) 1755M->1751M(2016M) 19.617ms
[22.665s][info   ][gc,cpu         ] GC(82) User=0.16s Sys=0.00s Real=0.02s
[22.665s][debug  ][gc,heap        ] GC(82) Heap after GC invocations=83 (full 13):
[22.665s][debug  ][gc,heap        ] GC(82)  PSYoungGen      total 229376K, used 30720K [0x00000000f0000000, 0x0000000100000000, 0x0000000100000000)
[22.665s][debug  ][gc,heap        ] GC(82)   eden space 196608K, 0% used [0x00000000f0000000,0x00000000f0000000,0x00000000fc000000)
[22.665s][debug  ][gc,heap        ] GC(82)   from space 32768K, 93% used [0x00000000fc000000,0x00000000fde00030,0x00000000fe000000)
[22.665s][debug  ][gc,heap        ] GC(82)   to   space 32768K, 0% used [0x00000000fe000000,0x00000000fe000000,0x0000000100000000)
[22.665s][debug  ][gc,heap        ] GC(82)  ParOldGen       total 1835008K, used 1762917K [0x0000000080000000, 0x00000000f0000000, 0x00000000f0000000)
[22.665s][debug  ][gc,heap        ] GC(82)   object space 1835008K, 96% used [0x0000000080000000,0x00000000eb999748,0x00000000f0000000)
[22.665s][debug  ][gc,heap        ] GC(82)  Metaspace       used 1021K, committed 1216K, reserved 1056768K
[22.665s][debug  ][gc,heap        ] GC(82)   class space    used 83K, committed 192K, reserved 1048576K
[22.665s][debug  ][gc,task,time   ] GC(82) VM-Thread 226447023 226631610 226651266
[22.665s][debug  ][gc,phases,start] GC(83) Pre Compact
[22.665s][debug  ][gc,heap        ] GC(83) Heap before GC invocations=84 (full 14):
[22.665s][debug  ][gc,heap        ] GC(83)  PSYoungGen      total 229376K, used 30720K [0x00000000f0000000, 0x0000000100000000, 0x0000000100000000)
[22.665s][debug  ][gc,heap        ] GC(83)   eden space 196608K, 0% used [0x00000000f0000000,0x00000000f0000000,0x00000000fc000000)
[22.665s][debug  ][gc,heap        ] GC(83)   from space 32768K, 93% used [0x00000000fc000000,0x00000000fde00030,0x00000000fe000000)
[22.665s][debug  ][gc,heap        ] GC(83)   to   space 32768K, 0% used [0x00000000fe000000,0x00000000fe000000,0x0000000100000000)
[22.665s][debug  ][gc,heap        ] GC(83)  ParOldGen       total 1835008K, used 1762917K [0x0000000080000000, 0x00000000f0000000, 0x00000000f0000000)
[22.665s][debug  ][gc,heap        ] GC(83)   object space 1835008K, 96% used [0x0000000080000000,0x00000000eb999748,0x00000000f0000000)
[22.665s][debug  ][gc,heap        ] GC(83)  Metaspace       used 1021K, committed 1216K, reserved 1056768K
[22.665s][debug  ][gc,heap        ] GC(83)   class space    used 83K, committed 192K, reserved 1048576K
[22.665s][debug  ][gc,phases      ] GC(83) Pre Compact 0.202ms
[22.665s][info   ][gc,start       ] GC(83) Pause Full (Ergonomics)
[22.665s][info   ][gc,phases,start] GC(83) Marking Phase
[22.665s][debug  ][gc,phases,start] GC(83) Par Mark
[22.666s][debug  ][gc,phases      ] GC(83) Par Mark 0.508ms
[22.666s][debug  ][gc,phases,start] GC(83) Reference Processing
[22.666s][debug  ][gc,ref         ] GC(83) Skipped phase 1 of Reference Processing: no references
[22.666s][debug  ][gc,ref         ] GC(83) ReferenceProcessor::execute queues: 1, RefProcThreadModel::Single, marks_oops_alive: false
[22.666s][debug  ][gc,ref         ] GC(83) Skipped phase 3 of Reference Processing: no references
[22.666s][debug  ][gc,ref         ] GC(83) ReferenceProcessor::execute queues: 1, RefProcThreadModel::Single, marks_oops_alive: false
[22.666s][debug  ][gc,phases,ref  ] GC(83) Reference Processing: 0.1ms
[22.666s][debug  ][gc,phases,ref  ] GC(83)   Reconsider SoftReferences: 0.0ms
[22.666s][debug  ][gc,phases,ref  ] GC(83)     SoftRef (ms):                  skipped
[22.666s][debug  ][gc,phases,ref  ] GC(83)   Notify Soft/WeakReferences: 0.0ms
[22.666s][debug  ][gc,phases,ref  ] GC(83)     SoftRef (ms):                  Min:  0.0, Avg:  0.0, Max:  0.0, Diff:  0.0, Sum:  0.0, Workers: 10
[22.666s][debug  ][gc,phases,ref  ] GC(83)     WeakRef (ms):                  Min:  0.0, Avg:  0.0, Max:  0.0, Diff:  0.0, Sum:  0.0, Workers: 10
[22.666s][debug  ][gc,phases,ref  ] GC(83)     FinalRef (ms):                 Min:  0.0, Avg:  0.0, Max:  0.0, Diff:  0.0, Sum:  0.0, Workers: 10
[22.666s][debug  ][gc,phases,ref  ] GC(83)     Total (ms):                    Min:  0.0, Avg:  0.0, Max:  0.0, Diff:  0.0, Sum:  0.0, Workers: 10
[22.666s][debug  ][gc,phases,ref  ] GC(83)   Notify and keep alive finalizable: 0.0ms
[22.666s][debug  ][gc,phases,ref  ] GC(83)     FinalRef (ms):                 skipped
[22.666s][debug  ][gc,phases,ref  ] GC(83)   Notify PhantomReferences: 0.0ms
[22.666s][debug  ][gc,phases,ref  ] GC(83)     PhantomRef (ms):               Min:  0.0, Avg:  0.0, Max:  0.0, Diff:  0.0, Sum:  0.0, Workers: 10
[22.666s][debug  ][gc,phases,ref  ] GC(83)   SoftReference:
[22.666s][debug  ][gc,phases,ref  ] GC(83)     Discovered: 0
[22.666s][debug  ][gc,phases,ref  ] GC(83)     Cleared: 0
[22.666s][debug  ][gc,phases,ref  ] GC(83)   WeakReference:
[22.666s][debug  ][gc,phases,ref  ] GC(83)     Discovered: 71
[22.666s][debug  ][gc,phases,ref  ] GC(83)     Cleared: 71
[22.666s][debug  ][gc,phases,ref  ] GC(83)   FinalReference:
[22.666s][debug  ][gc,phases,ref  ] GC(83)     Discovered: 0
[22.666s][debug  ][gc,phases,ref  ] GC(83)     Cleared: 0
[22.666s][debug  ][gc,phases,ref  ] GC(83)   PhantomReference:
[22.667s][debug  ][gc,phases,ref  ] GC(83)     Discovered: 3
[22.667s][debug  ][gc,phases,ref  ] GC(83)     Cleared: 3
[22.667s][debug  ][gc,phases      ] GC(83) Reference Processing 0.575ms
[22.667s][debug  ][gc,phases,start] GC(83) Weak Processing
[22.667s][debug  ][gc,phases      ] GC(83)   VM Weak                        Min:  0.0, Avg:  0.0, Max:  0.0, Diff:  0.0, Sum:  0.0, Workers: 6
[22.667s][debug  ][gc,phases      ] GC(83)     Dead                           Min: 0, Avg:  0.0, Max: 0, Diff: 0, Sum: 0, Workers: 6
[22.667s][debug  ][gc,phases      ] GC(83)     Total                          Min: 0, Avg:  1.3, Max: 8, Diff: 8, Sum: 8, Workers: 6
[22.667s][debug  ][gc,phases      ] GC(83)   ObjectSynchronizer Weak        Min:  0.0, Avg:  0.0, Max:  0.0, Diff:  0.0, Sum:  0.0, Workers: 6
[22.667s][debug  ][gc,phases      ] GC(83)     Dead                           Min: 0, Avg:  0.0, Max: 0, Diff: 0, Sum: 0, Workers: 6
[22.667s][debug  ][gc,phases      ] GC(83)     Total                          Min: 0, Avg:  0.5, Max: 3, Diff: 3, Sum: 3, Workers: 6
[22.667s][debug  ][gc,phases      ] GC(83)   JVMTI Tag Weak OopStorage      Min:  0.0, Avg:  0.0, Max:  0.0, Diff:  0.0, Sum:  0.0, Workers: 6
[22.667s][debug  ][gc,phases      ] GC(83)     Dead                           Min: 0, Avg:  0.0, Max: 0, Diff: 0, Sum: 0, Workers: 6
[22.667s][debug  ][gc,phases      ] GC(83)     Total                          Min: 0, Avg:  0.0, Max: 0, Diff: 0, Sum: 0, Workers: 6
[22.667s][debug  ][gc,phases      ] GC(83)   StringTable Weak               Min:  0.0, Avg:  0.0, Max:  0.0, Diff:  0.0, Sum:  0.0, Workers: 6
[22.667s][debug  ][gc,phases      ] GC(83)     Dead                           Min: 0, Avg:  0.0, Max: 0, Diff: 0, Sum: 0, Workers: 6
[22.667s][debug  ][gc,phases      ] GC(83)     Total                          Min: 686, Avg: 892.8, Max: 1344, Diff: 658, Sum: 5357, Workers: 6
[22.667s][debug  ][gc,phases      ] GC(83)   ResolvedMethodTable Weak       Min:  0.0, Avg:  0.0, Max:  0.0, Diff:  0.0, Sum:  0.0, Workers: 6
[22.667s][debug  ][gc,phases      ] GC(83)     Dead                           Min: 0, Avg:  0.0, Max: 0, Diff: 0, Sum: 0, Workers: 6
[22.667s][debug  ][gc,phases      ] GC(83)     Total                          Min: 0, Avg: 21.7, Max: 64, Diff: 64, Sum: 130, Workers: 6
[22.667s][debug  ][gc,phases      ] GC(83)   JNI Weak                       Min:  0.0, Avg:  0.0, Max:  0.0, Diff:  0.0, Sum:  0.0, Workers: 6
[22.667s][debug  ][gc,phases      ] GC(83)     Dead                           Min: 0, Avg:  0.0, Max: 0, Diff: 0, Sum: 0, Workers: 6
[22.667s][debug  ][gc,phases      ] GC(83)     Total                          Min: 0, Avg:  0.0, Max: 0, Diff: 0, Sum: 0, Workers: 6
[22.667s][debug  ][gc,phases      ] GC(83)   StringDedup Table Weak         Min:  0.0, Avg:  0.0, Max:  0.0, Diff:  0.0, Sum:  0.0, Workers: 6
[22.667s][debug  ][gc,phases      ] GC(83)     Dead                           Min: 0, Avg:  0.0, Max: 0, Diff: 0, Sum: 0, Workers: 6
[22.667s][debug  ][gc,phases      ] GC(83)     Total                          Min: 0, Avg:  0.0, Max: 0, Diff: 0, Sum: 0, Workers: 6
[22.667s][debug  ][gc,phases      ] GC(83)   StringDedup Requests0 Weak     Min:  0.0, Avg:  0.0, Max:  0.0, Diff:  0.0, Sum:  0.0, Workers: 6
[22.667s][debug  ][gc,phases      ] GC(83)     Dead                           Min: 0, Avg:  0.0, Max: 0, Diff: 0, Sum: 0, Workers: 6
[22.667s][debug  ][gc,phases      ] GC(83)     Total                          Min: 0, Avg:  0.0, Max: 0, Diff: 0, Sum: 0, Workers: 6
[22.667s][debug  ][gc,phases      ] GC(83)   StringDedup Requests1 Weak     Min:  0.0, Avg:  0.0, Max:  0.0, Diff:  0.0, Sum:  0.0, Workers: 6
[22.667s][debug  ][gc,phases      ] GC(83)     Dead                           Min: 0, Avg:  0.0, Max: 0, Diff: 0, Sum: 0, Workers: 6
[22.667s][debug  ][gc,phases      ] GC(83)     Total                          Min: 0, Avg:  0.0, Max: 0, Diff: 0, Sum: 0, Workers: 6
[22.667s][debug  ][gc,phases      ] GC(83)   Weak JFR Old Object Samples    Min:  0.0, Avg:  0.0, Max:  0.0, Diff:  0.0, Sum:  0.0, Workers: 6
[22.667s][debug  ][gc,phases      ] GC(83)     Dead                           Min: 0, Avg:  0.0, Max: 0, Diff: 0, Sum: 0, Workers: 6
[22.667s][debug  ][gc,phases      ] GC(83)     Total                          Min: 0, Avg:  0.0, Max: 0, Diff: 0, Sum: 0, Workers: 6
[22.667s][debug  ][gc,phases      ] GC(83) Weak Processing 0.684ms
[22.667s][debug  ][gc,phases,start] GC(83) Class Unloading
[22.667s][debug  ][gc,phases,start] GC(83) ClassLoaderData
[22.667s][debug  ][gc,phases      ] GC(83) ClassLoaderData 0.020ms
[22.667s][debug  ][gc,phases,start] GC(83) Trigger cleanups
[22.667s][debug  ][gc,phases      ] GC(83) Trigger cleanups 0.019ms
[22.668s][debug  ][gc,phases      ] GC(83) Class Unloading 0.253ms
[22.668s][info   ][gc,phases      ] GC(83) Marking Phase 2.137ms
[22.668s][info   ][gc,phases,start] GC(83) Summary Phase
[22.668s][info   ][gc,phases      ] GC(83) Summary Phase 0.050ms
[22.668s][info   ][gc,phases,start] GC(83) Adjust Roots
[22.668s][info   ][gc,phases      ] GC(83) Adjust Roots 0.133ms
[22.668s][info   ][gc,phases,start] GC(83) Compaction Phase
[22.769s][info   ][gc,phases      ] GC(83) Compaction Phase 100.679ms
[22.769s][info   ][gc,phases,start] GC(83) Post Compact
[22.775s][info   ][gc,phases      ] GC(83) Post Compact 5.882ms
[22.775s][debug  ][gc,ergo        ] GC(83) AdaptiveSizeStart: collection: 84 
[22.775s][debug  ][gc,ergo        ] GC(83) PSAdaptiveSizePolicy::compute_eden_space_size limits: desired_eden_size: 222072038 old_eden_size: 201326592 eden_limit: 201326592 cur_eden: 201326592 max_eden_size: 201326592 avg_young_live: 24722960
[22.775s][debug  ][gc,ergo        ] GC(83) PSAdaptiveSizePolicy::compute_eden_space_size: costs minor_time: 0.053442 major_cost: 0.050555 mutator_cost: 0.896004 throughput_goal: 0.990000
[22.775s][debug  ][gc,ergo        ] GC(83) Live_space: 973579776 free_space: 1428160512
[22.775s][debug  ][gc,ergo        ] GC(83) Old eden_size: 201326592 desired_eden_size: 201326592
[22.775s][debug  ][gc,ergo        ] GC(83) PSAdaptiveSizePolicy::compute_old_gen_free_space limits: desired_promo_size: 1352228293 promo_limit: 1226833920 free_in_old_gen: 1170032384 max_old_gen_size: 1879048192 avg_old_live: 709015808
[22.775s][debug  ][gc,ergo        ] GC(83) PSAdaptiveSizePolicy::compute_old_gen_free_space: costs minor_time: 0.053442 major_cost: 0.050555  mutator_cost: 0.896004 throughput_goal: 0.990000
[22.775s][debug  ][gc,ergo        ] GC(83) Live_space: 1002174208 free_space: 1428160512
[22.775s][debug  ][gc,ergo        ] GC(83) Old promo_size: 1226833920 desired_promo_size: 1226833920
[22.775s][debug  ][gc,ergo        ] GC(83) AdaptiveSizeStop: collection: 84 
[22.775s][info   ][gc,heap        ] GC(83) PSYoungGen: 30720K(229376K)->0K(229376K) Eden: 0K(196608K)->0K(196608K) From: 30720K(32768K)->0K(32768K)
[22.775s][info   ][gc,heap        ] GC(83) ParOldGen: 1762917K(1835008K)->943716K(1835008K)
[22.775s][info   ][gc,metaspace   ] GC(83) Metaspace: 1021K(1216K)->1021K(1216K) NonClass: 937K(1024K)->937K(1024K) Class: 83K(192K)->83K(192K)
[22.775s][info   ][gc             ] GC(83) Pause Full (Ergonomics) 1751M->921M(2016M) 109.524ms
[22.775s][info   ][gc,cpu         ] GC(83) User=0.94s Sys=0.02s Real=0.11s
[22.775s][debug  ][gc,heap        ] GC(83) Heap after GC invocations=84 (full 14):
[22.775s][debug  ][gc,heap        ] GC(83)  PSYoungGen      total 229376K, used 0K [0x00000000f0000000, 0x0000000100000000, 0x0000000100000000)
[22.775s][debug  ][gc,heap        ] GC(83)   eden space 196608K, 0% used [0x00000000f0000000,0x00000000f0000000,0x00000000fc000000)
[22.775s][debug  ][gc,heap        ] GC(83)   from space 32768K, 0% used [0x00000000fe000000,0x00000000fe000000,0x0000000100000000)
[22.775s][debug  ][gc,heap        ] GC(83)   to   space 32768K, 0% used [0x00000000fc000000,0x00000000fc000000,0x00000000fe000000)
[22.775s][debug  ][gc,heap        ] GC(83)  ParOldGen       total 1835008K, used 943716K [0x0000000080000000, 0x00000000f0000000, 0x00000000f0000000)
[22.775s][debug  ][gc,heap        ] GC(83)   object space 1835008K, 51% used [0x0000000080000000,0x00000000b9999248,0x00000000f0000000)
[22.775s][debug  ][gc,heap        ] GC(83)  Metaspace       used 1021K, committed 1216K, reserved 1056768K
[22.775s][debug  ][gc,heap        ] GC(83)   class space    used 83K, committed 192K, reserved 1048576K
[22.775s][debug  ][gc,task,time   ] GC(83) VM-Thread 226654058 226678382 227749700
[23.054s][debug  ][gc,heap        ] GC(84) Heap before GC invocations=85 (full 14):
[23.054s][debug  ][gc,heap        ] GC(84)  PSYoungGen      total 229376K, used 188163K [0x00000000f0000000, 0x0000000100000000, 0x0000000100000000)
[23.055s][debug  ][gc,heap        ] GC(84)   eden space 196608K, 95% used [0x00000000f0000000,0x00000000fb7c0f70,0x00000000fc000000)
[23.055s][debug  ][gc,heap        ] GC(84)   from space 32768K, 0% used [0x00000000fe000000,0x00000000fe000000,0x0000000100000000)
[23.055s][debug  ][gc,heap        ] GC(84)   to   space 32768K, 0% used [0x00000000fc000000,0x00000000fc000000,0x00000000fe000000)
[23.055s][debug  ][gc,heap        ] GC(84)  ParOldGen       total 1835008K, used 943716K [0x0000000080000000, 0x00000000f0000000, 0x00000000f0000000)
[23.055s][debug  ][gc,heap        ] GC(84)   object space 1835008K, 51% used [0x0000000080000000,0x00000000b9999248,0x00000000f0000000)
[23.055s][debug  ][gc,heap        ] GC(84)  Metaspace       used 1021K, committed 1216K, reserved 1056768K
[23.055s][debug  ][gc,heap        ] GC(84)   class space    used 83K, committed 192K, reserved 1048576K
[23.055s][debug  ][gc,tlab        ] GC(84) TLAB totals: thrds: 1  refills: 1 max: 1 slow allocs: 17 max 17 waste: 27.3% gc: 3934760B max: 3934760B slow: 0B max: 0B
[23.055s][info   ][gc,start       ] GC(84) Pause Young (Allocation Failure)
[23.055s][debug  ][gc,phases,start] GC(84) Scavenge
[23.063s][debug  ][gc,phases      ] GC(84) Scavenge 7.754ms
[23.063s][debug  ][gc,phases,start] GC(84) Reference Processing
[23.063s][debug  ][gc,ref         ] GC(84) Skipped phase 1 of Reference Processing: no references
[23.063s][debug  ][gc,ref         ] GC(84) Skipped phase 2 of Reference Processing: no references
[23.063s][debug  ][gc,ref         ] GC(84) Skipped phase 3 of Reference Processing: no references
[23.063s][debug  ][gc,ref         ] GC(84) Skipped phase 4 of Reference Processing: no references
[23.063s][debug  ][gc,phases,ref  ] GC(84) Reference Processing: 0.1ms
[23.063s][debug  ][gc,phases,ref  ] GC(84)   Reconsider SoftReferences: 0.0ms
[23.063s][debug  ][gc,phases,ref  ] GC(84)     SoftRef (ms):                  skipped
[23.063s][debug  ][gc,phases,ref  ] GC(84)   Notify Soft/WeakReferences: 0.0ms
[23.063s][debug  ][gc,phases,ref  ] GC(84)     SoftRef (ms):                  skipped
[23.063s][debug  ][gc,phases,ref  ] GC(84)     WeakRef (ms):                  skipped
[23.063s][debug  ][gc,phases,ref  ] GC(84)     FinalRef (ms):                 skipped
[23.063s][debug  ][gc,phases,ref  ] GC(84)     Total (ms):                    skipped
[23.063s][debug  ][gc,phases,ref  ] GC(84)   Notify and keep alive finalizable: 0.0ms
[23.063s][debug  ][gc,phases,ref  ] GC(84)     FinalRef (ms):                 skipped
[23.063s][debug  ][gc,phases,ref  ] GC(84)   Notify PhantomReferences: 0.0ms
[23.063s][debug  ][gc,phases,ref  ] GC(84)     PhantomRef (ms):               skipped
[23.063s][debug  ][gc,phases,ref  ] GC(84)   SoftReference:
[23.063s][debug  ][gc,phases,ref  ] GC(84)     Discovered: 0
[23.063s][debug  ][gc,phases,ref  ] GC(84)     Cleared: 0
[23.063s][debug  ][gc,phases,ref  ] GC(84)   WeakReference:
[23.063s][debug  ][gc,phases,ref  ] GC(84)     Discovered: 0
[23.063s][debug  ][gc,phases,ref  ] GC(84)     Cleared: 0
[23.063s][debug  ][gc,phases,ref  ] GC(84)   FinalReference:
[23.063s][debug  ][gc,phases,ref  ] GC(84)     Discovered: 0
[23.063s][debug  ][gc,phases,ref  ] GC(84)     Cleared: 0
[23.063s][debug  ][gc,phases,ref  ] GC(84)   PhantomReference:
[23.063s][debug  ][gc,phases,ref  ] GC(84)     Discovered: 0
[23.063s][debug  ][gc,phases,ref  ] GC(84)     Cleared: 0
[23.063s][debug  ][gc,phases      ] GC(84) Reference Processing 0.683ms
[23.063s][debug  ][gc,phases,start] GC(84) Weak Processing
[23.063s][debug  ][gc,phases      ] GC(84)   VM Weak                        Min:  0.0, Avg:  0.0, Max:  0.0, Diff:  0.0, Sum:  0.0, Workers: 6
[23.064s][debug  ][gc,phases      ] GC(84)     Dead                           Min: 0, Avg:  0.0, Max: 0, Diff: 0, Sum: 0, Workers: 6
[23.064s][debug  ][gc,phases      ] GC(84)     Total                          Min: 0, Avg:  1.3, Max: 8, Diff: 8, Sum: 8, Workers: 6
[23.064s][debug  ][gc,phases      ] GC(84)   ObjectSynchronizer Weak        Min:  0.0, Avg:  0.0, Max:  0.0, Diff:  0.0, Sum:  0.0, Workers: 6
[23.064s][debug  ][gc,phases      ] GC(84)     Dead                           Min: 0, Avg:  0.0, Max: 0, Diff: 0, Sum: 0, Workers: 6
[23.064s][debug  ][gc,phases      ] GC(84)     Total                          Min: 0, Avg:  0.5, Max: 3, Diff: 3, Sum: 3, Workers: 6
[23.064s][debug  ][gc,phases      ] GC(84)   JVMTI Tag Weak OopStorage      Min:  0.0, Avg:  0.0, Max:  0.0, Diff:  0.0, Sum:  0.0, Workers: 6
[23.064s][debug  ][gc,phases      ] GC(84)     Dead                           Min: 0, Avg:  0.0, Max: 0, Diff: 0, Sum: 0, Workers: 6
[23.064s][debug  ][gc,phases      ] GC(84)     Total                          Min: 0, Avg:  0.0, Max: 0, Diff: 0, Sum: 0, Workers: 6
[23.064s][debug  ][gc,phases      ] GC(84)   StringTable Weak               Min:  0.0, Avg:  0.0, Max:  0.0, Diff:  0.0, Sum:  0.0, Workers: 6
[23.064s][debug  ][gc,phases      ] GC(84)     Dead                           Min: 0, Avg:  0.0, Max: 0, Diff: 0, Sum: 0, Workers: 6
[23.064s][debug  ][gc,phases      ] GC(84)     Total                          Min: 686, Avg: 892.8, Max: 1152, Diff: 466, Sum: 5357, Workers: 6
[23.064s][debug  ][gc,phases      ] GC(84)   ResolvedMethodTable Weak       Min:  0.0, Avg:  0.0, Max:  0.0, Diff:  0.0, Sum:  0.0, Workers: 6
[23.064s][debug  ][gc,phases      ] GC(84)     Dead                           Min: 0, Avg:  0.0, Max: 0, Diff: 0, Sum: 0, Workers: 6
[23.064s][debug  ][gc,phases      ] GC(84)     Total                          Min: 0, Avg: 21.7, Max: 66, Diff: 66, Sum: 130, Workers: 6
[23.064s][debug  ][gc,phases      ] GC(84)   JNI Weak                       Min:  0.0, Avg:  0.0, Max:  0.0, Diff:  0.0, Sum:  0.0, Workers: 6
[23.064s][debug  ][gc,phases      ] GC(84)     Dead                           Min: 0, Avg:  0.0, Max: 0, Diff: 0, Sum: 0, Workers: 6
[23.064s][debug  ][gc,phases      ] GC(84)     Total                          Min: 0, Avg:  0.0, Max: 0, Diff: 0, Sum: 0, Workers: 6
[23.064s][debug  ][gc,phases      ] GC(84)   StringDedup Table Weak         Min:  0.0, Avg:  0.0, Max:  0.0, Diff:  0.0, Sum:  0.0, Workers: 6
[23.064s][debug  ][gc,phases      ] GC(84)     Dead                           Min: 0, Avg:  0.0, Max: 0, Diff: 0, Sum: 0, Workers: 6
[23.064s][debug  ][gc,phases      ] GC(84)     Total                          Min: 0, Avg:  0.0, Max: 0, Diff: 0, Sum: 0, Workers: 6
[23.064s][debug  ][gc,phases      ] GC(84)   StringDedup Requests0 Weak     Min:  0.0, Avg:  0.0, Max:  0.0, Diff:  0.0, Sum:  0.0, Workers: 6
[23.064s][debug  ][gc,phases      ] GC(84)     Dead                           Min: 0, Avg:  0.0, Max: 0, Diff: 0, Sum: 0, Workers: 6
[23.064s][debug  ][gc,phases      ] GC(84)     Total                          Min: 0, Avg:  0.0, Max: 0, Diff: 0, Sum: 0, Workers: 6
[23.064s][debug  ][gc,phases      ] GC(84)   StringDedup Requests1 Weak     Min:  0.0, Avg:  0.0, Max:  0.0, Diff:  0.0, Sum:  0.0, Workers: 6
[23.064s][debug  ][gc,phases      ] GC(84)     Dead                           Min: 0, Avg:  0.0, Max: 0, Diff: 0, Sum: 0, Workers: 6
[23.064s][debug  ][gc,phases      ] GC(84)     Total                          Min: 0, Avg:  0.0, Max: 0, Diff: 0, Sum: 0, Workers: 6
[23.064s][debug  ][gc,phases      ] GC(84)   Weak JFR Old Object Samples    Min:  0.0, Avg:  0.0, Max:  0.0, Diff:  0.0, Sum:  0.0, Workers: 6
[23.064s][debug  ][gc,phases      ] GC(84)     Dead                           Min: 0, Avg:  0.0, Max: 0, Diff: 0, Sum: 0, Workers: 6
[23.064s][debug  ][gc,phases      ] GC(84)     Total                          Min: 0, Avg:  0.0, Max: 0, Diff: 0, Sum: 0, Workers: 6
[23.064s][debug  ][gc,phases      ] GC(84) Weak Processing 0.897ms
[23.064s][debug  ][gc,ergo        ] GC(84) AdaptiveSizeStart:  collection: 85 
[23.064s][debug  ][gc,ergo        ] GC(84) avg_survived_padded_avg: 33434690.000000
[23.064s][debug  ][gc,ergo        ] GC(84) avg_promoted_padded_avg: 264022512.000000  avg_pretenured_padded_avg: 0.000000  tenuring_thresh: 5  target_size: 33554432
[23.064s][debug  ][gc,age         ] GC(84) Desired survivor size 33554432 bytes, new threshold 5 (max threshold 15)
[23.064s][debug  ][gc,ergo        ] GC(84) PSAdaptiveSizePolicy::compute_eden_space_size limits: desired_eden_size: 220558895 old_eden_size: 201326592 eden_limit: 201326592 cur_eden: 201326592 max_eden_size: 201326592 avg_young_live: 25396396
[23.064s][debug  ][gc,ergo        ] GC(84) PSAdaptiveSizePolicy::compute_eden_space_size: costs minor_time: 0.045997 major_cost: 0.050555 mutator_cost: 0.903448 throughput_goal: 0.990000
[23.064s][debug  ][gc,ergo        ] GC(84) Live_space: 1002847616 free_space: 1428160512
[23.065s][debug  ][gc,ergo        ] GC(84) Old eden_size: 201326592 desired_eden_size: 201326592
[23.065s][debug  ][gc,ergo        ] GC(84) AdaptiveSizeStop: collection: 85 
[23.065s][info   ][gc,heap        ] GC(84) PSYoungGen: 188163K(229376K)->30720K(229376K) Eden: 188163K(196608K)->0K(196608K) From: 0K(32768K)->30720K(32768K)
[23.065s][info   ][gc,heap        ] GC(84) ParOldGen: 943716K(1835008K)->1015396K(1835008K)
[23.065s][info   ][gc,metaspace   ] GC(84) Metaspace: 1021K(1216K)->1021K(1216K) NonClass: 937K(1024K)->937K(1024K) Class: 83K(192K)->83K(192K)
[23.065s][info   ][gc             ] GC(84) Pause Young (Allocation Failure) 1105M->1021M(2016M) 9.883ms
[23.065s][info   ][gc,cpu         ] GC(84) User=0.16s Sys=0.00s Real=0.01s
[23.065s][debug  ][gc,heap        ] GC(84) Heap after GC invocations=85 (full 14):
[23.065s][debug  ][gc,heap        ] GC(84)  PSYoungGen      total 229376K, used 30720K [0x00000000f0000000, 0x0000000100000000, 0x0000000100000000)
[23.065s][debug  ][gc,heap        ] GC(84)   eden space 196608K, 0% used [0x00000000f0000000,0x00000000f0000000,0x00000000fc000000)
[23.065s][debug  ][gc,heap        ] GC(84)   from space 32768K, 93% used [0x00000000fc000000,0x00000000fde00030,0x00000000fe000000)
[23.065s][debug  ][gc,heap        ] GC(84)   to   space 32768K, 0% used [0x00000000fe000000,0x00000000fe000000,0x0000000100000000)
[23.065s][debug  ][gc,heap        ] GC(84)  ParOldGen       total 1835008K, used 1015396K [0x0000000080000000, 0x00000000f0000000, 0x00000000f0000000)
[23.065s][debug  ][gc,heap        ] GC(84)   object space 1835008K, 55% used [0x0000000080000000,0x00000000bdf992b8,0x00000000f0000000)
[23.065s][debug  ][gc,heap        ] GC(84)  Metaspace       used 1021K, committed 1216K, reserved 1056768K
[23.065s][debug  ][gc,heap        ] GC(84)   class space    used 83K, committed 192K, reserved 1048576K
[23.065s][debug  ][gc,task,time   ] GC(84) VM-Thread 230543763 230627000 230650188
[23.353s][debug  ][gc,heap        ] GC(85) Heap before GC invocations=86 (full 14):
[23.354s][debug  ][gc,heap        ] GC(85)  PSYoungGen      total 229376K, used 218811K [0x00000000f0000000, 0x0000000100000000, 0x0000000100000000)
[23.354s][debug  ][gc,heap        ] GC(85)   eden space 196608K, 95% used [0x00000000f0000000,0x00000000fb7aef68,0x00000000fc000000)
[23.354s][debug  ][gc,heap        ] GC(85)   from space 32768K, 93% used [0x00000000fc000000,0x00000000fde00030,0x00000000fe000000)
[23.354s][debug  ][gc,heap        ] GC(85)   to   space 32768K, 0% used [0x00000000fe000000,0x00000000fe000000,0x0000000100000000)
[23.354s][debug  ][gc,heap        ] GC(85)  ParOldGen       total 1835008K, used 1015396K [0x0000000080000000, 0x00000000f0000000, 0x00000000f0000000)
[23.354s][debug  ][gc,heap        ] GC(85)   object space 1835008K, 55% used [0x0000000080000000,0x00000000bdf992b8,0x00000000f0000000)
[23.354s][debug  ][gc,heap        ] GC(85)  Metaspace       used 1021K, committed 1216K, reserved 1056768K
[23.354s][debug  ][gc,heap        ] GC(85)   class space    used 83K, committed 192K, reserved 1048576K
[23.354s][debug  ][gc,tlab        ] GC(85) TLAB totals: thrds: 1  refills: 1 max: 1 slow allocs: 17 max 17 waste: 26.9% gc: 3862088B max: 3862088B slow: 0B max: 0B
[23.354s][info   ][gc,start       ] GC(85) Pause Young (Allocation Failure)
[23.354s][debug  ][gc,phases,start] GC(85) Scavenge
[23.369s][debug  ][gc,phases      ] GC(85) Scavenge 15.254ms
[23.369s][debug  ][gc,phases,start] GC(85) Reference Processing
[23.369s][debug  ][gc,ref         ] GC(85) Skipped phase 1 of Reference Processing: no references
[23.369s][debug  ][gc,ref         ] GC(85) Skipped phase 2 of Reference Processing: no references
[23.369s][debug  ][gc,ref         ] GC(85) Skipped phase 3 of Reference Processing: no references
[23.369s][debug  ][gc,ref         ] GC(85) Skipped phase 4 of Reference Processing: no references
[23.369s][debug  ][gc,phases,ref  ] GC(85) Reference Processing: 0.1ms
[23.369s][debug  ][gc,phases,ref  ] GC(85)   Reconsider SoftReferences: 0.0ms
[23.370s][debug  ][gc,phases,ref  ] GC(85)     SoftRef (ms):                  skipped
[23.370s][debug  ][gc,phases,ref  ] GC(85)   Notify Soft/WeakReferences: 0.0ms
[23.370s][debug  ][gc,phases,ref  ] GC(85)     SoftRef (ms):                  skipped
[23.370s][debug  ][gc,phases,ref  ] GC(85)     WeakRef (ms):                  skipped
[23.370s][debug  ][gc,phases,ref  ] GC(85)     FinalRef (ms):                 skipped
[23.370s][debug  ][gc,phases,ref  ] GC(85)     Total (ms):                    skipped
[23.370s][debug  ][gc,phases,ref  ] GC(85)   Notify and keep alive finalizable: 0.0ms
[23.370s][debug  ][gc,phases,ref  ] GC(85)     FinalRef (ms):                 skipped
[23.370s][debug  ][gc,phases,ref  ] GC(85)   Notify PhantomReferences: 0.0ms
[23.370s][debug  ][gc,phases,ref  ] GC(85)     PhantomRef (ms):               skipped
[23.370s][debug  ][gc,phases,ref  ] GC(85)   SoftReference:
[23.370s][debug  ][gc,phases,ref  ] GC(85)     Discovered: 0
[23.370s][debug  ][gc,phases,ref  ] GC(85)     Cleared: 0
[23.370s][debug  ][gc,phases,ref  ] GC(85)   WeakReference:
[23.370s][debug  ][gc,phases,ref  ] GC(85)     Discovered: 0
[23.370s][debug  ][gc,phases,ref  ] GC(85)     Cleared: 0
[23.370s][debug  ][gc,phases,ref  ] GC(85)   FinalReference:
[23.370s][debug  ][gc,phases,ref  ] GC(85)     Discovered: 0
[23.370s][debug  ][gc,phases,ref  ] GC(85)     Cleared: 0
[23.370s][debug  ][gc,phases,ref  ] GC(85)   PhantomReference:
[23.370s][debug  ][gc,phases,ref  ] GC(85)     Discovered: 0
[23.370s][debug  ][gc,phases,ref  ] GC(85)     Cleared: 0
[23.370s][debug  ][gc,phases      ] GC(85) Reference Processing 0.656ms
[23.370s][debug  ][gc,phases,start] GC(85) Weak Processing
[23.370s][debug  ][gc,phases      ] GC(85)   VM Weak                        Min:  0.0, Avg:  0.0, Max:  0.0, Diff:  0.0, Sum:  0.0, Workers: 6
[23.370s][debug  ][gc,phases      ] GC(85)     Dead                           Min: 0, Avg:  0.0, Max: 0, Diff: 0, Sum: 0, Workers: 6
[23.370s][debug  ][gc,phases      ] GC(85)     Total                          Min: 0, Avg:  1.3, Max: 8, Diff: 8, Sum: 8, Workers: 6
[23.370s][debug  ][gc,phases      ] GC(85)   ObjectSynchronizer Weak        Min:  0.0, Avg:  0.0, Max:  0.0, Diff:  0.0, Sum:  0.0, Workers: 6
[23.370s][debug  ][gc,phases      ] GC(85)     Dead                           Min: 0, Avg:  0.0, Max: 0, Diff: 0, Sum: 0, Workers: 6
[23.370s][debug  ][gc,phases      ] GC(85)     Total                          Min: 0, Avg:  0.5, Max: 3, Diff: 3, Sum: 3, Workers: 6
[23.370s][debug  ][gc,phases      ] GC(85)   JVMTI Tag Weak OopStorage      Min:  0.0, Avg:  0.0, Max:  0.0, Diff:  0.0, Sum:  0.0, Workers: 6
[23.370s][debug  ][gc,phases      ] GC(85)     Dead                           Min: 0, Avg:  0.0, Max: 0, Diff: 0, Sum: 0, Workers: 6
[23.370s][debug  ][gc,phases      ] GC(85)     Total                          Min: 0, Avg:  0.0, Max: 0, Diff: 0, Sum: 0, Workers: 6
[23.370s][debug  ][gc,phases      ] GC(85)   StringTable Weak               Min:  0.0, Avg:  0.0, Max:  0.0, Diff:  0.0, Sum:  0.0, Workers: 6
[23.370s][debug  ][gc,phases      ] GC(85)     Dead                           Min: 0, Avg:  0.0, Max: 0, Diff: 0, Sum: 0, Workers: 6
[23.370s][debug  ][gc,phases      ] GC(85)     Total                          Min: 767, Avg: 892.8, Max: 1088, Diff: 321, Sum: 5357, Workers: 6
[23.370s][debug  ][gc,phases      ] GC(85)   ResolvedMethodTable Weak       Min:  0.0, Avg:  0.0, Max:  0.0, Diff:  0.0, Sum:  0.0, Workers: 6
[23.370s][debug  ][gc,phases      ] GC(85)     Dead                           Min: 0, Avg:  0.0, Max: 0, Diff: 0, Sum: 0, Workers: 6
[23.370s][debug  ][gc,phases      ] GC(85)     Total                          Min: 0, Avg: 21.7, Max: 64, Diff: 64, Sum: 130, Workers: 6
[23.370s][debug  ][gc,phases      ] GC(85)   JNI Weak                       Min:  0.0, Avg:  0.0, Max:  0.0, Diff:  0.0, Sum:  0.0, Workers: 6
[23.370s][debug  ][gc,phases      ] GC(85)     Dead                           Min: 0, Avg:  0.0, Max: 0, Diff: 0, Sum: 0, Workers: 6
[23.370s][debug  ][gc,phases      ] GC(85)     Total                          Min: 0, Avg:  0.0, Max: 0, Diff: 0, Sum: 0, Workers: 6
[23.371s][debug  ][gc,phases      ] GC(85)   StringDedup Table Weak         Min:  0.0, Avg:  0.0, Max:  0.0, Diff:  0.0, Sum:  0.0, Workers: 6
[23.371s][debug  ][gc,phases      ] GC(85)     Dead                           Min: 0, Avg:  0.0, Max: 0, Diff: 0, Sum: 0, Workers: 6
[23.371s][debug  ][gc,phases      ] GC(85)     Total                          Min: 0, Avg:  0.0, Max: 0, Diff: 0, Sum: 0, Workers: 6
[23.371s][debug  ][gc,phases      ] GC(85)   StringDedup Requests0 Weak     Min:  0.0, Avg:  0.0, Max:  0.0, Diff:  0.0, Sum:  0.0, Workers: 6
[23.371s][debug  ][gc,phases      ] GC(85)     Dead                           Min: 0, Avg:  0.0, Max: 0, Diff: 0, Sum: 0, Workers: 6
[23.371s][debug  ][gc,phases      ] GC(85)     Total                          Min: 0, Avg:  0.0, Max: 0, Diff: 0, Sum: 0, Workers: 6
[23.371s][debug  ][gc,phases      ] GC(85)   StringDedup Requests1 Weak     Min:  0.0, Avg:  0.0, Max:  0.0, Diff:  0.0, Sum:  0.0, Workers: 6
[23.371s][debug  ][gc,phases      ] GC(85)     Dead                           Min: 0, Avg:  0.0, Max: 0, Diff: 0, Sum: 0, Workers: 6
[23.371s][debug  ][gc,phases      ] GC(85)     Total                          Min: 0, Avg:  0.0, Max: 0, Diff: 0, Sum: 0, Workers: 6
[23.371s][debug  ][gc,phases      ] GC(85)   Weak JFR Old Object Samples    Min:  0.0, Avg:  0.0, Max:  0.0, Diff:  0.0, Sum:  0.0, Workers: 6
[23.371s][debug  ][gc,phases      ] GC(85)     Dead                           Min: 0, Avg:  0.0, Max: 0, Diff: 0, Sum: 0, Workers: 6
[23.371s][debug  ][gc,phases      ] GC(85)     Total                          Min: 0, Avg:  0.0, Max: 0, Diff: 0, Sum: 0, Workers: 6
[23.371s][debug  ][gc,phases      ] GC(85) Weak Processing 0.765ms
[23.371s][debug  ][gc,ergo        ] GC(85) AdaptiveSizeStart:  collection: 86 
[23.371s][debug  ][gc,ergo        ] GC(85) avg_survived_padded_avg: 33386990.000000
[23.371s][debug  ][gc,ergo        ] GC(85) avg_promoted_padded_avg: 264308368.000000  avg_pretenured_padded_avg: 0.000000  tenuring_thresh: 5  target_size: 33554432
[23.371s][debug  ][gc,age         ] GC(85) Desired survivor size 33554432 bytes, new threshold 5 (max threshold 15)
[23.371s][debug  ][gc,ergo        ] GC(85) PSAdaptiveSizePolicy::compute_eden_space_size limits: desired_eden_size: 221032585 old_eden_size: 201326592 eden_limit: 201326592 cur_eden: 201326592 max_eden_size: 201326592 avg_young_live: 26002488
[23.371s][debug  ][gc,ergo        ] GC(85) PSAdaptiveSizePolicy::compute_eden_space_size: costs minor_time: 0.048210 major_cost: 0.050555 mutator_cost: 0.901235 throughput_goal: 0.990000
[23.371s][debug  ][gc,ergo        ] GC(85) Live_space: 1003453760 free_space: 1428160512
[23.371s][debug  ][gc,ergo        ] GC(85) Old eden_size: 201326592 desired_eden_size: 201326592
[23.371s][debug  ][gc,ergo        ] GC(85) AdaptiveSizeStop: collection: 86 
[23.371s][info   ][gc,heap        ] GC(85) PSYoungGen: 218811K(229376K)->30720K(229376K) Eden: 188091K(196608K)->0K(196608K) From: 30720K(32768K)->30720K(32768K)
[23.371s][info   ][gc,heap        ] GC(85) ParOldGen: 1015396K(1835008K)->1199716K(1835008K)
[23.371s][info   ][gc,metaspace   ] GC(85) Metaspace: 1021K(1216K)->1021K(1216K) NonClass: 937K(1024K)->937K(1024K) Class: 83K(192K)->83K(192K)
[23.371s][info   ][gc             ] GC(85) Pause Young (Allocation Failure) 1205M->1201M(2016M) 17.175ms
[23.371s][info   ][gc,cpu         ] GC(85) User=0.16s Sys=0.02s Real=0.02s
[23.371s][debug  ][gc,heap        ] GC(85) Heap after GC invocations=86 (full 14):
[23.371s][debug  ][gc,heap        ] GC(85)  PSYoungGen      total 229376K, used 30720K [0x00000000f0000000, 0x0000000100000000, 0x0000000100000000)
[23.371s][debug  ][gc,heap        ] GC(85)   eden space 196608K, 0% used [0x00000000f0000000,0x00000000f0000000,0x00000000fc000000)
[23.371s][debug  ][gc,heap        ] GC(85)   from space 32768K, 93% used [0x00000000fe000000,0x00000000ffe00030,0x0000000100000000)
[23.371s][debug  ][gc,heap        ] GC(85)   to   space 32768K, 0% used [0x00000000fc000000,0x00000000fc000000,0x00000000fe000000)
[23.371s][debug  ][gc,heap        ] GC(85)  ParOldGen       total 1835008K, used 1199716K [0x0000000080000000, 0x00000000f0000000, 0x00000000f0000000)
[23.371s][debug  ][gc,heap        ] GC(85)   object space 1835008K, 65% used [0x0000000080000000,0x00000000c93993d8,0x00000000f0000000)
[23.371s][debug  ][gc,heap        ] GC(85)  Metaspace       used 1021K, committed 1216K, reserved 1056768K
[23.371s][debug  ][gc,heap        ] GC(85)   class space    used 83K, committed 192K, reserved 1048576K
[23.371s][debug  ][gc,task,time   ] GC(85) VM-Thread 233534888 233693208 233713605
[23.653s][debug  ][gc,heap        ] GC(86) Heap before GC invocations=87 (full 14):
[23.653s][debug  ][gc,heap        ] GC(86)  PSYoungGen      total 229376K, used 218840K [0x00000000f0000000, 0x0000000100000000, 0x0000000100000000)
[23.653s][debug  ][gc,heap        ] GC(86)   eden space 196608K, 95% used [0x00000000f0000000,0x00000000fb7b61e0,0x00000000fc000000)
[23.653s][debug  ][gc,heap        ] GC(86)   from space 32768K, 93% used [0x00000000fe000000,0x00000000ffe00030,0x0000000100000000)
[23.653s][debug  ][gc,heap        ] GC(86)   to   space 32768K, 0% used [0x00000000fc000000,0x00000000fc000000,0x00000000fe000000)
[23.653s][debug  ][gc,heap        ] GC(86)  ParOldGen       total 1835008K, used 1199716K [0x0000000080000000, 0x00000000f0000000, 0x00000000f0000000)
[23.653s][debug  ][gc,heap        ] GC(86)   object space 1835008K, 65% used [0x0000000080000000,0x00000000c93993d8,0x00000000f0000000)
[23.653s][debug  ][gc,heap        ] GC(86)  Metaspace       used 1021K, committed 1216K, reserved 1056768K
[23.653s][debug  ][gc,heap        ] GC(86)   class space    used 83K, committed 192K, reserved 1048576K
[23.654s][debug  ][gc,tlab        ] GC(86) TLAB totals: thrds: 1  refills: 1 max: 1 slow allocs: 17 max 17 waste: 27.1% gc: 3891392B max: 3891392B slow: 0B max: 0B
[23.654s][info   ][gc,start       ] GC(86) Pause Young (Allocation Failure)
[23.654s][debug  ][gc,phases,start] GC(86) Scavenge
[23.669s][debug  ][gc,phases      ] GC(86) Scavenge 15.126ms
[23.669s][debug  ][gc,phases,start] GC(86) Reference Processing
[23.669s][debug  ][gc,ref         ] GC(86) Skipped phase 1 of Reference Processing: no references
[23.669s][debug  ][gc,ref         ] GC(86) Skipped phase 2 of Reference Processing: no references
[23.669s][debug  ][gc,ref         ] GC(86) Skipped phase 3 of Reference Processing: no references
[23.669s][debug  ][gc,ref         ] GC(86) Skipped phase 4 of Reference Processing: no references
[23.669s][debug  ][gc,phases,ref  ] GC(86) Reference Processing: 0.1ms
[23.669s][debug  ][gc,phases,ref  ] GC(86)   Reconsider SoftReferences: 0.0ms
[23.669s][debug  ][gc,phases,ref  ] GC(86)     SoftRef (ms):                  skipped
[23.669s][debug  ][gc,phases,ref  ] GC(86)   Notify Soft/WeakReferences: 0.0ms
[23.669s][debug  ][gc,phases,ref  ] GC(86)     SoftRef (ms):                  skipped
[23.669s][debug  ][gc,phases,ref  ] GC(86)     WeakRef (ms):                  skipped
[23.669s][debug  ][gc,phases,ref  ] GC(86)     FinalRef (ms):                 skipped
[23.669s][debug  ][gc,phases,ref  ] GC(86)     Total (ms):                    skipped
[23.669s][debug  ][gc,phases,ref  ] GC(86)   Notify and keep alive finalizable: 0.0ms
[23.669s][debug  ][gc,phases,ref  ] GC(86)     FinalRef (ms):                 skipped
[23.669s][debug  ][gc,phases,ref  ] GC(86)   Notify PhantomReferences: 0.0ms
[23.669s][debug  ][gc,phases,ref  ] GC(86)     PhantomRef (ms):               skipped
[23.669s][debug  ][gc,phases,ref  ] GC(86)   SoftReference:
[23.669s][debug  ][gc,phases,ref  ] GC(86)     Discovered: 0
[23.669s][debug  ][gc,phases,ref  ] GC(86)     Cleared: 0
[23.669s][debug  ][gc,phases,ref  ] GC(86)   WeakReference:
[23.669s][debug  ][gc,phases,ref  ] GC(86)     Discovered: 0
[23.669s][debug  ][gc,phases,ref  ] GC(86)     Cleared: 0
[23.669s][debug  ][gc,phases,ref  ] GC(86)   FinalReference:
[23.669s][debug  ][gc,phases,ref  ] GC(86)     Discovered: 0
[23.669s][debug  ][gc,phases,ref  ] GC(86)     Cleared: 0
[23.669s][debug  ][gc,phases,ref  ] GC(86)   PhantomReference:
[23.670s][debug  ][gc,phases,ref  ] GC(86)     Discovered: 0
[23.670s][debug  ][gc,phases,ref  ] GC(86)     Cleared: 0
[23.670s][debug  ][gc,phases      ] GC(86) Reference Processing 0.692ms
[23.670s][debug  ][gc,phases,start] GC(86) Weak Processing
[23.670s][debug  ][gc,phases      ] GC(86)   VM Weak                        Min:  0.0, Avg:  0.0, Max:  0.0, Diff:  0.0, Sum:  0.0, Workers: 6
[23.670s][debug  ][gc,phases      ] GC(86)     Dead                           Min: 0, Avg:  0.0, Max: 0, Diff: 0, Sum: 0, Workers: 6
[23.670s][debug  ][gc,phases      ] GC(86)     Total                          Min: 0, Avg:  1.3, Max: 8, Diff: 8, Sum: 8, Workers: 6
[23.670s][debug  ][gc,phases      ] GC(86)   ObjectSynchronizer Weak        Min:  0.0, Avg:  0.0, Max:  0.0, Diff:  0.0, Sum:  0.0, Workers: 6
[23.670s][debug  ][gc,phases      ] GC(86)     Dead                           Min: 0, Avg:  0.0, Max: 0, Diff: 0, Sum: 0, Workers: 6
[23.670s][debug  ][gc,phases      ] GC(86)     Total                          Min: 0, Avg:  0.5, Max: 3, Diff: 3, Sum: 3, Workers: 6
[23.670s][debug  ][gc,phases      ] GC(86)   JVMTI Tag Weak OopStorage      Min:  0.0, Avg:  0.0, Max:  0.0, Diff:  0.0, Sum:  0.0, Workers: 6
[23.670s][debug  ][gc,phases      ] GC(86)     Dead                           Min: 0, Avg:  0.0, Max: 0, Diff: 0, Sum: 0, Workers: 6
[23.670s][debug  ][gc,phases      ] GC(86)     Total                          Min: 0, Avg:  0.0, Max: 0, Diff: 0, Sum: 0, Workers: 6
[23.670s][debug  ][gc,phases      ] GC(86)   StringTable Weak               Min:  0.0, Avg:  0.0, Max:  0.0, Diff:  0.0, Sum:  0.0, Workers: 6
[23.670s][debug  ][gc,phases      ] GC(86)     Dead                           Min: 0, Avg:  0.0, Max: 0, Diff: 0, Sum: 0, Workers: 6
[23.670s][debug  ][gc,phases      ] GC(86)     Total                          Min: 704, Avg: 892.8, Max: 1024, Diff: 320, Sum: 5357, Workers: 6
[23.670s][debug  ][gc,phases      ] GC(86)   ResolvedMethodTable Weak       Min:  0.0, Avg:  0.0, Max:  0.0, Diff:  0.0, Sum:  0.0, Workers: 6
[23.670s][debug  ][gc,phases      ] GC(86)     Dead                           Min: 0, Avg:  0.0, Max: 0, Diff: 0, Sum: 0, Workers: 6
[23.670s][debug  ][gc,phases      ] GC(86)     Total                          Min: 0, Avg: 21.7, Max: 64, Diff: 64, Sum: 130, Workers: 6
[23.670s][debug  ][gc,phases      ] GC(86)   JNI Weak                       Min:  0.0, Avg:  0.0, Max:  0.0, Diff:  0.0, Sum:  0.0, Workers: 6
[23.670s][debug  ][gc,phases      ] GC(86)     Dead                           Min: 0, Avg:  0.0, Max: 0, Diff: 0, Sum: 0, Workers: 6
[23.670s][debug  ][gc,phases      ] GC(86)     Total                          Min: 0, Avg:  0.0, Max: 0, Diff: 0, Sum: 0, Workers: 6
[23.670s][debug  ][gc,phases      ] GC(86)   StringDedup Table Weak         Min:  0.0, Avg:  0.0, Max:  0.0, Diff:  0.0, Sum:  0.0, Workers: 6
[23.670s][debug  ][gc,phases      ] GC(86)     Dead                           Min: 0, Avg:  0.0, Max: 0, Diff: 0, Sum: 0, Workers: 6
[23.670s][debug  ][gc,phases      ] GC(86)     Total                          Min: 0, Avg:  0.0, Max: 0, Diff: 0, Sum: 0, Workers: 6
[23.670s][debug  ][gc,phases      ] GC(86)   StringDedup Requests0 Weak     Min:  0.0, Avg:  0.0, Max:  0.0, Diff:  0.0, Sum:  0.0, Workers: 6
[23.670s][debug  ][gc,phases      ] GC(86)     Dead                           Min: 0, Avg:  0.0, Max: 0, Diff: 0, Sum: 0, Workers: 6
[23.670s][debug  ][gc,phases      ] GC(86)     Total                          Min: 0, Avg:  0.0, Max: 0, Diff: 0, Sum: 0, Workers: 6
[23.670s][debug  ][gc,phases      ] GC(86)   StringDedup Requests1 Weak     Min:  0.0, Avg:  0.0, Max:  0.0, Diff:  0.0, Sum:  0.0, Workers: 6
[23.670s][debug  ][gc,phases      ] GC(86)     Dead                           Min: 0, Avg:  0.0, Max: 0, Diff: 0, Sum: 0, Workers: 6
[23.670s][debug  ][gc,phases      ] GC(86)     Total                          Min: 0, Avg:  0.0, Max: 0, Diff: 0, Sum: 0, Workers: 6
[23.670s][debug  ][gc,phases      ] GC(86)   Weak JFR Old Object Samples    Min:  0.0, Avg:  0.0, Max:  0.0, Diff:  0.0, Sum:  0.0, Workers: 6
[23.670s][debug  ][gc,phases      ] GC(86)     Dead                           Min: 0, Avg:  0.0, Max: 0, Diff: 0, Sum: 0, Workers: 6
[23.670s][debug  ][gc,phases      ] GC(86)     Total                          Min: 0, Avg:  0.0, Max: 0, Diff: 0, Sum: 0, Workers: 6
[23.670s][debug  ][gc,phases      ] GC(86) Weak Processing 0.757ms
[23.670s][debug  ][gc,ergo        ] GC(86) AdaptiveSizeStart:  collection: 87 
[23.670s][debug  ][gc,ergo        ] GC(86) avg_survived_padded_avg: 33329056.000000
[23.670s][debug  ][gc,ergo        ] GC(86) avg_promoted_padded_avg: 263784288.000000  avg_pretenured_padded_avg: 0.000000  tenuring_thresh: 5  target_size: 33554432
[23.670s][debug  ][gc,age         ] GC(86) Desired survivor size 33554432 bytes, new threshold 5 (max threshold 15)
[23.670s][debug  ][gc,ergo        ] GC(86) PSAdaptiveSizePolicy::compute_eden_space_size limits: desired_eden_size: 221419282 old_eden_size: 201326592 eden_limit: 201326592 cur_eden: 201326592 max_eden_size: 201326592 avg_young_live: 26547972
[23.670s][debug  ][gc,ergo        ] GC(86) PSAdaptiveSizePolicy::compute_eden_space_size: costs minor_time: 0.050094 major_cost: 0.050555 mutator_cost: 0.899351 throughput_goal: 0.990000
[23.670s][debug  ][gc,ergo        ] GC(86) Live_space: 1003999232 free_space: 1428160512
[23.671s][debug  ][gc,ergo        ] GC(86) Old eden_size: 201326592 desired_eden_size: 201326592
[23.671s][debug  ][gc,ergo        ] GC(86) AdaptiveSizeStop: collection: 87 
[23.671s][info   ][gc,heap        ] GC(86) PSYoungGen: 218840K(229376K)->30720K(229376K) Eden: 188120K(196608K)->0K(196608K) From: 30720K(32768K)->30720K(32768K)
[23.671s][info   ][gc,heap        ] GC(86) ParOldGen: 1199716K(1835008K)->1384037K(1835008K)
[23.671s][info   ][gc,metaspace   ] GC(86) Metaspace: 1021K(1216K)->1021K(1216K) NonClass: 937K(1024K)->937K(1024K) Class: 83K(192K)->83K(192K)
[23.671s][info   ][gc             ] GC(86) Pause Young (Allocation Failure) 1385M->1381M(2016M) 17.070ms
[23.671s][info   ][gc,cpu         ] GC(86) User=0.16s Sys=0.00s Real=0.02s
[23.671s][debug  ][gc,heap        ] GC(86) Heap after GC invocations=87 (full 14):
[23.671s][debug  ][gc,heap        ] GC(86)  PSYoungGen      total 229376K, used 30720K [0x00000000f0000000, 0x0000000100000000, 0x0000000100000000)
[23.671s][debug  ][gc,heap        ] GC(86)   eden space 196608K, 0% used [0x00000000f0000000,0x00000000f0000000,0x00000000fc000000)
[23.671s][debug  ][gc,heap        ] GC(86)   from space 32768K, 93% used [0x00000000fc000000,0x00000000fde00030,0x00000000fe000000)
[23.671s][debug  ][gc,heap        ] GC(86)   to   space 32768K, 0% used [0x00000000fe000000,0x00000000fe000000,0x0000000100000000)
[23.671s][debug  ][gc,heap        ] GC(86)  ParOldGen       total 1835008K, used 1384037K [0x0000000080000000, 0x00000000f0000000, 0x00000000f0000000)
[23.671s][debug  ][gc,heap        ] GC(86)   object space 1835008K, 75% used [0x0000000080000000,0x00000000d47994f8,0x00000000f0000000)
[23.671s][debug  ][gc,heap        ] GC(86)  Metaspace       used 1021K, committed 1216K, reserved 1056768K
[23.671s][debug  ][gc,heap        ] GC(86)   class space    used 83K, committed 192K, reserved 1048576K
[23.671s][debug  ][gc,task,time   ] GC(86) VM-Thread 236531227 236688591 236709896
[23.954s][debug  ][gc,heap        ] GC(87) Heap before GC invocations=88 (full 14):
[23.954s][debug  ][gc,heap        ] GC(87)  PSYoungGen      total 229376K, used 218858K [0x00000000f0000000, 0x0000000100000000, 0x0000000100000000)
[23.954s][debug  ][gc,heap        ] GC(87)   eden space 196608K, 95% used [0x00000000f0000000,0x00000000fb7bab70,0x00000000fc000000)
[23.954s][debug  ][gc,heap        ] GC(87)   from space 32768K, 93% used [0x00000000fc000000,0x00000000fde00030,0x00000000fe000000)
[23.954s][debug  ][gc,heap        ] GC(87)   to   space 32768K, 0% used [0x00000000fe000000,0x00000000fe000000,0x0000000100000000)
[23.955s][debug  ][gc,heap        ] GC(87)  ParOldGen       total 1835008K, used 1384037K [0x0000000080000000, 0x00000000f0000000, 0x00000000f0000000)
[23.955s][debug  ][gc,heap        ] GC(87)   object space 1835008K, 75% used [0x0000000080000000,0x00000000d47994f8,0x00000000f0000000)
[23.955s][debug  ][gc,heap        ] GC(87)  Metaspace       used 1021K, committed 1216K, reserved 1056768K
[23.955s][debug  ][gc,heap        ] GC(87)   class space    used 83K, committed 192K, reserved 1048576K
[23.955s][debug  ][gc,tlab        ] GC(87) TLAB totals: thrds: 1  refills: 1 max: 1 slow allocs: 17 max 17 waste: 27.2% gc: 3910224B max: 3910224B slow: 0B max: 0B
[23.955s][info   ][gc,start       ] GC(87) Pause Young (Allocation Failure)
[23.955s][debug  ][gc,phases,start] GC(87) Scavenge
[23.969s][debug  ][gc,phases      ] GC(87) Scavenge 14.554ms
[23.969s][debug  ][gc,phases,start] GC(87) Reference Processing
[23.969s][debug  ][gc,ref         ] GC(87) Skipped phase 1 of Reference Processing: no references
[23.969s][debug  ][gc,ref         ] GC(87) Skipped phase 2 of Reference Processing: no references
[23.969s][debug  ][gc,ref         ] GC(87) Skipped phase 3 of Reference Processing: no references
[23.969s][debug  ][gc,ref         ] GC(87) Skipped phase 4 of Reference Processing: no references
[23.969s][debug  ][gc,phases,ref  ] GC(87) Reference Processing: 0.1ms
[23.969s][debug  ][gc,phases,ref  ] GC(87)   Reconsider SoftReferences: 0.0ms
[23.970s][debug  ][gc,phases,ref  ] GC(87)     SoftRef (ms):                  skipped
[23.970s][debug  ][gc,phases,ref  ] GC(87)   Notify Soft/WeakReferences: 0.0ms
[23.970s][debug  ][gc,phases,ref  ] GC(87)     SoftRef (ms):                  skipped
[23.970s][debug  ][gc,phases,ref  ] GC(87)     WeakRef (ms):                  skipped
[23.970s][debug  ][gc,phases,ref  ] GC(87)     FinalRef (ms):                 skipped
[23.970s][debug  ][gc,phases,ref  ] GC(87)     Total (ms):                    skipped
[23.970s][debug  ][gc,phases,ref  ] GC(87)   Notify and keep alive finalizable: 0.0ms
[23.970s][debug  ][gc,phases,ref  ] GC(87)     FinalRef (ms):                 skipped
[23.970s][debug  ][gc,phases,ref  ] GC(87)   Notify PhantomReferences: 0.0ms
[23.970s][debug  ][gc,phases,ref  ] GC(87)     PhantomRef (ms):               skipped
[23.970s][debug  ][gc,phases,ref  ] GC(87)   SoftReference:
[23.970s][debug  ][gc,phases,ref  ] GC(87)     Discovered: 0
[23.970s][debug  ][gc,phases,ref  ] GC(87)     Cleared: 0
[23.970s][debug  ][gc,phases,ref  ] GC(87)   WeakReference:
[23.970s][debug  ][gc,phases,ref  ] GC(87)     Discovered: 0
[23.970s][debug  ][gc,phases,ref  ] GC(87)     Cleared: 0
[23.970s][debug  ][gc,phases,ref  ] GC(87)   FinalReference:
[23.970s][debug  ][gc,phases,ref  ] GC(87)     Discovered: 0
[23.970s][debug  ][gc,phases,ref  ] GC(87)     Cleared: 0
[23.970s][debug  ][gc,phases,ref  ] GC(87)   PhantomReference:
[23.970s][debug  ][gc,phases,ref  ] GC(87)     Discovered: 0
[23.970s][debug  ][gc,phases,ref  ] GC(87)     Cleared: 0
[23.970s][debug  ][gc,phases      ] GC(87) Reference Processing 0.703ms
[23.970s][debug  ][gc,phases,start] GC(87) Weak Processing
[23.970s][debug  ][gc,phases      ] GC(87)   VM Weak                        Min:  0.0, Avg:  0.0, Max:  0.0, Diff:  0.0, Sum:  0.0, Workers: 6
[23.970s][debug  ][gc,phases      ] GC(87)     Dead                           Min: 0, Avg:  0.0, Max: 0, Diff: 0, Sum: 0, Workers: 6
[23.970s][debug  ][gc,phases      ] GC(87)     Total                          Min: 0, Avg:  1.3, Max: 8, Diff: 8, Sum: 8, Workers: 6
[23.970s][debug  ][gc,phases      ] GC(87)   ObjectSynchronizer Weak        Min:  0.0, Avg:  0.0, Max:  0.0, Diff:  0.0, Sum:  0.0, Workers: 6
[23.970s][debug  ][gc,phases      ] GC(87)     Dead                           Min: 0, Avg:  0.0, Max: 0, Diff: 0, Sum: 0, Workers: 6
[23.970s][debug  ][gc,phases      ] GC(87)     Total                          Min: 0, Avg:  0.5, Max: 3, Diff: 3, Sum: 3, Workers: 6
[23.970s][debug  ][gc,phases      ] GC(87)   JVMTI Tag Weak OopStorage      Min:  0.0, Avg:  0.0, Max:  0.0, Diff:  0.0, Sum:  0.0, Workers: 6
[23.970s][debug  ][gc,phases      ] GC(87)     Dead                           Min: 0, Avg:  0.0, Max: 0, Diff: 0, Sum: 0, Workers: 6
[23.970s][debug  ][gc,phases      ] GC(87)     Total                          Min: 0, Avg:  0.0, Max: 0, Diff: 0, Sum: 0, Workers: 6
[23.970s][debug  ][gc,phases      ] GC(87)   StringTable Weak               Min:  0.0, Avg:  0.0, Max:  0.0, Diff:  0.0, Sum:  0.0, Workers: 6
[23.970s][debug  ][gc,phases      ] GC(87)     Dead                           Min: 0, Avg:  0.0, Max: 0, Diff: 0, Sum: 0, Workers: 6
[23.970s][debug  ][gc,phases      ] GC(87)     Total                          Min: 767, Avg: 892.8, Max: 960, Diff: 193, Sum: 5357, Workers: 6
[23.970s][debug  ][gc,phases      ] GC(87)   ResolvedMethodTable Weak       Min:  0.0, Avg:  0.0, Max:  0.0, Diff:  0.0, Sum:  0.0, Workers: 6
[23.970s][debug  ][gc,phases      ] GC(87)     Dead                           Min: 0, Avg:  0.0, Max: 0, Diff: 0, Sum: 0, Workers: 6
[23.970s][debug  ][gc,phases      ] GC(87)     Total                          Min: 0, Avg: 21.7, Max: 64, Diff: 64, Sum: 130, Workers: 6
[23.971s][debug  ][gc,phases      ] GC(87)   JNI Weak                       Min:  0.0, Avg:  0.0, Max:  0.0, Diff:  0.0, Sum:  0.0, Workers: 6
[23.971s][debug  ][gc,phases      ] GC(87)     Dead                           Min: 0, Avg:  0.0, Max: 0, Diff: 0, Sum: 0, Workers: 6
[23.971s][debug  ][gc,phases      ] GC(87)     Total                          Min: 0, Avg:  0.0, Max: 0, Diff: 0, Sum: 0, Workers: 6
[23.971s][debug  ][gc,phases      ] GC(87)   StringDedup Table Weak         Min:  0.0, Avg:  0.0, Max:  0.0, Diff:  0.0, Sum:  0.0, Workers: 6
[23.971s][debug  ][gc,phases      ] GC(87)     Dead                           Min: 0, Avg:  0.0, Max: 0, Diff: 0, Sum: 0, Workers: 6
[23.971s][debug  ][gc,phases      ] GC(87)     Total                          Min: 0, Avg:  0.0, Max: 0, Diff: 0, Sum: 0, Workers: 6
[23.971s][debug  ][gc,phases      ] GC(87)   StringDedup Requests0 Weak     Min:  0.0, Avg:  0.0, Max:  0.0, Diff:  0.0, Sum:  0.0, Workers: 6
[23.971s][debug  ][gc,phases      ] GC(87)     Dead                           Min: 0, Avg:  0.0, Max: 0, Diff: 0, Sum: 0, Workers: 6
[23.971s][debug  ][gc,phases      ] GC(87)     Total                          Min: 0, Avg:  0.0, Max: 0, Diff: 0, Sum: 0, Workers: 6
[23.971s][debug  ][gc,phases      ] GC(87)   StringDedup Requests1 Weak     Min:  0.0, Avg:  0.0, Max:  0.0, Diff:  0.0, Sum:  0.0, Workers: 6
[23.971s][debug  ][gc,phases      ] GC(87)     Dead                           Min: 0, Avg:  0.0, Max: 0, Diff: 0, Sum: 0, Workers: 6
[23.971s][debug  ][gc,phases      ] GC(87)     Total                          Min: 0, Avg:  0.0, Max: 0, Diff: 0, Sum: 0, Workers: 6
[23.971s][debug  ][gc,phases      ] GC(87)   Weak JFR Old Object Samples    Min:  0.0, Avg:  0.0, Max:  0.0, Diff:  0.0, Sum:  0.0, Workers: 6
[23.971s][debug  ][gc,phases      ] GC(87)     Dead                           Min: 0, Avg:  0.0, Max: 0, Diff: 0, Sum: 0, Workers: 6
[23.971s][debug  ][gc,phases      ] GC(87)     Total                          Min: 0, Avg:  0.0, Max: 0, Diff: 0, Sum: 0, Workers: 6
[23.971s][debug  ][gc,phases      ] GC(87) Weak Processing 0.838ms
[23.971s][debug  ][gc,ergo        ] GC(87) AdaptiveSizeStart:  collection: 88 
[23.971s][debug  ][gc,ergo        ] GC(87) avg_survived_padded_avg: 33263410.000000
[23.971s][debug  ][gc,ergo        ] GC(87) avg_promoted_padded_avg: 262609360.000000  avg_pretenured_padded_avg: 0.000000  tenuring_thresh: 5  target_size: 33554432
[23.971s][debug  ][gc,age         ] GC(87) Desired survivor size 33554432 bytes, new threshold 5 (max threshold 15)
[23.971s][debug  ][gc,ergo        ] GC(87) PSAdaptiveSizePolicy::compute_eden_space_size limits: desired_eden_size: 221612362 old_eden_size: 201326592 eden_limit: 201326592 cur_eden: 201326592 max_eden_size: 201326592 avg_young_live: 27038906
[23.971s][debug  ][gc,ergo        ] GC(87) PSAdaptiveSizePolicy::compute_eden_space_size: costs minor_time: 0.051062 major_cost: 0.050555 mutator_cost: 0.898384 throughput_goal: 0.990000
[23.971s][debug  ][gc,ergo        ] GC(87) Live_space: 1004490176 free_space: 1428160512
[23.971s][debug  ][gc,ergo        ] GC(87) Old eden_size: 201326592 desired_eden_size: 201326592
[23.971s][debug  ][gc,ergo        ] GC(87) AdaptiveSizeStop: collection: 88 
[23.971s][info   ][gc,heap        ] GC(87) PSYoungGen: 218858K(229376K)->30720K(229376K) Eden: 188138K(196608K)->0K(196608K) From: 30720K(32768K)->30720K(32768K)
[23.971s][info   ][gc,heap        ] GC(87) ParOldGen: 1384037K(1835008K)->1568357K(1835008K)
[23.971s][info   ][gc,metaspace   ] GC(87) Metaspace: 1021K(1216K)->1021K(1216K) NonClass: 937K(1024K)->937K(1024K) Class: 83K(192K)->83K(192K)
[23.971s][info   ][gc             ] GC(87) Pause Young (Allocation Failure) 1565M->1561M(2016M) 16.595ms
[23.971s][info   ][gc,cpu         ] GC(87) User=0.16s Sys=0.00s Real=0.02s
[23.971s][debug  ][gc,heap        ] GC(87) Heap after GC invocations=88 (full 14):
[23.971s][debug  ][gc,heap        ] GC(87)  PSYoungGen      total 229376K, used 30720K [0x00000000f0000000, 0x0000000100000000, 0x0000000100000000)
[23.971s][debug  ][gc,heap        ] GC(87)   eden space 196608K, 0% used [0x00000000f0000000,0x00000000f0000000,0x00000000fc000000)
[23.971s][debug  ][gc,heap        ] GC(87)   from space 32768K, 93% used [0x00000000fe000000,0x00000000ffe00030,0x0000000100000000)
[23.971s][debug  ][gc,heap        ] GC(87)   to   space 32768K, 0% used [0x00000000fc000000,0x00000000fc000000,0x00000000fe000000)
[23.971s][debug  ][gc,heap        ] GC(87)  ParOldGen       total 1835008K, used 1568357K [0x0000000080000000, 0x00000000f0000000, 0x00000000f0000000)
[23.971s][debug  ][gc,heap        ] GC(87)   object space 1835008K, 85% used [0x0000000080000000,0x00000000dfb99618,0x00000000f0000000)
[23.971s][debug  ][gc,heap        ] GC(87)  Metaspace       used 1021K, committed 1216K, reserved 1056768K
[23.972s][debug  ][gc,heap        ] GC(87)   class space    used 83K, committed 192K, reserved 1048576K
[23.972s][debug  ][gc,task,time   ] GC(87) VM-Thread 239543096 239693324 239715460
[24.254s][debug  ][gc,heap        ] GC(88) Heap before GC invocations=89 (full 14):
[24.254s][debug  ][gc,heap        ] GC(88)  PSYoungGen      total 229376K, used 218870K [0x00000000f0000000, 0x0000000100000000, 0x0000000100000000)
[24.254s][debug  ][gc,heap        ] GC(88)   eden space 196608K, 95% used [0x00000000f0000000,0x00000000fb7bdab8,0x00000000fc000000)
[24.254s][debug  ][gc,heap        ] GC(88)   from space 32768K, 93% used [0x00000000fe000000,0x00000000ffe00030,0x0000000100000000)
[24.254s][debug  ][gc,heap        ] GC(88)   to   space 32768K, 0% used [0x00000000fc000000,0x00000000fc000000,0x00000000fe000000)
[24.254s][debug  ][gc,heap        ] GC(88)  ParOldGen       total 1835008K, used 1568357K [0x0000000080000000, 0x00000000f0000000, 0x00000000f0000000)
[24.254s][debug  ][gc,heap        ] GC(88)   object space 1835008K, 85% used [0x0000000080000000,0x00000000dfb99618,0x00000000f0000000)
[24.254s][debug  ][gc,heap        ] GC(88)  Metaspace       used 1021K, committed 1216K, reserved 1056768K
[24.254s][debug  ][gc,heap        ] GC(88)   class space    used 83K, committed 192K, reserved 1048576K
[24.254s][debug  ][gc,tlab        ] GC(88) TLAB totals: thrds: 1  refills: 1 max: 1 slow allocs: 17 max 17 waste: 27.2% gc: 3922328B max: 3922328B slow: 0B max: 0B
[24.255s][info   ][gc,start       ] GC(88) Pause Young (Allocation Failure)
[24.255s][debug  ][gc,phases,start] GC(88) Scavenge
[24.270s][debug  ][gc,phases      ] GC(88) Scavenge 15.159ms
[24.270s][debug  ][gc,phases,start] GC(88) Reference Processing
[24.270s][debug  ][gc,ref         ] GC(88) Skipped phase 1 of Reference Processing: no references
[24.270s][debug  ][gc,ref         ] GC(88) Skipped phase 2 of Reference Processing: no references
[24.270s][debug  ][gc,ref         ] GC(88) Skipped phase 3 of Reference Processing: no references
[24.270s][debug  ][gc,ref         ] GC(88) Skipped phase 4 of Reference Processing: no references
[24.270s][debug  ][gc,phases,ref  ] GC(88) Reference Processing: 0.1ms
[24.270s][debug  ][gc,phases,ref  ] GC(88)   Reconsider SoftReferences: 0.0ms
[24.270s][debug  ][gc,phases,ref  ] GC(88)     SoftRef (ms):                  skipped
[24.270s][debug  ][gc,phases,ref  ] GC(88)   Notify Soft/WeakReferences: 0.0ms
[24.270s][debug  ][gc,phases,ref  ] GC(88)     SoftRef (ms):                  skipped
[24.270s][debug  ][gc,phases,ref  ] GC(88)     WeakRef (ms):                  skipped
[24.270s][debug  ][gc,phases,ref  ] GC(88)     FinalRef (ms):                 skipped
[24.270s][debug  ][gc,phases,ref  ] GC(88)     Total (ms):                    skipped
[24.270s][debug  ][gc,phases,ref  ] GC(88)   Notify and keep alive finalizable: 0.0ms
[24.270s][debug  ][gc,phases,ref  ] GC(88)     FinalRef (ms):                 skipped
[24.270s][debug  ][gc,phases,ref  ] GC(88)   Notify PhantomReferences: 0.0ms
[24.270s][debug  ][gc,phases,ref  ] GC(88)     PhantomRef (ms):               skipped
[24.270s][debug  ][gc,phases,ref  ] GC(88)   SoftReference:
[24.270s][debug  ][gc,phases,ref  ] GC(88)     Discovered: 0
[24.270s][debug  ][gc,phases,ref  ] GC(88)     Cleared: 0
[24.270s][debug  ][gc,phases,ref  ] GC(88)   WeakReference:
[24.270s][debug  ][gc,phases,ref  ] GC(88)     Discovered: 0
[24.270s][debug  ][gc,phases,ref  ] GC(88)     Cleared: 0
[24.270s][debug  ][gc,phases,ref  ] GC(88)   FinalReference:
[24.270s][debug  ][gc,phases,ref  ] GC(88)     Discovered: 0
[24.270s][debug  ][gc,phases,ref  ] GC(88)     Cleared: 0
[24.270s][debug  ][gc,phases,ref  ] GC(88)   PhantomReference:
[24.270s][debug  ][gc,phases,ref  ] GC(88)     Discovered: 0
[24.271s][debug  ][gc,phases,ref  ] GC(88)     Cleared: 0
[24.271s][debug  ][gc,phases      ] GC(88) Reference Processing 0.703ms
[24.271s][debug  ][gc,phases,start] GC(88) Weak Processing
[24.271s][debug  ][gc,phases      ] GC(88)   VM Weak                        Min:  0.0, Avg:  0.0, Max:  0.0, Diff:  0.0, Sum:  0.0, Workers: 6
[24.271s][debug  ][gc,phases      ] GC(88)     Dead                           Min: 0, Avg:  0.0, Max: 0, Diff: 0, Sum: 0, Workers: 6
[24.271s][debug  ][gc,phases      ] GC(88)     Total                          Min: 0, Avg:  1.3, Max: 8, Diff: 8, Sum: 8, Workers: 6
[24.271s][debug  ][gc,phases      ] GC(88)   ObjectSynchronizer Weak        Min:  0.0, Avg:  0.0, Max:  0.0, Diff:  0.0, Sum:  0.0, Workers: 6
[24.271s][debug  ][gc,phases      ] GC(88)     Dead                           Min: 0, Avg:  0.0, Max: 0, Diff: 0, Sum: 0, Workers: 6
[24.271s][debug  ][gc,phases      ] GC(88)     Total                          Min: 0, Avg:  0.5, Max: 3, Diff: 3, Sum: 3, Workers: 6
[24.271s][debug  ][gc,phases      ] GC(88)   JVMTI Tag Weak OopStorage      Min:  0.0, Avg:  0.0, Max:  0.0, Diff:  0.0, Sum:  0.0, Workers: 6
[24.271s][debug  ][gc,phases      ] GC(88)     Dead                           Min: 0, Avg:  0.0, Max: 0, Diff: 0, Sum: 0, Workers: 6
[24.271s][debug  ][gc,phases      ] GC(88)     Total                          Min: 0, Avg:  0.0, Max: 0, Diff: 0, Sum: 0, Workers: 6
[24.271s][debug  ][gc,phases      ] GC(88)   StringTable Weak               Min:  0.0, Avg:  0.0, Max:  0.0, Diff:  0.0, Sum:  0.0, Workers: 6
[24.271s][debug  ][gc,phases      ] GC(88)     Dead                           Min: 0, Avg:  0.0, Max: 0, Diff: 0, Sum: 0, Workers: 6
[24.271s][debug  ][gc,phases      ] GC(88)     Total                          Min: 767, Avg: 892.8, Max: 1152, Diff: 385, Sum: 5357, Workers: 6
[24.271s][debug  ][gc,phases      ] GC(88)   ResolvedMethodTable Weak       Min:  0.0, Avg:  0.0, Max:  0.0, Diff:  0.0, Sum:  0.0, Workers: 6
[24.271s][debug  ][gc,phases      ] GC(88)     Dead                           Min: 0, Avg:  0.0, Max: 0, Diff: 0, Sum: 0, Workers: 6
[24.271s][debug  ][gc,phases      ] GC(88)     Total                          Min: 0, Avg: 21.7, Max: 64, Diff: 64, Sum: 130, Workers: 6
[24.271s][debug  ][gc,phases      ] GC(88)   JNI Weak                       Min:  0.0, Avg:  0.0, Max:  0.0, Diff:  0.0, Sum:  0.0, Workers: 6
[24.271s][debug  ][gc,phases      ] GC(88)     Dead                           Min: 0, Avg:  0.0, Max: 0, Diff: 0, Sum: 0, Workers: 6
[24.271s][debug  ][gc,phases      ] GC(88)     Total                          Min: 0, Avg:  0.0, Max: 0, Diff: 0, Sum: 0, Workers: 6
[24.271s][debug  ][gc,phases      ] GC(88)   StringDedup Table Weak         Min:  0.0, Avg:  0.0, Max:  0.0, Diff:  0.0, Sum:  0.0, Workers: 6
[24.271s][debug  ][gc,phases      ] GC(88)     Dead                           Min: 0, Avg:  0.0, Max: 0, Diff: 0, Sum: 0, Workers: 6
[24.271s][debug  ][gc,phases      ] GC(88)     Total                          Min: 0, Avg:  0.0, Max: 0, Diff: 0, Sum: 0, Workers: 6
[24.271s][debug  ][gc,phases      ] GC(88)   StringDedup Requests0 Weak     Min:  0.0, Avg:  0.0, Max:  0.0, Diff:  0.0, Sum:  0.0, Workers: 6
[24.271s][debug  ][gc,phases      ] GC(88)     Dead                           Min: 0, Avg:  0.0, Max: 0, Diff: 0, Sum: 0, Workers: 6
[24.271s][debug  ][gc,phases      ] GC(88)     Total                          Min: 0, Avg:  0.0, Max: 0, Diff: 0, Sum: 0, Workers: 6
[24.271s][debug  ][gc,phases      ] GC(88)   StringDedup Requests1 Weak     Min:  0.0, Avg:  0.0, Max:  0.0, Diff:  0.0, Sum:  0.0, Workers: 6
[24.271s][debug  ][gc,phases      ] GC(88)     Dead                           Min: 0, Avg:  0.0, Max: 0, Diff: 0, Sum: 0, Workers: 6
[24.271s][debug  ][gc,phases      ] GC(88)     Total                          Min: 0, Avg:  0.0, Max: 0, Diff: 0, Sum: 0, Workers: 6
[24.271s][debug  ][gc,phases      ] GC(88)   Weak JFR Old Object Samples    Min:  0.0, Avg:  0.0, Max:  0.0, Diff:  0.0, Sum:  0.0, Workers: 6
[24.271s][debug  ][gc,phases      ] GC(88)     Dead                           Min: 0, Avg:  0.0, Max: 0, Diff: 0, Sum: 0, Workers: 6
[24.271s][debug  ][gc,phases      ] GC(88)     Total                          Min: 0, Avg:  0.0, Max: 0, Diff: 0, Sum: 0, Workers: 6
[24.271s][debug  ][gc,phases      ] GC(88) Weak Processing 0.829ms
[24.271s][debug  ][gc,ergo        ] GC(88) AdaptiveSizeStart:  collection: 89 
[24.271s][debug  ][gc,ergo        ] GC(88) avg_survived_padded_avg: 33192176.000000
[24.271s][debug  ][gc,ergo        ] GC(88) avg_promoted_padded_avg: 260919040.000000  avg_pretenured_padded_avg: 0.000000  tenuring_thresh: 5  target_size: 33554432
[24.271s][debug  ][gc,age         ] GC(88) Desired survivor size 33554432 bytes, new threshold 5 (max threshold 15)
[24.271s][debug  ][gc,ergo        ] GC(88) PSAdaptiveSizePolicy::compute_eden_space_size limits: desired_eden_size: 221851615 old_eden_size: 201326592 eden_limit: 201326592 cur_eden: 201326592 max_eden_size: 201326592 avg_young_live: 27480746
[24.272s][debug  ][gc,ergo        ] GC(88) PSAdaptiveSizePolicy::compute_eden_space_size: costs minor_time: 0.052287 major_cost: 0.050555 mutator_cost: 0.897159 throughput_goal: 0.990000
[24.272s][debug  ][gc,ergo        ] GC(88) Live_space: 1004931968 free_space: 1428160512
[24.272s][debug  ][gc,ergo        ] GC(88) Old eden_size: 201326592 desired_eden_size: 201326592
[24.272s][debug  ][gc,ergo        ] GC(88) AdaptiveSizeStop: collection: 89 
[24.272s][info   ][gc,heap        ] GC(88) PSYoungGen: 218870K(229376K)->30720K(229376K) Eden: 188150K(196608K)->0K(196608K) From: 30720K(32768K)->30720K(32768K)
[24.272s][info   ][gc,heap        ] GC(88) ParOldGen: 1568357K(1835008K)->1752677K(1835008K)
[24.272s][info   ][gc,metaspace   ] GC(88) Metaspace: 1021K(1216K)->1021K(1216K) NonClass: 937K(1024K)->937K(1024K) Class: 83K(192K)->83K(192K)
[24.272s][info   ][gc             ] GC(88) Pause Young (Allocation Failure) 1745M->1741M(2016M) 17.162ms
[24.272s][info   ][gc,cpu         ] GC(88) User=0.16s Sys=0.00s Real=0.02s
[24.272s][debug  ][gc,heap        ] GC(88) Heap after GC invocations=89 (full 14):
[24.272s][debug  ][gc,heap        ] GC(88)  PSYoungGen      total 229376K, used 30720K [0x00000000f0000000, 0x0000000100000000, 0x0000000100000000)
[24.272s][debug  ][gc,heap        ] GC(88)   eden space 196608K, 0% used [0x00000000f0000000,0x00000000f0000000,0x00000000fc000000)
[24.272s][debug  ][gc,heap        ] GC(88)   from space 32768K, 93% used [0x00000000fc000000,0x00000000fde00030,0x00000000fe000000)
[24.272s][debug  ][gc,heap        ] GC(88)   to   space 32768K, 0% used [0x00000000fe000000,0x00000000fe000000,0x0000000100000000)
[24.272s][debug  ][gc,heap        ] GC(88)  ParOldGen       total 1835008K, used 1752677K [0x0000000080000000, 0x00000000f0000000, 0x00000000f0000000)
[24.272s][debug  ][gc,heap        ] GC(88)   object space 1835008K, 95% used [0x0000000080000000,0x00000000eaf99738,0x00000000f0000000)
[24.272s][debug  ][gc,heap        ] GC(88)  Metaspace       used 1021K, committed 1216K, reserved 1056768K
[24.272s][debug  ][gc,heap        ] GC(88)   class space    used 83K, committed 192K, reserved 1048576K
[24.272s][debug  ][gc,task,time   ] GC(88) VM-Thread 242541038 242698275 242719580
[24.272s][debug  ][gc,phases,start] GC(89) Pre Compact
[24.272s][debug  ][gc,heap        ] GC(89) Heap before GC invocations=90 (full 15):
[24.272s][debug  ][gc,heap        ] GC(89)  PSYoungGen      total 229376K, used 30720K [0x00000000f0000000, 0x0000000100000000, 0x0000000100000000)
[24.272s][debug  ][gc,heap        ] GC(89)   eden space 196608K, 0% used [0x00000000f0000000,0x00000000f0000000,0x00000000fc000000)
[24.272s][debug  ][gc,heap        ] GC(89)   from space 32768K, 93% used [0x00000000fc000000,0x00000000fde00030,0x00000000fe000000)
[24.272s][debug  ][gc,heap        ] GC(89)   to   space 32768K, 0% used [0x00000000fe000000,0x00000000fe000000,0x0000000100000000)
[24.272s][debug  ][gc,heap        ] GC(89)  ParOldGen       total 1835008K, used 1752677K [0x0000000080000000, 0x00000000f0000000, 0x00000000f0000000)
[24.272s][debug  ][gc,heap        ] GC(89)   object space 1835008K, 95% used [0x0000000080000000,0x00000000eaf99738,0x00000000f0000000)
[24.272s][debug  ][gc,heap        ] GC(89)  Metaspace       used 1021K, committed 1216K, reserved 1056768K
[24.272s][debug  ][gc,heap        ] GC(89)   class space    used 83K, committed 192K, reserved 1048576K
[24.272s][debug  ][gc,phases      ] GC(89) Pre Compact 0.206ms
[24.272s][info   ][gc,start       ] GC(89) Pause Full (Ergonomics)
[24.272s][info   ][gc,phases,start] GC(89) Marking Phase
[24.272s][debug  ][gc,phases,start] GC(89) Par Mark
[24.273s][debug  ][gc,phases      ] GC(89) Par Mark 0.546ms
[24.273s][debug  ][gc,phases,start] GC(89) Reference Processing
[24.273s][debug  ][gc,ref         ] GC(89) Skipped phase 1 of Reference Processing: no references
[24.273s][debug  ][gc,ref         ] GC(89) ReferenceProcessor::execute queues: 1, RefProcThreadModel::Single, marks_oops_alive: false
[24.273s][debug  ][gc,ref         ] GC(89) Skipped phase 3 of Reference Processing: no references
[24.273s][debug  ][gc,ref         ] GC(89) ReferenceProcessor::execute queues: 1, RefProcThreadModel::Single, marks_oops_alive: false
[24.273s][debug  ][gc,phases,ref  ] GC(89) Reference Processing: 0.1ms
[24.273s][debug  ][gc,phases,ref  ] GC(89)   Reconsider SoftReferences: 0.0ms
[24.273s][debug  ][gc,phases,ref  ] GC(89)     SoftRef (ms):                  skipped
[24.273s][debug  ][gc,phases,ref  ] GC(89)   Notify Soft/WeakReferences: 0.0ms
[24.273s][debug  ][gc,phases,ref  ] GC(89)     SoftRef (ms):                  Min:  0.0, Avg:  0.0, Max:  0.0, Diff:  0.0, Sum:  0.0, Workers: 10
[24.273s][debug  ][gc,phases,ref  ] GC(89)     WeakRef (ms):                  Min:  0.0, Avg:  0.0, Max:  0.0, Diff:  0.0, Sum:  0.0, Workers: 10
[24.273s][debug  ][gc,phases,ref  ] GC(89)     FinalRef (ms):                 Min:  0.0, Avg:  0.0, Max:  0.0, Diff:  0.0, Sum:  0.0, Workers: 10
[24.273s][debug  ][gc,phases,ref  ] GC(89)     Total (ms):                    Min:  0.0, Avg:  0.0, Max:  0.0, Diff:  0.0, Sum:  0.0, Workers: 10
[24.273s][debug  ][gc,phases,ref  ] GC(89)   Notify and keep alive finalizable: 0.0ms
[24.273s][debug  ][gc,phases,ref  ] GC(89)     FinalRef (ms):                 skipped
[24.273s][debug  ][gc,phases,ref  ] GC(89)   Notify PhantomReferences: 0.0ms
[24.273s][debug  ][gc,phases,ref  ] GC(89)     PhantomRef (ms):               Min:  0.0, Avg:  0.0, Max:  0.0, Diff:  0.0, Sum:  0.0, Workers: 10
[24.273s][debug  ][gc,phases,ref  ] GC(89)   SoftReference:
[24.273s][debug  ][gc,phases,ref  ] GC(89)     Discovered: 0
[24.273s][debug  ][gc,phases,ref  ] GC(89)     Cleared: 0
[24.273s][debug  ][gc,phases,ref  ] GC(89)   WeakReference:
[24.273s][debug  ][gc,phases,ref  ] GC(89)     Discovered: 90
[24.273s][debug  ][gc,phases,ref  ] GC(89)     Cleared: 90
[24.273s][debug  ][gc,phases,ref  ] GC(89)   FinalReference:
[24.273s][debug  ][gc,phases,ref  ] GC(89)     Discovered: 0
[24.273s][debug  ][gc,phases,ref  ] GC(89)     Cleared: 0
[24.273s][debug  ][gc,phases,ref  ] GC(89)   PhantomReference:
[24.273s][debug  ][gc,phases,ref  ] GC(89)     Discovered: 5
[24.273s][debug  ][gc,phases,ref  ] GC(89)     Cleared: 5
[24.273s][debug  ][gc,phases      ] GC(89) Reference Processing 0.596ms
[24.273s][debug  ][gc,phases,start] GC(89) Weak Processing
[24.274s][debug  ][gc,phases      ] GC(89)   VM Weak                        Min:  0.0, Avg:  0.0, Max:  0.0, Diff:  0.0, Sum:  0.0, Workers: 6
[24.274s][debug  ][gc,phases      ] GC(89)     Dead                           Min: 0, Avg:  0.0, Max: 0, Diff: 0, Sum: 0, Workers: 6
[24.274s][debug  ][gc,phases      ] GC(89)     Total                          Min: 0, Avg:  1.3, Max: 8, Diff: 8, Sum: 8, Workers: 6
[24.274s][debug  ][gc,phases      ] GC(89)   ObjectSynchronizer Weak        Min:  0.0, Avg:  0.0, Max:  0.0, Diff:  0.0, Sum:  0.0, Workers: 6
[24.274s][debug  ][gc,phases      ] GC(89)     Dead                           Min: 0, Avg:  0.0, Max: 0, Diff: 0, Sum: 0, Workers: 6
[24.274s][debug  ][gc,phases      ] GC(89)     Total                          Min: 0, Avg:  0.5, Max: 3, Diff: 3, Sum: 3, Workers: 6
[24.274s][debug  ][gc,phases      ] GC(89)   JVMTI Tag Weak OopStorage      Min:  0.0, Avg:  0.0, Max:  0.0, Diff:  0.0, Sum:  0.0, Workers: 6
[24.274s][debug  ][gc,phases      ] GC(89)     Dead                           Min: 0, Avg:  0.0, Max: 0, Diff: 0, Sum: 0, Workers: 6
[24.274s][debug  ][gc,phases      ] GC(89)     Total                          Min: 0, Avg:  0.0, Max: 0, Diff: 0, Sum: 0, Workers: 6
[24.274s][debug  ][gc,phases      ] GC(89)   StringTable Weak               Min:  0.0, Avg:  0.0, Max:  0.0, Diff:  0.0, Sum:  0.0, Workers: 6
[24.274s][debug  ][gc,phases      ] GC(89)     Dead                           Min: 0, Avg:  0.0, Max: 0, Diff: 0, Sum: 0, Workers: 6
[24.274s][debug  ][gc,phases      ] GC(89)     Total                          Min: 686, Avg: 892.8, Max: 1344, Diff: 658, Sum: 5357, Workers: 6
[24.274s][debug  ][gc,phases      ] GC(89)   ResolvedMethodTable Weak       Min:  0.0, Avg:  0.0, Max:  0.0, Diff:  0.0, Sum:  0.0, Workers: 6
[24.274s][debug  ][gc,phases      ] GC(89)     Dead                           Min: 0, Avg:  0.0, Max: 0, Diff: 0, Sum: 0, Workers: 6
[24.274s][debug  ][gc,phases      ] GC(89)     Total                          Min: 0, Avg: 21.7, Max: 64, Diff: 64, Sum: 130, Workers: 6
[24.274s][debug  ][gc,phases      ] GC(89)   JNI Weak                       Min:  0.0, Avg:  0.0, Max:  0.0, Diff:  0.0, Sum:  0.0, Workers: 6
[24.274s][debug  ][gc,phases      ] GC(89)     Dead                           Min: 0, Avg:  0.0, Max: 0, Diff: 0, Sum: 0, Workers: 6
[24.274s][debug  ][gc,phases      ] GC(89)     Total                          Min: 0, Avg:  0.0, Max: 0, Diff: 0, Sum: 0, Workers: 6
[24.274s][debug  ][gc,phases      ] GC(89)   StringDedup Table Weak         Min:  0.0, Avg:  0.0, Max:  0.0, Diff:  0.0, Sum:  0.0, Workers: 6
[24.274s][debug  ][gc,phases      ] GC(89)     Dead                           Min: 0, Avg:  0.0, Max: 0, Diff: 0, Sum: 0, Workers: 6
[24.274s][debug  ][gc,phases      ] GC(89)     Total                          Min: 0, Avg:  0.0, Max: 0, Diff: 0, Sum: 0, Workers: 6
[24.274s][debug  ][gc,phases      ] GC(89)   StringDedup Requests0 Weak     Min:  0.0, Avg:  0.0, Max:  0.0, Diff:  0.0, Sum:  0.0, Workers: 6
[24.274s][debug  ][gc,phases      ] GC(89)     Dead                           Min: 0, Avg:  0.0, Max: 0, Diff: 0, Sum: 0, Workers: 6
[24.274s][debug  ][gc,phases      ] GC(89)     Total                          Min: 0, Avg:  0.0, Max: 0, Diff: 0, Sum: 0, Workers: 6
[24.274s][debug  ][gc,phases      ] GC(89)   StringDedup Requests1 Weak     Min:  0.0, Avg:  0.0, Max:  0.0, Diff:  0.0, Sum:  0.0, Workers: 6
[24.274s][debug  ][gc,phases      ] GC(89)     Dead                           Min: 0, Avg:  0.0, Max: 0, Diff: 0, Sum: 0, Workers: 6
[24.274s][debug  ][gc,phases      ] GC(89)     Total                          Min: 0, Avg:  0.0, Max: 0, Diff: 0, Sum: 0, Workers: 6
[24.274s][debug  ][gc,phases      ] GC(89)   Weak JFR Old Object Samples    Min:  0.0, Avg:  0.0, Max:  0.0, Diff:  0.0, Sum:  0.0, Workers: 6
[24.274s][debug  ][gc,phases      ] GC(89)     Dead                           Min: 0, Avg:  0.0, Max: 0, Diff: 0, Sum: 0, Workers: 6
[24.274s][debug  ][gc,phases      ] GC(89)     Total                          Min: 0, Avg:  0.0, Max: 0, Diff: 0, Sum: 0, Workers: 6
[24.274s][debug  ][gc,phases      ] GC(89) Weak Processing 0.673ms
[24.274s][debug  ][gc,phases,start] GC(89) Class Unloading
[24.274s][debug  ][gc,phases,start] GC(89) ClassLoaderData
[24.274s][debug  ][gc,phases      ] GC(89) ClassLoaderData 0.019ms
[24.274s][debug  ][gc,phases,start] GC(89) Trigger cleanups
[24.274s][debug  ][gc,phases      ] GC(89) Trigger cleanups 0.019ms
[24.274s][debug  ][gc,phases      ] GC(89) Class Unloading 0.292ms
[24.274s][info   ][gc,phases      ] GC(89) Marking Phase 2.226ms
[24.275s][info   ][gc,phases,start] GC(89) Summary Phase
[24.275s][info   ][gc,phases      ] GC(89) Summary Phase 0.047ms
[24.275s][info   ][gc,phases,start] GC(89) Adjust Roots
[24.275s][info   ][gc,phases      ] GC(89) Adjust Roots 0.155ms
[24.275s][info   ][gc,phases,start] GC(89) Compaction Phase
[24.366s][info   ][gc,phases      ] GC(89) Compaction Phase 91.525ms
[24.366s][info   ][gc,phases,start] GC(89) Post Compact
[24.372s][info   ][gc,phases      ] GC(89) Post Compact 5.385ms
[24.372s][debug  ][gc,ergo        ] GC(89) AdaptiveSizeStart: collection: 90 
[24.372s][debug  ][gc,ergo        ] GC(89) PSAdaptiveSizePolicy::compute_eden_space_size limits: desired_eden_size: 221277707 old_eden_size: 201326592 eden_limit: 201326592 cur_eden: 201326592 max_eden_size: 201326592 avg_young_live: 24732672
[24.372s][debug  ][gc,ergo        ] GC(89) PSAdaptiveSizePolicy::compute_eden_space_size: costs minor_time: 0.052287 major_cost: 0.053513 mutator_cost: 0.894200 throughput_goal: 0.990000
[24.372s][debug  ][gc,ergo        ] GC(89) Live_space: 1002183936 free_space: 1428160512
[24.372s][debug  ][gc,ergo        ] GC(89) Old eden_size: 201326592 desired_eden_size: 201326592
[24.372s][debug  ][gc,ergo        ] GC(89) PSAdaptiveSizePolicy::compute_old_gen_free_space limits: desired_promo_size: 1350939379 promo_limit: 1226833920 free_in_old_gen: 1154783232 max_old_gen_size: 1879048192 avg_old_live: 724265024
[24.372s][debug  ][gc,ergo        ] GC(89) PSAdaptiveSizePolicy::compute_old_gen_free_space: costs minor_time: 0.052287 major_cost: 0.053513  mutator_cost: 0.894200 throughput_goal: 0.990000
[24.372s][debug  ][gc,ergo        ] GC(89) Live_space: 1017433152 free_space: 1428160512
[24.372s][debug  ][gc,ergo        ] GC(89) Old promo_size: 1226833920 desired_promo_size: 1226833920
[24.372s][debug  ][gc,ergo        ] GC(89) AdaptiveSizeStop: collection: 90 
[24.372s][info   ][gc,heap        ] GC(89) PSYoungGen: 30720K(229376K)->0K(229376K) Eden: 0K(196608K)->0K(196608K) From: 30720K(32768K)->0K(32768K)
[24.372s][info   ][gc,heap        ] GC(89) ParOldGen: 1752677K(1835008K)->841316K(1835008K)
[24.372s][info   ][gc,metaspace   ] GC(89) Metaspace: 1021K(1216K)->1021K(1216K) NonClass: 937K(1024K)->937K(1024K) Class: 83K(192K)->83K(192K)
[24.372s][info   ][gc             ] GC(89) Pause Full (Ergonomics) 1741M->821M(2016M) 100.012ms
[24.372s][info   ][gc,cpu         ] GC(89) User=0.94s Sys=0.00s Real=0.10s
[24.372s][debug  ][gc,heap        ] GC(89) Heap after GC invocations=90 (full 15):
[24.372s][debug  ][gc,heap        ] GC(89)  PSYoungGen      total 229376K, used 0K [0x00000000f0000000, 0x0000000100000000, 0x0000000100000000)
[24.372s][debug  ][gc,heap        ] GC(89)   eden space 196608K, 0% used [0x00000000f0000000,0x00000000f0000000,0x00000000fc000000)
[24.372s][debug  ][gc,heap        ] GC(89)   from space 32768K, 0% used [0x00000000fe000000,0x00000000fe000000,0x0000000100000000)
[24.372s][debug  ][gc,heap        ] GC(89)   to   space 32768K, 0% used [0x00000000fc000000,0x00000000fc000000,0x00000000fe000000)
[24.372s][debug  ][gc,heap        ] GC(89)  ParOldGen       total 1835008K, used 841316K [0x0000000080000000, 0x00000000f0000000, 0x00000000f0000000)
[24.372s][debug  ][gc,heap        ] GC(89)   object space 1835008K, 45% used [0x0000000080000000,0x00000000b35991a8,0x00000000f0000000)
[24.372s][debug  ][gc,heap        ] GC(89)  Metaspace       used 1021K, committed 1216K, reserved 1056768K
[24.372s][debug  ][gc,heap        ] GC(89)   class space    used 83K, committed 192K, reserved 1048576K
[24.372s][debug  ][gc,task,time   ] GC(89) VM-Thread 242722467 242747959 243722915
[24.665s][debug  ][gc,heap        ] GC(90) Heap before GC invocations=91 (full 15):
[24.665s][debug  ][gc,heap        ] GC(90)  PSYoungGen      total 229376K, used 188158K [0x00000000f0000000, 0x0000000100000000, 0x0000000100000000)
[24.665s][debug  ][gc,heap        ] GC(90)   eden space 196608K, 95% used [0x00000000f0000000,0x00000000fb7bf918,0x00000000fc000000)
[24.666s][debug  ][gc,heap        ] GC(90)   from space 32768K, 0% used [0x00000000fe000000,0x00000000fe000000,0x0000000100000000)
[24.666s][debug  ][gc,heap        ] GC(90)   to   space 32768K, 0% used [0x00000000fc000000,0x00000000fc000000,0x00000000fe000000)
[24.666s][debug  ][gc,heap        ] GC(90)  ParOldGen       total 1835008K, used 841316K [0x0000000080000000, 0x00000000f0000000, 0x00000000f0000000)
[24.666s][debug  ][gc,heap        ] GC(90)   object space 1835008K, 45% used [0x0000000080000000,0x00000000b35991a8,0x00000000f0000000)
[24.666s][debug  ][gc,heap        ] GC(90)  Metaspace       used 1021K, committed 1216K, reserved 1056768K
[24.666s][debug  ][gc,heap        ] GC(90)   class space    used 83K, committed 192K, reserved 1048576K
[24.666s][debug  ][gc,tlab        ] GC(90) TLAB totals: thrds: 1  refills: 1 max: 1 slow allocs: 17 max 17 waste: 27.3% gc: 3929040B max: 3929040B slow: 0B max: 0B
[24.666s][info   ][gc,start       ] GC(90) Pause Young (Allocation Failure)
[24.666s][debug  ][gc,phases,start] GC(90) Scavenge
[24.670s][debug  ][gc,phases      ] GC(90) Scavenge 3.847ms
[24.670s][debug  ][gc,phases,start] GC(90) Reference Processing
[24.670s][debug  ][gc,ref         ] GC(90) Skipped phase 1 of Reference Processing: no references
[24.670s][debug  ][gc,ref         ] GC(90) Skipped phase 2 of Reference Processing: no references
[24.670s][debug  ][gc,ref         ] GC(90) Skipped phase 3 of Reference Processing: no references
[24.670s][debug  ][gc,ref         ] GC(90) Skipped phase 4 of Reference Processing: no references
[24.670s][debug  ][gc,phases,ref  ] GC(90) Reference Processing: 0.1ms
[24.670s][debug  ][gc,phases,ref  ] GC(90)   Reconsider SoftReferences: 0.0ms
[24.670s][debug  ][gc,phases,ref  ] GC(90)     SoftRef (ms):                  skipped
[24.670s][debug  ][gc,phases,ref  ] GC(90)   Notify Soft/WeakReferences: 0.0ms
[24.670s][debug  ][gc,phases,ref  ] GC(90)     SoftRef (ms):                  skipped
[24.670s][debug  ][gc,phases,ref  ] GC(90)     WeakRef (ms):                  skipped
[24.670s][debug  ][gc,phases,ref  ] GC(90)     FinalRef (ms):                 skipped
[24.670s][debug  ][gc,phases,ref  ] GC(90)     Total (ms):                    skipped
[24.670s][debug  ][gc,phases,ref  ] GC(90)   Notify and keep alive finalizable: 0.0ms
[24.670s][debug  ][gc,phases,ref  ] GC(90)     FinalRef (ms):                 skipped
[24.670s][debug  ][gc,phases,ref  ] GC(90)   Notify PhantomReferences: 0.0ms
[24.670s][debug  ][gc,phases,ref  ] GC(90)     PhantomRef (ms):               skipped
[24.670s][debug  ][gc,phases,ref  ] GC(90)   SoftReference:
[24.670s][debug  ][gc,phases,ref  ] GC(90)     Discovered: 0
[24.670s][debug  ][gc,phases,ref  ] GC(90)     Cleared: 0
[24.670s][debug  ][gc,phases,ref  ] GC(90)   WeakReference:
[24.670s][debug  ][gc,phases,ref  ] GC(90)     Discovered: 0
[24.670s][debug  ][gc,phases,ref  ] GC(90)     Cleared: 0
[24.670s][debug  ][gc,phases,ref  ] GC(90)   FinalReference:
[24.670s][debug  ][gc,phases,ref  ] GC(90)     Discovered: 0
[24.670s][debug  ][gc,phases,ref  ] GC(90)     Cleared: 0
[24.671s][debug  ][gc,phases,ref  ] GC(90)   PhantomReference:
[24.671s][debug  ][gc,phases,ref  ] GC(90)     Discovered: 0
[24.671s][debug  ][gc,phases,ref  ] GC(90)     Cleared: 0
[24.671s][debug  ][gc,phases      ] GC(90) Reference Processing 0.890ms
[24.671s][debug  ][gc,phases,start] GC(90) Weak Processing
[24.671s][debug  ][gc,phases      ] GC(90)   VM Weak                        Min:  0.0, Avg:  0.0, Max:  0.0, Diff:  0.0, Sum:  0.0, Workers: 6
[24.671s][debug  ][gc,phases      ] GC(90)     Dead                           Min: 0, Avg:  0.0, Max: 0, Diff: 0, Sum: 0, Workers: 6
[24.671s][debug  ][gc,phases      ] GC(90)     Total                          Min: 0, Avg:  1.3, Max: 8, Diff: 8, Sum: 8, Workers: 6
[24.671s][debug  ][gc,phases      ] GC(90)   ObjectSynchronizer Weak        Min:  0.0, Avg:  0.0, Max:  0.0, Diff:  0.0, Sum:  0.0, Workers: 6
[24.671s][debug  ][gc,phases      ] GC(90)     Dead                           Min: 0, Avg:  0.0, Max: 0, Diff: 0, Sum: 0, Workers: 6
[24.671s][debug  ][gc,phases      ] GC(90)     Total                          Min: 0, Avg:  0.5, Max: 3, Diff: 3, Sum: 3, Workers: 6
[24.671s][debug  ][gc,phases      ] GC(90)   JVMTI Tag Weak OopStorage      Min:  0.0, Avg:  0.0, Max:  0.0, Diff:  0.0, Sum:  0.0, Workers: 6
[24.671s][debug  ][gc,phases      ] GC(90)     Dead                           Min: 0, Avg:  0.0, Max: 0, Diff: 0, Sum: 0, Workers: 6
[24.671s][debug  ][gc,phases      ] GC(90)     Total                          Min: 0, Avg:  0.0, Max: 0, Diff: 0, Sum: 0, Workers: 6
[24.671s][debug  ][gc,phases      ] GC(90)   StringTable Weak               Min:  0.0, Avg:  0.0, Max:  0.0, Diff:  0.0, Sum:  0.1, Workers: 6
[24.671s][debug  ][gc,phases      ] GC(90)     Dead                           Min: 0, Avg:  0.0, Max: 0, Diff: 0, Sum: 0, Workers: 6
[24.671s][debug  ][gc,phases      ] GC(90)     Total                          Min: 0, Avg: 892.8, Max: 1599, Diff: 1599, Sum: 5357, Workers: 6
[24.671s][debug  ][gc,phases      ] GC(90)   ResolvedMethodTable Weak       Min:  0.0, Avg:  0.0, Max:  0.0, Diff:  0.0, Sum:  0.0, Workers: 6
[24.671s][debug  ][gc,phases      ] GC(90)     Dead                           Min: 0, Avg:  0.0, Max: 0, Diff: 0, Sum: 0, Workers: 6
[24.671s][debug  ][gc,phases      ] GC(90)     Total                          Min: 0, Avg: 21.7, Max: 66, Diff: 66, Sum: 130, Workers: 6
[24.671s][debug  ][gc,phases      ] GC(90)   JNI Weak                       Min:  0.0, Avg:  0.0, Max:  0.0, Diff:  0.0, Sum:  0.0, Workers: 6
[24.671s][debug  ][gc,phases      ] GC(90)     Dead                           Min: 0, Avg:  0.0, Max: 0, Diff: 0, Sum: 0, Workers: 6
[24.671s][debug  ][gc,phases      ] GC(90)     Total                          Min: 0, Avg:  0.0, Max: 0, Diff: 0, Sum: 0, Workers: 6
[24.671s][debug  ][gc,phases      ] GC(90)   StringDedup Table Weak         Min:  0.0, Avg:  0.0, Max:  0.0, Diff:  0.0, Sum:  0.0, Workers: 6
[24.671s][debug  ][gc,phases      ] GC(90)     Dead                           Min: 0, Avg:  0.0, Max: 0, Diff: 0, Sum: 0, Workers: 6
[24.671s][debug  ][gc,phases      ] GC(90)     Total                          Min: 0, Avg:  0.0, Max: 0, Diff: 0, Sum: 0, Workers: 6
[24.671s][debug  ][gc,phases      ] GC(90)   StringDedup Requests0 Weak     Min:  0.0, Avg:  0.0, Max:  0.0, Diff:  0.0, Sum:  0.0, Workers: 6
[24.671s][debug  ][gc,phases      ] GC(90)     Dead                           Min: 0, Avg:  0.0, Max: 0, Diff: 0, Sum: 0, Workers: 6
[24.671s][debug  ][gc,phases      ] GC(90)     Total                          Min: 0, Avg:  0.0, Max: 0, Diff: 0, Sum: 0, Workers: 6
[24.672s][debug  ][gc,phases      ] GC(90)   StringDedup Requests1 Weak     Min:  0.0, Avg:  0.0, Max:  0.0, Diff:  0.0, Sum:  0.0, Workers: 6
[24.672s][debug  ][gc,phases      ] GC(90)     Dead                           Min: 0, Avg:  0.0, Max: 0, Diff: 0, Sum: 0, Workers: 6
[24.672s][debug  ][gc,phases      ] GC(90)     Total                          Min: 0, Avg:  0.0, Max: 0, Diff: 0, Sum: 0, Workers: 6
[24.672s][debug  ][gc,phases      ] GC(90)   Weak JFR Old Object Samples    Min:  0.0, Avg:  0.0, Max:  0.0, Diff:  0.0, Sum:  0.0, Workers: 6
[24.672s][debug  ][gc,phases      ] GC(90)     Dead                           Min: 0, Avg:  0.0, Max: 0, Diff: 0, Sum: 0, Workers: 6
[24.672s][debug  ][gc,phases      ] GC(90)     Total                          Min: 0, Avg:  0.0, Max: 0, Diff: 0, Sum: 0, Workers: 6
[24.672s][debug  ][gc,phases      ] GC(90) Weak Processing 1.050ms
[24.672s][debug  ][gc,ergo        ] GC(90) AdaptiveSizeStart:  collection: 91 
[24.672s][debug  ][gc,ergo        ] GC(90) avg_survived_padded_avg: 38268000.000000
[24.672s][debug  ][gc,ergo        ] GC(90) avg_promoted_padded_avg: 243943376.000000  avg_pretenured_padded_avg: 0.000000  tenuring_thresh: 6  target_size: 38273024
[24.672s][debug  ][gc,age         ] GC(90) Desired survivor size 38273024 bytes, new threshold 6 (max threshold 15)
[24.672s][debug  ][gc,ergo        ] GC(90) PSAdaptiveSizePolicy::compute_eden_space_size limits: desired_eden_size: 219291329 old_eden_size: 201326592 eden_limit: 201326592 cur_eden: 201326592 max_eden_size: 201326592 avg_young_live: 22259404
[24.672s][debug  ][gc,ergo        ] GC(90) PSAdaptiveSizePolicy::compute_eden_space_size: costs minor_time: 0.042907 major_cost: 0.053513 mutator_cost: 0.903580 throughput_goal: 0.990000
[24.672s][debug  ][gc,ergo        ] GC(90) Live_space: 1014959872 free_space: 1428160512
[24.672s][debug  ][gc,ergo        ] GC(90) Old eden_size: 201326592 desired_eden_size: 201326592
[24.672s][debug  ][gc,ergo        ] GC(90) AdaptiveSizeStop: collection: 91 
[24.672s][info   ][gc,heap        ] GC(90) PSYoungGen: 188158K(229376K)->0K(197120K) Eden: 188158K(196608K)->0K(196608K) From: 0K(32768K)->0K(512K)
[24.672s][info   ][gc,heap        ] GC(90) ParOldGen: 841316K(1835008K)->841316K(1835008K)
[24.672s][info   ][gc,metaspace   ] GC(90) Metaspace: 1021K(1216K)->1021K(1216K) NonClass: 937K(1024K)->937K(1024K) Class: 83K(192K)->83K(192K)
[24.672s][info   ][gc             ] GC(90) Pause Young (Allocation Failure) 1005M->821M(1984M) 6.337ms
[24.672s][info   ][gc,cpu         ] GC(90) User=0.03s Sys=0.00s Real=0.01s
[24.672s][debug  ][gc,heap        ] GC(90) Heap after GC invocations=91 (full 15):
[24.672s][debug  ][gc,heap        ] GC(90)  PSYoungGen      total 197120K, used 0K [0x00000000f0000000, 0x0000000100000000, 0x0000000100000000)
[24.672s][debug  ][gc,heap        ] GC(90)   eden space 196608K, 0% used [0x00000000f0000000,0x00000000f0000000,0x00000000fc000000)
[24.672s][debug  ][gc,heap        ] GC(90)   from space 512K, 0% used [0x00000000fc000000,0x00000000fc000000,0x00000000fc080000)
[24.672s][debug  ][gc,heap        ] GC(90)   to   space 37376K, 0% used [0x00000000fdb80000,0x00000000fdb80000,0x0000000100000000)
[24.672s][debug  ][gc,heap        ] GC(90)  ParOldGen       total 1835008K, used 841316K [0x0000000080000000, 0x00000000f0000000, 0x00000000f0000000)
[24.672s][debug  ][gc,heap        ] GC(90)   object space 1835008K, 45% used [0x0000000080000000,0x00000000b35991a8,0x00000000f0000000)
[24.672s][debug  ][gc,heap        ] GC(90)  Metaspace       used 1021K, committed 1216K, reserved 1056768K
[24.672s][debug  ][gc,heap        ] GC(90)   class space    used 83K, committed 192K, reserved 1048576K
[24.672s][debug  ][gc,task,time   ] GC(90) VM-Thread 246653358 246697174 246723971
[24.964s][debug  ][gc,heap        ] GC(91) Heap before GC invocations=92 (full 15):
[24.965s][debug  ][gc,heap        ] GC(91)  PSYoungGen      total 197120K, used 188088K [0x00000000f0000000, 0x0000000100000000, 0x0000000100000000)
[24.965s][debug  ][gc,heap        ] GC(91)   eden space 196608K, 95% used [0x00000000f0000000,0x00000000fb7ae108,0x00000000fc000000)
[24.965s][debug  ][gc,heap        ] GC(91)   from space 512K, 0% used [0x00000000fc000000,0x00000000fc000000,0x00000000fc080000)
[24.965s][debug  ][gc,heap        ] GC(91)   to   space 37376K, 0% used [0x00000000fdb80000,0x00000000fdb80000,0x0000000100000000)
[24.965s][debug  ][gc,heap        ] GC(91)  ParOldGen       total 1835008K, used 841316K [0x0000000080000000, 0x00000000f0000000, 0x00000000f0000000)
[24.965s][debug  ][gc,heap        ] GC(91)   object space 1835008K, 45% used [0x0000000080000000,0x00000000b35991a8,0x00000000f0000000)
[24.965s][debug  ][gc,heap        ] GC(91)  Metaspace       used 1021K, committed 1216K, reserved 1056768K
[24.965s][debug  ][gc,heap        ] GC(91)   class space    used 83K, committed 192K, reserved 1048576K
[24.965s][debug  ][gc,tlab        ] GC(91) TLAB totals: thrds: 1  refills: 1 max: 1 slow allocs: 17 max 17 waste: 26.9% gc: 3858408B max: 3858408B slow: 0B max: 0B
[24.965s][info   ][gc,start       ] GC(91) Pause Young (Allocation Failure)
[24.965s][debug  ][gc,phases,start] GC(91) Scavenge
[24.977s][debug  ][gc,phases      ] GC(91) Scavenge 12.557ms
[24.978s][debug  ][gc,phases,start] GC(91) Reference Processing
[24.978s][debug  ][gc,ref         ] GC(91) Skipped phase 1 of Reference Processing: no references
[24.978s][debug  ][gc,ref         ] GC(91) Skipped phase 2 of Reference Processing: no references
[24.978s][debug  ][gc,ref         ] GC(91) Skipped phase 3 of Reference Processing: no references
[24.978s][debug  ][gc,ref         ] GC(91) Skipped phase 4 of Reference Processing: no references
[24.978s][debug  ][gc,phases,ref  ] GC(91) Reference Processing: 0.1ms
[24.978s][debug  ][gc,phases,ref  ] GC(91)   Reconsider SoftReferences: 0.0ms
[24.978s][debug  ][gc,phases,ref  ] GC(91)     SoftRef (ms):                  skipped
[24.978s][debug  ][gc,phases,ref  ] GC(91)   Notify Soft/WeakReferences: 0.0ms
[24.978s][debug  ][gc,phases,ref  ] GC(91)     SoftRef (ms):                  skipped
[24.978s][debug  ][gc,phases,ref  ] GC(91)     WeakRef (ms):                  skipped
[24.978s][debug  ][gc,phases,ref  ] GC(91)     FinalRef (ms):                 skipped
[24.978s][debug  ][gc,phases,ref  ] GC(91)     Total (ms):                    skipped
[24.978s][debug  ][gc,phases,ref  ] GC(91)   Notify and keep alive finalizable: 0.0ms
[24.978s][debug  ][gc,phases,ref  ] GC(91)     FinalRef (ms):                 skipped
[24.978s][debug  ][gc,phases,ref  ] GC(91)   Notify PhantomReferences: 0.0ms
[24.978s][debug  ][gc,phases,ref  ] GC(91)     PhantomRef (ms):               skipped
[24.978s][debug  ][gc,phases,ref  ] GC(91)   SoftReference:
[24.978s][debug  ][gc,phases,ref  ] GC(91)     Discovered: 0
[24.978s][debug  ][gc,phases,ref  ] GC(91)     Cleared: 0
[24.978s][debug  ][gc,phases,ref  ] GC(91)   WeakReference:
[24.978s][debug  ][gc,phases,ref  ] GC(91)     Discovered: 0
[24.978s][debug  ][gc,phases,ref  ] GC(91)     Cleared: 0
[24.978s][debug  ][gc,phases,ref  ] GC(91)   FinalReference:
[24.978s][debug  ][gc,phases,ref  ] GC(91)     Discovered: 0
[24.978s][debug  ][gc,phases,ref  ] GC(91)     Cleared: 0
[24.978s][debug  ][gc,phases,ref  ] GC(91)   PhantomReference:
[24.978s][debug  ][gc,phases,ref  ] GC(91)     Discovered: 0
[24.978s][debug  ][gc,phases,ref  ] GC(91)     Cleared: 0
[24.978s][debug  ][gc,phases      ] GC(91) Reference Processing 0.598ms
[24.978s][debug  ][gc,phases,start] GC(91) Weak Processing
[24.978s][debug  ][gc,phases      ] GC(91)   VM Weak                        Min:  0.0, Avg:  0.0, Max:  0.0, Diff:  0.0, Sum:  0.0, Workers: 6
[24.978s][debug  ][gc,phases      ] GC(91)     Dead                           Min: 0, Avg:  0.0, Max: 0, Diff: 0, Sum: 0, Workers: 6
[24.978s][debug  ][gc,phases      ] GC(91)     Total                          Min: 0, Avg:  1.3, Max: 8, Diff: 8, Sum: 8, Workers: 6
[24.978s][debug  ][gc,phases      ] GC(91)   ObjectSynchronizer Weak        Min:  0.0, Avg:  0.0, Max:  0.0, Diff:  0.0, Sum:  0.0, Workers: 6
[24.978s][debug  ][gc,phases      ] GC(91)     Dead                           Min: 0, Avg:  0.0, Max: 0, Diff: 0, Sum: 0, Workers: 6
[24.978s][debug  ][gc,phases      ] GC(91)     Total                          Min: 0, Avg:  0.5, Max: 3, Diff: 3, Sum: 3, Workers: 6
[24.978s][debug  ][gc,phases      ] GC(91)   JVMTI Tag Weak OopStorage      Min:  0.0, Avg:  0.0, Max:  0.0, Diff:  0.0, Sum:  0.0, Workers: 6
[24.978s][debug  ][gc,phases      ] GC(91)     Dead                           Min: 0, Avg:  0.0, Max: 0, Diff: 0, Sum: 0, Workers: 6
[24.978s][debug  ][gc,phases      ] GC(91)     Total                          Min: 0, Avg:  0.0, Max: 0, Diff: 0, Sum: 0, Workers: 6
[24.978s][debug  ][gc,phases      ] GC(91)   StringTable Weak               Min:  0.0, Avg:  0.0, Max:  0.0, Diff:  0.0, Sum:  0.0, Workers: 6
[24.978s][debug  ][gc,phases      ] GC(91)     Dead                           Min: 0, Avg:  0.0, Max: 0, Diff: 0, Sum: 0, Workers: 6
[24.978s][debug  ][gc,phases      ] GC(91)     Total                          Min: 704, Avg: 892.8, Max: 1087, Diff: 383, Sum: 5357, Workers: 6
[24.978s][debug  ][gc,phases      ] GC(91)   ResolvedMethodTable Weak       Min:  0.0, Avg:  0.0, Max:  0.0, Diff:  0.0, Sum:  0.0, Workers: 6
[24.978s][debug  ][gc,phases      ] GC(91)     Dead                           Min: 0, Avg:  0.0, Max: 0, Diff: 0, Sum: 0, Workers: 6
[24.978s][debug  ][gc,phases      ] GC(91)     Total                          Min: 0, Avg: 21.7, Max: 64, Diff: 64, Sum: 130, Workers: 6
[24.979s][debug  ][gc,phases      ] GC(91)   JNI Weak                       Min:  0.0, Avg:  0.0, Max:  0.0, Diff:  0.0, Sum:  0.0, Workers: 6
[24.979s][debug  ][gc,phases      ] GC(91)     Dead                           Min: 0, Avg:  0.0, Max: 0, Diff: 0, Sum: 0, Workers: 6
[24.979s][debug  ][gc,phases      ] GC(91)     Total                          Min: 0, Avg:  0.0, Max: 0, Diff: 0, Sum: 0, Workers: 6
[24.979s][debug  ][gc,phases      ] GC(91)   StringDedup Table Weak         Min:  0.0, Avg:  0.0, Max:  0.0, Diff:  0.0, Sum:  0.0, Workers: 6
[24.979s][debug  ][gc,phases      ] GC(91)     Dead                           Min: 0, Avg:  0.0, Max: 0, Diff: 0, Sum: 0, Workers: 6
[24.979s][debug  ][gc,phases      ] GC(91)     Total                          Min: 0, Avg:  0.0, Max: 0, Diff: 0, Sum: 0, Workers: 6
[24.979s][debug  ][gc,phases      ] GC(91)   StringDedup Requests0 Weak     Min:  0.0, Avg:  0.0, Max:  0.0, Diff:  0.0, Sum:  0.0, Workers: 6
[24.979s][debug  ][gc,phases      ] GC(91)     Dead                           Min: 0, Avg:  0.0, Max: 0, Diff: 0, Sum: 0, Workers: 6
[24.979s][debug  ][gc,phases      ] GC(91)     Total                          Min: 0, Avg:  0.0, Max: 0, Diff: 0, Sum: 0, Workers: 6
[24.979s][debug  ][gc,phases      ] GC(91)   StringDedup Requests1 Weak     Min:  0.0, Avg:  0.0, Max:  0.0, Diff:  0.0, Sum:  0.0, Workers: 6
[24.979s][debug  ][gc,phases      ] GC(91)     Dead                           Min: 0, Avg:  0.0, Max: 0, Diff: 0, Sum: 0, Workers: 6
[24.979s][debug  ][gc,phases      ] GC(91)     Total                          Min: 0, Avg:  0.0, Max: 0, Diff: 0, Sum: 0, Workers: 6
[24.979s][debug  ][gc,phases      ] GC(91)   Weak JFR Old Object Samples    Min:  0.0, Avg:  0.0, Max:  0.0, Diff:  0.0, Sum:  0.0, Workers: 6
[24.979s][debug  ][gc,phases      ] GC(91)     Dead                           Min: 0, Avg:  0.0, Max: 0, Diff: 0, Sum: 0, Workers: 6
[24.979s][debug  ][gc,phases      ] GC(91)     Total                          Min: 0, Avg:  0.0, Max: 0, Diff: 0, Sum: 0, Workers: 6
[24.979s][debug  ][gc,phases      ] GC(91) Weak Processing 0.675ms
[24.979s][debug  ][gc,ergo        ] GC(91) AdaptiveSizeStart:  collection: 92 
[24.979s][debug  ][gc,ergo        ] GC(91) avg_survived_padded_avg: 38524876.000000
[24.979s][debug  ][gc,ergo        ] GC(91) avg_promoted_padded_avg: 236494208.000000  avg_pretenured_padded_avg: 0.000000  tenuring_thresh: 7  target_size: 38797312
[24.979s][debug  ][gc,age         ] GC(91) Desired survivor size 38797312 bytes, new threshold 7 (max threshold 15)
[24.979s][debug  ][gc,ergo        ] GC(91) PSAdaptiveSizePolicy::compute_eden_space_size: costs minor_time: 0.043535 major_cost: 0.053513 mutator_cost: 0.902952 throughput_goal: 0.990000
[24.979s][debug  ][gc,ergo        ] GC(91) Live_space: 1015879680 free_space: 1428160512
[24.979s][debug  ][gc,ergo        ] GC(91) Old eden_size: 201326592 desired_eden_size: 219676672
[24.979s][debug  ][gc,ergo        ] GC(91) AdaptiveSizeStop: collection: 92 
[24.979s][info   ][gc,heap        ] GC(91) PSYoungGen: 188088K(197120K)->30720K(223744K) Eden: 188088K(196608K)->0K(186368K) From: 0K(512K)->30720K(37376K)
[24.979s][info   ][gc,heap        ] GC(91) ParOldGen: 841316K(1835008K)->994916K(1835008K)
[24.979s][info   ][gc,metaspace   ] GC(91) Metaspace: 1021K(1216K)->1021K(1216K) NonClass: 937K(1024K)->937K(1024K) Class: 83K(192K)->83K(192K)
[24.979s][info   ][gc             ] GC(91) Pause Young (Allocation Failure) 1005M->1001M(2010M) 14.276ms
[24.979s][info   ][gc,cpu         ] GC(91) User=0.00s Sys=0.00s Real=0.01s
[24.979s][debug  ][gc,heap        ] GC(91) Heap after GC invocations=92 (full 15):
[24.979s][debug  ][gc,heap        ] GC(91)  PSYoungGen      total 223744K, used 30720K [0x00000000f0000000, 0x0000000100000000, 0x0000000100000000)
[24.979s][debug  ][gc,heap        ] GC(91)   eden space 186368K, 0% used [0x00000000f0000000,0x00000000f0000000,0x00000000fb600000)
[24.979s][debug  ][gc,heap        ] GC(91)   from space 37376K, 82% used [0x00000000fdb80000,0x00000000ff980030,0x0000000100000000)
[24.979s][debug  ][gc,heap        ] GC(91)   to   space 37888K, 0% used [0x00000000fb600000,0x00000000fb600000,0x00000000fdb00000)
[24.979s][debug  ][gc,heap        ] GC(91)  ParOldGen       total 1835008K, used 994916K [0x0000000080000000, 0x00000000f0000000, 0x00000000f0000000)
[24.979s][debug  ][gc,heap        ] GC(91)   object space 1835008K, 54% used [0x0000000080000000,0x00000000bcb99298,0x00000000f0000000)
[24.979s][debug  ][gc,heap        ] GC(91)  Metaspace       used 1021K, committed 1216K, reserved 1056768K
[24.979s][debug  ][gc,heap        ] GC(91)   class space    used 83K, committed 192K, reserved 1048576K
[24.979s][debug  ][gc,task,time   ] GC(91) VM-Thread 249644019 249775204 249793638
[25.248s][debug  ][gc,heap        ] GC(92) Heap before GC invocations=93 (full 15):
[25.248s][debug  ][gc,heap        ] GC(92)  PSYoungGen      total 223744K, used 208400K [0x00000000f0000000, 0x0000000100000000, 0x0000000100000000)
[25.248s][debug  ][gc,heap        ] GC(92)   eden space 186368K, 95% used [0x00000000f0000000,0x00000000fad84158,0x00000000fb600000)
[25.248s][debug  ][gc,heap        ] GC(92)   from space 37376K, 82% used [0x00000000fdb80000,0x00000000ff980030,0x0000000100000000)
[25.248s][debug  ][gc,heap        ] GC(92)   to   space 37888K, 0% used [0x00000000fb600000,0x00000000fb600000,0x00000000fdb00000)
[25.248s][debug  ][gc,heap        ] GC(92)  ParOldGen       total 1835008K, used 994916K [0x0000000080000000, 0x00000000f0000000, 0x00000000f0000000)
[25.248s][debug  ][gc,heap        ] GC(92)   object space 1835008K, 54% used [0x0000000080000000,0x00000000bcb99298,0x00000000f0000000)
[25.248s][debug  ][gc,heap        ] GC(92)  Metaspace       used 1021K, committed 1216K, reserved 1056768K
[25.248s][debug  ][gc,heap        ] GC(92)   class space    used 83K, committed 192K, reserved 1048576K
[25.248s][debug  ][gc,tlab        ] GC(92) TLAB totals: thrds: 1  refills: 1 max: 1 slow allocs: 16 max 16 waste: 26.0% gc: 3686472B max: 3686472B slow: 0B max: 0B
[25.248s][info   ][gc,start       ] GC(92) Pause Young (Allocation Failure)
[25.248s][debug  ][gc,phases,start] GC(92) Scavenge
[25.262s][debug  ][gc,phases      ] GC(92) Scavenge 14.094ms
[25.262s][debug  ][gc,phases,start] GC(92) Reference Processing
[25.262s][debug  ][gc,ref         ] GC(92) Skipped phase 1 of Reference Processing: no references
[25.262s][debug  ][gc,ref         ] GC(92) Skipped phase 2 of Reference Processing: no references
[25.262s][debug  ][gc,ref         ] GC(92) Skipped phase 3 of Reference Processing: no references
[25.262s][debug  ][gc,ref         ] GC(92) Skipped phase 4 of Reference Processing: no references
[25.262s][debug  ][gc,phases,ref  ] GC(92) Reference Processing: 0.1ms
[25.262s][debug  ][gc,phases,ref  ] GC(92)   Reconsider SoftReferences: 0.0ms
[25.262s][debug  ][gc,phases,ref  ] GC(92)     SoftRef (ms):                  skipped
[25.262s][debug  ][gc,phases,ref  ] GC(92)   Notify Soft/WeakReferences: 0.0ms
[25.263s][debug  ][gc,phases,ref  ] GC(92)     SoftRef (ms):                  skipped
[25.263s][debug  ][gc,phases,ref  ] GC(92)     WeakRef (ms):                  skipped
[25.263s][debug  ][gc,phases,ref  ] GC(92)     FinalRef (ms):                 skipped
[25.263s][debug  ][gc,phases,ref  ] GC(92)     Total (ms):                    skipped
[25.263s][debug  ][gc,phases,ref  ] GC(92)   Notify and keep alive finalizable: 0.0ms
[25.263s][debug  ][gc,phases,ref  ] GC(92)     FinalRef (ms):                 skipped
[25.263s][debug  ][gc,phases,ref  ] GC(92)   Notify PhantomReferences: 0.0ms
[25.263s][debug  ][gc,phases,ref  ] GC(92)     PhantomRef (ms):               skipped
[25.263s][debug  ][gc,phases,ref  ] GC(92)   SoftReference:
[25.263s][debug  ][gc,phases,ref  ] GC(92)     Discovered: 0
[25.263s][debug  ][gc,phases,ref  ] GC(92)     Cleared: 0
[25.263s][debug  ][gc,phases,ref  ] GC(92)   WeakReference:
[25.263s][debug  ][gc,phases,ref  ] GC(92)     Discovered: 0
[25.263s][debug  ][gc,phases,ref  ] GC(92)     Cleared: 0
[25.263s][debug  ][gc,phases,ref  ] GC(92)   FinalReference:
[25.263s][debug  ][gc,phases,ref  ] GC(92)     Discovered: 0
[25.263s][debug  ][gc,phases,ref  ] GC(92)     Cleared: 0
[25.263s][debug  ][gc,phases,ref  ] GC(92)   PhantomReference:
[25.263s][debug  ][gc,phases,ref  ] GC(92)     Discovered: 0
[25.263s][debug  ][gc,phases,ref  ] GC(92)     Cleared: 0
[25.263s][debug  ][gc,phases      ] GC(92) Reference Processing 0.771ms
[25.263s][debug  ][gc,phases,start] GC(92) Weak Processing
[25.263s][debug  ][gc,phases      ] GC(92)   VM Weak                        Min:  0.0, Avg:  0.0, Max:  0.0, Diff:  0.0, Sum:  0.0, Workers: 6
[25.263s][debug  ][gc,phases      ] GC(92)     Dead                           Min: 0, Avg:  0.0, Max: 0, Diff: 0, Sum: 0, Workers: 6
[25.263s][debug  ][gc,phases      ] GC(92)     Total                          Min: 0, Avg:  1.3, Max: 8, Diff: 8, Sum: 8, Workers: 6
[25.263s][debug  ][gc,phases      ] GC(92)   ObjectSynchronizer Weak        Min:  0.0, Avg:  0.0, Max:  0.0, Diff:  0.0, Sum:  0.0, Workers: 6
[25.263s][debug  ][gc,phases      ] GC(92)     Dead                           Min: 0, Avg:  0.0, Max: 0, Diff: 0, Sum: 0, Workers: 6
[25.263s][debug  ][gc,phases      ] GC(92)     Total                          Min: 0, Avg:  0.5, Max: 3, Diff: 3, Sum: 3, Workers: 6
[25.263s][debug  ][gc,phases      ] GC(92)   JVMTI Tag Weak OopStorage      Min:  0.0, Avg:  0.0, Max:  0.0, Diff:  0.0, Sum:  0.0, Workers: 6
[25.263s][debug  ][gc,phases      ] GC(92)     Dead                           Min: 0, Avg:  0.0, Max: 0, Diff: 0, Sum: 0, Workers: 6
[25.263s][debug  ][gc,phases      ] GC(92)     Total                          Min: 0, Avg:  0.0, Max: 0, Diff: 0, Sum: 0, Workers: 6
[25.263s][debug  ][gc,phases      ] GC(92)   StringTable Weak               Min:  0.0, Avg:  0.0, Max:  0.0, Diff:  0.0, Sum:  0.0, Workers: 6
[25.263s][debug  ][gc,phases      ] GC(92)     Dead                           Min: 0, Avg:  0.0, Max: 0, Diff: 0, Sum: 0, Workers: 6
[25.263s][debug  ][gc,phases      ] GC(92)     Total                          Min: 832, Avg: 892.8, Max: 960, Diff: 128, Sum: 5357, Workers: 6
[25.263s][debug  ][gc,phases      ] GC(92)   ResolvedMethodTable Weak       Min:  0.0, Avg:  0.0, Max:  0.0, Diff:  0.0, Sum:  0.0, Workers: 6
[25.263s][debug  ][gc,phases      ] GC(92)     Dead                           Min: 0, Avg:  0.0, Max: 0, Diff: 0, Sum: 0, Workers: 6
[25.263s][debug  ][gc,phases      ] GC(92)     Total                          Min: 0, Avg: 21.7, Max: 64, Diff: 64, Sum: 130, Workers: 6
[25.263s][debug  ][gc,phases      ] GC(92)   JNI Weak                       Min:  0.0, Avg:  0.0, Max:  0.0, Diff:  0.0, Sum:  0.0, Workers: 6
[25.263s][debug  ][gc,phases      ] GC(92)     Dead                           Min: 0, Avg:  0.0, Max: 0, Diff: 0, Sum: 0, Workers: 6
[25.263s][debug  ][gc,phases      ] GC(92)     Total                          Min: 0, Avg:  0.0, Max: 0, Diff: 0, Sum: 0, Workers: 6
[25.264s][debug  ][gc,phases      ] GC(92)   StringDedup Table Weak         Min:  0.0, Avg:  0.0, Max:  0.0, Diff:  0.0, Sum:  0.0, Workers: 6
[25.264s][debug  ][gc,phases      ] GC(92)     Dead                           Min: 0, Avg:  0.0, Max: 0, Diff: 0, Sum: 0, Workers: 6
[25.264s][debug  ][gc,phases      ] GC(92)     Total                          Min: 0, Avg:  0.0, Max: 0, Diff: 0, Sum: 0, Workers: 6
[25.264s][debug  ][gc,phases      ] GC(92)   StringDedup Requests0 Weak     Min:  0.0, Avg:  0.0, Max:  0.0, Diff:  0.0, Sum:  0.0, Workers: 6
[25.264s][debug  ][gc,phases      ] GC(92)     Dead                           Min: 0, Avg:  0.0, Max: 0, Diff: 0, Sum: 0, Workers: 6
[25.264s][debug  ][gc,phases      ] GC(92)     Total                          Min: 0, Avg:  0.0, Max: 0, Diff: 0, Sum: 0, Workers: 6
[25.264s][debug  ][gc,phases      ] GC(92)   StringDedup Requests1 Weak     Min:  0.0, Avg:  0.0, Max:  0.0, Diff:  0.0, Sum:  0.0, Workers: 6
[25.264s][debug  ][gc,phases      ] GC(92)     Dead                           Min: 0, Avg:  0.0, Max: 0, Diff: 0, Sum: 0, Workers: 6
[25.264s][debug  ][gc,phases      ] GC(92)     Total                          Min: 0, Avg:  0.0, Max: 0, Diff: 0, Sum: 0, Workers: 6
[25.264s][debug  ][gc,phases      ] GC(92)   Weak JFR Old Object Samples    Min:  0.0, Avg:  0.0, Max:  0.0, Diff:  0.0, Sum:  0.0, Workers: 6
[25.264s][debug  ][gc,phases      ] GC(92)     Dead                           Min: 0, Avg:  0.0, Max: 0, Diff: 0, Sum: 0, Workers: 6
[25.264s][debug  ][gc,phases      ] GC(92)     Total                          Min: 0, Avg:  0.0, Max: 0, Diff: 0, Sum: 0, Workers: 6
[25.264s][debug  ][gc,phases      ] GC(92) Weak Processing 0.754ms
[25.264s][debug  ][gc,ergo        ] GC(92) AdaptiveSizeStart:  collection: 93 
[25.264s][debug  ][gc,ergo        ] GC(92) avg_survived_padded_avg: 38662268.000000
[25.264s][debug  ][gc,ergo        ] GC(92) avg_promoted_padded_avg: 237427808.000000  avg_pretenured_padded_avg: 0.000000  tenuring_thresh: 8  target_size: 38797312
[25.264s][debug  ][gc,age         ] GC(92) Desired survivor size 38797312 bytes, new threshold 8 (max threshold 15)
[25.264s][debug  ][gc,ergo        ] GC(92) PSAdaptiveSizePolicy::compute_eden_space_size limits: desired_eden_size: 208626498 old_eden_size: 219676672 eden_limit: 191365120 cur_eden: 190840832 max_eden_size: 191365120 avg_young_live: 24007008
[25.264s][debug  ][gc,ergo        ] GC(92) PSAdaptiveSizePolicy::compute_eden_space_size: costs minor_time: 0.046456 major_cost: 0.053513 mutator_cost: 0.900031 throughput_goal: 0.990000
[25.264s][debug  ][gc,ergo        ] GC(92) Live_space: 1016707456 free_space: 1446510592
[25.264s][debug  ][gc,ergo        ] GC(92) Old eden_size: 219676672 desired_eden_size: 191365120
[25.264s][debug  ][gc,ergo        ] GC(92) AdaptiveSizeStop: collection: 93 
[25.264s][info   ][gc,heap        ] GC(92) PSYoungGen: 208400K(223744K)->30720K(224256K) Eden: 177680K(186368K)->0K(186368K) From: 30720K(37376K)->30720K(37888K)
[25.264s][info   ][gc,heap        ] GC(92) ParOldGen: 994916K(1835008K)->1168996K(1835008K)
[25.264s][info   ][gc,metaspace   ] GC(92) Metaspace: 1021K(1216K)->1021K(1216K) NonClass: 937K(1024K)->937K(1024K) Class: 83K(192K)->83K(192K)
[25.264s][info   ][gc             ] GC(92) Pause Young (Allocation Failure) 1175M->1171M(2011M) 16.067ms
[25.264s][info   ][gc,cpu         ] GC(92) User=0.09s Sys=0.00s Real=0.02s
[25.264s][debug  ][gc,heap        ] GC(92) Heap after GC invocations=93 (full 15):
[25.264s][debug  ][gc,heap        ] GC(92)  PSYoungGen      total 224256K, used 30720K [0x00000000f0000000, 0x0000000100000000, 0x0000000100000000)
[25.264s][debug  ][gc,heap        ] GC(92)   eden space 186368K, 0% used [0x00000000f0000000,0x00000000f0000000,0x00000000fb600000)
[25.264s][debug  ][gc,heap        ] GC(92)   from space 37888K, 81% used [0x00000000fb600000,0x00000000fd400030,0x00000000fdb00000)
[25.264s][debug  ][gc,heap        ] GC(92)   to   space 37888K, 0% used [0x00000000fdb00000,0x00000000fdb00000,0x0000000100000000)
[25.264s][debug  ][gc,heap        ] GC(92)  ParOldGen       total 1835008K, used 1168996K [0x0000000080000000, 0x00000000f0000000, 0x00000000f0000000)
[25.264s][debug  ][gc,heap        ] GC(92)   object space 1835008K, 63% used [0x0000000080000000,0x00000000c75993a8,0x00000000f0000000)
[25.264s][debug  ][gc,heap        ] GC(92)  Metaspace       used 1021K, committed 1216K, reserved 1056768K
[25.264s][debug  ][gc,heap        ] GC(92)   class space    used 83K, committed 192K, reserved 1048576K
[25.264s][debug  ][gc,task,time   ] GC(92) VM-Thread 252476435 252622612 252643731
[25.533s][debug  ][gc,heap        ] GC(93) Heap before GC invocations=94 (full 15):
[25.533s][debug  ][gc,heap        ] GC(93)  PSYoungGen      total 224256K, used 208418K [0x00000000f0000000, 0x0000000100000000, 0x0000000100000000)
[25.533s][debug  ][gc,heap        ] GC(93)   eden space 186368K, 95% used [0x00000000f0000000,0x00000000fad889d0,0x00000000fb600000)
[25.533s][debug  ][gc,heap        ] GC(93)   from space 37888K, 81% used [0x00000000fb600000,0x00000000fd400030,0x00000000fdb00000)
[25.533s][debug  ][gc,heap        ] GC(93)   to   space 37888K, 0% used [0x00000000fdb00000,0x00000000fdb00000,0x0000000100000000)
[25.533s][debug  ][gc,heap        ] GC(93)  ParOldGen       total 1835008K, used 1168996K [0x0000000080000000, 0x00000000f0000000, 0x00000000f0000000)
[25.533s][debug  ][gc,heap        ] GC(93)   object space 1835008K, 63% used [0x0000000080000000,0x00000000c75993a8,0x00000000f0000000)
[25.533s][debug  ][gc,heap        ] GC(93)  Metaspace       used 1021K, committed 1216K, reserved 1056768K
[25.533s][debug  ][gc,heap        ] GC(93)   class space    used 83K, committed 192K, reserved 1048576K
[25.533s][debug  ][gc,tlab        ] GC(93) TLAB totals: thrds: 1  refills: 1 max: 1 slow allocs: 16 max 16 waste: 26.1% gc: 3705024B max: 3705024B slow: 0B max: 0B
[25.533s][info   ][gc,start       ] GC(93) Pause Young (Allocation Failure)
[25.533s][debug  ][gc,phases,start] GC(93) Scavenge
[25.547s][debug  ][gc,phases      ] GC(93) Scavenge 13.815ms
[25.547s][debug  ][gc,phases,start] GC(93) Reference Processing
[25.547s][debug  ][gc,ref         ] GC(93) Skipped phase 1 of Reference Processing: no references
[25.547s][debug  ][gc,ref         ] GC(93) Skipped phase 2 of Reference Processing: no references
[25.547s][debug  ][gc,ref         ] GC(93) Skipped phase 3 of Reference Processing: no references
[25.547s][debug  ][gc,ref         ] GC(93) Skipped phase 4 of Reference Processing: no references
[25.547s][debug  ][gc,phases,ref  ] GC(93) Reference Processing: 0.1ms
[25.547s][debug  ][gc,phases,ref  ] GC(93)   Reconsider SoftReferences: 0.0ms
[25.547s][debug  ][gc,phases,ref  ] GC(93)     SoftRef (ms):                  skipped
[25.547s][debug  ][gc,phases,ref  ] GC(93)   Notify Soft/WeakReferences: 0.0ms
[25.547s][debug  ][gc,phases,ref  ] GC(93)     SoftRef (ms):                  skipped
[25.547s][debug  ][gc,phases,ref  ] GC(93)     WeakRef (ms):                  skipped
[25.547s][debug  ][gc,phases,ref  ] GC(93)     FinalRef (ms):                 skipped
[25.547s][debug  ][gc,phases,ref  ] GC(93)     Total (ms):                    skipped
[25.547s][debug  ][gc,phases,ref  ] GC(93)   Notify and keep alive finalizable: 0.0ms
[25.547s][debug  ][gc,phases,ref  ] GC(93)     FinalRef (ms):                 skipped
[25.547s][debug  ][gc,phases,ref  ] GC(93)   Notify PhantomReferences: 0.0ms
[25.547s][debug  ][gc,phases,ref  ] GC(93)     PhantomRef (ms):               skipped
[25.547s][debug  ][gc,phases,ref  ] GC(93)   SoftReference:
[25.548s][debug  ][gc,phases,ref  ] GC(93)     Discovered: 0
[25.548s][debug  ][gc,phases,ref  ] GC(93)     Cleared: 0
[25.548s][debug  ][gc,phases,ref  ] GC(93)   WeakReference:
[25.548s][debug  ][gc,phases,ref  ] GC(93)     Discovered: 0
[25.548s][debug  ][gc,phases,ref  ] GC(93)     Cleared: 0
[25.548s][debug  ][gc,phases,ref  ] GC(93)   FinalReference:
[25.548s][debug  ][gc,phases,ref  ] GC(93)     Discovered: 0
[25.548s][debug  ][gc,phases,ref  ] GC(93)     Cleared: 0
[25.548s][debug  ][gc,phases,ref  ] GC(93)   PhantomReference:
[25.548s][debug  ][gc,phases,ref  ] GC(93)     Discovered: 0
[25.548s][debug  ][gc,phases,ref  ] GC(93)     Cleared: 0
[25.548s][debug  ][gc,phases      ] GC(93) Reference Processing 0.691ms
[25.548s][debug  ][gc,phases,start] GC(93) Weak Processing
[25.548s][debug  ][gc,phases      ] GC(93)   VM Weak                        Min:  0.0, Avg:  0.0, Max:  0.0, Diff:  0.0, Sum:  0.0, Workers: 6
[25.548s][debug  ][gc,phases      ] GC(93)     Dead                           Min: 0, Avg:  0.0, Max: 0, Diff: 0, Sum: 0, Workers: 6
[25.548s][debug  ][gc,phases      ] GC(93)     Total                          Min: 0, Avg:  1.3, Max: 8, Diff: 8, Sum: 8, Workers: 6
[25.548s][debug  ][gc,phases      ] GC(93)   ObjectSynchronizer Weak        Min:  0.0, Avg:  0.0, Max:  0.0, Diff:  0.0, Sum:  0.0, Workers: 6
[25.548s][debug  ][gc,phases      ] GC(93)     Dead                           Min: 0, Avg:  0.0, Max: 0, Diff: 0, Sum: 0, Workers: 6
[25.548s][debug  ][gc,phases      ] GC(93)     Total                          Min: 0, Avg:  0.5, Max: 3, Diff: 3, Sum: 3, Workers: 6
[25.548s][debug  ][gc,phases      ] GC(93)   JVMTI Tag Weak OopStorage      Min:  0.0, Avg:  0.0, Max:  0.0, Diff:  0.0, Sum:  0.0, Workers: 6
[25.548s][debug  ][gc,phases      ] GC(93)     Dead                           Min: 0, Avg:  0.0, Max: 0, Diff: 0, Sum: 0, Workers: 6
[25.548s][debug  ][gc,phases      ] GC(93)     Total                          Min: 0, Avg:  0.0, Max: 0, Diff: 0, Sum: 0, Workers: 6
[25.548s][debug  ][gc,phases      ] GC(93)   StringTable Weak               Min:  0.0, Avg:  0.0, Max:  0.0, Diff:  0.0, Sum:  0.0, Workers: 6
[25.548s][debug  ][gc,phases      ] GC(93)     Dead                           Min: 0, Avg:  0.0, Max: 0, Diff: 0, Sum: 0, Workers: 6
[25.548s][debug  ][gc,phases      ] GC(93)     Total                          Min: 685, Avg: 892.8, Max: 1344, Diff: 659, Sum: 5357, Workers: 6
[25.548s][debug  ][gc,phases      ] GC(93)   ResolvedMethodTable Weak       Min:  0.0, Avg:  0.0, Max:  0.0, Diff:  0.0, Sum:  0.0, Workers: 6
[25.548s][debug  ][gc,phases      ] GC(93)     Dead                           Min: 0, Avg:  0.0, Max: 0, Diff: 0, Sum: 0, Workers: 6
[25.548s][debug  ][gc,phases      ] GC(93)     Total                          Min: 0, Avg: 21.7, Max: 66, Diff: 66, Sum: 130, Workers: 6
[25.548s][debug  ][gc,phases      ] GC(93)   JNI Weak                       Min:  0.0, Avg:  0.0, Max:  0.0, Diff:  0.0, Sum:  0.0, Workers: 6
[25.548s][debug  ][gc,phases      ] GC(93)     Dead                           Min: 0, Avg:  0.0, Max: 0, Diff: 0, Sum: 0, Workers: 6
[25.548s][debug  ][gc,phases      ] GC(93)     Total                          Min: 0, Avg:  0.0, Max: 0, Diff: 0, Sum: 0, Workers: 6
[25.548s][debug  ][gc,phases      ] GC(93)   StringDedup Table Weak         Min:  0.0, Avg:  0.0, Max:  0.0, Diff:  0.0, Sum:  0.0, Workers: 6
[25.548s][debug  ][gc,phases      ] GC(93)     Dead                           Min: 0, Avg:  0.0, Max: 0, Diff: 0, Sum: 0, Workers: 6
[25.548s][debug  ][gc,phases      ] GC(93)     Total                          Min: 0, Avg:  0.0, Max: 0, Diff: 0, Sum: 0, Workers: 6
[25.548s][debug  ][gc,phases      ] GC(93)   StringDedup Requests0 Weak     Min:  0.0, Avg:  0.0, Max:  0.0, Diff:  0.0, Sum:  0.0, Workers: 6
[25.548s][debug  ][gc,phases      ] GC(93)     Dead                           Min: 0, Avg:  0.0, Max: 0, Diff: 0, Sum: 0, Workers: 6
[25.548s][debug  ][gc,phases      ] GC(93)     Total                          Min: 0, Avg:  0.0, Max: 0, Diff: 0, Sum: 0, Workers: 6
[25.548s][debug  ][gc,phases      ] GC(93)   StringDedup Requests1 Weak     Min:  0.0, Avg:  0.0, Max:  0.0, Diff:  0.0, Sum:  0.0, Workers: 6
[25.548s][debug  ][gc,phases      ] GC(93)     Dead                           Min: 0, Avg:  0.0, Max: 0, Diff: 0, Sum: 0, Workers: 6
[25.548s][debug  ][gc,phases      ] GC(93)     Total                          Min: 0, Avg:  0.0, Max: 0, Diff: 0, Sum: 0, Workers: 6
[25.548s][debug  ][gc,phases      ] GC(93)   Weak JFR Old Object Samples    Min:  0.0, Avg:  0.0, Max:  0.0, Diff:  0.0, Sum:  0.0, Workers: 6
[25.548s][debug  ][gc,phases      ] GC(93)     Dead                           Min: 0, Avg:  0.0, Max: 0, Diff: 0, Sum: 0, Workers: 6
[25.549s][debug  ][gc,phases      ] GC(93)     Total                          Min: 0, Avg:  0.0, Max: 0, Diff: 0, Sum: 0, Workers: 6
[25.549s][debug  ][gc,phases      ] GC(93) Weak Processing 0.752ms
[25.549s][debug  ][gc,ergo        ] GC(93) AdaptiveSizeStart:  collection: 94 
[25.549s][debug  ][gc,ergo        ] GC(93) avg_survived_padded_avg: 38701504.000000
[25.549s][debug  ][gc,ergo        ] GC(93) avg_promoted_padded_avg: 237592320.000000  avg_pretenured_padded_avg: 0.000000  tenuring_thresh: 9  target_size: 38797312
[25.549s][debug  ][gc,age         ] GC(93) Desired survivor size 38797312 bytes, new threshold 9 (max threshold 15)
[25.549s][debug  ][gc,ergo        ] GC(93) PSAdaptiveSizePolicy::compute_eden_space_size limits: desired_eden_size: 209009931 old_eden_size: 191365120 eden_limit: 190840832 cur_eden: 190840832 max_eden_size: 190840832 avg_young_live: 24752040
[25.549s][debug  ][gc,ergo        ] GC(93) PSAdaptiveSizePolicy::compute_eden_space_size: costs minor_time: 0.048363 major_cost: 0.053513 mutator_cost: 0.898124 throughput_goal: 0.990000
[25.549s][debug  ][gc,ergo        ] GC(93) Live_space: 1017452544 free_space: 1418199040
[25.549s][debug  ][gc,ergo        ] GC(93) Old eden_size: 191365120 desired_eden_size: 190840832
[25.549s][debug  ][gc,ergo        ] GC(93) AdaptiveSizeStop: collection: 94 
[25.549s][info   ][gc,heap        ] GC(93) PSYoungGen: 208418K(224256K)->30720K(224256K) Eden: 177698K(186368K)->0K(186368K) From: 30720K(37888K)->30720K(37888K)
[25.549s][info   ][gc,heap        ] GC(93) ParOldGen: 1168996K(1835008K)->1343077K(1835008K)
[25.549s][info   ][gc,metaspace   ] GC(93) Metaspace: 1021K(1216K)->1021K(1216K) NonClass: 937K(1024K)->937K(1024K) Class: 83K(192K)->83K(192K)
[25.549s][info   ][gc             ] GC(93) Pause Young (Allocation Failure) 1345M->1341M(2011M) 15.885ms
[25.549s][info   ][gc,cpu         ] GC(93) User=0.16s Sys=0.00s Real=0.02s
[25.549s][debug  ][gc,heap        ] GC(93) Heap after GC invocations=94 (full 15):
[25.549s][debug  ][gc,heap        ] GC(93)  PSYoungGen      total 224256K, used 30720K [0x00000000f0000000, 0x0000000100000000, 0x0000000100000000)
[25.549s][debug  ][gc,heap        ] GC(93)   eden space 186368K, 0% used [0x00000000f0000000,0x00000000f0000000,0x00000000fb600000)
[25.549s][debug  ][gc,heap        ] GC(93)   from space 37888K, 81% used [0x00000000fdb00000,0x00000000ff900030,0x0000000100000000)
[25.549s][debug  ][gc,heap        ] GC(93)   to   space 37888K, 0% used [0x00000000fb600000,0x00000000fb600000,0x00000000fdb00000)
[25.549s][debug  ][gc,heap        ] GC(93)  ParOldGen       total 1835008K, used 1343077K [0x0000000080000000, 0x00000000f0000000, 0x00000000f0000000)
[25.549s][debug  ][gc,heap        ] GC(93)   object space 1835008K, 73% used [0x0000000080000000,0x00000000d1f994b8,0x00000000f0000000)
[25.549s][debug  ][gc,heap        ] GC(93)  Metaspace       used 1021K, committed 1216K, reserved 1056768K
[25.549s][debug  ][gc,heap        ] GC(93)   class space    used 83K, committed 192K, reserved 1048576K
[25.549s][debug  ][gc,task,time   ] GC(93) VM-Thread 255326897 255470584 255492325
[25.817s][debug  ][gc,heap        ] GC(94) Heap before GC invocations=95 (full 15):
[25.817s][debug  ][gc,heap        ] GC(94)  PSYoungGen      total 224256K, used 208430K [0x00000000f0000000, 0x0000000100000000, 0x0000000100000000)
[25.817s][debug  ][gc,heap        ] GC(94)   eden space 186368K, 95% used [0x00000000f0000000,0x00000000fad8b868,0x00000000fb600000)
[25.817s][debug  ][gc,heap        ] GC(94)   from space 37888K, 81% used [0x00000000fdb00000,0x00000000ff900030,0x0000000100000000)
[25.817s][debug  ][gc,heap        ] GC(94)   to   space 37888K, 0% used [0x00000000fb600000,0x00000000fb600000,0x00000000fdb00000)
[25.817s][debug  ][gc,heap        ] GC(94)  ParOldGen       total 1835008K, used 1343077K [0x0000000080000000, 0x00000000f0000000, 0x00000000f0000000)
[25.817s][debug  ][gc,heap        ] GC(94)   object space 1835008K, 73% used [0x0000000080000000,0x00000000d1f994b8,0x00000000f0000000)
[25.817s][debug  ][gc,heap        ] GC(94)  Metaspace       used 1021K, committed 1216K, reserved 1056768K
[25.817s][debug  ][gc,heap        ] GC(94)   class space    used 83K, committed 192K, reserved 1048576K
[25.817s][debug  ][gc,tlab        ] GC(94) TLAB totals: thrds: 1  refills: 1 max: 1 slow allocs: 16 max 16 waste: 26.2% gc: 3716952B max: 3716952B slow: 0B max: 0B
[25.817s][info   ][gc,start       ] GC(94) Pause Young (Allocation Failure)
[25.817s][debug  ][gc,phases,start] GC(94) Scavenge
[25.832s][debug  ][gc,phases      ] GC(94) Scavenge 14.587ms
[25.832s][debug  ][gc,phases,start] GC(94) Reference Processing
[25.832s][debug  ][gc,ref         ] GC(94) Skipped phase 1 of Reference Processing: no references
[25.832s][debug  ][gc,ref         ] GC(94) Skipped phase 2 of Reference Processing: no references
[25.832s][debug  ][gc,ref         ] GC(94) Skipped phase 3 of Reference Processing: no references
[25.832s][debug  ][gc,ref         ] GC(94) Skipped phase 4 of Reference Processing: no references
[25.832s][debug  ][gc,phases,ref  ] GC(94) Reference Processing: 0.1ms
[25.832s][debug  ][gc,phases,ref  ] GC(94)   Reconsider SoftReferences: 0.0ms
[25.832s][debug  ][gc,phases,ref  ] GC(94)     SoftRef (ms):                  skipped
[25.832s][debug  ][gc,phases,ref  ] GC(94)   Notify Soft/WeakReferences: 0.0ms
[25.832s][debug  ][gc,phases,ref  ] GC(94)     SoftRef (ms):                  skipped
[25.832s][debug  ][gc,phases,ref  ] GC(94)     WeakRef (ms):                  skipped
[25.832s][debug  ][gc,phases,ref  ] GC(94)     FinalRef (ms):                 skipped
[25.832s][debug  ][gc,phases,ref  ] GC(94)     Total (ms):                    skipped
[25.832s][debug  ][gc,phases,ref  ] GC(94)   Notify and keep alive finalizable: 0.0ms
[25.832s][debug  ][gc,phases,ref  ] GC(94)     FinalRef (ms):                 skipped
[25.832s][debug  ][gc,phases,ref  ] GC(94)   Notify PhantomReferences: 0.0ms
[25.832s][debug  ][gc,phases,ref  ] GC(94)     PhantomRef (ms):               skipped
[25.832s][debug  ][gc,phases,ref  ] GC(94)   SoftReference:
[25.832s][debug  ][gc,phases,ref  ] GC(94)     Discovered: 0
[25.832s][debug  ][gc,phases,ref  ] GC(94)     Cleared: 0
[25.832s][debug  ][gc,phases,ref  ] GC(94)   WeakReference:
[25.832s][debug  ][gc,phases,ref  ] GC(94)     Discovered: 0
[25.832s][debug  ][gc,phases,ref  ] GC(94)     Cleared: 0
[25.832s][debug  ][gc,phases,ref  ] GC(94)   FinalReference:
[25.832s][debug  ][gc,phases,ref  ] GC(94)     Discovered: 0
[25.832s][debug  ][gc,phases,ref  ] GC(94)     Cleared: 0
[25.832s][debug  ][gc,phases,ref  ] GC(94)   PhantomReference:
[25.832s][debug  ][gc,phases,ref  ] GC(94)     Discovered: 0
[25.833s][debug  ][gc,phases,ref  ] GC(94)     Cleared: 0
[25.833s][debug  ][gc,phases      ] GC(94) Reference Processing 0.795ms
[25.833s][debug  ][gc,phases,start] GC(94) Weak Processing
[25.833s][debug  ][gc,phases      ] GC(94)   VM Weak                        Min:  0.0, Avg:  0.0, Max:  0.0, Diff:  0.0, Sum:  0.0, Workers: 6
[25.833s][debug  ][gc,phases      ] GC(94)     Dead                           Min: 0, Avg:  0.0, Max: 0, Diff: 0, Sum: 0, Workers: 6
[25.833s][debug  ][gc,phases      ] GC(94)     Total                          Min: 0, Avg:  1.3, Max: 8, Diff: 8, Sum: 8, Workers: 6
[25.833s][debug  ][gc,phases      ] GC(94)   ObjectSynchronizer Weak        Min:  0.0, Avg:  0.0, Max:  0.0, Diff:  0.0, Sum:  0.0, Workers: 6
[25.833s][debug  ][gc,phases      ] GC(94)     Dead                           Min: 0, Avg:  0.0, Max: 0, Diff: 0, Sum: 0, Workers: 6
[25.833s][debug  ][gc,phases      ] GC(94)     Total                          Min: 0, Avg:  0.5, Max: 3, Diff: 3, Sum: 3, Workers: 6
[25.833s][debug  ][gc,phases      ] GC(94)   JVMTI Tag Weak OopStorage      Min:  0.0, Avg:  0.0, Max:  0.0, Diff:  0.0, Sum:  0.0, Workers: 6
[25.833s][debug  ][gc,phases      ] GC(94)     Dead                           Min: 0, Avg:  0.0, Max: 0, Diff: 0, Sum: 0, Workers: 6
[25.833s][debug  ][gc,phases      ] GC(94)     Total                          Min: 0, Avg:  0.0, Max: 0, Diff: 0, Sum: 0, Workers: 6
[25.833s][debug  ][gc,phases      ] GC(94)   StringTable Weak               Min:  0.0, Avg:  0.0, Max:  0.0, Diff:  0.0, Sum:  0.0, Workers: 6
[25.833s][debug  ][gc,phases      ] GC(94)     Dead                           Min: 0, Avg:  0.0, Max: 0, Diff: 0, Sum: 0, Workers: 6
[25.833s][debug  ][gc,phases      ] GC(94)     Total                          Min: 768, Avg: 892.8, Max: 1152, Diff: 384, Sum: 5357, Workers: 6
[25.833s][debug  ][gc,phases      ] GC(94)   ResolvedMethodTable Weak       Min:  0.0, Avg:  0.0, Max:  0.0, Diff:  0.0, Sum:  0.0, Workers: 6
[25.833s][debug  ][gc,phases      ] GC(94)     Dead                           Min: 0, Avg:  0.0, Max: 0, Diff: 0, Sum: 0, Workers: 6
[25.833s][debug  ][gc,phases      ] GC(94)     Total                          Min: 0, Avg: 21.7, Max: 64, Diff: 64, Sum: 130, Workers: 6
[25.833s][debug  ][gc,phases      ] GC(94)   JNI Weak                       Min:  0.0, Avg:  0.0, Max:  0.0, Diff:  0.0, Sum:  0.0, Workers: 6
[25.833s][debug  ][gc,phases      ] GC(94)     Dead                           Min: 0, Avg:  0.0, Max: 0, Diff: 0, Sum: 0, Workers: 6
[25.833s][debug  ][gc,phases      ] GC(94)     Total                          Min: 0, Avg:  0.0, Max: 0, Diff: 0, Sum: 0, Workers: 6
[25.833s][debug  ][gc,phases      ] GC(94)   StringDedup Table Weak         Min:  0.0, Avg:  0.0, Max:  0.0, Diff:  0.0, Sum:  0.0, Workers: 6
[25.833s][debug  ][gc,phases      ] GC(94)     Dead                           Min: 0, Avg:  0.0, Max: 0, Diff: 0, Sum: 0, Workers: 6
[25.833s][debug  ][gc,phases      ] GC(94)     Total                          Min: 0, Avg:  0.0, Max: 0, Diff: 0, Sum: 0, Workers: 6
[25.833s][debug  ][gc,phases      ] GC(94)   StringDedup Requests0 Weak     Min:  0.0, Avg:  0.0, Max:  0.0, Diff:  0.0, Sum:  0.0, Workers: 6
[25.833s][debug  ][gc,phases      ] GC(94)     Dead                           Min: 0, Avg:  0.0, Max: 0, Diff: 0, Sum: 0, Workers: 6
[25.833s][debug  ][gc,phases      ] GC(94)     Total                          Min: 0, Avg:  0.0, Max: 0, Diff: 0, Sum: 0, Workers: 6
[25.833s][debug  ][gc,phases      ] GC(94)   StringDedup Requests1 Weak     Min:  0.0, Avg:  0.0, Max:  0.0, Diff:  0.0, Sum:  0.0, Workers: 6
[25.833s][debug  ][gc,phases      ] GC(94)     Dead                           Min: 0, Avg:  0.0, Max: 0, Diff: 0, Sum: 0, Workers: 6
[25.833s][debug  ][gc,phases      ] GC(94)     Total                          Min: 0, Avg:  0.0, Max: 0, Diff: 0, Sum: 0, Workers: 6
[25.833s][debug  ][gc,phases      ] GC(94)   Weak JFR Old Object Samples    Min:  0.0, Avg:  0.0, Max:  0.0, Diff:  0.0, Sum:  0.0, Workers: 6
[25.833s][debug  ][gc,phases      ] GC(94)     Dead                           Min: 0, Avg:  0.0, Max: 0, Diff: 0, Sum: 0, Workers: 6
[25.833s][debug  ][gc,phases      ] GC(94)     Total                          Min: 0, Avg:  0.0, Max: 0, Diff: 0, Sum: 0, Workers: 6
[25.833s][debug  ][gc,phases      ] GC(94) Weak Processing 0.879ms
[25.833s][debug  ][gc,ergo        ] GC(94) AdaptiveSizeStart:  collection: 95 
[25.833s][debug  ][gc,ergo        ] GC(94) avg_survived_padded_avg: 38660848.000000
[25.834s][debug  ][gc,ergo        ] GC(94) avg_promoted_padded_avg: 237132240.000000  avg_pretenured_padded_avg: 0.000000  tenuring_thresh: 9  target_size: 38797312
[25.834s][debug  ][gc,age         ] GC(94) Desired survivor size 38797312 bytes, new threshold 9 (max threshold 15)
[25.834s][debug  ][gc,ergo        ] GC(94) PSAdaptiveSizePolicy::compute_eden_space_size limits: desired_eden_size: 209451335 old_eden_size: 190840832 eden_limit: 190840832 cur_eden: 190840832 max_eden_size: 190840832 avg_young_live: 25422568
[25.834s][debug  ][gc,ergo        ] GC(94) PSAdaptiveSizePolicy::compute_eden_space_size: costs minor_time: 0.050650 major_cost: 0.053513 mutator_cost: 0.895837 throughput_goal: 0.990000
[25.834s][debug  ][gc,ergo        ] GC(94) Live_space: 1018123008 free_space: 1417674752
[25.834s][debug  ][gc,ergo        ] GC(94) Old eden_size: 190840832 desired_eden_size: 190840832
[25.834s][debug  ][gc,ergo        ] GC(94) AdaptiveSizeStop: collection: 95 
[25.834s][info   ][gc,heap        ] GC(94) PSYoungGen: 208430K(224256K)->30720K(224256K) Eden: 177710K(186368K)->0K(186368K) From: 30720K(37888K)->30720K(37888K)
[25.834s][info   ][gc,heap        ] GC(94) ParOldGen: 1343077K(1835008K)->1517157K(1835008K)
[25.834s][info   ][gc,metaspace   ] GC(94) Metaspace: 1021K(1216K)->1021K(1216K) NonClass: 937K(1024K)->937K(1024K) Class: 83K(192K)->83K(192K)
[25.834s][info   ][gc             ] GC(94) Pause Young (Allocation Failure) 1515M->1511M(2011M) 16.754ms
[25.834s][info   ][gc,cpu         ] GC(94) User=0.16s Sys=0.00s Real=0.02s
[25.834s][debug  ][gc,heap        ] GC(94) Heap after GC invocations=95 (full 15):
[25.834s][debug  ][gc,heap        ] GC(94)  PSYoungGen      total 224256K, used 30720K [0x00000000f0000000, 0x0000000100000000, 0x0000000100000000)
[25.834s][debug  ][gc,heap        ] GC(94)   eden space 186368K, 0% used [0x00000000f0000000,0x00000000f0000000,0x00000000fb600000)
[25.834s][debug  ][gc,heap        ] GC(94)   from space 37888K, 81% used [0x00000000fb600000,0x00000000fd400030,0x00000000fdb00000)
[25.834s][debug  ][gc,heap        ] GC(94)   to   space 37888K, 0% used [0x00000000fdb00000,0x00000000fdb00000,0x0000000100000000)
[25.834s][debug  ][gc,heap        ] GC(94)  ParOldGen       total 1835008K, used 1517157K [0x0000000080000000, 0x00000000f0000000, 0x00000000f0000000)
[25.834s][debug  ][gc,heap        ] GC(94)   object space 1835008K, 82% used [0x0000000080000000,0x00000000dc9995c8,0x00000000f0000000)
[25.834s][debug  ][gc,heap        ] GC(94)  Metaspace       used 1021K, committed 1216K, reserved 1056768K
[25.834s][debug  ][gc,heap        ] GC(94)   class space    used 83K, committed 192K, reserved 1048576K
[25.834s][debug  ][gc,task,time   ] GC(94) VM-Thread 258165391 258317456 258340423
[26.101s][debug  ][gc,heap        ] GC(95) Heap before GC invocations=96 (full 15):
[26.101s][debug  ][gc,heap        ] GC(95)  PSYoungGen      total 224256K, used 208437K [0x00000000f0000000, 0x0000000100000000, 0x0000000100000000)
[26.101s][debug  ][gc,heap        ] GC(95)   eden space 186368K, 95% used [0x00000000f0000000,0x00000000fad8d658,0x00000000fb600000)
[26.101s][debug  ][gc,heap        ] GC(95)   from space 37888K, 81% used [0x00000000fb600000,0x00000000fd400030,0x00000000fdb00000)
[26.101s][debug  ][gc,heap        ] GC(95)   to   space 37888K, 0% used [0x00000000fdb00000,0x00000000fdb00000,0x0000000100000000)
[26.101s][debug  ][gc,heap        ] GC(95)  ParOldGen       total 1835008K, used 1517157K [0x0000000080000000, 0x00000000f0000000, 0x00000000f0000000)
[26.101s][debug  ][gc,heap        ] GC(95)   object space 1835008K, 82% used [0x0000000080000000,0x00000000dc9995c8,0x00000000f0000000)
[26.102s][debug  ][gc,heap        ] GC(95)  Metaspace       used 1021K, committed 1216K, reserved 1056768K
[26.102s][debug  ][gc,heap        ] GC(95)   class space    used 83K, committed 192K, reserved 1048576K
[26.102s][debug  ][gc,tlab        ] GC(95) TLAB totals: thrds: 1  refills: 1 max: 1 slow allocs: 16 max 16 waste: 26.2% gc: 3724616B max: 3724616B slow: 0B max: 0B
[26.102s][info   ][gc,start       ] GC(95) Pause Young (Allocation Failure)
[26.102s][debug  ][gc,phases,start] GC(95) Scavenge
[26.116s][debug  ][gc,phases      ] GC(95) Scavenge 14.362ms
[26.116s][debug  ][gc,phases,start] GC(95) Reference Processing
[26.116s][debug  ][gc,ref         ] GC(95) Skipped phase 1 of Reference Processing: no references
[26.116s][debug  ][gc,ref         ] GC(95) Skipped phase 2 of Reference Processing: no references
[26.116s][debug  ][gc,ref         ] GC(95) Skipped phase 3 of Reference Processing: no references
[26.116s][debug  ][gc,ref         ] GC(95) Skipped phase 4 of Reference Processing: no references
[26.116s][debug  ][gc,phases,ref  ] GC(95) Reference Processing: 0.1ms
[26.116s][debug  ][gc,phases,ref  ] GC(95)   Reconsider SoftReferences: 0.0ms
[26.116s][debug  ][gc,phases,ref  ] GC(95)     SoftRef (ms):                  skipped
[26.116s][debug  ][gc,phases,ref  ] GC(95)   Notify Soft/WeakReferences: 0.0ms
[26.116s][debug  ][gc,phases,ref  ] GC(95)     SoftRef (ms):                  skipped
[26.116s][debug  ][gc,phases,ref  ] GC(95)     WeakRef (ms):                  skipped
[26.116s][debug  ][gc,phases,ref  ] GC(95)     FinalRef (ms):                 skipped
[26.117s][debug  ][gc,phases,ref  ] GC(95)     Total (ms):                    skipped
[26.117s][debug  ][gc,phases,ref  ] GC(95)   Notify and keep alive finalizable: 0.0ms
[26.117s][debug  ][gc,phases,ref  ] GC(95)     FinalRef (ms):                 skipped
[26.117s][debug  ][gc,phases,ref  ] GC(95)   Notify PhantomReferences: 0.0ms
[26.117s][debug  ][gc,phases,ref  ] GC(95)     PhantomRef (ms):               skipped
[26.117s][debug  ][gc,phases,ref  ] GC(95)   SoftReference:
[26.117s][debug  ][gc,phases,ref  ] GC(95)     Discovered: 0
[26.117s][debug  ][gc,phases,ref  ] GC(95)     Cleared: 0
[26.117s][debug  ][gc,phases,ref  ] GC(95)   WeakReference:
[26.117s][debug  ][gc,phases,ref  ] GC(95)     Discovered: 0
[26.117s][debug  ][gc,phases,ref  ] GC(95)     Cleared: 0
[26.117s][debug  ][gc,phases,ref  ] GC(95)   FinalReference:
[26.117s][debug  ][gc,phases,ref  ] GC(95)     Discovered: 0
[26.117s][debug  ][gc,phases,ref  ] GC(95)     Cleared: 0
[26.117s][debug  ][gc,phases,ref  ] GC(95)   PhantomReference:
[26.117s][debug  ][gc,phases,ref  ] GC(95)     Discovered: 0
[26.117s][debug  ][gc,phases,ref  ] GC(95)     Cleared: 0
[26.117s][debug  ][gc,phases      ] GC(95) Reference Processing 0.773ms
[26.117s][debug  ][gc,phases,start] GC(95) Weak Processing
[26.117s][debug  ][gc,phases      ] GC(95)   VM Weak                        Min:  0.0, Avg:  0.0, Max:  0.0, Diff:  0.0, Sum:  0.0, Workers: 6
[26.117s][debug  ][gc,phases      ] GC(95)     Dead                           Min: 0, Avg:  0.0, Max: 0, Diff: 0, Sum: 0, Workers: 6
[26.117s][debug  ][gc,phases      ] GC(95)     Total                          Min: 0, Avg:  1.3, Max: 8, Diff: 8, Sum: 8, Workers: 6
[26.117s][debug  ][gc,phases      ] GC(95)   ObjectSynchronizer Weak        Min:  0.0, Avg:  0.0, Max:  0.0, Diff:  0.0, Sum:  0.0, Workers: 6
[26.117s][debug  ][gc,phases      ] GC(95)     Dead                           Min: 0, Avg:  0.0, Max: 0, Diff: 0, Sum: 0, Workers: 6
[26.117s][debug  ][gc,phases      ] GC(95)     Total                          Min: 0, Avg:  0.5, Max: 3, Diff: 3, Sum: 3, Workers: 6
[26.117s][debug  ][gc,phases      ] GC(95)   JVMTI Tag Weak OopStorage      Min:  0.0, Avg:  0.0, Max:  0.0, Diff:  0.0, Sum:  0.0, Workers: 6
[26.117s][debug  ][gc,phases      ] GC(95)     Dead                           Min: 0, Avg:  0.0, Max: 0, Diff: 0, Sum: 0, Workers: 6
[26.117s][debug  ][gc,phases      ] GC(95)     Total                          Min: 0, Avg:  0.0, Max: 0, Diff: 0, Sum: 0, Workers: 6
[26.117s][debug  ][gc,phases      ] GC(95)   StringTable Weak               Min:  0.0, Avg:  0.0, Max:  0.0, Diff:  0.0, Sum:  0.0, Workers: 6
[26.117s][debug  ][gc,phases      ] GC(95)     Dead                           Min: 0, Avg:  0.0, Max: 0, Diff: 0, Sum: 0, Workers: 6
[26.117s][debug  ][gc,phases      ] GC(95)     Total                          Min: 640, Avg: 892.8, Max: 1151, Diff: 511, Sum: 5357, Workers: 6
[26.117s][debug  ][gc,phases      ] GC(95)   ResolvedMethodTable Weak       Min:  0.0, Avg:  0.0, Max:  0.0, Diff:  0.0, Sum:  0.0, Workers: 6
[26.117s][debug  ][gc,phases      ] GC(95)     Dead                           Min: 0, Avg:  0.0, Max: 0, Diff: 0, Sum: 0, Workers: 6
[26.117s][debug  ][gc,phases      ] GC(95)     Total                          Min: 0, Avg: 21.7, Max: 64, Diff: 64, Sum: 130, Workers: 6
[26.117s][debug  ][gc,phases      ] GC(95)   JNI Weak                       Min:  0.0, Avg:  0.0, Max:  0.0, Diff:  0.0, Sum:  0.0, Workers: 6
[26.117s][debug  ][gc,phases      ] GC(95)     Dead                           Min: 0, Avg:  0.0, Max: 0, Diff: 0, Sum: 0, Workers: 6
[26.117s][debug  ][gc,phases      ] GC(95)     Total                          Min: 0, Avg:  0.0, Max: 0, Diff: 0, Sum: 0, Workers: 6
[26.118s][debug  ][gc,phases      ] GC(95)   StringDedup Table Weak         Min:  0.0, Avg:  0.0, Max:  0.0, Diff:  0.0, Sum:  0.0, Workers: 6
[26.118s][debug  ][gc,phases      ] GC(95)     Dead                           Min: 0, Avg:  0.0, Max: 0, Diff: 0, Sum: 0, Workers: 6
[26.118s][debug  ][gc,phases      ] GC(95)     Total                          Min: 0, Avg:  0.0, Max: 0, Diff: 0, Sum: 0, Workers: 6
[26.118s][debug  ][gc,phases      ] GC(95)   StringDedup Requests0 Weak     Min:  0.0, Avg:  0.0, Max:  0.0, Diff:  0.0, Sum:  0.0, Workers: 6
[26.118s][debug  ][gc,phases      ] GC(95)     Dead                           Min: 0, Avg:  0.0, Max: 0, Diff: 0, Sum: 0, Workers: 6
[26.118s][debug  ][gc,phases      ] GC(95)     Total                          Min: 0, Avg:  0.0, Max: 0, Diff: 0, Sum: 0, Workers: 6
[26.118s][debug  ][gc,phases      ] GC(95)   StringDedup Requests1 Weak     Min:  0.0, Avg:  0.0, Max:  0.0, Diff:  0.0, Sum:  0.0, Workers: 6
[26.118s][debug  ][gc,phases      ] GC(95)     Dead                           Min: 0, Avg:  0.0, Max: 0, Diff: 0, Sum: 0, Workers: 6
[26.118s][debug  ][gc,phases      ] GC(95)     Total                          Min: 0, Avg:  0.0, Max: 0, Diff: 0, Sum: 0, Workers: 6
[26.118s][debug  ][gc,phases      ] GC(95)   Weak JFR Old Object Samples    Min:  0.0, Avg:  0.0, Max:  0.0, Diff:  0.0, Sum:  0.0, Workers: 6
[26.118s][debug  ][gc,phases      ] GC(95)     Dead                           Min: 0, Avg:  0.0, Max: 0, Diff: 0, Sum: 0, Workers: 6
[26.118s][debug  ][gc,phases      ] GC(95)     Total                          Min: 0, Avg:  0.0, Max: 0, Diff: 0, Sum: 0, Workers: 6
[26.118s][debug  ][gc,phases      ] GC(95) Weak Processing 0.839ms
[26.118s][debug  ][gc,ergo        ] GC(95) AdaptiveSizeStart:  collection: 96 
[26.118s][debug  ][gc,ergo        ] GC(95) avg_survived_padded_avg: 38555880.000000
[26.118s][debug  ][gc,ergo        ] GC(95) avg_promoted_padded_avg: 236170832.000000  avg_pretenured_padded_avg: 0.000000  tenuring_thresh: 9  target_size: 38797312
[26.118s][debug  ][gc,age         ] GC(95) Desired survivor size 38797312 bytes, new threshold 9 (max threshold 15)
[26.118s][debug  ][gc,ergo        ] GC(95) PSAdaptiveSizePolicy::compute_eden_space_size limits: desired_eden_size: 209733860 old_eden_size: 190840832 eden_limit: 190840832 cur_eden: 190840832 max_eden_size: 190840832 avg_young_live: 26026044
[26.118s][debug  ][gc,ergo        ] GC(95) PSAdaptiveSizePolicy::compute_eden_space_size: costs minor_time: 0.052168 major_cost: 0.053513 mutator_cost: 0.894319 throughput_goal: 0.990000
[26.118s][debug  ][gc,ergo        ] GC(95) Live_space: 1018726528 free_space: 1417674752
[26.118s][debug  ][gc,ergo        ] GC(95) Old eden_size: 190840832 desired_eden_size: 190840832
[26.118s][debug  ][gc,ergo        ] GC(95) AdaptiveSizeStop: collection: 96 
[26.118s][info   ][gc,heap        ] GC(95) PSYoungGen: 208437K(224256K)->30720K(224256K) Eden: 177717K(186368K)->0K(186368K) From: 30720K(37888K)->30720K(37888K)
[26.118s][info   ][gc,heap        ] GC(95) ParOldGen: 1517157K(1835008K)->1691237K(1835008K)
[26.118s][info   ][gc,metaspace   ] GC(95) Metaspace: 1021K(1216K)->1021K(1216K) NonClass: 937K(1024K)->937K(1024K) Class: 83K(192K)->83K(192K)
[26.118s][info   ][gc             ] GC(95) Pause Young (Allocation Failure) 1685M->1681M(2011M) 16.516ms
[26.118s][info   ][gc,cpu         ] GC(95) User=0.16s Sys=0.00s Real=0.02s
[26.118s][debug  ][gc,heap        ] GC(95) Heap after GC invocations=96 (full 15):
[26.118s][debug  ][gc,heap        ] GC(95)  PSYoungGen      total 224256K, used 30720K [0x00000000f0000000, 0x0000000100000000, 0x0000000100000000)
[26.118s][debug  ][gc,heap        ] GC(95)   eden space 186368K, 0% used [0x00000000f0000000,0x00000000f0000000,0x00000000fb600000)
[26.118s][debug  ][gc,heap        ] GC(95)   from space 37888K, 81% used [0x00000000fdb00000,0x00000000ff900030,0x0000000100000000)
[26.118s][debug  ][gc,heap        ] GC(95)   to   space 37888K, 0% used [0x00000000fb600000,0x00000000fb600000,0x00000000fdb00000)
[26.118s][debug  ][gc,heap        ] GC(95)  ParOldGen       total 1835008K, used 1691237K [0x0000000080000000, 0x00000000f0000000, 0x00000000f0000000)
[26.118s][debug  ][gc,heap        ] GC(95)   object space 1835008K, 92% used [0x0000000080000000,0x00000000e73996d8,0x00000000f0000000)
[26.118s][debug  ][gc,heap        ] GC(95)  Metaspace       used 1021K, committed 1216K, reserved 1056768K
[26.118s][debug  ][gc,heap        ] GC(95)   class space    used 83K, committed 192K, reserved 1048576K
[26.118s][debug  ][gc,task,time   ] GC(95) VM-Thread 261011889 261161459 261184168
[26.118s][debug  ][gc,phases,start] GC(96) Pre Compact
[26.118s][debug  ][gc,heap        ] GC(96) Heap before GC invocations=97 (full 16):
[26.118s][debug  ][gc,heap        ] GC(96)  PSYoungGen      total 224256K, used 30720K [0x00000000f0000000, 0x0000000100000000, 0x0000000100000000)
[26.119s][debug  ][gc,heap        ] GC(96)   eden space 186368K, 0% used [0x00000000f0000000,0x00000000f0000000,0x00000000fb600000)
[26.119s][debug  ][gc,heap        ] GC(96)   from space 37888K, 81% used [0x00000000fdb00000,0x00000000ff900030,0x0000000100000000)
[26.119s][debug  ][gc,heap        ] GC(96)   to   space 37888K, 0% used [0x00000000fb600000,0x00000000fb600000,0x00000000fdb00000)
[26.119s][debug  ][gc,heap        ] GC(96)  ParOldGen       total 1835008K, used 1691237K [0x0000000080000000, 0x00000000f0000000, 0x00000000f0000000)
[26.119s][debug  ][gc,heap        ] GC(96)   object space 1835008K, 92% used [0x0000000080000000,0x00000000e73996d8,0x00000000f0000000)
[26.119s][debug  ][gc,heap        ] GC(96)  Metaspace       used 1021K, committed 1216K, reserved 1056768K
[26.119s][debug  ][gc,heap        ] GC(96)   class space    used 83K, committed 192K, reserved 1048576K
[26.119s][debug  ][gc,phases      ] GC(96) Pre Compact 0.222ms
[26.119s][info   ][gc,start       ] GC(96) Pause Full (Ergonomics)
[26.119s][info   ][gc,phases,start] GC(96) Marking Phase
[26.119s][debug  ][gc,phases,start] GC(96) Par Mark
[26.119s][debug  ][gc,phases      ] GC(96) Par Mark 0.538ms
[26.119s][debug  ][gc,phases,start] GC(96) Reference Processing
[26.119s][debug  ][gc,ref         ] GC(96) Skipped phase 1 of Reference Processing: no references
[26.119s][debug  ][gc,ref         ] GC(96) ReferenceProcessor::execute queues: 1, RefProcThreadModel::Single, marks_oops_alive: false
[26.119s][debug  ][gc,ref         ] GC(96) Skipped phase 3 of Reference Processing: no references
[26.119s][debug  ][gc,ref         ] GC(96) ReferenceProcessor::execute queues: 1, RefProcThreadModel::Single, marks_oops_alive: false
[26.119s][debug  ][gc,phases,ref  ] GC(96) Reference Processing: 0.1ms
[26.120s][debug  ][gc,phases,ref  ] GC(96)   Reconsider SoftReferences: 0.0ms
[26.120s][debug  ][gc,phases,ref  ] GC(96)     SoftRef (ms):                  skipped
[26.120s][debug  ][gc,phases,ref  ] GC(96)   Notify Soft/WeakReferences: 0.0ms
[26.120s][debug  ][gc,phases,ref  ] GC(96)     SoftRef (ms):                  Min:  0.0, Avg:  0.0, Max:  0.0, Diff:  0.0, Sum:  0.0, Workers: 10
[26.120s][debug  ][gc,phases,ref  ] GC(96)     WeakRef (ms):                  Min:  0.0, Avg:  0.0, Max:  0.0, Diff:  0.0, Sum:  0.0, Workers: 10
[26.120s][debug  ][gc,phases,ref  ] GC(96)     FinalRef (ms):                 Min:  0.0, Avg:  0.0, Max:  0.0, Diff:  0.0, Sum:  0.0, Workers: 10
[26.120s][debug  ][gc,phases,ref  ] GC(96)     Total (ms):                    Min:  0.0, Avg:  0.0, Max:  0.0, Diff:  0.0, Sum:  0.0, Workers: 10
[26.120s][debug  ][gc,phases,ref  ] GC(96)   Notify and keep alive finalizable: 0.0ms
[26.120s][debug  ][gc,phases,ref  ] GC(96)     FinalRef (ms):                 skipped
[26.120s][debug  ][gc,phases,ref  ] GC(96)   Notify PhantomReferences: 0.0ms
[26.120s][debug  ][gc,phases,ref  ] GC(96)     PhantomRef (ms):               Min:  0.0, Avg:  0.0, Max:  0.0, Diff:  0.0, Sum:  0.0, Workers: 10
[26.120s][debug  ][gc,phases,ref  ] GC(96)   SoftReference:
[26.120s][debug  ][gc,phases,ref  ] GC(96)     Discovered: 0
[26.120s][debug  ][gc,phases,ref  ] GC(96)     Cleared: 0
[26.120s][debug  ][gc,phases,ref  ] GC(96)   WeakReference:
[26.120s][debug  ][gc,phases,ref  ] GC(96)     Discovered: 83
[26.120s][debug  ][gc,phases,ref  ] GC(96)     Cleared: 83
[26.120s][debug  ][gc,phases,ref  ] GC(96)   FinalReference:
[26.120s][debug  ][gc,phases,ref  ] GC(96)     Discovered: 0
[26.120s][debug  ][gc,phases,ref  ] GC(96)     Cleared: 0
[26.120s][debug  ][gc,phases,ref  ] GC(96)   PhantomReference:
[26.120s][debug  ][gc,phases,ref  ] GC(96)     Discovered: 3
[26.120s][debug  ][gc,phases,ref  ] GC(96)     Cleared: 3
[26.120s][debug  ][gc,phases      ] GC(96) Reference Processing 0.650ms
[26.120s][debug  ][gc,phases,start] GC(96) Weak Processing
[26.120s][debug  ][gc,phases      ] GC(96)   VM Weak                        Min:  0.0, Avg:  0.0, Max:  0.0, Diff:  0.0, Sum:  0.0, Workers: 6
[26.120s][debug  ][gc,phases      ] GC(96)     Dead                           Min: 0, Avg:  0.0, Max: 0, Diff: 0, Sum: 0, Workers: 6
[26.120s][debug  ][gc,phases      ] GC(96)     Total                          Min: 0, Avg:  1.3, Max: 8, Diff: 8, Sum: 8, Workers: 6
[26.120s][debug  ][gc,phases      ] GC(96)   ObjectSynchronizer Weak        Min:  0.0, Avg:  0.0, Max:  0.0, Diff:  0.0, Sum:  0.0, Workers: 6
[26.120s][debug  ][gc,phases      ] GC(96)     Dead                           Min: 0, Avg:  0.0, Max: 0, Diff: 0, Sum: 0, Workers: 6
[26.120s][debug  ][gc,phases      ] GC(96)     Total                          Min: 0, Avg:  0.5, Max: 3, Diff: 3, Sum: 3, Workers: 6
[26.120s][debug  ][gc,phases      ] GC(96)   JVMTI Tag Weak OopStorage      Min:  0.0, Avg:  0.0, Max:  0.0, Diff:  0.0, Sum:  0.0, Workers: 6
[26.120s][debug  ][gc,phases      ] GC(96)     Dead                           Min: 0, Avg:  0.0, Max: 0, Diff: 0, Sum: 0, Workers: 6
[26.120s][debug  ][gc,phases      ] GC(96)     Total                          Min: 0, Avg:  0.0, Max: 0, Diff: 0, Sum: 0, Workers: 6
[26.120s][debug  ][gc,phases      ] GC(96)   StringTable Weak               Min:  0.0, Avg:  0.0, Max:  0.0, Diff:  0.0, Sum:  0.0, Workers: 6
[26.120s][debug  ][gc,phases      ] GC(96)     Dead                           Min: 0, Avg:  0.0, Max: 0, Diff: 0, Sum: 0, Workers: 6
[26.120s][debug  ][gc,phases      ] GC(96)     Total                          Min: 704, Avg: 892.8, Max: 1326, Diff: 622, Sum: 5357, Workers: 6
[26.120s][debug  ][gc,phases      ] GC(96)   ResolvedMethodTable Weak       Min:  0.0, Avg:  0.0, Max:  0.0, Diff:  0.0, Sum:  0.0, Workers: 6
[26.120s][debug  ][gc,phases      ] GC(96)     Dead                           Min: 0, Avg:  0.0, Max: 0, Diff: 0, Sum: 0, Workers: 6
[26.120s][debug  ][gc,phases      ] GC(96)     Total                          Min: 0, Avg: 21.7, Max: 64, Diff: 64, Sum: 130, Workers: 6
[26.120s][debug  ][gc,phases      ] GC(96)   JNI Weak                       Min:  0.0, Avg:  0.0, Max:  0.0, Diff:  0.0, Sum:  0.0, Workers: 6
[26.120s][debug  ][gc,phases      ] GC(96)     Dead                           Min: 0, Avg:  0.0, Max: 0, Diff: 0, Sum: 0, Workers: 6
[26.120s][debug  ][gc,phases      ] GC(96)     Total                          Min: 0, Avg:  0.0, Max: 0, Diff: 0, Sum: 0, Workers: 6
[26.120s][debug  ][gc,phases      ] GC(96)   StringDedup Table Weak         Min:  0.0, Avg:  0.0, Max:  0.0, Diff:  0.0, Sum:  0.0, Workers: 6
[26.120s][debug  ][gc,phases      ] GC(96)     Dead                           Min: 0, Avg:  0.0, Max: 0, Diff: 0, Sum: 0, Workers: 6
[26.120s][debug  ][gc,phases      ] GC(96)     Total                          Min: 0, Avg:  0.0, Max: 0, Diff: 0, Sum: 0, Workers: 6
[26.120s][debug  ][gc,phases      ] GC(96)   StringDedup Requests0 Weak     Min:  0.0, Avg:  0.0, Max:  0.0, Diff:  0.0, Sum:  0.0, Workers: 6
[26.121s][debug  ][gc,phases      ] GC(96)     Dead                           Min: 0, Avg:  0.0, Max: 0, Diff: 0, Sum: 0, Workers: 6
[26.121s][debug  ][gc,phases      ] GC(96)     Total                          Min: 0, Avg:  0.0, Max: 0, Diff: 0, Sum: 0, Workers: 6
[26.121s][debug  ][gc,phases      ] GC(96)   StringDedup Requests1 Weak     Min:  0.0, Avg:  0.0, Max:  0.0, Diff:  0.0, Sum:  0.0, Workers: 6
[26.121s][debug  ][gc,phases      ] GC(96)     Dead                           Min: 0, Avg:  0.0, Max: 0, Diff: 0, Sum: 0, Workers: 6
[26.121s][debug  ][gc,phases      ] GC(96)     Total                          Min: 0, Avg:  0.0, Max: 0, Diff: 0, Sum: 0, Workers: 6
[26.121s][debug  ][gc,phases      ] GC(96)   Weak JFR Old Object Samples    Min:  0.0, Avg:  0.0, Max:  0.0, Diff:  0.0, Sum:  0.0, Workers: 6
[26.121s][debug  ][gc,phases      ] GC(96)     Dead                           Min: 0, Avg:  0.0, Max: 0, Diff: 0, Sum: 0, Workers: 6
[26.121s][debug  ][gc,phases      ] GC(96)     Total                          Min: 0, Avg:  0.0, Max: 0, Diff: 0, Sum: 0, Workers: 6
[26.121s][debug  ][gc,phases      ] GC(96) Weak Processing 0.657ms
[26.121s][debug  ][gc,phases,start] GC(96) Class Unloading
[26.121s][debug  ][gc,phases,start] GC(96) ClassLoaderData
[26.121s][debug  ][gc,phases      ] GC(96) ClassLoaderData 0.019ms
[26.121s][debug  ][gc,phases,start] GC(96) Trigger cleanups
[26.121s][debug  ][gc,phases      ] GC(96) Trigger cleanups 0.019ms
[26.121s][debug  ][gc,phases      ] GC(96) Class Unloading 0.256ms
[26.121s][info   ][gc,phases      ] GC(96) Marking Phase 2.241ms
[26.121s][info   ][gc,phases,start] GC(96) Summary Phase
[26.121s][info   ][gc,phases      ] GC(96) Summary Phase 0.048ms
[26.121s][info   ][gc,phases,start] GC(96) Adjust Roots
[26.121s][info   ][gc,phases      ] GC(96) Adjust Roots 0.167ms
[26.121s][info   ][gc,phases,start] GC(96) Compaction Phase
[26.217s][info   ][gc,phases      ] GC(96) Compaction Phase 96.057ms
[26.218s][info   ][gc,phases,start] GC(96) Post Compact
[26.224s][info   ][gc,phases      ] GC(96) Post Compact 6.059ms
[26.224s][debug  ][gc,ergo        ] GC(96) AdaptiveSizeStart: collection: 97 
[26.224s][debug  ][gc,ergo        ] GC(96) PSAdaptiveSizePolicy::compute_eden_space_size limits: desired_eden_size: 209592060 old_eden_size: 190840832 eden_limit: 190840832 cur_eden: 190840832 max_eden_size: 190840832 avg_young_live: 23423440
[26.224s][debug  ][gc,ergo        ] GC(96) PSAdaptiveSizePolicy::compute_eden_space_size: costs minor_time: 0.052168 major_cost: 0.054312 mutator_cost: 0.893519 throughput_goal: 0.990000
[26.224s][debug  ][gc,ergo        ] GC(96) Live_space: 1016123904 free_space: 1417674752
[26.224s][debug  ][gc,ergo        ] GC(96) Old eden_size: 190840832 desired_eden_size: 190840832
[26.224s][debug  ][gc,ergo        ] GC(96) PSAdaptiveSizePolicy::compute_old_gen_free_space limits: desired_promo_size: 1351987345 promo_limit: 1226833920 free_in_old_gen: 1136864512 max_old_gen_size: 1879048192 avg_old_live: 742183616
[26.224s][debug  ][gc,ergo        ] GC(96) PSAdaptiveSizePolicy::compute_old_gen_free_space: costs minor_time: 0.052168 major_cost: 0.054312  mutator_cost: 0.893519 throughput_goal: 0.990000
[26.224s][debug  ][gc,ergo        ] GC(96) Live_space: 1034042496 free_space: 1417674752
[26.224s][debug  ][gc,ergo        ] GC(96) Old promo_size: 1226833920 desired_promo_size: 1226833920
[26.224s][debug  ][gc,ergo        ] GC(96) AdaptiveSizeStop: collection: 97 
[26.224s][info   ][gc,heap        ] GC(96) PSYoungGen: 30720K(224256K)->0K(224256K) Eden: 0K(186368K)->0K(186368K) From: 30720K(37888K)->0K(37888K)
[26.224s][info   ][gc,heap        ] GC(96) ParOldGen: 1691237K(1835008K)->882276K(1835008K)
[26.224s][info   ][gc,metaspace   ] GC(96) Metaspace: 1021K(1216K)->1021K(1216K) NonClass: 937K(1024K)->937K(1024K) Class: 83K(192K)->83K(192K)
[26.224s][info   ][gc             ] GC(96) Pause Full (Ergonomics) 1681M->861M(2011M) 105.369ms
[26.224s][info   ][gc,cpu         ] GC(96) User=0.91s Sys=0.00s Real=0.11s
[26.224s][debug  ][gc,heap        ] GC(96) Heap after GC invocations=97 (full 16):
[26.224s][debug  ][gc,heap        ] GC(96)  PSYoungGen      total 224256K, used 0K [0x00000000f0000000, 0x0000000100000000, 0x0000000100000000)
[26.224s][debug  ][gc,heap        ] GC(96)   eden space 186368K, 0% used [0x00000000f0000000,0x00000000f0000000,0x00000000fb600000)
[26.224s][debug  ][gc,heap        ] GC(96)   from space 37888K, 0% used [0x00000000fb600000,0x00000000fb600000,0x00000000fdb00000)
[26.224s][debug  ][gc,heap        ] GC(96)   to   space 37888K, 0% used [0x00000000fdb00000,0x00000000fdb00000,0x0000000100000000)
[26.224s][debug  ][gc,heap        ] GC(96)  ParOldGen       total 1835008K, used 882276K [0x0000000080000000, 0x00000000f0000000, 0x00000000f0000000)
[26.224s][debug  ][gc,heap        ] GC(96)   object space 1835008K, 48% used [0x0000000080000000,0x00000000b5d991e8,0x00000000f0000000)
[26.224s][debug  ][gc,heap        ] GC(96)  Metaspace       used 1021K, committed 1216K, reserved 1056768K
[26.224s][debug  ][gc,heap        ] GC(96)   class space    used 83K, committed 192K, reserved 1048576K
[26.224s][debug  ][gc,task,time   ] GC(96) VM-Thread 261187252 261212992 262241330
[26.495s][debug  ][gc,heap        ] GC(97) Heap before GC invocations=98 (full 16):
[26.495s][debug  ][gc,heap        ] GC(97)  PSYoungGen      total 224256K, used 177722K [0x00000000f0000000, 0x0000000100000000, 0x0000000100000000)
[26.495s][debug  ][gc,heap        ] GC(97)   eden space 186368K, 95% used [0x00000000f0000000,0x00000000fad8e998,0x00000000fb600000)
[26.495s][debug  ][gc,heap        ] GC(97)   from space 37888K, 0% used [0x00000000fb600000,0x00000000fb600000,0x00000000fdb00000)
[26.495s][debug  ][gc,heap        ] GC(97)   to   space 37888K, 0% used [0x00000000fdb00000,0x00000000fdb00000,0x0000000100000000)
[26.495s][debug  ][gc,heap        ] GC(97)  ParOldGen       total 1835008K, used 882276K [0x0000000080000000, 0x00000000f0000000, 0x00000000f0000000)
[26.495s][debug  ][gc,heap        ] GC(97)   object space 1835008K, 48% used [0x0000000080000000,0x00000000b5d991e8,0x00000000f0000000)
[26.496s][debug  ][gc,heap        ] GC(97)  Metaspace       used 1021K, committed 1216K, reserved 1056768K
[26.496s][debug  ][gc,heap        ] GC(97)   class space    used 83K, committed 192K, reserved 1048576K
[26.496s][debug  ][gc,tlab        ] GC(97) TLAB totals: thrds: 1  refills: 1 max: 1 slow allocs: 16 max 16 waste: 26.2% gc: 3728480B max: 3728480B slow: 0B max: 0B
[26.496s][info   ][gc,start       ] GC(97) Pause Young (Allocation Failure)
[26.496s][debug  ][gc,phases,start] GC(97) Scavenge
[26.499s][debug  ][gc,phases      ] GC(97) Scavenge 3.264ms
[26.499s][debug  ][gc,phases,start] GC(97) Reference Processing
[26.499s][debug  ][gc,ref         ] GC(97) Skipped phase 1 of Reference Processing: no references
[26.499s][debug  ][gc,ref         ] GC(97) Skipped phase 2 of Reference Processing: no references
[26.499s][debug  ][gc,ref         ] GC(97) Skipped phase 3 of Reference Processing: no references
[26.499s][debug  ][gc,ref         ] GC(97) Skipped phase 4 of Reference Processing: no references
[26.499s][debug  ][gc,phases,ref  ] GC(97) Reference Processing: 0.1ms
[26.499s][debug  ][gc,phases,ref  ] GC(97)   Reconsider SoftReferences: 0.0ms
[26.499s][debug  ][gc,phases,ref  ] GC(97)     SoftRef (ms):                  skipped
[26.499s][debug  ][gc,phases,ref  ] GC(97)   Notify Soft/WeakReferences: 0.0ms
[26.499s][debug  ][gc,phases,ref  ] GC(97)     SoftRef (ms):                  skipped
[26.499s][debug  ][gc,phases,ref  ] GC(97)     WeakRef (ms):                  skipped
[26.499s][debug  ][gc,phases,ref  ] GC(97)     FinalRef (ms):                 skipped
[26.499s][debug  ][gc,phases,ref  ] GC(97)     Total (ms):                    skipped
[26.499s][debug  ][gc,phases,ref  ] GC(97)   Notify and keep alive finalizable: 0.0ms
[26.499s][debug  ][gc,phases,ref  ] GC(97)     FinalRef (ms):                 skipped
[26.499s][debug  ][gc,phases,ref  ] GC(97)   Notify PhantomReferences: 0.0ms
[26.499s][debug  ][gc,phases,ref  ] GC(97)     PhantomRef (ms):               skipped
[26.499s][debug  ][gc,phases,ref  ] GC(97)   SoftReference:
[26.499s][debug  ][gc,phases,ref  ] GC(97)     Discovered: 0
[26.499s][debug  ][gc,phases,ref  ] GC(97)     Cleared: 0
[26.500s][debug  ][gc,phases,ref  ] GC(97)   WeakReference:
[26.500s][debug  ][gc,phases,ref  ] GC(97)     Discovered: 0
[26.500s][debug  ][gc,phases,ref  ] GC(97)     Cleared: 0
[26.500s][debug  ][gc,phases,ref  ] GC(97)   FinalReference:
[26.500s][debug  ][gc,phases,ref  ] GC(97)     Discovered: 0
[26.500s][debug  ][gc,phases,ref  ] GC(97)     Cleared: 0
[26.500s][debug  ][gc,phases,ref  ] GC(97)   PhantomReference:
[26.500s][debug  ][gc,phases,ref  ] GC(97)     Discovered: 0
[26.500s][debug  ][gc,phases,ref  ] GC(97)     Cleared: 0
[26.500s][debug  ][gc,phases      ] GC(97) Reference Processing 0.674ms
[26.500s][debug  ][gc,phases,start] GC(97) Weak Processing
[26.500s][debug  ][gc,phases      ] GC(97)   VM Weak                        Min:  0.0, Avg:  0.0, Max:  0.0, Diff:  0.0, Sum:  0.0, Workers: 6
[26.500s][debug  ][gc,phases      ] GC(97)     Dead                           Min: 0, Avg:  0.0, Max: 0, Diff: 0, Sum: 0, Workers: 6
[26.500s][debug  ][gc,phases      ] GC(97)     Total                          Min: 0, Avg:  1.3, Max: 8, Diff: 8, Sum: 8, Workers: 6
[26.500s][debug  ][gc,phases      ] GC(97)   ObjectSynchronizer Weak        Min:  0.0, Avg:  0.0, Max:  0.0, Diff:  0.0, Sum:  0.0, Workers: 6
[26.500s][debug  ][gc,phases      ] GC(97)     Dead                           Min: 0, Avg:  0.0, Max: 0, Diff: 0, Sum: 0, Workers: 6
[26.500s][debug  ][gc,phases      ] GC(97)     Total                          Min: 0, Avg:  0.5, Max: 3, Diff: 3, Sum: 3, Workers: 6
[26.500s][debug  ][gc,phases      ] GC(97)   JVMTI Tag Weak OopStorage      Min:  0.0, Avg:  0.0, Max:  0.0, Diff:  0.0, Sum:  0.0, Workers: 6
[26.500s][debug  ][gc,phases      ] GC(97)     Dead                           Min: 0, Avg:  0.0, Max: 0, Diff: 0, Sum: 0, Workers: 6
[26.500s][debug  ][gc,phases      ] GC(97)     Total                          Min: 0, Avg:  0.0, Max: 0, Diff: 0, Sum: 0, Workers: 6
[26.500s][debug  ][gc,phases      ] GC(97)   StringTable Weak               Min:  0.0, Avg:  0.0, Max:  0.0, Diff:  0.0, Sum:  0.0, Workers: 6
[26.500s][debug  ][gc,phases      ] GC(97)     Dead                           Min: 0, Avg:  0.0, Max: 0, Diff: 0, Sum: 0, Workers: 6
[26.500s][debug  ][gc,phases      ] GC(97)     Total                          Min: 640, Avg: 892.8, Max: 1152, Diff: 512, Sum: 5357, Workers: 6
[26.500s][debug  ][gc,phases      ] GC(97)   ResolvedMethodTable Weak       Min:  0.0, Avg:  0.0, Max:  0.0, Diff:  0.0, Sum:  0.0, Workers: 6
[26.500s][debug  ][gc,phases      ] GC(97)     Dead                           Min: 0, Avg:  0.0, Max: 0, Diff: 0, Sum: 0, Workers: 6
[26.500s][debug  ][gc,phases      ] GC(97)     Total                          Min: 0, Avg: 21.7, Max: 64, Diff: 64, Sum: 130, Workers: 6
[26.500s][debug  ][gc,phases      ] GC(97)   JNI Weak                       Min:  0.0, Avg:  0.0, Max:  0.0, Diff:  0.0, Sum:  0.0, Workers: 6
[26.500s][debug  ][gc,phases      ] GC(97)     Dead                           Min: 0, Avg:  0.0, Max: 0, Diff: 0, Sum: 0, Workers: 6
[26.500s][debug  ][gc,phases      ] GC(97)     Total                          Min: 0, Avg:  0.0, Max: 0, Diff: 0, Sum: 0, Workers: 6
[26.500s][debug  ][gc,phases      ] GC(97)   StringDedup Table Weak         Min:  0.0, Avg:  0.0, Max:  0.0, Diff:  0.0, Sum:  0.0, Workers: 6
[26.500s][debug  ][gc,phases      ] GC(97)     Dead                           Min: 0, Avg:  0.0, Max: 0, Diff: 0, Sum: 0, Workers: 6
[26.500s][debug  ][gc,phases      ] GC(97)     Total                          Min: 0, Avg:  0.0, Max: 0, Diff: 0, Sum: 0, Workers: 6
[26.500s][debug  ][gc,phases      ] GC(97)   StringDedup Requests0 Weak     Min:  0.0, Avg:  0.0, Max:  0.0, Diff:  0.0, Sum:  0.0, Workers: 6
[26.500s][debug  ][gc,phases      ] GC(97)     Dead                           Min: 0, Avg:  0.0, Max: 0, Diff: 0, Sum: 0, Workers: 6
[26.500s][debug  ][gc,phases      ] GC(97)     Total                          Min: 0, Avg:  0.0, Max: 0, Diff: 0, Sum: 0, Workers: 6
[26.500s][debug  ][gc,phases      ] GC(97)   StringDedup Requests1 Weak     Min:  0.0, Avg:  0.0, Max:  0.0, Diff:  0.0, Sum:  0.0, Workers: 6
[26.500s][debug  ][gc,phases      ] GC(97)     Dead                           Min: 0, Avg:  0.0, Max: 0, Diff: 0, Sum: 0, Workers: 6
[26.500s][debug  ][gc,phases      ] GC(97)     Total                          Min: 0, Avg:  0.0, Max: 0, Diff: 0, Sum: 0, Workers: 6
[26.500s][debug  ][gc,phases      ] GC(97)   Weak JFR Old Object Samples    Min:  0.0, Avg:  0.0, Max:  0.0, Diff:  0.0, Sum:  0.0, Workers: 6
[26.501s][debug  ][gc,phases      ] GC(97)     Dead                           Min: 0, Avg:  0.0, Max: 0, Diff: 0, Sum: 0, Workers: 6
[26.501s][debug  ][gc,phases      ] GC(97)     Total                          Min: 0, Avg:  0.0, Max: 0, Diff: 0, Sum: 0, Workers: 6
[26.501s][debug  ][gc,phases      ] GC(97) Weak Processing 0.810ms
[26.501s][debug  ][gc,ergo        ] GC(97) AdaptiveSizeStart:  collection: 98 
[26.501s][debug  ][gc,ergo        ] GC(97) avg_survived_padded_avg: 38399872.000000
[26.501s][debug  ][gc,ergo        ] GC(97) avg_promoted_padded_avg: 219987008.000000  avg_pretenured_padded_avg: 0.000000  tenuring_thresh: 10  target_size: 38797312
[26.501s][debug  ][gc,age         ] GC(97) Desired survivor size 38797312 bytes, new threshold 10 (max threshold 15)
[26.501s][debug  ][gc,ergo        ] GC(97) PSAdaptiveSizePolicy::compute_eden_space_size limits: desired_eden_size: 207600148 old_eden_size: 190840832 eden_limit: 190840832 cur_eden: 190840832 max_eden_size: 190840832 avg_young_live: 24226828
[26.501s][debug  ][gc,ergo        ] GC(97) PSAdaptiveSizePolicy::compute_eden_space_size: costs minor_time: 0.042310 major_cost: 0.054312 mutator_cost: 0.903378 throughput_goal: 0.990000
[26.501s][debug  ][gc,ergo        ] GC(97) Live_space: 1034845888 free_space: 1417674752
[26.501s][debug  ][gc,ergo        ] GC(97) Old eden_size: 190840832 desired_eden_size: 190840832
[26.501s][debug  ][gc,ergo        ] GC(97) AdaptiveSizeStop: collection: 98 
[26.501s][info   ][gc,heap        ] GC(97) PSYoungGen: 177722K(224256K)->30720K(224256K) Eden: 177722K(186368K)->0K(186368K) From: 0K(37888K)->30720K(37888K)
[26.501s][info   ][gc,heap        ] GC(97) ParOldGen: 882276K(1835008K)->882276K(1835008K)
[26.501s][info   ][gc,metaspace   ] GC(97) Metaspace: 1021K(1216K)->1021K(1216K) NonClass: 937K(1024K)->937K(1024K) Class: 83K(192K)->83K(192K)
[26.501s][info   ][gc             ] GC(97) Pause Young (Allocation Failure) 1035M->891M(2011M) 5.278ms
[26.501s][info   ][gc,cpu         ] GC(97) User=0.00s Sys=0.00s Real=0.00s
[26.501s][debug  ][gc,heap        ] GC(97) Heap after GC invocations=98 (full 16):
[26.501s][debug  ][gc,heap        ] GC(97)  PSYoungGen      total 224256K, used 30720K [0x00000000f0000000, 0x0000000100000000, 0x0000000100000000)
[26.501s][debug  ][gc,heap        ] GC(97)   eden space 186368K, 0% used [0x00000000f0000000,0x00000000f0000000,0x00000000fb600000)
[26.501s][debug  ][gc,heap        ] GC(97)   from space 37888K, 81% used [0x00000000fdb00000,0x00000000ff900030,0x0000000100000000)
[26.501s][debug  ][gc,heap        ] GC(97)   to   space 37888K, 0% used [0x00000000fb600000,0x00000000fb600000,0x00000000fdb00000)
[26.501s][debug  ][gc,heap        ] GC(97)  ParOldGen       total 1835008K, used 882276K [0x0000000080000000, 0x00000000f0000000, 0x00000000f0000000)
[26.501s][debug  ][gc,heap        ] GC(97)   object space 1835008K, 48% used [0x0000000080000000,0x00000000b5d991e8,0x00000000f0000000)
[26.501s][debug  ][gc,heap        ] GC(97)  Metaspace       used 1021K, committed 1216K, reserved 1056768K
[26.501s][debug  ][gc,heap        ] GC(97)   class space    used 83K, committed 192K, reserved 1048576K
[26.501s][debug  ][gc,task,time   ] GC(97) VM-Thread 264951880 264990476 265012999
[26.780s][debug  ][gc,heap        ] GC(98) Heap before GC invocations=99 (full 16):
[26.780s][debug  ][gc,heap        ] GC(98)  PSYoungGen      total 224256K, used 208370K [0x00000000f0000000, 0x0000000100000000, 0x0000000100000000)
[26.780s][debug  ][gc,heap        ] GC(98)   eden space 186368K, 95% used [0x00000000f0000000,0x00000000fad7c948,0x00000000fb600000)
[26.780s][debug  ][gc,heap        ] GC(98)   from space 37888K, 81% used [0x00000000fdb00000,0x00000000ff900030,0x0000000100000000)
[26.780s][debug  ][gc,heap        ] GC(98)   to   space 37888K, 0% used [0x00000000fb600000,0x00000000fb600000,0x00000000fdb00000)
[26.780s][debug  ][gc,heap        ] GC(98)  ParOldGen       total 1835008K, used 882276K [0x0000000080000000, 0x00000000f0000000, 0x00000000f0000000)
[26.780s][debug  ][gc,heap        ] GC(98)   object space 1835008K, 48% used [0x0000000080000000,0x00000000b5d991e8,0x00000000f0000000)
[26.780s][debug  ][gc,heap        ] GC(98)  Metaspace       used 1021K, committed 1216K, reserved 1056768K
[26.780s][debug  ][gc,heap        ] GC(98)   class space    used 83K, committed 192K, reserved 1048576K
[26.780s][debug  ][gc,tlab        ] GC(98) TLAB totals: thrds: 1  refills: 1 max: 1 slow allocs: 16 max 16 waste: 25.9% gc: 3655736B max: 3655736B slow: 0B max: 0B
[26.780s][info   ][gc,start       ] GC(98) Pause Young (Allocation Failure)
[26.780s][debug  ][gc,phases,start] GC(98) Scavenge
[26.795s][debug  ][gc,phases      ] GC(98) Scavenge 14.432ms
[26.795s][debug  ][gc,phases,start] GC(98) Reference Processing
[26.795s][debug  ][gc,ref         ] GC(98) Skipped phase 1 of Reference Processing: no references
[26.795s][debug  ][gc,ref         ] GC(98) Skipped phase 2 of Reference Processing: no references
[26.795s][debug  ][gc,ref         ] GC(98) Skipped phase 3 of Reference Processing: no references
[26.795s][debug  ][gc,ref         ] GC(98) Skipped phase 4 of Reference Processing: no references
[26.795s][debug  ][gc,phases,ref  ] GC(98) Reference Processing: 0.1ms
[26.795s][debug  ][gc,phases,ref  ] GC(98)   Reconsider SoftReferences: 0.0ms
[26.795s][debug  ][gc,phases,ref  ] GC(98)     SoftRef (ms):                  skipped
[26.795s][debug  ][gc,phases,ref  ] GC(98)   Notify Soft/WeakReferences: 0.0ms
[26.795s][debug  ][gc,phases,ref  ] GC(98)     SoftRef (ms):                  skipped
[26.795s][debug  ][gc,phases,ref  ] GC(98)     WeakRef (ms):                  skipped
[26.795s][debug  ][gc,phases,ref  ] GC(98)     FinalRef (ms):                 skipped
[26.795s][debug  ][gc,phases,ref  ] GC(98)     Total (ms):                    skipped
[26.795s][debug  ][gc,phases,ref  ] GC(98)   Notify and keep alive finalizable: 0.0ms
[26.795s][debug  ][gc,phases,ref  ] GC(98)     FinalRef (ms):                 skipped
[26.795s][debug  ][gc,phases,ref  ] GC(98)   Notify PhantomReferences: 0.0ms
[26.795s][debug  ][gc,phases,ref  ] GC(98)     PhantomRef (ms):               skipped
[26.795s][debug  ][gc,phases,ref  ] GC(98)   SoftReference:
[26.795s][debug  ][gc,phases,ref  ] GC(98)     Discovered: 0
[26.795s][debug  ][gc,phases,ref  ] GC(98)     Cleared: 0
[26.795s][debug  ][gc,phases,ref  ] GC(98)   WeakReference:
[26.795s][debug  ][gc,phases,ref  ] GC(98)     Discovered: 0
[26.795s][debug  ][gc,phases,ref  ] GC(98)     Cleared: 0
[26.795s][debug  ][gc,phases,ref  ] GC(98)   FinalReference:
[26.795s][debug  ][gc,phases,ref  ] GC(98)     Discovered: 0
[26.795s][debug  ][gc,phases,ref  ] GC(98)     Cleared: 0
[26.795s][debug  ][gc,phases,ref  ] GC(98)   PhantomReference:
[26.795s][debug  ][gc,phases,ref  ] GC(98)     Discovered: 0
[26.795s][debug  ][gc,phases,ref  ] GC(98)     Cleared: 0
[26.795s][debug  ][gc,phases      ] GC(98) Reference Processing 0.685ms
[26.795s][debug  ][gc,phases,start] GC(98) Weak Processing
[26.795s][debug  ][gc,phases      ] GC(98)   VM Weak                        Min:  0.0, Avg:  0.0, Max:  0.0, Diff:  0.0, Sum:  0.0, Workers: 6
[26.796s][debug  ][gc,phases      ] GC(98)     Dead                           Min: 0, Avg:  0.0, Max: 0, Diff: 0, Sum: 0, Workers: 6
[26.796s][debug  ][gc,phases      ] GC(98)     Total                          Min: 0, Avg:  1.3, Max: 8, Diff: 8, Sum: 8, Workers: 6
[26.796s][debug  ][gc,phases      ] GC(98)   ObjectSynchronizer Weak        Min:  0.0, Avg:  0.0, Max:  0.0, Diff:  0.0, Sum:  0.0, Workers: 6
[26.796s][debug  ][gc,phases      ] GC(98)     Dead                           Min: 0, Avg:  0.0, Max: 0, Diff: 0, Sum: 0, Workers: 6
[26.796s][debug  ][gc,phases      ] GC(98)     Total                          Min: 0, Avg:  0.5, Max: 3, Diff: 3, Sum: 3, Workers: 6
[26.796s][debug  ][gc,phases      ] GC(98)   JVMTI Tag Weak OopStorage      Min:  0.0, Avg:  0.0, Max:  0.0, Diff:  0.0, Sum:  0.0, Workers: 6
[26.796s][debug  ][gc,phases      ] GC(98)     Dead                           Min: 0, Avg:  0.0, Max: 0, Diff: 0, Sum: 0, Workers: 6
[26.796s][debug  ][gc,phases      ] GC(98)     Total                          Min: 0, Avg:  0.0, Max: 0, Diff: 0, Sum: 0, Workers: 6
[26.796s][debug  ][gc,phases      ] GC(98)   StringTable Weak               Min:  0.0, Avg:  0.0, Max:  0.0, Diff:  0.0, Sum:  0.0, Workers: 6
[26.796s][debug  ][gc,phases      ] GC(98)     Dead                           Min: 0, Avg:  0.0, Max: 0, Diff: 0, Sum: 0, Workers: 6
[26.796s][debug  ][gc,phases      ] GC(98)     Total                          Min: 704, Avg: 892.8, Max: 1151, Diff: 447, Sum: 5357, Workers: 6
[26.796s][debug  ][gc,phases      ] GC(98)   ResolvedMethodTable Weak       Min:  0.0, Avg:  0.0, Max:  0.0, Diff:  0.0, Sum:  0.0, Workers: 6
[26.796s][debug  ][gc,phases      ] GC(98)     Dead                           Min: 0, Avg:  0.0, Max: 0, Diff: 0, Sum: 0, Workers: 6
[26.796s][debug  ][gc,phases      ] GC(98)     Total                          Min: 0, Avg: 21.7, Max: 64, Diff: 64, Sum: 130, Workers: 6
[26.796s][debug  ][gc,phases      ] GC(98)   JNI Weak                       Min:  0.0, Avg:  0.0, Max:  0.0, Diff:  0.0, Sum:  0.0, Workers: 6
[26.796s][debug  ][gc,phases      ] GC(98)     Dead                           Min: 0, Avg:  0.0, Max: 0, Diff: 0, Sum: 0, Workers: 6
[26.796s][debug  ][gc,phases      ] GC(98)     Total                          Min: 0, Avg:  0.0, Max: 0, Diff: 0, Sum: 0, Workers: 6
[26.796s][debug  ][gc,phases      ] GC(98)   StringDedup Table Weak         Min:  0.0, Avg:  0.0, Max:  0.0, Diff:  0.0, Sum:  0.0, Workers: 6
[26.796s][debug  ][gc,phases      ] GC(98)     Dead                           Min: 0, Avg:  0.0, Max: 0, Diff: 0, Sum: 0, Workers: 6
[26.796s][debug  ][gc,phases      ] GC(98)     Total                          Min: 0, Avg:  0.0, Max: 0, Diff: 0, Sum: 0, Workers: 6
[26.796s][debug  ][gc,phases      ] GC(98)   StringDedup Requests0 Weak     Min:  0.0, Avg:  0.0, Max:  0.0, Diff:  0.0, Sum:  0.0, Workers: 6
[26.796s][debug  ][gc,phases      ] GC(98)     Dead                           Min: 0, Avg:  0.0, Max: 0, Diff: 0, Sum: 0, Workers: 6
[26.796s][debug  ][gc,phases      ] GC(98)     Total                          Min: 0, Avg:  0.0, Max: 0, Diff: 0, Sum: 0, Workers: 6
[26.796s][debug  ][gc,phases      ] GC(98)   StringDedup Requests1 Weak     Min:  0.0, Avg:  0.0, Max:  0.0, Diff:  0.0, Sum:  0.0, Workers: 6
[26.796s][debug  ][gc,phases      ] GC(98)     Dead                           Min: 0, Avg:  0.0, Max: 0, Diff: 0, Sum: 0, Workers: 6
[26.796s][debug  ][gc,phases      ] GC(98)     Total                          Min: 0, Avg:  0.0, Max: 0, Diff: 0, Sum: 0, Workers: 6
[26.796s][debug  ][gc,phases      ] GC(98)   Weak JFR Old Object Samples    Min:  0.0, Avg:  0.0, Max:  0.0, Diff:  0.0, Sum:  0.0, Workers: 6
[26.796s][debug  ][gc,phases      ] GC(98)     Dead                           Min: 0, Avg:  0.0, Max: 0, Diff: 0, Sum: 0, Workers: 6
[26.796s][debug  ][gc,phases      ] GC(98)     Total                          Min: 0, Avg:  0.0, Max: 0, Diff: 0, Sum: 0, Workers: 6
[26.796s][debug  ][gc,phases      ] GC(98) Weak Processing 0.838ms
[26.796s][debug  ][gc,ergo        ] GC(98) AdaptiveSizeStart:  collection: 99 
[26.796s][debug  ][gc,ergo        ] GC(98) avg_survived_padded_avg: 38204080.000000
[26.796s][debug  ][gc,ergo        ] GC(98) avg_promoted_padded_avg: 224617152.000000  avg_pretenured_padded_avg: 0.000000  tenuring_thresh: 11  target_size: 38273024
[26.796s][debug  ][gc,age         ] GC(98) Desired survivor size 38273024 bytes, new threshold 11 (max threshold 15)
[26.796s][debug  ][gc,ergo        ] GC(98) PSAdaptiveSizePolicy::compute_eden_space_size limits: desired_eden_size: 208254978 old_eden_size: 190840832 eden_limit: 190840832 cur_eden: 190840832 max_eden_size: 190840832 avg_young_live: 24949876
[26.796s][debug  ][gc,ergo        ] GC(98) PSAdaptiveSizePolicy::compute_eden_space_size: costs minor_time: 0.045343 major_cost: 0.054312 mutator_cost: 0.900345 throughput_goal: 0.990000
[26.796s][debug  ][gc,ergo        ] GC(98) Live_space: 1035568960 free_space: 1417674752
[26.796s][debug  ][gc,ergo        ] GC(98) Old eden_size: 190840832 desired_eden_size: 190840832
[26.796s][debug  ][gc,ergo        ] GC(98) AdaptiveSizeStop: collection: 99 
[26.796s][info   ][gc,heap        ] GC(98) PSYoungGen: 208370K(224256K)->30720K(224256K) Eden: 177650K(186368K)->0K(186368K) From: 30720K(37888K)->30720K(37888K)
[26.796s][info   ][gc,heap        ] GC(98) ParOldGen: 882276K(1835008K)->1056356K(1835008K)
[26.797s][info   ][gc,metaspace   ] GC(98) Metaspace: 1021K(1216K)->1021K(1216K) NonClass: 937K(1024K)->937K(1024K) Class: 83K(192K)->83K(192K)
[26.797s][info   ][gc             ] GC(98) Pause Young (Allocation Failure) 1065M->1061M(2011M) 16.485ms
[26.797s][info   ][gc,cpu         ] GC(98) User=0.16s Sys=0.00s Real=0.02s
[26.797s][debug  ][gc,heap        ] GC(98) Heap after GC invocations=99 (full 16):
[26.797s][debug  ][gc,heap        ] GC(98)  PSYoungGen      total 224256K, used 30720K [0x00000000f0000000, 0x0000000100000000, 0x0000000100000000)
[26.797s][debug  ][gc,heap        ] GC(98)   eden space 186368K, 0% used [0x00000000f0000000,0x00000000f0000000,0x00000000fb600000)
[26.797s][debug  ][gc,heap        ] GC(98)   from space 37888K, 81% used [0x00000000fb600000,0x00000000fd400030,0x00000000fdb00000)
[26.797s][debug  ][gc,heap        ] GC(98)   to   space 37376K, 0% used [0x00000000fdb80000,0x00000000fdb80000,0x0000000100000000)
[26.797s][debug  ][gc,heap        ] GC(98)  ParOldGen       total 1835008K, used 1056356K [0x0000000080000000, 0x00000000f0000000, 0x00000000f0000000)
[26.797s][debug  ][gc,heap        ] GC(98)   object space 1835008K, 57% used [0x0000000080000000,0x00000000c07992f8,0x00000000f0000000)
[26.797s][debug  ][gc,heap        ] GC(98)  Metaspace       used 1021K, committed 1216K, reserved 1056768K
[26.797s][debug  ][gc,heap        ] GC(98)   class space    used 83K, committed 192K, reserved 1048576K
[26.797s][debug  ][gc,task,time   ] GC(98) VM-Thread 267796123 267946883 267968476
[27.065s][debug  ][gc,heap        ] GC(99) Heap before GC invocations=100 (full 16):
[27.065s][debug  ][gc,heap        ] GC(99)  PSYoungGen      total 224256K, used 208399K [0x00000000f0000000, 0x0000000100000000, 0x0000000100000000)
[27.065s][debug  ][gc,heap        ] GC(99)   eden space 186368K, 95% used [0x00000000f0000000,0x00000000fad83cb0,0x00000000fb600000)
[27.065s][debug  ][gc,heap        ] GC(99)   from space 37888K, 81% used [0x00000000fb600000,0x00000000fd400030,0x00000000fdb00000)
[27.065s][debug  ][gc,heap        ] GC(99)   to   space 37376K, 0% used [0x00000000fdb80000,0x00000000fdb80000,0x0000000100000000)
[27.065s][debug  ][gc,heap        ] GC(99)  ParOldGen       total 1835008K, used 1056356K [0x0000000080000000, 0x00000000f0000000, 0x00000000f0000000)
[27.065s][debug  ][gc,heap        ] GC(99)   object space 1835008K, 57% used [0x0000000080000000,0x00000000c07992f8,0x00000000f0000000)
[27.065s][debug  ][gc,heap        ] GC(99)  Metaspace       used 1021K, committed 1216K, reserved 1056768K
[27.065s][debug  ][gc,heap        ] GC(99)   class space    used 83K, committed 192K, reserved 1048576K
[27.065s][debug  ][gc,tlab        ] GC(99) TLAB totals: thrds: 1  refills: 1 max: 1 slow allocs: 16 max 16 waste: 26.0% gc: 3685280B max: 3685280B slow: 0B max: 0B
[27.065s][info   ][gc,start       ] GC(99) Pause Young (Allocation Failure)
[27.065s][debug  ][gc,phases,start] GC(99) Scavenge
[27.080s][debug  ][gc,phases      ] GC(99) Scavenge 14.383ms
[27.080s][debug  ][gc,phases,start] GC(99) Reference Processing
[27.080s][debug  ][gc,ref         ] GC(99) Skipped phase 1 of Reference Processing: no references
[27.080s][debug  ][gc,ref         ] GC(99) Skipped phase 2 of Reference Processing: no references
[27.080s][debug  ][gc,ref         ] GC(99) Skipped phase 3 of Reference Processing: no references
[27.080s][debug  ][gc,ref         ] GC(99) Skipped phase 4 of Reference Processing: no references
[27.080s][debug  ][gc,phases,ref  ] GC(99) Reference Processing: 0.1ms
[27.080s][debug  ][gc,phases,ref  ] GC(99)   Reconsider SoftReferences: 0.0ms
[27.080s][debug  ][gc,phases,ref  ] GC(99)     SoftRef (ms):                  skipped
[27.080s][debug  ][gc,phases,ref  ] GC(99)   Notify Soft/WeakReferences: 0.0ms
[27.080s][debug  ][gc,phases,ref  ] GC(99)     SoftRef (ms):                  skipped
[27.080s][debug  ][gc,phases,ref  ] GC(99)     WeakRef (ms):                  skipped
[27.080s][debug  ][gc,phases,ref  ] GC(99)     FinalRef (ms):                 skipped
[27.080s][debug  ][gc,phases,ref  ] GC(99)     Total (ms):                    skipped
[27.080s][debug  ][gc,phases,ref  ] GC(99)   Notify and keep alive finalizable: 0.0ms
[27.080s][debug  ][gc,phases,ref  ] GC(99)     FinalRef (ms):                 skipped
[27.080s][debug  ][gc,phases,ref  ] GC(99)   Notify PhantomReferences: 0.0ms
[27.080s][debug  ][gc,phases,ref  ] GC(99)     PhantomRef (ms):               skipped
[27.080s][debug  ][gc,phases,ref  ] GC(99)   SoftReference:
[27.080s][debug  ][gc,phases,ref  ] GC(99)     Discovered: 0
[27.080s][debug  ][gc,phases,ref  ] GC(99)     Cleared: 0
[27.081s][debug  ][gc,phases,ref  ] GC(99)   WeakReference:
[27.081s][debug  ][gc,phases,ref  ] GC(99)     Discovered: 0
[27.081s][debug  ][gc,phases,ref  ] GC(99)     Cleared: 0
[27.081s][debug  ][gc,phases,ref  ] GC(99)   FinalReference:
[27.081s][debug  ][gc,phases,ref  ] GC(99)     Discovered: 0
[27.081s][debug  ][gc,phases,ref  ] GC(99)     Cleared: 0
[27.081s][debug  ][gc,phases,ref  ] GC(99)   PhantomReference:
[27.081s][debug  ][gc,phases,ref  ] GC(99)     Discovered: 0
[27.081s][debug  ][gc,phases,ref  ] GC(99)     Cleared: 0
[27.081s][debug  ][gc,phases      ] GC(99) Reference Processing 0.858ms
[27.081s][debug  ][gc,phases,start] GC(99) Weak Processing
[27.081s][debug  ][gc,phases      ] GC(99)   VM Weak                        Min:  0.0, Avg:  0.0, Max:  0.0, Diff:  0.0, Sum:  0.0, Workers: 6
[27.081s][debug  ][gc,phases      ] GC(99)     Dead                           Min: 0, Avg:  0.0, Max: 0, Diff: 0, Sum: 0, Workers: 6
[27.081s][debug  ][gc,phases      ] GC(99)     Total                          Min: 0, Avg:  1.3, Max: 8, Diff: 8, Sum: 8, Workers: 6
[27.081s][debug  ][gc,phases      ] GC(99)   ObjectSynchronizer Weak        Min:  0.0, Avg:  0.0, Max:  0.0, Diff:  0.0, Sum:  0.0, Workers: 6
[27.081s][debug  ][gc,phases      ] GC(99)     Dead                           Min: 0, Avg:  0.0, Max: 0, Diff: 0, Sum: 0, Workers: 6
[27.081s][debug  ][gc,phases      ] GC(99)     Total                          Min: 0, Avg:  0.5, Max: 3, Diff: 3, Sum: 3, Workers: 6
[27.081s][debug  ][gc,phases      ] GC(99)   JVMTI Tag Weak OopStorage      Min:  0.0, Avg:  0.0, Max:  0.0, Diff:  0.0, Sum:  0.0, Workers: 6
[27.081s][debug  ][gc,phases      ] GC(99)     Dead                           Min: 0, Avg:  0.0, Max: 0, Diff: 0, Sum: 0, Workers: 6
[27.081s][debug  ][gc,phases      ] GC(99)     Total                          Min: 0, Avg:  0.0, Max: 0, Diff: 0, Sum: 0, Workers: 6
[27.081s][debug  ][gc,phases      ] GC(99)   StringTable Weak               Min:  0.0, Avg:  0.0, Max:  0.0, Diff:  0.0, Sum:  0.0, Workers: 6
[27.081s][debug  ][gc,phases      ] GC(99)     Dead                           Min: 0, Avg:  0.0, Max: 0, Diff: 0, Sum: 0, Workers: 6
[27.081s][debug  ][gc,phases      ] GC(99)     Total                          Min: 768, Avg: 892.8, Max: 1216, Diff: 448, Sum: 5357, Workers: 6
[27.081s][debug  ][gc,phases      ] GC(99)   ResolvedMethodTable Weak       Min:  0.0, Avg:  0.0, Max:  0.0, Diff:  0.0, Sum:  0.0, Workers: 6
[27.081s][debug  ][gc,phases      ] GC(99)     Dead                           Min: 0, Avg:  0.0, Max: 0, Diff: 0, Sum: 0, Workers: 6
[27.081s][debug  ][gc,phases      ] GC(99)     Total                          Min: 0, Avg: 21.7, Max: 64, Diff: 64, Sum: 130, Workers: 6
[27.081s][debug  ][gc,phases      ] GC(99)   JNI Weak                       Min:  0.0, Avg:  0.0, Max:  0.0, Diff:  0.0, Sum:  0.0, Workers: 6
[27.081s][debug  ][gc,phases      ] GC(99)     Dead                           Min: 0, Avg:  0.0, Max: 0, Diff: 0, Sum: 0, Workers: 6
[27.081s][debug  ][gc,phases      ] GC(99)     Total                          Min: 0, Avg:  0.0, Max: 0, Diff: 0, Sum: 0, Workers: 6
[27.081s][debug  ][gc,phases      ] GC(99)   StringDedup Table Weak         Min:  0.0, Avg:  0.0, Max:  0.0, Diff:  0.0, Sum:  0.0, Workers: 6
[27.081s][debug  ][gc,phases      ] GC(99)     Dead                           Min: 0, Avg:  0.0, Max: 0, Diff: 0, Sum: 0, Workers: 6
[27.081s][debug  ][gc,phases      ] GC(99)     Total                          Min: 0, Avg:  0.0, Max: 0, Diff: 0, Sum: 0, Workers: 6
[27.081s][debug  ][gc,phases      ] GC(99)   StringDedup Requests0 Weak     Min:  0.0, Avg:  0.0, Max:  0.0, Diff:  0.0, Sum:  0.0, Workers: 6
[27.081s][debug  ][gc,phases      ] GC(99)     Dead                           Min: 0, Avg:  0.0, Max: 0, Diff: 0, Sum: 0, Workers: 6
[27.081s][debug  ][gc,phases      ] GC(99)     Total                          Min: 0, Avg:  0.0, Max: 0, Diff: 0, Sum: 0, Workers: 6
[27.081s][debug  ][gc,phases      ] GC(99)   StringDedup Requests1 Weak     Min:  0.0, Avg:  0.0, Max:  0.0, Diff:  0.0, Sum:  0.0, Workers: 6
[27.081s][debug  ][gc,phases      ] GC(99)     Dead                           Min: 0, Avg:  0.0, Max: 0, Diff: 0, Sum: 0, Workers: 6
[27.081s][debug  ][gc,phases      ] GC(99)     Total                          Min: 0, Avg:  0.0, Max: 0, Diff: 0, Sum: 0, Workers: 6
[27.082s][debug  ][gc,phases      ] GC(99)   Weak JFR Old Object Samples    Min:  0.0, Avg:  0.0, Max:  0.0, Diff:  0.0, Sum:  0.0, Workers: 6
[27.082s][debug  ][gc,phases      ] GC(99)     Dead                           Min: 0, Avg:  0.0, Max: 0, Diff: 0, Sum: 0, Workers: 6
[27.082s][debug  ][gc,phases      ] GC(99)     Total                          Min: 0, Avg:  0.0, Max: 0, Diff: 0, Sum: 0, Workers: 6
[27.082s][debug  ][gc,phases      ] GC(99) Weak Processing 0.799ms
[27.082s][debug  ][gc,ergo        ] GC(99) AdaptiveSizeStart:  collection: 100 
[27.082s][debug  ][gc,ergo        ] GC(99) avg_survived_padded_avg: 37978020.000000
[27.082s][debug  ][gc,ergo        ] GC(99) avg_promoted_padded_avg: 227903968.000000  avg_pretenured_padded_avg: 0.000000  tenuring_thresh: 12  target_size: 38273024
[27.082s][debug  ][gc,age         ] GC(99) Desired survivor size 38273024 bytes, new threshold 12 (max threshold 15)
[27.082s][debug  ][gc,ergo        ] GC(99) PSAdaptiveSizePolicy::compute_eden_space_size limits: desired_eden_size: 208833002 old_eden_size: 190840832 eden_limit: 191365120 cur_eden: 190840832 max_eden_size: 191365120 avg_young_live: 25600620
[27.082s][debug  ][gc,ergo        ] GC(99) PSAdaptiveSizePolicy::compute_eden_space_size: costs minor_time: 0.048183 major_cost: 0.054312 mutator_cost: 0.897505 throughput_goal: 0.990000
[27.082s][debug  ][gc,ergo        ] GC(99) Live_space: 1036219648 free_space: 1417674752
[27.082s][debug  ][gc,ergo        ] GC(99) Old eden_size: 190840832 desired_eden_size: 191365120
[27.082s][debug  ][gc,ergo        ] GC(99) AdaptiveSizeStop: collection: 100 
[27.082s][info   ][gc,heap        ] GC(99) PSYoungGen: 208399K(224256K)->30720K(224768K) Eden: 177679K(186368K)->0K(187392K) From: 30720K(37888K)->30720K(37376K)
[27.082s][info   ][gc,heap        ] GC(99) ParOldGen: 1056356K(1835008K)->1230437K(1835008K)
[27.082s][info   ][gc,metaspace   ] GC(99) Metaspace: 1021K(1216K)->1021K(1216K) NonClass: 937K(1024K)->937K(1024K) Class: 83K(192K)->83K(192K)
[27.082s][info   ][gc             ] GC(99) Pause Young (Allocation Failure) 1235M->1231M(2011M) 16.557ms
[27.082s][info   ][gc,cpu         ] GC(99) User=0.16s Sys=0.00s Real=0.02s
[27.082s][debug  ][gc,heap        ] GC(99) Heap after GC invocations=100 (full 16):
[27.082s][debug  ][gc,heap        ] GC(99)  PSYoungGen      total 224768K, used 30720K [0x00000000f0000000, 0x0000000100000000, 0x0000000100000000)
[27.082s][debug  ][gc,heap        ] GC(99)   eden space 187392K, 0% used [0x00000000f0000000,0x00000000f0000000,0x00000000fb700000)
[27.082s][debug  ][gc,heap        ] GC(99)   from space 37376K, 82% used [0x00000000fdb80000,0x00000000ff980030,0x0000000100000000)
[27.082s][debug  ][gc,heap        ] GC(99)   to   space 37376K, 0% used [0x00000000fb700000,0x00000000fb700000,0x00000000fdb80000)
[27.082s][debug  ][gc,heap        ] GC(99)  ParOldGen       total 1835008K, used 1230437K [0x0000000080000000, 0x00000000f0000000, 0x00000000f0000000)
[27.082s][debug  ][gc,heap        ] GC(99)   object space 1835008K, 67% used [0x0000000080000000,0x00000000cb199408,0x00000000f0000000)
[27.082s][debug  ][gc,heap        ] GC(99)  Metaspace       used 1021K, committed 1216K, reserved 1056768K
[27.082s][debug  ][gc,heap        ] GC(99)   class space    used 83K, committed 192K, reserved 1048576K
[27.082s][debug  ][gc,task,time   ] GC(99) VM-Thread 270648768 270799031 270822034
[27.351s][debug  ][gc,heap        ] GC(100) Heap before GC invocations=101 (full 16):
[27.351s][debug  ][gc,heap        ] GC(100)  PSYoungGen      total 224768K, used 208437K [0x00000000f0000000, 0x0000000100000000, 0x0000000100000000)
[27.351s][debug  ][gc,heap        ] GC(100)   eden space 187392K, 94% used [0x00000000f0000000,0x00000000fad8d650,0x00000000fb700000)
[27.351s][debug  ][gc,heap        ] GC(100)   from space 37376K, 82% used [0x00000000fdb80000,0x00000000ff980030,0x0000000100000000)
[27.351s][debug  ][gc,heap        ] GC(100)   to   space 37376K, 0% used [0x00000000fb700000,0x00000000fb700000,0x00000000fdb80000)
[27.351s][debug  ][gc,heap        ] GC(100)  ParOldGen       total 1835008K, used 1230437K [0x0000000080000000, 0x00000000f0000000, 0x00000000f0000000)
[27.351s][debug  ][gc,heap        ] GC(100)   object space 1835008K, 67% used [0x0000000080000000,0x00000000cb199408,0x00000000f0000000)
[27.351s][debug  ][gc,heap        ] GC(100)  Metaspace       used 1021K, committed 1216K, reserved 1056768K
[27.351s][debug  ][gc,heap        ] GC(100)   class space    used 83K, committed 192K, reserved 1048576K
[27.351s][debug  ][gc,tlab        ] GC(100) TLAB totals: thrds: 1  refills: 1 max: 1 slow allocs: 16 max 16 waste: 26.2% gc: 3724608B max: 3724608B slow: 0B max: 0B
[27.351s][info   ][gc,start       ] GC(100) Pause Young (Allocation Failure)
[27.351s][debug  ][gc,phases,start] GC(100) Scavenge
[27.365s][debug  ][gc,phases      ] GC(100) Scavenge 14.123ms
[27.365s][debug  ][gc,phases,start] GC(100) Reference Processing
[27.366s][debug  ][gc,ref         ] GC(100) Skipped phase 1 of Reference Processing: no references
[27.366s][debug  ][gc,ref         ] GC(100) Skipped phase 2 of Reference Processing: no references
[27.366s][debug  ][gc,ref         ] GC(100) Skipped phase 3 of Reference Processing: no references
[27.366s][debug  ][gc,ref         ] GC(100) Skipped phase 4 of Reference Processing: no references
[27.366s][debug  ][gc,phases,ref  ] GC(100) Reference Processing: 0.1ms
[27.366s][debug  ][gc,phases,ref  ] GC(100)   Reconsider SoftReferences: 0.0ms
[27.366s][debug  ][gc,phases,ref  ] GC(100)     SoftRef (ms):                  skipped
[27.366s][debug  ][gc,phases,ref  ] GC(100)   Notify Soft/WeakReferences: 0.0ms
[27.366s][debug  ][gc,phases,ref  ] GC(100)     SoftRef (ms):                  skipped
[27.366s][debug  ][gc,phases,ref  ] GC(100)     WeakRef (ms):                  skipped
[27.366s][debug  ][gc,phases,ref  ] GC(100)     FinalRef (ms):                 skipped
[27.366s][debug  ][gc,phases,ref  ] GC(100)     Total (ms):                    skipped
[27.366s][debug  ][gc,phases,ref  ] GC(100)   Notify and keep alive finalizable: 0.0ms
[27.366s][debug  ][gc,phases,ref  ] GC(100)     FinalRef (ms):                 skipped
[27.366s][debug  ][gc,phases,ref  ] GC(100)   Notify PhantomReferences: 0.0ms
[27.366s][debug  ][gc,phases,ref  ] GC(100)     PhantomRef (ms):               skipped
[27.366s][debug  ][gc,phases,ref  ] GC(100)   SoftReference:
[27.366s][debug  ][gc,phases,ref  ] GC(100)     Discovered: 0
[27.366s][debug  ][gc,phases,ref  ] GC(100)     Cleared: 0
[27.366s][debug  ][gc,phases,ref  ] GC(100)   WeakReference:
[27.366s][debug  ][gc,phases,ref  ] GC(100)     Discovered: 0
[27.366s][debug  ][gc,phases,ref  ] GC(100)     Cleared: 0
[27.366s][debug  ][gc,phases,ref  ] GC(100)   FinalReference:
[27.366s][debug  ][gc,phases,ref  ] GC(100)     Discovered: 0
[27.366s][debug  ][gc,phases,ref  ] GC(100)     Cleared: 0
[27.366s][debug  ][gc,phases,ref  ] GC(100)   PhantomReference:
[27.366s][debug  ][gc,phases,ref  ] GC(100)     Discovered: 0
[27.366s][debug  ][gc,phases,ref  ] GC(100)     Cleared: 0
[27.366s][debug  ][gc,phases      ] GC(100) Reference Processing 0.692ms
[27.366s][debug  ][gc,phases,start] GC(100) Weak Processing
[27.366s][debug  ][gc,phases      ] GC(100)   VM Weak                        Min:  0.0, Avg:  0.0, Max:  0.0, Diff:  0.0, Sum:  0.0, Workers: 6
[27.366s][debug  ][gc,phases      ] GC(100)     Dead                           Min: 0, Avg:  0.0, Max: 0, Diff: 0, Sum: 0, Workers: 6
[27.366s][debug  ][gc,phases      ] GC(100)     Total                          Min: 0, Avg:  1.3, Max: 8, Diff: 8, Sum: 8, Workers: 6
[27.366s][debug  ][gc,phases      ] GC(100)   ObjectSynchronizer Weak        Min:  0.0, Avg:  0.0, Max:  0.0, Diff:  0.0, Sum:  0.0, Workers: 6
[27.366s][debug  ][gc,phases      ] GC(100)     Dead                           Min: 0, Avg:  0.0, Max: 0, Diff: 0, Sum: 0, Workers: 6
[27.366s][debug  ][gc,phases      ] GC(100)     Total                          Min: 0, Avg:  0.5, Max: 3, Diff: 3, Sum: 3, Workers: 6
[27.366s][debug  ][gc,phases      ] GC(100)   JVMTI Tag Weak OopStorage      Min:  0.0, Avg:  0.0, Max:  0.0, Diff:  0.0, Sum:  0.0, Workers: 6
[27.366s][debug  ][gc,phases      ] GC(100)     Dead                           Min: 0, Avg:  0.0, Max: 0, Diff: 0, Sum: 0, Workers: 6
[27.366s][debug  ][gc,phases      ] GC(100)     Total                          Min: 0, Avg:  0.0, Max: 0, Diff: 0, Sum: 0, Workers: 6
[27.366s][debug  ][gc,phases      ] GC(100)   StringTable Weak               Min:  0.0, Avg:  0.0, Max:  0.0, Diff:  0.0, Sum:  0.0, Workers: 6
[27.366s][debug  ][gc,phases      ] GC(100)     Dead                           Min: 0, Avg:  0.0, Max: 0, Diff: 0, Sum: 0, Workers: 6
[27.366s][debug  ][gc,phases      ] GC(100)     Total                          Min: 750, Avg: 892.8, Max: 1152, Diff: 402, Sum: 5357, Workers: 6
[27.367s][debug  ][gc,phases      ] GC(100)   ResolvedMethodTable Weak       Min:  0.0, Avg:  0.0, Max:  0.0, Diff:  0.0, Sum:  0.0, Workers: 6
[27.367s][debug  ][gc,phases      ] GC(100)     Dead                           Min: 0, Avg:  0.0, Max: 0, Diff: 0, Sum: 0, Workers: 6
[27.367s][debug  ][gc,phases      ] GC(100)     Total                          Min: 0, Avg: 21.7, Max: 66, Diff: 66, Sum: 130, Workers: 6
[27.367s][debug  ][gc,phases      ] GC(100)   JNI Weak                       Min:  0.0, Avg:  0.0, Max:  0.0, Diff:  0.0, Sum:  0.0, Workers: 6
[27.367s][debug  ][gc,phases      ] GC(100)     Dead                           Min: 0, Avg:  0.0, Max: 0, Diff: 0, Sum: 0, Workers: 6
[27.367s][debug  ][gc,phases      ] GC(100)     Total                          Min: 0, Avg:  0.0, Max: 0, Diff: 0, Sum: 0, Workers: 6
[27.367s][debug  ][gc,phases      ] GC(100)   StringDedup Table Weak         Min:  0.0, Avg:  0.0, Max:  0.0, Diff:  0.0, Sum:  0.0, Workers: 6
[27.367s][debug  ][gc,phases      ] GC(100)     Dead                           Min: 0, Avg:  0.0, Max: 0, Diff: 0, Sum: 0, Workers: 6
[27.367s][debug  ][gc,phases      ] GC(100)     Total                          Min: 0, Avg:  0.0, Max: 0, Diff: 0, Sum: 0, Workers: 6
[27.367s][debug  ][gc,phases      ] GC(100)   StringDedup Requests0 Weak     Min:  0.0, Avg:  0.0, Max:  0.0, Diff:  0.0, Sum:  0.0, Workers: 6
[27.367s][debug  ][gc,phases      ] GC(100)     Dead                           Min: 0, Avg:  0.0, Max: 0, Diff: 0, Sum: 0, Workers: 6
[27.367s][debug  ][gc,phases      ] GC(100)     Total                          Min: 0, Avg:  0.0, Max: 0, Diff: 0, Sum: 0, Workers: 6
[27.367s][debug  ][gc,phases      ] GC(100)   StringDedup Requests1 Weak     Min:  0.0, Avg:  0.0, Max:  0.0, Diff:  0.0, Sum:  0.0, Workers: 6
[27.367s][debug  ][gc,phases      ] GC(100)     Dead                           Min: 0, Avg:  0.0, Max: 0, Diff: 0, Sum: 0, Workers: 6
[27.367s][debug  ][gc,phases      ] GC(100)     Total                          Min: 0, Avg:  0.0, Max: 0, Diff: 0, Sum: 0, Workers: 6
[27.367s][debug  ][gc,phases      ] GC(100)   Weak JFR Old Object Samples    Min:  0.0, Avg:  0.0, Max:  0.0, Diff:  0.0, Sum:  0.0, Workers: 6
[27.367s][debug  ][gc,phases      ] GC(100)     Dead                           Min: 0, Avg:  0.0, Max: 0, Diff: 0, Sum: 0, Workers: 6
[27.367s][debug  ][gc,phases      ] GC(100)     Total                          Min: 0, Avg:  0.0, Max: 0, Diff: 0, Sum: 0, Workers: 6
[27.367s][debug  ][gc,phases      ] GC(100) Weak Processing 0.710ms
[27.367s][debug  ][gc,ergo        ] GC(100) AdaptiveSizeStart:  collection: 101 
[27.367s][debug  ][gc,ergo        ] GC(100) avg_survived_padded_avg: 37729704.000000
[27.367s][debug  ][gc,ergo        ] GC(100) avg_promoted_padded_avg: 230069824.000000  avg_pretenured_padded_avg: 0.000000  tenuring_thresh: 12  target_size: 37748736
[27.367s][debug  ][gc,age         ] GC(100) Desired survivor size 37748736 bytes, new threshold 12 (max threshold 15)
[27.367s][debug  ][gc,ergo        ] GC(100) PSAdaptiveSizePolicy::compute_eden_space_size limits: desired_eden_size: 210454716 old_eden_size: 191365120 eden_limit: 191889408 cur_eden: 191889408 max_eden_size: 191889408 avg_young_live: 26186290
[27.367s][debug  ][gc,ergo        ] GC(100) PSAdaptiveSizePolicy::compute_eden_space_size: costs minor_time: 0.049838 major_cost: 0.054312 mutator_cost: 0.895850 throughput_goal: 0.990000
[27.367s][debug  ][gc,ergo        ] GC(100) Live_space: 1036805376 free_space: 1418199040
[27.367s][debug  ][gc,ergo        ] GC(100) Old eden_size: 191365120 desired_eden_size: 191889408
[27.367s][debug  ][gc,ergo        ] GC(100) AdaptiveSizeStop: collection: 101 
[27.367s][info   ][gc,heap        ] GC(100) PSYoungGen: 208437K(224768K)->30720K(224768K) Eden: 177717K(187392K)->0K(187392K) From: 30720K(37376K)->30720K(37376K)
[27.367s][info   ][gc,heap        ] GC(100) ParOldGen: 1230437K(1835008K)->1404517K(1835008K)
[27.367s][info   ][gc,metaspace   ] GC(100) Metaspace: 1021K(1216K)->1021K(1216K) NonClass: 937K(1024K)->937K(1024K) Class: 83K(192K)->83K(192K)
[27.367s][info   ][gc             ] GC(100) Pause Young (Allocation Failure) 1405M->1401M(2011M) 15.991ms
[27.367s][info   ][gc,cpu         ] GC(100) User=0.16s Sys=0.00s Real=0.02s
[27.367s][debug  ][gc,heap        ] GC(100) Heap after GC invocations=101 (full 16):
[27.367s][debug  ][gc,heap        ] GC(100)  PSYoungGen      total 224768K, used 30720K [0x00000000f0000000, 0x0000000100000000, 0x0000000100000000)
[27.367s][debug  ][gc,heap        ] GC(100)   eden space 187392K, 0% used [0x00000000f0000000,0x00000000f0000000,0x00000000fb700000)
[27.367s][debug  ][gc,heap        ] GC(100)   from space 37376K, 82% used [0x00000000fb700000,0x00000000fd500030,0x00000000fdb80000)
[27.367s][debug  ][gc,heap        ] GC(100)   to   space 36864K, 0% used [0x00000000fdc00000,0x00000000fdc00000,0x0000000100000000)
[27.367s][debug  ][gc,heap        ] GC(100)  ParOldGen       total 1835008K, used 1404517K [0x0000000080000000, 0x00000000f0000000, 0x00000000f0000000)
[27.367s][debug  ][gc,heap        ] GC(100)   object space 1835008K, 76% used [0x0000000080000000,0x00000000d5b99518,0x00000000f0000000)
[27.367s][debug  ][gc,heap        ] GC(100)  Metaspace       used 1021K, committed 1216K, reserved 1056768K
[27.367s][debug  ][gc,heap        ] GC(100)   class space    used 83K, committed 192K, reserved 1048576K
[27.367s][debug  ][gc,task,time   ] GC(100) VM-Thread 273508414 273654933 273674879
[27.635s][debug  ][gc,heap        ] GC(101) Heap before GC invocations=102 (full 16):
[27.635s][debug  ][gc,heap        ] GC(101)  PSYoungGen      total 224768K, used 208449K [0x00000000f0000000, 0x0000000100000000, 0x0000000100000000)
[27.635s][debug  ][gc,heap        ] GC(101)   eden space 187392K, 94% used [0x00000000f0000000,0x00000000fad905a8,0x00000000fb700000)
[27.635s][debug  ][gc,heap        ] GC(101)   from space 37376K, 82% used [0x00000000fb700000,0x00000000fd500030,0x00000000fdb80000)
[27.635s][debug  ][gc,heap        ] GC(101)   to   space 36864K, 0% used [0x00000000fdc00000,0x00000000fdc00000,0x0000000100000000)
[27.635s][debug  ][gc,heap        ] GC(101)  ParOldGen       total 1835008K, used 1404517K [0x0000000080000000, 0x00000000f0000000, 0x00000000f0000000)
[27.635s][debug  ][gc,heap        ] GC(101)   object space 1835008K, 76% used [0x0000000080000000,0x00000000d5b99518,0x00000000f0000000)
[27.635s][debug  ][gc,heap        ] GC(101)  Metaspace       used 1021K, committed 1216K, reserved 1056768K
[27.635s][debug  ][gc,heap        ] GC(101)   class space    used 83K, committed 192K, reserved 1048576K
[27.635s][debug  ][gc,tlab        ] GC(101) TLAB totals: thrds: 1  refills: 1 max: 1 slow allocs: 16 max 16 waste: 26.3% gc: 3736728B max: 3736728B slow: 0B max: 0B
[27.635s][info   ][gc,start       ] GC(101) Pause Young (Allocation Failure)
[27.635s][debug  ][gc,phases,start] GC(101) Scavenge
[27.650s][debug  ][gc,phases      ] GC(101) Scavenge 14.521ms
[27.650s][debug  ][gc,phases,start] GC(101) Reference Processing
[27.650s][debug  ][gc,ref         ] GC(101) Skipped phase 1 of Reference Processing: no references
[27.650s][debug  ][gc,ref         ] GC(101) Skipped phase 2 of Reference Processing: no references
[27.650s][debug  ][gc,ref         ] GC(101) Skipped phase 3 of Reference Processing: no references
[27.650s][debug  ][gc,ref         ] GC(101) Skipped phase 4 of Reference Processing: no references
[27.650s][debug  ][gc,phases,ref  ] GC(101) Reference Processing: 0.1ms
[27.650s][debug  ][gc,phases,ref  ] GC(101)   Reconsider SoftReferences: 0.0ms
[27.650s][debug  ][gc,phases,ref  ] GC(101)     SoftRef (ms):                  skipped
[27.650s][debug  ][gc,phases,ref  ] GC(101)   Notify Soft/WeakReferences: 0.0ms
[27.650s][debug  ][gc,phases,ref  ] GC(101)     SoftRef (ms):                  skipped
[27.650s][debug  ][gc,phases,ref  ] GC(101)     WeakRef (ms):                  skipped
[27.650s][debug  ][gc,phases,ref  ] GC(101)     FinalRef (ms):                 skipped
[27.650s][debug  ][gc,phases,ref  ] GC(101)     Total (ms):                    skipped
[27.650s][debug  ][gc,phases,ref  ] GC(101)   Notify and keep alive finalizable: 0.0ms
[27.650s][debug  ][gc,phases,ref  ] GC(101)     FinalRef (ms):                 skipped
[27.650s][debug  ][gc,phases,ref  ] GC(101)   Notify PhantomReferences: 0.0ms
[27.650s][debug  ][gc,phases,ref  ] GC(101)     PhantomRef (ms):               skipped
[27.650s][debug  ][gc,phases,ref  ] GC(101)   SoftReference:
[27.650s][debug  ][gc,phases,ref  ] GC(101)     Discovered: 0
[27.650s][debug  ][gc,phases,ref  ] GC(101)     Cleared: 0
[27.650s][debug  ][gc,phases,ref  ] GC(101)   WeakReference:
[27.650s][debug  ][gc,phases,ref  ] GC(101)     Discovered: 0
[27.650s][debug  ][gc,phases,ref  ] GC(101)     Cleared: 0
[27.650s][debug  ][gc,phases,ref  ] GC(101)   FinalReference:
[27.650s][debug  ][gc,phases,ref  ] GC(101)     Discovered: 0
[27.650s][debug  ][gc,phases,ref  ] GC(101)     Cleared: 0
[27.650s][debug  ][gc,phases,ref  ] GC(101)   PhantomReference:
[27.650s][debug  ][gc,phases,ref  ] GC(101)     Discovered: 0
[27.650s][debug  ][gc,phases,ref  ] GC(101)     Cleared: 0
[27.650s][debug  ][gc,phases      ] GC(101) Reference Processing 0.726ms
[27.650s][debug  ][gc,phases,start] GC(101) Weak Processing
[27.650s][debug  ][gc,phases      ] GC(101)   VM Weak                        Min:  0.0, Avg:  0.0, Max:  0.0, Diff:  0.0, Sum:  0.0, Workers: 6
[27.651s][debug  ][gc,phases      ] GC(101)     Dead                           Min: 0, Avg:  0.0, Max: 0, Diff: 0, Sum: 0, Workers: 6
[27.651s][debug  ][gc,phases      ] GC(101)     Total                          Min: 0, Avg:  1.3, Max: 8, Diff: 8, Sum: 8, Workers: 6
[27.651s][debug  ][gc,phases      ] GC(101)   ObjectSynchronizer Weak        Min:  0.0, Avg:  0.0, Max:  0.0, Diff:  0.0, Sum:  0.0, Workers: 6
[27.651s][debug  ][gc,phases      ] GC(101)     Dead                           Min: 0, Avg:  0.0, Max: 0, Diff: 0, Sum: 0, Workers: 6
[27.651s][debug  ][gc,phases      ] GC(101)     Total                          Min: 0, Avg:  0.5, Max: 3, Diff: 3, Sum: 3, Workers: 6
[27.651s][debug  ][gc,phases      ] GC(101)   JVMTI Tag Weak OopStorage      Min:  0.0, Avg:  0.0, Max:  0.0, Diff:  0.0, Sum:  0.0, Workers: 6
[27.651s][debug  ][gc,phases      ] GC(101)     Dead                           Min: 0, Avg:  0.0, Max: 0, Diff: 0, Sum: 0, Workers: 6
[27.651s][debug  ][gc,phases      ] GC(101)     Total                          Min: 0, Avg:  0.0, Max: 0, Diff: 0, Sum: 0, Workers: 6
[27.651s][debug  ][gc,phases      ] GC(101)   StringTable Weak               Min:  0.0, Avg:  0.0, Max:  0.0, Diff:  0.0, Sum:  0.0, Workers: 6
[27.651s][debug  ][gc,phases      ] GC(101)     Dead                           Min: 0, Avg:  0.0, Max: 0, Diff: 0, Sum: 0, Workers: 6
[27.651s][debug  ][gc,phases      ] GC(101)     Total                          Min: 704, Avg: 892.8, Max: 1216, Diff: 512, Sum: 5357, Workers: 6
[27.651s][debug  ][gc,phases      ] GC(101)   ResolvedMethodTable Weak       Min:  0.0, Avg:  0.0, Max:  0.0, Diff:  0.0, Sum:  0.0, Workers: 6
[27.651s][debug  ][gc,phases      ] GC(101)     Dead                           Min: 0, Avg:  0.0, Max: 0, Diff: 0, Sum: 0, Workers: 6
[27.651s][debug  ][gc,phases      ] GC(101)     Total                          Min: 0, Avg: 21.7, Max: 66, Diff: 66, Sum: 130, Workers: 6
[27.651s][debug  ][gc,phases      ] GC(101)   JNI Weak                       Min:  0.0, Avg:  0.0, Max:  0.0, Diff:  0.0, Sum:  0.0, Workers: 6
[27.651s][debug  ][gc,phases      ] GC(101)     Dead                           Min: 0, Avg:  0.0, Max: 0, Diff: 0, Sum: 0, Workers: 6
[27.651s][debug  ][gc,phases      ] GC(101)     Total                          Min: 0, Avg:  0.0, Max: 0, Diff: 0, Sum: 0, Workers: 6
[27.651s][debug  ][gc,phases      ] GC(101)   StringDedup Table Weak         Min:  0.0, Avg:  0.0, Max:  0.0, Diff:  0.0, Sum:  0.0, Workers: 6
[27.651s][debug  ][gc,phases      ] GC(101)     Dead                           Min: 0, Avg:  0.0, Max: 0, Diff: 0, Sum: 0, Workers: 6
[27.651s][debug  ][gc,phases      ] GC(101)     Total                          Min: 0, Avg:  0.0, Max: 0, Diff: 0, Sum: 0, Workers: 6
[27.651s][debug  ][gc,phases      ] GC(101)   StringDedup Requests0 Weak     Min:  0.0, Avg:  0.0, Max:  0.0, Diff:  0.0, Sum:  0.0, Workers: 6
[27.651s][debug  ][gc,phases      ] GC(101)     Dead                           Min: 0, Avg:  0.0, Max: 0, Diff: 0, Sum: 0, Workers: 6
[27.651s][debug  ][gc,phases      ] GC(101)     Total                          Min: 0, Avg:  0.0, Max: 0, Diff: 0, Sum: 0, Workers: 6
[27.651s][debug  ][gc,phases      ] GC(101)   StringDedup Requests1 Weak     Min:  0.0, Avg:  0.0, Max:  0.0, Diff:  0.0, Sum:  0.0, Workers: 6
[27.651s][debug  ][gc,phases      ] GC(101)     Dead                           Min: 0, Avg:  0.0, Max: 0, Diff: 0, Sum: 0, Workers: 6
[27.651s][debug  ][gc,phases      ] GC(101)     Total                          Min: 0, Avg:  0.0, Max: 0, Diff: 0, Sum: 0, Workers: 6
[27.651s][debug  ][gc,phases      ] GC(101)   Weak JFR Old Object Samples    Min:  0.0, Avg:  0.0, Max:  0.0, Diff:  0.0, Sum:  0.0, Workers: 6
[27.651s][debug  ][gc,phases      ] GC(101)     Dead                           Min: 0, Avg:  0.0, Max: 0, Diff: 0, Sum: 0, Workers: 6
[27.651s][debug  ][gc,phases      ] GC(101)     Total                          Min: 0, Avg:  0.0, Max: 0, Diff: 0, Sum: 0, Workers: 6
[27.651s][debug  ][gc,phases      ] GC(101) Weak Processing 0.774ms
[27.651s][debug  ][gc,ergo        ] GC(101) AdaptiveSizeStart:  collection: 102 
[27.651s][debug  ][gc,ergo        ] GC(101) avg_survived_padded_avg: 37465848.000000
[27.651s][debug  ][gc,ergo        ] GC(101) avg_promoted_padded_avg: 231306064.000000  avg_pretenured_padded_avg: 0.000000  tenuring_thresh: 12  target_size: 37748736
[27.651s][debug  ][gc,age         ] GC(101) Desired survivor size 37748736 bytes, new threshold 12 (max threshold 15)
[27.651s][debug  ][gc,ergo        ] GC(101) PSAdaptiveSizePolicy::compute_eden_space_size limits: desired_eden_size: 210788353 old_eden_size: 191889408 eden_limit: 192413696 cur_eden: 191889408 max_eden_size: 192413696 avg_young_live: 26713394
[27.651s][debug  ][gc,ergo        ] GC(101) PSAdaptiveSizePolicy::compute_eden_space_size: costs minor_time: 0.051584 major_cost: 0.054312 mutator_cost: 0.894104 throughput_goal: 0.990000
[27.651s][debug  ][gc,ergo        ] GC(101) Live_space: 1037332480 free_space: 1418723328
[27.651s][debug  ][gc,ergo        ] GC(101) Old eden_size: 191889408 desired_eden_size: 192413696
[27.651s][debug  ][gc,ergo        ] GC(101) AdaptiveSizeStop: collection: 102 
[27.651s][info   ][gc,heap        ] GC(101) PSYoungGen: 208449K(224768K)->30720K(225280K) Eden: 177729K(187392K)->0K(188416K) From: 30720K(37376K)->30720K(36864K)
[27.651s][info   ][gc,heap        ] GC(101) ParOldGen: 1404517K(1835008K)->1578597K(1835008K)
[27.652s][info   ][gc,metaspace   ] GC(101) Metaspace: 1021K(1216K)->1021K(1216K) NonClass: 937K(1024K)->937K(1024K) Class: 83K(192K)->83K(192K)
[27.652s][info   ][gc             ] GC(101) Pause Young (Allocation Failure) 1575M->1571M(2012M) 16.548ms
[27.652s][info   ][gc,cpu         ] GC(101) User=0.16s Sys=0.00s Real=0.02s
[27.652s][debug  ][gc,heap        ] GC(101) Heap after GC invocations=102 (full 16):
[27.652s][debug  ][gc,heap        ] GC(101)  PSYoungGen      total 225280K, used 30720K [0x00000000f0000000, 0x0000000100000000, 0x0000000100000000)
[27.652s][debug  ][gc,heap        ] GC(101)   eden space 188416K, 0% used [0x00000000f0000000,0x00000000f0000000,0x00000000fb800000)
[27.652s][debug  ][gc,heap        ] GC(101)   from space 36864K, 83% used [0x00000000fdc00000,0x00000000ffa00030,0x0000000100000000)
[27.652s][debug  ][gc,heap        ] GC(101)   to   space 36864K, 0% used [0x00000000fb800000,0x00000000fb800000,0x00000000fdc00000)
[27.652s][debug  ][gc,heap        ] GC(101)  ParOldGen       total 1835008K, used 1578597K [0x0000000080000000, 0x00000000f0000000, 0x00000000f0000000)
[27.652s][debug  ][gc,heap        ] GC(101)   object space 1835008K, 86% used [0x0000000080000000,0x00000000e0599628,0x00000000f0000000)
[27.652s][debug  ][gc,heap        ] GC(101)  Metaspace       used 1021K, committed 1216K, reserved 1056768K
[27.652s][debug  ][gc,heap        ] GC(101)   class space    used 83K, committed 192K, reserved 1048576K
[27.652s][debug  ][gc,task,time   ] GC(101) VM-Thread 276344995 276496776 276518294
[27.935s][debug  ][gc,heap        ] GC(102) Heap before GC invocations=103 (full 16):
[27.935s][debug  ][gc,heap        ] GC(102)  PSYoungGen      total 225280K, used 218717K [0x00000000f0000000, 0x0000000100000000, 0x0000000100000000)
[27.935s][debug  ][gc,heap        ] GC(102)   eden space 188416K, 99% used [0x00000000f0000000,0x00000000fb797418,0x00000000fb800000)
[27.935s][debug  ][gc,heap        ] GC(102)   from space 36864K, 83% used [0x00000000fdc00000,0x00000000ffa00030,0x0000000100000000)
[27.935s][debug  ][gc,heap        ] GC(102)   to   space 36864K, 0% used [0x00000000fb800000,0x00000000fb800000,0x00000000fdc00000)
[27.935s][debug  ][gc,heap        ] GC(102)  ParOldGen       total 1835008K, used 1578597K [0x0000000080000000, 0x00000000f0000000, 0x00000000f0000000)
[27.935s][debug  ][gc,heap        ] GC(102)   object space 1835008K, 86% used [0x0000000080000000,0x00000000e0599628,0x00000000f0000000)
[27.935s][debug  ][gc,heap        ] GC(102)  Metaspace       used 1021K, committed 1216K, reserved 1056768K
[27.935s][debug  ][gc,heap        ] GC(102)   class space    used 83K, committed 192K, reserved 1048576K
[27.935s][debug  ][gc,tlab        ] GC(102) TLAB totals: thrds: 1  refills: 1 max: 1 slow allocs: 17 max 17 waste: 26.4% gc: 3764984B max: 3764984B slow: 0B max: 0B
[27.935s][info   ][gc,start       ] GC(102) Pause Young (Allocation Failure)
[27.935s][debug  ][gc,phases,start] GC(102) Scavenge
[27.951s][debug  ][gc,phases      ] GC(102) Scavenge 15.243ms
[27.951s][debug  ][gc,phases,start] GC(102) Reference Processing
[27.951s][debug  ][gc,ref         ] GC(102) Skipped phase 1 of Reference Processing: no references
[27.951s][debug  ][gc,ref         ] GC(102) Skipped phase 2 of Reference Processing: no references
[27.951s][debug  ][gc,ref         ] GC(102) Skipped phase 3 of Reference Processing: no references
[27.951s][debug  ][gc,ref         ] GC(102) Skipped phase 4 of Reference Processing: no references
[27.951s][debug  ][gc,phases,ref  ] GC(102) Reference Processing: 0.1ms
[27.951s][debug  ][gc,phases,ref  ] GC(102)   Reconsider SoftReferences: 0.0ms
[27.951s][debug  ][gc,phases,ref  ] GC(102)     SoftRef (ms):                  skipped
[27.951s][debug  ][gc,phases,ref  ] GC(102)   Notify Soft/WeakReferences: 0.0ms
[27.951s][debug  ][gc,phases,ref  ] GC(102)     SoftRef (ms):                  skipped
[27.951s][debug  ][gc,phases,ref  ] GC(102)     WeakRef (ms):                  skipped
[27.951s][debug  ][gc,phases,ref  ] GC(102)     FinalRef (ms):                 skipped
[27.951s][debug  ][gc,phases,ref  ] GC(102)     Total (ms):                    skipped
[27.951s][debug  ][gc,phases,ref  ] GC(102)   Notify and keep alive finalizable: 0.0ms
[27.951s][debug  ][gc,phases,ref  ] GC(102)     FinalRef (ms):                 skipped
[27.951s][debug  ][gc,phases,ref  ] GC(102)   Notify PhantomReferences: 0.0ms
[27.951s][debug  ][gc,phases,ref  ] GC(102)     PhantomRef (ms):               skipped
[27.951s][debug  ][gc,phases,ref  ] GC(102)   SoftReference:
[27.951s][debug  ][gc,phases,ref  ] GC(102)     Discovered: 0
[27.951s][debug  ][gc,phases,ref  ] GC(102)     Cleared: 0
[27.951s][debug  ][gc,phases,ref  ] GC(102)   WeakReference:
[27.951s][debug  ][gc,phases,ref  ] GC(102)     Discovered: 0
[27.951s][debug  ][gc,phases,ref  ] GC(102)     Cleared: 0
[27.951s][debug  ][gc,phases,ref  ] GC(102)   FinalReference:
[27.951s][debug  ][gc,phases,ref  ] GC(102)     Discovered: 0
[27.951s][debug  ][gc,phases,ref  ] GC(102)     Cleared: 0
[27.951s][debug  ][gc,phases,ref  ] GC(102)   PhantomReference:
[27.951s][debug  ][gc,phases,ref  ] GC(102)     Discovered: 0
[27.951s][debug  ][gc,phases,ref  ] GC(102)     Cleared: 0
[27.951s][debug  ][gc,phases      ] GC(102) Reference Processing 0.700ms
[27.952s][debug  ][gc,phases,start] GC(102) Weak Processing
[27.952s][debug  ][gc,phases      ] GC(102)   VM Weak                        Min:  0.0, Avg:  0.0, Max:  0.0, Diff:  0.0, Sum:  0.0, Workers: 6
[27.952s][debug  ][gc,phases      ] GC(102)     Dead                           Min: 0, Avg:  0.0, Max: 0, Diff: 0, Sum: 0, Workers: 6
[27.952s][debug  ][gc,phases      ] GC(102)     Total                          Min: 0, Avg:  1.3, Max: 8, Diff: 8, Sum: 8, Workers: 6
[27.952s][debug  ][gc,phases      ] GC(102)   ObjectSynchronizer Weak        Min:  0.0, Avg:  0.0, Max:  0.0, Diff:  0.0, Sum:  0.0, Workers: 6
[27.952s][debug  ][gc,phases      ] GC(102)     Dead                           Min: 0, Avg:  0.0, Max: 0, Diff: 0, Sum: 0, Workers: 6
[27.952s][debug  ][gc,phases      ] GC(102)     Total                          Min: 0, Avg:  0.5, Max: 3, Diff: 3, Sum: 3, Workers: 6
[27.952s][debug  ][gc,phases      ] GC(102)   JVMTI Tag Weak OopStorage      Min:  0.0, Avg:  0.0, Max:  0.0, Diff:  0.0, Sum:  0.0, Workers: 6
[27.952s][debug  ][gc,phases      ] GC(102)     Dead                           Min: 0, Avg:  0.0, Max: 0, Diff: 0, Sum: 0, Workers: 6
[27.952s][debug  ][gc,phases      ] GC(102)     Total                          Min: 0, Avg:  0.0, Max: 0, Diff: 0, Sum: 0, Workers: 6
[27.952s][debug  ][gc,phases      ] GC(102)   StringTable Weak               Min:  0.0, Avg:  0.0, Max:  0.0, Diff:  0.0, Sum:  0.0, Workers: 6
[27.952s][debug  ][gc,phases      ] GC(102)     Dead                           Min: 0, Avg:  0.0, Max: 0, Diff: 0, Sum: 0, Workers: 6
[27.952s][debug  ][gc,phases      ] GC(102)     Total                          Min: 768, Avg: 892.8, Max: 1134, Diff: 366, Sum: 5357, Workers: 6
[27.952s][debug  ][gc,phases      ] GC(102)   ResolvedMethodTable Weak       Min:  0.0, Avg:  0.0, Max:  0.0, Diff:  0.0, Sum:  0.0, Workers: 6
[27.952s][debug  ][gc,phases      ] GC(102)     Dead                           Min: 0, Avg:  0.0, Max: 0, Diff: 0, Sum: 0, Workers: 6
[27.952s][debug  ][gc,phases      ] GC(102)     Total                          Min: 0, Avg: 21.7, Max: 64, Diff: 64, Sum: 130, Workers: 6
[27.952s][debug  ][gc,phases      ] GC(102)   JNI Weak                       Min:  0.0, Avg:  0.0, Max:  0.0, Diff:  0.0, Sum:  0.0, Workers: 6
[27.952s][debug  ][gc,phases      ] GC(102)     Dead                           Min: 0, Avg:  0.0, Max: 0, Diff: 0, Sum: 0, Workers: 6
[27.952s][debug  ][gc,phases      ] GC(102)     Total                          Min: 0, Avg:  0.0, Max: 0, Diff: 0, Sum: 0, Workers: 6
[27.952s][debug  ][gc,phases      ] GC(102)   StringDedup Table Weak         Min:  0.0, Avg:  0.0, Max:  0.0, Diff:  0.0, Sum:  0.0, Workers: 6
[27.952s][debug  ][gc,phases      ] GC(102)     Dead                           Min: 0, Avg:  0.0, Max: 0, Diff: 0, Sum: 0, Workers: 6
[27.952s][debug  ][gc,phases      ] GC(102)     Total                          Min: 0, Avg:  0.0, Max: 0, Diff: 0, Sum: 0, Workers: 6
[27.952s][debug  ][gc,phases      ] GC(102)   StringDedup Requests0 Weak     Min:  0.0, Avg:  0.0, Max:  0.0, Diff:  0.0, Sum:  0.0, Workers: 6
[27.952s][debug  ][gc,phases      ] GC(102)     Dead                           Min: 0, Avg:  0.0, Max: 0, Diff: 0, Sum: 0, Workers: 6
[27.952s][debug  ][gc,phases      ] GC(102)     Total                          Min: 0, Avg:  0.0, Max: 0, Diff: 0, Sum: 0, Workers: 6
[27.952s][debug  ][gc,phases      ] GC(102)   StringDedup Requests1 Weak     Min:  0.0, Avg:  0.0, Max:  0.0, Diff:  0.0, Sum:  0.0, Workers: 6
[27.952s][debug  ][gc,phases      ] GC(102)     Dead                           Min: 0, Avg:  0.0, Max: 0, Diff: 0, Sum: 0, Workers: 6
[27.952s][debug  ][gc,phases      ] GC(102)     Total                          Min: 0, Avg:  0.0, Max: 0, Diff: 0, Sum: 0, Workers: 6
[27.952s][debug  ][gc,phases      ] GC(102)   Weak JFR Old Object Samples    Min:  0.0, Avg:  0.0, Max:  0.0, Diff:  0.0, Sum:  0.0, Workers: 6
[27.952s][debug  ][gc,phases      ] GC(102)     Dead                           Min: 0, Avg:  0.0, Max: 0, Diff: 0, Sum: 0, Workers: 6
[27.952s][debug  ][gc,phases      ] GC(102)     Total                          Min: 0, Avg:  0.0, Max: 0, Diff: 0, Sum: 0, Workers: 6
[27.952s][debug  ][gc,phases      ] GC(102) Weak Processing 0.796ms
[27.952s][debug  ][gc,ergo        ] GC(102) AdaptiveSizeStart:  collection: 103 
[27.952s][debug  ][gc,ergo        ] GC(102) avg_survived_padded_avg: 37192036.000000
[27.952s][debug  ][gc,ergo        ] GC(102) avg_promoted_padded_avg: 235656672.000000  avg_pretenured_padded_avg: 0.000000  tenuring_thresh: 12  target_size: 37224448
[27.952s][debug  ][gc,age         ] GC(102) Desired survivor size 37224448 bytes, new threshold 12 (max threshold 15)
[27.952s][debug  ][gc,ergo        ] GC(102) PSAdaptiveSizePolicy::compute_eden_space_size limits: desired_eden_size: 212042413 old_eden_size: 192413696 eden_limit: 192937984 cur_eden: 192937984 max_eden_size: 192937984 avg_young_live: 27187788
[27.952s][debug  ][gc,ergo        ] GC(102) PSAdaptiveSizePolicy::compute_eden_space_size: costs minor_time: 0.052689 major_cost: 0.054312 mutator_cost: 0.892999 throughput_goal: 0.990000
[27.952s][debug  ][gc,ergo        ] GC(102) Live_space: 1037806848 free_space: 1419247616
[27.952s][debug  ][gc,ergo        ] GC(102) Old eden_size: 192413696 desired_eden_size: 192937984
[27.953s][debug  ][gc,ergo        ] GC(102) AdaptiveSizeStop: collection: 103 
[27.953s][info   ][gc,heap        ] GC(102) PSYoungGen: 218717K(225280K)->30720K(225280K) Eden: 187997K(188416K)->0K(188416K) From: 30720K(36864K)->30720K(36864K)
[27.953s][info   ][gc,heap        ] GC(102) ParOldGen: 1578597K(1835008K)->1762917K(1835008K)
[27.953s][info   ][gc,metaspace   ] GC(102) Metaspace: 1021K(1216K)->1021K(1216K) NonClass: 937K(1024K)->937K(1024K) Class: 83K(192K)->83K(192K)
[27.953s][info   ][gc             ] GC(102) Pause Young (Allocation Failure) 1755M->1751M(2012M) 17.230ms
[27.953s][info   ][gc,cpu         ] GC(102) User=0.16s Sys=0.00s Real=0.02s
[27.953s][debug  ][gc,heap        ] GC(102) Heap after GC invocations=103 (full 16):
[27.953s][debug  ][gc,heap        ] GC(102)  PSYoungGen      total 225280K, used 30720K [0x00000000f0000000, 0x0000000100000000, 0x0000000100000000)
[27.953s][debug  ][gc,heap        ] GC(102)   eden space 188416K, 0% used [0x00000000f0000000,0x00000000f0000000,0x00000000fb800000)
[27.953s][debug  ][gc,heap        ] GC(102)   from space 36864K, 83% used [0x00000000fb800000,0x00000000fd600030,0x00000000fdc00000)
[27.953s][debug  ][gc,heap        ] GC(102)   to   space 36352K, 0% used [0x00000000fdc80000,0x00000000fdc80000,0x0000000100000000)
[27.953s][debug  ][gc,heap        ] GC(102)  ParOldGen       total 1835008K, used 1762917K [0x0000000080000000, 0x00000000f0000000, 0x00000000f0000000)
[27.953s][debug  ][gc,heap        ] GC(102)   object space 1835008K, 96% used [0x0000000080000000,0x00000000eb999748,0x00000000f0000000)
[27.953s][debug  ][gc,heap        ] GC(102)  Metaspace       used 1021K, committed 1216K, reserved 1056768K
[27.953s][debug  ][gc,heap        ] GC(102)   class space    used 83K, committed 192K, reserved 1048576K
[27.953s][debug  ][gc,task,time   ] GC(102) VM-Thread 279349830 279507976 279529049
[27.953s][debug  ][gc,phases,start] GC(103) Pre Compact
[27.953s][debug  ][gc,heap        ] GC(103) Heap before GC invocations=104 (full 17):
[27.953s][debug  ][gc,heap        ] GC(103)  PSYoungGen      total 225280K, used 30720K [0x00000000f0000000, 0x0000000100000000, 0x0000000100000000)
[27.953s][debug  ][gc,heap        ] GC(103)   eden space 188416K, 0% used [0x00000000f0000000,0x00000000f0000000,0x00000000fb800000)
[27.953s][debug  ][gc,heap        ] GC(103)   from space 36864K, 83% used [0x00000000fb800000,0x00000000fd600030,0x00000000fdc00000)
[27.953s][debug  ][gc,heap        ] GC(103)   to   space 36352K, 0% used [0x00000000fdc80000,0x00000000fdc80000,0x0000000100000000)
[27.953s][debug  ][gc,heap        ] GC(103)  ParOldGen       total 1835008K, used 1762917K [0x0000000080000000, 0x00000000f0000000, 0x00000000f0000000)
[27.953s][debug  ][gc,heap        ] GC(103)   object space 1835008K, 96% used [0x0000000080000000,0x00000000eb999748,0x00000000f0000000)
[27.953s][debug  ][gc,heap        ] GC(103)  Metaspace       used 1021K, committed 1216K, reserved 1056768K
[27.953s][debug  ][gc,heap        ] GC(103)   class space    used 83K, committed 192K, reserved 1048576K
[27.953s][debug  ][gc,phases      ] GC(103) Pre Compact 0.212ms
[27.953s][info   ][gc,start       ] GC(103) Pause Full (Ergonomics)
[27.953s][info   ][gc,phases,start] GC(103) Marking Phase
[27.953s][debug  ][gc,phases,start] GC(103) Par Mark
[27.954s][debug  ][gc,phases      ] GC(103) Par Mark 0.512ms
[27.954s][debug  ][gc,phases,start] GC(103) Reference Processing
[27.954s][debug  ][gc,ref         ] GC(103) Skipped phase 1 of Reference Processing: no references
[27.954s][debug  ][gc,ref         ] GC(103) ReferenceProcessor::execute queues: 1, RefProcThreadModel::Single, marks_oops_alive: false
[27.954s][debug  ][gc,ref         ] GC(103) Skipped phase 3 of Reference Processing: no references
[27.954s][debug  ][gc,ref         ] GC(103) ReferenceProcessor::execute queues: 1, RefProcThreadModel::Single, marks_oops_alive: false
[27.954s][debug  ][gc,phases,ref  ] GC(103) Reference Processing: 0.1ms
[27.954s][debug  ][gc,phases,ref  ] GC(103)   Reconsider SoftReferences: 0.0ms
[27.954s][debug  ][gc,phases,ref  ] GC(103)     SoftRef (ms):                  skipped
[27.954s][debug  ][gc,phases,ref  ] GC(103)   Notify Soft/WeakReferences: 0.0ms
[27.954s][debug  ][gc,phases,ref  ] GC(103)     SoftRef (ms):                  Min:  0.0, Avg:  0.0, Max:  0.0, Diff:  0.0, Sum:  0.0, Workers: 10
[27.954s][debug  ][gc,phases,ref  ] GC(103)     WeakRef (ms):                  Min:  0.0, Avg:  0.0, Max:  0.0, Diff:  0.0, Sum:  0.0, Workers: 10
[27.954s][debug  ][gc,phases,ref  ] GC(103)     FinalRef (ms):                 Min:  0.0, Avg:  0.0, Max:  0.0, Diff:  0.0, Sum:  0.0, Workers: 10
[27.954s][debug  ][gc,phases,ref  ] GC(103)     Total (ms):                    Min:  0.0, Avg:  0.0, Max:  0.0, Diff:  0.0, Sum:  0.0, Workers: 10
[27.954s][debug  ][gc,phases,ref  ] GC(103)   Notify and keep alive finalizable: 0.0ms
[27.954s][debug  ][gc,phases,ref  ] GC(103)     FinalRef (ms):                 skipped
[27.954s][debug  ][gc,phases,ref  ] GC(103)   Notify PhantomReferences: 0.0ms
[27.954s][debug  ][gc,phases,ref  ] GC(103)     PhantomRef (ms):               Min:  0.0, Avg:  0.0, Max:  0.0, Diff:  0.0, Sum:  0.0, Workers: 10
[27.954s][debug  ][gc,phases,ref  ] GC(103)   SoftReference:
[27.954s][debug  ][gc,phases,ref  ] GC(103)     Discovered: 0
[27.954s][debug  ][gc,phases,ref  ] GC(103)     Cleared: 0
[27.954s][debug  ][gc,phases,ref  ] GC(103)   WeakReference:
[27.954s][debug  ][gc,phases,ref  ] GC(103)     Discovered: 71
[27.954s][debug  ][gc,phases,ref  ] GC(103)     Cleared: 71
[27.954s][debug  ][gc,phases,ref  ] GC(103)   FinalReference:
[27.954s][debug  ][gc,phases,ref  ] GC(103)     Discovered: 0
[27.954s][debug  ][gc,phases,ref  ] GC(103)     Cleared: 0
[27.954s][debug  ][gc,phases,ref  ] GC(103)   PhantomReference:
[27.954s][debug  ][gc,phases,ref  ] GC(103)     Discovered: 5
[27.954s][debug  ][gc,phases,ref  ] GC(103)     Cleared: 5
[27.954s][debug  ][gc,phases      ] GC(103) Reference Processing 0.656ms
[27.954s][debug  ][gc,phases,start] GC(103) Weak Processing
[27.955s][debug  ][gc,phases      ] GC(103)   VM Weak                        Min:  0.0, Avg:  0.0, Max:  0.0, Diff:  0.0, Sum:  0.0, Workers: 6
[27.955s][debug  ][gc,phases      ] GC(103)     Dead                           Min: 0, Avg:  0.0, Max: 0, Diff: 0, Sum: 0, Workers: 6
[27.955s][debug  ][gc,phases      ] GC(103)     Total                          Min: 0, Avg:  1.3, Max: 8, Diff: 8, Sum: 8, Workers: 6
[27.955s][debug  ][gc,phases      ] GC(103)   ObjectSynchronizer Weak        Min:  0.0, Avg:  0.0, Max:  0.0, Diff:  0.0, Sum:  0.0, Workers: 6
[27.955s][debug  ][gc,phases      ] GC(103)     Dead                           Min: 0, Avg:  0.0, Max: 0, Diff: 0, Sum: 0, Workers: 6
[27.955s][debug  ][gc,phases      ] GC(103)     Total                          Min: 0, Avg:  0.5, Max: 3, Diff: 3, Sum: 3, Workers: 6
[27.955s][debug  ][gc,phases      ] GC(103)   JVMTI Tag Weak OopStorage      Min:  0.0, Avg:  0.0, Max:  0.0, Diff:  0.0, Sum:  0.0, Workers: 6
[27.955s][debug  ][gc,phases      ] GC(103)     Dead                           Min: 0, Avg:  0.0, Max: 0, Diff: 0, Sum: 0, Workers: 6
[27.955s][debug  ][gc,phases      ] GC(103)     Total                          Min: 0, Avg:  0.0, Max: 0, Diff: 0, Sum: 0, Workers: 6
[27.955s][debug  ][gc,phases      ] GC(103)   StringTable Weak               Min:  0.0, Avg:  0.0, Max:  0.0, Diff:  0.0, Sum:  0.0, Workers: 6
[27.955s][debug  ][gc,phases      ] GC(103)     Dead                           Min: 0, Avg:  0.0, Max: 0, Diff: 0, Sum: 0, Workers: 6
[27.955s][debug  ][gc,phases      ] GC(103)     Total                          Min: 576, Avg: 892.8, Max: 1536, Diff: 960, Sum: 5357, Workers: 6
[27.955s][debug  ][gc,phases      ] GC(103)   ResolvedMethodTable Weak       Min:  0.0, Avg:  0.0, Max:  0.0, Diff:  0.0, Sum:  0.0, Workers: 6
[27.955s][debug  ][gc,phases      ] GC(103)     Dead                           Min: 0, Avg:  0.0, Max: 0, Diff: 0, Sum: 0, Workers: 6
[27.955s][debug  ][gc,phases      ] GC(103)     Total                          Min: 0, Avg: 21.7, Max: 64, Diff: 64, Sum: 130, Workers: 6
[27.955s][debug  ][gc,phases      ] GC(103)   JNI Weak                       Min:  0.0, Avg:  0.0, Max:  0.0, Diff:  0.0, Sum:  0.0, Workers: 6
[27.955s][debug  ][gc,phases      ] GC(103)     Dead                           Min: 0, Avg:  0.0, Max: 0, Diff: 0, Sum: 0, Workers: 6
[27.955s][debug  ][gc,phases      ] GC(103)     Total                          Min: 0, Avg:  0.0, Max: 0, Diff: 0, Sum: 0, Workers: 6
[27.955s][debug  ][gc,phases      ] GC(103)   StringDedup Table Weak         Min:  0.0, Avg:  0.0, Max:  0.0, Diff:  0.0, Sum:  0.0, Workers: 6
[27.955s][debug  ][gc,phases      ] GC(103)     Dead                           Min: 0, Avg:  0.0, Max: 0, Diff: 0, Sum: 0, Workers: 6
[27.955s][debug  ][gc,phases      ] GC(103)     Total                          Min: 0, Avg:  0.0, Max: 0, Diff: 0, Sum: 0, Workers: 6
[27.955s][debug  ][gc,phases      ] GC(103)   StringDedup Requests0 Weak     Min:  0.0, Avg:  0.0, Max:  0.0, Diff:  0.0, Sum:  0.0, Workers: 6
[27.955s][debug  ][gc,phases      ] GC(103)     Dead                           Min: 0, Avg:  0.0, Max: 0, Diff: 0, Sum: 0, Workers: 6
[27.955s][debug  ][gc,phases      ] GC(103)     Total                          Min: 0, Avg:  0.0, Max: 0, Diff: 0, Sum: 0, Workers: 6
[27.955s][debug  ][gc,phases      ] GC(103)   StringDedup Requests1 Weak     Min:  0.0, Avg:  0.0, Max:  0.0, Diff:  0.0, Sum:  0.0, Workers: 6
[27.955s][debug  ][gc,phases      ] GC(103)     Dead                           Min: 0, Avg:  0.0, Max: 0, Diff: 0, Sum: 0, Workers: 6
[27.955s][debug  ][gc,phases      ] GC(103)     Total                          Min: 0, Avg:  0.0, Max: 0, Diff: 0, Sum: 0, Workers: 6
[27.955s][debug  ][gc,phases      ] GC(103)   Weak JFR Old Object Samples    Min:  0.0, Avg:  0.0, Max:  0.0, Diff:  0.0, Sum:  0.0, Workers: 6
[27.955s][debug  ][gc,phases      ] GC(103)     Dead                           Min: 0, Avg:  0.0, Max: 0, Diff: 0, Sum: 0, Workers: 6
[27.955s][debug  ][gc,phases      ] GC(103)     Total                          Min: 0, Avg:  0.0, Max: 0, Diff: 0, Sum: 0, Workers: 6
[27.955s][debug  ][gc,phases      ] GC(103) Weak Processing 0.658ms
[27.955s][debug  ][gc,phases,start] GC(103) Class Unloading
[27.955s][debug  ][gc,phases,start] GC(103) ClassLoaderData
[27.955s][debug  ][gc,phases      ] GC(103) ClassLoaderData 0.019ms
[27.955s][debug  ][gc,phases,start] GC(103) Trigger cleanups
[27.955s][debug  ][gc,phases      ] GC(103) Trigger cleanups 0.019ms
[27.955s][debug  ][gc,phases      ] GC(103) Class Unloading 0.250ms
[27.955s][info   ][gc,phases      ] GC(103) Marking Phase 2.216ms
[27.955s][info   ][gc,phases,start] GC(103) Summary Phase
[27.955s][info   ][gc,phases      ] GC(103) Summary Phase 0.048ms
[27.956s][info   ][gc,phases,start] GC(103) Adjust Roots
[27.956s][info   ][gc,phases      ] GC(103) Adjust Roots 0.209ms
[27.956s][info   ][gc,phases,start] GC(103) Compaction Phase
[28.054s][info   ][gc,phases      ] GC(103) Compaction Phase 98.020ms
[28.054s][info   ][gc,phases,start] GC(103) Post Compact
[28.060s][info   ][gc,phases      ] GC(103) Post Compact 5.777ms
[28.060s][debug  ][gc,ergo        ] GC(103) AdaptiveSizeStart: collection: 104 
[28.060s][debug  ][gc,ergo        ] GC(103) PSAdaptiveSizePolicy::compute_eden_space_size limits: desired_eden_size: 211876882 old_eden_size: 192937984 eden_limit: 193462272 cur_eden: 192937984 max_eden_size: 193462272 avg_young_live: 24469010
[28.060s][debug  ][gc,ergo        ] GC(103) PSAdaptiveSizePolicy::compute_eden_space_size: costs minor_time: 0.052689 major_cost: 0.055247 mutator_cost: 0.892063 throughput_goal: 0.990000
[28.060s][debug  ][gc,ergo        ] GC(103) Live_space: 1035088128 free_space: 1419771904
[28.060s][debug  ][gc,ergo        ] GC(103) Old eden_size: 192937984 desired_eden_size: 193462272
[28.060s][debug  ][gc,ergo        ] GC(103) PSAdaptiveSizePolicy::compute_old_gen_free_space limits: desired_promo_size: 1352424966 promo_limit: 1226833920 free_in_old_gen: 1117592064 max_old_gen_size: 1879048192 avg_old_live: 761456064
[28.060s][debug  ][gc,ergo        ] GC(103) PSAdaptiveSizePolicy::compute_old_gen_free_space: costs minor_time: 0.052689 major_cost: 0.055247  mutator_cost: 0.892063 throughput_goal: 0.990000
[28.060s][debug  ][gc,ergo        ] GC(103) Live_space: 1054360576 free_space: 1420296192
[28.060s][debug  ][gc,ergo        ] GC(103) Old promo_size: 1226833920 desired_promo_size: 1226833920
[28.060s][debug  ][gc,ergo        ] GC(103) AdaptiveSizeStop: collection: 104 
[28.060s][info   ][gc,heap        ] GC(103) PSYoungGen: 30720K(225280K)->0K(225792K) Eden: 0K(188416K)->0K(189440K) From: 30720K(36864K)->0K(36352K)
[28.060s][info   ][gc,heap        ] GC(103) ParOldGen: 1762917K(1835008K)->912996K(1835008K)
[28.060s][info   ][gc,metaspace   ] GC(103) Metaspace: 1021K(1216K)->1021K(1216K) NonClass: 937K(1024K)->937K(1024K) Class: 83K(192K)->83K(192K)
[28.060s][info   ][gc             ] GC(103) Pause Full (Ergonomics) 1751M->891M(2012M) 106.948ms
[28.060s][info   ][gc,cpu         ] GC(103) User=0.88s Sys=0.00s Real=0.11s
[28.060s][debug  ][gc,heap        ] GC(103) Heap after GC invocations=104 (full 17):
[28.060s][debug  ][gc,heap        ] GC(103)  PSYoungGen      total 225792K, used 0K [0x00000000f0000000, 0x0000000100000000, 0x0000000100000000)
[28.060s][debug  ][gc,heap        ] GC(103)   eden space 189440K, 0% used [0x00000000f0000000,0x00000000f0000000,0x00000000fb900000)
[28.060s][debug  ][gc,heap        ] GC(103)   from space 36352K, 0% used [0x00000000fdc80000,0x00000000fdc80000,0x0000000100000000)
[28.060s][debug  ][gc,heap        ] GC(103)   to   space 36352K, 0% used [0x00000000fb900000,0x00000000fb900000,0x00000000fdc80000)
[28.060s][debug  ][gc,heap        ] GC(103)  ParOldGen       total 1835008K, used 912996K [0x0000000080000000, 0x00000000f0000000, 0x00000000f0000000)
[28.060s][debug  ][gc,heap        ] GC(103)   object space 1835008K, 49% used [0x0000000080000000,0x00000000b7b99218,0x00000000f0000000)
[28.060s][debug  ][gc,heap        ] GC(103)  Metaspace       used 1021K, committed 1216K, reserved 1056768K
[28.060s][debug  ][gc,heap        ] GC(103)   class space    used 83K, committed 192K, reserved 1048576K
[28.060s][debug  ][gc,task,time   ] GC(103) VM-Thread 279531954 279557883 280601782
[28.346s][debug  ][gc,heap        ] GC(104) Heap before GC invocations=105 (full 17):
[28.346s][debug  ][gc,heap        ] GC(104)  PSYoungGen      total 225792K, used 188023K [0x00000000f0000000, 0x0000000100000000, 0x0000000100000000)
[28.346s][debug  ][gc,heap        ] GC(104)   eden space 189440K, 99% used [0x00000000f0000000,0x00000000fb79dd30,0x00000000fb900000)
[28.346s][debug  ][gc,heap        ] GC(104)   from space 36352K, 0% used [0x00000000fdc80000,0x00000000fdc80000,0x0000000100000000)
[28.346s][debug  ][gc,heap        ] GC(104)   to   space 36352K, 0% used [0x00000000fb900000,0x00000000fb900000,0x00000000fdc80000)
[28.346s][debug  ][gc,heap        ] GC(104)  ParOldGen       total 1835008K, used 912996K [0x0000000080000000, 0x00000000f0000000, 0x00000000f0000000)
[28.346s][debug  ][gc,heap        ] GC(104)   object space 1835008K, 49% used [0x0000000080000000,0x00000000b7b99218,0x00000000f0000000)
[28.346s][debug  ][gc,heap        ] GC(104)  Metaspace       used 1021K, committed 1216K, reserved 1056768K
[28.346s][debug  ][gc,heap        ] GC(104)   class space    used 83K, committed 192K, reserved 1048576K
[28.347s][debug  ][gc,tlab        ] GC(104) TLAB totals: thrds: 1  refills: 1 max: 1 slow allocs: 17 max 17 waste: 26.6% gc: 3790824B max: 3790824B slow: 0B max: 0B
[28.347s][info   ][gc,start       ] GC(104) Pause Young (Allocation Failure)
[28.347s][debug  ][gc,phases,start] GC(104) Scavenge
[28.352s][debug  ][gc,phases      ] GC(104) Scavenge 5.296ms
[28.352s][debug  ][gc,phases,start] GC(104) Reference Processing
[28.352s][debug  ][gc,ref         ] GC(104) Skipped phase 1 of Reference Processing: no references
[28.352s][debug  ][gc,ref         ] GC(104) Skipped phase 2 of Reference Processing: no references
[28.352s][debug  ][gc,ref         ] GC(104) Skipped phase 3 of Reference Processing: no references
[28.352s][debug  ][gc,ref         ] GC(104) Skipped phase 4 of Reference Processing: no references
[28.352s][debug  ][gc,phases,ref  ] GC(104) Reference Processing: 0.1ms
[28.352s][debug  ][gc,phases,ref  ] GC(104)   Reconsider SoftReferences: 0.0ms
[28.352s][debug  ][gc,phases,ref  ] GC(104)     SoftRef (ms):                  skipped
[28.352s][debug  ][gc,phases,ref  ] GC(104)   Notify Soft/WeakReferences: 0.0ms
[28.352s][debug  ][gc,phases,ref  ] GC(104)     SoftRef (ms):                  skipped
[28.352s][debug  ][gc,phases,ref  ] GC(104)     WeakRef (ms):                  skipped
[28.352s][debug  ][gc,phases,ref  ] GC(104)     FinalRef (ms):                 skipped
[28.352s][debug  ][gc,phases,ref  ] GC(104)     Total (ms):                    skipped
[28.352s][debug  ][gc,phases,ref  ] GC(104)   Notify and keep alive finalizable: 0.0ms
[28.352s][debug  ][gc,phases,ref  ] GC(104)     FinalRef (ms):                 skipped
[28.352s][debug  ][gc,phases,ref  ] GC(104)   Notify PhantomReferences: 0.0ms
[28.352s][debug  ][gc,phases,ref  ] GC(104)     PhantomRef (ms):               skipped
[28.352s][debug  ][gc,phases,ref  ] GC(104)   SoftReference:
[28.352s][debug  ][gc,phases,ref  ] GC(104)     Discovered: 0
[28.352s][debug  ][gc,phases,ref  ] GC(104)     Cleared: 0
[28.353s][debug  ][gc,phases,ref  ] GC(104)   WeakReference:
[28.353s][debug  ][gc,phases,ref  ] GC(104)     Discovered: 0
[28.353s][debug  ][gc,phases,ref  ] GC(104)     Cleared: 0
[28.353s][debug  ][gc,phases,ref  ] GC(104)   FinalReference:
[28.353s][debug  ][gc,phases,ref  ] GC(104)     Discovered: 0
[28.353s][debug  ][gc,phases,ref  ] GC(104)     Cleared: 0
[28.353s][debug  ][gc,phases,ref  ] GC(104)   PhantomReference:
[28.353s][debug  ][gc,phases,ref  ] GC(104)     Discovered: 0
[28.353s][debug  ][gc,phases,ref  ] GC(104)     Cleared: 0
[28.353s][debug  ][gc,phases      ] GC(104) Reference Processing 0.675ms
[28.353s][debug  ][gc,phases,start] GC(104) Weak Processing
[28.353s][debug  ][gc,phases      ] GC(104)   VM Weak                        Min:  0.0, Avg:  0.0, Max:  0.0, Diff:  0.0, Sum:  0.0, Workers: 6
[28.353s][debug  ][gc,phases      ] GC(104)     Dead                           Min: 0, Avg:  0.0, Max: 0, Diff: 0, Sum: 0, Workers: 6
[28.353s][debug  ][gc,phases      ] GC(104)     Total                          Min: 0, Avg:  1.3, Max: 8, Diff: 8, Sum: 8, Workers: 6
[28.353s][debug  ][gc,phases      ] GC(104)   ObjectSynchronizer Weak        Min:  0.0, Avg:  0.0, Max:  0.0, Diff:  0.0, Sum:  0.0, Workers: 6
[28.353s][debug  ][gc,phases      ] GC(104)     Dead                           Min: 0, Avg:  0.0, Max: 0, Diff: 0, Sum: 0, Workers: 6
[28.353s][debug  ][gc,phases      ] GC(104)     Total                          Min: 0, Avg:  0.5, Max: 3, Diff: 3, Sum: 3, Workers: 6
[28.353s][debug  ][gc,phases      ] GC(104)   JVMTI Tag Weak OopStorage      Min:  0.0, Avg:  0.0, Max:  0.0, Diff:  0.0, Sum:  0.0, Workers: 6
[28.353s][debug  ][gc,phases      ] GC(104)     Dead                           Min: 0, Avg:  0.0, Max: 0, Diff: 0, Sum: 0, Workers: 6
[28.353s][debug  ][gc,phases      ] GC(104)     Total                          Min: 0, Avg:  0.0, Max: 0, Diff: 0, Sum: 0, Workers: 6
[28.353s][debug  ][gc,phases      ] GC(104)   StringTable Weak               Min:  0.0, Avg:  0.0, Max:  0.0, Diff:  0.0, Sum:  0.0, Workers: 6
[28.353s][debug  ][gc,phases      ] GC(104)     Dead                           Min: 0, Avg:  0.0, Max: 0, Diff: 0, Sum: 0, Workers: 6
[28.353s][debug  ][gc,phases      ] GC(104)     Total                          Min: 768, Avg: 892.8, Max: 1070, Diff: 302, Sum: 5357, Workers: 6
[28.353s][debug  ][gc,phases      ] GC(104)   ResolvedMethodTable Weak       Min:  0.0, Avg:  0.0, Max:  0.0, Diff:  0.0, Sum:  0.0, Workers: 6
[28.353s][debug  ][gc,phases      ] GC(104)     Dead                           Min: 0, Avg:  0.0, Max: 0, Diff: 0, Sum: 0, Workers: 6
[28.353s][debug  ][gc,phases      ] GC(104)     Total                          Min: 0, Avg: 21.7, Max: 64, Diff: 64, Sum: 130, Workers: 6
[28.353s][debug  ][gc,phases      ] GC(104)   JNI Weak                       Min:  0.0, Avg:  0.0, Max:  0.0, Diff:  0.0, Sum:  0.0, Workers: 6
[28.353s][debug  ][gc,phases      ] GC(104)     Dead                           Min: 0, Avg:  0.0, Max: 0, Diff: 0, Sum: 0, Workers: 6
[28.353s][debug  ][gc,phases      ] GC(104)     Total                          Min: 0, Avg:  0.0, Max: 0, Diff: 0, Sum: 0, Workers: 6
[28.353s][debug  ][gc,phases      ] GC(104)   StringDedup Table Weak         Min:  0.0, Avg:  0.0, Max:  0.0, Diff:  0.0, Sum:  0.0, Workers: 6
[28.353s][debug  ][gc,phases      ] GC(104)     Dead                           Min: 0, Avg:  0.0, Max: 0, Diff: 0, Sum: 0, Workers: 6
[28.353s][debug  ][gc,phases      ] GC(104)     Total                          Min: 0, Avg:  0.0, Max: 0, Diff: 0, Sum: 0, Workers: 6
[28.353s][debug  ][gc,phases      ] GC(104)   StringDedup Requests0 Weak     Min:  0.0, Avg:  0.0, Max:  0.0, Diff:  0.0, Sum:  0.0, Workers: 6
[28.353s][debug  ][gc,phases      ] GC(104)     Dead                           Min: 0, Avg:  0.0, Max: 0, Diff: 0, Sum: 0, Workers: 6
[28.353s][debug  ][gc,phases      ] GC(104)     Total                          Min: 0, Avg:  0.0, Max: 0, Diff: 0, Sum: 0, Workers: 6
[28.353s][debug  ][gc,phases      ] GC(104)   StringDedup Requests1 Weak     Min:  0.0, Avg:  0.0, Max:  0.0, Diff:  0.0, Sum:  0.0, Workers: 6
[28.353s][debug  ][gc,phases      ] GC(104)     Dead                           Min: 0, Avg:  0.0, Max: 0, Diff: 0, Sum: 0, Workers: 6
[28.353s][debug  ][gc,phases      ] GC(104)     Total                          Min: 0, Avg:  0.0, Max: 0, Diff: 0, Sum: 0, Workers: 6
[28.353s][debug  ][gc,phases      ] GC(104)   Weak JFR Old Object Samples    Min:  0.0, Avg:  0.0, Max:  0.0, Diff:  0.0, Sum:  0.0, Workers: 6
[28.353s][debug  ][gc,phases      ] GC(104)     Dead                           Min: 0, Avg:  0.0, Max: 0, Diff: 0, Sum: 0, Workers: 6
[28.354s][debug  ][gc,phases      ] GC(104)     Total                          Min: 0, Avg:  0.0, Max: 0, Diff: 0, Sum: 0, Workers: 6
[28.354s][debug  ][gc,phases      ] GC(104) Weak Processing 0.819ms
[28.354s][debug  ][gc,ergo        ] GC(104) AdaptiveSizeStart:  collection: 105 
[28.354s][debug  ][gc,ergo        ] GC(104) avg_survived_padded_avg: 36912900.000000
[28.354s][debug  ][gc,ergo        ] GC(104) avg_promoted_padded_avg: 248175408.000000  avg_pretenured_padded_avg: 0.000000  tenuring_thresh: 13  target_size: 37224448
[28.354s][debug  ][gc,age         ] GC(104) Desired survivor size 37224448 bytes, new threshold 13 (max threshold 15)
[28.354s][debug  ][gc,ergo        ] GC(104) PSAdaptiveSizePolicy::compute_eden_space_size limits: desired_eden_size: 211150077 old_eden_size: 193462272 eden_limit: 193986560 cur_eden: 193986560 max_eden_size: 193986560 avg_young_live: 25167840
[28.354s][debug  ][gc,ergo        ] GC(104) PSAdaptiveSizePolicy::compute_eden_space_size: costs minor_time: 0.043831 major_cost: 0.055247 mutator_cost: 0.900921 throughput_goal: 0.990000
[28.354s][debug  ][gc,ergo        ] GC(104) Live_space: 1055059328 free_space: 1420296192
[28.354s][debug  ][gc,ergo        ] GC(104) Old eden_size: 193462272 desired_eden_size: 193986560
[28.354s][debug  ][gc,ergo        ] GC(104) AdaptiveSizeStop: collection: 105 
[28.354s][info   ][gc,heap        ] GC(104) PSYoungGen: 188023K(225792K)->30720K(225792K) Eden: 188023K(189440K)->0K(189440K) From: 0K(36352K)->30720K(36352K)
[28.354s][info   ][gc,heap        ] GC(104) ParOldGen: 912996K(1835008K)->953956K(1835008K)
[28.354s][info   ][gc,metaspace   ] GC(104) Metaspace: 1021K(1216K)->1021K(1216K) NonClass: 938K(1024K)->938K(1024K) Class: 83K(192K)->83K(192K)
[28.354s][info   ][gc             ] GC(104) Pause Young (Allocation Failure) 1075M->961M(2012M) 7.330ms
[28.354s][info   ][gc,cpu         ] GC(104) User=0.00s Sys=0.00s Real=0.01s
[28.354s][debug  ][gc,heap        ] GC(104) Heap after GC invocations=105 (full 17):
[28.354s][debug  ][gc,heap        ] GC(104)  PSYoungGen      total 225792K, used 30720K [0x00000000f0000000, 0x0000000100000000, 0x0000000100000000)
[28.354s][debug  ][gc,heap        ] GC(104)   eden space 189440K, 0% used [0x00000000f0000000,0x00000000f0000000,0x00000000fb900000)
[28.354s][debug  ][gc,heap        ] GC(104)   from space 36352K, 84% used [0x00000000fb900000,0x00000000fd700030,0x00000000fdc80000)
[28.354s][debug  ][gc,heap        ] GC(104)   to   space 36352K, 0% used [0x00000000fdc80000,0x00000000fdc80000,0x0000000100000000)
[28.354s][debug  ][gc,heap        ] GC(104)  ParOldGen       total 1835008K, used 953956K [0x0000000080000000, 0x00000000f0000000, 0x00000000f0000000)
[28.354s][debug  ][gc,heap        ] GC(104)   object space 1835008K, 51% used [0x0000000080000000,0x00000000ba399258,0x00000000f0000000)
[28.354s][debug  ][gc,heap        ] GC(104)  Metaspace       used 1021K, committed 1216K, reserved 1056768K
[28.354s][debug  ][gc,heap        ] GC(104)   class space    used 83K, committed 192K, reserved 1048576K
[28.354s][debug  ][gc,task,time   ] GC(104) VM-Thread 283460638 283520261 283542231
[28.650s][debug  ][gc,heap        ] GC(105) Heap before GC invocations=106 (full 17):
[28.650s][debug  ][gc,heap        ] GC(105)  PSYoungGen      total 225792K, used 218675K [0x00000000f0000000, 0x0000000100000000, 0x0000000100000000)
[28.650s][debug  ][gc,heap        ] GC(105)   eden space 189440K, 99% used [0x00000000f0000000,0x00000000fb78cbf0,0x00000000fb900000)
[28.650s][debug  ][gc,heap        ] GC(105)   from space 36352K, 84% used [0x00000000fb900000,0x00000000fd700030,0x00000000fdc80000)
[28.650s][debug  ][gc,heap        ] GC(105)   to   space 36352K, 0% used [0x00000000fdc80000,0x00000000fdc80000,0x0000000100000000)
[28.650s][debug  ][gc,heap        ] GC(105)  ParOldGen       total 1835008K, used 953956K [0x0000000080000000, 0x00000000f0000000, 0x00000000f0000000)
[28.650s][debug  ][gc,heap        ] GC(105)   object space 1835008K, 51% used [0x0000000080000000,0x00000000ba399258,0x00000000f0000000)
[28.650s][debug  ][gc,heap        ] GC(105)  Metaspace       used 1021K, committed 1216K, reserved 1056768K
[28.650s][debug  ][gc,heap        ] GC(105)   class space    used 83K, committed 192K, reserved 1048576K
[28.650s][debug  ][gc,tlab        ] GC(105) TLAB totals: thrds: 1  refills: 1 max: 1 slow allocs: 17 max 17 waste: 26.2% gc: 3721936B max: 3721936B slow: 0B max: 0B
[28.650s][info   ][gc,start       ] GC(105) Pause Young (Allocation Failure)
[28.650s][debug  ][gc,phases,start] GC(105) Scavenge
[28.665s][debug  ][gc,phases      ] GC(105) Scavenge 14.541ms
[28.665s][debug  ][gc,phases,start] GC(105) Reference Processing
[28.665s][debug  ][gc,ref         ] GC(105) Skipped phase 1 of Reference Processing: no references
[28.665s][debug  ][gc,ref         ] GC(105) Skipped phase 2 of Reference Processing: no references
[28.665s][debug  ][gc,ref         ] GC(105) Skipped phase 3 of Reference Processing: no references
[28.665s][debug  ][gc,ref         ] GC(105) Skipped phase 4 of Reference Processing: no references
[28.665s][debug  ][gc,phases,ref  ] GC(105) Reference Processing: 0.1ms
[28.665s][debug  ][gc,phases,ref  ] GC(105)   Reconsider SoftReferences: 0.0ms
[28.665s][debug  ][gc,phases,ref  ] GC(105)     SoftRef (ms):                  skipped
[28.665s][debug  ][gc,phases,ref  ] GC(105)   Notify Soft/WeakReferences: 0.0ms
[28.665s][debug  ][gc,phases,ref  ] GC(105)     SoftRef (ms):                  skipped
[28.665s][debug  ][gc,phases,ref  ] GC(105)     WeakRef (ms):                  skipped
[28.665s][debug  ][gc,phases,ref  ] GC(105)     FinalRef (ms):                 skipped
[28.665s][debug  ][gc,phases,ref  ] GC(105)     Total (ms):                    skipped
[28.665s][debug  ][gc,phases,ref  ] GC(105)   Notify and keep alive finalizable: 0.0ms
[28.665s][debug  ][gc,phases,ref  ] GC(105)     FinalRef (ms):                 skipped
[28.665s][debug  ][gc,phases,ref  ] GC(105)   Notify PhantomReferences: 0.0ms
[28.665s][debug  ][gc,phases,ref  ] GC(105)     PhantomRef (ms):               skipped
[28.665s][debug  ][gc,phases,ref  ] GC(105)   SoftReference:
[28.665s][debug  ][gc,phases,ref  ] GC(105)     Discovered: 0
[28.665s][debug  ][gc,phases,ref  ] GC(105)     Cleared: 0
[28.665s][debug  ][gc,phases,ref  ] GC(105)   WeakReference:
[28.665s][debug  ][gc,phases,ref  ] GC(105)     Discovered: 0
[28.665s][debug  ][gc,phases,ref  ] GC(105)     Cleared: 0
[28.665s][debug  ][gc,phases,ref  ] GC(105)   FinalReference:
[28.665s][debug  ][gc,phases,ref  ] GC(105)     Discovered: 0
[28.665s][debug  ][gc,phases,ref  ] GC(105)     Cleared: 0
[28.665s][debug  ][gc,phases,ref  ] GC(105)   PhantomReference:
[28.665s][debug  ][gc,phases,ref  ] GC(105)     Discovered: 0
[28.665s][debug  ][gc,phases,ref  ] GC(105)     Cleared: 0
[28.665s][debug  ][gc,phases      ] GC(105) Reference Processing 0.608ms
[28.665s][debug  ][gc,phases,start] GC(105) Weak Processing
[28.666s][debug  ][gc,phases      ] GC(105)   VM Weak                        Min:  0.0, Avg:  0.0, Max:  0.0, Diff:  0.0, Sum:  0.0, Workers: 6
[28.666s][debug  ][gc,phases      ] GC(105)     Dead                           Min: 0, Avg:  0.0, Max: 0, Diff: 0, Sum: 0, Workers: 6
[28.666s][debug  ][gc,phases      ] GC(105)     Total                          Min: 0, Avg:  1.3, Max: 8, Diff: 8, Sum: 8, Workers: 6
[28.666s][debug  ][gc,phases      ] GC(105)   ObjectSynchronizer Weak        Min:  0.0, Avg:  0.0, Max:  0.0, Diff:  0.0, Sum:  0.0, Workers: 6
[28.666s][debug  ][gc,phases      ] GC(105)     Dead                           Min: 0, Avg:  0.0, Max: 0, Diff: 0, Sum: 0, Workers: 6
[28.666s][debug  ][gc,phases      ] GC(105)     Total                          Min: 0, Avg:  0.5, Max: 3, Diff: 3, Sum: 3, Workers: 6
[28.666s][debug  ][gc,phases      ] GC(105)   JVMTI Tag Weak OopStorage      Min:  0.0, Avg:  0.0, Max:  0.0, Diff:  0.0, Sum:  0.0, Workers: 6
[28.666s][debug  ][gc,phases      ] GC(105)     Dead                           Min: 0, Avg:  0.0, Max: 0, Diff: 0, Sum: 0, Workers: 6
[28.666s][debug  ][gc,phases      ] GC(105)     Total                          Min: 0, Avg:  0.0, Max: 0, Diff: 0, Sum: 0, Workers: 6
[28.666s][debug  ][gc,phases      ] GC(105)   StringTable Weak               Min:  0.0, Avg:  0.0, Max:  0.0, Diff:  0.0, Sum:  0.0, Workers: 6
[28.666s][debug  ][gc,phases      ] GC(105)     Dead                           Min: 0, Avg:  0.0, Max: 0, Diff: 0, Sum: 0, Workers: 6
[28.666s][debug  ][gc,phases      ] GC(105)     Total                          Min: 639, Avg: 892.8, Max: 1326, Diff: 687, Sum: 5357, Workers: 6
[28.666s][debug  ][gc,phases      ] GC(105)   ResolvedMethodTable Weak       Min:  0.0, Avg:  0.0, Max:  0.0, Diff:  0.0, Sum:  0.0, Workers: 6
[28.666s][debug  ][gc,phases      ] GC(105)     Dead                           Min: 0, Avg:  0.0, Max: 0, Diff: 0, Sum: 0, Workers: 6
[28.666s][debug  ][gc,phases      ] GC(105)     Total                          Min: 0, Avg: 21.7, Max: 64, Diff: 64, Sum: 130, Workers: 6
[28.666s][debug  ][gc,phases      ] GC(105)   JNI Weak                       Min:  0.0, Avg:  0.0, Max:  0.0, Diff:  0.0, Sum:  0.0, Workers: 6
[28.666s][debug  ][gc,phases      ] GC(105)     Dead                           Min: 0, Avg:  0.0, Max: 0, Diff: 0, Sum: 0, Workers: 6
[28.666s][debug  ][gc,phases      ] GC(105)     Total                          Min: 0, Avg:  0.0, Max: 0, Diff: 0, Sum: 0, Workers: 6
[28.666s][debug  ][gc,phases      ] GC(105)   StringDedup Table Weak         Min:  0.0, Avg:  0.0, Max:  0.0, Diff:  0.0, Sum:  0.0, Workers: 6
[28.666s][debug  ][gc,phases      ] GC(105)     Dead                           Min: 0, Avg:  0.0, Max: 0, Diff: 0, Sum: 0, Workers: 6
[28.666s][debug  ][gc,phases      ] GC(105)     Total                          Min: 0, Avg:  0.0, Max: 0, Diff: 0, Sum: 0, Workers: 6
[28.666s][debug  ][gc,phases      ] GC(105)   StringDedup Requests0 Weak     Min:  0.0, Avg:  0.0, Max:  0.0, Diff:  0.0, Sum:  0.0, Workers: 6
[28.666s][debug  ][gc,phases      ] GC(105)     Dead                           Min: 0, Avg:  0.0, Max: 0, Diff: 0, Sum: 0, Workers: 6
[28.666s][debug  ][gc,phases      ] GC(105)     Total                          Min: 0, Avg:  0.0, Max: 0, Diff: 0, Sum: 0, Workers: 6
[28.666s][debug  ][gc,phases      ] GC(105)   StringDedup Requests1 Weak     Min:  0.0, Avg:  0.0, Max:  0.0, Diff:  0.0, Sum:  0.0, Workers: 6
[28.666s][debug  ][gc,phases      ] GC(105)     Dead                           Min: 0, Avg:  0.0, Max: 0, Diff: 0, Sum: 0, Workers: 6
[28.666s][debug  ][gc,phases      ] GC(105)     Total                          Min: 0, Avg:  0.0, Max: 0, Diff: 0, Sum: 0, Workers: 6
[28.666s][debug  ][gc,phases      ] GC(105)   Weak JFR Old Object Samples    Min:  0.0, Avg:  0.0, Max:  0.0, Diff:  0.0, Sum:  0.0, Workers: 6
[28.666s][debug  ][gc,phases      ] GC(105)     Dead                           Min: 0, Avg:  0.0, Max: 0, Diff: 0, Sum: 0, Workers: 6
[28.666s][debug  ][gc,phases      ] GC(105)     Total                          Min: 0, Avg:  0.0, Max: 0, Diff: 0, Sum: 0, Workers: 6
[28.666s][debug  ][gc,phases      ] GC(105) Weak Processing 0.767ms
[28.666s][debug  ][gc,ergo        ] GC(105) AdaptiveSizeStart:  collection: 106 
[28.666s][debug  ][gc,ergo        ] GC(105) avg_survived_padded_avg: 36632248.000000
[28.666s][debug  ][gc,ergo        ] GC(105) avg_promoted_padded_avg: 253167408.000000  avg_pretenured_padded_avg: 0.000000  tenuring_thresh: 14  target_size: 36700160
[28.666s][debug  ][gc,age         ] GC(105) Desired survivor size 36700160 bytes, new threshold 14 (max threshold 15)
[28.666s][debug  ][gc,ergo        ] GC(105) PSAdaptiveSizePolicy::compute_eden_space_size limits: desired_eden_size: 211551173 old_eden_size: 193986560 eden_limit: 193986560 cur_eden: 193986560 max_eden_size: 193986560 avg_young_live: 25796788
[28.666s][debug  ][gc,ergo        ] GC(105) PSAdaptiveSizePolicy::compute_eden_space_size: costs minor_time: 0.045703 major_cost: 0.055247 mutator_cost: 0.899050 throughput_goal: 0.990000
[28.666s][debug  ][gc,ergo        ] GC(105) Live_space: 1055688320 free_space: 1420820480
[28.666s][debug  ][gc,ergo        ] GC(105) Old eden_size: 193986560 desired_eden_size: 193986560
[28.666s][debug  ][gc,ergo        ] GC(105) AdaptiveSizeStop: collection: 106 
[28.666s][info   ][gc,heap        ] GC(105) PSYoungGen: 218675K(225792K)->30720K(226304K) Eden: 187954K(189440K)->0K(189952K) From: 30720K(36352K)->30720K(36352K)
[28.666s][info   ][gc,heap        ] GC(105) ParOldGen: 953956K(1835008K)->1138276K(1835008K)
[28.667s][info   ][gc,metaspace   ] GC(105) Metaspace: 1021K(1216K)->1021K(1216K) NonClass: 938K(1024K)->938K(1024K) Class: 83K(192K)->83K(192K)
[28.667s][info   ][gc             ] GC(105) Pause Young (Allocation Failure) 1145M->1141M(2013M) 16.439ms
[28.667s][info   ][gc,cpu         ] GC(105) User=0.16s Sys=0.00s Real=0.02s
[28.667s][debug  ][gc,heap        ] GC(105) Heap after GC invocations=106 (full 17):
[28.667s][debug  ][gc,heap        ] GC(105)  PSYoungGen      total 226304K, used 30720K [0x00000000f0000000, 0x0000000100000000, 0x0000000100000000)
[28.667s][debug  ][gc,heap        ] GC(105)   eden space 189952K, 0% used [0x00000000f0000000,0x00000000f0000000,0x00000000fb980000)
[28.667s][debug  ][gc,heap        ] GC(105)   from space 36352K, 84% used [0x00000000fdc80000,0x00000000ffa80030,0x0000000100000000)
[28.667s][debug  ][gc,heap        ] GC(105)   to   space 35840K, 0% used [0x00000000fb980000,0x00000000fb980000,0x00000000fdc80000)
[28.667s][debug  ][gc,heap        ] GC(105)  ParOldGen       total 1835008K, used 1138276K [0x0000000080000000, 0x00000000f0000000, 0x00000000f0000000)
[28.667s][debug  ][gc,heap        ] GC(105)   object space 1835008K, 62% used [0x0000000080000000,0x00000000c5799378,0x00000000f0000000)
[28.667s][debug  ][gc,heap        ] GC(105)  Metaspace       used 1021K, committed 1216K, reserved 1056768K
[28.667s][debug  ][gc,heap        ] GC(105)   class space    used 83K, committed 192K, reserved 1048576K
[28.667s][debug  ][gc,task,time   ] GC(105) VM-Thread 286495525 286648170 286668173
[28.950s][debug  ][gc,heap        ] GC(106) Heap before GC invocations=107 (full 17):
[28.950s][debug  ][gc,heap        ] GC(106)  PSYoungGen      total 226304K, used 218713K [0x00000000f0000000, 0x0000000100000000, 0x0000000100000000)
[28.950s][debug  ][gc,heap        ] GC(106)   eden space 189952K, 98% used [0x00000000f0000000,0x00000000fb7964b8,0x00000000fb980000)
[28.950s][debug  ][gc,heap        ] GC(106)   from space 36352K, 84% used [0x00000000fdc80000,0x00000000ffa80030,0x0000000100000000)
[28.950s][debug  ][gc,heap        ] GC(106)   to   space 35840K, 0% used [0x00000000fb980000,0x00000000fb980000,0x00000000fdc80000)
[28.950s][debug  ][gc,heap        ] GC(106)  ParOldGen       total 1835008K, used 1138276K [0x0000000080000000, 0x00000000f0000000, 0x00000000f0000000)
[28.950s][debug  ][gc,heap        ] GC(106)   object space 1835008K, 62% used [0x0000000080000000,0x00000000c5799378,0x00000000f0000000)
[28.950s][debug  ][gc,heap        ] GC(106)  Metaspace       used 1021K, committed 1216K, reserved 1056768K
[28.950s][debug  ][gc,heap        ] GC(106)   class space    used 83K, committed 192K, reserved 1048576K
[28.950s][debug  ][gc,tlab        ] GC(106) TLAB totals: thrds: 1  refills: 1 max: 1 slow allocs: 17 max 17 waste: 26.4% gc: 3761048B max: 3761048B slow: 0B max: 0B
[28.950s][info   ][gc,start       ] GC(106) Pause Young (Allocation Failure)
[28.950s][debug  ][gc,phases,start] GC(106) Scavenge
[28.965s][debug  ][gc,phases      ] GC(106) Scavenge 14.776ms
[28.965s][debug  ][gc,phases,start] GC(106) Reference Processing
[28.965s][debug  ][gc,ref         ] GC(106) Skipped phase 1 of Reference Processing: no references
[28.965s][debug  ][gc,ref         ] GC(106) Skipped phase 2 of Reference Processing: no references
[28.965s][debug  ][gc,ref         ] GC(106) Skipped phase 3 of Reference Processing: no references
[28.965s][debug  ][gc,ref         ] GC(106) Skipped phase 4 of Reference Processing: no references
[28.966s][debug  ][gc,phases,ref  ] GC(106) Reference Processing: 0.1ms
[28.966s][debug  ][gc,phases,ref  ] GC(106)   Reconsider SoftReferences: 0.0ms
[28.966s][debug  ][gc,phases,ref  ] GC(106)     SoftRef (ms):                  skipped
[28.966s][debug  ][gc,phases,ref  ] GC(106)   Notify Soft/WeakReferences: 0.0ms
[28.966s][debug  ][gc,phases,ref  ] GC(106)     SoftRef (ms):                  skipped
[28.966s][debug  ][gc,phases,ref  ] GC(106)     WeakRef (ms):                  skipped
[28.966s][debug  ][gc,phases,ref  ] GC(106)     FinalRef (ms):                 skipped
[28.966s][debug  ][gc,phases,ref  ] GC(106)     Total (ms):                    skipped
[28.966s][debug  ][gc,phases,ref  ] GC(106)   Notify and keep alive finalizable: 0.0ms
[28.966s][debug  ][gc,phases,ref  ] GC(106)     FinalRef (ms):                 skipped
[28.966s][debug  ][gc,phases,ref  ] GC(106)   Notify PhantomReferences: 0.0ms
[28.966s][debug  ][gc,phases,ref  ] GC(106)     PhantomRef (ms):               skipped
[28.966s][debug  ][gc,phases,ref  ] GC(106)   SoftReference:
[28.966s][debug  ][gc,phases,ref  ] GC(106)     Discovered: 0
[28.966s][debug  ][gc,phases,ref  ] GC(106)     Cleared: 0
[28.966s][debug  ][gc,phases,ref  ] GC(106)   WeakReference:
[28.966s][debug  ][gc,phases,ref  ] GC(106)     Discovered: 0
[28.966s][debug  ][gc,phases,ref  ] GC(106)     Cleared: 0
[28.966s][debug  ][gc,phases,ref  ] GC(106)   FinalReference:
[28.966s][debug  ][gc,phases,ref  ] GC(106)     Discovered: 0
[28.966s][debug  ][gc,phases,ref  ] GC(106)     Cleared: 0
[28.966s][debug  ][gc,phases,ref  ] GC(106)   PhantomReference:
[28.966s][debug  ][gc,phases,ref  ] GC(106)     Discovered: 0
[28.966s][debug  ][gc,phases,ref  ] GC(106)     Cleared: 0
[28.966s][debug  ][gc,phases      ] GC(106) Reference Processing 0.967ms
[28.966s][debug  ][gc,phases,start] GC(106) Weak Processing
[28.966s][debug  ][gc,phases      ] GC(106)   VM Weak                        Min:  0.0, Avg:  0.0, Max:  0.0, Diff:  0.0, Sum:  0.0, Workers: 6
[28.966s][debug  ][gc,phases      ] GC(106)     Dead                           Min: 0, Avg:  0.0, Max: 0, Diff: 0, Sum: 0, Workers: 6
[28.966s][debug  ][gc,phases      ] GC(106)     Total                          Min: 0, Avg:  1.3, Max: 8, Diff: 8, Sum: 8, Workers: 6
[28.966s][debug  ][gc,phases      ] GC(106)   ObjectSynchronizer Weak        Min:  0.0, Avg:  0.0, Max:  0.0, Diff:  0.0, Sum:  0.0, Workers: 6
[28.967s][debug  ][gc,phases      ] GC(106)     Dead                           Min: 0, Avg:  0.0, Max: 0, Diff: 0, Sum: 0, Workers: 6
[28.967s][debug  ][gc,phases      ] GC(106)     Total                          Min: 0, Avg:  0.5, Max: 3, Diff: 3, Sum: 3, Workers: 6
[28.967s][debug  ][gc,phases      ] GC(106)   JVMTI Tag Weak OopStorage      Min:  0.0, Avg:  0.0, Max:  0.0, Diff:  0.0, Sum:  0.0, Workers: 6
[28.967s][debug  ][gc,phases      ] GC(106)     Dead                           Min: 0, Avg:  0.0, Max: 0, Diff: 0, Sum: 0, Workers: 6
[28.967s][debug  ][gc,phases      ] GC(106)     Total                          Min: 0, Avg:  0.0, Max: 0, Diff: 0, Sum: 0, Workers: 6
[28.967s][debug  ][gc,phases      ] GC(106)   StringTable Weak               Min:  0.0, Avg:  0.0, Max:  0.0, Diff:  0.0, Sum:  0.0, Workers: 6
[28.967s][debug  ][gc,phases      ] GC(106)     Dead                           Min: 0, Avg:  0.0, Max: 0, Diff: 0, Sum: 0, Workers: 6
[28.967s][debug  ][gc,phases      ] GC(106)     Total                          Min: 576, Avg: 892.8, Max: 1087, Diff: 511, Sum: 5357, Workers: 6
[28.967s][debug  ][gc,phases      ] GC(106)   ResolvedMethodTable Weak       Min:  0.0, Avg:  0.0, Max:  0.0, Diff:  0.0, Sum:  0.0, Workers: 6
[28.967s][debug  ][gc,phases      ] GC(106)     Dead                           Min: 0, Avg:  0.0, Max: 0, Diff: 0, Sum: 0, Workers: 6
[28.967s][debug  ][gc,phases      ] GC(106)     Total                          Min: 0, Avg: 21.7, Max: 64, Diff: 64, Sum: 130, Workers: 6
[28.967s][debug  ][gc,phases      ] GC(106)   JNI Weak                       Min:  0.0, Avg:  0.0, Max:  0.0, Diff:  0.0, Sum:  0.0, Workers: 6
[28.967s][debug  ][gc,phases      ] GC(106)     Dead                           Min: 0, Avg:  0.0, Max: 0, Diff: 0, Sum: 0, Workers: 6
[28.967s][debug  ][gc,phases      ] GC(106)     Total                          Min: 0, Avg:  0.0, Max: 0, Diff: 0, Sum: 0, Workers: 6
[28.967s][debug  ][gc,phases      ] GC(106)   StringDedup Table Weak         Min:  0.0, Avg:  0.0, Max:  0.0, Diff:  0.0, Sum:  0.0, Workers: 6
[28.967s][debug  ][gc,phases      ] GC(106)     Dead                           Min: 0, Avg:  0.0, Max: 0, Diff: 0, Sum: 0, Workers: 6
[28.967s][debug  ][gc,phases      ] GC(106)     Total                          Min: 0, Avg:  0.0, Max: 0, Diff: 0, Sum: 0, Workers: 6
[28.967s][debug  ][gc,phases      ] GC(106)   StringDedup Requests0 Weak     Min:  0.0, Avg:  0.0, Max:  0.0, Diff:  0.0, Sum:  0.0, Workers: 6
[28.967s][debug  ][gc,phases      ] GC(106)     Dead                           Min: 0, Avg:  0.0, Max: 0, Diff: 0, Sum: 0, Workers: 6
[28.967s][debug  ][gc,phases      ] GC(106)     Total                          Min: 0, Avg:  0.0, Max: 0, Diff: 0, Sum: 0, Workers: 6
[28.967s][debug  ][gc,phases      ] GC(106)   StringDedup Requests1 Weak     Min:  0.0, Avg:  0.0, Max:  0.0, Diff:  0.0, Sum:  0.0, Workers: 6
[28.967s][debug  ][gc,phases      ] GC(106)     Dead                           Min: 0, Avg:  0.0, Max: 0, Diff: 0, Sum: 0, Workers: 6
[28.967s][debug  ][gc,phases      ] GC(106)     Total                          Min: 0, Avg:  0.0, Max: 0, Diff: 0, Sum: 0, Workers: 6
[28.967s][debug  ][gc,phases      ] GC(106)   Weak JFR Old Object Samples    Min:  0.0, Avg:  0.0, Max:  0.0, Diff:  0.0, Sum:  0.0, Workers: 6
[28.967s][debug  ][gc,phases      ] GC(106)     Dead                           Min: 0, Avg:  0.0, Max: 0, Diff: 0, Sum: 0, Workers: 6
[28.967s][debug  ][gc,phases      ] GC(106)     Total                          Min: 0, Avg:  0.0, Max: 0, Diff: 0, Sum: 0, Workers: 6
[28.967s][debug  ][gc,phases      ] GC(106) Weak Processing 0.763ms
[28.967s][debug  ][gc,ergo        ] GC(106) AdaptiveSizeStart:  collection: 107 
[28.967s][debug  ][gc,ergo        ] GC(106) avg_survived_padded_avg: 36353168.000000
[28.967s][debug  ][gc,ergo        ] GC(106) avg_promoted_padded_avg: 256566704.000000  avg_pretenured_padded_avg: 0.000000  tenuring_thresh: 15  target_size: 36700160
[28.967s][debug  ][gc,age         ] GC(106) Desired survivor size 36700160 bytes, new threshold 15 (max threshold 15)
[28.967s][debug  ][gc,ergo        ] GC(106) PSAdaptiveSizePolicy::compute_eden_space_size limits: desired_eden_size: 212814004 old_eden_size: 193986560 eden_limit: 194510848 cur_eden: 194510848 max_eden_size: 194510848 avg_young_live: 26362840
[28.967s][debug  ][gc,ergo        ] GC(106) PSAdaptiveSizePolicy::compute_eden_space_size: costs minor_time: 0.048110 major_cost: 0.055247 mutator_cost: 0.896642 throughput_goal: 0.990000
[28.967s][debug  ][gc,ergo        ] GC(106) Live_space: 1056254336 free_space: 1420820480
[28.967s][debug  ][gc,ergo        ] GC(106) Old eden_size: 193986560 desired_eden_size: 194510848
[28.967s][debug  ][gc,ergo        ] GC(106) AdaptiveSizeStop: collection: 107 
[28.967s][info   ][gc,heap        ] GC(106) PSYoungGen: 218713K(226304K)->30720K(225792K) Eden: 187993K(189952K)->0K(189952K) From: 30720K(36352K)->30720K(35840K)
[28.967s][info   ][gc,heap        ] GC(106) ParOldGen: 1138276K(1835008K)->1322597K(1835008K)
[28.967s][info   ][gc,metaspace   ] GC(106) Metaspace: 1021K(1216K)->1021K(1216K) NonClass: 938K(1024K)->938K(1024K) Class: 83K(192K)->83K(192K)
[28.967s][info   ][gc             ] GC(106) Pause Young (Allocation Failure) 1325M->1321M(2012M) 17.003ms
[28.967s][info   ][gc,cpu         ] GC(106) User=0.05s Sys=0.00s Real=0.02s
[28.968s][debug  ][gc,heap        ] GC(106) Heap after GC invocations=107 (full 17):
[28.968s][debug  ][gc,heap        ] GC(106)  PSYoungGen      total 225792K, used 30720K [0x00000000f0000000, 0x0000000100000000, 0x0000000100000000)
[28.968s][debug  ][gc,heap        ] GC(106)   eden space 189952K, 0% used [0x00000000f0000000,0x00000000f0000000,0x00000000fb980000)
[28.968s][debug  ][gc,heap        ] GC(106)   from space 35840K, 85% used [0x00000000fb980000,0x00000000fd780030,0x00000000fdc80000)
[28.968s][debug  ][gc,heap        ] GC(106)   to   space 35840K, 0% used [0x00000000fdd00000,0x00000000fdd00000,0x0000000100000000)
[28.968s][debug  ][gc,heap        ] GC(106)  ParOldGen       total 1835008K, used 1322597K [0x0000000080000000, 0x00000000f0000000, 0x00000000f0000000)
[28.968s][debug  ][gc,heap        ] GC(106)   object space 1835008K, 72% used [0x0000000080000000,0x00000000d0b99498,0x00000000f0000000)
[28.968s][debug  ][gc,heap        ] GC(106)  Metaspace       used 1021K, committed 1216K, reserved 1056768K
[28.968s][debug  ][gc,heap        ] GC(106)   class space    used 83K, committed 192K, reserved 1048576K
[28.968s][debug  ][gc,task,time   ] GC(106) VM-Thread 289500215 289653515 289676939
[29.253s][debug  ][gc,heap        ] GC(107) Heap before GC invocations=108 (full 17):
[29.253s][debug  ][gc,heap        ] GC(107)  PSYoungGen      total 225792K, used 218731K [0x00000000f0000000, 0x0000000100000000, 0x0000000100000000)
[29.253s][debug  ][gc,heap        ] GC(107)   eden space 189952K, 98% used [0x00000000f0000000,0x00000000fb79ad68,0x00000000fb980000)
[29.253s][debug  ][gc,heap        ] GC(107)   from space 35840K, 85% used [0x00000000fb980000,0x00000000fd780030,0x00000000fdc80000)
[29.253s][debug  ][gc,heap        ] GC(107)   to   space 35840K, 0% used [0x00000000fdd00000,0x00000000fdd00000,0x0000000100000000)
[29.253s][debug  ][gc,heap        ] GC(107)  ParOldGen       total 1835008K, used 1322597K [0x0000000080000000, 0x00000000f0000000, 0x00000000f0000000)
[29.253s][debug  ][gc,heap        ] GC(107)   object space 1835008K, 72% used [0x0000000080000000,0x00000000d0b99498,0x00000000f0000000)
[29.253s][debug  ][gc,heap        ] GC(107)  Metaspace       used 1021K, committed 1216K, reserved 1056768K
[29.253s][debug  ][gc,heap        ] GC(107)   class space    used 83K, committed 192K, reserved 1048576K
[29.254s][debug  ][gc,tlab        ] GC(107) TLAB totals: thrds: 1  refills: 1 max: 1 slow allocs: 17 max 17 waste: 26.5% gc: 3779656B max: 3779656B slow: 0B max: 0B
[29.254s][info   ][gc,start       ] GC(107) Pause Young (Allocation Failure)
[29.254s][debug  ][gc,phases,start] GC(107) Scavenge
[29.269s][debug  ][gc,phases      ] GC(107) Scavenge 15.162ms
[29.269s][debug  ][gc,phases,start] GC(107) Reference Processing
[29.269s][debug  ][gc,ref         ] GC(107) Skipped phase 1 of Reference Processing: no references
[29.269s][debug  ][gc,ref         ] GC(107) Skipped phase 2 of Reference Processing: no references
[29.269s][debug  ][gc,ref         ] GC(107) Skipped phase 3 of Reference Processing: no references
[29.269s][debug  ][gc,ref         ] GC(107) Skipped phase 4 of Reference Processing: no references
[29.269s][debug  ][gc,phases,ref  ] GC(107) Reference Processing: 0.2ms
[29.269s][debug  ][gc,phases,ref  ] GC(107)   Reconsider SoftReferences: 0.0ms
[29.269s][debug  ][gc,phases,ref  ] GC(107)     SoftRef (ms):                  skipped
[29.269s][debug  ][gc,phases,ref  ] GC(107)   Notify Soft/WeakReferences: 0.0ms
[29.269s][debug  ][gc,phases,ref  ] GC(107)     SoftRef (ms):                  skipped
[29.269s][debug  ][gc,phases,ref  ] GC(107)     WeakRef (ms):                  skipped
[29.269s][debug  ][gc,phases,ref  ] GC(107)     FinalRef (ms):                 skipped
[29.269s][debug  ][gc,phases,ref  ] GC(107)     Total (ms):                    skipped
[29.269s][debug  ][gc,phases,ref  ] GC(107)   Notify and keep alive finalizable: 0.0ms
[29.269s][debug  ][gc,phases,ref  ] GC(107)     FinalRef (ms):                 skipped
[29.269s][debug  ][gc,phases,ref  ] GC(107)   Notify PhantomReferences: 0.0ms
[29.269s][debug  ][gc,phases,ref  ] GC(107)     PhantomRef (ms):               skipped
[29.269s][debug  ][gc,phases,ref  ] GC(107)   SoftReference:
[29.269s][debug  ][gc,phases,ref  ] GC(107)     Discovered: 0
[29.269s][debug  ][gc,phases,ref  ] GC(107)     Cleared: 0
[29.270s][debug  ][gc,phases,ref  ] GC(107)   WeakReference:
[29.270s][debug  ][gc,phases,ref  ] GC(107)     Discovered: 0
[29.270s][debug  ][gc,phases,ref  ] GC(107)     Cleared: 0
[29.270s][debug  ][gc,phases,ref  ] GC(107)   FinalReference:
[29.270s][debug  ][gc,phases,ref  ] GC(107)     Discovered: 0
[29.270s][debug  ][gc,phases,ref  ] GC(107)     Cleared: 0
[29.270s][debug  ][gc,phases,ref  ] GC(107)   PhantomReference:
[29.270s][debug  ][gc,phases,ref  ] GC(107)     Discovered: 0
[29.270s][debug  ][gc,phases,ref  ] GC(107)     Cleared: 0
[29.270s][debug  ][gc,phases      ] GC(107) Reference Processing 0.862ms
[29.270s][debug  ][gc,phases,start] GC(107) Weak Processing
[29.270s][debug  ][gc,phases      ] GC(107)   VM Weak                        Min:  0.0, Avg:  0.0, Max:  0.0, Diff:  0.0, Sum:  0.0, Workers: 6
[29.270s][debug  ][gc,phases      ] GC(107)     Dead                           Min: 0, Avg:  0.0, Max: 0, Diff: 0, Sum: 0, Workers: 6
[29.270s][debug  ][gc,phases      ] GC(107)     Total                          Min: 0, Avg:  1.3, Max: 8, Diff: 8, Sum: 8, Workers: 6
[29.270s][debug  ][gc,phases      ] GC(107)   ObjectSynchronizer Weak        Min:  0.0, Avg:  0.0, Max:  0.0, Diff:  0.0, Sum:  0.0, Workers: 6
[29.270s][debug  ][gc,phases      ] GC(107)     Dead                           Min: 0, Avg:  0.0, Max: 0, Diff: 0, Sum: 0, Workers: 6
[29.270s][debug  ][gc,phases      ] GC(107)     Total                          Min: 0, Avg:  0.5, Max: 3, Diff: 3, Sum: 3, Workers: 6
[29.270s][debug  ][gc,phases      ] GC(107)   JVMTI Tag Weak OopStorage      Min:  0.0, Avg:  0.0, Max:  0.0, Diff:  0.0, Sum:  0.0, Workers: 6
[29.270s][debug  ][gc,phases      ] GC(107)     Dead                           Min: 0, Avg:  0.0, Max: 0, Diff: 0, Sum: 0, Workers: 6
[29.270s][debug  ][gc,phases      ] GC(107)     Total                          Min: 0, Avg:  0.0, Max: 0, Diff: 0, Sum: 0, Workers: 6
[29.270s][debug  ][gc,phases      ] GC(107)   StringTable Weak               Min:  0.0, Avg:  0.0, Max:  0.0, Diff:  0.0, Sum:  0.0, Workers: 6
[29.270s][debug  ][gc,phases      ] GC(107)     Dead                           Min: 0, Avg:  0.0, Max: 0, Diff: 0, Sum: 0, Workers: 6
[29.270s][debug  ][gc,phases      ] GC(107)     Total                          Min: 704, Avg: 892.8, Max: 1216, Diff: 512, Sum: 5357, Workers: 6
[29.270s][debug  ][gc,phases      ] GC(107)   ResolvedMethodTable Weak       Min:  0.0, Avg:  0.0, Max:  0.0, Diff:  0.0, Sum:  0.0, Workers: 6
[29.270s][debug  ][gc,phases      ] GC(107)     Dead                           Min: 0, Avg:  0.0, Max: 0, Diff: 0, Sum: 0, Workers: 6
[29.270s][debug  ][gc,phases      ] GC(107)     Total                          Min: 0, Avg: 21.7, Max: 64, Diff: 64, Sum: 130, Workers: 6
[29.270s][debug  ][gc,phases      ] GC(107)   JNI Weak                       Min:  0.0, Avg:  0.0, Max:  0.0, Diff:  0.0, Sum:  0.0, Workers: 6
[29.270s][debug  ][gc,phases      ] GC(107)     Dead                           Min: 0, Avg:  0.0, Max: 0, Diff: 0, Sum: 0, Workers: 6
[29.270s][debug  ][gc,phases      ] GC(107)     Total                          Min: 0, Avg:  0.0, Max: 0, Diff: 0, Sum: 0, Workers: 6
[29.270s][debug  ][gc,phases      ] GC(107)   StringDedup Table Weak         Min:  0.0, Avg:  0.0, Max:  0.0, Diff:  0.0, Sum:  0.0, Workers: 6
[29.270s][debug  ][gc,phases      ] GC(107)     Dead                           Min: 0, Avg:  0.0, Max: 0, Diff: 0, Sum: 0, Workers: 6
[29.270s][debug  ][gc,phases      ] GC(107)     Total                          Min: 0, Avg:  0.0, Max: 0, Diff: 0, Sum: 0, Workers: 6
[29.270s][debug  ][gc,phases      ] GC(107)   StringDedup Requests0 Weak     Min:  0.0, Avg:  0.0, Max:  0.0, Diff:  0.0, Sum:  0.0, Workers: 6
[29.270s][debug  ][gc,phases      ] GC(107)     Dead                           Min: 0, Avg:  0.0, Max: 0, Diff: 0, Sum: 0, Workers: 6
[29.270s][debug  ][gc,phases      ] GC(107)     Total                          Min: 0, Avg:  0.0, Max: 0, Diff: 0, Sum: 0, Workers: 6
[29.270s][debug  ][gc,phases      ] GC(107)   StringDedup Requests1 Weak     Min:  0.0, Avg:  0.0, Max:  0.0, Diff:  0.0, Sum:  0.0, Workers: 6
[29.270s][debug  ][gc,phases      ] GC(107)     Dead                           Min: 0, Avg:  0.0, Max: 0, Diff: 0, Sum: 0, Workers: 6
[29.270s][debug  ][gc,phases      ] GC(107)     Total                          Min: 0, Avg:  0.0, Max: 0, Diff: 0, Sum: 0, Workers: 6
[29.270s][debug  ][gc,phases      ] GC(107)   Weak JFR Old Object Samples    Min:  0.0, Avg:  0.0, Max:  0.0, Diff:  0.0, Sum:  0.0, Workers: 6
[29.270s][debug  ][gc,phases      ] GC(107)     Dead                           Min: 0, Avg:  0.0, Max: 0, Diff: 0, Sum: 0, Workers: 6
[29.270s][debug  ][gc,phases      ] GC(107)     Total                          Min: 0, Avg:  0.0, Max: 0, Diff: 0, Sum: 0, Workers: 6
[29.270s][debug  ][gc,phases      ] GC(107) Weak Processing 0.726ms
[29.271s][debug  ][gc,ergo        ] GC(107) AdaptiveSizeStart:  collection: 108 
[29.271s][debug  ][gc,ergo        ] GC(107) avg_survived_padded_avg: 36078156.000000
[29.271s][debug  ][gc,ergo        ] GC(107) avg_promoted_padded_avg: 258641888.000000  avg_pretenured_padded_avg: 0.000000  tenuring_thresh: 15  target_size: 36175872
[29.271s][debug  ][gc,age         ] GC(107) Desired survivor size 36175872 bytes, new threshold 15 (max threshold 15)
[29.271s][debug  ][gc,ergo        ] GC(107) PSAdaptiveSizePolicy::compute_eden_space_size limits: desired_eden_size: 213193907 old_eden_size: 194510848 eden_limit: 195035136 cur_eden: 194510848 max_eden_size: 195035136 avg_young_live: 26872288
[29.271s][debug  ][gc,ergo        ] GC(107) PSAdaptiveSizePolicy::compute_eden_space_size: costs minor_time: 0.050013 major_cost: 0.055247 mutator_cost: 0.894740 throughput_goal: 0.990000
[29.271s][debug  ][gc,ergo        ] GC(107) Live_space: 1056763776 free_space: 1421344768
[29.271s][debug  ][gc,ergo        ] GC(107) Old eden_size: 194510848 desired_eden_size: 195035136
[29.271s][debug  ][gc,ergo        ] GC(107) AdaptiveSizeStop: collection: 108 
[29.271s][info   ][gc,heap        ] GC(107) PSYoungGen: 218731K(225792K)->30720K(226816K) Eden: 188011K(189952K)->0K(190976K) From: 30720K(35840K)->30720K(35840K)
[29.271s][info   ][gc,heap        ] GC(107) ParOldGen: 1322597K(1835008K)->1506917K(1835008K)
[29.271s][info   ][gc,metaspace   ] GC(107) Metaspace: 1021K(1216K)->1021K(1216K) NonClass: 938K(1024K)->938K(1024K) Class: 83K(192K)->83K(192K)
[29.271s][info   ][gc             ] GC(107) Pause Young (Allocation Failure) 1505M->1501M(2013M) 17.266ms
[29.271s][info   ][gc,cpu         ] GC(107) User=0.14s Sys=0.00s Real=0.02s
[29.271s][debug  ][gc,heap        ] GC(107) Heap after GC invocations=108 (full 17):
[29.271s][debug  ][gc,heap        ] GC(107)  PSYoungGen      total 226816K, used 30720K [0x00000000f0000000, 0x0000000100000000, 0x0000000100000000)
[29.271s][debug  ][gc,heap        ] GC(107)   eden space 190976K, 0% used [0x00000000f0000000,0x00000000f0000000,0x00000000fba80000)
[29.271s][debug  ][gc,heap        ] GC(107)   from space 35840K, 85% used [0x00000000fdd00000,0x00000000ffb00030,0x0000000100000000)
[29.271s][debug  ][gc,heap        ] GC(107)   to   space 35328K, 0% used [0x00000000fba80000,0x00000000fba80000,0x00000000fdd00000)
[29.271s][debug  ][gc,heap        ] GC(107)  ParOldGen       total 1835008K, used 1506917K [0x0000000080000000, 0x00000000f0000000, 0x00000000f0000000)
[29.271s][debug  ][gc,heap        ] GC(107)   object space 1835008K, 82% used [0x0000000080000000,0x00000000dbf995b8,0x00000000f0000000)
[29.271s][debug  ][gc,heap        ] GC(107)  Metaspace       used 1021K, committed 1216K, reserved 1056768K
[29.271s][debug  ][gc,heap        ] GC(107)   class space    used 83K, committed 192K, reserved 1048576K
[29.271s][debug  ][gc,task,time   ] GC(107) VM-Thread 292530793 292688869 292710771
[29.551s][debug  ][gc,heap        ] GC(108) Heap before GC invocations=109 (full 17):
[29.551s][debug  ][gc,heap        ] GC(108)  PSYoungGen      total 226816K, used 218763K [0x00000000f0000000, 0x0000000100000000, 0x0000000100000000)
[29.551s][debug  ][gc,heap        ] GC(108)   eden space 190976K, 98% used [0x00000000f0000000,0x00000000fb7a2bf8,0x00000000fba80000)
[29.551s][debug  ][gc,heap        ] GC(108)   from space 35840K, 85% used [0x00000000fdd00000,0x00000000ffb00030,0x0000000100000000)
[29.551s][debug  ][gc,heap        ] GC(108)   to   space 35328K, 0% used [0x00000000fba80000,0x00000000fba80000,0x00000000fdd00000)
[29.551s][debug  ][gc,heap        ] GC(108)  ParOldGen       total 1835008K, used 1506917K [0x0000000080000000, 0x00000000f0000000, 0x00000000f0000000)
[29.551s][debug  ][gc,heap        ] GC(108)   object space 1835008K, 82% used [0x0000000080000000,0x00000000dbf995b8,0x00000000f0000000)
[29.551s][debug  ][gc,heap        ] GC(108)  Metaspace       used 1021K, committed 1216K, reserved 1056768K
[29.551s][debug  ][gc,heap        ] GC(108)   class space    used 83K, committed 192K, reserved 1048576K
[29.552s][debug  ][gc,tlab        ] GC(108) TLAB totals: thrds: 1  refills: 1 max: 1 slow allocs: 17 max 17 waste: 26.7% gc: 3812056B max: 3812056B slow: 0B max: 0B
[29.552s][info   ][gc,start       ] GC(108) Pause Young (Allocation Failure)
[29.552s][debug  ][gc,phases,start] GC(108) Scavenge
[29.567s][debug  ][gc,phases      ] GC(108) Scavenge 15.112ms
[29.567s][debug  ][gc,phases,start] GC(108) Reference Processing
[29.567s][debug  ][gc,ref         ] GC(108) Skipped phase 1 of Reference Processing: no references
[29.567s][debug  ][gc,ref         ] GC(108) Skipped phase 2 of Reference Processing: no references
[29.567s][debug  ][gc,ref         ] GC(108) Skipped phase 3 of Reference Processing: no references
[29.567s][debug  ][gc,ref         ] GC(108) Skipped phase 4 of Reference Processing: no references
[29.567s][debug  ][gc,phases,ref  ] GC(108) Reference Processing: 0.1ms
[29.567s][debug  ][gc,phases,ref  ] GC(108)   Reconsider SoftReferences: 0.0ms
[29.567s][debug  ][gc,phases,ref  ] GC(108)     SoftRef (ms):                  skipped
[29.567s][debug  ][gc,phases,ref  ] GC(108)   Notify Soft/WeakReferences: 0.0ms
[29.567s][debug  ][gc,phases,ref  ] GC(108)     SoftRef (ms):                  skipped
[29.567s][debug  ][gc,phases,ref  ] GC(108)     WeakRef (ms):                  skipped
[29.567s][debug  ][gc,phases,ref  ] GC(108)     FinalRef (ms):                 skipped
[29.567s][debug  ][gc,phases,ref  ] GC(108)     Total (ms):                    skipped
[29.567s][debug  ][gc,phases,ref  ] GC(108)   Notify and keep alive finalizable: 0.0ms
[29.567s][debug  ][gc,phases,ref  ] GC(108)     FinalRef (ms):                 skipped
[29.567s][debug  ][gc,phases,ref  ] GC(108)   Notify PhantomReferences: 0.0ms
[29.567s][debug  ][gc,phases,ref  ] GC(108)     PhantomRef (ms):               skipped
[29.567s][debug  ][gc,phases,ref  ] GC(108)   SoftReference:
[29.567s][debug  ][gc,phases,ref  ] GC(108)     Discovered: 0
[29.567s][debug  ][gc,phases,ref  ] GC(108)     Cleared: 0
[29.567s][debug  ][gc,phases,ref  ] GC(108)   WeakReference:
[29.567s][debug  ][gc,phases,ref  ] GC(108)     Discovered: 0
[29.567s][debug  ][gc,phases,ref  ] GC(108)     Cleared: 0
[29.567s][debug  ][gc,phases,ref  ] GC(108)   FinalReference:
[29.567s][debug  ][gc,phases,ref  ] GC(108)     Discovered: 0
[29.567s][debug  ][gc,phases,ref  ] GC(108)     Cleared: 0
[29.567s][debug  ][gc,phases,ref  ] GC(108)   PhantomReference:
[29.568s][debug  ][gc,phases,ref  ] GC(108)     Discovered: 0
[29.568s][debug  ][gc,phases,ref  ] GC(108)     Cleared: 0
[29.568s][debug  ][gc,phases      ] GC(108) Reference Processing 0.686ms
[29.568s][debug  ][gc,phases,start] GC(108) Weak Processing
[29.568s][debug  ][gc,phases      ] GC(108)   VM Weak                        Min:  0.0, Avg:  0.0, Max:  0.0, Diff:  0.0, Sum:  0.0, Workers: 6
[29.568s][debug  ][gc,phases      ] GC(108)     Dead                           Min: 0, Avg:  0.0, Max: 0, Diff: 0, Sum: 0, Workers: 6
[29.568s][debug  ][gc,phases      ] GC(108)     Total                          Min: 0, Avg:  1.3, Max: 8, Diff: 8, Sum: 8, Workers: 6
[29.568s][debug  ][gc,phases      ] GC(108)   ObjectSynchronizer Weak        Min:  0.0, Avg:  0.0, Max:  0.0, Diff:  0.0, Sum:  0.0, Workers: 6
[29.568s][debug  ][gc,phases      ] GC(108)     Dead                           Min: 0, Avg:  0.0, Max: 0, Diff: 0, Sum: 0, Workers: 6
[29.568s][debug  ][gc,phases      ] GC(108)     Total                          Min: 0, Avg:  0.5, Max: 3, Diff: 3, Sum: 3, Workers: 6
[29.568s][debug  ][gc,phases      ] GC(108)   JVMTI Tag Weak OopStorage      Min:  0.0, Avg:  0.0, Max:  0.0, Diff:  0.0, Sum:  0.0, Workers: 6
[29.568s][debug  ][gc,phases      ] GC(108)     Dead                           Min: 0, Avg:  0.0, Max: 0, Diff: 0, Sum: 0, Workers: 6
[29.568s][debug  ][gc,phases      ] GC(108)     Total                          Min: 0, Avg:  0.0, Max: 0, Diff: 0, Sum: 0, Workers: 6
[29.568s][debug  ][gc,phases      ] GC(108)   StringTable Weak               Min:  0.0, Avg:  0.0, Max:  0.0, Diff:  0.0, Sum:  0.0, Workers: 6
[29.568s][debug  ][gc,phases      ] GC(108)     Dead                           Min: 0, Avg:  0.0, Max: 0, Diff: 0, Sum: 0, Workers: 6
[29.568s][debug  ][gc,phases      ] GC(108)     Total                          Min: 704, Avg: 892.8, Max: 1216, Diff: 512, Sum: 5357, Workers: 6
[29.568s][debug  ][gc,phases      ] GC(108)   ResolvedMethodTable Weak       Min:  0.0, Avg:  0.0, Max:  0.0, Diff:  0.0, Sum:  0.0, Workers: 6
[29.568s][debug  ][gc,phases      ] GC(108)     Dead                           Min: 0, Avg:  0.0, Max: 0, Diff: 0, Sum: 0, Workers: 6
[29.568s][debug  ][gc,phases      ] GC(108)     Total                          Min: 0, Avg: 21.7, Max: 64, Diff: 64, Sum: 130, Workers: 6
[29.568s][debug  ][gc,phases      ] GC(108)   JNI Weak                       Min:  0.0, Avg:  0.0, Max:  0.0, Diff:  0.0, Sum:  0.0, Workers: 6
[29.568s][debug  ][gc,phases      ] GC(108)     Dead                           Min: 0, Avg:  0.0, Max: 0, Diff: 0, Sum: 0, Workers: 6
[29.568s][debug  ][gc,phases      ] GC(108)     Total                          Min: 0, Avg:  0.0, Max: 0, Diff: 0, Sum: 0, Workers: 6
[29.568s][debug  ][gc,phases      ] GC(108)   StringDedup Table Weak         Min:  0.0, Avg:  0.0, Max:  0.0, Diff:  0.0, Sum:  0.0, Workers: 6
[29.568s][debug  ][gc,phases      ] GC(108)     Dead                           Min: 0, Avg:  0.0, Max: 0, Diff: 0, Sum: 0, Workers: 6
[29.568s][debug  ][gc,phases      ] GC(108)     Total                          Min: 0, Avg:  0.0, Max: 0, Diff: 0, Sum: 0, Workers: 6
[29.568s][debug  ][gc,phases      ] GC(108)   StringDedup Requests0 Weak     Min:  0.0, Avg:  0.0, Max:  0.0, Diff:  0.0, Sum:  0.0, Workers: 6
[29.568s][debug  ][gc,phases      ] GC(108)     Dead                           Min: 0, Avg:  0.0, Max: 0, Diff: 0, Sum: 0, Workers: 6
[29.568s][debug  ][gc,phases      ] GC(108)     Total                          Min: 0, Avg:  0.0, Max: 0, Diff: 0, Sum: 0, Workers: 6
[29.568s][debug  ][gc,phases      ] GC(108)   StringDedup Requests1 Weak     Min:  0.0, Avg:  0.0, Max:  0.0, Diff:  0.0, Sum:  0.0, Workers: 6
[29.568s][debug  ][gc,phases      ] GC(108)     Dead                           Min: 0, Avg:  0.0, Max: 0, Diff: 0, Sum: 0, Workers: 6
[29.568s][debug  ][gc,phases      ] GC(108)     Total                          Min: 0, Avg:  0.0, Max: 0, Diff: 0, Sum: 0, Workers: 6
[29.568s][debug  ][gc,phases      ] GC(108)   Weak JFR Old Object Samples    Min:  0.0, Avg:  0.0, Max:  0.0, Diff:  0.0, Sum:  0.0, Workers: 6
[29.568s][debug  ][gc,phases      ] GC(108)     Dead                           Min: 0, Avg:  0.0, Max: 0, Diff: 0, Sum: 0, Workers: 6
[29.568s][debug  ][gc,phases      ] GC(108)     Total                          Min: 0, Avg:  0.0, Max: 0, Diff: 0, Sum: 0, Workers: 6
[29.568s][debug  ][gc,phases      ] GC(108) Weak Processing 0.783ms
[29.568s][debug  ][gc,ergo        ] GC(108) AdaptiveSizeStart:  collection: 109 
[29.568s][debug  ][gc,ergo        ] GC(108) avg_survived_padded_avg: 35809188.000000
[29.568s][debug  ][gc,ergo        ] GC(108) avg_promoted_padded_avg: 259623824.000000  avg_pretenured_padded_avg: 0.000000  tenuring_thresh: 15  target_size: 36175872
[29.568s][debug  ][gc,age         ] GC(108) Desired survivor size 36175872 bytes, new threshold 15 (max threshold 15)
[29.568s][debug  ][gc,ergo        ] GC(108) PSAdaptiveSizePolicy::compute_eden_space_size limits: desired_eden_size: 214538305 old_eden_size: 195035136 eden_limit: 195559424 cur_eden: 195559424 max_eden_size: 195559424 avg_young_live: 27330792
[29.568s][debug  ][gc,ergo        ] GC(108) PSAdaptiveSizePolicy::compute_eden_space_size: costs minor_time: 0.051543 major_cost: 0.055247 mutator_cost: 0.893209 throughput_goal: 0.990000
[29.568s][debug  ][gc,ergo        ] GC(108) Live_space: 1057222272 free_space: 1421869056
[29.569s][debug  ][gc,ergo        ] GC(108) Old eden_size: 195035136 desired_eden_size: 195559424
[29.569s][debug  ][gc,ergo        ] GC(108) AdaptiveSizeStop: collection: 109 
[29.569s][info   ][gc,heap        ] GC(108) PSYoungGen: 218763K(226816K)->30720K(226304K) Eden: 188042K(190976K)->0K(190976K) From: 30720K(35840K)->30720K(35328K)
[29.569s][info   ][gc,heap        ] GC(108) ParOldGen: 1506917K(1835008K)->1691237K(1835008K)
[29.569s][info   ][gc,metaspace   ] GC(108) Metaspace: 1021K(1216K)->1021K(1216K) NonClass: 938K(1024K)->938K(1024K) Class: 83K(192K)->83K(192K)
[29.569s][info   ][gc             ] GC(108) Pause Young (Allocation Failure) 1685M->1681M(2013M) 17.083ms
[29.569s][info   ][gc,cpu         ] GC(108) User=0.16s Sys=0.00s Real=0.02s
[29.569s][debug  ][gc,heap        ] GC(108) Heap after GC invocations=109 (full 17):
[29.569s][debug  ][gc,heap        ] GC(108)  PSYoungGen      total 226304K, used 30720K [0x00000000f0000000, 0x0000000100000000, 0x0000000100000000)
[29.569s][debug  ][gc,heap        ] GC(108)   eden space 190976K, 0% used [0x00000000f0000000,0x00000000f0000000,0x00000000fba80000)
[29.569s][debug  ][gc,heap        ] GC(108)   from space 35328K, 86% used [0x00000000fba80000,0x00000000fd880030,0x00000000fdd00000)
[29.569s][debug  ][gc,heap        ] GC(108)   to   space 35328K, 0% used [0x00000000fdd80000,0x00000000fdd80000,0x0000000100000000)
[29.569s][debug  ][gc,heap        ] GC(108)  ParOldGen       total 1835008K, used 1691237K [0x0000000080000000, 0x00000000f0000000, 0x00000000f0000000)
[29.569s][debug  ][gc,heap        ] GC(108)   object space 1835008K, 92% used [0x0000000080000000,0x00000000e73996d8,0x00000000f0000000)
[29.569s][debug  ][gc,heap        ] GC(108)  Metaspace       used 1021K, committed 1216K, reserved 1056768K
[29.569s][debug  ][gc,heap        ] GC(108)   class space    used 83K, committed 192K, reserved 1048576K
[29.569s][debug  ][gc,task,time   ] GC(108) VM-Thread 295509894 295668608 295689373
[29.569s][debug  ][gc,phases,start] GC(109) Pre Compact
[29.569s][debug  ][gc,heap        ] GC(109) Heap before GC invocations=110 (full 18):
[29.569s][debug  ][gc,heap        ] GC(109)  PSYoungGen      total 226304K, used 30720K [0x00000000f0000000, 0x0000000100000000, 0x0000000100000000)
[29.569s][debug  ][gc,heap        ] GC(109)   eden space 190976K, 0% used [0x00000000f0000000,0x00000000f0000000,0x00000000fba80000)
[29.569s][debug  ][gc,heap        ] GC(109)   from space 35328K, 86% used [0x00000000fba80000,0x00000000fd880030,0x00000000fdd00000)
[29.569s][debug  ][gc,heap        ] GC(109)   to   space 35328K, 0% used [0x00000000fdd80000,0x00000000fdd80000,0x0000000100000000)
[29.569s][debug  ][gc,heap        ] GC(109)  ParOldGen       total 1835008K, used 1691237K [0x0000000080000000, 0x00000000f0000000, 0x00000000f0000000)
[29.569s][debug  ][gc,heap        ] GC(109)   object space 1835008K, 92% used [0x0000000080000000,0x00000000e73996d8,0x00000000f0000000)
[29.569s][debug  ][gc,heap        ] GC(109)  Metaspace       used 1021K, committed 1216K, reserved 1056768K
[29.569s][debug  ][gc,heap        ] GC(109)   class space    used 83K, committed 192K, reserved 1048576K
[29.569s][debug  ][gc,phases      ] GC(109) Pre Compact 0.204ms
[29.569s][info   ][gc,start       ] GC(109) Pause Full (Ergonomics)
[29.569s][info   ][gc,phases,start] GC(109) Marking Phase
[29.569s][debug  ][gc,phases,start] GC(109) Par Mark
[29.570s][debug  ][gc,phases      ] GC(109) Par Mark 0.516ms
[29.570s][debug  ][gc,phases,start] GC(109) Reference Processing
[29.570s][debug  ][gc,ref         ] GC(109) Skipped phase 1 of Reference Processing: no references
[29.570s][debug  ][gc,ref         ] GC(109) ReferenceProcessor::execute queues: 1, RefProcThreadModel::Single, marks_oops_alive: false
[29.570s][debug  ][gc,ref         ] GC(109) Skipped phase 3 of Reference Processing: no references
[29.570s][debug  ][gc,ref         ] GC(109) ReferenceProcessor::execute queues: 1, RefProcThreadModel::Single, marks_oops_alive: false
[29.570s][debug  ][gc,phases,ref  ] GC(109) Reference Processing: 0.1ms
[29.570s][debug  ][gc,phases,ref  ] GC(109)   Reconsider SoftReferences: 0.0ms
[29.570s][debug  ][gc,phases,ref  ] GC(109)     SoftRef (ms):                  skipped
[29.570s][debug  ][gc,phases,ref  ] GC(109)   Notify Soft/WeakReferences: 0.0ms
[29.570s][debug  ][gc,phases,ref  ] GC(109)     SoftRef (ms):                  Min:  0.0, Avg:  0.0, Max:  0.0, Diff:  0.0, Sum:  0.0, Workers: 10
[29.570s][debug  ][gc,phases,ref  ] GC(109)     WeakRef (ms):                  Min:  0.0, Avg:  0.0, Max:  0.0, Diff:  0.0, Sum:  0.0, Workers: 10
[29.570s][debug  ][gc,phases,ref  ] GC(109)     FinalRef (ms):                 Min:  0.0, Avg:  0.0, Max:  0.0, Diff:  0.0, Sum:  0.0, Workers: 10
[29.570s][debug  ][gc,phases,ref  ] GC(109)     Total (ms):                    Min:  0.0, Avg:  0.0, Max:  0.0, Diff:  0.0, Sum:  0.0, Workers: 10
[29.570s][debug  ][gc,phases,ref  ] GC(109)   Notify and keep alive finalizable: 0.0ms
[29.570s][debug  ][gc,phases,ref  ] GC(109)     FinalRef (ms):                 skipped
[29.570s][debug  ][gc,phases,ref  ] GC(109)   Notify PhantomReferences: 0.0ms
[29.570s][debug  ][gc,phases,ref  ] GC(109)     PhantomRef (ms):               Min:  0.0, Avg:  0.0, Max:  0.0, Diff:  0.0, Sum:  0.0, Workers: 10
[29.570s][debug  ][gc,phases,ref  ] GC(109)   SoftReference:
[29.570s][debug  ][gc,phases,ref  ] GC(109)     Discovered: 0
[29.570s][debug  ][gc,phases,ref  ] GC(109)     Cleared: 0
[29.570s][debug  ][gc,phases,ref  ] GC(109)   WeakReference:
[29.570s][debug  ][gc,phases,ref  ] GC(109)     Discovered: 67
[29.570s][debug  ][gc,phases,ref  ] GC(109)     Cleared: 67
[29.570s][debug  ][gc,phases,ref  ] GC(109)   FinalReference:
[29.570s][debug  ][gc,phases,ref  ] GC(109)     Discovered: 0
[29.570s][debug  ][gc,phases,ref  ] GC(109)     Cleared: 0
[29.570s][debug  ][gc,phases,ref  ] GC(109)   PhantomReference:
[29.570s][debug  ][gc,phases,ref  ] GC(109)     Discovered: 5
[29.570s][debug  ][gc,phases,ref  ] GC(109)     Cleared: 5
[29.570s][debug  ][gc,phases      ] GC(109) Reference Processing 0.609ms
[29.570s][debug  ][gc,phases,start] GC(109) Weak Processing
[29.570s][debug  ][gc,phases      ] GC(109)   VM Weak                        Min:  0.0, Avg:  0.0, Max:  0.0, Diff:  0.0, Sum:  0.0, Workers: 6
[29.571s][debug  ][gc,phases      ] GC(109)     Dead                           Min: 0, Avg:  0.0, Max: 0, Diff: 0, Sum: 0, Workers: 6
[29.571s][debug  ][gc,phases      ] GC(109)     Total                          Min: 0, Avg:  1.3, Max: 8, Diff: 8, Sum: 8, Workers: 6
[29.571s][debug  ][gc,phases      ] GC(109)   ObjectSynchronizer Weak        Min:  0.0, Avg:  0.0, Max:  0.0, Diff:  0.0, Sum:  0.0, Workers: 6
[29.571s][debug  ][gc,phases      ] GC(109)     Dead                           Min: 0, Avg:  0.0, Max: 0, Diff: 0, Sum: 0, Workers: 6
[29.571s][debug  ][gc,phases      ] GC(109)     Total                          Min: 0, Avg:  0.5, Max: 3, Diff: 3, Sum: 3, Workers: 6
[29.571s][debug  ][gc,phases      ] GC(109)   JVMTI Tag Weak OopStorage      Min:  0.0, Avg:  0.0, Max:  0.0, Diff:  0.0, Sum:  0.0, Workers: 6
[29.571s][debug  ][gc,phases      ] GC(109)     Dead                           Min: 0, Avg:  0.0, Max: 0, Diff: 0, Sum: 0, Workers: 6
[29.571s][debug  ][gc,phases      ] GC(109)     Total                          Min: 0, Avg:  0.0, Max: 0, Diff: 0, Sum: 0, Workers: 6
[29.571s][debug  ][gc,phases      ] GC(109)   StringTable Weak               Min:  0.0, Avg:  0.0, Max:  0.0, Diff:  0.0, Sum:  0.0, Workers: 6
[29.571s][debug  ][gc,phases      ] GC(109)     Dead                           Min: 0, Avg:  0.0, Max: 0, Diff: 0, Sum: 0, Workers: 6
[29.571s][debug  ][gc,phases      ] GC(109)     Total                          Min: 703, Avg: 892.8, Max: 1280, Diff: 577, Sum: 5357, Workers: 6
[29.571s][debug  ][gc,phases      ] GC(109)   ResolvedMethodTable Weak       Min:  0.0, Avg:  0.0, Max:  0.0, Diff:  0.0, Sum:  0.0, Workers: 6
[29.571s][debug  ][gc,phases      ] GC(109)     Dead                           Min: 0, Avg:  0.0, Max: 0, Diff: 0, Sum: 0, Workers: 6
[29.571s][debug  ][gc,phases      ] GC(109)     Total                          Min: 0, Avg: 21.7, Max: 64, Diff: 64, Sum: 130, Workers: 6
[29.571s][debug  ][gc,phases      ] GC(109)   JNI Weak                       Min:  0.0, Avg:  0.0, Max:  0.0, Diff:  0.0, Sum:  0.0, Workers: 6
[29.571s][debug  ][gc,phases      ] GC(109)     Dead                           Min: 0, Avg:  0.0, Max: 0, Diff: 0, Sum: 0, Workers: 6
[29.571s][debug  ][gc,phases      ] GC(109)     Total                          Min: 0, Avg:  0.0, Max: 0, Diff: 0, Sum: 0, Workers: 6
[29.571s][debug  ][gc,phases      ] GC(109)   StringDedup Table Weak         Min:  0.0, Avg:  0.0, Max:  0.0, Diff:  0.0, Sum:  0.0, Workers: 6
[29.571s][debug  ][gc,phases      ] GC(109)     Dead                           Min: 0, Avg:  0.0, Max: 0, Diff: 0, Sum: 0, Workers: 6
[29.571s][debug  ][gc,phases      ] GC(109)     Total                          Min: 0, Avg:  0.0, Max: 0, Diff: 0, Sum: 0, Workers: 6
[29.571s][debug  ][gc,phases      ] GC(109)   StringDedup Requests0 Weak     Min:  0.0, Avg:  0.0, Max:  0.0, Diff:  0.0, Sum:  0.0, Workers: 6
[29.571s][debug  ][gc,phases      ] GC(109)     Dead                           Min: 0, Avg:  0.0, Max: 0, Diff: 0, Sum: 0, Workers: 6
[29.571s][debug  ][gc,phases      ] GC(109)     Total                          Min: 0, Avg:  0.0, Max: 0, Diff: 0, Sum: 0, Workers: 6
[29.571s][debug  ][gc,phases      ] GC(109)   StringDedup Requests1 Weak     Min:  0.0, Avg:  0.0, Max:  0.0, Diff:  0.0, Sum:  0.0, Workers: 6
[29.571s][debug  ][gc,phases      ] GC(109)     Dead                           Min: 0, Avg:  0.0, Max: 0, Diff: 0, Sum: 0, Workers: 6
[29.571s][debug  ][gc,phases      ] GC(109)     Total                          Min: 0, Avg:  0.0, Max: 0, Diff: 0, Sum: 0, Workers: 6
[29.571s][debug  ][gc,phases      ] GC(109)   Weak JFR Old Object Samples    Min:  0.0, Avg:  0.0, Max:  0.0, Diff:  0.0, Sum:  0.0, Workers: 6
[29.571s][debug  ][gc,phases      ] GC(109)     Dead                           Min: 0, Avg:  0.0, Max: 0, Diff: 0, Sum: 0, Workers: 6
[29.571s][debug  ][gc,phases      ] GC(109)     Total                          Min: 0, Avg:  0.0, Max: 0, Diff: 0, Sum: 0, Workers: 6
[29.571s][debug  ][gc,phases      ] GC(109) Weak Processing 0.675ms
[29.571s][debug  ][gc,phases,start] GC(109) Class Unloading
[29.571s][debug  ][gc,phases,start] GC(109) ClassLoaderData
[29.571s][debug  ][gc,phases      ] GC(109) ClassLoaderData 0.019ms
[29.571s][debug  ][gc,phases,start] GC(109) Trigger cleanups
[29.571s][debug  ][gc,phases      ] GC(109) Trigger cleanups 0.019ms
[29.571s][debug  ][gc,phases      ] GC(109) Class Unloading 0.253ms
[29.571s][info   ][gc,phases      ] GC(109) Marking Phase 2.171ms
[29.571s][info   ][gc,phases,start] GC(109) Summary Phase
[29.571s][info   ][gc,phases      ] GC(109) Summary Phase 0.046ms
[29.572s][info   ][gc,phases,start] GC(109) Adjust Roots
[29.572s][info   ][gc,phases      ] GC(109) Adjust Roots 0.165ms
[29.572s][info   ][gc,phases,start] GC(109) Compaction Phase
[29.659s][info   ][gc,phases      ] GC(109) Compaction Phase 87.126ms
[29.659s][info   ][gc,phases,start] GC(109) Post Compact
[29.664s][info   ][gc,phases      ] GC(109) Post Compact 5.312ms
[29.664s][debug  ][gc,ergo        ] GC(109) AdaptiveSizeStart: collection: 110 
[29.664s][debug  ][gc,ergo        ] GC(109) PSAdaptiveSizePolicy::compute_eden_space_size limits: desired_eden_size: 214360780 old_eden_size: 195559424 eden_limit: 196083712 cur_eden: 195559424 max_eden_size: 196083712 avg_young_live: 24597714
[29.664s][debug  ][gc,ergo        ] GC(109) PSAdaptiveSizePolicy::compute_eden_space_size: costs minor_time: 0.051543 major_cost: 0.056256 mutator_cost: 0.892201 throughput_goal: 0.990000
[29.664s][debug  ][gc,ergo        ] GC(109) Live_space: 1054489216 free_space: 1422393344
[29.664s][debug  ][gc,ergo        ] GC(109) Old eden_size: 195559424 desired_eden_size: 196083712
[29.664s][debug  ][gc,ergo        ] GC(109) PSAdaptiveSizePolicy::compute_old_gen_free_space limits: desired_promo_size: 1354880241 promo_limit: 1226833920 free_in_old_gen: 1110732672 max_old_gen_size: 1879048192 avg_old_live: 768315520
[29.665s][debug  ][gc,ergo        ] GC(109) PSAdaptiveSizePolicy::compute_old_gen_free_space: costs minor_time: 0.051543 major_cost: 0.056256  mutator_cost: 0.892201 throughput_goal: 0.990000
[29.665s][debug  ][gc,ergo        ] GC(109) Live_space: 1061348736 free_space: 1422917632
[29.665s][debug  ][gc,ergo        ] GC(109) Old promo_size: 1226833920 desired_promo_size: 1226833920
[29.665s][debug  ][gc,ergo        ] GC(109) AdaptiveSizeStop: collection: 110 
[29.665s][info   ][gc,heap        ] GC(109) PSYoungGen: 30720K(226304K)->0K(226816K) Eden: 0K(190976K)->0K(191488K) From: 30720K(35328K)->0K(35328K)
[29.665s][info   ][gc,heap        ] GC(109) ParOldGen: 1691237K(1835008K)->810596K(1835008K)
[29.665s][info   ][gc,metaspace   ] GC(109) Metaspace: 1021K(1216K)->1021K(1216K) NonClass: 938K(1024K)->938K(1024K) Class: 83K(192K)->83K(192K)
[29.665s][info   ][gc             ] GC(109) Pause Full (Ergonomics) 1681M->791M(2013M) 95.578ms
[29.665s][info   ][gc,cpu         ] GC(109) User=0.91s Sys=0.00s Real=0.10s
[29.665s][debug  ][gc,heap        ] GC(109) Heap after GC invocations=110 (full 18):
[29.665s][debug  ][gc,heap        ] GC(109)  PSYoungGen      total 226816K, used 0K [0x00000000f0000000, 0x0000000100000000, 0x0000000100000000)
[29.665s][debug  ][gc,heap        ] GC(109)   eden space 191488K, 0% used [0x00000000f0000000,0x00000000f0000000,0x00000000fbb00000)
[29.665s][debug  ][gc,heap        ] GC(109)   from space 35328K, 0% used [0x00000000fdd80000,0x00000000fdd80000,0x0000000100000000)
[29.665s][debug  ][gc,heap        ] GC(109)   to   space 35328K, 0% used [0x00000000fbb00000,0x00000000fbb00000,0x00000000fdd80000)
[29.665s][debug  ][gc,heap        ] GC(109)  ParOldGen       total 1835008K, used 810596K [0x0000000080000000, 0x00000000f0000000, 0x00000000f0000000)
[29.665s][debug  ][gc,heap        ] GC(109)   object space 1835008K, 44% used [0x0000000080000000,0x00000000b1799178,0x00000000f0000000)
[29.665s][debug  ][gc,heap        ] GC(109)  Metaspace       used 1021K, committed 1216K, reserved 1056768K
[29.665s][debug  ][gc,heap        ] GC(109)   class space    used 83K, committed 192K, reserved 1048576K
[29.665s][debug  ][gc,task,time   ] GC(109) VM-Thread 295692205 295717220 296648380
[29.946s][debug  ][gc,heap        ] GC(110) Heap before GC invocations=111 (full 18):
[29.946s][debug  ][gc,heap        ] GC(110)  PSYoungGen      total 226816K, used 188060K [0x00000000f0000000, 0x0000000100000000, 0x0000000100000000)
[29.946s][debug  ][gc,heap        ] GC(110)   eden space 191488K, 98% used [0x00000000f0000000,0x00000000fb7a71a8,0x00000000fbb00000)
[29.946s][debug  ][gc,heap        ] GC(110)   from space 35328K, 0% used [0x00000000fdd80000,0x00000000fdd80000,0x0000000100000000)
[29.947s][debug  ][gc,heap        ] GC(110)   to   space 35328K, 0% used [0x00000000fbb00000,0x00000000fbb00000,0x00000000fdd80000)
[29.947s][debug  ][gc,heap        ] GC(110)  ParOldGen       total 1835008K, used 810596K [0x0000000080000000, 0x00000000f0000000, 0x00000000f0000000)
[29.947s][debug  ][gc,heap        ] GC(110)   object space 1835008K, 44% used [0x0000000080000000,0x00000000b1799178,0x00000000f0000000)
[29.947s][debug  ][gc,heap        ] GC(110)  Metaspace       used 1021K, committed 1216K, reserved 1056768K
[29.947s][debug  ][gc,heap        ] GC(110)   class space    used 83K, committed 192K, reserved 1048576K
[29.947s][debug  ][gc,tlab        ] GC(110) TLAB totals: thrds: 1  refills: 1 max: 1 slow allocs: 17 max 17 waste: 26.8% gc: 3829896B max: 3829896B slow: 0B max: 0B
[29.947s][info   ][gc,start       ] GC(110) Pause Young (Allocation Failure)
[29.947s][debug  ][gc,phases,start] GC(110) Scavenge
[29.959s][debug  ][gc,phases      ] GC(110) Scavenge 12.405ms
[29.959s][debug  ][gc,phases,start] GC(110) Reference Processing
[29.959s][debug  ][gc,ref         ] GC(110) Skipped phase 1 of Reference Processing: no references
[29.959s][debug  ][gc,ref         ] GC(110) Skipped phase 2 of Reference Processing: no references
[29.959s][debug  ][gc,ref         ] GC(110) Skipped phase 3 of Reference Processing: no references
[29.959s][debug  ][gc,ref         ] GC(110) Skipped phase 4 of Reference Processing: no references
[29.959s][debug  ][gc,phases,ref  ] GC(110) Reference Processing: 0.1ms
[29.959s][debug  ][gc,phases,ref  ] GC(110)   Reconsider SoftReferences: 0.0ms
[29.959s][debug  ][gc,phases,ref  ] GC(110)     SoftRef (ms):                  skipped
[29.959s][debug  ][gc,phases,ref  ] GC(110)   Notify Soft/WeakReferences: 0.0ms
[29.959s][debug  ][gc,phases,ref  ] GC(110)     SoftRef (ms):                  skipped
[29.959s][debug  ][gc,phases,ref  ] GC(110)     WeakRef (ms):                  skipped
[29.959s][debug  ][gc,phases,ref  ] GC(110)     FinalRef (ms):                 skipped
[29.959s][debug  ][gc,phases,ref  ] GC(110)     Total (ms):                    skipped
[29.959s][debug  ][gc,phases,ref  ] GC(110)   Notify and keep alive finalizable: 0.0ms
[29.959s][debug  ][gc,phases,ref  ] GC(110)     FinalRef (ms):                 skipped
[29.959s][debug  ][gc,phases,ref  ] GC(110)   Notify PhantomReferences: 0.0ms
[29.959s][debug  ][gc,phases,ref  ] GC(110)     PhantomRef (ms):               skipped
[29.960s][debug  ][gc,phases,ref  ] GC(110)   SoftReference:
[29.960s][debug  ][gc,phases,ref  ] GC(110)     Discovered: 0
[29.960s][debug  ][gc,phases,ref  ] GC(110)     Cleared: 0
[29.960s][debug  ][gc,phases,ref  ] GC(110)   WeakReference:
[29.960s][debug  ][gc,phases,ref  ] GC(110)     Discovered: 0
[29.960s][debug  ][gc,phases,ref  ] GC(110)     Cleared: 0
[29.960s][debug  ][gc,phases,ref  ] GC(110)   FinalReference:
[29.960s][debug  ][gc,phases,ref  ] GC(110)     Discovered: 0
[29.960s][debug  ][gc,phases,ref  ] GC(110)     Cleared: 0
[29.960s][debug  ][gc,phases,ref  ] GC(110)   PhantomReference:
[29.960s][debug  ][gc,phases,ref  ] GC(110)     Discovered: 0
[29.960s][debug  ][gc,phases,ref  ] GC(110)     Cleared: 0
[29.960s][debug  ][gc,phases      ] GC(110) Reference Processing 0.571ms
[29.960s][debug  ][gc,phases,start] GC(110) Weak Processing
[29.960s][debug  ][gc,phases      ] GC(110)   VM Weak                        Min:  0.0, Avg:  0.0, Max:  0.0, Diff:  0.0, Sum:  0.0, Workers: 6
[29.960s][debug  ][gc,phases      ] GC(110)     Dead                           Min: 0, Avg:  0.0, Max: 0, Diff: 0, Sum: 0, Workers: 6
[29.960s][debug  ][gc,phases      ] GC(110)     Total                          Min: 0, Avg:  1.3, Max: 8, Diff: 8, Sum: 8, Workers: 6
[29.960s][debug  ][gc,phases      ] GC(110)   ObjectSynchronizer Weak        Min:  0.0, Avg:  0.0, Max:  0.0, Diff:  0.0, Sum:  0.0, Workers: 6
[29.960s][debug  ][gc,phases      ] GC(110)     Dead                           Min: 0, Avg:  0.0, Max: 0, Diff: 0, Sum: 0, Workers: 6
[29.960s][debug  ][gc,phases      ] GC(110)     Total                          Min: 0, Avg:  0.5, Max: 3, Diff: 3, Sum: 3, Workers: 6
[29.960s][debug  ][gc,phases      ] GC(110)   JVMTI Tag Weak OopStorage      Min:  0.0, Avg:  0.0, Max:  0.0, Diff:  0.0, Sum:  0.0, Workers: 6
[29.960s][debug  ][gc,phases      ] GC(110)     Dead                           Min: 0, Avg:  0.0, Max: 0, Diff: 0, Sum: 0, Workers: 6
[29.960s][debug  ][gc,phases      ] GC(110)     Total                          Min: 0, Avg:  0.0, Max: 0, Diff: 0, Sum: 0, Workers: 6
[29.960s][debug  ][gc,phases      ] GC(110)   StringTable Weak               Min:  0.0, Avg:  0.0, Max:  0.0, Diff:  0.0, Sum:  0.0, Workers: 6
[29.960s][debug  ][gc,phases      ] GC(110)     Dead                           Min: 0, Avg:  0.0, Max: 0, Diff: 0, Sum: 0, Workers: 6
[29.960s][debug  ][gc,phases      ] GC(110)     Total                          Min: 704, Avg: 892.8, Max: 1152, Diff: 448, Sum: 5357, Workers: 6
[29.960s][debug  ][gc,phases      ] GC(110)   ResolvedMethodTable Weak       Min:  0.0, Avg:  0.0, Max:  0.0, Diff:  0.0, Sum:  0.0, Workers: 6
[29.960s][debug  ][gc,phases      ] GC(110)     Dead                           Min: 0, Avg:  0.0, Max: 0, Diff: 0, Sum: 0, Workers: 6
[29.960s][debug  ][gc,phases      ] GC(110)     Total                          Min: 0, Avg: 21.7, Max: 64, Diff: 64, Sum: 130, Workers: 6
[29.960s][debug  ][gc,phases      ] GC(110)   JNI Weak                       Min:  0.0, Avg:  0.0, Max:  0.0, Diff:  0.0, Sum:  0.0, Workers: 6
[29.960s][debug  ][gc,phases      ] GC(110)     Dead                           Min: 0, Avg:  0.0, Max: 0, Diff: 0, Sum: 0, Workers: 6
[29.960s][debug  ][gc,phases      ] GC(110)     Total                          Min: 0, Avg:  0.0, Max: 0, Diff: 0, Sum: 0, Workers: 6
[29.960s][debug  ][gc,phases      ] GC(110)   StringDedup Table Weak         Min:  0.0, Avg:  0.0, Max:  0.0, Diff:  0.0, Sum:  0.0, Workers: 6
[29.960s][debug  ][gc,phases      ] GC(110)     Dead                           Min: 0, Avg:  0.0, Max: 0, Diff: 0, Sum: 0, Workers: 6
[29.960s][debug  ][gc,phases      ] GC(110)     Total                          Min: 0, Avg:  0.0, Max: 0, Diff: 0, Sum: 0, Workers: 6
[29.960s][debug  ][gc,phases      ] GC(110)   StringDedup Requests0 Weak     Min:  0.0, Avg:  0.0, Max:  0.0, Diff:  0.0, Sum:  0.0, Workers: 6
[29.960s][debug  ][gc,phases      ] GC(110)     Dead                           Min: 0, Avg:  0.0, Max: 0, Diff: 0, Sum: 0, Workers: 6
[29.960s][debug  ][gc,phases      ] GC(110)     Total                          Min: 0, Avg:  0.0, Max: 0, Diff: 0, Sum: 0, Workers: 6
[29.960s][debug  ][gc,phases      ] GC(110)   StringDedup Requests1 Weak     Min:  0.0, Avg:  0.0, Max:  0.0, Diff:  0.0, Sum:  0.0, Workers: 6
[29.960s][debug  ][gc,phases      ] GC(110)     Dead                           Min: 0, Avg:  0.0, Max: 0, Diff: 0, Sum: 0, Workers: 6
[29.960s][debug  ][gc,phases      ] GC(110)     Total                          Min: 0, Avg:  0.0, Max: 0, Diff: 0, Sum: 0, Workers: 6
[29.960s][debug  ][gc,phases      ] GC(110)   Weak JFR Old Object Samples    Min:  0.0, Avg:  0.0, Max:  0.0, Diff:  0.0, Sum:  0.0, Workers: 6
[29.960s][debug  ][gc,phases      ] GC(110)     Dead                           Min: 0, Avg:  0.0, Max: 0, Diff: 0, Sum: 0, Workers: 6
[29.961s][debug  ][gc,phases      ] GC(110)     Total                          Min: 0, Avg:  0.0, Max: 0, Diff: 0, Sum: 0, Workers: 6
[29.961s][debug  ][gc,phases      ] GC(110) Weak Processing 0.800ms
[29.961s][debug  ][gc,ergo        ] GC(110) AdaptiveSizeStart:  collection: 111 
[29.961s][debug  ][gc,ergo        ] GC(110) avg_survived_padded_avg: 35547808.000000
[29.961s][debug  ][gc,ergo        ] GC(110) avg_promoted_padded_avg: 250709024.000000  avg_pretenured_padded_avg: 0.000000  tenuring_thresh: 15  target_size: 35651584
[29.961s][debug  ][gc,age         ] GC(110) Desired survivor size 35651584 bytes, new threshold 15 (max threshold 15)
[29.961s][debug  ][gc,ergo        ] GC(110) PSAdaptiveSizePolicy::compute_eden_space_size limits: desired_eden_size: 214087260 old_eden_size: 196083712 eden_limit: 196083712 cur_eden: 196083712 max_eden_size: 196083712 avg_young_live: 25283676
[29.961s][debug  ][gc,ergo        ] GC(110) PSAdaptiveSizePolicy::compute_eden_space_size: costs minor_time: 0.047509 major_cost: 0.056256 mutator_cost: 0.896235 throughput_goal: 0.990000
[29.961s][debug  ][gc,ergo        ] GC(110) Live_space: 1062034688 free_space: 1422917632
[29.961s][debug  ][gc,ergo        ] GC(110) Old eden_size: 196083712 desired_eden_size: 196083712
[29.961s][debug  ][gc,ergo        ] GC(110) AdaptiveSizeStop: collection: 111 
[29.961s][info   ][gc,heap        ] GC(110) PSYoungGen: 188060K(226816K)->30720K(226816K) Eden: 188060K(191488K)->0K(191488K) From: 0K(35328K)->30720K(35328K)
[29.961s][info   ][gc,heap        ] GC(110) ParOldGen: 810596K(1835008K)->964196K(1835008K)
[29.961s][info   ][gc,metaspace   ] GC(110) Metaspace: 1021K(1216K)->1021K(1216K) NonClass: 938K(1024K)->938K(1024K) Class: 83K(192K)->83K(192K)
[29.961s][info   ][gc             ] GC(110) Pause Young (Allocation Failure) 975M->971M(2013M) 14.290ms
[29.961s][info   ][gc,cpu         ] GC(110) User=0.16s Sys=0.00s Real=0.01s
[29.961s][debug  ][gc,heap        ] GC(110) Heap after GC invocations=111 (full 18):
[29.961s][debug  ][gc,heap        ] GC(110)  PSYoungGen      total 226816K, used 30720K [0x00000000f0000000, 0x0000000100000000, 0x0000000100000000)
[29.961s][debug  ][gc,heap        ] GC(110)   eden space 191488K, 0% used [0x00000000f0000000,0x00000000f0000000,0x00000000fbb00000)
[29.961s][debug  ][gc,heap        ] GC(110)   from space 35328K, 86% used [0x00000000fbb00000,0x00000000fd900030,0x00000000fdd80000)
[29.961s][debug  ][gc,heap        ] GC(110)   to   space 34816K, 0% used [0x00000000fde00000,0x00000000fde00000,0x0000000100000000)
[29.961s][debug  ][gc,heap        ] GC(110)  ParOldGen       total 1835008K, used 964196K [0x0000000080000000, 0x00000000f0000000, 0x00000000f0000000)
[29.961s][debug  ][gc,heap        ] GC(110)   object space 1835008K, 52% used [0x0000000080000000,0x00000000bad99268,0x00000000f0000000)
[29.961s][debug  ][gc,heap        ] GC(110)  Metaspace       used 1021K, committed 1216K, reserved 1056768K
[29.961s][debug  ][gc,heap        ] GC(110)   class space    used 83K, committed 192K, reserved 1048576K
[29.961s][debug  ][gc,task,time   ] GC(110) VM-Thread 299463720 299591596 299612067
[30.247s][debug  ][gc,heap        ] GC(111) Heap before GC invocations=112 (full 18):
[30.247s][debug  ][gc,heap        ] GC(111)  PSYoungGen      total 226816K, used 218712K [0x00000000f0000000, 0x0000000100000000, 0x0000000100000000)
[30.247s][debug  ][gc,heap        ] GC(111)   eden space 191488K, 98% used [0x00000000f0000000,0x00000000fb796088,0x00000000fbb00000)
[30.247s][debug  ][gc,heap        ] GC(111)   from space 35328K, 86% used [0x00000000fbb00000,0x00000000fd900030,0x00000000fdd80000)
[30.247s][debug  ][gc,heap        ] GC(111)   to   space 34816K, 0% used [0x00000000fde00000,0x00000000fde00000,0x0000000100000000)
[30.247s][debug  ][gc,heap        ] GC(111)  ParOldGen       total 1835008K, used 964196K [0x0000000080000000, 0x00000000f0000000, 0x00000000f0000000)
[30.247s][debug  ][gc,heap        ] GC(111)   object space 1835008K, 52% used [0x0000000080000000,0x00000000bad99268,0x00000000f0000000)
[30.247s][debug  ][gc,heap        ] GC(111)  Metaspace       used 1022K, committed 1216K, reserved 1056768K
[30.247s][debug  ][gc,heap        ] GC(111)   class space    used 83K, committed 192K, reserved 1048576K
[30.248s][debug  ][gc,tlab        ] GC(111) TLAB totals: thrds: 1  refills: 1 max: 1 slow allocs: 17 max 17 waste: 26.4% gc: 3758912B max: 3758912B slow: 0B max: 0B
[30.248s][info   ][gc,start       ] GC(111) Pause Young (Allocation Failure)
[30.248s][debug  ][gc,phases,start] GC(111) Scavenge
[30.258s][debug  ][gc,phases      ] GC(111) Scavenge 10.430ms
[30.258s][debug  ][gc,phases,start] GC(111) Reference Processing
[30.258s][debug  ][gc,ref         ] GC(111) Skipped phase 1 of Reference Processing: no references
[30.258s][debug  ][gc,ref         ] GC(111) Skipped phase 2 of Reference Processing: no references
[30.258s][debug  ][gc,ref         ] GC(111) Skipped phase 3 of Reference Processing: no references
[30.258s][debug  ][gc,ref         ] GC(111) Skipped phase 4 of Reference Processing: no references
[30.258s][debug  ][gc,phases,ref  ] GC(111) Reference Processing: 0.1ms
[30.258s][debug  ][gc,phases,ref  ] GC(111)   Reconsider SoftReferences: 0.0ms
[30.258s][debug  ][gc,phases,ref  ] GC(111)     SoftRef (ms):                  skipped
[30.258s][debug  ][gc,phases,ref  ] GC(111)   Notify Soft/WeakReferences: 0.0ms
[30.258s][debug  ][gc,phases,ref  ] GC(111)     SoftRef (ms):                  skipped
[30.258s][debug  ][gc,phases,ref  ] GC(111)     WeakRef (ms):                  skipped
[30.258s][debug  ][gc,phases,ref  ] GC(111)     FinalRef (ms):                 skipped
[30.258s][debug  ][gc,phases,ref  ] GC(111)     Total (ms):                    skipped
[30.258s][debug  ][gc,phases,ref  ] GC(111)   Notify and keep alive finalizable: 0.0ms
[30.258s][debug  ][gc,phases,ref  ] GC(111)     FinalRef (ms):                 skipped
[30.258s][debug  ][gc,phases,ref  ] GC(111)   Notify PhantomReferences: 0.0ms
[30.259s][debug  ][gc,phases,ref  ] GC(111)     PhantomRef (ms):               skipped
[30.259s][debug  ][gc,phases,ref  ] GC(111)   SoftReference:
[30.259s][debug  ][gc,phases,ref  ] GC(111)     Discovered: 0
[30.259s][debug  ][gc,phases,ref  ] GC(111)     Cleared: 0
[30.259s][debug  ][gc,phases,ref  ] GC(111)   WeakReference:
[30.259s][debug  ][gc,phases,ref  ] GC(111)     Discovered: 0
[30.259s][debug  ][gc,phases,ref  ] GC(111)     Cleared: 0
[30.259s][debug  ][gc,phases,ref  ] GC(111)   FinalReference:
[30.259s][debug  ][gc,phases,ref  ] GC(111)     Discovered: 0
[30.259s][debug  ][gc,phases,ref  ] GC(111)     Cleared: 0
[30.259s][debug  ][gc,phases,ref  ] GC(111)   PhantomReference:
[30.259s][debug  ][gc,phases,ref  ] GC(111)     Discovered: 0
[30.259s][debug  ][gc,phases,ref  ] GC(111)     Cleared: 0
[30.259s][debug  ][gc,phases      ] GC(111) Reference Processing 0.690ms
[30.259s][debug  ][gc,phases,start] GC(111) Weak Processing
[30.259s][debug  ][gc,phases      ] GC(111)   VM Weak                        Min:  0.0, Avg:  0.0, Max:  0.0, Diff:  0.0, Sum:  0.0, Workers: 6
[30.259s][debug  ][gc,phases      ] GC(111)     Dead                           Min: 0, Avg:  0.0, Max: 0, Diff: 0, Sum: 0, Workers: 6
[30.259s][debug  ][gc,phases      ] GC(111)     Total                          Min: 0, Avg:  1.3, Max: 8, Diff: 8, Sum: 8, Workers: 6
[30.259s][debug  ][gc,phases      ] GC(111)   ObjectSynchronizer Weak        Min:  0.0, Avg:  0.0, Max:  0.0, Diff:  0.0, Sum:  0.0, Workers: 6
[30.259s][debug  ][gc,phases      ] GC(111)     Dead                           Min: 0, Avg:  0.0, Max: 0, Diff: 0, Sum: 0, Workers: 6
[30.259s][debug  ][gc,phases      ] GC(111)     Total                          Min: 0, Avg:  0.5, Max: 3, Diff: 3, Sum: 3, Workers: 6
[30.259s][debug  ][gc,phases      ] GC(111)   JVMTI Tag Weak OopStorage      Min:  0.0, Avg:  0.0, Max:  0.0, Diff:  0.0, Sum:  0.0, Workers: 6
[30.259s][debug  ][gc,phases      ] GC(111)     Dead                           Min: 0, Avg:  0.0, Max: 0, Diff: 0, Sum: 0, Workers: 6
[30.259s][debug  ][gc,phases      ] GC(111)     Total                          Min: 0, Avg:  0.0, Max: 0, Diff: 0, Sum: 0, Workers: 6
[30.259s][debug  ][gc,phases      ] GC(111)   StringTable Weak               Min:  0.0, Avg:  0.0, Max:  0.0, Diff:  0.0, Sum:  0.0, Workers: 6
[30.259s][debug  ][gc,phases      ] GC(111)     Dead                           Min: 0, Avg:  0.0, Max: 0, Diff: 0, Sum: 0, Workers: 6
[30.259s][debug  ][gc,phases      ] GC(111)     Total                          Min: 686, Avg: 892.8, Max: 1280, Diff: 594, Sum: 5357, Workers: 6
[30.259s][debug  ][gc,phases      ] GC(111)   ResolvedMethodTable Weak       Min:  0.0, Avg:  0.0, Max:  0.0, Diff:  0.0, Sum:  0.0, Workers: 6
[30.259s][debug  ][gc,phases      ] GC(111)     Dead                           Min: 0, Avg:  0.0, Max: 0, Diff: 0, Sum: 0, Workers: 6
[30.259s][debug  ][gc,phases      ] GC(111)     Total                          Min: 0, Avg: 21.7, Max: 64, Diff: 64, Sum: 130, Workers: 6
[30.259s][debug  ][gc,phases      ] GC(111)   JNI Weak                       Min:  0.0, Avg:  0.0, Max:  0.0, Diff:  0.0, Sum:  0.0, Workers: 6
[30.259s][debug  ][gc,phases      ] GC(111)     Dead                           Min: 0, Avg:  0.0, Max: 0, Diff: 0, Sum: 0, Workers: 6
[30.259s][debug  ][gc,phases      ] GC(111)     Total                          Min: 0, Avg:  0.0, Max: 0, Diff: 0, Sum: 0, Workers: 6
[30.259s][debug  ][gc,phases      ] GC(111)   StringDedup Table Weak         Min:  0.0, Avg:  0.0, Max:  0.0, Diff:  0.0, Sum:  0.0, Workers: 6
[30.259s][debug  ][gc,phases      ] GC(111)     Dead                           Min: 0, Avg:  0.0, Max: 0, Diff: 0, Sum: 0, Workers: 6
[30.259s][debug  ][gc,phases      ] GC(111)     Total                          Min: 0, Avg:  0.0, Max: 0, Diff: 0, Sum: 0, Workers: 6
[30.259s][debug  ][gc,phases      ] GC(111)   StringDedup Requests0 Weak     Min:  0.0, Avg:  0.0, Max:  0.0, Diff:  0.0, Sum:  0.0, Workers: 6
[30.259s][debug  ][gc,phases      ] GC(111)     Dead                           Min: 0, Avg:  0.0, Max: 0, Diff: 0, Sum: 0, Workers: 6
[30.259s][debug  ][gc,phases      ] GC(111)     Total                          Min: 0, Avg:  0.0, Max: 0, Diff: 0, Sum: 0, Workers: 6
[30.259s][debug  ][gc,phases      ] GC(111)   StringDedup Requests1 Weak     Min:  0.0, Avg:  0.0, Max:  0.0, Diff:  0.0, Sum:  0.0, Workers: 6
[30.260s][debug  ][gc,phases      ] GC(111)     Dead                           Min: 0, Avg:  0.0, Max: 0, Diff: 0, Sum: 0, Workers: 6
[30.260s][debug  ][gc,phases      ] GC(111)     Total                          Min: 0, Avg:  0.0, Max: 0, Diff: 0, Sum: 0, Workers: 6
[30.260s][debug  ][gc,phases      ] GC(111)   Weak JFR Old Object Samples    Min:  0.0, Avg:  0.0, Max:  0.0, Diff:  0.0, Sum:  0.0, Workers: 6
[30.260s][debug  ][gc,phases      ] GC(111)     Dead                           Min: 0, Avg:  0.0, Max: 0, Diff: 0, Sum: 0, Workers: 6
[30.260s][debug  ][gc,phases      ] GC(111)     Total                          Min: 0, Avg:  0.0, Max: 0, Diff: 0, Sum: 0, Workers: 6
[30.260s][debug  ][gc,phases      ] GC(111) Weak Processing 0.796ms
[30.260s][debug  ][gc,ergo        ] GC(111) AdaptiveSizeStart:  collection: 112 
[30.260s][debug  ][gc,ergo        ] GC(111) avg_survived_padded_avg: 35295184.000000
[30.260s][debug  ][gc,ergo        ] GC(111) avg_promoted_padded_avg: 247901568.000000  avg_pretenured_padded_avg: 0.000000  tenuring_thresh: 15  target_size: 35651584
[30.260s][debug  ][gc,age         ] GC(111) Desired survivor size 35651584 bytes, new threshold 15 (max threshold 15)
[30.260s][debug  ][gc,ergo        ] GC(111) PSAdaptiveSizePolicy::compute_eden_space_size limits: desired_eden_size: 213711964 old_eden_size: 196083712 eden_limit: 196608000 cur_eden: 196083712 max_eden_size: 196608000 avg_young_live: 25901040
[30.260s][debug  ][gc,ergo        ] GC(111) PSAdaptiveSizePolicy::compute_eden_space_size: costs minor_time: 0.045714 major_cost: 0.056256 mutator_cost: 0.898030 throughput_goal: 0.990000
[30.260s][debug  ][gc,ergo        ] GC(111) Live_space: 1062652032 free_space: 1422917632
[30.260s][debug  ][gc,ergo        ] GC(111) Old eden_size: 196083712 desired_eden_size: 196608000
[30.260s][debug  ][gc,ergo        ] GC(111) AdaptiveSizeStop: collection: 112 
[30.260s][info   ][gc,heap        ] GC(111) PSYoungGen: 218712K(226816K)->30720K(227328K) Eden: 187992K(191488K)->0K(192512K) From: 30720K(35328K)->30720K(34816K)
[30.260s][info   ][gc,heap        ] GC(111) ParOldGen: 964196K(1835008K)->1087076K(1835008K)
[30.260s][info   ][gc,metaspace   ] GC(111) Metaspace: 1022K(1216K)->1022K(1216K) NonClass: 938K(1024K)->938K(1024K) Class: 83K(192K)->83K(192K)
[30.260s][info   ][gc             ] GC(111) Pause Young (Allocation Failure) 1155M->1091M(2014M) 12.452ms
[30.260s][info   ][gc,cpu         ] GC(111) User=0.00s Sys=0.00s Real=0.01s
[30.260s][debug  ][gc,heap        ] GC(111) Heap after GC invocations=112 (full 18):
[30.260s][debug  ][gc,heap        ] GC(111)  PSYoungGen      total 227328K, used 30720K [0x00000000f0000000, 0x0000000100000000, 0x0000000100000000)
[30.260s][debug  ][gc,heap        ] GC(111)   eden space 192512K, 0% used [0x00000000f0000000,0x00000000f0000000,0x00000000fbc00000)
[30.260s][debug  ][gc,heap        ] GC(111)   from space 34816K, 88% used [0x00000000fde00000,0x00000000ffc00030,0x0000000100000000)
[30.260s][debug  ][gc,heap        ] GC(111)   to   space 34816K, 0% used [0x00000000fbc00000,0x00000000fbc00000,0x00000000fde00000)
[30.260s][debug  ][gc,heap        ] GC(111)  ParOldGen       total 1835008K, used 1087076K [0x0000000080000000, 0x00000000f0000000, 0x00000000f0000000)
[30.260s][debug  ][gc,heap        ] GC(111)   object space 1835008K, 59% used [0x0000000080000000,0x00000000c2599328,0x00000000f0000000)
[30.260s][debug  ][gc,heap        ] GC(111)  Metaspace       used 1022K, committed 1216K, reserved 1056768K
[30.260s][debug  ][gc,heap        ] GC(111)   class space    used 83K, committed 192K, reserved 1048576K
[30.260s][debug  ][gc,task,time   ] GC(111) VM-Thread 302471322 302581137 302602992
[30.550s][debug  ][gc,heap        ] GC(112) Heap before GC invocations=113 (full 18):
[30.550s][debug  ][gc,heap        ] GC(112)  PSYoungGen      total 227328K, used 218761K [0x00000000f0000000, 0x0000000100000000, 0x0000000100000000)
[30.550s][debug  ][gc,heap        ] GC(112)   eden space 192512K, 97% used [0x00000000f0000000,0x00000000fb7a2408,0x00000000fbc00000)
[30.550s][debug  ][gc,heap        ] GC(112)   from space 34816K, 88% used [0x00000000fde00000,0x00000000ffc00030,0x0000000100000000)
[30.550s][debug  ][gc,heap        ] GC(112)   to   space 34816K, 0% used [0x00000000fbc00000,0x00000000fbc00000,0x00000000fde00000)
[30.550s][debug  ][gc,heap        ] GC(112)  ParOldGen       total 1835008K, used 1087076K [0x0000000080000000, 0x00000000f0000000, 0x00000000f0000000)
[30.550s][debug  ][gc,heap        ] GC(112)   object space 1835008K, 59% used [0x0000000080000000,0x00000000c2599328,0x00000000f0000000)
[30.550s][debug  ][gc,heap        ] GC(112)  Metaspace       used 1022K, committed 1216K, reserved 1056768K
[30.550s][debug  ][gc,heap        ] GC(112)   class space    used 83K, committed 192K, reserved 1048576K
[30.550s][debug  ][gc,tlab        ] GC(112) TLAB totals: thrds: 1  refills: 1 max: 1 slow allocs: 17 max 17 waste: 26.7% gc: 3810024B max: 3810024B slow: 0B max: 0B
[30.550s][info   ][gc,start       ] GC(112) Pause Young (Allocation Failure)
[30.550s][debug  ][gc,phases,start] GC(112) Scavenge
[30.565s][debug  ][gc,phases      ] GC(112) Scavenge 14.606ms
[30.565s][debug  ][gc,phases,start] GC(112) Reference Processing
[30.565s][debug  ][gc,ref         ] GC(112) Skipped phase 1 of Reference Processing: no references
[30.565s][debug  ][gc,ref         ] GC(112) Skipped phase 2 of Reference Processing: no references
[30.565s][debug  ][gc,ref         ] GC(112) Skipped phase 3 of Reference Processing: no references
[30.565s][debug  ][gc,ref         ] GC(112) Skipped phase 4 of Reference Processing: no references
[30.565s][debug  ][gc,phases,ref  ] GC(112) Reference Processing: 0.1ms
[30.565s][debug  ][gc,phases,ref  ] GC(112)   Reconsider SoftReferences: 0.0ms
[30.565s][debug  ][gc,phases,ref  ] GC(112)     SoftRef (ms):                  skipped
[30.565s][debug  ][gc,phases,ref  ] GC(112)   Notify Soft/WeakReferences: 0.0ms
[30.565s][debug  ][gc,phases,ref  ] GC(112)     SoftRef (ms):                  skipped
[30.565s][debug  ][gc,phases,ref  ] GC(112)     WeakRef (ms):                  skipped
[30.565s][debug  ][gc,phases,ref  ] GC(112)     FinalRef (ms):                 skipped
[30.565s][debug  ][gc,phases,ref  ] GC(112)     Total (ms):                    skipped
[30.565s][debug  ][gc,phases,ref  ] GC(112)   Notify and keep alive finalizable: 0.0ms
[30.565s][debug  ][gc,phases,ref  ] GC(112)     FinalRef (ms):                 skipped
[30.566s][debug  ][gc,phases,ref  ] GC(112)   Notify PhantomReferences: 0.0ms
[30.566s][debug  ][gc,phases,ref  ] GC(112)     PhantomRef (ms):               skipped
[30.566s][debug  ][gc,phases,ref  ] GC(112)   SoftReference:
[30.566s][debug  ][gc,phases,ref  ] GC(112)     Discovered: 0
[30.566s][debug  ][gc,phases,ref  ] GC(112)     Cleared: 0
[30.566s][debug  ][gc,phases,ref  ] GC(112)   WeakReference:
[30.566s][debug  ][gc,phases,ref  ] GC(112)     Discovered: 0
[30.566s][debug  ][gc,phases,ref  ] GC(112)     Cleared: 0
[30.566s][debug  ][gc,phases,ref  ] GC(112)   FinalReference:
[30.566s][debug  ][gc,phases,ref  ] GC(112)     Discovered: 0
[30.566s][debug  ][gc,phases,ref  ] GC(112)     Cleared: 0
[30.566s][debug  ][gc,phases,ref  ] GC(112)   PhantomReference:
[30.566s][debug  ][gc,phases,ref  ] GC(112)     Discovered: 0
[30.566s][debug  ][gc,phases,ref  ] GC(112)     Cleared: 0
[30.566s][debug  ][gc,phases      ] GC(112) Reference Processing 0.733ms
[30.566s][debug  ][gc,phases,start] GC(112) Weak Processing
[30.566s][debug  ][gc,phases      ] GC(112)   VM Weak                        Min:  0.0, Avg:  0.0, Max:  0.0, Diff:  0.0, Sum:  0.0, Workers: 6
[30.566s][debug  ][gc,phases      ] GC(112)     Dead                           Min: 0, Avg:  0.0, Max: 0, Diff: 0, Sum: 0, Workers: 6
[30.566s][debug  ][gc,phases      ] GC(112)     Total                          Min: 0, Avg:  1.3, Max: 8, Diff: 8, Sum: 8, Workers: 6
[30.566s][debug  ][gc,phases      ] GC(112)   ObjectSynchronizer Weak        Min:  0.0, Avg:  0.0, Max:  0.0, Diff:  0.0, Sum:  0.0, Workers: 6
[30.566s][debug  ][gc,phases      ] GC(112)     Dead                           Min: 0, Avg:  0.0, Max: 0, Diff: 0, Sum: 0, Workers: 6
[30.566s][debug  ][gc,phases      ] GC(112)     Total                          Min: 0, Avg:  0.5, Max: 3, Diff: 3, Sum: 3, Workers: 6
[30.566s][debug  ][gc,phases      ] GC(112)   JVMTI Tag Weak OopStorage      Min:  0.0, Avg:  0.0, Max:  0.0, Diff:  0.0, Sum:  0.0, Workers: 6
[30.566s][debug  ][gc,phases      ] GC(112)     Dead                           Min: 0, Avg:  0.0, Max: 0, Diff: 0, Sum: 0, Workers: 6
[30.566s][debug  ][gc,phases      ] GC(112)     Total                          Min: 0, Avg:  0.0, Max: 0, Diff: 0, Sum: 0, Workers: 6
[30.566s][debug  ][gc,phases      ] GC(112)   StringTable Weak               Min:  0.0, Avg:  0.0, Max:  0.0, Diff:  0.0, Sum:  0.0, Workers: 6
[30.566s][debug  ][gc,phases      ] GC(112)     Dead                           Min: 0, Avg:  0.0, Max: 0, Diff: 0, Sum: 0, Workers: 6
[30.566s][debug  ][gc,phases      ] GC(112)     Total                          Min: 831, Avg: 892.8, Max: 960, Diff: 129, Sum: 5357, Workers: 6
[30.566s][debug  ][gc,phases      ] GC(112)   ResolvedMethodTable Weak       Min:  0.0, Avg:  0.0, Max:  0.0, Diff:  0.0, Sum:  0.0, Workers: 6
[30.566s][debug  ][gc,phases      ] GC(112)     Dead                           Min: 0, Avg:  0.0, Max: 0, Diff: 0, Sum: 0, Workers: 6
[30.566s][debug  ][gc,phases      ] GC(112)     Total                          Min: 0, Avg: 21.7, Max: 64, Diff: 64, Sum: 130, Workers: 6
[30.566s][debug  ][gc,phases      ] GC(112)   JNI Weak                       Min:  0.0, Avg:  0.0, Max:  0.0, Diff:  0.0, Sum:  0.0, Workers: 6
[30.566s][debug  ][gc,phases      ] GC(112)     Dead                           Min: 0, Avg:  0.0, Max: 0, Diff: 0, Sum: 0, Workers: 6
[30.566s][debug  ][gc,phases      ] GC(112)     Total                          Min: 0, Avg:  0.0, Max: 0, Diff: 0, Sum: 0, Workers: 6
[30.566s][debug  ][gc,phases      ] GC(112)   StringDedup Table Weak         Min:  0.0, Avg:  0.0, Max:  0.0, Diff:  0.0, Sum:  0.0, Workers: 6
[30.566s][debug  ][gc,phases      ] GC(112)     Dead                           Min: 0, Avg:  0.0, Max: 0, Diff: 0, Sum: 0, Workers: 6
[30.566s][debug  ][gc,phases      ] GC(112)     Total                          Min: 0, Avg:  0.0, Max: 0, Diff: 0, Sum: 0, Workers: 6
[30.567s][debug  ][gc,phases      ] GC(112)   StringDedup Requests0 Weak     Min:  0.0, Avg:  0.0, Max:  0.0, Diff:  0.0, Sum:  0.0, Workers: 6
[30.567s][debug  ][gc,phases      ] GC(112)     Dead                           Min: 0, Avg:  0.0, Max: 0, Diff: 0, Sum: 0, Workers: 6
[30.567s][debug  ][gc,phases      ] GC(112)     Total                          Min: 0, Avg:  0.0, Max: 0, Diff: 0, Sum: 0, Workers: 6
[30.567s][debug  ][gc,phases      ] GC(112)   StringDedup Requests1 Weak     Min:  0.0, Avg:  0.0, Max:  0.0, Diff:  0.0, Sum:  0.0, Workers: 6
[30.567s][debug  ][gc,phases      ] GC(112)     Dead                           Min: 0, Avg:  0.0, Max: 0, Diff: 0, Sum: 0, Workers: 6
[30.567s][debug  ][gc,phases      ] GC(112)     Total                          Min: 0, Avg:  0.0, Max: 0, Diff: 0, Sum: 0, Workers: 6
[30.567s][debug  ][gc,phases      ] GC(112)   Weak JFR Old Object Samples    Min:  0.0, Avg:  0.0, Max:  0.0, Diff:  0.0, Sum:  0.0, Workers: 6
[30.567s][debug  ][gc,phases      ] GC(112)     Dead                           Min: 0, Avg:  0.0, Max: 0, Diff: 0, Sum: 0, Workers: 6
[30.567s][debug  ][gc,phases      ] GC(112)     Total                          Min: 0, Avg:  0.0, Max: 0, Diff: 0, Sum: 0, Workers: 6
[30.567s][debug  ][gc,phases      ] GC(112) Weak Processing 0.870ms
[30.567s][debug  ][gc,ergo        ] GC(112) AdaptiveSizeStart:  collection: 113 
[30.567s][debug  ][gc,ergo        ] GC(112) avg_survived_padded_avg: 35052176.000000
[30.567s][debug  ][gc,ergo        ] GC(112) avg_promoted_padded_avg: 250260304.000000  avg_pretenured_padded_avg: 0.000000  tenuring_thresh: 15  target_size: 35127296
[30.567s][debug  ][gc,age         ] GC(112) Desired survivor size 35127296 bytes, new threshold 15 (max threshold 15)
[30.567s][debug  ][gc,ergo        ] GC(112) PSAdaptiveSizePolicy::compute_eden_space_size limits: desired_eden_size: 215394635 old_eden_size: 196608000 eden_limit: 197132288 cur_eden: 197132288 max_eden_size: 197132288 avg_young_live: 26456668
[30.567s][debug  ][gc,ergo        ] GC(112) PSAdaptiveSizePolicy::compute_eden_space_size: costs minor_time: 0.047599 major_cost: 0.056256 mutator_cost: 0.896145 throughput_goal: 0.990000
[30.567s][debug  ][gc,ergo        ] GC(112) Live_space: 1063207680 free_space: 1423441920
[30.567s][debug  ][gc,ergo        ] GC(112) Old eden_size: 196608000 desired_eden_size: 197132288
[30.567s][debug  ][gc,ergo        ] GC(112) AdaptiveSizeStop: collection: 113 
[30.567s][info   ][gc,heap        ] GC(112) PSYoungGen: 218761K(227328K)->30720K(227328K) Eden: 188041K(192512K)->0K(192512K) From: 30720K(34816K)->30720K(34816K)
[30.567s][info   ][gc,heap        ] GC(112) ParOldGen: 1087076K(1835008K)->1271397K(1835008K)
[30.567s][info   ][gc,metaspace   ] GC(112) Metaspace: 1022K(1216K)->1022K(1216K) NonClass: 938K(1024K)->938K(1024K) Class: 83K(192K)->83K(192K)
[30.567s][info   ][gc             ] GC(112) Pause Young (Allocation Failure) 1275M->1271M(2014M) 16.751ms
[30.567s][info   ][gc,cpu         ] GC(112) User=0.14s Sys=0.00s Real=0.02s
[30.567s][debug  ][gc,heap        ] GC(112) Heap after GC invocations=113 (full 18):
[30.567s][debug  ][gc,heap        ] GC(112)  PSYoungGen      total 227328K, used 30720K [0x00000000f0000000, 0x0000000100000000, 0x0000000100000000)
[30.567s][debug  ][gc,heap        ] GC(112)   eden space 192512K, 0% used [0x00000000f0000000,0x00000000f0000000,0x00000000fbc00000)
[30.567s][debug  ][gc,heap        ] GC(112)   from space 34816K, 88% used [0x00000000fbc00000,0x00000000fda00030,0x00000000fde00000)
[30.567s][debug  ][gc,heap        ] GC(112)   to   space 34304K, 0% used [0x00000000fde80000,0x00000000fde80000,0x0000000100000000)
[30.567s][debug  ][gc,heap        ] GC(112)  ParOldGen       total 1835008K, used 1271397K [0x0000000080000000, 0x00000000f0000000, 0x00000000f0000000)
[30.567s][debug  ][gc,heap        ] GC(112)   object space 1835008K, 69% used [0x0000000080000000,0x00000000cd999448,0x00000000f0000000)
[30.567s][debug  ][gc,heap        ] GC(112)  Metaspace       used 1022K, committed 1216K, reserved 1056768K
[30.567s][debug  ][gc,heap        ] GC(112)   class space    used 83K, committed 192K, reserved 1048576K
[30.567s][debug  ][gc,task,time   ] GC(112) VM-Thread 305500089 305651261 305674467
[30.849s][debug  ][gc,heap        ] GC(113) Heap before GC invocations=114 (full 18):
[30.849s][debug  ][gc,heap        ] GC(113)  PSYoungGen      total 227328K, used 218779K [0x00000000f0000000, 0x0000000100000000, 0x0000000100000000)
[30.849s][debug  ][gc,heap        ] GC(113)   eden space 192512K, 97% used [0x00000000f0000000,0x00000000fb7a6eb8,0x00000000fbc00000)
[30.849s][debug  ][gc,heap        ] GC(113)   from space 34816K, 88% used [0x00000000fbc00000,0x00000000fda00030,0x00000000fde00000)
[30.850s][debug  ][gc,heap        ] GC(113)   to   space 34304K, 0% used [0x00000000fde80000,0x00000000fde80000,0x0000000100000000)
[30.850s][debug  ][gc,heap        ] GC(113)  ParOldGen       total 1835008K, used 1271397K [0x0000000080000000, 0x00000000f0000000, 0x00000000f0000000)
[30.850s][debug  ][gc,heap        ] GC(113)   object space 1835008K, 69% used [0x0000000080000000,0x00000000cd999448,0x00000000f0000000)
[30.850s][debug  ][gc,heap        ] GC(113)  Metaspace       used 1022K, committed 1216K, reserved 1056768K
[30.850s][debug  ][gc,heap        ] GC(113)   class space    used 83K, committed 192K, reserved 1048576K
[30.850s][debug  ][gc,tlab        ] GC(113) TLAB totals: thrds: 1  refills: 1 max: 1 slow allocs: 17 max 17 waste: 26.7% gc: 3829144B max: 3829144B slow: 0B max: 0B
[30.850s][info   ][gc,start       ] GC(113) Pause Young (Allocation Failure)
[30.850s][debug  ][gc,phases,start] GC(113) Scavenge
[30.865s][debug  ][gc,phases      ] GC(113) Scavenge 15.368ms
[30.865s][debug  ][gc,phases,start] GC(113) Reference Processing
[30.865s][debug  ][gc,ref         ] GC(113) Skipped phase 1 of Reference Processing: no references
[30.865s][debug  ][gc,ref         ] GC(113) Skipped phase 2 of Reference Processing: no references
[30.865s][debug  ][gc,ref         ] GC(113) Skipped phase 3 of Reference Processing: no references
[30.865s][debug  ][gc,ref         ] GC(113) Skipped phase 4 of Reference Processing: no references
[30.866s][debug  ][gc,phases,ref  ] GC(113) Reference Processing: 0.1ms
[30.866s][debug  ][gc,phases,ref  ] GC(113)   Reconsider SoftReferences: 0.0ms
[30.866s][debug  ][gc,phases,ref  ] GC(113)     SoftRef (ms):                  skipped
[30.866s][debug  ][gc,phases,ref  ] GC(113)   Notify Soft/WeakReferences: 0.0ms
[30.866s][debug  ][gc,phases,ref  ] GC(113)     SoftRef (ms):                  skipped
[30.866s][debug  ][gc,phases,ref  ] GC(113)     WeakRef (ms):                  skipped
[30.866s][debug  ][gc,phases,ref  ] GC(113)     FinalRef (ms):                 skipped
[30.866s][debug  ][gc,phases,ref  ] GC(113)     Total (ms):                    skipped
[30.866s][debug  ][gc,phases,ref  ] GC(113)   Notify and keep alive finalizable: 0.0ms
[30.866s][debug  ][gc,phases,ref  ] GC(113)     FinalRef (ms):                 skipped
[30.866s][debug  ][gc,phases,ref  ] GC(113)   Notify PhantomReferences: 0.0ms
[30.866s][debug  ][gc,phases,ref  ] GC(113)     PhantomRef (ms):               skipped
[30.866s][debug  ][gc,phases,ref  ] GC(113)   SoftReference:
[30.866s][debug  ][gc,phases,ref  ] GC(113)     Discovered: 0
[30.866s][debug  ][gc,phases,ref  ] GC(113)     Cleared: 0
[30.866s][debug  ][gc,phases,ref  ] GC(113)   WeakReference:
[30.866s][debug  ][gc,phases,ref  ] GC(113)     Discovered: 0
[30.866s][debug  ][gc,phases,ref  ] GC(113)     Cleared: 0
[30.866s][debug  ][gc,phases,ref  ] GC(113)   FinalReference:
[30.866s][debug  ][gc,phases,ref  ] GC(113)     Discovered: 0
[30.866s][debug  ][gc,phases,ref  ] GC(113)     Cleared: 0
[30.866s][debug  ][gc,phases,ref  ] GC(113)   PhantomReference:
[30.866s][debug  ][gc,phases,ref  ] GC(113)     Discovered: 0
[30.866s][debug  ][gc,phases,ref  ] GC(113)     Cleared: 0
[30.866s][debug  ][gc,phases      ] GC(113) Reference Processing 0.891ms
[30.866s][debug  ][gc,phases,start] GC(113) Weak Processing
[30.866s][debug  ][gc,phases      ] GC(113)   VM Weak                        Min:  0.0, Avg:  0.0, Max:  0.0, Diff:  0.0, Sum:  0.0, Workers: 6
[30.866s][debug  ][gc,phases      ] GC(113)     Dead                           Min: 0, Avg:  0.0, Max: 0, Diff: 0, Sum: 0, Workers: 6
[30.866s][debug  ][gc,phases      ] GC(113)     Total                          Min: 0, Avg:  1.3, Max: 8, Diff: 8, Sum: 8, Workers: 6
[30.866s][debug  ][gc,phases      ] GC(113)   ObjectSynchronizer Weak        Min:  0.0, Avg:  0.0, Max:  0.0, Diff:  0.0, Sum:  0.0, Workers: 6
[30.866s][debug  ][gc,phases      ] GC(113)     Dead                           Min: 0, Avg:  0.0, Max: 0, Diff: 0, Sum: 0, Workers: 6
[30.866s][debug  ][gc,phases      ] GC(113)     Total                          Min: 0, Avg:  0.5, Max: 3, Diff: 3, Sum: 3, Workers: 6
[30.866s][debug  ][gc,phases      ] GC(113)   JVMTI Tag Weak OopStorage      Min:  0.0, Avg:  0.0, Max:  0.0, Diff:  0.0, Sum:  0.0, Workers: 6
[30.866s][debug  ][gc,phases      ] GC(113)     Dead                           Min: 0, Avg:  0.0, Max: 0, Diff: 0, Sum: 0, Workers: 6
[30.866s][debug  ][gc,phases      ] GC(113)     Total                          Min: 0, Avg:  0.0, Max: 0, Diff: 0, Sum: 0, Workers: 6
[30.867s][debug  ][gc,phases      ] GC(113)   StringTable Weak               Min:  0.0, Avg:  0.0, Max:  0.0, Diff:  0.0, Sum:  0.0, Workers: 6
[30.867s][debug  ][gc,phases      ] GC(113)     Dead                           Min: 0, Avg:  0.0, Max: 0, Diff: 0, Sum: 0, Workers: 6
[30.867s][debug  ][gc,phases      ] GC(113)     Total                          Min: 767, Avg: 892.8, Max: 1088, Diff: 321, Sum: 5357, Workers: 6
[30.867s][debug  ][gc,phases      ] GC(113)   ResolvedMethodTable Weak       Min:  0.0, Avg:  0.0, Max:  0.0, Diff:  0.0, Sum:  0.0, Workers: 6
[30.867s][debug  ][gc,phases      ] GC(113)     Dead                           Min: 0, Avg:  0.0, Max: 0, Diff: 0, Sum: 0, Workers: 6
[30.867s][debug  ][gc,phases      ] GC(113)     Total                          Min: 0, Avg: 21.7, Max: 64, Diff: 64, Sum: 130, Workers: 6
[30.867s][debug  ][gc,phases      ] GC(113)   JNI Weak                       Min:  0.0, Avg:  0.0, Max:  0.0, Diff:  0.0, Sum:  0.0, Workers: 6
[30.867s][debug  ][gc,phases      ] GC(113)     Dead                           Min: 0, Avg:  0.0, Max: 0, Diff: 0, Sum: 0, Workers: 6
[30.867s][debug  ][gc,phases      ] GC(113)     Total                          Min: 0, Avg:  0.0, Max: 0, Diff: 0, Sum: 0, Workers: 6
[30.867s][debug  ][gc,phases      ] GC(113)   StringDedup Table Weak         Min:  0.0, Avg:  0.0, Max:  0.0, Diff:  0.0, Sum:  0.0, Workers: 6
[30.867s][debug  ][gc,phases      ] GC(113)     Dead                           Min: 0, Avg:  0.0, Max: 0, Diff: 0, Sum: 0, Workers: 6
[30.867s][debug  ][gc,phases      ] GC(113)     Total                          Min: 0, Avg:  0.0, Max: 0, Diff: 0, Sum: 0, Workers: 6
[30.867s][debug  ][gc,phases      ] GC(113)   StringDedup Requests0 Weak     Min:  0.0, Avg:  0.0, Max:  0.0, Diff:  0.0, Sum:  0.0, Workers: 6
[30.867s][debug  ][gc,phases      ] GC(113)     Dead                           Min: 0, Avg:  0.0, Max: 0, Diff: 0, Sum: 0, Workers: 6
[30.867s][debug  ][gc,phases      ] GC(113)     Total                          Min: 0, Avg:  0.0, Max: 0, Diff: 0, Sum: 0, Workers: 6
[30.867s][debug  ][gc,phases      ] GC(113)   StringDedup Requests1 Weak     Min:  0.0, Avg:  0.0, Max:  0.0, Diff:  0.0, Sum:  0.0, Workers: 6
[30.867s][debug  ][gc,phases      ] GC(113)     Dead                           Min: 0, Avg:  0.0, Max: 0, Diff: 0, Sum: 0, Workers: 6
[30.867s][debug  ][gc,phases      ] GC(113)     Total                          Min: 0, Avg:  0.0, Max: 0, Diff: 0, Sum: 0, Workers: 6
[30.867s][debug  ][gc,phases      ] GC(113)   Weak JFR Old Object Samples    Min:  0.0, Avg:  0.0, Max:  0.0, Diff:  0.0, Sum:  0.0, Workers: 6
[30.867s][debug  ][gc,phases      ] GC(113)     Dead                           Min: 0, Avg:  0.0, Max: 0, Diff: 0, Sum: 0, Workers: 6
[30.867s][debug  ][gc,phases      ] GC(113)     Total                          Min: 0, Avg:  0.0, Max: 0, Diff: 0, Sum: 0, Workers: 6
[30.867s][debug  ][gc,phases      ] GC(113) Weak Processing 0.688ms
[30.867s][debug  ][gc,ergo        ] GC(113) AdaptiveSizeStart:  collection: 114 
[30.867s][debug  ][gc,ergo        ] GC(113) avg_survived_padded_avg: 34819396.000000
[30.867s][debug  ][gc,ergo        ] GC(113) avg_promoted_padded_avg: 251555712.000000  avg_pretenured_padded_avg: 0.000000  tenuring_thresh: 15  target_size: 35127296
[30.867s][debug  ][gc,age         ] GC(113) Desired survivor size 35127296 bytes, new threshold 15 (max threshold 15)
[30.867s][debug  ][gc,ergo        ] GC(113) PSAdaptiveSizePolicy::compute_eden_space_size limits: desired_eden_size: 215868026 old_eden_size: 197132288 eden_limit: 197656576 cur_eden: 197132288 max_eden_size: 197656576 avg_young_live: 26956732
[30.867s][debug  ][gc,ergo        ] GC(113) PSAdaptiveSizePolicy::compute_eden_space_size: costs minor_time: 0.049928 major_cost: 0.056256 mutator_cost: 0.893816 throughput_goal: 0.990000
[30.867s][debug  ][gc,ergo        ] GC(113) Live_space: 1063707712 free_space: 1423966208
[30.867s][debug  ][gc,ergo        ] GC(113) Old eden_size: 197132288 desired_eden_size: 197656576
[30.867s][debug  ][gc,ergo        ] GC(113) AdaptiveSizeStop: collection: 114 
[30.867s][info   ][gc,heap        ] GC(113) PSYoungGen: 218779K(227328K)->30720K(227840K) Eden: 188059K(192512K)->0K(193536K) From: 30720K(34816K)->30720K(34304K)
[30.867s][info   ][gc,heap        ] GC(113) ParOldGen: 1271397K(1835008K)->1455717K(1835008K)
[30.867s][info   ][gc,metaspace   ] GC(113) Metaspace: 1022K(1216K)->1022K(1216K) NonClass: 938K(1024K)->938K(1024K) Class: 83K(192K)->83K(192K)
[30.867s][info   ][gc             ] GC(113) Pause Young (Allocation Failure) 1455M->1451M(2014M) 17.477ms
[30.867s][info   ][gc,cpu         ] GC(113) User=0.14s Sys=0.00s Real=0.02s
[30.867s][debug  ][gc,heap        ] GC(113) Heap after GC invocations=114 (full 18):
[30.867s][debug  ][gc,heap        ] GC(113)  PSYoungGen      total 227840K, used 30720K [0x00000000f0000000, 0x0000000100000000, 0x0000000100000000)
[30.867s][debug  ][gc,heap        ] GC(113)   eden space 193536K, 0% used [0x00000000f0000000,0x00000000f0000000,0x00000000fbd00000)
[30.867s][debug  ][gc,heap        ] GC(113)   from space 34304K, 89% used [0x00000000fde80000,0x00000000ffc80030,0x0000000100000000)
[30.867s][debug  ][gc,heap        ] GC(113)   to   space 34304K, 0% used [0x00000000fbd00000,0x00000000fbd00000,0x00000000fde80000)
[30.867s][debug  ][gc,heap        ] GC(113)  ParOldGen       total 1835008K, used 1455717K [0x0000000080000000, 0x00000000f0000000, 0x00000000f0000000)
[30.867s][debug  ][gc,heap        ] GC(113)   object space 1835008K, 79% used [0x0000000080000000,0x00000000d8d99568,0x00000000f0000000)
[30.867s][debug  ][gc,heap        ] GC(113)  Metaspace       used 1022K, committed 1216K, reserved 1056768K
[30.868s][debug  ][gc,heap        ] GC(113)   class space    used 83K, committed 192K, reserved 1048576K
[30.868s][debug  ][gc,task,time   ] GC(113) VM-Thread 308492572 308653259 308675453
[31.149s][debug  ][gc,heap        ] GC(114) Heap before GC invocations=115 (full 18):
[31.150s][debug  ][gc,heap        ] GC(114)  PSYoungGen      total 227840K, used 218811K [0x00000000f0000000, 0x0000000100000000, 0x0000000100000000)
[31.150s][debug  ][gc,heap        ] GC(114)   eden space 193536K, 97% used [0x00000000f0000000,0x00000000fb7aee88,0x00000000fbd00000)
[31.150s][debug  ][gc,heap        ] GC(114)   from space 34304K, 89% used [0x00000000fde80000,0x00000000ffc80030,0x0000000100000000)
[31.150s][debug  ][gc,heap        ] GC(114)   to   space 34304K, 0% used [0x00000000fbd00000,0x00000000fbd00000,0x00000000fde80000)
[31.150s][debug  ][gc,heap        ] GC(114)  ParOldGen       total 1835008K, used 1455717K [0x0000000080000000, 0x00000000f0000000, 0x00000000f0000000)
[31.150s][debug  ][gc,heap        ] GC(114)   object space 1835008K, 79% used [0x0000000080000000,0x00000000d8d99568,0x00000000f0000000)
[31.150s][debug  ][gc,heap        ] GC(114)  Metaspace       used 1022K, committed 1216K, reserved 1056768K
[31.150s][debug  ][gc,heap        ] GC(114)   class space    used 83K, committed 192K, reserved 1048576K
[31.150s][debug  ][gc,tlab        ] GC(114) TLAB totals: thrds: 1  refills: 1 max: 1 slow allocs: 17 max 17 waste: 26.9% gc: 3861864B max: 3861864B slow: 0B max: 0B
[31.150s][info   ][gc,start       ] GC(114) Pause Young (Allocation Failure)
[31.150s][debug  ][gc,phases,start] GC(114) Scavenge
[31.165s][debug  ][gc,phases      ] GC(114) Scavenge 15.113ms
[31.165s][debug  ][gc,phases,start] GC(114) Reference Processing
[31.165s][debug  ][gc,ref         ] GC(114) Skipped phase 1 of Reference Processing: no references
[31.165s][debug  ][gc,ref         ] GC(114) Skipped phase 2 of Reference Processing: no references
[31.165s][debug  ][gc,ref         ] GC(114) Skipped phase 3 of Reference Processing: no references
[31.165s][debug  ][gc,ref         ] GC(114) Skipped phase 4 of Reference Processing: no references
[31.165s][debug  ][gc,phases,ref  ] GC(114) Reference Processing: 0.1ms
[31.165s][debug  ][gc,phases,ref  ] GC(114)   Reconsider SoftReferences: 0.0ms
[31.165s][debug  ][gc,phases,ref  ] GC(114)     SoftRef (ms):                  skipped
[31.165s][debug  ][gc,phases,ref  ] GC(114)   Notify Soft/WeakReferences: 0.0ms
[31.165s][debug  ][gc,phases,ref  ] GC(114)     SoftRef (ms):                  skipped
[31.165s][debug  ][gc,phases,ref  ] GC(114)     WeakRef (ms):                  skipped
[31.165s][debug  ][gc,phases,ref  ] GC(114)     FinalRef (ms):                 skipped
[31.165s][debug  ][gc,phases,ref  ] GC(114)     Total (ms):                    skipped
[31.166s][debug  ][gc,phases,ref  ] GC(114)   Notify and keep alive finalizable: 0.0ms
[31.166s][debug  ][gc,phases,ref  ] GC(114)     FinalRef (ms):                 skipped
[31.166s][debug  ][gc,phases,ref  ] GC(114)   Notify PhantomReferences: 0.0ms
[31.166s][debug  ][gc,phases,ref  ] GC(114)     PhantomRef (ms):               skipped
[31.166s][debug  ][gc,phases,ref  ] GC(114)   SoftReference:
[31.166s][debug  ][gc,phases,ref  ] GC(114)     Discovered: 0
[31.166s][debug  ][gc,phases,ref  ] GC(114)     Cleared: 0
[31.166s][debug  ][gc,phases,ref  ] GC(114)   WeakReference:
[31.166s][debug  ][gc,phases,ref  ] GC(114)     Discovered: 0
[31.166s][debug  ][gc,phases,ref  ] GC(114)     Cleared: 0
[31.166s][debug  ][gc,phases,ref  ] GC(114)   FinalReference:
[31.166s][debug  ][gc,phases,ref  ] GC(114)     Discovered: 0
[31.166s][debug  ][gc,phases,ref  ] GC(114)     Cleared: 0
[31.166s][debug  ][gc,phases,ref  ] GC(114)   PhantomReference:
[31.166s][debug  ][gc,phases,ref  ] GC(114)     Discovered: 0
[31.166s][debug  ][gc,phases,ref  ] GC(114)     Cleared: 0
[31.166s][debug  ][gc,phases      ] GC(114) Reference Processing 0.712ms
[31.166s][debug  ][gc,phases,start] GC(114) Weak Processing
[31.166s][debug  ][gc,phases      ] GC(114)   VM Weak                        Min:  0.0, Avg:  0.0, Max:  0.0, Diff:  0.0, Sum:  0.0, Workers: 6
[31.166s][debug  ][gc,phases      ] GC(114)     Dead                           Min: 0, Avg:  0.0, Max: 0, Diff: 0, Sum: 0, Workers: 6
[31.166s][debug  ][gc,phases      ] GC(114)     Total                          Min: 0, Avg:  1.3, Max: 8, Diff: 8, Sum: 8, Workers: 6
[31.166s][debug  ][gc,phases      ] GC(114)   ObjectSynchronizer Weak        Min:  0.0, Avg:  0.0, Max:  0.0, Diff:  0.0, Sum:  0.0, Workers: 6
[31.166s][debug  ][gc,phases      ] GC(114)     Dead                           Min: 0, Avg:  0.0, Max: 0, Diff: 0, Sum: 0, Workers: 6
[31.166s][debug  ][gc,phases      ] GC(114)     Total                          Min: 0, Avg:  0.5, Max: 3, Diff: 3, Sum: 3, Workers: 6
[31.166s][debug  ][gc,phases      ] GC(114)   JVMTI Tag Weak OopStorage      Min:  0.0, Avg:  0.0, Max:  0.0, Diff:  0.0, Sum:  0.0, Workers: 6
[31.166s][debug  ][gc,phases      ] GC(114)     Dead                           Min: 0, Avg:  0.0, Max: 0, Diff: 0, Sum: 0, Workers: 6
[31.166s][debug  ][gc,phases      ] GC(114)     Total                          Min: 0, Avg:  0.0, Max: 0, Diff: 0, Sum: 0, Workers: 6
[31.166s][debug  ][gc,phases      ] GC(114)   StringTable Weak               Min:  0.0, Avg:  0.0, Max:  0.0, Diff:  0.0, Sum:  0.0, Workers: 6
[31.166s][debug  ][gc,phases      ] GC(114)     Dead                           Min: 0, Avg:  0.0, Max: 0, Diff: 0, Sum: 0, Workers: 6
[31.166s][debug  ][gc,phases      ] GC(114)     Total                          Min: 685, Avg: 892.8, Max: 1216, Diff: 531, Sum: 5357, Workers: 6
[31.166s][debug  ][gc,phases      ] GC(114)   ResolvedMethodTable Weak       Min:  0.0, Avg:  0.0, Max:  0.0, Diff:  0.0, Sum:  0.0, Workers: 6
[31.166s][debug  ][gc,phases      ] GC(114)     Dead                           Min: 0, Avg:  0.0, Max: 0, Diff: 0, Sum: 0, Workers: 6
[31.166s][debug  ][gc,phases      ] GC(114)     Total                          Min: 0, Avg: 21.7, Max: 66, Diff: 66, Sum: 130, Workers: 6
[31.166s][debug  ][gc,phases      ] GC(114)   JNI Weak                       Min:  0.0, Avg:  0.0, Max:  0.0, Diff:  0.0, Sum:  0.0, Workers: 6
[31.166s][debug  ][gc,phases      ] GC(114)     Dead                           Min: 0, Avg:  0.0, Max: 0, Diff: 0, Sum: 0, Workers: 6
[31.166s][debug  ][gc,phases      ] GC(114)     Total                          Min: 0, Avg:  0.0, Max: 0, Diff: 0, Sum: 0, Workers: 6
[31.166s][debug  ][gc,phases      ] GC(114)   StringDedup Table Weak         Min:  0.0, Avg:  0.0, Max:  0.0, Diff:  0.0, Sum:  0.0, Workers: 6
[31.166s][debug  ][gc,phases      ] GC(114)     Dead                           Min: 0, Avg:  0.0, Max: 0, Diff: 0, Sum: 0, Workers: 6
[31.166s][debug  ][gc,phases      ] GC(114)     Total                          Min: 0, Avg:  0.0, Max: 0, Diff: 0, Sum: 0, Workers: 6
[31.166s][debug  ][gc,phases      ] GC(114)   StringDedup Requests0 Weak     Min:  0.0, Avg:  0.0, Max:  0.0, Diff:  0.0, Sum:  0.0, Workers: 6
[31.166s][debug  ][gc,phases      ] GC(114)     Dead                           Min: 0, Avg:  0.0, Max: 0, Diff: 0, Sum: 0, Workers: 6
[31.166s][debug  ][gc,phases      ] GC(114)     Total                          Min: 0, Avg:  0.0, Max: 0, Diff: 0, Sum: 0, Workers: 6
[31.166s][debug  ][gc,phases      ] GC(114)   StringDedup Requests1 Weak     Min:  0.0, Avg:  0.0, Max:  0.0, Diff:  0.0, Sum:  0.0, Workers: 6
[31.167s][debug  ][gc,phases      ] GC(114)     Dead                           Min: 0, Avg:  0.0, Max: 0, Diff: 0, Sum: 0, Workers: 6
[31.167s][debug  ][gc,phases      ] GC(114)     Total                          Min: 0, Avg:  0.0, Max: 0, Diff: 0, Sum: 0, Workers: 6
[31.167s][debug  ][gc,phases      ] GC(114)   Weak JFR Old Object Samples    Min:  0.0, Avg:  0.0, Max:  0.0, Diff:  0.0, Sum:  0.0, Workers: 6
[31.167s][debug  ][gc,phases      ] GC(114)     Dead                           Min: 0, Avg:  0.0, Max: 0, Diff: 0, Sum: 0, Workers: 6
[31.167s][debug  ][gc,phases      ] GC(114)     Total                          Min: 0, Avg:  0.0, Max: 0, Diff: 0, Sum: 0, Workers: 6
[31.167s][debug  ][gc,phases      ] GC(114) Weak Processing 0.719ms
[31.167s][debug  ][gc,ergo        ] GC(114) AdaptiveSizeStart:  collection: 115 
[31.167s][debug  ][gc,ergo        ] GC(114) avg_survived_padded_avg: 34597224.000000
[31.167s][debug  ][gc,ergo        ] GC(114) avg_promoted_padded_avg: 251976880.000000  avg_pretenured_padded_avg: 0.000000  tenuring_thresh: 15  target_size: 34603008
[31.167s][debug  ][gc,age         ] GC(114) Desired survivor size 34603008 bytes, new threshold 15 (max threshold 15)
[31.167s][debug  ][gc,ergo        ] GC(114) PSAdaptiveSizePolicy::compute_eden_space_size limits: desired_eden_size: 217195183 old_eden_size: 197656576 eden_limit: 198180864 cur_eden: 198180864 max_eden_size: 198180864 avg_young_live: 27406790
[31.167s][debug  ][gc,ergo        ] GC(114) PSAdaptiveSizePolicy::compute_eden_space_size: costs minor_time: 0.051348 major_cost: 0.056256 mutator_cost: 0.892396 throughput_goal: 0.990000
[31.167s][debug  ][gc,ergo        ] GC(114) Live_space: 1064157760 free_space: 1424490496
[31.167s][debug  ][gc,ergo        ] GC(114) Old eden_size: 197656576 desired_eden_size: 198180864
[31.167s][debug  ][gc,ergo        ] GC(114) AdaptiveSizeStop: collection: 115 
[31.167s][info   ][gc,heap        ] GC(114) PSYoungGen: 218811K(227840K)->30720K(227840K) Eden: 188091K(193536K)->0K(193536K) From: 30720K(34304K)->30720K(34304K)
[31.167s][info   ][gc,heap        ] GC(114) ParOldGen: 1455717K(1835008K)->1640037K(1835008K)
[31.167s][info   ][gc,metaspace   ] GC(114) Metaspace: 1022K(1216K)->1022K(1216K) NonClass: 938K(1024K)->938K(1024K) Class: 83K(192K)->83K(192K)
[31.167s][info   ][gc             ] GC(114) Pause Young (Allocation Failure) 1635M->1631M(2014M) 17.015ms
[31.167s][info   ][gc,cpu         ] GC(114) User=0.16s Sys=0.00s Real=0.02s
[31.167s][debug  ][gc,heap        ] GC(114) Heap after GC invocations=115 (full 18):
[31.167s][debug  ][gc,heap        ] GC(114)  PSYoungGen      total 227840K, used 30720K [0x00000000f0000000, 0x0000000100000000, 0x0000000100000000)
[31.167s][debug  ][gc,heap        ] GC(114)   eden space 193536K, 0% used [0x00000000f0000000,0x00000000f0000000,0x00000000fbd00000)
[31.167s][debug  ][gc,heap        ] GC(114)   from space 34304K, 89% used [0x00000000fbd00000,0x00000000fdb00030,0x00000000fde80000)
[31.167s][debug  ][gc,heap        ] GC(114)   to   space 33792K, 0% used [0x00000000fdf00000,0x00000000fdf00000,0x0000000100000000)
[31.167s][debug  ][gc,heap        ] GC(114)  ParOldGen       total 1835008K, used 1640037K [0x0000000080000000, 0x00000000f0000000, 0x00000000f0000000)
[31.167s][debug  ][gc,heap        ] GC(114)   object space 1835008K, 89% used [0x0000000080000000,0x00000000e4199688,0x00000000f0000000)
[31.167s][debug  ][gc,heap        ] GC(114)  Metaspace       used 1022K, committed 1216K, reserved 1056768K
[31.167s][debug  ][gc,heap        ] GC(114)   class space    used 83K, committed 192K, reserved 1048576K
[31.167s][debug  ][gc,task,time   ] GC(114) VM-Thread 311494813 311651565 311671773
[31.167s][debug  ][gc,phases,start] GC(115) Pre Compact
[31.167s][debug  ][gc,heap        ] GC(115) Heap before GC invocations=116 (full 19):
[31.167s][debug  ][gc,heap        ] GC(115)  PSYoungGen      total 227840K, used 30720K [0x00000000f0000000, 0x0000000100000000, 0x0000000100000000)
[31.167s][debug  ][gc,heap        ] GC(115)   eden space 193536K, 0% used [0x00000000f0000000,0x00000000f0000000,0x00000000fbd00000)
[31.167s][debug  ][gc,heap        ] GC(115)   from space 34304K, 89% used [0x00000000fbd00000,0x00000000fdb00030,0x00000000fde80000)
[31.167s][debug  ][gc,heap        ] GC(115)   to   space 33792K, 0% used [0x00000000fdf00000,0x00000000fdf00000,0x0000000100000000)
[31.167s][debug  ][gc,heap        ] GC(115)  ParOldGen       total 1835008K, used 1640037K [0x0000000080000000, 0x00000000f0000000, 0x00000000f0000000)
[31.167s][debug  ][gc,heap        ] GC(115)   object space 1835008K, 89% used [0x0000000080000000,0x00000000e4199688,0x00000000f0000000)
[31.167s][debug  ][gc,heap        ] GC(115)  Metaspace       used 1022K, committed 1216K, reserved 1056768K
[31.167s][debug  ][gc,heap        ] GC(115)   class space    used 83K, committed 192K, reserved 1048576K
[31.167s][debug  ][gc,phases      ] GC(115) Pre Compact 0.205ms
[31.167s][info   ][gc,start       ] GC(115) Pause Full (Ergonomics)
[31.167s][info   ][gc,phases,start] GC(115) Marking Phase
[31.167s][debug  ][gc,phases,start] GC(115) Par Mark
[31.168s][debug  ][gc,phases      ] GC(115) Par Mark 0.513ms
[31.168s][debug  ][gc,phases,start] GC(115) Reference Processing
[31.168s][debug  ][gc,ref         ] GC(115) Skipped phase 1 of Reference Processing: no references
[31.168s][debug  ][gc,ref         ] GC(115) ReferenceProcessor::execute queues: 1, RefProcThreadModel::Single, marks_oops_alive: false
[31.168s][debug  ][gc,ref         ] GC(115) Skipped phase 3 of Reference Processing: no references
[31.168s][debug  ][gc,ref         ] GC(115) ReferenceProcessor::execute queues: 1, RefProcThreadModel::Single, marks_oops_alive: false
[31.168s][debug  ][gc,phases,ref  ] GC(115) Reference Processing: 0.1ms
[31.168s][debug  ][gc,phases,ref  ] GC(115)   Reconsider SoftReferences: 0.0ms
[31.168s][debug  ][gc,phases,ref  ] GC(115)     SoftRef (ms):                  skipped
[31.168s][debug  ][gc,phases,ref  ] GC(115)   Notify Soft/WeakReferences: 0.0ms
[31.168s][debug  ][gc,phases,ref  ] GC(115)     SoftRef (ms):                  Min:  0.0, Avg:  0.0, Max:  0.0, Diff:  0.0, Sum:  0.0, Workers: 10
[31.168s][debug  ][gc,phases,ref  ] GC(115)     WeakRef (ms):                  Min:  0.0, Avg:  0.0, Max:  0.0, Diff:  0.0, Sum:  0.0, Workers: 10
[31.168s][debug  ][gc,phases,ref  ] GC(115)     FinalRef (ms):                 Min:  0.0, Avg:  0.0, Max:  0.0, Diff:  0.0, Sum:  0.0, Workers: 10
[31.168s][debug  ][gc,phases,ref  ] GC(115)     Total (ms):                    Min:  0.0, Avg:  0.0, Max:  0.0, Diff:  0.0, Sum:  0.0, Workers: 10
[31.168s][debug  ][gc,phases,ref  ] GC(115)   Notify and keep alive finalizable: 0.0ms
[31.168s][debug  ][gc,phases,ref  ] GC(115)     FinalRef (ms):                 skipped
[31.168s][debug  ][gc,phases,ref  ] GC(115)   Notify PhantomReferences: 0.0ms
[31.168s][debug  ][gc,phases,ref  ] GC(115)     PhantomRef (ms):               Min:  0.0, Avg:  0.0, Max:  0.0, Diff:  0.0, Sum:  0.0, Workers: 10
[31.168s][debug  ][gc,phases,ref  ] GC(115)   SoftReference:
[31.168s][debug  ][gc,phases,ref  ] GC(115)     Discovered: 0
[31.169s][debug  ][gc,phases,ref  ] GC(115)     Cleared: 0
[31.169s][debug  ][gc,phases,ref  ] GC(115)   WeakReference:
[31.169s][debug  ][gc,phases,ref  ] GC(115)     Discovered: 65
[31.169s][debug  ][gc,phases,ref  ] GC(115)     Cleared: 65
[31.169s][debug  ][gc,phases,ref  ] GC(115)   FinalReference:
[31.169s][debug  ][gc,phases,ref  ] GC(115)     Discovered: 0
[31.169s][debug  ][gc,phases,ref  ] GC(115)     Cleared: 0
[31.169s][debug  ][gc,phases,ref  ] GC(115)   PhantomReference:
[31.169s][debug  ][gc,phases,ref  ] GC(115)     Discovered: 5
[31.169s][debug  ][gc,phases,ref  ] GC(115)     Cleared: 5
[31.169s][debug  ][gc,phases      ] GC(115) Reference Processing 0.644ms
[31.169s][debug  ][gc,phases,start] GC(115) Weak Processing
[31.169s][debug  ][gc,phases      ] GC(115)   VM Weak                        Min:  0.0, Avg:  0.0, Max:  0.0, Diff:  0.0, Sum:  0.0, Workers: 6
[31.169s][debug  ][gc,phases      ] GC(115)     Dead                           Min: 0, Avg:  0.0, Max: 0, Diff: 0, Sum: 0, Workers: 6
[31.169s][debug  ][gc,phases      ] GC(115)     Total                          Min: 0, Avg:  1.3, Max: 8, Diff: 8, Sum: 8, Workers: 6
[31.169s][debug  ][gc,phases      ] GC(115)   ObjectSynchronizer Weak        Min:  0.0, Avg:  0.0, Max:  0.0, Diff:  0.0, Sum:  0.0, Workers: 6
[31.169s][debug  ][gc,phases      ] GC(115)     Dead                           Min: 0, Avg:  0.0, Max: 0, Diff: 0, Sum: 0, Workers: 6
[31.169s][debug  ][gc,phases      ] GC(115)     Total                          Min: 0, Avg:  0.5, Max: 3, Diff: 3, Sum: 3, Workers: 6
[31.169s][debug  ][gc,phases      ] GC(115)   JVMTI Tag Weak OopStorage      Min:  0.0, Avg:  0.0, Max:  0.0, Diff:  0.0, Sum:  0.0, Workers: 6
[31.169s][debug  ][gc,phases      ] GC(115)     Dead                           Min: 0, Avg:  0.0, Max: 0, Diff: 0, Sum: 0, Workers: 6
[31.169s][debug  ][gc,phases      ] GC(115)     Total                          Min: 0, Avg:  0.0, Max: 0, Diff: 0, Sum: 0, Workers: 6
[31.169s][debug  ][gc,phases      ] GC(115)   StringTable Weak               Min:  0.0, Avg:  0.0, Max:  0.0, Diff:  0.0, Sum:  0.0, Workers: 6
[31.169s][debug  ][gc,phases      ] GC(115)     Dead                           Min: 0, Avg:  0.0, Max: 0, Diff: 0, Sum: 0, Workers: 6
[31.169s][debug  ][gc,phases      ] GC(115)     Total                          Min: 703, Avg: 892.8, Max: 1344, Diff: 641, Sum: 5357, Workers: 6
[31.169s][debug  ][gc,phases      ] GC(115)   ResolvedMethodTable Weak       Min:  0.0, Avg:  0.0, Max:  0.0, Diff:  0.0, Sum:  0.0, Workers: 6
[31.169s][debug  ][gc,phases      ] GC(115)     Dead                           Min: 0, Avg:  0.0, Max: 0, Diff: 0, Sum: 0, Workers: 6
[31.169s][debug  ][gc,phases      ] GC(115)     Total                          Min: 0, Avg: 21.7, Max: 64, Diff: 64, Sum: 130, Workers: 6
[31.169s][debug  ][gc,phases      ] GC(115)   JNI Weak                       Min:  0.0, Avg:  0.0, Max:  0.0, Diff:  0.0, Sum:  0.0, Workers: 6
[31.169s][debug  ][gc,phases      ] GC(115)     Dead                           Min: 0, Avg:  0.0, Max: 0, Diff: 0, Sum: 0, Workers: 6
[31.169s][debug  ][gc,phases      ] GC(115)     Total                          Min: 0, Avg:  0.0, Max: 0, Diff: 0, Sum: 0, Workers: 6
[31.169s][debug  ][gc,phases      ] GC(115)   StringDedup Table Weak         Min:  0.0, Avg:  0.0, Max:  0.0, Diff:  0.0, Sum:  0.0, Workers: 6
[31.169s][debug  ][gc,phases      ] GC(115)     Dead                           Min: 0, Avg:  0.0, Max: 0, Diff: 0, Sum: 0, Workers: 6
[31.169s][debug  ][gc,phases      ] GC(115)     Total                          Min: 0, Avg:  0.0, Max: 0, Diff: 0, Sum: 0, Workers: 6
[31.169s][debug  ][gc,phases      ] GC(115)   StringDedup Requests0 Weak     Min:  0.0, Avg:  0.0, Max:  0.0, Diff:  0.0, Sum:  0.0, Workers: 6
[31.169s][debug  ][gc,phases      ] GC(115)     Dead                           Min: 0, Avg:  0.0, Max: 0, Diff: 0, Sum: 0, Workers: 6
[31.169s][debug  ][gc,phases      ] GC(115)     Total                          Min: 0, Avg:  0.0, Max: 0, Diff: 0, Sum: 0, Workers: 6
[31.169s][debug  ][gc,phases      ] GC(115)   StringDedup Requests1 Weak     Min:  0.0, Avg:  0.0, Max:  0.0, Diff:  0.0, Sum:  0.0, Workers: 6
[31.169s][debug  ][gc,phases      ] GC(115)     Dead                           Min: 0, Avg:  0.0, Max: 0, Diff: 0, Sum: 0, Workers: 6
[31.169s][debug  ][gc,phases      ] GC(115)     Total                          Min: 0, Avg:  0.0, Max: 0, Diff: 0, Sum: 0, Workers: 6
[31.169s][debug  ][gc,phases      ] GC(115)   Weak JFR Old Object Samples    Min:  0.0, Avg:  0.0, Max:  0.0, Diff:  0.0, Sum:  0.0, Workers: 6
[31.169s][debug  ][gc,phases      ] GC(115)     Dead                           Min: 0, Avg:  0.0, Max: 0, Diff: 0, Sum: 0, Workers: 6
[31.169s][debug  ][gc,phases      ] GC(115)     Total                          Min: 0, Avg:  0.0, Max: 0, Diff: 0, Sum: 0, Workers: 6
[31.169s][debug  ][gc,phases      ] GC(115) Weak Processing 0.720ms
[31.169s][debug  ][gc,phases,start] GC(115) Class Unloading
[31.169s][debug  ][gc,phases,start] GC(115) ClassLoaderData
[31.169s][debug  ][gc,phases      ] GC(115) ClassLoaderData 0.019ms
[31.170s][debug  ][gc,phases,start] GC(115) Trigger cleanups
[31.170s][debug  ][gc,phases      ] GC(115) Trigger cleanups 0.019ms
[31.170s][debug  ][gc,phases      ] GC(115) Class Unloading 0.251ms
[31.170s][info   ][gc,phases      ] GC(115) Marking Phase 2.262ms
[31.170s][info   ][gc,phases,start] GC(115) Summary Phase
[31.170s][info   ][gc,phases      ] GC(115) Summary Phase 0.045ms
[31.170s][info   ][gc,phases,start] GC(115) Adjust Roots
[31.170s][info   ][gc,phases      ] GC(115) Adjust Roots 0.179ms
[31.170s][info   ][gc,phases,start] GC(115) Compaction Phase
[31.247s][info   ][gc,phases      ] GC(115) Compaction Phase 76.970ms
[31.247s][info   ][gc,phases,start] GC(115) Post Compact
[31.253s][info   ][gc,phases      ] GC(115) Post Compact 5.591ms
[31.253s][debug  ][gc,ergo        ] GC(115) AdaptiveSizeStart: collection: 116 
[31.253s][debug  ][gc,ergo        ] GC(115) PSAdaptiveSizePolicy::compute_eden_space_size limits: desired_eden_size: 217307165 old_eden_size: 198180864 eden_limit: 198705152 cur_eden: 198180864 max_eden_size: 198705152 avg_young_live: 24666112
[31.253s][debug  ][gc,ergo        ] GC(115) PSAdaptiveSizePolicy::compute_eden_space_size: costs minor_time: 0.051348 major_cost: 0.055626 mutator_cost: 0.893026 throughput_goal: 0.990000
[31.253s][debug  ][gc,ergo        ] GC(115) Live_space: 1061417088 free_space: 1425014784
[31.253s][debug  ][gc,ergo        ] GC(115) Old eden_size: 198180864 desired_eden_size: 198705152
[31.253s][debug  ][gc,ergo        ] GC(115) PSAdaptiveSizePolicy::compute_old_gen_free_space limits: desired_promo_size: 1354422951 promo_limit: 1226833920 free_in_old_gen: 1115044992 max_old_gen_size: 1879048192 avg_old_live: 764003200
[31.253s][debug  ][gc,ergo        ] GC(115) PSAdaptiveSizePolicy::compute_old_gen_free_space: costs minor_time: 0.051348 major_cost: 0.055626  mutator_cost: 0.893026 throughput_goal: 0.990000
[31.253s][debug  ][gc,ergo        ] GC(115) Live_space: 1057104768 free_space: 1425539072
[31.253s][debug  ][gc,ergo        ] GC(115) Old promo_size: 1226833920 desired_promo_size: 1226833920
[31.253s][debug  ][gc,ergo        ] GC(115) AdaptiveSizeStop: collection: 116 
[31.253s][info   ][gc,heap        ] GC(115) PSYoungGen: 30720K(227840K)->0K(228352K) Eden: 0K(193536K)->0K(194560K) From: 30720K(34304K)->0K(33792K)
[31.253s][info   ][gc,heap        ] GC(115) ParOldGen: 1640037K(1835008K)->708196K(1835008K)
[31.253s][info   ][gc,metaspace   ] GC(115) Metaspace: 1022K(1216K)->1022K(1216K) NonClass: 938K(1024K)->938K(1024K) Class: 83K(192K)->83K(192K)
[31.253s][info   ][gc             ] GC(115) Pause Full (Ergonomics) 1631M->691M(2015M) 85.675ms
[31.253s][info   ][gc,cpu         ] GC(115) User=0.75s Sys=0.00s Real=0.09s
[31.253s][debug  ][gc,heap        ] GC(115) Heap after GC invocations=116 (full 19):
[31.253s][debug  ][gc,heap        ] GC(115)  PSYoungGen      total 228352K, used 0K [0x00000000f0000000, 0x0000000100000000, 0x0000000100000000)
[31.253s][debug  ][gc,heap        ] GC(115)   eden space 194560K, 0% used [0x00000000f0000000,0x00000000f0000000,0x00000000fbe00000)
[31.253s][debug  ][gc,heap        ] GC(115)   from space 33792K, 0% used [0x00000000fdf00000,0x00000000fdf00000,0x0000000100000000)
[31.253s][debug  ][gc,heap        ] GC(115)   to   space 33792K, 0% used [0x00000000fbe00000,0x00000000fbe00000,0x00000000fdf00000)
[31.253s][debug  ][gc,heap        ] GC(115)  ParOldGen       total 1835008K, used 708196K [0x0000000080000000, 0x00000000f0000000, 0x00000000f0000000)
[31.253s][debug  ][gc,heap        ] GC(115)   object space 1835008K, 38% used [0x0000000080000000,0x00000000ab3990d8,0x00000000f0000000)
[31.253s][debug  ][gc,heap        ] GC(115)  Metaspace       used 1022K, committed 1216K, reserved 1056768K
[31.253s][debug  ][gc,heap        ] GC(115)   class space    used 83K, committed 192K, reserved 1048576K
[31.253s][debug  ][gc,task,time   ] GC(115) VM-Thread 311674579 311700584 312531555
[31.546s][debug  ][gc,heap        ] GC(116) Heap before GC invocations=117 (full 19):
[31.546s][debug  ][gc,heap        ] GC(116)  PSYoungGen      total 228352K, used 188119K [0x00000000f0000000, 0x0000000100000000, 0x0000000100000000)
[31.546s][debug  ][gc,heap        ] GC(116)   eden space 194560K, 96% used [0x00000000f0000000,0x00000000fb7b5cf8,0x00000000fbe00000)
[31.546s][debug  ][gc,heap        ] GC(116)   from space 33792K, 0% used [0x00000000fdf00000,0x00000000fdf00000,0x0000000100000000)
[31.546s][debug  ][gc,heap        ] GC(116)   to   space 33792K, 0% used [0x00000000fbe00000,0x00000000fbe00000,0x00000000fdf00000)
[31.546s][debug  ][gc,heap        ] GC(116)  ParOldGen       total 1835008K, used 708196K [0x0000000080000000, 0x00000000f0000000, 0x00000000f0000000)
[31.546s][debug  ][gc,heap        ] GC(116)   object space 1835008K, 38% used [0x0000000080000000,0x00000000ab3990d8,0x00000000f0000000)
[31.546s][debug  ][gc,heap        ] GC(116)  Metaspace       used 1022K, committed 1216K, reserved 1056768K
[31.547s][debug  ][gc,heap        ] GC(116)   class space    used 83K, committed 192K, reserved 1048576K
[31.547s][debug  ][gc,tlab        ] GC(116) TLAB totals: thrds: 1  refills: 1 max: 1 slow allocs: 17 max 17 waste: 27.1% gc: 3890136B max: 3890136B slow: 0B max: 0B
[31.547s][info   ][gc,start       ] GC(116) Pause Young (Allocation Failure)
[31.547s][debug  ][gc,phases,start] GC(116) Scavenge
[31.559s][debug  ][gc,phases      ] GC(116) Scavenge 12.494ms
[31.559s][debug  ][gc,phases,start] GC(116) Reference Processing
[31.559s][debug  ][gc,ref         ] GC(116) Skipped phase 1 of Reference Processing: no references
[31.559s][debug  ][gc,ref         ] GC(116) Skipped phase 2 of Reference Processing: no references
[31.559s][debug  ][gc,ref         ] GC(116) Skipped phase 3 of Reference Processing: no references
[31.559s][debug  ][gc,ref         ] GC(116) Skipped phase 4 of Reference Processing: no references
[31.559s][debug  ][gc,phases,ref  ] GC(116) Reference Processing: 0.1ms
[31.559s][debug  ][gc,phases,ref  ] GC(116)   Reconsider SoftReferences: 0.0ms
[31.559s][debug  ][gc,phases,ref  ] GC(116)     SoftRef (ms):                  skipped
[31.559s][debug  ][gc,phases,ref  ] GC(116)   Notify Soft/WeakReferences: 0.0ms
[31.559s][debug  ][gc,phases,ref  ] GC(116)     SoftRef (ms):                  skipped
[31.559s][debug  ][gc,phases,ref  ] GC(116)     WeakRef (ms):                  skipped
[31.559s][debug  ][gc,phases,ref  ] GC(116)     FinalRef (ms):                 skipped
[31.559s][debug  ][gc,phases,ref  ] GC(116)     Total (ms):                    skipped
[31.559s][debug  ][gc,phases,ref  ] GC(116)   Notify and keep alive finalizable: 0.0ms
[31.559s][debug  ][gc,phases,ref  ] GC(116)     FinalRef (ms):                 skipped
[31.560s][debug  ][gc,phases,ref  ] GC(116)   Notify PhantomReferences: 0.0ms
[31.560s][debug  ][gc,phases,ref  ] GC(116)     PhantomRef (ms):               skipped
[31.560s][debug  ][gc,phases,ref  ] GC(116)   SoftReference:
[31.560s][debug  ][gc,phases,ref  ] GC(116)     Discovered: 0
[31.560s][debug  ][gc,phases,ref  ] GC(116)     Cleared: 0
[31.560s][debug  ][gc,phases,ref  ] GC(116)   WeakReference:
[31.560s][debug  ][gc,phases,ref  ] GC(116)     Discovered: 0
[31.560s][debug  ][gc,phases,ref  ] GC(116)     Cleared: 0
[31.560s][debug  ][gc,phases,ref  ] GC(116)   FinalReference:
[31.560s][debug  ][gc,phases,ref  ] GC(116)     Discovered: 0
[31.560s][debug  ][gc,phases,ref  ] GC(116)     Cleared: 0
[31.560s][debug  ][gc,phases,ref  ] GC(116)   PhantomReference:
[31.560s][debug  ][gc,phases,ref  ] GC(116)     Discovered: 0
[31.560s][debug  ][gc,phases,ref  ] GC(116)     Cleared: 0
[31.560s][debug  ][gc,phases      ] GC(116) Reference Processing 0.599ms
[31.560s][debug  ][gc,phases,start] GC(116) Weak Processing
[31.560s][debug  ][gc,phases      ] GC(116)   VM Weak                        Min:  0.0, Avg:  0.0, Max:  0.0, Diff:  0.0, Sum:  0.0, Workers: 6
[31.560s][debug  ][gc,phases      ] GC(116)     Dead                           Min: 0, Avg:  0.0, Max: 0, Diff: 0, Sum: 0, Workers: 6
[31.560s][debug  ][gc,phases      ] GC(116)     Total                          Min: 0, Avg:  1.3, Max: 8, Diff: 8, Sum: 8, Workers: 6
[31.560s][debug  ][gc,phases      ] GC(116)   ObjectSynchronizer Weak        Min:  0.0, Avg:  0.0, Max:  0.0, Diff:  0.0, Sum:  0.0, Workers: 6
[31.560s][debug  ][gc,phases      ] GC(116)     Dead                           Min: 0, Avg:  0.0, Max: 0, Diff: 0, Sum: 0, Workers: 6
[31.560s][debug  ][gc,phases      ] GC(116)     Total                          Min: 0, Avg:  0.5, Max: 3, Diff: 3, Sum: 3, Workers: 6
[31.560s][debug  ][gc,phases      ] GC(116)   JVMTI Tag Weak OopStorage      Min:  0.0, Avg:  0.0, Max:  0.0, Diff:  0.0, Sum:  0.0, Workers: 6
[31.560s][debug  ][gc,phases      ] GC(116)     Dead                           Min: 0, Avg:  0.0, Max: 0, Diff: 0, Sum: 0, Workers: 6
[31.560s][debug  ][gc,phases      ] GC(116)     Total                          Min: 0, Avg:  0.0, Max: 0, Diff: 0, Sum: 0, Workers: 6
[31.560s][debug  ][gc,phases      ] GC(116)   StringTable Weak               Min:  0.0, Avg:  0.0, Max:  0.0, Diff:  0.0, Sum:  0.0, Workers: 6
[31.560s][debug  ][gc,phases      ] GC(116)     Dead                           Min: 0, Avg:  0.0, Max: 0, Diff: 0, Sum: 0, Workers: 6
[31.560s][debug  ][gc,phases      ] GC(116)     Total                          Min: 704, Avg: 892.8, Max: 1216, Diff: 512, Sum: 5357, Workers: 6
[31.560s][debug  ][gc,phases      ] GC(116)   ResolvedMethodTable Weak       Min:  0.0, Avg:  0.0, Max:  0.0, Diff:  0.0, Sum:  0.0, Workers: 6
[31.560s][debug  ][gc,phases      ] GC(116)     Dead                           Min: 0, Avg:  0.0, Max: 0, Diff: 0, Sum: 0, Workers: 6
[31.560s][debug  ][gc,phases      ] GC(116)     Total                          Min: 0, Avg: 21.7, Max: 64, Diff: 64, Sum: 130, Workers: 6
[31.560s][debug  ][gc,phases      ] GC(116)   JNI Weak                       Min:  0.0, Avg:  0.0, Max:  0.0, Diff:  0.0, Sum:  0.0, Workers: 6
[31.560s][debug  ][gc,phases      ] GC(116)     Dead                           Min: 0, Avg:  0.0, Max: 0, Diff: 0, Sum: 0, Workers: 6
[31.560s][debug  ][gc,phases      ] GC(116)     Total                          Min: 0, Avg:  0.0, Max: 0, Diff: 0, Sum: 0, Workers: 6
[31.560s][debug  ][gc,phases      ] GC(116)   StringDedup Table Weak         Min:  0.0, Avg:  0.0, Max:  0.0, Diff:  0.0, Sum:  0.0, Workers: 6
[31.560s][debug  ][gc,phases      ] GC(116)     Dead                           Min: 0, Avg:  0.0, Max: 0, Diff: 0, Sum: 0, Workers: 6
[31.560s][debug  ][gc,phases      ] GC(116)     Total                          Min: 0, Avg:  0.0, Max: 0, Diff: 0, Sum: 0, Workers: 6
[31.560s][debug  ][gc,phases      ] GC(116)   StringDedup Requests0 Weak     Min:  0.0, Avg:  0.0, Max:  0.0, Diff:  0.0, Sum:  0.0, Workers: 6
[31.560s][debug  ][gc,phases      ] GC(116)     Dead                           Min: 0, Avg:  0.0, Max: 0, Diff: 0, Sum: 0, Workers: 6
[31.560s][debug  ][gc,phases      ] GC(116)     Total                          Min: 0, Avg:  0.0, Max: 0, Diff: 0, Sum: 0, Workers: 6
[31.560s][debug  ][gc,phases      ] GC(116)   StringDedup Requests1 Weak     Min:  0.0, Avg:  0.0, Max:  0.0, Diff:  0.0, Sum:  0.0, Workers: 6
[31.560s][debug  ][gc,phases      ] GC(116)     Dead                           Min: 0, Avg:  0.0, Max: 0, Diff: 0, Sum: 0, Workers: 6
[31.560s][debug  ][gc,phases      ] GC(116)     Total                          Min: 0, Avg:  0.0, Max: 0, Diff: 0, Sum: 0, Workers: 6
[31.560s][debug  ][gc,phases      ] GC(116)   Weak JFR Old Object Samples    Min:  0.0, Avg:  0.0, Max:  0.0, Diff:  0.0, Sum:  0.0, Workers: 6
[31.560s][debug  ][gc,phases      ] GC(116)     Dead                           Min: 0, Avg:  0.0, Max: 0, Diff: 0, Sum: 0, Workers: 6
[31.560s][debug  ][gc,phases      ] GC(116)     Total                          Min: 0, Avg:  0.0, Max: 0, Diff: 0, Sum: 0, Workers: 6
[31.560s][debug  ][gc,phases      ] GC(116) Weak Processing 0.683ms
[31.561s][debug  ][gc,ergo        ] GC(116) AdaptiveSizeStart:  collection: 117 
[31.561s][debug  ][gc,ergo        ] GC(116) avg_survived_padded_avg: 34385864.000000
[31.561s][debug  ][gc,ergo        ] GC(116) avg_promoted_padded_avg: 244969216.000000  avg_pretenured_padded_avg: 0.000000  tenuring_thresh: 15  target_size: 34603008
[31.561s][debug  ][gc,age         ] GC(116) Desired survivor size 34603008 bytes, new threshold 15 (max threshold 15)
[31.561s][debug  ][gc,ergo        ] GC(116) PSAdaptiveSizePolicy::compute_eden_space_size limits: desired_eden_size: 217547066 old_eden_size: 198705152 eden_limit: 199229440 cur_eden: 199229440 max_eden_size: 199229440 avg_young_live: 25345232
[31.561s][debug  ][gc,ergo        ] GC(116) PSAdaptiveSizePolicy::compute_eden_space_size: costs minor_time: 0.047330 major_cost: 0.055626 mutator_cost: 0.897044 throughput_goal: 0.990000
[31.561s][debug  ][gc,ergo        ] GC(116) Live_space: 1057783872 free_space: 1425539072
[31.561s][debug  ][gc,ergo        ] GC(116) Old eden_size: 198705152 desired_eden_size: 199229440
[31.561s][debug  ][gc,ergo        ] GC(116) AdaptiveSizeStop: collection: 117 
[31.561s][info   ][gc,heap        ] GC(116) PSYoungGen: 188119K(228352K)->30720K(228352K) Eden: 188119K(194560K)->0K(194560K) From: 0K(33792K)->30720K(33792K)
[31.561s][info   ][gc,heap        ] GC(116) ParOldGen: 708196K(1835008K)->861796K(1835008K)
[31.561s][info   ][gc,metaspace   ] GC(116) Metaspace: 1022K(1216K)->1022K(1216K) NonClass: 938K(1024K)->938K(1024K) Class: 83K(192K)->83K(192K)
[31.561s][info   ][gc             ] GC(116) Pause Young (Allocation Failure) 875M->871M(2015M) 14.221ms
[31.561s][info   ][gc,cpu         ] GC(116) User=0.12s Sys=0.00s Real=0.01s
[31.561s][debug  ][gc,heap        ] GC(116) Heap after GC invocations=117 (full 19):
[31.561s][debug  ][gc,heap        ] GC(116)  PSYoungGen      total 228352K, used 30720K [0x00000000f0000000, 0x0000000100000000, 0x0000000100000000)
[31.561s][debug  ][gc,heap        ] GC(116)   eden space 194560K, 0% used [0x00000000f0000000,0x00000000f0000000,0x00000000fbe00000)
[31.561s][debug  ][gc,heap        ] GC(116)   from space 33792K, 90% used [0x00000000fbe00000,0x00000000fdc00030,0x00000000fdf00000)
[31.561s][debug  ][gc,heap        ] GC(116)   to   space 33792K, 0% used [0x00000000fdf00000,0x00000000fdf00000,0x0000000100000000)
[31.561s][debug  ][gc,heap        ] GC(116)  ParOldGen       total 1835008K, used 861796K [0x0000000080000000, 0x00000000f0000000, 0x00000000f0000000)
[31.561s][debug  ][gc,heap        ] GC(116)   object space 1835008K, 46% used [0x0000000080000000,0x00000000b49991c8,0x00000000f0000000)
[31.561s][debug  ][gc,heap        ] GC(116)  Metaspace       used 1022K, committed 1216K, reserved 1056768K
[31.561s][debug  ][gc,heap        ] GC(116)   class space    used 83K, committed 192K, reserved 1048576K
[31.561s][debug  ][gc,task,time   ] GC(116) VM-Thread 315462651 315591875 315610525
[31.847s][debug  ][gc,heap        ] GC(117) Heap before GC invocations=118 (full 19):
[31.848s][debug  ][gc,heap        ] GC(117)  PSYoungGen      total 228352K, used 218769K [0x00000000f0000000, 0x0000000100000000, 0x0000000100000000)
[31.848s][debug  ][gc,heap        ] GC(117)   eden space 194560K, 96% used [0x00000000f0000000,0x00000000fb7a4788,0x00000000fbe00000)
[31.848s][debug  ][gc,heap        ] GC(117)   from space 33792K, 90% used [0x00000000fbe00000,0x00000000fdc00030,0x00000000fdf00000)
[31.848s][debug  ][gc,heap        ] GC(117)   to   space 33792K, 0% used [0x00000000fdf00000,0x00000000fdf00000,0x0000000100000000)
[31.848s][debug  ][gc,heap        ] GC(117)  ParOldGen       total 1835008K, used 861796K [0x0000000080000000, 0x00000000f0000000, 0x00000000f0000000)
[31.848s][debug  ][gc,heap        ] GC(117)   object space 1835008K, 46% used [0x0000000080000000,0x00000000b49991c8,0x00000000f0000000)
[31.848s][debug  ][gc,heap        ] GC(117)  Metaspace       used 1022K, committed 1216K, reserved 1056768K
[31.848s][debug  ][gc,heap        ] GC(117)   class space    used 83K, committed 192K, reserved 1048576K
[31.848s][debug  ][gc,tlab        ] GC(117) TLAB totals: thrds: 1  refills: 1 max: 1 slow allocs: 17 max 17 waste: 26.7% gc: 3818048B max: 3818048B slow: 0B max: 0B
[31.848s][info   ][gc,start       ] GC(117) Pause Young (Allocation Failure)
[31.848s][debug  ][gc,phases,start] GC(117) Scavenge
[31.853s][debug  ][gc,phases      ] GC(117) Scavenge 4.857ms
[31.853s][debug  ][gc,phases,start] GC(117) Reference Processing
[31.853s][debug  ][gc,ref         ] GC(117) Skipped phase 1 of Reference Processing: no references
[31.853s][debug  ][gc,ref         ] GC(117) Skipped phase 2 of Reference Processing: no references
[31.853s][debug  ][gc,ref         ] GC(117) Skipped phase 3 of Reference Processing: no references
[31.853s][debug  ][gc,ref         ] GC(117) Skipped phase 4 of Reference Processing: no references
[31.853s][debug  ][gc,phases,ref  ] GC(117) Reference Processing: 0.1ms
[31.853s][debug  ][gc,phases,ref  ] GC(117)   Reconsider SoftReferences: 0.0ms
[31.853s][debug  ][gc,phases,ref  ] GC(117)     SoftRef (ms):                  skipped
[31.853s][debug  ][gc,phases,ref  ] GC(117)   Notify Soft/WeakReferences: 0.0ms
[31.853s][debug  ][gc,phases,ref  ] GC(117)     SoftRef (ms):                  skipped
[31.853s][debug  ][gc,phases,ref  ] GC(117)     WeakRef (ms):                  skipped
[31.853s][debug  ][gc,phases,ref  ] GC(117)     FinalRef (ms):                 skipped
[31.853s][debug  ][gc,phases,ref  ] GC(117)     Total (ms):                    skipped
[31.853s][debug  ][gc,phases,ref  ] GC(117)   Notify and keep alive finalizable: 0.0ms
[31.853s][debug  ][gc,phases,ref  ] GC(117)     FinalRef (ms):                 skipped
[31.853s][debug  ][gc,phases,ref  ] GC(117)   Notify PhantomReferences: 0.0ms
[31.853s][debug  ][gc,phases,ref  ] GC(117)     PhantomRef (ms):               skipped
[31.853s][debug  ][gc,phases,ref  ] GC(117)   SoftReference:
[31.853s][debug  ][gc,phases,ref  ] GC(117)     Discovered: 0
[31.853s][debug  ][gc,phases,ref  ] GC(117)     Cleared: 0
[31.853s][debug  ][gc,phases,ref  ] GC(117)   WeakReference:
[31.853s][debug  ][gc,phases,ref  ] GC(117)     Discovered: 0
[31.854s][debug  ][gc,phases,ref  ] GC(117)     Cleared: 0
[31.854s][debug  ][gc,phases,ref  ] GC(117)   FinalReference:
[31.854s][debug  ][gc,phases,ref  ] GC(117)     Discovered: 0
[31.854s][debug  ][gc,phases,ref  ] GC(117)     Cleared: 0
[31.854s][debug  ][gc,phases,ref  ] GC(117)   PhantomReference:
[31.854s][debug  ][gc,phases,ref  ] GC(117)     Discovered: 0
[31.854s][debug  ][gc,phases,ref  ] GC(117)     Cleared: 0
[31.854s][debug  ][gc,phases      ] GC(117) Reference Processing 0.822ms
[31.854s][debug  ][gc,phases,start] GC(117) Weak Processing
[31.854s][debug  ][gc,phases      ] GC(117)   VM Weak                        Min:  0.0, Avg:  0.0, Max:  0.0, Diff:  0.0, Sum:  0.0, Workers: 6
[31.854s][debug  ][gc,phases      ] GC(117)     Dead                           Min: 0, Avg:  0.0, Max: 0, Diff: 0, Sum: 0, Workers: 6
[31.854s][debug  ][gc,phases      ] GC(117)     Total                          Min: 0, Avg:  1.3, Max: 8, Diff: 8, Sum: 8, Workers: 6
[31.854s][debug  ][gc,phases      ] GC(117)   ObjectSynchronizer Weak        Min:  0.0, Avg:  0.0, Max:  0.0, Diff:  0.0, Sum:  0.0, Workers: 6
[31.854s][debug  ][gc,phases      ] GC(117)     Dead                           Min: 0, Avg:  0.0, Max: 0, Diff: 0, Sum: 0, Workers: 6
[31.854s][debug  ][gc,phases      ] GC(117)     Total                          Min: 0, Avg:  0.5, Max: 3, Diff: 3, Sum: 3, Workers: 6
[31.854s][debug  ][gc,phases      ] GC(117)   JVMTI Tag Weak OopStorage      Min:  0.0, Avg:  0.0, Max:  0.0, Diff:  0.0, Sum:  0.0, Workers: 6
[31.854s][debug  ][gc,phases      ] GC(117)     Dead                           Min: 0, Avg:  0.0, Max: 0, Diff: 0, Sum: 0, Workers: 6
[31.854s][debug  ][gc,phases      ] GC(117)     Total                          Min: 0, Avg:  0.0, Max: 0, Diff: 0, Sum: 0, Workers: 6
[31.854s][debug  ][gc,phases      ] GC(117)   StringTable Weak               Min:  0.0, Avg:  0.0, Max:  0.0, Diff:  0.0, Sum:  0.0, Workers: 6
[31.854s][debug  ][gc,phases      ] GC(117)     Dead                           Min: 0, Avg:  0.0, Max: 0, Diff: 0, Sum: 0, Workers: 6
[31.854s][debug  ][gc,phases      ] GC(117)     Total                          Min: 639, Avg: 892.8, Max: 1280, Diff: 641, Sum: 5357, Workers: 6
[31.854s][debug  ][gc,phases      ] GC(117)   ResolvedMethodTable Weak       Min:  0.0, Avg:  0.0, Max:  0.0, Diff:  0.0, Sum:  0.0, Workers: 6
[31.854s][debug  ][gc,phases      ] GC(117)     Dead                           Min: 0, Avg:  0.0, Max: 0, Diff: 0, Sum: 0, Workers: 6
[31.854s][debug  ][gc,phases      ] GC(117)     Total                          Min: 0, Avg: 21.7, Max: 66, Diff: 66, Sum: 130, Workers: 6
[31.854s][debug  ][gc,phases      ] GC(117)   JNI Weak                       Min:  0.0, Avg:  0.0, Max:  0.0, Diff:  0.0, Sum:  0.0, Workers: 6
[31.854s][debug  ][gc,phases      ] GC(117)     Dead                           Min: 0, Avg:  0.0, Max: 0, Diff: 0, Sum: 0, Workers: 6
[31.854s][debug  ][gc,phases      ] GC(117)     Total                          Min: 0, Avg:  0.0, Max: 0, Diff: 0, Sum: 0, Workers: 6
[31.854s][debug  ][gc,phases      ] GC(117)   StringDedup Table Weak         Min:  0.0, Avg:  0.0, Max:  0.0, Diff:  0.0, Sum:  0.0, Workers: 6
[31.854s][debug  ][gc,phases      ] GC(117)     Dead                           Min: 0, Avg:  0.0, Max: 0, Diff: 0, Sum: 0, Workers: 6
[31.854s][debug  ][gc,phases      ] GC(117)     Total                          Min: 0, Avg:  0.0, Max: 0, Diff: 0, Sum: 0, Workers: 6
[31.854s][debug  ][gc,phases      ] GC(117)   StringDedup Requests0 Weak     Min:  0.0, Avg:  0.0, Max:  0.0, Diff:  0.0, Sum:  0.0, Workers: 6
[31.854s][debug  ][gc,phases      ] GC(117)     Dead                           Min: 0, Avg:  0.0, Max: 0, Diff: 0, Sum: 0, Workers: 6
[31.854s][debug  ][gc,phases      ] GC(117)     Total                          Min: 0, Avg:  0.0, Max: 0, Diff: 0, Sum: 0, Workers: 6
[31.854s][debug  ][gc,phases      ] GC(117)   StringDedup Requests1 Weak     Min:  0.0, Avg:  0.0, Max:  0.0, Diff:  0.0, Sum:  0.0, Workers: 6
[31.854s][debug  ][gc,phases      ] GC(117)     Dead                           Min: 0, Avg:  0.0, Max: 0, Diff: 0, Sum: 0, Workers: 6
[31.855s][debug  ][gc,phases      ] GC(117)     Total                          Min: 0, Avg:  0.0, Max: 0, Diff: 0, Sum: 0, Workers: 6
[31.855s][debug  ][gc,phases      ] GC(117)   Weak JFR Old Object Samples    Min:  0.0, Avg:  0.0, Max:  0.0, Diff:  0.0, Sum:  0.0, Workers: 6
[31.855s][debug  ][gc,phases      ] GC(117)     Dead                           Min: 0, Avg:  0.0, Max: 0, Diff: 0, Sum: 0, Workers: 6
[31.855s][debug  ][gc,phases      ] GC(117)     Total                          Min: 0, Avg:  0.0, Max: 0, Diff: 0, Sum: 0, Workers: 6
[31.855s][debug  ][gc,phases      ] GC(117) Weak Processing 0.893ms
[31.855s][debug  ][gc,ergo        ] GC(117) AdaptiveSizeStart:  collection: 118 
[31.855s][debug  ][gc,ergo        ] GC(117) avg_survived_padded_avg: 34185376.000000
[31.855s][debug  ][gc,ergo        ] GC(117) avg_promoted_padded_avg: 261589744.000000  avg_pretenured_padded_avg: 0.000000  tenuring_thresh: 15  target_size: 34603008
[31.855s][debug  ][gc,age         ] GC(117) Desired survivor size 34603008 bytes, new threshold 15 (max threshold 15)
[31.855s][debug  ][gc,ergo        ] GC(117) PSAdaptiveSizePolicy::compute_eden_space_size limits: desired_eden_size: 216181969 old_eden_size: 199229440 eden_limit: 199229440 cur_eden: 199229440 max_eden_size: 199229440 avg_young_live: 25956440
[31.855s][debug  ][gc,ergo        ] GC(117) PSAdaptiveSizePolicy::compute_eden_space_size: costs minor_time: 0.041191 major_cost: 0.055626 mutator_cost: 0.903183 throughput_goal: 0.990000
[31.855s][debug  ][gc,ergo        ] GC(117) Live_space: 1058395136 free_space: 1426063360
[31.855s][debug  ][gc,ergo        ] GC(117) Old eden_size: 199229440 desired_eden_size: 199229440
[31.855s][debug  ][gc,ergo        ] GC(117) AdaptiveSizeStop: collection: 118 
[31.855s][info   ][gc,heap        ] GC(117) PSYoungGen: 218769K(228352K)->30720K(228352K) Eden: 188049K(194560K)->0K(194560K) From: 30720K(33792K)->30720K(33792K)
[31.855s][info   ][gc,heap        ] GC(117) ParOldGen: 861796K(1835008K)->882276K(1835008K)
[31.855s][info   ][gc,metaspace   ] GC(117) Metaspace: 1022K(1216K)->1022K(1216K) NonClass: 938K(1024K)->938K(1024K) Class: 83K(192K)->83K(192K)
[31.855s][info   ][gc             ] GC(117) Pause Young (Allocation Failure) 1055M->891M(2015M) 7.148ms
[31.855s][info   ][gc,cpu         ] GC(117) User=0.00s Sys=0.00s Real=0.01s
[31.855s][debug  ][gc,heap        ] GC(117) Heap after GC invocations=118 (full 19):
[31.855s][debug  ][gc,heap        ] GC(117)  PSYoungGen      total 228352K, used 30720K [0x00000000f0000000, 0x0000000100000000, 0x0000000100000000)
[31.855s][debug  ][gc,heap        ] GC(117)   eden space 194560K, 0% used [0x00000000f0000000,0x00000000f0000000,0x00000000fbe00000)
[31.855s][debug  ][gc,heap        ] GC(117)   from space 33792K, 90% used [0x00000000fdf00000,0x00000000ffd00030,0x0000000100000000)
[31.855s][debug  ][gc,heap        ] GC(117)   to   space 33792K, 0% used [0x00000000fbe00000,0x00000000fbe00000,0x00000000fdf00000)
[31.855s][debug  ][gc,heap        ] GC(117)  ParOldGen       total 1835008K, used 882276K [0x0000000080000000, 0x00000000f0000000, 0x00000000f0000000)
[31.855s][debug  ][gc,heap        ] GC(117)   object space 1835008K, 48% used [0x0000000080000000,0x00000000b5d991e8,0x00000000f0000000)
[31.855s][debug  ][gc,heap        ] GC(117)  Metaspace       used 1022K, committed 1216K, reserved 1056768K
[31.855s][debug  ][gc,heap        ] GC(117)   class space    used 83K, committed 192K, reserved 1048576K
[31.855s][debug  ][gc,task,time   ] GC(117) VM-Thread 318473828 318528744 318553571
[32.149s][debug  ][gc,heap        ] GC(118) Heap before GC invocations=119 (full 19):
[32.149s][debug  ][gc,heap        ] GC(118)  PSYoungGen      total 228352K, used 218799K [0x00000000f0000000, 0x0000000100000000, 0x0000000100000000)
[32.149s][debug  ][gc,heap        ] GC(118)   eden space 194560K, 96% used [0x00000000f0000000,0x00000000fb7abdb8,0x00000000fbe00000)
[32.149s][debug  ][gc,heap        ] GC(118)   from space 33792K, 90% used [0x00000000fdf00000,0x00000000ffd00030,0x0000000100000000)
[32.149s][debug  ][gc,heap        ] GC(118)   to   space 33792K, 0% used [0x00000000fbe00000,0x00000000fbe00000,0x00000000fdf00000)
[32.149s][debug  ][gc,heap        ] GC(118)  ParOldGen       total 1835008K, used 882276K [0x0000000080000000, 0x00000000f0000000, 0x00000000f0000000)
[32.149s][debug  ][gc,heap        ] GC(118)   object space 1835008K, 48% used [0x0000000080000000,0x00000000b5d991e8,0x00000000f0000000)
[32.149s][debug  ][gc,heap        ] GC(118)  Metaspace       used 1022K, committed 1216K, reserved 1056768K
[32.149s][debug  ][gc,heap        ] GC(118)   class space    used 83K, committed 192K, reserved 1048576K
[32.149s][debug  ][gc,tlab        ] GC(118) TLAB totals: thrds: 1  refills: 1 max: 1 slow allocs: 17 max 17 waste: 26.9% gc: 3849368B max: 3849368B slow: 0B max: 0B
[32.149s][info   ][gc,start       ] GC(118) Pause Young (Allocation Failure)
[32.149s][debug  ][gc,phases,start] GC(118) Scavenge
[32.164s][debug  ][gc,phases      ] GC(118) Scavenge 14.489ms
[32.164s][debug  ][gc,phases,start] GC(118) Reference Processing
[32.164s][debug  ][gc,ref         ] GC(118) Skipped phase 1 of Reference Processing: no references
[32.164s][debug  ][gc,ref         ] GC(118) Skipped phase 2 of Reference Processing: no references
[32.164s][debug  ][gc,ref         ] GC(118) Skipped phase 3 of Reference Processing: no references
[32.164s][debug  ][gc,ref         ] GC(118) Skipped phase 4 of Reference Processing: no references
[32.164s][debug  ][gc,phases,ref  ] GC(118) Reference Processing: 0.1ms
[32.164s][debug  ][gc,phases,ref  ] GC(118)   Reconsider SoftReferences: 0.0ms
[32.164s][debug  ][gc,phases,ref  ] GC(118)     SoftRef (ms):                  skipped
[32.164s][debug  ][gc,phases,ref  ] GC(118)   Notify Soft/WeakReferences: 0.0ms
[32.164s][debug  ][gc,phases,ref  ] GC(118)     SoftRef (ms):                  skipped
[32.164s][debug  ][gc,phases,ref  ] GC(118)     WeakRef (ms):                  skipped
[32.164s][debug  ][gc,phases,ref  ] GC(118)     FinalRef (ms):                 skipped
[32.164s][debug  ][gc,phases,ref  ] GC(118)     Total (ms):                    skipped
[32.164s][debug  ][gc,phases,ref  ] GC(118)   Notify and keep alive finalizable: 0.0ms
[32.164s][debug  ][gc,phases,ref  ] GC(118)     FinalRef (ms):                 skipped
[32.164s][debug  ][gc,phases,ref  ] GC(118)   Notify PhantomReferences: 0.0ms
[32.164s][debug  ][gc,phases,ref  ] GC(118)     PhantomRef (ms):               skipped
[32.164s][debug  ][gc,phases,ref  ] GC(118)   SoftReference:
[32.164s][debug  ][gc,phases,ref  ] GC(118)     Discovered: 0
[32.164s][debug  ][gc,phases,ref  ] GC(118)     Cleared: 0
[32.164s][debug  ][gc,phases,ref  ] GC(118)   WeakReference:
[32.164s][debug  ][gc,phases,ref  ] GC(118)     Discovered: 0
[32.164s][debug  ][gc,phases,ref  ] GC(118)     Cleared: 0
[32.164s][debug  ][gc,phases,ref  ] GC(118)   FinalReference:
[32.164s][debug  ][gc,phases,ref  ] GC(118)     Discovered: 0
[32.164s][debug  ][gc,phases,ref  ] GC(118)     Cleared: 0
[32.164s][debug  ][gc,phases,ref  ] GC(118)   PhantomReference:
[32.164s][debug  ][gc,phases,ref  ] GC(118)     Discovered: 0
[32.164s][debug  ][gc,phases,ref  ] GC(118)     Cleared: 0
[32.164s][debug  ][gc,phases      ] GC(118) Reference Processing 0.699ms
[32.164s][debug  ][gc,phases,start] GC(118) Weak Processing
[32.165s][debug  ][gc,phases      ] GC(118)   VM Weak                        Min:  0.0, Avg:  0.0, Max:  0.0, Diff:  0.0, Sum:  0.0, Workers: 6
[32.165s][debug  ][gc,phases      ] GC(118)     Dead                           Min: 0, Avg:  0.0, Max: 0, Diff: 0, Sum: 0, Workers: 6
[32.165s][debug  ][gc,phases      ] GC(118)     Total                          Min: 0, Avg:  1.3, Max: 8, Diff: 8, Sum: 8, Workers: 6
[32.165s][debug  ][gc,phases      ] GC(118)   ObjectSynchronizer Weak        Min:  0.0, Avg:  0.0, Max:  0.0, Diff:  0.0, Sum:  0.0, Workers: 6
[32.165s][debug  ][gc,phases      ] GC(118)     Dead                           Min: 0, Avg:  0.0, Max: 0, Diff: 0, Sum: 0, Workers: 6
[32.165s][debug  ][gc,phases      ] GC(118)     Total                          Min: 0, Avg:  0.5, Max: 3, Diff: 3, Sum: 3, Workers: 6
[32.165s][debug  ][gc,phases      ] GC(118)   JVMTI Tag Weak OopStorage      Min:  0.0, Avg:  0.0, Max:  0.0, Diff:  0.0, Sum:  0.0, Workers: 6
[32.165s][debug  ][gc,phases      ] GC(118)     Dead                           Min: 0, Avg:  0.0, Max: 0, Diff: 0, Sum: 0, Workers: 6
[32.165s][debug  ][gc,phases      ] GC(118)     Total                          Min: 0, Avg:  0.0, Max: 0, Diff: 0, Sum: 0, Workers: 6
[32.165s][debug  ][gc,phases      ] GC(118)   StringTable Weak               Min:  0.0, Avg:  0.0, Max:  0.0, Diff:  0.0, Sum:  0.0, Workers: 6
[32.165s][debug  ][gc,phases      ] GC(118)     Dead                           Min: 0, Avg:  0.0, Max: 0, Diff: 0, Sum: 0, Workers: 6
[32.165s][debug  ][gc,phases      ] GC(118)     Total                          Min: 704, Avg: 892.8, Max: 1024, Diff: 320, Sum: 5357, Workers: 6
[32.165s][debug  ][gc,phases      ] GC(118)   ResolvedMethodTable Weak       Min:  0.0, Avg:  0.0, Max:  0.0, Diff:  0.0, Sum:  0.0, Workers: 6
[32.165s][debug  ][gc,phases      ] GC(118)     Dead                           Min: 0, Avg:  0.0, Max: 0, Diff: 0, Sum: 0, Workers: 6
[32.165s][debug  ][gc,phases      ] GC(118)     Total                          Min: 0, Avg: 21.7, Max: 64, Diff: 64, Sum: 130, Workers: 6
[32.165s][debug  ][gc,phases      ] GC(118)   JNI Weak                       Min:  0.0, Avg:  0.0, Max:  0.0, Diff:  0.0, Sum:  0.0, Workers: 6
[32.165s][debug  ][gc,phases      ] GC(118)     Dead                           Min: 0, Avg:  0.0, Max: 0, Diff: 0, Sum: 0, Workers: 6
[32.165s][debug  ][gc,phases      ] GC(118)     Total                          Min: 0, Avg:  0.0, Max: 0, Diff: 0, Sum: 0, Workers: 6
[32.165s][debug  ][gc,phases      ] GC(118)   StringDedup Table Weak         Min:  0.0, Avg:  0.0, Max:  0.0, Diff:  0.0, Sum:  0.0, Workers: 6
[32.165s][debug  ][gc,phases      ] GC(118)     Dead                           Min: 0, Avg:  0.0, Max: 0, Diff: 0, Sum: 0, Workers: 6
[32.165s][debug  ][gc,phases      ] GC(118)     Total                          Min: 0, Avg:  0.0, Max: 0, Diff: 0, Sum: 0, Workers: 6
[32.165s][debug  ][gc,phases      ] GC(118)   StringDedup Requests0 Weak     Min:  0.0, Avg:  0.0, Max:  0.0, Diff:  0.0, Sum:  0.0, Workers: 6
[32.165s][debug  ][gc,phases      ] GC(118)     Dead                           Min: 0, Avg:  0.0, Max: 0, Diff: 0, Sum: 0, Workers: 6
[32.165s][debug  ][gc,phases      ] GC(118)     Total                          Min: 0, Avg:  0.0, Max: 0, Diff: 0, Sum: 0, Workers: 6
[32.165s][debug  ][gc,phases      ] GC(118)   StringDedup Requests1 Weak     Min:  0.0, Avg:  0.0, Max:  0.0, Diff:  0.0, Sum:  0.0, Workers: 6
[32.165s][debug  ][gc,phases      ] GC(118)     Dead                           Min: 0, Avg:  0.0, Max: 0, Diff: 0, Sum: 0, Workers: 6
[32.165s][debug  ][gc,phases      ] GC(118)     Total                          Min: 0, Avg:  0.0, Max: 0, Diff: 0, Sum: 0, Workers: 6
[32.165s][debug  ][gc,phases      ] GC(118)   Weak JFR Old Object Samples    Min:  0.0, Avg:  0.0, Max:  0.0, Diff:  0.0, Sum:  0.0, Workers: 6
[32.165s][debug  ][gc,phases      ] GC(118)     Dead                           Min: 0, Avg:  0.0, Max: 0, Diff: 0, Sum: 0, Workers: 6
[32.165s][debug  ][gc,phases      ] GC(118)     Total                          Min: 0, Avg:  0.0, Max: 0, Diff: 0, Sum: 0, Workers: 6
[32.165s][debug  ][gc,phases      ] GC(118) Weak Processing 0.666ms
[32.165s][debug  ][gc,ergo        ] GC(118) AdaptiveSizeStart:  collection: 119 
[32.165s][debug  ][gc,ergo        ] GC(118) avg_survived_padded_avg: 33995704.000000
[32.165s][debug  ][gc,ergo        ] GC(118) avg_promoted_padded_avg: 264485440.000000  avg_pretenured_padded_avg: 0.000000  tenuring_thresh: 15  target_size: 34078720
[32.165s][debug  ][gc,age         ] GC(118) Desired survivor size 34078720 bytes, new threshold 15 (max threshold 15)
[32.165s][debug  ][gc,ergo        ] GC(118) PSAdaptiveSizePolicy::compute_eden_space_size limits: desired_eden_size: 216773435 old_eden_size: 199229440 eden_limit: 199229440 cur_eden: 199229440 max_eden_size: 199229440 avg_young_live: 26506528
[32.165s][debug  ][gc,ergo        ] GC(118) PSAdaptiveSizePolicy::compute_eden_space_size: costs minor_time: 0.043759 major_cost: 0.055626 mutator_cost: 0.900616 throughput_goal: 0.990000
[32.165s][debug  ][gc,ergo        ] GC(118) Live_space: 1058945152 free_space: 1426063360
[32.165s][debug  ][gc,ergo        ] GC(118) Old eden_size: 199229440 desired_eden_size: 199229440
[32.165s][debug  ][gc,ergo        ] GC(118) AdaptiveSizeStop: collection: 119 
[32.165s][info   ][gc,heap        ] GC(118) PSYoungGen: 218799K(228352K)->30720K(228352K) Eden: 188079K(194560K)->0K(194560K) From: 30720K(33792K)->30720K(33792K)
[32.165s][info   ][gc,heap        ] GC(118) ParOldGen: 882276K(1835008K)->1066596K(1835008K)
[32.165s][info   ][gc,metaspace   ] GC(118) Metaspace: 1022K(1216K)->1022K(1216K) NonClass: 938K(1024K)->938K(1024K) Class: 83K(192K)->83K(192K)
[32.165s][info   ][gc             ] GC(118) Pause Young (Allocation Failure) 1075M->1071M(2015M) 16.330ms
[32.165s][info   ][gc,cpu         ] GC(118) User=0.16s Sys=0.00s Real=0.02s
[32.166s][debug  ][gc,heap        ] GC(118) Heap after GC invocations=119 (full 19):
[32.166s][debug  ][gc,heap        ] GC(118)  PSYoungGen      total 228352K, used 30720K [0x00000000f0000000, 0x0000000100000000, 0x0000000100000000)
[32.166s][debug  ][gc,heap        ] GC(118)   eden space 194560K, 0% used [0x00000000f0000000,0x00000000f0000000,0x00000000fbe00000)
[32.166s][debug  ][gc,heap        ] GC(118)   from space 33792K, 90% used [0x00000000fbe00000,0x00000000fdc00030,0x00000000fdf00000)
[32.166s][debug  ][gc,heap        ] GC(118)   to   space 33280K, 0% used [0x00000000fdf80000,0x00000000fdf80000,0x0000000100000000)
[32.166s][debug  ][gc,heap        ] GC(118)  ParOldGen       total 1835008K, used 1066596K [0x0000000080000000, 0x00000000f0000000, 0x00000000f0000000)
[32.166s][debug  ][gc,heap        ] GC(118)   object space 1835008K, 58% used [0x0000000080000000,0x00000000c1199308,0x00000000f0000000)
[32.166s][debug  ][gc,heap        ] GC(118)  Metaspace       used 1022K, committed 1216K, reserved 1056768K
[32.166s][debug  ][gc,heap        ] GC(118)   class space    used 83K, committed 192K, reserved 1048576K
[32.166s][debug  ][gc,task,time   ] GC(118) VM-Thread 321487161 321637570 321657118
[32.451s][debug  ][gc,heap        ] GC(119) Heap before GC invocations=120 (full 19):
[32.451s][debug  ][gc,heap        ] GC(119)  PSYoungGen      total 228352K, used 218818K [0x00000000f0000000, 0x0000000100000000, 0x0000000100000000)
[32.451s][debug  ][gc,heap        ] GC(119)   eden space 194560K, 96% used [0x00000000f0000000,0x00000000fb7b09c0,0x00000000fbe00000)
[32.451s][debug  ][gc,heap        ] GC(119)   from space 33792K, 90% used [0x00000000fbe00000,0x00000000fdc00030,0x00000000fdf00000)
[32.452s][debug  ][gc,heap        ] GC(119)   to   space 33280K, 0% used [0x00000000fdf80000,0x00000000fdf80000,0x0000000100000000)
[32.452s][debug  ][gc,heap        ] GC(119)  ParOldGen       total 1835008K, used 1066596K [0x0000000080000000, 0x00000000f0000000, 0x00000000f0000000)
[32.452s][debug  ][gc,heap        ] GC(119)   object space 1835008K, 58% used [0x0000000080000000,0x00000000c1199308,0x00000000f0000000)
[32.452s][debug  ][gc,heap        ] GC(119)  Metaspace       used 1022K, committed 1216K, reserved 1056768K
[32.452s][debug  ][gc,heap        ] GC(119)   class space    used 83K, committed 192K, reserved 1048576K
[32.452s][debug  ][gc,tlab        ] GC(119) TLAB totals: thrds: 1  refills: 1 max: 1 slow allocs: 17 max 17 waste: 27.0% gc: 3868832B max: 3868832B slow: 0B max: 0B
[32.452s][info   ][gc,start       ] GC(119) Pause Young (Allocation Failure)
[32.452s][debug  ][gc,phases,start] GC(119) Scavenge
[32.467s][debug  ][gc,phases      ] GC(119) Scavenge 15.039ms
[32.467s][debug  ][gc,phases,start] GC(119) Reference Processing
[32.467s][debug  ][gc,ref         ] GC(119) Skipped phase 1 of Reference Processing: no references
[32.467s][debug  ][gc,ref         ] GC(119) Skipped phase 2 of Reference Processing: no references
[32.467s][debug  ][gc,ref         ] GC(119) Skipped phase 3 of Reference Processing: no references
[32.467s][debug  ][gc,ref         ] GC(119) Skipped phase 4 of Reference Processing: no references
[32.467s][debug  ][gc,phases,ref  ] GC(119) Reference Processing: 0.1ms
[32.467s][debug  ][gc,phases,ref  ] GC(119)   Reconsider SoftReferences: 0.0ms
[32.467s][debug  ][gc,phases,ref  ] GC(119)     SoftRef (ms):                  skipped
[32.467s][debug  ][gc,phases,ref  ] GC(119)   Notify Soft/WeakReferences: 0.0ms
[32.467s][debug  ][gc,phases,ref  ] GC(119)     SoftRef (ms):                  skipped
[32.467s][debug  ][gc,phases,ref  ] GC(119)     WeakRef (ms):                  skipped
[32.467s][debug  ][gc,phases,ref  ] GC(119)     FinalRef (ms):                 skipped
[32.467s][debug  ][gc,phases,ref  ] GC(119)     Total (ms):                    skipped
[32.467s][debug  ][gc,phases,ref  ] GC(119)   Notify and keep alive finalizable: 0.0ms
[32.467s][debug  ][gc,phases,ref  ] GC(119)     FinalRef (ms):                 skipped
[32.467s][debug  ][gc,phases,ref  ] GC(119)   Notify PhantomReferences: 0.0ms
[32.467s][debug  ][gc,phases,ref  ] GC(119)     PhantomRef (ms):               skipped
[32.467s][debug  ][gc,phases,ref  ] GC(119)   SoftReference:
[32.467s][debug  ][gc,phases,ref  ] GC(119)     Discovered: 0
[32.467s][debug  ][gc,phases,ref  ] GC(119)     Cleared: 0
[32.467s][debug  ][gc,phases,ref  ] GC(119)   WeakReference:
[32.467s][debug  ][gc,phases,ref  ] GC(119)     Discovered: 0
[32.468s][debug  ][gc,phases,ref  ] GC(119)     Cleared: 0
[32.468s][debug  ][gc,phases,ref  ] GC(119)   FinalReference:
[32.468s][debug  ][gc,phases,ref  ] GC(119)     Discovered: 0
[32.468s][debug  ][gc,phases,ref  ] GC(119)     Cleared: 0
[32.468s][debug  ][gc,phases,ref  ] GC(119)   PhantomReference:
[32.468s][debug  ][gc,phases,ref  ] GC(119)     Discovered: 0
[32.468s][debug  ][gc,phases,ref  ] GC(119)     Cleared: 0
[32.468s][debug  ][gc,phases      ] GC(119) Reference Processing 0.742ms
[32.468s][debug  ][gc,phases,start] GC(119) Weak Processing
[32.468s][debug  ][gc,phases      ] GC(119)   VM Weak                        Min:  0.0, Avg:  0.0, Max:  0.0, Diff:  0.0, Sum:  0.0, Workers: 6
[32.468s][debug  ][gc,phases      ] GC(119)     Dead                           Min: 0, Avg:  0.0, Max: 0, Diff: 0, Sum: 0, Workers: 6
[32.468s][debug  ][gc,phases      ] GC(119)     Total                          Min: 0, Avg:  1.3, Max: 8, Diff: 8, Sum: 8, Workers: 6
[32.468s][debug  ][gc,phases      ] GC(119)   ObjectSynchronizer Weak        Min:  0.0, Avg:  0.0, Max:  0.0, Diff:  0.0, Sum:  0.0, Workers: 6
[32.468s][debug  ][gc,phases      ] GC(119)     Dead                           Min: 0, Avg:  0.0, Max: 0, Diff: 0, Sum: 0, Workers: 6
[32.468s][debug  ][gc,phases      ] GC(119)     Total                          Min: 0, Avg:  0.5, Max: 3, Diff: 3, Sum: 3, Workers: 6
[32.468s][debug  ][gc,phases      ] GC(119)   JVMTI Tag Weak OopStorage      Min:  0.0, Avg:  0.0, Max:  0.0, Diff:  0.0, Sum:  0.0, Workers: 6
[32.468s][debug  ][gc,phases      ] GC(119)     Dead                           Min: 0, Avg:  0.0, Max: 0, Diff: 0, Sum: 0, Workers: 6
[32.468s][debug  ][gc,phases      ] GC(119)     Total                          Min: 0, Avg:  0.0, Max: 0, Diff: 0, Sum: 0, Workers: 6
[32.468s][debug  ][gc,phases      ] GC(119)   StringTable Weak               Min:  0.0, Avg:  0.0, Max:  0.0, Diff:  0.0, Sum:  0.0, Workers: 6
[32.468s][debug  ][gc,phases      ] GC(119)     Dead                           Min: 0, Avg:  0.0, Max: 0, Diff: 0, Sum: 0, Workers: 6
[32.468s][debug  ][gc,phases      ] GC(119)     Total                          Min: 767, Avg: 892.8, Max: 1280, Diff: 513, Sum: 5357, Workers: 6
[32.468s][debug  ][gc,phases      ] GC(119)   ResolvedMethodTable Weak       Min:  0.0, Avg:  0.0, Max:  0.0, Diff:  0.0, Sum:  0.0, Workers: 6
[32.468s][debug  ][gc,phases      ] GC(119)     Dead                           Min: 0, Avg:  0.0, Max: 0, Diff: 0, Sum: 0, Workers: 6
[32.468s][debug  ][gc,phases      ] GC(119)     Total                          Min: 0, Avg: 21.7, Max: 64, Diff: 64, Sum: 130, Workers: 6
[32.468s][debug  ][gc,phases      ] GC(119)   JNI Weak                       Min:  0.0, Avg:  0.0, Max:  0.0, Diff:  0.0, Sum:  0.0, Workers: 6
[32.468s][debug  ][gc,phases      ] GC(119)     Dead                           Min: 0, Avg:  0.0, Max: 0, Diff: 0, Sum: 0, Workers: 6
[32.468s][debug  ][gc,phases      ] GC(119)     Total                          Min: 0, Avg:  0.0, Max: 0, Diff: 0, Sum: 0, Workers: 6
[32.468s][debug  ][gc,phases      ] GC(119)   StringDedup Table Weak         Min:  0.0, Avg:  0.0, Max:  0.0, Diff:  0.0, Sum:  0.0, Workers: 6
[32.468s][debug  ][gc,phases      ] GC(119)     Dead                           Min: 0, Avg:  0.0, Max: 0, Diff: 0, Sum: 0, Workers: 6
[32.468s][debug  ][gc,phases      ] GC(119)     Total                          Min: 0, Avg:  0.0, Max: 0, Diff: 0, Sum: 0, Workers: 6
[32.468s][debug  ][gc,phases      ] GC(119)   StringDedup Requests0 Weak     Min:  0.0, Avg:  0.0, Max:  0.0, Diff:  0.0, Sum:  0.0, Workers: 6
[32.468s][debug  ][gc,phases      ] GC(119)     Dead                           Min: 0, Avg:  0.0, Max: 0, Diff: 0, Sum: 0, Workers: 6
[32.468s][debug  ][gc,phases      ] GC(119)     Total                          Min: 0, Avg:  0.0, Max: 0, Diff: 0, Sum: 0, Workers: 6
[32.469s][debug  ][gc,phases      ] GC(119)   StringDedup Requests1 Weak     Min:  0.0, Avg:  0.0, Max:  0.0, Diff:  0.0, Sum:  0.0, Workers: 6
[32.469s][debug  ][gc,phases      ] GC(119)     Dead                           Min: 0, Avg:  0.0, Max: 0, Diff: 0, Sum: 0, Workers: 6
[32.469s][debug  ][gc,phases      ] GC(119)     Total                          Min: 0, Avg:  0.0, Max: 0, Diff: 0, Sum: 0, Workers: 6
[32.469s][debug  ][gc,phases      ] GC(119)   Weak JFR Old Object Samples    Min:  0.0, Avg:  0.0, Max:  0.0, Diff:  0.0, Sum:  0.0, Workers: 6
[32.469s][debug  ][gc,phases      ] GC(119)     Dead                           Min: 0, Avg:  0.0, Max: 0, Diff: 0, Sum: 0, Workers: 6
[32.469s][debug  ][gc,phases      ] GC(119)     Total                          Min: 0, Avg:  0.0, Max: 0, Diff: 0, Sum: 0, Workers: 6
[32.469s][debug  ][gc,phases      ] GC(119) Weak Processing 0.971ms
[32.469s][debug  ][gc,ergo        ] GC(119) AdaptiveSizeStart:  collection: 120 
[32.469s][debug  ][gc,ergo        ] GC(119) avg_survived_padded_avg: 33816680.000000
[32.469s][debug  ][gc,ergo        ] GC(119) avg_promoted_padded_avg: 266073552.000000  avg_pretenured_padded_avg: 0.000000  tenuring_thresh: 15  target_size: 34078720
[32.469s][debug  ][gc,age         ] GC(119) Desired survivor size 34078720 bytes, new threshold 15 (max threshold 15)
[32.469s][debug  ][gc,ergo        ] GC(119) PSAdaptiveSizePolicy::compute_eden_space_size limits: desired_eden_size: 217419208 old_eden_size: 199229440 eden_limit: 199753728 cur_eden: 199229440 max_eden_size: 199753728 avg_young_live: 27001606
[32.469s][debug  ][gc,ergo        ] GC(119) PSAdaptiveSizePolicy::compute_eden_space_size: costs minor_time: 0.046722 major_cost: 0.055626 mutator_cost: 0.897652 throughput_goal: 0.990000
[32.469s][debug  ][gc,ergo        ] GC(119) Live_space: 1059440256 free_space: 1426063360
[32.469s][debug  ][gc,ergo        ] GC(119) Old eden_size: 199229440 desired_eden_size: 199753728
[32.469s][debug  ][gc,ergo        ] GC(119) AdaptiveSizeStop: collection: 120 
[32.469s][info   ][gc,heap        ] GC(119) PSYoungGen: 218818K(228352K)->30720K(228864K) Eden: 188098K(194560K)->0K(195584K) From: 30720K(33792K)->30720K(33280K)
[32.469s][info   ][gc,heap        ] GC(119) ParOldGen: 1066596K(1835008K)->1250917K(1835008K)
[32.469s][info   ][gc,metaspace   ] GC(119) Metaspace: 1022K(1216K)->1022K(1216K) NonClass: 938K(1024K)->938K(1024K) Class: 83K(192K)->83K(192K)
[32.469s][info   ][gc             ] GC(119) Pause Young (Allocation Failure) 1255M->1251M(2015M) 17.229ms
[32.469s][info   ][gc,cpu         ] GC(119) User=0.16s Sys=0.00s Real=0.02s
[32.469s][debug  ][gc,heap        ] GC(119) Heap after GC invocations=120 (full 19):
[32.469s][debug  ][gc,heap        ] GC(119)  PSYoungGen      total 228864K, used 30720K [0x00000000f0000000, 0x0000000100000000, 0x0000000100000000)
[32.469s][debug  ][gc,heap        ] GC(119)   eden space 195584K, 0% used [0x00000000f0000000,0x00000000f0000000,0x00000000fbf00000)
[32.469s][debug  ][gc,heap        ] GC(119)   from space 33280K, 92% used [0x00000000fdf80000,0x00000000ffd80030,0x0000000100000000)
[32.469s][debug  ][gc,heap        ] GC(119)   to   space 33280K, 0% used [0x00000000fbf00000,0x00000000fbf00000,0x00000000fdf80000)
[32.469s][debug  ][gc,heap        ] GC(119)  ParOldGen       total 1835008K, used 1250917K [0x0000000080000000, 0x00000000f0000000, 0x00000000f0000000)
[32.469s][debug  ][gc,heap        ] GC(119)   object space 1835008K, 68% used [0x0000000080000000,0x00000000cc599428,0x00000000f0000000)
[32.469s][debug  ][gc,heap        ] GC(119)  Metaspace       used 1022K, committed 1216K, reserved 1056768K
[32.469s][debug  ][gc,heap        ] GC(119)   class space    used 83K, committed 192K, reserved 1048576K
[32.469s][debug  ][gc,task,time   ] GC(119) VM-Thread 324513233 324669191 324692286
[32.751s][debug  ][gc,heap        ] GC(120) Heap before GC invocations=121 (full 19):
[32.751s][debug  ][gc,heap        ] GC(120)  PSYoungGen      total 228864K, used 218850K [0x00000000f0000000, 0x0000000100000000, 0x0000000100000000)
[32.751s][debug  ][gc,heap        ] GC(120)   eden space 195584K, 96% used [0x00000000f0000000,0x00000000fb7b8a60,0x00000000fbf00000)
[32.751s][debug  ][gc,heap        ] GC(120)   from space 33280K, 92% used [0x00000000fdf80000,0x00000000ffd80030,0x0000000100000000)
[32.751s][debug  ][gc,heap        ] GC(120)   to   space 33280K, 0% used [0x00000000fbf00000,0x00000000fbf00000,0x00000000fdf80000)
[32.751s][debug  ][gc,heap        ] GC(120)  ParOldGen       total 1835008K, used 1250917K [0x0000000080000000, 0x00000000f0000000, 0x00000000f0000000)
[32.751s][debug  ][gc,heap        ] GC(120)   object space 1835008K, 68% used [0x0000000080000000,0x00000000cc599428,0x00000000f0000000)
[32.751s][debug  ][gc,heap        ] GC(120)  Metaspace       used 1022K, committed 1216K, reserved 1056768K
[32.751s][debug  ][gc,heap        ] GC(120)   class space    used 83K, committed 192K, reserved 1048576K
[32.751s][debug  ][gc,tlab        ] GC(120) TLAB totals: thrds: 1  refills: 1 max: 1 slow allocs: 17 max 17 waste: 27.1% gc: 3901760B max: 3901760B slow: 0B max: 0B
[32.751s][info   ][gc,start       ] GC(120) Pause Young (Allocation Failure)
[32.751s][debug  ][gc,phases,start] GC(120) Scavenge
[32.766s][debug  ][gc,phases      ] GC(120) Scavenge 14.956ms
[32.766s][debug  ][gc,phases,start] GC(120) Reference Processing
[32.766s][debug  ][gc,ref         ] GC(120) Skipped phase 1 of Reference Processing: no references
[32.766s][debug  ][gc,ref         ] GC(120) Skipped phase 2 of Reference Processing: no references
[32.766s][debug  ][gc,ref         ] GC(120) Skipped phase 3 of Reference Processing: no references
[32.766s][debug  ][gc,ref         ] GC(120) Skipped phase 4 of Reference Processing: no references
[32.766s][debug  ][gc,phases,ref  ] GC(120) Reference Processing: 0.1ms
[32.766s][debug  ][gc,phases,ref  ] GC(120)   Reconsider SoftReferences: 0.0ms
[32.767s][debug  ][gc,phases,ref  ] GC(120)     SoftRef (ms):                  skipped
[32.767s][debug  ][gc,phases,ref  ] GC(120)   Notify Soft/WeakReferences: 0.0ms
[32.767s][debug  ][gc,phases,ref  ] GC(120)     SoftRef (ms):                  skipped
[32.767s][debug  ][gc,phases,ref  ] GC(120)     WeakRef (ms):                  skipped
[32.767s][debug  ][gc,phases,ref  ] GC(120)     FinalRef (ms):                 skipped
[32.767s][debug  ][gc,phases,ref  ] GC(120)     Total (ms):                    skipped
[32.767s][debug  ][gc,phases,ref  ] GC(120)   Notify and keep alive finalizable: 0.0ms
[32.767s][debug  ][gc,phases,ref  ] GC(120)     FinalRef (ms):                 skipped
[32.767s][debug  ][gc,phases,ref  ] GC(120)   Notify PhantomReferences: 0.0ms
[32.767s][debug  ][gc,phases,ref  ] GC(120)     PhantomRef (ms):               skipped
[32.767s][debug  ][gc,phases,ref  ] GC(120)   SoftReference:
[32.767s][debug  ][gc,phases,ref  ] GC(120)     Discovered: 0
[32.767s][debug  ][gc,phases,ref  ] GC(120)     Cleared: 0
[32.767s][debug  ][gc,phases,ref  ] GC(120)   WeakReference:
[32.767s][debug  ][gc,phases,ref  ] GC(120)     Discovered: 0
[32.767s][debug  ][gc,phases,ref  ] GC(120)     Cleared: 0
[32.767s][debug  ][gc,phases,ref  ] GC(120)   FinalReference:
[32.767s][debug  ][gc,phases,ref  ] GC(120)     Discovered: 0
[32.767s][debug  ][gc,phases,ref  ] GC(120)     Cleared: 0
[32.767s][debug  ][gc,phases,ref  ] GC(120)   PhantomReference:
[32.767s][debug  ][gc,phases,ref  ] GC(120)     Discovered: 0
[32.767s][debug  ][gc,phases,ref  ] GC(120)     Cleared: 0
[32.767s][debug  ][gc,phases      ] GC(120) Reference Processing 0.746ms
[32.767s][debug  ][gc,phases,start] GC(120) Weak Processing
[32.769s][debug  ][gc,phases      ] GC(120)   VM Weak                        Min:  0.0, Avg:  0.0, Max:  0.0, Diff:  0.0, Sum:  0.0, Workers: 6
[32.769s][debug  ][gc,phases      ] GC(120)     Dead                           Min: 0, Avg:  0.0, Max: 0, Diff: 0, Sum: 0, Workers: 6
[32.769s][debug  ][gc,phases      ] GC(120)     Total                          Min: 0, Avg:  1.3, Max: 8, Diff: 8, Sum: 8, Workers: 6
[32.769s][debug  ][gc,phases      ] GC(120)   ObjectSynchronizer Weak        Min:  0.0, Avg:  0.0, Max:  0.0, Diff:  0.0, Sum:  0.0, Workers: 6
[32.769s][debug  ][gc,phases      ] GC(120)     Dead                           Min: 0, Avg:  0.0, Max: 0, Diff: 0, Sum: 0, Workers: 6
[32.769s][debug  ][gc,phases      ] GC(120)     Total                          Min: 0, Avg:  0.5, Max: 3, Diff: 3, Sum: 3, Workers: 6
[32.769s][debug  ][gc,phases      ] GC(120)   JVMTI Tag Weak OopStorage      Min:  0.0, Avg:  0.0, Max:  0.0, Diff:  0.0, Sum:  0.0, Workers: 6
[32.769s][debug  ][gc,phases      ] GC(120)     Dead                           Min: 0, Avg:  0.0, Max: 0, Diff: 0, Sum: 0, Workers: 6
[32.769s][debug  ][gc,phases      ] GC(120)     Total                          Min: 0, Avg:  0.0, Max: 0, Diff: 0, Sum: 0, Workers: 6
[32.769s][debug  ][gc,phases      ] GC(120)   StringTable Weak               Min:  0.0, Avg:  0.0, Max:  0.0, Diff:  0.0, Sum:  0.0, Workers: 6
[32.769s][debug  ][gc,phases      ] GC(120)     Dead                           Min: 0, Avg:  0.0, Max: 0, Diff: 0, Sum: 0, Workers: 6
[32.769s][debug  ][gc,phases      ] GC(120)     Total                          Min: 0, Avg: 892.8, Max: 1344, Diff: 1344, Sum: 5357, Workers: 6
[32.769s][debug  ][gc,phases      ] GC(120)   ResolvedMethodTable Weak       Min:  0.0, Avg:  0.0, Max:  0.0, Diff:  0.0, Sum:  0.0, Workers: 6
[32.769s][debug  ][gc,phases      ] GC(120)     Dead                           Min: 0, Avg:  0.0, Max: 0, Diff: 0, Sum: 0, Workers: 6
[32.769s][debug  ][gc,phases      ] GC(120)     Total                          Min: 0, Avg: 21.7, Max: 64, Diff: 64, Sum: 130, Workers: 6
[32.769s][debug  ][gc,phases      ] GC(120)   JNI Weak                       Min:  0.0, Avg:  0.0, Max:  0.0, Diff:  0.0, Sum:  0.0, Workers: 6
[32.769s][debug  ][gc,phases      ] GC(120)     Dead                           Min: 0, Avg:  0.0, Max: 0, Diff: 0, Sum: 0, Workers: 6
[32.769s][debug  ][gc,phases      ] GC(120)     Total                          Min: 0, Avg:  0.0, Max: 0, Diff: 0, Sum: 0, Workers: 6
[32.769s][debug  ][gc,phases      ] GC(120)   StringDedup Table Weak         Min:  0.0, Avg:  0.0, Max:  0.0, Diff:  0.0, Sum:  0.0, Workers: 6
[32.769s][debug  ][gc,phases      ] GC(120)     Dead                           Min: 0, Avg:  0.0, Max: 0, Diff: 0, Sum: 0, Workers: 6
[32.769s][debug  ][gc,phases      ] GC(120)     Total                          Min: 0, Avg:  0.0, Max: 0, Diff: 0, Sum: 0, Workers: 6
[32.769s][debug  ][gc,phases      ] GC(120)   StringDedup Requests0 Weak     Min:  0.0, Avg:  0.0, Max:  0.0, Diff:  0.0, Sum:  0.0, Workers: 6
[32.769s][debug  ][gc,phases      ] GC(120)     Dead                           Min: 0, Avg:  0.0, Max: 0, Diff: 0, Sum: 0, Workers: 6
[32.769s][debug  ][gc,phases      ] GC(120)     Total                          Min: 0, Avg:  0.0, Max: 0, Diff: 0, Sum: 0, Workers: 6
[32.769s][debug  ][gc,phases      ] GC(120)   StringDedup Requests1 Weak     Min:  0.0, Avg:  0.0, Max:  0.0, Diff:  0.0, Sum:  0.0, Workers: 6
[32.769s][debug  ][gc,phases      ] GC(120)     Dead                           Min: 0, Avg:  0.0, Max: 0, Diff: 0, Sum: 0, Workers: 6
[32.769s][debug  ][gc,phases      ] GC(120)     Total                          Min: 0, Avg:  0.0, Max: 0, Diff: 0, Sum: 0, Workers: 6
[32.769s][debug  ][gc,phases      ] GC(120)   Weak JFR Old Object Samples    Min:  0.0, Avg:  0.0, Max:  0.0, Diff:  0.0, Sum:  0.0, Workers: 6
[32.769s][debug  ][gc,phases      ] GC(120)     Dead                           Min: 0, Avg:  0.0, Max: 0, Diff: 0, Sum: 0, Workers: 6
[32.769s][debug  ][gc,phases      ] GC(120)     Total                          Min: 0, Avg:  0.0, Max: 0, Diff: 0, Sum: 0, Workers: 6
[32.769s][debug  ][gc,phases      ] GC(120) Weak Processing 2.207ms
[32.769s][debug  ][gc,ergo        ] GC(120) AdaptiveSizeStart:  collection: 121 
[32.769s][debug  ][gc,ergo        ] GC(120) avg_survived_padded_avg: 33648080.000000
[32.769s][debug  ][gc,ergo        ] GC(120) avg_promoted_padded_avg: 266586624.000000  avg_pretenured_padded_avg: 0.000000  tenuring_thresh: 15  target_size: 34078720
[32.769s][debug  ][gc,age         ] GC(120) Desired survivor size 34078720 bytes, new threshold 15 (max threshold 15)
[32.769s][debug  ][gc,ergo        ] GC(120) PSAdaptiveSizePolicy::compute_eden_space_size limits: desired_eden_size: 219398097 old_eden_size: 199753728 eden_limit: 200278016 cur_eden: 200278016 max_eden_size: 200278016 avg_young_live: 27447178
[32.769s][debug  ][gc,ergo        ] GC(120) PSAdaptiveSizePolicy::compute_eden_space_size: costs minor_time: 0.050050 major_cost: 0.055626 mutator_cost: 0.894324 throughput_goal: 0.990000
[32.769s][debug  ][gc,ergo        ] GC(120) Live_space: 1059885824 free_space: 1426587648
[32.769s][debug  ][gc,ergo        ] GC(120) Old eden_size: 199753728 desired_eden_size: 200278016
[32.770s][debug  ][gc,ergo        ] GC(120) AdaptiveSizeStop: collection: 121 
[32.770s][info   ][gc,heap        ] GC(120) PSYoungGen: 218850K(228864K)->30720K(228864K) Eden: 188130K(195584K)->0K(195584K) From: 30720K(33280K)->30720K(33280K)
[32.770s][info   ][gc,heap        ] GC(120) ParOldGen: 1250917K(1835008K)->1435237K(1835008K)
[32.770s][info   ][gc,metaspace   ] GC(120) Metaspace: 1022K(1216K)->1022K(1216K) NonClass: 938K(1024K)->938K(1024K) Class: 83K(192K)->83K(192K)
[32.770s][info   ][gc             ] GC(120) Pause Young (Allocation Failure) 1435M->1431M(2015M) 18.399ms
[32.770s][info   ][gc,cpu         ] GC(120) User=0.16s Sys=0.00s Real=0.02s
[32.770s][debug  ][gc,heap        ] GC(120) Heap after GC invocations=121 (full 19):
[32.770s][debug  ][gc,heap        ] GC(120)  PSYoungGen      total 228864K, used 30720K [0x00000000f0000000, 0x0000000100000000, 0x0000000100000000)
[32.770s][debug  ][gc,heap        ] GC(120)   eden space 195584K, 0% used [0x00000000f0000000,0x00000000f0000000,0x00000000fbf00000)
[32.770s][debug  ][gc,heap        ] GC(120)   from space 33280K, 92% used [0x00000000fbf00000,0x00000000fdd00030,0x00000000fdf80000)
[32.770s][debug  ][gc,heap        ] GC(120)   to   space 33280K, 0% used [0x00000000fdf80000,0x00000000fdf80000,0x0000000100000000)
[32.770s][debug  ][gc,heap        ] GC(120)  ParOldGen       total 1835008K, used 1435237K [0x0000000080000000, 0x00000000f0000000, 0x00000000f0000000)
[32.770s][debug  ][gc,heap        ] GC(120)   object space 1835008K, 78% used [0x0000000080000000,0x00000000d7999548,0x00000000f0000000)
[32.770s][debug  ][gc,heap        ] GC(120)  Metaspace       used 1022K, committed 1216K, reserved 1056768K
[32.770s][debug  ][gc,heap        ] GC(120)   class space    used 83K, committed 192K, reserved 1048576K
[32.770s][debug  ][gc,task,time   ] GC(120) VM-Thread 327509165 327663295 327699017
[33.050s][debug  ][gc,heap        ] GC(121) Heap before GC invocations=122 (full 19):
[33.050s][debug  ][gc,heap        ] GC(121)  PSYoungGen      total 228864K, used 218858K [0x00000000f0000000, 0x0000000100000000, 0x0000000100000000)
[33.050s][debug  ][gc,heap        ] GC(121)   eden space 195584K, 96% used [0x00000000f0000000,0x00000000fb7ba960,0x00000000fbf00000)
[33.050s][debug  ][gc,heap        ] GC(121)   from space 33280K, 92% used [0x00000000fbf00000,0x00000000fdd00030,0x00000000fdf80000)
[33.051s][debug  ][gc,heap        ] GC(121)   to   space 33280K, 0% used [0x00000000fdf80000,0x00000000fdf80000,0x0000000100000000)
[33.051s][debug  ][gc,heap        ] GC(121)  ParOldGen       total 1835008K, used 1435237K [0x0000000080000000, 0x00000000f0000000, 0x00000000f0000000)
[33.051s][debug  ][gc,heap        ] GC(121)   object space 1835008K, 78% used [0x0000000080000000,0x00000000d7999548,0x00000000f0000000)
[33.051s][debug  ][gc,heap        ] GC(121)  Metaspace       used 1022K, committed 1216K, reserved 1056768K
[33.051s][debug  ][gc,heap        ] GC(121)   class space    used 83K, committed 192K, reserved 1048576K
[33.051s][debug  ][gc,tlab        ] GC(121) TLAB totals: thrds: 1  refills: 1 max: 1 slow allocs: 17 max 17 waste: 27.2% gc: 3909696B max: 3909696B slow: 0B max: 0B
[33.051s][info   ][gc,start       ] GC(121) Pause Young (Allocation Failure)
[33.051s][debug  ][gc,phases,start] GC(121) Scavenge
[33.066s][debug  ][gc,phases      ] GC(121) Scavenge 15.329ms
[33.066s][debug  ][gc,phases,start] GC(121) Reference Processing
[33.066s][debug  ][gc,ref         ] GC(121) Skipped phase 1 of Reference Processing: no references
[33.066s][debug  ][gc,ref         ] GC(121) Skipped phase 2 of Reference Processing: no references
[33.066s][debug  ][gc,ref         ] GC(121) Skipped phase 3 of Reference Processing: no references
[33.066s][debug  ][gc,ref         ] GC(121) Skipped phase 4 of Reference Processing: no references
[33.066s][debug  ][gc,phases,ref  ] GC(121) Reference Processing: 0.1ms
[33.066s][debug  ][gc,phases,ref  ] GC(121)   Reconsider SoftReferences: 0.0ms
[33.066s][debug  ][gc,phases,ref  ] GC(121)     SoftRef (ms):                  skipped
[33.066s][debug  ][gc,phases,ref  ] GC(121)   Notify Soft/WeakReferences: 0.0ms
[33.066s][debug  ][gc,phases,ref  ] GC(121)     SoftRef (ms):                  skipped
[33.066s][debug  ][gc,phases,ref  ] GC(121)     WeakRef (ms):                  skipped
[33.066s][debug  ][gc,phases,ref  ] GC(121)     FinalRef (ms):                 skipped
[33.066s][debug  ][gc,phases,ref  ] GC(121)     Total (ms):                    skipped
[33.067s][debug  ][gc,phases,ref  ] GC(121)   Notify and keep alive finalizable: 0.0ms
[33.067s][debug  ][gc,phases,ref  ] GC(121)     FinalRef (ms):                 skipped
[33.067s][debug  ][gc,phases,ref  ] GC(121)   Notify PhantomReferences: 0.0ms
[33.067s][debug  ][gc,phases,ref  ] GC(121)     PhantomRef (ms):               skipped
[33.067s][debug  ][gc,phases,ref  ] GC(121)   SoftReference:
[33.067s][debug  ][gc,phases,ref  ] GC(121)     Discovered: 0
[33.067s][debug  ][gc,phases,ref  ] GC(121)     Cleared: 0
[33.067s][debug  ][gc,phases,ref  ] GC(121)   WeakReference:
[33.067s][debug  ][gc,phases,ref  ] GC(121)     Discovered: 0
[33.067s][debug  ][gc,phases,ref  ] GC(121)     Cleared: 0
[33.067s][debug  ][gc,phases,ref  ] GC(121)   FinalReference:
[33.067s][debug  ][gc,phases,ref  ] GC(121)     Discovered: 0
[33.067s][debug  ][gc,phases,ref  ] GC(121)     Cleared: 0
[33.067s][debug  ][gc,phases,ref  ] GC(121)   PhantomReference:
[33.067s][debug  ][gc,phases,ref  ] GC(121)     Discovered: 0
[33.067s][debug  ][gc,phases,ref  ] GC(121)     Cleared: 0
[33.067s][debug  ][gc,phases      ] GC(121) Reference Processing 0.711ms
[33.067s][debug  ][gc,phases,start] GC(121) Weak Processing
[33.067s][debug  ][gc,phases      ] GC(121)   VM Weak                        Min:  0.0, Avg:  0.0, Max:  0.0, Diff:  0.0, Sum:  0.0, Workers: 6
[33.067s][debug  ][gc,phases      ] GC(121)     Dead                           Min: 0, Avg:  0.0, Max: 0, Diff: 0, Sum: 0, Workers: 6
[33.067s][debug  ][gc,phases      ] GC(121)     Total                          Min: 0, Avg:  1.3, Max: 8, Diff: 8, Sum: 8, Workers: 6
[33.067s][debug  ][gc,phases      ] GC(121)   ObjectSynchronizer Weak        Min:  0.0, Avg:  0.0, Max:  0.0, Diff:  0.0, Sum:  0.0, Workers: 6
[33.067s][debug  ][gc,phases      ] GC(121)     Dead                           Min: 0, Avg:  0.0, Max: 0, Diff: 0, Sum: 0, Workers: 6
[33.067s][debug  ][gc,phases      ] GC(121)     Total                          Min: 0, Avg:  0.5, Max: 3, Diff: 3, Sum: 3, Workers: 6
[33.067s][debug  ][gc,phases      ] GC(121)   JVMTI Tag Weak OopStorage      Min:  0.0, Avg:  0.0, Max:  0.0, Diff:  0.0, Sum:  0.0, Workers: 6
[33.067s][debug  ][gc,phases      ] GC(121)     Dead                           Min: 0, Avg:  0.0, Max: 0, Diff: 0, Sum: 0, Workers: 6
[33.067s][debug  ][gc,phases      ] GC(121)     Total                          Min: 0, Avg:  0.0, Max: 0, Diff: 0, Sum: 0, Workers: 6
[33.067s][debug  ][gc,phases      ] GC(121)   StringTable Weak               Min:  0.0, Avg:  0.0, Max:  0.0, Diff:  0.0, Sum:  0.0, Workers: 6
[33.067s][debug  ][gc,phases      ] GC(121)     Dead                           Min: 0, Avg:  0.0, Max: 0, Diff: 0, Sum: 0, Workers: 6
[33.067s][debug  ][gc,phases      ] GC(121)     Total                          Min: 768, Avg: 892.8, Max: 1070, Diff: 302, Sum: 5357, Workers: 6
[33.067s][debug  ][gc,phases      ] GC(121)   ResolvedMethodTable Weak       Min:  0.0, Avg:  0.0, Max:  0.0, Diff:  0.0, Sum:  0.0, Workers: 6
[33.067s][debug  ][gc,phases      ] GC(121)     Dead                           Min: 0, Avg:  0.0, Max: 0, Diff: 0, Sum: 0, Workers: 6
[33.067s][debug  ][gc,phases      ] GC(121)     Total                          Min: 0, Avg: 21.7, Max: 128, Diff: 128, Sum: 130, Workers: 6
[33.067s][debug  ][gc,phases      ] GC(121)   JNI Weak                       Min:  0.0, Avg:  0.0, Max:  0.0, Diff:  0.0, Sum:  0.0, Workers: 6
[33.067s][debug  ][gc,phases      ] GC(121)     Dead                           Min: 0, Avg:  0.0, Max: 0, Diff: 0, Sum: 0, Workers: 6
[33.067s][debug  ][gc,phases      ] GC(121)     Total                          Min: 0, Avg:  0.0, Max: 0, Diff: 0, Sum: 0, Workers: 6
[33.067s][debug  ][gc,phases      ] GC(121)   StringDedup Table Weak         Min:  0.0, Avg:  0.0, Max:  0.0, Diff:  0.0, Sum:  0.0, Workers: 6
[33.067s][debug  ][gc,phases      ] GC(121)     Dead                           Min: 0, Avg:  0.0, Max: 0, Diff: 0, Sum: 0, Workers: 6
[33.067s][debug  ][gc,phases      ] GC(121)     Total                          Min: 0, Avg:  0.0, Max: 0, Diff: 0, Sum: 0, Workers: 6
[33.067s][debug  ][gc,phases      ] GC(121)   StringDedup Requests0 Weak     Min:  0.0, Avg:  0.0, Max:  0.0, Diff:  0.0, Sum:  0.0, Workers: 6
[33.068s][debug  ][gc,phases      ] GC(121)     Dead                           Min: 0, Avg:  0.0, Max: 0, Diff: 0, Sum: 0, Workers: 6
[33.068s][debug  ][gc,phases      ] GC(121)     Total                          Min: 0, Avg:  0.0, Max: 0, Diff: 0, Sum: 0, Workers: 6
[33.068s][debug  ][gc,phases      ] GC(121)   StringDedup Requests1 Weak     Min:  0.0, Avg:  0.0, Max:  0.0, Diff:  0.0, Sum:  0.0, Workers: 6
[33.068s][debug  ][gc,phases      ] GC(121)     Dead                           Min: 0, Avg:  0.0, Max: 0, Diff: 0, Sum: 0, Workers: 6
[33.068s][debug  ][gc,phases      ] GC(121)     Total                          Min: 0, Avg:  0.0, Max: 0, Diff: 0, Sum: 0, Workers: 6
[33.068s][debug  ][gc,phases      ] GC(121)   Weak JFR Old Object Samples    Min:  0.0, Avg:  0.0, Max:  0.0, Diff:  0.0, Sum:  0.0, Workers: 6
[33.068s][debug  ][gc,phases      ] GC(121)     Dead                           Min: 0, Avg:  0.0, Max: 0, Diff: 0, Sum: 0, Workers: 6
[33.068s][debug  ][gc,phases      ] GC(121)     Total                          Min: 0, Avg:  0.0, Max: 0, Diff: 0, Sum: 0, Workers: 6
[33.068s][debug  ][gc,phases      ] GC(121) Weak Processing 0.747ms
[33.068s][debug  ][gc,ergo        ] GC(121) AdaptiveSizeStart:  collection: 122 
[33.068s][debug  ][gc,ergo        ] GC(121) avg_survived_padded_avg: 33489610.000000
[33.068s][debug  ][gc,ergo        ] GC(121) avg_promoted_padded_avg: 266223776.000000  avg_pretenured_padded_avg: 0.000000  tenuring_thresh: 15  target_size: 33554432
[33.068s][debug  ][gc,age         ] GC(121) Desired survivor size 33554432 bytes, new threshold 15 (max threshold 15)
[33.068s][debug  ][gc,ergo        ] GC(121) PSAdaptiveSizePolicy::compute_eden_space_size limits: desired_eden_size: 219725465 old_eden_size: 200278016 eden_limit: 200278016 cur_eden: 200278016 max_eden_size: 200278016 avg_young_live: 27848194
[33.068s][debug  ][gc,ergo        ] GC(121) PSAdaptiveSizePolicy::compute_eden_space_size: costs minor_time: 0.051704 major_cost: 0.055626 mutator_cost: 0.892671 throughput_goal: 0.990000
[33.068s][debug  ][gc,ergo        ] GC(121) Live_space: 1060286848 free_space: 1427111936
[33.068s][debug  ][gc,ergo        ] GC(121) Old eden_size: 200278016 desired_eden_size: 200278016
[33.068s][debug  ][gc,ergo        ] GC(121) AdaptiveSizeStop: collection: 122 
[33.068s][info   ][gc,heap        ] GC(121) PSYoungGen: 218858K(228864K)->30720K(229376K) Eden: 188138K(195584K)->0K(196096K) From: 30720K(33280K)->30720K(33280K)
[33.068s][info   ][gc,heap        ] GC(121) ParOldGen: 1435237K(1835008K)->1619557K(1835008K)
[33.068s][info   ][gc,metaspace   ] GC(121) Metaspace: 1022K(1216K)->1022K(1216K) NonClass: 938K(1024K)->938K(1024K) Class: 83K(192K)->83K(192K)
[33.068s][info   ][gc             ] GC(121) Pause Young (Allocation Failure) 1615M->1611M(2016M) 17.281ms
[33.068s][info   ][gc,cpu         ] GC(121) User=0.16s Sys=0.00s Real=0.02s
[33.068s][debug  ][gc,heap        ] GC(121) Heap after GC invocations=122 (full 19):
[33.068s][debug  ][gc,heap        ] GC(121)  PSYoungGen      total 229376K, used 30720K [0x00000000f0000000, 0x0000000100000000, 0x0000000100000000)
[33.068s][debug  ][gc,heap        ] GC(121)   eden space 196096K, 0% used [0x00000000f0000000,0x00000000f0000000,0x00000000fbf80000)
[33.068s][debug  ][gc,heap        ] GC(121)   from space 33280K, 92% used [0x00000000fdf80000,0x00000000ffd80030,0x0000000100000000)
[33.068s][debug  ][gc,heap        ] GC(121)   to   space 32768K, 0% used [0x00000000fbf80000,0x00000000fbf80000,0x00000000fdf80000)
[33.068s][debug  ][gc,heap        ] GC(121)  ParOldGen       total 1835008K, used 1619557K [0x0000000080000000, 0x00000000f0000000, 0x00000000f0000000)
[33.068s][debug  ][gc,heap        ] GC(121)   object space 1835008K, 88% used [0x0000000080000000,0x00000000e2d99668,0x00000000f0000000)
[33.068s][debug  ][gc,heap        ] GC(121)  Metaspace       used 1022K, committed 1216K, reserved 1056768K
[33.068s][debug  ][gc,heap        ] GC(121)   class space    used 83K, committed 192K, reserved 1048576K
[33.068s][debug  ][gc,task,time   ] GC(121) VM-Thread 330502547 330662024 330682802
[33.068s][debug  ][gc,phases,start] GC(122) Pre Compact
[33.068s][debug  ][gc,heap        ] GC(122) Heap before GC invocations=123 (full 20):
[33.068s][debug  ][gc,heap        ] GC(122)  PSYoungGen      total 229376K, used 30720K [0x00000000f0000000, 0x0000000100000000, 0x0000000100000000)
[33.068s][debug  ][gc,heap        ] GC(122)   eden space 196096K, 0% used [0x00000000f0000000,0x00000000f0000000,0x00000000fbf80000)
[33.068s][debug  ][gc,heap        ] GC(122)   from space 33280K, 92% used [0x00000000fdf80000,0x00000000ffd80030,0x0000000100000000)
[33.068s][debug  ][gc,heap        ] GC(122)   to   space 32768K, 0% used [0x00000000fbf80000,0x00000000fbf80000,0x00000000fdf80000)
[33.068s][debug  ][gc,heap        ] GC(122)  ParOldGen       total 1835008K, used 1619557K [0x0000000080000000, 0x00000000f0000000, 0x00000000f0000000)
[33.068s][debug  ][gc,heap        ] GC(122)   object space 1835008K, 88% used [0x0000000080000000,0x00000000e2d99668,0x00000000f0000000)
[33.068s][debug  ][gc,heap        ] GC(122)  Metaspace       used 1022K, committed 1216K, reserved 1056768K
[33.068s][debug  ][gc,heap        ] GC(122)   class space    used 83K, committed 192K, reserved 1048576K
[33.069s][debug  ][gc,phases      ] GC(122) Pre Compact 0.201ms
[33.069s][info   ][gc,start       ] GC(122) Pause Full (Ergonomics)
[33.069s][info   ][gc,phases,start] GC(122) Marking Phase
[33.069s][debug  ][gc,phases,start] GC(122) Par Mark
[33.069s][debug  ][gc,phases      ] GC(122) Par Mark 0.523ms
[33.069s][debug  ][gc,phases,start] GC(122) Reference Processing
[33.069s][debug  ][gc,ref         ] GC(122) Skipped phase 1 of Reference Processing: no references
[33.069s][debug  ][gc,ref         ] GC(122) ReferenceProcessor::execute queues: 1, RefProcThreadModel::Single, marks_oops_alive: false
[33.069s][debug  ][gc,ref         ] GC(122) Skipped phase 3 of Reference Processing: no references
[33.069s][debug  ][gc,ref         ] GC(122) ReferenceProcessor::execute queues: 1, RefProcThreadModel::Single, marks_oops_alive: false
[33.069s][debug  ][gc,phases,ref  ] GC(122) Reference Processing: 0.1ms
[33.069s][debug  ][gc,phases,ref  ] GC(122)   Reconsider SoftReferences: 0.0ms
[33.069s][debug  ][gc,phases,ref  ] GC(122)     SoftRef (ms):                  skipped
[33.069s][debug  ][gc,phases,ref  ] GC(122)   Notify Soft/WeakReferences: 0.0ms
[33.069s][debug  ][gc,phases,ref  ] GC(122)     SoftRef (ms):                  Min:  0.0, Avg:  0.0, Max:  0.0, Diff:  0.0, Sum:  0.0, Workers: 10
[33.069s][debug  ][gc,phases,ref  ] GC(122)     WeakRef (ms):                  Min:  0.0, Avg:  0.0, Max:  0.0, Diff:  0.0, Sum:  0.0, Workers: 10
[33.069s][debug  ][gc,phases,ref  ] GC(122)     FinalRef (ms):                 Min:  0.0, Avg:  0.0, Max:  0.0, Diff:  0.0, Sum:  0.0, Workers: 10
[33.069s][debug  ][gc,phases,ref  ] GC(122)     Total (ms):                    Min:  0.0, Avg:  0.0, Max:  0.0, Diff:  0.0, Sum:  0.0, Workers: 10
[33.070s][debug  ][gc,phases,ref  ] GC(122)   Notify and keep alive finalizable: 0.0ms
[33.070s][debug  ][gc,phases,ref  ] GC(122)     FinalRef (ms):                 skipped
[33.070s][debug  ][gc,phases,ref  ] GC(122)   Notify PhantomReferences: 0.0ms
[33.070s][debug  ][gc,phases,ref  ] GC(122)     PhantomRef (ms):               Min:  0.0, Avg:  0.0, Max:  0.0, Diff:  0.0, Sum:  0.0, Workers: 10
[33.070s][debug  ][gc,phases,ref  ] GC(122)   SoftReference:
[33.070s][debug  ][gc,phases,ref  ] GC(122)     Discovered: 0
[33.070s][debug  ][gc,phases,ref  ] GC(122)     Cleared: 0
[33.070s][debug  ][gc,phases,ref  ] GC(122)   WeakReference:
[33.070s][debug  ][gc,phases,ref  ] GC(122)     Discovered: 59
[33.070s][debug  ][gc,phases,ref  ] GC(122)     Cleared: 59
[33.070s][debug  ][gc,phases,ref  ] GC(122)   FinalReference:
[33.070s][debug  ][gc,phases,ref  ] GC(122)     Discovered: 0
[33.070s][debug  ][gc,phases,ref  ] GC(122)     Cleared: 0
[33.070s][debug  ][gc,phases,ref  ] GC(122)   PhantomReference:
[33.070s][debug  ][gc,phases,ref  ] GC(122)     Discovered: 3
[33.070s][debug  ][gc,phases,ref  ] GC(122)     Cleared: 3
[33.070s][debug  ][gc,phases      ] GC(122) Reference Processing 0.719ms
[33.070s][debug  ][gc,phases,start] GC(122) Weak Processing
[33.070s][debug  ][gc,phases      ] GC(122)   VM Weak                        Min:  0.0, Avg:  0.0, Max:  0.0, Diff:  0.0, Sum:  0.0, Workers: 6
[33.070s][debug  ][gc,phases      ] GC(122)     Dead                           Min: 0, Avg:  0.0, Max: 0, Diff: 0, Sum: 0, Workers: 6
[33.070s][debug  ][gc,phases      ] GC(122)     Total                          Min: 0, Avg:  1.3, Max: 8, Diff: 8, Sum: 8, Workers: 6
[33.070s][debug  ][gc,phases      ] GC(122)   ObjectSynchronizer Weak        Min:  0.0, Avg:  0.0, Max:  0.0, Diff:  0.0, Sum:  0.0, Workers: 6
[33.070s][debug  ][gc,phases      ] GC(122)     Dead                           Min: 0, Avg:  0.0, Max: 0, Diff: 0, Sum: 0, Workers: 6
[33.070s][debug  ][gc,phases      ] GC(122)     Total                          Min: 0, Avg:  0.5, Max: 3, Diff: 3, Sum: 3, Workers: 6
[33.070s][debug  ][gc,phases      ] GC(122)   JVMTI Tag Weak OopStorage      Min:  0.0, Avg:  0.0, Max:  0.0, Diff:  0.0, Sum:  0.0, Workers: 6
[33.070s][debug  ][gc,phases      ] GC(122)     Dead                           Min: 0, Avg:  0.0, Max: 0, Diff: 0, Sum: 0, Workers: 6
[33.070s][debug  ][gc,phases      ] GC(122)     Total                          Min: 0, Avg:  0.0, Max: 0, Diff: 0, Sum: 0, Workers: 6
[33.070s][debug  ][gc,phases      ] GC(122)   StringTable Weak               Min:  0.0, Avg:  0.0, Max:  0.0, Diff:  0.0, Sum:  0.0, Workers: 6
[33.070s][debug  ][gc,phases      ] GC(122)     Dead                           Min: 0, Avg:  0.0, Max: 0, Diff: 0, Sum: 0, Workers: 6
[33.070s][debug  ][gc,phases      ] GC(122)     Total                          Min: 703, Avg: 892.8, Max: 1280, Diff: 577, Sum: 5357, Workers: 6
[33.070s][debug  ][gc,phases      ] GC(122)   ResolvedMethodTable Weak       Min:  0.0, Avg:  0.0, Max:  0.0, Diff:  0.0, Sum:  0.0, Workers: 6
[33.070s][debug  ][gc,phases      ] GC(122)     Dead                           Min: 0, Avg:  0.0, Max: 0, Diff: 0, Sum: 0, Workers: 6
[33.070s][debug  ][gc,phases      ] GC(122)     Total                          Min: 0, Avg: 21.7, Max: 64, Diff: 64, Sum: 130, Workers: 6
[33.070s][debug  ][gc,phases      ] GC(122)   JNI Weak                       Min:  0.0, Avg:  0.0, Max:  0.0, Diff:  0.0, Sum:  0.0, Workers: 6
[33.070s][debug  ][gc,phases      ] GC(122)     Dead                           Min: 0, Avg:  0.0, Max: 0, Diff: 0, Sum: 0, Workers: 6
[33.070s][debug  ][gc,phases      ] GC(122)     Total                          Min: 0, Avg:  0.0, Max: 0, Diff: 0, Sum: 0, Workers: 6
[33.070s][debug  ][gc,phases      ] GC(122)   StringDedup Table Weak         Min:  0.0, Avg:  0.0, Max:  0.0, Diff:  0.0, Sum:  0.0, Workers: 6
[33.070s][debug  ][gc,phases      ] GC(122)     Dead                           Min: 0, Avg:  0.0, Max: 0, Diff: 0, Sum: 0, Workers: 6
[33.070s][debug  ][gc,phases      ] GC(122)     Total                          Min: 0, Avg:  0.0, Max: 0, Diff: 0, Sum: 0, Workers: 6
[33.070s][debug  ][gc,phases      ] GC(122)   StringDedup Requests0 Weak     Min:  0.0, Avg:  0.0, Max:  0.0, Diff:  0.0, Sum:  0.0, Workers: 6
[33.070s][debug  ][gc,phases      ] GC(122)     Dead                           Min: 0, Avg:  0.0, Max: 0, Diff: 0, Sum: 0, Workers: 6
[33.070s][debug  ][gc,phases      ] GC(122)     Total                          Min: 0, Avg:  0.0, Max: 0, Diff: 0, Sum: 0, Workers: 6
[33.070s][debug  ][gc,phases      ] GC(122)   StringDedup Requests1 Weak     Min:  0.0, Avg:  0.0, Max:  0.0, Diff:  0.0, Sum:  0.0, Workers: 6
[33.070s][debug  ][gc,phases      ] GC(122)     Dead                           Min: 0, Avg:  0.0, Max: 0, Diff: 0, Sum: 0, Workers: 6
[33.071s][debug  ][gc,phases      ] GC(122)     Total                          Min: 0, Avg:  0.0, Max: 0, Diff: 0, Sum: 0, Workers: 6
[33.071s][debug  ][gc,phases      ] GC(122)   Weak JFR Old Object Samples    Min:  0.0, Avg:  0.0, Max:  0.0, Diff:  0.0, Sum:  0.0, Workers: 6
[33.071s][debug  ][gc,phases      ] GC(122)     Dead                           Min: 0, Avg:  0.0, Max: 0, Diff: 0, Sum: 0, Workers: 6
[33.071s][debug  ][gc,phases      ] GC(122)     Total                          Min: 0, Avg:  0.0, Max: 0, Diff: 0, Sum: 0, Workers: 6
[33.071s][debug  ][gc,phases      ] GC(122) Weak Processing 0.697ms
[33.071s][debug  ][gc,phases,start] GC(122) Class Unloading
[33.071s][debug  ][gc,phases,start] GC(122) ClassLoaderData
[33.071s][debug  ][gc,phases      ] GC(122) ClassLoaderData 0.019ms
[33.071s][debug  ][gc,phases,start] GC(122) Trigger cleanups
[33.071s][debug  ][gc,phases      ] GC(122) Trigger cleanups 0.019ms
[33.071s][debug  ][gc,phases      ] GC(122) Class Unloading 0.252ms
[33.071s][info   ][gc,phases      ] GC(122) Marking Phase 2.332ms
[33.071s][info   ][gc,phases,start] GC(122) Summary Phase
[33.071s][info   ][gc,phases      ] GC(122) Summary Phase 0.045ms
[33.071s][info   ][gc,phases,start] GC(122) Adjust Roots
[33.071s][info   ][gc,phases      ] GC(122) Adjust Roots 0.140ms
[33.071s][info   ][gc,phases,start] GC(122) Compaction Phase
[33.156s][info   ][gc,phases      ] GC(122) Compaction Phase 84.980ms
[33.156s][info   ][gc,phases,start] GC(122) Post Compact
[33.162s][info   ][gc,phases      ] GC(122) Post Compact 5.251ms
[33.162s][debug  ][gc,ergo        ] GC(122) AdaptiveSizeStart: collection: 123 
[33.162s][debug  ][gc,ergo        ] GC(122) PSAdaptiveSizePolicy::compute_eden_space_size limits: desired_eden_size: 220566455 old_eden_size: 200278016 eden_limit: 200802304 cur_eden: 200802304 max_eden_size: 200802304 avg_young_live: 25063376
[33.162s][debug  ][gc,ergo        ] GC(122) PSAdaptiveSizePolicy::compute_eden_space_size: costs minor_time: 0.051704 major_cost: 0.053906 mutator_cost: 0.894391 throughput_goal: 0.990000
[33.162s][debug  ][gc,ergo        ] GC(122) Live_space: 1057502016 free_space: 1427111936
[33.162s][debug  ][gc,ergo        ] GC(122) Old eden_size: 200278016 desired_eden_size: 200802304
[33.162s][debug  ][gc,ergo        ] GC(122) PSAdaptiveSizePolicy::compute_old_gen_free_space limits: desired_promo_size: 1352075732 promo_limit: 1226833920 free_in_old_gen: 1110537472 max_old_gen_size: 1879048192 avg_old_live: 768510784
[33.162s][debug  ][gc,ergo        ] GC(122) PSAdaptiveSizePolicy::compute_old_gen_free_space: costs minor_time: 0.051704 major_cost: 0.053906  mutator_cost: 0.894391 throughput_goal: 0.990000
[33.162s][debug  ][gc,ergo        ] GC(122) Live_space: 1062009600 free_space: 1427636224
[33.162s][debug  ][gc,ergo        ] GC(122) Old promo_size: 1226833920 desired_promo_size: 1226833920
[33.162s][debug  ][gc,ergo        ] GC(122) AdaptiveSizeStop: collection: 123 
[33.162s][info   ][gc,heap        ] GC(122) PSYoungGen: 30720K(229376K)->0K(228864K) Eden: 0K(196096K)->0K(196096K) From: 30720K(33280K)->0K(32768K)
[33.162s][info   ][gc,heap        ] GC(122) ParOldGen: 1619557K(1835008K)->790116K(1835008K)
[33.162s][info   ][gc,metaspace   ] GC(122) Metaspace: 1022K(1216K)->1022K(1216K) NonClass: 938K(1024K)->938K(1024K) Class: 83K(192K)->83K(192K)
[33.162s][info   ][gc             ] GC(122) Pause Full (Ergonomics) 1611M->771M(2015M) 93.478ms
[33.162s][info   ][gc,cpu         ] GC(122) User=0.91s Sys=0.00s Real=0.09s
[33.162s][debug  ][gc,heap        ] GC(122) Heap after GC invocations=123 (full 20):
[33.162s][debug  ][gc,heap        ] GC(122)  PSYoungGen      total 228864K, used 0K [0x00000000f0000000, 0x0000000100000000, 0x0000000100000000)
[33.162s][debug  ][gc,heap        ] GC(122)   eden space 196096K, 0% used [0x00000000f0000000,0x00000000f0000000,0x00000000fbf80000)
[33.162s][debug  ][gc,heap        ] GC(122)   from space 32768K, 0% used [0x00000000fbf80000,0x00000000fbf80000,0x00000000fdf80000)
[33.162s][debug  ][gc,heap        ] GC(122)   to   space 32768K, 0% used [0x00000000fe000000,0x00000000fe000000,0x0000000100000000)
[33.162s][debug  ][gc,heap        ] GC(122)  ParOldGen       total 1835008K, used 790116K [0x0000000080000000, 0x00000000f0000000, 0x00000000f0000000)
[33.162s][debug  ][gc,heap        ] GC(122)   object space 1835008K, 43% used [0x0000000080000000,0x00000000b0399158,0x00000000f0000000)
[33.162s][debug  ][gc,heap        ] GC(122)  Metaspace       used 1022K, committed 1216K, reserved 1056768K
[33.162s][debug  ][gc,heap        ] GC(122)   class space    used 83K, committed 192K, reserved 1048576K
[33.162s][debug  ][gc,task,time   ] GC(122) VM-Thread 330685586 330711819 331620707
[33.443s][debug  ][gc,heap        ] GC(123) Heap before GC invocations=124 (full 20):
[33.444s][debug  ][gc,heap        ] GC(123)  PSYoungGen      total 228864K, used 188153K [0x00000000f0000000, 0x0000000100000000, 0x0000000100000000)
[33.444s][debug  ][gc,heap        ] GC(123)   eden space 196096K, 95% used [0x00000000f0000000,0x00000000fb7be550,0x00000000fbf80000)
[33.444s][debug  ][gc,heap        ] GC(123)   from space 32768K, 0% used [0x00000000fbf80000,0x00000000fbf80000,0x00000000fdf80000)
[33.444s][debug  ][gc,heap        ] GC(123)   to   space 32768K, 0% used [0x00000000fe000000,0x00000000fe000000,0x0000000100000000)
[33.444s][debug  ][gc,heap        ] GC(123)  ParOldGen       total 1835008K, used 790116K [0x0000000080000000, 0x00000000f0000000, 0x00000000f0000000)
[33.444s][debug  ][gc,heap        ] GC(123)   object space 1835008K, 43% used [0x0000000080000000,0x00000000b0399158,0x00000000f0000000)
[33.444s][debug  ][gc,heap        ] GC(123)  Metaspace       used 1022K, committed 1216K, reserved 1056768K
[33.444s][debug  ][gc,heap        ] GC(123)   class space    used 83K, committed 192K, reserved 1048576K
[33.444s][debug  ][gc,tlab        ] GC(123) TLAB totals: thrds: 1  refills: 1 max: 1 slow allocs: 17 max 17 waste: 27.2% gc: 3925040B max: 3925040B slow: 0B max: 0B
[33.444s][info   ][gc,start       ] GC(123) Pause Young (Allocation Failure)
[33.444s][debug  ][gc,phases,start] GC(123) Scavenge
[33.457s][debug  ][gc,phases      ] GC(123) Scavenge 12.879ms
[33.457s][debug  ][gc,phases,start] GC(123) Reference Processing
[33.457s][debug  ][gc,ref         ] GC(123) Skipped phase 1 of Reference Processing: no references
[33.457s][debug  ][gc,ref         ] GC(123) Skipped phase 2 of Reference Processing: no references
[33.457s][debug  ][gc,ref         ] GC(123) Skipped phase 3 of Reference Processing: no references
[33.457s][debug  ][gc,ref         ] GC(123) Skipped phase 4 of Reference Processing: no references
[33.457s][debug  ][gc,phases,ref  ] GC(123) Reference Processing: 0.1ms
[33.457s][debug  ][gc,phases,ref  ] GC(123)   Reconsider SoftReferences: 0.0ms
[33.457s][debug  ][gc,phases,ref  ] GC(123)     SoftRef (ms):                  skipped
[33.457s][debug  ][gc,phases,ref  ] GC(123)   Notify Soft/WeakReferences: 0.0ms
[33.457s][debug  ][gc,phases,ref  ] GC(123)     SoftRef (ms):                  skipped
[33.457s][debug  ][gc,phases,ref  ] GC(123)     WeakRef (ms):                  skipped
[33.457s][debug  ][gc,phases,ref  ] GC(123)     FinalRef (ms):                 skipped
[33.457s][debug  ][gc,phases,ref  ] GC(123)     Total (ms):                    skipped
[33.457s][debug  ][gc,phases,ref  ] GC(123)   Notify and keep alive finalizable: 0.0ms
[33.457s][debug  ][gc,phases,ref  ] GC(123)     FinalRef (ms):                 skipped
[33.457s][debug  ][gc,phases,ref  ] GC(123)   Notify PhantomReferences: 0.0ms
[33.457s][debug  ][gc,phases,ref  ] GC(123)     PhantomRef (ms):               skipped
[33.457s][debug  ][gc,phases,ref  ] GC(123)   SoftReference:
[33.457s][debug  ][gc,phases,ref  ] GC(123)     Discovered: 0
[33.458s][debug  ][gc,phases,ref  ] GC(123)     Cleared: 0
[33.458s][debug  ][gc,phases,ref  ] GC(123)   WeakReference:
[33.458s][debug  ][gc,phases,ref  ] GC(123)     Discovered: 0
[33.458s][debug  ][gc,phases,ref  ] GC(123)     Cleared: 0
[33.458s][debug  ][gc,phases,ref  ] GC(123)   FinalReference:
[33.458s][debug  ][gc,phases,ref  ] GC(123)     Discovered: 0
[33.458s][debug  ][gc,phases,ref  ] GC(123)     Cleared: 0
[33.458s][debug  ][gc,phases,ref  ] GC(123)   PhantomReference:
[33.458s][debug  ][gc,phases,ref  ] GC(123)     Discovered: 0
[33.458s][debug  ][gc,phases,ref  ] GC(123)     Cleared: 0
[33.458s][debug  ][gc,phases      ] GC(123) Reference Processing 0.838ms
[33.458s][debug  ][gc,phases,start] GC(123) Weak Processing
[33.458s][debug  ][gc,phases      ] GC(123)   VM Weak                        Min:  0.0, Avg:  0.0, Max:  0.0, Diff:  0.0, Sum:  0.0, Workers: 6
[33.458s][debug  ][gc,phases      ] GC(123)     Dead                           Min: 0, Avg:  0.0, Max: 0, Diff: 0, Sum: 0, Workers: 6
[33.458s][debug  ][gc,phases      ] GC(123)     Total                          Min: 0, Avg:  1.3, Max: 8, Diff: 8, Sum: 8, Workers: 6
[33.458s][debug  ][gc,phases      ] GC(123)   ObjectSynchronizer Weak        Min:  0.0, Avg:  0.0, Max:  0.0, Diff:  0.0, Sum:  0.0, Workers: 6
[33.458s][debug  ][gc,phases      ] GC(123)     Dead                           Min: 0, Avg:  0.0, Max: 0, Diff: 0, Sum: 0, Workers: 6
[33.458s][debug  ][gc,phases      ] GC(123)     Total                          Min: 0, Avg:  0.5, Max: 3, Diff: 3, Sum: 3, Workers: 6
[33.458s][debug  ][gc,phases      ] GC(123)   JVMTI Tag Weak OopStorage      Min:  0.0, Avg:  0.0, Max:  0.0, Diff:  0.0, Sum:  0.0, Workers: 6
[33.458s][debug  ][gc,phases      ] GC(123)     Dead                           Min: 0, Avg:  0.0, Max: 0, Diff: 0, Sum: 0, Workers: 6
[33.458s][debug  ][gc,phases      ] GC(123)     Total                          Min: 0, Avg:  0.0, Max: 0, Diff: 0, Sum: 0, Workers: 6
[33.458s][debug  ][gc,phases      ] GC(123)   StringTable Weak               Min:  0.0, Avg:  0.0, Max:  0.0, Diff:  0.0, Sum:  0.0, Workers: 6
[33.458s][debug  ][gc,phases      ] GC(123)     Dead                           Min: 0, Avg:  0.0, Max: 0, Diff: 0, Sum: 0, Workers: 6
[33.458s][debug  ][gc,phases      ] GC(123)     Total                          Min: 640, Avg: 892.8, Max: 1216, Diff: 576, Sum: 5357, Workers: 6
[33.458s][debug  ][gc,phases      ] GC(123)   ResolvedMethodTable Weak       Min:  0.0, Avg:  0.0, Max:  0.0, Diff:  0.0, Sum:  0.0, Workers: 6
[33.458s][debug  ][gc,phases      ] GC(123)     Dead                           Min: 0, Avg:  0.0, Max: 0, Diff: 0, Sum: 0, Workers: 6
[33.458s][debug  ][gc,phases      ] GC(123)     Total                          Min: 0, Avg: 21.7, Max: 64, Diff: 64, Sum: 130, Workers: 6
[33.458s][debug  ][gc,phases      ] GC(123)   JNI Weak                       Min:  0.0, Avg:  0.0, Max:  0.0, Diff:  0.0, Sum:  0.0, Workers: 6
[33.458s][debug  ][gc,phases      ] GC(123)     Dead                           Min: 0, Avg:  0.0, Max: 0, Diff: 0, Sum: 0, Workers: 6
[33.458s][debug  ][gc,phases      ] GC(123)     Total                          Min: 0, Avg:  0.0, Max: 0, Diff: 0, Sum: 0, Workers: 6
[33.458s][debug  ][gc,phases      ] GC(123)   StringDedup Table Weak         Min:  0.0, Avg:  0.0, Max:  0.0, Diff:  0.0, Sum:  0.0, Workers: 6
[33.459s][debug  ][gc,phases      ] GC(123)     Dead                           Min: 0, Avg:  0.0, Max: 0, Diff: 0, Sum: 0, Workers: 6
[33.459s][debug  ][gc,phases      ] GC(123)     Total                          Min: 0, Avg:  0.0, Max: 0, Diff: 0, Sum: 0, Workers: 6
[33.459s][debug  ][gc,phases      ] GC(123)   StringDedup Requests0 Weak     Min:  0.0, Avg:  0.0, Max:  0.0, Diff:  0.0, Sum:  0.0, Workers: 6
[33.459s][debug  ][gc,phases      ] GC(123)     Dead                           Min: 0, Avg:  0.0, Max: 0, Diff: 0, Sum: 0, Workers: 6
[33.459s][debug  ][gc,phases      ] GC(123)     Total                          Min: 0, Avg:  0.0, Max: 0, Diff: 0, Sum: 0, Workers: 6
[33.459s][debug  ][gc,phases      ] GC(123)   StringDedup Requests1 Weak     Min:  0.0, Avg:  0.0, Max:  0.0, Diff:  0.0, Sum:  0.0, Workers: 6
[33.459s][debug  ][gc,phases      ] GC(123)     Dead                           Min: 0, Avg:  0.0, Max: 0, Diff: 0, Sum: 0, Workers: 6
[33.459s][debug  ][gc,phases      ] GC(123)     Total                          Min: 0, Avg:  0.0, Max: 0, Diff: 0, Sum: 0, Workers: 6
[33.459s][debug  ][gc,phases      ] GC(123)   Weak JFR Old Object Samples    Min:  0.0, Avg:  0.0, Max:  0.0, Diff:  0.0, Sum:  0.0, Workers: 6
[33.459s][debug  ][gc,phases      ] GC(123)     Dead                           Min: 0, Avg:  0.0, Max: 0, Diff: 0, Sum: 0, Workers: 6
[33.459s][debug  ][gc,phases      ] GC(123)     Total                          Min: 0, Avg:  0.0, Max: 0, Diff: 0, Sum: 0, Workers: 6
[33.459s][debug  ][gc,phases      ] GC(123) Weak Processing 1.074ms
[33.459s][debug  ][gc,ergo        ] GC(123) AdaptiveSizeStart:  collection: 124 
[33.459s][debug  ][gc,ergo        ] GC(123) avg_survived_padded_avg: 33340924.000000
[33.459s][debug  ][gc,ergo        ] GC(123) avg_promoted_padded_avg: 257144256.000000  avg_pretenured_padded_avg: 0.000000  tenuring_thresh: 15  target_size: 33554432
[33.459s][debug  ][gc,age         ] GC(123) Desired survivor size 33554432 bytes, new threshold 15 (max threshold 15)
[33.459s][debug  ][gc,ergo        ] GC(123) PSAdaptiveSizePolicy::compute_eden_space_size limits: desired_eden_size: 219884563 old_eden_size: 200802304 eden_limit: 201326592 cur_eden: 200802304 max_eden_size: 201326592 avg_young_live: 25702770
[33.459s][debug  ][gc,ergo        ] GC(123) PSAdaptiveSizePolicy::compute_eden_space_size: costs minor_time: 0.048321 major_cost: 0.053906 mutator_cost: 0.897773 throughput_goal: 0.990000
[33.459s][debug  ][gc,ergo        ] GC(123) Live_space: 1062649024 free_space: 1427636224
[33.459s][debug  ][gc,ergo        ] GC(123) Old eden_size: 200802304 desired_eden_size: 201326592
[33.459s][debug  ][gc,ergo        ] GC(123) AdaptiveSizeStop: collection: 124 
[33.459s][info   ][gc,heap        ] GC(123) PSYoungGen: 188153K(228864K)->30720K(229376K) Eden: 188153K(196096K)->0K(196608K) From: 0K(32768K)->30720K(32768K)
[33.459s][info   ][gc,heap        ] GC(123) ParOldGen: 790116K(1835008K)->943716K(1835008K)
[33.459s][info   ][gc,metaspace   ] GC(123) Metaspace: 1022K(1216K)->1022K(1216K) NonClass: 938K(1024K)->938K(1024K) Class: 83K(192K)->83K(192K)
[33.459s][info   ][gc             ] GC(123) Pause Young (Allocation Failure) 955M->951M(2016M) 15.344ms
[33.459s][info   ][gc,cpu         ] GC(123) User=0.16s Sys=0.00s Real=0.01s
[33.459s][debug  ][gc,heap        ] GC(123) Heap after GC invocations=124 (full 20):
[33.459s][debug  ][gc,heap        ] GC(123)  PSYoungGen      total 229376K, used 30720K [0x00000000f0000000, 0x0000000100000000, 0x0000000100000000)
[33.459s][debug  ][gc,heap        ] GC(123)   eden space 196608K, 0% used [0x00000000f0000000,0x00000000f0000000,0x00000000fc000000)
[33.459s][debug  ][gc,heap        ] GC(123)   from space 32768K, 93% used [0x00000000fe000000,0x00000000ffe00030,0x0000000100000000)
[33.459s][debug  ][gc,heap        ] GC(123)   to   space 32768K, 0% used [0x00000000fc000000,0x00000000fc000000,0x00000000fe000000)
[33.459s][debug  ][gc,heap        ] GC(123)  ParOldGen       total 1835008K, used 943716K [0x0000000080000000, 0x00000000f0000000, 0x00000000f0000000)
[33.459s][debug  ][gc,heap        ] GC(123)   object space 1835008K, 51% used [0x0000000080000000,0x00000000b9999248,0x00000000f0000000)
[33.460s][debug  ][gc,heap        ] GC(123)  Metaspace       used 1022K, committed 1216K, reserved 1056768K
[33.460s][debug  ][gc,heap        ] GC(123)   class space    used 83K, committed 192K, reserved 1048576K
[33.460s][debug  ][gc,task,time   ] GC(123) VM-Thread 334434729 334569490 334595707
[33.743s][debug  ][gc,heap        ] GC(124) Heap before GC invocations=125 (full 20):
[33.744s][debug  ][gc,heap        ] GC(124)  PSYoungGen      total 229376K, used 218811K [0x00000000f0000000, 0x0000000100000000, 0x0000000100000000)
[33.744s][debug  ][gc,heap        ] GC(124)   eden space 196608K, 95% used [0x00000000f0000000,0x00000000fb7aee58,0x00000000fc000000)
[33.744s][debug  ][gc,heap        ] GC(124)   from space 32768K, 93% used [0x00000000fe000000,0x00000000ffe00030,0x0000000100000000)
[33.744s][debug  ][gc,heap        ] GC(124)   to   space 32768K, 0% used [0x00000000fc000000,0x00000000fc000000,0x00000000fe000000)
[33.744s][debug  ][gc,heap        ] GC(124)  ParOldGen       total 1835008K, used 943716K [0x0000000080000000, 0x00000000f0000000, 0x00000000f0000000)
[33.744s][debug  ][gc,heap        ] GC(124)   object space 1835008K, 51% used [0x0000000080000000,0x00000000b9999248,0x00000000f0000000)
[33.744s][debug  ][gc,heap        ] GC(124)  Metaspace       used 1022K, committed 1216K, reserved 1056768K
[33.744s][debug  ][gc,heap        ] GC(124)   class space    used 83K, committed 192K, reserved 1048576K
[33.744s][debug  ][gc,tlab        ] GC(124) TLAB totals: thrds: 1  refills: 1 max: 1 slow allocs: 17 max 17 waste: 26.9% gc: 3860752B max: 3860752B slow: 0B max: 0B
[33.744s][info   ][gc,start       ] GC(124) Pause Young (Allocation Failure)
[33.744s][debug  ][gc,phases,start] GC(124) Scavenge
[33.753s][debug  ][gc,phases      ] GC(124) Scavenge 9.402ms
[33.753s][debug  ][gc,phases,start] GC(124) Reference Processing
[33.753s][debug  ][gc,ref         ] GC(124) Skipped phase 1 of Reference Processing: no references
[33.754s][debug  ][gc,ref         ] GC(124) Skipped phase 2 of Reference Processing: no references
[33.754s][debug  ][gc,ref         ] GC(124) Skipped phase 3 of Reference Processing: no references
[33.754s][debug  ][gc,ref         ] GC(124) Skipped phase 4 of Reference Processing: no references
[33.754s][debug  ][gc,phases,ref  ] GC(124) Reference Processing: 0.1ms
[33.754s][debug  ][gc,phases,ref  ] GC(124)   Reconsider SoftReferences: 0.0ms
[33.754s][debug  ][gc,phases,ref  ] GC(124)     SoftRef (ms):                  skipped
[33.754s][debug  ][gc,phases,ref  ] GC(124)   Notify Soft/WeakReferences: 0.0ms
[33.754s][debug  ][gc,phases,ref  ] GC(124)     SoftRef (ms):                  skipped
[33.754s][debug  ][gc,phases,ref  ] GC(124)     WeakRef (ms):                  skipped
[33.754s][debug  ][gc,phases,ref  ] GC(124)     FinalRef (ms):                 skipped
[33.754s][debug  ][gc,phases,ref  ] GC(124)     Total (ms):                    skipped
[33.754s][debug  ][gc,phases,ref  ] GC(124)   Notify and keep alive finalizable: 0.0ms
[33.754s][debug  ][gc,phases,ref  ] GC(124)     FinalRef (ms):                 skipped
[33.754s][debug  ][gc,phases,ref  ] GC(124)   Notify PhantomReferences: 0.0ms
[33.754s][debug  ][gc,phases,ref  ] GC(124)     PhantomRef (ms):               skipped
[33.754s][debug  ][gc,phases,ref  ] GC(124)   SoftReference:
[33.754s][debug  ][gc,phases,ref  ] GC(124)     Discovered: 0
[33.754s][debug  ][gc,phases,ref  ] GC(124)     Cleared: 0
[33.754s][debug  ][gc,phases,ref  ] GC(124)   WeakReference:
[33.754s][debug  ][gc,phases,ref  ] GC(124)     Discovered: 0
[33.754s][debug  ][gc,phases,ref  ] GC(124)     Cleared: 0
[33.754s][debug  ][gc,phases,ref  ] GC(124)   FinalReference:
[33.754s][debug  ][gc,phases,ref  ] GC(124)     Discovered: 0
[33.754s][debug  ][gc,phases,ref  ] GC(124)     Cleared: 0
[33.754s][debug  ][gc,phases,ref  ] GC(124)   PhantomReference:
[33.754s][debug  ][gc,phases,ref  ] GC(124)     Discovered: 0
[33.754s][debug  ][gc,phases,ref  ] GC(124)     Cleared: 0
[33.754s][debug  ][gc,phases      ] GC(124) Reference Processing 0.676ms
[33.754s][debug  ][gc,phases,start] GC(124) Weak Processing
[33.754s][debug  ][gc,phases      ] GC(124)   VM Weak                        Min:  0.0, Avg:  0.0, Max:  0.0, Diff:  0.0, Sum:  0.0, Workers: 6
[33.754s][debug  ][gc,phases      ] GC(124)     Dead                           Min: 0, Avg:  0.0, Max: 0, Diff: 0, Sum: 0, Workers: 6
[33.754s][debug  ][gc,phases      ] GC(124)     Total                          Min: 0, Avg:  1.3, Max: 8, Diff: 8, Sum: 8, Workers: 6
[33.754s][debug  ][gc,phases      ] GC(124)   ObjectSynchronizer Weak        Min:  0.0, Avg:  0.0, Max:  0.0, Diff:  0.0, Sum:  0.0, Workers: 6
[33.754s][debug  ][gc,phases      ] GC(124)     Dead                           Min: 0, Avg:  0.0, Max: 0, Diff: 0, Sum: 0, Workers: 6
[33.754s][debug  ][gc,phases      ] GC(124)     Total                          Min: 0, Avg:  0.5, Max: 3, Diff: 3, Sum: 3, Workers: 6
[33.754s][debug  ][gc,phases      ] GC(124)   JVMTI Tag Weak OopStorage      Min:  0.0, Avg:  0.0, Max:  0.0, Diff:  0.0, Sum:  0.0, Workers: 6
[33.754s][debug  ][gc,phases      ] GC(124)     Dead                           Min: 0, Avg:  0.0, Max: 0, Diff: 0, Sum: 0, Workers: 6
[33.754s][debug  ][gc,phases      ] GC(124)     Total                          Min: 0, Avg:  0.0, Max: 0, Diff: 0, Sum: 0, Workers: 6
[33.755s][debug  ][gc,phases      ] GC(124)   StringTable Weak               Min:  0.0, Avg:  0.0, Max:  0.0, Diff:  0.0, Sum:  0.0, Workers: 6
[33.755s][debug  ][gc,phases      ] GC(124)     Dead                           Min: 0, Avg:  0.0, Max: 0, Diff: 0, Sum: 0, Workers: 6
[33.755s][debug  ][gc,phases      ] GC(124)     Total                          Min: 704, Avg: 892.8, Max: 1152, Diff: 448, Sum: 5357, Workers: 6
[33.755s][debug  ][gc,phases      ] GC(124)   ResolvedMethodTable Weak       Min:  0.0, Avg:  0.0, Max:  0.0, Diff:  0.0, Sum:  0.0, Workers: 6
[33.755s][debug  ][gc,phases      ] GC(124)     Dead                           Min: 0, Avg:  0.0, Max: 0, Diff: 0, Sum: 0, Workers: 6
[33.755s][debug  ][gc,phases      ] GC(124)     Total                          Min: 0, Avg: 21.7, Max: 64, Diff: 64, Sum: 130, Workers: 6
[33.755s][debug  ][gc,phases      ] GC(124)   JNI Weak                       Min:  0.0, Avg:  0.0, Max:  0.0, Diff:  0.0, Sum:  0.0, Workers: 6
[33.755s][debug  ][gc,phases      ] GC(124)     Dead                           Min: 0, Avg:  0.0, Max: 0, Diff: 0, Sum: 0, Workers: 6
[33.755s][debug  ][gc,phases      ] GC(124)     Total                          Min: 0, Avg:  0.0, Max: 0, Diff: 0, Sum: 0, Workers: 6
[33.755s][debug  ][gc,phases      ] GC(124)   StringDedup Table Weak         Min:  0.0, Avg:  0.0, Max:  0.0, Diff:  0.0, Sum:  0.0, Workers: 6
[33.755s][debug  ][gc,phases      ] GC(124)     Dead                           Min: 0, Avg:  0.0, Max: 0, Diff: 0, Sum: 0, Workers: 6
[33.755s][debug  ][gc,phases      ] GC(124)     Total                          Min: 0, Avg:  0.0, Max: 0, Diff: 0, Sum: 0, Workers: 6
[33.755s][debug  ][gc,phases      ] GC(124)   StringDedup Requests0 Weak     Min:  0.0, Avg:  0.0, Max:  0.0, Diff:  0.0, Sum:  0.0, Workers: 6
[33.755s][debug  ][gc,phases      ] GC(124)     Dead                           Min: 0, Avg:  0.0, Max: 0, Diff: 0, Sum: 0, Workers: 6
[33.755s][debug  ][gc,phases      ] GC(124)     Total                          Min: 0, Avg:  0.0, Max: 0, Diff: 0, Sum: 0, Workers: 6
[33.755s][debug  ][gc,phases      ] GC(124)   StringDedup Requests1 Weak     Min:  0.0, Avg:  0.0, Max:  0.0, Diff:  0.0, Sum:  0.0, Workers: 6
[33.755s][debug  ][gc,phases      ] GC(124)     Dead                           Min: 0, Avg:  0.0, Max: 0, Diff: 0, Sum: 0, Workers: 6
[33.755s][debug  ][gc,phases      ] GC(124)     Total                          Min: 0, Avg:  0.0, Max: 0, Diff: 0, Sum: 0, Workers: 6
[33.755s][debug  ][gc,phases      ] GC(124)   Weak JFR Old Object Samples    Min:  0.0, Avg:  0.0, Max:  0.0, Diff:  0.0, Sum:  0.0, Workers: 6
[33.755s][debug  ][gc,phases      ] GC(124)     Dead                           Min: 0, Avg:  0.0, Max: 0, Diff: 0, Sum: 0, Workers: 6
[33.755s][debug  ][gc,phases      ] GC(124)     Total                          Min: 0, Avg:  0.0, Max: 0, Diff: 0, Sum: 0, Workers: 6
[33.755s][debug  ][gc,phases      ] GC(124) Weak Processing 1.015ms
[33.755s][debug  ][gc,ergo        ] GC(124) AdaptiveSizeStart:  collection: 125 
[33.755s][debug  ][gc,ergo        ] GC(124) avg_survived_padded_avg: 33201652.000000
[33.755s][debug  ][gc,ergo        ] GC(124) avg_promoted_padded_avg: 257704192.000000  avg_pretenured_padded_avg: 0.000000  tenuring_thresh: 15  target_size: 33554432
[33.755s][debug  ][gc,age         ] GC(124) Desired survivor size 33554432 bytes, new threshold 15 (max threshold 15)
[33.755s][debug  ][gc,ergo        ] GC(124) PSAdaptiveSizePolicy::compute_eden_space_size limits: desired_eden_size: 219850741 old_eden_size: 201326592 eden_limit: 201326592 cur_eden: 201326592 max_eden_size: 201326592 avg_young_live: 26278224
[33.755s][debug  ][gc,ergo        ] GC(124) PSAdaptiveSizePolicy::compute_eden_space_size: costs minor_time: 0.045709 major_cost: 0.053906 mutator_cost: 0.900385 throughput_goal: 0.990000
[33.755s][debug  ][gc,ergo        ] GC(124) Live_space: 1063224448 free_space: 1428160512
[33.755s][debug  ][gc,ergo        ] GC(124) Old eden_size: 201326592 desired_eden_size: 201326592
[33.755s][debug  ][gc,ergo        ] GC(124) AdaptiveSizeStop: collection: 125 
[33.755s][info   ][gc,heap        ] GC(124) PSYoungGen: 218811K(229376K)->30720K(229376K) Eden: 188091K(196608K)->0K(196608K) From: 30720K(32768K)->30720K(32768K)
[33.755s][info   ][gc,heap        ] GC(124) ParOldGen: 943716K(1835008K)->1046116K(1835008K)
[33.756s][info   ][gc,metaspace   ] GC(124) Metaspace: 1022K(1216K)->1022K(1216K) NonClass: 938K(1024K)->938K(1024K) Class: 83K(192K)->83K(192K)
[33.756s][info   ][gc             ] GC(124) Pause Young (Allocation Failure) 1135M->1051M(2016M) 11.653ms
[33.756s][info   ][gc,cpu         ] GC(124) User=0.16s Sys=0.00s Real=0.01s
[33.756s][debug  ][gc,heap        ] GC(124) Heap after GC invocations=125 (full 20):
[33.756s][debug  ][gc,heap        ] GC(124)  PSYoungGen      total 229376K, used 30720K [0x00000000f0000000, 0x0000000100000000, 0x0000000100000000)
[33.756s][debug  ][gc,heap        ] GC(124)   eden space 196608K, 0% used [0x00000000f0000000,0x00000000f0000000,0x00000000fc000000)
[33.756s][debug  ][gc,heap        ] GC(124)   from space 32768K, 93% used [0x00000000fc000000,0x00000000fde00030,0x00000000fe000000)
[33.756s][debug  ][gc,heap        ] GC(124)   to   space 32768K, 0% used [0x00000000fe000000,0x00000000fe000000,0x0000000100000000)
[33.756s][debug  ][gc,heap        ] GC(124)  ParOldGen       total 1835008K, used 1046116K [0x0000000080000000, 0x00000000f0000000, 0x00000000f0000000)
[33.756s][debug  ][gc,heap        ] GC(124)   object space 1835008K, 57% used [0x0000000080000000,0x00000000bfd992e8,0x00000000f0000000)
[33.756s][debug  ][gc,heap        ] GC(124)  Metaspace       used 1022K, committed 1216K, reserved 1056768K
[33.756s][debug  ][gc,heap        ] GC(124)   class space    used 83K, committed 192K, reserved 1048576K
[33.756s][debug  ][gc,task,time   ] GC(124) VM-Thread 337434528 337534445 337558691
[34.044s][debug  ][gc,heap        ] GC(125) Heap before GC invocations=126 (full 20):
[34.044s][debug  ][gc,heap        ] GC(125)  PSYoungGen      total 229376K, used 218840K [0x00000000f0000000, 0x0000000100000000, 0x0000000100000000)
[34.044s][debug  ][gc,heap        ] GC(125)   eden space 196608K, 95% used [0x00000000f0000000,0x00000000fb7b6128,0x00000000fc000000)
[34.044s][debug  ][gc,heap        ] GC(125)   from space 32768K, 93% used [0x00000000fc000000,0x00000000fde00030,0x00000000fe000000)
[34.044s][debug  ][gc,heap        ] GC(125)   to   space 32768K, 0% used [0x00000000fe000000,0x00000000fe000000,0x0000000100000000)
[34.044s][debug  ][gc,heap        ] GC(125)  ParOldGen       total 1835008K, used 1046116K [0x0000000080000000, 0x00000000f0000000, 0x00000000f0000000)
[34.044s][debug  ][gc,heap        ] GC(125)   object space 1835008K, 57% used [0x0000000080000000,0x00000000bfd992e8,0x00000000f0000000)
[34.044s][debug  ][gc,heap        ] GC(125)  Metaspace       used 1022K, committed 1216K, reserved 1056768K
[34.044s][debug  ][gc,heap        ] GC(125)   class space    used 83K, committed 192K, reserved 1048576K
[34.044s][debug  ][gc,tlab        ] GC(125) TLAB totals: thrds: 1  refills: 1 max: 1 slow allocs: 17 max 17 waste: 27.1% gc: 3891208B max: 3891208B slow: 0B max: 0B
[34.044s][info   ][gc,start       ] GC(125) Pause Young (Allocation Failure)
[34.044s][debug  ][gc,phases,start] GC(125) Scavenge
[34.059s][debug  ][gc,phases      ] GC(125) Scavenge 14.465ms
[34.059s][debug  ][gc,phases,start] GC(125) Reference Processing
[34.059s][debug  ][gc,ref         ] GC(125) Skipped phase 1 of Reference Processing: no references
[34.059s][debug  ][gc,ref         ] GC(125) Skipped phase 2 of Reference Processing: no references
[34.059s][debug  ][gc,ref         ] GC(125) Skipped phase 3 of Reference Processing: no references
[34.059s][debug  ][gc,ref         ] GC(125) Skipped phase 4 of Reference Processing: no references
[34.059s][debug  ][gc,phases,ref  ] GC(125) Reference Processing: 0.1ms
[34.059s][debug  ][gc,phases,ref  ] GC(125)   Reconsider SoftReferences: 0.0ms
[34.059s][debug  ][gc,phases,ref  ] GC(125)     SoftRef (ms):                  skipped
[34.059s][debug  ][gc,phases,ref  ] GC(125)   Notify Soft/WeakReferences: 0.0ms
[34.059s][debug  ][gc,phases,ref  ] GC(125)     SoftRef (ms):                  skipped
[34.059s][debug  ][gc,phases,ref  ] GC(125)     WeakRef (ms):                  skipped
[34.059s][debug  ][gc,phases,ref  ] GC(125)     FinalRef (ms):                 skipped
[34.059s][debug  ][gc,phases,ref  ] GC(125)     Total (ms):                    skipped
[34.059s][debug  ][gc,phases,ref  ] GC(125)   Notify and keep alive finalizable: 0.0ms
[34.059s][debug  ][gc,phases,ref  ] GC(125)     FinalRef (ms):                 skipped
[34.059s][debug  ][gc,phases,ref  ] GC(125)   Notify PhantomReferences: 0.0ms
[34.059s][debug  ][gc,phases,ref  ] GC(125)     PhantomRef (ms):               skipped
[34.059s][debug  ][gc,phases,ref  ] GC(125)   SoftReference:
[34.059s][debug  ][gc,phases,ref  ] GC(125)     Discovered: 0
[34.059s][debug  ][gc,phases,ref  ] GC(125)     Cleared: 0
[34.059s][debug  ][gc,phases,ref  ] GC(125)   WeakReference:
[34.059s][debug  ][gc,phases,ref  ] GC(125)     Discovered: 0
[34.059s][debug  ][gc,phases,ref  ] GC(125)     Cleared: 0
[34.059s][debug  ][gc,phases,ref  ] GC(125)   FinalReference:
[34.059s][debug  ][gc,phases,ref  ] GC(125)     Discovered: 0
[34.059s][debug  ][gc,phases,ref  ] GC(125)     Cleared: 0
[34.059s][debug  ][gc,phases,ref  ] GC(125)   PhantomReference:
[34.059s][debug  ][gc,phases,ref  ] GC(125)     Discovered: 0
[34.059s][debug  ][gc,phases,ref  ] GC(125)     Cleared: 0
[34.060s][debug  ][gc,phases      ] GC(125) Reference Processing 0.690ms
[34.060s][debug  ][gc,phases,start] GC(125) Weak Processing
[34.060s][debug  ][gc,phases      ] GC(125)   VM Weak                        Min:  0.0, Avg:  0.0, Max:  0.0, Diff:  0.0, Sum:  0.0, Workers: 6
[34.060s][debug  ][gc,phases      ] GC(125)     Dead                           Min: 0, Avg:  0.0, Max: 0, Diff: 0, Sum: 0, Workers: 6
[34.060s][debug  ][gc,phases      ] GC(125)     Total                          Min: 0, Avg:  1.3, Max: 8, Diff: 8, Sum: 8, Workers: 6
[34.060s][debug  ][gc,phases      ] GC(125)   ObjectSynchronizer Weak        Min:  0.0, Avg:  0.0, Max:  0.0, Diff:  0.0, Sum:  0.0, Workers: 6
[34.060s][debug  ][gc,phases      ] GC(125)     Dead                           Min: 0, Avg:  0.0, Max: 0, Diff: 0, Sum: 0, Workers: 6
[34.060s][debug  ][gc,phases      ] GC(125)     Total                          Min: 0, Avg:  0.5, Max: 3, Diff: 3, Sum: 3, Workers: 6
[34.060s][debug  ][gc,phases      ] GC(125)   JVMTI Tag Weak OopStorage      Min:  0.0, Avg:  0.0, Max:  0.0, Diff:  0.0, Sum:  0.0, Workers: 6
[34.060s][debug  ][gc,phases      ] GC(125)     Dead                           Min: 0, Avg:  0.0, Max: 0, Diff: 0, Sum: 0, Workers: 6
[34.060s][debug  ][gc,phases      ] GC(125)     Total                          Min: 0, Avg:  0.0, Max: 0, Diff: 0, Sum: 0, Workers: 6
[34.060s][debug  ][gc,phases      ] GC(125)   StringTable Weak               Min:  0.0, Avg:  0.0, Max:  0.0, Diff:  0.0, Sum:  0.0, Workers: 6
[34.060s][debug  ][gc,phases      ] GC(125)     Dead                           Min: 0, Avg:  0.0, Max: 0, Diff: 0, Sum: 0, Workers: 6
[34.060s][debug  ][gc,phases      ] GC(125)     Total                          Min: 768, Avg: 892.8, Max: 1152, Diff: 384, Sum: 5357, Workers: 6
[34.060s][debug  ][gc,phases      ] GC(125)   ResolvedMethodTable Weak       Min:  0.0, Avg:  0.0, Max:  0.0, Diff:  0.0, Sum:  0.0, Workers: 6
[34.060s][debug  ][gc,phases      ] GC(125)     Dead                           Min: 0, Avg:  0.0, Max: 0, Diff: 0, Sum: 0, Workers: 6
[34.060s][debug  ][gc,phases      ] GC(125)     Total                          Min: 0, Avg: 21.7, Max: 64, Diff: 64, Sum: 130, Workers: 6
[34.060s][debug  ][gc,phases      ] GC(125)   JNI Weak                       Min:  0.0, Avg:  0.0, Max:  0.0, Diff:  0.0, Sum:  0.0, Workers: 6
[34.060s][debug  ][gc,phases      ] GC(125)     Dead                           Min: 0, Avg:  0.0, Max: 0, Diff: 0, Sum: 0, Workers: 6
[34.060s][debug  ][gc,phases      ] GC(125)     Total                          Min: 0, Avg:  0.0, Max: 0, Diff: 0, Sum: 0, Workers: 6
[34.060s][debug  ][gc,phases      ] GC(125)   StringDedup Table Weak         Min:  0.0, Avg:  0.0, Max:  0.0, Diff:  0.0, Sum:  0.0, Workers: 6
[34.060s][debug  ][gc,phases      ] GC(125)     Dead                           Min: 0, Avg:  0.0, Max: 0, Diff: 0, Sum: 0, Workers: 6
[34.060s][debug  ][gc,phases      ] GC(125)     Total                          Min: 0, Avg:  0.0, Max: 0, Diff: 0, Sum: 0, Workers: 6
[34.060s][debug  ][gc,phases      ] GC(125)   StringDedup Requests0 Weak     Min:  0.0, Avg:  0.0, Max:  0.0, Diff:  0.0, Sum:  0.0, Workers: 6
[34.060s][debug  ][gc,phases      ] GC(125)     Dead                           Min: 0, Avg:  0.0, Max: 0, Diff: 0, Sum: 0, Workers: 6
[34.060s][debug  ][gc,phases      ] GC(125)     Total                          Min: 0, Avg:  0.0, Max: 0, Diff: 0, Sum: 0, Workers: 6
[34.060s][debug  ][gc,phases      ] GC(125)   StringDedup Requests1 Weak     Min:  0.0, Avg:  0.0, Max:  0.0, Diff:  0.0, Sum:  0.0, Workers: 6
[34.060s][debug  ][gc,phases      ] GC(125)     Dead                           Min: 0, Avg:  0.0, Max: 0, Diff: 0, Sum: 0, Workers: 6
[34.060s][debug  ][gc,phases      ] GC(125)     Total                          Min: 0, Avg:  0.0, Max: 0, Diff: 0, Sum: 0, Workers: 6
[34.060s][debug  ][gc,phases      ] GC(125)   Weak JFR Old Object Samples    Min:  0.0, Avg:  0.0, Max:  0.0, Diff:  0.0, Sum:  0.0, Workers: 6
[34.060s][debug  ][gc,phases      ] GC(125)     Dead                           Min: 0, Avg:  0.0, Max: 0, Diff: 0, Sum: 0, Workers: 6
[34.060s][debug  ][gc,phases      ] GC(125)     Total                          Min: 0, Avg:  0.0, Max: 0, Diff: 0, Sum: 0, Workers: 6
[34.060s][debug  ][gc,phases      ] GC(125) Weak Processing 0.819ms
[34.060s][debug  ][gc,ergo        ] GC(125) AdaptiveSizeStart:  collection: 126 
[34.060s][debug  ][gc,ergo        ] GC(125) avg_survived_padded_avg: 33071400.000000
[34.060s][debug  ][gc,ergo        ] GC(125) avg_promoted_padded_avg: 259247728.000000  avg_pretenured_padded_avg: 0.000000  tenuring_thresh: 15  target_size: 33554432
[34.060s][debug  ][gc,age         ] GC(125) Desired survivor size 33554432 bytes, new threshold 15 (max threshold 15)
[34.060s][debug  ][gc,ergo        ] GC(125) PSAdaptiveSizePolicy::compute_eden_space_size limits: desired_eden_size: 220230470 old_eden_size: 201326592 eden_limit: 201326592 cur_eden: 201326592 max_eden_size: 201326592 avg_young_live: 26796134
[34.060s][debug  ][gc,ergo        ] GC(125) PSAdaptiveSizePolicy::compute_eden_space_size: costs minor_time: 0.047471 major_cost: 0.053906 mutator_cost: 0.898623 throughput_goal: 0.990000
[34.060s][debug  ][gc,ergo        ] GC(125) Live_space: 1063742336 free_space: 1428160512
[34.061s][debug  ][gc,ergo        ] GC(125) Old eden_size: 201326592 desired_eden_size: 201326592
[34.061s][debug  ][gc,ergo        ] GC(125) AdaptiveSizeStop: collection: 126 
[34.061s][info   ][gc,heap        ] GC(125) PSYoungGen: 218840K(229376K)->30720K(229376K) Eden: 188120K(196608K)->0K(196608K) From: 30720K(32768K)->30720K(32768K)
[34.061s][info   ][gc,heap        ] GC(125) ParOldGen: 1046116K(1835008K)->1230437K(1835008K)
[34.061s][info   ][gc,metaspace   ] GC(125) Metaspace: 1022K(1216K)->1022K(1216K) NonClass: 938K(1024K)->938K(1024K) Class: 83K(192K)->83K(192K)
[34.061s][info   ][gc             ] GC(125) Pause Young (Allocation Failure) 1235M->1231M(2016M) 16.452ms
[34.061s][info   ][gc,cpu         ] GC(125) User=0.11s Sys=0.00s Real=0.02s
[34.061s][debug  ][gc,heap        ] GC(125) Heap after GC invocations=126 (full 20):
[34.061s][debug  ][gc,heap        ] GC(125)  PSYoungGen      total 229376K, used 30720K [0x00000000f0000000, 0x0000000100000000, 0x0000000100000000)
[34.061s][debug  ][gc,heap        ] GC(125)   eden space 196608K, 0% used [0x00000000f0000000,0x00000000f0000000,0x00000000fc000000)
[34.061s][debug  ][gc,heap        ] GC(125)   from space 32768K, 93% used [0x00000000fe000000,0x00000000ffe00030,0x0000000100000000)
[34.061s][debug  ][gc,heap        ] GC(125)   to   space 32768K, 0% used [0x00000000fc000000,0x00000000fc000000,0x00000000fe000000)
[34.061s][debug  ][gc,heap        ] GC(125)  ParOldGen       total 1835008K, used 1230437K [0x0000000080000000, 0x00000000f0000000, 0x00000000f0000000)
[34.061s][debug  ][gc,heap        ] GC(125)   object space 1835008K, 67% used [0x0000000080000000,0x00000000cb199408,0x00000000f0000000)
[34.061s][debug  ][gc,heap        ] GC(125)  Metaspace       used 1022K, committed 1216K, reserved 1056768K
[34.061s][debug  ][gc,heap        ] GC(125)   class space    used 83K, committed 192K, reserved 1048576K
[34.061s][debug  ][gc,task,time   ] GC(125) VM-Thread 340437704 340588157 340609123
[34.345s][debug  ][gc,heap        ] GC(126) Heap before GC invocations=127 (full 20):
[34.345s][debug  ][gc,heap        ] GC(126)  PSYoungGen      total 229376K, used 218858K [0x00000000f0000000, 0x0000000100000000, 0x0000000100000000)
[34.345s][debug  ][gc,heap        ] GC(126)   eden space 196608K, 95% used [0x00000000f0000000,0x00000000fb7bab00,0x00000000fc000000)
[34.345s][debug  ][gc,heap        ] GC(126)   from space 32768K, 93% used [0x00000000fe000000,0x00000000ffe00030,0x0000000100000000)
[34.345s][debug  ][gc,heap        ] GC(126)   to   space 32768K, 0% used [0x00000000fc000000,0x00000000fc000000,0x00000000fe000000)
[34.345s][debug  ][gc,heap        ] GC(126)  ParOldGen       total 1835008K, used 1230437K [0x0000000080000000, 0x00000000f0000000, 0x00000000f0000000)
[34.345s][debug  ][gc,heap        ] GC(126)   object space 1835008K, 67% used [0x0000000080000000,0x00000000cb199408,0x00000000f0000000)
[34.345s][debug  ][gc,heap        ] GC(126)  Metaspace       used 1022K, committed 1216K, reserved 1056768K
[34.345s][debug  ][gc,heap        ] GC(126)   class space    used 83K, committed 192K, reserved 1048576K
[34.345s][debug  ][gc,tlab        ] GC(126) TLAB totals: thrds: 1  refills: 1 max: 1 slow allocs: 17 max 17 waste: 27.2% gc: 3910112B max: 3910112B slow: 0B max: 0B
[34.345s][info   ][gc,start       ] GC(126) Pause Young (Allocation Failure)
[34.345s][debug  ][gc,phases,start] GC(126) Scavenge
[34.361s][debug  ][gc,phases      ] GC(126) Scavenge 15.115ms
[34.361s][debug  ][gc,phases,start] GC(126) Reference Processing
[34.361s][debug  ][gc,ref         ] GC(126) Skipped phase 1 of Reference Processing: no references
[34.361s][debug  ][gc,ref         ] GC(126) Skipped phase 2 of Reference Processing: no references
[34.361s][debug  ][gc,ref         ] GC(126) Skipped phase 3 of Reference Processing: no references
[34.361s][debug  ][gc,ref         ] GC(126) Skipped phase 4 of Reference Processing: no references
[34.361s][debug  ][gc,phases,ref  ] GC(126) Reference Processing: 0.1ms
[34.361s][debug  ][gc,phases,ref  ] GC(126)   Reconsider SoftReferences: 0.0ms
[34.361s][debug  ][gc,phases,ref  ] GC(126)     SoftRef (ms):                  skipped
[34.361s][debug  ][gc,phases,ref  ] GC(126)   Notify Soft/WeakReferences: 0.0ms
[34.361s][debug  ][gc,phases,ref  ] GC(126)     SoftRef (ms):                  skipped
[34.361s][debug  ][gc,phases,ref  ] GC(126)     WeakRef (ms):                  skipped
[34.361s][debug  ][gc,phases,ref  ] GC(126)     FinalRef (ms):                 skipped
[34.361s][debug  ][gc,phases,ref  ] GC(126)     Total (ms):                    skipped
[34.361s][debug  ][gc,phases,ref  ] GC(126)   Notify and keep alive finalizable: 0.0ms
[34.361s][debug  ][gc,phases,ref  ] GC(126)     FinalRef (ms):                 skipped
[34.361s][debug  ][gc,phases,ref  ] GC(126)   Notify PhantomReferences: 0.0ms
[34.361s][debug  ][gc,phases,ref  ] GC(126)     PhantomRef (ms):               skipped
[34.361s][debug  ][gc,phases,ref  ] GC(126)   SoftReference:
[34.361s][debug  ][gc,phases,ref  ] GC(126)     Discovered: 0
[34.361s][debug  ][gc,phases,ref  ] GC(126)     Cleared: 0
[34.361s][debug  ][gc,phases,ref  ] GC(126)   WeakReference:
[34.361s][debug  ][gc,phases,ref  ] GC(126)     Discovered: 0
[34.361s][debug  ][gc,phases,ref  ] GC(126)     Cleared: 0
[34.361s][debug  ][gc,phases,ref  ] GC(126)   FinalReference:
[34.361s][debug  ][gc,phases,ref  ] GC(126)     Discovered: 0
[34.361s][debug  ][gc,phases,ref  ] GC(126)     Cleared: 0
[34.361s][debug  ][gc,phases,ref  ] GC(126)   PhantomReference:
[34.361s][debug  ][gc,phases,ref  ] GC(126)     Discovered: 0
[34.361s][debug  ][gc,phases,ref  ] GC(126)     Cleared: 0
[34.361s][debug  ][gc,phases      ] GC(126) Reference Processing 0.729ms
[34.361s][debug  ][gc,phases,start] GC(126) Weak Processing
[34.361s][debug  ][gc,phases      ] GC(126)   VM Weak                        Min:  0.0, Avg:  0.0, Max:  0.0, Diff:  0.0, Sum:  0.0, Workers: 6
[34.362s][debug  ][gc,phases      ] GC(126)     Dead                           Min: 0, Avg:  0.0, Max: 0, Diff: 0, Sum: 0, Workers: 6
[34.362s][debug  ][gc,phases      ] GC(126)     Total                          Min: 0, Avg:  1.3, Max: 8, Diff: 8, Sum: 8, Workers: 6
[34.362s][debug  ][gc,phases      ] GC(126)   ObjectSynchronizer Weak        Min:  0.0, Avg:  0.0, Max:  0.0, Diff:  0.0, Sum:  0.0, Workers: 6
[34.362s][debug  ][gc,phases      ] GC(126)     Dead                           Min: 0, Avg:  0.0, Max: 0, Diff: 0, Sum: 0, Workers: 6
[34.362s][debug  ][gc,phases      ] GC(126)     Total                          Min: 0, Avg:  0.5, Max: 3, Diff: 3, Sum: 3, Workers: 6
[34.362s][debug  ][gc,phases      ] GC(126)   JVMTI Tag Weak OopStorage      Min:  0.0, Avg:  0.0, Max:  0.0, Diff:  0.0, Sum:  0.0, Workers: 6
[34.362s][debug  ][gc,phases      ] GC(126)     Dead                           Min: 0, Avg:  0.0, Max: 0, Diff: 0, Sum: 0, Workers: 6
[34.362s][debug  ][gc,phases      ] GC(126)     Total                          Min: 0, Avg:  0.0, Max: 0, Diff: 0, Sum: 0, Workers: 6
[34.362s][debug  ][gc,phases      ] GC(126)   StringTable Weak               Min:  0.0, Avg:  0.0, Max:  0.0, Diff:  0.0, Sum:  0.0, Workers: 6
[34.362s][debug  ][gc,phases      ] GC(126)     Dead                           Min: 0, Avg:  0.0, Max: 0, Diff: 0, Sum: 0, Workers: 6
[34.362s][debug  ][gc,phases      ] GC(126)     Total                          Min: 750, Avg: 892.8, Max: 1344, Diff: 594, Sum: 5357, Workers: 6
[34.362s][debug  ][gc,phases      ] GC(126)   ResolvedMethodTable Weak       Min:  0.0, Avg:  0.0, Max:  0.0, Diff:  0.0, Sum:  0.0, Workers: 6
[34.362s][debug  ][gc,phases      ] GC(126)     Dead                           Min: 0, Avg:  0.0, Max: 0, Diff: 0, Sum: 0, Workers: 6
[34.362s][debug  ][gc,phases      ] GC(126)     Total                          Min: 0, Avg: 21.7, Max: 64, Diff: 64, Sum: 130, Workers: 6
[34.362s][debug  ][gc,phases      ] GC(126)   JNI Weak                       Min:  0.0, Avg:  0.0, Max:  0.0, Diff:  0.0, Sum:  0.0, Workers: 6
[34.362s][debug  ][gc,phases      ] GC(126)     Dead                           Min: 0, Avg:  0.0, Max: 0, Diff: 0, Sum: 0, Workers: 6
[34.362s][debug  ][gc,phases      ] GC(126)     Total                          Min: 0, Avg:  0.0, Max: 0, Diff: 0, Sum: 0, Workers: 6
[34.362s][debug  ][gc,phases      ] GC(126)   StringDedup Table Weak         Min:  0.0, Avg:  0.0, Max:  0.0, Diff:  0.0, Sum:  0.0, Workers: 6
[34.362s][debug  ][gc,phases      ] GC(126)     Dead                           Min: 0, Avg:  0.0, Max: 0, Diff: 0, Sum: 0, Workers: 6
[34.362s][debug  ][gc,phases      ] GC(126)     Total                          Min: 0, Avg:  0.0, Max: 0, Diff: 0, Sum: 0, Workers: 6
[34.362s][debug  ][gc,phases      ] GC(126)   StringDedup Requests0 Weak     Min:  0.0, Avg:  0.0, Max:  0.0, Diff:  0.0, Sum:  0.0, Workers: 6
[34.362s][debug  ][gc,phases      ] GC(126)     Dead                           Min: 0, Avg:  0.0, Max: 0, Diff: 0, Sum: 0, Workers: 6
[34.362s][debug  ][gc,phases      ] GC(126)     Total                          Min: 0, Avg:  0.0, Max: 0, Diff: 0, Sum: 0, Workers: 6
[34.362s][debug  ][gc,phases      ] GC(126)   StringDedup Requests1 Weak     Min:  0.0, Avg:  0.0, Max:  0.0, Diff:  0.0, Sum:  0.0, Workers: 6
[34.362s][debug  ][gc,phases      ] GC(126)     Dead                           Min: 0, Avg:  0.0, Max: 0, Diff: 0, Sum: 0, Workers: 6
[34.362s][debug  ][gc,phases      ] GC(126)     Total                          Min: 0, Avg:  0.0, Max: 0, Diff: 0, Sum: 0, Workers: 6
[34.362s][debug  ][gc,phases      ] GC(126)   Weak JFR Old Object Samples    Min:  0.0, Avg:  0.0, Max:  0.0, Diff:  0.0, Sum:  0.0, Workers: 6
[34.362s][debug  ][gc,phases      ] GC(126)     Dead                           Min: 0, Avg:  0.0, Max: 0, Diff: 0, Sum: 0, Workers: 6
[34.362s][debug  ][gc,phases      ] GC(126)     Total                          Min: 0, Avg:  0.0, Max: 0, Diff: 0, Sum: 0, Workers: 6
[34.362s][debug  ][gc,phases      ] GC(126) Weak Processing 0.764ms
[34.362s][debug  ][gc,ergo        ] GC(126) AdaptiveSizeStart:  collection: 127 
[34.362s][debug  ][gc,ergo        ] GC(126) avg_survived_padded_avg: 32949754.000000
[34.362s][debug  ][gc,ergo        ] GC(126) avg_promoted_padded_avg: 259792960.000000  avg_pretenured_padded_avg: 0.000000  tenuring_thresh: 15  target_size: 33030144
[34.362s][debug  ][gc,age         ] GC(126) Desired survivor size 33030144 bytes, new threshold 15 (max threshold 15)
[34.362s][debug  ][gc,ergo        ] GC(126) PSAdaptiveSizePolicy::compute_eden_space_size limits: desired_eden_size: 220643623 old_eden_size: 201326592 eden_limit: 201326592 cur_eden: 201326592 max_eden_size: 201326592 avg_young_live: 27262252
[34.362s][debug  ][gc,ergo        ] GC(126) PSAdaptiveSizePolicy::compute_eden_space_size: costs minor_time: 0.049461 major_cost: 0.053906 mutator_cost: 0.896634 throughput_goal: 0.990000
[34.362s][debug  ][gc,ergo        ] GC(126) Live_space: 1064208512 free_space: 1428160512
[34.362s][debug  ][gc,ergo        ] GC(126) Old eden_size: 201326592 desired_eden_size: 201326592
[34.362s][debug  ][gc,ergo        ] GC(126) AdaptiveSizeStop: collection: 127 
[34.362s][info   ][gc,heap        ] GC(126) PSYoungGen: 218858K(229376K)->30720K(229376K) Eden: 188138K(196608K)->0K(196608K) From: 30720K(32768K)->30720K(32768K)
[34.362s][info   ][gc,heap        ] GC(126) ParOldGen: 1230437K(1835008K)->1414757K(1835008K)
[34.362s][info   ][gc,metaspace   ] GC(126) Metaspace: 1022K(1216K)->1022K(1216K) NonClass: 938K(1024K)->938K(1024K) Class: 83K(192K)->83K(192K)
[34.363s][info   ][gc             ] GC(126) Pause Young (Allocation Failure) 1415M->1411M(2016M) 17.099ms
[34.363s][info   ][gc,cpu         ] GC(126) User=0.16s Sys=0.00s Real=0.02s
[34.363s][debug  ][gc,heap        ] GC(126) Heap after GC invocations=127 (full 20):
[34.363s][debug  ][gc,heap        ] GC(126)  PSYoungGen      total 229376K, used 30720K [0x00000000f0000000, 0x0000000100000000, 0x0000000100000000)
[34.363s][debug  ][gc,heap        ] GC(126)   eden space 196608K, 0% used [0x00000000f0000000,0x00000000f0000000,0x00000000fc000000)
[34.363s][debug  ][gc,heap        ] GC(126)   from space 32768K, 93% used [0x00000000fc000000,0x00000000fde00030,0x00000000fe000000)
[34.363s][debug  ][gc,heap        ] GC(126)   to   space 32256K, 0% used [0x00000000fe080000,0x00000000fe080000,0x0000000100000000)
[34.363s][debug  ][gc,heap        ] GC(126)  ParOldGen       total 1835008K, used 1414757K [0x0000000080000000, 0x00000000f0000000, 0x00000000f0000000)
[34.363s][debug  ][gc,heap        ] GC(126)   object space 1835008K, 77% used [0x0000000080000000,0x00000000d6599528,0x00000000f0000000)
[34.363s][debug  ][gc,heap        ] GC(126)  Metaspace       used 1022K, committed 1216K, reserved 1056768K
[34.363s][debug  ][gc,heap        ] GC(126)   class space    used 83K, committed 192K, reserved 1048576K
[34.363s][debug  ][gc,task,time   ] GC(126) VM-Thread 343449912 343606745 343627816
[34.644s][debug  ][gc,heap        ] GC(127) Heap before GC invocations=128 (full 20):
[34.644s][debug  ][gc,heap        ] GC(127)  PSYoungGen      total 229376K, used 218870K [0x00000000f0000000, 0x0000000100000000, 0x0000000100000000)
[34.644s][debug  ][gc,heap        ] GC(127)   eden space 196608K, 95% used [0x00000000f0000000,0x00000000fb7bda70,0x00000000fc000000)
[34.644s][debug  ][gc,heap        ] GC(127)   from space 32768K, 93% used [0x00000000fc000000,0x00000000fde00030,0x00000000fe000000)
[34.644s][debug  ][gc,heap        ] GC(127)   to   space 32256K, 0% used [0x00000000fe080000,0x00000000fe080000,0x0000000100000000)
[34.644s][debug  ][gc,heap        ] GC(127)  ParOldGen       total 1835008K, used 1414757K [0x0000000080000000, 0x00000000f0000000, 0x00000000f0000000)
[34.644s][debug  ][gc,heap        ] GC(127)   object space 1835008K, 77% used [0x0000000080000000,0x00000000d6599528,0x00000000f0000000)
[34.644s][debug  ][gc,heap        ] GC(127)  Metaspace       used 1022K, committed 1216K, reserved 1056768K
[34.644s][debug  ][gc,heap        ] GC(127)   class space    used 83K, committed 192K, reserved 1048576K
[34.644s][debug  ][gc,tlab        ] GC(127) TLAB totals: thrds: 1  refills: 1 max: 1 slow allocs: 17 max 17 waste: 27.2% gc: 3922256B max: 3922256B slow: 0B max: 0B
[34.644s][info   ][gc,start       ] GC(127) Pause Young (Allocation Failure)
[34.644s][debug  ][gc,phases,start] GC(127) Scavenge
[34.660s][debug  ][gc,phases      ] GC(127) Scavenge 15.262ms
[34.660s][debug  ][gc,phases,start] GC(127) Reference Processing
[34.660s][debug  ][gc,ref         ] GC(127) Skipped phase 1 of Reference Processing: no references
[34.660s][debug  ][gc,ref         ] GC(127) Skipped phase 2 of Reference Processing: no references
[34.660s][debug  ][gc,ref         ] GC(127) Skipped phase 3 of Reference Processing: no references
[34.660s][debug  ][gc,ref         ] GC(127) Skipped phase 4 of Reference Processing: no references
[34.660s][debug  ][gc,phases,ref  ] GC(127) Reference Processing: 0.1ms
[34.660s][debug  ][gc,phases,ref  ] GC(127)   Reconsider SoftReferences: 0.0ms
[34.660s][debug  ][gc,phases,ref  ] GC(127)     SoftRef (ms):                  skipped
[34.660s][debug  ][gc,phases,ref  ] GC(127)   Notify Soft/WeakReferences: 0.0ms
[34.660s][debug  ][gc,phases,ref  ] GC(127)     SoftRef (ms):                  skipped
[34.660s][debug  ][gc,phases,ref  ] GC(127)     WeakRef (ms):                  skipped
[34.660s][debug  ][gc,phases,ref  ] GC(127)     FinalRef (ms):                 skipped
[34.660s][debug  ][gc,phases,ref  ] GC(127)     Total (ms):                    skipped
[34.660s][debug  ][gc,phases,ref  ] GC(127)   Notify and keep alive finalizable: 0.0ms
[34.660s][debug  ][gc,phases,ref  ] GC(127)     FinalRef (ms):                 skipped
[34.660s][debug  ][gc,phases,ref  ] GC(127)   Notify PhantomReferences: 0.0ms
[34.660s][debug  ][gc,phases,ref  ] GC(127)     PhantomRef (ms):               skipped
[34.660s][debug  ][gc,phases,ref  ] GC(127)   SoftReference:
[34.660s][debug  ][gc,phases,ref  ] GC(127)     Discovered: 0
[34.660s][debug  ][gc,phases,ref  ] GC(127)     Cleared: 0
[34.660s][debug  ][gc,phases,ref  ] GC(127)   WeakReference:
[34.660s][debug  ][gc,phases,ref  ] GC(127)     Discovered: 0
[34.660s][debug  ][gc,phases,ref  ] GC(127)     Cleared: 0
[34.660s][debug  ][gc,phases,ref  ] GC(127)   FinalReference:
[34.660s][debug  ][gc,phases,ref  ] GC(127)     Discovered: 0
[34.660s][debug  ][gc,phases,ref  ] GC(127)     Cleared: 0
[34.660s][debug  ][gc,phases,ref  ] GC(127)   PhantomReference:
[34.660s][debug  ][gc,phases,ref  ] GC(127)     Discovered: 0
[34.660s][debug  ][gc,phases,ref  ] GC(127)     Cleared: 0
[34.661s][debug  ][gc,phases      ] GC(127) Reference Processing 0.749ms
[34.661s][debug  ][gc,phases,start] GC(127) Weak Processing
[34.661s][debug  ][gc,phases      ] GC(127)   VM Weak                        Min:  0.0, Avg:  0.0, Max:  0.0, Diff:  0.0, Sum:  0.0, Workers: 6
[34.661s][debug  ][gc,phases      ] GC(127)     Dead                           Min: 0, Avg:  0.0, Max: 0, Diff: 0, Sum: 0, Workers: 6
[34.661s][debug  ][gc,phases      ] GC(127)     Total                          Min: 0, Avg:  1.3, Max: 8, Diff: 8, Sum: 8, Workers: 6
[34.661s][debug  ][gc,phases      ] GC(127)   ObjectSynchronizer Weak        Min:  0.0, Avg:  0.0, Max:  0.0, Diff:  0.0, Sum:  0.0, Workers: 6
[34.661s][debug  ][gc,phases      ] GC(127)     Dead                           Min: 0, Avg:  0.0, Max: 0, Diff: 0, Sum: 0, Workers: 6
[34.661s][debug  ][gc,phases      ] GC(127)     Total                          Min: 0, Avg:  0.5, Max: 3, Diff: 3, Sum: 3, Workers: 6
[34.661s][debug  ][gc,phases      ] GC(127)   JVMTI Tag Weak OopStorage      Min:  0.0, Avg:  0.0, Max:  0.0, Diff:  0.0, Sum:  0.0, Workers: 6
[34.661s][debug  ][gc,phases      ] GC(127)     Dead                           Min: 0, Avg:  0.0, Max: 0, Diff: 0, Sum: 0, Workers: 6
[34.661s][debug  ][gc,phases      ] GC(127)     Total                          Min: 0, Avg:  0.0, Max: 0, Diff: 0, Sum: 0, Workers: 6
[34.661s][debug  ][gc,phases      ] GC(127)   StringTable Weak               Min:  0.0, Avg:  0.0, Max:  0.0, Diff:  0.0, Sum:  0.0, Workers: 6
[34.661s][debug  ][gc,phases      ] GC(127)     Dead                           Min: 0, Avg:  0.0, Max: 0, Diff: 0, Sum: 0, Workers: 6
[34.661s][debug  ][gc,phases      ] GC(127)     Total                          Min: 640, Avg: 892.8, Max: 1134, Diff: 494, Sum: 5357, Workers: 6
[34.661s][debug  ][gc,phases      ] GC(127)   ResolvedMethodTable Weak       Min:  0.0, Avg:  0.0, Max:  0.0, Diff:  0.0, Sum:  0.0, Workers: 6
[34.661s][debug  ][gc,phases      ] GC(127)     Dead                           Min: 0, Avg:  0.0, Max: 0, Diff: 0, Sum: 0, Workers: 6
[34.661s][debug  ][gc,phases      ] GC(127)     Total                          Min: 0, Avg: 21.7, Max: 64, Diff: 64, Sum: 130, Workers: 6
[34.661s][debug  ][gc,phases      ] GC(127)   JNI Weak                       Min:  0.0, Avg:  0.0, Max:  0.0, Diff:  0.0, Sum:  0.0, Workers: 6
[34.661s][debug  ][gc,phases      ] GC(127)     Dead                           Min: 0, Avg:  0.0, Max: 0, Diff: 0, Sum: 0, Workers: 6
[34.661s][debug  ][gc,phases      ] GC(127)     Total                          Min: 0, Avg:  0.0, Max: 0, Diff: 0, Sum: 0, Workers: 6
[34.661s][debug  ][gc,phases      ] GC(127)   StringDedup Table Weak         Min:  0.0, Avg:  0.0, Max:  0.0, Diff:  0.0, Sum:  0.0, Workers: 6
[34.661s][debug  ][gc,phases      ] GC(127)     Dead                           Min: 0, Avg:  0.0, Max: 0, Diff: 0, Sum: 0, Workers: 6
[34.661s][debug  ][gc,phases      ] GC(127)     Total                          Min: 0, Avg:  0.0, Max: 0, Diff: 0, Sum: 0, Workers: 6
[34.661s][debug  ][gc,phases      ] GC(127)   StringDedup Requests0 Weak     Min:  0.0, Avg:  0.0, Max:  0.0, Diff:  0.0, Sum:  0.0, Workers: 6
[34.661s][debug  ][gc,phases      ] GC(127)     Dead                           Min: 0, Avg:  0.0, Max: 0, Diff: 0, Sum: 0, Workers: 6
[34.661s][debug  ][gc,phases      ] GC(127)     Total                          Min: 0, Avg:  0.0, Max: 0, Diff: 0, Sum: 0, Workers: 6
[34.661s][debug  ][gc,phases      ] GC(127)   StringDedup Requests1 Weak     Min:  0.0, Avg:  0.0, Max:  0.0, Diff:  0.0, Sum:  0.0, Workers: 6
[34.661s][debug  ][gc,phases      ] GC(127)     Dead                           Min: 0, Avg:  0.0, Max: 0, Diff: 0, Sum: 0, Workers: 6
[34.661s][debug  ][gc,phases      ] GC(127)     Total                          Min: 0, Avg:  0.0, Max: 0, Diff: 0, Sum: 0, Workers: 6
[34.661s][debug  ][gc,phases      ] GC(127)   Weak JFR Old Object Samples    Min:  0.0, Avg:  0.0, Max:  0.0, Diff:  0.0, Sum:  0.0, Workers: 6
[34.661s][debug  ][gc,phases      ] GC(127)     Dead                           Min: 0, Avg:  0.0, Max: 0, Diff: 0, Sum: 0, Workers: 6
[34.661s][debug  ][gc,phases      ] GC(127)     Total                          Min: 0, Avg:  0.0, Max: 0, Diff: 0, Sum: 0, Workers: 6
[34.661s][debug  ][gc,phases      ] GC(127) Weak Processing 0.752ms
[34.661s][debug  ][gc,ergo        ] GC(127) AdaptiveSizeStart:  collection: 128 
[34.661s][debug  ][gc,ergo        ] GC(127) avg_survived_padded_avg: 32836298.000000
[34.661s][debug  ][gc,ergo        ] GC(127) avg_promoted_padded_avg: 259524112.000000  avg_pretenured_padded_avg: 0.000000  tenuring_thresh: 15  target_size: 33030144
[34.661s][debug  ][gc,age         ] GC(127) Desired survivor size 33030144 bytes, new threshold 15 (max threshold 15)
[34.661s][debug  ][gc,ergo        ] GC(127) PSAdaptiveSizePolicy::compute_eden_space_size limits: desired_eden_size: 220993718 old_eden_size: 201326592 eden_limit: 201850880 cur_eden: 201326592 max_eden_size: 201850880 avg_young_live: 27681758
[34.661s][debug  ][gc,ergo        ] GC(127) PSAdaptiveSizePolicy::compute_eden_space_size: costs minor_time: 0.051209 major_cost: 0.053906 mutator_cost: 0.894886 throughput_goal: 0.990000
[34.661s][debug  ][gc,ergo        ] GC(127) Live_space: 1064627968 free_space: 1428160512
[34.661s][debug  ][gc,ergo        ] GC(127) Old eden_size: 201326592 desired_eden_size: 201850880
[34.661s][debug  ][gc,ergo        ] GC(127) AdaptiveSizeStop: collection: 128 
[34.661s][info   ][gc,heap        ] GC(127) PSYoungGen: 218870K(229376K)->30720K(229888K) Eden: 188150K(196608K)->0K(197632K) From: 30720K(32768K)->30720K(32256K)
[34.662s][info   ][gc,heap        ] GC(127) ParOldGen: 1414757K(1835008K)->1599077K(1835008K)
[34.662s][info   ][gc,metaspace   ] GC(127) Metaspace: 1022K(1216K)->1022K(1216K) NonClass: 938K(1024K)->938K(1024K) Class: 83K(192K)->83K(192K)
[34.662s][info   ][gc             ] GC(127) Pause Young (Allocation Failure) 1595M->1591M(2016M) 17.246ms
[34.662s][info   ][gc,cpu         ] GC(127) User=0.16s Sys=0.00s Real=0.02s
[34.662s][debug  ][gc,heap        ] GC(127) Heap after GC invocations=128 (full 20):
[34.662s][debug  ][gc,heap        ] GC(127)  PSYoungGen      total 229888K, used 30720K [0x00000000f0000000, 0x0000000100000000, 0x0000000100000000)
[34.662s][debug  ][gc,heap        ] GC(127)   eden space 197632K, 0% used [0x00000000f0000000,0x00000000f0000000,0x00000000fc100000)
[34.662s][debug  ][gc,heap        ] GC(127)   from space 32256K, 95% used [0x00000000fe080000,0x00000000ffe80030,0x0000000100000000)
[34.662s][debug  ][gc,heap        ] GC(127)   to   space 32256K, 0% used [0x00000000fc100000,0x00000000fc100000,0x00000000fe080000)
[34.662s][debug  ][gc,heap        ] GC(127)  ParOldGen       total 1835008K, used 1599077K [0x0000000080000000, 0x00000000f0000000, 0x00000000f0000000)
[34.662s][debug  ][gc,heap        ] GC(127)   object space 1835008K, 87% used [0x0000000080000000,0x00000000e1999648,0x00000000f0000000)
[34.662s][debug  ][gc,heap        ] GC(127)  Metaspace       used 1022K, committed 1216K, reserved 1056768K
[34.662s][debug  ][gc,heap        ] GC(127)   class space    used 83K, committed 192K, reserved 1048576K
[34.662s][debug  ][gc,task,time   ] GC(127) VM-Thread 346439015 346597611 346618744
[34.662s][debug  ][gc,phases,start] GC(128) Pre Compact
[34.662s][debug  ][gc,heap        ] GC(128) Heap before GC invocations=129 (full 21):
[34.662s][debug  ][gc,heap        ] GC(128)  PSYoungGen      total 229888K, used 30720K [0x00000000f0000000, 0x0000000100000000, 0x0000000100000000)
[34.662s][debug  ][gc,heap        ] GC(128)   eden space 197632K, 0% used [0x00000000f0000000,0x00000000f0000000,0x00000000fc100000)
[34.662s][debug  ][gc,heap        ] GC(128)   from space 32256K, 95% used [0x00000000fe080000,0x00000000ffe80030,0x0000000100000000)
[34.662s][debug  ][gc,heap        ] GC(128)   to   space 32256K, 0% used [0x00000000fc100000,0x00000000fc100000,0x00000000fe080000)
[34.662s][debug  ][gc,heap        ] GC(128)  ParOldGen       total 1835008K, used 1599077K [0x0000000080000000, 0x00000000f0000000, 0x00000000f0000000)
[34.662s][debug  ][gc,heap        ] GC(128)   object space 1835008K, 87% used [0x0000000080000000,0x00000000e1999648,0x00000000f0000000)
[34.662s][debug  ][gc,heap        ] GC(128)  Metaspace       used 1022K, committed 1216K, reserved 1056768K
[34.662s][debug  ][gc,heap        ] GC(128)   class space    used 83K, committed 192K, reserved 1048576K
[34.662s][debug  ][gc,phases      ] GC(128) Pre Compact 0.206ms
[34.662s][info   ][gc,start       ] GC(128) Pause Full (Ergonomics)
[34.662s][info   ][gc,phases,start] GC(128) Marking Phase
[34.662s][debug  ][gc,phases,start] GC(128) Par Mark
[34.663s][debug  ][gc,phases      ] GC(128) Par Mark 0.540ms
[34.663s][debug  ][gc,phases,start] GC(128) Reference Processing
[34.663s][debug  ][gc,ref         ] GC(128) Skipped phase 1 of Reference Processing: no references
[34.663s][debug  ][gc,ref         ] GC(128) ReferenceProcessor::execute queues: 1, RefProcThreadModel::Single, marks_oops_alive: false
[34.663s][debug  ][gc,ref         ] GC(128) Skipped phase 3 of Reference Processing: no references
[34.663s][debug  ][gc,ref         ] GC(128) ReferenceProcessor::execute queues: 1, RefProcThreadModel::Single, marks_oops_alive: false
[34.663s][debug  ][gc,phases,ref  ] GC(128) Reference Processing: 0.1ms
[34.663s][debug  ][gc,phases,ref  ] GC(128)   Reconsider SoftReferences: 0.0ms
[34.663s][debug  ][gc,phases,ref  ] GC(128)     SoftRef (ms):                  skipped
[34.663s][debug  ][gc,phases,ref  ] GC(128)   Notify Soft/WeakReferences: 0.0ms
[34.663s][debug  ][gc,phases,ref  ] GC(128)     SoftRef (ms):                  Min:  0.0, Avg:  0.0, Max:  0.0, Diff:  0.0, Sum:  0.0, Workers: 10
[34.663s][debug  ][gc,phases,ref  ] GC(128)     WeakRef (ms):                  Min:  0.0, Avg:  0.0, Max:  0.0, Diff:  0.0, Sum:  0.0, Workers: 10
[34.663s][debug  ][gc,phases,ref  ] GC(128)     FinalRef (ms):                 Min:  0.0, Avg:  0.0, Max:  0.0, Diff:  0.0, Sum:  0.0, Workers: 10
[34.663s][debug  ][gc,phases,ref  ] GC(128)     Total (ms):                    Min:  0.0, Avg:  0.0, Max:  0.0, Diff:  0.0, Sum:  0.0, Workers: 10
[34.663s][debug  ][gc,phases,ref  ] GC(128)   Notify and keep alive finalizable: 0.0ms
[34.663s][debug  ][gc,phases,ref  ] GC(128)     FinalRef (ms):                 skipped
[34.663s][debug  ][gc,phases,ref  ] GC(128)   Notify PhantomReferences: 0.0ms
[34.663s][debug  ][gc,phases,ref  ] GC(128)     PhantomRef (ms):               Min:  0.0, Avg:  0.0, Max:  0.0, Diff:  0.0, Sum:  0.0, Workers: 10
[34.663s][debug  ][gc,phases,ref  ] GC(128)   SoftReference:
[34.663s][debug  ][gc,phases,ref  ] GC(128)     Discovered: 0
[34.663s][debug  ][gc,phases,ref  ] GC(128)     Cleared: 0
[34.663s][debug  ][gc,phases,ref  ] GC(128)   WeakReference:
[34.663s][debug  ][gc,phases,ref  ] GC(128)     Discovered: 71
[34.663s][debug  ][gc,phases,ref  ] GC(128)     Cleared: 71
[34.663s][debug  ][gc,phases,ref  ] GC(128)   FinalReference:
[34.663s][debug  ][gc,phases,ref  ] GC(128)     Discovered: 0
[34.663s][debug  ][gc,phases,ref  ] GC(128)     Cleared: 0
[34.663s][debug  ][gc,phases,ref  ] GC(128)   PhantomReference:
[34.663s][debug  ][gc,phases,ref  ] GC(128)     Discovered: 3
[34.663s][debug  ][gc,phases,ref  ] GC(128)     Cleared: 3
[34.663s][debug  ][gc,phases      ] GC(128) Reference Processing 0.636ms
[34.663s][debug  ][gc,phases,start] GC(128) Weak Processing
[34.663s][debug  ][gc,phases      ] GC(128)   VM Weak                        Min:  0.0, Avg:  0.0, Max:  0.0, Diff:  0.0, Sum:  0.0, Workers: 6
[34.663s][debug  ][gc,phases      ] GC(128)     Dead                           Min: 0, Avg:  0.0, Max: 0, Diff: 0, Sum: 0, Workers: 6
[34.664s][debug  ][gc,phases      ] GC(128)     Total                          Min: 0, Avg:  1.3, Max: 8, Diff: 8, Sum: 8, Workers: 6
[34.664s][debug  ][gc,phases      ] GC(128)   ObjectSynchronizer Weak        Min:  0.0, Avg:  0.0, Max:  0.0, Diff:  0.0, Sum:  0.0, Workers: 6
[34.664s][debug  ][gc,phases      ] GC(128)     Dead                           Min: 0, Avg:  0.0, Max: 0, Diff: 0, Sum: 0, Workers: 6
[34.664s][debug  ][gc,phases      ] GC(128)     Total                          Min: 0, Avg:  0.5, Max: 3, Diff: 3, Sum: 3, Workers: 6
[34.664s][debug  ][gc,phases      ] GC(128)   JVMTI Tag Weak OopStorage      Min:  0.0, Avg:  0.0, Max:  0.0, Diff:  0.0, Sum:  0.0, Workers: 6
[34.664s][debug  ][gc,phases      ] GC(128)     Dead                           Min: 0, Avg:  0.0, Max: 0, Diff: 0, Sum: 0, Workers: 6
[34.664s][debug  ][gc,phases      ] GC(128)     Total                          Min: 0, Avg:  0.0, Max: 0, Diff: 0, Sum: 0, Workers: 6
[34.664s][debug  ][gc,phases      ] GC(128)   StringTable Weak               Min:  0.0, Avg:  0.0, Max:  0.0, Diff:  0.0, Sum:  0.0, Workers: 6
[34.664s][debug  ][gc,phases      ] GC(128)     Dead                           Min: 0, Avg:  0.0, Max: 0, Diff: 0, Sum: 0, Workers: 6
[34.664s][debug  ][gc,phases      ] GC(128)     Total                          Min: 703, Avg: 892.8, Max: 1344, Diff: 641, Sum: 5357, Workers: 6
[34.664s][debug  ][gc,phases      ] GC(128)   ResolvedMethodTable Weak       Min:  0.0, Avg:  0.0, Max:  0.0, Diff:  0.0, Sum:  0.0, Workers: 6
[34.664s][debug  ][gc,phases      ] GC(128)     Dead                           Min: 0, Avg:  0.0, Max: 0, Diff: 0, Sum: 0, Workers: 6
[34.664s][debug  ][gc,phases      ] GC(128)     Total                          Min: 0, Avg: 21.7, Max: 64, Diff: 64, Sum: 130, Workers: 6
[34.664s][debug  ][gc,phases      ] GC(128)   JNI Weak                       Min:  0.0, Avg:  0.0, Max:  0.0, Diff:  0.0, Sum:  0.0, Workers: 6
[34.664s][debug  ][gc,phases      ] GC(128)     Dead                           Min: 0, Avg:  0.0, Max: 0, Diff: 0, Sum: 0, Workers: 6
[34.664s][debug  ][gc,phases      ] GC(128)     Total                          Min: 0, Avg:  0.0, Max: 0, Diff: 0, Sum: 0, Workers: 6
[34.664s][debug  ][gc,phases      ] GC(128)   StringDedup Table Weak         Min:  0.0, Avg:  0.0, Max:  0.0, Diff:  0.0, Sum:  0.0, Workers: 6
[34.664s][debug  ][gc,phases      ] GC(128)     Dead                           Min: 0, Avg:  0.0, Max: 0, Diff: 0, Sum: 0, Workers: 6
[34.664s][debug  ][gc,phases      ] GC(128)     Total                          Min: 0, Avg:  0.0, Max: 0, Diff: 0, Sum: 0, Workers: 6
[34.664s][debug  ][gc,phases      ] GC(128)   StringDedup Requests0 Weak     Min:  0.0, Avg:  0.0, Max:  0.0, Diff:  0.0, Sum:  0.0, Workers: 6
[34.664s][debug  ][gc,phases      ] GC(128)     Dead                           Min: 0, Avg:  0.0, Max: 0, Diff: 0, Sum: 0, Workers: 6
[34.664s][debug  ][gc,phases      ] GC(128)     Total                          Min: 0, Avg:  0.0, Max: 0, Diff: 0, Sum: 0, Workers: 6
[34.664s][debug  ][gc,phases      ] GC(128)   StringDedup Requests1 Weak     Min:  0.0, Avg:  0.0, Max:  0.0, Diff:  0.0, Sum:  0.0, Workers: 6
[34.664s][debug  ][gc,phases      ] GC(128)     Dead                           Min: 0, Avg:  0.0, Max: 0, Diff: 0, Sum: 0, Workers: 6
[34.664s][debug  ][gc,phases      ] GC(128)     Total                          Min: 0, Avg:  0.0, Max: 0, Diff: 0, Sum: 0, Workers: 6
[34.664s][debug  ][gc,phases      ] GC(128)   Weak JFR Old Object Samples    Min:  0.0, Avg:  0.0, Max:  0.0, Diff:  0.0, Sum:  0.0, Workers: 6
[34.664s][debug  ][gc,phases      ] GC(128)     Dead                           Min: 0, Avg:  0.0, Max: 0, Diff: 0, Sum: 0, Workers: 6
[34.664s][debug  ][gc,phases      ] GC(128)     Total                          Min: 0, Avg:  0.0, Max: 0, Diff: 0, Sum: 0, Workers: 6
[34.664s][debug  ][gc,phases      ] GC(128) Weak Processing 0.713ms
[34.664s][debug  ][gc,phases,start] GC(128) Class Unloading
[34.664s][debug  ][gc,phases,start] GC(128) ClassLoaderData
[34.664s][debug  ][gc,phases      ] GC(128) ClassLoaderData 0.019ms
[34.664s][debug  ][gc,phases,start] GC(128) Trigger cleanups
[34.664s][debug  ][gc,phases      ] GC(128) Trigger cleanups 0.019ms
[34.664s][debug  ][gc,phases      ] GC(128) Class Unloading 0.252ms
[34.664s][info   ][gc,phases      ] GC(128) Marking Phase 2.274ms
[34.664s][info   ][gc,phases,start] GC(128) Summary Phase
[34.665s][info   ][gc,phases      ] GC(128) Summary Phase 0.043ms
[34.665s][info   ][gc,phases,start] GC(128) Adjust Roots
[34.665s][info   ][gc,phases      ] GC(128) Adjust Roots 0.160ms
[34.665s][info   ][gc,phases,start] GC(128) Compaction Phase
[34.738s][info   ][gc,phases      ] GC(128) Compaction Phase 73.341ms
[34.738s][info   ][gc,phases,start] GC(128) Post Compact
[34.743s][info   ][gc,phases      ] GC(128) Post Compact 4.866ms
[34.743s][debug  ][gc,ergo        ] GC(128) AdaptiveSizeStart: collection: 129 
[34.743s][debug  ][gc,ergo        ] GC(128) PSAdaptiveSizePolicy::compute_eden_space_size limits: desired_eden_size: 222425986 old_eden_size: 201850880 eden_limit: 202375168 cur_eden: 202375168 max_eden_size: 202375168 avg_young_live: 24913582
[34.743s][debug  ][gc,ergo        ] GC(128) PSAdaptiveSizePolicy::compute_eden_space_size: costs minor_time: 0.051209 major_cost: 0.053233 mutator_cost: 0.895558 throughput_goal: 0.990000
[34.743s][debug  ][gc,ergo        ] GC(128) Live_space: 1061859840 free_space: 1428684800
[34.743s][debug  ][gc,ergo        ] GC(128) Old eden_size: 201850880 desired_eden_size: 202375168
[34.743s][debug  ][gc,ergo        ] GC(128) PSAdaptiveSizePolicy::compute_old_gen_free_space limits: desired_promo_size: 1351895794 promo_limit: 1226833920 free_in_old_gen: 1116966400 max_old_gen_size: 1879048192 avg_old_live: 762081856
[34.743s][debug  ][gc,ergo        ] GC(128) PSAdaptiveSizePolicy::compute_old_gen_free_space: costs minor_time: 0.051209 major_cost: 0.053233  mutator_cost: 0.895558 throughput_goal: 0.990000
[34.743s][debug  ][gc,ergo        ] GC(128) Live_space: 1055430912 free_space: 1429209088
[34.743s][debug  ][gc,ergo        ] GC(128) Old promo_size: 1226833920 desired_promo_size: 1226833920
[34.743s][debug  ][gc,ergo        ] GC(128) AdaptiveSizeStop: collection: 129 
[34.743s][info   ][gc,heap        ] GC(128) PSYoungGen: 30720K(229888K)->0K(229888K) Eden: 0K(197632K)->0K(197632K) From: 30720K(32256K)->0K(32256K)
[34.743s][info   ][gc,heap        ] GC(128) ParOldGen: 1599077K(1835008K)->687716K(1835008K)
[34.743s][info   ][gc,metaspace   ] GC(128) Metaspace: 1022K(1216K)->1022K(1216K) NonClass: 938K(1024K)->938K(1024K) Class: 83K(192K)->83K(192K)
[34.744s][info   ][gc             ] GC(128) Pause Full (Ergonomics) 1591M->671M(2016M) 81.373ms
[34.744s][info   ][gc,cpu         ] GC(128) User=0.73s Sys=0.00s Real=0.08s
[34.744s][debug  ][gc,heap        ] GC(128) Heap after GC invocations=129 (full 21):
[34.744s][debug  ][gc,heap        ] GC(128)  PSYoungGen      total 229888K, used 0K [0x00000000f0000000, 0x0000000100000000, 0x0000000100000000)
[34.744s][debug  ][gc,heap        ] GC(128)   eden space 197632K, 0% used [0x00000000f0000000,0x00000000f0000000,0x00000000fc100000)
[34.744s][debug  ][gc,heap        ] GC(128)   from space 32256K, 0% used [0x00000000fc100000,0x00000000fc100000,0x00000000fe080000)
[34.744s][debug  ][gc,heap        ] GC(128)   to   space 32256K, 0% used [0x00000000fe080000,0x00000000fe080000,0x0000000100000000)
[34.744s][debug  ][gc,heap        ] GC(128)  ParOldGen       total 1835008K, used 687716K [0x0000000080000000, 0x00000000f0000000, 0x00000000f0000000)
[34.744s][debug  ][gc,heap        ] GC(128)   object space 1835008K, 37% used [0x0000000080000000,0x00000000a9f990b8,0x00000000f0000000)
[34.744s][debug  ][gc,heap        ] GC(128)  Metaspace       used 1022K, committed 1216K, reserved 1056768K
[34.744s][debug  ][gc,heap        ] GC(128)   class space    used 83K, committed 192K, reserved 1048576K
[34.744s][debug  ][gc,task,time   ] GC(128) VM-Thread 346621582 346647366 347435673
[35.037s][debug  ][gc,heap        ] GC(129) Heap before GC invocations=130 (full 21):
[35.037s][debug  ][gc,heap        ] GC(129)  PSYoungGen      total 229888K, used 188178K [0x00000000f0000000, 0x0000000100000000, 0x0000000100000000)
[35.037s][debug  ][gc,heap        ] GC(129)   eden space 197632K, 95% used [0x00000000f0000000,0x00000000fb7c48e0,0x00000000fc100000)
[35.037s][debug  ][gc,heap        ] GC(129)   from space 32256K, 0% used [0x00000000fc100000,0x00000000fc100000,0x00000000fe080000)
[35.037s][debug  ][gc,heap        ] GC(129)   to   space 32256K, 0% used [0x00000000fe080000,0x00000000fe080000,0x0000000100000000)
[35.037s][debug  ][gc,heap        ] GC(129)  ParOldGen       total 1835008K, used 687716K [0x0000000080000000, 0x00000000f0000000, 0x00000000f0000000)
[35.037s][debug  ][gc,heap        ] GC(129)   object space 1835008K, 37% used [0x0000000080000000,0x00000000a9f990b8,0x00000000f0000000)
[35.037s][debug  ][gc,heap        ] GC(129)  Metaspace       used 1022K, committed 1216K, reserved 1056768K
[35.037s][debug  ][gc,heap        ] GC(129)   class space    used 83K, committed 192K, reserved 1048576K
[35.037s][debug  ][gc,tlab        ] GC(129) TLAB totals: thrds: 1  refills: 1 max: 1 slow allocs: 17 max 17 waste: 27.4% gc: 3950528B max: 3950528B slow: 0B max: 0B
[35.037s][info   ][gc,start       ] GC(129) Pause Young (Allocation Failure)
[35.038s][debug  ][gc,phases,start] GC(129) Scavenge
[35.051s][debug  ][gc,phases      ] GC(129) Scavenge 13.043ms
[35.051s][debug  ][gc,phases,start] GC(129) Reference Processing
[35.051s][debug  ][gc,ref         ] GC(129) Skipped phase 1 of Reference Processing: no references
[35.051s][debug  ][gc,ref         ] GC(129) Skipped phase 2 of Reference Processing: no references
[35.051s][debug  ][gc,ref         ] GC(129) Skipped phase 3 of Reference Processing: no references
[35.051s][debug  ][gc,ref         ] GC(129) Skipped phase 4 of Reference Processing: no references
[35.051s][debug  ][gc,phases,ref  ] GC(129) Reference Processing: 0.1ms
[35.051s][debug  ][gc,phases,ref  ] GC(129)   Reconsider SoftReferences: 0.0ms
[35.051s][debug  ][gc,phases,ref  ] GC(129)     SoftRef (ms):                  skipped
[35.051s][debug  ][gc,phases,ref  ] GC(129)   Notify Soft/WeakReferences: 0.0ms
[35.051s][debug  ][gc,phases,ref  ] GC(129)     SoftRef (ms):                  skipped
[35.051s][debug  ][gc,phases,ref  ] GC(129)     WeakRef (ms):                  skipped
[35.051s][debug  ][gc,phases,ref  ] GC(129)     FinalRef (ms):                 skipped
[35.051s][debug  ][gc,phases,ref  ] GC(129)     Total (ms):                    skipped
[35.051s][debug  ][gc,phases,ref  ] GC(129)   Notify and keep alive finalizable: 0.0ms
[35.051s][debug  ][gc,phases,ref  ] GC(129)     FinalRef (ms):                 skipped
[35.051s][debug  ][gc,phases,ref  ] GC(129)   Notify PhantomReferences: 0.0ms
[35.051s][debug  ][gc,phases,ref  ] GC(129)     PhantomRef (ms):               skipped
[35.051s][debug  ][gc,phases,ref  ] GC(129)   SoftReference:
[35.051s][debug  ][gc,phases,ref  ] GC(129)     Discovered: 0
[35.051s][debug  ][gc,phases,ref  ] GC(129)     Cleared: 0
[35.051s][debug  ][gc,phases,ref  ] GC(129)   WeakReference:
[35.051s][debug  ][gc,phases,ref  ] GC(129)     Discovered: 0
[35.051s][debug  ][gc,phases,ref  ] GC(129)     Cleared: 0
[35.051s][debug  ][gc,phases,ref  ] GC(129)   FinalReference:
[35.051s][debug  ][gc,phases,ref  ] GC(129)     Discovered: 0
[35.051s][debug  ][gc,phases,ref  ] GC(129)     Cleared: 0
[35.051s][debug  ][gc,phases,ref  ] GC(129)   PhantomReference:
[35.051s][debug  ][gc,phases,ref  ] GC(129)     Discovered: 0
[35.051s][debug  ][gc,phases,ref  ] GC(129)     Cleared: 0
[35.051s][debug  ][gc,phases      ] GC(129) Reference Processing 0.756ms
[35.051s][debug  ][gc,phases,start] GC(129) Weak Processing
[35.051s][debug  ][gc,phases      ] GC(129)   VM Weak                        Min:  0.0, Avg:  0.0, Max:  0.0, Diff:  0.0, Sum:  0.0, Workers: 6
[35.052s][debug  ][gc,phases      ] GC(129)     Dead                           Min: 0, Avg:  0.0, Max: 0, Diff: 0, Sum: 0, Workers: 6
[35.052s][debug  ][gc,phases      ] GC(129)     Total                          Min: 0, Avg:  1.3, Max: 8, Diff: 8, Sum: 8, Workers: 6
[35.052s][debug  ][gc,phases      ] GC(129)   ObjectSynchronizer Weak        Min:  0.0, Avg:  0.0, Max:  0.0, Diff:  0.0, Sum:  0.0, Workers: 6
[35.052s][debug  ][gc,phases      ] GC(129)     Dead                           Min: 0, Avg:  0.0, Max: 0, Diff: 0, Sum: 0, Workers: 6
[35.052s][debug  ][gc,phases      ] GC(129)     Total                          Min: 0, Avg:  0.5, Max: 3, Diff: 3, Sum: 3, Workers: 6
[35.052s][debug  ][gc,phases      ] GC(129)   JVMTI Tag Weak OopStorage      Min:  0.0, Avg:  0.0, Max:  0.0, Diff:  0.0, Sum:  0.0, Workers: 6
[35.052s][debug  ][gc,phases      ] GC(129)     Dead                           Min: 0, Avg:  0.0, Max: 0, Diff: 0, Sum: 0, Workers: 6
[35.052s][debug  ][gc,phases      ] GC(129)     Total                          Min: 0, Avg:  0.0, Max: 0, Diff: 0, Sum: 0, Workers: 6
[35.052s][debug  ][gc,phases      ] GC(129)   StringTable Weak               Min:  0.0, Avg:  0.0, Max:  0.0, Diff:  0.0, Sum:  0.0, Workers: 6
[35.052s][debug  ][gc,phases      ] GC(129)     Dead                           Min: 0, Avg:  0.0, Max: 0, Diff: 0, Sum: 0, Workers: 6
[35.052s][debug  ][gc,phases      ] GC(129)     Total                          Min: 767, Avg: 892.8, Max: 1216, Diff: 449, Sum: 5357, Workers: 6
[35.052s][debug  ][gc,phases      ] GC(129)   ResolvedMethodTable Weak       Min:  0.0, Avg:  0.0, Max:  0.0, Diff:  0.0, Sum:  0.0, Workers: 6
[35.052s][debug  ][gc,phases      ] GC(129)     Dead                           Min: 0, Avg:  0.0, Max: 0, Diff: 0, Sum: 0, Workers: 6
[35.052s][debug  ][gc,phases      ] GC(129)     Total                          Min: 0, Avg: 21.7, Max: 64, Diff: 64, Sum: 130, Workers: 6
[35.052s][debug  ][gc,phases      ] GC(129)   JNI Weak                       Min:  0.0, Avg:  0.0, Max:  0.0, Diff:  0.0, Sum:  0.0, Workers: 6
[35.052s][debug  ][gc,phases      ] GC(129)     Dead                           Min: 0, Avg:  0.0, Max: 0, Diff: 0, Sum: 0, Workers: 6
[35.052s][debug  ][gc,phases      ] GC(129)     Total                          Min: 0, Avg:  0.0, Max: 0, Diff: 0, Sum: 0, Workers: 6
[35.052s][debug  ][gc,phases      ] GC(129)   StringDedup Table Weak         Min:  0.0, Avg:  0.0, Max:  0.0, Diff:  0.0, Sum:  0.0, Workers: 6
[35.052s][debug  ][gc,phases      ] GC(129)     Dead                           Min: 0, Avg:  0.0, Max: 0, Diff: 0, Sum: 0, Workers: 6
[35.052s][debug  ][gc,phases      ] GC(129)     Total                          Min: 0, Avg:  0.0, Max: 0, Diff: 0, Sum: 0, Workers: 6
[35.052s][debug  ][gc,phases      ] GC(129)   StringDedup Requests0 Weak     Min:  0.0, Avg:  0.0, Max:  0.0, Diff:  0.0, Sum:  0.0, Workers: 6
[35.052s][debug  ][gc,phases      ] GC(129)     Dead                           Min: 0, Avg:  0.0, Max: 0, Diff: 0, Sum: 0, Workers: 6
[35.052s][debug  ][gc,phases      ] GC(129)     Total                          Min: 0, Avg:  0.0, Max: 0, Diff: 0, Sum: 0, Workers: 6
[35.052s][debug  ][gc,phases      ] GC(129)   StringDedup Requests1 Weak     Min:  0.0, Avg:  0.0, Max:  0.0, Diff:  0.0, Sum:  0.0, Workers: 6
[35.052s][debug  ][gc,phases      ] GC(129)     Dead                           Min: 0, Avg:  0.0, Max: 0, Diff: 0, Sum: 0, Workers: 6
[35.052s][debug  ][gc,phases      ] GC(129)     Total                          Min: 0, Avg:  0.0, Max: 0, Diff: 0, Sum: 0, Workers: 6
[35.052s][debug  ][gc,phases      ] GC(129)   Weak JFR Old Object Samples    Min:  0.0, Avg:  0.0, Max:  0.0, Diff:  0.0, Sum:  0.0, Workers: 6
[35.052s][debug  ][gc,phases      ] GC(129)     Dead                           Min: 0, Avg:  0.0, Max: 0, Diff: 0, Sum: 0, Workers: 6
[35.053s][debug  ][gc,phases      ] GC(129)     Total                          Min: 0, Avg:  0.0, Max: 0, Diff: 0, Sum: 0, Workers: 6
[35.053s][debug  ][gc,phases      ] GC(129) Weak Processing 1.161ms
[35.053s][debug  ][gc,ergo        ] GC(129) AdaptiveSizeStart:  collection: 130 
[35.053s][debug  ][gc,ergo        ] GC(129) avg_survived_padded_avg: 32730608.000000
[35.053s][debug  ][gc,ergo        ] GC(129) avg_promoted_padded_avg: 251641408.000000  avg_pretenured_padded_avg: 0.000000  tenuring_thresh: 15  target_size: 33030144
[35.053s][debug  ][gc,age         ] GC(129) Desired survivor size 33030144 bytes, new threshold 15 (max threshold 15)
[35.053s][debug  ][gc,ergo        ] GC(129) PSAdaptiveSizePolicy::compute_eden_space_size limits: desired_eden_size: 221778791 old_eden_size: 202375168 eden_limit: 202375168 cur_eden: 202375168 max_eden_size: 202375168 avg_young_live: 25567956
[35.053s][debug  ][gc,ergo        ] GC(129) PSAdaptiveSizePolicy::compute_eden_space_size: costs minor_time: 0.048063 major_cost: 0.053233 mutator_cost: 0.898703 throughput_goal: 0.990000
[35.053s][debug  ][gc,ergo        ] GC(129) Live_space: 1056085248 free_space: 1429209088
[35.053s][debug  ][gc,ergo        ] GC(129) Old eden_size: 202375168 desired_eden_size: 202375168
[35.053s][debug  ][gc,ergo        ] GC(129) AdaptiveSizeStop: collection: 130 
[35.053s][info   ][gc,heap        ] GC(129) PSYoungGen: 188178K(229888K)->30720K(229888K) Eden: 188178K(197632K)->0K(197632K) From: 0K(32256K)->30720K(32256K)
[35.053s][info   ][gc,heap        ] GC(129) ParOldGen: 687716K(1835008K)->841316K(1835008K)
[35.053s][info   ][gc,metaspace   ] GC(129) Metaspace: 1022K(1216K)->1022K(1216K) NonClass: 938K(1024K)->938K(1024K) Class: 83K(192K)->83K(192K)
[35.053s][info   ][gc             ] GC(129) Pause Young (Allocation Failure) 855M->851M(2016M) 15.627ms
[35.053s][info   ][gc,cpu         ] GC(129) User=0.16s Sys=0.00s Real=0.02s
[35.053s][debug  ][gc,heap        ] GC(129) Heap after GC invocations=130 (full 21):
[35.053s][debug  ][gc,heap        ] GC(129)  PSYoungGen      total 229888K, used 30720K [0x00000000f0000000, 0x0000000100000000, 0x0000000100000000)
[35.053s][debug  ][gc,heap        ] GC(129)   eden space 197632K, 0% used [0x00000000f0000000,0x00000000f0000000,0x00000000fc100000)
[35.053s][debug  ][gc,heap        ] GC(129)   from space 32256K, 95% used [0x00000000fe080000,0x00000000ffe80030,0x0000000100000000)
[35.053s][debug  ][gc,heap        ] GC(129)   to   space 32256K, 0% used [0x00000000fc100000,0x00000000fc100000,0x00000000fe080000)
[35.053s][debug  ][gc,heap        ] GC(129)  ParOldGen       total 1835008K, used 841316K [0x0000000080000000, 0x00000000f0000000, 0x00000000f0000000)
[35.053s][debug  ][gc,heap        ] GC(129)   object space 1835008K, 45% used [0x0000000080000000,0x00000000b35991a8,0x00000000f0000000)
[35.053s][debug  ][gc,heap        ] GC(129)  Metaspace       used 1022K, committed 1216K, reserved 1056768K
[35.053s][debug  ][gc,heap        ] GC(129)   class space    used 83K, committed 192K, reserved 1048576K
[35.053s][debug  ][gc,task,time   ] GC(129) VM-Thread 350369481 350506385 350534252
[35.339s][debug  ][gc,heap        ] GC(130) Heap before GC invocations=131 (full 21):
[35.339s][debug  ][gc,heap        ] GC(130)  PSYoungGen      total 229888K, used 218827K [0x00000000f0000000, 0x0000000100000000, 0x0000000100000000)
[35.339s][debug  ][gc,heap        ] GC(130)   eden space 197632K, 95% used [0x00000000f0000000,0x00000000fb7b2ee0,0x00000000fc100000)
[35.339s][debug  ][gc,heap        ] GC(130)   from space 32256K, 95% used [0x00000000fe080000,0x00000000ffe80030,0x0000000100000000)
[35.339s][debug  ][gc,heap        ] GC(130)   to   space 32256K, 0% used [0x00000000fc100000,0x00000000fc100000,0x00000000fe080000)
[35.339s][debug  ][gc,heap        ] GC(130)  ParOldGen       total 1835008K, used 841316K [0x0000000080000000, 0x00000000f0000000, 0x00000000f0000000)
[35.339s][debug  ][gc,heap        ] GC(130)   object space 1835008K, 45% used [0x0000000080000000,0x00000000b35991a8,0x00000000f0000000)
[35.339s][debug  ][gc,heap        ] GC(130)  Metaspace       used 1022K, committed 1216K, reserved 1056768K
[35.339s][debug  ][gc,heap        ] GC(130)   class space    used 83K, committed 192K, reserved 1048576K
[35.339s][debug  ][gc,tlab        ] GC(130) TLAB totals: thrds: 1  refills: 1 max: 1 slow allocs: 17 max 17 waste: 27.0% gc: 3877272B max: 3877272B slow: 0B max: 0B
[35.340s][info   ][gc,start       ] GC(130) Pause Young (Allocation Failure)
[35.340s][debug  ][gc,phases,start] GC(130) Scavenge
[35.342s][debug  ][gc,phases      ] GC(130) Scavenge 2.782ms
[35.342s][debug  ][gc,phases,start] GC(130) Reference Processing
[35.342s][debug  ][gc,ref         ] GC(130) Skipped phase 1 of Reference Processing: no references
[35.343s][debug  ][gc,ref         ] GC(130) Skipped phase 2 of Reference Processing: no references
[35.343s][debug  ][gc,ref         ] GC(130) Skipped phase 3 of Reference Processing: no references
[35.343s][debug  ][gc,ref         ] GC(130) Skipped phase 4 of Reference Processing: no references
[35.343s][debug  ][gc,phases,ref  ] GC(130) Reference Processing: 0.1ms
[35.343s][debug  ][gc,phases,ref  ] GC(130)   Reconsider SoftReferences: 0.0ms
[35.343s][debug  ][gc,phases,ref  ] GC(130)     SoftRef (ms):                  skipped
[35.343s][debug  ][gc,phases,ref  ] GC(130)   Notify Soft/WeakReferences: 0.0ms
[35.343s][debug  ][gc,phases,ref  ] GC(130)     SoftRef (ms):                  skipped
[35.343s][debug  ][gc,phases,ref  ] GC(130)     WeakRef (ms):                  skipped
[35.343s][debug  ][gc,phases,ref  ] GC(130)     FinalRef (ms):                 skipped
[35.343s][debug  ][gc,phases,ref  ] GC(130)     Total (ms):                    skipped
[35.343s][debug  ][gc,phases,ref  ] GC(130)   Notify and keep alive finalizable: 0.0ms
[35.343s][debug  ][gc,phases,ref  ] GC(130)     FinalRef (ms):                 skipped
[35.343s][debug  ][gc,phases,ref  ] GC(130)   Notify PhantomReferences: 0.0ms
[35.343s][debug  ][gc,phases,ref  ] GC(130)     PhantomRef (ms):               skipped
[35.343s][debug  ][gc,phases,ref  ] GC(130)   SoftReference:
[35.343s][debug  ][gc,phases,ref  ] GC(130)     Discovered: 0
[35.343s][debug  ][gc,phases,ref  ] GC(130)     Cleared: 0
[35.343s][debug  ][gc,phases,ref  ] GC(130)   WeakReference:
[35.343s][debug  ][gc,phases,ref  ] GC(130)     Discovered: 0
[35.343s][debug  ][gc,phases,ref  ] GC(130)     Cleared: 0
[35.343s][debug  ][gc,phases,ref  ] GC(130)   FinalReference:
[35.343s][debug  ][gc,phases,ref  ] GC(130)     Discovered: 0
[35.343s][debug  ][gc,phases,ref  ] GC(130)     Cleared: 0
[35.343s][debug  ][gc,phases,ref  ] GC(130)   PhantomReference:
[35.343s][debug  ][gc,phases,ref  ] GC(130)     Discovered: 0
[35.343s][debug  ][gc,phases,ref  ] GC(130)     Cleared: 0
[35.343s][debug  ][gc,phases      ] GC(130) Reference Processing 0.855ms
[35.343s][debug  ][gc,phases,start] GC(130) Weak Processing
[35.343s][debug  ][gc,phases      ] GC(130)   VM Weak                        Min:  0.0, Avg:  0.0, Max:  0.0, Diff:  0.0, Sum:  0.0, Workers: 6
[35.343s][debug  ][gc,phases      ] GC(130)     Dead                           Min: 0, Avg:  0.0, Max: 0, Diff: 0, Sum: 0, Workers: 6
[35.343s][debug  ][gc,phases      ] GC(130)     Total                          Min: 0, Avg:  1.3, Max: 8, Diff: 8, Sum: 8, Workers: 6
[35.343s][debug  ][gc,phases      ] GC(130)   ObjectSynchronizer Weak        Min:  0.0, Avg:  0.0, Max:  0.0, Diff:  0.0, Sum:  0.0, Workers: 6
[35.344s][debug  ][gc,phases      ] GC(130)     Dead                           Min: 0, Avg:  0.0, Max: 0, Diff: 0, Sum: 0, Workers: 6
[35.344s][debug  ][gc,phases      ] GC(130)     Total                          Min: 0, Avg:  0.5, Max: 3, Diff: 3, Sum: 3, Workers: 6
[35.344s][debug  ][gc,phases      ] GC(130)   JVMTI Tag Weak OopStorage      Min:  0.0, Avg:  0.0, Max:  0.0, Diff:  0.0, Sum:  0.0, Workers: 6
[35.344s][debug  ][gc,phases      ] GC(130)     Dead                           Min: 0, Avg:  0.0, Max: 0, Diff: 0, Sum: 0, Workers: 6
[35.344s][debug  ][gc,phases      ] GC(130)     Total                          Min: 0, Avg:  0.0, Max: 0, Diff: 0, Sum: 0, Workers: 6
[35.344s][debug  ][gc,phases      ] GC(130)   StringTable Weak               Min:  0.0, Avg:  0.0, Max:  0.0, Diff:  0.0, Sum:  0.1, Workers: 6
[35.344s][debug  ][gc,phases      ] GC(130)     Dead                           Min: 0, Avg:  0.0, Max: 0, Diff: 0, Sum: 0, Workers: 6
[35.344s][debug  ][gc,phases      ] GC(130)     Total                          Min: 768, Avg: 892.8, Max: 1279, Diff: 511, Sum: 5357, Workers: 6
[35.344s][debug  ][gc,phases      ] GC(130)   ResolvedMethodTable Weak       Min:  0.0, Avg:  0.0, Max:  0.0, Diff:  0.0, Sum:  0.0, Workers: 6
[35.344s][debug  ][gc,phases      ] GC(130)     Dead                           Min: 0, Avg:  0.0, Max: 0, Diff: 0, Sum: 0, Workers: 6
[35.344s][debug  ][gc,phases      ] GC(130)     Total                          Min: 0, Avg: 21.7, Max: 64, Diff: 64, Sum: 130, Workers: 6
[35.344s][debug  ][gc,phases      ] GC(130)   JNI Weak                       Min:  0.0, Avg:  0.0, Max:  0.0, Diff:  0.0, Sum:  0.0, Workers: 6
[35.344s][debug  ][gc,phases      ] GC(130)     Dead                           Min: 0, Avg:  0.0, Max: 0, Diff: 0, Sum: 0, Workers: 6
[35.344s][debug  ][gc,phases      ] GC(130)     Total                          Min: 0, Avg:  0.0, Max: 0, Diff: 0, Sum: 0, Workers: 6
[35.344s][debug  ][gc,phases      ] GC(130)   StringDedup Table Weak         Min:  0.0, Avg:  0.0, Max:  0.0, Diff:  0.0, Sum:  0.0, Workers: 6
[35.344s][debug  ][gc,phases      ] GC(130)     Dead                           Min: 0, Avg:  0.0, Max: 0, Diff: 0, Sum: 0, Workers: 6
[35.344s][debug  ][gc,phases      ] GC(130)     Total                          Min: 0, Avg:  0.0, Max: 0, Diff: 0, Sum: 0, Workers: 6
[35.344s][debug  ][gc,phases      ] GC(130)   StringDedup Requests0 Weak     Min:  0.0, Avg:  0.0, Max:  0.0, Diff:  0.0, Sum:  0.0, Workers: 6
[35.344s][debug  ][gc,phases      ] GC(130)     Dead                           Min: 0, Avg:  0.0, Max: 0, Diff: 0, Sum: 0, Workers: 6
[35.344s][debug  ][gc,phases      ] GC(130)     Total                          Min: 0, Avg:  0.0, Max: 0, Diff: 0, Sum: 0, Workers: 6
[35.344s][debug  ][gc,phases      ] GC(130)   StringDedup Requests1 Weak     Min:  0.0, Avg:  0.0, Max:  0.0, Diff:  0.0, Sum:  0.0, Workers: 6
[35.344s][debug  ][gc,phases      ] GC(130)     Dead                           Min: 0, Avg:  0.0, Max: 0, Diff: 0, Sum: 0, Workers: 6
[35.344s][debug  ][gc,phases      ] GC(130)     Total                          Min: 0, Avg:  0.0, Max: 0, Diff: 0, Sum: 0, Workers: 6
[35.344s][debug  ][gc,phases      ] GC(130)   Weak JFR Old Object Samples    Min:  0.0, Avg:  0.0, Max:  0.0, Diff:  0.0, Sum:  0.0, Workers: 6
[35.344s][debug  ][gc,phases      ] GC(130)     Dead                           Min: 0, Avg:  0.0, Max: 0, Diff: 0, Sum: 0, Workers: 6
[35.344s][debug  ][gc,phases      ] GC(130)     Total                          Min: 0, Avg:  0.0, Max: 0, Diff: 0, Sum: 0, Workers: 6
[35.344s][debug  ][gc,phases      ] GC(130) Weak Processing 0.822ms
[35.344s][debug  ][gc,ergo        ] GC(130) AdaptiveSizeStart:  collection: 131 
[35.344s][debug  ][gc,ergo        ] GC(130) avg_survived_padded_avg: 32632266.000000
[35.344s][debug  ][gc,ergo        ] GC(130) avg_promoted_padded_avg: 235132384.000000  avg_pretenured_padded_avg: 0.000000  tenuring_thresh: 15  target_size: 33030144
[35.344s][debug  ][gc,age         ] GC(130) Desired survivor size 33030144 bytes, new threshold 15 (max threshold 15)
[35.344s][debug  ][gc,ergo        ] GC(130) PSAdaptiveSizePolicy::compute_eden_space_size limits: desired_eden_size: 219919916 old_eden_size: 202375168 eden_limit: 202375168 cur_eden: 202375168 max_eden_size: 202375168 avg_young_live: 26156894
[35.344s][debug  ][gc,ergo        ] GC(130) PSAdaptiveSizePolicy::compute_eden_space_size: costs minor_time: 0.039999 major_cost: 0.053233 mutator_cost: 0.906768 throughput_goal: 0.990000
[35.344s][debug  ][gc,ergo        ] GC(130) Live_space: 1056674176 free_space: 1429209088
[35.344s][debug  ][gc,ergo        ] GC(130) Old eden_size: 202375168 desired_eden_size: 202375168
[35.344s][debug  ][gc,ergo        ] GC(130) AdaptiveSizeStop: collection: 131 
[35.344s][info   ][gc,heap        ] GC(130) PSYoungGen: 218827K(229888K)->30720K(229888K) Eden: 188107K(197632K)->0K(197632K) From: 30720K(32256K)->30720K(32256K)
[35.344s][info   ][gc,heap        ] GC(130) ParOldGen: 841316K(1835008K)->841316K(1835008K)
[35.344s][info   ][gc,metaspace   ] GC(130) Metaspace: 1022K(1216K)->1022K(1216K) NonClass: 938K(1024K)->938K(1024K) Class: 83K(192K)->83K(192K)
[35.345s][info   ][gc             ] GC(130) Pause Young (Allocation Failure) 1035M->851M(2016M) 5.014ms
[35.345s][info   ][gc,cpu         ] GC(130) User=0.16s Sys=0.00s Real=0.01s
[35.345s][debug  ][gc,heap        ] GC(130) Heap after GC invocations=131 (full 21):
[35.345s][debug  ][gc,heap        ] GC(130)  PSYoungGen      total 229888K, used 30720K [0x00000000f0000000, 0x0000000100000000, 0x0000000100000000)
[35.345s][debug  ][gc,heap        ] GC(130)   eden space 197632K, 0% used [0x00000000f0000000,0x00000000f0000000,0x00000000fc100000)
[35.345s][debug  ][gc,heap        ] GC(130)   from space 32256K, 95% used [0x00000000fc100000,0x00000000fdf00030,0x00000000fe080000)
[35.345s][debug  ][gc,heap        ] GC(130)   to   space 32256K, 0% used [0x00000000fe080000,0x00000000fe080000,0x0000000100000000)
[35.345s][debug  ][gc,heap        ] GC(130)  ParOldGen       total 1835008K, used 841316K [0x0000000080000000, 0x00000000f0000000, 0x00000000f0000000)
[35.345s][debug  ][gc,heap        ] GC(130)   object space 1835008K, 45% used [0x0000000080000000,0x00000000b35991a8,0x00000000f0000000)
[35.345s][debug  ][gc,heap        ] GC(130)  Metaspace       used 1022K, committed 1216K, reserved 1056768K
[35.345s][debug  ][gc,heap        ] GC(130)   class space    used 83K, committed 192K, reserved 1048576K
[35.345s][debug  ][gc,task,time   ] GC(130) VM-Thread 353389584 353424432 353448295
[35.625s][debug  ][gc,heap        ] GC(131) Heap before GC invocations=132 (full 21):
[35.625s][debug  ][gc,heap        ] GC(131)  PSYoungGen      total 229888K, used 218857K [0x00000000f0000000, 0x0000000100000000, 0x0000000100000000)
[35.625s][debug  ][gc,heap        ] GC(131)   eden space 197632K, 95% used [0x00000000f0000000,0x00000000fb7ba6c0,0x00000000fc100000)
[35.625s][debug  ][gc,heap        ] GC(131)   from space 32256K, 95% used [0x00000000fc100000,0x00000000fdf00030,0x00000000fe080000)
[35.625s][debug  ][gc,heap        ] GC(131)   to   space 32256K, 0% used [0x00000000fe080000,0x00000000fe080000,0x0000000100000000)
[35.625s][debug  ][gc,heap        ] GC(131)  ParOldGen       total 1835008K, used 841316K [0x0000000080000000, 0x00000000f0000000, 0x00000000f0000000)
[35.625s][debug  ][gc,heap        ] GC(131)   object space 1835008K, 45% used [0x0000000080000000,0x00000000b35991a8,0x00000000f0000000)
[35.625s][debug  ][gc,heap        ] GC(131)  Metaspace       used 1022K, committed 1216K, reserved 1056768K
[35.625s][debug  ][gc,heap        ] GC(131)   class space    used 83K, committed 192K, reserved 1048576K
[35.626s][debug  ][gc,tlab        ] GC(131) TLAB totals: thrds: 1  refills: 1 max: 1 slow allocs: 17 max 17 waste: 27.2% gc: 3909024B max: 3909024B slow: 0B max: 0B
[35.626s][info   ][gc,start       ] GC(131) Pause Young (Allocation Failure)
[35.626s][debug  ][gc,phases,start] GC(131) Scavenge
[35.640s][debug  ][gc,phases      ] GC(131) Scavenge 14.820ms
[35.641s][debug  ][gc,phases,start] GC(131) Reference Processing
[35.641s][debug  ][gc,ref         ] GC(131) Skipped phase 1 of Reference Processing: no references
[35.641s][debug  ][gc,ref         ] GC(131) Skipped phase 2 of Reference Processing: no references
[35.641s][debug  ][gc,ref         ] GC(131) Skipped phase 3 of Reference Processing: no references
[35.641s][debug  ][gc,ref         ] GC(131) Skipped phase 4 of Reference Processing: no references
[35.641s][debug  ][gc,phases,ref  ] GC(131) Reference Processing: 0.1ms
[35.641s][debug  ][gc,phases,ref  ] GC(131)   Reconsider SoftReferences: 0.0ms
[35.641s][debug  ][gc,phases,ref  ] GC(131)     SoftRef (ms):                  skipped
[35.641s][debug  ][gc,phases,ref  ] GC(131)   Notify Soft/WeakReferences: 0.0ms
[35.641s][debug  ][gc,phases,ref  ] GC(131)     SoftRef (ms):                  skipped
[35.641s][debug  ][gc,phases,ref  ] GC(131)     WeakRef (ms):                  skipped
[35.641s][debug  ][gc,phases,ref  ] GC(131)     FinalRef (ms):                 skipped
[35.641s][debug  ][gc,phases,ref  ] GC(131)     Total (ms):                    skipped
[35.641s][debug  ][gc,phases,ref  ] GC(131)   Notify and keep alive finalizable: 0.0ms
[35.641s][debug  ][gc,phases,ref  ] GC(131)     FinalRef (ms):                 skipped
[35.641s][debug  ][gc,phases,ref  ] GC(131)   Notify PhantomReferences: 0.0ms
[35.641s][debug  ][gc,phases,ref  ] GC(131)     PhantomRef (ms):               skipped
[35.641s][debug  ][gc,phases,ref  ] GC(131)   SoftReference:
[35.641s][debug  ][gc,phases,ref  ] GC(131)     Discovered: 0
[35.641s][debug  ][gc,phases,ref  ] GC(131)     Cleared: 0
[35.641s][debug  ][gc,phases,ref  ] GC(131)   WeakReference:
[35.641s][debug  ][gc,phases,ref  ] GC(131)     Discovered: 0
[35.641s][debug  ][gc,phases,ref  ] GC(131)     Cleared: 0
[35.641s][debug  ][gc,phases,ref  ] GC(131)   FinalReference:
[35.641s][debug  ][gc,phases,ref  ] GC(131)     Discovered: 0
[35.641s][debug  ][gc,phases,ref  ] GC(131)     Cleared: 0
[35.641s][debug  ][gc,phases,ref  ] GC(131)   PhantomReference:
[35.641s][debug  ][gc,phases,ref  ] GC(131)     Discovered: 0
[35.641s][debug  ][gc,phases,ref  ] GC(131)     Cleared: 0
[35.641s][debug  ][gc,phases      ] GC(131) Reference Processing 0.744ms
[35.641s][debug  ][gc,phases,start] GC(131) Weak Processing
[35.641s][debug  ][gc,phases      ] GC(131)   VM Weak                        Min:  0.0, Avg:  0.0, Max:  0.0, Diff:  0.0, Sum:  0.0, Workers: 6
[35.641s][debug  ][gc,phases      ] GC(131)     Dead                           Min: 0, Avg:  0.0, Max: 0, Diff: 0, Sum: 0, Workers: 6
[35.641s][debug  ][gc,phases      ] GC(131)     Total                          Min: 0, Avg:  1.3, Max: 8, Diff: 8, Sum: 8, Workers: 6
[35.641s][debug  ][gc,phases      ] GC(131)   ObjectSynchronizer Weak        Min:  0.0, Avg:  0.0, Max:  0.0, Diff:  0.0, Sum:  0.0, Workers: 6
[35.641s][debug  ][gc,phases      ] GC(131)     Dead                           Min: 0, Avg:  0.0, Max: 0, Diff: 0, Sum: 0, Workers: 6
[35.641s][debug  ][gc,phases      ] GC(131)     Total                          Min: 0, Avg:  0.5, Max: 3, Diff: 3, Sum: 3, Workers: 6
[35.642s][debug  ][gc,phases      ] GC(131)   JVMTI Tag Weak OopStorage      Min:  0.0, Avg:  0.0, Max:  0.0, Diff:  0.0, Sum:  0.0, Workers: 6
[35.642s][debug  ][gc,phases      ] GC(131)     Dead                           Min: 0, Avg:  0.0, Max: 0, Diff: 0, Sum: 0, Workers: 6
[35.642s][debug  ][gc,phases      ] GC(131)     Total                          Min: 0, Avg:  0.0, Max: 0, Diff: 0, Sum: 0, Workers: 6
[35.642s][debug  ][gc,phases      ] GC(131)   StringTable Weak               Min:  0.0, Avg:  0.0, Max:  0.0, Diff:  0.0, Sum:  0.0, Workers: 6
[35.642s][debug  ][gc,phases      ] GC(131)     Dead                           Min: 0, Avg:  0.0, Max: 0, Diff: 0, Sum: 0, Workers: 6
[35.642s][debug  ][gc,phases      ] GC(131)     Total                          Min: 767, Avg: 892.8, Max: 1152, Diff: 385, Sum: 5357, Workers: 6
[35.642s][debug  ][gc,phases      ] GC(131)   ResolvedMethodTable Weak       Min:  0.0, Avg:  0.0, Max:  0.0, Diff:  0.0, Sum:  0.0, Workers: 6
[35.642s][debug  ][gc,phases      ] GC(131)     Dead                           Min: 0, Avg:  0.0, Max: 0, Diff: 0, Sum: 0, Workers: 6
[35.642s][debug  ][gc,phases      ] GC(131)     Total                          Min: 0, Avg: 21.7, Max: 64, Diff: 64, Sum: 130, Workers: 6
[35.642s][debug  ][gc,phases      ] GC(131)   JNI Weak                       Min:  0.0, Avg:  0.0, Max:  0.0, Diff:  0.0, Sum:  0.0, Workers: 6
[35.642s][debug  ][gc,phases      ] GC(131)     Dead                           Min: 0, Avg:  0.0, Max: 0, Diff: 0, Sum: 0, Workers: 6
[35.642s][debug  ][gc,phases      ] GC(131)     Total                          Min: 0, Avg:  0.0, Max: 0, Diff: 0, Sum: 0, Workers: 6
[35.642s][debug  ][gc,phases      ] GC(131)   StringDedup Table Weak         Min:  0.0, Avg:  0.0, Max:  0.0, Diff:  0.0, Sum:  0.0, Workers: 6
[35.642s][debug  ][gc,phases      ] GC(131)     Dead                           Min: 0, Avg:  0.0, Max: 0, Diff: 0, Sum: 0, Workers: 6
[35.642s][debug  ][gc,phases      ] GC(131)     Total                          Min: 0, Avg:  0.0, Max: 0, Diff: 0, Sum: 0, Workers: 6
[35.642s][debug  ][gc,phases      ] GC(131)   StringDedup Requests0 Weak     Min:  0.0, Avg:  0.0, Max:  0.0, Diff:  0.0, Sum:  0.0, Workers: 6
[35.642s][debug  ][gc,phases      ] GC(131)     Dead                           Min: 0, Avg:  0.0, Max: 0, Diff: 0, Sum: 0, Workers: 6
[35.642s][debug  ][gc,phases      ] GC(131)     Total                          Min: 0, Avg:  0.0, Max: 0, Diff: 0, Sum: 0, Workers: 6
[35.642s][debug  ][gc,phases      ] GC(131)   StringDedup Requests1 Weak     Min:  0.0, Avg:  0.0, Max:  0.0, Diff:  0.0, Sum:  0.0, Workers: 6
[35.642s][debug  ][gc,phases      ] GC(131)     Dead                           Min: 0, Avg:  0.0, Max: 0, Diff: 0, Sum: 0, Workers: 6
[35.642s][debug  ][gc,phases      ] GC(131)     Total                          Min: 0, Avg:  0.0, Max: 0, Diff: 0, Sum: 0, Workers: 6
[35.642s][debug  ][gc,phases      ] GC(131)   Weak JFR Old Object Samples    Min:  0.0, Avg:  0.0, Max:  0.0, Diff:  0.0, Sum:  0.0, Workers: 6
[35.642s][debug  ][gc,phases      ] GC(131)     Dead                           Min: 0, Avg:  0.0, Max: 0, Diff: 0, Sum: 0, Workers: 6
[35.642s][debug  ][gc,phases      ] GC(131)     Total                          Min: 0, Avg:  0.0, Max: 0, Diff: 0, Sum: 0, Workers: 6
[35.642s][debug  ][gc,phases      ] GC(131) Weak Processing 0.767ms
[35.642s][debug  ][gc,ergo        ] GC(131) AdaptiveSizeStart:  collection: 132 
[35.642s][debug  ][gc,ergo        ] GC(131) avg_survived_padded_avg: 32540860.000000
[35.642s][debug  ][gc,ergo        ] GC(131) avg_promoted_padded_avg: 241337520.000000  avg_pretenured_padded_avg: 0.000000  tenuring_thresh: 15  target_size: 33030144
[35.642s][debug  ][gc,age         ] GC(131) Desired survivor size 33030144 bytes, new threshold 15 (max threshold 15)
[35.642s][debug  ][gc,ergo        ] GC(131) PSAdaptiveSizePolicy::compute_eden_space_size limits: desired_eden_size: 220839397 old_eden_size: 202375168 eden_limit: 202375168 cur_eden: 202375168 max_eden_size: 202375168 avg_young_live: 26686936
[35.642s][debug  ][gc,ergo        ] GC(131) PSAdaptiveSizePolicy::compute_eden_space_size: costs minor_time: 0.043821 major_cost: 0.053233 mutator_cost: 0.902946 throughput_goal: 0.990000
[35.642s][debug  ][gc,ergo        ] GC(131) Live_space: 1057204224 free_space: 1429209088
[35.642s][debug  ][gc,ergo        ] GC(131) Old eden_size: 202375168 desired_eden_size: 202375168
[35.642s][debug  ][gc,ergo        ] GC(131) AdaptiveSizeStop: collection: 132 
[35.642s][info   ][gc,heap        ] GC(131) PSYoungGen: 218857K(229888K)->30720K(229888K) Eden: 188137K(197632K)->0K(197632K) From: 30720K(32256K)->30720K(32256K)
[35.642s][info   ][gc,heap        ] GC(131) ParOldGen: 841316K(1835008K)->1025636K(1835008K)
[35.642s][info   ][gc,metaspace   ] GC(131) Metaspace: 1022K(1216K)->1022K(1216K) NonClass: 938K(1024K)->938K(1024K) Class: 83K(192K)->83K(192K)
[35.642s][info   ][gc             ] GC(131) Pause Young (Allocation Failure) 1035M->1031M(2016M) 16.831ms
[35.642s][info   ][gc,cpu         ] GC(131) User=0.16s Sys=0.00s Real=0.02s
[35.642s][debug  ][gc,heap        ] GC(131) Heap after GC invocations=132 (full 21):
[35.642s][debug  ][gc,heap        ] GC(131)  PSYoungGen      total 229888K, used 30720K [0x00000000f0000000, 0x0000000100000000, 0x0000000100000000)
[35.643s][debug  ][gc,heap        ] GC(131)   eden space 197632K, 0% used [0x00000000f0000000,0x00000000f0000000,0x00000000fc100000)
[35.643s][debug  ][gc,heap        ] GC(131)   from space 32256K, 95% used [0x00000000fe080000,0x00000000ffe80030,0x0000000100000000)
[35.643s][debug  ][gc,heap        ] GC(131)   to   space 32256K, 0% used [0x00000000fc100000,0x00000000fc100000,0x00000000fe080000)
[35.643s][debug  ][gc,heap        ] GC(131)  ParOldGen       total 1835008K, used 1025636K [0x0000000080000000, 0x00000000f0000000, 0x00000000f0000000)
[35.643s][debug  ][gc,heap        ] GC(131)   object space 1835008K, 55% used [0x0000000080000000,0x00000000be9992c8,0x00000000f0000000)
[35.643s][debug  ][gc,heap        ] GC(131)  Metaspace       used 1022K, committed 1216K, reserved 1056768K
[35.643s][debug  ][gc,heap        ] GC(131)   class space    used 83K, committed 192K, reserved 1048576K
[35.643s][debug  ][gc,task,time   ] GC(131) VM-Thread 356251092 356405314 356426499
[35.925s][debug  ][gc,heap        ] GC(132) Heap before GC invocations=133 (full 21):
[35.925s][debug  ][gc,heap        ] GC(132)  PSYoungGen      total 229888K, used 218877K [0x00000000f0000000, 0x0000000100000000, 0x0000000100000000)
[35.925s][debug  ][gc,heap        ] GC(132)   eden space 197632K, 95% used [0x00000000f0000000,0x00000000fb7bf3d0,0x00000000fc100000)
[35.925s][debug  ][gc,heap        ] GC(132)   from space 32256K, 95% used [0x00000000fe080000,0x00000000ffe80030,0x0000000100000000)
[35.926s][debug  ][gc,heap        ] GC(132)   to   space 32256K, 0% used [0x00000000fc100000,0x00000000fc100000,0x00000000fe080000)
[35.926s][debug  ][gc,heap        ] GC(132)  ParOldGen       total 1835008K, used 1025636K [0x0000000080000000, 0x00000000f0000000, 0x00000000f0000000)
[35.926s][debug  ][gc,heap        ] GC(132)   object space 1835008K, 55% used [0x0000000080000000,0x00000000be9992c8,0x00000000f0000000)
[35.926s][debug  ][gc,heap        ] GC(132)  Metaspace       used 1022K, committed 1216K, reserved 1056768K
[35.926s][debug  ][gc,heap        ] GC(132)   class space    used 83K, committed 192K, reserved 1048576K
[35.926s][debug  ][gc,tlab        ] GC(132) TLAB totals: thrds: 1  refills: 1 max: 1 slow allocs: 17 max 17 waste: 27.3% gc: 3928752B max: 3928752B slow: 0B max: 0B
[35.926s][info   ][gc,start       ] GC(132) Pause Young (Allocation Failure)
[35.926s][debug  ][gc,phases,start] GC(132) Scavenge
[35.941s][debug  ][gc,phases      ] GC(132) Scavenge 14.937ms
[35.941s][debug  ][gc,phases,start] GC(132) Reference Processing
[35.941s][debug  ][gc,ref         ] GC(132) Skipped phase 1 of Reference Processing: no references
[35.941s][debug  ][gc,ref         ] GC(132) Skipped phase 2 of Reference Processing: no references
[35.941s][debug  ][gc,ref         ] GC(132) Skipped phase 3 of Reference Processing: no references
[35.941s][debug  ][gc,ref         ] GC(132) Skipped phase 4 of Reference Processing: no references
[35.941s][debug  ][gc,phases,ref  ] GC(132) Reference Processing: 0.1ms
[35.941s][debug  ][gc,phases,ref  ] GC(132)   Reconsider SoftReferences: 0.0ms
[35.941s][debug  ][gc,phases,ref  ] GC(132)     SoftRef (ms):                  skipped
[35.941s][debug  ][gc,phases,ref  ] GC(132)   Notify Soft/WeakReferences: 0.0ms
[35.941s][debug  ][gc,phases,ref  ] GC(132)     SoftRef (ms):                  skipped
[35.941s][debug  ][gc,phases,ref  ] GC(132)     WeakRef (ms):                  skipped
[35.941s][debug  ][gc,phases,ref  ] GC(132)     FinalRef (ms):                 skipped
[35.941s][debug  ][gc,phases,ref  ] GC(132)     Total (ms):                    skipped
[35.941s][debug  ][gc,phases,ref  ] GC(132)   Notify and keep alive finalizable: 0.0ms
[35.941s][debug  ][gc,phases,ref  ] GC(132)     FinalRef (ms):                 skipped
[35.941s][debug  ][gc,phases,ref  ] GC(132)   Notify PhantomReferences: 0.0ms
[35.941s][debug  ][gc,phases,ref  ] GC(132)     PhantomRef (ms):               skipped
[35.941s][debug  ][gc,phases,ref  ] GC(132)   SoftReference:
[35.941s][debug  ][gc,phases,ref  ] GC(132)     Discovered: 0
[35.941s][debug  ][gc,phases,ref  ] GC(132)     Cleared: 0
[35.941s][debug  ][gc,phases,ref  ] GC(132)   WeakReference:
[35.941s][debug  ][gc,phases,ref  ] GC(132)     Discovered: 0
[35.941s][debug  ][gc,phases,ref  ] GC(132)     Cleared: 0
[35.942s][debug  ][gc,phases,ref  ] GC(132)   FinalReference:
[35.942s][debug  ][gc,phases,ref  ] GC(132)     Discovered: 0
[35.942s][debug  ][gc,phases,ref  ] GC(132)     Cleared: 0
[35.942s][debug  ][gc,phases,ref  ] GC(132)   PhantomReference:
[35.942s][debug  ][gc,phases,ref  ] GC(132)     Discovered: 0
[35.942s][debug  ][gc,phases,ref  ] GC(132)     Cleared: 0
[35.942s][debug  ][gc,phases      ] GC(132) Reference Processing 0.912ms
[35.942s][debug  ][gc,phases,start] GC(132) Weak Processing
[35.942s][debug  ][gc,phases      ] GC(132)   VM Weak                        Min:  0.0, Avg:  0.0, Max:  0.0, Diff:  0.0, Sum:  0.0, Workers: 6
[35.942s][debug  ][gc,phases      ] GC(132)     Dead                           Min: 0, Avg:  0.0, Max: 0, Diff: 0, Sum: 0, Workers: 6
[35.942s][debug  ][gc,phases      ] GC(132)     Total                          Min: 0, Avg:  1.3, Max: 8, Diff: 8, Sum: 8, Workers: 6
[35.942s][debug  ][gc,phases      ] GC(132)   ObjectSynchronizer Weak        Min:  0.0, Avg:  0.0, Max:  0.0, Diff:  0.0, Sum:  0.0, Workers: 6
[35.942s][debug  ][gc,phases      ] GC(132)     Dead                           Min: 0, Avg:  0.0, Max: 0, Diff: 0, Sum: 0, Workers: 6
[35.942s][debug  ][gc,phases      ] GC(132)     Total                          Min: 0, Avg:  0.5, Max: 3, Diff: 3, Sum: 3, Workers: 6
[35.942s][debug  ][gc,phases      ] GC(132)   JVMTI Tag Weak OopStorage      Min:  0.0, Avg:  0.0, Max:  0.0, Diff:  0.0, Sum:  0.0, Workers: 6
[35.942s][debug  ][gc,phases      ] GC(132)     Dead                           Min: 0, Avg:  0.0, Max: 0, Diff: 0, Sum: 0, Workers: 6
[35.942s][debug  ][gc,phases      ] GC(132)     Total                          Min: 0, Avg:  0.0, Max: 0, Diff: 0, Sum: 0, Workers: 6
[35.942s][debug  ][gc,phases      ] GC(132)   StringTable Weak               Min:  0.0, Avg:  0.0, Max:  0.0, Diff:  0.0, Sum:  0.0, Workers: 6
[35.942s][debug  ][gc,phases      ] GC(132)     Dead                           Min: 0, Avg:  0.0, Max: 0, Diff: 0, Sum: 0, Workers: 6
[35.942s][debug  ][gc,phases      ] GC(132)     Total                          Min: 767, Avg: 892.8, Max: 1024, Diff: 257, Sum: 5357, Workers: 6
[35.942s][debug  ][gc,phases      ] GC(132)   ResolvedMethodTable Weak       Min:  0.0, Avg:  0.0, Max:  0.0, Diff:  0.0, Sum:  0.0, Workers: 6
[35.942s][debug  ][gc,phases      ] GC(132)     Dead                           Min: 0, Avg:  0.0, Max: 0, Diff: 0, Sum: 0, Workers: 6
[35.942s][debug  ][gc,phases      ] GC(132)     Total                          Min: 0, Avg: 21.7, Max: 64, Diff: 64, Sum: 130, Workers: 6
[35.942s][debug  ][gc,phases      ] GC(132)   JNI Weak                       Min:  0.0, Avg:  0.0, Max:  0.0, Diff:  0.0, Sum:  0.0, Workers: 6
[35.942s][debug  ][gc,phases      ] GC(132)     Dead                           Min: 0, Avg:  0.0, Max: 0, Diff: 0, Sum: 0, Workers: 6
[35.942s][debug  ][gc,phases      ] GC(132)     Total                          Min: 0, Avg:  0.0, Max: 0, Diff: 0, Sum: 0, Workers: 6
[35.942s][debug  ][gc,phases      ] GC(132)   StringDedup Table Weak         Min:  0.0, Avg:  0.0, Max:  0.0, Diff:  0.0, Sum:  0.0, Workers: 6
[35.942s][debug  ][gc,phases      ] GC(132)     Dead                           Min: 0, Avg:  0.0, Max: 0, Diff: 0, Sum: 0, Workers: 6
[35.942s][debug  ][gc,phases      ] GC(132)     Total                          Min: 0, Avg:  0.0, Max: 0, Diff: 0, Sum: 0, Workers: 6
[35.942s][debug  ][gc,phases      ] GC(132)   StringDedup Requests0 Weak     Min:  0.0, Avg:  0.0, Max:  0.0, Diff:  0.0, Sum:  0.0, Workers: 6
[35.942s][debug  ][gc,phases      ] GC(132)     Dead                           Min: 0, Avg:  0.0, Max: 0, Diff: 0, Sum: 0, Workers: 6
[35.942s][debug  ][gc,phases      ] GC(132)     Total                          Min: 0, Avg:  0.0, Max: 0, Diff: 0, Sum: 0, Workers: 6
[35.942s][debug  ][gc,phases      ] GC(132)   StringDedup Requests1 Weak     Min:  0.0, Avg:  0.0, Max:  0.0, Diff:  0.0, Sum:  0.0, Workers: 6
[35.942s][debug  ][gc,phases      ] GC(132)     Dead                           Min: 0, Avg:  0.0, Max: 0, Diff: 0, Sum: 0, Workers: 6
[35.942s][debug  ][gc,phases      ] GC(132)     Total                          Min: 0, Avg:  0.0, Max: 0, Diff: 0, Sum: 0, Workers: 6
[35.942s][debug  ][gc,phases      ] GC(132)   Weak JFR Old Object Samples    Min:  0.0, Avg:  0.0, Max:  0.0, Diff:  0.0, Sum:  0.0, Workers: 6
[35.942s][debug  ][gc,phases      ] GC(132)     Dead                           Min: 0, Avg:  0.0, Max: 0, Diff: 0, Sum: 0, Workers: 6
[35.942s][debug  ][gc,phases      ] GC(132)     Total                          Min: 0, Avg:  0.0, Max: 0, Diff: 0, Sum: 0, Workers: 6
[35.942s][debug  ][gc,phases      ] GC(132) Weak Processing 0.768ms
[35.943s][debug  ][gc,ergo        ] GC(132) AdaptiveSizeStart:  collection: 133 
[35.943s][debug  ][gc,ergo        ] GC(132) avg_survived_padded_avg: 32455988.000000
[35.943s][debug  ][gc,ergo        ] GC(132) avg_promoted_padded_avg: 245837744.000000  avg_pretenured_padded_avg: 0.000000  tenuring_thresh: 15  target_size: 32505856
[35.943s][debug  ][gc,age         ] GC(132) Desired survivor size 32505856 bytes, new threshold 15 (max threshold 15)
[35.943s][debug  ][gc,ergo        ] GC(132) PSAdaptiveSizePolicy::compute_eden_space_size limits: desired_eden_size: 221509376 old_eden_size: 202375168 eden_limit: 202375168 cur_eden: 202375168 max_eden_size: 202375168 avg_young_live: 27163974
[35.943s][debug  ][gc,ergo        ] GC(132) PSAdaptiveSizePolicy::compute_eden_space_size: costs minor_time: 0.046809 major_cost: 0.053233 mutator_cost: 0.899957 throughput_goal: 0.990000
[35.943s][debug  ][gc,ergo        ] GC(132) Live_space: 1057681280 free_space: 1429209088
[35.943s][debug  ][gc,ergo        ] GC(132) Old eden_size: 202375168 desired_eden_size: 202375168
[35.943s][debug  ][gc,ergo        ] GC(132) AdaptiveSizeStop: collection: 133 
[35.943s][info   ][gc,heap        ] GC(132) PSYoungGen: 218877K(229888K)->30720K(229888K) Eden: 188156K(197632K)->0K(197632K) From: 30720K(32256K)->30720K(32256K)
[35.943s][info   ][gc,heap        ] GC(132) ParOldGen: 1025636K(1835008K)->1209956K(1835008K)
[35.943s][info   ][gc,metaspace   ] GC(132) Metaspace: 1022K(1216K)->1022K(1216K) NonClass: 938K(1024K)->938K(1024K) Class: 83K(192K)->83K(192K)
[35.943s][info   ][gc             ] GC(132) Pause Young (Allocation Failure) 1215M->1211M(2016M) 17.105ms
[35.943s][info   ][gc,cpu         ] GC(132) User=0.16s Sys=0.00s Real=0.02s
[35.943s][debug  ][gc,heap        ] GC(132) Heap after GC invocations=133 (full 21):
[35.943s][debug  ][gc,heap        ] GC(132)  PSYoungGen      total 229888K, used 30720K [0x00000000f0000000, 0x0000000100000000, 0x0000000100000000)
[35.943s][debug  ][gc,heap        ] GC(132)   eden space 197632K, 0% used [0x00000000f0000000,0x00000000f0000000,0x00000000fc100000)
[35.943s][debug  ][gc,heap        ] GC(132)   from space 32256K, 95% used [0x00000000fc100000,0x00000000fdf00030,0x00000000fe080000)
[35.943s][debug  ][gc,heap        ] GC(132)   to   space 31744K, 0% used [0x00000000fe100000,0x00000000fe100000,0x0000000100000000)
[35.943s][debug  ][gc,heap        ] GC(132)  ParOldGen       total 1835008K, used 1209956K [0x0000000080000000, 0x00000000f0000000, 0x00000000f0000000)
[35.943s][debug  ][gc,heap        ] GC(132)   object space 1835008K, 65% used [0x0000000080000000,0x00000000c9d993e8,0x00000000f0000000)
[35.943s][debug  ][gc,heap        ] GC(132)  Metaspace       used 1022K, committed 1216K, reserved 1056768K
[35.943s][debug  ][gc,heap        ] GC(132)   class space    used 83K, committed 192K, reserved 1048576K
[35.943s][debug  ][gc,task,time   ] GC(132) VM-Thread 359252706 359407888 359430822
[36.227s][debug  ][gc,heap        ] GC(133) Heap before GC invocations=134 (full 21):
[36.227s][debug  ][gc,heap        ] GC(133)  PSYoungGen      total 229888K, used 218889K [0x00000000f0000000, 0x0000000100000000, 0x0000000100000000)
[36.227s][debug  ][gc,heap        ] GC(133)   eden space 197632K, 95% used [0x00000000f0000000,0x00000000fb7c2550,0x00000000fc100000)
[36.227s][debug  ][gc,heap        ] GC(133)   from space 32256K, 95% used [0x00000000fc100000,0x00000000fdf00030,0x00000000fe080000)
[36.227s][debug  ][gc,heap        ] GC(133)   to   space 31744K, 0% used [0x00000000fe100000,0x00000000fe100000,0x0000000100000000)
[36.227s][debug  ][gc,heap        ] GC(133)  ParOldGen       total 1835008K, used 1209956K [0x0000000080000000, 0x00000000f0000000, 0x00000000f0000000)
[36.227s][debug  ][gc,heap        ] GC(133)   object space 1835008K, 65% used [0x0000000080000000,0x00000000c9d993e8,0x00000000f0000000)
[36.227s][debug  ][gc,heap        ] GC(133)  Metaspace       used 1022K, committed 1216K, reserved 1056768K
[36.227s][debug  ][gc,heap        ] GC(133)   class space    used 83K, committed 192K, reserved 1048576K
[36.227s][debug  ][gc,tlab        ] GC(133) TLAB totals: thrds: 1  refills: 1 max: 1 slow allocs: 17 max 17 waste: 27.3% gc: 3941424B max: 3941424B slow: 0B max: 0B
[36.227s][info   ][gc,start       ] GC(133) Pause Young (Allocation Failure)
[36.227s][debug  ][gc,phases,start] GC(133) Scavenge
[36.242s][debug  ][gc,phases      ] GC(133) Scavenge 14.685ms
[36.242s][debug  ][gc,phases,start] GC(133) Reference Processing
[36.242s][debug  ][gc,ref         ] GC(133) Skipped phase 1 of Reference Processing: no references
[36.242s][debug  ][gc,ref         ] GC(133) Skipped phase 2 of Reference Processing: no references
[36.242s][debug  ][gc,ref         ] GC(133) Skipped phase 3 of Reference Processing: no references
[36.242s][debug  ][gc,ref         ] GC(133) Skipped phase 4 of Reference Processing: no references
[36.242s][debug  ][gc,phases,ref  ] GC(133) Reference Processing: 0.1ms
[36.242s][debug  ][gc,phases,ref  ] GC(133)   Reconsider SoftReferences: 0.0ms
[36.242s][debug  ][gc,phases,ref  ] GC(133)     SoftRef (ms):                  skipped
[36.242s][debug  ][gc,phases,ref  ] GC(133)   Notify Soft/WeakReferences: 0.0ms
[36.242s][debug  ][gc,phases,ref  ] GC(133)     SoftRef (ms):                  skipped
[36.242s][debug  ][gc,phases,ref  ] GC(133)     WeakRef (ms):                  skipped
[36.242s][debug  ][gc,phases,ref  ] GC(133)     FinalRef (ms):                 skipped
[36.242s][debug  ][gc,phases,ref  ] GC(133)     Total (ms):                    skipped
[36.243s][debug  ][gc,phases,ref  ] GC(133)   Notify and keep alive finalizable: 0.0ms
[36.243s][debug  ][gc,phases,ref  ] GC(133)     FinalRef (ms):                 skipped
[36.243s][debug  ][gc,phases,ref  ] GC(133)   Notify PhantomReferences: 0.0ms
[36.243s][debug  ][gc,phases,ref  ] GC(133)     PhantomRef (ms):               skipped
[36.243s][debug  ][gc,phases,ref  ] GC(133)   SoftReference:
[36.243s][debug  ][gc,phases,ref  ] GC(133)     Discovered: 0
[36.243s][debug  ][gc,phases,ref  ] GC(133)     Cleared: 0
[36.243s][debug  ][gc,phases,ref  ] GC(133)   WeakReference:
[36.243s][debug  ][gc,phases,ref  ] GC(133)     Discovered: 0
[36.243s][debug  ][gc,phases,ref  ] GC(133)     Cleared: 0
[36.243s][debug  ][gc,phases,ref  ] GC(133)   FinalReference:
[36.243s][debug  ][gc,phases,ref  ] GC(133)     Discovered: 0
[36.243s][debug  ][gc,phases,ref  ] GC(133)     Cleared: 0
[36.243s][debug  ][gc,phases,ref  ] GC(133)   PhantomReference:
[36.243s][debug  ][gc,phases,ref  ] GC(133)     Discovered: 0
[36.243s][debug  ][gc,phases,ref  ] GC(133)     Cleared: 0
[36.243s][debug  ][gc,phases      ] GC(133) Reference Processing 0.754ms
[36.243s][debug  ][gc,phases,start] GC(133) Weak Processing
[36.243s][debug  ][gc,phases      ] GC(133)   VM Weak                        Min:  0.0, Avg:  0.0, Max:  0.0, Diff:  0.0, Sum:  0.0, Workers: 6
[36.243s][debug  ][gc,phases      ] GC(133)     Dead                           Min: 0, Avg:  0.0, Max: 0, Diff: 0, Sum: 0, Workers: 6
[36.243s][debug  ][gc,phases      ] GC(133)     Total                          Min: 0, Avg:  1.3, Max: 8, Diff: 8, Sum: 8, Workers: 6
[36.243s][debug  ][gc,phases      ] GC(133)   ObjectSynchronizer Weak        Min:  0.0, Avg:  0.0, Max:  0.0, Diff:  0.0, Sum:  0.0, Workers: 6
[36.243s][debug  ][gc,phases      ] GC(133)     Dead                           Min: 0, Avg:  0.0, Max: 0, Diff: 0, Sum: 0, Workers: 6
[36.243s][debug  ][gc,phases      ] GC(133)     Total                          Min: 0, Avg:  0.5, Max: 3, Diff: 3, Sum: 3, Workers: 6
[36.243s][debug  ][gc,phases      ] GC(133)   JVMTI Tag Weak OopStorage      Min:  0.0, Avg:  0.0, Max:  0.0, Diff:  0.0, Sum:  0.0, Workers: 6
[36.243s][debug  ][gc,phases      ] GC(133)     Dead                           Min: 0, Avg:  0.0, Max: 0, Diff: 0, Sum: 0, Workers: 6
[36.243s][debug  ][gc,phases      ] GC(133)     Total                          Min: 0, Avg:  0.0, Max: 0, Diff: 0, Sum: 0, Workers: 6
[36.243s][debug  ][gc,phases      ] GC(133)   StringTable Weak               Min:  0.0, Avg:  0.0, Max:  0.0, Diff:  0.0, Sum:  0.0, Workers: 6
[36.243s][debug  ][gc,phases      ] GC(133)     Dead                           Min: 0, Avg:  0.0, Max: 0, Diff: 0, Sum: 0, Workers: 6
[36.243s][debug  ][gc,phases      ] GC(133)     Total                          Min: 832, Avg: 892.8, Max: 1070, Diff: 238, Sum: 5357, Workers: 6
[36.243s][debug  ][gc,phases      ] GC(133)   ResolvedMethodTable Weak       Min:  0.0, Avg:  0.0, Max:  0.0, Diff:  0.0, Sum:  0.0, Workers: 6
[36.243s][debug  ][gc,phases      ] GC(133)     Dead                           Min: 0, Avg:  0.0, Max: 0, Diff: 0, Sum: 0, Workers: 6
[36.243s][debug  ][gc,phases      ] GC(133)     Total                          Min: 0, Avg: 21.7, Max: 64, Diff: 64, Sum: 130, Workers: 6
[36.243s][debug  ][gc,phases      ] GC(133)   JNI Weak                       Min:  0.0, Avg:  0.0, Max:  0.0, Diff:  0.0, Sum:  0.0, Workers: 6
[36.243s][debug  ][gc,phases      ] GC(133)     Dead                           Min: 0, Avg:  0.0, Max: 0, Diff: 0, Sum: 0, Workers: 6
[36.243s][debug  ][gc,phases      ] GC(133)     Total                          Min: 0, Avg:  0.0, Max: 0, Diff: 0, Sum: 0, Workers: 6
[36.243s][debug  ][gc,phases      ] GC(133)   StringDedup Table Weak         Min:  0.0, Avg:  0.0, Max:  0.0, Diff:  0.0, Sum:  0.0, Workers: 6
[36.243s][debug  ][gc,phases      ] GC(133)     Dead                           Min: 0, Avg:  0.0, Max: 0, Diff: 0, Sum: 0, Workers: 6
[36.243s][debug  ][gc,phases      ] GC(133)     Total                          Min: 0, Avg:  0.0, Max: 0, Diff: 0, Sum: 0, Workers: 6
[36.244s][debug  ][gc,phases      ] GC(133)   StringDedup Requests0 Weak     Min:  0.0, Avg:  0.0, Max:  0.0, Diff:  0.0, Sum:  0.0, Workers: 6
[36.244s][debug  ][gc,phases      ] GC(133)     Dead                           Min: 0, Avg:  0.0, Max: 0, Diff: 0, Sum: 0, Workers: 6
[36.244s][debug  ][gc,phases      ] GC(133)     Total                          Min: 0, Avg:  0.0, Max: 0, Diff: 0, Sum: 0, Workers: 6
[36.244s][debug  ][gc,phases      ] GC(133)   StringDedup Requests1 Weak     Min:  0.0, Avg:  0.0, Max:  0.0, Diff:  0.0, Sum:  0.0, Workers: 6
[36.244s][debug  ][gc,phases      ] GC(133)     Dead                           Min: 0, Avg:  0.0, Max: 0, Diff: 0, Sum: 0, Workers: 6
[36.244s][debug  ][gc,phases      ] GC(133)     Total                          Min: 0, Avg:  0.0, Max: 0, Diff: 0, Sum: 0, Workers: 6
[36.244s][debug  ][gc,phases      ] GC(133)   Weak JFR Old Object Samples    Min:  0.0, Avg:  0.0, Max:  0.0, Diff:  0.0, Sum:  0.0, Workers: 6
[36.244s][debug  ][gc,phases      ] GC(133)     Dead                           Min: 0, Avg:  0.0, Max: 0, Diff: 0, Sum: 0, Workers: 6
[36.244s][debug  ][gc,phases      ] GC(133)     Total                          Min: 0, Avg:  0.0, Max: 0, Diff: 0, Sum: 0, Workers: 6
[36.244s][debug  ][gc,phases      ] GC(133) Weak Processing 0.757ms
[36.244s][debug  ][gc,ergo        ] GC(133) AdaptiveSizeStart:  collection: 134 
[36.244s][debug  ][gc,ergo        ] GC(133) avg_survived_padded_avg: 32377252.000000
[36.244s][debug  ][gc,ergo        ] GC(133) avg_promoted_padded_avg: 248911984.000000  avg_pretenured_padded_avg: 0.000000  tenuring_thresh: 15  target_size: 32505856
[36.244s][debug  ][gc,age         ] GC(133) Desired survivor size 32505856 bytes, new threshold 15 (max threshold 15)
[36.244s][debug  ][gc,ergo        ] GC(133) PSAdaptiveSizePolicy::compute_eden_space_size limits: desired_eden_size: 221904715 old_eden_size: 202375168 eden_limit: 202899456 cur_eden: 202375168 max_eden_size: 202899456 avg_young_live: 27593310
[36.244s][debug  ][gc,ergo        ] GC(133) PSAdaptiveSizePolicy::compute_eden_space_size: costs minor_time: 0.048660 major_cost: 0.053233 mutator_cost: 0.898106 throughput_goal: 0.990000
[36.244s][debug  ][gc,ergo        ] GC(133) Live_space: 1058110592 free_space: 1429209088
[36.244s][debug  ][gc,ergo        ] GC(133) Old eden_size: 202375168 desired_eden_size: 202899456
[36.244s][debug  ][gc,ergo        ] GC(133) AdaptiveSizeStop: collection: 134 
[36.244s][info   ][gc,heap        ] GC(133) PSYoungGen: 218889K(229888K)->30720K(230400K) Eden: 188169K(197632K)->0K(198656K) From: 30720K(32256K)->30720K(31744K)
[36.244s][info   ][gc,heap        ] GC(133) ParOldGen: 1209956K(1835008K)->1394277K(1835008K)
[36.244s][info   ][gc,metaspace   ] GC(133) Metaspace: 1022K(1216K)->1022K(1216K) NonClass: 938K(1024K)->938K(1024K) Class: 83K(192K)->83K(192K)
[36.244s][info   ][gc             ] GC(133) Pause Young (Allocation Failure) 1395M->1391M(2017M) 16.673ms
[36.244s][info   ][gc,cpu         ] GC(133) User=0.16s Sys=0.00s Real=0.02s
[36.244s][debug  ][gc,heap        ] GC(133) Heap after GC invocations=134 (full 21):
[36.244s][debug  ][gc,heap        ] GC(133)  PSYoungGen      total 230400K, used 30720K [0x00000000f0000000, 0x0000000100000000, 0x0000000100000000)
[36.244s][debug  ][gc,heap        ] GC(133)   eden space 198656K, 0% used [0x00000000f0000000,0x00000000f0000000,0x00000000fc200000)
[36.244s][debug  ][gc,heap        ] GC(133)   from space 31744K, 96% used [0x00000000fe100000,0x00000000fff00030,0x0000000100000000)
[36.244s][debug  ][gc,heap        ] GC(133)   to   space 31744K, 0% used [0x00000000fc200000,0x00000000fc200000,0x00000000fe100000)
[36.244s][debug  ][gc,heap        ] GC(133)  ParOldGen       total 1835008K, used 1394277K [0x0000000080000000, 0x00000000f0000000, 0x00000000f0000000)
[36.244s][debug  ][gc,heap        ] GC(133)   object space 1835008K, 75% used [0x0000000080000000,0x00000000d5199508,0x00000000f0000000)
[36.244s][debug  ][gc,heap        ] GC(133)  Metaspace       used 1022K, committed 1216K, reserved 1056768K
[36.244s][debug  ][gc,heap        ] GC(133)   class space    used 83K, committed 192K, reserved 1048576K
[36.244s][debug  ][gc,task,time   ] GC(133) VM-Thread 362269134 362421632 362442694
[36.544s][debug  ][gc,heap        ] GC(134) Heap before GC invocations=135 (full 21):
[36.544s][debug  ][gc,heap        ] GC(134)  PSYoungGen      total 230400K, used 229157K [0x00000000f0000000, 0x0000000100000000, 0x0000000100000000)
[36.544s][debug  ][gc,heap        ] GC(134)   eden space 198656K, 99% used [0x00000000f0000000,0x00000000fc1c9528,0x00000000fc200000)
[36.544s][debug  ][gc,heap        ] GC(134)   from space 31744K, 96% used [0x00000000fe100000,0x00000000fff00030,0x0000000100000000)
[36.544s][debug  ][gc,heap        ] GC(134)   to   space 31744K, 0% used [0x00000000fc200000,0x00000000fc200000,0x00000000fe100000)
[36.544s][debug  ][gc,heap        ] GC(134)  ParOldGen       total 1835008K, used 1394277K [0x0000000080000000, 0x00000000f0000000, 0x00000000f0000000)
[36.544s][debug  ][gc,heap        ] GC(134)   object space 1835008K, 75% used [0x0000000080000000,0x00000000d5199508,0x00000000f0000000)
[36.544s][debug  ][gc,heap        ] GC(134)  Metaspace       used 1022K, committed 1216K, reserved 1056768K
[36.544s][debug  ][gc,heap        ] GC(134)   class space    used 83K, committed 192K, reserved 1048576K
[36.544s][debug  ][gc,tlab        ] GC(134) TLAB totals: thrds: 1  refills: 1 max: 1 slow allocs: 18 max 18 waste: 27.5% gc: 3970040B max: 3970040B slow: 0B max: 0B
[36.545s][info   ][gc,start       ] GC(134) Pause Young (Allocation Failure)
[36.545s][debug  ][gc,phases,start] GC(134) Scavenge
[36.560s][debug  ][gc,phases      ] GC(134) Scavenge 15.413ms
[36.560s][debug  ][gc,phases,start] GC(134) Reference Processing
[36.560s][debug  ][gc,ref         ] GC(134) Skipped phase 1 of Reference Processing: no references
[36.560s][debug  ][gc,ref         ] GC(134) Skipped phase 2 of Reference Processing: no references
[36.560s][debug  ][gc,ref         ] GC(134) Skipped phase 3 of Reference Processing: no references
[36.560s][debug  ][gc,ref         ] GC(134) Skipped phase 4 of Reference Processing: no references
[36.560s][debug  ][gc,phases,ref  ] GC(134) Reference Processing: 0.1ms
[36.560s][debug  ][gc,phases,ref  ] GC(134)   Reconsider SoftReferences: 0.0ms
[36.560s][debug  ][gc,phases,ref  ] GC(134)     SoftRef (ms):                  skipped
[36.560s][debug  ][gc,phases,ref  ] GC(134)   Notify Soft/WeakReferences: 0.0ms
[36.560s][debug  ][gc,phases,ref  ] GC(134)     SoftRef (ms):                  skipped
[36.560s][debug  ][gc,phases,ref  ] GC(134)     WeakRef (ms):                  skipped
[36.560s][debug  ][gc,phases,ref  ] GC(134)     FinalRef (ms):                 skipped
[36.560s][debug  ][gc,phases,ref  ] GC(134)     Total (ms):                    skipped
[36.560s][debug  ][gc,phases,ref  ] GC(134)   Notify and keep alive finalizable: 0.0ms
[36.560s][debug  ][gc,phases,ref  ] GC(134)     FinalRef (ms):                 skipped
[36.560s][debug  ][gc,phases,ref  ] GC(134)   Notify PhantomReferences: 0.0ms
[36.560s][debug  ][gc,phases,ref  ] GC(134)     PhantomRef (ms):               skipped
[36.561s][debug  ][gc,phases,ref  ] GC(134)   SoftReference:
[36.561s][debug  ][gc,phases,ref  ] GC(134)     Discovered: 0
[36.561s][debug  ][gc,phases,ref  ] GC(134)     Cleared: 0
[36.561s][debug  ][gc,phases,ref  ] GC(134)   WeakReference:
[36.561s][debug  ][gc,phases,ref  ] GC(134)     Discovered: 0
[36.561s][debug  ][gc,phases,ref  ] GC(134)     Cleared: 0
[36.561s][debug  ][gc,phases,ref  ] GC(134)   FinalReference:
[36.561s][debug  ][gc,phases,ref  ] GC(134)     Discovered: 0
[36.561s][debug  ][gc,phases,ref  ] GC(134)     Cleared: 0
[36.561s][debug  ][gc,phases,ref  ] GC(134)   PhantomReference:
[36.561s][debug  ][gc,phases,ref  ] GC(134)     Discovered: 0
[36.561s][debug  ][gc,phases,ref  ] GC(134)     Cleared: 0
[36.561s][debug  ][gc,phases      ] GC(134) Reference Processing 0.655ms
[36.561s][debug  ][gc,phases,start] GC(134) Weak Processing
[36.561s][debug  ][gc,phases      ] GC(134)   VM Weak                        Min:  0.0, Avg:  0.0, Max:  0.0, Diff:  0.0, Sum:  0.0, Workers: 6
[36.561s][debug  ][gc,phases      ] GC(134)     Dead                           Min: 0, Avg:  0.0, Max: 0, Diff: 0, Sum: 0, Workers: 6
[36.561s][debug  ][gc,phases      ] GC(134)     Total                          Min: 0, Avg:  1.3, Max: 8, Diff: 8, Sum: 8, Workers: 6
[36.561s][debug  ][gc,phases      ] GC(134)   ObjectSynchronizer Weak        Min:  0.0, Avg:  0.0, Max:  0.0, Diff:  0.0, Sum:  0.0, Workers: 6
[36.561s][debug  ][gc,phases      ] GC(134)     Dead                           Min: 0, Avg:  0.0, Max: 0, Diff: 0, Sum: 0, Workers: 6
[36.561s][debug  ][gc,phases      ] GC(134)     Total                          Min: 0, Avg:  0.5, Max: 3, Diff: 3, Sum: 3, Workers: 6
[36.561s][debug  ][gc,phases      ] GC(134)   JVMTI Tag Weak OopStorage      Min:  0.0, Avg:  0.0, Max:  0.0, Diff:  0.0, Sum:  0.0, Workers: 6
[36.561s][debug  ][gc,phases      ] GC(134)     Dead                           Min: 0, Avg:  0.0, Max: 0, Diff: 0, Sum: 0, Workers: 6
[36.561s][debug  ][gc,phases      ] GC(134)     Total                          Min: 0, Avg:  0.0, Max: 0, Diff: 0, Sum: 0, Workers: 6
[36.561s][debug  ][gc,phases      ] GC(134)   StringTable Weak               Min:  0.0, Avg:  0.0, Max:  0.0, Diff:  0.0, Sum:  0.0, Workers: 6
[36.561s][debug  ][gc,phases      ] GC(134)     Dead                           Min: 0, Avg:  0.0, Max: 0, Diff: 0, Sum: 0, Workers: 6
[36.561s][debug  ][gc,phases      ] GC(134)     Total                          Min: 767, Avg: 892.8, Max: 1088, Diff: 321, Sum: 5357, Workers: 6
[36.561s][debug  ][gc,phases      ] GC(134)   ResolvedMethodTable Weak       Min:  0.0, Avg:  0.0, Max:  0.0, Diff:  0.0, Sum:  0.0, Workers: 6
[36.561s][debug  ][gc,phases      ] GC(134)     Dead                           Min: 0, Avg:  0.0, Max: 0, Diff: 0, Sum: 0, Workers: 6
[36.561s][debug  ][gc,phases      ] GC(134)     Total                          Min: 0, Avg: 21.7, Max: 64, Diff: 64, Sum: 130, Workers: 6
[36.561s][debug  ][gc,phases      ] GC(134)   JNI Weak                       Min:  0.0, Avg:  0.0, Max:  0.0, Diff:  0.0, Sum:  0.0, Workers: 6
[36.561s][debug  ][gc,phases      ] GC(134)     Dead                           Min: 0, Avg:  0.0, Max: 0, Diff: 0, Sum: 0, Workers: 6
[36.561s][debug  ][gc,phases      ] GC(134)     Total                          Min: 0, Avg:  0.0, Max: 0, Diff: 0, Sum: 0, Workers: 6
[36.561s][debug  ][gc,phases      ] GC(134)   StringDedup Table Weak         Min:  0.0, Avg:  0.0, Max:  0.0, Diff:  0.0, Sum:  0.0, Workers: 6
[36.561s][debug  ][gc,phases      ] GC(134)     Dead                           Min: 0, Avg:  0.0, Max: 0, Diff: 0, Sum: 0, Workers: 6
[36.561s][debug  ][gc,phases      ] GC(134)     Total                          Min: 0, Avg:  0.0, Max: 0, Diff: 0, Sum: 0, Workers: 6
[36.561s][debug  ][gc,phases      ] GC(134)   StringDedup Requests0 Weak     Min:  0.0, Avg:  0.0, Max:  0.0, Diff:  0.0, Sum:  0.0, Workers: 6
[36.561s][debug  ][gc,phases      ] GC(134)     Dead                           Min: 0, Avg:  0.0, Max: 0, Diff: 0, Sum: 0, Workers: 6
[36.561s][debug  ][gc,phases      ] GC(134)     Total                          Min: 0, Avg:  0.0, Max: 0, Diff: 0, Sum: 0, Workers: 6
[36.561s][debug  ][gc,phases      ] GC(134)   StringDedup Requests1 Weak     Min:  0.0, Avg:  0.0, Max:  0.0, Diff:  0.0, Sum:  0.0, Workers: 6
[36.561s][debug  ][gc,phases      ] GC(134)     Dead                           Min: 0, Avg:  0.0, Max: 0, Diff: 0, Sum: 0, Workers: 6
[36.561s][debug  ][gc,phases      ] GC(134)     Total                          Min: 0, Avg:  0.0, Max: 0, Diff: 0, Sum: 0, Workers: 6
[36.561s][debug  ][gc,phases      ] GC(134)   Weak JFR Old Object Samples    Min:  0.0, Avg:  0.0, Max:  0.0, Diff:  0.0, Sum:  0.0, Workers: 6
[36.561s][debug  ][gc,phases      ] GC(134)     Dead                           Min: 0, Avg:  0.0, Max: 0, Diff: 0, Sum: 0, Workers: 6
[36.561s][debug  ][gc,phases      ] GC(134)     Total                          Min: 0, Avg:  0.0, Max: 0, Diff: 0, Sum: 0, Workers: 6
[36.561s][debug  ][gc,phases      ] GC(134) Weak Processing 0.699ms
[36.562s][debug  ][gc,ergo        ] GC(134) AdaptiveSizeStart:  collection: 135 
[36.562s][debug  ][gc,ergo        ] GC(134) avg_survived_padded_avg: 32304280.000000
[36.562s][debug  ][gc,ergo        ] GC(134) avg_promoted_padded_avg: 254680176.000000  avg_pretenured_padded_avg: 0.000000  tenuring_thresh: 15  target_size: 32505856
[36.562s][debug  ][gc,age         ] GC(134) Desired survivor size 32505856 bytes, new threshold 15 (max threshold 15)
[36.562s][debug  ][gc,ergo        ] GC(134) PSAdaptiveSizePolicy::compute_eden_space_size limits: desired_eden_size: 223187817 old_eden_size: 202899456 eden_limit: 203423744 cur_eden: 203423744 max_eden_size: 203423744 avg_young_live: 27979710
[36.562s][debug  ][gc,ergo        ] GC(134) PSAdaptiveSizePolicy::compute_eden_space_size: costs minor_time: 0.049791 major_cost: 0.053233 mutator_cost: 0.896975 throughput_goal: 0.990000
[36.562s][debug  ][gc,ergo        ] GC(134) Live_space: 1058497024 free_space: 1429733376
[36.562s][debug  ][gc,ergo        ] GC(134) Old eden_size: 202899456 desired_eden_size: 203423744
[36.562s][debug  ][gc,ergo        ] GC(134) AdaptiveSizeStop: collection: 135 
[36.562s][info   ][gc,heap        ] GC(134) PSYoungGen: 229157K(230400K)->30720K(230400K) Eden: 198437K(198656K)->0K(198656K) From: 30720K(31744K)->30720K(31744K)
[36.562s][info   ][gc,heap        ] GC(134) ParOldGen: 1394277K(1835008K)->1588837K(1835008K)
[36.562s][info   ][gc,metaspace   ] GC(134) Metaspace: 1022K(1216K)->1022K(1216K) NonClass: 938K(1024K)->938K(1024K) Class: 83K(192K)->83K(192K)
[36.562s][info   ][gc             ] GC(134) Pause Young (Allocation Failure) 1585M->1581M(2017M) 17.263ms
[36.562s][info   ][gc,cpu         ] GC(134) User=0.14s Sys=0.02s Real=0.02s
[36.562s][debug  ][gc,heap        ] GC(134) Heap after GC invocations=135 (full 21):
[36.562s][debug  ][gc,heap        ] GC(134)  PSYoungGen      total 230400K, used 30720K [0x00000000f0000000, 0x0000000100000000, 0x0000000100000000)
[36.562s][debug  ][gc,heap        ] GC(134)   eden space 198656K, 0% used [0x00000000f0000000,0x00000000f0000000,0x00000000fc200000)
[36.562s][debug  ][gc,heap        ] GC(134)   from space 31744K, 96% used [0x00000000fc200000,0x00000000fe000030,0x00000000fe100000)
[36.562s][debug  ][gc,heap        ] GC(134)   to   space 31744K, 0% used [0x00000000fe100000,0x00000000fe100000,0x0000000100000000)
[36.562s][debug  ][gc,heap        ] GC(134)  ParOldGen       total 1835008K, used 1588837K [0x0000000080000000, 0x00000000f0000000, 0x00000000f0000000)
[36.562s][debug  ][gc,heap        ] GC(134)   object space 1835008K, 86% used [0x0000000080000000,0x00000000e0f99638,0x00000000f0000000)
[36.562s][debug  ][gc,heap        ] GC(134)  Metaspace       used 1022K, committed 1216K, reserved 1056768K
[36.562s][debug  ][gc,heap        ] GC(134)   class space    used 83K, committed 192K, reserved 1048576K
[36.562s][debug  ][gc,task,time   ] GC(134) VM-Thread 365440606 365601016 365620650
[36.562s][debug  ][gc,phases,start] GC(135) Pre Compact
[36.562s][debug  ][gc,heap        ] GC(135) Heap before GC invocations=136 (full 22):
[36.562s][debug  ][gc,heap        ] GC(135)  PSYoungGen      total 230400K, used 30720K [0x00000000f0000000, 0x0000000100000000, 0x0000000100000000)
[36.562s][debug  ][gc,heap        ] GC(135)   eden space 198656K, 0% used [0x00000000f0000000,0x00000000f0000000,0x00000000fc200000)
[36.562s][debug  ][gc,heap        ] GC(135)   from space 31744K, 96% used [0x00000000fc200000,0x00000000fe000030,0x00000000fe100000)
[36.562s][debug  ][gc,heap        ] GC(135)   to   space 31744K, 0% used [0x00000000fe100000,0x00000000fe100000,0x0000000100000000)
[36.562s][debug  ][gc,heap        ] GC(135)  ParOldGen       total 1835008K, used 1588837K [0x0000000080000000, 0x00000000f0000000, 0x00000000f0000000)
[36.562s][debug  ][gc,heap        ] GC(135)   object space 1835008K, 86% used [0x0000000080000000,0x00000000e0f99638,0x00000000f0000000)
[36.562s][debug  ][gc,heap        ] GC(135)  Metaspace       used 1022K, committed 1216K, reserved 1056768K
[36.562s][debug  ][gc,heap        ] GC(135)   class space    used 83K, committed 192K, reserved 1048576K
[36.562s][debug  ][gc,phases      ] GC(135) Pre Compact 0.202ms
[36.562s][info   ][gc,start       ] GC(135) Pause Full (Ergonomics)
[36.562s][info   ][gc,phases,start] GC(135) Marking Phase
[36.562s][debug  ][gc,phases,start] GC(135) Par Mark
[36.563s][debug  ][gc,phases      ] GC(135) Par Mark 0.503ms
[36.563s][debug  ][gc,phases,start] GC(135) Reference Processing
[36.563s][debug  ][gc,ref         ] GC(135) Skipped phase 1 of Reference Processing: no references
[36.563s][debug  ][gc,ref         ] GC(135) ReferenceProcessor::execute queues: 1, RefProcThreadModel::Single, marks_oops_alive: false
[36.563s][debug  ][gc,ref         ] GC(135) Skipped phase 3 of Reference Processing: no references
[36.563s][debug  ][gc,ref         ] GC(135) ReferenceProcessor::execute queues: 1, RefProcThreadModel::Single, marks_oops_alive: false
[36.563s][debug  ][gc,phases,ref  ] GC(135) Reference Processing: 0.1ms
[36.563s][debug  ][gc,phases,ref  ] GC(135)   Reconsider SoftReferences: 0.0ms
[36.563s][debug  ][gc,phases,ref  ] GC(135)     SoftRef (ms):                  skipped
[36.563s][debug  ][gc,phases,ref  ] GC(135)   Notify Soft/WeakReferences: 0.0ms
[36.563s][debug  ][gc,phases,ref  ] GC(135)     SoftRef (ms):                  Min:  0.0, Avg:  0.0, Max:  0.0, Diff:  0.0, Sum:  0.0, Workers: 10
[36.563s][debug  ][gc,phases,ref  ] GC(135)     WeakRef (ms):                  Min:  0.0, Avg:  0.0, Max:  0.0, Diff:  0.0, Sum:  0.0, Workers: 10
[36.563s][debug  ][gc,phases,ref  ] GC(135)     FinalRef (ms):                 Min:  0.0, Avg:  0.0, Max:  0.0, Diff:  0.0, Sum:  0.0, Workers: 10
[36.563s][debug  ][gc,phases,ref  ] GC(135)     Total (ms):                    Min:  0.0, Avg:  0.0, Max:  0.0, Diff:  0.0, Sum:  0.0, Workers: 10
[36.563s][debug  ][gc,phases,ref  ] GC(135)   Notify and keep alive finalizable: 0.0ms
[36.563s][debug  ][gc,phases,ref  ] GC(135)     FinalRef (ms):                 skipped
[36.563s][debug  ][gc,phases,ref  ] GC(135)   Notify PhantomReferences: 0.0ms
[36.563s][debug  ][gc,phases,ref  ] GC(135)     PhantomRef (ms):               Min:  0.0, Avg:  0.0, Max:  0.0, Diff:  0.0, Sum:  0.0, Workers: 10
[36.563s][debug  ][gc,phases,ref  ] GC(135)   SoftReference:
[36.563s][debug  ][gc,phases,ref  ] GC(135)     Discovered: 0
[36.563s][debug  ][gc,phases,ref  ] GC(135)     Cleared: 0
[36.563s][debug  ][gc,phases,ref  ] GC(135)   WeakReference:
[36.564s][debug  ][gc,phases,ref  ] GC(135)     Discovered: 45
[36.564s][debug  ][gc,phases,ref  ] GC(135)     Cleared: 45
[36.564s][debug  ][gc,phases,ref  ] GC(135)   FinalReference:
[36.564s][debug  ][gc,phases,ref  ] GC(135)     Discovered: 0
[36.564s][debug  ][gc,phases,ref  ] GC(135)     Cleared: 0
[36.564s][debug  ][gc,phases,ref  ] GC(135)   PhantomReference:
[36.564s][debug  ][gc,phases,ref  ] GC(135)     Discovered: 5
[36.564s][debug  ][gc,phases,ref  ] GC(135)     Cleared: 5
[36.564s][debug  ][gc,phases      ] GC(135) Reference Processing 0.775ms
[36.564s][debug  ][gc,phases,start] GC(135) Weak Processing
[36.564s][debug  ][gc,phases      ] GC(135)   VM Weak                        Min:  0.0, Avg:  0.0, Max:  0.0, Diff:  0.0, Sum:  0.0, Workers: 6
[36.564s][debug  ][gc,phases      ] GC(135)     Dead                           Min: 0, Avg:  0.0, Max: 0, Diff: 0, Sum: 0, Workers: 6
[36.564s][debug  ][gc,phases      ] GC(135)     Total                          Min: 0, Avg:  1.3, Max: 8, Diff: 8, Sum: 8, Workers: 6
[36.564s][debug  ][gc,phases      ] GC(135)   ObjectSynchronizer Weak        Min:  0.0, Avg:  0.0, Max:  0.0, Diff:  0.0, Sum:  0.0, Workers: 6
[36.564s][debug  ][gc,phases      ] GC(135)     Dead                           Min: 0, Avg:  0.0, Max: 0, Diff: 0, Sum: 0, Workers: 6
[36.564s][debug  ][gc,phases      ] GC(135)     Total                          Min: 0, Avg:  0.5, Max: 3, Diff: 3, Sum: 3, Workers: 6
[36.564s][debug  ][gc,phases      ] GC(135)   JVMTI Tag Weak OopStorage      Min:  0.0, Avg:  0.0, Max:  0.0, Diff:  0.0, Sum:  0.0, Workers: 6
[36.564s][debug  ][gc,phases      ] GC(135)     Dead                           Min: 0, Avg:  0.0, Max: 0, Diff: 0, Sum: 0, Workers: 6
[36.564s][debug  ][gc,phases      ] GC(135)     Total                          Min: 0, Avg:  0.0, Max: 0, Diff: 0, Sum: 0, Workers: 6
[36.564s][debug  ][gc,phases      ] GC(135)   StringTable Weak               Min:  0.0, Avg:  0.0, Max:  0.0, Diff:  0.0, Sum:  0.0, Workers: 6
[36.564s][debug  ][gc,phases      ] GC(135)     Dead                           Min: 0, Avg:  0.0, Max: 0, Diff: 0, Sum: 0, Workers: 6
[36.564s][debug  ][gc,phases      ] GC(135)     Total                          Min: 703, Avg: 892.8, Max: 1280, Diff: 577, Sum: 5357, Workers: 6
[36.564s][debug  ][gc,phases      ] GC(135)   ResolvedMethodTable Weak       Min:  0.0, Avg:  0.0, Max:  0.0, Diff:  0.0, Sum:  0.0, Workers: 6
[36.564s][debug  ][gc,phases      ] GC(135)     Dead                           Min: 0, Avg:  0.0, Max: 0, Diff: 0, Sum: 0, Workers: 6
[36.564s][debug  ][gc,phases      ] GC(135)     Total                          Min: 0, Avg: 21.7, Max: 64, Diff: 64, Sum: 130, Workers: 6
[36.564s][debug  ][gc,phases      ] GC(135)   JNI Weak                       Min:  0.0, Avg:  0.0, Max:  0.0, Diff:  0.0, Sum:  0.0, Workers: 6
[36.564s][debug  ][gc,phases      ] GC(135)     Dead                           Min: 0, Avg:  0.0, Max: 0, Diff: 0, Sum: 0, Workers: 6
[36.564s][debug  ][gc,phases      ] GC(135)     Total                          Min: 0, Avg:  0.0, Max: 0, Diff: 0, Sum: 0, Workers: 6
[36.564s][debug  ][gc,phases      ] GC(135)   StringDedup Table Weak         Min:  0.0, Avg:  0.0, Max:  0.0, Diff:  0.0, Sum:  0.0, Workers: 6
[36.564s][debug  ][gc,phases      ] GC(135)     Dead                           Min: 0, Avg:  0.0, Max: 0, Diff: 0, Sum: 0, Workers: 6
[36.564s][debug  ][gc,phases      ] GC(135)     Total                          Min: 0, Avg:  0.0, Max: 0, Diff: 0, Sum: 0, Workers: 6
[36.564s][debug  ][gc,phases      ] GC(135)   StringDedup Requests0 Weak     Min:  0.0, Avg:  0.0, Max:  0.0, Diff:  0.0, Sum:  0.0, Workers: 6
[36.564s][debug  ][gc,phases      ] GC(135)     Dead                           Min: 0, Avg:  0.0, Max: 0, Diff: 0, Sum: 0, Workers: 6
[36.564s][debug  ][gc,phases      ] GC(135)     Total                          Min: 0, Avg:  0.0, Max: 0, Diff: 0, Sum: 0, Workers: 6
[36.564s][debug  ][gc,phases      ] GC(135)   StringDedup Requests1 Weak     Min:  0.0, Avg:  0.0, Max:  0.0, Diff:  0.0, Sum:  0.0, Workers: 6
[36.564s][debug  ][gc,phases      ] GC(135)     Dead                           Min: 0, Avg:  0.0, Max: 0, Diff: 0, Sum: 0, Workers: 6
[36.564s][debug  ][gc,phases      ] GC(135)     Total                          Min: 0, Avg:  0.0, Max: 0, Diff: 0, Sum: 0, Workers: 6
[36.564s][debug  ][gc,phases      ] GC(135)   Weak JFR Old Object Samples    Min:  0.0, Avg:  0.0, Max:  0.0, Diff:  0.0, Sum:  0.0, Workers: 6
[36.564s][debug  ][gc,phases      ] GC(135)     Dead                           Min: 0, Avg:  0.0, Max: 0, Diff: 0, Sum: 0, Workers: 6
[36.564s][debug  ][gc,phases      ] GC(135)     Total                          Min: 0, Avg:  0.0, Max: 0, Diff: 0, Sum: 0, Workers: 6
[36.564s][debug  ][gc,phases      ] GC(135) Weak Processing 0.676ms
[36.564s][debug  ][gc,phases,start] GC(135) Class Unloading
[36.564s][debug  ][gc,phases,start] GC(135) ClassLoaderData
[36.564s][debug  ][gc,phases      ] GC(135) ClassLoaderData 0.019ms
[36.564s][debug  ][gc,phases,start] GC(135) Trigger cleanups
[36.564s][debug  ][gc,phases      ] GC(135) Trigger cleanups 0.019ms
[36.565s][debug  ][gc,phases      ] GC(135) Class Unloading 0.251ms
[36.565s][info   ][gc,phases      ] GC(135) Marking Phase 2.337ms
[36.565s][info   ][gc,phases,start] GC(135) Summary Phase
[36.565s][info   ][gc,phases      ] GC(135) Summary Phase 0.045ms
[36.565s][info   ][gc,phases,start] GC(135) Adjust Roots
[36.565s][info   ][gc,phases      ] GC(135) Adjust Roots 0.170ms
[36.565s][info   ][gc,phases,start] GC(135) Compaction Phase
[36.649s][info   ][gc,phases      ] GC(135) Compaction Phase 84.423ms
[36.650s][info   ][gc,phases,start] GC(135) Post Compact
[36.654s][info   ][gc,phases      ] GC(135) Post Compact 4.847ms
[36.654s][debug  ][gc,ergo        ] GC(135) AdaptiveSizeStart: collection: 136 
[36.654s][debug  ][gc,ergo        ] GC(135) PSAdaptiveSizePolicy::compute_eden_space_size limits: desired_eden_size: 223432906 old_eden_size: 203423744 eden_limit: 203423744 cur_eden: 203423744 max_eden_size: 203423744 avg_young_live: 25181740
[36.654s][debug  ][gc,ergo        ] GC(135) PSAdaptiveSizePolicy::compute_eden_space_size: costs minor_time: 0.049791 major_cost: 0.051971 mutator_cost: 0.898237 throughput_goal: 0.990000
[36.655s][debug  ][gc,ergo        ] GC(135) Live_space: 1055699072 free_space: 1430257664
[36.655s][debug  ][gc,ergo        ] GC(135) Old eden_size: 203423744 desired_eden_size: 203423744
[36.655s][debug  ][gc,ergo        ] GC(135) PSAdaptiveSizePolicy::compute_old_gen_free_space limits: desired_promo_size: 1352145728 promo_limit: 1226833920 free_in_old_gen: 1113315200 max_old_gen_size: 1879048192 avg_old_live: 765732992
[36.655s][debug  ][gc,ergo        ] GC(135) PSAdaptiveSizePolicy::compute_old_gen_free_space: costs minor_time: 0.049791 major_cost: 0.051971  mutator_cost: 0.898237 throughput_goal: 0.990000
[36.655s][debug  ][gc,ergo        ] GC(135) Live_space: 1059350144 free_space: 1430257664
[36.655s][debug  ][gc,ergo        ] GC(135) Old promo_size: 1226833920 desired_promo_size: 1226833920
[36.655s][debug  ][gc,ergo        ] GC(135) AdaptiveSizeStop: collection: 136 
[36.655s][info   ][gc,heap        ] GC(135) PSYoungGen: 30720K(230400K)->0K(230400K) Eden: 0K(198656K)->0K(198656K) From: 30720K(31744K)->0K(31744K)
[36.655s][info   ][gc,heap        ] GC(135) ParOldGen: 1588837K(1835008K)->779876K(1835008K)
[36.655s][info   ][gc,metaspace   ] GC(135) Metaspace: 1022K(1216K)->1022K(1216K) NonClass: 938K(1024K)->938K(1024K) Class: 83K(192K)->83K(192K)
[36.655s][info   ][gc             ] GC(135) Pause Full (Ergonomics) 1581M->761M(2017M) 92.445ms
[36.655s][info   ][gc,cpu         ] GC(135) User=0.77s Sys=0.00s Real=0.09s
[36.655s][debug  ][gc,heap        ] GC(135) Heap after GC invocations=136 (full 22):
[36.655s][debug  ][gc,heap        ] GC(135)  PSYoungGen      total 230400K, used 0K [0x00000000f0000000, 0x0000000100000000, 0x0000000100000000)
[36.655s][debug  ][gc,heap        ] GC(135)   eden space 198656K, 0% used [0x00000000f0000000,0x00000000f0000000,0x00000000fc200000)
[36.655s][debug  ][gc,heap        ] GC(135)   from space 31744K, 0% used [0x00000000fe100000,0x00000000fe100000,0x0000000100000000)
[36.655s][debug  ][gc,heap        ] GC(135)   to   space 31744K, 0% used [0x00000000fc200000,0x00000000fc200000,0x00000000fe100000)
[36.655s][debug  ][gc,heap        ] GC(135)  ParOldGen       total 1835008K, used 779876K [0x0000000080000000, 0x00000000f0000000, 0x00000000f0000000)
[36.655s][debug  ][gc,heap        ] GC(135)   object space 1835008K, 42% used [0x0000000080000000,0x00000000af999148,0x00000000f0000000)
[36.655s][debug  ][gc,heap        ] GC(135)  Metaspace       used 1022K, committed 1216K, reserved 1056768K
[36.655s][debug  ][gc,heap        ] GC(135)   class space    used 83K, committed 192K, reserved 1048576K
[36.655s][debug  ][gc,task,time   ] GC(135) VM-Thread 365623445 365650175 366548262
[36.956s][debug  ][gc,heap        ] GC(136) Heap before GC invocations=137 (full 22):
[36.956s][debug  ][gc,heap        ] GC(136)  PSYoungGen      total 230400K, used 198443K [0x00000000f0000000, 0x0000000100000000, 0x0000000100000000)
[36.956s][debug  ][gc,heap        ] GC(136)   eden space 198656K, 99% used [0x00000000f0000000,0x00000000fc1caf10,0x00000000fc200000)
[36.956s][debug  ][gc,heap        ] GC(136)   from space 31744K, 0% used [0x00000000fe100000,0x00000000fe100000,0x0000000100000000)
[36.956s][debug  ][gc,heap        ] GC(136)   to   space 31744K, 0% used [0x00000000fc200000,0x00000000fc200000,0x00000000fe100000)
[36.956s][debug  ][gc,heap        ] GC(136)  ParOldGen       total 1835008K, used 779876K [0x0000000080000000, 0x00000000f0000000, 0x00000000f0000000)
[36.956s][debug  ][gc,heap        ] GC(136)   object space 1835008K, 42% used [0x0000000080000000,0x00000000af999148,0x00000000f0000000)
[36.957s][debug  ][gc,heap        ] GC(136)  Metaspace       used 1022K, committed 1216K, reserved 1056768K
[36.957s][debug  ][gc,heap        ] GC(136)   class space    used 83K, committed 192K, reserved 1048576K
[36.957s][debug  ][gc,tlab        ] GC(136) TLAB totals: thrds: 1  refills: 1 max: 1 slow allocs: 18 max 18 waste: 27.5% gc: 3976672B max: 3976672B slow: 0B max: 0B
[36.957s][info   ][gc,start       ] GC(136) Pause Young (Allocation Failure)
[36.957s][debug  ][gc,phases,start] GC(136) Scavenge
[36.970s][debug  ][gc,phases      ] GC(136) Scavenge 13.317ms
[36.970s][debug  ][gc,phases,start] GC(136) Reference Processing
[36.970s][debug  ][gc,ref         ] GC(136) Skipped phase 1 of Reference Processing: no references
[36.970s][debug  ][gc,ref         ] GC(136) Skipped phase 2 of Reference Processing: no references
[36.970s][debug  ][gc,ref         ] GC(136) Skipped phase 3 of Reference Processing: no references
[36.970s][debug  ][gc,ref         ] GC(136) Skipped phase 4 of Reference Processing: no references
[36.970s][debug  ][gc,phases,ref  ] GC(136) Reference Processing: 0.1ms
[36.970s][debug  ][gc,phases,ref  ] GC(136)   Reconsider SoftReferences: 0.0ms
[36.970s][debug  ][gc,phases,ref  ] GC(136)     SoftRef (ms):                  skipped
[36.970s][debug  ][gc,phases,ref  ] GC(136)   Notify Soft/WeakReferences: 0.0ms
[36.970s][debug  ][gc,phases,ref  ] GC(136)     SoftRef (ms):                  skipped
[36.970s][debug  ][gc,phases,ref  ] GC(136)     WeakRef (ms):                  skipped
[36.970s][debug  ][gc,phases,ref  ] GC(136)     FinalRef (ms):                 skipped
[36.970s][debug  ][gc,phases,ref  ] GC(136)     Total (ms):                    skipped
[36.970s][debug  ][gc,phases,ref  ] GC(136)   Notify and keep alive finalizable: 0.0ms
[36.970s][debug  ][gc,phases,ref  ] GC(136)     FinalRef (ms):                 skipped
[36.970s][debug  ][gc,phases,ref  ] GC(136)   Notify PhantomReferences: 0.0ms
[36.970s][debug  ][gc,phases,ref  ] GC(136)     PhantomRef (ms):               skipped
[36.970s][debug  ][gc,phases,ref  ] GC(136)   SoftReference:
[36.971s][debug  ][gc,phases,ref  ] GC(136)     Discovered: 0
[36.971s][debug  ][gc,phases,ref  ] GC(136)     Cleared: 0
[36.971s][debug  ][gc,phases,ref  ] GC(136)   WeakReference:
[36.971s][debug  ][gc,phases,ref  ] GC(136)     Discovered: 0
[36.971s][debug  ][gc,phases,ref  ] GC(136)     Cleared: 0
[36.971s][debug  ][gc,phases,ref  ] GC(136)   FinalReference:
[36.971s][debug  ][gc,phases,ref  ] GC(136)     Discovered: 0
[36.971s][debug  ][gc,phases,ref  ] GC(136)     Cleared: 0
[36.971s][debug  ][gc,phases,ref  ] GC(136)   PhantomReference:
[36.971s][debug  ][gc,phases,ref  ] GC(136)     Discovered: 0
[36.971s][debug  ][gc,phases,ref  ] GC(136)     Cleared: 0
[36.971s][debug  ][gc,phases      ] GC(136) Reference Processing 0.674ms
[36.971s][debug  ][gc,phases,start] GC(136) Weak Processing
[36.971s][debug  ][gc,phases      ] GC(136)   VM Weak                        Min:  0.0, Avg:  0.0, Max:  0.0, Diff:  0.0, Sum:  0.0, Workers: 6
[36.971s][debug  ][gc,phases      ] GC(136)     Dead                           Min: 0, Avg:  0.0, Max: 0, Diff: 0, Sum: 0, Workers: 6
[36.971s][debug  ][gc,phases      ] GC(136)     Total                          Min: 0, Avg:  1.3, Max: 8, Diff: 8, Sum: 8, Workers: 6
[36.971s][debug  ][gc,phases      ] GC(136)   ObjectSynchronizer Weak        Min:  0.0, Avg:  0.0, Max:  0.0, Diff:  0.0, Sum:  0.0, Workers: 6
[36.971s][debug  ][gc,phases      ] GC(136)     Dead                           Min: 0, Avg:  0.0, Max: 0, Diff: 0, Sum: 0, Workers: 6
[36.971s][debug  ][gc,phases      ] GC(136)     Total                          Min: 0, Avg:  0.5, Max: 3, Diff: 3, Sum: 3, Workers: 6
[36.971s][debug  ][gc,phases      ] GC(136)   JVMTI Tag Weak OopStorage      Min:  0.0, Avg:  0.0, Max:  0.0, Diff:  0.0, Sum:  0.0, Workers: 6
[36.971s][debug  ][gc,phases      ] GC(136)     Dead                           Min: 0, Avg:  0.0, Max: 0, Diff: 0, Sum: 0, Workers: 6
[36.971s][debug  ][gc,phases      ] GC(136)     Total                          Min: 0, Avg:  0.0, Max: 0, Diff: 0, Sum: 0, Workers: 6
[36.971s][debug  ][gc,phases      ] GC(136)   StringTable Weak               Min:  0.0, Avg:  0.0, Max:  0.0, Diff:  0.0, Sum:  0.0, Workers: 6
[36.971s][debug  ][gc,phases      ] GC(136)     Dead                           Min: 0, Avg:  0.0, Max: 0, Diff: 0, Sum: 0, Workers: 6
[36.971s][debug  ][gc,phases      ] GC(136)     Total                          Min: 750, Avg: 892.8, Max: 1152, Diff: 402, Sum: 5357, Workers: 6
[36.971s][debug  ][gc,phases      ] GC(136)   ResolvedMethodTable Weak       Min:  0.0, Avg:  0.0, Max:  0.0, Diff:  0.0, Sum:  0.0, Workers: 6
[36.971s][debug  ][gc,phases      ] GC(136)     Dead                           Min: 0, Avg:  0.0, Max: 0, Diff: 0, Sum: 0, Workers: 6
[36.971s][debug  ][gc,phases      ] GC(136)     Total                          Min: 0, Avg: 21.7, Max: 64, Diff: 64, Sum: 130, Workers: 6
[36.971s][debug  ][gc,phases      ] GC(136)   JNI Weak                       Min:  0.0, Avg:  0.0, Max:  0.0, Diff:  0.0, Sum:  0.0, Workers: 6
[36.971s][debug  ][gc,phases      ] GC(136)     Dead                           Min: 0, Avg:  0.0, Max: 0, Diff: 0, Sum: 0, Workers: 6
[36.971s][debug  ][gc,phases      ] GC(136)     Total                          Min: 0, Avg:  0.0, Max: 0, Diff: 0, Sum: 0, Workers: 6
[36.971s][debug  ][gc,phases      ] GC(136)   StringDedup Table Weak         Min:  0.0, Avg:  0.0, Max:  0.0, Diff:  0.0, Sum:  0.0, Workers: 6
[36.971s][debug  ][gc,phases      ] GC(136)     Dead                           Min: 0, Avg:  0.0, Max: 0, Diff: 0, Sum: 0, Workers: 6
[36.971s][debug  ][gc,phases      ] GC(136)     Total                          Min: 0, Avg:  0.0, Max: 0, Diff: 0, Sum: 0, Workers: 6
[36.971s][debug  ][gc,phases      ] GC(136)   StringDedup Requests0 Weak     Min:  0.0, Avg:  0.0, Max:  0.0, Diff:  0.0, Sum:  0.0, Workers: 6
[36.971s][debug  ][gc,phases      ] GC(136)     Dead                           Min: 0, Avg:  0.0, Max: 0, Diff: 0, Sum: 0, Workers: 6
[36.971s][debug  ][gc,phases      ] GC(136)     Total                          Min: 0, Avg:  0.0, Max: 0, Diff: 0, Sum: 0, Workers: 6
[36.971s][debug  ][gc,phases      ] GC(136)   StringDedup Requests1 Weak     Min:  0.0, Avg:  0.0, Max:  0.0, Diff:  0.0, Sum:  0.0, Workers: 6
[36.971s][debug  ][gc,phases      ] GC(136)     Dead                           Min: 0, Avg:  0.0, Max: 0, Diff: 0, Sum: 0, Workers: 6
[36.971s][debug  ][gc,phases      ] GC(136)     Total                          Min: 0, Avg:  0.0, Max: 0, Diff: 0, Sum: 0, Workers: 6
[36.971s][debug  ][gc,phases      ] GC(136)   Weak JFR Old Object Samples    Min:  0.0, Avg:  0.0, Max:  0.0, Diff:  0.0, Sum:  0.0, Workers: 6
[36.972s][debug  ][gc,phases      ] GC(136)     Dead                           Min: 0, Avg:  0.0, Max: 0, Diff: 0, Sum: 0, Workers: 6
[36.972s][debug  ][gc,phases      ] GC(136)     Total                          Min: 0, Avg:  0.0, Max: 0, Diff: 0, Sum: 0, Workers: 6
[36.972s][debug  ][gc,phases      ] GC(136) Weak Processing 0.780ms
[36.972s][debug  ][gc,ergo        ] GC(136) AdaptiveSizeStart:  collection: 137 
[36.972s][debug  ][gc,ergo        ] GC(136) avg_survived_padded_avg: 32236702.000000
[36.972s][debug  ][gc,ergo        ] GC(136) avg_promoted_padded_avg: 247158704.000000  avg_pretenured_padded_avg: 0.000000  tenuring_thresh: 15  target_size: 32505856
[36.972s][debug  ][gc,age         ] GC(136) Desired survivor size 32505856 bytes, new threshold 15 (max threshold 15)
[36.972s][debug  ][gc,ergo        ] GC(136) PSAdaptiveSizePolicy::compute_eden_space_size limits: desired_eden_size: 222719069 old_eden_size: 203423744 eden_limit: 203423744 cur_eden: 203423744 max_eden_size: 203423744 avg_young_live: 25809296
[36.972s][debug  ][gc,ergo        ] GC(136) PSAdaptiveSizePolicy::compute_eden_space_size: costs minor_time: 0.046428 major_cost: 0.051971 mutator_cost: 0.901600 throughput_goal: 0.990000
[36.972s][debug  ][gc,ergo        ] GC(136) Live_space: 1059977728 free_space: 1430257664
[36.972s][debug  ][gc,ergo        ] GC(136) Old eden_size: 203423744 desired_eden_size: 203423744
[36.972s][debug  ][gc,ergo        ] GC(136) AdaptiveSizeStop: collection: 137 
[36.972s][info   ][gc,heap        ] GC(136) PSYoungGen: 198443K(230400K)->30720K(230400K) Eden: 198443K(198656K)->0K(198656K) From: 0K(31744K)->30720K(31744K)
[36.972s][info   ][gc,heap        ] GC(136) ParOldGen: 779876K(1835008K)->943716K(1835008K)
[36.972s][info   ][gc,metaspace   ] GC(136) Metaspace: 1022K(1216K)->1022K(1216K) NonClass: 938K(1024K)->938K(1024K) Class: 83K(192K)->83K(192K)
[36.972s][info   ][gc             ] GC(136) Pause Young (Allocation Failure) 955M->951M(2017M) 15.262ms
[36.972s][info   ][gc,cpu         ] GC(136) User=0.16s Sys=0.00s Real=0.01s
[36.972s][debug  ][gc,heap        ] GC(136) Heap after GC invocations=137 (full 22):
[36.972s][debug  ][gc,heap        ] GC(136)  PSYoungGen      total 230400K, used 30720K [0x00000000f0000000, 0x0000000100000000, 0x0000000100000000)
[36.972s][debug  ][gc,heap        ] GC(136)   eden space 198656K, 0% used [0x00000000f0000000,0x00000000f0000000,0x00000000fc200000)
[36.972s][debug  ][gc,heap        ] GC(136)   from space 31744K, 96% used [0x00000000fc200000,0x00000000fe000030,0x00000000fe100000)
[36.972s][debug  ][gc,heap        ] GC(136)   to   space 31744K, 0% used [0x00000000fe100000,0x00000000fe100000,0x0000000100000000)
[36.972s][debug  ][gc,heap        ] GC(136)  ParOldGen       total 1835008K, used 943716K [0x0000000080000000, 0x00000000f0000000, 0x00000000f0000000)
[36.972s][debug  ][gc,heap        ] GC(136)   object space 1835008K, 51% used [0x0000000080000000,0x00000000b9999248,0x00000000f0000000)
[36.972s][debug  ][gc,heap        ] GC(136)  Metaspace       used 1022K, committed 1216K, reserved 1056768K
[36.972s][debug  ][gc,heap        ] GC(136)   class space    used 83K, committed 192K, reserved 1048576K
[36.972s][debug  ][gc,task,time   ] GC(136) VM-Thread 369561581 369700858 369722137
[37.275s][debug  ][gc,heap        ] GC(137) Heap before GC invocations=138 (full 22):
[37.275s][debug  ][gc,heap        ] GC(137)  PSYoungGen      total 230400K, used 229096K [0x00000000f0000000, 0x0000000100000000, 0x0000000100000000)
[37.275s][debug  ][gc,heap        ] GC(137)   eden space 198656K, 99% used [0x00000000f0000000,0x00000000fc1ba0b0,0x00000000fc200000)
[37.275s][debug  ][gc,heap        ] GC(137)   from space 31744K, 96% used [0x00000000fc200000,0x00000000fe000030,0x00000000fe100000)
[37.275s][debug  ][gc,heap        ] GC(137)   to   space 31744K, 0% used [0x00000000fe100000,0x00000000fe100000,0x0000000100000000)
[37.276s][debug  ][gc,heap        ] GC(137)  ParOldGen       total 1835008K, used 943716K [0x0000000080000000, 0x00000000f0000000, 0x00000000f0000000)
[37.276s][debug  ][gc,heap        ] GC(137)   object space 1835008K, 51% used [0x0000000080000000,0x00000000b9999248,0x00000000f0000000)
[37.276s][debug  ][gc,heap        ] GC(137)  Metaspace       used 1022K, committed 1216K, reserved 1056768K
[37.276s][debug  ][gc,heap        ] GC(137)   class space    used 83K, committed 192K, reserved 1048576K
[37.276s][debug  ][gc,tlab        ] GC(137) TLAB totals: thrds: 1  refills: 1 max: 1 slow allocs: 18 max 18 waste: 27.1% gc: 3906392B max: 3906392B slow: 0B max: 0B
[37.276s][info   ][gc,start       ] GC(137) Pause Young (Allocation Failure)
[37.276s][debug  ][gc,phases,start] GC(137) Scavenge
[37.285s][debug  ][gc,phases      ] GC(137) Scavenge 9.634ms
[37.285s][debug  ][gc,phases,start] GC(137) Reference Processing
[37.285s][debug  ][gc,ref         ] GC(137) Skipped phase 1 of Reference Processing: no references
[37.285s][debug  ][gc,ref         ] GC(137) Skipped phase 2 of Reference Processing: no references
[37.286s][debug  ][gc,ref         ] GC(137) Skipped phase 3 of Reference Processing: no references
[37.286s][debug  ][gc,ref         ] GC(137) Skipped phase 4 of Reference Processing: no references
[37.286s][debug  ][gc,phases,ref  ] GC(137) Reference Processing: 0.1ms
[37.286s][debug  ][gc,phases,ref  ] GC(137)   Reconsider SoftReferences: 0.0ms
[37.286s][debug  ][gc,phases,ref  ] GC(137)     SoftRef (ms):                  skipped
[37.286s][debug  ][gc,phases,ref  ] GC(137)   Notify Soft/WeakReferences: 0.0ms
[37.286s][debug  ][gc,phases,ref  ] GC(137)     SoftRef (ms):                  skipped
[37.286s][debug  ][gc,phases,ref  ] GC(137)     WeakRef (ms):                  skipped
[37.286s][debug  ][gc,phases,ref  ] GC(137)     FinalRef (ms):                 skipped
[37.286s][debug  ][gc,phases,ref  ] GC(137)     Total (ms):                    skipped
[37.286s][debug  ][gc,phases,ref  ] GC(137)   Notify and keep alive finalizable: 0.0ms
[37.286s][debug  ][gc,phases,ref  ] GC(137)     FinalRef (ms):                 skipped
[37.286s][debug  ][gc,phases,ref  ] GC(137)   Notify PhantomReferences: 0.0ms
[37.286s][debug  ][gc,phases,ref  ] GC(137)     PhantomRef (ms):               skipped
[37.286s][debug  ][gc,phases,ref  ] GC(137)   SoftReference:
[37.286s][debug  ][gc,phases,ref  ] GC(137)     Discovered: 0
[37.286s][debug  ][gc,phases,ref  ] GC(137)     Cleared: 0
[37.286s][debug  ][gc,phases,ref  ] GC(137)   WeakReference:
[37.286s][debug  ][gc,phases,ref  ] GC(137)     Discovered: 0
[37.286s][debug  ][gc,phases,ref  ] GC(137)     Cleared: 0
[37.286s][debug  ][gc,phases,ref  ] GC(137)   FinalReference:
[37.286s][debug  ][gc,phases,ref  ] GC(137)     Discovered: 0
[37.286s][debug  ][gc,phases,ref  ] GC(137)     Cleared: 0
[37.286s][debug  ][gc,phases,ref  ] GC(137)   PhantomReference:
[37.286s][debug  ][gc,phases,ref  ] GC(137)     Discovered: 0
[37.286s][debug  ][gc,phases,ref  ] GC(137)     Cleared: 0
[37.286s][debug  ][gc,phases      ] GC(137) Reference Processing 0.631ms
[37.286s][debug  ][gc,phases,start] GC(137) Weak Processing
[37.286s][debug  ][gc,phases      ] GC(137)   VM Weak                        Min:  0.0, Avg:  0.0, Max:  0.0, Diff:  0.0, Sum:  0.0, Workers: 6
[37.286s][debug  ][gc,phases      ] GC(137)     Dead                           Min: 0, Avg:  0.0, Max: 0, Diff: 0, Sum: 0, Workers: 6
[37.286s][debug  ][gc,phases      ] GC(137)     Total                          Min: 0, Avg:  1.3, Max: 8, Diff: 8, Sum: 8, Workers: 6
[37.286s][debug  ][gc,phases      ] GC(137)   ObjectSynchronizer Weak        Min:  0.0, Avg:  0.0, Max:  0.0, Diff:  0.0, Sum:  0.0, Workers: 6
[37.286s][debug  ][gc,phases      ] GC(137)     Dead                           Min: 0, Avg:  0.0, Max: 0, Diff: 0, Sum: 0, Workers: 6
[37.286s][debug  ][gc,phases      ] GC(137)     Total                          Min: 0, Avg:  0.5, Max: 3, Diff: 3, Sum: 3, Workers: 6
[37.286s][debug  ][gc,phases      ] GC(137)   JVMTI Tag Weak OopStorage      Min:  0.0, Avg:  0.0, Max:  0.0, Diff:  0.0, Sum:  0.0, Workers: 6
[37.286s][debug  ][gc,phases      ] GC(137)     Dead                           Min: 0, Avg:  0.0, Max: 0, Diff: 0, Sum: 0, Workers: 6
[37.286s][debug  ][gc,phases      ] GC(137)     Total                          Min: 0, Avg:  0.0, Max: 0, Diff: 0, Sum: 0, Workers: 6
[37.286s][debug  ][gc,phases      ] GC(137)   StringTable Weak               Min:  0.0, Avg:  0.0, Max:  0.0, Diff:  0.0, Sum:  0.0, Workers: 6
[37.286s][debug  ][gc,phases      ] GC(137)     Dead                           Min: 0, Avg:  0.0, Max: 0, Diff: 0, Sum: 0, Workers: 6
[37.286s][debug  ][gc,phases      ] GC(137)     Total                          Min: 768, Avg: 892.8, Max: 960, Diff: 192, Sum: 5357, Workers: 6
[37.286s][debug  ][gc,phases      ] GC(137)   ResolvedMethodTable Weak       Min:  0.0, Avg:  0.0, Max:  0.0, Diff:  0.0, Sum:  0.0, Workers: 6
[37.286s][debug  ][gc,phases      ] GC(137)     Dead                           Min: 0, Avg:  0.0, Max: 0, Diff: 0, Sum: 0, Workers: 6
[37.287s][debug  ][gc,phases      ] GC(137)     Total                          Min: 0, Avg: 21.7, Max: 64, Diff: 64, Sum: 130, Workers: 6
[37.287s][debug  ][gc,phases      ] GC(137)   JNI Weak                       Min:  0.0, Avg:  0.0, Max:  0.0, Diff:  0.0, Sum:  0.0, Workers: 6
[37.287s][debug  ][gc,phases      ] GC(137)     Dead                           Min: 0, Avg:  0.0, Max: 0, Diff: 0, Sum: 0, Workers: 6
[37.287s][debug  ][gc,phases      ] GC(137)     Total                          Min: 0, Avg:  0.0, Max: 0, Diff: 0, Sum: 0, Workers: 6
[37.287s][debug  ][gc,phases      ] GC(137)   StringDedup Table Weak         Min:  0.0, Avg:  0.0, Max:  0.0, Diff:  0.0, Sum:  0.0, Workers: 6
[37.287s][debug  ][gc,phases      ] GC(137)     Dead                           Min: 0, Avg:  0.0, Max: 0, Diff: 0, Sum: 0, Workers: 6
[37.287s][debug  ][gc,phases      ] GC(137)     Total                          Min: 0, Avg:  0.0, Max: 0, Diff: 0, Sum: 0, Workers: 6
[37.287s][debug  ][gc,phases      ] GC(137)   StringDedup Requests0 Weak     Min:  0.0, Avg:  0.0, Max:  0.0, Diff:  0.0, Sum:  0.0, Workers: 6
[37.287s][debug  ][gc,phases      ] GC(137)     Dead                           Min: 0, Avg:  0.0, Max: 0, Diff: 0, Sum: 0, Workers: 6
[37.287s][debug  ][gc,phases      ] GC(137)     Total                          Min: 0, Avg:  0.0, Max: 0, Diff: 0, Sum: 0, Workers: 6
[37.287s][debug  ][gc,phases      ] GC(137)   StringDedup Requests1 Weak     Min:  0.0, Avg:  0.0, Max:  0.0, Diff:  0.0, Sum:  0.0, Workers: 6
[37.287s][debug  ][gc,phases      ] GC(137)     Dead                           Min: 0, Avg:  0.0, Max: 0, Diff: 0, Sum: 0, Workers: 6
[37.287s][debug  ][gc,phases      ] GC(137)     Total                          Min: 0, Avg:  0.0, Max: 0, Diff: 0, Sum: 0, Workers: 6
[37.287s][debug  ][gc,phases      ] GC(137)   Weak JFR Old Object Samples    Min:  0.0, Avg:  0.0, Max:  0.0, Diff:  0.0, Sum:  0.0, Workers: 6
[37.287s][debug  ][gc,phases      ] GC(137)     Dead                           Min: 0, Avg:  0.0, Max: 0, Diff: 0, Sum: 0, Workers: 6
[37.287s][debug  ][gc,phases      ] GC(137)     Total                          Min: 0, Avg:  0.0, Max: 0, Diff: 0, Sum: 0, Workers: 6
[37.287s][debug  ][gc,phases      ] GC(137) Weak Processing 0.741ms
[37.287s][debug  ][gc,ergo        ] GC(137) AdaptiveSizeStart:  collection: 138 
[37.287s][debug  ][gc,ergo        ] GC(137) avg_survived_padded_avg: 32174170.000000
[37.287s][debug  ][gc,ergo        ] GC(137) avg_promoted_padded_avg: 247080608.000000  avg_pretenured_padded_avg: 0.000000  tenuring_thresh: 15  target_size: 32505856
[37.287s][debug  ][gc,age         ] GC(137) Desired survivor size 32505856 bytes, new threshold 15 (max threshold 15)
[37.287s][debug  ][gc,ergo        ] GC(137) PSAdaptiveSizePolicy::compute_eden_space_size limits: desired_eden_size: 222091592 old_eden_size: 203423744 eden_limit: 203423744 cur_eden: 203423744 max_eden_size: 203423744 avg_young_live: 26374100
[37.287s][debug  ][gc,ergo        ] GC(137) PSAdaptiveSizePolicy::compute_eden_space_size: costs minor_time: 0.043650 major_cost: 0.051971 mutator_cost: 0.904378 throughput_goal: 0.990000
[37.287s][debug  ][gc,ergo        ] GC(137) Live_space: 1060542592 free_space: 1430257664
[37.287s][debug  ][gc,ergo        ] GC(137) Old eden_size: 203423744 desired_eden_size: 203423744
[37.287s][debug  ][gc,ergo        ] GC(137) AdaptiveSizeStop: collection: 138 
[37.287s][info   ][gc,heap        ] GC(137) PSYoungGen: 229096K(230400K)->30720K(230400K) Eden: 198376K(198656K)->0K(198656K) From: 30720K(31744K)->30720K(31744K)
[37.287s][info   ][gc,heap        ] GC(137) ParOldGen: 943716K(1835008K)->1056356K(1835008K)
[37.287s][info   ][gc,metaspace   ] GC(137) Metaspace: 1022K(1216K)->1022K(1216K) NonClass: 938K(1024K)->938K(1024K) Class: 83K(192K)->83K(192K)
[37.287s][info   ][gc             ] GC(137) Pause Young (Allocation Failure) 1145M->1061M(2017M) 11.482ms
[37.287s][info   ][gc,cpu         ] GC(137) User=0.14s Sys=0.02s Real=0.01s
[37.287s][debug  ][gc,heap        ] GC(137) Heap after GC invocations=138 (full 22):
[37.287s][debug  ][gc,heap        ] GC(137)  PSYoungGen      total 230400K, used 30720K [0x00000000f0000000, 0x0000000100000000, 0x0000000100000000)
[37.287s][debug  ][gc,heap        ] GC(137)   eden space 198656K, 0% used [0x00000000f0000000,0x00000000f0000000,0x00000000fc200000)
[37.287s][debug  ][gc,heap        ] GC(137)   from space 31744K, 96% used [0x00000000fe100000,0x00000000fff00030,0x0000000100000000)
[37.287s][debug  ][gc,heap        ] GC(137)   to   space 31744K, 0% used [0x00000000fc200000,0x00000000fc200000,0x00000000fe100000)
[37.287s][debug  ][gc,heap        ] GC(137)  ParOldGen       total 1835008K, used 1056356K [0x0000000080000000, 0x00000000f0000000, 0x00000000f0000000)
[37.287s][debug  ][gc,heap        ] GC(137)   object space 1835008K, 57% used [0x0000000080000000,0x00000000c07992f8,0x00000000f0000000)
[37.287s][debug  ][gc,heap        ] GC(137)  Metaspace       used 1022K, committed 1216K, reserved 1056768K
[37.287s][debug  ][gc,heap        ] GC(137)   class space    used 83K, committed 192K, reserved 1048576K
[37.287s][debug  ][gc,task,time   ] GC(137) VM-Thread 372752461 372854334 372874134
[37.594s][debug  ][gc,heap        ] GC(138) Heap before GC invocations=139 (full 22):
[37.594s][debug  ][gc,heap        ] GC(138)  PSYoungGen      total 230400K, used 229124K [0x00000000f0000000, 0x0000000100000000, 0x0000000100000000)
[37.594s][debug  ][gc,heap        ] GC(138)   eden space 198656K, 99% used [0x00000000f0000000,0x00000000fc1c11d0,0x00000000fc200000)
[37.595s][debug  ][gc,heap        ] GC(138)   from space 31744K, 96% used [0x00000000fe100000,0x00000000fff00030,0x0000000100000000)
[37.595s][debug  ][gc,heap        ] GC(138)   to   space 31744K, 0% used [0x00000000fc200000,0x00000000fc200000,0x00000000fe100000)
[37.595s][debug  ][gc,heap        ] GC(138)  ParOldGen       total 1835008K, used 1056356K [0x0000000080000000, 0x00000000f0000000, 0x00000000f0000000)
[37.595s][debug  ][gc,heap        ] GC(138)   object space 1835008K, 57% used [0x0000000080000000,0x00000000c07992f8,0x00000000f0000000)
[37.595s][debug  ][gc,heap        ] GC(138)  Metaspace       used 1022K, committed 1216K, reserved 1056768K
[37.595s][debug  ][gc,heap        ] GC(138)   class space    used 83K, committed 192K, reserved 1048576K
[37.595s][debug  ][gc,tlab        ] GC(138) TLAB totals: thrds: 1  refills: 1 max: 1 slow allocs: 18 max 18 waste: 27.3% gc: 3936416B max: 3936416B slow: 0B max: 0B
[37.595s][info   ][gc,start       ] GC(138) Pause Young (Allocation Failure)
[37.595s][debug  ][gc,phases,start] GC(138) Scavenge
[37.610s][debug  ][gc,phases      ] GC(138) Scavenge 15.366ms
[37.610s][debug  ][gc,phases,start] GC(138) Reference Processing
[37.610s][debug  ][gc,ref         ] GC(138) Skipped phase 1 of Reference Processing: no references
[37.610s][debug  ][gc,ref         ] GC(138) Skipped phase 2 of Reference Processing: no references
[37.610s][debug  ][gc,ref         ] GC(138) Skipped phase 3 of Reference Processing: no references
[37.610s][debug  ][gc,ref         ] GC(138) Skipped phase 4 of Reference Processing: no references
[37.610s][debug  ][gc,phases,ref  ] GC(138) Reference Processing: 0.1ms
[37.610s][debug  ][gc,phases,ref  ] GC(138)   Reconsider SoftReferences: 0.0ms
[37.610s][debug  ][gc,phases,ref  ] GC(138)     SoftRef (ms):                  skipped
[37.610s][debug  ][gc,phases,ref  ] GC(138)   Notify Soft/WeakReferences: 0.0ms
[37.611s][debug  ][gc,phases,ref  ] GC(138)     SoftRef (ms):                  skipped
[37.611s][debug  ][gc,phases,ref  ] GC(138)     WeakRef (ms):                  skipped
[37.611s][debug  ][gc,phases,ref  ] GC(138)     FinalRef (ms):                 skipped
[37.611s][debug  ][gc,phases,ref  ] GC(138)     Total (ms):                    skipped
[37.611s][debug  ][gc,phases,ref  ] GC(138)   Notify and keep alive finalizable: 0.0ms
[37.611s][debug  ][gc,phases,ref  ] GC(138)     FinalRef (ms):                 skipped
[37.611s][debug  ][gc,phases,ref  ] GC(138)   Notify PhantomReferences: 0.0ms
[37.611s][debug  ][gc,phases,ref  ] GC(138)     PhantomRef (ms):               skipped
[37.611s][debug  ][gc,phases,ref  ] GC(138)   SoftReference:
[37.611s][debug  ][gc,phases,ref  ] GC(138)     Discovered: 0
[37.611s][debug  ][gc,phases,ref  ] GC(138)     Cleared: 0
[37.611s][debug  ][gc,phases,ref  ] GC(138)   WeakReference:
[37.611s][debug  ][gc,phases,ref  ] GC(138)     Discovered: 0
[37.611s][debug  ][gc,phases,ref  ] GC(138)     Cleared: 0
[37.611s][debug  ][gc,phases,ref  ] GC(138)   FinalReference:
[37.611s][debug  ][gc,phases,ref  ] GC(138)     Discovered: 0
[37.611s][debug  ][gc,phases,ref  ] GC(138)     Cleared: 0
[37.611s][debug  ][gc,phases,ref  ] GC(138)   PhantomReference:
[37.611s][debug  ][gc,phases,ref  ] GC(138)     Discovered: 0
[37.611s][debug  ][gc,phases,ref  ] GC(138)     Cleared: 0
[37.611s][debug  ][gc,phases      ] GC(138) Reference Processing 0.600ms
[37.611s][debug  ][gc,phases,start] GC(138) Weak Processing
[37.611s][debug  ][gc,phases      ] GC(138)   VM Weak                        Min:  0.0, Avg:  0.0, Max:  0.0, Diff:  0.0, Sum:  0.0, Workers: 6
[37.611s][debug  ][gc,phases      ] GC(138)     Dead                           Min: 0, Avg:  0.0, Max: 0, Diff: 0, Sum: 0, Workers: 6
[37.611s][debug  ][gc,phases      ] GC(138)     Total                          Min: 0, Avg:  1.3, Max: 8, Diff: 8, Sum: 8, Workers: 6
[37.611s][debug  ][gc,phases      ] GC(138)   ObjectSynchronizer Weak        Min:  0.0, Avg:  0.0, Max:  0.0, Diff:  0.0, Sum:  0.0, Workers: 6
[37.611s][debug  ][gc,phases      ] GC(138)     Dead                           Min: 0, Avg:  0.0, Max: 0, Diff: 0, Sum: 0, Workers: 6
[37.611s][debug  ][gc,phases      ] GC(138)     Total                          Min: 0, Avg:  0.5, Max: 3, Diff: 3, Sum: 3, Workers: 6
[37.611s][debug  ][gc,phases      ] GC(138)   JVMTI Tag Weak OopStorage      Min:  0.0, Avg:  0.0, Max:  0.0, Diff:  0.0, Sum:  0.0, Workers: 6
[37.611s][debug  ][gc,phases      ] GC(138)     Dead                           Min: 0, Avg:  0.0, Max: 0, Diff: 0, Sum: 0, Workers: 6
[37.611s][debug  ][gc,phases      ] GC(138)     Total                          Min: 0, Avg:  0.0, Max: 0, Diff: 0, Sum: 0, Workers: 6
[37.611s][debug  ][gc,phases      ] GC(138)   StringTable Weak               Min:  0.0, Avg:  0.0, Max:  0.0, Diff:  0.0, Sum:  0.0, Workers: 6
[37.611s][debug  ][gc,phases      ] GC(138)     Dead                           Min: 0, Avg:  0.0, Max: 0, Diff: 0, Sum: 0, Workers: 6
[37.611s][debug  ][gc,phases      ] GC(138)     Total                          Min: 703, Avg: 892.8, Max: 1198, Diff: 495, Sum: 5357, Workers: 6
[37.611s][debug  ][gc,phases      ] GC(138)   ResolvedMethodTable Weak       Min:  0.0, Avg:  0.0, Max:  0.0, Diff:  0.0, Sum:  0.0, Workers: 6
[37.611s][debug  ][gc,phases      ] GC(138)     Dead                           Min: 0, Avg:  0.0, Max: 0, Diff: 0, Sum: 0, Workers: 6
[37.611s][debug  ][gc,phases      ] GC(138)     Total                          Min: 0, Avg: 21.7, Max: 64, Diff: 64, Sum: 130, Workers: 6
[37.611s][debug  ][gc,phases      ] GC(138)   JNI Weak                       Min:  0.0, Avg:  0.0, Max:  0.0, Diff:  0.0, Sum:  0.0, Workers: 6
[37.611s][debug  ][gc,phases      ] GC(138)     Dead                           Min: 0, Avg:  0.0, Max: 0, Diff: 0, Sum: 0, Workers: 6
[37.611s][debug  ][gc,phases      ] GC(138)     Total                          Min: 0, Avg:  0.0, Max: 0, Diff: 0, Sum: 0, Workers: 6
[37.611s][debug  ][gc,phases      ] GC(138)   StringDedup Table Weak         Min:  0.0, Avg:  0.0, Max:  0.0, Diff:  0.0, Sum:  0.0, Workers: 6
[37.611s][debug  ][gc,phases      ] GC(138)     Dead                           Min: 0, Avg:  0.0, Max: 0, Diff: 0, Sum: 0, Workers: 6
[37.611s][debug  ][gc,phases      ] GC(138)     Total                          Min: 0, Avg:  0.0, Max: 0, Diff: 0, Sum: 0, Workers: 6
[37.611s][debug  ][gc,phases      ] GC(138)   StringDedup Requests0 Weak     Min:  0.0, Avg:  0.0, Max:  0.0, Diff:  0.0, Sum:  0.0, Workers: 6
[37.611s][debug  ][gc,phases      ] GC(138)     Dead                           Min: 0, Avg:  0.0, Max: 0, Diff: 0, Sum: 0, Workers: 6
[37.611s][debug  ][gc,phases      ] GC(138)     Total                          Min: 0, Avg:  0.0, Max: 0, Diff: 0, Sum: 0, Workers: 6
[37.611s][debug  ][gc,phases      ] GC(138)   StringDedup Requests1 Weak     Min:  0.0, Avg:  0.0, Max:  0.0, Diff:  0.0, Sum:  0.0, Workers: 6
[37.611s][debug  ][gc,phases      ] GC(138)     Dead                           Min: 0, Avg:  0.0, Max: 0, Diff: 0, Sum: 0, Workers: 6
[37.612s][debug  ][gc,phases      ] GC(138)     Total                          Min: 0, Avg:  0.0, Max: 0, Diff: 0, Sum: 0, Workers: 6
[37.612s][debug  ][gc,phases      ] GC(138)   Weak JFR Old Object Samples    Min:  0.0, Avg:  0.0, Max:  0.0, Diff:  0.0, Sum:  0.0, Workers: 6
[37.612s][debug  ][gc,phases      ] GC(138)     Dead                           Min: 0, Avg:  0.0, Max: 0, Diff: 0, Sum: 0, Workers: 6
[37.612s][debug  ][gc,phases      ] GC(138)     Total                          Min: 0, Avg:  0.0, Max: 0, Diff: 0, Sum: 0, Workers: 6
[37.612s][debug  ][gc,phases      ] GC(138) Weak Processing 0.691ms
[37.612s][debug  ][gc,ergo        ] GC(138) AdaptiveSizeStart:  collection: 139 
[37.612s][debug  ][gc,ergo        ] GC(138) avg_survived_padded_avg: 32116352.000000
[37.612s][debug  ][gc,ergo        ] GC(138) avg_promoted_padded_avg: 253151712.000000  avg_pretenured_padded_avg: 0.000000  tenuring_thresh: 15  target_size: 32505856
[37.612s][debug  ][gc,age         ] GC(138) Desired survivor size 32505856 bytes, new threshold 15 (max threshold 15)
[37.612s][debug  ][gc,ergo        ] GC(138) PSAdaptiveSizePolicy::compute_eden_space_size limits: desired_eden_size: 222549303 old_eden_size: 203423744 eden_limit: 203423744 cur_eden: 203423744 max_eden_size: 203423744 avg_young_live: 26882424
[37.612s][debug  ][gc,ergo        ] GC(138) PSAdaptiveSizePolicy::compute_eden_space_size: costs minor_time: 0.045661 major_cost: 0.051971 mutator_cost: 0.902368 throughput_goal: 0.990000
[37.612s][debug  ][gc,ergo        ] GC(138) Live_space: 1061050880 free_space: 1430257664
[37.612s][debug  ][gc,ergo        ] GC(138) Old eden_size: 203423744 desired_eden_size: 203423744
[37.612s][debug  ][gc,ergo        ] GC(138) AdaptiveSizeStop: collection: 139 
[37.612s][info   ][gc,heap        ] GC(138) PSYoungGen: 229124K(230400K)->30720K(230400K) Eden: 198404K(198656K)->0K(198656K) From: 30720K(31744K)->30720K(31744K)
[37.612s][info   ][gc,heap        ] GC(138) ParOldGen: 1056356K(1835008K)->1250917K(1835008K)
[37.612s][info   ][gc,metaspace   ] GC(138) Metaspace: 1022K(1216K)->1022K(1216K) NonClass: 938K(1024K)->938K(1024K) Class: 83K(192K)->83K(192K)
[37.612s][info   ][gc             ] GC(138) Pause Young (Allocation Failure) 1255M->1251M(2017M) 17.137ms
[37.612s][info   ][gc,cpu         ] GC(138) User=0.16s Sys=0.00s Real=0.02s
[37.612s][debug  ][gc,heap        ] GC(138) Heap after GC invocations=139 (full 22):
[37.612s][debug  ][gc,heap        ] GC(138)  PSYoungGen      total 230400K, used 30720K [0x00000000f0000000, 0x0000000100000000, 0x0000000100000000)
[37.612s][debug  ][gc,heap        ] GC(138)   eden space 198656K, 0% used [0x00000000f0000000,0x00000000f0000000,0x00000000fc200000)
[37.612s][debug  ][gc,heap        ] GC(138)   from space 31744K, 96% used [0x00000000fc200000,0x00000000fe000030,0x00000000fe100000)
[37.612s][debug  ][gc,heap        ] GC(138)   to   space 31744K, 0% used [0x00000000fe100000,0x00000000fe100000,0x0000000100000000)
[37.612s][debug  ][gc,heap        ] GC(138)  ParOldGen       total 1835008K, used 1250917K [0x0000000080000000, 0x00000000f0000000, 0x00000000f0000000)
[37.612s][debug  ][gc,heap        ] GC(138)   object space 1835008K, 68% used [0x0000000080000000,0x00000000cc599428,0x00000000f0000000)
[37.612s][debug  ][gc,heap        ] GC(138)  Metaspace       used 1022K, committed 1216K, reserved 1056768K
[37.612s][debug  ][gc,heap        ] GC(138)   class space    used 83K, committed 192K, reserved 1048576K
[37.612s][debug  ][gc,task,time   ] GC(138) VM-Thread 375943504 376102850 376121822
[37.910s][debug  ][gc,heap        ] GC(139) Heap before GC invocations=140 (full 22):
[37.911s][debug  ][gc,heap        ] GC(139)  PSYoungGen      total 230400K, used 229142K [0x00000000f0000000, 0x0000000100000000, 0x0000000100000000)
[37.911s][debug  ][gc,heap        ] GC(139)   eden space 198656K, 99% used [0x00000000f0000000,0x00000000fc1c5aa0,0x00000000fc200000)
[37.911s][debug  ][gc,heap        ] GC(139)   from space 31744K, 96% used [0x00000000fc200000,0x00000000fe000030,0x00000000fe100000)
[37.911s][debug  ][gc,heap        ] GC(139)   to   space 31744K, 0% used [0x00000000fe100000,0x00000000fe100000,0x0000000100000000)
[37.911s][debug  ][gc,heap        ] GC(139)  ParOldGen       total 1835008K, used 1250917K [0x0000000080000000, 0x00000000f0000000, 0x00000000f0000000)
[37.911s][debug  ][gc,heap        ] GC(139)   object space 1835008K, 68% used [0x0000000080000000,0x00000000cc599428,0x00000000f0000000)
[37.911s][debug  ][gc,heap        ] GC(139)  Metaspace       used 1022K, committed 1216K, reserved 1056768K
[37.911s][debug  ][gc,heap        ] GC(139)   class space    used 83K, committed 192K, reserved 1048576K
[37.911s][debug  ][gc,tlab        ] GC(139) TLAB totals: thrds: 1  refills: 1 max: 1 slow allocs: 18 max 18 waste: 27.4% gc: 3955056B max: 3955056B slow: 0B max: 0B
[37.911s][info   ][gc,start       ] GC(139) Pause Young (Allocation Failure)
[37.911s][debug  ][gc,phases,start] GC(139) Scavenge
[37.926s][debug  ][gc,phases      ] GC(139) Scavenge 15.315ms
[37.926s][debug  ][gc,phases,start] GC(139) Reference Processing
[37.926s][debug  ][gc,ref         ] GC(139) Skipped phase 1 of Reference Processing: no references
[37.926s][debug  ][gc,ref         ] GC(139) Skipped phase 2 of Reference Processing: no references
[37.926s][debug  ][gc,ref         ] GC(139) Skipped phase 3 of Reference Processing: no references
[37.926s][debug  ][gc,ref         ] GC(139) Skipped phase 4 of Reference Processing: no references
[37.926s][debug  ][gc,phases,ref  ] GC(139) Reference Processing: 0.1ms
[37.927s][debug  ][gc,phases,ref  ] GC(139)   Reconsider SoftReferences: 0.0ms
[37.927s][debug  ][gc,phases,ref  ] GC(139)     SoftRef (ms):                  skipped
[37.927s][debug  ][gc,phases,ref  ] GC(139)   Notify Soft/WeakReferences: 0.0ms
[37.927s][debug  ][gc,phases,ref  ] GC(139)     SoftRef (ms):                  skipped
[37.927s][debug  ][gc,phases,ref  ] GC(139)     WeakRef (ms):                  skipped
[37.927s][debug  ][gc,phases,ref  ] GC(139)     FinalRef (ms):                 skipped
[37.927s][debug  ][gc,phases,ref  ] GC(139)     Total (ms):                    skipped
[37.927s][debug  ][gc,phases,ref  ] GC(139)   Notify and keep alive finalizable: 0.0ms
[37.927s][debug  ][gc,phases,ref  ] GC(139)     FinalRef (ms):                 skipped
[37.927s][debug  ][gc,phases,ref  ] GC(139)   Notify PhantomReferences: 0.0ms
[37.927s][debug  ][gc,phases,ref  ] GC(139)     PhantomRef (ms):               skipped
[37.927s][debug  ][gc,phases,ref  ] GC(139)   SoftReference:
[37.927s][debug  ][gc,phases,ref  ] GC(139)     Discovered: 0
[37.927s][debug  ][gc,phases,ref  ] GC(139)     Cleared: 0
[37.927s][debug  ][gc,phases,ref  ] GC(139)   WeakReference:
[37.927s][debug  ][gc,phases,ref  ] GC(139)     Discovered: 0
[37.927s][debug  ][gc,phases,ref  ] GC(139)     Cleared: 0
[37.927s][debug  ][gc,phases,ref  ] GC(139)   FinalReference:
[37.927s][debug  ][gc,phases,ref  ] GC(139)     Discovered: 0
[37.927s][debug  ][gc,phases,ref  ] GC(139)     Cleared: 0
[37.927s][debug  ][gc,phases,ref  ] GC(139)   PhantomReference:
[37.927s][debug  ][gc,phases,ref  ] GC(139)     Discovered: 0
[37.927s][debug  ][gc,phases,ref  ] GC(139)     Cleared: 0
[37.927s][debug  ][gc,phases      ] GC(139) Reference Processing 0.642ms
[37.927s][debug  ][gc,phases,start] GC(139) Weak Processing
[37.927s][debug  ][gc,phases      ] GC(139)   VM Weak                        Min:  0.0, Avg:  0.0, Max:  0.0, Diff:  0.0, Sum:  0.0, Workers: 6
[37.927s][debug  ][gc,phases      ] GC(139)     Dead                           Min: 0, Avg:  0.0, Max: 0, Diff: 0, Sum: 0, Workers: 6
[37.927s][debug  ][gc,phases      ] GC(139)     Total                          Min: 0, Avg:  1.3, Max: 8, Diff: 8, Sum: 8, Workers: 6
[37.927s][debug  ][gc,phases      ] GC(139)   ObjectSynchronizer Weak        Min:  0.0, Avg:  0.0, Max:  0.0, Diff:  0.0, Sum:  0.0, Workers: 6
[37.927s][debug  ][gc,phases      ] GC(139)     Dead                           Min: 0, Avg:  0.0, Max: 0, Diff: 0, Sum: 0, Workers: 6
[37.927s][debug  ][gc,phases      ] GC(139)     Total                          Min: 0, Avg:  0.5, Max: 3, Diff: 3, Sum: 3, Workers: 6
[37.927s][debug  ][gc,phases      ] GC(139)   JVMTI Tag Weak OopStorage      Min:  0.0, Avg:  0.0, Max:  0.0, Diff:  0.0, Sum:  0.0, Workers: 6
[37.927s][debug  ][gc,phases      ] GC(139)     Dead                           Min: 0, Avg:  0.0, Max: 0, Diff: 0, Sum: 0, Workers: 6
[37.927s][debug  ][gc,phases      ] GC(139)     Total                          Min: 0, Avg:  0.0, Max: 0, Diff: 0, Sum: 0, Workers: 6
[37.927s][debug  ][gc,phases      ] GC(139)   StringTable Weak               Min:  0.0, Avg:  0.0, Max:  0.0, Diff:  0.0, Sum:  0.0, Workers: 6
[37.927s][debug  ][gc,phases      ] GC(139)     Dead                           Min: 0, Avg:  0.0, Max: 0, Diff: 0, Sum: 0, Workers: 6
[37.927s][debug  ][gc,phases      ] GC(139)     Total                          Min: 768, Avg: 892.8, Max: 1088, Diff: 320, Sum: 5357, Workers: 6
[37.927s][debug  ][gc,phases      ] GC(139)   ResolvedMethodTable Weak       Min:  0.0, Avg:  0.0, Max:  0.0, Diff:  0.0, Sum:  0.0, Workers: 6
[37.927s][debug  ][gc,phases      ] GC(139)     Dead                           Min: 0, Avg:  0.0, Max: 0, Diff: 0, Sum: 0, Workers: 6
[37.927s][debug  ][gc,phases      ] GC(139)     Total                          Min: 0, Avg: 21.7, Max: 64, Diff: 64, Sum: 130, Workers: 6
[37.927s][debug  ][gc,phases      ] GC(139)   JNI Weak                       Min:  0.0, Avg:  0.0, Max:  0.0, Diff:  0.0, Sum:  0.0, Workers: 6
[37.927s][debug  ][gc,phases      ] GC(139)     Dead                           Min: 0, Avg:  0.0, Max: 0, Diff: 0, Sum: 0, Workers: 6
[37.927s][debug  ][gc,phases      ] GC(139)     Total                          Min: 0, Avg:  0.0, Max: 0, Diff: 0, Sum: 0, Workers: 6
[37.927s][debug  ][gc,phases      ] GC(139)   StringDedup Table Weak         Min:  0.0, Avg:  0.0, Max:  0.0, Diff:  0.0, Sum:  0.0, Workers: 6
[37.927s][debug  ][gc,phases      ] GC(139)     Dead                           Min: 0, Avg:  0.0, Max: 0, Diff: 0, Sum: 0, Workers: 6
[37.927s][debug  ][gc,phases      ] GC(139)     Total                          Min: 0, Avg:  0.0, Max: 0, Diff: 0, Sum: 0, Workers: 6
[37.928s][debug  ][gc,phases      ] GC(139)   StringDedup Requests0 Weak     Min:  0.0, Avg:  0.0, Max:  0.0, Diff:  0.0, Sum:  0.0, Workers: 6
[37.928s][debug  ][gc,phases      ] GC(139)     Dead                           Min: 0, Avg:  0.0, Max: 0, Diff: 0, Sum: 0, Workers: 6
[37.928s][debug  ][gc,phases      ] GC(139)     Total                          Min: 0, Avg:  0.0, Max: 0, Diff: 0, Sum: 0, Workers: 6
[37.928s][debug  ][gc,phases      ] GC(139)   StringDedup Requests1 Weak     Min:  0.0, Avg:  0.0, Max:  0.0, Diff:  0.0, Sum:  0.0, Workers: 6
[37.928s][debug  ][gc,phases      ] GC(139)     Dead                           Min: 0, Avg:  0.0, Max: 0, Diff: 0, Sum: 0, Workers: 6
[37.928s][debug  ][gc,phases      ] GC(139)     Total                          Min: 0, Avg:  0.0, Max: 0, Diff: 0, Sum: 0, Workers: 6
[37.928s][debug  ][gc,phases      ] GC(139)   Weak JFR Old Object Samples    Min:  0.0, Avg:  0.0, Max:  0.0, Diff:  0.0, Sum:  0.0, Workers: 6
[37.928s][debug  ][gc,phases      ] GC(139)     Dead                           Min: 0, Avg:  0.0, Max: 0, Diff: 0, Sum: 0, Workers: 6
[37.928s][debug  ][gc,phases      ] GC(139)     Total                          Min: 0, Avg:  0.0, Max: 0, Diff: 0, Sum: 0, Workers: 6
[37.928s][debug  ][gc,phases      ] GC(139) Weak Processing 0.689ms
[37.928s][debug  ][gc,ergo        ] GC(139) AdaptiveSizeStart:  collection: 140 
[37.928s][debug  ][gc,ergo        ] GC(139) avg_survived_padded_avg: 32062926.000000
[37.928s][debug  ][gc,ergo        ] GC(139) avg_promoted_padded_avg: 257530080.000000  avg_pretenured_padded_avg: 0.000000  tenuring_thresh: 15  target_size: 32505856
[37.928s][debug  ][gc,age         ] GC(139) Desired survivor size 32505856 bytes, new threshold 15 (max threshold 15)
[37.928s][debug  ][gc,ergo        ] GC(139) PSAdaptiveSizePolicy::compute_eden_space_size limits: desired_eden_size: 222953960 old_eden_size: 203423744 eden_limit: 203423744 cur_eden: 203423744 max_eden_size: 203423744 avg_young_live: 27339914
[37.928s][debug  ][gc,ergo        ] GC(139) PSAdaptiveSizePolicy::compute_eden_space_size: costs minor_time: 0.047510 major_cost: 0.051971 mutator_cost: 0.900519 throughput_goal: 0.990000
[37.928s][debug  ][gc,ergo        ] GC(139) Live_space: 1061508352 free_space: 1430257664
[37.928s][debug  ][gc,ergo        ] GC(139) Old eden_size: 203423744 desired_eden_size: 203423744
[37.928s][debug  ][gc,ergo        ] GC(139) AdaptiveSizeStop: collection: 140 
[37.928s][info   ][gc,heap        ] GC(139) PSYoungGen: 229142K(230400K)->30720K(230400K) Eden: 198422K(198656K)->0K(198656K) From: 30720K(31744K)->30720K(31744K)
[37.928s][info   ][gc,heap        ] GC(139) ParOldGen: 1250917K(1835008K)->1445477K(1835008K)
[37.928s][info   ][gc,metaspace   ] GC(139) Metaspace: 1022K(1216K)->1022K(1216K) NonClass: 938K(1024K)->938K(1024K) Class: 83K(192K)->83K(192K)
[37.928s][info   ][gc             ] GC(139) Pause Young (Allocation Failure) 1445M->1441M(2017M) 17.122ms
[37.928s][info   ][gc,cpu         ] GC(139) User=0.14s Sys=0.00s Real=0.02s
[37.928s][debug  ][gc,heap        ] GC(139) Heap after GC invocations=140 (full 22):
[37.928s][debug  ][gc,heap        ] GC(139)  PSYoungGen      total 230400K, used 30720K [0x00000000f0000000, 0x0000000100000000, 0x0000000100000000)
[37.928s][debug  ][gc,heap        ] GC(139)   eden space 198656K, 0% used [0x00000000f0000000,0x00000000f0000000,0x00000000fc200000)
[37.928s][debug  ][gc,heap        ] GC(139)   from space 31744K, 96% used [0x00000000fe100000,0x00000000fff00030,0x0000000100000000)
[37.928s][debug  ][gc,heap        ] GC(139)   to   space 31744K, 0% used [0x00000000fc200000,0x00000000fc200000,0x00000000fe100000)
[37.928s][debug  ][gc,heap        ] GC(139)  ParOldGen       total 1835008K, used 1445477K [0x0000000080000000, 0x00000000f0000000, 0x00000000f0000000)
[37.928s][debug  ][gc,heap        ] GC(139)   object space 1835008K, 78% used [0x0000000080000000,0x00000000d8399558,0x00000000f0000000)
[37.928s][debug  ][gc,heap        ] GC(139)  Metaspace       used 1022K, committed 1216K, reserved 1056768K
[37.928s][debug  ][gc,heap        ] GC(139)   class space    used 83K, committed 192K, reserved 1048576K
[37.928s][debug  ][gc,task,time   ] GC(139) VM-Thread 379104633 379263329 379282499
[38.228s][debug  ][gc,heap        ] GC(140) Heap before GC invocations=141 (full 22):
[38.228s][debug  ][gc,heap        ] GC(140)  PSYoungGen      total 230400K, used 229154K [0x00000000f0000000, 0x0000000100000000, 0x0000000100000000)
[38.228s][debug  ][gc,heap        ] GC(140)   eden space 198656K, 99% used [0x00000000f0000000,0x00000000fc1c8968,0x00000000fc200000)
[38.228s][debug  ][gc,heap        ] GC(140)   from space 31744K, 96% used [0x00000000fe100000,0x00000000fff00030,0x0000000100000000)
[38.228s][debug  ][gc,heap        ] GC(140)   to   space 31744K, 0% used [0x00000000fc200000,0x00000000fc200000,0x00000000fe100000)
[38.228s][debug  ][gc,heap        ] GC(140)  ParOldGen       total 1835008K, used 1445477K [0x0000000080000000, 0x00000000f0000000, 0x00000000f0000000)
[38.228s][debug  ][gc,heap        ] GC(140)   object space 1835008K, 78% used [0x0000000080000000,0x00000000d8399558,0x00000000f0000000)
[38.228s][debug  ][gc,heap        ] GC(140)  Metaspace       used 1022K, committed 1216K, reserved 1056768K
[38.228s][debug  ][gc,heap        ] GC(140)   class space    used 83K, committed 192K, reserved 1048576K
[38.228s][debug  ][gc,tlab        ] GC(140) TLAB totals: thrds: 1  refills: 1 max: 1 slow allocs: 18 max 18 waste: 27.4% gc: 3967032B max: 3967032B slow: 0B max: 0B
[38.228s][info   ][gc,start       ] GC(140) Pause Young (Allocation Failure)
[38.228s][debug  ][gc,phases,start] GC(140) Scavenge
[38.243s][debug  ][gc,phases      ] GC(140) Scavenge 15.150ms
[38.243s][debug  ][gc,phases,start] GC(140) Reference Processing
[38.243s][debug  ][gc,ref         ] GC(140) Skipped phase 1 of Reference Processing: no references
[38.243s][debug  ][gc,ref         ] GC(140) Skipped phase 2 of Reference Processing: no references
[38.243s][debug  ][gc,ref         ] GC(140) Skipped phase 3 of Reference Processing: no references
[38.243s][debug  ][gc,ref         ] GC(140) Skipped phase 4 of Reference Processing: no references
[38.243s][debug  ][gc,phases,ref  ] GC(140) Reference Processing: 0.1ms
[38.243s][debug  ][gc,phases,ref  ] GC(140)   Reconsider SoftReferences: 0.0ms
[38.243s][debug  ][gc,phases,ref  ] GC(140)     SoftRef (ms):                  skipped
[38.243s][debug  ][gc,phases,ref  ] GC(140)   Notify Soft/WeakReferences: 0.0ms
[38.243s][debug  ][gc,phases,ref  ] GC(140)     SoftRef (ms):                  skipped
[38.243s][debug  ][gc,phases,ref  ] GC(140)     WeakRef (ms):                  skipped
[38.243s][debug  ][gc,phases,ref  ] GC(140)     FinalRef (ms):                 skipped
[38.243s][debug  ][gc,phases,ref  ] GC(140)     Total (ms):                    skipped
[38.243s][debug  ][gc,phases,ref  ] GC(140)   Notify and keep alive finalizable: 0.0ms
[38.243s][debug  ][gc,phases,ref  ] GC(140)     FinalRef (ms):                 skipped
[38.244s][debug  ][gc,phases,ref  ] GC(140)   Notify PhantomReferences: 0.0ms
[38.244s][debug  ][gc,phases,ref  ] GC(140)     PhantomRef (ms):               skipped
[38.244s][debug  ][gc,phases,ref  ] GC(140)   SoftReference:
[38.244s][debug  ][gc,phases,ref  ] GC(140)     Discovered: 0
[38.244s][debug  ][gc,phases,ref  ] GC(140)     Cleared: 0
[38.244s][debug  ][gc,phases,ref  ] GC(140)   WeakReference:
[38.244s][debug  ][gc,phases,ref  ] GC(140)     Discovered: 0
[38.244s][debug  ][gc,phases,ref  ] GC(140)     Cleared: 0
[38.244s][debug  ][gc,phases,ref  ] GC(140)   FinalReference:
[38.244s][debug  ][gc,phases,ref  ] GC(140)     Discovered: 0
[38.244s][debug  ][gc,phases,ref  ] GC(140)     Cleared: 0
[38.244s][debug  ][gc,phases,ref  ] GC(140)   PhantomReference:
[38.244s][debug  ][gc,phases,ref  ] GC(140)     Discovered: 0
[38.244s][debug  ][gc,phases,ref  ] GC(140)     Cleared: 0
[38.244s][debug  ][gc,phases      ] GC(140) Reference Processing 0.667ms
[38.244s][debug  ][gc,phases,start] GC(140) Weak Processing
[38.244s][debug  ][gc,phases      ] GC(140)   VM Weak                        Min:  0.0, Avg:  0.0, Max:  0.0, Diff:  0.0, Sum:  0.0, Workers: 6
[38.244s][debug  ][gc,phases      ] GC(140)     Dead                           Min: 0, Avg:  0.0, Max: 0, Diff: 0, Sum: 0, Workers: 6
[38.244s][debug  ][gc,phases      ] GC(140)     Total                          Min: 0, Avg:  1.3, Max: 8, Diff: 8, Sum: 8, Workers: 6
[38.244s][debug  ][gc,phases      ] GC(140)   ObjectSynchronizer Weak        Min:  0.0, Avg:  0.0, Max:  0.0, Diff:  0.0, Sum:  0.0, Workers: 6
[38.244s][debug  ][gc,phases      ] GC(140)     Dead                           Min: 0, Avg:  0.0, Max: 0, Diff: 0, Sum: 0, Workers: 6
[38.244s][debug  ][gc,phases      ] GC(140)     Total                          Min: 0, Avg:  0.5, Max: 3, Diff: 3, Sum: 3, Workers: 6
[38.244s][debug  ][gc,phases      ] GC(140)   JVMTI Tag Weak OopStorage      Min:  0.0, Avg:  0.0, Max:  0.0, Diff:  0.0, Sum:  0.0, Workers: 6
[38.244s][debug  ][gc,phases      ] GC(140)     Dead                           Min: 0, Avg:  0.0, Max: 0, Diff: 0, Sum: 0, Workers: 6
[38.244s][debug  ][gc,phases      ] GC(140)     Total                          Min: 0, Avg:  0.0, Max: 0, Diff: 0, Sum: 0, Workers: 6
[38.244s][debug  ][gc,phases      ] GC(140)   StringTable Weak               Min:  0.0, Avg:  0.0, Max:  0.0, Diff:  0.0, Sum:  0.0, Workers: 6
[38.244s][debug  ][gc,phases      ] GC(140)     Dead                           Min: 0, Avg:  0.0, Max: 0, Diff: 0, Sum: 0, Workers: 6
[38.244s][debug  ][gc,phases      ] GC(140)     Total                          Min: 813, Avg: 892.8, Max: 1088, Diff: 275, Sum: 5357, Workers: 6
[38.244s][debug  ][gc,phases      ] GC(140)   ResolvedMethodTable Weak       Min:  0.0, Avg:  0.0, Max:  0.0, Diff:  0.0, Sum:  0.0, Workers: 6
[38.244s][debug  ][gc,phases      ] GC(140)     Dead                           Min: 0, Avg:  0.0, Max: 0, Diff: 0, Sum: 0, Workers: 6
[38.244s][debug  ][gc,phases      ] GC(140)     Total                          Min: 0, Avg: 21.7, Max: 64, Diff: 64, Sum: 130, Workers: 6
[38.244s][debug  ][gc,phases      ] GC(140)   JNI Weak                       Min:  0.0, Avg:  0.0, Max:  0.0, Diff:  0.0, Sum:  0.0, Workers: 6
[38.244s][debug  ][gc,phases      ] GC(140)     Dead                           Min: 0, Avg:  0.0, Max: 0, Diff: 0, Sum: 0, Workers: 6
[38.244s][debug  ][gc,phases      ] GC(140)     Total                          Min: 0, Avg:  0.0, Max: 0, Diff: 0, Sum: 0, Workers: 6
[38.244s][debug  ][gc,phases      ] GC(140)   StringDedup Table Weak         Min:  0.0, Avg:  0.0, Max:  0.0, Diff:  0.0, Sum:  0.0, Workers: 6
[38.244s][debug  ][gc,phases      ] GC(140)     Dead                           Min: 0, Avg:  0.0, Max: 0, Diff: 0, Sum: 0, Workers: 6
[38.244s][debug  ][gc,phases      ] GC(140)     Total                          Min: 0, Avg:  0.0, Max: 0, Diff: 0, Sum: 0, Workers: 6
[38.244s][debug  ][gc,phases      ] GC(140)   StringDedup Requests0 Weak     Min:  0.0, Avg:  0.0, Max:  0.0, Diff:  0.0, Sum:  0.0, Workers: 6
[38.245s][debug  ][gc,phases      ] GC(140)     Dead                           Min: 0, Avg:  0.0, Max: 0, Diff: 0, Sum: 0, Workers: 6
[38.245s][debug  ][gc,phases      ] GC(140)     Total                          Min: 0, Avg:  0.0, Max: 0, Diff: 0, Sum: 0, Workers: 6
[38.245s][debug  ][gc,phases      ] GC(140)   StringDedup Requests1 Weak     Min:  0.0, Avg:  0.0, Max:  0.0, Diff:  0.0, Sum:  0.0, Workers: 6
[38.245s][debug  ][gc,phases      ] GC(140)     Dead                           Min: 0, Avg:  0.0, Max: 0, Diff: 0, Sum: 0, Workers: 6
[38.245s][debug  ][gc,phases      ] GC(140)     Total                          Min: 0, Avg:  0.0, Max: 0, Diff: 0, Sum: 0, Workers: 6
[38.245s][debug  ][gc,phases      ] GC(140)   Weak JFR Old Object Samples    Min:  0.0, Avg:  0.0, Max:  0.0, Diff:  0.0, Sum:  0.0, Workers: 6
[38.245s][debug  ][gc,phases      ] GC(140)     Dead                           Min: 0, Avg:  0.0, Max: 0, Diff: 0, Sum: 0, Workers: 6
[38.245s][debug  ][gc,phases      ] GC(140)     Total                          Min: 0, Avg:  0.0, Max: 0, Diff: 0, Sum: 0, Workers: 6
[38.245s][debug  ][gc,phases      ] GC(140) Weak Processing 0.870ms
[38.245s][debug  ][gc,ergo        ] GC(140) AdaptiveSizeStart:  collection: 141 
[38.245s][debug  ][gc,ergo        ] GC(140) avg_survived_padded_avg: 32013598.000000
[38.245s][debug  ][gc,ergo        ] GC(140) avg_promoted_padded_avg: 260493552.000000  avg_pretenured_padded_avg: 0.000000  tenuring_thresh: 15  target_size: 32505856
[38.245s][debug  ][gc,age         ] GC(140) Desired survivor size 32505856 bytes, new threshold 15 (max threshold 15)
[38.245s][debug  ][gc,ergo        ] GC(140) PSAdaptiveSizePolicy::compute_eden_space_size limits: desired_eden_size: 223245370 old_eden_size: 203423744 eden_limit: 203423744 cur_eden: 203423744 max_eden_size: 203423744 avg_young_live: 27751656
[38.245s][debug  ][gc,ergo        ] GC(140) PSAdaptiveSizePolicy::compute_eden_space_size: costs minor_time: 0.048886 major_cost: 0.051971 mutator_cost: 0.899143 throughput_goal: 0.990000
[38.245s][debug  ][gc,ergo        ] GC(140) Live_space: 1061920128 free_space: 1430257664
[38.245s][debug  ][gc,ergo        ] GC(140) Old eden_size: 203423744 desired_eden_size: 203423744
[38.245s][debug  ][gc,ergo        ] GC(140) AdaptiveSizeStop: collection: 141 
[38.245s][info   ][gc,heap        ] GC(140) PSYoungGen: 229154K(230400K)->30720K(230400K) Eden: 198434K(198656K)->0K(198656K) From: 30720K(31744K)->30720K(31744K)
[38.245s][info   ][gc,heap        ] GC(140) ParOldGen: 1445477K(1835008K)->1640037K(1835008K)
[38.245s][info   ][gc,metaspace   ] GC(140) Metaspace: 1022K(1216K)->1022K(1216K) NonClass: 938K(1024K)->938K(1024K) Class: 83K(192K)->83K(192K)
[38.245s][info   ][gc             ] GC(140) Pause Young (Allocation Failure) 1635M->1631M(2017M) 17.185ms
[38.245s][info   ][gc,cpu         ] GC(140) User=0.16s Sys=0.00s Real=0.02s
[38.245s][debug  ][gc,heap        ] GC(140) Heap after GC invocations=141 (full 22):
[38.245s][debug  ][gc,heap        ] GC(140)  PSYoungGen      total 230400K, used 30720K [0x00000000f0000000, 0x0000000100000000, 0x0000000100000000)
[38.245s][debug  ][gc,heap        ] GC(140)   eden space 198656K, 0% used [0x00000000f0000000,0x00000000f0000000,0x00000000fc200000)
[38.245s][debug  ][gc,heap        ] GC(140)   from space 31744K, 96% used [0x00000000fc200000,0x00000000fe000030,0x00000000fe100000)
[38.245s][debug  ][gc,heap        ] GC(140)   to   space 31744K, 0% used [0x00000000fe100000,0x00000000fe100000,0x0000000100000000)
[38.245s][debug  ][gc,heap        ] GC(140)  ParOldGen       total 1835008K, used 1640037K [0x0000000080000000, 0x00000000f0000000, 0x00000000f0000000)
[38.245s][debug  ][gc,heap        ] GC(140)   object space 1835008K, 89% used [0x0000000080000000,0x00000000e4199688,0x00000000f0000000)
[38.245s][debug  ][gc,heap        ] GC(140)  Metaspace       used 1022K, committed 1216K, reserved 1056768K
[38.245s][debug  ][gc,heap        ] GC(140)   class space    used 83K, committed 192K, reserved 1048576K
[38.245s][debug  ][gc,task,time   ] GC(140) VM-Thread 382275646 382431656 382453644
[38.245s][debug  ][gc,phases,start] GC(141) Pre Compact
[38.245s][debug  ][gc,heap        ] GC(141) Heap before GC invocations=142 (full 23):
[38.245s][debug  ][gc,heap        ] GC(141)  PSYoungGen      total 230400K, used 30720K [0x00000000f0000000, 0x0000000100000000, 0x0000000100000000)
[38.245s][debug  ][gc,heap        ] GC(141)   eden space 198656K, 0% used [0x00000000f0000000,0x00000000f0000000,0x00000000fc200000)
[38.245s][debug  ][gc,heap        ] GC(141)   from space 31744K, 96% used [0x00000000fc200000,0x00000000fe000030,0x00000000fe100000)
[38.245s][debug  ][gc,heap        ] GC(141)   to   space 31744K, 0% used [0x00000000fe100000,0x00000000fe100000,0x0000000100000000)
[38.246s][debug  ][gc,heap        ] GC(141)  ParOldGen       total 1835008K, used 1640037K [0x0000000080000000, 0x00000000f0000000, 0x00000000f0000000)
[38.246s][debug  ][gc,heap        ] GC(141)   object space 1835008K, 89% used [0x0000000080000000,0x00000000e4199688,0x00000000f0000000)
[38.246s][debug  ][gc,heap        ] GC(141)  Metaspace       used 1022K, committed 1216K, reserved 1056768K
[38.246s][debug  ][gc,heap        ] GC(141)   class space    used 83K, committed 192K, reserved 1048576K
[38.246s][debug  ][gc,phases      ] GC(141) Pre Compact 0.203ms
[38.246s][info   ][gc,start       ] GC(141) Pause Full (Ergonomics)
[38.246s][info   ][gc,phases,start] GC(141) Marking Phase
[38.246s][debug  ][gc,phases,start] GC(141) Par Mark
[38.246s][debug  ][gc,phases      ] GC(141) Par Mark 0.520ms
[38.246s][debug  ][gc,phases,start] GC(141) Reference Processing
[38.246s][debug  ][gc,ref         ] GC(141) Skipped phase 1 of Reference Processing: no references
[38.246s][debug  ][gc,ref         ] GC(141) ReferenceProcessor::execute queues: 1, RefProcThreadModel::Single, marks_oops_alive: false
[38.246s][debug  ][gc,ref         ] GC(141) Skipped phase 3 of Reference Processing: no references
[38.246s][debug  ][gc,ref         ] GC(141) ReferenceProcessor::execute queues: 1, RefProcThreadModel::Single, marks_oops_alive: false
[38.246s][debug  ][gc,phases,ref  ] GC(141) Reference Processing: 0.1ms
[38.246s][debug  ][gc,phases,ref  ] GC(141)   Reconsider SoftReferences: 0.0ms
[38.246s][debug  ][gc,phases,ref  ] GC(141)     SoftRef (ms):                  skipped
[38.247s][debug  ][gc,phases,ref  ] GC(141)   Notify Soft/WeakReferences: 0.0ms
[38.247s][debug  ][gc,phases,ref  ] GC(141)     SoftRef (ms):                  Min:  0.0, Avg:  0.0, Max:  0.0, Diff:  0.0, Sum:  0.0, Workers: 10
[38.247s][debug  ][gc,phases,ref  ] GC(141)     WeakRef (ms):                  Min:  0.0, Avg:  0.0, Max:  0.0, Diff:  0.0, Sum:  0.0, Workers: 10
[38.247s][debug  ][gc,phases,ref  ] GC(141)     FinalRef (ms):                 Min:  0.0, Avg:  0.0, Max:  0.0, Diff:  0.0, Sum:  0.0, Workers: 10
[38.247s][debug  ][gc,phases,ref  ] GC(141)     Total (ms):                    Min:  0.0, Avg:  0.0, Max:  0.0, Diff:  0.0, Sum:  0.0, Workers: 10
[38.247s][debug  ][gc,phases,ref  ] GC(141)   Notify and keep alive finalizable: 0.0ms
[38.247s][debug  ][gc,phases,ref  ] GC(141)     FinalRef (ms):                 skipped
[38.247s][debug  ][gc,phases,ref  ] GC(141)   Notify PhantomReferences: 0.0ms
[38.247s][debug  ][gc,phases,ref  ] GC(141)     PhantomRef (ms):               Min:  0.0, Avg:  0.0, Max:  0.0, Diff:  0.0, Sum:  0.0, Workers: 10
[38.247s][debug  ][gc,phases,ref  ] GC(141)   SoftReference:
[38.247s][debug  ][gc,phases,ref  ] GC(141)     Discovered: 0
[38.247s][debug  ][gc,phases,ref  ] GC(141)     Cleared: 0
[38.247s][debug  ][gc,phases,ref  ] GC(141)   WeakReference:
[38.247s][debug  ][gc,phases,ref  ] GC(141)     Discovered: 60
[38.247s][debug  ][gc,phases,ref  ] GC(141)     Cleared: 60
[38.247s][debug  ][gc,phases,ref  ] GC(141)   FinalReference:
[38.247s][debug  ][gc,phases,ref  ] GC(141)     Discovered: 0
[38.247s][debug  ][gc,phases,ref  ] GC(141)     Cleared: 0
[38.247s][debug  ][gc,phases,ref  ] GC(141)   PhantomReference:
[38.247s][debug  ][gc,phases,ref  ] GC(141)     Discovered: 3
[38.247s][debug  ][gc,phases,ref  ] GC(141)     Cleared: 3
[38.247s][debug  ][gc,phases      ] GC(141) Reference Processing 0.701ms
[38.247s][debug  ][gc,phases,start] GC(141) Weak Processing
[38.247s][debug  ][gc,phases      ] GC(141)   VM Weak                        Min:  0.0, Avg:  0.0, Max:  0.0, Diff:  0.0, Sum:  0.0, Workers: 6
[38.247s][debug  ][gc,phases      ] GC(141)     Dead                           Min: 0, Avg:  0.0, Max: 0, Diff: 0, Sum: 0, Workers: 6
[38.247s][debug  ][gc,phases      ] GC(141)     Total                          Min: 0, Avg:  1.3, Max: 8, Diff: 8, Sum: 8, Workers: 6
[38.247s][debug  ][gc,phases      ] GC(141)   ObjectSynchronizer Weak        Min:  0.0, Avg:  0.0, Max:  0.0, Diff:  0.0, Sum:  0.0, Workers: 6
[38.247s][debug  ][gc,phases      ] GC(141)     Dead                           Min: 0, Avg:  0.0, Max: 0, Diff: 0, Sum: 0, Workers: 6
[38.247s][debug  ][gc,phases      ] GC(141)     Total                          Min: 0, Avg:  0.5, Max: 3, Diff: 3, Sum: 3, Workers: 6
[38.247s][debug  ][gc,phases      ] GC(141)   JVMTI Tag Weak OopStorage      Min:  0.0, Avg:  0.0, Max:  0.0, Diff:  0.0, Sum:  0.0, Workers: 6
[38.247s][debug  ][gc,phases      ] GC(141)     Dead                           Min: 0, Avg:  0.0, Max: 0, Diff: 0, Sum: 0, Workers: 6
[38.247s][debug  ][gc,phases      ] GC(141)     Total                          Min: 0, Avg:  0.0, Max: 0, Diff: 0, Sum: 0, Workers: 6
[38.247s][debug  ][gc,phases      ] GC(141)   StringTable Weak               Min:  0.0, Avg:  0.0, Max:  0.0, Diff:  0.0, Sum:  0.0, Workers: 6
[38.247s][debug  ][gc,phases      ] GC(141)     Dead                           Min: 0, Avg:  0.0, Max: 0, Diff: 0, Sum: 0, Workers: 6
[38.247s][debug  ][gc,phases      ] GC(141)     Total                          Min: 640, Avg: 892.8, Max: 1472, Diff: 832, Sum: 5357, Workers: 6
[38.247s][debug  ][gc,phases      ] GC(141)   ResolvedMethodTable Weak       Min:  0.0, Avg:  0.0, Max:  0.0, Diff:  0.0, Sum:  0.0, Workers: 6
[38.247s][debug  ][gc,phases      ] GC(141)     Dead                           Min: 0, Avg:  0.0, Max: 0, Diff: 0, Sum: 0, Workers: 6
[38.247s][debug  ][gc,phases      ] GC(141)     Total                          Min: 0, Avg: 21.7, Max: 64, Diff: 64, Sum: 130, Workers: 6
[38.247s][debug  ][gc,phases      ] GC(141)   JNI Weak                       Min:  0.0, Avg:  0.0, Max:  0.0, Diff:  0.0, Sum:  0.0, Workers: 6
[38.247s][debug  ][gc,phases      ] GC(141)     Dead                           Min: 0, Avg:  0.0, Max: 0, Diff: 0, Sum: 0, Workers: 6
[38.247s][debug  ][gc,phases      ] GC(141)     Total                          Min: 0, Avg:  0.0, Max: 0, Diff: 0, Sum: 0, Workers: 6
[38.248s][debug  ][gc,phases      ] GC(141)   StringDedup Table Weak         Min:  0.0, Avg:  0.0, Max:  0.0, Diff:  0.0, Sum:  0.0, Workers: 6
[38.248s][debug  ][gc,phases      ] GC(141)     Dead                           Min: 0, Avg:  0.0, Max: 0, Diff: 0, Sum: 0, Workers: 6
[38.248s][debug  ][gc,phases      ] GC(141)     Total                          Min: 0, Avg:  0.0, Max: 0, Diff: 0, Sum: 0, Workers: 6
[38.248s][debug  ][gc,phases      ] GC(141)   StringDedup Requests0 Weak     Min:  0.0, Avg:  0.0, Max:  0.0, Diff:  0.0, Sum:  0.0, Workers: 6
[38.248s][debug  ][gc,phases      ] GC(141)     Dead                           Min: 0, Avg:  0.0, Max: 0, Diff: 0, Sum: 0, Workers: 6
[38.248s][debug  ][gc,phases      ] GC(141)     Total                          Min: 0, Avg:  0.0, Max: 0, Diff: 0, Sum: 0, Workers: 6
[38.248s][debug  ][gc,phases      ] GC(141)   StringDedup Requests1 Weak     Min:  0.0, Avg:  0.0, Max:  0.0, Diff:  0.0, Sum:  0.0, Workers: 6
[38.248s][debug  ][gc,phases      ] GC(141)     Dead                           Min: 0, Avg:  0.0, Max: 0, Diff: 0, Sum: 0, Workers: 6
[38.248s][debug  ][gc,phases      ] GC(141)     Total                          Min: 0, Avg:  0.0, Max: 0, Diff: 0, Sum: 0, Workers: 6
[38.248s][debug  ][gc,phases      ] GC(141)   Weak JFR Old Object Samples    Min:  0.0, Avg:  0.0, Max:  0.0, Diff:  0.0, Sum:  0.0, Workers: 6
[38.248s][debug  ][gc,phases      ] GC(141)     Dead                           Min: 0, Avg:  0.0, Max: 0, Diff: 0, Sum: 0, Workers: 6
[38.248s][debug  ][gc,phases      ] GC(141)     Total                          Min: 0, Avg:  0.0, Max: 0, Diff: 0, Sum: 0, Workers: 6
[38.248s][debug  ][gc,phases      ] GC(141) Weak Processing 0.803ms
[38.248s][debug  ][gc,phases,start] GC(141) Class Unloading
[38.248s][debug  ][gc,phases,start] GC(141) ClassLoaderData
[38.248s][debug  ][gc,phases      ] GC(141) ClassLoaderData 0.024ms
[38.248s][debug  ][gc,phases,start] GC(141) Trigger cleanups
[38.248s][debug  ][gc,phases      ] GC(141) Trigger cleanups 0.019ms
[38.248s][debug  ][gc,phases      ] GC(141) Class Unloading 0.263ms
[38.248s][info   ][gc,phases      ] GC(141) Marking Phase 2.486ms
[38.248s][info   ][gc,phases,start] GC(141) Summary Phase
[38.248s][info   ][gc,phases      ] GC(141) Summary Phase 0.046ms
[38.248s][info   ][gc,phases,start] GC(141) Adjust Roots
[38.248s][info   ][gc,phases      ] GC(141) Adjust Roots 0.153ms
[38.248s][info   ][gc,phases,start] GC(141) Compaction Phase
[38.326s][info   ][gc,phases      ] GC(141) Compaction Phase 77.758ms
[38.326s][info   ][gc,phases,start] GC(141) Post Compact
[38.331s][info   ][gc,phases      ] GC(141) Post Compact 5.080ms
[38.332s][debug  ][gc,ergo        ] GC(141) AdaptiveSizeStart: collection: 142 
[38.332s][debug  ][gc,ergo        ] GC(141) PSAdaptiveSizePolicy::compute_eden_space_size limits: desired_eden_size: 223283480 old_eden_size: 203423744 eden_limit: 203423744 cur_eden: 203423744 max_eden_size: 203423744 avg_young_live: 24976492
[38.332s][debug  ][gc,ergo        ] GC(141) PSAdaptiveSizePolicy::compute_eden_space_size: costs minor_time: 0.048886 major_cost: 0.051778 mutator_cost: 0.899336 throughput_goal: 0.990000
[38.332s][debug  ][gc,ergo        ] GC(141) Live_space: 1059144960 free_space: 1430257664
[38.332s][debug  ][gc,ergo        ] GC(141) Old eden_size: 203423744 desired_eden_size: 203423744
[38.332s][debug  ][gc,ergo        ] GC(141) PSAdaptiveSizePolicy::compute_old_gen_free_space limits: desired_promo_size: 1353042284 promo_limit: 1226833920 free_in_old_gen: 1115272064 max_old_gen_size: 1879048192 avg_old_live: 763776128
[38.332s][debug  ][gc,ergo        ] GC(141) PSAdaptiveSizePolicy::compute_old_gen_free_space: costs minor_time: 0.048886 major_cost: 0.051778  mutator_cost: 0.899336 throughput_goal: 0.990000
[38.332s][debug  ][gc,ergo        ] GC(141) Live_space: 1057188096 free_space: 1430257664
[38.332s][debug  ][gc,ergo        ] GC(141) Old promo_size: 1226833920 desired_promo_size: 1226833920
[38.332s][debug  ][gc,ergo        ] GC(141) AdaptiveSizeStop: collection: 142 
[38.332s][info   ][gc,heap        ] GC(141) PSYoungGen: 30720K(230400K)->0K(230400K) Eden: 0K(198656K)->0K(198656K) From: 30720K(31744K)->0K(31744K)
[38.332s][info   ][gc,heap        ] GC(141) ParOldGen: 1640037K(1835008K)->728676K(1835008K)
[38.332s][info   ][gc,metaspace   ] GC(141) Metaspace: 1022K(1216K)->1022K(1216K) NonClass: 938K(1024K)->938K(1024K) Class: 83K(192K)->83K(192K)
[38.332s][info   ][gc             ] GC(141) Pause Full (Ergonomics) 1631M->711M(2017M) 86.211ms
[38.332s][info   ][gc,cpu         ] GC(141) User=0.94s Sys=0.00s Real=0.09s
[38.332s][debug  ][gc,heap        ] GC(141) Heap after GC invocations=142 (full 23):
[38.332s][debug  ][gc,heap        ] GC(141)  PSYoungGen      total 230400K, used 0K [0x00000000f0000000, 0x0000000100000000, 0x0000000100000000)
[38.332s][debug  ][gc,heap        ] GC(141)   eden space 198656K, 0% used [0x00000000f0000000,0x00000000f0000000,0x00000000fc200000)
[38.332s][debug  ][gc,heap        ] GC(141)   from space 31744K, 0% used [0x00000000fe100000,0x00000000fe100000,0x0000000100000000)
[38.332s][debug  ][gc,heap        ] GC(141)   to   space 31744K, 0% used [0x00000000fc200000,0x00000000fc200000,0x00000000fe100000)
[38.332s][debug  ][gc,heap        ] GC(141)  ParOldGen       total 1835008K, used 728676K [0x0000000080000000, 0x00000000f0000000, 0x00000000f0000000)
[38.332s][debug  ][gc,heap        ] GC(141)   object space 1835008K, 39% used [0x0000000080000000,0x00000000ac7990f8,0x00000000f0000000)
[38.332s][debug  ][gc,heap        ] GC(141)  Metaspace       used 1022K, committed 1216K, reserved 1056768K
[38.332s][debug  ][gc,heap        ] GC(141)   class space    used 83K, committed 192K, reserved 1048576K
[38.332s][debug  ][gc,task,time   ] GC(141) VM-Thread 382456454 382484436 383318877
[38.637s][debug  ][gc,heap        ] GC(142) Heap before GC invocations=143 (full 23):
[38.637s][debug  ][gc,heap        ] GC(142)  PSYoungGen      total 230400K, used 198441K [0x00000000f0000000, 0x0000000100000000, 0x0000000100000000)
[38.637s][debug  ][gc,heap        ] GC(142)   eden space 198656K, 99% used [0x00000000f0000000,0x00000000fc1ca780,0x00000000fc200000)
[38.637s][debug  ][gc,heap        ] GC(142)   from space 31744K, 0% used [0x00000000fe100000,0x00000000fe100000,0x0000000100000000)
[38.637s][debug  ][gc,heap        ] GC(142)   to   space 31744K, 0% used [0x00000000fc200000,0x00000000fc200000,0x00000000fe100000)
[38.637s][debug  ][gc,heap        ] GC(142)  ParOldGen       total 1835008K, used 728676K [0x0000000080000000, 0x00000000f0000000, 0x00000000f0000000)
[38.637s][debug  ][gc,heap        ] GC(142)   object space 1835008K, 39% used [0x0000000080000000,0x00000000ac7990f8,0x00000000f0000000)
[38.637s][debug  ][gc,heap        ] GC(142)  Metaspace       used 1022K, committed 1216K, reserved 1056768K
[38.637s][debug  ][gc,heap        ] GC(142)   class space    used 83K, committed 192K, reserved 1048576K
[38.637s][debug  ][gc,tlab        ] GC(142) TLAB totals: thrds: 1  refills: 1 max: 1 slow allocs: 18 max 18 waste: 27.5% gc: 3974736B max: 3974736B slow: 0B max: 0B
[38.637s][info   ][gc,start       ] GC(142) Pause Young (Allocation Failure)
[38.638s][debug  ][gc,phases,start] GC(142) Scavenge
[38.651s][debug  ][gc,phases      ] GC(142) Scavenge 13.796ms
[38.651s][debug  ][gc,phases,start] GC(142) Reference Processing
[38.651s][debug  ][gc,ref         ] GC(142) Skipped phase 1 of Reference Processing: no references
[38.652s][debug  ][gc,ref         ] GC(142) Skipped phase 2 of Reference Processing: no references
[38.652s][debug  ][gc,ref         ] GC(142) Skipped phase 3 of Reference Processing: no references
[38.652s][debug  ][gc,ref         ] GC(142) Skipped phase 4 of Reference Processing: no references
[38.652s][debug  ][gc,phases,ref  ] GC(142) Reference Processing: 0.1ms
[38.652s][debug  ][gc,phases,ref  ] GC(142)   Reconsider SoftReferences: 0.0ms
[38.652s][debug  ][gc,phases,ref  ] GC(142)     SoftRef (ms):                  skipped
[38.652s][debug  ][gc,phases,ref  ] GC(142)   Notify Soft/WeakReferences: 0.0ms
[38.652s][debug  ][gc,phases,ref  ] GC(142)     SoftRef (ms):                  skipped
[38.652s][debug  ][gc,phases,ref  ] GC(142)     WeakRef (ms):                  skipped
[38.652s][debug  ][gc,phases,ref  ] GC(142)     FinalRef (ms):                 skipped
[38.652s][debug  ][gc,phases,ref  ] GC(142)     Total (ms):                    skipped
[38.652s][debug  ][gc,phases,ref  ] GC(142)   Notify and keep alive finalizable: 0.0ms
[38.652s][debug  ][gc,phases,ref  ] GC(142)     FinalRef (ms):                 skipped
[38.652s][debug  ][gc,phases,ref  ] GC(142)   Notify PhantomReferences: 0.0ms
[38.652s][debug  ][gc,phases,ref  ] GC(142)     PhantomRef (ms):               skipped
[38.652s][debug  ][gc,phases,ref  ] GC(142)   SoftReference:
[38.652s][debug  ][gc,phases,ref  ] GC(142)     Discovered: 0
[38.652s][debug  ][gc,phases,ref  ] GC(142)     Cleared: 0
[38.652s][debug  ][gc,phases,ref  ] GC(142)   WeakReference:
[38.652s][debug  ][gc,phases,ref  ] GC(142)     Discovered: 0
[38.652s][debug  ][gc,phases,ref  ] GC(142)     Cleared: 0
[38.652s][debug  ][gc,phases,ref  ] GC(142)   FinalReference:
[38.652s][debug  ][gc,phases,ref  ] GC(142)     Discovered: 0
[38.652s][debug  ][gc,phases,ref  ] GC(142)     Cleared: 0
[38.652s][debug  ][gc,phases,ref  ] GC(142)   PhantomReference:
[38.652s][debug  ][gc,phases,ref  ] GC(142)     Discovered: 0
[38.652s][debug  ][gc,phases,ref  ] GC(142)     Cleared: 0
[38.652s][debug  ][gc,phases      ] GC(142) Reference Processing 0.836ms
[38.652s][debug  ][gc,phases,start] GC(142) Weak Processing
[38.652s][debug  ][gc,phases      ] GC(142)   VM Weak                        Min:  0.0, Avg:  0.0, Max:  0.0, Diff:  0.0, Sum:  0.0, Workers: 6
[38.652s][debug  ][gc,phases      ] GC(142)     Dead                           Min: 0, Avg:  0.0, Max: 0, Diff: 0, Sum: 0, Workers: 6
[38.652s][debug  ][gc,phases      ] GC(142)     Total                          Min: 0, Avg:  1.3, Max: 8, Diff: 8, Sum: 8, Workers: 6
[38.652s][debug  ][gc,phases      ] GC(142)   ObjectSynchronizer Weak        Min:  0.0, Avg:  0.0, Max:  0.0, Diff:  0.0, Sum:  0.0, Workers: 6
[38.653s][debug  ][gc,phases      ] GC(142)     Dead                           Min: 0, Avg:  0.0, Max: 0, Diff: 0, Sum: 0, Workers: 6
[38.653s][debug  ][gc,phases      ] GC(142)     Total                          Min: 0, Avg:  0.5, Max: 3, Diff: 3, Sum: 3, Workers: 6
[38.653s][debug  ][gc,phases      ] GC(142)   JVMTI Tag Weak OopStorage      Min:  0.0, Avg:  0.0, Max:  0.0, Diff:  0.0, Sum:  0.0, Workers: 6
[38.653s][debug  ][gc,phases      ] GC(142)     Dead                           Min: 0, Avg:  0.0, Max: 0, Diff: 0, Sum: 0, Workers: 6
[38.653s][debug  ][gc,phases      ] GC(142)     Total                          Min: 0, Avg:  0.0, Max: 0, Diff: 0, Sum: 0, Workers: 6
[38.653s][debug  ][gc,phases      ] GC(142)   StringTable Weak               Min:  0.0, Avg:  0.0, Max:  0.0, Diff:  0.0, Sum:  0.0, Workers: 6
[38.653s][debug  ][gc,phases      ] GC(142)     Dead                           Min: 0, Avg:  0.0, Max: 0, Diff: 0, Sum: 0, Workers: 6
[38.653s][debug  ][gc,phases      ] GC(142)     Total                          Min: 639, Avg: 892.8, Max: 1088, Diff: 449, Sum: 5357, Workers: 6
[38.653s][debug  ][gc,phases      ] GC(142)   ResolvedMethodTable Weak       Min:  0.0, Avg:  0.0, Max:  0.0, Diff:  0.0, Sum:  0.0, Workers: 6
[38.653s][debug  ][gc,phases      ] GC(142)     Dead                           Min: 0, Avg:  0.0, Max: 0, Diff: 0, Sum: 0, Workers: 6
[38.653s][debug  ][gc,phases      ] GC(142)     Total                          Min: 0, Avg: 21.7, Max: 64, Diff: 64, Sum: 130, Workers: 6
[38.653s][debug  ][gc,phases      ] GC(142)   JNI Weak                       Min:  0.0, Avg:  0.0, Max:  0.0, Diff:  0.0, Sum:  0.0, Workers: 6
[38.653s][debug  ][gc,phases      ] GC(142)     Dead                           Min: 0, Avg:  0.0, Max: 0, Diff: 0, Sum: 0, Workers: 6
[38.653s][debug  ][gc,phases      ] GC(142)     Total                          Min: 0, Avg:  0.0, Max: 0, Diff: 0, Sum: 0, Workers: 6
[38.653s][debug  ][gc,phases      ] GC(142)   StringDedup Table Weak         Min:  0.0, Avg:  0.0, Max:  0.0, Diff:  0.0, Sum:  0.0, Workers: 6
[38.653s][debug  ][gc,phases      ] GC(142)     Dead                           Min: 0, Avg:  0.0, Max: 0, Diff: 0, Sum: 0, Workers: 6
[38.653s][debug  ][gc,phases      ] GC(142)     Total                          Min: 0, Avg:  0.0, Max: 0, Diff: 0, Sum: 0, Workers: 6
[38.653s][debug  ][gc,phases      ] GC(142)   StringDedup Requests0 Weak     Min:  0.0, Avg:  0.0, Max:  0.0, Diff:  0.0, Sum:  0.0, Workers: 6
[38.653s][debug  ][gc,phases      ] GC(142)     Dead                           Min: 0, Avg:  0.0, Max: 0, Diff: 0, Sum: 0, Workers: 6
[38.653s][debug  ][gc,phases      ] GC(142)     Total                          Min: 0, Avg:  0.0, Max: 0, Diff: 0, Sum: 0, Workers: 6
[38.653s][debug  ][gc,phases      ] GC(142)   StringDedup Requests1 Weak     Min:  0.0, Avg:  0.0, Max:  0.0, Diff:  0.0, Sum:  0.0, Workers: 6
[38.653s][debug  ][gc,phases      ] GC(142)     Dead                           Min: 0, Avg:  0.0, Max: 0, Diff: 0, Sum: 0, Workers: 6
[38.653s][debug  ][gc,phases      ] GC(142)     Total                          Min: 0, Avg:  0.0, Max: 0, Diff: 0, Sum: 0, Workers: 6
[38.653s][debug  ][gc,phases      ] GC(142)   Weak JFR Old Object Samples    Min:  0.0, Avg:  0.0, Max:  0.0, Diff:  0.0, Sum:  0.0, Workers: 6
[38.653s][debug  ][gc,phases      ] GC(142)     Dead                           Min: 0, Avg:  0.0, Max: 0, Diff: 0, Sum: 0, Workers: 6
[38.653s][debug  ][gc,phases      ] GC(142)     Total                          Min: 0, Avg:  0.0, Max: 0, Diff: 0, Sum: 0, Workers: 6
[38.653s][debug  ][gc,phases      ] GC(142) Weak Processing 1.020ms
[38.653s][debug  ][gc,ergo        ] GC(142) AdaptiveSizeStart:  collection: 143 
[38.653s][debug  ][gc,ergo        ] GC(142) avg_survived_padded_avg: 31968078.000000
[38.653s][debug  ][gc,ergo        ] GC(142) avg_promoted_padded_avg: 251800768.000000  avg_pretenured_padded_avg: 0.000000  tenuring_thresh: 15  target_size: 31981568
[38.653s][debug  ][gc,age         ] GC(142) Desired survivor size 31981568 bytes, new threshold 15 (max threshold 15)
[38.653s][debug  ][gc,ergo        ] GC(142) PSAdaptiveSizePolicy::compute_eden_space_size limits: desired_eden_size: 222734743 old_eden_size: 203423744 eden_limit: 203423744 cur_eden: 203423744 max_eden_size: 203423744 avg_young_live: 25624574
[38.653s][debug  ][gc,ergo        ] GC(142) PSAdaptiveSizePolicy::compute_eden_space_size: costs minor_time: 0.046326 major_cost: 0.051778 mutator_cost: 0.901896 throughput_goal: 0.990000
[38.653s][debug  ][gc,ergo        ] GC(142) Live_space: 1057836160 free_space: 1430257664
[38.654s][debug  ][gc,ergo        ] GC(142) Old eden_size: 203423744 desired_eden_size: 203423744
[38.654s][debug  ][gc,ergo        ] GC(142) AdaptiveSizeStop: collection: 143 
[38.654s][info   ][gc,heap        ] GC(142) PSYoungGen: 198441K(230400K)->30720K(230400K) Eden: 198441K(198656K)->0K(198656K) From: 0K(31744K)->30720K(31744K)
[38.654s][info   ][gc,heap        ] GC(142) ParOldGen: 728676K(1835008K)->892516K(1835008K)
[38.654s][info   ][gc,metaspace   ] GC(142) Metaspace: 1022K(1216K)->1022K(1216K) NonClass: 938K(1024K)->938K(1024K) Class: 83K(192K)->83K(192K)
[38.654s][info   ][gc             ] GC(142) Pause Young (Allocation Failure) 905M->901M(2017M) 16.162ms
[38.654s][info   ][gc,cpu         ] GC(142) User=0.00s Sys=0.02s Real=0.02s
[38.654s][debug  ][gc,heap        ] GC(142) Heap after GC invocations=143 (full 23):
[38.654s][debug  ][gc,heap        ] GC(142)  PSYoungGen      total 230400K, used 30720K [0x00000000f0000000, 0x0000000100000000, 0x0000000100000000)
[38.654s][debug  ][gc,heap        ] GC(142)   eden space 198656K, 0% used [0x00000000f0000000,0x00000000f0000000,0x00000000fc200000)
[38.654s][debug  ][gc,heap        ] GC(142)   from space 31744K, 96% used [0x00000000fc200000,0x00000000fe000030,0x00000000fe100000)
[38.654s][debug  ][gc,heap        ] GC(142)   to   space 31232K, 0% used [0x00000000fe180000,0x00000000fe180000,0x0000000100000000)
[38.654s][debug  ][gc,heap        ] GC(142)  ParOldGen       total 1835008K, used 892516K [0x0000000080000000, 0x00000000f0000000, 0x00000000f0000000)
[38.654s][debug  ][gc,heap        ] GC(142)   object space 1835008K, 48% used [0x0000000080000000,0x00000000b67991f8,0x00000000f0000000)
[38.654s][debug  ][gc,heap        ] GC(142)  Metaspace       used 1022K, committed 1216K, reserved 1056768K
[38.654s][debug  ][gc,heap        ] GC(142)   class space    used 83K, committed 192K, reserved 1048576K
[38.654s][debug  ][gc,task,time   ] GC(142) VM-Thread 386369641 386514302 386539069
[38.953s][debug  ][gc,heap        ] GC(143) Heap before GC invocations=144 (full 23):
[38.953s][debug  ][gc,heap        ] GC(143)  PSYoungGen      total 230400K, used 229095K [0x00000000f0000000, 0x0000000100000000, 0x0000000100000000)
[38.953s][debug  ][gc,heap        ] GC(143)   eden space 198656K, 99% used [0x00000000f0000000,0x00000000fc1b9bd0,0x00000000fc200000)
[38.953s][debug  ][gc,heap        ] GC(143)   from space 31744K, 96% used [0x00000000fc200000,0x00000000fe000030,0x00000000fe100000)
[38.953s][debug  ][gc,heap        ] GC(143)   to   space 31232K, 0% used [0x00000000fe180000,0x00000000fe180000,0x0000000100000000)
[38.953s][debug  ][gc,heap        ] GC(143)  ParOldGen       total 1835008K, used 892516K [0x0000000080000000, 0x00000000f0000000, 0x00000000f0000000)
[38.953s][debug  ][gc,heap        ] GC(143)   object space 1835008K, 48% used [0x0000000080000000,0x00000000b67991f8,0x00000000f0000000)
[38.953s][debug  ][gc,heap        ] GC(143)  Metaspace       used 1022K, committed 1216K, reserved 1056768K
[38.953s][debug  ][gc,heap        ] GC(143)   class space    used 83K, committed 192K, reserved 1048576K
[38.953s][debug  ][gc,tlab        ] GC(143) TLAB totals: thrds: 1  refills: 1 max: 1 slow allocs: 18 max 18 waste: 27.1% gc: 3905144B max: 3905144B slow: 0B max: 0B
[38.954s][info   ][gc,start       ] GC(143) Pause Young (Allocation Failure)
[38.954s][debug  ][gc,phases,start] GC(143) Scavenge
[38.960s][debug  ][gc,phases      ] GC(143) Scavenge 6.700ms
[38.960s][debug  ][gc,phases,start] GC(143) Reference Processing
[38.960s][debug  ][gc,ref         ] GC(143) Skipped phase 1 of Reference Processing: no references
[38.960s][debug  ][gc,ref         ] GC(143) Skipped phase 2 of Reference Processing: no references
[38.960s][debug  ][gc,ref         ] GC(143) Skipped phase 3 of Reference Processing: no references
[38.960s][debug  ][gc,ref         ] GC(143) Skipped phase 4 of Reference Processing: no references
[38.961s][debug  ][gc,phases,ref  ] GC(143) Reference Processing: 0.1ms
[38.961s][debug  ][gc,phases,ref  ] GC(143)   Reconsider SoftReferences: 0.0ms
[38.961s][debug  ][gc,phases,ref  ] GC(143)     SoftRef (ms):                  skipped
[38.961s][debug  ][gc,phases,ref  ] GC(143)   Notify Soft/WeakReferences: 0.0ms
[38.961s][debug  ][gc,phases,ref  ] GC(143)     SoftRef (ms):                  skipped
[38.961s][debug  ][gc,phases,ref  ] GC(143)     WeakRef (ms):                  skipped
[38.961s][debug  ][gc,phases,ref  ] GC(143)     FinalRef (ms):                 skipped
[38.961s][debug  ][gc,phases,ref  ] GC(143)     Total (ms):                    skipped
[38.961s][debug  ][gc,phases,ref  ] GC(143)   Notify and keep alive finalizable: 0.0ms
[38.961s][debug  ][gc,phases,ref  ] GC(143)     FinalRef (ms):                 skipped
[38.961s][debug  ][gc,phases,ref  ] GC(143)   Notify PhantomReferences: 0.0ms
[38.961s][debug  ][gc,phases,ref  ] GC(143)     PhantomRef (ms):               skipped
[38.961s][debug  ][gc,phases,ref  ] GC(143)   SoftReference:
[38.961s][debug  ][gc,phases,ref  ] GC(143)     Discovered: 0
[38.961s][debug  ][gc,phases,ref  ] GC(143)     Cleared: 0
[38.961s][debug  ][gc,phases,ref  ] GC(143)   WeakReference:
[38.961s][debug  ][gc,phases,ref  ] GC(143)     Discovered: 0
[38.961s][debug  ][gc,phases,ref  ] GC(143)     Cleared: 0
[38.961s][debug  ][gc,phases,ref  ] GC(143)   FinalReference:
[38.961s][debug  ][gc,phases,ref  ] GC(143)     Discovered: 0
[38.961s][debug  ][gc,phases,ref  ] GC(143)     Cleared: 0
[38.961s][debug  ][gc,phases,ref  ] GC(143)   PhantomReference:
[38.961s][debug  ][gc,phases,ref  ] GC(143)     Discovered: 0
[38.961s][debug  ][gc,phases,ref  ] GC(143)     Cleared: 0
[38.961s][debug  ][gc,phases      ] GC(143) Reference Processing 0.678ms
[38.961s][debug  ][gc,phases,start] GC(143) Weak Processing
[38.961s][debug  ][gc,phases      ] GC(143)   VM Weak                        Min:  0.0, Avg:  0.0, Max:  0.0, Diff:  0.0, Sum:  0.0, Workers: 6
[38.961s][debug  ][gc,phases      ] GC(143)     Dead                           Min: 0, Avg:  0.0, Max: 0, Diff: 0, Sum: 0, Workers: 6
[38.961s][debug  ][gc,phases      ] GC(143)     Total                          Min: 0, Avg:  1.3, Max: 8, Diff: 8, Sum: 8, Workers: 6
[38.961s][debug  ][gc,phases      ] GC(143)   ObjectSynchronizer Weak        Min:  0.0, Avg:  0.0, Max:  0.0, Diff:  0.0, Sum:  0.0, Workers: 6
[38.961s][debug  ][gc,phases      ] GC(143)     Dead                           Min: 0, Avg:  0.0, Max: 0, Diff: 0, Sum: 0, Workers: 6
[38.961s][debug  ][gc,phases      ] GC(143)     Total                          Min: 0, Avg:  0.5, Max: 3, Diff: 3, Sum: 3, Workers: 6
[38.961s][debug  ][gc,phases      ] GC(143)   JVMTI Tag Weak OopStorage      Min:  0.0, Avg:  0.0, Max:  0.0, Diff:  0.0, Sum:  0.0, Workers: 6
[38.961s][debug  ][gc,phases      ] GC(143)     Dead                           Min: 0, Avg:  0.0, Max: 0, Diff: 0, Sum: 0, Workers: 6
[38.961s][debug  ][gc,phases      ] GC(143)     Total                          Min: 0, Avg:  0.0, Max: 0, Diff: 0, Sum: 0, Workers: 6
[38.961s][debug  ][gc,phases      ] GC(143)   StringTable Weak               Min:  0.0, Avg:  0.0, Max:  0.0, Diff:  0.0, Sum:  0.0, Workers: 6
[38.961s][debug  ][gc,phases      ] GC(143)     Dead                           Min: 0, Avg:  0.0, Max: 0, Diff: 0, Sum: 0, Workers: 6
[38.961s][debug  ][gc,phases      ] GC(143)     Total                          Min: 767, Avg: 892.8, Max: 1152, Diff: 385, Sum: 5357, Workers: 6
[38.961s][debug  ][gc,phases      ] GC(143)   ResolvedMethodTable Weak       Min:  0.0, Avg:  0.0, Max:  0.0, Diff:  0.0, Sum:  0.0, Workers: 6
[38.961s][debug  ][gc,phases      ] GC(143)     Dead                           Min: 0, Avg:  0.0, Max: 0, Diff: 0, Sum: 0, Workers: 6
[38.961s][debug  ][gc,phases      ] GC(143)     Total                          Min: 0, Avg: 21.7, Max: 64, Diff: 64, Sum: 130, Workers: 6
[38.962s][debug  ][gc,phases      ] GC(143)   JNI Weak                       Min:  0.0, Avg:  0.0, Max:  0.0, Diff:  0.0, Sum:  0.0, Workers: 6
[38.962s][debug  ][gc,phases      ] GC(143)     Dead                           Min: 0, Avg:  0.0, Max: 0, Diff: 0, Sum: 0, Workers: 6
[38.962s][debug  ][gc,phases      ] GC(143)     Total                          Min: 0, Avg:  0.0, Max: 0, Diff: 0, Sum: 0, Workers: 6
[38.962s][debug  ][gc,phases      ] GC(143)   StringDedup Table Weak         Min:  0.0, Avg:  0.0, Max:  0.0, Diff:  0.0, Sum:  0.0, Workers: 6
[38.962s][debug  ][gc,phases      ] GC(143)     Dead                           Min: 0, Avg:  0.0, Max: 0, Diff: 0, Sum: 0, Workers: 6
[38.962s][debug  ][gc,phases      ] GC(143)     Total                          Min: 0, Avg:  0.0, Max: 0, Diff: 0, Sum: 0, Workers: 6
[38.962s][debug  ][gc,phases      ] GC(143)   StringDedup Requests0 Weak     Min:  0.0, Avg:  0.0, Max:  0.0, Diff:  0.0, Sum:  0.0, Workers: 6
[38.962s][debug  ][gc,phases      ] GC(143)     Dead                           Min: 0, Avg:  0.0, Max: 0, Diff: 0, Sum: 0, Workers: 6
[38.962s][debug  ][gc,phases      ] GC(143)     Total                          Min: 0, Avg:  0.0, Max: 0, Diff: 0, Sum: 0, Workers: 6
[38.962s][debug  ][gc,phases      ] GC(143)   StringDedup Requests1 Weak     Min:  0.0, Avg:  0.0, Max:  0.0, Diff:  0.0, Sum:  0.0, Workers: 6
[38.962s][debug  ][gc,phases      ] GC(143)     Dead                           Min: 0, Avg:  0.0, Max: 0, Diff: 0, Sum: 0, Workers: 6
[38.962s][debug  ][gc,phases      ] GC(143)     Total                          Min: 0, Avg:  0.0, Max: 0, Diff: 0, Sum: 0, Workers: 6
[38.962s][debug  ][gc,phases      ] GC(143)   Weak JFR Old Object Samples    Min:  0.0, Avg:  0.0, Max:  0.0, Diff:  0.0, Sum:  0.0, Workers: 6
[38.962s][debug  ][gc,phases      ] GC(143)     Dead                           Min: 0, Avg:  0.0, Max: 0, Diff: 0, Sum: 0, Workers: 6
[38.962s][debug  ][gc,phases      ] GC(143)     Total                          Min: 0, Avg:  0.0, Max: 0, Diff: 0, Sum: 0, Workers: 6
[38.962s][debug  ][gc,phases      ] GC(143) Weak Processing 0.796ms
[38.962s][debug  ][gc,ergo        ] GC(143) AdaptiveSizeStart:  collection: 144 
[38.962s][debug  ][gc,ergo        ] GC(143) avg_survived_padded_avg: 31926102.000000
[38.962s][debug  ][gc,ergo        ] GC(143) avg_promoted_padded_avg: 261745152.000000  avg_pretenured_padded_avg: 0.000000  tenuring_thresh: 15  target_size: 31981568
[38.962s][debug  ][gc,age         ] GC(143) Desired survivor size 31981568 bytes, new threshold 15 (max threshold 15)
[38.962s][debug  ][gc,ergo        ] GC(143) PSAdaptiveSizePolicy::compute_eden_space_size limits: desired_eden_size: 221611383 old_eden_size: 203423744 eden_limit: 203948032 cur_eden: 203423744 max_eden_size: 203948032 avg_young_live: 26207848
[38.962s][debug  ][gc,ergo        ] GC(143) PSAdaptiveSizePolicy::compute_eden_space_size: costs minor_time: 0.041473 major_cost: 0.051778 mutator_cost: 0.906749 throughput_goal: 0.990000
[38.962s][debug  ][gc,ergo        ] GC(143) Live_space: 1058419456 free_space: 1430257664
[38.962s][debug  ][gc,ergo        ] GC(143) Old eden_size: 203423744 desired_eden_size: 203948032
[38.962s][debug  ][gc,ergo        ] GC(143) AdaptiveSizeStop: collection: 144 
[38.962s][info   ][gc,heap        ] GC(143) PSYoungGen: 229095K(230400K)->30720K(230912K) Eden: 198374K(198656K)->0K(199680K) From: 30720K(31744K)->30720K(31232K)
[38.962s][info   ][gc,heap        ] GC(143) ParOldGen: 892516K(1835008K)->953956K(1835008K)
[38.962s][info   ][gc,metaspace   ] GC(143) Metaspace: 1022K(1216K)->1022K(1216K) NonClass: 938K(1024K)->938K(1024K) Class: 83K(192K)->83K(192K)
[38.962s][info   ][gc             ] GC(143) Pause Young (Allocation Failure) 1095M->961M(2017M) 8.723ms
[38.962s][info   ][gc,cpu         ] GC(143) User=0.00s Sys=0.00s Real=0.01s
[38.962s][debug  ][gc,heap        ] GC(143) Heap after GC invocations=144 (full 23):
[38.962s][debug  ][gc,heap        ] GC(143)  PSYoungGen      total 230912K, used 30720K [0x00000000f0000000, 0x0000000100000000, 0x0000000100000000)
[38.962s][debug  ][gc,heap        ] GC(143)   eden space 199680K, 0% used [0x00000000f0000000,0x00000000f0000000,0x00000000fc300000)
[38.962s][debug  ][gc,heap        ] GC(143)   from space 31232K, 98% used [0x00000000fe180000,0x00000000fff80030,0x0000000100000000)
[38.962s][debug  ][gc,heap        ] GC(143)   to   space 31232K, 0% used [0x00000000fc300000,0x00000000fc300000,0x00000000fe180000)
[38.962s][debug  ][gc,heap        ] GC(143)  ParOldGen       total 1835008K, used 953956K [0x0000000080000000, 0x00000000f0000000, 0x00000000f0000000)
[38.962s][debug  ][gc,heap        ] GC(143)   object space 1835008K, 51% used [0x0000000080000000,0x00000000ba399258,0x00000000f0000000)
[38.963s][debug  ][gc,heap        ] GC(143)  Metaspace       used 1022K, committed 1216K, reserved 1056768K
[38.963s][debug  ][gc,heap        ] GC(143)   class space    used 83K, committed 192K, reserved 1048576K
[38.963s][debug  ][gc,task,time   ] GC(143) VM-Thread 389531197 389603732 389625567
[39.271s][debug  ][gc,heap        ] GC(144) Heap before GC invocations=145 (full 23):
[39.271s][debug  ][gc,heap        ] GC(144)  PSYoungGen      total 230912K, used 229143K [0x00000000f0000000, 0x0000000100000000, 0x0000000100000000)
[39.271s][debug  ][gc,heap        ] GC(144)   eden space 199680K, 99% used [0x00000000f0000000,0x00000000fc1c5df0,0x00000000fc300000)
[39.271s][debug  ][gc,heap        ] GC(144)   from space 31232K, 98% used [0x00000000fe180000,0x00000000fff80030,0x0000000100000000)
[39.271s][debug  ][gc,heap        ] GC(144)   to   space 31232K, 0% used [0x00000000fc300000,0x00000000fc300000,0x00000000fe180000)
[39.271s][debug  ][gc,heap        ] GC(144)  ParOldGen       total 1835008K, used 953956K [0x0000000080000000, 0x00000000f0000000, 0x00000000f0000000)
[39.271s][debug  ][gc,heap        ] GC(144)   object space 1835008K, 51% used [0x0000000080000000,0x00000000ba399258,0x00000000f0000000)
[39.271s][debug  ][gc,heap        ] GC(144)  Metaspace       used 1022K, committed 1216K, reserved 1056768K
[39.271s][debug  ][gc,heap        ] GC(144)   class space    used 83K, committed 192K, reserved 1048576K
[39.271s][debug  ][gc,tlab        ] GC(144) TLAB totals: thrds: 1  refills: 1 max: 1 slow allocs: 18 max 18 waste: 27.4% gc: 3955904B max: 3955904B slow: 0B max: 0B
[39.271s][info   ][gc,start       ] GC(144) Pause Young (Allocation Failure)
[39.271s][debug  ][gc,phases,start] GC(144) Scavenge
[39.286s][debug  ][gc,phases      ] GC(144) Scavenge 15.244ms
[39.286s][debug  ][gc,phases,start] GC(144) Reference Processing
[39.287s][debug  ][gc,ref         ] GC(144) Skipped phase 1 of Reference Processing: no references
[39.287s][debug  ][gc,ref         ] GC(144) Skipped phase 2 of Reference Processing: no references
[39.287s][debug  ][gc,ref         ] GC(144) Skipped phase 3 of Reference Processing: no references
[39.287s][debug  ][gc,ref         ] GC(144) Skipped phase 4 of Reference Processing: no references
[39.287s][debug  ][gc,phases,ref  ] GC(144) Reference Processing: 0.1ms
[39.287s][debug  ][gc,phases,ref  ] GC(144)   Reconsider SoftReferences: 0.0ms
[39.287s][debug  ][gc,phases,ref  ] GC(144)     SoftRef (ms):                  skipped
[39.287s][debug  ][gc,phases,ref  ] GC(144)   Notify Soft/WeakReferences: 0.0ms
[39.287s][debug  ][gc,phases,ref  ] GC(144)     SoftRef (ms):                  skipped
[39.287s][debug  ][gc,phases,ref  ] GC(144)     WeakRef (ms):                  skipped
[39.287s][debug  ][gc,phases,ref  ] GC(144)     FinalRef (ms):                 skipped
[39.287s][debug  ][gc,phases,ref  ] GC(144)     Total (ms):                    skipped
[39.287s][debug  ][gc,phases,ref  ] GC(144)   Notify and keep alive finalizable: 0.0ms
[39.287s][debug  ][gc,phases,ref  ] GC(144)     FinalRef (ms):                 skipped
[39.287s][debug  ][gc,phases,ref  ] GC(144)   Notify PhantomReferences: 0.0ms
[39.287s][debug  ][gc,phases,ref  ] GC(144)     PhantomRef (ms):               skipped
[39.287s][debug  ][gc,phases,ref  ] GC(144)   SoftReference:
[39.287s][debug  ][gc,phases,ref  ] GC(144)     Discovered: 0
[39.287s][debug  ][gc,phases,ref  ] GC(144)     Cleared: 0
[39.287s][debug  ][gc,phases,ref  ] GC(144)   WeakReference:
[39.287s][debug  ][gc,phases,ref  ] GC(144)     Discovered: 0
[39.287s][debug  ][gc,phases,ref  ] GC(144)     Cleared: 0
[39.287s][debug  ][gc,phases,ref  ] GC(144)   FinalReference:
[39.287s][debug  ][gc,phases,ref  ] GC(144)     Discovered: 0
[39.287s][debug  ][gc,phases,ref  ] GC(144)     Cleared: 0
[39.287s][debug  ][gc,phases,ref  ] GC(144)   PhantomReference:
[39.287s][debug  ][gc,phases,ref  ] GC(144)     Discovered: 0
[39.287s][debug  ][gc,phases,ref  ] GC(144)     Cleared: 0
[39.287s][debug  ][gc,phases      ] GC(144) Reference Processing 0.570ms
[39.287s][debug  ][gc,phases,start] GC(144) Weak Processing
[39.287s][debug  ][gc,phases      ] GC(144)   VM Weak                        Min:  0.0, Avg:  0.0, Max:  0.0, Diff:  0.0, Sum:  0.0, Workers: 6
[39.287s][debug  ][gc,phases      ] GC(144)     Dead                           Min: 0, Avg:  0.0, Max: 0, Diff: 0, Sum: 0, Workers: 6
[39.287s][debug  ][gc,phases      ] GC(144)     Total                          Min: 0, Avg:  1.3, Max: 8, Diff: 8, Sum: 8, Workers: 6
[39.287s][debug  ][gc,phases      ] GC(144)   ObjectSynchronizer Weak        Min:  0.0, Avg:  0.0, Max:  0.0, Diff:  0.0, Sum:  0.0, Workers: 6
[39.287s][debug  ][gc,phases      ] GC(144)     Dead                           Min: 0, Avg:  0.0, Max: 0, Diff: 0, Sum: 0, Workers: 6
[39.287s][debug  ][gc,phases      ] GC(144)     Total                          Min: 0, Avg:  0.5, Max: 3, Diff: 3, Sum: 3, Workers: 6
[39.287s][debug  ][gc,phases      ] GC(144)   JVMTI Tag Weak OopStorage      Min:  0.0, Avg:  0.0, Max:  0.0, Diff:  0.0, Sum:  0.0, Workers: 6
[39.287s][debug  ][gc,phases      ] GC(144)     Dead                           Min: 0, Avg:  0.0, Max: 0, Diff: 0, Sum: 0, Workers: 6
[39.287s][debug  ][gc,phases      ] GC(144)     Total                          Min: 0, Avg:  0.0, Max: 0, Diff: 0, Sum: 0, Workers: 6
[39.287s][debug  ][gc,phases      ] GC(144)   StringTable Weak               Min:  0.0, Avg:  0.0, Max:  0.0, Diff:  0.0, Sum:  0.0, Workers: 6
[39.287s][debug  ][gc,phases      ] GC(144)     Dead                           Min: 0, Avg:  0.0, Max: 0, Diff: 0, Sum: 0, Workers: 6
[39.287s][debug  ][gc,phases      ] GC(144)     Total                          Min: 703, Avg: 892.8, Max: 1088, Diff: 385, Sum: 5357, Workers: 6
[39.287s][debug  ][gc,phases      ] GC(144)   ResolvedMethodTable Weak       Min:  0.0, Avg:  0.0, Max:  0.0, Diff:  0.0, Sum:  0.0, Workers: 6
[39.287s][debug  ][gc,phases      ] GC(144)     Dead                           Min: 0, Avg:  0.0, Max: 0, Diff: 0, Sum: 0, Workers: 6
[39.287s][debug  ][gc,phases      ] GC(144)     Total                          Min: 0, Avg: 21.7, Max: 66, Diff: 66, Sum: 130, Workers: 6
[39.287s][debug  ][gc,phases      ] GC(144)   JNI Weak                       Min:  0.0, Avg:  0.0, Max:  0.0, Diff:  0.0, Sum:  0.0, Workers: 6
[39.288s][debug  ][gc,phases      ] GC(144)     Dead                           Min: 0, Avg:  0.0, Max: 0, Diff: 0, Sum: 0, Workers: 6
[39.288s][debug  ][gc,phases      ] GC(144)     Total                          Min: 0, Avg:  0.0, Max: 0, Diff: 0, Sum: 0, Workers: 6
[39.288s][debug  ][gc,phases      ] GC(144)   StringDedup Table Weak         Min:  0.0, Avg:  0.0, Max:  0.0, Diff:  0.0, Sum:  0.0, Workers: 6
[39.288s][debug  ][gc,phases      ] GC(144)     Dead                           Min: 0, Avg:  0.0, Max: 0, Diff: 0, Sum: 0, Workers: 6
[39.288s][debug  ][gc,phases      ] GC(144)     Total                          Min: 0, Avg:  0.0, Max: 0, Diff: 0, Sum: 0, Workers: 6
[39.288s][debug  ][gc,phases      ] GC(144)   StringDedup Requests0 Weak     Min:  0.0, Avg:  0.0, Max:  0.0, Diff:  0.0, Sum:  0.0, Workers: 6
[39.288s][debug  ][gc,phases      ] GC(144)     Dead                           Min: 0, Avg:  0.0, Max: 0, Diff: 0, Sum: 0, Workers: 6
[39.288s][debug  ][gc,phases      ] GC(144)     Total                          Min: 0, Avg:  0.0, Max: 0, Diff: 0, Sum: 0, Workers: 6
[39.288s][debug  ][gc,phases      ] GC(144)   StringDedup Requests1 Weak     Min:  0.0, Avg:  0.0, Max:  0.0, Diff:  0.0, Sum:  0.0, Workers: 6
[39.288s][debug  ][gc,phases      ] GC(144)     Dead                           Min: 0, Avg:  0.0, Max: 0, Diff: 0, Sum: 0, Workers: 6
[39.288s][debug  ][gc,phases      ] GC(144)     Total                          Min: 0, Avg:  0.0, Max: 0, Diff: 0, Sum: 0, Workers: 6
[39.288s][debug  ][gc,phases      ] GC(144)   Weak JFR Old Object Samples    Min:  0.0, Avg:  0.0, Max:  0.0, Diff:  0.0, Sum:  0.0, Workers: 6
[39.288s][debug  ][gc,phases      ] GC(144)     Dead                           Min: 0, Avg:  0.0, Max: 0, Diff: 0, Sum: 0, Workers: 6
[39.288s][debug  ][gc,phases      ] GC(144)     Total                          Min: 0, Avg:  0.0, Max: 0, Diff: 0, Sum: 0, Workers: 6
[39.288s][debug  ][gc,phases      ] GC(144) Weak Processing 0.717ms
[39.288s][debug  ][gc,ergo        ] GC(144) AdaptiveSizeStart:  collection: 145 
[39.288s][debug  ][gc,ergo        ] GC(144) avg_survived_padded_avg: 31887410.000000
[39.288s][debug  ][gc,ergo        ] GC(144) avg_promoted_padded_avg: 266348992.000000  avg_pretenured_padded_avg: 0.000000  tenuring_thresh: 15  target_size: 31981568
[39.288s][debug  ][gc,age         ] GC(144) Desired survivor size 31981568 bytes, new threshold 15 (max threshold 15)
[39.288s][debug  ][gc,ergo        ] GC(144) PSAdaptiveSizePolicy::compute_eden_space_size limits: desired_eden_size: 223228974 old_eden_size: 203948032 eden_limit: 204472320 cur_eden: 204472320 max_eden_size: 204472320 avg_young_live: 26732796
[39.288s][debug  ][gc,ergo        ] GC(144) PSAdaptiveSizePolicy::compute_eden_space_size: costs minor_time: 0.043870 major_cost: 0.051778 mutator_cost: 0.904352 throughput_goal: 0.990000
[39.288s][debug  ][gc,ergo        ] GC(144) Live_space: 1058944384 free_space: 1430781952
[39.288s][debug  ][gc,ergo        ] GC(144) Old eden_size: 203948032 desired_eden_size: 204472320
[39.288s][debug  ][gc,ergo        ] GC(144) AdaptiveSizeStop: collection: 145 
[39.288s][info   ][gc,heap        ] GC(144) PSYoungGen: 229143K(230912K)->30720K(230912K) Eden: 198423K(199680K)->0K(199680K) From: 30720K(31232K)->30720K(31232K)
[39.288s][info   ][gc,heap        ] GC(144) ParOldGen: 953956K(1835008K)->1148516K(1835008K)
[39.288s][info   ][gc,metaspace   ] GC(144) Metaspace: 1022K(1216K)->1022K(1216K) NonClass: 938K(1024K)->938K(1024K) Class: 83K(192K)->83K(192K)
[39.288s][info   ][gc             ] GC(144) Pause Young (Allocation Failure) 1155M->1151M(2017M) 16.991ms
[39.288s][info   ][gc,cpu         ] GC(144) User=0.16s Sys=0.00s Real=0.02s
[39.288s][debug  ][gc,heap        ] GC(144) Heap after GC invocations=145 (full 23):
[39.288s][debug  ][gc,heap        ] GC(144)  PSYoungGen      total 230912K, used 30720K [0x00000000f0000000, 0x0000000100000000, 0x0000000100000000)
[39.288s][debug  ][gc,heap        ] GC(144)   eden space 199680K, 0% used [0x00000000f0000000,0x00000000f0000000,0x00000000fc300000)
[39.288s][debug  ][gc,heap        ] GC(144)   from space 31232K, 98% used [0x00000000fc300000,0x00000000fe100030,0x00000000fe180000)
[39.288s][debug  ][gc,heap        ] GC(144)   to   space 31232K, 0% used [0x00000000fe180000,0x00000000fe180000,0x0000000100000000)
[39.288s][debug  ][gc,heap        ] GC(144)  ParOldGen       total 1835008K, used 1148516K [0x0000000080000000, 0x00000000f0000000, 0x00000000f0000000)
[39.288s][debug  ][gc,heap        ] GC(144)   object space 1835008K, 62% used [0x0000000080000000,0x00000000c6199388,0x00000000f0000000)
[39.288s][debug  ][gc,heap        ] GC(144)  Metaspace       used 1022K, committed 1216K, reserved 1056768K
[39.288s][debug  ][gc,heap        ] GC(144)   class space    used 83K, committed 192K, reserved 1048576K
[39.288s][debug  ][gc,task,time   ] GC(144) VM-Thread 392706071 392864825 392883704
[39.587s][debug  ][gc,heap        ] GC(145) Heap before GC invocations=146 (full 23):
[39.587s][debug  ][gc,heap        ] GC(145)  PSYoungGen      total 230912K, used 229161K [0x00000000f0000000, 0x0000000100000000, 0x0000000100000000)
[39.587s][debug  ][gc,heap        ] GC(145)   eden space 199680K, 99% used [0x00000000f0000000,0x00000000fc1ca7b0,0x00000000fc300000)
[39.587s][debug  ][gc,heap        ] GC(145)   from space 31232K, 98% used [0x00000000fc300000,0x00000000fe100030,0x00000000fe180000)
[39.587s][debug  ][gc,heap        ] GC(145)   to   space 31232K, 0% used [0x00000000fe180000,0x00000000fe180000,0x0000000100000000)
[39.587s][debug  ][gc,heap        ] GC(145)  ParOldGen       total 1835008K, used 1148516K [0x0000000080000000, 0x00000000f0000000, 0x00000000f0000000)
[39.587s][debug  ][gc,heap        ] GC(145)   object space 1835008K, 62% used [0x0000000080000000,0x00000000c6199388,0x00000000f0000000)
[39.587s][debug  ][gc,heap        ] GC(145)  Metaspace       used 1022K, committed 1216K, reserved 1056768K
[39.587s][debug  ][gc,heap        ] GC(145)   class space    used 83K, committed 192K, reserved 1048576K
[39.587s][debug  ][gc,tlab        ] GC(145) TLAB totals: thrds: 1  refills: 1 max: 1 slow allocs: 18 max 18 waste: 27.5% gc: 3974784B max: 3974784B slow: 0B max: 0B
[39.588s][info   ][gc,start       ] GC(145) Pause Young (Allocation Failure)
[39.588s][debug  ][gc,phases,start] GC(145) Scavenge
[39.603s][debug  ][gc,phases      ] GC(145) Scavenge 15.085ms
[39.603s][debug  ][gc,phases,start] GC(145) Reference Processing
[39.603s][debug  ][gc,ref         ] GC(145) Skipped phase 1 of Reference Processing: no references
[39.603s][debug  ][gc,ref         ] GC(145) Skipped phase 2 of Reference Processing: no references
[39.603s][debug  ][gc,ref         ] GC(145) Skipped phase 3 of Reference Processing: no references
[39.603s][debug  ][gc,ref         ] GC(145) Skipped phase 4 of Reference Processing: no references
[39.603s][debug  ][gc,phases,ref  ] GC(145) Reference Processing: 0.1ms
[39.603s][debug  ][gc,phases,ref  ] GC(145)   Reconsider SoftReferences: 0.0ms
[39.603s][debug  ][gc,phases,ref  ] GC(145)     SoftRef (ms):                  skipped
[39.603s][debug  ][gc,phases,ref  ] GC(145)   Notify Soft/WeakReferences: 0.0ms
[39.603s][debug  ][gc,phases,ref  ] GC(145)     SoftRef (ms):                  skipped
[39.603s][debug  ][gc,phases,ref  ] GC(145)     WeakRef (ms):                  skipped
[39.603s][debug  ][gc,phases,ref  ] GC(145)     FinalRef (ms):                 skipped
[39.603s][debug  ][gc,phases,ref  ] GC(145)     Total (ms):                    skipped
[39.603s][debug  ][gc,phases,ref  ] GC(145)   Notify and keep alive finalizable: 0.0ms
[39.603s][debug  ][gc,phases,ref  ] GC(145)     FinalRef (ms):                 skipped
[39.603s][debug  ][gc,phases,ref  ] GC(145)   Notify PhantomReferences: 0.0ms
[39.603s][debug  ][gc,phases,ref  ] GC(145)     PhantomRef (ms):               skipped
[39.603s][debug  ][gc,phases,ref  ] GC(145)   SoftReference:
[39.603s][debug  ][gc,phases,ref  ] GC(145)     Discovered: 0
[39.603s][debug  ][gc,phases,ref  ] GC(145)     Cleared: 0
[39.603s][debug  ][gc,phases,ref  ] GC(145)   WeakReference:
[39.603s][debug  ][gc,phases,ref  ] GC(145)     Discovered: 0
[39.603s][debug  ][gc,phases,ref  ] GC(145)     Cleared: 0
[39.603s][debug  ][gc,phases,ref  ] GC(145)   FinalReference:
[39.603s][debug  ][gc,phases,ref  ] GC(145)     Discovered: 0
[39.603s][debug  ][gc,phases,ref  ] GC(145)     Cleared: 0
[39.603s][debug  ][gc,phases,ref  ] GC(145)   PhantomReference:
[39.603s][debug  ][gc,phases,ref  ] GC(145)     Discovered: 0
[39.603s][debug  ][gc,phases,ref  ] GC(145)     Cleared: 0
[39.603s][debug  ][gc,phases      ] GC(145) Reference Processing 0.665ms
[39.603s][debug  ][gc,phases,start] GC(145) Weak Processing
[39.603s][debug  ][gc,phases      ] GC(145)   VM Weak                        Min:  0.0, Avg:  0.0, Max:  0.0, Diff:  0.0, Sum:  0.0, Workers: 6
[39.603s][debug  ][gc,phases      ] GC(145)     Dead                           Min: 0, Avg:  0.0, Max: 0, Diff: 0, Sum: 0, Workers: 6
[39.603s][debug  ][gc,phases      ] GC(145)     Total                          Min: 0, Avg:  1.3, Max: 8, Diff: 8, Sum: 8, Workers: 6
[39.604s][debug  ][gc,phases      ] GC(145)   ObjectSynchronizer Weak        Min:  0.0, Avg:  0.0, Max:  0.0, Diff:  0.0, Sum:  0.0, Workers: 6
[39.604s][debug  ][gc,phases      ] GC(145)     Dead                           Min: 0, Avg:  0.0, Max: 0, Diff: 0, Sum: 0, Workers: 6
[39.604s][debug  ][gc,phases      ] GC(145)     Total                          Min: 0, Avg:  0.5, Max: 3, Diff: 3, Sum: 3, Workers: 6
[39.604s][debug  ][gc,phases      ] GC(145)   JVMTI Tag Weak OopStorage      Min:  0.0, Avg:  0.0, Max:  0.0, Diff:  0.0, Sum:  0.0, Workers: 6
[39.604s][debug  ][gc,phases      ] GC(145)     Dead                           Min: 0, Avg:  0.0, Max: 0, Diff: 0, Sum: 0, Workers: 6
[39.604s][debug  ][gc,phases      ] GC(145)     Total                          Min: 0, Avg:  0.0, Max: 0, Diff: 0, Sum: 0, Workers: 6
[39.604s][debug  ][gc,phases      ] GC(145)   StringTable Weak               Min:  0.0, Avg:  0.0, Max:  0.0, Diff:  0.0, Sum:  0.0, Workers: 6
[39.604s][debug  ][gc,phases      ] GC(145)     Dead                           Min: 0, Avg:  0.0, Max: 0, Diff: 0, Sum: 0, Workers: 6
[39.604s][debug  ][gc,phases      ] GC(145)     Total                          Min: 750, Avg: 892.8, Max: 1152, Diff: 402, Sum: 5357, Workers: 6
[39.604s][debug  ][gc,phases      ] GC(145)   ResolvedMethodTable Weak       Min:  0.0, Avg:  0.0, Max:  0.0, Diff:  0.0, Sum:  0.0, Workers: 6
[39.604s][debug  ][gc,phases      ] GC(145)     Dead                           Min: 0, Avg:  0.0, Max: 0, Diff: 0, Sum: 0, Workers: 6
[39.604s][debug  ][gc,phases      ] GC(145)     Total                          Min: 0, Avg: 21.7, Max: 64, Diff: 64, Sum: 130, Workers: 6
[39.604s][debug  ][gc,phases      ] GC(145)   JNI Weak                       Min:  0.0, Avg:  0.0, Max:  0.0, Diff:  0.0, Sum:  0.0, Workers: 6
[39.604s][debug  ][gc,phases      ] GC(145)     Dead                           Min: 0, Avg:  0.0, Max: 0, Diff: 0, Sum: 0, Workers: 6
[39.604s][debug  ][gc,phases      ] GC(145)     Total                          Min: 0, Avg:  0.0, Max: 0, Diff: 0, Sum: 0, Workers: 6
[39.604s][debug  ][gc,phases      ] GC(145)   StringDedup Table Weak         Min:  0.0, Avg:  0.0, Max:  0.0, Diff:  0.0, Sum:  0.0, Workers: 6
[39.604s][debug  ][gc,phases      ] GC(145)     Dead                           Min: 0, Avg:  0.0, Max: 0, Diff: 0, Sum: 0, Workers: 6
[39.604s][debug  ][gc,phases      ] GC(145)     Total                          Min: 0, Avg:  0.0, Max: 0, Diff: 0, Sum: 0, Workers: 6
[39.604s][debug  ][gc,phases      ] GC(145)   StringDedup Requests0 Weak     Min:  0.0, Avg:  0.0, Max:  0.0, Diff:  0.0, Sum:  0.0, Workers: 6
[39.604s][debug  ][gc,phases      ] GC(145)     Dead                           Min: 0, Avg:  0.0, Max: 0, Diff: 0, Sum: 0, Workers: 6
[39.604s][debug  ][gc,phases      ] GC(145)     Total                          Min: 0, Avg:  0.0, Max: 0, Diff: 0, Sum: 0, Workers: 6
[39.604s][debug  ][gc,phases      ] GC(145)   StringDedup Requests1 Weak     Min:  0.0, Avg:  0.0, Max:  0.0, Diff:  0.0, Sum:  0.0, Workers: 6
[39.604s][debug  ][gc,phases      ] GC(145)     Dead                           Min: 0, Avg:  0.0, Max: 0, Diff: 0, Sum: 0, Workers: 6
[39.604s][debug  ][gc,phases      ] GC(145)     Total                          Min: 0, Avg:  0.0, Max: 0, Diff: 0, Sum: 0, Workers: 6
[39.604s][debug  ][gc,phases      ] GC(145)   Weak JFR Old Object Samples    Min:  0.0, Avg:  0.0, Max:  0.0, Diff:  0.0, Sum:  0.0, Workers: 6
[39.604s][debug  ][gc,phases      ] GC(145)     Dead                           Min: 0, Avg:  0.0, Max: 0, Diff: 0, Sum: 0, Workers: 6
[39.604s][debug  ][gc,phases      ] GC(145)     Total                          Min: 0, Avg:  0.0, Max: 0, Diff: 0, Sum: 0, Workers: 6
[39.604s][debug  ][gc,phases      ] GC(145) Weak Processing 0.697ms
[39.604s][debug  ][gc,ergo        ] GC(145) AdaptiveSizeStart:  collection: 146 
[39.604s][debug  ][gc,ergo        ] GC(145) avg_survived_padded_avg: 31851772.000000
[39.604s][debug  ][gc,ergo        ] GC(145) avg_promoted_padded_avg: 269406912.000000  avg_pretenured_padded_avg: 0.000000  tenuring_thresh: 15  target_size: 31981568
[39.604s][debug  ][gc,age         ] GC(145) Desired survivor size 31981568 bytes, new threshold 15 (max threshold 15)
[39.604s][debug  ][gc,ergo        ] GC(145) PSAdaptiveSizePolicy::compute_eden_space_size limits: desired_eden_size: 223709835 old_eden_size: 204472320 eden_limit: 204472320 cur_eden: 204472320 max_eden_size: 204472320 avg_young_live: 27205250
[39.604s][debug  ][gc,ergo        ] GC(145) PSAdaptiveSizePolicy::compute_eden_space_size: costs minor_time: 0.045993 major_cost: 0.051778 mutator_cost: 0.902229 throughput_goal: 0.990000
[39.604s][debug  ][gc,ergo        ] GC(145) Live_space: 1059416832 free_space: 1431306240
[39.604s][debug  ][gc,ergo        ] GC(145) Old eden_size: 204472320 desired_eden_size: 204472320
[39.604s][debug  ][gc,ergo        ] GC(145) AdaptiveSizeStop: collection: 146 
[39.604s][info   ][gc,heap        ] GC(145) PSYoungGen: 229161K(230912K)->30720K(230912K) Eden: 198441K(199680K)->0K(199680K) From: 30720K(31232K)->30720K(31232K)
[39.604s][info   ][gc,heap        ] GC(145) ParOldGen: 1148516K(1835008K)->1343077K(1835008K)
[39.604s][info   ][gc,metaspace   ] GC(145) Metaspace: 1022K(1216K)->1022K(1216K) NonClass: 938K(1024K)->938K(1024K) Class: 83K(192K)->83K(192K)
[39.604s][info   ][gc             ] GC(145) Pause Young (Allocation Failure) 1345M->1341M(2017M) 16.896ms
[39.604s][info   ][gc,cpu         ] GC(145) User=0.16s Sys=0.00s Real=0.02s
[39.604s][debug  ][gc,heap        ] GC(145) Heap after GC invocations=146 (full 23):
[39.604s][debug  ][gc,heap        ] GC(145)  PSYoungGen      total 230912K, used 30720K [0x00000000f0000000, 0x0000000100000000, 0x0000000100000000)
[39.605s][debug  ][gc,heap        ] GC(145)   eden space 199680K, 0% used [0x00000000f0000000,0x00000000f0000000,0x00000000fc300000)
[39.605s][debug  ][gc,heap        ] GC(145)   from space 31232K, 98% used [0x00000000fe180000,0x00000000fff80030,0x0000000100000000)
[39.605s][debug  ][gc,heap        ] GC(145)   to   space 31232K, 0% used [0x00000000fc300000,0x00000000fc300000,0x00000000fe180000)
[39.605s][debug  ][gc,heap        ] GC(145)  ParOldGen       total 1835008K, used 1343077K [0x0000000080000000, 0x00000000f0000000, 0x00000000f0000000)
[39.605s][debug  ][gc,heap        ] GC(145)   object space 1835008K, 73% used [0x0000000080000000,0x00000000d1f994b8,0x00000000f0000000)
[39.605s][debug  ][gc,heap        ] GC(145)  Metaspace       used 1022K, committed 1216K, reserved 1056768K
[39.605s][debug  ][gc,heap        ] GC(145)   class space    used 83K, committed 192K, reserved 1048576K
[39.605s][debug  ][gc,task,time   ] GC(145) VM-Thread 395871466 396027030 396046523
[39.904s][debug  ][gc,heap        ] GC(146) Heap before GC invocations=147 (full 23):
[39.905s][debug  ][gc,heap        ] GC(146)  PSYoungGen      total 230912K, used 229173K [0x00000000f0000000, 0x0000000100000000, 0x0000000100000000)
[39.905s][debug  ][gc,heap        ] GC(146)   eden space 199680K, 99% used [0x00000000f0000000,0x00000000fc1cd718,0x00000000fc300000)
[39.905s][debug  ][gc,heap        ] GC(146)   from space 31232K, 98% used [0x00000000fe180000,0x00000000fff80030,0x0000000100000000)
[39.905s][debug  ][gc,heap        ] GC(146)   to   space 31232K, 0% used [0x00000000fc300000,0x00000000fc300000,0x00000000fe180000)
[39.905s][debug  ][gc,heap        ] GC(146)  ParOldGen       total 1835008K, used 1343077K [0x0000000080000000, 0x00000000f0000000, 0x00000000f0000000)
[39.905s][debug  ][gc,heap        ] GC(146)   object space 1835008K, 73% used [0x0000000080000000,0x00000000d1f994b8,0x00000000f0000000)
[39.905s][debug  ][gc,heap        ] GC(146)  Metaspace       used 1022K, committed 1216K, reserved 1056768K
[39.905s][debug  ][gc,heap        ] GC(146)   class space    used 83K, committed 192K, reserved 1048576K
[39.905s][debug  ][gc,tlab        ] GC(146) TLAB totals: thrds: 1  refills: 1 max: 1 slow allocs: 18 max 18 waste: 27.5% gc: 3986920B max: 3986920B slow: 0B max: 0B
[39.905s][info   ][gc,start       ] GC(146) Pause Young (Allocation Failure)
[39.905s][debug  ][gc,phases,start] GC(146) Scavenge
[39.921s][debug  ][gc,phases      ] GC(146) Scavenge 15.859ms
[39.921s][debug  ][gc,phases,start] GC(146) Reference Processing
[39.921s][debug  ][gc,ref         ] GC(146) Skipped phase 1 of Reference Processing: no references
[39.921s][debug  ][gc,ref         ] GC(146) Skipped phase 2 of Reference Processing: no references
[39.921s][debug  ][gc,ref         ] GC(146) Skipped phase 3 of Reference Processing: no references
[39.921s][debug  ][gc,ref         ] GC(146) Skipped phase 4 of Reference Processing: no references
[39.921s][debug  ][gc,phases,ref  ] GC(146) Reference Processing: 0.1ms
[39.921s][debug  ][gc,phases,ref  ] GC(146)   Reconsider SoftReferences: 0.0ms
[39.921s][debug  ][gc,phases,ref  ] GC(146)     SoftRef (ms):                  skipped
[39.921s][debug  ][gc,phases,ref  ] GC(146)   Notify Soft/WeakReferences: 0.0ms
[39.921s][debug  ][gc,phases,ref  ] GC(146)     SoftRef (ms):                  skipped
[39.921s][debug  ][gc,phases,ref  ] GC(146)     WeakRef (ms):                  skipped
[39.921s][debug  ][gc,phases,ref  ] GC(146)     FinalRef (ms):                 skipped
[39.921s][debug  ][gc,phases,ref  ] GC(146)     Total (ms):                    skipped
[39.921s][debug  ][gc,phases,ref  ] GC(146)   Notify and keep alive finalizable: 0.0ms
[39.921s][debug  ][gc,phases,ref  ] GC(146)     FinalRef (ms):                 skipped
[39.921s][debug  ][gc,phases,ref  ] GC(146)   Notify PhantomReferences: 0.0ms
[39.921s][debug  ][gc,phases,ref  ] GC(146)     PhantomRef (ms):               skipped
[39.921s][debug  ][gc,phases,ref  ] GC(146)   SoftReference:
[39.921s][debug  ][gc,phases,ref  ] GC(146)     Discovered: 0
[39.921s][debug  ][gc,phases,ref  ] GC(146)     Cleared: 0
[39.921s][debug  ][gc,phases,ref  ] GC(146)   WeakReference:
[39.921s][debug  ][gc,phases,ref  ] GC(146)     Discovered: 0
[39.921s][debug  ][gc,phases,ref  ] GC(146)     Cleared: 0
[39.921s][debug  ][gc,phases,ref  ] GC(146)   FinalReference:
[39.922s][debug  ][gc,phases,ref  ] GC(146)     Discovered: 0
[39.922s][debug  ][gc,phases,ref  ] GC(146)     Cleared: 0
[39.922s][debug  ][gc,phases,ref  ] GC(146)   PhantomReference:
[39.922s][debug  ][gc,phases,ref  ] GC(146)     Discovered: 0
[39.922s][debug  ][gc,phases,ref  ] GC(146)     Cleared: 0
[39.922s][debug  ][gc,phases      ] GC(146) Reference Processing 0.631ms
[39.922s][debug  ][gc,phases,start] GC(146) Weak Processing
[39.922s][debug  ][gc,phases      ] GC(146)   VM Weak                        Min:  0.0, Avg:  0.0, Max:  0.0, Diff:  0.0, Sum:  0.0, Workers: 6
[39.922s][debug  ][gc,phases      ] GC(146)     Dead                           Min: 0, Avg:  0.0, Max: 0, Diff: 0, Sum: 0, Workers: 6
[39.922s][debug  ][gc,phases      ] GC(146)     Total                          Min: 0, Avg:  1.3, Max: 8, Diff: 8, Sum: 8, Workers: 6
[39.922s][debug  ][gc,phases      ] GC(146)   ObjectSynchronizer Weak        Min:  0.0, Avg:  0.0, Max:  0.0, Diff:  0.0, Sum:  0.0, Workers: 6
[39.922s][debug  ][gc,phases      ] GC(146)     Dead                           Min: 0, Avg:  0.0, Max: 0, Diff: 0, Sum: 0, Workers: 6
[39.922s][debug  ][gc,phases      ] GC(146)     Total                          Min: 0, Avg:  0.5, Max: 3, Diff: 3, Sum: 3, Workers: 6
[39.922s][debug  ][gc,phases      ] GC(146)   JVMTI Tag Weak OopStorage      Min:  0.0, Avg:  0.0, Max:  0.0, Diff:  0.0, Sum:  0.0, Workers: 6
[39.922s][debug  ][gc,phases      ] GC(146)     Dead                           Min: 0, Avg:  0.0, Max: 0, Diff: 0, Sum: 0, Workers: 6
[39.922s][debug  ][gc,phases      ] GC(146)     Total                          Min: 0, Avg:  0.0, Max: 0, Diff: 0, Sum: 0, Workers: 6
[39.922s][debug  ][gc,phases      ] GC(146)   StringTable Weak               Min:  0.0, Avg:  0.0, Max:  0.0, Diff:  0.0, Sum:  0.0, Workers: 6
[39.922s][debug  ][gc,phases      ] GC(146)     Dead                           Min: 0, Avg:  0.0, Max: 0, Diff: 0, Sum: 0, Workers: 6
[39.922s][debug  ][gc,phases      ] GC(146)     Total                          Min: 767, Avg: 892.8, Max: 1152, Diff: 385, Sum: 5357, Workers: 6
[39.922s][debug  ][gc,phases      ] GC(146)   ResolvedMethodTable Weak       Min:  0.0, Avg:  0.0, Max:  0.0, Diff:  0.0, Sum:  0.0, Workers: 6
[39.922s][debug  ][gc,phases      ] GC(146)     Dead                           Min: 0, Avg:  0.0, Max: 0, Diff: 0, Sum: 0, Workers: 6
[39.922s][debug  ][gc,phases      ] GC(146)     Total                          Min: 0, Avg: 21.7, Max: 64, Diff: 64, Sum: 130, Workers: 6
[39.922s][debug  ][gc,phases      ] GC(146)   JNI Weak                       Min:  0.0, Avg:  0.0, Max:  0.0, Diff:  0.0, Sum:  0.0, Workers: 6
[39.922s][debug  ][gc,phases      ] GC(146)     Dead                           Min: 0, Avg:  0.0, Max: 0, Diff: 0, Sum: 0, Workers: 6
[39.922s][debug  ][gc,phases      ] GC(146)     Total                          Min: 0, Avg:  0.0, Max: 0, Diff: 0, Sum: 0, Workers: 6
[39.922s][debug  ][gc,phases      ] GC(146)   StringDedup Table Weak         Min:  0.0, Avg:  0.0, Max:  0.0, Diff:  0.0, Sum:  0.0, Workers: 6
[39.922s][debug  ][gc,phases      ] GC(146)     Dead                           Min: 0, Avg:  0.0, Max: 0, Diff: 0, Sum: 0, Workers: 6
[39.922s][debug  ][gc,phases      ] GC(146)     Total                          Min: 0, Avg:  0.0, Max: 0, Diff: 0, Sum: 0, Workers: 6
[39.922s][debug  ][gc,phases      ] GC(146)   StringDedup Requests0 Weak     Min:  0.0, Avg:  0.0, Max:  0.0, Diff:  0.0, Sum:  0.0, Workers: 6
[39.922s][debug  ][gc,phases      ] GC(146)     Dead                           Min: 0, Avg:  0.0, Max: 0, Diff: 0, Sum: 0, Workers: 6
[39.922s][debug  ][gc,phases      ] GC(146)     Total                          Min: 0, Avg:  0.0, Max: 0, Diff: 0, Sum: 0, Workers: 6
[39.922s][debug  ][gc,phases      ] GC(146)   StringDedup Requests1 Weak     Min:  0.0, Avg:  0.0, Max:  0.0, Diff:  0.0, Sum:  0.0, Workers: 6
[39.922s][debug  ][gc,phases      ] GC(146)     Dead                           Min: 0, Avg:  0.0, Max: 0, Diff: 0, Sum: 0, Workers: 6
[39.922s][debug  ][gc,phases      ] GC(146)     Total                          Min: 0, Avg:  0.0, Max: 0, Diff: 0, Sum: 0, Workers: 6
[39.922s][debug  ][gc,phases      ] GC(146)   Weak JFR Old Object Samples    Min:  0.0, Avg:  0.0, Max:  0.0, Diff:  0.0, Sum:  0.0, Workers: 6
[39.922s][debug  ][gc,phases      ] GC(146)     Dead                           Min: 0, Avg:  0.0, Max: 0, Diff: 0, Sum: 0, Workers: 6
[39.922s][debug  ][gc,phases      ] GC(146)     Total                          Min: 0, Avg:  0.0, Max: 0, Diff: 0, Sum: 0, Workers: 6
[39.922s][debug  ][gc,phases      ] GC(146) Weak Processing 0.763ms
[39.922s][debug  ][gc,ergo        ] GC(146) AdaptiveSizeStart:  collection: 147 
[39.922s][debug  ][gc,ergo        ] GC(146) avg_survived_padded_avg: 31818958.000000
[39.922s][debug  ][gc,ergo        ] GC(146) avg_promoted_padded_avg: 271182080.000000  avg_pretenured_padded_avg: 0.000000  tenuring_thresh: 15  target_size: 31981568
[39.922s][debug  ][gc,age         ] GC(146) Desired survivor size 31981568 bytes, new threshold 15 (max threshold 15)
[39.923s][debug  ][gc,ergo        ] GC(146) PSAdaptiveSizePolicy::compute_eden_space_size limits: desired_eden_size: 224176971 old_eden_size: 204472320 eden_limit: 204472320 cur_eden: 204472320 max_eden_size: 204472320 avg_young_live: 27630458
[39.923s][debug  ][gc,ergo        ] GC(146) PSAdaptiveSizePolicy::compute_eden_space_size: costs minor_time: 0.048149 major_cost: 0.051778 mutator_cost: 0.900073 throughput_goal: 0.990000
[39.923s][debug  ][gc,ergo        ] GC(146) Live_space: 1059842048 free_space: 1431306240
[39.923s][debug  ][gc,ergo        ] GC(146) Old eden_size: 204472320 desired_eden_size: 204472320
[39.923s][debug  ][gc,ergo        ] GC(146) AdaptiveSizeStop: collection: 147 
[39.923s][info   ][gc,heap        ] GC(146) PSYoungGen: 229173K(230912K)->30720K(230912K) Eden: 198453K(199680K)->0K(199680K) From: 30720K(31232K)->30720K(31232K)
[39.923s][info   ][gc,heap        ] GC(146) ParOldGen: 1343077K(1835008K)->1537637K(1835008K)
[39.923s][info   ][gc,metaspace   ] GC(146) Metaspace: 1022K(1216K)->1022K(1216K) NonClass: 938K(1024K)->938K(1024K) Class: 83K(192K)->83K(192K)
[39.923s][info   ][gc             ] GC(146) Pause Young (Allocation Failure) 1535M->1531M(2017M) 17.747ms
[39.923s][info   ][gc,cpu         ] GC(146) User=0.16s Sys=0.00s Real=0.02s
[39.923s][debug  ][gc,heap        ] GC(146) Heap after GC invocations=147 (full 23):
[39.923s][debug  ][gc,heap        ] GC(146)  PSYoungGen      total 230912K, used 30720K [0x00000000f0000000, 0x0000000100000000, 0x0000000100000000)
[39.923s][debug  ][gc,heap        ] GC(146)   eden space 199680K, 0% used [0x00000000f0000000,0x00000000f0000000,0x00000000fc300000)
[39.923s][debug  ][gc,heap        ] GC(146)   from space 31232K, 98% used [0x00000000fc300000,0x00000000fe100030,0x00000000fe180000)
[39.923s][debug  ][gc,heap        ] GC(146)   to   space 31232K, 0% used [0x00000000fe180000,0x00000000fe180000,0x0000000100000000)
[39.923s][debug  ][gc,heap        ] GC(146)  ParOldGen       total 1835008K, used 1537637K [0x0000000080000000, 0x00000000f0000000, 0x00000000f0000000)
[39.923s][debug  ][gc,heap        ] GC(146)   object space 1835008K, 83% used [0x0000000080000000,0x00000000ddd995e8,0x00000000f0000000)
[39.923s][debug  ][gc,heap        ] GC(146)  Metaspace       used 1022K, committed 1216K, reserved 1056768K
[39.923s][debug  ][gc,heap        ] GC(146)   class space    used 83K, committed 192K, reserved 1048576K
[39.923s][debug  ][gc,task,time   ] GC(146) VM-Thread 399043872 399209748 399229461
[40.222s][debug  ][gc,heap        ] GC(147) Heap before GC invocations=148 (full 23):
[40.222s][debug  ][gc,heap        ] GC(147)  PSYoungGen      total 230912K, used 229181K [0x00000000f0000000, 0x0000000100000000, 0x0000000100000000)
[40.222s][debug  ][gc,heap        ] GC(147)   eden space 199680K, 99% used [0x00000000f0000000,0x00000000fc1cf590,0x00000000fc300000)
[40.222s][debug  ][gc,heap        ] GC(147)   from space 31232K, 98% used [0x00000000fc300000,0x00000000fe100030,0x00000000fe180000)
[40.222s][debug  ][gc,heap        ] GC(147)   to   space 31232K, 0% used [0x00000000fe180000,0x00000000fe180000,0x0000000100000000)
[40.222s][debug  ][gc,heap        ] GC(147)  ParOldGen       total 1835008K, used 1537637K [0x0000000080000000, 0x00000000f0000000, 0x00000000f0000000)
[40.222s][debug  ][gc,heap        ] GC(147)   object space 1835008K, 83% used [0x0000000080000000,0x00000000ddd995e8,0x00000000f0000000)
[40.222s][debug  ][gc,heap        ] GC(147)  Metaspace       used 1022K, committed 1216K, reserved 1056768K
[40.222s][debug  ][gc,heap        ] GC(147)   class space    used 83K, committed 192K, reserved 1048576K
[40.222s][debug  ][gc,tlab        ] GC(147) TLAB totals: thrds: 1  refills: 1 max: 1 slow allocs: 18 max 18 waste: 27.6% gc: 3994720B max: 3994720B slow: 0B max: 0B
[40.222s][info   ][gc,start       ] GC(147) Pause Young (Allocation Failure)
[40.222s][debug  ][gc,phases,start] GC(147) Scavenge
[40.238s][debug  ][gc,phases      ] GC(147) Scavenge 15.782ms
[40.238s][debug  ][gc,phases,start] GC(147) Reference Processing
[40.238s][debug  ][gc,ref         ] GC(147) Skipped phase 1 of Reference Processing: no references
[40.238s][debug  ][gc,ref         ] GC(147) Skipped phase 2 of Reference Processing: no references
[40.238s][debug  ][gc,ref         ] GC(147) Skipped phase 3 of Reference Processing: no references
[40.238s][debug  ][gc,ref         ] GC(147) Skipped phase 4 of Reference Processing: no references
[40.238s][debug  ][gc,phases,ref  ] GC(147) Reference Processing: 0.1ms
[40.238s][debug  ][gc,phases,ref  ] GC(147)   Reconsider SoftReferences: 0.0ms
[40.238s][debug  ][gc,phases,ref  ] GC(147)     SoftRef (ms):                  skipped
[40.238s][debug  ][gc,phases,ref  ] GC(147)   Notify Soft/WeakReferences: 0.0ms
[40.238s][debug  ][gc,phases,ref  ] GC(147)     SoftRef (ms):                  skipped
[40.238s][debug  ][gc,phases,ref  ] GC(147)     WeakRef (ms):                  skipped
[40.238s][debug  ][gc,phases,ref  ] GC(147)     FinalRef (ms):                 skipped
[40.238s][debug  ][gc,phases,ref  ] GC(147)     Total (ms):                    skipped
[40.238s][debug  ][gc,phases,ref  ] GC(147)   Notify and keep alive finalizable: 0.0ms
[40.238s][debug  ][gc,phases,ref  ] GC(147)     FinalRef (ms):                 skipped
[40.238s][debug  ][gc,phases,ref  ] GC(147)   Notify PhantomReferences: 0.0ms
[40.239s][debug  ][gc,phases,ref  ] GC(147)     PhantomRef (ms):               skipped
[40.239s][debug  ][gc,phases,ref  ] GC(147)   SoftReference:
[40.239s][debug  ][gc,phases,ref  ] GC(147)     Discovered: 0
[40.239s][debug  ][gc,phases,ref  ] GC(147)     Cleared: 0
[40.239s][debug  ][gc,phases,ref  ] GC(147)   WeakReference:
[40.239s][debug  ][gc,phases,ref  ] GC(147)     Discovered: 0
[40.239s][debug  ][gc,phases,ref  ] GC(147)     Cleared: 0
[40.239s][debug  ][gc,phases,ref  ] GC(147)   FinalReference:
[40.239s][debug  ][gc,phases,ref  ] GC(147)     Discovered: 0
[40.239s][debug  ][gc,phases,ref  ] GC(147)     Cleared: 0
[40.239s][debug  ][gc,phases,ref  ] GC(147)   PhantomReference:
[40.239s][debug  ][gc,phases,ref  ] GC(147)     Discovered: 0
[40.239s][debug  ][gc,phases,ref  ] GC(147)     Cleared: 0
[40.239s][debug  ][gc,phases      ] GC(147) Reference Processing 0.798ms
[40.239s][debug  ][gc,phases,start] GC(147) Weak Processing
[40.239s][debug  ][gc,phases      ] GC(147)   VM Weak                        Min:  0.0, Avg:  0.0, Max:  0.0, Diff:  0.0, Sum:  0.0, Workers: 6
[40.239s][debug  ][gc,phases      ] GC(147)     Dead                           Min: 0, Avg:  0.0, Max: 0, Diff: 0, Sum: 0, Workers: 6
[40.239s][debug  ][gc,phases      ] GC(147)     Total                          Min: 0, Avg:  1.3, Max: 8, Diff: 8, Sum: 8, Workers: 6
[40.239s][debug  ][gc,phases      ] GC(147)   ObjectSynchronizer Weak        Min:  0.0, Avg:  0.0, Max:  0.0, Diff:  0.0, Sum:  0.0, Workers: 6
[40.239s][debug  ][gc,phases      ] GC(147)     Dead                           Min: 0, Avg:  0.0, Max: 0, Diff: 0, Sum: 0, Workers: 6
[40.239s][debug  ][gc,phases      ] GC(147)     Total                          Min: 0, Avg:  0.5, Max: 3, Diff: 3, Sum: 3, Workers: 6
[40.239s][debug  ][gc,phases      ] GC(147)   JVMTI Tag Weak OopStorage      Min:  0.0, Avg:  0.0, Max:  0.0, Diff:  0.0, Sum:  0.0, Workers: 6
[40.239s][debug  ][gc,phases      ] GC(147)     Dead                           Min: 0, Avg:  0.0, Max: 0, Diff: 0, Sum: 0, Workers: 6
[40.239s][debug  ][gc,phases      ] GC(147)     Total                          Min: 0, Avg:  0.0, Max: 0, Diff: 0, Sum: 0, Workers: 6
[40.239s][debug  ][gc,phases      ] GC(147)   StringTable Weak               Min:  0.0, Avg:  0.0, Max:  0.0, Diff:  0.0, Sum:  0.0, Workers: 6
[40.239s][debug  ][gc,phases      ] GC(147)     Dead                           Min: 0, Avg:  0.0, Max: 0, Diff: 0, Sum: 0, Workers: 6
[40.239s][debug  ][gc,phases      ] GC(147)     Total                          Min: 768, Avg: 892.8, Max: 1006, Diff: 238, Sum: 5357, Workers: 6
[40.239s][debug  ][gc,phases      ] GC(147)   ResolvedMethodTable Weak       Min:  0.0, Avg:  0.0, Max:  0.0, Diff:  0.0, Sum:  0.0, Workers: 6
[40.239s][debug  ][gc,phases      ] GC(147)     Dead                           Min: 0, Avg:  0.0, Max: 0, Diff: 0, Sum: 0, Workers: 6
[40.239s][debug  ][gc,phases      ] GC(147)     Total                          Min: 0, Avg: 21.7, Max: 64, Diff: 64, Sum: 130, Workers: 6
[40.239s][debug  ][gc,phases      ] GC(147)   JNI Weak                       Min:  0.0, Avg:  0.0, Max:  0.0, Diff:  0.0, Sum:  0.0, Workers: 6
[40.240s][debug  ][gc,phases      ] GC(147)     Dead                           Min: 0, Avg:  0.0, Max: 0, Diff: 0, Sum: 0, Workers: 6
[40.240s][debug  ][gc,phases      ] GC(147)     Total                          Min: 0, Avg:  0.0, Max: 0, Diff: 0, Sum: 0, Workers: 6
[40.240s][debug  ][gc,phases      ] GC(147)   StringDedup Table Weak         Min:  0.0, Avg:  0.0, Max:  0.0, Diff:  0.0, Sum:  0.0, Workers: 6
[40.240s][debug  ][gc,phases      ] GC(147)     Dead                           Min: 0, Avg:  0.0, Max: 0, Diff: 0, Sum: 0, Workers: 6
[40.240s][debug  ][gc,phases      ] GC(147)     Total                          Min: 0, Avg:  0.0, Max: 0, Diff: 0, Sum: 0, Workers: 6
[40.240s][debug  ][gc,phases      ] GC(147)   StringDedup Requests0 Weak     Min:  0.0, Avg:  0.0, Max:  0.0, Diff:  0.0, Sum:  0.0, Workers: 6
[40.240s][debug  ][gc,phases      ] GC(147)     Dead                           Min: 0, Avg:  0.0, Max: 0, Diff: 0, Sum: 0, Workers: 6
[40.240s][debug  ][gc,phases      ] GC(147)     Total                          Min: 0, Avg:  0.0, Max: 0, Diff: 0, Sum: 0, Workers: 6
[40.240s][debug  ][gc,phases      ] GC(147)   StringDedup Requests1 Weak     Min:  0.0, Avg:  0.0, Max:  0.0, Diff:  0.0, Sum:  0.0, Workers: 6
[40.240s][debug  ][gc,phases      ] GC(147)     Dead                           Min: 0, Avg:  0.0, Max: 0, Diff: 0, Sum: 0, Workers: 6
[40.240s][debug  ][gc,phases      ] GC(147)     Total                          Min: 0, Avg:  0.0, Max: 0, Diff: 0, Sum: 0, Workers: 6
[40.240s][debug  ][gc,phases      ] GC(147)   Weak JFR Old Object Samples    Min:  0.0, Avg:  0.0, Max:  0.0, Diff:  0.0, Sum:  0.0, Workers: 6
[40.240s][debug  ][gc,phases      ] GC(147)     Dead                           Min: 0, Avg:  0.0, Max: 0, Diff: 0, Sum: 0, Workers: 6
[40.240s][debug  ][gc,phases      ] GC(147)     Total                          Min: 0, Avg:  0.0, Max: 0, Diff: 0, Sum: 0, Workers: 6
[40.240s][debug  ][gc,phases      ] GC(147) Weak Processing 1.025ms
[40.240s][debug  ][gc,ergo        ] GC(147) AdaptiveSizeStart:  collection: 148 
[40.240s][debug  ][gc,ergo        ] GC(147) avg_survived_padded_avg: 31788764.000000
[40.240s][debug  ][gc,ergo        ] GC(147) avg_promoted_padded_avg: 271900416.000000  avg_pretenured_padded_avg: 0.000000  tenuring_thresh: 15  target_size: 31981568
[40.240s][debug  ][gc,age         ] GC(147) Desired survivor size 31981568 bytes, new threshold 15 (max threshold 15)
[40.240s][debug  ][gc,ergo        ] GC(147) PSAdaptiveSizePolicy::compute_eden_space_size limits: desired_eden_size: 224592332 old_eden_size: 204472320 eden_limit: 204472320 cur_eden: 204472320 max_eden_size: 204472320 avg_young_live: 28013144
[40.240s][debug  ][gc,ergo        ] GC(147) PSAdaptiveSizePolicy::compute_eden_space_size: costs minor_time: 0.050147 major_cost: 0.051778 mutator_cost: 0.898075 throughput_goal: 0.990000
[40.240s][debug  ][gc,ergo        ] GC(147) Live_space: 1060224768 free_space: 1431306240
[40.240s][debug  ][gc,ergo        ] GC(147) Old eden_size: 204472320 desired_eden_size: 204472320
[40.240s][debug  ][gc,ergo        ] GC(147) AdaptiveSizeStop: collection: 148 
[40.240s][info   ][gc,heap        ] GC(147) PSYoungGen: 229181K(230912K)->30720K(230912K) Eden: 198461K(199680K)->0K(199680K) From: 30720K(31232K)->30720K(31232K)
[40.240s][info   ][gc,heap        ] GC(147) ParOldGen: 1537637K(1835008K)->1732197K(1835008K)
[40.240s][info   ][gc,metaspace   ] GC(147) Metaspace: 1022K(1216K)->1022K(1216K) NonClass: 938K(1024K)->938K(1024K) Class: 83K(192K)->83K(192K)
[40.240s][info   ][gc             ] GC(147) Pause Young (Allocation Failure) 1725M->1721M(2017M) 18.277ms
[40.240s][info   ][gc,cpu         ] GC(147) User=0.16s Sys=0.00s Real=0.02s
[40.240s][debug  ][gc,heap        ] GC(147) Heap after GC invocations=148 (full 23):
[40.241s][debug  ][gc,heap        ] GC(147)  PSYoungGen      total 230912K, used 30720K [0x00000000f0000000, 0x0000000100000000, 0x0000000100000000)
[40.241s][debug  ][gc,heap        ] GC(147)   eden space 199680K, 0% used [0x00000000f0000000,0x00000000f0000000,0x00000000fc300000)
[40.241s][debug  ][gc,heap        ] GC(147)   from space 31232K, 98% used [0x00000000fe180000,0x00000000fff80030,0x0000000100000000)
[40.241s][debug  ][gc,heap        ] GC(147)   to   space 31232K, 0% used [0x00000000fc300000,0x00000000fc300000,0x00000000fe180000)
[40.241s][debug  ][gc,heap        ] GC(147)  ParOldGen       total 1835008K, used 1732197K [0x0000000080000000, 0x00000000f0000000, 0x00000000f0000000)
[40.241s][debug  ][gc,heap        ] GC(147)   object space 1835008K, 94% used [0x0000000080000000,0x00000000e9b99718,0x00000000f0000000)
[40.241s][debug  ][gc,heap        ] GC(147)  Metaspace       used 1022K, committed 1216K, reserved 1056768K
[40.241s][debug  ][gc,heap        ] GC(147)   class space    used 83K, committed 192K, reserved 1048576K
[40.241s][debug  ][gc,task,time   ] GC(147) VM-Thread 402215875 402380697 402407509
[40.241s][debug  ][gc,phases,start] GC(148) Pre Compact
[40.241s][debug  ][gc,heap        ] GC(148) Heap before GC invocations=149 (full 24):
[40.241s][debug  ][gc,heap        ] GC(148)  PSYoungGen      total 230912K, used 30720K [0x00000000f0000000, 0x0000000100000000, 0x0000000100000000)
[40.241s][debug  ][gc,heap        ] GC(148)   eden space 199680K, 0% used [0x00000000f0000000,0x00000000f0000000,0x00000000fc300000)
[40.241s][debug  ][gc,heap        ] GC(148)   from space 31232K, 98% used [0x00000000fe180000,0x00000000fff80030,0x0000000100000000)
[40.241s][debug  ][gc,heap        ] GC(148)   to   space 31232K, 0% used [0x00000000fc300000,0x00000000fc300000,0x00000000fe180000)
[40.241s][debug  ][gc,heap        ] GC(148)  ParOldGen       total 1835008K, used 1732197K [0x0000000080000000, 0x00000000f0000000, 0x00000000f0000000)
[40.241s][debug  ][gc,heap        ] GC(148)   object space 1835008K, 94% used [0x0000000080000000,0x00000000e9b99718,0x00000000f0000000)
[40.241s][debug  ][gc,heap        ] GC(148)  Metaspace       used 1022K, committed 1216K, reserved 1056768K
[40.241s][debug  ][gc,heap        ] GC(148)   class space    used 83K, committed 192K, reserved 1048576K
[40.241s][debug  ][gc,phases      ] GC(148) Pre Compact 0.306ms
[40.241s][info   ][gc,start       ] GC(148) Pause Full (Ergonomics)
[40.241s][info   ][gc,phases,start] GC(148) Marking Phase
[40.241s][debug  ][gc,phases,start] GC(148) Par Mark
[40.242s][debug  ][gc,phases      ] GC(148) Par Mark 0.524ms
[40.242s][debug  ][gc,phases,start] GC(148) Reference Processing
[40.242s][debug  ][gc,ref         ] GC(148) Skipped phase 1 of Reference Processing: no references
[40.242s][debug  ][gc,ref         ] GC(148) ReferenceProcessor::execute queues: 1, RefProcThreadModel::Single, marks_oops_alive: false
[40.242s][debug  ][gc,ref         ] GC(148) Skipped phase 3 of Reference Processing: no references
[40.242s][debug  ][gc,ref         ] GC(148) ReferenceProcessor::execute queues: 1, RefProcThreadModel::Single, marks_oops_alive: false
[40.242s][debug  ][gc,phases,ref  ] GC(148) Reference Processing: 0.1ms
[40.242s][debug  ][gc,phases,ref  ] GC(148)   Reconsider SoftReferences: 0.0ms
[40.242s][debug  ][gc,phases,ref  ] GC(148)     SoftRef (ms):                  skipped
[40.242s][debug  ][gc,phases,ref  ] GC(148)   Notify Soft/WeakReferences: 0.0ms
[40.242s][debug  ][gc,phases,ref  ] GC(148)     SoftRef (ms):                  Min:  0.0, Avg:  0.0, Max:  0.0, Diff:  0.0, Sum:  0.0, Workers: 10
[40.242s][debug  ][gc,phases,ref  ] GC(148)     WeakRef (ms):                  Min:  0.0, Avg:  0.0, Max:  0.0, Diff:  0.0, Sum:  0.0, Workers: 10
[40.242s][debug  ][gc,phases,ref  ] GC(148)     FinalRef (ms):                 Min:  0.0, Avg:  0.0, Max:  0.0, Diff:  0.0, Sum:  0.0, Workers: 10
[40.242s][debug  ][gc,phases,ref  ] GC(148)     Total (ms):                    Min:  0.0, Avg:  0.0, Max:  0.0, Diff:  0.0, Sum:  0.0, Workers: 10
[40.242s][debug  ][gc,phases,ref  ] GC(148)   Notify and keep alive finalizable: 0.0ms
[40.242s][debug  ][gc,phases,ref  ] GC(148)     FinalRef (ms):                 skipped
[40.242s][debug  ][gc,phases,ref  ] GC(148)   Notify PhantomReferences: 0.0ms
[40.242s][debug  ][gc,phases,ref  ] GC(148)     PhantomRef (ms):               Min:  0.0, Avg:  0.0, Max:  0.0, Diff:  0.0, Sum:  0.0, Workers: 10
[40.242s][debug  ][gc,phases,ref  ] GC(148)   SoftReference:
[40.242s][debug  ][gc,phases,ref  ] GC(148)     Discovered: 0
[40.242s][debug  ][gc,phases,ref  ] GC(148)     Cleared: 0
[40.242s][debug  ][gc,phases,ref  ] GC(148)   WeakReference:
[40.242s][debug  ][gc,phases,ref  ] GC(148)     Discovered: 90
[40.242s][debug  ][gc,phases,ref  ] GC(148)     Cleared: 90
[40.242s][debug  ][gc,phases,ref  ] GC(148)   FinalReference:
[40.242s][debug  ][gc,phases,ref  ] GC(148)     Discovered: 0
[40.242s][debug  ][gc,phases,ref  ] GC(148)     Cleared: 0
[40.242s][debug  ][gc,phases,ref  ] GC(148)   PhantomReference:
[40.243s][debug  ][gc,phases,ref  ] GC(148)     Discovered: 3
[40.243s][debug  ][gc,phases,ref  ] GC(148)     Cleared: 3
[40.243s][debug  ][gc,phases      ] GC(148) Reference Processing 0.790ms
[40.243s][debug  ][gc,phases,start] GC(148) Weak Processing
[40.243s][debug  ][gc,phases      ] GC(148)   VM Weak                        Min:  0.0, Avg:  0.0, Max:  0.0, Diff:  0.0, Sum:  0.0, Workers: 6
[40.243s][debug  ][gc,phases      ] GC(148)     Dead                           Min: 0, Avg:  0.0, Max: 0, Diff: 0, Sum: 0, Workers: 6
[40.243s][debug  ][gc,phases      ] GC(148)     Total                          Min: 0, Avg:  1.3, Max: 8, Diff: 8, Sum: 8, Workers: 6
[40.243s][debug  ][gc,phases      ] GC(148)   ObjectSynchronizer Weak        Min:  0.0, Avg:  0.0, Max:  0.0, Diff:  0.0, Sum:  0.0, Workers: 6
[40.243s][debug  ][gc,phases      ] GC(148)     Dead                           Min: 0, Avg:  0.0, Max: 0, Diff: 0, Sum: 0, Workers: 6
[40.243s][debug  ][gc,phases      ] GC(148)     Total                          Min: 0, Avg:  0.5, Max: 3, Diff: 3, Sum: 3, Workers: 6
[40.243s][debug  ][gc,phases      ] GC(148)   JVMTI Tag Weak OopStorage      Min:  0.0, Avg:  0.0, Max:  0.0, Diff:  0.0, Sum:  0.0, Workers: 6
[40.243s][debug  ][gc,phases      ] GC(148)     Dead                           Min: 0, Avg:  0.0, Max: 0, Diff: 0, Sum: 0, Workers: 6
[40.243s][debug  ][gc,phases      ] GC(148)     Total                          Min: 0, Avg:  0.0, Max: 0, Diff: 0, Sum: 0, Workers: 6
[40.243s][debug  ][gc,phases      ] GC(148)   StringTable Weak               Min:  0.0, Avg:  0.0, Max:  0.0, Diff:  0.0, Sum:  0.0, Workers: 6
[40.243s][debug  ][gc,phases      ] GC(148)     Dead                           Min: 0, Avg:  0.0, Max: 0, Diff: 0, Sum: 0, Workers: 6
[40.243s][debug  ][gc,phases      ] GC(148)     Total                          Min: 704, Avg: 892.8, Max: 1344, Diff: 640, Sum: 5357, Workers: 6
[40.243s][debug  ][gc,phases      ] GC(148)   ResolvedMethodTable Weak       Min:  0.0, Avg:  0.0, Max:  0.0, Diff:  0.0, Sum:  0.0, Workers: 6
[40.243s][debug  ][gc,phases      ] GC(148)     Dead                           Min: 0, Avg:  0.0, Max: 0, Diff: 0, Sum: 0, Workers: 6
[40.243s][debug  ][gc,phases      ] GC(148)     Total                          Min: 0, Avg: 21.7, Max: 64, Diff: 64, Sum: 130, Workers: 6
[40.243s][debug  ][gc,phases      ] GC(148)   JNI Weak                       Min:  0.0, Avg:  0.0, Max:  0.0, Diff:  0.0, Sum:  0.0, Workers: 6
[40.243s][debug  ][gc,phases      ] GC(148)     Dead                           Min: 0, Avg:  0.0, Max: 0, Diff: 0, Sum: 0, Workers: 6
[40.243s][debug  ][gc,phases      ] GC(148)     Total                          Min: 0, Avg:  0.0, Max: 0, Diff: 0, Sum: 0, Workers: 6
[40.243s][debug  ][gc,phases      ] GC(148)   StringDedup Table Weak         Min:  0.0, Avg:  0.0, Max:  0.0, Diff:  0.0, Sum:  0.0, Workers: 6
[40.243s][debug  ][gc,phases      ] GC(148)     Dead                           Min: 0, Avg:  0.0, Max: 0, Diff: 0, Sum: 0, Workers: 6
[40.243s][debug  ][gc,phases      ] GC(148)     Total                          Min: 0, Avg:  0.0, Max: 0, Diff: 0, Sum: 0, Workers: 6
[40.243s][debug  ][gc,phases      ] GC(148)   StringDedup Requests0 Weak     Min:  0.0, Avg:  0.0, Max:  0.0, Diff:  0.0, Sum:  0.0, Workers: 6
[40.243s][debug  ][gc,phases      ] GC(148)     Dead                           Min: 0, Avg:  0.0, Max: 0, Diff: 0, Sum: 0, Workers: 6
[40.243s][debug  ][gc,phases      ] GC(148)     Total                          Min: 0, Avg:  0.0, Max: 0, Diff: 0, Sum: 0, Workers: 6
[40.243s][debug  ][gc,phases      ] GC(148)   StringDedup Requests1 Weak     Min:  0.0, Avg:  0.0, Max:  0.0, Diff:  0.0, Sum:  0.0, Workers: 6
[40.243s][debug  ][gc,phases      ] GC(148)     Dead                           Min: 0, Avg:  0.0, Max: 0, Diff: 0, Sum: 0, Workers: 6
[40.243s][debug  ][gc,phases      ] GC(148)     Total                          Min: 0, Avg:  0.0, Max: 0, Diff: 0, Sum: 0, Workers: 6
[40.243s][debug  ][gc,phases      ] GC(148)   Weak JFR Old Object Samples    Min:  0.0, Avg:  0.0, Max:  0.0, Diff:  0.0, Sum:  0.0, Workers: 6
[40.243s][debug  ][gc,phases      ] GC(148)     Dead                           Min: 0, Avg:  0.0, Max: 0, Diff: 0, Sum: 0, Workers: 6
[40.243s][debug  ][gc,phases      ] GC(148)     Total                          Min: 0, Avg:  0.0, Max: 0, Diff: 0, Sum: 0, Workers: 6
[40.243s][debug  ][gc,phases      ] GC(148) Weak Processing 0.660ms
[40.243s][debug  ][gc,phases,start] GC(148) Class Unloading
[40.243s][debug  ][gc,phases,start] GC(148) ClassLoaderData
[40.243s][debug  ][gc,phases      ] GC(148) ClassLoaderData 0.019ms
[40.243s][debug  ][gc,phases,start] GC(148) Trigger cleanups
[40.243s][debug  ][gc,phases      ] GC(148) Trigger cleanups 0.019ms
[40.244s][debug  ][gc,phases      ] GC(148) Class Unloading 0.250ms
[40.244s][info   ][gc,phases      ] GC(148) Marking Phase 2.362ms
[40.244s][info   ][gc,phases,start] GC(148) Summary Phase
[40.244s][info   ][gc,phases      ] GC(148) Summary Phase 0.036ms
[40.244s][info   ][gc,phases,start] GC(148) Adjust Roots
[40.244s][info   ][gc,phases      ] GC(148) Adjust Roots 0.132ms
[40.244s][info   ][gc,phases,start] GC(148) Compaction Phase
[40.339s][info   ][gc,phases      ] GC(148) Compaction Phase 95.312ms
[40.339s][info   ][gc,phases,start] GC(148) Post Compact
[40.346s][info   ][gc,phases      ] GC(148) Post Compact 6.280ms
[40.346s][debug  ][gc,ergo        ] GC(148) AdaptiveSizeStart: collection: 149 
[40.346s][debug  ][gc,ergo        ] GC(148) PSAdaptiveSizePolicy::compute_eden_space_size limits: desired_eden_size: 224588231 old_eden_size: 204472320 eden_limit: 204472320 cur_eden: 204472320 max_eden_size: 204472320 avg_young_live: 25211830
[40.346s][debug  ][gc,ergo        ] GC(148) PSAdaptiveSizePolicy::compute_eden_space_size: costs minor_time: 0.050147 major_cost: 0.051799 mutator_cost: 0.898054 throughput_goal: 0.990000
[40.346s][debug  ][gc,ergo        ] GC(148) Live_space: 1057423424 free_space: 1431306240
[40.346s][debug  ][gc,ergo        ] GC(148) Old eden_size: 204472320 desired_eden_size: 204472320
[40.346s][debug  ][gc,ergo        ] GC(148) PSAdaptiveSizePolicy::compute_old_gen_free_space limits: desired_promo_size: 1351505232 promo_limit: 1226833920 free_in_old_gen: 1102353152 max_old_gen_size: 1879048192 avg_old_live: 776695040
[40.346s][debug  ][gc,ergo        ] GC(148) PSAdaptiveSizePolicy::compute_old_gen_free_space: costs minor_time: 0.050147 major_cost: 0.051799  mutator_cost: 0.898054 throughput_goal: 0.990000
[40.346s][debug  ][gc,ergo        ] GC(148) Live_space: 1070342336 free_space: 1431306240
[40.346s][debug  ][gc,ergo        ] GC(148) Old promo_size: 1226833920 desired_promo_size: 1226833920
[40.346s][debug  ][gc,ergo        ] GC(148) AdaptiveSizeStop: collection: 149 
[40.346s][info   ][gc,heap        ] GC(148) PSYoungGen: 30720K(230912K)->0K(230912K) Eden: 0K(199680K)->0K(199680K) From: 30720K(31232K)->0K(31232K)
[40.346s][info   ][gc,heap        ] GC(148) ParOldGen: 1732197K(1835008K)->872036K(1835008K)
[40.346s][info   ][gc,metaspace   ] GC(148) Metaspace: 1022K(1216K)->1022K(1216K) NonClass: 938K(1024K)->938K(1024K) Class: 83K(192K)->83K(192K)
[40.346s][info   ][gc             ] GC(148) Pause Full (Ergonomics) 1721M->851M(2017M) 104.796ms
[40.346s][info   ][gc,cpu         ] GC(148) User=0.89s Sys=0.00s Real=0.11s
[40.346s][debug  ][gc,heap        ] GC(148) Heap after GC invocations=149 (full 24):
[40.346s][debug  ][gc,heap        ] GC(148)  PSYoungGen      total 230912K, used 0K [0x00000000f0000000, 0x0000000100000000, 0x0000000100000000)
[40.346s][debug  ][gc,heap        ] GC(148)   eden space 199680K, 0% used [0x00000000f0000000,0x00000000f0000000,0x00000000fc300000)
[40.346s][debug  ][gc,heap        ] GC(148)   from space 31232K, 0% used [0x00000000fc300000,0x00000000fc300000,0x00000000fe180000)
[40.346s][debug  ][gc,heap        ] GC(148)   to   space 31232K, 0% used [0x00000000fe180000,0x00000000fe180000,0x0000000100000000)
[40.346s][debug  ][gc,heap        ] GC(148)  ParOldGen       total 1835008K, used 872036K [0x0000000080000000, 0x00000000f0000000, 0x00000000f0000000)
[40.346s][debug  ][gc,heap        ] GC(148)   object space 1835008K, 47% used [0x0000000080000000,0x00000000b53991d8,0x00000000f0000000)
[40.346s][debug  ][gc,heap        ] GC(148)  Metaspace       used 1022K, committed 1216K, reserved 1056768K
[40.346s][debug  ][gc,heap        ] GC(148)   class space    used 83K, committed 192K, reserved 1048576K
[40.346s][debug  ][gc,task,time   ] GC(148) VM-Thread 402411600 402437872 403459719
[40.650s][debug  ][gc,heap        ] GC(149) Heap before GC invocations=150 (full 24):
[40.650s][debug  ][gc,heap        ] GC(149)  PSYoungGen      total 230912K, used 198466K [0x00000000f0000000, 0x0000000100000000, 0x0000000100000000)
[40.650s][debug  ][gc,heap        ] GC(149)   eden space 199680K, 99% used [0x00000000f0000000,0x00000000fc1d0928,0x00000000fc300000)
[40.650s][debug  ][gc,heap        ] GC(149)   from space 31232K, 0% used [0x00000000fc300000,0x00000000fc300000,0x00000000fe180000)
[40.650s][debug  ][gc,heap        ] GC(149)   to   space 31232K, 0% used [0x00000000fe180000,0x00000000fe180000,0x0000000100000000)
[40.650s][debug  ][gc,heap        ] GC(149)  ParOldGen       total 1835008K, used 872036K [0x0000000080000000, 0x00000000f0000000, 0x00000000f0000000)
[40.650s][debug  ][gc,heap        ] GC(149)   object space 1835008K, 47% used [0x0000000080000000,0x00000000b53991d8,0x00000000f0000000)
[40.650s][debug  ][gc,heap        ] GC(149)  Metaspace       used 1022K, committed 1216K, reserved 1056768K
[40.650s][debug  ][gc,heap        ] GC(149)   class space    used 83K, committed 192K, reserved 1048576K
[40.650s][debug  ][gc,tlab        ] GC(149) TLAB totals: thrds: 1  refills: 1 max: 1 slow allocs: 18 max 18 waste: 27.6% gc: 3998672B max: 3998672B slow: 0B max: 0B
[40.650s][info   ][gc,start       ] GC(149) Pause Young (Allocation Failure)
[40.650s][debug  ][gc,phases,start] GC(149) Scavenge
[40.655s][debug  ][gc,phases      ] GC(149) Scavenge 4.885ms
[40.655s][debug  ][gc,phases,start] GC(149) Reference Processing
[40.655s][debug  ][gc,ref         ] GC(149) Skipped phase 1 of Reference Processing: no references
[40.655s][debug  ][gc,ref         ] GC(149) Skipped phase 2 of Reference Processing: no references
[40.655s][debug  ][gc,ref         ] GC(149) Skipped phase 3 of Reference Processing: no references
[40.655s][debug  ][gc,ref         ] GC(149) Skipped phase 4 of Reference Processing: no references
[40.655s][debug  ][gc,phases,ref  ] GC(149) Reference Processing: 0.1ms
[40.655s][debug  ][gc,phases,ref  ] GC(149)   Reconsider SoftReferences: 0.0ms
[40.655s][debug  ][gc,phases,ref  ] GC(149)     SoftRef (ms):                  skipped
[40.655s][debug  ][gc,phases,ref  ] GC(149)   Notify Soft/WeakReferences: 0.0ms
[40.655s][debug  ][gc,phases,ref  ] GC(149)     SoftRef (ms):                  skipped
[40.655s][debug  ][gc,phases,ref  ] GC(149)     WeakRef (ms):                  skipped
[40.655s][debug  ][gc,phases,ref  ] GC(149)     FinalRef (ms):                 skipped
[40.656s][debug  ][gc,phases,ref  ] GC(149)     Total (ms):                    skipped
[40.656s][debug  ][gc,phases,ref  ] GC(149)   Notify and keep alive finalizable: 0.0ms
[40.656s][debug  ][gc,phases,ref  ] GC(149)     FinalRef (ms):                 skipped
[40.656s][debug  ][gc,phases,ref  ] GC(149)   Notify PhantomReferences: 0.0ms
[40.656s][debug  ][gc,phases,ref  ] GC(149)     PhantomRef (ms):               skipped
[40.656s][debug  ][gc,phases,ref  ] GC(149)   SoftReference:
[40.656s][debug  ][gc,phases,ref  ] GC(149)     Discovered: 0
[40.656s][debug  ][gc,phases,ref  ] GC(149)     Cleared: 0
[40.656s][debug  ][gc,phases,ref  ] GC(149)   WeakReference:
[40.656s][debug  ][gc,phases,ref  ] GC(149)     Discovered: 0
[40.656s][debug  ][gc,phases,ref  ] GC(149)     Cleared: 0
[40.656s][debug  ][gc,phases,ref  ] GC(149)   FinalReference:
[40.656s][debug  ][gc,phases,ref  ] GC(149)     Discovered: 0
[40.656s][debug  ][gc,phases,ref  ] GC(149)     Cleared: 0
[40.656s][debug  ][gc,phases,ref  ] GC(149)   PhantomReference:
[40.656s][debug  ][gc,phases,ref  ] GC(149)     Discovered: 0
[40.656s][debug  ][gc,phases,ref  ] GC(149)     Cleared: 0
[40.656s][debug  ][gc,phases      ] GC(149) Reference Processing 0.817ms
[40.656s][debug  ][gc,phases,start] GC(149) Weak Processing
[40.656s][debug  ][gc,phases      ] GC(149)   VM Weak                        Min:  0.0, Avg:  0.0, Max:  0.0, Diff:  0.0, Sum:  0.0, Workers: 6
[40.656s][debug  ][gc,phases      ] GC(149)     Dead                           Min: 0, Avg:  0.0, Max: 0, Diff: 0, Sum: 0, Workers: 6
[40.656s][debug  ][gc,phases      ] GC(149)     Total                          Min: 0, Avg:  1.3, Max: 8, Diff: 8, Sum: 8, Workers: 6
[40.656s][debug  ][gc,phases      ] GC(149)   ObjectSynchronizer Weak        Min:  0.0, Avg:  0.0, Max:  0.0, Diff:  0.0, Sum:  0.0, Workers: 6
[40.656s][debug  ][gc,phases      ] GC(149)     Dead                           Min: 0, Avg:  0.0, Max: 0, Diff: 0, Sum: 0, Workers: 6
[40.656s][debug  ][gc,phases      ] GC(149)     Total                          Min: 0, Avg:  0.5, Max: 3, Diff: 3, Sum: 3, Workers: 6
[40.656s][debug  ][gc,phases      ] GC(149)   JVMTI Tag Weak OopStorage      Min:  0.0, Avg:  0.0, Max:  0.0, Diff:  0.0, Sum:  0.0, Workers: 6
[40.656s][debug  ][gc,phases      ] GC(149)     Dead                           Min: 0, Avg:  0.0, Max: 0, Diff: 0, Sum: 0, Workers: 6
[40.656s][debug  ][gc,phases      ] GC(149)     Total                          Min: 0, Avg:  0.0, Max: 0, Diff: 0, Sum: 0, Workers: 6
[40.656s][debug  ][gc,phases      ] GC(149)   StringTable Weak               Min:  0.0, Avg:  0.0, Max:  0.0, Diff:  0.0, Sum:  0.1, Workers: 6
[40.657s][debug  ][gc,phases      ] GC(149)     Dead                           Min: 0, Avg:  0.0, Max: 0, Diff: 0, Sum: 0, Workers: 6
[40.657s][debug  ][gc,phases      ] GC(149)     Total                          Min: 704, Avg: 892.8, Max: 1216, Diff: 512, Sum: 5357, Workers: 6
[40.657s][debug  ][gc,phases      ] GC(149)   ResolvedMethodTable Weak       Min:  0.0, Avg:  0.0, Max:  0.0, Diff:  0.0, Sum:  0.0, Workers: 6
[40.657s][debug  ][gc,phases      ] GC(149)     Dead                           Min: 0, Avg:  0.0, Max: 0, Diff: 0, Sum: 0, Workers: 6
[40.657s][debug  ][gc,phases      ] GC(149)     Total                          Min: 0, Avg: 21.7, Max: 64, Diff: 64, Sum: 130, Workers: 6
[40.657s][debug  ][gc,phases      ] GC(149)   JNI Weak                       Min:  0.0, Avg:  0.0, Max:  0.0, Diff:  0.0, Sum:  0.0, Workers: 6
[40.657s][debug  ][gc,phases      ] GC(149)     Dead                           Min: 0, Avg:  0.0, Max: 0, Diff: 0, Sum: 0, Workers: 6
[40.657s][debug  ][gc,phases      ] GC(149)     Total                          Min: 0, Avg:  0.0, Max: 0, Diff: 0, Sum: 0, Workers: 6
[40.657s][debug  ][gc,phases      ] GC(149)   StringDedup Table Weak         Min:  0.0, Avg:  0.0, Max:  0.0, Diff:  0.0, Sum:  0.0, Workers: 6
[40.657s][debug  ][gc,phases      ] GC(149)     Dead                           Min: 0, Avg:  0.0, Max: 0, Diff: 0, Sum: 0, Workers: 6
[40.657s][debug  ][gc,phases      ] GC(149)     Total                          Min: 0, Avg:  0.0, Max: 0, Diff: 0, Sum: 0, Workers: 6
[40.657s][debug  ][gc,phases      ] GC(149)   StringDedup Requests0 Weak     Min:  0.0, Avg:  0.0, Max:  0.0, Diff:  0.0, Sum:  0.0, Workers: 6
[40.657s][debug  ][gc,phases      ] GC(149)     Dead                           Min: 0, Avg:  0.0, Max: 0, Diff: 0, Sum: 0, Workers: 6
[40.657s][debug  ][gc,phases      ] GC(149)     Total                          Min: 0, Avg:  0.0, Max: 0, Diff: 0, Sum: 0, Workers: 6
[40.657s][debug  ][gc,phases      ] GC(149)   StringDedup Requests1 Weak     Min:  0.0, Avg:  0.0, Max:  0.0, Diff:  0.0, Sum:  0.0, Workers: 6
[40.657s][debug  ][gc,phases      ] GC(149)     Dead                           Min: 0, Avg:  0.0, Max: 0, Diff: 0, Sum: 0, Workers: 6
[40.657s][debug  ][gc,phases      ] GC(149)     Total                          Min: 0, Avg:  0.0, Max: 0, Diff: 0, Sum: 0, Workers: 6
[40.657s][debug  ][gc,phases      ] GC(149)   Weak JFR Old Object Samples    Min:  0.0, Avg:  0.0, Max:  0.0, Diff:  0.0, Sum:  0.0, Workers: 6
[40.657s][debug  ][gc,phases      ] GC(149)     Dead                           Min: 0, Avg:  0.0, Max: 0, Diff: 0, Sum: 0, Workers: 6
[40.657s][debug  ][gc,phases      ] GC(149)     Total                          Min: 0, Avg:  0.0, Max: 0, Diff: 0, Sum: 0, Workers: 6
[40.657s][debug  ][gc,phases      ] GC(149) Weak Processing 0.972ms
[40.657s][debug  ][gc,ergo        ] GC(149) AdaptiveSizeStart:  collection: 150 
[40.657s][debug  ][gc,ergo        ] GC(149) avg_survived_padded_avg: 31760994.000000
[40.657s][debug  ][gc,ergo        ] GC(149) avg_promoted_padded_avg: 289597600.000000  avg_pretenured_padded_avg: 0.000000  tenuring_thresh: 15  target_size: 31981568
[40.657s][debug  ][gc,age         ] GC(149) Desired survivor size 31981568 bytes, new threshold 15 (max threshold 15)
[40.657s][debug  ][gc,ergo        ] GC(149) PSAdaptiveSizePolicy::compute_eden_space_size limits: desired_eden_size: 222708336 old_eden_size: 204472320 eden_limit: 204472320 cur_eden: 204472320 max_eden_size: 204472320 avg_young_live: 25836380
[40.657s][debug  ][gc,ergo        ] GC(149) PSAdaptiveSizePolicy::compute_eden_space_size: costs minor_time: 0.041689 major_cost: 0.051799 mutator_cost: 0.906513 throughput_goal: 0.990000
[40.657s][debug  ][gc,ergo        ] GC(149) Live_space: 1070966912 free_space: 1431306240
[40.657s][debug  ][gc,ergo        ] GC(149) Old eden_size: 204472320 desired_eden_size: 204472320
[40.657s][debug  ][gc,ergo        ] GC(149) AdaptiveSizeStop: collection: 150 
[40.657s][info   ][gc,heap        ] GC(149) PSYoungGen: 198466K(230912K)->30720K(230912K) Eden: 198466K(199680K)->0K(199680K) From: 0K(31232K)->30720K(31232K)
[40.657s][info   ][gc,heap        ] GC(149) ParOldGen: 872036K(1835008K)->882276K(1835008K)
[40.657s][info   ][gc,metaspace   ] GC(149) Metaspace: 1022K(1216K)->1022K(1216K) NonClass: 938K(1024K)->938K(1024K) Class: 83K(192K)->83K(192K)
[40.657s][info   ][gc             ] GC(149) Pause Young (Allocation Failure) 1045M->891M(2017M) 7.249ms
[40.657s][info   ][gc,cpu         ] GC(149) User=0.09s Sys=0.00s Real=0.01s
[40.658s][debug  ][gc,heap        ] GC(149) Heap after GC invocations=150 (full 24):
[40.658s][debug  ][gc,heap        ] GC(149)  PSYoungGen      total 230912K, used 30720K [0x00000000f0000000, 0x0000000100000000, 0x0000000100000000)
[40.658s][debug  ][gc,heap        ] GC(149)   eden space 199680K, 0% used [0x00000000f0000000,0x00000000f0000000,0x00000000fc300000)
[40.658s][debug  ][gc,heap        ] GC(149)   from space 31232K, 98% used [0x00000000fe180000,0x00000000fff80030,0x0000000100000000)
[40.658s][debug  ][gc,heap        ] GC(149)   to   space 31232K, 0% used [0x00000000fc300000,0x00000000fc300000,0x00000000fe180000)
[40.658s][debug  ][gc,heap        ] GC(149)  ParOldGen       total 1835008K, used 882276K [0x0000000080000000, 0x00000000f0000000, 0x00000000f0000000)
[40.658s][debug  ][gc,heap        ] GC(149)   object space 1835008K, 48% used [0x0000000080000000,0x00000000b5d991e8,0x00000000f0000000)
[40.658s][debug  ][gc,heap        ] GC(149)  Metaspace       used 1022K, committed 1216K, reserved 1056768K
[40.658s][debug  ][gc,heap        ] GC(149)   class space    used 83K, committed 192K, reserved 1048576K
[40.658s][debug  ][gc,task,time   ] GC(149) VM-Thread 406497173 406552157 406577656
[40.969s][debug  ][gc,heap        ] GC(150) Heap before GC invocations=151 (full 24):
[40.969s][debug  ][gc,heap        ] GC(150)  PSYoungGen      total 230912K, used 229117K [0x00000000f0000000, 0x0000000100000000, 0x0000000100000000)
[40.969s][debug  ][gc,heap        ] GC(150)   eden space 199680K, 99% used [0x00000000f0000000,0x00000000fc1bf550,0x00000000fc300000)
[40.969s][debug  ][gc,heap        ] GC(150)   from space 31232K, 98% used [0x00000000fe180000,0x00000000fff80030,0x0000000100000000)
[40.969s][debug  ][gc,heap        ] GC(150)   to   space 31232K, 0% used [0x00000000fc300000,0x00000000fc300000,0x00000000fe180000)
[40.969s][debug  ][gc,heap        ] GC(150)  ParOldGen       total 1835008K, used 882276K [0x0000000080000000, 0x00000000f0000000, 0x00000000f0000000)
[40.969s][debug  ][gc,heap        ] GC(150)   object space 1835008K, 48% used [0x0000000080000000,0x00000000b5d991e8,0x00000000f0000000)
[40.969s][debug  ][gc,heap        ] GC(150)  Metaspace       used 1022K, committed 1216K, reserved 1056768K
[40.969s][debug  ][gc,heap        ] GC(150)   class space    used 83K, committed 192K, reserved 1048576K
[40.969s][debug  ][gc,tlab        ] GC(150) TLAB totals: thrds: 1  refills: 1 max: 1 slow allocs: 18 max 18 waste: 27.3% gc: 3929120B max: 3929120B slow: 0B max: 0B
[40.969s][info   ][gc,start       ] GC(150) Pause Young (Allocation Failure)
[40.969s][debug  ][gc,phases,start] GC(150) Scavenge
[40.984s][debug  ][gc,phases      ] GC(150) Scavenge 14.848ms
[40.984s][debug  ][gc,phases,start] GC(150) Reference Processing
[40.984s][debug  ][gc,ref         ] GC(150) Skipped phase 1 of Reference Processing: no references
[40.984s][debug  ][gc,ref         ] GC(150) Skipped phase 2 of Reference Processing: no references
[40.984s][debug  ][gc,ref         ] GC(150) Skipped phase 3 of Reference Processing: no references
[40.984s][debug  ][gc,ref         ] GC(150) Skipped phase 4 of Reference Processing: no references
[40.984s][debug  ][gc,phases,ref  ] GC(150) Reference Processing: 0.1ms
[40.985s][debug  ][gc,phases,ref  ] GC(150)   Reconsider SoftReferences: 0.0ms
[40.985s][debug  ][gc,phases,ref  ] GC(150)     SoftRef (ms):                  skipped
[40.985s][debug  ][gc,phases,ref  ] GC(150)   Notify Soft/WeakReferences: 0.0ms
[40.985s][debug  ][gc,phases,ref  ] GC(150)     SoftRef (ms):                  skipped
[40.985s][debug  ][gc,phases,ref  ] GC(150)     WeakRef (ms):                  skipped
[40.985s][debug  ][gc,phases,ref  ] GC(150)     FinalRef (ms):                 skipped
[40.985s][debug  ][gc,phases,ref  ] GC(150)     Total (ms):                    skipped
[40.985s][debug  ][gc,phases,ref  ] GC(150)   Notify and keep alive finalizable: 0.0ms
[40.985s][debug  ][gc,phases,ref  ] GC(150)     FinalRef (ms):                 skipped
[40.985s][debug  ][gc,phases,ref  ] GC(150)   Notify PhantomReferences: 0.0ms
[40.985s][debug  ][gc,phases,ref  ] GC(150)     PhantomRef (ms):               skipped
[40.985s][debug  ][gc,phases,ref  ] GC(150)   SoftReference:
[40.985s][debug  ][gc,phases,ref  ] GC(150)     Discovered: 0
[40.985s][debug  ][gc,phases,ref  ] GC(150)     Cleared: 0
[40.985s][debug  ][gc,phases,ref  ] GC(150)   WeakReference:
[40.985s][debug  ][gc,phases,ref  ] GC(150)     Discovered: 0
[40.985s][debug  ][gc,phases,ref  ] GC(150)     Cleared: 0
[40.985s][debug  ][gc,phases,ref  ] GC(150)   FinalReference:
[40.985s][debug  ][gc,phases,ref  ] GC(150)     Discovered: 0
[40.985s][debug  ][gc,phases,ref  ] GC(150)     Cleared: 0
[40.985s][debug  ][gc,phases,ref  ] GC(150)   PhantomReference:
[40.985s][debug  ][gc,phases,ref  ] GC(150)     Discovered: 0
[40.985s][debug  ][gc,phases,ref  ] GC(150)     Cleared: 0
[40.985s][debug  ][gc,phases      ] GC(150) Reference Processing 0.707ms
[40.985s][debug  ][gc,phases,start] GC(150) Weak Processing
[40.985s][debug  ][gc,phases      ] GC(150)   VM Weak                        Min:  0.0, Avg:  0.0, Max:  0.0, Diff:  0.0, Sum:  0.0, Workers: 6
[40.985s][debug  ][gc,phases      ] GC(150)     Dead                           Min: 0, Avg:  0.0, Max: 0, Diff: 0, Sum: 0, Workers: 6
[40.985s][debug  ][gc,phases      ] GC(150)     Total                          Min: 0, Avg:  1.3, Max: 8, Diff: 8, Sum: 8, Workers: 6
[40.985s][debug  ][gc,phases      ] GC(150)   ObjectSynchronizer Weak        Min:  0.0, Avg:  0.0, Max:  0.0, Diff:  0.0, Sum:  0.0, Workers: 6
[40.985s][debug  ][gc,phases      ] GC(150)     Dead                           Min: 0, Avg:  0.0, Max: 0, Diff: 0, Sum: 0, Workers: 6
[40.985s][debug  ][gc,phases      ] GC(150)     Total                          Min: 0, Avg:  0.5, Max: 3, Diff: 3, Sum: 3, Workers: 6
[40.985s][debug  ][gc,phases      ] GC(150)   JVMTI Tag Weak OopStorage      Min:  0.0, Avg:  0.0, Max:  0.0, Diff:  0.0, Sum:  0.0, Workers: 6
[40.985s][debug  ][gc,phases      ] GC(150)     Dead                           Min: 0, Avg:  0.0, Max: 0, Diff: 0, Sum: 0, Workers: 6
[40.985s][debug  ][gc,phases      ] GC(150)     Total                          Min: 0, Avg:  0.0, Max: 0, Diff: 0, Sum: 0, Workers: 6
[40.985s][debug  ][gc,phases      ] GC(150)   StringTable Weak               Min:  0.0, Avg:  0.0, Max:  0.0, Diff:  0.0, Sum:  0.0, Workers: 6
[40.985s][debug  ][gc,phases      ] GC(150)     Dead                           Min: 0, Avg:  0.0, Max: 0, Diff: 0, Sum: 0, Workers: 6
[40.985s][debug  ][gc,phases      ] GC(150)     Total                          Min: 704, Avg: 892.8, Max: 1088, Diff: 384, Sum: 5357, Workers: 6
[40.985s][debug  ][gc,phases      ] GC(150)   ResolvedMethodTable Weak       Min:  0.0, Avg:  0.0, Max:  0.0, Diff:  0.0, Sum:  0.0, Workers: 6
[40.985s][debug  ][gc,phases      ] GC(150)     Dead                           Min: 0, Avg:  0.0, Max: 0, Diff: 0, Sum: 0, Workers: 6
[40.985s][debug  ][gc,phases      ] GC(150)     Total                          Min: 0, Avg: 21.7, Max: 64, Diff: 64, Sum: 130, Workers: 6
[40.985s][debug  ][gc,phases      ] GC(150)   JNI Weak                       Min:  0.0, Avg:  0.0, Max:  0.0, Diff:  0.0, Sum:  0.0, Workers: 6
[40.985s][debug  ][gc,phases      ] GC(150)     Dead                           Min: 0, Avg:  0.0, Max: 0, Diff: 0, Sum: 0, Workers: 6
[40.985s][debug  ][gc,phases      ] GC(150)     Total                          Min: 0, Avg:  0.0, Max: 0, Diff: 0, Sum: 0, Workers: 6
[40.986s][debug  ][gc,phases      ] GC(150)   StringDedup Table Weak         Min:  0.0, Avg:  0.0, Max:  0.0, Diff:  0.0, Sum:  0.0, Workers: 6
[40.986s][debug  ][gc,phases      ] GC(150)     Dead                           Min: 0, Avg:  0.0, Max: 0, Diff: 0, Sum: 0, Workers: 6
[40.986s][debug  ][gc,phases      ] GC(150)     Total                          Min: 0, Avg:  0.0, Max: 0, Diff: 0, Sum: 0, Workers: 6
[40.986s][debug  ][gc,phases      ] GC(150)   StringDedup Requests0 Weak     Min:  0.0, Avg:  0.0, Max:  0.0, Diff:  0.0, Sum:  0.0, Workers: 6
[40.986s][debug  ][gc,phases      ] GC(150)     Dead                           Min: 0, Avg:  0.0, Max: 0, Diff: 0, Sum: 0, Workers: 6
[40.986s][debug  ][gc,phases      ] GC(150)     Total                          Min: 0, Avg:  0.0, Max: 0, Diff: 0, Sum: 0, Workers: 6
[40.986s][debug  ][gc,phases      ] GC(150)   StringDedup Requests1 Weak     Min:  0.0, Avg:  0.0, Max:  0.0, Diff:  0.0, Sum:  0.0, Workers: 6
[40.986s][debug  ][gc,phases      ] GC(150)     Dead                           Min: 0, Avg:  0.0, Max: 0, Diff: 0, Sum: 0, Workers: 6
[40.986s][debug  ][gc,phases      ] GC(150)     Total                          Min: 0, Avg:  0.0, Max: 0, Diff: 0, Sum: 0, Workers: 6
[40.986s][debug  ][gc,phases      ] GC(150)   Weak JFR Old Object Samples    Min:  0.0, Avg:  0.0, Max:  0.0, Diff:  0.0, Sum:  0.0, Workers: 6
[40.986s][debug  ][gc,phases      ] GC(150)     Dead                           Min: 0, Avg:  0.0, Max: 0, Diff: 0, Sum: 0, Workers: 6
[40.986s][debug  ][gc,phases      ] GC(150)     Total                          Min: 0, Avg:  0.0, Max: 0, Diff: 0, Sum: 0, Workers: 6
[40.986s][debug  ][gc,phases      ] GC(150) Weak Processing 0.763ms
[40.986s][debug  ][gc,ergo        ] GC(150) AdaptiveSizeStart:  collection: 151 
[40.986s][debug  ][gc,ergo        ] GC(150) avg_survived_padded_avg: 31735464.000000
[40.986s][debug  ][gc,ergo        ] GC(150) avg_promoted_padded_avg: 292066880.000000  avg_pretenured_padded_avg: 0.000000  tenuring_thresh: 15  target_size: 31981568
[40.986s][debug  ][gc,age         ] GC(150) Desired survivor size 31981568 bytes, new threshold 15 (max threshold 15)
[40.986s][debug  ][gc,ergo        ] GC(150) PSAdaptiveSizePolicy::compute_eden_space_size limits: desired_eden_size: 223204814 old_eden_size: 204472320 eden_limit: 204472320 cur_eden: 204472320 max_eden_size: 204472320 avg_young_live: 26398474
[40.986s][debug  ][gc,ergo        ] GC(150) PSAdaptiveSizePolicy::compute_eden_space_size: costs minor_time: 0.043783 major_cost: 0.051799 mutator_cost: 0.904418 throughput_goal: 0.990000
[40.986s][debug  ][gc,ergo        ] GC(150) Live_space: 1071528960 free_space: 1431306240
[40.986s][debug  ][gc,ergo        ] GC(150) Old eden_size: 204472320 desired_eden_size: 204472320
[40.986s][debug  ][gc,ergo        ] GC(150) AdaptiveSizeStop: collection: 151 
[40.986s][info   ][gc,heap        ] GC(150) PSYoungGen: 229117K(230912K)->30720K(230912K) Eden: 198397K(199680K)->0K(199680K) From: 30720K(31232K)->30720K(31232K)
[40.986s][info   ][gc,heap        ] GC(150) ParOldGen: 882276K(1835008K)->1076836K(1835008K)
[40.986s][info   ][gc,metaspace   ] GC(150) Metaspace: 1022K(1216K)->1022K(1216K) NonClass: 938K(1024K)->938K(1024K) Class: 83K(192K)->83K(192K)
[40.986s][info   ][gc             ] GC(150) Pause Young (Allocation Failure) 1085M->1081M(2017M) 16.837ms
[40.986s][info   ][gc,cpu         ] GC(150) User=0.14s Sys=0.00s Real=0.02s
[40.986s][debug  ][gc,heap        ] GC(150) Heap after GC invocations=151 (full 24):
[40.986s][debug  ][gc,heap        ] GC(150)  PSYoungGen      total 230912K, used 30720K [0x00000000f0000000, 0x0000000100000000, 0x0000000100000000)
[40.986s][debug  ][gc,heap        ] GC(150)   eden space 199680K, 0% used [0x00000000f0000000,0x00000000f0000000,0x00000000fc300000)
[40.986s][debug  ][gc,heap        ] GC(150)   from space 31232K, 98% used [0x00000000fc300000,0x00000000fe100030,0x00000000fe180000)
[40.986s][debug  ][gc,heap        ] GC(150)   to   space 31232K, 0% used [0x00000000fe180000,0x00000000fe180000,0x0000000100000000)
[40.986s][debug  ][gc,heap        ] GC(150)  ParOldGen       total 1835008K, used 1076836K [0x0000000080000000, 0x00000000f0000000, 0x00000000f0000000)
[40.986s][debug  ][gc,heap        ] GC(150)   object space 1835008K, 58% used [0x0000000080000000,0x00000000c1b99318,0x00000000f0000000)
[40.986s][debug  ][gc,heap        ] GC(150)  Metaspace       used 1022K, committed 1216K, reserved 1056768K
[40.986s][debug  ][gc,heap        ] GC(150)   class space    used 83K, committed 192K, reserved 1048576K
[40.986s][debug  ][gc,task,time   ] GC(150) VM-Thread 409689322 409843377 409864297
[41.284s][debug  ][gc,heap        ] GC(151) Heap before GC invocations=152 (full 24):
[41.284s][debug  ][gc,heap        ] GC(151)  PSYoungGen      total 230912K, used 229145K [0x00000000f0000000, 0x0000000100000000, 0x0000000100000000)
[41.284s][debug  ][gc,heap        ] GC(151)   eden space 199680K, 99% used [0x00000000f0000000,0x00000000fc1c6468,0x00000000fc300000)
[41.284s][debug  ][gc,heap        ] GC(151)   from space 31232K, 98% used [0x00000000fc300000,0x00000000fe100030,0x00000000fe180000)
[41.284s][debug  ][gc,heap        ] GC(151)   to   space 31232K, 0% used [0x00000000fe180000,0x00000000fe180000,0x0000000100000000)
[41.284s][debug  ][gc,heap        ] GC(151)  ParOldGen       total 1835008K, used 1076836K [0x0000000080000000, 0x00000000f0000000, 0x00000000f0000000)
[41.284s][debug  ][gc,heap        ] GC(151)   object space 1835008K, 58% used [0x0000000080000000,0x00000000c1b99318,0x00000000f0000000)
[41.284s][debug  ][gc,heap        ] GC(151)  Metaspace       used 1022K, committed 1216K, reserved 1056768K
[41.284s][debug  ][gc,heap        ] GC(151)   class space    used 83K, committed 192K, reserved 1048576K
[41.284s][debug  ][gc,tlab        ] GC(151) TLAB totals: thrds: 1  refills: 1 max: 1 slow allocs: 18 max 18 waste: 27.4% gc: 3957560B max: 3957560B slow: 0B max: 0B
[41.284s][info   ][gc,start       ] GC(151) Pause Young (Allocation Failure)
[41.284s][debug  ][gc,phases,start] GC(151) Scavenge
[41.299s][debug  ][gc,phases      ] GC(151) Scavenge 15.293ms
[41.300s][debug  ][gc,phases,start] GC(151) Reference Processing
[41.300s][debug  ][gc,ref         ] GC(151) Skipped phase 1 of Reference Processing: no references
[41.300s][debug  ][gc,ref         ] GC(151) Skipped phase 2 of Reference Processing: no references
[41.300s][debug  ][gc,ref         ] GC(151) Skipped phase 3 of Reference Processing: no references
[41.300s][debug  ][gc,ref         ] GC(151) Skipped phase 4 of Reference Processing: no references
[41.300s][debug  ][gc,phases,ref  ] GC(151) Reference Processing: 0.1ms
[41.300s][debug  ][gc,phases,ref  ] GC(151)   Reconsider SoftReferences: 0.0ms
[41.300s][debug  ][gc,phases,ref  ] GC(151)     SoftRef (ms):                  skipped
[41.300s][debug  ][gc,phases,ref  ] GC(151)   Notify Soft/WeakReferences: 0.0ms
[41.300s][debug  ][gc,phases,ref  ] GC(151)     SoftRef (ms):                  skipped
[41.300s][debug  ][gc,phases,ref  ] GC(151)     WeakRef (ms):                  skipped
[41.300s][debug  ][gc,phases,ref  ] GC(151)     FinalRef (ms):                 skipped
[41.300s][debug  ][gc,phases,ref  ] GC(151)     Total (ms):                    skipped
[41.300s][debug  ][gc,phases,ref  ] GC(151)   Notify and keep alive finalizable: 0.0ms
[41.300s][debug  ][gc,phases,ref  ] GC(151)     FinalRef (ms):                 skipped
[41.300s][debug  ][gc,phases,ref  ] GC(151)   Notify PhantomReferences: 0.0ms
[41.300s][debug  ][gc,phases,ref  ] GC(151)     PhantomRef (ms):               skipped
[41.300s][debug  ][gc,phases,ref  ] GC(151)   SoftReference:
[41.300s][debug  ][gc,phases,ref  ] GC(151)     Discovered: 0
[41.300s][debug  ][gc,phases,ref  ] GC(151)     Cleared: 0
[41.300s][debug  ][gc,phases,ref  ] GC(151)   WeakReference:
[41.300s][debug  ][gc,phases,ref  ] GC(151)     Discovered: 0
[41.300s][debug  ][gc,phases,ref  ] GC(151)     Cleared: 0
[41.300s][debug  ][gc,phases,ref  ] GC(151)   FinalReference:
[41.300s][debug  ][gc,phases,ref  ] GC(151)     Discovered: 0
[41.300s][debug  ][gc,phases,ref  ] GC(151)     Cleared: 0
[41.300s][debug  ][gc,phases,ref  ] GC(151)   PhantomReference:
[41.300s][debug  ][gc,phases,ref  ] GC(151)     Discovered: 0
[41.300s][debug  ][gc,phases,ref  ] GC(151)     Cleared: 0
[41.300s][debug  ][gc,phases      ] GC(151) Reference Processing 0.637ms
[41.300s][debug  ][gc,phases,start] GC(151) Weak Processing
[41.300s][debug  ][gc,phases      ] GC(151)   VM Weak                        Min:  0.0, Avg:  0.0, Max:  0.0, Diff:  0.0, Sum:  0.0, Workers: 6
[41.300s][debug  ][gc,phases      ] GC(151)     Dead                           Min: 0, Avg:  0.0, Max: 0, Diff: 0, Sum: 0, Workers: 6
[41.300s][debug  ][gc,phases      ] GC(151)     Total                          Min: 0, Avg:  1.3, Max: 8, Diff: 8, Sum: 8, Workers: 6
[41.300s][debug  ][gc,phases      ] GC(151)   ObjectSynchronizer Weak        Min:  0.0, Avg:  0.0, Max:  0.0, Diff:  0.0, Sum:  0.0, Workers: 6
[41.300s][debug  ][gc,phases      ] GC(151)     Dead                           Min: 0, Avg:  0.0, Max: 0, Diff: 0, Sum: 0, Workers: 6
[41.300s][debug  ][gc,phases      ] GC(151)     Total                          Min: 0, Avg:  0.5, Max: 3, Diff: 3, Sum: 3, Workers: 6
[41.300s][debug  ][gc,phases      ] GC(151)   JVMTI Tag Weak OopStorage      Min:  0.0, Avg:  0.0, Max:  0.0, Diff:  0.0, Sum:  0.0, Workers: 6
[41.300s][debug  ][gc,phases      ] GC(151)     Dead                           Min: 0, Avg:  0.0, Max: 0, Diff: 0, Sum: 0, Workers: 6
[41.300s][debug  ][gc,phases      ] GC(151)     Total                          Min: 0, Avg:  0.0, Max: 0, Diff: 0, Sum: 0, Workers: 6
[41.301s][debug  ][gc,phases      ] GC(151)   StringTable Weak               Min:  0.0, Avg:  0.0, Max:  0.0, Diff:  0.0, Sum:  0.0, Workers: 6
[41.301s][debug  ][gc,phases      ] GC(151)     Dead                           Min: 0, Avg:  0.0, Max: 0, Diff: 0, Sum: 0, Workers: 6
[41.301s][debug  ][gc,phases      ] GC(151)     Total                          Min: 703, Avg: 892.8, Max: 1216, Diff: 513, Sum: 5357, Workers: 6
[41.301s][debug  ][gc,phases      ] GC(151)   ResolvedMethodTable Weak       Min:  0.0, Avg:  0.0, Max:  0.0, Diff:  0.0, Sum:  0.0, Workers: 6
[41.301s][debug  ][gc,phases      ] GC(151)     Dead                           Min: 0, Avg:  0.0, Max: 0, Diff: 0, Sum: 0, Workers: 6
[41.301s][debug  ][gc,phases      ] GC(151)     Total                          Min: 0, Avg: 21.7, Max: 64, Diff: 64, Sum: 130, Workers: 6
[41.301s][debug  ][gc,phases      ] GC(151)   JNI Weak                       Min:  0.0, Avg:  0.0, Max:  0.0, Diff:  0.0, Sum:  0.0, Workers: 6
[41.301s][debug  ][gc,phases      ] GC(151)     Dead                           Min: 0, Avg:  0.0, Max: 0, Diff: 0, Sum: 0, Workers: 6
[41.301s][debug  ][gc,phases      ] GC(151)     Total                          Min: 0, Avg:  0.0, Max: 0, Diff: 0, Sum: 0, Workers: 6
[41.301s][debug  ][gc,phases      ] GC(151)   StringDedup Table Weak         Min:  0.0, Avg:  0.0, Max:  0.0, Diff:  0.0, Sum:  0.0, Workers: 6
[41.301s][debug  ][gc,phases      ] GC(151)     Dead                           Min: 0, Avg:  0.0, Max: 0, Diff: 0, Sum: 0, Workers: 6
[41.301s][debug  ][gc,phases      ] GC(151)     Total                          Min: 0, Avg:  0.0, Max: 0, Diff: 0, Sum: 0, Workers: 6
[41.301s][debug  ][gc,phases      ] GC(151)   StringDedup Requests0 Weak     Min:  0.0, Avg:  0.0, Max:  0.0, Diff:  0.0, Sum:  0.0, Workers: 6
[41.301s][debug  ][gc,phases      ] GC(151)     Dead                           Min: 0, Avg:  0.0, Max: 0, Diff: 0, Sum: 0, Workers: 6
[41.301s][debug  ][gc,phases      ] GC(151)     Total                          Min: 0, Avg:  0.0, Max: 0, Diff: 0, Sum: 0, Workers: 6
[41.301s][debug  ][gc,phases      ] GC(151)   StringDedup Requests1 Weak     Min:  0.0, Avg:  0.0, Max:  0.0, Diff:  0.0, Sum:  0.0, Workers: 6
[41.301s][debug  ][gc,phases      ] GC(151)     Dead                           Min: 0, Avg:  0.0, Max: 0, Diff: 0, Sum: 0, Workers: 6
[41.301s][debug  ][gc,phases      ] GC(151)     Total                          Min: 0, Avg:  0.0, Max: 0, Diff: 0, Sum: 0, Workers: 6
[41.301s][debug  ][gc,phases      ] GC(151)   Weak JFR Old Object Samples    Min:  0.0, Avg:  0.0, Max:  0.0, Diff:  0.0, Sum:  0.0, Workers: 6
[41.301s][debug  ][gc,phases      ] GC(151)     Dead                           Min: 0, Avg:  0.0, Max: 0, Diff: 0, Sum: 0, Workers: 6
[41.301s][debug  ][gc,phases      ] GC(151)     Total                          Min: 0, Avg:  0.0, Max: 0, Diff: 0, Sum: 0, Workers: 6
[41.301s][debug  ][gc,phases      ] GC(151) Weak Processing 0.797ms
[41.301s][debug  ][gc,ergo        ] GC(151) AdaptiveSizeStart:  collection: 152 
[41.301s][debug  ][gc,ergo        ] GC(151) avg_survived_padded_avg: 31712004.000000
[41.301s][debug  ][gc,ergo        ] GC(151) avg_promoted_padded_avg: 293138656.000000  avg_pretenured_padded_avg: 0.000000  tenuring_thresh: 15  target_size: 31981568
[41.301s][debug  ][gc,age         ] GC(151) Desired survivor size 31981568 bytes, new threshold 15 (max threshold 15)
[41.301s][debug  ][gc,ergo        ] GC(151) PSAdaptiveSizePolicy::compute_eden_space_size limits: desired_eden_size: 223754349 old_eden_size: 204472320 eden_limit: 204472320 cur_eden: 204472320 max_eden_size: 204472320 avg_young_live: 26904360
[41.301s][debug  ][gc,ergo        ] GC(151) PSAdaptiveSizePolicy::compute_eden_space_size: costs minor_time: 0.046213 major_cost: 0.051799 mutator_cost: 0.901988 throughput_goal: 0.990000
[41.301s][debug  ][gc,ergo        ] GC(151) Live_space: 1072034816 free_space: 1431306240
[41.301s][debug  ][gc,ergo        ] GC(151) Old eden_size: 204472320 desired_eden_size: 204472320
[41.301s][debug  ][gc,ergo        ] GC(151) AdaptiveSizeStop: collection: 152 
[41.301s][info   ][gc,heap        ] GC(151) PSYoungGen: 229145K(230912K)->30720K(230912K) Eden: 198425K(199680K)->0K(199680K) From: 30720K(31232K)->30720K(31232K)
[41.301s][info   ][gc,heap        ] GC(151) ParOldGen: 1076836K(1835008K)->1271397K(1835008K)
[41.301s][info   ][gc,metaspace   ] GC(151) Metaspace: 1022K(1216K)->1022K(1216K) NonClass: 938K(1024K)->938K(1024K) Class: 83K(192K)->83K(192K)
[41.301s][info   ][gc             ] GC(151) Pause Young (Allocation Failure) 1275M->1271M(2017M) 17.197ms
[41.301s][info   ][gc,cpu         ] GC(151) User=0.16s Sys=0.00s Real=0.02s
[41.301s][debug  ][gc,heap        ] GC(151) Heap after GC invocations=152 (full 24):
[41.301s][debug  ][gc,heap        ] GC(151)  PSYoungGen      total 230912K, used 30720K [0x00000000f0000000, 0x0000000100000000, 0x0000000100000000)
[41.301s][debug  ][gc,heap        ] GC(151)   eden space 199680K, 0% used [0x00000000f0000000,0x00000000f0000000,0x00000000fc300000)
[41.301s][debug  ][gc,heap        ] GC(151)   from space 31232K, 98% used [0x00000000fe180000,0x00000000fff80030,0x0000000100000000)
[41.301s][debug  ][gc,heap        ] GC(151)   to   space 31232K, 0% used [0x00000000fc300000,0x00000000fc300000,0x00000000fe180000)
[41.301s][debug  ][gc,heap        ] GC(151)  ParOldGen       total 1835008K, used 1271397K [0x0000000080000000, 0x00000000f0000000, 0x00000000f0000000)
[41.301s][debug  ][gc,heap        ] GC(151)   object space 1835008K, 69% used [0x0000000080000000,0x00000000cd999448,0x00000000f0000000)
[41.302s][debug  ][gc,heap        ] GC(151)  Metaspace       used 1022K, committed 1216K, reserved 1056768K
[41.302s][debug  ][gc,heap        ] GC(151)   class space    used 83K, committed 192K, reserved 1048576K
[41.302s][debug  ][gc,task,time   ] GC(151) VM-Thread 412836316 412995342 413015586
[41.597s][debug  ][gc,heap        ] GC(152) Heap before GC invocations=153 (full 24):
[41.597s][debug  ][gc,heap        ] GC(152)  PSYoungGen      total 230912K, used 229163K [0x00000000f0000000, 0x0000000100000000, 0x0000000100000000)
[41.597s][debug  ][gc,heap        ] GC(152)   eden space 199680K, 99% used [0x00000000f0000000,0x00000000fc1cabd0,0x00000000fc300000)
[41.598s][debug  ][gc,heap        ] GC(152)   from space 31232K, 98% used [0x00000000fe180000,0x00000000fff80030,0x0000000100000000)
[41.598s][debug  ][gc,heap        ] GC(152)   to   space 31232K, 0% used [0x00000000fc300000,0x00000000fc300000,0x00000000fe180000)
[41.598s][debug  ][gc,heap        ] GC(152)  ParOldGen       total 1835008K, used 1271397K [0x0000000080000000, 0x00000000f0000000, 0x00000000f0000000)
[41.598s][debug  ][gc,heap        ] GC(152)   object space 1835008K, 69% used [0x0000000080000000,0x00000000cd999448,0x00000000f0000000)
[41.598s][debug  ][gc,heap        ] GC(152)  Metaspace       used 1022K, committed 1216K, reserved 1056768K
[41.598s][debug  ][gc,heap        ] GC(152)   class space    used 83K, committed 192K, reserved 1048576K
[41.598s][debug  ][gc,tlab        ] GC(152) TLAB totals: thrds: 1  refills: 1 max: 1 slow allocs: 18 max 18 waste: 27.5% gc: 3975840B max: 3975840B slow: 0B max: 0B
[41.598s][info   ][gc,start       ] GC(152) Pause Young (Allocation Failure)
[41.598s][debug  ][gc,phases,start] GC(152) Scavenge
[41.614s][debug  ][gc,phases      ] GC(152) Scavenge 15.664ms
[41.614s][debug  ][gc,phases,start] GC(152) Reference Processing
[41.614s][debug  ][gc,ref         ] GC(152) Skipped phase 1 of Reference Processing: no references
[41.614s][debug  ][gc,ref         ] GC(152) Skipped phase 2 of Reference Processing: no references
[41.614s][debug  ][gc,ref         ] GC(152) Skipped phase 3 of Reference Processing: no references
[41.614s][debug  ][gc,ref         ] GC(152) Skipped phase 4 of Reference Processing: no references
[41.614s][debug  ][gc,phases,ref  ] GC(152) Reference Processing: 0.1ms
[41.614s][debug  ][gc,phases,ref  ] GC(152)   Reconsider SoftReferences: 0.0ms
[41.614s][debug  ][gc,phases,ref  ] GC(152)     SoftRef (ms):                  skipped
[41.614s][debug  ][gc,phases,ref  ] GC(152)   Notify Soft/WeakReferences: 0.0ms
[41.614s][debug  ][gc,phases,ref  ] GC(152)     SoftRef (ms):                  skipped
[41.614s][debug  ][gc,phases,ref  ] GC(152)     WeakRef (ms):                  skipped
[41.614s][debug  ][gc,phases,ref  ] GC(152)     FinalRef (ms):                 skipped
[41.614s][debug  ][gc,phases,ref  ] GC(152)     Total (ms):                    skipped
[41.614s][debug  ][gc,phases,ref  ] GC(152)   Notify and keep alive finalizable: 0.0ms
[41.614s][debug  ][gc,phases,ref  ] GC(152)     FinalRef (ms):                 skipped
[41.614s][debug  ][gc,phases,ref  ] GC(152)   Notify PhantomReferences: 0.0ms
[41.614s][debug  ][gc,phases,ref  ] GC(152)     PhantomRef (ms):               skipped
[41.614s][debug  ][gc,phases,ref  ] GC(152)   SoftReference:
[41.614s][debug  ][gc,phases,ref  ] GC(152)     Discovered: 0
[41.614s][debug  ][gc,phases,ref  ] GC(152)     Cleared: 0
[41.614s][debug  ][gc,phases,ref  ] GC(152)   WeakReference:
[41.614s][debug  ][gc,phases,ref  ] GC(152)     Discovered: 0
[41.614s][debug  ][gc,phases,ref  ] GC(152)     Cleared: 0
[41.614s][debug  ][gc,phases,ref  ] GC(152)   FinalReference:
[41.614s][debug  ][gc,phases,ref  ] GC(152)     Discovered: 0
[41.614s][debug  ][gc,phases,ref  ] GC(152)     Cleared: 0
[41.614s][debug  ][gc,phases,ref  ] GC(152)   PhantomReference:
[41.614s][debug  ][gc,phases,ref  ] GC(152)     Discovered: 0
[41.614s][debug  ][gc,phases,ref  ] GC(152)     Cleared: 0
[41.614s][debug  ][gc,phases      ] GC(152) Reference Processing 0.640ms
[41.614s][debug  ][gc,phases,start] GC(152) Weak Processing
[41.614s][debug  ][gc,phases      ] GC(152)   VM Weak                        Min:  0.0, Avg:  0.0, Max:  0.0, Diff:  0.0, Sum:  0.0, Workers: 6
[41.614s][debug  ][gc,phases      ] GC(152)     Dead                           Min: 0, Avg:  0.0, Max: 0, Diff: 0, Sum: 0, Workers: 6
[41.614s][debug  ][gc,phases      ] GC(152)     Total                          Min: 0, Avg:  1.3, Max: 8, Diff: 8, Sum: 8, Workers: 6
[41.614s][debug  ][gc,phases      ] GC(152)   ObjectSynchronizer Weak        Min:  0.0, Avg:  0.0, Max:  0.0, Diff:  0.0, Sum:  0.0, Workers: 6
[41.614s][debug  ][gc,phases      ] GC(152)     Dead                           Min: 0, Avg:  0.0, Max: 0, Diff: 0, Sum: 0, Workers: 6
[41.614s][debug  ][gc,phases      ] GC(152)     Total                          Min: 0, Avg:  0.5, Max: 3, Diff: 3, Sum: 3, Workers: 6
[41.614s][debug  ][gc,phases      ] GC(152)   JVMTI Tag Weak OopStorage      Min:  0.0, Avg:  0.0, Max:  0.0, Diff:  0.0, Sum:  0.0, Workers: 6
[41.614s][debug  ][gc,phases      ] GC(152)     Dead                           Min: 0, Avg:  0.0, Max: 0, Diff: 0, Sum: 0, Workers: 6
[41.615s][debug  ][gc,phases      ] GC(152)     Total                          Min: 0, Avg:  0.0, Max: 0, Diff: 0, Sum: 0, Workers: 6
[41.615s][debug  ][gc,phases      ] GC(152)   StringTable Weak               Min:  0.0, Avg:  0.0, Max:  0.0, Diff:  0.0, Sum:  0.0, Workers: 6
[41.615s][debug  ][gc,phases      ] GC(152)     Dead                           Min: 0, Avg:  0.0, Max: 0, Diff: 0, Sum: 0, Workers: 6
[41.615s][debug  ][gc,phases      ] GC(152)     Total                          Min: 768, Avg: 892.8, Max: 1134, Diff: 366, Sum: 5357, Workers: 6
[41.615s][debug  ][gc,phases      ] GC(152)   ResolvedMethodTable Weak       Min:  0.0, Avg:  0.0, Max:  0.0, Diff:  0.0, Sum:  0.0, Workers: 6
[41.615s][debug  ][gc,phases      ] GC(152)     Dead                           Min: 0, Avg:  0.0, Max: 0, Diff: 0, Sum: 0, Workers: 6
[41.615s][debug  ][gc,phases      ] GC(152)     Total                          Min: 0, Avg: 21.7, Max: 64, Diff: 64, Sum: 130, Workers: 6
[41.615s][debug  ][gc,phases      ] GC(152)   JNI Weak                       Min:  0.0, Avg:  0.0, Max:  0.0, Diff:  0.0, Sum:  0.0, Workers: 6
[41.615s][debug  ][gc,phases      ] GC(152)     Dead                           Min: 0, Avg:  0.0, Max: 0, Diff: 0, Sum: 0, Workers: 6
[41.615s][debug  ][gc,phases      ] GC(152)     Total                          Min: 0, Avg:  0.0, Max: 0, Diff: 0, Sum: 0, Workers: 6
[41.615s][debug  ][gc,phases      ] GC(152)   StringDedup Table Weak         Min:  0.0, Avg:  0.0, Max:  0.0, Diff:  0.0, Sum:  0.0, Workers: 6
[41.615s][debug  ][gc,phases      ] GC(152)     Dead                           Min: 0, Avg:  0.0, Max: 0, Diff: 0, Sum: 0, Workers: 6
[41.615s][debug  ][gc,phases      ] GC(152)     Total                          Min: 0, Avg:  0.0, Max: 0, Diff: 0, Sum: 0, Workers: 6
[41.615s][debug  ][gc,phases      ] GC(152)   StringDedup Requests0 Weak     Min:  0.0, Avg:  0.0, Max:  0.0, Diff:  0.0, Sum:  0.0, Workers: 6
[41.615s][debug  ][gc,phases      ] GC(152)     Dead                           Min: 0, Avg:  0.0, Max: 0, Diff: 0, Sum: 0, Workers: 6
[41.615s][debug  ][gc,phases      ] GC(152)     Total                          Min: 0, Avg:  0.0, Max: 0, Diff: 0, Sum: 0, Workers: 6
[41.615s][debug  ][gc,phases      ] GC(152)   StringDedup Requests1 Weak     Min:  0.0, Avg:  0.0, Max:  0.0, Diff:  0.0, Sum:  0.0, Workers: 6
[41.615s][debug  ][gc,phases      ] GC(152)     Dead                           Min: 0, Avg:  0.0, Max: 0, Diff: 0, Sum: 0, Workers: 6
[41.615s][debug  ][gc,phases      ] GC(152)     Total                          Min: 0, Avg:  0.0, Max: 0, Diff: 0, Sum: 0, Workers: 6
[41.615s][debug  ][gc,phases      ] GC(152)   Weak JFR Old Object Samples    Min:  0.0, Avg:  0.0, Max:  0.0, Diff:  0.0, Sum:  0.0, Workers: 6
[41.615s][debug  ][gc,phases      ] GC(152)     Dead                           Min: 0, Avg:  0.0, Max: 0, Diff: 0, Sum: 0, Workers: 6
[41.615s][debug  ][gc,phases      ] GC(152)     Total                          Min: 0, Avg:  0.0, Max: 0, Diff: 0, Sum: 0, Workers: 6
[41.615s][debug  ][gc,phases      ] GC(152) Weak Processing 0.684ms
[41.615s][debug  ][gc,ergo        ] GC(152) AdaptiveSizeStart:  collection: 153 
[41.615s][debug  ][gc,ergo        ] GC(152) avg_survived_padded_avg: 31690452.000000
[41.615s][debug  ][gc,ergo        ] GC(152) avg_promoted_padded_avg: 293067712.000000  avg_pretenured_padded_avg: 0.000000  tenuring_thresh: 15  target_size: 31981568
[41.615s][debug  ][gc,age         ] GC(152) Desired survivor size 31981568 bytes, new threshold 15 (max threshold 15)
[41.615s][debug  ][gc,ergo        ] GC(152) PSAdaptiveSizePolicy::compute_eden_space_size limits: desired_eden_size: 224202013 old_eden_size: 204472320 eden_limit: 204472320 cur_eden: 204472320 max_eden_size: 204472320 avg_young_live: 27359656
[41.615s][debug  ][gc,ergo        ] GC(152) PSAdaptiveSizePolicy::compute_eden_space_size: costs minor_time: 0.048286 major_cost: 0.051799 mutator_cost: 0.899915 throughput_goal: 0.990000
[41.615s][debug  ][gc,ergo        ] GC(152) Live_space: 1072490112 free_space: 1431306240
[41.615s][debug  ][gc,ergo        ] GC(152) Old eden_size: 204472320 desired_eden_size: 204472320
[41.615s][debug  ][gc,ergo        ] GC(152) AdaptiveSizeStop: collection: 153 
[41.615s][info   ][gc,heap        ] GC(152) PSYoungGen: 229163K(230912K)->30720K(230912K) Eden: 198442K(199680K)->0K(199680K) From: 30720K(31232K)->30720K(31232K)
[41.615s][info   ][gc,heap        ] GC(152) ParOldGen: 1271397K(1835008K)->1465957K(1835008K)
[41.615s][info   ][gc,metaspace   ] GC(152) Metaspace: 1022K(1216K)->1022K(1216K) NonClass: 938K(1024K)->938K(1024K) Class: 83K(192K)->83K(192K)
[41.615s][info   ][gc             ] GC(152) Pause Young (Allocation Failure) 1465M->1461M(2017M) 17.471ms
[41.615s][info   ][gc,cpu         ] GC(152) User=0.16s Sys=0.00s Real=0.02s
[41.615s][debug  ][gc,heap        ] GC(152) Heap after GC invocations=153 (full 24):
[41.615s][debug  ][gc,heap        ] GC(152)  PSYoungGen      total 230912K, used 30720K [0x00000000f0000000, 0x0000000100000000, 0x0000000100000000)
[41.615s][debug  ][gc,heap        ] GC(152)   eden space 199680K, 0% used [0x00000000f0000000,0x00000000f0000000,0x00000000fc300000)
[41.615s][debug  ][gc,heap        ] GC(152)   from space 31232K, 98% used [0x00000000fc300000,0x00000000fe100030,0x00000000fe180000)
[41.615s][debug  ][gc,heap        ] GC(152)   to   space 31232K, 0% used [0x00000000fe180000,0x00000000fe180000,0x0000000100000000)
[41.615s][debug  ][gc,heap        ] GC(152)  ParOldGen       total 1835008K, used 1465957K [0x0000000080000000, 0x00000000f0000000, 0x00000000f0000000)
[41.615s][debug  ][gc,heap        ] GC(152)   object space 1835008K, 79% used [0x0000000080000000,0x00000000d9799578,0x00000000f0000000)
[41.615s][debug  ][gc,heap        ] GC(152)  Metaspace       used 1022K, committed 1216K, reserved 1056768K
[41.616s][debug  ][gc,heap        ] GC(152)   class space    used 83K, committed 192K, reserved 1048576K
[41.616s][debug  ][gc,task,time   ] GC(152) VM-Thread 415972732 416136062 416155305
[41.914s][debug  ][gc,heap        ] GC(153) Heap before GC invocations=154 (full 24):
[41.914s][debug  ][gc,heap        ] GC(153)  PSYoungGen      total 230912K, used 229174K [0x00000000f0000000, 0x0000000100000000, 0x0000000100000000)
[41.914s][debug  ][gc,heap        ] GC(153)   eden space 199680K, 99% used [0x00000000f0000000,0x00000000fc1cd9b8,0x00000000fc300000)
[41.915s][debug  ][gc,heap        ] GC(153)   from space 31232K, 98% used [0x00000000fc300000,0x00000000fe100030,0x00000000fe180000)
[41.915s][debug  ][gc,heap        ] GC(153)   to   space 31232K, 0% used [0x00000000fe180000,0x00000000fe180000,0x0000000100000000)
[41.915s][debug  ][gc,heap        ] GC(153)  ParOldGen       total 1835008K, used 1465957K [0x0000000080000000, 0x00000000f0000000, 0x00000000f0000000)
[41.915s][debug  ][gc,heap        ] GC(153)   object space 1835008K, 79% used [0x0000000080000000,0x00000000d9799578,0x00000000f0000000)
[41.915s][debug  ][gc,heap        ] GC(153)  Metaspace       used 1022K, committed 1216K, reserved 1056768K
[41.915s][debug  ][gc,heap        ] GC(153)   class space    used 83K, committed 192K, reserved 1048576K
[41.915s][debug  ][gc,tlab        ] GC(153) TLAB totals: thrds: 1  refills: 1 max: 1 slow allocs: 18 max 18 waste: 27.6% gc: 3987592B max: 3987592B slow: 0B max: 0B
[41.915s][info   ][gc,start       ] GC(153) Pause Young (Allocation Failure)
[41.915s][debug  ][gc,phases,start] GC(153) Scavenge
[41.930s][debug  ][gc,phases      ] GC(153) Scavenge 15.471ms
[41.930s][debug  ][gc,phases,start] GC(153) Reference Processing
[41.930s][debug  ][gc,ref         ] GC(153) Skipped phase 1 of Reference Processing: no references
[41.930s][debug  ][gc,ref         ] GC(153) Skipped phase 2 of Reference Processing: no references
[41.930s][debug  ][gc,ref         ] GC(153) Skipped phase 3 of Reference Processing: no references
[41.930s][debug  ][gc,ref         ] GC(153) Skipped phase 4 of Reference Processing: no references
[41.930s][debug  ][gc,phases,ref  ] GC(153) Reference Processing: 0.1ms
[41.931s][debug  ][gc,phases,ref  ] GC(153)   Reconsider SoftReferences: 0.0ms
[41.931s][debug  ][gc,phases,ref  ] GC(153)     SoftRef (ms):                  skipped
[41.931s][debug  ][gc,phases,ref  ] GC(153)   Notify Soft/WeakReferences: 0.0ms
[41.931s][debug  ][gc,phases,ref  ] GC(153)     SoftRef (ms):                  skipped
[41.931s][debug  ][gc,phases,ref  ] GC(153)     WeakRef (ms):                  skipped
[41.931s][debug  ][gc,phases,ref  ] GC(153)     FinalRef (ms):                 skipped
[41.931s][debug  ][gc,phases,ref  ] GC(153)     Total (ms):                    skipped
[41.931s][debug  ][gc,phases,ref  ] GC(153)   Notify and keep alive finalizable: 0.0ms
[41.931s][debug  ][gc,phases,ref  ] GC(153)     FinalRef (ms):                 skipped
[41.931s][debug  ][gc,phases,ref  ] GC(153)   Notify PhantomReferences: 0.0ms
[41.931s][debug  ][gc,phases,ref  ] GC(153)     PhantomRef (ms):               skipped
[41.931s][debug  ][gc,phases,ref  ] GC(153)   SoftReference:
[41.931s][debug  ][gc,phases,ref  ] GC(153)     Discovered: 0
[41.931s][debug  ][gc,phases,ref  ] GC(153)     Cleared: 0
[41.931s][debug  ][gc,phases,ref  ] GC(153)   WeakReference:
[41.931s][debug  ][gc,phases,ref  ] GC(153)     Discovered: 0
[41.931s][debug  ][gc,phases,ref  ] GC(153)     Cleared: 0
[41.931s][debug  ][gc,phases,ref  ] GC(153)   FinalReference:
[41.931s][debug  ][gc,phases,ref  ] GC(153)     Discovered: 0
[41.931s][debug  ][gc,phases,ref  ] GC(153)     Cleared: 0
[41.931s][debug  ][gc,phases,ref  ] GC(153)   PhantomReference:
[41.931s][debug  ][gc,phases,ref  ] GC(153)     Discovered: 0
[41.931s][debug  ][gc,phases,ref  ] GC(153)     Cleared: 0
[41.931s][debug  ][gc,phases      ] GC(153) Reference Processing 0.844ms
[41.931s][debug  ][gc,phases,start] GC(153) Weak Processing
[41.931s][debug  ][gc,phases      ] GC(153)   VM Weak                        Min:  0.0, Avg:  0.0, Max:  0.0, Diff:  0.0, Sum:  0.0, Workers: 6
[41.931s][debug  ][gc,phases      ] GC(153)     Dead                           Min: 0, Avg:  0.0, Max: 0, Diff: 0, Sum: 0, Workers: 6
[41.931s][debug  ][gc,phases      ] GC(153)     Total                          Min: 0, Avg:  1.3, Max: 8, Diff: 8, Sum: 8, Workers: 6
[41.931s][debug  ][gc,phases      ] GC(153)   ObjectSynchronizer Weak        Min:  0.0, Avg:  0.0, Max:  0.0, Diff:  0.0, Sum:  0.0, Workers: 6
[41.931s][debug  ][gc,phases      ] GC(153)     Dead                           Min: 0, Avg:  0.0, Max: 0, Diff: 0, Sum: 0, Workers: 6
[41.931s][debug  ][gc,phases      ] GC(153)     Total                          Min: 0, Avg:  0.5, Max: 3, Diff: 3, Sum: 3, Workers: 6
[41.931s][debug  ][gc,phases      ] GC(153)   JVMTI Tag Weak OopStorage      Min:  0.0, Avg:  0.0, Max:  0.0, Diff:  0.0, Sum:  0.0, Workers: 6
[41.931s][debug  ][gc,phases      ] GC(153)     Dead                           Min: 0, Avg:  0.0, Max: 0, Diff: 0, Sum: 0, Workers: 6
[41.931s][debug  ][gc,phases      ] GC(153)     Total                          Min: 0, Avg:  0.0, Max: 0, Diff: 0, Sum: 0, Workers: 6
[41.931s][debug  ][gc,phases      ] GC(153)   StringTable Weak               Min:  0.0, Avg:  0.0, Max:  0.0, Diff:  0.0, Sum:  0.0, Workers: 6
[41.931s][debug  ][gc,phases      ] GC(153)     Dead                           Min: 0, Avg:  0.0, Max: 0, Diff: 0, Sum: 0, Workers: 6
[41.931s][debug  ][gc,phases      ] GC(153)     Total                          Min: 704, Avg: 892.8, Max: 1151, Diff: 447, Sum: 5357, Workers: 6
[41.932s][debug  ][gc,phases      ] GC(153)   ResolvedMethodTable Weak       Min:  0.0, Avg:  0.0, Max:  0.0, Diff:  0.0, Sum:  0.0, Workers: 6
[41.932s][debug  ][gc,phases      ] GC(153)     Dead                           Min: 0, Avg:  0.0, Max: 0, Diff: 0, Sum: 0, Workers: 6
[41.932s][debug  ][gc,phases      ] GC(153)     Total                          Min: 0, Avg: 21.7, Max: 64, Diff: 64, Sum: 130, Workers: 6
[41.932s][debug  ][gc,phases      ] GC(153)   JNI Weak                       Min:  0.0, Avg:  0.0, Max:  0.0, Diff:  0.0, Sum:  0.0, Workers: 6
[41.932s][debug  ][gc,phases      ] GC(153)     Dead                           Min: 0, Avg:  0.0, Max: 0, Diff: 0, Sum: 0, Workers: 6
[41.932s][debug  ][gc,phases      ] GC(153)     Total                          Min: 0, Avg:  0.0, Max: 0, Diff: 0, Sum: 0, Workers: 6
[41.932s][debug  ][gc,phases      ] GC(153)   StringDedup Table Weak         Min:  0.0, Avg:  0.0, Max:  0.0, Diff:  0.0, Sum:  0.0, Workers: 6
[41.932s][debug  ][gc,phases      ] GC(153)     Dead                           Min: 0, Avg:  0.0, Max: 0, Diff: 0, Sum: 0, Workers: 6
[41.932s][debug  ][gc,phases      ] GC(153)     Total                          Min: 0, Avg:  0.0, Max: 0, Diff: 0, Sum: 0, Workers: 6
[41.932s][debug  ][gc,phases      ] GC(153)   StringDedup Requests0 Weak     Min:  0.0, Avg:  0.0, Max:  0.0, Diff:  0.0, Sum:  0.0, Workers: 6
[41.932s][debug  ][gc,phases      ] GC(153)     Dead                           Min: 0, Avg:  0.0, Max: 0, Diff: 0, Sum: 0, Workers: 6
[41.932s][debug  ][gc,phases      ] GC(153)     Total                          Min: 0, Avg:  0.0, Max: 0, Diff: 0, Sum: 0, Workers: 6
[41.932s][debug  ][gc,phases      ] GC(153)   StringDedup Requests1 Weak     Min:  0.0, Avg:  0.0, Max:  0.0, Diff:  0.0, Sum:  0.0, Workers: 6
[41.932s][debug  ][gc,phases      ] GC(153)     Dead                           Min: 0, Avg:  0.0, Max: 0, Diff: 0, Sum: 0, Workers: 6
[41.932s][debug  ][gc,phases      ] GC(153)     Total                          Min: 0, Avg:  0.0, Max: 0, Diff: 0, Sum: 0, Workers: 6
[41.932s][debug  ][gc,phases      ] GC(153)   Weak JFR Old Object Samples    Min:  0.0, Avg:  0.0, Max:  0.0, Diff:  0.0, Sum:  0.0, Workers: 6
[41.932s][debug  ][gc,phases      ] GC(153)     Dead                           Min: 0, Avg:  0.0, Max: 0, Diff: 0, Sum: 0, Workers: 6
[41.932s][debug  ][gc,phases      ] GC(153)     Total                          Min: 0, Avg:  0.0, Max: 0, Diff: 0, Sum: 0, Workers: 6
[41.932s][debug  ][gc,phases      ] GC(153) Weak Processing 0.699ms
[41.932s][debug  ][gc,ergo        ] GC(153) AdaptiveSizeStart:  collection: 154 
[41.932s][debug  ][gc,ergo        ] GC(153) avg_survived_padded_avg: 31670664.000000
[41.932s][debug  ][gc,ergo        ] GC(153) avg_promoted_padded_avg: 292071840.000000  avg_pretenured_padded_avg: 0.000000  tenuring_thresh: 15  target_size: 31981568
[41.932s][debug  ][gc,age         ] GC(153) Desired survivor size 31981568 bytes, new threshold 15 (max threshold 15)
[41.932s][debug  ][gc,ergo        ] GC(153) PSAdaptiveSizePolicy::compute_eden_space_size limits: desired_eden_size: 224506473 old_eden_size: 204472320 eden_limit: 204472320 cur_eden: 204472320 max_eden_size: 204472320 avg_young_live: 27769422
[41.932s][debug  ][gc,ergo        ] GC(153) PSAdaptiveSizePolicy::compute_eden_space_size: costs minor_time: 0.049747 major_cost: 0.051799 mutator_cost: 0.898454 throughput_goal: 0.990000
[41.932s][debug  ][gc,ergo        ] GC(153) Live_space: 1072899904 free_space: 1431306240
[41.932s][debug  ][gc,ergo        ] GC(153) Old eden_size: 204472320 desired_eden_size: 204472320
[41.932s][debug  ][gc,ergo        ] GC(153) AdaptiveSizeStop: collection: 154 
[41.932s][info   ][gc,heap        ] GC(153) PSYoungGen: 229174K(230912K)->30720K(230912K) Eden: 198454K(199680K)->0K(199680K) From: 30720K(31232K)->30720K(31232K)
[41.932s][info   ][gc,heap        ] GC(153) ParOldGen: 1465957K(1835008K)->1660517K(1835008K)
[41.932s][info   ][gc,metaspace   ] GC(153) Metaspace: 1022K(1216K)->1022K(1216K) NonClass: 938K(1024K)->938K(1024K) Class: 83K(192K)->83K(192K)
[41.932s][info   ][gc             ] GC(153) Pause Young (Allocation Failure) 1655M->1651M(2017M) 17.495ms
[41.932s][info   ][gc,cpu         ] GC(153) User=0.16s Sys=0.00s Real=0.02s
[41.932s][debug  ][gc,heap        ] GC(153) Heap after GC invocations=154 (full 24):
[41.932s][debug  ][gc,heap        ] GC(153)  PSYoungGen      total 230912K, used 30720K [0x00000000f0000000, 0x0000000100000000, 0x0000000100000000)
[41.932s][debug  ][gc,heap        ] GC(153)   eden space 199680K, 0% used [0x00000000f0000000,0x00000000f0000000,0x00000000fc300000)
[41.932s][debug  ][gc,heap        ] GC(153)   from space 31232K, 98% used [0x00000000fe180000,0x00000000fff80030,0x0000000100000000)
[41.932s][debug  ][gc,heap        ] GC(153)   to   space 31232K, 0% used [0x00000000fc300000,0x00000000fc300000,0x00000000fe180000)
[41.932s][debug  ][gc,heap        ] GC(153)  ParOldGen       total 1835008K, used 1660517K [0x0000000080000000, 0x00000000f0000000, 0x00000000f0000000)
[41.932s][debug  ][gc,heap        ] GC(153)   object space 1835008K, 90% used [0x0000000080000000,0x00000000e55996a8,0x00000000f0000000)
[41.932s][debug  ][gc,heap        ] GC(153)  Metaspace       used 1022K, committed 1216K, reserved 1056768K
[41.932s][debug  ][gc,heap        ] GC(153)   class space    used 83K, committed 192K, reserved 1048576K
[41.932s][debug  ][gc,task,time   ] GC(153) VM-Thread 419143435 419303060 419324503
[41.932s][debug  ][gc,phases,start] GC(154) Pre Compact
[41.932s][debug  ][gc,heap        ] GC(154) Heap before GC invocations=155 (full 25):
[41.933s][debug  ][gc,heap        ] GC(154)  PSYoungGen      total 230912K, used 30720K [0x00000000f0000000, 0x0000000100000000, 0x0000000100000000)
[41.933s][debug  ][gc,heap        ] GC(154)   eden space 199680K, 0% used [0x00000000f0000000,0x00000000f0000000,0x00000000fc300000)
[41.933s][debug  ][gc,heap        ] GC(154)   from space 31232K, 98% used [0x00000000fe180000,0x00000000fff80030,0x0000000100000000)
[41.933s][debug  ][gc,heap        ] GC(154)   to   space 31232K, 0% used [0x00000000fc300000,0x00000000fc300000,0x00000000fe180000)
[41.933s][debug  ][gc,heap        ] GC(154)  ParOldGen       total 1835008K, used 1660517K [0x0000000080000000, 0x00000000f0000000, 0x00000000f0000000)
[41.933s][debug  ][gc,heap        ] GC(154)   object space 1835008K, 90% used [0x0000000080000000,0x00000000e55996a8,0x00000000f0000000)
[41.933s][debug  ][gc,heap        ] GC(154)  Metaspace       used 1022K, committed 1216K, reserved 1056768K
[41.933s][debug  ][gc,heap        ] GC(154)   class space    used 83K, committed 192K, reserved 1048576K
[41.933s][debug  ][gc,phases      ] GC(154) Pre Compact 0.205ms
[41.933s][info   ][gc,start       ] GC(154) Pause Full (Ergonomics)
[41.933s][info   ][gc,phases,start] GC(154) Marking Phase
[41.933s][debug  ][gc,phases,start] GC(154) Par Mark
[41.933s][debug  ][gc,phases      ] GC(154) Par Mark 0.532ms
[41.933s][debug  ][gc,phases,start] GC(154) Reference Processing
[41.933s][debug  ][gc,ref         ] GC(154) Skipped phase 1 of Reference Processing: no references
[41.933s][debug  ][gc,ref         ] GC(154) ReferenceProcessor::execute queues: 1, RefProcThreadModel::Single, marks_oops_alive: false
[41.933s][debug  ][gc,ref         ] GC(154) Skipped phase 3 of Reference Processing: no references
[41.933s][debug  ][gc,ref         ] GC(154) ReferenceProcessor::execute queues: 1, RefProcThreadModel::Single, marks_oops_alive: false
[41.933s][debug  ][gc,phases,ref  ] GC(154) Reference Processing: 0.1ms
[41.934s][debug  ][gc,phases,ref  ] GC(154)   Reconsider SoftReferences: 0.0ms
[41.934s][debug  ][gc,phases,ref  ] GC(154)     SoftRef (ms):                  skipped
[41.934s][debug  ][gc,phases,ref  ] GC(154)   Notify Soft/WeakReferences: 0.0ms
[41.934s][debug  ][gc,phases,ref  ] GC(154)     SoftRef (ms):                  Min:  0.0, Avg:  0.0, Max:  0.0, Diff:  0.0, Sum:  0.0, Workers: 10
[41.934s][debug  ][gc,phases,ref  ] GC(154)     WeakRef (ms):                  Min:  0.0, Avg:  0.0, Max:  0.0, Diff:  0.0, Sum:  0.0, Workers: 10
[41.934s][debug  ][gc,phases,ref  ] GC(154)     FinalRef (ms):                 Min:  0.0, Avg:  0.0, Max:  0.0, Diff:  0.0, Sum:  0.0, Workers: 10
[41.934s][debug  ][gc,phases,ref  ] GC(154)     Total (ms):                    Min:  0.0, Avg:  0.0, Max:  0.0, Diff:  0.0, Sum:  0.0, Workers: 10
[41.934s][debug  ][gc,phases,ref  ] GC(154)   Notify and keep alive finalizable: 0.0ms
[41.934s][debug  ][gc,phases,ref  ] GC(154)     FinalRef (ms):                 skipped
[41.934s][debug  ][gc,phases,ref  ] GC(154)   Notify PhantomReferences: 0.0ms
[41.934s][debug  ][gc,phases,ref  ] GC(154)     PhantomRef (ms):               Min:  0.0, Avg:  0.0, Max:  0.0, Diff:  0.0, Sum:  0.0, Workers: 10
[41.934s][debug  ][gc,phases,ref  ] GC(154)   SoftReference:
[41.934s][debug  ][gc,phases,ref  ] GC(154)     Discovered: 0
[41.934s][debug  ][gc,phases,ref  ] GC(154)     Cleared: 0
[41.934s][debug  ][gc,phases,ref  ] GC(154)   WeakReference:
[41.934s][debug  ][gc,phases,ref  ] GC(154)     Discovered: 81
[41.934s][debug  ][gc,phases,ref  ] GC(154)     Cleared: 81
[41.934s][debug  ][gc,phases,ref  ] GC(154)   FinalReference:
[41.934s][debug  ][gc,phases,ref  ] GC(154)     Discovered: 0
[41.934s][debug  ][gc,phases,ref  ] GC(154)     Cleared: 0
[41.934s][debug  ][gc,phases,ref  ] GC(154)   PhantomReference:
[41.934s][debug  ][gc,phases,ref  ] GC(154)     Discovered: 3
[41.934s][debug  ][gc,phases,ref  ] GC(154)     Cleared: 3
[41.934s][debug  ][gc,phases      ] GC(154) Reference Processing 0.754ms
[41.934s][debug  ][gc,phases,start] GC(154) Weak Processing
[41.934s][debug  ][gc,phases      ] GC(154)   VM Weak                        Min:  0.0, Avg:  0.0, Max:  0.0, Diff:  0.0, Sum:  0.0, Workers: 6
[41.934s][debug  ][gc,phases      ] GC(154)     Dead                           Min: 0, Avg:  0.0, Max: 0, Diff: 0, Sum: 0, Workers: 6
[41.934s][debug  ][gc,phases      ] GC(154)     Total                          Min: 0, Avg:  1.3, Max: 8, Diff: 8, Sum: 8, Workers: 6
[41.934s][debug  ][gc,phases      ] GC(154)   ObjectSynchronizer Weak        Min:  0.0, Avg:  0.0, Max:  0.0, Diff:  0.0, Sum:  0.0, Workers: 6
[41.934s][debug  ][gc,phases      ] GC(154)     Dead                           Min: 0, Avg:  0.0, Max: 0, Diff: 0, Sum: 0, Workers: 6
[41.934s][debug  ][gc,phases      ] GC(154)     Total                          Min: 0, Avg:  0.5, Max: 3, Diff: 3, Sum: 3, Workers: 6
[41.934s][debug  ][gc,phases      ] GC(154)   JVMTI Tag Weak OopStorage      Min:  0.0, Avg:  0.0, Max:  0.0, Diff:  0.0, Sum:  0.0, Workers: 6
[41.934s][debug  ][gc,phases      ] GC(154)     Dead                           Min: 0, Avg:  0.0, Max: 0, Diff: 0, Sum: 0, Workers: 6
[41.934s][debug  ][gc,phases      ] GC(154)     Total                          Min: 0, Avg:  0.0, Max: 0, Diff: 0, Sum: 0, Workers: 6
[41.934s][debug  ][gc,phases      ] GC(154)   StringTable Weak               Min:  0.0, Avg:  0.0, Max:  0.0, Diff:  0.0, Sum:  0.0, Workers: 6
[41.934s][debug  ][gc,phases      ] GC(154)     Dead                           Min: 0, Avg:  0.0, Max: 0, Diff: 0, Sum: 0, Workers: 6
[41.934s][debug  ][gc,phases      ] GC(154)     Total                          Min: 640, Avg: 892.8, Max: 1344, Diff: 704, Sum: 5357, Workers: 6
[41.934s][debug  ][gc,phases      ] GC(154)   ResolvedMethodTable Weak       Min:  0.0, Avg:  0.0, Max:  0.0, Diff:  0.0, Sum:  0.0, Workers: 6
[41.934s][debug  ][gc,phases      ] GC(154)     Dead                           Min: 0, Avg:  0.0, Max: 0, Diff: 0, Sum: 0, Workers: 6
[41.934s][debug  ][gc,phases      ] GC(154)     Total                          Min: 0, Avg: 21.7, Max: 64, Diff: 64, Sum: 130, Workers: 6
[41.934s][debug  ][gc,phases      ] GC(154)   JNI Weak                       Min:  0.0, Avg:  0.0, Max:  0.0, Diff:  0.0, Sum:  0.0, Workers: 6
[41.935s][debug  ][gc,phases      ] GC(154)     Dead                           Min: 0, Avg:  0.0, Max: 0, Diff: 0, Sum: 0, Workers: 6
[41.935s][debug  ][gc,phases      ] GC(154)     Total                          Min: 0, Avg:  0.0, Max: 0, Diff: 0, Sum: 0, Workers: 6
[41.935s][debug  ][gc,phases      ] GC(154)   StringDedup Table Weak         Min:  0.0, Avg:  0.0, Max:  0.0, Diff:  0.0, Sum:  0.0, Workers: 6
[41.935s][debug  ][gc,phases      ] GC(154)     Dead                           Min: 0, Avg:  0.0, Max: 0, Diff: 0, Sum: 0, Workers: 6
[41.935s][debug  ][gc,phases      ] GC(154)     Total                          Min: 0, Avg:  0.0, Max: 0, Diff: 0, Sum: 0, Workers: 6
[41.935s][debug  ][gc,phases      ] GC(154)   StringDedup Requests0 Weak     Min:  0.0, Avg:  0.0, Max:  0.0, Diff:  0.0, Sum:  0.0, Workers: 6
[41.935s][debug  ][gc,phases      ] GC(154)     Dead                           Min: 0, Avg:  0.0, Max: 0, Diff: 0, Sum: 0, Workers: 6
[41.935s][debug  ][gc,phases      ] GC(154)     Total                          Min: 0, Avg:  0.0, Max: 0, Diff: 0, Sum: 0, Workers: 6
[41.935s][debug  ][gc,phases      ] GC(154)   StringDedup Requests1 Weak     Min:  0.0, Avg:  0.0, Max:  0.0, Diff:  0.0, Sum:  0.0, Workers: 6
[41.935s][debug  ][gc,phases      ] GC(154)     Dead                           Min: 0, Avg:  0.0, Max: 0, Diff: 0, Sum: 0, Workers: 6
[41.935s][debug  ][gc,phases      ] GC(154)     Total                          Min: 0, Avg:  0.0, Max: 0, Diff: 0, Sum: 0, Workers: 6
[41.935s][debug  ][gc,phases      ] GC(154)   Weak JFR Old Object Samples    Min:  0.0, Avg:  0.0, Max:  0.0, Diff:  0.0, Sum:  0.0, Workers: 6
[41.935s][debug  ][gc,phases      ] GC(154)     Dead                           Min: 0, Avg:  0.0, Max: 0, Diff: 0, Sum: 0, Workers: 6
[41.935s][debug  ][gc,phases      ] GC(154)     Total                          Min: 0, Avg:  0.0, Max: 0, Diff: 0, Sum: 0, Workers: 6
[41.935s][debug  ][gc,phases      ] GC(154) Weak Processing 0.674ms
[41.935s][debug  ][gc,phases,start] GC(154) Class Unloading
[41.935s][debug  ][gc,phases,start] GC(154) ClassLoaderData
[41.935s][debug  ][gc,phases      ] GC(154) ClassLoaderData 0.019ms
[41.935s][debug  ][gc,phases,start] GC(154) Trigger cleanups
[41.935s][debug  ][gc,phases      ] GC(154) Trigger cleanups 0.019ms
[41.935s][debug  ][gc,phases      ] GC(154) Class Unloading 0.255ms
[41.935s][info   ][gc,phases      ] GC(154) Marking Phase 2.351ms
[41.935s][info   ][gc,phases,start] GC(154) Summary Phase
[41.935s][info   ][gc,phases      ] GC(154) Summary Phase 0.045ms
[41.935s][info   ][gc,phases,start] GC(154) Adjust Roots
[41.935s][info   ][gc,phases      ] GC(154) Adjust Roots 0.159ms
[41.935s][info   ][gc,phases,start] GC(154) Compaction Phase
[42.023s][info   ][gc,phases      ] GC(154) Compaction Phase 87.637ms
[42.023s][info   ][gc,phases,start] GC(154) Post Compact
[42.028s][info   ][gc,phases      ] GC(154) Post Compact 5.033ms
[42.028s][debug  ][gc,ergo        ] GC(154) AdaptiveSizeStart: collection: 155 
[42.028s][debug  ][gc,ergo        ] GC(154) PSAdaptiveSizePolicy::compute_eden_space_size limits: desired_eden_size: 224264734 old_eden_size: 204472320 eden_limit: 204472320 cur_eden: 204472320 max_eden_size: 204472320 avg_young_live: 24992478
[42.028s][debug  ][gc,ergo        ] GC(154) PSAdaptiveSizePolicy::compute_eden_space_size: costs minor_time: 0.049747 major_cost: 0.053039 mutator_cost: 0.897214 throughput_goal: 0.990000
[42.028s][debug  ][gc,ergo        ] GC(154) Live_space: 1070123008 free_space: 1431306240
[42.028s][debug  ][gc,ergo        ] GC(154) Old eden_size: 204472320 desired_eden_size: 204472320
[42.028s][debug  ][gc,ergo        ] GC(154) PSAdaptiveSizePolicy::compute_old_gen_free_space limits: desired_promo_size: 1353446214 promo_limit: 1226833920 free_in_old_gen: 1095969024 max_old_gen_size: 1879048192 avg_old_live: 783079232
[42.028s][debug  ][gc,ergo        ] GC(154) PSAdaptiveSizePolicy::compute_old_gen_free_space: costs minor_time: 0.049747 major_cost: 0.053039  mutator_cost: 0.897214 throughput_goal: 0.990000
[42.028s][debug  ][gc,ergo        ] GC(154) Live_space: 1076507136 free_space: 1431306240
[42.028s][debug  ][gc,ergo        ] GC(154) Old promo_size: 1226833920 desired_promo_size: 1226833920
[42.028s][debug  ][gc,ergo        ] GC(154) AdaptiveSizeStop: collection: 155 
[42.028s][info   ][gc,heap        ] GC(154) PSYoungGen: 30720K(230912K)->0K(230912K) Eden: 0K(199680K)->0K(199680K) From: 30720K(31232K)->0K(31232K)
[42.029s][info   ][gc,heap        ] GC(154) ParOldGen: 1660517K(1835008K)->820836K(1835008K)
[42.029s][info   ][gc,metaspace   ] GC(154) Metaspace: 1022K(1216K)->1022K(1216K) NonClass: 938K(1024K)->938K(1024K) Class: 83K(192K)->83K(192K)
[42.029s][info   ][gc             ] GC(154) Pause Full (Ergonomics) 1651M->801M(2017M) 95.898ms
[42.029s][info   ][gc,cpu         ] GC(154) User=0.94s Sys=0.00s Real=0.10s
[42.029s][debug  ][gc,heap        ] GC(154) Heap after GC invocations=155 (full 25):
[42.029s][debug  ][gc,heap        ] GC(154)  PSYoungGen      total 230912K, used 0K [0x00000000f0000000, 0x0000000100000000, 0x0000000100000000)
[42.029s][debug  ][gc,heap        ] GC(154)   eden space 199680K, 0% used [0x00000000f0000000,0x00000000f0000000,0x00000000fc300000)
[42.029s][debug  ][gc,heap        ] GC(154)   from space 31232K, 0% used [0x00000000fc300000,0x00000000fc300000,0x00000000fe180000)
[42.029s][debug  ][gc,heap        ] GC(154)   to   space 31232K, 0% used [0x00000000fe180000,0x00000000fe180000,0x0000000100000000)
[42.029s][debug  ][gc,heap        ] GC(154)  ParOldGen       total 1835008K, used 820836K [0x0000000080000000, 0x00000000f0000000, 0x00000000f0000000)
[42.029s][debug  ][gc,heap        ] GC(154)   object space 1835008K, 44% used [0x0000000080000000,0x00000000b2199188,0x00000000f0000000)
[42.029s][debug  ][gc,heap        ] GC(154)  Metaspace       used 1022K, committed 1216K, reserved 1056768K
[42.029s][debug  ][gc,heap        ] GC(154)   class space    used 83K, committed 192K, reserved 1048576K
[42.029s][debug  ][gc,task,time   ] GC(154) VM-Thread 419327329 419353974 420286674
[42.340s][debug  ][gc,heap        ] GC(155) Heap before GC invocations=156 (full 25):
[42.340s][debug  ][gc,heap        ] GC(155)  PSYoungGen      total 230912K, used 198461K [0x00000000f0000000, 0x0000000100000000, 0x0000000100000000)
[42.340s][debug  ][gc,heap        ] GC(155)   eden space 199680K, 99% used [0x00000000f0000000,0x00000000fc1cf748,0x00000000fc300000)
[42.340s][debug  ][gc,heap        ] GC(155)   from space 31232K, 0% used [0x00000000fc300000,0x00000000fc300000,0x00000000fe180000)
[42.340s][debug  ][gc,heap        ] GC(155)   to   space 31232K, 0% used [0x00000000fe180000,0x00000000fe180000,0x0000000100000000)
[42.340s][debug  ][gc,heap        ] GC(155)  ParOldGen       total 1835008K, used 820836K [0x0000000080000000, 0x00000000f0000000, 0x00000000f0000000)
[42.340s][debug  ][gc,heap        ] GC(155)   object space 1835008K, 44% used [0x0000000080000000,0x00000000b2199188,0x00000000f0000000)
[42.340s][debug  ][gc,heap        ] GC(155)  Metaspace       used 1022K, committed 1216K, reserved 1056768K
[42.340s][debug  ][gc,heap        ] GC(155)   class space    used 83K, committed 192K, reserved 1048576K
[42.340s][debug  ][gc,tlab        ] GC(155) TLAB totals: thrds: 1  refills: 1 max: 1 slow allocs: 18 max 18 waste: 27.6% gc: 3995160B max: 3995160B slow: 0B max: 0B
[42.340s][info   ][gc,start       ] GC(155) Pause Young (Allocation Failure)
[42.340s][debug  ][gc,phases,start] GC(155) Scavenge
[42.354s][debug  ][gc,phases      ] GC(155) Scavenge 13.253ms
[42.354s][debug  ][gc,phases,start] GC(155) Reference Processing
[42.354s][debug  ][gc,ref         ] GC(155) Skipped phase 1 of Reference Processing: no references
[42.354s][debug  ][gc,ref         ] GC(155) Skipped phase 2 of Reference Processing: no references
[42.354s][debug  ][gc,ref         ] GC(155) Skipped phase 3 of Reference Processing: no references
[42.354s][debug  ][gc,ref         ] GC(155) Skipped phase 4 of Reference Processing: no references
[42.354s][debug  ][gc,phases,ref  ] GC(155) Reference Processing: 0.1ms
[42.354s][debug  ][gc,phases,ref  ] GC(155)   Reconsider SoftReferences: 0.0ms
[42.354s][debug  ][gc,phases,ref  ] GC(155)     SoftRef (ms):                  skipped
[42.354s][debug  ][gc,phases,ref  ] GC(155)   Notify Soft/WeakReferences: 0.0ms
[42.354s][debug  ][gc,phases,ref  ] GC(155)     SoftRef (ms):                  skipped
[42.354s][debug  ][gc,phases,ref  ] GC(155)     WeakRef (ms):                  skipped
[42.354s][debug  ][gc,phases,ref  ] GC(155)     FinalRef (ms):                 skipped
[42.354s][debug  ][gc,phases,ref  ] GC(155)     Total (ms):                    skipped
[42.354s][debug  ][gc,phases,ref  ] GC(155)   Notify and keep alive finalizable: 0.0ms
[42.354s][debug  ][gc,phases,ref  ] GC(155)     FinalRef (ms):                 skipped
[42.354s][debug  ][gc,phases,ref  ] GC(155)   Notify PhantomReferences: 0.0ms
[42.354s][debug  ][gc,phases,ref  ] GC(155)     PhantomRef (ms):               skipped
[42.354s][debug  ][gc,phases,ref  ] GC(155)   SoftReference:
[42.354s][debug  ][gc,phases,ref  ] GC(155)     Discovered: 0
[42.354s][debug  ][gc,phases,ref  ] GC(155)     Cleared: 0
[42.354s][debug  ][gc,phases,ref  ] GC(155)   WeakReference:
[42.354s][debug  ][gc,phases,ref  ] GC(155)     Discovered: 0
[42.354s][debug  ][gc,phases,ref  ] GC(155)     Cleared: 0
[42.354s][debug  ][gc,phases,ref  ] GC(155)   FinalReference:
[42.354s][debug  ][gc,phases,ref  ] GC(155)     Discovered: 0
[42.354s][debug  ][gc,phases,ref  ] GC(155)     Cleared: 0
[42.354s][debug  ][gc,phases,ref  ] GC(155)   PhantomReference:
[42.354s][debug  ][gc,phases,ref  ] GC(155)     Discovered: 0
[42.354s][debug  ][gc,phases,ref  ] GC(155)     Cleared: 0
[42.354s][debug  ][gc,phases      ] GC(155) Reference Processing 0.642ms
[42.354s][debug  ][gc,phases,start] GC(155) Weak Processing
[42.354s][debug  ][gc,phases      ] GC(155)   VM Weak                        Min:  0.0, Avg:  0.0, Max:  0.0, Diff:  0.0, Sum:  0.0, Workers: 6
[42.354s][debug  ][gc,phases      ] GC(155)     Dead                           Min: 0, Avg:  0.0, Max: 0, Diff: 0, Sum: 0, Workers: 6
[42.354s][debug  ][gc,phases      ] GC(155)     Total                          Min: 0, Avg:  1.3, Max: 8, Diff: 8, Sum: 8, Workers: 6
[42.354s][debug  ][gc,phases      ] GC(155)   ObjectSynchronizer Weak        Min:  0.0, Avg:  0.0, Max:  0.0, Diff:  0.0, Sum:  0.0, Workers: 6
[42.355s][debug  ][gc,phases      ] GC(155)     Dead                           Min: 0, Avg:  0.0, Max: 0, Diff: 0, Sum: 0, Workers: 6
[42.355s][debug  ][gc,phases      ] GC(155)     Total                          Min: 0, Avg:  0.5, Max: 3, Diff: 3, Sum: 3, Workers: 6
[42.355s][debug  ][gc,phases      ] GC(155)   JVMTI Tag Weak OopStorage      Min:  0.0, Avg:  0.0, Max:  0.0, Diff:  0.0, Sum:  0.0, Workers: 6
[42.355s][debug  ][gc,phases      ] GC(155)     Dead                           Min: 0, Avg:  0.0, Max: 0, Diff: 0, Sum: 0, Workers: 6
[42.355s][debug  ][gc,phases      ] GC(155)     Total                          Min: 0, Avg:  0.0, Max: 0, Diff: 0, Sum: 0, Workers: 6
[42.355s][debug  ][gc,phases      ] GC(155)   StringTable Weak               Min:  0.0, Avg:  0.0, Max:  0.0, Diff:  0.0, Sum:  0.0, Workers: 6
[42.355s][debug  ][gc,phases      ] GC(155)     Dead                           Min: 0, Avg:  0.0, Max: 0, Diff: 0, Sum: 0, Workers: 6
[42.355s][debug  ][gc,phases      ] GC(155)     Total                          Min: 768, Avg: 892.8, Max: 1216, Diff: 448, Sum: 5357, Workers: 6
[42.355s][debug  ][gc,phases      ] GC(155)   ResolvedMethodTable Weak       Min:  0.0, Avg:  0.0, Max:  0.0, Diff:  0.0, Sum:  0.0, Workers: 6
[42.355s][debug  ][gc,phases      ] GC(155)     Dead                           Min: 0, Avg:  0.0, Max: 0, Diff: 0, Sum: 0, Workers: 6
[42.355s][debug  ][gc,phases      ] GC(155)     Total                          Min: 0, Avg: 21.7, Max: 64, Diff: 64, Sum: 130, Workers: 6
[42.355s][debug  ][gc,phases      ] GC(155)   JNI Weak                       Min:  0.0, Avg:  0.0, Max:  0.0, Diff:  0.0, Sum:  0.0, Workers: 6
[42.355s][debug  ][gc,phases      ] GC(155)     Dead                           Min: 0, Avg:  0.0, Max: 0, Diff: 0, Sum: 0, Workers: 6
[42.355s][debug  ][gc,phases      ] GC(155)     Total                          Min: 0, Avg:  0.0, Max: 0, Diff: 0, Sum: 0, Workers: 6
[42.355s][debug  ][gc,phases      ] GC(155)   StringDedup Table Weak         Min:  0.0, Avg:  0.0, Max:  0.0, Diff:  0.0, Sum:  0.0, Workers: 6
[42.355s][debug  ][gc,phases      ] GC(155)     Dead                           Min: 0, Avg:  0.0, Max: 0, Diff: 0, Sum: 0, Workers: 6
[42.355s][debug  ][gc,phases      ] GC(155)     Total                          Min: 0, Avg:  0.0, Max: 0, Diff: 0, Sum: 0, Workers: 6
[42.355s][debug  ][gc,phases      ] GC(155)   StringDedup Requests0 Weak     Min:  0.0, Avg:  0.0, Max:  0.0, Diff:  0.0, Sum:  0.0, Workers: 6
[42.355s][debug  ][gc,phases      ] GC(155)     Dead                           Min: 0, Avg:  0.0, Max: 0, Diff: 0, Sum: 0, Workers: 6
[42.355s][debug  ][gc,phases      ] GC(155)     Total                          Min: 0, Avg:  0.0, Max: 0, Diff: 0, Sum: 0, Workers: 6
[42.355s][debug  ][gc,phases      ] GC(155)   StringDedup Requests1 Weak     Min:  0.0, Avg:  0.0, Max:  0.0, Diff:  0.0, Sum:  0.0, Workers: 6
[42.355s][debug  ][gc,phases      ] GC(155)     Dead                           Min: 0, Avg:  0.0, Max: 0, Diff: 0, Sum: 0, Workers: 6
[42.355s][debug  ][gc,phases      ] GC(155)     Total                          Min: 0, Avg:  0.0, Max: 0, Diff: 0, Sum: 0, Workers: 6
[42.355s][debug  ][gc,phases      ] GC(155)   Weak JFR Old Object Samples    Min:  0.0, Avg:  0.0, Max:  0.0, Diff:  0.0, Sum:  0.0, Workers: 6
[42.355s][debug  ][gc,phases      ] GC(155)     Dead                           Min: 0, Avg:  0.0, Max: 0, Diff: 0, Sum: 0, Workers: 6
[42.355s][debug  ][gc,phases      ] GC(155)     Total                          Min: 0, Avg:  0.0, Max: 0, Diff: 0, Sum: 0, Workers: 6
[42.355s][debug  ][gc,phases      ] GC(155) Weak Processing 0.823ms
[42.355s][debug  ][gc,ergo        ] GC(155) AdaptiveSizeStart:  collection: 156 
[42.355s][debug  ][gc,ergo        ] GC(155) avg_survived_padded_avg: 31652504.000000
[42.355s][debug  ][gc,ergo        ] GC(155) avg_promoted_padded_avg: 280586240.000000  avg_pretenured_padded_avg: 0.000000  tenuring_thresh: 15  target_size: 31981568
[42.355s][debug  ][gc,age         ] GC(155) Desired survivor size 31981568 bytes, new threshold 15 (max threshold 15)
[42.355s][debug  ][gc,ergo        ] GC(155) PSAdaptiveSizePolicy::compute_eden_space_size limits: desired_eden_size: 223483933 old_eden_size: 204472320 eden_limit: 204472320 cur_eden: 204472320 max_eden_size: 204472320 avg_young_live: 25638962
[42.355s][debug  ][gc,ergo        ] GC(155) PSAdaptiveSizePolicy::compute_eden_space_size: costs minor_time: 0.046080 major_cost: 0.053039 mutator_cost: 0.900881 throughput_goal: 0.990000
[42.355s][debug  ][gc,ergo        ] GC(155) Live_space: 1077153664 free_space: 1431306240
[42.355s][debug  ][gc,ergo        ] GC(155) Old eden_size: 204472320 desired_eden_size: 204472320
[42.355s][debug  ][gc,ergo        ] GC(155) AdaptiveSizeStop: collection: 156 
[42.355s][info   ][gc,heap        ] GC(155) PSYoungGen: 198461K(230912K)->30720K(230912K) Eden: 198461K(199680K)->0K(199680K) From: 0K(31232K)->30720K(31232K)
[42.355s][info   ][gc,heap        ] GC(155) ParOldGen: 820836K(1835008K)->984676K(1835008K)
[42.356s][info   ][gc,metaspace   ] GC(155) Metaspace: 1022K(1216K)->1022K(1216K) NonClass: 938K(1024K)->938K(1024K) Class: 83K(192K)->83K(192K)
[42.356s][info   ][gc             ] GC(155) Pause Young (Allocation Failure) 995M->991M(2017M) 15.267ms
[42.356s][info   ][gc,cpu         ] GC(155) User=0.00s Sys=0.02s Real=0.02s
[42.356s][debug  ][gc,heap        ] GC(155) Heap after GC invocations=156 (full 25):
[42.356s][debug  ][gc,heap        ] GC(155)  PSYoungGen      total 230912K, used 30720K [0x00000000f0000000, 0x0000000100000000, 0x0000000100000000)
[42.356s][debug  ][gc,heap        ] GC(155)   eden space 199680K, 0% used [0x00000000f0000000,0x00000000f0000000,0x00000000fc300000)
[42.356s][debug  ][gc,heap        ] GC(155)   from space 31232K, 98% used [0x00000000fe180000,0x00000000fff80030,0x0000000100000000)
[42.356s][debug  ][gc,heap        ] GC(155)   to   space 31232K, 0% used [0x00000000fc300000,0x00000000fc300000,0x00000000fe180000)
[42.356s][debug  ][gc,heap        ] GC(155)  ParOldGen       total 1835008K, used 984676K [0x0000000080000000, 0x00000000f0000000, 0x00000000f0000000)
[42.356s][debug  ][gc,heap        ] GC(155)   object space 1835008K, 53% used [0x0000000080000000,0x00000000bc199288,0x00000000f0000000)
[42.356s][debug  ][gc,heap        ] GC(155)  Metaspace       used 1022K, committed 1216K, reserved 1056768K
[42.356s][debug  ][gc,heap        ] GC(155)   class space    used 83K, committed 192K, reserved 1048576K
[42.356s][debug  ][gc,task,time   ] GC(155) VM-Thread 423398525 423536651 423558775
[42.659s][debug  ][gc,heap        ] GC(156) Heap before GC invocations=157 (full 25):
[42.659s][debug  ][gc,heap        ] GC(156)  PSYoungGen      total 230912K, used 229114K [0x00000000f0000000, 0x0000000100000000, 0x0000000100000000)
[42.659s][debug  ][gc,heap        ] GC(156)   eden space 199680K, 99% used [0x00000000f0000000,0x00000000fc1be9e0,0x00000000fc300000)
[42.659s][debug  ][gc,heap        ] GC(156)   from space 31232K, 98% used [0x00000000fe180000,0x00000000fff80030,0x0000000100000000)
[42.659s][debug  ][gc,heap        ] GC(156)   to   space 31232K, 0% used [0x00000000fc300000,0x00000000fc300000,0x00000000fe180000)
[42.659s][debug  ][gc,heap        ] GC(156)  ParOldGen       total 1835008K, used 984676K [0x0000000080000000, 0x00000000f0000000, 0x00000000f0000000)
[42.659s][debug  ][gc,heap        ] GC(156)   object space 1835008K, 53% used [0x0000000080000000,0x00000000bc199288,0x00000000f0000000)
[42.659s][debug  ][gc,heap        ] GC(156)  Metaspace       used 1022K, committed 1216K, reserved 1056768K
[42.659s][debug  ][gc,heap        ] GC(156)   class space    used 83K, committed 192K, reserved 1048576K
[42.659s][debug  ][gc,tlab        ] GC(156) TLAB totals: thrds: 1  refills: 1 max: 1 slow allocs: 19 max 19 waste: 100.0% gc: 3925128B max: 3925128B slow: 0B max: 0B
[42.659s][info   ][gc,start       ] GC(156) Pause Young (Allocation Failure)
[42.659s][debug  ][gc,phases,start] GC(156) Scavenge
[42.672s][debug  ][gc,phases      ] GC(156) Scavenge 12.572ms
[42.672s][debug  ][gc,phases,start] GC(156) Reference Processing
[42.672s][debug  ][gc,ref         ] GC(156) Skipped phase 1 of Reference Processing: no references
[42.672s][debug  ][gc,ref         ] GC(156) Skipped phase 2 of Reference Processing: no references
[42.672s][debug  ][gc,ref         ] GC(156) Skipped phase 3 of Reference Processing: no references
[42.672s][debug  ][gc,ref         ] GC(156) Skipped phase 4 of Reference Processing: no references
[42.672s][debug  ][gc,phases,ref  ] GC(156) Reference Processing: 0.1ms
[42.672s][debug  ][gc,phases,ref  ] GC(156)   Reconsider SoftReferences: 0.0ms
[42.672s][debug  ][gc,phases,ref  ] GC(156)     SoftRef (ms):                  skipped
[42.672s][debug  ][gc,phases,ref  ] GC(156)   Notify Soft/WeakReferences: 0.0ms
[42.672s][debug  ][gc,phases,ref  ] GC(156)     SoftRef (ms):                  skipped
[42.672s][debug  ][gc,phases,ref  ] GC(156)     WeakRef (ms):                  skipped
[42.672s][debug  ][gc,phases,ref  ] GC(156)     FinalRef (ms):                 skipped
[42.672s][debug  ][gc,phases,ref  ] GC(156)     Total (ms):                    skipped
[42.672s][debug  ][gc,phases,ref  ] GC(156)   Notify and keep alive finalizable: 0.0ms
[42.672s][debug  ][gc,phases,ref  ] GC(156)     FinalRef (ms):                 skipped
[42.672s][debug  ][gc,phases,ref  ] GC(156)   Notify PhantomReferences: 0.0ms
[42.672s][debug  ][gc,phases,ref  ] GC(156)     PhantomRef (ms):               skipped
[42.672s][debug  ][gc,phases,ref  ] GC(156)   SoftReference:
[42.672s][debug  ][gc,phases,ref  ] GC(156)     Discovered: 0
[42.673s][debug  ][gc,phases,ref  ] GC(156)     Cleared: 0
[42.673s][debug  ][gc,phases,ref  ] GC(156)   WeakReference:
[42.673s][debug  ][gc,phases,ref  ] GC(156)     Discovered: 0
[42.673s][debug  ][gc,phases,ref  ] GC(156)     Cleared: 0
[42.673s][debug  ][gc,phases,ref  ] GC(156)   FinalReference:
[42.673s][debug  ][gc,phases,ref  ] GC(156)     Discovered: 0
[42.673s][debug  ][gc,phases,ref  ] GC(156)     Cleared: 0
[42.673s][debug  ][gc,phases,ref  ] GC(156)   PhantomReference:
[42.673s][debug  ][gc,phases,ref  ] GC(156)     Discovered: 0
[42.673s][debug  ][gc,phases,ref  ] GC(156)     Cleared: 0
[42.673s][debug  ][gc,phases      ] GC(156) Reference Processing 0.671ms
[42.673s][debug  ][gc,phases,start] GC(156) Weak Processing
[42.673s][debug  ][gc,phases      ] GC(156)   VM Weak                        Min:  0.0, Avg:  0.0, Max:  0.0, Diff:  0.0, Sum:  0.0, Workers: 6
[42.673s][debug  ][gc,phases      ] GC(156)     Dead                           Min: 0, Avg:  0.0, Max: 0, Diff: 0, Sum: 0, Workers: 6
[42.673s][debug  ][gc,phases      ] GC(156)     Total                          Min: 0, Avg:  1.3, Max: 8, Diff: 8, Sum: 8, Workers: 6
[42.673s][debug  ][gc,phases      ] GC(156)   ObjectSynchronizer Weak        Min:  0.0, Avg:  0.0, Max:  0.0, Diff:  0.0, Sum:  0.0, Workers: 6
[42.673s][debug  ][gc,phases      ] GC(156)     Dead                           Min: 0, Avg:  0.0, Max: 0, Diff: 0, Sum: 0, Workers: 6
[42.673s][debug  ][gc,phases      ] GC(156)     Total                          Min: 0, Avg:  0.5, Max: 3, Diff: 3, Sum: 3, Workers: 6
[42.673s][debug  ][gc,phases      ] GC(156)   JVMTI Tag Weak OopStorage      Min:  0.0, Avg:  0.0, Max:  0.0, Diff:  0.0, Sum:  0.0, Workers: 6
[42.673s][debug  ][gc,phases      ] GC(156)     Dead                           Min: 0, Avg:  0.0, Max: 0, Diff: 0, Sum: 0, Workers: 6
[42.673s][debug  ][gc,phases      ] GC(156)     Total                          Min: 0, Avg:  0.0, Max: 0, Diff: 0, Sum: 0, Workers: 6
[42.673s][debug  ][gc,phases      ] GC(156)   StringTable Weak               Min:  0.0, Avg:  0.0, Max:  0.0, Diff:  0.0, Sum:  0.0, Workers: 6
[42.673s][debug  ][gc,phases      ] GC(156)     Dead                           Min: 0, Avg:  0.0, Max: 0, Diff: 0, Sum: 0, Workers: 6
[42.673s][debug  ][gc,phases      ] GC(156)     Total                          Min: 767, Avg: 892.8, Max: 1152, Diff: 385, Sum: 5357, Workers: 6
[42.673s][debug  ][gc,phases      ] GC(156)   ResolvedMethodTable Weak       Min:  0.0, Avg:  0.0, Max:  0.0, Diff:  0.0, Sum:  0.0, Workers: 6
[42.673s][debug  ][gc,phases      ] GC(156)     Dead                           Min: 0, Avg:  0.0, Max: 0, Diff: 0, Sum: 0, Workers: 6
[42.673s][debug  ][gc,phases      ] GC(156)     Total                          Min: 0, Avg: 21.7, Max: 64, Diff: 64, Sum: 130, Workers: 6
[42.673s][debug  ][gc,phases      ] GC(156)   JNI Weak                       Min:  0.0, Avg:  0.0, Max:  0.0, Diff:  0.0, Sum:  0.0, Workers: 6
[42.673s][debug  ][gc,phases      ] GC(156)     Dead                           Min: 0, Avg:  0.0, Max: 0, Diff: 0, Sum: 0, Workers: 6
[42.673s][debug  ][gc,phases      ] GC(156)     Total                          Min: 0, Avg:  0.0, Max: 0, Diff: 0, Sum: 0, Workers: 6
[42.673s][debug  ][gc,phases      ] GC(156)   StringDedup Table Weak         Min:  0.0, Avg:  0.0, Max:  0.0, Diff:  0.0, Sum:  0.0, Workers: 6
[42.673s][debug  ][gc,phases      ] GC(156)     Dead                           Min: 0, Avg:  0.0, Max: 0, Diff: 0, Sum: 0, Workers: 6
[42.673s][debug  ][gc,phases      ] GC(156)     Total                          Min: 0, Avg:  0.0, Max: 0, Diff: 0, Sum: 0, Workers: 6
[42.673s][debug  ][gc,phases      ] GC(156)   StringDedup Requests0 Weak     Min:  0.0, Avg:  0.0, Max:  0.0, Diff:  0.0, Sum:  0.0, Workers: 6
[42.673s][debug  ][gc,phases      ] GC(156)     Dead                           Min: 0, Avg:  0.0, Max: 0, Diff: 0, Sum: 0, Workers: 6
[42.673s][debug  ][gc,phases      ] GC(156)     Total                          Min: 0, Avg:  0.0, Max: 0, Diff: 0, Sum: 0, Workers: 6
[42.673s][debug  ][gc,phases      ] GC(156)   StringDedup Requests1 Weak     Min:  0.0, Avg:  0.0, Max:  0.0, Diff:  0.0, Sum:  0.0, Workers: 6
[42.673s][debug  ][gc,phases      ] GC(156)     Dead                           Min: 0, Avg:  0.0, Max: 0, Diff: 0, Sum: 0, Workers: 6
[42.673s][debug  ][gc,phases      ] GC(156)     Total                          Min: 0, Avg:  0.0, Max: 0, Diff: 0, Sum: 0, Workers: 6
[42.674s][debug  ][gc,phases      ] GC(156)   Weak JFR Old Object Samples    Min:  0.0, Avg:  0.0, Max:  0.0, Diff:  0.0, Sum:  0.0, Workers: 6
[42.674s][debug  ][gc,phases      ] GC(156)     Dead                           Min: 0, Avg:  0.0, Max: 0, Diff: 0, Sum: 0, Workers: 6
[42.674s][debug  ][gc,phases      ] GC(156)     Total                          Min: 0, Avg:  0.0, Max: 0, Diff: 0, Sum: 0, Workers: 6
[42.674s][debug  ][gc,phases      ] GC(156) Weak Processing 0.833ms
[42.674s][debug  ][gc,ergo        ] GC(156) AdaptiveSizeStart:  collection: 157 
[42.674s][debug  ][gc,ergo        ] GC(156) avg_survived_padded_avg: 31635842.000000
[42.674s][debug  ][gc,ergo        ] GC(156) avg_promoted_padded_avg: 271937344.000000  avg_pretenured_padded_avg: 0.000000  tenuring_thresh: 15  target_size: 31981568
[42.674s][debug  ][gc,age         ] GC(156) Desired survivor size 31981568 bytes, new threshold 15 (max threshold 15)
[42.674s][debug  ][gc,ergo        ] GC(156) PSAdaptiveSizePolicy::compute_eden_space_size limits: desired_eden_size: 223402440 old_eden_size: 204472320 eden_limit: 204472320 cur_eden: 204472320 max_eden_size: 204472320 avg_young_live: 26220798
[42.674s][debug  ][gc,ergo        ] GC(156) PSAdaptiveSizePolicy::compute_eden_space_size: costs minor_time: 0.045712 major_cost: 0.053039 mutator_cost: 0.901249 throughput_goal: 0.990000
[42.674s][debug  ][gc,ergo        ] GC(156) Live_space: 1077735424 free_space: 1431306240
[42.674s][debug  ][gc,ergo        ] GC(156) Old eden_size: 204472320 desired_eden_size: 204472320
[42.674s][debug  ][gc,ergo        ] GC(156) AdaptiveSizeStop: collection: 157 
[42.674s][info   ][gc,heap        ] GC(156) PSYoungGen: 229114K(230912K)->30720K(230912K) Eden: 198394K(199680K)->0K(199680K) From: 30720K(31232K)->30720K(31232K)
[42.674s][info   ][gc,heap        ] GC(156) ParOldGen: 984676K(1835008K)->1138276K(1835008K)
[42.674s][info   ][gc,metaspace   ] GC(156) Metaspace: 1022K(1216K)->1022K(1216K) NonClass: 938K(1024K)->938K(1024K) Class: 83K(192K)->83K(192K)
[42.674s][info   ][gc             ] GC(156) Pause Young (Allocation Failure) 1185M->1141M(2017M) 14.589ms
[42.674s][info   ][gc,cpu         ] GC(156) User=0.14s Sys=0.02s Real=0.01s
[42.674s][debug  ][gc,heap        ] GC(156) Heap after GC invocations=157 (full 25):
[42.674s][debug  ][gc,heap        ] GC(156)  PSYoungGen      total 230912K, used 30720K [0x00000000f0000000, 0x0000000100000000, 0x0000000100000000)
[42.674s][debug  ][gc,heap        ] GC(156)   eden space 199680K, 0% used [0x00000000f0000000,0x00000000f0000000,0x00000000fc300000)
[42.674s][debug  ][gc,heap        ] GC(156)   from space 31232K, 98% used [0x00000000fc300000,0x00000000fe100030,0x00000000fe180000)
[42.674s][debug  ][gc,heap        ] GC(156)   to   space 31232K, 0% used [0x00000000fe180000,0x00000000fe180000,0x0000000100000000)
[42.674s][debug  ][gc,heap        ] GC(156)  ParOldGen       total 1835008K, used 1138276K [0x0000000080000000, 0x00000000f0000000, 0x00000000f0000000)
[42.674s][debug  ][gc,heap        ] GC(156)   object space 1835008K, 62% used [0x0000000080000000,0x00000000c5799378,0x00000000f0000000)
[42.674s][debug  ][gc,heap        ] GC(156)  Metaspace       used 1022K, committed 1216K, reserved 1056768K
[42.674s][debug  ][gc,heap        ] GC(156)   class space    used 83K, committed 192K, reserved 1048576K
[42.674s][debug  ][gc,task,time   ] GC(156) VM-Thread 426589531 426720557 426742502
[42.976s][debug  ][gc,heap        ] GC(157) Heap before GC invocations=158 (full 25):
[42.976s][debug  ][gc,heap        ] GC(157)  PSYoungGen      total 230912K, used 229170K [0x00000000f0000000, 0x0000000100000000, 0x0000000100000000)
[42.976s][debug  ][gc,heap        ] GC(157)   eden space 199680K, 99% used [0x00000000f0000000,0x00000000fc1cc900,0x00000000fc300000)
[42.976s][debug  ][gc,heap        ] GC(157)   from space 31232K, 98% used [0x00000000fc300000,0x00000000fe100030,0x00000000fe180000)
[42.976s][debug  ][gc,heap        ] GC(157)   to   space 31232K, 0% used [0x00000000fe180000,0x00000000fe180000,0x0000000100000000)
[42.976s][debug  ][gc,heap        ] GC(157)  ParOldGen       total 1835008K, used 1138276K [0x0000000080000000, 0x00000000f0000000, 0x00000000f0000000)
[42.976s][debug  ][gc,heap        ] GC(157)   object space 1835008K, 62% used [0x0000000080000000,0x00000000c5799378,0x00000000f0000000)
[42.976s][debug  ][gc,heap        ] GC(157)  Metaspace       used 1022K, committed 1216K, reserved 1056768K
[42.976s][debug  ][gc,heap        ] GC(157)   class space    used 83K, committed 192K, reserved 1048576K
[42.976s][debug  ][gc,tlab        ] GC(157) TLAB totals: thrds: 1  refills: 1 max: 1 slow allocs: 18 max 18 waste: 27.5% gc: 3983312B max: 3983312B slow: 0B max: 0B
[42.976s][info   ][gc,start       ] GC(157) Pause Young (Allocation Failure)
[42.976s][debug  ][gc,phases,start] GC(157) Scavenge
[42.991s][debug  ][gc,phases      ] GC(157) Scavenge 15.063ms
[42.992s][debug  ][gc,phases,start] GC(157) Reference Processing
[42.992s][debug  ][gc,ref         ] GC(157) Skipped phase 1 of Reference Processing: no references
[42.992s][debug  ][gc,ref         ] GC(157) Skipped phase 2 of Reference Processing: no references
[42.992s][debug  ][gc,ref         ] GC(157) Skipped phase 3 of Reference Processing: no references
[42.992s][debug  ][gc,ref         ] GC(157) Skipped phase 4 of Reference Processing: no references
[42.992s][debug  ][gc,phases,ref  ] GC(157) Reference Processing: 0.1ms
[42.992s][debug  ][gc,phases,ref  ] GC(157)   Reconsider SoftReferences: 0.0ms
[42.992s][debug  ][gc,phases,ref  ] GC(157)     SoftRef (ms):                  skipped
[42.992s][debug  ][gc,phases,ref  ] GC(157)   Notify Soft/WeakReferences: 0.0ms
[42.992s][debug  ][gc,phases,ref  ] GC(157)     SoftRef (ms):                  skipped
[42.992s][debug  ][gc,phases,ref  ] GC(157)     WeakRef (ms):                  skipped
[42.992s][debug  ][gc,phases,ref  ] GC(157)     FinalRef (ms):                 skipped
[42.992s][debug  ][gc,phases,ref  ] GC(157)     Total (ms):                    skipped
[42.992s][debug  ][gc,phases,ref  ] GC(157)   Notify and keep alive finalizable: 0.0ms
[42.992s][debug  ][gc,phases,ref  ] GC(157)     FinalRef (ms):                 skipped
[42.992s][debug  ][gc,phases,ref  ] GC(157)   Notify PhantomReferences: 0.0ms
[42.992s][debug  ][gc,phases,ref  ] GC(157)     PhantomRef (ms):               skipped
[42.992s][debug  ][gc,phases,ref  ] GC(157)   SoftReference:
[42.992s][debug  ][gc,phases,ref  ] GC(157)     Discovered: 0
[42.992s][debug  ][gc,phases,ref  ] GC(157)     Cleared: 0
[42.992s][debug  ][gc,phases,ref  ] GC(157)   WeakReference:
[42.992s][debug  ][gc,phases,ref  ] GC(157)     Discovered: 0
[42.992s][debug  ][gc,phases,ref  ] GC(157)     Cleared: 0
[42.992s][debug  ][gc,phases,ref  ] GC(157)   FinalReference:
[42.992s][debug  ][gc,phases,ref  ] GC(157)     Discovered: 0
[42.992s][debug  ][gc,phases,ref  ] GC(157)     Cleared: 0
[42.992s][debug  ][gc,phases,ref  ] GC(157)   PhantomReference:
[42.992s][debug  ][gc,phases,ref  ] GC(157)     Discovered: 0
[42.992s][debug  ][gc,phases,ref  ] GC(157)     Cleared: 0
[42.992s][debug  ][gc,phases      ] GC(157) Reference Processing 0.697ms
[42.992s][debug  ][gc,phases,start] GC(157) Weak Processing
[42.992s][debug  ][gc,phases      ] GC(157)   VM Weak                        Min:  0.0, Avg:  0.0, Max:  0.0, Diff:  0.0, Sum:  0.0, Workers: 6
[42.992s][debug  ][gc,phases      ] GC(157)     Dead                           Min: 0, Avg:  0.0, Max: 0, Diff: 0, Sum: 0, Workers: 6
[42.992s][debug  ][gc,phases      ] GC(157)     Total                          Min: 0, Avg:  1.3, Max: 8, Diff: 8, Sum: 8, Workers: 6
[42.992s][debug  ][gc,phases      ] GC(157)   ObjectSynchronizer Weak        Min:  0.0, Avg:  0.0, Max:  0.0, Diff:  0.0, Sum:  0.0, Workers: 6
[42.992s][debug  ][gc,phases      ] GC(157)     Dead                           Min: 0, Avg:  0.0, Max: 0, Diff: 0, Sum: 0, Workers: 6
[42.992s][debug  ][gc,phases      ] GC(157)     Total                          Min: 0, Avg:  0.5, Max: 3, Diff: 3, Sum: 3, Workers: 6
[42.992s][debug  ][gc,phases      ] GC(157)   JVMTI Tag Weak OopStorage      Min:  0.0, Avg:  0.0, Max:  0.0, Diff:  0.0, Sum:  0.0, Workers: 6
[42.993s][debug  ][gc,phases      ] GC(157)     Dead                           Min: 0, Avg:  0.0, Max: 0, Diff: 0, Sum: 0, Workers: 6
[42.993s][debug  ][gc,phases      ] GC(157)     Total                          Min: 0, Avg:  0.0, Max: 0, Diff: 0, Sum: 0, Workers: 6
[42.993s][debug  ][gc,phases      ] GC(157)   StringTable Weak               Min:  0.0, Avg:  0.0, Max:  0.0, Diff:  0.0, Sum:  0.0, Workers: 6
[42.993s][debug  ][gc,phases      ] GC(157)     Dead                           Min: 0, Avg:  0.0, Max: 0, Diff: 0, Sum: 0, Workers: 6
[42.993s][debug  ][gc,phases      ] GC(157)     Total                          Min: 831, Avg: 892.8, Max: 1024, Diff: 193, Sum: 5357, Workers: 6
[42.993s][debug  ][gc,phases      ] GC(157)   ResolvedMethodTable Weak       Min:  0.0, Avg:  0.0, Max:  0.0, Diff:  0.0, Sum:  0.0, Workers: 6
[42.993s][debug  ][gc,phases      ] GC(157)     Dead                           Min: 0, Avg:  0.0, Max: 0, Diff: 0, Sum: 0, Workers: 6
[42.993s][debug  ][gc,phases      ] GC(157)     Total                          Min: 0, Avg: 21.7, Max: 64, Diff: 64, Sum: 130, Workers: 6
[42.993s][debug  ][gc,phases      ] GC(157)   JNI Weak                       Min:  0.0, Avg:  0.0, Max:  0.0, Diff:  0.0, Sum:  0.0, Workers: 6
[42.993s][debug  ][gc,phases      ] GC(157)     Dead                           Min: 0, Avg:  0.0, Max: 0, Diff: 0, Sum: 0, Workers: 6
[42.993s][debug  ][gc,phases      ] GC(157)     Total                          Min: 0, Avg:  0.0, Max: 0, Diff: 0, Sum: 0, Workers: 6
[42.993s][debug  ][gc,phases      ] GC(157)   StringDedup Table Weak         Min:  0.0, Avg:  0.0, Max:  0.0, Diff:  0.0, Sum:  0.0, Workers: 6
[42.993s][debug  ][gc,phases      ] GC(157)     Dead                           Min: 0, Avg:  0.0, Max: 0, Diff: 0, Sum: 0, Workers: 6
[42.993s][debug  ][gc,phases      ] GC(157)     Total                          Min: 0, Avg:  0.0, Max: 0, Diff: 0, Sum: 0, Workers: 6
[42.993s][debug  ][gc,phases      ] GC(157)   StringDedup Requests0 Weak     Min:  0.0, Avg:  0.0, Max:  0.0, Diff:  0.0, Sum:  0.0, Workers: 6
[42.993s][debug  ][gc,phases      ] GC(157)     Dead                           Min: 0, Avg:  0.0, Max: 0, Diff: 0, Sum: 0, Workers: 6
[42.993s][debug  ][gc,phases      ] GC(157)     Total                          Min: 0, Avg:  0.0, Max: 0, Diff: 0, Sum: 0, Workers: 6
[42.993s][debug  ][gc,phases      ] GC(157)   StringDedup Requests1 Weak     Min:  0.0, Avg:  0.0, Max:  0.0, Diff:  0.0, Sum:  0.0, Workers: 6
[42.993s][debug  ][gc,phases      ] GC(157)     Dead                           Min: 0, Avg:  0.0, Max: 0, Diff: 0, Sum: 0, Workers: 6
[42.993s][debug  ][gc,phases      ] GC(157)     Total                          Min: 0, Avg:  0.0, Max: 0, Diff: 0, Sum: 0, Workers: 6
[42.993s][debug  ][gc,phases      ] GC(157)   Weak JFR Old Object Samples    Min:  0.0, Avg:  0.0, Max:  0.0, Diff:  0.0, Sum:  0.0, Workers: 6
[42.993s][debug  ][gc,phases      ] GC(157)     Dead                           Min: 0, Avg:  0.0, Max: 0, Diff: 0, Sum: 0, Workers: 6
[42.993s][debug  ][gc,phases      ] GC(157)     Total                          Min: 0, Avg:  0.0, Max: 0, Diff: 0, Sum: 0, Workers: 6
[42.993s][debug  ][gc,phases      ] GC(157) Weak Processing 1.012ms
[42.993s][debug  ][gc,ergo        ] GC(157) AdaptiveSizeStart:  collection: 158 
[42.993s][debug  ][gc,ergo        ] GC(157) avg_survived_padded_avg: 31620562.000000
[42.993s][debug  ][gc,ergo        ] GC(157) avg_promoted_padded_avg: 272678272.000000  avg_pretenured_padded_avg: 0.000000  tenuring_thresh: 15  target_size: 31981568
[42.993s][debug  ][gc,age         ] GC(157) Desired survivor size 31981568 bytes, new threshold 15 (max threshold 15)
[42.993s][debug  ][gc,ergo        ] GC(157) PSAdaptiveSizePolicy::compute_eden_space_size limits: desired_eden_size: 223793052 old_eden_size: 204472320 eden_limit: 204472320 cur_eden: 204472320 max_eden_size: 204472320 avg_young_live: 26744450
[42.993s][debug  ][gc,ergo        ] GC(157) PSAdaptiveSizePolicy::compute_eden_space_size: costs minor_time: 0.047500 major_cost: 0.053039 mutator_cost: 0.899461 throughput_goal: 0.990000
[42.993s][debug  ][gc,ergo        ] GC(157) Live_space: 1078259200 free_space: 1431306240
[42.993s][debug  ][gc,ergo        ] GC(157) Old eden_size: 204472320 desired_eden_size: 204472320
[42.993s][debug  ][gc,ergo        ] GC(157) AdaptiveSizeStop: collection: 158 
[42.994s][info   ][gc,heap        ] GC(157) PSYoungGen: 229170K(230912K)->30720K(230912K) Eden: 198450K(199680K)->0K(199680K) From: 30720K(31232K)->30720K(31232K)
[42.994s][info   ][gc,heap        ] GC(157) ParOldGen: 1138276K(1835008K)->1332837K(1835008K)
[42.994s][info   ][gc,metaspace   ] GC(157) Metaspace: 1022K(1216K)->1022K(1216K) NonClass: 938K(1024K)->938K(1024K) Class: 83K(192K)->83K(192K)
[42.994s][info   ][gc             ] GC(157) Pause Young (Allocation Failure) 1335M->1331M(2017M) 17.295ms
[42.994s][info   ][gc,cpu         ] GC(157) User=0.16s Sys=0.00s Real=0.02s
[42.994s][debug  ][gc,heap        ] GC(157) Heap after GC invocations=158 (full 25):
[42.994s][debug  ][gc,heap        ] GC(157)  PSYoungGen      total 230912K, used 30720K [0x00000000f0000000, 0x0000000100000000, 0x0000000100000000)
[42.994s][debug  ][gc,heap        ] GC(157)   eden space 199680K, 0% used [0x00000000f0000000,0x00000000f0000000,0x00000000fc300000)
[42.994s][debug  ][gc,heap        ] GC(157)   from space 31232K, 98% used [0x00000000fe180000,0x00000000fff80030,0x0000000100000000)
[42.994s][debug  ][gc,heap        ] GC(157)   to   space 31232K, 0% used [0x00000000fc300000,0x00000000fc300000,0x00000000fe180000)
[42.994s][debug  ][gc,heap        ] GC(157)  ParOldGen       total 1835008K, used 1332837K [0x0000000080000000, 0x00000000f0000000, 0x00000000f0000000)
[42.994s][debug  ][gc,heap        ] GC(157)   object space 1835008K, 72% used [0x0000000080000000,0x00000000d15994a8,0x00000000f0000000)
[42.994s][debug  ][gc,heap        ] GC(157)  Metaspace       used 1022K, committed 1216K, reserved 1056768K
[42.994s][debug  ][gc,heap        ] GC(157)   class space    used 83K, committed 192K, reserved 1048576K
[42.994s][debug  ][gc,task,time   ] GC(157) VM-Thread 429759254 429915128 429939329
[43.293s][debug  ][gc,heap        ] GC(158) Heap before GC invocations=159 (full 25):
[43.293s][debug  ][gc,heap        ] GC(158)  PSYoungGen      total 230912K, used 229107K [0x00000000f0000000, 0x0000000100000000, 0x0000000100000000)
[43.293s][debug  ][gc,heap        ] GC(158)   eden space 199680K, 99% used [0x00000000f0000000,0x00000000fc1bcc08,0x00000000fc300000)
[43.293s][debug  ][gc,heap        ] GC(158)   from space 31232K, 98% used [0x00000000fe180000,0x00000000fff80030,0x0000000100000000)
[43.293s][debug  ][gc,heap        ] GC(158)   to   space 31232K, 0% used [0x00000000fc300000,0x00000000fc300000,0x00000000fe180000)
[43.293s][debug  ][gc,heap        ] GC(158)  ParOldGen       total 1835008K, used 1332837K [0x0000000080000000, 0x00000000f0000000, 0x00000000f0000000)
[43.293s][debug  ][gc,heap        ] GC(158)   object space 1835008K, 72% used [0x0000000080000000,0x00000000d15994a8,0x00000000f0000000)
[43.293s][debug  ][gc,heap        ] GC(158)  Metaspace       used 1022K, committed 1216K, reserved 1056768K
[43.293s][debug  ][gc,heap        ] GC(158)   class space    used 83K, committed 192K, reserved 1048576K
[43.293s][debug  ][gc,tlab        ] GC(158) TLAB totals: thrds: 1  refills: 1 max: 1 slow allocs: 18 max 18 waste: 27.2% gc: 3918552B max: 3918552B slow: 0B max: 0B
[43.293s][info   ][gc,start       ] GC(158) Pause Young (Allocation Failure)
[43.294s][debug  ][gc,phases,start] GC(158) Scavenge
[43.309s][debug  ][gc,phases      ] GC(158) Scavenge 15.665ms
[43.309s][debug  ][gc,phases,start] GC(158) Reference Processing
[43.309s][debug  ][gc,ref         ] GC(158) Skipped phase 1 of Reference Processing: no references
[43.309s][debug  ][gc,ref         ] GC(158) Skipped phase 2 of Reference Processing: no references
[43.309s][debug  ][gc,ref         ] GC(158) Skipped phase 3 of Reference Processing: no references
[43.309s][debug  ][gc,ref         ] GC(158) Skipped phase 4 of Reference Processing: no references
[43.309s][debug  ][gc,phases,ref  ] GC(158) Reference Processing: 0.1ms
[43.309s][debug  ][gc,phases,ref  ] GC(158)   Reconsider SoftReferences: 0.0ms
[43.309s][debug  ][gc,phases,ref  ] GC(158)     SoftRef (ms):                  skipped
[43.309s][debug  ][gc,phases,ref  ] GC(158)   Notify Soft/WeakReferences: 0.0ms
[43.309s][debug  ][gc,phases,ref  ] GC(158)     SoftRef (ms):                  skipped
[43.310s][debug  ][gc,phases,ref  ] GC(158)     WeakRef (ms):                  skipped
[43.310s][debug  ][gc,phases,ref  ] GC(158)     FinalRef (ms):                 skipped
[43.310s][debug  ][gc,phases,ref  ] GC(158)     Total (ms):                    skipped
[43.310s][debug  ][gc,phases,ref  ] GC(158)   Notify and keep alive finalizable: 0.0ms
[43.310s][debug  ][gc,phases,ref  ] GC(158)     FinalRef (ms):                 skipped
[43.310s][debug  ][gc,phases,ref  ] GC(158)   Notify PhantomReferences: 0.0ms
[43.310s][debug  ][gc,phases,ref  ] GC(158)     PhantomRef (ms):               skipped
[43.310s][debug  ][gc,phases,ref  ] GC(158)   SoftReference:
[43.310s][debug  ][gc,phases,ref  ] GC(158)     Discovered: 0
[43.310s][debug  ][gc,phases,ref  ] GC(158)     Cleared: 0
[43.310s][debug  ][gc,phases,ref  ] GC(158)   WeakReference:
[43.310s][debug  ][gc,phases,ref  ] GC(158)     Discovered: 0
[43.310s][debug  ][gc,phases,ref  ] GC(158)     Cleared: 0
[43.310s][debug  ][gc,phases,ref  ] GC(158)   FinalReference:
[43.310s][debug  ][gc,phases,ref  ] GC(158)     Discovered: 0
[43.310s][debug  ][gc,phases,ref  ] GC(158)     Cleared: 0
[43.310s][debug  ][gc,phases,ref  ] GC(158)   PhantomReference:
[43.310s][debug  ][gc,phases,ref  ] GC(158)     Discovered: 0
[43.310s][debug  ][gc,phases,ref  ] GC(158)     Cleared: 0
[43.310s][debug  ][gc,phases      ] GC(158) Reference Processing 0.670ms
[43.310s][debug  ][gc,phases,start] GC(158) Weak Processing
[43.310s][debug  ][gc,phases      ] GC(158)   VM Weak                        Min:  0.0, Avg:  0.0, Max:  0.0, Diff:  0.0, Sum:  0.0, Workers: 6
[43.310s][debug  ][gc,phases      ] GC(158)     Dead                           Min: 0, Avg:  0.0, Max: 0, Diff: 0, Sum: 0, Workers: 6
[43.310s][debug  ][gc,phases      ] GC(158)     Total                          Min: 0, Avg:  1.3, Max: 8, Diff: 8, Sum: 8, Workers: 6
[43.310s][debug  ][gc,phases      ] GC(158)   ObjectSynchronizer Weak        Min:  0.0, Avg:  0.0, Max:  0.0, Diff:  0.0, Sum:  0.0, Workers: 6
[43.310s][debug  ][gc,phases      ] GC(158)     Dead                           Min: 0, Avg:  0.0, Max: 0, Diff: 0, Sum: 0, Workers: 6
[43.310s][debug  ][gc,phases      ] GC(158)     Total                          Min: 0, Avg:  0.5, Max: 3, Diff: 3, Sum: 3, Workers: 6
[43.310s][debug  ][gc,phases      ] GC(158)   JVMTI Tag Weak OopStorage      Min:  0.0, Avg:  0.0, Max:  0.0, Diff:  0.0, Sum:  0.0, Workers: 6
[43.310s][debug  ][gc,phases      ] GC(158)     Dead                           Min: 0, Avg:  0.0, Max: 0, Diff: 0, Sum: 0, Workers: 6
[43.310s][debug  ][gc,phases      ] GC(158)     Total                          Min: 0, Avg:  0.0, Max: 0, Diff: 0, Sum: 0, Workers: 6
[43.310s][debug  ][gc,phases      ] GC(158)   StringTable Weak               Min:  0.0, Avg:  0.0, Max:  0.0, Diff:  0.0, Sum:  0.0, Workers: 6
[43.310s][debug  ][gc,phases      ] GC(158)     Dead                           Min: 0, Avg:  0.0, Max: 0, Diff: 0, Sum: 0, Workers: 6
[43.310s][debug  ][gc,phases      ] GC(158)     Total                          Min: 832, Avg: 892.8, Max: 942, Diff: 110, Sum: 5357, Workers: 6
[43.310s][debug  ][gc,phases      ] GC(158)   ResolvedMethodTable Weak       Min:  0.0, Avg:  0.0, Max:  0.0, Diff:  0.0, Sum:  0.0, Workers: 6
[43.310s][debug  ][gc,phases      ] GC(158)     Dead                           Min: 0, Avg:  0.0, Max: 0, Diff: 0, Sum: 0, Workers: 6
[43.310s][debug  ][gc,phases      ] GC(158)     Total                          Min: 0, Avg: 21.7, Max: 64, Diff: 64, Sum: 130, Workers: 6
[43.310s][debug  ][gc,phases      ] GC(158)   JNI Weak                       Min:  0.0, Avg:  0.0, Max:  0.0, Diff:  0.0, Sum:  0.0, Workers: 6
[43.310s][debug  ][gc,phases      ] GC(158)     Dead                           Min: 0, Avg:  0.0, Max: 0, Diff: 0, Sum: 0, Workers: 6
[43.310s][debug  ][gc,phases      ] GC(158)     Total                          Min: 0, Avg:  0.0, Max: 0, Diff: 0, Sum: 0, Workers: 6
[43.310s][debug  ][gc,phases      ] GC(158)   StringDedup Table Weak         Min:  0.0, Avg:  0.0, Max:  0.0, Diff:  0.0, Sum:  0.0, Workers: 6
[43.310s][debug  ][gc,phases      ] GC(158)     Dead                           Min: 0, Avg:  0.0, Max: 0, Diff: 0, Sum: 0, Workers: 6
[43.310s][debug  ][gc,phases      ] GC(158)     Total                          Min: 0, Avg:  0.0, Max: 0, Diff: 0, Sum: 0, Workers: 6
[43.311s][debug  ][gc,phases      ] GC(158)   StringDedup Requests0 Weak     Min:  0.0, Avg:  0.0, Max:  0.0, Diff:  0.0, Sum:  0.0, Workers: 6
[43.311s][debug  ][gc,phases      ] GC(158)     Dead                           Min: 0, Avg:  0.0, Max: 0, Diff: 0, Sum: 0, Workers: 6
[43.311s][debug  ][gc,phases      ] GC(158)     Total                          Min: 0, Avg:  0.0, Max: 0, Diff: 0, Sum: 0, Workers: 6
[43.311s][debug  ][gc,phases      ] GC(158)   StringDedup Requests1 Weak     Min:  0.0, Avg:  0.0, Max:  0.0, Diff:  0.0, Sum:  0.0, Workers: 6
[43.311s][debug  ][gc,phases      ] GC(158)     Dead                           Min: 0, Avg:  0.0, Max: 0, Diff: 0, Sum: 0, Workers: 6
[43.311s][debug  ][gc,phases      ] GC(158)     Total                          Min: 0, Avg:  0.0, Max: 0, Diff: 0, Sum: 0, Workers: 6
[43.311s][debug  ][gc,phases      ] GC(158)   Weak JFR Old Object Samples    Min:  0.0, Avg:  0.0, Max:  0.0, Diff:  0.0, Sum:  0.0, Workers: 6
[43.311s][debug  ][gc,phases      ] GC(158)     Dead                           Min: 0, Avg:  0.0, Max: 0, Diff: 0, Sum: 0, Workers: 6
[43.311s][debug  ][gc,phases      ] GC(158)     Total                          Min: 0, Avg:  0.0, Max: 0, Diff: 0, Sum: 0, Workers: 6
[43.311s][debug  ][gc,phases      ] GC(158) Weak Processing 0.742ms
[43.311s][debug  ][gc,ergo        ] GC(158) AdaptiveSizeStart:  collection: 159 
[43.311s][debug  ][gc,ergo        ] GC(158) avg_survived_padded_avg: 31606552.000000
[43.311s][debug  ][gc,ergo        ] GC(158) avg_promoted_padded_avg: 272543936.000000  avg_pretenured_padded_avg: 0.000000  tenuring_thresh: 15  target_size: 31981568
[43.311s][debug  ][gc,age         ] GC(158) Desired survivor size 31981568 bytes, new threshold 15 (max threshold 15)
[43.311s][debug  ][gc,ergo        ] GC(158) PSAdaptiveSizePolicy::compute_eden_space_size limits: desired_eden_size: 224147740 old_eden_size: 204472320 eden_limit: 204472320 cur_eden: 204472320 max_eden_size: 204472320 avg_young_live: 27215738
[43.311s][debug  ][gc,ergo        ] GC(158) PSAdaptiveSizePolicy::compute_eden_space_size: costs minor_time: 0.049181 major_cost: 0.053039 mutator_cost: 0.897781 throughput_goal: 0.990000
[43.311s][debug  ][gc,ergo        ] GC(158) Live_space: 1078730496 free_space: 1431306240
[43.311s][debug  ][gc,ergo        ] GC(158) Old eden_size: 204472320 desired_eden_size: 204472320
[43.311s][debug  ][gc,ergo        ] GC(158) AdaptiveSizeStop: collection: 159 
[43.311s][info   ][gc,heap        ] GC(158) PSYoungGen: 229107K(230912K)->30720K(230912K) Eden: 198387K(199680K)->0K(199680K) From: 30720K(31232K)->30720K(31232K)
[43.311s][info   ][gc,heap        ] GC(158) ParOldGen: 1332837K(1835008K)->1527397K(1835008K)
[43.311s][info   ][gc,metaspace   ] GC(158) Metaspace: 1022K(1216K)->1022K(1216K) NonClass: 938K(1024K)->938K(1024K) Class: 83K(192K)->83K(192K)
[43.311s][info   ][gc             ] GC(158) Pause Young (Allocation Failure) 1525M->1521M(2017M) 17.541ms
[43.311s][info   ][gc,cpu         ] GC(158) User=0.12s Sys=0.00s Real=0.02s
[43.311s][debug  ][gc,heap        ] GC(158) Heap after GC invocations=159 (full 25):
[43.311s][debug  ][gc,heap        ] GC(158)  PSYoungGen      total 230912K, used 30720K [0x00000000f0000000, 0x0000000100000000, 0x0000000100000000)
[43.311s][debug  ][gc,heap        ] GC(158)   eden space 199680K, 0% used [0x00000000f0000000,0x00000000f0000000,0x00000000fc300000)
[43.311s][debug  ][gc,heap        ] GC(158)   from space 31232K, 98% used [0x00000000fc300000,0x00000000fe100030,0x00000000fe180000)
[43.311s][debug  ][gc,heap        ] GC(158)   to   space 31232K, 0% used [0x00000000fe180000,0x00000000fe180000,0x0000000100000000)
[43.311s][debug  ][gc,heap        ] GC(158)  ParOldGen       total 1835008K, used 1527397K [0x0000000080000000, 0x00000000f0000000, 0x00000000f0000000)
[43.311s][debug  ][gc,heap        ] GC(158)   object space 1835008K, 83% used [0x0000000080000000,0x00000000dd3995d8,0x00000000f0000000)
[43.311s][debug  ][gc,heap        ] GC(158)  Metaspace       used 1022K, committed 1216K, reserved 1056768K
[43.311s][debug  ][gc,heap        ] GC(158)   class space    used 83K, committed 192K, reserved 1048576K
[43.311s][debug  ][gc,task,time   ] GC(158) VM-Thread 432930352 433092657 433112272
[43.609s][debug  ][gc,heap        ] GC(159) Heap before GC invocations=160 (full 25):
[43.609s][debug  ][gc,heap        ] GC(159)  PSYoungGen      total 230912K, used 229138K [0x00000000f0000000, 0x0000000100000000, 0x0000000100000000)
[43.609s][debug  ][gc,heap        ] GC(159)   eden space 199680K, 99% used [0x00000000f0000000,0x00000000fc1c49d8,0x00000000fc300000)
[43.609s][debug  ][gc,heap        ] GC(159)   from space 31232K, 98% used [0x00000000fc300000,0x00000000fe100030,0x00000000fe180000)
[43.609s][debug  ][gc,heap        ] GC(159)   to   space 31232K, 0% used [0x00000000fe180000,0x00000000fe180000,0x0000000100000000)
[43.609s][debug  ][gc,heap        ] GC(159)  ParOldGen       total 1835008K, used 1527397K [0x0000000080000000, 0x00000000f0000000, 0x00000000f0000000)
[43.609s][debug  ][gc,heap        ] GC(159)   object space 1835008K, 83% used [0x0000000080000000,0x00000000dd3995d8,0x00000000f0000000)
[43.609s][debug  ][gc,heap        ] GC(159)  Metaspace       used 1022K, committed 1216K, reserved 1056768K
[43.609s][debug  ][gc,heap        ] GC(159)   class space    used 83K, committed 192K, reserved 1048576K
[43.609s][debug  ][gc,tlab        ] GC(159) TLAB totals: thrds: 1  refills: 1 max: 1 slow allocs: 18 max 18 waste: 27.4% gc: 3950760B max: 3950760B slow: 0B max: 0B
[43.609s][info   ][gc,start       ] GC(159) Pause Young (Allocation Failure)
[43.609s][debug  ][gc,phases,start] GC(159) Scavenge
[43.625s][debug  ][gc,phases      ] GC(159) Scavenge 15.595ms
[43.625s][debug  ][gc,phases,start] GC(159) Reference Processing
[43.625s][debug  ][gc,ref         ] GC(159) Skipped phase 1 of Reference Processing: no references
[43.625s][debug  ][gc,ref         ] GC(159) Skipped phase 2 of Reference Processing: no references
[43.625s][debug  ][gc,ref         ] GC(159) Skipped phase 3 of Reference Processing: no references
[43.625s][debug  ][gc,ref         ] GC(159) Skipped phase 4 of Reference Processing: no references
[43.625s][debug  ][gc,phases,ref  ] GC(159) Reference Processing: 0.1ms
[43.625s][debug  ][gc,phases,ref  ] GC(159)   Reconsider SoftReferences: 0.0ms
[43.625s][debug  ][gc,phases,ref  ] GC(159)     SoftRef (ms):                  skipped
[43.625s][debug  ][gc,phases,ref  ] GC(159)   Notify Soft/WeakReferences: 0.0ms
[43.625s][debug  ][gc,phases,ref  ] GC(159)     SoftRef (ms):                  skipped
[43.625s][debug  ][gc,phases,ref  ] GC(159)     WeakRef (ms):                  skipped
[43.625s][debug  ][gc,phases,ref  ] GC(159)     FinalRef (ms):                 skipped
[43.625s][debug  ][gc,phases,ref  ] GC(159)     Total (ms):                    skipped
[43.625s][debug  ][gc,phases,ref  ] GC(159)   Notify and keep alive finalizable: 0.0ms
[43.625s][debug  ][gc,phases,ref  ] GC(159)     FinalRef (ms):                 skipped
[43.625s][debug  ][gc,phases,ref  ] GC(159)   Notify PhantomReferences: 0.0ms
[43.625s][debug  ][gc,phases,ref  ] GC(159)     PhantomRef (ms):               skipped
[43.625s][debug  ][gc,phases,ref  ] GC(159)   SoftReference:
[43.625s][debug  ][gc,phases,ref  ] GC(159)     Discovered: 0
[43.625s][debug  ][gc,phases,ref  ] GC(159)     Cleared: 0
[43.625s][debug  ][gc,phases,ref  ] GC(159)   WeakReference:
[43.625s][debug  ][gc,phases,ref  ] GC(159)     Discovered: 0
[43.625s][debug  ][gc,phases,ref  ] GC(159)     Cleared: 0
[43.625s][debug  ][gc,phases,ref  ] GC(159)   FinalReference:
[43.625s][debug  ][gc,phases,ref  ] GC(159)     Discovered: 0
[43.625s][debug  ][gc,phases,ref  ] GC(159)     Cleared: 0
[43.625s][debug  ][gc,phases,ref  ] GC(159)   PhantomReference:
[43.625s][debug  ][gc,phases,ref  ] GC(159)     Discovered: 0
[43.625s][debug  ][gc,phases,ref  ] GC(159)     Cleared: 0
[43.626s][debug  ][gc,phases      ] GC(159) Reference Processing 0.699ms
[43.626s][debug  ][gc,phases,start] GC(159) Weak Processing
[43.626s][debug  ][gc,phases      ] GC(159)   VM Weak                        Min:  0.0, Avg:  0.0, Max:  0.0, Diff:  0.0, Sum:  0.0, Workers: 6
[43.626s][debug  ][gc,phases      ] GC(159)     Dead                           Min: 0, Avg:  0.0, Max: 0, Diff: 0, Sum: 0, Workers: 6
[43.626s][debug  ][gc,phases      ] GC(159)     Total                          Min: 0, Avg:  1.3, Max: 8, Diff: 8, Sum: 8, Workers: 6
[43.626s][debug  ][gc,phases      ] GC(159)   ObjectSynchronizer Weak        Min:  0.0, Avg:  0.0, Max:  0.0, Diff:  0.0, Sum:  0.0, Workers: 6
[43.626s][debug  ][gc,phases      ] GC(159)     Dead                           Min: 0, Avg:  0.0, Max: 0, Diff: 0, Sum: 0, Workers: 6
[43.626s][debug  ][gc,phases      ] GC(159)     Total                          Min: 0, Avg:  0.5, Max: 3, Diff: 3, Sum: 3, Workers: 6
[43.626s][debug  ][gc,phases      ] GC(159)   JVMTI Tag Weak OopStorage      Min:  0.0, Avg:  0.0, Max:  0.0, Diff:  0.0, Sum:  0.0, Workers: 6
[43.626s][debug  ][gc,phases      ] GC(159)     Dead                           Min: 0, Avg:  0.0, Max: 0, Diff: 0, Sum: 0, Workers: 6
[43.626s][debug  ][gc,phases      ] GC(159)     Total                          Min: 0, Avg:  0.0, Max: 0, Diff: 0, Sum: 0, Workers: 6
[43.626s][debug  ][gc,phases      ] GC(159)   StringTable Weak               Min:  0.0, Avg:  0.0, Max:  0.0, Diff:  0.0, Sum:  0.0, Workers: 6
[43.626s][debug  ][gc,phases      ] GC(159)     Dead                           Min: 0, Avg:  0.0, Max: 0, Diff: 0, Sum: 0, Workers: 6
[43.626s][debug  ][gc,phases      ] GC(159)     Total                          Min: 768, Avg: 892.8, Max: 1006, Diff: 238, Sum: 5357, Workers: 6
[43.626s][debug  ][gc,phases      ] GC(159)   ResolvedMethodTable Weak       Min:  0.0, Avg:  0.0, Max:  0.0, Diff:  0.0, Sum:  0.0, Workers: 6
[43.626s][debug  ][gc,phases      ] GC(159)     Dead                           Min: 0, Avg:  0.0, Max: 0, Diff: 0, Sum: 0, Workers: 6
[43.626s][debug  ][gc,phases      ] GC(159)     Total                          Min: 0, Avg: 21.7, Max: 64, Diff: 64, Sum: 130, Workers: 6
[43.626s][debug  ][gc,phases      ] GC(159)   JNI Weak                       Min:  0.0, Avg:  0.0, Max:  0.0, Diff:  0.0, Sum:  0.0, Workers: 6
[43.626s][debug  ][gc,phases      ] GC(159)     Dead                           Min: 0, Avg:  0.0, Max: 0, Diff: 0, Sum: 0, Workers: 6
[43.626s][debug  ][gc,phases      ] GC(159)     Total                          Min: 0, Avg:  0.0, Max: 0, Diff: 0, Sum: 0, Workers: 6
[43.626s][debug  ][gc,phases      ] GC(159)   StringDedup Table Weak         Min:  0.0, Avg:  0.0, Max:  0.0, Diff:  0.0, Sum:  0.0, Workers: 6
[43.626s][debug  ][gc,phases      ] GC(159)     Dead                           Min: 0, Avg:  0.0, Max: 0, Diff: 0, Sum: 0, Workers: 6
[43.626s][debug  ][gc,phases      ] GC(159)     Total                          Min: 0, Avg:  0.0, Max: 0, Diff: 0, Sum: 0, Workers: 6
[43.626s][debug  ][gc,phases      ] GC(159)   StringDedup Requests0 Weak     Min:  0.0, Avg:  0.0, Max:  0.0, Diff:  0.0, Sum:  0.0, Workers: 6
[43.626s][debug  ][gc,phases      ] GC(159)     Dead                           Min: 0, Avg:  0.0, Max: 0, Diff: 0, Sum: 0, Workers: 6
[43.626s][debug  ][gc,phases      ] GC(159)     Total                          Min: 0, Avg:  0.0, Max: 0, Diff: 0, Sum: 0, Workers: 6
[43.626s][debug  ][gc,phases      ] GC(159)   StringDedup Requests1 Weak     Min:  0.0, Avg:  0.0, Max:  0.0, Diff:  0.0, Sum:  0.0, Workers: 6
[43.626s][debug  ][gc,phases      ] GC(159)     Dead                           Min: 0, Avg:  0.0, Max: 0, Diff: 0, Sum: 0, Workers: 6
[43.626s][debug  ][gc,phases      ] GC(159)     Total                          Min: 0, Avg:  0.0, Max: 0, Diff: 0, Sum: 0, Workers: 6
[43.626s][debug  ][gc,phases      ] GC(159)   Weak JFR Old Object Samples    Min:  0.0, Avg:  0.0, Max:  0.0, Diff:  0.0, Sum:  0.0, Workers: 6
[43.626s][debug  ][gc,phases      ] GC(159)     Dead                           Min: 0, Avg:  0.0, Max: 0, Diff: 0, Sum: 0, Workers: 6
[43.626s][debug  ][gc,phases      ] GC(159)     Total                          Min: 0, Avg:  0.0, Max: 0, Diff: 0, Sum: 0, Workers: 6
[43.626s][debug  ][gc,phases      ] GC(159) Weak Processing 0.802ms
[43.626s][debug  ][gc,ergo        ] GC(159) AdaptiveSizeStart:  collection: 160 
[43.626s][debug  ][gc,ergo        ] GC(159) avg_survived_padded_avg: 31593712.000000
[43.626s][debug  ][gc,ergo        ] GC(159) avg_promoted_padded_avg: 271701952.000000  avg_pretenured_padded_avg: 0.000000  tenuring_thresh: 15  target_size: 31981568
[43.626s][debug  ][gc,age         ] GC(159) Desired survivor size 31981568 bytes, new threshold 15 (max threshold 15)
[43.626s][debug  ][gc,ergo        ] GC(159) PSAdaptiveSizePolicy::compute_eden_space_size limits: desired_eden_size: 224425380 old_eden_size: 204472320 eden_limit: 204472320 cur_eden: 204472320 max_eden_size: 204472320 avg_young_live: 27639896
[43.626s][debug  ][gc,ergo        ] GC(159) PSAdaptiveSizePolicy::compute_eden_space_size: costs minor_time: 0.050536 major_cost: 0.053039 mutator_cost: 0.896425 throughput_goal: 0.990000
[43.626s][debug  ][gc,ergo        ] GC(159) Live_space: 1079154560 free_space: 1431306240
[43.626s][debug  ][gc,ergo        ] GC(159) Old eden_size: 204472320 desired_eden_size: 204472320
[43.627s][debug  ][gc,ergo        ] GC(159) AdaptiveSizeStop: collection: 160 
[43.627s][info   ][gc,heap        ] GC(159) PSYoungGen: 229138K(230912K)->30720K(230912K) Eden: 198418K(199680K)->0K(199680K) From: 30720K(31232K)->30720K(31232K)
[43.627s][info   ][gc,heap        ] GC(159) ParOldGen: 1527397K(1835008K)->1721957K(1835008K)
[43.627s][info   ][gc,metaspace   ] GC(159) Metaspace: 1022K(1216K)->1022K(1216K) NonClass: 938K(1024K)->938K(1024K) Class: 83K(192K)->83K(192K)
[43.627s][info   ][gc             ] GC(159) Pause Young (Allocation Failure) 1715M->1711M(2017M) 17.575ms
[43.627s][info   ][gc,cpu         ] GC(159) User=0.16s Sys=0.00s Real=0.02s
[43.627s][debug  ][gc,heap        ] GC(159) Heap after GC invocations=160 (full 25):
[43.627s][debug  ][gc,heap        ] GC(159)  PSYoungGen      total 230912K, used 30720K [0x00000000f0000000, 0x0000000100000000, 0x0000000100000000)
[43.627s][debug  ][gc,heap        ] GC(159)   eden space 199680K, 0% used [0x00000000f0000000,0x00000000f0000000,0x00000000fc300000)
[43.627s][debug  ][gc,heap        ] GC(159)   from space 31232K, 98% used [0x00000000fe180000,0x00000000fff80030,0x0000000100000000)
[43.627s][debug  ][gc,heap        ] GC(159)   to   space 31232K, 0% used [0x00000000fc300000,0x00000000fc300000,0x00000000fe180000)
[43.627s][debug  ][gc,heap        ] GC(159)  ParOldGen       total 1835008K, used 1721957K [0x0000000080000000, 0x00000000f0000000, 0x00000000f0000000)
[43.627s][debug  ][gc,heap        ] GC(159)   object space 1835008K, 93% used [0x0000000080000000,0x00000000e9199708,0x00000000f0000000)
[43.627s][debug  ][gc,heap        ] GC(159)  Metaspace       used 1022K, committed 1216K, reserved 1056768K
[43.627s][debug  ][gc,heap        ] GC(159)   class space    used 83K, committed 192K, reserved 1048576K
[43.627s][debug  ][gc,task,time   ] GC(159) VM-Thread 436086145 436248071 436269004
[43.627s][debug  ][gc,phases,start] GC(160) Pre Compact
[43.627s][debug  ][gc,heap        ] GC(160) Heap before GC invocations=161 (full 26):
[43.627s][debug  ][gc,heap        ] GC(160)  PSYoungGen      total 230912K, used 30720K [0x00000000f0000000, 0x0000000100000000, 0x0000000100000000)
[43.627s][debug  ][gc,heap        ] GC(160)   eden space 199680K, 0% used [0x00000000f0000000,0x00000000f0000000,0x00000000fc300000)
[43.627s][debug  ][gc,heap        ] GC(160)   from space 31232K, 98% used [0x00000000fe180000,0x00000000fff80030,0x0000000100000000)
[43.627s][debug  ][gc,heap        ] GC(160)   to   space 31232K, 0% used [0x00000000fc300000,0x00000000fc300000,0x00000000fe180000)
[43.627s][debug  ][gc,heap        ] GC(160)  ParOldGen       total 1835008K, used 1721957K [0x0000000080000000, 0x00000000f0000000, 0x00000000f0000000)
[43.627s][debug  ][gc,heap        ] GC(160)   object space 1835008K, 93% used [0x0000000080000000,0x00000000e9199708,0x00000000f0000000)
[43.627s][debug  ][gc,heap        ] GC(160)  Metaspace       used 1022K, committed 1216K, reserved 1056768K
[43.627s][debug  ][gc,heap        ] GC(160)   class space    used 83K, committed 192K, reserved 1048576K
[43.627s][debug  ][gc,phases      ] GC(160) Pre Compact 0.201ms
[43.627s][info   ][gc,start       ] GC(160) Pause Full (Ergonomics)
[43.627s][info   ][gc,phases,start] GC(160) Marking Phase
[43.627s][debug  ][gc,phases,start] GC(160) Par Mark
[43.628s][debug  ][gc,phases      ] GC(160) Par Mark 0.505ms
[43.628s][debug  ][gc,phases,start] GC(160) Reference Processing
[43.628s][debug  ][gc,ref         ] GC(160) Skipped phase 1 of Reference Processing: no references
[43.628s][debug  ][gc,ref         ] GC(160) ReferenceProcessor::execute queues: 1, RefProcThreadModel::Single, marks_oops_alive: false
[43.628s][debug  ][gc,ref         ] GC(160) Skipped phase 3 of Reference Processing: no references
[43.628s][debug  ][gc,ref         ] GC(160) ReferenceProcessor::execute queues: 1, RefProcThreadModel::Single, marks_oops_alive: false
[43.628s][debug  ][gc,phases,ref  ] GC(160) Reference Processing: 0.1ms
[43.628s][debug  ][gc,phases,ref  ] GC(160)   Reconsider SoftReferences: 0.0ms
[43.628s][debug  ][gc,phases,ref  ] GC(160)     SoftRef (ms):                  skipped
[43.628s][debug  ][gc,phases,ref  ] GC(160)   Notify Soft/WeakReferences: 0.0ms
[43.628s][debug  ][gc,phases,ref  ] GC(160)     SoftRef (ms):                  Min:  0.0, Avg:  0.0, Max:  0.0, Diff:  0.0, Sum:  0.0, Workers: 10
[43.628s][debug  ][gc,phases,ref  ] GC(160)     WeakRef (ms):                  Min:  0.0, Avg:  0.0, Max:  0.0, Diff:  0.0, Sum:  0.0, Workers: 10
[43.628s][debug  ][gc,phases,ref  ] GC(160)     FinalRef (ms):                 Min:  0.0, Avg:  0.0, Max:  0.0, Diff:  0.0, Sum:  0.0, Workers: 10
[43.628s][debug  ][gc,phases,ref  ] GC(160)     Total (ms):                    Min:  0.0, Avg:  0.0, Max:  0.0, Diff:  0.0, Sum:  0.0, Workers: 10
[43.628s][debug  ][gc,phases,ref  ] GC(160)   Notify and keep alive finalizable: 0.0ms
[43.628s][debug  ][gc,phases,ref  ] GC(160)     FinalRef (ms):                 skipped
[43.628s][debug  ][gc,phases,ref  ] GC(160)   Notify PhantomReferences: 0.0ms
[43.628s][debug  ][gc,phases,ref  ] GC(160)     PhantomRef (ms):               Min:  0.0, Avg:  0.0, Max:  0.0, Diff:  0.0, Sum:  0.0, Workers: 10
[43.628s][debug  ][gc,phases,ref  ] GC(160)   SoftReference:
[43.628s][debug  ][gc,phases,ref  ] GC(160)     Discovered: 0
[43.628s][debug  ][gc,phases,ref  ] GC(160)     Cleared: 0
[43.628s][debug  ][gc,phases,ref  ] GC(160)   WeakReference:
[43.628s][debug  ][gc,phases,ref  ] GC(160)     Discovered: 68
[43.628s][debug  ][gc,phases,ref  ] GC(160)     Cleared: 68
[43.628s][debug  ][gc,phases,ref  ] GC(160)   FinalReference:
[43.628s][debug  ][gc,phases,ref  ] GC(160)     Discovered: 0
[43.628s][debug  ][gc,phases,ref  ] GC(160)     Cleared: 0
[43.628s][debug  ][gc,phases,ref  ] GC(160)   PhantomReference:
[43.628s][debug  ][gc,phases,ref  ] GC(160)     Discovered: 5
[43.628s][debug  ][gc,phases,ref  ] GC(160)     Cleared: 5
[43.628s][debug  ][gc,phases      ] GC(160) Reference Processing 0.577ms
[43.628s][debug  ][gc,phases,start] GC(160) Weak Processing
[43.628s][debug  ][gc,phases      ] GC(160)   VM Weak                        Min:  0.0, Avg:  0.0, Max:  0.0, Diff:  0.0, Sum:  0.0, Workers: 6
[43.628s][debug  ][gc,phases      ] GC(160)     Dead                           Min: 0, Avg:  0.0, Max: 0, Diff: 0, Sum: 0, Workers: 6
[43.628s][debug  ][gc,phases      ] GC(160)     Total                          Min: 0, Avg:  1.3, Max: 8, Diff: 8, Sum: 8, Workers: 6
[43.628s][debug  ][gc,phases      ] GC(160)   ObjectSynchronizer Weak        Min:  0.0, Avg:  0.0, Max:  0.0, Diff:  0.0, Sum:  0.0, Workers: 6
[43.628s][debug  ][gc,phases      ] GC(160)     Dead                           Min: 0, Avg:  0.0, Max: 0, Diff: 0, Sum: 0, Workers: 6
[43.629s][debug  ][gc,phases      ] GC(160)     Total                          Min: 0, Avg:  0.5, Max: 3, Diff: 3, Sum: 3, Workers: 6
[43.629s][debug  ][gc,phases      ] GC(160)   JVMTI Tag Weak OopStorage      Min:  0.0, Avg:  0.0, Max:  0.0, Diff:  0.0, Sum:  0.0, Workers: 6
[43.629s][debug  ][gc,phases      ] GC(160)     Dead                           Min: 0, Avg:  0.0, Max: 0, Diff: 0, Sum: 0, Workers: 6
[43.629s][debug  ][gc,phases      ] GC(160)     Total                          Min: 0, Avg:  0.0, Max: 0, Diff: 0, Sum: 0, Workers: 6
[43.629s][debug  ][gc,phases      ] GC(160)   StringTable Weak               Min:  0.0, Avg:  0.0, Max:  0.0, Diff:  0.0, Sum:  0.0, Workers: 6
[43.629s][debug  ][gc,phases      ] GC(160)     Dead                           Min: 0, Avg:  0.0, Max: 0, Diff: 0, Sum: 0, Workers: 6
[43.629s][debug  ][gc,phases      ] GC(160)     Total                          Min: 768, Avg: 892.8, Max: 1261, Diff: 493, Sum: 5357, Workers: 6
[43.629s][debug  ][gc,phases      ] GC(160)   ResolvedMethodTable Weak       Min:  0.0, Avg:  0.0, Max:  0.0, Diff:  0.0, Sum:  0.0, Workers: 6
[43.629s][debug  ][gc,phases      ] GC(160)     Dead                           Min: 0, Avg:  0.0, Max: 0, Diff: 0, Sum: 0, Workers: 6
[43.629s][debug  ][gc,phases      ] GC(160)     Total                          Min: 0, Avg: 21.7, Max: 64, Diff: 64, Sum: 130, Workers: 6
[43.629s][debug  ][gc,phases      ] GC(160)   JNI Weak                       Min:  0.0, Avg:  0.0, Max:  0.0, Diff:  0.0, Sum:  0.0, Workers: 6
[43.629s][debug  ][gc,phases      ] GC(160)     Dead                           Min: 0, Avg:  0.0, Max: 0, Diff: 0, Sum: 0, Workers: 6
[43.629s][debug  ][gc,phases      ] GC(160)     Total                          Min: 0, Avg:  0.0, Max: 0, Diff: 0, Sum: 0, Workers: 6
[43.629s][debug  ][gc,phases      ] GC(160)   StringDedup Table Weak         Min:  0.0, Avg:  0.0, Max:  0.0, Diff:  0.0, Sum:  0.0, Workers: 6
[43.629s][debug  ][gc,phases      ] GC(160)     Dead                           Min: 0, Avg:  0.0, Max: 0, Diff: 0, Sum: 0, Workers: 6
[43.629s][debug  ][gc,phases      ] GC(160)     Total                          Min: 0, Avg:  0.0, Max: 0, Diff: 0, Sum: 0, Workers: 6
[43.629s][debug  ][gc,phases      ] GC(160)   StringDedup Requests0 Weak     Min:  0.0, Avg:  0.0, Max:  0.0, Diff:  0.0, Sum:  0.0, Workers: 6
[43.629s][debug  ][gc,phases      ] GC(160)     Dead                           Min: 0, Avg:  0.0, Max: 0, Diff: 0, Sum: 0, Workers: 6
[43.629s][debug  ][gc,phases      ] GC(160)     Total                          Min: 0, Avg:  0.0, Max: 0, Diff: 0, Sum: 0, Workers: 6
[43.629s][debug  ][gc,phases      ] GC(160)   StringDedup Requests1 Weak     Min:  0.0, Avg:  0.0, Max:  0.0, Diff:  0.0, Sum:  0.0, Workers: 6
[43.629s][debug  ][gc,phases      ] GC(160)     Dead                           Min: 0, Avg:  0.0, Max: 0, Diff: 0, Sum: 0, Workers: 6
[43.629s][debug  ][gc,phases      ] GC(160)     Total                          Min: 0, Avg:  0.0, Max: 0, Diff: 0, Sum: 0, Workers: 6
[43.629s][debug  ][gc,phases      ] GC(160)   Weak JFR Old Object Samples    Min:  0.0, Avg:  0.0, Max:  0.0, Diff:  0.0, Sum:  0.0, Workers: 6
[43.629s][debug  ][gc,phases      ] GC(160)     Dead                           Min: 0, Avg:  0.0, Max: 0, Diff: 0, Sum: 0, Workers: 6
[43.629s][debug  ][gc,phases      ] GC(160)     Total                          Min: 0, Avg:  0.0, Max: 0, Diff: 0, Sum: 0, Workers: 6
[43.629s][debug  ][gc,phases      ] GC(160) Weak Processing 0.676ms
[43.629s][debug  ][gc,phases,start] GC(160) Class Unloading
[43.629s][debug  ][gc,phases,start] GC(160) ClassLoaderData
[43.629s][debug  ][gc,phases      ] GC(160) ClassLoaderData 0.019ms
[43.629s][debug  ][gc,phases,start] GC(160) Trigger cleanups
[43.629s][debug  ][gc,phases      ] GC(160) Trigger cleanups 0.018ms
[43.629s][debug  ][gc,phases      ] GC(160) Class Unloading 0.248ms
[43.629s][info   ][gc,phases      ] GC(160) Marking Phase 2.122ms
[43.629s][info   ][gc,phases,start] GC(160) Summary Phase
[43.629s][info   ][gc,phases      ] GC(160) Summary Phase 0.049ms
[43.629s][info   ][gc,phases,start] GC(160) Adjust Roots
[43.630s][info   ][gc,phases      ] GC(160) Adjust Roots 0.171ms
[43.630s][info   ][gc,phases,start] GC(160) Compaction Phase
[43.713s][info   ][gc,phases      ] GC(160) Compaction Phase 82.967ms
[43.713s][info   ][gc,phases,start] GC(160) Post Compact
[43.718s][info   ][gc,phases      ] GC(160) Post Compact 5.177ms
[43.718s][debug  ][gc,ergo        ] GC(160) AdaptiveSizeStart: collection: 161 
[43.718s][debug  ][gc,ergo        ] GC(160) PSAdaptiveSizePolicy::compute_eden_space_size limits: desired_eden_size: 224393845 old_eden_size: 204472320 eden_limit: 204472320 cur_eden: 204472320 max_eden_size: 204472320 avg_young_live: 24875906
[43.718s][debug  ][gc,ergo        ] GC(160) PSAdaptiveSizePolicy::compute_eden_space_size: costs minor_time: 0.050536 major_cost: 0.053203 mutator_cost: 0.896261 throughput_goal: 0.990000
[43.718s][debug  ][gc,ergo        ] GC(160) Live_space: 1076390656 free_space: 1431306240
[43.718s][debug  ][gc,ergo        ] GC(160) Old eden_size: 204472320 desired_eden_size: 204472320
[43.718s][debug  ][gc,ergo        ] GC(160) PSAdaptiveSizePolicy::compute_old_gen_free_space limits: desired_promo_size: 1352671551 promo_limit: 1226833920 free_in_old_gen: 1095466240 max_old_gen_size: 1879048192 avg_old_live: 783582016
[43.718s][debug  ][gc,ergo        ] GC(160) PSAdaptiveSizePolicy::compute_old_gen_free_space: costs minor_time: 0.050536 major_cost: 0.053203  mutator_cost: 0.896261 throughput_goal: 0.990000
[43.718s][debug  ][gc,ergo        ] GC(160) Live_space: 1076893440 free_space: 1431306240
[43.718s][debug  ][gc,ergo        ] GC(160) Old promo_size: 1226833920 desired_promo_size: 1226833920
[43.718s][debug  ][gc,ergo        ] GC(160) AdaptiveSizeStop: collection: 161 
[43.718s][info   ][gc,heap        ] GC(160) PSYoungGen: 30720K(230912K)->0K(230912K) Eden: 0K(199680K)->0K(199680K) From: 30720K(31232K)->0K(31232K)
[43.718s][info   ][gc,heap        ] GC(160) ParOldGen: 1721957K(1835008K)->769636K(1835008K)
[43.718s][info   ][gc,metaspace   ] GC(160) Metaspace: 1022K(1216K)->1022K(1216K) NonClass: 938K(1024K)->938K(1024K) Class: 83K(192K)->83K(192K)
[43.718s][info   ][gc             ] GC(160) Pause Full (Ergonomics) 1711M->751M(2017M) 91.076ms
[43.718s][info   ][gc,cpu         ] GC(160) User=0.78s Sys=0.00s Real=0.09s
[43.718s][debug  ][gc,heap        ] GC(160) Heap after GC invocations=161 (full 26):
[43.718s][debug  ][gc,heap        ] GC(160)  PSYoungGen      total 230912K, used 0K [0x00000000f0000000, 0x0000000100000000, 0x0000000100000000)
[43.718s][debug  ][gc,heap        ] GC(160)   eden space 199680K, 0% used [0x00000000f0000000,0x00000000f0000000,0x00000000fc300000)
[43.718s][debug  ][gc,heap        ] GC(160)   from space 31232K, 0% used [0x00000000fc300000,0x00000000fc300000,0x00000000fe180000)
[43.718s][debug  ][gc,heap        ] GC(160)   to   space 31232K, 0% used [0x00000000fe180000,0x00000000fe180000,0x0000000100000000)
[43.718s][debug  ][gc,heap        ] GC(160)  ParOldGen       total 1835008K, used 769636K [0x0000000080000000, 0x00000000f0000000, 0x00000000f0000000)
[43.718s][debug  ][gc,heap        ] GC(160)   object space 1835008K, 41% used [0x0000000080000000,0x00000000aef99138,0x00000000f0000000)
[43.718s][debug  ][gc,heap        ] GC(160)  Metaspace       used 1022K, committed 1216K, reserved 1056768K
[43.718s][debug  ][gc,heap        ] GC(160)   class space    used 83K, committed 192K, reserved 1048576K
[43.718s][debug  ][gc,task,time   ] GC(160) VM-Thread 436271772 436296070 437182883
[44.019s][debug  ][gc,heap        ] GC(161) Heap before GC invocations=162 (full 26):
[44.019s][debug  ][gc,heap        ] GC(161)  PSYoungGen      total 230912K, used 198438K [0x00000000f0000000, 0x0000000100000000, 0x0000000100000000)
[44.019s][debug  ][gc,heap        ] GC(161)   eden space 199680K, 99% used [0x00000000f0000000,0x00000000fc1c9ab8,0x00000000fc300000)
[44.019s][debug  ][gc,heap        ] GC(161)   from space 31232K, 0% used [0x00000000fc300000,0x00000000fc300000,0x00000000fe180000)
[44.019s][debug  ][gc,heap        ] GC(161)   to   space 31232K, 0% used [0x00000000fe180000,0x00000000fe180000,0x0000000100000000)
[44.019s][debug  ][gc,heap        ] GC(161)  ParOldGen       total 1835008K, used 769636K [0x0000000080000000, 0x00000000f0000000, 0x00000000f0000000)
[44.019s][debug  ][gc,heap        ] GC(161)   object space 1835008K, 41% used [0x0000000080000000,0x00000000aef99138,0x00000000f0000000)
[44.019s][debug  ][gc,heap        ] GC(161)  Metaspace       used 1022K, committed 1216K, reserved 1056768K
[44.019s][debug  ][gc,heap        ] GC(161)   class space    used 83K, committed 192K, reserved 1048576K
[44.019s][debug  ][gc,tlab        ] GC(161) TLAB totals: thrds: 1  refills: 1 max: 1 slow allocs: 18 max 18 waste: 27.5% gc: 3971464B max: 3971464B slow: 0B max: 0B
[44.019s][info   ][gc,start       ] GC(161) Pause Young (Allocation Failure)
[44.019s][debug  ][gc,phases,start] GC(161) Scavenge
[44.033s][debug  ][gc,phases      ] GC(161) Scavenge 13.810ms
[44.033s][debug  ][gc,phases,start] GC(161) Reference Processing
[44.033s][debug  ][gc,ref         ] GC(161) Skipped phase 1 of Reference Processing: no references
[44.033s][debug  ][gc,ref         ] GC(161) Skipped phase 2 of Reference Processing: no references
[44.033s][debug  ][gc,ref         ] GC(161) Skipped phase 3 of Reference Processing: no references
[44.033s][debug  ][gc,ref         ] GC(161) Skipped phase 4 of Reference Processing: no references
[44.033s][debug  ][gc,phases,ref  ] GC(161) Reference Processing: 0.1ms
[44.033s][debug  ][gc,phases,ref  ] GC(161)   Reconsider SoftReferences: 0.0ms
[44.033s][debug  ][gc,phases,ref  ] GC(161)     SoftRef (ms):                  skipped
[44.033s][debug  ][gc,phases,ref  ] GC(161)   Notify Soft/WeakReferences: 0.0ms
[44.033s][debug  ][gc,phases,ref  ] GC(161)     SoftRef (ms):                  skipped
[44.033s][debug  ][gc,phases,ref  ] GC(161)     WeakRef (ms):                  skipped
[44.033s][debug  ][gc,phases,ref  ] GC(161)     FinalRef (ms):                 skipped
[44.034s][debug  ][gc,phases,ref  ] GC(161)     Total (ms):                    skipped
[44.034s][debug  ][gc,phases,ref  ] GC(161)   Notify and keep alive finalizable: 0.0ms
[44.034s][debug  ][gc,phases,ref  ] GC(161)     FinalRef (ms):                 skipped
[44.034s][debug  ][gc,phases,ref  ] GC(161)   Notify PhantomReferences: 0.0ms
[44.034s][debug  ][gc,phases,ref  ] GC(161)     PhantomRef (ms):               skipped
[44.034s][debug  ][gc,phases,ref  ] GC(161)   SoftReference:
[44.034s][debug  ][gc,phases,ref  ] GC(161)     Discovered: 0
[44.034s][debug  ][gc,phases,ref  ] GC(161)     Cleared: 0
[44.034s][debug  ][gc,phases,ref  ] GC(161)   WeakReference:
[44.034s][debug  ][gc,phases,ref  ] GC(161)     Discovered: 0
[44.034s][debug  ][gc,phases,ref  ] GC(161)     Cleared: 0
[44.034s][debug  ][gc,phases,ref  ] GC(161)   FinalReference:
[44.034s][debug  ][gc,phases,ref  ] GC(161)     Discovered: 0
[44.034s][debug  ][gc,phases,ref  ] GC(161)     Cleared: 0
[44.034s][debug  ][gc,phases,ref  ] GC(161)   PhantomReference:
[44.034s][debug  ][gc,phases,ref  ] GC(161)     Discovered: 0
[44.034s][debug  ][gc,phases,ref  ] GC(161)     Cleared: 0
[44.034s][debug  ][gc,phases      ] GC(161) Reference Processing 0.686ms
[44.034s][debug  ][gc,phases,start] GC(161) Weak Processing
[44.034s][debug  ][gc,phases      ] GC(161)   VM Weak                        Min:  0.0, Avg:  0.0, Max:  0.0, Diff:  0.0, Sum:  0.0, Workers: 6
[44.034s][debug  ][gc,phases      ] GC(161)     Dead                           Min: 0, Avg:  0.0, Max: 0, Diff: 0, Sum: 0, Workers: 6
[44.034s][debug  ][gc,phases      ] GC(161)     Total                          Min: 0, Avg:  1.3, Max: 8, Diff: 8, Sum: 8, Workers: 6
[44.034s][debug  ][gc,phases      ] GC(161)   ObjectSynchronizer Weak        Min:  0.0, Avg:  0.0, Max:  0.0, Diff:  0.0, Sum:  0.0, Workers: 6
[44.034s][debug  ][gc,phases      ] GC(161)     Dead                           Min: 0, Avg:  0.0, Max: 0, Diff: 0, Sum: 0, Workers: 6
[44.034s][debug  ][gc,phases      ] GC(161)     Total                          Min: 0, Avg:  0.5, Max: 3, Diff: 3, Sum: 3, Workers: 6
[44.034s][debug  ][gc,phases      ] GC(161)   JVMTI Tag Weak OopStorage      Min:  0.0, Avg:  0.0, Max:  0.0, Diff:  0.0, Sum:  0.0, Workers: 6
[44.034s][debug  ][gc,phases      ] GC(161)     Dead                           Min: 0, Avg:  0.0, Max: 0, Diff: 0, Sum: 0, Workers: 6
[44.034s][debug  ][gc,phases      ] GC(161)     Total                          Min: 0, Avg:  0.0, Max: 0, Diff: 0, Sum: 0, Workers: 6
[44.034s][debug  ][gc,phases      ] GC(161)   StringTable Weak               Min:  0.0, Avg:  0.0, Max:  0.1, Diff:  0.1, Sum:  0.1, Workers: 6
[44.034s][debug  ][gc,phases      ] GC(161)     Dead                           Min: 0, Avg:  0.0, Max: 0, Diff: 0, Sum: 0, Workers: 6
[44.034s][debug  ][gc,phases      ] GC(161)     Total                          Min: 512, Avg: 892.8, Max: 1262, Diff: 750, Sum: 5357, Workers: 6
[44.034s][debug  ][gc,phases      ] GC(161)   ResolvedMethodTable Weak       Min:  0.0, Avg:  0.0, Max:  0.0, Diff:  0.0, Sum:  0.0, Workers: 6
[44.034s][debug  ][gc,phases      ] GC(161)     Dead                           Min: 0, Avg:  0.0, Max: 0, Diff: 0, Sum: 0, Workers: 6
[44.034s][debug  ][gc,phases      ] GC(161)     Total                          Min: 0, Avg: 21.7, Max: 64, Diff: 64, Sum: 130, Workers: 6
[44.035s][debug  ][gc,phases      ] GC(161)   JNI Weak                       Min:  0.0, Avg:  0.0, Max:  0.0, Diff:  0.0, Sum:  0.0, Workers: 6
[44.035s][debug  ][gc,phases      ] GC(161)     Dead                           Min: 0, Avg:  0.0, Max: 0, Diff: 0, Sum: 0, Workers: 6
[44.035s][debug  ][gc,phases      ] GC(161)     Total                          Min: 0, Avg:  0.0, Max: 0, Diff: 0, Sum: 0, Workers: 6
[44.035s][debug  ][gc,phases      ] GC(161)   StringDedup Table Weak         Min:  0.0, Avg:  0.0, Max:  0.0, Diff:  0.0, Sum:  0.0, Workers: 6
[44.035s][debug  ][gc,phases      ] GC(161)     Dead                           Min: 0, Avg:  0.0, Max: 0, Diff: 0, Sum: 0, Workers: 6
[44.035s][debug  ][gc,phases      ] GC(161)     Total                          Min: 0, Avg:  0.0, Max: 0, Diff: 0, Sum: 0, Workers: 6
[44.035s][debug  ][gc,phases      ] GC(161)   StringDedup Requests0 Weak     Min:  0.0, Avg:  0.0, Max:  0.0, Diff:  0.0, Sum:  0.0, Workers: 6
[44.035s][debug  ][gc,phases      ] GC(161)     Dead                           Min: 0, Avg:  0.0, Max: 0, Diff: 0, Sum: 0, Workers: 6
[44.035s][debug  ][gc,phases      ] GC(161)     Total                          Min: 0, Avg:  0.0, Max: 0, Diff: 0, Sum: 0, Workers: 6
[44.035s][debug  ][gc,phases      ] GC(161)   StringDedup Requests1 Weak     Min:  0.0, Avg:  0.0, Max:  0.0, Diff:  0.0, Sum:  0.0, Workers: 6
[44.035s][debug  ][gc,phases      ] GC(161)     Dead                           Min: 0, Avg:  0.0, Max: 0, Diff: 0, Sum: 0, Workers: 6
[44.035s][debug  ][gc,phases      ] GC(161)     Total                          Min: 0, Avg:  0.0, Max: 0, Diff: 0, Sum: 0, Workers: 6
[44.035s][debug  ][gc,phases      ] GC(161)   Weak JFR Old Object Samples    Min:  0.0, Avg:  0.0, Max:  0.0, Diff:  0.0, Sum:  0.0, Workers: 6
[44.035s][debug  ][gc,phases      ] GC(161)     Dead                           Min: 0, Avg:  0.0, Max: 0, Diff: 0, Sum: 0, Workers: 6
[44.035s][debug  ][gc,phases      ] GC(161)     Total                          Min: 0, Avg:  0.0, Max: 0, Diff: 0, Sum: 0, Workers: 6
[44.035s][debug  ][gc,phases      ] GC(161) Weak Processing 1.082ms
[44.035s][debug  ][gc,ergo        ] GC(161) AdaptiveSizeStart:  collection: 162 
[44.035s][debug  ][gc,ergo        ] GC(161) avg_survived_padded_avg: 31581948.000000
[44.035s][debug  ][gc,ergo        ] GC(161) avg_promoted_padded_avg: 263961984.000000  avg_pretenured_padded_avg: 0.000000  tenuring_thresh: 15  target_size: 31981568
[44.035s][debug  ][gc,age         ] GC(161) Desired survivor size 31981568 bytes, new threshold 15 (max threshold 15)
[44.035s][debug  ][gc,ergo        ] GC(161) PSAdaptiveSizePolicy::compute_eden_space_size limits: desired_eden_size: 223765908 old_eden_size: 204472320 eden_limit: 204472320 cur_eden: 204472320 max_eden_size: 204472320 avg_young_live: 25534048
[44.035s][debug  ][gc,ergo        ] GC(161) PSAdaptiveSizePolicy::compute_eden_space_size: costs minor_time: 0.047520 major_cost: 0.053203 mutator_cost: 0.899277 throughput_goal: 0.990000
[44.035s][debug  ][gc,ergo        ] GC(161) Live_space: 1077551488 free_space: 1431306240
[44.035s][debug  ][gc,ergo        ] GC(161) Old eden_size: 204472320 desired_eden_size: 204472320
[44.035s][debug  ][gc,ergo        ] GC(161) AdaptiveSizeStop: collection: 162 
[44.035s][info   ][gc,heap        ] GC(161) PSYoungGen: 198438K(230912K)->30720K(230912K) Eden: 198438K(199680K)->0K(199680K) From: 0K(31232K)->30720K(31232K)
[44.035s][info   ][gc,heap        ] GC(161) ParOldGen: 769636K(1835008K)->933476K(1835008K)
[44.035s][info   ][gc,metaspace   ] GC(161) Metaspace: 1022K(1216K)->1022K(1216K) NonClass: 938K(1024K)->938K(1024K) Class: 83K(192K)->83K(192K)
[44.035s][info   ][gc             ] GC(161) Pause Young (Allocation Failure) 945M->941M(2017M) 16.079ms
[44.035s][info   ][gc,cpu         ] GC(161) User=0.16s Sys=0.00s Real=0.02s
[44.035s][debug  ][gc,heap        ] GC(161) Heap after GC invocations=162 (full 26):
[44.035s][debug  ][gc,heap        ] GC(161)  PSYoungGen      total 230912K, used 30720K [0x00000000f0000000, 0x0000000100000000, 0x0000000100000000)
[44.035s][debug  ][gc,heap        ] GC(161)   eden space 199680K, 0% used [0x00000000f0000000,0x00000000f0000000,0x00000000fc300000)
[44.035s][debug  ][gc,heap        ] GC(161)   from space 31232K, 98% used [0x00000000fe180000,0x00000000fff80030,0x0000000100000000)
[44.035s][debug  ][gc,heap        ] GC(161)   to   space 31232K, 0% used [0x00000000fc300000,0x00000000fc300000,0x00000000fe180000)
[44.036s][debug  ][gc,heap        ] GC(161)  ParOldGen       total 1835008K, used 933476K [0x0000000080000000, 0x00000000f0000000, 0x00000000f0000000)
[44.036s][debug  ][gc,heap        ] GC(161)   object space 1835008K, 50% used [0x0000000080000000,0x00000000b8f99238,0x00000000f0000000)
[44.036s][debug  ][gc,heap        ] GC(161)  Metaspace       used 1022K, committed 1216K, reserved 1056768K
[44.036s][debug  ][gc,heap        ] GC(161)   class space    used 83K, committed 192K, reserved 1048576K
[44.036s][debug  ][gc,task,time   ] GC(161) VM-Thread 440188163 440332044 440356067
[44.339s][debug  ][gc,heap        ] GC(162) Heap before GC invocations=163 (full 26):
[44.339s][debug  ][gc,heap        ] GC(162)  PSYoungGen      total 230912K, used 229099K [0x00000000f0000000, 0x0000000100000000, 0x0000000100000000)
[44.339s][debug  ][gc,heap        ] GC(162)   eden space 199680K, 99% used [0x00000000f0000000,0x00000000fc1bae38,0x00000000fc300000)
[44.339s][debug  ][gc,heap        ] GC(162)   from space 31232K, 98% used [0x00000000fe180000,0x00000000fff80030,0x0000000100000000)
[44.339s][debug  ][gc,heap        ] GC(162)   to   space 31232K, 0% used [0x00000000fc300000,0x00000000fc300000,0x00000000fe180000)
[44.339s][debug  ][gc,heap        ] GC(162)  ParOldGen       total 1835008K, used 933476K [0x0000000080000000, 0x00000000f0000000, 0x00000000f0000000)
[44.339s][debug  ][gc,heap        ] GC(162)   object space 1835008K, 50% used [0x0000000080000000,0x00000000b8f99238,0x00000000f0000000)
[44.339s][debug  ][gc,heap        ] GC(162)  Metaspace       used 1022K, committed 1216K, reserved 1056768K
[44.339s][debug  ][gc,heap        ] GC(162)   class space    used 83K, committed 192K, reserved 1048576K
[44.339s][debug  ][gc,tlab        ] GC(162) TLAB totals: thrds: 1  refills: 1 max: 1 slow allocs: 18 max 18 waste: 27.2% gc: 3909856B max: 3909856B slow: 0B max: 0B
[44.339s][info   ][gc,start       ] GC(162) Pause Young (Allocation Failure)
[44.339s][debug  ][gc,phases,start] GC(162) Scavenge
[44.348s][debug  ][gc,phases      ] GC(162) Scavenge 9.039ms
[44.348s][debug  ][gc,phases,start] GC(162) Reference Processing
[44.348s][debug  ][gc,ref         ] GC(162) Skipped phase 1 of Reference Processing: no references
[44.348s][debug  ][gc,ref         ] GC(162) Skipped phase 2 of Reference Processing: no references
[44.348s][debug  ][gc,ref         ] GC(162) Skipped phase 3 of Reference Processing: no references
[44.348s][debug  ][gc,ref         ] GC(162) Skipped phase 4 of Reference Processing: no references
[44.348s][debug  ][gc,phases,ref  ] GC(162) Reference Processing: 0.1ms
[44.348s][debug  ][gc,phases,ref  ] GC(162)   Reconsider SoftReferences: 0.0ms
[44.349s][debug  ][gc,phases,ref  ] GC(162)     SoftRef (ms):                  skipped
[44.349s][debug  ][gc,phases,ref  ] GC(162)   Notify Soft/WeakReferences: 0.0ms
[44.349s][debug  ][gc,phases,ref  ] GC(162)     SoftRef (ms):                  skipped
[44.349s][debug  ][gc,phases,ref  ] GC(162)     WeakRef (ms):                  skipped
[44.349s][debug  ][gc,phases,ref  ] GC(162)     FinalRef (ms):                 skipped
[44.349s][debug  ][gc,phases,ref  ] GC(162)     Total (ms):                    skipped
[44.349s][debug  ][gc,phases,ref  ] GC(162)   Notify and keep alive finalizable: 0.0ms
[44.349s][debug  ][gc,phases,ref  ] GC(162)     FinalRef (ms):                 skipped
[44.349s][debug  ][gc,phases,ref  ] GC(162)   Notify PhantomReferences: 0.0ms
[44.349s][debug  ][gc,phases,ref  ] GC(162)     PhantomRef (ms):               skipped
[44.349s][debug  ][gc,phases,ref  ] GC(162)   SoftReference:
[44.349s][debug  ][gc,phases,ref  ] GC(162)     Discovered: 0
[44.349s][debug  ][gc,phases,ref  ] GC(162)     Cleared: 0
[44.349s][debug  ][gc,phases,ref  ] GC(162)   WeakReference:
[44.349s][debug  ][gc,phases,ref  ] GC(162)     Discovered: 0
[44.349s][debug  ][gc,phases,ref  ] GC(162)     Cleared: 0
[44.349s][debug  ][gc,phases,ref  ] GC(162)   FinalReference:
[44.349s][debug  ][gc,phases,ref  ] GC(162)     Discovered: 0
[44.349s][debug  ][gc,phases,ref  ] GC(162)     Cleared: 0
[44.349s][debug  ][gc,phases,ref  ] GC(162)   PhantomReference:
[44.349s][debug  ][gc,phases,ref  ] GC(162)     Discovered: 0
[44.349s][debug  ][gc,phases,ref  ] GC(162)     Cleared: 0
[44.349s][debug  ][gc,phases      ] GC(162) Reference Processing 0.618ms
[44.349s][debug  ][gc,phases,start] GC(162) Weak Processing
[44.349s][debug  ][gc,phases      ] GC(162)   VM Weak                        Min:  0.0, Avg:  0.0, Max:  0.0, Diff:  0.0, Sum:  0.0, Workers: 6
[44.349s][debug  ][gc,phases      ] GC(162)     Dead                           Min: 0, Avg:  0.0, Max: 0, Diff: 0, Sum: 0, Workers: 6
[44.349s][debug  ][gc,phases      ] GC(162)     Total                          Min: 0, Avg:  1.3, Max: 8, Diff: 8, Sum: 8, Workers: 6
[44.349s][debug  ][gc,phases      ] GC(162)   ObjectSynchronizer Weak        Min:  0.0, Avg:  0.0, Max:  0.0, Diff:  0.0, Sum:  0.0, Workers: 6
[44.349s][debug  ][gc,phases      ] GC(162)     Dead                           Min: 0, Avg:  0.0, Max: 0, Diff: 0, Sum: 0, Workers: 6
[44.349s][debug  ][gc,phases      ] GC(162)     Total                          Min: 0, Avg:  0.5, Max: 3, Diff: 3, Sum: 3, Workers: 6
[44.349s][debug  ][gc,phases      ] GC(162)   JVMTI Tag Weak OopStorage      Min:  0.0, Avg:  0.0, Max:  0.0, Diff:  0.0, Sum:  0.0, Workers: 6
[44.349s][debug  ][gc,phases      ] GC(162)     Dead                           Min: 0, Avg:  0.0, Max: 0, Diff: 0, Sum: 0, Workers: 6
[44.349s][debug  ][gc,phases      ] GC(162)     Total                          Min: 0, Avg:  0.0, Max: 0, Diff: 0, Sum: 0, Workers: 6
[44.349s][debug  ][gc,phases      ] GC(162)   StringTable Weak               Min:  0.0, Avg:  0.0, Max:  0.0, Diff:  0.0, Sum:  0.0, Workers: 6
[44.349s][debug  ][gc,phases      ] GC(162)     Dead                           Min: 0, Avg:  0.0, Max: 0, Diff: 0, Sum: 0, Workers: 6
[44.349s][debug  ][gc,phases      ] GC(162)     Total                          Min: 831, Avg: 892.8, Max: 1024, Diff: 193, Sum: 5357, Workers: 6
[44.349s][debug  ][gc,phases      ] GC(162)   ResolvedMethodTable Weak       Min:  0.0, Avg:  0.0, Max:  0.0, Diff:  0.0, Sum:  0.0, Workers: 6
[44.349s][debug  ][gc,phases      ] GC(162)     Dead                           Min: 0, Avg:  0.0, Max: 0, Diff: 0, Sum: 0, Workers: 6
[44.349s][debug  ][gc,phases      ] GC(162)     Total                          Min: 0, Avg: 21.7, Max: 64, Diff: 64, Sum: 130, Workers: 6
[44.349s][debug  ][gc,phases      ] GC(162)   JNI Weak                       Min:  0.0, Avg:  0.0, Max:  0.0, Diff:  0.0, Sum:  0.0, Workers: 6
[44.349s][debug  ][gc,phases      ] GC(162)     Dead                           Min: 0, Avg:  0.0, Max: 0, Diff: 0, Sum: 0, Workers: 6
[44.349s][debug  ][gc,phases      ] GC(162)     Total                          Min: 0, Avg:  0.0, Max: 0, Diff: 0, Sum: 0, Workers: 6
[44.350s][debug  ][gc,phases      ] GC(162)   StringDedup Table Weak         Min:  0.0, Avg:  0.0, Max:  0.0, Diff:  0.0, Sum:  0.0, Workers: 6
[44.350s][debug  ][gc,phases      ] GC(162)     Dead                           Min: 0, Avg:  0.0, Max: 0, Diff: 0, Sum: 0, Workers: 6
[44.350s][debug  ][gc,phases      ] GC(162)     Total                          Min: 0, Avg:  0.0, Max: 0, Diff: 0, Sum: 0, Workers: 6
[44.350s][debug  ][gc,phases      ] GC(162)   StringDedup Requests0 Weak     Min:  0.0, Avg:  0.0, Max:  0.0, Diff:  0.0, Sum:  0.0, Workers: 6
[44.350s][debug  ][gc,phases      ] GC(162)     Dead                           Min: 0, Avg:  0.0, Max: 0, Diff: 0, Sum: 0, Workers: 6
[44.350s][debug  ][gc,phases      ] GC(162)     Total                          Min: 0, Avg:  0.0, Max: 0, Diff: 0, Sum: 0, Workers: 6
[44.350s][debug  ][gc,phases      ] GC(162)   StringDedup Requests1 Weak     Min:  0.0, Avg:  0.0, Max:  0.0, Diff:  0.0, Sum:  0.0, Workers: 6
[44.350s][debug  ][gc,phases      ] GC(162)     Dead                           Min: 0, Avg:  0.0, Max: 0, Diff: 0, Sum: 0, Workers: 6
[44.350s][debug  ][gc,phases      ] GC(162)     Total                          Min: 0, Avg:  0.0, Max: 0, Diff: 0, Sum: 0, Workers: 6
[44.350s][debug  ][gc,phases      ] GC(162)   Weak JFR Old Object Samples    Min:  0.0, Avg:  0.0, Max:  0.0, Diff:  0.0, Sum:  0.0, Workers: 6
[44.350s][debug  ][gc,phases      ] GC(162)     Dead                           Min: 0, Avg:  0.0, Max: 0, Diff: 0, Sum: 0, Workers: 6
[44.350s][debug  ][gc,phases      ] GC(162)     Total                          Min: 0, Avg:  0.0, Max: 0, Diff: 0, Sum: 0, Workers: 6
[44.350s][debug  ][gc,phases      ] GC(162) Weak Processing 0.738ms
[44.350s][debug  ][gc,ergo        ] GC(162) AdaptiveSizeStart:  collection: 163 
[44.350s][debug  ][gc,ergo        ] GC(162) avg_survived_padded_avg: 31571174.000000
[44.350s][debug  ][gc,ergo        ] GC(162) avg_promoted_padded_avg: 267426208.000000  avg_pretenured_padded_avg: 0.000000  tenuring_thresh: 15  target_size: 31981568
[44.350s][debug  ][gc,age         ] GC(162) Desired survivor size 31981568 bytes, new threshold 15 (max threshold 15)
[44.350s][debug  ][gc,ergo        ] GC(162) PSAdaptiveSizePolicy::compute_eden_space_size limits: desired_eden_size: 222983042 old_eden_size: 204472320 eden_limit: 204472320 cur_eden: 204472320 max_eden_size: 204472320 avg_young_live: 26126376
[44.350s][debug  ][gc,ergo        ] GC(162) PSAdaptiveSizePolicy::compute_eden_space_size: costs minor_time: 0.043997 major_cost: 0.053203 mutator_cost: 0.902800 throughput_goal: 0.990000
[44.350s][debug  ][gc,ergo        ] GC(162) Live_space: 1078143872 free_space: 1431306240
[44.350s][debug  ][gc,ergo        ] GC(162) Old eden_size: 204472320 desired_eden_size: 204472320
[44.350s][debug  ][gc,ergo        ] GC(162) AdaptiveSizeStop: collection: 163 
[44.350s][info   ][gc,heap        ] GC(162) PSYoungGen: 229099K(230912K)->30720K(230912K) Eden: 198379K(199680K)->0K(199680K) From: 30720K(31232K)->30720K(31232K)
[44.350s][info   ][gc,heap        ] GC(162) ParOldGen: 933476K(1835008K)->1035876K(1835008K)
[44.350s][info   ][gc,metaspace   ] GC(162) Metaspace: 1022K(1216K)->1022K(1216K) NonClass: 939K(1024K)->939K(1024K) Class: 83K(192K)->83K(192K)
[44.350s][info   ][gc             ] GC(162) Pause Young (Allocation Failure) 1135M->1041M(2017M) 10.850ms
[44.350s][info   ][gc,cpu         ] GC(162) User=0.16s Sys=0.00s Real=0.01s
[44.350s][debug  ][gc,heap        ] GC(162) Heap after GC invocations=163 (full 26):
[44.350s][debug  ][gc,heap        ] GC(162)  PSYoungGen      total 230912K, used 30720K [0x00000000f0000000, 0x0000000100000000, 0x0000000100000000)
[44.350s][debug  ][gc,heap        ] GC(162)   eden space 199680K, 0% used [0x00000000f0000000,0x00000000f0000000,0x00000000fc300000)
[44.350s][debug  ][gc,heap        ] GC(162)   from space 31232K, 98% used [0x00000000fc300000,0x00000000fe100030,0x00000000fe180000)
[44.350s][debug  ][gc,heap        ] GC(162)   to   space 31232K, 0% used [0x00000000fe180000,0x00000000fe180000,0x0000000100000000)
[44.350s][debug  ][gc,heap        ] GC(162)  ParOldGen       total 1835008K, used 1035876K [0x0000000080000000, 0x00000000f0000000, 0x00000000f0000000)
[44.350s][debug  ][gc,heap        ] GC(162)   object space 1835008K, 56% used [0x0000000080000000,0x00000000bf3992d8,0x00000000f0000000)
[44.350s][debug  ][gc,heap        ] GC(162)  Metaspace       used 1022K, committed 1216K, reserved 1056768K
[44.350s][debug  ][gc,heap        ] GC(162)   class space    used 83K, committed 192K, reserved 1048576K
[44.350s][debug  ][gc,task,time   ] GC(162) VM-Thread 443388613 443483665 443503218
[44.655s][debug  ][gc,heap        ] GC(163) Heap before GC invocations=164 (full 26):
[44.655s][debug  ][gc,heap        ] GC(163)  PSYoungGen      total 230912K, used 229133K [0x00000000f0000000, 0x0000000100000000, 0x0000000100000000)
[44.655s][debug  ][gc,heap        ] GC(163)   eden space 199680K, 99% used [0x00000000f0000000,0x00000000fc1c36a8,0x00000000fc300000)
[44.655s][debug  ][gc,heap        ] GC(163)   from space 31232K, 98% used [0x00000000fc300000,0x00000000fe100030,0x00000000fe180000)
[44.655s][debug  ][gc,heap        ] GC(163)   to   space 31232K, 0% used [0x00000000fe180000,0x00000000fe180000,0x0000000100000000)
[44.655s][debug  ][gc,heap        ] GC(163)  ParOldGen       total 1835008K, used 1035876K [0x0000000080000000, 0x00000000f0000000, 0x00000000f0000000)
[44.655s][debug  ][gc,heap        ] GC(163)   object space 1835008K, 56% used [0x0000000080000000,0x00000000bf3992d8,0x00000000f0000000)
[44.655s][debug  ][gc,heap        ] GC(163)  Metaspace       used 1022K, committed 1216K, reserved 1056768K
[44.655s][debug  ][gc,heap        ] GC(163)   class space    used 83K, committed 192K, reserved 1048576K
[44.656s][debug  ][gc,tlab        ] GC(163) TLAB totals: thrds: 1  refills: 1 max: 1 slow allocs: 18 max 18 waste: 27.3% gc: 3945848B max: 3945848B slow: 0B max: 0B
[44.656s][info   ][gc,start       ] GC(163) Pause Young (Allocation Failure)
[44.656s][debug  ][gc,phases,start] GC(163) Scavenge
[44.671s][debug  ][gc,phases      ] GC(163) Scavenge 15.819ms
[44.672s][debug  ][gc,phases,start] GC(163) Reference Processing
[44.672s][debug  ][gc,ref         ] GC(163) Skipped phase 1 of Reference Processing: no references
[44.672s][debug  ][gc,ref         ] GC(163) Skipped phase 2 of Reference Processing: no references
[44.672s][debug  ][gc,ref         ] GC(163) Skipped phase 3 of Reference Processing: no references
[44.672s][debug  ][gc,ref         ] GC(163) Skipped phase 4 of Reference Processing: no references
[44.672s][debug  ][gc,phases,ref  ] GC(163) Reference Processing: 0.1ms
[44.672s][debug  ][gc,phases,ref  ] GC(163)   Reconsider SoftReferences: 0.0ms
[44.672s][debug  ][gc,phases,ref  ] GC(163)     SoftRef (ms):                  skipped
[44.672s][debug  ][gc,phases,ref  ] GC(163)   Notify Soft/WeakReferences: 0.0ms
[44.672s][debug  ][gc,phases,ref  ] GC(163)     SoftRef (ms):                  skipped
[44.672s][debug  ][gc,phases,ref  ] GC(163)     WeakRef (ms):                  skipped
[44.672s][debug  ][gc,phases,ref  ] GC(163)     FinalRef (ms):                 skipped
[44.672s][debug  ][gc,phases,ref  ] GC(163)     Total (ms):                    skipped
[44.672s][debug  ][gc,phases,ref  ] GC(163)   Notify and keep alive finalizable: 0.0ms
[44.672s][debug  ][gc,phases,ref  ] GC(163)     FinalRef (ms):                 skipped
[44.672s][debug  ][gc,phases,ref  ] GC(163)   Notify PhantomReferences: 0.0ms
[44.672s][debug  ][gc,phases,ref  ] GC(163)     PhantomRef (ms):               skipped
[44.672s][debug  ][gc,phases,ref  ] GC(163)   SoftReference:
[44.672s][debug  ][gc,phases,ref  ] GC(163)     Discovered: 0
[44.672s][debug  ][gc,phases,ref  ] GC(163)     Cleared: 0
[44.672s][debug  ][gc,phases,ref  ] GC(163)   WeakReference:
[44.672s][debug  ][gc,phases,ref  ] GC(163)     Discovered: 0
[44.672s][debug  ][gc,phases,ref  ] GC(163)     Cleared: 0
[44.672s][debug  ][gc,phases,ref  ] GC(163)   FinalReference:
[44.672s][debug  ][gc,phases,ref  ] GC(163)     Discovered: 0
[44.672s][debug  ][gc,phases,ref  ] GC(163)     Cleared: 0
[44.672s][debug  ][gc,phases,ref  ] GC(163)   PhantomReference:
[44.672s][debug  ][gc,phases,ref  ] GC(163)     Discovered: 0
[44.672s][debug  ][gc,phases,ref  ] GC(163)     Cleared: 0
[44.672s][debug  ][gc,phases      ] GC(163) Reference Processing 0.723ms
[44.672s][debug  ][gc,phases,start] GC(163) Weak Processing
[44.672s][debug  ][gc,phases      ] GC(163)   VM Weak                        Min:  0.0, Avg:  0.0, Max:  0.0, Diff:  0.0, Sum:  0.0, Workers: 6
[44.672s][debug  ][gc,phases      ] GC(163)     Dead                           Min: 0, Avg:  0.0, Max: 0, Diff: 0, Sum: 0, Workers: 6
[44.672s][debug  ][gc,phases      ] GC(163)     Total                          Min: 0, Avg:  1.3, Max: 8, Diff: 8, Sum: 8, Workers: 6
[44.672s][debug  ][gc,phases      ] GC(163)   ObjectSynchronizer Weak        Min:  0.0, Avg:  0.0, Max:  0.0, Diff:  0.0, Sum:  0.0, Workers: 6
[44.672s][debug  ][gc,phases      ] GC(163)     Dead                           Min: 0, Avg:  0.0, Max: 0, Diff: 0, Sum: 0, Workers: 6
[44.672s][debug  ][gc,phases      ] GC(163)     Total                          Min: 0, Avg:  0.5, Max: 3, Diff: 3, Sum: 3, Workers: 6
[44.673s][debug  ][gc,phases      ] GC(163)   JVMTI Tag Weak OopStorage      Min:  0.0, Avg:  0.0, Max:  0.0, Diff:  0.0, Sum:  0.0, Workers: 6
[44.673s][debug  ][gc,phases      ] GC(163)     Dead                           Min: 0, Avg:  0.0, Max: 0, Diff: 0, Sum: 0, Workers: 6
[44.673s][debug  ][gc,phases      ] GC(163)     Total                          Min: 0, Avg:  0.0, Max: 0, Diff: 0, Sum: 0, Workers: 6
[44.673s][debug  ][gc,phases      ] GC(163)   StringTable Weak               Min:  0.0, Avg:  0.0, Max:  0.0, Diff:  0.0, Sum:  0.0, Workers: 6
[44.673s][debug  ][gc,phases      ] GC(163)     Dead                           Min: 0, Avg:  0.0, Max: 0, Diff: 0, Sum: 0, Workers: 6
[44.673s][debug  ][gc,phases      ] GC(163)     Total                          Min: 767, Avg: 892.8, Max: 1024, Diff: 257, Sum: 5357, Workers: 6
[44.673s][debug  ][gc,phases      ] GC(163)   ResolvedMethodTable Weak       Min:  0.0, Avg:  0.0, Max:  0.0, Diff:  0.0, Sum:  0.0, Workers: 6
[44.673s][debug  ][gc,phases      ] GC(163)     Dead                           Min: 0, Avg:  0.0, Max: 0, Diff: 0, Sum: 0, Workers: 6
[44.673s][debug  ][gc,phases      ] GC(163)     Total                          Min: 0, Avg: 21.7, Max: 64, Diff: 64, Sum: 130, Workers: 6
[44.673s][debug  ][gc,phases      ] GC(163)   JNI Weak                       Min:  0.0, Avg:  0.0, Max:  0.0, Diff:  0.0, Sum:  0.0, Workers: 6
[44.673s][debug  ][gc,phases      ] GC(163)     Dead                           Min: 0, Avg:  0.0, Max: 0, Diff: 0, Sum: 0, Workers: 6
[44.673s][debug  ][gc,phases      ] GC(163)     Total                          Min: 0, Avg:  0.0, Max: 0, Diff: 0, Sum: 0, Workers: 6
[44.673s][debug  ][gc,phases      ] GC(163)   StringDedup Table Weak         Min:  0.0, Avg:  0.0, Max:  0.0, Diff:  0.0, Sum:  0.0, Workers: 6
[44.673s][debug  ][gc,phases      ] GC(163)     Dead                           Min: 0, Avg:  0.0, Max: 0, Diff: 0, Sum: 0, Workers: 6
[44.673s][debug  ][gc,phases      ] GC(163)     Total                          Min: 0, Avg:  0.0, Max: 0, Diff: 0, Sum: 0, Workers: 6
[44.673s][debug  ][gc,phases      ] GC(163)   StringDedup Requests0 Weak     Min:  0.0, Avg:  0.0, Max:  0.0, Diff:  0.0, Sum:  0.0, Workers: 6
[44.673s][debug  ][gc,phases      ] GC(163)     Dead                           Min: 0, Avg:  0.0, Max: 0, Diff: 0, Sum: 0, Workers: 6
[44.673s][debug  ][gc,phases      ] GC(163)     Total                          Min: 0, Avg:  0.0, Max: 0, Diff: 0, Sum: 0, Workers: 6
[44.673s][debug  ][gc,phases      ] GC(163)   StringDedup Requests1 Weak     Min:  0.0, Avg:  0.0, Max:  0.0, Diff:  0.0, Sum:  0.0, Workers: 6
[44.673s][debug  ][gc,phases      ] GC(163)     Dead                           Min: 0, Avg:  0.0, Max: 0, Diff: 0, Sum: 0, Workers: 6
[44.673s][debug  ][gc,phases      ] GC(163)     Total                          Min: 0, Avg:  0.0, Max: 0, Diff: 0, Sum: 0, Workers: 6
[44.673s][debug  ][gc,phases      ] GC(163)   Weak JFR Old Object Samples    Min:  0.0, Avg:  0.0, Max:  0.0, Diff:  0.0, Sum:  0.0, Workers: 6
[44.673s][debug  ][gc,phases      ] GC(163)     Dead                           Min: 0, Avg:  0.0, Max: 0, Diff: 0, Sum: 0, Workers: 6
[44.673s][debug  ][gc,phases      ] GC(163)     Total                          Min: 0, Avg:  0.0, Max: 0, Diff: 0, Sum: 0, Workers: 6
[44.673s][debug  ][gc,phases      ] GC(163) Weak Processing 0.776ms
[44.673s][debug  ][gc,ergo        ] GC(163) AdaptiveSizeStart:  collection: 164 
[44.673s][debug  ][gc,ergo        ] GC(163) avg_survived_padded_avg: 31561308.000000
[44.673s][debug  ][gc,ergo        ] GC(163) avg_promoted_padded_avg: 268649824.000000  avg_pretenured_padded_avg: 0.000000  tenuring_thresh: 15  target_size: 31981568
[44.673s][debug  ][gc,age         ] GC(163) Desired survivor size 31981568 bytes, new threshold 15 (max threshold 15)
[44.673s][debug  ][gc,ergo        ] GC(163) PSAdaptiveSizePolicy::compute_eden_space_size limits: desired_eden_size: 223543543 old_eden_size: 204472320 eden_limit: 204472320 cur_eden: 204472320 max_eden_size: 204472320 avg_young_live: 26659470
[44.673s][debug  ][gc,ergo        ] GC(163) PSAdaptiveSizePolicy::compute_eden_space_size: costs minor_time: 0.046494 major_cost: 0.053203 mutator_cost: 0.900303 throughput_goal: 0.990000
[44.673s][debug  ][gc,ergo        ] GC(163) Live_space: 1078676992 free_space: 1431306240
[44.673s][debug  ][gc,ergo        ] GC(163) Old eden_size: 204472320 desired_eden_size: 204472320
[44.673s][debug  ][gc,ergo        ] GC(163) AdaptiveSizeStop: collection: 164 
[44.673s][info   ][gc,heap        ] GC(163) PSYoungGen: 229133K(230912K)->30720K(230912K) Eden: 198413K(199680K)->0K(199680K) From: 30720K(31232K)->30720K(31232K)
[44.673s][info   ][gc,heap        ] GC(163) ParOldGen: 1035876K(1835008K)->1230437K(1835008K)
[44.673s][info   ][gc,metaspace   ] GC(163) Metaspace: 1022K(1216K)->1022K(1216K) NonClass: 939K(1024K)->939K(1024K) Class: 83K(192K)->83K(192K)
[44.673s][info   ][gc             ] GC(163) Pause Young (Allocation Failure) 1235M->1231M(2017M) 17.774ms
[44.673s][info   ][gc,cpu         ] GC(163) User=0.16s Sys=0.00s Real=0.02s
[44.673s][debug  ][gc,heap        ] GC(163) Heap after GC invocations=164 (full 26):
[44.673s][debug  ][gc,heap        ] GC(163)  PSYoungGen      total 230912K, used 30720K [0x00000000f0000000, 0x0000000100000000, 0x0000000100000000)
[44.673s][debug  ][gc,heap        ] GC(163)   eden space 199680K, 0% used [0x00000000f0000000,0x00000000f0000000,0x00000000fc300000)
[44.673s][debug  ][gc,heap        ] GC(163)   from space 31232K, 98% used [0x00000000fe180000,0x00000000fff80030,0x0000000100000000)
[44.673s][debug  ][gc,heap        ] GC(163)   to   space 31232K, 0% used [0x00000000fc300000,0x00000000fc300000,0x00000000fe180000)
[44.674s][debug  ][gc,heap        ] GC(163)  ParOldGen       total 1835008K, used 1230437K [0x0000000080000000, 0x00000000f0000000, 0x00000000f0000000)
[44.674s][debug  ][gc,heap        ] GC(163)   object space 1835008K, 67% used [0x0000000080000000,0x00000000cb199408,0x00000000f0000000)
[44.674s][debug  ][gc,heap        ] GC(163)  Metaspace       used 1022K, committed 1216K, reserved 1056768K
[44.674s][debug  ][gc,heap        ] GC(163)   class space    used 83K, committed 192K, reserved 1048576K
[44.674s][debug  ][gc,task,time   ] GC(163) VM-Thread 446551319 446715195 446735945
[44.970s][debug  ][gc,heap        ] GC(164) Heap before GC invocations=165 (full 26):
[44.970s][debug  ][gc,heap        ] GC(164)  PSYoungGen      total 230912K, used 229155K [0x00000000f0000000, 0x0000000100000000, 0x0000000100000000)
[44.970s][debug  ][gc,heap        ] GC(164)   eden space 199680K, 99% used [0x00000000f0000000,0x00000000fc1c8e70,0x00000000fc300000)
[44.970s][debug  ][gc,heap        ] GC(164)   from space 31232K, 98% used [0x00000000fe180000,0x00000000fff80030,0x0000000100000000)
[44.970s][debug  ][gc,heap        ] GC(164)   to   space 31232K, 0% used [0x00000000fc300000,0x00000000fc300000,0x00000000fe180000)
[44.970s][debug  ][gc,heap        ] GC(164)  ParOldGen       total 1835008K, used 1230437K [0x0000000080000000, 0x00000000f0000000, 0x00000000f0000000)
[44.971s][debug  ][gc,heap        ] GC(164)   object space 1835008K, 67% used [0x0000000080000000,0x00000000cb199408,0x00000000f0000000)
[44.971s][debug  ][gc,heap        ] GC(164)  Metaspace       used 1022K, committed 1216K, reserved 1056768K
[44.971s][debug  ][gc,heap        ] GC(164)   class space    used 83K, committed 192K, reserved 1048576K
[44.971s][debug  ][gc,tlab        ] GC(164) TLAB totals: thrds: 1  refills: 1 max: 1 slow allocs: 18 max 18 waste: 27.5% gc: 3968320B max: 3968320B slow: 0B max: 0B
[44.971s][info   ][gc,start       ] GC(164) Pause Young (Allocation Failure)
[44.971s][debug  ][gc,phases,start] GC(164) Scavenge
[44.987s][debug  ][gc,phases      ] GC(164) Scavenge 15.770ms
[44.987s][debug  ][gc,phases,start] GC(164) Reference Processing
[44.987s][debug  ][gc,ref         ] GC(164) Skipped phase 1 of Reference Processing: no references
[44.987s][debug  ][gc,ref         ] GC(164) Skipped phase 2 of Reference Processing: no references
[44.987s][debug  ][gc,ref         ] GC(164) Skipped phase 3 of Reference Processing: no references
[44.987s][debug  ][gc,ref         ] GC(164) Skipped phase 4 of Reference Processing: no references
[44.987s][debug  ][gc,phases,ref  ] GC(164) Reference Processing: 0.1ms
[44.987s][debug  ][gc,phases,ref  ] GC(164)   Reconsider SoftReferences: 0.0ms
[44.987s][debug  ][gc,phases,ref  ] GC(164)     SoftRef (ms):                  skipped
[44.987s][debug  ][gc,phases,ref  ] GC(164)   Notify Soft/WeakReferences: 0.0ms
[44.987s][debug  ][gc,phases,ref  ] GC(164)     SoftRef (ms):                  skipped
[44.987s][debug  ][gc,phases,ref  ] GC(164)     WeakRef (ms):                  skipped
[44.987s][debug  ][gc,phases,ref  ] GC(164)     FinalRef (ms):                 skipped
[44.987s][debug  ][gc,phases,ref  ] GC(164)     Total (ms):                    skipped
[44.987s][debug  ][gc,phases,ref  ] GC(164)   Notify and keep alive finalizable: 0.0ms
[44.987s][debug  ][gc,phases,ref  ] GC(164)     FinalRef (ms):                 skipped
[44.987s][debug  ][gc,phases,ref  ] GC(164)   Notify PhantomReferences: 0.0ms
[44.987s][debug  ][gc,phases,ref  ] GC(164)     PhantomRef (ms):               skipped
[44.987s][debug  ][gc,phases,ref  ] GC(164)   SoftReference:
[44.987s][debug  ][gc,phases,ref  ] GC(164)     Discovered: 0
[44.987s][debug  ][gc,phases,ref  ] GC(164)     Cleared: 0
[44.987s][debug  ][gc,phases,ref  ] GC(164)   WeakReference:
[44.987s][debug  ][gc,phases,ref  ] GC(164)     Discovered: 0
[44.987s][debug  ][gc,phases,ref  ] GC(164)     Cleared: 0
[44.987s][debug  ][gc,phases,ref  ] GC(164)   FinalReference:
[44.987s][debug  ][gc,phases,ref  ] GC(164)     Discovered: 0
[44.987s][debug  ][gc,phases,ref  ] GC(164)     Cleared: 0
[44.987s][debug  ][gc,phases,ref  ] GC(164)   PhantomReference:
[44.987s][debug  ][gc,phases,ref  ] GC(164)     Discovered: 0
[44.987s][debug  ][gc,phases,ref  ] GC(164)     Cleared: 0
[44.987s][debug  ][gc,phases      ] GC(164) Reference Processing 0.629ms
[44.987s][debug  ][gc,phases,start] GC(164) Weak Processing
[44.987s][debug  ][gc,phases      ] GC(164)   VM Weak                        Min:  0.0, Avg:  0.0, Max:  0.0, Diff:  0.0, Sum:  0.0, Workers: 6
[44.987s][debug  ][gc,phases      ] GC(164)     Dead                           Min: 0, Avg:  0.0, Max: 0, Diff: 0, Sum: 0, Workers: 6
[44.987s][debug  ][gc,phases      ] GC(164)     Total                          Min: 0, Avg:  1.3, Max: 8, Diff: 8, Sum: 8, Workers: 6
[44.987s][debug  ][gc,phases      ] GC(164)   ObjectSynchronizer Weak        Min:  0.0, Avg:  0.0, Max:  0.0, Diff:  0.0, Sum:  0.0, Workers: 6
[44.987s][debug  ][gc,phases      ] GC(164)     Dead                           Min: 0, Avg:  0.0, Max: 0, Diff: 0, Sum: 0, Workers: 6
[44.987s][debug  ][gc,phases      ] GC(164)     Total                          Min: 0, Avg:  0.5, Max: 3, Diff: 3, Sum: 3, Workers: 6
[44.987s][debug  ][gc,phases      ] GC(164)   JVMTI Tag Weak OopStorage      Min:  0.0, Avg:  0.0, Max:  0.0, Diff:  0.0, Sum:  0.0, Workers: 6
[44.987s][debug  ][gc,phases      ] GC(164)     Dead                           Min: 0, Avg:  0.0, Max: 0, Diff: 0, Sum: 0, Workers: 6
[44.988s][debug  ][gc,phases      ] GC(164)     Total                          Min: 0, Avg:  0.0, Max: 0, Diff: 0, Sum: 0, Workers: 6
[44.988s][debug  ][gc,phases      ] GC(164)   StringTable Weak               Min:  0.0, Avg:  0.0, Max:  0.0, Diff:  0.0, Sum:  0.0, Workers: 6
[44.988s][debug  ][gc,phases      ] GC(164)     Dead                           Min: 0, Avg:  0.0, Max: 0, Diff: 0, Sum: 0, Workers: 6
[44.988s][debug  ][gc,phases      ] GC(164)     Total                          Min: 767, Avg: 892.8, Max: 1198, Diff: 431, Sum: 5357, Workers: 6
[44.988s][debug  ][gc,phases      ] GC(164)   ResolvedMethodTable Weak       Min:  0.0, Avg:  0.0, Max:  0.0, Diff:  0.0, Sum:  0.0, Workers: 6
[44.988s][debug  ][gc,phases      ] GC(164)     Dead                           Min: 0, Avg:  0.0, Max: 0, Diff: 0, Sum: 0, Workers: 6
[44.988s][debug  ][gc,phases      ] GC(164)     Total                          Min: 0, Avg: 21.7, Max: 64, Diff: 64, Sum: 130, Workers: 6
[44.988s][debug  ][gc,phases      ] GC(164)   JNI Weak                       Min:  0.0, Avg:  0.0, Max:  0.0, Diff:  0.0, Sum:  0.0, Workers: 6
[44.988s][debug  ][gc,phases      ] GC(164)     Dead                           Min: 0, Avg:  0.0, Max: 0, Diff: 0, Sum: 0, Workers: 6
[44.988s][debug  ][gc,phases      ] GC(164)     Total                          Min: 0, Avg:  0.0, Max: 0, Diff: 0, Sum: 0, Workers: 6
[44.988s][debug  ][gc,phases      ] GC(164)   StringDedup Table Weak         Min:  0.0, Avg:  0.0, Max:  0.0, Diff:  0.0, Sum:  0.0, Workers: 6
[44.988s][debug  ][gc,phases      ] GC(164)     Dead                           Min: 0, Avg:  0.0, Max: 0, Diff: 0, Sum: 0, Workers: 6
[44.988s][debug  ][gc,phases      ] GC(164)     Total                          Min: 0, Avg:  0.0, Max: 0, Diff: 0, Sum: 0, Workers: 6
[44.988s][debug  ][gc,phases      ] GC(164)   StringDedup Requests0 Weak     Min:  0.0, Avg:  0.0, Max:  0.0, Diff:  0.0, Sum:  0.0, Workers: 6
[44.988s][debug  ][gc,phases      ] GC(164)     Dead                           Min: 0, Avg:  0.0, Max: 0, Diff: 0, Sum: 0, Workers: 6
[44.988s][debug  ][gc,phases      ] GC(164)     Total                          Min: 0, Avg:  0.0, Max: 0, Diff: 0, Sum: 0, Workers: 6
[44.988s][debug  ][gc,phases      ] GC(164)   StringDedup Requests1 Weak     Min:  0.0, Avg:  0.0, Max:  0.0, Diff:  0.0, Sum:  0.0, Workers: 6
[44.988s][debug  ][gc,phases      ] GC(164)     Dead                           Min: 0, Avg:  0.0, Max: 0, Diff: 0, Sum: 0, Workers: 6
[44.988s][debug  ][gc,phases      ] GC(164)     Total                          Min: 0, Avg:  0.0, Max: 0, Diff: 0, Sum: 0, Workers: 6
[44.988s][debug  ][gc,phases      ] GC(164)   Weak JFR Old Object Samples    Min:  0.0, Avg:  0.0, Max:  0.0, Diff:  0.0, Sum:  0.0, Workers: 6
[44.988s][debug  ][gc,phases      ] GC(164)     Dead                           Min: 0, Avg:  0.0, Max: 0, Diff: 0, Sum: 0, Workers: 6
[44.988s][debug  ][gc,phases      ] GC(164)     Total                          Min: 0, Avg:  0.0, Max: 0, Diff: 0, Sum: 0, Workers: 6
[44.988s][debug  ][gc,phases      ] GC(164) Weak Processing 0.711ms
[44.988s][debug  ][gc,ergo        ] GC(164) AdaptiveSizeStart:  collection: 165 
[44.988s][debug  ][gc,ergo        ] GC(164) avg_survived_padded_avg: 31552278.000000
[44.988s][debug  ][gc,ergo        ] GC(164) avg_promoted_padded_avg: 268946752.000000  avg_pretenured_padded_avg: 0.000000  tenuring_thresh: 15  target_size: 31981568
[44.988s][debug  ][gc,age         ] GC(164) Desired survivor size 31981568 bytes, new threshold 15 (max threshold 15)
[44.988s][debug  ][gc,ergo        ] GC(164) PSAdaptiveSizePolicy::compute_eden_space_size limits: desired_eden_size: 223984385 old_eden_size: 204472320 eden_limit: 204472320 cur_eden: 204472320 max_eden_size: 204472320 avg_young_live: 27139256
[44.988s][debug  ][gc,ergo        ] GC(164) PSAdaptiveSizePolicy::compute_eden_space_size: costs minor_time: 0.048549 major_cost: 0.053203 mutator_cost: 0.898248 throughput_goal: 0.990000
[44.988s][debug  ][gc,ergo        ] GC(164) Live_space: 1079156736 free_space: 1431306240
[44.988s][debug  ][gc,ergo        ] GC(164) Old eden_size: 204472320 desired_eden_size: 204472320
[44.988s][debug  ][gc,ergo        ] GC(164) AdaptiveSizeStop: collection: 165 
[44.988s][info   ][gc,heap        ] GC(164) PSYoungGen: 229155K(230912K)->30720K(230912K) Eden: 198435K(199680K)->0K(199680K) From: 30720K(31232K)->30720K(31232K)
[44.988s][info   ][gc,heap        ] GC(164) ParOldGen: 1230437K(1835008K)->1424997K(1835008K)
[44.988s][info   ][gc,metaspace   ] GC(164) Metaspace: 1022K(1216K)->1022K(1216K) NonClass: 939K(1024K)->939K(1024K) Class: 83K(192K)->83K(192K)
[44.988s][info   ][gc             ] GC(164) Pause Young (Allocation Failure) 1425M->1421M(2017M) 17.592ms
[44.988s][info   ][gc,cpu         ] GC(164) User=0.16s Sys=0.00s Real=0.02s
[44.988s][debug  ][gc,heap        ] GC(164) Heap after GC invocations=165 (full 26):
[44.988s][debug  ][gc,heap        ] GC(164)  PSYoungGen      total 230912K, used 30720K [0x00000000f0000000, 0x0000000100000000, 0x0000000100000000)
[44.988s][debug  ][gc,heap        ] GC(164)   eden space 199680K, 0% used [0x00000000f0000000,0x00000000f0000000,0x00000000fc300000)
[44.988s][debug  ][gc,heap        ] GC(164)   from space 31232K, 98% used [0x00000000fc300000,0x00000000fe100030,0x00000000fe180000)
[44.988s][debug  ][gc,heap        ] GC(164)   to   space 31232K, 0% used [0x00000000fe180000,0x00000000fe180000,0x0000000100000000)
[44.988s][debug  ][gc,heap        ] GC(164)  ParOldGen       total 1835008K, used 1424997K [0x0000000080000000, 0x00000000f0000000, 0x00000000f0000000)
[44.988s][debug  ][gc,heap        ] GC(164)   object space 1835008K, 77% used [0x0000000080000000,0x00000000d6f99538,0x00000000f0000000)
[44.988s][debug  ][gc,heap        ] GC(164)  Metaspace       used 1022K, committed 1216K, reserved 1056768K
[44.989s][debug  ][gc,heap        ] GC(164)   class space    used 83K, committed 192K, reserved 1048576K
[44.989s][debug  ][gc,task,time   ] GC(164) VM-Thread 449702003 449866037 449885393
[45.286s][debug  ][gc,heap        ] GC(165) Heap before GC invocations=166 (full 26):
[45.286s][debug  ][gc,heap        ] GC(165)  PSYoungGen      total 230912K, used 229169K [0x00000000f0000000, 0x0000000100000000, 0x0000000100000000)
[45.286s][debug  ][gc,heap        ] GC(165)   eden space 199680K, 99% used [0x00000000f0000000,0x00000000fc1cc6d8,0x00000000fc300000)
[45.286s][debug  ][gc,heap        ] GC(165)   from space 31232K, 98% used [0x00000000fc300000,0x00000000fe100030,0x00000000fe180000)
[45.286s][debug  ][gc,heap        ] GC(165)   to   space 31232K, 0% used [0x00000000fe180000,0x00000000fe180000,0x0000000100000000)
[45.287s][debug  ][gc,heap        ] GC(165)  ParOldGen       total 1835008K, used 1424997K [0x0000000080000000, 0x00000000f0000000, 0x00000000f0000000)
[45.287s][debug  ][gc,heap        ] GC(165)   object space 1835008K, 77% used [0x0000000080000000,0x00000000d6f99538,0x00000000f0000000)
[45.287s][debug  ][gc,heap        ] GC(165)  Metaspace       used 1022K, committed 1216K, reserved 1056768K
[45.287s][debug  ][gc,heap        ] GC(165)   class space    used 83K, committed 192K, reserved 1048576K
[45.287s][debug  ][gc,tlab        ] GC(165) TLAB totals: thrds: 1  refills: 1 max: 1 slow allocs: 18 max 18 waste: 27.5% gc: 3982760B max: 3982760B slow: 0B max: 0B
[45.287s][info   ][gc,start       ] GC(165) Pause Young (Allocation Failure)
[45.287s][debug  ][gc,phases,start] GC(165) Scavenge
[45.302s][debug  ][gc,phases      ] GC(165) Scavenge 15.456ms
[45.302s][debug  ][gc,phases,start] GC(165) Reference Processing
[45.302s][debug  ][gc,ref         ] GC(165) Skipped phase 1 of Reference Processing: no references
[45.302s][debug  ][gc,ref         ] GC(165) Skipped phase 2 of Reference Processing: no references
[45.302s][debug  ][gc,ref         ] GC(165) Skipped phase 3 of Reference Processing: no references
[45.302s][debug  ][gc,ref         ] GC(165) Skipped phase 4 of Reference Processing: no references
[45.302s][debug  ][gc,phases,ref  ] GC(165) Reference Processing: 0.1ms
[45.303s][debug  ][gc,phases,ref  ] GC(165)   Reconsider SoftReferences: 0.0ms
[45.303s][debug  ][gc,phases,ref  ] GC(165)     SoftRef (ms):                  skipped
[45.303s][debug  ][gc,phases,ref  ] GC(165)   Notify Soft/WeakReferences: 0.0ms
[45.303s][debug  ][gc,phases,ref  ] GC(165)     SoftRef (ms):                  skipped
[45.303s][debug  ][gc,phases,ref  ] GC(165)     WeakRef (ms):                  skipped
[45.303s][debug  ][gc,phases,ref  ] GC(165)     FinalRef (ms):                 skipped
[45.303s][debug  ][gc,phases,ref  ] GC(165)     Total (ms):                    skipped
[45.303s][debug  ][gc,phases,ref  ] GC(165)   Notify and keep alive finalizable: 0.0ms
[45.303s][debug  ][gc,phases,ref  ] GC(165)     FinalRef (ms):                 skipped
[45.303s][debug  ][gc,phases,ref  ] GC(165)   Notify PhantomReferences: 0.0ms
[45.303s][debug  ][gc,phases,ref  ] GC(165)     PhantomRef (ms):               skipped
[45.303s][debug  ][gc,phases,ref  ] GC(165)   SoftReference:
[45.303s][debug  ][gc,phases,ref  ] GC(165)     Discovered: 0
[45.303s][debug  ][gc,phases,ref  ] GC(165)     Cleared: 0
[45.303s][debug  ][gc,phases,ref  ] GC(165)   WeakReference:
[45.303s][debug  ][gc,phases,ref  ] GC(165)     Discovered: 0
[45.303s][debug  ][gc,phases,ref  ] GC(165)     Cleared: 0
[45.303s][debug  ][gc,phases,ref  ] GC(165)   FinalReference:
[45.303s][debug  ][gc,phases,ref  ] GC(165)     Discovered: 0
[45.303s][debug  ][gc,phases,ref  ] GC(165)     Cleared: 0
[45.303s][debug  ][gc,phases,ref  ] GC(165)   PhantomReference:
[45.303s][debug  ][gc,phases,ref  ] GC(165)     Discovered: 0
[45.303s][debug  ][gc,phases,ref  ] GC(165)     Cleared: 0
[45.303s][debug  ][gc,phases      ] GC(165) Reference Processing 0.705ms
[45.303s][debug  ][gc,phases,start] GC(165) Weak Processing
[45.303s][debug  ][gc,phases      ] GC(165)   VM Weak                        Min:  0.0, Avg:  0.0, Max:  0.0, Diff:  0.0, Sum:  0.0, Workers: 6
[45.303s][debug  ][gc,phases      ] GC(165)     Dead                           Min: 0, Avg:  0.0, Max: 0, Diff: 0, Sum: 0, Workers: 6
[45.303s][debug  ][gc,phases      ] GC(165)     Total                          Min: 0, Avg:  1.3, Max: 8, Diff: 8, Sum: 8, Workers: 6
[45.303s][debug  ][gc,phases      ] GC(165)   ObjectSynchronizer Weak        Min:  0.0, Avg:  0.0, Max:  0.0, Diff:  0.0, Sum:  0.0, Workers: 6
[45.303s][debug  ][gc,phases      ] GC(165)     Dead                           Min: 0, Avg:  0.0, Max: 0, Diff: 0, Sum: 0, Workers: 6
[45.303s][debug  ][gc,phases      ] GC(165)     Total                          Min: 0, Avg:  0.5, Max: 3, Diff: 3, Sum: 3, Workers: 6
[45.303s][debug  ][gc,phases      ] GC(165)   JVMTI Tag Weak OopStorage      Min:  0.0, Avg:  0.0, Max:  0.0, Diff:  0.0, Sum:  0.0, Workers: 6
[45.303s][debug  ][gc,phases      ] GC(165)     Dead                           Min: 0, Avg:  0.0, Max: 0, Diff: 0, Sum: 0, Workers: 6
[45.303s][debug  ][gc,phases      ] GC(165)     Total                          Min: 0, Avg:  0.0, Max: 0, Diff: 0, Sum: 0, Workers: 6
[45.303s][debug  ][gc,phases      ] GC(165)   StringTable Weak               Min:  0.0, Avg:  0.0, Max:  0.0, Diff:  0.0, Sum:  0.0, Workers: 6
[45.303s][debug  ][gc,phases      ] GC(165)     Dead                           Min: 0, Avg:  0.0, Max: 0, Diff: 0, Sum: 0, Workers: 6
[45.303s][debug  ][gc,phases      ] GC(165)     Total                          Min: 704, Avg: 892.8, Max: 1133, Diff: 429, Sum: 5357, Workers: 6
[45.303s][debug  ][gc,phases      ] GC(165)   ResolvedMethodTable Weak       Min:  0.0, Avg:  0.0, Max:  0.0, Diff:  0.0, Sum:  0.0, Workers: 6
[45.303s][debug  ][gc,phases      ] GC(165)     Dead                           Min: 0, Avg:  0.0, Max: 0, Diff: 0, Sum: 0, Workers: 6
[45.303s][debug  ][gc,phases      ] GC(165)     Total                          Min: 0, Avg: 21.7, Max: 64, Diff: 64, Sum: 130, Workers: 6
[45.303s][debug  ][gc,phases      ] GC(165)   JNI Weak                       Min:  0.0, Avg:  0.0, Max:  0.0, Diff:  0.0, Sum:  0.0, Workers: 6
[45.304s][debug  ][gc,phases      ] GC(165)     Dead                           Min: 0, Avg:  0.0, Max: 0, Diff: 0, Sum: 0, Workers: 6
[45.304s][debug  ][gc,phases      ] GC(165)     Total                          Min: 0, Avg:  0.0, Max: 0, Diff: 0, Sum: 0, Workers: 6
[45.304s][debug  ][gc,phases      ] GC(165)   StringDedup Table Weak         Min:  0.0, Avg:  0.0, Max:  0.0, Diff:  0.0, Sum:  0.0, Workers: 6
[45.304s][debug  ][gc,phases      ] GC(165)     Dead                           Min: 0, Avg:  0.0, Max: 0, Diff: 0, Sum: 0, Workers: 6
[45.304s][debug  ][gc,phases      ] GC(165)     Total                          Min: 0, Avg:  0.0, Max: 0, Diff: 0, Sum: 0, Workers: 6
[45.304s][debug  ][gc,phases      ] GC(165)   StringDedup Requests0 Weak     Min:  0.0, Avg:  0.0, Max:  0.0, Diff:  0.0, Sum:  0.0, Workers: 6
[45.304s][debug  ][gc,phases      ] GC(165)     Dead                           Min: 0, Avg:  0.0, Max: 0, Diff: 0, Sum: 0, Workers: 6
[45.304s][debug  ][gc,phases      ] GC(165)     Total                          Min: 0, Avg:  0.0, Max: 0, Diff: 0, Sum: 0, Workers: 6
[45.304s][debug  ][gc,phases      ] GC(165)   StringDedup Requests1 Weak     Min:  0.0, Avg:  0.0, Max:  0.0, Diff:  0.0, Sum:  0.0, Workers: 6
[45.304s][debug  ][gc,phases      ] GC(165)     Dead                           Min: 0, Avg:  0.0, Max: 0, Diff: 0, Sum: 0, Workers: 6
[45.304s][debug  ][gc,phases      ] GC(165)     Total                          Min: 0, Avg:  0.0, Max: 0, Diff: 0, Sum: 0, Workers: 6
[45.304s][debug  ][gc,phases      ] GC(165)   Weak JFR Old Object Samples    Min:  0.0, Avg:  0.0, Max:  0.0, Diff:  0.0, Sum:  0.0, Workers: 6
[45.304s][debug  ][gc,phases      ] GC(165)     Dead                           Min: 0, Avg:  0.0, Max: 0, Diff: 0, Sum: 0, Workers: 6
[45.304s][debug  ][gc,phases      ] GC(165)     Total                          Min: 0, Avg:  0.0, Max: 0, Diff: 0, Sum: 0, Workers: 6
[45.304s][debug  ][gc,phases      ] GC(165) Weak Processing 0.699ms
[45.304s][debug  ][gc,ergo        ] GC(165) AdaptiveSizeStart:  collection: 166 
[45.304s][debug  ][gc,ergo        ] GC(165) avg_survived_padded_avg: 31544014.000000
[45.304s][debug  ][gc,ergo        ] GC(165) avg_promoted_padded_avg: 268490112.000000  avg_pretenured_padded_avg: 0.000000  tenuring_thresh: 15  target_size: 31981568
[45.304s][debug  ][gc,age         ] GC(165) Desired survivor size 31981568 bytes, new threshold 15 (max threshold 15)
[45.304s][debug  ][gc,ergo        ] GC(165) PSAdaptiveSizePolicy::compute_eden_space_size limits: desired_eden_size: 224258145 old_eden_size: 204472320 eden_limit: 204472320 cur_eden: 204472320 max_eden_size: 204472320 avg_young_live: 27571064
[45.304s][debug  ][gc,ergo        ] GC(165) PSAdaptiveSizePolicy::compute_eden_space_size: costs minor_time: 0.049869 major_cost: 0.053203 mutator_cost: 0.896928 throughput_goal: 0.990000
[45.304s][debug  ][gc,ergo        ] GC(165) Live_space: 1079588608 free_space: 1431306240
[45.304s][debug  ][gc,ergo        ] GC(165) Old eden_size: 204472320 desired_eden_size: 204472320
[45.304s][debug  ][gc,ergo        ] GC(165) AdaptiveSizeStop: collection: 166 
[45.304s][info   ][gc,heap        ] GC(165) PSYoungGen: 229169K(230912K)->30720K(230912K) Eden: 198449K(199680K)->0K(199680K) From: 30720K(31232K)->30720K(31232K)
[45.304s][info   ][gc,heap        ] GC(165) ParOldGen: 1424997K(1835008K)->1619557K(1835008K)
[45.304s][info   ][gc,metaspace   ] GC(165) Metaspace: 1022K(1216K)->1022K(1216K) NonClass: 939K(1024K)->939K(1024K) Class: 83K(192K)->83K(192K)
[45.304s][info   ][gc             ] GC(165) Pause Young (Allocation Failure) 1615M->1611M(2017M) 17.349ms
[45.304s][info   ][gc,cpu         ] GC(165) User=0.16s Sys=0.00s Real=0.02s
[45.304s][debug  ][gc,heap        ] GC(165) Heap after GC invocations=166 (full 26):
[45.304s][debug  ][gc,heap        ] GC(165)  PSYoungGen      total 230912K, used 30720K [0x00000000f0000000, 0x0000000100000000, 0x0000000100000000)
[45.304s][debug  ][gc,heap        ] GC(165)   eden space 199680K, 0% used [0x00000000f0000000,0x00000000f0000000,0x00000000fc300000)
[45.304s][debug  ][gc,heap        ] GC(165)   from space 31232K, 98% used [0x00000000fe180000,0x00000000fff80030,0x0000000100000000)
[45.304s][debug  ][gc,heap        ] GC(165)   to   space 31232K, 0% used [0x00000000fc300000,0x00000000fc300000,0x00000000fe180000)
[45.304s][debug  ][gc,heap        ] GC(165)  ParOldGen       total 1835008K, used 1619557K [0x0000000080000000, 0x00000000f0000000, 0x00000000f0000000)
[45.304s][debug  ][gc,heap        ] GC(165)   object space 1835008K, 88% used [0x0000000080000000,0x00000000e2d99668,0x00000000f0000000)
[45.304s][debug  ][gc,heap        ] GC(165)  Metaspace       used 1022K, committed 1216K, reserved 1056768K
[45.304s][debug  ][gc,heap        ] GC(165)   class space    used 83K, committed 192K, reserved 1048576K
[45.304s][debug  ][gc,task,time   ] GC(165) VM-Thread 452862893 453023559 453043629
[45.304s][debug  ][gc,phases,start] GC(166) Pre Compact
[45.304s][debug  ][gc,heap        ] GC(166) Heap before GC invocations=167 (full 27):
[45.304s][debug  ][gc,heap        ] GC(166)  PSYoungGen      total 230912K, used 30720K [0x00000000f0000000, 0x0000000100000000, 0x0000000100000000)
[45.304s][debug  ][gc,heap        ] GC(166)   eden space 199680K, 0% used [0x00000000f0000000,0x00000000f0000000,0x00000000fc300000)
[45.304s][debug  ][gc,heap        ] GC(166)   from space 31232K, 98% used [0x00000000fe180000,0x00000000fff80030,0x0000000100000000)
[45.304s][debug  ][gc,heap        ] GC(166)   to   space 31232K, 0% used [0x00000000fc300000,0x00000000fc300000,0x00000000fe180000)
[45.305s][debug  ][gc,heap        ] GC(166)  ParOldGen       total 1835008K, used 1619557K [0x0000000080000000, 0x00000000f0000000, 0x00000000f0000000)
[45.305s][debug  ][gc,heap        ] GC(166)   object space 1835008K, 88% used [0x0000000080000000,0x00000000e2d99668,0x00000000f0000000)
[45.305s][debug  ][gc,heap        ] GC(166)  Metaspace       used 1022K, committed 1216K, reserved 1056768K
[45.305s][debug  ][gc,heap        ] GC(166)   class space    used 83K, committed 192K, reserved 1048576K
[45.305s][debug  ][gc,phases      ] GC(166) Pre Compact 0.202ms
[45.305s][info   ][gc,start       ] GC(166) Pause Full (Ergonomics)
[45.305s][info   ][gc,phases,start] GC(166) Marking Phase
[45.305s][debug  ][gc,phases,start] GC(166) Par Mark
[45.305s][debug  ][gc,phases      ] GC(166) Par Mark 0.541ms
[45.305s][debug  ][gc,phases,start] GC(166) Reference Processing
[45.305s][debug  ][gc,ref         ] GC(166) Skipped phase 1 of Reference Processing: no references
[45.305s][debug  ][gc,ref         ] GC(166) ReferenceProcessor::execute queues: 1, RefProcThreadModel::Single, marks_oops_alive: false
[45.305s][debug  ][gc,ref         ] GC(166) Skipped phase 3 of Reference Processing: no references
[45.305s][debug  ][gc,ref         ] GC(166) ReferenceProcessor::execute queues: 1, RefProcThreadModel::Single, marks_oops_alive: false
[45.305s][debug  ][gc,phases,ref  ] GC(166) Reference Processing: 0.1ms
[45.305s][debug  ][gc,phases,ref  ] GC(166)   Reconsider SoftReferences: 0.0ms
[45.305s][debug  ][gc,phases,ref  ] GC(166)     SoftRef (ms):                  skipped
[45.305s][debug  ][gc,phases,ref  ] GC(166)   Notify Soft/WeakReferences: 0.0ms
[45.305s][debug  ][gc,phases,ref  ] GC(166)     SoftRef (ms):                  Min:  0.0, Avg:  0.0, Max:  0.0, Diff:  0.0, Sum:  0.0, Workers: 10
[45.305s][debug  ][gc,phases,ref  ] GC(166)     WeakRef (ms):                  Min:  0.0, Avg:  0.0, Max:  0.0, Diff:  0.0, Sum:  0.0, Workers: 10
[45.305s][debug  ][gc,phases,ref  ] GC(166)     FinalRef (ms):                 Min:  0.0, Avg:  0.0, Max:  0.0, Diff:  0.0, Sum:  0.0, Workers: 10
[45.306s][debug  ][gc,phases,ref  ] GC(166)     Total (ms):                    Min:  0.0, Avg:  0.0, Max:  0.0, Diff:  0.0, Sum:  0.0, Workers: 10
[45.306s][debug  ][gc,phases,ref  ] GC(166)   Notify and keep alive finalizable: 0.0ms
[45.306s][debug  ][gc,phases,ref  ] GC(166)     FinalRef (ms):                 skipped
[45.306s][debug  ][gc,phases,ref  ] GC(166)   Notify PhantomReferences: 0.0ms
[45.306s][debug  ][gc,phases,ref  ] GC(166)     PhantomRef (ms):               Min:  0.0, Avg:  0.0, Max:  0.0, Diff:  0.0, Sum:  0.0, Workers: 10
[45.306s][debug  ][gc,phases,ref  ] GC(166)   SoftReference:
[45.306s][debug  ][gc,phases,ref  ] GC(166)     Discovered: 0
[45.306s][debug  ][gc,phases,ref  ] GC(166)     Cleared: 0
[45.306s][debug  ][gc,phases,ref  ] GC(166)   WeakReference:
[45.306s][debug  ][gc,phases,ref  ] GC(166)     Discovered: 58
[45.306s][debug  ][gc,phases,ref  ] GC(166)     Cleared: 58
[45.306s][debug  ][gc,phases,ref  ] GC(166)   FinalReference:
[45.306s][debug  ][gc,phases,ref  ] GC(166)     Discovered: 0
[45.306s][debug  ][gc,phases,ref  ] GC(166)     Cleared: 0
[45.306s][debug  ][gc,phases,ref  ] GC(166)   PhantomReference:
[45.306s][debug  ][gc,phases,ref  ] GC(166)     Discovered: 3
[45.306s][debug  ][gc,phases,ref  ] GC(166)     Cleared: 3
[45.306s][debug  ][gc,phases      ] GC(166) Reference Processing 0.578ms
[45.306s][debug  ][gc,phases,start] GC(166) Weak Processing
[45.306s][debug  ][gc,phases      ] GC(166)   VM Weak                        Min:  0.0, Avg:  0.0, Max:  0.0, Diff:  0.0, Sum:  0.0, Workers: 6
[45.306s][debug  ][gc,phases      ] GC(166)     Dead                           Min: 0, Avg:  0.0, Max: 0, Diff: 0, Sum: 0, Workers: 6
[45.306s][debug  ][gc,phases      ] GC(166)     Total                          Min: 0, Avg:  1.3, Max: 8, Diff: 8, Sum: 8, Workers: 6
[45.306s][debug  ][gc,phases      ] GC(166)   ObjectSynchronizer Weak        Min:  0.0, Avg:  0.0, Max:  0.0, Diff:  0.0, Sum:  0.0, Workers: 6
[45.306s][debug  ][gc,phases      ] GC(166)     Dead                           Min: 0, Avg:  0.0, Max: 0, Diff: 0, Sum: 0, Workers: 6
[45.306s][debug  ][gc,phases      ] GC(166)     Total                          Min: 0, Avg:  0.5, Max: 3, Diff: 3, Sum: 3, Workers: 6
[45.306s][debug  ][gc,phases      ] GC(166)   JVMTI Tag Weak OopStorage      Min:  0.0, Avg:  0.0, Max:  0.0, Diff:  0.0, Sum:  0.0, Workers: 6
[45.306s][debug  ][gc,phases      ] GC(166)     Dead                           Min: 0, Avg:  0.0, Max: 0, Diff: 0, Sum: 0, Workers: 6
[45.306s][debug  ][gc,phases      ] GC(166)     Total                          Min: 0, Avg:  0.0, Max: 0, Diff: 0, Sum: 0, Workers: 6
[45.306s][debug  ][gc,phases      ] GC(166)   StringTable Weak               Min:  0.0, Avg:  0.0, Max:  0.0, Diff:  0.0, Sum:  0.0, Workers: 6
[45.306s][debug  ][gc,phases      ] GC(166)     Dead                           Min: 0, Avg:  0.0, Max: 0, Diff: 0, Sum: 0, Workers: 6
[45.306s][debug  ][gc,phases      ] GC(166)     Total                          Min: 640, Avg: 892.8, Max: 1344, Diff: 704, Sum: 5357, Workers: 6
[45.306s][debug  ][gc,phases      ] GC(166)   ResolvedMethodTable Weak       Min:  0.0, Avg:  0.0, Max:  0.0, Diff:  0.0, Sum:  0.0, Workers: 6
[45.306s][debug  ][gc,phases      ] GC(166)     Dead                           Min: 0, Avg:  0.0, Max: 0, Diff: 0, Sum: 0, Workers: 6
[45.306s][debug  ][gc,phases      ] GC(166)     Total                          Min: 0, Avg: 21.7, Max: 64, Diff: 64, Sum: 130, Workers: 6
[45.306s][debug  ][gc,phases      ] GC(166)   JNI Weak                       Min:  0.0, Avg:  0.0, Max:  0.0, Diff:  0.0, Sum:  0.0, Workers: 6
[45.306s][debug  ][gc,phases      ] GC(166)     Dead                           Min: 0, Avg:  0.0, Max: 0, Diff: 0, Sum: 0, Workers: 6
[45.306s][debug  ][gc,phases      ] GC(166)     Total                          Min: 0, Avg:  0.0, Max: 0, Diff: 0, Sum: 0, Workers: 6
[45.306s][debug  ][gc,phases      ] GC(166)   StringDedup Table Weak         Min:  0.0, Avg:  0.0, Max:  0.0, Diff:  0.0, Sum:  0.0, Workers: 6
[45.306s][debug  ][gc,phases      ] GC(166)     Dead                           Min: 0, Avg:  0.0, Max: 0, Diff: 0, Sum: 0, Workers: 6
[45.306s][debug  ][gc,phases      ] GC(166)     Total                          Min: 0, Avg:  0.0, Max: 0, Diff: 0, Sum: 0, Workers: 6
[45.306s][debug  ][gc,phases      ] GC(166)   StringDedup Requests0 Weak     Min:  0.0, Avg:  0.0, Max:  0.0, Diff:  0.0, Sum:  0.0, Workers: 6
[45.306s][debug  ][gc,phases      ] GC(166)     Dead                           Min: 0, Avg:  0.0, Max: 0, Diff: 0, Sum: 0, Workers: 6
[45.306s][debug  ][gc,phases      ] GC(166)     Total                          Min: 0, Avg:  0.0, Max: 0, Diff: 0, Sum: 0, Workers: 6
[45.306s][debug  ][gc,phases      ] GC(166)   StringDedup Requests1 Weak     Min:  0.0, Avg:  0.0, Max:  0.0, Diff:  0.0, Sum:  0.0, Workers: 6
[45.306s][debug  ][gc,phases      ] GC(166)     Dead                           Min: 0, Avg:  0.0, Max: 0, Diff: 0, Sum: 0, Workers: 6
[45.306s][debug  ][gc,phases      ] GC(166)     Total                          Min: 0, Avg:  0.0, Max: 0, Diff: 0, Sum: 0, Workers: 6
[45.307s][debug  ][gc,phases      ] GC(166)   Weak JFR Old Object Samples    Min:  0.0, Avg:  0.0, Max:  0.0, Diff:  0.0, Sum:  0.0, Workers: 6
[45.307s][debug  ][gc,phases      ] GC(166)     Dead                           Min: 0, Avg:  0.0, Max: 0, Diff: 0, Sum: 0, Workers: 6
[45.307s][debug  ][gc,phases      ] GC(166)     Total                          Min: 0, Avg:  0.0, Max: 0, Diff: 0, Sum: 0, Workers: 6
[45.307s][debug  ][gc,phases      ] GC(166) Weak Processing 0.720ms
[45.307s][debug  ][gc,phases,start] GC(166) Class Unloading
[45.307s][debug  ][gc,phases,start] GC(166) ClassLoaderData
[45.307s][debug  ][gc,phases      ] GC(166) ClassLoaderData 0.019ms
[45.307s][debug  ][gc,phases,start] GC(166) Trigger cleanups
[45.307s][debug  ][gc,phases      ] GC(166) Trigger cleanups 0.019ms
[45.307s][debug  ][gc,phases      ] GC(166) Class Unloading 0.263ms
[45.307s][info   ][gc,phases      ] GC(166) Marking Phase 2.228ms
[45.307s][info   ][gc,phases,start] GC(166) Summary Phase
[45.307s][info   ][gc,phases      ] GC(166) Summary Phase 0.045ms
[45.307s][info   ][gc,phases,start] GC(166) Adjust Roots
[45.307s][info   ][gc,phases      ] GC(166) Adjust Roots 0.140ms
[45.307s][info   ][gc,phases,start] GC(166) Compaction Phase
[45.385s][info   ][gc,phases      ] GC(166) Compaction Phase 78.114ms
[45.385s][info   ][gc,phases,start] GC(166) Post Compact
[45.391s][info   ][gc,phases      ] GC(166) Post Compact 5.202ms
[45.391s][debug  ][gc,ergo        ] GC(166) AdaptiveSizeStart: collection: 167 
[45.391s][debug  ][gc,ergo        ] GC(166) PSAdaptiveSizePolicy::compute_eden_space_size limits: desired_eden_size: 224341623 old_eden_size: 204472320 eden_limit: 204472320 cur_eden: 204472320 max_eden_size: 204472320 avg_young_live: 24813958
[45.391s][debug  ][gc,ergo        ] GC(166) PSAdaptiveSizePolicy::compute_eden_space_size: costs minor_time: 0.049869 major_cost: 0.052770 mutator_cost: 0.897361 throughput_goal: 0.990000
[45.391s][debug  ][gc,ergo        ] GC(166) Live_space: 1076831488 free_space: 1431306240
[45.391s][debug  ][gc,ergo        ] GC(166) Old eden_size: 204472320 desired_eden_size: 204472320
[45.391s][debug  ][gc,ergo        ] GC(166) PSAdaptiveSizePolicy::compute_old_gen_free_space limits: desired_promo_size: 1352984884 promo_limit: 1226833920 free_in_old_gen: 1100256512 max_old_gen_size: 1879048192 avg_old_live: 778791680
[45.391s][debug  ][gc,ergo        ] GC(166) PSAdaptiveSizePolicy::compute_old_gen_free_space: costs minor_time: 0.049869 major_cost: 0.052770  mutator_cost: 0.897361 throughput_goal: 0.990000
[45.391s][debug  ][gc,ergo        ] GC(166) Live_space: 1072041088 free_space: 1431306240
[45.391s][debug  ][gc,ergo        ] GC(166) Old promo_size: 1226833920 desired_promo_size: 1226833920
[45.391s][debug  ][gc,ergo        ] GC(166) AdaptiveSizeStop: collection: 167 
[45.391s][info   ][gc,heap        ] GC(166) PSYoungGen: 30720K(230912K)->0K(230912K) Eden: 0K(199680K)->0K(199680K) From: 30720K(31232K)->0K(31232K)
[45.391s][info   ][gc,heap        ] GC(166) ParOldGen: 1619557K(1835008K)->718436K(1835008K)
[45.391s][info   ][gc,metaspace   ] GC(166) Metaspace: 1022K(1216K)->1022K(1216K) NonClass: 939K(1024K)->939K(1024K) Class: 83K(192K)->83K(192K)
[45.391s][info   ][gc             ] GC(166) Pause Full (Ergonomics) 1611M->701M(2017M) 86.452ms
[45.391s][info   ][gc,cpu         ] GC(166) User=0.77s Sys=0.00s Real=0.09s
[45.391s][debug  ][gc,heap        ] GC(166) Heap after GC invocations=167 (full 27):
[45.391s][debug  ][gc,heap        ] GC(166)  PSYoungGen      total 230912K, used 0K [0x00000000f0000000, 0x0000000100000000, 0x0000000100000000)
[45.391s][debug  ][gc,heap        ] GC(166)   eden space 199680K, 0% used [0x00000000f0000000,0x00000000f0000000,0x00000000fc300000)
[45.391s][debug  ][gc,heap        ] GC(166)   from space 31232K, 0% used [0x00000000fc300000,0x00000000fc300000,0x00000000fe180000)
[45.391s][debug  ][gc,heap        ] GC(166)   to   space 31232K, 0% used [0x00000000fe180000,0x00000000fe180000,0x0000000100000000)
[45.391s][debug  ][gc,heap        ] GC(166)  ParOldGen       total 1835008K, used 718436K [0x0000000080000000, 0x00000000f0000000, 0x00000000f0000000)
[45.391s][debug  ][gc,heap        ] GC(166)   object space 1835008K, 39% used [0x0000000080000000,0x00000000abd990e8,0x00000000f0000000)
[45.391s][debug  ][gc,heap        ] GC(166)  Metaspace       used 1022K, committed 1216K, reserved 1056768K
[45.391s][debug  ][gc,heap        ] GC(166)   class space    used 83K, committed 192K, reserved 1048576K
[45.391s][debug  ][gc,task,time   ] GC(166) VM-Thread 453046437 453071612 453911293
[45.697s][debug  ][gc,heap        ] GC(167) Heap before GC invocations=168 (full 27):
[45.697s][debug  ][gc,heap        ] GC(167)  PSYoungGen      total 230912K, used 198458K [0x00000000f0000000, 0x0000000100000000, 0x0000000100000000)
[45.697s][debug  ][gc,heap        ] GC(167)   eden space 199680K, 99% used [0x00000000f0000000,0x00000000fc1ceb20,0x00000000fc300000)
[45.697s][debug  ][gc,heap        ] GC(167)   from space 31232K, 0% used [0x00000000fc300000,0x00000000fc300000,0x00000000fe180000)
[45.697s][debug  ][gc,heap        ] GC(167)   to   space 31232K, 0% used [0x00000000fe180000,0x00000000fe180000,0x0000000100000000)
[45.697s][debug  ][gc,heap        ] GC(167)  ParOldGen       total 1835008K, used 718436K [0x0000000080000000, 0x00000000f0000000, 0x00000000f0000000)
[45.697s][debug  ][gc,heap        ] GC(167)   object space 1835008K, 39% used [0x0000000080000000,0x00000000abd990e8,0x00000000f0000000)
[45.697s][debug  ][gc,heap        ] GC(167)  Metaspace       used 1022K, committed 1216K, reserved 1056768K
[45.697s][debug  ][gc,heap        ] GC(167)   class space    used 83K, committed 192K, reserved 1048576K
[45.697s][debug  ][gc,tlab        ] GC(167) TLAB totals: thrds: 1  refills: 1 max: 1 slow allocs: 18 max 18 waste: 27.6% gc: 3992048B max: 3992048B slow: 0B max: 0B
[45.697s][info   ][gc,start       ] GC(167) Pause Young (Allocation Failure)
[45.697s][debug  ][gc,phases,start] GC(167) Scavenge
[45.710s][debug  ][gc,phases      ] GC(167) Scavenge 13.064ms
[45.711s][debug  ][gc,phases,start] GC(167) Reference Processing
[45.711s][debug  ][gc,ref         ] GC(167) Skipped phase 1 of Reference Processing: no references
[45.711s][debug  ][gc,ref         ] GC(167) Skipped phase 2 of Reference Processing: no references
[45.711s][debug  ][gc,ref         ] GC(167) Skipped phase 3 of Reference Processing: no references
[45.711s][debug  ][gc,ref         ] GC(167) Skipped phase 4 of Reference Processing: no references
[45.711s][debug  ][gc,phases,ref  ] GC(167) Reference Processing: 0.1ms
[45.711s][debug  ][gc,phases,ref  ] GC(167)   Reconsider SoftReferences: 0.0ms
[45.711s][debug  ][gc,phases,ref  ] GC(167)     SoftRef (ms):                  skipped
[45.711s][debug  ][gc,phases,ref  ] GC(167)   Notify Soft/WeakReferences: 0.0ms
[45.711s][debug  ][gc,phases,ref  ] GC(167)     SoftRef (ms):                  skipped
[45.711s][debug  ][gc,phases,ref  ] GC(167)     WeakRef (ms):                  skipped
[45.711s][debug  ][gc,phases,ref  ] GC(167)     FinalRef (ms):                 skipped
[45.711s][debug  ][gc,phases,ref  ] GC(167)     Total (ms):                    skipped
[45.711s][debug  ][gc,phases,ref  ] GC(167)   Notify and keep alive finalizable: 0.0ms
[45.711s][debug  ][gc,phases,ref  ] GC(167)     FinalRef (ms):                 skipped
[45.711s][debug  ][gc,phases,ref  ] GC(167)   Notify PhantomReferences: 0.0ms
[45.711s][debug  ][gc,phases,ref  ] GC(167)     PhantomRef (ms):               skipped
[45.711s][debug  ][gc,phases,ref  ] GC(167)   SoftReference:
[45.711s][debug  ][gc,phases,ref  ] GC(167)     Discovered: 0
[45.711s][debug  ][gc,phases,ref  ] GC(167)     Cleared: 0
[45.711s][debug  ][gc,phases,ref  ] GC(167)   WeakReference:
[45.711s][debug  ][gc,phases,ref  ] GC(167)     Discovered: 0
[45.711s][debug  ][gc,phases,ref  ] GC(167)     Cleared: 0
[45.711s][debug  ][gc,phases,ref  ] GC(167)   FinalReference:
[45.711s][debug  ][gc,phases,ref  ] GC(167)     Discovered: 0
[45.711s][debug  ][gc,phases,ref  ] GC(167)     Cleared: 0
[45.711s][debug  ][gc,phases,ref  ] GC(167)   PhantomReference:
[45.711s][debug  ][gc,phases,ref  ] GC(167)     Discovered: 0
[45.711s][debug  ][gc,phases,ref  ] GC(167)     Cleared: 0
[45.711s][debug  ][gc,phases      ] GC(167) Reference Processing 0.781ms
[45.711s][debug  ][gc,phases,start] GC(167) Weak Processing
[45.711s][debug  ][gc,phases      ] GC(167)   VM Weak                        Min:  0.0, Avg:  0.0, Max:  0.0, Diff:  0.0, Sum:  0.0, Workers: 6
[45.711s][debug  ][gc,phases      ] GC(167)     Dead                           Min: 0, Avg:  0.0, Max: 0, Diff: 0, Sum: 0, Workers: 6
[45.711s][debug  ][gc,phases      ] GC(167)     Total                          Min: 0, Avg:  1.3, Max: 8, Diff: 8, Sum: 8, Workers: 6
[45.711s][debug  ][gc,phases      ] GC(167)   ObjectSynchronizer Weak        Min:  0.0, Avg:  0.0, Max:  0.0, Diff:  0.0, Sum:  0.0, Workers: 6
[45.712s][debug  ][gc,phases      ] GC(167)     Dead                           Min: 0, Avg:  0.0, Max: 0, Diff: 0, Sum: 0, Workers: 6
[45.712s][debug  ][gc,phases      ] GC(167)     Total                          Min: 0, Avg:  0.5, Max: 3, Diff: 3, Sum: 3, Workers: 6
[45.712s][debug  ][gc,phases      ] GC(167)   JVMTI Tag Weak OopStorage      Min:  0.0, Avg:  0.0, Max:  0.0, Diff:  0.0, Sum:  0.0, Workers: 6
[45.712s][debug  ][gc,phases      ] GC(167)     Dead                           Min: 0, Avg:  0.0, Max: 0, Diff: 0, Sum: 0, Workers: 6
[45.712s][debug  ][gc,phases      ] GC(167)     Total                          Min: 0, Avg:  0.0, Max: 0, Diff: 0, Sum: 0, Workers: 6
[45.712s][debug  ][gc,phases      ] GC(167)   StringTable Weak               Min:  0.0, Avg:  0.0, Max:  0.0, Diff:  0.0, Sum:  0.0, Workers: 6
[45.712s][debug  ][gc,phases      ] GC(167)     Dead                           Min: 0, Avg:  0.0, Max: 0, Diff: 0, Sum: 0, Workers: 6
[45.712s][debug  ][gc,phases      ] GC(167)     Total                          Min: 813, Avg: 892.8, Max: 1088, Diff: 275, Sum: 5357, Workers: 6
[45.712s][debug  ][gc,phases      ] GC(167)   ResolvedMethodTable Weak       Min:  0.0, Avg:  0.0, Max:  0.0, Diff:  0.0, Sum:  0.0, Workers: 6
[45.712s][debug  ][gc,phases      ] GC(167)     Dead                           Min: 0, Avg:  0.0, Max: 0, Diff: 0, Sum: 0, Workers: 6
[45.712s][debug  ][gc,phases      ] GC(167)     Total                          Min: 0, Avg: 21.7, Max: 64, Diff: 64, Sum: 130, Workers: 6
[45.712s][debug  ][gc,phases      ] GC(167)   JNI Weak                       Min:  0.0, Avg:  0.0, Max:  0.0, Diff:  0.0, Sum:  0.0, Workers: 6
[45.712s][debug  ][gc,phases      ] GC(167)     Dead                           Min: 0, Avg:  0.0, Max: 0, Diff: 0, Sum: 0, Workers: 6
[45.712s][debug  ][gc,phases      ] GC(167)     Total                          Min: 0, Avg:  0.0, Max: 0, Diff: 0, Sum: 0, Workers: 6
[45.712s][debug  ][gc,phases      ] GC(167)   StringDedup Table Weak         Min:  0.0, Avg:  0.0, Max:  0.0, Diff:  0.0, Sum:  0.0, Workers: 6
[45.712s][debug  ][gc,phases      ] GC(167)     Dead                           Min: 0, Avg:  0.0, Max: 0, Diff: 0, Sum: 0, Workers: 6
[45.712s][debug  ][gc,phases      ] GC(167)     Total                          Min: 0, Avg:  0.0, Max: 0, Diff: 0, Sum: 0, Workers: 6
[45.712s][debug  ][gc,phases      ] GC(167)   StringDedup Requests0 Weak     Min:  0.0, Avg:  0.0, Max:  0.0, Diff:  0.0, Sum:  0.0, Workers: 6
[45.712s][debug  ][gc,phases      ] GC(167)     Dead                           Min: 0, Avg:  0.0, Max: 0, Diff: 0, Sum: 0, Workers: 6
[45.712s][debug  ][gc,phases      ] GC(167)     Total                          Min: 0, Avg:  0.0, Max: 0, Diff: 0, Sum: 0, Workers: 6
[45.712s][debug  ][gc,phases      ] GC(167)   StringDedup Requests1 Weak     Min:  0.0, Avg:  0.0, Max:  0.0, Diff:  0.0, Sum:  0.0, Workers: 6
[45.712s][debug  ][gc,phases      ] GC(167)     Dead                           Min: 0, Avg:  0.0, Max: 0, Diff: 0, Sum: 0, Workers: 6
[45.712s][debug  ][gc,phases      ] GC(167)     Total                          Min: 0, Avg:  0.0, Max: 0, Diff: 0, Sum: 0, Workers: 6
[45.712s][debug  ][gc,phases      ] GC(167)   Weak JFR Old Object Samples    Min:  0.0, Avg:  0.0, Max:  0.0, Diff:  0.0, Sum:  0.0, Workers: 6
[45.712s][debug  ][gc,phases      ] GC(167)     Dead                           Min: 0, Avg:  0.0, Max: 0, Diff: 0, Sum: 0, Workers: 6
[45.712s][debug  ][gc,phases      ] GC(167)     Total                          Min: 0, Avg:  0.0, Max: 0, Diff: 0, Sum: 0, Workers: 6
[45.712s][debug  ][gc,phases      ] GC(167) Weak Processing 0.737ms
[45.712s][debug  ][gc,ergo        ] GC(167) AdaptiveSizeStart:  collection: 168 
[45.712s][debug  ][gc,ergo        ] GC(167) avg_survived_padded_avg: 31536452.000000
[45.712s][debug  ][gc,ergo        ] GC(167) avg_promoted_padded_avg: 261048288.000000  avg_pretenured_padded_avg: 0.000000  tenuring_thresh: 15  target_size: 31981568
[45.712s][debug  ][gc,age         ] GC(167) Desired survivor size 31981568 bytes, new threshold 15 (max threshold 15)
[45.712s][debug  ][gc,ergo        ] GC(167) PSAdaptiveSizePolicy::compute_eden_space_size limits: desired_eden_size: 223610372 old_eden_size: 204472320 eden_limit: 204472320 cur_eden: 204472320 max_eden_size: 204472320 avg_young_live: 25478294
[45.712s][debug  ][gc,ergo        ] GC(167) PSAdaptiveSizePolicy::compute_eden_space_size: costs minor_time: 0.046419 major_cost: 0.052770 mutator_cost: 0.900811 throughput_goal: 0.990000
[45.712s][debug  ][gc,ergo        ] GC(167) Live_space: 1072705408 free_space: 1431306240
[45.712s][debug  ][gc,ergo        ] GC(167) Old eden_size: 204472320 desired_eden_size: 204472320
[45.712s][debug  ][gc,ergo        ] GC(167) AdaptiveSizeStop: collection: 168 
[45.712s][info   ][gc,heap        ] GC(167) PSYoungGen: 198458K(230912K)->30720K(230912K) Eden: 198458K(199680K)->0K(199680K) From: 0K(31232K)->30720K(31232K)
[45.712s][info   ][gc,heap        ] GC(167) ParOldGen: 718436K(1835008K)->882276K(1835008K)
[45.712s][info   ][gc,metaspace   ] GC(167) Metaspace: 1022K(1216K)->1022K(1216K) NonClass: 939K(1024K)->939K(1024K) Class: 83K(192K)->83K(192K)
[45.712s][info   ][gc             ] GC(167) Pause Young (Allocation Failure) 895M->891M(2017M) 15.098ms
[45.713s][info   ][gc,cpu         ] GC(167) User=0.16s Sys=0.00s Real=0.02s
[45.713s][debug  ][gc,heap        ] GC(167) Heap after GC invocations=168 (full 27):
[45.713s][debug  ][gc,heap        ] GC(167)  PSYoungGen      total 230912K, used 30720K [0x00000000f0000000, 0x0000000100000000, 0x0000000100000000)
[45.713s][debug  ][gc,heap        ] GC(167)   eden space 199680K, 0% used [0x00000000f0000000,0x00000000f0000000,0x00000000fc300000)
[45.713s][debug  ][gc,heap        ] GC(167)   from space 31232K, 98% used [0x00000000fe180000,0x00000000fff80030,0x0000000100000000)
[45.713s][debug  ][gc,heap        ] GC(167)   to   space 31232K, 0% used [0x00000000fc300000,0x00000000fc300000,0x00000000fe180000)
[45.713s][debug  ][gc,heap        ] GC(167)  ParOldGen       total 1835008K, used 882276K [0x0000000080000000, 0x00000000f0000000, 0x00000000f0000000)
[45.713s][debug  ][gc,heap        ] GC(167)   object space 1835008K, 48% used [0x0000000080000000,0x00000000b5d991e8,0x00000000f0000000)
[45.713s][debug  ][gc,heap        ] GC(167)  Metaspace       used 1022K, committed 1216K, reserved 1056768K
[45.713s][debug  ][gc,heap        ] GC(167)   class space    used 83K, committed 192K, reserved 1048576K
[45.713s][debug  ][gc,task,time   ] GC(167) VM-Thread 456969337 457105190 457127574
[46.014s][debug  ][gc,heap        ] GC(168) Heap before GC invocations=169 (full 27):
[46.014s][debug  ][gc,heap        ] GC(168)  PSYoungGen      total 230912K, used 229112K [0x00000000f0000000, 0x0000000100000000, 0x0000000100000000)
[46.014s][debug  ][gc,heap        ] GC(168)   eden space 199680K, 99% used [0x00000000f0000000,0x00000000fc1be1f8,0x00000000fc300000)
[46.014s][debug  ][gc,heap        ] GC(168)   from space 31232K, 98% used [0x00000000fe180000,0x00000000fff80030,0x0000000100000000)
[46.014s][debug  ][gc,heap        ] GC(168)   to   space 31232K, 0% used [0x00000000fc300000,0x00000000fc300000,0x00000000fe180000)
[46.014s][debug  ][gc,heap        ] GC(168)  ParOldGen       total 1835008K, used 882276K [0x0000000080000000, 0x00000000f0000000, 0x00000000f0000000)
[46.014s][debug  ][gc,heap        ] GC(168)   object space 1835008K, 48% used [0x0000000080000000,0x00000000b5d991e8,0x00000000f0000000)
[46.014s][debug  ][gc,heap        ] GC(168)  Metaspace       used 1023K, committed 1216K, reserved 1056768K
[46.014s][debug  ][gc,heap        ] GC(168)   class space    used 83K, committed 192K, reserved 1048576K
[46.014s][debug  ][gc,tlab        ] GC(168) TLAB totals: thrds: 1  refills: 1 max: 1 slow allocs: 18 max 18 waste: 27.2% gc: 3923104B max: 3923104B slow: 0B max: 0B
[46.014s][info   ][gc,start       ] GC(168) Pause Young (Allocation Failure)
[46.014s][debug  ][gc,phases,start] GC(168) Scavenge
[46.021s][debug  ][gc,phases      ] GC(168) Scavenge 6.361ms
[46.021s][debug  ][gc,phases,start] GC(168) Reference Processing
[46.021s][debug  ][gc,ref         ] GC(168) Skipped phase 1 of Reference Processing: no references
[46.021s][debug  ][gc,ref         ] GC(168) Skipped phase 2 of Reference Processing: no references
[46.021s][debug  ][gc,ref         ] GC(168) Skipped phase 3 of Reference Processing: no references
[46.021s][debug  ][gc,ref         ] GC(168) Skipped phase 4 of Reference Processing: no references
[46.021s][debug  ][gc,phases,ref  ] GC(168) Reference Processing: 0.1ms
[46.021s][debug  ][gc,phases,ref  ] GC(168)   Reconsider SoftReferences: 0.0ms
[46.021s][debug  ][gc,phases,ref  ] GC(168)     SoftRef (ms):                  skipped
[46.021s][debug  ][gc,phases,ref  ] GC(168)   Notify Soft/WeakReferences: 0.0ms
[46.021s][debug  ][gc,phases,ref  ] GC(168)     SoftRef (ms):                  skipped
[46.021s][debug  ][gc,phases,ref  ] GC(168)     WeakRef (ms):                  skipped
[46.021s][debug  ][gc,phases,ref  ] GC(168)     FinalRef (ms):                 skipped
[46.021s][debug  ][gc,phases,ref  ] GC(168)     Total (ms):                    skipped
[46.021s][debug  ][gc,phases,ref  ] GC(168)   Notify and keep alive finalizable: 0.0ms
[46.021s][debug  ][gc,phases,ref  ] GC(168)     FinalRef (ms):                 skipped
[46.021s][debug  ][gc,phases,ref  ] GC(168)   Notify PhantomReferences: 0.0ms
[46.021s][debug  ][gc,phases,ref  ] GC(168)     PhantomRef (ms):               skipped
[46.021s][debug  ][gc,phases,ref  ] GC(168)   SoftReference:
[46.021s][debug  ][gc,phases,ref  ] GC(168)     Discovered: 0
[46.021s][debug  ][gc,phases,ref  ] GC(168)     Cleared: 0
[46.021s][debug  ][gc,phases,ref  ] GC(168)   WeakReference:
[46.021s][debug  ][gc,phases,ref  ] GC(168)     Discovered: 0
[46.021s][debug  ][gc,phases,ref  ] GC(168)     Cleared: 0
[46.021s][debug  ][gc,phases,ref  ] GC(168)   FinalReference:
[46.021s][debug  ][gc,phases,ref  ] GC(168)     Discovered: 0
[46.021s][debug  ][gc,phases,ref  ] GC(168)     Cleared: 0
[46.021s][debug  ][gc,phases,ref  ] GC(168)   PhantomReference:
[46.021s][debug  ][gc,phases,ref  ] GC(168)     Discovered: 0
[46.021s][debug  ][gc,phases,ref  ] GC(168)     Cleared: 0
[46.021s][debug  ][gc,phases      ] GC(168) Reference Processing 0.756ms
[46.022s][debug  ][gc,phases,start] GC(168) Weak Processing
[46.022s][debug  ][gc,phases      ] GC(168)   VM Weak                        Min:  0.0, Avg:  0.0, Max:  0.0, Diff:  0.0, Sum:  0.0, Workers: 6
[46.022s][debug  ][gc,phases      ] GC(168)     Dead                           Min: 0, Avg:  0.0, Max: 0, Diff: 0, Sum: 0, Workers: 6
[46.022s][debug  ][gc,phases      ] GC(168)     Total                          Min: 0, Avg:  1.3, Max: 8, Diff: 8, Sum: 8, Workers: 6
[46.022s][debug  ][gc,phases      ] GC(168)   ObjectSynchronizer Weak        Min:  0.0, Avg:  0.0, Max:  0.0, Diff:  0.0, Sum:  0.0, Workers: 6
[46.022s][debug  ][gc,phases      ] GC(168)     Dead                           Min: 0, Avg:  0.0, Max: 0, Diff: 0, Sum: 0, Workers: 6
[46.022s][debug  ][gc,phases      ] GC(168)     Total                          Min: 0, Avg:  0.5, Max: 3, Diff: 3, Sum: 3, Workers: 6
[46.022s][debug  ][gc,phases      ] GC(168)   JVMTI Tag Weak OopStorage      Min:  0.0, Avg:  0.0, Max:  0.0, Diff:  0.0, Sum:  0.0, Workers: 6
[46.022s][debug  ][gc,phases      ] GC(168)     Dead                           Min: 0, Avg:  0.0, Max: 0, Diff: 0, Sum: 0, Workers: 6
[46.022s][debug  ][gc,phases      ] GC(168)     Total                          Min: 0, Avg:  0.0, Max: 0, Diff: 0, Sum: 0, Workers: 6
[46.022s][debug  ][gc,phases      ] GC(168)   StringTable Weak               Min:  0.0, Avg:  0.0, Max:  0.0, Diff:  0.0, Sum:  0.0, Workers: 6
[46.022s][debug  ][gc,phases      ] GC(168)     Dead                           Min: 0, Avg:  0.0, Max: 0, Diff: 0, Sum: 0, Workers: 6
[46.022s][debug  ][gc,phases      ] GC(168)     Total                          Min: 704, Avg: 892.8, Max: 1024, Diff: 320, Sum: 5357, Workers: 6
[46.022s][debug  ][gc,phases      ] GC(168)   ResolvedMethodTable Weak       Min:  0.0, Avg:  0.0, Max:  0.0, Diff:  0.0, Sum:  0.0, Workers: 6
[46.022s][debug  ][gc,phases      ] GC(168)     Dead                           Min: 0, Avg:  0.0, Max: 0, Diff: 0, Sum: 0, Workers: 6
[46.022s][debug  ][gc,phases      ] GC(168)     Total                          Min: 0, Avg: 21.7, Max: 64, Diff: 64, Sum: 130, Workers: 6
[46.022s][debug  ][gc,phases      ] GC(168)   JNI Weak                       Min:  0.0, Avg:  0.0, Max:  0.0, Diff:  0.0, Sum:  0.0, Workers: 6
[46.022s][debug  ][gc,phases      ] GC(168)     Dead                           Min: 0, Avg:  0.0, Max: 0, Diff: 0, Sum: 0, Workers: 6
[46.022s][debug  ][gc,phases      ] GC(168)     Total                          Min: 0, Avg:  0.0, Max: 0, Diff: 0, Sum: 0, Workers: 6
[46.022s][debug  ][gc,phases      ] GC(168)   StringDedup Table Weak         Min:  0.0, Avg:  0.0, Max:  0.0, Diff:  0.0, Sum:  0.0, Workers: 6
[46.022s][debug  ][gc,phases      ] GC(168)     Dead                           Min: 0, Avg:  0.0, Max: 0, Diff: 0, Sum: 0, Workers: 6
[46.022s][debug  ][gc,phases      ] GC(168)     Total                          Min: 0, Avg:  0.0, Max: 0, Diff: 0, Sum: 0, Workers: 6
[46.022s][debug  ][gc,phases      ] GC(168)   StringDedup Requests0 Weak     Min:  0.0, Avg:  0.0, Max:  0.0, Diff:  0.0, Sum:  0.0, Workers: 6
[46.022s][debug  ][gc,phases      ] GC(168)     Dead                           Min: 0, Avg:  0.0, Max: 0, Diff: 0, Sum: 0, Workers: 6
[46.022s][debug  ][gc,phases      ] GC(168)     Total                          Min: 0, Avg:  0.0, Max: 0, Diff: 0, Sum: 0, Workers: 6
[46.022s][debug  ][gc,phases      ] GC(168)   StringDedup Requests1 Weak     Min:  0.0, Avg:  0.0, Max:  0.0, Diff:  0.0, Sum:  0.0, Workers: 6
[46.022s][debug  ][gc,phases      ] GC(168)     Dead                           Min: 0, Avg:  0.0, Max: 0, Diff: 0, Sum: 0, Workers: 6
[46.022s][debug  ][gc,phases      ] GC(168)     Total                          Min: 0, Avg:  0.0, Max: 0, Diff: 0, Sum: 0, Workers: 6
[46.022s][debug  ][gc,phases      ] GC(168)   Weak JFR Old Object Samples    Min:  0.0, Avg:  0.0, Max:  0.0, Diff:  0.0, Sum:  0.0, Workers: 6
[46.022s][debug  ][gc,phases      ] GC(168)     Dead                           Min: 0, Avg:  0.0, Max: 0, Diff: 0, Sum: 0, Workers: 6
[46.022s][debug  ][gc,phases      ] GC(168)     Total                          Min: 0, Avg:  0.0, Max: 0, Diff: 0, Sum: 0, Workers: 6
[46.022s][debug  ][gc,phases      ] GC(168) Weak Processing 0.921ms
[46.022s][debug  ][gc,ergo        ] GC(168) AdaptiveSizeStart:  collection: 169 
[46.022s][debug  ][gc,ergo        ] GC(168) avg_survived_padded_avg: 31529536.000000
[46.023s][debug  ][gc,ergo        ] GC(168) avg_promoted_padded_avg: 273696032.000000  avg_pretenured_padded_avg: 0.000000  tenuring_thresh: 15  target_size: 31981568
[46.023s][debug  ][gc,age         ] GC(168) Desired survivor size 31981568 bytes, new threshold 15 (max threshold 15)
[46.023s][debug  ][gc,ergo        ] GC(168) PSAdaptiveSizePolicy::compute_eden_space_size limits: desired_eden_size: 222451297 old_eden_size: 204472320 eden_limit: 204472320 cur_eden: 204472320 max_eden_size: 204472320 avg_young_live: 26076198
[46.023s][debug  ][gc,ergo        ] GC(168) PSAdaptiveSizePolicy::compute_eden_space_size: costs minor_time: 0.041402 major_cost: 0.052770 mutator_cost: 0.905828 throughput_goal: 0.990000
[46.023s][debug  ][gc,ergo        ] GC(168) Live_space: 1073303296 free_space: 1431306240
[46.023s][debug  ][gc,ergo        ] GC(168) Old eden_size: 204472320 desired_eden_size: 204472320
[46.023s][debug  ][gc,ergo        ] GC(168) AdaptiveSizeStop: collection: 169 
[46.023s][info   ][gc,heap        ] GC(168) PSYoungGen: 229112K(230912K)->30720K(230912K) Eden: 198392K(199680K)->0K(199680K) From: 30720K(31232K)->30720K(31232K)
[46.023s][info   ][gc,heap        ] GC(168) ParOldGen: 882276K(1835008K)->933476K(1835008K)
[46.023s][info   ][gc,metaspace   ] GC(168) Metaspace: 1023K(1216K)->1023K(1216K) NonClass: 940K(1024K)->940K(1024K) Class: 83K(192K)->83K(192K)
[46.023s][info   ][gc             ] GC(168) Pause Young (Allocation Failure) 1085M->941M(2017M) 8.670ms
[46.023s][info   ][gc,cpu         ] GC(168) User=0.00s Sys=0.00s Real=0.01s
[46.023s][debug  ][gc,heap        ] GC(168) Heap after GC invocations=169 (full 27):
[46.023s][debug  ][gc,heap        ] GC(168)  PSYoungGen      total 230912K, used 30720K [0x00000000f0000000, 0x0000000100000000, 0x0000000100000000)
[46.023s][debug  ][gc,heap        ] GC(168)   eden space 199680K, 0% used [0x00000000f0000000,0x00000000f0000000,0x00000000fc300000)
[46.023s][debug  ][gc,heap        ] GC(168)   from space 31232K, 98% used [0x00000000fc300000,0x00000000fe100030,0x00000000fe180000)
[46.023s][debug  ][gc,heap        ] GC(168)   to   space 31232K, 0% used [0x00000000fe180000,0x00000000fe180000,0x0000000100000000)
[46.023s][debug  ][gc,heap        ] GC(168)  ParOldGen       total 1835008K, used 933476K [0x0000000080000000, 0x00000000f0000000, 0x00000000f0000000)
[46.023s][debug  ][gc,heap        ] GC(168)   object space 1835008K, 50% used [0x0000000080000000,0x00000000b8f99238,0x00000000f0000000)
[46.023s][debug  ][gc,heap        ] GC(168)  Metaspace       used 1023K, committed 1216K, reserved 1056768K
[46.023s][debug  ][gc,heap        ] GC(168)   class space    used 83K, committed 192K, reserved 1048576K
[46.023s][debug  ][gc,task,time   ] GC(168) VM-Thread 460137497 460207142 460232970
[46.333s][debug  ][gc,heap        ] GC(169) Heap before GC invocations=170 (full 27):
[46.333s][debug  ][gc,heap        ] GC(169)  PSYoungGen      total 230912K, used 229142K [0x00000000f0000000, 0x0000000100000000, 0x0000000100000000)
[46.333s][debug  ][gc,heap        ] GC(169)   eden space 199680K, 99% used [0x00000000f0000000,0x00000000fc1c57f0,0x00000000fc300000)
[46.333s][debug  ][gc,heap        ] GC(169)   from space 31232K, 98% used [0x00000000fc300000,0x00000000fe100030,0x00000000fe180000)
[46.333s][debug  ][gc,heap        ] GC(169)   to   space 31232K, 0% used [0x00000000fe180000,0x00000000fe180000,0x0000000100000000)
[46.333s][debug  ][gc,heap        ] GC(169)  ParOldGen       total 1835008K, used 933476K [0x0000000080000000, 0x00000000f0000000, 0x00000000f0000000)
[46.333s][debug  ][gc,heap        ] GC(169)   object space 1835008K, 50% used [0x0000000080000000,0x00000000b8f99238,0x00000000f0000000)
[46.333s][debug  ][gc,heap        ] GC(169)  Metaspace       used 1023K, committed 1216K, reserved 1056768K
[46.333s][debug  ][gc,heap        ] GC(169)   class space    used 83K, committed 192K, reserved 1048576K
[46.333s][debug  ][gc,tlab        ] GC(169) TLAB totals: thrds: 1  refills: 1 max: 1 slow allocs: 18 max 18 waste: 27.4% gc: 3954368B max: 3954368B slow: 0B max: 0B
[46.333s][info   ][gc,start       ] GC(169) Pause Young (Allocation Failure)
[46.333s][debug  ][gc,phases,start] GC(169) Scavenge
[46.349s][debug  ][gc,phases      ] GC(169) Scavenge 15.929ms
[46.349s][debug  ][gc,phases,start] GC(169) Reference Processing
[46.349s][debug  ][gc,ref         ] GC(169) Skipped phase 1 of Reference Processing: no references
[46.349s][debug  ][gc,ref         ] GC(169) Skipped phase 2 of Reference Processing: no references
[46.349s][debug  ][gc,ref         ] GC(169) Skipped phase 3 of Reference Processing: no references
[46.349s][debug  ][gc,ref         ] GC(169) Skipped phase 4 of Reference Processing: no references
[46.349s][debug  ][gc,phases,ref  ] GC(169) Reference Processing: 0.1ms
[46.349s][debug  ][gc,phases,ref  ] GC(169)   Reconsider SoftReferences: 0.0ms
[46.349s][debug  ][gc,phases,ref  ] GC(169)     SoftRef (ms):                  skipped
[46.349s][debug  ][gc,phases,ref  ] GC(169)   Notify Soft/WeakReferences: 0.0ms
[46.350s][debug  ][gc,phases,ref  ] GC(169)     SoftRef (ms):                  skipped
[46.350s][debug  ][gc,phases,ref  ] GC(169)     WeakRef (ms):                  skipped
[46.350s][debug  ][gc,phases,ref  ] GC(169)     FinalRef (ms):                 skipped
[46.350s][debug  ][gc,phases,ref  ] GC(169)     Total (ms):                    skipped
[46.350s][debug  ][gc,phases,ref  ] GC(169)   Notify and keep alive finalizable: 0.0ms
[46.350s][debug  ][gc,phases,ref  ] GC(169)     FinalRef (ms):                 skipped
[46.350s][debug  ][gc,phases,ref  ] GC(169)   Notify PhantomReferences: 0.0ms
[46.350s][debug  ][gc,phases,ref  ] GC(169)     PhantomRef (ms):               skipped
[46.350s][debug  ][gc,phases,ref  ] GC(169)   SoftReference:
[46.350s][debug  ][gc,phases,ref  ] GC(169)     Discovered: 0
[46.350s][debug  ][gc,phases,ref  ] GC(169)     Cleared: 0
[46.350s][debug  ][gc,phases,ref  ] GC(169)   WeakReference:
[46.350s][debug  ][gc,phases,ref  ] GC(169)     Discovered: 0
[46.350s][debug  ][gc,phases,ref  ] GC(169)     Cleared: 0
[46.350s][debug  ][gc,phases,ref  ] GC(169)   FinalReference:
[46.350s][debug  ][gc,phases,ref  ] GC(169)     Discovered: 0
[46.350s][debug  ][gc,phases,ref  ] GC(169)     Cleared: 0
[46.350s][debug  ][gc,phases,ref  ] GC(169)   PhantomReference:
[46.350s][debug  ][gc,phases,ref  ] GC(169)     Discovered: 0
[46.350s][debug  ][gc,phases,ref  ] GC(169)     Cleared: 0
[46.350s][debug  ][gc,phases      ] GC(169) Reference Processing 0.619ms
[46.350s][debug  ][gc,phases,start] GC(169) Weak Processing
[46.350s][debug  ][gc,phases      ] GC(169)   VM Weak                        Min:  0.0, Avg:  0.0, Max:  0.0, Diff:  0.0, Sum:  0.0, Workers: 6
[46.350s][debug  ][gc,phases      ] GC(169)     Dead                           Min: 0, Avg:  0.0, Max: 0, Diff: 0, Sum: 0, Workers: 6
[46.350s][debug  ][gc,phases      ] GC(169)     Total                          Min: 0, Avg:  1.3, Max: 8, Diff: 8, Sum: 8, Workers: 6
[46.350s][debug  ][gc,phases      ] GC(169)   ObjectSynchronizer Weak        Min:  0.0, Avg:  0.0, Max:  0.0, Diff:  0.0, Sum:  0.0, Workers: 6
[46.350s][debug  ][gc,phases      ] GC(169)     Dead                           Min: 0, Avg:  0.0, Max: 0, Diff: 0, Sum: 0, Workers: 6
[46.350s][debug  ][gc,phases      ] GC(169)     Total                          Min: 0, Avg:  0.5, Max: 3, Diff: 3, Sum: 3, Workers: 6
[46.350s][debug  ][gc,phases      ] GC(169)   JVMTI Tag Weak OopStorage      Min:  0.0, Avg:  0.0, Max:  0.0, Diff:  0.0, Sum:  0.0, Workers: 6
[46.350s][debug  ][gc,phases      ] GC(169)     Dead                           Min: 0, Avg:  0.0, Max: 0, Diff: 0, Sum: 0, Workers: 6
[46.350s][debug  ][gc,phases      ] GC(169)     Total                          Min: 0, Avg:  0.0, Max: 0, Diff: 0, Sum: 0, Workers: 6
[46.350s][debug  ][gc,phases      ] GC(169)   StringTable Weak               Min:  0.0, Avg:  0.0, Max:  0.0, Diff:  0.0, Sum:  0.0, Workers: 6
[46.350s][debug  ][gc,phases      ] GC(169)     Dead                           Min: 0, Avg:  0.0, Max: 0, Diff: 0, Sum: 0, Workers: 6
[46.350s][debug  ][gc,phases      ] GC(169)     Total                          Min: 704, Avg: 892.8, Max: 1151, Diff: 447, Sum: 5357, Workers: 6
[46.350s][debug  ][gc,phases      ] GC(169)   ResolvedMethodTable Weak       Min:  0.0, Avg:  0.0, Max:  0.0, Diff:  0.0, Sum:  0.0, Workers: 6
[46.350s][debug  ][gc,phases      ] GC(169)     Dead                           Min: 0, Avg:  0.0, Max: 0, Diff: 0, Sum: 0, Workers: 6
[46.350s][debug  ][gc,phases      ] GC(169)     Total                          Min: 0, Avg: 21.7, Max: 64, Diff: 64, Sum: 130, Workers: 6
[46.350s][debug  ][gc,phases      ] GC(169)   JNI Weak                       Min:  0.0, Avg:  0.0, Max:  0.0, Diff:  0.0, Sum:  0.0, Workers: 6
[46.350s][debug  ][gc,phases      ] GC(169)     Dead                           Min: 0, Avg:  0.0, Max: 0, Diff: 0, Sum: 0, Workers: 6
[46.350s][debug  ][gc,phases      ] GC(169)     Total                          Min: 0, Avg:  0.0, Max: 0, Diff: 0, Sum: 0, Workers: 6
[46.350s][debug  ][gc,phases      ] GC(169)   StringDedup Table Weak         Min:  0.0, Avg:  0.0, Max:  0.0, Diff:  0.0, Sum:  0.0, Workers: 6
[46.350s][debug  ][gc,phases      ] GC(169)     Dead                           Min: 0, Avg:  0.0, Max: 0, Diff: 0, Sum: 0, Workers: 6
[46.351s][debug  ][gc,phases      ] GC(169)     Total                          Min: 0, Avg:  0.0, Max: 0, Diff: 0, Sum: 0, Workers: 6
[46.351s][debug  ][gc,phases      ] GC(169)   StringDedup Requests0 Weak     Min:  0.0, Avg:  0.0, Max:  0.0, Diff:  0.0, Sum:  0.0, Workers: 6
[46.351s][debug  ][gc,phases      ] GC(169)     Dead                           Min: 0, Avg:  0.0, Max: 0, Diff: 0, Sum: 0, Workers: 6
[46.351s][debug  ][gc,phases      ] GC(169)     Total                          Min: 0, Avg:  0.0, Max: 0, Diff: 0, Sum: 0, Workers: 6
[46.351s][debug  ][gc,phases      ] GC(169)   StringDedup Requests1 Weak     Min:  0.0, Avg:  0.0, Max:  0.0, Diff:  0.0, Sum:  0.0, Workers: 6
[46.351s][debug  ][gc,phases      ] GC(169)     Dead                           Min: 0, Avg:  0.0, Max: 0, Diff: 0, Sum: 0, Workers: 6
[46.351s][debug  ][gc,phases      ] GC(169)     Total                          Min: 0, Avg:  0.0, Max: 0, Diff: 0, Sum: 0, Workers: 6
[46.351s][debug  ][gc,phases      ] GC(169)   Weak JFR Old Object Samples    Min:  0.0, Avg:  0.0, Max:  0.0, Diff:  0.0, Sum:  0.0, Workers: 6
[46.351s][debug  ][gc,phases      ] GC(169)     Dead                           Min: 0, Avg:  0.0, Max: 0, Diff: 0, Sum: 0, Workers: 6
[46.351s][debug  ][gc,phases      ] GC(169)     Total                          Min: 0, Avg:  0.0, Max: 0, Diff: 0, Sum: 0, Workers: 6
[46.351s][debug  ][gc,phases      ] GC(169) Weak Processing 0.777ms
[46.351s][debug  ][gc,ergo        ] GC(169) AdaptiveSizeStart:  collection: 170 
[46.351s][debug  ][gc,ergo        ] GC(169) avg_survived_padded_avg: 31523214.000000
[46.351s][debug  ][gc,ergo        ] GC(169) avg_promoted_padded_avg: 275726912.000000  avg_pretenured_padded_avg: 0.000000  tenuring_thresh: 15  target_size: 31981568
[46.351s][debug  ][gc,age         ] GC(169) Desired survivor size 31981568 bytes, new threshold 15 (max threshold 15)
[46.351s][debug  ][gc,ergo        ] GC(169) PSAdaptiveSizePolicy::compute_eden_space_size limits: desired_eden_size: 223145614 old_eden_size: 204472320 eden_limit: 204472320 cur_eden: 204472320 max_eden_size: 204472320 avg_young_live: 26614310
[46.351s][debug  ][gc,ergo        ] GC(169) PSAdaptiveSizePolicy::compute_eden_space_size: costs minor_time: 0.044345 major_cost: 0.052770 mutator_cost: 0.902886 throughput_goal: 0.990000
[46.351s][debug  ][gc,ergo        ] GC(169) Live_space: 1073841408 free_space: 1431306240
[46.351s][debug  ][gc,ergo        ] GC(169) Old eden_size: 204472320 desired_eden_size: 204472320
[46.351s][debug  ][gc,ergo        ] GC(169) AdaptiveSizeStop: collection: 170 
[46.351s][info   ][gc,heap        ] GC(169) PSYoungGen: 229142K(230912K)->30720K(230912K) Eden: 198421K(199680K)->0K(199680K) From: 30720K(31232K)->30720K(31232K)
[46.351s][info   ][gc,heap        ] GC(169) ParOldGen: 933476K(1835008K)->1128036K(1835008K)
[46.351s][info   ][gc,metaspace   ] GC(169) Metaspace: 1023K(1216K)->1023K(1216K) NonClass: 940K(1024K)->940K(1024K) Class: 83K(192K)->83K(192K)
[46.351s][info   ][gc             ] GC(169) Pause Young (Allocation Failure) 1135M->1131M(2017M) 17.849ms
[46.351s][info   ][gc,cpu         ] GC(169) User=0.16s Sys=0.00s Real=0.02s
[46.351s][debug  ][gc,heap        ] GC(169) Heap after GC invocations=170 (full 27):
[46.351s][debug  ][gc,heap        ] GC(169)  PSYoungGen      total 230912K, used 30720K [0x00000000f0000000, 0x0000000100000000, 0x0000000100000000)
[46.351s][debug  ][gc,heap        ] GC(169)   eden space 199680K, 0% used [0x00000000f0000000,0x00000000f0000000,0x00000000fc300000)
[46.351s][debug  ][gc,heap        ] GC(169)   from space 31232K, 98% used [0x00000000fe180000,0x00000000fff80030,0x0000000100000000)
[46.351s][debug  ][gc,heap        ] GC(169)   to   space 31232K, 0% used [0x00000000fc300000,0x00000000fc300000,0x00000000fe180000)
[46.351s][debug  ][gc,heap        ] GC(169)  ParOldGen       total 1835008K, used 1128036K [0x0000000080000000, 0x00000000f0000000, 0x00000000f0000000)
[46.351s][debug  ][gc,heap        ] GC(169)   object space 1835008K, 61% used [0x0000000080000000,0x00000000c4d99368,0x00000000f0000000)
[46.351s][debug  ][gc,heap        ] GC(169)  Metaspace       used 1023K, committed 1216K, reserved 1056768K
[46.351s][debug  ][gc,heap        ] GC(169)   class space    used 83K, committed 192K, reserved 1048576K
[46.351s][debug  ][gc,task,time   ] GC(169) VM-Thread 463328287 463493007 463513433
[46.647s][debug  ][gc,heap        ] GC(170) Heap before GC invocations=171 (full 27):
[46.647s][debug  ][gc,heap        ] GC(170)  PSYoungGen      total 230912K, used 229161K [0x00000000f0000000, 0x0000000100000000, 0x0000000100000000)
[46.647s][debug  ][gc,heap        ] GC(170)   eden space 199680K, 99% used [0x00000000f0000000,0x00000000fc1ca3d0,0x00000000fc300000)
[46.647s][debug  ][gc,heap        ] GC(170)   from space 31232K, 98% used [0x00000000fe180000,0x00000000fff80030,0x0000000100000000)
[46.647s][debug  ][gc,heap        ] GC(170)   to   space 31232K, 0% used [0x00000000fc300000,0x00000000fc300000,0x00000000fe180000)
[46.647s][debug  ][gc,heap        ] GC(170)  ParOldGen       total 1835008K, used 1128036K [0x0000000080000000, 0x00000000f0000000, 0x00000000f0000000)
[46.647s][debug  ][gc,heap        ] GC(170)   object space 1835008K, 61% used [0x0000000080000000,0x00000000c4d99368,0x00000000f0000000)
[46.647s][debug  ][gc,heap        ] GC(170)  Metaspace       used 1023K, committed 1216K, reserved 1056768K
[46.647s][debug  ][gc,heap        ] GC(170)   class space    used 83K, committed 192K, reserved 1048576K
[46.647s][debug  ][gc,tlab        ] GC(170) TLAB totals: thrds: 1  refills: 1 max: 1 slow allocs: 18 max 18 waste: 27.5% gc: 3973792B max: 3973792B slow: 0B max: 0B
[46.648s][info   ][gc,start       ] GC(170) Pause Young (Allocation Failure)
[46.648s][debug  ][gc,phases,start] GC(170) Scavenge
[46.663s][debug  ][gc,phases      ] GC(170) Scavenge 15.500ms
[46.663s][debug  ][gc,phases,start] GC(170) Reference Processing
[46.663s][debug  ][gc,ref         ] GC(170) Skipped phase 1 of Reference Processing: no references
[46.663s][debug  ][gc,ref         ] GC(170) Skipped phase 2 of Reference Processing: no references
[46.663s][debug  ][gc,ref         ] GC(170) Skipped phase 3 of Reference Processing: no references
[46.663s][debug  ][gc,ref         ] GC(170) Skipped phase 4 of Reference Processing: no references
[46.663s][debug  ][gc,phases,ref  ] GC(170) Reference Processing: 0.1ms
[46.663s][debug  ][gc,phases,ref  ] GC(170)   Reconsider SoftReferences: 0.0ms
[46.663s][debug  ][gc,phases,ref  ] GC(170)     SoftRef (ms):                  skipped
[46.663s][debug  ][gc,phases,ref  ] GC(170)   Notify Soft/WeakReferences: 0.0ms
[46.663s][debug  ][gc,phases,ref  ] GC(170)     SoftRef (ms):                  skipped
[46.663s][debug  ][gc,phases,ref  ] GC(170)     WeakRef (ms):                  skipped
[46.663s][debug  ][gc,phases,ref  ] GC(170)     FinalRef (ms):                 skipped
[46.663s][debug  ][gc,phases,ref  ] GC(170)     Total (ms):                    skipped
[46.663s][debug  ][gc,phases,ref  ] GC(170)   Notify and keep alive finalizable: 0.0ms
[46.664s][debug  ][gc,phases,ref  ] GC(170)     FinalRef (ms):                 skipped
[46.664s][debug  ][gc,phases,ref  ] GC(170)   Notify PhantomReferences: 0.0ms
[46.664s][debug  ][gc,phases,ref  ] GC(170)     PhantomRef (ms):               skipped
[46.664s][debug  ][gc,phases,ref  ] GC(170)   SoftReference:
[46.664s][debug  ][gc,phases,ref  ] GC(170)     Discovered: 0
[46.664s][debug  ][gc,phases,ref  ] GC(170)     Cleared: 0
[46.664s][debug  ][gc,phases,ref  ] GC(170)   WeakReference:
[46.664s][debug  ][gc,phases,ref  ] GC(170)     Discovered: 0
[46.664s][debug  ][gc,phases,ref  ] GC(170)     Cleared: 0
[46.664s][debug  ][gc,phases,ref  ] GC(170)   FinalReference:
[46.664s][debug  ][gc,phases,ref  ] GC(170)     Discovered: 0
[46.664s][debug  ][gc,phases,ref  ] GC(170)     Cleared: 0
[46.664s][debug  ][gc,phases,ref  ] GC(170)   PhantomReference:
[46.664s][debug  ][gc,phases,ref  ] GC(170)     Discovered: 0
[46.664s][debug  ][gc,phases,ref  ] GC(170)     Cleared: 0
[46.664s][debug  ][gc,phases      ] GC(170) Reference Processing 0.699ms
[46.664s][debug  ][gc,phases,start] GC(170) Weak Processing
[46.664s][debug  ][gc,phases      ] GC(170)   VM Weak                        Min:  0.0, Avg:  0.0, Max:  0.0, Diff:  0.0, Sum:  0.0, Workers: 6
[46.664s][debug  ][gc,phases      ] GC(170)     Dead                           Min: 0, Avg:  0.0, Max: 0, Diff: 0, Sum: 0, Workers: 6
[46.664s][debug  ][gc,phases      ] GC(170)     Total                          Min: 0, Avg:  1.3, Max: 8, Diff: 8, Sum: 8, Workers: 6
[46.664s][debug  ][gc,phases      ] GC(170)   ObjectSynchronizer Weak        Min:  0.0, Avg:  0.0, Max:  0.0, Diff:  0.0, Sum:  0.0, Workers: 6
[46.664s][debug  ][gc,phases      ] GC(170)     Dead                           Min: 0, Avg:  0.0, Max: 0, Diff: 0, Sum: 0, Workers: 6
[46.664s][debug  ][gc,phases      ] GC(170)     Total                          Min: 0, Avg:  0.5, Max: 3, Diff: 3, Sum: 3, Workers: 6
[46.664s][debug  ][gc,phases      ] GC(170)   JVMTI Tag Weak OopStorage      Min:  0.0, Avg:  0.0, Max:  0.0, Diff:  0.0, Sum:  0.0, Workers: 6
[46.664s][debug  ][gc,phases      ] GC(170)     Dead                           Min: 0, Avg:  0.0, Max: 0, Diff: 0, Sum: 0, Workers: 6
[46.664s][debug  ][gc,phases      ] GC(170)     Total                          Min: 0, Avg:  0.0, Max: 0, Diff: 0, Sum: 0, Workers: 6
[46.664s][debug  ][gc,phases      ] GC(170)   StringTable Weak               Min:  0.0, Avg:  0.0, Max:  0.0, Diff:  0.0, Sum:  0.0, Workers: 6
[46.664s][debug  ][gc,phases      ] GC(170)     Dead                           Min: 0, Avg:  0.0, Max: 0, Diff: 0, Sum: 0, Workers: 6
[46.664s][debug  ][gc,phases      ] GC(170)     Total                          Min: 686, Avg: 892.8, Max: 1087, Diff: 401, Sum: 5357, Workers: 6
[46.664s][debug  ][gc,phases      ] GC(170)   ResolvedMethodTable Weak       Min:  0.0, Avg:  0.0, Max:  0.0, Diff:  0.0, Sum:  0.0, Workers: 6
[46.664s][debug  ][gc,phases      ] GC(170)     Dead                           Min: 0, Avg:  0.0, Max: 0, Diff: 0, Sum: 0, Workers: 6
[46.664s][debug  ][gc,phases      ] GC(170)     Total                          Min: 0, Avg: 21.7, Max: 64, Diff: 64, Sum: 130, Workers: 6
[46.664s][debug  ][gc,phases      ] GC(170)   JNI Weak                       Min:  0.0, Avg:  0.0, Max:  0.0, Diff:  0.0, Sum:  0.0, Workers: 6
[46.664s][debug  ][gc,phases      ] GC(170)     Dead                           Min: 0, Avg:  0.0, Max: 0, Diff: 0, Sum: 0, Workers: 6
[46.664s][debug  ][gc,phases      ] GC(170)     Total                          Min: 0, Avg:  0.0, Max: 0, Diff: 0, Sum: 0, Workers: 6
[46.664s][debug  ][gc,phases      ] GC(170)   StringDedup Table Weak         Min:  0.0, Avg:  0.0, Max:  0.0, Diff:  0.0, Sum:  0.0, Workers: 6
[46.664s][debug  ][gc,phases      ] GC(170)     Dead                           Min: 0, Avg:  0.0, Max: 0, Diff: 0, Sum: 0, Workers: 6
[46.664s][debug  ][gc,phases      ] GC(170)     Total                          Min: 0, Avg:  0.0, Max: 0, Diff: 0, Sum: 0, Workers: 6
[46.664s][debug  ][gc,phases      ] GC(170)   StringDedup Requests0 Weak     Min:  0.0, Avg:  0.0, Max:  0.0, Diff:  0.0, Sum:  0.0, Workers: 6
[46.665s][debug  ][gc,phases      ] GC(170)     Dead                           Min: 0, Avg:  0.0, Max: 0, Diff: 0, Sum: 0, Workers: 6
[46.665s][debug  ][gc,phases      ] GC(170)     Total                          Min: 0, Avg:  0.0, Max: 0, Diff: 0, Sum: 0, Workers: 6
[46.665s][debug  ][gc,phases      ] GC(170)   StringDedup Requests1 Weak     Min:  0.0, Avg:  0.0, Max:  0.0, Diff:  0.0, Sum:  0.0, Workers: 6
[46.665s][debug  ][gc,phases      ] GC(170)     Dead                           Min: 0, Avg:  0.0, Max: 0, Diff: 0, Sum: 0, Workers: 6
[46.665s][debug  ][gc,phases      ] GC(170)     Total                          Min: 0, Avg:  0.0, Max: 0, Diff: 0, Sum: 0, Workers: 6
[46.665s][debug  ][gc,phases      ] GC(170)   Weak JFR Old Object Samples    Min:  0.0, Avg:  0.0, Max:  0.0, Diff:  0.0, Sum:  0.0, Workers: 6
[46.665s][debug  ][gc,phases      ] GC(170)     Dead                           Min: 0, Avg:  0.0, Max: 0, Diff: 0, Sum: 0, Workers: 6
[46.665s][debug  ][gc,phases      ] GC(170)     Total                          Min: 0, Avg:  0.0, Max: 0, Diff: 0, Sum: 0, Workers: 6
[46.665s][debug  ][gc,phases      ] GC(170) Weak Processing 0.808ms
[46.665s][debug  ][gc,ergo        ] GC(170) AdaptiveSizeStart:  collection: 171 
[46.665s][debug  ][gc,ergo        ] GC(170) avg_survived_padded_avg: 31517432.000000
[46.665s][debug  ][gc,ergo        ] GC(170) avg_promoted_padded_avg: 276606944.000000  avg_pretenured_padded_avg: 0.000000  tenuring_thresh: 15  target_size: 31981568
[46.665s][debug  ][gc,age         ] GC(170) Desired survivor size 31981568 bytes, new threshold 15 (max threshold 15)
[46.665s][debug  ][gc,ergo        ] GC(170) PSAdaptiveSizePolicy::compute_eden_space_size limits: desired_eden_size: 223715545 old_eden_size: 204472320 eden_limit: 204472320 cur_eden: 204472320 max_eden_size: 204472320 avg_young_live: 27098610
[46.665s][debug  ][gc,ergo        ] GC(170) PSAdaptiveSizePolicy::compute_eden_space_size: costs minor_time: 0.046901 major_cost: 0.052770 mutator_cost: 0.900329 throughput_goal: 0.990000
[46.665s][debug  ][gc,ergo        ] GC(170) Live_space: 1074325760 free_space: 1431306240
[46.665s][debug  ][gc,ergo        ] GC(170) Old eden_size: 204472320 desired_eden_size: 204472320
[46.665s][debug  ][gc,ergo        ] GC(170) AdaptiveSizeStop: collection: 171 
[46.665s][info   ][gc,heap        ] GC(170) PSYoungGen: 229161K(230912K)->30720K(230912K) Eden: 198440K(199680K)->0K(199680K) From: 30720K(31232K)->30720K(31232K)
[46.665s][info   ][gc,heap        ] GC(170) ParOldGen: 1128036K(1835008K)->1322597K(1835008K)
[46.665s][info   ][gc,metaspace   ] GC(170) Metaspace: 1023K(1216K)->1023K(1216K) NonClass: 940K(1024K)->940K(1024K) Class: 83K(192K)->83K(192K)
[46.665s][info   ][gc             ] GC(170) Pause Young (Allocation Failure) 1325M->1321M(2017M) 17.509ms
[46.665s][info   ][gc,cpu         ] GC(170) User=0.16s Sys=0.00s Real=0.02s
[46.665s][debug  ][gc,heap        ] GC(170) Heap after GC invocations=171 (full 27):
[46.665s][debug  ][gc,heap        ] GC(170)  PSYoungGen      total 230912K, used 30720K [0x00000000f0000000, 0x0000000100000000, 0x0000000100000000)
[46.665s][debug  ][gc,heap        ] GC(170)   eden space 199680K, 0% used [0x00000000f0000000,0x00000000f0000000,0x00000000fc300000)
[46.665s][debug  ][gc,heap        ] GC(170)   from space 31232K, 98% used [0x00000000fc300000,0x00000000fe100030,0x00000000fe180000)
[46.665s][debug  ][gc,heap        ] GC(170)   to   space 31232K, 0% used [0x00000000fe180000,0x00000000fe180000,0x0000000100000000)
[46.665s][debug  ][gc,heap        ] GC(170)  ParOldGen       total 1835008K, used 1322597K [0x0000000080000000, 0x00000000f0000000, 0x00000000f0000000)
[46.665s][debug  ][gc,heap        ] GC(170)   object space 1835008K, 72% used [0x0000000080000000,0x00000000d0b99498,0x00000000f0000000)
[46.665s][debug  ][gc,heap        ] GC(170)  Metaspace       used 1023K, committed 1216K, reserved 1056768K
[46.665s][debug  ][gc,heap        ] GC(170)   class space    used 83K, committed 192K, reserved 1048576K
[46.665s][debug  ][gc,task,time   ] GC(170) VM-Thread 466470343 466631384 466652659
[46.964s][debug  ][gc,heap        ] GC(171) Heap before GC invocations=172 (full 27):
[46.964s][debug  ][gc,heap        ] GC(171)  PSYoungGen      total 230912K, used 229173K [0x00000000f0000000, 0x0000000100000000, 0x0000000100000000)
[46.964s][debug  ][gc,heap        ] GC(171)   eden space 199680K, 99% used [0x00000000f0000000,0x00000000fc1cd498,0x00000000fc300000)
[46.964s][debug  ][gc,heap        ] GC(171)   from space 31232K, 98% used [0x00000000fc300000,0x00000000fe100030,0x00000000fe180000)
[46.964s][debug  ][gc,heap        ] GC(171)   to   space 31232K, 0% used [0x00000000fe180000,0x00000000fe180000,0x0000000100000000)
[46.964s][debug  ][gc,heap        ] GC(171)  ParOldGen       total 1835008K, used 1322597K [0x0000000080000000, 0x00000000f0000000, 0x00000000f0000000)
[46.964s][debug  ][gc,heap        ] GC(171)   object space 1835008K, 72% used [0x0000000080000000,0x00000000d0b99498,0x00000000f0000000)
[46.964s][debug  ][gc,heap        ] GC(171)  Metaspace       used 1023K, committed 1216K, reserved 1056768K
[46.964s][debug  ][gc,heap        ] GC(171)   class space    used 83K, committed 192K, reserved 1048576K
[46.964s][debug  ][gc,tlab        ] GC(171) TLAB totals: thrds: 1  refills: 1 max: 1 slow allocs: 18 max 18 waste: 27.5% gc: 3986280B max: 3986280B slow: 0B max: 0B
[46.964s][info   ][gc,start       ] GC(171) Pause Young (Allocation Failure)
[46.964s][debug  ][gc,phases,start] GC(171) Scavenge
[46.980s][debug  ][gc,phases      ] GC(171) Scavenge 15.333ms
[46.980s][debug  ][gc,phases,start] GC(171) Reference Processing
[46.980s][debug  ][gc,ref         ] GC(171) Skipped phase 1 of Reference Processing: no references
[46.980s][debug  ][gc,ref         ] GC(171) Skipped phase 2 of Reference Processing: no references
[46.980s][debug  ][gc,ref         ] GC(171) Skipped phase 3 of Reference Processing: no references
[46.980s][debug  ][gc,ref         ] GC(171) Skipped phase 4 of Reference Processing: no references
[46.980s][debug  ][gc,phases,ref  ] GC(171) Reference Processing: 0.1ms
[46.980s][debug  ][gc,phases,ref  ] GC(171)   Reconsider SoftReferences: 0.0ms
[46.980s][debug  ][gc,phases,ref  ] GC(171)     SoftRef (ms):                  skipped
[46.980s][debug  ][gc,phases,ref  ] GC(171)   Notify Soft/WeakReferences: 0.0ms
[46.980s][debug  ][gc,phases,ref  ] GC(171)     SoftRef (ms):                  skipped
[46.980s][debug  ][gc,phases,ref  ] GC(171)     WeakRef (ms):                  skipped
[46.980s][debug  ][gc,phases,ref  ] GC(171)     FinalRef (ms):                 skipped
[46.980s][debug  ][gc,phases,ref  ] GC(171)     Total (ms):                    skipped
[46.980s][debug  ][gc,phases,ref  ] GC(171)   Notify and keep alive finalizable: 0.0ms
[46.980s][debug  ][gc,phases,ref  ] GC(171)     FinalRef (ms):                 skipped
[46.980s][debug  ][gc,phases,ref  ] GC(171)   Notify PhantomReferences: 0.0ms
[46.980s][debug  ][gc,phases,ref  ] GC(171)     PhantomRef (ms):               skipped
[46.980s][debug  ][gc,phases,ref  ] GC(171)   SoftReference:
[46.980s][debug  ][gc,phases,ref  ] GC(171)     Discovered: 0
[46.980s][debug  ][gc,phases,ref  ] GC(171)     Cleared: 0
[46.980s][debug  ][gc,phases,ref  ] GC(171)   WeakReference:
[46.980s][debug  ][gc,phases,ref  ] GC(171)     Discovered: 0
[46.980s][debug  ][gc,phases,ref  ] GC(171)     Cleared: 0
[46.980s][debug  ][gc,phases,ref  ] GC(171)   FinalReference:
[46.980s][debug  ][gc,phases,ref  ] GC(171)     Discovered: 0
[46.981s][debug  ][gc,phases,ref  ] GC(171)     Cleared: 0
[46.981s][debug  ][gc,phases,ref  ] GC(171)   PhantomReference:
[46.981s][debug  ][gc,phases,ref  ] GC(171)     Discovered: 0
[46.981s][debug  ][gc,phases,ref  ] GC(171)     Cleared: 0
[46.981s][debug  ][gc,phases      ] GC(171) Reference Processing 0.695ms
[46.981s][debug  ][gc,phases,start] GC(171) Weak Processing
[46.981s][debug  ][gc,phases      ] GC(171)   VM Weak                        Min:  0.0, Avg:  0.0, Max:  0.0, Diff:  0.0, Sum:  0.0, Workers: 6
[46.981s][debug  ][gc,phases      ] GC(171)     Dead                           Min: 0, Avg:  0.0, Max: 0, Diff: 0, Sum: 0, Workers: 6
[46.981s][debug  ][gc,phases      ] GC(171)     Total                          Min: 0, Avg:  1.3, Max: 8, Diff: 8, Sum: 8, Workers: 6
[46.981s][debug  ][gc,phases      ] GC(171)   ObjectSynchronizer Weak        Min:  0.0, Avg:  0.0, Max:  0.0, Diff:  0.0, Sum:  0.0, Workers: 6
[46.981s][debug  ][gc,phases      ] GC(171)     Dead                           Min: 0, Avg:  0.0, Max: 0, Diff: 0, Sum: 0, Workers: 6
[46.981s][debug  ][gc,phases      ] GC(171)     Total                          Min: 0, Avg:  0.5, Max: 3, Diff: 3, Sum: 3, Workers: 6
[46.981s][debug  ][gc,phases      ] GC(171)   JVMTI Tag Weak OopStorage      Min:  0.0, Avg:  0.0, Max:  0.0, Diff:  0.0, Sum:  0.0, Workers: 6
[46.981s][debug  ][gc,phases      ] GC(171)     Dead                           Min: 0, Avg:  0.0, Max: 0, Diff: 0, Sum: 0, Workers: 6
[46.981s][debug  ][gc,phases      ] GC(171)     Total                          Min: 0, Avg:  0.0, Max: 0, Diff: 0, Sum: 0, Workers: 6
[46.981s][debug  ][gc,phases      ] GC(171)   StringTable Weak               Min:  0.0, Avg:  0.0, Max:  0.0, Diff:  0.0, Sum:  0.1, Workers: 6
[46.981s][debug  ][gc,phases      ] GC(171)     Dead                           Min: 0, Avg:  0.0, Max: 0, Diff: 0, Sum: 0, Workers: 6
[46.981s][debug  ][gc,phases      ] GC(171)     Total                          Min: 704, Avg: 892.8, Max: 1151, Diff: 447, Sum: 5357, Workers: 6
[46.981s][debug  ][gc,phases      ] GC(171)   ResolvedMethodTable Weak       Min:  0.0, Avg:  0.0, Max:  0.0, Diff:  0.0, Sum:  0.0, Workers: 6
[46.981s][debug  ][gc,phases      ] GC(171)     Dead                           Min: 0, Avg:  0.0, Max: 0, Diff: 0, Sum: 0, Workers: 6
[46.981s][debug  ][gc,phases      ] GC(171)     Total                          Min: 0, Avg: 21.7, Max: 128, Diff: 128, Sum: 130, Workers: 6
[46.981s][debug  ][gc,phases      ] GC(171)   JNI Weak                       Min:  0.0, Avg:  0.0, Max:  0.0, Diff:  0.0, Sum:  0.0, Workers: 6
[46.981s][debug  ][gc,phases      ] GC(171)     Dead                           Min: 0, Avg:  0.0, Max: 0, Diff: 0, Sum: 0, Workers: 6
[46.981s][debug  ][gc,phases      ] GC(171)     Total                          Min: 0, Avg:  0.0, Max: 0, Diff: 0, Sum: 0, Workers: 6
[46.981s][debug  ][gc,phases      ] GC(171)   StringDedup Table Weak         Min:  0.0, Avg:  0.0, Max:  0.0, Diff:  0.0, Sum:  0.0, Workers: 6
[46.981s][debug  ][gc,phases      ] GC(171)     Dead                           Min: 0, Avg:  0.0, Max: 0, Diff: 0, Sum: 0, Workers: 6
[46.981s][debug  ][gc,phases      ] GC(171)     Total                          Min: 0, Avg:  0.0, Max: 0, Diff: 0, Sum: 0, Workers: 6
[46.981s][debug  ][gc,phases      ] GC(171)   StringDedup Requests0 Weak     Min:  0.0, Avg:  0.0, Max:  0.0, Diff:  0.0, Sum:  0.0, Workers: 6
[46.981s][debug  ][gc,phases      ] GC(171)     Dead                           Min: 0, Avg:  0.0, Max: 0, Diff: 0, Sum: 0, Workers: 6
[46.981s][debug  ][gc,phases      ] GC(171)     Total                          Min: 0, Avg:  0.0, Max: 0, Diff: 0, Sum: 0, Workers: 6
[46.981s][debug  ][gc,phases      ] GC(171)   StringDedup Requests1 Weak     Min:  0.0, Avg:  0.0, Max:  0.0, Diff:  0.0, Sum:  0.0, Workers: 6
[46.981s][debug  ][gc,phases      ] GC(171)     Dead                           Min: 0, Avg:  0.0, Max: 0, Diff: 0, Sum: 0, Workers: 6
[46.981s][debug  ][gc,phases      ] GC(171)     Total                          Min: 0, Avg:  0.0, Max: 0, Diff: 0, Sum: 0, Workers: 6
[46.981s][debug  ][gc,phases      ] GC(171)   Weak JFR Old Object Samples    Min:  0.0, Avg:  0.0, Max:  0.0, Diff:  0.0, Sum:  0.0, Workers: 6
[46.981s][debug  ][gc,phases      ] GC(171)     Dead                           Min: 0, Avg:  0.0, Max: 0, Diff: 0, Sum: 0, Workers: 6
[46.981s][debug  ][gc,phases      ] GC(171)     Total                          Min: 0, Avg:  0.0, Max: 0, Diff: 0, Sum: 0, Workers: 6
[46.981s][debug  ][gc,phases      ] GC(171) Weak Processing 0.706ms
[46.981s][debug  ][gc,ergo        ] GC(171) AdaptiveSizeStart:  collection: 172 
[46.981s][debug  ][gc,ergo        ] GC(171) avg_survived_padded_avg: 31512148.000000
[46.981s][debug  ][gc,ergo        ] GC(171) avg_promoted_padded_avg: 276545984.000000  avg_pretenured_padded_avg: 0.000000  tenuring_thresh: 15  target_size: 31981568
[46.981s][debug  ][gc,age         ] GC(171) Desired survivor size 31981568 bytes, new threshold 15 (max threshold 15)
[46.981s][debug  ][gc,ergo        ] GC(171) PSAdaptiveSizePolicy::compute_eden_space_size limits: desired_eden_size: 224055572 old_eden_size: 204472320 eden_limit: 204472320 cur_eden: 204472320 max_eden_size: 204472320 avg_young_live: 27534480
[46.981s][debug  ][gc,ergo        ] GC(171) PSAdaptiveSizePolicy::compute_eden_space_size: costs minor_time: 0.048491 major_cost: 0.052770 mutator_cost: 0.898739 throughput_goal: 0.990000
[46.981s][debug  ][gc,ergo        ] GC(171) Live_space: 1074761600 free_space: 1431306240
[46.981s][debug  ][gc,ergo        ] GC(171) Old eden_size: 204472320 desired_eden_size: 204472320
[46.981s][debug  ][gc,ergo        ] GC(171) AdaptiveSizeStop: collection: 172 
[46.982s][info   ][gc,heap        ] GC(171) PSYoungGen: 229173K(230912K)->30720K(230912K) Eden: 198453K(199680K)->0K(199680K) From: 30720K(31232K)->30720K(31232K)
[46.982s][info   ][gc,heap        ] GC(171) ParOldGen: 1322597K(1835008K)->1517157K(1835008K)
[46.982s][info   ][gc,metaspace   ] GC(171) Metaspace: 1023K(1216K)->1023K(1216K) NonClass: 940K(1024K)->940K(1024K) Class: 83K(192K)->83K(192K)
[46.982s][info   ][gc             ] GC(171) Pause Young (Allocation Failure) 1515M->1511M(2017M) 17.198ms
[46.982s][info   ][gc,cpu         ] GC(171) User=0.19s Sys=0.00s Real=0.02s
[46.982s][debug  ][gc,heap        ] GC(171) Heap after GC invocations=172 (full 27):
[46.982s][debug  ][gc,heap        ] GC(171)  PSYoungGen      total 230912K, used 30720K [0x00000000f0000000, 0x0000000100000000, 0x0000000100000000)
[46.982s][debug  ][gc,heap        ] GC(171)   eden space 199680K, 0% used [0x00000000f0000000,0x00000000f0000000,0x00000000fc300000)
[46.982s][debug  ][gc,heap        ] GC(171)   from space 31232K, 98% used [0x00000000fe180000,0x00000000fff80030,0x0000000100000000)
[46.982s][debug  ][gc,heap        ] GC(171)   to   space 31232K, 0% used [0x00000000fc300000,0x00000000fc300000,0x00000000fe180000)
[46.982s][debug  ][gc,heap        ] GC(171)  ParOldGen       total 1835008K, used 1517157K [0x0000000080000000, 0x00000000f0000000, 0x00000000f0000000)
[46.982s][debug  ][gc,heap        ] GC(171)   object space 1835008K, 82% used [0x0000000080000000,0x00000000dc9995c8,0x00000000f0000000)
[46.982s][debug  ][gc,heap        ] GC(171)  Metaspace       used 1023K, committed 1216K, reserved 1056768K
[46.982s][debug  ][gc,heap        ] GC(171)   class space    used 83K, committed 192K, reserved 1048576K
[46.982s][debug  ][gc,task,time   ] GC(171) VM-Thread 469639995 469798846 469818692
[47.279s][debug  ][gc,heap        ] GC(172) Heap before GC invocations=173 (full 27):
[47.279s][debug  ][gc,heap        ] GC(172)  PSYoungGen      total 230912K, used 229181K [0x00000000f0000000, 0x0000000100000000, 0x0000000100000000)
[47.279s][debug  ][gc,heap        ] GC(172)   eden space 199680K, 99% used [0x00000000f0000000,0x00000000fc1cf3f8,0x00000000fc300000)
[47.279s][debug  ][gc,heap        ] GC(172)   from space 31232K, 98% used [0x00000000fe180000,0x00000000fff80030,0x0000000100000000)
[47.279s][debug  ][gc,heap        ] GC(172)   to   space 31232K, 0% used [0x00000000fc300000,0x00000000fc300000,0x00000000fe180000)
[47.279s][debug  ][gc,heap        ] GC(172)  ParOldGen       total 1835008K, used 1517157K [0x0000000080000000, 0x00000000f0000000, 0x00000000f0000000)
[47.279s][debug  ][gc,heap        ] GC(172)   object space 1835008K, 82% used [0x0000000080000000,0x00000000dc9995c8,0x00000000f0000000)
[47.279s][debug  ][gc,heap        ] GC(172)  Metaspace       used 1023K, committed 1216K, reserved 1056768K
[47.279s][debug  ][gc,heap        ] GC(172)   class space    used 83K, committed 192K, reserved 1048576K
[47.279s][debug  ][gc,tlab        ] GC(172) TLAB totals: thrds: 1  refills: 1 max: 1 slow allocs: 18 max 18 waste: 27.6% gc: 3994312B max: 3994312B slow: 0B max: 0B
[47.280s][info   ][gc,start       ] GC(172) Pause Young (Allocation Failure)
[47.280s][debug  ][gc,phases,start] GC(172) Scavenge
[47.295s][debug  ][gc,phases      ] GC(172) Scavenge 15.492ms
[47.295s][debug  ][gc,phases,start] GC(172) Reference Processing
[47.295s][debug  ][gc,ref         ] GC(172) Skipped phase 1 of Reference Processing: no references
[47.295s][debug  ][gc,ref         ] GC(172) Skipped phase 2 of Reference Processing: no references
[47.295s][debug  ][gc,ref         ] GC(172) Skipped phase 3 of Reference Processing: no references
[47.295s][debug  ][gc,ref         ] GC(172) Skipped phase 4 of Reference Processing: no references
[47.295s][debug  ][gc,phases,ref  ] GC(172) Reference Processing: 0.1ms
[47.295s][debug  ][gc,phases,ref  ] GC(172)   Reconsider SoftReferences: 0.0ms
[47.295s][debug  ][gc,phases,ref  ] GC(172)     SoftRef (ms):                  skipped
[47.295s][debug  ][gc,phases,ref  ] GC(172)   Notify Soft/WeakReferences: 0.0ms
[47.295s][debug  ][gc,phases,ref  ] GC(172)     SoftRef (ms):                  skipped
[47.295s][debug  ][gc,phases,ref  ] GC(172)     WeakRef (ms):                  skipped
[47.295s][debug  ][gc,phases,ref  ] GC(172)     FinalRef (ms):                 skipped
[47.295s][debug  ][gc,phases,ref  ] GC(172)     Total (ms):                    skipped
[47.295s][debug  ][gc,phases,ref  ] GC(172)   Notify and keep alive finalizable: 0.0ms
[47.295s][debug  ][gc,phases,ref  ] GC(172)     FinalRef (ms):                 skipped
[47.295s][debug  ][gc,phases,ref  ] GC(172)   Notify PhantomReferences: 0.0ms
[47.296s][debug  ][gc,phases,ref  ] GC(172)     PhantomRef (ms):               skipped
[47.296s][debug  ][gc,phases,ref  ] GC(172)   SoftReference:
[47.296s][debug  ][gc,phases,ref  ] GC(172)     Discovered: 0
[47.296s][debug  ][gc,phases,ref  ] GC(172)     Cleared: 0
[47.296s][debug  ][gc,phases,ref  ] GC(172)   WeakReference:
[47.296s][debug  ][gc,phases,ref  ] GC(172)     Discovered: 0
[47.296s][debug  ][gc,phases,ref  ] GC(172)     Cleared: 0
[47.296s][debug  ][gc,phases,ref  ] GC(172)   FinalReference:
[47.296s][debug  ][gc,phases,ref  ] GC(172)     Discovered: 0
[47.296s][debug  ][gc,phases,ref  ] GC(172)     Cleared: 0
[47.296s][debug  ][gc,phases,ref  ] GC(172)   PhantomReference:
[47.296s][debug  ][gc,phases,ref  ] GC(172)     Discovered: 0
[47.296s][debug  ][gc,phases,ref  ] GC(172)     Cleared: 0
[47.296s][debug  ][gc,phases      ] GC(172) Reference Processing 0.605ms
[47.296s][debug  ][gc,phases,start] GC(172) Weak Processing
[47.296s][debug  ][gc,phases      ] GC(172)   VM Weak                        Min:  0.0, Avg:  0.0, Max:  0.0, Diff:  0.0, Sum:  0.0, Workers: 6
[47.296s][debug  ][gc,phases      ] GC(172)     Dead                           Min: 0, Avg:  0.0, Max: 0, Diff: 0, Sum: 0, Workers: 6
[47.296s][debug  ][gc,phases      ] GC(172)     Total                          Min: 0, Avg:  1.3, Max: 8, Diff: 8, Sum: 8, Workers: 6
[47.296s][debug  ][gc,phases      ] GC(172)   ObjectSynchronizer Weak        Min:  0.0, Avg:  0.0, Max:  0.0, Diff:  0.0, Sum:  0.0, Workers: 6
[47.296s][debug  ][gc,phases      ] GC(172)     Dead                           Min: 0, Avg:  0.0, Max: 0, Diff: 0, Sum: 0, Workers: 6
[47.296s][debug  ][gc,phases      ] GC(172)     Total                          Min: 0, Avg:  0.5, Max: 3, Diff: 3, Sum: 3, Workers: 6
[47.296s][debug  ][gc,phases      ] GC(172)   JVMTI Tag Weak OopStorage      Min:  0.0, Avg:  0.0, Max:  0.0, Diff:  0.0, Sum:  0.0, Workers: 6
[47.296s][debug  ][gc,phases      ] GC(172)     Dead                           Min: 0, Avg:  0.0, Max: 0, Diff: 0, Sum: 0, Workers: 6
[47.296s][debug  ][gc,phases      ] GC(172)     Total                          Min: 0, Avg:  0.0, Max: 0, Diff: 0, Sum: 0, Workers: 6
[47.296s][debug  ][gc,phases      ] GC(172)   StringTable Weak               Min:  0.0, Avg:  0.0, Max:  0.0, Diff:  0.0, Sum:  0.0, Workers: 6
[47.296s][debug  ][gc,phases      ] GC(172)     Dead                           Min: 0, Avg:  0.0, Max: 0, Diff: 0, Sum: 0, Workers: 6
[47.296s][debug  ][gc,phases      ] GC(172)     Total                          Min: 704, Avg: 892.8, Max: 1134, Diff: 430, Sum: 5357, Workers: 6
[47.296s][debug  ][gc,phases      ] GC(172)   ResolvedMethodTable Weak       Min:  0.0, Avg:  0.0, Max:  0.0, Diff:  0.0, Sum:  0.0, Workers: 6
[47.296s][debug  ][gc,phases      ] GC(172)     Dead                           Min: 0, Avg:  0.0, Max: 0, Diff: 0, Sum: 0, Workers: 6
[47.296s][debug  ][gc,phases      ] GC(172)     Total                          Min: 0, Avg: 21.7, Max: 64, Diff: 64, Sum: 130, Workers: 6
[47.296s][debug  ][gc,phases      ] GC(172)   JNI Weak                       Min:  0.0, Avg:  0.0, Max:  0.0, Diff:  0.0, Sum:  0.0, Workers: 6
[47.296s][debug  ][gc,phases      ] GC(172)     Dead                           Min: 0, Avg:  0.0, Max: 0, Diff: 0, Sum: 0, Workers: 6
[47.296s][debug  ][gc,phases      ] GC(172)     Total                          Min: 0, Avg:  0.0, Max: 0, Diff: 0, Sum: 0, Workers: 6
[47.296s][debug  ][gc,phases      ] GC(172)   StringDedup Table Weak         Min:  0.0, Avg:  0.0, Max:  0.0, Diff:  0.0, Sum:  0.0, Workers: 6
[47.296s][debug  ][gc,phases      ] GC(172)     Dead                           Min: 0, Avg:  0.0, Max: 0, Diff: 0, Sum: 0, Workers: 6
[47.296s][debug  ][gc,phases      ] GC(172)     Total                          Min: 0, Avg:  0.0, Max: 0, Diff: 0, Sum: 0, Workers: 6
[47.296s][debug  ][gc,phases      ] GC(172)   StringDedup Requests0 Weak     Min:  0.0, Avg:  0.0, Max:  0.0, Diff:  0.0, Sum:  0.0, Workers: 6
[47.296s][debug  ][gc,phases      ] GC(172)     Dead                           Min: 0, Avg:  0.0, Max: 0, Diff: 0, Sum: 0, Workers: 6
[47.296s][debug  ][gc,phases      ] GC(172)     Total                          Min: 0, Avg:  0.0, Max: 0, Diff: 0, Sum: 0, Workers: 6
[47.296s][debug  ][gc,phases      ] GC(172)   StringDedup Requests1 Weak     Min:  0.0, Avg:  0.0, Max:  0.0, Diff:  0.0, Sum:  0.0, Workers: 6
[47.296s][debug  ][gc,phases      ] GC(172)     Dead                           Min: 0, Avg:  0.0, Max: 0, Diff: 0, Sum: 0, Workers: 6
[47.296s][debug  ][gc,phases      ] GC(172)     Total                          Min: 0, Avg:  0.0, Max: 0, Diff: 0, Sum: 0, Workers: 6
[47.296s][debug  ][gc,phases      ] GC(172)   Weak JFR Old Object Samples    Min:  0.0, Avg:  0.0, Max:  0.0, Diff:  0.0, Sum:  0.0, Workers: 6
[47.296s][debug  ][gc,phases      ] GC(172)     Dead                           Min: 0, Avg:  0.0, Max: 0, Diff: 0, Sum: 0, Workers: 6
[47.296s][debug  ][gc,phases      ] GC(172)     Total                          Min: 0, Avg:  0.0, Max: 0, Diff: 0, Sum: 0, Workers: 6
[47.296s][debug  ][gc,phases      ] GC(172) Weak Processing 0.673ms
[47.296s][debug  ][gc,ergo        ] GC(172) AdaptiveSizeStart:  collection: 173 
[47.296s][debug  ][gc,ergo        ] GC(172) avg_survived_padded_avg: 31507322.000000
[47.297s][debug  ][gc,ergo        ] GC(172) avg_promoted_padded_avg: 275723488.000000  avg_pretenured_padded_avg: 0.000000  tenuring_thresh: 15  target_size: 31981568
[47.297s][debug  ][gc,age         ] GC(172) Desired survivor size 31981568 bytes, new threshold 15 (max threshold 15)
[47.297s][debug  ][gc,ergo        ] GC(172) PSAdaptiveSizePolicy::compute_eden_space_size limits: desired_eden_size: 224321511 old_eden_size: 204472320 eden_limit: 204472320 cur_eden: 204472320 max_eden_size: 204472320 avg_young_live: 27926764
[47.297s][debug  ][gc,ergo        ] GC(172) PSAdaptiveSizePolicy::compute_eden_space_size: costs minor_time: 0.049771 major_cost: 0.052770 mutator_cost: 0.897459 throughput_goal: 0.990000
[47.297s][debug  ][gc,ergo        ] GC(172) Live_space: 1075153920 free_space: 1431306240
[47.297s][debug  ][gc,ergo        ] GC(172) Old eden_size: 204472320 desired_eden_size: 204472320
[47.297s][debug  ][gc,ergo        ] GC(172) AdaptiveSizeStop: collection: 173 
[47.297s][info   ][gc,heap        ] GC(172) PSYoungGen: 229181K(230912K)->30720K(230912K) Eden: 198460K(199680K)->0K(199680K) From: 30720K(31232K)->30720K(31232K)
[47.297s][info   ][gc,heap        ] GC(172) ParOldGen: 1517157K(1835008K)->1711717K(1835008K)
[47.297s][info   ][gc,metaspace   ] GC(172) Metaspace: 1023K(1216K)->1023K(1216K) NonClass: 940K(1024K)->940K(1024K) Class: 83K(192K)->83K(192K)
[47.297s][info   ][gc             ] GC(172) Pause Young (Allocation Failure) 1705M->1701M(2017M) 17.241ms
[47.297s][info   ][gc,cpu         ] GC(172) User=0.12s Sys=0.00s Real=0.02s
[47.297s][debug  ][gc,heap        ] GC(172) Heap after GC invocations=173 (full 27):
[47.297s][debug  ][gc,heap        ] GC(172)  PSYoungGen      total 230912K, used 30720K [0x00000000f0000000, 0x0000000100000000, 0x0000000100000000)
[47.297s][debug  ][gc,heap        ] GC(172)   eden space 199680K, 0% used [0x00000000f0000000,0x00000000f0000000,0x00000000fc300000)
[47.297s][debug  ][gc,heap        ] GC(172)   from space 31232K, 98% used [0x00000000fc300000,0x00000000fe100030,0x00000000fe180000)
[47.297s][debug  ][gc,heap        ] GC(172)   to   space 31232K, 0% used [0x00000000fe180000,0x00000000fe180000,0x0000000100000000)
[47.297s][debug  ][gc,heap        ] GC(172)  ParOldGen       total 1835008K, used 1711717K [0x0000000080000000, 0x00000000f0000000, 0x00000000f0000000)
[47.297s][debug  ][gc,heap        ] GC(172)   object space 1835008K, 93% used [0x0000000080000000,0x00000000e87996f8,0x00000000f0000000)
[47.297s][debug  ][gc,heap        ] GC(172)  Metaspace       used 1023K, committed 1216K, reserved 1056768K
[47.297s][debug  ][gc,heap        ] GC(172)   class space    used 83K, committed 192K, reserved 1048576K
[47.297s][debug  ][gc,task,time   ] GC(172) VM-Thread 472791378 472951484 472970099
[47.297s][debug  ][gc,phases,start] GC(173) Pre Compact
[47.297s][debug  ][gc,heap        ] GC(173) Heap before GC invocations=174 (full 28):
[47.297s][debug  ][gc,heap        ] GC(173)  PSYoungGen      total 230912K, used 30720K [0x00000000f0000000, 0x0000000100000000, 0x0000000100000000)
[47.297s][debug  ][gc,heap        ] GC(173)   eden space 199680K, 0% used [0x00000000f0000000,0x00000000f0000000,0x00000000fc300000)
[47.297s][debug  ][gc,heap        ] GC(173)   from space 31232K, 98% used [0x00000000fc300000,0x00000000fe100030,0x00000000fe180000)
[47.297s][debug  ][gc,heap        ] GC(173)   to   space 31232K, 0% used [0x00000000fe180000,0x00000000fe180000,0x0000000100000000)
[47.297s][debug  ][gc,heap        ] GC(173)  ParOldGen       total 1835008K, used 1711717K [0x0000000080000000, 0x00000000f0000000, 0x00000000f0000000)
[47.297s][debug  ][gc,heap        ] GC(173)   object space 1835008K, 93% used [0x0000000080000000,0x00000000e87996f8,0x00000000f0000000)
[47.297s][debug  ][gc,heap        ] GC(173)  Metaspace       used 1023K, committed 1216K, reserved 1056768K
[47.297s][debug  ][gc,heap        ] GC(173)   class space    used 83K, committed 192K, reserved 1048576K
[47.297s][debug  ][gc,phases      ] GC(173) Pre Compact 0.202ms
[47.297s][info   ][gc,start       ] GC(173) Pause Full (Ergonomics)
[47.297s][info   ][gc,phases,start] GC(173) Marking Phase
[47.297s][debug  ][gc,phases,start] GC(173) Par Mark
[47.298s][debug  ][gc,phases      ] GC(173) Par Mark 0.510ms
[47.298s][debug  ][gc,phases,start] GC(173) Reference Processing
[47.298s][debug  ][gc,ref         ] GC(173) Skipped phase 1 of Reference Processing: no references
[47.298s][debug  ][gc,ref         ] GC(173) ReferenceProcessor::execute queues: 1, RefProcThreadModel::Single, marks_oops_alive: false
[47.298s][debug  ][gc,ref         ] GC(173) Skipped phase 3 of Reference Processing: no references
[47.298s][debug  ][gc,ref         ] GC(173) ReferenceProcessor::execute queues: 1, RefProcThreadModel::Single, marks_oops_alive: false
[47.298s][debug  ][gc,phases,ref  ] GC(173) Reference Processing: 0.1ms
[47.298s][debug  ][gc,phases,ref  ] GC(173)   Reconsider SoftReferences: 0.0ms
[47.298s][debug  ][gc,phases,ref  ] GC(173)     SoftRef (ms):                  skipped
[47.298s][debug  ][gc,phases,ref  ] GC(173)   Notify Soft/WeakReferences: 0.0ms
[47.298s][debug  ][gc,phases,ref  ] GC(173)     SoftRef (ms):                  Min:  0.0, Avg:  0.0, Max:  0.0, Diff:  0.0, Sum:  0.0, Workers: 10
[47.298s][debug  ][gc,phases,ref  ] GC(173)     WeakRef (ms):                  Min:  0.0, Avg:  0.0, Max:  0.0, Diff:  0.0, Sum:  0.0, Workers: 10
[47.298s][debug  ][gc,phases,ref  ] GC(173)     FinalRef (ms):                 Min:  0.0, Avg:  0.0, Max:  0.0, Diff:  0.0, Sum:  0.0, Workers: 10
[47.298s][debug  ][gc,phases,ref  ] GC(173)     Total (ms):                    Min:  0.0, Avg:  0.0, Max:  0.0, Diff:  0.0, Sum:  0.0, Workers: 10
[47.298s][debug  ][gc,phases,ref  ] GC(173)   Notify and keep alive finalizable: 0.0ms
[47.298s][debug  ][gc,phases,ref  ] GC(173)     FinalRef (ms):                 skipped
[47.298s][debug  ][gc,phases,ref  ] GC(173)   Notify PhantomReferences: 0.1ms
[47.298s][debug  ][gc,phases,ref  ] GC(173)     PhantomRef (ms):               Min:  0.0, Avg:  0.0, Max:  0.0, Diff:  0.0, Sum:  0.0, Workers: 10
[47.298s][debug  ][gc,phases,ref  ] GC(173)   SoftReference:
[47.298s][debug  ][gc,phases,ref  ] GC(173)     Discovered: 0
[47.299s][debug  ][gc,phases,ref  ] GC(173)     Cleared: 0
[47.299s][debug  ][gc,phases,ref  ] GC(173)   WeakReference:
[47.299s][debug  ][gc,phases,ref  ] GC(173)     Discovered: 79
[47.299s][debug  ][gc,phases,ref  ] GC(173)     Cleared: 79
[47.299s][debug  ][gc,phases,ref  ] GC(173)   FinalReference:
[47.299s][debug  ][gc,phases,ref  ] GC(173)     Discovered: 0
[47.299s][debug  ][gc,phases,ref  ] GC(173)     Cleared: 0
[47.299s][debug  ][gc,phases,ref  ] GC(173)   PhantomReference:
[47.299s][debug  ][gc,phases,ref  ] GC(173)     Discovered: 3
[47.299s][debug  ][gc,phases,ref  ] GC(173)     Cleared: 3
[47.299s][debug  ][gc,phases      ] GC(173) Reference Processing 0.924ms
[47.299s][debug  ][gc,phases,start] GC(173) Weak Processing
[47.299s][debug  ][gc,phases      ] GC(173)   VM Weak                        Min:  0.0, Avg:  0.0, Max:  0.0, Diff:  0.0, Sum:  0.0, Workers: 6
[47.299s][debug  ][gc,phases      ] GC(173)     Dead                           Min: 0, Avg:  0.0, Max: 0, Diff: 0, Sum: 0, Workers: 6
[47.299s][debug  ][gc,phases      ] GC(173)     Total                          Min: 0, Avg:  1.3, Max: 8, Diff: 8, Sum: 8, Workers: 6
[47.299s][debug  ][gc,phases      ] GC(173)   ObjectSynchronizer Weak        Min:  0.0, Avg:  0.0, Max:  0.0, Diff:  0.0, Sum:  0.0, Workers: 6
[47.299s][debug  ][gc,phases      ] GC(173)     Dead                           Min: 0, Avg:  0.0, Max: 0, Diff: 0, Sum: 0, Workers: 6
[47.299s][debug  ][gc,phases      ] GC(173)     Total                          Min: 0, Avg:  0.5, Max: 3, Diff: 3, Sum: 3, Workers: 6
[47.299s][debug  ][gc,phases      ] GC(173)   JVMTI Tag Weak OopStorage      Min:  0.0, Avg:  0.0, Max:  0.0, Diff:  0.0, Sum:  0.0, Workers: 6
[47.299s][debug  ][gc,phases      ] GC(173)     Dead                           Min: 0, Avg:  0.0, Max: 0, Diff: 0, Sum: 0, Workers: 6
[47.299s][debug  ][gc,phases      ] GC(173)     Total                          Min: 0, Avg:  0.0, Max: 0, Diff: 0, Sum: 0, Workers: 6
[47.299s][debug  ][gc,phases      ] GC(173)   StringTable Weak               Min:  0.0, Avg:  0.0, Max:  0.0, Diff:  0.0, Sum:  0.0, Workers: 6
[47.299s][debug  ][gc,phases      ] GC(173)     Dead                           Min: 0, Avg:  0.0, Max: 0, Diff: 0, Sum: 0, Workers: 6
[47.299s][debug  ][gc,phases      ] GC(173)     Total                          Min: 832, Avg: 892.8, Max: 960, Diff: 128, Sum: 5357, Workers: 6
[47.299s][debug  ][gc,phases      ] GC(173)   ResolvedMethodTable Weak       Min:  0.0, Avg:  0.0, Max:  0.0, Diff:  0.0, Sum:  0.0, Workers: 6
[47.299s][debug  ][gc,phases      ] GC(173)     Dead                           Min: 0, Avg:  0.0, Max: 0, Diff: 0, Sum: 0, Workers: 6
[47.299s][debug  ][gc,phases      ] GC(173)     Total                          Min: 0, Avg: 21.7, Max: 64, Diff: 64, Sum: 130, Workers: 6
[47.299s][debug  ][gc,phases      ] GC(173)   JNI Weak                       Min:  0.0, Avg:  0.0, Max:  0.0, Diff:  0.0, Sum:  0.0, Workers: 6
[47.299s][debug  ][gc,phases      ] GC(173)     Dead                           Min: 0, Avg:  0.0, Max: 0, Diff: 0, Sum: 0, Workers: 6
[47.299s][debug  ][gc,phases      ] GC(173)     Total                          Min: 0, Avg:  0.0, Max: 0, Diff: 0, Sum: 0, Workers: 6
[47.299s][debug  ][gc,phases      ] GC(173)   StringDedup Table Weak         Min:  0.0, Avg:  0.0, Max:  0.0, Diff:  0.0, Sum:  0.0, Workers: 6
[47.299s][debug  ][gc,phases      ] GC(173)     Dead                           Min: 0, Avg:  0.0, Max: 0, Diff: 0, Sum: 0, Workers: 6
[47.299s][debug  ][gc,phases      ] GC(173)     Total                          Min: 0, Avg:  0.0, Max: 0, Diff: 0, Sum: 0, Workers: 6
[47.299s][debug  ][gc,phases      ] GC(173)   StringDedup Requests0 Weak     Min:  0.0, Avg:  0.0, Max:  0.0, Diff:  0.0, Sum:  0.0, Workers: 6
[47.299s][debug  ][gc,phases      ] GC(173)     Dead                           Min: 0, Avg:  0.0, Max: 0, Diff: 0, Sum: 0, Workers: 6
[47.299s][debug  ][gc,phases      ] GC(173)     Total                          Min: 0, Avg:  0.0, Max: 0, Diff: 0, Sum: 0, Workers: 6
[47.299s][debug  ][gc,phases      ] GC(173)   StringDedup Requests1 Weak     Min:  0.0, Avg:  0.0, Max:  0.0, Diff:  0.0, Sum:  0.0, Workers: 6
[47.300s][debug  ][gc,phases      ] GC(173)     Dead                           Min: 0, Avg:  0.0, Max: 0, Diff: 0, Sum: 0, Workers: 6
[47.300s][debug  ][gc,phases      ] GC(173)     Total                          Min: 0, Avg:  0.0, Max: 0, Diff: 0, Sum: 0, Workers: 6
[47.300s][debug  ][gc,phases      ] GC(173)   Weak JFR Old Object Samples    Min:  0.0, Avg:  0.0, Max:  0.0, Diff:  0.0, Sum:  0.0, Workers: 6
[47.300s][debug  ][gc,phases      ] GC(173)     Dead                           Min: 0, Avg:  0.0, Max: 0, Diff: 0, Sum: 0, Workers: 6
[47.300s][debug  ][gc,phases      ] GC(173)     Total                          Min: 0, Avg:  0.0, Max: 0, Diff: 0, Sum: 0, Workers: 6
[47.300s][debug  ][gc,phases      ] GC(173) Weak Processing 0.804ms
[47.300s][debug  ][gc,phases,start] GC(173) Class Unloading
[47.300s][debug  ][gc,phases,start] GC(173) ClassLoaderData
[47.300s][debug  ][gc,phases      ] GC(173) ClassLoaderData 0.024ms
[47.300s][debug  ][gc,phases,start] GC(173) Trigger cleanups
[47.300s][debug  ][gc,phases      ] GC(173) Trigger cleanups 0.023ms
[47.300s][debug  ][gc,phases      ] GC(173) Class Unloading 0.300ms
[47.300s][info   ][gc,phases      ] GC(173) Marking Phase 2.694ms
[47.300s][info   ][gc,phases,start] GC(173) Summary Phase
[47.300s][info   ][gc,phases      ] GC(173) Summary Phase 0.060ms
[47.300s][info   ][gc,phases,start] GC(173) Adjust Roots
[47.300s][info   ][gc,phases      ] GC(173) Adjust Roots 0.146ms
[47.300s][info   ][gc,phases,start] GC(173) Compaction Phase
[47.395s][info   ][gc,phases      ] GC(173) Compaction Phase 94.846ms
[47.395s][info   ][gc,phases,start] GC(173) Post Compact
[47.401s][info   ][gc,phases      ] GC(173) Post Compact 5.826ms
[47.401s][debug  ][gc,ergo        ] GC(173) AdaptiveSizeStart: collection: 174 
[47.401s][debug  ][gc,ergo        ] GC(173) PSAdaptiveSizePolicy::compute_eden_space_size limits: desired_eden_size: 224374485 old_eden_size: 204472320 eden_limit: 204472320 cur_eden: 204472320 max_eden_size: 204472320 avg_young_live: 25134088
[47.401s][debug  ][gc,ergo        ] GC(173) PSAdaptiveSizePolicy::compute_eden_space_size: costs minor_time: 0.049771 major_cost: 0.052497 mutator_cost: 0.897732 throughput_goal: 0.990000
[47.401s][debug  ][gc,ergo        ] GC(173) Live_space: 1072361216 free_space: 1431306240
[47.401s][debug  ][gc,ergo        ] GC(173) Old eden_size: 204472320 desired_eden_size: 204472320
[47.401s][debug  ][gc,ergo        ] GC(173) PSAdaptiveSizePolicy::compute_old_gen_free_space limits: desired_promo_size: 1352787708 promo_limit: 1226833920 free_in_old_gen: 1089887744 max_old_gen_size: 1879048192 avg_old_live: 789160448
[47.401s][debug  ][gc,ergo        ] GC(173) PSAdaptiveSizePolicy::compute_old_gen_free_space: costs minor_time: 0.049771 major_cost: 0.052497  mutator_cost: 0.897732 throughput_goal: 0.990000
[47.401s][debug  ][gc,ergo        ] GC(173) Live_space: 1082729984 free_space: 1431306240
[47.401s][debug  ][gc,ergo        ] GC(173) Old promo_size: 1226833920 desired_promo_size: 1226833920
[47.401s][debug  ][gc,ergo        ] GC(173) AdaptiveSizeStop: collection: 174 
[47.401s][info   ][gc,heap        ] GC(173) PSYoungGen: 30720K(230912K)->0K(230912K) Eden: 0K(199680K)->0K(199680K) From: 30720K(31232K)->0K(31232K)
[47.402s][info   ][gc,heap        ] GC(173) ParOldGen: 1711717K(1835008K)->861796K(1835008K)
[47.402s][info   ][gc,metaspace   ] GC(173) Metaspace: 1023K(1216K)->1023K(1216K) NonClass: 940K(1024K)->940K(1024K) Class: 83K(192K)->83K(192K)
[47.402s][info   ][gc             ] GC(173) Pause Full (Ergonomics) 1701M->841M(2017M) 104.305ms
[47.402s][info   ][gc,cpu         ] GC(173) User=0.91s Sys=0.00s Real=0.10s
[47.402s][debug  ][gc,heap        ] GC(173) Heap after GC invocations=174 (full 28):
[47.402s][debug  ][gc,heap        ] GC(173)  PSYoungGen      total 230912K, used 0K [0x00000000f0000000, 0x0000000100000000, 0x0000000100000000)
[47.402s][debug  ][gc,heap        ] GC(173)   eden space 199680K, 0% used [0x00000000f0000000,0x00000000f0000000,0x00000000fc300000)
[47.402s][debug  ][gc,heap        ] GC(173)   from space 31232K, 0% used [0x00000000fe180000,0x00000000fe180000,0x0000000100000000)
[47.402s][debug  ][gc,heap        ] GC(173)   to   space 31232K, 0% used [0x00000000fc300000,0x00000000fc300000,0x00000000fe180000)
[47.402s][debug  ][gc,heap        ] GC(173)  ParOldGen       total 1835008K, used 861796K [0x0000000080000000, 0x00000000f0000000, 0x00000000f0000000)
[47.402s][debug  ][gc,heap        ] GC(173)   object space 1835008K, 46% used [0x0000000080000000,0x00000000b49991c8,0x00000000f0000000)
[47.402s][debug  ][gc,heap        ] GC(173)  Metaspace       used 1023K, committed 1216K, reserved 1056768K
[47.402s][debug  ][gc,heap        ] GC(173)   class space    used 83K, committed 192K, reserved 1048576K
[47.402s][debug  ][gc,task,time   ] GC(173) VM-Thread 472972958 473003179 474016333
[47.710s][debug  ][gc,heap        ] GC(174) Heap before GC invocations=175 (full 28):
[47.710s][debug  ][gc,heap        ] GC(174)  PSYoungGen      total 230912K, used 198466K [0x00000000f0000000, 0x0000000100000000, 0x0000000100000000)
[47.710s][debug  ][gc,heap        ] GC(174)   eden space 199680K, 99% used [0x00000000f0000000,0x00000000fc1d0820,0x00000000fc300000)
[47.710s][debug  ][gc,heap        ] GC(174)   from space 31232K, 0% used [0x00000000fe180000,0x00000000fe180000,0x0000000100000000)
[47.710s][debug  ][gc,heap        ] GC(174)   to   space 31232K, 0% used [0x00000000fc300000,0x00000000fc300000,0x00000000fe180000)
[47.711s][debug  ][gc,heap        ] GC(174)  ParOldGen       total 1835008K, used 861796K [0x0000000080000000, 0x00000000f0000000, 0x00000000f0000000)
[47.711s][debug  ][gc,heap        ] GC(174)   object space 1835008K, 46% used [0x0000000080000000,0x00000000b49991c8,0x00000000f0000000)
[47.711s][debug  ][gc,heap        ] GC(174)  Metaspace       used 1025K, committed 1216K, reserved 1056768K
[47.711s][debug  ][gc,heap        ] GC(174)   class space    used 83K, committed 192K, reserved 1048576K
[47.711s][debug  ][gc,tlab        ] GC(174) TLAB totals: thrds: 1  refills: 1 max: 1 slow allocs: 18 max 18 waste: 27.6% gc: 3998408B max: 3998408B slow: 0B max: 0B
[47.711s][info   ][gc,start       ] GC(174) Pause Young (Allocation Failure)
[47.711s][debug  ][gc,phases,start] GC(174) Scavenge
[47.715s][debug  ][gc,phases      ] GC(174) Scavenge 4.569ms
[47.716s][debug  ][gc,phases,start] GC(174) Reference Processing
[47.716s][debug  ][gc,ref         ] GC(174) Skipped phase 1 of Reference Processing: no references
[47.716s][debug  ][gc,ref         ] GC(174) Skipped phase 2 of Reference Processing: no references
[47.716s][debug  ][gc,ref         ] GC(174) Skipped phase 3 of Reference Processing: no references
[47.716s][debug  ][gc,ref         ] GC(174) Skipped phase 4 of Reference Processing: no references
[47.716s][debug  ][gc,phases,ref  ] GC(174) Reference Processing: 0.1ms
[47.716s][debug  ][gc,phases,ref  ] GC(174)   Reconsider SoftReferences: 0.0ms
[47.716s][debug  ][gc,phases,ref  ] GC(174)     SoftRef (ms):                  skipped
[47.716s][debug  ][gc,phases,ref  ] GC(174)   Notify Soft/WeakReferences: 0.0ms
[47.716s][debug  ][gc,phases,ref  ] GC(174)     SoftRef (ms):                  skipped
[47.716s][debug  ][gc,phases,ref  ] GC(174)     WeakRef (ms):                  skipped
[47.716s][debug  ][gc,phases,ref  ] GC(174)     FinalRef (ms):                 skipped
[47.716s][debug  ][gc,phases,ref  ] GC(174)     Total (ms):                    skipped
[47.716s][debug  ][gc,phases,ref  ] GC(174)   Notify and keep alive finalizable: 0.0ms
[47.716s][debug  ][gc,phases,ref  ] GC(174)     FinalRef (ms):                 skipped
[47.716s][debug  ][gc,phases,ref  ] GC(174)   Notify PhantomReferences: 0.0ms
[47.716s][debug  ][gc,phases,ref  ] GC(174)     PhantomRef (ms):               skipped
[47.716s][debug  ][gc,phases,ref  ] GC(174)   SoftReference:
[47.716s][debug  ][gc,phases,ref  ] GC(174)     Discovered: 0
[47.716s][debug  ][gc,phases,ref  ] GC(174)     Cleared: 0
[47.716s][debug  ][gc,phases,ref  ] GC(174)   WeakReference:
[47.716s][debug  ][gc,phases,ref  ] GC(174)     Discovered: 0
[47.716s][debug  ][gc,phases,ref  ] GC(174)     Cleared: 0
[47.716s][debug  ][gc,phases,ref  ] GC(174)   FinalReference:
[47.716s][debug  ][gc,phases,ref  ] GC(174)     Discovered: 0
[47.716s][debug  ][gc,phases,ref  ] GC(174)     Cleared: 0
[47.716s][debug  ][gc,phases,ref  ] GC(174)   PhantomReference:
[47.716s][debug  ][gc,phases,ref  ] GC(174)     Discovered: 0
[47.716s][debug  ][gc,phases,ref  ] GC(174)     Cleared: 0
[47.716s][debug  ][gc,phases      ] GC(174) Reference Processing 0.783ms
[47.716s][debug  ][gc,phases,start] GC(174) Weak Processing
[47.716s][debug  ][gc,phases      ] GC(174)   VM Weak                        Min:  0.0, Avg:  0.0, Max:  0.0, Diff:  0.0, Sum:  0.0, Workers: 6
[47.716s][debug  ][gc,phases      ] GC(174)     Dead                           Min: 0, Avg:  0.0, Max: 0, Diff: 0, Sum: 0, Workers: 6
[47.716s][debug  ][gc,phases      ] GC(174)     Total                          Min: 0, Avg:  1.3, Max: 8, Diff: 8, Sum: 8, Workers: 6
[47.717s][debug  ][gc,phases      ] GC(174)   ObjectSynchronizer Weak        Min:  0.0, Avg:  0.0, Max:  0.0, Diff:  0.0, Sum:  0.0, Workers: 6
[47.717s][debug  ][gc,phases      ] GC(174)     Dead                           Min: 0, Avg:  0.0, Max: 0, Diff: 0, Sum: 0, Workers: 6
[47.717s][debug  ][gc,phases      ] GC(174)     Total                          Min: 0, Avg:  0.5, Max: 3, Diff: 3, Sum: 3, Workers: 6
[47.717s][debug  ][gc,phases      ] GC(174)   JVMTI Tag Weak OopStorage      Min:  0.0, Avg:  0.0, Max:  0.0, Diff:  0.0, Sum:  0.0, Workers: 6
[47.717s][debug  ][gc,phases      ] GC(174)     Dead                           Min: 0, Avg:  0.0, Max: 0, Diff: 0, Sum: 0, Workers: 6
[47.717s][debug  ][gc,phases      ] GC(174)     Total                          Min: 0, Avg:  0.0, Max: 0, Diff: 0, Sum: 0, Workers: 6
[47.717s][debug  ][gc,phases      ] GC(174)   StringTable Weak               Min:  0.0, Avg:  0.0, Max:  0.0, Diff:  0.0, Sum:  0.0, Workers: 6
[47.717s][debug  ][gc,phases      ] GC(174)     Dead                           Min: 0, Avg:  0.0, Max: 0, Diff: 0, Sum: 0, Workers: 6
[47.717s][debug  ][gc,phases      ] GC(174)     Total                          Min: 685, Avg: 892.8, Max: 1216, Diff: 531, Sum: 5357, Workers: 6
[47.717s][debug  ][gc,phases      ] GC(174)   ResolvedMethodTable Weak       Min:  0.0, Avg:  0.0, Max:  0.0, Diff:  0.0, Sum:  0.0, Workers: 6
[47.717s][debug  ][gc,phases      ] GC(174)     Dead                           Min: 0, Avg:  0.0, Max: 0, Diff: 0, Sum: 0, Workers: 6
[47.717s][debug  ][gc,phases      ] GC(174)     Total                          Min: 0, Avg: 21.7, Max: 64, Diff: 64, Sum: 130, Workers: 6
[47.717s][debug  ][gc,phases      ] GC(174)   JNI Weak                       Min:  0.0, Avg:  0.0, Max:  0.0, Diff:  0.0, Sum:  0.0, Workers: 6
[47.717s][debug  ][gc,phases      ] GC(174)     Dead                           Min: 0, Avg:  0.0, Max: 0, Diff: 0, Sum: 0, Workers: 6
[47.717s][debug  ][gc,phases      ] GC(174)     Total                          Min: 0, Avg:  0.0, Max: 0, Diff: 0, Sum: 0, Workers: 6
[47.717s][debug  ][gc,phases      ] GC(174)   StringDedup Table Weak         Min:  0.0, Avg:  0.0, Max:  0.0, Diff:  0.0, Sum:  0.0, Workers: 6
[47.717s][debug  ][gc,phases      ] GC(174)     Dead                           Min: 0, Avg:  0.0, Max: 0, Diff: 0, Sum: 0, Workers: 6
[47.717s][debug  ][gc,phases      ] GC(174)     Total                          Min: 0, Avg:  0.0, Max: 0, Diff: 0, Sum: 0, Workers: 6
[47.717s][debug  ][gc,phases      ] GC(174)   StringDedup Requests0 Weak     Min:  0.0, Avg:  0.0, Max:  0.0, Diff:  0.0, Sum:  0.0, Workers: 6
[47.717s][debug  ][gc,phases      ] GC(174)     Dead                           Min: 0, Avg:  0.0, Max: 0, Diff: 0, Sum: 0, Workers: 6
[47.717s][debug  ][gc,phases      ] GC(174)     Total                          Min: 0, Avg:  0.0, Max: 0, Diff: 0, Sum: 0, Workers: 6
[47.717s][debug  ][gc,phases      ] GC(174)   StringDedup Requests1 Weak     Min:  0.0, Avg:  0.0, Max:  0.0, Diff:  0.0, Sum:  0.0, Workers: 6
[47.717s][debug  ][gc,phases      ] GC(174)     Dead                           Min: 0, Avg:  0.0, Max: 0, Diff: 0, Sum: 0, Workers: 6
[47.717s][debug  ][gc,phases      ] GC(174)     Total                          Min: 0, Avg:  0.0, Max: 0, Diff: 0, Sum: 0, Workers: 6
[47.717s][debug  ][gc,phases      ] GC(174)   Weak JFR Old Object Samples    Min:  0.0, Avg:  0.0, Max:  0.0, Diff:  0.0, Sum:  0.0, Workers: 6
[47.717s][debug  ][gc,phases      ] GC(174)     Dead                           Min: 0, Avg:  0.0, Max: 0, Diff: 0, Sum: 0, Workers: 6
[47.717s][debug  ][gc,phases      ] GC(174)     Total                          Min: 0, Avg:  0.0, Max: 0, Diff: 0, Sum: 0, Workers: 6
[47.717s][debug  ][gc,phases      ] GC(174) Weak Processing 0.951ms
[47.717s][debug  ][gc,ergo        ] GC(174) AdaptiveSizeStart:  collection: 175 
[47.717s][debug  ][gc,ergo        ] GC(174) avg_survived_padded_avg: 31502910.000000
[47.717s][debug  ][gc,ergo        ] GC(174) avg_promoted_padded_avg: 258103552.000000  avg_pretenured_padded_avg: 0.000000  tenuring_thresh: 15  target_size: 31981568
[47.717s][debug  ][gc,age         ] GC(174) Desired survivor size 31981568 bytes, new threshold 15 (max threshold 15)
[47.717s][debug  ][gc,ergo        ] GC(174) PSAdaptiveSizePolicy::compute_eden_space_size limits: desired_eden_size: 222442907 old_eden_size: 204472320 eden_limit: 204472320 cur_eden: 204472320 max_eden_size: 204472320 avg_young_live: 25766412
[47.717s][debug  ][gc,ergo        ] GC(174) PSAdaptiveSizePolicy::compute_eden_space_size: costs minor_time: 0.041154 major_cost: 0.052497 mutator_cost: 0.906349 throughput_goal: 0.990000
[47.717s][debug  ][gc,ergo        ] GC(174) Live_space: 1083362304 free_space: 1431306240
[47.717s][debug  ][gc,ergo        ] GC(174) Old eden_size: 204472320 desired_eden_size: 204472320
[47.718s][debug  ][gc,ergo        ] GC(174) AdaptiveSizeStop: collection: 175 
[47.718s][info   ][gc,heap        ] GC(174) PSYoungGen: 198466K(230912K)->30720K(230912K) Eden: 198466K(199680K)->0K(199680K) From: 0K(31232K)->30720K(31232K)
[47.718s][info   ][gc,heap        ] GC(174) ParOldGen: 861796K(1835008K)->861796K(1835008K)
[47.718s][info   ][gc,metaspace   ] GC(174) Metaspace: 1025K(1216K)->1025K(1216K) NonClass: 941K(1024K)->941K(1024K) Class: 83K(192K)->83K(192K)
[47.718s][info   ][gc             ] GC(174) Pause Young (Allocation Failure) 1035M->871M(2017M) 6.859ms
[47.718s][info   ][gc,cpu         ] GC(174) User=0.03s Sys=0.00s Real=0.01s
[47.718s][debug  ][gc,heap        ] GC(174) Heap after GC invocations=175 (full 28):
[47.718s][debug  ][gc,heap        ] GC(174)  PSYoungGen      total 230912K, used 30720K [0x00000000f0000000, 0x0000000100000000, 0x0000000100000000)
[47.718s][debug  ][gc,heap        ] GC(174)   eden space 199680K, 0% used [0x00000000f0000000,0x00000000f0000000,0x00000000fc300000)
[47.718s][debug  ][gc,heap        ] GC(174)   from space 31232K, 98% used [0x00000000fc300000,0x00000000fe100030,0x00000000fe180000)
[47.718s][debug  ][gc,heap        ] GC(174)   to   space 31232K, 0% used [0x00000000fe180000,0x00000000fe180000,0x0000000100000000)
[47.718s][debug  ][gc,heap        ] GC(174)  ParOldGen       total 1835008K, used 861796K [0x0000000080000000, 0x00000000f0000000, 0x00000000f0000000)
[47.718s][debug  ][gc,heap        ] GC(174)   object space 1835008K, 46% used [0x0000000080000000,0x00000000b49991c8,0x00000000f0000000)
[47.718s][debug  ][gc,heap        ] GC(174)  Metaspace       used 1025K, committed 1216K, reserved 1056768K
[47.718s][debug  ][gc,heap        ] GC(174)   class space    used 83K, committed 192K, reserved 1048576K
[47.718s][debug  ][gc,task,time   ] GC(174) VM-Thread 477101751 477155258 477179903
[48.027s][debug  ][gc,heap        ] GC(175) Heap before GC invocations=176 (full 28):
[48.027s][debug  ][gc,heap        ] GC(175)  PSYoungGen      total 230912K, used 229117K [0x00000000f0000000, 0x0000000100000000, 0x0000000100000000)
[48.027s][debug  ][gc,heap        ] GC(175)   eden space 199680K, 99% used [0x00000000f0000000,0x00000000fc1bf4a0,0x00000000fc300000)
[48.027s][debug  ][gc,heap        ] GC(175)   from space 31232K, 98% used [0x00000000fc300000,0x00000000fe100030,0x00000000fe180000)
[48.027s][debug  ][gc,heap        ] GC(175)   to   space 31232K, 0% used [0x00000000fe180000,0x00000000fe180000,0x0000000100000000)
[48.027s][debug  ][gc,heap        ] GC(175)  ParOldGen       total 1835008K, used 861796K [0x0000000080000000, 0x00000000f0000000, 0x00000000f0000000)
[48.027s][debug  ][gc,heap        ] GC(175)   object space 1835008K, 46% used [0x0000000080000000,0x00000000b49991c8,0x00000000f0000000)
[48.027s][debug  ][gc,heap        ] GC(175)  Metaspace       used 1025K, committed 1216K, reserved 1056768K
[48.028s][debug  ][gc,heap        ] GC(175)   class space    used 83K, committed 192K, reserved 1048576K
[48.028s][debug  ][gc,tlab        ] GC(175) TLAB totals: thrds: 1  refills: 1 max: 1 slow allocs: 18 max 18 waste: 27.3% gc: 3928944B max: 3928944B slow: 0B max: 0B
[48.028s][info   ][gc,start       ] GC(175) Pause Young (Allocation Failure)
[48.028s][debug  ][gc,phases,start] GC(175) Scavenge
[48.043s][debug  ][gc,phases      ] GC(175) Scavenge 15.635ms
[48.043s][debug  ][gc,phases,start] GC(175) Reference Processing
[48.043s][debug  ][gc,ref         ] GC(175) Skipped phase 1 of Reference Processing: no references
[48.043s][debug  ][gc,ref         ] GC(175) Skipped phase 2 of Reference Processing: no references
[48.043s][debug  ][gc,ref         ] GC(175) Skipped phase 3 of Reference Processing: no references
[48.043s][debug  ][gc,ref         ] GC(175) Skipped phase 4 of Reference Processing: no references
[48.043s][debug  ][gc,phases,ref  ] GC(175) Reference Processing: 0.1ms
[48.043s][debug  ][gc,phases,ref  ] GC(175)   Reconsider SoftReferences: 0.0ms
[48.044s][debug  ][gc,phases,ref  ] GC(175)     SoftRef (ms):                  skipped
[48.044s][debug  ][gc,phases,ref  ] GC(175)   Notify Soft/WeakReferences: 0.0ms
[48.044s][debug  ][gc,phases,ref  ] GC(175)     SoftRef (ms):                  skipped
[48.044s][debug  ][gc,phases,ref  ] GC(175)     WeakRef (ms):                  skipped
[48.044s][debug  ][gc,phases,ref  ] GC(175)     FinalRef (ms):                 skipped
[48.044s][debug  ][gc,phases,ref  ] GC(175)     Total (ms):                    skipped
[48.044s][debug  ][gc,phases,ref  ] GC(175)   Notify and keep alive finalizable: 0.0ms
[48.044s][debug  ][gc,phases,ref  ] GC(175)     FinalRef (ms):                 skipped
[48.044s][debug  ][gc,phases,ref  ] GC(175)   Notify PhantomReferences: 0.0ms
[48.044s][debug  ][gc,phases,ref  ] GC(175)     PhantomRef (ms):               skipped
[48.044s][debug  ][gc,phases,ref  ] GC(175)   SoftReference:
[48.044s][debug  ][gc,phases,ref  ] GC(175)     Discovered: 0
[48.044s][debug  ][gc,phases,ref  ] GC(175)     Cleared: 0
[48.044s][debug  ][gc,phases,ref  ] GC(175)   WeakReference:
[48.044s][debug  ][gc,phases,ref  ] GC(175)     Discovered: 0
[48.044s][debug  ][gc,phases,ref  ] GC(175)     Cleared: 0
[48.044s][debug  ][gc,phases,ref  ] GC(175)   FinalReference:
[48.044s][debug  ][gc,phases,ref  ] GC(175)     Discovered: 0
[48.044s][debug  ][gc,phases,ref  ] GC(175)     Cleared: 0
[48.044s][debug  ][gc,phases,ref  ] GC(175)   PhantomReference:
[48.044s][debug  ][gc,phases,ref  ] GC(175)     Discovered: 0
[48.044s][debug  ][gc,phases,ref  ] GC(175)     Cleared: 0
[48.044s][debug  ][gc,phases      ] GC(175) Reference Processing 0.609ms
[48.044s][debug  ][gc,phases,start] GC(175) Weak Processing
[48.044s][debug  ][gc,phases      ] GC(175)   VM Weak                        Min:  0.0, Avg:  0.0, Max:  0.0, Diff:  0.0, Sum:  0.0, Workers: 6
[48.044s][debug  ][gc,phases      ] GC(175)     Dead                           Min: 0, Avg:  0.0, Max: 0, Diff: 0, Sum: 0, Workers: 6
[48.044s][debug  ][gc,phases      ] GC(175)     Total                          Min: 0, Avg:  1.3, Max: 8, Diff: 8, Sum: 8, Workers: 6
[48.044s][debug  ][gc,phases      ] GC(175)   ObjectSynchronizer Weak        Min:  0.0, Avg:  0.0, Max:  0.0, Diff:  0.0, Sum:  0.0, Workers: 6
[48.044s][debug  ][gc,phases      ] GC(175)     Dead                           Min: 0, Avg:  0.0, Max: 0, Diff: 0, Sum: 0, Workers: 6
[48.044s][debug  ][gc,phases      ] GC(175)     Total                          Min: 0, Avg:  0.5, Max: 3, Diff: 3, Sum: 3, Workers: 6
[48.044s][debug  ][gc,phases      ] GC(175)   JVMTI Tag Weak OopStorage      Min:  0.0, Avg:  0.0, Max:  0.0, Diff:  0.0, Sum:  0.0, Workers: 6
[48.044s][debug  ][gc,phases      ] GC(175)     Dead                           Min: 0, Avg:  0.0, Max: 0, Diff: 0, Sum: 0, Workers: 6
[48.044s][debug  ][gc,phases      ] GC(175)     Total                          Min: 0, Avg:  0.0, Max: 0, Diff: 0, Sum: 0, Workers: 6
[48.044s][debug  ][gc,phases      ] GC(175)   StringTable Weak               Min:  0.0, Avg:  0.0, Max:  0.0, Diff:  0.0, Sum:  0.0, Workers: 6
[48.044s][debug  ][gc,phases      ] GC(175)     Dead                           Min: 0, Avg:  0.0, Max: 0, Diff: 0, Sum: 0, Workers: 6
[48.044s][debug  ][gc,phases      ] GC(175)     Total                          Min: 768, Avg: 892.8, Max: 1216, Diff: 448, Sum: 5357, Workers: 6
[48.044s][debug  ][gc,phases      ] GC(175)   ResolvedMethodTable Weak       Min:  0.0, Avg:  0.0, Max:  0.0, Diff:  0.0, Sum:  0.0, Workers: 6
[48.044s][debug  ][gc,phases      ] GC(175)     Dead                           Min: 0, Avg:  0.0, Max: 0, Diff: 0, Sum: 0, Workers: 6
[48.044s][debug  ][gc,phases      ] GC(175)     Total                          Min: 0, Avg: 21.7, Max: 64, Diff: 64, Sum: 130, Workers: 6
[48.044s][debug  ][gc,phases      ] GC(175)   JNI Weak                       Min:  0.0, Avg:  0.0, Max:  0.0, Diff:  0.0, Sum:  0.0, Workers: 6
[48.044s][debug  ][gc,phases      ] GC(175)     Dead                           Min: 0, Avg:  0.0, Max: 0, Diff: 0, Sum: 0, Workers: 6
[48.044s][debug  ][gc,phases      ] GC(175)     Total                          Min: 0, Avg:  0.0, Max: 0, Diff: 0, Sum: 0, Workers: 6
[48.044s][debug  ][gc,phases      ] GC(175)   StringDedup Table Weak         Min:  0.0, Avg:  0.0, Max:  0.0, Diff:  0.0, Sum:  0.0, Workers: 6
[48.044s][debug  ][gc,phases      ] GC(175)     Dead                           Min: 0, Avg:  0.0, Max: 0, Diff: 0, Sum: 0, Workers: 6
[48.044s][debug  ][gc,phases      ] GC(175)     Total                          Min: 0, Avg:  0.0, Max: 0, Diff: 0, Sum: 0, Workers: 6
[48.044s][debug  ][gc,phases      ] GC(175)   StringDedup Requests0 Weak     Min:  0.0, Avg:  0.0, Max:  0.0, Diff:  0.0, Sum:  0.0, Workers: 6
[48.044s][debug  ][gc,phases      ] GC(175)     Dead                           Min: 0, Avg:  0.0, Max: 0, Diff: 0, Sum: 0, Workers: 6
[48.045s][debug  ][gc,phases      ] GC(175)     Total                          Min: 0, Avg:  0.0, Max: 0, Diff: 0, Sum: 0, Workers: 6
[48.045s][debug  ][gc,phases      ] GC(175)   StringDedup Requests1 Weak     Min:  0.0, Avg:  0.0, Max:  0.0, Diff:  0.0, Sum:  0.0, Workers: 6
[48.045s][debug  ][gc,phases      ] GC(175)     Dead                           Min: 0, Avg:  0.0, Max: 0, Diff: 0, Sum: 0, Workers: 6
[48.045s][debug  ][gc,phases      ] GC(175)     Total                          Min: 0, Avg:  0.0, Max: 0, Diff: 0, Sum: 0, Workers: 6
[48.045s][debug  ][gc,phases      ] GC(175)   Weak JFR Old Object Samples    Min:  0.0, Avg:  0.0, Max:  0.0, Diff:  0.0, Sum:  0.0, Workers: 6
[48.045s][debug  ][gc,phases      ] GC(175)     Dead                           Min: 0, Avg:  0.0, Max: 0, Diff: 0, Sum: 0, Workers: 6
[48.045s][debug  ][gc,phases      ] GC(175)     Total                          Min: 0, Avg:  0.0, Max: 0, Diff: 0, Sum: 0, Workers: 6
[48.045s][debug  ][gc,phases      ] GC(175) Weak Processing 0.668ms
[48.045s][debug  ][gc,ergo        ] GC(175) AdaptiveSizeStart:  collection: 176 
[48.045s][debug  ][gc,ergo        ] GC(175) avg_survived_padded_avg: 31498884.000000
[48.045s][debug  ][gc,ergo        ] GC(175) avg_promoted_padded_avg: 263191744.000000  avg_pretenured_padded_avg: 0.000000  tenuring_thresh: 15  target_size: 31981568
[48.045s][debug  ][gc,age         ] GC(175) Desired survivor size 31981568 bytes, new threshold 15 (max threshold 15)
[48.045s][debug  ][gc,ergo        ] GC(175) PSAdaptiveSizePolicy::compute_eden_space_size limits: desired_eden_size: 223088905 old_eden_size: 204472320 eden_limit: 204472320 cur_eden: 204472320 max_eden_size: 204472320 avg_young_live: 26335502
[48.045s][debug  ][gc,ergo        ] GC(175) PSAdaptiveSizePolicy::compute_eden_space_size: costs minor_time: 0.043869 major_cost: 0.052497 mutator_cost: 0.903634 throughput_goal: 0.990000
[48.045s][debug  ][gc,ergo        ] GC(175) Live_space: 1083931392 free_space: 1431306240
[48.045s][debug  ][gc,ergo        ] GC(175) Old eden_size: 204472320 desired_eden_size: 204472320
[48.045s][debug  ][gc,ergo        ] GC(175) AdaptiveSizeStop: collection: 176 
[48.045s][info   ][gc,heap        ] GC(175) PSYoungGen: 229117K(230912K)->30720K(230912K) Eden: 198397K(199680K)->0K(199680K) From: 30720K(31232K)->30720K(31232K)
[48.045s][info   ][gc,heap        ] GC(175) ParOldGen: 861796K(1835008K)->1056356K(1835008K)
[48.045s][info   ][gc,metaspace   ] GC(175) Metaspace: 1025K(1216K)->1025K(1216K) NonClass: 941K(1024K)->941K(1024K) Class: 83K(192K)->83K(192K)
[48.045s][info   ][gc             ] GC(175) Pause Young (Allocation Failure) 1065M->1061M(2017M) 17.377ms
[48.045s][info   ][gc,cpu         ] GC(175) User=0.09s Sys=0.00s Real=0.02s
[48.045s][debug  ][gc,heap        ] GC(175) Heap after GC invocations=176 (full 28):
[48.045s][debug  ][gc,heap        ] GC(175)  PSYoungGen      total 230912K, used 30720K [0x00000000f0000000, 0x0000000100000000, 0x0000000100000000)
[48.045s][debug  ][gc,heap        ] GC(175)   eden space 199680K, 0% used [0x00000000f0000000,0x00000000f0000000,0x00000000fc300000)
[48.045s][debug  ][gc,heap        ] GC(175)   from space 31232K, 98% used [0x00000000fe180000,0x00000000fff80030,0x0000000100000000)
[48.045s][debug  ][gc,heap        ] GC(175)   to   space 31232K, 0% used [0x00000000fc300000,0x00000000fc300000,0x00000000fe180000)
[48.045s][debug  ][gc,heap        ] GC(175)  ParOldGen       total 1835008K, used 1056356K [0x0000000080000000, 0x00000000f0000000, 0x00000000f0000000)
[48.045s][debug  ][gc,heap        ] GC(175)   object space 1835008K, 57% used [0x0000000080000000,0x00000000c07992f8,0x00000000f0000000)
[48.045s][debug  ][gc,heap        ] GC(175)  Metaspace       used 1025K, committed 1216K, reserved 1056768K
[48.045s][debug  ][gc,heap        ] GC(175)   class space    used 83K, committed 192K, reserved 1048576K
[48.045s][debug  ][gc,task,time   ] GC(175) VM-Thread 480271754 480433496 480452131
[48.344s][debug  ][gc,heap        ] GC(176) Heap before GC invocations=177 (full 28):
[48.344s][debug  ][gc,heap        ] GC(176)  PSYoungGen      total 230912K, used 229145K [0x00000000f0000000, 0x0000000100000000, 0x0000000100000000)
[48.344s][debug  ][gc,heap        ] GC(176)   eden space 199680K, 99% used [0x00000000f0000000,0x00000000fc1c63f8,0x00000000fc300000)
[48.345s][debug  ][gc,heap        ] GC(176)   from space 31232K, 98% used [0x00000000fe180000,0x00000000fff80030,0x0000000100000000)
[48.345s][debug  ][gc,heap        ] GC(176)   to   space 31232K, 0% used [0x00000000fc300000,0x00000000fc300000,0x00000000fe180000)
[48.345s][debug  ][gc,heap        ] GC(176)  ParOldGen       total 1835008K, used 1056356K [0x0000000080000000, 0x00000000f0000000, 0x00000000f0000000)
[48.345s][debug  ][gc,heap        ] GC(176)   object space 1835008K, 57% used [0x0000000080000000,0x00000000c07992f8,0x00000000f0000000)
[48.345s][debug  ][gc,heap        ] GC(176)  Metaspace       used 1025K, committed 1216K, reserved 1056768K
[48.345s][debug  ][gc,heap        ] GC(176)   class space    used 83K, committed 192K, reserved 1048576K
[48.345s][debug  ][gc,tlab        ] GC(176) TLAB totals: thrds: 1  refills: 1 max: 1 slow allocs: 18 max 18 waste: 27.4% gc: 3957448B max: 3957448B slow: 0B max: 0B
[48.345s][info   ][gc,start       ] GC(176) Pause Young (Allocation Failure)
[48.345s][debug  ][gc,phases,start] GC(176) Scavenge
[48.360s][debug  ][gc,phases      ] GC(176) Scavenge 15.164ms
[48.360s][debug  ][gc,phases,start] GC(176) Reference Processing
[48.360s][debug  ][gc,ref         ] GC(176) Skipped phase 1 of Reference Processing: no references
[48.360s][debug  ][gc,ref         ] GC(176) Skipped phase 2 of Reference Processing: no references
[48.360s][debug  ][gc,ref         ] GC(176) Skipped phase 3 of Reference Processing: no references
[48.360s][debug  ][gc,ref         ] GC(176) Skipped phase 4 of Reference Processing: no references
[48.360s][debug  ][gc,phases,ref  ] GC(176) Reference Processing: 0.1ms
[48.360s][debug  ][gc,phases,ref  ] GC(176)   Reconsider SoftReferences: 0.0ms
[48.360s][debug  ][gc,phases,ref  ] GC(176)     SoftRef (ms):                  skipped
[48.360s][debug  ][gc,phases,ref  ] GC(176)   Notify Soft/WeakReferences: 0.0ms
[48.360s][debug  ][gc,phases,ref  ] GC(176)     SoftRef (ms):                  skipped
[48.360s][debug  ][gc,phases,ref  ] GC(176)     WeakRef (ms):                  skipped
[48.360s][debug  ][gc,phases,ref  ] GC(176)     FinalRef (ms):                 skipped
[48.360s][debug  ][gc,phases,ref  ] GC(176)     Total (ms):                    skipped
[48.360s][debug  ][gc,phases,ref  ] GC(176)   Notify and keep alive finalizable: 0.0ms
[48.360s][debug  ][gc,phases,ref  ] GC(176)     FinalRef (ms):                 skipped
[48.361s][debug  ][gc,phases,ref  ] GC(176)   Notify PhantomReferences: 0.0ms
[48.361s][debug  ][gc,phases,ref  ] GC(176)     PhantomRef (ms):               skipped
[48.361s][debug  ][gc,phases,ref  ] GC(176)   SoftReference:
[48.361s][debug  ][gc,phases,ref  ] GC(176)     Discovered: 0
[48.361s][debug  ][gc,phases,ref  ] GC(176)     Cleared: 0
[48.361s][debug  ][gc,phases,ref  ] GC(176)   WeakReference:
[48.361s][debug  ][gc,phases,ref  ] GC(176)     Discovered: 0
[48.361s][debug  ][gc,phases,ref  ] GC(176)     Cleared: 0
[48.361s][debug  ][gc,phases,ref  ] GC(176)   FinalReference:
[48.361s][debug  ][gc,phases,ref  ] GC(176)     Discovered: 0
[48.361s][debug  ][gc,phases,ref  ] GC(176)     Cleared: 0
[48.361s][debug  ][gc,phases,ref  ] GC(176)   PhantomReference:
[48.361s][debug  ][gc,phases,ref  ] GC(176)     Discovered: 0
[48.361s][debug  ][gc,phases,ref  ] GC(176)     Cleared: 0
[48.361s][debug  ][gc,phases      ] GC(176) Reference Processing 0.600ms
[48.361s][debug  ][gc,phases,start] GC(176) Weak Processing
[48.361s][debug  ][gc,phases      ] GC(176)   VM Weak                        Min:  0.0, Avg:  0.0, Max:  0.0, Diff:  0.0, Sum:  0.0, Workers: 6
[48.361s][debug  ][gc,phases      ] GC(176)     Dead                           Min: 0, Avg:  0.0, Max: 0, Diff: 0, Sum: 0, Workers: 6
[48.361s][debug  ][gc,phases      ] GC(176)     Total                          Min: 0, Avg:  1.3, Max: 8, Diff: 8, Sum: 8, Workers: 6
[48.361s][debug  ][gc,phases      ] GC(176)   ObjectSynchronizer Weak        Min:  0.0, Avg:  0.0, Max:  0.0, Diff:  0.0, Sum:  0.0, Workers: 6
[48.361s][debug  ][gc,phases      ] GC(176)     Dead                           Min: 0, Avg:  0.0, Max: 0, Diff: 0, Sum: 0, Workers: 6
[48.361s][debug  ][gc,phases      ] GC(176)     Total                          Min: 0, Avg:  0.5, Max: 3, Diff: 3, Sum: 3, Workers: 6
[48.361s][debug  ][gc,phases      ] GC(176)   JVMTI Tag Weak OopStorage      Min:  0.0, Avg:  0.0, Max:  0.0, Diff:  0.0, Sum:  0.0, Workers: 6
[48.361s][debug  ][gc,phases      ] GC(176)     Dead                           Min: 0, Avg:  0.0, Max: 0, Diff: 0, Sum: 0, Workers: 6
[48.361s][debug  ][gc,phases      ] GC(176)     Total                          Min: 0, Avg:  0.0, Max: 0, Diff: 0, Sum: 0, Workers: 6
[48.361s][debug  ][gc,phases      ] GC(176)   StringTable Weak               Min:  0.0, Avg:  0.0, Max:  0.0, Diff:  0.0, Sum:  0.0, Workers: 6
[48.361s][debug  ][gc,phases      ] GC(176)     Dead                           Min: 0, Avg:  0.0, Max: 0, Diff: 0, Sum: 0, Workers: 6
[48.361s][debug  ][gc,phases      ] GC(176)     Total                          Min: 640, Avg: 892.8, Max: 1024, Diff: 384, Sum: 5357, Workers: 6
[48.361s][debug  ][gc,phases      ] GC(176)   ResolvedMethodTable Weak       Min:  0.0, Avg:  0.0, Max:  0.0, Diff:  0.0, Sum:  0.0, Workers: 6
[48.361s][debug  ][gc,phases      ] GC(176)     Dead                           Min: 0, Avg:  0.0, Max: 0, Diff: 0, Sum: 0, Workers: 6
[48.361s][debug  ][gc,phases      ] GC(176)     Total                          Min: 0, Avg: 21.7, Max: 64, Diff: 64, Sum: 130, Workers: 6
[48.361s][debug  ][gc,phases      ] GC(176)   JNI Weak                       Min:  0.0, Avg:  0.0, Max:  0.0, Diff:  0.0, Sum:  0.0, Workers: 6
[48.361s][debug  ][gc,phases      ] GC(176)     Dead                           Min: 0, Avg:  0.0, Max: 0, Diff: 0, Sum: 0, Workers: 6
[48.361s][debug  ][gc,phases      ] GC(176)     Total                          Min: 0, Avg:  0.0, Max: 0, Diff: 0, Sum: 0, Workers: 6
[48.361s][debug  ][gc,phases      ] GC(176)   StringDedup Table Weak         Min:  0.0, Avg:  0.0, Max:  0.0, Diff:  0.0, Sum:  0.0, Workers: 6
[48.361s][debug  ][gc,phases      ] GC(176)     Dead                           Min: 0, Avg:  0.0, Max: 0, Diff: 0, Sum: 0, Workers: 6
[48.361s][debug  ][gc,phases      ] GC(176)     Total                          Min: 0, Avg:  0.0, Max: 0, Diff: 0, Sum: 0, Workers: 6
[48.361s][debug  ][gc,phases      ] GC(176)   StringDedup Requests0 Weak     Min:  0.0, Avg:  0.0, Max:  0.0, Diff:  0.0, Sum:  0.0, Workers: 6
[48.361s][debug  ][gc,phases      ] GC(176)     Dead                           Min: 0, Avg:  0.0, Max: 0, Diff: 0, Sum: 0, Workers: 6
[48.361s][debug  ][gc,phases      ] GC(176)     Total                          Min: 0, Avg:  0.0, Max: 0, Diff: 0, Sum: 0, Workers: 6
[48.361s][debug  ][gc,phases      ] GC(176)   StringDedup Requests1 Weak     Min:  0.0, Avg:  0.0, Max:  0.0, Diff:  0.0, Sum:  0.0, Workers: 6
[48.361s][debug  ][gc,phases      ] GC(176)     Dead                           Min: 0, Avg:  0.0, Max: 0, Diff: 0, Sum: 0, Workers: 6
[48.361s][debug  ][gc,phases      ] GC(176)     Total                          Min: 0, Avg:  0.0, Max: 0, Diff: 0, Sum: 0, Workers: 6
[48.361s][debug  ][gc,phases      ] GC(176)   Weak JFR Old Object Samples    Min:  0.0, Avg:  0.0, Max:  0.0, Diff:  0.0, Sum:  0.0, Workers: 6
[48.361s][debug  ][gc,phases      ] GC(176)     Dead                           Min: 0, Avg:  0.0, Max: 0, Diff: 0, Sum: 0, Workers: 6
[48.361s][debug  ][gc,phases      ] GC(176)     Total                          Min: 0, Avg:  0.0, Max: 0, Diff: 0, Sum: 0, Workers: 6
[48.362s][debug  ][gc,phases      ] GC(176) Weak Processing 0.708ms
[48.362s][debug  ][gc,ergo        ] GC(176) AdaptiveSizeStart:  collection: 177 
[48.362s][debug  ][gc,ergo        ] GC(176) avg_survived_padded_avg: 31495206.000000
[48.362s][debug  ][gc,ergo        ] GC(176) avg_promoted_padded_avg: 266673552.000000  avg_pretenured_padded_avg: 0.000000  tenuring_thresh: 15  target_size: 31981568
[48.362s][debug  ][gc,age         ] GC(176) Desired survivor size 31981568 bytes, new threshold 15 (max threshold 15)
[48.362s][debug  ][gc,ergo        ] GC(176) PSAdaptiveSizePolicy::compute_eden_space_size limits: desired_eden_size: 223571013 old_eden_size: 204472320 eden_limit: 204472320 cur_eden: 204472320 max_eden_size: 204472320 avg_young_live: 26847684
[48.362s][debug  ][gc,ergo        ] GC(176) PSAdaptiveSizePolicy::compute_eden_space_size: costs minor_time: 0.046001 major_cost: 0.052497 mutator_cost: 0.901502 throughput_goal: 0.990000
[48.362s][debug  ][gc,ergo        ] GC(176) Live_space: 1084443648 free_space: 1431306240
[48.362s][debug  ][gc,ergo        ] GC(176) Old eden_size: 204472320 desired_eden_size: 204472320
[48.362s][debug  ][gc,ergo        ] GC(176) AdaptiveSizeStop: collection: 177 
[48.362s][info   ][gc,heap        ] GC(176) PSYoungGen: 229145K(230912K)->30720K(230912K) Eden: 198424K(199680K)->0K(199680K) From: 30720K(31232K)->30720K(31232K)
[48.362s][info   ][gc,heap        ] GC(176) ParOldGen: 1056356K(1835008K)->1250917K(1835008K)
[48.362s][info   ][gc,metaspace   ] GC(176) Metaspace: 1025K(1216K)->1025K(1216K) NonClass: 941K(1024K)->941K(1024K) Class: 83K(192K)->83K(192K)
[48.362s][info   ][gc             ] GC(176) Pause Young (Allocation Failure) 1255M->1251M(2017M) 16.962ms
[48.362s][info   ][gc,cpu         ] GC(176) User=0.14s Sys=0.00s Real=0.02s
[48.362s][debug  ][gc,heap        ] GC(176) Heap after GC invocations=177 (full 28):
[48.362s][debug  ][gc,heap        ] GC(176)  PSYoungGen      total 230912K, used 30720K [0x00000000f0000000, 0x0000000100000000, 0x0000000100000000)
[48.362s][debug  ][gc,heap        ] GC(176)   eden space 199680K, 0% used [0x00000000f0000000,0x00000000f0000000,0x00000000fc300000)
[48.362s][debug  ][gc,heap        ] GC(176)   from space 31232K, 98% used [0x00000000fc300000,0x00000000fe100030,0x00000000fe180000)
[48.362s][debug  ][gc,heap        ] GC(176)   to   space 31232K, 0% used [0x00000000fe180000,0x00000000fe180000,0x0000000100000000)
[48.362s][debug  ][gc,heap        ] GC(176)  ParOldGen       total 1835008K, used 1250917K [0x0000000080000000, 0x00000000f0000000, 0x00000000f0000000)
[48.362s][debug  ][gc,heap        ] GC(176)   object space 1835008K, 68% used [0x0000000080000000,0x00000000cc599428,0x00000000f0000000)
[48.362s][debug  ][gc,heap        ] GC(176)  Metaspace       used 1025K, committed 1216K, reserved 1056768K
[48.362s][debug  ][gc,heap        ] GC(176)   class space    used 83K, committed 192K, reserved 1048576K
[48.362s][debug  ][gc,task,time   ] GC(176) VM-Thread 483442805 483601734 483620678
[48.661s][debug  ][gc,heap        ] GC(177) Heap before GC invocations=178 (full 28):
[48.661s][debug  ][gc,heap        ] GC(177)  PSYoungGen      total 230912K, used 229162K [0x00000000f0000000, 0x0000000100000000, 0x0000000100000000)
[48.661s][debug  ][gc,heap        ] GC(177)   eden space 199680K, 99% used [0x00000000f0000000,0x00000000fc1cab88,0x00000000fc300000)
[48.661s][debug  ][gc,heap        ] GC(177)   from space 31232K, 98% used [0x00000000fc300000,0x00000000fe100030,0x00000000fe180000)
[48.661s][debug  ][gc,heap        ] GC(177)   to   space 31232K, 0% used [0x00000000fe180000,0x00000000fe180000,0x0000000100000000)
[48.661s][debug  ][gc,heap        ] GC(177)  ParOldGen       total 1835008K, used 1250917K [0x0000000080000000, 0x00000000f0000000, 0x00000000f0000000)
[48.661s][debug  ][gc,heap        ] GC(177)   object space 1835008K, 68% used [0x0000000080000000,0x00000000cc599428,0x00000000f0000000)
[48.661s][debug  ][gc,heap        ] GC(177)  Metaspace       used 1025K, committed 1216K, reserved 1056768K
[48.662s][debug  ][gc,heap        ] GC(177)   class space    used 83K, committed 192K, reserved 1048576K
[48.662s][debug  ][gc,tlab        ] GC(177) TLAB totals: thrds: 1  refills: 1 max: 1 slow allocs: 18 max 18 waste: 27.5% gc: 3975768B max: 3975768B slow: 0B max: 0B
[48.662s][info   ][gc,start       ] GC(177) Pause Young (Allocation Failure)
[48.662s][debug  ][gc,phases,start] GC(177) Scavenge
[48.677s][debug  ][gc,phases      ] GC(177) Scavenge 15.339ms
[48.677s][debug  ][gc,phases,start] GC(177) Reference Processing
[48.677s][debug  ][gc,ref         ] GC(177) Skipped phase 1 of Reference Processing: no references
[48.677s][debug  ][gc,ref         ] GC(177) Skipped phase 2 of Reference Processing: no references
[48.677s][debug  ][gc,ref         ] GC(177) Skipped phase 3 of Reference Processing: no references
[48.677s][debug  ][gc,ref         ] GC(177) Skipped phase 4 of Reference Processing: no references
[48.677s][debug  ][gc,phases,ref  ] GC(177) Reference Processing: 0.1ms
[48.677s][debug  ][gc,phases,ref  ] GC(177)   Reconsider SoftReferences: 0.0ms
[48.677s][debug  ][gc,phases,ref  ] GC(177)     SoftRef (ms):                  skipped
[48.677s][debug  ][gc,phases,ref  ] GC(177)   Notify Soft/WeakReferences: 0.0ms
[48.677s][debug  ][gc,phases,ref  ] GC(177)     SoftRef (ms):                  skipped
[48.677s][debug  ][gc,phases,ref  ] GC(177)     WeakRef (ms):                  skipped
[48.677s][debug  ][gc,phases,ref  ] GC(177)     FinalRef (ms):                 skipped
[48.677s][debug  ][gc,phases,ref  ] GC(177)     Total (ms):                    skipped
[48.677s][debug  ][gc,phases,ref  ] GC(177)   Notify and keep alive finalizable: 0.0ms
[48.677s][debug  ][gc,phases,ref  ] GC(177)     FinalRef (ms):                 skipped
[48.677s][debug  ][gc,phases,ref  ] GC(177)   Notify PhantomReferences: 0.0ms
[48.677s][debug  ][gc,phases,ref  ] GC(177)     PhantomRef (ms):               skipped
[48.677s][debug  ][gc,phases,ref  ] GC(177)   SoftReference:
[48.677s][debug  ][gc,phases,ref  ] GC(177)     Discovered: 0
[48.678s][debug  ][gc,phases,ref  ] GC(177)     Cleared: 0
[48.678s][debug  ][gc,phases,ref  ] GC(177)   WeakReference:
[48.678s][debug  ][gc,phases,ref  ] GC(177)     Discovered: 0
[48.678s][debug  ][gc,phases,ref  ] GC(177)     Cleared: 0
[48.678s][debug  ][gc,phases,ref  ] GC(177)   FinalReference:
[48.678s][debug  ][gc,phases,ref  ] GC(177)     Discovered: 0
[48.678s][debug  ][gc,phases,ref  ] GC(177)     Cleared: 0
[48.678s][debug  ][gc,phases,ref  ] GC(177)   PhantomReference:
[48.678s][debug  ][gc,phases,ref  ] GC(177)     Discovered: 0
[48.678s][debug  ][gc,phases,ref  ] GC(177)     Cleared: 0
[48.678s][debug  ][gc,phases      ] GC(177) Reference Processing 0.626ms
[48.678s][debug  ][gc,phases,start] GC(177) Weak Processing
[48.678s][debug  ][gc,phases      ] GC(177)   VM Weak                        Min:  0.0, Avg:  0.0, Max:  0.0, Diff:  0.0, Sum:  0.0, Workers: 6
[48.678s][debug  ][gc,phases      ] GC(177)     Dead                           Min: 0, Avg:  0.0, Max: 0, Diff: 0, Sum: 0, Workers: 6
[48.678s][debug  ][gc,phases      ] GC(177)     Total                          Min: 0, Avg:  1.3, Max: 8, Diff: 8, Sum: 8, Workers: 6
[48.678s][debug  ][gc,phases      ] GC(177)   ObjectSynchronizer Weak        Min:  0.0, Avg:  0.0, Max:  0.0, Diff:  0.0, Sum:  0.0, Workers: 6
[48.678s][debug  ][gc,phases      ] GC(177)     Dead                           Min: 0, Avg:  0.0, Max: 0, Diff: 0, Sum: 0, Workers: 6
[48.678s][debug  ][gc,phases      ] GC(177)     Total                          Min: 0, Avg:  0.5, Max: 3, Diff: 3, Sum: 3, Workers: 6
[48.678s][debug  ][gc,phases      ] GC(177)   JVMTI Tag Weak OopStorage      Min:  0.0, Avg:  0.0, Max:  0.0, Diff:  0.0, Sum:  0.0, Workers: 6
[48.678s][debug  ][gc,phases      ] GC(177)     Dead                           Min: 0, Avg:  0.0, Max: 0, Diff: 0, Sum: 0, Workers: 6
[48.678s][debug  ][gc,phases      ] GC(177)     Total                          Min: 0, Avg:  0.0, Max: 0, Diff: 0, Sum: 0, Workers: 6
[48.678s][debug  ][gc,phases      ] GC(177)   StringTable Weak               Min:  0.0, Avg:  0.0, Max:  0.0, Diff:  0.0, Sum:  0.0, Workers: 6
[48.678s][debug  ][gc,phases      ] GC(177)     Dead                           Min: 0, Avg:  0.0, Max: 0, Diff: 0, Sum: 0, Workers: 6
[48.678s][debug  ][gc,phases      ] GC(177)     Total                          Min: 767, Avg: 892.8, Max: 1024, Diff: 257, Sum: 5357, Workers: 6
[48.678s][debug  ][gc,phases      ] GC(177)   ResolvedMethodTable Weak       Min:  0.0, Avg:  0.0, Max:  0.0, Diff:  0.0, Sum:  0.0, Workers: 6
[48.678s][debug  ][gc,phases      ] GC(177)     Dead                           Min: 0, Avg:  0.0, Max: 0, Diff: 0, Sum: 0, Workers: 6
[48.678s][debug  ][gc,phases      ] GC(177)     Total                          Min: 0, Avg: 21.7, Max: 64, Diff: 64, Sum: 130, Workers: 6
[48.678s][debug  ][gc,phases      ] GC(177)   JNI Weak                       Min:  0.0, Avg:  0.0, Max:  0.0, Diff:  0.0, Sum:  0.0, Workers: 6
[48.678s][debug  ][gc,phases      ] GC(177)     Dead                           Min: 0, Avg:  0.0, Max: 0, Diff: 0, Sum: 0, Workers: 6
[48.678s][debug  ][gc,phases      ] GC(177)     Total                          Min: 0, Avg:  0.0, Max: 0, Diff: 0, Sum: 0, Workers: 6
[48.678s][debug  ][gc,phases      ] GC(177)   StringDedup Table Weak         Min:  0.0, Avg:  0.0, Max:  0.0, Diff:  0.0, Sum:  0.0, Workers: 6
[48.678s][debug  ][gc,phases      ] GC(177)     Dead                           Min: 0, Avg:  0.0, Max: 0, Diff: 0, Sum: 0, Workers: 6
[48.678s][debug  ][gc,phases      ] GC(177)     Total                          Min: 0, Avg:  0.0, Max: 0, Diff: 0, Sum: 0, Workers: 6
[48.678s][debug  ][gc,phases      ] GC(177)   StringDedup Requests0 Weak     Min:  0.0, Avg:  0.0, Max:  0.0, Diff:  0.0, Sum:  0.0, Workers: 6
[48.678s][debug  ][gc,phases      ] GC(177)     Dead                           Min: 0, Avg:  0.0, Max: 0, Diff: 0, Sum: 0, Workers: 6
[48.678s][debug  ][gc,phases      ] GC(177)     Total                          Min: 0, Avg:  0.0, Max: 0, Diff: 0, Sum: 0, Workers: 6
[48.678s][debug  ][gc,phases      ] GC(177)   StringDedup Requests1 Weak     Min:  0.0, Avg:  0.0, Max:  0.0, Diff:  0.0, Sum:  0.0, Workers: 6
[48.678s][debug  ][gc,phases      ] GC(177)     Dead                           Min: 0, Avg:  0.0, Max: 0, Diff: 0, Sum: 0, Workers: 6
[48.678s][debug  ][gc,phases      ] GC(177)     Total                          Min: 0, Avg:  0.0, Max: 0, Diff: 0, Sum: 0, Workers: 6
[48.678s][debug  ][gc,phases      ] GC(177)   Weak JFR Old Object Samples    Min:  0.0, Avg:  0.0, Max:  0.0, Diff:  0.0, Sum:  0.0, Workers: 6
[48.678s][debug  ][gc,phases      ] GC(177)     Dead                           Min: 0, Avg:  0.0, Max: 0, Diff: 0, Sum: 0, Workers: 6
[48.678s][debug  ][gc,phases      ] GC(177)     Total                          Min: 0, Avg:  0.0, Max: 0, Diff: 0, Sum: 0, Workers: 6
[48.678s][debug  ][gc,phases      ] GC(177) Weak Processing 0.727ms
[48.678s][debug  ][gc,ergo        ] GC(177) AdaptiveSizeStart:  collection: 178 
[48.678s][debug  ][gc,ergo        ] GC(177) avg_survived_padded_avg: 31491848.000000
[48.679s][debug  ][gc,ergo        ] GC(177) avg_promoted_padded_avg: 268819392.000000  avg_pretenured_padded_avg: 0.000000  tenuring_thresh: 15  target_size: 31981568
[48.679s][debug  ][gc,age         ] GC(177) Desired survivor size 31981568 bytes, new threshold 15 (max threshold 15)
[48.679s][debug  ][gc,ergo        ] GC(177) PSAdaptiveSizePolicy::compute_eden_space_size limits: desired_eden_size: 223954525 old_eden_size: 204472320 eden_limit: 204472320 cur_eden: 204472320 max_eden_size: 204472320 avg_young_live: 27308648
[48.679s][debug  ][gc,ergo        ] GC(177) PSAdaptiveSizePolicy::compute_eden_space_size: costs minor_time: 0.047765 major_cost: 0.052497 mutator_cost: 0.899738 throughput_goal: 0.990000
[48.679s][debug  ][gc,ergo        ] GC(177) Live_space: 1084904576 free_space: 1431306240
[48.679s][debug  ][gc,ergo        ] GC(177) Old eden_size: 204472320 desired_eden_size: 204472320
[48.679s][debug  ][gc,ergo        ] GC(177) AdaptiveSizeStop: collection: 178 
[48.679s][info   ][gc,heap        ] GC(177) PSYoungGen: 229162K(230912K)->30720K(230912K) Eden: 198442K(199680K)->0K(199680K) From: 30720K(31232K)->30720K(31232K)
[48.679s][info   ][gc,heap        ] GC(177) ParOldGen: 1250917K(1835008K)->1445477K(1835008K)
[48.679s][info   ][gc,metaspace   ] GC(177) Metaspace: 1025K(1216K)->1025K(1216K) NonClass: 941K(1024K)->941K(1024K) Class: 83K(192K)->83K(192K)
[48.679s][info   ][gc             ] GC(177) Pause Young (Allocation Failure) 1445M->1441M(2017M) 17.169ms
[48.679s][info   ][gc,cpu         ] GC(177) User=0.14s Sys=0.00s Real=0.02s
[48.679s][debug  ][gc,heap        ] GC(177) Heap after GC invocations=178 (full 28):
[48.679s][debug  ][gc,heap        ] GC(177)  PSYoungGen      total 230912K, used 30720K [0x00000000f0000000, 0x0000000100000000, 0x0000000100000000)
[48.679s][debug  ][gc,heap        ] GC(177)   eden space 199680K, 0% used [0x00000000f0000000,0x00000000f0000000,0x00000000fc300000)
[48.679s][debug  ][gc,heap        ] GC(177)   from space 31232K, 98% used [0x00000000fe180000,0x00000000fff80030,0x0000000100000000)
[48.679s][debug  ][gc,heap        ] GC(177)   to   space 31232K, 0% used [0x00000000fc300000,0x00000000fc300000,0x00000000fe180000)
[48.679s][debug  ][gc,heap        ] GC(177)  ParOldGen       total 1835008K, used 1445477K [0x0000000080000000, 0x00000000f0000000, 0x00000000f0000000)
[48.679s][debug  ][gc,heap        ] GC(177)   object space 1835008K, 78% used [0x0000000080000000,0x00000000d8399558,0x00000000f0000000)
[48.679s][debug  ][gc,heap        ] GC(177)  Metaspace       used 1025K, committed 1216K, reserved 1056768K
[48.679s][debug  ][gc,heap        ] GC(177)   class space    used 83K, committed 192K, reserved 1048576K
[48.679s][debug  ][gc,task,time   ] GC(177) VM-Thread 486611757 486770739 486790139
[48.979s][debug  ][gc,heap        ] GC(178) Heap before GC invocations=179 (full 28):
[48.979s][debug  ][gc,heap        ] GC(178)  PSYoungGen      total 230912K, used 229174K [0x00000000f0000000, 0x0000000100000000, 0x0000000100000000)
[48.979s][debug  ][gc,heap        ] GC(178)   eden space 199680K, 99% used [0x00000000f0000000,0x00000000fc1cd990,0x00000000fc300000)
[48.979s][debug  ][gc,heap        ] GC(178)   from space 31232K, 98% used [0x00000000fe180000,0x00000000fff80030,0x0000000100000000)
[48.979s][debug  ][gc,heap        ] GC(178)   to   space 31232K, 0% used [0x00000000fc300000,0x00000000fc300000,0x00000000fe180000)
[48.979s][debug  ][gc,heap        ] GC(178)  ParOldGen       total 1835008K, used 1445477K [0x0000000080000000, 0x00000000f0000000, 0x00000000f0000000)
[48.979s][debug  ][gc,heap        ] GC(178)   object space 1835008K, 78% used [0x0000000080000000,0x00000000d8399558,0x00000000f0000000)
[48.979s][debug  ][gc,heap        ] GC(178)  Metaspace       used 1025K, committed 1216K, reserved 1056768K
[48.980s][debug  ][gc,heap        ] GC(178)   class space    used 83K, committed 192K, reserved 1048576K
[48.980s][debug  ][gc,tlab        ] GC(178) TLAB totals: thrds: 1  refills: 1 max: 1 slow allocs: 18 max 18 waste: 27.6% gc: 3987552B max: 3987552B slow: 0B max: 0B
[48.980s][info   ][gc,start       ] GC(178) Pause Young (Allocation Failure)
[48.980s][debug  ][gc,phases,start] GC(178) Scavenge
[48.995s][debug  ][gc,phases      ] GC(178) Scavenge 15.504ms
[48.995s][debug  ][gc,phases,start] GC(178) Reference Processing
[48.995s][debug  ][gc,ref         ] GC(178) Skipped phase 1 of Reference Processing: no references
[48.995s][debug  ][gc,ref         ] GC(178) Skipped phase 2 of Reference Processing: no references
[48.995s][debug  ][gc,ref         ] GC(178) Skipped phase 3 of Reference Processing: no references
[48.995s][debug  ][gc,ref         ] GC(178) Skipped phase 4 of Reference Processing: no references
[48.995s][debug  ][gc,phases,ref  ] GC(178) Reference Processing: 0.1ms
[48.995s][debug  ][gc,phases,ref  ] GC(178)   Reconsider SoftReferences: 0.0ms
[48.995s][debug  ][gc,phases,ref  ] GC(178)     SoftRef (ms):                  skipped
[48.995s][debug  ][gc,phases,ref  ] GC(178)   Notify Soft/WeakReferences: 0.0ms
[48.995s][debug  ][gc,phases,ref  ] GC(178)     SoftRef (ms):                  skipped
[48.995s][debug  ][gc,phases,ref  ] GC(178)     WeakRef (ms):                  skipped
[48.995s][debug  ][gc,phases,ref  ] GC(178)     FinalRef (ms):                 skipped
[48.996s][debug  ][gc,phases,ref  ] GC(178)     Total (ms):                    skipped
[48.996s][debug  ][gc,phases,ref  ] GC(178)   Notify and keep alive finalizable: 0.0ms
[48.996s][debug  ][gc,phases,ref  ] GC(178)     FinalRef (ms):                 skipped
[48.996s][debug  ][gc,phases,ref  ] GC(178)   Notify PhantomReferences: 0.0ms
[48.996s][debug  ][gc,phases,ref  ] GC(178)     PhantomRef (ms):               skipped
[48.996s][debug  ][gc,phases,ref  ] GC(178)   SoftReference:
[48.996s][debug  ][gc,phases,ref  ] GC(178)     Discovered: 0
[48.996s][debug  ][gc,phases,ref  ] GC(178)     Cleared: 0
[48.996s][debug  ][gc,phases,ref  ] GC(178)   WeakReference:
[48.996s][debug  ][gc,phases,ref  ] GC(178)     Discovered: 0
[48.996s][debug  ][gc,phases,ref  ] GC(178)     Cleared: 0
[48.996s][debug  ][gc,phases,ref  ] GC(178)   FinalReference:
[48.996s][debug  ][gc,phases,ref  ] GC(178)     Discovered: 0
[48.996s][debug  ][gc,phases,ref  ] GC(178)     Cleared: 0
[48.996s][debug  ][gc,phases,ref  ] GC(178)   PhantomReference:
[48.996s][debug  ][gc,phases,ref  ] GC(178)     Discovered: 0
[48.996s][debug  ][gc,phases,ref  ] GC(178)     Cleared: 0
[48.996s][debug  ][gc,phases      ] GC(178) Reference Processing 0.583ms
[48.996s][debug  ][gc,phases,start] GC(178) Weak Processing
[48.996s][debug  ][gc,phases      ] GC(178)   VM Weak                        Min:  0.0, Avg:  0.0, Max:  0.0, Diff:  0.0, Sum:  0.0, Workers: 6
[48.996s][debug  ][gc,phases      ] GC(178)     Dead                           Min: 0, Avg:  0.0, Max: 0, Diff: 0, Sum: 0, Workers: 6
[48.996s][debug  ][gc,phases      ] GC(178)     Total                          Min: 0, Avg:  1.3, Max: 8, Diff: 8, Sum: 8, Workers: 6
[48.996s][debug  ][gc,phases      ] GC(178)   ObjectSynchronizer Weak        Min:  0.0, Avg:  0.0, Max:  0.0, Diff:  0.0, Sum:  0.0, Workers: 6
[48.996s][debug  ][gc,phases      ] GC(178)     Dead                           Min: 0, Avg:  0.0, Max: 0, Diff: 0, Sum: 0, Workers: 6
[48.996s][debug  ][gc,phases      ] GC(178)     Total                          Min: 0, Avg:  0.5, Max: 3, Diff: 3, Sum: 3, Workers: 6
[48.996s][debug  ][gc,phases      ] GC(178)   JVMTI Tag Weak OopStorage      Min:  0.0, Avg:  0.0, Max:  0.0, Diff:  0.0, Sum:  0.0, Workers: 6
[48.996s][debug  ][gc,phases      ] GC(178)     Dead                           Min: 0, Avg:  0.0, Max: 0, Diff: 0, Sum: 0, Workers: 6
[48.996s][debug  ][gc,phases      ] GC(178)     Total                          Min: 0, Avg:  0.0, Max: 0, Diff: 0, Sum: 0, Workers: 6
[48.996s][debug  ][gc,phases      ] GC(178)   StringTable Weak               Min:  0.0, Avg:  0.0, Max:  0.0, Diff:  0.0, Sum:  0.0, Workers: 6
[48.996s][debug  ][gc,phases      ] GC(178)     Dead                           Min: 0, Avg:  0.0, Max: 0, Diff: 0, Sum: 0, Workers: 6
[48.996s][debug  ][gc,phases      ] GC(178)     Total                          Min: 750, Avg: 892.8, Max: 1216, Diff: 466, Sum: 5357, Workers: 6
[48.996s][debug  ][gc,phases      ] GC(178)   ResolvedMethodTable Weak       Min:  0.0, Avg:  0.0, Max:  0.0, Diff:  0.0, Sum:  0.0, Workers: 6
[48.996s][debug  ][gc,phases      ] GC(178)     Dead                           Min: 0, Avg:  0.0, Max: 0, Diff: 0, Sum: 0, Workers: 6
[48.996s][debug  ][gc,phases      ] GC(178)     Total                          Min: 0, Avg: 21.7, Max: 64, Diff: 64, Sum: 130, Workers: 6
[48.996s][debug  ][gc,phases      ] GC(178)   JNI Weak                       Min:  0.0, Avg:  0.0, Max:  0.0, Diff:  0.0, Sum:  0.0, Workers: 6
[48.996s][debug  ][gc,phases      ] GC(178)     Dead                           Min: 0, Avg:  0.0, Max: 0, Diff: 0, Sum: 0, Workers: 6
[48.996s][debug  ][gc,phases      ] GC(178)     Total                          Min: 0, Avg:  0.0, Max: 0, Diff: 0, Sum: 0, Workers: 6
[48.996s][debug  ][gc,phases      ] GC(178)   StringDedup Table Weak         Min:  0.0, Avg:  0.0, Max:  0.0, Diff:  0.0, Sum:  0.0, Workers: 6
[48.996s][debug  ][gc,phases      ] GC(178)     Dead                           Min: 0, Avg:  0.0, Max: 0, Diff: 0, Sum: 0, Workers: 6
[48.996s][debug  ][gc,phases      ] GC(178)     Total                          Min: 0, Avg:  0.0, Max: 0, Diff: 0, Sum: 0, Workers: 6
[48.996s][debug  ][gc,phases      ] GC(178)   StringDedup Requests0 Weak     Min:  0.0, Avg:  0.0, Max:  0.0, Diff:  0.0, Sum:  0.0, Workers: 6
[48.996s][debug  ][gc,phases      ] GC(178)     Dead                           Min: 0, Avg:  0.0, Max: 0, Diff: 0, Sum: 0, Workers: 6
[48.996s][debug  ][gc,phases      ] GC(178)     Total                          Min: 0, Avg:  0.0, Max: 0, Diff: 0, Sum: 0, Workers: 6
[48.996s][debug  ][gc,phases      ] GC(178)   StringDedup Requests1 Weak     Min:  0.0, Avg:  0.0, Max:  0.0, Diff:  0.0, Sum:  0.0, Workers: 6
[48.996s][debug  ][gc,phases      ] GC(178)     Dead                           Min: 0, Avg:  0.0, Max: 0, Diff: 0, Sum: 0, Workers: 6
[48.996s][debug  ][gc,phases      ] GC(178)     Total                          Min: 0, Avg:  0.0, Max: 0, Diff: 0, Sum: 0, Workers: 6
[48.996s][debug  ][gc,phases      ] GC(178)   Weak JFR Old Object Samples    Min:  0.0, Avg:  0.0, Max:  0.0, Diff:  0.0, Sum:  0.0, Workers: 6
[48.997s][debug  ][gc,phases      ] GC(178)     Dead                           Min: 0, Avg:  0.0, Max: 0, Diff: 0, Sum: 0, Workers: 6
[48.997s][debug  ][gc,phases      ] GC(178)     Total                          Min: 0, Avg:  0.0, Max: 0, Diff: 0, Sum: 0, Workers: 6
[48.997s][debug  ][gc,phases      ] GC(178) Weak Processing 0.685ms
[48.997s][debug  ][gc,ergo        ] GC(178) AdaptiveSizeStart:  collection: 179 
[48.997s][debug  ][gc,ergo        ] GC(178) avg_survived_padded_avg: 31488786.000000
[48.997s][debug  ][gc,ergo        ] GC(178) avg_promoted_padded_avg: 269861632.000000  avg_pretenured_padded_avg: 0.000000  tenuring_thresh: 15  target_size: 31981568
[48.997s][debug  ][gc,age         ] GC(178) Desired survivor size 31981568 bytes, new threshold 15 (max threshold 15)
[48.997s][debug  ][gc,ergo        ] GC(178) PSAdaptiveSizePolicy::compute_eden_space_size limits: desired_eden_size: 224237610 old_eden_size: 204472320 eden_limit: 204472320 cur_eden: 204472320 max_eden_size: 204472320 avg_young_live: 27723516
[48.997s][debug  ][gc,ergo        ] GC(178) PSAdaptiveSizePolicy::compute_eden_space_size: costs minor_time: 0.049108 major_cost: 0.052497 mutator_cost: 0.898395 throughput_goal: 0.990000
[48.997s][debug  ][gc,ergo        ] GC(178) Live_space: 1085319424 free_space: 1431306240
[48.997s][debug  ][gc,ergo        ] GC(178) Old eden_size: 204472320 desired_eden_size: 204472320
[48.997s][debug  ][gc,ergo        ] GC(178) AdaptiveSizeStop: collection: 179 
[48.997s][info   ][gc,heap        ] GC(178) PSYoungGen: 229174K(230912K)->30720K(230912K) Eden: 198454K(199680K)->0K(199680K) From: 30720K(31232K)->30720K(31232K)
[48.997s][info   ][gc,heap        ] GC(178) ParOldGen: 1445477K(1835008K)->1640037K(1835008K)
[48.997s][info   ][gc,metaspace   ] GC(178) Metaspace: 1025K(1216K)->1025K(1216K) NonClass: 941K(1024K)->941K(1024K) Class: 83K(192K)->83K(192K)
[48.997s][info   ][gc             ] GC(178) Pause Young (Allocation Failure) 1635M->1631M(2017M) 17.239ms
[48.997s][info   ][gc,cpu         ] GC(178) User=0.17s Sys=0.00s Real=0.02s
[48.997s][debug  ][gc,heap        ] GC(178) Heap after GC invocations=179 (full 28):
[48.997s][debug  ][gc,heap        ] GC(178)  PSYoungGen      total 230912K, used 30720K [0x00000000f0000000, 0x0000000100000000, 0x0000000100000000)
[48.997s][debug  ][gc,heap        ] GC(178)   eden space 199680K, 0% used [0x00000000f0000000,0x00000000f0000000,0x00000000fc300000)
[48.997s][debug  ][gc,heap        ] GC(178)   from space 31232K, 98% used [0x00000000fc300000,0x00000000fe100030,0x00000000fe180000)
[48.997s][debug  ][gc,heap        ] GC(178)   to   space 31232K, 0% used [0x00000000fe180000,0x00000000fe180000,0x0000000100000000)
[48.997s][debug  ][gc,heap        ] GC(178)  ParOldGen       total 1835008K, used 1640037K [0x0000000080000000, 0x00000000f0000000, 0x00000000f0000000)
[48.997s][debug  ][gc,heap        ] GC(178)   object space 1835008K, 89% used [0x0000000080000000,0x00000000e4199688,0x00000000f0000000)
[48.997s][debug  ][gc,heap        ] GC(178)  Metaspace       used 1025K, committed 1216K, reserved 1056768K
[48.997s][debug  ][gc,heap        ] GC(178)   class space    used 83K, committed 192K, reserved 1048576K
[48.997s][debug  ][gc,task,time   ] GC(178) VM-Thread 489791870 489952606 489971124
[48.997s][debug  ][gc,phases,start] GC(179) Pre Compact
[48.997s][debug  ][gc,heap        ] GC(179) Heap before GC invocations=180 (full 29):
[48.997s][debug  ][gc,heap        ] GC(179)  PSYoungGen      total 230912K, used 30720K [0x00000000f0000000, 0x0000000100000000, 0x0000000100000000)
[48.997s][debug  ][gc,heap        ] GC(179)   eden space 199680K, 0% used [0x00000000f0000000,0x00000000f0000000,0x00000000fc300000)
[48.997s][debug  ][gc,heap        ] GC(179)   from space 31232K, 98% used [0x00000000fc300000,0x00000000fe100030,0x00000000fe180000)
[48.997s][debug  ][gc,heap        ] GC(179)   to   space 31232K, 0% used [0x00000000fe180000,0x00000000fe180000,0x0000000100000000)
[48.997s][debug  ][gc,heap        ] GC(179)  ParOldGen       total 1835008K, used 1640037K [0x0000000080000000, 0x00000000f0000000, 0x00000000f0000000)
[48.997s][debug  ][gc,heap        ] GC(179)   object space 1835008K, 89% used [0x0000000080000000,0x00000000e4199688,0x00000000f0000000)
[48.997s][debug  ][gc,heap        ] GC(179)  Metaspace       used 1025K, committed 1216K, reserved 1056768K
[48.997s][debug  ][gc,heap        ] GC(179)   class space    used 83K, committed 192K, reserved 1048576K
[48.997s][debug  ][gc,phases      ] GC(179) Pre Compact 0.202ms
[48.997s][info   ][gc,start       ] GC(179) Pause Full (Ergonomics)
[48.997s][info   ][gc,phases,start] GC(179) Marking Phase
[48.997s][debug  ][gc,phases,start] GC(179) Par Mark
[48.998s][debug  ][gc,phases      ] GC(179) Par Mark 0.526ms
[48.998s][debug  ][gc,phases,start] GC(179) Reference Processing
[48.998s][debug  ][gc,ref         ] GC(179) Skipped phase 1 of Reference Processing: no references
[48.998s][debug  ][gc,ref         ] GC(179) ReferenceProcessor::execute queues: 1, RefProcThreadModel::Single, marks_oops_alive: false
[48.998s][debug  ][gc,ref         ] GC(179) Skipped phase 3 of Reference Processing: no references
[48.998s][debug  ][gc,ref         ] GC(179) ReferenceProcessor::execute queues: 1, RefProcThreadModel::Single, marks_oops_alive: false
[48.998s][debug  ][gc,phases,ref  ] GC(179) Reference Processing: 0.1ms
[48.998s][debug  ][gc,phases,ref  ] GC(179)   Reconsider SoftReferences: 0.0ms
[48.998s][debug  ][gc,phases,ref  ] GC(179)     SoftRef (ms):                  skipped
[48.998s][debug  ][gc,phases,ref  ] GC(179)   Notify Soft/WeakReferences: 0.0ms
[48.998s][debug  ][gc,phases,ref  ] GC(179)     SoftRef (ms):                  Min:  0.0, Avg:  0.0, Max:  0.0, Diff:  0.0, Sum:  0.0, Workers: 10
[48.998s][debug  ][gc,phases,ref  ] GC(179)     WeakRef (ms):                  Min:  0.0, Avg:  0.0, Max:  0.0, Diff:  0.0, Sum:  0.0, Workers: 10
[48.998s][debug  ][gc,phases,ref  ] GC(179)     FinalRef (ms):                 Min:  0.0, Avg:  0.0, Max:  0.0, Diff:  0.0, Sum:  0.0, Workers: 10
[48.998s][debug  ][gc,phases,ref  ] GC(179)     Total (ms):                    Min:  0.0, Avg:  0.0, Max:  0.0, Diff:  0.0, Sum:  0.0, Workers: 10
[48.998s][debug  ][gc,phases,ref  ] GC(179)   Notify and keep alive finalizable: 0.0ms
[48.998s][debug  ][gc,phases,ref  ] GC(179)     FinalRef (ms):                 skipped
[48.998s][debug  ][gc,phases,ref  ] GC(179)   Notify PhantomReferences: 0.0ms
[48.998s][debug  ][gc,phases,ref  ] GC(179)     PhantomRef (ms):               Min:  0.0, Avg:  0.0, Max:  0.0, Diff:  0.0, Sum:  0.0, Workers: 10
[48.998s][debug  ][gc,phases,ref  ] GC(179)   SoftReference:
[48.998s][debug  ][gc,phases,ref  ] GC(179)     Discovered: 0
[48.998s][debug  ][gc,phases,ref  ] GC(179)     Cleared: 0
[48.999s][debug  ][gc,phases,ref  ] GC(179)   WeakReference:
[48.999s][debug  ][gc,phases,ref  ] GC(179)     Discovered: 65
[48.999s][debug  ][gc,phases,ref  ] GC(179)     Cleared: 65
[48.999s][debug  ][gc,phases,ref  ] GC(179)   FinalReference:
[48.999s][debug  ][gc,phases,ref  ] GC(179)     Discovered: 0
[48.999s][debug  ][gc,phases,ref  ] GC(179)     Cleared: 0
[48.999s][debug  ][gc,phases,ref  ] GC(179)   PhantomReference:
[48.999s][debug  ][gc,phases,ref  ] GC(179)     Discovered: 3
[48.999s][debug  ][gc,phases,ref  ] GC(179)     Cleared: 3
[48.999s][debug  ][gc,phases      ] GC(179) Reference Processing 0.689ms
[48.999s][debug  ][gc,phases,start] GC(179) Weak Processing
[48.999s][debug  ][gc,phases      ] GC(179)   VM Weak                        Min:  0.0, Avg:  0.0, Max:  0.0, Diff:  0.0, Sum:  0.0, Workers: 6
[48.999s][debug  ][gc,phases      ] GC(179)     Dead                           Min: 0, Avg:  0.0, Max: 0, Diff: 0, Sum: 0, Workers: 6
[48.999s][debug  ][gc,phases      ] GC(179)     Total                          Min: 0, Avg:  1.3, Max: 8, Diff: 8, Sum: 8, Workers: 6
[48.999s][debug  ][gc,phases      ] GC(179)   ObjectSynchronizer Weak        Min:  0.0, Avg:  0.0, Max:  0.0, Diff:  0.0, Sum:  0.0, Workers: 6
[48.999s][debug  ][gc,phases      ] GC(179)     Dead                           Min: 0, Avg:  0.0, Max: 0, Diff: 0, Sum: 0, Workers: 6
[48.999s][debug  ][gc,phases      ] GC(179)     Total                          Min: 0, Avg:  0.5, Max: 3, Diff: 3, Sum: 3, Workers: 6
[48.999s][debug  ][gc,phases      ] GC(179)   JVMTI Tag Weak OopStorage      Min:  0.0, Avg:  0.0, Max:  0.0, Diff:  0.0, Sum:  0.0, Workers: 6
[48.999s][debug  ][gc,phases      ] GC(179)     Dead                           Min: 0, Avg:  0.0, Max: 0, Diff: 0, Sum: 0, Workers: 6
[48.999s][debug  ][gc,phases      ] GC(179)     Total                          Min: 0, Avg:  0.0, Max: 0, Diff: 0, Sum: 0, Workers: 6
[48.999s][debug  ][gc,phases      ] GC(179)   StringTable Weak               Min:  0.0, Avg:  0.0, Max:  0.0, Diff:  0.0, Sum:  0.0, Workers: 6
[48.999s][debug  ][gc,phases      ] GC(179)     Dead                           Min: 0, Avg:  0.0, Max: 0, Diff: 0, Sum: 0, Workers: 6
[48.999s][debug  ][gc,phases      ] GC(179)     Total                          Min: 704, Avg: 892.8, Max: 1261, Diff: 557, Sum: 5357, Workers: 6
[48.999s][debug  ][gc,phases      ] GC(179)   ResolvedMethodTable Weak       Min:  0.0, Avg:  0.0, Max:  0.0, Diff:  0.0, Sum:  0.0, Workers: 6
[48.999s][debug  ][gc,phases      ] GC(179)     Dead                           Min: 0, Avg:  0.0, Max: 0, Diff: 0, Sum: 0, Workers: 6
[48.999s][debug  ][gc,phases      ] GC(179)     Total                          Min: 0, Avg: 21.7, Max: 64, Diff: 64, Sum: 130, Workers: 6
[48.999s][debug  ][gc,phases      ] GC(179)   JNI Weak                       Min:  0.0, Avg:  0.0, Max:  0.0, Diff:  0.0, Sum:  0.0, Workers: 6
[48.999s][debug  ][gc,phases      ] GC(179)     Dead                           Min: 0, Avg:  0.0, Max: 0, Diff: 0, Sum: 0, Workers: 6
[48.999s][debug  ][gc,phases      ] GC(179)     Total                          Min: 0, Avg:  0.0, Max: 0, Diff: 0, Sum: 0, Workers: 6
