[0.004s][warning][gc] -XX:+PrintGCDetails is deprecated. Will use -Xlog:gc* instead.
[0.011s][debug  ][gc,heap] Minimum heap 1073741824  Initial heap 1073741824  Maximum heap 1073741824
[0.011s][info   ][gc     ] Using Parallel
[0.011s][debug  ][gc,heap,coops] Heap address: 0x00000000c0000000, size: 1024 MB, Compressed Oops mode: 32-bit
[0.013s][info   ][gc,init      ] Version: 17.0.2+8-86 (release)
[0.013s][info   ][gc,init      ] CPUs: 12 total, 12 available
[0.013s][info   ][gc,init      ] Memory: 14188M
[0.013s][info   ][gc,init      ] Large Page Support: Disabled
[0.018s][info   ][gc,init      ] NUMA Support: Disabled
[0.018s][info   ][gc,init      ] Compressed Oops: Enabled (32-bit)
[0.018s][info   ][gc,init      ] Alignments: Space 512K, Generation 512K, Heap 2M
[0.018s][info   ][gc,init      ] Heap Min Capacity: 1G
[0.018s][info   ][gc,init      ] Heap Initial Capacity: 1G
[0.018s][info   ][gc,init      ] Heap Max Capacity: 1G
[0.018s][info   ][gc,init      ] Pre-touch: Disabled
[0.018s][info   ][gc,init      ] Parallel Workers: 10
[0.019s][info   ][gc,metaspace ] CDS archive(s) mapped at: [0x0000000800000000-0x0000000800bc0000-0x0000000800bc0000), size 12320768, SharedBaseAddress: 0x0000000800000000, ArchiveRelocationMode: 0.
[0.019s][info   ][gc,metaspace ] Compressed class space mapped at: 0x0000000800c00000-0x0000000840c00000, reserved size: 1073741824
[0.019s][info   ][gc,metaspace ] Narrow klass base: 0x0000000800000000, Narrow klass shift: 0, Narrow klass range: 0x100000000
[1.912s][debug  ][gc,heap      ] GC(0) Heap before GC invocations=1 (full 0):
[1.912s][debug  ][gc,heap      ] GC(0)  PSYoungGen      total 196608K, used 130418K [0x00000000f0000000, 0x0000000100000000, 0x0000000100000000)
[1.912s][debug  ][gc,heap      ] GC(0)   eden space 131072K, 99% used [0x00000000f0000000,0x00000000f7f5cb80,0x00000000f8000000)
[1.912s][debug  ][gc,heap      ] GC(0)   from space 65536K, 0% used [0x00000000fc000000,0x00000000fc000000,0x0000000100000000)
[1.912s][debug  ][gc,heap      ] GC(0)   to   space 65536K, 0% used [0x00000000f8000000,0x00000000f8000000,0x00000000fc000000)
[1.912s][debug  ][gc,heap      ] GC(0)  ParOldGen       total 786432K, used 0K [0x00000000c0000000, 0x00000000f0000000, 0x00000000f0000000)
[1.912s][debug  ][gc,heap      ] GC(0)   object space 786432K, 0% used [0x00000000c0000000,0x00000000c0000000,0x00000000f0000000)
[1.912s][debug  ][gc,heap      ] GC(0)  Metaspace       used 1018K, committed 1152K, reserved 1056768K
[1.912s][debug  ][gc,heap      ] GC(0)   class space    used 83K, committed 192K, reserved 1048576K
[1.912s][debug  ][gc,tlab      ] GC(0) TLAB totals: thrds: 5  refills: 6 max: 2 slow allocs: 113 max 113 waste: 63.6% gc: 10237560B max: 2684272B slow: 576B max: 576B
[1.913s][info   ][gc,start     ] GC(0) Pause Young (Allocation Failure)
[1.913s][debug  ][gc,phases,start] GC(0) Scavenge
[1.917s][debug  ][gc,phases      ] GC(0) Scavenge 4.440ms
[1.917s][debug  ][gc,phases,start] GC(0) Reference Processing
[1.917s][debug  ][gc,ref         ] GC(0) Skipped phase 1 of Reference Processing: no references
[1.917s][debug  ][gc,ref         ] GC(0) ReferenceProcessor::execute queues: 1, RefProcThreadModel::Single, marks_oops_alive: false
[1.918s][debug  ][gc,ref         ] GC(0) Skipped phase 3 of Reference Processing: no references
[1.918s][debug  ][gc,ref         ] GC(0) ReferenceProcessor::execute queues: 1, RefProcThreadModel::Single, marks_oops_alive: false
[1.918s][debug  ][gc,phases,ref  ] GC(0) Reference Processing: 0.2ms
[1.918s][debug  ][gc,phases,ref  ] GC(0)   Reconsider SoftReferences: 0.0ms
[1.918s][debug  ][gc,phases,ref  ] GC(0)     SoftRef (ms):                  skipped
[1.918s][debug  ][gc,phases,ref  ] GC(0)   Notify Soft/WeakReferences: 0.1ms
[1.918s][debug  ][gc,phases,ref  ] GC(0)     SoftRef (ms):                  Min:  0.0, Avg:  0.0, Max:  0.0, Diff:  0.0, Sum:  0.0, Workers: 10
[1.918s][debug  ][gc,phases,ref  ] GC(0)     WeakRef (ms):                  Min:  0.0, Avg:  0.0, Max:  0.0, Diff:  0.0, Sum:  0.0, Workers: 10
[1.918s][debug  ][gc,phases,ref  ] GC(0)     FinalRef (ms):                 Min:  0.0, Avg:  0.0, Max:  0.0, Diff:  0.0, Sum:  0.0, Workers: 10
[1.918s][debug  ][gc,phases,ref  ] GC(0)     Total (ms):                    Min:  0.0, Avg:  0.0, Max:  0.0, Diff:  0.0, Sum:  0.0, Workers: 10
[1.918s][debug  ][gc,phases,ref  ] GC(0)   Notify and keep alive finalizable: 0.0ms
[1.918s][debug  ][gc,phases,ref  ] GC(0)     FinalRef (ms):                 skipped
[1.918s][debug  ][gc,phases,ref  ] GC(0)   Notify PhantomReferences: 0.0ms
[1.918s][debug  ][gc,phases,ref  ] GC(0)     PhantomRef (ms):               Min:  0.0, Avg:  0.0, Max:  0.0, Diff:  0.0, Sum:  0.0, Workers: 10
[1.918s][debug  ][gc,phases,ref  ] GC(0)   SoftReference:
[1.918s][debug  ][gc,phases,ref  ] GC(0)     Discovered: 0
[1.918s][debug  ][gc,phases,ref  ] GC(0)     Cleared: 0
[1.918s][debug  ][gc,phases,ref  ] GC(0)   WeakReference:
[1.918s][debug  ][gc,phases,ref  ] GC(0)     Discovered: 170
[1.918s][debug  ][gc,phases,ref  ] GC(0)     Cleared: 126
[1.918s][debug  ][gc,phases,ref  ] GC(0)   FinalReference:
[1.918s][debug  ][gc,phases,ref  ] GC(0)     Discovered: 0
[1.918s][debug  ][gc,phases,ref  ] GC(0)     Cleared: 0
[1.918s][debug  ][gc,phases,ref  ] GC(0)   PhantomReference:
[1.918s][debug  ][gc,phases,ref  ] GC(0)     Discovered: 35
[1.918s][debug  ][gc,phases,ref  ] GC(0)     Cleared: 5
[1.918s][debug  ][gc,phases      ] GC(0) Reference Processing 0.930ms
[1.918s][debug  ][gc,phases,start] GC(0) Weak Processing
[1.918s][debug  ][gc,phases      ] GC(0)   VM Weak                        Min:  0.0, Avg:  0.0, Max:  0.0, Diff:  0.0, Sum:  0.0, Workers: 6
[1.918s][debug  ][gc,phases      ] GC(0)     Dead                           Min: 0, Avg:  0.0, Max: 0, Diff: 0, Sum: 0, Workers: 6
[1.919s][debug  ][gc,phases      ] GC(0)     Total                          Min: 0, Avg:  1.3, Max: 8, Diff: 8, Sum: 8, Workers: 6
[1.919s][debug  ][gc,phases      ] GC(0)   ObjectSynchronizer Weak        Min:  0.0, Avg:  0.0, Max:  0.0, Diff:  0.0, Sum:  0.0, Workers: 6
[1.919s][debug  ][gc,phases      ] GC(0)     Dead                           Min: 0, Avg:  0.0, Max: 0, Diff: 0, Sum: 0, Workers: 6
[1.919s][debug  ][gc,phases      ] GC(0)     Total                          Min: 0, Avg:  0.5, Max: 3, Diff: 3, Sum: 3, Workers: 6
[1.919s][debug  ][gc,phases      ] GC(0)   JVMTI Tag Weak OopStorage      Min:  0.0, Avg:  0.0, Max:  0.0, Diff:  0.0, Sum:  0.0, Workers: 6
[1.919s][debug  ][gc,phases      ] GC(0)     Dead                           Min: 0, Avg:  0.0, Max: 0, Diff: 0, Sum: 0, Workers: 6
[1.919s][debug  ][gc,phases      ] GC(0)     Total                          Min: 0, Avg:  0.0, Max: 0, Diff: 0, Sum: 0, Workers: 6
[1.919s][debug  ][gc,phases      ] GC(0)   StringTable Weak               Min:  0.0, Avg:  0.0, Max:  0.0, Diff:  0.0, Sum:  0.1, Workers: 6
[1.919s][debug  ][gc,phases      ] GC(0)     Dead                           Min: 0, Avg:  0.8, Max: 3, Diff: 3, Sum: 5, Workers: 6
[1.919s][debug  ][gc,phases      ] GC(0)     Total                          Min: 619, Avg: 892.5, Max: 1152, Diff: 533, Sum: 5355, Workers: 6
[1.919s][debug  ][gc,phases      ] GC(0)   ResolvedMethodTable Weak       Min:  0.0, Avg:  0.0, Max:  0.0, Diff:  0.0, Sum:  0.0, Workers: 6
[1.919s][debug  ][gc,phases      ] GC(0)     Dead                           Min: 0, Avg:  0.2, Max: 1, Diff: 1, Sum: 1, Workers: 6
[1.919s][debug  ][gc,phases      ] GC(0)     Total                          Min: 0, Avg: 21.7, Max: 64, Diff: 64, Sum: 130, Workers: 6
[1.919s][debug  ][gc,phases      ] GC(0)   JNI Weak                       Min:  0.0, Avg:  0.0, Max:  0.0, Diff:  0.0, Sum:  0.0, Workers: 6
[1.919s][debug  ][gc,phases      ] GC(0)     Dead                           Min: 0, Avg:  0.0, Max: 0, Diff: 0, Sum: 0, Workers: 6
[1.919s][debug  ][gc,phases      ] GC(0)     Total                          Min: 0, Avg:  0.0, Max: 0, Diff: 0, Sum: 0, Workers: 6
[1.919s][debug  ][gc,phases      ] GC(0)   StringDedup Table Weak         Min:  0.0, Avg:  0.0, Max:  0.0, Diff:  0.0, Sum:  0.0, Workers: 6
[1.919s][debug  ][gc,phases      ] GC(0)     Dead                           Min: 0, Avg:  0.0, Max: 0, Diff: 0, Sum: 0, Workers: 6
[1.919s][debug  ][gc,phases      ] GC(0)     Total                          Min: 0, Avg:  0.0, Max: 0, Diff: 0, Sum: 0, Workers: 6
[1.919s][debug  ][gc,phases      ] GC(0)   StringDedup Requests0 Weak     Min:  0.0, Avg:  0.0, Max:  0.0, Diff:  0.0, Sum:  0.0, Workers: 6
[1.919s][debug  ][gc,phases      ] GC(0)     Dead                           Min: 0, Avg:  0.0, Max: 0, Diff: 0, Sum: 0, Workers: 6
[1.919s][debug  ][gc,phases      ] GC(0)     Total                          Min: 0, Avg:  0.0, Max: 0, Diff: 0, Sum: 0, Workers: 6
[1.919s][debug  ][gc,phases      ] GC(0)   StringDedup Requests1 Weak     Min:  0.0, Avg:  0.0, Max:  0.0, Diff:  0.0, Sum:  0.0, Workers: 6
[1.919s][debug  ][gc,phases      ] GC(0)     Dead                           Min: 0, Avg:  0.0, Max: 0, Diff: 0, Sum: 0, Workers: 6
[1.919s][debug  ][gc,phases      ] GC(0)     Total                          Min: 0, Avg:  0.0, Max: 0, Diff: 0, Sum: 0, Workers: 6
[1.919s][debug  ][gc,phases      ] GC(0)   Weak JFR Old Object Samples    Min:  0.0, Avg:  0.0, Max:  0.0, Diff:  0.0, Sum:  0.0, Workers: 6
[1.919s][debug  ][gc,phases      ] GC(0)     Dead                           Min: 0, Avg:  0.0, Max: 0, Diff: 0, Sum: 0, Workers: 6
[1.919s][debug  ][gc,phases      ] GC(0)     Total                          Min: 0, Avg:  0.0, Max: 0, Diff: 0, Sum: 0, Workers: 6
[1.919s][debug  ][gc,phases      ] GC(0) Weak Processing 0.894ms
[1.919s][debug  ][gc,ergo        ] GC(0) AdaptiveSizeStart:  collection: 1 
[1.919s][debug  ][gc,age         ] GC(0) Desired survivor size 67108864 bytes, new threshold 7 (max threshold 15)
[1.919s][debug  ][gc,ergo        ] GC(0) PSAdaptiveSizePolicy::compute_eden_space_size: costs minor_time: 0.003521 major_cost: 0.000000 mutator_cost: 0.996479 throughput_goal: 0.990000
[1.919s][debug  ][gc,ergo        ] GC(0) Live_space: 285991200 free_space: 268435456
[1.919s][debug  ][gc,ergo        ] GC(0) Old eden_size: 134217728 desired_eden_size: 134217728
[1.919s][debug  ][gc,ergo        ] GC(0) AdaptiveSizeStop: collection: 1 
[1.919s][info   ][gc,heap        ] GC(0) PSYoungGen: 130418K(196608K)->17144K(196608K) Eden: 130418K(131072K)->0K(131072K) From: 0K(65536K)->17144K(65536K)
[1.919s][info   ][gc,heap        ] GC(0) ParOldGen: 0K(786432K)->8K(786432K)
[1.919s][info   ][gc,metaspace   ] GC(0) Metaspace: 1018K(1152K)->1018K(1152K) NonClass: 935K(960K)->935K(960K) Class: 83K(192K)->83K(192K)
[1.920s][info   ][gc             ] GC(0) Pause Young (Allocation Failure) 127M->16M(960M) 6.997ms
[1.920s][info   ][gc,cpu         ] GC(0) User=0.00s Sys=0.02s Real=0.01s
[1.920s][debug  ][gc,heap        ] GC(0) Heap after GC invocations=1 (full 0):
[1.920s][debug  ][gc,heap        ] GC(0)  PSYoungGen      total 196608K, used 17144K [0x00000000f0000000, 0x0000000100000000, 0x0000000100000000)
[1.920s][debug  ][gc,heap        ] GC(0)   eden space 131072K, 0% used [0x00000000f0000000,0x00000000f0000000,0x00000000f8000000)
[1.920s][debug  ][gc,heap        ] GC(0)   from space 65536K, 26% used [0x00000000f8000000,0x00000000f90be120,0x00000000fc000000)
[1.920s][debug  ][gc,heap        ] GC(0)   to   space 65536K, 0% used [0x00000000fc000000,0x00000000fc000000,0x0000000100000000)
[1.920s][debug  ][gc,heap        ] GC(0)  ParOldGen       total 786432K, used 8K [0x00000000c0000000, 0x00000000f0000000, 0x00000000f0000000)
[1.920s][debug  ][gc,heap        ] GC(0)   object space 786432K, 0% used [0x00000000c0000000,0x00000000c0002000,0x00000000f0000000)
[1.920s][debug  ][gc,heap        ] GC(0)  Metaspace       used 1018K, committed 1152K, reserved 1056768K
[1.920s][debug  ][gc,heap        ] GC(0)   class space    used 83K, committed 192K, reserved 1048576K
[1.920s][debug  ][gc,task,time   ] GC(0) VM-Thread 19121682 19173968 19197993
[3.937s][debug  ][gc,heap        ] GC(1) Heap before GC invocations=2 (full 0):
[3.937s][debug  ][gc,heap        ] GC(1)  PSYoungGen      total 196608K, used 147635K [0x00000000f0000000, 0x0000000100000000, 0x0000000100000000)
[3.937s][debug  ][gc,heap        ] GC(1)   eden space 131072K, 99% used [0x00000000f0000000,0x00000000f7f6ee98,0x00000000f8000000)
[3.937s][debug  ][gc,heap        ] GC(1)   from space 65536K, 26% used [0x00000000f8000000,0x00000000f90be120,0x00000000fc000000)
[3.937s][debug  ][gc,heap        ] GC(1)   to   space 65536K, 0% used [0x00000000fc000000,0x00000000fc000000,0x0000000100000000)
[3.937s][debug  ][gc,heap        ] GC(1)  ParOldGen       total 786432K, used 8K [0x00000000c0000000, 0x00000000f0000000, 0x00000000f0000000)
[3.937s][debug  ][gc,heap        ] GC(1)   object space 786432K, 0% used [0x00000000c0000000,0x00000000c0002000,0x00000000f0000000)
[3.937s][debug  ][gc,heap        ] GC(1)  Metaspace       used 1020K, committed 1216K, reserved 1056768K
[3.937s][debug  ][gc,heap        ] GC(1)   class space    used 83K, committed 192K, reserved 1048576K
[3.937s][debug  ][gc,tlab        ] GC(1) TLAB totals: thrds: 1  refills: 1 max: 1 slow allocs: 124 max 124 waste: 12.5% gc: 451096B max: 451096B slow: 0B max: 0B
[3.937s][info   ][gc,start       ] GC(1) Pause Young (Allocation Failure)
[3.937s][debug  ][gc,phases,start] GC(1) Scavenge
[3.944s][debug  ][gc,phases      ] GC(1) Scavenge 7.329ms
[3.944s][debug  ][gc,phases,start] GC(1) Reference Processing
[3.944s][debug  ][gc,ref         ] GC(1) Skipped phase 1 of Reference Processing: no references
[3.944s][debug  ][gc,ref         ] GC(1) ReferenceProcessor::execute queues: 1, RefProcThreadModel::Single, marks_oops_alive: false
[3.945s][debug  ][gc,ref         ] GC(1) Skipped phase 3 of Reference Processing: no references
[3.945s][debug  ][gc,ref         ] GC(1) ReferenceProcessor::execute queues: 1, RefProcThreadModel::Single, marks_oops_alive: false
[3.945s][debug  ][gc,phases,ref  ] GC(1) Reference Processing: 0.1ms
[3.945s][debug  ][gc,phases,ref  ] GC(1)   Reconsider SoftReferences: 0.0ms
[3.945s][debug  ][gc,phases,ref  ] GC(1)     SoftRef (ms):                  skipped
[3.945s][debug  ][gc,phases,ref  ] GC(1)   Notify Soft/WeakReferences: 0.0ms
[3.945s][debug  ][gc,phases,ref  ] GC(1)     SoftRef (ms):                  Min:  0.0, Avg:  0.0, Max:  0.0, Diff:  0.0, Sum:  0.0, Workers: 10
[3.945s][debug  ][gc,phases,ref  ] GC(1)     WeakRef (ms):                  Min:  0.0, Avg:  0.0, Max:  0.0, Diff:  0.0, Sum:  0.0, Workers: 10
[3.945s][debug  ][gc,phases,ref  ] GC(1)     FinalRef (ms):                 Min:  0.0, Avg:  0.0, Max:  0.0, Diff:  0.0, Sum:  0.0, Workers: 10
[3.945s][debug  ][gc,phases,ref  ] GC(1)     Total (ms):                    Min:  0.0, Avg:  0.0, Max:  0.0, Diff:  0.0, Sum:  0.0, Workers: 10
[3.945s][debug  ][gc,phases,ref  ] GC(1)   Notify and keep alive finalizable: 0.0ms
[3.945s][debug  ][gc,phases,ref  ] GC(1)     FinalRef (ms):                 skipped
[3.945s][debug  ][gc,phases,ref  ] GC(1)   Notify PhantomReferences: 0.0ms
[3.945s][debug  ][gc,phases,ref  ] GC(1)     PhantomRef (ms):               Min:  0.0, Avg:  0.0, Max:  0.0, Diff:  0.0, Sum:  0.0, Workers: 10
[3.945s][debug  ][gc,phases,ref  ] GC(1)   SoftReference:
[3.945s][debug  ][gc,phases,ref  ] GC(1)     Discovered: 0
[3.945s][debug  ][gc,phases,ref  ] GC(1)     Cleared: 0
[3.945s][debug  ][gc,phases,ref  ] GC(1)   WeakReference:
[3.945s][debug  ][gc,phases,ref  ] GC(1)     Discovered: 104
[3.945s][debug  ][gc,phases,ref  ] GC(1)     Cleared: 104
[3.945s][debug  ][gc,phases,ref  ] GC(1)   FinalReference:
[3.945s][debug  ][gc,phases,ref  ] GC(1)     Discovered: 0
[3.945s][debug  ][gc,phases,ref  ] GC(1)     Cleared: 0
[3.945s][debug  ][gc,phases,ref  ] GC(1)   PhantomReference:
[3.945s][debug  ][gc,phases,ref  ] GC(1)     Discovered: 4
[3.945s][debug  ][gc,phases,ref  ] GC(1)     Cleared: 4
[3.945s][debug  ][gc,phases      ] GC(1) Reference Processing 0.726ms
[3.945s][debug  ][gc,phases,start] GC(1) Weak Processing
[3.945s][debug  ][gc,phases      ] GC(1)   VM Weak                        Min:  0.0, Avg:  0.0, Max:  0.0, Diff:  0.0, Sum:  0.0, Workers: 6
[3.945s][debug  ][gc,phases      ] GC(1)     Dead                           Min: 0, Avg:  0.0, Max: 0, Diff: 0, Sum: 0, Workers: 6
[3.945s][debug  ][gc,phases      ] GC(1)     Total                          Min: 0, Avg:  1.3, Max: 8, Diff: 8, Sum: 8, Workers: 6
[3.945s][debug  ][gc,phases      ] GC(1)   ObjectSynchronizer Weak        Min:  0.0, Avg:  0.0, Max:  0.0, Diff:  0.0, Sum:  0.0, Workers: 6
[3.945s][debug  ][gc,phases      ] GC(1)     Dead                           Min: 0, Avg:  0.0, Max: 0, Diff: 0, Sum: 0, Workers: 6
[3.946s][debug  ][gc,phases      ] GC(1)     Total                          Min: 0, Avg:  0.5, Max: 3, Diff: 3, Sum: 3, Workers: 6
[3.946s][debug  ][gc,phases      ] GC(1)   JVMTI Tag Weak OopStorage      Min:  0.0, Avg:  0.0, Max:  0.0, Diff:  0.0, Sum:  0.0, Workers: 6
[3.946s][debug  ][gc,phases      ] GC(1)     Dead                           Min: 0, Avg:  0.0, Max: 0, Diff: 0, Sum: 0, Workers: 6
[3.946s][debug  ][gc,phases      ] GC(1)     Total                          Min: 0, Avg:  0.0, Max: 0, Diff: 0, Sum: 0, Workers: 6
[3.946s][debug  ][gc,phases      ] GC(1)   StringTable Weak               Min:  0.1, Avg:  0.1, Max:  0.1, Diff:  0.0, Sum:  0.4, Workers: 6
[3.946s][debug  ][gc,phases      ] GC(1)     Dead                           Min: 0, Avg:  0.0, Max: 0, Diff: 0, Sum: 0, Workers: 6
[3.946s][debug  ][gc,phases      ] GC(1)     Total                          Min: 512, Avg: 892.5, Max: 1387, Diff: 875, Sum: 5355, Workers: 6
[3.946s][debug  ][gc,phases      ] GC(1)   ResolvedMethodTable Weak       Min:  0.0, Avg:  0.0, Max:  0.0, Diff:  0.0, Sum:  0.0, Workers: 6
[3.946s][debug  ][gc,phases      ] GC(1)     Dead                           Min: 0, Avg:  0.0, Max: 0, Diff: 0, Sum: 0, Workers: 6
[3.946s][debug  ][gc,phases      ] GC(1)     Total                          Min: 0, Avg: 21.7, Max: 64, Diff: 64, Sum: 130, Workers: 6
[3.946s][debug  ][gc,phases      ] GC(1)   JNI Weak                       Min:  0.0, Avg:  0.0, Max:  0.0, Diff:  0.0, Sum:  0.0, Workers: 6
[3.946s][debug  ][gc,phases      ] GC(1)     Dead                           Min: 0, Avg:  0.0, Max: 0, Diff: 0, Sum: 0, Workers: 6
[3.946s][debug  ][gc,phases      ] GC(1)     Total                          Min: 0, Avg:  0.0, Max: 0, Diff: 0, Sum: 0, Workers: 6
[3.946s][debug  ][gc,phases      ] GC(1)   StringDedup Table Weak         Min:  0.0, Avg:  0.0, Max:  0.0, Diff:  0.0, Sum:  0.0, Workers: 6
[3.946s][debug  ][gc,phases      ] GC(1)     Dead                           Min: 0, Avg:  0.0, Max: 0, Diff: 0, Sum: 0, Workers: 6
[3.946s][debug  ][gc,phases      ] GC(1)     Total                          Min: 0, Avg:  0.0, Max: 0, Diff: 0, Sum: 0, Workers: 6
[3.946s][debug  ][gc,phases      ] GC(1)   StringDedup Requests0 Weak     Min:  0.0, Avg:  0.0, Max:  0.0, Diff:  0.0, Sum:  0.0, Workers: 6
[3.946s][debug  ][gc,phases      ] GC(1)     Dead                           Min: 0, Avg:  0.0, Max: 0, Diff: 0, Sum: 0, Workers: 6
[3.946s][debug  ][gc,phases      ] GC(1)     Total                          Min: 0, Avg:  0.0, Max: 0, Diff: 0, Sum: 0, Workers: 6
[3.946s][debug  ][gc,phases      ] GC(1)   StringDedup Requests1 Weak     Min:  0.0, Avg:  0.0, Max:  0.0, Diff:  0.0, Sum:  0.0, Workers: 6
[3.946s][debug  ][gc,phases      ] GC(1)     Dead                           Min: 0, Avg:  0.0, Max: 0, Diff: 0, Sum: 0, Workers: 6
[3.946s][debug  ][gc,phases      ] GC(1)     Total                          Min: 0, Avg:  0.0, Max: 0, Diff: 0, Sum: 0, Workers: 6
[3.946s][debug  ][gc,phases      ] GC(1)   Weak JFR Old Object Samples    Min:  0.0, Avg:  0.0, Max:  0.0, Diff:  0.0, Sum:  0.0, Workers: 6
[3.946s][debug  ][gc,phases      ] GC(1)     Dead                           Min: 0, Avg:  0.0, Max: 0, Diff: 0, Sum: 0, Workers: 6
[3.946s][debug  ][gc,phases      ] GC(1)     Total                          Min: 0, Avg:  0.0, Max: 0, Diff: 0, Sum: 0, Workers: 6
[3.946s][debug  ][gc,phases      ] GC(1) Weak Processing 0.959ms
[3.946s][debug  ][gc,ergo        ] GC(1) AdaptiveSizeStart:  collection: 2 
[3.946s][debug  ][gc,age         ] GC(1) Desired survivor size 67108864 bytes, new threshold 7 (max threshold 15)
[3.946s][debug  ][gc,ergo        ] GC(1) PSAdaptiveSizePolicy::compute_eden_space_size: costs minor_time: 0.004014 major_cost: 0.000000 mutator_cost: 0.995986 throughput_goal: 0.990000
[3.946s][debug  ][gc,ergo        ] GC(1) Live_space: 300155392 free_space: 268435456
[3.946s][debug  ][gc,ergo        ] GC(1) Old eden_size: 134217728 desired_eden_size: 134217728
[3.946s][debug  ][gc,ergo        ] GC(1) AdaptiveSizeStop: collection: 2 
[3.946s][info   ][gc,heap        ] GC(1) PSYoungGen: 147635K(196608K)->44808K(196608K) Eden: 130491K(131072K)->0K(131072K) From: 17144K(65536K)->44808K(65536K)
[3.946s][info   ][gc,heap        ] GC(1) ParOldGen: 8K(786432K)->16K(786432K)
[3.946s][info   ][gc,metaspace   ] GC(1) Metaspace: 1020K(1216K)->1020K(1216K) NonClass: 937K(1024K)->937K(1024K) Class: 83K(192K)->83K(192K)
[3.946s][info   ][gc             ] GC(1) Pause Young (Allocation Failure) 144M->43M(960M) 9.428ms
[3.946s][info   ][gc,cpu         ] GC(1) User=0.00s Sys=0.00s Real=0.01s
[3.946s][debug  ][gc,heap        ] GC(1) Heap after GC invocations=2 (full 0):
[3.946s][debug  ][gc,heap        ] GC(1)  PSYoungGen      total 196608K, used 44808K [0x00000000f0000000, 0x0000000100000000, 0x0000000100000000)
[3.946s][debug  ][gc,heap        ] GC(1)   eden space 131072K, 0% used [0x00000000f0000000,0x00000000f0000000,0x00000000f8000000)
[3.947s][debug  ][gc,heap        ] GC(1)   from space 65536K, 68% used [0x00000000fc000000,0x00000000febc22c0,0x0000000100000000)
[3.947s][debug  ][gc,heap        ] GC(1)   to   space 65536K, 0% used [0x00000000f8000000,0x00000000f8000000,0x00000000fc000000)
[3.947s][debug  ][gc,heap        ] GC(1)  ParOldGen       total 786432K, used 16K [0x00000000c0000000, 0x00000000f0000000, 0x00000000f0000000)
[3.947s][debug  ][gc,heap        ] GC(1)   object space 786432K, 0% used [0x00000000c0000000,0x00000000c0004000,0x00000000f0000000)
[3.947s][debug  ][gc,heap        ] GC(1)  Metaspace       used 1020K, committed 1216K, reserved 1056768K
[3.947s][debug  ][gc,heap        ] GC(1)   class space    used 83K, committed 192K, reserved 1048576K
[3.947s][debug  ][gc,task,time   ] GC(1) VM-Thread 39365446 39444034 39466701
[5.953s][debug  ][gc,heap        ] GC(2) Heap before GC invocations=3 (full 0):
[5.953s][debug  ][gc,heap        ] GC(2)  PSYoungGen      total 196608K, used 175337K [0x00000000f0000000, 0x0000000100000000, 0x0000000100000000)
[5.954s][debug  ][gc,heap        ] GC(2)   eden space 131072K, 99% used [0x00000000f0000000,0x00000000f7f783a0,0x00000000f8000000)
[5.954s][debug  ][gc,heap        ] GC(2)   from space 65536K, 68% used [0x00000000fc000000,0x00000000febc22c0,0x0000000100000000)
[5.954s][debug  ][gc,heap        ] GC(2)   to   space 65536K, 0% used [0x00000000f8000000,0x00000000f8000000,0x00000000fc000000)
[5.954s][debug  ][gc,heap        ] GC(2)  ParOldGen       total 786432K, used 16K [0x00000000c0000000, 0x00000000f0000000, 0x00000000f0000000)
[5.954s][debug  ][gc,heap        ] GC(2)   object space 786432K, 0% used [0x00000000c0000000,0x00000000c0004000,0x00000000f0000000)
[5.954s][debug  ][gc,heap        ] GC(2)  Metaspace       used 1020K, committed 1216K, reserved 1056768K
[5.954s][debug  ][gc,heap        ] GC(2)   class space    used 83K, committed 192K, reserved 1048576K
[5.954s][debug  ][gc,tlab        ] GC(2) TLAB totals: thrds: 1  refills: 1 max: 1 slow allocs: 124 max 124 waste: 13.5% gc: 489248B max: 489248B slow: 0B max: 0B
[5.954s][info   ][gc,start       ] GC(2) Pause Young (Allocation Failure)
[5.954s][debug  ][gc,phases,start] GC(2) Scavenge
[5.965s][debug  ][gc,phases      ] GC(2) Scavenge 10.619ms
[5.965s][debug  ][gc,phases,start] GC(2) Reference Processing
[5.965s][debug  ][gc,ref         ] GC(2) Skipped phase 1 of Reference Processing: no references
[5.965s][debug  ][gc,ref         ] GC(2) ReferenceProcessor::execute queues: 1, RefProcThreadModel::Single, marks_oops_alive: false
[5.965s][debug  ][gc,ref         ] GC(2) Skipped phase 3 of Reference Processing: no references
[5.965s][debug  ][gc,ref         ] GC(2) ReferenceProcessor::execute queues: 1, RefProcThreadModel::Single, marks_oops_alive: false
[5.965s][debug  ][gc,phases,ref  ] GC(2) Reference Processing: 0.1ms
[5.965s][debug  ][gc,phases,ref  ] GC(2)   Reconsider SoftReferences: 0.0ms
[5.965s][debug  ][gc,phases,ref  ] GC(2)     SoftRef (ms):                  skipped
[5.965s][debug  ][gc,phases,ref  ] GC(2)   Notify Soft/WeakReferences: 0.0ms
[5.965s][debug  ][gc,phases,ref  ] GC(2)     SoftRef (ms):                  Min:  0.0, Avg:  0.0, Max:  0.0, Diff:  0.0, Sum:  0.0, Workers: 10
[5.965s][debug  ][gc,phases,ref  ] GC(2)     WeakRef (ms):                  Min:  0.0, Avg:  0.0, Max:  0.0, Diff:  0.0, Sum:  0.0, Workers: 10
[5.965s][debug  ][gc,phases,ref  ] GC(2)     FinalRef (ms):                 Min:  0.0, Avg:  0.0, Max:  0.0, Diff:  0.0, Sum:  0.0, Workers: 10
[5.965s][debug  ][gc,phases,ref  ] GC(2)     Total (ms):                    Min:  0.0, Avg:  0.0, Max:  0.0, Diff:  0.0, Sum:  0.0, Workers: 10
[5.965s][debug  ][gc,phases,ref  ] GC(2)   Notify and keep alive finalizable: 0.0ms
[5.965s][debug  ][gc,phases,ref  ] GC(2)     FinalRef (ms):                 skipped
[5.965s][debug  ][gc,phases,ref  ] GC(2)   Notify PhantomReferences: 0.0ms
[5.965s][debug  ][gc,phases,ref  ] GC(2)     PhantomRef (ms):               Min:  0.0, Avg:  0.0, Max:  0.0, Diff:  0.0, Sum:  0.0, Workers: 10
[5.965s][debug  ][gc,phases,ref  ] GC(2)   SoftReference:
[5.965s][debug  ][gc,phases,ref  ] GC(2)     Discovered: 0
[5.965s][debug  ][gc,phases,ref  ] GC(2)     Cleared: 0
[5.965s][debug  ][gc,phases,ref  ] GC(2)   WeakReference:
[5.965s][debug  ][gc,phases,ref  ] GC(2)     Discovered: 94
[5.965s][debug  ][gc,phases,ref  ] GC(2)     Cleared: 94
[5.965s][debug  ][gc,phases,ref  ] GC(2)   FinalReference:
[5.965s][debug  ][gc,phases,ref  ] GC(2)     Discovered: 0
[5.965s][debug  ][gc,phases,ref  ] GC(2)     Cleared: 0
[5.965s][debug  ][gc,phases,ref  ] GC(2)   PhantomReference:
[5.965s][debug  ][gc,phases,ref  ] GC(2)     Discovered: 4
[5.965s][debug  ][gc,phases,ref  ] GC(2)     Cleared: 4
[5.965s][debug  ][gc,phases      ] GC(2) Reference Processing 0.727ms
[5.965s][debug  ][gc,phases,start] GC(2) Weak Processing
[5.965s][debug  ][gc,phases      ] GC(2)   VM Weak                        Min:  0.0, Avg:  0.0, Max:  0.0, Diff:  0.0, Sum:  0.0, Workers: 6
[5.965s][debug  ][gc,phases      ] GC(2)     Dead                           Min: 0, Avg:  0.0, Max: 0, Diff: 0, Sum: 0, Workers: 6
[5.966s][debug  ][gc,phases      ] GC(2)     Total                          Min: 0, Avg:  1.3, Max: 8, Diff: 8, Sum: 8, Workers: 6
[5.966s][debug  ][gc,phases      ] GC(2)   ObjectSynchronizer Weak        Min:  0.0, Avg:  0.0, Max:  0.0, Diff:  0.0, Sum:  0.0, Workers: 6
[5.966s][debug  ][gc,phases      ] GC(2)     Dead                           Min: 0, Avg:  0.0, Max: 0, Diff: 0, Sum: 0, Workers: 6
[5.966s][debug  ][gc,phases      ] GC(2)     Total                          Min: 0, Avg:  0.5, Max: 3, Diff: 3, Sum: 3, Workers: 6
[5.966s][debug  ][gc,phases      ] GC(2)   JVMTI Tag Weak OopStorage      Min:  0.0, Avg:  0.0, Max:  0.0, Diff:  0.0, Sum:  0.0, Workers: 6
[5.966s][debug  ][gc,phases      ] GC(2)     Dead                           Min: 0, Avg:  0.0, Max: 0, Diff: 0, Sum: 0, Workers: 6
[5.966s][debug  ][gc,phases      ] GC(2)     Total                          Min: 0, Avg:  0.0, Max: 0, Diff: 0, Sum: 0, Workers: 6
[5.966s][debug  ][gc,phases      ] GC(2)   StringTable Weak               Min:  0.1, Avg:  0.1, Max:  0.1, Diff:  0.0, Sum:  0.4, Workers: 6
[5.966s][debug  ][gc,phases      ] GC(2)     Dead                           Min: 0, Avg:  0.0, Max: 0, Diff: 0, Sum: 0, Workers: 6
[5.966s][debug  ][gc,phases      ] GC(2)     Total                          Min: 512, Avg: 892.5, Max: 1280, Diff: 768, Sum: 5355, Workers: 6
[5.966s][debug  ][gc,phases      ] GC(2)   ResolvedMethodTable Weak       Min:  0.0, Avg:  0.0, Max:  0.0, Diff:  0.0, Sum:  0.0, Workers: 6
[5.966s][debug  ][gc,phases      ] GC(2)     Dead                           Min: 0, Avg:  0.0, Max: 0, Diff: 0, Sum: 0, Workers: 6
[5.966s][debug  ][gc,phases      ] GC(2)     Total                          Min: 0, Avg: 21.7, Max: 64, Diff: 64, Sum: 130, Workers: 6
[5.966s][debug  ][gc,phases      ] GC(2)   JNI Weak                       Min:  0.0, Avg:  0.0, Max:  0.0, Diff:  0.0, Sum:  0.0, Workers: 6
[5.966s][debug  ][gc,phases      ] GC(2)     Dead                           Min: 0, Avg:  0.0, Max: 0, Diff: 0, Sum: 0, Workers: 6
[5.966s][debug  ][gc,phases      ] GC(2)     Total                          Min: 0, Avg:  0.0, Max: 0, Diff: 0, Sum: 0, Workers: 6
[5.966s][debug  ][gc,phases      ] GC(2)   StringDedup Table Weak         Min:  0.0, Avg:  0.0, Max:  0.0, Diff:  0.0, Sum:  0.0, Workers: 6
[5.966s][debug  ][gc,phases      ] GC(2)     Dead                           Min: 0, Avg:  0.0, Max: 0, Diff: 0, Sum: 0, Workers: 6
[5.966s][debug  ][gc,phases      ] GC(2)     Total                          Min: 0, Avg:  0.0, Max: 0, Diff: 0, Sum: 0, Workers: 6
[5.966s][debug  ][gc,phases      ] GC(2)   StringDedup Requests0 Weak     Min:  0.0, Avg:  0.0, Max:  0.0, Diff:  0.0, Sum:  0.0, Workers: 6
[5.966s][debug  ][gc,phases      ] GC(2)     Dead                           Min: 0, Avg:  0.0, Max: 0, Diff: 0, Sum: 0, Workers: 6
[5.966s][debug  ][gc,phases      ] GC(2)     Total                          Min: 0, Avg:  0.0, Max: 0, Diff: 0, Sum: 0, Workers: 6
[5.966s][debug  ][gc,phases      ] GC(2)   StringDedup Requests1 Weak     Min:  0.0, Avg:  0.0, Max:  0.0, Diff:  0.0, Sum:  0.0, Workers: 6
[5.966s][debug  ][gc,phases      ] GC(2)     Dead                           Min: 0, Avg:  0.0, Max: 0, Diff: 0, Sum: 0, Workers: 6
[5.966s][debug  ][gc,phases      ] GC(2)     Total                          Min: 0, Avg:  0.0, Max: 0, Diff: 0, Sum: 0, Workers: 6
[5.966s][debug  ][gc,phases      ] GC(2)   Weak JFR Old Object Samples    Min:  0.0, Avg:  0.0, Max:  0.0, Diff:  0.0, Sum:  0.0, Workers: 6
[5.966s][debug  ][gc,phases      ] GC(2)     Dead                           Min: 0, Avg:  0.0, Max: 0, Diff: 0, Sum: 0, Workers: 6
[5.966s][debug  ][gc,phases      ] GC(2)     Total                          Min: 0, Avg:  0.0, Max: 0, Diff: 0, Sum: 0, Workers: 6
[5.966s][debug  ][gc,phases      ] GC(2) Weak Processing 0.892ms
[5.966s][debug  ][gc,ergo        ] GC(2) AdaptiveSizeStart:  collection: 3 
[5.966s][debug  ][gc,age         ] GC(2) Desired survivor size 67108864 bytes, new threshold 7 (max threshold 15)
[5.966s][debug  ][gc,ergo        ] GC(2) PSAdaptiveSizePolicy::compute_eden_space_size: costs minor_time: 0.004710 major_cost: 0.000000 mutator_cost: 0.995290 throughput_goal: 0.990000
[5.966s][debug  ][gc,ergo        ] GC(2) Live_space: 311750272 free_space: 268435456
[5.966s][debug  ][gc,ergo        ] GC(2) Old eden_size: 134217728 desired_eden_size: 134217728
[5.966s][debug  ][gc,ergo        ] GC(2) AdaptiveSizeStop: collection: 3 
[5.966s][info   ][gc,heap        ] GC(2) PSYoungGen: 175337K(196608K)->65289K(196608K) Eden: 130528K(131072K)->0K(131072K) From: 44808K(65536K)->65289K(65536K)
[5.966s][info   ][gc,heap        ] GC(2) ParOldGen: 16K(786432K)->7192K(786432K)
[5.966s][info   ][gc,metaspace   ] GC(2) Metaspace: 1020K(1216K)->1020K(1216K) NonClass: 937K(1024K)->937K(1024K) Class: 83K(192K)->83K(192K)
[5.966s][info   ][gc             ] GC(2) Pause Young (Allocation Failure) 171M->70M(960M) 12.660ms
[5.967s][info   ][gc,cpu         ] GC(2) User=0.00s Sys=0.02s Real=0.01s
[5.967s][debug  ][gc,heap        ] GC(2) Heap after GC invocations=3 (full 0):
[5.967s][debug  ][gc,heap        ] GC(2)  PSYoungGen      total 196608K, used 65289K [0x00000000f0000000, 0x0000000100000000, 0x0000000100000000)
[5.967s][debug  ][gc,heap        ] GC(2)   eden space 131072K, 0% used [0x00000000f0000000,0x00000000f0000000,0x00000000f8000000)
[5.967s][debug  ][gc,heap        ] GC(2)   from space 65536K, 99% used [0x00000000f8000000,0x00000000fbfc2400,0x00000000fc000000)
[5.967s][debug  ][gc,heap        ] GC(2)   to   space 65536K, 0% used [0x00000000fc000000,0x00000000fc000000,0x0000000100000000)
[5.967s][debug  ][gc,heap        ] GC(2)  ParOldGen       total 786432K, used 7192K [0x00000000c0000000, 0x00000000f0000000, 0x00000000f0000000)
[5.967s][debug  ][gc,heap        ] GC(2)   object space 786432K, 0% used [0x00000000c0000000,0x00000000c0706070,0x00000000f0000000)
[5.967s][debug  ][gc,heap        ] GC(2)  Metaspace       used 1020K, committed 1216K, reserved 1056768K
[5.967s][debug  ][gc,heap        ] GC(2)   class space    used 83K, committed 192K, reserved 1048576K
[5.967s][debug  ][gc,task,time   ] GC(2) VM-Thread 59533832 59645744 59668418
[7.977s][debug  ][gc,heap        ] GC(3) Heap before GC invocations=4 (full 0):
[7.977s][debug  ][gc,heap        ] GC(3)  PSYoungGen      total 196608K, used 195847K [0x00000000f0000000, 0x0000000100000000, 0x0000000100000000)
[7.978s][debug  ][gc,heap        ] GC(3)   eden space 131072K, 99% used [0x00000000f0000000,0x00000000f7f7fa78,0x00000000f8000000)
[7.978s][debug  ][gc,heap        ] GC(3)   from space 65536K, 99% used [0x00000000f8000000,0x00000000fbfc2400,0x00000000fc000000)
[7.978s][debug  ][gc,heap        ] GC(3)   to   space 65536K, 0% used [0x00000000fc000000,0x00000000fc000000,0x0000000100000000)
[7.978s][debug  ][gc,heap        ] GC(3)  ParOldGen       total 786432K, used 7192K [0x00000000c0000000, 0x00000000f0000000, 0x00000000f0000000)
[7.978s][debug  ][gc,heap        ] GC(3)   object space 786432K, 0% used [0x00000000c0000000,0x00000000c0706070,0x00000000f0000000)
[7.978s][debug  ][gc,heap        ] GC(3)  Metaspace       used 1020K, committed 1216K, reserved 1056768K
[7.978s][debug  ][gc,heap        ] GC(3)   class space    used 83K, committed 192K, reserved 1048576K
[7.978s][debug  ][gc,tlab        ] GC(3) TLAB totals: thrds: 1  refills: 1 max: 1 slow allocs: 124 max 124 waste: 14.2% gc: 519672B max: 519672B slow: 0B max: 0B
[7.978s][info   ][gc,start       ] GC(3) Pause Young (Allocation Failure)
[7.978s][debug  ][gc,phases,start] GC(3) Scavenge
[7.992s][debug  ][gc,phases      ] GC(3) Scavenge 14.418ms
[7.992s][debug  ][gc,phases,start] GC(3) Reference Processing
[7.992s][debug  ][gc,ref         ] GC(3) Skipped phase 1 of Reference Processing: no references
[7.992s][debug  ][gc,ref         ] GC(3) ReferenceProcessor::execute queues: 1, RefProcThreadModel::Single, marks_oops_alive: false
[7.992s][debug  ][gc,ref         ] GC(3) Skipped phase 3 of Reference Processing: no references
[7.993s][debug  ][gc,ref         ] GC(3) ReferenceProcessor::execute queues: 1, RefProcThreadModel::Single, marks_oops_alive: false
[7.993s][debug  ][gc,phases,ref  ] GC(3) Reference Processing: 0.1ms
[7.993s][debug  ][gc,phases,ref  ] GC(3)   Reconsider SoftReferences: 0.0ms
[7.993s][debug  ][gc,phases,ref  ] GC(3)     SoftRef (ms):                  skipped
[7.993s][debug  ][gc,phases,ref  ] GC(3)   Notify Soft/WeakReferences: 0.0ms
[7.993s][debug  ][gc,phases,ref  ] GC(3)     SoftRef (ms):                  Min:  0.0, Avg:  0.0, Max:  0.0, Diff:  0.0, Sum:  0.0, Workers: 10
[7.993s][debug  ][gc,phases,ref  ] GC(3)     WeakRef (ms):                  Min:  0.0, Avg:  0.0, Max:  0.0, Diff:  0.0, Sum:  0.0, Workers: 10
[7.993s][debug  ][gc,phases,ref  ] GC(3)     FinalRef (ms):                 Min:  0.0, Avg:  0.0, Max:  0.0, Diff:  0.0, Sum:  0.0, Workers: 10
[7.993s][debug  ][gc,phases,ref  ] GC(3)     Total (ms):                    Min:  0.0, Avg:  0.0, Max:  0.0, Diff:  0.0, Sum:  0.0, Workers: 10
[7.993s][debug  ][gc,phases,ref  ] GC(3)   Notify and keep alive finalizable: 0.0ms
[7.993s][debug  ][gc,phases,ref  ] GC(3)     FinalRef (ms):                 skipped
[7.993s][debug  ][gc,phases,ref  ] GC(3)   Notify PhantomReferences: 0.0ms
[7.993s][debug  ][gc,phases,ref  ] GC(3)     PhantomRef (ms):               Min:  0.0, Avg:  0.0, Max:  0.0, Diff:  0.0, Sum:  0.0, Workers: 10
[7.993s][debug  ][gc,phases,ref  ] GC(3)   SoftReference:
[7.993s][debug  ][gc,phases,ref  ] GC(3)     Discovered: 0
[7.993s][debug  ][gc,phases,ref  ] GC(3)     Cleared: 0
[7.993s][debug  ][gc,phases,ref  ] GC(3)   WeakReference:
[7.993s][debug  ][gc,phases,ref  ] GC(3)     Discovered: 109
[7.993s][debug  ][gc,phases,ref  ] GC(3)     Cleared: 109
[7.993s][debug  ][gc,phases,ref  ] GC(3)   FinalReference:
[7.993s][debug  ][gc,phases,ref  ] GC(3)     Discovered: 0
[7.993s][debug  ][gc,phases,ref  ] GC(3)     Cleared: 0
[7.993s][debug  ][gc,phases,ref  ] GC(3)   PhantomReference:
[7.993s][debug  ][gc,phases,ref  ] GC(3)     Discovered: 5
[7.993s][debug  ][gc,phases,ref  ] GC(3)     Cleared: 5
[7.993s][debug  ][gc,phases      ] GC(3) Reference Processing 0.697ms
[7.993s][debug  ][gc,phases,start] GC(3) Weak Processing
[7.993s][debug  ][gc,phases      ] GC(3)   VM Weak                        Min:  0.0, Avg:  0.0, Max:  0.0, Diff:  0.0, Sum:  0.0, Workers: 6
[7.993s][debug  ][gc,phases      ] GC(3)     Dead                           Min: 0, Avg:  0.0, Max: 0, Diff: 0, Sum: 0, Workers: 6
[7.993s][debug  ][gc,phases      ] GC(3)     Total                          Min: 0, Avg:  1.3, Max: 8, Diff: 8, Sum: 8, Workers: 6
[7.993s][debug  ][gc,phases      ] GC(3)   ObjectSynchronizer Weak        Min:  0.0, Avg:  0.0, Max:  0.0, Diff:  0.0, Sum:  0.0, Workers: 6
[7.993s][debug  ][gc,phases      ] GC(3)     Dead                           Min: 0, Avg:  0.0, Max: 0, Diff: 0, Sum: 0, Workers: 6
[7.993s][debug  ][gc,phases      ] GC(3)     Total                          Min: 0, Avg:  0.5, Max: 3, Diff: 3, Sum: 3, Workers: 6
[7.993s][debug  ][gc,phases      ] GC(3)   JVMTI Tag Weak OopStorage      Min:  0.0, Avg:  0.0, Max:  0.0, Diff:  0.0, Sum:  0.0, Workers: 6
[7.993s][debug  ][gc,phases      ] GC(3)     Dead                           Min: 0, Avg:  0.0, Max: 0, Diff: 0, Sum: 0, Workers: 6
[7.993s][debug  ][gc,phases      ] GC(3)     Total                          Min: 0, Avg:  0.0, Max: 0, Diff: 0, Sum: 0, Workers: 6
[7.993s][debug  ][gc,phases      ] GC(3)   StringTable Weak               Min:  0.0, Avg:  0.0, Max:  0.1, Diff:  0.0, Sum:  0.3, Workers: 6
[7.993s][debug  ][gc,phases      ] GC(3)     Dead                           Min: 0, Avg:  0.0, Max: 0, Diff: 0, Sum: 0, Workers: 6
[7.993s][debug  ][gc,phases      ] GC(3)     Total                          Min: 512, Avg: 892.5, Max: 1344, Diff: 832, Sum: 5355, Workers: 6
[7.994s][debug  ][gc,phases      ] GC(3)   ResolvedMethodTable Weak       Min:  0.0, Avg:  0.0, Max:  0.0, Diff:  0.0, Sum:  0.0, Workers: 6
[7.994s][debug  ][gc,phases      ] GC(3)     Dead                           Min: 0, Avg:  0.0, Max: 0, Diff: 0, Sum: 0, Workers: 6
[7.994s][debug  ][gc,phases      ] GC(3)     Total                          Min: 0, Avg: 21.7, Max: 64, Diff: 64, Sum: 130, Workers: 6
[7.994s][debug  ][gc,phases      ] GC(3)   JNI Weak                       Min:  0.0, Avg:  0.0, Max:  0.0, Diff:  0.0, Sum:  0.0, Workers: 6
[7.994s][debug  ][gc,phases      ] GC(3)     Dead                           Min: 0, Avg:  0.0, Max: 0, Diff: 0, Sum: 0, Workers: 6
[7.994s][debug  ][gc,phases      ] GC(3)     Total                          Min: 0, Avg:  0.0, Max: 0, Diff: 0, Sum: 0, Workers: 6
[7.994s][debug  ][gc,phases      ] GC(3)   StringDedup Table Weak         Min:  0.0, Avg:  0.0, Max:  0.0, Diff:  0.0, Sum:  0.0, Workers: 6
[7.994s][debug  ][gc,phases      ] GC(3)     Dead                           Min: 0, Avg:  0.0, Max: 0, Diff: 0, Sum: 0, Workers: 6
[7.994s][debug  ][gc,phases      ] GC(3)     Total                          Min: 0, Avg:  0.0, Max: 0, Diff: 0, Sum: 0, Workers: 6
[7.994s][debug  ][gc,phases      ] GC(3)   StringDedup Requests0 Weak     Min:  0.0, Avg:  0.0, Max:  0.0, Diff:  0.0, Sum:  0.0, Workers: 6
[7.994s][debug  ][gc,phases      ] GC(3)     Dead                           Min: 0, Avg:  0.0, Max: 0, Diff: 0, Sum: 0, Workers: 6
[7.994s][debug  ][gc,phases      ] GC(3)     Total                          Min: 0, Avg:  0.0, Max: 0, Diff: 0, Sum: 0, Workers: 6
[7.994s][debug  ][gc,phases      ] GC(3)   StringDedup Requests1 Weak     Min:  0.0, Avg:  0.0, Max:  0.0, Diff:  0.0, Sum:  0.0, Workers: 6
[7.994s][debug  ][gc,phases      ] GC(3)     Dead                           Min: 0, Avg:  0.0, Max: 0, Diff: 0, Sum: 0, Workers: 6
[7.994s][debug  ][gc,phases      ] GC(3)     Total                          Min: 0, Avg:  0.0, Max: 0, Diff: 0, Sum: 0, Workers: 6
[7.994s][debug  ][gc,phases      ] GC(3)   Weak JFR Old Object Samples    Min:  0.0, Avg:  0.0, Max:  0.0, Diff:  0.0, Sum:  0.0, Workers: 6
[7.994s][debug  ][gc,phases      ] GC(3)     Dead                           Min: 0, Avg:  0.0, Max: 0, Diff: 0, Sum: 0, Workers: 6
[7.994s][debug  ][gc,phases      ] GC(3)     Total                          Min: 0, Avg:  0.0, Max: 0, Diff: 0, Sum: 0, Workers: 6
[7.994s][debug  ][gc,phases      ] GC(3) Weak Processing 0.795ms
[7.994s][debug  ][gc,ergo        ] GC(3) AdaptiveSizeStart:  collection: 4 
[7.994s][debug  ][gc,age         ] GC(3) Desired survivor size 67108864 bytes, new threshold 7 (max threshold 15)
[7.994s][debug  ][gc,ergo        ] GC(3) PSAdaptiveSizePolicy::compute_eden_space_size: costs minor_time: 0.005509 major_cost: 0.000000 mutator_cost: 0.994491 throughput_goal: 0.990000
[7.994s][debug  ][gc,ergo        ] GC(3) Live_space: 317639648 free_space: 268435456
[7.994s][debug  ][gc,ergo        ] GC(3) Old eden_size: 134217728 desired_eden_size: 134217728
[7.994s][debug  ][gc,ergo        ] GC(3) AdaptiveSizeStop: collection: 4 
[7.994s][info   ][gc,heap        ] GC(3) PSYoungGen: 195847K(196608K)->65304K(196608K) Eden: 130558K(131072K)->0K(131072K) From: 65289K(65536K)->65304K(65536K)
[7.994s][info   ][gc,heap        ] GC(3) ParOldGen: 7192K(786432K)->42008K(786432K)
[7.994s][info   ][gc,metaspace   ] GC(3) Metaspace: 1020K(1216K)->1020K(1216K) NonClass: 937K(1024K)->937K(1024K) Class: 83K(192K)->83K(192K)
[7.994s][info   ][gc             ] GC(3) Pause Young (Allocation Failure) 198M->104M(960M) 16.284ms
[7.994s][info   ][gc,cpu         ] GC(3) User=0.14s Sys=0.00s Real=0.02s
[7.994s][debug  ][gc,heap        ] GC(3) Heap after GC invocations=4 (full 0):
[7.994s][debug  ][gc,heap        ] GC(3)  PSYoungGen      total 196608K, used 65304K [0x00000000f0000000, 0x0000000100000000, 0x0000000100000000)
[7.994s][debug  ][gc,heap        ] GC(3)   eden space 131072K, 0% used [0x00000000f0000000,0x00000000f0000000,0x00000000f8000000)
[7.994s][debug  ][gc,heap        ] GC(3)   from space 65536K, 99% used [0x00000000fc000000,0x00000000fffc63f0,0x0000000100000000)
[7.994s][debug  ][gc,heap        ] GC(3)   to   space 65536K, 0% used [0x00000000f8000000,0x00000000f8000000,0x00000000fc000000)
[7.994s][debug  ][gc,heap        ] GC(3)  ParOldGen       total 786432K, used 42008K [0x00000000c0000000, 0x00000000f0000000, 0x00000000f0000000)
[7.994s][debug  ][gc,heap        ] GC(3)   object space 786432K, 5% used [0x00000000c0000000,0x00000000c2906290,0x00000000f0000000)
[7.994s][debug  ][gc,heap        ] GC(3)  Metaspace       used 1020K, committed 1216K, reserved 1056768K
[7.994s][debug  ][gc,heap        ] GC(3)   class space    used 83K, committed 192K, reserved 1048576K
[7.994s][debug  ][gc,task,time   ] GC(3) VM-Thread 79773778 79923782 79943556
[9.996s][debug  ][gc,heap        ] GC(4) Heap before GC invocations=5 (full 0):
[9.996s][debug  ][gc,heap        ] GC(4)  PSYoungGen      total 196608K, used 195882K [0x00000000f0000000, 0x0000000100000000, 0x0000000100000000)
[9.996s][debug  ][gc,heap        ] GC(4)   eden space 131072K, 99% used [0x00000000f0000000,0x00000000f7f846e0,0x00000000f8000000)
[9.996s][debug  ][gc,heap        ] GC(4)   from space 65536K, 99% used [0x00000000fc000000,0x00000000fffc63f0,0x0000000100000000)
[9.996s][debug  ][gc,heap        ] GC(4)   to   space 65536K, 0% used [0x00000000f8000000,0x00000000f8000000,0x00000000fc000000)
[9.996s][debug  ][gc,heap        ] GC(4)  ParOldGen       total 786432K, used 42008K [0x00000000c0000000, 0x00000000f0000000, 0x00000000f0000000)
[9.996s][debug  ][gc,heap        ] GC(4)   object space 786432K, 5% used [0x00000000c0000000,0x00000000c2906290,0x00000000f0000000)
[9.996s][debug  ][gc,heap        ] GC(4)  Metaspace       used 1020K, committed 1216K, reserved 1056768K
[9.996s][debug  ][gc,heap        ] GC(4)   class space    used 83K, committed 192K, reserved 1048576K
[9.996s][debug  ][gc,tlab        ] GC(4) TLAB totals: thrds: 1  refills: 1 max: 1 slow allocs: 124 max 124 waste: 14.6% gc: 538064B max: 538064B slow: 0B max: 0B
[9.996s][info   ][gc,start       ] GC(4) Pause Young (Allocation Failure)
[9.996s][debug  ][gc,phases,start] GC(4) Scavenge
[9.999s][debug  ][gc,phases      ] GC(4) Scavenge 2.488ms
[9.999s][debug  ][gc,phases,start] GC(4) Reference Processing
[9.999s][debug  ][gc,ref         ] GC(4) Skipped phase 1 of Reference Processing: no references
[9.999s][debug  ][gc,ref         ] GC(4) ReferenceProcessor::execute queues: 1, RefProcThreadModel::Single, marks_oops_alive: false
[9.999s][debug  ][gc,ref         ] GC(4) Skipped phase 3 of Reference Processing: no references
[9.999s][debug  ][gc,ref         ] GC(4) ReferenceProcessor::execute queues: 1, RefProcThreadModel::Single, marks_oops_alive: false
[9.999s][debug  ][gc,phases,ref  ] GC(4) Reference Processing: 0.1ms
[9.999s][debug  ][gc,phases,ref  ] GC(4)   Reconsider SoftReferences: 0.0ms
[9.999s][debug  ][gc,phases,ref  ] GC(4)     SoftRef (ms):                  skipped
[9.999s][debug  ][gc,phases,ref  ] GC(4)   Notify Soft/WeakReferences: 0.0ms
[9.999s][debug  ][gc,phases,ref  ] GC(4)     SoftRef (ms):                  Min:  0.0, Avg:  0.0, Max:  0.0, Diff:  0.0, Sum:  0.0, Workers: 10
[9.999s][debug  ][gc,phases,ref  ] GC(4)     WeakRef (ms):                  Min:  0.0, Avg:  0.0, Max:  0.0, Diff:  0.0, Sum:  0.0, Workers: 10
[9.999s][debug  ][gc,phases,ref  ] GC(4)     FinalRef (ms):                 Min:  0.0, Avg:  0.0, Max:  0.0, Diff:  0.0, Sum:  0.0, Workers: 10
[9.999s][debug  ][gc,phases,ref  ] GC(4)     Total (ms):                    Min:  0.0, Avg:  0.0, Max:  0.0, Diff:  0.0, Sum:  0.0, Workers: 10
[9.999s][debug  ][gc,phases,ref  ] GC(4)   Notify and keep alive finalizable: 0.0ms
[9.999s][debug  ][gc,phases,ref  ] GC(4)     FinalRef (ms):                 skipped
[9.999s][debug  ][gc,phases,ref  ] GC(4)   Notify PhantomReferences: 0.0ms
[9.999s][debug  ][gc,phases,ref  ] GC(4)     PhantomRef (ms):               Min:  0.0, Avg:  0.0, Max:  0.0, Diff:  0.0, Sum:  0.0, Workers: 10
[9.999s][debug  ][gc,phases,ref  ] GC(4)   SoftReference:
[9.999s][debug  ][gc,phases,ref  ] GC(4)     Discovered: 0
[9.999s][debug  ][gc,phases,ref  ] GC(4)     Cleared: 0
[9.999s][debug  ][gc,phases,ref  ] GC(4)   WeakReference:
[9.999s][debug  ][gc,phases,ref  ] GC(4)     Discovered: 107
[9.999s][debug  ][gc,phases,ref  ] GC(4)     Cleared: 107
[9.999s][debug  ][gc,phases,ref  ] GC(4)   FinalReference:
[9.999s][debug  ][gc,phases,ref  ] GC(4)     Discovered: 0
[9.999s][debug  ][gc,phases,ref  ] GC(4)     Cleared: 0
[10.000s][debug  ][gc,phases,ref  ] GC(4)   PhantomReference:
[10.000s][debug  ][gc,phases,ref  ] GC(4)     Discovered: 5
[10.000s][debug  ][gc,phases,ref  ] GC(4)     Cleared: 5
[10.000s][debug  ][gc,phases      ] GC(4) Reference Processing 0.760ms
[10.000s][debug  ][gc,phases,start] GC(4) Weak Processing
[10.000s][debug  ][gc,phases      ] GC(4)   VM Weak                        Min:  0.0, Avg:  0.0, Max:  0.0, Diff:  0.0, Sum:  0.0, Workers: 6
[10.000s][debug  ][gc,phases      ] GC(4)     Dead                           Min: 0, Avg:  0.0, Max: 0, Diff: 0, Sum: 0, Workers: 6
[10.000s][debug  ][gc,phases      ] GC(4)     Total                          Min: 0, Avg:  1.3, Max: 8, Diff: 8, Sum: 8, Workers: 6
[10.000s][debug  ][gc,phases      ] GC(4)   ObjectSynchronizer Weak        Min:  0.0, Avg:  0.0, Max:  0.0, Diff:  0.0, Sum:  0.0, Workers: 6
[10.000s][debug  ][gc,phases      ] GC(4)     Dead                           Min: 0, Avg:  0.0, Max: 0, Diff: 0, Sum: 0, Workers: 6
[10.000s][debug  ][gc,phases      ] GC(4)     Total                          Min: 0, Avg:  0.5, Max: 3, Diff: 3, Sum: 3, Workers: 6
[10.000s][debug  ][gc,phases      ] GC(4)   JVMTI Tag Weak OopStorage      Min:  0.0, Avg:  0.0, Max:  0.0, Diff:  0.0, Sum:  0.0, Workers: 6
[10.000s][debug  ][gc,phases      ] GC(4)     Dead                           Min: 0, Avg:  0.0, Max: 0, Diff: 0, Sum: 0, Workers: 6
[10.000s][debug  ][gc,phases      ] GC(4)     Total                          Min: 0, Avg:  0.0, Max: 0, Diff: 0, Sum: 0, Workers: 6
[10.000s][debug  ][gc,phases      ] GC(4)   StringTable Weak               Min:  0.0, Avg:  0.0, Max:  0.0, Diff:  0.0, Sum:  0.1, Workers: 6
[10.000s][debug  ][gc,phases      ] GC(4)     Dead                           Min: 0, Avg:  0.0, Max: 0, Diff: 0, Sum: 0, Workers: 6
[10.000s][debug  ][gc,phases      ] GC(4)     Total                          Min: 768, Avg: 892.5, Max: 1088, Diff: 320, Sum: 5355, Workers: 6
[10.000s][debug  ][gc,phases      ] GC(4)   ResolvedMethodTable Weak       Min:  0.0, Avg:  0.0, Max:  0.0, Diff:  0.0, Sum:  0.0, Workers: 6
[10.000s][debug  ][gc,phases      ] GC(4)     Dead                           Min: 0, Avg:  0.0, Max: 0, Diff: 0, Sum: 0, Workers: 6
[10.000s][debug  ][gc,phases      ] GC(4)     Total                          Min: 0, Avg: 21.7, Max: 64, Diff: 64, Sum: 130, Workers: 6
[10.000s][debug  ][gc,phases      ] GC(4)   JNI Weak                       Min:  0.0, Avg:  0.0, Max:  0.0, Diff:  0.0, Sum:  0.0, Workers: 6
[10.000s][debug  ][gc,phases      ] GC(4)     Dead                           Min: 0, Avg:  0.0, Max: 0, Diff: 0, Sum: 0, Workers: 6
[10.000s][debug  ][gc,phases      ] GC(4)     Total                          Min: 0, Avg:  0.0, Max: 0, Diff: 0, Sum: 0, Workers: 6
[10.000s][debug  ][gc,phases      ] GC(4)   StringDedup Table Weak         Min:  0.0, Avg:  0.0, Max:  0.0, Diff:  0.0, Sum:  0.0, Workers: 6
[10.000s][debug  ][gc,phases      ] GC(4)     Dead                           Min: 0, Avg:  0.0, Max: 0, Diff: 0, Sum: 0, Workers: 6
[10.000s][debug  ][gc,phases      ] GC(4)     Total                          Min: 0, Avg:  0.0, Max: 0, Diff: 0, Sum: 0, Workers: 6
[10.000s][debug  ][gc,phases      ] GC(4)   StringDedup Requests0 Weak     Min:  0.0, Avg:  0.0, Max:  0.0, Diff:  0.0, Sum:  0.0, Workers: 6
[10.000s][debug  ][gc,phases      ] GC(4)     Dead                           Min: 0, Avg:  0.0, Max: 0, Diff: 0, Sum: 0, Workers: 6
[10.000s][debug  ][gc,phases      ] GC(4)     Total                          Min: 0, Avg:  0.0, Max: 0, Diff: 0, Sum: 0, Workers: 6
[10.000s][debug  ][gc,phases      ] GC(4)   StringDedup Requests1 Weak     Min:  0.0, Avg:  0.0, Max:  0.0, Diff:  0.0, Sum:  0.0, Workers: 6
[10.000s][debug  ][gc,phases      ] GC(4)     Dead                           Min: 0, Avg:  0.0, Max: 0, Diff: 0, Sum: 0, Workers: 6
[10.000s][debug  ][gc,phases      ] GC(4)     Total                          Min: 0, Avg:  0.0, Max: 0, Diff: 0, Sum: 0, Workers: 6
[10.001s][debug  ][gc,phases      ] GC(4)   Weak JFR Old Object Samples    Min:  0.0, Avg:  0.0, Max:  0.0, Diff:  0.0, Sum:  0.0, Workers: 6
[10.001s][debug  ][gc,phases      ] GC(4)     Dead                           Min: 0, Avg:  0.0, Max: 0, Diff: 0, Sum: 0, Workers: 6
[10.001s][debug  ][gc,phases      ] GC(4)     Total                          Min: 0, Avg:  0.0, Max: 0, Diff: 0, Sum: 0, Workers: 6
[10.001s][debug  ][gc,phases      ] GC(4) Weak Processing 0.989ms
[10.001s][debug  ][gc,ergo        ] GC(4) AdaptiveSizeStart:  collection: 5 
[10.001s][debug  ][gc,ergo        ] GC(4) avg_survived_padded_avg: 88842208.000000
[10.001s][debug  ][gc,ergo        ] GC(4) avg_promoted_padded_avg: 30927426.000000  avg_pretenured_padded_avg: 0.000000  tenuring_thresh: 6  target_size: 67108864
[10.001s][debug  ][gc,age         ] GC(4) Desired survivor size 67108864 bytes, new threshold 6 (max threshold 15)
[10.001s][debug  ][gc,ergo        ] GC(4) PSAdaptiveSizePolicy::compute_eden_space_size: costs minor_time: 0.004677 major_cost: 0.000000 mutator_cost: 0.995323 throughput_goal: 0.990000
[10.001s][debug  ][gc,ergo        ] GC(4) Live_space: 312987680 free_space: 268435456
[10.001s][debug  ][gc,ergo        ] GC(4) Old eden_size: 134217728 desired_eden_size: 131072000
[10.001s][debug  ][gc,ergo        ] GC(4) AdaptiveSizeStop: collection: 5 
[10.001s][info   ][gc,heap        ] GC(4) PSYoungGen: 195882K(196608K)->25336K(196608K) Eden: 130577K(131072K)->0K(131072K) From: 65304K(65536K)->25336K(65536K)
[10.001s][info   ][gc,heap        ] GC(4) ParOldGen: 42008K(786432K)->42008K(786432K)
[10.001s][info   ][gc,metaspace   ] GC(4) Metaspace: 1020K(1216K)->1020K(1216K) NonClass: 937K(1024K)->937K(1024K) Class: 83K(192K)->83K(192K)
[10.001s][info   ][gc             ] GC(4) Pause Young (Allocation Failure) 232M->65M(960M) 4.806ms
[10.001s][info   ][gc,cpu         ] GC(4) User=0.16s Sys=0.00s Real=0.00s
[10.001s][debug  ][gc,heap        ] GC(4) Heap after GC invocations=5 (full 0):
[10.001s][debug  ][gc,heap        ] GC(4)  PSYoungGen      total 196608K, used 25336K [0x00000000f0000000, 0x0000000100000000, 0x0000000100000000)
[10.001s][debug  ][gc,heap        ] GC(4)   eden space 131072K, 0% used [0x00000000f0000000,0x00000000f0000000,0x00000000f8000000)
[10.001s][debug  ][gc,heap        ] GC(4)   from space 65536K, 38% used [0x00000000f8000000,0x00000000f98be180,0x00000000fc000000)
[10.001s][debug  ][gc,heap        ] GC(4)   to   space 65536K, 0% used [0x00000000fc000000,0x00000000fc000000,0x0000000100000000)
[10.001s][debug  ][gc,heap        ] GC(4)  ParOldGen       total 786432K, used 42008K [0x00000000c0000000, 0x00000000f0000000, 0x00000000f0000000)
[10.001s][debug  ][gc,heap        ] GC(4)   object space 786432K, 5% used [0x00000000c0000000,0x00000000c2906290,0x00000000f0000000)
[10.001s][debug  ][gc,heap        ] GC(4)  Metaspace       used 1020K, committed 1216K, reserved 1056768K
[10.001s][debug  ][gc,heap        ] GC(4)   class space    used 83K, committed 192K, reserved 1048576K
[10.001s][debug  ][gc,task,time   ] GC(4) VM-Thread 99956979 99988338 100013077
[11.999s][debug  ][gc,heap        ] GC(5) Heap before GC invocations=6 (full 0):
[11.999s][debug  ][gc,heap        ] GC(5)  PSYoungGen      total 196608K, used 155926K [0x00000000f0000000, 0x0000000100000000, 0x0000000100000000)
[11.999s][debug  ][gc,heap        ] GC(5)   eden space 131072K, 99% used [0x00000000f0000000,0x00000000f7f87808,0x00000000f8000000)
[11.999s][debug  ][gc,heap        ] GC(5)   from space 65536K, 38% used [0x00000000f8000000,0x00000000f98be180,0x00000000fc000000)
[11.999s][debug  ][gc,heap        ] GC(5)   to   space 65536K, 0% used [0x00000000fc000000,0x00000000fc000000,0x0000000100000000)
[11.999s][debug  ][gc,heap        ] GC(5)  ParOldGen       total 786432K, used 42008K [0x00000000c0000000, 0x00000000f0000000, 0x00000000f0000000)
[11.999s][debug  ][gc,heap        ] GC(5)   object space 786432K, 5% used [0x00000000c0000000,0x00000000c2906290,0x00000000f0000000)
[11.999s][debug  ][gc,heap        ] GC(5)  Metaspace       used 1021K, committed 1216K, reserved 1056768K
[11.999s][debug  ][gc,heap        ] GC(5)   class space    used 83K, committed 192K, reserved 1048576K
[11.999s][debug  ][gc,tlab        ] GC(5) TLAB totals: thrds: 1  refills: 1 max: 1 slow allocs: 124 max 124 waste: 14.9% gc: 551816B max: 551816B slow: 0B max: 0B
[11.999s][info   ][gc,start       ] GC(5) Pause Young (Allocation Failure)
[11.999s][debug  ][gc,phases,start] GC(5) Scavenge
[12.005s][debug  ][gc,phases      ] GC(5) Scavenge 5.612ms
[12.005s][debug  ][gc,phases,start] GC(5) Reference Processing
[12.005s][debug  ][gc,ref         ] GC(5) Skipped phase 1 of Reference Processing: no references
[12.005s][debug  ][gc,ref         ] GC(5) ReferenceProcessor::execute queues: 1, RefProcThreadModel::Single, marks_oops_alive: false
[12.005s][debug  ][gc,ref         ] GC(5) Skipped phase 3 of Reference Processing: no references
[12.005s][debug  ][gc,ref         ] GC(5) ReferenceProcessor::execute queues: 1, RefProcThreadModel::Single, marks_oops_alive: false
[12.005s][debug  ][gc,phases,ref  ] GC(5) Reference Processing: 0.1ms
[12.005s][debug  ][gc,phases,ref  ] GC(5)   Reconsider SoftReferences: 0.0ms
[12.005s][debug  ][gc,phases,ref  ] GC(5)     SoftRef (ms):                  skipped
[12.005s][debug  ][gc,phases,ref  ] GC(5)   Notify Soft/WeakReferences: 0.0ms
[12.005s][debug  ][gc,phases,ref  ] GC(5)     SoftRef (ms):                  Min:  0.0, Avg:  0.0, Max:  0.0, Diff:  0.0, Sum:  0.0, Workers: 10
[12.005s][debug  ][gc,phases,ref  ] GC(5)     WeakRef (ms):                  Min:  0.0, Avg:  0.0, Max:  0.0, Diff:  0.0, Sum:  0.0, Workers: 10
[12.005s][debug  ][gc,phases,ref  ] GC(5)     FinalRef (ms):                 Min:  0.0, Avg:  0.0, Max:  0.0, Diff:  0.0, Sum:  0.0, Workers: 10
[12.005s][debug  ][gc,phases,ref  ] GC(5)     Total (ms):                    Min:  0.0, Avg:  0.0, Max:  0.0, Diff:  0.0, Sum:  0.0, Workers: 10
[12.005s][debug  ][gc,phases,ref  ] GC(5)   Notify and keep alive finalizable: 0.0ms
[12.005s][debug  ][gc,phases,ref  ] GC(5)     FinalRef (ms):                 skipped
[12.005s][debug  ][gc,phases,ref  ] GC(5)   Notify PhantomReferences: 0.0ms
[12.005s][debug  ][gc,phases,ref  ] GC(5)     PhantomRef (ms):               Min:  0.0, Avg:  0.0, Max:  0.0, Diff:  0.0, Sum:  0.0, Workers: 10
[12.005s][debug  ][gc,phases,ref  ] GC(5)   SoftReference:
[12.005s][debug  ][gc,phases,ref  ] GC(5)     Discovered: 0
[12.005s][debug  ][gc,phases,ref  ] GC(5)     Cleared: 0
[12.005s][debug  ][gc,phases,ref  ] GC(5)   WeakReference:
[12.005s][debug  ][gc,phases,ref  ] GC(5)     Discovered: 106
[12.005s][debug  ][gc,phases,ref  ] GC(5)     Cleared: 106
[12.005s][debug  ][gc,phases,ref  ] GC(5)   FinalReference:
[12.005s][debug  ][gc,phases,ref  ] GC(5)     Discovered: 0
[12.005s][debug  ][gc,phases,ref  ] GC(5)     Cleared: 0
[12.005s][debug  ][gc,phases,ref  ] GC(5)   PhantomReference:
[12.006s][debug  ][gc,phases,ref  ] GC(5)     Discovered: 5
[12.006s][debug  ][gc,phases,ref  ] GC(5)     Cleared: 5
[12.006s][debug  ][gc,phases      ] GC(5) Reference Processing 0.759ms
[12.006s][debug  ][gc,phases,start] GC(5) Weak Processing
[12.006s][debug  ][gc,phases      ] GC(5)   VM Weak                        Min:  0.0, Avg:  0.0, Max:  0.0, Diff:  0.0, Sum:  0.0, Workers: 6
[12.006s][debug  ][gc,phases      ] GC(5)     Dead                           Min: 0, Avg:  0.0, Max: 0, Diff: 0, Sum: 0, Workers: 6
[12.006s][debug  ][gc,phases      ] GC(5)     Total                          Min: 0, Avg:  1.3, Max: 8, Diff: 8, Sum: 8, Workers: 6
[12.006s][debug  ][gc,phases      ] GC(5)   ObjectSynchronizer Weak        Min:  0.0, Avg:  0.0, Max:  0.0, Diff:  0.0, Sum:  0.0, Workers: 6
[12.006s][debug  ][gc,phases      ] GC(5)     Dead                           Min: 0, Avg:  0.0, Max: 0, Diff: 0, Sum: 0, Workers: 6
[12.006s][debug  ][gc,phases      ] GC(5)     Total                          Min: 0, Avg:  0.5, Max: 3, Diff: 3, Sum: 3, Workers: 6
[12.006s][debug  ][gc,phases      ] GC(5)   JVMTI Tag Weak OopStorage      Min:  0.0, Avg:  0.0, Max:  0.0, Diff:  0.0, Sum:  0.0, Workers: 6
[12.006s][debug  ][gc,phases      ] GC(5)     Dead                           Min: 0, Avg:  0.0, Max: 0, Diff: 0, Sum: 0, Workers: 6
[12.006s][debug  ][gc,phases      ] GC(5)     Total                          Min: 0, Avg:  0.0, Max: 0, Diff: 0, Sum: 0, Workers: 6
[12.006s][debug  ][gc,phases      ] GC(5)   StringTable Weak               Min:  0.0, Avg:  0.0, Max:  0.0, Diff:  0.0, Sum:  0.2, Workers: 6
[12.006s][debug  ][gc,phases      ] GC(5)     Dead                           Min: 0, Avg:  0.0, Max: 0, Diff: 0, Sum: 0, Workers: 6
[12.006s][debug  ][gc,phases      ] GC(5)     Total                          Min: 640, Avg: 892.5, Max: 1280, Diff: 640, Sum: 5355, Workers: 6
[12.006s][debug  ][gc,phases      ] GC(5)   ResolvedMethodTable Weak       Min:  0.0, Avg:  0.0, Max:  0.0, Diff:  0.0, Sum:  0.0, Workers: 6
[12.006s][debug  ][gc,phases      ] GC(5)     Dead                           Min: 0, Avg:  0.0, Max: 0, Diff: 0, Sum: 0, Workers: 6
[12.006s][debug  ][gc,phases      ] GC(5)     Total                          Min: 0, Avg: 21.7, Max: 64, Diff: 64, Sum: 130, Workers: 6
[12.006s][debug  ][gc,phases      ] GC(5)   JNI Weak                       Min:  0.0, Avg:  0.0, Max:  0.0, Diff:  0.0, Sum:  0.0, Workers: 6
[12.006s][debug  ][gc,phases      ] GC(5)     Dead                           Min: 0, Avg:  0.0, Max: 0, Diff: 0, Sum: 0, Workers: 6
[12.006s][debug  ][gc,phases      ] GC(5)     Total                          Min: 0, Avg:  0.0, Max: 0, Diff: 0, Sum: 0, Workers: 6
[12.006s][debug  ][gc,phases      ] GC(5)   StringDedup Table Weak         Min:  0.0, Avg:  0.0, Max:  0.0, Diff:  0.0, Sum:  0.0, Workers: 6
[12.006s][debug  ][gc,phases      ] GC(5)     Dead                           Min: 0, Avg:  0.0, Max: 0, Diff: 0, Sum: 0, Workers: 6
[12.006s][debug  ][gc,phases      ] GC(5)     Total                          Min: 0, Avg:  0.0, Max: 0, Diff: 0, Sum: 0, Workers: 6
[12.006s][debug  ][gc,phases      ] GC(5)   StringDedup Requests0 Weak     Min:  0.0, Avg:  0.0, Max:  0.0, Diff:  0.0, Sum:  0.0, Workers: 6
[12.006s][debug  ][gc,phases      ] GC(5)     Dead                           Min: 0, Avg:  0.0, Max: 0, Diff: 0, Sum: 0, Workers: 6
[12.006s][debug  ][gc,phases      ] GC(5)     Total                          Min: 0, Avg:  0.0, Max: 0, Diff: 0, Sum: 0, Workers: 6
[12.006s][debug  ][gc,phases      ] GC(5)   StringDedup Requests1 Weak     Min:  0.0, Avg:  0.0, Max:  0.0, Diff:  0.0, Sum:  0.0, Workers: 6
[12.006s][debug  ][gc,phases      ] GC(5)     Dead                           Min: 0, Avg:  0.0, Max: 0, Diff: 0, Sum: 0, Workers: 6
[12.006s][debug  ][gc,phases      ] GC(5)     Total                          Min: 0, Avg:  0.0, Max: 0, Diff: 0, Sum: 0, Workers: 6
[12.006s][debug  ][gc,phases      ] GC(5)   Weak JFR Old Object Samples    Min:  0.0, Avg:  0.0, Max:  0.0, Diff:  0.0, Sum:  0.0, Workers: 6
[12.006s][debug  ][gc,phases      ] GC(5)     Dead                           Min: 0, Avg:  0.0, Max: 0, Diff: 0, Sum: 0, Workers: 6
[12.006s][debug  ][gc,phases      ] GC(5)     Total                          Min: 0, Avg:  0.0, Max: 0, Diff: 0, Sum: 0, Workers: 6
[12.006s][debug  ][gc,phases      ] GC(5) Weak Processing 0.848ms
[12.006s][debug  ][gc,ergo        ] GC(5) AdaptiveSizeStart:  collection: 6 
[12.006s][debug  ][gc,ergo        ] GC(5) avg_survived_padded_avg: 87212000.000000
[12.007s][debug  ][gc,ergo        ] GC(5) avg_promoted_padded_avg: 29553236.000000  avg_pretenured_padded_avg: 0.000000  tenuring_thresh: 5  target_size: 67108864
[12.007s][debug  ][gc,age         ] GC(5) Desired survivor size 67108864 bytes, new threshold 5 (max threshold 15)
[12.007s][debug  ][gc,ergo        ] GC(5) PSAdaptiveSizePolicy::compute_eden_space_size: costs minor_time: 0.004426 major_cost: 0.000000 mutator_cost: 0.995574 throughput_goal: 0.990000
[12.007s][debug  ][gc,ergo        ] GC(5) Live_space: 314537728 free_space: 265289728
[12.007s][debug  ][gc,ergo        ] GC(5) Old eden_size: 131072000 desired_eden_size: 131072000
[12.007s][debug  ][gc,ergo        ] GC(5) AdaptiveSizeStop: collection: 6 
[12.007s][info   ][gc,heap        ] GC(5) PSYoungGen: 155926K(196608K)->52968K(196608K) Eden: 130590K(131072K)->0K(131072K) From: 25336K(65536K)->52968K(65536K)
[12.007s][info   ][gc,heap        ] GC(5) ParOldGen: 42008K(786432K)->42008K(786432K)
[12.007s][info   ][gc,metaspace   ] GC(5) Metaspace: 1021K(1216K)->1021K(1216K) NonClass: 937K(1024K)->937K(1024K) Class: 83K(192K)->83K(192K)
[12.007s][info   ][gc             ] GC(5) Pause Young (Allocation Failure) 193M->92M(960M) 7.756ms
[12.007s][info   ][gc,cpu         ] GC(5) User=0.00s Sys=0.00s Real=0.01s
[12.007s][debug  ][gc,heap        ] GC(5) Heap after GC invocations=6 (full 0):
[12.007s][debug  ][gc,heap        ] GC(5)  PSYoungGen      total 196608K, used 52968K [0x00000000f0000000, 0x0000000100000000, 0x0000000100000000)
[12.007s][debug  ][gc,heap        ] GC(5)   eden space 131072K, 0% used [0x00000000f0000000,0x00000000f0000000,0x00000000f8000000)
[12.007s][debug  ][gc,heap        ] GC(5)   from space 65536K, 80% used [0x00000000fc000000,0x00000000ff3ba340,0x0000000100000000)
[12.007s][debug  ][gc,heap        ] GC(5)   to   space 65536K, 0% used [0x00000000f8000000,0x00000000f8000000,0x00000000fc000000)
[12.007s][debug  ][gc,heap        ] GC(5)  ParOldGen       total 786432K, used 42008K [0x00000000c0000000, 0x00000000f0000000, 0x00000000f0000000)
[12.007s][debug  ][gc,heap        ] GC(5)   object space 786432K, 5% used [0x00000000c0000000,0x00000000c2906290,0x00000000f0000000)
[12.007s][debug  ][gc,heap        ] GC(5)  Metaspace       used 1021K, committed 1216K, reserved 1056768K
[12.007s][debug  ][gc,heap        ] GC(5)   class space    used 83K, committed 192K, reserved 1048576K
[12.007s][debug  ][gc,task,time   ] GC(5) VM-Thread 119986319 120048074 120071927
[14.019s][debug  ][gc,heap        ] GC(6) Heap before GC invocations=7 (full 0):
[14.019s][debug  ][gc,heap        ] GC(6)  PSYoungGen      total 196608K, used 183566K [0x00000000f0000000, 0x0000000100000000, 0x0000000100000000)
[14.019s][debug  ][gc,heap        ] GC(6)   eden space 131072K, 99% used [0x00000000f0000000,0x00000000f7f897a8,0x00000000f8000000)
[14.019s][debug  ][gc,heap        ] GC(6)   from space 65536K, 80% used [0x00000000fc000000,0x00000000ff3ba340,0x0000000100000000)
[14.019s][debug  ][gc,heap        ] GC(6)   to   space 65536K, 0% used [0x00000000f8000000,0x00000000f8000000,0x00000000fc000000)
[14.019s][debug  ][gc,heap        ] GC(6)  ParOldGen       total 786432K, used 42008K [0x00000000c0000000, 0x00000000f0000000, 0x00000000f0000000)
[14.019s][debug  ][gc,heap        ] GC(6)   object space 786432K, 5% used [0x00000000c0000000,0x00000000c2906290,0x00000000f0000000)
[14.019s][debug  ][gc,heap        ] GC(6)  Metaspace       used 1021K, committed 1216K, reserved 1056768K
[14.019s][debug  ][gc,heap        ] GC(6)   class space    used 83K, committed 192K, reserved 1048576K
[14.019s][debug  ][gc,tlab        ] GC(6) TLAB totals: thrds: 1  refills: 1 max: 1 slow allocs: 124 max 124 waste: 15.1% gc: 559912B max: 559912B slow: 0B max: 0B
[14.019s][info   ][gc,start       ] GC(6) Pause Young (Allocation Failure)
[14.019s][debug  ][gc,phases,start] GC(6) Scavenge
[14.029s][debug  ][gc,phases      ] GC(6) Scavenge 9.436ms
[14.029s][debug  ][gc,phases,start] GC(6) Reference Processing
[14.029s][debug  ][gc,ref         ] GC(6) Skipped phase 1 of Reference Processing: no references
[14.029s][debug  ][gc,ref         ] GC(6) Skipped phase 2 of Reference Processing: no references
[14.029s][debug  ][gc,ref         ] GC(6) Skipped phase 3 of Reference Processing: no references
[14.029s][debug  ][gc,ref         ] GC(6) Skipped phase 4 of Reference Processing: no references
[14.029s][debug  ][gc,phases,ref  ] GC(6) Reference Processing: 0.1ms
[14.029s][debug  ][gc,phases,ref  ] GC(6)   Reconsider SoftReferences: 0.0ms
[14.029s][debug  ][gc,phases,ref  ] GC(6)     SoftRef (ms):                  skipped
[14.029s][debug  ][gc,phases,ref  ] GC(6)   Notify Soft/WeakReferences: 0.0ms
[14.029s][debug  ][gc,phases,ref  ] GC(6)     SoftRef (ms):                  skipped
[14.029s][debug  ][gc,phases,ref  ] GC(6)     WeakRef (ms):                  skipped
[14.029s][debug  ][gc,phases,ref  ] GC(6)     FinalRef (ms):                 skipped
[14.029s][debug  ][gc,phases,ref  ] GC(6)     Total (ms):                    skipped
[14.029s][debug  ][gc,phases,ref  ] GC(6)   Notify and keep alive finalizable: 0.0ms
[14.029s][debug  ][gc,phases,ref  ] GC(6)     FinalRef (ms):                 skipped
[14.029s][debug  ][gc,phases,ref  ] GC(6)   Notify PhantomReferences: 0.0ms
[14.029s][debug  ][gc,phases,ref  ] GC(6)     PhantomRef (ms):               skipped
[14.029s][debug  ][gc,phases,ref  ] GC(6)   SoftReference:
[14.029s][debug  ][gc,phases,ref  ] GC(6)     Discovered: 0
[14.029s][debug  ][gc,phases,ref  ] GC(6)     Cleared: 0
[14.029s][debug  ][gc,phases,ref  ] GC(6)   WeakReference:
[14.029s][debug  ][gc,phases,ref  ] GC(6)     Discovered: 0
[14.029s][debug  ][gc,phases,ref  ] GC(6)     Cleared: 0
[14.029s][debug  ][gc,phases,ref  ] GC(6)   FinalReference:
[14.029s][debug  ][gc,phases,ref  ] GC(6)     Discovered: 0
[14.029s][debug  ][gc,phases,ref  ] GC(6)     Cleared: 0
[14.029s][debug  ][gc,phases,ref  ] GC(6)   PhantomReference:
[14.029s][debug  ][gc,phases,ref  ] GC(6)     Discovered: 0
[14.029s][debug  ][gc,phases,ref  ] GC(6)     Cleared: 0
[14.029s][debug  ][gc,phases      ] GC(6) Reference Processing 0.579ms
[14.029s][debug  ][gc,phases,start] GC(6) Weak Processing
[14.030s][debug  ][gc,phases      ] GC(6)   VM Weak                        Min:  0.0, Avg:  0.0, Max:  0.0, Diff:  0.0, Sum:  0.0, Workers: 6
[14.030s][debug  ][gc,phases      ] GC(6)     Dead                           Min: 0, Avg:  0.0, Max: 0, Diff: 0, Sum: 0, Workers: 6
[14.030s][debug  ][gc,phases      ] GC(6)     Total                          Min: 0, Avg:  1.3, Max: 8, Diff: 8, Sum: 8, Workers: 6
[14.030s][debug  ][gc,phases      ] GC(6)   ObjectSynchronizer Weak        Min:  0.0, Avg:  0.0, Max:  0.0, Diff:  0.0, Sum:  0.0, Workers: 6
[14.030s][debug  ][gc,phases      ] GC(6)     Dead                           Min: 0, Avg:  0.0, Max: 0, Diff: 0, Sum: 0, Workers: 6
[14.030s][debug  ][gc,phases      ] GC(6)     Total                          Min: 0, Avg:  0.5, Max: 3, Diff: 3, Sum: 3, Workers: 6
[14.030s][debug  ][gc,phases      ] GC(6)   JVMTI Tag Weak OopStorage      Min:  0.0, Avg:  0.0, Max:  0.0, Diff:  0.0, Sum:  0.0, Workers: 6
[14.030s][debug  ][gc,phases      ] GC(6)     Dead                           Min: 0, Avg:  0.0, Max: 0, Diff: 0, Sum: 0, Workers: 6
[14.030s][debug  ][gc,phases      ] GC(6)     Total                          Min: 0, Avg:  0.0, Max: 0, Diff: 0, Sum: 0, Workers: 6
[14.030s][debug  ][gc,phases      ] GC(6)   StringTable Weak               Min:  0.0, Avg:  0.0, Max:  0.1, Diff:  0.0, Sum:  0.3, Workers: 6
[14.030s][debug  ][gc,phases      ] GC(6)     Dead                           Min: 0, Avg:  0.0, Max: 0, Diff: 0, Sum: 0, Workers: 6
[14.030s][debug  ][gc,phases      ] GC(6)     Total                          Min: 512, Avg: 892.5, Max: 1536, Diff: 1024, Sum: 5355, Workers: 6
[14.030s][debug  ][gc,phases      ] GC(6)   ResolvedMethodTable Weak       Min:  0.0, Avg:  0.0, Max:  0.0, Diff:  0.0, Sum:  0.0, Workers: 6
[14.030s][debug  ][gc,phases      ] GC(6)     Dead                           Min: 0, Avg:  0.0, Max: 0, Diff: 0, Sum: 0, Workers: 6
[14.030s][debug  ][gc,phases      ] GC(6)     Total                          Min: 0, Avg: 21.7, Max: 64, Diff: 64, Sum: 130, Workers: 6
[14.030s][debug  ][gc,phases      ] GC(6)   JNI Weak                       Min:  0.0, Avg:  0.0, Max:  0.0, Diff:  0.0, Sum:  0.0, Workers: 6
[14.030s][debug  ][gc,phases      ] GC(6)     Dead                           Min: 0, Avg:  0.0, Max: 0, Diff: 0, Sum: 0, Workers: 6
[14.030s][debug  ][gc,phases      ] GC(6)     Total                          Min: 0, Avg:  0.0, Max: 0, Diff: 0, Sum: 0, Workers: 6
[14.030s][debug  ][gc,phases      ] GC(6)   StringDedup Table Weak         Min:  0.0, Avg:  0.0, Max:  0.0, Diff:  0.0, Sum:  0.0, Workers: 6
[14.030s][debug  ][gc,phases      ] GC(6)     Dead                           Min: 0, Avg:  0.0, Max: 0, Diff: 0, Sum: 0, Workers: 6
[14.030s][debug  ][gc,phases      ] GC(6)     Total                          Min: 0, Avg:  0.0, Max: 0, Diff: 0, Sum: 0, Workers: 6
[14.030s][debug  ][gc,phases      ] GC(6)   StringDedup Requests0 Weak     Min:  0.0, Avg:  0.0, Max:  0.0, Diff:  0.0, Sum:  0.0, Workers: 6
[14.030s][debug  ][gc,phases      ] GC(6)     Dead                           Min: 0, Avg:  0.0, Max: 0, Diff: 0, Sum: 0, Workers: 6
[14.030s][debug  ][gc,phases      ] GC(6)     Total                          Min: 0, Avg:  0.0, Max: 0, Diff: 0, Sum: 0, Workers: 6
[14.030s][debug  ][gc,phases      ] GC(6)   StringDedup Requests1 Weak     Min:  0.0, Avg:  0.0, Max:  0.0, Diff:  0.0, Sum:  0.0, Workers: 6
[14.030s][debug  ][gc,phases      ] GC(6)     Dead                           Min: 0, Avg:  0.0, Max: 0, Diff: 0, Sum: 0, Workers: 6
[14.030s][debug  ][gc,phases      ] GC(6)     Total                          Min: 0, Avg:  0.0, Max: 0, Diff: 0, Sum: 0, Workers: 6
[14.030s][debug  ][gc,phases      ] GC(6)   Weak JFR Old Object Samples    Min:  0.0, Avg:  0.0, Max:  0.0, Diff:  0.0, Sum:  0.0, Workers: 6
[14.030s][debug  ][gc,phases      ] GC(6)     Dead                           Min: 0, Avg:  0.0, Max: 0, Diff: 0, Sum: 0, Workers: 6
[14.030s][debug  ][gc,phases      ] GC(6)     Total                          Min: 0, Avg:  0.0, Max: 0, Diff: 0, Sum: 0, Workers: 6
[14.030s][debug  ][gc,phases      ] GC(6) Weak Processing 0.782ms
[14.030s][debug  ][gc,ergo        ] GC(6) AdaptiveSizeStart:  collection: 7 
[14.030s][debug  ][gc,ergo        ] GC(6) avg_survived_padded_avg: 91460096.000000
[14.030s][debug  ][gc,ergo        ] GC(6) avg_promoted_padded_avg: 31046788.000000  avg_pretenured_padded_avg: 0.000000  tenuring_thresh: 4  target_size: 67108864
[14.030s][debug  ][gc,age         ] GC(6) Desired survivor size 67108864 bytes, new threshold 4 (max threshold 15)
[14.030s][debug  ][gc,ergo        ] GC(6) PSAdaptiveSizePolicy::compute_eden_space_size: costs minor_time: 0.004671 major_cost: 0.000000 mutator_cost: 0.995329 throughput_goal: 0.990000
[14.030s][debug  ][gc,ergo        ] GC(6) Live_space: 317332000 free_space: 265289728
[14.030s][debug  ][gc,ergo        ] GC(6) Old eden_size: 131072000 desired_eden_size: 131072000
[14.030s][debug  ][gc,ergo        ] GC(6) AdaptiveSizeStop: collection: 7 
[14.030s][info   ][gc,heap        ] GC(6) PSYoungGen: 183566K(196608K)->64512K(196608K) Eden: 130597K(131072K)->0K(131072K) From: 52968K(65536K)->64512K(65536K)
[14.030s][info   ][gc,heap        ] GC(6) ParOldGen: 42008K(786432K)->58057K(786432K)
[14.030s][info   ][gc,metaspace   ] GC(6) Metaspace: 1021K(1216K)->1021K(1216K) NonClass: 937K(1024K)->937K(1024K) Class: 83K(192K)->83K(192K)
[14.031s][info   ][gc             ] GC(6) Pause Young (Allocation Failure) 220M->119M(960M) 11.255ms
[14.031s][info   ][gc,cpu         ] GC(6) User=0.02s Sys=0.00s Real=0.01s
[14.031s][debug  ][gc,heap        ] GC(6) Heap after GC invocations=7 (full 0):
[14.031s][debug  ][gc,heap        ] GC(6)  PSYoungGen      total 196608K, used 64512K [0x00000000f0000000, 0x0000000100000000, 0x0000000100000000)
[14.031s][debug  ][gc,heap        ] GC(6)   eden space 131072K, 0% used [0x00000000f0000000,0x00000000f0000000,0x00000000f8000000)
[14.031s][debug  ][gc,heap        ] GC(6)   from space 65536K, 98% used [0x00000000f8000000,0x00000000fbf003f0,0x00000000fc000000)
[14.031s][debug  ][gc,heap        ] GC(6)   to   space 65536K, 0% used [0x00000000fc000000,0x00000000fc000000,0x0000000100000000)
[14.031s][debug  ][gc,heap        ] GC(6)  ParOldGen       total 786432K, used 58057K [0x00000000c0000000, 0x00000000f0000000, 0x00000000f0000000)
[14.031s][debug  ][gc,heap        ] GC(6)   object space 786432K, 7% used [0x00000000c0000000,0x00000000c38b2720,0x00000000f0000000)
[14.031s][debug  ][gc,heap        ] GC(6)  Metaspace       used 1021K, committed 1216K, reserved 1056768K
[14.031s][debug  ][gc,heap        ] GC(6)   class space    used 83K, committed 192K, reserved 1048576K
[14.031s][debug  ][gc,task,time   ] GC(6) VM-Thread 140188546 140288547 140307785
[16.038s][debug  ][gc,heap        ] GC(7) Heap before GC invocations=8 (full 0):
[16.038s][debug  ][gc,heap        ] GC(7)  PSYoungGen      total 196608K, used 195115K [0x00000000f0000000, 0x0000000100000000, 0x0000000100000000)
[16.038s][debug  ][gc,heap        ] GC(7)   eden space 131072K, 99% used [0x00000000f0000000,0x00000000f7f8abf0,0x00000000f8000000)
[16.038s][debug  ][gc,heap        ] GC(7)   from space 65536K, 98% used [0x00000000f8000000,0x00000000fbf003f0,0x00000000fc000000)
[16.038s][debug  ][gc,heap        ] GC(7)   to   space 65536K, 0% used [0x00000000fc000000,0x00000000fc000000,0x0000000100000000)
[16.038s][debug  ][gc,heap        ] GC(7)  ParOldGen       total 786432K, used 58057K [0x00000000c0000000, 0x00000000f0000000, 0x00000000f0000000)
[16.038s][debug  ][gc,heap        ] GC(7)   object space 786432K, 7% used [0x00000000c0000000,0x00000000c38b2720,0x00000000f0000000)
[16.038s][debug  ][gc,heap        ] GC(7)  Metaspace       used 1022K, committed 1216K, reserved 1056768K
[16.038s][debug  ][gc,heap        ] GC(7)   class space    used 83K, committed 192K, reserved 1048576K
[16.038s][debug  ][gc,tlab        ] GC(7) TLAB totals: thrds: 1  refills: 1 max: 1 slow allocs: 124 max 124 waste: 15.2% gc: 564040B max: 564040B slow: 0B max: 0B
[16.039s][info   ][gc,start       ] GC(7) Pause Young (Allocation Failure)
[16.039s][debug  ][gc,phases,start] GC(7) Scavenge
[16.039s][debug  ][gc,phases      ] GC(7) Scavenge 0.473ms
[16.039s][debug  ][gc,phases,start] GC(7) Reference Processing
[16.039s][debug  ][gc,ref         ] GC(7) Skipped phase 1 of Reference Processing: no references
[16.039s][debug  ][gc,ref         ] GC(7) Skipped phase 2 of Reference Processing: no references
[16.039s][debug  ][gc,ref         ] GC(7) Skipped phase 3 of Reference Processing: no references
[16.039s][debug  ][gc,ref         ] GC(7) Skipped phase 4 of Reference Processing: no references
[16.039s][debug  ][gc,phases,ref  ] GC(7) Reference Processing: 0.1ms
[16.039s][debug  ][gc,phases,ref  ] GC(7)   Reconsider SoftReferences: 0.0ms
[16.039s][debug  ][gc,phases,ref  ] GC(7)     SoftRef (ms):                  skipped
[16.039s][debug  ][gc,phases,ref  ] GC(7)   Notify Soft/WeakReferences: 0.0ms
[16.039s][debug  ][gc,phases,ref  ] GC(7)     SoftRef (ms):                  skipped
[16.039s][debug  ][gc,phases,ref  ] GC(7)     WeakRef (ms):                  skipped
[16.039s][debug  ][gc,phases,ref  ] GC(7)     FinalRef (ms):                 skipped
[16.039s][debug  ][gc,phases,ref  ] GC(7)     Total (ms):                    skipped
[16.039s][debug  ][gc,phases,ref  ] GC(7)   Notify and keep alive finalizable: 0.0ms
[16.039s][debug  ][gc,phases,ref  ] GC(7)     FinalRef (ms):                 skipped
[16.040s][debug  ][gc,phases,ref  ] GC(7)   Notify PhantomReferences: 0.0ms
[16.040s][debug  ][gc,phases,ref  ] GC(7)     PhantomRef (ms):               skipped
[16.040s][debug  ][gc,phases,ref  ] GC(7)   SoftReference:
[16.040s][debug  ][gc,phases,ref  ] GC(7)     Discovered: 0
[16.040s][debug  ][gc,phases,ref  ] GC(7)     Cleared: 0
[16.040s][debug  ][gc,phases,ref  ] GC(7)   WeakReference:
[16.040s][debug  ][gc,phases,ref  ] GC(7)     Discovered: 0
[16.040s][debug  ][gc,phases,ref  ] GC(7)     Cleared: 0
[16.040s][debug  ][gc,phases,ref  ] GC(7)   FinalReference:
[16.040s][debug  ][gc,phases,ref  ] GC(7)     Discovered: 0
[16.040s][debug  ][gc,phases,ref  ] GC(7)     Cleared: 0
[16.040s][debug  ][gc,phases,ref  ] GC(7)   PhantomReference:
[16.040s][debug  ][gc,phases,ref  ] GC(7)     Discovered: 0
[16.040s][debug  ][gc,phases,ref  ] GC(7)     Cleared: 0
[16.040s][debug  ][gc,phases      ] GC(7) Reference Processing 0.720ms
[16.040s][debug  ][gc,phases,start] GC(7) Weak Processing
[16.040s][debug  ][gc,phases      ] GC(7)   VM Weak                        Min:  0.0, Avg:  0.0, Max:  0.0, Diff:  0.0, Sum:  0.0, Workers: 6
[16.040s][debug  ][gc,phases      ] GC(7)     Dead                           Min: 0, Avg:  0.0, Max: 0, Diff: 0, Sum: 0, Workers: 6
[16.040s][debug  ][gc,phases      ] GC(7)     Total                          Min: 0, Avg:  1.3, Max: 8, Diff: 8, Sum: 8, Workers: 6
[16.040s][debug  ][gc,phases      ] GC(7)   ObjectSynchronizer Weak        Min:  0.0, Avg:  0.0, Max:  0.0, Diff:  0.0, Sum:  0.0, Workers: 6
[16.040s][debug  ][gc,phases      ] GC(7)     Dead                           Min: 0, Avg:  0.0, Max: 0, Diff: 0, Sum: 0, Workers: 6
[16.040s][debug  ][gc,phases      ] GC(7)     Total                          Min: 0, Avg:  0.5, Max: 3, Diff: 3, Sum: 3, Workers: 6
[16.040s][debug  ][gc,phases      ] GC(7)   JVMTI Tag Weak OopStorage      Min:  0.0, Avg:  0.0, Max:  0.0, Diff:  0.0, Sum:  0.0, Workers: 6
[16.040s][debug  ][gc,phases      ] GC(7)     Dead                           Min: 0, Avg:  0.0, Max: 0, Diff: 0, Sum: 0, Workers: 6
[16.040s][debug  ][gc,phases      ] GC(7)     Total                          Min: 0, Avg:  0.0, Max: 0, Diff: 0, Sum: 0, Workers: 6
[16.040s][debug  ][gc,phases      ] GC(7)   StringTable Weak               Min:  0.0, Avg:  0.0, Max:  0.0, Diff:  0.0, Sum:  0.1, Workers: 6
[16.040s][debug  ][gc,phases      ] GC(7)     Dead                           Min: 0, Avg:  0.0, Max: 0, Diff: 0, Sum: 0, Workers: 6
[16.040s][debug  ][gc,phases      ] GC(7)     Total                          Min: 832, Avg: 892.5, Max: 1024, Diff: 192, Sum: 5355, Workers: 6
[16.040s][debug  ][gc,phases      ] GC(7)   ResolvedMethodTable Weak       Min:  0.0, Avg:  0.0, Max:  0.0, Diff:  0.0, Sum:  0.0, Workers: 6
[16.040s][debug  ][gc,phases      ] GC(7)     Dead                           Min: 0, Avg:  0.0, Max: 0, Diff: 0, Sum: 0, Workers: 6
[16.040s][debug  ][gc,phases      ] GC(7)     Total                          Min: 0, Avg: 21.7, Max: 64, Diff: 64, Sum: 130, Workers: 6
[16.040s][debug  ][gc,phases      ] GC(7)   JNI Weak                       Min:  0.0, Avg:  0.0, Max:  0.0, Diff:  0.0, Sum:  0.0, Workers: 6
[16.040s][debug  ][gc,phases      ] GC(7)     Dead                           Min: 0, Avg:  0.0, Max: 0, Diff: 0, Sum: 0, Workers: 6
[16.040s][debug  ][gc,phases      ] GC(7)     Total                          Min: 0, Avg:  0.0, Max: 0, Diff: 0, Sum: 0, Workers: 6
[16.040s][debug  ][gc,phases      ] GC(7)   StringDedup Table Weak         Min:  0.0, Avg:  0.0, Max:  0.0, Diff:  0.0, Sum:  0.0, Workers: 6
[16.040s][debug  ][gc,phases      ] GC(7)     Dead                           Min: 0, Avg:  0.0, Max: 0, Diff: 0, Sum: 0, Workers: 6
[16.040s][debug  ][gc,phases      ] GC(7)     Total                          Min: 0, Avg:  0.0, Max: 0, Diff: 0, Sum: 0, Workers: 6
[16.041s][debug  ][gc,phases      ] GC(7)   StringDedup Requests0 Weak     Min:  0.0, Avg:  0.0, Max:  0.0, Diff:  0.0, Sum:  0.0, Workers: 6
[16.041s][debug  ][gc,phases      ] GC(7)     Dead                           Min: 0, Avg:  0.0, Max: 0, Diff: 0, Sum: 0, Workers: 6
[16.041s][debug  ][gc,phases      ] GC(7)     Total                          Min: 0, Avg:  0.0, Max: 0, Diff: 0, Sum: 0, Workers: 6
[16.041s][debug  ][gc,phases      ] GC(7)   StringDedup Requests1 Weak     Min:  0.0, Avg:  0.0, Max:  0.0, Diff:  0.0, Sum:  0.0, Workers: 6
[16.041s][debug  ][gc,phases      ] GC(7)     Dead                           Min: 0, Avg:  0.0, Max: 0, Diff: 0, Sum: 0, Workers: 6
[16.041s][debug  ][gc,phases      ] GC(7)     Total                          Min: 0, Avg:  0.0, Max: 0, Diff: 0, Sum: 0, Workers: 6
[16.041s][debug  ][gc,phases      ] GC(7)   Weak JFR Old Object Samples    Min:  0.0, Avg:  0.0, Max:  0.0, Diff:  0.0, Sum:  0.0, Workers: 6
[16.041s][debug  ][gc,phases      ] GC(7)     Dead                           Min: 0, Avg:  0.0, Max: 0, Diff: 0, Sum: 0, Workers: 6
[16.041s][debug  ][gc,phases      ] GC(7)     Total                          Min: 0, Avg:  0.0, Max: 0, Diff: 0, Sum: 0, Workers: 6
[16.041s][debug  ][gc,phases      ] GC(7) Weak Processing 0.912ms
[16.041s][debug  ][gc,ergo        ] GC(7) AdaptiveSizeStart:  collection: 8 
[16.041s][debug  ][gc,ergo        ] GC(7) avg_survived_padded_avg: 95149856.000000
[16.041s][debug  ][gc,ergo        ] GC(7) avg_promoted_padded_avg: 30026154.000000  avg_pretenured_padded_avg: 0.000000  tenuring_thresh: 3  target_size: 67108864
[16.041s][debug  ][gc,age         ] GC(7) Desired survivor size 67108864 bytes, new threshold 3 (max threshold 15)
[16.041s][debug  ][gc,ergo        ] GC(7) PSAdaptiveSizePolicy::compute_eden_space_size: costs minor_time: 0.003779 major_cost: 0.000000 mutator_cost: 0.996221 throughput_goal: 0.990000
[16.041s][debug  ][gc,ergo        ] GC(7) Live_space: 311967744 free_space: 265289728
[16.041s][debug  ][gc,ergo        ] GC(7) Old eden_size: 131072000 desired_eden_size: 131072000
[16.041s][debug  ][gc,ergo        ] GC(7) AdaptiveSizeStop: collection: 8 
[16.041s][info   ][gc,heap        ] GC(7) PSYoungGen: 195115K(196608K)->4096K(196608K) Eden: 130602K(131072K)->0K(131072K) From: 64512K(65536K)->4096K(65536K)
[16.041s][info   ][gc,heap        ] GC(7) ParOldGen: 58057K(786432K)->58057K(786432K)
[16.041s][info   ][gc,metaspace   ] GC(7) Metaspace: 1022K(1216K)->1022K(1216K) NonClass: 939K(1024K)->939K(1024K) Class: 83K(192K)->83K(192K)
[16.041s][info   ][gc             ] GC(7) Pause Young (Allocation Failure) 247M->60M(960M) 2.686ms
[16.041s][info   ][gc,cpu         ] GC(7) User=0.00s Sys=0.00s Real=0.00s
[16.041s][debug  ][gc,heap        ] GC(7) Heap after GC invocations=8 (full 0):
[16.041s][debug  ][gc,heap        ] GC(7)  PSYoungGen      total 196608K, used 4096K [0x00000000f0000000, 0x0000000100000000, 0x0000000100000000)
[16.041s][debug  ][gc,heap        ] GC(7)   eden space 131072K, 0% used [0x00000000f0000000,0x00000000f0000000,0x00000000f8000000)
[16.041s][debug  ][gc,heap        ] GC(7)   from space 65536K, 6% used [0x00000000fc000000,0x00000000fc400040,0x0000000100000000)
[16.041s][debug  ][gc,heap        ] GC(7)   to   space 65536K, 0% used [0x00000000f8000000,0x00000000f8000000,0x00000000fc000000)
[16.041s][debug  ][gc,heap        ] GC(7)  ParOldGen       total 786432K, used 58057K [0x00000000c0000000, 0x00000000f0000000, 0x00000000f0000000)
[16.041s][debug  ][gc,heap        ] GC(7)   object space 786432K, 7% used [0x00000000c0000000,0x00000000c38b2720,0x00000000f0000000)
[16.041s][debug  ][gc,heap        ] GC(7)  Metaspace       used 1022K, committed 1216K, reserved 1056768K
[16.041s][debug  ][gc,heap        ] GC(7)   class space    used 83K, committed 192K, reserved 1048576K
[16.042s][debug  ][gc,task,time   ] GC(7) VM-Thread 160380175 160391096 160415040
[18.051s][debug  ][gc,heap        ] GC(8) Heap before GC invocations=9 (full 0):
[18.051s][debug  ][gc,heap        ] GC(8)  PSYoungGen      total 196608K, used 134702K [0x00000000f0000000, 0x0000000100000000, 0x0000000100000000)
[18.051s][debug  ][gc,heap        ] GC(8)   eden space 131072K, 99% used [0x00000000f0000000,0x00000000f7f8b900,0x00000000f8000000)
[18.051s][debug  ][gc,heap        ] GC(8)   from space 65536K, 6% used [0x00000000fc000000,0x00000000fc400040,0x0000000100000000)
[18.051s][debug  ][gc,heap        ] GC(8)   to   space 65536K, 0% used [0x00000000f8000000,0x00000000f8000000,0x00000000fc000000)
[18.051s][debug  ][gc,heap        ] GC(8)  ParOldGen       total 786432K, used 58057K [0x00000000c0000000, 0x00000000f0000000, 0x00000000f0000000)
[18.051s][debug  ][gc,heap        ] GC(8)   object space 786432K, 7% used [0x00000000c0000000,0x00000000c38b2720,0x00000000f0000000)
[18.051s][debug  ][gc,heap        ] GC(8)  Metaspace       used 1022K, committed 1216K, reserved 1056768K
[18.051s][debug  ][gc,heap        ] GC(8)   class space    used 83K, committed 192K, reserved 1048576K
[18.051s][debug  ][gc,tlab        ] GC(8) TLAB totals: thrds: 1  refills: 1 max: 1 slow allocs: 124 max 124 waste: 15.3% gc: 568552B max: 568552B slow: 0B max: 0B
[18.051s][info   ][gc,start       ] GC(8) Pause Young (Allocation Failure)
[18.051s][debug  ][gc,phases,start] GC(8) Scavenge
[18.054s][debug  ][gc,phases      ] GC(8) Scavenge 2.958ms
[18.054s][debug  ][gc,phases,start] GC(8) Reference Processing
[18.054s][debug  ][gc,ref         ] GC(8) Skipped phase 1 of Reference Processing: no references
[18.054s][debug  ][gc,ref         ] GC(8) Skipped phase 2 of Reference Processing: no references
[18.054s][debug  ][gc,ref         ] GC(8) Skipped phase 3 of Reference Processing: no references
[18.054s][debug  ][gc,ref         ] GC(8) Skipped phase 4 of Reference Processing: no references
[18.054s][debug  ][gc,phases,ref  ] GC(8) Reference Processing: 0.1ms
[18.054s][debug  ][gc,phases,ref  ] GC(8)   Reconsider SoftReferences: 0.0ms
[18.054s][debug  ][gc,phases,ref  ] GC(8)     SoftRef (ms):                  skipped
[18.054s][debug  ][gc,phases,ref  ] GC(8)   Notify Soft/WeakReferences: 0.0ms
[18.054s][debug  ][gc,phases,ref  ] GC(8)     SoftRef (ms):                  skipped
[18.055s][debug  ][gc,phases,ref  ] GC(8)     WeakRef (ms):                  skipped
[18.055s][debug  ][gc,phases,ref  ] GC(8)     FinalRef (ms):                 skipped
[18.055s][debug  ][gc,phases,ref  ] GC(8)     Total (ms):                    skipped
[18.055s][debug  ][gc,phases,ref  ] GC(8)   Notify and keep alive finalizable: 0.0ms
[18.055s][debug  ][gc,phases,ref  ] GC(8)     FinalRef (ms):                 skipped
[18.055s][debug  ][gc,phases,ref  ] GC(8)   Notify PhantomReferences: 0.0ms
[18.055s][debug  ][gc,phases,ref  ] GC(8)     PhantomRef (ms):               skipped
[18.055s][debug  ][gc,phases,ref  ] GC(8)   SoftReference:
[18.055s][debug  ][gc,phases,ref  ] GC(8)     Discovered: 0
[18.055s][debug  ][gc,phases,ref  ] GC(8)     Cleared: 0
[18.055s][debug  ][gc,phases,ref  ] GC(8)   WeakReference:
[18.055s][debug  ][gc,phases,ref  ] GC(8)     Discovered: 0
[18.055s][debug  ][gc,phases,ref  ] GC(8)     Cleared: 0
[18.055s][debug  ][gc,phases,ref  ] GC(8)   FinalReference:
[18.055s][debug  ][gc,phases,ref  ] GC(8)     Discovered: 0
[18.055s][debug  ][gc,phases,ref  ] GC(8)     Cleared: 0
[18.055s][debug  ][gc,phases,ref  ] GC(8)   PhantomReference:
[18.055s][debug  ][gc,phases,ref  ] GC(8)     Discovered: 0
[18.055s][debug  ][gc,phases,ref  ] GC(8)     Cleared: 0
[18.055s][debug  ][gc,phases      ] GC(8) Reference Processing 0.689ms
[18.055s][debug  ][gc,phases,start] GC(8) Weak Processing
[18.055s][debug  ][gc,phases      ] GC(8)   VM Weak                        Min:  0.0, Avg:  0.0, Max:  0.0, Diff:  0.0, Sum:  0.0, Workers: 6
[18.055s][debug  ][gc,phases      ] GC(8)     Dead                           Min: 0, Avg:  0.0, Max: 0, Diff: 0, Sum: 0, Workers: 6
[18.055s][debug  ][gc,phases      ] GC(8)     Total                          Min: 0, Avg:  1.3, Max: 8, Diff: 8, Sum: 8, Workers: 6
[18.055s][debug  ][gc,phases      ] GC(8)   ObjectSynchronizer Weak        Min:  0.0, Avg:  0.0, Max:  0.0, Diff:  0.0, Sum:  0.0, Workers: 6
[18.055s][debug  ][gc,phases      ] GC(8)     Dead                           Min: 0, Avg:  0.0, Max: 0, Diff: 0, Sum: 0, Workers: 6
[18.055s][debug  ][gc,phases      ] GC(8)     Total                          Min: 0, Avg:  0.5, Max: 3, Diff: 3, Sum: 3, Workers: 6
[18.055s][debug  ][gc,phases      ] GC(8)   JVMTI Tag Weak OopStorage      Min:  0.0, Avg:  0.0, Max:  0.0, Diff:  0.0, Sum:  0.0, Workers: 6
[18.055s][debug  ][gc,phases      ] GC(8)     Dead                           Min: 0, Avg:  0.0, Max: 0, Diff: 0, Sum: 0, Workers: 6
[18.055s][debug  ][gc,phases      ] GC(8)     Total                          Min: 0, Avg:  0.0, Max: 0, Diff: 0, Sum: 0, Workers: 6
[18.055s][debug  ][gc,phases      ] GC(8)   StringTable Weak               Min:  0.0, Avg:  0.0, Max:  0.0, Diff:  0.0, Sum:  0.0, Workers: 6
[18.055s][debug  ][gc,phases      ] GC(8)     Dead                           Min: 0, Avg:  0.0, Max: 0, Diff: 0, Sum: 0, Workers: 6
[18.055s][debug  ][gc,phases      ] GC(8)     Total                          Min: 747, Avg: 892.5, Max: 1152, Diff: 405, Sum: 5355, Workers: 6
[18.055s][debug  ][gc,phases      ] GC(8)   ResolvedMethodTable Weak       Min:  0.0, Avg:  0.0, Max:  0.0, Diff:  0.0, Sum:  0.0, Workers: 6
[18.055s][debug  ][gc,phases      ] GC(8)     Dead                           Min: 0, Avg:  0.0, Max: 0, Diff: 0, Sum: 0, Workers: 6
[18.055s][debug  ][gc,phases      ] GC(8)     Total                          Min: 0, Avg: 21.7, Max: 64, Diff: 64, Sum: 130, Workers: 6
[18.055s][debug  ][gc,phases      ] GC(8)   JNI Weak                       Min:  0.0, Avg:  0.0, Max:  0.0, Diff:  0.0, Sum:  0.0, Workers: 6
[18.055s][debug  ][gc,phases      ] GC(8)     Dead                           Min: 0, Avg:  0.0, Max: 0, Diff: 0, Sum: 0, Workers: 6
[18.055s][debug  ][gc,phases      ] GC(8)     Total                          Min: 0, Avg:  0.0, Max: 0, Diff: 0, Sum: 0, Workers: 6
[18.055s][debug  ][gc,phases      ] GC(8)   StringDedup Table Weak         Min:  0.0, Avg:  0.0, Max:  0.0, Diff:  0.0, Sum:  0.0, Workers: 6
[18.056s][debug  ][gc,phases      ] GC(8)     Dead                           Min: 0, Avg:  0.0, Max: 0, Diff: 0, Sum: 0, Workers: 6
[18.056s][debug  ][gc,phases      ] GC(8)     Total                          Min: 0, Avg:  0.0, Max: 0, Diff: 0, Sum: 0, Workers: 6
[18.056s][debug  ][gc,phases      ] GC(8)   StringDedup Requests0 Weak     Min:  0.0, Avg:  0.0, Max:  0.0, Diff:  0.0, Sum:  0.0, Workers: 6
[18.056s][debug  ][gc,phases      ] GC(8)     Dead                           Min: 0, Avg:  0.0, Max: 0, Diff: 0, Sum: 0, Workers: 6
[18.056s][debug  ][gc,phases      ] GC(8)     Total                          Min: 0, Avg:  0.0, Max: 0, Diff: 0, Sum: 0, Workers: 6
[18.056s][debug  ][gc,phases      ] GC(8)   StringDedup Requests1 Weak     Min:  0.0, Avg:  0.0, Max:  0.0, Diff:  0.0, Sum:  0.0, Workers: 6
[18.056s][debug  ][gc,phases      ] GC(8)     Dead                           Min: 0, Avg:  0.0, Max: 0, Diff: 0, Sum: 0, Workers: 6
[18.056s][debug  ][gc,phases      ] GC(8)     Total                          Min: 0, Avg:  0.0, Max: 0, Diff: 0, Sum: 0, Workers: 6
[18.056s][debug  ][gc,phases      ] GC(8)   Weak JFR Old Object Samples    Min:  0.0, Avg:  0.0, Max:  0.0, Diff:  0.0, Sum:  0.0, Workers: 6
[18.056s][debug  ][gc,phases      ] GC(8)     Dead                           Min: 0, Avg:  0.0, Max: 0, Diff: 0, Sum: 0, Workers: 6
[18.056s][debug  ][gc,phases      ] GC(8)     Total                          Min: 0, Avg:  0.0, Max: 0, Diff: 0, Sum: 0, Workers: 6
[18.056s][debug  ][gc,phases      ] GC(8) Weak Processing 0.808ms
[18.056s][debug  ][gc,ergo        ] GC(8) AdaptiveSizeStart:  collection: 9 
[18.056s][debug  ][gc,ergo        ] GC(8) avg_survived_padded_avg: 91497384.000000
[18.056s][debug  ][gc,ergo        ] GC(8) avg_promoted_padded_avg: 29202844.000000  avg_pretenured_padded_avg: 0.000000  tenuring_thresh: 2  target_size: 67108864
[18.056s][debug  ][gc,age         ] GC(8) Desired survivor size 67108864 bytes, new threshold 2 (max threshold 15)
[18.056s][debug  ][gc,ergo        ] GC(8) PSAdaptiveSizePolicy::compute_eden_space_size: costs minor_time: 0.003403 major_cost: 0.000000 mutator_cost: 0.996597 throughput_goal: 0.990000
[18.056s][debug  ][gc,ergo        ] GC(8) Live_space: 310754880 free_space: 265289728
[18.056s][debug  ][gc,ergo        ] GC(8) Old eden_size: 131072000 desired_eden_size: 131072000
[18.056s][debug  ][gc,ergo        ] GC(8) AdaptiveSizeStop: collection: 9 
[18.056s][info   ][gc,heap        ] GC(8) PSYoungGen: 134702K(196608K)->31744K(196608K) Eden: 130606K(131072K)->0K(131072K) From: 4096K(65536K)->31744K(65536K)
[18.056s][info   ][gc,heap        ] GC(8) ParOldGen: 58057K(786432K)->58057K(786432K)
[18.056s][info   ][gc,metaspace   ] GC(8) Metaspace: 1022K(1216K)->1022K(1216K) NonClass: 939K(1024K)->939K(1024K) Class: 83K(192K)->83K(192K)
[18.056s][info   ][gc             ] GC(8) Pause Young (Allocation Failure) 188M->87M(960M) 4.966ms
[18.056s][info   ][gc,cpu         ] GC(8) User=0.00s Sys=0.00s Real=0.01s
[18.056s][debug  ][gc,heap        ] GC(8) Heap after GC invocations=9 (full 0):
[18.056s][debug  ][gc,heap        ] GC(8)  PSYoungGen      total 196608K, used 31744K [0x00000000f0000000, 0x0000000100000000, 0x0000000100000000)
[18.056s][debug  ][gc,heap        ] GC(8)   eden space 131072K, 0% used [0x00000000f0000000,0x00000000f0000000,0x00000000f8000000)
[18.056s][debug  ][gc,heap        ] GC(8)   from space 65536K, 48% used [0x00000000f8000000,0x00000000f9f001f0,0x00000000fc000000)
[18.056s][debug  ][gc,heap        ] GC(8)   to   space 65536K, 0% used [0x00000000fc000000,0x00000000fc000000,0x0000000100000000)
[18.056s][debug  ][gc,heap        ] GC(8)  ParOldGen       total 786432K, used 58057K [0x00000000c0000000, 0x00000000f0000000, 0x00000000f0000000)
[18.056s][debug  ][gc,heap        ] GC(8)   object space 786432K, 7% used [0x00000000c0000000,0x00000000c38b2720,0x00000000f0000000)
[18.056s][debug  ][gc,heap        ] GC(8)  Metaspace       used 1022K, committed 1216K, reserved 1056768K
[18.056s][debug  ][gc,heap        ] GC(8)   class space    used 83K, committed 192K, reserved 1048576K
[18.057s][debug  ][gc,task,time   ] GC(8) VM-Thread 180507826 180542623 180565154
[20.056s][debug  ][gc,heap        ] GC(9) Heap before GC invocations=10 (full 0):
[20.056s][debug  ][gc,heap        ] GC(9)  PSYoungGen      total 196608K, used 162352K [0x00000000f0000000, 0x0000000100000000, 0x0000000100000000)
[20.056s][debug  ][gc,heap        ] GC(9)   eden space 131072K, 99% used [0x00000000f0000000,0x00000000f7f8c170,0x00000000f8000000)
[20.056s][debug  ][gc,heap        ] GC(9)   from space 65536K, 48% used [0x00000000f8000000,0x00000000f9f001f0,0x00000000fc000000)
[20.056s][debug  ][gc,heap        ] GC(9)   to   space 65536K, 0% used [0x00000000fc000000,0x00000000fc000000,0x0000000100000000)
[20.056s][debug  ][gc,heap        ] GC(9)  ParOldGen       total 786432K, used 58057K [0x00000000c0000000, 0x00000000f0000000, 0x00000000f0000000)
[20.056s][debug  ][gc,heap        ] GC(9)   object space 786432K, 7% used [0x00000000c0000000,0x00000000c38b2720,0x00000000f0000000)
[20.056s][debug  ][gc,heap        ] GC(9)  Metaspace       used 1023K, committed 1216K, reserved 1056768K
[20.056s][debug  ][gc,heap        ] GC(9)   class space    used 83K, committed 192K, reserved 1048576K
[20.056s][debug  ][gc,tlab        ] GC(9) TLAB totals: thrds: 1  refills: 1 max: 1 slow allocs: 124 max 124 waste: 15.4% gc: 570712B max: 570712B slow: 0B max: 0B
[20.056s][info   ][gc,start       ] GC(9) Pause Young (Allocation Failure)
[20.056s][debug  ][gc,phases,start] GC(9) Scavenge
[20.062s][debug  ][gc,phases      ] GC(9) Scavenge 5.973ms
[20.062s][debug  ][gc,phases,start] GC(9) Reference Processing
[20.062s][debug  ][gc,ref         ] GC(9) Skipped phase 1 of Reference Processing: no references
[20.062s][debug  ][gc,ref         ] GC(9) Skipped phase 2 of Reference Processing: no references
[20.063s][debug  ][gc,ref         ] GC(9) Skipped phase 3 of Reference Processing: no references
[20.063s][debug  ][gc,ref         ] GC(9) Skipped phase 4 of Reference Processing: no references
[20.063s][debug  ][gc,phases,ref  ] GC(9) Reference Processing: 0.1ms
[20.063s][debug  ][gc,phases,ref  ] GC(9)   Reconsider SoftReferences: 0.0ms
[20.063s][debug  ][gc,phases,ref  ] GC(9)     SoftRef (ms):                  skipped
[20.063s][debug  ][gc,phases,ref  ] GC(9)   Notify Soft/WeakReferences: 0.0ms
[20.063s][debug  ][gc,phases,ref  ] GC(9)     SoftRef (ms):                  skipped
[20.063s][debug  ][gc,phases,ref  ] GC(9)     WeakRef (ms):                  skipped
[20.063s][debug  ][gc,phases,ref  ] GC(9)     FinalRef (ms):                 skipped
[20.063s][debug  ][gc,phases,ref  ] GC(9)     Total (ms):                    skipped
[20.063s][debug  ][gc,phases,ref  ] GC(9)   Notify and keep alive finalizable: 0.0ms
[20.063s][debug  ][gc,phases,ref  ] GC(9)     FinalRef (ms):                 skipped
[20.063s][debug  ][gc,phases,ref  ] GC(9)   Notify PhantomReferences: 0.0ms
[20.063s][debug  ][gc,phases,ref  ] GC(9)     PhantomRef (ms):               skipped
[20.063s][debug  ][gc,phases,ref  ] GC(9)   SoftReference:
[20.063s][debug  ][gc,phases,ref  ] GC(9)     Discovered: 0
[20.063s][debug  ][gc,phases,ref  ] GC(9)     Cleared: 0
[20.063s][debug  ][gc,phases,ref  ] GC(9)   WeakReference:
[20.063s][debug  ][gc,phases,ref  ] GC(9)     Discovered: 0
[20.063s][debug  ][gc,phases,ref  ] GC(9)     Cleared: 0
[20.063s][debug  ][gc,phases,ref  ] GC(9)   FinalReference:
[20.063s][debug  ][gc,phases,ref  ] GC(9)     Discovered: 0
[20.063s][debug  ][gc,phases,ref  ] GC(9)     Cleared: 0
[20.063s][debug  ][gc,phases,ref  ] GC(9)   PhantomReference:
[20.063s][debug  ][gc,phases,ref  ] GC(9)     Discovered: 0
[20.063s][debug  ][gc,phases,ref  ] GC(9)     Cleared: 0
[20.063s][debug  ][gc,phases      ] GC(9) Reference Processing 0.806ms
[20.063s][debug  ][gc,phases,start] GC(9) Weak Processing
[20.063s][debug  ][gc,phases      ] GC(9)   VM Weak                        Min:  0.0, Avg:  0.0, Max:  0.0, Diff:  0.0, Sum:  0.0, Workers: 6
[20.063s][debug  ][gc,phases      ] GC(9)     Dead                           Min: 0, Avg:  0.0, Max: 0, Diff: 0, Sum: 0, Workers: 6
[20.063s][debug  ][gc,phases      ] GC(9)     Total                          Min: 0, Avg:  1.3, Max: 8, Diff: 8, Sum: 8, Workers: 6
[20.063s][debug  ][gc,phases      ] GC(9)   ObjectSynchronizer Weak        Min:  0.0, Avg:  0.0, Max:  0.0, Diff:  0.0, Sum:  0.0, Workers: 6
[20.063s][debug  ][gc,phases      ] GC(9)     Dead                           Min: 0, Avg:  0.0, Max: 0, Diff: 0, Sum: 0, Workers: 6
[20.063s][debug  ][gc,phases      ] GC(9)     Total                          Min: 0, Avg:  0.5, Max: 3, Diff: 3, Sum: 3, Workers: 6
[20.063s][debug  ][gc,phases      ] GC(9)   JVMTI Tag Weak OopStorage      Min:  0.0, Avg:  0.0, Max:  0.0, Diff:  0.0, Sum:  0.0, Workers: 6
[20.063s][debug  ][gc,phases      ] GC(9)     Dead                           Min: 0, Avg:  0.0, Max: 0, Diff: 0, Sum: 0, Workers: 6
[20.064s][debug  ][gc,phases      ] GC(9)     Total                          Min: 0, Avg:  0.0, Max: 0, Diff: 0, Sum: 0, Workers: 6
[20.064s][debug  ][gc,phases      ] GC(9)   StringTable Weak               Min:  0.0, Avg:  0.0, Max:  0.0, Diff:  0.0, Sum:  0.1, Workers: 6
[20.064s][debug  ][gc,phases      ] GC(9)     Dead                           Min: 0, Avg:  0.0, Max: 0, Diff: 0, Sum: 0, Workers: 6
[20.064s][debug  ][gc,phases      ] GC(9)     Total                          Min: 704, Avg: 892.5, Max: 1195, Diff: 491, Sum: 5355, Workers: 6
[20.064s][debug  ][gc,phases      ] GC(9)   ResolvedMethodTable Weak       Min:  0.0, Avg:  0.0, Max:  0.0, Diff:  0.0, Sum:  0.0, Workers: 6
[20.064s][debug  ][gc,phases      ] GC(9)     Dead                           Min: 0, Avg:  0.0, Max: 0, Diff: 0, Sum: 0, Workers: 6
[20.064s][debug  ][gc,phases      ] GC(9)     Total                          Min: 0, Avg: 21.7, Max: 64, Diff: 64, Sum: 130, Workers: 6
[20.064s][debug  ][gc,phases      ] GC(9)   JNI Weak                       Min:  0.0, Avg:  0.0, Max:  0.0, Diff:  0.0, Sum:  0.0, Workers: 6
[20.064s][debug  ][gc,phases      ] GC(9)     Dead                           Min: 0, Avg:  0.0, Max: 0, Diff: 0, Sum: 0, Workers: 6
[20.064s][debug  ][gc,phases      ] GC(9)     Total                          Min: 0, Avg:  0.0, Max: 0, Diff: 0, Sum: 0, Workers: 6
[20.064s][debug  ][gc,phases      ] GC(9)   StringDedup Table Weak         Min:  0.0, Avg:  0.0, Max:  0.0, Diff:  0.0, Sum:  0.0, Workers: 6
[20.064s][debug  ][gc,phases      ] GC(9)     Dead                           Min: 0, Avg:  0.0, Max: 0, Diff: 0, Sum: 0, Workers: 6
[20.064s][debug  ][gc,phases      ] GC(9)     Total                          Min: 0, Avg:  0.0, Max: 0, Diff: 0, Sum: 0, Workers: 6
[20.064s][debug  ][gc,phases      ] GC(9)   StringDedup Requests0 Weak     Min:  0.0, Avg:  0.0, Max:  0.0, Diff:  0.0, Sum:  0.0, Workers: 6
[20.064s][debug  ][gc,phases      ] GC(9)     Dead                           Min: 0, Avg:  0.0, Max: 0, Diff: 0, Sum: 0, Workers: 6
[20.064s][debug  ][gc,phases      ] GC(9)     Total                          Min: 0, Avg:  0.0, Max: 0, Diff: 0, Sum: 0, Workers: 6
[20.064s][debug  ][gc,phases      ] GC(9)   StringDedup Requests1 Weak     Min:  0.0, Avg:  0.0, Max:  0.0, Diff:  0.0, Sum:  0.0, Workers: 6
[20.064s][debug  ][gc,phases      ] GC(9)     Dead                           Min: 0, Avg:  0.0, Max: 0, Diff: 0, Sum: 0, Workers: 6
[20.064s][debug  ][gc,phases      ] GC(9)     Total                          Min: 0, Avg:  0.0, Max: 0, Diff: 0, Sum: 0, Workers: 6
[20.064s][debug  ][gc,phases      ] GC(9)   Weak JFR Old Object Samples    Min:  0.0, Avg:  0.0, Max:  0.0, Diff:  0.0, Sum:  0.0, Workers: 6
[20.064s][debug  ][gc,phases      ] GC(9)     Dead                           Min: 0, Avg:  0.0, Max: 0, Diff: 0, Sum: 0, Workers: 6
[20.064s][debug  ][gc,phases      ] GC(9)     Total                          Min: 0, Avg:  0.0, Max: 0, Diff: 0, Sum: 0, Workers: 6
[20.064s][debug  ][gc,phases      ] GC(9) Weak Processing 0.811ms
[20.064s][debug  ][gc,ergo        ] GC(9) AdaptiveSizeStart:  collection: 10 
[20.064s][debug  ][gc,ergo        ] GC(9) avg_survived_padded_avg: 93424184.000000
[20.064s][debug  ][gc,ergo        ] GC(9) avg_promoted_padded_avg: 28536710.000000  avg_pretenured_padded_avg: 0.000000  tenuring_thresh: 1  target_size: 67108864
[20.064s][debug  ][gc,age         ] GC(9) Desired survivor size 67108864 bytes, new threshold 1 (max threshold 15)
[20.064s][debug  ][gc,ergo        ] GC(9) PSAdaptiveSizePolicy::compute_eden_space_size: costs minor_time: 0.003521 major_cost: 0.000000 mutator_cost: 0.996479 throughput_goal: 0.990000
[20.064s][debug  ][gc,ergo        ] GC(9) Live_space: 312604768 free_space: 265289728
[20.064s][debug  ][gc,ergo        ] GC(9) Old eden_size: 131072000 desired_eden_size: 131072000
[20.064s][debug  ][gc,ergo        ] GC(9) AdaptiveSizeStop: collection: 10 
[20.064s][info   ][gc,heap        ] GC(9) PSYoungGen: 162352K(196608K)->59392K(196608K) Eden: 130608K(131072K)->0K(131072K) From: 31744K(65536K)->59392K(65536K)
[20.064s][info   ][gc,heap        ] GC(9) ParOldGen: 58057K(786432K)->58057K(786432K)
[20.064s][info   ][gc,metaspace   ] GC(9) Metaspace: 1023K(1216K)->1023K(1216K) NonClass: 939K(1024K)->939K(1024K) Class: 83K(192K)->83K(192K)
[20.064s][info   ][gc             ] GC(9) Pause Young (Allocation Failure) 215M->114M(960M) 8.168ms
[20.064s][info   ][gc,cpu         ] GC(9) User=0.16s Sys=0.00s Real=0.01s
[20.064s][debug  ][gc,heap        ] GC(9) Heap after GC invocations=10 (full 0):
[20.065s][debug  ][gc,heap        ] GC(9)  PSYoungGen      total 196608K, used 59392K [0x00000000f0000000, 0x0000000100000000, 0x0000000100000000)
[20.065s][debug  ][gc,heap        ] GC(9)   eden space 131072K, 0% used [0x00000000f0000000,0x00000000f0000000,0x00000000f8000000)
[20.065s][debug  ][gc,heap        ] GC(9)   from space 65536K, 90% used [0x00000000fc000000,0x00000000ffa003a0,0x0000000100000000)
[20.065s][debug  ][gc,heap        ] GC(9)   to   space 65536K, 0% used [0x00000000f8000000,0x00000000f8000000,0x00000000fc000000)
[20.065s][debug  ][gc,heap        ] GC(9)  ParOldGen       total 786432K, used 58057K [0x00000000c0000000, 0x00000000f0000000, 0x00000000f0000000)
[20.065s][debug  ][gc,heap        ] GC(9)   object space 786432K, 7% used [0x00000000c0000000,0x00000000c38b2720,0x00000000f0000000)
[20.065s][debug  ][gc,heap        ] GC(9)  Metaspace       used 1023K, committed 1216K, reserved 1056768K
[20.065s][debug  ][gc,heap        ] GC(9)   class space    used 83K, committed 192K, reserved 1048576K
[20.065s][debug  ][gc,task,time   ] GC(9) VM-Thread 200556024 200624161 200647296
[22.074s][debug  ][gc,heap        ] GC(10) Heap before GC invocations=11 (full 0):
[22.074s][debug  ][gc,heap        ] GC(10)  PSYoungGen      total 196608K, used 190002K [0x00000000f0000000, 0x0000000100000000, 0x0000000100000000)
[22.074s][debug  ][gc,heap        ] GC(10)   eden space 131072K, 99% used [0x00000000f0000000,0x00000000f7f8c6d0,0x00000000f8000000)
[22.074s][debug  ][gc,heap        ] GC(10)   from space 65536K, 90% used [0x00000000fc000000,0x00000000ffa003a0,0x0000000100000000)
[22.074s][debug  ][gc,heap        ] GC(10)   to   space 65536K, 0% used [0x00000000f8000000,0x00000000f8000000,0x00000000fc000000)
[22.074s][debug  ][gc,heap        ] GC(10)  ParOldGen       total 786432K, used 58057K [0x00000000c0000000, 0x00000000f0000000, 0x00000000f0000000)
[22.074s][debug  ][gc,heap        ] GC(10)   object space 786432K, 7% used [0x00000000c0000000,0x00000000c38b2720,0x00000000f0000000)
[22.075s][debug  ][gc,heap        ] GC(10)  Metaspace       used 1023K, committed 1216K, reserved 1056768K
[22.075s][debug  ][gc,heap        ] GC(10)   class space    used 83K, committed 192K, reserved 1048576K
[22.075s][debug  ][gc,tlab        ] GC(10) TLAB totals: thrds: 1  refills: 1 max: 1 slow allocs: 124 max 124 waste: 15.4% gc: 572088B max: 572088B slow: 0B max: 0B
[22.075s][info   ][gc,start       ] GC(10) Pause Young (Allocation Failure)
[22.075s][debug  ][gc,phases,start] GC(10) Scavenge
[22.085s][debug  ][gc,phases      ] GC(10) Scavenge 9.809ms
[22.085s][debug  ][gc,phases,start] GC(10) Reference Processing
[22.085s][debug  ][gc,ref         ] GC(10) Skipped phase 1 of Reference Processing: no references
[22.085s][debug  ][gc,ref         ] GC(10) Skipped phase 2 of Reference Processing: no references
[22.085s][debug  ][gc,ref         ] GC(10) Skipped phase 3 of Reference Processing: no references
[22.085s][debug  ][gc,ref         ] GC(10) Skipped phase 4 of Reference Processing: no references
[22.085s][debug  ][gc,phases,ref  ] GC(10) Reference Processing: 0.1ms
[22.085s][debug  ][gc,phases,ref  ] GC(10)   Reconsider SoftReferences: 0.0ms
[22.085s][debug  ][gc,phases,ref  ] GC(10)     SoftRef (ms):                  skipped
[22.085s][debug  ][gc,phases,ref  ] GC(10)   Notify Soft/WeakReferences: 0.0ms
[22.085s][debug  ][gc,phases,ref  ] GC(10)     SoftRef (ms):                  skipped
[22.085s][debug  ][gc,phases,ref  ] GC(10)     WeakRef (ms):                  skipped
[22.085s][debug  ][gc,phases,ref  ] GC(10)     FinalRef (ms):                 skipped
[22.085s][debug  ][gc,phases,ref  ] GC(10)     Total (ms):                    skipped
[22.085s][debug  ][gc,phases,ref  ] GC(10)   Notify and keep alive finalizable: 0.0ms
[22.085s][debug  ][gc,phases,ref  ] GC(10)     FinalRef (ms):                 skipped
[22.085s][debug  ][gc,phases,ref  ] GC(10)   Notify PhantomReferences: 0.0ms
[22.085s][debug  ][gc,phases,ref  ] GC(10)     PhantomRef (ms):               skipped
[22.085s][debug  ][gc,phases,ref  ] GC(10)   SoftReference:
[22.085s][debug  ][gc,phases,ref  ] GC(10)     Discovered: 0
[22.085s][debug  ][gc,phases,ref  ] GC(10)     Cleared: 0
[22.085s][debug  ][gc,phases,ref  ] GC(10)   WeakReference:
[22.085s][debug  ][gc,phases,ref  ] GC(10)     Discovered: 0
[22.085s][debug  ][gc,phases,ref  ] GC(10)     Cleared: 0
[22.085s][debug  ][gc,phases,ref  ] GC(10)   FinalReference:
[22.085s][debug  ][gc,phases,ref  ] GC(10)     Discovered: 0
[22.085s][debug  ][gc,phases,ref  ] GC(10)     Cleared: 0
[22.085s][debug  ][gc,phases,ref  ] GC(10)   PhantomReference:
[22.085s][debug  ][gc,phases,ref  ] GC(10)     Discovered: 0
[22.085s][debug  ][gc,phases,ref  ] GC(10)     Cleared: 0
[22.085s][debug  ][gc,phases      ] GC(10) Reference Processing 0.689ms
[22.085s][debug  ][gc,phases,start] GC(10) Weak Processing
[22.085s][debug  ][gc,phases      ] GC(10)   VM Weak                        Min:  0.0, Avg:  0.0, Max:  0.0, Diff:  0.0, Sum:  0.0, Workers: 6
[22.085s][debug  ][gc,phases      ] GC(10)     Dead                           Min: 0, Avg:  0.0, Max: 0, Diff: 0, Sum: 0, Workers: 6
[22.085s][debug  ][gc,phases      ] GC(10)     Total                          Min: 0, Avg:  1.3, Max: 8, Diff: 8, Sum: 8, Workers: 6
[22.085s][debug  ][gc,phases      ] GC(10)   ObjectSynchronizer Weak        Min:  0.0, Avg:  0.0, Max:  0.0, Diff:  0.0, Sum:  0.0, Workers: 6
[22.085s][debug  ][gc,phases      ] GC(10)     Dead                           Min: 0, Avg:  0.0, Max: 0, Diff: 0, Sum: 0, Workers: 6
[22.086s][debug  ][gc,phases      ] GC(10)     Total                          Min: 0, Avg:  0.5, Max: 3, Diff: 3, Sum: 3, Workers: 6
[22.086s][debug  ][gc,phases      ] GC(10)   JVMTI Tag Weak OopStorage      Min:  0.0, Avg:  0.0, Max:  0.0, Diff:  0.0, Sum:  0.0, Workers: 6
[22.086s][debug  ][gc,phases      ] GC(10)     Dead                           Min: 0, Avg:  0.0, Max: 0, Diff: 0, Sum: 0, Workers: 6
[22.086s][debug  ][gc,phases      ] GC(10)     Total                          Min: 0, Avg:  0.0, Max: 0, Diff: 0, Sum: 0, Workers: 6
[22.086s][debug  ][gc,phases      ] GC(10)   StringTable Weak               Min:  0.0, Avg:  0.0, Max:  0.0, Diff:  0.0, Sum:  0.1, Workers: 6
[22.086s][debug  ][gc,phases      ] GC(10)     Dead                           Min: 0, Avg:  0.0, Max: 0, Diff: 0, Sum: 0, Workers: 6
[22.086s][debug  ][gc,phases      ] GC(10)     Total                          Min: 704, Avg: 892.5, Max: 1067, Diff: 363, Sum: 5355, Workers: 6
[22.086s][debug  ][gc,phases      ] GC(10)   ResolvedMethodTable Weak       Min:  0.0, Avg:  0.0, Max:  0.0, Diff:  0.0, Sum:  0.0, Workers: 6
[22.086s][debug  ][gc,phases      ] GC(10)     Dead                           Min: 0, Avg:  0.0, Max: 0, Diff: 0, Sum: 0, Workers: 6
[22.086s][debug  ][gc,phases      ] GC(10)     Total                          Min: 0, Avg: 21.7, Max: 64, Diff: 64, Sum: 130, Workers: 6
[22.086s][debug  ][gc,phases      ] GC(10)   JNI Weak                       Min:  0.0, Avg:  0.0, Max:  0.0, Diff:  0.0, Sum:  0.0, Workers: 6
[22.086s][debug  ][gc,phases      ] GC(10)     Dead                           Min: 0, Avg:  0.0, Max: 0, Diff: 0, Sum: 0, Workers: 6
[22.086s][debug  ][gc,phases      ] GC(10)     Total                          Min: 0, Avg:  0.0, Max: 0, Diff: 0, Sum: 0, Workers: 6
[22.086s][debug  ][gc,phases      ] GC(10)   StringDedup Table Weak         Min:  0.0, Avg:  0.0, Max:  0.0, Diff:  0.0, Sum:  0.0, Workers: 6
[22.086s][debug  ][gc,phases      ] GC(10)     Dead                           Min: 0, Avg:  0.0, Max: 0, Diff: 0, Sum: 0, Workers: 6
[22.086s][debug  ][gc,phases      ] GC(10)     Total                          Min: 0, Avg:  0.0, Max: 0, Diff: 0, Sum: 0, Workers: 6
[22.086s][debug  ][gc,phases      ] GC(10)   StringDedup Requests0 Weak     Min:  0.0, Avg:  0.0, Max:  0.0, Diff:  0.0, Sum:  0.0, Workers: 6
[22.086s][debug  ][gc,phases      ] GC(10)     Dead                           Min: 0, Avg:  0.0, Max: 0, Diff: 0, Sum: 0, Workers: 6
[22.086s][debug  ][gc,phases      ] GC(10)     Total                          Min: 0, Avg:  0.0, Max: 0, Diff: 0, Sum: 0, Workers: 6
[22.086s][debug  ][gc,phases      ] GC(10)   StringDedup Requests1 Weak     Min:  0.0, Avg:  0.0, Max:  0.0, Diff:  0.0, Sum:  0.0, Workers: 6
[22.086s][debug  ][gc,phases      ] GC(10)     Dead                           Min: 0, Avg:  0.0, Max: 0, Diff: 0, Sum: 0, Workers: 6
[22.086s][debug  ][gc,phases      ] GC(10)     Total                          Min: 0, Avg:  0.0, Max: 0, Diff: 0, Sum: 0, Workers: 6
[22.086s][debug  ][gc,phases      ] GC(10)   Weak JFR Old Object Samples    Min:  0.0, Avg:  0.0, Max:  0.0, Diff:  0.0, Sum:  0.0, Workers: 6
[22.086s][debug  ][gc,phases      ] GC(10)     Dead                           Min: 0, Avg:  0.0, Max: 0, Diff: 0, Sum: 0, Workers: 6
[22.086s][debug  ][gc,phases      ] GC(10)     Total                          Min: 0, Avg:  0.0, Max: 0, Diff: 0, Sum: 0, Workers: 6
[22.086s][debug  ][gc,phases      ] GC(10) Weak Processing 0.933ms
[22.086s][debug  ][gc,ergo        ] GC(10) AdaptiveSizeStart:  collection: 11 
[22.086s][debug  ][gc,ergo        ] GC(10) avg_survived_padded_avg: 96598736.000000
[22.086s][debug  ][gc,ergo        ] GC(10) avg_promoted_padded_avg: 32599876.000000  avg_pretenured_padded_avg: 0.000000  tenuring_thresh: 1  target_size: 67108864
[22.086s][debug  ][gc,age         ] GC(10) Desired survivor size 67108864 bytes, new threshold 1 (max threshold 15)
[22.086s][debug  ][gc,ergo        ] GC(10) PSAdaptiveSizePolicy::compute_eden_space_size: costs minor_time: 0.004073 major_cost: 0.000000 mutator_cost: 0.995927 throughput_goal: 0.990000
[22.086s][debug  ][gc,ergo        ] GC(10) Live_space: 314793984 free_space: 265289728
[22.086s][debug  ][gc,ergo        ] GC(10) Old eden_size: 131072000 desired_eden_size: 131072000
[22.087s][debug  ][gc,ergo        ] GC(10) AdaptiveSizeStop: collection: 11 
[22.087s][info   ][gc,heap        ] GC(10) PSYoungGen: 190002K(196608K)->64512K(196608K) Eden: 130609K(131072K)->0K(131072K) From: 59392K(65536K)->64512K(65536K)
[22.087s][info   ][gc,heap        ] GC(10) ParOldGen: 58057K(786432K)->80586K(786432K)
[22.087s][info   ][gc,metaspace   ] GC(10) Metaspace: 1023K(1216K)->1023K(1216K) NonClass: 939K(1024K)->939K(1024K) Class: 83K(192K)->83K(192K)
[22.087s][info   ][gc             ] GC(10) Pause Young (Allocation Failure) 242M->141M(960M) 12.044ms
[22.087s][info   ][gc,cpu         ] GC(10) User=0.16s Sys=0.00s Real=0.01s
[22.087s][debug  ][gc,heap        ] GC(10) Heap after GC invocations=11 (full 0):
[22.087s][debug  ][gc,heap        ] GC(10)  PSYoungGen      total 196608K, used 64512K [0x00000000f0000000, 0x0000000100000000, 0x0000000100000000)
[22.087s][debug  ][gc,heap        ] GC(10)   eden space 131072K, 0% used [0x00000000f0000000,0x00000000f0000000,0x00000000f8000000)
[22.087s][debug  ][gc,heap        ] GC(10)   from space 65536K, 98% used [0x00000000f8000000,0x00000000fbf003f0,0x00000000fc000000)
[22.087s][debug  ][gc,heap        ] GC(10)   to   space 65536K, 0% used [0x00000000fc000000,0x00000000fc000000,0x0000000100000000)
[22.087s][debug  ][gc,heap        ] GC(10)  ParOldGen       total 786432K, used 80586K [0x00000000c0000000, 0x00000000f0000000, 0x00000000f0000000)
[22.087s][debug  ][gc,heap        ] GC(10)   object space 786432K, 10% used [0x00000000c0000000,0x00000000c4eb2880,0x00000000f0000000)
[22.087s][debug  ][gc,heap        ] GC(10)  Metaspace       used 1023K, committed 1216K, reserved 1056768K
[22.087s][debug  ][gc,heap        ] GC(10)   class space    used 83K, committed 192K, reserved 1048576K
[22.087s][debug  ][gc,task,time   ] GC(10) VM-Thread 220741786 220845959 220870373
[24.096s][debug  ][gc,heap        ] GC(11) Heap before GC invocations=12 (full 0):
[24.096s][debug  ][gc,heap        ] GC(11)  PSYoungGen      total 196608K, used 195123K [0x00000000f0000000, 0x0000000100000000, 0x0000000100000000)
[24.096s][debug  ][gc,heap        ] GC(11)   eden space 131072K, 99% used [0x00000000f0000000,0x00000000f7f8ca48,0x00000000f8000000)
[24.096s][debug  ][gc,heap        ] GC(11)   from space 65536K, 98% used [0x00000000f8000000,0x00000000fbf003f0,0x00000000fc000000)
[24.096s][debug  ][gc,heap        ] GC(11)   to   space 65536K, 0% used [0x00000000fc000000,0x00000000fc000000,0x0000000100000000)
[24.096s][debug  ][gc,heap        ] GC(11)  ParOldGen       total 786432K, used 80586K [0x00000000c0000000, 0x00000000f0000000, 0x00000000f0000000)
[24.096s][debug  ][gc,heap        ] GC(11)   object space 786432K, 10% used [0x00000000c0000000,0x00000000c4eb2880,0x00000000f0000000)
[24.096s][debug  ][gc,heap        ] GC(11)  Metaspace       used 1023K, committed 1216K, reserved 1056768K
[24.096s][debug  ][gc,heap        ] GC(11)   class space    used 83K, committed 192K, reserved 1048576K
[24.096s][debug  ][gc,tlab        ] GC(11) TLAB totals: thrds: 1  refills: 1 max: 1 slow allocs: 124 max 124 waste: 15.4% gc: 571912B max: 571912B slow: 0B max: 0B
[24.096s][info   ][gc,start       ] GC(11) Pause Young (Allocation Failure)
[24.096s][debug  ][gc,phases,start] GC(11) Scavenge
[24.097s][debug  ][gc,phases      ] GC(11) Scavenge 1.091ms
[24.097s][debug  ][gc,phases,start] GC(11) Reference Processing
[24.097s][debug  ][gc,ref         ] GC(11) Skipped phase 1 of Reference Processing: no references
[24.097s][debug  ][gc,ref         ] GC(11) Skipped phase 2 of Reference Processing: no references
[24.097s][debug  ][gc,ref         ] GC(11) Skipped phase 3 of Reference Processing: no references
[24.097s][debug  ][gc,ref         ] GC(11) Skipped phase 4 of Reference Processing: no references
[24.097s][debug  ][gc,phases,ref  ] GC(11) Reference Processing: 0.1ms
[24.097s][debug  ][gc,phases,ref  ] GC(11)   Reconsider SoftReferences: 0.0ms
[24.097s][debug  ][gc,phases,ref  ] GC(11)     SoftRef (ms):                  skipped
[24.097s][debug  ][gc,phases,ref  ] GC(11)   Notify Soft/WeakReferences: 0.0ms
[24.097s][debug  ][gc,phases,ref  ] GC(11)     SoftRef (ms):                  skipped
[24.097s][debug  ][gc,phases,ref  ] GC(11)     WeakRef (ms):                  skipped
[24.097s][debug  ][gc,phases,ref  ] GC(11)     FinalRef (ms):                 skipped
[24.097s][debug  ][gc,phases,ref  ] GC(11)     Total (ms):                    skipped
[24.098s][debug  ][gc,phases,ref  ] GC(11)   Notify and keep alive finalizable: 0.0ms
[24.098s][debug  ][gc,phases,ref  ] GC(11)     FinalRef (ms):                 skipped
[24.098s][debug  ][gc,phases,ref  ] GC(11)   Notify PhantomReferences: 0.0ms
[24.098s][debug  ][gc,phases,ref  ] GC(11)     PhantomRef (ms):               skipped
[24.098s][debug  ][gc,phases,ref  ] GC(11)   SoftReference:
[24.098s][debug  ][gc,phases,ref  ] GC(11)     Discovered: 0
[24.098s][debug  ][gc,phases,ref  ] GC(11)     Cleared: 0
[24.098s][debug  ][gc,phases,ref  ] GC(11)   WeakReference:
[24.098s][debug  ][gc,phases,ref  ] GC(11)     Discovered: 0
[24.098s][debug  ][gc,phases,ref  ] GC(11)     Cleared: 0
[24.098s][debug  ][gc,phases,ref  ] GC(11)   FinalReference:
[24.098s][debug  ][gc,phases,ref  ] GC(11)     Discovered: 0
[24.098s][debug  ][gc,phases,ref  ] GC(11)     Cleared: 0
[24.098s][debug  ][gc,phases,ref  ] GC(11)   PhantomReference:
[24.098s][debug  ][gc,phases,ref  ] GC(11)     Discovered: 0
[24.098s][debug  ][gc,phases,ref  ] GC(11)     Cleared: 0
[24.098s][debug  ][gc,phases      ] GC(11) Reference Processing 0.682ms
[24.098s][debug  ][gc,phases,start] GC(11) Weak Processing
[24.098s][debug  ][gc,phases      ] GC(11)   VM Weak                        Min:  0.0, Avg:  0.0, Max:  0.0, Diff:  0.0, Sum:  0.0, Workers: 6
[24.098s][debug  ][gc,phases      ] GC(11)     Dead                           Min: 0, Avg:  0.0, Max: 0, Diff: 0, Sum: 0, Workers: 6
[24.098s][debug  ][gc,phases      ] GC(11)     Total                          Min: 0, Avg:  1.3, Max: 8, Diff: 8, Sum: 8, Workers: 6
[24.098s][debug  ][gc,phases      ] GC(11)   ObjectSynchronizer Weak        Min:  0.0, Avg:  0.0, Max:  0.0, Diff:  0.0, Sum:  0.0, Workers: 6
[24.098s][debug  ][gc,phases      ] GC(11)     Dead                           Min: 0, Avg:  0.0, Max: 0, Diff: 0, Sum: 0, Workers: 6
[24.098s][debug  ][gc,phases      ] GC(11)     Total                          Min: 0, Avg:  0.5, Max: 3, Diff: 3, Sum: 3, Workers: 6
[24.098s][debug  ][gc,phases      ] GC(11)   JVMTI Tag Weak OopStorage      Min:  0.0, Avg:  0.0, Max:  0.0, Diff:  0.0, Sum:  0.0, Workers: 6
[24.098s][debug  ][gc,phases      ] GC(11)     Dead                           Min: 0, Avg:  0.0, Max: 0, Diff: 0, Sum: 0, Workers: 6
[24.098s][debug  ][gc,phases      ] GC(11)     Total                          Min: 0, Avg:  0.0, Max: 0, Diff: 0, Sum: 0, Workers: 6
[24.098s][debug  ][gc,phases      ] GC(11)   StringTable Weak               Min:  0.0, Avg:  0.0, Max:  0.0, Diff:  0.0, Sum:  0.0, Workers: 6
[24.098s][debug  ][gc,phases      ] GC(11)     Dead                           Min: 0, Avg:  0.0, Max: 0, Diff: 0, Sum: 0, Workers: 6
[24.098s][debug  ][gc,phases      ] GC(11)     Total                          Min: 768, Avg: 892.5, Max: 1152, Diff: 384, Sum: 5355, Workers: 6
[24.098s][debug  ][gc,phases      ] GC(11)   ResolvedMethodTable Weak       Min:  0.0, Avg:  0.0, Max:  0.0, Diff:  0.0, Sum:  0.0, Workers: 6
[24.098s][debug  ][gc,phases      ] GC(11)     Dead                           Min: 0, Avg:  0.0, Max: 0, Diff: 0, Sum: 0, Workers: 6
[24.098s][debug  ][gc,phases      ] GC(11)     Total                          Min: 0, Avg: 21.7, Max: 64, Diff: 64, Sum: 130, Workers: 6
[24.098s][debug  ][gc,phases      ] GC(11)   JNI Weak                       Min:  0.0, Avg:  0.0, Max:  0.0, Diff:  0.0, Sum:  0.0, Workers: 6
[24.098s][debug  ][gc,phases      ] GC(11)     Dead                           Min: 0, Avg:  0.0, Max: 0, Diff: 0, Sum: 0, Workers: 6
[24.098s][debug  ][gc,phases      ] GC(11)     Total                          Min: 0, Avg:  0.0, Max: 0, Diff: 0, Sum: 0, Workers: 6
[24.098s][debug  ][gc,phases      ] GC(11)   StringDedup Table Weak         Min:  0.0, Avg:  0.0, Max:  0.0, Diff:  0.0, Sum:  0.0, Workers: 6
[24.098s][debug  ][gc,phases      ] GC(11)     Dead                           Min: 0, Avg:  0.0, Max: 0, Diff: 0, Sum: 0, Workers: 6
[24.099s][debug  ][gc,phases      ] GC(11)     Total                          Min: 0, Avg:  0.0, Max: 0, Diff: 0, Sum: 0, Workers: 6
[24.099s][debug  ][gc,phases      ] GC(11)   StringDedup Requests0 Weak     Min:  0.0, Avg:  0.0, Max:  0.0, Diff:  0.0, Sum:  0.0, Workers: 6
[24.099s][debug  ][gc,phases      ] GC(11)     Dead                           Min: 0, Avg:  0.0, Max: 0, Diff: 0, Sum: 0, Workers: 6
[24.099s][debug  ][gc,phases      ] GC(11)     Total                          Min: 0, Avg:  0.0, Max: 0, Diff: 0, Sum: 0, Workers: 6
[24.099s][debug  ][gc,phases      ] GC(11)   StringDedup Requests1 Weak     Min:  0.0, Avg:  0.0, Max:  0.0, Diff:  0.0, Sum:  0.0, Workers: 6
[24.099s][debug  ][gc,phases      ] GC(11)     Dead                           Min: 0, Avg:  0.0, Max: 0, Diff: 0, Sum: 0, Workers: 6
[24.099s][debug  ][gc,phases      ] GC(11)     Total                          Min: 0, Avg:  0.0, Max: 0, Diff: 0, Sum: 0, Workers: 6
[24.099s][debug  ][gc,phases      ] GC(11)   Weak JFR Old Object Samples    Min:  0.0, Avg:  0.0, Max:  0.0, Diff:  0.0, Sum:  0.0, Workers: 6
[24.099s][debug  ][gc,phases      ] GC(11)     Dead                           Min: 0, Avg:  0.0, Max: 0, Diff: 0, Sum: 0, Workers: 6
[24.099s][debug  ][gc,phases      ] GC(11)     Total                          Min: 0, Avg:  0.0, Max: 0, Diff: 0, Sum: 0, Workers: 6
[24.099s][debug  ][gc,phases      ] GC(11) Weak Processing 0.876ms
[24.099s][debug  ][gc,ergo        ] GC(11) AdaptiveSizeStart:  collection: 12 
[24.099s][debug  ][gc,ergo        ] GC(11) avg_survived_padded_avg: 97316536.000000
[24.099s][debug  ][gc,ergo        ] GC(11) avg_promoted_padded_avg: 31829618.000000  avg_pretenured_padded_avg: 0.000000  tenuring_thresh: 1  target_size: 67108864
[24.099s][debug  ][gc,age         ] GC(11) Desired survivor size 67108864 bytes, new threshold 1 (max threshold 15)
[24.099s][debug  ][gc,ergo        ] GC(11) PSAdaptiveSizePolicy::compute_eden_space_size: costs minor_time: 0.003397 major_cost: 0.000000 mutator_cost: 0.996603 throughput_goal: 0.990000
[24.099s][debug  ][gc,ergo        ] GC(11) Live_space: 311416448 free_space: 265289728
[24.099s][debug  ][gc,ergo        ] GC(11) Old eden_size: 131072000 desired_eden_size: 131072000
[24.099s][debug  ][gc,ergo        ] GC(11) AdaptiveSizeStop: collection: 12 
[24.099s][info   ][gc,heap        ] GC(11) PSYoungGen: 195123K(196608K)->12288K(196608K) Eden: 130610K(131072K)->0K(131072K) From: 64512K(65536K)->12288K(65536K)
[24.099s][info   ][gc,heap        ] GC(11) ParOldGen: 80586K(786432K)->80586K(786432K)
[24.099s][info   ][gc,metaspace   ] GC(11) Metaspace: 1023K(1216K)->1023K(1216K) NonClass: 939K(1024K)->939K(1024K) Class: 83K(192K)->83K(192K)
[24.099s][info   ][gc             ] GC(11) Pause Young (Allocation Failure) 269M->90M(960M) 3.141ms
[24.099s][info   ][gc,cpu         ] GC(11) User=0.00s Sys=0.00s Real=0.00s
[24.099s][debug  ][gc,heap        ] GC(11) Heap after GC invocations=12 (full 0):
[24.099s][debug  ][gc,heap        ] GC(11)  PSYoungGen      total 196608K, used 12288K [0x00000000f0000000, 0x0000000100000000, 0x0000000100000000)
[24.099s][debug  ][gc,heap        ] GC(11)   eden space 131072K, 0% used [0x00000000f0000000,0x00000000f0000000,0x00000000f8000000)
[24.099s][debug  ][gc,heap        ] GC(11)   from space 65536K, 18% used [0x00000000fc000000,0x00000000fcc000c0,0x0000000100000000)
[24.099s][debug  ][gc,heap        ] GC(11)   to   space 65536K, 0% used [0x00000000f8000000,0x00000000f8000000,0x00000000fc000000)
[24.099s][debug  ][gc,heap        ] GC(11)  ParOldGen       total 786432K, used 80586K [0x00000000c0000000, 0x00000000f0000000, 0x00000000f0000000)
[24.099s][debug  ][gc,heap        ] GC(11)   object space 786432K, 10% used [0x00000000c0000000,0x00000000c4eb2880,0x00000000f0000000)
[24.099s][debug  ][gc,heap        ] GC(11)  Metaspace       used 1023K, committed 1216K, reserved 1056768K
[24.099s][debug  ][gc,heap        ] GC(11)   class space    used 83K, committed 192K, reserved 1048576K
[24.099s][debug  ][gc,task,time   ] GC(11) VM-Thread 240955972 240971897 240994458
[26.100s][debug  ][gc,heap        ] GC(12) Heap before GC invocations=13 (full 0):
[26.100s][debug  ][gc,heap        ] GC(12)  PSYoungGen      total 196608K, used 142899K [0x00000000f0000000, 0x0000000100000000, 0x0000000100000000)
[26.100s][debug  ][gc,heap        ] GC(12)   eden space 131072K, 99% used [0x00000000f0000000,0x00000000f7f8cc80,0x00000000f8000000)
[26.100s][debug  ][gc,heap        ] GC(12)   from space 65536K, 18% used [0x00000000fc000000,0x00000000fcc000c0,0x0000000100000000)
[26.100s][debug  ][gc,heap        ] GC(12)   to   space 65536K, 0% used [0x00000000f8000000,0x00000000f8000000,0x00000000fc000000)
[26.100s][debug  ][gc,heap        ] GC(12)  ParOldGen       total 786432K, used 80586K [0x00000000c0000000, 0x00000000f0000000, 0x00000000f0000000)
[26.100s][debug  ][gc,heap        ] GC(12)   object space 786432K, 10% used [0x00000000c0000000,0x00000000c4eb2880,0x00000000f0000000)
[26.100s][debug  ][gc,heap        ] GC(12)  Metaspace       used 1023K, committed 1216K, reserved 1056768K
[26.100s][debug  ][gc,heap        ] GC(12)   class space    used 83K, committed 192K, reserved 1048576K
[26.100s][debug  ][gc,tlab        ] GC(12) TLAB totals: thrds: 1  refills: 1 max: 1 slow allocs: 124 max 124 waste: 15.4% gc: 573544B max: 573544B slow: 0B max: 0B
[26.100s][info   ][gc,start       ] GC(12) Pause Young (Allocation Failure)
[26.101s][debug  ][gc,phases,start] GC(12) Scavenge
[26.104s][debug  ][gc,phases      ] GC(12) Scavenge 3.874ms
[26.105s][debug  ][gc,phases,start] GC(12) Reference Processing
[26.105s][debug  ][gc,ref         ] GC(12) Skipped phase 1 of Reference Processing: no references
[26.105s][debug  ][gc,ref         ] GC(12) Skipped phase 2 of Reference Processing: no references
[26.105s][debug  ][gc,ref         ] GC(12) Skipped phase 3 of Reference Processing: no references
[26.105s][debug  ][gc,ref         ] GC(12) Skipped phase 4 of Reference Processing: no references
[26.105s][debug  ][gc,phases,ref  ] GC(12) Reference Processing: 0.1ms
[26.105s][debug  ][gc,phases,ref  ] GC(12)   Reconsider SoftReferences: 0.0ms
[26.105s][debug  ][gc,phases,ref  ] GC(12)     SoftRef (ms):                  skipped
[26.105s][debug  ][gc,phases,ref  ] GC(12)   Notify Soft/WeakReferences: 0.0ms
[26.105s][debug  ][gc,phases,ref  ] GC(12)     SoftRef (ms):                  skipped
[26.105s][debug  ][gc,phases,ref  ] GC(12)     WeakRef (ms):                  skipped
[26.105s][debug  ][gc,phases,ref  ] GC(12)     FinalRef (ms):                 skipped
[26.105s][debug  ][gc,phases,ref  ] GC(12)     Total (ms):                    skipped
[26.105s][debug  ][gc,phases,ref  ] GC(12)   Notify and keep alive finalizable: 0.0ms
[26.105s][debug  ][gc,phases,ref  ] GC(12)     FinalRef (ms):                 skipped
[26.105s][debug  ][gc,phases,ref  ] GC(12)   Notify PhantomReferences: 0.0ms
[26.105s][debug  ][gc,phases,ref  ] GC(12)     PhantomRef (ms):               skipped
[26.105s][debug  ][gc,phases,ref  ] GC(12)   SoftReference:
[26.105s][debug  ][gc,phases,ref  ] GC(12)     Discovered: 0
[26.105s][debug  ][gc,phases,ref  ] GC(12)     Cleared: 0
[26.105s][debug  ][gc,phases,ref  ] GC(12)   WeakReference:
[26.105s][debug  ][gc,phases,ref  ] GC(12)     Discovered: 0
[26.105s][debug  ][gc,phases,ref  ] GC(12)     Cleared: 0
[26.105s][debug  ][gc,phases,ref  ] GC(12)   FinalReference:
[26.105s][debug  ][gc,phases,ref  ] GC(12)     Discovered: 0
[26.105s][debug  ][gc,phases,ref  ] GC(12)     Cleared: 0
[26.105s][debug  ][gc,phases,ref  ] GC(12)   PhantomReference:
[26.105s][debug  ][gc,phases,ref  ] GC(12)     Discovered: 0
[26.105s][debug  ][gc,phases,ref  ] GC(12)     Cleared: 0
[26.105s][debug  ][gc,phases      ] GC(12) Reference Processing 0.717ms
[26.105s][debug  ][gc,phases,start] GC(12) Weak Processing
[26.105s][debug  ][gc,phases      ] GC(12)   VM Weak                        Min:  0.0, Avg:  0.0, Max:  0.0, Diff:  0.0, Sum:  0.0, Workers: 6
[26.105s][debug  ][gc,phases      ] GC(12)     Dead                           Min: 0, Avg:  0.0, Max: 0, Diff: 0, Sum: 0, Workers: 6
[26.105s][debug  ][gc,phases      ] GC(12)     Total                          Min: 0, Avg:  1.3, Max: 8, Diff: 8, Sum: 8, Workers: 6
[26.105s][debug  ][gc,phases      ] GC(12)   ObjectSynchronizer Weak        Min:  0.0, Avg:  0.0, Max:  0.0, Diff:  0.0, Sum:  0.0, Workers: 6
[26.106s][debug  ][gc,phases      ] GC(12)     Dead                           Min: 0, Avg:  0.0, Max: 0, Diff: 0, Sum: 0, Workers: 6
[26.106s][debug  ][gc,phases      ] GC(12)     Total                          Min: 0, Avg:  0.5, Max: 3, Diff: 3, Sum: 3, Workers: 6
[26.106s][debug  ][gc,phases      ] GC(12)   JVMTI Tag Weak OopStorage      Min:  0.0, Avg:  0.0, Max:  0.0, Diff:  0.0, Sum:  0.0, Workers: 6
[26.106s][debug  ][gc,phases      ] GC(12)     Dead                           Min: 0, Avg:  0.0, Max: 0, Diff: 0, Sum: 0, Workers: 6
[26.106s][debug  ][gc,phases      ] GC(12)     Total                          Min: 0, Avg:  0.0, Max: 0, Diff: 0, Sum: 0, Workers: 6
[26.106s][debug  ][gc,phases      ] GC(12)   StringTable Weak               Min:  0.0, Avg:  0.0, Max:  0.0, Diff:  0.0, Sum:  0.0, Workers: 6
[26.106s][debug  ][gc,phases      ] GC(12)     Dead                           Min: 0, Avg:  0.0, Max: 0, Diff: 0, Sum: 0, Workers: 6
[26.106s][debug  ][gc,phases      ] GC(12)     Total                          Min: 768, Avg: 892.5, Max: 1088, Diff: 320, Sum: 5355, Workers: 6
[26.106s][debug  ][gc,phases      ] GC(12)   ResolvedMethodTable Weak       Min:  0.0, Avg:  0.0, Max:  0.0, Diff:  0.0, Sum:  0.0, Workers: 6
[26.106s][debug  ][gc,phases      ] GC(12)     Dead                           Min: 0, Avg:  0.0, Max: 0, Diff: 0, Sum: 0, Workers: 6
[26.106s][debug  ][gc,phases      ] GC(12)     Total                          Min: 0, Avg: 21.7, Max: 64, Diff: 64, Sum: 130, Workers: 6
[26.106s][debug  ][gc,phases      ] GC(12)   JNI Weak                       Min:  0.0, Avg:  0.0, Max:  0.0, Diff:  0.0, Sum:  0.0, Workers: 6
[26.106s][debug  ][gc,phases      ] GC(12)     Dead                           Min: 0, Avg:  0.0, Max: 0, Diff: 0, Sum: 0, Workers: 6
[26.106s][debug  ][gc,phases      ] GC(12)     Total                          Min: 0, Avg:  0.0, Max: 0, Diff: 0, Sum: 0, Workers: 6
[26.106s][debug  ][gc,phases      ] GC(12)   StringDedup Table Weak         Min:  0.0, Avg:  0.0, Max:  0.0, Diff:  0.0, Sum:  0.0, Workers: 6
[26.106s][debug  ][gc,phases      ] GC(12)     Dead                           Min: 0, Avg:  0.0, Max: 0, Diff: 0, Sum: 0, Workers: 6
[26.106s][debug  ][gc,phases      ] GC(12)     Total                          Min: 0, Avg:  0.0, Max: 0, Diff: 0, Sum: 0, Workers: 6
[26.106s][debug  ][gc,phases      ] GC(12)   StringDedup Requests0 Weak     Min:  0.0, Avg:  0.0, Max:  0.0, Diff:  0.0, Sum:  0.0, Workers: 6
[26.106s][debug  ][gc,phases      ] GC(12)     Dead                           Min: 0, Avg:  0.0, Max: 0, Diff: 0, Sum: 0, Workers: 6
[26.106s][debug  ][gc,phases      ] GC(12)     Total                          Min: 0, Avg:  0.0, Max: 0, Diff: 0, Sum: 0, Workers: 6
[26.106s][debug  ][gc,phases      ] GC(12)   StringDedup Requests1 Weak     Min:  0.0, Avg:  0.0, Max:  0.0, Diff:  0.0, Sum:  0.0, Workers: 6
[26.106s][debug  ][gc,phases      ] GC(12)     Dead                           Min: 0, Avg:  0.0, Max: 0, Diff: 0, Sum: 0, Workers: 6
[26.106s][debug  ][gc,phases      ] GC(12)     Total                          Min: 0, Avg:  0.0, Max: 0, Diff: 0, Sum: 0, Workers: 6
[26.106s][debug  ][gc,phases      ] GC(12)   Weak JFR Old Object Samples    Min:  0.0, Avg:  0.0, Max:  0.0, Diff:  0.0, Sum:  0.0, Workers: 6
[26.106s][debug  ][gc,phases      ] GC(12)     Dead                           Min: 0, Avg:  0.0, Max: 0, Diff: 0, Sum: 0, Workers: 6
[26.106s][debug  ][gc,phases      ] GC(12)     Total                          Min: 0, Avg:  0.0, Max: 0, Diff: 0, Sum: 0, Workers: 6
[26.106s][debug  ][gc,phases      ] GC(12) Weak Processing 0.903ms
[26.106s][debug  ][gc,ergo        ] GC(12) AdaptiveSizeStart:  collection: 13 
[26.106s][debug  ][gc,ergo        ] GC(12) avg_survived_padded_avg: 92237584.000000
[26.106s][debug  ][gc,ergo        ] GC(12) avg_promoted_padded_avg: 31136386.000000  avg_pretenured_padded_avg: 0.000000  tenuring_thresh: 1  target_size: 67108864
[26.106s][debug  ][gc,age         ] GC(12) Desired survivor size 67108864 bytes, new threshold 1 (max threshold 15)
[26.106s][debug  ][gc,ergo        ] GC(12) PSAdaptiveSizePolicy::compute_eden_space_size: costs minor_time: 0.003257 major_cost: 0.000000 mutator_cost: 0.996743 throughput_goal: 0.990000
[26.106s][debug  ][gc,ergo        ] GC(12) Live_space: 311207840 free_space: 265289728
[26.106s][debug  ][gc,ergo        ] GC(12) Old eden_size: 131072000 desired_eden_size: 131072000
[26.106s][debug  ][gc,ergo        ] GC(12) AdaptiveSizeStop: collection: 13 
[26.106s][info   ][gc,heap        ] GC(12) PSYoungGen: 142899K(196608K)->39936K(196608K) Eden: 130611K(131072K)->0K(131072K) From: 12288K(65536K)->39936K(65536K)
[26.106s][info   ][gc,heap        ] GC(12) ParOldGen: 80586K(786432K)->80586K(786432K)
[26.107s][info   ][gc,metaspace   ] GC(12) Metaspace: 1023K(1216K)->1023K(1216K) NonClass: 939K(1024K)->939K(1024K) Class: 83K(192K)->83K(192K)
[26.107s][info   ][gc             ] GC(12) Pause Young (Allocation Failure) 218M->117M(960M) 6.146ms
[26.107s][info   ][gc,cpu         ] GC(12) User=0.00s Sys=0.00s Real=0.01s
[26.107s][debug  ][gc,heap        ] GC(12) Heap after GC invocations=13 (full 0):
[26.107s][debug  ][gc,heap        ] GC(12)  PSYoungGen      total 196608K, used 39936K [0x00000000f0000000, 0x0000000100000000, 0x0000000100000000)
[26.107s][debug  ][gc,heap        ] GC(12)   eden space 131072K, 0% used [0x00000000f0000000,0x00000000f0000000,0x00000000f8000000)
[26.107s][debug  ][gc,heap        ] GC(12)   from space 65536K, 60% used [0x00000000f8000000,0x00000000fa700270,0x00000000fc000000)
[26.107s][debug  ][gc,heap        ] GC(12)   to   space 65536K, 0% used [0x00000000fc000000,0x00000000fc000000,0x0000000100000000)
[26.107s][debug  ][gc,heap        ] GC(12)  ParOldGen       total 786432K, used 80586K [0x00000000c0000000, 0x00000000f0000000, 0x00000000f0000000)
[26.107s][debug  ][gc,heap        ] GC(12)   object space 786432K, 10% used [0x00000000c0000000,0x00000000c4eb2880,0x00000000f0000000)
[26.107s][debug  ][gc,heap        ] GC(12)  Metaspace       used 1023K, committed 1216K, reserved 1056768K
[26.107s][debug  ][gc,heap        ] GC(12)   class space    used 83K, committed 192K, reserved 1048576K
[26.107s][debug  ][gc,task,time   ] GC(12) VM-Thread 261001074 261045775 261069379
[28.129s][debug  ][gc,heap        ] GC(13) Heap before GC invocations=14 (full 0):
[28.129s][debug  ][gc,heap        ] GC(13)  PSYoungGen      total 196608K, used 170548K [0x00000000f0000000, 0x0000000100000000, 0x0000000100000000)
[28.129s][debug  ][gc,heap        ] GC(13)   eden space 131072K, 99% used [0x00000000f0000000,0x00000000f7f8cdf8,0x00000000f8000000)
[28.129s][debug  ][gc,heap        ] GC(13)   from space 65536K, 60% used [0x00000000f8000000,0x00000000fa700270,0x00000000fc000000)
[28.129s][debug  ][gc,heap        ] GC(13)   to   space 65536K, 0% used [0x00000000fc000000,0x00000000fc000000,0x0000000100000000)
[28.129s][debug  ][gc,heap        ] GC(13)  ParOldGen       total 786432K, used 80586K [0x00000000c0000000, 0x00000000f0000000, 0x00000000f0000000)
[28.129s][debug  ][gc,heap        ] GC(13)   object space 786432K, 10% used [0x00000000c0000000,0x00000000c4eb2880,0x00000000f0000000)
[28.129s][debug  ][gc,heap        ] GC(13)  Metaspace       used 1024K, committed 1216K, reserved 1056768K
[28.129s][debug  ][gc,heap        ] GC(13)   class space    used 83K, committed 192K, reserved 1048576K
[28.129s][debug  ][gc,tlab        ] GC(13) TLAB totals: thrds: 1  refills: 1 max: 1 slow allocs: 124 max 124 waste: 15.4% gc: 573920B max: 573920B slow: 0B max: 0B
[28.129s][info   ][gc,start       ] GC(13) Pause Young (Allocation Failure)
[28.129s][debug  ][gc,phases,start] GC(13) Scavenge
[28.137s][debug  ][gc,phases      ] GC(13) Scavenge 7.489ms
[28.137s][debug  ][gc,phases,start] GC(13) Reference Processing
[28.137s][debug  ][gc,ref         ] GC(13) Skipped phase 1 of Reference Processing: no references
[28.137s][debug  ][gc,ref         ] GC(13) Skipped phase 2 of Reference Processing: no references
[28.137s][debug  ][gc,ref         ] GC(13) Skipped phase 3 of Reference Processing: no references
[28.137s][debug  ][gc,ref         ] GC(13) Skipped phase 4 of Reference Processing: no references
[28.137s][debug  ][gc,phases,ref  ] GC(13) Reference Processing: 0.1ms
[28.137s][debug  ][gc,phases,ref  ] GC(13)   Reconsider SoftReferences: 0.0ms
[28.137s][debug  ][gc,phases,ref  ] GC(13)     SoftRef (ms):                  skipped
[28.137s][debug  ][gc,phases,ref  ] GC(13)   Notify Soft/WeakReferences: 0.0ms
[28.137s][debug  ][gc,phases,ref  ] GC(13)     SoftRef (ms):                  skipped
[28.137s][debug  ][gc,phases,ref  ] GC(13)     WeakRef (ms):                  skipped
[28.137s][debug  ][gc,phases,ref  ] GC(13)     FinalRef (ms):                 skipped
[28.137s][debug  ][gc,phases,ref  ] GC(13)     Total (ms):                    skipped
[28.137s][debug  ][gc,phases,ref  ] GC(13)   Notify and keep alive finalizable: 0.0ms
[28.137s][debug  ][gc,phases,ref  ] GC(13)     FinalRef (ms):                 skipped
[28.137s][debug  ][gc,phases,ref  ] GC(13)   Notify PhantomReferences: 0.0ms
[28.137s][debug  ][gc,phases,ref  ] GC(13)     PhantomRef (ms):               skipped
[28.137s][debug  ][gc,phases,ref  ] GC(13)   SoftReference:
[28.137s][debug  ][gc,phases,ref  ] GC(13)     Discovered: 0
[28.137s][debug  ][gc,phases,ref  ] GC(13)     Cleared: 0
[28.137s][debug  ][gc,phases,ref  ] GC(13)   WeakReference:
[28.137s][debug  ][gc,phases,ref  ] GC(13)     Discovered: 0
[28.137s][debug  ][gc,phases,ref  ] GC(13)     Cleared: 0
[28.137s][debug  ][gc,phases,ref  ] GC(13)   FinalReference:
[28.137s][debug  ][gc,phases,ref  ] GC(13)     Discovered: 0
[28.137s][debug  ][gc,phases,ref  ] GC(13)     Cleared: 0
[28.137s][debug  ][gc,phases,ref  ] GC(13)   PhantomReference:
[28.137s][debug  ][gc,phases,ref  ] GC(13)     Discovered: 0
[28.137s][debug  ][gc,phases,ref  ] GC(13)     Cleared: 0
[28.137s][debug  ][gc,phases      ] GC(13) Reference Processing 0.688ms
[28.138s][debug  ][gc,phases,start] GC(13) Weak Processing
[28.138s][debug  ][gc,phases      ] GC(13)   VM Weak                        Min:  0.0, Avg:  0.0, Max:  0.0, Diff:  0.0, Sum:  0.0, Workers: 6
[28.138s][debug  ][gc,phases      ] GC(13)     Dead                           Min: 0, Avg:  0.0, Max: 0, Diff: 0, Sum: 0, Workers: 6
[28.138s][debug  ][gc,phases      ] GC(13)     Total                          Min: 0, Avg:  1.3, Max: 8, Diff: 8, Sum: 8, Workers: 6
[28.138s][debug  ][gc,phases      ] GC(13)   ObjectSynchronizer Weak        Min:  0.0, Avg:  0.0, Max:  0.0, Diff:  0.0, Sum:  0.0, Workers: 6
[28.138s][debug  ][gc,phases      ] GC(13)     Dead                           Min: 0, Avg:  0.0, Max: 0, Diff: 0, Sum: 0, Workers: 6
[28.138s][debug  ][gc,phases      ] GC(13)     Total                          Min: 0, Avg:  0.5, Max: 3, Diff: 3, Sum: 3, Workers: 6
[28.138s][debug  ][gc,phases      ] GC(13)   JVMTI Tag Weak OopStorage      Min:  0.0, Avg:  0.0, Max:  0.0, Diff:  0.0, Sum:  0.0, Workers: 6
[28.138s][debug  ][gc,phases      ] GC(13)     Dead                           Min: 0, Avg:  0.0, Max: 0, Diff: 0, Sum: 0, Workers: 6
[28.138s][debug  ][gc,phases      ] GC(13)     Total                          Min: 0, Avg:  0.0, Max: 0, Diff: 0, Sum: 0, Workers: 6
[28.138s][debug  ][gc,phases      ] GC(13)   StringTable Weak               Min:  0.0, Avg:  0.0, Max:  0.0, Diff:  0.0, Sum:  0.0, Workers: 6
[28.138s][debug  ][gc,phases      ] GC(13)     Dead                           Min: 0, Avg:  0.0, Max: 0, Diff: 0, Sum: 0, Workers: 6
[28.138s][debug  ][gc,phases      ] GC(13)     Total                          Min: 704, Avg: 892.5, Max: 1131, Diff: 427, Sum: 5355, Workers: 6
[28.138s][debug  ][gc,phases      ] GC(13)   ResolvedMethodTable Weak       Min:  0.0, Avg:  0.0, Max:  0.0, Diff:  0.0, Sum:  0.0, Workers: 6
[28.138s][debug  ][gc,phases      ] GC(13)     Dead                           Min: 0, Avg:  0.0, Max: 0, Diff: 0, Sum: 0, Workers: 6
[28.138s][debug  ][gc,phases      ] GC(13)     Total                          Min: 0, Avg: 21.7, Max: 64, Diff: 64, Sum: 130, Workers: 6
[28.138s][debug  ][gc,phases      ] GC(13)   JNI Weak                       Min:  0.0, Avg:  0.0, Max:  0.0, Diff:  0.0, Sum:  0.0, Workers: 6
[28.138s][debug  ][gc,phases      ] GC(13)     Dead                           Min: 0, Avg:  0.0, Max: 0, Diff: 0, Sum: 0, Workers: 6
[28.138s][debug  ][gc,phases      ] GC(13)     Total                          Min: 0, Avg:  0.0, Max: 0, Diff: 0, Sum: 0, Workers: 6
[28.138s][debug  ][gc,phases      ] GC(13)   StringDedup Table Weak         Min:  0.0, Avg:  0.0, Max:  0.0, Diff:  0.0, Sum:  0.0, Workers: 6
[28.138s][debug  ][gc,phases      ] GC(13)     Dead                           Min: 0, Avg:  0.0, Max: 0, Diff: 0, Sum: 0, Workers: 6
[28.138s][debug  ][gc,phases      ] GC(13)     Total                          Min: 0, Avg:  0.0, Max: 0, Diff: 0, Sum: 0, Workers: 6
[28.138s][debug  ][gc,phases      ] GC(13)   StringDedup Requests0 Weak     Min:  0.0, Avg:  0.0, Max:  0.0, Diff:  0.0, Sum:  0.0, Workers: 6
[28.138s][debug  ][gc,phases      ] GC(13)     Dead                           Min: 0, Avg:  0.0, Max: 0, Diff: 0, Sum: 0, Workers: 6
[28.138s][debug  ][gc,phases      ] GC(13)     Total                          Min: 0, Avg:  0.0, Max: 0, Diff: 0, Sum: 0, Workers: 6
[28.138s][debug  ][gc,phases      ] GC(13)   StringDedup Requests1 Weak     Min:  0.0, Avg:  0.0, Max:  0.0, Diff:  0.0, Sum:  0.0, Workers: 6
[28.138s][debug  ][gc,phases      ] GC(13)     Dead                           Min: 0, Avg:  0.0, Max: 0, Diff: 0, Sum: 0, Workers: 6
[28.138s][debug  ][gc,phases      ] GC(13)     Total                          Min: 0, Avg:  0.0, Max: 0, Diff: 0, Sum: 0, Workers: 6
[28.138s][debug  ][gc,phases      ] GC(13)   Weak JFR Old Object Samples    Min:  0.0, Avg:  0.0, Max:  0.0, Diff:  0.0, Sum:  0.0, Workers: 6
[28.138s][debug  ][gc,phases      ] GC(13)     Dead                           Min: 0, Avg:  0.0, Max: 0, Diff: 0, Sum: 0, Workers: 6
[28.138s][debug  ][gc,phases      ] GC(13)     Total                          Min: 0, Avg:  0.0, Max: 0, Diff: 0, Sum: 0, Workers: 6
[28.138s][debug  ][gc,phases      ] GC(13) Weak Processing 0.800ms
[28.138s][debug  ][gc,ergo        ] GC(13) AdaptiveSizeStart:  collection: 14 
[28.138s][debug  ][gc,ergo        ] GC(13) avg_survived_padded_avg: 95907952.000000
[28.138s][debug  ][gc,ergo        ] GC(13) avg_promoted_padded_avg: 29172520.000000  avg_pretenured_padded_avg: 0.000000  tenuring_thresh: 1  target_size: 67108864
[28.138s][debug  ][gc,age         ] GC(13) Desired survivor size 67108864 bytes, new threshold 1 (max threshold 15)
[28.138s][debug  ][gc,ergo        ] GC(13) PSAdaptiveSizePolicy::compute_eden_space_size: costs minor_time: 0.003564 major_cost: 0.000000 mutator_cost: 0.996436 throughput_goal: 0.990000
[28.138s][debug  ][gc,ergo        ] GC(13) Live_space: 313536736 free_space: 265289728
[28.138s][debug  ][gc,ergo        ] GC(13) Old eden_size: 131072000 desired_eden_size: 131072000
[28.138s][debug  ][gc,ergo        ] GC(13) AdaptiveSizeStop: collection: 14 
[28.139s][info   ][gc,heap        ] GC(13) PSYoungGen: 170548K(196608K)->64512K(196608K) Eden: 130611K(131072K)->0K(131072K) From: 39936K(65536K)->64512K(65536K)
[28.139s][info   ][gc,heap        ] GC(13) ParOldGen: 80586K(786432K)->83658K(786432K)
[28.139s][info   ][gc,metaspace   ] GC(13) Metaspace: 1024K(1216K)->1024K(1216K) NonClass: 940K(1024K)->940K(1024K) Class: 83K(192K)->83K(192K)
[28.139s][info   ][gc             ] GC(13) Pause Young (Allocation Failure) 245M->144M(960M) 9.506ms
[28.139s][info   ][gc,cpu         ] GC(13) User=0.00s Sys=0.02s Real=0.01s
[28.139s][debug  ][gc,heap        ] GC(13) Heap after GC invocations=14 (full 0):
[28.139s][debug  ][gc,heap        ] GC(13)  PSYoungGen      total 196608K, used 64512K [0x00000000f0000000, 0x0000000100000000, 0x0000000100000000)
[28.139s][debug  ][gc,heap        ] GC(13)   eden space 131072K, 0% used [0x00000000f0000000,0x00000000f0000000,0x00000000f8000000)
[28.139s][debug  ][gc,heap        ] GC(13)   from space 65536K, 98% used [0x00000000fc000000,0x00000000fff003f0,0x0000000100000000)
[28.139s][debug  ][gc,heap        ] GC(13)   to   space 65536K, 0% used [0x00000000f8000000,0x00000000f8000000,0x00000000fc000000)
[28.139s][debug  ][gc,heap        ] GC(13)  ParOldGen       total 786432K, used 83658K [0x00000000c0000000, 0x00000000f0000000, 0x00000000f0000000)
[28.139s][debug  ][gc,heap        ] GC(13)   object space 786432K, 10% used [0x00000000c0000000,0x00000000c51b28b0,0x00000000f0000000)
[28.139s][debug  ][gc,heap        ] GC(13)  Metaspace       used 1024K, committed 1216K, reserved 1056768K
[28.139s][debug  ][gc,heap        ] GC(13)   class space    used 83K, committed 192K, reserved 1048576K
[28.139s][debug  ][gc,task,time   ] GC(13) VM-Thread 281286075 281367942 281389760
[30.154s][debug  ][gc,heap        ] GC(14) Heap before GC invocations=15 (full 0):
[30.154s][debug  ][gc,heap        ] GC(14)  PSYoungGen      total 196608K, used 195124K [0x00000000f0000000, 0x0000000100000000, 0x0000000100000000)
[30.154s][debug  ][gc,heap        ] GC(14)   eden space 131072K, 99% used [0x00000000f0000000,0x00000000f7f8cee0,0x00000000f8000000)
[30.154s][debug  ][gc,heap        ] GC(14)   from space 65536K, 98% used [0x00000000fc000000,0x00000000fff003f0,0x0000000100000000)
[30.154s][debug  ][gc,heap        ] GC(14)   to   space 65536K, 0% used [0x00000000f8000000,0x00000000f8000000,0x00000000fc000000)
[30.154s][debug  ][gc,heap        ] GC(14)  ParOldGen       total 786432K, used 83658K [0x00000000c0000000, 0x00000000f0000000, 0x00000000f0000000)
[30.154s][debug  ][gc,heap        ] GC(14)   object space 786432K, 10% used [0x00000000c0000000,0x00000000c51b28b0,0x00000000f0000000)
[30.154s][debug  ][gc,heap        ] GC(14)  Metaspace       used 1024K, committed 1216K, reserved 1056768K
[30.154s][debug  ][gc,heap        ] GC(14)   class space    used 83K, committed 192K, reserved 1048576K
[30.154s][debug  ][gc,tlab        ] GC(14) TLAB totals: thrds: 1  refills: 1 max: 1 slow allocs: 124 max 124 waste: 15.4% gc: 574152B max: 574152B slow: 0B max: 0B
[30.154s][info   ][gc,start       ] GC(14) Pause Young (Allocation Failure)
[30.154s][debug  ][gc,phases,start] GC(14) Scavenge
[30.165s][debug  ][gc,phases      ] GC(14) Scavenge 10.441ms
[30.165s][debug  ][gc,phases,start] GC(14) Reference Processing
[30.165s][debug  ][gc,ref         ] GC(14) Skipped phase 1 of Reference Processing: no references
[30.165s][debug  ][gc,ref         ] GC(14) Skipped phase 2 of Reference Processing: no references
[30.165s][debug  ][gc,ref         ] GC(14) Skipped phase 3 of Reference Processing: no references
[30.165s][debug  ][gc,ref         ] GC(14) Skipped phase 4 of Reference Processing: no references
[30.165s][debug  ][gc,phases,ref  ] GC(14) Reference Processing: 0.1ms
[30.165s][debug  ][gc,phases,ref  ] GC(14)   Reconsider SoftReferences: 0.0ms
[30.165s][debug  ][gc,phases,ref  ] GC(14)     SoftRef (ms):                  skipped
[30.165s][debug  ][gc,phases,ref  ] GC(14)   Notify Soft/WeakReferences: 0.0ms
[30.165s][debug  ][gc,phases,ref  ] GC(14)     SoftRef (ms):                  skipped
[30.165s][debug  ][gc,phases,ref  ] GC(14)     WeakRef (ms):                  skipped
[30.165s][debug  ][gc,phases,ref  ] GC(14)     FinalRef (ms):                 skipped
[30.165s][debug  ][gc,phases,ref  ] GC(14)     Total (ms):                    skipped
[30.165s][debug  ][gc,phases,ref  ] GC(14)   Notify and keep alive finalizable: 0.0ms
[30.165s][debug  ][gc,phases,ref  ] GC(14)     FinalRef (ms):                 skipped
[30.165s][debug  ][gc,phases,ref  ] GC(14)   Notify PhantomReferences: 0.0ms
[30.165s][debug  ][gc,phases,ref  ] GC(14)     PhantomRef (ms):               skipped
[30.165s][debug  ][gc,phases,ref  ] GC(14)   SoftReference:
[30.165s][debug  ][gc,phases,ref  ] GC(14)     Discovered: 0
[30.165s][debug  ][gc,phases,ref  ] GC(14)     Cleared: 0
[30.165s][debug  ][gc,phases,ref  ] GC(14)   WeakReference:
[30.165s][debug  ][gc,phases,ref  ] GC(14)     Discovered: 0
[30.165s][debug  ][gc,phases,ref  ] GC(14)     Cleared: 0
[30.165s][debug  ][gc,phases,ref  ] GC(14)   FinalReference:
[30.165s][debug  ][gc,phases,ref  ] GC(14)     Discovered: 0
[30.165s][debug  ][gc,phases,ref  ] GC(14)     Cleared: 0
[30.165s][debug  ][gc,phases,ref  ] GC(14)   PhantomReference:
[30.165s][debug  ][gc,phases,ref  ] GC(14)     Discovered: 0
[30.165s][debug  ][gc,phases,ref  ] GC(14)     Cleared: 0
[30.165s][debug  ][gc,phases      ] GC(14) Reference Processing 0.586ms
[30.166s][debug  ][gc,phases,start] GC(14) Weak Processing
[30.166s][debug  ][gc,phases      ] GC(14)   VM Weak                        Min:  0.0, Avg:  0.0, Max:  0.0, Diff:  0.0, Sum:  0.0, Workers: 6
[30.166s][debug  ][gc,phases      ] GC(14)     Dead                           Min: 0, Avg:  0.0, Max: 0, Diff: 0, Sum: 0, Workers: 6
[30.166s][debug  ][gc,phases      ] GC(14)     Total                          Min: 0, Avg:  1.3, Max: 8, Diff: 8, Sum: 8, Workers: 6
[30.166s][debug  ][gc,phases      ] GC(14)   ObjectSynchronizer Weak        Min:  0.0, Avg:  0.0, Max:  0.0, Diff:  0.0, Sum:  0.0, Workers: 6
[30.166s][debug  ][gc,phases      ] GC(14)     Dead                           Min: 0, Avg:  0.0, Max: 0, Diff: 0, Sum: 0, Workers: 6
[30.166s][debug  ][gc,phases      ] GC(14)     Total                          Min: 0, Avg:  0.5, Max: 3, Diff: 3, Sum: 3, Workers: 6
[30.166s][debug  ][gc,phases      ] GC(14)   JVMTI Tag Weak OopStorage      Min:  0.0, Avg:  0.0, Max:  0.0, Diff:  0.0, Sum:  0.0, Workers: 6
[30.166s][debug  ][gc,phases      ] GC(14)     Dead                           Min: 0, Avg:  0.0, Max: 0, Diff: 0, Sum: 0, Workers: 6
[30.166s][debug  ][gc,phases      ] GC(14)     Total                          Min: 0, Avg:  0.0, Max: 0, Diff: 0, Sum: 0, Workers: 6
[30.166s][debug  ][gc,phases      ] GC(14)   StringTable Weak               Min:  0.0, Avg:  0.0, Max:  0.0, Diff:  0.0, Sum:  0.0, Workers: 6
[30.166s][debug  ][gc,phases      ] GC(14)     Dead                           Min: 0, Avg:  0.0, Max: 0, Diff: 0, Sum: 0, Workers: 6
[30.166s][debug  ][gc,phases      ] GC(14)     Total                          Min: 832, Avg: 892.5, Max: 1024, Diff: 192, Sum: 5355, Workers: 6
[30.166s][debug  ][gc,phases      ] GC(14)   ResolvedMethodTable Weak       Min:  0.0, Avg:  0.0, Max:  0.0, Diff:  0.0, Sum:  0.0, Workers: 6
[30.166s][debug  ][gc,phases      ] GC(14)     Dead                           Min: 0, Avg:  0.0, Max: 0, Diff: 0, Sum: 0, Workers: 6
[30.166s][debug  ][gc,phases      ] GC(14)     Total                          Min: 0, Avg: 21.7, Max: 64, Diff: 64, Sum: 130, Workers: 6
[30.166s][debug  ][gc,phases      ] GC(14)   JNI Weak                       Min:  0.0, Avg:  0.0, Max:  0.0, Diff:  0.0, Sum:  0.0, Workers: 6
[30.166s][debug  ][gc,phases      ] GC(14)     Dead                           Min: 0, Avg:  0.0, Max: 0, Diff: 0, Sum: 0, Workers: 6
[30.166s][debug  ][gc,phases      ] GC(14)     Total                          Min: 0, Avg:  0.0, Max: 0, Diff: 0, Sum: 0, Workers: 6
[30.166s][debug  ][gc,phases      ] GC(14)   StringDedup Table Weak         Min:  0.0, Avg:  0.0, Max:  0.0, Diff:  0.0, Sum:  0.0, Workers: 6
[30.166s][debug  ][gc,phases      ] GC(14)     Dead                           Min: 0, Avg:  0.0, Max: 0, Diff: 0, Sum: 0, Workers: 6
[30.166s][debug  ][gc,phases      ] GC(14)     Total                          Min: 0, Avg:  0.0, Max: 0, Diff: 0, Sum: 0, Workers: 6
[30.166s][debug  ][gc,phases      ] GC(14)   StringDedup Requests0 Weak     Min:  0.0, Avg:  0.0, Max:  0.0, Diff:  0.0, Sum:  0.0, Workers: 6
[30.166s][debug  ][gc,phases      ] GC(14)     Dead                           Min: 0, Avg:  0.0, Max: 0, Diff: 0, Sum: 0, Workers: 6
[30.166s][debug  ][gc,phases      ] GC(14)     Total                          Min: 0, Avg:  0.0, Max: 0, Diff: 0, Sum: 0, Workers: 6
[30.166s][debug  ][gc,phases      ] GC(14)   StringDedup Requests1 Weak     Min:  0.0, Avg:  0.0, Max:  0.0, Diff:  0.0, Sum:  0.0, Workers: 6
[30.166s][debug  ][gc,phases      ] GC(14)     Dead                           Min: 0, Avg:  0.0, Max: 0, Diff: 0, Sum: 0, Workers: 6
[30.166s][debug  ][gc,phases      ] GC(14)     Total                          Min: 0, Avg:  0.0, Max: 0, Diff: 0, Sum: 0, Workers: 6
[30.166s][debug  ][gc,phases      ] GC(14)   Weak JFR Old Object Samples    Min:  0.0, Avg:  0.0, Max:  0.0, Diff:  0.0, Sum:  0.0, Workers: 6
[30.166s][debug  ][gc,phases      ] GC(14)     Dead                           Min: 0, Avg:  0.0, Max: 0, Diff: 0, Sum: 0, Workers: 6
[30.166s][debug  ][gc,phases      ] GC(14)     Total                          Min: 0, Avg:  0.0, Max: 0, Diff: 0, Sum: 0, Workers: 6
[30.166s][debug  ][gc,phases      ] GC(14) Weak Processing 0.693ms
[30.166s][debug  ][gc,ergo        ] GC(14) AdaptiveSizeStart:  collection: 15 
[30.166s][debug  ][gc,ergo        ] GC(14) avg_survived_padded_avg: 98582496.000000
[30.166s][debug  ][gc,ergo        ] GC(14) avg_promoted_padded_avg: 36293604.000000  avg_pretenured_padded_avg: 0.000000  tenuring_thresh: 1  target_size: 67108864
[30.166s][debug  ][gc,age         ] GC(14) Desired survivor size 67108864 bytes, new threshold 1 (max threshold 15)
[30.166s][debug  ][gc,ergo        ] GC(14) PSAdaptiveSizePolicy::compute_eden_space_size: costs minor_time: 0.004147 major_cost: 0.000000 mutator_cost: 0.995853 throughput_goal: 0.990000
[30.166s][debug  ][gc,ergo        ] GC(14) Live_space: 315632736 free_space: 265289728
[30.166s][debug  ][gc,ergo        ] GC(14) Old eden_size: 131072000 desired_eden_size: 131072000
[30.166s][debug  ][gc,ergo        ] GC(14) AdaptiveSizeStop: collection: 15 
[30.166s][info   ][gc,heap        ] GC(14) PSYoungGen: 195124K(196608K)->64512K(196608K) Eden: 130611K(131072K)->0K(131072K) From: 64512K(65536K)->64512K(65536K)
[30.166s][info   ][gc,heap        ] GC(14) ParOldGen: 83658K(786432K)->114378K(786432K)
[30.166s][info   ][gc,metaspace   ] GC(14) Metaspace: 1024K(1216K)->1024K(1216K) NonClass: 940K(1024K)->940K(1024K) Class: 83K(192K)->83K(192K)
[30.166s][info   ][gc             ] GC(14) Pause Young (Allocation Failure) 272M->174M(960M) 12.245ms
[30.166s][info   ][gc,cpu         ] GC(14) User=0.00s Sys=0.00s Real=0.01s
[30.167s][debug  ][gc,heap        ] GC(14) Heap after GC invocations=15 (full 0):
[30.167s][debug  ][gc,heap        ] GC(14)  PSYoungGen      total 196608K, used 64512K [0x00000000f0000000, 0x0000000100000000, 0x0000000100000000)
[30.167s][debug  ][gc,heap        ] GC(14)   eden space 131072K, 0% used [0x00000000f0000000,0x00000000f0000000,0x00000000f8000000)
[30.167s][debug  ][gc,heap        ] GC(14)   from space 65536K, 98% used [0x00000000f8000000,0x00000000fbf003f0,0x00000000fc000000)
[30.167s][debug  ][gc,heap        ] GC(14)   to   space 65536K, 0% used [0x00000000fc000000,0x00000000fc000000,0x0000000100000000)
[30.167s][debug  ][gc,heap        ] GC(14)  ParOldGen       total 786432K, used 114378K [0x00000000c0000000, 0x00000000f0000000, 0x00000000f0000000)
[30.167s][debug  ][gc,heap        ] GC(14)   object space 786432K, 14% used [0x00000000c0000000,0x00000000c6fb2a90,0x00000000f0000000)
[30.167s][debug  ][gc,heap        ] GC(14)  Metaspace       used 1024K, committed 1216K, reserved 1056768K
[30.167s][debug  ][gc,heap        ] GC(14)   class space    used 83K, committed 192K, reserved 1048576K
[30.167s][debug  ][gc,task,time   ] GC(14) VM-Thread 301537939 301648946 301667050
[32.177s][debug  ][gc,heap        ] GC(15) Heap before GC invocations=16 (full 0):
[32.177s][debug  ][gc,heap        ] GC(15)  PSYoungGen      total 196608K, used 195124K [0x00000000f0000000, 0x0000000100000000, 0x0000000100000000)
[32.177s][debug  ][gc,heap        ] GC(15)   eden space 131072K, 99% used [0x00000000f0000000,0x00000000f7f8cf78,0x00000000f8000000)
[32.177s][debug  ][gc,heap        ] GC(15)   from space 65536K, 98% used [0x00000000f8000000,0x00000000fbf003f0,0x00000000fc000000)
[32.177s][debug  ][gc,heap        ] GC(15)   to   space 65536K, 0% used [0x00000000fc000000,0x00000000fc000000,0x0000000100000000)
[32.177s][debug  ][gc,heap        ] GC(15)  ParOldGen       total 786432K, used 114378K [0x00000000c0000000, 0x00000000f0000000, 0x00000000f0000000)
[32.177s][debug  ][gc,heap        ] GC(15)   object space 786432K, 14% used [0x00000000c0000000,0x00000000c6fb2a90,0x00000000f0000000)
[32.177s][debug  ][gc,heap        ] GC(15)  Metaspace       used 1024K, committed 1216K, reserved 1056768K
[32.177s][debug  ][gc,heap        ] GC(15)   class space    used 83K, committed 192K, reserved 1048576K
[32.178s][debug  ][gc,tlab        ] GC(15) TLAB totals: thrds: 1  refills: 1 max: 1 slow allocs: 124 max 124 waste: 15.4% gc: 573240B max: 573240B slow: 0B max: 0B
[32.178s][info   ][gc,start       ] GC(15) Pause Young (Allocation Failure)
[32.178s][debug  ][gc,phases,start] GC(15) Scavenge
[32.180s][debug  ][gc,phases      ] GC(15) Scavenge 1.978ms
[32.180s][debug  ][gc,phases,start] GC(15) Reference Processing
[32.180s][debug  ][gc,ref         ] GC(15) Skipped phase 1 of Reference Processing: no references
[32.180s][debug  ][gc,ref         ] GC(15) Skipped phase 2 of Reference Processing: no references
[32.180s][debug  ][gc,ref         ] GC(15) Skipped phase 3 of Reference Processing: no references
[32.180s][debug  ][gc,ref         ] GC(15) Skipped phase 4 of Reference Processing: no references
[32.180s][debug  ][gc,phases,ref  ] GC(15) Reference Processing: 0.1ms
[32.180s][debug  ][gc,phases,ref  ] GC(15)   Reconsider SoftReferences: 0.0ms
[32.180s][debug  ][gc,phases,ref  ] GC(15)     SoftRef (ms):                  skipped
[32.180s][debug  ][gc,phases,ref  ] GC(15)   Notify Soft/WeakReferences: 0.0ms
[32.180s][debug  ][gc,phases,ref  ] GC(15)     SoftRef (ms):                  skipped
[32.180s][debug  ][gc,phases,ref  ] GC(15)     WeakRef (ms):                  skipped
[32.180s][debug  ][gc,phases,ref  ] GC(15)     FinalRef (ms):                 skipped
[32.180s][debug  ][gc,phases,ref  ] GC(15)     Total (ms):                    skipped
[32.180s][debug  ][gc,phases,ref  ] GC(15)   Notify and keep alive finalizable: 0.0ms
[32.180s][debug  ][gc,phases,ref  ] GC(15)     FinalRef (ms):                 skipped
[32.180s][debug  ][gc,phases,ref  ] GC(15)   Notify PhantomReferences: 0.0ms
[32.180s][debug  ][gc,phases,ref  ] GC(15)     PhantomRef (ms):               skipped
[32.180s][debug  ][gc,phases,ref  ] GC(15)   SoftReference:
[32.180s][debug  ][gc,phases,ref  ] GC(15)     Discovered: 0
[32.180s][debug  ][gc,phases,ref  ] GC(15)     Cleared: 0
[32.180s][debug  ][gc,phases,ref  ] GC(15)   WeakReference:
[32.180s][debug  ][gc,phases,ref  ] GC(15)     Discovered: 0
[32.180s][debug  ][gc,phases,ref  ] GC(15)     Cleared: 0
[32.180s][debug  ][gc,phases,ref  ] GC(15)   FinalReference:
[32.180s][debug  ][gc,phases,ref  ] GC(15)     Discovered: 0
[32.180s][debug  ][gc,phases,ref  ] GC(15)     Cleared: 0
[32.180s][debug  ][gc,phases,ref  ] GC(15)   PhantomReference:
[32.180s][debug  ][gc,phases,ref  ] GC(15)     Discovered: 0
[32.180s][debug  ][gc,phases,ref  ] GC(15)     Cleared: 0
[32.180s][debug  ][gc,phases      ] GC(15) Reference Processing 0.687ms
[32.180s][debug  ][gc,phases,start] GC(15) Weak Processing
[32.180s][debug  ][gc,phases      ] GC(15)   VM Weak                        Min:  0.0, Avg:  0.0, Max:  0.0, Diff:  0.0, Sum:  0.0, Workers: 6
[32.180s][debug  ][gc,phases      ] GC(15)     Dead                           Min: 0, Avg:  0.0, Max: 0, Diff: 0, Sum: 0, Workers: 6
[32.181s][debug  ][gc,phases      ] GC(15)     Total                          Min: 0, Avg:  1.3, Max: 8, Diff: 8, Sum: 8, Workers: 6
[32.181s][debug  ][gc,phases      ] GC(15)   ObjectSynchronizer Weak        Min:  0.0, Avg:  0.0, Max:  0.0, Diff:  0.0, Sum:  0.0, Workers: 6
[32.181s][debug  ][gc,phases      ] GC(15)     Dead                           Min: 0, Avg:  0.0, Max: 0, Diff: 0, Sum: 0, Workers: 6
[32.181s][debug  ][gc,phases      ] GC(15)     Total                          Min: 0, Avg:  0.5, Max: 3, Diff: 3, Sum: 3, Workers: 6
[32.181s][debug  ][gc,phases      ] GC(15)   JVMTI Tag Weak OopStorage      Min:  0.0, Avg:  0.0, Max:  0.0, Diff:  0.0, Sum:  0.0, Workers: 6
[32.181s][debug  ][gc,phases      ] GC(15)     Dead                           Min: 0, Avg:  0.0, Max: 0, Diff: 0, Sum: 0, Workers: 6
[32.181s][debug  ][gc,phases      ] GC(15)     Total                          Min: 0, Avg:  0.0, Max: 0, Diff: 0, Sum: 0, Workers: 6
[32.181s][debug  ][gc,phases      ] GC(15)   StringTable Weak               Min:  0.0, Avg:  0.0, Max:  0.0, Diff:  0.0, Sum:  0.0, Workers: 6
[32.181s][debug  ][gc,phases      ] GC(15)     Dead                           Min: 0, Avg:  0.0, Max: 0, Diff: 0, Sum: 0, Workers: 6
[32.181s][debug  ][gc,phases      ] GC(15)     Total                          Min: 704, Avg: 892.5, Max: 1088, Diff: 384, Sum: 5355, Workers: 6
[32.181s][debug  ][gc,phases      ] GC(15)   ResolvedMethodTable Weak       Min:  0.0, Avg:  0.0, Max:  0.0, Diff:  0.0, Sum:  0.0, Workers: 6
[32.181s][debug  ][gc,phases      ] GC(15)     Dead                           Min: 0, Avg:  0.0, Max: 0, Diff: 0, Sum: 0, Workers: 6
[32.181s][debug  ][gc,phases      ] GC(15)     Total                          Min: 0, Avg: 21.7, Max: 64, Diff: 64, Sum: 130, Workers: 6
[32.181s][debug  ][gc,phases      ] GC(15)   JNI Weak                       Min:  0.0, Avg:  0.0, Max:  0.0, Diff:  0.0, Sum:  0.0, Workers: 6
[32.181s][debug  ][gc,phases      ] GC(15)     Dead                           Min: 0, Avg:  0.0, Max: 0, Diff: 0, Sum: 0, Workers: 6
[32.181s][debug  ][gc,phases      ] GC(15)     Total                          Min: 0, Avg:  0.0, Max: 0, Diff: 0, Sum: 0, Workers: 6
[32.181s][debug  ][gc,phases      ] GC(15)   StringDedup Table Weak         Min:  0.0, Avg:  0.0, Max:  0.0, Diff:  0.0, Sum:  0.0, Workers: 6
[32.181s][debug  ][gc,phases      ] GC(15)     Dead                           Min: 0, Avg:  0.0, Max: 0, Diff: 0, Sum: 0, Workers: 6
[32.181s][debug  ][gc,phases      ] GC(15)     Total                          Min: 0, Avg:  0.0, Max: 0, Diff: 0, Sum: 0, Workers: 6
[32.181s][debug  ][gc,phases      ] GC(15)   StringDedup Requests0 Weak     Min:  0.0, Avg:  0.0, Max:  0.0, Diff:  0.0, Sum:  0.0, Workers: 6
[32.181s][debug  ][gc,phases      ] GC(15)     Dead                           Min: 0, Avg:  0.0, Max: 0, Diff: 0, Sum: 0, Workers: 6
[32.181s][debug  ][gc,phases      ] GC(15)     Total                          Min: 0, Avg:  0.0, Max: 0, Diff: 0, Sum: 0, Workers: 6
[32.181s][debug  ][gc,phases      ] GC(15)   StringDedup Requests1 Weak     Min:  0.0, Avg:  0.0, Max:  0.0, Diff:  0.0, Sum:  0.0, Workers: 6
[32.181s][debug  ][gc,phases      ] GC(15)     Dead                           Min: 0, Avg:  0.0, Max: 0, Diff: 0, Sum: 0, Workers: 6
[32.181s][debug  ][gc,phases      ] GC(15)     Total                          Min: 0, Avg:  0.0, Max: 0, Diff: 0, Sum: 0, Workers: 6
[32.181s][debug  ][gc,phases      ] GC(15)   Weak JFR Old Object Samples    Min:  0.0, Avg:  0.0, Max:  0.0, Diff:  0.0, Sum:  0.0, Workers: 6
[32.181s][debug  ][gc,phases      ] GC(15)     Dead                           Min: 0, Avg:  0.0, Max: 0, Diff: 0, Sum: 0, Workers: 6
[32.181s][debug  ][gc,phases      ] GC(15)     Total                          Min: 0, Avg:  0.0, Max: 0, Diff: 0, Sum: 0, Workers: 6
[32.181s][debug  ][gc,phases      ] GC(15) Weak Processing 0.825ms
[32.181s][debug  ][gc,ergo        ] GC(15) AdaptiveSizeStart:  collection: 16 
[32.181s][debug  ][gc,ergo        ] GC(15) avg_survived_padded_avg: 97902296.000000
[32.181s][debug  ][gc,ergo        ] GC(15) avg_promoted_padded_avg: 35445348.000000  avg_pretenured_padded_avg: 0.000000  tenuring_thresh: 1  target_size: 67108864
[32.181s][debug  ][gc,age         ] GC(15) Desired survivor size 67108864 bytes, new threshold 1 (max threshold 15)
[32.181s][debug  ][gc,ergo        ] GC(15) PSAdaptiveSizePolicy::compute_eden_space_size: costs minor_time: 0.003557 major_cost: 0.000000 mutator_cost: 0.996443 throughput_goal: 0.990000
[32.181s][debug  ][gc,ergo        ] GC(15) Live_space: 313010176 free_space: 265289728
[32.181s][debug  ][gc,ergo        ] GC(15) Old eden_size: 131072000 desired_eden_size: 131072000
[32.181s][debug  ][gc,ergo        ] GC(15) AdaptiveSizeStop: collection: 16 
[32.181s][info   ][gc,heap        ] GC(15) PSYoungGen: 195124K(196608K)->20480K(196608K) Eden: 130611K(131072K)->0K(131072K) From: 64512K(65536K)->20480K(65536K)
[32.181s][info   ][gc,heap        ] GC(15) ParOldGen: 114378K(786432K)->114378K(786432K)
[32.182s][info   ][gc,metaspace   ] GC(15) Metaspace: 1024K(1216K)->1024K(1216K) NonClass: 940K(1024K)->940K(1024K) Class: 83K(192K)->83K(192K)
[32.182s][info   ][gc             ] GC(15) Pause Young (Allocation Failure) 302M->131M(960M) 3.999ms
[32.182s][info   ][gc,cpu         ] GC(15) User=0.00s Sys=0.00s Real=0.00s
[32.182s][debug  ][gc,heap        ] GC(15) Heap after GC invocations=16 (full 0):
[32.182s][debug  ][gc,heap        ] GC(15)  PSYoungGen      total 196608K, used 20480K [0x00000000f0000000, 0x0000000100000000, 0x0000000100000000)
[32.182s][debug  ][gc,heap        ] GC(15)   eden space 131072K, 0% used [0x00000000f0000000,0x00000000f0000000,0x00000000f8000000)
[32.182s][debug  ][gc,heap        ] GC(15)   from space 65536K, 31% used [0x00000000fc000000,0x00000000fd400140,0x0000000100000000)
[32.182s][debug  ][gc,heap        ] GC(15)   to   space 65536K, 0% used [0x00000000f8000000,0x00000000f8000000,0x00000000fc000000)
[32.182s][debug  ][gc,heap        ] GC(15)  ParOldGen       total 786432K, used 114378K [0x00000000c0000000, 0x00000000f0000000, 0x00000000f0000000)
[32.182s][debug  ][gc,heap        ] GC(15)   object space 786432K, 14% used [0x00000000c0000000,0x00000000c6fb2a90,0x00000000f0000000)
[32.182s][debug  ][gc,heap        ] GC(15)  Metaspace       used 1024K, committed 1216K, reserved 1056768K
[32.182s][debug  ][gc,heap        ] GC(15)   class space    used 83K, committed 192K, reserved 1048576K
[32.182s][debug  ][gc,task,time   ] GC(15) VM-Thread 321770420 321796718 321818798
[34.177s][debug  ][gc,heap        ] GC(16) Heap before GC invocations=17 (full 0):
[34.177s][debug  ][gc,heap        ] GC(16)  PSYoungGen      total 196608K, used 151092K [0x00000000f0000000, 0x0000000100000000, 0x0000000100000000)
[34.177s][debug  ][gc,heap        ] GC(16)   eden space 131072K, 99% used [0x00000000f0000000,0x00000000f7f8cfd8,0x00000000f8000000)
[34.177s][debug  ][gc,heap        ] GC(16)   from space 65536K, 31% used [0x00000000fc000000,0x00000000fd400140,0x0000000100000000)
[34.177s][debug  ][gc,heap        ] GC(16)   to   space 65536K, 0% used [0x00000000f8000000,0x00000000f8000000,0x00000000fc000000)
[34.177s][debug  ][gc,heap        ] GC(16)  ParOldGen       total 786432K, used 114378K [0x00000000c0000000, 0x00000000f0000000, 0x00000000f0000000)
[34.177s][debug  ][gc,heap        ] GC(16)   object space 786432K, 14% used [0x00000000c0000000,0x00000000c6fb2a90,0x00000000f0000000)
[34.177s][debug  ][gc,heap        ] GC(16)  Metaspace       used 1024K, committed 1216K, reserved 1056768K
[34.177s][debug  ][gc,heap        ] GC(16)   class space    used 83K, committed 192K, reserved 1048576K
[34.177s][debug  ][gc,tlab        ] GC(16) TLAB totals: thrds: 1  refills: 1 max: 1 slow allocs: 124 max 124 waste: 15.4% gc: 574400B max: 574400B slow: 0B max: 0B
[34.177s][info   ][gc,start       ] GC(16) Pause Young (Allocation Failure)
[34.178s][debug  ][gc,phases,start] GC(16) Scavenge
[34.182s][debug  ][gc,phases      ] GC(16) Scavenge 4.798ms
[34.182s][debug  ][gc,phases,start] GC(16) Reference Processing
[34.182s][debug  ][gc,ref         ] GC(16) Skipped phase 1 of Reference Processing: no references
[34.182s][debug  ][gc,ref         ] GC(16) Skipped phase 2 of Reference Processing: no references
[34.182s][debug  ][gc,ref         ] GC(16) Skipped phase 3 of Reference Processing: no references
[34.182s][debug  ][gc,ref         ] GC(16) Skipped phase 4 of Reference Processing: no references
[34.183s][debug  ][gc,phases,ref  ] GC(16) Reference Processing: 0.1ms
[34.183s][debug  ][gc,phases,ref  ] GC(16)   Reconsider SoftReferences: 0.0ms
[34.183s][debug  ][gc,phases,ref  ] GC(16)     SoftRef (ms):                  skipped
[34.183s][debug  ][gc,phases,ref  ] GC(16)   Notify Soft/WeakReferences: 0.0ms
[34.183s][debug  ][gc,phases,ref  ] GC(16)     SoftRef (ms):                  skipped
[34.183s][debug  ][gc,phases,ref  ] GC(16)     WeakRef (ms):                  skipped
[34.183s][debug  ][gc,phases,ref  ] GC(16)     FinalRef (ms):                 skipped
[34.183s][debug  ][gc,phases,ref  ] GC(16)     Total (ms):                    skipped
[34.183s][debug  ][gc,phases,ref  ] GC(16)   Notify and keep alive finalizable: 0.0ms
[34.183s][debug  ][gc,phases,ref  ] GC(16)     FinalRef (ms):                 skipped
[34.183s][debug  ][gc,phases,ref  ] GC(16)   Notify PhantomReferences: 0.0ms
[34.183s][debug  ][gc,phases,ref  ] GC(16)     PhantomRef (ms):               skipped
[34.183s][debug  ][gc,phases,ref  ] GC(16)   SoftReference:
[34.183s][debug  ][gc,phases,ref  ] GC(16)     Discovered: 0
[34.183s][debug  ][gc,phases,ref  ] GC(16)     Cleared: 0
[34.183s][debug  ][gc,phases,ref  ] GC(16)   WeakReference:
[34.183s][debug  ][gc,phases,ref  ] GC(16)     Discovered: 0
[34.183s][debug  ][gc,phases,ref  ] GC(16)     Cleared: 0
[34.183s][debug  ][gc,phases,ref  ] GC(16)   FinalReference:
[34.183s][debug  ][gc,phases,ref  ] GC(16)     Discovered: 0
[34.183s][debug  ][gc,phases,ref  ] GC(16)     Cleared: 0
[34.183s][debug  ][gc,phases,ref  ] GC(16)   PhantomReference:
[34.183s][debug  ][gc,phases,ref  ] GC(16)     Discovered: 0
[34.183s][debug  ][gc,phases,ref  ] GC(16)     Cleared: 0
[34.183s][debug  ][gc,phases      ] GC(16) Reference Processing 0.717ms
[34.183s][debug  ][gc,phases,start] GC(16) Weak Processing
[34.183s][debug  ][gc,phases      ] GC(16)   VM Weak                        Min:  0.0, Avg:  0.0, Max:  0.0, Diff:  0.0, Sum:  0.0, Workers: 6
[34.183s][debug  ][gc,phases      ] GC(16)     Dead                           Min: 0, Avg:  0.0, Max: 0, Diff: 0, Sum: 0, Workers: 6
[34.183s][debug  ][gc,phases      ] GC(16)     Total                          Min: 0, Avg:  1.3, Max: 8, Diff: 8, Sum: 8, Workers: 6
[34.183s][debug  ][gc,phases      ] GC(16)   ObjectSynchronizer Weak        Min:  0.0, Avg:  0.0, Max:  0.0, Diff:  0.0, Sum:  0.0, Workers: 6
[34.183s][debug  ][gc,phases      ] GC(16)     Dead                           Min: 0, Avg:  0.0, Max: 0, Diff: 0, Sum: 0, Workers: 6
[34.183s][debug  ][gc,phases      ] GC(16)     Total                          Min: 0, Avg:  0.5, Max: 3, Diff: 3, Sum: 3, Workers: 6
[34.183s][debug  ][gc,phases      ] GC(16)   JVMTI Tag Weak OopStorage      Min:  0.0, Avg:  0.0, Max:  0.0, Diff:  0.0, Sum:  0.0, Workers: 6
[34.183s][debug  ][gc,phases      ] GC(16)     Dead                           Min: 0, Avg:  0.0, Max: 0, Diff: 0, Sum: 0, Workers: 6
[34.183s][debug  ][gc,phases      ] GC(16)     Total                          Min: 0, Avg:  0.0, Max: 0, Diff: 0, Sum: 0, Workers: 6
[34.183s][debug  ][gc,phases      ] GC(16)   StringTable Weak               Min:  0.0, Avg:  0.0, Max:  0.0, Diff:  0.0, Sum:  0.1, Workers: 6
[34.184s][debug  ][gc,phases      ] GC(16)     Dead                           Min: 0, Avg:  0.0, Max: 0, Diff: 0, Sum: 0, Workers: 6
[34.184s][debug  ][gc,phases      ] GC(16)     Total                          Min: 747, Avg: 892.5, Max: 1280, Diff: 533, Sum: 5355, Workers: 6
[34.184s][debug  ][gc,phases      ] GC(16)   ResolvedMethodTable Weak       Min:  0.0, Avg:  0.0, Max:  0.0, Diff:  0.0, Sum:  0.0, Workers: 6
[34.184s][debug  ][gc,phases      ] GC(16)     Dead                           Min: 0, Avg:  0.0, Max: 0, Diff: 0, Sum: 0, Workers: 6
[34.184s][debug  ][gc,phases      ] GC(16)     Total                          Min: 0, Avg: 21.7, Max: 64, Diff: 64, Sum: 130, Workers: 6
[34.184s][debug  ][gc,phases      ] GC(16)   JNI Weak                       Min:  0.0, Avg:  0.0, Max:  0.0, Diff:  0.0, Sum:  0.0, Workers: 6
[34.184s][debug  ][gc,phases      ] GC(16)     Dead                           Min: 0, Avg:  0.0, Max: 0, Diff: 0, Sum: 0, Workers: 6
[34.184s][debug  ][gc,phases      ] GC(16)     Total                          Min: 0, Avg:  0.0, Max: 0, Diff: 0, Sum: 0, Workers: 6
[34.184s][debug  ][gc,phases      ] GC(16)   StringDedup Table Weak         Min:  0.0, Avg:  0.0, Max:  0.0, Diff:  0.0, Sum:  0.0, Workers: 6
[34.184s][debug  ][gc,phases      ] GC(16)     Dead                           Min: 0, Avg:  0.0, Max: 0, Diff: 0, Sum: 0, Workers: 6
[34.184s][debug  ][gc,phases      ] GC(16)     Total                          Min: 0, Avg:  0.0, Max: 0, Diff: 0, Sum: 0, Workers: 6
[34.184s][debug  ][gc,phases      ] GC(16)   StringDedup Requests0 Weak     Min:  0.0, Avg:  0.0, Max:  0.0, Diff:  0.0, Sum:  0.0, Workers: 6
[34.184s][debug  ][gc,phases      ] GC(16)     Dead                           Min: 0, Avg:  0.0, Max: 0, Diff: 0, Sum: 0, Workers: 6
[34.184s][debug  ][gc,phases      ] GC(16)     Total                          Min: 0, Avg:  0.0, Max: 0, Diff: 0, Sum: 0, Workers: 6
[34.184s][debug  ][gc,phases      ] GC(16)   StringDedup Requests1 Weak     Min:  0.0, Avg:  0.0, Max:  0.0, Diff:  0.0, Sum:  0.0, Workers: 6
[34.184s][debug  ][gc,phases      ] GC(16)     Dead                           Min: 0, Avg:  0.0, Max: 0, Diff: 0, Sum: 0, Workers: 6
[34.184s][debug  ][gc,phases      ] GC(16)     Total                          Min: 0, Avg:  0.0, Max: 0, Diff: 0, Sum: 0, Workers: 6
[34.184s][debug  ][gc,phases      ] GC(16)   Weak JFR Old Object Samples    Min:  0.0, Avg:  0.0, Max:  0.0, Diff:  0.0, Sum:  0.0, Workers: 6
[34.184s][debug  ][gc,phases      ] GC(16)     Dead                           Min: 0, Avg:  0.0, Max: 0, Diff: 0, Sum: 0, Workers: 6
[34.184s][debug  ][gc,phases      ] GC(16)     Total                          Min: 0, Avg:  0.0, Max: 0, Diff: 0, Sum: 0, Workers: 6
[34.184s][debug  ][gc,phases      ] GC(16) Weak Processing 0.871ms
[34.184s][debug  ][gc,ergo        ] GC(16) AdaptiveSizeStart:  collection: 17 
[34.184s][debug  ][gc,ergo        ] GC(16) avg_survived_padded_avg: 94311904.000000
[34.184s][debug  ][gc,ergo        ] GC(16) avg_promoted_padded_avg: 34681916.000000  avg_pretenured_padded_avg: 0.000000  tenuring_thresh: 1  target_size: 67108864
[34.184s][debug  ][gc,age         ] GC(16) Desired survivor size 67108864 bytes, new threshold 1 (max threshold 15)
[34.184s][debug  ][gc,ergo        ] GC(16) PSAdaptiveSizePolicy::compute_eden_space_size: costs minor_time: 0.003480 major_cost: 0.000000 mutator_cost: 0.996520 throughput_goal: 0.990000
[34.184s][debug  ][gc,ergo        ] GC(16) Live_space: 313481088 free_space: 265289728
[34.184s][debug  ][gc,ergo        ] GC(16) Old eden_size: 131072000 desired_eden_size: 131072000
[34.184s][debug  ][gc,ergo        ] GC(16) AdaptiveSizeStop: collection: 17 
[34.184s][info   ][gc,heap        ] GC(16) PSYoungGen: 151092K(196608K)->48128K(196608K) Eden: 130611K(131072K)->0K(131072K) From: 20480K(65536K)->48128K(65536K)
[34.184s][info   ][gc,heap        ] GC(16) ParOldGen: 114378K(786432K)->114378K(786432K)
[34.184s][info   ][gc,metaspace   ] GC(16) Metaspace: 1024K(1216K)->1024K(1216K) NonClass: 940K(1024K)->940K(1024K) Class: 83K(192K)->83K(192K)
[34.184s][info   ][gc             ] GC(16) Pause Young (Allocation Failure) 259M->158M(960M) 6.893ms
[34.184s][info   ][gc,cpu         ] GC(16) User=0.00s Sys=0.00s Real=0.01s
[34.184s][debug  ][gc,heap        ] GC(16) Heap after GC invocations=17 (full 0):
[34.184s][debug  ][gc,heap        ] GC(16)  PSYoungGen      total 196608K, used 48128K [0x00000000f0000000, 0x0000000100000000, 0x0000000100000000)
[34.184s][debug  ][gc,heap        ] GC(16)   eden space 131072K, 0% used [0x00000000f0000000,0x00000000f0000000,0x00000000f8000000)
[34.185s][debug  ][gc,heap        ] GC(16)   from space 65536K, 73% used [0x00000000f8000000,0x00000000faf002f0,0x00000000fc000000)
[34.185s][debug  ][gc,heap        ] GC(16)   to   space 65536K, 0% used [0x00000000fc000000,0x00000000fc000000,0x0000000100000000)
[34.185s][debug  ][gc,heap        ] GC(16)  ParOldGen       total 786432K, used 114378K [0x00000000c0000000, 0x00000000f0000000, 0x00000000f0000000)
[34.185s][debug  ][gc,heap        ] GC(16)   object space 786432K, 14% used [0x00000000c0000000,0x00000000c6fb2a90,0x00000000f0000000)
[34.185s][debug  ][gc,heap        ] GC(16)  Metaspace       used 1024K, committed 1216K, reserved 1056768K
[34.185s][debug  ][gc,heap        ] GC(16)   class space    used 83K, committed 192K, reserved 1048576K
[34.185s][debug  ][gc,task,time   ] GC(16) VM-Thread 341769820 341823879 341846613
[36.190s][debug  ][gc,heap        ] GC(17) Heap before GC invocations=18 (full 0):
[36.190s][debug  ][gc,heap        ] GC(17)  PSYoungGen      total 196608K, used 178740K [0x00000000f0000000, 0x0000000100000000, 0x0000000100000000)
[36.190s][debug  ][gc,heap        ] GC(17)   eden space 131072K, 99% used [0x00000000f0000000,0x00000000f7f8d018,0x00000000f8000000)
[36.190s][debug  ][gc,heap        ] GC(17)   from space 65536K, 73% used [0x00000000f8000000,0x00000000faf002f0,0x00000000fc000000)
[36.190s][debug  ][gc,heap        ] GC(17)   to   space 65536K, 0% used [0x00000000fc000000,0x00000000fc000000,0x0000000100000000)
[36.190s][debug  ][gc,heap        ] GC(17)  ParOldGen       total 786432K, used 114378K [0x00000000c0000000, 0x00000000f0000000, 0x00000000f0000000)
[36.190s][debug  ][gc,heap        ] GC(17)   object space 786432K, 14% used [0x00000000c0000000,0x00000000c6fb2a90,0x00000000f0000000)
[36.190s][debug  ][gc,heap        ] GC(17)  Metaspace       used 1024K, committed 1216K, reserved 1056768K
[36.190s][debug  ][gc,heap        ] GC(17)   class space    used 83K, committed 192K, reserved 1048576K
[36.190s][debug  ][gc,tlab        ] GC(17) TLAB totals: thrds: 1  refills: 1 max: 1 slow allocs: 124 max 124 waste: 15.4% gc: 574464B max: 574464B slow: 0B max: 0B
[36.191s][info   ][gc,start       ] GC(17) Pause Young (Allocation Failure)
[36.191s][debug  ][gc,phases,start] GC(17) Scavenge
[36.199s][debug  ][gc,phases      ] GC(17) Scavenge 8.617ms
[36.199s][debug  ][gc,phases,start] GC(17) Reference Processing
[36.199s][debug  ][gc,ref         ] GC(17) Skipped phase 1 of Reference Processing: no references
[36.199s][debug  ][gc,ref         ] GC(17) Skipped phase 2 of Reference Processing: no references
[36.199s][debug  ][gc,ref         ] GC(17) Skipped phase 3 of Reference Processing: no references
[36.199s][debug  ][gc,ref         ] GC(17) Skipped phase 4 of Reference Processing: no references
[36.199s][debug  ][gc,phases,ref  ] GC(17) Reference Processing: 0.1ms
[36.199s][debug  ][gc,phases,ref  ] GC(17)   Reconsider SoftReferences: 0.0ms
[36.199s][debug  ][gc,phases,ref  ] GC(17)     SoftRef (ms):                  skipped
[36.200s][debug  ][gc,phases,ref  ] GC(17)   Notify Soft/WeakReferences: 0.0ms
[36.200s][debug  ][gc,phases,ref  ] GC(17)     SoftRef (ms):                  skipped
[36.200s][debug  ][gc,phases,ref  ] GC(17)     WeakRef (ms):                  skipped
[36.200s][debug  ][gc,phases,ref  ] GC(17)     FinalRef (ms):                 skipped
[36.200s][debug  ][gc,phases,ref  ] GC(17)     Total (ms):                    skipped
[36.200s][debug  ][gc,phases,ref  ] GC(17)   Notify and keep alive finalizable: 0.0ms
[36.200s][debug  ][gc,phases,ref  ] GC(17)     FinalRef (ms):                 skipped
[36.200s][debug  ][gc,phases,ref  ] GC(17)   Notify PhantomReferences: 0.0ms
[36.200s][debug  ][gc,phases,ref  ] GC(17)     PhantomRef (ms):               skipped
[36.200s][debug  ][gc,phases,ref  ] GC(17)   SoftReference:
[36.200s][debug  ][gc,phases,ref  ] GC(17)     Discovered: 0
[36.200s][debug  ][gc,phases,ref  ] GC(17)     Cleared: 0
[36.200s][debug  ][gc,phases,ref  ] GC(17)   WeakReference:
[36.200s][debug  ][gc,phases,ref  ] GC(17)     Discovered: 0
[36.200s][debug  ][gc,phases,ref  ] GC(17)     Cleared: 0
[36.200s][debug  ][gc,phases,ref  ] GC(17)   FinalReference:
[36.200s][debug  ][gc,phases,ref  ] GC(17)     Discovered: 0
[36.200s][debug  ][gc,phases,ref  ] GC(17)     Cleared: 0
[36.200s][debug  ][gc,phases,ref  ] GC(17)   PhantomReference:
[36.200s][debug  ][gc,phases,ref  ] GC(17)     Discovered: 0
[36.200s][debug  ][gc,phases,ref  ] GC(17)     Cleared: 0
[36.200s][debug  ][gc,phases      ] GC(17) Reference Processing 0.884ms
[36.200s][debug  ][gc,phases,start] GC(17) Weak Processing
[36.200s][debug  ][gc,phases      ] GC(17)   VM Weak                        Min:  0.0, Avg:  0.0, Max:  0.0, Diff:  0.0, Sum:  0.0, Workers: 6
[36.200s][debug  ][gc,phases      ] GC(17)     Dead                           Min: 0, Avg:  0.0, Max: 0, Diff: 0, Sum: 0, Workers: 6
[36.200s][debug  ][gc,phases      ] GC(17)     Total                          Min: 0, Avg:  1.3, Max: 8, Diff: 8, Sum: 8, Workers: 6
[36.200s][debug  ][gc,phases      ] GC(17)   ObjectSynchronizer Weak        Min:  0.0, Avg:  0.0, Max:  0.0, Diff:  0.0, Sum:  0.0, Workers: 6
[36.200s][debug  ][gc,phases      ] GC(17)     Dead                           Min: 0, Avg:  0.0, Max: 0, Diff: 0, Sum: 0, Workers: 6
[36.200s][debug  ][gc,phases      ] GC(17)     Total                          Min: 0, Avg:  0.5, Max: 3, Diff: 3, Sum: 3, Workers: 6
[36.200s][debug  ][gc,phases      ] GC(17)   JVMTI Tag Weak OopStorage      Min:  0.0, Avg:  0.0, Max:  0.0, Diff:  0.0, Sum:  0.0, Workers: 6
[36.200s][debug  ][gc,phases      ] GC(17)     Dead                           Min: 0, Avg:  0.0, Max: 0, Diff: 0, Sum: 0, Workers: 6
[36.200s][debug  ][gc,phases      ] GC(17)     Total                          Min: 0, Avg:  0.0, Max: 0, Diff: 0, Sum: 0, Workers: 6
[36.200s][debug  ][gc,phases      ] GC(17)   StringTable Weak               Min:  0.0, Avg:  0.0, Max:  0.0, Diff:  0.0, Sum:  0.1, Workers: 6
[36.201s][debug  ][gc,phases      ] GC(17)     Dead                           Min: 0, Avg:  0.0, Max: 0, Diff: 0, Sum: 0, Workers: 6
[36.201s][debug  ][gc,phases      ] GC(17)     Total                          Min: 768, Avg: 892.5, Max: 1024, Diff: 256, Sum: 5355, Workers: 6
[36.201s][debug  ][gc,phases      ] GC(17)   ResolvedMethodTable Weak       Min:  0.0, Avg:  0.0, Max:  0.0, Diff:  0.0, Sum:  0.0, Workers: 6
[36.201s][debug  ][gc,phases      ] GC(17)     Dead                           Min: 0, Avg:  0.0, Max: 0, Diff: 0, Sum: 0, Workers: 6
[36.201s][debug  ][gc,phases      ] GC(17)     Total                          Min: 0, Avg: 21.7, Max: 64, Diff: 64, Sum: 130, Workers: 6
[36.201s][debug  ][gc,phases      ] GC(17)   JNI Weak                       Min:  0.0, Avg:  0.0, Max:  0.0, Diff:  0.0, Sum:  0.0, Workers: 6
[36.201s][debug  ][gc,phases      ] GC(17)     Dead                           Min: 0, Avg:  0.0, Max: 0, Diff: 0, Sum: 0, Workers: 6
[36.201s][debug  ][gc,phases      ] GC(17)     Total                          Min: 0, Avg:  0.0, Max: 0, Diff: 0, Sum: 0, Workers: 6
[36.201s][debug  ][gc,phases      ] GC(17)   StringDedup Table Weak         Min:  0.0, Avg:  0.0, Max:  0.0, Diff:  0.0, Sum:  0.0, Workers: 6
[36.201s][debug  ][gc,phases      ] GC(17)     Dead                           Min: 0, Avg:  0.0, Max: 0, Diff: 0, Sum: 0, Workers: 6
[36.201s][debug  ][gc,phases      ] GC(17)     Total                          Min: 0, Avg:  0.0, Max: 0, Diff: 0, Sum: 0, Workers: 6
[36.201s][debug  ][gc,phases      ] GC(17)   StringDedup Requests0 Weak     Min:  0.0, Avg:  0.0, Max:  0.0, Diff:  0.0, Sum:  0.0, Workers: 6
[36.201s][debug  ][gc,phases      ] GC(17)     Dead                           Min: 0, Avg:  0.0, Max: 0, Diff: 0, Sum: 0, Workers: 6
[36.201s][debug  ][gc,phases      ] GC(17)     Total                          Min: 0, Avg:  0.0, Max: 0, Diff: 0, Sum: 0, Workers: 6
[36.201s][debug  ][gc,phases      ] GC(17)   StringDedup Requests1 Weak     Min:  0.0, Avg:  0.0, Max:  0.0, Diff:  0.0, Sum:  0.0, Workers: 6
[36.201s][debug  ][gc,phases      ] GC(17)     Dead                           Min: 0, Avg:  0.0, Max: 0, Diff: 0, Sum: 0, Workers: 6
[36.201s][debug  ][gc,phases      ] GC(17)     Total                          Min: 0, Avg:  0.0, Max: 0, Diff: 0, Sum: 0, Workers: 6
[36.201s][debug  ][gc,phases      ] GC(17)   Weak JFR Old Object Samples    Min:  0.0, Avg:  0.0, Max:  0.0, Diff:  0.0, Sum:  0.0, Workers: 6
[36.201s][debug  ][gc,phases      ] GC(17)     Dead                           Min: 0, Avg:  0.0, Max: 0, Diff: 0, Sum: 0, Workers: 6
[36.201s][debug  ][gc,phases      ] GC(17)     Total                          Min: 0, Avg:  0.0, Max: 0, Diff: 0, Sum: 0, Workers: 6
[36.201s][debug  ][gc,phases      ] GC(17) Weak Processing 0.824ms
[36.201s][debug  ][gc,ergo        ] GC(17) AdaptiveSizeStart:  collection: 18 
[36.201s][debug  ][gc,ergo        ] GC(17) avg_survived_padded_avg: 97161072.000000
[36.201s][debug  ][gc,ergo        ] GC(17) avg_promoted_padded_avg: 33626360.000000  avg_pretenured_padded_avg: 0.000000  tenuring_thresh: 1  target_size: 67108864
[36.201s][debug  ][gc,age         ] GC(17) Desired survivor size 67108864 bytes, new threshold 1 (max threshold 15)
[36.201s][debug  ][gc,ergo        ] GC(17) PSAdaptiveSizePolicy::compute_eden_space_size: costs minor_time: 0.003906 major_cost: 0.000000 mutator_cost: 0.996094 throughput_goal: 0.990000
[36.201s][debug  ][gc,ergo        ] GC(17) Live_space: 315582656 free_space: 265289728
[36.201s][debug  ][gc,ergo        ] GC(17) Old eden_size: 131072000 desired_eden_size: 131072000
[36.201s][debug  ][gc,ergo        ] GC(17) AdaptiveSizeStop: collection: 18 
[36.201s][info   ][gc,heap        ] GC(17) PSYoungGen: 178740K(196608K)->64512K(196608K) Eden: 130612K(131072K)->0K(131072K) From: 48128K(65536K)->64512K(65536K)
[36.201s][info   ][gc,heap        ] GC(17) ParOldGen: 114378K(786432K)->125642K(786432K)
[36.201s][info   ][gc,metaspace   ] GC(17) Metaspace: 1024K(1216K)->1024K(1216K) NonClass: 940K(1024K)->940K(1024K) Class: 83K(192K)->83K(192K)
[36.201s][info   ][gc             ] GC(17) Pause Young (Allocation Failure) 286M->185M(960M) 10.817ms
[36.201s][info   ][gc,cpu         ] GC(17) User=0.00s Sys=0.02s Real=0.01s
[36.201s][debug  ][gc,heap        ] GC(17) Heap after GC invocations=18 (full 0):
[36.201s][debug  ][gc,heap        ] GC(17)  PSYoungGen      total 196608K, used 64512K [0x00000000f0000000, 0x0000000100000000, 0x0000000100000000)
[36.201s][debug  ][gc,heap        ] GC(17)   eden space 131072K, 0% used [0x00000000f0000000,0x00000000f0000000,0x00000000f8000000)
[36.201s][debug  ][gc,heap        ] GC(17)   from space 65536K, 98% used [0x00000000fc000000,0x00000000fff003f0,0x0000000100000000)
[36.201s][debug  ][gc,heap        ] GC(17)   to   space 65536K, 0% used [0x00000000f8000000,0x00000000f8000000,0x00000000fc000000)
[36.202s][debug  ][gc,heap        ] GC(17)  ParOldGen       total 786432K, used 125642K [0x00000000c0000000, 0x00000000f0000000, 0x00000000f0000000)
[36.202s][debug  ][gc,heap        ] GC(17)   object space 786432K, 15% used [0x00000000c0000000,0x00000000c7ab2b40,0x00000000f0000000)
[36.202s][debug  ][gc,heap        ] GC(17)  Metaspace       used 1024K, committed 1216K, reserved 1056768K
[36.202s][debug  ][gc,heap        ] GC(17)   class space    used 83K, committed 192K, reserved 1048576K
[36.202s][debug  ][gc,task,time   ] GC(17) VM-Thread 361901517 361992498 362016221
[38.210s][debug  ][gc,heap        ] GC(18) Heap before GC invocations=19 (full 0):
[38.210s][debug  ][gc,heap        ] GC(18)  PSYoungGen      total 196608K, used 195125K [0x00000000f0000000, 0x0000000100000000, 0x0000000100000000)
[38.210s][debug  ][gc,heap        ] GC(18)   eden space 131072K, 99% used [0x00000000f0000000,0x00000000f7f8d040,0x00000000f8000000)
[38.210s][debug  ][gc,heap        ] GC(18)   from space 65536K, 98% used [0x00000000fc000000,0x00000000fff003f0,0x0000000100000000)
[38.210s][debug  ][gc,heap        ] GC(18)   to   space 65536K, 0% used [0x00000000f8000000,0x00000000f8000000,0x00000000fc000000)
[38.210s][debug  ][gc,heap        ] GC(18)  ParOldGen       total 786432K, used 125642K [0x00000000c0000000, 0x00000000f0000000, 0x00000000f0000000)
[38.210s][debug  ][gc,heap        ] GC(18)   object space 786432K, 15% used [0x00000000c0000000,0x00000000c7ab2b40,0x00000000f0000000)
[38.210s][debug  ][gc,heap        ] GC(18)  Metaspace       used 1024K, committed 1216K, reserved 1056768K
[38.210s][debug  ][gc,heap        ] GC(18)   class space    used 83K, committed 192K, reserved 1048576K
[38.210s][debug  ][gc,tlab        ] GC(18) TLAB totals: thrds: 1  refills: 1 max: 1 slow allocs: 124 max 124 waste: 15.4% gc: 573440B max: 573440B slow: 0B max: 0B
[38.211s][info   ][gc,start       ] GC(18) Pause Young (Allocation Failure)
[38.211s][debug  ][gc,phases,start] GC(18) Scavenge
[38.211s][debug  ][gc,phases      ] GC(18) Scavenge 0.266ms
[38.211s][debug  ][gc,phases,start] GC(18) Reference Processing
[38.211s][debug  ][gc,ref         ] GC(18) Skipped phase 1 of Reference Processing: no references
[38.211s][debug  ][gc,ref         ] GC(18) Skipped phase 2 of Reference Processing: no references
[38.211s][debug  ][gc,ref         ] GC(18) Skipped phase 3 of Reference Processing: no references
[38.211s][debug  ][gc,ref         ] GC(18) Skipped phase 4 of Reference Processing: no references
[38.211s][debug  ][gc,phases,ref  ] GC(18) Reference Processing: 0.1ms
[38.211s][debug  ][gc,phases,ref  ] GC(18)   Reconsider SoftReferences: 0.0ms
[38.211s][debug  ][gc,phases,ref  ] GC(18)     SoftRef (ms):                  skipped
[38.211s][debug  ][gc,phases,ref  ] GC(18)   Notify Soft/WeakReferences: 0.0ms
[38.211s][debug  ][gc,phases,ref  ] GC(18)     SoftRef (ms):                  skipped
[38.211s][debug  ][gc,phases,ref  ] GC(18)     WeakRef (ms):                  skipped
[38.211s][debug  ][gc,phases,ref  ] GC(18)     FinalRef (ms):                 skipped
[38.211s][debug  ][gc,phases,ref  ] GC(18)     Total (ms):                    skipped
[38.211s][debug  ][gc,phases,ref  ] GC(18)   Notify and keep alive finalizable: 0.0ms
[38.211s][debug  ][gc,phases,ref  ] GC(18)     FinalRef (ms):                 skipped
[38.211s][debug  ][gc,phases,ref  ] GC(18)   Notify PhantomReferences: 0.0ms
[38.211s][debug  ][gc,phases,ref  ] GC(18)     PhantomRef (ms):               skipped
[38.211s][debug  ][gc,phases,ref  ] GC(18)   SoftReference:
[38.211s][debug  ][gc,phases,ref  ] GC(18)     Discovered: 0
[38.211s][debug  ][gc,phases,ref  ] GC(18)     Cleared: 0
[38.211s][debug  ][gc,phases,ref  ] GC(18)   WeakReference:
[38.211s][debug  ][gc,phases,ref  ] GC(18)     Discovered: 0
[38.211s][debug  ][gc,phases,ref  ] GC(18)     Cleared: 0
[38.211s][debug  ][gc,phases,ref  ] GC(18)   FinalReference:
[38.211s][debug  ][gc,phases,ref  ] GC(18)     Discovered: 0
[38.211s][debug  ][gc,phases,ref  ] GC(18)     Cleared: 0
[38.211s][debug  ][gc,phases,ref  ] GC(18)   PhantomReference:
[38.212s][debug  ][gc,phases,ref  ] GC(18)     Discovered: 0
[38.212s][debug  ][gc,phases,ref  ] GC(18)     Cleared: 0
[38.212s][debug  ][gc,phases      ] GC(18) Reference Processing 0.676ms
[38.212s][debug  ][gc,phases,start] GC(18) Weak Processing
[38.212s][debug  ][gc,phases      ] GC(18)   VM Weak                        Min:  0.0, Avg:  0.0, Max:  0.0, Diff:  0.0, Sum:  0.0, Workers: 6
[38.212s][debug  ][gc,phases      ] GC(18)     Dead                           Min: 0, Avg:  0.0, Max: 0, Diff: 0, Sum: 0, Workers: 6
[38.212s][debug  ][gc,phases      ] GC(18)     Total                          Min: 0, Avg:  1.3, Max: 8, Diff: 8, Sum: 8, Workers: 6
[38.212s][debug  ][gc,phases      ] GC(18)   ObjectSynchronizer Weak        Min:  0.0, Avg:  0.0, Max:  0.0, Diff:  0.0, Sum:  0.0, Workers: 6
[38.212s][debug  ][gc,phases      ] GC(18)     Dead                           Min: 0, Avg:  0.0, Max: 0, Diff: 0, Sum: 0, Workers: 6
[38.212s][debug  ][gc,phases      ] GC(18)     Total                          Min: 0, Avg:  0.5, Max: 3, Diff: 3, Sum: 3, Workers: 6
[38.212s][debug  ][gc,phases      ] GC(18)   JVMTI Tag Weak OopStorage      Min:  0.0, Avg:  0.0, Max:  0.0, Diff:  0.0, Sum:  0.0, Workers: 6
[38.212s][debug  ][gc,phases      ] GC(18)     Dead                           Min: 0, Avg:  0.0, Max: 0, Diff: 0, Sum: 0, Workers: 6
[38.212s][debug  ][gc,phases      ] GC(18)     Total                          Min: 0, Avg:  0.0, Max: 0, Diff: 0, Sum: 0, Workers: 6
[38.212s][debug  ][gc,phases      ] GC(18)   StringTable Weak               Min:  0.0, Avg:  0.0, Max:  0.0, Diff:  0.0, Sum:  0.0, Workers: 6
[38.212s][debug  ][gc,phases      ] GC(18)     Dead                           Min: 0, Avg:  0.0, Max: 0, Diff: 0, Sum: 0, Workers: 6
[38.212s][debug  ][gc,phases      ] GC(18)     Total                          Min: 683, Avg: 892.5, Max: 1088, Diff: 405, Sum: 5355, Workers: 6
[38.212s][debug  ][gc,phases      ] GC(18)   ResolvedMethodTable Weak       Min:  0.0, Avg:  0.0, Max:  0.0, Diff:  0.0, Sum:  0.0, Workers: 6
[38.212s][debug  ][gc,phases      ] GC(18)     Dead                           Min: 0, Avg:  0.0, Max: 0, Diff: 0, Sum: 0, Workers: 6
[38.212s][debug  ][gc,phases      ] GC(18)     Total                          Min: 0, Avg: 21.7, Max: 64, Diff: 64, Sum: 130, Workers: 6
[38.212s][debug  ][gc,phases      ] GC(18)   JNI Weak                       Min:  0.0, Avg:  0.0, Max:  0.0, Diff:  0.0, Sum:  0.0, Workers: 6
[38.212s][debug  ][gc,phases      ] GC(18)     Dead                           Min: 0, Avg:  0.0, Max: 0, Diff: 0, Sum: 0, Workers: 6
[38.212s][debug  ][gc,phases      ] GC(18)     Total                          Min: 0, Avg:  0.0, Max: 0, Diff: 0, Sum: 0, Workers: 6
[38.212s][debug  ][gc,phases      ] GC(18)   StringDedup Table Weak         Min:  0.0, Avg:  0.0, Max:  0.0, Diff:  0.0, Sum:  0.0, Workers: 6
[38.212s][debug  ][gc,phases      ] GC(18)     Dead                           Min: 0, Avg:  0.0, Max: 0, Diff: 0, Sum: 0, Workers: 6
[38.212s][debug  ][gc,phases      ] GC(18)     Total                          Min: 0, Avg:  0.0, Max: 0, Diff: 0, Sum: 0, Workers: 6
[38.212s][debug  ][gc,phases      ] GC(18)   StringDedup Requests0 Weak     Min:  0.0, Avg:  0.0, Max:  0.0, Diff:  0.0, Sum:  0.0, Workers: 6
[38.212s][debug  ][gc,phases      ] GC(18)     Dead                           Min: 0, Avg:  0.0, Max: 0, Diff: 0, Sum: 0, Workers: 6
[38.212s][debug  ][gc,phases      ] GC(18)     Total                          Min: 0, Avg:  0.0, Max: 0, Diff: 0, Sum: 0, Workers: 6
[38.212s][debug  ][gc,phases      ] GC(18)   StringDedup Requests1 Weak     Min:  0.0, Avg:  0.0, Max:  0.0, Diff:  0.0, Sum:  0.0, Workers: 6
[38.212s][debug  ][gc,phases      ] GC(18)     Dead                           Min: 0, Avg:  0.0, Max: 0, Diff: 0, Sum: 0, Workers: 6
[38.212s][debug  ][gc,phases      ] GC(18)     Total                          Min: 0, Avg:  0.0, Max: 0, Diff: 0, Sum: 0, Workers: 6
[38.212s][debug  ][gc,phases      ] GC(18)   Weak JFR Old Object Samples    Min:  0.0, Avg:  0.0, Max:  0.0, Diff:  0.0, Sum:  0.0, Workers: 6
[38.212s][debug  ][gc,phases      ] GC(18)     Dead                           Min: 0, Avg:  0.0, Max: 0, Diff: 0, Sum: 0, Workers: 6
[38.212s][debug  ][gc,phases      ] GC(18)     Total                          Min: 0, Avg:  0.0, Max: 0, Diff: 0, Sum: 0, Workers: 6
[38.212s][debug  ][gc,phases      ] GC(18) Weak Processing 0.803ms
[38.212s][debug  ][gc,ergo        ] GC(18) AdaptiveSizeStart:  collection: 19 
[38.212s][debug  ][gc,ergo        ] GC(18) avg_survived_padded_avg: 99996448.000000
[38.212s][debug  ][gc,ergo        ] GC(18) avg_promoted_padded_avg: 32892638.000000  avg_pretenured_padded_avg: 0.000000  tenuring_thresh: 1  target_size: 67108864
[38.212s][debug  ][gc,age         ] GC(18) Desired survivor size 67108864 bytes, new threshold 1 (max threshold 15)
[38.212s][debug  ][gc,ergo        ] GC(18) PSAdaptiveSizePolicy::compute_eden_space_size: costs minor_time: 0.003157 major_cost: 0.000000 mutator_cost: 0.996843 throughput_goal: 0.990000
[38.213s][debug  ][gc,ergo        ] GC(18) Live_space: 310972800 free_space: 265289728
[38.213s][debug  ][gc,ergo        ] GC(18) Old eden_size: 131072000 desired_eden_size: 131072000
[38.213s][debug  ][gc,ergo        ] GC(18) AdaptiveSizeStop: collection: 19 
[38.213s][info   ][gc,heap        ] GC(18) PSYoungGen: 195125K(196608K)->1024K(196608K) Eden: 130612K(131072K)->0K(131072K) From: 64512K(65536K)->1024K(65536K)
[38.213s][info   ][gc,heap        ] GC(18) ParOldGen: 125642K(786432K)->125642K(786432K)
[38.213s][info   ][gc,metaspace   ] GC(18) Metaspace: 1024K(1216K)->1024K(1216K) NonClass: 940K(1024K)->940K(1024K) Class: 83K(192K)->83K(192K)
[38.213s][info   ][gc             ] GC(18) Pause Young (Allocation Failure) 313M->123M(960M) 2.208ms
[38.213s][info   ][gc,cpu         ] GC(18) User=0.00s Sys=0.00s Real=0.00s
[38.213s][debug  ][gc,heap        ] GC(18) Heap after GC invocations=19 (full 0):
[38.213s][debug  ][gc,heap        ] GC(18)  PSYoungGen      total 196608K, used 1024K [0x00000000f0000000, 0x0000000100000000, 0x0000000100000000)
[38.213s][debug  ][gc,heap        ] GC(18)   eden space 131072K, 0% used [0x00000000f0000000,0x00000000f0000000,0x00000000f8000000)
[38.213s][debug  ][gc,heap        ] GC(18)   from space 65536K, 1% used [0x00000000f8000000,0x00000000f8100010,0x00000000fc000000)
[38.213s][debug  ][gc,heap        ] GC(18)   to   space 65536K, 0% used [0x00000000fc000000,0x00000000fc000000,0x0000000100000000)
[38.213s][debug  ][gc,heap        ] GC(18)  ParOldGen       total 786432K, used 125642K [0x00000000c0000000, 0x00000000f0000000, 0x00000000f0000000)
[38.213s][debug  ][gc,heap        ] GC(18)   object space 786432K, 15% used [0x00000000c0000000,0x00000000c7ab2b40,0x00000000f0000000)
[38.213s][debug  ][gc,heap        ] GC(18)  Metaspace       used 1024K, committed 1216K, reserved 1056768K
[38.213s][debug  ][gc,heap        ] GC(18)   class space    used 83K, committed 192K, reserved 1048576K
[38.213s][debug  ][gc,task,time   ] GC(18) VM-Thread 382100658 382108750 382130296
[40.222s][debug  ][gc,heap        ] GC(19) Heap before GC invocations=20 (full 0):
[40.222s][debug  ][gc,heap        ] GC(19)  PSYoungGen      total 196608K, used 131636K [0x00000000f0000000, 0x0000000100000000, 0x0000000100000000)
[40.222s][debug  ][gc,heap        ] GC(19)   eden space 131072K, 99% used [0x00000000f0000000,0x00000000f7f8d058,0x00000000f8000000)
[40.222s][debug  ][gc,heap        ] GC(19)   from space 65536K, 1% used [0x00000000f8000000,0x00000000f8100010,0x00000000fc000000)
[40.222s][debug  ][gc,heap        ] GC(19)   to   space 65536K, 0% used [0x00000000fc000000,0x00000000fc000000,0x0000000100000000)
[40.222s][debug  ][gc,heap        ] GC(19)  ParOldGen       total 786432K, used 125642K [0x00000000c0000000, 0x00000000f0000000, 0x00000000f0000000)
[40.222s][debug  ][gc,heap        ] GC(19)   object space 786432K, 15% used [0x00000000c0000000,0x00000000c7ab2b40,0x00000000f0000000)
[40.222s][debug  ][gc,heap        ] GC(19)  Metaspace       used 1024K, committed 1216K, reserved 1056768K
[40.222s][debug  ][gc,heap        ] GC(19)   class space    used 83K, committed 192K, reserved 1048576K
[40.222s][debug  ][gc,tlab        ] GC(19) TLAB totals: thrds: 1  refills: 1 max: 1 slow allocs: 124 max 124 waste: 15.4% gc: 574528B max: 574528B slow: 0B max: 0B
[40.222s][info   ][gc,start       ] GC(19) Pause Young (Allocation Failure)
[40.222s][debug  ][gc,phases,start] GC(19) Scavenge
[40.225s][debug  ][gc,phases      ] GC(19) Scavenge 2.837ms
[40.225s][debug  ][gc,phases,start] GC(19) Reference Processing
[40.225s][debug  ][gc,ref         ] GC(19) Skipped phase 1 of Reference Processing: no references
[40.225s][debug  ][gc,ref         ] GC(19) Skipped phase 2 of Reference Processing: no references
[40.225s][debug  ][gc,ref         ] GC(19) Skipped phase 3 of Reference Processing: no references
[40.225s][debug  ][gc,ref         ] GC(19) Skipped phase 4 of Reference Processing: no references
[40.225s][debug  ][gc,phases,ref  ] GC(19) Reference Processing: 0.1ms
[40.226s][debug  ][gc,phases,ref  ] GC(19)   Reconsider SoftReferences: 0.0ms
[40.226s][debug  ][gc,phases,ref  ] GC(19)     SoftRef (ms):                  skipped
[40.226s][debug  ][gc,phases,ref  ] GC(19)   Notify Soft/WeakReferences: 0.0ms
[40.226s][debug  ][gc,phases,ref  ] GC(19)     SoftRef (ms):                  skipped
[40.226s][debug  ][gc,phases,ref  ] GC(19)     WeakRef (ms):                  skipped
[40.226s][debug  ][gc,phases,ref  ] GC(19)     FinalRef (ms):                 skipped
[40.226s][debug  ][gc,phases,ref  ] GC(19)     Total (ms):                    skipped
[40.226s][debug  ][gc,phases,ref  ] GC(19)   Notify and keep alive finalizable: 0.0ms
[40.226s][debug  ][gc,phases,ref  ] GC(19)     FinalRef (ms):                 skipped
[40.226s][debug  ][gc,phases,ref  ] GC(19)   Notify PhantomReferences: 0.0ms
[40.226s][debug  ][gc,phases,ref  ] GC(19)     PhantomRef (ms):               skipped
[40.226s][debug  ][gc,phases,ref  ] GC(19)   SoftReference:
[40.226s][debug  ][gc,phases,ref  ] GC(19)     Discovered: 0
[40.226s][debug  ][gc,phases,ref  ] GC(19)     Cleared: 0
[40.226s][debug  ][gc,phases,ref  ] GC(19)   WeakReference:
[40.226s][debug  ][gc,phases,ref  ] GC(19)     Discovered: 0
[40.226s][debug  ][gc,phases,ref  ] GC(19)     Cleared: 0
[40.226s][debug  ][gc,phases,ref  ] GC(19)   FinalReference:
[40.226s][debug  ][gc,phases,ref  ] GC(19)     Discovered: 0
[40.226s][debug  ][gc,phases,ref  ] GC(19)     Cleared: 0
[40.226s][debug  ][gc,phases,ref  ] GC(19)   PhantomReference:
[40.226s][debug  ][gc,phases,ref  ] GC(19)     Discovered: 0
[40.226s][debug  ][gc,phases,ref  ] GC(19)     Cleared: 0
[40.226s][debug  ][gc,phases      ] GC(19) Reference Processing 0.727ms
[40.226s][debug  ][gc,phases,start] GC(19) Weak Processing
[40.226s][debug  ][gc,phases      ] GC(19)   VM Weak                        Min:  0.0, Avg:  0.0, Max:  0.0, Diff:  0.0, Sum:  0.0, Workers: 6
[40.226s][debug  ][gc,phases      ] GC(19)     Dead                           Min: 0, Avg:  0.0, Max: 0, Diff: 0, Sum: 0, Workers: 6
[40.226s][debug  ][gc,phases      ] GC(19)     Total                          Min: 0, Avg:  1.3, Max: 8, Diff: 8, Sum: 8, Workers: 6
[40.226s][debug  ][gc,phases      ] GC(19)   ObjectSynchronizer Weak        Min:  0.0, Avg:  0.0, Max:  0.0, Diff:  0.0, Sum:  0.0, Workers: 6
[40.226s][debug  ][gc,phases      ] GC(19)     Dead                           Min: 0, Avg:  0.0, Max: 0, Diff: 0, Sum: 0, Workers: 6
[40.226s][debug  ][gc,phases      ] GC(19)     Total                          Min: 0, Avg:  0.5, Max: 3, Diff: 3, Sum: 3, Workers: 6
[40.226s][debug  ][gc,phases      ] GC(19)   JVMTI Tag Weak OopStorage      Min:  0.0, Avg:  0.0, Max:  0.0, Diff:  0.0, Sum:  0.0, Workers: 6
[40.226s][debug  ][gc,phases      ] GC(19)     Dead                           Min: 0, Avg:  0.0, Max: 0, Diff: 0, Sum: 0, Workers: 6
[40.226s][debug  ][gc,phases      ] GC(19)     Total                          Min: 0, Avg:  0.0, Max: 0, Diff: 0, Sum: 0, Workers: 6
[40.226s][debug  ][gc,phases      ] GC(19)   StringTable Weak               Min:  0.0, Avg:  0.0, Max:  0.0, Diff:  0.0, Sum:  0.0, Workers: 6
[40.226s][debug  ][gc,phases      ] GC(19)     Dead                           Min: 0, Avg:  0.0, Max: 0, Diff: 0, Sum: 0, Workers: 6
[40.226s][debug  ][gc,phases      ] GC(19)     Total                          Min: 768, Avg: 892.5, Max: 1152, Diff: 384, Sum: 5355, Workers: 6
[40.226s][debug  ][gc,phases      ] GC(19)   ResolvedMethodTable Weak       Min:  0.0, Avg:  0.0, Max:  0.0, Diff:  0.0, Sum:  0.0, Workers: 6
[40.227s][debug  ][gc,phases      ] GC(19)     Dead                           Min: 0, Avg:  0.0, Max: 0, Diff: 0, Sum: 0, Workers: 6
[40.227s][debug  ][gc,phases      ] GC(19)     Total                          Min: 0, Avg: 21.7, Max: 64, Diff: 64, Sum: 130, Workers: 6
[40.227s][debug  ][gc,phases      ] GC(19)   JNI Weak                       Min:  0.0, Avg:  0.0, Max:  0.0, Diff:  0.0, Sum:  0.0, Workers: 6
[40.227s][debug  ][gc,phases      ] GC(19)     Dead                           Min: 0, Avg:  0.0, Max: 0, Diff: 0, Sum: 0, Workers: 6
[40.227s][debug  ][gc,phases      ] GC(19)     Total                          Min: 0, Avg:  0.0, Max: 0, Diff: 0, Sum: 0, Workers: 6
[40.227s][debug  ][gc,phases      ] GC(19)   StringDedup Table Weak         Min:  0.0, Avg:  0.0, Max:  0.0, Diff:  0.0, Sum:  0.0, Workers: 6
[40.227s][debug  ][gc,phases      ] GC(19)     Dead                           Min: 0, Avg:  0.0, Max: 0, Diff: 0, Sum: 0, Workers: 6
[40.227s][debug  ][gc,phases      ] GC(19)     Total                          Min: 0, Avg:  0.0, Max: 0, Diff: 0, Sum: 0, Workers: 6
[40.227s][debug  ][gc,phases      ] GC(19)   StringDedup Requests0 Weak     Min:  0.0, Avg:  0.0, Max:  0.0, Diff:  0.0, Sum:  0.0, Workers: 6
[40.227s][debug  ][gc,phases      ] GC(19)     Dead                           Min: 0, Avg:  0.0, Max: 0, Diff: 0, Sum: 0, Workers: 6
[40.227s][debug  ][gc,phases      ] GC(19)     Total                          Min: 0, Avg:  0.0, Max: 0, Diff: 0, Sum: 0, Workers: 6
[40.227s][debug  ][gc,phases      ] GC(19)   StringDedup Requests1 Weak     Min:  0.0, Avg:  0.0, Max:  0.0, Diff:  0.0, Sum:  0.0, Workers: 6
[40.227s][debug  ][gc,phases      ] GC(19)     Dead                           Min: 0, Avg:  0.0, Max: 0, Diff: 0, Sum: 0, Workers: 6
[40.227s][debug  ][gc,phases      ] GC(19)     Total                          Min: 0, Avg:  0.0, Max: 0, Diff: 0, Sum: 0, Workers: 6
[40.227s][debug  ][gc,phases      ] GC(19)   Weak JFR Old Object Samples    Min:  0.0, Avg:  0.0, Max:  0.0, Diff:  0.0, Sum:  0.0, Workers: 6
[40.227s][debug  ][gc,phases      ] GC(19)     Dead                           Min: 0, Avg:  0.0, Max: 0, Diff: 0, Sum: 0, Workers: 6
[40.227s][debug  ][gc,phases      ] GC(19)     Total                          Min: 0, Avg:  0.0, Max: 0, Diff: 0, Sum: 0, Workers: 6
[40.227s][debug  ][gc,phases      ] GC(19) Weak Processing 0.848ms
[40.227s][debug  ][gc,ergo        ] GC(19) AdaptiveSizeStart:  collection: 20 
[40.227s][debug  ][gc,ergo        ] GC(19) avg_survived_padded_avg: 96490592.000000
[40.227s][debug  ][gc,ergo        ] GC(19) avg_promoted_padded_avg: 32232286.000000  avg_pretenured_padded_avg: 0.000000  tenuring_thresh: 1  target_size: 67108864
[40.227s][debug  ][gc,age         ] GC(19) Desired survivor size 67108864 bytes, new threshold 1 (max threshold 15)
[40.227s][debug  ][gc,ergo        ] GC(19) PSAdaptiveSizePolicy::compute_eden_space_size: costs minor_time: 0.002934 major_cost: 0.000000 mutator_cost: 0.997066 throughput_goal: 0.990000
[40.227s][debug  ][gc,ergo        ] GC(19) Live_space: 309655136 free_space: 265289728
[40.227s][debug  ][gc,ergo        ] GC(19) Old eden_size: 131072000 desired_eden_size: 131072000
[40.227s][debug  ][gc,ergo        ] GC(19) AdaptiveSizeStop: collection: 20 
[40.227s][info   ][gc,heap        ] GC(19) PSYoungGen: 131636K(196608K)->28672K(196608K) Eden: 130612K(131072K)->0K(131072K) From: 1024K(65536K)->28672K(65536K)
[40.227s][info   ][gc,heap        ] GC(19) ParOldGen: 125642K(786432K)->125642K(786432K)
[40.227s][info   ][gc,metaspace   ] GC(19) Metaspace: 1024K(1216K)->1024K(1216K) NonClass: 940K(1024K)->940K(1024K) Class: 83K(192K)->83K(192K)
[40.227s][info   ][gc             ] GC(19) Pause Young (Allocation Failure) 251M->150M(960M) 4.952ms
[40.227s][info   ][gc,cpu         ] GC(19) User=0.00s Sys=0.00s Real=0.00s
[40.227s][debug  ][gc,heap        ] GC(19) Heap after GC invocations=20 (full 0):
[40.227s][debug  ][gc,heap        ] GC(19)  PSYoungGen      total 196608K, used 28672K [0x00000000f0000000, 0x0000000100000000, 0x0000000100000000)
[40.227s][debug  ][gc,heap        ] GC(19)   eden space 131072K, 0% used [0x00000000f0000000,0x00000000f0000000,0x00000000f8000000)
[40.227s][debug  ][gc,heap        ] GC(19)   from space 65536K, 43% used [0x00000000fc000000,0x00000000fdc001c0,0x0000000100000000)
[40.227s][debug  ][gc,heap        ] GC(19)   to   space 65536K, 0% used [0x00000000f8000000,0x00000000f8000000,0x00000000fc000000)
[40.228s][debug  ][gc,heap        ] GC(19)  ParOldGen       total 786432K, used 125642K [0x00000000c0000000, 0x00000000f0000000, 0x00000000f0000000)
[40.228s][debug  ][gc,heap        ] GC(19)   object space 786432K, 15% used [0x00000000c0000000,0x00000000c7ab2b40,0x00000000f0000000)
[40.228s][debug  ][gc,heap        ] GC(19)  Metaspace       used 1024K, committed 1216K, reserved 1056768K
[40.228s][debug  ][gc,heap        ] GC(19)   class space    used 83K, committed 192K, reserved 1048576K
[40.228s][debug  ][gc,task,time   ] GC(19) VM-Thread 402219126 402253393 402276039
[42.229s][debug  ][gc,heap        ] GC(20) Heap before GC invocations=21 (full 0):
[42.229s][debug  ][gc,heap        ] GC(20)  PSYoungGen      total 196608K, used 159284K [0x00000000f0000000, 0x0000000100000000, 0x0000000100000000)
[42.229s][debug  ][gc,heap        ] GC(20)   eden space 131072K, 99% used [0x00000000f0000000,0x00000000f7f8d070,0x00000000f8000000)
[42.229s][debug  ][gc,heap        ] GC(20)   from space 65536K, 43% used [0x00000000fc000000,0x00000000fdc001c0,0x0000000100000000)
[42.229s][debug  ][gc,heap        ] GC(20)   to   space 65536K, 0% used [0x00000000f8000000,0x00000000f8000000,0x00000000fc000000)
[42.229s][debug  ][gc,heap        ] GC(20)  ParOldGen       total 786432K, used 125642K [0x00000000c0000000, 0x00000000f0000000, 0x00000000f0000000)
[42.229s][debug  ][gc,heap        ] GC(20)   object space 786432K, 15% used [0x00000000c0000000,0x00000000c7ab2b40,0x00000000f0000000)
[42.229s][debug  ][gc,heap        ] GC(20)  Metaspace       used 1025K, committed 1216K, reserved 1056768K
[42.229s][debug  ][gc,heap        ] GC(20)   class space    used 83K, committed 192K, reserved 1048576K
[42.229s][debug  ][gc,tlab        ] GC(20) TLAB totals: thrds: 1  refills: 1 max: 1 slow allocs: 124 max 124 waste: 15.4% gc: 574552B max: 574552B slow: 0B max: 0B
[42.229s][info   ][gc,start       ] GC(20) Pause Young (Allocation Failure)
[42.229s][debug  ][gc,phases,start] GC(20) Scavenge
[42.235s][debug  ][gc,phases      ] GC(20) Scavenge 6.063ms
[42.235s][debug  ][gc,phases,start] GC(20) Reference Processing
[42.235s][debug  ][gc,ref         ] GC(20) Skipped phase 1 of Reference Processing: no references
[42.235s][debug  ][gc,ref         ] GC(20) Skipped phase 2 of Reference Processing: no references
[42.235s][debug  ][gc,ref         ] GC(20) Skipped phase 3 of Reference Processing: no references
[42.235s][debug  ][gc,ref         ] GC(20) Skipped phase 4 of Reference Processing: no references
[42.235s][debug  ][gc,phases,ref  ] GC(20) Reference Processing: 0.1ms
[42.235s][debug  ][gc,phases,ref  ] GC(20)   Reconsider SoftReferences: 0.0ms
[42.235s][debug  ][gc,phases,ref  ] GC(20)     SoftRef (ms):                  skipped
[42.235s][debug  ][gc,phases,ref  ] GC(20)   Notify Soft/WeakReferences: 0.0ms
[42.235s][debug  ][gc,phases,ref  ] GC(20)     SoftRef (ms):                  skipped
[42.235s][debug  ][gc,phases,ref  ] GC(20)     WeakRef (ms):                  skipped
[42.235s][debug  ][gc,phases,ref  ] GC(20)     FinalRef (ms):                 skipped
[42.235s][debug  ][gc,phases,ref  ] GC(20)     Total (ms):                    skipped
[42.235s][debug  ][gc,phases,ref  ] GC(20)   Notify and keep alive finalizable: 0.0ms
[42.235s][debug  ][gc,phases,ref  ] GC(20)     FinalRef (ms):                 skipped
[42.236s][debug  ][gc,phases,ref  ] GC(20)   Notify PhantomReferences: 0.0ms
[42.236s][debug  ][gc,phases,ref  ] GC(20)     PhantomRef (ms):               skipped
[42.236s][debug  ][gc,phases,ref  ] GC(20)   SoftReference:
[42.236s][debug  ][gc,phases,ref  ] GC(20)     Discovered: 0
[42.236s][debug  ][gc,phases,ref  ] GC(20)     Cleared: 0
[42.236s][debug  ][gc,phases,ref  ] GC(20)   WeakReference:
[42.236s][debug  ][gc,phases,ref  ] GC(20)     Discovered: 0
[42.236s][debug  ][gc,phases,ref  ] GC(20)     Cleared: 0
[42.236s][debug  ][gc,phases,ref  ] GC(20)   FinalReference:
[42.236s][debug  ][gc,phases,ref  ] GC(20)     Discovered: 0
[42.236s][debug  ][gc,phases,ref  ] GC(20)     Cleared: 0
[42.236s][debug  ][gc,phases,ref  ] GC(20)   PhantomReference:
[42.236s][debug  ][gc,phases,ref  ] GC(20)     Discovered: 0
[42.236s][debug  ][gc,phases,ref  ] GC(20)     Cleared: 0
[42.236s][debug  ][gc,phases      ] GC(20) Reference Processing 0.597ms
[42.236s][debug  ][gc,phases,start] GC(20) Weak Processing
[42.236s][debug  ][gc,phases      ] GC(20)   VM Weak                        Min:  0.0, Avg:  0.0, Max:  0.0, Diff:  0.0, Sum:  0.0, Workers: 6
[42.236s][debug  ][gc,phases      ] GC(20)     Dead                           Min: 0, Avg:  0.0, Max: 0, Diff: 0, Sum: 0, Workers: 6
[42.236s][debug  ][gc,phases      ] GC(20)     Total                          Min: 0, Avg:  1.3, Max: 8, Diff: 8, Sum: 8, Workers: 6
[42.236s][debug  ][gc,phases      ] GC(20)   ObjectSynchronizer Weak        Min:  0.0, Avg:  0.0, Max:  0.0, Diff:  0.0, Sum:  0.0, Workers: 6
[42.236s][debug  ][gc,phases      ] GC(20)     Dead                           Min: 0, Avg:  0.0, Max: 0, Diff: 0, Sum: 0, Workers: 6
[42.236s][debug  ][gc,phases      ] GC(20)     Total                          Min: 0, Avg:  0.5, Max: 3, Diff: 3, Sum: 3, Workers: 6
[42.236s][debug  ][gc,phases      ] GC(20)   JVMTI Tag Weak OopStorage      Min:  0.0, Avg:  0.0, Max:  0.0, Diff:  0.0, Sum:  0.0, Workers: 6
[42.236s][debug  ][gc,phases      ] GC(20)     Dead                           Min: 0, Avg:  0.0, Max: 0, Diff: 0, Sum: 0, Workers: 6
[42.236s][debug  ][gc,phases      ] GC(20)     Total                          Min: 0, Avg:  0.0, Max: 0, Diff: 0, Sum: 0, Workers: 6
[42.236s][debug  ][gc,phases      ] GC(20)   StringTable Weak               Min:  0.0, Avg:  0.0, Max:  0.0, Diff:  0.0, Sum:  0.0, Workers: 6
[42.236s][debug  ][gc,phases      ] GC(20)     Dead                           Min: 0, Avg:  0.0, Max: 0, Diff: 0, Sum: 0, Workers: 6
[42.236s][debug  ][gc,phases      ] GC(20)     Total                          Min: 768, Avg: 892.5, Max: 1024, Diff: 256, Sum: 5355, Workers: 6
[42.236s][debug  ][gc,phases      ] GC(20)   ResolvedMethodTable Weak       Min:  0.0, Avg:  0.0, Max:  0.0, Diff:  0.0, Sum:  0.0, Workers: 6
[42.236s][debug  ][gc,phases      ] GC(20)     Dead                           Min: 0, Avg:  0.0, Max: 0, Diff: 0, Sum: 0, Workers: 6
[42.236s][debug  ][gc,phases      ] GC(20)     Total                          Min: 0, Avg: 21.7, Max: 64, Diff: 64, Sum: 130, Workers: 6
[42.236s][debug  ][gc,phases      ] GC(20)   JNI Weak                       Min:  0.0, Avg:  0.0, Max:  0.0, Diff:  0.0, Sum:  0.0, Workers: 6
[42.236s][debug  ][gc,phases      ] GC(20)     Dead                           Min: 0, Avg:  0.0, Max: 0, Diff: 0, Sum: 0, Workers: 6
[42.236s][debug  ][gc,phases      ] GC(20)     Total                          Min: 0, Avg:  0.0, Max: 0, Diff: 0, Sum: 0, Workers: 6
[42.236s][debug  ][gc,phases      ] GC(20)   StringDedup Table Weak         Min:  0.0, Avg:  0.0, Max:  0.0, Diff:  0.0, Sum:  0.0, Workers: 6
[42.236s][debug  ][gc,phases      ] GC(20)     Dead                           Min: 0, Avg:  0.0, Max: 0, Diff: 0, Sum: 0, Workers: 6
[42.236s][debug  ][gc,phases      ] GC(20)     Total                          Min: 0, Avg:  0.0, Max: 0, Diff: 0, Sum: 0, Workers: 6
[42.236s][debug  ][gc,phases      ] GC(20)   StringDedup Requests0 Weak     Min:  0.0, Avg:  0.0, Max:  0.0, Diff:  0.0, Sum:  0.0, Workers: 6
[42.236s][debug  ][gc,phases      ] GC(20)     Dead                           Min: 0, Avg:  0.0, Max: 0, Diff: 0, Sum: 0, Workers: 6
[42.236s][debug  ][gc,phases      ] GC(20)     Total                          Min: 0, Avg:  0.0, Max: 0, Diff: 0, Sum: 0, Workers: 6
[42.236s][debug  ][gc,phases      ] GC(20)   StringDedup Requests1 Weak     Min:  0.0, Avg:  0.0, Max:  0.0, Diff:  0.0, Sum:  0.0, Workers: 6
[42.236s][debug  ][gc,phases      ] GC(20)     Dead                           Min: 0, Avg:  0.0, Max: 0, Diff: 0, Sum: 0, Workers: 6
[42.236s][debug  ][gc,phases      ] GC(20)     Total                          Min: 0, Avg:  0.0, Max: 0, Diff: 0, Sum: 0, Workers: 6
[42.236s][debug  ][gc,phases      ] GC(20)   Weak JFR Old Object Samples    Min:  0.0, Avg:  0.0, Max:  0.0, Diff:  0.0, Sum:  0.0, Workers: 6
[42.236s][debug  ][gc,phases      ] GC(20)     Dead                           Min: 0, Avg:  0.0, Max: 0, Diff: 0, Sum: 0, Workers: 6
[42.236s][debug  ][gc,phases      ] GC(20)     Total                          Min: 0, Avg:  0.0, Max: 0, Diff: 0, Sum: 0, Workers: 6
[42.237s][debug  ][gc,phases      ] GC(20) Weak Processing 0.698ms
[42.237s][debug  ][gc,ergo        ] GC(20) AdaptiveSizeStart:  collection: 21 
[42.237s][debug  ][gc,ergo        ] GC(20) avg_survived_padded_avg: 97051072.000000
[42.237s][debug  ][gc,ergo        ] GC(20) avg_promoted_padded_avg: 31637970.000000  avg_pretenured_padded_avg: 0.000000  tenuring_thresh: 1  target_size: 67108864
[42.237s][debug  ][gc,age         ] GC(20) Desired survivor size 67108864 bytes, new threshold 1 (max threshold 15)
[42.237s][debug  ][gc,ergo        ] GC(20) PSAdaptiveSizePolicy::compute_eden_space_size: costs minor_time: 0.003133 major_cost: 0.000000 mutator_cost: 0.996867 throughput_goal: 0.990000
[42.237s][debug  ][gc,ergo        ] GC(20) Live_space: 311300416 free_space: 265289728
[42.237s][debug  ][gc,ergo        ] GC(20) Old eden_size: 131072000 desired_eden_size: 131072000
[42.237s][debug  ][gc,ergo        ] GC(20) AdaptiveSizeStop: collection: 21 
[42.237s][info   ][gc,heap        ] GC(20) PSYoungGen: 159284K(196608K)->56320K(196608K) Eden: 130612K(131072K)->0K(131072K) From: 28672K(65536K)->56320K(65536K)
[42.237s][info   ][gc,heap        ] GC(20) ParOldGen: 125642K(786432K)->125642K(786432K)
[42.237s][info   ][gc,metaspace   ] GC(20) Metaspace: 1025K(1216K)->1025K(1216K) NonClass: 941K(1024K)->941K(1024K) Class: 83K(192K)->83K(192K)
[42.237s][info   ][gc             ] GC(20) Pause Young (Allocation Failure) 278M->177M(960M) 7.815ms
[42.237s][info   ][gc,cpu         ] GC(20) User=0.14s Sys=0.00s Real=0.01s
[42.237s][debug  ][gc,heap        ] GC(20) Heap after GC invocations=21 (full 0):
[42.237s][debug  ][gc,heap        ] GC(20)  PSYoungGen      total 196608K, used 56320K [0x00000000f0000000, 0x0000000100000000, 0x0000000100000000)
[42.237s][debug  ][gc,heap        ] GC(20)   eden space 131072K, 0% used [0x00000000f0000000,0x00000000f0000000,0x00000000f8000000)
[42.237s][debug  ][gc,heap        ] GC(20)   from space 65536K, 85% used [0x00000000f8000000,0x00000000fb700370,0x00000000fc000000)
[42.237s][debug  ][gc,heap        ] GC(20)   to   space 65536K, 0% used [0x00000000fc000000,0x00000000fc000000,0x0000000100000000)
[42.237s][debug  ][gc,heap        ] GC(20)  ParOldGen       total 786432K, used 125642K [0x00000000c0000000, 0x00000000f0000000, 0x00000000f0000000)
[42.237s][debug  ][gc,heap        ] GC(20)   object space 786432K, 15% used [0x00000000c0000000,0x00000000c7ab2b40,0x00000000f0000000)
[42.237s][debug  ][gc,heap        ] GC(20)  Metaspace       used 1025K, committed 1216K, reserved 1056768K
[42.237s][debug  ][gc,heap        ] GC(20)   class space    used 83K, committed 192K, reserved 1048576K
[42.237s][debug  ][gc,task,time   ] GC(20) VM-Thread 422285605 422351849 422370634
[44.246s][debug  ][gc,heap        ] GC(21) Heap before GC invocations=22 (full 0):
[44.246s][debug  ][gc,heap        ] GC(21)  PSYoungGen      total 196608K, used 186932K [0x00000000f0000000, 0x0000000100000000, 0x0000000100000000)
[44.246s][debug  ][gc,heap        ] GC(21)   eden space 131072K, 99% used [0x00000000f0000000,0x00000000f7f8d078,0x00000000f8000000)
[44.246s][debug  ][gc,heap        ] GC(21)   from space 65536K, 85% used [0x00000000f8000000,0x00000000fb700370,0x00000000fc000000)
[44.246s][debug  ][gc,heap        ] GC(21)   to   space 65536K, 0% used [0x00000000fc000000,0x00000000fc000000,0x0000000100000000)
[44.246s][debug  ][gc,heap        ] GC(21)  ParOldGen       total 786432K, used 125642K [0x00000000c0000000, 0x00000000f0000000, 0x00000000f0000000)
[44.246s][debug  ][gc,heap        ] GC(21)   object space 786432K, 15% used [0x00000000c0000000,0x00000000c7ab2b40,0x00000000f0000000)
[44.246s][debug  ][gc,heap        ] GC(21)  Metaspace       used 1026K, committed 1216K, reserved 1056768K
[44.246s][debug  ][gc,heap        ] GC(21)   class space    used 83K, committed 192K, reserved 1048576K
[44.246s][debug  ][gc,tlab        ] GC(21) TLAB totals: thrds: 1  refills: 1 max: 1 slow allocs: 124 max 124 waste: 15.4% gc: 574560B max: 574560B slow: 0B max: 0B
[44.246s][info   ][gc,start       ] GC(21) Pause Young (Allocation Failure)
[44.246s][debug  ][gc,phases,start] GC(21) Scavenge
[44.256s][debug  ][gc,phases      ] GC(21) Scavenge 9.857ms
[44.256s][debug  ][gc,phases,start] GC(21) Reference Processing
[44.256s][debug  ][gc,ref         ] GC(21) Skipped phase 1 of Reference Processing: no references
[44.256s][debug  ][gc,ref         ] GC(21) Skipped phase 2 of Reference Processing: no references
[44.256s][debug  ][gc,ref         ] GC(21) Skipped phase 3 of Reference Processing: no references
[44.256s][debug  ][gc,ref         ] GC(21) Skipped phase 4 of Reference Processing: no references
[44.256s][debug  ][gc,phases,ref  ] GC(21) Reference Processing: 0.1ms
[44.257s][debug  ][gc,phases,ref  ] GC(21)   Reconsider SoftReferences: 0.0ms
[44.257s][debug  ][gc,phases,ref  ] GC(21)     SoftRef (ms):                  skipped
[44.257s][debug  ][gc,phases,ref  ] GC(21)   Notify Soft/WeakReferences: 0.0ms
[44.257s][debug  ][gc,phases,ref  ] GC(21)     SoftRef (ms):                  skipped
[44.257s][debug  ][gc,phases,ref  ] GC(21)     WeakRef (ms):                  skipped
[44.257s][debug  ][gc,phases,ref  ] GC(21)     FinalRef (ms):                 skipped
[44.257s][debug  ][gc,phases,ref  ] GC(21)     Total (ms):                    skipped
[44.257s][debug  ][gc,phases,ref  ] GC(21)   Notify and keep alive finalizable: 0.0ms
[44.257s][debug  ][gc,phases,ref  ] GC(21)     FinalRef (ms):                 skipped
[44.257s][debug  ][gc,phases,ref  ] GC(21)   Notify PhantomReferences: 0.0ms
[44.257s][debug  ][gc,phases,ref  ] GC(21)     PhantomRef (ms):               skipped
[44.257s][debug  ][gc,phases,ref  ] GC(21)   SoftReference:
[44.257s][debug  ][gc,phases,ref  ] GC(21)     Discovered: 0
[44.257s][debug  ][gc,phases,ref  ] GC(21)     Cleared: 0
[44.257s][debug  ][gc,phases,ref  ] GC(21)   WeakReference:
[44.257s][debug  ][gc,phases,ref  ] GC(21)     Discovered: 0
[44.257s][debug  ][gc,phases,ref  ] GC(21)     Cleared: 0
[44.257s][debug  ][gc,phases,ref  ] GC(21)   FinalReference:
[44.257s][debug  ][gc,phases,ref  ] GC(21)     Discovered: 0
[44.257s][debug  ][gc,phases,ref  ] GC(21)     Cleared: 0
[44.257s][debug  ][gc,phases,ref  ] GC(21)   PhantomReference:
[44.257s][debug  ][gc,phases,ref  ] GC(21)     Discovered: 0
[44.257s][debug  ][gc,phases,ref  ] GC(21)     Cleared: 0
[44.257s][debug  ][gc,phases      ] GC(21) Reference Processing 0.630ms
[44.257s][debug  ][gc,phases,start] GC(21) Weak Processing
[44.257s][debug  ][gc,phases      ] GC(21)   VM Weak                        Min:  0.0, Avg:  0.0, Max:  0.0, Diff:  0.0, Sum:  0.0, Workers: 6
[44.257s][debug  ][gc,phases      ] GC(21)     Dead                           Min: 0, Avg:  0.0, Max: 0, Diff: 0, Sum: 0, Workers: 6
[44.257s][debug  ][gc,phases      ] GC(21)     Total                          Min: 0, Avg:  1.3, Max: 8, Diff: 8, Sum: 8, Workers: 6
[44.257s][debug  ][gc,phases      ] GC(21)   ObjectSynchronizer Weak        Min:  0.0, Avg:  0.0, Max:  0.0, Diff:  0.0, Sum:  0.0, Workers: 6
[44.257s][debug  ][gc,phases      ] GC(21)     Dead                           Min: 0, Avg:  0.0, Max: 0, Diff: 0, Sum: 0, Workers: 6
[44.257s][debug  ][gc,phases      ] GC(21)     Total                          Min: 0, Avg:  0.5, Max: 3, Diff: 3, Sum: 3, Workers: 6
[44.257s][debug  ][gc,phases      ] GC(21)   JVMTI Tag Weak OopStorage      Min:  0.0, Avg:  0.0, Max:  0.0, Diff:  0.0, Sum:  0.0, Workers: 6
[44.257s][debug  ][gc,phases      ] GC(21)     Dead                           Min: 0, Avg:  0.0, Max: 0, Diff: 0, Sum: 0, Workers: 6
[44.257s][debug  ][gc,phases      ] GC(21)     Total                          Min: 0, Avg:  0.0, Max: 0, Diff: 0, Sum: 0, Workers: 6
[44.257s][debug  ][gc,phases      ] GC(21)   StringTable Weak               Min:  0.0, Avg:  0.0, Max:  0.0, Diff:  0.0, Sum:  0.1, Workers: 6
[44.257s][debug  ][gc,phases      ] GC(21)     Dead                           Min: 0, Avg:  0.0, Max: 0, Diff: 0, Sum: 0, Workers: 6
[44.257s][debug  ][gc,phases      ] GC(21)     Total                          Min: 768, Avg: 892.5, Max: 1088, Diff: 320, Sum: 5355, Workers: 6
[44.257s][debug  ][gc,phases      ] GC(21)   ResolvedMethodTable Weak       Min:  0.0, Avg:  0.0, Max:  0.0, Diff:  0.0, Sum:  0.0, Workers: 6
[44.257s][debug  ][gc,phases      ] GC(21)     Dead                           Min: 0, Avg:  0.0, Max: 0, Diff: 0, Sum: 0, Workers: 6
[44.257s][debug  ][gc,phases      ] GC(21)     Total                          Min: 0, Avg: 21.7, Max: 64, Diff: 64, Sum: 130, Workers: 6
[44.257s][debug  ][gc,phases      ] GC(21)   JNI Weak                       Min:  0.0, Avg:  0.0, Max:  0.0, Diff:  0.0, Sum:  0.0, Workers: 6
[44.257s][debug  ][gc,phases      ] GC(21)     Dead                           Min: 0, Avg:  0.0, Max: 0, Diff: 0, Sum: 0, Workers: 6
[44.257s][debug  ][gc,phases      ] GC(21)     Total                          Min: 0, Avg:  0.0, Max: 0, Diff: 0, Sum: 0, Workers: 6
[44.257s][debug  ][gc,phases      ] GC(21)   StringDedup Table Weak         Min:  0.0, Avg:  0.0, Max:  0.0, Diff:  0.0, Sum:  0.0, Workers: 6
[44.257s][debug  ][gc,phases      ] GC(21)     Dead                           Min: 0, Avg:  0.0, Max: 0, Diff: 0, Sum: 0, Workers: 6
[44.258s][debug  ][gc,phases      ] GC(21)     Total                          Min: 0, Avg:  0.0, Max: 0, Diff: 0, Sum: 0, Workers: 6
[44.258s][debug  ][gc,phases      ] GC(21)   StringDedup Requests0 Weak     Min:  0.0, Avg:  0.0, Max:  0.0, Diff:  0.0, Sum:  0.0, Workers: 6
[44.258s][debug  ][gc,phases      ] GC(21)     Dead                           Min: 0, Avg:  0.0, Max: 0, Diff: 0, Sum: 0, Workers: 6
[44.258s][debug  ][gc,phases      ] GC(21)     Total                          Min: 0, Avg:  0.0, Max: 0, Diff: 0, Sum: 0, Workers: 6
[44.258s][debug  ][gc,phases      ] GC(21)   StringDedup Requests1 Weak     Min:  0.0, Avg:  0.0, Max:  0.0, Diff:  0.0, Sum:  0.0, Workers: 6
[44.258s][debug  ][gc,phases      ] GC(21)     Dead                           Min: 0, Avg:  0.0, Max: 0, Diff: 0, Sum: 0, Workers: 6
[44.258s][debug  ][gc,phases      ] GC(21)     Total                          Min: 0, Avg:  0.0, Max: 0, Diff: 0, Sum: 0, Workers: 6
[44.258s][debug  ][gc,phases      ] GC(21)   Weak JFR Old Object Samples    Min:  0.0, Avg:  0.0, Max:  0.0, Diff:  0.0, Sum:  0.0, Workers: 6
[44.258s][debug  ][gc,phases      ] GC(21)     Dead                           Min: 0, Avg:  0.0, Max: 0, Diff: 0, Sum: 0, Workers: 6
[44.258s][debug  ][gc,phases      ] GC(21)     Total                          Min: 0, Avg:  0.0, Max: 0, Diff: 0, Sum: 0, Workers: 6
[44.258s][debug  ][gc,phases      ] GC(21) Weak Processing 0.692ms
[44.258s][debug  ][gc,ergo        ] GC(21) AdaptiveSizeStart:  collection: 22 
[44.258s][debug  ][gc,ergo        ] GC(21) avg_survived_padded_avg: 100215104.000000
[44.258s][debug  ][gc,ergo        ] GC(21) avg_promoted_padded_avg: 34401584.000000  avg_pretenured_padded_avg: 0.000000  tenuring_thresh: 1  target_size: 67108864
[44.258s][debug  ][gc,age         ] GC(21) Desired survivor size 67108864 bytes, new threshold 1 (max threshold 15)
[44.258s][debug  ][gc,ergo        ] GC(21) PSAdaptiveSizePolicy::compute_eden_space_size: costs minor_time: 0.003749 major_cost: 0.000000 mutator_cost: 0.996251 throughput_goal: 0.990000
[44.258s][debug  ][gc,ergo        ] GC(21) Live_space: 313620064 free_space: 265289728
[44.258s][debug  ][gc,ergo        ] GC(21) Old eden_size: 131072000 desired_eden_size: 131072000
[44.258s][debug  ][gc,ergo        ] GC(21) AdaptiveSizeStop: collection: 22 
[44.258s][info   ][gc,heap        ] GC(21) PSYoungGen: 186932K(196608K)->64512K(196608K) Eden: 130612K(131072K)->0K(131072K) From: 56320K(65536K)->64512K(65536K)
[44.258s][info   ][gc,heap        ] GC(21) ParOldGen: 125642K(786432K)->145099K(786432K)
[44.258s][info   ][gc,metaspace   ] GC(21) Metaspace: 1026K(1216K)->1026K(1216K) NonClass: 943K(1024K)->943K(1024K) Class: 83K(192K)->83K(192K)
[44.258s][info   ][gc             ] GC(21) Pause Young (Allocation Failure) 305M->204M(960M) 11.624ms
[44.258s][info   ][gc,cpu         ] GC(21) User=0.16s Sys=0.00s Real=0.01s
[44.258s][debug  ][gc,heap        ] GC(21) Heap after GC invocations=22 (full 0):
[44.258s][debug  ][gc,heap        ] GC(21)  PSYoungGen      total 196608K, used 64512K [0x00000000f0000000, 0x0000000100000000, 0x0000000100000000)
[44.258s][debug  ][gc,heap        ] GC(21)   eden space 131072K, 0% used [0x00000000f0000000,0x00000000f0000000,0x00000000f8000000)
[44.258s][debug  ][gc,heap        ] GC(21)   from space 65536K, 98% used [0x00000000fc000000,0x00000000fff003f0,0x0000000100000000)
[44.258s][debug  ][gc,heap        ] GC(21)   to   space 65536K, 0% used [0x00000000f8000000,0x00000000f8000000,0x00000000fc000000)
[44.258s][debug  ][gc,heap        ] GC(21)  ParOldGen       total 786432K, used 145099K [0x00000000c0000000, 0x00000000f0000000, 0x00000000f0000000)
[44.258s][debug  ][gc,heap        ] GC(21)   object space 786432K, 18% used [0x00000000c0000000,0x00000000c8db2c70,0x00000000f0000000)
[44.258s][debug  ][gc,heap        ] GC(21)  Metaspace       used 1026K, committed 1216K, reserved 1056768K
[44.258s][debug  ][gc,heap        ] GC(21)   class space    used 83K, committed 192K, reserved 1048576K
[44.258s][debug  ][gc,task,time   ] GC(21) VM-Thread 442458778 442563774 442582306
[46.258s][debug  ][gc,heap        ] GC(22) Heap before GC invocations=23 (full 0):
[46.258s][debug  ][gc,heap        ] GC(22)  PSYoungGen      total 196608K, used 195125K [0x00000000f0000000, 0x0000000100000000, 0x0000000100000000)
[46.258s][debug  ][gc,heap        ] GC(22)   eden space 131072K, 99% used [0x00000000f0000000,0x00000000f7f8d078,0x00000000f8000000)
[46.258s][debug  ][gc,heap        ] GC(22)   from space 65536K, 98% used [0x00000000fc000000,0x00000000fff003f0,0x0000000100000000)
[46.258s][debug  ][gc,heap        ] GC(22)   to   space 65536K, 0% used [0x00000000f8000000,0x00000000f8000000,0x00000000fc000000)
[46.258s][debug  ][gc,heap        ] GC(22)  ParOldGen       total 786432K, used 145099K [0x00000000c0000000, 0x00000000f0000000, 0x00000000f0000000)
[46.258s][debug  ][gc,heap        ] GC(22)   object space 786432K, 18% used [0x00000000c0000000,0x00000000c8db2c70,0x00000000f0000000)
[46.258s][debug  ][gc,heap        ] GC(22)  Metaspace       used 1027K, committed 1216K, reserved 1056768K
[46.258s][debug  ][gc,heap        ] GC(22)   class space    used 83K, committed 192K, reserved 1048576K
[46.258s][debug  ][gc,tlab        ] GC(22) TLAB totals: thrds: 1  refills: 1 max: 1 slow allocs: 124 max 124 waste: 15.4% gc: 573496B max: 573496B slow: 0B max: 0B
[46.258s][info   ][gc,start       ] GC(22) Pause Young (Allocation Failure)
[46.258s][debug  ][gc,phases,start] GC(22) Scavenge
[46.259s][debug  ][gc,phases      ] GC(22) Scavenge 0.900ms
[46.259s][debug  ][gc,phases,start] GC(22) Reference Processing
[46.259s][debug  ][gc,ref         ] GC(22) Skipped phase 1 of Reference Processing: no references
[46.259s][debug  ][gc,ref         ] GC(22) Skipped phase 2 of Reference Processing: no references
[46.259s][debug  ][gc,ref         ] GC(22) Skipped phase 3 of Reference Processing: no references
[46.259s][debug  ][gc,ref         ] GC(22) Skipped phase 4 of Reference Processing: no references
[46.259s][debug  ][gc,phases,ref  ] GC(22) Reference Processing: 0.1ms
[46.259s][debug  ][gc,phases,ref  ] GC(22)   Reconsider SoftReferences: 0.0ms
[46.259s][debug  ][gc,phases,ref  ] GC(22)     SoftRef (ms):                  skipped
[46.259s][debug  ][gc,phases,ref  ] GC(22)   Notify Soft/WeakReferences: 0.0ms
[46.259s][debug  ][gc,phases,ref  ] GC(22)     SoftRef (ms):                  skipped
[46.259s][debug  ][gc,phases,ref  ] GC(22)     WeakRef (ms):                  skipped
[46.259s][debug  ][gc,phases,ref  ] GC(22)     FinalRef (ms):                 skipped
[46.259s][debug  ][gc,phases,ref  ] GC(22)     Total (ms):                    skipped
[46.259s][debug  ][gc,phases,ref  ] GC(22)   Notify and keep alive finalizable: 0.0ms
[46.259s][debug  ][gc,phases,ref  ] GC(22)     FinalRef (ms):                 skipped
[46.259s][debug  ][gc,phases,ref  ] GC(22)   Notify PhantomReferences: 0.0ms
[46.259s][debug  ][gc,phases,ref  ] GC(22)     PhantomRef (ms):               skipped
[46.259s][debug  ][gc,phases,ref  ] GC(22)   SoftReference:
[46.259s][debug  ][gc,phases,ref  ] GC(22)     Discovered: 0
[46.259s][debug  ][gc,phases,ref  ] GC(22)     Cleared: 0
[46.259s][debug  ][gc,phases,ref  ] GC(22)   WeakReference:
[46.260s][debug  ][gc,phases,ref  ] GC(22)     Discovered: 0
[46.260s][debug  ][gc,phases,ref  ] GC(22)     Cleared: 0
[46.260s][debug  ][gc,phases,ref  ] GC(22)   FinalReference:
[46.260s][debug  ][gc,phases,ref  ] GC(22)     Discovered: 0
[46.260s][debug  ][gc,phases,ref  ] GC(22)     Cleared: 0
[46.260s][debug  ][gc,phases,ref  ] GC(22)   PhantomReference:
[46.260s][debug  ][gc,phases,ref  ] GC(22)     Discovered: 0
[46.260s][debug  ][gc,phases,ref  ] GC(22)     Cleared: 0
[46.260s][debug  ][gc,phases      ] GC(22) Reference Processing 0.676ms
[46.260s][debug  ][gc,phases,start] GC(22) Weak Processing
[46.260s][debug  ][gc,phases      ] GC(22)   VM Weak                        Min:  0.0, Avg:  0.0, Max:  0.0, Diff:  0.0, Sum:  0.0, Workers: 6
[46.260s][debug  ][gc,phases      ] GC(22)     Dead                           Min: 0, Avg:  0.0, Max: 0, Diff: 0, Sum: 0, Workers: 6
[46.260s][debug  ][gc,phases      ] GC(22)     Total                          Min: 0, Avg:  1.3, Max: 8, Diff: 8, Sum: 8, Workers: 6
[46.260s][debug  ][gc,phases      ] GC(22)   ObjectSynchronizer Weak        Min:  0.0, Avg:  0.0, Max:  0.0, Diff:  0.0, Sum:  0.0, Workers: 6
[46.260s][debug  ][gc,phases      ] GC(22)     Dead                           Min: 0, Avg:  0.0, Max: 0, Diff: 0, Sum: 0, Workers: 6
[46.260s][debug  ][gc,phases      ] GC(22)     Total                          Min: 0, Avg:  0.5, Max: 3, Diff: 3, Sum: 3, Workers: 6
[46.260s][debug  ][gc,phases      ] GC(22)   JVMTI Tag Weak OopStorage      Min:  0.0, Avg:  0.0, Max:  0.0, Diff:  0.0, Sum:  0.0, Workers: 6
[46.260s][debug  ][gc,phases      ] GC(22)     Dead                           Min: 0, Avg:  0.0, Max: 0, Diff: 0, Sum: 0, Workers: 6
[46.260s][debug  ][gc,phases      ] GC(22)     Total                          Min: 0, Avg:  0.0, Max: 0, Diff: 0, Sum: 0, Workers: 6
[46.260s][debug  ][gc,phases      ] GC(22)   StringTable Weak               Min:  0.0, Avg:  0.0, Max:  0.0, Diff:  0.0, Sum:  0.1, Workers: 6
[46.260s][debug  ][gc,phases      ] GC(22)     Dead                           Min: 0, Avg:  0.0, Max: 0, Diff: 0, Sum: 0, Workers: 6
[46.260s][debug  ][gc,phases      ] GC(22)     Total                          Min: 747, Avg: 892.5, Max: 1088, Diff: 341, Sum: 5355, Workers: 6
[46.260s][debug  ][gc,phases      ] GC(22)   ResolvedMethodTable Weak       Min:  0.0, Avg:  0.0, Max:  0.0, Diff:  0.0, Sum:  0.0, Workers: 6
[46.260s][debug  ][gc,phases      ] GC(22)     Dead                           Min: 0, Avg:  0.0, Max: 0, Diff: 0, Sum: 0, Workers: 6
[46.260s][debug  ][gc,phases      ] GC(22)     Total                          Min: 0, Avg: 21.7, Max: 64, Diff: 64, Sum: 130, Workers: 6
[46.260s][debug  ][gc,phases      ] GC(22)   JNI Weak                       Min:  0.0, Avg:  0.0, Max:  0.0, Diff:  0.0, Sum:  0.0, Workers: 6
[46.260s][debug  ][gc,phases      ] GC(22)     Dead                           Min: 0, Avg:  0.0, Max: 0, Diff: 0, Sum: 0, Workers: 6
[46.260s][debug  ][gc,phases      ] GC(22)     Total                          Min: 0, Avg:  0.0, Max: 0, Diff: 0, Sum: 0, Workers: 6
[46.260s][debug  ][gc,phases      ] GC(22)   StringDedup Table Weak         Min:  0.0, Avg:  0.0, Max:  0.0, Diff:  0.0, Sum:  0.0, Workers: 6
[46.260s][debug  ][gc,phases      ] GC(22)     Dead                           Min: 0, Avg:  0.0, Max: 0, Diff: 0, Sum: 0, Workers: 6
[46.260s][debug  ][gc,phases      ] GC(22)     Total                          Min: 0, Avg:  0.0, Max: 0, Diff: 0, Sum: 0, Workers: 6
[46.260s][debug  ][gc,phases      ] GC(22)   StringDedup Requests0 Weak     Min:  0.0, Avg:  0.0, Max:  0.0, Diff:  0.0, Sum:  0.0, Workers: 6
[46.260s][debug  ][gc,phases      ] GC(22)     Dead                           Min: 0, Avg:  0.0, Max: 0, Diff: 0, Sum: 0, Workers: 6
[46.260s][debug  ][gc,phases      ] GC(22)     Total                          Min: 0, Avg:  0.0, Max: 0, Diff: 0, Sum: 0, Workers: 6
[46.260s][debug  ][gc,phases      ] GC(22)   StringDedup Requests1 Weak     Min:  0.0, Avg:  0.0, Max:  0.0, Diff:  0.0, Sum:  0.0, Workers: 6
[46.260s][debug  ][gc,phases      ] GC(22)     Dead                           Min: 0, Avg:  0.0, Max: 0, Diff: 0, Sum: 0, Workers: 6
[46.260s][debug  ][gc,phases      ] GC(22)     Total                          Min: 0, Avg:  0.0, Max: 0, Diff: 0, Sum: 0, Workers: 6
[46.261s][debug  ][gc,phases      ] GC(22)   Weak JFR Old Object Samples    Min:  0.0, Avg:  0.0, Max:  0.0, Diff:  0.0, Sum:  0.0, Workers: 6
[46.261s][debug  ][gc,phases      ] GC(22)     Dead                           Min: 0, Avg:  0.0, Max: 0, Diff: 0, Sum: 0, Workers: 6
[46.261s][debug  ][gc,phases      ] GC(22)     Total                          Min: 0, Avg:  0.0, Max: 0, Diff: 0, Sum: 0, Workers: 6
[46.261s][debug  ][gc,phases      ] GC(22) Weak Processing 0.915ms
[46.261s][debug  ][gc,ergo        ] GC(22) AdaptiveSizeStart:  collection: 23 
[46.261s][debug  ][gc,ergo        ] GC(22) avg_survived_padded_avg: 100789088.000000
[46.261s][debug  ][gc,ergo        ] GC(22) avg_promoted_padded_avg: 33720956.000000  avg_pretenured_padded_avg: 0.000000  tenuring_thresh: 1  target_size: 67108864
[46.261s][debug  ][gc,age         ] GC(22) Desired survivor size 67108864 bytes, new threshold 1 (max threshold 15)
[46.261s][debug  ][gc,ergo        ] GC(22) PSAdaptiveSizePolicy::compute_eden_space_size: costs minor_time: 0.003136 major_cost: 0.000000 mutator_cost: 0.996864 throughput_goal: 0.990000
[46.261s][debug  ][gc,ergo        ] GC(22) Live_space: 310045312 free_space: 265289728
[46.261s][debug  ][gc,ergo        ] GC(22) Old eden_size: 131072000 desired_eden_size: 131072000
[46.261s][debug  ][gc,ergo        ] GC(22) AdaptiveSizeStop: collection: 23 
[46.261s][info   ][gc,heap        ] GC(22) PSYoungGen: 195125K(196608K)->9216K(196608K) Eden: 130612K(131072K)->0K(131072K) From: 64512K(65536K)->9216K(65536K)
[46.261s][info   ][gc,heap        ] GC(22) ParOldGen: 145099K(786432K)->145099K(786432K)
[46.261s][info   ][gc,metaspace   ] GC(22) Metaspace: 1027K(1216K)->1027K(1216K) NonClass: 944K(1024K)->944K(1024K) Class: 83K(192K)->83K(192K)
[46.261s][info   ][gc             ] GC(22) Pause Young (Allocation Failure) 332M->150M(960M) 3.051ms
[46.261s][info   ][gc,cpu         ] GC(22) User=0.00s Sys=0.00s Real=0.00s
[46.261s][debug  ][gc,heap        ] GC(22) Heap after GC invocations=23 (full 0):
[46.261s][debug  ][gc,heap        ] GC(22)  PSYoungGen      total 196608K, used 9216K [0x00000000f0000000, 0x0000000100000000, 0x0000000100000000)
[46.261s][debug  ][gc,heap        ] GC(22)   eden space 131072K, 0% used [0x00000000f0000000,0x00000000f0000000,0x00000000f8000000)
[46.261s][debug  ][gc,heap        ] GC(22)   from space 65536K, 14% used [0x00000000f8000000,0x00000000f8900090,0x00000000fc000000)
[46.261s][debug  ][gc,heap        ] GC(22)   to   space 65536K, 0% used [0x00000000fc000000,0x00000000fc000000,0x0000000100000000)
[46.261s][debug  ][gc,heap        ] GC(22)  ParOldGen       total 786432K, used 145099K [0x00000000c0000000, 0x00000000f0000000, 0x00000000f0000000)
[46.261s][debug  ][gc,heap        ] GC(22)   object space 786432K, 18% used [0x00000000c0000000,0x00000000c8db2c70,0x00000000f0000000)
[46.261s][debug  ][gc,heap        ] GC(22)  Metaspace       used 1027K, committed 1216K, reserved 1056768K
[46.261s][debug  ][gc,heap        ] GC(22)   class space    used 83K, committed 192K, reserved 1048576K
[46.261s][debug  ][gc,task,time   ] GC(22) VM-Thread 462576691 462590096 462613651
[47.704s][info   ][gc,heap,exit   ] Heap
[47.704s][info   ][gc,heap,exit   ]  PSYoungGen      total 196608K, used 106896K [0x00000000f0000000, 0x0000000100000000, 0x0000000100000000)
[47.704s][info   ][gc,heap,exit   ]   eden space 131072K, 74% used [0x00000000f0000000,0x00000000f5f64068,0x00000000f8000000)
[47.705s][info   ][gc,heap,exit   ]   from space 65536K, 14% used [0x00000000f8000000,0x00000000f8900090,0x00000000fc000000)
[47.705s][info   ][gc,heap,exit   ]   to   space 65536K, 0% used [0x00000000fc000000,0x00000000fc000000,0x0000000100000000)
[47.705s][info   ][gc,heap,exit   ]  ParOldGen       total 786432K, used 145099K [0x00000000c0000000, 0x00000000f0000000, 0x00000000f0000000)
[47.705s][info   ][gc,heap,exit   ]   object space 786432K, 18% used [0x00000000c0000000,0x00000000c8db2c70,0x00000000f0000000)
[47.705s][info   ][gc,heap,exit   ]  Metaspace       used 1075K, committed 1216K, reserved 1056768K
[47.705s][info   ][gc,heap,exit   ]   class space    used 87K, committed 192K, reserved 1048576K
[47.705s][debug  ][gc,ergo        ] UseAdaptiveSizePolicy actions to meet  *** reduced footprint ***
[47.705s][debug  ][gc,ergo        ]                        GC overhead (%)
[47.705s][debug  ][gc,ergo        ]     Young generation:        0.31	  (attempted to shrink)
[47.705s][debug  ][gc,ergo        ]     Tenured generation:      0.00	  (attempted to shrink)
[47.705s][debug  ][gc,ergo        ] Tenuring threshold: (attempted to decrease to avoid survivor space overflow) = 1
[47.705s][debug  ][gc,heap,exit   ] Accumulated young generation GC time 0.1754304 secs
[47.705s][debug  ][gc,heap,exit   ] Accumulated old generation GC time 0.0000000 secs
